12-22 17:13:49.737  3342  3994 I cccccc  : getTaskSnapshotInstance:
12-22 17:13:49.746  3342  3651 I com.miui.home: CheckGCForNative adj_start_bytes: 33403851 NativeAllocationGcWatermark: 10635474 java_gc_start_bytes: 17450640 kNewNativeDiscountFactor: 2 kOldNativeDiscountFactor: 65536 old_native_bytes: 132516915 new_native_bytes: 1131008 add_bytes_allowed: 31906422 is_gc_concurrent: 1 target_footprint_: 17974928 GetBytesAllocated: 11236773 HeapGrowthMultiplier: 3
12-22 17:13:49.746  3342  3651 I com.miui.home: CheckGCForNative gc_urgency 0.353381 current_native_bytes is 133647923 starting_gc_num:26
12-22 17:13:49.893 10174 10174 I wm_on_create_called: [0,6328735,com.xunmeng.pinduoduo.ui.activity.MainFrameActivity,performCreate,117]
12-22 17:13:50.036 10174 10174 I wm_on_create_called: [0,52880295,com.xunmeng.pinduoduo.ui.activity.HomeActivity,performCreate,82]
12-22 17:13:50.043  3342  3406 D cccccc  : onTaskStackChangedBackground
12-22 17:13:50.045  3342  3404 D cccccc  : onTaskStackChangedBackground
12-22 17:13:50.059 10174 10174 I wm_on_start_called: [0,52880295,com.xunmeng.pinduoduo.ui.activity.HomeActivity,handleStartActivity,23]
12-22 17:13:50.071 10174 10174 I wm_on_resume_called: [0,52880295,com.xunmeng.pinduoduo.ui.activity.HomeActivity,RESUME_ACTIVITY,4]
12-22 17:13:50.122 10174 10174 I wm_on_top_resumed_gained_called: [52880295,com.xunmeng.pinduoduo.ui.activity.HomeActivity,topStateChangedWhenResumed]
12-22 17:13:50.256  3342  3994 E cccccc  : createTaskSnapshot:
12-22 17:13:50.256  3342  3994 I cccccc  : getTaskSnapshotInstance:
12-22 17:13:50.436  3342  3342 I wm_on_resume_called: [0,152413436,com.miui.home.launcher.Launcher,RESUME_ACTIVITY,20]
12-22 17:13:50.458  3342  3342 I wm_on_idle_called: com.miui.home.launcher.Launcher
12-22 17:13:50.475  3342  3994 I com.miui.home: CheckGCForNative adj_start_bytes: 33403851 NativeAllocationGcWatermark: 10635474 java_gc_start_bytes: 17450640 kNewNativeDiscountFactor: 2 kOldNativeDiscountFactor: 65536 old_native_bytes: 132516915 new_native_bytes: 1381780 add_bytes_allowed: 31906422 is_gc_concurrent: 1 target_footprint_: 17974928 GetBytesAllocated: 12915175 HeapGrowthMultiplier: 3
12-22 17:13:50.475  3342  3994 I com.miui.home: CheckGCForNative gc_urgency 0.40757 current_native_bytes is 133898695 starting_gc_num:26
12-22 17:13:50.553  3342  3404 I com.miui.home: CheckGCForNative adj_start_bytes: 33403851 NativeAllocationGcWatermark: 10635474 java_gc_start_bytes: 17450640 kNewNativeDiscountFactor: 2 kOldNativeDiscountFactor: 65536 old_native_bytes: 132516915 new_native_bytes: 12260316 add_bytes_allowed: 31906422 is_gc_concurrent: 1 target_footprint_: 17974928 GetBytesAllocated: 13457896 HeapGrowthMultiplier: 3
12-22 17:13:50.553  3342  3404 I com.miui.home: CheckGCForNative gc_urgency 0.586462 current_native_bytes is 144777231 starting_gc_num:26
12-22 17:13:50.554  3342  3404 I cccccc  : createTaskSnapshotCompat:
12-22 17:13:50.560  3342  3404 I com.miui.home: CheckGCForNative adj_start_bytes: 33403851 NativeAllocationGcWatermark: 10635474 java_gc_start_bytes: 17450640 kNewNativeDiscountFactor: 2 kOldNativeDiscountFactor: 65536 old_native_bytes: 132516915 new_native_bytes: 22967260 add_bytes_allowed: 31906422 is_gc_concurrent: 1 target_footprint_: 17974928 GetBytesAllocated: 13479479 HeapGrowthMultiplier: 3
12-22 17:13:50.560  3342  3404 I com.miui.home: CheckGCForNative gc_urgency 0.747373 current_native_bytes is 155484175 starting_gc_num:26
12-22 17:13:50.627 10174 10174 I wm_on_top_resumed_lost_called: [52880295,com.xunmeng.pinduoduo.ui.activity.HomeActivity,topStateChangedWhenResumed]
12-22 17:13:50.638 10328 10328 I wm_on_application_create_called: [0,com.xiaomi.mi_connect_service,372]
12-22 17:13:50.652  3342  3342 I wm_on_top_resumed_gained_called: [152413436,com.miui.home.launcher.Launcher,topStateChangedWhenResumed]
12-22 17:13:50.682  3342  3994 E cccccc  : createTaskSnapshot:
12-22 17:13:50.682  3342  3994 I cccccc  : getTaskSnapshotInstance:
12-22 17:13:50.699  3342  3994 I com.miui.home: CheckGCForNative adj_start_bytes: 33403851 NativeAllocationGcWatermark: 10635474 java_gc_start_bytes: 17450640 kNewNativeDiscountFactor: 2 kOldNativeDiscountFactor: 65536 old_native_bytes: 132516915 new_native_bytes: 22921548 add_bytes_allowed: 31906422 is_gc_concurrent: 1 target_footprint_: 17974928 GetBytesAllocated: 13976232 HeapGrowthMultiplier: 3
12-22 17:13:50.699  3342  3994 I com.miui.home: CheckGCForNative gc_urgency 0.76156 current_native_bytes is 155438463 starting_gc_num:26
12-22 17:13:50.791  3342  3651 I com.miui.home: CheckGCForNative adj_start_bytes: 33403851 NativeAllocationGcWatermark: 10635474 java_gc_start_bytes: 17450640 kNewNativeDiscountFactor: 2 kOldNativeDiscountFactor: 65536 old_native_bytes: 132516915 new_native_bytes: 12223884 add_bytes_allowed: 31906422 is_gc_concurrent: 1 target_footprint_: 17974928 GetBytesAllocated: 14104997 HeapGrowthMultiplier: 3
12-22 17:13:50.791  3342  3651 I com.miui.home: CheckGCForNative gc_urgency 0.605288 current_native_bytes is 144740799 starting_gc_num:26
12-22 17:13:50.873  3342  3342 I com.miui.home: CheckGCForNative adj_start_bytes: 33403851 NativeAllocationGcWatermark: 10635474 java_gc_start_bytes: 17450640 kNewNativeDiscountFactor: 2 kOldNativeDiscountFactor: 65536 old_native_bytes: 132516915 new_native_bytes: 12235276 add_bytes_allowed: 31906422 is_gc_concurrent: 1 target_footprint_: 17974928 GetBytesAllocated: 14135675 HeapGrowthMultiplier: 3
12-22 17:13:50.873  3342  3342 I com.miui.home: CheckGCForNative gc_urgency 0.606377 current_native_bytes is 144752191 starting_gc_num:26
12-22 17:13:51.055  3342  3649 I com.miui.home: CheckGCForNative adj_start_bytes: 33403851 NativeAllocationGcWatermark: 10635474 java_gc_start_bytes: 17450640 kNewNativeDiscountFactor: 2 kOldNativeDiscountFactor: 65536 old_native_bytes: 132516915 new_native_bytes: 22897356 add_bytes_allowed: 31906422 is_gc_concurrent: 1 target_footprint_: 17974928 GetBytesAllocated: 14220642 HeapGrowthMultiplier: 3
12-22 17:13:51.055  3342  3649 I com.miui.home: CheckGCForNative gc_urgency 0.768514 current_native_bytes is 155414271 starting_gc_num:26
12-22 17:13:51.055  3342  3649 I cccccc  : createTaskSnapshotCompat:
12-22 17:13:51.060  3342  3649 I com.miui.home: CheckGCForNative adj_start_bytes: 33403851 NativeAllocationGcWatermark: 10635474 java_gc_start_bytes: 17450640 kNewNativeDiscountFactor: 2 kOldNativeDiscountFactor: 65536 old_native_bytes: 132516915 new_native_bytes: 33561484 add_bytes_allowed: 31906422 is_gc_concurrent: 1 target_footprint_: 17974928 GetBytesAllocated: 14237836 HeapGrowthMultiplier: 3
12-22 17:13:51.060  3342  3649 I com.miui.home: CheckGCForNative gc_urgency 0.928653 current_native_bytes is 166078399 starting_gc_num:26
12-22 17:13:51.077 10174 10174 I wm_on_paused_called: [0,52880295,com.xunmeng.pinduoduo.ui.activity.HomeActivity,performPause,6]
12-22 17:13:51.197  3342  4299 D cccccc  : onTaskStackChangedBackground
12-22 17:13:51.210  3342  4299 D cccccc  : onTaskStackChangedBackground
12-22 17:13:51.407 10174 10174 I wm_on_destroy_called: [0,6328735,com.xunmeng.pinduoduo.ui.activity.MainFrameActivity,performDestroy,5]
12-22 17:13:51.461  3342  3994 I com.miui.home: CheckGCForNative adj_start_bytes: 33403851 NativeAllocationGcWatermark: 10635474 java_gc_start_bytes: 17450640 kNewNativeDiscountFactor: 2 kOldNativeDiscountFactor: 65536 old_native_bytes: 132516915 new_native_bytes: 23204656 add_bytes_allowed: 31906422 is_gc_concurrent: 1 target_footprint_: 17974928 GetBytesAllocated: 14682553 HeapGrowthMultiplier: 3
12-22 17:13:51.461  3342  3994 I com.miui.home: CheckGCForNative gc_urgency 0.786942 current_native_bytes is 155721571 starting_gc_num:26
12-22 17:13:51.508  3342  3342 I wm_on_top_resumed_lost_called: [152413436,com.miui.home.launcher.Launcher,topStateChangedWhenResumed]
12-22 17:13:51.515  3342  3342 I wm_on_paused_called: [0,152413436,com.miui.home.launcher.Launcher,performPause,2]
12-22 17:13:51.516 10174 10174 I wm_on_idle_called: com.xunmeng.pinduoduo.ui.activity.HomeActivity
12-22 17:13:51.604  3342  3406 D cccccc  : onTaskStackChangedBackground
12-22 17:13:51.605  3342  3406 D cccccc  : onTaskStackChangedBackground
12-22 17:13:51.678  3342  4299 D cccccc  : onTaskStackChangedBackground
12-22 17:13:51.688  3342  4299 D cccccc  : onTaskStackChangedBackground
12-22 17:13:51.715  3342  3994 E cccccc  : createTaskSnapshot:
12-22 17:13:51.715  3342  3994 I cccccc  : getTaskSnapshotInstance:
12-22 17:13:51.770  3342  3994 I com.miui.home: CheckGCForNative adj_start_bytes: 33403851 NativeAllocationGcWatermark: 10635474 java_gc_start_bytes: 17450640 kNewNativeDiscountFactor: 2 kOldNativeDiscountFactor: 65536 old_native_bytes: 132516915 new_native_bytes: 33975848 add_bytes_allowed: 31906422 is_gc_concurrent: 1 target_footprint_: 17974928 GetBytesAllocated: 15169930 HeapGrowthMultiplier: 3
12-22 17:13:51.770  3342  3994 I com.miui.home: CheckGCForNative gc_urgency 0.962759 current_native_bytes is 166492763 starting_gc_num:26
12-22 17:13:52.035  3342  3651 I com.miui.home: CheckGCForNative adj_start_bytes: 33403851 NativeAllocationGcWatermark: 10635474 java_gc_start_bytes: 17450640 kNewNativeDiscountFactor: 2 kOldNativeDiscountFactor: 65536 old_native_bytes: 132516915 new_native_bytes: 23431072 add_bytes_allowed: 31906422 is_gc_concurrent: 1 target_footprint_: 17974928 GetBytesAllocated: 15615653 HeapGrowthMultiplier: 3
12-22 17:13:52.035  3342  3651 I com.miui.home: CheckGCForNative gc_urgency 0.818265 current_native_bytes is 155947987 starting_gc_num:26
12-22 17:13:52.146  3342  3651 I com.miui.home: CheckGCForNative adj_start_bytes: 33403851 NativeAllocationGcWatermark: 10635474 java_gc_start_bytes: 17450640 kNewNativeDiscountFactor: 2 kOldNativeDiscountFactor: 65536 old_native_bytes: 132516915 new_native_bytes: 23299860 add_bytes_allowed: 31906422 is_gc_concurrent: 1 target_footprint_: 17974928 GetBytesAllocated: 15716328 HeapGrowthMultiplier: 3
12-22 17:13:52.147  3342  3651 I com.miui.home: CheckGCForNative gc_urgency 0.819315 current_native_bytes is 155816775 starting_gc_num:26
12-22 17:13:52.313  3342  3651 I com.miui.home: CheckGCForNative adj_start_bytes: 33403851 NativeAllocationGcWatermark: 10635474 java_gc_start_bytes: 17450640 kNewNativeDiscountFactor: 2 kOldNativeDiscountFactor: 65536 old_native_bytes: 132516915 new_native_bytes: 23428988 add_bytes_allowed: 31906422 is_gc_concurrent: 1 target_footprint_: 17974928 GetBytesAllocated: 15960400 HeapGrowthMultiplier: 3
12-22 17:13:52.313  3342  3651 I com.miui.home: CheckGCForNative gc_urgency 0.828555 current_native_bytes is 155945903 starting_gc_num:26
12-22 17:13:52.439  3342  3994 E cccccc  : createTaskSnapshot:
12-22 17:13:52.440  3342  3994 I cccccc  : getTaskSnapshotInstance:
12-22 17:13:52.965  3342  3342 I wm_on_resume_called: [0,152413436,com.miui.home.launcher.Launcher,RESUME_ACTIVITY,18]
12-22 17:13:53.071  3342  3342 I wm_on_idle_called: com.miui.home.launcher.Launcher
12-22 17:13:53.280  3342  9915 I com.miui.home: CheckGCForNative adj_start_bytes: 33403851 NativeAllocationGcWatermark: 10635474 java_gc_start_bytes: 17450640 kNewNativeDiscountFactor: 2 kOldNativeDiscountFactor: 65536 old_native_bytes: 132516915 new_native_bytes: 33799476 add_bytes_allowed: 31906422 is_gc_concurrent: 1 target_footprint_: 17974928 GetBytesAllocated: 17762994 HeapGrowthMultiplier: 3
12-22 17:13:53.280  3342  9915 I com.miui.home: CheckGCForNative gc_urgency 1.03775 current_native_bytes is 166316391 starting_gc_num:26
12-22 17:13:53.280  3342  9915 I com.miui.home: CheckGCForNative requested 1
12-22 17:13:53.282  3342  9915 I cccccc  : createTaskSnapshotCompat:
12-22 17:13:53.283  3342  9915 I com.miui.home: CheckGCForNative adj_start_bytes: 33403851 NativeAllocationGcWatermark: 10635474 java_gc_start_bytes: 17450640 kNewNativeDiscountFactor: 2 kOldNativeDiscountFactor: 65536 old_native_bytes: 132516915 new_native_bytes: 44506420 add_bytes_allowed: 31906422 is_gc_concurrent: 1 target_footprint_: 17974928 GetBytesAllocated: 17770239 HeapGrowthMultiplier: 3
12-22 17:13:53.283  3342  9915 I com.miui.home: CheckGCForNative gc_urgency 1.19823 current_native_bytes is 177023335 starting_gc_num:26
12-22 17:13:53.283  3342  9915 I com.miui.home: CheckGCForNative requested 1
12-22 17:13:53.435 10559 10559 I wm_on_application_create_called: [0,com.tencent.qqlive,292]
12-22 17:13:53.440  3342  3342 I wm_on_top_resumed_gained_called: [152413436,com.miui.home.launcher.Launcher,topStateChangedWhenResumed]
12-22 17:13:53.447  3342  3651 I com.miui.home: CheckGCForNative adj_start_bytes: 33403851 NativeAllocationGcWatermark: 10635474 java_gc_start_bytes: 17450640 kNewNativeDiscountFactor: 2 kOldNativeDiscountFactor: 65536 old_native_bytes: 132516915 new_native_bytes: 33872836 add_bytes_allowed: 31906422 is_gc_concurrent: 1 target_footprint_: 17974928 GetBytesAllocated: 17872185 HeapGrowthMultiplier: 3
12-22 17:13:53.447  3342  3651 I com.miui.home: CheckGCForNative gc_urgency 1.04211 current_native_bytes is 166389751 starting_gc_num:26
12-22 17:13:53.447  3342  3651 I com.miui.home: CheckGCForNative requested 1
12-22 17:13:53.480  3342  3651 I com.miui.home: CheckGCForNative adj_start_bytes: 33403851 NativeAllocationGcWatermark: 10635474 java_gc_start_bytes: 17450640 kNewNativeDiscountFactor: 2 kOldNativeDiscountFactor: 65536 old_native_bytes: 132516915 new_native_bytes: 33874756 add_bytes_allowed: 31906422 is_gc_concurrent: 1 target_footprint_: 17974928 GetBytesAllocated: 17183744 HeapGrowthMultiplier: 3
12-22 17:13:53.480  3342  3651 I com.miui.home: CheckGCForNative gc_urgency 1.02153 current_native_bytes is 166391671 starting_gc_num:26
12-22 17:13:53.480  3342  3651 I com.miui.home: CheckGCForNative requested 1
12-22 17:13:53.581 10174 10174 I wm_on_stop_called: [0,52880295,com.xunmeng.pinduoduo.ui.activity.HomeActivity,STOP_ACTIVITY_ITEM,68]
12-22 17:13:53.779  3342  3649 I com.miui.home: CheckGCForNative gc_urgency 0 current_native_bytes is 163747179 starting_gc_num:27
12-22 17:13:53.780  3342  3649 I cccccc  : createTaskSnapshotCompat:
12-22 17:13:53.791  3342  3649 I com.miui.home: CheckGCForNative adj_start_bytes: 33511309 NativeAllocationGcWatermark: 10635474 java_gc_start_bytes: 17558098 kNewNativeDiscountFactor: 2 kOldNativeDiscountFactor: 65536 old_native_bytes: 163747179 new_native_bytes: 10707456 add_bytes_allowed: 31906422 is_gc_concurrent: 1 target_footprint_: 17974928 GetBytesAllocated: 9619481 HeapGrowthMultiplier: 3
12-22 17:13:53.791  3342  3649 I com.miui.home: CheckGCForNative gc_urgency 0.446885 current_native_bytes is 174454635 starting_gc_num:27
12-22 17:13:54.178  3342  3342 I wm_on_top_resumed_lost_called: [152413436,com.miui.home.launcher.Launcher,topStateChangedWhenResumed]
12-22 17:13:54.182  3342  4299 D cccccc  : onTaskStackChangedBackground
12-22 17:13:54.185  3342  4299 D cccccc  : onTaskStackChangedBackground
12-22 17:13:54.348  3342  3342 I wm_on_paused_called: [0,152413436,com.miui.home.launcher.Launcher,performPause,2]
12-22 17:13:54.366  3342  3994 I com.miui.home: CheckGCForNative adj_start_bytes: 33511309 NativeAllocationGcWatermark: 10635474 java_gc_start_bytes: 17558098 kNewNativeDiscountFactor: 2 kOldNativeDiscountFactor: 65536 old_native_bytes: 163747179 new_native_bytes: 466992 add_bytes_allowed: 31906422 is_gc_concurrent: 1 target_footprint_: 17974928 GetBytesAllocated: 10306974 HeapGrowthMultiplier: 3
12-22 17:13:54.366  3342  3994 I com.miui.home: CheckGCForNative gc_urgency 0.314609 current_native_bytes is 164214171 starting_gc_num:27
12-22 17:13:54.476  3342  4299 D cccccc  : onTaskStackChangedBackground
12-22 17:13:54.478  3342  3406 D cccccc  : onTaskStackChangedBackground
12-22 17:13:54.646  3342  3651 I com.miui.home: CheckGCForNative adj_start_bytes: 33511309 NativeAllocationGcWatermark: 10635474 java_gc_start_bytes: 17558098 kNewNativeDiscountFactor: 2 kOldNativeDiscountFactor: 65536 old_native_bytes: 163747179 new_native_bytes: 977892 add_bytes_allowed: 31906422 is_gc_concurrent: 1 target_footprint_: 17974928 GetBytesAllocated: 10857276 HeapGrowthMultiplier: 3
12-22 17:13:54.646  3342  3651 I com.miui.home: CheckGCForNative gc_urgency 0.338653 current_native_bytes is 164725071 starting_gc_num:27
12-22 17:13:54.671  3342  3994 E cccccc  : createTaskSnapshot:
12-22 17:13:54.671  3342  3994 I cccccc  : getTaskSnapshotInstance:
12-22 17:13:54.672  3342  3994 E cccccc  : createTaskSnapshot:
12-22 17:13:54.672  3342  3994 I cccccc  : getTaskSnapshotInstance:
12-22 17:13:54.680  3342  3651 I com.miui.home: CheckGCForNative adj_start_bytes: 33511309 NativeAllocationGcWatermark: 10635474 java_gc_start_bytes: 17558098 kNewNativeDiscountFactor: 2 kOldNativeDiscountFactor: 65536 old_native_bytes: 163747179 new_native_bytes: 1124068 add_bytes_allowed: 31906422 is_gc_concurrent: 1 target_footprint_: 17974928 GetBytesAllocated: 10918138 HeapGrowthMultiplier: 3
12-22 17:13:54.680  3342  3651 I com.miui.home: CheckGCForNative gc_urgency 0.342651 current_native_bytes is 164871247 starting_gc_num:27
12-22 17:13:54.680  3342  3994 I com.miui.home: CheckGCForNative adj_start_bytes: 33511309 NativeAllocationGcWatermark: 10635474 java_gc_start_bytes: 17558098 kNewNativeDiscountFactor: 2 kOldNativeDiscountFactor: 65536 old_native_bytes: 163747179 new_native_bytes: 11832036 add_bytes_allowed: 31906422 is_gc_concurrent: 1 target_footprint_: 17974928 GetBytesAllocated: 10918138 HeapGrowthMultiplier: 3
12-22 17:13:54.680  3342  3994 I com.miui.home: CheckGCForNative gc_urgency 0.502417 current_native_bytes is 175579215 starting_gc_num:27
12-22 17:13:54.690  6185  6185 I wm_on_create_called: [0,124555910,com.tencent.mobileqq.activity.SplashActivity,performCreate,157]
12-22 17:13:54.700  6185  6185 I wm_on_start_called: [0,124555910,com.tencent.mobileqq.activity.SplashActivity,handleStartActivity,7]
12-22 17:13:54.742  6185  6185 I wm_on_resume_called: [0,124555910,com.tencent.mobileqq.activity.SplashActivity,RESUME_ACTIVITY,40]
12-22 17:13:54.865  6185  6185 I wm_on_top_resumed_gained_called: [124555910,com.tencent.mobileqq.activity.SplashActivity,topStateChangedWhenResumed]
12-22 17:13:54.957  3342  3651 I com.miui.home: CheckGCForNative adj_start_bytes: 33511309 NativeAllocationGcWatermark: 10635474 java_gc_start_bytes: 17558098 kNewNativeDiscountFactor: 2 kOldNativeDiscountFactor: 65536 old_native_bytes: 163747179 new_native_bytes: 1241480 add_bytes_allowed: 31906422 is_gc_concurrent: 1 target_footprint_: 17974928 GetBytesAllocated: 11484443 HeapGrowthMultiplier: 3
12-22 17:13:54.957  3342  3651 I com.miui.home: CheckGCForNative gc_urgency 0.361301 current_native_bytes is 164988659 starting_gc_num:27
12-22 17:13:55.068  3342  3994 E cccccc  : createTaskSnapshot:
12-22 17:13:55.068  3342  3994 I cccccc  : getTaskSnapshotInstance:
12-22 17:13:55.175 10559 10559 I wm_on_create_called: [0,91271071,com.tencent.qqlive.ona.activity.SplashHomeActivity,performCreate,616]
12-22 17:13:55.302  6185  6185 I wm_on_idle_called: com.tencent.mobileqq.activity.SplashActivity
12-22 17:13:55.427  3342  3342 I wm_on_stop_called: [0,152413436,com.miui.home.launcher.Launcher,STOP_ACTIVITY_ITEM,10]
12-22 17:13:55.555 10559 10559 I wm_on_start_called: [0,91271071,com.tencent.qqlive.ona.activity.SplashHomeActivity,handleStartActivity,374]
12-22 17:13:55.569  6185  6185 I wm_on_top_resumed_lost_called: [124555910,com.tencent.mobileqq.activity.SplashActivity,topStateChangedWhenResumed]
12-22 17:13:55.580  6185  6185 I wm_on_paused_called: [0,124555910,com.tencent.mobileqq.activity.SplashActivity,performPause,2]
12-22 17:13:55.689  6185  6185 I wm_on_create_called: [0,251103461,com.tencent.mobileqq.activity.LoginActivity,performCreate,52]
12-22 17:13:55.735  6185  6185 I wm_on_start_called: [0,251103461,com.tencent.mobileqq.activity.LoginActivity,handleStartActivity,45]
12-22 17:13:55.746  6185  6185 I wm_on_resume_called: [0,251103461,com.tencent.mobileqq.activity.LoginActivity,RESUME_ACTIVITY,9]
12-22 17:13:55.748  3342  3342 I wm_on_restart_called: [0,152413436,com.miui.home.launcher.Launcher,,0]
12-22 17:13:55.750  3342  3342 I wm_on_start_called: [0,152413436,com.miui.home.launcher.Launcher,handleStartActivity,1]
12-22 17:13:55.767  6185  6185 I wm_on_top_resumed_gained_called: [251103461,com.tencent.mobileqq.activity.LoginActivity,topStateChangedWhenResumed]
12-22 17:13:55.770  3342  3342 I wm_on_resume_called: [0,152413436,com.miui.home.launcher.Launcher,RESUME_ACTIVITY,18]
12-22 17:13:55.815  3342  4299 D cccccc  : onTaskStackChangedBackground
12-22 17:13:55.845  3342  4431 D cccccc  : onTaskStackChangedBackground
12-22 17:13:55.928  3342  3342 I wm_on_idle_called: com.miui.home.launcher.Launcher
12-22 17:13:56.003  6185  6185 I wm_on_top_resumed_lost_called: [251103461,com.tencent.mobileqq.activity.LoginActivity,topStateChangedWhenResumed]
12-22 17:13:56.007  3342  3342 I wm_on_top_resumed_gained_called: [152413436,com.miui.home.launcher.Launcher,topStateChangedWhenResumed]
12-22 17:13:56.033  6185  6185 I wm_on_idle_called: com.tencent.mobileqq.activity.LoginActivity
12-22 17:13:56.313  3342  3406 I com.miui.home: CheckGCForNative adj_start_bytes: 33511309 NativeAllocationGcWatermark: 10635474 java_gc_start_bytes: 17558098 kNewNativeDiscountFactor: 2 kOldNativeDiscountFactor: 65536 old_native_bytes: 163747179 new_native_bytes: 12059424 add_bytes_allowed: 31906422 is_gc_concurrent: 1 target_footprint_: 17974928 GetBytesAllocated: 13292352 HeapGrowthMultiplier: 3
12-22 17:13:56.313  3342  3406 I com.miui.home: CheckGCForNative gc_urgency 0.576658 current_native_bytes is 175806603 starting_gc_num:27
12-22 17:13:56.316  3342  3406 I cccccc  : createTaskSnapshotCompat:
12-22 17:13:56.323  3342  3406 I com.miui.home: CheckGCForNative adj_start_bytes: 33511309 NativeAllocationGcWatermark: 10635474 java_gc_start_bytes: 17558098 kNewNativeDiscountFactor: 2 kOldNativeDiscountFactor: 65536 old_native_bytes: 163747179 new_native_bytes: 22764320 add_bytes_allowed: 31906422 is_gc_concurrent: 1 target_footprint_: 17974928 GetBytesAllocated: 13343497 HeapGrowthMultiplier: 3
12-22 17:13:56.323  3342  3406 I com.miui.home: CheckGCForNative gc_urgency 0.737905 current_native_bytes is 186511499 starting_gc_num:27
12-22 17:13:56.358  3342  3651 I com.miui.home: CheckGCForNative adj_start_bytes: 33511309 NativeAllocationGcWatermark: 10635474 java_gc_start_bytes: 17558098 kNewNativeDiscountFactor: 2 kOldNativeDiscountFactor: 65536 old_native_bytes: 163747179 new_native_bytes: 12111136 add_bytes_allowed: 31906422 is_gc_concurrent: 1 target_footprint_: 17974928 GetBytesAllocated: 13404729 HeapGrowthMultiplier: 3
12-22 17:13:56.358  3342  3651 I com.miui.home: CheckGCForNative gc_urgency 0.580783 current_native_bytes is 175858315 starting_gc_num:27
12-22 17:13:56.446  3342  3651 I com.miui.home: CheckGCForNative adj_start_bytes: 33511309 NativeAllocationGcWatermark: 10635474 java_gc_start_bytes: 17558098 kNewNativeDiscountFactor: 2 kOldNativeDiscountFactor: 65536 old_native_bytes: 163747179 new_native_bytes: 12321140 add_bytes_allowed: 31906422 is_gc_concurrent: 1 target_footprint_: 17974928 GetBytesAllocated: 13681272 HeapGrowthMultiplier: 3
12-22 17:13:56.447  3342  3651 I com.miui.home: CheckGCForNative gc_urgency 0.592168 current_native_bytes is 176068319 starting_gc_num:27
12-22 17:13:56.597  3342  3994 E cccccc  : createTaskSnapshot:
12-22 17:13:56.597  3342  3994 I cccccc  : getTaskSnapshotInstance:
12-22 17:13:56.598  3342  3994 I com.miui.home: CheckGCForNative adj_start_bytes: 33511309 NativeAllocationGcWatermark: 10635474 java_gc_start_bytes: 17558098 kNewNativeDiscountFactor: 2 kOldNativeDiscountFactor: 65536 old_native_bytes: 163747179 new_native_bytes: 23186996 add_bytes_allowed: 31906422 is_gc_concurrent: 1 target_footprint_: 17974928 GetBytesAllocated: 13973382 HeapGrowthMultiplier: 3
12-22 17:13:56.598  3342  3994 I com.miui.home: CheckGCForNative gc_urgency 0.763007 current_native_bytes is 186934175 starting_gc_num:27
12-22 17:13:56.780  3342  3651 I com.miui.home: CheckGCForNative adj_start_bytes: 33511309 NativeAllocationGcWatermark: 10635474 java_gc_start_bytes: 17558098 kNewNativeDiscountFactor: 2 kOldNativeDiscountFactor: 65536 old_native_bytes: 163747179 new_native_bytes: 12471740 add_bytes_allowed: 31906422 is_gc_concurrent: 1 target_footprint_: 17974928 GetBytesAllocated: 14327841 HeapGrowthMultiplier: 3
12-22 17:13:56.780  3342  3651 I com.miui.home: CheckGCForNative gc_urgency 0.61371 current_native_bytes is 176218919 starting_gc_num:27
12-22 17:13:56.801  3342  3649 I com.miui.home: CheckGCForNative adj_start_bytes: 33511309 NativeAllocationGcWatermark: 10635474 java_gc_start_bytes: 17558098 kNewNativeDiscountFactor: 2 kOldNativeDiscountFactor: 65536 old_native_bytes: 163747179 new_native_bytes: 23108380 add_bytes_allowed: 31906422 is_gc_concurrent: 1 target_footprint_: 17974928 GetBytesAllocated: 14348661 HeapGrowthMultiplier: 3
12-22 17:13:56.801  3342  3649 I com.miui.home: CheckGCForNative gc_urgency 0.773033 current_native_bytes is 186855559 starting_gc_num:27
12-22 17:13:56.802  3342  3649 I cccccc  : createTaskSnapshotCompat:
12-22 17:13:56.821  3342  3649 I com.miui.home: CheckGCForNative adj_start_bytes: 33511309 NativeAllocationGcWatermark: 10635474 java_gc_start_bytes: 17558098 kNewNativeDiscountFactor: 2 kOldNativeDiscountFactor: 65536 old_native_bytes: 163747179 new_native_bytes: 33774684 add_bytes_allowed: 31906422 is_gc_concurrent: 1 target_footprint_: 17974928 GetBytesAllocated: 14375136 HeapGrowthMultiplier: 3
12-22 17:13:56.821  3342  3649 I com.miui.home: CheckGCForNative gc_urgency 0.932968 current_native_bytes is 197521863 starting_gc_num:27
12-22 17:13:56.828  6185  6185 I wm_on_paused_called: [0,251103461,com.tencent.mobileqq.activity.LoginActivity,performPause,11]
12-22 17:13:56.883  6185  6185 I wm_on_stop_called: [0,124555910,com.tencent.mobileqq.activity.SplashActivity,LIFECYCLER_STOP_ACTIVITY,2]
12-22 17:13:56.954  6185  6185 I wm_on_destroy_called: [0,124555910,com.tencent.mobileqq.activity.SplashActivity,performDestroy,71]
12-22 17:13:57.093  6185  6185 I wm_on_stop_called: [0,251103461,com.tencent.mobileqq.activity.LoginActivity,STOP_ACTIVITY_ITEM,29]
12-22 17:13:57.170  3342  4431 D cccccc  : onTaskStackChangedBackground
12-22 17:13:57.176  3342  4299 D cccccc  : onTaskStackChangedBackground
12-22 17:13:57.186 10559 10559 I wm_on_resume_called: [0,91271071,com.tencent.qqlive.ona.activity.SplashHomeActivity,RESUME_ACTIVITY,1377]
12-22 17:13:57.560  3342  3342 I wm_on_top_resumed_lost_called: [152413436,com.miui.home.launcher.Launcher,topStateChangedWhenResumed]
12-22 17:13:57.595  3342  3342 I wm_on_paused_called: [0,152413436,com.miui.home.launcher.Launcher,performPause,3]
12-22 17:13:57.808  3342  4005 D cccccc  : onTaskStackChangedBackground
12-22 17:13:57.808 10559 10559 I wm_on_top_resumed_gained_called: [91271071,com.tencent.qqlive.ona.activity.SplashHomeActivity,topStateChangedWhenResumed]
12-22 17:13:57.810  3342  4005 D cccccc  : onTaskStackChangedBackground
12-22 17:13:57.848  3342  8023 I com.miui.home: CheckGCForNative adj_start_bytes: 33511309 NativeAllocationGcWatermark: 10635474 java_gc_start_bytes: 17558098 kNewNativeDiscountFactor: 2 kOldNativeDiscountFactor: 65536 old_native_bytes: 163747179 new_native_bytes: 23802236 add_bytes_allowed: 31906422 is_gc_concurrent: 1 target_footprint_: 17974928 GetBytesAllocated: 15572734 HeapGrowthMultiplier: 3
12-22 17:13:57.848  3342  8023 I com.miui.home: CheckGCForNative gc_urgency 0.819913 current_native_bytes is 187549415 starting_gc_num:27
12-22 17:13:57.870  3342  3651 I com.miui.home: CheckGCForNative adj_start_bytes: 33511309 NativeAllocationGcWatermark: 10635474 java_gc_start_bytes: 17558098 kNewNativeDiscountFactor: 2 kOldNativeDiscountFactor: 65536 old_native_bytes: 163747179 new_native_bytes: 23856356 add_bytes_allowed: 31906422 is_gc_concurrent: 1 target_footprint_: 17974928 GetBytesAllocated: 15595356 HeapGrowthMultiplier: 3
12-22 17:13:57.870  3342  3651 I com.miui.home: CheckGCForNative gc_urgency 0.821395 current_native_bytes is 187603535 starting_gc_num:27
12-22 17:13:57.883 10559 10559 I wm_on_top_resumed_lost_called: [91271071,com.tencent.qqlive.ona.activity.SplashHomeActivity,topStateChangedWhenResumed]
12-22 17:13:57.930  3342  9915 D cccccc  : onTaskStackChangedBackground
12-22 17:13:57.936  3342  9915 D cccccc  : onTaskStackChangedBackground
12-22 17:13:57.974  3342  3994 E cccccc  : createTaskSnapshot:
12-22 17:13:57.975 10559 10559 I wm_on_paused_called: [0,91271071,com.tencent.qqlive.ona.activity.SplashHomeActivity,performPause,16]
12-22 17:13:57.975  3342  3994 I cccccc  : getTaskSnapshotInstance:
12-22 17:13:57.993  3342  3994 I com.miui.home: CheckGCForNative adj_start_bytes: 33511309 NativeAllocationGcWatermark: 10635474 java_gc_start_bytes: 17558098 kNewNativeDiscountFactor: 2 kOldNativeDiscountFactor: 65536 old_native_bytes: 163747179 new_native_bytes: 34612364 add_bytes_allowed: 31906422 is_gc_concurrent: 1 target_footprint_: 17974928 GetBytesAllocated: 15892995 HeapGrowthMultiplier: 3
12-22 17:13:57.993  3342  3994 I com.miui.home: CheckGCForNative gc_urgency 0.99076 current_native_bytes is 198359543 starting_gc_num:27
12-22 17:13:58.191  3342  3651 I com.miui.home: CheckGCForNative adj_start_bytes: 33511309 NativeAllocationGcWatermark: 10635474 java_gc_start_bytes: 17558098 kNewNativeDiscountFactor: 2 kOldNativeDiscountFactor: 65536 old_native_bytes: 163747179 new_native_bytes: 23918156 add_bytes_allowed: 31906422 is_gc_concurrent: 1 target_footprint_: 17974928 GetBytesAllocated: 16192390 HeapGrowthMultiplier: 3
12-22 17:13:58.191  3342  3651 I com.miui.home: CheckGCForNative gc_urgency 0.840133 current_native_bytes is 187665335 starting_gc_num:27
12-22 17:13:58.408 10559 10559 I wm_on_stop_called: [0,91271071,com.tencent.qqlive.ona.activity.SplashHomeActivity,STOP_ACTIVITY_ITEM,408]
12-22 17:13:58.595  3342  3994 E cccccc  : createTaskSnapshot:
12-22 17:13:58.595  3342  3994 I cccccc  : getTaskSnapshotInstance:
12-22 17:13:59.369  3342  3342 I wm_on_resume_called: [0,152413436,com.miui.home.launcher.Launcher,RESUME_ACTIVITY,18]
12-22 17:13:59.383  3342  3342 I com.miui.home: CheckGCForNative adj_start_bytes: 33511309 NativeAllocationGcWatermark: 10635474 java_gc_start_bytes: 17558098 kNewNativeDiscountFactor: 2 kOldNativeDiscountFactor: 65536 old_native_bytes: 163747179 new_native_bytes: 24069052 add_bytes_allowed: 31906422 is_gc_concurrent: 1 target_footprint_: 17974928 GetBytesAllocated: 17380020 HeapGrowthMultiplier: 3
12-22 17:13:59.383  3342  3342 I com.miui.home: CheckGCForNative gc_urgency 0.877824 current_native_bytes is 187816231 starting_gc_num:27
12-22 17:13:59.391  3342  3342 I wm_on_idle_called: com.miui.home.launcher.Launcher
12-22 17:13:59.741  3342  3342 I wm_on_top_resumed_gained_called: [152413436,com.miui.home.launcher.Launcher,topStateChangedWhenResumed]
12-22 17:13:59.804  3342  9915 I com.miui.home: CheckGCForNative adj_start_bytes: 33511309 NativeAllocationGcWatermark: 10635474 java_gc_start_bytes: 17558098 kNewNativeDiscountFactor: 2 kOldNativeDiscountFactor: 65536 old_native_bytes: 163747179 new_native_bytes: 34708516 add_bytes_allowed: 31906422 is_gc_concurrent: 1 target_footprint_: 17974928 GetBytesAllocated: 17592547 HeapGrowthMultiplier: 3
12-22 17:13:59.804  3342  9915 I com.miui.home: CheckGCForNative gc_urgency 1.04291 current_native_bytes is 198455695 starting_gc_num:27
12-22 17:13:59.805  3342  9915 I com.miui.home: CheckGCForNative requested 1
12-22 17:13:59.805  3342  9915 I cccccc  : createTaskSnapshotCompat:
12-22 17:13:59.884  3342  3342 I wm_on_top_resumed_lost_called: [152413436,com.miui.home.launcher.Launcher,topStateChangedWhenResumed]
12-22 17:13:59.899  3342  9915 I com.miui.home: CheckGCForNative adj_start_bytes: 33511309 NativeAllocationGcWatermark: 10635474 java_gc_start_bytes: 17558098 kNewNativeDiscountFactor: 2 kOldNativeDiscountFactor: 65536 old_native_bytes: 163747179 new_native_bytes: 45451012 add_bytes_allowed: 31906422 is_gc_concurrent: 1 target_footprint_: 17974928 GetBytesAllocated: 17638230 HeapGrowthMultiplier: 3
12-22 17:13:59.899  3342  9915 I com.miui.home: CheckGCForNative gc_urgency 1.20456 current_native_bytes is 209198191 starting_gc_num:27
12-22 17:13:59.899  3342  9915 I com.miui.home: CheckGCForNative requested 1
12-22 17:13:59.909  3342  3342 I wm_on_paused_called: [0,152413436,com.miui.home.launcher.Launcher,performPause,2]
12-22 17:13:59.925  3342  3649 I com.miui.home: CheckGCForNative adj_start_bytes: 33511309 NativeAllocationGcWatermark: 10635474 java_gc_start_bytes: 17558098 kNewNativeDiscountFactor: 2 kOldNativeDiscountFactor: 65536 old_native_bytes: 163747179 new_native_bytes: 45455044 add_bytes_allowed: 31906422 is_gc_concurrent: 1 target_footprint_: 17974928 GetBytesAllocated: 17667095 HeapGrowthMultiplier: 3
12-22 17:13:59.925  3342  3649 I com.miui.home: CheckGCForNative gc_urgency 1.20548 current_native_bytes is 209202223 starting_gc_num:27
12-22 17:13:59.925  3342  3649 I com.miui.home: CheckGCForNative requested 1
12-22 17:13:59.925  3342  3649 I cccccc  : createTaskSnapshotCompat:
12-22 17:13:59.926  3342  3649 I com.miui.home: CheckGCForNative adj_start_bytes: 33511309 NativeAllocationGcWatermark: 10635474 java_gc_start_bytes: 17558098 kNewNativeDiscountFactor: 2 kOldNativeDiscountFactor: 65536 old_native_bytes: 163747179 new_native_bytes: 56162308 add_bytes_allowed: 31906422 is_gc_concurrent: 1 target_footprint_: 17974928 GetBytesAllocated: 17677297 HeapGrowthMultiplier: 3
12-22 17:13:59.964  3342  3649 I com.miui.home: CheckGCForNative gc_urgency 1.36554 current_native_bytes is 219909487 starting_gc_num:27
12-22 17:13:59.964  3342  3649 I com.miui.home: CheckGCForNative requested 1
12-22 17:14:00.013  3342  3342 I wm_on_stop_called: [0,152413436,com.miui.home.launcher.Launcher,STOP_ACTIVITY_ITEM,22]
12-22 17:14:00.055  3342  3536 I com.miui.home: CheckGCForNative adj_start_bytes: 33511309 NativeAllocationGcWatermark: 10635474 java_gc_start_bytes: 17558098 kNewNativeDiscountFactor: 2 kOldNativeDiscountFactor: 65536 old_native_bytes: 163747179 new_native_bytes: 45474564 add_bytes_allowed: 31906422 is_gc_concurrent: 1 target_footprint_: 17974928 GetBytesAllocated: 17932136 HeapGrowthMultiplier: 3
12-22 17:14:00.055  3342  3536 I com.miui.home: CheckGCForNative gc_urgency 1.21368 current_native_bytes is 209221743 starting_gc_num:27
12-22 17:14:00.055  3342  3536 I com.miui.home: CheckGCForNative requested 1
12-22 17:14:00.253  3342  9915 D cccccc  : onTaskStackChangedBackground
12-22 17:14:00.254  3342  4005 D cccccc  : onTaskStackChangedBackground
12-22 17:14:00.663  3342  3342 I wm_on_restart_called: [0,152413436,com.miui.home.launcher.Launcher,,0]
12-22 17:14:00.665  3342  3342 I wm_on_start_called: [0,152413436,com.miui.home.launcher.Launcher,handleStartActivity,1]
12-22 17:14:00.687  3342  3342 I wm_on_resume_called: [0,152413436,com.miui.home.launcher.Launcher,RESUME_ACTIVITY,20]
12-22 17:14:00.849  3342  3342 I wm_on_idle_called: com.miui.home.launcher.Launcher
12-22 17:14:00.975 10559 10559 I wm_on_idle_called: com.tencent.qqlive.ona.activity.SplashHomeActivity
12-22 17:14:00.978  3342  3994 E cccccc  : createTaskSnapshot:
12-22 17:14:00.978  3342  3994 I cccccc  : getTaskSnapshotInstance:
12-22 17:14:01.057  3342  3994 I com.miui.home: CheckGCForNative gc_urgency 0 current_native_bytes is 129677583 starting_gc_num:28
12-22 17:14:01.058  3342  3994 I com.miui.home: CheckGCForNative adj_start_bytes: 33428154 NativeAllocationGcWatermark: 10638032 java_gc_start_bytes: 17471106 kNewNativeDiscountFactor: 2 kOldNativeDiscountFactor: 65536 old_native_bytes: 129677583 new_native_bytes: 10707264 add_bytes_allowed: 31914096 is_gc_concurrent: 1 target_footprint_: 17995394 GetBytesAllocated: 10325548 HeapGrowthMultiplier: 3
12-22 17:14:01.058  3342  3994 I com.miui.home: CheckGCForNative gc_urgency 0.4691 current_native_bytes is 140384847 starting_gc_num:28
12-22 17:14:01.133  3342  4431 I com.miui.home: CheckGCForNative adj_start_bytes: 33428154 NativeAllocationGcWatermark: 10638032 java_gc_start_bytes: 17471106 kNewNativeDiscountFactor: 2 kOldNativeDiscountFactor: 65536 old_native_bytes: 129677583 new_native_bytes: 10711912 add_bytes_allowed: 31914096 is_gc_concurrent: 1 target_footprint_: 17995394 GetBytesAllocated: 10358380 HeapGrowthMultiplier: 3
12-22 17:14:01.133  3342  4431 I com.miui.home: CheckGCForNative gc_urgency 0.470152 current_native_bytes is 140389495 starting_gc_num:28
12-22 17:14:01.133  3342  4431 I cccccc  : createTaskSnapshotCompat:
12-22 17:14:01.134  3342  4431 I com.miui.home: CheckGCForNative adj_start_bytes: 33428154 NativeAllocationGcWatermark: 10638032 java_gc_start_bytes: 17471106 kNewNativeDiscountFactor: 2 kOldNativeDiscountFactor: 65536 old_native_bytes: 129677583 new_native_bytes: 21418888 add_bytes_allowed: 31914096 is_gc_concurrent: 1 target_footprint_: 17995394 GetBytesAllocated: 10362738 HeapGrowthMultiplier: 3
12-22 17:14:01.134  3342  4431 I com.miui.home: CheckGCForNative gc_urgency 0.630431 current_native_bytes is 151096471 starting_gc_num:28
12-22 17:14:01.184  3342  3342 I wm_on_top_resumed_gained_called: [152413436,com.miui.home.launcher.Launcher,topStateChangedWhenResumed]
12-22 17:14:01.280  3342  3651 I com.miui.home: CheckGCForNative adj_start_bytes: 33428154 NativeAllocationGcWatermark: 10638032 java_gc_start_bytes: 17471106 kNewNativeDiscountFactor: 2 kOldNativeDiscountFactor: 65536 old_native_bytes: 129677583 new_native_bytes: 10776380 add_bytes_allowed: 31914096 is_gc_concurrent: 1 target_footprint_: 17995394 GetBytesAllocated: 10449937 HeapGrowthMultiplier: 3
12-22 17:14:01.280  3342  3651 I com.miui.home: CheckGCForNative gc_urgency 0.473855 current_native_bytes is 140453963 starting_gc_num:28
12-22 17:14:01.447  3342  3651 I com.miui.home: CheckGCForNative adj_start_bytes: 33428154 NativeAllocationGcWatermark: 10638032 java_gc_start_bytes: 17471106 kNewNativeDiscountFactor: 2 kOldNativeDiscountFactor: 65536 old_native_bytes: 129677583 new_native_bytes: 10792764 add_bytes_allowed: 31914096 is_gc_concurrent: 1 target_footprint_: 17995394 GetBytesAllocated: 10524482 HeapGrowthMultiplier: 3
12-22 17:14:01.447  3342  3651 I com.miui.home: CheckGCForNative gc_urgency 0.47633 current_native_bytes is 140470347 starting_gc_num:28
12-22 17:14:01.641  3342  3649 I com.miui.home: CheckGCForNative adj_start_bytes: 33428154 NativeAllocationGcWatermark: 10638032 java_gc_start_bytes: 17471106 kNewNativeDiscountFactor: 2 kOldNativeDiscountFactor: 65536 old_native_bytes: 129677583 new_native_bytes: 21425260 add_bytes_allowed: 31914096 is_gc_concurrent: 1 target_footprint_: 17995394 GetBytesAllocated: 10622056 HeapGrowthMultiplier: 3
12-22 17:14:01.643  3342  3649 I com.miui.home: CheckGCForNative gc_urgency 0.638284 current_native_bytes is 151102843 starting_gc_num:28
12-22 17:14:01.644  3342  3649 I cccccc  : createTaskSnapshotCompat:
12-22 17:14:01.654  3342  3649 I com.miui.home: CheckGCForNative adj_start_bytes: 33428154 NativeAllocationGcWatermark: 10638032 java_gc_start_bytes: 17471106 kNewNativeDiscountFactor: 2 kOldNativeDiscountFactor: 65536 old_native_bytes: 129677583 new_native_bytes: 32132716 add_bytes_allowed: 31914096 is_gc_concurrent: 1 target_footprint_: 17995394 GetBytesAllocated: 10638632 HeapGrowthMultiplier: 3
12-22 17:14:01.654  3342  3649 I com.miui.home: CheckGCForNative gc_urgency 0.798936 current_native_bytes is 161810299 starting_gc_num:28
12-22 17:14:01.674 11508 11508 I wm_on_application_create_called: [0,com.dragon.read,3113]
12-22 17:14:01.919  3342  3573 I com.miui.home: CheckGCForNative adj_start_bytes: 33428154 NativeAllocationGcWatermark: 10638032 java_gc_start_bytes: 17471106 kNewNativeDiscountFactor: 2 kOldNativeDiscountFactor: 65536 old_native_bytes: 129677583 new_native_bytes: 21403180 add_bytes_allowed: 31914096 is_gc_concurrent: 1 target_footprint_: 17995394 GetBytesAllocated: 10967513 HeapGrowthMultiplier: 3
12-22 17:14:01.919  3342  3573 I com.miui.home: CheckGCForNative gc_urgency 0.648288 current_native_bytes is 151080763 starting_gc_num:28
12-22 17:14:01.962  3342  3342 I wm_on_top_resumed_lost_called: [152413436,com.miui.home.launcher.Launcher,topStateChangedWhenResumed]
12-22 17:14:02.002  3342  4005 D cccccc  : onTaskStackChangedBackground
12-22 17:14:02.004  3342  4005 D cccccc  : onTaskStackChangedBackground
12-22 17:14:02.389  3342  3342 I wm_on_paused_called: [0,152413436,com.miui.home.launcher.Launcher,performPause,3]
12-22 17:14:02.656  3342  3994 E cccccc  : createTaskSnapshot:
12-22 17:14:02.656  3342  3994 I cccccc  : getTaskSnapshotInstance:
12-22 17:14:02.667  3342  3994 E cccccc  : createTaskSnapshot:
12-22 17:14:02.668  3342  3994 I cccccc  : getTaskSnapshotInstance:
12-22 17:14:02.706  3342  3994 I com.miui.home: CheckGCForNative adj_start_bytes: 33428154 NativeAllocationGcWatermark: 10638032 java_gc_start_bytes: 17471106 kNewNativeDiscountFactor: 2 kOldNativeDiscountFactor: 65536 old_native_bytes: 129677583 new_native_bytes: 32901832 add_bytes_allowed: 31914096 is_gc_concurrent: 1 target_footprint_: 17995394 GetBytesAllocated: 12449927 HeapGrowthMultiplier: 3
12-22 17:14:02.706  3342  3994 I com.miui.home: CheckGCForNative gc_urgency 0.864625 current_native_bytes is 162579415 starting_gc_num:28
12-22 17:14:02.753  3342  3406 D cccccc  : onTaskStackChangedBackground
12-22 17:14:02.756  3342  9915 D cccccc  : onTaskStackChangedBackground
12-22 17:14:02.780  3342  3651 I com.miui.home: CheckGCForNative adj_start_bytes: 33428154 NativeAllocationGcWatermark: 10638032 java_gc_start_bytes: 17471106 kNewNativeDiscountFactor: 2 kOldNativeDiscountFactor: 65536 old_native_bytes: 129677583 new_native_bytes: 22164360 add_bytes_allowed: 31914096 is_gc_concurrent: 1 target_footprint_: 17995394 GetBytesAllocated: 12539931 HeapGrowthMultiplier: 3
12-22 17:14:02.780  3342  3651 I com.miui.home: CheckGCForNative gc_urgency 0.706712 current_native_bytes is 151841943 starting_gc_num:28
12-22 17:14:02.947  3342  3651 I com.miui.home: CheckGCForNative adj_start_bytes: 33428154 NativeAllocationGcWatermark: 10638032 java_gc_start_bytes: 17471106 kNewNativeDiscountFactor: 2 kOldNativeDiscountFactor: 65536 old_native_bytes: 129677583 new_native_bytes: 22394660 add_bytes_allowed: 31914096 is_gc_concurrent: 1 target_footprint_: 17995394 GetBytesAllocated: 13072331 HeapGrowthMultiplier: 3
12-22 17:14:02.947  3342  3651 I com.miui.home: CheckGCForNative gc_urgency 0.726084 current_native_bytes is 152072243 starting_gc_num:28
12-22 17:14:03.013  3342  3651 I com.miui.home: CheckGCForNative adj_start_bytes: 33428154 NativeAllocationGcWatermark: 10638032 java_gc_start_bytes: 17471106 kNewNativeDiscountFactor: 2 kOldNativeDiscountFactor: 65536 old_native_bytes: 129677583 new_native_bytes: 22450148 add_bytes_allowed: 31914096 is_gc_concurrent: 1 target_footprint_: 17995394 GetBytesAllocated: 13210547 HeapGrowthMultiplier: 3
12-22 17:14:03.013  3342  3651 I com.miui.home: CheckGCForNative gc_urgency 0.731048 current_native_bytes is 152127731 starting_gc_num:28
12-22 17:14:03.044  3342  3994 E cccccc  : createTaskSnapshot:
12-22 17:14:03.051  3342  3994 I cccccc  : getTaskSnapshotInstance:
12-22 17:14:03.072 12137 12137 I wm_on_application_create_called: [0,com.xunmeng.pinduoduo,410]
12-22 17:14:03.371  3342  3994 E cccccc  : createTaskSnapshot:
12-22 17:14:03.371  3342  3994 I cccccc  : getTaskSnapshotInstance:
12-22 17:14:03.383 11508 11508 I wm_on_create_called: [0,261711651,com.dragon.read.pages.splash.SplashActivity,performCreate,962]
12-22 17:14:03.844  3342  3342 I wm_on_resume_called: [0,152413436,com.miui.home.launcher.Launcher,RESUME_ACTIVITY,16]
12-22 17:14:03.861  3342  3342 I wm_on_idle_called: com.miui.home.launcher.Launcher
12-22 17:14:03.896 11508 11508 I wm_on_start_called: [0,261711651,com.dragon.read.pages.splash.SplashActivity,handleStartActivity,481]
12-22 17:14:04.009  3342  4005 I com.miui.home: CheckGCForNative adj_start_bytes: 33428154 NativeAllocationGcWatermark: 10638032 java_gc_start_bytes: 17471106 kNewNativeDiscountFactor: 2 kOldNativeDiscountFactor: 65536 old_native_bytes: 129677583 new_native_bytes: 33281236 add_bytes_allowed: 31914096 is_gc_concurrent: 1 target_footprint_: 17995394 GetBytesAllocated: 15458057 HeapGrowthMultiplier: 3
12-22 17:14:04.010  3342  4005 I com.miui.home: CheckGCForNative gc_urgency 0.960288 current_native_bytes is 162958819 starting_gc_num:28
12-22 17:14:04.010  3342  4005 I cccccc  : createTaskSnapshotCompat:
12-22 17:14:04.010  3342  4005 I com.miui.home: CheckGCForNative adj_start_bytes: 33428154 NativeAllocationGcWatermark: 10638032 java_gc_start_bytes: 17471106 kNewNativeDiscountFactor: 2 kOldNativeDiscountFactor: 65536 old_native_bytes: 129677583 new_native_bytes: 43988180 add_bytes_allowed: 31914096 is_gc_concurrent: 1 target_footprint_: 17995394 GetBytesAllocated: 15471727 HeapGrowthMultiplier: 3
12-22 17:14:04.010  3342  4005 I com.miui.home: CheckGCForNative gc_urgency 1.12085 current_native_bytes is 173665763 starting_gc_num:28
12-22 17:14:04.011  3342  4005 I com.miui.home: CheckGCForNative requested 1
12-22 17:14:04.024  3342  3651 I com.miui.home: CheckGCForNative adj_start_bytes: 33428154 NativeAllocationGcWatermark: 10638032 java_gc_start_bytes: 17471106 kNewNativeDiscountFactor: 2 kOldNativeDiscountFactor: 65536 old_native_bytes: 129677583 new_native_bytes: 33286388 add_bytes_allowed: 31914096 is_gc_concurrent: 1 target_footprint_: 17995394 GetBytesAllocated: 15499567 HeapGrowthMultiplier: 3
12-22 17:14:04.024  3342  3651 I com.miui.home: CheckGCForNative gc_urgency 0.961607 current_native_bytes is 162963971 starting_gc_num:28
12-22 17:14:04.202  3342  3651 I com.miui.home: CheckGCForNative adj_start_bytes: 33428154 NativeAllocationGcWatermark: 10638032 java_gc_start_bytes: 17471106 kNewNativeDiscountFactor: 2 kOldNativeDiscountFactor: 65536 old_native_bytes: 129677583 new_native_bytes: 33350100 add_bytes_allowed: 31914096 is_gc_concurrent: 1 target_footprint_: 17995394 GetBytesAllocated: 15583656 HeapGrowthMultiplier: 3
12-22 17:14:04.202  3342  3651 I com.miui.home: CheckGCForNative gc_urgency 0.965075 current_native_bytes is 163027683 starting_gc_num:28
12-22 17:14:04.273  3342  3342 I wm_on_top_resumed_gained_called: [152413436,com.miui.home.launcher.Launcher,topStateChangedWhenResumed]
12-22 17:14:04.369  3342  3651 I com.miui.home: CheckGCForNative adj_start_bytes: 33428154 NativeAllocationGcWatermark: 10638032 java_gc_start_bytes: 17471106 kNewNativeDiscountFactor: 2 kOldNativeDiscountFactor: 65536 old_native_bytes: 129677583 new_native_bytes: 33360660 add_bytes_allowed: 31914096 is_gc_concurrent: 1 target_footprint_: 17995394 GetBytesAllocated: 15643246 HeapGrowthMultiplier: 3
12-22 17:14:04.369  3342  3651 I com.miui.home: CheckGCForNative gc_urgency 0.967016 current_native_bytes is 163038243 starting_gc_num:28
12-22 17:14:04.513  3342  3649 I cccccc  : createTaskSnapshotCompat:
12-22 17:14:04.591  3342  3370 I com.miui.home: NativeAlloc concurrent copying GC freed 144605(6215KB) AllocSpace objects, 24(584KB) LOS objects, 49% free, 8678KB/16MB, paused 2.738ms,147us total 580.143ms
12-22 17:14:04.952  3342  3342 I wm_on_top_resumed_lost_called: [152413436,com.miui.home.launcher.Launcher,topStateChangedWhenResumed]
12-22 17:14:04.963  3342  4431 D cccccc  : onTaskStackChangedBackground
12-22 17:14:04.973  3342  4431 D cccccc  : onTaskStackChangedBackground
12-22 17:14:05.057  3342  3342 I wm_on_paused_called: [0,152413436,com.miui.home.launcher.Launcher,performPause,3]
12-22 17:14:05.187  3342  9915 D cccccc  : onTaskStackChangedBackground
12-22 17:14:05.189  3342  4005 D cccccc  : onTaskStackChangedBackground
12-22 17:14:05.202 12379 12379 I wm_on_application_create_called: [0,com.taobao.taobao,1576]
12-22 17:14:05.369  3342  3651 I com.miui.home: CheckGCForNative gc_urgency 0 current_native_bytes is 129971491 starting_gc_num:29
12-22 17:14:05.515 12371 12371 I wm_on_application_create_called: [0,com.android.camera,520]
12-22 17:14:05.524  3342  3651 I com.miui.home: CheckGCForNative adj_start_bytes: 33311295 NativeAllocationGcWatermark: 10610277 java_gc_start_bytes: 17395880 kNewNativeDiscountFactor: 2 kOldNativeDiscountFactor: 65536 old_native_bytes: 129971491 new_native_bytes: 43404 add_bytes_allowed: 31830831 is_gc_concurrent: 1 target_footprint_: 17773353 GetBytesAllocated: 10064246 HeapGrowthMultiplier: 3
12-22 17:14:05.524  3342  3651 I com.miui.home: CheckGCForNative gc_urgency 0.302838 current_native_bytes is 130014895 starting_gc_num:29
12-22 17:14:05.669  3342  3651 I com.miui.home: CheckGCForNative adj_start_bytes: 33311295 NativeAllocationGcWatermark: 10610277 java_gc_start_bytes: 17395880 kNewNativeDiscountFactor: 2 kOldNativeDiscountFactor: 65536 old_native_bytes: 129971491 new_native_bytes: 60348 add_bytes_allowed: 31830831 is_gc_concurrent: 1 target_footprint_: 17773353 GetBytesAllocated: 10225373 HeapGrowthMultiplier: 3
12-22 17:14:05.669  3342  3651 I com.miui.home: CheckGCForNative gc_urgency 0.307929 current_native_bytes is 130031839 starting_gc_num:29
12-22 17:14:05.860  3342  3994 E cccccc  : createTaskSnapshot:
12-22 17:14:05.860  3342  3994 I cccccc  : getTaskSnapshotInstance:
12-22 17:14:05.973  3342  3994 E cccccc  : createTaskSnapshot:
12-22 17:14:05.973  3342  3994 I cccccc  : getTaskSnapshotInstance:
12-22 17:14:05.973 11508 11508 I wm_on_resume_called: [0,261711651,com.dragon.read.pages.splash.SplashActivity,RESUME_ACTIVITY,1975]
12-22 17:14:05.978  3342  3994 I com.miui.home: CheckGCForNative adj_start_bytes: 33311295 NativeAllocationGcWatermark: 10610277 java_gc_start_bytes: 17395880 kNewNativeDiscountFactor: 2 kOldNativeDiscountFactor: 65536 old_native_bytes: 129971491 new_native_bytes: 10377788 add_bytes_allowed: 31830831 is_gc_concurrent: 1 target_footprint_: 17773353 GetBytesAllocated: 10396075 HeapGrowthMultiplier: 3
12-22 17:14:05.978  3342  3994 I com.miui.home: CheckGCForNative gc_urgency 0.467918 current_native_bytes is 140349279 starting_gc_num:29
