12-22 17:14:05.987 11508 11508 I wm_on_top_resumed_gained_called: [261711651,com.dragon.read.pages.splash.SplashActivity,topStateChangedWhenResumed]
12-22 17:14:06.067  7966  7966 I wm_on_create_called: [0,243298544,com.tencent.mm.ui.LauncherUI,performCreate,596]
12-22 17:14:06.108  7966  7966 I wm_on_start_called: [0,243298544,com.tencent.mm.ui.LauncherUI,handleStartActivity,21]
12-22 17:14:06.166  7966  7966 I wm_on_resume_called: [0,243298544,com.tencent.mm.ui.LauncherUI,RESUME_ACTIVITY,55]
12-22 17:14:06.178 11508 11508 I wm_on_top_resumed_lost_called: [261711651,com.dragon.read.pages.splash.SplashActivity,topStateChangedWhenResumed]
12-22 17:14:06.197 11508 11508 I wm_on_top_resumed_gained_called: [261711651,com.dragon.read.pages.splash.SplashActivity,topStateChangedWhenResumed]
12-22 17:14:06.264  3342  3994 E cccccc  : createTaskSnapshot:
12-22 17:14:06.264  3342  3994 I cccccc  : getTaskSnapshotInstance:
12-22 17:14:06.413 11508 11508 I wm_on_top_resumed_lost_called: [261711651,com.dragon.read.pages.splash.SplashActivity,topStateChangedWhenResumed]
12-22 17:14:06.424  7966  7966 I wm_on_top_resumed_gained_called: [243298544,com.tencent.mm.ui.LauncherUI,topStateChangedWhenResumed]
12-22 17:14:06.440  7966  7966 I wm_on_top_resumed_lost_called: [243298544,com.tencent.mm.ui.LauncherUI,topStateChangedWhenResumed]
12-22 17:14:06.449  7966  7966 I wm_on_paused_called: [0,243298544,com.tencent.mm.ui.LauncherUI,performPause,7]
12-22 17:14:06.506  3342  3342 I wm_on_stop_called: [0,152413436,com.miui.home.launcher.Launcher,STOP_ACTIVITY_ITEM,12]
12-22 17:14:06.599  3342  3406 D cccccc  : onTaskStackChangedBackground
12-22 17:14:06.614  7966  7966 I wm_on_create_called: [0,230180623,com.tencent.mm.plugin.account.ui.WelcomeActivity,performCreate,94]
12-22 17:14:06.623  7966  7966 I wm_on_start_called: [0,230180623,com.tencent.mm.plugin.account.ui.WelcomeActivity,handleStartActivity,6]
12-22 17:14:06.631  7966  7966 I wm_on_resume_called: [0,230180623,com.tencent.mm.plugin.account.ui.WelcomeActivity,RESUME_ACTIVITY,6]
12-22 17:14:06.632 11508 11508 I wm_on_paused_called: [0,261711651,com.dragon.read.pages.splash.SplashActivity,performPause,27]
12-22 17:14:06.646  3342  3342 I wm_on_restart_called: [0,152413436,com.miui.home.launcher.Launcher,,0]
12-22 17:14:06.648  3342  3342 I wm_on_start_called: [0,152413436,com.miui.home.launcher.Launcher,handleStartActivity,1]
12-22 17:14:06.665  3342  3342 I wm_on_resume_called: [0,152413436,com.miui.home.launcher.Launcher,RESUME_ACTIVITY,16]
12-22 17:14:06.699  7966  7966 I wm_on_top_resumed_gained_called: [230180623,com.tencent.mm.plugin.account.ui.WelcomeActivity,topStateChangedWhenResumed]
12-22 17:14:06.710  3342  3391 D cccccc  : onTaskStackChangedBackground
12-22 17:14:06.769  3342  3342 I wm_on_idle_called: com.miui.home.launcher.Launcher
12-22 17:14:06.962  3342  3391 I com.miui.home: CheckGCForNative adj_start_bytes: 33311295 NativeAllocationGcWatermark: 10610277 java_gc_start_bytes: 17395880 kNewNativeDiscountFactor: 2 kOldNativeDiscountFactor: 65536 old_native_bytes: 129971491 new_native_bytes: 11198940 add_bytes_allowed: 31830831 is_gc_concurrent: 1 target_footprint_: 17773353 GetBytesAllocated: 12214479 HeapGrowthMultiplier: 3
12-22 17:14:06.962  3342  3391 I com.miui.home: CheckGCForNative gc_urgency 0.534832 current_native_bytes is 141170431 starting_gc_num:29
12-22 17:14:06.963  3342  3391 I cccccc  : createTaskSnapshotCompat:
12-22 17:14:06.966  3342  3391 I com.miui.home: CheckGCForNative adj_start_bytes: 33311295 NativeAllocationGcWatermark: 10610277 java_gc_start_bytes: 17395880 kNewNativeDiscountFactor: 2 kOldNativeDiscountFactor: 65536 old_native_bytes: 129971491 new_native_bytes: 21905884 add_bytes_allowed: 31830831 is_gc_concurrent: 1 target_footprint_: 17773353 GetBytesAllocated: 12234750 HeapGrowthMultiplier: 3
12-22 17:14:06.966  3342  3391 I com.miui.home: CheckGCForNative gc_urgency 0.696151 current_native_bytes is 151877375 starting_gc_num:29
12-22 17:14:06.984  3342  8023 I com.miui.home: CheckGCForNative adj_start_bytes: 33311295 NativeAllocationGcWatermark: 10610277 java_gc_start_bytes: 17395880 kNewNativeDiscountFactor: 2 kOldNativeDiscountFactor: 65536 old_native_bytes: 129971491 new_native_bytes: 11305348 add_bytes_allowed: 31830831 is_gc_concurrent: 1 target_footprint_: 17773353 GetBytesAllocated: 12323915 HeapGrowthMultiplier: 3
12-22 17:14:06.984  3342  8023 I com.miui.home: CheckGCForNative gc_urgency 0.539714 current_native_bytes is 141276839 starting_gc_num:29
12-22 17:14:07.113  3342  3342 I wm_on_top_resumed_gained_called: [152413436,com.miui.home.launcher.Launcher,topStateChangedWhenResumed]
12-22 17:14:07.202  3342  3651 I com.miui.home: CheckGCForNative adj_start_bytes: 33311295 NativeAllocationGcWatermark: 10610277 java_gc_start_bytes: 17395880 kNewNativeDiscountFactor: 2 kOldNativeDiscountFactor: 65536 old_native_bytes: 129971491 new_native_bytes: 11365476 add_bytes_allowed: 31830831 is_gc_concurrent: 1 target_footprint_: 17773353 GetBytesAllocated: 12690756 HeapGrowthMultiplier: 3
12-22 17:14:07.203  3342  3651 I com.miui.home: CheckGCForNative gc_urgency 0.551629 current_native_bytes is 141336967 starting_gc_num:29
12-22 17:14:07.275 12379 12379 I wm_on_create_called: [0,108314030,com.taobao.tao.welcome.Welcome,performCreate,1619]
12-22 17:14:07.280  3342  3651 I com.miui.home: CheckGCForNative adj_start_bytes: 33311295 NativeAllocationGcWatermark: 10610277 java_gc_start_bytes: 17395880 kNewNativeDiscountFactor: 2 kOldNativeDiscountFactor: 65536 old_native_bytes: 129971491 new_native_bytes: 11561112 add_bytes_allowed: 31830831 is_gc_concurrent: 1 target_footprint_: 17773353 GetBytesAllocated: 12871670 HeapGrowthMultiplier: 3
12-22 17:14:07.280  3342  3651 I com.miui.home: CheckGCForNative gc_urgency 0.559996 current_native_bytes is 141532603 starting_gc_num:29
12-22 17:14:07.426 11508 11508 I wm_on_stop_called: [0,261711651,com.dragon.read.pages.splash.SplashActivity,STOP_ACTIVITY_ITEM,41]
12-22 17:14:07.437  3342  3994 E cccccc  : createTaskSnapshot:
12-22 17:14:07.438  3342  3994 I cccccc  : getTaskSnapshotInstance:
12-22 17:14:07.449  3342  3994 I com.miui.home: CheckGCForNative adj_start_bytes: 33311295 NativeAllocationGcWatermark: 10610277 java_gc_start_bytes: 17395880 kNewNativeDiscountFactor: 2 kOldNativeDiscountFactor: 65536 old_native_bytes: 129971491 new_native_bytes: 22338152 add_bytes_allowed: 31830831 is_gc_concurrent: 1 target_footprint_: 17773353 GetBytesAllocated: 13422453 HeapGrowthMultiplier: 3
12-22 17:14:07.449  3342  3994 I com.miui.home: CheckGCForNative gc_urgency 0.738293 current_native_bytes is 152309643 starting_gc_num:29
12-22 17:14:07.450  3342  3649 I com.miui.home: CheckGCForNative adj_start_bytes: 33311295 NativeAllocationGcWatermark: 10610277 java_gc_start_bytes: 17395880 kNewNativeDiscountFactor: 2 kOldNativeDiscountFactor: 65536 old_native_bytes: 129971491 new_native_bytes: 32986856 add_bytes_allowed: 31830831 is_gc_concurrent: 1 target_footprint_: 17773353 GetBytesAllocated: 13430457 HeapGrowthMultiplier: 3
12-22 17:14:07.450  3342  3649 I com.miui.home: CheckGCForNative gc_urgency 0.89837 current_native_bytes is 162958347 starting_gc_num:29
12-22 17:14:07.450  3342  3994 I com.miui.home: CheckGCForNative adj_start_bytes: 33311295 NativeAllocationGcWatermark: 10610277 java_gc_start_bytes: 17395880 kNewNativeDiscountFactor: 2 kOldNativeDiscountFactor: 65536 old_native_bytes: 129971491 new_native_bytes: 43694120 add_bytes_allowed: 31830831 is_gc_concurrent: 1 target_footprint_: 17773353 GetBytesAllocated: 13430649 HeapGrowthMultiplier: 3
12-22 17:14:07.450  3342  3994 I com.miui.home: CheckGCForNative gc_urgency 1.05909 current_native_bytes is 173665611 starting_gc_num:29
12-22 17:14:07.450  3342  3649 I cccccc  : createTaskSnapshotCompat:
12-22 17:14:07.450  3342  3994 I com.miui.home: CheckGCForNative requested 1
12-22 17:14:07.664  7966  7966 I wm_on_top_resumed_lost_called: [230180623,com.tencent.mm.plugin.account.ui.WelcomeActivity,topStateChangedWhenResumed]
12-22 17:14:07.721  3342  3342 I wm_on_top_resumed_lost_called: [152413436,com.miui.home.launcher.Launcher,topStateChangedWhenResumed]
12-22 17:14:07.820  3342  3406 D cccccc  : onTaskStackChangedBackground
12-22 17:14:07.821  3342  3406 D cccccc  : onTaskStackChangedBackground
12-22 17:14:07.905 12379 12379 I wm_on_start_called: [0,108314030,com.taobao.tao.welcome.Welcome,handleStartActivity,623]
12-22 17:14:07.938  7966  7966 I wm_on_paused_called: [0,230180623,com.tencent.mm.plugin.account.ui.WelcomeActivity,performPause,2]
12-22 17:14:07.944 11508 11508 I wm_on_destroy_called: [0,261711651,com.dragon.read.pages.splash.SplashActivity,performDestroy,5]
12-22 17:14:07.956  3342  3342 I wm_on_paused_called: [0,152413436,com.miui.home.launcher.Launcher,performPause,2]
12-22 17:14:08.027  7966  7966 I wm_on_stop_called: [0,243298544,com.tencent.mm.ui.LauncherUI,STOP_ACTIVITY_ITEM,59]
12-22 17:14:08.066  3342  3406 I com.miui.home: CheckGCForNative adj_start_bytes: 33311295 NativeAllocationGcWatermark: 10610277 java_gc_start_bytes: 17395880 kNewNativeDiscountFactor: 2 kOldNativeDiscountFactor: 65536 old_native_bytes: 129971491 new_native_bytes: 22586756 add_bytes_allowed: 31830831 is_gc_concurrent: 1 target_footprint_: 17773353 GetBytesAllocated: 14335135 HeapGrowthMultiplier: 3
12-22 17:14:08.066  3342  3406 I com.miui.home: CheckGCForNative gc_urgency 0.769424 current_native_bytes is 152558247 starting_gc_num:29
12-22 17:14:08.129  3342  3370 I com.miui.home: NativeAlloc concurrent copying GC freed 102931(4491KB) AllocSpace objects, 14(392KB) LOS objects, 49% free, 9356KB/18MB, paused 344us,542us total 672.011ms
12-22 17:14:08.145  7966  7966 I wm_on_stop_called: [0,230180623,com.tencent.mm.plugin.account.ui.WelcomeActivity,STOP_ACTIVITY_ITEM,22]
12-22 17:14:08.175  7966  7966 I wm_on_idle_called: com.tencent.mm.ui.LauncherUI
12-22 17:14:08.175  7966  7966 I wm_on_idle_called: com.tencent.mm.plugin.account.ui.WelcomeActivity
12-22 17:14:08.239  3342  3404 D cccccc  : onTaskStackChangedBackground
12-22 17:14:08.240 12379 12379 I wm_on_resume_called: [0,108314030,com.taobao.tao.welcome.Welcome,RESUME_ACTIVITY,322]
12-22 17:14:08.252  3342  3404 D cccccc  : onTaskStackChangedBackground
12-22 17:14:08.259  3342  3994 E cccccc  : createTaskSnapshot:
12-22 17:14:08.259  3342  3994 I cccccc  : getTaskSnapshotInstance:
12-22 17:14:08.289  3342  3994 I com.miui.home: CheckGCForNative gc_urgency 0 current_native_bytes is 129699327 starting_gc_num:30
12-22 17:14:08.313  3342  3651 I com.miui.home: CheckGCForNative gc_urgency 0 current_native_bytes is 118996391 starting_gc_num:30
12-22 17:14:08.369  3342  3651 I com.miui.home: CheckGCForNative adj_start_bytes: 34814288 NativeAllocationGcWatermark: 10783941 java_gc_start_bytes: 18638377 kNewNativeDiscountFactor: 2 kOldNativeDiscountFactor: 65536 old_native_bytes: 118996391 new_native_bytes: 4288 add_bytes_allowed: 32351823 is_gc_concurrent: 1 target_footprint_: 19162665 GetBytesAllocated: 9853856 HeapGrowthMultiplier: 3
12-22 17:14:08.369  3342  3651 I com.miui.home: CheckGCForNative gc_urgency 0.283154 current_native_bytes is 119000679 starting_gc_num:30
12-22 17:14:08.803  3342  3994 E cccccc  : createTaskSnapshot:
12-22 17:14:08.803  3342  3994 I cccccc  : getTaskSnapshotInstance:
12-22 17:14:09.030 13193 13193 I wm_on_application_create_called: [0,com.sina.weibo,331]
12-22 17:14:09.219 13193 13193 I wm_on_create_called: [0,31386548,com.sina.weibo.SplashActivity,performCreate,72]
12-22 17:14:09.247 13193 13193 I wm_on_start_called: [0,31386548,com.sina.weibo.SplashActivity,handleStartActivity,28]
12-22 17:14:09.262 13193 13193 I wm_on_resume_called: [0,31386548,com.sina.weibo.SplashActivity,RESUME_ACTIVITY,13]
12-22 17:14:09.286 13193 13193 I wm_on_top_resumed_gained_called: [31386548,com.sina.weibo.SplashActivity,topStateChangedWhenResumed]
12-22 17:14:09.499  3342  3342 I wm_on_resume_called: [0,152413436,com.miui.home.launcher.Launcher,RESUME_ACTIVITY,18]
12-22 17:14:09.517  3342  3342 I wm_on_idle_called: com.miui.home.launcher.Launcher
12-22 17:14:09.528  3342  3617 I com.miui.home: CheckGCForNative adj_start_bytes: 34814288 NativeAllocationGcWatermark: 10783941 java_gc_start_bytes: 18638377 kNewNativeDiscountFactor: 2 kOldNativeDiscountFactor: 65536 old_native_bytes: 118996391 new_native_bytes: 29008 add_bytes_allowed: 32351823 is_gc_concurrent: 1 target_footprint_: 19162665 GetBytesAllocated: 11282844 HeapGrowthMultiplier: 3
12-22 17:14:09.528  3342  3617 I com.miui.home: CheckGCForNative gc_urgency 0.324555 current_native_bytes is 119025399 starting_gc_num:30
12-22 17:14:09.721  3342  4005 I com.miui.home: CheckGCForNative adj_start_bytes: 34814288 NativeAllocationGcWatermark: 10783941 java_gc_start_bytes: 18638377 kNewNativeDiscountFactor: 2 kOldNativeDiscountFactor: 65536 old_native_bytes: 118996391 new_native_bytes: 10875096 add_bytes_allowed: 32351823 is_gc_concurrent: 1 target_footprint_: 19162665 GetBytesAllocated: 11600163 HeapGrowthMultiplier: 3
12-22 17:14:09.721  3342  4005 I com.miui.home: CheckGCForNative gc_urgency 0.489441 current_native_bytes is 129871487 starting_gc_num:30
12-22 17:14:09.721  3342  4005 I cccccc  : createTaskSnapshotCompat:
12-22 17:14:09.724  3342  4005 I com.miui.home: CheckGCForNative adj_start_bytes: 34814288 NativeAllocationGcWatermark: 10783941 java_gc_start_bytes: 18638377 kNewNativeDiscountFactor: 2 kOldNativeDiscountFactor: 65536 old_native_bytes: 118996391 new_native_bytes: 21582040 add_bytes_allowed: 32351823 is_gc_concurrent: 1 target_footprint_: 19162665 GetBytesAllocated: 11626337 HeapGrowthMultiplier: 3
12-22 17:14:09.724  3342  4005 I com.miui.home: CheckGCForNative gc_urgency 0.644042 current_native_bytes is 140578431 starting_gc_num:30
12-22 17:14:09.825  3342  3651 I com.miui.home: CheckGCForNative adj_start_bytes: 34814288 NativeAllocationGcWatermark: 10783941 java_gc_start_bytes: 18638377 kNewNativeDiscountFactor: 2 kOldNativeDiscountFactor: 65536 old_native_bytes: 118996391 new_native_bytes: 10970792 add_bytes_allowed: 32351823 is_gc_concurrent: 1 target_footprint_: 19162665 GetBytesAllocated: 11799037 HeapGrowthMultiplier: 3
12-22 17:14:09.825  3342  3651 I com.miui.home: CheckGCForNative gc_urgency 0.496527 current_native_bytes is 129967183 starting_gc_num:30
12-22 17:14:09.895  3342  3342 I wm_on_top_resumed_gained_called: [152413436,com.miui.home.launcher.Launcher,topStateChangedWhenResumed]
12-22 17:14:09.972 13318 13318 I wm_on_application_create_called: [0,com.android.camera,257]
12-22 17:14:09.991  3342  3651 I com.miui.home: CheckGCForNative adj_start_bytes: 34814288 NativeAllocationGcWatermark: 10783941 java_gc_start_bytes: 18638377 kNewNativeDiscountFactor: 2 kOldNativeDiscountFactor: 65536 old_native_bytes: 118996391 new_native_bytes: 10960296 add_bytes_allowed: 32351823 is_gc_concurrent: 1 target_footprint_: 19162665 GetBytesAllocated: 12194307 HeapGrowthMultiplier: 3
12-22 17:14:09.991  3342  3651 I com.miui.home: CheckGCForNative gc_urgency 0.50773 current_native_bytes is 129956687 starting_gc_num:30
12-22 17:14:10.005 13373 13373 I wm_on_application_create_called: [0,com.sina.weibo,711]
12-22 17:14:10.091 13193 13193 I wm_on_top_resumed_lost_called: [31386548,com.sina.weibo.SplashActivity,topStateChangedWhenResumed]
12-22 17:14:10.177 13193 13193 I wm_on_idle_called: com.sina.weibo.SplashActivity
12-22 17:14:10.208  3342  3649 I com.miui.home: CheckGCForNative adj_start_bytes: 34814288 NativeAllocationGcWatermark: 10783941 java_gc_start_bytes: 18638377 kNewNativeDiscountFactor: 2 kOldNativeDiscountFactor: 65536 old_native_bytes: 118996391 new_native_bytes: 21569608 add_bytes_allowed: 32351823 is_gc_concurrent: 1 target_footprint_: 19162665 GetBytesAllocated: 12305502 HeapGrowthMultiplier: 3
12-22 17:14:10.209  3342  3649 I com.miui.home: CheckGCForNative gc_urgency 0.663294 current_native_bytes is 140565999 starting_gc_num:30
12-22 17:14:10.209  3342  3649 I cccccc  : createTaskSnapshotCompat:
12-22 17:14:10.213  3342  3649 I com.miui.home: CheckGCForNative adj_start_bytes: 34814288 NativeAllocationGcWatermark: 10783941 java_gc_start_bytes: 18638377 kNewNativeDiscountFactor: 2 kOldNativeDiscountFactor: 65536 old_native_bytes: 118996391 new_native_bytes: 32275848 add_bytes_allowed: 32351823 is_gc_concurrent: 1 target_footprint_: 19162665 GetBytesAllocated: 12305694 HeapGrowthMultiplier: 3
12-22 17:14:10.213  3342  3649 I com.miui.home: CheckGCForNative gc_urgency 0.817062 current_native_bytes is 151272239 starting_gc_num:30
12-22 17:14:10.250 13193 13193 I wm_on_paused_called: [0,31386548,com.sina.weibo.SplashActivity,performPause,6]
12-22 17:14:10.366 13193 13193 I wm_on_stop_called: [0,31386548,com.sina.weibo.SplashActivity,STOP_ACTIVITY_ITEM,25]
12-22 17:14:10.366  3342  4005 D cccccc  : onTaskStackChangedBackground
12-22 17:14:10.367  3342  9915 D cccccc  : onTaskStackChangedBackground
12-22 17:14:10.496  3342  3994 E cccccc  : createTaskSnapshot:
12-22 17:14:10.497  3342  3994 I cccccc  : getTaskSnapshotInstance:
12-22 17:14:10.499  3342  3994 I com.miui.home: CheckGCForNative adj_start_bytes: 34814288 NativeAllocationGcWatermark: 10783941 java_gc_start_bytes: 18638377 kNewNativeDiscountFactor: 2 kOldNativeDiscountFactor: 65536 old_native_bytes: 118996391 new_native_bytes: 32323292 add_bytes_allowed: 32351823 is_gc_concurrent: 1 target_footprint_: 19162665 GetBytesAllocated: 12983330 HeapGrowthMultiplier: 3
12-22 17:14:10.499  3342  3994 I com.miui.home: CheckGCForNative gc_urgency 0.837208 current_native_bytes is 151319683 starting_gc_num:30
12-22 17:14:10.601  3342  3994 I com.miui.home: CheckGCForNative adj_start_bytes: 34814288 NativeAllocationGcWatermark: 10783941 java_gc_start_bytes: 18638377 kNewNativeDiscountFactor: 2 kOldNativeDiscountFactor: 65536 old_native_bytes: 118996391 new_native_bytes: 21882048 add_bytes_allowed: 32351823 is_gc_concurrent: 1 target_footprint_: 19162665 GetBytesAllocated: 13419036 HeapGrowthMultiplier: 3
12-22 17:14:10.601  3342  3994 I com.miui.home: CheckGCForNative gc_urgency 0.699767 current_native_bytes is 140878439 starting_gc_num:30
12-22 17:14:10.743  3342  3342 I wm_on_top_resumed_lost_called: [152413436,com.miui.home.launcher.Launcher,topStateChangedWhenResumed]
12-22 17:14:10.747  3342  3342 I wm_on_paused_called: [0,152413436,com.miui.home.launcher.Launcher,performPause,2]
12-22 17:14:10.772  3342  4005 D cccccc  : onTaskStackChangedBackground
12-22 17:14:10.774  3342  9915 D cccccc  : onTaskStackChangedBackground
12-22 17:14:10.856  3342  4005 D cccccc  : onTaskStackChangedBackground
12-22 17:14:10.858  3342  4005 D cccccc  : onTaskStackChangedBackground
12-22 17:14:11.102  3342  3651 I com.miui.home: CheckGCForNative adj_start_bytes: 34814288 NativeAllocationGcWatermark: 10783941 java_gc_start_bytes: 18638377 kNewNativeDiscountFactor: 2 kOldNativeDiscountFactor: 65536 old_native_bytes: 118996391 new_native_bytes: 22252352 add_bytes_allowed: 32351823 is_gc_concurrent: 1 target_footprint_: 19162665 GetBytesAllocated: 14452428 HeapGrowthMultiplier: 3
12-22 17:14:11.102  3342  3651 I com.miui.home: CheckGCForNative gc_urgency 0.734768 current_native_bytes is 141248743 starting_gc_num:30
12-22 17:14:11.125  3342  3994 I com.miui.home: CheckGCForNative adj_start_bytes: 34814288 NativeAllocationGcWatermark: 10783941 java_gc_start_bytes: 18638377 kNewNativeDiscountFactor: 2 kOldNativeDiscountFactor: 65536 old_native_bytes: 118996391 new_native_bytes: 22271668 add_bytes_allowed: 32351823 is_gc_concurrent: 1 target_footprint_: 19162665 GetBytesAllocated: 14593861 HeapGrowthMultiplier: 3
12-22 17:14:11.125  3342  3994 I com.miui.home: CheckGCForNative gc_urgency 0.739108 current_native_bytes is 141268059 starting_gc_num:30
12-22 17:14:11.155  3342  3994 E cccccc  : createTaskSnapshot:
12-22 17:14:11.155  3342  3994 I cccccc  : getTaskSnapshotInstance:
12-22 17:14:11.312  3342  3994 E cccccc  : createTaskSnapshot:
12-22 17:14:11.312  3342  3994 I cccccc  : getTaskSnapshotInstance:
12-22 17:14:11.358  3342  3651 I com.miui.home: CheckGCForNative adj_start_bytes: 34814288 NativeAllocationGcWatermark: 10783941 java_gc_start_bytes: 18638377 kNewNativeDiscountFactor: 2 kOldNativeDiscountFactor: 65536 old_native_bytes: 118996391 new_native_bytes: 22742024 add_bytes_allowed: 32351823 is_gc_concurrent: 1 target_footprint_: 19162665 GetBytesAllocated: 15412660 HeapGrowthMultiplier: 3
12-22 17:14:11.358  3342  3651 I com.miui.home: CheckGCForNative gc_urgency 0.769382 current_native_bytes is 141738415 starting_gc_num:30
12-22 17:14:11.592 13640 13640 I wm_on_application_create_called: [0,com.UCMobile,245]
12-22 17:14:11.740 13640 13640 I wm_on_create_called: [0,206491738,com.UCMobile.main.UCMobile,performCreate,128]
12-22 17:14:11.849 13640 13640 I wm_on_create_called: [0,183408377,com.uc.browser.InnerUCMobile,performCreate,35]
12-22 17:14:11.876 13640 13640 I wm_on_start_called: [0,183408377,com.uc.browser.InnerUCMobile,handleStartActivity,26]
12-22 17:14:11.885  3342  9915 D cccccc  : onTaskStackChangedBackground
12-22 17:14:11.886  3342  3404 D cccccc  : onTaskStackChangedBackground
12-22 17:14:11.889 13640 13640 I wm_on_resume_called: [0,183408377,com.uc.browser.InnerUCMobile,RESUME_ACTIVITY,9]
12-22 17:14:11.949 13640 13640 I wm_on_top_resumed_gained_called: [183408377,com.uc.browser.InnerUCMobile,topStateChangedWhenResumed]
12-22 17:14:12.137  3342  3994 E cccccc  : createTaskSnapshot:
12-22 17:14:12.137  3342  3994 I cccccc  : getTaskSnapshotInstance:
12-22 17:14:12.251  3342  3342 I wm_on_stop_called: [0,152413436,com.miui.home.launcher.Launcher,STOP_ACTIVITY_ITEM,8]
12-22 17:14:12.347  3342  3342 I wm_on_restart_called: [0,152413436,com.miui.home.launcher.Launcher,,0]
12-22 17:14:12.349  3342  3342 I wm_on_start_called: [0,152413436,com.miui.home.launcher.Launcher,handleStartActivity,1]
12-22 17:14:12.403  3342  3342 I wm_on_resume_called: [0,152413436,com.miui.home.launcher.Launcher,RESUME_ACTIVITY,53]
12-22 17:14:12.478 13640 13640 I wm_on_destroy_called: [0,206491738,com.UCMobile.main.UCMobile,performDestroy,1]
12-22 17:14:12.501 13640 13640 I wm_on_top_resumed_lost_called: [183408377,com.uc.browser.InnerUCMobile,topStateChangedWhenResumed]
12-22 17:14:12.528  3342  3342 I wm_on_top_resumed_gained_called: [152413436,com.miui.home.launcher.Launcher,topStateChangedWhenResumed]
12-22 17:14:12.529  3342  3342 I wm_on_idle_called: com.miui.home.launcher.Launcher
12-22 17:14:12.531 13640 13640 I wm_on_idle_called: com.uc.browser.InnerUCMobile
12-22 17:14:12.682  3342  3391 I com.miui.home: CheckGCForNative adj_start_bytes: 34814288 NativeAllocationGcWatermark: 10783941 java_gc_start_bytes: 18638377 kNewNativeDiscountFactor: 2 kOldNativeDiscountFactor: 65536 old_native_bytes: 118996391 new_native_bytes: 33753792 add_bytes_allowed: 32351823 is_gc_concurrent: 1 target_footprint_: 19162665 GetBytesAllocated: 17553259 HeapGrowthMultiplier: 3
12-22 17:14:12.682  3342  3391 I com.miui.home: CheckGCForNative gc_urgency 0.989018 current_native_bytes is 152750183 starting_gc_num:30
12-22 17:14:12.682  3342  3391 I cccccc  : createTaskSnapshotCompat:
12-22 17:14:12.684  3342  3391 I com.miui.home: CheckGCForNative adj_start_bytes: 34814288 NativeAllocationGcWatermark: 10783941 java_gc_start_bytes: 18638377 kNewNativeDiscountFactor: 2 kOldNativeDiscountFactor: 65536 old_native_bytes: 118996391 new_native_bytes: 44460736 add_bytes_allowed: 32351823 is_gc_concurrent: 1 target_footprint_: 19162665 GetBytesAllocated: 17566885 HeapGrowthMultiplier: 3
12-22 17:14:12.684  3342  3391 I com.miui.home: CheckGCForNative gc_urgency 1.14318 current_native_bytes is 163457127 starting_gc_num:30
12-22 17:14:12.684  3342  3391 I com.miui.home: CheckGCForNative requested 1
12-22 17:14:12.693  3342  8023 I com.miui.home: CheckGCForNative adj_start_bytes: 34814288 NativeAllocationGcWatermark: 10783941 java_gc_start_bytes: 18638377 kNewNativeDiscountFactor: 2 kOldNativeDiscountFactor: 65536 old_native_bytes: 118996391 new_native_bytes: 33755808 add_bytes_allowed: 32351823 is_gc_concurrent: 1 target_footprint_: 19162665 GetBytesAllocated: 17607426 HeapGrowthMultiplier: 3
12-22 17:14:12.693  3342  8023 I com.miui.home: CheckGCForNative gc_urgency 0.990603 current_native_bytes is 152752199 starting_gc_num:30
12-22 17:14:12.699  3342  8023 I com.miui.home: CheckGCForNative adj_start_bytes: 34814288 NativeAllocationGcWatermark: 10783941 java_gc_start_bytes: 18638377 kNewNativeDiscountFactor: 2 kOldNativeDiscountFactor: 65536 old_native_bytes: 118996391 new_native_bytes: 33763040 add_bytes_allowed: 32351823 is_gc_concurrent: 1 target_footprint_: 19162665 GetBytesAllocated: 17626595 HeapGrowthMultiplier: 3
12-22 17:14:12.699  3342  8023 I com.miui.home: CheckGCForNative gc_urgency 0.991258 current_native_bytes is 152759431 starting_gc_num:30
12-22 17:14:12.891  3342  3370 I com.miui.home: NativeAlloc concurrent copying GC freed 186885(8009KB) AllocSpace objects, 28(784KB) LOS objects, 49% free, 8758KB/17MB, paused 445us,24us total 206.882ms
12-22 17:14:13.047  3342  3651 I com.miui.home: CheckGCForNative gc_urgency 0 current_native_bytes is 129297083 starting_gc_num:31
12-22 17:14:13.203  3342  3649 I cccccc  : createTaskSnapshotCompat:
12-22 17:14:13.465  3342  3342 I com.miui.home: CheckGCForNative gc_urgency 0 current_native_bytes is 129216743 starting_gc_num:31
12-22 17:14:13.520  3342  3342 I wm_on_top_resumed_lost_called: [152413436,com.miui.home.launcher.Launcher,topStateChangedWhenResumed]
12-22 17:14:13.533  3342  3406 D cccccc  : onTaskStackChangedBackground
12-22 17:14:13.538  3342  3406 D cccccc  : onTaskStackChangedBackground
12-22 17:14:13.543  3342 14015 I com.miui.home: CheckGCForNative adj_start_bytes: 33477355 NativeAllocationGcWatermark: 10630762 java_gc_start_bytes: 17531212 kNewNativeDiscountFactor: 2 kOldNativeDiscountFactor: 65536 old_native_bytes: 129216743 new_native_bytes: 112132 add_bytes_allowed: 31892286 is_gc_concurrent: 1 target_footprint_: 17937236 GetBytesAllocated: 9616058 HeapGrowthMultiplier: 3
12-22 17:14:13.543  3342 14015 I com.miui.home: CheckGCForNative gc_urgency 0.288974 current_native_bytes is 129328875 starting_gc_num:31
12-22 17:14:13.704  3342  3342 I wm_on_paused_called: [0,152413436,com.miui.home.launcher.Launcher,performPause,2]
12-22 17:14:13.814  3342  3406 D cccccc  : onTaskStackChangedBackground
12-22 17:14:13.818  3342  3406 D cccccc  : onTaskStackChangedBackground
12-22 17:14:13.877  3342  3994 E cccccc  : createTaskSnapshot:
12-22 17:14:13.877  3342  3994 I cccccc  : getTaskSnapshotInstance:
12-22 17:14:13.879  3342  3994 E cccccc  : createTaskSnapshot:
12-22 17:14:13.879  3342  3994 I cccccc  : getTaskSnapshotInstance:
12-22 17:14:13.885  3342  3994 I com.miui.home: CheckGCForNative adj_start_bytes: 33477355 NativeAllocationGcWatermark: 10630762 java_gc_start_bytes: 17531212 kNewNativeDiscountFactor: 2 kOldNativeDiscountFactor: 65536 old_native_bytes: 129216743 new_native_bytes: 11628288 add_bytes_allowed: 31892286 is_gc_concurrent: 1 target_footprint_: 17937236 GetBytesAllocated: 10597952 HeapGrowthMultiplier: 3
12-22 17:14:13.885  3342  3994 I com.miui.home: CheckGCForNative gc_urgency 0.490304 current_native_bytes is 140845031 starting_gc_num:31
12-22 17:14:14.129  3342  3994 I com.miui.home: CheckGCForNative adj_start_bytes: 33477355 NativeAllocationGcWatermark: 10630762 java_gc_start_bytes: 17531212 kNewNativeDiscountFactor: 2 kOldNativeDiscountFactor: 65536 old_native_bytes: 129216743 new_native_bytes: 1328644 add_bytes_allowed: 31892286 is_gc_concurrent: 1 target_footprint_: 17937236 GetBytesAllocated: 11130207 HeapGrowthMultiplier: 3
12-22 17:14:14.129  3342  3994 I com.miui.home: CheckGCForNative gc_urgency 0.352372 current_native_bytes is 130545387 starting_gc_num:31
12-22 17:14:14.174  3342  3994 E cccccc  : createTaskSnapshot:
12-22 17:14:14.174  3342  3994 I cccccc  : getTaskSnapshotInstance:
12-22 17:14:14.313  3342  3651 I com.miui.home: CheckGCForNative adj_start_bytes: 33477355 NativeAllocationGcWatermark: 10630762 java_gc_start_bytes: 17531212 kNewNativeDiscountFactor: 2 kOldNativeDiscountFactor: 65536 old_native_bytes: 129216743 new_native_bytes: 1435924 add_bytes_allowed: 31892286 is_gc_concurrent: 1 target_footprint_: 17937236 GetBytesAllocated: 11316114 HeapGrowthMultiplier: 3
12-22 17:14:14.313  3342  3651 I com.miui.home: CheckGCForNative gc_urgency 0.359528 current_native_bytes is 130652667 starting_gc_num:31
12-22 17:14:14.458  3342  3651 I com.miui.home: CheckGCForNative adj_start_bytes: 33477355 NativeAllocationGcWatermark: 10630762 java_gc_start_bytes: 17531212 kNewNativeDiscountFactor: 2 kOldNativeDiscountFactor: 65536 old_native_bytes: 129216743 new_native_bytes: 1443348 add_bytes_allowed: 31892286 is_gc_concurrent: 1 target_footprint_: 17937236 GetBytesAllocated: 11369673 HeapGrowthMultiplier: 3
12-22 17:14:14.458  3342  3651 I com.miui.home: CheckGCForNative gc_urgency 0.361239 current_native_bytes is 130660091 starting_gc_num:31
12-22 17:14:14.965 14049 14049 I wm_on_create_called: [0,204439838,com.tencent.mtt.SplashActivity,performCreate,231]
12-22 17:14:15.047 14049 14049 I wm_on_create_called: [0,9290917,com.tencent.mtt.MainActivity,performCreate,28]
12-22 17:14:15.052 14049 14049 I wm_on_start_called: [0,9290917,com.tencent.mtt.MainActivity,handleStartActivity,4]
12-22 17:14:15.093  3342  9915 D cccccc  : onTaskStackChangedBackground
12-22 17:14:15.094  3342  9915 D cccccc  : onTaskStackChangedBackground
12-22 17:14:15.367  3342  3342 I wm_on_resume_called: [0,152413436,com.miui.home.launcher.Launcher,RESUME_ACTIVITY,16]
12-22 17:14:15.389  3342  3342 I wm_on_idle_called: com.miui.home.launcher.Launcher
12-22 17:14:15.456  3342  3994 E cccccc  : createTaskSnapshot:
12-22 17:14:15.456  3342  3994 I cccccc  : getTaskSnapshotInstance:
12-22 17:14:15.464  3342 14015 I com.miui.home: CheckGCForNative adj_start_bytes: 33477355 NativeAllocationGcWatermark: 10630762 java_gc_start_bytes: 17531212 kNewNativeDiscountFactor: 2 kOldNativeDiscountFactor: 65536 old_native_bytes: 129216743 new_native_bytes: 1732236 add_bytes_allowed: 31892286 is_gc_concurrent: 1 target_footprint_: 17937236 GetBytesAllocated: 13362357 HeapGrowthMultiplier: 3
12-22 17:14:15.464  3342 14015 I com.miui.home: CheckGCForNative gc_urgency 0.425077 current_native_bytes is 130948979 starting_gc_num:31
12-22 17:14:15.530  3342 14015 I com.miui.home: CheckGCForNative adj_start_bytes: 33477355 NativeAllocationGcWatermark: 10630762 java_gc_start_bytes: 17531212 kNewNativeDiscountFactor: 2 kOldNativeDiscountFactor: 65536 old_native_bytes: 129216743 new_native_bytes: 1706996 add_bytes_allowed: 31892286 is_gc_concurrent: 1 target_footprint_: 17937236 GetBytesAllocated: 13826200 HeapGrowthMultiplier: 3
12-22 17:14:15.530  3342 14015 I com.miui.home: CheckGCForNative gc_urgency 0.438555 current_native_bytes is 130923739 starting_gc_num:31
12-22 17:14:15.550  3342  3404 I com.miui.home: CheckGCForNative adj_start_bytes: 33477355 NativeAllocationGcWatermark: 10630762 java_gc_start_bytes: 17531212 kNewNativeDiscountFactor: 2 kOldNativeDiscountFactor: 65536 old_native_bytes: 129216743 new_native_bytes: 12413044 add_bytes_allowed: 31892286 is_gc_concurrent: 1 target_footprint_: 17937236 GetBytesAllocated: 13851244 HeapGrowthMultiplier: 3
12-22 17:14:15.551  3342  3404 I com.miui.home: CheckGCForNative gc_urgency 0.599203 current_native_bytes is 141629787 starting_gc_num:31
12-22 17:14:15.551  3342  3404 I cccccc  : createTaskSnapshotCompat:
12-22 17:14:15.556  3342  3404 I com.miui.home: CheckGCForNative adj_start_bytes: 33477355 NativeAllocationGcWatermark: 10630762 java_gc_start_bytes: 17531212 kNewNativeDiscountFactor: 2 kOldNativeDiscountFactor: 65536 old_native_bytes: 129216743 new_native_bytes: 23119988 add_bytes_allowed: 31892286 is_gc_concurrent: 1 target_footprint_: 17937236 GetBytesAllocated: 13859484 HeapGrowthMultiplier: 3
12-22 17:14:15.556  3342  3404 I com.miui.home: CheckGCForNative gc_urgency 0.759362 current_native_bytes is 152336731 starting_gc_num:31
12-22 17:14:15.734  3342 14015 I com.miui.home: CheckGCForNative adj_start_bytes: 33477355 NativeAllocationGcWatermark: 10630762 java_gc_start_bytes: 17531212 kNewNativeDiscountFactor: 2 kOldNativeDiscountFactor: 65536 old_native_bytes: 129216743 new_native_bytes: 12518340 add_bytes_allowed: 31892286 is_gc_concurrent: 1 target_footprint_: 17937236 GetBytesAllocated: 14143348 HeapGrowthMultiplier: 3
12-22 17:14:15.734  3342 14015 I com.miui.home: CheckGCForNative gc_urgency 0.609501 current_native_bytes is 141735083 starting_gc_num:31
12-22 17:14:15.739 14049 14049 I wm_on_resume_called: [0,9290917,com.tencent.mtt.MainActivity,RESUME_ACTIVITY,684]
12-22 17:14:15.753 14049 14049 I wm_on_top_resumed_gained_called: [9290917,com.tencent.mtt.MainActivity,topStateChangedWhenResumed]
12-22 17:14:15.805  3342  3342 I wm_on_top_resumed_gained_called: [152413436,com.miui.home.launcher.Launcher,topStateChangedWhenResumed]
12-22 17:14:15.889  3342  3994 E cccccc  : createTaskSnapshot:
12-22 17:14:15.890  3342  3994 I cccccc  : getTaskSnapshotInstance:
12-22 17:14:15.891  3342  3651 I com.miui.home: CheckGCForNative adj_start_bytes: 33477355 NativeAllocationGcWatermark: 10630762 java_gc_start_bytes: 17531212 kNewNativeDiscountFactor: 2 kOldNativeDiscountFactor: 65536 old_native_bytes: 129216743 new_native_bytes: 12693848 add_bytes_allowed: 31892286 is_gc_concurrent: 1 target_footprint_: 17937236 GetBytesAllocated: 14623459 HeapGrowthMultiplier: 3
12-22 17:14:15.891  3342  3651 I com.miui.home: CheckGCForNative gc_urgency 0.626464 current_native_bytes is 141910591 starting_gc_num:31
12-22 17:14:15.893  3342  3994 I com.miui.home: CheckGCForNative adj_start_bytes: 33477355 NativeAllocationGcWatermark: 10630762 java_gc_start_bytes: 17531212 kNewNativeDiscountFactor: 2 kOldNativeDiscountFactor: 65536 old_native_bytes: 129216743 new_native_bytes: 23387032 add_bytes_allowed: 31892286 is_gc_concurrent: 1 target_footprint_: 17937236 GetBytesAllocated: 14626765 HeapGrowthMultiplier: 3
12-22 17:14:15.893  3342  3994 I com.miui.home: CheckGCForNative gc_urgency 0.78627 current_native_bytes is 152603775 starting_gc_num:31
12-22 17:14:15.913  3342  3651 I com.miui.home: CheckGCForNative adj_start_bytes: 33477355 NativeAllocationGcWatermark: 10630762 java_gc_start_bytes: 17531212 kNewNativeDiscountFactor: 2 kOldNativeDiscountFactor: 65536 old_native_bytes: 129216743 new_native_bytes: 12682648 add_bytes_allowed: 31892286 is_gc_concurrent: 1 target_footprint_: 17937236 GetBytesAllocated: 14635756 HeapGrowthMultiplier: 3
12-22 17:14:15.913  3342  3651 I com.miui.home: CheckGCForNative gc_urgency 0.626664 current_native_bytes is 141899391 starting_gc_num:31
12-22 17:14:16.062  3342  3649 I cccccc  : createTaskSnapshotCompat:
12-22 17:14:16.323 14049 14049 I wm_on_top_resumed_lost_called: [9290917,com.tencent.mtt.MainActivity,topStateChangedWhenResumed]
12-22 17:14:16.400 14049 14049 I wm_on_paused_called: [0,9290917,com.tencent.mtt.MainActivity,performPause,0]
12-22 17:14:16.479  3342  3342 I wm_on_top_resumed_lost_called: [152413436,com.miui.home.launcher.Launcher,topStateChangedWhenResumed]
12-22 17:14:16.483 14049 14049 I wm_on_destroy_called: [0,204439838,com.tencent.mtt.SplashActivity,performDestroy,1]
12-22 17:14:16.491  3342  3342 I wm_on_paused_called: [0,152413436,com.miui.home.launcher.Launcher,performPause,2]
12-22 17:14:16.579  3342  3404 D cccccc  : onTaskStackChangedBackground
12-22 17:14:16.586  3342  3404 D cccccc  : onTaskStackChangedBackground
12-22 17:14:16.650 14351 14351 I wm_on_application_create_called: [0,com.miui.securitycore,325]
12-22 17:14:16.667  3342  3391 D cccccc  : onTaskStackChangedBackground
12-22 17:14:16.670  3342  3404 D cccccc  : onTaskStackChangedBackground
12-22 17:14:16.891  3342  3651 I com.miui.home: CheckGCForNative adj_start_bytes: 33477355 NativeAllocationGcWatermark: 10630762 java_gc_start_bytes: 17531212 kNewNativeDiscountFactor: 2 kOldNativeDiscountFactor: 65536 old_native_bytes: 129216743 new_native_bytes: 12972048 add_bytes_allowed: 31892286 is_gc_concurrent: 1 target_footprint_: 17937236 GetBytesAllocated: 15541692 HeapGrowthMultiplier: 3
12-22 17:14:16.891  3342  3651 I com.miui.home: CheckGCForNative gc_urgency 0.658047 current_native_bytes is 142188791 starting_gc_num:31
12-22 17:14:16.982  3342  3994 E cccccc  : createTaskSnapshot:
12-22 17:14:16.982  3342  3994 I cccccc  : getTaskSnapshotInstance:
12-22 17:14:16.983  3342  3994 E cccccc  : createTaskSnapshot:
12-22 17:14:16.984  3342  3994 I cccccc  : getTaskSnapshotInstance:
12-22 17:14:16.989  3342  3994 I com.miui.home: CheckGCForNative adj_start_bytes: 33477355 NativeAllocationGcWatermark: 10630762 java_gc_start_bytes: 17531212 kNewNativeDiscountFactor: 2 kOldNativeDiscountFactor: 65536 old_native_bytes: 129216743 new_native_bytes: 23776740 add_bytes_allowed: 31892286 is_gc_concurrent: 1 target_footprint_: 17937236 GetBytesAllocated: 15931528 HeapGrowthMultiplier: 3
12-22 17:14:16.989  3342  3994 I com.miui.home: CheckGCForNative gc_urgency 0.831065 current_native_bytes is 152993483 starting_gc_num:31
12-22 17:14:17.158  3342  3651 I com.miui.home: CheckGCForNative adj_start_bytes: 33477355 NativeAllocationGcWatermark: 10630762 java_gc_start_bytes: 17531212 kNewNativeDiscountFactor: 2 kOldNativeDiscountFactor: 65536 old_native_bytes: 129216743 new_native_bytes: 13209764 add_bytes_allowed: 31892286 is_gc_concurrent: 1 target_footprint_: 17937236 GetBytesAllocated: 16397094 HeapGrowthMultiplier: 3
12-22 17:14:17.158  3342  3651 I com.miui.home: CheckGCForNative gc_urgency 0.687149 current_native_bytes is 142426507 starting_gc_num:31
12-22 17:14:17.180  3342  3651 I com.miui.home: CheckGCForNative adj_start_bytes: 33477355 NativeAllocationGcWatermark: 10630762 java_gc_start_bytes: 17531212 kNewNativeDiscountFactor: 2 kOldNativeDiscountFactor: 65536 old_native_bytes: 129216743 new_native_bytes: 13336676 add_bytes_allowed: 31892286 is_gc_concurrent: 1 target_footprint_: 17937236 GetBytesAllocated: 16473165 HeapGrowthMultiplier: 3
12-22 17:14:17.180  3342  3651 I com.miui.home: CheckGCForNative gc_urgency 0.691317 current_native_bytes is 142553419 starting_gc_num:31
12-22 17:14:17.214  3342  3994 E cccccc  : createTaskSnapshot:
12-22 17:14:17.214  3342  3994 I cccccc  : getTaskSnapshotInstance:
12-22 17:14:17.427 14413 14413 I wm_on_application_create_called: [0,com.youku.phone,344]
12-22 17:14:17.552 14413 14413 I wm_on_create_called: [0,122344714,com.youku.phone.ActivityWelcome,performCreate,80]
12-22 17:14:17.726  3342  3391 D cccccc  : onTaskStackChangedBackground
12-22 17:14:17.727  3342  3391 D cccccc  : onTaskStackChangedBackground
12-22 17:14:17.735 14413 14413 I wm_on_create_called: [0,213460022,com.youku.v2.HomePageEntry,performCreate,61]
12-22 17:14:17.800 14413 14413 I wm_on_start_called: [0,213460022,com.youku.v2.HomePageEntry,handleStartActivity,60]
12-22 17:14:17.843 14413 14413 I wm_on_resume_called: [0,213460022,com.youku.v2.HomePageEntry,RESUME_ACTIVITY,40]
12-22 17:14:17.861 14413 14413 I wm_on_top_resumed_gained_called: [213460022,com.youku.v2.HomePageEntry,topStateChangedWhenResumed]
12-22 17:14:17.916  3342  3994 E cccccc  : createTaskSnapshot:
12-22 17:14:17.916  3342  3994 I cccccc  : getTaskSnapshotInstance:
12-22 17:14:18.142  3342  3342 I wm_on_resume_called: [0,152413436,com.miui.home.launcher.Launcher,RESUME_ACTIVITY,16]
12-22 17:14:18.160  3342  3617 I com.miui.home: CheckGCForNative gc_urgency 0 current_native_bytes is 140529279 starting_gc_num:32
12-22 17:14:18.233  3342  3342 I wm_on_idle_called: com.miui.home.launcher.Launcher
12-22 17:14:18.308  3342  3994 E cccccc  : createTaskSnapshot:
12-22 17:14:18.308  3342  3994 I cccccc  : getTaskSnapshotInstance:
12-22 17:14:18.376  3342 14764 I com.miui.home: CheckGCForNative adj_start_bytes: 33556563 NativeAllocationGcWatermark: 10630762 java_gc_start_bytes: 17610420 kNewNativeDiscountFactor: 2 kOldNativeDiscountFactor: 65536 old_native_bytes: 140529279 new_native_bytes: 11322188 add_bytes_allowed: 31892286 is_gc_concurrent: 1 target_footprint_: 17937236 GetBytesAllocated: 11417909 HeapGrowthMultiplier: 3
12-22 17:14:18.376  3342 14764 I com.miui.home: CheckGCForNative gc_urgency 0.509026 current_native_bytes is 151851467 starting_gc_num:32
12-22 17:14:18.376  3342 14764 I cccccc  : createTaskSnapshotCompat:
12-22 17:14:18.379  3342 14764 I com.miui.home: CheckGCForNative adj_start_bytes: 33556563 NativeAllocationGcWatermark: 10630762 java_gc_start_bytes: 17610420 kNewNativeDiscountFactor: 2 kOldNativeDiscountFactor: 65536 old_native_bytes: 140529279 new_native_bytes: 22030412 add_bytes_allowed: 31892286 is_gc_concurrent: 1 target_footprint_: 17937236 GetBytesAllocated: 11428318 HeapGrowthMultiplier: 3
12-22 17:14:18.379  3342 14764 I com.miui.home: CheckGCForNative gc_urgency 0.668891 current_native_bytes is 162559691 starting_gc_num:32
12-22 17:14:18.508  3342  3651 I com.miui.home: CheckGCForNative adj_start_bytes: 33556563 NativeAllocationGcWatermark: 10630762 java_gc_start_bytes: 17610420 kNewNativeDiscountFactor: 2 kOldNativeDiscountFactor: 65536 old_native_bytes: 140529279 new_native_bytes: 11322380 add_bytes_allowed: 31892286 is_gc_concurrent: 1 target_footprint_: 17937236 GetBytesAllocated: 11509631 HeapGrowthMultiplier: 3
12-22 17:14:18.508  3342  3651 I com.miui.home: CheckGCForNative gc_urgency 0.511762 current_native_bytes is 151851659 starting_gc_num:32
12-22 17:14:18.564  3342  3651 I com.miui.home: CheckGCForNative adj_start_bytes: 33556563 NativeAllocationGcWatermark: 10630762 java_gc_start_bytes: 17610420 kNewNativeDiscountFactor: 2 kOldNativeDiscountFactor: 65536 old_native_bytes: 140529279 new_native_bytes: 11326732 add_bytes_allowed: 31892286 is_gc_concurrent: 1 target_footprint_: 17937236 GetBytesAllocated: 11530262 HeapGrowthMultiplier: 3
12-22 17:14:18.564  3342  3651 I com.miui.home: CheckGCForNative gc_urgency 0.512441 current_native_bytes is 151856011 starting_gc_num:32
12-22 17:14:18.616  3342  3342 I wm_on_top_resumed_gained_called: [152413436,com.miui.home.launcher.Launcher,topStateChangedWhenResumed]
12-22 17:14:18.905  3342  3649 I com.miui.home: CheckGCForNative adj_start_bytes: 33556563 NativeAllocationGcWatermark: 10630762 java_gc_start_bytes: 17610420 kNewNativeDiscountFactor: 2 kOldNativeDiscountFactor: 65536 old_native_bytes: 140529279 new_native_bytes: 22009500 add_bytes_allowed: 31892286 is_gc_concurrent: 1 target_footprint_: 17937236 GetBytesAllocated: 11659535 HeapGrowthMultiplier: 3
12-22 17:14:18.905  3342  3649 I com.miui.home: CheckGCForNative gc_urgency 0.675469 current_native_bytes is 162538779 starting_gc_num:32
12-22 17:14:18.906  3342  3649 I cccccc  : createTaskSnapshotCompat:
12-22 17:14:18.910  3342  3649 I com.miui.home: CheckGCForNative adj_start_bytes: 33556563 NativeAllocationGcWatermark: 10630762 java_gc_start_bytes: 17610420 kNewNativeDiscountFactor: 2 kOldNativeDiscountFactor: 65536 old_native_bytes: 140529279 new_native_bytes: 32716444 add_bytes_allowed: 31892286 is_gc_concurrent: 1 target_footprint_: 17937236 GetBytesAllocated: 11664093 HeapGrowthMultiplier: 3
12-22 17:14:18.913  3342  3649 I com.miui.home: CheckGCForNative gc_urgency 0.835141 current_native_bytes is 173245723 starting_gc_num:32
12-22 17:14:19.066  3342  3617 I com.miui.home: CheckGCForNative adj_start_bytes: 33556563 NativeAllocationGcWatermark: 10630762 java_gc_start_bytes: 17610420 kNewNativeDiscountFactor: 2 kOldNativeDiscountFactor: 65536 old_native_bytes: 140529279 new_native_bytes: 22086604 add_bytes_allowed: 31892286 is_gc_concurrent: 1 target_footprint_: 17937236 GetBytesAllocated: 11804989 HeapGrowthMultiplier: 3
12-22 17:14:19.066  3342  3617 I com.miui.home: CheckGCForNative gc_urgency 0.680953 current_native_bytes is 162615883 starting_gc_num:32
12-22 17:14:19.123  3342  3342 I wm_on_top_resumed_lost_called: [152413436,com.miui.home.launcher.Launcher,topStateChangedWhenResumed]
12-22 17:14:19.162  3342 14764 D cccccc  : onTaskStackChangedBackground
12-22 17:14:19.164  3342 14764 D cccccc  : onTaskStackChangedBackground
12-22 17:14:19.435  3342  3342 I wm_on_paused_called: [0,152413436,com.miui.home.launcher.Launcher,performPause,3]
12-22 17:14:19.460  3342  3994 E cccccc  : createTaskSnapshot:
12-22 17:14:19.460  3342  3994 I cccccc  : getTaskSnapshotInstance:
12-22 17:14:19.486  3342  3994 E cccccc  : createTaskSnapshot:
12-22 17:14:19.486  3342  3994 I cccccc  : getTaskSnapshotInstance:
12-22 17:14:19.509  3342  3994 I com.miui.home: CheckGCForNative adj_start_bytes: 33556563 NativeAllocationGcWatermark: 10630762 java_gc_start_bytes: 17610420 kNewNativeDiscountFactor: 2 kOldNativeDiscountFactor: 65536 old_native_bytes: 140529279 new_native_bytes: 33206320 add_bytes_allowed: 31892286 is_gc_concurrent: 1 target_footprint_: 17937236 GetBytesAllocated: 12692363 HeapGrowthMultiplier: 3
12-22 17:14:19.513  3342  3994 I com.miui.home: CheckGCForNative gc_urgency 0.873083 current_native_bytes is 173735599 starting_gc_num:32
12-22 17:14:19.535  3342  4299 D cccccc  : onTaskStackChangedBackground
12-22 17:14:19.535  3342  3404 D cccccc  : onTaskStackChangedBackground
12-22 17:14:19.785  3342  3651 I com.miui.home: CheckGCForNative adj_start_bytes: 33556563 NativeAllocationGcWatermark: 10630762 java_gc_start_bytes: 17610420 kNewNativeDiscountFactor: 2 kOldNativeDiscountFactor: 65536 old_native_bytes: 140529279 new_native_bytes: 22779732 add_bytes_allowed: 31892286 is_gc_concurrent: 1 target_footprint_: 17937236 GetBytesAllocated: 13443954 HeapGrowthMultiplier: 3
12-22 17:14:19.786  3342  3651 I com.miui.home: CheckGCForNative gc_urgency 0.740122 current_native_bytes is 163309011 starting_gc_num:32
12-22 17:14:19.796  3342  3994 E cccccc  : createTaskSnapshot:
12-22 17:14:19.796  3342  3994 I cccccc  : getTaskSnapshotInstance:
12-22 17:14:19.797  3342  3651 I com.miui.home: CheckGCForNative adj_start_bytes: 33556563 NativeAllocationGcWatermark: 10630762 java_gc_start_bytes: 17610420 kNewNativeDiscountFactor: 2 kOldNativeDiscountFactor: 65536 old_native_bytes: 140529279 new_native_bytes: 22804564 add_bytes_allowed: 31892286 is_gc_concurrent: 1 target_footprint_: 17937236 GetBytesAllocated: 13501380 HeapGrowthMultiplier: 3
12-22 17:14:19.797  3342  3651 I com.miui.home: CheckGCForNative gc_urgency 0.742204 current_native_bytes is 163333843 starting_gc_num:32
12-22 17:14:19.912  3342  3994 E cccccc  : createTaskSnapshot:
12-22 17:14:19.912  3342  3994 I cccccc  : getTaskSnapshotInstance:
12-22 17:14:20.041  3342  3651 I com.miui.home: CheckGCForNative adj_start_bytes: 33556563 NativeAllocationGcWatermark: 10630762 java_gc_start_bytes: 17610420 kNewNativeDiscountFactor: 2 kOldNativeDiscountFactor: 65536 old_native_bytes: 140529279 new_native_bytes: 23151816 add_bytes_allowed: 31892286 is_gc_concurrent: 1 target_footprint_: 17937236 GetBytesAllocated: 14201933 HeapGrowthMultiplier: 3
12-22 17:14:20.041  3342  3651 I com.miui.home: CheckGCForNative gc_urgency 0.768255 current_native_bytes is 163681095 starting_gc_num:32
12-22 17:14:20.247 14950 14950 I wm_on_create_called: [0,213386789,com.ucpro.MainActivity,performCreate,105]
12-22 17:14:20.427  3342 14764 D cccccc  : onTaskStackChangedBackground
12-22 17:14:20.428  3342  3404 D cccccc  : onTaskStackChangedBackground
12-22 17:14:20.662  3342  3994 E cccccc  : createTaskSnapshot:
12-22 17:14:20.662  3342  3994 I cccccc  : getTaskSnapshotInstance:
12-22 17:14:20.735 14950 14950 I wm_on_create_called: [0,75377433,com.ucpro.BrowserActivity,performCreate,394]
12-22 17:14:20.740 14950 14950 I wm_on_start_called: [0,75377433,com.ucpro.BrowserActivity,handleStartActivity,5]
12-22 17:14:20.750 14950 14950 I wm_on_resume_called: [0,75377433,com.ucpro.BrowserActivity,RESUME_ACTIVITY,7]
12-22 17:14:20.788 14950 14950 I wm_on_top_resumed_gained_called: [75377433,com.ucpro.BrowserActivity,topStateChangedWhenResumed]
12-22 17:14:20.830  3342  3994 E cccccc  : createTaskSnapshot:
12-22 17:14:20.830  3342  3994 I cccccc  : getTaskSnapshotInstance:
12-22 17:14:21.220  3342  3342 I wm_on_stop_called: [0,152413436,com.miui.home.launcher.Launcher,STOP_ACTIVITY_ITEM,6]
12-22 17:14:21.450 14950 14950 I wm_on_destroy_called: [0,213386789,com.ucpro.MainActivity,performDestroy,0]
12-22 17:14:21.735  3342  3342 I wm_on_restart_called: [0,152413436,com.miui.home.launcher.Launcher,,0]
12-22 17:14:21.736  3342  3342 I wm_on_start_called: [0,152413436,com.miui.home.launcher.Launcher,handleStartActivity,2]
12-22 17:14:21.754  3342  3342 I wm_on_resume_called: [0,152413436,com.miui.home.launcher.Launcher,RESUME_ACTIVITY,16]
12-22 17:14:21.780  3342  3617 I com.miui.home: CheckGCForNative adj_start_bytes: 33556563 NativeAllocationGcWatermark: 10630762 java_gc_start_bytes: 17610420 kNewNativeDiscountFactor: 2 kOldNativeDiscountFactor: 65536 old_native_bytes: 140529279 new_native_bytes: 23469784 add_bytes_allowed: 31892286 is_gc_concurrent: 1 target_footprint_: 17937236 GetBytesAllocated: 16400905 HeapGrowthMultiplier: 3
12-22 17:14:21.780  3342  3617 I com.miui.home: CheckGCForNative gc_urgency 0.838523 current_native_bytes is 163999063 starting_gc_num:32
12-22 17:14:21.848  3342  3342 I wm_on_idle_called: com.miui.home.launcher.Launcher
12-22 17:14:21.967  3342 14764 I com.miui.home: CheckGCForNative adj_start_bytes: 33556563 NativeAllocationGcWatermark: 10630762 java_gc_start_bytes: 17610420 kNewNativeDiscountFactor: 2 kOldNativeDiscountFactor: 65536 old_native_bytes: 140529279 new_native_bytes: 34418260 add_bytes_allowed: 31892286 is_gc_concurrent: 1 target_footprint_: 17937236 GetBytesAllocated: 17143310 HeapGrowthMultiplier: 3
12-22 17:14:21.968  3342 14764 I com.miui.home: CheckGCForNative gc_urgency 1.02378 current_native_bytes is 174947539 starting_gc_num:32
12-22 17:14:21.968  3342 14764 I com.miui.home: CheckGCForNative requested 1
12-22 17:14:21.968  3342 14764 I cccccc  : createTaskSnapshotCompat:
