12-22 16:50:56.799  3315  3695 E cccccc  : createTaskSnapshot:
12-22 16:50:56.799  3315  3695 I cccccc  : getTaskSnapshotInstance:
12-22 16:50:56.996 10153 10153 I wm_on_application_create_called: [0,com.smile.gifmaker,431]
12-22 16:50:57.116  3315  3315 I wm_on_resume_called: [0,66835825,com.miui.home.launcher.Launcher,RESUME_ACTIVITY,21]
12-22 16:50:57.133  3315  3315 I wm_on_idle_called: com.miui.home.launcher.Launcher
12-22 16:50:57.265  3315  4449 I com.miui.home: CheckGCForNative adj_start_bytes: 33761882 NativeAllocationGcWatermark: 10673161 java_gc_start_bytes: 17752141 kNewNativeDiscountFactor: 2 kOldNativeDiscountFactor: 65536 old_native_bytes: 131118467 new_native_bytes: 25766996 add_bytes_allowed: 32019483 is_gc_concurrent: 1 target_footprint_: 18276429 GetBytesAllocated: 11770471 HeapGrowthMultiplier: 3
12-22 16:50:57.265  3315  4449 I com.miui.home: CheckGCForNative gc_urgency 0.73029 current_native_bytes is 156885463 starting_gc_num:23
12-22 16:50:57.265  3315  4449 I cccccc  : createTaskSnapshotCompat:
12-22 16:50:57.266  3315  4449 I com.miui.home: CheckGCForNative adj_start_bytes: 33761882 NativeAllocationGcWatermark: 10673161 java_gc_start_bytes: 17752141 kNewNativeDiscountFactor: 2 kOldNativeDiscountFactor: 65536 old_native_bytes: 131118467 new_native_bytes: 36474132 add_bytes_allowed: 32019483 is_gc_concurrent: 1 target_footprint_: 18276429 GetBytesAllocated: 11775236 HeapGrowthMultiplier: 3
12-22 16:50:57.266  3315  4449 I com.miui.home: CheckGCForNative gc_urgency 0.889 current_native_bytes is 167592599 starting_gc_num:23
12-22 16:50:57.286  3315  4449 I cccccc  : getTaskSnapshot:
12-22 16:50:57.286  3315  4449 I com.miui.home: CheckGCForNative adj_start_bytes: 33761882 NativeAllocationGcWatermark: 10673161 java_gc_start_bytes: 17752141 kNewNativeDiscountFactor: 2 kOldNativeDiscountFactor: 65536 old_native_bytes: 131118467 new_native_bytes: 36631924 add_bytes_allowed: 32019483 is_gc_concurrent: 1 target_footprint_: 18276429 GetBytesAllocated: 11884014 HeapGrowthMultiplier: 3
12-22 16:50:57.286  3315  4449 I com.miui.home: CheckGCForNative gc_urgency 0.894558 current_native_bytes is 167750391 starting_gc_num:23
12-22 16:50:57.297  3315  3620 I com.miui.home: CheckGCForNative adj_start_bytes: 33761882 NativeAllocationGcWatermark: 10673161 java_gc_start_bytes: 17752141 kNewNativeDiscountFactor: 2 kOldNativeDiscountFactor: 65536 old_native_bytes: 131118467 new_native_bytes: 36659828 add_bytes_allowed: 32019483 is_gc_concurrent: 1 target_footprint_: 18276429 GetBytesAllocated: 11907368 HeapGrowthMultiplier: 3
12-22 16:50:57.297  3315  3620 I com.miui.home: CheckGCForNative gc_urgency 0.895663 current_native_bytes is 167778295 starting_gc_num:23
12-22 16:50:57.310  3315  3315 I cccccc  : createTaskSnapshotCompat:
12-22 16:50:57.452  3315  3620 I com.miui.home: CheckGCForNative adj_start_bytes: 33761882 NativeAllocationGcWatermark: 10673161 java_gc_start_bytes: 17752141 kNewNativeDiscountFactor: 2 kOldNativeDiscountFactor: 65536 old_native_bytes: 131118467 new_native_bytes: 26012452 add_bytes_allowed: 32019483 is_gc_concurrent: 1 target_footprint_: 18276429 GetBytesAllocated: 12329800 HeapGrowthMultiplier: 3
12-22 16:50:57.452  3315  3620 I com.miui.home: CheckGCForNative gc_urgency 0.750492 current_native_bytes is 157130919 starting_gc_num:23
12-22 16:50:57.530  3315  3315 I wm_on_top_resumed_gained_called: [66835825,com.miui.home.launcher.Launcher,topStateChangedWhenResumed]
12-22 16:50:57.530 10206 10206 I wm_on_application_create_called: [0,com.xiaomi.market,324]
12-22 16:50:57.543 10153 10153 I wm_on_create_called: [0,217862596,com.yxcorp.gifshow.HomeActivity,performCreate,534]
12-22 16:50:57.773  3315  3618 I com.miui.home: CheckGCForNative adj_start_bytes: 33761882 NativeAllocationGcWatermark: 10673161 java_gc_start_bytes: 17752141 kNewNativeDiscountFactor: 2 kOldNativeDiscountFactor: 65536 old_native_bytes: 131118467 new_native_bytes: 36578268 add_bytes_allowed: 32019483 is_gc_concurrent: 1 target_footprint_: 18276429 GetBytesAllocated: 12618993 HeapGrowthMultiplier: 3
12-22 16:50:57.775  3315  3618 I com.miui.home: CheckGCForNative gc_urgency 0.915533 current_native_bytes is 167696735 starting_gc_num:23
12-22 16:50:57.775  3315  3618 I cccccc  : createTaskSnapshotCompat:
12-22 16:50:57.776  3315  3618 I com.miui.home: CheckGCForNative adj_start_bytes: 33761882 NativeAllocationGcWatermark: 10673161 java_gc_start_bytes: 17752141 kNewNativeDiscountFactor: 2 kOldNativeDiscountFactor: 65536 old_native_bytes: 131118467 new_native_bytes: 47285532 add_bytes_allowed: 32019483 is_gc_concurrent: 1 target_footprint_: 18276429 GetBytesAllocated: 12619185 HeapGrowthMultiplier: 3
12-22 16:50:57.776  3315  3618 I com.miui.home: CheckGCForNative gc_urgency 1.07411 current_native_bytes is 178403999 starting_gc_num:23
12-22 16:50:57.776  3315  3618 I com.miui.home: CheckGCForNative requested 1
12-22 16:50:57.781  3315  4449 I cccccc  : getTaskSnapshot:
12-22 16:50:57.782  3315  4449 I com.miui.home: CheckGCForNative adj_start_bytes: 33761882 NativeAllocationGcWatermark: 10673161 java_gc_start_bytes: 17752141 kNewNativeDiscountFactor: 2 kOldNativeDiscountFactor: 65536 old_native_bytes: 131118467 new_native_bytes: 47285020 add_bytes_allowed: 32019483 is_gc_concurrent: 1 target_footprint_: 18276429 GetBytesAllocated: 12619185 HeapGrowthMultiplier: 3
12-22 16:50:57.782  3315  4449 I com.miui.home: CheckGCForNative gc_urgency 1.0741 current_native_bytes is 178403487 starting_gc_num:23
12-22 16:50:57.783  3315  4449 I com.miui.home: CheckGCForNative requested 1
12-22 16:50:57.790 10153 10153 I wm_on_start_called: [0,217862596,com.yxcorp.gifshow.HomeActivity,handleStartActivity,245]
12-22 16:50:57.802  3315  3315 I cccccc  : createTaskSnapshotCompat:
12-22 16:50:58.023  3315  3315 I wm_on_top_resumed_lost_called: [66835825,com.miui.home.launcher.Launcher,topStateChangedWhenResumed]
12-22 16:50:58.118  3315  4449 D cccccc  : onTaskStackChangedBackground
12-22 16:50:58.120  3315  4449 D cccccc  : onTaskStackChangedBackground
12-22 16:50:58.226  3315  4449 I com.miui.home: CheckGCForNative adj_start_bytes: 33761882 NativeAllocationGcWatermark: 10673161 java_gc_start_bytes: 17752141 kNewNativeDiscountFactor: 2 kOldNativeDiscountFactor: 65536 old_native_bytes: 131118467 new_native_bytes: 36735404 add_bytes_allowed: 32019483 is_gc_concurrent: 1 target_footprint_: 18276429 GetBytesAllocated: 13154769 HeapGrowthMultiplier: 3
12-22 16:50:58.226  3315  4449 I com.miui.home: CheckGCForNative gc_urgency 0.93373 current_native_bytes is 167853871 starting_gc_num:23
12-22 16:50:58.486  3315  3620 I com.miui.home: CheckGCForNative adj_start_bytes: 33761882 NativeAllocationGcWatermark: 10673161 java_gc_start_bytes: 17752141 kNewNativeDiscountFactor: 2 kOldNativeDiscountFactor: 65536 old_native_bytes: 131118467 new_native_bytes: 36943780 add_bytes_allowed: 32019483 is_gc_concurrent: 1 target_footprint_: 18276429 GetBytesAllocated: 13463638 HeapGrowthMultiplier: 3
12-22 16:50:58.486  3315  3620 I com.miui.home: CheckGCForNative gc_urgency 0.945964 current_native_bytes is 168062247 starting_gc_num:23
12-22 16:50:58.487  3315  3315 I wm_on_paused_called: [0,66835825,com.miui.home.launcher.Launcher,performPause,3]
12-22 16:50:58.556 10153 10153 I wm_on_resume_called: [0,217862596,com.yxcorp.gifshow.HomeActivity,RESUME_ACTIVITY,83]
12-22 16:50:58.597  3315  3620 I com.miui.home: CheckGCForNative adj_start_bytes: 33761882 NativeAllocationGcWatermark: 10673161 java_gc_start_bytes: 17752141 kNewNativeDiscountFactor: 2 kOldNativeDiscountFactor: 65536 old_native_bytes: 131118467 new_native_bytes: 36948440 add_bytes_allowed: 32019483 is_gc_concurrent: 1 target_footprint_: 18276429 GetBytesAllocated: 13578558 HeapGrowthMultiplier: 3
12-22 16:50:58.597  3315  3620 I com.miui.home: CheckGCForNative gc_urgency 0.949437 current_native_bytes is 168066907 starting_gc_num:23
12-22 16:50:58.743  3315  3351 I com.miui.home: NativeAlloc concurrent copying GC freed 98986(4264KB) AllocSpace objects, 6(240KB) LOS objects, 49% free, 8964KB/17MB, paused 17.767ms,79us total 966.594ms
12-22 16:50:58.832 10153 10153 I wm_on_top_resumed_gained_called: [217862596,com.yxcorp.gifshow.HomeActivity,topStateChangedWhenResumed]
12-22 16:50:58.897 10153 10153 I wm_on_top_resumed_lost_called: [217862596,com.yxcorp.gifshow.HomeActivity,topStateChangedWhenResumed]
12-22 16:50:58.976 10599 10599 I wm_on_application_create_called: [0,com.milink.service,265]
12-22 16:50:59.081 10153 10153 I wm_on_paused_called: [0,217862596,com.yxcorp.gifshow.HomeActivity,performPause,13]
12-22 16:50:59.199  3315  3391 D cccccc  : onTaskStackChangedBackground
12-22 16:50:59.201  3315  3695 E cccccc  : createTaskSnapshot:
12-22 16:50:59.201  3315  3695 I cccccc  : getTaskSnapshotInstance:
12-22 16:50:59.201  3315  3391 D cccccc  : onTaskStackChangedBackground
12-22 16:50:59.204  3315  3695 E cccccc  : createTaskSnapshot:
12-22 16:50:59.204  3315  3695 I cccccc  : getTaskSnapshotInstance:
12-22 16:50:59.206  3315  3695 I com.miui.home: CheckGCForNative gc_urgency 0 current_native_bytes is 143340523 starting_gc_num:24
12-22 16:50:59.293  3315  3695 I com.miui.home: CheckGCForNative gc_urgency 0 current_native_bytes is 132653703 starting_gc_num:24
12-22 16:50:59.301 10654 10654 I wm_on_create_called: [0,70476022,com.xunmeng.pinduoduo.ui.activity.MainFrameActivity,performCreate,189]
12-22 16:50:59.392  3315  3315 I wm_on_stop_called: [0,66835825,com.miui.home.launcher.Launcher,STOP_ACTIVITY_ITEM,22]
12-22 16:50:59.555  3315  3695 E cccccc  : createTaskSnapshot:
12-22 16:50:59.555  3315  3695 I cccccc  : getTaskSnapshotInstance:
12-22 16:50:59.618  3315  3315 I wm_on_restart_called: [0,66835825,com.miui.home.launcher.Launcher,,0]
12-22 16:50:59.620  3315  3315 I wm_on_start_called: [0,66835825,com.miui.home.launcher.Launcher,handleStartActivity,1]
12-22 16:50:59.639  3315  3315 I wm_on_resume_called: [0,66835825,com.miui.home.launcher.Launcher,RESUME_ACTIVITY,18]
12-22 16:50:59.733  3315  3315 I wm_on_idle_called: com.miui.home.launcher.Launcher
12-22 16:50:59.764 10654 10654 I wm_on_create_called: [0,168599344,com.xunmeng.pinduoduo.ui.activity.HomeActivity,performCreate,148]
12-22 16:50:59.767  3315  4449 D cccccc  : onTaskStackChangedBackground
12-22 16:50:59.778  3315  3391 D cccccc  : onTaskStackChangedBackground
12-22 16:50:59.867  3315  3381 I cccccc  : getTaskSnapshot:
12-22 16:50:59.868  3315  3381 I com.miui.home: CheckGCForNative adj_start_bytes: 33861403 NativeAllocationGcWatermark: 10683637 java_gc_start_bytes: 17835948 kNewNativeDiscountFactor: 2 kOldNativeDiscountFactor: 65536 old_native_bytes: 132653703 new_native_bytes: 22101012 add_bytes_allowed: 32050911 is_gc_concurrent: 1 target_footprint_: 18360236 GetBytesAllocated: 11307378 HeapGrowthMultiplier: 3
12-22 16:50:59.868  3315  3381 I com.miui.home: CheckGCForNative gc_urgency 0.660336 current_native_bytes is 154754715 starting_gc_num:24
12-22 16:50:59.869  3315  3315 I cccccc  : createTaskSnapshotCompat:
12-22 16:50:59.870  3315  3315 I com.miui.home: CheckGCForNative adj_start_bytes: 33861403 NativeAllocationGcWatermark: 10683637 java_gc_start_bytes: 17835948 kNewNativeDiscountFactor: 2 kOldNativeDiscountFactor: 65536 old_native_bytes: 132653703 new_native_bytes: 32808340 add_bytes_allowed: 32050911 is_gc_concurrent: 1 target_footprint_: 18360236 GetBytesAllocated: 11314459 HeapGrowthMultiplier: 3
12-22 16:50:59.870  3315  3315 I com.miui.home: CheckGCForNative gc_urgency 0.81865 current_native_bytes is 165462043 starting_gc_num:24
12-22 16:50:59.870  3315  3391 I com.miui.home: CheckGCForNative adj_start_bytes: 33861403 NativeAllocationGcWatermark: 10683637 java_gc_start_bytes: 17835948 kNewNativeDiscountFactor: 2 kOldNativeDiscountFactor: 65536 old_native_bytes: 132653703 new_native_bytes: 22104340 add_bytes_allowed: 32050911 is_gc_concurrent: 1 target_footprint_: 18360236 GetBytesAllocated: 11319578 HeapGrowthMultiplier: 3
12-22 16:50:59.870  3315  3391 I com.miui.home: CheckGCForNative gc_urgency 0.660746 current_native_bytes is 154758043 starting_gc_num:24
12-22 16:50:59.870  3315  3391 I cccccc  : createTaskSnapshotCompat:
12-22 16:50:59.919  3315  3620 I com.miui.home: CheckGCForNative adj_start_bytes: 33861403 NativeAllocationGcWatermark: 10683637 java_gc_start_bytes: 17835948 kNewNativeDiscountFactor: 2 kOldNativeDiscountFactor: 65536 old_native_bytes: 132653703 new_native_bytes: 11422724 add_bytes_allowed: 32050911 is_gc_concurrent: 1 target_footprint_: 18360236 GetBytesAllocated: 11381847 HeapGrowthMultiplier: 3
12-22 16:50:59.919  3315  3620 I com.miui.home: CheckGCForNative gc_urgency 0.504859 current_native_bytes is 144076427 starting_gc_num:24
12-22 16:50:59.923 10654 10654 I wm_on_start_called: [0,168599344,com.xunmeng.pinduoduo.ui.activity.HomeActivity,handleStartActivity,158]
12-22 16:50:59.931 10654 10654 I wm_on_resume_called: [0,168599344,com.xunmeng.pinduoduo.ui.activity.HomeActivity,RESUME_ACTIVITY,6]
12-22 16:50:59.988 10654 10654 I wm_on_top_resumed_gained_called: [168599344,com.xunmeng.pinduoduo.ui.activity.HomeActivity,topStateChangedWhenResumed]
12-22 16:50:59.988 10654 10654 I wm_on_top_resumed_lost_called: [168599344,com.xunmeng.pinduoduo.ui.activity.HomeActivity,topStateChangedWhenResumed]
12-22 16:51:00.000  3315  3315 I wm_on_top_resumed_gained_called: [66835825,com.miui.home.launcher.Launcher,topStateChangedWhenResumed]
12-22 16:51:00.031  3315  3695 I com.miui.home: CheckGCForNative adj_start_bytes: 33861403 NativeAllocationGcWatermark: 10683637 java_gc_start_bytes: 17835948 kNewNativeDiscountFactor: 2 kOldNativeDiscountFactor: 65536 old_native_bytes: 132653703 new_native_bytes: 11450360 add_bytes_allowed: 32050911 is_gc_concurrent: 1 target_footprint_: 18360236 GetBytesAllocated: 11506770 HeapGrowthMultiplier: 3
12-22 16:51:00.031  3315  3695 I com.miui.home: CheckGCForNative gc_urgency 0.508956 current_native_bytes is 144104063 starting_gc_num:24
12-22 16:51:00.330  3315  3620 I com.miui.home: CheckGCForNative adj_start_bytes: 33861403 NativeAllocationGcWatermark: 10683637 java_gc_start_bytes: 17835948 kNewNativeDiscountFactor: 2 kOldNativeDiscountFactor: 65536 old_native_bytes: 132653703 new_native_bytes: 11689928 add_bytes_allowed: 32050911 is_gc_concurrent: 1 target_footprint_: 18360236 GetBytesAllocated: 11889162 HeapGrowthMultiplier: 3
12-22 16:51:00.330  3315  3620 I com.miui.home: CheckGCForNative gc_urgency 0.523787 current_native_bytes is 144343631 starting_gc_num:24
12-22 16:51:00.385  3315  3363 I cccccc  : getTaskSnapshot:
12-22 16:51:00.389  3315  3363 I com.miui.home: CheckGCForNative adj_start_bytes: 33861403 NativeAllocationGcWatermark: 10683637 java_gc_start_bytes: 17835948 kNewNativeDiscountFactor: 2 kOldNativeDiscountFactor: 65536 old_native_bytes: 132653703 new_native_bytes: 33208360 add_bytes_allowed: 32050911 is_gc_concurrent: 1 target_footprint_: 18360236 GetBytesAllocated: 11968103 HeapGrowthMultiplier: 3
12-22 16:51:00.390  3315  3363 I com.miui.home: CheckGCForNative gc_urgency 0.843953 current_native_bytes is 165862063 starting_gc_num:24
12-22 16:51:00.390  3315  3315 I cccccc  : createTaskSnapshotCompat:
12-22 16:51:00.391  3315  3315 I com.miui.home: CheckGCForNative adj_start_bytes: 33861403 NativeAllocationGcWatermark: 10683637 java_gc_start_bytes: 17835948 kNewNativeDiscountFactor: 2 kOldNativeDiscountFactor: 65536 old_native_bytes: 132653703 new_native_bytes: 43915304 add_bytes_allowed: 32050911 is_gc_concurrent: 1 target_footprint_: 18360236 GetBytesAllocated: 11988810 HeapGrowthMultiplier: 3
12-22 16:51:00.391  3315  3315 I com.miui.home: CheckGCForNative gc_urgency 1.00257 current_native_bytes is 176569007 starting_gc_num:24
12-22 16:51:00.391  3315  3315 I com.miui.home: CheckGCForNative requested 1
12-22 16:51:00.392  3315  3618 I com.miui.home: CheckGCForNative adj_start_bytes: 33861403 NativeAllocationGcWatermark: 10683637 java_gc_start_bytes: 17835948 kNewNativeDiscountFactor: 2 kOldNativeDiscountFactor: 65536 old_native_bytes: 132653703 new_native_bytes: 22501928 add_bytes_allowed: 32050911 is_gc_concurrent: 1 target_footprint_: 18360236 GetBytesAllocated: 11962082 HeapGrowthMultiplier: 3
12-22 16:51:00.393  3315  3618 I com.miui.home: CheckGCForNative gc_urgency 0.68638 current_native_bytes is 155155631 starting_gc_num:24
12-22 16:51:00.393  3315  3618 I cccccc  : createTaskSnapshotCompat:
12-22 16:51:00.432 10803 10803 I wm_on_application_create_called: [0,com.xiaomi.mi_connect_service,593]
12-22 16:51:00.451  3315  3695 E cccccc  : createTaskSnapshot:
12-22 16:51:00.451  3315  3695 I cccccc  : getTaskSnapshotInstance:
12-22 16:51:00.486  3315  3695 I com.miui.home: CheckGCForNative adj_start_bytes: 33861403 NativeAllocationGcWatermark: 10683637 java_gc_start_bytes: 17835948 kNewNativeDiscountFactor: 2 kOldNativeDiscountFactor: 65536 old_native_bytes: 132653703 new_native_bytes: 33254640 add_bytes_allowed: 32050911 is_gc_concurrent: 1 target_footprint_: 18360236 GetBytesAllocated: 12035521 HeapGrowthMultiplier: 3
12-22 16:51:00.488  3315  3695 I com.miui.home: CheckGCForNative gc_urgency 0.846535 current_native_bytes is 165908343 starting_gc_num:24
12-22 16:51:00.716  3315  3381 D cccccc  : onTaskStackChangedBackground
12-22 16:51:00.716  3315  3381 D cccccc  : onTaskStackChangedBackground
12-22 16:51:00.858  3315  3315 I wm_on_top_resumed_lost_called: [66835825,com.miui.home.launcher.Launcher,topStateChangedWhenResumed]
12-22 16:51:00.919  3315  3315 I wm_on_paused_called: [0,66835825,com.miui.home.launcher.Launcher,performPause,3]
12-22 16:51:01.039  3315 10952 D cccccc  : onTaskStackChangedBackground
12-22 16:51:01.059  3315  7881 D cccccc  : onTaskStackChangedBackground
12-22 16:51:01.386  3315  3695 E cccccc  : createTaskSnapshot:
12-22 16:51:01.386  3315  3695 I cccccc  : getTaskSnapshotInstance:
12-22 16:51:01.388  3315  3695 E cccccc  : createTaskSnapshot:
12-22 16:51:01.388  3315  3695 I cccccc  : getTaskSnapshotInstance:
12-22 16:51:01.391  3315  3695 I com.miui.home: CheckGCForNative adj_start_bytes: 33861403 NativeAllocationGcWatermark: 10683637 java_gc_start_bytes: 17835948 kNewNativeDiscountFactor: 2 kOldNativeDiscountFactor: 65536 old_native_bytes: 132653703 new_native_bytes: 33719268 add_bytes_allowed: 32050911 is_gc_concurrent: 1 target_footprint_: 18360236 GetBytesAllocated: 13216451 HeapGrowthMultiplier: 3
12-22 16:51:01.391  3315  3695 I com.miui.home: CheckGCForNative gc_urgency 0.888271 current_native_bytes is 166372971 starting_gc_num:24
12-22 16:51:01.597  3315  3620 I com.miui.home: CheckGCForNative adj_start_bytes: 33861403 NativeAllocationGcWatermark: 10683637 java_gc_start_bytes: 17835948 kNewNativeDiscountFactor: 2 kOldNativeDiscountFactor: 65536 old_native_bytes: 132653703 new_native_bytes: 23587596 add_bytes_allowed: 32050911 is_gc_concurrent: 1 target_footprint_: 18360236 GetBytesAllocated: 13486868 HeapGrowthMultiplier: 3
12-22 16:51:01.597  3315  3620 I com.miui.home: CheckGCForNative gc_urgency 0.746652 current_native_bytes is 156241299 starting_gc_num:24
12-22 16:51:01.653  3315  3620 I com.miui.home: CheckGCForNative adj_start_bytes: 33861403 NativeAllocationGcWatermark: 10683637 java_gc_start_bytes: 17835948 kNewNativeDiscountFactor: 2 kOldNativeDiscountFactor: 65536 old_native_bytes: 132653703 new_native_bytes: 23594860 add_bytes_allowed: 32050911 is_gc_concurrent: 1 target_footprint_: 18360236 GetBytesAllocated: 13547000 HeapGrowthMultiplier: 3
12-22 16:51:01.653  3315  3620 I com.miui.home: CheckGCForNative gc_urgency 0.748535 current_native_bytes is 156248563 starting_gc_num:24
12-22 16:51:01.816  3315  3351 I com.miui.home: NativeAlloc concurrent copying GC freed 83302(3834KB) AllocSpace objects, 14(440KB) LOS objects, 49% free, 9131KB/17MB, paused 38.749ms,82us total 1.420s
12-22 16:51:01.941  3315  3620 I com.miui.home: CheckGCForNative gc_urgency 0 current_native_bytes is 122075327 starting_gc_num:25
12-22 16:51:02.057  3315  3695 E cccccc  : createTaskSnapshot:
12-22 16:51:02.057  3315  3695 I cccccc  : getTaskSnapshotInstance:
12-22 16:51:02.356 10654 10654 I wm_on_paused_called: [0,168599344,com.xunmeng.pinduoduo.ui.activity.HomeActivity,performPause,8]
12-22 16:51:02.459 10654 10654 I wm_on_destroy_called: [0,70476022,com.xunmeng.pinduoduo.ui.activity.MainFrameActivity,performDestroy,60]
12-22 16:51:02.565 10654 10654 I wm_on_stop_called: [0,168599344,com.xunmeng.pinduoduo.ui.activity.HomeActivity,STOP_ACTIVITY_ITEM,62]
12-22 16:51:02.863  3315  3315 I wm_on_resume_called: [0,66835825,com.miui.home.launcher.Launcher,RESUME_ACTIVITY,20]
12-22 16:51:02.876  3315  3315 I com.miui.home: CheckGCForNative gc_urgency 0 current_native_bytes is 121671627 starting_gc_num:25
12-22 16:51:02.880  3315  3315 I wm_on_idle_called: com.miui.home.launcher.Launcher
12-22 16:51:02.898 10654 10654 I wm_on_idle_called: com.xunmeng.pinduoduo.ui.activity.HomeActivity
12-22 16:51:03.181  3315 10952 I com.miui.home: CheckGCForNative adj_start_bytes: 34265848 NativeAllocationGcWatermark: 10726210 java_gc_start_bytes: 18176533 kNewNativeDiscountFactor: 2 kOldNativeDiscountFactor: 65536 old_native_bytes: 121671627 new_native_bytes: 10753680 add_bytes_allowed: 32178630 is_gc_concurrent: 1 target_footprint_: 18700821 GetBytesAllocated: 10798047 HeapGrowthMultiplier: 3
12-22 16:51:03.181  3315 10952 I com.miui.home: CheckGCForNative gc_urgency 0.472095 current_native_bytes is 132425307 starting_gc_num:25
12-22 16:51:03.182  3315 10952 I cccccc  : createTaskSnapshotCompat:
12-22 16:51:03.182  3315 10952 I com.miui.home: CheckGCForNative adj_start_bytes: 34265848 NativeAllocationGcWatermark: 10726210 java_gc_start_bytes: 18176533 kNewNativeDiscountFactor: 2 kOldNativeDiscountFactor: 65536 old_native_bytes: 121671627 new_native_bytes: 21460624 add_bytes_allowed: 32178630 is_gc_concurrent: 1 target_footprint_: 18700821 GetBytesAllocated: 10805689 HeapGrowthMultiplier: 3
12-22 16:51:03.182  3315 10952 I com.miui.home: CheckGCForNative gc_urgency 0.628552 current_native_bytes is 143132251 starting_gc_num:25
12-22 16:51:03.185  3315  3357 I cccccc  : getTaskSnapshot:
12-22 16:51:03.198  3315  3357 I com.miui.home: CheckGCForNative adj_start_bytes: 34265848 NativeAllocationGcWatermark: 10726210 java_gc_start_bytes: 18176533 kNewNativeDiscountFactor: 2 kOldNativeDiscountFactor: 65536 old_native_bytes: 121671627 new_native_bytes: 21464976 add_bytes_allowed: 32178630 is_gc_concurrent: 1 target_footprint_: 18700821 GetBytesAllocated: 10828848 HeapGrowthMultiplier: 3
12-22 16:51:03.198  3315  3357 I com.miui.home: CheckGCForNative gc_urgency 0.629291 current_native_bytes is 143136603 starting_gc_num:25
12-22 16:51:03.226  3315  3315 I cccccc  : createTaskSnapshotCompat:
12-22 16:51:03.230  3315  3620 I com.miui.home: CheckGCForNative adj_start_bytes: 34265848 NativeAllocationGcWatermark: 10726210 java_gc_start_bytes: 18176533 kNewNativeDiscountFactor: 2 kOldNativeDiscountFactor: 65536 old_native_bytes: 121671627 new_native_bytes: 10823920 add_bytes_allowed: 32178630 is_gc_concurrent: 1 target_footprint_: 18700821 GetBytesAllocated: 10861110 HeapGrowthMultiplier: 3
12-22 16:51:03.230  3315  3620 I com.miui.home: CheckGCForNative gc_urgency 0.474961 current_native_bytes is 132495547 starting_gc_num:25
12-22 16:51:03.257  3315  3315 I wm_on_top_resumed_gained_called: [66835825,com.miui.home.launcher.Launcher,topStateChangedWhenResumed]
12-22 16:51:03.585  3315  3620 I com.miui.home: CheckGCForNative adj_start_bytes: 34265848 NativeAllocationGcWatermark: 10726210 java_gc_start_bytes: 18176533 kNewNativeDiscountFactor: 2 kOldNativeDiscountFactor: 65536 old_native_bytes: 121671627 new_native_bytes: 10803104 add_bytes_allowed: 32178630 is_gc_concurrent: 1 target_footprint_: 18700821 GetBytesAllocated: 10994605 HeapGrowthMultiplier: 3
12-22 16:51:03.586  3315  3620 I com.miui.home: CheckGCForNative gc_urgency 0.478553 current_native_bytes is 132474731 starting_gc_num:25
12-22 16:51:03.702  3315  3618 I cccccc  : createTaskSnapshotCompat:
12-22 16:51:04.029  3315  3315 I wm_on_top_resumed_lost_called: [66835825,com.miui.home.launcher.Launcher,topStateChangedWhenResumed]
12-22 16:51:04.037  3315 10952 D cccccc  : onTaskStackChangedBackground
12-22 16:51:04.052  3315 10952 D cccccc  : onTaskStackChangedBackground
12-22 16:51:04.251  3315  3315 I wm_on_paused_called: [0,66835825,com.miui.home.launcher.Launcher,performPause,3]
12-22 16:51:04.514  3315 10952 D cccccc  : onTaskStackChangedBackground
12-22 16:51:04.514  3315 11655 D cccccc  : onTaskStackChangedBackground
12-22 16:51:04.936  3315 10952 I com.miui.home: CheckGCForNative adj_start_bytes: 34265848 NativeAllocationGcWatermark: 10726210 java_gc_start_bytes: 18176533 kNewNativeDiscountFactor: 2 kOldNativeDiscountFactor: 65536 old_native_bytes: 121671627 new_native_bytes: 11090492 add_bytes_allowed: 32178630 is_gc_concurrent: 1 target_footprint_: 18700821 GetBytesAllocated: 12383773 HeapGrowthMultiplier: 3
12-22 16:51:04.936  3315 10952 I com.miui.home: CheckGCForNative gc_urgency 0.523287 current_native_bytes is 132762119 starting_gc_num:25
12-22 16:51:05.009  3315  3695 E cccccc  : createTaskSnapshot:
12-22 16:51:05.009  3315  3695 I cccccc  : getTaskSnapshotInstance:
12-22 16:51:05.011  3315  3695 E cccccc  : createTaskSnapshot:
12-22 16:51:05.011  3315  3695 I cccccc  : getTaskSnapshotInstance:
12-22 16:51:05.012  3315  3695 I com.miui.home: CheckGCForNative adj_start_bytes: 34265848 NativeAllocationGcWatermark: 10726210 java_gc_start_bytes: 18176533 kNewNativeDiscountFactor: 2 kOldNativeDiscountFactor: 65536 old_native_bytes: 121671627 new_native_bytes: 21839588 add_bytes_allowed: 32178630 is_gc_concurrent: 1 target_footprint_: 18700821 GetBytesAllocated: 12438219 HeapGrowthMultiplier: 3
12-22 16:51:05.012  3315  3695 I com.miui.home: CheckGCForNative gc_urgency 0.681724 current_native_bytes is 143511215 starting_gc_num:25
12-22 16:51:05.100  3315  3620 I com.miui.home: CheckGCForNative adj_start_bytes: 34265848 NativeAllocationGcWatermark: 10726210 java_gc_start_bytes: 18176533 kNewNativeDiscountFactor: 2 kOldNativeDiscountFactor: 65536 old_native_bytes: 121671627 new_native_bytes: 22130276 add_bytes_allowed: 32178630 is_gc_concurrent: 1 target_footprint_: 18700821 GetBytesAllocated: 12487070 HeapGrowthMultiplier: 3
12-22 16:51:05.100  3315  3620 I com.miui.home: CheckGCForNative gc_urgency 0.687392 current_native_bytes is 143801903 starting_gc_num:25
12-22 16:51:05.441  3315  3620 I com.miui.home: CheckGCForNative adj_start_bytes: 34265848 NativeAllocationGcWatermark: 10726210 java_gc_start_bytes: 18176533 kNewNativeDiscountFactor: 2 kOldNativeDiscountFactor: 65536 old_native_bytes: 121671627 new_native_bytes: 11593704 add_bytes_allowed: 32178630 is_gc_concurrent: 1 target_footprint_: 18700821 GetBytesAllocated: 12956792 HeapGrowthMultiplier: 3
12-22 16:51:05.441  3315  3620 I com.miui.home: CheckGCForNative gc_urgency 0.547353 current_native_bytes is 133265331 starting_gc_num:25
12-22 16:51:05.639 10969 10969 I wm_on_create_called: [0,229019863,com.tencent.qqlive.ona.activity.SplashHomeActivity,performCreate,1073]
12-22 16:51:05.659 11704 11704 I wm_on_create_called: [0,177673196,com.tencent.mobileqq.activity.SplashActivity,performCreate,215]
12-22 16:51:05.715  3315  3695 E cccccc  : createTaskSnapshot:
12-22 16:51:05.715  3315  3695 I cccccc  : getTaskSnapshotInstance:
12-22 16:51:05.778 11704 11704 I wm_on_start_called: [0,177673196,com.tencent.mobileqq.activity.SplashActivity,handleStartActivity,78]
12-22 16:51:05.802 11704 11704 I wm_on_resume_called: [0,177673196,com.tencent.mobileqq.activity.SplashActivity,RESUME_ACTIVITY,22]
12-22 16:51:05.845 11704 11704 I wm_on_top_resumed_gained_called: [177673196,com.tencent.mobileqq.activity.SplashActivity,topStateChangedWhenResumed]
12-22 16:51:06.123 10969 10969 I wm_on_start_called: [0,229019863,com.tencent.qqlive.ona.activity.SplashHomeActivity,handleStartActivity,339]
12-22 16:51:06.321 11704 11704 I wm_on_idle_called: com.tencent.mobileqq.activity.SplashActivity
12-22 16:51:06.400  3315  3315 I wm_on_stop_called: [0,66835825,com.miui.home.launcher.Launcher,STOP_ACTIVITY_ITEM,12]
12-22 16:51:06.452 11704 11704 I wm_on_top_resumed_lost_called: [177673196,com.tencent.mobileqq.activity.SplashActivity,topStateChangedWhenResumed]
12-22 16:51:06.455 11704 11704 I wm_on_paused_called: [0,177673196,com.tencent.mobileqq.activity.SplashActivity,performPause,0]
12-22 16:51:06.584 11704 11704 I wm_on_create_called: [0,20744932,com.tencent.mobileqq.activity.LoginActivity,performCreate,32]
12-22 16:51:06.602  3315  3315 I wm_on_restart_called: [0,66835825,com.miui.home.launcher.Launcher,,0]
12-22 16:51:06.604  3315  3315 I wm_on_start_called: [0,66835825,com.miui.home.launcher.Launcher,handleStartActivity,2]
12-22 16:51:06.629  3315  3315 I wm_on_resume_called: [0,66835825,com.miui.home.launcher.Launcher,RESUME_ACTIVITY,23]
12-22 16:51:06.817 11704 11704 I wm_on_start_called: [0,20744932,com.tencent.mobileqq.activity.LoginActivity,handleStartActivity,232]
12-22 16:51:06.827  3315  3315 I com.miui.home: CheckGCForNative adj_start_bytes: 34265848 NativeAllocationGcWatermark: 10726210 java_gc_start_bytes: 18176533 kNewNativeDiscountFactor: 2 kOldNativeDiscountFactor: 65536 old_native_bytes: 121671627 new_native_bytes: 11742500 add_bytes_allowed: 32178630 is_gc_concurrent: 1 target_footprint_: 18700821 GetBytesAllocated: 14643045 HeapGrowthMultiplier: 3
12-22 16:51:06.827  3315  3315 I com.miui.home: CheckGCForNative gc_urgency 0.598735 current_native_bytes is 133414127 starting_gc_num:25
12-22 16:51:06.832  3315  3315 I wm_on_idle_called: com.miui.home.launcher.Launcher
12-22 16:51:06.854  3315  7881 D cccccc  : onTaskStackChangedBackground
12-22 16:51:06.890  3315  7881 D cccccc  : onTaskStackChangedBackground
12-22 16:51:06.896 11704 11704 I wm_on_resume_called: [0,20744932,com.tencent.mobileqq.activity.LoginActivity,RESUME_ACTIVITY,71]
12-22 16:51:06.920 11704 11704 I wm_on_top_resumed_gained_called: [20744932,com.tencent.mobileqq.activity.LoginActivity,topStateChangedWhenResumed]
12-22 16:51:06.955  3315  3357 I com.miui.home: CheckGCForNative adj_start_bytes: 34265848 NativeAllocationGcWatermark: 10726210 java_gc_start_bytes: 18176533 kNewNativeDiscountFactor: 2 kOldNativeDiscountFactor: 65536 old_native_bytes: 121671627 new_native_bytes: 22457640 add_bytes_allowed: 32178630 is_gc_concurrent: 1 target_footprint_: 18700821 GetBytesAllocated: 14736718 HeapGrowthMultiplier: 3
12-22 16:51:06.955  3315  3357 I com.miui.home: CheckGCForNative gc_urgency 0.757821 current_native_bytes is 144129267 starting_gc_num:25
12-22 16:51:06.955  3315  3357 I cccccc  : createTaskSnapshotCompat:
12-22 16:51:06.956  3315  3357 I com.miui.home: CheckGCForNative adj_start_bytes: 34265848 NativeAllocationGcWatermark: 10726210 java_gc_start_bytes: 18176533 kNewNativeDiscountFactor: 2 kOldNativeDiscountFactor: 65536 old_native_bytes: 121671627 new_native_bytes: 33164584 add_bytes_allowed: 32178630 is_gc_concurrent: 1 target_footprint_: 18700821 GetBytesAllocated: 14738434 HeapGrowthMultiplier: 3
12-22 16:51:06.956  3315  3357 I com.miui.home: CheckGCForNative gc_urgency 0.914105 current_native_bytes is 154836211 starting_gc_num:25
12-22 16:51:06.972  3315  8292 I com.miui.home: CheckGCForNative adj_start_bytes: 34265848 NativeAllocationGcWatermark: 10726210 java_gc_start_bytes: 18176533 kNewNativeDiscountFactor: 2 kOldNativeDiscountFactor: 65536 old_native_bytes: 121671627 new_native_bytes: 22464168 add_bytes_allowed: 32178630 is_gc_concurrent: 1 target_footprint_: 18700821 GetBytesAllocated: 14776035 HeapGrowthMultiplier: 3
12-22 16:51:06.972  3315  8292 I com.miui.home: CheckGCForNative gc_urgency 0.759064 current_native_bytes is 144135795 starting_gc_num:25
12-22 16:51:07.031  3315  7881 I cccccc  : getTaskSnapshot:
12-22 16:51:07.034  3315  7881 I com.miui.home: CheckGCForNative adj_start_bytes: 34265848 NativeAllocationGcWatermark: 10726210 java_gc_start_bytes: 18176533 kNewNativeDiscountFactor: 2 kOldNativeDiscountFactor: 65536 old_native_bytes: 121671627 new_native_bytes: 33214696 add_bytes_allowed: 32178630 is_gc_concurrent: 1 target_footprint_: 18700821 GetBytesAllocated: 14812526 HeapGrowthMultiplier: 3
12-22 16:51:07.034  3315  7881 I com.miui.home: CheckGCForNative gc_urgency 0.916998 current_native_bytes is 154886323 starting_gc_num:25
12-22 16:51:07.034  3315  3315 I cccccc  : createTaskSnapshotCompat:
12-22 16:51:07.108  3315  3315 I wm_on_top_resumed_gained_called: [66835825,com.miui.home.launcher.Launcher,topStateChangedWhenResumed]
12-22 16:51:07.228 11704 11704 I wm_on_top_resumed_lost_called: [20744932,com.tencent.mobileqq.activity.LoginActivity,topStateChangedWhenResumed]
12-22 16:51:07.230  3315  3620 I com.miui.home: CheckGCForNative adj_start_bytes: 34265848 NativeAllocationGcWatermark: 10726210 java_gc_start_bytes: 18176533 kNewNativeDiscountFactor: 2 kOldNativeDiscountFactor: 65536 old_native_bytes: 121671627 new_native_bytes: 22535592 add_bytes_allowed: 32178630 is_gc_concurrent: 1 target_footprint_: 18700821 GetBytesAllocated: 14960495 HeapGrowthMultiplier: 3
12-22 16:51:07.230  3315  3620 I com.miui.home: CheckGCForNative gc_urgency 0.76549 current_native_bytes is 144207219 starting_gc_num:25
12-22 16:51:07.266 11704 11704 I wm_on_idle_called: com.tencent.mobileqq.activity.LoginActivity
12-22 16:51:07.293  3315 12107 I com.miui.home: CheckGCForNative adj_start_bytes: 34265848 NativeAllocationGcWatermark: 10726210 java_gc_start_bytes: 18176533 kNewNativeDiscountFactor: 2 kOldNativeDiscountFactor: 65536 old_native_bytes: 121671627 new_native_bytes: 22542408 add_bytes_allowed: 32178630 is_gc_concurrent: 1 target_footprint_: 18700821 GetBytesAllocated: 15026704 HeapGrowthMultiplier: 3
12-22 16:51:07.293  3315 12107 I com.miui.home: CheckGCForNative gc_urgency 0.767521 current_native_bytes is 144214035 starting_gc_num:25
12-22 16:51:07.460  3315  3618 I com.miui.home: CheckGCForNative adj_start_bytes: 34265848 NativeAllocationGcWatermark: 10726210 java_gc_start_bytes: 18176533 kNewNativeDiscountFactor: 2 kOldNativeDiscountFactor: 65536 old_native_bytes: 121671627 new_native_bytes: 33482264 add_bytes_allowed: 32178630 is_gc_concurrent: 1 target_footprint_: 18700821 GetBytesAllocated: 15215024 HeapGrowthMultiplier: 3
12-22 16:51:07.460  3315  3618 I com.miui.home: CheckGCForNative gc_urgency 0.932649 current_native_bytes is 155153891 starting_gc_num:25
12-22 16:51:07.461  3315  3618 I cccccc  : createTaskSnapshotCompat:
12-22 16:51:07.463  3315  3357 I cccccc  : getTaskSnapshot:
12-22 16:51:07.464  3315  3357 I com.miui.home: CheckGCForNative adj_start_bytes: 34265848 NativeAllocationGcWatermark: 10726210 java_gc_start_bytes: 18176533 kNewNativeDiscountFactor: 2 kOldNativeDiscountFactor: 65536 old_native_bytes: 121671627 new_native_bytes: 44189656 add_bytes_allowed: 32178630 is_gc_concurrent: 1 target_footprint_: 18700821 GetBytesAllocated: 15220404 HeapGrowthMultiplier: 3
12-22 16:51:07.467  3315  3618 I com.miui.home: CheckGCForNative adj_start_bytes: 34265848 NativeAllocationGcWatermark: 10726210 java_gc_start_bytes: 18176533 kNewNativeDiscountFactor: 2 kOldNativeDiscountFactor: 65536 old_native_bytes: 121671627 new_native_bytes: 54896600 add_bytes_allowed: 32178630 is_gc_concurrent: 1 target_footprint_: 18700821 GetBytesAllocated: 15228797 HeapGrowthMultiplier: 3
12-22 16:51:07.467  3315  3618 I com.miui.home: CheckGCForNative gc_urgency 1.24552 current_native_bytes is 176568227 starting_gc_num:25
12-22 16:51:07.467  3315  3618 I com.miui.home: CheckGCForNative requested 1
12-22 16:51:07.468  3315  3357 I com.miui.home: CheckGCForNative gc_urgency 1.08929 current_native_bytes is 165861283 starting_gc_num:25
12-22 16:51:07.468  3315  3357 I com.miui.home: CheckGCForNative requested 1
12-22 16:51:07.472  3315  3315 I cccccc  : createTaskSnapshotCompat:
12-22 16:51:07.515 11704 11704 I wm_on_paused_called: [0,20744932,com.tencent.mobileqq.activity.LoginActivity,performPause,1]
12-22 16:51:07.708  3315  3357 D cccccc  : onTaskStackChangedBackground
12-22 16:51:07.709  3315  3381 D cccccc  : onTaskStackChangedBackground
12-22 16:51:07.843 11704 11704 I wm_on_stop_called: [0,177673196,com.tencent.mobileqq.activity.SplashActivity,LIFECYCLER_STOP_ACTIVITY,10]
12-22 16:51:07.946  3315  3315 I wm_on_top_resumed_lost_called: [66835825,com.miui.home.launcher.Launcher,topStateChangedWhenResumed]
12-22 16:51:07.955  3315  3594 I com.miui.home: CheckGCForNative adj_start_bytes: 34265848 NativeAllocationGcWatermark: 10726210 java_gc_start_bytes: 18176533 kNewNativeDiscountFactor: 2 kOldNativeDiscountFactor: 65536 old_native_bytes: 121671627 new_native_bytes: 33697844 add_bytes_allowed: 32178630 is_gc_concurrent: 1 target_footprint_: 18700821 GetBytesAllocated: 15653874 HeapGrowthMultiplier: 3
12-22 16:51:07.955  3315  3594 I com.miui.home: CheckGCForNative gc_urgency 0.948602 current_native_bytes is 155369471 starting_gc_num:25
12-22 16:51:07.974  3315  3315 I wm_on_paused_called: [0,66835825,com.miui.home.launcher.Launcher,performPause,3]
12-22 16:51:07.980  3315  3357 D cccccc  : onTaskStackChangedBackground
12-22 16:51:07.997 11704 11704 I wm_on_destroy_called: [0,177673196,com.tencent.mobileqq.activity.SplashActivity,performDestroy,153]
12-22 16:51:07.997  3315  3357 D cccccc  : onTaskStackChangedBackground
12-22 16:51:08.039 10969 10969 I wm_on_resume_called: [0,229019863,com.tencent.qqlive.ona.activity.SplashHomeActivity,RESUME_ACTIVITY,1179]
12-22 16:51:08.076  3315  3695 E cccccc  : createTaskSnapshot:
12-22 16:51:08.076  3315  3695 I cccccc  : getTaskSnapshotInstance:
12-22 16:51:08.206  3315 10952 D cccccc  : onTaskStackChangedBackground
12-22 16:51:08.206  3315  3391 D cccccc  : onTaskStackChangedBackground
12-22 16:51:08.222  3315  3695 I com.miui.home: CheckGCForNative adj_start_bytes: 34265848 NativeAllocationGcWatermark: 10726210 java_gc_start_bytes: 18176533 kNewNativeDiscountFactor: 2 kOldNativeDiscountFactor: 65536 old_native_bytes: 121671627 new_native_bytes: 44582628 add_bytes_allowed: 32178630 is_gc_concurrent: 1 target_footprint_: 18700821 GetBytesAllocated: 16047532 HeapGrowthMultiplier: 3
12-22 16:51:08.222  3315  3695 I com.miui.home: CheckGCForNative gc_urgency 1.11892 current_native_bytes is 166254255 starting_gc_num:25
12-22 16:51:08.222  3315  3695 I com.miui.home: CheckGCForNative requested 1
12-22 16:51:08.345 11704 11704 I wm_on_stop_called: [0,20744932,com.tencent.mobileqq.activity.LoginActivity,STOP_ACTIVITY_ITEM,253]
12-22 16:51:08.730  3315  3351 I com.miui.home: NativeAlloc concurrent copying GC freed 146116(6378KB) AllocSpace objects, 24(632KB) LOS objects, 49% free, 9175KB/17MB, paused 13.941ms,151us total 1.262s
12-22 16:51:08.930  3315  3620 I com.miui.home: CheckGCForNative gc_urgency 0 current_native_bytes is 133300687 starting_gc_num:26
12-22 16:51:09.030  3315  3620 I com.miui.home: CheckGCForNative gc_urgency 0 current_native_bytes is 133277391 starting_gc_num:26
12-22 16:51:09.052  8731  8731 I wm_on_destroy_called: [0,246783460,fm.qingting.qtradio.WelcomeActivity,performDestroy,10]
12-22 16:51:09.354  3315  3695 E cccccc  : createTaskSnapshot:
12-22 16:51:09.354  3315  3695 I cccccc  : getTaskSnapshotInstance:
12-22 16:51:09.712  3315  3695 E cccccc  : createTaskSnapshot:
12-22 16:51:09.712  3315  3695 I cccccc  : getTaskSnapshotInstance:
12-22 16:51:09.715  3315  3695 I com.miui.home: CheckGCForNative adj_start_bytes: 34374240 NativeAllocationGcWatermark: 10737620 java_gc_start_bytes: 18267810 kNewNativeDiscountFactor: 2 kOldNativeDiscountFactor: 65536 old_native_bytes: 133277391 new_native_bytes: 10235336 add_bytes_allowed: 32212860 is_gc_concurrent: 1 target_footprint_: 18792098 GetBytesAllocated: 9883077 HeapGrowthMultiplier: 3
12-22 16:51:09.715  3315  3695 I com.miui.home: CheckGCForNative gc_urgency 0.436454 current_native_bytes is 143512727 starting_gc_num:26
12-22 16:51:10.035  3315  3315 I wm_on_resume_called: [0,66835825,com.miui.home.launcher.Launcher,RESUME_ACTIVITY,36]
12-22 16:51:10.052  3315  3315 I wm_on_idle_called: com.miui.home.launcher.Launcher
12-22 16:51:10.106 10969 10969 I wm_on_top_resumed_gained_called: [229019863,com.tencent.qqlive.ona.activity.SplashHomeActivity,topStateChangedWhenResumed]
12-22 16:51:10.139 10969 10969 I wm_on_top_resumed_lost_called: [229019863,com.tencent.qqlive.ona.activity.SplashHomeActivity,topStateChangedWhenResumed]
12-22 16:51:10.213  3315  3315 I wm_on_top_resumed_gained_called: [66835825,com.miui.home.launcher.Launcher,topStateChangedWhenResumed]
12-22 16:51:10.233  3315  3357 I com.miui.home: CheckGCForNative gc_urgency 0 current_native_bytes is 133138847 starting_gc_num:26
12-22 16:51:10.287  3315  3357 I com.miui.home: CheckGCForNative adj_start_bytes: 34374240 NativeAllocationGcWatermark: 10737620 java_gc_start_bytes: 18267810 kNewNativeDiscountFactor: 2 kOldNativeDiscountFactor: 65536 old_native_bytes: 133138847 new_native_bytes: 10707648 add_bytes_allowed: 32212860 is_gc_concurrent: 1 target_footprint_: 18792098 GetBytesAllocated: 11013512 HeapGrowthMultiplier: 3
12-22 16:51:10.287  3315  3357 I com.miui.home: CheckGCForNative gc_urgency 0.47621 current_native_bytes is 143846495 starting_gc_num:26
12-22 16:51:10.287  3315  3357 I cccccc  : createTaskSnapshotCompat:
12-22 16:51:10.287  3315  3391 I cccccc  : getTaskSnapshot:
12-22 16:51:10.288  3315  3391 I com.miui.home: CheckGCForNative adj_start_bytes: 34374240 NativeAllocationGcWatermark: 10737620 java_gc_start_bytes: 18267810 kNewNativeDiscountFactor: 2 kOldNativeDiscountFactor: 65536 old_native_bytes: 133138847 new_native_bytes: 21413568 add_bytes_allowed: 32212860 is_gc_concurrent: 1 target_footprint_: 18792098 GetBytesAllocated: 11013704 HeapGrowthMultiplier: 3
12-22 16:51:10.288  3315  3391 I com.miui.home: CheckGCForNative gc_urgency 0.631942 current_native_bytes is 154552415 starting_gc_num:26
12-22 16:51:10.289  3315  3357 I com.miui.home: CheckGCForNative adj_start_bytes: 34374240 NativeAllocationGcWatermark: 10737620 java_gc_start_bytes: 18267810 kNewNativeDiscountFactor: 2 kOldNativeDiscountFactor: 65536 old_native_bytes: 133138847 new_native_bytes: 32120512 add_bytes_allowed: 32212860 is_gc_concurrent: 1 target_footprint_: 18792098 GetBytesAllocated: 11013896 HeapGrowthMultiplier: 3
12-22 16:51:10.289  3315  3315 I cccccc  : createTaskSnapshotCompat:
12-22 16:51:10.289  3315  3357 I com.miui.home: CheckGCForNative gc_urgency 0.787688 current_native_bytes is 165259359 starting_gc_num:26
12-22 16:51:10.455 10969 10969 I wm_on_paused_called: [0,229019863,com.tencent.qqlive.ona.activity.SplashHomeActivity,performPause,240]
12-22 16:51:10.550  3315  3620 I com.miui.home: CheckGCForNative adj_start_bytes: 34374240 NativeAllocationGcWatermark: 10737620 java_gc_start_bytes: 18267810 kNewNativeDiscountFactor: 2 kOldNativeDiscountFactor: 65536 old_native_bytes: 133138847 new_native_bytes: 10879104 add_bytes_allowed: 32212860 is_gc_concurrent: 1 target_footprint_: 18792098 GetBytesAllocated: 11100701 HeapGrowthMultiplier: 3
12-22 16:51:10.550  3315  3620 I com.miui.home: CheckGCForNative gc_urgency 0.481241 current_native_bytes is 144017951 starting_gc_num:26
12-22 16:51:10.725  3315  3620 I com.miui.home: CheckGCForNative adj_start_bytes: 34374240 NativeAllocationGcWatermark: 10737620 java_gc_start_bytes: 18267810 kNewNativeDiscountFactor: 2 kOldNativeDiscountFactor: 65536 old_native_bytes: 133138847 new_native_bytes: 10867264 add_bytes_allowed: 32212860 is_gc_concurrent: 1 target_footprint_: 18792098 GetBytesAllocated: 11170862 HeapGrowthMultiplier: 3
12-22 16:51:10.725  3315  3620 I com.miui.home: CheckGCForNative gc_urgency 0.48311 current_native_bytes is 144006111 starting_gc_num:26
12-22 16:51:10.745 10969 10969 I wm_on_stop_called: [0,229019863,com.tencent.qqlive.ona.activity.SplashHomeActivity,STOP_ACTIVITY_ITEM,284]
12-22 16:51:10.777  3315  3618 I com.miui.home: CheckGCForNative adj_start_bytes: 34374240 NativeAllocationGcWatermark: 10737620 java_gc_start_bytes: 18267810 kNewNativeDiscountFactor: 2 kOldNativeDiscountFactor: 65536 old_native_bytes: 133138847 new_native_bytes: 21555968 add_bytes_allowed: 32212860 is_gc_concurrent: 1 target_footprint_: 18792098 GetBytesAllocated: 11217267 HeapGrowthMultiplier: 3
12-22 16:51:10.777  3315  3618 I com.miui.home: CheckGCForNative gc_urgency 0.639935 current_native_bytes is 154694815 starting_gc_num:26
12-22 16:51:10.778  3315  3618 I cccccc  : createTaskSnapshotCompat:
12-22 16:51:10.780  3315  3618 I com.miui.home: CheckGCForNative adj_start_bytes: 34374240 NativeAllocationGcWatermark: 10737620 java_gc_start_bytes: 18267810 kNewNativeDiscountFactor: 2 kOldNativeDiscountFactor: 65536 old_native_bytes: 133138847 new_native_bytes: 32263424 add_bytes_allowed: 32212860 is_gc_concurrent: 1 target_footprint_: 18792098 GetBytesAllocated: 11217459 HeapGrowthMultiplier: 3
12-22 16:51:10.780  3315  3618 I com.miui.home: CheckGCForNative gc_urgency 0.795689 current_native_bytes is 165402271 starting_gc_num:26
12-22 16:51:10.780  3315  3391 I cccccc  : getTaskSnapshot:
12-22 16:51:10.780  3315  3391 I com.miui.home: CheckGCForNative adj_start_bytes: 34374240 NativeAllocationGcWatermark: 10737620 java_gc_start_bytes: 18267810 kNewNativeDiscountFactor: 2 kOldNativeDiscountFactor: 65536 old_native_bytes: 133138847 new_native_bytes: 32263424 add_bytes_allowed: 32212860 is_gc_concurrent: 1 target_footprint_: 18792098 GetBytesAllocated: 11217459 HeapGrowthMultiplier: 3
12-22 16:51:10.780  3315  3391 I com.miui.home: CheckGCForNative gc_urgency 0.795689 current_native_bytes is 165402271 starting_gc_num:26
12-22 16:51:10.781  3315  3315 I cccccc  : createTaskSnapshotCompat:
12-22 16:51:11.197  3315  3315 I wm_on_top_resumed_lost_called: [66835825,com.miui.home.launcher.Launcher,topStateChangedWhenResumed]
12-22 16:51:11.258  3315 12637 D cccccc  : onTaskStackChangedBackground
12-22 16:51:11.259  3315 12637 D cccccc  : onTaskStackChangedBackground
12-22 16:51:11.350  3315  3315 I wm_on_paused_called: [0,66835825,com.miui.home.launcher.Launcher,performPause,3]
12-22 16:51:11.413 12417 12417 I wm_on_application_create_called: [0,com.xunmeng.pinduoduo,382]
12-22 16:51:11.729  3315  3391 D cccccc  : onTaskStackChangedBackground
12-22 16:51:11.745  3315  3363 D cccccc  : onTaskStackChangedBackground
12-22 16:51:11.833  3315  3695 E cccccc  : createTaskSnapshot:
12-22 16:51:11.834  3315  3695 I cccccc  : getTaskSnapshotInstance:
12-22 16:51:12.031  3315  3695 E cccccc  : createTaskSnapshot:
12-22 16:51:12.031  3315  3695 I cccccc  : getTaskSnapshotInstance:
12-22 16:51:12.158  3315  3620 I com.miui.home: CheckGCForNative adj_start_bytes: 34374240 NativeAllocationGcWatermark: 10737620 java_gc_start_bytes: 18267810 kNewNativeDiscountFactor: 2 kOldNativeDiscountFactor: 65536 old_native_bytes: 133138847 new_native_bytes: 22632156 add_bytes_allowed: 32212860 is_gc_concurrent: 1 target_footprint_: 18792098 GetBytesAllocated: 12534887 HeapGrowthMultiplier: 3
12-22 16:51:12.158  3315  3620 I com.miui.home: CheckGCForNative gc_urgency 0.693921 current_native_bytes is 155771003 starting_gc_num:26
12-22 16:51:12.171  3315  3695 I com.miui.home: CheckGCForNative adj_start_bytes: 34374240 NativeAllocationGcWatermark: 10737620 java_gc_start_bytes: 18267810 kNewNativeDiscountFactor: 2 kOldNativeDiscountFactor: 65536 old_native_bytes: 133138847 new_native_bytes: 33351548 add_bytes_allowed: 32212860 is_gc_concurrent: 1 target_footprint_: 18792098 GetBytesAllocated: 12548090 HeapGrowthMultiplier: 3
12-22 16:51:12.171  3315  3695 I com.miui.home: CheckGCForNative gc_urgency 0.850227 current_native_bytes is 166490395 starting_gc_num:26
12-22 16:51:12.172  3315  3695 I com.miui.home: CheckGCForNative adj_start_bytes: 34374240 NativeAllocationGcWatermark: 10737620 java_gc_start_bytes: 18267810 kNewNativeDiscountFactor: 2 kOldNativeDiscountFactor: 65536 old_native_bytes: 133138847 new_native_bytes: 44060732 add_bytes_allowed: 32212860 is_gc_concurrent: 1 target_footprint_: 18792098 GetBytesAllocated: 12548314 HeapGrowthMultiplier: 3
12-22 16:51:12.172  3315  3695 I com.miui.home: CheckGCForNative gc_urgency 1.00601 current_native_bytes is 177199579 starting_gc_num:26
12-22 16:51:12.172  3315  3695 I com.miui.home: CheckGCForNative requested 1
12-22 16:51:12.172  3315  3695 E cccccc  : createTaskSnapshot:
12-22 16:51:12.172  3315  3695 I cccccc  : getTaskSnapshotInstance:
12-22 16:51:12.182  3315  3695 I com.miui.home: CheckGCForNative adj_start_bytes: 34374240 NativeAllocationGcWatermark: 10737620 java_gc_start_bytes: 18267810 kNewNativeDiscountFactor: 2 kOldNativeDiscountFactor: 65536 old_native_bytes: 133138847 new_native_bytes: 44059356 add_bytes_allowed: 32212860 is_gc_concurrent: 1 target_footprint_: 18792098 GetBytesAllocated: 12552175 HeapGrowthMultiplier: 3
12-22 16:51:12.182  3315  3695 I com.miui.home: CheckGCForNative gc_urgency 1.0061 current_native_bytes is 177198203 starting_gc_num:26
12-22 16:51:12.182  3315  3695 I com.miui.home: CheckGCForNative requested 1
12-22 16:51:12.182  3315  3695 I com.miui.home: CheckGCForNative adj_start_bytes: 34374240 NativeAllocationGcWatermark: 10737620 java_gc_start_bytes: 18267810 kNewNativeDiscountFactor: 2 kOldNativeDiscountFactor: 65536 old_native_bytes: 133138847 new_native_bytes: 54766300 add_bytes_allowed: 32212860 is_gc_concurrent: 1 target_footprint_: 18792098 GetBytesAllocated: 12560881 HeapGrowthMultiplier: 3
12-22 16:51:12.182  3315  3695 I com.miui.home: CheckGCForNative gc_urgency 1.16209 current_native_bytes is 187905147 starting_gc_num:26
12-22 16:51:12.182  3315  3695 I com.miui.home: CheckGCForNative requested 1
12-22 16:51:12.183  3315  3695 E cccccc  : createTaskSnapshot:
12-22 16:51:12.183  3315  3695 I cccccc  : getTaskSnapshotInstance:
