12-22 17:28:32.333  3344  3636 E cccccc  : createTaskSnapshot:
12-22 17:28:32.333  3344  3636 I cccccc  : getTaskSnapshotInstance:
12-22 17:28:32.342  3344  3636 E cccccc  : createTaskSnapshot:
12-22 17:28:32.342  3344  3636 I cccccc  : getTaskSnapshotInstance:
12-22 17:28:32.343  3344  3636 I com.miui.home: CheckGCForNative adj_start_bytes: 33877840 NativeAllocationGcWatermark: 10685367 java_gc_start_bytes: 17849790 kNewNativeDiscountFactor: 2 kOldNativeDiscountFactor: 65536 old_native_bytes: 142068719 new_native_bytes: 12078844 add_bytes_allowed: 32056101 is_gc_concurrent: 1 target_footprint_: 18374078 GetBytesAllocated: 10846505 HeapGrowthMultiplier: 3
12-22 17:28:32.343  3344  3636 I com.miui.home: CheckGCForNative gc_urgency 0.4985 current_native_bytes is 154147563 starting_gc_num:19
12-22 17:28:32.464 10684 10684 I wm_on_create_called: [0,71715426,com.xunmeng.pinduoduo.ui.activity.MainFrameActivity,performCreate,79]
12-22 17:28:32.548  3344  3636 I com.miui.home: CheckGCForNative adj_start_bytes: 33877840 NativeAllocationGcWatermark: 10685367 java_gc_start_bytes: 17849790 kNewNativeDiscountFactor: 2 kOldNativeDiscountFactor: 65536 old_native_bytes: 142068719 new_native_bytes: 1448632 add_bytes_allowed: 32056101 is_gc_concurrent: 1 target_footprint_: 18374078 GetBytesAllocated: 11193301 HeapGrowthMultiplier: 3
12-22 17:28:32.548  3344  3636 I com.miui.home: CheckGCForNative gc_urgency 0.351846 current_native_bytes is 143517351 starting_gc_num:19
12-22 17:28:32.588  3344  3637 I com.miui.home: CheckGCForNative adj_start_bytes: 33877840 NativeAllocationGcWatermark: 10685367 java_gc_start_bytes: 17849790 kNewNativeDiscountFactor: 2 kOldNativeDiscountFactor: 65536 old_native_bytes: 142068719 new_native_bytes: 1471152 add_bytes_allowed: 32056101 is_gc_concurrent: 1 target_footprint_: 18374078 GetBytesAllocated: 11293813 HeapGrowthMultiplier: 3
12-22 17:28:32.588  3344  3637 I com.miui.home: CheckGCForNative gc_urgency 0.355145 current_native_bytes is 143539871 starting_gc_num:19
12-22 17:28:32.595 10684 10684 I wm_on_create_called: [0,79308602,com.xunmeng.pinduoduo.ui.activity.HomeActivity,performCreate,43]
12-22 17:28:32.734  3344  3636 E cccccc  : createTaskSnapshot:
12-22 17:28:32.734  3344  3636 I cccccc  : getTaskSnapshotInstance:
12-22 17:28:32.762 10684 10684 I wm_on_start_called: [0,79308602,com.xunmeng.pinduoduo.ui.activity.HomeActivity,handleStartActivity,167]
12-22 17:28:32.800 10684 10684 I wm_on_resume_called: [0,79308602,com.xunmeng.pinduoduo.ui.activity.HomeActivity,RESUME_ACTIVITY,22]
12-22 17:28:32.907  3344  3398 D cccccc  : onTaskStackChangedBackground
12-22 17:28:32.925  3344  9572 D cccccc  : onTaskStackChangedBackground
12-22 17:28:33.129  3344  3636 E cccccc  : createTaskSnapshot:
12-22 17:28:33.129  3344  3636 I cccccc  : getTaskSnapshotInstance:
12-22 17:28:33.203 10684 10684 I wm_on_top_resumed_gained_called: [79308602,com.xunmeng.pinduoduo.ui.activity.HomeActivity,topStateChangedWhenResumed]
12-22 17:28:33.384  3344  3344 I wm_on_resume_called: [0,85714840,com.miui.home.launcher.Launcher,RESUME_ACTIVITY,19]
12-22 17:28:33.402  3344  3344 I wm_on_idle_called: com.miui.home.launcher.Launcher
12-22 17:28:33.630  3344  3636 I com.miui.home: CheckGCForNative adj_start_bytes: 33877840 NativeAllocationGcWatermark: 10685367 java_gc_start_bytes: 17849790 kNewNativeDiscountFactor: 2 kOldNativeDiscountFactor: 65536 old_native_bytes: 142068719 new_native_bytes: 2002132 add_bytes_allowed: 32056101 is_gc_concurrent: 1 target_footprint_: 18374078 GetBytesAllocated: 13519472 HeapGrowthMultiplier: 3
12-22 17:28:33.630  3344  3636 I com.miui.home: CheckGCForNative gc_urgency 0.428679 current_native_bytes is 144070851 starting_gc_num:19
12-22 17:28:33.689  3344  3367 I com.miui.home: CheckGCForNative adj_start_bytes: 33877840 NativeAllocationGcWatermark: 10685367 java_gc_start_bytes: 17849790 kNewNativeDiscountFactor: 2 kOldNativeDiscountFactor: 65536 old_native_bytes: 142068719 new_native_bytes: 12822900 add_bytes_allowed: 32056101 is_gc_concurrent: 1 target_footprint_: 18374078 GetBytesAllocated: 13934919 HeapGrowthMultiplier: 3
12-22 17:28:33.689  3344  3367 I com.miui.home: CheckGCForNative gc_urgency 0.600644 current_native_bytes is 154891619 starting_gc_num:19
12-22 17:28:33.690  3344  3367 I cccccc  : createTaskSnapshotCompat:
12-22 17:28:33.690  3344  3367 I com.miui.home: CheckGCForNative adj_start_bytes: 33877840 NativeAllocationGcWatermark: 10685367 java_gc_start_bytes: 17849790 kNewNativeDiscountFactor: 2 kOldNativeDiscountFactor: 65536 old_native_bytes: 142068719 new_native_bytes: 23529844 add_bytes_allowed: 32056101 is_gc_concurrent: 1 target_footprint_: 18374078 GetBytesAllocated: 13938400 HeapGrowthMultiplier: 3
12-22 17:28:33.690  3344  3367 I com.miui.home: CheckGCForNative gc_urgency 0.75877 current_native_bytes is 165598563 starting_gc_num:19
12-22 17:28:33.797  3344  3344 I wm_on_top_resumed_gained_called: [85714840,com.miui.home.launcher.Launcher,topStateChangedWhenResumed]
12-22 17:28:33.844  3344  3636 E cccccc  : createTaskSnapshot:
12-22 17:28:33.844  3344  3636 I cccccc  : getTaskSnapshotInstance:
12-22 17:28:33.855  3344  3636 I com.miui.home: CheckGCForNative adj_start_bytes: 33877840 NativeAllocationGcWatermark: 10685367 java_gc_start_bytes: 17849790 kNewNativeDiscountFactor: 2 kOldNativeDiscountFactor: 65536 old_native_bytes: 142068719 new_native_bytes: 23654260 add_bytes_allowed: 32056101 is_gc_concurrent: 1 target_footprint_: 18374078 GetBytesAllocated: 14339191 HeapGrowthMultiplier: 3
12-22 17:28:33.855  3344  3636 I com.miui.home: CheckGCForNative gc_urgency 0.772437 current_native_bytes is 165722979 starting_gc_num:19
12-22 17:28:33.877  3344  3637 I com.miui.home: CheckGCForNative adj_start_bytes: 33877840 NativeAllocationGcWatermark: 10685367 java_gc_start_bytes: 17849790 kNewNativeDiscountFactor: 2 kOldNativeDiscountFactor: 65536 old_native_bytes: 142068719 new_native_bytes: 12952692 add_bytes_allowed: 32056101 is_gc_concurrent: 1 target_footprint_: 18374078 GetBytesAllocated: 14375064 HeapGrowthMultiplier: 3
12-22 17:28:33.877  3344  3637 I com.miui.home: CheckGCForNative gc_urgency 0.615552 current_native_bytes is 155021411 starting_gc_num:19
12-22 17:28:33.999  3344  3637 I com.miui.home: CheckGCForNative adj_start_bytes: 33877840 NativeAllocationGcWatermark: 10685367 java_gc_start_bytes: 17849790 kNewNativeDiscountFactor: 2 kOldNativeDiscountFactor: 65536 old_native_bytes: 142068719 new_native_bytes: 12962420 add_bytes_allowed: 32056101 is_gc_concurrent: 1 target_footprint_: 18374078 GetBytesAllocated: 14437670 HeapGrowthMultiplier: 3
12-22 17:28:33.999  3344  3637 I com.miui.home: CheckGCForNative gc_urgency 0.617544 current_native_bytes is 155031139 starting_gc_num:19
12-22 17:28:34.061 10684 10684 I wm_on_top_resumed_lost_called: [79308602,com.xunmeng.pinduoduo.ui.activity.HomeActivity,topStateChangedWhenResumed]
12-22 17:28:34.228  3344  3635 I cccccc  : createTaskSnapshotCompat:
12-22 17:28:34.605  3344  3344 I wm_on_top_resumed_lost_called: [85714840,com.miui.home.launcher.Launcher,topStateChangedWhenResumed]
12-22 17:28:34.630  3344  3398 D cccccc  : onTaskStackChangedBackground
12-22 17:28:34.634  3344  3398 D cccccc  : onTaskStackChangedBackground
12-22 17:28:34.730  3344  3344 I wm_on_paused_called: [0,85714840,com.miui.home.launcher.Launcher,performPause,3]
12-22 17:28:34.828  3344  3398 D cccccc  : onTaskStackChangedBackground
12-22 17:28:34.838  3344  3367 D cccccc  : onTaskStackChangedBackground
12-22 17:28:34.923 10684 10684 I wm_on_paused_called: [0,79308602,com.xunmeng.pinduoduo.ui.activity.HomeActivity,performPause,25]
12-22 17:28:34.987  3344  3367 I com.miui.home: CheckGCForNative adj_start_bytes: 33877840 NativeAllocationGcWatermark: 10685367 java_gc_start_bytes: 17849790 kNewNativeDiscountFactor: 2 kOldNativeDiscountFactor: 65536 old_native_bytes: 142068719 new_native_bytes: 13243824 add_bytes_allowed: 32056101 is_gc_concurrent: 1 target_footprint_: 18374078 GetBytesAllocated: 15561117 HeapGrowthMultiplier: 3
12-22 17:28:34.987  3344  3367 I com.miui.home: CheckGCForNative gc_urgency 0.654859 current_native_bytes is 155312543 starting_gc_num:19
12-22 17:28:35.017 10684 10684 I wm_on_destroy_called: [0,71715426,com.xunmeng.pinduoduo.ui.activity.MainFrameActivity,performDestroy,77]
12-22 17:28:35.051  3344  3636 E cccccc  : createTaskSnapshot:
12-22 17:28:35.051  3344  3636 I cccccc  : getTaskSnapshotInstance:
12-22 17:28:35.069  3344  3636 E cccccc  : createTaskSnapshot:
12-22 17:28:35.069  3344  3636 I cccccc  : getTaskSnapshotInstance:
12-22 17:28:35.071  3344  3636 I com.miui.home: CheckGCForNative adj_start_bytes: 33877840 NativeAllocationGcWatermark: 10685367 java_gc_start_bytes: 17849790 kNewNativeDiscountFactor: 2 kOldNativeDiscountFactor: 65536 old_native_bytes: 142068719 new_native_bytes: 24368480 add_bytes_allowed: 32056101 is_gc_concurrent: 1 target_footprint_: 18374078 GetBytesAllocated: 15726871 HeapGrowthMultiplier: 3
12-22 17:28:35.071  3344  3636 I com.miui.home: CheckGCForNative gc_urgency 0.823939 current_native_bytes is 166437199 starting_gc_num:19
12-22 17:28:35.310  3344  3637 I com.miui.home: CheckGCForNative adj_start_bytes: 33877840 NativeAllocationGcWatermark: 10685367 java_gc_start_bytes: 17849790 kNewNativeDiscountFactor: 2 kOldNativeDiscountFactor: 65536 old_native_bytes: 142068719 new_native_bytes: 13576992 add_bytes_allowed: 32056101 is_gc_concurrent: 1 target_footprint_: 18374078 GetBytesAllocated: 15998945 HeapGrowthMultiplier: 3
12-22 17:28:35.310  3344  3637 I com.miui.home: CheckGCForNative gc_urgency 0.6727 current_native_bytes is 155645711 starting_gc_num:19
12-22 17:28:35.354  3344  3637 I com.miui.home: CheckGCForNative adj_start_bytes: 33877840 NativeAllocationGcWatermark: 10685367 java_gc_start_bytes: 17849790 kNewNativeDiscountFactor: 2 kOldNativeDiscountFactor: 65536 old_native_bytes: 142068719 new_native_bytes: 13581064 add_bytes_allowed: 32056101 is_gc_concurrent: 1 target_footprint_: 18374078 GetBytesAllocated: 16026814 HeapGrowthMultiplier: 3
12-22 17:28:35.355  3344  3637 I com.miui.home: CheckGCForNative gc_urgency 0.673582 current_native_bytes is 155649783 starting_gc_num:19
12-22 17:28:35.588  3344  3636 E cccccc  : createTaskSnapshot:
12-22 17:28:35.588  3344  3636 I cccccc  : getTaskSnapshotInstance:
12-22 17:28:35.720 10684 10684 I wm_on_stop_called: [0,79308602,com.xunmeng.pinduoduo.ui.activity.HomeActivity,STOP_ACTIVITY_ITEM,38]
12-22 17:28:36.108 10684 10684 I wm_on_idle_called: com.xunmeng.pinduoduo.ui.activity.HomeActivity
12-22 17:28:36.131  3344  3344 I wm_on_stop_called: [0,85714840,com.miui.home.launcher.Launcher,STOP_ACTIVITY_ITEM,18]
12-22 17:28:36.391  3344  3344 I wm_on_restart_called: [0,85714840,com.miui.home.launcher.Launcher,,0]
12-22 17:28:36.393  3344  3344 I wm_on_start_called: [0,85714840,com.miui.home.launcher.Launcher,handleStartActivity,1]
12-22 17:28:36.413  3344  3344 I wm_on_resume_called: [0,85714840,com.miui.home.launcher.Launcher,RESUME_ACTIVITY,18]
12-22 17:28:36.524  3344  3344 I wm_on_idle_called: com.miui.home.launcher.Launcher
12-22 17:28:36.540  3344 11541 I com.miui.home: CheckGCForNative adj_start_bytes: 33877840 NativeAllocationGcWatermark: 10685367 java_gc_start_bytes: 17849790 kNewNativeDiscountFactor: 2 kOldNativeDiscountFactor: 65536 old_native_bytes: 142068719 new_native_bytes: 13780964 add_bytes_allowed: 32056101 is_gc_concurrent: 1 target_footprint_: 18374078 GetBytesAllocated: 17491042 HeapGrowthMultiplier: 3
12-22 17:28:36.540  3344 11541 I com.miui.home: CheckGCForNative gc_urgency 0.719753 current_native_bytes is 155849683 starting_gc_num:19
12-22 17:28:36.707  3344 11541 I com.miui.home: CheckGCForNative adj_start_bytes: 33877840 NativeAllocationGcWatermark: 10685367 java_gc_start_bytes: 17849790 kNewNativeDiscountFactor: 2 kOldNativeDiscountFactor: 65536 old_native_bytes: 142068719 new_native_bytes: 24497668 add_bytes_allowed: 32056101 is_gc_concurrent: 1 target_footprint_: 18374078 GetBytesAllocated: 17555854 HeapGrowthMultiplier: 3
12-22 17:28:36.707  3344 11541 I com.miui.home: CheckGCForNative gc_urgency 0.879833 current_native_bytes is 166566387 starting_gc_num:19
12-22 17:28:36.708  3344 11541 I cccccc  : createTaskSnapshotCompat:
12-22 17:28:36.712  3344 11541 I com.miui.home: CheckGCForNative adj_start_bytes: 33877840 NativeAllocationGcWatermark: 10685367 java_gc_start_bytes: 17849790 kNewNativeDiscountFactor: 2 kOldNativeDiscountFactor: 65536 old_native_bytes: 142068719 new_native_bytes: 35204804 add_bytes_allowed: 32056101 is_gc_concurrent: 1 target_footprint_: 18374078 GetBytesAllocated: 17567407 HeapGrowthMultiplier: 3
12-22 17:28:36.712  3344 11541 I com.miui.home: CheckGCForNative gc_urgency 1.0382 current_native_bytes is 177273523 starting_gc_num:19
12-22 17:28:36.712  3344 11541 I com.miui.home: CheckGCForNative requested 1
12-22 17:28:36.860  3344  3637 I com.miui.home: CheckGCForNative adj_start_bytes: 33877840 NativeAllocationGcWatermark: 10685367 java_gc_start_bytes: 17849790 kNewNativeDiscountFactor: 2 kOldNativeDiscountFactor: 65536 old_native_bytes: 142068719 new_native_bytes: 24539300 add_bytes_allowed: 32056101 is_gc_concurrent: 1 target_footprint_: 18374078 GetBytesAllocated: 17723128 HeapGrowthMultiplier: 3
12-22 17:28:36.860  3344  3637 I com.miui.home: CheckGCForNative gc_urgency 0.885385 current_native_bytes is 166608019 starting_gc_num:19
12-22 17:28:36.876  3344  3344 I wm_on_top_resumed_gained_called: [85714840,com.miui.home.launcher.Launcher,topStateChangedWhenResumed]
12-22 17:28:37.005  3344  3637 I com.miui.home: CheckGCForNative adj_start_bytes: 33877840 NativeAllocationGcWatermark: 10685367 java_gc_start_bytes: 17849790 kNewNativeDiscountFactor: 2 kOldNativeDiscountFactor: 65536 old_native_bytes: 142068719 new_native_bytes: 24546276 add_bytes_allowed: 32056101 is_gc_concurrent: 1 target_footprint_: 18374078 GetBytesAllocated: 17856795 HeapGrowthMultiplier: 3
12-22 17:28:37.005  3344  3637 I com.miui.home: CheckGCForNative gc_urgency 0.889434 current_native_bytes is 166614995 starting_gc_num:19
12-22 17:28:37.078  3344  3361 I com.miui.home: NativeAlloc concurrent copying GC freed 191760(8175KB) AllocSpace objects, 24(672KB) LOS objects, 49% free, 8606KB/16MB, paused 246us,29us total 362.678ms
12-22 17:28:37.227  3344  3635 I cccccc  : createTaskSnapshotCompat:
12-22 17:28:37.697  3344  3344 I wm_on_top_resumed_lost_called: [85714840,com.miui.home.launcher.Launcher,topStateChangedWhenResumed]
12-22 17:28:37.718  3344 11614 D cccccc  : onTaskStackChangedBackground
12-22 17:28:37.727  3344 11541 D cccccc  : onTaskStackChangedBackground
12-22 17:28:37.747  3344  3344 I wm_on_paused_called: [0,85714840,com.miui.home.launcher.Launcher,performPause,10]
12-22 17:28:37.915  3344  4001 D cccccc  : onTaskStackChangedBackground
12-22 17:28:37.981  3344 11614 D cccccc  : onTaskStackChangedBackground
12-22 17:28:38.060  3344  3637 I com.miui.home: CheckGCForNative gc_urgency 0 current_native_bytes is 131123475 starting_gc_num:20
12-22 17:28:38.227  3344  3637 I com.miui.home: CheckGCForNative adj_start_bytes: 33218661 NativeAllocationGcWatermark: 10591913 java_gc_start_bytes: 17330792 kNewNativeDiscountFactor: 2 kOldNativeDiscountFactor: 65536 old_native_bytes: 131123475 new_native_bytes: 466108 add_bytes_allowed: 31775739 is_gc_concurrent: 1 target_footprint_: 17626447 GetBytesAllocated: 10054156 HeapGrowthMultiplier: 3
12-22 17:28:38.227  3344  3637 I com.miui.home: CheckGCForNative gc_urgency 0.309742 current_native_bytes is 131589583 starting_gc_num:20
12-22 17:28:38.338  3344  3637 I com.miui.home: CheckGCForNative adj_start_bytes: 33218661 NativeAllocationGcWatermark: 10591913 java_gc_start_bytes: 17330792 kNewNativeDiscountFactor: 2 kOldNativeDiscountFactor: 65536 old_native_bytes: 131123475 new_native_bytes: 565148 add_bytes_allowed: 31775739 is_gc_concurrent: 1 target_footprint_: 17626447 GetBytesAllocated: 10267256 HeapGrowthMultiplier: 3
12-22 17:28:38.338  3344  3637 I com.miui.home: CheckGCForNative gc_urgency 0.317648 current_native_bytes is 131688623 starting_gc_num:20
12-22 17:28:38.384  3344  3636 E cccccc  : createTaskSnapshot:
12-22 17:28:38.384  3344  3636 I cccccc  : getTaskSnapshotInstance:
12-22 17:28:38.407  3344  3636 E cccccc  : createTaskSnapshot:
12-22 17:28:38.407  3344  3636 I cccccc  : getTaskSnapshotInstance:
12-22 17:28:38.409  3344  3636 I com.miui.home: CheckGCForNative adj_start_bytes: 33218661 NativeAllocationGcWatermark: 10591913 java_gc_start_bytes: 17330792 kNewNativeDiscountFactor: 2 kOldNativeDiscountFactor: 65536 old_native_bytes: 131123475 new_native_bytes: 11524572 add_bytes_allowed: 31775739 is_gc_concurrent: 1 target_footprint_: 17626447 GetBytesAllocated: 10354009 HeapGrowthMultiplier: 3
12-22 17:28:38.409  3344  3636 I com.miui.home: CheckGCForNative gc_urgency 0.485218 current_native_bytes is 142648047 starting_gc_num:20
12-22 17:28:38.469 11175 11175 I wm_on_create_called: [0,189927446,com.tencent.qqlive.ona.activity.SplashHomeActivity,performCreate,1606]
12-22 17:28:38.523 11175 11175 I wm_on_start_called: [0,189927446,com.tencent.qqlive.ona.activity.SplashHomeActivity,handleStartActivity,38]
12-22 17:28:38.788  3344  3636 E cccccc  : createTaskSnapshot:
12-22 17:28:38.788  3344  3636 I cccccc  : getTaskSnapshotInstance:
12-22 17:28:38.878  3344  3568 I com.miui.home: CheckGCForNative adj_start_bytes: 33218661 NativeAllocationGcWatermark: 10591913 java_gc_start_bytes: 17330792 kNewNativeDiscountFactor: 2 kOldNativeDiscountFactor: 65536 old_native_bytes: 131123475 new_native_bytes: 981736 add_bytes_allowed: 31775739 is_gc_concurrent: 1 target_footprint_: 17626447 GetBytesAllocated: 11059427 HeapGrowthMultiplier: 3
12-22 17:28:38.878  3344  3568 I com.miui.home: CheckGCForNative gc_urgency 0.347765 current_native_bytes is 132105211 starting_gc_num:20
12-22 17:28:38.884  3344  3568 I com.miui.home: CheckGCForNative adj_start_bytes: 33218661 NativeAllocationGcWatermark: 10591913 java_gc_start_bytes: 17330792 kNewNativeDiscountFactor: 2 kOldNativeDiscountFactor: 65536 old_native_bytes: 131123475 new_native_bytes: 1378088 add_bytes_allowed: 31775739 is_gc_concurrent: 1 target_footprint_: 17626447 GetBytesAllocated: 11059427 HeapGrowthMultiplier: 3
12-22 17:28:38.884  3344  3568 I com.miui.home: CheckGCForNative gc_urgency 0.353731 current_native_bytes is 132501563 starting_gc_num:20
12-22 17:28:38.885  3344  3568 I com.miui.home: CheckGCForNative adj_start_bytes: 33218661 NativeAllocationGcWatermark: 10591913 java_gc_start_bytes: 17330792 kNewNativeDiscountFactor: 2 kOldNativeDiscountFactor: 65536 old_native_bytes: 131123475 new_native_bytes: 1544744 add_bytes_allowed: 31775739 is_gc_concurrent: 1 target_footprint_: 17626447 GetBytesAllocated: 11059427 HeapGrowthMultiplier: 3
12-22 17:28:38.885  3344  3568 I com.miui.home: CheckGCForNative gc_urgency 0.356239 current_native_bytes is 132668219 starting_gc_num:20
12-22 17:28:38.994 11175 11175 I wm_on_resume_called: [0,189927446,com.tencent.qqlive.ona.activity.SplashHomeActivity,RESUME_ACTIVITY,184]
12-22 17:28:39.102 11826 11826 I wm_on_create_called: [0,202738735,com.tencent.mobileqq.activity.SplashActivity,performCreate,102]
12-22 17:28:39.172 11826 11826 I wm_on_start_called: [0,202738735,com.tencent.mobileqq.activity.SplashActivity,handleStartActivity,69]
12-22 17:28:39.207 11826 11826 I wm_on_resume_called: [0,202738735,com.tencent.mobileqq.activity.SplashActivity,RESUME_ACTIVITY,34]
12-22 17:28:39.388 11175 11175 I wm_on_top_resumed_gained_called: [189927446,com.tencent.qqlive.ona.activity.SplashHomeActivity,topStateChangedWhenResumed]
12-22 17:28:39.459 11826 11826 I wm_on_top_resumed_gained_called: [202738735,com.tencent.mobileqq.activity.SplashActivity,topStateChangedWhenResumed]
12-22 17:28:39.463 11826 11826 I wm_on_top_resumed_lost_called: [202738735,com.tencent.mobileqq.activity.SplashActivity,topStateChangedWhenResumed]
12-22 17:28:39.478  3344  3344 I wm_on_resume_called: [0,85714840,com.miui.home.launcher.Launcher,RESUME_ACTIVITY,20]
12-22 17:28:39.489  3344  3344 I wm_on_top_resumed_gained_called: [85714840,com.miui.home.launcher.Launcher,topStateChangedWhenResumed]
12-22 17:28:39.498  3344  3344 I wm_on_idle_called: com.miui.home.launcher.Launcher
12-22 17:28:39.714 11175 11175 I wm_on_top_resumed_lost_called: [189927446,com.tencent.qqlive.ona.activity.SplashHomeActivity,topStateChangedWhenResumed]
12-22 17:28:39.872  3344 11614 I com.miui.home: CheckGCForNative adj_start_bytes: 33218661 NativeAllocationGcWatermark: 10591913 java_gc_start_bytes: 17330792 kNewNativeDiscountFactor: 2 kOldNativeDiscountFactor: 65536 old_native_bytes: 131123475 new_native_bytes: 12851260 add_bytes_allowed: 31775739 is_gc_concurrent: 1 target_footprint_: 17626447 GetBytesAllocated: 12171187 HeapGrowthMultiplier: 3
12-22 17:28:39.872  3344 11614 I com.miui.home: CheckGCForNative gc_urgency 0.559891 current_native_bytes is 143974735 starting_gc_num:20
12-22 17:28:39.872  3344 11614 I cccccc  : createTaskSnapshotCompat:
12-22 17:28:39.876  3344 11614 I com.miui.home: CheckGCForNative adj_start_bytes: 33218661 NativeAllocationGcWatermark: 10591913 java_gc_start_bytes: 17330792 kNewNativeDiscountFactor: 2 kOldNativeDiscountFactor: 65536 old_native_bytes: 131123475 new_native_bytes: 23558204 add_bytes_allowed: 31775739 is_gc_concurrent: 1 target_footprint_: 17626447 GetBytesAllocated: 12180922 HeapGrowthMultiplier: 3
12-22 17:28:39.876  3344 11614 I com.miui.home: CheckGCForNative gc_urgency 0.721342 current_native_bytes is 154681679 starting_gc_num:20
12-22 17:28:39.886  3344  3637 I com.miui.home: CheckGCForNative adj_start_bytes: 33218661 NativeAllocationGcWatermark: 10591913 java_gc_start_bytes: 17330792 kNewNativeDiscountFactor: 2 kOldNativeDiscountFactor: 65536 old_native_bytes: 131123475 new_native_bytes: 12841756 add_bytes_allowed: 31775739 is_gc_concurrent: 1 target_footprint_: 17626447 GetBytesAllocated: 12196450 HeapGrowthMultiplier: 3
12-22 17:28:39.886  3344  3637 I com.miui.home: CheckGCForNative gc_urgency 0.560508 current_native_bytes is 143965231 starting_gc_num:20
12-22 17:28:39.949  3344  3637 I com.miui.home: CheckGCForNative adj_start_bytes: 33218661 NativeAllocationGcWatermark: 10591913 java_gc_start_bytes: 17330792 kNewNativeDiscountFactor: 2 kOldNativeDiscountFactor: 65536 old_native_bytes: 131123475 new_native_bytes: 12945852 add_bytes_allowed: 31775739 is_gc_concurrent: 1 target_footprint_: 17626447 GetBytesAllocated: 12233443 HeapGrowthMultiplier: 3
12-22 17:28:39.949  3344  3637 I com.miui.home: CheckGCForNative gc_urgency 0.563188 current_native_bytes is 144069327 starting_gc_num:20
12-22 17:28:40.018 11826 11826 I wm_on_idle_called: com.tencent.mobileqq.activity.SplashActivity
12-22 17:28:40.205  3344  3637 I com.miui.home: CheckGCForNative adj_start_bytes: 33218661 NativeAllocationGcWatermark: 10591913 java_gc_start_bytes: 17330792 kNewNativeDiscountFactor: 2 kOldNativeDiscountFactor: 65536 old_native_bytes: 131123475 new_native_bytes: 12914044 add_bytes_allowed: 31775739 is_gc_concurrent: 1 target_footprint_: 17626447 GetBytesAllocated: 12347945 HeapGrowthMultiplier: 3
12-22 17:28:40.205  3344  3637 I com.miui.home: CheckGCForNative gc_urgency 0.566157 current_native_bytes is 144037519 starting_gc_num:20
12-22 17:28:40.218 11826 11826 I wm_on_paused_called: [0,202738735,com.tencent.mobileqq.activity.SplashActivity,performPause,7]
12-22 17:28:40.283 11175 11175 I wm_on_paused_called: [0,189927446,com.tencent.qqlive.ona.activity.SplashHomeActivity,performPause,388]
12-22 17:28:40.384  3344  3635 I com.miui.home: CheckGCForNative adj_start_bytes: 33218661 NativeAllocationGcWatermark: 10591913 java_gc_start_bytes: 17330792 kNewNativeDiscountFactor: 2 kOldNativeDiscountFactor: 65536 old_native_bytes: 131123475 new_native_bytes: 23548964 add_bytes_allowed: 31775739 is_gc_concurrent: 1 target_footprint_: 17626447 GetBytesAllocated: 12455682 HeapGrowthMultiplier: 3
12-22 17:28:40.384  3344  3635 I com.miui.home: CheckGCForNative gc_urgency 0.729474 current_native_bytes is 154672439 starting_gc_num:20
12-22 17:28:40.384  3344  3635 I cccccc  : createTaskSnapshotCompat:
12-22 17:28:40.385  3344  3635 I com.miui.home: CheckGCForNative adj_start_bytes: 33218661 NativeAllocationGcWatermark: 10591913 java_gc_start_bytes: 17330792 kNewNativeDiscountFactor: 2 kOldNativeDiscountFactor: 65536 old_native_bytes: 131123475 new_native_bytes: 34255908 add_bytes_allowed: 31775739 is_gc_concurrent: 1 target_footprint_: 17626447 GetBytesAllocated: 12466872 HeapGrowthMultiplier: 3
12-22 17:28:40.385  3344  3635 I com.miui.home: CheckGCForNative gc_urgency 0.89097 current_native_bytes is 165379383 starting_gc_num:20
12-22 17:28:40.420  3344  9572 D cccccc  : onTaskStackChangedBackground
12-22 17:28:40.432  3344  9572 D cccccc  : onTaskStackChangedBackground
12-22 17:28:40.524 11175 11175 I wm_on_stop_called: [0,189927446,com.tencent.qqlive.ona.activity.SplashHomeActivity,STOP_ACTIVITY_ITEM,188]
12-22 17:28:40.816  3344  3636 E cccccc  : createTaskSnapshot:
12-22 17:28:40.816  3344  3636 I cccccc  : getTaskSnapshotInstance:
12-22 17:28:40.817  3344  3636 I com.miui.home: CheckGCForNative adj_start_bytes: 33218661 NativeAllocationGcWatermark: 10591913 java_gc_start_bytes: 17330792 kNewNativeDiscountFactor: 2 kOldNativeDiscountFactor: 65536 old_native_bytes: 131123475 new_native_bytes: 34440328 add_bytes_allowed: 31775739 is_gc_concurrent: 1 target_footprint_: 17626447 GetBytesAllocated: 13085463 HeapGrowthMultiplier: 3
12-22 17:28:40.817  3344  3636 I com.miui.home: CheckGCForNative gc_urgency 0.912368 current_native_bytes is 165563803 starting_gc_num:20
12-22 17:28:40.821 11826 11826 I wm_on_create_called: [0,91865946,com.tencent.mobileqq.activity.LoginActivity,performCreate,285]
12-22 17:28:41.068  3344  3568 I com.miui.home: CheckGCForNative adj_start_bytes: 33218661 NativeAllocationGcWatermark: 10591913 java_gc_start_bytes: 17330792 kNewNativeDiscountFactor: 2 kOldNativeDiscountFactor: 65536 old_native_bytes: 131123475 new_native_bytes: 24030972 add_bytes_allowed: 31775739 is_gc_concurrent: 1 target_footprint_: 17626447 GetBytesAllocated: 13753853 HeapGrowthMultiplier: 3
12-22 17:28:41.068  3344  3568 I com.miui.home: CheckGCForNative gc_urgency 0.775809 current_native_bytes is 155154447 starting_gc_num:20
12-22 17:28:41.106  3344  3344 I wm_on_top_resumed_lost_called: [85714840,com.miui.home.launcher.Launcher,topStateChangedWhenResumed]
12-22 17:28:41.111  3344  3344 I wm_on_paused_called: [0,85714840,com.miui.home.launcher.Launcher,performPause,2]
12-22 17:28:41.147  3344 11614 D cccccc  : onTaskStackChangedBackground
12-22 17:28:41.148  3344 11614 D cccccc  : onTaskStackChangedBackground
12-22 17:28:41.185 11826 11826 I wm_on_start_called: [0,91865946,com.tencent.mobileqq.activity.LoginActivity,handleStartActivity,346]
12-22 17:28:41.216  3344 11541 D cccccc  : onTaskStackChangedBackground
12-22 17:28:41.218  3344  3367 D cccccc  : onTaskStackChangedBackground
12-22 17:28:41.229 11826 11826 I wm_on_resume_called: [0,91865946,com.tencent.mobileqq.activity.LoginActivity,RESUME_ACTIVITY,32]
12-22 17:28:41.274 11826 11826 I wm_on_stop_called: [0,202738735,com.tencent.mobileqq.activity.SplashActivity,LIFECYCLER_STOP_ACTIVITY,8]
12-22 17:28:41.339 11826 11826 I wm_on_destroy_called: [0,202738735,com.tencent.mobileqq.activity.SplashActivity,performDestroy,64]
12-22 17:28:41.424 11826 11826 I wm_on_paused_called: [0,91865946,com.tencent.mobileqq.activity.LoginActivity,performPause,11]
12-22 17:28:41.505  3344  3637 I com.miui.home: CheckGCForNative adj_start_bytes: 33218661 NativeAllocationGcWatermark: 10591913 java_gc_start_bytes: 17330792 kNewNativeDiscountFactor: 2 kOldNativeDiscountFactor: 65536 old_native_bytes: 131123475 new_native_bytes: 24815704 add_bytes_allowed: 31775739 is_gc_concurrent: 1 target_footprint_: 17626447 GetBytesAllocated: 14623573 HeapGrowthMultiplier: 3
12-22 17:28:41.505  3344  3637 I com.miui.home: CheckGCForNative gc_urgency 0.813802 current_native_bytes is 155939179 starting_gc_num:20
12-22 17:28:41.616  3344  3637 I com.miui.home: CheckGCForNative adj_start_bytes: 33218661 NativeAllocationGcWatermark: 10591913 java_gc_start_bytes: 17330792 kNewNativeDiscountFactor: 2 kOldNativeDiscountFactor: 65536 old_native_bytes: 131123475 new_native_bytes: 25090648 add_bytes_allowed: 31775739 is_gc_concurrent: 1 target_footprint_: 17626447 GetBytesAllocated: 14863683 HeapGrowthMultiplier: 3
12-22 17:28:41.616  3344  3637 I com.miui.home: CheckGCForNative gc_urgency 0.825169 current_native_bytes is 156214123 starting_gc_num:20
12-22 17:28:41.621  3344  3636 E cccccc  : createTaskSnapshot:
12-22 17:28:41.621  3344  3636 I cccccc  : getTaskSnapshotInstance:
12-22 17:28:41.894  3344  3637 I com.miui.home: CheckGCForNative adj_start_bytes: 33218661 NativeAllocationGcWatermark: 10591913 java_gc_start_bytes: 17330792 kNewNativeDiscountFactor: 2 kOldNativeDiscountFactor: 65536 old_native_bytes: 131123475 new_native_bytes: 25220300 add_bytes_allowed: 31775739 is_gc_concurrent: 1 target_footprint_: 17626447 GetBytesAllocated: 15425185 HeapGrowthMultiplier: 3
12-22 17:28:41.894  3344  3637 I com.miui.home: CheckGCForNative gc_urgency 0.844024 current_native_bytes is 156343775 starting_gc_num:20
12-22 17:28:41.948  3344  3636 E cccccc  : createTaskSnapshot:
12-22 17:28:41.948  3344  3636 I cccccc  : getTaskSnapshotInstance:
12-22 17:28:42.550 12288 12288 I wm_on_application_create_called: [0,com.dragon.read,718]
12-22 17:28:42.740  3344  3344 I wm_on_resume_called: [0,85714840,com.miui.home.launcher.Launcher,RESUME_ACTIVITY,21]
12-22 17:28:42.755  3344  3344 I com.miui.home: CheckGCForNative adj_start_bytes: 33218661 NativeAllocationGcWatermark: 10591913 java_gc_start_bytes: 17330792 kNewNativeDiscountFactor: 2 kOldNativeDiscountFactor: 65536 old_native_bytes: 131123475 new_native_bytes: 24803220 add_bytes_allowed: 31775739 is_gc_concurrent: 1 target_footprint_: 17626447 GetBytesAllocated: 16379261 HeapGrowthMultiplier: 3
12-22 17:28:42.755  3344  3344 I com.miui.home: CheckGCForNative gc_urgency 0.866467 current_native_bytes is 155926695 starting_gc_num:20
12-22 17:28:42.758  3344  3344 I wm_on_idle_called: com.miui.home.launcher.Launcher
12-22 17:28:42.881  3344 11614 I com.miui.home: CheckGCForNative adj_start_bytes: 33218661 NativeAllocationGcWatermark: 10591913 java_gc_start_bytes: 17330792 kNewNativeDiscountFactor: 2 kOldNativeDiscountFactor: 65536 old_native_bytes: 131123475 new_native_bytes: 35590288 add_bytes_allowed: 31775739 is_gc_concurrent: 1 target_footprint_: 17626447 GetBytesAllocated: 16948213 HeapGrowthMultiplier: 3
12-22 17:28:42.881  3344 11614 I com.miui.home: CheckGCForNative gc_urgency 1.04596 current_native_bytes is 166713763 starting_gc_num:20
12-22 17:28:42.881  3344 11614 I com.miui.home: CheckGCForNative requested 1
12-22 17:28:42.882  3344 11614 I cccccc  : createTaskSnapshotCompat:
12-22 17:28:42.885  3344 11614 I com.miui.home: CheckGCForNative adj_start_bytes: 33218661 NativeAllocationGcWatermark: 10591913 java_gc_start_bytes: 17330792 kNewNativeDiscountFactor: 2 kOldNativeDiscountFactor: 65536 old_native_bytes: 131123475 new_native_bytes: 46297072 add_bytes_allowed: 31775739 is_gc_concurrent: 1 target_footprint_: 17626447 GetBytesAllocated: 16967209 HeapGrowthMultiplier: 3
12-22 17:28:42.885  3344 11614 I com.miui.home: CheckGCForNative gc_urgency 1.20769 current_native_bytes is 177420547 starting_gc_num:20
12-22 17:28:42.885  3344 11614 I com.miui.home: CheckGCForNative requested 1
12-22 17:28:42.931 12288 12288 I wm_on_create_called: [0,188400702,com.dragon.read.pages.splash.SplashActivity,performCreate,101]
12-22 17:28:43.021  3344  3637 I com.miui.home: CheckGCForNative adj_start_bytes: 33218661 NativeAllocationGcWatermark: 10591913 java_gc_start_bytes: 17330792 kNewNativeDiscountFactor: 2 kOldNativeDiscountFactor: 65536 old_native_bytes: 131123475 new_native_bytes: 35634576 add_bytes_allowed: 31775739 is_gc_concurrent: 1 target_footprint_: 17626447 GetBytesAllocated: 17302428 HeapGrowthMultiplier: 3
12-22 17:28:43.022  3344  3637 I com.miui.home: CheckGCForNative gc_urgency 1.05729 current_native_bytes is 166758051 starting_gc_num:20
12-22 17:28:43.022  3344  3637 I com.miui.home: CheckGCForNative requested 1
12-22 17:28:43.141 12288 12288 I wm_on_start_called: [0,188400702,com.dragon.read.pages.splash.SplashActivity,handleStartActivity,202]
12-22 17:28:43.162  3344  3344 I wm_on_top_resumed_gained_called: [85714840,com.miui.home.launcher.Launcher,topStateChangedWhenResumed]
12-22 17:28:43.290  3344  3361 I com.miui.home: NativeAlloc concurrent copying GC freed 176438(7719KB) AllocSpace objects, 26(736KB) LOS objects, 49% free, 8601KB/16MB, paused 307us,794us total 408.359ms
12-22 17:28:43.393 12288 12288 I wm_on_resume_called: [0,188400702,com.dragon.read.pages.splash.SplashActivity,RESUME_ACTIVITY,248]
12-22 17:28:43.407 12288 12288 I wm_on_top_resumed_gained_called: [188400702,com.dragon.read.pages.splash.SplashActivity,topStateChangedWhenResumed]
12-22 17:28:43.409  3344  3635 I com.miui.home: CheckGCForNative gc_urgency 0 current_native_bytes is 140267611 starting_gc_num:21
12-22 17:28:43.410  3344  3635 I cccccc  : createTaskSnapshotCompat:
12-22 17:28:43.412  3344  3635 I com.miui.home: CheckGCForNative adj_start_bytes: 32984647 NativeAllocationGcWatermark: 10590685 java_gc_start_bytes: 17098620 kNewNativeDiscountFactor: 2 kOldNativeDiscountFactor: 65536 old_native_bytes: 140267611 new_native_bytes: 10707264 add_bytes_allowed: 31772055 is_gc_concurrent: 1 target_footprint_: 17616619 GetBytesAllocated: 8937011 HeapGrowthMultiplier: 3
12-22 17:28:43.412  3344  3635 I com.miui.home: CheckGCForNative gc_urgency 0.433316 current_native_bytes is 150974875 starting_gc_num:21
12-22 17:28:43.543 12288 12288 I wm_on_top_resumed_lost_called: [188400702,com.dragon.read.pages.splash.SplashActivity,topStateChangedWhenResumed]
12-22 17:28:43.872  3344  9572 D cccccc  : onTaskStackChangedBackground
12-22 17:28:43.876  3344  9572 D cccccc  : onTaskStackChangedBackground
12-22 17:28:43.921  3344  3636 I com.miui.home: CheckGCForNative gc_urgency 0 current_native_bytes is 140265819 starting_gc_num:21
12-22 17:28:44.045  3344  3636 E cccccc  : createTaskSnapshot:
12-22 17:28:44.046  3344  3636 I cccccc  : getTaskSnapshotInstance:
12-22 17:28:44.047  3344  3636 I com.miui.home: CheckGCForNative adj_start_bytes: 32984647 NativeAllocationGcWatermark: 10590685 java_gc_start_bytes: 17098620 kNewNativeDiscountFactor: 2 kOldNativeDiscountFactor: 65536 old_native_bytes: 140265819 new_native_bytes: 11196468 add_bytes_allowed: 31772055 is_gc_concurrent: 1 target_footprint_: 17616619 GetBytesAllocated: 9591038 HeapGrowthMultiplier: 3
12-22 17:28:44.047  3344  3636 I com.miui.home: CheckGCForNative gc_urgency 0.46056 current_native_bytes is 151462287 starting_gc_num:21
12-22 17:28:44.088 12288 12288 I wm_on_paused_called: [0,188400702,com.dragon.read.pages.splash.SplashActivity,performPause,295]
12-22 17:28:44.183  3344  3344 I com.miui.home: CheckGCForNative adj_start_bytes: 32984647 NativeAllocationGcWatermark: 10590685 java_gc_start_bytes: 17098620 kNewNativeDiscountFactor: 2 kOldNativeDiscountFactor: 65536 old_native_bytes: 140265819 new_native_bytes: 670376 add_bytes_allowed: 31772055 is_gc_concurrent: 1 target_footprint_: 17616619 GetBytesAllocated: 9971892 HeapGrowthMultiplier: 3
12-22 17:28:44.183  3344  3344 I com.miui.home: CheckGCForNative gc_urgency 0.312546 current_native_bytes is 140936195 starting_gc_num:21
12-22 17:28:44.229  3344  3344 I wm_on_top_resumed_lost_called: [85714840,com.miui.home.launcher.Launcher,topStateChangedWhenResumed]
12-22 17:28:44.234  3344  3344 I wm_on_paused_called: [0,85714840,com.miui.home.launcher.Launcher,performPause,2]
12-22 17:28:44.277  3344  5735 D cccccc  : onTaskStackChangedBackground
12-22 17:28:44.280  3344  5735 D cccccc  : onTaskStackChangedBackground
12-22 17:28:44.344 12288 12288 I wm_on_stop_called: [0,188400702,com.dragon.read.pages.splash.SplashActivity,LIFECYCLER_STOP_ACTIVITY,77]
12-22 17:28:44.351  3344  5735 D cccccc  : onTaskStackChangedBackground
12-22 17:28:44.372  3344  5735 D cccccc  : onTaskStackChangedBackground
12-22 17:28:44.388 12288 12288 I wm_on_destroy_called: [0,188400702,com.dragon.read.pages.splash.SplashActivity,performDestroy,21]
12-22 17:28:44.521  3344  3637 I com.miui.home: CheckGCForNative adj_start_bytes: 32984647 NativeAllocationGcWatermark: 10590685 java_gc_start_bytes: 17098620 kNewNativeDiscountFactor: 2 kOldNativeDiscountFactor: 65536 old_native_bytes: 140265819 new_native_bytes: 868896 add_bytes_allowed: 31772055 is_gc_concurrent: 1 target_footprint_: 17616619 GetBytesAllocated: 10891685 HeapGrowthMultiplier: 3
12-22 17:28:44.521  3344  3637 I com.miui.home: CheckGCForNative gc_urgency 0.343589 current_native_bytes is 141134715 starting_gc_num:21
12-22 17:28:44.782  3344  3636 E cccccc  : createTaskSnapshot:
12-22 17:28:44.783  3344  3636 I cccccc  : getTaskSnapshotInstance:
12-22 17:28:44.788  3344  3637 I com.miui.home: CheckGCForNative adj_start_bytes: 32984647 NativeAllocationGcWatermark: 10590685 java_gc_start_bytes: 17098620 kNewNativeDiscountFactor: 2 kOldNativeDiscountFactor: 65536 old_native_bytes: 140265819 new_native_bytes: 1191988 add_bytes_allowed: 31772055 is_gc_concurrent: 1 target_footprint_: 17616619 GetBytesAllocated: 11489626 HeapGrowthMultiplier: 3
12-22 17:28:44.788  3344  3637 I com.miui.home: CheckGCForNative gc_urgency 0.366466 current_native_bytes is 141457807 starting_gc_num:21
12-22 17:28:45.403 12733 12733 I wm_on_application_create_called: [0,com.taobao.taobao,367]
12-22 17:28:45.496 12733 12733 I wm_on_create_called: [0,187342645,com.taobao.tao.welcome.Welcome,performCreate,77]
12-22 17:28:45.556 12733 12733 I wm_on_start_called: [0,187342645,com.taobao.tao.welcome.Welcome,handleStartActivity,60]
12-22 17:28:45.583 12733 12733 I wm_on_resume_called: [0,187342645,com.taobao.tao.welcome.Welcome,RESUME_ACTIVITY,25]
12-22 17:28:45.670  3344  3344 I wm_on_resume_called: [0,85714840,com.miui.home.launcher.Launcher,RESUME_ACTIVITY,17]
12-22 17:28:45.696  3344  3344 I com.miui.home: CheckGCForNative adj_start_bytes: 32984647 NativeAllocationGcWatermark: 10590685 java_gc_start_bytes: 17098620 kNewNativeDiscountFactor: 2 kOldNativeDiscountFactor: 65536 old_native_bytes: 140265819 new_native_bytes: 913100 add_bytes_allowed: 31772055 is_gc_concurrent: 1 target_footprint_: 17616619 GetBytesAllocated: 12339132 HeapGrowthMultiplier: 3
12-22 17:28:45.696  3344  3344 I com.miui.home: CheckGCForNative gc_urgency 0.387993 current_native_bytes is 141178919 starting_gc_num:21
12-22 17:28:45.757  3344  3344 I wm_on_idle_called: com.miui.home.launcher.Launcher
12-22 17:28:45.872 12733 12733 I wm_on_top_resumed_gained_called: [187342645,com.taobao.tao.welcome.Welcome,topStateChangedWhenResumed]
12-22 17:28:45.886  3344 11614 I com.miui.home: CheckGCForNative adj_start_bytes: 32984647 NativeAllocationGcWatermark: 10590685 java_gc_start_bytes: 17098620 kNewNativeDiscountFactor: 2 kOldNativeDiscountFactor: 65536 old_native_bytes: 140265819 new_native_bytes: 11994480 add_bytes_allowed: 31772055 is_gc_concurrent: 1 target_footprint_: 17616619 GetBytesAllocated: 13229502 HeapGrowthMultiplier: 3
12-22 17:28:45.886  3344 11614 I com.miui.home: CheckGCForNative gc_urgency 0.582965 current_native_bytes is 152260299 starting_gc_num:21
12-22 17:28:45.886  3344 11614 I cccccc  : createTaskSnapshotCompat:
12-22 17:28:45.889  3344 11614 I com.miui.home: CheckGCForNative adj_start_bytes: 32984647 NativeAllocationGcWatermark: 10590685 java_gc_start_bytes: 17098620 kNewNativeDiscountFactor: 2 kOldNativeDiscountFactor: 65536 old_native_bytes: 140265819 new_native_bytes: 22701424 add_bytes_allowed: 31772055 is_gc_concurrent: 1 target_footprint_: 17616619 GetBytesAllocated: 13230879 HeapGrowthMultiplier: 3
12-22 17:28:45.889  3344 11614 I com.miui.home: CheckGCForNative gc_urgency 0.745308 current_native_bytes is 162967243 starting_gc_num:21
12-22 17:28:45.932  3344  3637 I com.miui.home: CheckGCForNative adj_start_bytes: 32984647 NativeAllocationGcWatermark: 10590685 java_gc_start_bytes: 17098620 kNewNativeDiscountFactor: 2 kOldNativeDiscountFactor: 65536 old_native_bytes: 140265819 new_native_bytes: 12041608 add_bytes_allowed: 31772055 is_gc_concurrent: 1 target_footprint_: 17616619 GetBytesAllocated: 13331660 HeapGrowthMultiplier: 3
12-22 17:28:45.932  3344  3637 I com.miui.home: CheckGCForNative gc_urgency 0.586801 current_native_bytes is 152307427 starting_gc_num:21
12-22 17:28:46.152  3344  3344 I wm_on_top_resumed_gained_called: [85714840,com.miui.home.launcher.Launcher,topStateChangedWhenResumed]
12-22 17:28:46.288  3344  3637 I com.miui.home: CheckGCForNative adj_start_bytes: 32984647 NativeAllocationGcWatermark: 10590685 java_gc_start_bytes: 17098620 kNewNativeDiscountFactor: 2 kOldNativeDiscountFactor: 65536 old_native_bytes: 140265819 new_native_bytes: 12077160 add_bytes_allowed: 31772055 is_gc_concurrent: 1 target_footprint_: 17616619 GetBytesAllocated: 13481140 HeapGrowthMultiplier: 3
12-22 17:28:46.288  3344  3637 I com.miui.home: CheckGCForNative gc_urgency 0.591847 current_native_bytes is 152342979 starting_gc_num:21
12-22 17:28:46.395  3344  3635 I cccccc  : createTaskSnapshotCompat:
12-22 17:28:46.405  3344  3344 I com.miui.home: CheckGCForNative adj_start_bytes: 32984647 NativeAllocationGcWatermark: 10590685 java_gc_start_bytes: 17098620 kNewNativeDiscountFactor: 2 kOldNativeDiscountFactor: 65536 old_native_bytes: 140265819 new_native_bytes: 12069160 add_bytes_allowed: 31772055 is_gc_concurrent: 1 target_footprint_: 17616619 GetBytesAllocated: 13512946 HeapGrowthMultiplier: 3
12-22 17:28:46.405  3344  3344 I com.miui.home: CheckGCForNative gc_urgency 0.59269 current_native_bytes is 152334979 starting_gc_num:21
12-22 17:28:46.994  3344 11614 D cccccc  : onTaskStackChangedBackground
12-22 17:28:46.997  3344  9572 D cccccc  : onTaskStackChangedBackground
12-22 17:28:47.188  3344  3344 I wm_on_top_resumed_lost_called: [85714840,com.miui.home.launcher.Launcher,topStateChangedWhenResumed]
12-22 17:28:47.194  3344  3344 I wm_on_paused_called: [0,85714840,com.miui.home.launcher.Launcher,performPause,3]
12-22 17:28:47.214  3344 11614 D cccccc  : onTaskStackChangedBackground
12-22 17:28:47.215  3344 11614 D cccccc  : onTaskStackChangedBackground
12-22 17:28:47.354  3344  9572 D cccccc  : onTaskStackChangedBackground
12-22 17:28:47.357  3344  9572 D cccccc  : onTaskStackChangedBackground
12-22 17:28:47.470  3344  3636 E cccccc  : createTaskSnapshot:
12-22 17:28:47.470  3344  3636 I cccccc  : getTaskSnapshotInstance:
12-22 17:28:47.471  3344  3636 I com.miui.home: CheckGCForNative adj_start_bytes: 32984647 NativeAllocationGcWatermark: 10590685 java_gc_start_bytes: 17098620 kNewNativeDiscountFactor: 2 kOldNativeDiscountFactor: 65536 old_native_bytes: 140265819 new_native_bytes: 23159900 add_bytes_allowed: 31772055 is_gc_concurrent: 1 target_footprint_: 17616619 GetBytesAllocated: 14715973 HeapGrowthMultiplier: 3
12-22 17:28:47.471  3344  3636 I com.miui.home: CheckGCForNative gc_urgency 0.797282 current_native_bytes is 163425719 starting_gc_num:21
12-22 17:28:47.472 12733 12733 I wm_on_top_resumed_lost_called: [187342645,com.taobao.tao.welcome.Welcome,topStateChangedWhenResumed]
12-22 17:28:47.544  3344  3637 I com.miui.home: CheckGCForNative adj_start_bytes: 32984647 NativeAllocationGcWatermark: 10590685 java_gc_start_bytes: 17098620 kNewNativeDiscountFactor: 2 kOldNativeDiscountFactor: 65536 old_native_bytes: 140265819 new_native_bytes: 12618564 add_bytes_allowed: 31772055 is_gc_concurrent: 1 target_footprint_: 17616619 GetBytesAllocated: 14850475 HeapGrowthMultiplier: 3
12-22 17:28:47.544  3344  3637 I com.miui.home: CheckGCForNative gc_urgency 0.641568 current_native_bytes is 152884383 starting_gc_num:21
12-22 17:28:47.665 12733 12733 I wm_on_paused_called: [0,187342645,com.taobao.tao.welcome.Welcome,performPause,100]
12-22 17:28:47.765  3344  3636 E cccccc  : createTaskSnapshot:
12-22 17:28:47.767  3344  3636 I cccccc  : getTaskSnapshotInstance:
12-22 17:28:47.811  3344  3637 I com.miui.home: CheckGCForNative adj_start_bytes: 32984647 NativeAllocationGcWatermark: 10590685 java_gc_start_bytes: 17098620 kNewNativeDiscountFactor: 2 kOldNativeDiscountFactor: 65536 old_native_bytes: 140265819 new_native_bytes: 12952984 add_bytes_allowed: 31772055 is_gc_concurrent: 1 target_footprint_: 17616619 GetBytesAllocated: 15458639 HeapGrowthMultiplier: 3
12-22 17:28:47.811  3344  3637 I com.miui.home: CheckGCForNative gc_urgency 0.665075 current_native_bytes is 153218803 starting_gc_num:21
12-22 17:28:48.036  9500  9500 I wm_on_create_called: [0,159912046,com.tencent.mm.ui.LauncherUI,performCreate,554]
12-22 17:28:48.085  9500  9500 I wm_on_start_called: [0,159912046,com.tencent.mm.ui.LauncherUI,handleStartActivity,37]
12-22 17:28:48.158 12733 12733 I wm_on_stop_called: [0,187342645,com.taobao.tao.welcome.Welcome,STOP_ACTIVITY_ITEM,170]
12-22 17:28:48.168  9500  9500 I wm_on_resume_called: [0,159912046,com.tencent.mm.ui.LauncherUI,RESUME_ACTIVITY,80]
12-22 17:28:48.230  9500  9500 I wm_on_top_resumed_gained_called: [159912046,com.tencent.mm.ui.LauncherUI,topStateChangedWhenResumed]
12-22 17:28:48.234  9500  9500 I wm_on_top_resumed_lost_called: [159912046,com.tencent.mm.ui.LauncherUI,topStateChangedWhenResumed]
12-22 17:28:48.247  9500  9500 I wm_on_paused_called: [0,159912046,com.tencent.mm.ui.LauncherUI,performPause,10]
12-22 17:28:48.282  3344  3344 I wm_on_stop_called: [0,85714840,com.miui.home.launcher.Launcher,STOP_ACTIVITY_ITEM,9]
12-22 17:28:48.359  3344  3367 D cccccc  : onTaskStackChangedBackground
12-22 17:28:48.361  3344  5735 D cccccc  : onTaskStackChangedBackground
12-22 17:28:48.375  9500  9500 I wm_on_create_called: [0,267497413,com.tencent.mm.plugin.account.ui.WelcomeActivity,performCreate,60]
12-22 17:28:48.378  9500  9500 I wm_on_start_called: [0,267497413,com.tencent.mm.plugin.account.ui.WelcomeActivity,handleStartActivity,2]
12-22 17:28:48.390  9500  9500 I wm_on_resume_called: [0,267497413,com.tencent.mm.plugin.account.ui.WelcomeActivity,RESUME_ACTIVITY,10]
12-22 17:28:48.398  9500  9500 I wm_on_top_resumed_gained_called: [267497413,com.tencent.mm.plugin.account.ui.WelcomeActivity,topStateChangedWhenResumed]
12-22 17:28:48.569  3344  3636 I com.miui.home: CheckGCForNative adj_start_bytes: 32984647 NativeAllocationGcWatermark: 10590685 java_gc_start_bytes: 17098620 kNewNativeDiscountFactor: 2 kOldNativeDiscountFactor: 65536 old_native_bytes: 140265819 new_native_bytes: 12749404 add_bytes_allowed: 31772055 is_gc_concurrent: 1 target_footprint_: 17616619 GetBytesAllocated: 16614601 HeapGrowthMultiplier: 3
12-22 17:28:48.569  3344  3636 I com.miui.home: CheckGCForNative gc_urgency 0.697035 current_native_bytes is 153015223 starting_gc_num:21
12-22 17:28:48.586  3344  3344 I wm_on_restart_called: [0,85714840,com.miui.home.launcher.Launcher,,0]
12-22 17:28:48.588  3344  3344 I wm_on_start_called: [0,85714840,com.miui.home.launcher.Launcher,handleStartActivity,2]
12-22 17:28:48.608  3344  3344 I wm_on_resume_called: [0,85714840,com.miui.home.launcher.Launcher,RESUME_ACTIVITY,18]
12-22 17:28:48.758  3344  3344 I wm_on_idle_called: com.miui.home.launcher.Launcher
12-22 17:28:48.846  3344  9572 I com.miui.home: CheckGCForNative adj_start_bytes: 32984647 NativeAllocationGcWatermark: 10590685 java_gc_start_bytes: 17098620 kNewNativeDiscountFactor: 2 kOldNativeDiscountFactor: 65536 old_native_bytes: 140265819 new_native_bytes: 13157056 add_bytes_allowed: 31772055 is_gc_concurrent: 1 target_footprint_: 17616619 GetBytesAllocated: 17357581 HeapGrowthMultiplier: 3
12-22 17:28:48.847  3344  9572 I com.miui.home: CheckGCForNative gc_urgency 0.725739 current_native_bytes is 153422875 starting_gc_num:21
12-22 17:28:48.901  3344  9572 I com.miui.home: CheckGCForNative adj_start_bytes: 32984647 NativeAllocationGcWatermark: 10590685 java_gc_start_bytes: 17098620 kNewNativeDiscountFactor: 2 kOldNativeDiscountFactor: 65536 old_native_bytes: 140265819 new_native_bytes: 23891904 add_bytes_allowed: 31772055 is_gc_concurrent: 1 target_footprint_: 17616619 GetBytesAllocated: 17460811 HeapGrowthMultiplier: 3
12-22 17:28:48.901  3344  9572 I com.miui.home: CheckGCForNative gc_urgency 0.891594 current_native_bytes is 164157723 starting_gc_num:21
12-22 17:28:48.904  3344  9572 I cccccc  : createTaskSnapshotCompat:
12-22 17:28:48.914  3344  9572 I com.miui.home: CheckGCForNative adj_start_bytes: 32984647 NativeAllocationGcWatermark: 10590685 java_gc_start_bytes: 17098620 kNewNativeDiscountFactor: 2 kOldNativeDiscountFactor: 65536 old_native_bytes: 140265819 new_native_bytes: 34599392 add_bytes_allowed: 31772055 is_gc_concurrent: 1 target_footprint_: 17616619 GetBytesAllocated: 17477354 HeapGrowthMultiplier: 3
12-22 17:28:48.915  3344  9572 I com.miui.home: CheckGCForNative gc_urgency 1.05441 current_native_bytes is 174865211 starting_gc_num:21
12-22 17:28:48.915  3344  9572 I com.miui.home: CheckGCForNative requested 1
12-22 17:28:48.930  3344  3636 E cccccc  : createTaskSnapshot:
12-22 17:28:48.930  3344  3636 I cccccc  : getTaskSnapshotInstance:
12-22 17:28:48.931  3344  3636 I com.miui.home: CheckGCForNative adj_start_bytes: 32984647 NativeAllocationGcWatermark: 10590685 java_gc_start_bytes: 17098620 kNewNativeDiscountFactor: 2 kOldNativeDiscountFactor: 65536 old_native_bytes: 140265819 new_native_bytes: 34592800 add_bytes_allowed: 31772055 is_gc_concurrent: 1 target_footprint_: 17616619 GetBytesAllocated: 17536125 HeapGrowthMultiplier: 3
12-22 17:28:48.931  3344  3636 I com.miui.home: CheckGCForNative gc_urgency 1.05609 current_native_bytes is 174858619 starting_gc_num:21
12-22 17:28:48.931  3344  3636 I com.miui.home: CheckGCForNative requested 1
12-22 17:28:49.052  9500  9500 I wm_on_top_resumed_lost_called: [267497413,com.tencent.mm.plugin.account.ui.WelcomeActivity,topStateChangedWhenResumed]
