12-22 16:51:26.139  3315  3381 I com.miui.home: CheckGCForNative gc_urgency 0.907949 current_native_bytes is 165021571 starting_gc_num:30
12-22 16:51:26.140  3315  3315 I cccccc  : createTaskSnapshotCompat:
12-22 16:51:26.141  3315  3315 I com.miui.home: CheckGCForNative adj_start_bytes: 33609177 NativeAllocationGcWatermark: 10657087 java_gc_start_bytes: 17623547 kNewNativeDiscountFactor: 2 kOldNativeDiscountFactor: 65536 old_native_bytes: 131335003 new_native_bytes: 44393896 add_bytes_allowed: 31971261 is_gc_concurrent: 1 target_footprint_: 18147835 GetBytesAllocated: 13679777 HeapGrowthMultiplier: 3
12-22 16:51:26.141  3315  3315 I com.miui.home: CheckGCForNative gc_urgency 1.06753 current_native_bytes is 175728899 starting_gc_num:30
12-22 16:51:26.141  3315  3315 I com.miui.home: CheckGCForNative requested 1
12-22 16:51:26.141  3315 11655 I com.miui.home: CheckGCForNative adj_start_bytes: 33609177 NativeAllocationGcWatermark: 10657087 java_gc_start_bytes: 17623547 kNewNativeDiscountFactor: 2 kOldNativeDiscountFactor: 65536 old_native_bytes: 131335003 new_native_bytes: 44394920 add_bytes_allowed: 31971261 is_gc_concurrent: 1 target_footprint_: 18147835 GetBytesAllocated: 13682854 HeapGrowthMultiplier: 3
12-22 16:51:26.142  3315 11655 I com.miui.home: CheckGCForNative gc_urgency 1.06763 current_native_bytes is 175729923 starting_gc_num:30
12-22 16:51:26.142  3315 11655 I com.miui.home: CheckGCForNative requested 1
12-22 16:51:26.156  3315  8292 I com.miui.home: CheckGCForNative adj_start_bytes: 33609177 NativeAllocationGcWatermark: 10657087 java_gc_start_bytes: 17623547 kNewNativeDiscountFactor: 2 kOldNativeDiscountFactor: 65536 old_native_bytes: 131335003 new_native_bytes: 33700552 add_bytes_allowed: 31971261 is_gc_concurrent: 1 target_footprint_: 18147835 GetBytesAllocated: 13747153 HeapGrowthMultiplier: 3
12-22 16:51:26.156  3315  8292 I com.miui.home: CheckGCForNative gc_urgency 0.910449 current_native_bytes is 165035555 starting_gc_num:30
12-22 16:51:26.209  3315  3315 I wm_on_top_resumed_gained_called: [66835825,com.miui.home.launcher.Launcher,topStateChangedWhenResumed]
12-22 16:51:26.436  3315  3620 I com.miui.home: CheckGCForNative adj_start_bytes: 33609177 NativeAllocationGcWatermark: 10657087 java_gc_start_bytes: 17623547 kNewNativeDiscountFactor: 2 kOldNativeDiscountFactor: 65536 old_native_bytes: 131335003 new_native_bytes: 34108444 add_bytes_allowed: 31971261 is_gc_concurrent: 1 target_footprint_: 18147835 GetBytesAllocated: 14586855 HeapGrowthMultiplier: 3
12-22 16:51:26.436  3315  3620 I com.miui.home: CheckGCForNative gc_urgency 0.941501 current_native_bytes is 165443447 starting_gc_num:30
12-22 16:51:26.445  3315  3695 E cccccc  : createTaskSnapshot:
12-22 16:51:26.445  3315  3695 I cccccc  : getTaskSnapshotInstance:
12-22 16:51:26.446  3315  3695 I com.miui.home: CheckGCForNative adj_start_bytes: 33609177 NativeAllocationGcWatermark: 10657087 java_gc_start_bytes: 17623547 kNewNativeDiscountFactor: 2 kOldNativeDiscountFactor: 65536 old_native_bytes: 131335003 new_native_bytes: 44817020 add_bytes_allowed: 31971261 is_gc_concurrent: 1 target_footprint_: 18147835 GetBytesAllocated: 14609547 HeapGrowthMultiplier: 3
12-22 16:51:26.446  3315  3695 I com.miui.home: CheckGCForNative gc_urgency 1.10149 current_native_bytes is 176152023 starting_gc_num:30
12-22 16:51:26.446  3315  3695 I com.miui.home: CheckGCForNative requested 1
12-22 16:51:26.525  3315  3620 I com.miui.home: CheckGCForNative adj_start_bytes: 33609177 NativeAllocationGcWatermark: 10657087 java_gc_start_bytes: 17623547 kNewNativeDiscountFactor: 2 kOldNativeDiscountFactor: 65536 old_native_bytes: 131335003 new_native_bytes: 34121340 add_bytes_allowed: 31971261 is_gc_concurrent: 1 target_footprint_: 18147835 GetBytesAllocated: 14636039 HeapGrowthMultiplier: 3
12-22 16:51:26.525  3315  3620 I com.miui.home: CheckGCForNative gc_urgency 0.943156 current_native_bytes is 165456343 starting_gc_num:30
12-22 16:51:26.551  3315  3351 I com.miui.home: NativeAlloc concurrent copying GC freed 123017(5275KB) AllocSpace objects, 14(392KB) LOS objects, 49% free, 8641KB/16MB, paused 330us,85us total 409.761ms
12-22 16:51:26.646  3315  3618 I com.miui.home: CheckGCForNative gc_urgency 0 current_native_bytes is 142197575 starting_gc_num:31
12-22 16:51:26.646  3315  3618 I cccccc  : createTaskSnapshotCompat:
12-22 16:51:26.647  3315 11655 I cccccc  : getTaskSnapshot:
12-22 16:51:26.648  3315 11655 I com.miui.home: CheckGCForNative adj_start_bytes: 33074946 NativeAllocationGcWatermark: 10600852 java_gc_start_bytes: 17173668 kNewNativeDiscountFactor: 2 kOldNativeDiscountFactor: 65536 old_native_bytes: 142197575 new_native_bytes: 21413056 add_bytes_allowed: 31802556 is_gc_concurrent: 1 target_footprint_: 17697956 GetBytesAllocated: 8978702 HeapGrowthMultiplier: 3
12-22 16:51:26.648  3315 11655 I com.miui.home: CheckGCForNative gc_urgency 0.595236 current_native_bytes is 163610631 starting_gc_num:31
12-22 16:51:26.648  3315  3315 I cccccc  : createTaskSnapshotCompat:
12-22 16:51:26.649  3315  3315 I com.miui.home: CheckGCForNative adj_start_bytes: 33074946 NativeAllocationGcWatermark: 10600852 java_gc_start_bytes: 17173668 kNewNativeDiscountFactor: 2 kOldNativeDiscountFactor: 65536 old_native_bytes: 142197575 new_native_bytes: 32120000 add_bytes_allowed: 31802556 is_gc_concurrent: 1 target_footprint_: 17697956 GetBytesAllocated: 8978894 HeapGrowthMultiplier: 3
12-22 16:51:26.649  3315  3315 I com.miui.home: CheckGCForNative gc_urgency 0.757101 current_native_bytes is 174317575 starting_gc_num:31
12-22 16:51:26.656  3315  3618 I com.miui.home: CheckGCForNative adj_start_bytes: 33074946 NativeAllocationGcWatermark: 10600852 java_gc_start_bytes: 17173668 kNewNativeDiscountFactor: 2 kOldNativeDiscountFactor: 65536 old_native_bytes: 142197575 new_native_bytes: 10706688 add_bytes_allowed: 31802556 is_gc_concurrent: 1 target_footprint_: 17697956 GetBytesAllocated: 8978702 HeapGrowthMultiplier: 3
12-22 16:51:26.656  3315  3618 I com.miui.home: CheckGCForNative gc_urgency 0.433392 current_native_bytes is 152904263 starting_gc_num:31
12-22 16:51:27.099  3315  3315 I wm_on_top_resumed_lost_called: [66835825,com.miui.home.launcher.Launcher,topStateChangedWhenResumed]
12-22 16:51:27.127  3315  7881 D cccccc  : onTaskStackChangedBackground
12-22 16:51:27.132  3315  7881 D cccccc  : onTaskStackChangedBackground
12-22 16:51:27.221 14678 14678 I wm_on_top_resumed_lost_called: [77088454,com.tencent.mtt.MainActivity,topStateChangedWhenResumed]
12-22 16:51:27.261  3315  3315 I wm_on_paused_called: [0,66835825,com.miui.home.launcher.Launcher,performPause,3]
12-22 16:51:27.488  3315  8292 I com.miui.home: CheckGCForNative adj_start_bytes: 33074946 NativeAllocationGcWatermark: 10600852 java_gc_start_bytes: 17173668 kNewNativeDiscountFactor: 2 kOldNativeDiscountFactor: 65536 old_native_bytes: 142197575 new_native_bytes: 10867568 add_bytes_allowed: 31802556 is_gc_concurrent: 1 target_footprint_: 17697956 GetBytesAllocated: 10029324 HeapGrowthMultiplier: 3
12-22 16:51:27.488  3315  8292 I com.miui.home: CheckGCForNative gc_urgency 0.467583 current_native_bytes is 153065143 starting_gc_num:31
12-22 16:51:27.537  3315  3381 D cccccc  : onTaskStackChangedBackground
12-22 16:51:27.546  3315  7881 D cccccc  : onTaskStackChangedBackground
12-22 16:51:27.772  3315  3695 I com.miui.home: CheckGCForNative adj_start_bytes: 33074946 NativeAllocationGcWatermark: 10600852 java_gc_start_bytes: 17173668 kNewNativeDiscountFactor: 2 kOldNativeDiscountFactor: 65536 old_native_bytes: 142197575 new_native_bytes: 11312848 add_bytes_allowed: 31802556 is_gc_concurrent: 1 target_footprint_: 17697956 GetBytesAllocated: 10391628 HeapGrowthMultiplier: 3
12-22 16:51:27.772  3315  3695 I com.miui.home: CheckGCForNative gc_urgency 0.485268 current_native_bytes is 153510423 starting_gc_num:31
12-22 16:51:27.814  3315  3620 I com.miui.home: CheckGCForNative adj_start_bytes: 33074946 NativeAllocationGcWatermark: 10600852 java_gc_start_bytes: 17173668 kNewNativeDiscountFactor: 2 kOldNativeDiscountFactor: 65536 old_native_bytes: 142197575 new_native_bytes: 11362596 add_bytes_allowed: 31802556 is_gc_concurrent: 1 target_footprint_: 17697956 GetBytesAllocated: 10433198 HeapGrowthMultiplier: 3
12-22 16:51:27.814  3315  3620 I com.miui.home: CheckGCForNative gc_urgency 0.487277 current_native_bytes is 153560171 starting_gc_num:31
12-22 16:51:27.906  3315  3695 E cccccc  : createTaskSnapshot:
12-22 16:51:27.906  3315  3695 I cccccc  : getTaskSnapshotInstance:
12-22 16:51:27.907  3315  3695 E cccccc  : createTaskSnapshot:
12-22 16:51:27.907  3315  3695 I cccccc  : getTaskSnapshotInstance:
12-22 16:51:27.912  3315  3695 I com.miui.home: CheckGCForNative adj_start_bytes: 33074946 NativeAllocationGcWatermark: 10600852 java_gc_start_bytes: 17173668 kNewNativeDiscountFactor: 2 kOldNativeDiscountFactor: 65536 old_native_bytes: 142197575 new_native_bytes: 22076980 add_bytes_allowed: 31802556 is_gc_concurrent: 1 target_footprint_: 17697956 GetBytesAllocated: 10506384 HeapGrowthMultiplier: 3
12-22 16:51:27.912  3315  3695 I com.miui.home: CheckGCForNative gc_urgency 0.651461 current_native_bytes is 164274555 starting_gc_num:31
12-22 16:51:28.387  3315  3695 E cccccc  : createTaskSnapshot:
12-22 16:51:28.387  3315  3695 I cccccc  : getTaskSnapshotInstance:
12-22 16:51:29.040  3315  3315 I wm_on_resume_called: [0,66835825,com.miui.home.launcher.Launcher,RESUME_ACTIVITY,16]
12-22 16:51:29.145  3315  3315 I wm_on_idle_called: com.miui.home.launcher.Launcher
12-22 16:51:29.172  3315  3594 I com.miui.home: CheckGCForNative adj_start_bytes: 33074946 NativeAllocationGcWatermark: 10600852 java_gc_start_bytes: 17173668 kNewNativeDiscountFactor: 2 kOldNativeDiscountFactor: 65536 old_native_bytes: 142197575 new_native_bytes: 11750068 add_bytes_allowed: 31802556 is_gc_concurrent: 1 target_footprint_: 17697956 GetBytesAllocated: 12010125 HeapGrowthMultiplier: 3
12-22 16:51:29.172  3315  3594 I com.miui.home: CheckGCForNative gc_urgency 0.540812 current_native_bytes is 153947643 starting_gc_num:31
12-22 16:51:29.261 15097 15097 I wm_on_application_create_called: [0,com.youku.phone,1026]
12-22 16:51:29.496  3315  3357 I com.miui.home: CheckGCForNative adj_start_bytes: 33074946 NativeAllocationGcWatermark: 10600852 java_gc_start_bytes: 17173668 kNewNativeDiscountFactor: 2 kOldNativeDiscountFactor: 65536 old_native_bytes: 142197575 new_native_bytes: 22460252 add_bytes_allowed: 31802556 is_gc_concurrent: 1 target_footprint_: 17697956 GetBytesAllocated: 12763415 HeapGrowthMultiplier: 3
12-22 16:51:29.496  3315  3357 I com.miui.home: CheckGCForNative gc_urgency 0.725495 current_native_bytes is 164657827 starting_gc_num:31
12-22 16:51:29.496  3315  3357 I cccccc  : createTaskSnapshotCompat:
12-22 16:51:29.499  3315  3357 I com.miui.home: CheckGCForNative adj_start_bytes: 33074946 NativeAllocationGcWatermark: 10600852 java_gc_start_bytes: 17173668 kNewNativeDiscountFactor: 2 kOldNativeDiscountFactor: 65536 old_native_bytes: 142197575 new_native_bytes: 33167196 add_bytes_allowed: 31802556 is_gc_concurrent: 1 target_footprint_: 17697956 GetBytesAllocated: 12779991 HeapGrowthMultiplier: 3
12-22 16:51:29.499  3315  3357 I com.miui.home: CheckGCForNative gc_urgency 0.887855 current_native_bytes is 175364771 starting_gc_num:31
12-22 16:51:29.614  3315  3315 I wm_on_top_resumed_gained_called: [66835825,com.miui.home.launcher.Launcher,topStateChangedWhenResumed]
12-22 16:51:29.636  3315  3363 I cccccc  : getTaskSnapshot:
12-22 16:51:29.637  3315  3363 I com.miui.home: CheckGCForNative adj_start_bytes: 33074946 NativeAllocationGcWatermark: 10600852 java_gc_start_bytes: 17173668 kNewNativeDiscountFactor: 2 kOldNativeDiscountFactor: 65536 old_native_bytes: 142197575 new_native_bytes: 33160460 add_bytes_allowed: 31802556 is_gc_concurrent: 1 target_footprint_: 17697956 GetBytesAllocated: 12900745 HeapGrowthMultiplier: 3
12-22 16:51:29.637  3315  3363 I com.miui.home: CheckGCForNative gc_urgency 0.891404 current_native_bytes is 175358035 starting_gc_num:31
12-22 16:51:29.637  3315  3315 I cccccc  : createTaskSnapshotCompat:
12-22 16:51:29.720  3315  3620 I com.miui.home: CheckGCForNative adj_start_bytes: 33074946 NativeAllocationGcWatermark: 10600852 java_gc_start_bytes: 17173668 kNewNativeDiscountFactor: 2 kOldNativeDiscountFactor: 65536 old_native_bytes: 142197575 new_native_bytes: 22452716 add_bytes_allowed: 31802556 is_gc_concurrent: 1 target_footprint_: 17697956 GetBytesAllocated: 12959109 HeapGrowthMultiplier: 3
12-22 16:51:29.720  3315  3620 I com.miui.home: CheckGCForNative gc_urgency 0.731298 current_native_bytes is 164650291 starting_gc_num:31
12-22 16:51:29.764  3315  3620 I com.miui.home: CheckGCForNative adj_start_bytes: 33074946 NativeAllocationGcWatermark: 10600852 java_gc_start_bytes: 17173668 kNewNativeDiscountFactor: 2 kOldNativeDiscountFactor: 65536 old_native_bytes: 142197575 new_native_bytes: 22456300 add_bytes_allowed: 31802556 is_gc_concurrent: 1 target_footprint_: 17697956 GetBytesAllocated: 12979884 HeapGrowthMultiplier: 3
12-22 16:51:29.764  3315  3620 I com.miui.home: CheckGCForNative gc_urgency 0.73198 current_native_bytes is 164653875 starting_gc_num:31
12-22 16:51:30.000  3315  3618 I com.miui.home: CheckGCForNative adj_start_bytes: 33074946 NativeAllocationGcWatermark: 10600852 java_gc_start_bytes: 17173668 kNewNativeDiscountFactor: 2 kOldNativeDiscountFactor: 65536 old_native_bytes: 142197575 new_native_bytes: 33210844 add_bytes_allowed: 31802556 is_gc_concurrent: 1 target_footprint_: 17697956 GetBytesAllocated: 13085866 HeapGrowthMultiplier: 3
12-22 16:51:30.000  3315  3618 I com.miui.home: CheckGCForNative gc_urgency 0.897763 current_native_bytes is 175408419 starting_gc_num:31
12-22 16:51:30.000  3315  4449 I cccccc  : getTaskSnapshot:
12-22 16:51:30.001  3315  3618 I cccccc  : createTaskSnapshotCompat:
12-22 16:51:30.001  3315  4449 I com.miui.home: CheckGCForNative adj_start_bytes: 33074946 NativeAllocationGcWatermark: 10600852 java_gc_start_bytes: 17173668 kNewNativeDiscountFactor: 2 kOldNativeDiscountFactor: 65536 old_native_bytes: 142197575 new_native_bytes: 43917980 add_bytes_allowed: 31802556 is_gc_concurrent: 1 target_footprint_: 17697956 GetBytesAllocated: 13086058 HeapGrowthMultiplier: 3
12-22 16:51:30.001  3315  4449 I com.miui.home: CheckGCForNative gc_urgency 1.05963 current_native_bytes is 186115555 starting_gc_num:31
12-22 16:51:30.001  3315  4449 I com.miui.home: CheckGCForNative requested 1
12-22 16:51:30.002  3315  3315 I cccccc  : createTaskSnapshotCompat:
12-22 16:51:30.003  3315  3315 I com.miui.home: CheckGCForNative adj_start_bytes: 33074946 NativeAllocationGcWatermark: 10600852 java_gc_start_bytes: 17173668 kNewNativeDiscountFactor: 2 kOldNativeDiscountFactor: 65536 old_native_bytes: 142197575 new_native_bytes: 54624924 add_bytes_allowed: 31802556 is_gc_concurrent: 1 target_footprint_: 17697956 GetBytesAllocated: 13099716 HeapGrowthMultiplier: 3
12-22 16:51:30.003  3315  3315 I com.miui.home: CheckGCForNative gc_urgency 1.2219 current_native_bytes is 196822499 starting_gc_num:31
12-22 16:51:30.003  3315  3315 I com.miui.home: CheckGCForNative requested 1
12-22 16:51:30.003  3315  3618 I com.miui.home: CheckGCForNative adj_start_bytes: 33074946 NativeAllocationGcWatermark: 10600852 java_gc_start_bytes: 17173668 kNewNativeDiscountFactor: 2 kOldNativeDiscountFactor: 65536 old_native_bytes: 142197575 new_native_bytes: 54626524 add_bytes_allowed: 31802556 is_gc_concurrent: 1 target_footprint_: 17697956 GetBytesAllocated: 13099716 HeapGrowthMultiplier: 3
12-22 16:51:30.003  3315  3618 I com.miui.home: CheckGCForNative gc_urgency 1.22193 current_native_bytes is 196824099 starting_gc_num:31
12-22 16:51:30.003  3315  3618 I com.miui.home: CheckGCForNative requested 1
12-22 16:51:30.538  3315  3315 I wm_on_top_resumed_lost_called: [66835825,com.miui.home.launcher.Launcher,topStateChangedWhenResumed]
12-22 16:51:30.575  3315 10952 D cccccc  : onTaskStackChangedBackground
12-22 16:51:30.576  3315 10952 D cccccc  : onTaskStackChangedBackground
12-22 16:51:30.609  3315  3315 I wm_on_paused_called: [0,66835825,com.miui.home.launcher.Launcher,performPause,3]
12-22 16:51:30.695 15097 15097 I wm_on_create_called: [0,29341153,com.youku.phone.ActivityWelcome,performCreate,1179]
12-22 16:51:30.784  3315  3695 I com.miui.home: CheckGCForNative adj_start_bytes: 33074946 NativeAllocationGcWatermark: 10600852 java_gc_start_bytes: 17173668 kNewNativeDiscountFactor: 2 kOldNativeDiscountFactor: 65536 old_native_bytes: 142197575 new_native_bytes: 44254348 add_bytes_allowed: 31802556 is_gc_concurrent: 1 target_footprint_: 17697956 GetBytesAllocated: 14311941 HeapGrowthMultiplier: 3
12-22 16:51:30.784  3315  3695 I com.miui.home: CheckGCForNative gc_urgency 1.10178 current_native_bytes is 186451923 starting_gc_num:31
12-22 16:51:30.784  3315  3695 I com.miui.home: CheckGCForNative requested 1
12-22 16:51:30.991  3315  3695 E cccccc  : createTaskSnapshot:
12-22 16:51:30.991  3315  3695 I cccccc  : getTaskSnapshotInstance:
12-22 16:51:31.010  3315  3695 E cccccc  : createTaskSnapshot:
12-22 16:51:31.010  3315  3695 I cccccc  : getTaskSnapshotInstance:
12-22 16:51:31.012  3315  3695 I com.miui.home: CheckGCForNative adj_start_bytes: 33074946 NativeAllocationGcWatermark: 10600852 java_gc_start_bytes: 17173668 kNewNativeDiscountFactor: 2 kOldNativeDiscountFactor: 65536 old_native_bytes: 142197575 new_native_bytes: 55082688 add_bytes_allowed: 31802556 is_gc_concurrent: 1 target_footprint_: 17697956 GetBytesAllocated: 14533586 HeapGrowthMultiplier: 3
12-22 16:51:31.012  3315  3695 I com.miui.home: CheckGCForNative gc_urgency 1.27217 current_native_bytes is 197280263 starting_gc_num:31
12-22 16:51:31.012  3315  3695 I com.miui.home: CheckGCForNative requested 1
12-22 16:51:31.107  3315  7881 D cccccc  : onTaskStackChangedBackground
12-22 16:51:31.107  3315  4023 D cccccc  : onTaskStackChangedBackground
12-22 16:51:31.512  3315  3351 I com.miui.home: NativeAlloc concurrent copying GC freed 95467(4036KB) AllocSpace objects, 14(392KB) LOS objects, 49% free, 9986KB/19MB, paused 34.758ms,502us total 1.508s
12-22 16:51:31.721  3315  3695 I com.miui.home: CheckGCForNative gc_urgency 0 current_native_bytes is 132017331 starting_gc_num:32
12-22 16:51:31.753  3315  3620 I com.miui.home: CheckGCForNative adj_start_bytes: 36344950 NativeAllocationGcWatermark: 10945063 java_gc_start_bytes: 19927356 kNewNativeDiscountFactor: 2 kOldNativeDiscountFactor: 65536 old_native_bytes: 132017331 new_native_bytes: 70592 add_bytes_allowed: 32835189 is_gc_concurrent: 1 target_footprint_: 20451644 GetBytesAllocated: 10626042 HeapGrowthMultiplier: 3
12-22 16:51:31.753  3315  3620 I com.miui.home: CheckGCForNative gc_urgency 0.293393 current_native_bytes is 132087923 starting_gc_num:32
12-22 16:51:31.955  3315  3695 E cccccc  : createTaskSnapshot:
12-22 16:51:31.955  3315  3695 I cccccc  : getTaskSnapshotInstance:
12-22 16:51:32.438 15657 15657 I wm_on_create_called: [0,197713649,com.ucpro.MainActivity,performCreate,69]
12-22 16:51:32.850 14202 14202 I wm_on_stop_called: [0,60849364,com.uc.browser.InnerUCMobile,STOP_ACTIVITY_ITEM,4143]
12-22 16:51:32.853  3315 12637 D cccccc  : onTaskStackChangedBackground
12-22 16:51:32.854  3315  7881 D cccccc  : onTaskStackChangedBackground
12-22 16:51:32.919  3315  3695 I com.miui.home: CheckGCForNative adj_start_bytes: 36344950 NativeAllocationGcWatermark: 10945063 java_gc_start_bytes: 19927356 kNewNativeDiscountFactor: 2 kOldNativeDiscountFactor: 65536 old_native_bytes: 132017331 new_native_bytes: 69148 add_bytes_allowed: 32835189 is_gc_concurrent: 1 target_footprint_: 20451644 GetBytesAllocated: 11109952 HeapGrowthMultiplier: 3
12-22 16:51:32.919  3315  3695 I com.miui.home: CheckGCForNative gc_urgency 0.306687 current_native_bytes is 132086479 starting_gc_num:32
12-22 16:51:33.138  3315  3315 I wm_on_resume_called: [0,66835825,com.miui.home.launcher.Launcher,RESUME_ACTIVITY,18]
12-22 16:51:33.157  3315  3315 I wm_on_idle_called: com.miui.home.launcher.Launcher
12-22 16:51:33.249 15097 15097 I wm_on_destroy_called: [0,29341153,com.youku.phone.ActivityWelcome,performDestroy,4]
12-22 16:51:33.295  3315  7881 I com.miui.home: CheckGCForNative adj_start_bytes: 36344950 NativeAllocationGcWatermark: 10945063 java_gc_start_bytes: 19927356 kNewNativeDiscountFactor: 2 kOldNativeDiscountFactor: 65536 old_native_bytes: 132017331 new_native_bytes: 11175648 add_bytes_allowed: 32835189 is_gc_concurrent: 1 target_footprint_: 20451644 GetBytesAllocated: 12325673 HeapGrowthMultiplier: 3
12-22 16:51:33.295  3315  7881 I com.miui.home: CheckGCForNative gc_urgency 0.49293 current_native_bytes is 143192979 starting_gc_num:32
12-22 16:51:33.296  3315  7881 I cccccc  : createTaskSnapshotCompat:
12-22 16:51:33.297  3315  7881 I com.miui.home: CheckGCForNative adj_start_bytes: 36344950 NativeAllocationGcWatermark: 10945063 java_gc_start_bytes: 19927356 kNewNativeDiscountFactor: 2 kOldNativeDiscountFactor: 65536 old_native_bytes: 132017331 new_native_bytes: 21882592 add_bytes_allowed: 32835189 is_gc_concurrent: 1 target_footprint_: 20451644 GetBytesAllocated: 12336636 HeapGrowthMultiplier: 3
12-22 16:51:33.297  3315  7881 I com.miui.home: CheckGCForNative gc_urgency 0.640528 current_native_bytes is 153899923 starting_gc_num:32
12-22 16:51:33.380  3315  3695 I com.miui.home: CheckGCForNative adj_start_bytes: 36344950 NativeAllocationGcWatermark: 10945063 java_gc_start_bytes: 19927356 kNewNativeDiscountFactor: 2 kOldNativeDiscountFactor: 65536 old_native_bytes: 132017331 new_native_bytes: 11376276 add_bytes_allowed: 32835189 is_gc_concurrent: 1 target_footprint_: 20451644 GetBytesAllocated: 12576321 HeapGrowthMultiplier: 3
12-22 16:51:33.380  3315  3695 I com.miui.home: CheckGCForNative gc_urgency 0.502586 current_native_bytes is 143393607 starting_gc_num:32
12-22 16:51:33.410  3315  3695 E cccccc  : createTaskSnapshot:
12-22 16:51:33.410  3315  3695 I cccccc  : getTaskSnapshotInstance:
12-22 16:51:33.411  3315  3695 I com.miui.home: CheckGCForNative adj_start_bytes: 36344950 NativeAllocationGcWatermark: 10945063 java_gc_start_bytes: 19927356 kNewNativeDiscountFactor: 2 kOldNativeDiscountFactor: 65536 old_native_bytes: 132017331 new_native_bytes: 22114356 add_bytes_allowed: 32835189 is_gc_concurrent: 1 target_footprint_: 20451644 GetBytesAllocated: 12642471 HeapGrowthMultiplier: 3
12-22 16:51:33.411  3315  3695 I com.miui.home: CheckGCForNative gc_urgency 0.652131 current_native_bytes is 154131687 starting_gc_num:32
12-22 16:51:33.464  3315  3620 I com.miui.home: CheckGCForNative adj_start_bytes: 36344950 NativeAllocationGcWatermark: 10945063 java_gc_start_bytes: 19927356 kNewNativeDiscountFactor: 2 kOldNativeDiscountFactor: 65536 old_native_bytes: 132017331 new_native_bytes: 11412724 add_bytes_allowed: 32835189 is_gc_concurrent: 1 target_footprint_: 20451644 GetBytesAllocated: 12868576 HeapGrowthMultiplier: 3
12-22 16:51:33.464  3315  3620 I com.miui.home: CheckGCForNative gc_urgency 0.511129 current_native_bytes is 143430055 starting_gc_num:32
12-22 16:51:33.476  3315  7881 I cccccc  : getTaskSnapshot:
12-22 16:51:33.476  3315  7881 I com.miui.home: CheckGCForNative adj_start_bytes: 36344950 NativeAllocationGcWatermark: 10945063 java_gc_start_bytes: 19927356 kNewNativeDiscountFactor: 2 kOldNativeDiscountFactor: 65536 old_native_bytes: 132017331 new_native_bytes: 22120436 add_bytes_allowed: 32835189 is_gc_concurrent: 1 target_footprint_: 20451644 GetBytesAllocated: 12875142 HeapGrowthMultiplier: 3
12-22 16:51:33.476  3315  7881 I com.miui.home: CheckGCForNative gc_urgency 0.658616 current_native_bytes is 154137767 starting_gc_num:32
12-22 16:51:33.477  3315  3315 I cccccc  : createTaskSnapshotCompat:
12-22 16:51:33.519  3315  3315 I wm_on_top_resumed_gained_called: [66835825,com.miui.home.launcher.Launcher,topStateChangedWhenResumed]
12-22 16:51:33.797  3315  3695 I com.miui.home: CheckGCForNative adj_start_bytes: 36344950 NativeAllocationGcWatermark: 10945063 java_gc_start_bytes: 19927356 kNewNativeDiscountFactor: 2 kOldNativeDiscountFactor: 65536 old_native_bytes: 132017331 new_native_bytes: 11513796 add_bytes_allowed: 32835189 is_gc_concurrent: 1 target_footprint_: 20451644 GetBytesAllocated: 13774788 HeapGrowthMultiplier: 3
12-22 16:51:33.798  3315  3695 I com.miui.home: CheckGCForNative gc_urgency 0.537453 current_native_bytes is 143531127 starting_gc_num:32
12-22 16:51:33.798  3315  3618 I cccccc  : createTaskSnapshotCompat:
12-22 16:51:34.088  3315  3695 E cccccc  : createTaskSnapshot:
12-22 16:51:34.088  3315  3695 I cccccc  : getTaskSnapshotInstance:
12-22 16:51:34.089  3315  3695 I com.miui.home: CheckGCForNative adj_start_bytes: 36344950 NativeAllocationGcWatermark: 10945063 java_gc_start_bytes: 19927356 kNewNativeDiscountFactor: 2 kOldNativeDiscountFactor: 65536 old_native_bytes: 132017331 new_native_bytes: 22214528 add_bytes_allowed: 32835189 is_gc_concurrent: 1 target_footprint_: 20451644 GetBytesAllocated: 14034760 HeapGrowthMultiplier: 3
12-22 16:51:34.089  3315  3695 I com.miui.home: CheckGCForNative gc_urgency 0.691817 current_native_bytes is 154231859 starting_gc_num:32
12-22 16:51:34.174 15657 15657 I wm_on_create_called: [0,251382807,com.ucpro.BrowserActivity,performCreate,1342]
12-22 16:51:34.185 15657 15657 I wm_on_start_called: [0,251382807,com.ucpro.BrowserActivity,handleStartActivity,10]
12-22 16:51:34.198 15657 15657 I wm_on_resume_called: [0,251382807,com.ucpro.BrowserActivity,RESUME_ACTIVITY,11]
12-22 16:51:34.266 15657 15657 I wm_on_top_resumed_gained_called: [251382807,com.ucpro.BrowserActivity,topStateChangedWhenResumed]
12-22 16:51:34.268 15657 15657 I wm_on_top_resumed_lost_called: [251382807,com.ucpro.BrowserActivity,topStateChangedWhenResumed]
12-22 16:51:34.311 15657 15657 I wm_on_paused_called: [0,251382807,com.ucpro.BrowserActivity,performPause,18]
12-22 16:51:34.315 15657 15657 I wm_on_destroy_called: [0,197713649,com.ucpro.MainActivity,performDestroy,1]
12-22 16:51:34.394  3315 12637 D cccccc  : onTaskStackChangedBackground
12-22 16:51:34.401  3315  4023 D cccccc  : onTaskStackChangedBackground
12-22 16:51:34.570  3315  3695 E cccccc  : createTaskSnapshot:
12-22 16:51:34.570  3315  3695 I cccccc  : getTaskSnapshotInstance:
12-22 16:51:34.571  3315  3695 I com.miui.home: CheckGCForNative adj_start_bytes: 36344950 NativeAllocationGcWatermark: 10945063 java_gc_start_bytes: 19927356 kNewNativeDiscountFactor: 2 kOldNativeDiscountFactor: 65536 old_native_bytes: 132017331 new_native_bytes: 22601012 add_bytes_allowed: 32835189 is_gc_concurrent: 1 target_footprint_: 20451644 GetBytesAllocated: 14655966 HeapGrowthMultiplier: 3
12-22 16:51:34.571  3315  3695 I com.miui.home: CheckGCForNative gc_urgency 0.714225 current_native_bytes is 154618343 starting_gc_num:32
12-22 16:51:34.744 15555 15555 I wm_on_application_create_called: [0,com.UCMobile,1689]
12-22 16:51:35.446 15795 15795 I wm_on_application_create_called: [0,com.UCMobile,1845]
12-22 16:51:36.131 15625 15625 I wm_on_application_create_called: [0,com.android.providers.downloads.ui,4309]
12-22 16:51:37.425 15657 15657 I wm_on_stop_called: [0,251382807,com.ucpro.BrowserActivity,STOP_ACTIVITY_ITEM,95]
