12-22 16:32:30.658  3340  8588 I com.miui.home: CheckGCForNative gc_urgency 1.14155 current_native_bytes is 180414455 starting_gc_num:23
12-22 16:32:30.658  3340  3410 I cccccc  : getTaskSnapshot:
12-22 16:32:30.663  3340  3410 I com.miui.home: CheckGCForNative adj_start_bytes: 32981660 NativeAllocationGcWatermark: 10549641 java_gc_start_bytes: 17157199 kNewNativeDiscountFactor: 2 kOldNativeDiscountFactor: 65536 old_native_bytes: 129577719 new_native_bytes: 61543104 add_bytes_allowed: 31648923 is_gc_concurrent: 1 target_footprint_: 17288271 GetBytesAllocated: 12229806 HeapGrowthMultiplier: 3
12-22 16:32:30.666  3340  3410 I com.miui.home: CheckGCForNative gc_urgency 1.30386 current_native_bytes is 191120823 starting_gc_num:23
12-22 16:32:30.666  3340  8588 I com.miui.home: CheckGCForNative requested 1
12-22 16:32:30.693  3340  3410 I com.miui.home: CheckGCForNative requested 1
12-22 16:32:30.702  3340  3340 I cccccc  : createTaskSnapshotCompat:
12-22 16:32:30.723  3340  3626 I com.miui.home: CheckGCForNative adj_start_bytes: 32981660 NativeAllocationGcWatermark: 10549641 java_gc_start_bytes: 17157199 kNewNativeDiscountFactor: 2 kOldNativeDiscountFactor: 65536 old_native_bytes: 129577719 new_native_bytes: 40115168 add_bytes_allowed: 31648923 is_gc_concurrent: 1 target_footprint_: 17288271 GetBytesAllocated: 12290687 HeapGrowthMultiplier: 3
12-22 16:32:30.723  3340  3626 I com.miui.home: CheckGCForNative gc_urgency 0.980856 current_native_bytes is 169692887 starting_gc_num:23
12-22 16:32:30.766  9924  9924 I wm_on_create_called: [0,45731529,com.yxcorp.gifshow.HomeActivity,performCreate,505]
12-22 16:32:30.868  3340  3626 I com.miui.home: CheckGCForNative adj_start_bytes: 32981660 NativeAllocationGcWatermark: 10549641 java_gc_start_bytes: 17157199 kNewNativeDiscountFactor: 2 kOldNativeDiscountFactor: 65536 old_native_bytes: 129577719 new_native_bytes: 40128032 add_bytes_allowed: 31648923 is_gc_concurrent: 1 target_footprint_: 17288271 GetBytesAllocated: 12350154 HeapGrowthMultiplier: 3
12-22 16:32:30.868  3340  3626 I com.miui.home: CheckGCForNative gc_urgency 0.982854 current_native_bytes is 169705751 starting_gc_num:23
12-22 16:32:30.884  3340  3340 I wm_on_top_resumed_gained_called: [260320243,com.miui.home.launcher.Launcher,topStateChangedWhenResumed]
12-22 16:32:31.055  9924  9924 I wm_on_start_called: [0,45731529,com.yxcorp.gifshow.HomeActivity,handleStartActivity,288]
12-22 16:32:31.156  3340  3625 I com.miui.home: CheckGCForNative adj_start_bytes: 32981660 NativeAllocationGcWatermark: 10549641 java_gc_start_bytes: 17157199 kNewNativeDiscountFactor: 2 kOldNativeDiscountFactor: 65536 old_native_bytes: 129577719 new_native_bytes: 50834432 add_bytes_allowed: 31648923 is_gc_concurrent: 1 target_footprint_: 17288271 GetBytesAllocated: 12575922 HeapGrowthMultiplier: 3
12-22 16:32:31.156  3340  3625 I com.miui.home: CheckGCForNative gc_urgency 1.15201 current_native_bytes is 180412151 starting_gc_num:23
12-22 16:32:31.156  3340  3625 I com.miui.home: CheckGCForNative requested 1
12-22 16:32:31.158  3340  3625 I cccccc  : createTaskSnapshotCompat:
12-22 16:32:31.158  3340  3625 I com.miui.home: CheckGCForNative adj_start_bytes: 32981660 NativeAllocationGcWatermark: 10549641 java_gc_start_bytes: 17157199 kNewNativeDiscountFactor: 2 kOldNativeDiscountFactor: 65536 old_native_bytes: 129577719 new_native_bytes: 61495776 add_bytes_allowed: 31648923 is_gc_concurrent: 1 target_footprint_: 17288271 GetBytesAllocated: 12576114 HeapGrowthMultiplier: 3
12-22 16:32:31.158  3340  3625 I com.miui.home: CheckGCForNative gc_urgency 1.31364 current_native_bytes is 191073495 starting_gc_num:23
12-22 16:32:31.158  3340  3625 I com.miui.home: CheckGCForNative requested 1
12-22 16:32:31.162  3340  3410 I cccccc  : getTaskSnapshot:
12-22 16:32:31.163  3340  3410 I com.miui.home: CheckGCForNative adj_start_bytes: 32981660 NativeAllocationGcWatermark: 10549641 java_gc_start_bytes: 17157199 kNewNativeDiscountFactor: 2 kOldNativeDiscountFactor: 65536 old_native_bytes: 129577719 new_native_bytes: 61496672 add_bytes_allowed: 31648923 is_gc_concurrent: 1 target_footprint_: 17288271 GetBytesAllocated: 12576114 HeapGrowthMultiplier: 3
12-22 16:32:31.163  3340  3410 I com.miui.home: CheckGCForNative gc_urgency 1.31365 current_native_bytes is 191074391 starting_gc_num:23
12-22 16:32:31.163  3340  3410 I com.miui.home: CheckGCForNative requested 1
12-22 16:32:31.167  3340  3340 I cccccc  : createTaskSnapshotCompat:
12-22 16:32:31.201  3340  3382 I com.miui.home: NativeAlloc concurrent copying GC freed 78505(3436KB) AllocSpace objects, 6(240KB) LOS objects, 49% free, 8634KB/16MB, paused 230us,66us total 543.145ms
12-22 16:32:31.313  9924  9924 I wm_on_resume_called: [0,45731529,com.yxcorp.gifshow.HomeActivity,RESUME_ACTIVITY,124]
12-22 16:32:31.369  3340  3340 I wm_on_top_resumed_lost_called: [260320243,com.miui.home.launcher.Launcher,topStateChangedWhenResumed]
12-22 16:32:31.413  3340  7147 D cccccc  : onTaskStackChangedBackground
12-22 16:32:31.414  3340  7147 D cccccc  : onTaskStackChangedBackground
12-22 16:32:31.589  9924  9924 I wm_on_top_resumed_gained_called: [45731529,com.yxcorp.gifshow.HomeActivity,topStateChangedWhenResumed]
12-22 16:32:31.610  9924  9924 I wm_on_top_resumed_lost_called: [45731529,com.yxcorp.gifshow.HomeActivity,topStateChangedWhenResumed]
12-22 16:32:31.674  9924  9924 I wm_on_paused_called: [0,45731529,com.yxcorp.gifshow.HomeActivity,performPause,23]
12-22 16:32:31.675  3340  3644 I com.miui.home: CheckGCForNative gc_urgency 0 current_native_bytes is 143498079 starting_gc_num:24
12-22 16:32:31.712  3340  3340 I wm_on_paused_called: [0,260320243,com.miui.home.launcher.Launcher,performPause,2]
12-22 16:32:31.815  3340  7147 D cccccc  : onTaskStackChangedBackground
12-22 16:32:31.834  3340  7147 D cccccc  : onTaskStackChangedBackground
12-22 16:32:31.867  3340  3644 E cccccc  : createTaskSnapshot:
12-22 16:32:31.867  3340  3644 I cccccc  : getTaskSnapshotInstance:
12-22 16:32:31.885  3340  3644 E cccccc  : createTaskSnapshot:
12-22 16:32:31.885  3340  3644 I cccccc  : getTaskSnapshotInstance:
12-22 16:32:31.895  3340  3644 I com.miui.home: CheckGCForNative adj_start_bytes: 33205553 NativeAllocationGcWatermark: 10599041 java_gc_start_bytes: 17306992 kNewNativeDiscountFactor: 2 kOldNativeDiscountFactor: 65536 old_native_bytes: 143498079 new_native_bytes: 10694196 add_bytes_allowed: 31797123 is_gc_concurrent: 1 target_footprint_: 17683466 GetBytesAllocated: 10029791 HeapGrowthMultiplier: 3
12-22 16:32:31.895  3340  3644 I com.miui.home: CheckGCForNative gc_urgency 0.463148 current_native_bytes is 154192275 starting_gc_num:24
12-22 16:32:32.015  3340  3626 I com.miui.home: CheckGCForNative adj_start_bytes: 33205553 NativeAllocationGcWatermark: 10599041 java_gc_start_bytes: 17306992 kNewNativeDiscountFactor: 2 kOldNativeDiscountFactor: 65536 old_native_bytes: 143498079 new_native_bytes: 339416 add_bytes_allowed: 31797123 is_gc_concurrent: 1 target_footprint_: 17683466 GetBytesAllocated: 10432420 HeapGrowthMultiplier: 3
12-22 16:32:32.015  3340  3626 I com.miui.home: CheckGCForNative gc_urgency 0.319354 current_native_bytes is 143837495 starting_gc_num:24
12-22 16:32:32.090  3340  3644 E cccccc  : createTaskSnapshot:
12-22 16:32:32.091  3340  3644 I cccccc  : getTaskSnapshotInstance:
12-22 16:32:32.149  3340  3626 I com.miui.home: CheckGCForNative adj_start_bytes: 33205553 NativeAllocationGcWatermark: 10599041 java_gc_start_bytes: 17306992 kNewNativeDiscountFactor: 2 kOldNativeDiscountFactor: 65536 old_native_bytes: 143498079 new_native_bytes: 496360 add_bytes_allowed: 31797123 is_gc_concurrent: 1 target_footprint_: 17683466 GetBytesAllocated: 10735745 HeapGrowthMultiplier: 3
12-22 16:32:32.149  3340  3626 I com.miui.home: CheckGCForNative gc_urgency 0.330852 current_native_bytes is 143994439 starting_gc_num:24
12-22 16:32:32.305 10457 10457 I wm_on_create_called: [0,155784681,com.xunmeng.pinduoduo.ui.activity.MainFrameActivity,performCreate,87]
12-22 16:32:32.437 10457 10457 I wm_on_create_called: [0,151555305,com.xunmeng.pinduoduo.ui.activity.HomeActivity,performCreate,34]
12-22 16:32:32.471  3340  3410 D cccccc  : onTaskStackChangedBackground
12-22 16:32:32.480  3340  3392 D cccccc  : onTaskStackChangedBackground
12-22 16:32:32.505  3340  3626 I com.miui.home: CheckGCForNative adj_start_bytes: 33205553 NativeAllocationGcWatermark: 10599041 java_gc_start_bytes: 17306992 kNewNativeDiscountFactor: 2 kOldNativeDiscountFactor: 65536 old_native_bytes: 143498079 new_native_bytes: 466344 add_bytes_allowed: 31797123 is_gc_concurrent: 1 target_footprint_: 17683466 GetBytesAllocated: 10942658 HeapGrowthMultiplier: 3
12-22 16:32:32.505  3340  3626 I com.miui.home: CheckGCForNative gc_urgency 0.336631 current_native_bytes is 143964423 starting_gc_num:24
12-22 16:32:32.512 10457 10457 I wm_on_start_called: [0,151555305,com.xunmeng.pinduoduo.ui.activity.HomeActivity,handleStartActivity,75]
12-22 16:32:32.558 10457 10457 I wm_on_resume_called: [0,151555305,com.xunmeng.pinduoduo.ui.activity.HomeActivity,RESUME_ACTIVITY,34]
12-22 16:32:32.655 10457 10457 I wm_on_top_resumed_gained_called: [151555305,com.xunmeng.pinduoduo.ui.activity.HomeActivity,topStateChangedWhenResumed]
12-22 16:32:32.675  3340  3644 E cccccc  : createTaskSnapshot:
12-22 16:32:32.675  3340  3644 I cccccc  : getTaskSnapshotInstance:
12-22 16:32:32.824  3340  3644 E cccccc  : createTaskSnapshot:
12-22 16:32:32.825  3340  3644 I cccccc  : getTaskSnapshotInstance:
12-22 16:32:33.147  3340  3340 I wm_on_stop_called: [0,260320243,com.miui.home.launcher.Launcher,STOP_ACTIVITY_ITEM,14]
12-22 16:32:33.167  3340  3340 I wm_on_restart_called: [0,260320243,com.miui.home.launcher.Launcher,,0]
12-22 16:32:33.169  3340  3340 I wm_on_start_called: [0,260320243,com.miui.home.launcher.Launcher,handleStartActivity,2]
12-22 16:32:33.191  3340  3340 I wm_on_resume_called: [0,260320243,com.miui.home.launcher.Launcher,RESUME_ACTIVITY,20]
12-22 16:32:33.274  3340  3340 I com.miui.home: CheckGCForNative adj_start_bytes: 33205553 NativeAllocationGcWatermark: 10599041 java_gc_start_bytes: 17306992 kNewNativeDiscountFactor: 2 kOldNativeDiscountFactor: 65536 old_native_bytes: 143498079 new_native_bytes: 985380 add_bytes_allowed: 31797123 is_gc_concurrent: 1 target_footprint_: 17683466 GetBytesAllocated: 12845787 HeapGrowthMultiplier: 3
12-22 16:32:33.274  3340  3340 I com.miui.home: CheckGCForNative gc_urgency 0.40176 current_native_bytes is 144483459 starting_gc_num:24
12-22 16:32:33.276  3340  3340 I wm_on_idle_called: com.miui.home.launcher.Launcher
12-22 16:32:33.376  3340  3683 I com.miui.home: CheckGCForNative adj_start_bytes: 33205553 NativeAllocationGcWatermark: 10599041 java_gc_start_bytes: 17306992 kNewNativeDiscountFactor: 2 kOldNativeDiscountFactor: 65536 old_native_bytes: 143498079 new_native_bytes: 11701584 add_bytes_allowed: 31797123 is_gc_concurrent: 1 target_footprint_: 17683466 GetBytesAllocated: 12896456 HeapGrowthMultiplier: 3
12-22 16:32:33.376  3340  3683 I com.miui.home: CheckGCForNative gc_urgency 0.564648 current_native_bytes is 155199663 starting_gc_num:24
12-22 16:32:33.376  3340  3683 I cccccc  : createTaskSnapshotCompat:
12-22 16:32:33.377  3340  3683 I com.miui.home: CheckGCForNative adj_start_bytes: 33205553 NativeAllocationGcWatermark: 10599041 java_gc_start_bytes: 17306992 kNewNativeDiscountFactor: 2 kOldNativeDiscountFactor: 65536 old_native_bytes: 143498079 new_native_bytes: 22408528 add_bytes_allowed: 31797123 is_gc_concurrent: 1 target_footprint_: 17683466 GetBytesAllocated: 12905257 HeapGrowthMultiplier: 3
12-22 16:32:33.377  3340  3683 I com.miui.home: CheckGCForNative gc_urgency 0.726135 current_native_bytes is 165906607 starting_gc_num:24
12-22 16:32:33.379  3340  8588 I cccccc  : getTaskSnapshot:
12-22 16:32:33.380  3340  8588 I com.miui.home: CheckGCForNative adj_start_bytes: 33205553 NativeAllocationGcWatermark: 10599041 java_gc_start_bytes: 17306992 kNewNativeDiscountFactor: 2 kOldNativeDiscountFactor: 65536 old_native_bytes: 143498079 new_native_bytes: 22409040 add_bytes_allowed: 31797123 is_gc_concurrent: 1 target_footprint_: 17683466 GetBytesAllocated: 12939889 HeapGrowthMultiplier: 3
12-22 16:32:33.380  3340  8588 I com.miui.home: CheckGCForNative gc_urgency 0.727186 current_native_bytes is 165907119 starting_gc_num:24
12-22 16:32:33.398  3340  3340 I cccccc  : createTaskSnapshotCompat:
12-22 16:32:33.452  3340  3626 I com.miui.home: CheckGCForNative adj_start_bytes: 33205553 NativeAllocationGcWatermark: 10599041 java_gc_start_bytes: 17306992 kNewNativeDiscountFactor: 2 kOldNativeDiscountFactor: 65536 old_native_bytes: 143498079 new_native_bytes: 11891920 add_bytes_allowed: 31797123 is_gc_concurrent: 1 target_footprint_: 17683466 GetBytesAllocated: 13057829 HeapGrowthMultiplier: 3
12-22 16:32:33.452  3340  3626 I com.miui.home: CheckGCForNative gc_urgency 0.572374 current_native_bytes is 155389999 starting_gc_num:24
12-22 16:32:33.592 10457 10457 I wm_on_destroy_called: [0,155784681,com.xunmeng.pinduoduo.ui.activity.MainFrameActivity,performDestroy,6]
12-22 16:32:33.593 10457 10457 I wm_on_top_resumed_lost_called: [151555305,com.xunmeng.pinduoduo.ui.activity.HomeActivity,topStateChangedWhenResumed]
12-22 16:32:33.595  3340  3340 I wm_on_top_resumed_gained_called: [260320243,com.miui.home.launcher.Launcher,topStateChangedWhenResumed]
12-22 16:32:33.797  3340  3626 I com.miui.home: CheckGCForNative adj_start_bytes: 33205553 NativeAllocationGcWatermark: 10599041 java_gc_start_bytes: 17306992 kNewNativeDiscountFactor: 2 kOldNativeDiscountFactor: 65536 old_native_bytes: 143498079 new_native_bytes: 11930944 add_bytes_allowed: 31797123 is_gc_concurrent: 1 target_footprint_: 17683466 GetBytesAllocated: 13227269 HeapGrowthMultiplier: 3
12-22 16:32:33.797  3340  3626 I com.miui.home: CheckGCForNative gc_urgency 0.578064 current_native_bytes is 155429023 starting_gc_num:24
12-22 16:32:33.906  3340  3553 I com.miui.home: CheckGCForNative adj_start_bytes: 33205553 NativeAllocationGcWatermark: 10599041 java_gc_start_bytes: 17306992 kNewNativeDiscountFactor: 2 kOldNativeDiscountFactor: 65536 old_native_bytes: 143498079 new_native_bytes: 12056560 add_bytes_allowed: 31797123 is_gc_concurrent: 1 target_footprint_: 17683466 GetBytesAllocated: 13325311 HeapGrowthMultiplier: 3
12-22 16:32:33.906  3340  3553 I com.miui.home: CheckGCForNative gc_urgency 0.582908 current_native_bytes is 155554639 starting_gc_num:24
12-22 16:32:33.909  3340  3553 I com.miui.home: CheckGCForNative adj_start_bytes: 33205553 NativeAllocationGcWatermark: 10599041 java_gc_start_bytes: 17306992 kNewNativeDiscountFactor: 2 kOldNativeDiscountFactor: 65536 old_native_bytes: 143498079 new_native_bytes: 12452912 add_bytes_allowed: 31797123 is_gc_concurrent: 1 target_footprint_: 17683466 GetBytesAllocated: 13325311 HeapGrowthMultiplier: 3
12-22 16:32:33.909  3340  3553 I com.miui.home: CheckGCForNative gc_urgency 0.588876 current_native_bytes is 155950991 starting_gc_num:24
12-22 16:32:33.934  3340  3625 I cccccc  : createTaskSnapshotCompat:
12-22 16:32:34.091  3340  3340 I com.miui.home: CheckGCForNative adj_start_bytes: 33205553 NativeAllocationGcWatermark: 10599041 java_gc_start_bytes: 17306992 kNewNativeDiscountFactor: 2 kOldNativeDiscountFactor: 65536 old_native_bytes: 143498079 new_native_bytes: 12886328 add_bytes_allowed: 31797123 is_gc_concurrent: 1 target_footprint_: 17683466 GetBytesAllocated: 13479815 HeapGrowthMultiplier: 3
12-22 16:32:34.091  3340  3340 I com.miui.home: CheckGCForNative gc_urgency 0.600055 current_native_bytes is 156384407 starting_gc_num:24
12-22 16:32:34.187  3340  3340 I wm_on_top_resumed_lost_called: [260320243,com.miui.home.launcher.Launcher,topStateChangedWhenResumed]
12-22 16:32:34.198 10457 10457 I wm_on_paused_called: [0,151555305,com.xunmeng.pinduoduo.ui.activity.HomeActivity,performPause,16]
12-22 16:32:34.228  3340  3340 I wm_on_paused_called: [0,260320243,com.miui.home.launcher.Launcher,performPause,4]
12-22 16:32:34.277  3340  7147 D cccccc  : onTaskStackChangedBackground
12-22 16:32:34.293  3340  7147 D cccccc  : onTaskStackChangedBackground
12-22 16:32:34.314  3340  7147 D cccccc  : onTaskStackChangedBackground
12-22 16:32:34.314  3340  8588 D cccccc  : onTaskStackChangedBackground
12-22 16:32:34.444  3340  8588 I com.miui.home: CheckGCForNative adj_start_bytes: 33205553 NativeAllocationGcWatermark: 10599041 java_gc_start_bytes: 17306992 kNewNativeDiscountFactor: 2 kOldNativeDiscountFactor: 65536 old_native_bytes: 143498079 new_native_bytes: 12956200 add_bytes_allowed: 31797123 is_gc_concurrent: 1 target_footprint_: 17683466 GetBytesAllocated: 13868570 HeapGrowthMultiplier: 3
12-22 16:32:34.444  3340  8588 I com.miui.home: CheckGCForNative gc_urgency 0.612815 current_native_bytes is 156454279 starting_gc_num:24
12-22 16:32:34.599  3340  3626 I com.miui.home: CheckGCForNative adj_start_bytes: 33205553 NativeAllocationGcWatermark: 10599041 java_gc_start_bytes: 17306992 kNewNativeDiscountFactor: 2 kOldNativeDiscountFactor: 65536 old_native_bytes: 143498079 new_native_bytes: 13512052 add_bytes_allowed: 31797123 is_gc_concurrent: 1 target_footprint_: 17683466 GetBytesAllocated: 14214418 HeapGrowthMultiplier: 3
12-22 16:32:34.599  3340  3626 I com.miui.home: CheckGCForNative gc_urgency 0.6316 current_native_bytes is 157010131 starting_gc_num:24
12-22 16:32:34.647 10457 10457 I wm_on_stop_called: [0,151555305,com.xunmeng.pinduoduo.ui.activity.HomeActivity,STOP_ACTIVITY_ITEM,53]
12-22 16:32:34.649  3340  3644 E cccccc  : createTaskSnapshot:
12-22 16:32:34.649  3340  3644 I cccccc  : getTaskSnapshotInstance:
12-22 16:32:34.654  3340  3644 E cccccc  : createTaskSnapshot:
12-22 16:32:34.654  3340  3644 I cccccc  : getTaskSnapshotInstance:
12-22 16:32:34.655  3340  3644 I com.miui.home: CheckGCForNative adj_start_bytes: 33205553 NativeAllocationGcWatermark: 10599041 java_gc_start_bytes: 17306992 kNewNativeDiscountFactor: 2 kOldNativeDiscountFactor: 65536 old_native_bytes: 143498079 new_native_bytes: 24245236 add_bytes_allowed: 31797123 is_gc_concurrent: 1 target_footprint_: 17683466 GetBytesAllocated: 14394788 HeapGrowthMultiplier: 3
12-22 16:32:34.655  3340  3644 I com.miui.home: CheckGCForNative gc_urgency 0.798649 current_native_bytes is 167743315 starting_gc_num:24
12-22 16:32:34.855 10457 10457 I wm_on_idle_called: com.xunmeng.pinduoduo.ui.activity.HomeActivity
12-22 16:32:34.862  3340  3644 E cccccc  : createTaskSnapshot:
12-22 16:32:34.862  3340  3644 I cccccc  : getTaskSnapshotInstance:
12-22 16:32:34.866  3340  3626 I com.miui.home: CheckGCForNative adj_start_bytes: 33205553 NativeAllocationGcWatermark: 10599041 java_gc_start_bytes: 17306992 kNewNativeDiscountFactor: 2 kOldNativeDiscountFactor: 65536 old_native_bytes: 143498079 new_native_bytes: 13775952 add_bytes_allowed: 31797123 is_gc_concurrent: 1 target_footprint_: 17683466 GetBytesAllocated: 15039622 HeapGrowthMultiplier: 3
12-22 16:32:34.866  3340  3626 I com.miui.home: CheckGCForNative gc_urgency 0.660425 current_native_bytes is 157274031 starting_gc_num:24
12-22 16:32:35.658  3340  3340 I com.miui.home: CheckGCForNative adj_start_bytes: 33205553 NativeAllocationGcWatermark: 10599041 java_gc_start_bytes: 17306992 kNewNativeDiscountFactor: 2 kOldNativeDiscountFactor: 65536 old_native_bytes: 143498079 new_native_bytes: 13489548 add_bytes_allowed: 31797123 is_gc_concurrent: 1 target_footprint_: 17683466 GetBytesAllocated: 15653379 HeapGrowthMultiplier: 3
12-22 16:32:35.658  3340  3340 I com.miui.home: CheckGCForNative gc_urgency 0.674596 current_native_bytes is 156987627 starting_gc_num:24
12-22 16:32:35.703  3340  3340 I wm_on_resume_called: [0,260320243,com.miui.home.launcher.Launcher,RESUME_ACTIVITY,18]
12-22 16:32:35.717  3340  3340 I wm_on_idle_called: com.miui.home.launcher.Launcher
12-22 16:32:35.763 10789 10789 I wm_on_application_create_called: [0,com.tencent.qqlive,392]
12-22 16:32:35.948  3340  3392 I com.miui.home: CheckGCForNative adj_start_bytes: 33205553 NativeAllocationGcWatermark: 10599041 java_gc_start_bytes: 17306992 kNewNativeDiscountFactor: 2 kOldNativeDiscountFactor: 65536 old_native_bytes: 143498079 new_native_bytes: 24156388 add_bytes_allowed: 31797123 is_gc_concurrent: 1 target_footprint_: 17683466 GetBytesAllocated: 16678726 HeapGrowthMultiplier: 3
12-22 16:32:35.949  3340  3392 I com.miui.home: CheckGCForNative gc_urgency 0.866093 current_native_bytes is 167654467 starting_gc_num:24
12-22 16:32:35.949  3340  3392 I cccccc  : createTaskSnapshotCompat:
12-22 16:32:35.954  3340  3392 I com.miui.home: CheckGCForNative adj_start_bytes: 33205553 NativeAllocationGcWatermark: 10599041 java_gc_start_bytes: 17306992 kNewNativeDiscountFactor: 2 kOldNativeDiscountFactor: 65536 old_native_bytes: 143498079 new_native_bytes: 34864836 add_bytes_allowed: 31797123 is_gc_concurrent: 1 target_footprint_: 17683466 GetBytesAllocated: 16686476 HeapGrowthMultiplier: 3
12-22 16:32:35.954  3340  3392 I com.miui.home: CheckGCForNative gc_urgency 1.02757 current_native_bytes is 178362915 starting_gc_num:24
12-22 16:32:35.954  3340  3392 I com.miui.home: CheckGCForNative requested 1
12-22 16:32:35.976  3340  8588 I cccccc  : getTaskSnapshot:
12-22 16:32:35.976  3340  8588 I com.miui.home: CheckGCForNative adj_start_bytes: 33205553 NativeAllocationGcWatermark: 10599041 java_gc_start_bytes: 17306992 kNewNativeDiscountFactor: 2 kOldNativeDiscountFactor: 65536 old_native_bytes: 143498079 new_native_bytes: 34885524 add_bytes_allowed: 31797123 is_gc_concurrent: 1 target_footprint_: 17683466 GetBytesAllocated: 16729333 HeapGrowthMultiplier: 3
12-22 16:32:35.976  3340  8588 I com.miui.home: CheckGCForNative gc_urgency 1.02917 current_native_bytes is 178383603 starting_gc_num:24
12-22 16:32:35.976  3340  8588 I com.miui.home: CheckGCForNative requested 1
12-22 16:32:35.992  3340  3340 I cccccc  : createTaskSnapshotCompat:
12-22 16:32:36.036  3340  3626 I com.miui.home: CheckGCForNative adj_start_bytes: 33205553 NativeAllocationGcWatermark: 10599041 java_gc_start_bytes: 17306992 kNewNativeDiscountFactor: 2 kOldNativeDiscountFactor: 65536 old_native_bytes: 143498079 new_native_bytes: 24277268 add_bytes_allowed: 31797123 is_gc_concurrent: 1 target_footprint_: 17683466 GetBytesAllocated: 16768064 HeapGrowthMultiplier: 3
12-22 16:32:36.036  3340  3626 I com.miui.home: CheckGCForNative gc_urgency 0.870604 current_native_bytes is 167775347 starting_gc_num:24
12-22 16:32:36.113  3340  3340 I wm_on_top_resumed_gained_called: [260320243,com.miui.home.launcher.Launcher,topStateChangedWhenResumed]
12-22 16:32:36.344  3340  3382 I com.miui.home: NativeAlloc concurrent copying GC freed 164325(7284KB) AllocSpace objects, 24(672KB) LOS objects, 49% free, 8590KB/16MB, paused 82us,23us total 384.239ms
12-22 16:32:36.392  3340  3626 I com.miui.home: CheckGCForNative gc_urgency 0 current_native_bytes is 131300343 starting_gc_num:25
12-22 16:32:36.444  3340  3625 I cccccc  : createTaskSnapshotCompat:
12-22 16:32:36.698  3340  3340 I com.miui.home: CheckGCForNative gc_urgency 0 current_native_bytes is 130994099 starting_gc_num:25
12-22 16:32:36.771  3340  3340 I wm_on_top_resumed_lost_called: [260320243,com.miui.home.launcher.Launcher,topStateChangedWhenResumed]
12-22 16:32:36.801  3340  8588 D cccccc  : onTaskStackChangedBackground
12-22 16:32:36.802  3340  3392 D cccccc  : onTaskStackChangedBackground
12-22 16:32:36.818  7972  7972 I wm_on_application_create_called: [0,com.tencent.mm,327]
12-22 16:32:36.949  3340  3340 I wm_on_paused_called: [0,260320243,com.miui.home.launcher.Launcher,performPause,3]
12-22 16:32:37.177  3340  8588 D cccccc  : onTaskStackChangedBackground
12-22 16:32:37.179  3340  8588 D cccccc  : onTaskStackChangedBackground
12-22 16:32:37.261  3340  3626 I com.miui.home: CheckGCForNative adj_start_bytes: 33234899 NativeAllocationGcWatermark: 10587709 java_gc_start_bytes: 17353336 kNewNativeDiscountFactor: 2 kOldNativeDiscountFactor: 65536 old_native_bytes: 130994099 new_native_bytes: 533252 add_bytes_allowed: 31763127 is_gc_concurrent: 1 target_footprint_: 17592813 GetBytesAllocated: 9885920 HeapGrowthMultiplier: 3
12-22 16:32:37.261  3340  3626 I com.miui.home: CheckGCForNative gc_urgency 0.305539 current_native_bytes is 131527351 starting_gc_num:25
12-22 16:32:37.443  3340  3644 E cccccc  : createTaskSnapshot:
12-22 16:32:37.443  3340  3644 I cccccc  : getTaskSnapshotInstance:
12-22 16:32:37.455  3340  3644 E cccccc  : createTaskSnapshot:
12-22 16:32:37.455  3340  3644 I cccccc  : getTaskSnapshotInstance:
12-22 16:32:37.458  3340  3644 I com.miui.home: CheckGCForNative adj_start_bytes: 33234899 NativeAllocationGcWatermark: 10587709 java_gc_start_bytes: 17353336 kNewNativeDiscountFactor: 2 kOldNativeDiscountFactor: 65536 old_native_bytes: 130994099 new_native_bytes: 11284376 add_bytes_allowed: 31763127 is_gc_concurrent: 1 target_footprint_: 17592813 GetBytesAllocated: 10247390 HeapGrowthMultiplier: 3
12-22 16:32:37.459  3340  3644 I com.miui.home: CheckGCForNative gc_urgency 0.478159 current_native_bytes is 142278475 starting_gc_num:25
12-22 16:32:37.528  3340  3626 I com.miui.home: CheckGCForNative adj_start_bytes: 33234899 NativeAllocationGcWatermark: 10587709 java_gc_start_bytes: 17353336 kNewNativeDiscountFactor: 2 kOldNativeDiscountFactor: 65536 old_native_bytes: 130994099 new_native_bytes: 581928 add_bytes_allowed: 31763127 is_gc_concurrent: 1 target_footprint_: 17592813 GetBytesAllocated: 10460782 HeapGrowthMultiplier: 3
12-22 16:32:37.528  3340  3626 I com.miui.home: CheckGCForNative gc_urgency 0.323568 current_native_bytes is 131576027 starting_gc_num:25
12-22 16:32:37.561  3340  3626 I com.miui.home: CheckGCForNative adj_start_bytes: 33234899 NativeAllocationGcWatermark: 10587709 java_gc_start_bytes: 17353336 kNewNativeDiscountFactor: 2 kOldNativeDiscountFactor: 65536 old_native_bytes: 130994099 new_native_bytes: 621788 add_bytes_allowed: 31763127 is_gc_concurrent: 1 target_footprint_: 17592813 GetBytesAllocated: 10614617 HeapGrowthMultiplier: 3
12-22 16:32:37.561  3340  3626 I com.miui.home: CheckGCForNative gc_urgency 0.328796 current_native_bytes is 131615887 starting_gc_num:25
12-22 16:32:37.644  3340  3644 E cccccc  : createTaskSnapshot:
12-22 16:32:37.644  3340  3644 I cccccc  : getTaskSnapshotInstance:
12-22 16:32:37.975 11306 11306 I wm_on_create_called: [0,48651865,com.tencent.mobileqq.activity.SplashActivity,performCreate,98]
12-22 16:32:37.980 11306 11306 I wm_on_start_called: [0,48651865,com.tencent.mobileqq.activity.SplashActivity,handleStartActivity,3]
12-22 16:32:37.991 11306 11306 I wm_on_resume_called: [0,48651865,com.tencent.mobileqq.activity.SplashActivity,RESUME_ACTIVITY,8]
12-22 16:32:38.039 11306 11306 I wm_on_top_resumed_gained_called: [48651865,com.tencent.mobileqq.activity.SplashActivity,topStateChangedWhenResumed]
12-22 16:32:38.207 11306 11306 I wm_on_top_resumed_lost_called: [48651865,com.tencent.mobileqq.activity.SplashActivity,topStateChangedWhenResumed]
12-22 16:32:38.222 11306 11306 I wm_on_idle_called: com.tencent.mobileqq.activity.SplashActivity
12-22 16:32:38.230  3340  3340 I wm_on_resume_called: [0,260320243,com.miui.home.launcher.Launcher,RESUME_ACTIVITY,19]
12-22 16:32:38.235  3340  3340 I wm_on_top_resumed_gained_called: [260320243,com.miui.home.launcher.Launcher,topStateChangedWhenResumed]
12-22 16:32:38.344  3340  3340 I wm_on_idle_called: com.miui.home.launcher.Launcher
12-22 16:32:38.439  3340  3391 I com.miui.home: CheckGCForNative adj_start_bytes: 33234899 NativeAllocationGcWatermark: 10587709 java_gc_start_bytes: 17353336 kNewNativeDiscountFactor: 2 kOldNativeDiscountFactor: 65536 old_native_bytes: 130994099 new_native_bytes: 11415040 add_bytes_allowed: 31763127 is_gc_concurrent: 1 target_footprint_: 17592813 GetBytesAllocated: 12537369 HeapGrowthMultiplier: 3
12-22 16:32:38.439  3340  3391 I com.miui.home: CheckGCForNative gc_urgency 0.549028 current_native_bytes is 142409139 starting_gc_num:25
12-22 16:32:38.440  3340  3391 I cccccc  : createTaskSnapshotCompat:
12-22 16:32:38.443  3340  3391 I com.miui.home: CheckGCForNative adj_start_bytes: 33234899 NativeAllocationGcWatermark: 10587709 java_gc_start_bytes: 17353336 kNewNativeDiscountFactor: 2 kOldNativeDiscountFactor: 65536 old_native_bytes: 130994099 new_native_bytes: 22121984 add_bytes_allowed: 31763127 is_gc_concurrent: 1 target_footprint_: 17592813 GetBytesAllocated: 12545815 HeapGrowthMultiplier: 3
12-22 16:32:38.443  3340  3391 I com.miui.home: CheckGCForNative gc_urgency 0.710362 current_native_bytes is 153116083 starting_gc_num:25
12-22 16:32:38.510  3340 11489 I com.miui.home: CheckGCForNative adj_start_bytes: 33234899 NativeAllocationGcWatermark: 10587709 java_gc_start_bytes: 17353336 kNewNativeDiscountFactor: 2 kOldNativeDiscountFactor: 65536 old_native_bytes: 130994099 new_native_bytes: 11506480 add_bytes_allowed: 31763127 is_gc_concurrent: 1 target_footprint_: 17592813 GetBytesAllocated: 12640806 HeapGrowthMultiplier: 3
12-22 16:32:38.510  3340 11489 I com.miui.home: CheckGCForNative gc_urgency 0.553516 current_native_bytes is 142500579 starting_gc_num:25
12-22 16:32:38.523 11306 11306 I wm_on_paused_called: [0,48651865,com.tencent.mobileqq.activity.SplashActivity,performPause,2]
12-22 16:32:38.625 11306 11306 I wm_on_create_called: [0,85783107,com.tencent.mobileqq.activity.LoginActivity,performCreate,62]
12-22 16:32:38.677 11306 11306 I wm_on_start_called: [0,85783107,com.tencent.mobileqq.activity.LoginActivity,handleStartActivity,52]
12-22 16:32:38.680  3340 11489 I com.miui.home: CheckGCForNative adj_start_bytes: 33234899 NativeAllocationGcWatermark: 10587709 java_gc_start_bytes: 17353336 kNewNativeDiscountFactor: 2 kOldNativeDiscountFactor: 65536 old_native_bytes: 130994099 new_native_bytes: 11587056 add_bytes_allowed: 31763127 is_gc_concurrent: 1 target_footprint_: 17592813 GetBytesAllocated: 12773532 HeapGrowthMultiplier: 3
12-22 16:32:38.683  3340 11489 I com.miui.home: CheckGCForNative gc_urgency 0.558722 current_native_bytes is 142581155 starting_gc_num:25
12-22 16:32:38.686  3340  3410 I cccccc  : getTaskSnapshot:
12-22 16:32:38.687  3340  3410 I com.miui.home: CheckGCForNative adj_start_bytes: 33234899 NativeAllocationGcWatermark: 10587709 java_gc_start_bytes: 17353336 kNewNativeDiscountFactor: 2 kOldNativeDiscountFactor: 65536 old_native_bytes: 130994099 new_native_bytes: 22294704 add_bytes_allowed: 31763127 is_gc_concurrent: 1 target_footprint_: 17592813 GetBytesAllocated: 12778625 HeapGrowthMultiplier: 3
12-22 16:32:38.687  3340  3410 I com.miui.home: CheckGCForNative gc_urgency 0.719965 current_native_bytes is 153288803 starting_gc_num:25
12-22 16:32:38.688  3340  3340 I cccccc  : createTaskSnapshotCompat:
12-22 16:32:38.700 11306 11306 I wm_on_resume_called: [0,85783107,com.tencent.mobileqq.activity.LoginActivity,RESUME_ACTIVITY,21]
12-22 16:32:38.715  3340  3391 D cccccc  : onTaskStackChangedBackground
12-22 16:32:38.725 11306 11306 I wm_on_stop_called: [0,48651865,com.tencent.mobileqq.activity.SplashActivity,LIFECYCLER_STOP_ACTIVITY,3]
12-22 16:32:38.729  3340  3410 D cccccc  : onTaskStackChangedBackground
12-22 16:32:38.731 11306 11306 I wm_on_destroy_called: [0,48651865,com.tencent.mobileqq.activity.SplashActivity,performDestroy,5]
12-22 16:32:38.742  3340  3626 I com.miui.home: CheckGCForNative adj_start_bytes: 33234899 NativeAllocationGcWatermark: 10587709 java_gc_start_bytes: 17353336 kNewNativeDiscountFactor: 2 kOldNativeDiscountFactor: 65536 old_native_bytes: 130994099 new_native_bytes: 11582568 add_bytes_allowed: 31763127 is_gc_concurrent: 1 target_footprint_: 17592813 GetBytesAllocated: 12907374 HeapGrowthMultiplier: 3
12-22 16:32:38.742  3340  3626 I com.miui.home: CheckGCForNative gc_urgency 0.562681 current_native_bytes is 142576667 starting_gc_num:25
12-22 16:32:38.820 11306 11306 I wm_on_idle_called: com.tencent.mobileqq.activity.LoginActivity
12-22 16:32:38.905  3340  3625 I com.miui.home: CheckGCForNative adj_start_bytes: 33234899 NativeAllocationGcWatermark: 10587709 java_gc_start_bytes: 17353336 kNewNativeDiscountFactor: 2 kOldNativeDiscountFactor: 65536 old_native_bytes: 130994099 new_native_bytes: 22637524 add_bytes_allowed: 31763127 is_gc_concurrent: 1 target_footprint_: 17592813 GetBytesAllocated: 13374534 HeapGrowthMultiplier: 3
12-22 16:32:38.905  3340  3625 I com.miui.home: CheckGCForNative gc_urgency 0.743053 current_native_bytes is 153631623 starting_gc_num:25
12-22 16:32:38.906  3340  3625 I cccccc  : createTaskSnapshotCompat:
12-22 16:32:38.907  3340  3391 I cccccc  : getTaskSnapshot:
12-22 16:32:38.908  3340  3391 I com.miui.home: CheckGCForNative adj_start_bytes: 33234899 NativeAllocationGcWatermark: 10587709 java_gc_start_bytes: 17353336 kNewNativeDiscountFactor: 2 kOldNativeDiscountFactor: 65536 old_native_bytes: 130994099 new_native_bytes: 33343636 add_bytes_allowed: 31763127 is_gc_concurrent: 1 target_footprint_: 17592813 GetBytesAllocated: 13384297 HeapGrowthMultiplier: 3
12-22 16:32:38.908  3340  3391 I com.miui.home: CheckGCForNative gc_urgency 0.904414 current_native_bytes is 164337735 starting_gc_num:25
12-22 16:32:38.908  3340  3340 I cccccc  : createTaskSnapshotCompat:
12-22 16:32:38.909  3340  3340 I com.miui.home: CheckGCForNative adj_start_bytes: 33234899 NativeAllocationGcWatermark: 10587709 java_gc_start_bytes: 17353336 kNewNativeDiscountFactor: 2 kOldNativeDiscountFactor: 65536 old_native_bytes: 130994099 new_native_bytes: 54756500 add_bytes_allowed: 31763127 is_gc_concurrent: 1 target_footprint_: 17592813 GetBytesAllocated: 13386988 HeapGrowthMultiplier: 3
12-22 16:32:38.909  3340  3340 I com.miui.home: CheckGCForNative gc_urgency 1.22664 current_native_bytes is 185750599 starting_gc_num:25
12-22 16:32:38.909  3340  3340 I com.miui.home: CheckGCForNative requested 1
12-22 16:32:38.910  3340  3625 I com.miui.home: CheckGCForNative adj_start_bytes: 33234899 NativeAllocationGcWatermark: 10587709 java_gc_start_bytes: 17353336 kNewNativeDiscountFactor: 2 kOldNativeDiscountFactor: 65536 old_native_bytes: 130994099 new_native_bytes: 44079188 add_bytes_allowed: 31763127 is_gc_concurrent: 1 target_footprint_: 17592813 GetBytesAllocated: 13386988 HeapGrowthMultiplier: 3
12-22 16:32:38.910  3340  3625 I com.miui.home: CheckGCForNative gc_urgency 1.06601 current_native_bytes is 175073287 starting_gc_num:25
12-22 16:32:38.910  3340  3625 I com.miui.home: CheckGCForNative requested 1
12-22 16:32:38.921 11306 11306 I wm_on_paused_called: [0,85783107,com.tencent.mobileqq.activity.LoginActivity,performPause,4]
12-22 16:32:38.934  3340  3644 E cccccc  : createTaskSnapshot:
12-22 16:32:38.934  3340  3644 I cccccc  : getTaskSnapshotInstance:
12-22 16:32:38.967  3340  3644 I com.miui.home: CheckGCForNative adj_start_bytes: 33234899 NativeAllocationGcWatermark: 10587709 java_gc_start_bytes: 17353336 kNewNativeDiscountFactor: 2 kOldNativeDiscountFactor: 65536 old_native_bytes: 130994099 new_native_bytes: 44077908 add_bytes_allowed: 31763127 is_gc_concurrent: 1 target_footprint_: 17592813 GetBytesAllocated: 13562079 HeapGrowthMultiplier: 3
12-22 16:32:38.967  3340  3644 I com.miui.home: CheckGCForNative gc_urgency 1.07125 current_native_bytes is 175072007 starting_gc_num:25
12-22 16:32:38.967  3340  3644 I com.miui.home: CheckGCForNative requested 1
12-22 16:32:39.012  3340  3340 I com.miui.home: CheckGCForNative adj_start_bytes: 33234899 NativeAllocationGcWatermark: 10587709 java_gc_start_bytes: 17353336 kNewNativeDiscountFactor: 2 kOldNativeDiscountFactor: 65536 old_native_bytes: 130994099 new_native_bytes: 33343740 add_bytes_allowed: 31763127 is_gc_concurrent: 1 target_footprint_: 17592813 GetBytesAllocated: 13595071 HeapGrowthMultiplier: 3
12-22 16:32:39.012  3340  3340 I com.miui.home: CheckGCForNative gc_urgency 0.910758 current_native_bytes is 164337839 starting_gc_num:25
12-22 16:32:39.013 11306 11306 I wm_on_stop_called: [0,85783107,com.tencent.mobileqq.activity.LoginActivity,STOP_ACTIVITY_ITEM,24]
12-22 16:32:39.046  3340  3382 I com.miui.home: NativeAlloc concurrent copying GC freed 101357(4369KB) AllocSpace objects, 12(336KB) LOS objects, 49% free, 8645KB/16MB, paused 57us,28us total 132.122ms
12-22 16:32:39.066  3340  3391 D cccccc  : onTaskStackChangedBackground
12-22 16:32:39.071  3340  3391 D cccccc  : onTaskStackChangedBackground
12-22 16:32:39.141  3340  3644 I com.miui.home: CheckGCForNative gc_urgency 0 current_native_bytes is 131512575 starting_gc_num:26
12-22 16:32:39.199  3340  3644 E cccccc  : createTaskSnapshot:
12-22 16:32:39.199  3340  3644 I cccccc  : getTaskSnapshotInstance:
12-22 16:32:39.201  3340  3644 I com.miui.home: CheckGCForNative adj_start_bytes: 33300972 NativeAllocationGcWatermark: 10597665 java_gc_start_bytes: 17404475 kNewNativeDiscountFactor: 2 kOldNativeDiscountFactor: 65536 old_native_bytes: 131512575 new_native_bytes: 10834452 add_bytes_allowed: 31792995 is_gc_concurrent: 1 target_footprint_: 17672462 GetBytesAllocated: 9497063 HeapGrowthMultiplier: 3
12-22 16:32:39.202  3340  3644 I com.miui.home: CheckGCForNative gc_urgency 0.447924 current_native_bytes is 142347027 starting_gc_num:26
12-22 16:32:39.312  3340  3340 I wm_on_top_resumed_lost_called: [260320243,com.miui.home.launcher.Launcher,topStateChangedWhenResumed]
12-22 16:32:39.321  3340  3340 I wm_on_paused_called: [0,260320243,com.miui.home.launcher.Launcher,performPause,3]
12-22 16:32:39.322  3340  3391 D cccccc  : onTaskStackChangedBackground
12-22 16:32:39.323  3340  3391 D cccccc  : onTaskStackChangedBackground
12-22 16:32:39.426  3340  3683 D cccccc  : onTaskStackChangedBackground
12-22 16:32:39.430  3340  3683 D cccccc  : onTaskStackChangedBackground
12-22 16:32:39.488  3340  3626 I com.miui.home: CheckGCForNative adj_start_bytes: 33300972 NativeAllocationGcWatermark: 10597665 java_gc_start_bytes: 17404475 kNewNativeDiscountFactor: 2 kOldNativeDiscountFactor: 65536 old_native_bytes: 131512575 new_native_bytes: 738224 add_bytes_allowed: 31792995 is_gc_concurrent: 1 target_footprint_: 17672462 GetBytesAllocated: 10663430 HeapGrowthMultiplier: 3
12-22 16:32:39.488  3340  3626 I com.miui.home: CheckGCForNative gc_urgency 0.331358 current_native_bytes is 132250799 starting_gc_num:26
12-22 16:32:39.695  3340  3644 E cccccc  : createTaskSnapshot:
12-22 16:32:39.696  3340  3644 I cccccc  : getTaskSnapshotInstance:
12-22 16:32:39.767  3340  3626 I com.miui.home: CheckGCForNative adj_start_bytes: 33300972 NativeAllocationGcWatermark: 10597665 java_gc_start_bytes: 17404475 kNewNativeDiscountFactor: 2 kOldNativeDiscountFactor: 65536 old_native_bytes: 131512575 new_native_bytes: 1011668 add_bytes_allowed: 31792995 is_gc_concurrent: 1 target_footprint_: 17672462 GetBytesAllocated: 11256998 HeapGrowthMultiplier: 3
12-22 16:32:39.767  3340  3626 I com.miui.home: CheckGCForNative gc_urgency 0.353288 current_native_bytes is 132524243 starting_gc_num:26
12-22 16:32:39.923  3340  3626 I com.miui.home: CheckGCForNative adj_start_bytes: 33300972 NativeAllocationGcWatermark: 10597665 java_gc_start_bytes: 17404475 kNewNativeDiscountFactor: 2 kOldNativeDiscountFactor: 65536 old_native_bytes: 131512575 new_native_bytes: 1020628 add_bytes_allowed: 31792995 is_gc_concurrent: 1 target_footprint_: 17672462 GetBytesAllocated: 11311645 HeapGrowthMultiplier: 3
12-22 16:32:39.923  3340  3626 I com.miui.home: CheckGCForNative gc_urgency 0.355064 current_native_bytes is 132533203 starting_gc_num:26
12-22 16:32:40.666  3340  3340 I wm_on_resume_called: [0,260320243,com.miui.home.launcher.Launcher,RESUME_ACTIVITY,19]
12-22 16:32:40.684  3340  3340 I wm_on_idle_called: com.miui.home.launcher.Launcher
12-22 16:32:40.786 11526 11526 I wm_on_application_create_called: [0,com.dragon.read,835]
12-22 16:32:40.863  3340  8588 I cccccc  : getTaskSnapshot:
12-22 16:32:40.863  3340  8588 I com.miui.home: CheckGCForNative adj_start_bytes: 33300972 NativeAllocationGcWatermark: 10597665 java_gc_start_bytes: 17404475 kNewNativeDiscountFactor: 2 kOldNativeDiscountFactor: 65536 old_native_bytes: 131512575 new_native_bytes: 11656792 add_bytes_allowed: 31792995 is_gc_concurrent: 1 target_footprint_: 17672462 GetBytesAllocated: 12447525 HeapGrowthMultiplier: 3
12-22 16:32:40.863  3340  8588 I com.miui.home: CheckGCForNative gc_urgency 0.548871 current_native_bytes is 143169367 starting_gc_num:26
12-22 16:32:40.863  3340  3392 I com.miui.home: CheckGCForNative adj_start_bytes: 33300972 NativeAllocationGcWatermark: 10597665 java_gc_start_bytes: 17404475 kNewNativeDiscountFactor: 2 kOldNativeDiscountFactor: 65536 old_native_bytes: 131512575 new_native_bytes: 22362712 add_bytes_allowed: 31792995 is_gc_concurrent: 1 target_footprint_: 17672462 GetBytesAllocated: 12447525 HeapGrowthMultiplier: 3
12-22 16:32:40.863  3340  3392 I com.miui.home: CheckGCForNative gc_urgency 0.709616 current_native_bytes is 153875287 starting_gc_num:26
12-22 16:32:40.864  3340  3392 I cccccc  : createTaskSnapshotCompat:
12-22 16:32:40.864  3340  3340 I cccccc  : createTaskSnapshotCompat:
12-22 16:32:40.865  3340  3340 I com.miui.home: CheckGCForNative adj_start_bytes: 33300972 NativeAllocationGcWatermark: 10597665 java_gc_start_bytes: 17404475 kNewNativeDiscountFactor: 2 kOldNativeDiscountFactor: 65536 old_native_bytes: 131512575 new_native_bytes: 33069976 add_bytes_allowed: 31792995 is_gc_concurrent: 1 target_footprint_: 17672462 GetBytesAllocated: 12460223 HeapGrowthMultiplier: 3
12-22 16:32:40.865  3340  3340 I com.miui.home: CheckGCForNative gc_urgency 0.870762 current_native_bytes is 164582551 starting_gc_num:26
12-22 16:32:40.914  3340  3626 I com.miui.home: CheckGCForNative adj_start_bytes: 33300972 NativeAllocationGcWatermark: 10597665 java_gc_start_bytes: 17404475 kNewNativeDiscountFactor: 2 kOldNativeDiscountFactor: 65536 old_native_bytes: 131512575 new_native_bytes: 11688664 add_bytes_allowed: 31792995 is_gc_concurrent: 1 target_footprint_: 17672462 GetBytesAllocated: 12502834 HeapGrowthMultiplier: 3
12-22 16:32:40.914  3340  3626 I com.miui.home: CheckGCForNative gc_urgency 0.55101 current_native_bytes is 143201239 starting_gc_num:26
12-22 16:32:41.065 11526 11526 I wm_on_create_called: [0,66320048,com.dragon.read.pages.splash.SplashActivity,performCreate,63]
12-22 16:32:41.085  3340  3340 I wm_on_top_resumed_gained_called: [260320243,com.miui.home.launcher.Launcher,topStateChangedWhenResumed]
12-22 16:32:41.213 11526 11526 I wm_on_start_called: [0,66320048,com.dragon.read.pages.splash.SplashActivity,handleStartActivity,146]
12-22 16:32:41.248  3340  3626 I com.miui.home: CheckGCForNative adj_start_bytes: 33300972 NativeAllocationGcWatermark: 10597665 java_gc_start_bytes: 17404475 kNewNativeDiscountFactor: 2 kOldNativeDiscountFactor: 65536 old_native_bytes: 131512575 new_native_bytes: 11752392 add_bytes_allowed: 31792995 is_gc_concurrent: 1 target_footprint_: 17672462 GetBytesAllocated: 13177483 HeapGrowthMultiplier: 3
12-22 16:32:41.248  3340  3626 I com.miui.home: CheckGCForNative gc_urgency 0.572226 current_native_bytes is 143264967 starting_gc_num:26
12-22 16:32:41.248  3340  3626 I com.miui.home: CheckGCForNative adj_start_bytes: 33300972 NativeAllocationGcWatermark: 10597665 java_gc_start_bytes: 17404475 kNewNativeDiscountFactor: 2 kOldNativeDiscountFactor: 65536 old_native_bytes: 131512575 new_native_bytes: 11754440 add_bytes_allowed: 31792995 is_gc_concurrent: 1 target_footprint_: 17672462 GetBytesAllocated: 13177483 HeapGrowthMultiplier: 3
12-22 16:32:41.248  3340  3626 I com.miui.home: CheckGCForNative gc_urgency 0.572257 current_native_bytes is 143267015 starting_gc_num:26
12-22 16:32:41.388 11526 11526 I wm_on_resume_called: [0,66320048,com.dragon.read.pages.splash.SplashActivity,RESUME_ACTIVITY,169]
12-22 16:32:41.392 11526 11526 I wm_on_top_resumed_gained_called: [66320048,com.dragon.read.pages.splash.SplashActivity,topStateChangedWhenResumed]
12-22 16:32:41.426  3340  3625 I cccccc  : createTaskSnapshotCompat:
12-22 16:32:41.657  3340  3340 I wm_on_top_resumed_lost_called: [260320243,com.miui.home.launcher.Launcher,topStateChangedWhenResumed]
12-22 16:32:41.691 11526 11526 I wm_on_top_resumed_lost_called: [66320048,com.dragon.read.pages.splash.SplashActivity,topStateChangedWhenResumed]
12-22 16:32:41.762  3340  7147 D cccccc  : onTaskStackChangedBackground
12-22 16:32:41.772  3340  7147 D cccccc  : onTaskStackChangedBackground
12-22 16:32:41.931  3340  3340 I wm_on_paused_called: [0,260320243,com.miui.home.launcher.Launcher,performPause,3]
12-22 16:32:42.022  3340  3391 D cccccc  : onTaskStackChangedBackground
12-22 16:32:42.025  3340  7147 D cccccc  : onTaskStackChangedBackground
12-22 16:32:42.210  3340  3644 I com.miui.home: CheckGCForNative adj_start_bytes: 33300972 NativeAllocationGcWatermark: 10597665 java_gc_start_bytes: 17404475 kNewNativeDiscountFactor: 2 kOldNativeDiscountFactor: 65536 old_native_bytes: 131512575 new_native_bytes: 11987572 add_bytes_allowed: 31792995 is_gc_concurrent: 1 target_footprint_: 17672462 GetBytesAllocated: 14176921 HeapGrowthMultiplier: 3
12-22 16:32:42.210  3340  3644 I com.miui.home: CheckGCForNative gc_urgency 0.605769 current_native_bytes is 143500147 starting_gc_num:26
12-22 16:32:42.364  3340  3644 E cccccc  : createTaskSnapshot:
12-22 16:32:42.365  3340  3644 I cccccc  : getTaskSnapshotInstance:
12-22 16:32:42.366  3340  3644 E cccccc  : createTaskSnapshot:
12-22 16:32:42.366  3340  3644 I cccccc  : getTaskSnapshotInstance:
12-22 16:32:42.367  3340  3644 I com.miui.home: CheckGCForNative adj_start_bytes: 33300972 NativeAllocationGcWatermark: 10597665 java_gc_start_bytes: 17404475 kNewNativeDiscountFactor: 2 kOldNativeDiscountFactor: 65536 old_native_bytes: 131512575 new_native_bytes: 22836692 add_bytes_allowed: 31792995 is_gc_concurrent: 1 target_footprint_: 17672462 GetBytesAllocated: 14422236 HeapGrowthMultiplier: 3
12-22 16:32:42.367  3340  3644 I com.miui.home: CheckGCForNative gc_urgency 0.776031 current_native_bytes is 154349267 starting_gc_num:26
12-22 16:32:42.507  3340  3626 I com.miui.home: CheckGCForNative adj_start_bytes: 33300972 NativeAllocationGcWatermark: 10597665 java_gc_start_bytes: 17404475 kNewNativeDiscountFactor: 2 kOldNativeDiscountFactor: 65536 old_native_bytes: 131512575 new_native_bytes: 12155284 add_bytes_allowed: 31792995 is_gc_concurrent: 1 target_footprint_: 17672462 GetBytesAllocated: 14714047 HeapGrowthMultiplier: 3
12-22 16:32:42.507  3340  3626 I com.miui.home: CheckGCForNative gc_urgency 0.624417 current_native_bytes is 143667859 starting_gc_num:26
12-22 16:32:42.585  3340  3626 I com.miui.home: CheckGCForNative adj_start_bytes: 33300972 NativeAllocationGcWatermark: 10597665 java_gc_start_bytes: 17404475 kNewNativeDiscountFactor: 2 kOldNativeDiscountFactor: 65536 old_native_bytes: 131512575 new_native_bytes: 12204732 add_bytes_allowed: 31792995 is_gc_concurrent: 1 target_footprint_: 17672462 GetBytesAllocated: 14796117 HeapGrowthMultiplier: 3
12-22 16:32:42.585  3340  3626 I com.miui.home: CheckGCForNative gc_urgency 0.627624 current_native_bytes is 143717307 starting_gc_num:26
12-22 16:32:42.845  3340  3644 E cccccc  : createTaskSnapshot:
12-22 16:32:42.845  3340  3644 I cccccc  : getTaskSnapshotInstance:
12-22 16:32:43.375  3340  3340 I wm_on_resume_called: [0,260320243,com.miui.home.launcher.Launcher,RESUME_ACTIVITY,20]
12-22 16:32:43.390  3340  3340 I wm_on_idle_called: com.miui.home.launcher.Launcher
12-22 16:32:43.604  3340  3683 I com.miui.home: CheckGCForNative adj_start_bytes: 33300972 NativeAllocationGcWatermark: 10597665 java_gc_start_bytes: 17404475 kNewNativeDiscountFactor: 2 kOldNativeDiscountFactor: 65536 old_native_bytes: 131512575 new_native_bytes: 23159848 add_bytes_allowed: 31792995 is_gc_concurrent: 1 target_footprint_: 17672462 GetBytesAllocated: 16514555 HeapGrowthMultiplier: 3
12-22 16:32:43.604  3340  3683 I com.miui.home: CheckGCForNative gc_urgency 0.843714 current_native_bytes is 154672423 starting_gc_num:26
12-22 16:32:43.604  3340  3683 I cccccc  : createTaskSnapshotCompat:
12-22 16:32:43.605  3340  3683 I com.miui.home: CheckGCForNative adj_start_bytes: 33300972 NativeAllocationGcWatermark: 10597665 java_gc_start_bytes: 17404475 kNewNativeDiscountFactor: 2 kOldNativeDiscountFactor: 65536 old_native_bytes: 131512575 new_native_bytes: 33866792 add_bytes_allowed: 31792995 is_gc_concurrent: 1 target_footprint_: 17672462 GetBytesAllocated: 16522889 HeapGrowthMultiplier: 3
12-22 16:32:43.605  3340  3683 I com.miui.home: CheckGCForNative gc_urgency 1.00472 current_native_bytes is 165379367 starting_gc_num:26
12-22 16:32:43.605  3340  3683 I com.miui.home: CheckGCForNative requested 1
12-22 16:32:43.606  3340  3391 I cccccc  : getTaskSnapshot:
12-22 16:32:43.610  3340  3391 I com.miui.home: CheckGCForNative adj_start_bytes: 33300972 NativeAllocationGcWatermark: 10597665 java_gc_start_bytes: 17404475 kNewNativeDiscountFactor: 2 kOldNativeDiscountFactor: 65536 old_native_bytes: 131512575 new_native_bytes: 33863208 add_bytes_allowed: 31792995 is_gc_concurrent: 1 target_footprint_: 17672462 GetBytesAllocated: 16542237 HeapGrowthMultiplier: 3
12-22 16:32:43.610  3340  3391 I com.miui.home: CheckGCForNative gc_urgency 1.00533 current_native_bytes is 165375783 starting_gc_num:26
12-22 16:32:43.610  3340  3391 I com.miui.home: CheckGCForNative requested 1
12-22 16:32:43.611  3340  3340 I cccccc  : createTaskSnapshotCompat:
12-22 16:32:43.630  3340  8077 I com.miui.home: CheckGCForNative adj_start_bytes: 33300972 NativeAllocationGcWatermark: 10597665 java_gc_start_bytes: 17404475 kNewNativeDiscountFactor: 2 kOldNativeDiscountFactor: 65536 old_native_bytes: 131512575 new_native_bytes: 23181224 add_bytes_allowed: 31792995 is_gc_concurrent: 1 target_footprint_: 17672462 GetBytesAllocated: 16616848 HeapGrowthMultiplier: 3
12-22 16:32:43.635  3340  8077 I com.miui.home: CheckGCForNative gc_urgency 0.847664 current_native_bytes is 154693799 starting_gc_num:26
12-22 16:32:43.779  3340  3340 I wm_on_top_resumed_gained_called: [260320243,com.miui.home.launcher.Launcher,topStateChangedWhenResumed]
