12-22 16:42:31.561  3315  3315 I wm_on_top_resumed_lost_called: [121615763,com.miui.home.launcher.Launcher,topStateChangedWhenResumed]
12-22 16:42:31.570  3315  3315 I wm_on_paused_called: [0,121615763,com.miui.home.launcher.Launcher,performPause,4]
12-22 16:42:31.678  3315  3393 D cccccc  : onTaskStackChangedBackground
12-22 16:42:31.695  3315  3381 D cccccc  : onTaskStackChangedBackground
12-22 16:42:31.696  3315  3381 D cccccc  : onTaskStackChangedBackground
12-22 16:42:31.702  3315  3381 D cccccc  : onTaskStackChangedBackground
12-22 16:42:31.938  3315  3381 I com.miui.home: CheckGCForNative adj_start_bytes: 32295416 NativeAllocationGcWatermark: 10477405 java_gc_start_bytes: 16579309 kNewNativeDiscountFactor: 2 kOldNativeDiscountFactor: 65536 old_native_bytes: 70353535 new_native_bytes: 373372 add_bytes_allowed: 31432215 is_gc_concurrent: 1 target_footprint_: 16710381 GetBytesAllocated: 9228002 HeapGrowthMultiplier: 3
12-22 16:42:31.938  3315  3381 I com.miui.home: CheckGCForNative gc_urgency 0.291551 current_native_bytes is 70726907 starting_gc_num:21
12-22 16:42:32.172  3315  3681 I com.miui.home: CheckGCForNative adj_start_bytes: 32295416 NativeAllocationGcWatermark: 10477405 java_gc_start_bytes: 16579309 kNewNativeDiscountFactor: 2 kOldNativeDiscountFactor: 65536 old_native_bytes: 70353535 new_native_bytes: 1883596 add_bytes_allowed: 31432215 is_gc_concurrent: 1 target_footprint_: 16710381 GetBytesAllocated: 9763509 HeapGrowthMultiplier: 3
12-22 16:42:32.172  3315  3681 I com.miui.home: CheckGCForNative gc_urgency 0.331514 current_native_bytes is 72237131 starting_gc_num:21
12-22 16:42:32.278  3315  3629 I com.miui.home: CheckGCForNative adj_start_bytes: 32295416 NativeAllocationGcWatermark: 10477405 java_gc_start_bytes: 16579309 kNewNativeDiscountFactor: 2 kOldNativeDiscountFactor: 65536 old_native_bytes: 70353535 new_native_bytes: 2218396 add_bytes_allowed: 31432215 is_gc_concurrent: 1 target_footprint_: 16710381 GetBytesAllocated: 9860485 HeapGrowthMultiplier: 3
12-22 16:42:32.278  3315  3629 I com.miui.home: CheckGCForNative gc_urgency 0.3397 current_native_bytes is 72571931 starting_gc_num:21
12-22 16:42:32.319  3315  3681 E cccccc  : createTaskSnapshot:
12-22 16:42:32.319  3315  3681 I cccccc  : getTaskSnapshotInstance:
12-22 16:42:32.326  3315  3681 E cccccc  : createTaskSnapshot:
12-22 16:42:32.327  3315  3681 I cccccc  : getTaskSnapshotInstance:
12-22 16:42:32.403  3315  3681 I com.miui.home: CheckGCForNative adj_start_bytes: 32295416 NativeAllocationGcWatermark: 10477405 java_gc_start_bytes: 16579309 kNewNativeDiscountFactor: 2 kOldNativeDiscountFactor: 65536 old_native_bytes: 70353535 new_native_bytes: 13021840 add_bytes_allowed: 31432215 is_gc_concurrent: 1 target_footprint_: 16710381 GetBytesAllocated: 9970314 HeapGrowthMultiplier: 3
12-22 16:42:32.403  3315  3681 I com.miui.home: CheckGCForNative gc_urgency 0.510361 current_native_bytes is 83375375 starting_gc_num:21
12-22 16:42:32.404  3315  3681 I com.miui.home: CheckGCForNative adj_start_bytes: 32295416 NativeAllocationGcWatermark: 10477405 java_gc_start_bytes: 16579309 kNewNativeDiscountFactor: 2 kOldNativeDiscountFactor: 65536 old_native_bytes: 70353535 new_native_bytes: 23729168 add_bytes_allowed: 31432215 is_gc_concurrent: 1 target_footprint_: 16710381 GetBytesAllocated: 9974500 HeapGrowthMultiplier: 3
12-22 16:42:32.406  3315  3681 I com.miui.home: CheckGCForNative gc_urgency 0.676262 current_native_bytes is 94082703 starting_gc_num:21
12-22 16:42:32.406  3315  3681 E cccccc  : createTaskSnapshot:
12-22 16:42:32.406  3315  3681 I cccccc  : getTaskSnapshotInstance:
12-22 16:42:32.445  3315  3629 I com.miui.home: CheckGCForNative adj_start_bytes: 32295416 NativeAllocationGcWatermark: 10477405 java_gc_start_bytes: 16579309 kNewNativeDiscountFactor: 2 kOldNativeDiscountFactor: 65536 old_native_bytes: 70353535 new_native_bytes: 13023248 add_bytes_allowed: 31432215 is_gc_concurrent: 1 target_footprint_: 16710381 GetBytesAllocated: 9990884 HeapGrowthMultiplier: 3
12-22 16:42:32.445  3315  3629 I com.miui.home: CheckGCForNative gc_urgency 0.511019 current_native_bytes is 83376783 starting_gc_num:21
12-22 16:42:32.462  3315  3681 I com.miui.home: CheckGCForNative adj_start_bytes: 32295416 NativeAllocationGcWatermark: 10477405 java_gc_start_bytes: 16579309 kNewNativeDiscountFactor: 2 kOldNativeDiscountFactor: 65536 old_native_bytes: 70353535 new_native_bytes: 23718768 add_bytes_allowed: 31432215 is_gc_concurrent: 1 target_footprint_: 16710381 GetBytesAllocated: 10007900 HeapGrowthMultiplier: 3
12-22 16:42:32.462  3315  3681 I com.miui.home: CheckGCForNative gc_urgency 0.677135 current_native_bytes is 94072303 starting_gc_num:21
12-22 16:42:32.466  3315  3681 I com.miui.home: CheckGCForNative adj_start_bytes: 32295416 NativeAllocationGcWatermark: 10477405 java_gc_start_bytes: 16579309 kNewNativeDiscountFactor: 2 kOldNativeDiscountFactor: 65536 old_native_bytes: 70353535 new_native_bytes: 34425904 add_bytes_allowed: 31432215 is_gc_concurrent: 1 target_footprint_: 16710381 GetBytesAllocated: 10020001 HeapGrowthMultiplier: 3
12-22 16:42:32.466  3315  3681 I com.miui.home: CheckGCForNative gc_urgency 0.843278 current_native_bytes is 104779439 starting_gc_num:21
12-22 16:42:32.467  3315  3681 E cccccc  : createTaskSnapshot:
12-22 16:42:32.467  3315  3681 I cccccc  : getTaskSnapshotInstance:
12-22 16:42:32.544  3315  3681 I com.miui.home: CheckGCForNative adj_start_bytes: 32295416 NativeAllocationGcWatermark: 10477405 java_gc_start_bytes: 16579309 kNewNativeDiscountFactor: 2 kOldNativeDiscountFactor: 65536 old_native_bytes: 70353535 new_native_bytes: 34195152 add_bytes_allowed: 31432215 is_gc_concurrent: 1 target_footprint_: 16710381 GetBytesAllocated: 10029163 HeapGrowthMultiplier: 3
12-22 16:42:32.544  3315  3681 I com.miui.home: CheckGCForNative gc_urgency 0.83999 current_native_bytes is 104548687 starting_gc_num:21
12-22 16:42:32.551  3315  3681 I com.miui.home: CheckGCForNative adj_start_bytes: 32295416 NativeAllocationGcWatermark: 10477405 java_gc_start_bytes: 16579309 kNewNativeDiscountFactor: 2 kOldNativeDiscountFactor: 65536 old_native_bytes: 70353535 new_native_bytes: 44886864 add_bytes_allowed: 31432215 is_gc_concurrent: 1 target_footprint_: 16710381 GetBytesAllocated: 10036403 HeapGrowthMultiplier: 3
12-22 16:42:32.552  3315  3681 I com.miui.home: CheckGCForNative gc_urgency 1.00574 current_native_bytes is 115240399 starting_gc_num:21
12-22 16:42:32.552  3315  3681 I com.miui.home: CheckGCForNative requested 1
12-22 16:42:32.750  3315  3365 I com.miui.home: NativeAlloc concurrent copying GC freed 32466(1464KB) AllocSpace objects, 3(124KB) LOS objects, 49% free, 8392KB/16MB, paused 1.038ms,631us total 197.961ms
12-22 16:42:33.107  3315  3315 I wm_on_resume_called: [0,121615763,com.miui.home.launcher.Launcher,RESUME_ACTIVITY,30]
12-22 16:42:33.136  3315  3315 I wm_on_idle_called: com.miui.home.launcher.Launcher
12-22 16:42:33.224  3315  3993 I com.miui.home: CheckGCForNative adj_start_bytes: 32809639 NativeAllocationGcWatermark: 10537055 java_gc_start_bytes: 17004057 kNewNativeDiscountFactor: 2 kOldNativeDiscountFactor: 65536 old_native_bytes: 104435847 new_native_bytes: 10204520 add_bytes_allowed: 31611165 is_gc_concurrent: 1 target_footprint_: 17187579 GetBytesAllocated: 9739672 HeapGrowthMultiplier: 3
12-22 16:42:33.224  3315  3993 I com.miui.home: CheckGCForNative gc_urgency 0.452414 current_native_bytes is 114640367 starting_gc_num:22
12-22 16:42:33.224  3315  3993 I cccccc  : createTaskSnapshotCompat:
12-22 16:42:33.224  3315  3385 I cccccc  : getTaskSnapshot:
12-22 16:42:33.225  3315  3993 I com.miui.home: CheckGCForNative adj_start_bytes: 32809639 NativeAllocationGcWatermark: 10537055 java_gc_start_bytes: 17004057 kNewNativeDiscountFactor: 2 kOldNativeDiscountFactor: 65536 old_native_bytes: 104435847 new_native_bytes: 31619144 add_bytes_allowed: 31611165 is_gc_concurrent: 1 target_footprint_: 17187579 GetBytesAllocated: 9752100 HeapGrowthMultiplier: 3
12-22 16:42:33.225  3315  3993 I com.miui.home: CheckGCForNative gc_urgency 0.779139 current_native_bytes is 136054991 starting_gc_num:22
12-22 16:42:33.225  3315  3385 I com.miui.home: CheckGCForNative adj_start_bytes: 32809639 NativeAllocationGcWatermark: 10537055 java_gc_start_bytes: 17004057 kNewNativeDiscountFactor: 2 kOldNativeDiscountFactor: 65536 old_native_bytes: 104435847 new_native_bytes: 20912200 add_bytes_allowed: 31611165 is_gc_concurrent: 1 target_footprint_: 17187579 GetBytesAllocated: 9752100 HeapGrowthMultiplier: 3
12-22 16:42:33.225  3315  3385 I com.miui.home: CheckGCForNative gc_urgency 0.615971 current_native_bytes is 125348047 starting_gc_num:22
12-22 16:42:33.225  3315  3315 I cccccc  : createTaskSnapshotCompat:
12-22 16:42:33.247  8170  8170 I wm_on_application_create_called: [0,com.autonavi.minimap,1276]
12-22 16:42:33.286  3315  3681 E cccccc  : createTaskSnapshot:
12-22 16:42:33.286  3315  3681 I cccccc  : getTaskSnapshotInstance:
12-22 16:42:33.290  3315  3681 I com.miui.home: CheckGCForNative adj_start_bytes: 32809639 NativeAllocationGcWatermark: 10537055 java_gc_start_bytes: 17004057 kNewNativeDiscountFactor: 2 kOldNativeDiscountFactor: 65536 old_native_bytes: 104435847 new_native_bytes: 21001672 add_bytes_allowed: 31611165 is_gc_concurrent: 1 target_footprint_: 17187579 GetBytesAllocated: 10164578 HeapGrowthMultiplier: 3
12-22 16:42:33.291  3315  3681 I com.miui.home: CheckGCForNative gc_urgency 0.629907 current_native_bytes is 125437519 starting_gc_num:22
12-22 16:42:33.291  3315  3629 I com.miui.home: CheckGCForNative adj_start_bytes: 32809639 NativeAllocationGcWatermark: 10537055 java_gc_start_bytes: 17004057 kNewNativeDiscountFactor: 2 kOldNativeDiscountFactor: 65536 old_native_bytes: 104435847 new_native_bytes: 21001672 add_bytes_allowed: 31611165 is_gc_concurrent: 1 target_footprint_: 17187579 GetBytesAllocated: 10164786 HeapGrowthMultiplier: 3
12-22 16:42:33.291  3315  3629 I com.miui.home: CheckGCForNative gc_urgency 0.629913 current_native_bytes is 125437519 starting_gc_num:22
12-22 16:42:33.443  3315  3315 I wm_on_top_resumed_gained_called: [121615763,com.miui.home.launcher.Launcher,topStateChangedWhenResumed]
12-22 16:42:33.609  8170  8170 I wm_on_create_called: [0,232318346,com.autonavi.map.activity.SplashActivity,performCreate,284]
12-22 16:42:33.647  3315  3629 I com.miui.home: CheckGCForNative adj_start_bytes: 32809639 NativeAllocationGcWatermark: 10537055 java_gc_start_bytes: 17004057 kNewNativeDiscountFactor: 2 kOldNativeDiscountFactor: 65536 old_native_bytes: 104435847 new_native_bytes: 10283112 add_bytes_allowed: 31611165 is_gc_concurrent: 1 target_footprint_: 17187579 GetBytesAllocated: 10569544 HeapGrowthMultiplier: 3
12-22 16:42:33.647  3315  3629 I com.miui.home: CheckGCForNative gc_urgency 0.478905 current_native_bytes is 114718959 starting_gc_num:22
12-22 16:42:33.647  8285  8285 I wm_on_application_create_called: [0,com.autonavi.minimap,1101]
12-22 16:42:33.739  3315  3993 D cccccc  : onTaskStackChangedBackground
12-22 16:42:33.740  3315  3628 I com.miui.home: CheckGCForNative adj_start_bytes: 32809639 NativeAllocationGcWatermark: 10537055 java_gc_start_bytes: 17004057 kNewNativeDiscountFactor: 2 kOldNativeDiscountFactor: 65536 old_native_bytes: 104435847 new_native_bytes: 21060336 add_bytes_allowed: 31611165 is_gc_concurrent: 1 target_footprint_: 17187579 GetBytesAllocated: 10623096 HeapGrowthMultiplier: 3
12-22 16:42:33.740  3315  3628 I com.miui.home: CheckGCForNative gc_urgency 0.644776 current_native_bytes is 125496183 starting_gc_num:22
12-22 16:42:33.741  3315  3628 I cccccc  : createTaskSnapshotCompat:
12-22 16:42:33.742  3315  3628 I com.miui.home: CheckGCForNative adj_start_bytes: 32809639 NativeAllocationGcWatermark: 10537055 java_gc_start_bytes: 17004057 kNewNativeDiscountFactor: 2 kOldNativeDiscountFactor: 65536 old_native_bytes: 104435847 new_native_bytes: 31767472 add_bytes_allowed: 31611165 is_gc_concurrent: 1 target_footprint_: 17187579 GetBytesAllocated: 10635401 HeapGrowthMultiplier: 3
12-22 16:42:33.742  3315  3628 I com.miui.home: CheckGCForNative gc_urgency 0.808321 current_native_bytes is 136203319 starting_gc_num:22
12-22 16:42:33.745  3315  3393 I cccccc  : getTaskSnapshot:
12-22 16:42:33.762  3315  3393 I com.miui.home: CheckGCForNative adj_start_bytes: 32809639 NativeAllocationGcWatermark: 10537055 java_gc_start_bytes: 17004057 kNewNativeDiscountFactor: 2 kOldNativeDiscountFactor: 65536 old_native_bytes: 104435847 new_native_bytes: 31724144 add_bytes_allowed: 31611165 is_gc_concurrent: 1 target_footprint_: 17187579 GetBytesAllocated: 10653048 HeapGrowthMultiplier: 3
12-22 16:42:33.762  3315  3393 I com.miui.home: CheckGCForNative gc_urgency 0.808199 current_native_bytes is 136159991 starting_gc_num:22
12-22 16:42:33.763  3315  3315 I cccccc  : createTaskSnapshotCompat:
12-22 16:42:33.796  3315  3393 D cccccc  : onTaskStackChangedBackground
12-22 16:42:34.082  8170  8170 I wm_on_create_called: [0,218964720,com.autonavi.map.activity.NewMapActivity,performCreate,449]
12-22 16:42:34.110  8170  8170 I wm_on_start_called: [0,218964720,com.autonavi.map.activity.NewMapActivity,handleStartActivity,18]
12-22 16:42:34.119  8170  8170 I wm_on_resume_called: [0,218964720,com.autonavi.map.activity.NewMapActivity,RESUME_ACTIVITY,5]
12-22 16:42:34.172  3315  3315 I wm_on_top_resumed_lost_called: [121615763,com.miui.home.launcher.Launcher,topStateChangedWhenResumed]
12-22 16:42:34.197  8170  8170 I wm_on_destroy_called: [0,232318346,com.autonavi.map.activity.SplashActivity,performDestroy,0]
12-22 16:42:34.203  8170  8170 I wm_on_paused_called: [0,218964720,com.autonavi.map.activity.NewMapActivity,performPause,1]
12-22 16:42:34.224  3315  3315 I wm_on_paused_called: [0,121615763,com.miui.home.launcher.Launcher,performPause,2]
12-22 16:42:34.265  3315  3385 D cccccc  : onTaskStackChangedBackground
12-22 16:42:34.267  3315  3385 D cccccc  : onTaskStackChangedBackground
12-22 16:42:34.327  8170  8170 I wm_on_stop_called: [0,218964720,com.autonavi.map.activity.NewMapActivity,STOP_ACTIVITY_ITEM,5]
12-22 16:42:34.309  3315  3681 E cccccc  : createTaskSnapshot:
12-22 16:42:34.330  3315  3681 I cccccc  : getTaskSnapshotInstance:
12-22 16:42:34.340  8170  8170 I wm_on_idle_called: com.autonavi.map.activity.NewMapActivity
12-22 16:42:34.342  3315  4370 D cccccc  : onTaskStackChangedBackground
12-22 16:42:34.354  3315  4370 D cccccc  : onTaskStackChangedBackground
12-22 16:42:34.390  3315  3681 I com.miui.home: CheckGCForNative adj_start_bytes: 32809639 NativeAllocationGcWatermark: 10537055 java_gc_start_bytes: 17004057 kNewNativeDiscountFactor: 2 kOldNativeDiscountFactor: 65536 old_native_bytes: 104435847 new_native_bytes: 32143292 add_bytes_allowed: 31611165 is_gc_concurrent: 1 target_footprint_: 17187579 GetBytesAllocated: 11575309 HeapGrowthMultiplier: 3
12-22 16:42:34.390  3315  3681 I com.miui.home: CheckGCForNative gc_urgency 0.842696 current_native_bytes is 136579139 starting_gc_num:22
12-22 16:42:34.614  3315  3681 E cccccc  : createTaskSnapshot:
12-22 16:42:34.614  3315  3681 I cccccc  : getTaskSnapshotInstance:
12-22 16:42:34.979  3315  3385 I com.miui.home: CheckGCForNative adj_start_bytes: 32809639 NativeAllocationGcWatermark: 10537055 java_gc_start_bytes: 17004057 kNewNativeDiscountFactor: 2 kOldNativeDiscountFactor: 65536 old_native_bytes: 104435847 new_native_bytes: 21650240 add_bytes_allowed: 31611165 is_gc_concurrent: 1 target_footprint_: 17187579 GetBytesAllocated: 12262497 HeapGrowthMultiplier: 3
12-22 16:42:34.979  3315  3385 I com.miui.home: CheckGCForNative gc_urgency 0.703732 current_native_bytes is 126086087 starting_gc_num:22
12-22 16:42:35.062  3315  3629 I com.miui.home: CheckGCForNative adj_start_bytes: 32809639 NativeAllocationGcWatermark: 10537055 java_gc_start_bytes: 17004057 kNewNativeDiscountFactor: 2 kOldNativeDiscountFactor: 65536 old_native_bytes: 104435847 new_native_bytes: 22085224 add_bytes_allowed: 31611165 is_gc_concurrent: 1 target_footprint_: 17187579 GetBytesAllocated: 12317957 HeapGrowthMultiplier: 3
12-22 16:42:35.062  3315  3629 I com.miui.home: CheckGCForNative gc_urgency 0.712052 current_native_bytes is 126521071 starting_gc_num:22
12-22 16:42:35.109  8612  8612 I wm_on_create_called: [0,17799365,fm.qingting.qtradio.WelcomeActivity,performCreate,120]
12-22 16:42:35.110  8612  8612 I wm_on_start_called: [0,17799365,fm.qingting.qtradio.WelcomeActivity,handleStartActivity,0]
12-22 16:42:35.117  8612  8612 I wm_on_resume_called: [0,17799365,fm.qingting.qtradio.WelcomeActivity,RESUME_ACTIVITY,6]
12-22 16:42:35.149  8612  8612 I wm_on_top_resumed_gained_called: [17799365,fm.qingting.qtradio.WelcomeActivity,topStateChangedWhenResumed]
12-22 16:42:35.385  3315  3629 I com.miui.home: CheckGCForNative adj_start_bytes: 32809639 NativeAllocationGcWatermark: 10537055 java_gc_start_bytes: 17004057 kNewNativeDiscountFactor: 2 kOldNativeDiscountFactor: 65536 old_native_bytes: 104435847 new_native_bytes: 22171288 add_bytes_allowed: 31611165 is_gc_concurrent: 1 target_footprint_: 17187579 GetBytesAllocated: 12436578 HeapGrowthMultiplier: 3
12-22 16:42:35.385  3315  3629 I com.miui.home: CheckGCForNative gc_urgency 0.716979 current_native_bytes is 126607135 starting_gc_num:22
12-22 16:42:35.698  3315  3315 I wm_on_stop_called: [0,121615763,com.miui.home.launcher.Launcher,STOP_ACTIVITY_ITEM,30]
12-22 16:42:35.886  8612  8612 I wm_on_idle_called: fm.qingting.qtradio.WelcomeActivity
12-22 16:42:36.214  3315  3315 I wm_on_restart_called: [0,121615763,com.miui.home.launcher.Launcher,,0]
12-22 16:42:36.215  3315  3315 I wm_on_start_called: [0,121615763,com.miui.home.launcher.Launcher,handleStartActivity,2]
12-22 16:42:36.237  3315  3315 I wm_on_resume_called: [0,121615763,com.miui.home.launcher.Launcher,RESUME_ACTIVITY,20]
12-22 16:42:36.334  3315  3315 I wm_on_idle_called: com.miui.home.launcher.Launcher
12-22 16:42:36.435  8612  8612 I wm_on_top_resumed_lost_called: [17799365,fm.qingting.qtradio.WelcomeActivity,topStateChangedWhenResumed]
12-22 16:42:36.443  3315  3315 I wm_on_top_resumed_gained_called: [121615763,com.miui.home.launcher.Launcher,topStateChangedWhenResumed]
12-22 16:42:36.494  3315  4370 I cccccc  : getTaskSnapshot:
12-22 16:42:36.496  3315  4370 I com.miui.home: CheckGCForNative adj_start_bytes: 32809639 NativeAllocationGcWatermark: 10537055 java_gc_start_bytes: 17004057 kNewNativeDiscountFactor: 2 kOldNativeDiscountFactor: 65536 old_native_bytes: 104435847 new_native_bytes: 33070084 add_bytes_allowed: 31611165 is_gc_concurrent: 1 target_footprint_: 17187579 GetBytesAllocated: 13368466 HeapGrowthMultiplier: 3
12-22 16:42:36.497  3315  4370 I com.miui.home: CheckGCForNative gc_urgency 0.911473 current_native_bytes is 137505931 starting_gc_num:22
12-22 16:42:36.497  3315  3315 I cccccc  : createTaskSnapshotCompat:
12-22 16:42:36.498  3315  3315 I com.miui.home: CheckGCForNative adj_start_bytes: 32809639 NativeAllocationGcWatermark: 10537055 java_gc_start_bytes: 17004057 kNewNativeDiscountFactor: 2 kOldNativeDiscountFactor: 65536 old_native_bytes: 104435847 new_native_bytes: 43777540 add_bytes_allowed: 31611165 is_gc_concurrent: 1 target_footprint_: 17187579 GetBytesAllocated: 13377532 HeapGrowthMultiplier: 3
12-22 16:42:36.498  3315  3315 I com.miui.home: CheckGCForNative gc_urgency 1.07492 current_native_bytes is 148213387 starting_gc_num:22
12-22 16:42:36.498  3315  3315 I com.miui.home: CheckGCForNative requested 1
12-22 16:42:36.513  3315  3381 I com.miui.home: CheckGCForNative adj_start_bytes: 32809639 NativeAllocationGcWatermark: 10537055 java_gc_start_bytes: 17004057 kNewNativeDiscountFactor: 2 kOldNativeDiscountFactor: 65536 old_native_bytes: 104435847 new_native_bytes: 43779812 add_bytes_allowed: 31611165 is_gc_concurrent: 1 target_footprint_: 17187579 GetBytesAllocated: 13404978 HeapGrowthMultiplier: 3
12-22 16:42:36.513  3315  3381 I com.miui.home: CheckGCForNative gc_urgency 1.0758 current_native_bytes is 148215659 starting_gc_num:22
12-22 16:42:36.513  3315  3381 I com.miui.home: CheckGCForNative requested 1
12-22 16:42:36.513  3315  3381 I cccccc  : createTaskSnapshotCompat:
12-22 16:42:36.526  3315  3629 I com.miui.home: CheckGCForNative adj_start_bytes: 32809639 NativeAllocationGcWatermark: 10537055 java_gc_start_bytes: 17004057 kNewNativeDiscountFactor: 2 kOldNativeDiscountFactor: 65536 old_native_bytes: 104435847 new_native_bytes: 33074852 add_bytes_allowed: 31611165 is_gc_concurrent: 1 target_footprint_: 17187579 GetBytesAllocated: 13457084 HeapGrowthMultiplier: 3
12-22 16:42:36.526  3315  3629 I com.miui.home: CheckGCForNative gc_urgency 0.914247 current_native_bytes is 137510699 starting_gc_num:22
12-22 16:42:36.594  3315  3629 I com.miui.home: CheckGCForNative adj_start_bytes: 32809639 NativeAllocationGcWatermark: 10537055 java_gc_start_bytes: 17004057 kNewNativeDiscountFactor: 2 kOldNativeDiscountFactor: 65536 old_native_bytes: 104435847 new_native_bytes: 33131780 add_bytes_allowed: 31611165 is_gc_concurrent: 1 target_footprint_: 17187579 GetBytesAllocated: 13567574 HeapGrowthMultiplier: 3
12-22 16:42:36.594  3315  3629 I com.miui.home: CheckGCForNative gc_urgency 0.918482 current_native_bytes is 137567627 starting_gc_num:22
12-22 16:42:36.940  3315  3365 I com.miui.home: NativeAlloc concurrent copying GC freed 109403(4569KB) AllocSpace objects, 6(312KB) LOS objects, 49% free, 8857KB/17MB, paused 17.243ms,4.807ms total 440.953ms
12-22 16:42:36.961  3315  3629 I com.miui.home: CheckGCForNative gc_urgency 0 current_native_bytes is 126658495 starting_gc_num:23
12-22 16:42:37.014  8612  8612 I wm_on_paused_called: [0,17799365,fm.qingting.qtradio.WelcomeActivity,performPause,9]
12-22 16:42:37.047  3315  3628 I cccccc  : createTaskSnapshotCompat:
12-22 16:42:37.120  8612  8612 I wm_on_stop_called: [0,17799365,fm.qingting.qtradio.WelcomeActivity,STOP_ACTIVITY_ITEM,7]
12-22 16:42:37.127  3315  9047 D cccccc  : onTaskStackChangedBackground
12-22 16:42:37.131  3315  9047 D cccccc  : onTaskStackChangedBackground
12-22 16:42:37.470  3315  3315 I wm_on_top_resumed_lost_called: [121615763,com.miui.home.launcher.Launcher,topStateChangedWhenResumed]
12-22 16:42:37.476  3315  3315 I wm_on_paused_called: [0,121615763,com.miui.home.launcher.Launcher,performPause,3]
12-22 16:42:37.595  3315  3681 E cccccc  : createTaskSnapshot:
12-22 16:42:37.600  3315  3681 I cccccc  : getTaskSnapshotInstance:
12-22 16:42:37.618  3315  3681 I com.miui.home: CheckGCForNative adj_start_bytes: 33598849 NativeAllocationGcWatermark: 10656000 java_gc_start_bytes: 17614849 kNewNativeDiscountFactor: 2 kOldNativeDiscountFactor: 65536 old_native_bytes: 126658495 new_native_bytes: 11269268 add_bytes_allowed: 31968000 is_gc_concurrent: 1 target_footprint_: 18139137 GetBytesAllocated: 10193137 HeapGrowthMultiplier: 3
12-22 16:42:37.618  3315  3681 I com.miui.home: CheckGCForNative gc_urgency 0.471138 current_native_bytes is 137927763 starting_gc_num:23
12-22 16:42:37.630  3315  9047 D cccccc  : onTaskStackChangedBackground
12-22 16:42:37.633  3315  4370 D cccccc  : onTaskStackChangedBackground
12-22 16:42:37.700  3315  9047 I com.miui.home: CheckGCForNative adj_start_bytes: 33598849 NativeAllocationGcWatermark: 10656000 java_gc_start_bytes: 17614849 kNewNativeDiscountFactor: 2 kOldNativeDiscountFactor: 65536 old_native_bytes: 126658495 new_native_bytes: 601552 add_bytes_allowed: 31968000 is_gc_concurrent: 1 target_footprint_: 18139137 GetBytesAllocated: 10544457 HeapGrowthMultiplier: 3
12-22 16:42:37.701  3315  9047 I com.miui.home: CheckGCForNative gc_urgency 0.322843 current_native_bytes is 127260047 starting_gc_num:23
12-22 16:42:37.718  3315  3385 D cccccc  : onTaskStackChangedBackground
12-22 16:42:37.731  3315  3381 D cccccc  : onTaskStackChangedBackground
12-22 16:42:37.759  3315  8224 I com.miui.home: CheckGCForNative adj_start_bytes: 33598849 NativeAllocationGcWatermark: 10656000 java_gc_start_bytes: 17614849 kNewNativeDiscountFactor: 2 kOldNativeDiscountFactor: 65536 old_native_bytes: 126658495 new_native_bytes: 764608 add_bytes_allowed: 31968000 is_gc_concurrent: 1 target_footprint_: 18139137 GetBytesAllocated: 10713369 HeapGrowthMultiplier: 3
12-22 16:42:37.759  3315  8224 I com.miui.home: CheckGCForNative gc_urgency 0.330297 current_native_bytes is 127423103 starting_gc_num:23
12-22 16:42:38.000  3315  3681 E cccccc  : createTaskSnapshot:
12-22 16:42:38.000  3315  3681 I cccccc  : getTaskSnapshotInstance:
12-22 16:42:38.086  3315  3629 I com.miui.home: CheckGCForNative adj_start_bytes: 33598849 NativeAllocationGcWatermark: 10656000 java_gc_start_bytes: 17614849 kNewNativeDiscountFactor: 2 kOldNativeDiscountFactor: 65536 old_native_bytes: 126658495 new_native_bytes: 2177384 add_bytes_allowed: 31968000 is_gc_concurrent: 1 target_footprint_: 18139137 GetBytesAllocated: 11155160 HeapGrowthMultiplier: 3
12-22 16:42:38.086  3315  3629 I com.miui.home: CheckGCForNative gc_urgency 0.36447 current_native_bytes is 128835879 starting_gc_num:23
12-22 16:42:38.325  3315  3681 E cccccc  : createTaskSnapshot:
12-22 16:42:38.325  3315  3681 I cccccc  : getTaskSnapshotInstance:
12-22 16:42:38.338  9057  9057 I wm_on_application_create_called: [0,com.xiaomi.bluetooth,281]
12-22 16:42:39.100  3315  3315 I com.miui.home: CheckGCForNative adj_start_bytes: 33598849 NativeAllocationGcWatermark: 10656000 java_gc_start_bytes: 17614849 kNewNativeDiscountFactor: 2 kOldNativeDiscountFactor: 65536 old_native_bytes: 126658495 new_native_bytes: 2169468 add_bytes_allowed: 31968000 is_gc_concurrent: 1 target_footprint_: 18139137 GetBytesAllocated: 11926512 HeapGrowthMultiplier: 3
12-22 16:42:39.100  3315  3315 I com.miui.home: CheckGCForNative gc_urgency 0.38731 current_native_bytes is 128827963 starting_gc_num:23
12-22 16:42:39.132  9108  9108 I wm_on_application_create_called: [0,com.ss.android.ugc.aweme,517]
12-22 16:42:39.148  3315  3315 I wm_on_resume_called: [0,121615763,com.miui.home.launcher.Launcher,RESUME_ACTIVITY,23]
12-22 16:42:39.170  3315  3315 I wm_on_idle_called: com.miui.home.launcher.Launcher
12-22 16:42:39.247  3315  3393 I com.miui.home: CheckGCForNative adj_start_bytes: 33598849 NativeAllocationGcWatermark: 10656000 java_gc_start_bytes: 17614849 kNewNativeDiscountFactor: 2 kOldNativeDiscountFactor: 65536 old_native_bytes: 126658495 new_native_bytes: 2402640 add_bytes_allowed: 31968000 is_gc_concurrent: 1 target_footprint_: 18139137 GetBytesAllocated: 12332949 HeapGrowthMultiplier: 3
12-22 16:42:39.247  3315  3393 I com.miui.home: CheckGCForNative gc_urgency 0.402877 current_native_bytes is 129061135 starting_gc_num:23
12-22 16:42:39.280  3315  3393 I com.miui.home: CheckGCForNative adj_start_bytes: 33598849 NativeAllocationGcWatermark: 10656000 java_gc_start_bytes: 17614849 kNewNativeDiscountFactor: 2 kOldNativeDiscountFactor: 65536 old_native_bytes: 126658495 new_native_bytes: 13110800 add_bytes_allowed: 31968000 is_gc_concurrent: 1 target_footprint_: 18139137 GetBytesAllocated: 12580362 HeapGrowthMultiplier: 3
12-22 16:42:39.280  3315  3393 I com.miui.home: CheckGCForNative gc_urgency 0.569594 current_native_bytes is 139769295 starting_gc_num:23
12-22 16:42:39.280  3315  3393 I cccccc  : createTaskSnapshotCompat:
12-22 16:42:39.281  3315  3393 I com.miui.home: CheckGCForNative adj_start_bytes: 33598849 NativeAllocationGcWatermark: 10656000 java_gc_start_bytes: 17614849 kNewNativeDiscountFactor: 2 kOldNativeDiscountFactor: 65536 old_native_bytes: 126658495 new_native_bytes: 23817744 add_bytes_allowed: 31968000 is_gc_concurrent: 1 target_footprint_: 18139137 GetBytesAllocated: 12603521 HeapGrowthMultiplier: 3
12-22 16:42:39.281  3315  3393 I com.miui.home: CheckGCForNative gc_urgency 0.729618 current_native_bytes is 150476239 starting_gc_num:23
12-22 16:42:39.282  3315  3385 I cccccc  : getTaskSnapshot:
12-22 16:42:39.285  3315  3385 I com.miui.home: CheckGCForNative adj_start_bytes: 33598849 NativeAllocationGcWatermark: 10656000 java_gc_start_bytes: 17614849 kNewNativeDiscountFactor: 2 kOldNativeDiscountFactor: 65536 old_native_bytes: 126658495 new_native_bytes: 23817232 add_bytes_allowed: 31968000 is_gc_concurrent: 1 target_footprint_: 18139137 GetBytesAllocated: 12622469 HeapGrowthMultiplier: 3
12-22 16:42:39.285  3315  3385 I com.miui.home: CheckGCForNative gc_urgency 0.730269 current_native_bytes is 150475727 starting_gc_num:23
12-22 16:42:39.286  3315  3315 I cccccc  : createTaskSnapshotCompat:
12-22 16:42:39.575  3315  3315 I wm_on_top_resumed_gained_called: [121615763,com.miui.home.launcher.Launcher,topStateChangedWhenResumed]
12-22 16:42:39.589  3315  3629 I com.miui.home: CheckGCForNative adj_start_bytes: 33598849 NativeAllocationGcWatermark: 10656000 java_gc_start_bytes: 17614849 kNewNativeDiscountFactor: 2 kOldNativeDiscountFactor: 65536 old_native_bytes: 126658495 new_native_bytes: 13236816 add_bytes_allowed: 31968000 is_gc_concurrent: 1 target_footprint_: 18139137 GetBytesAllocated: 13186978 HeapGrowthMultiplier: 3
12-22 16:42:39.589  3315  3629 I com.miui.home: CheckGCForNative gc_urgency 0.589524 current_native_bytes is 139895311 starting_gc_num:23
12-22 16:42:39.765  3315  3628 I com.miui.home: CheckGCForNative adj_start_bytes: 33598849 NativeAllocationGcWatermark: 10656000 java_gc_start_bytes: 17614849 kNewNativeDiscountFactor: 2 kOldNativeDiscountFactor: 65536 old_native_bytes: 126658495 new_native_bytes: 24246768 add_bytes_allowed: 31968000 is_gc_concurrent: 1 target_footprint_: 18139137 GetBytesAllocated: 13260408 HeapGrowthMultiplier: 3
12-22 16:42:39.765  3315  3628 I com.miui.home: CheckGCForNative gc_urgency 0.755553 current_native_bytes is 150905263 starting_gc_num:23
12-22 16:42:39.765  3315  9047 I cccccc  : getTaskSnapshot:
12-22 16:42:39.765  3315  3628 I cccccc  : createTaskSnapshotCompat:
12-22 16:42:39.766  3315  9047 I com.miui.home: CheckGCForNative adj_start_bytes: 33598849 NativeAllocationGcWatermark: 10656000 java_gc_start_bytes: 17614849 kNewNativeDiscountFactor: 2 kOldNativeDiscountFactor: 65536 old_native_bytes: 126658495 new_native_bytes: 34952688 add_bytes_allowed: 31968000 is_gc_concurrent: 1 target_footprint_: 18139137 GetBytesAllocated: 13267135 HeapGrowthMultiplier: 3
12-22 16:42:39.766  3315  3628 I com.miui.home: CheckGCForNative adj_start_bytes: 33598849 NativeAllocationGcWatermark: 10656000 java_gc_start_bytes: 17614849 kNewNativeDiscountFactor: 2 kOldNativeDiscountFactor: 65536 old_native_bytes: 126658495 new_native_bytes: 45659952 add_bytes_allowed: 31968000 is_gc_concurrent: 1 target_footprint_: 18139137 GetBytesAllocated: 13267135 HeapGrowthMultiplier: 3
12-22 16:42:39.766  3315  3628 I com.miui.home: CheckGCForNative gc_urgency 1.07441 current_native_bytes is 172318447 starting_gc_num:23
12-22 16:42:39.766  3315  3628 I com.miui.home: CheckGCForNative requested 1
12-22 16:42:39.766  3315  9047 I com.miui.home: CheckGCForNative gc_urgency 0.915073 current_native_bytes is 161611183 starting_gc_num:23
12-22 16:42:39.769  3315  3315 I cccccc  : createTaskSnapshotCompat:
12-22 16:42:39.892  3315  3365 I com.miui.home: NativeAlloc concurrent copying GC freed 103019(4354KB) AllocSpace objects, 4(208KB) LOS objects, 49% free, 8451KB/16MB, paused 89us,63us total 123.859ms
12-22 16:42:40.128  3315  3315 I wm_on_top_resumed_lost_called: [121615763,com.miui.home.launcher.Launcher,topStateChangedWhenResumed]
12-22 16:42:40.147  3315  3385 D cccccc  : onTaskStackChangedBackground
12-22 16:42:40.159  3315  3385 D cccccc  : onTaskStackChangedBackground
12-22 16:42:40.287  3315  3315 I wm_on_paused_called: [0,121615763,com.miui.home.launcher.Launcher,performPause,2]
12-22 16:42:40.391  3315  9047 D cccccc  : onTaskStackChangedBackground
12-22 16:42:40.402  3315  9047 D cccccc  : onTaskStackChangedBackground
12-22 16:42:40.458  9108  9108 I wm_on_create_called: [0,183033183,com.ss.android.ugc.aweme.splash.SplashActivity,performCreate,1077]
12-22 16:42:40.516  3315  3315 I com.miui.home: CheckGCForNative gc_urgency 0 current_native_bytes is 129159963 starting_gc_num:24
12-22 16:42:40.625  3315  3681 E cccccc  : createTaskSnapshot:
12-22 16:42:40.625  3315  3681 I cccccc  : getTaskSnapshotInstance:
12-22 16:42:40.626  3315  3681 I com.miui.home: CheckGCForNative adj_start_bytes: 33006976 NativeAllocationGcWatermark: 10552306 java_gc_start_bytes: 17178517 kNewNativeDiscountFactor: 2 kOldNativeDiscountFactor: 65536 old_native_bytes: 129159963 new_native_bytes: 11023200 add_bytes_allowed: 31656918 is_gc_concurrent: 1 target_footprint_: 17309589 GetBytesAllocated: 9971880 HeapGrowthMultiplier: 3
12-22 16:42:40.626  3315  3681 I com.miui.home: CheckGCForNative gc_urgency 0.469157 current_native_bytes is 140183163 starting_gc_num:24
12-22 16:42:40.639  3315  3577 E cccccc  : createTaskSnapshot:
12-22 16:42:40.639  3315  3577 I cccccc  : getTaskSnapshotInstance:
12-22 16:42:40.741  3315  3681 I com.miui.home: CheckGCForNative adj_start_bytes: 33006976 NativeAllocationGcWatermark: 10552306 java_gc_start_bytes: 17178517 kNewNativeDiscountFactor: 2 kOldNativeDiscountFactor: 65536 old_native_bytes: 129159963 new_native_bytes: 663340 add_bytes_allowed: 31656918 is_gc_concurrent: 1 target_footprint_: 17309589 GetBytesAllocated: 10439122 HeapGrowthMultiplier: 3
12-22 16:42:40.741  3315  3681 I com.miui.home: CheckGCForNative gc_urgency 0.326378 current_native_bytes is 129823303 starting_gc_num:24
12-22 16:42:40.802  3315  3577 E cccccc  : createTaskSnapshot:
12-22 16:42:40.802  3315  3577 I cccccc  : getTaskSnapshotInstance:
12-22 16:42:40.970  3315  3629 I com.miui.home: CheckGCForNative adj_start_bytes: 33006976 NativeAllocationGcWatermark: 10552306 java_gc_start_bytes: 17178517 kNewNativeDiscountFactor: 2 kOldNativeDiscountFactor: 65536 old_native_bytes: 129159963 new_native_bytes: 708092 add_bytes_allowed: 31656918 is_gc_concurrent: 1 target_footprint_: 17309589 GetBytesAllocated: 10738432 HeapGrowthMultiplier: 3
12-22 16:42:40.971  3315  3629 I com.miui.home: CheckGCForNative gc_urgency 0.336124 current_native_bytes is 129868055 starting_gc_num:24
12-22 16:42:41.040  9538  9538 I wm_on_create_called: [0,155417675,com.eg.android.AlipayGphone.AlipayLogin,performCreate,60]
12-22 16:42:41.047  9538  9538 I wm_on_start_called: [0,155417675,com.eg.android.AlipayGphone.AlipayLogin,handleStartActivity,7]
12-22 16:42:41.069  9538  9538 I wm_on_resume_called: [0,155417675,com.eg.android.AlipayGphone.AlipayLogin,RESUME_ACTIVITY,13]
12-22 16:42:41.102  9538  9538 I wm_on_top_resumed_gained_called: [155417675,com.eg.android.AlipayGphone.AlipayLogin,topStateChangedWhenResumed]
12-22 16:42:41.561  3315  3315 I wm_on_stop_called: [0,121615763,com.miui.home.launcher.Launcher,STOP_ACTIVITY_ITEM,7]
12-22 16:42:41.640  9538  9538 I wm_on_idle_called: com.eg.android.AlipayGphone.AlipayLogin
12-22 16:42:41.806  3315  3315 I wm_on_restart_called: [0,121615763,com.miui.home.launcher.Launcher,,0]
12-22 16:42:41.807  3315  3315 I wm_on_start_called: [0,121615763,com.miui.home.launcher.Launcher,handleStartActivity,1]
12-22 16:42:41.808  9538  9538 I wm_on_top_resumed_lost_called: [155417675,com.eg.android.AlipayGphone.AlipayLogin,topStateChangedWhenResumed]
12-22 16:42:41.828  3315  3315 I wm_on_resume_called: [0,121615763,com.miui.home.launcher.Launcher,RESUME_ACTIVITY,19]
12-22 16:42:41.866  3315  3610 I com.miui.home: CheckGCForNative adj_start_bytes: 33006976 NativeAllocationGcWatermark: 10552306 java_gc_start_bytes: 17178517 kNewNativeDiscountFactor: 2 kOldNativeDiscountFactor: 65536 old_native_bytes: 129159963 new_native_bytes: 490084 add_bytes_allowed: 31656918 is_gc_concurrent: 1 target_footprint_: 17309589 GetBytesAllocated: 11521541 HeapGrowthMultiplier: 3
12-22 16:42:41.867  3315  3610 I com.miui.home: CheckGCForNative gc_urgency 0.356547 current_native_bytes is 129650047 starting_gc_num:24
12-22 16:42:41.915  3315  3315 I wm_on_top_resumed_gained_called: [121615763,com.miui.home.launcher.Launcher,topStateChangedWhenResumed]
12-22 16:42:41.916  3315  3315 I wm_on_idle_called: com.miui.home.launcher.Launcher
12-22 16:42:42.021  3315  3381 I com.miui.home: CheckGCForNative adj_start_bytes: 33006976 NativeAllocationGcWatermark: 10552306 java_gc_start_bytes: 17178517 kNewNativeDiscountFactor: 2 kOldNativeDiscountFactor: 65536 old_native_bytes: 129159963 new_native_bytes: 11414136 add_bytes_allowed: 31656918 is_gc_concurrent: 1 target_footprint_: 17309589 GetBytesAllocated: 11999540 HeapGrowthMultiplier: 3
12-22 16:42:42.021  3315  3381 I com.miui.home: CheckGCForNative gc_urgency 0.53651 current_native_bytes is 140574099 starting_gc_num:24
12-22 16:42:42.022  3315  3381 I cccccc  : createTaskSnapshotCompat:
12-22 16:42:42.025  3315  3381 I com.miui.home: CheckGCForNative adj_start_bytes: 33006976 NativeAllocationGcWatermark: 10552306 java_gc_start_bytes: 17178517 kNewNativeDiscountFactor: 2 kOldNativeDiscountFactor: 65536 old_native_bytes: 129159963 new_native_bytes: 22121272 add_bytes_allowed: 31656918 is_gc_concurrent: 1 target_footprint_: 17309589 GetBytesAllocated: 12023598 HeapGrowthMultiplier: 3
12-22 16:42:42.025  3315  3381 I com.miui.home: CheckGCForNative gc_urgency 0.699434 current_native_bytes is 151281235 starting_gc_num:24
12-22 16:42:42.048  3315  3381 I cccccc  : getTaskSnapshot:
12-22 16:42:42.054  3315  3381 I com.miui.home: CheckGCForNative adj_start_bytes: 33006976 NativeAllocationGcWatermark: 10552306 java_gc_start_bytes: 17178517 kNewNativeDiscountFactor: 2 kOldNativeDiscountFactor: 65536 old_native_bytes: 129159963 new_native_bytes: 22165336 add_bytes_allowed: 31656918 is_gc_concurrent: 1 target_footprint_: 17309589 GetBytesAllocated: 12067794 HeapGrowthMultiplier: 3
12-22 16:42:42.054  3315  3381 I com.miui.home: CheckGCForNative gc_urgency 0.701441 current_native_bytes is 151325299 starting_gc_num:24
12-22 16:42:42.059  3315  3315 I cccccc  : createTaskSnapshotCompat:
12-22 16:42:42.276  9829  9829 I wm_on_application_create_called: [0,com.eg.android.AlipayGphone,303]
12-22 16:42:42.313  3315  3629 I com.miui.home: CheckGCForNative adj_start_bytes: 33006976 NativeAllocationGcWatermark: 10552306 java_gc_start_bytes: 17178517 kNewNativeDiscountFactor: 2 kOldNativeDiscountFactor: 65536 old_native_bytes: 129159963 new_native_bytes: 11426456 add_bytes_allowed: 31656918 is_gc_concurrent: 1 target_footprint_: 17309589 GetBytesAllocated: 12430433 HeapGrowthMultiplier: 3
12-22 16:42:42.313  3315  3629 I com.miui.home: CheckGCForNative gc_urgency 0.549751 current_native_bytes is 140586419 starting_gc_num:24
12-22 16:42:42.529  3315  3385 I cccccc  : getTaskSnapshot:
12-22 16:42:42.530  3315  3385 I com.miui.home: CheckGCForNative adj_start_bytes: 33006976 NativeAllocationGcWatermark: 10552306 java_gc_start_bytes: 17178517 kNewNativeDiscountFactor: 2 kOldNativeDiscountFactor: 65536 old_native_bytes: 129159963 new_native_bytes: 22112376 add_bytes_allowed: 31656918 is_gc_concurrent: 1 target_footprint_: 17309589 GetBytesAllocated: 12536003 HeapGrowthMultiplier: 3
12-22 16:42:42.530  3315  3385 I com.miui.home: CheckGCForNative gc_urgency 0.714823 current_native_bytes is 151272339 starting_gc_num:24
12-22 16:42:42.530  3315  3628 I com.miui.home: CheckGCForNative adj_start_bytes: 33006976 NativeAllocationGcWatermark: 10552306 java_gc_start_bytes: 17178517 kNewNativeDiscountFactor: 2 kOldNativeDiscountFactor: 65536 old_native_bytes: 129159963 new_native_bytes: 32819320 add_bytes_allowed: 31656918 is_gc_concurrent: 1 target_footprint_: 17309589 GetBytesAllocated: 12536003 HeapGrowthMultiplier: 3
12-22 16:42:42.530  3315  3628 I com.miui.home: CheckGCForNative gc_urgency 0.877021 current_native_bytes is 161979283 starting_gc_num:24
12-22 16:42:42.531  3315  3628 I cccccc  : createTaskSnapshotCompat:
12-22 16:42:42.531  3315  3315 I cccccc  : createTaskSnapshotCompat:
12-22 16:42:42.532  3315  3315 I com.miui.home: CheckGCForNative adj_start_bytes: 33006976 NativeAllocationGcWatermark: 10552306 java_gc_start_bytes: 17178517 kNewNativeDiscountFactor: 2 kOldNativeDiscountFactor: 65536 old_native_bytes: 129159963 new_native_bytes: 43526264 add_bytes_allowed: 31656918 is_gc_concurrent: 1 target_footprint_: 17309589 GetBytesAllocated: 12541942 HeapGrowthMultiplier: 3
12-22 16:42:42.532  3315  3315 I com.miui.home: CheckGCForNative gc_urgency 1.03939 current_native_bytes is 172686227 starting_gc_num:24
12-22 16:42:42.532  3315  3315 I com.miui.home: CheckGCForNative requested 1
12-22 16:42:42.588  9538  9538 I wm_on_paused_called: [0,155417675,com.eg.android.AlipayGphone.AlipayLogin,performPause,37]
12-22 16:42:42.695  3315  3381 D cccccc  : onTaskStackChangedBackground
12-22 16:42:42.697  3315  3393 D cccccc  : onTaskStackChangedBackground
12-22 16:42:42.859  3315  3365 I com.miui.home: NativeAlloc concurrent copying GC freed 84930(3698KB) AllocSpace objects, 6(240KB) LOS objects, 49% free, 8723KB/17MB, paused 184us,124us total 326.268ms
12-22 16:42:43.016  3315  3577 E cccccc  : createTaskSnapshot:
12-22 16:42:43.016  3315  3577 I cccccc  : getTaskSnapshotInstance:
12-22 16:42:43.051  3315  3315 I wm_on_top_resumed_lost_called: [121615763,com.miui.home.launcher.Launcher,topStateChangedWhenResumed]
12-22 16:42:43.067  3315  3315 I wm_on_paused_called: [0,121615763,com.miui.home.launcher.Launcher,performPause,3]
12-22 16:42:43.071  3315  3577 I com.miui.home: CheckGCForNative gc_urgency 0 current_native_bytes is 139772631 starting_gc_num:25
12-22 16:42:43.096  9538  9538 I wm_on_stop_called: [0,155417675,com.eg.android.AlipayGphone.AlipayLogin,STOP_ACTIVITY_ITEM,134]
12-22 16:42:43.117  3315  3391 D cccccc  : onTaskStackChangedBackground
12-22 16:42:43.118  3315  9047 D cccccc  : onTaskStackChangedBackground
12-22 16:42:43.125  3315  3610 I com.miui.home: CheckGCForNative adj_start_bytes: 33383433 NativeAllocationGcWatermark: 10621823 java_gc_start_bytes: 17450699 kNewNativeDiscountFactor: 2 kOldNativeDiscountFactor: 65536 old_native_bytes: 139772631 new_native_bytes: 14903712 add_bytes_allowed: 31865469 is_gc_concurrent: 1 target_footprint_: 17865722 GetBytesAllocated: 9602780 HeapGrowthMultiplier: 3
12-22 16:42:43.125  3315  3610 I com.miui.home: CheckGCForNative gc_urgency 0.510935 current_native_bytes is 154676343 starting_gc_num:25
12-22 16:42:43.158  3315  3577 I com.miui.home: CheckGCForNative adj_start_bytes: 33383433 NativeAllocationGcWatermark: 10621823 java_gc_start_bytes: 17450699 kNewNativeDiscountFactor: 2 kOldNativeDiscountFactor: 65536 old_native_bytes: 139772631 new_native_bytes: 14900064 add_bytes_allowed: 31865469 is_gc_concurrent: 1 target_footprint_: 17865722 GetBytesAllocated: 9673337 HeapGrowthMultiplier: 3
12-22 16:42:43.158  3315  3577 I com.miui.home: CheckGCForNative gc_urgency 0.512994 current_native_bytes is 154672695 starting_gc_num:25
12-22 16:42:43.161  3315  3577 I com.miui.home: CheckGCForNative adj_start_bytes: 33383433 NativeAllocationGcWatermark: 10621823 java_gc_start_bytes: 17450699 kNewNativeDiscountFactor: 2 kOldNativeDiscountFactor: 65536 old_native_bytes: 139772631 new_native_bytes: 3104864 add_bytes_allowed: 31865469 is_gc_concurrent: 1 target_footprint_: 17865722 GetBytesAllocated: 9678569 HeapGrowthMultiplier: 3
12-22 16:42:43.161  3315  3577 I com.miui.home: CheckGCForNative gc_urgency 0.336488 current_native_bytes is 142877495 starting_gc_num:25
12-22 16:42:43.177  3315  3391 D cccccc  : onTaskStackChangedBackground
12-22 16:42:43.179  3315  3391 D cccccc  : onTaskStackChangedBackground
12-22 16:42:43.194  3315  3577 I com.miui.home: CheckGCForNative adj_start_bytes: 33383433 NativeAllocationGcWatermark: 10621823 java_gc_start_bytes: 17450699 kNewNativeDiscountFactor: 2 kOldNativeDiscountFactor: 65536 old_native_bytes: 139772631 new_native_bytes: 3853016 add_bytes_allowed: 31865469 is_gc_concurrent: 1 target_footprint_: 17865722 GetBytesAllocated: 9750351 HeapGrowthMultiplier: 3
12-22 16:42:43.194  3315  3577 I com.miui.home: CheckGCForNative gc_urgency 0.349844 current_native_bytes is 143625647 starting_gc_num:25
12-22 16:42:43.435  3315  3681 E cccccc  : createTaskSnapshot:
12-22 16:42:43.435  3315  3681 I cccccc  : getTaskSnapshotInstance:
12-22 16:42:43.482  3315  3629 I com.miui.home: CheckGCForNative adj_start_bytes: 33383433 NativeAllocationGcWatermark: 10621823 java_gc_start_bytes: 17450699 kNewNativeDiscountFactor: 2 kOldNativeDiscountFactor: 65536 old_native_bytes: 139772631 new_native_bytes: 4344844 add_bytes_allowed: 31865469 is_gc_concurrent: 1 target_footprint_: 17865722 GetBytesAllocated: 10586790 HeapGrowthMultiplier: 3
12-22 16:42:43.482  3315  3629 I com.miui.home: CheckGCForNative gc_urgency 0.382266 current_native_bytes is 144117475 starting_gc_num:25
12-22 16:42:43.515  3315  3577 I com.miui.home: CheckGCForNative adj_start_bytes: 33383433 NativeAllocationGcWatermark: 10621823 java_gc_start_bytes: 17450699 kNewNativeDiscountFactor: 2 kOldNativeDiscountFactor: 65536 old_native_bytes: 139772631 new_native_bytes: 5843108 add_bytes_allowed: 31865469 is_gc_concurrent: 1 target_footprint_: 17865722 GetBytesAllocated: 10627745 HeapGrowthMultiplier: 3
12-22 16:42:43.515  3315  3577 I com.miui.home: CheckGCForNative gc_urgency 0.405933 current_native_bytes is 145615739 starting_gc_num:25
12-22 16:42:43.515  3315  3577 I com.miui.home: CheckGCForNative adj_start_bytes: 33383433 NativeAllocationGcWatermark: 10621823 java_gc_start_bytes: 17450699 kNewNativeDiscountFactor: 2 kOldNativeDiscountFactor: 65536 old_native_bytes: 139772631 new_native_bytes: 7293996 add_bytes_allowed: 31865469 is_gc_concurrent: 1 target_footprint_: 17865722 GetBytesAllocated: 10629886 HeapGrowthMultiplier: 3
12-22 16:42:43.517  3315  3577 I com.miui.home: CheckGCForNative gc_urgency 0.427728 current_native_bytes is 147066627 starting_gc_num:25
12-22 16:42:43.538  3315  3577 I com.miui.home: CheckGCForNative adj_start_bytes: 33383433 NativeAllocationGcWatermark: 10621823 java_gc_start_bytes: 17450699 kNewNativeDiscountFactor: 2 kOldNativeDiscountFactor: 65536 old_native_bytes: 139772631 new_native_bytes: 18309932 add_bytes_allowed: 31865469 is_gc_concurrent: 1 target_footprint_: 17865722 GetBytesAllocated: 10658758 HeapGrowthMultiplier: 3
12-22 16:42:43.538  3315  3577 I com.miui.home: CheckGCForNative gc_urgency 0.593584 current_native_bytes is 158082563 starting_gc_num:25
12-22 16:42:43.705  3315  3629 I com.miui.home: CheckGCForNative adj_start_bytes: 33383433 NativeAllocationGcWatermark: 10621823 java_gc_start_bytes: 17450699 kNewNativeDiscountFactor: 2 kOldNativeDiscountFactor: 65536 old_native_bytes: 139772631 new_native_bytes: 18556576 add_bytes_allowed: 31865469 is_gc_concurrent: 1 target_footprint_: 17865722 GetBytesAllocated: 10974338 HeapGrowthMultiplier: 3
12-22 16:42:43.705  3315  3629 I com.miui.home: CheckGCForNative gc_urgency 0.606731 current_native_bytes is 158329207 starting_gc_num:25
12-22 16:42:43.760  3315  3629 I com.miui.home: CheckGCForNative adj_start_bytes: 33383433 NativeAllocationGcWatermark: 10621823 java_gc_start_bytes: 17450699 kNewNativeDiscountFactor: 2 kOldNativeDiscountFactor: 65536 old_native_bytes: 139772631 new_native_bytes: 18592736 add_bytes_allowed: 31865469 is_gc_concurrent: 1 target_footprint_: 17865722 GetBytesAllocated: 11072651 HeapGrowthMultiplier: 3
12-22 16:42:43.761  3315  3629 I com.miui.home: CheckGCForNative gc_urgency 0.610217 current_native_bytes is 158365367 starting_gc_num:25
12-22 16:42:43.889  3315  3681 E cccccc  : createTaskSnapshot:
12-22 16:42:43.889  3315  3681 I cccccc  : getTaskSnapshotInstance:
12-22 16:42:44.272 10244 10244 I wm_on_application_create_called: [0,com.smile.gifmaker,467]
12-22 16:42:44.456 10244 10244 I wm_on_create_called: [0,178996383,com.yxcorp.gifshow.HomeActivity,performCreate,168]
12-22 16:42:44.580  3315  3315 I wm_on_resume_called: [0,121615763,com.miui.home.launcher.Launcher,RESUME_ACTIVITY,18]
12-22 16:42:44.599  3315  3315 I wm_on_idle_called: com.miui.home.launcher.Launcher
12-22 16:42:44.666 10244 10244 I wm_on_start_called: [0,178996383,com.yxcorp.gifshow.HomeActivity,handleStartActivity,209]
12-22 16:42:44.787  3315  9047 I com.miui.home: CheckGCForNative adj_start_bytes: 33383433 NativeAllocationGcWatermark: 10621823 java_gc_start_bytes: 17450699 kNewNativeDiscountFactor: 2 kOldNativeDiscountFactor: 65536 old_native_bytes: 139772631 new_native_bytes: 29202068 add_bytes_allowed: 31865469 is_gc_concurrent: 1 target_footprint_: 17865722 GetBytesAllocated: 12384224 HeapGrowthMultiplier: 3
12-22 16:42:44.788  3315  9047 I com.miui.home: CheckGCForNative gc_urgency 0.808407 current_native_bytes is 168974699 starting_gc_num:25
12-22 16:42:44.788  3315  3393 I cccccc  : getTaskSnapshot:
12-22 16:42:44.788  3315  9047 I cccccc  : createTaskSnapshotCompat:
12-22 16:42:44.791  3315  3393 I com.miui.home: CheckGCForNative adj_start_bytes: 33383433 NativeAllocationGcWatermark: 10621823 java_gc_start_bytes: 17450699 kNewNativeDiscountFactor: 2 kOldNativeDiscountFactor: 65536 old_native_bytes: 139772631 new_native_bytes: 39908436 add_bytes_allowed: 31865469 is_gc_concurrent: 1 target_footprint_: 17865722 GetBytesAllocated: 12384416 HeapGrowthMultiplier: 3
12-22 16:42:44.791  3315  3393 I com.miui.home: CheckGCForNative gc_urgency 0.968767 current_native_bytes is 179681067 starting_gc_num:25
12-22 16:42:44.793  3315  9047 I com.miui.home: CheckGCForNative adj_start_bytes: 33383433 NativeAllocationGcWatermark: 10621823 java_gc_start_bytes: 17450699 kNewNativeDiscountFactor: 2 kOldNativeDiscountFactor: 65536 old_native_bytes: 139772631 new_native_bytes: 50615796 add_bytes_allowed: 31865469 is_gc_concurrent: 1 target_footprint_: 17865722 GetBytesAllocated: 12384608 HeapGrowthMultiplier: 3
12-22 16:42:44.793  3315  9047 I com.miui.home: CheckGCForNative gc_urgency 1.12914 current_native_bytes is 190388427 starting_gc_num:25
12-22 16:42:44.793  3315  9047 I com.miui.home: CheckGCForNative requested 1
12-22 16:42:44.833  3315  3315 I cccccc  : createTaskSnapshotCompat:
12-22 16:42:44.917 10244 10244 I wm_on_resume_called: [0,178996383,com.yxcorp.gifshow.HomeActivity,RESUME_ACTIVITY,149]
