12-22 17:06:49.749  3316  3316 I wm_on_start_called: [0,92404456,com.miui.home.launcher.Launcher,handleStartActivity,1]
12-22 17:06:49.768  3316  3316 I wm_on_resume_called: [0,92404456,com.miui.home.launcher.Launcher,RESUME_ACTIVITY,18]
12-22 17:06:49.827  3316  3389 I com.miui.home: CheckGCForNative adj_start_bytes: 33149333 NativeAllocationGcWatermark: 10567291 java_gc_start_bytes: 17298397 kNewNativeDiscountFactor: 2 kOldNativeDiscountFactor: 65536 old_native_bytes: 130677919 new_native_bytes: 590924 add_bytes_allowed: 31701873 is_gc_concurrent: 1 target_footprint_: 17429469 GetBytesAllocated: 12399638 HeapGrowthMultiplier: 3
12-22 17:06:49.827  3316  3389 I com.miui.home: CheckGCForNative gc_urgency 0.383027 current_native_bytes is 131268843 starting_gc_num:33
12-22 17:06:49.863  3316  3316 I wm_on_idle_called: com.miui.home.launcher.Launcher
12-22 17:06:49.868 12448 12448 I wm_on_destroy_called: [0,243560860,com.dragon.read.pages.splash.SplashActivity,performDestroy,4]
12-22 17:06:49.952  3316  3389 D cccccc  : onTaskStackChangedBackground
12-22 17:06:49.979  3316  3391 D cccccc  : onTaskStackChangedBackground
12-22 17:06:50.044  3316 10560 I com.miui.home: CheckGCForNative adj_start_bytes: 33149333 NativeAllocationGcWatermark: 10567291 java_gc_start_bytes: 17298397 kNewNativeDiscountFactor: 2 kOldNativeDiscountFactor: 65536 old_native_bytes: 130677919 new_native_bytes: 11498924 add_bytes_allowed: 31701873 is_gc_concurrent: 1 target_footprint_: 17429469 GetBytesAllocated: 12865840 HeapGrowthMultiplier: 3
12-22 17:06:50.044  3316 10560 I com.miui.home: CheckGCForNative gc_urgency 0.561619 current_native_bytes is 142176843 starting_gc_num:33
12-22 17:06:50.045  3316 10560 I cccccc  : createTaskSnapshotCompat:
12-22 17:06:50.050  3316 10560 I com.miui.home: CheckGCForNative adj_start_bytes: 33149333 NativeAllocationGcWatermark: 10567291 java_gc_start_bytes: 17298397 kNewNativeDiscountFactor: 2 kOldNativeDiscountFactor: 65536 old_native_bytes: 130677919 new_native_bytes: 22205868 add_bytes_allowed: 31701873 is_gc_concurrent: 1 target_footprint_: 17429469 GetBytesAllocated: 12981652 HeapGrowthMultiplier: 3
12-22 17:06:50.051  3316 10560 I com.miui.home: CheckGCForNative gc_urgency 0.726608 current_native_bytes is 152883787 starting_gc_num:33
12-22 17:06:50.230  3316  3316 I wm_on_top_resumed_gained_called: [92404456,com.miui.home.launcher.Launcher,topStateChangedWhenResumed]
12-22 17:06:50.260  3316  3615 I com.miui.home: CheckGCForNative adj_start_bytes: 33149333 NativeAllocationGcWatermark: 10567291 java_gc_start_bytes: 17298397 kNewNativeDiscountFactor: 2 kOldNativeDiscountFactor: 65536 old_native_bytes: 130677919 new_native_bytes: 11639472 add_bytes_allowed: 31701873 is_gc_concurrent: 1 target_footprint_: 17429469 GetBytesAllocated: 13730540 HeapGrowthMultiplier: 3
12-22 17:06:50.260  3316  3615 I com.miui.home: CheckGCForNative gc_urgency 0.589824 current_native_bytes is 142317391 starting_gc_num:33
12-22 17:06:50.260  3316  3615 I com.miui.home: CheckGCForNative adj_start_bytes: 33149333 NativeAllocationGcWatermark: 10567291 java_gc_start_bytes: 17298397 kNewNativeDiscountFactor: 2 kOldNativeDiscountFactor: 65536 old_native_bytes: 130677919 new_native_bytes: 11640176 add_bytes_allowed: 31701873 is_gc_concurrent: 1 target_footprint_: 17429469 GetBytesAllocated: 13730540 HeapGrowthMultiplier: 3
12-22 17:06:50.260  3316  3615 I com.miui.home: CheckGCForNative gc_urgency 0.589835 current_native_bytes is 142318095 starting_gc_num:33
12-22 17:06:50.358  3316  3681 E cccccc  : createTaskSnapshot:
12-22 17:06:50.358  3316  3681 I cccccc  : getTaskSnapshotInstance:
12-22 17:06:50.359  3316  3681 I com.miui.home: CheckGCForNative adj_start_bytes: 33149333 NativeAllocationGcWatermark: 10567291 java_gc_start_bytes: 17298397 kNewNativeDiscountFactor: 2 kOldNativeDiscountFactor: 65536 old_native_bytes: 130677919 new_native_bytes: 22491472 add_bytes_allowed: 31701873 is_gc_concurrent: 1 target_footprint_: 17429469 GetBytesAllocated: 13964822 HeapGrowthMultiplier: 3
12-22 17:06:50.359  3316  3681 I com.miui.home: CheckGCForNative gc_urgency 0.760575 current_native_bytes is 153169391 starting_gc_num:33
12-22 17:06:50.498 11530 11530 I wm_on_create_called: [0,239387040,com.tencent.mm.ui.LauncherUI,performCreate,564]
12-22 17:06:50.566  3316  3614 I cccccc  : createTaskSnapshotCompat:
12-22 17:06:50.574 11530 11530 I wm_on_start_called: [0,239387040,com.tencent.mm.ui.LauncherUI,handleStartActivity,35]
12-22 17:06:50.670  3316  3681 I com.miui.home: CheckGCForNative adj_start_bytes: 33149333 NativeAllocationGcWatermark: 10567291 java_gc_start_bytes: 17298397 kNewNativeDiscountFactor: 2 kOldNativeDiscountFactor: 65536 old_native_bytes: 130677919 new_native_bytes: 11826612 add_bytes_allowed: 31701873 is_gc_concurrent: 1 target_footprint_: 17429469 GetBytesAllocated: 14488218 HeapGrowthMultiplier: 3
12-22 17:06:50.670  3316  3681 I com.miui.home: CheckGCForNative gc_urgency 0.615503 current_native_bytes is 142504531 starting_gc_num:33
12-22 17:06:50.729  3316  3681 E cccccc  : createTaskSnapshot:
12-22 17:06:50.729  3316  3681 I cccccc  : getTaskSnapshotInstance:
12-22 17:06:50.743  3316  3316 I wm_on_top_resumed_lost_called: [92404456,com.miui.home.launcher.Launcher,topStateChangedWhenResumed]
12-22 17:06:50.766  3316  3681 I com.miui.home: CheckGCForNative adj_start_bytes: 33149333 NativeAllocationGcWatermark: 10567291 java_gc_start_bytes: 17298397 kNewNativeDiscountFactor: 2 kOldNativeDiscountFactor: 65536 old_native_bytes: 130677919 new_native_bytes: 22658820 add_bytes_allowed: 31701873 is_gc_concurrent: 1 target_footprint_: 17429469 GetBytesAllocated: 14686043 HeapGrowthMultiplier: 3
12-22 17:06:50.766  3316  3681 I com.miui.home: CheckGCForNative gc_urgency 0.784856 current_native_bytes is 153336739 starting_gc_num:33
12-22 17:06:50.799 11530 11530 I wm_on_resume_called: [0,239387040,com.tencent.mm.ui.LauncherUI,RESUME_ACTIVITY,222]
12-22 17:06:50.818 11530 11530 I wm_on_top_resumed_gained_called: [239387040,com.tencent.mm.ui.LauncherUI,topStateChangedWhenResumed]
12-22 17:06:50.844 11530 11530 I wm_on_destroy_called: [0,177488132,com.tencent.mm.ui.LauncherUI,performDestroy,25]
12-22 17:06:50.847 11530 11530 I wm_on_top_resumed_lost_called: [239387040,com.tencent.mm.ui.LauncherUI,topStateChangedWhenResumed]
12-22 17:06:50.891 11530 11530 I wm_on_paused_called: [0,239387040,com.tencent.mm.ui.LauncherUI,performPause,17]
12-22 17:06:50.905  3316  3316 I wm_on_paused_called: [0,92404456,com.miui.home.launcher.Launcher,performPause,2]
12-22 17:06:51.014  3316 10560 D cccccc  : onTaskStackChangedBackground
12-22 17:06:51.017  3316 10560 D cccccc  : onTaskStackChangedBackground
12-22 17:06:51.178  3316  3681 E cccccc  : createTaskSnapshot:
12-22 17:06:51.178  3316  3681 I cccccc  : getTaskSnapshotInstance:
12-22 17:06:51.179  3316  3681 I com.miui.home: CheckGCForNative adj_start_bytes: 33149333 NativeAllocationGcWatermark: 10567291 java_gc_start_bytes: 17298397 kNewNativeDiscountFactor: 2 kOldNativeDiscountFactor: 65536 old_native_bytes: 130677919 new_native_bytes: 22963464 add_bytes_allowed: 31701873 is_gc_concurrent: 1 target_footprint_: 17429469 GetBytesAllocated: 15478110 HeapGrowthMultiplier: 3
12-22 17:06:51.179  3316  3681 I com.miui.home: CheckGCForNative gc_urgency 0.813345 current_native_bytes is 153641383 starting_gc_num:33
12-22 17:06:51.216 11530 11530 I wm_on_create_called: [0,196796587,com.tencent.mm.plugin.account.ui.WelcomeActivity,performCreate,110]
12-22 17:06:51.221 11530 11530 I wm_on_start_called: [0,196796587,com.tencent.mm.plugin.account.ui.WelcomeActivity,handleStartActivity,4]
12-22 17:06:51.235 11530 11530 I wm_on_resume_called: [0,196796587,com.tencent.mm.plugin.account.ui.WelcomeActivity,RESUME_ACTIVITY,12]
12-22 17:06:51.250 11530 11530 I wm_on_top_resumed_gained_called: [196796587,com.tencent.mm.plugin.account.ui.WelcomeActivity,topStateChangedWhenResumed]
12-22 17:06:51.873 11530 11530 I wm_on_stop_called: [0,168125222,com.tencent.mm.app.WeChatSplashActivity,LIFECYCLER_STOP_ACTIVITY,4]
12-22 17:06:51.876 11530 11530 I wm_on_destroy_called: [0,168125222,com.tencent.mm.app.WeChatSplashActivity,performDestroy,1]
12-22 17:06:51.902  3316  3316 I wm_on_stop_called: [0,92404456,com.miui.home.launcher.Launcher,STOP_ACTIVITY_ITEM,5]
12-22 17:06:51.940 11530 11530 I wm_on_stop_called: [0,239387040,com.tencent.mm.ui.LauncherUI,STOP_ACTIVITY_ITEM,7]
12-22 17:06:52.763  3316  3316 I wm_on_restart_called: [0,92404456,com.miui.home.launcher.Launcher,,0]
12-22 17:06:52.765  3316  3316 I wm_on_start_called: [0,92404456,com.miui.home.launcher.Launcher,handleStartActivity,1]
12-22 17:06:52.770 11530 11530 I wm_on_top_resumed_lost_called: [196796587,com.tencent.mm.plugin.account.ui.WelcomeActivity,topStateChangedWhenResumed]
12-22 17:06:52.797  3316  3316 I wm_on_resume_called: [0,92404456,com.miui.home.launcher.Launcher,RESUME_ACTIVITY,30]
12-22 17:06:52.958  3316  3316 I wm_on_top_resumed_gained_called: [92404456,com.miui.home.launcher.Launcher,topStateChangedWhenResumed]
12-22 17:06:52.967  3316  3316 I wm_on_idle_called: com.miui.home.launcher.Launcher
12-22 17:06:53.042  3316 10560 I com.miui.home: CheckGCForNative adj_start_bytes: 32987528 NativeAllocationGcWatermark: 10567291 java_gc_start_bytes: 17136592 kNewNativeDiscountFactor: 2 kOldNativeDiscountFactor: 65536 old_native_bytes: 143287423 new_native_bytes: 8481568 add_bytes_allowed: 31701873 is_gc_concurrent: 1 target_footprint_: 17429469 GetBytesAllocated: 9490089 HeapGrowthMultiplier: 3
12-22 17:06:53.042  3316 10560 I com.miui.home: CheckGCForNative gc_urgency 0.416311 current_native_bytes is 151768991 starting_gc_num:34
12-22 17:06:53.042  3316 10560 I cccccc  : createTaskSnapshotCompat:
12-22 17:06:53.043  3316 10560 I com.miui.home: CheckGCForNative adj_start_bytes: 32987528 NativeAllocationGcWatermark: 10567291 java_gc_start_bytes: 17136592 kNewNativeDiscountFactor: 2 kOldNativeDiscountFactor: 65536 old_native_bytes: 143287423 new_native_bytes: 19188512 add_bytes_allowed: 31701873 is_gc_concurrent: 1 target_footprint_: 17429469 GetBytesAllocated: 9490281 HeapGrowthMultiplier: 3
12-22 17:06:53.043  3316 10560 I com.miui.home: CheckGCForNative gc_urgency 0.578604 current_native_bytes is 162475935 starting_gc_num:34
12-22 17:06:53.055  3316  8479 I com.miui.home: CheckGCForNative adj_start_bytes: 32987528 NativeAllocationGcWatermark: 10567291 java_gc_start_bytes: 17136592 kNewNativeDiscountFactor: 2 kOldNativeDiscountFactor: 65536 old_native_bytes: 143287423 new_native_bytes: 8497600 add_bytes_allowed: 31701873 is_gc_concurrent: 1 target_footprint_: 17429469 GetBytesAllocated: 9516374 HeapGrowthMultiplier: 3
12-22 17:06:53.055  3316  8479 I com.miui.home: CheckGCForNative gc_urgency 0.41735 current_native_bytes is 151785023 starting_gc_num:34
12-22 17:06:53.145  3316  3615 I com.miui.home: CheckGCForNative adj_start_bytes: 32987528 NativeAllocationGcWatermark: 10567291 java_gc_start_bytes: 17136592 kNewNativeDiscountFactor: 2 kOldNativeDiscountFactor: 65536 old_native_bytes: 143287423 new_native_bytes: 8520976 add_bytes_allowed: 31701873 is_gc_concurrent: 1 target_footprint_: 17429469 GetBytesAllocated: 9556902 HeapGrowthMultiplier: 3
12-22 17:06:53.145  3316  3615 I com.miui.home: CheckGCForNative gc_urgency 0.418933 current_native_bytes is 151808399 starting_gc_num:34
12-22 17:06:53.390  3316  3615 I com.miui.home: CheckGCForNative adj_start_bytes: 32987528 NativeAllocationGcWatermark: 10567291 java_gc_start_bytes: 17136592 kNewNativeDiscountFactor: 2 kOldNativeDiscountFactor: 65536 old_native_bytes: 143287423 new_native_bytes: 8502128 add_bytes_allowed: 31701873 is_gc_concurrent: 1 target_footprint_: 17429469 GetBytesAllocated: 9658129 HeapGrowthMultiplier: 3
12-22 17:06:53.390  3316  3615 I com.miui.home: CheckGCForNative gc_urgency 0.421716 current_native_bytes is 151789551 starting_gc_num:34
12-22 17:06:53.516  3316  3614 I com.miui.home: CheckGCForNative adj_start_bytes: 32987528 NativeAllocationGcWatermark: 10567291 java_gc_start_bytes: 17136592 kNewNativeDiscountFactor: 2 kOldNativeDiscountFactor: 65536 old_native_bytes: 143287423 new_native_bytes: 19206480 add_bytes_allowed: 31701873 is_gc_concurrent: 1 target_footprint_: 17429469 GetBytesAllocated: 9722081 HeapGrowthMultiplier: 3
12-22 17:06:53.516  3316  3614 I com.miui.home: CheckGCForNative gc_urgency 0.585904 current_native_bytes is 162493903 starting_gc_num:34
12-22 17:06:53.516  3316  3614 I cccccc  : createTaskSnapshotCompat:
12-22 17:06:53.519  3316  3614 I com.miui.home: CheckGCForNative adj_start_bytes: 32987528 NativeAllocationGcWatermark: 10567291 java_gc_start_bytes: 17136592 kNewNativeDiscountFactor: 2 kOldNativeDiscountFactor: 65536 old_native_bytes: 143287423 new_native_bytes: 29891216 add_bytes_allowed: 31701873 is_gc_concurrent: 1 target_footprint_: 17429469 GetBytesAllocated: 9722273 HeapGrowthMultiplier: 3
12-22 17:06:53.519  3316  3614 I com.miui.home: CheckGCForNative gc_urgency 0.74786 current_native_bytes is 173178639 starting_gc_num:34
12-22 17:06:53.543 11530 11530 I wm_on_paused_called: [0,196796587,com.tencent.mm.plugin.account.ui.WelcomeActivity,performPause,6]
12-22 17:06:53.616 11530 11530 I wm_on_stop_called: [0,196796587,com.tencent.mm.plugin.account.ui.WelcomeActivity,STOP_ACTIVITY_ITEM,8]
12-22 17:06:53.625 11530 11530 I wm_on_idle_called: com.tencent.mm.ui.LauncherUI
12-22 17:06:53.626 11530 11530 I wm_on_idle_called: com.tencent.mm.plugin.account.ui.WelcomeActivity
12-22 17:06:53.654  3316  3389 D cccccc  : onTaskStackChangedBackground
12-22 17:06:53.656  3316 10560 D cccccc  : onTaskStackChangedBackground
12-22 17:06:53.839  3316  3681 E cccccc  : createTaskSnapshot:
12-22 17:06:53.839  3316  3681 I cccccc  : getTaskSnapshotInstance:
12-22 17:06:53.841  3316  3681 I com.miui.home: CheckGCForNative adj_start_bytes: 32987528 NativeAllocationGcWatermark: 10567291 java_gc_start_bytes: 17136592 kNewNativeDiscountFactor: 2 kOldNativeDiscountFactor: 65536 old_native_bytes: 143287423 new_native_bytes: 30504540 add_bytes_allowed: 31701873 is_gc_concurrent: 1 target_footprint_: 17429469 GetBytesAllocated: 10607929 HeapGrowthMultiplier: 3
12-22 17:06:53.841  3316  3681 I com.miui.home: CheckGCForNative gc_urgency 0.784005 current_native_bytes is 173791963 starting_gc_num:34
12-22 17:06:53.913  3316  3316 I wm_on_top_resumed_lost_called: [92404456,com.miui.home.launcher.Launcher,topStateChangedWhenResumed]
12-22 17:06:53.916  3316  3391 D cccccc  : onTaskStackChangedBackground
12-22 17:06:53.917  3316  3391 D cccccc  : onTaskStackChangedBackground
12-22 17:06:53.917  3316  3316 I wm_on_paused_called: [0,92404456,com.miui.home.launcher.Launcher,performPause,3]
12-22 17:06:54.031  3316  3391 D cccccc  : onTaskStackChangedBackground
12-22 17:06:54.032  3316  3376 D cccccc  : onTaskStackChangedBackground
12-22 17:06:54.136  3316  3615 I com.miui.home: CheckGCForNative adj_start_bytes: 32987528 NativeAllocationGcWatermark: 10567291 java_gc_start_bytes: 17136592 kNewNativeDiscountFactor: 2 kOldNativeDiscountFactor: 65536 old_native_bytes: 143287423 new_native_bytes: 19791556 add_bytes_allowed: 31701873 is_gc_concurrent: 1 target_footprint_: 17429469 GetBytesAllocated: 11122839 HeapGrowthMultiplier: 3
12-22 17:06:54.136  3316  3615 I com.miui.home: CheckGCForNative gc_urgency 0.637235 current_native_bytes is 163078979 starting_gc_num:34
12-22 17:06:54.214  3316  3615 I com.miui.home: CheckGCForNative adj_start_bytes: 32987528 NativeAllocationGcWatermark: 10567291 java_gc_start_bytes: 17136592 kNewNativeDiscountFactor: 2 kOldNativeDiscountFactor: 65536 old_native_bytes: 143287423 new_native_bytes: 19849380 add_bytes_allowed: 31701873 is_gc_concurrent: 1 target_footprint_: 17429469 GetBytesAllocated: 11307947 HeapGrowthMultiplier: 3
12-22 17:06:54.214  3316  3615 I com.miui.home: CheckGCForNative gc_urgency 0.643723 current_native_bytes is 163136803 starting_gc_num:34
12-22 17:06:54.363  3316  3681 E cccccc  : createTaskSnapshot:
12-22 17:06:54.363  3316  3681 I cccccc  : getTaskSnapshotInstance:
12-22 17:06:54.381  3316  3615 I com.miui.home: CheckGCForNative adj_start_bytes: 32987528 NativeAllocationGcWatermark: 10567291 java_gc_start_bytes: 17136592 kNewNativeDiscountFactor: 2 kOldNativeDiscountFactor: 65536 old_native_bytes: 143287423 new_native_bytes: 20031256 add_bytes_allowed: 31701873 is_gc_concurrent: 1 target_footprint_: 17429469 GetBytesAllocated: 11658786 HeapGrowthMultiplier: 3
12-22 17:06:54.381  3316  3615 I com.miui.home: CheckGCForNative gc_urgency 0.657115 current_native_bytes is 163318679 starting_gc_num:34
12-22 17:06:54.726  3316  3681 E cccccc  : createTaskSnapshot:
12-22 17:06:54.726  3316  3681 I cccccc  : getTaskSnapshotInstance:
12-22 17:06:54.921 13876 13876 I wm_on_application_create_called: [0,com.UCMobile,252]
12-22 17:06:55.081 13876 13876 I wm_on_create_called: [0,10976225,com.UCMobile.main.UCMobile,performCreate,130]
12-22 17:06:55.197 13876 13876 I wm_on_create_called: [0,65082847,com.uc.browser.InnerUCMobile,performCreate,56]
12-22 17:06:55.204 13876 13876 I wm_on_start_called: [0,65082847,com.uc.browser.InnerUCMobile,handleStartActivity,6]
12-22 17:06:55.225 13876 13876 I wm_on_resume_called: [0,65082847,com.uc.browser.InnerUCMobile,RESUME_ACTIVITY,7]
12-22 17:06:55.230  3316  3376 D cccccc  : onTaskStackChangedBackground
12-22 17:06:55.230  3316 10560 D cccccc  : onTaskStackChangedBackground
12-22 17:06:55.269 13876 13876 I wm_on_top_resumed_gained_called: [65082847,com.uc.browser.InnerUCMobile,topStateChangedWhenResumed]
12-22 17:06:55.412  3316  3681 I com.miui.home: CheckGCForNative adj_start_bytes: 32987528 NativeAllocationGcWatermark: 10567291 java_gc_start_bytes: 17136592 kNewNativeDiscountFactor: 2 kOldNativeDiscountFactor: 65536 old_native_bytes: 143287423 new_native_bytes: 20219624 add_bytes_allowed: 31701873 is_gc_concurrent: 1 target_footprint_: 17429469 GetBytesAllocated: 12807360 HeapGrowthMultiplier: 3
12-22 17:06:55.412  3316  3681 I com.miui.home: CheckGCForNative gc_urgency 0.694789 current_native_bytes is 163507047 starting_gc_num:34
12-22 17:06:55.463  3316  3681 E cccccc  : createTaskSnapshot:
12-22 17:06:55.463  3316  3681 I cccccc  : getTaskSnapshotInstance:
12-22 17:06:55.580  3316  3316 I wm_on_stop_called: [0,92404456,com.miui.home.launcher.Launcher,STOP_ACTIVITY_ITEM,14]
12-22 17:06:55.659 13876 13876 I wm_on_destroy_called: [0,10976225,com.UCMobile.main.UCMobile,performDestroy,0]
12-22 17:06:55.730  3316  3316 I wm_on_restart_called: [0,92404456,com.miui.home.launcher.Launcher,,0]
12-22 17:06:55.732  3316  3316 I wm_on_start_called: [0,92404456,com.miui.home.launcher.Launcher,handleStartActivity,1]
12-22 17:06:55.751  3316  3316 I wm_on_resume_called: [0,92404456,com.miui.home.launcher.Launcher,RESUME_ACTIVITY,18]
12-22 17:06:55.850  3316  3316 I wm_on_idle_called: com.miui.home.launcher.Launcher
12-22 17:06:55.863  3316  3316 I com.miui.home: CheckGCForNative adj_start_bytes: 32987528 NativeAllocationGcWatermark: 10567291 java_gc_start_bytes: 17136592 kNewNativeDiscountFactor: 2 kOldNativeDiscountFactor: 65536 old_native_bytes: 143287423 new_native_bytes: 20794316 add_bytes_allowed: 31701873 is_gc_concurrent: 1 target_footprint_: 17429469 GetBytesAllocated: 14093802 HeapGrowthMultiplier: 3
12-22 17:06:55.863  3316  3316 I com.miui.home: CheckGCForNative gc_urgency 0.742497 current_native_bytes is 164081739 starting_gc_num:34
12-22 17:06:56.019  3316  3389 I com.miui.home: CheckGCForNative adj_start_bytes: 32987528 NativeAllocationGcWatermark: 10567291 java_gc_start_bytes: 17136592 kNewNativeDiscountFactor: 2 kOldNativeDiscountFactor: 65536 old_native_bytes: 143287423 new_native_bytes: 31503504 add_bytes_allowed: 31701873 is_gc_concurrent: 1 target_footprint_: 17429469 GetBytesAllocated: 14725400 HeapGrowthMultiplier: 3
12-22 17:06:56.019  3316  3389 I com.miui.home: CheckGCForNative gc_urgency 0.923966 current_native_bytes is 174790927 starting_gc_num:34
12-22 17:06:56.020  3316  3389 I cccccc  : createTaskSnapshotCompat:
12-22 17:06:56.032  3316  3389 I com.miui.home: CheckGCForNative adj_start_bytes: 32987528 NativeAllocationGcWatermark: 10567291 java_gc_start_bytes: 17136592 kNewNativeDiscountFactor: 2 kOldNativeDiscountFactor: 65536 old_native_bytes: 143287423 new_native_bytes: 42210448 add_bytes_allowed: 31701873 is_gc_concurrent: 1 target_footprint_: 17429469 GetBytesAllocated: 14725592 HeapGrowthMultiplier: 3
12-22 17:06:56.032  3316  3389 I com.miui.home: CheckGCForNative gc_urgency 1.08626 current_native_bytes is 185497871 starting_gc_num:34
12-22 17:06:56.033  3316  3389 I com.miui.home: CheckGCForNative requested 1
12-22 17:06:56.201  3316  3316 I wm_on_top_resumed_gained_called: [92404456,com.miui.home.launcher.Launcher,topStateChangedWhenResumed]
12-22 17:06:56.208  3316  3615 I com.miui.home: CheckGCForNative adj_start_bytes: 32987528 NativeAllocationGcWatermark: 10567291 java_gc_start_bytes: 17136592 kNewNativeDiscountFactor: 2 kOldNativeDiscountFactor: 65536 old_native_bytes: 143287423 new_native_bytes: 31498928 add_bytes_allowed: 31701873 is_gc_concurrent: 1 target_footprint_: 17429469 GetBytesAllocated: 14874116 HeapGrowthMultiplier: 3
12-22 17:06:56.208  3316  3615 I com.miui.home: CheckGCForNative gc_urgency 0.928404 current_native_bytes is 174786351 starting_gc_num:34
12-22 17:06:56.300  3316  3368 I com.miui.home: NativeAlloc concurrent copying GC freed 129732(5553KB) AllocSpace objects, 14(392KB) LOS objects, 49% free, 8636KB/16MB, paused 7.116ms,51us total 263.884ms
12-22 17:06:56.532  3316  3614 I com.miui.home: CheckGCForNative gc_urgency 0 current_native_bytes is 140652907 starting_gc_num:35
12-22 17:06:56.533  3316  3614 I cccccc  : createTaskSnapshotCompat:
12-22 17:06:56.536  3316  3614 I com.miui.home: CheckGCForNative adj_start_bytes: 33380469 NativeAllocationGcWatermark: 10599623 java_gc_start_bytes: 17481035 kNewNativeDiscountFactor: 2 kOldNativeDiscountFactor: 65536 old_native_bytes: 140652907 new_native_bytes: 10706816 add_bytes_allowed: 31798869 is_gc_concurrent: 1 target_footprint_: 17688123 GetBytesAllocated: 8984057 HeapGrowthMultiplier: 3
12-22 17:06:56.536  3316  3614 I com.miui.home: CheckGCForNative gc_urgency 0.429581 current_native_bytes is 151359723 starting_gc_num:35
12-22 17:06:56.549 13876 13876 I wm_on_top_resumed_lost_called: [65082847,com.uc.browser.InnerUCMobile,topStateChangedWhenResumed]
12-22 17:06:56.696  3316 12383 I com.miui.home: CheckGCForNative gc_urgency 0 current_native_bytes is 140562675 starting_gc_num:35
12-22 17:06:56.731  3316 12383 I com.miui.home: CheckGCForNative gc_urgency 0 current_native_bytes is 140557635 starting_gc_num:35
12-22 17:06:56.990  3316  3316 I wm_on_top_resumed_lost_called: [92404456,com.miui.home.launcher.Launcher,topStateChangedWhenResumed]
12-22 17:06:57.003  3316  3376 D cccccc  : onTaskStackChangedBackground
12-22 17:06:57.010  3316  3376 D cccccc  : onTaskStackChangedBackground
12-22 17:06:57.126  3316  3316 I wm_on_paused_called: [0,92404456,com.miui.home.launcher.Launcher,performPause,3]
12-22 17:06:57.241  3316 10560 D cccccc  : onTaskStackChangedBackground
12-22 17:06:57.243  3316 10560 D cccccc  : onTaskStackChangedBackground
12-22 17:06:57.308  3316  8479 I com.miui.home: CheckGCForNative adj_start_bytes: 33380469 NativeAllocationGcWatermark: 10599623 java_gc_start_bytes: 17481035 kNewNativeDiscountFactor: 2 kOldNativeDiscountFactor: 65536 old_native_bytes: 140557635 new_native_bytes: 327160 add_bytes_allowed: 31798869 is_gc_concurrent: 1 target_footprint_: 17688123 GetBytesAllocated: 10226232 HeapGrowthMultiplier: 3
12-22 17:06:57.308  3316  8479 I com.miui.home: CheckGCForNative gc_urgency 0.311318 current_native_bytes is 140884795 starting_gc_num:35
12-22 17:06:57.478  3316  3615 I com.miui.home: CheckGCForNative adj_start_bytes: 33380469 NativeAllocationGcWatermark: 10599623 java_gc_start_bytes: 17481035 kNewNativeDiscountFactor: 2 kOldNativeDiscountFactor: 65536 old_native_bytes: 140557635 new_native_bytes: 784380 add_bytes_allowed: 31798869 is_gc_concurrent: 1 target_footprint_: 17688123 GetBytesAllocated: 10405847 HeapGrowthMultiplier: 3
12-22 17:06:57.478  3316  3615 I com.miui.home: CheckGCForNative gc_urgency 0.323548 current_native_bytes is 141342015 starting_gc_num:35
12-22 17:06:57.533  3316  3681 E cccccc  : createTaskSnapshot:
12-22 17:06:57.533  3316  3681 I cccccc  : getTaskSnapshotInstance:
12-22 17:06:57.534  3316  3681 E cccccc  : createTaskSnapshot:
12-22 17:06:57.535  3316  3681 I cccccc  : getTaskSnapshotInstance:
12-22 17:06:57.535  3316  3681 I com.miui.home: CheckGCForNative adj_start_bytes: 33380469 NativeAllocationGcWatermark: 10599623 java_gc_start_bytes: 17481035 kNewNativeDiscountFactor: 2 kOldNativeDiscountFactor: 65536 old_native_bytes: 140557635 new_native_bytes: 11546268 add_bytes_allowed: 31798869 is_gc_concurrent: 1 target_footprint_: 17688123 GetBytesAllocated: 10542053 HeapGrowthMultiplier: 3
12-22 17:06:57.535  3316  3681 I com.miui.home: CheckGCForNative gc_urgency 0.488829 current_native_bytes is 152103903 starting_gc_num:35
12-22 17:06:57.578  3316  3615 I com.miui.home: CheckGCForNative adj_start_bytes: 33380469 NativeAllocationGcWatermark: 10599623 java_gc_start_bytes: 17481035 kNewNativeDiscountFactor: 2 kOldNativeDiscountFactor: 65536 old_native_bytes: 140557635 new_native_bytes: 850908 add_bytes_allowed: 31798869 is_gc_concurrent: 1 target_footprint_: 17688123 GetBytesAllocated: 10595008 HeapGrowthMultiplier: 3
12-22 17:06:57.578  3316  3615 I com.miui.home: CheckGCForNative gc_urgency 0.330211 current_native_bytes is 141408543 starting_gc_num:35
12-22 17:06:57.838  3316  3681 E cccccc  : createTaskSnapshot:
12-22 17:06:57.838  3316  3681 I cccccc  : getTaskSnapshotInstance:
12-22 17:06:58.255 14336 14336 I wm_on_create_called: [0,107947349,com.tencent.mtt.SplashActivity,performCreate,114]
12-22 17:06:58.366 14336 14336 I wm_on_create_called: [0,259121352,com.tencent.mtt.MainActivity,performCreate,19]
12-22 17:06:58.398  3316  3376 D cccccc  : onTaskStackChangedBackground
12-22 17:06:58.399  3316  3389 D cccccc  : onTaskStackChangedBackground
12-22 17:06:58.454 14336 14336 I wm_on_start_called: [0,259121352,com.tencent.mtt.MainActivity,handleStartActivity,87]
12-22 17:06:58.520  3316  3681 I com.miui.home: CheckGCForNative adj_start_bytes: 33380469 NativeAllocationGcWatermark: 10599623 java_gc_start_bytes: 17481035 kNewNativeDiscountFactor: 2 kOldNativeDiscountFactor: 65536 old_native_bytes: 140557635 new_native_bytes: 746676 add_bytes_allowed: 31798869 is_gc_concurrent: 1 target_footprint_: 17688123 GetBytesAllocated: 11690300 HeapGrowthMultiplier: 3
12-22 17:06:58.520  3316  3681 I com.miui.home: CheckGCForNative gc_urgency 0.361462 current_native_bytes is 141304311 starting_gc_num:35
12-22 17:06:58.549  3316  3681 E cccccc  : createTaskSnapshot:
12-22 17:06:58.549  3316  3681 I cccccc  : getTaskSnapshotInstance:
12-22 17:06:58.770  3316  3316 I wm_on_resume_called: [0,92404456,com.miui.home.launcher.Launcher,RESUME_ACTIVITY,17]
12-22 17:06:58.815  3316  3316 I com.miui.home: CheckGCForNative adj_start_bytes: 33380469 NativeAllocationGcWatermark: 10599623 java_gc_start_bytes: 17481035 kNewNativeDiscountFactor: 2 kOldNativeDiscountFactor: 65536 old_native_bytes: 140557635 new_native_bytes: 1225104 add_bytes_allowed: 31798869 is_gc_concurrent: 1 target_footprint_: 17688123 GetBytesAllocated: 13001379 HeapGrowthMultiplier: 3
12-22 17:06:58.815  3316  3316 I com.miui.home: CheckGCForNative gc_urgency 0.407905 current_native_bytes is 141782739 starting_gc_num:35
12-22 17:06:58.826  3316  3316 I wm_on_idle_called: com.miui.home.launcher.Launcher
12-22 17:06:59.024  3316  3998 I com.miui.home: CheckGCForNative adj_start_bytes: 33380469 NativeAllocationGcWatermark: 10599623 java_gc_start_bytes: 17481035 kNewNativeDiscountFactor: 2 kOldNativeDiscountFactor: 65536 old_native_bytes: 140557635 new_native_bytes: 12194772 add_bytes_allowed: 31798869 is_gc_concurrent: 1 target_footprint_: 17688123 GetBytesAllocated: 13780799 HeapGrowthMultiplier: 3
12-22 17:06:59.024  3316  3998 I com.miui.home: CheckGCForNative gc_urgency 0.595568 current_native_bytes is 152752407 starting_gc_num:35
12-22 17:06:59.024  3316  3998 I cccccc  : createTaskSnapshotCompat:
12-22 17:06:59.025  3316  3998 I com.miui.home: CheckGCForNative adj_start_bytes: 33380469 NativeAllocationGcWatermark: 10599623 java_gc_start_bytes: 17481035 kNewNativeDiscountFactor: 2 kOldNativeDiscountFactor: 65536 old_native_bytes: 140557635 new_native_bytes: 22901716 add_bytes_allowed: 31798869 is_gc_concurrent: 1 target_footprint_: 17688123 GetBytesAllocated: 13785086 HeapGrowthMultiplier: 3
12-22 17:06:59.025  3316  3998 I com.miui.home: CheckGCForNative gc_urgency 0.756074 current_native_bytes is 163459351 starting_gc_num:35
12-22 17:06:59.052  3316  8479 I com.miui.home: CheckGCForNative adj_start_bytes: 33380469 NativeAllocationGcWatermark: 10599623 java_gc_start_bytes: 17481035 kNewNativeDiscountFactor: 2 kOldNativeDiscountFactor: 65536 old_native_bytes: 140557635 new_native_bytes: 12288456 add_bytes_allowed: 31798869 is_gc_concurrent: 1 target_footprint_: 17688123 GetBytesAllocated: 13844392 HeapGrowthMultiplier: 3
12-22 17:06:59.056  3316  8479 I com.miui.home: CheckGCForNative gc_urgency 0.598876 current_native_bytes is 152846091 starting_gc_num:35
12-22 17:06:59.119 14336 14336 I wm_on_resume_called: [0,259121352,com.tencent.mtt.MainActivity,RESUME_ACTIVITY,663]
12-22 17:06:59.135 14336 14336 I wm_on_top_resumed_gained_called: [259121352,com.tencent.mtt.MainActivity,topStateChangedWhenResumed]
12-22 17:06:59.179  3316  3681 E cccccc  : createTaskSnapshot:
12-22 17:06:59.179  3316  3681 I cccccc  : getTaskSnapshotInstance:
12-22 17:06:59.215  3316  3316 I wm_on_top_resumed_gained_called: [92404456,com.miui.home.launcher.Launcher,topStateChangedWhenResumed]
12-22 17:06:59.218  3316  3681 I com.miui.home: CheckGCForNative adj_start_bytes: 33380469 NativeAllocationGcWatermark: 10599623 java_gc_start_bytes: 17481035 kNewNativeDiscountFactor: 2 kOldNativeDiscountFactor: 65536 old_native_bytes: 140557635 new_native_bytes: 23128008 add_bytes_allowed: 31798869 is_gc_concurrent: 1 target_footprint_: 17688123 GetBytesAllocated: 14283726 HeapGrowthMultiplier: 3
12-22 17:06:59.218  3316  3681 I com.miui.home: CheckGCForNative gc_urgency 0.774401 current_native_bytes is 163685643 starting_gc_num:35
12-22 17:06:59.257  3316 12383 I com.miui.home: CheckGCForNative adj_start_bytes: 33380469 NativeAllocationGcWatermark: 10599623 java_gc_start_bytes: 17481035 kNewNativeDiscountFactor: 2 kOldNativeDiscountFactor: 65536 old_native_bytes: 140557635 new_native_bytes: 12426344 add_bytes_allowed: 31798869 is_gc_concurrent: 1 target_footprint_: 17688123 GetBytesAllocated: 14317170 HeapGrowthMultiplier: 3
12-22 17:06:59.257  3316 12383 I com.miui.home: CheckGCForNative gc_urgency 0.615105 current_native_bytes is 152983979 starting_gc_num:35
12-22 17:06:59.282  3316  3615 I com.miui.home: CheckGCForNative adj_start_bytes: 33380469 NativeAllocationGcWatermark: 10599623 java_gc_start_bytes: 17481035 kNewNativeDiscountFactor: 2 kOldNativeDiscountFactor: 65536 old_native_bytes: 140557635 new_native_bytes: 12427048 add_bytes_allowed: 31798869 is_gc_concurrent: 1 target_footprint_: 17688123 GetBytesAllocated: 14322345 HeapGrowthMultiplier: 3
12-22 17:06:59.282  3316  3615 I com.miui.home: CheckGCForNative gc_urgency 0.61527 current_native_bytes is 152984683 starting_gc_num:35
12-22 17:06:59.388 13876 13876 I wm_on_paused_called: [0,65082847,com.uc.browser.InnerUCMobile,performPause,481]
12-22 17:06:59.512  3316  3614 I com.miui.home: CheckGCForNative adj_start_bytes: 33380469 NativeAllocationGcWatermark: 10599623 java_gc_start_bytes: 17481035 kNewNativeDiscountFactor: 2 kOldNativeDiscountFactor: 65536 old_native_bytes: 140557635 new_native_bytes: 23058520 add_bytes_allowed: 31798869 is_gc_concurrent: 1 target_footprint_: 17688123 GetBytesAllocated: 14436630 HeapGrowthMultiplier: 3
12-22 17:06:59.513  3316  3614 I com.miui.home: CheckGCForNative gc_urgency 0.777941 current_native_bytes is 163616155 starting_gc_num:35
12-22 17:06:59.513  3316  3614 I cccccc  : createTaskSnapshotCompat:
12-22 17:06:59.527  3316  3614 I com.miui.home: CheckGCForNative adj_start_bytes: 33380469 NativeAllocationGcWatermark: 10599623 java_gc_start_bytes: 17481035 kNewNativeDiscountFactor: 2 kOldNativeDiscountFactor: 65536 old_native_bytes: 140557635 new_native_bytes: 33765816 add_bytes_allowed: 31798869 is_gc_concurrent: 1 target_footprint_: 17688123 GetBytesAllocated: 14437393 HeapGrowthMultiplier: 3
12-22 17:06:59.527  3316  3614 I com.miui.home: CheckGCForNative gc_urgency 0.938346 current_native_bytes is 174323451 starting_gc_num:35
12-22 17:06:59.991  3316  3316 I wm_on_top_resumed_lost_called: [92404456,com.miui.home.launcher.Launcher,topStateChangedWhenResumed]
12-22 17:07:00.010  3316  3376 D cccccc  : onTaskStackChangedBackground
12-22 17:07:00.011  3316  3376 D cccccc  : onTaskStackChangedBackground
12-22 17:07:00.059  3316  3316 I wm_on_paused_called: [0,92404456,com.miui.home.launcher.Launcher,performPause,2]
12-22 17:07:00.413  3316  3681 I com.miui.home: CheckGCForNative adj_start_bytes: 33380469 NativeAllocationGcWatermark: 10599623 java_gc_start_bytes: 17481035 kNewNativeDiscountFactor: 2 kOldNativeDiscountFactor: 65536 old_native_bytes: 140557635 new_native_bytes: 23218696 add_bytes_allowed: 31798869 is_gc_concurrent: 1 target_footprint_: 17688123 GetBytesAllocated: 15176142 HeapGrowthMultiplier: 3
12-22 17:07:00.413  3316  3681 I com.miui.home: CheckGCForNative gc_urgency 0.802494 current_native_bytes is 163776331 starting_gc_num:35
12-22 17:07:00.576  3316  3681 E cccccc  : createTaskSnapshot:
12-22 17:07:00.576  3316  3681 I cccccc  : getTaskSnapshotInstance:
12-22 17:07:00.664  3316  3681 E cccccc  : createTaskSnapshot:
12-22 17:07:00.664  3316  3681 I cccccc  : getTaskSnapshotInstance:
12-22 17:07:00.666  3316  3681 I com.miui.home: CheckGCForNative adj_start_bytes: 33380469 NativeAllocationGcWatermark: 10599623 java_gc_start_bytes: 17481035 kNewNativeDiscountFactor: 2 kOldNativeDiscountFactor: 65536 old_native_bytes: 140557635 new_native_bytes: 34237684 add_bytes_allowed: 31798869 is_gc_concurrent: 1 target_footprint_: 17688123 GetBytesAllocated: 15670444 HeapGrowthMultiplier: 3
12-22 17:07:00.666  3316  3681 I com.miui.home: CheckGCForNative gc_urgency 0.982354 current_native_bytes is 174795319 starting_gc_num:35
12-22 17:07:00.737  3316  4016 D cccccc  : onTaskStackChangedBackground
12-22 17:07:00.768  3316  4016 D cccccc  : onTaskStackChangedBackground
12-22 17:07:00.808 14336 14336 I wm_on_top_resumed_lost_called: [259121352,com.tencent.mtt.MainActivity,topStateChangedWhenResumed]
12-22 17:07:00.819  3316  3615 I com.miui.home: CheckGCForNative adj_start_bytes: 33380469 NativeAllocationGcWatermark: 10599623 java_gc_start_bytes: 17481035 kNewNativeDiscountFactor: 2 kOldNativeDiscountFactor: 65536 old_native_bytes: 140557635 new_native_bytes: 23552652 add_bytes_allowed: 31798869 is_gc_concurrent: 1 target_footprint_: 17688123 GetBytesAllocated: 15846336 HeapGrowthMultiplier: 3
12-22 17:07:00.819  3316  3615 I com.miui.home: CheckGCForNative gc_urgency 0.827574 current_native_bytes is 164110287 starting_gc_num:35
12-22 17:07:00.830  3316  3615 I com.miui.home: CheckGCForNative adj_start_bytes: 33380469 NativeAllocationGcWatermark: 10599623 java_gc_start_bytes: 17481035 kNewNativeDiscountFactor: 2 kOldNativeDiscountFactor: 65536 old_native_bytes: 140557635 new_native_bytes: 23552652 add_bytes_allowed: 31798869 is_gc_concurrent: 1 target_footprint_: 17688123 GetBytesAllocated: 15851431 HeapGrowthMultiplier: 3
12-22 17:07:00.830  3316  3615 I com.miui.home: CheckGCForNative gc_urgency 0.827727 current_native_bytes is 164110287 starting_gc_num:35
12-22 17:07:01.192 14336 14336 I wm_on_paused_called: [0,259121352,com.tencent.mtt.MainActivity,performPause,39]
12-22 17:07:01.203 14336 14336 I wm_on_destroy_called: [0,107947349,com.tencent.mtt.SplashActivity,performDestroy,2]
12-22 17:07:01.392  3316  3681 I com.miui.home: CheckGCForNative adj_start_bytes: 33380469 NativeAllocationGcWatermark: 10599623 java_gc_start_bytes: 17481035 kNewNativeDiscountFactor: 2 kOldNativeDiscountFactor: 65536 old_native_bytes: 140557635 new_native_bytes: 23391744 add_bytes_allowed: 31798869 is_gc_concurrent: 1 target_footprint_: 17688123 GetBytesAllocated: 16305661 HeapGrowthMultiplier: 3
12-22 17:07:01.392  3316  3681 I com.miui.home: CheckGCForNative gc_urgency 0.838924 current_native_bytes is 163949379 starting_gc_num:35
12-22 17:07:01.426 14336 14336 I wm_on_stop_called: [0,259121352,com.tencent.mtt.MainActivity,STOP_ACTIVITY_ITEM,156]
12-22 17:07:01.467  3316  3681 E cccccc  : createTaskSnapshot:
12-22 17:07:01.467  3316  3681 I cccccc  : getTaskSnapshotInstance:
12-22 17:07:01.618  3316  3681 E cccccc  : createTaskSnapshot:
12-22 17:07:01.618  3316  3681 I cccccc  : getTaskSnapshotInstance:
12-22 17:07:01.891  3316  3316 I wm_on_resume_called: [0,92404456,com.miui.home.launcher.Launcher,RESUME_ACTIVITY,23]
12-22 17:07:01.917  3316  3316 I wm_on_idle_called: com.miui.home.launcher.Launcher
12-22 17:07:02.130  3316  4016 I com.miui.home: CheckGCForNative gc_urgency 0 current_native_bytes is 164259683 starting_gc_num:36
12-22 17:07:02.130  3316  4016 I cccccc  : createTaskSnapshotCompat:
12-22 17:07:02.131  3316  4016 I com.miui.home: CheckGCForNative adj_start_bytes: 33146433 NativeAllocationGcWatermark: 10599623 java_gc_start_bytes: 17246999 kNewNativeDiscountFactor: 2 kOldNativeDiscountFactor: 65536 old_native_bytes: 164259683 new_native_bytes: 10706976 add_bytes_allowed: 31798869 is_gc_concurrent: 1 target_footprint_: 17688123 GetBytesAllocated: 10227616 HeapGrowthMultiplier: 3
12-22 17:07:02.131  3316  4016 I com.miui.home: CheckGCForNative gc_urgency 0.470144 current_native_bytes is 174966659 starting_gc_num:36
12-22 17:07:02.156  3316  3615 I com.miui.home: CheckGCForNative gc_urgency 0 current_native_bytes is 164234359 starting_gc_num:36
12-22 17:07:02.223  3316  3615 I com.miui.home: CheckGCForNative adj_start_bytes: 33146433 NativeAllocationGcWatermark: 10599623 java_gc_start_bytes: 17246999 kNewNativeDiscountFactor: 2 kOldNativeDiscountFactor: 65536 old_native_bytes: 164234359 new_native_bytes: 39040 add_bytes_allowed: 31798869 is_gc_concurrent: 1 target_footprint_: 17688123 GetBytesAllocated: 10312898 HeapGrowthMultiplier: 3
12-22 17:07:02.223  3316  3615 I com.miui.home: CheckGCForNative gc_urgency 0.311796 current_native_bytes is 164273399 starting_gc_num:36
12-22 17:07:02.248 14858 14858 I wm_on_application_create_called: [0,com.youku.phone,973]
12-22 17:07:02.288  3316  3316 I wm_on_top_resumed_gained_called: [92404456,com.miui.home.launcher.Launcher,topStateChangedWhenResumed]
12-22 17:07:02.332 14950 14950 I wm_on_application_create_called: [0,com.android.providers.downloads.ui,548]
12-22 17:07:02.579  3316  3615 I com.miui.home: CheckGCForNative gc_urgency 0 current_native_bytes is 161859239 starting_gc_num:36
12-22 17:07:02.624  3316  3614 I com.miui.home: CheckGCForNative adj_start_bytes: 33146433 NativeAllocationGcWatermark: 10599623 java_gc_start_bytes: 17246999 kNewNativeDiscountFactor: 2 kOldNativeDiscountFactor: 65536 old_native_bytes: 161859239 new_native_bytes: 10697728 add_bytes_allowed: 31798869 is_gc_concurrent: 1 target_footprint_: 17688123 GetBytesAllocated: 10486501 HeapGrowthMultiplier: 3
12-22 17:07:02.624  3316  3614 I com.miui.home: CheckGCForNative gc_urgency 0.477814 current_native_bytes is 172556967 starting_gc_num:36
12-22 17:07:02.625  3316  3614 I cccccc  : createTaskSnapshotCompat:
12-22 17:07:02.627  3316  3614 I com.miui.home: CheckGCForNative adj_start_bytes: 33146433 NativeAllocationGcWatermark: 10599623 java_gc_start_bytes: 17246999 kNewNativeDiscountFactor: 2 kOldNativeDiscountFactor: 65536 old_native_bytes: 161859239 new_native_bytes: 21404672 add_bytes_allowed: 31798869 is_gc_concurrent: 1 target_footprint_: 17688123 GetBytesAllocated: 10503501 HeapGrowthMultiplier: 3
12-22 17:07:02.627  3316  3614 I com.miui.home: CheckGCForNative gc_urgency 0.639837 current_native_bytes is 183263911 starting_gc_num:36
12-22 17:07:02.859 14336 14336 I wm_on_idle_called: com.tencent.mtt.MainActivity
12-22 17:07:03.020  3316  3316 I wm_on_top_resumed_lost_called: [92404456,com.miui.home.launcher.Launcher,topStateChangedWhenResumed]
12-22 17:07:03.027  3316  3998 D cccccc  : onTaskStackChangedBackground
12-22 17:07:03.028  3316  3998 D cccccc  : onTaskStackChangedBackground
12-22 17:07:03.094 14730 14730 I wm_on_application_create_called: [0,com.UCMobile,1490]
12-22 17:07:03.121 14858 14858 I wm_on_create_called: [0,32218113,com.youku.phone.ActivityWelcome,performCreate,655]
12-22 17:07:03.183  3316  3316 I wm_on_paused_called: [0,92404456,com.miui.home.launcher.Launcher,performPause,3]
12-22 17:07:03.280  3316 14629 D cccccc  : onTaskStackChangedBackground
12-22 17:07:03.286  3316 14629 D cccccc  : onTaskStackChangedBackground
12-22 17:07:03.453  3316  3681 E cccccc  : createTaskSnapshot:
12-22 17:07:03.453  3316  3681 I cccccc  : getTaskSnapshotInstance:
12-22 17:07:03.468  3316  3681 E cccccc  : createTaskSnapshot:
12-22 17:07:03.469  3316  3681 I cccccc  : getTaskSnapshotInstance:
12-22 17:07:03.490  3316  3681 I com.miui.home: CheckGCForNative adj_start_bytes: 33146433 NativeAllocationGcWatermark: 10599623 java_gc_start_bytes: 17246999 kNewNativeDiscountFactor: 2 kOldNativeDiscountFactor: 65536 old_native_bytes: 161859239 new_native_bytes: 22591868 add_bytes_allowed: 31798869 is_gc_concurrent: 1 target_footprint_: 17688123 GetBytesAllocated: 11861720 HeapGrowthMultiplier: 3
12-22 17:07:03.490  3316  3681 I com.miui.home: CheckGCForNative gc_urgency 0.698721 current_native_bytes is 184451107 starting_gc_num:36
12-22 17:07:03.526  3316  3615 I com.miui.home: CheckGCForNative adj_start_bytes: 33146433 NativeAllocationGcWatermark: 10599623 java_gc_start_bytes: 17246999 kNewNativeDiscountFactor: 2 kOldNativeDiscountFactor: 65536 old_native_bytes: 161859239 new_native_bytes: 11894996 add_bytes_allowed: 31798869 is_gc_concurrent: 1 target_footprint_: 17688123 GetBytesAllocated: 11936342 HeapGrowthMultiplier: 3
12-22 17:07:03.526  3316  3615 I com.miui.home: CheckGCForNative gc_urgency 0.539615 current_native_bytes is 173754235 starting_gc_num:36
12-22 17:07:03.581  3316  3615 I com.miui.home: CheckGCForNative adj_start_bytes: 33146433 NativeAllocationGcWatermark: 10599623 java_gc_start_bytes: 17246999 kNewNativeDiscountFactor: 2 kOldNativeDiscountFactor: 65536 old_native_bytes: 161859239 new_native_bytes: 11932692 add_bytes_allowed: 31798869 is_gc_concurrent: 1 target_footprint_: 17688123 GetBytesAllocated: 11961522 HeapGrowthMultiplier: 3
12-22 17:07:03.581  3316  3615 I com.miui.home: CheckGCForNative gc_urgency 0.540943 current_native_bytes is 173791931 starting_gc_num:36
12-22 17:07:03.844 14858 14858 I wm_on_destroy_called: [0,32218113,com.youku.phone.ActivityWelcome,performDestroy,27]
12-22 17:07:03.873  3316  3681 I com.miui.home: CheckGCForNative adj_start_bytes: 33146433 NativeAllocationGcWatermark: 10599623 java_gc_start_bytes: 17246999 kNewNativeDiscountFactor: 2 kOldNativeDiscountFactor: 65536 old_native_bytes: 161859239 new_native_bytes: 12197896 add_bytes_allowed: 31798869 is_gc_concurrent: 1 target_footprint_: 17688123 GetBytesAllocated: 12510257 HeapGrowthMultiplier: 3
12-22 17:07:03.873  3316  3681 I com.miui.home: CheckGCForNative gc_urgency 0.561499 current_native_bytes is 174057135 starting_gc_num:36
12-22 17:07:03.907  3316  3681 E cccccc  : createTaskSnapshot:
12-22 17:07:03.908  3316  3681 I cccccc  : getTaskSnapshotInstance:
12-22 17:07:04.146 13876 13876 I wm_on_stop_called: [0,65082847,com.uc.browser.InnerUCMobile,STOP_ACTIVITY_ITEM,2271]
12-22 17:07:04.376 15426 15426 I wm_on_create_called: [0,111789978,com.ucpro.MainActivity,performCreate,61]
12-22 17:07:04.575  3316 10560 D cccccc  : onTaskStackChangedBackground
12-22 17:07:04.582  3316 10560 D cccccc  : onTaskStackChangedBackground
12-22 17:07:04.907  3316  3316 I wm_on_resume_called: [0,92404456,com.miui.home.launcher.Launcher,RESUME_ACTIVITY,20]
12-22 17:07:05.041  3316  3316 I com.miui.home: CheckGCForNative adj_start_bytes: 33146433 NativeAllocationGcWatermark: 10599623 java_gc_start_bytes: 17246999 kNewNativeDiscountFactor: 2 kOldNativeDiscountFactor: 65536 old_native_bytes: 161859239 new_native_bytes: 12367632 add_bytes_allowed: 31798869 is_gc_concurrent: 1 target_footprint_: 17688123 GetBytesAllocated: 13883277 HeapGrowthMultiplier: 3
12-22 17:07:05.041  3316  3316 I com.miui.home: CheckGCForNative gc_urgency 0.605482 current_native_bytes is 174226871 starting_gc_num:36
12-22 17:07:05.043  3316  3316 I wm_on_idle_called: com.miui.home.launcher.Launcher
12-22 17:07:05.229  3316  3681 E cccccc  : createTaskSnapshot:
12-22 17:07:05.234  3316  3681 I cccccc  : getTaskSnapshotInstance:
12-22 17:07:05.257 15169 15169 I wm_on_application_create_called: [0,com.UCMobile,1789]
12-22 17:07:05.324 15039 15039 I wm_on_application_create_called: [0,com.tencent.mtt,1207]
12-22 17:07:05.348  3316 14629 I com.miui.home: CheckGCForNative adj_start_bytes: 33146433 NativeAllocationGcWatermark: 10599623 java_gc_start_bytes: 17246999 kNewNativeDiscountFactor: 2 kOldNativeDiscountFactor: 65536 old_native_bytes: 161859239 new_native_bytes: 23287444 add_bytes_allowed: 31798869 is_gc_concurrent: 1 target_footprint_: 17688123 GetBytesAllocated: 15021214 HeapGrowthMultiplier: 3
12-22 17:07:05.348  3316 14629 I com.miui.home: CheckGCForNative gc_urgency 0.804533 current_native_bytes is 185146683 starting_gc_num:36
12-22 17:07:05.351  3316 14629 I cccccc  : createTaskSnapshotCompat:
12-22 17:07:05.353  3316 14629 I com.miui.home: CheckGCForNative adj_start_bytes: 33146433 NativeAllocationGcWatermark: 10599623 java_gc_start_bytes: 17246999 kNewNativeDiscountFactor: 2 kOldNativeDiscountFactor: 65536 old_native_bytes: 161859239 new_native_bytes: 33951380 add_bytes_allowed: 31798869 is_gc_concurrent: 1 target_footprint_: 17688123 GetBytesAllocated: 15078914 HeapGrowthMultiplier: 3
12-22 17:07:05.353  3316 14629 I com.miui.home: CheckGCForNative gc_urgency 0.967135 current_native_bytes is 195810619 starting_gc_num:36
12-22 17:07:05.362  3316  8479 I com.miui.home: CheckGCForNative adj_start_bytes: 33146433 NativeAllocationGcWatermark: 10599623 java_gc_start_bytes: 17246999 kNewNativeDiscountFactor: 2 kOldNativeDiscountFactor: 65536 old_native_bytes: 161859239 new_native_bytes: 23322068 add_bytes_allowed: 31798869 is_gc_concurrent: 1 target_footprint_: 17688123 GetBytesAllocated: 15119997 HeapGrowthMultiplier: 3
12-22 17:07:05.362  3316  8479 I com.miui.home: CheckGCForNative gc_urgency 0.808036 current_native_bytes is 185181307 starting_gc_num:36
12-22 17:07:05.387  3316  3316 I wm_on_top_resumed_gained_called: [92404456,com.miui.home.launcher.Launcher,topStateChangedWhenResumed]
12-22 17:07:05.432 15426 15426 I wm_on_create_called: [0,122414666,com.ucpro.BrowserActivity,performCreate,941]
12-22 17:07:05.455 15426 15426 I wm_on_start_called: [0,122414666,com.ucpro.BrowserActivity,handleStartActivity,23]
12-22 17:07:05.484 15426 15426 I wm_on_resume_called: [0,122414666,com.ucpro.BrowserActivity,RESUME_ACTIVITY,11]
12-22 17:07:05.565 15426 15426 I wm_on_top_resumed_gained_called: [122414666,com.ucpro.BrowserActivity,topStateChangedWhenResumed]
12-22 17:07:05.601 15426 15426 I wm_on_top_resumed_lost_called: [122414666,com.ucpro.BrowserActivity,topStateChangedWhenResumed]
12-22 17:07:05.624  3316  3681 I com.miui.home: CheckGCForNative adj_start_bytes: 33146433 NativeAllocationGcWatermark: 10599623 java_gc_start_bytes: 17246999 kNewNativeDiscountFactor: 2 kOldNativeDiscountFactor: 65536 old_native_bytes: 161859239 new_native_bytes: 23574584 add_bytes_allowed: 31798869 is_gc_concurrent: 1 target_footprint_: 17688123 GetBytesAllocated: 15572867 HeapGrowthMultiplier: 3
12-22 17:07:05.624  3316  3681 I com.miui.home: CheckGCForNative gc_urgency 0.825508 current_native_bytes is 185433823 starting_gc_num:36
12-22 17:07:05.642 15575 15575 I wm_on_application_create_called: [0,com.xiaomi.mi_connect_service,777]
12-22 17:07:05.717  3316  3681 E cccccc  : createTaskSnapshot:
12-22 17:07:05.717  3316  3681 I cccccc  : getTaskSnapshotInstance:
12-22 17:07:05.720  3316  3681 I com.miui.home: CheckGCForNative adj_start_bytes: 33146433 NativeAllocationGcWatermark: 10599623 java_gc_start_bytes: 17246999 kNewNativeDiscountFactor: 2 kOldNativeDiscountFactor: 65536 old_native_bytes: 161859239 new_native_bytes: 34311672 add_bytes_allowed: 31798869 is_gc_concurrent: 1 target_footprint_: 17688123 GetBytesAllocated: 15706255 HeapGrowthMultiplier: 3
12-22 17:07:05.720  3316  3681 I com.miui.home: CheckGCForNative gc_urgency 0.991496 current_native_bytes is 196170911 starting_gc_num:36
12-22 17:07:05.776  3316  3615 I com.miui.home: CheckGCForNative adj_start_bytes: 33146433 NativeAllocationGcWatermark: 10599623 java_gc_start_bytes: 17246999 kNewNativeDiscountFactor: 2 kOldNativeDiscountFactor: 65536 old_native_bytes: 161859239 new_native_bytes: 23596984 add_bytes_allowed: 31798869 is_gc_concurrent: 1 target_footprint_: 17688123 GetBytesAllocated: 15735146 HeapGrowthMultiplier: 3
12-22 17:07:05.776  3316  3615 I com.miui.home: CheckGCForNative gc_urgency 0.830741 current_native_bytes is 185456223 starting_gc_num:36
12-22 17:07:05.861  3316  3614 I cccccc  : createTaskSnapshotCompat:
12-22 17:07:06.071 15426 15426 I wm_on_paused_called: [0,122414666,com.ucpro.BrowserActivity,performPause,21]
12-22 17:07:06.073 15426 15426 I wm_on_destroy_called: [0,111789978,com.ucpro.MainActivity,performDestroy,1]
12-22 17:07:06.173  3316 10560 D cccccc  : onTaskStackChangedBackground
12-22 17:07:06.173  3316  3391 D cccccc  : onTaskStackChangedBackground
12-22 17:07:06.311  3316  3681 E cccccc  : createTaskSnapshot:
12-22 17:07:06.311  3316  3681 I cccccc  : getTaskSnapshotInstance:
