12-22 17:20:36.573  3324  3324 I wm_on_top_resumed_lost_called: [16226728,com.miui.home.launcher.Launcher,topStateChangedWhenResumed]
12-22 17:20:36.585  3324  3324 I wm_on_paused_called: [0,16226728,com.miui.home.launcher.Launcher,performPause,3]
12-22 17:20:36.591  3324  4007 D cccccc  : onTaskStackChangedBackground
12-22 17:20:36.594  3324  4007 D cccccc  : onTaskStackChangedBackground
12-22 17:20:36.692  3324  4007 D cccccc  : onTaskStackChangedBackground
12-22 17:20:36.694  3324  4010 D cccccc  : onTaskStackChangedBackground
12-22 17:20:36.936  3324  3663 I com.miui.home: CheckGCForNative adj_start_bytes: 32252381 NativeAllocationGcWatermark: 10472875 java_gc_start_bytes: 16543069 kNewNativeDiscountFactor: 2 kOldNativeDiscountFactor: 65536 old_native_bytes: 69476375 new_native_bytes: 1103516 add_bytes_allowed: 31418625 is_gc_concurrent: 1 target_footprint_: 16674141 GetBytesAllocated: 9533753 HeapGrowthMultiplier: 3
12-22 17:20:36.936  3324  3663 I com.miui.home: CheckGCForNative gc_urgency 0.312739 current_native_bytes is 70579891 starting_gc_num:26
12-22 17:20:36.952  3324  3324 I com.miui.home: CheckGCForNative adj_start_bytes: 32252381 NativeAllocationGcWatermark: 10472875 java_gc_start_bytes: 16543069 kNewNativeDiscountFactor: 2 kOldNativeDiscountFactor: 65536 old_native_bytes: 69476375 new_native_bytes: 1425116 add_bytes_allowed: 31418625 is_gc_concurrent: 1 target_footprint_: 16674141 GetBytesAllocated: 9589471 HeapGrowthMultiplier: 3
12-22 17:20:36.952  3324  3324 I com.miui.home: CheckGCForNative gc_urgency 0.319452 current_native_bytes is 70901491 starting_gc_num:26
12-22 17:20:37.167  3324  3657 I com.miui.home: CheckGCForNative adj_start_bytes: 32252381 NativeAllocationGcWatermark: 10472875 java_gc_start_bytes: 16543069 kNewNativeDiscountFactor: 2 kOldNativeDiscountFactor: 65536 old_native_bytes: 69476375 new_native_bytes: 2366020 add_bytes_allowed: 31418625 is_gc_concurrent: 1 target_footprint_: 16674141 GetBytesAllocated: 9995432 HeapGrowthMultiplier: 3
12-22 17:20:37.167  3324  3657 I com.miui.home: CheckGCForNative gc_urgency 0.346626 current_native_bytes is 71842395 starting_gc_num:26
12-22 17:20:37.264  3324  3663 E cccccc  : createTaskSnapshot:
12-22 17:20:37.265  3324  3663 I cccccc  : getTaskSnapshotInstance:
12-22 17:20:37.268  3324  3663 E cccccc  : createTaskSnapshot:
12-22 17:20:37.268  3324  3663 I cccccc  : getTaskSnapshotInstance:
12-22 17:20:37.434  3324  3663 I com.miui.home: CheckGCForNative adj_start_bytes: 32252381 NativeAllocationGcWatermark: 10472875 java_gc_start_bytes: 16543069 kNewNativeDiscountFactor: 2 kOldNativeDiscountFactor: 65536 old_native_bytes: 69476375 new_native_bytes: 13246408 add_bytes_allowed: 31418625 is_gc_concurrent: 1 target_footprint_: 16674141 GetBytesAllocated: 10173439 HeapGrowthMultiplier: 3
12-22 17:20:37.434  3324  3663 I com.miui.home: CheckGCForNative gc_urgency 0.520821 current_native_bytes is 82722783 starting_gc_num:26
12-22 17:20:37.438  3324  3663 I com.miui.home: CheckGCForNative adj_start_bytes: 32252381 NativeAllocationGcWatermark: 10472875 java_gc_start_bytes: 16543069 kNewNativeDiscountFactor: 2 kOldNativeDiscountFactor: 65536 old_native_bytes: 69476375 new_native_bytes: 23953800 add_bytes_allowed: 31418625 is_gc_concurrent: 1 target_footprint_: 16674141 GetBytesAllocated: 10173631 HeapGrowthMultiplier: 3
12-22 17:20:37.440  3324  3663 I com.miui.home: CheckGCForNative gc_urgency 0.68682 current_native_bytes is 93430175 starting_gc_num:26
12-22 17:20:37.440  3324  3663 E cccccc  : createTaskSnapshot:
12-22 17:20:37.441  3324  3663 I cccccc  : getTaskSnapshotInstance:
12-22 17:20:37.456  3324  3657 I com.miui.home: CheckGCForNative adj_start_bytes: 32252381 NativeAllocationGcWatermark: 10472875 java_gc_start_bytes: 16543069 kNewNativeDiscountFactor: 2 kOldNativeDiscountFactor: 65536 old_native_bytes: 69476375 new_native_bytes: 13235272 add_bytes_allowed: 31418625 is_gc_concurrent: 1 target_footprint_: 16674141 GetBytesAllocated: 10179411 HeapGrowthMultiplier: 3
12-22 17:20:37.456  3324  3657 I com.miui.home: CheckGCForNative gc_urgency 0.520833 current_native_bytes is 82711647 starting_gc_num:26
12-22 17:20:37.509  3324  3663 I com.miui.home: CheckGCForNative adj_start_bytes: 32252381 NativeAllocationGcWatermark: 10472875 java_gc_start_bytes: 16543069 kNewNativeDiscountFactor: 2 kOldNativeDiscountFactor: 65536 old_native_bytes: 69476375 new_native_bytes: 23394952 add_bytes_allowed: 31418625 is_gc_concurrent: 1 target_footprint_: 16674141 GetBytesAllocated: 10195795 HeapGrowthMultiplier: 3
12-22 17:20:37.510  3324  3663 I com.miui.home: CheckGCForNative gc_urgency 0.678844 current_native_bytes is 92871327 starting_gc_num:26
12-22 17:20:37.510  3324  3663 I com.miui.home: CheckGCForNative adj_start_bytes: 32252381 NativeAllocationGcWatermark: 10472875 java_gc_start_bytes: 16543069 kNewNativeDiscountFactor: 2 kOldNativeDiscountFactor: 65536 old_native_bytes: 69476375 new_native_bytes: 34101896 add_bytes_allowed: 31418625 is_gc_concurrent: 1 target_footprint_: 16674141 GetBytesAllocated: 10202127 HeapGrowthMultiplier: 3
12-22 17:20:37.511  3324  3663 I com.miui.home: CheckGCForNative gc_urgency 0.845027 current_native_bytes is 103578271 starting_gc_num:26
12-22 17:20:37.512  3324  3663 E cccccc  : createTaskSnapshot:
12-22 17:20:37.512  3324  3663 I cccccc  : getTaskSnapshotInstance:
12-22 17:20:37.562  3324  3663 I com.miui.home: CheckGCForNative adj_start_bytes: 32252381 NativeAllocationGcWatermark: 10472875 java_gc_start_bytes: 16543069 kNewNativeDiscountFactor: 2 kOldNativeDiscountFactor: 65536 old_native_bytes: 69476375 new_native_bytes: 34089096 add_bytes_allowed: 31418625 is_gc_concurrent: 1 target_footprint_: 16674141 GetBytesAllocated: 10204626 HeapGrowthMultiplier: 3
12-22 17:20:37.562  3324  3663 I com.miui.home: CheckGCForNative gc_urgency 0.844906 current_native_bytes is 103565471 starting_gc_num:26
12-22 17:20:37.563  3324  3663 I com.miui.home: CheckGCForNative adj_start_bytes: 32252381 NativeAllocationGcWatermark: 10472875 java_gc_start_bytes: 16543069 kNewNativeDiscountFactor: 2 kOldNativeDiscountFactor: 65536 old_native_bytes: 69476375 new_native_bytes: 44796040 add_bytes_allowed: 31418625 is_gc_concurrent: 1 target_footprint_: 16674141 GetBytesAllocated: 10212582 HeapGrowthMultiplier: 3
12-22 17:20:37.563  3324  3663 I com.miui.home: CheckGCForNative gc_urgency 1.01114 current_native_bytes is 114272415 starting_gc_num:26
12-22 17:20:37.563  3324  3663 I com.miui.home: CheckGCForNative requested 1
12-22 17:20:37.731  3324  3361 I com.miui.home: NativeAlloc concurrent copying GC freed 39608(1720KB) AllocSpace objects, 3(124KB) LOS objects, 49% free, 8457KB/16MB, paused 269us,104us total 167.583ms
12-22 17:20:37.799  3324  3663 I com.miui.home: CheckGCForNative gc_urgency 0 current_native_bytes is 102735131 starting_gc_num:27
12-22 17:20:37.843  3324  3663 E cccccc  : createTaskSnapshot:
12-22 17:20:37.843  3324  3663 I cccccc  : getTaskSnapshotInstance:
12-22 17:20:37.926  8456  8456 I wm_on_application_create_called: [0,com.autonavi.minimap,404]
12-22 17:20:38.013  3324  3324 I wm_on_resume_called: [0,16226728,com.miui.home.launcher.Launcher,RESUME_ACTIVITY,32]
12-22 17:20:38.037  3324  3324 I wm_on_idle_called: com.miui.home.launcher.Launcher
12-22 17:20:38.160  8363  8363 I wm_on_application_create_called: [0,com.autonavi.minimap,1129]
12-22 17:20:38.171  3324  3373 I com.miui.home: CheckGCForNative adj_start_bytes: 32814427 NativeAllocationGcWatermark: 10553736 java_gc_start_bytes: 16983823 kNewNativeDiscountFactor: 2 kOldNativeDiscountFactor: 65536 old_native_bytes: 102735131 new_native_bytes: 10962380 add_bytes_allowed: 31661208 is_gc_concurrent: 1 target_footprint_: 17321024 GetBytesAllocated: 10248895 HeapGrowthMultiplier: 3
12-22 17:20:38.173  3324  3373 I com.miui.home: CheckGCForNative gc_urgency 0.479413 current_native_bytes is 113697511 starting_gc_num:27
12-22 17:20:38.173  3324  3373 I cccccc  : createTaskSnapshotCompat:
12-22 17:20:38.179  3324  3373 I com.miui.home: CheckGCForNative adj_start_bytes: 32814427 NativeAllocationGcWatermark: 10553736 java_gc_start_bytes: 16983823 kNewNativeDiscountFactor: 2 kOldNativeDiscountFactor: 65536 old_native_bytes: 102735131 new_native_bytes: 21669324 add_bytes_allowed: 31661208 is_gc_concurrent: 1 target_footprint_: 17321024 GetBytesAllocated: 10282067 HeapGrowthMultiplier: 3
12-22 17:20:38.180  3324  3373 I com.miui.home: CheckGCForNative gc_urgency 0.643567 current_native_bytes is 124404455 starting_gc_num:27
12-22 17:20:38.278  3324  3657 I com.miui.home: CheckGCForNative adj_start_bytes: 32814427 NativeAllocationGcWatermark: 10553736 java_gc_start_bytes: 16983823 kNewNativeDiscountFactor: 2 kOldNativeDiscountFactor: 65536 old_native_bytes: 102735131 new_native_bytes: 11056908 add_bytes_allowed: 31661208 is_gc_concurrent: 1 target_footprint_: 17321024 GetBytesAllocated: 10363603 HeapGrowthMultiplier: 3
12-22 17:20:38.278  3324  3657 I com.miui.home: CheckGCForNative gc_urgency 0.484349 current_native_bytes is 113792039 starting_gc_num:27
12-22 17:20:38.410  3324  3324 I wm_on_top_resumed_gained_called: [16226728,com.miui.home.launcher.Launcher,topStateChangedWhenResumed]
12-22 17:20:38.445  8363  8363 I wm_on_create_called: [0,255405861,com.autonavi.map.activity.SplashActivity,performCreate,213]
12-22 17:20:38.567  3324  3657 I com.miui.home: CheckGCForNative adj_start_bytes: 32814427 NativeAllocationGcWatermark: 10553736 java_gc_start_bytes: 16983823 kNewNativeDiscountFactor: 2 kOldNativeDiscountFactor: 65536 old_native_bytes: 102735131 new_native_bytes: 11065932 add_bytes_allowed: 31661208 is_gc_concurrent: 1 target_footprint_: 17321024 GetBytesAllocated: 10509860 HeapGrowthMultiplier: 3
12-22 17:20:38.567  3324  3657 I com.miui.home: CheckGCForNative gc_urgency 0.488943 current_native_bytes is 113801063 starting_gc_num:27
12-22 17:20:38.571  3324  3373 D cccccc  : onTaskStackChangedBackground
12-22 17:20:38.571  3324  3376 D cccccc  : onTaskStackChangedBackground
12-22 17:20:38.634  3324  3657 I com.miui.home: CheckGCForNative adj_start_bytes: 32814427 NativeAllocationGcWatermark: 10553736 java_gc_start_bytes: 16983823 kNewNativeDiscountFactor: 2 kOldNativeDiscountFactor: 65536 old_native_bytes: 102735131 new_native_bytes: 11135604 add_bytes_allowed: 31661208 is_gc_concurrent: 1 target_footprint_: 17321024 GetBytesAllocated: 10620510 HeapGrowthMultiplier: 3
12-22 17:20:38.634  3324  3657 I com.miui.home: CheckGCForNative gc_urgency 0.493377 current_native_bytes is 113870735 starting_gc_num:27
12-22 17:20:38.662  3324  3656 I com.miui.home: CheckGCForNative adj_start_bytes: 32814427 NativeAllocationGcWatermark: 10553736 java_gc_start_bytes: 16983823 kNewNativeDiscountFactor: 2 kOldNativeDiscountFactor: 65536 old_native_bytes: 102735131 new_native_bytes: 21948868 add_bytes_allowed: 31661208 is_gc_concurrent: 1 target_footprint_: 17321024 GetBytesAllocated: 10674815 HeapGrowthMultiplier: 3
12-22 17:20:38.662  3324  3656 I com.miui.home: CheckGCForNative gc_urgency 0.659796 current_native_bytes is 124683999 starting_gc_num:27
12-22 17:20:38.663  3324  3656 I cccccc  : createTaskSnapshotCompat:
12-22 17:20:38.665  3324  3656 I com.miui.home: CheckGCForNative adj_start_bytes: 32814427 NativeAllocationGcWatermark: 10553736 java_gc_start_bytes: 16983823 kNewNativeDiscountFactor: 2 kOldNativeDiscountFactor: 65536 old_native_bytes: 102735131 new_native_bytes: 32655812 add_bytes_allowed: 31661208 is_gc_concurrent: 1 target_footprint_: 17321024 GetBytesAllocated: 10684468 HeapGrowthMultiplier: 3
12-22 17:20:38.665  3324  3656 I com.miui.home: CheckGCForNative gc_urgency 0.823234 current_native_bytes is 135390943 starting_gc_num:27
12-22 17:20:38.668  8363  8363 I wm_on_create_called: [0,235241339,com.autonavi.map.activity.NewMapActivity,performCreate,192]
12-22 17:20:38.705  8363  8363 I wm_on_start_called: [0,235241339,com.autonavi.map.activity.NewMapActivity,handleStartActivity,36]
12-22 17:20:38.714  8363  8363 I wm_on_resume_called: [0,235241339,com.autonavi.map.activity.NewMapActivity,RESUME_ACTIVITY,5]
12-22 17:20:38.793  8363  8363 I wm_on_destroy_called: [0,255405861,com.autonavi.map.activity.SplashActivity,performDestroy,0]
12-22 17:20:38.795  8363  8363 I wm_on_paused_called: [0,235241339,com.autonavi.map.activity.NewMapActivity,performPause,2]
12-22 17:20:38.866  3324  3663 E cccccc  : createTaskSnapshot:
12-22 17:20:38.866  3324  3663 I cccccc  : getTaskSnapshotInstance:
12-22 17:20:38.873  8363  8363 I wm_on_stop_called: [0,235241339,com.autonavi.map.activity.NewMapActivity,STOP_ACTIVITY_ITEM,6]
12-22 17:20:38.876  3324  3663 I com.miui.home: CheckGCForNative adj_start_bytes: 32814427 NativeAllocationGcWatermark: 10553736 java_gc_start_bytes: 16983823 kNewNativeDiscountFactor: 2 kOldNativeDiscountFactor: 65536 old_native_bytes: 102735131 new_native_bytes: 32699320 add_bytes_allowed: 31661208 is_gc_concurrent: 1 target_footprint_: 17321024 GetBytesAllocated: 11133698 HeapGrowthMultiplier: 3
12-22 17:20:38.876  3324  3663 I com.miui.home: CheckGCForNative gc_urgency 0.837587 current_native_bytes is 135434451 starting_gc_num:27
12-22 17:20:38.879  8363  8363 I wm_on_idle_called: com.autonavi.map.activity.NewMapActivity
12-22 17:20:38.907  3324  3376 D cccccc  : onTaskStackChangedBackground
12-22 17:20:38.920  3324  3376 D cccccc  : onTaskStackChangedBackground
12-22 17:20:39.127  3324  3324 I wm_on_top_resumed_lost_called: [16226728,com.miui.home.launcher.Launcher,topStateChangedWhenResumed]
12-22 17:20:39.135  3324  3324 I wm_on_paused_called: [0,16226728,com.miui.home.launcher.Launcher,performPause,3]
12-22 17:20:39.168  3324  3376 D cccccc  : onTaskStackChangedBackground
12-22 17:20:39.169  3324  3376 D cccccc  : onTaskStackChangedBackground
12-22 17:20:39.264  3324  3373 D cccccc  : onTaskStackChangedBackground
12-22 17:20:39.265  3324  3376 D cccccc  : onTaskStackChangedBackground
12-22 17:20:39.309  3324  3663 E cccccc  : createTaskSnapshot:
12-22 17:20:39.309  3324  3663 I cccccc  : getTaskSnapshotInstance:
12-22 17:20:39.312  3324  3663 I com.miui.home: CheckGCForNative adj_start_bytes: 32814427 NativeAllocationGcWatermark: 10553736 java_gc_start_bytes: 16983823 kNewNativeDiscountFactor: 2 kOldNativeDiscountFactor: 65536 old_native_bytes: 102735131 new_native_bytes: 33331292 add_bytes_allowed: 31661208 is_gc_concurrent: 1 target_footprint_: 17321024 GetBytesAllocated: 12225054 HeapGrowthMultiplier: 3
12-22 17:20:39.312  3324  3663 I com.miui.home: CheckGCForNative gc_urgency 0.880475 current_native_bytes is 136066423 starting_gc_num:27
12-22 17:20:39.443  3324  8390 I com.miui.home: CheckGCForNative adj_start_bytes: 32814427 NativeAllocationGcWatermark: 10553736 java_gc_start_bytes: 16983823 kNewNativeDiscountFactor: 2 kOldNativeDiscountFactor: 65536 old_native_bytes: 102735131 new_native_bytes: 22991380 add_bytes_allowed: 31661208 is_gc_concurrent: 1 target_footprint_: 17321024 GetBytesAllocated: 12482039 HeapGrowthMultiplier: 3
12-22 17:20:39.443  3324  8390 I com.miui.home: CheckGCForNative gc_urgency 0.730755 current_native_bytes is 125726511 starting_gc_num:27
12-22 17:20:39.648  3324  3663 E cccccc  : createTaskSnapshot:
12-22 17:20:39.648  3324  3663 I cccccc  : getTaskSnapshotInstance:
12-22 17:20:39.722  3324  3657 I com.miui.home: CheckGCForNative adj_start_bytes: 32814427 NativeAllocationGcWatermark: 10553736 java_gc_start_bytes: 16983823 kNewNativeDiscountFactor: 2 kOldNativeDiscountFactor: 65536 old_native_bytes: 102735131 new_native_bytes: 23169016 add_bytes_allowed: 31661208 is_gc_concurrent: 1 target_footprint_: 17321024 GetBytesAllocated: 12914124 HeapGrowthMultiplier: 3
12-22 17:20:39.723  3324  3657 I com.miui.home: CheckGCForNative gc_urgency 0.746629 current_native_bytes is 125904147 starting_gc_num:27
12-22 17:20:39.778  3324  3657 I com.miui.home: CheckGCForNative adj_start_bytes: 32814427 NativeAllocationGcWatermark: 10553736 java_gc_start_bytes: 16983823 kNewNativeDiscountFactor: 2 kOldNativeDiscountFactor: 65536 old_native_bytes: 102735131 new_native_bytes: 23171576 add_bytes_allowed: 31661208 is_gc_concurrent: 1 target_footprint_: 17321024 GetBytesAllocated: 12931580 HeapGrowthMultiplier: 3
12-22 17:20:39.778  3324  3657 I com.miui.home: CheckGCForNative gc_urgency 0.7472 current_native_bytes is 125906707 starting_gc_num:27
12-22 17:20:39.960  8817  8817 I wm_on_create_called: [0,142903272,fm.qingting.qtradio.WelcomeActivity,performCreate,93]
12-22 17:20:39.966  8817  8817 I wm_on_start_called: [0,142903272,fm.qingting.qtradio.WelcomeActivity,handleStartActivity,0]
12-22 17:20:39.982  8817  8817 I wm_on_resume_called: [0,142903272,fm.qingting.qtradio.WelcomeActivity,RESUME_ACTIVITY,12]
12-22 17:20:40.015  8817  8817 I wm_on_top_resumed_gained_called: [142903272,fm.qingting.qtradio.WelcomeActivity,topStateChangedWhenResumed]
12-22 17:20:40.201  3324  3324 I wm_on_stop_called: [0,16226728,com.miui.home.launcher.Launcher,STOP_ACTIVITY_ITEM,10]
12-22 17:20:40.463  3324  3324 I wm_on_restart_called: [0,16226728,com.miui.home.launcher.Launcher,,0]
12-22 17:20:40.465  3324  3324 I wm_on_start_called: [0,16226728,com.miui.home.launcher.Launcher,handleStartActivity,1]
12-22 17:20:40.485  3324  3324 I wm_on_resume_called: [0,16226728,com.miui.home.launcher.Launcher,RESUME_ACTIVITY,18]
12-22 17:20:40.570  3324  3324 I wm_on_idle_called: com.miui.home.launcher.Launcher
12-22 17:20:40.733  3324  3390 I com.miui.home: CheckGCForNative adj_start_bytes: 32814427 NativeAllocationGcWatermark: 10553736 java_gc_start_bytes: 16983823 kNewNativeDiscountFactor: 2 kOldNativeDiscountFactor: 65536 old_native_bytes: 102735131 new_native_bytes: 33978708 add_bytes_allowed: 31661208 is_gc_concurrent: 1 target_footprint_: 17321024 GetBytesAllocated: 14218529 HeapGrowthMultiplier: 3
12-22 17:20:40.734  3324  3390 I com.miui.home: CheckGCForNative gc_urgency 0.951089 current_native_bytes is 136713839 starting_gc_num:27
12-22 17:20:40.734  3324  3390 I cccccc  : createTaskSnapshotCompat:
12-22 17:20:40.738  3324  3390 I com.miui.home: CheckGCForNative adj_start_bytes: 32814427 NativeAllocationGcWatermark: 10553736 java_gc_start_bytes: 16983823 kNewNativeDiscountFactor: 2 kOldNativeDiscountFactor: 65536 old_native_bytes: 102735131 new_native_bytes: 44687156 add_bytes_allowed: 31661208 is_gc_concurrent: 1 target_footprint_: 17321024 GetBytesAllocated: 14282009 HeapGrowthMultiplier: 3
12-22 17:20:40.738  3324  3390 I com.miui.home: CheckGCForNative gc_urgency 1.11627 current_native_bytes is 147422287 starting_gc_num:27
12-22 17:20:40.752  3324  3390 I com.miui.home: CheckGCForNative requested 1
12-22 17:20:40.775  3324  8390 I com.miui.home: CheckGCForNative adj_start_bytes: 32814427 NativeAllocationGcWatermark: 10553736 java_gc_start_bytes: 16983823 kNewNativeDiscountFactor: 2 kOldNativeDiscountFactor: 65536 old_native_bytes: 102735131 new_native_bytes: 33988788 add_bytes_allowed: 31661208 is_gc_concurrent: 1 target_footprint_: 17321024 GetBytesAllocated: 14339503 HeapGrowthMultiplier: 3
12-22 17:20:40.775  3324  8390 I com.miui.home: CheckGCForNative gc_urgency 0.954929 current_native_bytes is 136723919 starting_gc_num:27
12-22 17:20:40.822  8817  8817 I wm_on_top_resumed_lost_called: [142903272,fm.qingting.qtradio.WelcomeActivity,topStateChangedWhenResumed]
12-22 17:20:40.826  3324  3324 I wm_on_top_resumed_gained_called: [16226728,com.miui.home.launcher.Launcher,topStateChangedWhenResumed]
12-22 17:20:40.867  8817  8817 I wm_on_idle_called: fm.qingting.qtradio.WelcomeActivity
12-22 17:20:41.022  3324  3361 I com.miui.home: NativeAlloc concurrent copying GC freed 128122(5323KB) AllocSpace objects, 6(312KB) LOS objects, 49% free, 8479KB/16MB, paused 215us,74us total 283.260ms
12-22 17:20:41.189  3324  3657 I com.miui.home: CheckGCForNative gc_urgency 0 current_native_bytes is 125898623 starting_gc_num:28
12-22 17:20:41.201  3324  3657 I com.miui.home: CheckGCForNative adj_start_bytes: 33037218 NativeAllocationGcWatermark: 10559273 java_gc_start_bytes: 17198309 kNewNativeDiscountFactor: 2 kOldNativeDiscountFactor: 65536 old_native_bytes: 125898623 new_native_bytes: 2784 add_bytes_allowed: 31677819 is_gc_concurrent: 1 target_footprint_: 17365327 GetBytesAllocated: 8770441 HeapGrowthMultiplier: 3
12-22 17:20:41.201  3324  3657 I com.miui.home: CheckGCForNative gc_urgency 0.265572 current_native_bytes is 125901407 starting_gc_num:28
12-22 17:20:41.243  8817  8817 I wm_on_paused_called: [0,142903272,fm.qingting.qtradio.WelcomeActivity,performPause,2]
12-22 17:20:41.245  3324  3656 I cccccc  : createTaskSnapshotCompat:
12-22 17:20:41.293  8817  8817 I wm_on_stop_called: [0,142903272,fm.qingting.qtradio.WelcomeActivity,STOP_ACTIVITY_ITEM,4]
12-22 17:20:41.358  3324  3373 D cccccc  : onTaskStackChangedBackground
12-22 17:20:41.362  3324  3373 D cccccc  : onTaskStackChangedBackground
12-22 17:20:41.536  3324  3324 I wm_on_top_resumed_lost_called: [16226728,com.miui.home.launcher.Launcher,topStateChangedWhenResumed]
12-22 17:20:41.541  3324  3324 I wm_on_paused_called: [0,16226728,com.miui.home.launcher.Launcher,performPause,3]
12-22 17:20:41.608  3324  3758 D cccccc  : onTaskStackChangedBackground
12-22 17:20:41.609  3324  3758 D cccccc  : onTaskStackChangedBackground
12-22 17:20:41.645  3324  3390 D cccccc  : onTaskStackChangedBackground
12-22 17:20:41.647  3324  3758 D cccccc  : onTaskStackChangedBackground
12-22 17:20:41.720  3324  3663 E cccccc  : createTaskSnapshot:
12-22 17:20:41.720  3324  3663 I cccccc  : getTaskSnapshotInstance:
12-22 17:20:41.752  3324  3663 I com.miui.home: CheckGCForNative adj_start_bytes: 33037218 NativeAllocationGcWatermark: 10559273 java_gc_start_bytes: 17198309 kNewNativeDiscountFactor: 2 kOldNativeDiscountFactor: 65536 old_native_bytes: 125898623 new_native_bytes: 11624868 add_bytes_allowed: 31677819 is_gc_concurrent: 1 target_footprint_: 17365327 GetBytesAllocated: 10041665 HeapGrowthMultiplier: 3
12-22 17:20:41.752  3324  3663 I com.miui.home: CheckGCForNative gc_urgency 0.479944 current_native_bytes is 137523491 starting_gc_num:28
12-22 17:20:41.911  3324  3657 I com.miui.home: CheckGCForNative adj_start_bytes: 33037218 NativeAllocationGcWatermark: 10559273 java_gc_start_bytes: 17198309 kNewNativeDiscountFactor: 2 kOldNativeDiscountFactor: 65536 old_native_bytes: 125898623 new_native_bytes: 2573192 add_bytes_allowed: 31677819 is_gc_concurrent: 1 target_footprint_: 17365327 GetBytesAllocated: 10270489 HeapGrowthMultiplier: 3
12-22 17:20:41.912  3324  3657 I com.miui.home: CheckGCForNative gc_urgency 0.349878 current_native_bytes is 128471815 starting_gc_num:28
12-22 17:20:41.993  9106  9106 I wm_on_application_create_called: [0,com.xiaomi.bluetooth,335]
12-22 17:20:42.141  3324  3663 E cccccc  : createTaskSnapshot:
12-22 17:20:42.141  3324  3663 I cccccc  : getTaskSnapshotInstance:
12-22 17:20:42.223  3324  3657 I com.miui.home: CheckGCForNative adj_start_bytes: 33037218 NativeAllocationGcWatermark: 10559273 java_gc_start_bytes: 17198309 kNewNativeDiscountFactor: 2 kOldNativeDiscountFactor: 65536 old_native_bytes: 125898623 new_native_bytes: 2738216 add_bytes_allowed: 31677819 is_gc_concurrent: 1 target_footprint_: 17365327 GetBytesAllocated: 10750077 HeapGrowthMultiplier: 3
12-22 17:20:42.223  3324  3657 I com.miui.home: CheckGCForNative gc_urgency 0.366892 current_native_bytes is 128636839 starting_gc_num:28
12-22 17:20:42.256  3324  3657 I com.miui.home: CheckGCForNative adj_start_bytes: 33037218 NativeAllocationGcWatermark: 10559273 java_gc_start_bytes: 17198309 kNewNativeDiscountFactor: 2 kOldNativeDiscountFactor: 65536 old_native_bytes: 125898623 new_native_bytes: 2742248 add_bytes_allowed: 31677819 is_gc_concurrent: 1 target_footprint_: 17365327 GetBytesAllocated: 10761730 HeapGrowthMultiplier: 3
12-22 17:20:42.256  3324  3657 I com.miui.home: CheckGCForNative gc_urgency 0.367306 current_native_bytes is 128640871 starting_gc_num:28
12-22 17:20:42.877  9182  9182 I wm_on_application_create_called: [0,com.ss.android.ugc.aweme,356]
12-22 17:20:43.158  3324  3324 I wm_on_resume_called: [0,16226728,com.miui.home.launcher.Launcher,RESUME_ACTIVITY,22]
12-22 17:20:43.176  3324  3324 I wm_on_idle_called: com.miui.home.launcher.Launcher
12-22 17:20:43.312  3324  3373 I com.miui.home: CheckGCForNative adj_start_bytes: 33037218 NativeAllocationGcWatermark: 10559273 java_gc_start_bytes: 17198309 kNewNativeDiscountFactor: 2 kOldNativeDiscountFactor: 65536 old_native_bytes: 125898623 new_native_bytes: 13493660 add_bytes_allowed: 31677819 is_gc_concurrent: 1 target_footprint_: 17365327 GetBytesAllocated: 12096478 HeapGrowthMultiplier: 3
12-22 17:20:43.312  3324  3373 I com.miui.home: CheckGCForNative gc_urgency 0.570815 current_native_bytes is 139392283 starting_gc_num:28
12-22 17:20:43.313  3324  3373 I cccccc  : createTaskSnapshotCompat:
12-22 17:20:43.317  3324  3373 I com.miui.home: CheckGCForNative adj_start_bytes: 33037218 NativeAllocationGcWatermark: 10559273 java_gc_start_bytes: 17198309 kNewNativeDiscountFactor: 2 kOldNativeDiscountFactor: 65536 old_native_bytes: 125898623 new_native_bytes: 24200604 add_bytes_allowed: 31677819 is_gc_concurrent: 1 target_footprint_: 17365327 GetBytesAllocated: 12162698 HeapGrowthMultiplier: 3
12-22 17:20:43.317  3324  3373 I com.miui.home: CheckGCForNative gc_urgency 0.734472 current_native_bytes is 150099227 starting_gc_num:28
12-22 17:20:43.361  3324  3657 I com.miui.home: CheckGCForNative adj_start_bytes: 33037218 NativeAllocationGcWatermark: 10559273 java_gc_start_bytes: 17198309 kNewNativeDiscountFactor: 2 kOldNativeDiscountFactor: 65536 old_native_bytes: 125898623 new_native_bytes: 13484412 add_bytes_allowed: 31677819 is_gc_concurrent: 1 target_footprint_: 17365327 GetBytesAllocated: 12258136 HeapGrowthMultiplier: 3
12-22 17:20:43.361  3324  3657 I com.miui.home: CheckGCForNative gc_urgency 0.575177 current_native_bytes is 139383035 starting_gc_num:28
12-22 17:20:43.426  9182  9182 I wm_on_create_called: [0,13126536,com.ss.android.ugc.aweme.splash.SplashActivity,performCreate,489]
12-22 17:20:43.563  3324  3324 I wm_on_top_resumed_gained_called: [16226728,com.miui.home.launcher.Launcher,topStateChangedWhenResumed]
12-22 17:20:43.606  3324  3657 I com.miui.home: CheckGCForNative adj_start_bytes: 33037218 NativeAllocationGcWatermark: 10559273 java_gc_start_bytes: 17198309 kNewNativeDiscountFactor: 2 kOldNativeDiscountFactor: 65536 old_native_bytes: 125898623 new_native_bytes: 13492796 add_bytes_allowed: 31677819 is_gc_concurrent: 1 target_footprint_: 17365327 GetBytesAllocated: 12353336 HeapGrowthMultiplier: 3
12-22 17:20:43.606  3324  3657 I com.miui.home: CheckGCForNative gc_urgency 0.578186 current_native_bytes is 139391419 starting_gc_num:28
12-22 17:20:43.706  3324  3657 I com.miui.home: CheckGCForNative adj_start_bytes: 33037218 NativeAllocationGcWatermark: 10559273 java_gc_start_bytes: 17198309 kNewNativeDiscountFactor: 2 kOldNativeDiscountFactor: 65536 old_native_bytes: 125898623 new_native_bytes: 13473884 add_bytes_allowed: 31677819 is_gc_concurrent: 1 target_footprint_: 17365327 GetBytesAllocated: 12397079 HeapGrowthMultiplier: 3
12-22 17:20:43.706  3324  3657 I com.miui.home: CheckGCForNative gc_urgency 0.579224 current_native_bytes is 139372507 starting_gc_num:28
12-22 17:20:43.795  3324  3656 I com.miui.home: CheckGCForNative adj_start_bytes: 33037218 NativeAllocationGcWatermark: 10559273 java_gc_start_bytes: 17198309 kNewNativeDiscountFactor: 2 kOldNativeDiscountFactor: 65536 old_native_bytes: 125898623 new_native_bytes: 24202300 add_bytes_allowed: 31677819 is_gc_concurrent: 1 target_footprint_: 17365327 GetBytesAllocated: 12451772 HeapGrowthMultiplier: 3
12-22 17:20:43.795  3324  3656 I com.miui.home: CheckGCForNative gc_urgency 0.743248 current_native_bytes is 150100923 starting_gc_num:28
12-22 17:20:43.795  3324  3656 I cccccc  : createTaskSnapshotCompat:
12-22 17:20:43.799  3324  3656 I com.miui.home: CheckGCForNative adj_start_bytes: 33037218 NativeAllocationGcWatermark: 10559273 java_gc_start_bytes: 17198309 kNewNativeDiscountFactor: 2 kOldNativeDiscountFactor: 65536 old_native_bytes: 125898623 new_native_bytes: 34910844 add_bytes_allowed: 31677819 is_gc_concurrent: 1 target_footprint_: 17365327 GetBytesAllocated: 12458909 HeapGrowthMultiplier: 3
12-22 17:20:43.799  3324  3656 I com.miui.home: CheckGCForNative gc_urgency 0.905532 current_native_bytes is 160809467 starting_gc_num:28
12-22 17:20:43.828  9182  9182 I wm_on_start_called: [0,13126536,com.ss.android.ugc.aweme.splash.SplashActivity,handleStartActivity,397]
12-22 17:20:43.864  9182  9182 I wm_on_resume_called: [0,13126536,com.ss.android.ugc.aweme.splash.SplashActivity,RESUME_ACTIVITY,25]
12-22 17:20:43.940  9182  9182 I wm_on_top_resumed_gained_called: [13126536,com.ss.android.ugc.aweme.splash.SplashActivity,topStateChangedWhenResumed]
12-22 17:20:43.965  9182  9182 I wm_on_top_resumed_lost_called: [13126536,com.ss.android.ugc.aweme.splash.SplashActivity,topStateChangedWhenResumed]
12-22 17:20:44.137  3324  3324 I wm_on_top_resumed_lost_called: [16226728,com.miui.home.launcher.Launcher,topStateChangedWhenResumed]
12-22 17:20:44.149  3324  3373 D cccccc  : onTaskStackChangedBackground
12-22 17:20:44.152  3324  3373 D cccccc  : onTaskStackChangedBackground
12-22 17:20:44.318  3324  3324 I wm_on_paused_called: [0,16226728,com.miui.home.launcher.Launcher,performPause,2]
12-22 17:20:44.428  3324  4010 D cccccc  : onTaskStackChangedBackground
12-22 17:20:44.429  3324  3758 D cccccc  : onTaskStackChangedBackground
12-22 17:20:44.495  3324  3663 E cccccc  : createTaskSnapshot:
12-22 17:20:44.495  3324  3663 I cccccc  : getTaskSnapshotInstance:
12-22 17:20:44.535  3324  3663 I com.miui.home: CheckGCForNative adj_start_bytes: 33037218 NativeAllocationGcWatermark: 10559273 java_gc_start_bytes: 17198309 kNewNativeDiscountFactor: 2 kOldNativeDiscountFactor: 65536 old_native_bytes: 125898623 new_native_bytes: 35859504 add_bytes_allowed: 31677819 is_gc_concurrent: 1 target_footprint_: 17365327 GetBytesAllocated: 13579424 HeapGrowthMultiplier: 3
12-22 17:20:44.535  3324  3663 I com.miui.home: CheckGCForNative gc_urgency 0.953806 current_native_bytes is 161758127 starting_gc_num:28
12-22 17:20:44.560  3324  3591 E cccccc  : createTaskSnapshot:
12-22 17:20:44.560  3324  3591 I cccccc  : getTaskSnapshotInstance:
12-22 17:20:44.639  3324  3657 I com.miui.home: CheckGCForNative adj_start_bytes: 33037218 NativeAllocationGcWatermark: 10559273 java_gc_start_bytes: 17198309 kNewNativeDiscountFactor: 2 kOldNativeDiscountFactor: 65536 old_native_bytes: 125898623 new_native_bytes: 25325736 add_bytes_allowed: 31677819 is_gc_concurrent: 1 target_footprint_: 17365327 GetBytesAllocated: 13786347 HeapGrowthMultiplier: 3
12-22 17:20:44.639  3324  3657 I com.miui.home: CheckGCForNative gc_urgency 0.800647 current_native_bytes is 151224359 starting_gc_num:28
12-22 17:20:44.783  3324  3591 E cccccc  : createTaskSnapshot:
12-22 17:20:44.783  3324  3591 I cccccc  : getTaskSnapshotInstance:
12-22 17:20:44.906  3324  3657 I com.miui.home: CheckGCForNative adj_start_bytes: 33037218 NativeAllocationGcWatermark: 10559273 java_gc_start_bytes: 17198309 kNewNativeDiscountFactor: 2 kOldNativeDiscountFactor: 65536 old_native_bytes: 125898623 new_native_bytes: 25596932 add_bytes_allowed: 31677819 is_gc_concurrent: 1 target_footprint_: 17365327 GetBytesAllocated: 14376542 HeapGrowthMultiplier: 3
12-22 17:20:44.906  3324  3657 I com.miui.home: CheckGCForNative gc_urgency 0.822616 current_native_bytes is 151495555 starting_gc_num:28
12-22 17:20:44.917  3324  3657 I com.miui.home: CheckGCForNative adj_start_bytes: 33037218 NativeAllocationGcWatermark: 10559273 java_gc_start_bytes: 17198309 kNewNativeDiscountFactor: 2 kOldNativeDiscountFactor: 65536 old_native_bytes: 125898623 new_native_bytes: 25599556 add_bytes_allowed: 31677819 is_gc_concurrent: 1 target_footprint_: 17365327 GetBytesAllocated: 14385022 HeapGrowthMultiplier: 3
12-22 17:20:44.917  3324  3657 I com.miui.home: CheckGCForNative gc_urgency 0.822912 current_native_bytes is 151498179 starting_gc_num:28
12-22 17:20:45.029  9617  9617 I wm_on_create_called: [0,108571873,com.eg.android.AlipayGphone.AlipayLogin,performCreate,46]
12-22 17:20:45.035  9617  9617 I wm_on_start_called: [0,108571873,com.eg.android.AlipayGphone.AlipayLogin,handleStartActivity,6]
12-22 17:20:45.043  9617  9617 I wm_on_resume_called: [0,108571873,com.eg.android.AlipayGphone.AlipayLogin,RESUME_ACTIVITY,5]
12-22 17:20:45.083  9617  9617 I wm_on_top_resumed_gained_called: [108571873,com.eg.android.AlipayGphone.AlipayLogin,topStateChangedWhenResumed]
12-22 17:20:45.570  3324  3324 I wm_on_stop_called: [0,16226728,com.miui.home.launcher.Launcher,STOP_ACTIVITY_ITEM,5]
12-22 17:20:45.726  9617  9617 I wm_on_idle_called: com.eg.android.AlipayGphone.AlipayLogin
12-22 17:20:45.765  9617  9617 I wm_on_top_resumed_lost_called: [108571873,com.eg.android.AlipayGphone.AlipayLogin,topStateChangedWhenResumed]
12-22 17:20:45.780  3324  3324 I wm_on_restart_called: [0,16226728,com.miui.home.launcher.Launcher,,0]
12-22 17:20:45.781  3324  3324 I wm_on_start_called: [0,16226728,com.miui.home.launcher.Launcher,handleStartActivity,2]
12-22 17:20:45.804  3324  3324 I wm_on_resume_called: [0,16226728,com.miui.home.launcher.Launcher,RESUME_ACTIVITY,20]
12-22 17:20:45.899  3324  3324 I wm_on_top_resumed_gained_called: [16226728,com.miui.home.launcher.Launcher,topStateChangedWhenResumed]
12-22 17:20:45.904  3324  3324 I wm_on_idle_called: com.miui.home.launcher.Launcher
12-22 17:20:45.986  3324  3758 I com.miui.home: CheckGCForNative adj_start_bytes: 33037218 NativeAllocationGcWatermark: 10559273 java_gc_start_bytes: 17198309 kNewNativeDiscountFactor: 2 kOldNativeDiscountFactor: 65536 old_native_bytes: 125898623 new_native_bytes: 36502720 add_bytes_allowed: 31677819 is_gc_concurrent: 1 target_footprint_: 17365327 GetBytesAllocated: 15692540 HeapGrowthMultiplier: 3
12-22 17:20:45.986  3324  3758 I com.miui.home: CheckGCForNative gc_urgency 1.0275 current_native_bytes is 162401343 starting_gc_num:28
12-22 17:20:45.986  3324  3758 I com.miui.home: CheckGCForNative requested 1
12-22 17:20:45.987  3324  3758 I cccccc  : createTaskSnapshotCompat:
12-22 17:20:45.991  3324  3758 I com.miui.home: CheckGCForNative adj_start_bytes: 33037218 NativeAllocationGcWatermark: 10559273 java_gc_start_bytes: 17198309 kNewNativeDiscountFactor: 2 kOldNativeDiscountFactor: 65536 old_native_bytes: 125898623 new_native_bytes: 47208928 add_bytes_allowed: 31677819 is_gc_concurrent: 1 target_footprint_: 17365327 GetBytesAllocated: 15722271 HeapGrowthMultiplier: 3
12-22 17:20:45.991  3324  3758 I com.miui.home: CheckGCForNative gc_urgency 1.19054 current_native_bytes is 173107551 starting_gc_num:28
12-22 17:20:45.991  3324  3758 I com.miui.home: CheckGCForNative requested 1
12-22 17:20:46.017  3324  3657 I com.miui.home: CheckGCForNative adj_start_bytes: 33037218 NativeAllocationGcWatermark: 10559273 java_gc_start_bytes: 17198309 kNewNativeDiscountFactor: 2 kOldNativeDiscountFactor: 65536 old_native_bytes: 125898623 new_native_bytes: 36533536 add_bytes_allowed: 31677819 is_gc_concurrent: 1 target_footprint_: 17365327 GetBytesAllocated: 15842495 HeapGrowthMultiplier: 3
12-22 17:20:46.017  3324  3657 I com.miui.home: CheckGCForNative gc_urgency 1.03251 current_native_bytes is 162432159 starting_gc_num:28
12-22 17:20:46.017  3324  3657 I com.miui.home: CheckGCForNative requested 1
12-22 17:20:46.185  3324  3361 I com.miui.home: NativeAlloc concurrent copying GC freed 159534(6703KB) AllocSpace objects, 10(448KB) LOS objects, 50% free, 8539KB/16MB, paused 244us,70us total 196.366ms
12-22 17:20:46.339  3324  3657 I com.miui.home: CheckGCForNative gc_urgency 0 current_native_bytes is 128387651 starting_gc_num:29
12-22 17:20:46.373  3324  3657 I com.miui.home: CheckGCForNative adj_start_bytes: 32995174 NativeAllocationGcWatermark: 10574711 java_gc_start_bytes: 17133108 kNewNativeDiscountFactor: 2 kOldNativeDiscountFactor: 65536 old_native_bytes: 128387651 new_native_bytes: 3008 add_bytes_allowed: 31724133 is_gc_concurrent: 1 target_footprint_: 17488825 GetBytesAllocated: 8828646 HeapGrowthMultiplier: 3
12-22 17:20:46.373  3324  3657 I com.miui.home: CheckGCForNative gc_urgency 0.267679 current_native_bytes is 128390659 starting_gc_num:29
12-22 17:20:46.483  3324  3656 I com.miui.home: CheckGCForNative adj_start_bytes: 32995174 NativeAllocationGcWatermark: 10574711 java_gc_start_bytes: 17133108 kNewNativeDiscountFactor: 2 kOldNativeDiscountFactor: 65536 old_native_bytes: 128387651 new_native_bytes: 10664224 add_bytes_allowed: 31724133 is_gc_concurrent: 1 target_footprint_: 17488825 GetBytesAllocated: 8913148 HeapGrowthMultiplier: 3
12-22 17:20:46.483  3324  3656 I com.miui.home: CheckGCForNative gc_urgency 0.431797 current_native_bytes is 139051875 starting_gc_num:29
12-22 17:20:46.485  3324  3656 I cccccc  : createTaskSnapshotCompat:
12-22 17:20:46.493  3324  3656 I com.miui.home: CheckGCForNative adj_start_bytes: 32995174 NativeAllocationGcWatermark: 10574711 java_gc_start_bytes: 17133108 kNewNativeDiscountFactor: 2 kOldNativeDiscountFactor: 65536 old_native_bytes: 128387651 new_native_bytes: 21358880 add_bytes_allowed: 31724133 is_gc_concurrent: 1 target_footprint_: 17488825 GetBytesAllocated: 8913340 HeapGrowthMultiplier: 3
12-22 17:20:46.493  3324  3656 I com.miui.home: CheckGCForNative gc_urgency 0.593867 current_native_bytes is 149746531 starting_gc_num:29
12-22 17:20:46.541  9617  9617 I wm_on_paused_called: [0,108571873,com.eg.android.AlipayGphone.AlipayLogin,performPause,15]
12-22 17:20:46.651  3324  4010 D cccccc  : onTaskStackChangedBackground
12-22 17:20:46.656  3324  3758 D cccccc  : onTaskStackChangedBackground
12-22 17:20:46.808  3324  3591 E cccccc  : createTaskSnapshot:
12-22 17:20:46.808  3324  3591 I cccccc  : getTaskSnapshotInstance:
12-22 17:20:46.810  3324  3591 I com.miui.home: CheckGCForNative adj_start_bytes: 32995174 NativeAllocationGcWatermark: 10574711 java_gc_start_bytes: 17133108 kNewNativeDiscountFactor: 2 kOldNativeDiscountFactor: 65536 old_native_bytes: 128387651 new_native_bytes: 21905060 add_bytes_allowed: 31724133 is_gc_concurrent: 1 target_footprint_: 17488825 GetBytesAllocated: 9681474 HeapGrowthMultiplier: 3
12-22 17:20:46.810  3324  3591 I com.miui.home: CheckGCForNative gc_urgency 0.625424 current_native_bytes is 150292711 starting_gc_num:29
12-22 17:20:46.838  3324  3591 I com.miui.home: CheckGCForNative adj_start_bytes: 32995174 NativeAllocationGcWatermark: 10574711 java_gc_start_bytes: 17133108 kNewNativeDiscountFactor: 2 kOldNativeDiscountFactor: 65536 old_native_bytes: 128387651 new_native_bytes: 36548036 add_bytes_allowed: 31724133 is_gc_concurrent: 1 target_footprint_: 17488825 GetBytesAllocated: 9699558 HeapGrowthMultiplier: 3
12-22 17:20:46.838  3324  3591 I com.miui.home: CheckGCForNative gc_urgency 0.847867 current_native_bytes is 164935687 starting_gc_num:29
12-22 17:20:46.839  3324  3591 I com.miui.home: CheckGCForNative adj_start_bytes: 32995174 NativeAllocationGcWatermark: 10574711 java_gc_start_bytes: 17133108 kNewNativeDiscountFactor: 2 kOldNativeDiscountFactor: 65536 old_native_bytes: 128387651 new_native_bytes: 24751556 add_bytes_allowed: 31724133 is_gc_concurrent: 1 target_footprint_: 17488825 GetBytesAllocated: 9699558 HeapGrowthMultiplier: 3
12-22 17:20:46.839  3324  3591 I com.miui.home: CheckGCForNative gc_urgency 0.669107 current_native_bytes is 153139207 starting_gc_num:29
12-22 17:20:46.845  3324  3591 I com.miui.home: CheckGCForNative adj_start_bytes: 32995174 NativeAllocationGcWatermark: 10574711 java_gc_start_bytes: 17133108 kNewNativeDiscountFactor: 2 kOldNativeDiscountFactor: 65536 old_native_bytes: 128387651 new_native_bytes: 25578308 add_bytes_allowed: 31724133 is_gc_concurrent: 1 target_footprint_: 17488825 GetBytesAllocated: 9711185 HeapGrowthMultiplier: 3
12-22 17:20:46.845  3324  3591 I com.miui.home: CheckGCForNative gc_urgency 0.681988 current_native_bytes is 153965959 starting_gc_num:29
12-22 17:20:46.853  9617  9617 I wm_on_stop_called: [0,108571873,com.eg.android.AlipayGphone.AlipayLogin,STOP_ACTIVITY_ITEM,120]
12-22 17:20:47.016  3324  3591 I com.miui.home: CheckGCForNative adj_start_bytes: 32995174 NativeAllocationGcWatermark: 10574711 java_gc_start_bytes: 17133108 kNewNativeDiscountFactor: 2 kOldNativeDiscountFactor: 65536 old_native_bytes: 128387651 new_native_bytes: 27428216 add_bytes_allowed: 31724133 is_gc_concurrent: 1 target_footprint_: 17488825 GetBytesAllocated: 10240719 HeapGrowthMultiplier: 3
12-22 17:20:47.016  3324  3591 I com.miui.home: CheckGCForNative gc_urgency 0.726069 current_native_bytes is 155815867 starting_gc_num:29
12-22 17:20:47.017  3324  3591 I com.miui.home: CheckGCForNative adj_start_bytes: 32995174 NativeAllocationGcWatermark: 10574711 java_gc_start_bytes: 17133108 kNewNativeDiscountFactor: 2 kOldNativeDiscountFactor: 65536 old_native_bytes: 128387651 new_native_bytes: 28879104 add_bytes_allowed: 31724133 is_gc_concurrent: 1 target_footprint_: 17488825 GetBytesAllocated: 10240719 HeapGrowthMultiplier: 3
12-22 17:20:47.017  3324  3591 I com.miui.home: CheckGCForNative gc_urgency 0.748056 current_native_bytes is 157266755 starting_gc_num:29
12-22 17:20:47.043  3324  3591 I com.miui.home: CheckGCForNative adj_start_bytes: 32995174 NativeAllocationGcWatermark: 10574711 java_gc_start_bytes: 17133108 kNewNativeDiscountFactor: 2 kOldNativeDiscountFactor: 65536 old_native_bytes: 128387651 new_native_bytes: 39965952 add_bytes_allowed: 31724133 is_gc_concurrent: 1 target_footprint_: 17488825 GetBytesAllocated: 10302852 HeapGrowthMultiplier: 3
12-22 17:20:47.043  3324  3591 I com.miui.home: CheckGCForNative gc_urgency 0.917946 current_native_bytes is 168353603 starting_gc_num:29
12-22 17:20:47.051  3324  3324 I wm_on_top_resumed_lost_called: [16226728,com.miui.home.launcher.Launcher,topStateChangedWhenResumed]
12-22 17:20:47.055  3324  3324 I wm_on_paused_called: [0,16226728,com.miui.home.launcher.Launcher,performPause,3]
12-22 17:20:47.083  3324  3639 I com.miui.home: CheckGCForNative adj_start_bytes: 32995174 NativeAllocationGcWatermark: 10574711 java_gc_start_bytes: 17133108 kNewNativeDiscountFactor: 2 kOldNativeDiscountFactor: 65536 old_native_bytes: 128387651 new_native_bytes: 39919616 add_bytes_allowed: 31724133 is_gc_concurrent: 1 target_footprint_: 17488825 GetBytesAllocated: 10375652 HeapGrowthMultiplier: 3
12-22 17:20:47.083  3324  3639 I com.miui.home: CheckGCForNative gc_urgency 0.91945 current_native_bytes is 168307267 starting_gc_num:29
12-22 17:20:47.144  3324  4010 D cccccc  : onTaskStackChangedBackground
12-22 17:20:47.150  3324  4010 D cccccc  : onTaskStackChangedBackground
12-22 17:20:47.338  3324  3373 D cccccc  : onTaskStackChangedBackground
12-22 17:20:47.342  3324  3373 D cccccc  : onTaskStackChangedBackground
12-22 17:20:47.425  3324  3657 I com.miui.home: CheckGCForNative adj_start_bytes: 32995174 NativeAllocationGcWatermark: 10574711 java_gc_start_bytes: 17133108 kNewNativeDiscountFactor: 2 kOldNativeDiscountFactor: 65536 old_native_bytes: 128387651 new_native_bytes: 40150964 add_bytes_allowed: 31724133 is_gc_concurrent: 1 target_footprint_: 17488825 GetBytesAllocated: 11251638 HeapGrowthMultiplier: 3
12-22 17:20:47.425  3324  3657 I com.miui.home: CheckGCForNative gc_urgency 0.950213 current_native_bytes is 168538615 starting_gc_num:29
12-22 17:20:47.451  3324  3657 I com.miui.home: CheckGCForNative adj_start_bytes: 32995174 NativeAllocationGcWatermark: 10574711 java_gc_start_bytes: 17133108 kNewNativeDiscountFactor: 2 kOldNativeDiscountFactor: 65536 old_native_bytes: 128387651 new_native_bytes: 40155572 add_bytes_allowed: 31724133 is_gc_concurrent: 1 target_footprint_: 17488825 GetBytesAllocated: 11331437 HeapGrowthMultiplier: 3
12-22 17:20:47.451  3324  3657 I com.miui.home: CheckGCForNative gc_urgency 0.951993 current_native_bytes is 168543223 starting_gc_num:29
12-22 17:20:47.518  3324  3663 E cccccc  : createTaskSnapshot:
12-22 17:20:47.518  3324  3663 I cccccc  : getTaskSnapshotInstance:
12-22 17:20:47.717  3324  3657 I com.miui.home: CheckGCForNative adj_start_bytes: 32995174 NativeAllocationGcWatermark: 10574711 java_gc_start_bytes: 17133108 kNewNativeDiscountFactor: 2 kOldNativeDiscountFactor: 65536 old_native_bytes: 128387651 new_native_bytes: 40308712 add_bytes_allowed: 31724133 is_gc_concurrent: 1 target_footprint_: 17488825 GetBytesAllocated: 11750813 HeapGrowthMultiplier: 3
12-22 17:20:47.717  3324  3657 I com.miui.home: CheckGCForNative gc_urgency 0.967024 current_native_bytes is 168696363 starting_gc_num:29
12-22 17:20:47.897  3324  3663 E cccccc  : createTaskSnapshot:
12-22 17:20:47.897  3324  3663 I cccccc  : getTaskSnapshotInstance:
12-22 17:20:48.158 10354 10354 I wm_on_application_create_called: [0,com.smile.gifmaker,349]
12-22 17:20:48.364 10354 10354 I wm_on_create_called: [0,64152927,com.yxcorp.gifshow.HomeActivity,performCreate,181]
12-22 17:20:48.461 10354 10354 I wm_on_start_called: [0,64152927,com.yxcorp.gifshow.HomeActivity,handleStartActivity,97]
12-22 17:20:48.597  3324  3324 I wm_on_resume_called: [0,16226728,com.miui.home.launcher.Launcher,RESUME_ACTIVITY,19]
12-22 17:20:48.614  3324  3324 I wm_on_idle_called: com.miui.home.launcher.Launcher
12-22 17:20:48.773  3324  3758 I com.miui.home: CheckGCForNative adj_start_bytes: 32995174 NativeAllocationGcWatermark: 10574711 java_gc_start_bytes: 17133108 kNewNativeDiscountFactor: 2 kOldNativeDiscountFactor: 65536 old_native_bytes: 128387651 new_native_bytes: 51147500 add_bytes_allowed: 31724133 is_gc_concurrent: 1 target_footprint_: 17488825 GetBytesAllocated: 12994909 HeapGrowthMultiplier: 3
12-22 17:20:48.773  3324  3758 I com.miui.home: CheckGCForNative gc_urgency 1.16898 current_native_bytes is 179535151 starting_gc_num:29
12-22 17:20:48.773  3324  3758 I com.miui.home: CheckGCForNative requested 1
12-22 17:20:48.774  3324  3758 I cccccc  : createTaskSnapshotCompat:
12-22 17:20:48.782  3324  3758 I com.miui.home: CheckGCForNative adj_start_bytes: 32995174 NativeAllocationGcWatermark: 10574711 java_gc_start_bytes: 17133108 kNewNativeDiscountFactor: 2 kOldNativeDiscountFactor: 65536 old_native_bytes: 128387651 new_native_bytes: 61854924 add_bytes_allowed: 31724133 is_gc_concurrent: 1 target_footprint_: 17488825 GetBytesAllocated: 12995101 HeapGrowthMultiplier: 3
12-22 17:20:48.782  3324  3758 I com.miui.home: CheckGCForNative gc_urgency 1.33124 current_native_bytes is 190242575 starting_gc_num:29
12-22 17:20:48.782  3324  3758 I com.miui.home: CheckGCForNative requested 1
12-22 17:20:48.884  3324  3657 I com.miui.home: CheckGCForNative adj_start_bytes: 32995174 NativeAllocationGcWatermark: 10574711 java_gc_start_bytes: 17133108 kNewNativeDiscountFactor: 2 kOldNativeDiscountFactor: 65536 old_native_bytes: 128387651 new_native_bytes: 51157356 add_bytes_allowed: 31724133 is_gc_concurrent: 1 target_footprint_: 17488825 GetBytesAllocated: 13063829 HeapGrowthMultiplier: 3
12-22 17:20:48.884  3324  3657 I com.miui.home: CheckGCForNative gc_urgency 1.17122 current_native_bytes is 179545007 starting_gc_num:29
12-22 17:20:48.884  3324  3657 I com.miui.home: CheckGCForNative requested 1
12-22 17:20:48.917 10354 10354 I wm_on_resume_called: [0,64152927,com.yxcorp.gifshow.HomeActivity,RESUME_ACTIVITY,62]
12-22 17:20:48.951  3324  3657 I com.miui.home: CheckGCForNative adj_start_bytes: 32995174 NativeAllocationGcWatermark: 10574711 java_gc_start_bytes: 17133108 kNewNativeDiscountFactor: 2 kOldNativeDiscountFactor: 65536 old_native_bytes: 128387651 new_native_bytes: 51162220 add_bytes_allowed: 31724133 is_gc_concurrent: 1 target_footprint_: 17488825 GetBytesAllocated: 13133635 HeapGrowthMultiplier: 3
12-22 17:20:48.951  3324  3657 I com.miui.home: CheckGCForNative gc_urgency 1.17341 current_native_bytes is 179549871 starting_gc_num:29
12-22 17:20:48.951  3324  3657 I com.miui.home: CheckGCForNative requested 1
12-22 17:20:49.004  3324  3361 I com.miui.home: NativeAlloc concurrent copying GC freed 89154(4099KB) AllocSpace objects, 6(240KB) LOS objects, 49% free, 8502KB/16MB, paused 213us,75us total 230.275ms
12-22 17:20:49.005 10354 10354 I wm_on_top_resumed_gained_called: [64152927,com.yxcorp.gifshow.HomeActivity,topStateChangedWhenResumed]
12-22 17:20:49.016  3324  3324 I wm_on_top_resumed_gained_called: [16226728,com.miui.home.launcher.Launcher,topStateChangedWhenResumed]
12-22 17:20:49.037 10354 10354 I wm_on_top_resumed_lost_called: [64152927,com.yxcorp.gifshow.HomeActivity,topStateChangedWhenResumed]
12-22 17:20:49.273  3324  3656 I com.miui.home: CheckGCForNative gc_urgency 0 current_native_bytes is 142042375 starting_gc_num:30
12-22 17:20:49.273  3324  3656 I cccccc  : createTaskSnapshotCompat:
12-22 17:20:49.276  3324  3656 I com.miui.home: CheckGCForNative adj_start_bytes: 33106614 NativeAllocationGcWatermark: 10565325 java_gc_start_bytes: 17258627 kNewNativeDiscountFactor: 2 kOldNativeDiscountFactor: 65536 old_native_bytes: 142042375 new_native_bytes: 10707136 add_bytes_allowed: 31695975 is_gc_concurrent: 1 target_footprint_: 17413737 GetBytesAllocated: 9291150 HeapGrowthMultiplier: 3
12-22 17:20:49.276  3324  3656 I com.miui.home: CheckGCForNative gc_urgency 0.442416 current_native_bytes is 152749511 starting_gc_num:30
12-22 17:20:49.593  3324  3639 I com.miui.home: CheckGCForNative adj_start_bytes: 33106614 NativeAllocationGcWatermark: 10565325 java_gc_start_bytes: 17258627 kNewNativeDiscountFactor: 2 kOldNativeDiscountFactor: 65536 old_native_bytes: 142042375 new_native_bytes: 54568 add_bytes_allowed: 31695975 is_gc_concurrent: 1 target_footprint_: 17413737 GetBytesAllocated: 9737628 HeapGrowthMultiplier: 3
12-22 17:20:49.593  3324  3639 I com.miui.home: CheckGCForNative gc_urgency 0.295019 current_native_bytes is 142096943 starting_gc_num:30
12-22 17:20:49.666  3324  3324 I wm_on_top_resumed_lost_called: [16226728,com.miui.home.launcher.Launcher,topStateChangedWhenResumed]
12-22 17:20:49.726  3324  3758 D cccccc  : onTaskStackChangedBackground
12-22 17:20:49.727  3324  3758 D cccccc  : onTaskStackChangedBackground
