12-22 16:32:43.810  3340  3626 I com.miui.home: CheckGCForNative adj_start_bytes: 33300972 NativeAllocationGcWatermark: 10597665 java_gc_start_bytes: 17404475 kNewNativeDiscountFactor: 2 kOldNativeDiscountFactor: 65536 old_native_bytes: 131512575 new_native_bytes: 23236952 add_bytes_allowed: 31792995 is_gc_concurrent: 1 target_footprint_: 17672462 GetBytesAllocated: 16872952 HeapGrowthMultiplier: 3
12-22 16:32:43.810  3340  3626 I com.miui.home: CheckGCForNative gc_urgency 0.855634 current_native_bytes is 154749527 starting_gc_num:26
12-22 16:32:43.926  3340  3382 I com.miui.home: NativeAlloc concurrent copying GC freed 167216(7094KB) AllocSpace objects, 28(792KB) LOS objects, 49% free, 8654KB/16MB, paused 2.514ms,957us total 321.074ms
12-22 16:32:43.966  3340  3626 I com.miui.home: CheckGCForNative gc_urgency 0 current_native_bytes is 130997271 starting_gc_num:27
12-22 16:32:44.087  3340  3625 I com.miui.home: CheckGCForNative adj_start_bytes: 33215951 NativeAllocationGcWatermark: 10604257 java_gc_start_bytes: 17309566 kNewNativeDiscountFactor: 2 kOldNativeDiscountFactor: 65536 old_native_bytes: 130997271 new_native_bytes: 9083836 add_bytes_allowed: 31812771 is_gc_concurrent: 1 target_footprint_: 17725197 GetBytesAllocated: 8989904 HeapGrowthMultiplier: 3
12-22 16:32:44.087  3340  3625 I com.miui.home: CheckGCForNative gc_urgency 0.407449 current_native_bytes is 140081107 starting_gc_num:27
12-22 16:32:44.088  3340  3625 I cccccc  : createTaskSnapshotCompat:
12-22 16:32:44.088  3340  3391 I cccccc  : getTaskSnapshot:
12-22 16:32:44.089  3340  3391 I com.miui.home: CheckGCForNative adj_start_bytes: 33215951 NativeAllocationGcWatermark: 10604257 java_gc_start_bytes: 17309566 kNewNativeDiscountFactor: 2 kOldNativeDiscountFactor: 65536 old_native_bytes: 130997271 new_native_bytes: 19789756 add_bytes_allowed: 31812771 is_gc_concurrent: 1 target_footprint_: 17725197 GetBytesAllocated: 8990740 HeapGrowthMultiplier: 3
12-22 16:32:44.089  3340  3391 I com.miui.home: CheckGCForNative gc_urgency 0.568631 current_native_bytes is 150787027 starting_gc_num:27
12-22 16:32:44.089  3340  3340 I cccccc  : createTaskSnapshotCompat:
12-22 16:32:44.090  3340  3340 I com.miui.home: CheckGCForNative adj_start_bytes: 33215951 NativeAllocationGcWatermark: 10604257 java_gc_start_bytes: 17309566 kNewNativeDiscountFactor: 2 kOldNativeDiscountFactor: 65536 old_native_bytes: 130997271 new_native_bytes: 30496700 add_bytes_allowed: 31812771 is_gc_concurrent: 1 target_footprint_: 17725197 GetBytesAllocated: 8990932 HeapGrowthMultiplier: 3
12-22 16:32:44.090  3340  3340 I com.miui.home: CheckGCForNative gc_urgency 0.729808 current_native_bytes is 161493971 starting_gc_num:27
12-22 16:32:44.090  3340  3625 I com.miui.home: CheckGCForNative adj_start_bytes: 33215951 NativeAllocationGcWatermark: 10604257 java_gc_start_bytes: 17309566 kNewNativeDiscountFactor: 2 kOldNativeDiscountFactor: 65536 old_native_bytes: 130997271 new_native_bytes: 30499964 add_bytes_allowed: 31812771 is_gc_concurrent: 1 target_footprint_: 17725197 GetBytesAllocated: 8990932 HeapGrowthMultiplier: 3
12-22 16:32:44.090  3340  3625 I com.miui.home: CheckGCForNative gc_urgency 0.729858 current_native_bytes is 161497235 starting_gc_num:27
12-22 16:32:44.173 11902 11902 I wm_on_application_create_called: [0,com.taobao.taobao,1193]
12-22 16:32:44.234 11526 11526 I wm_on_paused_called: [0,66320048,com.dragon.read.pages.splash.SplashActivity,performPause,133]
12-22 16:32:44.407  3340  3340 I wm_on_top_resumed_lost_called: [260320243,com.miui.home.launcher.Launcher,topStateChangedWhenResumed]
12-22 16:32:44.419  3340  3392 D cccccc  : onTaskStackChangedBackground
12-22 16:32:44.420  3340  3392 D cccccc  : onTaskStackChangedBackground
12-22 16:32:44.663  3340  3340 I wm_on_paused_called: [0,260320243,com.miui.home.launcher.Launcher,performPause,3]
12-22 16:32:44.907  3340  3683 D cccccc  : onTaskStackChangedBackground
12-22 16:32:44.908  3340  3391 D cccccc  : onTaskStackChangedBackground
12-22 16:32:44.912  3340  3626 I com.miui.home: CheckGCForNative adj_start_bytes: 33215951 NativeAllocationGcWatermark: 10604257 java_gc_start_bytes: 17309566 kNewNativeDiscountFactor: 2 kOldNativeDiscountFactor: 65536 old_native_bytes: 130997271 new_native_bytes: 20697356 add_bytes_allowed: 31812771 is_gc_concurrent: 1 target_footprint_: 17725197 GetBytesAllocated: 9891949 HeapGrowthMultiplier: 3
12-22 16:32:44.912  3340  3626 I com.miui.home: CheckGCForNative gc_urgency 0.609425 current_native_bytes is 151694627 starting_gc_num:27
12-22 16:32:44.954  7972  7972 I wm_on_create_called: [0,235960650,com.tencent.mm.ui.LauncherUI,performCreate,122]
12-22 16:32:45.057  7972  7972 I wm_on_create_called: [0,92458206,com.tencent.mm.app.WeChatSplashActivity,performCreate,31]
12-22 16:32:45.095  3340  3644 I com.miui.home: CheckGCForNative adj_start_bytes: 33215951 NativeAllocationGcWatermark: 10604257 java_gc_start_bytes: 17309566 kNewNativeDiscountFactor: 2 kOldNativeDiscountFactor: 65536 old_native_bytes: 130997271 new_native_bytes: 21018132 add_bytes_allowed: 31812771 is_gc_concurrent: 1 target_footprint_: 17725197 GetBytesAllocated: 10064023 HeapGrowthMultiplier: 3
12-22 16:32:45.096  3340  3644 I com.miui.home: CheckGCForNative gc_urgency 0.619434 current_native_bytes is 152015403 starting_gc_num:27
12-22 16:32:45.101  7972  7972 I wm_on_start_called: [0,92458206,com.tencent.mm.app.WeChatSplashActivity,handleStartActivity,6]
12-22 16:32:45.114  3340  3391 D cccccc  : onTaskStackChangedBackground
12-22 16:32:45.114  3340  3683 D cccccc  : onTaskStackChangedBackground
12-22 16:32:45.122  7972  7972 I wm_on_resume_called: [0,92458206,com.tencent.mm.app.WeChatSplashActivity,RESUME_ACTIVITY,17]
12-22 16:32:45.202  3340  3626 I com.miui.home: CheckGCForNative adj_start_bytes: 33215951 NativeAllocationGcWatermark: 10604257 java_gc_start_bytes: 17309566 kNewNativeDiscountFactor: 2 kOldNativeDiscountFactor: 65536 old_native_bytes: 130997271 new_native_bytes: 21067880 add_bytes_allowed: 31812771 is_gc_concurrent: 1 target_footprint_: 17725197 GetBytesAllocated: 10193945 HeapGrowthMultiplier: 3
12-22 16:32:45.202  3340  3626 I com.miui.home: CheckGCForNative gc_urgency 0.624094 current_native_bytes is 152065151 starting_gc_num:27
12-22 16:32:45.205  7972  7972 I wm_on_top_resumed_gained_called: [92458206,com.tencent.mm.app.WeChatSplashActivity,topStateChangedWhenResumed]
12-22 16:32:45.322  3340  3644 E cccccc  : createTaskSnapshot:
12-22 16:32:45.322  3340  3644 I cccccc  : getTaskSnapshotInstance:
12-22 16:32:45.394  3340  3644 E cccccc  : createTaskSnapshot:
12-22 16:32:45.394  3340  3644 I cccccc  : getTaskSnapshotInstance:
12-22 16:32:45.424  3340  3644 I com.miui.home: CheckGCForNative adj_start_bytes: 33215951 NativeAllocationGcWatermark: 10604257 java_gc_start_bytes: 17309566 kNewNativeDiscountFactor: 2 kOldNativeDiscountFactor: 65536 old_native_bytes: 130997271 new_native_bytes: 31543304 add_bytes_allowed: 31812771 is_gc_concurrent: 1 target_footprint_: 17725197 GetBytesAllocated: 10351701 HeapGrowthMultiplier: 3
12-22 16:32:45.424  3340  3644 I com.miui.home: CheckGCForNative gc_urgency 0.78653 current_native_bytes is 162540575 starting_gc_num:27
12-22 16:32:45.580  7972  7972 I wm_on_top_resumed_lost_called: [92458206,com.tencent.mm.app.WeChatSplashActivity,topStateChangedWhenResumed]
12-22 16:32:45.634  3340  3644 E cccccc  : createTaskSnapshot:
12-22 16:32:45.634  3340  3644 I cccccc  : getTaskSnapshotInstance:
12-22 16:32:45.646  7972  7972 I wm_on_paused_called: [0,92458206,com.tencent.mm.app.WeChatSplashActivity,performPause,7]
12-22 16:32:45.719  3340  3340 I wm_on_stop_called: [0,260320243,com.miui.home.launcher.Launcher,STOP_ACTIVITY_ITEM,17]
12-22 16:32:45.734 11902 11902 I wm_on_create_called: [0,136590924,com.taobao.tao.welcome.Welcome,performCreate,1314]
12-22 16:32:45.776  3340  3683 D cccccc  : onTaskStackChangedBackground
12-22 16:32:45.778  3340  3391 D cccccc  : onTaskStackChangedBackground
12-22 16:32:46.005  3340  3644 E cccccc  : createTaskSnapshot:
12-22 16:32:46.005  3340  3644 I cccccc  : getTaskSnapshotInstance:
12-22 16:32:46.131  3340  3340 I wm_on_restart_called: [0,260320243,com.miui.home.launcher.Launcher,,0]
12-22 16:32:46.133  3340  3340 I wm_on_start_called: [0,260320243,com.miui.home.launcher.Launcher,handleStartActivity,1]
12-22 16:32:46.152  3340  3340 I wm_on_resume_called: [0,260320243,com.miui.home.launcher.Launcher,RESUME_ACTIVITY,17]
12-22 16:32:46.273  3340  3599 I com.miui.home: CheckGCForNative adj_start_bytes: 33215951 NativeAllocationGcWatermark: 10604257 java_gc_start_bytes: 17309566 kNewNativeDiscountFactor: 2 kOldNativeDiscountFactor: 65536 old_native_bytes: 130997271 new_native_bytes: 21794716 add_bytes_allowed: 31812771 is_gc_concurrent: 1 target_footprint_: 17725197 GetBytesAllocated: 13185155 HeapGrowthMultiplier: 3
12-22 16:32:46.273  3340  3599 I com.miui.home: CheckGCForNative gc_urgency 0.72512 current_native_bytes is 152791987 starting_gc_num:27
12-22 16:32:46.283  3340  3340 I wm_on_idle_called: com.miui.home.launcher.Launcher
12-22 16:32:46.417 11902 11902 I wm_on_start_called: [0,136590924,com.taobao.tao.welcome.Welcome,handleStartActivity,669]
12-22 16:32:46.478  7972  7972 I wm_on_create_called: [0,54530689,com.tencent.mm.ui.LauncherUI,performCreate,646]
12-22 16:32:46.529  3340  3392 I com.miui.home: CheckGCForNative adj_start_bytes: 33215951 NativeAllocationGcWatermark: 10604257 java_gc_start_bytes: 17309566 kNewNativeDiscountFactor: 2 kOldNativeDiscountFactor: 65536 old_native_bytes: 130997271 new_native_bytes: 32741752 add_bytes_allowed: 31812771 is_gc_concurrent: 1 target_footprint_: 17725197 GetBytesAllocated: 13667879 HeapGrowthMultiplier: 3
12-22 16:32:46.529  3340  3392 I com.miui.home: CheckGCForNative gc_urgency 0.904407 current_native_bytes is 163739023 starting_gc_num:27
12-22 16:32:46.530  3340  3392 I cccccc  : createTaskSnapshotCompat:
12-22 16:32:46.530  3340  3391 I cccccc  : getTaskSnapshot:
12-22 16:32:46.533  3340  3392 I com.miui.home: CheckGCForNative adj_start_bytes: 33215951 NativeAllocationGcWatermark: 10604257 java_gc_start_bytes: 17309566 kNewNativeDiscountFactor: 2 kOldNativeDiscountFactor: 65536 old_native_bytes: 130997271 new_native_bytes: 54155096 add_bytes_allowed: 31812771 is_gc_concurrent: 1 target_footprint_: 17725197 GetBytesAllocated: 13682393 HeapGrowthMultiplier: 3
12-22 16:32:46.533  3340  3391 I com.miui.home: CheckGCForNative adj_start_bytes: 33215951 NativeAllocationGcWatermark: 10604257 java_gc_start_bytes: 17309566 kNewNativeDiscountFactor: 2 kOldNativeDiscountFactor: 65536 old_native_bytes: 130997271 new_native_bytes: 54155096 add_bytes_allowed: 31812771 is_gc_concurrent: 1 target_footprint_: 17725197 GetBytesAllocated: 13682393 HeapGrowthMultiplier: 3
12-22 16:32:46.533  3340  3392 I com.miui.home: CheckGCForNative gc_urgency 1.22718 current_native_bytes is 185152367 starting_gc_num:27
12-22 16:32:46.533  3340  3391 I com.miui.home: CheckGCForNative gc_urgency 1.22718 current_native_bytes is 185152367 starting_gc_num:27
12-22 16:32:46.533  3340  3392 I com.miui.home: CheckGCForNative requested 1
12-22 16:32:46.533  3340  3391 I com.miui.home: CheckGCForNative requested 1
12-22 16:32:46.535  3340  3340 I cccccc  : createTaskSnapshotCompat:
12-22 16:32:46.539  3340  3644 E cccccc  : createTaskSnapshot:
12-22 16:32:46.539  3340  3644 I cccccc  : getTaskSnapshotInstance:
12-22 16:32:46.568  3340  3644 I com.miui.home: CheckGCForNative adj_start_bytes: 33215951 NativeAllocationGcWatermark: 10604257 java_gc_start_bytes: 17309566 kNewNativeDiscountFactor: 2 kOldNativeDiscountFactor: 65536 old_native_bytes: 130997271 new_native_bytes: 43502024 add_bytes_allowed: 31812771 is_gc_concurrent: 1 target_footprint_: 17725197 GetBytesAllocated: 13739685 HeapGrowthMultiplier: 3
12-22 16:32:46.568  3340  3644 I com.miui.home: CheckGCForNative gc_urgency 1.06854 current_native_bytes is 174499295 starting_gc_num:27
12-22 16:32:46.568  3340  3644 I com.miui.home: CheckGCForNative requested 1
12-22 16:32:46.583  3340  3626 I com.miui.home: CheckGCForNative adj_start_bytes: 33215951 NativeAllocationGcWatermark: 10604257 java_gc_start_bytes: 17309566 kNewNativeDiscountFactor: 2 kOldNativeDiscountFactor: 65536 old_native_bytes: 130997271 new_native_bytes: 32795144 add_bytes_allowed: 31812771 is_gc_concurrent: 1 target_footprint_: 17725197 GetBytesAllocated: 13747621 HeapGrowthMultiplier: 3
12-22 16:32:46.583  3340  3626 I com.miui.home: CheckGCForNative gc_urgency 0.907612 current_native_bytes is 163792415 starting_gc_num:27
12-22 16:32:46.627  3340  3340 I wm_on_top_resumed_gained_called: [260320243,com.miui.home.launcher.Launcher,topStateChangedWhenResumed]
12-22 16:32:46.630  7972  7972 I wm_on_start_called: [0,54530689,com.tencent.mm.ui.LauncherUI,handleStartActivity,102]
12-22 16:32:46.728  3340  3626 I com.miui.home: CheckGCForNative adj_start_bytes: 33215951 NativeAllocationGcWatermark: 10604257 java_gc_start_bytes: 17309566 kNewNativeDiscountFactor: 2 kOldNativeDiscountFactor: 65536 old_native_bytes: 130997271 new_native_bytes: 32804584 add_bytes_allowed: 31812771 is_gc_concurrent: 1 target_footprint_: 17725197 GetBytesAllocated: 13840240 HeapGrowthMultiplier: 3
12-22 16:32:46.729  3340  3626 I com.miui.home: CheckGCForNative gc_urgency 0.910542 current_native_bytes is 163801855 starting_gc_num:27
12-22 16:32:46.797  3340  3382 I com.miui.home: NativeAlloc concurrent copying GC freed 103017(4561KB) AllocSpace objects, 14(392KB) LOS objects, 49% free, 8591KB/16MB, paused 771us,113us total 263.236ms
12-22 16:32:46.898 11902 11902 I wm_on_resume_called: [0,136590924,com.taobao.tao.welcome.Welcome,RESUME_ACTIVITY,448]
12-22 16:32:47.054  3340  3625 I cccccc  : createTaskSnapshotCompat:
12-22 16:32:47.095  7972  7972 I wm_on_resume_called: [0,54530689,com.tencent.mm.ui.LauncherUI,RESUME_ACTIVITY,460]
12-22 16:32:47.101  3340  3683 D cccccc  : onTaskStackChangedBackground
12-22 16:32:47.115  3340  3392 D cccccc  : onTaskStackChangedBackground
12-22 16:32:47.125  7972  7972 I wm_on_top_resumed_gained_called: [54530689,com.tencent.mm.ui.LauncherUI,topStateChangedWhenResumed]
12-22 16:32:47.136  7972  7972 I wm_on_destroy_called: [0,235960650,com.tencent.mm.ui.LauncherUI,performDestroy,10]
12-22 16:32:47.168  7972  7972 I wm_on_top_resumed_lost_called: [54530689,com.tencent.mm.ui.LauncherUI,topStateChangedWhenResumed]
12-22 16:32:47.216 11902 11902 I wm_on_top_resumed_gained_called: [136590924,com.taobao.tao.welcome.Welcome,topStateChangedWhenResumed]
12-22 16:32:47.237 11902 11902 I wm_on_top_resumed_lost_called: [136590924,com.taobao.tao.welcome.Welcome,topStateChangedWhenResumed]
12-22 16:32:47.267 11902 11902 I wm_on_paused_called: [0,136590924,com.taobao.tao.welcome.Welcome,performPause,28]
12-22 16:32:47.275  7972  7972 I wm_on_paused_called: [0,54530689,com.tencent.mm.ui.LauncherUI,performPause,45]
12-22 16:32:47.414  3340  3644 I com.miui.home: CheckGCForNative gc_urgency 0 current_native_bytes is 119851267 starting_gc_num:28
12-22 16:32:47.470  3340  3340 I wm_on_top_resumed_lost_called: [260320243,com.miui.home.launcher.Launcher,topStateChangedWhenResumed]
12-22 16:32:47.544  3340  3683 D cccccc  : onTaskStackChangedBackground
12-22 16:32:47.552  3340  3340 I wm_on_paused_called: [0,260320243,com.miui.home.launcher.Launcher,performPause,3]
12-22 16:32:47.697  3340  3392 D cccccc  : onTaskStackChangedBackground
12-22 16:32:47.704  3340  3392 D cccccc  : onTaskStackChangedBackground
12-22 16:32:47.779  3340  3644 E cccccc  : createTaskSnapshot:
12-22 16:32:47.779  3340  3644 I cccccc  : getTaskSnapshotInstance:
12-22 16:32:47.794  7972  7972 I wm_on_create_called: [0,183053229,com.tencent.mm.plugin.account.ui.WelcomeActivity,performCreate,395]
12-22 16:32:47.802  7972  7972 I wm_on_start_called: [0,183053229,com.tencent.mm.plugin.account.ui.WelcomeActivity,handleStartActivity,6]
12-22 16:32:47.817  7972  7972 I wm_on_resume_called: [0,183053229,com.tencent.mm.plugin.account.ui.WelcomeActivity,RESUME_ACTIVITY,12]
12-22 16:32:47.842  3340  3626 I com.miui.home: CheckGCForNative adj_start_bytes: 33289943 NativeAllocationGcWatermark: 10588101 java_gc_start_bytes: 17407792 kNewNativeDiscountFactor: 2 kOldNativeDiscountFactor: 65536 old_native_bytes: 119851267 new_native_bytes: 260292 add_bytes_allowed: 31764303 is_gc_concurrent: 1 target_footprint_: 17595950 GetBytesAllocated: 10275352 HeapGrowthMultiplier: 3
12-22 16:32:47.842  3340  3626 I com.miui.home: CheckGCForNative gc_urgency 0.312627 current_native_bytes is 120111559 starting_gc_num:28
12-22 16:32:47.852 11902 11902 I wm_on_stop_called: [0,136590924,com.taobao.tao.welcome.Welcome,STOP_ACTIVITY_ITEM,555]
12-22 16:32:47.859  3340  3644 I com.miui.home: CheckGCForNative adj_start_bytes: 33289943 NativeAllocationGcWatermark: 10588101 java_gc_start_bytes: 17407792 kNewNativeDiscountFactor: 2 kOldNativeDiscountFactor: 65536 old_native_bytes: 119851267 new_native_bytes: 10967300 add_bytes_allowed: 31764303 is_gc_concurrent: 1 target_footprint_: 17595950 GetBytesAllocated: 10302442 HeapGrowthMultiplier: 3
12-22 16:32:47.861  3340  3644 I com.miui.home: CheckGCForNative gc_urgency 0.474255 current_native_bytes is 130818567 starting_gc_num:28
12-22 16:32:47.965  3340  3626 I com.miui.home: CheckGCForNative adj_start_bytes: 33289943 NativeAllocationGcWatermark: 10588101 java_gc_start_bytes: 17407792 kNewNativeDiscountFactor: 2 kOldNativeDiscountFactor: 65536 old_native_bytes: 119851267 new_native_bytes: 271044 add_bytes_allowed: 31764303 is_gc_concurrent: 1 target_footprint_: 17595950 GetBytesAllocated: 10377276 HeapGrowthMultiplier: 3
12-22 16:32:47.965  3340  3626 I com.miui.home: CheckGCForNative gc_urgency 0.31585 current_native_bytes is 120122311 starting_gc_num:28
12-22 16:32:48.009  7972  7972 I wm_on_paused_called: [0,183053229,com.tencent.mm.plugin.account.ui.WelcomeActivity,performPause,10]
12-22 16:32:48.052  7972  7972 I wm_on_stop_called: [0,92458206,com.tencent.mm.app.WeChatSplashActivity,LIFECYCLER_STOP_ACTIVITY,21]
12-22 16:32:48.066  7972  7972 I wm_on_destroy_called: [0,92458206,com.tencent.mm.app.WeChatSplashActivity,performDestroy,5]
12-22 16:32:48.136  7972  7972 I wm_on_stop_called: [0,54530689,com.tencent.mm.ui.LauncherUI,STOP_ACTIVITY_ITEM,14]
12-22 16:32:48.323  3340  3644 I com.miui.home: CheckGCForNative adj_start_bytes: 33289943 NativeAllocationGcWatermark: 10588101 java_gc_start_bytes: 17407792 kNewNativeDiscountFactor: 2 kOldNativeDiscountFactor: 65536 old_native_bytes: 119851267 new_native_bytes: 174000 add_bytes_allowed: 31764303 is_gc_concurrent: 1 target_footprint_: 17595950 GetBytesAllocated: 10869381 HeapGrowthMultiplier: 3
12-22 16:32:48.323  3340  3644 I com.miui.home: CheckGCForNative gc_urgency 0.329175 current_native_bytes is 120025267 starting_gc_num:28
12-22 16:32:48.342  7972  7972 I wm_on_stop_called: [0,183053229,com.tencent.mm.plugin.account.ui.WelcomeActivity,STOP_ACTIVITY_ITEM,3]
12-22 16:32:48.434  3340  3644 E cccccc  : createTaskSnapshot:
12-22 16:32:48.434  3340  3644 I cccccc  : getTaskSnapshotInstance:
12-22 16:32:48.475 12651 12651 I wm_on_application_create_called: [0,com.sina.weibo,268]
12-22 16:32:48.505  7972  7972 I wm_on_idle_called: com.tencent.mm.ui.LauncherUI
12-22 16:32:48.505  7972  7972 I wm_on_idle_called: com.tencent.mm.plugin.account.ui.WelcomeActivity
12-22 16:32:48.538  3340  3340 I wm_on_stop_called: [0,260320243,com.miui.home.launcher.Launcher,STOP_ACTIVITY_ITEM,11]
12-22 16:32:48.833 12651 12651 I wm_on_create_called: [0,188652202,com.sina.weibo.SplashActivity,performCreate,332]
12-22 16:32:48.887 12651 12651 I wm_on_start_called: [0,188652202,com.sina.weibo.SplashActivity,handleStartActivity,54]
12-22 16:32:48.895 12651 12651 I wm_on_resume_called: [0,188652202,com.sina.weibo.SplashActivity,RESUME_ACTIVITY,5]
12-22 16:32:48.932 12651 12651 I wm_on_top_resumed_gained_called: [188652202,com.sina.weibo.SplashActivity,topStateChangedWhenResumed]
12-22 16:32:49.061  3340  3340 I wm_on_restart_called: [0,260320243,com.miui.home.launcher.Launcher,,0]
12-22 16:32:49.062  3340  3340 I wm_on_start_called: [0,260320243,com.miui.home.launcher.Launcher,handleStartActivity,2]
12-22 16:32:49.080  3340  3340 I wm_on_resume_called: [0,260320243,com.miui.home.launcher.Launcher,RESUME_ACTIVITY,15]
12-22 16:32:49.197  3340  3340 I wm_on_idle_called: com.miui.home.launcher.Launcher
12-22 16:32:49.327  3340  3683 I cccccc  : getTaskSnapshot:
12-22 16:32:49.329  3340  3391 I com.miui.home: CheckGCForNative adj_start_bytes: 33289943 NativeAllocationGcWatermark: 10588101 java_gc_start_bytes: 17407792 kNewNativeDiscountFactor: 2 kOldNativeDiscountFactor: 65536 old_native_bytes: 119851267 new_native_bytes: 21949460 add_bytes_allowed: 31764303 is_gc_concurrent: 1 target_footprint_: 17595950 GetBytesAllocated: 12531837 HeapGrowthMultiplier: 3
12-22 16:32:49.329  3340  3391 I com.miui.home: CheckGCForNative gc_urgency 0.706171 current_native_bytes is 141800727 starting_gc_num:28
12-22 16:32:49.331  3340  3683 I com.miui.home: CheckGCForNative adj_start_bytes: 33289943 NativeAllocationGcWatermark: 10588101 java_gc_start_bytes: 17407792 kNewNativeDiscountFactor: 2 kOldNativeDiscountFactor: 65536 old_native_bytes: 119851267 new_native_bytes: 21949460 add_bytes_allowed: 31764303 is_gc_concurrent: 1 target_footprint_: 17595950 GetBytesAllocated: 12531837 HeapGrowthMultiplier: 3
12-22 16:32:49.332  3340  3683 I com.miui.home: CheckGCForNative gc_urgency 0.706177 current_native_bytes is 141800727 starting_gc_num:28
12-22 16:32:49.332  3340  3340 I cccccc  : createTaskSnapshotCompat:
12-22 16:32:49.333  3340  3340 I com.miui.home: CheckGCForNative adj_start_bytes: 33289943 NativeAllocationGcWatermark: 10588101 java_gc_start_bytes: 17407792 kNewNativeDiscountFactor: 2 kOldNativeDiscountFactor: 65536 old_native_bytes: 119851267 new_native_bytes: 32656404 add_bytes_allowed: 31764303 is_gc_concurrent: 1 target_footprint_: 17595950 GetBytesAllocated: 12545998 HeapGrowthMultiplier: 3
12-22 16:32:49.333  3340  3340 I com.miui.home: CheckGCForNative gc_urgency 0.86741 current_native_bytes is 152507671 starting_gc_num:28
12-22 16:32:49.341  3340  3391 I cccccc  : createTaskSnapshotCompat:
12-22 16:32:49.412  3340  3626 I com.miui.home: CheckGCForNative adj_start_bytes: 33289943 NativeAllocationGcWatermark: 10588101 java_gc_start_bytes: 17407792 kNewNativeDiscountFactor: 2 kOldNativeDiscountFactor: 65536 old_native_bytes: 119851267 new_native_bytes: 11242964 add_bytes_allowed: 31764303 is_gc_concurrent: 1 target_footprint_: 17595950 GetBytesAllocated: 12659437 HeapGrowthMultiplier: 3
12-22 16:32:49.412  3340  3626 I com.miui.home: CheckGCForNative gc_urgency 0.549197 current_native_bytes is 131094231 starting_gc_num:28
12-22 16:32:49.538  3340  3340 I wm_on_top_resumed_gained_called: [260320243,com.miui.home.launcher.Launcher,topStateChangedWhenResumed]
12-22 16:32:49.546  3340  3626 I com.miui.home: CheckGCForNative adj_start_bytes: 33289943 NativeAllocationGcWatermark: 10588101 java_gc_start_bytes: 17407792 kNewNativeDiscountFactor: 2 kOldNativeDiscountFactor: 65536 old_native_bytes: 119851267 new_native_bytes: 11256404 add_bytes_allowed: 31764303 is_gc_concurrent: 1 target_footprint_: 17595950 GetBytesAllocated: 12837357 HeapGrowthMultiplier: 3
12-22 16:32:49.546  3340  3626 I com.miui.home: CheckGCForNative gc_urgency 0.554744 current_native_bytes is 131107671 starting_gc_num:28
12-22 16:32:49.682 12775 12775 I wm_on_application_create_called: [0,com.sina.weibo,768]
12-22 16:32:49.797 12651 12651 I wm_on_top_resumed_lost_called: [188652202,com.sina.weibo.SplashActivity,topStateChangedWhenResumed]
12-22 16:32:49.881 12651 12651 I wm_on_paused_called: [0,188652202,com.sina.weibo.SplashActivity,performPause,1]
12-22 16:32:49.883  3340  3625 I cccccc  : createTaskSnapshotCompat:
12-22 16:32:50.122  3340  3391 D cccccc  : onTaskStackChangedBackground
12-22 16:32:50.123  3340  3392 D cccccc  : onTaskStackChangedBackground
12-22 16:32:50.130 12651 12651 I wm_on_stop_called: [0,188652202,com.sina.weibo.SplashActivity,STOP_ACTIVITY_ITEM,18]
12-22 16:32:50.153 12651 12651 I wm_on_idle_called: com.sina.weibo.SplashActivity
12-22 16:32:50.270  3340  3340 I wm_on_top_resumed_lost_called: [260320243,com.miui.home.launcher.Launcher,topStateChangedWhenResumed]
12-22 16:32:50.281  3340  3340 I wm_on_paused_called: [0,260320243,com.miui.home.launcher.Launcher,performPause,2]
12-22 16:32:50.333  3340  3599 I com.miui.home: CheckGCForNative adj_start_bytes: 33289943 NativeAllocationGcWatermark: 10588101 java_gc_start_bytes: 17407792 kNewNativeDiscountFactor: 2 kOldNativeDiscountFactor: 65536 old_native_bytes: 119851267 new_native_bytes: 11416108 add_bytes_allowed: 31764303 is_gc_concurrent: 1 target_footprint_: 17595950 GetBytesAllocated: 13279542 HeapGrowthMultiplier: 3
12-22 16:32:50.333  3340  3599 I com.miui.home: CheckGCForNative gc_urgency 0.570425 current_native_bytes is 131267375 starting_gc_num:28
12-22 16:32:50.396  3340  3683 D cccccc  : onTaskStackChangedBackground
12-22 16:32:50.399  3340  3683 D cccccc  : onTaskStackChangedBackground
12-22 16:32:50.596  3340  3683 D cccccc  : onTaskStackChangedBackground
12-22 16:32:50.596  3340  3392 D cccccc  : onTaskStackChangedBackground
12-22 16:32:50.691  3340  3644 I com.miui.home: CheckGCForNative adj_start_bytes: 33289943 NativeAllocationGcWatermark: 10588101 java_gc_start_bytes: 17407792 kNewNativeDiscountFactor: 2 kOldNativeDiscountFactor: 65536 old_native_bytes: 119851267 new_native_bytes: 11515480 add_bytes_allowed: 31764303 is_gc_concurrent: 1 target_footprint_: 17595950 GetBytesAllocated: 13964300 HeapGrowthMultiplier: 3
12-22 16:32:50.691  3340  3644 I com.miui.home: CheckGCForNative gc_urgency 0.592487 current_native_bytes is 131366747 starting_gc_num:28
12-22 16:32:50.726  3340  3626 I com.miui.home: CheckGCForNative adj_start_bytes: 33289943 NativeAllocationGcWatermark: 10588101 java_gc_start_bytes: 17407792 kNewNativeDiscountFactor: 2 kOldNativeDiscountFactor: 65536 old_native_bytes: 119851267 new_native_bytes: 11595232 add_bytes_allowed: 31764303 is_gc_concurrent: 1 target_footprint_: 17595950 GetBytesAllocated: 14077100 HeapGrowthMultiplier: 3
12-22 16:32:50.726  3340  3626 I com.miui.home: CheckGCForNative gc_urgency 0.597073 current_native_bytes is 131446499 starting_gc_num:28
12-22 16:32:50.761  3340  3644 E cccccc  : createTaskSnapshot:
12-22 16:32:50.761  3340  3644 I cccccc  : getTaskSnapshotInstance:
12-22 16:32:50.763  3340  3644 E cccccc  : createTaskSnapshot:
12-22 16:32:50.763  3340  3644 I cccccc  : getTaskSnapshotInstance:
12-22 16:32:50.768  3340  3644 I com.miui.home: CheckGCForNative adj_start_bytes: 33289943 NativeAllocationGcWatermark: 10588101 java_gc_start_bytes: 17407792 kNewNativeDiscountFactor: 2 kOldNativeDiscountFactor: 65536 old_native_bytes: 119851267 new_native_bytes: 22328544 add_bytes_allowed: 31764303 is_gc_concurrent: 1 target_footprint_: 17595950 GetBytesAllocated: 14152546 HeapGrowthMultiplier: 3
12-22 16:32:50.769  3340  3644 I com.miui.home: CheckGCForNative gc_urgency 0.760549 current_native_bytes is 142179811 starting_gc_num:28
12-22 16:32:50.974  3340  3644 E cccccc  : createTaskSnapshot:
12-22 16:32:50.974  3340  3644 I cccccc  : getTaskSnapshotInstance:
12-22 16:32:50.994  3340  3626 I com.miui.home: CheckGCForNative adj_start_bytes: 33289943 NativeAllocationGcWatermark: 10588101 java_gc_start_bytes: 17407792 kNewNativeDiscountFactor: 2 kOldNativeDiscountFactor: 65536 old_native_bytes: 119851267 new_native_bytes: 11950548 add_bytes_allowed: 31764303 is_gc_concurrent: 1 target_footprint_: 17595950 GetBytesAllocated: 14805974 HeapGrowthMultiplier: 3
12-22 16:32:50.994  3340  3626 I com.miui.home: CheckGCForNative gc_urgency 0.624305 current_native_bytes is 131801815 starting_gc_num:28
12-22 16:32:51.386 13009 13009 I wm_on_create_called: [0,225999325,com.UCMobile.main.UCMobile,performCreate,119]
12-22 16:32:51.492 13009 13009 I wm_on_create_called: [0,216710298,com.uc.browser.InnerUCMobile,performCreate,42]
12-22 16:32:51.495 13009 13009 I wm_on_start_called: [0,216710298,com.uc.browser.InnerUCMobile,handleStartActivity,3]
12-22 16:32:51.509 13009 13009 I wm_on_resume_called: [0,216710298,com.uc.browser.InnerUCMobile,RESUME_ACTIVITY,8]
12-22 16:32:51.532  3340  3683 D cccccc  : onTaskStackChangedBackground
12-22 16:32:51.534  3340  3683 D cccccc  : onTaskStackChangedBackground
12-22 16:32:51.569 13009 13009 I wm_on_top_resumed_gained_called: [216710298,com.uc.browser.InnerUCMobile,topStateChangedWhenResumed]
12-22 16:32:51.716  3340  3644 E cccccc  : createTaskSnapshot:
12-22 16:32:51.716  3340  3644 I cccccc  : getTaskSnapshotInstance:
12-22 16:32:51.883  3340  3340 I wm_on_stop_called: [0,260320243,com.miui.home.launcher.Launcher,STOP_ACTIVITY_ITEM,7]
12-22 16:32:51.904  3340  3340 I wm_on_restart_called: [0,260320243,com.miui.home.launcher.Launcher,,0]
12-22 16:32:51.906  3340  3340 I wm_on_start_called: [0,260320243,com.miui.home.launcher.Launcher,handleStartActivity,1]
12-22 16:32:51.923  3340  3340 I wm_on_resume_called: [0,260320243,com.miui.home.launcher.Launcher,RESUME_ACTIVITY,15]
12-22 16:32:52.020  3340  3649 I com.miui.home: CheckGCForNative adj_start_bytes: 33289943 NativeAllocationGcWatermark: 10588101 java_gc_start_bytes: 17407792 kNewNativeDiscountFactor: 2 kOldNativeDiscountFactor: 65536 old_native_bytes: 119851267 new_native_bytes: 12475244 add_bytes_allowed: 31764303 is_gc_concurrent: 1 target_footprint_: 17595950 GetBytesAllocated: 16946780 HeapGrowthMultiplier: 3
12-22 16:32:52.020  3340  3649 I com.miui.home: CheckGCForNative gc_urgency 0.696494 current_native_bytes is 132326511 starting_gc_num:28
12-22 16:32:52.040  3340  3340 I wm_on_idle_called: com.miui.home.launcher.Launcher
12-22 16:32:52.133  3340  3644 E cccccc  : createTaskSnapshot:
12-22 16:32:52.133  3340  3644 I cccccc  : getTaskSnapshotInstance:
12-22 16:32:52.200 13009 13009 I wm_on_destroy_called: [0,225999325,com.UCMobile.main.UCMobile,performDestroy,0]
12-22 16:32:52.200 13009 13009 I wm_on_top_resumed_lost_called: [216710298,com.uc.browser.InnerUCMobile,topStateChangedWhenResumed]
12-22 16:32:52.215  3340  3340 I wm_on_top_resumed_gained_called: [260320243,com.miui.home.launcher.Launcher,topStateChangedWhenResumed]
12-22 16:32:52.252  3340  3683 I com.miui.home: CheckGCForNative adj_start_bytes: 33289943 NativeAllocationGcWatermark: 10588101 java_gc_start_bytes: 17407792 kNewNativeDiscountFactor: 2 kOldNativeDiscountFactor: 65536 old_native_bytes: 119851267 new_native_bytes: 23253380 add_bytes_allowed: 31764303 is_gc_concurrent: 1 target_footprint_: 17595950 GetBytesAllocated: 17843076 HeapGrowthMultiplier: 3
12-22 16:32:52.254  3340  3683 I com.miui.home: CheckGCForNative gc_urgency 0.8853 current_native_bytes is 143104647 starting_gc_num:28
12-22 16:32:52.258  3340  3683 I cccccc  : createTaskSnapshotCompat:
12-22 16:32:52.263  3340  3683 I com.miui.home: CheckGCForNative adj_start_bytes: 33289943 NativeAllocationGcWatermark: 10588101 java_gc_start_bytes: 17407792 kNewNativeDiscountFactor: 2 kOldNativeDiscountFactor: 65536 old_native_bytes: 119851267 new_native_bytes: 33960324 add_bytes_allowed: 31764303 is_gc_concurrent: 1 target_footprint_: 17595950 GetBytesAllocated: 17859652 HeapGrowthMultiplier: 3
12-22 16:32:52.263  3340  3683 I com.miui.home: CheckGCForNative gc_urgency 1.04661 current_native_bytes is 153811591 starting_gc_num:28
12-22 16:32:52.263  3340  3683 I com.miui.home: CheckGCForNative requested 1
12-22 16:32:52.297  3340  3626 I com.miui.home: CheckGCForNative gc_urgency 0 current_native_bytes is 142966023 starting_gc_num:29
12-22 16:32:52.396  3340  3683 I cccccc  : getTaskSnapshot:
12-22 16:32:52.397  3340  3683 I com.miui.home: CheckGCForNative adj_start_bytes: 32996667 NativeAllocationGcWatermark: 10588101 java_gc_start_bytes: 17114516 kNewNativeDiscountFactor: 2 kOldNativeDiscountFactor: 65536 old_native_bytes: 142966023 new_native_bytes: 8476784 add_bytes_allowed: 31764303 is_gc_concurrent: 1 target_footprint_: 17595950 GetBytesAllocated: 9518504 HeapGrowthMultiplier: 3
12-22 16:32:52.397  3340  3683 I com.miui.home: CheckGCForNative gc_urgency 0.416984 current_native_bytes is 151442807 starting_gc_num:29
12-22 16:32:52.397  3340  3340 I cccccc  : createTaskSnapshotCompat:
12-22 16:32:52.642  3340  3626 I com.miui.home: CheckGCForNative gc_urgency 0 current_native_bytes is 140700087 starting_gc_num:29
12-22 16:32:52.783  3340  3625 I cccccc  : createTaskSnapshotCompat:
12-22 16:32:52.976  3340  3340 I com.miui.home: CheckGCForNative gc_urgency 0 current_native_bytes is 140624243 starting_gc_num:29
12-22 16:32:53.036  3340  3340 I wm_on_top_resumed_lost_called: [260320243,com.miui.home.launcher.Launcher,topStateChangedWhenResumed]
12-22 16:32:53.055  3340  8588 D cccccc  : onTaskStackChangedBackground
12-22 16:32:53.056  3340  8588 D cccccc  : onTaskStackChangedBackground
12-22 16:32:53.204  3340 11489 I com.miui.home: CheckGCForNative adj_start_bytes: 32996667 NativeAllocationGcWatermark: 10588101 java_gc_start_bytes: 17114516 kNewNativeDiscountFactor: 2 kOldNativeDiscountFactor: 65536 old_native_bytes: 140624243 new_native_bytes: 24868 add_bytes_allowed: 31764303 is_gc_concurrent: 1 target_footprint_: 17595950 GetBytesAllocated: 10355473 HeapGrowthMultiplier: 3
12-22 16:32:53.204  3340 11489 I com.miui.home: CheckGCForNative gc_urgency 0.314276 current_native_bytes is 140649111 starting_gc_num:29
12-22 16:32:53.278  3340  3340 I wm_on_paused_called: [0,260320243,com.miui.home.launcher.Launcher,performPause,3]
12-22 16:32:53.390  3340  8588 D cccccc  : onTaskStackChangedBackground
12-22 16:32:53.392  3340  8588 D cccccc  : onTaskStackChangedBackground
12-22 16:32:53.493  3340  3644 E cccccc  : createTaskSnapshot:
12-22 16:32:53.493  3340  3644 I cccccc  : getTaskSnapshotInstance:
12-22 16:32:53.507  3340  3644 E cccccc  : createTaskSnapshot:
12-22 16:32:53.507  3340  3644 I cccccc  : getTaskSnapshotInstance:
12-22 16:32:53.509  3340  3644 I com.miui.home: CheckGCForNative adj_start_bytes: 32996667 NativeAllocationGcWatermark: 10588101 java_gc_start_bytes: 17114516 kNewNativeDiscountFactor: 2 kOldNativeDiscountFactor: 65536 old_native_bytes: 140624243 new_native_bytes: 11413584 add_bytes_allowed: 31764303 is_gc_concurrent: 1 target_footprint_: 17595950 GetBytesAllocated: 11092998 HeapGrowthMultiplier: 3
12-22 16:32:53.509  3340  3644 I com.miui.home: CheckGCForNative gc_urgency 0.509201 current_native_bytes is 152037827 starting_gc_num:29
12-22 16:32:53.670  3340  3644 I com.miui.home: CheckGCForNative adj_start_bytes: 32996667 NativeAllocationGcWatermark: 10588101 java_gc_start_bytes: 17114516 kNewNativeDiscountFactor: 2 kOldNativeDiscountFactor: 65536 old_native_bytes: 140624243 new_native_bytes: 784544 add_bytes_allowed: 31764303 is_gc_concurrent: 1 target_footprint_: 17595950 GetBytesAllocated: 11388976 HeapGrowthMultiplier: 3
12-22 16:32:53.670  3340  3644 I com.miui.home: CheckGCForNative gc_urgency 0.357109 current_native_bytes is 141408787 starting_gc_num:29
12-22 16:32:53.722  3340  3626 I com.miui.home: CheckGCForNative adj_start_bytes: 32996667 NativeAllocationGcWatermark: 10588101 java_gc_start_bytes: 17114516 kNewNativeDiscountFactor: 2 kOldNativeDiscountFactor: 65536 old_native_bytes: 140624243 new_native_bytes: 878268 add_bytes_allowed: 31764303 is_gc_concurrent: 1 target_footprint_: 17595950 GetBytesAllocated: 11665721 HeapGrowthMultiplier: 3
12-22 16:32:53.722  3340  3626 I com.miui.home: CheckGCForNative gc_urgency 0.366916 current_native_bytes is 141502511 starting_gc_num:29
12-22 16:32:53.746  3340  3644 E cccccc  : createTaskSnapshot:
12-22 16:32:53.746  3340  3644 I cccccc  : getTaskSnapshotInstance:
12-22 16:32:53.956  3340  3626 I com.miui.home: CheckGCForNative adj_start_bytes: 32996667 NativeAllocationGcWatermark: 10588101 java_gc_start_bytes: 17114516 kNewNativeDiscountFactor: 2 kOldNativeDiscountFactor: 65536 old_native_bytes: 140624243 new_native_bytes: 983212 add_bytes_allowed: 31764303 is_gc_concurrent: 1 target_footprint_: 17595950 GetBytesAllocated: 11868937 HeapGrowthMultiplier: 3
12-22 16:32:53.956  3340  3626 I com.miui.home: CheckGCForNative gc_urgency 0.374665 current_native_bytes is 141607455 starting_gc_num:29
12-22 16:32:54.341 13371 13371 I wm_on_create_called: [0,198863876,com.tencent.mtt.SplashActivity,performCreate,105]
12-22 16:32:54.454 13371 13371 I wm_on_create_called: [0,9473700,com.tencent.mtt.MainActivity,performCreate,72]
12-22 16:32:54.459 13371 13371 I wm_on_start_called: [0,9473700,com.tencent.mtt.MainActivity,handleStartActivity,5]
12-22 16:32:54.469  3340  3683 D cccccc  : onTaskStackChangedBackground
12-22 16:32:54.472  3340  3683 D cccccc  : onTaskStackChangedBackground
12-22 16:32:54.691  3340  3644 E cccccc  : createTaskSnapshot:
12-22 16:32:54.691  3340  3644 I cccccc  : getTaskSnapshotInstance:
12-22 16:32:54.837  3340  3340 I wm_on_resume_called: [0,260320243,com.miui.home.launcher.Launcher,RESUME_ACTIVITY,18]
12-22 16:32:54.860  3340  3340 I wm_on_idle_called: com.miui.home.launcher.Launcher
12-22 16:32:54.919  3340 11489 I com.miui.home: CheckGCForNative adj_start_bytes: 32996667 NativeAllocationGcWatermark: 10588101 java_gc_start_bytes: 17114516 kNewNativeDiscountFactor: 2 kOldNativeDiscountFactor: 65536 old_native_bytes: 140624243 new_native_bytes: 1091092 add_bytes_allowed: 31764303 is_gc_concurrent: 1 target_footprint_: 17595950 GetBytesAllocated: 13905532 HeapGrowthMultiplier: 3
12-22 16:32:54.919  3340 11489 I com.miui.home: CheckGCForNative gc_urgency 0.438021 current_native_bytes is 141715335 starting_gc_num:29
12-22 16:32:54.938  3340 11489 I com.miui.home: CheckGCForNative adj_start_bytes: 32996667 NativeAllocationGcWatermark: 10588101 java_gc_start_bytes: 17114516 kNewNativeDiscountFactor: 2 kOldNativeDiscountFactor: 65536 old_native_bytes: 140624243 new_native_bytes: 1091284 add_bytes_allowed: 31764303 is_gc_concurrent: 1 target_footprint_: 17595950 GetBytesAllocated: 13994252 HeapGrowthMultiplier: 3
12-22 16:32:54.938  3340 11489 I com.miui.home: CheckGCForNative gc_urgency 0.440794 current_native_bytes is 141715527 starting_gc_num:29
12-22 16:32:55.014  3340  8588 I com.miui.home: CheckGCForNative adj_start_bytes: 32996667 NativeAllocationGcWatermark: 10588101 java_gc_start_bytes: 17114516 kNewNativeDiscountFactor: 2 kOldNativeDiscountFactor: 65536 old_native_bytes: 140624243 new_native_bytes: 11766348 add_bytes_allowed: 31764303 is_gc_concurrent: 1 target_footprint_: 17595950 GetBytesAllocated: 14507791 HeapGrowthMultiplier: 3
12-22 16:32:55.014  3340  8588 I com.miui.home: CheckGCForNative gc_urgency 0.618035 current_native_bytes is 152390591 starting_gc_num:29
12-22 16:32:55.014  3340  8588 I cccccc  : createTaskSnapshotCompat:
12-22 16:32:55.026  3340  7147 I cccccc  : getTaskSnapshot:
12-22 16:32:55.027  3340  7147 I com.miui.home: CheckGCForNative adj_start_bytes: 32996667 NativeAllocationGcWatermark: 10588101 java_gc_start_bytes: 17114516 kNewNativeDiscountFactor: 2 kOldNativeDiscountFactor: 65536 old_native_bytes: 140624243 new_native_bytes: 22472908 add_bytes_allowed: 31764303 is_gc_concurrent: 1 target_footprint_: 17595950 GetBytesAllocated: 14588339 HeapGrowthMultiplier: 3
12-22 16:32:55.027  3340  7147 I com.miui.home: CheckGCForNative gc_urgency 0.782714 current_native_bytes is 163097151 starting_gc_num:29
12-22 16:32:55.030  3340  8588 I com.miui.home: CheckGCForNative adj_start_bytes: 32996667 NativeAllocationGcWatermark: 10588101 java_gc_start_bytes: 17114516 kNewNativeDiscountFactor: 2 kOldNativeDiscountFactor: 65536 old_native_bytes: 140624243 new_native_bytes: 33323212 add_bytes_allowed: 31764303 is_gc_concurrent: 1 target_footprint_: 17595950 GetBytesAllocated: 14595285 HeapGrowthMultiplier: 3
12-22 16:32:55.030  3340  8588 I com.miui.home: CheckGCForNative gc_urgency 0.947413 current_native_bytes is 173947455 starting_gc_num:29
12-22 16:32:55.034  3340  3340 I cccccc  : createTaskSnapshotCompat:
12-22 16:32:55.166  3340 11489 I com.miui.home: CheckGCForNative adj_start_bytes: 32996667 NativeAllocationGcWatermark: 10588101 java_gc_start_bytes: 17114516 kNewNativeDiscountFactor: 2 kOldNativeDiscountFactor: 65536 old_native_bytes: 140624243 new_native_bytes: 12144704 add_bytes_allowed: 31764303 is_gc_concurrent: 1 target_footprint_: 17595950 GetBytesAllocated: 14955292 HeapGrowthMultiplier: 3
12-22 16:32:55.166  3340 11489 I com.miui.home: CheckGCForNative gc_urgency 0.637331 current_native_bytes is 152768947 starting_gc_num:29
12-22 16:32:55.187  3340  3644 E cccccc  : createTaskSnapshot:
12-22 16:32:55.187  3340  3644 I cccccc  : getTaskSnapshotInstance:
12-22 16:32:55.194  3340  3644 I com.miui.home: CheckGCForNative adj_start_bytes: 32996667 NativeAllocationGcWatermark: 10588101 java_gc_start_bytes: 17114516 kNewNativeDiscountFactor: 2 kOldNativeDiscountFactor: 65536 old_native_bytes: 140624243 new_native_bytes: 22883072 add_bytes_allowed: 31764303 is_gc_concurrent: 1 target_footprint_: 17595950 GetBytesAllocated: 15036076 HeapGrowthMultiplier: 3
12-22 16:32:55.194  3340  3644 I com.miui.home: CheckGCForNative gc_urgency 0.802498 current_native_bytes is 163507315 starting_gc_num:29
12-22 16:32:55.253  3340  3340 I wm_on_top_resumed_gained_called: [260320243,com.miui.home.launcher.Launcher,topStateChangedWhenResumed]
12-22 16:32:55.299 13371 13371 I wm_on_resume_called: [0,9473700,com.tencent.mtt.MainActivity,RESUME_ACTIVITY,837]
12-22 16:32:55.309  3340 11489 I com.miui.home: CheckGCForNative adj_start_bytes: 32996667 NativeAllocationGcWatermark: 10588101 java_gc_start_bytes: 17114516 kNewNativeDiscountFactor: 2 kOldNativeDiscountFactor: 65536 old_native_bytes: 140624243 new_native_bytes: 12141376 add_bytes_allowed: 31764303 is_gc_concurrent: 1 target_footprint_: 17595950 GetBytesAllocated: 15093779 HeapGrowthMultiplier: 3
12-22 16:32:55.309  3340 11489 I com.miui.home: CheckGCForNative gc_urgency 0.641477 current_native_bytes is 152765619 starting_gc_num:29
12-22 16:32:55.313 13371 13371 I wm_on_top_resumed_gained_called: [9473700,com.tencent.mtt.MainActivity,topStateChangedWhenResumed]
12-22 16:32:55.404  3340  3626 I com.miui.home: CheckGCForNative adj_start_bytes: 32996667 NativeAllocationGcWatermark: 10588101 java_gc_start_bytes: 17114516 kNewNativeDiscountFactor: 2 kOldNativeDiscountFactor: 65536 old_native_bytes: 140624243 new_native_bytes: 12143808 add_bytes_allowed: 31764303 is_gc_concurrent: 1 target_footprint_: 17595950 GetBytesAllocated: 15124766 HeapGrowthMultiplier: 3
12-22 16:32:55.404  3340  3626 I com.miui.home: CheckGCForNative gc_urgency 0.642453 current_native_bytes is 152768051 starting_gc_num:29
12-22 16:32:55.543  3340  3625 I com.miui.home: CheckGCForNative adj_start_bytes: 32996667 NativeAllocationGcWatermark: 10588101 java_gc_start_bytes: 17114516 kNewNativeDiscountFactor: 2 kOldNativeDiscountFactor: 65536 old_native_bytes: 140624243 new_native_bytes: 22707072 add_bytes_allowed: 31764303 is_gc_concurrent: 1 target_footprint_: 17595950 GetBytesAllocated: 15202978 HeapGrowthMultiplier: 3
12-22 16:32:55.544  3340  3625 I com.miui.home: CheckGCForNative gc_urgency 0.804889 current_native_bytes is 163331315 starting_gc_num:29
12-22 16:32:55.544  3340  3625 I cccccc  : createTaskSnapshotCompat:
12-22 16:32:55.545  3340  8588 I cccccc  : getTaskSnapshot:
12-22 16:32:55.546  3340  8588 I com.miui.home: CheckGCForNative adj_start_bytes: 32996667 NativeAllocationGcWatermark: 10588101 java_gc_start_bytes: 17114516 kNewNativeDiscountFactor: 2 kOldNativeDiscountFactor: 65536 old_native_bytes: 140624243 new_native_bytes: 33413184 add_bytes_allowed: 31764303 is_gc_concurrent: 1 target_footprint_: 17595950 GetBytesAllocated: 15203170 HeapGrowthMultiplier: 3
12-22 16:32:55.546  3340  3625 I com.miui.home: CheckGCForNative adj_start_bytes: 32996667 NativeAllocationGcWatermark: 10588101 java_gc_start_bytes: 17114516 kNewNativeDiscountFactor: 2 kOldNativeDiscountFactor: 65536 old_native_bytes: 140624243 new_native_bytes: 44120448 add_bytes_allowed: 31764303 is_gc_concurrent: 1 target_footprint_: 17595950 GetBytesAllocated: 15203170 HeapGrowthMultiplier: 3
12-22 16:32:55.546  3340  3625 I com.miui.home: CheckGCForNative gc_urgency 1.12937 current_native_bytes is 184744691 starting_gc_num:29
12-22 16:32:55.547  3340  3625 I com.miui.home: CheckGCForNative requested 1
12-22 16:32:55.547  3340  8588 I com.miui.home: CheckGCForNative gc_urgency 0.967125 current_native_bytes is 174037427 starting_gc_num:29
12-22 16:32:55.548  3340  3340 I cccccc  : createTaskSnapshotCompat:
12-22 16:32:55.654  3340  3382 I com.miui.home: NativeAlloc concurrent copying GC freed 139436(5920KB) AllocSpace objects, 14(392KB) LOS objects, 50% free, 8650KB/16MB, paused 231us,1.128ms total 106.576ms
12-22 16:32:55.657 13371 13371 I wm_on_top_resumed_lost_called: [9473700,com.tencent.mtt.MainActivity,topStateChangedWhenResumed]
12-22 16:32:55.806  3340  3340 I wm_on_top_resumed_lost_called: [260320243,com.miui.home.launcher.Launcher,topStateChangedWhenResumed]
12-22 16:32:55.847  3340  7147 D cccccc  : onTaskStackChangedBackground
12-22 16:32:55.848  3340  7147 D cccccc  : onTaskStackChangedBackground
12-22 16:32:56.004 13371 13371 I wm_on_paused_called: [0,9473700,com.tencent.mtt.MainActivity,performPause,10]
12-22 16:32:56.020  3340  3340 I wm_on_paused_called: [0,260320243,com.miui.home.launcher.Launcher,performPause,2]
12-22 16:32:56.040 13371 13371 I wm_on_destroy_called: [0,198863876,com.tencent.mtt.SplashActivity,performDestroy,0]
12-22 16:32:56.169  3340  8588 D cccccc  : onTaskStackChangedBackground
12-22 16:32:56.176  3340  3644 E cccccc  : createTaskSnapshot:
12-22 16:32:56.176  3340  3644 I cccccc  : getTaskSnapshotInstance:
12-22 16:32:56.178  3340  3644 E cccccc  : createTaskSnapshot:
12-22 16:32:56.178  3340  3644 I cccccc  : getTaskSnapshotInstance:
12-22 16:32:56.178  3340  8588 D cccccc  : onTaskStackChangedBackground
12-22 16:32:56.179  3340  3644 I com.miui.home: CheckGCForNative gc_urgency 0 current_native_bytes is 140783711 starting_gc_num:30
12-22 16:32:56.340  3340  3626 I com.miui.home: CheckGCForNative gc_urgency 0 current_native_bytes is 130212407 starting_gc_num:30
12-22 16:32:56.473  3340  3626 I com.miui.home: CheckGCForNative adj_start_bytes: 33489756 NativeAllocationGcWatermark: 10603125 java_gc_start_bytes: 17585069 kNewNativeDiscountFactor: 2 kOldNativeDiscountFactor: 65536 old_native_bytes: 130212407 new_native_bytes: 263844 add_bytes_allowed: 31809375 is_gc_concurrent: 1 target_footprint_: 17716141 GetBytesAllocated: 10712249 HeapGrowthMultiplier: 3
12-22 16:32:56.474  3340  3626 I com.miui.home: CheckGCForNative gc_urgency 0.323865 current_native_bytes is 130476251 starting_gc_num:30
12-22 16:32:56.485  3340  3644 E cccccc  : createTaskSnapshot:
12-22 16:32:56.485  3340  3644 I cccccc  : getTaskSnapshotInstance:
12-22 16:32:56.618  3340  3626 I com.miui.home: CheckGCForNative adj_start_bytes: 33489756 NativeAllocationGcWatermark: 10603125 java_gc_start_bytes: 17585069 kNewNativeDiscountFactor: 2 kOldNativeDiscountFactor: 65536 old_native_bytes: 130212407 new_native_bytes: 275380 add_bytes_allowed: 31809375 is_gc_concurrent: 1 target_footprint_: 17716141 GetBytesAllocated: 10791864 HeapGrowthMultiplier: 3
12-22 16:32:56.618  3340  3626 I com.miui.home: CheckGCForNative gc_urgency 0.326414 current_native_bytes is 130487787 starting_gc_num:30
12-22 16:32:57.145 13371 13371 I wm_on_stop_called: [0,9473700,com.tencent.mtt.MainActivity,STOP_ACTIVITY_ITEM,227]
12-22 16:32:57.228 13667 13667 I wm_on_application_create_called: [0,com.youku.phone,599]
12-22 16:32:57.616 13667 13667 I wm_on_create_called: [0,81085409,com.youku.phone.ActivityWelcome,performCreate,245]
12-22 16:32:57.839  3340  3340 I wm_on_resume_called: [0,260320243,com.miui.home.launcher.Launcher,RESUME_ACTIVITY,17]
12-22 16:32:57.859  3340  3340 I wm_on_idle_called: com.miui.home.launcher.Launcher
12-22 16:32:57.907  3340  3683 D cccccc  : onTaskStackChangedBackground
12-22 16:32:57.961 13371 13371 I wm_on_idle_called: com.tencent.mtt.MainActivity
12-22 16:32:57.992  3340  7147 D cccccc  : onTaskStackChangedBackground
12-22 16:32:58.054  3340  7147 I cccccc  : getTaskSnapshot:
12-22 16:32:58.054  3340  7147 I com.miui.home: CheckGCForNative adj_start_bytes: 33489756 NativeAllocationGcWatermark: 10603125 java_gc_start_bytes: 17585069 kNewNativeDiscountFactor: 2 kOldNativeDiscountFactor: 65536 old_native_bytes: 130212407 new_native_bytes: 21789064 add_bytes_allowed: 31809375 is_gc_concurrent: 1 target_footprint_: 17716141 GetBytesAllocated: 12739517 HeapGrowthMultiplier: 3
12-22 16:32:58.054  3340  7147 I com.miui.home: CheckGCForNative gc_urgency 0.705769 current_native_bytes is 152001471 starting_gc_num:30
12-22 16:32:58.054  3340  3683 I com.miui.home: CheckGCForNative adj_start_bytes: 33489756 NativeAllocationGcWatermark: 10603125 java_gc_start_bytes: 17585069 kNewNativeDiscountFactor: 2 kOldNativeDiscountFactor: 65536 old_native_bytes: 130212407 new_native_bytes: 11086024 add_bytes_allowed: 31809375 is_gc_concurrent: 1 target_footprint_: 17716141 GetBytesAllocated: 12739517 HeapGrowthMultiplier: 3
12-22 16:32:58.055  3340  3340 I cccccc  : createTaskSnapshotCompat:
12-22 16:32:58.055  3340  3683 I com.miui.home: CheckGCForNative gc_urgency 0.545979 current_native_bytes is 141298431 starting_gc_num:30
12-22 16:32:58.055  3340  3683 I cccccc  : createTaskSnapshotCompat:
12-22 16:32:58.055  3340  3340 I com.miui.home: CheckGCForNative adj_start_bytes: 33489756 NativeAllocationGcWatermark: 10603125 java_gc_start_bytes: 17585069 kNewNativeDiscountFactor: 2 kOldNativeDiscountFactor: 65536 old_native_bytes: 130212407 new_native_bytes: 32496424 add_bytes_allowed: 31809375 is_gc_concurrent: 1 target_footprint_: 17716141 GetBytesAllocated: 12756285 HeapGrowthMultiplier: 3
12-22 16:32:58.055  3340  3340 I com.miui.home: CheckGCForNative gc_urgency 0.86613 current_native_bytes is 162708831 starting_gc_num:30
