12-22 16:26:43.413  3338  3338 I wm_on_top_resumed_lost_called: [221793893,com.miui.home.launcher.Launcher,topStateChangedWhenResumed]
12-22 16:26:43.419  3338  3338 I wm_on_paused_called: [0,221793893,com.miui.home.launcher.Launcher,performPause,3]
12-22 16:26:43.501  3338  3387 D cccccc  : onTaskStackChangedBackground
12-22 16:26:43.504  3338  3387 D cccccc  : onTaskStackChangedBackground
12-22 16:26:43.533  3338  3387 D cccccc  : onTaskStackChangedBackground
12-22 16:26:43.537  3338  3701 D cccccc  : onTaskStackChangedBackground
12-22 16:26:43.624  3338  3689 I com.miui.home: CheckGCForNative adj_start_bytes: 32270641 NativeAllocationGcWatermark: 10474797 java_gc_start_bytes: 16558446 kNewNativeDiscountFactor: 2 kOldNativeDiscountFactor: 65536 old_native_bytes: 69497515 new_native_bytes: 968676 add_bytes_allowed: 31424391 is_gc_concurrent: 1 target_footprint_: 16689518 GetBytesAllocated: 8993520 HeapGrowthMultiplier: 3
12-22 16:26:43.624  3338  3689 I com.miui.home: CheckGCForNative gc_urgency 0.293732 current_native_bytes is 70466191 starting_gc_num:20
12-22 16:26:43.627  3338  3689 E cccccc  : createTaskSnapshot:
12-22 16:26:43.627  3338  3689 I cccccc  : getTaskSnapshotInstance:
12-22 16:26:43.791  3338  3689 E cccccc  : createTaskSnapshot:
12-22 16:26:43.792  3338  3689 I cccccc  : getTaskSnapshotInstance:
12-22 16:26:44.194  3338  3623 I com.miui.home: CheckGCForNative adj_start_bytes: 32270641 NativeAllocationGcWatermark: 10474797 java_gc_start_bytes: 16558446 kNewNativeDiscountFactor: 2 kOldNativeDiscountFactor: 65536 old_native_bytes: 69497515 new_native_bytes: 1495412 add_bytes_allowed: 31424391 is_gc_concurrent: 1 target_footprint_: 16689518 GetBytesAllocated: 9305257 HeapGrowthMultiplier: 3
12-22 16:26:44.195  3338  3623 I com.miui.home: CheckGCForNative gc_urgency 0.311553 current_native_bytes is 70992927 starting_gc_num:20
12-22 16:26:44.715  3338  3531 I com.miui.home: CheckGCForNative adj_start_bytes: 32270641 NativeAllocationGcWatermark: 10474797 java_gc_start_bytes: 16558446 kNewNativeDiscountFactor: 2 kOldNativeDiscountFactor: 65536 old_native_bytes: 69497515 new_native_bytes: 1100220 add_bytes_allowed: 31424391 is_gc_concurrent: 1 target_footprint_: 16689518 GetBytesAllocated: 9585311 HeapGrowthMultiplier: 3
12-22 16:26:44.715  3338  3531 I com.miui.home: CheckGCForNative gc_urgency 0.314722 current_native_bytes is 70597735 starting_gc_num:20
12-22 16:26:44.892  3338  3338 I wm_on_resume_called: [0,221793893,com.miui.home.launcher.Launcher,RESUME_ACTIVITY,46]
12-22 16:26:44.910  3338  3338 I wm_on_idle_called: com.miui.home.launcher.Launcher
12-22 16:26:45.034  3338  3395 I com.miui.home: CheckGCForNative adj_start_bytes: 32270641 NativeAllocationGcWatermark: 10474797 java_gc_start_bytes: 16558446 kNewNativeDiscountFactor: 2 kOldNativeDiscountFactor: 65536 old_native_bytes: 69497515 new_native_bytes: 12068184 add_bytes_allowed: 31424391 is_gc_concurrent: 1 target_footprint_: 16689518 GetBytesAllocated: 10444248 HeapGrowthMultiplier: 3
12-22 16:26:45.034  3338  3395 I com.miui.home: CheckGCForNative gc_urgency 0.510662 current_native_bytes is 81565699 starting_gc_num:20
12-22 16:26:45.035  3338  3395 I cccccc  : createTaskSnapshotCompat:
12-22 16:26:45.039  3338  4014 I cccccc  : getTaskSnapshot:
12-22 16:26:45.040  3338  4014 I com.miui.home: CheckGCForNative adj_start_bytes: 32270641 NativeAllocationGcWatermark: 10474797 java_gc_start_bytes: 16558446 kNewNativeDiscountFactor: 2 kOldNativeDiscountFactor: 65536 old_native_bytes: 69497515 new_native_bytes: 22775384 add_bytes_allowed: 31424391 is_gc_concurrent: 1 target_footprint_: 16689518 GetBytesAllocated: 10494002 HeapGrowthMultiplier: 3
12-22 16:26:45.040  3338  4014 I com.miui.home: CheckGCForNative gc_urgency 0.678101 current_native_bytes is 92272899 starting_gc_num:20
12-22 16:26:45.041  3338  3338 I cccccc  : createTaskSnapshotCompat:
12-22 16:26:45.042  3338  3338 I com.miui.home: CheckGCForNative adj_start_bytes: 32270641 NativeAllocationGcWatermark: 10474797 java_gc_start_bytes: 16558446 kNewNativeDiscountFactor: 2 kOldNativeDiscountFactor: 65536 old_native_bytes: 69497515 new_native_bytes: 33482328 add_bytes_allowed: 31424391 is_gc_concurrent: 1 target_footprint_: 16689518 GetBytesAllocated: 10516275 HeapGrowthMultiplier: 3
12-22 16:26:45.042  3338  3338 I com.miui.home: CheckGCForNative gc_urgency 0.844684 current_native_bytes is 102979843 starting_gc_num:20
12-22 16:26:45.064  3338  3623 I com.miui.home: CheckGCForNative adj_start_bytes: 32270641 NativeAllocationGcWatermark: 10474797 java_gc_start_bytes: 16558446 kNewNativeDiscountFactor: 2 kOldNativeDiscountFactor: 65536 old_native_bytes: 69497515 new_native_bytes: 12070872 add_bytes_allowed: 31424391 is_gc_concurrent: 1 target_footprint_: 16689518 GetBytesAllocated: 10584659 HeapGrowthMultiplier: 3
12-22 16:26:45.064  3338  3623 I com.miui.home: CheckGCForNative gc_urgency 0.515055 current_native_bytes is 81568387 starting_gc_num:20
12-22 16:26:45.240  3338  3338 I wm_on_top_resumed_gained_called: [221793893,com.miui.home.launcher.Launcher,topStateChangedWhenResumed]
12-22 16:26:45.361  3338  3623 I com.miui.home: CheckGCForNative adj_start_bytes: 32270641 NativeAllocationGcWatermark: 10474797 java_gc_start_bytes: 16558446 kNewNativeDiscountFactor: 2 kOldNativeDiscountFactor: 65536 old_native_bytes: 69497515 new_native_bytes: 12121544 add_bytes_allowed: 31424391 is_gc_concurrent: 1 target_footprint_: 16689518 GetBytesAllocated: 10824489 HeapGrowthMultiplier: 3
12-22 16:26:45.361  3338  3623 I com.miui.home: CheckGCForNative gc_urgency 0.523272 current_native_bytes is 81619059 starting_gc_num:20
12-22 16:26:45.363  8107  8107 I wm_on_application_create_called: [0,com.autonavi.minimap,801]
12-22 16:26:45.461  8006  8006 I wm_on_application_create_called: [0,com.autonavi.minimap,1462]
12-22 16:26:45.462  3338  3623 I com.miui.home: CheckGCForNative adj_start_bytes: 32270641 NativeAllocationGcWatermark: 10474797 java_gc_start_bytes: 16558446 kNewNativeDiscountFactor: 2 kOldNativeDiscountFactor: 65536 old_native_bytes: 69497515 new_native_bytes: 12120712 add_bytes_allowed: 31424391 is_gc_concurrent: 1 target_footprint_: 16689518 GetBytesAllocated: 10864440 HeapGrowthMultiplier: 3
12-22 16:26:45.462  3338  3623 I com.miui.home: CheckGCForNative gc_urgency 0.524497 current_native_bytes is 81618227 starting_gc_num:20
12-22 16:26:45.564  3338  3622 I cccccc  : createTaskSnapshotCompat:
12-22 16:26:45.736  8006  8006 I wm_on_create_called: [0,79048816,com.autonavi.map.activity.SplashActivity,performCreate,240]
12-22 16:26:45.783  8006  8006 I wm_on_destroy_called: [0,79048816,com.autonavi.map.activity.SplashActivity,performDestroy,2]
12-22 16:26:45.891  3338  3395 D cccccc  : onTaskStackChangedBackground
12-22 16:26:45.905  3338  3701 D cccccc  : onTaskStackChangedBackground
12-22 16:26:45.921  3338  3338 I wm_on_top_resumed_lost_called: [221793893,com.miui.home.launcher.Launcher,topStateChangedWhenResumed]
12-22 16:26:45.929  3338  3338 I wm_on_paused_called: [0,221793893,com.miui.home.launcher.Launcher,performPause,3]
12-22 16:26:46.005  3338  4014 D cccccc  : onTaskStackChangedBackground
12-22 16:26:46.091  3338  3689 E cccccc  : createTaskSnapshot:
12-22 16:26:46.091  3338  3689 I cccccc  : getTaskSnapshotInstance:
12-22 16:26:46.092  3338  3689 E cccccc  : createTaskSnapshot:
12-22 16:26:46.092  3338  3689 I cccccc  : getTaskSnapshotInstance:
12-22 16:26:46.124  3338  3701 D cccccc  : onTaskStackChangedBackground
12-22 16:26:46.130  3338  4014 D cccccc  : onTaskStackChangedBackground
12-22 16:26:46.152  3338  3689 E cccccc  : createTaskSnapshot:
12-22 16:26:46.152  3338  3689 I cccccc  : getTaskSnapshotInstance:
12-22 16:26:46.153  3338  3689 E cccccc  : createTaskSnapshot:
12-22 16:26:46.153  3338  3689 I cccccc  : getTaskSnapshotInstance:
12-22 16:26:46.280  3338  3689 E cccccc  : createTaskSnapshot:
12-22 16:26:46.280  3338  3689 I cccccc  : getTaskSnapshotInstance:
12-22 16:26:46.292  3338  3689 E cccccc  : createTaskSnapshot:
12-22 16:26:46.292  3338  3689 I cccccc  : getTaskSnapshotInstance:
12-22 16:26:46.351  3338  3623 I com.miui.home: CheckGCForNative adj_start_bytes: 32270641 NativeAllocationGcWatermark: 10474797 java_gc_start_bytes: 16558446 kNewNativeDiscountFactor: 2 kOldNativeDiscountFactor: 65536 old_native_bytes: 69497515 new_native_bytes: 13026424 add_bytes_allowed: 31424391 is_gc_concurrent: 1 target_footprint_: 16689518 GetBytesAllocated: 11819562 HeapGrowthMultiplier: 3
12-22 16:26:46.351  3338  3623 I com.miui.home: CheckGCForNative gc_urgency 0.568127 current_native_bytes is 82523939 starting_gc_num:20
12-22 16:26:46.355  3338  3689 I com.miui.home: CheckGCForNative adj_start_bytes: 32270641 NativeAllocationGcWatermark: 10474797 java_gc_start_bytes: 16558446 kNewNativeDiscountFactor: 2 kOldNativeDiscountFactor: 65536 old_native_bytes: 69497515 new_native_bytes: 23738544 add_bytes_allowed: 31424391 is_gc_concurrent: 1 target_footprint_: 16689518 GetBytesAllocated: 11830840 HeapGrowthMultiplier: 3
12-22 16:26:46.355  3338  3689 I com.miui.home: CheckGCForNative gc_urgency 0.73445 current_native_bytes is 93236059 starting_gc_num:20
12-22 16:26:46.673  8379  8379 I wm_on_create_called: [0,215680746,fm.qingting.qtradio.WelcomeActivity,performCreate,93]
12-22 16:26:46.674  8379  8379 I wm_on_start_called: [0,215680746,fm.qingting.qtradio.WelcomeActivity,handleStartActivity,1]
12-22 16:26:46.686  8379  8379 I wm_on_resume_called: [0,215680746,fm.qingting.qtradio.WelcomeActivity,RESUME_ACTIVITY,9]
12-22 16:26:46.706  3338  3623 I com.miui.home: CheckGCForNative adj_start_bytes: 32270641 NativeAllocationGcWatermark: 10474797 java_gc_start_bytes: 16558446 kNewNativeDiscountFactor: 2 kOldNativeDiscountFactor: 65536 old_native_bytes: 69497515 new_native_bytes: 12994928 add_bytes_allowed: 31424391 is_gc_concurrent: 1 target_footprint_: 16689518 GetBytesAllocated: 11962673 HeapGrowthMultiplier: 3
12-22 16:26:46.706  3338  3623 I com.miui.home: CheckGCForNative gc_urgency 0.572074 current_native_bytes is 82492443 starting_gc_num:20
12-22 16:26:46.726  8379  8379 I wm_on_top_resumed_gained_called: [215680746,fm.qingting.qtradio.WelcomeActivity,topStateChangedWhenResumed]
12-22 16:26:47.078  3338  3338 I wm_on_stop_called: [0,221793893,com.miui.home.launcher.Launcher,STOP_ACTIVITY_ITEM,9]
12-22 16:26:47.170  8379  8379 I wm_on_idle_called: fm.qingting.qtradio.WelcomeActivity
12-22 16:26:47.380  3338  3338 I wm_on_restart_called: [0,221793893,com.miui.home.launcher.Launcher,,0]
12-22 16:26:47.382  3338  3338 I wm_on_start_called: [0,221793893,com.miui.home.launcher.Launcher,handleStartActivity,1]
12-22 16:26:47.409  3338  3338 I wm_on_resume_called: [0,221793893,com.miui.home.launcher.Launcher,RESUME_ACTIVITY,25]
12-22 16:26:47.457  3338  3338 I com.miui.home: CheckGCForNative adj_start_bytes: 32270641 NativeAllocationGcWatermark: 10474797 java_gc_start_bytes: 16558446 kNewNativeDiscountFactor: 2 kOldNativeDiscountFactor: 65536 old_native_bytes: 69497515 new_native_bytes: 12976924 add_bytes_allowed: 31424391 is_gc_concurrent: 1 target_footprint_: 16689518 GetBytesAllocated: 12613664 HeapGrowthMultiplier: 3
12-22 16:26:47.457  3338  3338 I com.miui.home: CheckGCForNative gc_urgency 0.591968 current_native_bytes is 82474439 starting_gc_num:20
12-22 16:26:47.499  3338  3338 I wm_on_idle_called: com.miui.home.launcher.Launcher
12-22 16:26:47.614  3338  3395 I cccccc  : getTaskSnapshot:
12-22 16:26:47.614  3338  3395 I com.miui.home: CheckGCForNative adj_start_bytes: 32270641 NativeAllocationGcWatermark: 10474797 java_gc_start_bytes: 16558446 kNewNativeDiscountFactor: 2 kOldNativeDiscountFactor: 65536 old_native_bytes: 69497515 new_native_bytes: 23924780 add_bytes_allowed: 31424391 is_gc_concurrent: 1 target_footprint_: 16689518 GetBytesAllocated: 12766601 HeapGrowthMultiplier: 3
12-22 16:26:47.614  3338  3395 I com.miui.home: CheckGCForNative gc_urgency 0.766333 current_native_bytes is 93422295 starting_gc_num:20
12-22 16:26:47.615  3338  4014 I com.miui.home: CheckGCForNative adj_start_bytes: 32270641 NativeAllocationGcWatermark: 10474797 java_gc_start_bytes: 16558446 kNewNativeDiscountFactor: 2 kOldNativeDiscountFactor: 65536 old_native_bytes: 69497515 new_native_bytes: 34630700 add_bytes_allowed: 31424391 is_gc_concurrent: 1 target_footprint_: 16689518 GetBytesAllocated: 12766601 HeapGrowthMultiplier: 3
12-22 16:26:47.615  3338  4014 I com.miui.home: CheckGCForNative gc_urgency 0.932216 current_native_bytes is 104128215 starting_gc_num:20
12-22 16:26:47.615  3338  3338 I cccccc  : createTaskSnapshotCompat:
12-22 16:26:47.615  3338  4014 I cccccc  : createTaskSnapshotCompat:
12-22 16:26:47.616  3338  3338 I com.miui.home: CheckGCForNative adj_start_bytes: 32270641 NativeAllocationGcWatermark: 10474797 java_gc_start_bytes: 16558446 kNewNativeDiscountFactor: 2 kOldNativeDiscountFactor: 65536 old_native_bytes: 69497515 new_native_bytes: 45337964 add_bytes_allowed: 31424391 is_gc_concurrent: 1 target_footprint_: 16689518 GetBytesAllocated: 12768712 HeapGrowthMultiplier: 3
12-22 16:26:47.616  3338  3338 I com.miui.home: CheckGCForNative gc_urgency 1.09817 current_native_bytes is 114835479 starting_gc_num:20
12-22 16:26:47.616  3338  3338 I com.miui.home: CheckGCForNative requested 1
12-22 16:26:47.717  3338  3623 I com.miui.home: CheckGCForNative adj_start_bytes: 32270641 NativeAllocationGcWatermark: 10474797 java_gc_start_bytes: 16558446 kNewNativeDiscountFactor: 2 kOldNativeDiscountFactor: 65536 old_native_bytes: 69497515 new_native_bytes: 23974228 add_bytes_allowed: 31424391 is_gc_concurrent: 1 target_footprint_: 16689518 GetBytesAllocated: 13150570 HeapGrowthMultiplier: 3
12-22 16:26:47.717  3338  3623 I com.miui.home: CheckGCForNative gc_urgency 0.778997 current_native_bytes is 93471743 starting_gc_num:20
12-22 16:26:47.831  3338  3379 I com.miui.home: NativeAlloc concurrent copying GC freed 100468(4034KB) AllocSpace objects, 9(436KB) LOS objects, 49% free, 8623KB/16MB, paused 472us,106us total 213.786ms
12-22 16:26:47.872  3338  3338 I wm_on_top_resumed_gained_called: [221793893,com.miui.home.launcher.Launcher,topStateChangedWhenResumed]
12-22 16:26:48.041  8379  8379 I wm_on_top_resumed_lost_called: [215680746,fm.qingting.qtradio.WelcomeActivity,topStateChangedWhenResumed]
12-22 16:26:48.061  3338  3623 I com.miui.home: CheckGCForNative gc_urgency 0 current_native_bytes is 93152987 starting_gc_num:21
12-22 16:26:48.128  3338  3395 I cccccc  : getTaskSnapshot:
12-22 16:26:48.130  3338  3622 I com.miui.home: CheckGCForNative adj_start_bytes: 33030856 NativeAllocationGcWatermark: 10596211 java_gc_start_bytes: 17136540 kNewNativeDiscountFactor: 2 kOldNativeDiscountFactor: 65536 old_native_bytes: 93152987 new_native_bytes: 10698400 add_bytes_allowed: 31788633 is_gc_concurrent: 1 target_footprint_: 17660828 GetBytesAllocated: 9097214 HeapGrowthMultiplier: 3
12-22 16:26:48.130  3338  3622 I com.miui.home: CheckGCForNative gc_urgency 0.437404 current_native_bytes is 103851387 starting_gc_num:21
12-22 16:26:48.130  3338  3622 I cccccc  : createTaskSnapshotCompat:
12-22 16:26:48.133  3338  3622 I com.miui.home: CheckGCForNative adj_start_bytes: 33030856 NativeAllocationGcWatermark: 10596211 java_gc_start_bytes: 17136540 kNewNativeDiscountFactor: 2 kOldNativeDiscountFactor: 65536 old_native_bytes: 93152987 new_native_bytes: 21405792 add_bytes_allowed: 31788633 is_gc_concurrent: 1 target_footprint_: 17660828 GetBytesAllocated: 9113790 HeapGrowthMultiplier: 3
12-22 16:26:48.133  3338  3622 I com.miui.home: CheckGCForNative gc_urgency 0.599988 current_native_bytes is 114558779 starting_gc_num:21
12-22 16:26:48.133  3338  3395 I com.miui.home: CheckGCForNative adj_start_bytes: 33030856 NativeAllocationGcWatermark: 10596211 java_gc_start_bytes: 17136540 kNewNativeDiscountFactor: 2 kOldNativeDiscountFactor: 65536 old_native_bytes: 93152987 new_native_bytes: 21405792 add_bytes_allowed: 31788633 is_gc_concurrent: 1 target_footprint_: 17660828 GetBytesAllocated: 9113790 HeapGrowthMultiplier: 3
12-22 16:26:48.134  3338  3395 I com.miui.home: CheckGCForNative gc_urgency 0.599988 current_native_bytes is 114558779 starting_gc_num:21
12-22 16:26:48.136  3338  3338 I cccccc  : createTaskSnapshotCompat:
12-22 16:26:48.151  8379  8379 I wm_on_paused_called: [0,215680746,fm.qingting.qtradio.WelcomeActivity,performPause,1]
12-22 16:26:48.281  3338  4014 D cccccc  : onTaskStackChangedBackground
12-22 16:26:48.284  3338  4014 D cccccc  : onTaskStackChangedBackground
12-22 16:26:48.291  8379  8379 I wm_on_stop_called: [0,215680746,fm.qingting.qtradio.WelcomeActivity,STOP_ACTIVITY_ITEM,5]
12-22 16:26:48.337  3338  3689 I com.miui.home: CheckGCForNative adj_start_bytes: 33030856 NativeAllocationGcWatermark: 10596211 java_gc_start_bytes: 17136540 kNewNativeDiscountFactor: 2 kOldNativeDiscountFactor: 65536 old_native_bytes: 93152987 new_native_bytes: 10677136 add_bytes_allowed: 31788633 is_gc_concurrent: 1 target_footprint_: 17660828 GetBytesAllocated: 9280861 HeapGrowthMultiplier: 3
12-22 16:26:48.337  3338  3689 I com.miui.home: CheckGCForNative gc_urgency 0.442642 current_native_bytes is 103830123 starting_gc_num:21
12-22 16:26:48.395  3338  3689 E cccccc  : createTaskSnapshot:
12-22 16:26:48.395  3338  3689 I cccccc  : getTaskSnapshotInstance:
12-22 16:26:48.439  3338  3689 I com.miui.home: CheckGCForNative adj_start_bytes: 33030856 NativeAllocationGcWatermark: 10596211 java_gc_start_bytes: 17136540 kNewNativeDiscountFactor: 2 kOldNativeDiscountFactor: 65536 old_native_bytes: 93152987 new_native_bytes: 21367032 add_bytes_allowed: 31788633 is_gc_concurrent: 1 target_footprint_: 17660828 GetBytesAllocated: 9500052 HeapGrowthMultiplier: 3
12-22 16:26:48.439  3338  3689 I com.miui.home: CheckGCForNative gc_urgency 0.611095 current_native_bytes is 114520019 starting_gc_num:21
12-22 16:26:48.516  8379  8379 I wm_on_destroy_called: [0,215680746,fm.qingting.qtradio.WelcomeActivity,performDestroy,1]
12-22 16:26:48.518  3338  3338 I wm_on_top_resumed_lost_called: [221793893,com.miui.home.launcher.Launcher,topStateChangedWhenResumed]
12-22 16:26:48.525  3338  3338 I wm_on_paused_called: [0,221793893,com.miui.home.launcher.Launcher,performPause,3]
12-22 16:26:48.606  3338  3701 D cccccc  : onTaskStackChangedBackground
12-22 16:26:48.670  3338  3390 D cccccc  : onTaskStackChangedBackground
12-22 16:26:48.672  3338  4014 D cccccc  : onTaskStackChangedBackground
12-22 16:26:48.708  3338  3689 E cccccc  : createTaskSnapshot:
12-22 16:26:48.708  3338  3689 I cccccc  : getTaskSnapshotInstance:
12-22 16:26:48.776  3338  3689 E cccccc  : createTaskSnapshot:
12-22 16:26:48.777  3338  3689 I cccccc  : getTaskSnapshotInstance:
12-22 16:26:49.039  3338  3623 I com.miui.home: CheckGCForNative adj_start_bytes: 33030856 NativeAllocationGcWatermark: 10596211 java_gc_start_bytes: 17136540 kNewNativeDiscountFactor: 2 kOldNativeDiscountFactor: 65536 old_native_bytes: 93152987 new_native_bytes: 12678972 add_bytes_allowed: 31788633 is_gc_concurrent: 1 target_footprint_: 17660828 GetBytesAllocated: 10081716 HeapGrowthMultiplier: 3
12-22 16:26:49.039  3338  3623 I com.miui.home: CheckGCForNative gc_urgency 0.49719 current_native_bytes is 105831959 starting_gc_num:21
12-22 16:26:49.350  8701  8701 I wm_on_application_create_called: [0,com.xiaomi.bluetooth,253]
12-22 16:26:49.395  3338  3623 I com.miui.home: CheckGCForNative adj_start_bytes: 33030856 NativeAllocationGcWatermark: 10596211 java_gc_start_bytes: 17136540 kNewNativeDiscountFactor: 2 kOldNativeDiscountFactor: 65536 old_native_bytes: 93152987 new_native_bytes: 12647316 add_bytes_allowed: 31788633 is_gc_concurrent: 1 target_footprint_: 17660828 GetBytesAllocated: 10199779 HeapGrowthMultiplier: 3
12-22 16:26:49.395  3338  3623 I com.miui.home: CheckGCForNative gc_urgency 0.500286 current_native_bytes is 105800303 starting_gc_num:21
12-22 16:26:49.439  3338  3623 I com.miui.home: CheckGCForNative adj_start_bytes: 33030856 NativeAllocationGcWatermark: 10596211 java_gc_start_bytes: 17136540 kNewNativeDiscountFactor: 2 kOldNativeDiscountFactor: 65536 old_native_bytes: 93152987 new_native_bytes: 12651668 add_bytes_allowed: 31788633 is_gc_concurrent: 1 target_footprint_: 17660828 GetBytesAllocated: 10222543 HeapGrowthMultiplier: 3
12-22 16:26:49.439  3338  3623 I com.miui.home: CheckGCForNative gc_urgency 0.501041 current_native_bytes is 105804655 starting_gc_num:21
12-22 16:26:50.078  3338  3338 I wm_on_resume_called: [0,221793893,com.miui.home.launcher.Launcher,RESUME_ACTIVITY,21]
12-22 16:26:50.098  3338  3338 I wm_on_idle_called: com.miui.home.launcher.Launcher
12-22 16:26:50.175  3338  3387 I com.miui.home: CheckGCForNative adj_start_bytes: 33030856 NativeAllocationGcWatermark: 10596211 java_gc_start_bytes: 17136540 kNewNativeDiscountFactor: 2 kOldNativeDiscountFactor: 65536 old_native_bytes: 93152987 new_native_bytes: 23391184 add_bytes_allowed: 31788633 is_gc_concurrent: 1 target_footprint_: 17660828 GetBytesAllocated: 11164965 HeapGrowthMultiplier: 3
12-22 16:26:50.175  3338  3387 I com.miui.home: CheckGCForNative gc_urgency 0.69214 current_native_bytes is 116544171 starting_gc_num:21
12-22 16:26:50.176  3338  3387 I cccccc  : createTaskSnapshotCompat:
12-22 16:26:50.179  3338  3390 I cccccc  : getTaskSnapshot:
12-22 16:26:50.179  3338  3390 I com.miui.home: CheckGCForNative adj_start_bytes: 33030856 NativeAllocationGcWatermark: 10596211 java_gc_start_bytes: 17136540 kNewNativeDiscountFactor: 2 kOldNativeDiscountFactor: 65536 old_native_bytes: 93152987 new_native_bytes: 34097104 add_bytes_allowed: 31788633 is_gc_concurrent: 1 target_footprint_: 17660828 GetBytesAllocated: 11190823 HeapGrowthMultiplier: 3
12-22 16:26:50.179  3338  3390 I com.miui.home: CheckGCForNative gc_urgency 0.855109 current_native_bytes is 127250091 starting_gc_num:21
12-22 16:26:50.180  3338  3338 I cccccc  : createTaskSnapshotCompat:
12-22 16:26:50.180  3338  3338 I com.miui.home: CheckGCForNative adj_start_bytes: 33030856 NativeAllocationGcWatermark: 10596211 java_gc_start_bytes: 17136540 kNewNativeDiscountFactor: 2 kOldNativeDiscountFactor: 65536 old_native_bytes: 93152987 new_native_bytes: 44804048 add_bytes_allowed: 31788633 is_gc_concurrent: 1 target_footprint_: 17660828 GetBytesAllocated: 11207474 HeapGrowthMultiplier: 3
12-22 16:26:50.180  3338  3387 I com.miui.home: CheckGCForNative adj_start_bytes: 33030856 NativeAllocationGcWatermark: 10596211 java_gc_start_bytes: 17136540 kNewNativeDiscountFactor: 2 kOldNativeDiscountFactor: 65536 old_native_bytes: 93152987 new_native_bytes: 55510992 add_bytes_allowed: 31788633 is_gc_concurrent: 1 target_footprint_: 17660828 GetBytesAllocated: 11207474 HeapGrowthMultiplier: 3
12-22 16:26:50.180  3338  3338 I com.miui.home: CheckGCForNative gc_urgency 1.01756 current_native_bytes is 137957035 starting_gc_num:21
12-22 16:26:50.181  3338  3338 I com.miui.home: CheckGCForNative requested 1
12-22 16:26:50.181  3338  3387 I com.miui.home: CheckGCForNative gc_urgency 1.17964 current_native_bytes is 148663979 starting_gc_num:21
12-22 16:26:50.181  3338  3387 I com.miui.home: CheckGCForNative requested 1
12-22 16:26:50.328  3338  3623 I com.miui.home: CheckGCForNative adj_start_bytes: 33030856 NativeAllocationGcWatermark: 10596211 java_gc_start_bytes: 17136540 kNewNativeDiscountFactor: 2 kOldNativeDiscountFactor: 65536 old_native_bytes: 93152987 new_native_bytes: 34093680 add_bytes_allowed: 31788633 is_gc_concurrent: 1 target_footprint_: 17660828 GetBytesAllocated: 11700348 HeapGrowthMultiplier: 3
12-22 16:26:50.328  3338  3623 I com.miui.home: CheckGCForNative gc_urgency 0.870356 current_native_bytes is 127246667 starting_gc_num:21
12-22 16:26:50.403  3338  3379 I com.miui.home: NativeAlloc concurrent copying GC freed 67838(2814KB) AllocSpace objects, 4(208KB) LOS objects, 49% free, 8435KB/16MB, paused 1.213ms,683us total 222.287ms
12-22 16:26:50.495  3338  3338 I wm_on_top_resumed_gained_called: [221793893,com.miui.home.launcher.Launcher,topStateChangedWhenResumed]
12-22 16:26:50.573  3338  3623 I com.miui.home: CheckGCForNative gc_urgency 0 current_native_bytes is 105317671 starting_gc_num:22
12-22 16:26:50.673  3338  3622 I com.miui.home: CheckGCForNative adj_start_bytes: 32573411 NativeAllocationGcWatermark: 10548059 java_gc_start_bytes: 16751323 kNewNativeDiscountFactor: 2 kOldNativeDiscountFactor: 65536 old_native_bytes: 105317671 new_native_bytes: 10762176 add_bytes_allowed: 31644177 is_gc_concurrent: 1 target_footprint_: 17275611 GetBytesAllocated: 8789325 HeapGrowthMultiplier: 3
12-22 16:26:50.673  3338  3622 I com.miui.home: CheckGCForNative gc_urgency 0.435079 current_native_bytes is 116079847 starting_gc_num:22
12-22 16:26:50.673  3338  3622 I cccccc  : createTaskSnapshotCompat:
12-22 16:26:50.674  3338  3622 I com.miui.home: CheckGCForNative adj_start_bytes: 32573411 NativeAllocationGcWatermark: 10548059 java_gc_start_bytes: 16751323 kNewNativeDiscountFactor: 2 kOldNativeDiscountFactor: 65536 old_native_bytes: 105317671 new_native_bytes: 21469440 add_bytes_allowed: 31644177 is_gc_concurrent: 1 target_footprint_: 17275611 GetBytesAllocated: 8789517 HeapGrowthMultiplier: 3
12-22 16:26:50.674  3338  3622 I com.miui.home: CheckGCForNative gc_urgency 0.599441 current_native_bytes is 126787111 starting_gc_num:22
12-22 16:26:50.678  8738  8738 I wm_on_application_create_called: [0,com.ss.android.ugc.aweme,1087]
12-22 16:26:50.688  3338  4014 I cccccc  : getTaskSnapshot:
12-22 16:26:50.692  3338  4014 I com.miui.home: CheckGCForNative adj_start_bytes: 32573411 NativeAllocationGcWatermark: 10548059 java_gc_start_bytes: 16751323 kNewNativeDiscountFactor: 2 kOldNativeDiscountFactor: 65536 old_native_bytes: 105317671 new_native_bytes: 21467456 add_bytes_allowed: 31644177 is_gc_concurrent: 1 target_footprint_: 17275611 GetBytesAllocated: 8805901 HeapGrowthMultiplier: 3
12-22 16:26:50.692  3338  4014 I com.miui.home: CheckGCForNative gc_urgency 0.599914 current_native_bytes is 126785127 starting_gc_num:22
12-22 16:26:50.693  3338  3338 I cccccc  : createTaskSnapshotCompat:
12-22 16:26:50.964  3338  3602 I com.miui.home: CheckGCForNative adj_start_bytes: 32573411 NativeAllocationGcWatermark: 10548059 java_gc_start_bytes: 16751323 kNewNativeDiscountFactor: 2 kOldNativeDiscountFactor: 65536 old_native_bytes: 105317671 new_native_bytes: 10732776 add_bytes_allowed: 31644177 is_gc_concurrent: 1 target_footprint_: 17275611 GetBytesAllocated: 9005324 HeapGrowthMultiplier: 3
12-22 16:26:50.964  3338  3602 I com.miui.home: CheckGCForNative gc_urgency 0.441259 current_native_bytes is 116050447 starting_gc_num:22
12-22 16:26:51.001  3338  3338 I wm_on_top_resumed_lost_called: [221793893,com.miui.home.launcher.Launcher,topStateChangedWhenResumed]
12-22 16:26:51.028  3338  3390 D cccccc  : onTaskStackChangedBackground
12-22 16:26:51.189  3338  3689 E cccccc  : createTaskSnapshot:
12-22 16:26:51.189  3338  3689 I cccccc  : getTaskSnapshotInstance:
12-22 16:26:51.194  3338  3689 I com.miui.home: CheckGCForNative adj_start_bytes: 32573411 NativeAllocationGcWatermark: 10548059 java_gc_start_bytes: 16751323 kNewNativeDiscountFactor: 2 kOldNativeDiscountFactor: 65536 old_native_bytes: 105317671 new_native_bytes: 21830340 add_bytes_allowed: 31644177 is_gc_concurrent: 1 target_footprint_: 17275611 GetBytesAllocated: 9353801 HeapGrowthMultiplier: 3
12-22 16:26:51.194  3338  3689 I com.miui.home: CheckGCForNative gc_urgency 0.622304 current_native_bytes is 127148011 starting_gc_num:22
12-22 16:26:51.197  3338  3559 E cccccc  : createTaskSnapshot:
12-22 16:26:51.197  3338  3559 I cccccc  : getTaskSnapshotInstance:
12-22 16:26:51.206  3338  3338 I wm_on_paused_called: [0,221793893,com.miui.home.launcher.Launcher,performPause,2]
12-22 16:26:51.316  3338  3390 D cccccc  : onTaskStackChangedBackground
12-22 16:26:51.321  3338  3395 D cccccc  : onTaskStackChangedBackground
12-22 16:26:51.407  3338  3559 E cccccc  : createTaskSnapshot:
12-22 16:26:51.407  3338  3559 I cccccc  : getTaskSnapshotInstance:
12-22 16:26:51.430  3338  3559 E cccccc  : createTaskSnapshot:
12-22 16:26:51.430  3338  3559 I cccccc  : getTaskSnapshotInstance:
12-22 16:26:51.684  3338  3623 I com.miui.home: CheckGCForNative adj_start_bytes: 32573411 NativeAllocationGcWatermark: 10548059 java_gc_start_bytes: 16751323 kNewNativeDiscountFactor: 2 kOldNativeDiscountFactor: 65536 old_native_bytes: 105317671 new_native_bytes: 11302172 add_bytes_allowed: 31644177 is_gc_concurrent: 1 target_footprint_: 17275611 GetBytesAllocated: 9880401 HeapGrowthMultiplier: 3
12-22 16:26:51.684  3338  3623 I com.miui.home: CheckGCForNative gc_urgency 0.476864 current_native_bytes is 116619843 starting_gc_num:22
12-22 16:26:51.951  3338  3623 I com.miui.home: CheckGCForNative adj_start_bytes: 32573411 NativeAllocationGcWatermark: 10548059 java_gc_start_bytes: 16751323 kNewNativeDiscountFactor: 2 kOldNativeDiscountFactor: 65536 old_native_bytes: 105317671 new_native_bytes: 11328260 add_bytes_allowed: 31644177 is_gc_concurrent: 1 target_footprint_: 17275611 GetBytesAllocated: 9982335 HeapGrowthMultiplier: 3
12-22 16:26:51.951  3338  3623 I com.miui.home: CheckGCForNative gc_urgency 0.480394 current_native_bytes is 116645931 starting_gc_num:22
12-22 16:26:52.242  8738  8738 I wm_on_create_called: [0,140237569,com.ss.android.ugc.aweme.splash.SplashActivity,performCreate,1048]
12-22 16:26:52.380  9099  9099 I wm_on_create_called: [0,175200057,com.eg.android.AlipayGphone.AlipayLogin,performCreate,34]
12-22 16:26:52.383  9099  9099 I wm_on_start_called: [0,175200057,com.eg.android.AlipayGphone.AlipayLogin,handleStartActivity,3]
12-22 16:26:52.389  9099  9099 I wm_on_resume_called: [0,175200057,com.eg.android.AlipayGphone.AlipayLogin,RESUME_ACTIVITY,5]
12-22 16:26:52.443  9099  9099 I wm_on_top_resumed_gained_called: [175200057,com.eg.android.AlipayGphone.AlipayLogin,topStateChangedWhenResumed]
12-22 16:26:52.732  3338  3338 I com.miui.home: CheckGCForNative adj_start_bytes: 32573411 NativeAllocationGcWatermark: 10548059 java_gc_start_bytes: 16751323 kNewNativeDiscountFactor: 2 kOldNativeDiscountFactor: 65536 old_native_bytes: 105317671 new_native_bytes: 11079960 add_bytes_allowed: 31644177 is_gc_concurrent: 1 target_footprint_: 17275611 GetBytesAllocated: 10443661 HeapGrowthMultiplier: 3
12-22 16:26:52.732  3338  3338 I com.miui.home: CheckGCForNative gc_urgency 0.490745 current_native_bytes is 116397631 starting_gc_num:22
12-22 16:26:52.795  3338  3338 I wm_on_resume_called: [0,221793893,com.miui.home.launcher.Launcher,RESUME_ACTIVITY,33]
12-22 16:26:52.810  3338  3338 I wm_on_idle_called: com.miui.home.launcher.Launcher
12-22 16:26:52.880  3338  3395 I com.miui.home: CheckGCForNative adj_start_bytes: 32573411 NativeAllocationGcWatermark: 10548059 java_gc_start_bytes: 16751323 kNewNativeDiscountFactor: 2 kOldNativeDiscountFactor: 65536 old_native_bytes: 105317671 new_native_bytes: 21933576 add_bytes_allowed: 31644177 is_gc_concurrent: 1 target_footprint_: 17275611 GetBytesAllocated: 10703988 HeapGrowthMultiplier: 3
12-22 16:26:52.880  3338  3395 I com.miui.home: CheckGCForNative gc_urgency 0.66534 current_native_bytes is 127251247 starting_gc_num:22
12-22 16:26:52.880  3338  3395 I cccccc  : createTaskSnapshotCompat:
12-22 16:26:52.881  3338  3395 I com.miui.home: CheckGCForNative adj_start_bytes: 32573411 NativeAllocationGcWatermark: 10548059 java_gc_start_bytes: 16751323 kNewNativeDiscountFactor: 2 kOldNativeDiscountFactor: 65536 old_native_bytes: 105317671 new_native_bytes: 32640520 add_bytes_allowed: 31644177 is_gc_concurrent: 1 target_footprint_: 17275611 GetBytesAllocated: 10720535 HeapGrowthMultiplier: 3
12-22 16:26:52.881  3338  3395 I com.miui.home: CheckGCForNative gc_urgency 0.830199 current_native_bytes is 137958191 starting_gc_num:22
12-22 16:26:53.002  8738  8738 I wm_on_start_called: [0,140237569,com.ss.android.ugc.aweme.splash.SplashActivity,handleStartActivity,757]
12-22 16:26:53.128  3338  3623 I com.miui.home: CheckGCForNative adj_start_bytes: 32573411 NativeAllocationGcWatermark: 10548059 java_gc_start_bytes: 16751323 kNewNativeDiscountFactor: 2 kOldNativeDiscountFactor: 65536 old_native_bytes: 105317671 new_native_bytes: 22070272 add_bytes_allowed: 31644177 is_gc_concurrent: 1 target_footprint_: 17275611 GetBytesAllocated: 10992349 HeapGrowthMultiplier: 3
12-22 16:26:53.128  3338  3623 I com.miui.home: CheckGCForNative gc_urgency 0.676291 current_native_bytes is 127387943 starting_gc_num:22
12-22 16:26:53.167  3338  3701 I cccccc  : getTaskSnapshot:
12-22 16:26:53.167  3338  3701 I com.miui.home: CheckGCForNative adj_start_bytes: 32573411 NativeAllocationGcWatermark: 10548059 java_gc_start_bytes: 16751323 kNewNativeDiscountFactor: 2 kOldNativeDiscountFactor: 65536 old_native_bytes: 105317671 new_native_bytes: 32779040 add_bytes_allowed: 31644177 is_gc_concurrent: 1 target_footprint_: 17275611 GetBytesAllocated: 11004731 HeapGrowthMultiplier: 3
12-22 16:26:53.167  3338  3701 I com.miui.home: CheckGCForNative gc_urgency 0.84105 current_native_bytes is 138096711 starting_gc_num:22
12-22 16:26:53.168  3338  3338 I cccccc  : createTaskSnapshotCompat:
12-22 16:26:53.191  3338  3338 I wm_on_top_resumed_gained_called: [221793893,com.miui.home.launcher.Launcher,topStateChangedWhenResumed]
12-22 16:26:53.196  8738  8738 I wm_on_resume_called: [0,140237569,com.ss.android.ugc.aweme.splash.SplashActivity,RESUME_ACTIVITY,177]
12-22 16:26:53.251  3338  3623 I com.miui.home: CheckGCForNative adj_start_bytes: 32573411 NativeAllocationGcWatermark: 10548059 java_gc_start_bytes: 16751323 kNewNativeDiscountFactor: 2 kOldNativeDiscountFactor: 65536 old_native_bytes: 105317671 new_native_bytes: 22178528 add_bytes_allowed: 31644177 is_gc_concurrent: 1 target_footprint_: 17275611 GetBytesAllocated: 11177035 HeapGrowthMultiplier: 3
12-22 16:26:53.251  3338  3623 I com.miui.home: CheckGCForNative gc_urgency 0.683622 current_native_bytes is 127496199 starting_gc_num:22
12-22 16:26:53.353  8738  8738 I wm_on_top_resumed_gained_called: [140237569,com.ss.android.ugc.aweme.splash.SplashActivity,topStateChangedWhenResumed]
12-22 16:26:53.361  3338  3622 I com.miui.home: CheckGCForNative adj_start_bytes: 32573411 NativeAllocationGcWatermark: 10548059 java_gc_start_bytes: 16751323 kNewNativeDiscountFactor: 2 kOldNativeDiscountFactor: 65536 old_native_bytes: 105317671 new_native_bytes: 32816608 add_bytes_allowed: 31644177 is_gc_concurrent: 1 target_footprint_: 17275611 GetBytesAllocated: 11535955 HeapGrowthMultiplier: 3
12-22 16:26:53.361  3338  3622 I com.miui.home: CheckGCForNative gc_urgency 0.857935 current_native_bytes is 138134279 starting_gc_num:22
12-22 16:26:53.361  3338  3622 I cccccc  : createTaskSnapshotCompat:
12-22 16:26:53.362  3338  3622 I com.miui.home: CheckGCForNative adj_start_bytes: 32573411 NativeAllocationGcWatermark: 10548059 java_gc_start_bytes: 16751323 kNewNativeDiscountFactor: 2 kOldNativeDiscountFactor: 65536 old_native_bytes: 105317671 new_native_bytes: 43523744 add_bytes_allowed: 31644177 is_gc_concurrent: 1 target_footprint_: 17275611 GetBytesAllocated: 11544187 HeapGrowthMultiplier: 3
12-22 16:26:53.362  3338  3622 I com.miui.home: CheckGCForNative gc_urgency 1.02254 current_native_bytes is 148841415 starting_gc_num:22
12-22 16:26:53.362  3338  3622 I com.miui.home: CheckGCForNative requested 1
12-22 16:26:53.387  3338  3395 I cccccc  : getTaskSnapshot:
12-22 16:26:53.388  3338  3395 I com.miui.home: CheckGCForNative adj_start_bytes: 32573411 NativeAllocationGcWatermark: 10548059 java_gc_start_bytes: 16751323 kNewNativeDiscountFactor: 2 kOldNativeDiscountFactor: 65536 old_native_bytes: 105317671 new_native_bytes: 43516192 add_bytes_allowed: 31644177 is_gc_concurrent: 1 target_footprint_: 17275611 GetBytesAllocated: 11571651 HeapGrowthMultiplier: 3
12-22 16:26:53.388  3338  3395 I com.miui.home: CheckGCForNative gc_urgency 1.02327 current_native_bytes is 148833863 starting_gc_num:22
12-22 16:26:53.388  3338  3395 I com.miui.home: CheckGCForNative requested 1
12-22 16:26:53.389  3338  3338 I cccccc  : createTaskSnapshotCompat:
12-22 16:26:53.775  3338  3379 I com.miui.home: NativeAlloc concurrent copying GC freed 68025(2948KB) AllocSpace objects, 6(240KB) LOS objects, 49% free, 8479KB/16MB, paused 290us,75us total 412.667ms
12-22 16:26:53.912  3338  3338 I wm_on_top_resumed_lost_called: [221793893,com.miui.home.launcher.Launcher,topStateChangedWhenResumed]
12-22 16:26:53.973  3338  3338 I wm_on_paused_called: [0,221793893,com.miui.home.launcher.Launcher,performPause,3]
12-22 16:26:54.019  3338  3390 D cccccc  : onTaskStackChangedBackground
12-22 16:26:54.188  3338  3689 I com.miui.home: CheckGCForNative gc_urgency 0 current_native_bytes is 116526031 starting_gc_num:23
12-22 16:26:54.205  3338  3689 E cccccc  : createTaskSnapshot:
12-22 16:26:54.205  3338  3689 I cccccc  : getTaskSnapshotInstance:
12-22 16:26:54.211  3338  3559 E cccccc  : createTaskSnapshot:
12-22 16:26:54.211  3338  3559 I cccccc  : getTaskSnapshotInstance:
12-22 16:26:54.214  3338  3559 I com.miui.home: CheckGCForNative adj_start_bytes: 32801097 NativeAllocationGcWatermark: 10559432 java_gc_start_bytes: 16961949 kNewNativeDiscountFactor: 2 kOldNativeDiscountFactor: 65536 old_native_bytes: 116526031 new_native_bytes: 10710720 add_bytes_allowed: 31678296 is_gc_concurrent: 1 target_footprint_: 17366594 GetBytesAllocated: 9405040 HeapGrowthMultiplier: 3
12-22 16:26:54.214  3338  3559 I com.miui.home: CheckGCForNative gc_urgency 0.450051 current_native_bytes is 127236751 starting_gc_num:23
12-22 16:26:54.270  3338  3395 D cccccc  : onTaskStackChangedBackground
12-22 16:26:54.270  3338  3559 I com.miui.home: CheckGCForNative adj_start_bytes: 32801097 NativeAllocationGcWatermark: 10559432 java_gc_start_bytes: 16961949 kNewNativeDiscountFactor: 2 kOldNativeDiscountFactor: 65536 old_native_bytes: 116526031 new_native_bytes: 25571424 add_bytes_allowed: 31678296 is_gc_concurrent: 1 target_footprint_: 17366594 GetBytesAllocated: 9461511 HeapGrowthMultiplier: 3
12-22 16:26:54.270  3338  3559 I com.miui.home: CheckGCForNative gc_urgency 0.6783 current_native_bytes is 142097455 starting_gc_num:23
12-22 16:26:54.304  3338  3559 I com.miui.home: CheckGCForNative adj_start_bytes: 32801097 NativeAllocationGcWatermark: 10559432 java_gc_start_bytes: 16961949 kNewNativeDiscountFactor: 2 kOldNativeDiscountFactor: 65536 old_native_bytes: 116526031 new_native_bytes: 13775456 add_bytes_allowed: 31678296 is_gc_concurrent: 1 target_footprint_: 17366594 GetBytesAllocated: 9461511 HeapGrowthMultiplier: 3
12-22 16:26:54.304  3338  4014 D cccccc  : onTaskStackChangedBackground
12-22 16:26:54.304  3338  3559 I com.miui.home: CheckGCForNative gc_urgency 0.49849 current_native_bytes is 130301487 starting_gc_num:23
12-22 16:26:54.309  9099  9099 I wm_on_top_resumed_lost_called: [175200057,com.eg.android.AlipayGphone.AlipayLogin,topStateChangedWhenResumed]
12-22 16:26:54.328  9099  9099 I wm_on_paused_called: [0,175200057,com.eg.android.AlipayGphone.AlipayLogin,performPause,0]
12-22 16:26:54.344  3338  3559 I com.miui.home: CheckGCForNative adj_start_bytes: 32801097 NativeAllocationGcWatermark: 10559432 java_gc_start_bytes: 16961949 kNewNativeDiscountFactor: 2 kOldNativeDiscountFactor: 65536 old_native_bytes: 116526031 new_native_bytes: 14605128 add_bytes_allowed: 31678296 is_gc_concurrent: 1 target_footprint_: 17366594 GetBytesAllocated: 9511534 HeapGrowthMultiplier: 3
12-22 16:26:54.344  3338  3559 I com.miui.home: CheckGCForNative gc_urgency 0.512662 current_native_bytes is 131131159 starting_gc_num:23
12-22 16:26:54.550  3338  3623 I com.miui.home: CheckGCForNative adj_start_bytes: 32801097 NativeAllocationGcWatermark: 10559432 java_gc_start_bytes: 16961949 kNewNativeDiscountFactor: 2 kOldNativeDiscountFactor: 65536 old_native_bytes: 116526031 new_native_bytes: 14623496 add_bytes_allowed: 31678296 is_gc_concurrent: 1 target_footprint_: 17366594 GetBytesAllocated: 9578674 HeapGrowthMultiplier: 3
12-22 16:26:54.551  3338  3623 I com.miui.home: CheckGCForNative gc_urgency 0.514989 current_native_bytes is 131149527 starting_gc_num:23
12-22 16:26:54.672  9256  9256 I wm_on_application_create_called: [0,com.eg.android.AlipayGphone,757]
12-22 16:26:54.695  3338  3623 I com.miui.home: CheckGCForNative adj_start_bytes: 32801097 NativeAllocationGcWatermark: 10559432 java_gc_start_bytes: 16961949 kNewNativeDiscountFactor: 2 kOldNativeDiscountFactor: 65536 old_native_bytes: 116526031 new_native_bytes: 14640944 add_bytes_allowed: 31678296 is_gc_concurrent: 1 target_footprint_: 17366594 GetBytesAllocated: 9660042 HeapGrowthMultiplier: 3
12-22 16:26:54.695  3338  3623 I com.miui.home: CheckGCForNative gc_urgency 0.517735 current_native_bytes is 131166975 starting_gc_num:23
12-22 16:26:54.766  3338  3689 E cccccc  : createTaskSnapshot:
12-22 16:26:54.766  3338  3689 I cccccc  : getTaskSnapshotInstance:
12-22 16:26:54.887  3338  3689 E cccccc  : createTaskSnapshot:
12-22 16:26:54.887  3338  3689 I cccccc  : getTaskSnapshotInstance:
12-22 16:26:54.945  3338  3559 I com.miui.home: CheckGCForNative adj_start_bytes: 32801097 NativeAllocationGcWatermark: 10559432 java_gc_start_bytes: 16961949 kNewNativeDiscountFactor: 2 kOldNativeDiscountFactor: 65536 old_native_bytes: 116526031 new_native_bytes: 15971896 add_bytes_allowed: 31678296 is_gc_concurrent: 1 target_footprint_: 17366594 GetBytesAllocated: 9849418 HeapGrowthMultiplier: 3
12-22 16:26:54.945  3338  3559 I com.miui.home: CheckGCForNative gc_urgency 0.543797 current_native_bytes is 132497927 starting_gc_num:23
12-22 16:26:54.945  3338  3559 I com.miui.home: CheckGCForNative adj_start_bytes: 32801097 NativeAllocationGcWatermark: 10559432 java_gc_start_bytes: 16961949 kNewNativeDiscountFactor: 2 kOldNativeDiscountFactor: 65536 old_native_bytes: 116526031 new_native_bytes: 17422528 add_bytes_allowed: 31678296 is_gc_concurrent: 1 target_footprint_: 17366594 GetBytesAllocated: 9849418 HeapGrowthMultiplier: 3
12-22 16:26:54.945  3338  3559 I com.miui.home: CheckGCForNative gc_urgency 0.56591 current_native_bytes is 133948559 starting_gc_num:23
12-22 16:26:54.955  3338  3559 I com.miui.home: CheckGCForNative adj_start_bytes: 32801097 NativeAllocationGcWatermark: 10559432 java_gc_start_bytes: 16961949 kNewNativeDiscountFactor: 2 kOldNativeDiscountFactor: 65536 old_native_bytes: 116526031 new_native_bytes: 28437184 add_bytes_allowed: 31678296 is_gc_concurrent: 1 target_footprint_: 17366594 GetBytesAllocated: 9856364 HeapGrowthMultiplier: 3
12-22 16:26:54.955  3338  3559 I com.miui.home: CheckGCForNative gc_urgency 0.734022 current_native_bytes is 144963215 starting_gc_num:23
12-22 16:26:55.099  9099  9099 I wm_on_stop_called: [0,175200057,com.eg.android.AlipayGphone.AlipayLogin,STOP_ACTIVITY_ITEM,319]
12-22 16:26:55.180  9390  9390 I wm_on_application_create_called: [0,com.eg.android.AlipayGphone,301]
12-22 16:26:55.300  9509  9509 I wm_on_application_create_called: [0,com.smile.gifmaker,472]
12-22 16:26:55.501  3338  3338 I wm_on_resume_called: [0,221793893,com.miui.home.launcher.Launcher,RESUME_ACTIVITY,26]
12-22 16:26:55.534  3338  3338 I wm_on_idle_called: com.miui.home.launcher.Launcher
12-22 16:26:55.729  9557  9557 I wm_on_application_create_called: [0,com.xiaomi.market,371]
12-22 16:26:55.775  3338  4014 I com.miui.home: CheckGCForNative adj_start_bytes: 32801097 NativeAllocationGcWatermark: 10559432 java_gc_start_bytes: 16961949 kNewNativeDiscountFactor: 2 kOldNativeDiscountFactor: 65536 old_native_bytes: 116526031 new_native_bytes: 39402628 add_bytes_allowed: 31678296 is_gc_concurrent: 1 target_footprint_: 17366594 GetBytesAllocated: 11332311 HeapGrowthMultiplier: 3
12-22 16:26:55.775  3338  4014 I com.miui.home: CheckGCForNative gc_urgency 0.94617 current_native_bytes is 155928659 starting_gc_num:23
12-22 16:26:55.776  3338  4014 I cccccc  : createTaskSnapshotCompat:
12-22 16:26:55.776  3338  4014 I com.miui.home: CheckGCForNative adj_start_bytes: 32801097 NativeAllocationGcWatermark: 10559432 java_gc_start_bytes: 16961949 kNewNativeDiscountFactor: 2 kOldNativeDiscountFactor: 65536 old_native_bytes: 116526031 new_native_bytes: 50109892 add_bytes_allowed: 31678296 is_gc_concurrent: 1 target_footprint_: 17366594 GetBytesAllocated: 11340098 HeapGrowthMultiplier: 3
12-22 16:26:55.776  3338  4014 I com.miui.home: CheckGCForNative gc_urgency 1.10962 current_native_bytes is 166635923 starting_gc_num:23
12-22 16:26:55.776  3338  4014 I com.miui.home: CheckGCForNative requested 1
12-22 16:26:55.787  3338  8040 I com.miui.home: CheckGCForNative adj_start_bytes: 32801097 NativeAllocationGcWatermark: 10559432 java_gc_start_bytes: 16961949 kNewNativeDiscountFactor: 2 kOldNativeDiscountFactor: 65536 old_native_bytes: 116526031 new_native_bytes: 39415140 add_bytes_allowed: 31678296 is_gc_concurrent: 1 target_footprint_: 17366594 GetBytesAllocated: 11366780 HeapGrowthMultiplier: 3
12-22 16:26:55.787  3338  8040 I com.miui.home: CheckGCForNative gc_urgency 0.947411 current_native_bytes is 155941171 starting_gc_num:23
12-22 16:26:55.941  3338  4014 I cccccc  : getTaskSnapshot:
12-22 16:26:55.941  3338  4014 I com.miui.home: CheckGCForNative adj_start_bytes: 32801097 NativeAllocationGcWatermark: 10559432 java_gc_start_bytes: 16961949 kNewNativeDiscountFactor: 2 kOldNativeDiscountFactor: 65536 old_native_bytes: 116526031 new_native_bytes: 50246308 add_bytes_allowed: 31678296 is_gc_concurrent: 1 target_footprint_: 17366594 GetBytesAllocated: 11421706 HeapGrowthMultiplier: 3
12-22 16:26:55.941  3338  4014 I com.miui.home: CheckGCForNative gc_urgency 1.11419 current_native_bytes is 166772339 starting_gc_num:23
12-22 16:26:55.941  3338  4014 I com.miui.home: CheckGCForNative requested 1
12-22 16:26:55.942  3338  3338 I cccccc  : createTaskSnapshotCompat:
12-22 16:26:55.952  3338  3338 I wm_on_top_resumed_gained_called: [221793893,com.miui.home.launcher.Launcher,topStateChangedWhenResumed]
12-22 16:26:56.106  3338  3623 I com.miui.home: CheckGCForNative adj_start_bytes: 32801097 NativeAllocationGcWatermark: 10559432 java_gc_start_bytes: 16961949 kNewNativeDiscountFactor: 2 kOldNativeDiscountFactor: 65536 old_native_bytes: 116526031 new_native_bytes: 39580356 add_bytes_allowed: 31678296 is_gc_concurrent: 1 target_footprint_: 17366594 GetBytesAllocated: 11490642 HeapGrowthMultiplier: 3
12-22 16:26:56.106  3338  3623 I com.miui.home: CheckGCForNative gc_urgency 0.953706 current_native_bytes is 156106387 starting_gc_num:23
12-22 16:26:56.128  3338  3623 I com.miui.home: CheckGCForNative adj_start_bytes: 32801097 NativeAllocationGcWatermark: 10559432 java_gc_start_bytes: 16961949 kNewNativeDiscountFactor: 2 kOldNativeDiscountFactor: 65536 old_native_bytes: 116526031 new_native_bytes: 39582468 add_bytes_allowed: 31678296 is_gc_concurrent: 1 target_footprint_: 17366594 GetBytesAllocated: 11498159 HeapGrowthMultiplier: 3
12-22 16:26:56.128  3338  3623 I com.miui.home: CheckGCForNative gc_urgency 0.953967 current_native_bytes is 156108499 starting_gc_num:23
12-22 16:26:56.149  9509  9509 I wm_on_create_called: [0,59485107,com.yxcorp.gifshow.HomeActivity,performCreate,813]
12-22 16:26:56.263  3338  3701 I cccccc  : getTaskSnapshot:
12-22 16:26:56.264  3338  3701 I com.miui.home: CheckGCForNative adj_start_bytes: 32801097 NativeAllocationGcWatermark: 10559432 java_gc_start_bytes: 16961949 kNewNativeDiscountFactor: 2 kOldNativeDiscountFactor: 65536 old_native_bytes: 116526031 new_native_bytes: 50238180 add_bytes_allowed: 31678296 is_gc_concurrent: 1 target_footprint_: 17366594 GetBytesAllocated: 11660230 HeapGrowthMultiplier: 3
12-22 16:26:56.264  3338  3701 I com.miui.home: CheckGCForNative gc_urgency 1.12134 current_native_bytes is 166764211 starting_gc_num:23
12-22 16:26:56.264  3338  3701 I com.miui.home: CheckGCForNative requested 1
12-22 16:26:56.266  3338  3622 I com.miui.home: CheckGCForNative adj_start_bytes: 32801097 NativeAllocationGcWatermark: 10559432 java_gc_start_bytes: 16961949 kNewNativeDiscountFactor: 2 kOldNativeDiscountFactor: 65536 old_native_bytes: 116526031 new_native_bytes: 60944484 add_bytes_allowed: 31678296 is_gc_concurrent: 1 target_footprint_: 17366594 GetBytesAllocated: 11660422 HeapGrowthMultiplier: 3
12-22 16:26:56.266  3338  3622 I com.miui.home: CheckGCForNative gc_urgency 1.28454 current_native_bytes is 177470515 starting_gc_num:23
12-22 16:26:56.266  3338  3622 I com.miui.home: CheckGCForNative requested 1
12-22 16:26:56.266  3338  3622 I cccccc  : createTaskSnapshotCompat:
12-22 16:26:56.267  3338  3622 I com.miui.home: CheckGCForNative adj_start_bytes: 32801097 NativeAllocationGcWatermark: 10559432 java_gc_start_bytes: 16961949 kNewNativeDiscountFactor: 2 kOldNativeDiscountFactor: 65536 old_native_bytes: 116526031 new_native_bytes: 71651940 add_bytes_allowed: 31678296 is_gc_concurrent: 1 target_footprint_: 17366594 GetBytesAllocated: 11660630 HeapGrowthMultiplier: 3
12-22 16:26:56.267  3338  3622 I com.miui.home: CheckGCForNative gc_urgency 1.44777 current_native_bytes is 188177971 starting_gc_num:23
12-22 16:26:56.295  3338  3338 I cccccc  : createTaskSnapshotCompat:
12-22 16:26:56.492  3338  3379 I com.miui.home: NativeAlloc concurrent copying GC freed 62021(2653KB) AllocSpace objects, 6(240KB) LOS objects, 49% free, 8610KB/16MB, paused 236us,118us total 711.360ms
12-22 16:26:56.640  3338  3338 I wm_on_top_resumed_lost_called: [221793893,com.miui.home.launcher.Launcher,topStateChangedWhenResumed]
12-22 16:26:56.676  9509  9509 I wm_on_start_called: [0,59485107,com.yxcorp.gifshow.HomeActivity,handleStartActivity,525]
12-22 16:26:56.682  9914  9914 I wm_on_application_create_called: [0,com.android.permissioncontroller,245]
12-22 16:26:56.730  3338  3701 D cccccc  : onTaskStackChangedBackground
12-22 16:26:56.779  3338  3338 I wm_on_paused_called: [0,221793893,com.miui.home.launcher.Launcher,performPause,2]
12-22 16:26:57.137  3338  3689 E cccccc  : createTaskSnapshot:
12-22 16:26:57.137  3338  3689 I cccccc  : getTaskSnapshotInstance:
12-22 16:26:57.249  3338  3689 E cccccc  : createTaskSnapshot:
12-22 16:26:57.249  3338  3689 I cccccc  : getTaskSnapshotInstance:
