12-22 17:20:49.807  3324  3324 I wm_on_paused_called: [0,16226728,com.miui.home.launcher.Launcher,performPause,3]
12-22 17:20:49.972  3324  3373 D cccccc  : onTaskStackChangedBackground
12-22 17:20:49.972  3324  4010 D cccccc  : onTaskStackChangedBackground
12-22 17:20:50.210  3324  3663 E cccccc  : createTaskSnapshot:
12-22 17:20:50.210  3324  3663 I cccccc  : getTaskSnapshotInstance:
12-22 17:20:50.213  3324  3663 E cccccc  : createTaskSnapshot:
12-22 17:20:50.213  3324  3663 I cccccc  : getTaskSnapshotInstance:
12-22 17:20:50.214  3324  3663 I com.miui.home: CheckGCForNative adj_start_bytes: 33106614 NativeAllocationGcWatermark: 10565325 java_gc_start_bytes: 17258627 kNewNativeDiscountFactor: 2 kOldNativeDiscountFactor: 65536 old_native_bytes: 142042375 new_native_bytes: 11713676 add_bytes_allowed: 31695975 is_gc_concurrent: 1 target_footprint_: 17413737 GetBytesAllocated: 10877191 HeapGrowthMultiplier: 3
12-22 17:20:50.215  3324  3663 I com.miui.home: CheckGCForNative gc_urgency 0.505524 current_native_bytes is 153756051 starting_gc_num:30
12-22 17:20:50.273  3324  3657 I com.miui.home: CheckGCForNative adj_start_bytes: 33106614 NativeAllocationGcWatermark: 10565325 java_gc_start_bytes: 17258627 kNewNativeDiscountFactor: 2 kOldNativeDiscountFactor: 65536 old_native_bytes: 142042375 new_native_bytes: 1024940 add_bytes_allowed: 31695975 is_gc_concurrent: 1 target_footprint_: 17413737 GetBytesAllocated: 10979395 HeapGrowthMultiplier: 3
12-22 17:20:50.273  3324  3657 I com.miui.home: CheckGCForNative gc_urgency 0.347182 current_native_bytes is 143067315 starting_gc_num:30
12-22 17:20:50.339  3324  3657 I com.miui.home: CheckGCForNative adj_start_bytes: 33106614 NativeAllocationGcWatermark: 10565325 java_gc_start_bytes: 17258627 kNewNativeDiscountFactor: 2 kOldNativeDiscountFactor: 65536 old_native_bytes: 142042375 new_native_bytes: 977580 add_bytes_allowed: 31695975 is_gc_concurrent: 1 target_footprint_: 17413737 GetBytesAllocated: 11113874 HeapGrowthMultiplier: 3
12-22 17:20:50.339  3324  3657 I com.miui.home: CheckGCForNative gc_urgency 0.350529 current_native_bytes is 143019955 starting_gc_num:30
12-22 17:20:50.550  3324  3663 E cccccc  : createTaskSnapshot:
12-22 17:20:50.550  3324  3663 I cccccc  : getTaskSnapshotInstance:
12-22 17:20:50.606  3324  3657 I com.miui.home: CheckGCForNative adj_start_bytes: 33106614 NativeAllocationGcWatermark: 10565325 java_gc_start_bytes: 17258627 kNewNativeDiscountFactor: 2 kOldNativeDiscountFactor: 65536 old_native_bytes: 142042375 new_native_bytes: 1171808 add_bytes_allowed: 31695975 is_gc_concurrent: 1 target_footprint_: 17413737 GetBytesAllocated: 11609572 HeapGrowthMultiplier: 3
12-22 17:20:50.606  3324  3657 I com.miui.home: CheckGCForNative gc_urgency 0.368435 current_native_bytes is 143214183 starting_gc_num:30
12-22 17:20:50.673 10871 10871 I wm_on_create_called: [0,262272311,com.xunmeng.pinduoduo.ui.activity.MainFrameActivity,performCreate,120]
12-22 17:20:50.842 10840 10840 I wm_on_application_create_called: [0,com.xiaomi.mi_connect_service,479]
12-22 17:20:50.907  3324  3373 D cccccc  : onTaskStackChangedBackground
12-22 17:20:50.916  3324  3373 D cccccc  : onTaskStackChangedBackground
12-22 17:20:51.108  3324  3663 E cccccc  : createTaskSnapshot:
12-22 17:20:51.108  3324  3663 I cccccc  : getTaskSnapshotInstance:
12-22 17:20:51.128 10871 10871 I wm_on_create_called: [0,200884631,com.xunmeng.pinduoduo.ui.activity.HomeActivity,performCreate,124]
12-22 17:20:51.277 10871 10871 I wm_on_start_called: [0,200884631,com.xunmeng.pinduoduo.ui.activity.HomeActivity,handleStartActivity,149]
12-22 17:20:51.312 10871 10871 I wm_on_resume_called: [0,200884631,com.xunmeng.pinduoduo.ui.activity.HomeActivity,RESUME_ACTIVITY,10]
12-22 17:20:51.366  3324  3324 I wm_on_resume_called: [0,16226728,com.miui.home.launcher.Launcher,RESUME_ACTIVITY,19]
12-22 17:20:51.384  3324  3324 I com.miui.home: CheckGCForNative adj_start_bytes: 33106614 NativeAllocationGcWatermark: 10565325 java_gc_start_bytes: 17258627 kNewNativeDiscountFactor: 2 kOldNativeDiscountFactor: 65536 old_native_bytes: 142042375 new_native_bytes: 1200948 add_bytes_allowed: 31695975 is_gc_concurrent: 1 target_footprint_: 17413737 GetBytesAllocated: 13196087 HeapGrowthMultiplier: 3
12-22 17:20:51.385  3324  3324 I com.miui.home: CheckGCForNative gc_urgency 0.416797 current_native_bytes is 143243323 starting_gc_num:30
12-22 17:20:51.387  3324  3324 I wm_on_idle_called: com.miui.home.launcher.Launcher
12-22 17:20:51.525 10871 10871 I wm_on_top_resumed_gained_called: [200884631,com.xunmeng.pinduoduo.ui.activity.HomeActivity,topStateChangedWhenResumed]
12-22 17:20:51.526 10871 10871 I wm_on_top_resumed_lost_called: [200884631,com.xunmeng.pinduoduo.ui.activity.HomeActivity,topStateChangedWhenResumed]
12-22 17:20:51.530  3324  3324 I wm_on_top_resumed_gained_called: [16226728,com.miui.home.launcher.Launcher,topStateChangedWhenResumed]
12-22 17:20:51.549  3324  3758 I com.miui.home: CheckGCForNative adj_start_bytes: 33106614 NativeAllocationGcWatermark: 10565325 java_gc_start_bytes: 17258627 kNewNativeDiscountFactor: 2 kOldNativeDiscountFactor: 65536 old_native_bytes: 142042375 new_native_bytes: 12100868 add_bytes_allowed: 31695975 is_gc_concurrent: 1 target_footprint_: 17413737 GetBytesAllocated: 13679175 HeapGrowthMultiplier: 3
12-22 17:20:51.549  3324  3758 I com.miui.home: CheckGCForNative gc_urgency 0.596007 current_native_bytes is 154143243 starting_gc_num:30
12-22 17:20:51.549  3324  3758 I cccccc  : createTaskSnapshotCompat:
12-22 17:20:51.554  3324  3758 I com.miui.home: CheckGCForNative adj_start_bytes: 33106614 NativeAllocationGcWatermark: 10565325 java_gc_start_bytes: 17258627 kNewNativeDiscountFactor: 2 kOldNativeDiscountFactor: 65536 old_native_bytes: 142042375 new_native_bytes: 22808548 add_bytes_allowed: 31695975 is_gc_concurrent: 1 target_footprint_: 17413737 GetBytesAllocated: 13691735 HeapGrowthMultiplier: 3
12-22 17:20:51.554  3324  3758 I com.miui.home: CheckGCForNative gc_urgency 0.758102 current_native_bytes is 164850923 starting_gc_num:30
12-22 17:20:51.566  3324  8390 I com.miui.home: CheckGCForNative adj_start_bytes: 33106614 NativeAllocationGcWatermark: 10565325 java_gc_start_bytes: 17258627 kNewNativeDiscountFactor: 2 kOldNativeDiscountFactor: 65536 old_native_bytes: 142042375 new_native_bytes: 12135556 add_bytes_allowed: 31695975 is_gc_concurrent: 1 target_footprint_: 17413737 GetBytesAllocated: 13738112 HeapGrowthMultiplier: 3
12-22 17:20:51.566  3324  8390 I com.miui.home: CheckGCForNative gc_urgency 0.598311 current_native_bytes is 154177931 starting_gc_num:30
12-22 17:20:51.698  3324  3663 E cccccc  : createTaskSnapshot:
12-22 17:20:51.699  3324  3663 I cccccc  : getTaskSnapshotInstance:
12-22 17:20:51.700  3324  3663 I com.miui.home: CheckGCForNative adj_start_bytes: 33106614 NativeAllocationGcWatermark: 10565325 java_gc_start_bytes: 17258627 kNewNativeDiscountFactor: 2 kOldNativeDiscountFactor: 65536 old_native_bytes: 142042375 new_native_bytes: 23113092 add_bytes_allowed: 31695975 is_gc_concurrent: 1 target_footprint_: 17413737 GetBytesAllocated: 13968888 HeapGrowthMultiplier: 3
12-22 17:20:51.700  3324  3663 I com.miui.home: CheckGCForNative gc_urgency 0.771073 current_native_bytes is 165155467 starting_gc_num:30
12-22 17:20:51.743  3324  3588 I com.miui.home: CheckGCForNative adj_start_bytes: 33106614 NativeAllocationGcWatermark: 10565325 java_gc_start_bytes: 17258627 kNewNativeDiscountFactor: 2 kOldNativeDiscountFactor: 65536 old_native_bytes: 142042375 new_native_bytes: 12646948 add_bytes_allowed: 31695975 is_gc_concurrent: 1 target_footprint_: 17413737 GetBytesAllocated: 14082795 HeapGrowthMultiplier: 3
12-22 17:20:51.744  3324  3588 I com.miui.home: CheckGCForNative gc_urgency 0.616446 current_native_bytes is 154689323 starting_gc_num:30
12-22 17:20:51.750  3324  3588 I com.miui.home: CheckGCForNative adj_start_bytes: 33106614 NativeAllocationGcWatermark: 10565325 java_gc_start_bytes: 17258627 kNewNativeDiscountFactor: 2 kOldNativeDiscountFactor: 65536 old_native_bytes: 142042375 new_native_bytes: 13043300 add_bytes_allowed: 31695975 is_gc_concurrent: 1 target_footprint_: 17413737 GetBytesAllocated: 14082795 HeapGrowthMultiplier: 3
12-22 17:20:51.750  3324  3588 I com.miui.home: CheckGCForNative gc_urgency 0.622432 current_native_bytes is 155085675 starting_gc_num:30
12-22 17:20:51.766  3324  3591 I com.miui.home: CheckGCForNative adj_start_bytes: 33106614 NativeAllocationGcWatermark: 10565325 java_gc_start_bytes: 17258627 kNewNativeDiscountFactor: 2 kOldNativeDiscountFactor: 65536 old_native_bytes: 142042375 new_native_bytes: 13585036 add_bytes_allowed: 31695975 is_gc_concurrent: 1 target_footprint_: 17413737 GetBytesAllocated: 14085182 HeapGrowthMultiplier: 3
12-22 17:20:51.766  3324  3591 I com.miui.home: CheckGCForNative gc_urgency 0.630686 current_native_bytes is 155627411 starting_gc_num:30
12-22 17:20:51.875  3324  3324 I com.miui.home: CheckGCForNative adj_start_bytes: 33106614 NativeAllocationGcWatermark: 10565325 java_gc_start_bytes: 17258627 kNewNativeDiscountFactor: 2 kOldNativeDiscountFactor: 65536 old_native_bytes: 142042375 new_native_bytes: 13978796 add_bytes_allowed: 31695975 is_gc_concurrent: 1 target_footprint_: 17413737 GetBytesAllocated: 14243623 HeapGrowthMultiplier: 3
12-22 17:20:51.875  3324  3324 I com.miui.home: CheckGCForNative gc_urgency 0.641418 current_native_bytes is 156021171 starting_gc_num:30
12-22 17:20:52.051  3324  3656 I com.miui.home: CheckGCForNative adj_start_bytes: 33106614 NativeAllocationGcWatermark: 10565325 java_gc_start_bytes: 17258627 kNewNativeDiscountFactor: 2 kOldNativeDiscountFactor: 65536 old_native_bytes: 142042375 new_native_bytes: 24654172 add_bytes_allowed: 31695975 is_gc_concurrent: 1 target_footprint_: 17413737 GetBytesAllocated: 14319643 HeapGrowthMultiplier: 3
12-22 17:20:52.051  3324  3656 I com.miui.home: CheckGCForNative gc_urgency 0.804942 current_native_bytes is 166696547 starting_gc_num:30
12-22 17:20:52.051  3324  3656 I cccccc  : createTaskSnapshotCompat:
12-22 17:20:52.052  3324  3656 I com.miui.home: CheckGCForNative adj_start_bytes: 33106614 NativeAllocationGcWatermark: 10565325 java_gc_start_bytes: 17258627 kNewNativeDiscountFactor: 2 kOldNativeDiscountFactor: 65536 old_native_bytes: 142042375 new_native_bytes: 35361116 add_bytes_allowed: 31695975 is_gc_concurrent: 1 target_footprint_: 17413737 GetBytesAllocated: 14319835 HeapGrowthMultiplier: 3
12-22 17:20:52.052  3324  3656 I com.miui.home: CheckGCForNative gc_urgency 0.966652 current_native_bytes is 177403491 starting_gc_num:30
12-22 17:20:52.366 10871 10871 I wm_on_paused_called: [0,200884631,com.xunmeng.pinduoduo.ui.activity.HomeActivity,performPause,24]
12-22 17:20:52.457 10871 10871 I wm_on_destroy_called: [0,262272311,com.xunmeng.pinduoduo.ui.activity.MainFrameActivity,performDestroy,26]
12-22 17:20:52.474  3324  3324 I wm_on_top_resumed_lost_called: [16226728,com.miui.home.launcher.Launcher,topStateChangedWhenResumed]
12-22 17:20:52.479  3324  3324 I wm_on_paused_called: [0,16226728,com.miui.home.launcher.Launcher,performPause,3]
12-22 17:20:52.570  3324  3390 D cccccc  : onTaskStackChangedBackground
12-22 17:20:52.571  3324  3390 D cccccc  : onTaskStackChangedBackground
12-22 17:20:52.641  3324  3390 D cccccc  : onTaskStackChangedBackground
12-22 17:20:52.657  3324  3390 D cccccc  : onTaskStackChangedBackground
12-22 17:20:52.768  3324  3390 I com.miui.home: CheckGCForNative adj_start_bytes: 33106614 NativeAllocationGcWatermark: 10565325 java_gc_start_bytes: 17258627 kNewNativeDiscountFactor: 2 kOldNativeDiscountFactor: 65536 old_native_bytes: 142042375 new_native_bytes: 24925024 add_bytes_allowed: 31695975 is_gc_concurrent: 1 target_footprint_: 17413737 GetBytesAllocated: 15090919 HeapGrowthMultiplier: 3
12-22 17:20:52.769  3324  3390 I com.miui.home: CheckGCForNative gc_urgency 0.832329 current_native_bytes is 166967399 starting_gc_num:30
12-22 17:20:52.796  3324  3390 I com.miui.home: CheckGCForNative adj_start_bytes: 33106614 NativeAllocationGcWatermark: 10565325 java_gc_start_bytes: 17258627 kNewNativeDiscountFactor: 2 kOldNativeDiscountFactor: 65536 old_native_bytes: 142042375 new_native_bytes: 25088608 add_bytes_allowed: 31695975 is_gc_concurrent: 1 target_footprint_: 17413737 GetBytesAllocated: 15210117 HeapGrowthMultiplier: 3
12-22 17:20:52.797  3324  3390 I com.miui.home: CheckGCForNative gc_urgency 0.8384 current_native_bytes is 167130983 starting_gc_num:30
12-22 17:20:52.872  3324  3663 E cccccc  : createTaskSnapshot:
12-22 17:20:52.872  3324  3663 I cccccc  : getTaskSnapshotInstance:
12-22 17:20:52.878  3324  3663 E cccccc  : createTaskSnapshot:
12-22 17:20:52.878  3324  3663 I cccccc  : getTaskSnapshotInstance:
12-22 17:20:52.879  3324  3663 I com.miui.home: CheckGCForNative adj_start_bytes: 33106614 NativeAllocationGcWatermark: 10565325 java_gc_start_bytes: 17258627 kNewNativeDiscountFactor: 2 kOldNativeDiscountFactor: 65536 old_native_bytes: 142042375 new_native_bytes: 36227048 add_bytes_allowed: 31695975 is_gc_concurrent: 1 target_footprint_: 17413737 GetBytesAllocated: 15415890 HeapGrowthMultiplier: 3
12-22 17:20:52.881  3324  3663 I com.miui.home: CheckGCForNative gc_urgency 1.01284 current_native_bytes is 178269423 starting_gc_num:30
12-22 17:20:52.881  3324  3663 I com.miui.home: CheckGCForNative requested 1
12-22 17:20:53.140  3324  3657 I com.miui.home: CheckGCForNative adj_start_bytes: 33106614 NativeAllocationGcWatermark: 10565325 java_gc_start_bytes: 17258627 kNewNativeDiscountFactor: 2 kOldNativeDiscountFactor: 65536 old_native_bytes: 142042375 new_native_bytes: 25565008 add_bytes_allowed: 31695975 is_gc_concurrent: 1 target_footprint_: 17413737 GetBytesAllocated: 15801996 HeapGrowthMultiplier: 3
12-22 17:20:53.140  3324  3657 I com.miui.home: CheckGCForNative gc_urgency 0.863473 current_native_bytes is 167607383 starting_gc_num:30
12-22 17:20:53.336  3324  3361 I com.miui.home: NativeAlloc concurrent copying GC freed 148649(6477KB) AllocSpace objects, 14(440KB) LOS objects, 49% free, 8786KB/17MB, paused 7.749ms,120us total 453.776ms
12-22 17:20:53.379 10871 10871 I wm_on_stop_called: [0,200884631,com.xunmeng.pinduoduo.ui.activity.HomeActivity,STOP_ACTIVITY_ITEM,167]
12-22 17:20:53.417  3324  3663 E cccccc  : createTaskSnapshot:
12-22 17:20:53.417  3324  3663 I cccccc  : getTaskSnapshotInstance:
12-22 17:20:53.685 10871 10871 I wm_on_idle_called: com.xunmeng.pinduoduo.ui.activity.HomeActivity
12-22 17:20:53.698  3324  3324 I wm_on_stop_called: [0,16226728,com.miui.home.launcher.Launcher,STOP_ACTIVITY_ITEM,5]
12-22 17:20:54.115  3324  3324 I wm_on_restart_called: [0,16226728,com.miui.home.launcher.Launcher,,0]
12-22 17:20:54.117  3324  3324 I wm_on_start_called: [0,16226728,com.miui.home.launcher.Launcher,handleStartActivity,2]
12-22 17:20:54.137  3324  3324 I wm_on_resume_called: [0,16226728,com.miui.home.launcher.Launcher,RESUME_ACTIVITY,18]
12-22 17:20:54.213  3324  3324 I com.miui.home: CheckGCForNative gc_urgency 0 current_native_bytes is 120578603 starting_gc_num:31
12-22 17:20:54.218  3324  3324 I com.miui.home: CheckGCForNative adj_start_bytes: 33428374 NativeAllocationGcWatermark: 10638055 java_gc_start_bytes: 17471292 kNewNativeDiscountFactor: 2 kOldNativeDiscountFactor: 65536 old_native_bytes: 120578603 new_native_bytes: 26004 add_bytes_allowed: 31914165 is_gc_concurrent: 1 target_footprint_: 17995580 GetBytesAllocated: 10172396 HeapGrowthMultiplier: 3
12-22 17:20:54.218  3324  3324 I com.miui.home: CheckGCForNative gc_urgency 0.304748 current_native_bytes is 120604607 starting_gc_num:31
12-22 17:20:54.272  3324  3324 I wm_on_idle_called: com.miui.home.launcher.Launcher
12-22 17:20:54.432  3324  3390 I com.miui.home: CheckGCForNative adj_start_bytes: 33428374 NativeAllocationGcWatermark: 10638055 java_gc_start_bytes: 17471292 kNewNativeDiscountFactor: 2 kOldNativeDiscountFactor: 65536 old_native_bytes: 120578603 new_native_bytes: 10886660 add_bytes_allowed: 31914165 is_gc_concurrent: 1 target_footprint_: 17995580 GetBytesAllocated: 10223083 HeapGrowthMultiplier: 3
12-22 17:20:54.432  3324  3390 I com.miui.home: CheckGCForNative gc_urgency 0.468711 current_native_bytes is 131465263 starting_gc_num:31
12-22 17:20:54.432  3324  3390 I cccccc  : createTaskSnapshotCompat:
12-22 17:20:54.433  3324  3390 I com.miui.home: CheckGCForNative adj_start_bytes: 33428374 NativeAllocationGcWatermark: 10638055 java_gc_start_bytes: 17471292 kNewNativeDiscountFactor: 2 kOldNativeDiscountFactor: 65536 old_native_bytes: 120578603 new_native_bytes: 21593604 add_bytes_allowed: 31914165 is_gc_concurrent: 1 target_footprint_: 17995580 GetBytesAllocated: 10226184 HeapGrowthMultiplier: 3
12-22 17:20:54.433  3324  3390 I com.miui.home: CheckGCForNative gc_urgency 0.628951 current_native_bytes is 142172207 starting_gc_num:31
12-22 17:20:54.602  3324  3324 I wm_on_top_resumed_gained_called: [16226728,com.miui.home.launcher.Launcher,topStateChangedWhenResumed]
12-22 17:20:54.736 11226 11226 I wm_on_create_called: [0,105743999,com.tencent.qqlive.ona.activity.SplashHomeActivity,performCreate,461]
12-22 17:20:54.779  3324  3657 I com.miui.home: CheckGCForNative adj_start_bytes: 33428374 NativeAllocationGcWatermark: 10638055 java_gc_start_bytes: 17471292 kNewNativeDiscountFactor: 2 kOldNativeDiscountFactor: 65536 old_native_bytes: 120578603 new_native_bytes: 11087536 add_bytes_allowed: 31914165 is_gc_concurrent: 1 target_footprint_: 17995580 GetBytesAllocated: 11020270 HeapGrowthMultiplier: 3
12-22 17:20:54.779  3324  3657 I com.miui.home: CheckGCForNative gc_urgency 0.495563 current_native_bytes is 131666139 starting_gc_num:31
12-22 17:20:54.930  3324  3656 I cccccc  : createTaskSnapshotCompat:
12-22 17:20:55.544  3324  3390 D cccccc  : onTaskStackChangedBackground
12-22 17:20:55.548  3324  3390 D cccccc  : onTaskStackChangedBackground
12-22 17:20:55.841  3324  3324 I wm_on_top_resumed_lost_called: [16226728,com.miui.home.launcher.Launcher,topStateChangedWhenResumed]
12-22 17:20:55.849  3324  3324 I wm_on_paused_called: [0,16226728,com.miui.home.launcher.Launcher,performPause,2]
12-22 17:20:55.872  3324  3390 D cccccc  : onTaskStackChangedBackground
12-22 17:20:55.881  3324  3390 D cccccc  : onTaskStackChangedBackground
12-22 17:20:55.955  3324  3390 D cccccc  : onTaskStackChangedBackground
12-22 17:20:55.965  3324  4007 D cccccc  : onTaskStackChangedBackground
12-22 17:20:56.194 10354 10354 I wm_on_paused_called: [0,64152927,com.yxcorp.gifshow.HomeActivity,performPause,153]
12-22 17:20:56.298  3324  3663 E cccccc  : createTaskSnapshot:
12-22 17:20:56.298  3324  3663 I cccccc  : getTaskSnapshotInstance:
12-22 17:20:56.301  3324  3663 I com.miui.home: CheckGCForNative adj_start_bytes: 33428374 NativeAllocationGcWatermark: 10638055 java_gc_start_bytes: 17471292 kNewNativeDiscountFactor: 2 kOldNativeDiscountFactor: 65536 old_native_bytes: 120578603 new_native_bytes: 21911308 add_bytes_allowed: 31914165 is_gc_concurrent: 1 target_footprint_: 17995580 GetBytesAllocated: 12142821 HeapGrowthMultiplier: 3
12-22 17:20:56.301  3324  3663 I com.miui.home: CheckGCForNative gc_urgency 0.691039 current_native_bytes is 142489911 starting_gc_num:31
12-22 17:20:56.343  3324  8390 I com.miui.home: CheckGCForNative adj_start_bytes: 33428374 NativeAllocationGcWatermark: 10638055 java_gc_start_bytes: 17471292 kNewNativeDiscountFactor: 2 kOldNativeDiscountFactor: 65536 old_native_bytes: 120578603 new_native_bytes: 11521612 add_bytes_allowed: 31914165 is_gc_concurrent: 1 target_footprint_: 17995580 GetBytesAllocated: 12254313 HeapGrowthMultiplier: 3
12-22 17:20:56.343  3324  8390 I com.miui.home: CheckGCForNative gc_urgency 0.538972 current_native_bytes is 132100215 starting_gc_num:31
12-22 17:20:56.367  3324  3657 I com.miui.home: CheckGCForNative adj_start_bytes: 33428374 NativeAllocationGcWatermark: 10638055 java_gc_start_bytes: 17471292 kNewNativeDiscountFactor: 2 kOldNativeDiscountFactor: 65536 old_native_bytes: 120578603 new_native_bytes: 11560412 add_bytes_allowed: 31914165 is_gc_concurrent: 1 target_footprint_: 17995580 GetBytesAllocated: 12263556 HeapGrowthMultiplier: 3
12-22 17:20:56.367  3324  3657 I com.miui.home: CheckGCForNative gc_urgency 0.539829 current_native_bytes is 132139015 starting_gc_num:31
12-22 17:20:56.429 10354 10354 I wm_on_stop_called: [0,64152927,com.yxcorp.gifshow.HomeActivity,STOP_ACTIVITY_ITEM,88]
12-22 17:20:56.590  3324  3657 I com.miui.home: CheckGCForNative adj_start_bytes: 33428374 NativeAllocationGcWatermark: 10638055 java_gc_start_bytes: 17471292 kNewNativeDiscountFactor: 2 kOldNativeDiscountFactor: 65536 old_native_bytes: 120578603 new_native_bytes: 11618888 add_bytes_allowed: 31914165 is_gc_concurrent: 1 target_footprint_: 17995580 GetBytesAllocated: 12782698 HeapGrowthMultiplier: 3
12-22 17:20:56.590  3324  3657 I com.miui.home: CheckGCForNative gc_urgency 0.556233 current_native_bytes is 132197491 starting_gc_num:31
12-22 17:20:56.608 11226 11226 I wm_on_start_called: [0,105743999,com.tencent.qqlive.ona.activity.SplashHomeActivity,handleStartActivity,1842]
12-22 17:20:56.788  3324  3663 E cccccc  : createTaskSnapshot:
12-22 17:20:56.792  3324  3663 I cccccc  : getTaskSnapshotInstance:
12-22 17:20:57.041 11912 11912 I wm_on_create_called: [0,88835429,com.tencent.mobileqq.activity.SplashActivity,performCreate,236]
12-22 17:20:57.129 11912 11912 I wm_on_start_called: [0,88835429,com.tencent.mobileqq.activity.SplashActivity,handleStartActivity,15]
12-22 17:20:57.268 11912 11912 I wm_on_resume_called: [0,88835429,com.tencent.mobileqq.activity.SplashActivity,RESUME_ACTIVITY,126]
12-22 17:20:57.482 11912 11912 I wm_on_top_resumed_gained_called: [88835429,com.tencent.mobileqq.activity.SplashActivity,topStateChangedWhenResumed]
12-22 17:20:57.698  3324  3324 I wm_on_resume_called: [0,16226728,com.miui.home.launcher.Launcher,RESUME_ACTIVITY,18]
12-22 17:20:57.713  3324  3324 I com.miui.home: CheckGCForNative adj_start_bytes: 33428374 NativeAllocationGcWatermark: 10638055 java_gc_start_bytes: 17471292 kNewNativeDiscountFactor: 2 kOldNativeDiscountFactor: 65536 old_native_bytes: 120578603 new_native_bytes: 11831324 add_bytes_allowed: 31914165 is_gc_concurrent: 1 target_footprint_: 17995580 GetBytesAllocated: 13976368 HeapGrowthMultiplier: 3
12-22 17:20:57.713  3324  3324 I com.miui.home: CheckGCForNative gc_urgency 0.595119 current_native_bytes is 132409927 starting_gc_num:31
12-22 17:20:57.716  3324  3324 I wm_on_idle_called: com.miui.home.launcher.Launcher
12-22 17:20:57.820 11912 11912 I wm_on_top_resumed_lost_called: [88835429,com.tencent.mobileqq.activity.SplashActivity,topStateChangedWhenResumed]
12-22 17:20:57.975  3324  3324 I wm_on_top_resumed_gained_called: [16226728,com.miui.home.launcher.Launcher,topStateChangedWhenResumed]
12-22 17:20:57.990 11912 11912 I wm_on_idle_called: com.tencent.mobileqq.activity.SplashActivity
12-22 17:20:58.322 11226 11226 I wm_on_resume_called: [0,105743999,com.tencent.qqlive.ona.activity.SplashHomeActivity,RESUME_ACTIVITY,1385]
12-22 17:20:58.335  3324  3373 I com.miui.home: CheckGCForNative adj_start_bytes: 33428374 NativeAllocationGcWatermark: 10638055 java_gc_start_bytes: 17471292 kNewNativeDiscountFactor: 2 kOldNativeDiscountFactor: 65536 old_native_bytes: 120578603 new_native_bytes: 11905828 add_bytes_allowed: 31914165 is_gc_concurrent: 1 target_footprint_: 17995580 GetBytesAllocated: 14710826 HeapGrowthMultiplier: 3
12-22 17:20:58.335  3324  3373 I com.miui.home: CheckGCForNative gc_urgency 0.618205 current_native_bytes is 132484431 starting_gc_num:31
12-22 17:20:58.349 11912 11912 I wm_on_paused_called: [0,88835429,com.tencent.mobileqq.activity.SplashActivity,performPause,2]
12-22 17:20:58.386  3324  3373 I com.miui.home: CheckGCForNative adj_start_bytes: 33428374 NativeAllocationGcWatermark: 10638055 java_gc_start_bytes: 17471292 kNewNativeDiscountFactor: 2 kOldNativeDiscountFactor: 65536 old_native_bytes: 120578603 new_native_bytes: 22614692 add_bytes_allowed: 31914165 is_gc_concurrent: 1 target_footprint_: 17995580 GetBytesAllocated: 14727210 HeapGrowthMultiplier: 3
12-22 17:20:58.387  3324  3373 I com.miui.home: CheckGCForNative gc_urgency 0.778871 current_native_bytes is 143193295 starting_gc_num:31
12-22 17:20:58.387  3324  3373 I cccccc  : createTaskSnapshotCompat:
12-22 17:20:58.390  3324  3373 I com.miui.home: CheckGCForNative adj_start_bytes: 33428374 NativeAllocationGcWatermark: 10638055 java_gc_start_bytes: 17471292 kNewNativeDiscountFactor: 2 kOldNativeDiscountFactor: 65536 old_native_bytes: 120578603 new_native_bytes: 33321636 add_bytes_allowed: 31914165 is_gc_concurrent: 1 target_footprint_: 17995580 GetBytesAllocated: 14729500 HeapGrowthMultiplier: 3
12-22 17:20:58.390  3324  3373 I com.miui.home: CheckGCForNative gc_urgency 0.939087 current_native_bytes is 153900239 starting_gc_num:31
12-22 17:20:58.690  3324 12374 I com.miui.home: CheckGCForNative adj_start_bytes: 33428374 NativeAllocationGcWatermark: 10638055 java_gc_start_bytes: 17471292 kNewNativeDiscountFactor: 2 kOldNativeDiscountFactor: 65536 old_native_bytes: 120578603 new_native_bytes: 23011492 add_bytes_allowed: 31914165 is_gc_concurrent: 1 target_footprint_: 17995580 GetBytesAllocated: 15005996 HeapGrowthMultiplier: 3
12-22 17:20:58.690  3324 12374 I com.miui.home: CheckGCForNative gc_urgency 0.793194 current_native_bytes is 143590095 starting_gc_num:31
12-22 17:20:58.871  3324  3656 I com.miui.home: CheckGCForNative adj_start_bytes: 33428374 NativeAllocationGcWatermark: 10638055 java_gc_start_bytes: 17471292 kNewNativeDiscountFactor: 2 kOldNativeDiscountFactor: 65536 old_native_bytes: 120578603 new_native_bytes: 33694628 add_bytes_allowed: 31914165 is_gc_concurrent: 1 target_footprint_: 17995580 GetBytesAllocated: 15100423 HeapGrowthMultiplier: 3
12-22 17:20:58.871  3324  3656 I com.miui.home: CheckGCForNative gc_urgency 0.955762 current_native_bytes is 154273231 starting_gc_num:31
12-22 17:20:58.871  3324  3656 I cccccc  : createTaskSnapshotCompat:
12-22 17:20:58.877  3324  3656 I com.miui.home: CheckGCForNative adj_start_bytes: 33428374 NativeAllocationGcWatermark: 10638055 java_gc_start_bytes: 17471292 kNewNativeDiscountFactor: 2 kOldNativeDiscountFactor: 65536 old_native_bytes: 120578603 new_native_bytes: 44401444 add_bytes_allowed: 31914165 is_gc_concurrent: 1 target_footprint_: 17995580 GetBytesAllocated: 15107395 HeapGrowthMultiplier: 3
12-22 17:20:58.877  3324  3656 I com.miui.home: CheckGCForNative gc_urgency 1.11612 current_native_bytes is 164980047 starting_gc_num:31
12-22 17:20:58.878  3324  3656 I com.miui.home: CheckGCForNative requested 1
12-22 17:20:58.967  3324 12374 I com.miui.home: CheckGCForNative adj_start_bytes: 33428374 NativeAllocationGcWatermark: 10638055 java_gc_start_bytes: 17471292 kNewNativeDiscountFactor: 2 kOldNativeDiscountFactor: 65536 old_native_bytes: 120578603 new_native_bytes: 33625924 add_bytes_allowed: 31914165 is_gc_concurrent: 1 target_footprint_: 17995580 GetBytesAllocated: 15138419 HeapGrowthMultiplier: 3
12-22 17:20:58.967  3324 12374 I com.miui.home: CheckGCForNative gc_urgency 0.955871 current_native_bytes is 154204527 starting_gc_num:31
12-22 17:20:59.044 11912 11912 I wm_on_create_called: [0,5996396,com.tencent.mobileqq.activity.LoginActivity,performCreate,378]
12-22 17:20:59.144 11226 11226 I wm_on_top_resumed_gained_called: [105743999,com.tencent.qqlive.ona.activity.SplashHomeActivity,topStateChangedWhenResumed]
12-22 17:20:59.181  3324 12374 I com.miui.home: CheckGCForNative adj_start_bytes: 33428374 NativeAllocationGcWatermark: 10638055 java_gc_start_bytes: 17471292 kNewNativeDiscountFactor: 2 kOldNativeDiscountFactor: 65536 old_native_bytes: 120578603 new_native_bytes: 33663716 add_bytes_allowed: 31914165 is_gc_concurrent: 1 target_footprint_: 17995580 GetBytesAllocated: 15159447 HeapGrowthMultiplier: 3
12-22 17:20:59.181  3324 12374 I com.miui.home: CheckGCForNative gc_urgency 0.957066 current_native_bytes is 154242319 starting_gc_num:31
12-22 17:20:59.226 11226 11226 I wm_on_top_resumed_lost_called: [105743999,com.tencent.qqlive.ona.activity.SplashHomeActivity,topStateChangedWhenResumed]
12-22 17:20:59.291 11912 11912 I wm_on_start_called: [0,5996396,com.tencent.mobileqq.activity.LoginActivity,handleStartActivity,246]
12-22 17:20:59.319 11912 11912 I wm_on_resume_called: [0,5996396,com.tencent.mobileqq.activity.LoginActivity,RESUME_ACTIVITY,26]
12-22 17:20:59.359 11912 11912 I wm_on_stop_called: [0,88835429,com.tencent.mobileqq.activity.SplashActivity,LIFECYCLER_STOP_ACTIVITY,19]
12-22 17:20:59.394 10354 10354 I wm_on_idle_called: com.yxcorp.gifshow.HomeActivity
12-22 17:20:59.422  3324  3324 I wm_on_top_resumed_lost_called: [16226728,com.miui.home.launcher.Launcher,topStateChangedWhenResumed]
12-22 17:20:59.433  3324  3324 I wm_on_paused_called: [0,16226728,com.miui.home.launcher.Launcher,performPause,2]
12-22 17:20:59.468 11226 11226 I wm_on_paused_called: [0,105743999,com.tencent.qqlive.ona.activity.SplashHomeActivity,performPause,47]
12-22 17:20:59.566 11912 11912 I wm_on_destroy_called: [0,88835429,com.tencent.mobileqq.activity.SplashActivity,performDestroy,207]
12-22 17:20:59.679  3324  3373 D cccccc  : onTaskStackChangedBackground
12-22 17:20:59.701  3324  3373 D cccccc  : onTaskStackChangedBackground
12-22 17:20:59.702 11912 11912 I wm_on_paused_called: [0,5996396,com.tencent.mobileqq.activity.LoginActivity,performPause,2]
12-22 17:20:59.750 11912 11912 I wm_on_stop_called: [0,5996396,com.tencent.mobileqq.activity.LoginActivity,STOP_ACTIVITY_ITEM,32]
12-22 17:20:59.885  3324  3373 D cccccc  : onTaskStackChangedBackground
12-22 17:20:59.886 11912 11912 I wm_on_idle_called: com.tencent.mobileqq.activity.LoginActivity
12-22 17:20:59.906  3324 11670 D cccccc  : onTaskStackChangedBackground
12-22 17:20:59.931  3324  3361 I com.miui.home: NativeAlloc concurrent copying GC freed 139949(5898KB) AllocSpace objects, 22(568KB) LOS objects, 50% free, 9182KB/17MB, paused 8.170ms,2.840ms total 1.032s
12-22 17:20:59.992  3324  3663 I com.miui.home: CheckGCForNative gc_urgency 0 current_native_bytes is 133332059 starting_gc_num:32
12-22 17:21:00.129  3324  3663 E cccccc  : createTaskSnapshot:
12-22 17:21:00.129  3324  3663 I cccccc  : getTaskSnapshotInstance:
12-22 17:21:00.132  3324  3663 E cccccc  : createTaskSnapshot:
12-22 17:21:00.132  3324  3663 I cccccc  : getTaskSnapshotInstance:
12-22 17:21:00.135  3324  3663 I com.miui.home: CheckGCForNative adj_start_bytes: 34390883 NativeAllocationGcWatermark: 10739372 java_gc_start_bytes: 18281825 kNewNativeDiscountFactor: 2 kOldNativeDiscountFactor: 65536 old_native_bytes: 133332059 new_native_bytes: 9981924 add_bytes_allowed: 32218116 is_gc_concurrent: 1 target_footprint_: 18806113 GetBytesAllocated: 9807190 HeapGrowthMultiplier: 3
12-22 17:21:00.135  3324  3663 I com.miui.home: CheckGCForNative gc_urgency 0.430352 current_native_bytes is 143313983 starting_gc_num:32
12-22 17:21:00.190  3324  3657 I com.miui.home: CheckGCForNative gc_urgency 0 current_native_bytes is 132614911 starting_gc_num:32
12-22 17:21:00.288  3324  3663 I com.miui.home: CheckGCForNative adj_start_bytes: 34390883 NativeAllocationGcWatermark: 10739372 java_gc_start_bytes: 18281825 kNewNativeDiscountFactor: 2 kOldNativeDiscountFactor: 65536 old_native_bytes: 132614911 new_native_bytes: 29108 add_bytes_allowed: 32218116 is_gc_concurrent: 1 target_footprint_: 18806113 GetBytesAllocated: 10175960 HeapGrowthMultiplier: 3
12-22 17:21:00.288  3324  3663 I com.miui.home: CheckGCForNative gc_urgency 0.296373 current_native_bytes is 132644019 starting_gc_num:32
12-22 17:21:00.413  3324  3663 E cccccc  : createTaskSnapshot:
12-22 17:21:00.414  3324  3663 I cccccc  : getTaskSnapshotInstance:
12-22 17:21:01.010  3324  3324 I wm_on_resume_called: [0,16226728,com.miui.home.launcher.Launcher,RESUME_ACTIVITY,20]
12-22 17:21:01.037  3324  3324 I wm_on_idle_called: com.miui.home.launcher.Launcher
12-22 17:21:01.143  3324  4007 I com.miui.home: CheckGCForNative adj_start_bytes: 34390883 NativeAllocationGcWatermark: 10739372 java_gc_start_bytes: 18281825 kNewNativeDiscountFactor: 2 kOldNativeDiscountFactor: 65536 old_native_bytes: 132614911 new_native_bytes: 10877772 add_bytes_allowed: 32218116 is_gc_concurrent: 1 target_footprint_: 18806113 GetBytesAllocated: 12080718 HeapGrowthMultiplier: 3
12-22 17:21:01.143  3324  4007 I com.miui.home: CheckGCForNative gc_urgency 0.509485 current_native_bytes is 143492683 starting_gc_num:32
12-22 17:21:01.143  3324  4007 I cccccc  : createTaskSnapshotCompat:
12-22 17:21:01.147  3324  4007 I com.miui.home: CheckGCForNative adj_start_bytes: 34390883 NativeAllocationGcWatermark: 10739372 java_gc_start_bytes: 18281825 kNewNativeDiscountFactor: 2 kOldNativeDiscountFactor: 65536 old_native_bytes: 132614911 new_native_bytes: 21584716 add_bytes_allowed: 32218116 is_gc_concurrent: 1 target_footprint_: 18806113 GetBytesAllocated: 12080910 HeapGrowthMultiplier: 3
12-22 17:21:01.147  3324  4007 I com.miui.home: CheckGCForNative gc_urgency 0.665156 current_native_bytes is 154199627 starting_gc_num:32
12-22 17:21:01.256  3324  3657 I com.miui.home: CheckGCForNative adj_start_bytes: 34390883 NativeAllocationGcWatermark: 10739372 java_gc_start_bytes: 18281825 kNewNativeDiscountFactor: 2 kOldNativeDiscountFactor: 65536 old_native_bytes: 132614911 new_native_bytes: 10996812 add_bytes_allowed: 32218116 is_gc_concurrent: 1 target_footprint_: 18806113 GetBytesAllocated: 12159644 HeapGrowthMultiplier: 3
12-22 17:21:01.257  3324  3657 I com.miui.home: CheckGCForNative gc_urgency 0.51351 current_native_bytes is 143611723 starting_gc_num:32
12-22 17:21:01.279  3324  3657 I com.miui.home: CheckGCForNative adj_start_bytes: 34390883 NativeAllocationGcWatermark: 10739372 java_gc_start_bytes: 18281825 kNewNativeDiscountFactor: 2 kOldNativeDiscountFactor: 65536 old_native_bytes: 132614911 new_native_bytes: 10999820 add_bytes_allowed: 32218116 is_gc_concurrent: 1 target_footprint_: 18806113 GetBytesAllocated: 12163739 HeapGrowthMultiplier: 3
12-22 17:21:01.279  3324  3657 I com.miui.home: CheckGCForNative gc_urgency 0.513673 current_native_bytes is 143614731 starting_gc_num:32
12-22 17:21:01.366 12512 12512 I wm_on_application_create_called: [0,com.dragon.read,1034]
12-22 17:21:01.437  3324  3324 I wm_on_top_resumed_gained_called: [16226728,com.miui.home.launcher.Launcher,topStateChangedWhenResumed]
12-22 17:21:01.612  3324  3657 I com.miui.home: CheckGCForNative adj_start_bytes: 34390883 NativeAllocationGcWatermark: 10739372 java_gc_start_bytes: 18281825 kNewNativeDiscountFactor: 2 kOldNativeDiscountFactor: 65536 old_native_bytes: 132614911 new_native_bytes: 11028332 add_bytes_allowed: 32218116 is_gc_concurrent: 1 target_footprint_: 18806113 GetBytesAllocated: 12332406 HeapGrowthMultiplier: 3
12-22 17:21:01.612  3324  3657 I com.miui.home: CheckGCForNative gc_urgency 0.518992 current_native_bytes is 143643243 starting_gc_num:32
12-22 17:21:01.634  3324  3656 I com.miui.home: CheckGCForNative adj_start_bytes: 34390883 NativeAllocationGcWatermark: 10739372 java_gc_start_bytes: 18281825 kNewNativeDiscountFactor: 2 kOldNativeDiscountFactor: 65536 old_native_bytes: 132614911 new_native_bytes: 21717756 add_bytes_allowed: 32218116 is_gc_concurrent: 1 target_footprint_: 18806113 GetBytesAllocated: 12341373 HeapGrowthMultiplier: 3
12-22 17:21:01.634  3324  3656 I com.miui.home: CheckGCForNative gc_urgency 0.674663 current_native_bytes is 154332667 starting_gc_num:32
12-22 17:21:01.634  3324  3656 I cccccc  : createTaskSnapshotCompat:
12-22 17:21:01.635  3324  3656 I com.miui.home: CheckGCForNative adj_start_bytes: 34390883 NativeAllocationGcWatermark: 10739372 java_gc_start_bytes: 18281825 kNewNativeDiscountFactor: 2 kOldNativeDiscountFactor: 65536 old_native_bytes: 132614911 new_native_bytes: 32425020 add_bytes_allowed: 32218116 is_gc_concurrent: 1 target_footprint_: 18806113 GetBytesAllocated: 12343680 HeapGrowthMultiplier: 3
12-22 17:21:01.635  3324  3656 I com.miui.home: CheckGCForNative gc_urgency 0.830401 current_native_bytes is 165039931 starting_gc_num:32
12-22 17:21:01.763 12512 12512 I wm_on_create_called: [0,78909115,com.dragon.read.pages.splash.SplashActivity,performCreate,255]
12-22 17:21:01.852 12512 12512 I wm_on_start_called: [0,78909115,com.dragon.read.pages.splash.SplashActivity,handleStartActivity,85]
12-22 17:21:02.013  3324  3324 I wm_on_top_resumed_lost_called: [16226728,com.miui.home.launcher.Launcher,topStateChangedWhenResumed]
12-22 17:21:02.024  3324  4007 D cccccc  : onTaskStackChangedBackground
12-22 17:21:02.025  3324  4007 D cccccc  : onTaskStackChangedBackground
12-22 17:21:02.165  3324  3324 I wm_on_paused_called: [0,16226728,com.miui.home.launcher.Launcher,performPause,3]
12-22 17:21:02.269  3324 11654 D cccccc  : onTaskStackChangedBackground
12-22 17:21:02.274  3324 11654 D cccccc  : onTaskStackChangedBackground
12-22 17:21:02.494  3324  3663 E cccccc  : createTaskSnapshot:
12-22 17:21:02.494  3324  3663 I cccccc  : getTaskSnapshotInstance:
12-22 17:21:02.495  3324  3663 E cccccc  : createTaskSnapshot:
12-22 17:21:02.495  3324  3663 I cccccc  : getTaskSnapshotInstance:
12-22 17:21:02.503  3324  3663 I com.miui.home: CheckGCForNative adj_start_bytes: 34390883 NativeAllocationGcWatermark: 10739372 java_gc_start_bytes: 18281825 kNewNativeDiscountFactor: 2 kOldNativeDiscountFactor: 65536 old_native_bytes: 132614911 new_native_bytes: 33070776 add_bytes_allowed: 32218116 is_gc_concurrent: 1 target_footprint_: 18806113 GetBytesAllocated: 13631872 HeapGrowthMultiplier: 3
12-22 17:21:02.503  3324  3663 I com.miui.home: CheckGCForNative gc_urgency 0.877247 current_native_bytes is 165685687 starting_gc_num:32
12-22 17:21:02.512  3324  3657 I com.miui.home: CheckGCForNative adj_start_bytes: 34390883 NativeAllocationGcWatermark: 10739372 java_gc_start_bytes: 18281825 kNewNativeDiscountFactor: 2 kOldNativeDiscountFactor: 65536 old_native_bytes: 132614911 new_native_bytes: 22378648 add_bytes_allowed: 32218116 is_gc_concurrent: 1 target_footprint_: 18806113 GetBytesAllocated: 13677320 HeapGrowthMultiplier: 3
12-22 17:21:02.512  3324  3657 I com.miui.home: CheckGCForNative gc_urgency 0.723118 current_native_bytes is 154993559 starting_gc_num:32
12-22 17:21:02.612  3324  3657 I com.miui.home: CheckGCForNative adj_start_bytes: 34390883 NativeAllocationGcWatermark: 10739372 java_gc_start_bytes: 18281825 kNewNativeDiscountFactor: 2 kOldNativeDiscountFactor: 65536 old_native_bytes: 132614911 new_native_bytes: 22386808 add_bytes_allowed: 32218116 is_gc_concurrent: 1 target_footprint_: 18806113 GetBytesAllocated: 13786894 HeapGrowthMultiplier: 3
12-22 17:21:02.612  3324  3657 I com.miui.home: CheckGCForNative gc_urgency 0.726423 current_native_bytes is 155001719 starting_gc_num:32
12-22 17:21:02.766  3324  3663 E cccccc  : createTaskSnapshot:
12-22 17:21:02.767  3324  3663 I cccccc  : getTaskSnapshotInstance:
12-22 17:21:02.785 12512 12512 I wm_on_resume_called: [0,78909115,com.dragon.read.pages.splash.SplashActivity,RESUME_ACTIVITY,932]
12-22 17:21:02.790  3324  3657 I com.miui.home: CheckGCForNative adj_start_bytes: 34390883 NativeAllocationGcWatermark: 10739372 java_gc_start_bytes: 18281825 kNewNativeDiscountFactor: 2 kOldNativeDiscountFactor: 65536 old_native_bytes: 132614911 new_native_bytes: 22643468 add_bytes_allowed: 32218116 is_gc_concurrent: 1 target_footprint_: 18806113 GetBytesAllocated: 14339917 HeapGrowthMultiplier: 3
12-22 17:21:02.790  3324  3657 I com.miui.home: CheckGCForNative gc_urgency 0.746235 current_native_bytes is 155258379 starting_gc_num:32
12-22 17:21:02.799 12512 12512 I wm_on_top_resumed_gained_called: [78909115,com.dragon.read.pages.splash.SplashActivity,topStateChangedWhenResumed]
12-22 17:21:02.933 12512 12512 I wm_on_top_resumed_lost_called: [78909115,com.dragon.read.pages.splash.SplashActivity,topStateChangedWhenResumed]
12-22 17:21:03.572  3324  3324 I wm_on_resume_called: [0,16226728,com.miui.home.launcher.Launcher,RESUME_ACTIVITY,18]
12-22 17:21:03.659  3324  3324 I wm_on_idle_called: com.miui.home.launcher.Launcher
12-22 17:21:03.667 12512 12512 I wm_on_paused_called: [0,78909115,com.dragon.read.pages.splash.SplashActivity,performPause,137]
12-22 17:21:03.789  3324  3390 I com.miui.home: CheckGCForNative adj_start_bytes: 34390883 NativeAllocationGcWatermark: 10739372 java_gc_start_bytes: 18281825 kNewNativeDiscountFactor: 2 kOldNativeDiscountFactor: 65536 old_native_bytes: 132614911 new_native_bytes: 33365488 add_bytes_allowed: 32218116 is_gc_concurrent: 1 target_footprint_: 18806113 GetBytesAllocated: 16010065 HeapGrowthMultiplier: 3
12-22 17:21:03.789  3324  3390 I com.miui.home: CheckGCForNative gc_urgency 0.950683 current_native_bytes is 165980399 starting_gc_num:32
12-22 17:21:03.789  3324  3390 I cccccc  : createTaskSnapshotCompat:
12-22 17:21:03.792  3324  3390 I com.miui.home: CheckGCForNative adj_start_bytes: 34390883 NativeAllocationGcWatermark: 10739372 java_gc_start_bytes: 18281825 kNewNativeDiscountFactor: 2 kOldNativeDiscountFactor: 65536 old_native_bytes: 132614911 new_native_bytes: 44072432 add_bytes_allowed: 32218116 is_gc_concurrent: 1 target_footprint_: 18806113 GetBytesAllocated: 16018168 HeapGrowthMultiplier: 3
12-22 17:21:03.792  3324  3390 I com.miui.home: CheckGCForNative gc_urgency 1.10658 current_native_bytes is 176687343 starting_gc_num:32
12-22 17:21:03.792  3324  3390 I com.miui.home: CheckGCForNative requested 1
12-22 17:21:03.868  3324  3657 I com.miui.home: CheckGCForNative adj_start_bytes: 34390883 NativeAllocationGcWatermark: 10739372 java_gc_start_bytes: 18281825 kNewNativeDiscountFactor: 2 kOldNativeDiscountFactor: 65536 old_native_bytes: 132614911 new_native_bytes: 33411840 add_bytes_allowed: 32218116 is_gc_concurrent: 1 target_footprint_: 18806113 GetBytesAllocated: 16124907 HeapGrowthMultiplier: 3
12-22 17:21:03.868  3324  3657 I com.miui.home: CheckGCForNative gc_urgency 0.954696 current_native_bytes is 166026751 starting_gc_num:32
12-22 17:21:03.879  3324  3657 I com.miui.home: CheckGCForNative adj_start_bytes: 34390883 NativeAllocationGcWatermark: 10739372 java_gc_start_bytes: 18281825 kNewNativeDiscountFactor: 2 kOldNativeDiscountFactor: 65536 old_native_bytes: 132614911 new_native_bytes: 33411904 add_bytes_allowed: 32218116 is_gc_concurrent: 1 target_footprint_: 18806113 GetBytesAllocated: 16124907 HeapGrowthMultiplier: 3
12-22 17:21:03.879  3324  3657 I com.miui.home: CheckGCForNative gc_urgency 0.954697 current_native_bytes is 166026815 starting_gc_num:32
12-22 17:21:03.939  3324  3361 I com.miui.home: NativeAlloc concurrent copying GC freed 149470(6384KB) AllocSpace objects, 28(792KB) LOS objects, 49% free, 8588KB/16MB, paused 84us,79us total 146.864ms
12-22 17:21:03.944 12512 12512 I wm_on_stop_called: [0,78909115,com.dragon.read.pages.splash.SplashActivity,STOP_ACTIVITY_ITEM,118]
12-22 17:21:04.038  3324  3324 I wm_on_top_resumed_gained_called: [16226728,com.miui.home.launcher.Launcher,topStateChangedWhenResumed]
12-22 17:21:04.097 12512 12512 I wm_on_destroy_called: [0,78909115,com.dragon.read.pages.splash.SplashActivity,performDestroy,33]
12-22 17:21:04.215 12921 12921 I wm_on_application_create_called: [0,com.taobao.taobao,1009]
12-22 17:21:04.223  3324  3657 I com.miui.home: CheckGCForNative gc_urgency 0 current_native_bytes is 130008107 starting_gc_num:33
12-22 17:21:04.322  3324  3656 I com.miui.home: CheckGCForNative adj_start_bytes: 33339043 NativeAllocationGcWatermark: 10587261 java_gc_start_bytes: 17458152 kNewNativeDiscountFactor: 2 kOldNativeDiscountFactor: 65536 old_native_bytes: 130008107 new_native_bytes: 10700320 add_bytes_allowed: 31761783 is_gc_concurrent: 1 target_footprint_: 17589224 GetBytesAllocated: 9033730 HeapGrowthMultiplier: 3
12-22 17:21:04.322  3324  3656 I com.miui.home: CheckGCForNative gc_urgency 0.431502 current_native_bytes is 140708427 starting_gc_num:33
12-22 17:21:04.322  3324  3656 I cccccc  : createTaskSnapshotCompat:
12-22 17:21:04.323  3324  3656 I com.miui.home: CheckGCForNative adj_start_bytes: 33339043 NativeAllocationGcWatermark: 10587261 java_gc_start_bytes: 17458152 kNewNativeDiscountFactor: 2 kOldNativeDiscountFactor: 65536 old_native_bytes: 130008107 new_native_bytes: 21407264 add_bytes_allowed: 31761783 is_gc_concurrent: 1 target_footprint_: 17589224 GetBytesAllocated: 9033922 HeapGrowthMultiplier: 3
12-22 17:21:04.323  3324  3656 I com.miui.home: CheckGCForNative gc_urgency 0.592085 current_native_bytes is 151415371 starting_gc_num:33
12-22 17:21:04.731  3324  3324 I wm_on_top_resumed_lost_called: [16226728,com.miui.home.launcher.Launcher,topStateChangedWhenResumed]
12-22 17:21:04.854  3324  3390 D cccccc  : onTaskStackChangedBackground
12-22 17:21:04.856  3324  3390 D cccccc  : onTaskStackChangedBackground
12-22 17:21:04.879  3324  3324 I wm_on_paused_called: [0,16226728,com.miui.home.launcher.Launcher,performPause,3]
12-22 17:21:05.046  3324  3376 D cccccc  : onTaskStackChangedBackground
12-22 17:21:05.061  3324  4007 D cccccc  : onTaskStackChangedBackground
12-22 17:21:05.228 12921 12921 I wm_on_create_called: [0,181222128,com.taobao.tao.welcome.Welcome,performCreate,971]
12-22 17:21:05.418  3324  3663 I com.miui.home: CheckGCForNative adj_start_bytes: 33339043 NativeAllocationGcWatermark: 10587261 java_gc_start_bytes: 17458152 kNewNativeDiscountFactor: 2 kOldNativeDiscountFactor: 65536 old_native_bytes: 130008107 new_native_bytes: 11792896 add_bytes_allowed: 31761783 is_gc_concurrent: 1 target_footprint_: 17589224 GetBytesAllocated: 10200649 HeapGrowthMultiplier: 3
12-22 17:21:05.418  3324  3663 I com.miui.home: CheckGCForNative gc_urgency 0.48289 current_native_bytes is 141801003 starting_gc_num:33
12-22 17:21:05.426  3324  3663 I com.miui.home: CheckGCForNative adj_start_bytes: 33339043 NativeAllocationGcWatermark: 10587261 java_gc_start_bytes: 17458152 kNewNativeDiscountFactor: 2 kOldNativeDiscountFactor: 65536 old_native_bytes: 130008107 new_native_bytes: 11799576 add_bytes_allowed: 31761783 is_gc_concurrent: 1 target_footprint_: 17589224 GetBytesAllocated: 10204411 HeapGrowthMultiplier: 3
12-22 17:21:05.426  3324  3663 I com.miui.home: CheckGCForNative gc_urgency 0.483103 current_native_bytes is 141807683 starting_gc_num:33
12-22 17:21:05.530  3324  3663 E cccccc  : createTaskSnapshot:
12-22 17:21:05.530  3324  3663 I cccccc  : getTaskSnapshotInstance:
12-22 17:21:05.532  3324  3663 E cccccc  : createTaskSnapshot:
12-22 17:21:05.532  3324  3663 I cccccc  : getTaskSnapshotInstance:
12-22 17:21:05.536  3324  3663 I com.miui.home: CheckGCForNative adj_start_bytes: 33339043 NativeAllocationGcWatermark: 10587261 java_gc_start_bytes: 17458152 kNewNativeDiscountFactor: 2 kOldNativeDiscountFactor: 65536 old_native_bytes: 130008107 new_native_bytes: 22609460 add_bytes_allowed: 31761783 is_gc_concurrent: 1 target_footprint_: 17589224 GetBytesAllocated: 10445636 HeapGrowthMultiplier: 3
12-22 17:21:05.536  3324  3663 I com.miui.home: CheckGCForNative gc_urgency 0.652459 current_native_bytes is 152617567 starting_gc_num:33
12-22 17:21:05.711  3324  3663 I com.miui.home: CheckGCForNative adj_start_bytes: 33339043 NativeAllocationGcWatermark: 10587261 java_gc_start_bytes: 17458152 kNewNativeDiscountFactor: 2 kOldNativeDiscountFactor: 65536 old_native_bytes: 130008107 new_native_bytes: 11860756 add_bytes_allowed: 31761783 is_gc_concurrent: 1 target_footprint_: 17589224 GetBytesAllocated: 10874021 HeapGrowthMultiplier: 3
12-22 17:21:05.711  3324  3663 I com.miui.home: CheckGCForNative gc_urgency 0.504105 current_native_bytes is 141868863 starting_gc_num:33
12-22 17:21:05.778 11303 11303 I wm_on_create_called: [0,212772828,com.tencent.mm.ui.LauncherUI,performCreate,408]
12-22 17:21:05.822 11303 11303 I wm_on_start_called: [0,212772828,com.tencent.mm.ui.LauncherUI,handleStartActivity,19]
12-22 17:21:05.871  3324  3663 E cccccc  : createTaskSnapshot:
12-22 17:21:05.871  3324  3663 I cccccc  : getTaskSnapshotInstance:
12-22 17:21:05.905 11303 11303 I wm_on_resume_called: [0,212772828,com.tencent.mm.ui.LauncherUI,RESUME_ACTIVITY,81]
12-22 17:21:05.937 11303 11303 I wm_on_top_resumed_gained_called: [212772828,com.tencent.mm.ui.LauncherUI,topStateChangedWhenResumed]
12-22 17:21:05.945 11303 11303 I wm_on_top_resumed_lost_called: [212772828,com.tencent.mm.ui.LauncherUI,topStateChangedWhenResumed]
12-22 17:21:05.954 11303 11303 I wm_on_paused_called: [0,212772828,com.tencent.mm.ui.LauncherUI,performPause,8]
12-22 17:21:06.005  3324  3324 I wm_on_stop_called: [0,16226728,com.miui.home.launcher.Launcher,STOP_ACTIVITY_ITEM,8]
12-22 17:21:06.069  3324  4007 D cccccc  : onTaskStackChangedBackground
12-22 17:21:06.071  3324 11654 D cccccc  : onTaskStackChangedBackground
12-22 17:21:06.092 11303 11303 I wm_on_create_called: [0,132135522,com.tencent.mm.plugin.account.ui.WelcomeActivity,performCreate,58]
12-22 17:21:06.095 11303 11303 I wm_on_start_called: [0,132135522,com.tencent.mm.plugin.account.ui.WelcomeActivity,handleStartActivity,2]
12-22 17:21:06.101 11303 11303 I wm_on_resume_called: [0,132135522,com.tencent.mm.plugin.account.ui.WelcomeActivity,RESUME_ACTIVITY,5]
12-22 17:21:06.109 11303 11303 I wm_on_top_resumed_gained_called: [132135522,com.tencent.mm.plugin.account.ui.WelcomeActivity,topStateChangedWhenResumed]
12-22 17:21:06.311  3324  3324 I wm_on_restart_called: [0,16226728,com.miui.home.launcher.Launcher,,0]
12-22 17:21:06.313  3324  3324 I wm_on_start_called: [0,16226728,com.miui.home.launcher.Launcher,handleStartActivity,2]
12-22 17:21:06.333  3324  3324 I wm_on_resume_called: [0,16226728,com.miui.home.launcher.Launcher,RESUME_ACTIVITY,18]
12-22 17:21:06.364  3324  3663 E cccccc  : createTaskSnapshot:
12-22 17:21:06.364  3324  3663 I cccccc  : getTaskSnapshotInstance:
12-22 17:21:06.463  3324  3324 I wm_on_idle_called: com.miui.home.launcher.Launcher
12-22 17:21:06.566 11303 11303 I wm_on_top_resumed_lost_called: [132135522,com.tencent.mm.plugin.account.ui.WelcomeActivity,topStateChangedWhenResumed]
