12-22 16:27:14.167  3338  3338 I wm_on_paused_called: [0,221793893,com.miui.home.launcher.Launcher,performPause,3]
12-22 16:27:14.170  3338  3379 I com.miui.home: NativeAlloc concurrent copying GC freed 94344(4378KB) AllocSpace objects, 14(392KB) LOS objects, 49% free, 8579KB/16MB, paused 4.703ms,67us total 187.796ms
12-22 16:27:14.273  3338  3390 D cccccc  : onTaskStackChangedBackground
12-22 16:27:14.283  3338  4010 D cccccc  : onTaskStackChangedBackground
12-22 16:27:14.283  9329  9329 I wm_on_create_called: [0,131049136,com.tencent.mm.ui.LauncherUI,performCreate,1398]
12-22 16:27:14.369  9329  9329 I wm_on_start_called: [0,131049136,com.tencent.mm.ui.LauncherUI,handleStartActivity,43]
12-22 16:27:14.460  3338  3689 E cccccc  : createTaskSnapshot:
12-22 16:27:14.460  3338  3689 I cccccc  : getTaskSnapshotInstance:
12-22 16:27:14.461  3338  3689 I com.miui.home: CheckGCForNative gc_urgency 0 current_native_bytes is 140520987 starting_gc_num:27
12-22 16:27:14.473  9329  9329 I wm_on_resume_called: [0,131049136,com.tencent.mm.ui.LauncherUI,RESUME_ACTIVITY,101]
12-22 16:27:14.521  9329  9329 I wm_on_top_resumed_gained_called: [131049136,com.tencent.mm.ui.LauncherUI,topStateChangedWhenResumed]
12-22 16:27:14.532  9329  9329 I wm_on_top_resumed_lost_called: [131049136,com.tencent.mm.ui.LauncherUI,topStateChangedWhenResumed]
12-22 16:27:14.577  9329  9329 I wm_on_paused_called: [0,131049136,com.tencent.mm.ui.LauncherUI,performPause,8]
12-22 16:27:14.691  3338  4010 D cccccc  : onTaskStackChangedBackground
12-22 16:27:14.714  3338  4010 D cccccc  : onTaskStackChangedBackground
12-22 16:27:14.876  3338  3689 E cccccc  : createTaskSnapshot:
12-22 16:27:14.876  3338  3689 I cccccc  : getTaskSnapshotInstance:
12-22 16:27:14.877  3338  3689 I com.miui.home: CheckGCForNative adj_start_bytes: 33295068 NativeAllocationGcWatermark: 10585045 java_gc_start_bytes: 17417501 kNewNativeDiscountFactor: 2 kOldNativeDiscountFactor: 65536 old_native_bytes: 140520987 new_native_bytes: 187816 add_bytes_allowed: 31755135 is_gc_concurrent: 1 target_footprint_: 17571501 GetBytesAllocated: 10604025 HeapGrowthMultiplier: 3
12-22 16:27:14.877  3338  3689 I com.miui.home: CheckGCForNative gc_urgency 0.321371 current_native_bytes is 140708803 starting_gc_num:27
12-22 16:27:15.002  3338  3556 I com.miui.home: CheckGCForNative gc_urgency 0 current_native_bytes is 130446455 starting_gc_num:27
12-22 16:27:15.007  3338  3556 I com.miui.home: CheckGCForNative adj_start_bytes: 33295068 NativeAllocationGcWatermark: 10585045 java_gc_start_bytes: 17417501 kNewNativeDiscountFactor: 2 kOldNativeDiscountFactor: 65536 old_native_bytes: 130446455 new_native_bytes: 196392 add_bytes_allowed: 31755135 is_gc_concurrent: 1 target_footprint_: 17571501 GetBytesAllocated: 11131840 HeapGrowthMultiplier: 3
12-22 16:27:15.007  3338  3556 I com.miui.home: CheckGCForNative gc_urgency 0.337348 current_native_bytes is 130642847 starting_gc_num:27
12-22 16:27:15.010  3338  3556 I com.miui.home: CheckGCForNative adj_start_bytes: 33295068 NativeAllocationGcWatermark: 10585045 java_gc_start_bytes: 17417501 kNewNativeDiscountFactor: 2 kOldNativeDiscountFactor: 65536 old_native_bytes: 130446455 new_native_bytes: 592744 add_bytes_allowed: 31755135 is_gc_concurrent: 1 target_footprint_: 17571501 GetBytesAllocated: 11148224 HeapGrowthMultiplier: 3
12-22 16:27:15.010  3338  3556 I com.miui.home: CheckGCForNative gc_urgency 0.343792 current_native_bytes is 131039199 starting_gc_num:27
12-22 16:27:15.020  9329  9329 I wm_on_create_called: [0,33637386,com.tencent.mm.plugin.account.ui.WelcomeActivity,performCreate,115]
12-22 16:27:15.024  9329  9329 I wm_on_start_called: [0,33637386,com.tencent.mm.plugin.account.ui.WelcomeActivity,handleStartActivity,3]
12-22 16:27:15.035  9329  9329 I wm_on_resume_called: [0,33637386,com.tencent.mm.plugin.account.ui.WelcomeActivity,RESUME_ACTIVITY,10]
12-22 16:27:15.055  9329  9329 I wm_on_top_resumed_gained_called: [33637386,com.tencent.mm.plugin.account.ui.WelcomeActivity,topStateChangedWhenResumed]
12-22 16:27:15.599  9329  9329 I wm_on_stop_called: [0,180583863,com.tencent.mm.app.WeChatSplashActivity,LIFECYCLER_STOP_ACTIVITY,6]
12-22 16:27:15.621  9329  9329 I wm_on_destroy_called: [0,180583863,com.tencent.mm.app.WeChatSplashActivity,performDestroy,12]
12-22 16:27:15.661  3338  3338 I wm_on_stop_called: [0,221793893,com.miui.home.launcher.Launcher,STOP_ACTIVITY_ITEM,15]
12-22 16:27:15.677  9329  9329 I wm_on_stop_called: [0,131049136,com.tencent.mm.ui.LauncherUI,STOP_ACTIVITY_ITEM,12]
12-22 16:27:16.198  3338  3338 I wm_on_restart_called: [0,221793893,com.miui.home.launcher.Launcher,,0]
12-22 16:27:16.200  3338  3338 I wm_on_start_called: [0,221793893,com.miui.home.launcher.Launcher,handleStartActivity,2]
12-22 16:27:16.204  9329  9329 I wm_on_top_resumed_lost_called: [33637386,com.tencent.mm.plugin.account.ui.WelcomeActivity,topStateChangedWhenResumed]
12-22 16:27:16.219  3338  3338 I wm_on_resume_called: [0,221793893,com.miui.home.launcher.Launcher,RESUME_ACTIVITY,17]
12-22 16:27:16.254  3338  3602 I com.miui.home: CheckGCForNative adj_start_bytes: 33295068 NativeAllocationGcWatermark: 10585045 java_gc_start_bytes: 17417501 kNewNativeDiscountFactor: 2 kOldNativeDiscountFactor: 65536 old_native_bytes: 130446455 new_native_bytes: 906152 add_bytes_allowed: 31755135 is_gc_concurrent: 1 target_footprint_: 17571501 GetBytesAllocated: 12227786 HeapGrowthMultiplier: 3
12-22 16:27:16.254  3338  3602 I com.miui.home: CheckGCForNative gc_urgency 0.380923 current_native_bytes is 131352607 starting_gc_num:27
12-22 16:27:16.322  3338  3338 I wm_on_top_resumed_gained_called: [221793893,com.miui.home.launcher.Launcher,topStateChangedWhenResumed]
12-22 16:27:16.328  3338  3338 I wm_on_idle_called: com.miui.home.launcher.Launcher
12-22 16:27:16.456  3338  4010 I cccccc  : getTaskSnapshot:
12-22 16:27:16.457  3338  4010 I com.miui.home: CheckGCForNative adj_start_bytes: 33295068 NativeAllocationGcWatermark: 10585045 java_gc_start_bytes: 17417501 kNewNativeDiscountFactor: 2 kOldNativeDiscountFactor: 65536 old_native_bytes: 130446455 new_native_bytes: 11726012 add_bytes_allowed: 31755135 is_gc_concurrent: 1 target_footprint_: 17571501 GetBytesAllocated: 12344578 HeapGrowthMultiplier: 3
12-22 16:27:16.457  3338  4010 I com.miui.home: CheckGCForNative gc_urgency 0.546915 current_native_bytes is 142172467 starting_gc_num:27
12-22 16:27:16.458  3338  3338 I cccccc  : createTaskSnapshotCompat:
12-22 16:27:16.458  3338  3338 I com.miui.home: CheckGCForNative adj_start_bytes: 33295068 NativeAllocationGcWatermark: 10585045 java_gc_start_bytes: 17417501 kNewNativeDiscountFactor: 2 kOldNativeDiscountFactor: 65536 old_native_bytes: 130446455 new_native_bytes: 22433660 add_bytes_allowed: 31755135 is_gc_concurrent: 1 target_footprint_: 17571501 GetBytesAllocated: 12344770 HeapGrowthMultiplier: 3
12-22 16:27:16.458  3338  3338 I com.miui.home: CheckGCForNative gc_urgency 0.70772 current_native_bytes is 152880115 starting_gc_num:27
12-22 16:27:16.460  3338  3395 I com.miui.home: CheckGCForNative adj_start_bytes: 33295068 NativeAllocationGcWatermark: 10585045 java_gc_start_bytes: 17417501 kNewNativeDiscountFactor: 2 kOldNativeDiscountFactor: 65536 old_native_bytes: 130446455 new_native_bytes: 22435516 add_bytes_allowed: 31755135 is_gc_concurrent: 1 target_footprint_: 17571501 GetBytesAllocated: 12344770 HeapGrowthMultiplier: 3
12-22 16:27:16.460  3338  3395 I com.miui.home: CheckGCForNative gc_urgency 0.707748 current_native_bytes is 152881971 starting_gc_num:27
12-22 16:27:16.460  3338  3395 I cccccc  : createTaskSnapshotCompat:
12-22 16:27:16.696  3338  3623 I com.miui.home: CheckGCForNative adj_start_bytes: 33295068 NativeAllocationGcWatermark: 10585045 java_gc_start_bytes: 17417501 kNewNativeDiscountFactor: 2 kOldNativeDiscountFactor: 65536 old_native_bytes: 130446455 new_native_bytes: 11776028 add_bytes_allowed: 31755135 is_gc_concurrent: 1 target_footprint_: 17571501 GetBytesAllocated: 12470463 HeapGrowthMultiplier: 3
12-22 16:27:16.696  3338  3623 I com.miui.home: CheckGCForNative gc_urgency 0.551447 current_native_bytes is 142222483 starting_gc_num:27
12-22 16:27:16.740  3338  3623 I com.miui.home: CheckGCForNative adj_start_bytes: 33295068 NativeAllocationGcWatermark: 10585045 java_gc_start_bytes: 17417501 kNewNativeDiscountFactor: 2 kOldNativeDiscountFactor: 65536 old_native_bytes: 130446455 new_native_bytes: 11770908 add_bytes_allowed: 31755135 is_gc_concurrent: 1 target_footprint_: 17571501 GetBytesAllocated: 12486590 HeapGrowthMultiplier: 3
12-22 16:27:16.740  3338  3623 I com.miui.home: CheckGCForNative gc_urgency 0.551855 current_native_bytes is 142217363 starting_gc_num:27
12-22 16:27:16.935  3338  3622 I com.miui.home: CheckGCForNative adj_start_bytes: 33295068 NativeAllocationGcWatermark: 10585045 java_gc_start_bytes: 17417501 kNewNativeDiscountFactor: 2 kOldNativeDiscountFactor: 65536 old_native_bytes: 130446455 new_native_bytes: 22469628 add_bytes_allowed: 31755135 is_gc_concurrent: 1 target_footprint_: 17571501 GetBytesAllocated: 12577723 HeapGrowthMultiplier: 3
12-22 16:27:16.935  3338  3622 I com.miui.home: CheckGCForNative gc_urgency 0.715257 current_native_bytes is 152916083 starting_gc_num:27
12-22 16:27:16.937  3338  3622 I cccccc  : createTaskSnapshotCompat:
12-22 16:27:16.938  3338  3622 I com.miui.home: CheckGCForNative adj_start_bytes: 33295068 NativeAllocationGcWatermark: 10585045 java_gc_start_bytes: 17417501 kNewNativeDiscountFactor: 2 kOldNativeDiscountFactor: 65536 old_native_bytes: 130446455 new_native_bytes: 33176700 add_bytes_allowed: 31755135 is_gc_concurrent: 1 target_footprint_: 17571501 GetBytesAllocated: 12586026 HeapGrowthMultiplier: 3
12-22 16:27:16.938  3338  3622 I com.miui.home: CheckGCForNative gc_urgency 0.876297 current_native_bytes is 163623155 starting_gc_num:27
12-22 16:27:16.939  3338 10953 I cccccc  : getTaskSnapshot:
12-22 16:27:16.940  3338 10953 I com.miui.home: CheckGCForNative adj_start_bytes: 33295068 NativeAllocationGcWatermark: 10585045 java_gc_start_bytes: 17417501 kNewNativeDiscountFactor: 2 kOldNativeDiscountFactor: 65536 old_native_bytes: 130446455 new_native_bytes: 33172604 add_bytes_allowed: 31755135 is_gc_concurrent: 1 target_footprint_: 17571501 GetBytesAllocated: 12602410 HeapGrowthMultiplier: 3
12-22 16:27:16.941  3338 10953 I com.miui.home: CheckGCForNative gc_urgency 0.876728 current_native_bytes is 163619059 starting_gc_num:27
12-22 16:27:16.942  3338  3338 I cccccc  : createTaskSnapshotCompat:
12-22 16:27:16.976  9329  9329 I wm_on_paused_called: [0,33637386,com.tencent.mm.plugin.account.ui.WelcomeActivity,performPause,11]
12-22 16:27:17.044  9329  9329 I wm_on_stop_called: [0,33637386,com.tencent.mm.plugin.account.ui.WelcomeActivity,STOP_ACTIVITY_ITEM,28]
12-22 16:27:17.056  9329  9329 I wm_on_idle_called: com.tencent.mm.ui.LauncherUI
12-22 16:27:17.056  9329  9329 I wm_on_idle_called: com.tencent.mm.plugin.account.ui.WelcomeActivity
12-22 16:27:17.080  3338 10953 D cccccc  : onTaskStackChangedBackground
12-22 16:27:17.081  3338  3701 D cccccc  : onTaskStackChangedBackground
12-22 16:27:17.243  3338  3689 E cccccc  : createTaskSnapshot:
12-22 16:27:17.243  3338  3689 I cccccc  : getTaskSnapshotInstance:
12-22 16:27:17.245  3338  3689 I com.miui.home: CheckGCForNative adj_start_bytes: 33295068 NativeAllocationGcWatermark: 10585045 java_gc_start_bytes: 17417501 kNewNativeDiscountFactor: 2 kOldNativeDiscountFactor: 65536 old_native_bytes: 130446455 new_native_bytes: 33363728 add_bytes_allowed: 31755135 is_gc_concurrent: 1 target_footprint_: 17571501 GetBytesAllocated: 13108721 HeapGrowthMultiplier: 3
12-22 16:27:17.245  3338  3689 I com.miui.home: CheckGCForNative gc_urgency 0.894804 current_native_bytes is 163810183 starting_gc_num:27
12-22 16:27:17.349  3338  3689 I com.miui.home: CheckGCForNative adj_start_bytes: 33295068 NativeAllocationGcWatermark: 10585045 java_gc_start_bytes: 17417501 kNewNativeDiscountFactor: 2 kOldNativeDiscountFactor: 65536 old_native_bytes: 130446455 new_native_bytes: 22694724 add_bytes_allowed: 31755135 is_gc_concurrent: 1 target_footprint_: 17571501 GetBytesAllocated: 13550252 HeapGrowthMultiplier: 3
12-22 16:27:17.349  3338  3689 I com.miui.home: CheckGCForNative gc_urgency 0.747847 current_native_bytes is 153141179 starting_gc_num:27
12-22 16:27:17.526  3338  3338 I wm_on_top_resumed_lost_called: [221793893,com.miui.home.launcher.Launcher,topStateChangedWhenResumed]
12-22 16:27:17.536  3338  3338 I wm_on_paused_called: [0,221793893,com.miui.home.launcher.Launcher,performPause,3]
12-22 16:27:17.582  3338  3701 D cccccc  : onTaskStackChangedBackground
12-22 16:27:17.643  3338  3701 D cccccc  : onTaskStackChangedBackground
12-22 16:27:17.643  3338  4010 D cccccc  : onTaskStackChangedBackground
12-22 16:27:17.826  3338  3689 E cccccc  : createTaskSnapshot:
12-22 16:27:17.827  3338  3689 I cccccc  : getTaskSnapshotInstance:
12-22 16:27:17.962  3338  3623 I com.miui.home: CheckGCForNative adj_start_bytes: 33295068 NativeAllocationGcWatermark: 10585045 java_gc_start_bytes: 17417501 kNewNativeDiscountFactor: 2 kOldNativeDiscountFactor: 65536 old_native_bytes: 130446455 new_native_bytes: 23287752 add_bytes_allowed: 31755135 is_gc_concurrent: 1 target_footprint_: 17571501 GetBytesAllocated: 14693422 HeapGrowthMultiplier: 3
12-22 16:27:17.962  3338  3623 I com.miui.home: CheckGCForNative gc_urgency 0.791087 current_native_bytes is 153734207 starting_gc_num:27
12-22 16:27:18.006  3338  3623 I com.miui.home: CheckGCForNative adj_start_bytes: 33295068 NativeAllocationGcWatermark: 10585045 java_gc_start_bytes: 17417501 kNewNativeDiscountFactor: 2 kOldNativeDiscountFactor: 65536 old_native_bytes: 130446455 new_native_bytes: 23293208 add_bytes_allowed: 31755135 is_gc_concurrent: 1 target_footprint_: 17571501 GetBytesAllocated: 14714861 HeapGrowthMultiplier: 3
12-22 16:27:18.007  3338  3623 I com.miui.home: CheckGCForNative gc_urgency 0.791813 current_native_bytes is 153739663 starting_gc_num:27
12-22 16:27:18.251  3338  3623 I com.miui.home: CheckGCForNative adj_start_bytes: 33295068 NativeAllocationGcWatermark: 10585045 java_gc_start_bytes: 17417501 kNewNativeDiscountFactor: 2 kOldNativeDiscountFactor: 65536 old_native_bytes: 130446455 new_native_bytes: 23699308 add_bytes_allowed: 31755135 is_gc_concurrent: 1 target_footprint_: 17571501 GetBytesAllocated: 15222181 HeapGrowthMultiplier: 3
12-22 16:27:18.251  3338  3623 I com.miui.home: CheckGCForNative gc_urgency 0.813148 current_native_bytes is 154145763 starting_gc_num:27
12-22 16:27:18.259  3338  3689 E cccccc  : createTaskSnapshot:
12-22 16:27:18.259  3338  3689 I cccccc  : getTaskSnapshotInstance:
12-22 16:27:18.584 12983 12983 I wm_on_application_create_called: [0,com.UCMobile,223]
12-22 16:27:18.660  3338  3556 I com.miui.home: CheckGCForNative adj_start_bytes: 33295068 NativeAllocationGcWatermark: 10585045 java_gc_start_bytes: 17417501 kNewNativeDiscountFactor: 2 kOldNativeDiscountFactor: 65536 old_native_bytes: 130446455 new_native_bytes: 24078356 add_bytes_allowed: 31755135 is_gc_concurrent: 1 target_footprint_: 17571501 GetBytesAllocated: 15354640 HeapGrowthMultiplier: 3
12-22 16:27:18.660  3338  3556 I com.miui.home: CheckGCForNative gc_urgency 0.822819 current_native_bytes is 154524811 starting_gc_num:27
12-22 16:27:18.667  3338  3556 I com.miui.home: CheckGCForNative adj_start_bytes: 33295068 NativeAllocationGcWatermark: 10585045 java_gc_start_bytes: 17417501 kNewNativeDiscountFactor: 2 kOldNativeDiscountFactor: 65536 old_native_bytes: 130446455 new_native_bytes: 24538452 add_bytes_allowed: 31755135 is_gc_concurrent: 1 target_footprint_: 17571501 GetBytesAllocated: 15357147 HeapGrowthMultiplier: 3
12-22 16:27:18.667  3338  3556 I com.miui.home: CheckGCForNative gc_urgency 0.829804 current_native_bytes is 154984907 starting_gc_num:27
12-22 16:27:18.667  3338  3556 I com.miui.home: CheckGCForNative adj_start_bytes: 33295068 NativeAllocationGcWatermark: 10585045 java_gc_start_bytes: 17417501 kNewNativeDiscountFactor: 2 kOldNativeDiscountFactor: 65536 old_native_bytes: 130446455 new_native_bytes: 24932052 add_bytes_allowed: 31755135 is_gc_concurrent: 1 target_footprint_: 17571501 GetBytesAllocated: 15357147 HeapGrowthMultiplier: 3
12-22 16:27:18.667  3338  3556 I com.miui.home: CheckGCForNative gc_urgency 0.835714 current_native_bytes is 155378507 starting_gc_num:27
12-22 16:27:18.668  3338  3556 I com.miui.home: CheckGCForNative adj_start_bytes: 33295068 NativeAllocationGcWatermark: 10585045 java_gc_start_bytes: 17417501 kNewNativeDiscountFactor: 2 kOldNativeDiscountFactor: 65536 old_native_bytes: 130446455 new_native_bytes: 25327316 add_bytes_allowed: 31755135 is_gc_concurrent: 1 target_footprint_: 17571501 GetBytesAllocated: 15357147 HeapGrowthMultiplier: 3
12-22 16:27:18.668  3338  3556 I com.miui.home: CheckGCForNative gc_urgency 0.84165 current_native_bytes is 155773771 starting_gc_num:27
12-22 16:27:18.748  3338  3338 I com.miui.home: CheckGCForNative adj_start_bytes: 33295068 NativeAllocationGcWatermark: 10585045 java_gc_start_bytes: 17417501 kNewNativeDiscountFactor: 2 kOldNativeDiscountFactor: 65536 old_native_bytes: 130446455 new_native_bytes: 25353396 add_bytes_allowed: 31755135 is_gc_concurrent: 1 target_footprint_: 17571501 GetBytesAllocated: 15480477 HeapGrowthMultiplier: 3
12-22 16:27:18.748  3338  3338 I com.miui.home: CheckGCForNative gc_urgency 0.845746 current_native_bytes is 155799851 starting_gc_num:27
12-22 16:27:18.788 12983 12983 I wm_on_create_called: [0,26462244,com.UCMobile.main.UCMobile,performCreate,182]
12-22 16:27:18.921 12983 12983 I wm_on_create_called: [0,142814081,com.uc.browser.InnerUCMobile,performCreate,37]
12-22 16:27:18.929 12983 12983 I wm_on_start_called: [0,142814081,com.uc.browser.InnerUCMobile,handleStartActivity,8]
12-22 16:27:18.941 12983 12983 I wm_on_resume_called: [0,142814081,com.uc.browser.InnerUCMobile,RESUME_ACTIVITY,8]
12-22 16:27:18.948  3338  4014 D cccccc  : onTaskStackChangedBackground
12-22 16:27:18.953  3338  4010 D cccccc  : onTaskStackChangedBackground
12-22 16:27:18.983 12983 12983 I wm_on_top_resumed_gained_called: [142814081,com.uc.browser.InnerUCMobile,topStateChangedWhenResumed]
12-22 16:27:19.030 12952 12952 I wm_on_application_create_called: [0,com.android.camera,209]
12-22 16:27:19.138  3338  3689 E cccccc  : createTaskSnapshot:
12-22 16:27:19.139  3338  3689 I cccccc  : getTaskSnapshotInstance:
12-22 16:27:19.456  3338  3338 I wm_on_resume_called: [0,221793893,com.miui.home.launcher.Launcher,RESUME_ACTIVITY,19]
12-22 16:27:19.463 12983 12983 I wm_on_top_resumed_lost_called: [142814081,com.uc.browser.InnerUCMobile,topStateChangedWhenResumed]
12-22 16:27:19.469  3338  3689 E cccccc  : createTaskSnapshot:
12-22 16:27:19.469  3338  3689 I cccccc  : getTaskSnapshotInstance:
12-22 16:27:19.477  3338  3338 I wm_on_top_resumed_gained_called: [221793893,com.miui.home.launcher.Launcher,topStateChangedWhenResumed]
12-22 16:27:19.481  3338  3338 I wm_on_idle_called: com.miui.home.launcher.Launcher
12-22 16:27:19.543 12983 12983 I wm_on_idle_called: com.uc.browser.InnerUCMobile
12-22 16:27:19.675  3338  4010 I com.miui.home: CheckGCForNative adj_start_bytes: 33295068 NativeAllocationGcWatermark: 10585045 java_gc_start_bytes: 17417501 kNewNativeDiscountFactor: 2 kOldNativeDiscountFactor: 65536 old_native_bytes: 130446455 new_native_bytes: 36549064 add_bytes_allowed: 31755135 is_gc_concurrent: 1 target_footprint_: 17571501 GetBytesAllocated: 17742313 HeapGrowthMultiplier: 3
12-22 16:27:19.676  3338  4010 I com.miui.home: CheckGCForNative gc_urgency 1.08181 current_native_bytes is 166995519 starting_gc_num:27
12-22 16:27:19.676  3338  4010 I com.miui.home: CheckGCForNative requested 1
12-22 16:27:19.676  3338  4010 I cccccc  : createTaskSnapshotCompat:
12-22 16:27:19.676  3338  3701 I cccccc  : getTaskSnapshot:
12-22 16:27:19.685  3338  4010 I com.miui.home: CheckGCForNative adj_start_bytes: 33295068 NativeAllocationGcWatermark: 10585045 java_gc_start_bytes: 17417501 kNewNativeDiscountFactor: 2 kOldNativeDiscountFactor: 65536 old_native_bytes: 130446455 new_native_bytes: 47256008 add_bytes_allowed: 31755135 is_gc_concurrent: 1 target_footprint_: 17571501 GetBytesAllocated: 17742505 HeapGrowthMultiplier: 3
12-22 16:27:19.685  3338  4010 I com.miui.home: CheckGCForNative gc_urgency 1.2426 current_native_bytes is 177702463 starting_gc_num:27
12-22 16:27:19.685  3338  4010 I com.miui.home: CheckGCForNative requested 1
12-22 16:27:19.686  3338  3701 I com.miui.home: CheckGCForNative adj_start_bytes: 33295068 NativeAllocationGcWatermark: 10585045 java_gc_start_bytes: 17417501 kNewNativeDiscountFactor: 2 kOldNativeDiscountFactor: 65536 old_native_bytes: 130446455 new_native_bytes: 47256008 add_bytes_allowed: 31755135 is_gc_concurrent: 1 target_footprint_: 17571501 GetBytesAllocated: 17742505 HeapGrowthMultiplier: 3
12-22 16:27:19.686  3338  3701 I com.miui.home: CheckGCForNative gc_urgency 1.2426 current_native_bytes is 177702463 starting_gc_num:27
12-22 16:27:19.686  3338  3701 I com.miui.home: CheckGCForNative requested 1
12-22 16:27:19.691  3338  3338 I cccccc  : createTaskSnapshotCompat:
12-22 16:27:19.729  3338  3623 I com.miui.home: CheckGCForNative adj_start_bytes: 33295068 NativeAllocationGcWatermark: 10585045 java_gc_start_bytes: 17417501 kNewNativeDiscountFactor: 2 kOldNativeDiscountFactor: 65536 old_native_bytes: 130446455 new_native_bytes: 36643312 add_bytes_allowed: 31755135 is_gc_concurrent: 1 target_footprint_: 17571501 GetBytesAllocated: 17793942 HeapGrowthMultiplier: 3
12-22 16:27:19.729  3338  3623 I com.miui.home: CheckGCForNative gc_urgency 1.08477 current_native_bytes is 167089767 starting_gc_num:27
12-22 16:27:19.729  3338  3623 I com.miui.home: CheckGCForNative requested 1
12-22 16:27:20.084  3338  3623 I com.miui.home: CheckGCForNative gc_urgency 0 current_native_bytes is 152309967 starting_gc_num:28
12-22 16:27:20.191  3338  3622 I com.miui.home: CheckGCForNative adj_start_bytes: 33043607 NativeAllocationGcWatermark: 10585045 java_gc_start_bytes: 17166040 kNewNativeDiscountFactor: 2 kOldNativeDiscountFactor: 65536 old_native_bytes: 152309967 new_native_bytes: 10680464 add_bytes_allowed: 31755135 is_gc_concurrent: 1 target_footprint_: 17571501 GetBytesAllocated: 9507658 HeapGrowthMultiplier: 3
12-22 16:27:20.191  3338  3622 I com.miui.home: CheckGCForNative gc_urgency 0.449413 current_native_bytes is 162990431 starting_gc_num:28
12-22 16:27:20.192  3338  3622 I cccccc  : createTaskSnapshotCompat:
12-22 16:27:20.198  3338  3622 I com.miui.home: CheckGCForNative adj_start_bytes: 33043607 NativeAllocationGcWatermark: 10585045 java_gc_start_bytes: 17166040 kNewNativeDiscountFactor: 2 kOldNativeDiscountFactor: 65536 old_native_bytes: 152309967 new_native_bytes: 21387728 add_bytes_allowed: 31755135 is_gc_concurrent: 1 target_footprint_: 17571501 GetBytesAllocated: 9507850 HeapGrowthMultiplier: 3
12-22 16:27:20.199  3338  3622 I com.miui.home: CheckGCForNative gc_urgency 0.611436 current_native_bytes is 173697695 starting_gc_num:28
12-22 16:27:20.200  3338  4014 I cccccc  : getTaskSnapshot:
12-22 16:27:20.201  3338  4014 I com.miui.home: CheckGCForNative adj_start_bytes: 33043607 NativeAllocationGcWatermark: 10585045 java_gc_start_bytes: 17166040 kNewNativeDiscountFactor: 2 kOldNativeDiscountFactor: 65536 old_native_bytes: 152309967 new_native_bytes: 21388752 add_bytes_allowed: 31755135 is_gc_concurrent: 1 target_footprint_: 17571501 GetBytesAllocated: 9507850 HeapGrowthMultiplier: 3
12-22 16:27:20.201  3338  4014 I com.miui.home: CheckGCForNative gc_urgency 0.611451 current_native_bytes is 173698719 starting_gc_num:28
12-22 16:27:20.209  3338  3338 I cccccc  : createTaskSnapshotCompat:
12-22 16:27:20.434  3338 11461 I com.miui.home: CheckGCForNative adj_start_bytes: 33043607 NativeAllocationGcWatermark: 10585045 java_gc_start_bytes: 17166040 kNewNativeDiscountFactor: 2 kOldNativeDiscountFactor: 65536 old_native_bytes: 152309967 new_native_bytes: 10744160 add_bytes_allowed: 31755135 is_gc_concurrent: 1 target_footprint_: 17571501 GetBytesAllocated: 9672136 HeapGrowthMultiplier: 3
12-22 16:27:20.434  3338 11461 I com.miui.home: CheckGCForNative gc_urgency 0.455354 current_native_bytes is 163054127 starting_gc_num:28
12-22 16:27:20.661  3338  3338 I wm_on_top_resumed_lost_called: [221793893,com.miui.home.launcher.Launcher,topStateChangedWhenResumed]
12-22 16:27:20.674  3338  3701 D cccccc  : onTaskStackChangedBackground
12-22 16:27:20.773  3338 11461 I com.miui.home: CheckGCForNative adj_start_bytes: 33043607 NativeAllocationGcWatermark: 10585045 java_gc_start_bytes: 17166040 kNewNativeDiscountFactor: 2 kOldNativeDiscountFactor: 65536 old_native_bytes: 152309967 new_native_bytes: 11001712 add_bytes_allowed: 31755135 is_gc_concurrent: 1 target_footprint_: 17571501 GetBytesAllocated: 9984485 HeapGrowthMultiplier: 3
12-22 16:27:20.773  3338 11461 I com.miui.home: CheckGCForNative gc_urgency 0.468704 current_native_bytes is 163311679 starting_gc_num:28
12-22 16:27:20.855  3338  3338 I wm_on_paused_called: [0,221793893,com.miui.home.launcher.Launcher,performPause,2]
12-22 16:27:20.974  3338  4010 D cccccc  : onTaskStackChangedBackground
12-22 16:27:20.974  3338 10969 D cccccc  : onTaskStackChangedBackground
12-22 16:27:21.240  3338  3623 I com.miui.home: CheckGCForNative adj_start_bytes: 33043607 NativeAllocationGcWatermark: 10585045 java_gc_start_bytes: 17166040 kNewNativeDiscountFactor: 2 kOldNativeDiscountFactor: 65536 old_native_bytes: 152309967 new_native_bytes: 11907384 add_bytes_allowed: 31755135 is_gc_concurrent: 1 target_footprint_: 17571501 GetBytesAllocated: 10872984 HeapGrowthMultiplier: 3
12-22 16:27:21.240  3338  3623 I com.miui.home: CheckGCForNative gc_urgency 0.509297 current_native_bytes is 164217351 starting_gc_num:28
12-22 16:27:21.284  3338  3623 I com.miui.home: CheckGCForNative adj_start_bytes: 33043607 NativeAllocationGcWatermark: 10585045 java_gc_start_bytes: 17166040 kNewNativeDiscountFactor: 2 kOldNativeDiscountFactor: 65536 old_native_bytes: 152309967 new_native_bytes: 12010092 add_bytes_allowed: 31755135 is_gc_concurrent: 1 target_footprint_: 17571501 GetBytesAllocated: 10986032 HeapGrowthMultiplier: 3
12-22 16:27:21.284  3338  3623 I com.miui.home: CheckGCForNative gc_urgency 0.514272 current_native_bytes is 164320059 starting_gc_num:28
12-22 16:27:21.337  3338  3689 E cccccc  : createTaskSnapshot:
12-22 16:27:21.337  3338  3689 I cccccc  : getTaskSnapshotInstance:
12-22 16:27:21.339  3338  3689 E cccccc  : createTaskSnapshot:
12-22 16:27:21.339  3338  3689 I cccccc  : getTaskSnapshotInstance:
12-22 16:27:21.340  3338  3689 I com.miui.home: CheckGCForNative adj_start_bytes: 33043607 NativeAllocationGcWatermark: 10585045 java_gc_start_bytes: 17166040 kNewNativeDiscountFactor: 2 kOldNativeDiscountFactor: 65536 old_native_bytes: 152309967 new_native_bytes: 22720556 add_bytes_allowed: 31755135 is_gc_concurrent: 1 target_footprint_: 17571501 GetBytesAllocated: 11006570 HeapGrowthMultiplier: 3
12-22 16:27:21.340  3338  3689 I com.miui.home: CheckGCForNative gc_urgency 0.676959 current_native_bytes is 175030523 starting_gc_num:28
12-22 16:27:21.619  3338  3689 I com.miui.home: CheckGCForNative adj_start_bytes: 33043607 NativeAllocationGcWatermark: 10585045 java_gc_start_bytes: 17166040 kNewNativeDiscountFactor: 2 kOldNativeDiscountFactor: 65536 old_native_bytes: 152309967 new_native_bytes: 11736428 add_bytes_allowed: 31755135 is_gc_concurrent: 1 target_footprint_: 17571501 GetBytesAllocated: 11365414 HeapGrowthMultiplier: 3
12-22 16:27:21.619  3338  3689 I com.miui.home: CheckGCForNative gc_urgency 0.521612 current_native_bytes is 164046395 starting_gc_num:28
12-22 16:27:21.724  3338  3689 E cccccc  : createTaskSnapshot:
12-22 16:27:21.724  3338  3689 I cccccc  : getTaskSnapshotInstance:
12-22 16:27:22.251  3338  3338 I wm_on_resume_called: [0,221793893,com.miui.home.launcher.Launcher,RESUME_ACTIVITY,18]
12-22 16:27:22.268  3338  3338 I wm_on_idle_called: com.miui.home.launcher.Launcher
12-22 16:27:22.405 13414 13414 I wm_on_create_called: [0,268011191,com.tencent.mtt.SplashActivity,performCreate,366]
12-22 16:27:22.450  3338  3338 I wm_on_top_resumed_gained_called: [221793893,com.miui.home.launcher.Launcher,topStateChangedWhenResumed]
12-22 16:27:22.547  3338 10953 I com.miui.home: CheckGCForNative adj_start_bytes: 33043607 NativeAllocationGcWatermark: 10585045 java_gc_start_bytes: 17166040 kNewNativeDiscountFactor: 2 kOldNativeDiscountFactor: 65536 old_native_bytes: 152309967 new_native_bytes: 22719020 add_bytes_allowed: 31755135 is_gc_concurrent: 1 target_footprint_: 17571501 GetBytesAllocated: 12673579 HeapGrowthMultiplier: 3
12-22 16:27:22.547  3338 10953 I com.miui.home: CheckGCForNative gc_urgency 0.727385 current_native_bytes is 175028987 starting_gc_num:28
12-22 16:27:22.547  3338 10953 I cccccc  : createTaskSnapshotCompat:
12-22 16:27:22.547  3338 10953 I com.miui.home: CheckGCForNative adj_start_bytes: 33043607 NativeAllocationGcWatermark: 10585045 java_gc_start_bytes: 17166040 kNewNativeDiscountFactor: 2 kOldNativeDiscountFactor: 65536 old_native_bytes: 152309967 new_native_bytes: 33425996 add_bytes_allowed: 31755135 is_gc_concurrent: 1 target_footprint_: 17571501 GetBytesAllocated: 12690174 HeapGrowthMultiplier: 3
12-22 16:27:22.547  3338 10953 I com.miui.home: CheckGCForNative gc_urgency 0.8899 current_native_bytes is 185735963 starting_gc_num:28
12-22 16:27:22.551  3338  3390 I cccccc  : getTaskSnapshot:
12-22 16:27:22.556  3338  3390 I com.miui.home: CheckGCForNative adj_start_bytes: 33043607 NativeAllocationGcWatermark: 10585045 java_gc_start_bytes: 17166040 kNewNativeDiscountFactor: 2 kOldNativeDiscountFactor: 65536 old_native_bytes: 152309967 new_native_bytes: 33427084 add_bytes_allowed: 31755135 is_gc_concurrent: 1 target_footprint_: 17571501 GetBytesAllocated: 12709240 HeapGrowthMultiplier: 3
12-22 16:27:22.558  3338  3390 I com.miui.home: CheckGCForNative gc_urgency 0.890493 current_native_bytes is 185737051 starting_gc_num:28
12-22 16:27:22.575 13414 13414 I wm_on_create_called: [0,226340021,com.tencent.mtt.MainActivity,performCreate,29]
12-22 16:27:22.585  3338  3338 I cccccc  : createTaskSnapshotCompat:
12-22 16:27:22.605  3338  3390 D cccccc  : onTaskStackChangedBackground
12-22 16:27:22.621  3338 10953 D cccccc  : onTaskStackChangedBackground
12-22 16:27:22.662  3338  3623 I com.miui.home: CheckGCForNative adj_start_bytes: 33043607 NativeAllocationGcWatermark: 10585045 java_gc_start_bytes: 17166040 kNewNativeDiscountFactor: 2 kOldNativeDiscountFactor: 65536 old_native_bytes: 152309967 new_native_bytes: 22760572 add_bytes_allowed: 31755135 is_gc_concurrent: 1 target_footprint_: 17571501 GetBytesAllocated: 12815707 HeapGrowthMultiplier: 3
12-22 16:27:22.663  3338  3623 I com.miui.home: CheckGCForNative gc_urgency 0.732315 current_native_bytes is 175070539 starting_gc_num:28
12-22 16:27:22.671 13414 13414 I wm_on_start_called: [0,226340021,com.tencent.mtt.MainActivity,handleStartActivity,96]
12-22 16:27:22.695  3338  3623 I com.miui.home: CheckGCForNative adj_start_bytes: 33043607 NativeAllocationGcWatermark: 10585045 java_gc_start_bytes: 17166040 kNewNativeDiscountFactor: 2 kOldNativeDiscountFactor: 65536 old_native_bytes: 152309967 new_native_bytes: 22747772 add_bytes_allowed: 31755135 is_gc_concurrent: 1 target_footprint_: 17571501 GetBytesAllocated: 12848903 HeapGrowthMultiplier: 3
12-22 16:27:22.695  3338  3623 I com.miui.home: CheckGCForNative gc_urgency 0.733126 current_native_bytes is 175057739 starting_gc_num:28
12-22 16:27:23.013  3338  3689 I com.miui.home: CheckGCForNative adj_start_bytes: 33043607 NativeAllocationGcWatermark: 10585045 java_gc_start_bytes: 17166040 kNewNativeDiscountFactor: 2 kOldNativeDiscountFactor: 65536 old_native_bytes: 152309967 new_native_bytes: 22986656 add_bytes_allowed: 31755135 is_gc_concurrent: 1 target_footprint_: 17571501 GetBytesAllocated: 13353592 HeapGrowthMultiplier: 3
12-22 16:27:23.013  3338  3689 I com.miui.home: CheckGCForNative gc_urgency 0.752014 current_native_bytes is 175296623 starting_gc_num:28
12-22 16:27:23.037  3338 10953 I cccccc  : getTaskSnapshot:
12-22 16:27:23.037  3338  3622 I com.miui.home: CheckGCForNative adj_start_bytes: 33043607 NativeAllocationGcWatermark: 10585045 java_gc_start_bytes: 17166040 kNewNativeDiscountFactor: 2 kOldNativeDiscountFactor: 65536 old_native_bytes: 152309967 new_native_bytes: 33646592 add_bytes_allowed: 31755135 is_gc_concurrent: 1 target_footprint_: 17571501 GetBytesAllocated: 13382986 HeapGrowthMultiplier: 3
12-22 16:27:23.037  3338  3622 I com.miui.home: CheckGCForNative gc_urgency 0.914204 current_native_bytes is 185956559 starting_gc_num:28
12-22 16:27:23.037  3338  3622 I cccccc  : createTaskSnapshotCompat:
12-22 16:27:23.037  3338 10953 I com.miui.home: CheckGCForNative adj_start_bytes: 33043607 NativeAllocationGcWatermark: 10585045 java_gc_start_bytes: 17166040 kNewNativeDiscountFactor: 2 kOldNativeDiscountFactor: 65536 old_native_bytes: 152309967 new_native_bytes: 44353536 add_bytes_allowed: 31755135 is_gc_concurrent: 1 target_footprint_: 17571501 GetBytesAllocated: 13383178 HeapGrowthMultiplier: 3
12-22 16:27:23.037  3338 10953 I com.miui.home: CheckGCForNative gc_urgency 1.07649 current_native_bytes is 196663503 starting_gc_num:28
12-22 16:27:23.037  3338 10953 I com.miui.home: CheckGCForNative requested 1
12-22 16:27:23.038  3338  3622 I com.miui.home: CheckGCForNative adj_start_bytes: 33043607 NativeAllocationGcWatermark: 10585045 java_gc_start_bytes: 17166040 kNewNativeDiscountFactor: 2 kOldNativeDiscountFactor: 65536 old_native_bytes: 152309967 new_native_bytes: 55060672 add_bytes_allowed: 31755135 is_gc_concurrent: 1 target_footprint_: 17571501 GetBytesAllocated: 13392332 HeapGrowthMultiplier: 3
12-22 16:27:23.038  3338  3622 I com.miui.home: CheckGCForNative gc_urgency 1.23851 current_native_bytes is 207370639 starting_gc_num:28
12-22 16:27:23.038  3338  3622 I com.miui.home: CheckGCForNative requested 1
12-22 16:27:23.038  3338  3338 I cccccc  : createTaskSnapshotCompat:
12-22 16:27:23.058  3338  3689 E cccccc  : createTaskSnapshot:
12-22 16:27:23.058  3338  3689 I cccccc  : getTaskSnapshotInstance:
12-22 16:27:23.060  3338  3689 I com.miui.home: CheckGCForNative adj_start_bytes: 33043607 NativeAllocationGcWatermark: 10585045 java_gc_start_bytes: 17166040 kNewNativeDiscountFactor: 2 kOldNativeDiscountFactor: 65536 old_native_bytes: 152309967 new_native_bytes: 44376032 add_bytes_allowed: 31755135 is_gc_concurrent: 1 target_footprint_: 17571501 GetBytesAllocated: 13458403 HeapGrowthMultiplier: 3
12-22 16:27:23.060  3338  3689 I com.miui.home: CheckGCForNative gc_urgency 1.07884 current_native_bytes is 196685999 starting_gc_num:28
12-22 16:27:23.060  3338  3689 I com.miui.home: CheckGCForNative requested 1
12-22 16:27:23.277  3338  3689 E cccccc  : createTaskSnapshot:
12-22 16:27:23.277  3338  3689 I cccccc  : getTaskSnapshotInstance:
12-22 16:27:23.278  3338  3689 I com.miui.home: CheckGCForNative adj_start_bytes: 33043607 NativeAllocationGcWatermark: 10585045 java_gc_start_bytes: 17166040 kNewNativeDiscountFactor: 2 kOldNativeDiscountFactor: 65536 old_native_bytes: 152309967 new_native_bytes: 44496332 add_bytes_allowed: 31755135 is_gc_concurrent: 1 target_footprint_: 17571501 GetBytesAllocated: 14014159 HeapGrowthMultiplier: 3
12-22 16:27:23.278  3338  3689 I com.miui.home: CheckGCForNative gc_urgency 1.09748 current_native_bytes is 196806299 starting_gc_num:28
12-22 16:27:23.278  3338  3689 I com.miui.home: CheckGCForNative requested 1
12-22 16:27:23.342  3338  3379 I com.miui.home: NativeAlloc concurrent copying GC freed 101637(4521KB) AllocSpace objects, 16(496KB) LOS objects, 49% free, 8668KB/16MB, paused 242us,77us total 303.592ms
12-22 16:27:23.573  3338  3338 I wm_on_top_resumed_lost_called: [221793893,com.miui.home.launcher.Launcher,topStateChangedWhenResumed]
12-22 16:27:23.606  3338 10969 D cccccc  : onTaskStackChangedBackground
12-22 16:27:23.643  3338  3338 I wm_on_paused_called: [0,221793893,com.miui.home.launcher.Launcher,performPause,2]
12-22 16:27:23.808  3338 10953 D cccccc  : onTaskStackChangedBackground
12-22 16:27:23.813  3338 10953 D cccccc  : onTaskStackChangedBackground
12-22 16:27:24.007  3338  3623 I com.miui.home: CheckGCForNative gc_urgency 0 current_native_bytes is 120547015 starting_gc_num:29
12-22 16:27:24.013  3338  3689 E cccccc  : createTaskSnapshot:
12-22 16:27:24.014  3338  3689 I cccccc  : getTaskSnapshotInstance:
12-22 16:27:24.040  3338  3623 I com.miui.home: CheckGCForNative adj_start_bytes: 33140232 NativeAllocationGcWatermark: 10607724 java_gc_start_bytes: 17228646 kNewNativeDiscountFactor: 2 kOldNativeDiscountFactor: 65536 old_native_bytes: 120547015 new_native_bytes: 2400 add_bytes_allowed: 31823172 is_gc_concurrent: 1 target_footprint_: 17752934 GetBytesAllocated: 10189846 HeapGrowthMultiplier: 3
12-22 16:27:24.040  3338  3623 I com.miui.home: CheckGCForNative gc_urgency 0.307568 current_native_bytes is 120549415 starting_gc_num:29
12-22 16:27:24.332  3338  3689 I com.miui.home: CheckGCForNative adj_start_bytes: 33140232 NativeAllocationGcWatermark: 10607724 java_gc_start_bytes: 17228646 kNewNativeDiscountFactor: 2 kOldNativeDiscountFactor: 65536 old_native_bytes: 120547015 new_native_bytes: 283156 add_bytes_allowed: 31823172 is_gc_concurrent: 1 target_footprint_: 17752934 GetBytesAllocated: 10745548 HeapGrowthMultiplier: 3
12-22 16:27:24.332  3338  3689 I com.miui.home: CheckGCForNative gc_urgency 0.328572 current_native_bytes is 120830171 starting_gc_num:29
12-22 16:27:24.357  3338  3689 E cccccc  : createTaskSnapshot:
12-22 16:27:24.357  3338  3689 I cccccc  : getTaskSnapshotInstance:
12-22 16:27:24.759 13788 13788 I wm_on_application_create_called: [0,com.youku.phone,553]
12-22 16:27:24.950 13788 13788 I wm_on_create_called: [0,26919640,com.youku.phone.ActivityWelcome,performCreate,133]
12-22 16:27:25.130  3338  4014 D cccccc  : onTaskStackChangedBackground
12-22 16:27:25.130  3338 10953 D cccccc  : onTaskStackChangedBackground
12-22 16:27:25.190  3338  3338 I wm_on_resume_called: [0,221793893,com.miui.home.launcher.Launcher,RESUME_ACTIVITY,18]
12-22 16:27:25.428  3338  3338 I wm_on_idle_called: com.miui.home.launcher.Launcher
12-22 16:27:25.464  3338  3390 I com.miui.home: CheckGCForNative adj_start_bytes: 33140232 NativeAllocationGcWatermark: 10607724 java_gc_start_bytes: 17228646 kNewNativeDiscountFactor: 2 kOldNativeDiscountFactor: 65536 old_native_bytes: 120547015 new_native_bytes: 238624 add_bytes_allowed: 31823172 is_gc_concurrent: 1 target_footprint_: 17752934 GetBytesAllocated: 12252007 HeapGrowthMultiplier: 3
12-22 16:27:25.464  3338  3390 I com.miui.home: CheckGCForNative gc_urgency 0.373358 current_native_bytes is 120785639 starting_gc_num:29
12-22 16:27:25.525  3338  3390 I com.miui.home: CheckGCForNative adj_start_bytes: 33140232 NativeAllocationGcWatermark: 10607724 java_gc_start_bytes: 17228646 kNewNativeDiscountFactor: 2 kOldNativeDiscountFactor: 65536 old_native_bytes: 120547015 new_native_bytes: 11066496 add_bytes_allowed: 31823172 is_gc_concurrent: 1 target_footprint_: 17752934 GetBytesAllocated: 12725614 HeapGrowthMultiplier: 3
12-22 16:27:25.525  3338  3390 I com.miui.home: CheckGCForNative gc_urgency 0.551013 current_native_bytes is 131613511 starting_gc_num:29
12-22 16:27:25.525  3338  3390 I cccccc  : createTaskSnapshotCompat:
12-22 16:27:25.526  3338  3390 I com.miui.home: CheckGCForNative adj_start_bytes: 33140232 NativeAllocationGcWatermark: 10607724 java_gc_start_bytes: 17228646 kNewNativeDiscountFactor: 2 kOldNativeDiscountFactor: 65536 old_native_bytes: 120547015 new_native_bytes: 21773440 add_bytes_allowed: 31823172 is_gc_concurrent: 1 target_footprint_: 17752934 GetBytesAllocated: 12757330 HeapGrowthMultiplier: 3
12-22 16:27:25.526  3338  3390 I com.miui.home: CheckGCForNative gc_urgency 0.71351 current_native_bytes is 142320455 starting_gc_num:29
12-22 16:27:25.545  3338  3623 I com.miui.home: CheckGCForNative adj_start_bytes: 33140232 NativeAllocationGcWatermark: 10607724 java_gc_start_bytes: 17228646 kNewNativeDiscountFactor: 2 kOldNativeDiscountFactor: 65536 old_native_bytes: 120547015 new_native_bytes: 11212240 add_bytes_allowed: 31823172 is_gc_concurrent: 1 target_footprint_: 17752934 GetBytesAllocated: 12789600 HeapGrowthMultiplier: 3
12-22 16:27:25.545  3338  3623 I com.miui.home: CheckGCForNative gc_urgency 0.555143 current_native_bytes is 131759255 starting_gc_num:29
12-22 16:27:25.578  3338  3701 I cccccc  : getTaskSnapshot:
12-22 16:27:25.579  3338  3701 I com.miui.home: CheckGCForNative adj_start_bytes: 33140232 NativeAllocationGcWatermark: 10607724 java_gc_start_bytes: 17228646 kNewNativeDiscountFactor: 2 kOldNativeDiscountFactor: 65536 old_native_bytes: 120547015 new_native_bytes: 21939456 add_bytes_allowed: 31823172 is_gc_concurrent: 1 target_footprint_: 17752934 GetBytesAllocated: 12865655 HeapGrowthMultiplier: 3
12-22 16:27:25.579  3338  3701 I com.miui.home: CheckGCForNative gc_urgency 0.719284 current_native_bytes is 142486471 starting_gc_num:29
12-22 16:27:25.580  3338  3338 I cccccc  : createTaskSnapshotCompat:
12-22 16:27:25.666  3338  3338 I wm_on_top_resumed_gained_called: [221793893,com.miui.home.launcher.Launcher,topStateChangedWhenResumed]
12-22 16:27:25.694  3338  3689 E cccccc  : createTaskSnapshot:
12-22 16:27:25.694  3338  3689 I cccccc  : getTaskSnapshotInstance:
12-22 16:27:25.696  3338  3689 I com.miui.home: CheckGCForNative adj_start_bytes: 33140232 NativeAllocationGcWatermark: 10607724 java_gc_start_bytes: 17228646 kNewNativeDiscountFactor: 2 kOldNativeDiscountFactor: 65536 old_native_bytes: 120547015 new_native_bytes: 22142980 add_bytes_allowed: 31823172 is_gc_concurrent: 1 target_footprint_: 17752934 GetBytesAllocated: 13182656 HeapGrowthMultiplier: 3
12-22 16:27:26.022  3338  3622 I com.miui.home: CheckGCForNative adj_start_bytes: 33140232 NativeAllocationGcWatermark: 10607724 java_gc_start_bytes: 17228646 kNewNativeDiscountFactor: 2 kOldNativeDiscountFactor: 65536 old_native_bytes: 120547015 new_native_bytes: 22132980 add_bytes_allowed: 31823172 is_gc_concurrent: 1 target_footprint_: 17752934 GetBytesAllocated: 13328027 HeapGrowthMultiplier: 3
12-22 16:27:26.022  3338  3622 I com.miui.home: CheckGCForNative gc_urgency 0.736155 current_native_bytes is 142679995 starting_gc_num:29
12-22 16:27:26.022  3338  3622 I cccccc  : createTaskSnapshotCompat:
12-22 16:27:26.022  3338  3387 I cccccc  : getTaskSnapshot:
12-22 16:27:26.023  3338  3622 I com.miui.home: CheckGCForNative adj_start_bytes: 33140232 NativeAllocationGcWatermark: 10607724 java_gc_start_bytes: 17228646 kNewNativeDiscountFactor: 2 kOldNativeDiscountFactor: 65536 old_native_bytes: 120547015 new_native_bytes: 43546356 add_bytes_allowed: 31823172 is_gc_concurrent: 1 target_footprint_: 17752934 GetBytesAllocated: 13344603 HeapGrowthMultiplier: 3
12-22 16:27:26.023  3338  3622 I com.miui.home: CheckGCForNative gc_urgency 1.05973 current_native_bytes is 164093371 starting_gc_num:29
12-22 16:27:26.023  3338  3387 I com.miui.home: CheckGCForNative adj_start_bytes: 33140232 NativeAllocationGcWatermark: 10607724 java_gc_start_bytes: 17228646 kNewNativeDiscountFactor: 2 kOldNativeDiscountFactor: 65536 old_native_bytes: 120547015 new_native_bytes: 43546356 add_bytes_allowed: 31823172 is_gc_concurrent: 1 target_footprint_: 17752934 GetBytesAllocated: 13344603 HeapGrowthMultiplier: 3
12-22 16:27:26.023  3338  3387 I com.miui.home: CheckGCForNative gc_urgency 1.05973 current_native_bytes is 164093371 starting_gc_num:29
12-22 16:27:26.023  3338  3387 I com.miui.home: CheckGCForNative requested 1
12-22 16:27:26.024  3338  3338 I cccccc  : createTaskSnapshotCompat:
12-22 16:27:26.025  3338  3338 I com.miui.home: CheckGCForNative adj_start_bytes: 33140232 NativeAllocationGcWatermark: 10607724 java_gc_start_bytes: 17228646 kNewNativeDiscountFactor: 2 kOldNativeDiscountFactor: 65536 old_native_bytes: 120547015 new_native_bytes: 54256308 add_bytes_allowed: 31823172 is_gc_concurrent: 1 target_footprint_: 17752934 GetBytesAllocated: 13359140 HeapGrowthMultiplier: 3
12-22 16:27:26.025  3338  3338 I com.miui.home: CheckGCForNative gc_urgency 1.22175 current_native_bytes is 174803323 starting_gc_num:29
12-22 16:27:26.025  3338  3338 I com.miui.home: CheckGCForNative requested 1
12-22 16:27:26.038  3338  3622 I com.miui.home: CheckGCForNative requested 1
12-22 16:27:26.275  3338  3379 I com.miui.home: NativeAlloc concurrent copying GC freed 97254(4216KB) AllocSpace objects, 14(392KB) LOS objects, 49% free, 8498KB/16MB, paused 503us,26us total 251.389ms
12-22 16:27:26.438  3338  3338 I wm_on_top_resumed_lost_called: [221793893,com.miui.home.launcher.Launcher,topStateChangedWhenResumed]
12-22 16:27:26.459  3338 14266 D cccccc  : onTaskStackChangedBackground
12-22 16:27:26.471  3338  3689 I com.miui.home: CheckGCForNative gc_urgency 0 current_native_bytes is 130919091 starting_gc_num:30
12-22 16:27:26.537  3338  3338 I wm_on_paused_called: [0,221793893,com.miui.home.launcher.Launcher,performPause,3]
12-22 16:27:26.738  3338  4014 D cccccc  : onTaskStackChangedBackground
12-22 16:27:26.739  3338 14266 D cccccc  : onTaskStackChangedBackground
12-22 16:27:26.768  3338  3623 I com.miui.home: CheckGCForNative adj_start_bytes: 33120226 NativeAllocationGcWatermark: 10564227 java_gc_start_bytes: 17273886 kNewNativeDiscountFactor: 2 kOldNativeDiscountFactor: 65536 old_native_bytes: 130919091 new_native_bytes: 289032 add_bytes_allowed: 31692681 is_gc_concurrent: 1 target_footprint_: 17404958 GetBytesAllocated: 9720275 HeapGrowthMultiplier: 3
12-22 16:27:26.768  3338  3623 I com.miui.home: CheckGCForNative gc_urgency 0.297908 current_native_bytes is 131208123 starting_gc_num:30
12-22 16:27:27.090  3338  3623 I com.miui.home: CheckGCForNative adj_start_bytes: 33120226 NativeAllocationGcWatermark: 10564227 java_gc_start_bytes: 17273886 kNewNativeDiscountFactor: 2 kOldNativeDiscountFactor: 65536 old_native_bytes: 130919091 new_native_bytes: 414872 add_bytes_allowed: 31692681 is_gc_concurrent: 1 target_footprint_: 17404958 GetBytesAllocated: 9960557 HeapGrowthMultiplier: 3
12-22 16:27:27.090  3338  3623 I com.miui.home: CheckGCForNative gc_urgency 0.307063 current_native_bytes is 131333963 starting_gc_num:30
12-22 16:27:27.175 13788 13788 I wm_on_create_called: [0,186989131,com.youku.v2.HomePageEntry,performCreate,1783]
12-22 16:27:27.432  3338  3689 E cccccc  : createTaskSnapshot:
12-22 16:27:27.432  3338  3689 I cccccc  : getTaskSnapshotInstance:
12-22 16:27:27.434  3338  3689 E cccccc  : createTaskSnapshot:
12-22 16:27:27.434  3338  3689 I cccccc  : getTaskSnapshotInstance:
12-22 16:27:27.436  3338  3689 I com.miui.home: CheckGCForNative adj_start_bytes: 33120226 NativeAllocationGcWatermark: 10564227 java_gc_start_bytes: 17273886 kNewNativeDiscountFactor: 2 kOldNativeDiscountFactor: 65536 old_native_bytes: 130919091 new_native_bytes: 11174092 add_bytes_allowed: 31692681 is_gc_concurrent: 1 target_footprint_: 17404958 GetBytesAllocated: 10233462 HeapGrowthMultiplier: 3
12-22 16:27:27.436  3338  3689 I com.miui.home: CheckGCForNative gc_urgency 0.477729 current_native_bytes is 142093183 starting_gc_num:30
12-22 16:27:27.748 14368 14368 I wm_on_create_called: [0,175330131,com.android.packageinstaller.permission.ui.GrantPermissionsActivity,performCreate,454]
12-22 16:27:27.759 14368 14368 I wm_on_start_called: [0,175330131,com.android.packageinstaller.permission.ui.GrantPermissionsActivity,handleStartActivity,9]
12-22 16:27:27.766 14368 14368 I wm_on_resume_called: [0,175330131,com.android.packageinstaller.permission.ui.GrantPermissionsActivity,RESUME_ACTIVITY,4]
12-22 16:27:27.775 14368 14368 I wm_on_top_resumed_gained_called: [175330131,com.android.packageinstaller.permission.ui.GrantPermissionsActivity,topStateChangedWhenResumed]
12-22 16:27:27.814  3338  3689 E cccccc  : createTaskSnapshot:
12-22 16:27:27.814  3338  3689 I cccccc  : getTaskSnapshotInstance:
12-22 16:27:27.816 14344 14344 I wm_on_application_create_called: [0,com.quark.browser,408]
12-22 16:27:28.043 14368 14368 I wm_on_idle_called: com.android.packageinstaller.permission.ui.GrantPermissionsActivity
12-22 16:27:28.068 14344 14344 I wm_on_create_called: [0,243646214,com.ucpro.MainActivity,performCreate,116]
12-22 16:27:28.088  3338  3338 I wm_on_stop_called: [0,221793893,com.miui.home.launcher.Launcher,STOP_ACTIVITY_ITEM,17]
12-22 16:27:28.125 13414 13414 I wm_on_resume_called: [0,226340021,com.tencent.mtt.MainActivity,RESUME_ACTIVITY,5450]
12-22 16:27:28.171 14368 14368 I wm_on_top_resumed_lost_called: [175330131,com.android.packageinstaller.permission.ui.GrantPermissionsActivity,topStateChangedWhenResumed]
12-22 16:27:28.198 13788 13788 I wm_on_start_called: [0,186989131,com.youku.v2.HomePageEntry,handleStartActivity,982]
12-22 16:27:28.202 14368 14368 I wm_on_paused_called: [0,175330131,com.android.packageinstaller.permission.ui.GrantPermissionsActivity,performPause,1]
12-22 16:27:28.276 14368 14368 I wm_on_create_called: [0,20151256,com.android.packageinstaller.permission.ui.GrantPermissionsActivity,performCreate,32]
12-22 16:27:28.285 13414 13414 I wm_on_destroy_called: [0,268011191,com.tencent.mtt.SplashActivity,performDestroy,9]
12-22 16:27:28.306 14368 14368 I wm_on_resume_called: [0,175330131,com.android.packageinstaller.permission.ui.GrantPermissionsActivity,RESUME_ACTIVITY,1]
12-22 16:27:28.306 14368 14368 I wm_on_top_resumed_gained_called: [175330131,com.android.packageinstaller.permission.ui.GrantPermissionsActivity,topWhenResuming]
12-22 16:27:28.325 14368 14368 I wm_on_idle_called: com.android.packageinstaller.permission.ui.GrantPermissionsActivity
12-22 16:27:28.350 14368 14368 I wm_on_destroy_called: [0,20151256,com.android.packageinstaller.permission.ui.GrantPermissionsActivity,performDestroy,0]
12-22 16:27:28.401  3338 10969 D cccccc  : onTaskStackChangedBackground
12-22 16:27:28.410  3338  4014 D cccccc  : onTaskStackChangedBackground
