12-22 17:06:21.025  3316  3316 I com.miui.home: CheckGCForNative gc_urgency 0 current_native_bytes is 70334491 starting_gc_num:26
12-22 17:06:21.179  3316  3316 I wm_on_top_resumed_lost_called: [92404456,com.miui.home.launcher.Launcher,topStateChangedWhenResumed]
12-22 17:06:21.184  3316  3316 I wm_on_paused_called: [0,92404456,com.miui.home.launcher.Launcher,performPause,3]
12-22 17:06:21.245  3316  3998 D cccccc  : onTaskStackChangedBackground
12-22 17:06:21.248  3316  3998 D cccccc  : onTaskStackChangedBackground
12-22 17:06:21.289  3316  4016 D cccccc  : onTaskStackChangedBackground
12-22 17:06:21.289  3316  3998 D cccccc  : onTaskStackChangedBackground
12-22 17:06:21.569  3316  3615 I com.miui.home: CheckGCForNative adj_start_bytes: 32263630 NativeAllocationGcWatermark: 10474059 java_gc_start_bytes: 16552542 kNewNativeDiscountFactor: 2 kOldNativeDiscountFactor: 65536 old_native_bytes: 70334491 new_native_bytes: 1446216 add_bytes_allowed: 31422177 is_gc_concurrent: 1 target_footprint_: 16683614 GetBytesAllocated: 9293504 HeapGrowthMultiplier: 3
12-22 17:06:21.569  3316  3615 I com.miui.home: CheckGCForNative gc_urgency 0.310495 current_native_bytes is 71780707 starting_gc_num:26
12-22 17:06:21.781  3316  3615 I com.miui.home: CheckGCForNative adj_start_bytes: 32263630 NativeAllocationGcWatermark: 10474059 java_gc_start_bytes: 16552542 kNewNativeDiscountFactor: 2 kOldNativeDiscountFactor: 65536 old_native_bytes: 70334491 new_native_bytes: 2411416 add_bytes_allowed: 31422177 is_gc_concurrent: 1 target_footprint_: 16683614 GetBytesAllocated: 9734148 HeapGrowthMultiplier: 3
12-22 17:06:21.781  3316  3615 I com.miui.home: CheckGCForNative gc_urgency 0.33911 current_native_bytes is 72745907 starting_gc_num:26
12-22 17:06:21.839  3316  3681 I com.miui.home: CheckGCForNative adj_start_bytes: 32263630 NativeAllocationGcWatermark: 10474059 java_gc_start_bytes: 16552542 kNewNativeDiscountFactor: 2 kOldNativeDiscountFactor: 65536 old_native_bytes: 70334491 new_native_bytes: 2554064 add_bytes_allowed: 31422177 is_gc_concurrent: 1 target_footprint_: 16683614 GetBytesAllocated: 9808812 HeapGrowthMultiplier: 3
12-22 17:06:21.839  3316  3681 I com.miui.home: CheckGCForNative gc_urgency 0.343635 current_native_bytes is 72888555 starting_gc_num:26
12-22 17:06:21.868  3316  3681 E cccccc  : createTaskSnapshot:
12-22 17:06:21.869  3316  3681 I cccccc  : getTaskSnapshotInstance:
12-22 17:06:21.872  3316  3681 E cccccc  : createTaskSnapshot:
12-22 17:06:21.872  3316  3681 I cccccc  : getTaskSnapshotInstance:
12-22 17:06:21.959  3316  3681 I com.miui.home: CheckGCForNative adj_start_bytes: 32263630 NativeAllocationGcWatermark: 10474059 java_gc_start_bytes: 16552542 kNewNativeDiscountFactor: 2 kOldNativeDiscountFactor: 65536 old_native_bytes: 70334491 new_native_bytes: 13281692 add_bytes_allowed: 31422177 is_gc_concurrent: 1 target_footprint_: 16683614 GetBytesAllocated: 9890764 HeapGrowthMultiplier: 3
12-22 17:06:21.959  3316  3681 I com.miui.home: CheckGCForNative gc_urgency 0.512425 current_native_bytes is 83616183 starting_gc_num:26
12-22 17:06:21.961  3316  3681 I com.miui.home: CheckGCForNative adj_start_bytes: 32263630 NativeAllocationGcWatermark: 10474059 java_gc_start_bytes: 16552542 kNewNativeDiscountFactor: 2 kOldNativeDiscountFactor: 65536 old_native_bytes: 70334491 new_native_bytes: 23991388 add_bytes_allowed: 31422177 is_gc_concurrent: 1 target_footprint_: 16683614 GetBytesAllocated: 9894597 HeapGrowthMultiplier: 3
12-22 17:06:21.961  3316  3681 I com.miui.home: CheckGCForNative gc_urgency 0.678515 current_native_bytes is 94325879 starting_gc_num:26
12-22 17:06:21.961  3316  3681 E cccccc  : createTaskSnapshot:
12-22 17:06:21.961  3316  3681 I cccccc  : getTaskSnapshotInstance:
12-22 17:06:22.035  3316  3681 I com.miui.home: CheckGCForNative adj_start_bytes: 32263630 NativeAllocationGcWatermark: 10474059 java_gc_start_bytes: 16552542 kNewNativeDiscountFactor: 2 kOldNativeDiscountFactor: 65536 old_native_bytes: 70334491 new_native_bytes: 23982780 add_bytes_allowed: 31422177 is_gc_concurrent: 1 target_footprint_: 16683614 GetBytesAllocated: 9912852 HeapGrowthMultiplier: 3
12-22 17:06:22.035  3316  3681 I com.miui.home: CheckGCForNative gc_urgency 0.678948 current_native_bytes is 94317271 starting_gc_num:26
12-22 17:06:22.039  3316  3681 I com.miui.home: CheckGCForNative adj_start_bytes: 32263630 NativeAllocationGcWatermark: 10474059 java_gc_start_bytes: 16552542 kNewNativeDiscountFactor: 2 kOldNativeDiscountFactor: 65536 old_native_bytes: 70334491 new_native_bytes: 34689916 add_bytes_allowed: 31422177 is_gc_concurrent: 1 target_footprint_: 16683614 GetBytesAllocated: 9923532 HeapGrowthMultiplier: 3
12-22 17:06:22.039  3316  3681 I com.miui.home: CheckGCForNative gc_urgency 0.845211 current_native_bytes is 105024407 starting_gc_num:26
12-22 17:06:22.039  3316  3681 E cccccc  : createTaskSnapshot:
12-22 17:06:22.039  3316  3681 I cccccc  : getTaskSnapshotInstance:
12-22 17:06:22.111  3316  3681 I com.miui.home: CheckGCForNative adj_start_bytes: 32263630 NativeAllocationGcWatermark: 10474059 java_gc_start_bytes: 16552542 kNewNativeDiscountFactor: 2 kOldNativeDiscountFactor: 65536 old_native_bytes: 70334491 new_native_bytes: 34424572 add_bytes_allowed: 31422177 is_gc_concurrent: 1 target_footprint_: 16683614 GetBytesAllocated: 9940044 HeapGrowthMultiplier: 3
12-22 17:06:22.111  3316  3681 I com.miui.home: CheckGCForNative gc_urgency 0.84161 current_native_bytes is 104759063 starting_gc_num:26
12-22 17:06:22.112  3316  3681 I com.miui.home: CheckGCForNative adj_start_bytes: 32263630 NativeAllocationGcWatermark: 10474059 java_gc_start_bytes: 16552542 kNewNativeDiscountFactor: 2 kOldNativeDiscountFactor: 65536 old_native_bytes: 70334491 new_native_bytes: 45131516 add_bytes_allowed: 31422177 is_gc_concurrent: 1 target_footprint_: 16683614 GetBytesAllocated: 9945795 HeapGrowthMultiplier: 3
12-22 17:06:22.112  3316  3681 I com.miui.home: CheckGCForNative gc_urgency 1.00772 current_native_bytes is 115466007 starting_gc_num:26
12-22 17:06:22.112  3316  3681 I com.miui.home: CheckGCForNative requested 1
12-22 17:06:22.289  3316  3368 I com.miui.home: NativeAlloc concurrent copying GC freed 31798(1462KB) AllocSpace objects, 3(124KB) LOS objects, 49% free, 8424KB/16MB, paused 237us,150us total 176.265ms
12-22 17:06:22.388  3316  3681 I com.miui.home: CheckGCForNative gc_urgency 0 current_native_bytes is 103667771 starting_gc_num:27
12-22 17:06:22.434  3316  3681 E cccccc  : createTaskSnapshot:
12-22 17:06:22.434  3316  3681 I cccccc  : getTaskSnapshotInstance:
12-22 17:06:22.505  3316  3316 I wm_on_resume_called: [0,92404456,com.miui.home.launcher.Launcher,RESUME_ACTIVITY,40]
12-22 17:06:22.523  3316  3316 I wm_on_idle_called: com.miui.home.launcher.Launcher
12-22 17:06:22.613  3316  3391 I com.miui.home: CheckGCForNative adj_start_bytes: 32774911 NativeAllocationGcWatermark: 10545275 java_gc_start_bytes: 16956999 kNewNativeDiscountFactor: 2 kOldNativeDiscountFactor: 65536 old_native_bytes: 103667771 new_native_bytes: 10924012 add_bytes_allowed: 31635825 is_gc_concurrent: 1 target_footprint_: 17253343 GetBytesAllocated: 9905248 HeapGrowthMultiplier: 3
12-22 17:06:22.614  3316  3391 I com.miui.home: CheckGCForNative gc_urgency 0.468921 current_native_bytes is 114591783 starting_gc_num:27
12-22 17:06:22.614  3316  3391 I cccccc  : createTaskSnapshotCompat:
12-22 17:06:22.616  3316  3391 I com.miui.home: CheckGCForNative adj_start_bytes: 32774911 NativeAllocationGcWatermark: 10545275 java_gc_start_bytes: 16956999 kNewNativeDiscountFactor: 2 kOldNativeDiscountFactor: 65536 old_native_bytes: 103667771 new_native_bytes: 21632684 add_bytes_allowed: 31635825 is_gc_concurrent: 1 target_footprint_: 17253343 GetBytesAllocated: 9914046 HeapGrowthMultiplier: 3
12-22 17:06:22.616  3316  3391 I com.miui.home: CheckGCForNative gc_urgency 0.632556 current_native_bytes is 125300455 starting_gc_num:27
12-22 17:06:22.672  3316  3615 I com.miui.home: CheckGCForNative adj_start_bytes: 32774911 NativeAllocationGcWatermark: 10545275 java_gc_start_bytes: 16956999 kNewNativeDiscountFactor: 2 kOldNativeDiscountFactor: 65536 old_native_bytes: 103667771 new_native_bytes: 11013644 add_bytes_allowed: 31635825 is_gc_concurrent: 1 target_footprint_: 17253343 GetBytesAllocated: 10109097 HeapGrowthMultiplier: 3
12-22 17:06:22.672  3316  3615 I com.miui.home: CheckGCForNative gc_urgency 0.476508 current_native_bytes is 114681415 starting_gc_num:27
12-22 17:06:22.772  3316  3615 I com.miui.home: CheckGCForNative adj_start_bytes: 32774911 NativeAllocationGcWatermark: 10545275 java_gc_start_bytes: 16956999 kNewNativeDiscountFactor: 2 kOldNativeDiscountFactor: 65536 old_native_bytes: 103667771 new_native_bytes: 11021644 add_bytes_allowed: 31635825 is_gc_concurrent: 1 target_footprint_: 17253343 GetBytesAllocated: 10322459 HeapGrowthMultiplier: 3
12-22 17:06:22.772  3316  3615 I com.miui.home: CheckGCForNative gc_urgency 0.48314 current_native_bytes is 114689415 starting_gc_num:27
12-22 17:06:22.824  8544  8544 I wm_on_application_create_called: [0,com.autonavi.minimap,675]
12-22 17:06:22.830  8454  8454 I wm_on_application_create_called: [0,com.autonavi.minimap,1173]
12-22 17:06:22.928  3316  3316 I wm_on_top_resumed_gained_called: [92404456,com.miui.home.launcher.Launcher,topStateChangedWhenResumed]
12-22 17:06:23.027  8454  8454 I wm_on_create_called: [0,181687750,com.autonavi.map.activity.SplashActivity,performCreate,177]
12-22 17:06:23.106  3316  3614 I com.miui.home: CheckGCForNative adj_start_bytes: 32774911 NativeAllocationGcWatermark: 10545275 java_gc_start_bytes: 16956999 kNewNativeDiscountFactor: 2 kOldNativeDiscountFactor: 65536 old_native_bytes: 103667771 new_native_bytes: 21766372 add_bytes_allowed: 31635825 is_gc_concurrent: 1 target_footprint_: 17253343 GetBytesAllocated: 10495784 HeapGrowthMultiplier: 3
12-22 17:06:23.106  3316  3614 I com.miui.home: CheckGCForNative gc_urgency 0.652345 current_native_bytes is 125434143 starting_gc_num:27
12-22 17:06:23.107  3316  3614 I cccccc  : createTaskSnapshotCompat:
12-22 17:06:23.112  3316  3614 I com.miui.home: CheckGCForNative adj_start_bytes: 32774911 NativeAllocationGcWatermark: 10545275 java_gc_start_bytes: 16956999 kNewNativeDiscountFactor: 2 kOldNativeDiscountFactor: 65536 old_native_bytes: 103667771 new_native_bytes: 32473316 add_bytes_allowed: 31635825 is_gc_concurrent: 1 target_footprint_: 17253343 GetBytesAllocated: 10503213 HeapGrowthMultiplier: 3
12-22 17:06:23.112  3316  3614 I com.miui.home: CheckGCForNative gc_urgency 0.815912 current_native_bytes is 136141087 starting_gc_num:27
12-22 17:06:23.161  3316  3998 D cccccc  : onTaskStackChangedBackground
12-22 17:06:23.169  3316  3998 D cccccc  : onTaskStackChangedBackground
12-22 17:06:23.359  8454  8454 I wm_on_create_called: [0,154420465,com.autonavi.map.activity.NewMapActivity,performCreate,291]
12-22 17:06:23.379  8454  8454 I wm_on_start_called: [0,154420465,com.autonavi.map.activity.NewMapActivity,handleStartActivity,20]
12-22 17:06:23.391  8454  8454 I wm_on_resume_called: [0,154420465,com.autonavi.map.activity.NewMapActivity,RESUME_ACTIVITY,8]
12-22 17:06:23.464  3316  3553 I com.miui.home: CheckGCForNative adj_start_bytes: 32774911 NativeAllocationGcWatermark: 10545275 java_gc_start_bytes: 16956999 kNewNativeDiscountFactor: 2 kOldNativeDiscountFactor: 65536 old_native_bytes: 103667771 new_native_bytes: 22068652 add_bytes_allowed: 31635825 is_gc_concurrent: 1 target_footprint_: 17253343 GetBytesAllocated: 11003364 HeapGrowthMultiplier: 3
12-22 17:06:23.464  3316  3553 I com.miui.home: CheckGCForNative gc_urgency 0.672443 current_native_bytes is 125736423 starting_gc_num:27
12-22 17:06:23.511  3316  3316 I wm_on_top_resumed_lost_called: [92404456,com.miui.home.launcher.Launcher,topStateChangedWhenResumed]
12-22 17:06:23.512  8454  8454 I wm_on_destroy_called: [0,181687750,com.autonavi.map.activity.SplashActivity,performDestroy,1]
12-22 17:06:23.514  8454  8454 I wm_on_paused_called: [0,154420465,com.autonavi.map.activity.NewMapActivity,performPause,1]
12-22 17:06:23.539  3316  3316 I wm_on_paused_called: [0,92404456,com.miui.home.launcher.Launcher,performPause,3]
12-22 17:06:23.557  3316  3998 D cccccc  : onTaskStackChangedBackground
12-22 17:06:23.559  3316  3998 D cccccc  : onTaskStackChangedBackground
12-22 17:06:23.680  3316  3376 D cccccc  : onTaskStackChangedBackground
12-22 17:06:23.689  8454  8454 I wm_on_stop_called: [0,154420465,com.autonavi.map.activity.NewMapActivity,STOP_ACTIVITY_ITEM,5]
12-22 17:06:23.699  8454  8454 I wm_on_idle_called: com.autonavi.map.activity.NewMapActivity
12-22 17:06:23.702  3316  3376 D cccccc  : onTaskStackChangedBackground
12-22 17:06:23.707  3316  3681 E cccccc  : createTaskSnapshot:
12-22 17:06:23.707  3316  3681 I cccccc  : getTaskSnapshotInstance:
12-22 17:06:23.716  3316  3681 I com.miui.home: CheckGCForNative adj_start_bytes: 32774911 NativeAllocationGcWatermark: 10545275 java_gc_start_bytes: 16956999 kNewNativeDiscountFactor: 2 kOldNativeDiscountFactor: 65536 old_native_bytes: 103667771 new_native_bytes: 32878864 add_bytes_allowed: 31635825 is_gc_concurrent: 1 target_footprint_: 17253343 GetBytesAllocated: 11499491 HeapGrowthMultiplier: 3
12-22 17:06:23.716  3316  3681 I com.miui.home: CheckGCForNative gc_urgency 0.852497 current_native_bytes is 136546635 starting_gc_num:27
12-22 17:06:23.897  3316  3615 I com.miui.home: CheckGCForNative adj_start_bytes: 32774911 NativeAllocationGcWatermark: 10545275 java_gc_start_bytes: 16956999 kNewNativeDiscountFactor: 2 kOldNativeDiscountFactor: 65536 old_native_bytes: 103667771 new_native_bytes: 22733352 add_bytes_allowed: 31635825 is_gc_concurrent: 1 target_footprint_: 17253343 GetBytesAllocated: 11850452 HeapGrowthMultiplier: 3
12-22 17:06:23.897  3316  3615 I com.miui.home: CheckGCForNative gc_urgency 0.708429 current_native_bytes is 126401123 starting_gc_num:27
12-22 17:06:23.931  3316  3615 I com.miui.home: CheckGCForNative adj_start_bytes: 32774911 NativeAllocationGcWatermark: 10545275 java_gc_start_bytes: 16956999 kNewNativeDiscountFactor: 2 kOldNativeDiscountFactor: 65536 old_native_bytes: 103667771 new_native_bytes: 22734888 add_bytes_allowed: 31635825 is_gc_concurrent: 1 target_footprint_: 17253343 GetBytesAllocated: 11876080 HeapGrowthMultiplier: 3
12-22 17:06:23.931  3316  3615 I com.miui.home: CheckGCForNative gc_urgency 0.709235 current_native_bytes is 126402659 starting_gc_num:27
12-22 17:06:24.215  3316  3681 I com.miui.home: CheckGCForNative adj_start_bytes: 32774911 NativeAllocationGcWatermark: 10545275 java_gc_start_bytes: 16956999 kNewNativeDiscountFactor: 2 kOldNativeDiscountFactor: 65536 old_native_bytes: 103667771 new_native_bytes: 22983580 add_bytes_allowed: 31635825 is_gc_concurrent: 1 target_footprint_: 17253343 GetBytesAllocated: 12346550 HeapGrowthMultiplier: 3
12-22 17:06:24.215  3316  3681 I com.miui.home: CheckGCForNative gc_urgency 0.727383 current_native_bytes is 126651351 starting_gc_num:27
12-22 17:06:24.218  3316  3681 E cccccc  : createTaskSnapshot:
12-22 17:06:24.218  3316  3681 I cccccc  : getTaskSnapshotInstance:
12-22 17:06:24.397  8890  8890 I wm_on_create_called: [0,216842202,fm.qingting.qtradio.WelcomeActivity,performCreate,83]
12-22 17:06:24.398  8890  8890 I wm_on_start_called: [0,216842202,fm.qingting.qtradio.WelcomeActivity,handleStartActivity,1]
12-22 17:06:24.405  8890  8890 I wm_on_resume_called: [0,216842202,fm.qingting.qtradio.WelcomeActivity,RESUME_ACTIVITY,5]
12-22 17:06:24.450  8890  8890 I wm_on_top_resumed_gained_called: [216842202,fm.qingting.qtradio.WelcomeActivity,topStateChangedWhenResumed]
12-22 17:06:24.766  3316  3316 I wm_on_stop_called: [0,92404456,com.miui.home.launcher.Launcher,STOP_ACTIVITY_ITEM,10]
12-22 17:06:24.931  3316  3316 I wm_on_restart_called: [0,92404456,com.miui.home.launcher.Launcher,,0]
12-22 17:06:24.933  3316  3316 I wm_on_start_called: [0,92404456,com.miui.home.launcher.Launcher,handleStartActivity,2]
12-22 17:06:24.953  3316  3316 I wm_on_resume_called: [0,92404456,com.miui.home.launcher.Launcher,RESUME_ACTIVITY,18]
12-22 17:06:24.963  8890  8890 I wm_on_top_resumed_lost_called: [216842202,fm.qingting.qtradio.WelcomeActivity,topStateChangedWhenResumed]
12-22 17:06:25.012  8890  8890 I wm_on_idle_called: fm.qingting.qtradio.WelcomeActivity
12-22 17:06:25.068  3316  3316 I wm_on_top_resumed_gained_called: [92404456,com.miui.home.launcher.Launcher,topStateChangedWhenResumed]
12-22 17:06:25.070  3316  3316 I wm_on_idle_called: com.miui.home.launcher.Launcher
12-22 17:06:25.198  3316  3389 I com.miui.home: CheckGCForNative adj_start_bytes: 32774911 NativeAllocationGcWatermark: 10545275 java_gc_start_bytes: 16956999 kNewNativeDiscountFactor: 2 kOldNativeDiscountFactor: 65536 old_native_bytes: 103667771 new_native_bytes: 33818576 add_bytes_allowed: 31635825 is_gc_concurrent: 1 target_footprint_: 17253343 GetBytesAllocated: 13597103 HeapGrowthMultiplier: 3
12-22 17:06:25.198  3316  3389 I com.miui.home: CheckGCForNative gc_urgency 0.930833 current_native_bytes is 137486347 starting_gc_num:27
12-22 17:06:25.199  3316  3389 I cccccc  : createTaskSnapshotCompat:
12-22 17:06:25.204  3316  3389 I com.miui.home: CheckGCForNative adj_start_bytes: 32774911 NativeAllocationGcWatermark: 10545275 java_gc_start_bytes: 16956999 kNewNativeDiscountFactor: 2 kOldNativeDiscountFactor: 65536 old_native_bytes: 103667771 new_native_bytes: 44525552 add_bytes_allowed: 31635825 is_gc_concurrent: 1 target_footprint_: 17253343 GetBytesAllocated: 13610804 HeapGrowthMultiplier: 3
12-22 17:06:25.204  3316  3389 I com.miui.home: CheckGCForNative gc_urgency 1.09459 current_native_bytes is 148193323 starting_gc_num:27
12-22 17:06:25.204  3316  3389 I com.miui.home: CheckGCForNative requested 1
12-22 17:06:25.379  3316  3615 I com.miui.home: CheckGCForNative adj_start_bytes: 32774911 NativeAllocationGcWatermark: 10545275 java_gc_start_bytes: 16956999 kNewNativeDiscountFactor: 2 kOldNativeDiscountFactor: 65536 old_native_bytes: 103667771 new_native_bytes: 34030992 add_bytes_allowed: 31635825 is_gc_concurrent: 1 target_footprint_: 17253343 GetBytesAllocated: 13758623 HeapGrowthMultiplier: 3
12-22 17:06:25.379  3316  3615 I com.miui.home: CheckGCForNative gc_urgency 0.939002 current_native_bytes is 137698763 starting_gc_num:27
12-22 17:06:25.435  3316  3615 I com.miui.home: CheckGCForNative adj_start_bytes: 32774911 NativeAllocationGcWatermark: 10545275 java_gc_start_bytes: 16956999 kNewNativeDiscountFactor: 2 kOldNativeDiscountFactor: 65536 old_native_bytes: 103667771 new_native_bytes: 34035304 add_bytes_allowed: 31635825 is_gc_concurrent: 1 target_footprint_: 17253343 GetBytesAllocated: 13830316 HeapGrowthMultiplier: 3
12-22 17:06:25.435  3316  3615 I com.miui.home: CheckGCForNative gc_urgency 0.941255 current_native_bytes is 137703075 starting_gc_num:27
12-22 17:06:25.555  3316  3368 I com.miui.home: NativeAlloc concurrent copying GC freed 116527(4767KB) AllocSpace objects, 6(312KB) LOS objects, 49% free, 8461KB/16MB, paused 1.613ms,26us total 350.576ms
12-22 17:06:25.692  3316  3614 I com.miui.home: CheckGCForNative gc_urgency 0 current_native_bytes is 137198895 starting_gc_num:28
12-22 17:06:25.692  3316  3614 I cccccc  : createTaskSnapshotCompat:
12-22 17:06:25.701  3316  3614 I com.miui.home: CheckGCForNative adj_start_bytes: 32905771 NativeAllocationGcWatermark: 10554776 java_gc_start_bytes: 17073607 kNewNativeDiscountFactor: 2 kOldNativeDiscountFactor: 65536 old_native_bytes: 137198895 new_native_bytes: 10715008 add_bytes_allowed: 31664328 is_gc_concurrent: 1 target_footprint_: 17329347 GetBytesAllocated: 8796210 HeapGrowthMultiplier: 3
12-22 17:06:25.701  3316  3614 I com.miui.home: CheckGCForNative gc_urgency 0.430192 current_native_bytes is 147913903 starting_gc_num:28
12-22 17:06:25.705  8890  8890 I wm_on_paused_called: [0,216842202,fm.qingting.qtradio.WelcomeActivity,performPause,1]
12-22 17:06:25.758  8890  8890 I wm_on_stop_called: [0,216842202,fm.qingting.qtradio.WelcomeActivity,STOP_ACTIVITY_ITEM,3]
12-22 17:06:25.819  3316  3389 D cccccc  : onTaskStackChangedBackground
12-22 17:06:25.823  3316  3376 D cccccc  : onTaskStackChangedBackground
12-22 17:06:25.993  3316  3316 I wm_on_top_resumed_lost_called: [92404456,com.miui.home.launcher.Launcher,topStateChangedWhenResumed]
12-22 17:06:25.998  3316  3316 I wm_on_paused_called: [0,92404456,com.miui.home.launcher.Launcher,performPause,2]
12-22 17:06:26.012  3316  3593 I com.miui.home: CheckGCForNative adj_start_bytes: 32905771 NativeAllocationGcWatermark: 10554776 java_gc_start_bytes: 17073607 kNewNativeDiscountFactor: 2 kOldNativeDiscountFactor: 65536 old_native_bytes: 137198895 new_native_bytes: 112104 add_bytes_allowed: 31664328 is_gc_concurrent: 1 target_footprint_: 17329347 GetBytesAllocated: 9430748 HeapGrowthMultiplier: 3
12-22 17:06:26.012  3316  3593 I com.miui.home: CheckGCForNative gc_urgency 0.288366 current_native_bytes is 137310999 starting_gc_num:28
12-22 17:06:26.035  3316  3376 D cccccc  : onTaskStackChangedBackground
12-22 17:06:26.038  3316  3376 D cccccc  : onTaskStackChangedBackground
12-22 17:06:26.116  3316  3376 D cccccc  : onTaskStackChangedBackground
12-22 17:06:26.117  3316  3389 D cccccc  : onTaskStackChangedBackground
12-22 17:06:26.258  3316  3681 E cccccc  : createTaskSnapshot:
12-22 17:06:26.261  3316  3681 I cccccc  : getTaskSnapshotInstance:
12-22 17:06:26.262  3316  3681 I com.miui.home: CheckGCForNative adj_start_bytes: 32905771 NativeAllocationGcWatermark: 10554776 java_gc_start_bytes: 17073607 kNewNativeDiscountFactor: 2 kOldNativeDiscountFactor: 65536 old_native_bytes: 137198895 new_native_bytes: 13179996 add_bytes_allowed: 31664328 is_gc_concurrent: 1 target_footprint_: 17329347 GetBytesAllocated: 10071231 HeapGrowthMultiplier: 3
12-22 17:06:26.262  3316  3681 I com.miui.home: CheckGCForNative gc_urgency 0.506395 current_native_bytes is 150378891 starting_gc_num:28
12-22 17:06:26.359  3316  3615 I com.miui.home: CheckGCForNative adj_start_bytes: 32905771 NativeAllocationGcWatermark: 10554776 java_gc_start_bytes: 17073607 kNewNativeDiscountFactor: 2 kOldNativeDiscountFactor: 65536 old_native_bytes: 137198895 new_native_bytes: 2482652 add_bytes_allowed: 31664328 is_gc_concurrent: 1 target_footprint_: 17329347 GetBytesAllocated: 10194022 HeapGrowthMultiplier: 3
12-22 17:06:26.359  3316  3615 I com.miui.home: CheckGCForNative gc_urgency 0.347582 current_native_bytes is 139681547 starting_gc_num:28
12-22 17:06:26.403  3316  3615 I com.miui.home: CheckGCForNative adj_start_bytes: 32905771 NativeAllocationGcWatermark: 10554776 java_gc_start_bytes: 17073607 kNewNativeDiscountFactor: 2 kOldNativeDiscountFactor: 65536 old_native_bytes: 137198895 new_native_bytes: 2449872 add_bytes_allowed: 31664328 is_gc_concurrent: 1 target_footprint_: 17329347 GetBytesAllocated: 10271133 HeapGrowthMultiplier: 3
12-22 17:06:26.403  3316  3615 I com.miui.home: CheckGCForNative gc_urgency 0.349436 current_native_bytes is 139648767 starting_gc_num:28
12-22 17:06:26.629  3316  3681 E cccccc  : createTaskSnapshot:
12-22 17:06:26.629  3316  3681 I cccccc  : getTaskSnapshotInstance:
12-22 17:06:26.726  3316  3615 I com.miui.home: CheckGCForNative adj_start_bytes: 32905771 NativeAllocationGcWatermark: 10554776 java_gc_start_bytes: 17073607 kNewNativeDiscountFactor: 2 kOldNativeDiscountFactor: 65536 old_native_bytes: 137198895 new_native_bytes: 2547064 add_bytes_allowed: 31664328 is_gc_concurrent: 1 target_footprint_: 17329347 GetBytesAllocated: 10768277 HeapGrowthMultiplier: 3
12-22 17:06:26.726  3316  3615 I com.miui.home: CheckGCForNative gc_urgency 0.366012 current_native_bytes is 139745959 starting_gc_num:28
12-22 17:06:26.773  9282  9282 I wm_on_application_create_called: [0,com.xiaomi.bluetooth,232]
12-22 17:06:27.381  9257  9257 I wm_on_application_create_called: [0,com.ss.android.ugc.aweme,415]
12-22 17:06:27.612  3316  3316 I wm_on_resume_called: [0,92404456,com.miui.home.launcher.Launcher,RESUME_ACTIVITY,22]
12-22 17:06:27.630  3316  3316 I wm_on_idle_called: com.miui.home.launcher.Launcher
12-22 17:06:27.721  3316  3376 I com.miui.home: CheckGCForNative adj_start_bytes: 32905771 NativeAllocationGcWatermark: 10554776 java_gc_start_bytes: 17073607 kNewNativeDiscountFactor: 2 kOldNativeDiscountFactor: 65536 old_native_bytes: 137198895 new_native_bytes: 13281092 add_bytes_allowed: 31664328 is_gc_concurrent: 1 target_footprint_: 17329347 GetBytesAllocated: 11938607 HeapGrowthMultiplier: 3
12-22 17:06:27.721  3316  3376 I com.miui.home: CheckGCForNative gc_urgency 0.56468 current_native_bytes is 150479987 starting_gc_num:28
12-22 17:06:27.721  3316  3376 I cccccc  : createTaskSnapshotCompat:
12-22 17:06:27.729  3316  3376 I com.miui.home: CheckGCForNative adj_start_bytes: 32905771 NativeAllocationGcWatermark: 10554776 java_gc_start_bytes: 17073607 kNewNativeDiscountFactor: 2 kOldNativeDiscountFactor: 65536 old_native_bytes: 137198895 new_native_bytes: 23988036 add_bytes_allowed: 31664328 is_gc_concurrent: 1 target_footprint_: 17329347 GetBytesAllocated: 11985189 HeapGrowthMultiplier: 3
12-22 17:06:27.729  3316  3376 I com.miui.home: CheckGCForNative gc_urgency 0.728787 current_native_bytes is 161186931 starting_gc_num:28
12-22 17:06:27.736  3316  3615 I com.miui.home: CheckGCForNative adj_start_bytes: 32905771 NativeAllocationGcWatermark: 10554776 java_gc_start_bytes: 17073607 kNewNativeDiscountFactor: 2 kOldNativeDiscountFactor: 65536 old_native_bytes: 137198895 new_native_bytes: 13282628 add_bytes_allowed: 31664328 is_gc_concurrent: 1 target_footprint_: 17329347 GetBytesAllocated: 12006423 HeapGrowthMultiplier: 3
12-22 17:06:27.736  3316  3615 I com.miui.home: CheckGCForNative gc_urgency 0.566765 current_native_bytes is 150481523 starting_gc_num:28
12-22 17:06:27.912  3316  3615 I com.miui.home: CheckGCForNative adj_start_bytes: 32905771 NativeAllocationGcWatermark: 10554776 java_gc_start_bytes: 17073607 kNewNativeDiscountFactor: 2 kOldNativeDiscountFactor: 65536 old_native_bytes: 137198895 new_native_bytes: 13340292 add_bytes_allowed: 31664328 is_gc_concurrent: 1 target_footprint_: 17329347 GetBytesAllocated: 12266152 HeapGrowthMultiplier: 3
12-22 17:06:27.912  3316  3615 I com.miui.home: CheckGCForNative gc_urgency 0.575534 current_native_bytes is 150539187 starting_gc_num:28
12-22 17:06:28.025  3316  3316 I wm_on_top_resumed_gained_called: [92404456,com.miui.home.launcher.Launcher,topStateChangedWhenResumed]
12-22 17:06:28.205  3316  3614 I com.miui.home: CheckGCForNative adj_start_bytes: 32905771 NativeAllocationGcWatermark: 10554776 java_gc_start_bytes: 17073607 kNewNativeDiscountFactor: 2 kOldNativeDiscountFactor: 65536 old_native_bytes: 137198895 new_native_bytes: 24095684 add_bytes_allowed: 31664328 is_gc_concurrent: 1 target_footprint_: 17329347 GetBytesAllocated: 12393408 HeapGrowthMultiplier: 3
12-22 17:06:28.206  3316  3614 I com.miui.home: CheckGCForNative gc_urgency 0.742828 current_native_bytes is 161294579 starting_gc_num:28
12-22 17:06:28.206  3316  3614 I cccccc  : createTaskSnapshotCompat:
12-22 17:06:28.210  3316  3614 I com.miui.home: CheckGCForNative adj_start_bytes: 32905771 NativeAllocationGcWatermark: 10554776 java_gc_start_bytes: 17073607 kNewNativeDiscountFactor: 2 kOldNativeDiscountFactor: 65536 old_native_bytes: 137198895 new_native_bytes: 34773412 add_bytes_allowed: 31664328 is_gc_concurrent: 1 target_footprint_: 17329347 GetBytesAllocated: 12400468 HeapGrowthMultiplier: 3
12-22 17:06:28.212  3316  3614 I com.miui.home: CheckGCForNative gc_urgency 0.90529 current_native_bytes is 171972307 starting_gc_num:28
12-22 17:06:28.494  3316  3316 I wm_on_top_resumed_lost_called: [92404456,com.miui.home.launcher.Launcher,topStateChangedWhenResumed]
12-22 17:06:28.513  3316  3376 D cccccc  : onTaskStackChangedBackground
12-22 17:06:28.517  3316  3376 D cccccc  : onTaskStackChangedBackground
12-22 17:06:28.646  3316  3681 I com.miui.home: CheckGCForNative adj_start_bytes: 32905771 NativeAllocationGcWatermark: 10554776 java_gc_start_bytes: 17073607 kNewNativeDiscountFactor: 2 kOldNativeDiscountFactor: 65536 old_native_bytes: 137198895 new_native_bytes: 24554116 add_bytes_allowed: 31664328 is_gc_concurrent: 1 target_footprint_: 17329347 GetBytesAllocated: 12928262 HeapGrowthMultiplier: 3
12-22 17:06:28.646  3316  3681 I com.miui.home: CheckGCForNative gc_urgency 0.766048 current_native_bytes is 161753011 starting_gc_num:28
12-22 17:06:28.713  9257  9257 I wm_on_create_called: [0,104381354,com.ss.android.ugc.aweme.splash.SplashActivity,performCreate,1045]
12-22 17:06:28.730  3316  3316 I wm_on_paused_called: [0,92404456,com.miui.home.launcher.Launcher,performPause,2]
12-22 17:06:28.814  3316  3681 E cccccc  : createTaskSnapshot:
12-22 17:06:28.816  3316  3681 I cccccc  : getTaskSnapshotInstance:
12-22 17:06:28.820  3316  3681 I com.miui.home: CheckGCForNative adj_start_bytes: 32905771 NativeAllocationGcWatermark: 10554776 java_gc_start_bytes: 17073607 kNewNativeDiscountFactor: 2 kOldNativeDiscountFactor: 65536 old_native_bytes: 137198895 new_native_bytes: 35584632 add_bytes_allowed: 31664328 is_gc_concurrent: 1 target_footprint_: 17329347 GetBytesAllocated: 13403424 HeapGrowthMultiplier: 3
12-22 17:06:28.820  3316  3681 I com.miui.home: CheckGCForNative gc_urgency 0.948096 current_native_bytes is 172783527 starting_gc_num:28
12-22 17:06:28.831  3316  3389 D cccccc  : onTaskStackChangedBackground
12-22 17:06:28.833  3316  3376 D cccccc  : onTaskStackChangedBackground
12-22 17:06:28.855  3316  3561 E cccccc  : createTaskSnapshot:
12-22 17:06:28.855  3316  3561 I cccccc  : getTaskSnapshotInstance:
12-22 17:06:29.004  3316  3615 I com.miui.home: CheckGCForNative adj_start_bytes: 32905771 NativeAllocationGcWatermark: 10554776 java_gc_start_bytes: 17073607 kNewNativeDiscountFactor: 2 kOldNativeDiscountFactor: 65536 old_native_bytes: 137198895 new_native_bytes: 25598532 add_bytes_allowed: 31664328 is_gc_concurrent: 1 target_footprint_: 17329347 GetBytesAllocated: 13917092 HeapGrowthMultiplier: 3
12-22 17:06:29.004  3316  3615 I com.miui.home: CheckGCForNative gc_urgency 0.811969 current_native_bytes is 162797427 starting_gc_num:28
12-22 17:06:29.093  3316  3615 I com.miui.home: CheckGCForNative adj_start_bytes: 32905771 NativeAllocationGcWatermark: 10554776 java_gc_start_bytes: 17073607 kNewNativeDiscountFactor: 2 kOldNativeDiscountFactor: 65536 old_native_bytes: 137198895 new_native_bytes: 25597476 add_bytes_allowed: 31664328 is_gc_concurrent: 1 target_footprint_: 17329347 GetBytesAllocated: 14185301 HeapGrowthMultiplier: 3
12-22 17:06:29.093  3316  3615 I com.miui.home: CheckGCForNative gc_urgency 0.820103 current_native_bytes is 162796371 starting_gc_num:28
12-22 17:06:29.119  3316  3561 E cccccc  : createTaskSnapshot:
12-22 17:06:29.119  3316  3561 I cccccc  : getTaskSnapshotInstance:
12-22 17:06:29.285  3316  3561 E cccccc  : createTaskSnapshot:
12-22 17:06:29.285  3316  3561 I cccccc  : getTaskSnapshotInstance:
12-22 17:06:29.349  3316  3615 I com.miui.home: CheckGCForNative adj_start_bytes: 32905771 NativeAllocationGcWatermark: 10554776 java_gc_start_bytes: 17073607 kNewNativeDiscountFactor: 2 kOldNativeDiscountFactor: 65536 old_native_bytes: 137198895 new_native_bytes: 25822128 add_bytes_allowed: 31664328 is_gc_concurrent: 1 target_footprint_: 17329347 GetBytesAllocated: 14930476 HeapGrowthMultiplier: 3
12-22 17:06:29.349  3316  3615 I com.miui.home: CheckGCForNative gc_urgency 0.846163 current_native_bytes is 163021023 starting_gc_num:28
12-22 17:06:29.479  9734  9734 I wm_on_create_called: [0,174766857,com.eg.android.AlipayGphone.AlipayLogin,performCreate,57]
12-22 17:06:29.485  9734  9734 I wm_on_start_called: [0,174766857,com.eg.android.AlipayGphone.AlipayLogin,handleStartActivity,5]
12-22 17:06:29.494  9734  9734 I wm_on_resume_called: [0,174766857,com.eg.android.AlipayGphone.AlipayLogin,RESUME_ACTIVITY,4]
12-22 17:06:29.549  9734  9734 I wm_on_top_resumed_gained_called: [174766857,com.eg.android.AlipayGphone.AlipayLogin,topStateChangedWhenResumed]
12-22 17:06:30.009  3316  3316 I wm_on_stop_called: [0,92404456,com.miui.home.launcher.Launcher,STOP_ACTIVITY_ITEM,16]
12-22 17:06:30.126  3316  3316 I wm_on_restart_called: [0,92404456,com.miui.home.launcher.Launcher,,0]
12-22 17:06:30.128  3316  3316 I wm_on_start_called: [0,92404456,com.miui.home.launcher.Launcher,handleStartActivity,2]
12-22 17:06:30.149  3316  3316 I wm_on_resume_called: [0,92404456,com.miui.home.launcher.Launcher,RESUME_ACTIVITY,19]
12-22 17:06:30.255  3316  3316 I wm_on_idle_called: com.miui.home.launcher.Launcher
12-22 17:06:30.339  9734  9734 I wm_on_top_resumed_lost_called: [174766857,com.eg.android.AlipayGphone.AlipayLogin,topStateChangedWhenResumed]
12-22 17:06:30.341  3316  3316 I wm_on_top_resumed_gained_called: [92404456,com.miui.home.launcher.Launcher,topStateChangedWhenResumed]
12-22 17:06:30.352  3316  3998 I com.miui.home: CheckGCForNative adj_start_bytes: 32905771 NativeAllocationGcWatermark: 10554776 java_gc_start_bytes: 17073607 kNewNativeDiscountFactor: 2 kOldNativeDiscountFactor: 65536 old_native_bytes: 137198895 new_native_bytes: 36552556 add_bytes_allowed: 31664328 is_gc_concurrent: 1 target_footprint_: 17329347 GetBytesAllocated: 16424522 HeapGrowthMultiplier: 3
12-22 17:06:30.352  3316  3998 I com.miui.home: CheckGCForNative gc_urgency 1.05461 current_native_bytes is 173751451 starting_gc_num:28
12-22 17:06:30.353  3316  3998 I com.miui.home: CheckGCForNative requested 1
12-22 17:06:30.353  3316  3998 I cccccc  : createTaskSnapshotCompat:
12-22 17:06:30.356  3316  3998 I com.miui.home: CheckGCForNative adj_start_bytes: 32905771 NativeAllocationGcWatermark: 10554776 java_gc_start_bytes: 17073607 kNewNativeDiscountFactor: 2 kOldNativeDiscountFactor: 65536 old_native_bytes: 137198895 new_native_bytes: 47259084 add_bytes_allowed: 31664328 is_gc_concurrent: 1 target_footprint_: 17329347 GetBytesAllocated: 16433287 HeapGrowthMultiplier: 3
12-22 17:06:30.357  3316  3998 I com.miui.home: CheckGCForNative gc_urgency 1.21757 current_native_bytes is 184457979 starting_gc_num:28
12-22 17:06:30.357  3316  3998 I com.miui.home: CheckGCForNative requested 1
12-22 17:06:30.365  3316  8479 I com.miui.home: CheckGCForNative adj_start_bytes: 32905771 NativeAllocationGcWatermark: 10554776 java_gc_start_bytes: 17073607 kNewNativeDiscountFactor: 2 kOldNativeDiscountFactor: 65536 old_native_bytes: 137198895 new_native_bytes: 36531788 add_bytes_allowed: 31664328 is_gc_concurrent: 1 target_footprint_: 17329347 GetBytesAllocated: 16456299 HeapGrowthMultiplier: 3
12-22 17:06:30.365  3316  8479 I com.miui.home: CheckGCForNative gc_urgency 1.05526 current_native_bytes is 173730683 starting_gc_num:28
12-22 17:06:30.365  3316  8479 I com.miui.home: CheckGCForNative requested 1
12-22 17:06:30.413  9734  9734 I wm_on_idle_called: com.eg.android.AlipayGphone.AlipayLogin
12-22 17:06:30.430  3316  3615 I com.miui.home: CheckGCForNative adj_start_bytes: 32905771 NativeAllocationGcWatermark: 10554776 java_gc_start_bytes: 17073607 kNewNativeDiscountFactor: 2 kOldNativeDiscountFactor: 65536 old_native_bytes: 137198895 new_native_bytes: 36581388 add_bytes_allowed: 31664328 is_gc_concurrent: 1 target_footprint_: 17329347 GetBytesAllocated: 16499111 HeapGrowthMultiplier: 3
12-22 17:06:30.430  3316  3615 I com.miui.home: CheckGCForNative gc_urgency 1.05732 current_native_bytes is 173780283 starting_gc_num:28
12-22 17:06:30.430  3316  3615 I com.miui.home: CheckGCForNative requested 1
12-22 17:06:30.529  3316  3368 I com.miui.home: NativeAlloc concurrent copying GC freed 170877(7221KB) AllocSpace objects, 10(448KB) LOS objects, 49% free, 8503KB/16MB, paused 258us,25us total 176.640ms
12-22 17:06:30.695 10036 10036 I wm_on_application_create_called: [0,com.eg.android.AlipayGphone,247]
12-22 17:06:30.786  3316  3615 I com.miui.home: CheckGCForNative gc_urgency 0 current_native_bytes is 129056571 starting_gc_num:29
12-22 17:06:30.838  3316  3614 I com.miui.home: CheckGCForNative adj_start_bytes: 33126642 NativeAllocationGcWatermark: 10565539 java_gc_start_bytes: 17278334 kNewNativeDiscountFactor: 2 kOldNativeDiscountFactor: 65536 old_native_bytes: 129056571 new_native_bytes: 10704320 add_bytes_allowed: 31696617 is_gc_concurrent: 1 target_footprint_: 17415452 GetBytesAllocated: 8966058 HeapGrowthMultiplier: 3
12-22 17:06:30.838  3316  3614 I com.miui.home: CheckGCForNative gc_urgency 0.432286 current_native_bytes is 139760891 starting_gc_num:29
12-22 17:06:30.838  3316  3614 I cccccc  : createTaskSnapshotCompat:
12-22 17:06:30.839  3316  3614 I com.miui.home: CheckGCForNative adj_start_bytes: 33126642 NativeAllocationGcWatermark: 10565539 java_gc_start_bytes: 17278334 kNewNativeDiscountFactor: 2 kOldNativeDiscountFactor: 65536 old_native_bytes: 129056571 new_native_bytes: 21411776 add_bytes_allowed: 31696617 is_gc_concurrent: 1 target_footprint_: 17415452 GetBytesAllocated: 8966250 HeapGrowthMultiplier: 3
12-22 17:06:30.839  3316  3614 I com.miui.home: CheckGCForNative gc_urgency 0.593906 current_native_bytes is 150468347 starting_gc_num:29
12-22 17:06:31.105  9734  9734 I wm_on_paused_called: [0,174766857,com.eg.android.AlipayGphone.AlipayLogin,performPause,5]
12-22 17:06:31.209  3316  3376 D cccccc  : onTaskStackChangedBackground
12-22 17:06:31.211  3316  4016 D cccccc  : onTaskStackChangedBackground
12-22 17:06:31.323  3316  3316 I wm_on_top_resumed_lost_called: [92404456,com.miui.home.launcher.Launcher,topStateChangedWhenResumed]
12-22 17:06:31.330  3316  3316 I wm_on_paused_called: [0,92404456,com.miui.home.launcher.Launcher,performPause,2]
12-22 17:06:31.352  3316  3376 D cccccc  : onTaskStackChangedBackground
12-22 17:06:31.353  3316  3376 D cccccc  : onTaskStackChangedBackground
12-22 17:06:31.436  3316  3389 D cccccc  : onTaskStackChangedBackground
12-22 17:06:31.451  3316  3389 D cccccc  : onTaskStackChangedBackground
12-22 17:06:31.636  3316  3561 E cccccc  : createTaskSnapshot:
12-22 17:06:31.636  3316  3561 I cccccc  : getTaskSnapshotInstance:
12-22 17:06:31.652  9734  9734 I wm_on_stop_called: [0,174766857,com.eg.android.AlipayGphone.AlipayLogin,STOP_ACTIVITY_ITEM,106]
12-22 17:06:31.695  3316  3561 I com.miui.home: CheckGCForNative adj_start_bytes: 33126642 NativeAllocationGcWatermark: 10565539 java_gc_start_bytes: 17278334 kNewNativeDiscountFactor: 2 kOldNativeDiscountFactor: 65536 old_native_bytes: 129056571 new_native_bytes: 22267476 add_bytes_allowed: 31696617 is_gc_concurrent: 1 target_footprint_: 17415452 GetBytesAllocated: 10257894 HeapGrowthMultiplier: 3
12-22 17:06:31.695  3316  3561 I com.miui.home: CheckGCForNative gc_urgency 0.645813 current_native_bytes is 151324047 starting_gc_num:29
12-22 17:06:31.702  3316  3389 I com.miui.home: CheckGCForNative adj_start_bytes: 33126642 NativeAllocationGcWatermark: 10565539 java_gc_start_bytes: 17278334 kNewNativeDiscountFactor: 2 kOldNativeDiscountFactor: 65536 old_native_bytes: 129056571 new_native_bytes: 22283900 add_bytes_allowed: 31696617 is_gc_concurrent: 1 target_footprint_: 17415452 GetBytesAllocated: 10292459 HeapGrowthMultiplier: 3
12-22 17:06:31.702  3316  3389 I com.miui.home: CheckGCForNative gc_urgency 0.647104 current_native_bytes is 151340471 starting_gc_num:29
12-22 17:06:31.800  3316  3615 I com.miui.home: CheckGCForNative adj_start_bytes: 33126642 NativeAllocationGcWatermark: 10565539 java_gc_start_bytes: 17278334 kNewNativeDiscountFactor: 2 kOldNativeDiscountFactor: 65536 old_native_bytes: 129056571 new_native_bytes: 24489508 add_bytes_allowed: 31696617 is_gc_concurrent: 1 target_footprint_: 17415452 GetBytesAllocated: 10472147 HeapGrowthMultiplier: 3
12-22 17:06:31.800  3316  3615 I com.miui.home: CheckGCForNative gc_urgency 0.685819 current_native_bytes is 153546079 starting_gc_num:29
12-22 17:06:31.939  3316  3561 I com.miui.home: CheckGCForNative adj_start_bytes: 33126642 NativeAllocationGcWatermark: 10565539 java_gc_start_bytes: 17278334 kNewNativeDiscountFactor: 2 kOldNativeDiscountFactor: 65536 old_native_bytes: 129056571 new_native_bytes: 37213424 add_bytes_allowed: 31696617 is_gc_concurrent: 1 target_footprint_: 17415452 GetBytesAllocated: 10658983 HeapGrowthMultiplier: 3
12-22 17:06:31.939  3316  3561 I com.miui.home: CheckGCForNative gc_urgency 0.883508 current_native_bytes is 166269995 starting_gc_num:29
12-22 17:06:31.940  3316  3561 I com.miui.home: CheckGCForNative adj_start_bytes: 33126642 NativeAllocationGcWatermark: 10565539 java_gc_start_bytes: 17278334 kNewNativeDiscountFactor: 2 kOldNativeDiscountFactor: 65536 old_native_bytes: 129056571 new_native_bytes: 25416944 add_bytes_allowed: 31696617 is_gc_concurrent: 1 target_footprint_: 17415452 GetBytesAllocated: 10658983 HeapGrowthMultiplier: 3
12-22 17:06:31.940  3316  3561 I com.miui.home: CheckGCForNative gc_urgency 0.705457 current_native_bytes is 154473515 starting_gc_num:29
12-22 17:06:31.968  3316  3561 I com.miui.home: CheckGCForNative adj_start_bytes: 33126642 NativeAllocationGcWatermark: 10565539 java_gc_start_bytes: 17278334 kNewNativeDiscountFactor: 2 kOldNativeDiscountFactor: 65536 old_native_bytes: 129056571 new_native_bytes: 26279792 add_bytes_allowed: 31696617 is_gc_concurrent: 1 target_footprint_: 17415452 GetBytesAllocated: 10719231 HeapGrowthMultiplier: 3
12-22 17:06:31.969  3316  3561 I com.miui.home: CheckGCForNative gc_urgency 0.720299 current_native_bytes is 155336363 starting_gc_num:29
12-22 17:06:32.067  3316  3615 I com.miui.home: CheckGCForNative adj_start_bytes: 33126642 NativeAllocationGcWatermark: 10565539 java_gc_start_bytes: 17278334 kNewNativeDiscountFactor: 2 kOldNativeDiscountFactor: 65536 old_native_bytes: 129056571 new_native_bytes: 26451368 add_bytes_allowed: 31696617 is_gc_concurrent: 1 target_footprint_: 17415452 GetBytesAllocated: 10866617 HeapGrowthMultiplier: 3
12-22 17:06:32.067  3316  3615 I com.miui.home: CheckGCForNative gc_urgency 0.727338 current_native_bytes is 155507939 starting_gc_num:29
12-22 17:06:32.121  3316  3681 E cccccc  : createTaskSnapshot:
12-22 17:06:32.121  3316  3681 I cccccc  : getTaskSnapshotInstance:
12-22 17:06:32.199  3316  3561 I com.miui.home: CheckGCForNative adj_start_bytes: 33126642 NativeAllocationGcWatermark: 10565539 java_gc_start_bytes: 17278334 kNewNativeDiscountFactor: 2 kOldNativeDiscountFactor: 65536 old_native_bytes: 129056571 new_native_bytes: 28148224 add_bytes_allowed: 31696617 is_gc_concurrent: 1 target_footprint_: 17415452 GetBytesAllocated: 10986151 HeapGrowthMultiplier: 3
12-22 17:06:32.200  3316  3561 I com.miui.home: CheckGCForNative gc_urgency 0.756558 current_native_bytes is 157204795 starting_gc_num:29
12-22 17:06:32.200  3316  3561 I com.miui.home: CheckGCForNative adj_start_bytes: 33126642 NativeAllocationGcWatermark: 10565539 java_gc_start_bytes: 17278334 kNewNativeDiscountFactor: 2 kOldNativeDiscountFactor: 65536 old_native_bytes: 129056571 new_native_bytes: 29598856 add_bytes_allowed: 31696617 is_gc_concurrent: 1 target_footprint_: 17415452 GetBytesAllocated: 10986151 HeapGrowthMultiplier: 3
12-22 17:06:32.200  3316  3561 I com.miui.home: CheckGCForNative gc_urgency 0.778453 current_native_bytes is 158655427 starting_gc_num:29
12-22 17:06:32.213  3316  3561 I com.miui.home: CheckGCForNative adj_start_bytes: 33126642 NativeAllocationGcWatermark: 10565539 java_gc_start_bytes: 17278334 kNewNativeDiscountFactor: 2 kOldNativeDiscountFactor: 65536 old_native_bytes: 129056571 new_native_bytes: 40614792 add_bytes_allowed: 31696617 is_gc_concurrent: 1 target_footprint_: 17415452 GetBytesAllocated: 11002599 HeapGrowthMultiplier: 3
12-22 17:06:32.213  3316  3561 I com.miui.home: CheckGCForNative gc_urgency 0.94522 current_native_bytes is 169671363 starting_gc_num:29
12-22 17:06:32.533 10417 10417 I wm_on_application_create_called: [0,com.smile.gifmaker,608]
12-22 17:06:32.656 10417 10417 I wm_on_create_called: [0,230342210,com.yxcorp.gifshow.HomeActivity,performCreate,102]
12-22 17:06:32.751 10417 10417 I wm_on_start_called: [0,230342210,com.yxcorp.gifshow.HomeActivity,handleStartActivity,94]
12-22 17:06:32.982  3316  3316 I wm_on_resume_called: [0,92404456,com.miui.home.launcher.Launcher,RESUME_ACTIVITY,19]
12-22 17:06:32.989  3316  3316 I com.miui.home: CheckGCForNative adj_start_bytes: 33126642 NativeAllocationGcWatermark: 10565539 java_gc_start_bytes: 17278334 kNewNativeDiscountFactor: 2 kOldNativeDiscountFactor: 65536 old_native_bytes: 129056571 new_native_bytes: 40521632 add_bytes_allowed: 31696617 is_gc_concurrent: 1 target_footprint_: 17415452 GetBytesAllocated: 11711258 HeapGrowthMultiplier: 3
12-22 17:06:32.989  3316  3316 I com.miui.home: CheckGCForNative gc_urgency 0.965206 current_native_bytes is 169578203 starting_gc_num:29
12-22 17:06:33.001  3316  3316 I wm_on_idle_called: com.miui.home.launcher.Launcher
12-22 17:06:33.041 10417 10417 I wm_on_resume_called: [0,230342210,com.yxcorp.gifshow.HomeActivity,RESUME_ACTIVITY,151]
12-22 17:06:33.092  3316  4016 I com.miui.home: CheckGCForNative adj_start_bytes: 33126642 NativeAllocationGcWatermark: 10565539 java_gc_start_bytes: 17278334 kNewNativeDiscountFactor: 2 kOldNativeDiscountFactor: 65536 old_native_bytes: 129056571 new_native_bytes: 51254028 add_bytes_allowed: 31696617 is_gc_concurrent: 1 target_footprint_: 17415452 GetBytesAllocated: 11873183 HeapGrowthMultiplier: 3
12-22 17:06:33.092  3316  4016 I com.miui.home: CheckGCForNative gc_urgency 1.13208 current_native_bytes is 180310599 starting_gc_num:29
12-22 17:06:33.092  3316  4016 I com.miui.home: CheckGCForNative requested 1
12-22 17:06:33.092  3316  4016 I cccccc  : createTaskSnapshotCompat:
12-22 17:06:33.093  3316  4016 I com.miui.home: CheckGCForNative adj_start_bytes: 33126642 NativeAllocationGcWatermark: 10565539 java_gc_start_bytes: 17278334 kNewNativeDiscountFactor: 2 kOldNativeDiscountFactor: 65536 old_native_bytes: 129056571 new_native_bytes: 61957068 add_bytes_allowed: 31696617 is_gc_concurrent: 1 target_footprint_: 17415452 GetBytesAllocated: 11873375 HeapGrowthMultiplier: 3
12-22 17:06:33.093  3316  4016 I com.miui.home: CheckGCForNative gc_urgency 1.29364 current_native_bytes is 191013639 starting_gc_num:29
12-22 17:06:33.093  3316  4016 I com.miui.home: CheckGCForNative requested 1
12-22 17:06:33.108  3316  3615 I com.miui.home: CheckGCForNative adj_start_bytes: 33126642 NativeAllocationGcWatermark: 10565539 java_gc_start_bytes: 17278334 kNewNativeDiscountFactor: 2 kOldNativeDiscountFactor: 65536 old_native_bytes: 129056571 new_native_bytes: 51287020 add_bytes_allowed: 31696617 is_gc_concurrent: 1 target_footprint_: 17415452 GetBytesAllocated: 11922527 HeapGrowthMultiplier: 3
12-22 17:06:33.108  3316  3615 I com.miui.home: CheckGCForNative gc_urgency 1.13407 current_native_bytes is 180343591 starting_gc_num:29
12-22 17:06:33.108  3316  3615 I com.miui.home: CheckGCForNative requested 1
12-22 17:06:33.255 10417 10417 I wm_on_top_resumed_gained_called: [230342210,com.yxcorp.gifshow.HomeActivity,topStateChangedWhenResumed]
12-22 17:06:33.273 10417 10417 I wm_on_top_resumed_lost_called: [230342210,com.yxcorp.gifshow.HomeActivity,topStateChangedWhenResumed]
12-22 17:06:33.300 10430 10430 I wm_on_application_create_called: [0,com.xiaomi.market,424]
12-22 17:06:33.302  3316  3316 I wm_on_top_resumed_gained_called: [92404456,com.miui.home.launcher.Launcher,topStateChangedWhenResumed]
12-22 17:06:33.476  3316  3615 I com.miui.home: CheckGCForNative adj_start_bytes: 33126642 NativeAllocationGcWatermark: 10565539 java_gc_start_bytes: 17278334 kNewNativeDiscountFactor: 2 kOldNativeDiscountFactor: 65536 old_native_bytes: 129056571 new_native_bytes: 51486932 add_bytes_allowed: 31696617 is_gc_concurrent: 1 target_footprint_: 17415452 GetBytesAllocated: 12777601 HeapGrowthMultiplier: 3
12-22 17:06:33.476  3316  3615 I com.miui.home: CheckGCForNative gc_urgency 1.1629 current_native_bytes is 180543503 starting_gc_num:29
12-22 17:06:33.476  3316  3615 I com.miui.home: CheckGCForNative requested 1
12-22 17:06:33.579  3316  3614 I com.miui.home: CheckGCForNative adj_start_bytes: 33126642 NativeAllocationGcWatermark: 10565539 java_gc_start_bytes: 17278334 kNewNativeDiscountFactor: 2 kOldNativeDiscountFactor: 65536 old_native_bytes: 129056571 new_native_bytes: 62082204 add_bytes_allowed: 31696617 is_gc_concurrent: 1 target_footprint_: 17415452 GetBytesAllocated: 12872594 HeapGrowthMultiplier: 3
12-22 17:06:33.580  3316  3614 I com.miui.home: CheckGCForNative gc_urgency 1.32569 current_native_bytes is 191138775 starting_gc_num:29
12-22 17:06:33.581  3316  3614 I com.miui.home: CheckGCForNative requested 1
12-22 17:06:33.599  3316  3614 I cccccc  : createTaskSnapshotCompat:
12-22 17:06:33.615  3316  3614 I com.miui.home: CheckGCForNative adj_start_bytes: 33126642 NativeAllocationGcWatermark: 10565539 java_gc_start_bytes: 17278334 kNewNativeDiscountFactor: 2 kOldNativeDiscountFactor: 65536 old_native_bytes: 129056571 new_native_bytes: 72787676 add_bytes_allowed: 31696617 is_gc_concurrent: 1 target_footprint_: 17415452 GetBytesAllocated: 12874400 HeapGrowthMultiplier: 3
12-22 17:06:33.615  3316  3614 I com.miui.home: CheckGCForNative gc_urgency 1.48733 current_native_bytes is 201844247 starting_gc_num:29
12-22 17:06:33.615  3316  3614 I com.miui.home: CheckGCForNative requested 1
12-22 17:06:33.687  3316  3368 I com.miui.home: NativeAlloc concurrent copying GC freed 84286(3625KB) AllocSpace objects, 6(240KB) LOS objects, 49% free, 8788KB/17MB, paused 251us,28us total 594.919ms
12-22 17:06:33.895  3316  3316 I wm_on_top_resumed_lost_called: [92404456,com.miui.home.launcher.Launcher,topStateChangedWhenResumed]
12-22 17:06:33.931  3316  3391 D cccccc  : onTaskStackChangedBackground
12-22 17:06:33.932  3316  3998 D cccccc  : onTaskStackChangedBackground
12-22 17:06:34.109  3316  3681 I com.miui.home: CheckGCForNative gc_urgency 0 current_native_bytes is 143734375 starting_gc_num:30
12-22 17:06:34.123  3316  3316 I wm_on_paused_called: [0,92404456,com.miui.home.launcher.Launcher,performPause,3]
12-22 17:06:34.255  3316  3391 D cccccc  : onTaskStackChangedBackground
12-22 17:06:34.256  3316  3391 D cccccc  : onTaskStackChangedBackground
