12-22 17:06:34.315  3316  3681 E cccccc  : createTaskSnapshot:
12-22 17:06:34.315  3316  3681 I cccccc  : getTaskSnapshotInstance:
12-22 17:06:34.407  3316  3681 E cccccc  : createTaskSnapshot:
12-22 17:06:34.407  3316  3681 I cccccc  : getTaskSnapshotInstance:
12-22 17:06:34.428  3316  3681 I com.miui.home: CheckGCForNative adj_start_bytes: 33431368 NativeAllocationGcWatermark: 10638370 java_gc_start_bytes: 17473813 kNewNativeDiscountFactor: 2 kOldNativeDiscountFactor: 65536 old_native_bytes: 143734375 new_native_bytes: 10849296 add_bytes_allowed: 31915110 is_gc_concurrent: 1 target_footprint_: 17998101 GetBytesAllocated: 10208199 HeapGrowthMultiplier: 3
12-22 17:06:34.428  3316  3681 I com.miui.home: CheckGCForNative gc_urgency 0.467676 current_native_bytes is 154583671 starting_gc_num:30
12-22 17:06:34.489  3316  3615 I com.miui.home: CheckGCForNative adj_start_bytes: 33431368 NativeAllocationGcWatermark: 10638370 java_gc_start_bytes: 17473813 kNewNativeDiscountFactor: 2 kOldNativeDiscountFactor: 65536 old_native_bytes: 143734375 new_native_bytes: 216192 add_bytes_allowed: 31915110 is_gc_concurrent: 1 target_footprint_: 17998101 GetBytesAllocated: 10300543 HeapGrowthMultiplier: 3
12-22 17:06:34.489  3316  3615 I com.miui.home: CheckGCForNative gc_urgency 0.311409 current_native_bytes is 143950567 starting_gc_num:30
12-22 17:06:34.800  3316  3681 I com.miui.home: CheckGCForNative adj_start_bytes: 33431368 NativeAllocationGcWatermark: 10638370 java_gc_start_bytes: 17473813 kNewNativeDiscountFactor: 2 kOldNativeDiscountFactor: 65536 old_native_bytes: 143734375 new_native_bytes: 261076 add_bytes_allowed: 31915110 is_gc_concurrent: 1 target_footprint_: 17998101 GetBytesAllocated: 10669927 HeapGrowthMultiplier: 3
12-22 17:06:34.800  3316  3681 I com.miui.home: CheckGCForNative gc_urgency 0.323129 current_native_bytes is 143995451 starting_gc_num:30
12-22 17:06:35.097  3316  3681 E cccccc  : createTaskSnapshot:
12-22 17:06:35.098  3316  3681 I cccccc  : getTaskSnapshotInstance:
12-22 17:06:35.191 10939 10939 I wm_on_create_called: [0,79704093,com.xunmeng.pinduoduo.ui.activity.MainFrameActivity,performCreate,62]
12-22 17:06:35.239 10417 10417 I wm_on_paused_called: [0,230342210,com.yxcorp.gifshow.HomeActivity,performPause,18]
12-22 17:06:35.302 10417 10417 I wm_on_stop_called: [0,230342210,com.yxcorp.gifshow.HomeActivity,STOP_ACTIVITY_ITEM,34]
12-22 17:06:35.321  3316  4016 D cccccc  : onTaskStackChangedBackground
12-22 17:06:35.321  3316  3376 D cccccc  : onTaskStackChangedBackground
12-22 17:06:35.368 10939 10939 I wm_on_create_called: [0,12485812,com.xunmeng.pinduoduo.ui.activity.HomeActivity,performCreate,142]
12-22 17:06:35.396 10939 10939 I wm_on_start_called: [0,12485812,com.xunmeng.pinduoduo.ui.activity.HomeActivity,handleStartActivity,28]
12-22 17:06:35.411 10939 10939 I wm_on_resume_called: [0,12485812,com.xunmeng.pinduoduo.ui.activity.HomeActivity,RESUME_ACTIVITY,5]
12-22 17:06:35.432  3316  3681 I com.miui.home: CheckGCForNative adj_start_bytes: 33431368 NativeAllocationGcWatermark: 10638370 java_gc_start_bytes: 17473813 kNewNativeDiscountFactor: 2 kOldNativeDiscountFactor: 65536 old_native_bytes: 143734375 new_native_bytes: 268016 add_bytes_allowed: 31915110 is_gc_concurrent: 1 target_footprint_: 17998101 GetBytesAllocated: 11316130 HeapGrowthMultiplier: 3
12-22 17:06:35.432  3316  3681 I com.miui.home: CheckGCForNative gc_urgency 0.342562 current_native_bytes is 144002391 starting_gc_num:30
12-22 17:06:35.510 10939 10939 I wm_on_top_resumed_gained_called: [12485812,com.xunmeng.pinduoduo.ui.activity.HomeActivity,topStateChangedWhenResumed]
12-22 17:06:35.594  3316  3681 E cccccc  : createTaskSnapshot:
12-22 17:06:35.594  3316  3681 I cccccc  : getTaskSnapshotInstance:
12-22 17:06:35.632 10417 10417 I wm_on_idle_called: com.yxcorp.gifshow.HomeActivity
12-22 17:06:35.647 10999 10999 I wm_on_application_create_called: [0,com.xiaomi.mi_connect_service,348]
12-22 17:06:35.700  3316  3316 I wm_on_stop_called: [0,92404456,com.miui.home.launcher.Launcher,STOP_ACTIVITY_ITEM,37]
12-22 17:06:35.756  3316  3316 I wm_on_restart_called: [0,92404456,com.miui.home.launcher.Launcher,,0]
12-22 17:06:35.758  3316  3316 I wm_on_start_called: [0,92404456,com.miui.home.launcher.Launcher,handleStartActivity,2]
12-22 17:06:35.780  3316  3316 I wm_on_resume_called: [0,92404456,com.miui.home.launcher.Launcher,RESUME_ACTIVITY,20]
12-22 17:06:35.818  3316  3316 I com.miui.home: CheckGCForNative adj_start_bytes: 33431368 NativeAllocationGcWatermark: 10638370 java_gc_start_bytes: 17473813 kNewNativeDiscountFactor: 2 kOldNativeDiscountFactor: 65536 old_native_bytes: 143734375 new_native_bytes: 829780 add_bytes_allowed: 31915110 is_gc_concurrent: 1 target_footprint_: 17998101 GetBytesAllocated: 12512727 HeapGrowthMultiplier: 3
12-22 17:06:35.818  3316  3316 I com.miui.home: CheckGCForNative gc_urgency 0.386757 current_native_bytes is 144564155 starting_gc_num:30
12-22 17:06:35.880  3316  3316 I wm_on_idle_called: com.miui.home.launcher.Launcher
12-22 17:06:36.122  3316  4016 I com.miui.home: CheckGCForNative adj_start_bytes: 33431368 NativeAllocationGcWatermark: 10638370 java_gc_start_bytes: 17473813 kNewNativeDiscountFactor: 2 kOldNativeDiscountFactor: 65536 old_native_bytes: 143734375 new_native_bytes: 11771292 add_bytes_allowed: 31915110 is_gc_concurrent: 1 target_footprint_: 17998101 GetBytesAllocated: 12656097 HeapGrowthMultiplier: 3
12-22 17:06:36.122  3316  4016 I com.miui.home: CheckGCForNative gc_urgency 0.554687 current_native_bytes is 155505667 starting_gc_num:30
12-22 17:06:36.122  3316  4016 I cccccc  : createTaskSnapshotCompat:
12-22 17:06:36.123  3316  4016 I com.miui.home: CheckGCForNative adj_start_bytes: 33431368 NativeAllocationGcWatermark: 10638370 java_gc_start_bytes: 17473813 kNewNativeDiscountFactor: 2 kOldNativeDiscountFactor: 65536 old_native_bytes: 143734375 new_native_bytes: 22478268 add_bytes_allowed: 31915110 is_gc_concurrent: 1 target_footprint_: 17998101 GetBytesAllocated: 12656289 HeapGrowthMultiplier: 3
12-22 17:06:36.123  3316  4016 I com.miui.home: CheckGCForNative gc_urgency 0.714826 current_native_bytes is 166212643 starting_gc_num:30
12-22 17:06:36.251  3316  3316 I wm_on_top_resumed_gained_called: [92404456,com.miui.home.launcher.Launcher,topStateChangedWhenResumed]
12-22 17:06:36.416  3316  3615 I com.miui.home: CheckGCForNative adj_start_bytes: 33431368 NativeAllocationGcWatermark: 10638370 java_gc_start_bytes: 17473813 kNewNativeDiscountFactor: 2 kOldNativeDiscountFactor: 65536 old_native_bytes: 143734375 new_native_bytes: 11819644 add_bytes_allowed: 31915110 is_gc_concurrent: 1 target_footprint_: 17998101 GetBytesAllocated: 12796740 HeapGrowthMultiplier: 3
12-22 17:06:36.416  3316  3615 I com.miui.home: CheckGCForNative gc_urgency 0.559617 current_native_bytes is 155554019 starting_gc_num:30
12-22 17:06:36.587 10939 10939 I wm_on_destroy_called: [0,79704093,com.xunmeng.pinduoduo.ui.activity.MainFrameActivity,performDestroy,173]
12-22 17:06:36.601  3316  3614 I com.miui.home: CheckGCForNative adj_start_bytes: 33431368 NativeAllocationGcWatermark: 10638370 java_gc_start_bytes: 17473813 kNewNativeDiscountFactor: 2 kOldNativeDiscountFactor: 65536 old_native_bytes: 143734375 new_native_bytes: 22515692 add_bytes_allowed: 31915110 is_gc_concurrent: 1 target_footprint_: 17998101 GetBytesAllocated: 12870558 HeapGrowthMultiplier: 3
12-22 17:06:36.602  3316  3614 I com.miui.home: CheckGCForNative gc_urgency 0.721795 current_native_bytes is 166250067 starting_gc_num:30
12-22 17:06:36.606 10939 10939 I wm_on_top_resumed_lost_called: [12485812,com.xunmeng.pinduoduo.ui.activity.HomeActivity,topStateChangedWhenResumed]
12-22 17:06:36.610  3316  3614 I cccccc  : createTaskSnapshotCompat:
12-22 17:06:36.614  3316  3614 I com.miui.home: CheckGCForNative adj_start_bytes: 33431368 NativeAllocationGcWatermark: 10638370 java_gc_start_bytes: 17473813 kNewNativeDiscountFactor: 2 kOldNativeDiscountFactor: 65536 old_native_bytes: 143734375 new_native_bytes: 33220972 add_bytes_allowed: 31915110 is_gc_concurrent: 1 target_footprint_: 17998101 GetBytesAllocated: 12883204 HeapGrowthMultiplier: 3
12-22 17:06:36.614  3316  3614 I com.miui.home: CheckGCForNative gc_urgency 0.882282 current_native_bytes is 176955347 starting_gc_num:30
12-22 17:06:36.671  3316  3316 I com.miui.home: CheckGCForNative adj_start_bytes: 33431368 NativeAllocationGcWatermark: 10638370 java_gc_start_bytes: 17473813 kNewNativeDiscountFactor: 2 kOldNativeDiscountFactor: 65536 old_native_bytes: 143734375 new_native_bytes: 22572428 add_bytes_allowed: 31915110 is_gc_concurrent: 1 target_footprint_: 17998101 GetBytesAllocated: 12895864 HeapGrowthMultiplier: 3
12-22 17:06:36.671  3316  3316 I com.miui.home: CheckGCForNative gc_urgency 0.723401 current_native_bytes is 166306803 starting_gc_num:30
12-22 17:06:36.829  3316  3316 I wm_on_top_resumed_lost_called: [92404456,com.miui.home.launcher.Launcher,topStateChangedWhenResumed]
12-22 17:06:36.869  3316  3389 D cccccc  : onTaskStackChangedBackground
12-22 17:06:36.870  3316  3389 D cccccc  : onTaskStackChangedBackground
12-22 17:06:37.158  3316  3316 I wm_on_paused_called: [0,92404456,com.miui.home.launcher.Launcher,performPause,3]
12-22 17:06:37.168 10939 10939 I wm_on_paused_called: [0,12485812,com.xunmeng.pinduoduo.ui.activity.HomeActivity,performPause,97]
12-22 17:06:37.262  3316  3391 D cccccc  : onTaskStackChangedBackground
12-22 17:06:37.263  3316  3389 D cccccc  : onTaskStackChangedBackground
12-22 17:06:37.268  3316  3602 I com.miui.home: CheckGCForNative adj_start_bytes: 33431368 NativeAllocationGcWatermark: 10638370 java_gc_start_bytes: 17473813 kNewNativeDiscountFactor: 2 kOldNativeDiscountFactor: 65536 old_native_bytes: 143734375 new_native_bytes: 22847192 add_bytes_allowed: 31915110 is_gc_concurrent: 1 target_footprint_: 17998101 GetBytesAllocated: 13978476 HeapGrowthMultiplier: 3
12-22 17:06:37.269  3316  3602 I com.miui.home: CheckGCForNative gc_urgency 0.759893 current_native_bytes is 166581567 starting_gc_num:30
12-22 17:06:37.282  3316  3681 E cccccc  : createTaskSnapshot:
12-22 17:06:37.282  3316  3681 I cccccc  : getTaskSnapshotInstance:
12-22 17:06:37.293  3316  3681 E cccccc  : createTaskSnapshot:
12-22 17:06:37.293  3316  3681 I cccccc  : getTaskSnapshotInstance:
12-22 17:06:37.299  3316  3681 I com.miui.home: CheckGCForNative adj_start_bytes: 33431368 NativeAllocationGcWatermark: 10638370 java_gc_start_bytes: 17473813 kNewNativeDiscountFactor: 2 kOldNativeDiscountFactor: 65536 old_native_bytes: 143734375 new_native_bytes: 33639624 add_bytes_allowed: 31915110 is_gc_concurrent: 1 target_footprint_: 17998101 GetBytesAllocated: 14006386 HeapGrowthMultiplier: 3
12-22 17:06:37.299  3316  3681 I com.miui.home: CheckGCForNative gc_urgency 0.92214 current_native_bytes is 177373999 starting_gc_num:30
12-22 17:06:37.660  3316  3681 E cccccc  : createTaskSnapshot:
12-22 17:06:37.661  3316  3681 I cccccc  : getTaskSnapshotInstance:
12-22 17:06:37.688  3316  3553 I com.miui.home: CheckGCForNative adj_start_bytes: 33431368 NativeAllocationGcWatermark: 10638370 java_gc_start_bytes: 17473813 kNewNativeDiscountFactor: 2 kOldNativeDiscountFactor: 65536 old_native_bytes: 143734375 new_native_bytes: 23449532 add_bytes_allowed: 31915110 is_gc_concurrent: 1 target_footprint_: 17998101 GetBytesAllocated: 14817520 HeapGrowthMultiplier: 3
12-22 17:06:37.688  3316  3553 I com.miui.home: CheckGCForNative gc_urgency 0.793999 current_native_bytes is 167183907 starting_gc_num:30
12-22 17:06:37.736  3316  3561 I com.miui.home: CheckGCForNative adj_start_bytes: 33431368 NativeAllocationGcWatermark: 10638370 java_gc_start_bytes: 17473813 kNewNativeDiscountFactor: 2 kOldNativeDiscountFactor: 65536 old_native_bytes: 143734375 new_native_bytes: 24853804 add_bytes_allowed: 31915110 is_gc_concurrent: 1 target_footprint_: 17998101 GetBytesAllocated: 14841559 HeapGrowthMultiplier: 3
12-22 17:06:37.736  3316  3561 I com.miui.home: CheckGCForNative gc_urgency 0.815721 current_native_bytes is 168588179 starting_gc_num:30
12-22 17:06:37.741  3316  3561 I com.miui.home: CheckGCForNative adj_start_bytes: 33431368 NativeAllocationGcWatermark: 10638370 java_gc_start_bytes: 17473813 kNewNativeDiscountFactor: 2 kOldNativeDiscountFactor: 65536 old_native_bytes: 143734375 new_native_bytes: 25253036 add_bytes_allowed: 31915110 is_gc_concurrent: 1 target_footprint_: 17998101 GetBytesAllocated: 14841559 HeapGrowthMultiplier: 3
12-22 17:06:37.741  3316  3561 I com.miui.home: CheckGCForNative gc_urgency 0.821691 current_native_bytes is 168987411 starting_gc_num:30
12-22 17:06:37.743  3316  3553 I com.miui.home: CheckGCForNative adj_start_bytes: 33431368 NativeAllocationGcWatermark: 10638370 java_gc_start_bytes: 17473813 kNewNativeDiscountFactor: 2 kOldNativeDiscountFactor: 65536 old_native_bytes: 143734375 new_native_bytes: 24569860 add_bytes_allowed: 31915110 is_gc_concurrent: 1 target_footprint_: 17998101 GetBytesAllocated: 14850982 HeapGrowthMultiplier: 3
12-22 17:06:37.743  3316  3553 I com.miui.home: CheckGCForNative gc_urgency 0.811756 current_native_bytes is 168304235 starting_gc_num:30
12-22 17:06:37.899  3316  3316 I com.miui.home: CheckGCForNative adj_start_bytes: 33431368 NativeAllocationGcWatermark: 10638370 java_gc_start_bytes: 17473813 kNewNativeDiscountFactor: 2 kOldNativeDiscountFactor: 65536 old_native_bytes: 143734375 new_native_bytes: 24856236 add_bytes_allowed: 31915110 is_gc_concurrent: 1 target_footprint_: 17998101 GetBytesAllocated: 14985391 HeapGrowthMultiplier: 3
12-22 17:06:37.899  3316  3316 I com.miui.home: CheckGCForNative gc_urgency 0.820059 current_native_bytes is 168590611 starting_gc_num:30
12-22 17:06:38.020  3316  3615 I com.miui.home: CheckGCForNative adj_start_bytes: 33431368 NativeAllocationGcWatermark: 10638370 java_gc_start_bytes: 17473813 kNewNativeDiscountFactor: 2 kOldNativeDiscountFactor: 65536 old_native_bytes: 143734375 new_native_bytes: 24702164 add_bytes_allowed: 31915110 is_gc_concurrent: 1 target_footprint_: 17998101 GetBytesAllocated: 15074340 HeapGrowthMultiplier: 3
12-22 17:06:38.020  3316  3615 I com.miui.home: CheckGCForNative gc_urgency 0.820416 current_native_bytes is 168436539 starting_gc_num:30
12-22 17:06:38.113 10939 10939 I wm_on_stop_called: [0,12485812,com.xunmeng.pinduoduo.ui.activity.HomeActivity,STOP_ACTIVITY_ITEM,88]
12-22 17:06:38.295 10939 10939 I wm_on_idle_called: com.xunmeng.pinduoduo.ui.activity.HomeActivity
12-22 17:06:38.313  3316  3316 I wm_on_stop_called: [0,92404456,com.miui.home.launcher.Launcher,STOP_ACTIVITY_ITEM,10]
12-22 17:06:38.581  3316  3614 I com.miui.home: CheckGCForNative adj_start_bytes: 33431368 NativeAllocationGcWatermark: 10638370 java_gc_start_bytes: 17473813 kNewNativeDiscountFactor: 2 kOldNativeDiscountFactor: 65536 old_native_bytes: 143734375 new_native_bytes: 24547120 add_bytes_allowed: 31915110 is_gc_concurrent: 1 target_footprint_: 17998101 GetBytesAllocated: 15775565 HeapGrowthMultiplier: 3
12-22 17:06:38.581  3316  3614 I com.miui.home: CheckGCForNative gc_urgency 0.839072 current_native_bytes is 168281495 starting_gc_num:30
12-22 17:06:38.606  3316  3316 I wm_on_restart_called: [0,92404456,com.miui.home.launcher.Launcher,,0]
12-22 17:06:38.607  3316  3316 I wm_on_start_called: [0,92404456,com.miui.home.launcher.Launcher,handleStartActivity,2]
12-22 17:06:38.629  3316  3316 I wm_on_resume_called: [0,92404456,com.miui.home.launcher.Launcher,RESUME_ACTIVITY,20]
12-22 17:06:38.713  3316  3316 I wm_on_idle_called: com.miui.home.launcher.Launcher
12-22 17:06:38.974  3316  3391 I com.miui.home: CheckGCForNative adj_start_bytes: 33431368 NativeAllocationGcWatermark: 10638370 java_gc_start_bytes: 17473813 kNewNativeDiscountFactor: 2 kOldNativeDiscountFactor: 65536 old_native_bytes: 143734375 new_native_bytes: 35327352 add_bytes_allowed: 31915110 is_gc_concurrent: 1 target_footprint_: 17998101 GetBytesAllocated: 16724813 HeapGrowthMultiplier: 3
12-22 17:06:38.974  3316  3391 I com.miui.home: CheckGCForNative gc_urgency 1.02869 current_native_bytes is 179061727 starting_gc_num:30
12-22 17:06:38.974  3316  3391 I com.miui.home: CheckGCForNative requested 1
12-22 17:06:38.979  3316  3391 I cccccc  : createTaskSnapshotCompat:
12-22 17:06:38.990  3316  3391 I com.miui.home: CheckGCForNative adj_start_bytes: 33431368 NativeAllocationGcWatermark: 10638370 java_gc_start_bytes: 17473813 kNewNativeDiscountFactor: 2 kOldNativeDiscountFactor: 65536 old_native_bytes: 143734375 new_native_bytes: 46001720 add_bytes_allowed: 31915110 is_gc_concurrent: 1 target_footprint_: 17998101 GetBytesAllocated: 16729735 HeapGrowthMultiplier: 3
12-22 17:06:38.990  3316  3391 I com.miui.home: CheckGCForNative gc_urgency 1.18849 current_native_bytes is 189736095 starting_gc_num:30
12-22 17:06:38.990  3316  3391 I com.miui.home: CheckGCForNative requested 1
12-22 17:06:39.102  3316  3316 I wm_on_top_resumed_gained_called: [92404456,com.miui.home.launcher.Launcher,topStateChangedWhenResumed]
12-22 17:06:39.190  3316  3615 I com.miui.home: CheckGCForNative adj_start_bytes: 33431368 NativeAllocationGcWatermark: 10638370 java_gc_start_bytes: 17473813 kNewNativeDiscountFactor: 2 kOldNativeDiscountFactor: 65536 old_native_bytes: 143734375 new_native_bytes: 35282392 add_bytes_allowed: 31915110 is_gc_concurrent: 1 target_footprint_: 17998101 GetBytesAllocated: 16859804 HeapGrowthMultiplier: 3
12-22 17:06:39.190  3316  3615 I com.miui.home: CheckGCForNative gc_urgency 1.03206 current_native_bytes is 179016767 starting_gc_num:30
12-22 17:06:39.190  3316  3615 I com.miui.home: CheckGCForNative requested 1
12-22 17:06:39.349  3316  3368 I com.miui.home: NativeAlloc concurrent copying GC freed 168339(7323KB) AllocSpace objects, 24(672KB) LOS objects, 49% free, 8514KB/16MB, paused 1.079ms,80us total 374.485ms
12-22 17:06:39.477  3316  3614 I cccccc  : createTaskSnapshotCompat:
12-22 17:06:39.861  3316  3316 I wm_on_top_resumed_lost_called: [92404456,com.miui.home.launcher.Launcher,topStateChangedWhenResumed]
12-22 17:06:39.884 11390 11390 I wm_on_application_create_called: [0,com.tencent.qqlive,546]
12-22 17:06:39.936  3316 10560 D cccccc  : onTaskStackChangedBackground
12-22 17:06:39.937  3316 10560 D cccccc  : onTaskStackChangedBackground
12-22 17:06:39.981  3316  3316 I wm_on_paused_called: [0,92404456,com.miui.home.launcher.Launcher,performPause,2]
12-22 17:06:40.112  3316  3681 I com.miui.home: CheckGCForNative gc_urgency 0 current_native_bytes is 131433935 starting_gc_num:31
12-22 17:06:40.117  3316  3681 I com.miui.home: CheckGCForNative adj_start_bytes: 33108625 NativeAllocationGcWatermark: 10568239 java_gc_start_bytes: 17256267 kNewNativeDiscountFactor: 2 kOldNativeDiscountFactor: 65536 old_native_bytes: 131433935 new_native_bytes: 43068 add_bytes_allowed: 31704717 is_gc_concurrent: 1 target_footprint_: 17437052 GetBytesAllocated: 9751209 HeapGrowthMultiplier: 3
12-22 17:06:40.117  3316  3681 I com.miui.home: CheckGCForNative gc_urgency 0.295233 current_native_bytes is 131477003 starting_gc_num:31
12-22 17:06:40.191  3316 10560 D cccccc  : onTaskStackChangedBackground
12-22 17:06:40.198  3316  3376 D cccccc  : onTaskStackChangedBackground
12-22 17:06:40.401  3316  3681 E cccccc  : createTaskSnapshot:
12-22 17:06:40.401  3316  3681 I cccccc  : getTaskSnapshotInstance:
12-22 17:06:40.429  3316  3681 E cccccc  : createTaskSnapshot:
12-22 17:06:40.429  3316  3681 I cccccc  : getTaskSnapshotInstance:
12-22 17:06:40.430  3316  3681 I com.miui.home: CheckGCForNative adj_start_bytes: 33108625 NativeAllocationGcWatermark: 10568239 java_gc_start_bytes: 17256267 kNewNativeDiscountFactor: 2 kOldNativeDiscountFactor: 65536 old_native_bytes: 131433935 new_native_bytes: 11275404 add_bytes_allowed: 31704717 is_gc_concurrent: 1 target_footprint_: 17437052 GetBytesAllocated: 10168325 HeapGrowthMultiplier: 3
12-22 17:06:40.430  3316  3681 I com.miui.home: CheckGCForNative gc_urgency 0.47746 current_native_bytes is 142709339 starting_gc_num:31
12-22 17:06:40.470  3316  3615 I com.miui.home: CheckGCForNative adj_start_bytes: 33108625 NativeAllocationGcWatermark: 10568239 java_gc_start_bytes: 17256267 kNewNativeDiscountFactor: 2 kOldNativeDiscountFactor: 65536 old_native_bytes: 131433935 new_native_bytes: 574540 add_bytes_allowed: 31704717 is_gc_concurrent: 1 target_footprint_: 17437052 GetBytesAllocated: 10178056 HeapGrowthMultiplier: 3
12-22 17:06:40.470  3316  3615 I com.miui.home: CheckGCForNative gc_urgency 0.316151 current_native_bytes is 132008475 starting_gc_num:31
12-22 17:06:40.726 11390 11390 I wm_on_create_called: [0,83478329,com.tencent.qqlive.ona.activity.SplashHomeActivity,performCreate,149]
12-22 17:06:40.749  3316  3615 I com.miui.home: CheckGCForNative adj_start_bytes: 33108625 NativeAllocationGcWatermark: 10568239 java_gc_start_bytes: 17256267 kNewNativeDiscountFactor: 2 kOldNativeDiscountFactor: 65536 old_native_bytes: 131433935 new_native_bytes: 821720 add_bytes_allowed: 31704717 is_gc_concurrent: 1 target_footprint_: 17437052 GetBytesAllocated: 10805512 HeapGrowthMultiplier: 3
12-22 17:06:40.749  3316  3615 I com.miui.home: CheckGCForNative gc_urgency 0.338892 current_native_bytes is 132255655 starting_gc_num:31
12-22 17:06:40.759 11390 11390 I wm_on_start_called: [0,83478329,com.tencent.qqlive.ona.activity.SplashHomeActivity,handleStartActivity,29]
12-22 17:06:40.765  3316  3681 E cccccc  : createTaskSnapshot:
12-22 17:06:40.765  3316  3681 I cccccc  : getTaskSnapshotInstance:
12-22 17:06:40.840 11390 11390 I wm_on_resume_called: [0,83478329,com.tencent.qqlive.ona.activity.SplashHomeActivity,RESUME_ACTIVITY,72]
12-22 17:06:40.965 11390 11390 I wm_on_top_resumed_gained_called: [83478329,com.tencent.qqlive.ona.activity.SplashHomeActivity,topStateChangedWhenResumed]
12-22 17:06:40.972 11390 11390 I wm_on_top_resumed_lost_called: [83478329,com.tencent.qqlive.ona.activity.SplashHomeActivity,topStateChangedWhenResumed]
12-22 17:06:41.117 11390 11390 I wm_on_paused_called: [0,83478329,com.tencent.qqlive.ona.activity.SplashHomeActivity,performPause,128]
12-22 17:06:41.201 11967 11967 I wm_on_create_called: [0,227956823,com.tencent.mobileqq.activity.SplashActivity,performCreate,134]
12-22 17:06:41.201 11390 11390 I wm_on_stop_called: [0,83478329,com.tencent.qqlive.ona.activity.SplashHomeActivity,STOP_ACTIVITY_ITEM,79]
12-22 17:06:41.210 11967 11967 I wm_on_start_called: [0,227956823,com.tencent.mobileqq.activity.SplashActivity,handleStartActivity,3]
12-22 17:06:41.225 11967 11967 I wm_on_resume_called: [0,227956823,com.tencent.mobileqq.activity.SplashActivity,RESUME_ACTIVITY,13]
12-22 17:06:41.257 11967 11967 I wm_on_top_resumed_gained_called: [227956823,com.tencent.mobileqq.activity.SplashActivity,topStateChangedWhenResumed]
12-22 17:06:41.383  3316  3614 I com.miui.home: CheckGCForNative adj_start_bytes: 33108625 NativeAllocationGcWatermark: 10568239 java_gc_start_bytes: 17256267 kNewNativeDiscountFactor: 2 kOldNativeDiscountFactor: 65536 old_native_bytes: 131433935 new_native_bytes: 457716 add_bytes_allowed: 31704717 is_gc_concurrent: 1 target_footprint_: 17437052 GetBytesAllocated: 11397685 HeapGrowthMultiplier: 3
12-22 17:06:41.383  3316  3614 I com.miui.home: CheckGCForNative gc_urgency 0.351224 current_native_bytes is 131891651 starting_gc_num:31
12-22 17:06:41.494  3316  3316 I wm_on_resume_called: [0,92404456,com.miui.home.launcher.Launcher,RESUME_ACTIVITY,18]
12-22 17:06:41.510  3316  3316 I wm_on_idle_called: com.miui.home.launcher.Launcher
12-22 17:06:41.628 11967 11967 I wm_on_top_resumed_lost_called: [227956823,com.tencent.mobileqq.activity.SplashActivity,topStateChangedWhenResumed]
12-22 17:06:41.639  3316  3316 I wm_on_top_resumed_gained_called: [92404456,com.miui.home.launcher.Launcher,topStateChangedWhenResumed]
12-22 17:06:41.644  3316 10560 I com.miui.home: CheckGCForNative adj_start_bytes: 33108625 NativeAllocationGcWatermark: 10568239 java_gc_start_bytes: 17256267 kNewNativeDiscountFactor: 2 kOldNativeDiscountFactor: 65536 old_native_bytes: 131433935 new_native_bytes: 11225372 add_bytes_allowed: 31704717 is_gc_concurrent: 1 target_footprint_: 17437052 GetBytesAllocated: 12027515 HeapGrowthMultiplier: 3
12-22 17:06:41.644  3316 10560 I com.miui.home: CheckGCForNative gc_urgency 0.532858 current_native_bytes is 142659307 starting_gc_num:31
12-22 17:06:41.645  3316 10560 I cccccc  : createTaskSnapshotCompat:
12-22 17:06:41.649  3316 10560 I com.miui.home: CheckGCForNative adj_start_bytes: 33108625 NativeAllocationGcWatermark: 10568239 java_gc_start_bytes: 17256267 kNewNativeDiscountFactor: 2 kOldNativeDiscountFactor: 65536 old_native_bytes: 131433935 new_native_bytes: 21932316 add_bytes_allowed: 31704717 is_gc_concurrent: 1 target_footprint_: 17437052 GetBytesAllocated: 12027707 HeapGrowthMultiplier: 3
12-22 17:06:41.649  3316 10560 I com.miui.home: CheckGCForNative gc_urgency 0.694558 current_native_bytes is 153366251 starting_gc_num:31
12-22 17:06:41.701 11967 11967 I wm_on_idle_called: com.tencent.mobileqq.activity.SplashActivity
12-22 17:06:41.862  3316  3615 I com.miui.home: CheckGCForNative adj_start_bytes: 33108625 NativeAllocationGcWatermark: 10568239 java_gc_start_bytes: 17256267 kNewNativeDiscountFactor: 2 kOldNativeDiscountFactor: 65536 old_native_bytes: 131433935 new_native_bytes: 11323420 add_bytes_allowed: 31704717 is_gc_concurrent: 1 target_footprint_: 17437052 GetBytesAllocated: 12527353 HeapGrowthMultiplier: 3
12-22 17:06:41.862  3316  3615 I com.miui.home: CheckGCForNative gc_urgency 0.549436 current_native_bytes is 142757355 starting_gc_num:31
12-22 17:06:41.934 11967 11967 I wm_on_paused_called: [0,227956823,com.tencent.mobileqq.activity.SplashActivity,performPause,3]
12-22 17:06:42.021 11967 11967 I wm_on_create_called: [0,216215671,com.tencent.mobileqq.activity.LoginActivity,performCreate,50]
12-22 17:06:42.059  3316  3376 D cccccc  : onTaskStackChangedBackground
12-22 17:06:42.060  3316  3391 D cccccc  : onTaskStackChangedBackground
12-22 17:06:42.092 11967 11967 I wm_on_start_called: [0,216215671,com.tencent.mobileqq.activity.LoginActivity,handleStartActivity,71]
12-22 17:06:42.103 11967 11967 I wm_on_resume_called: [0,216215671,com.tencent.mobileqq.activity.LoginActivity,RESUME_ACTIVITY,8]
12-22 17:06:42.108  3316  3615 I com.miui.home: CheckGCForNative adj_start_bytes: 33108625 NativeAllocationGcWatermark: 10568239 java_gc_start_bytes: 17256267 kNewNativeDiscountFactor: 2 kOldNativeDiscountFactor: 65536 old_native_bytes: 131433935 new_native_bytes: 11288428 add_bytes_allowed: 31704717 is_gc_concurrent: 1 target_footprint_: 17437052 GetBytesAllocated: 12798370 HeapGrowthMultiplier: 3
12-22 17:06:42.108  3316  3615 I com.miui.home: CheckGCForNative gc_urgency 0.557093 current_native_bytes is 142722363 starting_gc_num:31
12-22 17:06:42.128 11967 11967 I wm_on_stop_called: [0,227956823,com.tencent.mobileqq.activity.SplashActivity,LIFECYCLER_STOP_ACTIVITY,4]
12-22 17:06:42.136  3316  3614 I com.miui.home: CheckGCForNative adj_start_bytes: 33108625 NativeAllocationGcWatermark: 10568239 java_gc_start_bytes: 17256267 kNewNativeDiscountFactor: 2 kOldNativeDiscountFactor: 65536 old_native_bytes: 131433935 new_native_bytes: 21961836 add_bytes_allowed: 31704717 is_gc_concurrent: 1 target_footprint_: 17437052 GetBytesAllocated: 12829200 HeapGrowthMultiplier: 3
12-22 17:06:42.136  3316  3614 I com.miui.home: CheckGCForNative gc_urgency 0.719212 current_native_bytes is 153395771 starting_gc_num:31
12-22 17:06:42.136  3316  3614 I cccccc  : createTaskSnapshotCompat:
12-22 17:06:42.138 11967 11967 I wm_on_destroy_called: [0,227956823,com.tencent.mobileqq.activity.SplashActivity,performDestroy,8]
12-22 17:06:42.164  3316  3614 I com.miui.home: CheckGCForNative adj_start_bytes: 33108625 NativeAllocationGcWatermark: 10568239 java_gc_start_bytes: 17256267 kNewNativeDiscountFactor: 2 kOldNativeDiscountFactor: 65536 old_native_bytes: 131433935 new_native_bytes: 32668908 add_bytes_allowed: 31704717 is_gc_concurrent: 1 target_footprint_: 17437052 GetBytesAllocated: 12833026 HeapGrowthMultiplier: 3
12-22 17:06:42.164  3316  3614 I com.miui.home: CheckGCForNative gc_urgency 0.881024 current_native_bytes is 164102843 starting_gc_num:31
12-22 17:06:42.270  3316  3681 I com.miui.home: CheckGCForNative adj_start_bytes: 33108625 NativeAllocationGcWatermark: 10568239 java_gc_start_bytes: 17256267 kNewNativeDiscountFactor: 2 kOldNativeDiscountFactor: 65536 old_native_bytes: 131433935 new_native_bytes: 22250896 add_bytes_allowed: 31704717 is_gc_concurrent: 1 target_footprint_: 17437052 GetBytesAllocated: 13262724 HeapGrowthMultiplier: 3
12-22 17:06:42.270  3316  3681 I com.miui.home: CheckGCForNative gc_urgency 0.736671 current_native_bytes is 153684831 starting_gc_num:31
12-22 17:06:42.449  3316  3681 E cccccc  : createTaskSnapshot:
12-22 17:06:42.449  3316  3681 I cccccc  : getTaskSnapshotInstance:
12-22 17:06:42.450  3316  3681 I com.miui.home: CheckGCForNative adj_start_bytes: 33108625 NativeAllocationGcWatermark: 10568239 java_gc_start_bytes: 17256267 kNewNativeDiscountFactor: 2 kOldNativeDiscountFactor: 65536 old_native_bytes: 131433935 new_native_bytes: 33113776 add_bytes_allowed: 31704717 is_gc_concurrent: 1 target_footprint_: 17437052 GetBytesAllocated: 13536140 HeapGrowthMultiplier: 3
12-22 17:06:42.450  3316  3681 I com.miui.home: CheckGCForNative gc_urgency 0.908979 current_native_bytes is 164547711 starting_gc_num:31
12-22 17:06:42.534 11967 11967 I wm_on_paused_called: [0,216215671,com.tencent.mobileqq.activity.LoginActivity,performPause,2]
12-22 17:06:42.578 11967 11967 I wm_on_stop_called: [0,216215671,com.tencent.mobileqq.activity.LoginActivity,STOP_ACTIVITY_ITEM,40]
12-22 17:06:42.691  3316  3553 I com.miui.home: CheckGCForNative adj_start_bytes: 33108625 NativeAllocationGcWatermark: 10568239 java_gc_start_bytes: 17256267 kNewNativeDiscountFactor: 2 kOldNativeDiscountFactor: 65536 old_native_bytes: 131433935 new_native_bytes: 22960540 add_bytes_allowed: 31704717 is_gc_concurrent: 1 target_footprint_: 17437052 GetBytesAllocated: 14296038 HeapGrowthMultiplier: 3
12-22 17:06:42.691  3316  3553 I com.miui.home: CheckGCForNative gc_urgency 0.778598 current_native_bytes is 154394475 starting_gc_num:31
12-22 17:06:42.735  3316  3316 I wm_on_top_resumed_lost_called: [92404456,com.miui.home.launcher.Launcher,topStateChangedWhenResumed]
12-22 17:06:42.751  3316  3316 I wm_on_paused_called: [0,92404456,com.miui.home.launcher.Launcher,performPause,3]
12-22 17:06:42.855  3316  3998 D cccccc  : onTaskStackChangedBackground
12-22 17:06:42.856  3316  3998 D cccccc  : onTaskStackChangedBackground
12-22 17:06:42.948 11967 11967 I wm_on_idle_called: com.tencent.mobileqq.activity.LoginActivity
12-22 17:06:43.099  3316  3615 I com.miui.home: CheckGCForNative adj_start_bytes: 33108625 NativeAllocationGcWatermark: 10568239 java_gc_start_bytes: 17256267 kNewNativeDiscountFactor: 2 kOldNativeDiscountFactor: 65536 old_native_bytes: 131433935 new_native_bytes: 23497036 add_bytes_allowed: 31704717 is_gc_concurrent: 1 target_footprint_: 17437052 GetBytesAllocated: 15021867 HeapGrowthMultiplier: 3
12-22 17:06:43.100  3316  3615 I com.miui.home: CheckGCForNative gc_urgency 0.808623 current_native_bytes is 154930971 starting_gc_num:31
12-22 17:06:43.221  3316  3615 I com.miui.home: CheckGCForNative adj_start_bytes: 33108625 NativeAllocationGcWatermark: 10568239 java_gc_start_bytes: 17256267 kNewNativeDiscountFactor: 2 kOldNativeDiscountFactor: 65536 old_native_bytes: 131433935 new_native_bytes: 23719704 add_bytes_allowed: 31704717 is_gc_concurrent: 1 target_footprint_: 17437052 GetBytesAllocated: 15361380 HeapGrowthMultiplier: 3
12-22 17:06:43.221  3316  3615 I com.miui.home: CheckGCForNative gc_urgency 0.82224 current_native_bytes is 155153639 starting_gc_num:31
12-22 17:06:43.230  3316  3681 E cccccc  : createTaskSnapshot:
12-22 17:06:43.230  3316  3681 I cccccc  : getTaskSnapshotInstance:
12-22 17:06:43.348  3316 10560 D cccccc  : onTaskStackChangedBackground
12-22 17:06:43.376  3316 10560 D cccccc  : onTaskStackChangedBackground
12-22 17:06:43.522  3316  3615 I com.miui.home: CheckGCForNative adj_start_bytes: 33108625 NativeAllocationGcWatermark: 10568239 java_gc_start_bytes: 17256267 kNewNativeDiscountFactor: 2 kOldNativeDiscountFactor: 65536 old_native_bytes: 131433935 new_native_bytes: 23854268 add_bytes_allowed: 31704717 is_gc_concurrent: 1 target_footprint_: 17437052 GetBytesAllocated: 15789833 HeapGrowthMultiplier: 3
12-22 17:06:43.522  3316  3615 I com.miui.home: CheckGCForNative gc_urgency 0.837213 current_native_bytes is 155288203 starting_gc_num:31
12-22 17:06:43.611  3316  3681 E cccccc  : createTaskSnapshot:
12-22 17:06:43.611  3316  3681 I cccccc  : getTaskSnapshotInstance:
12-22 17:06:43.793  3316  3681 E cccccc  : createTaskSnapshot:
12-22 17:06:43.794  3316  3681 I cccccc  : getTaskSnapshotInstance:
12-22 17:06:44.275  3316  3316 I com.miui.home: CheckGCForNative adj_start_bytes: 33108625 NativeAllocationGcWatermark: 10568239 java_gc_start_bytes: 17256267 kNewNativeDiscountFactor: 2 kOldNativeDiscountFactor: 65536 old_native_bytes: 131433935 new_native_bytes: 23820380 add_bytes_allowed: 31704717 is_gc_concurrent: 1 target_footprint_: 17437052 GetBytesAllocated: 17227448 HeapGrowthMultiplier: 3
12-22 17:06:44.275  3316  3316 I com.miui.home: CheckGCForNative gc_urgency 0.880122 current_native_bytes is 155254315 starting_gc_num:31
12-22 17:06:44.337  3316  3316 I wm_on_resume_called: [0,92404456,com.miui.home.launcher.Launcher,RESUME_ACTIVITY,30]
12-22 17:06:44.358  3316  3316 I wm_on_idle_called: com.miui.home.launcher.Launcher
12-22 17:06:44.644  3316  3998 I com.miui.home: CheckGCForNative gc_urgency 0 current_native_bytes is 153033595 starting_gc_num:32
12-22 17:06:44.644  3316  3998 I cccccc  : createTaskSnapshotCompat:
12-22 17:06:44.645  3316  3998 I com.miui.home: CheckGCForNative adj_start_bytes: 32765122 NativeAllocationGcWatermark: 10568239 java_gc_start_bytes: 16912764 kNewNativeDiscountFactor: 2 kOldNativeDiscountFactor: 65536 old_native_bytes: 153033595 new_native_bytes: 10706944 add_bytes_allowed: 31704717 is_gc_concurrent: 1 target_footprint_: 17437052 GetBytesAllocated: 9922381 HeapGrowthMultiplier: 3
12-22 17:06:44.645  3316  3998 I com.miui.home: CheckGCForNative gc_urgency 0.466294 current_native_bytes is 163740539 starting_gc_num:32
12-22 17:06:44.669  3316  3615 I com.miui.home: CheckGCForNative adj_start_bytes: 32765122 NativeAllocationGcWatermark: 10568239 java_gc_start_bytes: 16912764 kNewNativeDiscountFactor: 2 kOldNativeDiscountFactor: 65536 old_native_bytes: 153033595 new_native_bytes: 34304 add_bytes_allowed: 31704717 is_gc_concurrent: 1 target_footprint_: 17437052 GetBytesAllocated: 9976750 HeapGrowthMultiplier: 3
12-22 17:06:44.669  3316  3615 I com.miui.home: CheckGCForNative gc_urgency 0.305088 current_native_bytes is 153067899 starting_gc_num:32
12-22 17:06:44.725  3316  3316 I wm_on_top_resumed_gained_called: [92404456,com.miui.home.launcher.Launcher,topStateChangedWhenResumed]
12-22 17:06:45.026  3316  3615 I com.miui.home: CheckGCForNative adj_start_bytes: 32765122 NativeAllocationGcWatermark: 10568239 java_gc_start_bytes: 16912764 kNewNativeDiscountFactor: 2 kOldNativeDiscountFactor: 65536 old_native_bytes: 153033595 new_native_bytes: 66496 add_bytes_allowed: 31704717 is_gc_concurrent: 1 target_footprint_: 17437052 GetBytesAllocated: 10108065 HeapGrowthMultiplier: 3
12-22 17:06:45.026  3316  3615 I com.miui.home: CheckGCForNative gc_urgency 0.309587 current_native_bytes is 153100091 starting_gc_num:32
12-22 17:06:45.132  3316  3614 I com.miui.home: CheckGCForNative adj_start_bytes: 32765122 NativeAllocationGcWatermark: 10568239 java_gc_start_bytes: 16912764 kNewNativeDiscountFactor: 2 kOldNativeDiscountFactor: 65536 old_native_bytes: 153033595 new_native_bytes: 10766792 add_bytes_allowed: 31704717 is_gc_concurrent: 1 target_footprint_: 17437052 GetBytesAllocated: 10165401 HeapGrowthMultiplier: 3
12-22 17:06:45.132  3316  3614 I com.miui.home: CheckGCForNative gc_urgency 0.474625 current_native_bytes is 163800387 starting_gc_num:32
12-22 17:06:45.133  3316  3614 I cccccc  : createTaskSnapshotCompat:
12-22 17:06:45.140  3316  3614 I com.miui.home: CheckGCForNative adj_start_bytes: 32765122 NativeAllocationGcWatermark: 10568239 java_gc_start_bytes: 16912764 kNewNativeDiscountFactor: 2 kOldNativeDiscountFactor: 65536 old_native_bytes: 153033595 new_native_bytes: 21475288 add_bytes_allowed: 31704717 is_gc_concurrent: 1 target_footprint_: 17437052 GetBytesAllocated: 10165609 HeapGrowthMultiplier: 3
12-22 17:06:45.141  3316  3614 I com.miui.home: CheckGCForNative gc_urgency 0.638044 current_native_bytes is 174508883 starting_gc_num:32
12-22 17:06:45.523  3316  3316 I com.miui.home: CheckGCForNative adj_start_bytes: 32765122 NativeAllocationGcWatermark: 10568239 java_gc_start_bytes: 16912764 kNewNativeDiscountFactor: 2 kOldNativeDiscountFactor: 65536 old_native_bytes: 153033595 new_native_bytes: 10789312 add_bytes_allowed: 31704717 is_gc_concurrent: 1 target_footprint_: 17437052 GetBytesAllocated: 10349876 HeapGrowthMultiplier: 3
12-22 17:06:45.523  3316  3316 I com.miui.home: CheckGCForNative gc_urgency 0.480598 current_native_bytes is 163822907 starting_gc_num:32
12-22 17:06:45.568  3316  3316 I wm_on_top_resumed_lost_called: [92404456,com.miui.home.launcher.Launcher,topStateChangedWhenResumed]
12-22 17:06:45.576  3316 10560 D cccccc  : onTaskStackChangedBackground
12-22 17:06:45.577  3316 10560 D cccccc  : onTaskStackChangedBackground
12-22 17:06:45.677  3316  3316 I wm_on_paused_called: [0,92404456,com.miui.home.launcher.Launcher,performPause,2]
12-22 17:06:45.939  3316  3615 I com.miui.home: CheckGCForNative adj_start_bytes: 32765122 NativeAllocationGcWatermark: 10568239 java_gc_start_bytes: 16912764 kNewNativeDiscountFactor: 2 kOldNativeDiscountFactor: 65536 old_native_bytes: 153033595 new_native_bytes: 11213344 add_bytes_allowed: 31704717 is_gc_concurrent: 1 target_footprint_: 17437052 GetBytesAllocated: 10891515 HeapGrowthMultiplier: 3
12-22 17:06:45.939  3316  3615 I com.miui.home: CheckGCForNative gc_urgency 0.5036 current_native_bytes is 164246939 starting_gc_num:32
12-22 17:06:45.940 12448 12448 I wm_on_application_create_called: [0,com.dragon.read,2196]
12-22 17:06:45.974  3316  3389 D cccccc  : onTaskStackChangedBackground
12-22 17:06:45.980  3316  3389 D cccccc  : onTaskStackChangedBackground
12-22 17:06:46.230  3316  3681 I com.miui.home: CheckGCForNative adj_start_bytes: 32765122 NativeAllocationGcWatermark: 10568239 java_gc_start_bytes: 16912764 kNewNativeDiscountFactor: 2 kOldNativeDiscountFactor: 65536 old_native_bytes: 153033595 new_native_bytes: 11853200 add_bytes_allowed: 31704717 is_gc_concurrent: 1 target_footprint_: 17437052 GetBytesAllocated: 11377157 HeapGrowthMultiplier: 3
12-22 17:06:46.232  3316  3681 I com.miui.home: CheckGCForNative gc_urgency 0.528186 current_native_bytes is 164886795 starting_gc_num:32
12-22 17:06:46.446  3316  3681 E cccccc  : createTaskSnapshot:
12-22 17:06:46.446  3316  3681 I cccccc  : getTaskSnapshotInstance:
12-22 17:06:46.447  3316  3681 E cccccc  : createTaskSnapshot:
12-22 17:06:46.447  3316  3681 I cccccc  : getTaskSnapshotInstance:
12-22 17:06:46.448  3316  3681 I com.miui.home: CheckGCForNative adj_start_bytes: 32765122 NativeAllocationGcWatermark: 10568239 java_gc_start_bytes: 16912764 kNewNativeDiscountFactor: 2 kOldNativeDiscountFactor: 65536 old_native_bytes: 153033595 new_native_bytes: 22325348 add_bytes_allowed: 31704717 is_gc_concurrent: 1 target_footprint_: 17437052 GetBytesAllocated: 11641009 HeapGrowthMultiplier: 3
12-22 17:06:46.448  3316  3681 I com.miui.home: CheckGCForNative gc_urgency 0.696046 current_native_bytes is 175358943 starting_gc_num:32
12-22 17:06:46.542  3316  3681 I com.miui.home: CheckGCForNative adj_start_bytes: 32765122 NativeAllocationGcWatermark: 10568239 java_gc_start_bytes: 16912764 kNewNativeDiscountFactor: 2 kOldNativeDiscountFactor: 65536 old_native_bytes: 153033595 new_native_bytes: 11648668 add_bytes_allowed: 31704717 is_gc_concurrent: 1 target_footprint_: 17437052 GetBytesAllocated: 12006952 HeapGrowthMultiplier: 3
12-22 17:06:46.542  3316  3681 I com.miui.home: CheckGCForNative gc_urgency 0.544287 current_native_bytes is 164682263 starting_gc_num:32
12-22 17:06:46.589  3316  3681 E cccccc  : createTaskSnapshot:
12-22 17:06:46.589  3316  3681 I cccccc  : getTaskSnapshotInstance:
12-22 17:06:46.813 12448 12448 I wm_on_create_called: [0,243560860,com.dragon.read.pages.splash.SplashActivity,performCreate,251]
12-22 17:06:46.939 12448 12448 I wm_on_start_called: [0,243560860,com.dragon.read.pages.splash.SplashActivity,handleStartActivity,115]
12-22 17:06:47.098  3316  3316 I wm_on_resume_called: [0,92404456,com.miui.home.launcher.Launcher,RESUME_ACTIVITY,17]
12-22 17:06:47.115  3316  3316 I wm_on_idle_called: com.miui.home.launcher.Launcher
12-22 17:06:47.303  3316  3376 I com.miui.home: CheckGCForNative adj_start_bytes: 32765122 NativeAllocationGcWatermark: 10568239 java_gc_start_bytes: 16912764 kNewNativeDiscountFactor: 2 kOldNativeDiscountFactor: 65536 old_native_bytes: 153033595 new_native_bytes: 22845340 add_bytes_allowed: 31704717 is_gc_concurrent: 1 target_footprint_: 17437052 GetBytesAllocated: 13858975 HeapGrowthMultiplier: 3
12-22 17:06:47.303  3316  3376 I com.miui.home: CheckGCForNative gc_urgency 0.771674 current_native_bytes is 175878935 starting_gc_num:32
12-22 17:06:47.303  3316  3376 I cccccc  : createTaskSnapshotCompat:
12-22 17:06:47.304  3316  3376 I com.miui.home: CheckGCForNative adj_start_bytes: 32765122 NativeAllocationGcWatermark: 10568239 java_gc_start_bytes: 16912764 kNewNativeDiscountFactor: 2 kOldNativeDiscountFactor: 65536 old_native_bytes: 153033595 new_native_bytes: 33552316 add_bytes_allowed: 31704717 is_gc_concurrent: 1 target_footprint_: 17437052 GetBytesAllocated: 13869262 HeapGrowthMultiplier: 3
12-22 17:06:47.304  3316  3376 I com.miui.home: CheckGCForNative gc_urgency 0.935377 current_native_bytes is 186585911 starting_gc_num:32
12-22 17:06:47.317  3316  8479 I com.miui.home: CheckGCForNative adj_start_bytes: 32765122 NativeAllocationGcWatermark: 10568239 java_gc_start_bytes: 16912764 kNewNativeDiscountFactor: 2 kOldNativeDiscountFactor: 65536 old_native_bytes: 153033595 new_native_bytes: 22899708 add_bytes_allowed: 31704717 is_gc_concurrent: 1 target_footprint_: 17437052 GetBytesAllocated: 13887773 HeapGrowthMultiplier: 3
12-22 17:06:47.317  3316  8479 I com.miui.home: CheckGCForNative gc_urgency 0.773382 current_native_bytes is 175933303 starting_gc_num:32
12-22 17:06:47.438  3316  3316 I wm_on_top_resumed_gained_called: [92404456,com.miui.home.launcher.Launcher,topStateChangedWhenResumed]
12-22 17:06:47.677  3316  3615 I com.miui.home: CheckGCForNative adj_start_bytes: 32765122 NativeAllocationGcWatermark: 10568239 java_gc_start_bytes: 16912764 kNewNativeDiscountFactor: 2 kOldNativeDiscountFactor: 65536 old_native_bytes: 153033595 new_native_bytes: 23046516 add_bytes_allowed: 31704717 is_gc_concurrent: 1 target_footprint_: 17437052 GetBytesAllocated: 14037841 HeapGrowthMultiplier: 3
12-22 17:06:47.677  3316  3615 I com.miui.home: CheckGCForNative gc_urgency 0.780203 current_native_bytes is 176080111 starting_gc_num:32
12-22 17:06:47.722  3316  3615 I com.miui.home: CheckGCForNative adj_start_bytes: 32765122 NativeAllocationGcWatermark: 10568239 java_gc_start_bytes: 16912764 kNewNativeDiscountFactor: 2 kOldNativeDiscountFactor: 65536 old_native_bytes: 153033595 new_native_bytes: 23055988 add_bytes_allowed: 31704717 is_gc_concurrent: 1 target_footprint_: 17437052 GetBytesAllocated: 14058814 HeapGrowthMultiplier: 3
12-22 17:06:47.722  3316  3615 I com.miui.home: CheckGCForNative gc_urgency 0.780987 current_native_bytes is 176089583 starting_gc_num:32
12-22 17:06:47.799  3316  3614 I com.miui.home: CheckGCForNative adj_start_bytes: 32765122 NativeAllocationGcWatermark: 10568239 java_gc_start_bytes: 16912764 kNewNativeDiscountFactor: 2 kOldNativeDiscountFactor: 65536 old_native_bytes: 153033595 new_native_bytes: 33757732 add_bytes_allowed: 31704717 is_gc_concurrent: 1 target_footprint_: 17437052 GetBytesAllocated: 14092297 HeapGrowthMultiplier: 3
12-22 17:06:47.799  3316  3614 I com.miui.home: CheckGCForNative gc_urgency 0.945319 current_native_bytes is 186791327 starting_gc_num:32
12-22 17:06:47.799  3316  3614 I cccccc  : createTaskSnapshotCompat:
12-22 17:06:47.802  3316  3614 I com.miui.home: CheckGCForNative adj_start_bytes: 32765122 NativeAllocationGcWatermark: 10568239 java_gc_start_bytes: 16912764 kNewNativeDiscountFactor: 2 kOldNativeDiscountFactor: 65536 old_native_bytes: 153033595 new_native_bytes: 44465188 add_bytes_allowed: 31704717 is_gc_concurrent: 1 target_footprint_: 17437052 GetBytesAllocated: 14110383 HeapGrowthMultiplier: 3
12-22 17:06:47.802  3316  3614 I com.miui.home: CheckGCForNative gc_urgency 1.10927 current_native_bytes is 197498783 starting_gc_num:32
12-22 17:06:47.802  3316  3614 I com.miui.home: CheckGCForNative requested 1
12-22 17:06:47.917  3316  3368 I com.miui.home: NativeAlloc concurrent copying GC freed 116330(4784KB) AllocSpace objects, 16(496KB) LOS objects, 49% free, 8510KB/16MB, paused 67us,26us total 114.669ms
12-22 17:06:48.088 12448 12448 I wm_on_resume_called: [0,243560860,com.dragon.read.pages.splash.SplashActivity,RESUME_ACTIVITY,1086]
12-22 17:06:48.193 12448 12448 I wm_on_top_resumed_gained_called: [243560860,com.dragon.read.pages.splash.SplashActivity,topStateChangedWhenResumed]
12-22 17:06:48.204  3316  3316 I wm_on_top_resumed_lost_called: [92404456,com.miui.home.launcher.Launcher,topStateChangedWhenResumed]
12-22 17:06:48.226  3316  3376 D cccccc  : onTaskStackChangedBackground
12-22 17:06:48.232  3316  3376 D cccccc  : onTaskStackChangedBackground
12-22 17:06:48.253 12865 12865 I wm_on_application_create_called: [0,com.taobao.taobao,1397]
12-22 17:06:48.259 12448 12448 I wm_on_top_resumed_lost_called: [243560860,com.dragon.read.pages.splash.SplashActivity,topStateChangedWhenResumed]
12-22 17:06:48.419  3316  3316 I wm_on_paused_called: [0,92404456,com.miui.home.launcher.Launcher,performPause,3]
12-22 17:06:48.450 12448 12448 I wm_on_paused_called: [0,243560860,com.dragon.read.pages.splash.SplashActivity,performPause,67]
12-22 17:06:48.533  3316  3389 D cccccc  : onTaskStackChangedBackground
12-22 17:06:48.549  3316  3389 D cccccc  : onTaskStackChangedBackground
12-22 17:06:48.620  3316  3681 I com.miui.home: CheckGCForNative gc_urgency 0 current_native_bytes is 130677919 starting_gc_num:33
12-22 17:06:48.810  3316  3681 E cccccc  : createTaskSnapshot:
12-22 17:06:48.810  3316  3681 I cccccc  : getTaskSnapshotInstance:
12-22 17:06:48.821  3316  3681 E cccccc  : createTaskSnapshot:
12-22 17:06:48.821  3316  3681 I cccccc  : getTaskSnapshotInstance:
12-22 17:06:48.822  3316  3681 I com.miui.home: CheckGCForNative adj_start_bytes: 33149333 NativeAllocationGcWatermark: 10567291 java_gc_start_bytes: 17298397 kNewNativeDiscountFactor: 2 kOldNativeDiscountFactor: 65536 old_native_bytes: 130677919 new_native_bytes: 10939380 add_bytes_allowed: 31701873 is_gc_concurrent: 1 target_footprint_: 17429469 GetBytesAllocated: 10254148 HeapGrowthMultiplier: 3
12-22 17:06:48.822  3316  3681 I com.miui.home: CheckGCForNative gc_urgency 0.474394 current_native_bytes is 141617299 starting_gc_num:33
12-22 17:06:48.848 11530 11530 I wm_on_create_called: [0,177488132,com.tencent.mm.ui.LauncherUI,performCreate,67]
12-22 17:06:48.932 12448 12448 I wm_on_stop_called: [0,243560860,com.dragon.read.pages.splash.SplashActivity,STOP_ACTIVITY_ITEM,233]
12-22 17:06:48.935  3316  3615 I com.miui.home: CheckGCForNative adj_start_bytes: 33149333 NativeAllocationGcWatermark: 10567291 java_gc_start_bytes: 17298397 kNewNativeDiscountFactor: 2 kOldNativeDiscountFactor: 65536 old_native_bytes: 130677919 new_native_bytes: 236308 add_bytes_allowed: 31701873 is_gc_concurrent: 1 target_footprint_: 17429469 GetBytesAllocated: 10511567 HeapGrowthMultiplier: 3
12-22 17:06:48.935  3316  3615 I com.miui.home: CheckGCForNative gc_urgency 0.320722 current_native_bytes is 130914227 starting_gc_num:33
12-22 17:06:48.980  3316  3615 I com.miui.home: CheckGCForNative adj_start_bytes: 33149333 NativeAllocationGcWatermark: 10567291 java_gc_start_bytes: 17298397 kNewNativeDiscountFactor: 2 kOldNativeDiscountFactor: 65536 old_native_bytes: 130677919 new_native_bytes: 258324 add_bytes_allowed: 31701873 is_gc_concurrent: 1 target_footprint_: 17429469 GetBytesAllocated: 10647820 HeapGrowthMultiplier: 3
12-22 17:06:48.980  3316  3615 I com.miui.home: CheckGCForNative gc_urgency 0.325164 current_native_bytes is 130936243 starting_gc_num:33
12-22 17:06:49.025 11530 11530 I wm_on_create_called: [0,168125222,com.tencent.mm.app.WeChatSplashActivity,performCreate,6]
12-22 17:06:49.109  3316  3389 D cccccc  : onTaskStackChangedBackground
12-22 17:06:49.141  3316  3389 D cccccc  : onTaskStackChangedBackground
12-22 17:06:49.205  3316  3681 E cccccc  : createTaskSnapshot:
12-22 17:06:49.205  3316  3681 I cccccc  : getTaskSnapshotInstance:
12-22 17:06:49.317 11530 11530 I wm_on_start_called: [0,168125222,com.tencent.mm.app.WeChatSplashActivity,handleStartActivity,267]
12-22 17:06:49.333 11530 11530 I wm_on_resume_called: [0,168125222,com.tencent.mm.app.WeChatSplashActivity,RESUME_ACTIVITY,14]
12-22 17:06:49.378 11530 11530 I wm_on_top_resumed_gained_called: [168125222,com.tencent.mm.app.WeChatSplashActivity,topStateChangedWhenResumed]
12-22 17:06:49.384  3316  3681 E cccccc  : createTaskSnapshot:
12-22 17:06:49.385  3316  3681 I cccccc  : getTaskSnapshotInstance:
12-22 17:06:49.628 11530 11530 I wm_on_top_resumed_lost_called: [168125222,com.tencent.mm.app.WeChatSplashActivity,topStateChangedWhenResumed]
12-22 17:06:49.691 11530 11530 I wm_on_paused_called: [0,168125222,com.tencent.mm.app.WeChatSplashActivity,performPause,39]
12-22 17:06:49.740  3316  3316 I wm_on_stop_called: [0,92404456,com.miui.home.launcher.Launcher,STOP_ACTIVITY_ITEM,9]
12-22 17:06:49.747  3316  3316 I wm_on_restart_called: [0,92404456,com.miui.home.launcher.Launcher,,0]
