12-22 17:07:06.339  3316  3316 I wm_on_top_resumed_lost_called: [92404456,com.miui.home.launcher.Launcher,topStateChangedWhenResumed]
12-22 17:07:06.344  3316  3316 I wm_on_paused_called: [0,92404456,com.miui.home.launcher.Launcher,performPause,3]
12-22 17:07:06.363  3316  3593 I com.miui.home: CheckGCForNative adj_start_bytes: 33146433 NativeAllocationGcWatermark: 10599623 java_gc_start_bytes: 17246999 kNewNativeDiscountFactor: 2 kOldNativeDiscountFactor: 65536 old_native_bytes: 161859239 new_native_bytes: 23995796 add_bytes_allowed: 31798869 is_gc_concurrent: 1 target_footprint_: 17688123 GetBytesAllocated: 16577598 HeapGrowthMultiplier: 3
12-22 17:07:06.363  3316  3593 I com.miui.home: CheckGCForNative gc_urgency 0.862173 current_native_bytes is 185855035 starting_gc_num:36
12-22 17:07:06.419  3316 14629 D cccccc  : onTaskStackChangedBackground
12-22 17:07:06.419  3316 14629 D cccccc  : onTaskStackChangedBackground
12-22 17:07:06.458  3316  3681 I com.miui.home: CheckGCForNative adj_start_bytes: 33146433 NativeAllocationGcWatermark: 10599623 java_gc_start_bytes: 17246999 kNewNativeDiscountFactor: 2 kOldNativeDiscountFactor: 65536 old_native_bytes: 161859239 new_native_bytes: 34732444 add_bytes_allowed: 31798869 is_gc_concurrent: 1 target_footprint_: 17688123 GetBytesAllocated: 16746989 HeapGrowthMultiplier: 3
12-22 17:07:06.458  3316  3681 I com.miui.home: CheckGCForNative gc_urgency 1.02924 current_native_bytes is 196591683 starting_gc_num:36
12-22 17:07:06.458  3316  3681 I com.miui.home: CheckGCForNative requested 1
12-22 17:07:06.615  3316 10560 D cccccc  : onTaskStackChangedBackground
12-22 17:07:06.634  3316 10560 D cccccc  : onTaskStackChangedBackground
12-22 17:07:06.785  3316  3368 I com.miui.home: NativeAlloc concurrent copying GC freed 182945(7596KB) AllocSpace objects, 18(600KB) LOS objects, 49% free, 8758KB/17MB, paused 2.244ms,59us total 325.864ms
12-22 17:07:07.056  3316  3615 I com.miui.home: CheckGCForNative gc_urgency 0 current_native_bytes is 119966131 starting_gc_num:37
12-22 17:07:07.081  3316  3681 E cccccc  : createTaskSnapshot:
12-22 17:07:07.082  3316  3681 I cccccc  : getTaskSnapshotInstance:
12-22 17:07:07.214 16133 16133 I wm_on_application_create_called: [0,com.sina.weibo,365]
12-22 17:07:07.279  3316  3615 I com.miui.home: CheckGCForNative adj_start_bytes: 33359346 NativeAllocationGcWatermark: 10630789 java_gc_start_bytes: 17413163 kNewNativeDiscountFactor: 2 kOldNativeDiscountFactor: 65536 old_native_bytes: 119966131 new_native_bytes: 172776 add_bytes_allowed: 31892367 is_gc_concurrent: 1 target_footprint_: 17937451 GetBytesAllocated: 9749552 HeapGrowthMultiplier: 3
12-22 17:07:07.279  3316  3615 I com.miui.home: CheckGCForNative gc_urgency 0.294903 current_native_bytes is 120138907 starting_gc_num:37
12-22 17:07:07.368  3316  3615 I com.miui.home: CheckGCForNative adj_start_bytes: 33359346 NativeAllocationGcWatermark: 10630789 java_gc_start_bytes: 17413163 kNewNativeDiscountFactor: 2 kOldNativeDiscountFactor: 65536 old_native_bytes: 119966131 new_native_bytes: 408136 add_bytes_allowed: 31892367 is_gc_concurrent: 1 target_footprint_: 17937451 GetBytesAllocated: 10003010 HeapGrowthMultiplier: 3
12-22 17:07:07.368  3316  3615 I com.miui.home: CheckGCForNative gc_urgency 0.306028 current_native_bytes is 120374267 starting_gc_num:37
12-22 17:07:07.385 16133 16133 I wm_on_create_called: [0,46587793,com.sina.weibo.SplashActivity,performCreate,75]
12-22 17:07:07.390 16133 16133 I wm_on_start_called: [0,46587793,com.sina.weibo.SplashActivity,handleStartActivity,4]
12-22 17:07:07.399 16133 16133 I wm_on_resume_called: [0,46587793,com.sina.weibo.SplashActivity,RESUME_ACTIVITY,7]
12-22 17:07:07.439  3316  3681 E cccccc  : createTaskSnapshot:
12-22 17:07:07.440  3316  3681 I cccccc  : getTaskSnapshotInstance:
12-22 17:07:07.557 16133 16133 I wm_on_top_resumed_gained_called: [46587793,com.sina.weibo.SplashActivity,topStateChangedWhenResumed]
12-22 17:07:07.996 15829 15829 I wm_on_application_create_called: [0,com.UCMobile,1014]
12-22 17:07:08.082 16133 16133 I wm_on_top_resumed_lost_called: [46587793,com.sina.weibo.SplashActivity,topStateChangedWhenResumed]
12-22 17:07:08.176  3316  3316 I wm_on_resume_called: [0,92404456,com.miui.home.launcher.Launcher,RESUME_ACTIVITY,16]
12-22 17:07:08.185  3316  3316 I wm_on_top_resumed_gained_called: [92404456,com.miui.home.launcher.Launcher,topStateChangedWhenResumed]
12-22 17:07:08.195  3316  3316 I wm_on_idle_called: com.miui.home.launcher.Launcher
12-22 17:07:08.252 16133 16133 I wm_on_idle_called: com.sina.weibo.SplashActivity
12-22 17:07:08.317 16319 16319 I wm_on_application_create_called: [0,com.sina.weibo,716]
12-22 17:07:08.424  3316  3998 I com.miui.home: CheckGCForNative adj_start_bytes: 33359346 NativeAllocationGcWatermark: 10630789 java_gc_start_bytes: 17413163 kNewNativeDiscountFactor: 2 kOldNativeDiscountFactor: 65536 old_native_bytes: 119966131 new_native_bytes: 11036256 add_bytes_allowed: 31892367 is_gc_concurrent: 1 target_footprint_: 17937451 GetBytesAllocated: 11328373 HeapGrowthMultiplier: 3
12-22 17:07:08.424  3316  3998 I com.miui.home: CheckGCForNative gc_urgency 0.505056 current_native_bytes is 131002387 starting_gc_num:37
12-22 17:07:08.424  3316  3998 I cccccc  : createTaskSnapshotCompat:
12-22 17:07:08.425  3316  3998 I com.miui.home: CheckGCForNative adj_start_bytes: 33359346 NativeAllocationGcWatermark: 10630789 java_gc_start_bytes: 17413163 kNewNativeDiscountFactor: 2 kOldNativeDiscountFactor: 65536 old_native_bytes: 119966131 new_native_bytes: 21743200 add_bytes_allowed: 31892367 is_gc_concurrent: 1 target_footprint_: 17937451 GetBytesAllocated: 11335924 HeapGrowthMultiplier: 3
12-22 17:07:08.426  3316  3998 I com.miui.home: CheckGCForNative gc_urgency 0.665761 current_native_bytes is 141709331 starting_gc_num:37
12-22 17:07:08.583  3316  3615 I com.miui.home: CheckGCForNative adj_start_bytes: 33359346 NativeAllocationGcWatermark: 10630789 java_gc_start_bytes: 17413163 kNewNativeDiscountFactor: 2 kOldNativeDiscountFactor: 65536 old_native_bytes: 119966131 new_native_bytes: 11136064 add_bytes_allowed: 31892367 is_gc_concurrent: 1 target_footprint_: 17937451 GetBytesAllocated: 11969532 HeapGrowthMultiplier: 3
12-22 17:07:08.583  3316  3615 I com.miui.home: CheckGCForNative gc_urgency 0.525771 current_native_bytes is 131102195 starting_gc_num:37
12-22 17:07:08.727  3316  3615 I com.miui.home: CheckGCForNative adj_start_bytes: 33359346 NativeAllocationGcWatermark: 10630789 java_gc_start_bytes: 17413163 kNewNativeDiscountFactor: 2 kOldNativeDiscountFactor: 65536 old_native_bytes: 119966131 new_native_bytes: 11151168 add_bytes_allowed: 31892367 is_gc_concurrent: 1 target_footprint_: 17937451 GetBytesAllocated: 12039707 HeapGrowthMultiplier: 3
12-22 17:07:08.727  3316  3615 I com.miui.home: CheckGCForNative gc_urgency 0.528102 current_native_bytes is 131117299 starting_gc_num:37
12-22 17:07:08.923  3316  3614 I cccccc  : createTaskSnapshotCompat:
12-22 17:07:09.265 16133 16133 I wm_on_paused_called: [0,46587793,com.sina.weibo.SplashActivity,performPause,2]
12-22 17:07:09.372  3316  3376 D cccccc  : onTaskStackChangedBackground
12-22 17:07:09.373  3316  3998 D cccccc  : onTaskStackChangedBackground
12-22 17:07:09.374 16133 16133 I wm_on_stop_called: [0,46587793,com.sina.weibo.SplashActivity,STOP_ACTIVITY_ITEM,16]
12-22 17:07:09.446  3316  3681 I com.miui.home: CheckGCForNative adj_start_bytes: 33359346 NativeAllocationGcWatermark: 10630789 java_gc_start_bytes: 17413163 kNewNativeDiscountFactor: 2 kOldNativeDiscountFactor: 65536 old_native_bytes: 119966131 new_native_bytes: 11129968 add_bytes_allowed: 31892367 is_gc_concurrent: 1 target_footprint_: 17937451 GetBytesAllocated: 12657879 HeapGrowthMultiplier: 3
12-22 17:07:09.446  3316  3681 I com.miui.home: CheckGCForNative gc_urgency 0.546314 current_native_bytes is 131096099 starting_gc_num:37
12-22 17:07:09.476  3316  3681 E cccccc  : createTaskSnapshot:
12-22 17:07:09.476  3316  3681 I cccccc  : getTaskSnapshotInstance:
12-22 17:07:09.477  3316  3681 I com.miui.home: CheckGCForNative adj_start_bytes: 33359346 NativeAllocationGcWatermark: 10630789 java_gc_start_bytes: 17413163 kNewNativeDiscountFactor: 2 kOldNativeDiscountFactor: 65536 old_native_bytes: 119966131 new_native_bytes: 22081924 add_bytes_allowed: 31892367 is_gc_concurrent: 1 target_footprint_: 17937451 GetBytesAllocated: 12862206 HeapGrowthMultiplier: 3
12-22 17:07:09.477  3316  3681 I com.miui.home: CheckGCForNative gc_urgency 0.716591 current_native_bytes is 142048055 starting_gc_num:37
12-22 17:07:10.402 13876 13876 I wm_on_idle_called: com.uc.browser.InnerUCMobile
12-22 17:07:12.459  8890  8890 I wm_on_destroy_called: [0,216842202,fm.qingting.qtradio.WelcomeActivity,performDestroy,26]
12-22 17:07:12.922 16133 16133 I wm_on_destroy_called: [0,46587793,com.sina.weibo.SplashActivity,performDestroy,15]
12-22 17:07:13.801 15002 15002 I wm_on_application_create_called: [0,com.tencent.mm,10570]
