12-22 16:50:44.939  3315  3315 I wm_on_top_resumed_lost_called: [66835825,com.miui.home.launcher.Launcher,topStateChangedWhenResumed]
12-22 16:50:44.945  3315  3315 I wm_on_paused_called: [0,66835825,com.miui.home.launcher.Launcher,performPause,3]
12-22 16:50:45.057  3315  3381 D cccccc  : onTaskStackChangedBackground
12-22 16:50:45.061  3315  3381 D cccccc  : onTaskStackChangedBackground
12-22 16:50:45.063  3315  3381 D cccccc  : onTaskStackChangedBackground
12-22 16:50:45.065  3315  3381 D cccccc  : onTaskStackChangedBackground
12-22 16:50:45.127  3315  3695 I com.miui.home: CheckGCForNative adj_start_bytes: 32275067 NativeAllocationGcWatermark: 10475263 java_gc_start_bytes: 16562173 kNewNativeDiscountFactor: 2 kOldNativeDiscountFactor: 65536 old_native_bytes: 70996979 new_native_bytes: 279780 add_bytes_allowed: 31425789 is_gc_concurrent: 1 target_footprint_: 16693245 GetBytesAllocated: 9011254 HeapGrowthMultiplier: 3
12-22 16:50:45.127  3315  3695 I com.miui.home: CheckGCForNative gc_urgency 0.28357 current_native_bytes is 71276759 starting_gc_num:19
12-22 16:50:45.474  3315  3620 I com.miui.home: CheckGCForNative adj_start_bytes: 32275067 NativeAllocationGcWatermark: 10475263 java_gc_start_bytes: 16562173 kNewNativeDiscountFactor: 2 kOldNativeDiscountFactor: 65536 old_native_bytes: 70996979 new_native_bytes: 1921076 add_bytes_allowed: 31425789 is_gc_concurrent: 1 target_footprint_: 16693245 GetBytesAllocated: 9562952 HeapGrowthMultiplier: 3
12-22 16:50:45.474  3315  3620 I com.miui.home: CheckGCForNative gc_urgency 0.32609 current_native_bytes is 72918055 starting_gc_num:19
12-22 16:50:45.540  3315  3620 I com.miui.home: CheckGCForNative adj_start_bytes: 32275067 NativeAllocationGcWatermark: 10475263 java_gc_start_bytes: 16562173 kNewNativeDiscountFactor: 2 kOldNativeDiscountFactor: 65536 old_native_bytes: 70996979 new_native_bytes: 2195908 add_bytes_allowed: 31425789 is_gc_concurrent: 1 target_footprint_: 16693245 GetBytesAllocated: 9698580 HeapGrowthMultiplier: 3
12-22 16:50:45.541  3315  3620 I com.miui.home: CheckGCForNative gc_urgency 0.33455 current_native_bytes is 73192887 starting_gc_num:19
12-22 16:50:45.632  3315  3695 E cccccc  : createTaskSnapshot:
12-22 16:50:45.632  3315  3695 I cccccc  : getTaskSnapshotInstance:
12-22 16:50:45.634  3315  3695 E cccccc  : createTaskSnapshot:
12-22 16:50:45.634  3315  3695 I cccccc  : getTaskSnapshotInstance:
12-22 16:50:45.741  3315  3620 I com.miui.home: CheckGCForNative adj_start_bytes: 32275067 NativeAllocationGcWatermark: 10475263 java_gc_start_bytes: 16562173 kNewNativeDiscountFactor: 2 kOldNativeDiscountFactor: 65536 old_native_bytes: 70996979 new_native_bytes: 2356344 add_bytes_allowed: 31425789 is_gc_concurrent: 1 target_footprint_: 16693245 GetBytesAllocated: 9868691 HeapGrowthMultiplier: 3
12-22 16:50:45.741  3315  3620 I com.miui.home: CheckGCForNative gc_urgency 0.342306 current_native_bytes is 73353323 starting_gc_num:19
12-22 16:50:45.801  3315  3695 I com.miui.home: CheckGCForNative adj_start_bytes: 32275067 NativeAllocationGcWatermark: 10475263 java_gc_start_bytes: 16562173 kNewNativeDiscountFactor: 2 kOldNativeDiscountFactor: 65536 old_native_bytes: 70996979 new_native_bytes: 13066584 add_bytes_allowed: 31425789 is_gc_concurrent: 1 target_footprint_: 16693245 GetBytesAllocated: 9901459 HeapGrowthMultiplier: 3
12-22 16:50:45.801  3315  3695 I com.miui.home: CheckGCForNative gc_urgency 0.509242 current_native_bytes is 84063563 starting_gc_num:19
12-22 16:50:45.806  3315  3695 I com.miui.home: CheckGCForNative adj_start_bytes: 32275067 NativeAllocationGcWatermark: 10475263 java_gc_start_bytes: 16562173 kNewNativeDiscountFactor: 2 kOldNativeDiscountFactor: 65536 old_native_bytes: 70996979 new_native_bytes: 23774232 add_bytes_allowed: 31425789 is_gc_concurrent: 1 target_footprint_: 16693245 GetBytesAllocated: 9901651 HeapGrowthMultiplier: 3
12-22 16:50:45.806  3315  3695 I com.miui.home: CheckGCForNative gc_urgency 0.675129 current_native_bytes is 94771211 starting_gc_num:19
12-22 16:50:45.807  3315  3695 E cccccc  : createTaskSnapshot:
12-22 16:50:45.807  3315  3695 I cccccc  : getTaskSnapshotInstance:
12-22 16:50:45.872  3315  3695 I com.miui.home: CheckGCForNative adj_start_bytes: 32275067 NativeAllocationGcWatermark: 10475263 java_gc_start_bytes: 16562173 kNewNativeDiscountFactor: 2 kOldNativeDiscountFactor: 65536 old_native_bytes: 70996979 new_native_bytes: 23759768 add_bytes_allowed: 31425789 is_gc_concurrent: 1 target_footprint_: 16693245 GetBytesAllocated: 9909044 HeapGrowthMultiplier: 3
12-22 16:50:45.872  3315  3695 I com.miui.home: CheckGCForNative gc_urgency 0.675134 current_native_bytes is 94756747 starting_gc_num:19
12-22 16:50:45.873  3315  3695 I com.miui.home: CheckGCForNative adj_start_bytes: 32275067 NativeAllocationGcWatermark: 10475263 java_gc_start_bytes: 16562173 kNewNativeDiscountFactor: 2 kOldNativeDiscountFactor: 65536 old_native_bytes: 70996979 new_native_bytes: 34466712 add_bytes_allowed: 31425789 is_gc_concurrent: 1 target_footprint_: 16693245 GetBytesAllocated: 9915905 HeapGrowthMultiplier: 3
12-22 16:50:45.873  3315  3695 I com.miui.home: CheckGCForNative gc_urgency 0.841217 current_native_bytes is 105463691 starting_gc_num:19
12-22 16:50:45.873  3315  3695 E cccccc  : createTaskSnapshot:
12-22 16:50:45.873  3315  3695 I cccccc  : getTaskSnapshotInstance:
12-22 16:50:45.938  3315  3695 I com.miui.home: CheckGCForNative adj_start_bytes: 32275067 NativeAllocationGcWatermark: 10475263 java_gc_start_bytes: 16562173 kNewNativeDiscountFactor: 2 kOldNativeDiscountFactor: 65536 old_native_bytes: 70996979 new_native_bytes: 34206904 add_bytes_allowed: 31425789 is_gc_concurrent: 1 target_footprint_: 16693245 GetBytesAllocated: 9942521 HeapGrowthMultiplier: 3
12-22 16:50:45.938  3315  3695 I com.miui.home: CheckGCForNative gc_urgency 0.838017 current_native_bytes is 105203883 starting_gc_num:19
12-22 16:50:45.940  3315  3695 I com.miui.home: CheckGCForNative adj_start_bytes: 32275067 NativeAllocationGcWatermark: 10475263 java_gc_start_bytes: 16562173 kNewNativeDiscountFactor: 2 kOldNativeDiscountFactor: 65536 old_native_bytes: 70996979 new_native_bytes: 44914040 add_bytes_allowed: 31425789 is_gc_concurrent: 1 target_footprint_: 16693245 GetBytesAllocated: 9949983 HeapGrowthMultiplier: 3
12-22 16:50:45.940  3315  3695 I com.miui.home: CheckGCForNative gc_urgency 1.00412 current_native_bytes is 115911019 starting_gc_num:19
12-22 16:50:45.940  3315  3695 I com.miui.home: CheckGCForNative requested 1
12-22 16:50:46.099  3315  3351 I com.miui.home: NativeAlloc concurrent copying GC freed 32020(1456KB) AllocSpace objects, 3(124KB) LOS objects, 50% free, 8486KB/16MB, paused 419us,85us total 159.050ms
12-22 16:50:46.144  3315  3695 E cccccc  : createTaskSnapshot:
12-22 16:50:46.144  3315  3695 I cccccc  : getTaskSnapshotInstance:
12-22 16:50:46.273  8354  8354 I wm_on_application_create_called: [0,com.autonavi.minimap,388]
12-22 16:50:46.334  8262  8262 I wm_on_application_create_called: [0,com.autonavi.minimap,935]
12-22 16:50:46.582  8262  8262 I wm_on_create_called: [0,168252572,com.autonavi.map.activity.SplashActivity,performCreate,226]
12-22 16:50:46.741  3315  3315 I wm_on_resume_called: [0,66835825,com.miui.home.launcher.Launcher,RESUME_ACTIVITY,27]
12-22 16:50:46.754  3315  3381 D cccccc  : onTaskStackChangedBackground
12-22 16:50:46.755  3315  3315 I com.miui.home: CheckGCForNative gc_urgency 0 current_native_bytes is 104437915 starting_gc_num:20
12-22 16:50:46.759  3315  3315 I wm_on_idle_called: com.miui.home.launcher.Launcher
12-22 16:50:46.839  3315  3391 D cccccc  : onTaskStackChangedBackground
12-22 16:50:46.905  3315  4449 I com.miui.home: CheckGCForNative adj_start_bytes: 32863243 NativeAllocationGcWatermark: 10561133 java_gc_start_bytes: 17021544 kNewNativeDiscountFactor: 2 kOldNativeDiscountFactor: 65536 old_native_bytes: 104437915 new_native_bytes: 10698276 add_bytes_allowed: 31683399 is_gc_concurrent: 1 target_footprint_: 17380201 GetBytesAllocated: 10138803 HeapGrowthMultiplier: 3
12-22 16:50:46.905  3315  4449 I com.miui.home: CheckGCForNative gc_urgency 0.471333 current_native_bytes is 115136191 starting_gc_num:20
12-22 16:50:46.905  3315  4449 I cccccc  : createTaskSnapshotCompat:
12-22 16:50:46.906  3315  4449 I com.miui.home: CheckGCForNative adj_start_bytes: 32863243 NativeAllocationGcWatermark: 10561133 java_gc_start_bytes: 17021544 kNewNativeDiscountFactor: 2 kOldNativeDiscountFactor: 65536 old_native_bytes: 104437915 new_native_bytes: 21405444 add_bytes_allowed: 31683399 is_gc_concurrent: 1 target_footprint_: 17380201 GetBytesAllocated: 10145801 HeapGrowthMultiplier: 3
12-22 16:50:46.906  3315  4449 I com.miui.home: CheckGCForNative gc_urgency 0.634451 current_native_bytes is 125843359 starting_gc_num:20
12-22 16:50:46.915  3315  3391 I cccccc  : getTaskSnapshot:
12-22 16:50:46.915  3315  3391 I com.miui.home: CheckGCForNative adj_start_bytes: 32863243 NativeAllocationGcWatermark: 10561133 java_gc_start_bytes: 17021544 kNewNativeDiscountFactor: 2 kOldNativeDiscountFactor: 65536 old_native_bytes: 104437915 new_native_bytes: 21397572 add_bytes_allowed: 31683399 is_gc_concurrent: 1 target_footprint_: 17380201 GetBytesAllocated: 10187708 HeapGrowthMultiplier: 3
12-22 16:50:46.917  3315  8292 I com.miui.home: CheckGCForNative adj_start_bytes: 32863243 NativeAllocationGcWatermark: 10561133 java_gc_start_bytes: 17021544 kNewNativeDiscountFactor: 2 kOldNativeDiscountFactor: 65536 old_native_bytes: 104437915 new_native_bytes: 21397636 add_bytes_allowed: 31683399 is_gc_concurrent: 1 target_footprint_: 17380201 GetBytesAllocated: 10229434 HeapGrowthMultiplier: 3
12-22 16:50:46.917  3315  8292 I com.miui.home: CheckGCForNative gc_urgency 0.636877 current_native_bytes is 125835551 starting_gc_num:20
12-22 16:50:46.939  3315  3391 I com.miui.home: CheckGCForNative gc_urgency 0.638742 current_native_bytes is 125835487 starting_gc_num:20
12-22 16:50:46.948  3315  3315 I cccccc  : createTaskSnapshotCompat:
12-22 16:50:46.979  8262  8262 I wm_on_create_called: [0,121734647,com.autonavi.map.activity.NewMapActivity,performCreate,269]
12-22 16:50:47.004  8262  8262 I wm_on_start_called: [0,121734647,com.autonavi.map.activity.NewMapActivity,handleStartActivity,24]
12-22 16:50:47.012  8262  8262 I wm_on_resume_called: [0,121734647,com.autonavi.map.activity.NewMapActivity,RESUME_ACTIVITY,6]
12-22 16:50:47.089  8262  8262 I wm_on_top_resumed_gained_called: [121734647,com.autonavi.map.activity.NewMapActivity,topStateChangedWhenResumed]
12-22 16:50:47.089  8262  8262 I wm_on_top_resumed_lost_called: [121734647,com.autonavi.map.activity.NewMapActivity,topStateChangedWhenResumed]
12-22 16:50:47.108  3315  3315 I wm_on_top_resumed_gained_called: [66835825,com.miui.home.launcher.Launcher,topStateChangedWhenResumed]
12-22 16:50:47.187  3315  3695 I com.miui.home: CheckGCForNative adj_start_bytes: 32863243 NativeAllocationGcWatermark: 10561133 java_gc_start_bytes: 17021544 kNewNativeDiscountFactor: 2 kOldNativeDiscountFactor: 65536 old_native_bytes: 104437915 new_native_bytes: 11034488 add_bytes_allowed: 31683399 is_gc_concurrent: 1 target_footprint_: 17380201 GetBytesAllocated: 10973972 HeapGrowthMultiplier: 3
12-22 16:50:47.187  3315  3695 I com.miui.home: CheckGCForNative gc_urgency 0.501862 current_native_bytes is 115472403 starting_gc_num:20
12-22 16:50:47.208  3315  3695 E cccccc  : createTaskSnapshot:
12-22 16:50:47.209  3315  3695 I cccccc  : getTaskSnapshotInstance:
12-22 16:50:47.212  3315  3695 I com.miui.home: CheckGCForNative adj_start_bytes: 32863243 NativeAllocationGcWatermark: 10561133 java_gc_start_bytes: 17021544 kNewNativeDiscountFactor: 2 kOldNativeDiscountFactor: 65536 old_native_bytes: 104437915 new_native_bytes: 21725304 add_bytes_allowed: 31683399 is_gc_concurrent: 1 target_footprint_: 17380201 GetBytesAllocated: 11021892 HeapGrowthMultiplier: 3
12-22 16:50:47.212  3315  3695 I com.miui.home: CheckGCForNative gc_urgency 0.665976 current_native_bytes is 126163219 starting_gc_num:20
12-22 16:50:47.405  3315  3618 I com.miui.home: CheckGCForNative adj_start_bytes: 32863243 NativeAllocationGcWatermark: 10561133 java_gc_start_bytes: 17021544 kNewNativeDiscountFactor: 2 kOldNativeDiscountFactor: 65536 old_native_bytes: 104437915 new_native_bytes: 21854768 add_bytes_allowed: 31683399 is_gc_concurrent: 1 target_footprint_: 17380201 GetBytesAllocated: 11348115 HeapGrowthMultiplier: 3
12-22 16:50:47.405  3315  3618 I com.miui.home: CheckGCForNative gc_urgency 0.677873 current_native_bytes is 126292683 starting_gc_num:20
12-22 16:50:47.407  3315  3618 I cccccc  : createTaskSnapshotCompat:
12-22 16:50:47.412  3315  3618 I com.miui.home: CheckGCForNative adj_start_bytes: 32863243 NativeAllocationGcWatermark: 10561133 java_gc_start_bytes: 17021544 kNewNativeDiscountFactor: 2 kOldNativeDiscountFactor: 65536 old_native_bytes: 104437915 new_native_bytes: 32561712 add_bytes_allowed: 31683399 is_gc_concurrent: 1 target_footprint_: 17380201 GetBytesAllocated: 11350411 HeapGrowthMultiplier: 3
12-22 16:50:47.413  3315  3618 I com.miui.home: CheckGCForNative gc_urgency 0.840844 current_native_bytes is 136999627 starting_gc_num:20
12-22 16:50:47.462  3315  4449 I cccccc  : getTaskSnapshot:
12-22 16:50:47.463  3315  4449 I com.miui.home: CheckGCForNative adj_start_bytes: 32863243 NativeAllocationGcWatermark: 10561133 java_gc_start_bytes: 17021544 kNewNativeDiscountFactor: 2 kOldNativeDiscountFactor: 65536 old_native_bytes: 104437915 new_native_bytes: 32563952 add_bytes_allowed: 31683399 is_gc_concurrent: 1 target_footprint_: 17380201 GetBytesAllocated: 11450302 HeapGrowthMultiplier: 3
12-22 16:50:47.463  3315  4449 I com.miui.home: CheckGCForNative gc_urgency 0.843918 current_native_bytes is 137001867 starting_gc_num:20
12-22 16:50:47.475  3315  3315 I cccccc  : createTaskSnapshotCompat:
12-22 16:50:47.600  3315  3695 I com.miui.home: CheckGCForNative adj_start_bytes: 32863243 NativeAllocationGcWatermark: 10561133 java_gc_start_bytes: 17021544 kNewNativeDiscountFactor: 2 kOldNativeDiscountFactor: 65536 old_native_bytes: 104437915 new_native_bytes: 22047932 add_bytes_allowed: 31683399 is_gc_concurrent: 1 target_footprint_: 17380201 GetBytesAllocated: 11729249 HeapGrowthMultiplier: 3
12-22 16:50:47.608  3315  3695 I com.miui.home: CheckGCForNative gc_urgency 0.692409 current_native_bytes is 126485847 starting_gc_num:20
12-22 16:50:47.675  3315  3695 E cccccc  : createTaskSnapshot:
12-22 16:50:47.675  3315  3695 I cccccc  : getTaskSnapshotInstance:
12-22 16:50:47.676  3315  3695 I com.miui.home: CheckGCForNative adj_start_bytes: 32863243 NativeAllocationGcWatermark: 10561133 java_gc_start_bytes: 17021544 kNewNativeDiscountFactor: 2 kOldNativeDiscountFactor: 65536 old_native_bytes: 104437915 new_native_bytes: 32814108 add_bytes_allowed: 31683399 is_gc_concurrent: 1 target_footprint_: 17380201 GetBytesAllocated: 11868811 HeapGrowthMultiplier: 3
12-22 16:50:47.676  3315  3695 I com.miui.home: CheckGCForNative gc_urgency 0.860458 current_native_bytes is 137252023 starting_gc_num:20
12-22 16:50:47.678  3315  3315 I wm_on_top_resumed_lost_called: [66835825,com.miui.home.launcher.Launcher,topStateChangedWhenResumed]
12-22 16:50:47.695  3315  3357 D cccccc  : onTaskStackChangedBackground
12-22 16:50:47.697  3315  3594 I com.miui.home: CheckGCForNative adj_start_bytes: 32863243 NativeAllocationGcWatermark: 10561133 java_gc_start_bytes: 17021544 kNewNativeDiscountFactor: 2 kOldNativeDiscountFactor: 65536 old_native_bytes: 104437915 new_native_bytes: 32839884 add_bytes_allowed: 31683399 is_gc_concurrent: 1 target_footprint_: 17380201 GetBytesAllocated: 11910587 HeapGrowthMultiplier: 3
12-22 16:50:47.698  3315  3594 I com.miui.home: CheckGCForNative gc_urgency 0.862122 current_native_bytes is 137277799 starting_gc_num:20
12-22 16:50:47.698  3315  3357 D cccccc  : onTaskStackChangedBackground
12-22 16:50:47.927  3315  3315 I wm_on_paused_called: [0,66835825,com.miui.home.launcher.Launcher,performPause,2]
12-22 16:50:47.929  3315  3695 E cccccc  : createTaskSnapshot:
12-22 16:50:47.929  3315  3695 I cccccc  : getTaskSnapshotInstance:
12-22 16:50:47.963  3315  3695 E cccccc  : createTaskSnapshot:
12-22 16:50:47.964  3315  3695 I cccccc  : getTaskSnapshotInstance:
12-22 16:50:47.984  3315  3695 I com.miui.home: CheckGCForNative adj_start_bytes: 32863243 NativeAllocationGcWatermark: 10561133 java_gc_start_bytes: 17021544 kNewNativeDiscountFactor: 2 kOldNativeDiscountFactor: 65536 old_native_bytes: 104437915 new_native_bytes: 33490856 add_bytes_allowed: 31683399 is_gc_concurrent: 1 target_footprint_: 17380201 GetBytesAllocated: 12680304 HeapGrowthMultiplier: 3
12-22 16:50:47.984  3315  3695 I com.miui.home: CheckGCForNative gc_urgency 0.895448 current_native_bytes is 137928771 starting_gc_num:20
12-22 16:50:48.038  3315  3391 D cccccc  : onTaskStackChangedBackground
12-22 16:50:48.044  3315  3391 D cccccc  : onTaskStackChangedBackground
12-22 16:50:48.230  3315  3620 I com.miui.home: CheckGCForNative adj_start_bytes: 32863243 NativeAllocationGcWatermark: 10561133 java_gc_start_bytes: 17021544 kNewNativeDiscountFactor: 2 kOldNativeDiscountFactor: 65536 old_native_bytes: 104437915 new_native_bytes: 23185736 add_bytes_allowed: 31683399 is_gc_concurrent: 1 target_footprint_: 17380201 GetBytesAllocated: 13238630 HeapGrowthMultiplier: 3
12-22 16:50:48.230  3315  3620 I com.miui.home: CheckGCForNative gc_urgency 0.755649 current_native_bytes is 127623651 starting_gc_num:20
12-22 16:50:48.293  3315  3695 E cccccc  : createTaskSnapshot:
12-22 16:50:48.293  3315  3695 I cccccc  : getTaskSnapshotInstance:
12-22 16:50:48.500  3315  3695 I com.miui.home: CheckGCForNative adj_start_bytes: 32863243 NativeAllocationGcWatermark: 10561133 java_gc_start_bytes: 17021544 kNewNativeDiscountFactor: 2 kOldNativeDiscountFactor: 65536 old_native_bytes: 104437915 new_native_bytes: 23448988 add_bytes_allowed: 31683399 is_gc_concurrent: 1 target_footprint_: 17380201 GetBytesAllocated: 13918931 HeapGrowthMultiplier: 3
12-22 16:50:48.501  3315  3695 I com.miui.home: CheckGCForNative gc_urgency 0.780356 current_native_bytes is 127886903 starting_gc_num:20
12-22 16:50:48.563  8731  8731 I wm_on_create_called: [0,246783460,fm.qingting.qtradio.WelcomeActivity,performCreate,80]
12-22 16:50:48.563  3315  3620 I com.miui.home: CheckGCForNative adj_start_bytes: 32863243 NativeAllocationGcWatermark: 10561133 java_gc_start_bytes: 17021544 kNewNativeDiscountFactor: 2 kOldNativeDiscountFactor: 65536 old_native_bytes: 104437915 new_native_bytes: 23480412 add_bytes_allowed: 31683399 is_gc_concurrent: 1 target_footprint_: 17380201 GetBytesAllocated: 14029619 HeapGrowthMultiplier: 3
12-22 16:50:48.563  3315  3620 I com.miui.home: CheckGCForNative gc_urgency 0.784202 current_native_bytes is 127918327 starting_gc_num:20
12-22 16:50:48.564  8731  8731 I wm_on_start_called: [0,246783460,fm.qingting.qtradio.WelcomeActivity,handleStartActivity,1]
12-22 16:50:48.572  8731  8731 I wm_on_resume_called: [0,246783460,fm.qingting.qtradio.WelcomeActivity,RESUME_ACTIVITY,7]
12-22 16:50:48.617  3315  3695 E cccccc  : createTaskSnapshot:
12-22 16:50:48.617  3315  3695 I cccccc  : getTaskSnapshotInstance:
12-22 16:50:48.639  8731  8731 I wm_on_top_resumed_gained_called: [246783460,fm.qingting.qtradio.WelcomeActivity,topStateChangedWhenResumed]
12-22 16:50:48.802  3315  3315 I wm_on_stop_called: [0,66835825,com.miui.home.launcher.Launcher,STOP_ACTIVITY_ITEM,3]
12-22 16:50:48.930  8731  8731 I wm_on_idle_called: fm.qingting.qtradio.WelcomeActivity
12-22 16:50:49.206  8731  8731 I wm_on_top_resumed_lost_called: [246783460,fm.qingting.qtradio.WelcomeActivity,topStateChangedWhenResumed]
12-22 16:50:49.216  3315  3315 I wm_on_restart_called: [0,66835825,com.miui.home.launcher.Launcher,,0]
12-22 16:50:49.217  3315  3315 I wm_on_start_called: [0,66835825,com.miui.home.launcher.Launcher,handleStartActivity,1]
12-22 16:50:49.238  3315  3315 I wm_on_resume_called: [0,66835825,com.miui.home.launcher.Launcher,RESUME_ACTIVITY,19]
12-22 16:50:49.346  3315  3315 I wm_on_top_resumed_gained_called: [66835825,com.miui.home.launcher.Launcher,topStateChangedWhenResumed]
12-22 16:50:49.349  3315  3315 I wm_on_idle_called: com.miui.home.launcher.Launcher
12-22 16:50:49.429  3315  3391 I com.miui.home: CheckGCForNative adj_start_bytes: 32863243 NativeAllocationGcWatermark: 10561133 java_gc_start_bytes: 17021544 kNewNativeDiscountFactor: 2 kOldNativeDiscountFactor: 65536 old_native_bytes: 104437915 new_native_bytes: 34308300 add_bytes_allowed: 31683399 is_gc_concurrent: 1 target_footprint_: 17380201 GetBytesAllocated: 15198312 HeapGrowthMultiplier: 3
12-22 16:50:49.429  3315  3391 I com.miui.home: CheckGCForNative gc_urgency 0.984506 current_native_bytes is 138746215 starting_gc_num:20
12-22 16:50:49.430  3315  3391 I cccccc  : createTaskSnapshotCompat:
12-22 16:50:49.433  3315  3391 I com.miui.home: CheckGCForNative adj_start_bytes: 32863243 NativeAllocationGcWatermark: 10561133 java_gc_start_bytes: 17021544 kNewNativeDiscountFactor: 2 kOldNativeDiscountFactor: 65536 old_native_bytes: 104437915 new_native_bytes: 45015436 add_bytes_allowed: 31683399 is_gc_concurrent: 1 target_footprint_: 17380201 GetBytesAllocated: 15237873 HeapGrowthMultiplier: 3
12-22 16:50:49.433  3315  3357 I cccccc  : getTaskSnapshot:
12-22 16:50:49.434  3315  3391 I com.miui.home: CheckGCForNative gc_urgency 1.14861 current_native_bytes is 149453351 starting_gc_num:20
12-22 16:50:49.434  3315  3391 I com.miui.home: CheckGCForNative requested 1
12-22 16:50:49.437  3315  3357 I com.miui.home: CheckGCForNative adj_start_bytes: 32863243 NativeAllocationGcWatermark: 10561133 java_gc_start_bytes: 17021544 kNewNativeDiscountFactor: 2 kOldNativeDiscountFactor: 65536 old_native_bytes: 104437915 new_native_bytes: 45016044 add_bytes_allowed: 31683399 is_gc_concurrent: 1 target_footprint_: 17380201 GetBytesAllocated: 15270584 HeapGrowthMultiplier: 3
12-22 16:50:49.437  3315  3357 I com.miui.home: CheckGCForNative gc_urgency 1.14962 current_native_bytes is 149453959 starting_gc_num:20
12-22 16:50:49.437  3315  3357 I com.miui.home: CheckGCForNative requested 1
12-22 16:50:49.437  3315  3315 I cccccc  : createTaskSnapshotCompat:
12-22 16:50:49.530  3315  3620 I com.miui.home: CheckGCForNative adj_start_bytes: 32863243 NativeAllocationGcWatermark: 10561133 java_gc_start_bytes: 17021544 kNewNativeDiscountFactor: 2 kOldNativeDiscountFactor: 65536 old_native_bytes: 104437915 new_native_bytes: 34413852 add_bytes_allowed: 31683399 is_gc_concurrent: 1 target_footprint_: 17380201 GetBytesAllocated: 15474911 HeapGrowthMultiplier: 3
12-22 16:50:49.530  3315  3620 I com.miui.home: CheckGCForNative gc_urgency 0.994528 current_native_bytes is 138851767 starting_gc_num:20
12-22 16:50:49.634  3315  3351 I com.miui.home: NativeAlloc concurrent copying GC freed 149961(6386KB) AllocSpace objects, 6(312KB) LOS objects, 49% free, 8477KB/16MB, paused 558us,76us total 199.557ms
12-22 16:50:49.886  3315  3620 I com.miui.home: CheckGCForNative gc_urgency 0 current_native_bytes is 127425943 starting_gc_num:21
12-22 16:50:49.896  3315  3620 I com.miui.home: CheckGCForNative adj_start_bytes: 32917304 NativeAllocationGcWatermark: 10558724 java_gc_start_bytes: 17079218 kNewNativeDiscountFactor: 2 kOldNativeDiscountFactor: 65536 old_native_bytes: 127425943 new_native_bytes: 512 add_bytes_allowed: 31676172 is_gc_concurrent: 1 target_footprint_: 17360931 GetBytesAllocated: 8825724 HeapGrowthMultiplier: 3
12-22 16:50:49.897  3315  3620 I com.miui.home: CheckGCForNative gc_urgency 0.268185 current_native_bytes is 127426455 starting_gc_num:21
12-22 16:50:49.965  3315  3618 I cccccc  : createTaskSnapshotCompat:
12-22 16:50:49.992  8731  8731 I wm_on_paused_called: [0,246783460,fm.qingting.qtradio.WelcomeActivity,performPause,35]
12-22 16:50:50.100  3315  4449 D cccccc  : onTaskStackChangedBackground
12-22 16:50:50.109  3315  4449 D cccccc  : onTaskStackChangedBackground
12-22 16:50:50.177  8731  8731 I wm_on_stop_called: [0,246783460,fm.qingting.qtradio.WelcomeActivity,STOP_ACTIVITY_ITEM,102]
12-22 16:50:50.240  3315  3315 I wm_on_top_resumed_lost_called: [66835825,com.miui.home.launcher.Launcher,topStateChangedWhenResumed]
12-22 16:50:50.244  3315  3315 I wm_on_paused_called: [0,66835825,com.miui.home.launcher.Launcher,performPause,2]
12-22 16:50:50.410  3315  4449 D cccccc  : onTaskStackChangedBackground
12-22 16:50:50.411  3315  3391 D cccccc  : onTaskStackChangedBackground
12-22 16:50:50.413  3315  3391 D cccccc  : onTaskStackChangedBackground
12-22 16:50:50.415  3315  7881 D cccccc  : onTaskStackChangedBackground
12-22 16:50:50.503  3315  3695 E cccccc  : createTaskSnapshot:
12-22 16:50:50.503  3315  3695 I cccccc  : getTaskSnapshotInstance:
12-22 16:50:50.522  3315  3695 I com.miui.home: CheckGCForNative adj_start_bytes: 32917304 NativeAllocationGcWatermark: 10558724 java_gc_start_bytes: 17079218 kNewNativeDiscountFactor: 2 kOldNativeDiscountFactor: 65536 old_native_bytes: 127425943 new_native_bytes: 13088340 add_bytes_allowed: 31676172 is_gc_concurrent: 1 target_footprint_: 17360931 GetBytesAllocated: 10161251 HeapGrowthMultiplier: 3
12-22 16:50:50.522  3315  3695 I com.miui.home: CheckGCForNative gc_urgency 0.507556 current_native_bytes is 140514283 starting_gc_num:21
12-22 16:50:50.563  3315  3620 I com.miui.home: CheckGCForNative adj_start_bytes: 32917304 NativeAllocationGcWatermark: 10558724 java_gc_start_bytes: 17079218 kNewNativeDiscountFactor: 2 kOldNativeDiscountFactor: 65536 old_native_bytes: 127425943 new_native_bytes: 2353268 add_bytes_allowed: 31676172 is_gc_concurrent: 1 target_footprint_: 17360931 GetBytesAllocated: 10254823 HeapGrowthMultiplier: 3
12-22 16:50:50.563  3315  3620 I com.miui.home: CheckGCForNative gc_urgency 0.347337 current_native_bytes is 129779211 starting_gc_num:21
12-22 16:50:50.667  9022  9022 I wm_on_application_create_called: [0,com.xiaomi.bluetooth,618]
12-22 16:50:50.863  3315  3620 I com.miui.home: CheckGCForNative adj_start_bytes: 32917304 NativeAllocationGcWatermark: 10558724 java_gc_start_bytes: 17079218 kNewNativeDiscountFactor: 2 kOldNativeDiscountFactor: 65536 old_native_bytes: 127425943 new_native_bytes: 2654120 add_bytes_allowed: 31676172 is_gc_concurrent: 1 target_footprint_: 17360931 GetBytesAllocated: 10750385 HeapGrowthMultiplier: 3
12-22 16:50:50.863  3315  3620 I com.miui.home: CheckGCForNative gc_urgency 0.366962 current_native_bytes is 130080063 starting_gc_num:21
12-22 16:50:50.875  3315  3695 E cccccc  : createTaskSnapshot:
12-22 16:50:50.875  3315  3695 I cccccc  : getTaskSnapshotInstance:
12-22 16:50:50.896  3315  3620 I com.miui.home: CheckGCForNative adj_start_bytes: 32917304 NativeAllocationGcWatermark: 10558724 java_gc_start_bytes: 17079218 kNewNativeDiscountFactor: 2 kOldNativeDiscountFactor: 65536 old_native_bytes: 127425943 new_native_bytes: 2771176 add_bytes_allowed: 31676172 is_gc_concurrent: 1 target_footprint_: 17360931 GetBytesAllocated: 10817786 HeapGrowthMultiplier: 3
12-22 16:50:50.896  3315  3620 I com.miui.home: CheckGCForNative gc_urgency 0.370787 current_native_bytes is 130197119 starting_gc_num:21
12-22 16:50:51.578  9159  9159 I wm_on_application_create_called: [0,com.ss.android.ugc.aweme,273]
12-22 16:50:51.793  3315  3315 I wm_on_resume_called: [0,66835825,com.miui.home.launcher.Launcher,RESUME_ACTIVITY,20]
12-22 16:50:51.813  3315  3315 I wm_on_idle_called: com.miui.home.launcher.Launcher
12-22 16:50:51.887  3315  4449 I com.miui.home: CheckGCForNative adj_start_bytes: 32917304 NativeAllocationGcWatermark: 10558724 java_gc_start_bytes: 17079218 kNewNativeDiscountFactor: 2 kOldNativeDiscountFactor: 65536 old_native_bytes: 127425943 new_native_bytes: 13237092 add_bytes_allowed: 31676172 is_gc_concurrent: 1 target_footprint_: 17360931 GetBytesAllocated: 11897706 HeapGrowthMultiplier: 3
12-22 16:50:51.888  3315  4449 I com.miui.home: CheckGCForNative gc_urgency 0.563065 current_native_bytes is 140663035 starting_gc_num:21
12-22 16:50:51.891  3315  4449 I cccccc  : createTaskSnapshotCompat:
12-22 16:50:51.893  3315  7881 I cccccc  : getTaskSnapshot:
12-22 16:50:51.893  3315  7881 I com.miui.home: CheckGCForNative adj_start_bytes: 32917304 NativeAllocationGcWatermark: 10558724 java_gc_start_bytes: 17079218 kNewNativeDiscountFactor: 2 kOldNativeDiscountFactor: 65536 old_native_bytes: 127425943 new_native_bytes: 23943012 add_bytes_allowed: 31676172 is_gc_concurrent: 1 target_footprint_: 17360931 GetBytesAllocated: 11969907 HeapGrowthMultiplier: 3
12-22 16:50:51.893  3315  7881 I com.miui.home: CheckGCForNative gc_urgency 0.727379 current_native_bytes is 151368955 starting_gc_num:21
12-22 16:50:51.893  3315  3315 I cccccc  : createTaskSnapshotCompat:
12-22 16:50:51.894  3315  4449 I com.miui.home: CheckGCForNative adj_start_bytes: 32917304 NativeAllocationGcWatermark: 10558724 java_gc_start_bytes: 17079218 kNewNativeDiscountFactor: 2 kOldNativeDiscountFactor: 65536 old_native_bytes: 127425943 new_native_bytes: 34650340 add_bytes_allowed: 31676172 is_gc_concurrent: 1 target_footprint_: 17360931 GetBytesAllocated: 11970099 HeapGrowthMultiplier: 3
12-22 16:50:51.894  3315  4449 I com.miui.home: CheckGCForNative gc_urgency 0.890025 current_native_bytes is 162076283 starting_gc_num:21
12-22 16:50:51.963  3315  3620 I com.miui.home: CheckGCForNative adj_start_bytes: 32917304 NativeAllocationGcWatermark: 10558724 java_gc_start_bytes: 17079218 kNewNativeDiscountFactor: 2 kOldNativeDiscountFactor: 65536 old_native_bytes: 127425943 new_native_bytes: 13285428 add_bytes_allowed: 31676172 is_gc_concurrent: 1 target_footprint_: 17360931 GetBytesAllocated: 12254151 HeapGrowthMultiplier: 3
12-22 16:50:51.963  3315  3620 I com.miui.home: CheckGCForNative gc_urgency 0.57413 current_native_bytes is 140711371 starting_gc_num:21
12-22 16:50:52.149  9159  9159 I wm_on_create_called: [0,148994613,com.ss.android.ugc.aweme.splash.SplashActivity,performCreate,492]
12-22 16:50:52.197  3315  3315 I wm_on_top_resumed_gained_called: [66835825,com.miui.home.launcher.Launcher,topStateChangedWhenResumed]
12-22 16:50:52.208  3315  3620 I com.miui.home: CheckGCForNative adj_start_bytes: 32917304 NativeAllocationGcWatermark: 10558724 java_gc_start_bytes: 17079218 kNewNativeDiscountFactor: 2 kOldNativeDiscountFactor: 65536 old_native_bytes: 127425943 new_native_bytes: 13302340 add_bytes_allowed: 31676172 is_gc_concurrent: 1 target_footprint_: 17360931 GetBytesAllocated: 12366907 HeapGrowthMultiplier: 3
12-22 16:50:52.208  3315  3620 I com.miui.home: CheckGCForNative gc_urgency 0.577812 current_native_bytes is 140728283 starting_gc_num:21
12-22 16:50:52.319  3315  3620 I com.miui.home: CheckGCForNative adj_start_bytes: 32917304 NativeAllocationGcWatermark: 10558724 java_gc_start_bytes: 17079218 kNewNativeDiscountFactor: 2 kOldNativeDiscountFactor: 65536 old_native_bytes: 127425943 new_native_bytes: 13335588 add_bytes_allowed: 31676172 is_gc_concurrent: 1 target_footprint_: 17360931 GetBytesAllocated: 12407644 HeapGrowthMultiplier: 3
12-22 16:50:52.319  3315  3620 I com.miui.home: CheckGCForNative gc_urgency 0.579555 current_native_bytes is 140761531 starting_gc_num:21
12-22 16:50:52.385  3315  3618 I com.miui.home: CheckGCForNative adj_start_bytes: 32917304 NativeAllocationGcWatermark: 10558724 java_gc_start_bytes: 17079218 kNewNativeDiscountFactor: 2 kOldNativeDiscountFactor: 65536 old_native_bytes: 127425943 new_native_bytes: 24036884 add_bytes_allowed: 31676172 is_gc_concurrent: 1 target_footprint_: 17360931 GetBytesAllocated: 12437924 HeapGrowthMultiplier: 3
12-22 16:50:52.385  3315  3618 I com.miui.home: CheckGCForNative gc_urgency 0.743023 current_native_bytes is 151462827 starting_gc_num:21
12-22 16:50:52.385  3315  3618 I cccccc  : createTaskSnapshotCompat:
12-22 16:50:52.386  3315  7881 I cccccc  : getTaskSnapshot:
12-22 16:50:52.388  3315  7881 I com.miui.home: CheckGCForNative adj_start_bytes: 32917304 NativeAllocationGcWatermark: 10558724 java_gc_start_bytes: 17079218 kNewNativeDiscountFactor: 2 kOldNativeDiscountFactor: 65536 old_native_bytes: 127425943 new_native_bytes: 34743844 add_bytes_allowed: 31676172 is_gc_concurrent: 1 target_footprint_: 17360931 GetBytesAllocated: 12438116 HeapGrowthMultiplier: 3
12-22 16:50:52.396  3315  3618 I com.miui.home: CheckGCForNative adj_start_bytes: 32917304 NativeAllocationGcWatermark: 10558724 java_gc_start_bytes: 17079218 kNewNativeDiscountFactor: 2 kOldNativeDiscountFactor: 65536 old_native_bytes: 127425943 new_native_bytes: 45451108 add_bytes_allowed: 31676172 is_gc_concurrent: 1 target_footprint_: 17360931 GetBytesAllocated: 12443522 HeapGrowthMultiplier: 3
12-22 16:50:52.396  3315  3618 I com.miui.home: CheckGCForNative gc_urgency 1.06847 current_native_bytes is 172877051 starting_gc_num:21
12-22 16:50:52.396  3315  3618 I com.miui.home: CheckGCForNative requested 1
12-22 16:50:52.397  3315  7881 I com.miui.home: CheckGCForNative gc_urgency 0.905827 current_native_bytes is 162169787 starting_gc_num:21
12-22 16:50:52.399  3315  3315 I cccccc  : createTaskSnapshotCompat:
12-22 16:50:52.671  3315  3315 I wm_on_top_resumed_lost_called: [66835825,com.miui.home.launcher.Launcher,topStateChangedWhenResumed]
12-22 16:50:52.681  3315  3391 D cccccc  : onTaskStackChangedBackground
12-22 16:50:52.684  3315  3391 D cccccc  : onTaskStackChangedBackground
12-22 16:50:52.870  3315  3351 I com.miui.home: NativeAlloc concurrent copying GC freed 90984(3788KB) AllocSpace objects, 4(208KB) LOS objects, 49% free, 8746KB/17MB, paused 604us,473us total 472.986ms
12-22 16:50:52.913  3315  3315 I wm_on_paused_called: [0,66835825,com.miui.home.launcher.Launcher,performPause,3]
12-22 16:50:52.985  9159  9159 I wm_on_start_called: [0,148994613,com.ss.android.ugc.aweme.splash.SplashActivity,handleStartActivity,835]
12-22 16:50:53.014  3315  7881 D cccccc  : onTaskStackChangedBackground
12-22 16:50:53.019  3315  7881 D cccccc  : onTaskStackChangedBackground
12-22 16:50:53.080  9159  9159 I wm_on_resume_called: [0,148994613,com.ss.android.ugc.aweme.splash.SplashActivity,RESUME_ACTIVITY,71]
12-22 16:50:53.104  3315  3695 E cccccc  : createTaskSnapshot:
12-22 16:50:53.104  3315  3695 I cccccc  : getTaskSnapshotInstance:
12-22 16:50:53.127  3315  3558 E cccccc  : createTaskSnapshot:
12-22 16:50:53.127  3315  3558 I cccccc  : getTaskSnapshotInstance:
12-22 16:50:53.142  3315  3695 I com.miui.home: CheckGCForNative gc_urgency 0 current_native_bytes is 140716571 starting_gc_num:22
12-22 16:50:53.221  9159  9159 I wm_on_top_resumed_gained_called: [148994613,com.ss.android.ugc.aweme.splash.SplashActivity,topStateChangedWhenResumed]
12-22 16:50:53.232  3315  3695 I com.miui.home: CheckGCForNative gc_urgency 0 current_native_bytes is 130269103 starting_gc_num:22
12-22 16:50:53.253  9159  9159 I wm_on_top_resumed_lost_called: [148994613,com.ss.android.ugc.aweme.splash.SplashActivity,topStateChangedWhenResumed]
12-22 16:50:53.350  3315  3558 E cccccc  : createTaskSnapshot:
12-22 16:50:53.351  3315  3558 I cccccc  : getTaskSnapshotInstance:
12-22 16:50:53.463  3315  3620 I com.miui.home: CheckGCForNative adj_start_bytes: 33331211 NativeAllocationGcWatermark: 10627827 java_gc_start_bytes: 17389471 kNewNativeDiscountFactor: 2 kOldNativeDiscountFactor: 65536 old_native_bytes: 130269103 new_native_bytes: 75264 add_bytes_allowed: 31883481 is_gc_concurrent: 1 target_footprint_: 17913759 GetBytesAllocated: 10490110 HeapGrowthMultiplier: 3
12-22 16:50:53.463  3315  3620 I com.miui.home: CheckGCForNative gc_urgency 0.315912 current_native_bytes is 130344367 starting_gc_num:22
12-22 16:50:53.519  3315  3620 I com.miui.home: CheckGCForNative adj_start_bytes: 33331211 NativeAllocationGcWatermark: 10627827 java_gc_start_bytes: 17389471 kNewNativeDiscountFactor: 2 kOldNativeDiscountFactor: 65536 old_native_bytes: 130269103 new_native_bytes: 79400 add_bytes_allowed: 31883481 is_gc_concurrent: 1 target_footprint_: 17913759 GetBytesAllocated: 10508582 HeapGrowthMultiplier: 3
12-22 16:50:53.519  3315  3620 I com.miui.home: CheckGCForNative gc_urgency 0.316528 current_native_bytes is 130348503 starting_gc_num:22
12-22 16:50:53.781  9574  9574 I wm_on_create_called: [0,29496847,com.eg.android.AlipayGphone.AlipayLogin,performCreate,110]
12-22 16:50:53.784  9574  9574 I wm_on_start_called: [0,29496847,com.eg.android.AlipayGphone.AlipayLogin,handleStartActivity,3]
12-22 16:50:53.791  9574  9574 I wm_on_resume_called: [0,29496847,com.eg.android.AlipayGphone.AlipayLogin,RESUME_ACTIVITY,5]
12-22 16:50:53.820  9574  9574 I wm_on_top_resumed_gained_called: [29496847,com.eg.android.AlipayGphone.AlipayLogin,topStateChangedWhenResumed]
12-22 16:50:54.107  3315  3315 I wm_on_stop_called: [0,66835825,com.miui.home.launcher.Launcher,STOP_ACTIVITY_ITEM,8]
12-22 16:50:54.299  9574  9574 I wm_on_idle_called: com.eg.android.AlipayGphone.AlipayLogin
12-22 16:50:54.348  9159  9159 I wm_on_paused_called: [0,148994613,com.ss.android.ugc.aweme.splash.SplashActivity,performPause,43]
12-22 16:50:54.399  3315  3315 I wm_on_restart_called: [0,66835825,com.miui.home.launcher.Launcher,,0]
12-22 16:50:54.401  3315  3315 I wm_on_start_called: [0,66835825,com.miui.home.launcher.Launcher,handleStartActivity,1]
12-22 16:50:54.424  3315  3315 I wm_on_resume_called: [0,66835825,com.miui.home.launcher.Launcher,RESUME_ACTIVITY,21]
12-22 16:50:54.424  9574  9574 I wm_on_top_resumed_lost_called: [29496847,com.eg.android.AlipayGphone.AlipayLogin,topStateChangedWhenResumed]
12-22 16:50:54.493  3315  3315 I wm_on_top_resumed_gained_called: [66835825,com.miui.home.launcher.Launcher,topStateChangedWhenResumed]
12-22 16:50:54.592  3315  3315 I wm_on_idle_called: com.miui.home.launcher.Launcher
12-22 16:50:54.620  9159  9159 I wm_on_stop_called: [0,148994613,com.ss.android.ugc.aweme.splash.SplashActivity,STOP_ACTIVITY_ITEM,191]
12-22 16:50:54.700  3315  3357 I cccccc  : getTaskSnapshot:
12-22 16:50:54.700  3315  3357 I com.miui.home: CheckGCForNative adj_start_bytes: 33331211 NativeAllocationGcWatermark: 10627827 java_gc_start_bytes: 17389471 kNewNativeDiscountFactor: 2 kOldNativeDiscountFactor: 65536 old_native_bytes: 130269103 new_native_bytes: 10880660 add_bytes_allowed: 31883481 is_gc_concurrent: 1 target_footprint_: 17913759 GetBytesAllocated: 12069801 HeapGrowthMultiplier: 3
12-22 16:50:54.700  3315  3357 I com.miui.home: CheckGCForNative gc_urgency 0.525397 current_native_bytes is 141149763 starting_gc_num:22
12-22 16:50:54.701  3315  3315 I cccccc  : createTaskSnapshotCompat:
12-22 16:50:54.701  3315  3315 I com.miui.home: CheckGCForNative adj_start_bytes: 33331211 NativeAllocationGcWatermark: 10627827 java_gc_start_bytes: 17389471 kNewNativeDiscountFactor: 2 kOldNativeDiscountFactor: 65536 old_native_bytes: 130269103 new_native_bytes: 21587604 add_bytes_allowed: 31883481 is_gc_concurrent: 1 target_footprint_: 17913759 GetBytesAllocated: 12069993 HeapGrowthMultiplier: 3
12-22 16:50:54.701  3315  3315 I com.miui.home: CheckGCForNative gc_urgency 0.686017 current_native_bytes is 151856707 starting_gc_num:22
12-22 16:50:54.703  3315  7881 I com.miui.home: CheckGCForNative adj_start_bytes: 33331211 NativeAllocationGcWatermark: 10627827 java_gc_start_bytes: 17389471 kNewNativeDiscountFactor: 2 kOldNativeDiscountFactor: 65536 old_native_bytes: 130269103 new_native_bytes: 21586132 add_bytes_allowed: 31883481 is_gc_concurrent: 1 target_footprint_: 17913759 GetBytesAllocated: 12069993 HeapGrowthMultiplier: 3
12-22 16:50:54.703  3315  7881 I com.miui.home: CheckGCForNative gc_urgency 0.685995 current_native_bytes is 151855235 starting_gc_num:22
12-22 16:50:54.703  3315  7881 I cccccc  : createTaskSnapshotCompat:
12-22 16:50:54.763  3315  3620 I com.miui.home: CheckGCForNative adj_start_bytes: 33331211 NativeAllocationGcWatermark: 10627827 java_gc_start_bytes: 17389471 kNewNativeDiscountFactor: 2 kOldNativeDiscountFactor: 65536 old_native_bytes: 130269103 new_native_bytes: 10928804 add_bytes_allowed: 31883481 is_gc_concurrent: 1 target_footprint_: 17913759 GetBytesAllocated: 12122335 HeapGrowthMultiplier: 3
12-22 16:50:54.763  3315  3620 I com.miui.home: CheckGCForNative gc_urgency 0.527695 current_native_bytes is 141197907 starting_gc_num:22
12-22 16:50:55.008  3315  3620 I com.miui.home: CheckGCForNative adj_start_bytes: 33331211 NativeAllocationGcWatermark: 10627827 java_gc_start_bytes: 17389471 kNewNativeDiscountFactor: 2 kOldNativeDiscountFactor: 65536 old_native_bytes: 130269103 new_native_bytes: 10952484 add_bytes_allowed: 31883481 is_gc_concurrent: 1 target_footprint_: 17913759 GetBytesAllocated: 12223640 HeapGrowthMultiplier: 3
12-22 16:50:55.008  3315  3620 I com.miui.home: CheckGCForNative gc_urgency 0.53109 current_native_bytes is 141221587 starting_gc_num:22
12-22 16:50:55.119  3315  3620 I com.miui.home: CheckGCForNative adj_start_bytes: 33331211 NativeAllocationGcWatermark: 10627827 java_gc_start_bytes: 17389471 kNewNativeDiscountFactor: 2 kOldNativeDiscountFactor: 65536 old_native_bytes: 130269103 new_native_bytes: 10953156 add_bytes_allowed: 31883481 is_gc_concurrent: 1 target_footprint_: 17913759 GetBytesAllocated: 12271295 HeapGrowthMultiplier: 3
12-22 16:50:55.119  3315  3620 I com.miui.home: CheckGCForNative gc_urgency 0.53253 current_native_bytes is 141222259 starting_gc_num:22
12-22 16:50:55.183  3315  3618 I com.miui.home: CheckGCForNative adj_start_bytes: 33331211 NativeAllocationGcWatermark: 10627827 java_gc_start_bytes: 17389471 kNewNativeDiscountFactor: 2 kOldNativeDiscountFactor: 65536 old_native_bytes: 130269103 new_native_bytes: 21642084 add_bytes_allowed: 31883481 is_gc_concurrent: 1 target_footprint_: 17913759 GetBytesAllocated: 12298431 HeapGrowthMultiplier: 3
12-22 16:50:55.183  3315  3618 I com.miui.home: CheckGCForNative gc_urgency 0.693688 current_native_bytes is 151911187 starting_gc_num:22
12-22 16:50:55.184  3315  3618 I cccccc  : createTaskSnapshotCompat:
12-22 16:50:55.185  3315  3618 I com.miui.home: CheckGCForNative adj_start_bytes: 33331211 NativeAllocationGcWatermark: 10627827 java_gc_start_bytes: 17389471 kNewNativeDiscountFactor: 2 kOldNativeDiscountFactor: 65536 old_native_bytes: 130269103 new_native_bytes: 32349220 add_bytes_allowed: 31883481 is_gc_concurrent: 1 target_footprint_: 17913759 GetBytesAllocated: 12311546 HeapGrowthMultiplier: 3
12-22 16:50:55.185  3315  3618 I com.miui.home: CheckGCForNative gc_urgency 0.854699 current_native_bytes is 162618323 starting_gc_num:22
12-22 16:50:55.187  3315  3357 I cccccc  : getTaskSnapshot:
12-22 16:50:55.190  3315  3357 I com.miui.home: CheckGCForNative adj_start_bytes: 33331211 NativeAllocationGcWatermark: 10627827 java_gc_start_bytes: 17389471 kNewNativeDiscountFactor: 2 kOldNativeDiscountFactor: 65536 old_native_bytes: 130269103 new_native_bytes: 32349220 add_bytes_allowed: 31883481 is_gc_concurrent: 1 target_footprint_: 17913759 GetBytesAllocated: 12311546 HeapGrowthMultiplier: 3
12-22 16:50:55.192  3315  3357 I com.miui.home: CheckGCForNative gc_urgency 0.854699 current_native_bytes is 162618323 starting_gc_num:22
12-22 16:50:55.195  3315  3315 I cccccc  : createTaskSnapshotCompat:
12-22 16:50:55.222  9574  9574 I wm_on_paused_called: [0,29496847,com.eg.android.AlipayGphone.AlipayLogin,performPause,19]
12-22 16:50:55.329  3315  3357 D cccccc  : onTaskStackChangedBackground
12-22 16:50:55.333  3315  7881 D cccccc  : onTaskStackChangedBackground
12-22 16:50:55.482  3315  3558 E cccccc  : createTaskSnapshot:
12-22 16:50:55.482  3315  3558 I cccccc  : getTaskSnapshotInstance:
12-22 16:50:55.483  3315  3558 I com.miui.home: CheckGCForNative adj_start_bytes: 33331211 NativeAllocationGcWatermark: 10627827 java_gc_start_bytes: 17389471 kNewNativeDiscountFactor: 2 kOldNativeDiscountFactor: 65536 old_native_bytes: 130269103 new_native_bytes: 32676896 add_bytes_allowed: 31883481 is_gc_concurrent: 1 target_footprint_: 17913759 GetBytesAllocated: 13015854 HeapGrowthMultiplier: 3
12-22 16:50:55.483  3315  3558 I com.miui.home: CheckGCForNative gc_urgency 0.880745 current_native_bytes is 162945999 starting_gc_num:22
12-22 16:50:55.522  3315  3558 I com.miui.home: CheckGCForNative adj_start_bytes: 33331211 NativeAllocationGcWatermark: 10627827 java_gc_start_bytes: 17389471 kNewNativeDiscountFactor: 2 kOldNativeDiscountFactor: 65536 old_native_bytes: 130269103 new_native_bytes: 47318304 add_bytes_allowed: 31883481 is_gc_concurrent: 1 target_footprint_: 17913759 GetBytesAllocated: 13085588 HeapGrowthMultiplier: 3
12-22 16:50:55.522  3315  3558 I com.miui.home: CheckGCForNative gc_urgency 1.10247 current_native_bytes is 177587407 starting_gc_num:22
12-22 16:50:55.522  3315  3558 I com.miui.home: CheckGCForNative requested 1
12-22 16:50:55.523  3315  3558 I com.miui.home: CheckGCForNative adj_start_bytes: 33331211 NativeAllocationGcWatermark: 10627827 java_gc_start_bytes: 17389471 kNewNativeDiscountFactor: 2 kOldNativeDiscountFactor: 65536 old_native_bytes: 130269103 new_native_bytes: 35538080 add_bytes_allowed: 31883481 is_gc_concurrent: 1 target_footprint_: 17913759 GetBytesAllocated: 13091794 HeapGrowthMultiplier: 3
12-22 16:50:55.523  3315  3558 I com.miui.home: CheckGCForNative gc_urgency 0.925944 current_native_bytes is 165807183 starting_gc_num:22
12-22 16:50:55.529  9574  9574 I wm_on_stop_called: [0,29496847,com.eg.android.AlipayGphone.AlipayLogin,STOP_ACTIVITY_ITEM,209]
12-22 16:50:55.548  3315  3558 I com.miui.home: CheckGCForNative adj_start_bytes: 33331211 NativeAllocationGcWatermark: 10627827 java_gc_start_bytes: 17389471 kNewNativeDiscountFactor: 2 kOldNativeDiscountFactor: 65536 old_native_bytes: 130269103 new_native_bytes: 36476592 add_bytes_allowed: 31883481 is_gc_concurrent: 1 target_footprint_: 17913759 GetBytesAllocated: 13159285 HeapGrowthMultiplier: 3
12-22 16:50:55.548  3315  3558 I com.miui.home: CheckGCForNative gc_urgency 0.942047 current_native_bytes is 166745695 starting_gc_num:22
12-22 16:50:55.649  3315  3315 I wm_on_top_resumed_lost_called: [66835825,com.miui.home.launcher.Launcher,topStateChangedWhenResumed]
12-22 16:50:55.657  3315  3315 I wm_on_paused_called: [0,66835825,com.miui.home.launcher.Launcher,performPause,3]
12-22 16:50:55.774  3315  3351 I com.miui.home: NativeAlloc concurrent copying GC freed 98439(4330KB) AllocSpace objects, 6(240KB) LOS objects, 49% free, 8927KB/17MB, paused 629us,749us total 246.252ms
12-22 16:50:55.845  3315  3357 D cccccc  : onTaskStackChangedBackground
12-22 16:50:55.864  3315  3357 D cccccc  : onTaskStackChangedBackground
12-22 16:50:55.887  3315  3357 I com.miui.home: CheckGCForNative gc_urgency 0 current_native_bytes is 131118467 starting_gc_num:23
12-22 16:50:55.896  3315  3558 I com.miui.home: CheckGCForNative adj_start_bytes: 33761882 NativeAllocationGcWatermark: 10673161 java_gc_start_bytes: 17752141 kNewNativeDiscountFactor: 2 kOldNativeDiscountFactor: 65536 old_native_bytes: 131118467 new_native_bytes: 1571432 add_bytes_allowed: 32019483 is_gc_concurrent: 1 target_footprint_: 18276429 GetBytesAllocated: 9441462 HeapGrowthMultiplier: 3
12-22 16:50:55.896  3315  3558 I com.miui.home: CheckGCForNative gc_urgency 0.30298 current_native_bytes is 132689899 starting_gc_num:23
12-22 16:50:55.896  3315  3558 I com.miui.home: CheckGCForNative adj_start_bytes: 33761882 NativeAllocationGcWatermark: 10673161 java_gc_start_bytes: 17752141 kNewNativeDiscountFactor: 2 kOldNativeDiscountFactor: 65536 old_native_bytes: 131118467 new_native_bytes: 3022320 add_bytes_allowed: 32019483 is_gc_concurrent: 1 target_footprint_: 18276429 GetBytesAllocated: 9441462 HeapGrowthMultiplier: 3
12-22 16:50:55.896  3315  3558 I com.miui.home: CheckGCForNative gc_urgency 0.324467 current_native_bytes is 134140787 starting_gc_num:23
12-22 16:50:55.907  3315  3558 I com.miui.home: CheckGCForNative adj_start_bytes: 33761882 NativeAllocationGcWatermark: 10673161 java_gc_start_bytes: 17752141 kNewNativeDiscountFactor: 2 kOldNativeDiscountFactor: 65536 old_native_bytes: 131118467 new_native_bytes: 14038064 add_bytes_allowed: 32019483 is_gc_concurrent: 1 target_footprint_: 18276429 GetBytesAllocated: 9466118 HeapGrowthMultiplier: 3
12-22 16:50:55.907  3315  3558 I com.miui.home: CheckGCForNative gc_urgency 0.488336 current_native_bytes is 145156531 starting_gc_num:23
12-22 16:50:55.960  3315  3381 D cccccc  : onTaskStackChangedBackground
12-22 16:50:55.969  3315  7881 D cccccc  : onTaskStackChangedBackground
12-22 16:50:56.161  3315  3695 I com.miui.home: CheckGCForNative adj_start_bytes: 33761882 NativeAllocationGcWatermark: 10673161 java_gc_start_bytes: 17752141 kNewNativeDiscountFactor: 2 kOldNativeDiscountFactor: 65536 old_native_bytes: 131118467 new_native_bytes: 14735512 add_bytes_allowed: 32019483 is_gc_concurrent: 1 target_footprint_: 18276429 GetBytesAllocated: 9821147 HeapGrowthMultiplier: 3
12-22 16:50:56.161  3315  3695 I com.miui.home: CheckGCForNative gc_urgency 0.509181 current_native_bytes is 145853979 starting_gc_num:23
12-22 16:50:56.163  3315  3620 I com.miui.home: CheckGCForNative adj_start_bytes: 33761882 NativeAllocationGcWatermark: 10673161 java_gc_start_bytes: 17752141 kNewNativeDiscountFactor: 2 kOldNativeDiscountFactor: 65536 old_native_bytes: 131118467 new_native_bytes: 14737492 add_bytes_allowed: 32019483 is_gc_concurrent: 1 target_footprint_: 18276429 GetBytesAllocated: 9822139 HeapGrowthMultiplier: 3
12-22 16:50:56.163  3315  3620 I com.miui.home: CheckGCForNative gc_urgency 0.50924 current_native_bytes is 145855959 starting_gc_num:23
12-22 16:50:56.513  3315  3695 E cccccc  : createTaskSnapshot:
12-22 16:50:56.513  3315  3695 I cccccc  : getTaskSnapshotInstance:
12-22 16:50:56.656  3315  3695 I com.miui.home: CheckGCForNative adj_start_bytes: 33761882 NativeAllocationGcWatermark: 10673161 java_gc_start_bytes: 17752141 kNewNativeDiscountFactor: 2 kOldNativeDiscountFactor: 65536 old_native_bytes: 131118467 new_native_bytes: 14643040 add_bytes_allowed: 32019483 is_gc_concurrent: 1 target_footprint_: 18276429 GetBytesAllocated: 10547682 HeapGrowthMultiplier: 3
12-22 16:50:56.656  3315  3695 I com.miui.home: CheckGCForNative gc_urgency 0.529331 current_native_bytes is 145761507 starting_gc_num:23
