12-22 16:42:44.930  3315  3629 I com.miui.home: CheckGCForNative adj_start_bytes: 33383433 NativeAllocationGcWatermark: 10621823 java_gc_start_bytes: 17450699 kNewNativeDiscountFactor: 2 kOldNativeDiscountFactor: 65536 old_native_bytes: 139772631 new_native_bytes: 29360308 add_bytes_allowed: 31865469 is_gc_concurrent: 1 target_footprint_: 17865722 GetBytesAllocated: 12617442 HeapGrowthMultiplier: 3
12-22 16:42:44.930  3315  3629 I com.miui.home: CheckGCForNative gc_urgency 0.817763 current_native_bytes is 169132939 starting_gc_num:25
12-22 16:42:44.997  3315  3315 I wm_on_top_resumed_gained_called: [121615763,com.miui.home.launcher.Launcher,topStateChangedWhenResumed]
12-22 16:42:45.097  3315  3629 I com.miui.home: CheckGCForNative adj_start_bytes: 33383433 NativeAllocationGcWatermark: 10621823 java_gc_start_bytes: 17450699 kNewNativeDiscountFactor: 2 kOldNativeDiscountFactor: 65536 old_native_bytes: 139772631 new_native_bytes: 29375956 add_bytes_allowed: 31865469 is_gc_concurrent: 1 target_footprint_: 17865722 GetBytesAllocated: 12922243 HeapGrowthMultiplier: 3
12-22 16:42:45.097  3315  3629 I com.miui.home: CheckGCForNative gc_urgency 0.827127 current_native_bytes is 169148587 starting_gc_num:25
12-22 16:42:45.105 10244 10244 I wm_on_top_resumed_gained_called: [178996383,com.yxcorp.gifshow.HomeActivity,topStateChangedWhenResumed]
12-22 16:42:45.137 10244 10244 I wm_on_top_resumed_lost_called: [178996383,com.yxcorp.gifshow.HomeActivity,topStateChangedWhenResumed]
12-22 16:42:45.297  3315  3393 I cccccc  : getTaskSnapshot:
12-22 16:42:45.302  3315  3628 I com.miui.home: CheckGCForNative adj_start_bytes: 33383433 NativeAllocationGcWatermark: 10621823 java_gc_start_bytes: 17450699 kNewNativeDiscountFactor: 2 kOldNativeDiscountFactor: 65536 old_native_bytes: 139772631 new_native_bytes: 50787028 add_bytes_allowed: 31865469 is_gc_concurrent: 1 target_footprint_: 17865722 GetBytesAllocated: 13129445 HeapGrowthMultiplier: 3
12-22 16:42:45.303  3315  3393 I com.miui.home: CheckGCForNative adj_start_bytes: 33383433 NativeAllocationGcWatermark: 10621823 java_gc_start_bytes: 17450699 kNewNativeDiscountFactor: 2 kOldNativeDiscountFactor: 65536 old_native_bytes: 139772631 new_native_bytes: 50787028 add_bytes_allowed: 31865469 is_gc_concurrent: 1 target_footprint_: 17865722 GetBytesAllocated: 13129445 HeapGrowthMultiplier: 3
12-22 16:42:45.303  3315  3393 I com.miui.home: CheckGCForNative gc_urgency 1.15402 current_native_bytes is 190559659 starting_gc_num:25
12-22 16:42:45.303  3315  3393 I com.miui.home: CheckGCForNative requested 1
12-22 16:42:45.303  3315  3628 I com.miui.home: CheckGCForNative gc_urgency 1.15402 current_native_bytes is 190559659 starting_gc_num:25
12-22 16:42:45.303  3315  3628 I com.miui.home: CheckGCForNative requested 1
12-22 16:42:45.303  3315  3628 I cccccc  : createTaskSnapshotCompat:
12-22 16:42:45.304  3315  3315 I cccccc  : createTaskSnapshotCompat:
12-22 16:42:45.305  3315  3315 I com.miui.home: CheckGCForNative adj_start_bytes: 33383433 NativeAllocationGcWatermark: 10621823 java_gc_start_bytes: 17450699 kNewNativeDiscountFactor: 2 kOldNativeDiscountFactor: 65536 old_native_bytes: 139772631 new_native_bytes: 61493972 add_bytes_allowed: 31865469 is_gc_concurrent: 1 target_footprint_: 17865722 GetBytesAllocated: 13129829 HeapGrowthMultiplier: 3
12-22 16:42:45.305  3315  3315 I com.miui.home: CheckGCForNative gc_urgency 1.31439 current_native_bytes is 201266603 starting_gc_num:25
12-22 16:42:45.305  3315  3315 I com.miui.home: CheckGCForNative requested 1
12-22 16:42:45.360  3315  3365 I com.miui.home: NativeAlloc concurrent copying GC freed 89427(3962KB) AllocSpace objects, 6(240KB) LOS objects, 49% free, 8683KB/16MB, paused 1.791ms,110us total 566.320ms
12-22 16:42:45.528  3315  3560 I com.miui.home: CheckGCForNative gc_urgency 0 current_native_bytes is 142390267 starting_gc_num:26
12-22 16:42:45.598  3315  3315 I wm_on_top_resumed_lost_called: [121615763,com.miui.home.launcher.Launcher,topStateChangedWhenResumed]
12-22 16:42:45.607  3315  3385 D cccccc  : onTaskStackChangedBackground
12-22 16:42:45.609  3315  3385 D cccccc  : onTaskStackChangedBackground
12-22 16:42:45.824  3315  3315 I wm_on_paused_called: [0,121615763,com.miui.home.launcher.Launcher,performPause,3]
12-22 16:42:46.073  3315  3393 D cccccc  : onTaskStackChangedBackground
12-22 16:42:46.082  3315  3391 D cccccc  : onTaskStackChangedBackground
12-22 16:42:46.243  3315  3681 E cccccc  : createTaskSnapshot:
12-22 16:42:46.243  3315  3681 I cccccc  : getTaskSnapshotInstance:
12-22 16:42:46.247  3315  3681 E cccccc  : createTaskSnapshot:
12-22 16:42:46.247  3315  3681 I cccccc  : getTaskSnapshotInstance:
12-22 16:42:46.248  3315  3681 I com.miui.home: CheckGCForNative adj_start_bytes: 33177957 NativeAllocationGcWatermark: 10611695 java_gc_start_bytes: 17260415 kNewNativeDiscountFactor: 2 kOldNativeDiscountFactor: 65536 old_native_bytes: 142390267 new_native_bytes: 11853524 add_bytes_allowed: 31835085 is_gc_concurrent: 1 target_footprint_: 17784703 GetBytesAllocated: 10156901 HeapGrowthMultiplier: 3
12-22 16:42:46.248  3315  3681 I com.miui.home: CheckGCForNative gc_urgency 0.484835 current_native_bytes is 154243791 starting_gc_num:26
12-22 16:42:46.366  3315  3681 I com.miui.home: CheckGCForNative adj_start_bytes: 33177957 NativeAllocationGcWatermark: 10611695 java_gc_start_bytes: 17260415 kNewNativeDiscountFactor: 2 kOldNativeDiscountFactor: 65536 old_native_bytes: 142390267 new_native_bytes: 1174312 add_bytes_allowed: 31835085 is_gc_concurrent: 1 target_footprint_: 17784703 GetBytesAllocated: 10461139 HeapGrowthMultiplier: 3
12-22 16:42:46.367  3315  3681 I com.miui.home: CheckGCForNative gc_urgency 0.333067 current_native_bytes is 143564579 starting_gc_num:26
12-22 16:42:46.478  3315  3629 I com.miui.home: CheckGCForNative adj_start_bytes: 33177957 NativeAllocationGcWatermark: 10611695 java_gc_start_bytes: 17260415 kNewNativeDiscountFactor: 2 kOldNativeDiscountFactor: 65536 old_native_bytes: 142390267 new_native_bytes: 1341064 add_bytes_allowed: 31835085 is_gc_concurrent: 1 target_footprint_: 17784703 GetBytesAllocated: 10785741 HeapGrowthMultiplier: 3
12-22 16:42:46.478  3315  3629 I com.miui.home: CheckGCForNative gc_urgency 0.345363 current_native_bytes is 143731331 starting_gc_num:26
12-22 16:42:46.493  3315  3681 E cccccc  : createTaskSnapshot:
12-22 16:42:46.493  3315  3681 I cccccc  : getTaskSnapshotInstance:
12-22 16:42:46.627 10785 10785 I wm_on_create_called: [0,242767787,com.xunmeng.pinduoduo.ui.activity.MainFrameActivity,performCreate,108]
12-22 16:42:46.634  3315  3629 I com.miui.home: CheckGCForNative adj_start_bytes: 33177957 NativeAllocationGcWatermark: 10611695 java_gc_start_bytes: 17260415 kNewNativeDiscountFactor: 2 kOldNativeDiscountFactor: 65536 old_native_bytes: 142390267 new_native_bytes: 1297544 add_bytes_allowed: 31835085 is_gc_concurrent: 1 target_footprint_: 17784703 GetBytesAllocated: 10890845 HeapGrowthMultiplier: 3
12-22 16:42:46.634  3315  3629 I com.miui.home: CheckGCForNative gc_urgency 0.347875 current_native_bytes is 143687811 starting_gc_num:26
12-22 16:42:46.666 10781 10781 I wm_on_application_create_called: [0,com.xiaomi.mi_connect_service,291]
12-22 16:42:46.787  3315  9047 D cccccc  : onTaskStackChangedBackground
12-22 16:42:46.805  3315  9047 D cccccc  : onTaskStackChangedBackground
12-22 16:42:46.877 10785 10785 I wm_on_create_called: [0,79257684,com.xunmeng.pinduoduo.ui.activity.HomeActivity,performCreate,141]
12-22 16:42:46.935 10785 10785 I wm_on_start_called: [0,79257684,com.xunmeng.pinduoduo.ui.activity.HomeActivity,handleStartActivity,58]
12-22 16:42:46.958 10785 10785 I wm_on_resume_called: [0,79257684,com.xunmeng.pinduoduo.ui.activity.HomeActivity,RESUME_ACTIVITY,20]
12-22 16:42:47.024  3315  3560 I com.miui.home: CheckGCForNative adj_start_bytes: 33177957 NativeAllocationGcWatermark: 10611695 java_gc_start_bytes: 17260415 kNewNativeDiscountFactor: 2 kOldNativeDiscountFactor: 65536 old_native_bytes: 142390267 new_native_bytes: 1608524 add_bytes_allowed: 31835085 is_gc_concurrent: 1 target_footprint_: 17784703 GetBytesAllocated: 11567799 HeapGrowthMultiplier: 3
12-22 16:42:47.024  3315  3560 I com.miui.home: CheckGCForNative gc_urgency 0.372966 current_native_bytes is 143998791 starting_gc_num:26
12-22 16:42:47.033  3315  3560 I com.miui.home: CheckGCForNative adj_start_bytes: 33177957 NativeAllocationGcWatermark: 10611695 java_gc_start_bytes: 17260415 kNewNativeDiscountFactor: 2 kOldNativeDiscountFactor: 65536 old_native_bytes: 142390267 new_native_bytes: 2004924 add_bytes_allowed: 31835085 is_gc_concurrent: 1 target_footprint_: 17784703 GetBytesAllocated: 11567799 HeapGrowthMultiplier: 3
12-22 16:42:47.033  3315  3560 I com.miui.home: CheckGCForNative gc_urgency 0.378939 current_native_bytes is 144395191 starting_gc_num:26
12-22 16:42:47.046  3315  3681 E cccccc  : createTaskSnapshot:
12-22 16:42:47.046  3315  3681 I cccccc  : getTaskSnapshotInstance:
12-22 16:42:47.070 10785 10785 I wm_on_top_resumed_gained_called: [79257684,com.xunmeng.pinduoduo.ui.activity.HomeActivity,topStateChangedWhenResumed]
12-22 16:42:47.122  3315  3315 I com.miui.home: CheckGCForNative adj_start_bytes: 33177957 NativeAllocationGcWatermark: 10611695 java_gc_start_bytes: 17260415 kNewNativeDiscountFactor: 2 kOldNativeDiscountFactor: 65536 old_native_bytes: 142390267 new_native_bytes: 2537252 add_bytes_allowed: 31835085 is_gc_concurrent: 1 target_footprint_: 17784703 GetBytesAllocated: 11831210 HeapGrowthMultiplier: 3
12-22 16:42:47.122  3315  3315 I com.miui.home: CheckGCForNative gc_urgency 0.394901 current_native_bytes is 144927519 starting_gc_num:26
12-22 16:42:47.288  3315  3315 I wm_on_resume_called: [0,121615763,com.miui.home.launcher.Launcher,RESUME_ACTIVITY,21]
12-22 16:42:47.306  3315  3315 I wm_on_idle_called: com.miui.home.launcher.Launcher
12-22 16:42:47.375  3315  3681 E cccccc  : createTaskSnapshot:
12-22 16:42:47.375  3315  3681 I cccccc  : getTaskSnapshotInstance:
12-22 16:42:47.416  3315  3391 I com.miui.home: CheckGCForNative adj_start_bytes: 33177957 NativeAllocationGcWatermark: 10611695 java_gc_start_bytes: 17260415 kNewNativeDiscountFactor: 2 kOldNativeDiscountFactor: 65536 old_native_bytes: 142390267 new_native_bytes: 13585956 add_bytes_allowed: 31835085 is_gc_concurrent: 1 target_footprint_: 17784703 GetBytesAllocated: 13200280 HeapGrowthMultiplier: 3
12-22 16:42:47.416  3315  3391 I com.miui.home: CheckGCForNative gc_urgency 0.602672 current_native_bytes is 155976223 starting_gc_num:26
12-22 16:42:47.416  3315  3391 I cccccc  : createTaskSnapshotCompat:
12-22 16:42:47.419  3315  3391 I com.miui.home: CheckGCForNative adj_start_bytes: 33177957 NativeAllocationGcWatermark: 10611695 java_gc_start_bytes: 17260415 kNewNativeDiscountFactor: 2 kOldNativeDiscountFactor: 65536 old_native_bytes: 142390267 new_native_bytes: 24292900 add_bytes_allowed: 31835085 is_gc_concurrent: 1 target_footprint_: 17784703 GetBytesAllocated: 13205178 HeapGrowthMultiplier: 3
12-22 16:42:47.419  3315  3391 I com.miui.home: CheckGCForNative gc_urgency 0.764176 current_native_bytes is 166683167 starting_gc_num:26
12-22 16:42:47.422  3315  3385 I cccccc  : getTaskSnapshot:
12-22 16:42:47.424  3315  3385 I com.miui.home: CheckGCForNative adj_start_bytes: 33177957 NativeAllocationGcWatermark: 10611695 java_gc_start_bytes: 17260415 kNewNativeDiscountFactor: 2 kOldNativeDiscountFactor: 65536 old_native_bytes: 142390267 new_native_bytes: 24291812 add_bytes_allowed: 31835085 is_gc_concurrent: 1 target_footprint_: 17784703 GetBytesAllocated: 13229046 HeapGrowthMultiplier: 3
12-22 16:42:47.428  3315  3385 I com.miui.home: CheckGCForNative gc_urgency 0.764879 current_native_bytes is 166682079 starting_gc_num:26
12-22 16:42:47.431  3315  3315 I cccccc  : createTaskSnapshotCompat:
12-22 16:42:47.447  3315  3629 I com.miui.home: CheckGCForNative adj_start_bytes: 33177957 NativeAllocationGcWatermark: 10611695 java_gc_start_bytes: 17260415 kNewNativeDiscountFactor: 2 kOldNativeDiscountFactor: 65536 old_native_bytes: 142390267 new_native_bytes: 13619876 add_bytes_allowed: 31835085 is_gc_concurrent: 1 target_footprint_: 17784703 GetBytesAllocated: 13266125 HeapGrowthMultiplier: 3
12-22 16:42:47.447  3315  3629 I com.miui.home: CheckGCForNative gc_urgency 0.605168 current_native_bytes is 156010143 starting_gc_num:26
12-22 16:42:47.525  3315  3629 I com.miui.home: CheckGCForNative adj_start_bytes: 33177957 NativeAllocationGcWatermark: 10611695 java_gc_start_bytes: 17260415 kNewNativeDiscountFactor: 2 kOldNativeDiscountFactor: 65536 old_native_bytes: 142390267 new_native_bytes: 13752532 add_bytes_allowed: 31835085 is_gc_concurrent: 1 target_footprint_: 17784703 GetBytesAllocated: 13592719 HeapGrowthMultiplier: 3
12-22 16:42:47.525  3315  3629 I com.miui.home: CheckGCForNative gc_urgency 0.617011 current_native_bytes is 156142799 starting_gc_num:26
12-22 16:42:47.605 10785 10785 I wm_on_top_resumed_lost_called: [79257684,com.xunmeng.pinduoduo.ui.activity.HomeActivity,topStateChangedWhenResumed]
12-22 16:42:47.633  3315  3315 I wm_on_top_resumed_gained_called: [121615763,com.miui.home.launcher.Launcher,topStateChangedWhenResumed]
12-22 16:42:47.781  3315  3629 I com.miui.home: CheckGCForNative adj_start_bytes: 33177957 NativeAllocationGcWatermark: 10611695 java_gc_start_bytes: 17260415 kNewNativeDiscountFactor: 2 kOldNativeDiscountFactor: 65536 old_native_bytes: 142390267 new_native_bytes: 13761108 add_bytes_allowed: 31835085 is_gc_concurrent: 1 target_footprint_: 17784703 GetBytesAllocated: 14011931 HeapGrowthMultiplier: 3
12-22 16:42:47.781  3315  3629 I com.miui.home: CheckGCForNative gc_urgency 0.629775 current_native_bytes is 156151375 starting_gc_num:26
12-22 16:42:47.910  3315  3628 I com.miui.home: CheckGCForNative adj_start_bytes: 33177957 NativeAllocationGcWatermark: 10611695 java_gc_start_bytes: 17260415 kNewNativeDiscountFactor: 2 kOldNativeDiscountFactor: 65536 old_native_bytes: 142390267 new_native_bytes: 24431732 add_bytes_allowed: 31835085 is_gc_concurrent: 1 target_footprint_: 17784703 GetBytesAllocated: 14102508 HeapGrowthMultiplier: 3
12-22 16:42:47.910  3315  3628 I com.miui.home: CheckGCForNative gc_urgency 0.793314 current_native_bytes is 166821999 starting_gc_num:26
12-22 16:42:47.911  3315  3628 I cccccc  : createTaskSnapshotCompat:
12-22 16:42:47.912  3315  3628 I com.miui.home: CheckGCForNative adj_start_bytes: 33177957 NativeAllocationGcWatermark: 10611695 java_gc_start_bytes: 17260415 kNewNativeDiscountFactor: 2 kOldNativeDiscountFactor: 65536 old_native_bytes: 142390267 new_native_bytes: 35138228 add_bytes_allowed: 31835085 is_gc_concurrent: 1 target_footprint_: 17784703 GetBytesAllocated: 14112867 HeapGrowthMultiplier: 3
12-22 16:42:47.912  3315  3628 I com.miui.home: CheckGCForNative gc_urgency 0.954976 current_native_bytes is 177528495 starting_gc_num:26
12-22 16:42:47.913  3315  3391 I cccccc  : getTaskSnapshot:
12-22 16:42:47.914  3315  3391 I com.miui.home: CheckGCForNative adj_start_bytes: 33177957 NativeAllocationGcWatermark: 10611695 java_gc_start_bytes: 17260415 kNewNativeDiscountFactor: 2 kOldNativeDiscountFactor: 65536 old_native_bytes: 142390267 new_native_bytes: 35098708 add_bytes_allowed: 31835085 is_gc_concurrent: 1 target_footprint_: 17784703 GetBytesAllocated: 14112867 HeapGrowthMultiplier: 3
12-22 16:42:47.914  3315  3391 I com.miui.home: CheckGCForNative gc_urgency 0.95438 current_native_bytes is 177488975 starting_gc_num:26
12-22 16:42:47.914  3315  3315 I cccccc  : createTaskSnapshotCompat:
12-22 16:42:48.100 10785 10785 I wm_on_paused_called: [0,79257684,com.xunmeng.pinduoduo.ui.activity.HomeActivity,performPause,8]
12-22 16:42:48.207  3315  3393 D cccccc  : onTaskStackChangedBackground
12-22 16:42:48.213  3315  3393 D cccccc  : onTaskStackChangedBackground
12-22 16:42:48.245  3315  3315 I wm_on_top_resumed_lost_called: [121615763,com.miui.home.launcher.Launcher,topStateChangedWhenResumed]
12-22 16:42:48.250  3315  3315 I wm_on_paused_called: [0,121615763,com.miui.home.launcher.Launcher,performPause,2]
12-22 16:42:48.337  3315  3393 D cccccc  : onTaskStackChangedBackground
12-22 16:42:48.339  3315  3391 D cccccc  : onTaskStackChangedBackground
12-22 16:42:48.412  3315  9047 D cccccc  : onTaskStackChangedBackground
12-22 16:42:48.415  3315  3391 D cccccc  : onTaskStackChangedBackground
12-22 16:42:48.527 10785 10785 I wm_on_destroy_called: [0,242767787,com.xunmeng.pinduoduo.ui.activity.MainFrameActivity,performDestroy,16]
12-22 16:42:48.600 10785 10785 I wm_on_stop_called: [0,79257684,com.xunmeng.pinduoduo.ui.activity.HomeActivity,STOP_ACTIVITY_ITEM,63]
12-22 16:42:48.664  3315  8224 I com.miui.home: CheckGCForNative adj_start_bytes: 33177957 NativeAllocationGcWatermark: 10611695 java_gc_start_bytes: 17260415 kNewNativeDiscountFactor: 2 kOldNativeDiscountFactor: 65536 old_native_bytes: 142390267 new_native_bytes: 24991000 add_bytes_allowed: 31835085 is_gc_concurrent: 1 target_footprint_: 17784703 GetBytesAllocated: 15108688 HeapGrowthMultiplier: 3
12-22 16:42:48.664  3315  8224 I com.miui.home: CheckGCForNative gc_urgency 0.832069 current_native_bytes is 167381267 starting_gc_num:26
12-22 16:42:48.766  3315  3681 E cccccc  : createTaskSnapshot:
12-22 16:42:48.766  3315  3681 I cccccc  : getTaskSnapshotInstance:
12-22 16:42:48.775  3315  3681 E cccccc  : createTaskSnapshot:
12-22 16:42:48.775  3315  3681 I cccccc  : getTaskSnapshotInstance:
12-22 16:42:48.777  3315  3681 I com.miui.home: CheckGCForNative adj_start_bytes: 33177957 NativeAllocationGcWatermark: 10611695 java_gc_start_bytes: 17260415 kNewNativeDiscountFactor: 2 kOldNativeDiscountFactor: 65536 old_native_bytes: 142390267 new_native_bytes: 35803240 add_bytes_allowed: 31835085 is_gc_concurrent: 1 target_footprint_: 17784703 GetBytesAllocated: 15270474 HeapGrowthMultiplier: 3
12-22 16:42:48.777  3315  3681 I com.miui.home: CheckGCForNative gc_urgency 0.999889 current_native_bytes is 178193507 starting_gc_num:26
12-22 16:42:48.785  3315  3629 I com.miui.home: CheckGCForNative adj_start_bytes: 33177957 NativeAllocationGcWatermark: 10611695 java_gc_start_bytes: 17260415 kNewNativeDiscountFactor: 2 kOldNativeDiscountFactor: 65536 old_native_bytes: 142390267 new_native_bytes: 25098024 add_bytes_allowed: 31835085 is_gc_concurrent: 1 target_footprint_: 17784703 GetBytesAllocated: 15283803 HeapGrowthMultiplier: 3
12-22 16:42:48.785  3315  3629 I com.miui.home: CheckGCForNative gc_urgency 0.83896 current_native_bytes is 167488291 starting_gc_num:26
12-22 16:42:48.827 10785 10785 I wm_on_idle_called: com.xunmeng.pinduoduo.ui.activity.HomeActivity
12-22 16:42:48.980  3315  3681 I com.miui.home: CheckGCForNative adj_start_bytes: 33177957 NativeAllocationGcWatermark: 10611695 java_gc_start_bytes: 17260415 kNewNativeDiscountFactor: 2 kOldNativeDiscountFactor: 65536 old_native_bytes: 142390267 new_native_bytes: 25042276 add_bytes_allowed: 31835085 is_gc_concurrent: 1 target_footprint_: 17784703 GetBytesAllocated: 15623251 HeapGrowthMultiplier: 3
12-22 16:42:48.980  3315  3681 I com.miui.home: CheckGCForNative gc_urgency 0.848351 current_native_bytes is 167432543 starting_gc_num:26
12-22 16:42:49.318  3315  3681 E cccccc  : createTaskSnapshot:
12-22 16:42:49.318  3315  3681 I cccccc  : getTaskSnapshotInstance:
12-22 16:42:49.983 11143 11143 I wm_on_application_create_called: [0,com.tencent.qqlive,286]
12-22 16:42:50.107  3315  3315 I wm_on_resume_called: [0,121615763,com.miui.home.launcher.Launcher,RESUME_ACTIVITY,28]
12-22 16:42:50.124  3315  3315 I wm_on_idle_called: com.miui.home.launcher.Launcher
12-22 16:42:50.143  3315  3315 I com.miui.home: CheckGCForNative adj_start_bytes: 33177957 NativeAllocationGcWatermark: 10611695 java_gc_start_bytes: 17260415 kNewNativeDiscountFactor: 2 kOldNativeDiscountFactor: 65536 old_native_bytes: 142390267 new_native_bytes: 25171440 add_bytes_allowed: 31835085 is_gc_concurrent: 1 target_footprint_: 17784703 GetBytesAllocated: 16822023 HeapGrowthMultiplier: 3
12-22 16:42:50.143  3315  3315 I com.miui.home: CheckGCForNative gc_urgency 0.886429 current_native_bytes is 167561707 starting_gc_num:26
12-22 16:42:50.339  3315 11473 I com.miui.home: CheckGCForNative adj_start_bytes: 33177957 NativeAllocationGcWatermark: 10611695 java_gc_start_bytes: 17260415 kNewNativeDiscountFactor: 2 kOldNativeDiscountFactor: 65536 old_native_bytes: 142390267 new_native_bytes: 36054812 add_bytes_allowed: 31835085 is_gc_concurrent: 1 target_footprint_: 17784703 GetBytesAllocated: 17042564 HeapGrowthMultiplier: 3
12-22 16:42:50.340  3315 11473 I com.miui.home: CheckGCForNative gc_urgency 1.05709 current_native_bytes is 178445079 starting_gc_num:26
12-22 16:42:50.341  3315 11473 I com.miui.home: CheckGCForNative requested 1
12-22 16:42:50.341  3315 11473 I cccccc  : createTaskSnapshotCompat:
12-22 16:42:50.356  3315  3993 I cccccc  : getTaskSnapshot:
12-22 16:42:50.356  3315 11473 I com.miui.home: CheckGCForNative adj_start_bytes: 33177957 NativeAllocationGcWatermark: 10611695 java_gc_start_bytes: 17260415 kNewNativeDiscountFactor: 2 kOldNativeDiscountFactor: 65536 old_native_bytes: 142390267 new_native_bytes: 46765308 add_bytes_allowed: 31835085 is_gc_concurrent: 1 target_footprint_: 17784703 GetBytesAllocated: 17110189 HeapGrowthMultiplier: 3
12-22 16:42:50.356  3315 11473 I com.miui.home: CheckGCForNative gc_urgency 1.22054 current_native_bytes is 189155575 starting_gc_num:26
12-22 16:42:50.356  3315 11473 I com.miui.home: CheckGCForNative requested 1
12-22 16:42:50.356  3315  3993 I com.miui.home: CheckGCForNative adj_start_bytes: 33177957 NativeAllocationGcWatermark: 10611695 java_gc_start_bytes: 17260415 kNewNativeDiscountFactor: 2 kOldNativeDiscountFactor: 65536 old_native_bytes: 142390267 new_native_bytes: 46766332 add_bytes_allowed: 31835085 is_gc_concurrent: 1 target_footprint_: 17784703 GetBytesAllocated: 17126573 HeapGrowthMultiplier: 3
12-22 16:42:50.357  3315  3993 I com.miui.home: CheckGCForNative gc_urgency 1.22105 current_native_bytes is 189156599 starting_gc_num:26
12-22 16:42:50.357  3315  3993 I com.miui.home: CheckGCForNative requested 1
12-22 16:42:50.357  3315  3315 I cccccc  : createTaskSnapshotCompat:
12-22 16:42:50.367  3315  8224 I com.miui.home: CheckGCForNative adj_start_bytes: 33177957 NativeAllocationGcWatermark: 10611695 java_gc_start_bytes: 17260415 kNewNativeDiscountFactor: 2 kOldNativeDiscountFactor: 65536 old_native_bytes: 142390267 new_native_bytes: 36060060 add_bytes_allowed: 31835085 is_gc_concurrent: 1 target_footprint_: 17784703 GetBytesAllocated: 17238871 HeapGrowthMultiplier: 3
12-22 16:42:50.367  3315  8224 I com.miui.home: CheckGCForNative gc_urgency 1.06309 current_native_bytes is 178450327 starting_gc_num:26
12-22 16:42:50.367  3315  8224 I com.miui.home: CheckGCForNative requested 1
12-22 16:42:50.502  3315  3315 I wm_on_top_resumed_gained_called: [121615763,com.miui.home.launcher.Launcher,topStateChangedWhenResumed]
12-22 16:42:50.711  3315  3629 I com.miui.home: CheckGCForNative adj_start_bytes: 33177957 NativeAllocationGcWatermark: 10611695 java_gc_start_bytes: 17260415 kNewNativeDiscountFactor: 2 kOldNativeDiscountFactor: 65536 old_native_bytes: 142390267 new_native_bytes: 36086604 add_bytes_allowed: 31835085 is_gc_concurrent: 1 target_footprint_: 17784703 GetBytesAllocated: 17559953 HeapGrowthMultiplier: 3
12-22 16:42:50.711  3315  3629 I com.miui.home: CheckGCForNative gc_urgency 1.07317 current_native_bytes is 178476871 starting_gc_num:26
12-22 16:42:50.711  3315  3629 I com.miui.home: CheckGCForNative requested 1
12-22 16:42:50.871  3315  3628 I cccccc  : createTaskSnapshotCompat:
12-22 16:42:50.924  3315  3365 I com.miui.home: NativeAlloc concurrent copying GC freed 175690(7712KB) AllocSpace objects, 24(672KB) LOS objects, 49% free, 9198KB/17MB, paused 9.949ms,83us total 583.222ms
12-22 16:42:51.076 11332 11332 I wm_on_application_create_called: [0,com.tencent.qqlive,219]
12-22 16:42:51.099  3315  3315 I wm_on_top_resumed_lost_called: [121615763,com.miui.home.launcher.Launcher,topStateChangedWhenResumed]
12-22 16:42:51.110  3315 11473 D cccccc  : onTaskStackChangedBackground
12-22 16:42:51.111  3315 11473 D cccccc  : onTaskStackChangedBackground
12-22 16:42:51.354  3315  3315 I wm_on_paused_called: [0,121615763,com.miui.home.launcher.Launcher,performPause,3]
12-22 16:42:51.414 11143 11143 I wm_on_create_called: [0,168835945,com.tencent.qqlive.ona.activity.SplashHomeActivity,performCreate,948]
12-22 16:42:51.456  3315 11473 D cccccc  : onTaskStackChangedBackground
12-22 16:42:51.475  3315  3385 D cccccc  : onTaskStackChangedBackground
12-22 16:42:51.700  3315  3681 I com.miui.home: CheckGCForNative gc_urgency 0 current_native_bytes is 131816947 starting_gc_num:27
12-22 16:42:51.770  3315  3629 I com.miui.home: CheckGCForNative adj_start_bytes: 34430107 NativeAllocationGcWatermark: 10743501 java_gc_start_bytes: 18314856 kNewNativeDiscountFactor: 2 kOldNativeDiscountFactor: 65536 old_native_bytes: 131816947 new_native_bytes: 188632 add_bytes_allowed: 32230503 is_gc_concurrent: 1 target_footprint_: 18839144 GetBytesAllocated: 10547669 HeapGrowthMultiplier: 3
12-22 16:42:51.770  3315  3629 I com.miui.home: CheckGCForNative gc_urgency 0.309148 current_native_bytes is 132005579 starting_gc_num:27
12-22 16:42:51.795  3315  3681 E cccccc  : createTaskSnapshot:
12-22 16:42:51.795  3315  3681 I cccccc  : getTaskSnapshotInstance:
12-22 16:42:51.796  3315  3681 E cccccc  : createTaskSnapshot:
12-22 16:42:51.796  3315  3681 I cccccc  : getTaskSnapshotInstance:
12-22 16:42:51.798  3315  3681 I com.miui.home: CheckGCForNative adj_start_bytes: 34430107 NativeAllocationGcWatermark: 10743501 java_gc_start_bytes: 18314856 kNewNativeDiscountFactor: 2 kOldNativeDiscountFactor: 65536 old_native_bytes: 131816947 new_native_bytes: 10891480 add_bytes_allowed: 32230503 is_gc_concurrent: 1 target_footprint_: 18839144 GetBytesAllocated: 10648596 HeapGrowthMultiplier: 3
12-22 16:42:51.798  3315  3681 I com.miui.home: CheckGCForNative gc_urgency 0.467508 current_native_bytes is 142708427 starting_gc_num:27
12-22 16:42:51.973  3315  3681 E cccccc  : createTaskSnapshot:
12-22 16:42:51.973  3315  3681 I cccccc  : getTaskSnapshotInstance:
12-22 16:42:52.025  3315  3629 I com.miui.home: CheckGCForNative adj_start_bytes: 34430107 NativeAllocationGcWatermark: 10743501 java_gc_start_bytes: 18314856 kNewNativeDiscountFactor: 2 kOldNativeDiscountFactor: 65536 old_native_bytes: 131816947 new_native_bytes: 540324 add_bytes_allowed: 32230503 is_gc_concurrent: 1 target_footprint_: 18839144 GetBytesAllocated: 11294932 HeapGrowthMultiplier: 3
12-22 16:42:52.025  3315  3629 I com.miui.home: CheckGCForNative gc_urgency 0.335959 current_native_bytes is 132357271 starting_gc_num:27
12-22 16:42:52.348 11665 11665 I wm_on_create_called: [0,2573437,com.tencent.mobileqq.activity.SplashActivity,performCreate,145]
12-22 16:42:52.352 11665 11665 I wm_on_start_called: [0,2573437,com.tencent.mobileqq.activity.SplashActivity,handleStartActivity,4]
12-22 16:42:52.368 11665 11665 I wm_on_resume_called: [0,2573437,com.tencent.mobileqq.activity.SplashActivity,RESUME_ACTIVITY,14]
12-22 16:42:52.419 11665 11665 I wm_on_top_resumed_gained_called: [2573437,com.tencent.mobileqq.activity.SplashActivity,topStateChangedWhenResumed]
12-22 16:42:52.601 11665 11665 I wm_on_idle_called: com.tencent.mobileqq.activity.SplashActivity
12-22 16:42:52.635  3315  3315 I wm_on_stop_called: [0,121615763,com.miui.home.launcher.Launcher,STOP_ACTIVITY_ITEM,6]
12-22 16:42:52.726 11665 11665 I wm_on_top_resumed_lost_called: [2573437,com.tencent.mobileqq.activity.SplashActivity,topStateChangedWhenResumed]
12-22 16:42:52.730 11665 11665 I wm_on_paused_called: [0,2573437,com.tencent.mobileqq.activity.SplashActivity,performPause,2]
12-22 16:42:52.842 11665 11665 I wm_on_create_called: [0,49703507,com.tencent.mobileqq.activity.LoginActivity,performCreate,52]
12-22 16:42:52.862  3315  9047 D cccccc  : onTaskStackChangedBackground
12-22 16:42:52.863  3315  3385 D cccccc  : onTaskStackChangedBackground
12-22 16:42:52.893  3315  3315 I wm_on_restart_called: [0,121615763,com.miui.home.launcher.Launcher,,0]
12-22 16:42:52.895  3315  3315 I wm_on_start_called: [0,121615763,com.miui.home.launcher.Launcher,handleStartActivity,2]
12-22 16:42:52.900 11665 11665 I wm_on_start_called: [0,49703507,com.tencent.mobileqq.activity.LoginActivity,handleStartActivity,58]
12-22 16:42:52.920  3315  3315 I wm_on_resume_called: [0,121615763,com.miui.home.launcher.Launcher,RESUME_ACTIVITY,23]
12-22 16:42:52.934 11665 11665 I wm_on_resume_called: [0,49703507,com.tencent.mobileqq.activity.LoginActivity,RESUME_ACTIVITY,21]
12-22 16:42:52.987 11665 11665 I wm_on_top_resumed_gained_called: [49703507,com.tencent.mobileqq.activity.LoginActivity,topStateChangedWhenResumed]
12-22 16:42:53.074  3315 11894 I com.miui.home: CheckGCForNative adj_start_bytes: 34430107 NativeAllocationGcWatermark: 10743501 java_gc_start_bytes: 18314856 kNewNativeDiscountFactor: 2 kOldNativeDiscountFactor: 65536 old_native_bytes: 131816947 new_native_bytes: 721424 add_bytes_allowed: 32230503 is_gc_concurrent: 1 target_footprint_: 18839144 GetBytesAllocated: 13138673 HeapGrowthMultiplier: 3
12-22 16:42:53.074  3315 11894 I com.miui.home: CheckGCForNative gc_urgency 0.392615 current_native_bytes is 132538371 starting_gc_num:27
12-22 16:42:53.086  3315  3315 I wm_on_idle_called: com.miui.home.launcher.Launcher
12-22 16:42:53.113 11665 11665 I wm_on_top_resumed_lost_called: [49703507,com.tencent.mobileqq.activity.LoginActivity,topStateChangedWhenResumed]
12-22 16:42:53.125  3315  3315 I wm_on_top_resumed_gained_called: [121615763,com.miui.home.launcher.Launcher,topStateChangedWhenResumed]
12-22 16:42:53.134  3315  3681 I com.miui.home: CheckGCForNative adj_start_bytes: 34430107 NativeAllocationGcWatermark: 10743501 java_gc_start_bytes: 18314856 kNewNativeDiscountFactor: 2 kOldNativeDiscountFactor: 65536 old_native_bytes: 131816947 new_native_bytes: 809680 add_bytes_allowed: 32230503 is_gc_concurrent: 1 target_footprint_: 18839144 GetBytesAllocated: 13397182 HeapGrowthMultiplier: 3
12-22 16:42:53.135  3315  3681 I com.miui.home: CheckGCForNative gc_urgency 0.401224 current_native_bytes is 132626627 starting_gc_num:27
12-22 16:42:53.139 11665 11665 I wm_on_idle_called: com.tencent.mobileqq.activity.LoginActivity
12-22 16:42:53.187  3315  3993 I com.miui.home: CheckGCForNative adj_start_bytes: 34430107 NativeAllocationGcWatermark: 10743501 java_gc_start_bytes: 18314856 kNewNativeDiscountFactor: 2 kOldNativeDiscountFactor: 65536 old_native_bytes: 131816947 new_native_bytes: 11599632 add_bytes_allowed: 32230503 is_gc_concurrent: 1 target_footprint_: 18839144 GetBytesAllocated: 13586541 HeapGrowthMultiplier: 3
12-22 16:42:53.187  3315  3993 I com.miui.home: CheckGCForNative gc_urgency 0.563123 current_native_bytes is 143416579 starting_gc_num:27
12-22 16:42:53.188  3315  3993 I cccccc  : createTaskSnapshotCompat:
12-22 16:42:53.194  3315  3993 I com.miui.home: CheckGCForNative adj_start_bytes: 34430107 NativeAllocationGcWatermark: 10743501 java_gc_start_bytes: 18314856 kNewNativeDiscountFactor: 2 kOldNativeDiscountFactor: 65536 old_native_bytes: 131816947 new_native_bytes: 22306768 add_bytes_allowed: 32230503 is_gc_concurrent: 1 target_footprint_: 18839144 GetBytesAllocated: 13602108 HeapGrowthMultiplier: 3
12-22 16:42:53.198  3315  3993 I com.miui.home: CheckGCForNative gc_urgency 0.719143 current_native_bytes is 154123715 starting_gc_num:27
12-22 16:42:53.200  3315  9047 I cccccc  : getTaskSnapshot:
12-22 16:42:53.200  3315  9047 I com.miui.home: CheckGCForNative adj_start_bytes: 34430107 NativeAllocationGcWatermark: 10743501 java_gc_start_bytes: 18314856 kNewNativeDiscountFactor: 2 kOldNativeDiscountFactor: 65536 old_native_bytes: 131816947 new_native_bytes: 33013200 add_bytes_allowed: 32230503 is_gc_concurrent: 1 target_footprint_: 18839144 GetBytesAllocated: 13615940 HeapGrowthMultiplier: 3
12-22 16:42:53.201  3315  9047 I com.miui.home: CheckGCForNative gc_urgency 0.874948 current_native_bytes is 164830147 starting_gc_num:27
12-22 16:42:53.201  3315  3315 I cccccc  : createTaskSnapshotCompat:
12-22 16:42:53.286  3315  3681 E cccccc  : createTaskSnapshot:
12-22 16:42:53.286  3315  3681 I cccccc  : getTaskSnapshotInstance:
12-22 16:42:53.287  3315  3681 I com.miui.home: CheckGCForNative adj_start_bytes: 34430107 NativeAllocationGcWatermark: 10743501 java_gc_start_bytes: 18314856 kNewNativeDiscountFactor: 2 kOldNativeDiscountFactor: 65536 old_native_bytes: 131816947 new_native_bytes: 22488704 add_bytes_allowed: 32230503 is_gc_concurrent: 1 target_footprint_: 18839144 GetBytesAllocated: 13896918 HeapGrowthMultiplier: 3
12-22 16:42:53.287  3315  3681 I com.miui.home: CheckGCForNative gc_urgency 0.73027 current_native_bytes is 154305651 starting_gc_num:27
12-22 16:42:53.339  3315  3629 I com.miui.home: CheckGCForNative adj_start_bytes: 34430107 NativeAllocationGcWatermark: 10743501 java_gc_start_bytes: 18314856 kNewNativeDiscountFactor: 2 kOldNativeDiscountFactor: 65536 old_native_bytes: 131816947 new_native_bytes: 11769920 add_bytes_allowed: 32230503 is_gc_concurrent: 1 target_footprint_: 18839144 GetBytesAllocated: 14183196 HeapGrowthMultiplier: 3
12-22 16:42:53.339  3315  3629 I com.miui.home: CheckGCForNative gc_urgency 0.582925 current_native_bytes is 143586867 starting_gc_num:27
12-22 16:42:53.361  3315  3629 I com.miui.home: CheckGCForNative adj_start_bytes: 34430107 NativeAllocationGcWatermark: 10743501 java_gc_start_bytes: 18314856 kNewNativeDiscountFactor: 2 kOldNativeDiscountFactor: 65536 old_native_bytes: 131816947 new_native_bytes: 11894132 add_bytes_allowed: 32230503 is_gc_concurrent: 1 target_footprint_: 18839144 GetBytesAllocated: 14302632 HeapGrowthMultiplier: 3
12-22 16:42:53.361  3315  3629 I com.miui.home: CheckGCForNative gc_urgency 0.588198 current_native_bytes is 143711079 starting_gc_num:27
12-22 16:42:53.523  3315 11894 I com.miui.home: CheckGCForNative adj_start_bytes: 34430107 NativeAllocationGcWatermark: 10743501 java_gc_start_bytes: 18314856 kNewNativeDiscountFactor: 2 kOldNativeDiscountFactor: 65536 old_native_bytes: 131816947 new_native_bytes: 12002356 add_bytes_allowed: 32230503 is_gc_concurrent: 1 target_footprint_: 18839144 GetBytesAllocated: 14565676 HeapGrowthMultiplier: 3
12-22 16:42:53.523  3315 11894 I com.miui.home: CheckGCForNative gc_urgency 0.597409 current_native_bytes is 143819303 starting_gc_num:27
12-22 16:42:53.683  3315  3628 I com.miui.home: CheckGCForNative adj_start_bytes: 34430107 NativeAllocationGcWatermark: 10743501 java_gc_start_bytes: 18314856 kNewNativeDiscountFactor: 2 kOldNativeDiscountFactor: 65536 old_native_bytes: 131816947 new_native_bytes: 22697700 add_bytes_allowed: 32230503 is_gc_concurrent: 1 target_footprint_: 18839144 GetBytesAllocated: 14676013 HeapGrowthMultiplier: 3
12-22 16:42:53.683  3315  3628 I com.miui.home: CheckGCForNative gc_urgency 0.755934 current_native_bytes is 154514647 starting_gc_num:27
12-22 16:42:53.683  3315  9047 I cccccc  : getTaskSnapshot:
12-22 16:42:53.683  3315  3628 I cccccc  : createTaskSnapshotCompat:
12-22 16:42:53.684  3315  9047 I com.miui.home: CheckGCForNative adj_start_bytes: 34430107 NativeAllocationGcWatermark: 10743501 java_gc_start_bytes: 18314856 kNewNativeDiscountFactor: 2 kOldNativeDiscountFactor: 65536 old_native_bytes: 131816947 new_native_bytes: 33403812 add_bytes_allowed: 32230503 is_gc_concurrent: 1 target_footprint_: 18839144 GetBytesAllocated: 14676221 HeapGrowthMultiplier: 3
12-22 16:42:53.684  3315  9047 I com.miui.home: CheckGCForNative gc_urgency 0.911416 current_native_bytes is 165220759 starting_gc_num:27
12-22 16:42:53.685  3315  3315 I cccccc  : createTaskSnapshotCompat:
12-22 16:42:53.685  3315  3628 I com.miui.home: CheckGCForNative adj_start_bytes: 34430107 NativeAllocationGcWatermark: 10743501 java_gc_start_bytes: 18314856 kNewNativeDiscountFactor: 2 kOldNativeDiscountFactor: 65536 old_native_bytes: 131816947 new_native_bytes: 44110756 add_bytes_allowed: 32230503 is_gc_concurrent: 1 target_footprint_: 18839144 GetBytesAllocated: 14676413 HeapGrowthMultiplier: 3
12-22 16:42:53.685  3315  3628 I com.miui.home: CheckGCForNative gc_urgency 1.06691 current_native_bytes is 175927703 starting_gc_num:27
12-22 16:42:53.685  3315  3628 I com.miui.home: CheckGCForNative requested 1
12-22 16:42:53.685  3315  3315 I com.miui.home: CheckGCForNative adj_start_bytes: 34430107 NativeAllocationGcWatermark: 10743501 java_gc_start_bytes: 18314856 kNewNativeDiscountFactor: 2 kOldNativeDiscountFactor: 65536 old_native_bytes: 131816947 new_native_bytes: 44112036 add_bytes_allowed: 32230503 is_gc_concurrent: 1 target_footprint_: 18839144 GetBytesAllocated: 14676413 HeapGrowthMultiplier: 3
12-22 16:42:53.685  3315  3315 I com.miui.home: CheckGCForNative gc_urgency 1.06693 current_native_bytes is 175928983 starting_gc_num:27
12-22 16:42:53.685  3315  3315 I com.miui.home: CheckGCForNative requested 1
12-22 16:42:53.730 11665 11665 I wm_on_paused_called: [0,49703507,com.tencent.mobileqq.activity.LoginActivity,performPause,2]
12-22 16:42:53.744 11665 11665 I wm_on_stop_called: [0,2573437,com.tencent.mobileqq.activity.SplashActivity,LIFECYCLER_STOP_ACTIVITY,5]
12-22 16:42:53.775 11665 11665 I wm_on_destroy_called: [0,2573437,com.tencent.mobileqq.activity.SplashActivity,performDestroy,30]
12-22 16:42:53.836  3315  3385 D cccccc  : onTaskStackChangedBackground
12-22 16:42:53.838  3315  3385 D cccccc  : onTaskStackChangedBackground
12-22 16:42:53.887  3315  3365 I com.miui.home: NativeAlloc concurrent copying GC freed 129102(5505KB) AllocSpace objects, 12(336KB) LOS objects, 49% free, 8628KB/16MB, paused 3.951ms,30us total 201.478ms
12-22 16:42:53.890 11665 11665 I wm_on_stop_called: [0,49703507,com.tencent.mobileqq.activity.LoginActivity,STOP_ACTIVITY_ITEM,27]
12-22 16:42:54.026  3315  3681 E cccccc  : createTaskSnapshot:
12-22 16:42:54.026  3315  3681 I cccccc  : getTaskSnapshotInstance:
12-22 16:42:54.027  3315  3681 I com.miui.home: CheckGCForNative gc_urgency 0 current_native_bytes is 140779115 starting_gc_num:28
12-22 16:42:54.127  3315  3315 I com.miui.home: CheckGCForNative gc_urgency 0 current_native_bytes is 130267383 starting_gc_num:28
12-22 16:42:54.167  3315  3315 I wm_on_top_resumed_lost_called: [121615763,com.miui.home.launcher.Launcher,topStateChangedWhenResumed]
12-22 16:42:54.176  3315  3315 I wm_on_paused_called: [0,121615763,com.miui.home.launcher.Launcher,performPause,2]
12-22 16:42:54.233  3315  3681 I com.miui.home: CheckGCForNative adj_start_bytes: 33426074 NativeAllocationGcWatermark: 10597419 java_gc_start_bytes: 17529946 kNewNativeDiscountFactor: 2 kOldNativeDiscountFactor: 65536 old_native_bytes: 130267383 new_native_bytes: 75184 add_bytes_allowed: 31792257 is_gc_concurrent: 1 target_footprint_: 17670495 GetBytesAllocated: 10006476 HeapGrowthMultiplier: 3
12-22 16:42:54.233  3315  3681 I com.miui.home: CheckGCForNative gc_urgency 0.300545 current_native_bytes is 130342567 starting_gc_num:28
12-22 16:42:54.256  3315  3385 D cccccc  : onTaskStackChangedBackground
12-22 16:42:54.282  3315  9047 D cccccc  : onTaskStackChangedBackground
12-22 16:42:54.289  3315  3385 D cccccc  : onTaskStackChangedBackground
12-22 16:42:54.289  3315  3385 D cccccc  : onTaskStackChangedBackground
12-22 16:42:54.519  3315  3681 I com.miui.home: CheckGCForNative adj_start_bytes: 33426074 NativeAllocationGcWatermark: 10597419 java_gc_start_bytes: 17529946 kNewNativeDiscountFactor: 2 kOldNativeDiscountFactor: 65536 old_native_bytes: 130267383 new_native_bytes: 1090908 add_bytes_allowed: 31792257 is_gc_concurrent: 1 target_footprint_: 17670495 GetBytesAllocated: 10982195 HeapGrowthMultiplier: 3
12-22 16:42:54.519  3315  3681 I com.miui.home: CheckGCForNative gc_urgency 0.344929 current_native_bytes is 131358291 starting_gc_num:28
12-22 16:42:54.621  3315  3681 E cccccc  : createTaskSnapshot:
12-22 16:42:54.621  3315  3681 I cccccc  : getTaskSnapshotInstance:
12-22 16:42:54.831  3315  3629 I com.miui.home: CheckGCForNative adj_start_bytes: 33426074 NativeAllocationGcWatermark: 10597419 java_gc_start_bytes: 17529946 kNewNativeDiscountFactor: 2 kOldNativeDiscountFactor: 65536 old_native_bytes: 130267383 new_native_bytes: 1214364 add_bytes_allowed: 31792257 is_gc_concurrent: 1 target_footprint_: 17670495 GetBytesAllocated: 11356032 HeapGrowthMultiplier: 3
12-22 16:42:54.832  3315  3629 I com.miui.home: CheckGCForNative gc_urgency 0.35796 current_native_bytes is 131481747 starting_gc_num:28
12-22 16:42:55.688 11980 11980 I wm_on_application_create_called: [0,com.dragon.read,830]
12-22 16:42:55.828  3315  3315 I com.miui.home: CheckGCForNative adj_start_bytes: 33426074 NativeAllocationGcWatermark: 10597419 java_gc_start_bytes: 17529946 kNewNativeDiscountFactor: 2 kOldNativeDiscountFactor: 65536 old_native_bytes: 130267383 new_native_bytes: 978556 add_bytes_allowed: 31792257 is_gc_concurrent: 1 target_footprint_: 17670495 GetBytesAllocated: 12044123 HeapGrowthMultiplier: 3
12-22 16:42:55.828  3315  3315 I com.miui.home: CheckGCForNative gc_urgency 0.375018 current_native_bytes is 131245939 starting_gc_num:28
12-22 16:42:55.874  3315  3315 I wm_on_resume_called: [0,121615763,com.miui.home.launcher.Launcher,RESUME_ACTIVITY,19]
12-22 16:42:55.903  3315  3315 I wm_on_idle_called: com.miui.home.launcher.Launcher
12-22 16:42:55.997  3315 11527 I com.miui.home: CheckGCForNative adj_start_bytes: 33426074 NativeAllocationGcWatermark: 10597419 java_gc_start_bytes: 17529946 kNewNativeDiscountFactor: 2 kOldNativeDiscountFactor: 65536 old_native_bytes: 130267383 new_native_bytes: 11886480 add_bytes_allowed: 31792257 is_gc_concurrent: 1 target_footprint_: 17670495 GetBytesAllocated: 13072945 HeapGrowthMultiplier: 3
12-22 16:42:55.997  3315 11527 I com.miui.home: CheckGCForNative gc_urgency 0.568962 current_native_bytes is 142153863 starting_gc_num:28
12-22 16:42:55.997  3315 11527 I cccccc  : createTaskSnapshotCompat:
12-22 16:42:55.998  3315 11527 I com.miui.home: CheckGCForNative adj_start_bytes: 33426074 NativeAllocationGcWatermark: 10597419 java_gc_start_bytes: 17529946 kNewNativeDiscountFactor: 2 kOldNativeDiscountFactor: 65536 old_native_bytes: 130267383 new_native_bytes: 22594896 add_bytes_allowed: 31792257 is_gc_concurrent: 1 target_footprint_: 17670495 GetBytesAllocated: 13079964 HeapGrowthMultiplier: 3
12-22 16:42:55.998  3315 11527 I com.miui.home: CheckGCForNative gc_urgency 0.729353 current_native_bytes is 152862279 starting_gc_num:28
12-22 16:42:56.051  3315 11527 I cccccc  : getTaskSnapshot:
12-22 16:42:56.054  3315 11527 I com.miui.home: CheckGCForNative adj_start_bytes: 33426074 NativeAllocationGcWatermark: 10597419 java_gc_start_bytes: 17529946 kNewNativeDiscountFactor: 2 kOldNativeDiscountFactor: 65536 old_native_bytes: 130267383 new_native_bytes: 22698744 add_bytes_allowed: 31792257 is_gc_concurrent: 1 target_footprint_: 17670495 GetBytesAllocated: 13142946 HeapGrowthMultiplier: 3
12-22 16:42:56.055  3315 11527 I com.miui.home: CheckGCForNative gc_urgency 0.73279 current_native_bytes is 152966127 starting_gc_num:28
12-22 16:42:56.055  3315  3315 I cccccc  : createTaskSnapshotCompat:
12-22 16:42:56.168  3315  3629 I com.miui.home: CheckGCForNative adj_start_bytes: 33426074 NativeAllocationGcWatermark: 10597419 java_gc_start_bytes: 17529946 kNewNativeDiscountFactor: 2 kOldNativeDiscountFactor: 65536 old_native_bytes: 130267383 new_native_bytes: 11994328 add_bytes_allowed: 31792257 is_gc_concurrent: 1 target_footprint_: 17670495 GetBytesAllocated: 13186934 HeapGrowthMultiplier: 3
12-22 16:42:56.168  3315  3629 I com.miui.home: CheckGCForNative gc_urgency 0.573986 current_native_bytes is 142261711 starting_gc_num:28
12-22 16:42:56.298  3315  3315 I wm_on_top_resumed_gained_called: [121615763,com.miui.home.launcher.Launcher,topStateChangedWhenResumed]
12-22 16:42:56.447  3315  3629 I com.miui.home: CheckGCForNative adj_start_bytes: 33426074 NativeAllocationGcWatermark: 10597419 java_gc_start_bytes: 17529946 kNewNativeDiscountFactor: 2 kOldNativeDiscountFactor: 65536 old_native_bytes: 130267383 new_native_bytes: 11950792 add_bytes_allowed: 31792257 is_gc_concurrent: 1 target_footprint_: 17670495 GetBytesAllocated: 13305882 HeapGrowthMultiplier: 3
12-22 16:42:56.447  3315  3629 I com.miui.home: CheckGCForNative gc_urgency 0.576893 current_native_bytes is 142218175 starting_gc_num:28
12-22 16:42:56.483  3315  3628 I com.miui.home: CheckGCForNative adj_start_bytes: 33426074 NativeAllocationGcWatermark: 10597419 java_gc_start_bytes: 17529946 kNewNativeDiscountFactor: 2 kOldNativeDiscountFactor: 65536 old_native_bytes: 130267383 new_native_bytes: 22587000 add_bytes_allowed: 31792257 is_gc_concurrent: 1 target_footprint_: 17670495 GetBytesAllocated: 13328799 HeapGrowthMultiplier: 3
12-22 16:42:56.483  3315  3628 I com.miui.home: CheckGCForNative gc_urgency 0.736679 current_native_bytes is 152854383 starting_gc_num:28
12-22 16:42:56.483  3315  3628 I cccccc  : createTaskSnapshotCompat:
12-22 16:42:56.484  3315  3628 I com.miui.home: CheckGCForNative adj_start_bytes: 33426074 NativeAllocationGcWatermark: 10597419 java_gc_start_bytes: 17529946 kNewNativeDiscountFactor: 2 kOldNativeDiscountFactor: 65536 old_native_bytes: 130267383 new_native_bytes: 33294264 add_bytes_allowed: 31792257 is_gc_concurrent: 1 target_footprint_: 17670495 GetBytesAllocated: 13331923 HeapGrowthMultiplier: 3
12-22 16:42:56.484  3315  3628 I com.miui.home: CheckGCForNative gc_urgency 0.896936 current_native_bytes is 163561647 starting_gc_num:28
12-22 16:42:56.507  3315  3993 I cccccc  : getTaskSnapshot:
12-22 16:42:56.509  3315  3993 I com.miui.home: CheckGCForNative adj_start_bytes: 33426074 NativeAllocationGcWatermark: 10597419 java_gc_start_bytes: 17529946 kNewNativeDiscountFactor: 2 kOldNativeDiscountFactor: 65536 old_native_bytes: 130267383 new_native_bytes: 33294392 add_bytes_allowed: 31792257 is_gc_concurrent: 1 target_footprint_: 17670495 GetBytesAllocated: 13331923 HeapGrowthMultiplier: 3
12-22 16:42:56.509  3315  3993 I com.miui.home: CheckGCForNative gc_urgency 0.896938 current_native_bytes is 163561775 starting_gc_num:28
12-22 16:42:56.510  3315  3315 I cccccc  : createTaskSnapshotCompat:
12-22 16:42:56.944  3315  3315 I wm_on_top_resumed_lost_called: [121615763,com.miui.home.launcher.Launcher,topStateChangedWhenResumed]
12-22 16:42:56.963  3315  3610 I com.miui.home: CheckGCForNative adj_start_bytes: 33426074 NativeAllocationGcWatermark: 10597419 java_gc_start_bytes: 17529946 kNewNativeDiscountFactor: 2 kOldNativeDiscountFactor: 65536 old_native_bytes: 130267383 new_native_bytes: 22687288 add_bytes_allowed: 31792257 is_gc_concurrent: 1 target_footprint_: 17670495 GetBytesAllocated: 13527669 HeapGrowthMultiplier: 3
12-22 16:42:56.963  3315  3610 I com.miui.home: CheckGCForNative gc_urgency 0.744129 current_native_bytes is 152954671 starting_gc_num:28
12-22 16:42:57.005  3315  3315 I wm_on_paused_called: [0,121615763,com.miui.home.launcher.Launcher,performPause,3]
12-22 16:42:57.058  3315  3993 D cccccc  : onTaskStackChangedBackground
12-22 16:42:57.058  3315  3993 D cccccc  : onTaskStackChangedBackground
12-22 16:42:57.111  3315  4370 D cccccc  : onTaskStackChangedBackground
12-22 16:42:57.112  3315 11473 D cccccc  : onTaskStackChangedBackground
12-22 16:42:57.150 11980 11980 I wm_on_create_called: [0,183476454,com.dragon.read.pages.splash.SplashActivity,performCreate,742]
12-22 16:42:57.496  3315  3681 E cccccc  : createTaskSnapshot:
12-22 16:42:57.497  3315  3681 I cccccc  : getTaskSnapshotInstance:
12-22 16:42:57.500  3315  3681 E cccccc  : createTaskSnapshot:
12-22 16:42:57.501  3315  3681 I cccccc  : getTaskSnapshotInstance:
12-22 16:42:57.505  3315  3681 I com.miui.home: CheckGCForNative adj_start_bytes: 33426074 NativeAllocationGcWatermark: 10597419 java_gc_start_bytes: 17529946 kNewNativeDiscountFactor: 2 kOldNativeDiscountFactor: 65536 old_native_bytes: 130267383 new_native_bytes: 33670868 add_bytes_allowed: 31792257 is_gc_concurrent: 1 target_footprint_: 17670495 GetBytesAllocated: 14493256 HeapGrowthMultiplier: 3
12-22 16:42:57.505  3315  3681 I com.miui.home: CheckGCForNative gc_urgency 0.937352 current_native_bytes is 163938251 starting_gc_num:28
12-22 16:42:57.527  3315  3629 I com.miui.home: CheckGCForNative adj_start_bytes: 33426074 NativeAllocationGcWatermark: 10597419 java_gc_start_bytes: 17529946 kNewNativeDiscountFactor: 2 kOldNativeDiscountFactor: 65536 old_native_bytes: 130267383 new_native_bytes: 22967956 add_bytes_allowed: 31792257 is_gc_concurrent: 1 target_footprint_: 17670495 GetBytesAllocated: 14549965 HeapGrowthMultiplier: 3
12-22 16:42:57.527  3315  3629 I com.miui.home: CheckGCForNative gc_urgency 0.778911 current_native_bytes is 153235339 starting_gc_num:28
12-22 16:42:57.758  3315  3681 E cccccc  : createTaskSnapshot:
12-22 16:42:57.758  3315  3681 I cccccc  : getTaskSnapshotInstance:
12-22 16:42:57.805  3315  3629 I com.miui.home: CheckGCForNative adj_start_bytes: 33426074 NativeAllocationGcWatermark: 10597419 java_gc_start_bytes: 17529946 kNewNativeDiscountFactor: 2 kOldNativeDiscountFactor: 65536 old_native_bytes: 130267383 new_native_bytes: 23191240 add_bytes_allowed: 31792257 is_gc_concurrent: 1 target_footprint_: 17670495 GetBytesAllocated: 15193416 HeapGrowthMultiplier: 3
12-22 16:42:57.805  3315  3629 I com.miui.home: CheckGCForNative gc_urgency 0.801501 current_native_bytes is 153458623 starting_gc_num:28
12-22 16:42:57.805  3315  3629 I com.miui.home: CheckGCForNative adj_start_bytes: 33426074 NativeAllocationGcWatermark: 10597419 java_gc_start_bytes: 17529946 kNewNativeDiscountFactor: 2 kOldNativeDiscountFactor: 65536 old_native_bytes: 130267383 new_native_bytes: 23193480 add_bytes_allowed: 31792257 is_gc_concurrent: 1 target_footprint_: 17670495 GetBytesAllocated: 15193416 HeapGrowthMultiplier: 3
12-22 16:42:57.806  3315  3629 I com.miui.home: CheckGCForNative gc_urgency 0.801534 current_native_bytes is 153460863 starting_gc_num:28
12-22 16:42:58.449 12476 12476 I wm_on_application_create_called: [0,com.taobao.taobao,495]
