12-13 13:56:51.921  3220  3220 I wm_on_restart_called: [0,241954343,com.miui.home.launcher.Launcher,performRestartActivity,0]
12-13 13:56:51.922  3220  3220 I wm_on_start_called: [0,241954343,com.miui.home.launcher.Launcher,handleStartActivity,1]
12-13 13:56:51.927  3220  3220 I wm_on_resume_called: [0,241954343,com.miui.home.launcher.Launcher,RESUME_ACTIVITY,4]
12-13 13:56:51.927  3220  3220 I wm_on_top_resumed_gained_called: [241954343,com.miui.home.launcher.Launcher,topWhenResuming]
12-13 13:56:52.242  3220  3220 I wm_on_idle_called: com.miui.home.launcher.Launcher
12-13 13:56:57.971  3220  3220 I wm_on_top_resumed_lost_called: [241954343,com.miui.home.launcher.Launcher,topStateChangedWhenResumed]
12-13 13:56:57.973  3220  3220 I wm_on_paused_called: [0,241954343,com.miui.home.launcher.Launcher,performPause,1]
12-13 13:56:57.998  3220 10640 I com.miui.home: CheckGCForNative gc_urgency 0 current_native_bytes is 111061093
12-13 13:56:58.040  3220  3811 I com.miui.home: CheckGCForNative adj_start_bytes: 42857459 NativeAllocationGcWatermark: 11589199 java_gc_start_bytes: 25473661 kNewNativeDiscountFactor: 2 kOldNativeDiscountFactor: 65536 old_native_bytes: 111061093 new_native_bytes: 448736 add_bytes_allowed: 34767597 is_gc_concurrent: 1 target_footprint_: 25604733 GetBytesAllocated: 15155120 HeapGrowthMultiplier: 3
12-13 13:56:58.041  3220  3811 I com.miui.home: CheckGCForNative gc_urgency 0.359274 current_native_bytes is 111509829
12-13 13:56:58.047  3220  3811 I com.miui.home: CheckGCForNative adj_start_bytes: 42857459 NativeAllocationGcWatermark: 11589199 java_gc_start_bytes: 25473661 kNewNativeDiscountFactor: 2 kOldNativeDiscountFactor: 65536 old_native_bytes: 111061093 new_native_bytes: 843136 add_bytes_allowed: 34767597 is_gc_concurrent: 1 target_footprint_: 25604733 GetBytesAllocated: 15171504 HeapGrowthMultiplier: 3
12-13 13:56:58.047  3220  3811 I com.miui.home: CheckGCForNative gc_urgency 0.363875 current_native_bytes is 111904229
12-13 13:56:58.136  3220  3811 I com.miui.home: CheckGCForNative adj_start_bytes: 42857459 NativeAllocationGcWatermark: 11589199 java_gc_start_bytes: 25473661 kNewNativeDiscountFactor: 2 kOldNativeDiscountFactor: 65536 old_native_bytes: 111061093 new_native_bytes: 2623192 add_bytes_allowed: 34767597 is_gc_concurrent: 1 target_footprint_: 25604733 GetBytesAllocated: 15720928 HeapGrowthMultiplier: 3
12-13 13:56:58.136  3220  3811 I com.miui.home: CheckGCForNative gc_urgency 0.397462 current_native_bytes is 113684285
12-13 13:56:58.323  3220  3220 I wm_on_stop_called: [0,241954343,com.miui.home.launcher.Launcher,STOP_ACTIVITY_ITEM,2]
12-13 13:56:58.902  3220  3811 I com.miui.home: CheckGCForNative adj_start_bytes: 42857459 NativeAllocationGcWatermark: 11589199 java_gc_start_bytes: 25473661 kNewNativeDiscountFactor: 2 kOldNativeDiscountFactor: 65536 old_native_bytes: 111061093 new_native_bytes: 2717144 add_bytes_allowed: 34767597 is_gc_concurrent: 1 target_footprint_: 25604733 GetBytesAllocated: 16221168 HeapGrowthMultiplier: 3
12-13 13:56:58.902  3220  3811 I com.miui.home: CheckGCForNative gc_urgency 0.41023 current_native_bytes is 113778237
12-13 13:56:58.941  3220  3339 I com.miui.home: CheckGCForNative adj_start_bytes: 42857459 NativeAllocationGcWatermark: 11589199 java_gc_start_bytes: 25473661 kNewNativeDiscountFactor: 2 kOldNativeDiscountFactor: 65536 old_native_bytes: 111061093 new_native_bytes: 3338776 add_bytes_allowed: 34767597 is_gc_concurrent: 1 target_footprint_: 25604733 GetBytesAllocated: 16532752 HeapGrowthMultiplier: 3
12-13 13:56:58.941  3220  3339 I com.miui.home: CheckGCForNative gc_urgency 0.424753 current_native_bytes is 114399869
12-13 13:56:59.204  3220  3220 I wm_on_restart_called: [0,241954343,com.miui.home.launcher.Launcher,performRestartActivity,0]
12-13 13:56:59.205  3220  3220 I wm_on_start_called: [0,241954343,com.miui.home.launcher.Launcher,handleStartActivity,1]
12-13 13:56:59.321  3220  3421 I com.miui.home: CheckGCForNative adj_start_bytes: 42857459 NativeAllocationGcWatermark: 11589199 java_gc_start_bytes: 25473661 kNewNativeDiscountFactor: 2 kOldNativeDiscountFactor: 65536 old_native_bytes: 111061093 new_native_bytes: 14310688 add_bytes_allowed: 34767597 is_gc_concurrent: 1 target_footprint_: 25604733 GetBytesAllocated: 17106512 HeapGrowthMultiplier: 3
12-13 13:56:59.321  3220  3421 I com.miui.home: CheckGCForNative gc_urgency 0.566145 current_native_bytes is 125371781
12-13 13:56:59.323  3220  3421 I com.miui.home: CheckGCForNative adj_start_bytes: 42857459 NativeAllocationGcWatermark: 11589199 java_gc_start_bytes: 25473661 kNewNativeDiscountFactor: 2 kOldNativeDiscountFactor: 65536 old_native_bytes: 111061093 new_native_bytes: 25018144 add_bytes_allowed: 34767597 is_gc_concurrent: 1 target_footprint_: 25604733 GetBytesAllocated: 17123088 HeapGrowthMultiplier: 3
12-13 13:56:59.323  3220  3421 I com.miui.home: CheckGCForNative gc_urgency 0.691451 current_native_bytes is 136079237
12-13 13:56:59.327  3220  3426 I com.miui.home: CheckGCForNative adj_start_bytes: 42857459 NativeAllocationGcWatermark: 11589199 java_gc_start_bytes: 25473661 kNewNativeDiscountFactor: 2 kOldNativeDiscountFactor: 65536 old_native_bytes: 111061093 new_native_bytes: 35724192 add_bytes_allowed: 34767597 is_gc_concurrent: 1 target_footprint_: 25604733 GetBytesAllocated: 17123088 HeapGrowthMultiplier: 3
12-13 13:56:59.327  3220  3426 I com.miui.home: CheckGCForNative gc_urgency 0.816355 current_native_bytes is 146785285
12-13 13:56:59.328  3220  3363 I com.miui.home: CheckGCForNative adj_start_bytes: 42857459 NativeAllocationGcWatermark: 11589199 java_gc_start_bytes: 25473661 kNewNativeDiscountFactor: 2 kOldNativeDiscountFactor: 65536 old_native_bytes: 111061093 new_native_bytes: 14315104 add_bytes_allowed: 34767597 is_gc_concurrent: 1 target_footprint_: 25604733 GetBytesAllocated: 17139664 HeapGrowthMultiplier: 3
12-13 13:56:59.328  3220  3363 I com.miui.home: CheckGCForNative gc_urgency 0.56697 current_native_bytes is 125376197
12-13 13:56:59.618  3220  3363 I com.miui.home: CheckGCForNative adj_start_bytes: 42857459 NativeAllocationGcWatermark: 11589199 java_gc_start_bytes: 25473661 kNewNativeDiscountFactor: 2 kOldNativeDiscountFactor: 65536 old_native_bytes: 111061093 new_native_bytes: 14346768 add_bytes_allowed: 34767597 is_gc_concurrent: 1 target_footprint_: 25604733 GetBytesAllocated: 17287120 HeapGrowthMultiplier: 3
12-13 13:56:59.618  3220  3363 I com.miui.home: CheckGCForNative gc_urgency 0.57078 current_native_bytes is 125407861
12-13 13:56:59.843  3220  3220 I wm_on_resume_called: [0,241954343,com.miui.home.launcher.Launcher,RESUME_ACTIVITY,7]
12-13 13:56:59.845  3220  3220 I wm_on_idle_called: com.miui.home.launcher.Launcher
12-13 13:56:59.860  3220  3220 I wm_on_top_resumed_gained_called: [241954343,com.miui.home.launcher.Launcher,topStateChangedWhenResumed]
12-13 13:56:59.986  3220  3811 I com.miui.home: CheckGCForNative adj_start_bytes: 42857459 NativeAllocationGcWatermark: 11589199 java_gc_start_bytes: 25473661 kNewNativeDiscountFactor: 2 kOldNativeDiscountFactor: 65536 old_native_bytes: 111061093 new_native_bytes: 14511232 add_bytes_allowed: 34767597 is_gc_concurrent: 1 target_footprint_: 25604733 GetBytesAllocated: 18467872 HeapGrowthMultiplier: 3
12-13 13:56:59.986  3220  3811 I com.miui.home: CheckGCForNative gc_urgency 0.60025 current_native_bytes is 125572325
12-13 13:57:00.003  3220  3339 I com.miui.home: CheckGCForNative adj_start_bytes: 42857459 NativeAllocationGcWatermark: 11589199 java_gc_start_bytes: 25473661 kNewNativeDiscountFactor: 2 kOldNativeDiscountFactor: 65536 old_native_bytes: 111061093 new_native_bytes: 25609504 add_bytes_allowed: 34767597 is_gc_concurrent: 1 target_footprint_: 25604733 GetBytesAllocated: 18582720 HeapGrowthMultiplier: 3
12-13 13:57:00.003  3220  3339 I com.miui.home: CheckGCForNative gc_urgency 0.732408 current_native_bytes is 136670597
12-13 13:57:00.053  3220  3339 I com.miui.home: CheckGCForNative adj_start_bytes: 42857459 NativeAllocationGcWatermark: 11589199 java_gc_start_bytes: 25473661 kNewNativeDiscountFactor: 2 kOldNativeDiscountFactor: 65536 old_native_bytes: 111061093 new_native_bytes: 41199488 add_bytes_allowed: 34767597 is_gc_concurrent: 1 target_footprint_: 25604733 GetBytesAllocated: 18746880 HeapGrowthMultiplier: 3
12-13 13:57:00.053  3220  3339 I com.miui.home: CheckGCForNative gc_urgency 0.918121 current_native_bytes is 152260581
12-13 13:57:00.053  3220  3339 I com.miui.home: CheckGCForNative adj_start_bytes: 42857459 NativeAllocationGcWatermark: 11589199 java_gc_start_bytes: 25473661 kNewNativeDiscountFactor: 2 kOldNativeDiscountFactor: 65536 old_native_bytes: 111061093 new_native_bytes: 29403648 add_bytes_allowed: 34767597 is_gc_concurrent: 1 target_footprint_: 25604733 GetBytesAllocated: 18746880 HeapGrowthMultiplier: 3
12-13 13:57:00.053  3220  3339 I com.miui.home: CheckGCForNative gc_urgency 0.780504 current_native_bytes is 140464741
12-13 13:57:00.062  3220  3339 I com.miui.home: CheckGCForNative adj_start_bytes: 42857459 NativeAllocationGcWatermark: 11589199 java_gc_start_bytes: 25473661 kNewNativeDiscountFactor: 2 kOldNativeDiscountFactor: 65536 old_native_bytes: 111061093 new_native_bytes: 30191552 add_bytes_allowed: 34767597 is_gc_concurrent: 1 target_footprint_: 25604733 GetBytesAllocated: 18763264 HeapGrowthMultiplier: 3
12-13 13:57:00.062  3220  3339 I com.miui.home: CheckGCForNative gc_urgency 0.790078 current_native_bytes is 141252645
12-13 13:57:00.146  3220  3220 I wm_on_top_resumed_lost_called: [241954343,com.miui.home.launcher.Launcher,topStateChangedWhenResumed]
12-13 13:57:00.151  3220  3220 I wm_on_paused_called: [0,241954343,com.miui.home.launcher.Launcher,performPause,1]
12-13 13:57:00.167  3220  3220 I com.miui.home: CheckGCForNative adj_start_bytes: 42857459 NativeAllocationGcWatermark: 11589199 java_gc_start_bytes: 25473661 kNewNativeDiscountFactor: 2 kOldNativeDiscountFactor: 65536 old_native_bytes: 111061093 new_native_bytes: 30442284 add_bytes_allowed: 34767597 is_gc_concurrent: 1 target_footprint_: 25604733 GetBytesAllocated: 18960032 HeapGrowthMultiplier: 3
12-13 13:57:00.167  3220  3220 I com.miui.home: CheckGCForNative gc_urgency 0.797594 current_native_bytes is 141503377
12-13 13:57:00.184  3220  3339 I com.miui.home: CheckGCForNative adj_start_bytes: 42857459 NativeAllocationGcWatermark: 11589199 java_gc_start_bytes: 25473661 kNewNativeDiscountFactor: 2 kOldNativeDiscountFactor: 65536 old_native_bytes: 111061093 new_native_bytes: 31936836 add_bytes_allowed: 34767597 is_gc_concurrent: 1 target_footprint_: 25604733 GetBytesAllocated: 19074944 HeapGrowthMultiplier: 3
12-13 13:57:00.184  3220  3339 I com.miui.home: CheckGCForNative gc_urgency 0.817712 current_native_bytes is 142997929
12-13 13:57:00.185  3220  3339 I com.miui.home: CheckGCForNative adj_start_bytes: 42857459 NativeAllocationGcWatermark: 11589199 java_gc_start_bytes: 25473661 kNewNativeDiscountFactor: 2 kOldNativeDiscountFactor: 65536 old_native_bytes: 111061093 new_native_bytes: 33387724 add_bytes_allowed: 34767597 is_gc_concurrent: 1 target_footprint_: 25604733 GetBytesAllocated: 19074944 HeapGrowthMultiplier: 3
12-13 13:57:00.185  3220  3339 I com.miui.home: CheckGCForNative gc_urgency 0.834639 current_native_bytes is 144448817
12-13 13:57:00.205  3220  3339 I com.miui.home: CheckGCForNative adj_start_bytes: 42857459 NativeAllocationGcWatermark: 11589199 java_gc_start_bytes: 25473661 kNewNativeDiscountFactor: 2 kOldNativeDiscountFactor: 65536 old_native_bytes: 111061093 new_native_bytes: 44960524 add_bytes_allowed: 34767597 is_gc_concurrent: 1 target_footprint_: 25604733 GetBytesAllocated: 19157072 HeapGrowthMultiplier: 3
12-13 13:57:00.205  3220  3339 I com.miui.home: CheckGCForNative gc_urgency 0.97157 current_native_bytes is 156021617
12-13 13:57:00.267  3220  3811 I com.miui.home: CheckGCForNative adj_start_bytes: 42857459 NativeAllocationGcWatermark: 11589199 java_gc_start_bytes: 25473661 kNewNativeDiscountFactor: 2 kOldNativeDiscountFactor: 65536 old_native_bytes: 111061093 new_native_bytes: 44281812 add_bytes_allowed: 34767597 is_gc_concurrent: 1 target_footprint_: 25604733 GetBytesAllocated: 19609136 HeapGrowthMultiplier: 3
12-13 13:57:00.267  3220  3811 I com.miui.home: CheckGCForNative gc_urgency 0.9742 current_native_bytes is 155342905
12-13 13:57:00.277  3220  3253 I com.miui.home: CheckGCForNative adj_start_bytes: 42857459 NativeAllocationGcWatermark: 11589199 java_gc_start_bytes: 25473661 kNewNativeDiscountFactor: 2 kOldNativeDiscountFactor: 65536 old_native_bytes: 111061093 new_native_bytes: 44299132 add_bytes_allowed: 34767597 is_gc_concurrent: 1 target_footprint_: 25604733 GetBytesAllocated: 19674736 HeapGrowthMultiplier: 3
12-13 13:57:00.277  3220  3253 I com.miui.home: CheckGCForNative gc_urgency 0.975933 current_native_bytes is 155360225
12-13 13:57:00.396  3220  3339 I com.miui.home: CheckGCForNative adj_start_bytes: 42857459 NativeAllocationGcWatermark: 11589199 java_gc_start_bytes: 25473661 kNewNativeDiscountFactor: 2 kOldNativeDiscountFactor: 65536 old_native_bytes: 111061093 new_native_bytes: 44464400 add_bytes_allowed: 34767597 is_gc_concurrent: 1 target_footprint_: 25604733 GetBytesAllocated: 20019120 HeapGrowthMultiplier: 3
12-13 13:57:00.396  3220  3339 I com.miui.home: CheckGCForNative gc_urgency 0.985896 current_native_bytes is 155525493
12-13 13:57:01.253  3220  3621 I com.miui.home: CheckGCForNative adj_start_bytes: 42857459 NativeAllocationGcWatermark: 11589199 java_gc_start_bytes: 25473661 kNewNativeDiscountFactor: 2 kOldNativeDiscountFactor: 65536 old_native_bytes: 111061093 new_native_bytes: 55288228 add_bytes_allowed: 34767597 is_gc_concurrent: 1 target_footprint_: 25604733 GetBytesAllocated: 20642288 HeapGrowthMultiplier: 3
12-13 13:57:01.253  3220  3621 I com.miui.home: CheckGCForNative gc_urgency 1.12671 current_native_bytes is 166349321
12-13 13:57:01.253  3220  3621 I com.miui.home: CheckGCForNative adj_start_bytes: 42857459 NativeAllocationGcWatermark: 11589199 java_gc_start_bytes: 25473661 kNewNativeDiscountFactor: 2 kOldNativeDiscountFactor: 65536 old_native_bytes: 111061093 new_native_bytes: 65994788 add_bytes_allowed: 34767597 is_gc_concurrent: 1 target_footprint_: 25604733 GetBytesAllocated: 20658864 HeapGrowthMultiplier: 3
12-13 13:57:01.253  3220  3621 I com.miui.home: CheckGCForNative gc_urgency 1.25201 current_native_bytes is 177055881
12-13 13:57:01.281  3220  3621 I com.miui.home: CheckGCForNative adj_start_bytes: 42857459 NativeAllocationGcWatermark: 11589199 java_gc_start_bytes: 25473661 kNewNativeDiscountFactor: 2 kOldNativeDiscountFactor: 65536 old_native_bytes: 111061093 new_native_bytes: 65964708 add_bytes_allowed: 34767597 is_gc_concurrent: 1 target_footprint_: 25604733 GetBytesAllocated: 20708016 HeapGrowthMultiplier: 3
12-13 13:57:01.282  3220  3621 I com.miui.home: CheckGCForNative gc_urgency 1.25281 current_native_bytes is 177025801
12-13 13:57:01.456  3220  3363 I com.miui.home: CheckGCForNative gc_urgency 0 current_native_bytes is 124966457
12-13 13:57:01.656  3220  3363 I com.miui.home: CheckGCForNative adj_start_bytes: 43250152 NativeAllocationGcWatermark: 11640903 java_gc_start_bytes: 25788798 kNewNativeDiscountFactor: 2 kOldNativeDiscountFactor: 65536 old_native_bytes: 124966457 new_native_bytes: 16768 add_bytes_allowed: 34922709 is_gc_concurrent: 1 target_footprint_: 26018366 GetBytesAllocated: 13173024 HeapGrowthMultiplier: 3
12-13 13:57:01.656  3220  3363 I com.miui.home: CheckGCForNative gc_urgency 0.304815 current_native_bytes is 124983225
12-13 13:57:01.789  3220  3220 I wm_on_resume_called: [0,241954343,com.miui.home.launcher.Launcher,RESUME_ACTIVITY,5]
12-13 13:57:01.791  3220  3220 I wm_on_idle_called: com.miui.home.launcher.Launcher
12-13 13:57:01.802  3220  3220 I wm_on_top_resumed_gained_called: [241954343,com.miui.home.launcher.Launcher,topStateChangedWhenResumed]
12-13 13:57:01.813  3220 10640 I com.miui.home: CheckGCForNative adj_start_bytes: 43250152 NativeAllocationGcWatermark: 11640903 java_gc_start_bytes: 25788798 kNewNativeDiscountFactor: 2 kOldNativeDiscountFactor: 65536 old_native_bytes: 124966457 new_native_bytes: 62720 add_bytes_allowed: 34922709 is_gc_concurrent: 1 target_footprint_: 26018366 GetBytesAllocated: 14124064 HeapGrowthMultiplier: 3
12-13 13:57:01.813  3220 10640 I com.miui.home: CheckGCForNative gc_urgency 0.327336 current_native_bytes is 125029177
12-13 13:57:01.935  3220  3811 I com.miui.home: CheckGCForNative adj_start_bytes: 43250152 NativeAllocationGcWatermark: 11640903 java_gc_start_bytes: 25788798 kNewNativeDiscountFactor: 2 kOldNativeDiscountFactor: 65536 old_native_bytes: 124966457 new_native_bytes: 11909268 add_bytes_allowed: 34922709 is_gc_concurrent: 1 target_footprint_: 26018366 GetBytesAllocated: 14640800 HeapGrowthMultiplier: 3
12-13 13:57:01.935  3220  3811 I com.miui.home: CheckGCForNative gc_urgency 0.476237 current_native_bytes is 136875725
12-13 13:57:01.947  3220  3811 I com.miui.home: CheckGCForNative adj_start_bytes: 43250152 NativeAllocationGcWatermark: 11640903 java_gc_start_bytes: 25788798 kNewNativeDiscountFactor: 2 kOldNativeDiscountFactor: 65536 old_native_bytes: 124966457 new_native_bytes: 1779584 add_bytes_allowed: 34922709 is_gc_concurrent: 1 target_footprint_: 26018366 GetBytesAllocated: 14789056 HeapGrowthMultiplier: 3
12-13 13:57:01.947  3220  3811 I com.miui.home: CheckGCForNative gc_urgency 0.362559 current_native_bytes is 126746041
12-13 13:57:01.947  3220  3339 I com.miui.home: CheckGCForNative adj_start_bytes: 43250152 NativeAllocationGcWatermark: 11640903 java_gc_start_bytes: 25788798 kNewNativeDiscountFactor: 2 kOldNativeDiscountFactor: 65536 old_native_bytes: 124966457 new_native_bytes: 1414224 add_bytes_allowed: 34922709 is_gc_concurrent: 1 target_footprint_: 26018366 GetBytesAllocated: 14789056 HeapGrowthMultiplier: 3
12-13 13:57:01.947  3220  3339 I com.miui.home: CheckGCForNative gc_urgency 0.358336 current_native_bytes is 126380681
12-13 13:57:01.949  3220  3811 I com.miui.home: CheckGCForNative adj_start_bytes: 43250152 NativeAllocationGcWatermark: 11640903 java_gc_start_bytes: 25788798 kNewNativeDiscountFactor: 2 kOldNativeDiscountFactor: 65536 old_native_bytes: 124966457 new_native_bytes: 3082992 add_bytes_allowed: 34922709 is_gc_concurrent: 1 target_footprint_: 26018366 GetBytesAllocated: 14789056 HeapGrowthMultiplier: 3
12-13 13:57:01.949  3220  3811 I com.miui.home: CheckGCForNative gc_urgency 0.377628 current_native_bytes is 128049449
12-13 13:57:01.951  3220  3811 I com.miui.home: CheckGCForNative adj_start_bytes: 43250152 NativeAllocationGcWatermark: 11640903 java_gc_start_bytes: 25788798 kNewNativeDiscountFactor: 2 kOldNativeDiscountFactor: 65536 old_native_bytes: 124966457 new_native_bytes: 3242992 add_bytes_allowed: 34922709 is_gc_concurrent: 1 target_footprint_: 26018366 GetBytesAllocated: 14805440 HeapGrowthMultiplier: 3
12-13 13:57:01.951  3220  3811 I com.miui.home: CheckGCForNative gc_urgency 0.379856 current_native_bytes is 128209449
12-13 13:57:01.951  3220  3339 I com.miui.home: CheckGCForNative adj_start_bytes: 43250152 NativeAllocationGcWatermark: 11640903 java_gc_start_bytes: 25788798 kNewNativeDiscountFactor: 2 kOldNativeDiscountFactor: 65536 old_native_bytes: 124966457 new_native_bytes: 2392656 add_bytes_allowed: 34922709 is_gc_concurrent: 1 target_footprint_: 26018366 GetBytesAllocated: 14805440 HeapGrowthMultiplier: 3
12-13 13:57:01.951  3220  3339 I com.miui.home: CheckGCForNative gc_urgency 0.370026 current_native_bytes is 127359113
12-13 13:57:02.235  3220  3220 I wm_on_top_resumed_lost_called: [241954343,com.miui.home.launcher.Launcher,topStateChangedWhenResumed]
12-13 13:57:02.237  3220  3220 I wm_on_paused_called: [0,241954343,com.miui.home.launcher.Launcher,performPause,2]
12-13 13:57:02.307  3220  3811 I com.miui.home: CheckGCForNative adj_start_bytes: 43250152 NativeAllocationGcWatermark: 11640903 java_gc_start_bytes: 25788798 kNewNativeDiscountFactor: 2 kOldNativeDiscountFactor: 65536 old_native_bytes: 124966457 new_native_bytes: 3822284 add_bytes_allowed: 34922709 is_gc_concurrent: 1 target_footprint_: 26018366 GetBytesAllocated: 15551392 HeapGrowthMultiplier: 3
12-13 13:57:02.307  3220  3811 I com.miui.home: CheckGCForNative gc_urgency 0.403801 current_native_bytes is 128788741
12-13 13:57:02.320  3220  3811 I com.miui.home: CheckGCForNative adj_start_bytes: 43250152 NativeAllocationGcWatermark: 11640903 java_gc_start_bytes: 25788798 kNewNativeDiscountFactor: 2 kOldNativeDiscountFactor: 65536 old_native_bytes: 124966457 new_native_bytes: 4197120 add_bytes_allowed: 34922709 is_gc_concurrent: 1 target_footprint_: 26018366 GetBytesAllocated: 15649696 HeapGrowthMultiplier: 3
12-13 13:57:02.320  3220  3811 I com.miui.home: CheckGCForNative gc_urgency 0.410407 current_native_bytes is 129163577
12-13 13:57:02.412  3220  3339 I com.miui.home: CheckGCForNative adj_start_bytes: 43250152 NativeAllocationGcWatermark: 11640903 java_gc_start_bytes: 25788798 kNewNativeDiscountFactor: 2 kOldNativeDiscountFactor: 65536 old_native_bytes: 124966457 new_native_bytes: 4947972 add_bytes_allowed: 34922709 is_gc_concurrent: 1 target_footprint_: 26018366 GetBytesAllocated: 16166336 HeapGrowthMultiplier: 3
12-13 13:57:02.412  3220  3339 I com.miui.home: CheckGCForNative gc_urgency 0.431033 current_native_bytes is 129914429
12-13 13:57:02.514  3220  3363 I com.miui.home: CheckGCForNative adj_start_bytes: 43250152 NativeAllocationGcWatermark: 11640903 java_gc_start_bytes: 25788798 kNewNativeDiscountFactor: 2 kOldNativeDiscountFactor: 65536 old_native_bytes: 124966457 new_native_bytes: 5717248 add_bytes_allowed: 34922709 is_gc_concurrent: 1 target_footprint_: 26018366 GetBytesAllocated: 16461504 HeapGrowthMultiplier: 3
12-13 13:57:02.514  3220  3363 I com.miui.home: CheckGCForNative gc_urgency 0.446751 current_native_bytes is 130683705
12-13 13:57:03.144  3220  3811 I com.miui.home: CheckGCForNative adj_start_bytes: 43250152 NativeAllocationGcWatermark: 11640903 java_gc_start_bytes: 25788798 kNewNativeDiscountFactor: 2 kOldNativeDiscountFactor: 65536 old_native_bytes: 124966457 new_native_bytes: 5752164 add_bytes_allowed: 34922709 is_gc_concurrent: 1 target_footprint_: 26018366 GetBytesAllocated: 16921184 HeapGrowthMultiplier: 3
12-13 13:57:03.144  3220  3811 I com.miui.home: CheckGCForNative gc_urgency 0.457783 current_native_bytes is 130718621
12-13 13:57:03.400  3220  3621 I com.miui.home: CheckGCForNative adj_start_bytes: 43250152 NativeAllocationGcWatermark: 11640903 java_gc_start_bytes: 25788798 kNewNativeDiscountFactor: 2 kOldNativeDiscountFactor: 65536 old_native_bytes: 124966457 new_native_bytes: 17102380 add_bytes_allowed: 34922709 is_gc_concurrent: 1 target_footprint_: 26018366 GetBytesAllocated: 17544160 HeapGrowthMultiplier: 3
12-13 13:57:03.400  3220  3621 I com.miui.home: CheckGCForNative gc_urgency 0.603403 current_native_bytes is 142068837
12-13 13:57:03.401  3220  3621 I com.miui.home: CheckGCForNative adj_start_bytes: 43250152 NativeAllocationGcWatermark: 11640903 java_gc_start_bytes: 25788798 kNewNativeDiscountFactor: 2 kOldNativeDiscountFactor: 65536 old_native_bytes: 124966457 new_native_bytes: 27808940 add_bytes_allowed: 34922709 is_gc_concurrent: 1 target_footprint_: 26018366 GetBytesAllocated: 17560752 HeapGrowthMultiplier: 3
12-13 13:57:03.401  3220  3621 I com.miui.home: CheckGCForNative gc_urgency 0.727561 current_native_bytes is 152775397
12-13 13:57:03.406  3220  3426 I com.miui.home: CheckGCForNative adj_start_bytes: 43250152 NativeAllocationGcWatermark: 11640903 java_gc_start_bytes: 25788798 kNewNativeDiscountFactor: 2 kOldNativeDiscountFactor: 65536 old_native_bytes: 124966457 new_native_bytes: 27815052 add_bytes_allowed: 34922709 is_gc_concurrent: 1 target_footprint_: 26018366 GetBytesAllocated: 17593520 HeapGrowthMultiplier: 3
12-13 13:57:03.406  3220  3426 I com.miui.home: CheckGCForNative gc_urgency 0.728389 current_native_bytes is 152781509
12-13 13:57:03.505  3220  3363 I com.miui.home: CheckGCForNative adj_start_bytes: 43250152 NativeAllocationGcWatermark: 11640903 java_gc_start_bytes: 25788798 kNewNativeDiscountFactor: 2 kOldNativeDiscountFactor: 65536 old_native_bytes: 124966457 new_native_bytes: 17085964 add_bytes_allowed: 34922709 is_gc_concurrent: 1 target_footprint_: 26018366 GetBytesAllocated: 17675744 HeapGrowthMultiplier: 3
12-13 13:57:03.505  3220  3363 I com.miui.home: CheckGCForNative gc_urgency 0.606255 current_native_bytes is 142052421
12-13 13:57:03.861  3220  3363 I com.miui.home: CheckGCForNative adj_start_bytes: 43250152 NativeAllocationGcWatermark: 11640903 java_gc_start_bytes: 25788798 kNewNativeDiscountFactor: 2 kOldNativeDiscountFactor: 65536 old_native_bytes: 124966457 new_native_bytes: 17114700 add_bytes_allowed: 34922709 is_gc_concurrent: 1 target_footprint_: 26018366 GetBytesAllocated: 17839584 HeapGrowthMultiplier: 3
12-13 13:57:03.861  3220  3363 I com.miui.home: CheckGCForNative gc_urgency 0.610376 current_native_bytes is 142081157
12-13 13:57:03.924  3220  3220 I wm_on_resume_called: [0,241954343,com.miui.home.launcher.Launcher,RESUME_ACTIVITY,9]
12-13 13:57:03.926  3220  3220 I wm_on_idle_called: com.miui.home.launcher.Launcher
12-13 13:57:03.944  3220  3220 I wm_on_top_resumed_gained_called: [241954343,com.miui.home.launcher.Launcher,topStateChangedWhenResumed]
12-13 13:57:04.091  3220  3220 I wm_on_top_resumed_lost_called: [241954343,com.miui.home.launcher.Launcher,topStateChangedWhenResumed]
12-13 13:57:04.094  3220  3220 I wm_on_paused_called: [0,241954343,com.miui.home.launcher.Launcher,performPause,1]
12-13 13:57:04.097  3220  3811 I com.miui.home: CheckGCForNative adj_start_bytes: 43250152 NativeAllocationGcWatermark: 11640903 java_gc_start_bytes: 25788798 kNewNativeDiscountFactor: 2 kOldNativeDiscountFactor: 65536 old_native_bytes: 124966457 new_native_bytes: 28295332 add_bytes_allowed: 34922709 is_gc_concurrent: 1 target_footprint_: 26018366 GetBytesAllocated: 19290784 HeapGrowthMultiplier: 3
12-13 13:57:04.097  3220  3811 I com.miui.home: CheckGCForNative gc_urgency 0.773185 current_native_bytes is 153261789
12-13 13:57:04.135  3220  3339 I com.miui.home: CheckGCForNative adj_start_bytes: 43250152 NativeAllocationGcWatermark: 11640903 java_gc_start_bytes: 25788798 kNewNativeDiscountFactor: 2 kOldNativeDiscountFactor: 65536 old_native_bytes: 124966457 new_native_bytes: 17564388 add_bytes_allowed: 34922709 is_gc_concurrent: 1 target_footprint_: 26018366 GetBytesAllocated: 19455008 HeapGrowthMultiplier: 3
12-13 13:57:04.135  3220  3339 I com.miui.home: CheckGCForNative gc_urgency 0.652925 current_native_bytes is 142530845
12-13 13:57:04.228  3220  3811 I com.miui.home: CheckGCForNative adj_start_bytes: 43250152 NativeAllocationGcWatermark: 11640903 java_gc_start_bytes: 25788798 kNewNativeDiscountFactor: 2 kOldNativeDiscountFactor: 65536 old_native_bytes: 124966457 new_native_bytes: 28683504 add_bytes_allowed: 34922709 is_gc_concurrent: 1 target_footprint_: 26018366 GetBytesAllocated: 19889504 HeapGrowthMultiplier: 3
12-13 13:57:04.228  3220  3811 I com.miui.home: CheckGCForNative gc_urgency 0.791515 current_native_bytes is 153649961
12-13 13:57:04.228  3220  3811 I com.miui.home: CheckGCForNative adj_start_bytes: 43250152 NativeAllocationGcWatermark: 11640903 java_gc_start_bytes: 25788798 kNewNativeDiscountFactor: 2 kOldNativeDiscountFactor: 65536 old_native_bytes: 124966457 new_native_bytes: 39389616 add_bytes_allowed: 34922709 is_gc_concurrent: 1 target_footprint_: 26018366 GetBytesAllocated: 19906080 HeapGrowthMultiplier: 3
12-13 13:57:04.228  3220  3811 I com.miui.home: CheckGCForNative gc_urgency 0.915668 current_native_bytes is 164356073
12-13 13:57:04.245  3220  3811 I com.miui.home: CheckGCForNative adj_start_bytes: 43250152 NativeAllocationGcWatermark: 11640903 java_gc_start_bytes: 25788798 kNewNativeDiscountFactor: 2 kOldNativeDiscountFactor: 65536 old_native_bytes: 124966457 new_native_bytes: 39386352 add_bytes_allowed: 34922709 is_gc_concurrent: 1 target_footprint_: 26018366 GetBytesAllocated: 19906080 HeapGrowthMultiplier: 3
12-13 13:57:04.245  3220  3811 I com.miui.home: CheckGCForNative gc_urgency 0.915631 current_native_bytes is 164352809
12-13 13:57:04.245  3220  3811 I com.miui.home: CheckGCForNative adj_start_bytes: 43250152 NativeAllocationGcWatermark: 11640903 java_gc_start_bytes: 25788798 kNewNativeDiscountFactor: 2 kOldNativeDiscountFactor: 65536 old_native_bytes: 124966457 new_native_bytes: 50092912 add_bytes_allowed: 34922709 is_gc_concurrent: 1 target_footprint_: 26018366 GetBytesAllocated: 19906272 HeapGrowthMultiplier: 3
12-13 13:57:04.245  3220  3811 I com.miui.home: CheckGCForNative gc_urgency 1.03941 current_native_bytes is 175059369
12-13 13:57:04.246  3220  3811 I com.miui.home: CheckGCForNative adj_start_bytes: 43250152 NativeAllocationGcWatermark: 11640903 java_gc_start_bytes: 25788798 kNewNativeDiscountFactor: 2 kOldNativeDiscountFactor: 65536 old_native_bytes: 124966457 new_native_bytes: 50086960 add_bytes_allowed: 34922709 is_gc_concurrent: 1 target_footprint_: 26018366 GetBytesAllocated: 19922656 HeapGrowthMultiplier: 3
12-13 13:57:04.247  3220  3811 I com.miui.home: CheckGCForNative gc_urgency 1.03972 current_native_bytes is 175053417
12-13 13:57:04.247  3220  3811 I com.miui.home: CheckGCForNative adj_start_bytes: 43250152 NativeAllocationGcWatermark: 11640903 java_gc_start_bytes: 25788798 kNewNativeDiscountFactor: 2 kOldNativeDiscountFactor: 65536 old_native_bytes: 124966457 new_native_bytes: 60792880 add_bytes_allowed: 34922709 is_gc_concurrent: 1 target_footprint_: 26018366 GetBytesAllocated: 19922848 HeapGrowthMultiplier: 3
12-13 13:57:04.247  3220  3811 I com.miui.home: CheckGCForNative gc_urgency 1.16349 current_native_bytes is 185759337
12-13 13:57:04.272  3220  3811 I com.miui.home: CheckGCForNative adj_start_bytes: 43250152 NativeAllocationGcWatermark: 11640903 java_gc_start_bytes: 25788798 kNewNativeDiscountFactor: 2 kOldNativeDiscountFactor: 65536 old_native_bytes: 124966457 new_native_bytes: 50053488 add_bytes_allowed: 34922709 is_gc_concurrent: 1 target_footprint_: 26018366 GetBytesAllocated: 20054272 HeapGrowthMultiplier: 3
12-13 13:57:04.272  3220  3811 I com.miui.home: CheckGCForNative gc_urgency 1.04238 current_native_bytes is 175019945
12-13 13:57:04.703  3220  3220 I wm_on_stop_called: [0,241954343,com.miui.home.launcher.Launcher,STOP_ACTIVITY_ITEM,4]
12-13 13:57:05.040  3220  3220 I wm_on_restart_called: [0,241954343,com.miui.home.launcher.Launcher,performRestartActivity,0]
12-13 13:57:05.041  3220  3220 I wm_on_start_called: [0,241954343,com.miui.home.launcher.Launcher,handleStartActivity,1]
12-13 13:57:05.086  3220  3253 I com.miui.home: CheckGCForNative gc_urgency 0 current_native_bytes is 123326097
12-13 13:57:05.086  3220  3253 I com.miui.home: CheckGCForNative adj_start_bytes: 43216374 NativeAllocationGcWatermark: 11649457 java_gc_start_bytes: 25742189 kNewNativeDiscountFactor: 2 kOldNativeDiscountFactor: 65536 old_native_bytes: 123326097 new_native_bytes: 10705920 add_bytes_allowed: 34948371 is_gc_concurrent: 1 target_footprint_: 26086797 GetBytesAllocated: 13978008 HeapGrowthMultiplier: 3
12-13 13:57:05.086  3220  3253 I com.miui.home: CheckGCForNative gc_urgency 0.44735 current_native_bytes is 134032017
12-13 13:57:05.096  3220  3253 I com.miui.home: CheckGCForNative adj_start_bytes: 43216374 NativeAllocationGcWatermark: 11649457 java_gc_start_bytes: 25742189 kNewNativeDiscountFactor: 2 kOldNativeDiscountFactor: 65536 old_native_bytes: 123326097 new_native_bytes: 10726976 add_bytes_allowed: 34948371 is_gc_concurrent: 1 target_footprint_: 26086797 GetBytesAllocated: 13978008 HeapGrowthMultiplier: 3
12-13 13:57:05.096  3220  3253 I com.miui.home: CheckGCForNative gc_urgency 0.447594 current_native_bytes is 134053073
12-13 13:57:05.110  3220  3363 I com.miui.home: CheckGCForNative adj_start_bytes: 43216374 NativeAllocationGcWatermark: 11649457 java_gc_start_bytes: 25742189 kNewNativeDiscountFactor: 2 kOldNativeDiscountFactor: 65536 old_native_bytes: 123326097 new_native_bytes: 22784 add_bytes_allowed: 34948371 is_gc_concurrent: 1 target_footprint_: 26086797 GetBytesAllocated: 14010968 HeapGrowthMultiplier: 3
12-13 13:57:05.110  3220  3363 I com.miui.home: CheckGCForNative gc_urgency 0.324512 current_native_bytes is 123348881
12-13 13:57:05.449  3220  3220 I wm_on_stop_called: [0,241954343,com.miui.home.launcher.Launcher,STOP_ACTIVITY_ITEM,2]
12-13 13:57:05.868  3220  3220 I wm_on_restart_called: [0,241954343,com.miui.home.launcher.Launcher,performRestartActivity,0]
12-13 13:57:05.869  3220  3220 I wm_on_start_called: [0,241954343,com.miui.home.launcher.Launcher,handleStartActivity,1]
12-13 13:57:05.902  3220  3253 I com.miui.home: CheckGCForNative adj_start_bytes: 43216374 NativeAllocationGcWatermark: 11649457 java_gc_start_bytes: 25742189 kNewNativeDiscountFactor: 2 kOldNativeDiscountFactor: 65536 old_native_bytes: 123326097 new_native_bytes: 10717320 add_bytes_allowed: 34948371 is_gc_concurrent: 1 target_footprint_: 26086797 GetBytesAllocated: 14707928 HeapGrowthMultiplier: 3
12-13 13:57:05.902  3220  3253 I com.miui.home: CheckGCForNative gc_urgency 0.464372 current_native_bytes is 134043417
12-13 13:57:05.903  3220  3253 I com.miui.home: CheckGCForNative adj_start_bytes: 43216374 NativeAllocationGcWatermark: 11649457 java_gc_start_bytes: 25742189 kNewNativeDiscountFactor: 2 kOldNativeDiscountFactor: 65536 old_native_bytes: 123326097 new_native_bytes: 21396968 add_bytes_allowed: 34948371 is_gc_concurrent: 1 target_footprint_: 26086797 GetBytesAllocated: 14708136 HeapGrowthMultiplier: 3
12-13 13:57:05.903  3220  3253 I com.miui.home: CheckGCForNative gc_urgency 0.587937 current_native_bytes is 144723065
12-13 13:57:05.919  3220  3426 I com.miui.home: CheckGCForNative adj_start_bytes: 43216374 NativeAllocationGcWatermark: 11649457 java_gc_start_bytes: 25742189 kNewNativeDiscountFactor: 2 kOldNativeDiscountFactor: 65536 old_native_bytes: 123326097 new_native_bytes: 21377056 add_bytes_allowed: 34948371 is_gc_concurrent: 1 target_footprint_: 26086797 GetBytesAllocated: 14708136 HeapGrowthMultiplier: 3
12-13 13:57:05.920  3220  3426 I com.miui.home: CheckGCForNative gc_urgency 0.587706 current_native_bytes is 144703153
12-13 13:57:05.925  3220  3363 I com.miui.home: CheckGCForNative adj_start_bytes: 43216374 NativeAllocationGcWatermark: 11649457 java_gc_start_bytes: 25742189 kNewNativeDiscountFactor: 2 kOldNativeDiscountFactor: 65536 old_native_bytes: 123326097 new_native_bytes: 10672480 add_bytes_allowed: 34948371 is_gc_concurrent: 1 target_footprint_: 26086797 GetBytesAllocated: 14757480 HeapGrowthMultiplier: 3
12-13 13:57:05.925  3220  3363 I com.miui.home: CheckGCForNative gc_urgency 0.465 current_native_bytes is 133998577
12-13 13:57:06.256  3220  3363 I com.miui.home: CheckGCForNative adj_start_bytes: 43216374 NativeAllocationGcWatermark: 11649457 java_gc_start_bytes: 25742189 kNewNativeDiscountFactor: 2 kOldNativeDiscountFactor: 65536 old_native_bytes: 123326097 new_native_bytes: 10673824 add_bytes_allowed: 34948371 is_gc_concurrent: 1 target_footprint_: 26086797 GetBytesAllocated: 14937704 HeapGrowthMultiplier: 3
12-13 13:57:06.256  3220  3363 I com.miui.home: CheckGCForNative gc_urgency 0.469185 current_native_bytes is 133999921
