12-20 12:29:50.203  3317  3317 I wm_on_top_resumed_lost_called: [232604861,com.miui.home.launcher.Launcher,topStateChangedWhenResumed]
12-20 12:29:50.233  3317  3317 I wm_on_paused_called: [0,232604861,com.miui.home.launcher.Launcher,performPause,7]
12-20 12:29:50.347  3317  3375 D cccccc  : onTaskStackChangedBackground
12-20 12:29:50.484  3317  3317 I com.miui.home: CheckGCForNative adj_start_bytes: 44530315 NativeAllocationGcWatermark: 11765289 java_gc_start_bytes: 26882382 kNewNativeDiscountFactor: 2 kOldNativeDiscountFactor: 65536 old_native_bytes: 70819035 new_native_bytes: 290196 add_bytes_allowed: 35295867 is_gc_concurrent: 1 target_footprint_: 27013454 GetBytesAllocated: 15502199 HeapGrowthMultiplier: 3
12-20 12:29:50.484  3317  3317 I com.miui.home: CheckGCForNative gc_urgency 0.35141 current_native_bytes is 71109231
12-20 12:29:50.745  3317  3841 I com.miui.home: CheckGCForNative adj_start_bytes: 44530315 NativeAllocationGcWatermark: 11765289 java_gc_start_bytes: 26882382 kNewNativeDiscountFactor: 2 kOldNativeDiscountFactor: 65536 old_native_bytes: 70819035 new_native_bytes: 675388 add_bytes_allowed: 35295867 is_gc_concurrent: 1 target_footprint_: 27013454 GetBytesAllocated: 16087610 HeapGrowthMultiplier: 3
12-20 12:29:50.745  3317  3841 I com.miui.home: CheckGCForNative gc_urgency 0.368881 current_native_bytes is 71494423
12-20 12:29:50.790  3317  3841 I com.miui.home: CheckGCForNative adj_start_bytes: 44530315 NativeAllocationGcWatermark: 11765289 java_gc_start_bytes: 26882382 kNewNativeDiscountFactor: 2 kOldNativeDiscountFactor: 65536 old_native_bytes: 70819035 new_native_bytes: 682428 add_bytes_allowed: 35295867 is_gc_concurrent: 1 target_footprint_: 27013454 GetBytesAllocated: 16208794 HeapGrowthMultiplier: 3
12-20 12:29:50.790  3317  3841 I com.miui.home: CheckGCForNative gc_urgency 0.371681 current_native_bytes is 71501463
12-20 12:29:50.979  3317  3676 I com.miui.home: CheckGCForNative adj_start_bytes: 44530315 NativeAllocationGcWatermark: 11765289 java_gc_start_bytes: 26882382 kNewNativeDiscountFactor: 2 kOldNativeDiscountFactor: 65536 old_native_bytes: 70819035 new_native_bytes: 701052 add_bytes_allowed: 35295867 is_gc_concurrent: 1 target_footprint_: 27013454 GetBytesAllocated: 16707423 HeapGrowthMultiplier: 3
12-20 12:29:50.979  3317  3676 I com.miui.home: CheckGCForNative gc_urgency 0.383088 current_native_bytes is 71520087
12-20 12:29:51.643  3317  3317 I wm_on_resume_called: [0,232604861,com.miui.home.launcher.Launcher,RESUME_ACTIVITY,42]
12-20 12:29:51.666  3317  3317 I wm_on_idle_called: com.miui.home.launcher.Launcher
12-20 12:29:51.686  3317  3677 I com.miui.home: CheckGCForNative adj_start_bytes: 44530315 NativeAllocationGcWatermark: 11765289 java_gc_start_bytes: 26882382 kNewNativeDiscountFactor: 2 kOldNativeDiscountFactor: 65536 old_native_bytes: 70819035 new_native_bytes: 462248 add_bytes_allowed: 35295867 is_gc_concurrent: 1 target_footprint_: 27013454 GetBytesAllocated: 18245575 HeapGrowthMultiplier: 3
12-20 12:29:51.686  3317  3677 I com.miui.home: CheckGCForNative gc_urgency 0.414948 current_native_bytes is 71281283
12-20 12:29:51.945  3317  3841 I com.miui.home: CheckGCForNative adj_start_bytes: 44530315 NativeAllocationGcWatermark: 11765289 java_gc_start_bytes: 26882382 kNewNativeDiscountFactor: 2 kOldNativeDiscountFactor: 65536 old_native_bytes: 70819035 new_native_bytes: 595104 add_bytes_allowed: 35295867 is_gc_concurrent: 1 target_footprint_: 27013454 GetBytesAllocated: 19362917 HeapGrowthMultiplier: 3
12-20 12:29:51.945  3317  3841 I com.miui.home: CheckGCForNative gc_urgency 0.441532 current_native_bytes is 71414139
12-20 12:29:51.955  8413  8413 I wm_on_application_create_called: [0,com.autonavi.minimap,1190]
12-20 12:29:51.957  3317  3841 I com.miui.home: CheckGCForNative adj_start_bytes: 44530315 NativeAllocationGcWatermark: 11765289 java_gc_start_bytes: 26882382 kNewNativeDiscountFactor: 2 kOldNativeDiscountFactor: 65536 old_native_bytes: 70819035 new_native_bytes: 595296 add_bytes_allowed: 35295867 is_gc_concurrent: 1 target_footprint_: 27013454 GetBytesAllocated: 19366826 HeapGrowthMultiplier: 3
12-20 12:29:51.957  3317  3841 I com.miui.home: CheckGCForNative gc_urgency 0.441622 current_native_bytes is 71414331
12-20 12:29:52.060  3317  3317 I wm_on_top_resumed_gained_called: [232604861,com.miui.home.launcher.Launcher,topStateChangedWhenResumed]
12-20 12:29:52.100  8509  8509 I wm_on_application_create_called: [0,com.autonavi.minimap,852]
12-20 12:29:52.223  3317  3841 I com.miui.home: CheckGCForNative adj_start_bytes: 44530315 NativeAllocationGcWatermark: 11765289 java_gc_start_bytes: 26882382 kNewNativeDiscountFactor: 2 kOldNativeDiscountFactor: 65536 old_native_bytes: 70819035 new_native_bytes: 544160 add_bytes_allowed: 35295867 is_gc_concurrent: 1 target_footprint_: 27013454 GetBytesAllocated: 19976280 HeapGrowthMultiplier: 3
12-20 12:29:52.223  3317  3841 I com.miui.home: CheckGCForNative gc_urgency 0.454734 current_native_bytes is 71363195
12-20 12:29:52.329  3317  3980 I com.miui.home: CheckGCForNative adj_start_bytes: 44530315 NativeAllocationGcWatermark: 11765289 java_gc_start_bytes: 26882382 kNewNativeDiscountFactor: 2 kOldNativeDiscountFactor: 65536 old_native_bytes: 70819035 new_native_bytes: 11320408 add_bytes_allowed: 35295867 is_gc_concurrent: 1 target_footprint_: 27013454 GetBytesAllocated: 20363309 HeapGrowthMultiplier: 3
12-20 12:29:52.330  3317  3980 I com.miui.home: CheckGCForNative gc_urgency 0.584424 current_native_bytes is 82139443
12-20 12:29:52.374  8413  8413 I wm_on_create_called: [0,33966593,com.autonavi.map.activity.SplashActivity,performCreate,259]
12-20 12:29:52.490  8413  8413 I wm_on_destroy_called: [0,33966593,com.autonavi.map.activity.SplashActivity,performDestroy,5]
12-20 12:29:52.583  3317  3371 D cccccc  : onTaskStackChangedBackground
12-20 12:29:52.613  3317  3317 I wm_on_top_resumed_lost_called: [232604861,com.miui.home.launcher.Launcher,topStateChangedWhenResumed]
12-20 12:29:52.627  3317  3317 I wm_on_paused_called: [0,232604861,com.miui.home.launcher.Launcher,performPause,5]
12-20 12:29:52.783  3317  3978 D cccccc  : onTaskStackChangedBackground
12-20 12:29:52.824  3317  3676 I com.miui.home: CheckGCForNative adj_start_bytes: 44530315 NativeAllocationGcWatermark: 11765289 java_gc_start_bytes: 26882382 kNewNativeDiscountFactor: 2 kOldNativeDiscountFactor: 65536 old_native_bytes: 70819035 new_native_bytes: 11614208 add_bytes_allowed: 35295867 is_gc_concurrent: 1 target_footprint_: 27013454 GetBytesAllocated: 21880121 HeapGrowthMultiplier: 3
12-20 12:29:52.824  3317  3676 I com.miui.home: CheckGCForNative gc_urgency 0.621785 current_native_bytes is 82433243
12-20 12:29:53.190  3317  3841 I com.miui.home: CheckGCForNative adj_start_bytes: 44530315 NativeAllocationGcWatermark: 11765289 java_gc_start_bytes: 26882382 kNewNativeDiscountFactor: 2 kOldNativeDiscountFactor: 65536 old_native_bytes: 70819035 new_native_bytes: 11711080 add_bytes_allowed: 35295867 is_gc_concurrent: 1 target_footprint_: 27013454 GetBytesAllocated: 22679116 HeapGrowthMultiplier: 3
12-20 12:29:53.190  3317  3841 I com.miui.home: CheckGCForNative gc_urgency 0.640816 current_native_bytes is 82530115
12-20 12:29:53.356  3317  3841 I com.miui.home: CheckGCForNative adj_start_bytes: 44530315 NativeAllocationGcWatermark: 11765289 java_gc_start_bytes: 26882382 kNewNativeDiscountFactor: 2 kOldNativeDiscountFactor: 65536 old_native_bytes: 70819035 new_native_bytes: 11707944 add_bytes_allowed: 35295867 is_gc_concurrent: 1 target_footprint_: 27013454 GetBytesAllocated: 23126745 HeapGrowthMultiplier: 3
12-20 12:29:53.356  3317  3841 I com.miui.home: CheckGCForNative gc_urgency 0.650833 current_native_bytes is 82526979
12-20 12:29:53.424  3317  3676 I com.miui.home: CheckGCForNative adj_start_bytes: 44530315 NativeAllocationGcWatermark: 11765289 java_gc_start_bytes: 26882382 kNewNativeDiscountFactor: 2 kOldNativeDiscountFactor: 65536 old_native_bytes: 70819035 new_native_bytes: 11714024 add_bytes_allowed: 35295867 is_gc_concurrent: 1 target_footprint_: 27013454 GetBytesAllocated: 23310727 HeapGrowthMultiplier: 3
12-20 12:29:53.424  3317  3676 I com.miui.home: CheckGCForNative gc_urgency 0.655033 current_native_bytes is 82533059
12-20 12:29:53.475  8752  8752 I wm_on_create_called: [0,243107603,fm.qingting.qtradio.WelcomeActivity,performCreate,103]
12-20 12:29:53.476  8752  8752 I wm_on_start_called: [0,243107603,fm.qingting.qtradio.WelcomeActivity,handleStartActivity,1]
12-20 12:29:53.487  8752  8752 I wm_on_resume_called: [0,243107603,fm.qingting.qtradio.WelcomeActivity,RESUME_ACTIVITY,7]
12-20 12:29:53.527  8752  8752 I wm_on_top_resumed_gained_called: [243107603,fm.qingting.qtradio.WelcomeActivity,topStateChangedWhenResumed]
12-20 12:29:53.793  3317  3317 I wm_on_stop_called: [0,232604861,com.miui.home.launcher.Launcher,STOP_ACTIVITY_ITEM,13]
12-20 12:29:54.236  8752  8752 I wm_on_idle_called: fm.qingting.qtradio.WelcomeActivity
12-20 12:29:54.404  8752  8752 I wm_on_top_resumed_lost_called: [243107603,fm.qingting.qtradio.WelcomeActivity,topStateChangedWhenResumed]
12-20 12:29:54.409  3317  3840 I com.miui.home: CheckGCForNative gc_urgency 0 current_native_bytes is 82080563
12-20 12:29:54.414  3317  3317 I wm_on_restart_called: [0,232604861,com.miui.home.launcher.Launcher,,0]
12-20 12:29:54.417  3317  3317 I wm_on_start_called: [0,232604861,com.miui.home.launcher.Launcher,handleStartActivity,4]
12-20 12:29:54.440  3317  3317 I wm_on_resume_called: [0,232604861,com.miui.home.launcher.Launcher,RESUME_ACTIVITY,20]
12-20 12:29:54.535  3317  3317 I wm_on_top_resumed_gained_called: [232604861,com.miui.home.launcher.Launcher,topStateChangedWhenResumed]
12-20 12:29:54.543  3317  3317 I wm_on_idle_called: com.miui.home.launcher.Launcher
12-20 12:29:54.695  3317  3841 I com.miui.home: CheckGCForNative adj_start_bytes: 45162889 NativeAllocationGcWatermark: 11831876 java_gc_start_bytes: 27415075 kNewNativeDiscountFactor: 2 kOldNativeDiscountFactor: 65536 old_native_bytes: 82080563 new_native_bytes: 627928 add_bytes_allowed: 35495628 is_gc_concurrent: 1 target_footprint_: 27546147 GetBytesAllocated: 16006402 HeapGrowthMultiplier: 3
12-20 12:29:54.695  3317  3841 I com.miui.home: CheckGCForNative gc_urgency 0.361394 current_native_bytes is 82708491
12-20 12:29:54.929  3317  3841 I com.miui.home: CheckGCForNative adj_start_bytes: 45162889 NativeAllocationGcWatermark: 11831876 java_gc_start_bytes: 27415075 kNewNativeDiscountFactor: 2 kOldNativeDiscountFactor: 65536 old_native_bytes: 82080563 new_native_bytes: 522904 add_bytes_allowed: 35495628 is_gc_concurrent: 1 target_footprint_: 27546147 GetBytesAllocated: 16658781 HeapGrowthMultiplier: 3
12-20 12:29:54.929  3317  3841 I com.miui.home: CheckGCForNative gc_urgency 0.374677 current_native_bytes is 82603467
12-20 12:29:54.984  3317  3841 I com.miui.home: CheckGCForNative adj_start_bytes: 45162889 NativeAllocationGcWatermark: 11831876 java_gc_start_bytes: 27415075 kNewNativeDiscountFactor: 2 kOldNativeDiscountFactor: 65536 old_native_bytes: 82080563 new_native_bytes: 531288 add_bytes_allowed: 35495628 is_gc_concurrent: 1 target_footprint_: 27546147 GetBytesAllocated: 16826303 HeapGrowthMultiplier: 3
12-20 12:29:54.984  3317  3841 I com.miui.home: CheckGCForNative gc_urgency 0.378479 current_native_bytes is 82611851
12-20 12:29:55.115  8752  8752 I wm_on_paused_called: [0,243107603,fm.qingting.qtradio.WelcomeActivity,performPause,1]
12-20 12:29:55.161  3317  3978 I com.miui.home: CheckGCForNative adj_start_bytes: 45162889 NativeAllocationGcWatermark: 11831876 java_gc_start_bytes: 27415075 kNewNativeDiscountFactor: 2 kOldNativeDiscountFactor: 65536 old_native_bytes: 82080563 new_native_bytes: 11230728 add_bytes_allowed: 35495628 is_gc_concurrent: 1 target_footprint_: 27546147 GetBytesAllocated: 17346887 HeapGrowthMultiplier: 3
12-20 12:29:55.161  3317  3978 I com.miui.home: CheckGCForNative gc_urgency 0.50846 current_native_bytes is 93311291
12-20 12:29:55.203  8752  8752 I wm_on_stop_called: [0,243107603,fm.qingting.qtradio.WelcomeActivity,STOP_ACTIVITY_ITEM,7]
12-20 12:29:55.249  3317  3980 D cccccc  : onTaskStackChangedBackground
12-20 12:29:55.252  9045  9045 I wm_on_application_create_called: [0,com.xiaomi.bluetooth,256]
12-20 12:29:55.469  3317  3982 I com.miui.home: CheckGCForNative adj_start_bytes: 45162889 NativeAllocationGcWatermark: 11831876 java_gc_start_bytes: 27415075 kNewNativeDiscountFactor: 2 kOldNativeDiscountFactor: 65536 old_native_bytes: 82080563 new_native_bytes: 11089904 add_bytes_allowed: 35495628 is_gc_concurrent: 1 target_footprint_: 27546147 GetBytesAllocated: 17621140 HeapGrowthMultiplier: 3
12-20 12:29:55.469  3317  3982 I com.miui.home: CheckGCForNative gc_urgency 0.513308 current_native_bytes is 93170467
12-20 12:29:55.686  3317  3317 I wm_on_top_resumed_lost_called: [232604861,com.miui.home.launcher.Launcher,topStateChangedWhenResumed]
12-20 12:29:55.701  3317  3317 I wm_on_paused_called: [0,232604861,com.miui.home.launcher.Launcher,performPause,5]
12-20 12:29:55.824  3317  3398 D cccccc  : onTaskStackChangedBackground
12-20 12:29:55.906  3317  3841 I com.miui.home: CheckGCForNative adj_start_bytes: 45162889 NativeAllocationGcWatermark: 11831876 java_gc_start_bytes: 27415075 kNewNativeDiscountFactor: 2 kOldNativeDiscountFactor: 65536 old_native_bytes: 82080563 new_native_bytes: 12703776 add_bytes_allowed: 35495628 is_gc_concurrent: 1 target_footprint_: 27546147 GetBytesAllocated: 19130392 HeapGrowthMultiplier: 3
12-20 12:29:55.906  3317  3841 I com.miui.home: CheckGCForNative gc_urgency 0.564258 current_native_bytes is 94784339
12-20 12:29:55.990  9139  9139 I wm_on_application_create_called: [0,com.xiaomi.account,366]
12-20 12:29:56.151  3317  3841 I com.miui.home: CheckGCForNative adj_start_bytes: 45162889 NativeAllocationGcWatermark: 11831876 java_gc_start_bytes: 27415075 kNewNativeDiscountFactor: 2 kOldNativeDiscountFactor: 65536 old_native_bytes: 82080563 new_native_bytes: 12698144 add_bytes_allowed: 35495628 is_gc_concurrent: 1 target_footprint_: 27546147 GetBytesAllocated: 19744646 HeapGrowthMultiplier: 3
12-20 12:29:56.151  3317  3841 I com.miui.home: CheckGCForNative gc_urgency 0.577797 current_native_bytes is 94778707
12-20 12:29:56.328  3317  3841 I com.miui.home: CheckGCForNative adj_start_bytes: 45162889 NativeAllocationGcWatermark: 11831876 java_gc_start_bytes: 27415075 kNewNativeDiscountFactor: 2 kOldNativeDiscountFactor: 65536 old_native_bytes: 82080563 new_native_bytes: 12699592 add_bytes_allowed: 35495628 is_gc_concurrent: 1 target_footprint_: 27546147 GetBytesAllocated: 20236572 HeapGrowthMultiplier: 3
12-20 12:29:56.328  3317  3841 I com.miui.home: CheckGCForNative gc_urgency 0.588705 current_native_bytes is 94780155
12-20 12:29:56.386  3317  3676 I com.miui.home: CheckGCForNative adj_start_bytes: 45162889 NativeAllocationGcWatermark: 11831876 java_gc_start_bytes: 27415075 kNewNativeDiscountFactor: 2 kOldNativeDiscountFactor: 65536 old_native_bytes: 82080563 new_native_bytes: 12707144 add_bytes_allowed: 35495628 is_gc_concurrent: 1 target_footprint_: 27546147 GetBytesAllocated: 20379483 HeapGrowthMultiplier: 3
12-20 12:29:56.386  3317  3676 I com.miui.home: CheckGCForNative gc_urgency 0.591953 current_native_bytes is 94787707
12-20 12:29:57.218  9188  9188 I wm_on_application_create_called: [0,com.ss.android.ugc.aweme,354]
12-20 12:29:57.243  3317  3317 I wm_on_resume_called: [0,232604861,com.miui.home.launcher.Launcher,RESUME_ACTIVITY,23]
12-20 12:29:57.272  3317  3317 I wm_on_idle_called: com.miui.home.launcher.Launcher
12-20 12:29:57.350  3317  3978 I com.miui.home: CheckGCForNative adj_start_bytes: 45162889 NativeAllocationGcWatermark: 11831876 java_gc_start_bytes: 27415075 kNewNativeDiscountFactor: 2 kOldNativeDiscountFactor: 65536 old_native_bytes: 82080563 new_native_bytes: 12566004 add_bytes_allowed: 35495628 is_gc_concurrent: 1 target_footprint_: 27546147 GetBytesAllocated: 22282838 HeapGrowthMultiplier: 3
12-20 12:29:57.350  3317  3978 I com.miui.home: CheckGCForNative gc_urgency 0.632535 current_native_bytes is 94646567
12-20 12:29:57.584  3317  3841 I com.miui.home: CheckGCForNative adj_start_bytes: 45162889 NativeAllocationGcWatermark: 11831876 java_gc_start_bytes: 27415075 kNewNativeDiscountFactor: 2 kOldNativeDiscountFactor: 65536 old_native_bytes: 82080563 new_native_bytes: 12686548 add_bytes_allowed: 35495628 is_gc_concurrent: 1 target_footprint_: 27546147 GetBytesAllocated: 23144058 HeapGrowthMultiplier: 3
12-20 12:29:57.584  3317  3841 I com.miui.home: CheckGCForNative gc_urgency 0.652938 current_native_bytes is 94767111
12-20 12:29:57.650  3317  3317 I wm_on_top_resumed_gained_called: [232604861,com.miui.home.launcher.Launcher,topStateChangedWhenResumed]
12-20 12:29:57.751  3317  3841 I com.miui.home: CheckGCForNative adj_start_bytes: 45162889 NativeAllocationGcWatermark: 11831876 java_gc_start_bytes: 27415075 kNewNativeDiscountFactor: 2 kOldNativeDiscountFactor: 65536 old_native_bytes: 82080563 new_native_bytes: 12686644 add_bytes_allowed: 35495628 is_gc_concurrent: 1 target_footprint_: 27546147 GetBytesAllocated: 23633358 HeapGrowthMultiplier: 3
12-20 12:29:57.751  3317  3841 I com.miui.home: CheckGCForNative gc_urgency 0.663774 current_native_bytes is 94767207
12-20 12:29:57.818  3317  3676 I com.miui.home: CheckGCForNative adj_start_bytes: 45162889 NativeAllocationGcWatermark: 11831876 java_gc_start_bytes: 27415075 kNewNativeDiscountFactor: 2 kOldNativeDiscountFactor: 65536 old_native_bytes: 82080563 new_native_bytes: 12842740 add_bytes_allowed: 35495628 is_gc_concurrent: 1 target_footprint_: 27546147 GetBytesAllocated: 23825631 HeapGrowthMultiplier: 3
12-20 12:29:57.818  3317  3676 I com.miui.home: CheckGCForNative gc_urgency 0.669759 current_native_bytes is 94923303
12-20 12:29:57.868  3317  3371 I com.miui.home: CheckGCForNative adj_start_bytes: 45162889 NativeAllocationGcWatermark: 11831876 java_gc_start_bytes: 27415075 kNewNativeDiscountFactor: 2 kOldNativeDiscountFactor: 65536 old_native_bytes: 82080563 new_native_bytes: 23538036 add_bytes_allowed: 35495628 is_gc_concurrent: 1 target_footprint_: 27546147 GetBytesAllocated: 24048319 HeapGrowthMultiplier: 3
12-20 12:29:57.869  3317  3371 I com.miui.home: CheckGCForNative gc_urgency 0.793164 current_native_bytes is 105618599
12-20 12:29:58.012  9188  9188 I wm_on_create_called: [0,53164038,com.ss.android.ugc.aweme.splash.SplashActivity,performCreate,516]
12-20 12:29:58.255  3317  3317 I wm_on_top_resumed_lost_called: [232604861,com.miui.home.launcher.Launcher,topStateChangedWhenResumed]
12-20 12:29:58.363  3317  3317 I wm_on_paused_called: [0,232604861,com.miui.home.launcher.Launcher,performPause,5]
12-20 12:29:58.443  9188  9188 I wm_on_start_called: [0,53164038,com.ss.android.ugc.aweme.splash.SplashActivity,handleStartActivity,420]
12-20 12:29:58.470  3317  3978 D cccccc  : onTaskStackChangedBackground
12-20 12:29:58.476  3317  3676 I com.miui.home: CheckGCForNative adj_start_bytes: 45162889 NativeAllocationGcWatermark: 11831876 java_gc_start_bytes: 27415075 kNewNativeDiscountFactor: 2 kOldNativeDiscountFactor: 65536 old_native_bytes: 82080563 new_native_bytes: 23728484 add_bytes_allowed: 35495628 is_gc_concurrent: 1 target_footprint_: 27546147 GetBytesAllocated: 25736897 HeapGrowthMultiplier: 3
12-20 12:29:58.476  3317  3676 I com.miui.home: CheckGCForNative gc_urgency 0.832595 current_native_bytes is 105809047
12-20 12:29:58.678  9188  9188 I wm_on_resume_called: [0,53164038,com.ss.android.ugc.aweme.splash.SplashActivity,RESUME_ACTIVITY,115]
12-20 12:29:58.784  3317  3841 I com.miui.home: CheckGCForNative adj_start_bytes: 45162889 NativeAllocationGcWatermark: 11831876 java_gc_start_bytes: 27415075 kNewNativeDiscountFactor: 2 kOldNativeDiscountFactor: 65536 old_native_bytes: 82080563 new_native_bytes: 24167340 add_bytes_allowed: 35495628 is_gc_concurrent: 1 target_footprint_: 27546147 GetBytesAllocated: 26616144 HeapGrowthMultiplier: 3
12-20 12:29:58.784  3317  3841 I com.miui.home: CheckGCForNative gc_urgency 0.856922 current_native_bytes is 106247903
12-20 12:29:58.860  9188  9188 I wm_on_top_resumed_gained_called: [53164038,com.ss.android.ugc.aweme.splash.SplashActivity,topStateChangedWhenResumed]
12-20 12:29:59.007  3317  3841 I com.miui.home: CheckGCForNative adj_start_bytes: 45162889 NativeAllocationGcWatermark: 11831876 java_gc_start_bytes: 27415075 kNewNativeDiscountFactor: 2 kOldNativeDiscountFactor: 65536 old_native_bytes: 82080563 new_native_bytes: 24198036 add_bytes_allowed: 35495628 is_gc_concurrent: 1 target_footprint_: 27546147 GetBytesAllocated: 27277379 HeapGrowthMultiplier: 3
12-20 12:29:59.007  3317  3841 I com.miui.home: CheckGCForNative gc_urgency 0.871903 current_native_bytes is 106278599
12-20 12:29:59.130  3317  3317 I com.miui.home: CheckGCForNative gc_urgency 0 current_native_bytes is 106008983
12-20 12:29:59.476  9506  9506 I wm_on_create_called: [0,66972146,com.eg.android.AlipayGphone.AlipayLogin,performCreate,116]
12-20 12:29:59.481  9506  9506 I wm_on_start_called: [0,66972146,com.eg.android.AlipayGphone.AlipayLogin,handleStartActivity,4]
12-20 12:29:59.489  9506  9506 I wm_on_resume_called: [0,66972146,com.eg.android.AlipayGphone.AlipayLogin,RESUME_ACTIVITY,5]
12-20 12:29:59.518  9506  9506 I wm_on_top_resumed_gained_called: [66972146,com.eg.android.AlipayGphone.AlipayLogin,topStateChangedWhenResumed]
12-20 12:30:00.022  3317  3317 I com.miui.home: CheckGCForNative gc_urgency 0 current_native_bytes is 105655339
12-20 12:30:00.047  3317  3317 I wm_on_resume_called: [0,232604861,com.miui.home.launcher.Launcher,RESUME_ACTIVITY,23]
12-20 12:30:00.074  3317  3317 I wm_on_idle_called: com.miui.home.launcher.Launcher
12-20 12:30:00.397  9188  9188 I wm_on_top_resumed_lost_called: [53164038,com.ss.android.ugc.aweme.splash.SplashActivity,topStateChangedWhenResumed]
12-20 12:30:00.401  3317  3317 I wm_on_top_resumed_gained_called: [232604861,com.miui.home.launcher.Launcher,topStateChangedWhenResumed]
12-20 12:30:00.412  3317  3841 I com.miui.home: CheckGCForNative adj_start_bytes: 45162889 NativeAllocationGcWatermark: 11831876 java_gc_start_bytes: 27415075 kNewNativeDiscountFactor: 2 kOldNativeDiscountFactor: 65536 old_native_bytes: 105655339 new_native_bytes: 222988 add_bytes_allowed: 35495628 is_gc_concurrent: 1 target_footprint_: 27546147 GetBytesAllocated: 16711057 HeapGrowthMultiplier: 3
12-20 12:30:00.412  3317  3841 I com.miui.home: CheckGCForNative gc_urgency 0.372522 current_native_bytes is 105878327
12-20 12:30:00.547  9188  9188 I wm_on_paused_called: [0,53164038,com.ss.android.ugc.aweme.splash.SplashActivity,performPause,111]
12-20 12:30:00.681  3317  3676 I com.miui.home: CheckGCForNative adj_start_bytes: 45162889 NativeAllocationGcWatermark: 11831876 java_gc_start_bytes: 27415075 kNewNativeDiscountFactor: 2 kOldNativeDiscountFactor: 65536 old_native_bytes: 105655339 new_native_bytes: 236588 add_bytes_allowed: 35495628 is_gc_concurrent: 1 target_footprint_: 27546147 GetBytesAllocated: 17213096 HeapGrowthMultiplier: 3
12-20 12:30:00.681  3317  3676 I com.miui.home: CheckGCForNative gc_urgency 0.383789 current_native_bytes is 105891927
12-20 12:30:00.756  3317  3841 I com.miui.home: CheckGCForNative adj_start_bytes: 45162889 NativeAllocationGcWatermark: 11831876 java_gc_start_bytes: 27415075 kNewNativeDiscountFactor: 2 kOldNativeDiscountFactor: 65536 old_native_bytes: 105655339 new_native_bytes: 216604 add_bytes_allowed: 35495628 is_gc_concurrent: 1 target_footprint_: 27546147 GetBytesAllocated: 17400669 HeapGrowthMultiplier: 3
12-20 12:30:00.757  3317  3841 I com.miui.home: CheckGCForNative gc_urgency 0.387721 current_native_bytes is 105871943
12-20 12:30:00.821  3317  4171 I com.miui.home: CheckGCForNative adj_start_bytes: 45162889 NativeAllocationGcWatermark: 11831876 java_gc_start_bytes: 27415075 kNewNativeDiscountFactor: 2 kOldNativeDiscountFactor: 65536 old_native_bytes: 105655339 new_native_bytes: 10918300 add_bytes_allowed: 35495628 is_gc_concurrent: 1 target_footprint_: 27546147 GetBytesAllocated: 17552762 HeapGrowthMultiplier: 3
12-20 12:30:00.821  3317  4171 I com.miui.home: CheckGCForNative gc_urgency 0.509567 current_native_bytes is 116573639
12-20 12:30:00.902  9188  9188 I wm_on_stop_called: [0,53164038,com.ss.android.ugc.aweme.splash.SplashActivity,STOP_ACTIVITY_ITEM,262]
12-20 12:30:01.167  3317  3317 I wm_on_top_resumed_lost_called: [232604861,com.miui.home.launcher.Launcher,topStateChangedWhenResumed]
12-20 12:30:01.301  3317  3317 I wm_on_paused_called: [0,232604861,com.miui.home.launcher.Launcher,performPause,4]
12-20 12:30:01.424  3317  3317 I com.miui.home: CheckGCForNative adj_start_bytes: 45162889 NativeAllocationGcWatermark: 11831876 java_gc_start_bytes: 27415075 kNewNativeDiscountFactor: 2 kOldNativeDiscountFactor: 65536 old_native_bytes: 105655339 new_native_bytes: 11252948 add_bytes_allowed: 35495628 is_gc_concurrent: 1 target_footprint_: 27546147 GetBytesAllocated: 18806216 HeapGrowthMultiplier: 3
12-20 12:30:01.424  3317  3317 I com.miui.home: CheckGCForNative gc_urgency 0.541026 current_native_bytes is 116908287
12-20 12:30:01.511  3317  3398 D cccccc  : onTaskStackChangedBackground
12-20 12:30:01.890  3317  3676 I com.miui.home: CheckGCForNative adj_start_bytes: 45162889 NativeAllocationGcWatermark: 11831876 java_gc_start_bytes: 27415075 kNewNativeDiscountFactor: 2 kOldNativeDiscountFactor: 65536 old_native_bytes: 105655339 new_native_bytes: 11324300 add_bytes_allowed: 35495628 is_gc_concurrent: 1 target_footprint_: 27546147 GetBytesAllocated: 19714704 HeapGrowthMultiplier: 3
12-20 12:30:01.890  3317  3676 I com.miui.home: CheckGCForNative gc_urgency 0.561932 current_native_bytes is 116979639
12-20 12:30:02.083  9801  9801 I wm_on_application_create_called: [0,com.eg.android.AlipayGphone,1068]
12-20 12:30:02.179  3317  3841 I com.miui.home: CheckGCForNative adj_start_bytes: 45162889 NativeAllocationGcWatermark: 11831876 java_gc_start_bytes: 27415075 kNewNativeDiscountFactor: 2 kOldNativeDiscountFactor: 65536 old_native_bytes: 105655339 new_native_bytes: 11353916 add_bytes_allowed: 35495628 is_gc_concurrent: 1 target_footprint_: 27546147 GetBytesAllocated: 20160529 HeapGrowthMultiplier: 3
12-20 12:30:02.179  3317  3841 I com.miui.home: CheckGCForNative gc_urgency 0.572131 current_native_bytes is 117009255
12-20 12:30:02.266 10065 10065 I wm_on_create_called: [0,8232118,com.xunmeng.pinduoduo.ui.activity.MainFrameActivity,performCreate,157]
12-20 12:30:02.352  9506  9506 I wm_on_top_resumed_lost_called: [66972146,com.eg.android.AlipayGphone.AlipayLogin,topStateChangedWhenResumed]
12-20 12:30:02.465  3317  3398 D cccccc  : onTaskStackChangedBackground
12-20 12:30:02.498 10065 10065 I wm_on_create_called: [0,150498395,com.xunmeng.pinduoduo.ui.activity.HomeActivity,performCreate,44]
12-20 12:30:02.632 10065 10065 I wm_on_start_called: [0,150498395,com.xunmeng.pinduoduo.ui.activity.HomeActivity,handleStartActivity,133]
12-20 12:30:02.643 10065 10065 I wm_on_resume_called: [0,150498395,com.xunmeng.pinduoduo.ui.activity.HomeActivity,RESUME_ACTIVITY,8]
12-20 12:30:02.707 10065 10065 I wm_on_top_resumed_gained_called: [150498395,com.xunmeng.pinduoduo.ui.activity.HomeActivity,topStateChangedWhenResumed]
12-20 12:30:02.828  9506  9506 I wm_on_paused_called: [0,66972146,com.eg.android.AlipayGphone.AlipayLogin,performPause,92]
12-20 12:30:02.960  3317  3317 I com.miui.home: CheckGCForNative adj_start_bytes: 45162889 NativeAllocationGcWatermark: 11831876 java_gc_start_bytes: 27415075 kNewNativeDiscountFactor: 2 kOldNativeDiscountFactor: 65536 old_native_bytes: 105655339 new_native_bytes: 11095264 add_bytes_allowed: 35495628 is_gc_concurrent: 1 target_footprint_: 27546147 GetBytesAllocated: 21315390 HeapGrowthMultiplier: 3
12-20 12:30:02.960  3317  3317 I com.miui.home: CheckGCForNative gc_urgency 0.594839 current_native_bytes is 116750603
12-20 12:30:02.996  3317  3317 I com.miui.home: CheckGCForNative adj_start_bytes: 45162889 NativeAllocationGcWatermark: 11831876 java_gc_start_bytes: 27415075 kNewNativeDiscountFactor: 2 kOldNativeDiscountFactor: 65536 old_native_bytes: 105655339 new_native_bytes: 11183476 add_bytes_allowed: 35495628 is_gc_concurrent: 1 target_footprint_: 27546147 GetBytesAllocated: 21378612 HeapGrowthMultiplier: 3
12-20 12:30:02.996  3317  3317 I com.miui.home: CheckGCForNative gc_urgency 0.597215 current_native_bytes is 116838815
12-20 12:30:03.022  3317  3317 I wm_on_resume_called: [0,232604861,com.miui.home.launcher.Launcher,RESUME_ACTIVITY,22]
12-20 12:30:03.046  3317  3317 I wm_on_idle_called: com.miui.home.launcher.Launcher
12-20 12:30:03.291  3317  3841 I com.miui.home: CheckGCForNative adj_start_bytes: 45162889 NativeAllocationGcWatermark: 11831876 java_gc_start_bytes: 27415075 kNewNativeDiscountFactor: 2 kOldNativeDiscountFactor: 65536 old_native_bytes: 105655339 new_native_bytes: 11353008 add_bytes_allowed: 35495628 is_gc_concurrent: 1 target_footprint_: 27546147 GetBytesAllocated: 22524899 HeapGrowthMultiplier: 3
12-20 12:30:03.291  3317  3841 I com.miui.home: CheckGCForNative gc_urgency 0.624473 current_native_bytes is 117008347
12-20 12:30:03.334 10065 10065 I wm_on_top_resumed_lost_called: [150498395,com.xunmeng.pinduoduo.ui.activity.HomeActivity,topStateChangedWhenResumed]
12-20 12:30:03.346  3317  3317 I wm_on_top_resumed_gained_called: [232604861,com.miui.home.launcher.Launcher,topStateChangedWhenResumed]
12-20 12:30:03.598  3317  8438 I com.miui.home: CheckGCForNative adj_start_bytes: 45162889 NativeAllocationGcWatermark: 11831876 java_gc_start_bytes: 27415075 kNewNativeDiscountFactor: 2 kOldNativeDiscountFactor: 65536 old_native_bytes: 105655339 new_native_bytes: 11385840 add_bytes_allowed: 35495628 is_gc_concurrent: 1 target_footprint_: 27546147 GetBytesAllocated: 23224667 HeapGrowthMultiplier: 3
12-20 12:30:03.598  3317  8438 I com.miui.home: CheckGCForNative gc_urgency 0.640331 current_native_bytes is 117041179
12-20 12:30:03.675 10065 10065 I wm_on_idle_called: com.xunmeng.pinduoduo.ui.activity.HomeActivity
12-20 12:30:03.684  3317  3375 I com.miui.home: CheckGCForNative adj_start_bytes: 45162889 NativeAllocationGcWatermark: 11831876 java_gc_start_bytes: 27415075 kNewNativeDiscountFactor: 2 kOldNativeDiscountFactor: 65536 old_native_bytes: 105655339 new_native_bytes: 21981824 add_bytes_allowed: 35495628 is_gc_concurrent: 1 target_footprint_: 27546147 GetBytesAllocated: 23381747 HeapGrowthMultiplier: 3
12-20 12:30:03.684  3317  3375 I com.miui.home: CheckGCForNative gc_urgency 0.761118 current_native_bytes is 127637163
12-20 12:30:03.735 10065 10065 I wm_on_paused_called: [0,150498395,com.xunmeng.pinduoduo.ui.activity.HomeActivity,performPause,50]
12-20 12:30:03.854  3317  3978 D cccccc  : onTaskStackChangedBackground
12-20 12:30:03.911  3317  3317 I wm_on_top_resumed_lost_called: [232604861,com.miui.home.launcher.Launcher,topStateChangedWhenResumed]
12-20 12:30:03.920  3317  3317 I wm_on_paused_called: [0,232604861,com.miui.home.launcher.Launcher,performPause,6]
12-20 12:30:03.980 10065 10065 I wm_on_destroy_called: [0,8232118,com.xunmeng.pinduoduo.ui.activity.MainFrameActivity,performDestroy,69]
12-20 12:30:04.125  9506  9506 I wm_on_stop_called: [0,66972146,com.eg.android.AlipayGphone.AlipayLogin,STOP_ACTIVITY_ITEM,202]
12-20 12:30:04.209  3317  3978 I com.miui.home: CheckGCForNative adj_start_bytes: 45162889 NativeAllocationGcWatermark: 11831876 java_gc_start_bytes: 27415075 kNewNativeDiscountFactor: 2 kOldNativeDiscountFactor: 65536 old_native_bytes: 105655339 new_native_bytes: 22186568 add_bytes_allowed: 35495628 is_gc_concurrent: 1 target_footprint_: 27546147 GetBytesAllocated: 25027078 HeapGrowthMultiplier: 3
12-20 12:30:04.209  3317  3978 I com.miui.home: CheckGCForNative gc_urgency 0.799815 current_native_bytes is 127841907
12-20 12:30:04.249  3317  3317 I com.miui.home: CheckGCForNative adj_start_bytes: 45162889 NativeAllocationGcWatermark: 11831876 java_gc_start_bytes: 27415075 kNewNativeDiscountFactor: 2 kOldNativeDiscountFactor: 65536 old_native_bytes: 105655339 new_native_bytes: 22374072 add_bytes_allowed: 35495628 is_gc_concurrent: 1 target_footprint_: 27546147 GetBytesAllocated: 25091212 HeapGrowthMultiplier: 3
12-20 12:30:04.249  3317  3317 I com.miui.home: CheckGCForNative gc_urgency 0.803311 current_native_bytes is 128029411
12-20 12:30:04.491  3317  3375 D cccccc  : onTaskStackChangedBackground
12-20 12:30:04.523  3317  3841 I com.miui.home: CheckGCForNative adj_start_bytes: 45162889 NativeAllocationGcWatermark: 11831876 java_gc_start_bytes: 27415075 kNewNativeDiscountFactor: 2 kOldNativeDiscountFactor: 65536 old_native_bytes: 105655339 new_native_bytes: 22494888 add_bytes_allowed: 35495628 is_gc_concurrent: 1 target_footprint_: 27546147 GetBytesAllocated: 25436839 HeapGrowthMultiplier: 3
12-20 12:30:04.523  3317  3841 I com.miui.home: CheckGCForNative gc_urgency 0.812302 current_native_bytes is 128150227
12-20 12:30:04.920 10065 10065 I wm_on_stop_called: [0,150498395,com.xunmeng.pinduoduo.ui.activity.HomeActivity,STOP_ACTIVITY_ITEM,97]
12-20 12:30:05.441  3317  3840 I com.miui.home: CheckGCForNative adj_start_bytes: 45162889 NativeAllocationGcWatermark: 11831876 java_gc_start_bytes: 27415075 kNewNativeDiscountFactor: 2 kOldNativeDiscountFactor: 65536 old_native_bytes: 105655339 new_native_bytes: 22485676 add_bytes_allowed: 35495628 is_gc_concurrent: 1 target_footprint_: 27546147 GetBytesAllocated: 26407724 HeapGrowthMultiplier: 3
12-20 12:30:05.441  3317  3840 I com.miui.home: CheckGCForNative gc_urgency 0.833697 current_native_bytes is 128141015
12-20 12:30:05.620  3317  3317 I wm_on_resume_called: [0,232604861,com.miui.home.launcher.Launcher,RESUME_ACTIVITY,19]
12-20 12:30:05.639  3317  3317 I com.miui.home: CheckGCForNative adj_start_bytes: 45162889 NativeAllocationGcWatermark: 11831876 java_gc_start_bytes: 27415075 kNewNativeDiscountFactor: 2 kOldNativeDiscountFactor: 65536 old_native_bytes: 105655339 new_native_bytes: 22537164 add_bytes_allowed: 35495628 is_gc_concurrent: 1 target_footprint_: 27546147 GetBytesAllocated: 27040435 HeapGrowthMultiplier: 3
12-20 12:30:05.639  3317  3317 I com.miui.home: CheckGCForNative gc_urgency 0.848277 current_native_bytes is 128192503
12-20 12:30:05.644  3317  3317 I wm_on_idle_called: com.miui.home.launcher.Launcher
12-20 12:30:05.856  3317  3841 I com.miui.home: CheckGCForNative adj_start_bytes: 45162889 NativeAllocationGcWatermark: 11831876 java_gc_start_bytes: 27415075 kNewNativeDiscountFactor: 2 kOldNativeDiscountFactor: 65536 old_native_bytes: 105655339 new_native_bytes: 22540840 add_bytes_allowed: 35495628 is_gc_concurrent: 1 target_footprint_: 27546147 GetBytesAllocated: 27745553 HeapGrowthMultiplier: 3
12-20 12:30:05.857  3317  3841 I com.miui.home: CheckGCForNative gc_urgency 0.86393 current_native_bytes is 128196179
12-20 12:30:05.892  9506  9506 I wm_on_idle_called: com.eg.android.AlipayGphone.AlipayLogin
12-20 12:30:05.978  3317  3317 I wm_on_top_resumed_gained_called: [232604861,com.miui.home.launcher.Launcher,topStateChangedWhenResumed]
12-20 12:30:06.123  3317  3841 I com.miui.home: CheckGCForNative gc_urgency 0 current_native_bytes is 127583451
12-20 12:30:06.323 10507 10507 I wm_on_application_create_called: [0,com.smile.gifmaker,1171]
12-20 12:30:06.367  3317  3398 I com.miui.home: CheckGCForNative adj_start_bytes: 44769673 NativeAllocationGcWatermark: 11831876 java_gc_start_bytes: 27021859 kNewNativeDiscountFactor: 2 kOldNativeDiscountFactor: 65536 old_native_bytes: 127583451 new_native_bytes: 10758112 add_bytes_allowed: 35495628 is_gc_concurrent: 1 target_footprint_: 27546147 GetBytesAllocated: 15509740 HeapGrowthMultiplier: 3
12-20 12:30:06.367  3317  3398 I com.miui.home: CheckGCForNative gc_urgency 0.466627 current_native_bytes is 138341563
12-20 12:30:06.520  3317  3317 I com.miui.home: CheckGCForNative adj_start_bytes: 44769673 NativeAllocationGcWatermark: 11831876 java_gc_start_bytes: 27021859 kNewNativeDiscountFactor: 2 kOldNativeDiscountFactor: 65536 old_native_bytes: 127583451 new_native_bytes: 10842620 add_bytes_allowed: 35495628 is_gc_concurrent: 1 target_footprint_: 27546147 GetBytesAllocated: 16025520 HeapGrowthMultiplier: 3
12-20 12:30:06.520  3317  3317 I com.miui.home: CheckGCForNative gc_urgency 0.479092 current_native_bytes is 138426071
12-20 12:30:06.535  3317  3728 I com.miui.home: CheckGCForNative adj_start_bytes: 44769673 NativeAllocationGcWatermark: 11831876 java_gc_start_bytes: 27021859 kNewNativeDiscountFactor: 2 kOldNativeDiscountFactor: 65536 old_native_bytes: 127583451 new_native_bytes: 10846672 add_bytes_allowed: 35495628 is_gc_concurrent: 1 target_footprint_: 27546147 GetBytesAllocated: 16131226 HeapGrowthMultiplier: 3
12-20 12:30:06.535  3317  3728 I com.miui.home: CheckGCForNative gc_urgency 0.481498 current_native_bytes is 138430123
12-20 12:30:06.661  3317  3317 I wm_on_top_resumed_lost_called: [232604861,com.miui.home.launcher.Launcher,topStateChangedWhenResumed]
12-20 12:30:06.871  3317  3317 I wm_on_paused_called: [0,232604861,com.miui.home.launcher.Launcher,performPause,5]
12-20 12:30:07.058  3317  3677 I com.miui.home: CheckGCForNative adj_start_bytes: 44769673 NativeAllocationGcWatermark: 11831876 java_gc_start_bytes: 27021859 kNewNativeDiscountFactor: 2 kOldNativeDiscountFactor: 65536 old_native_bytes: 127583451 new_native_bytes: 11001912 add_bytes_allowed: 35495628 is_gc_concurrent: 1 target_footprint_: 27546147 GetBytesAllocated: 17344707 HeapGrowthMultiplier: 3
12-20 12:30:07.058  3317  3677 I com.miui.home: CheckGCForNative gc_urgency 0.510337 current_native_bytes is 138585363
12-20 12:30:07.232  3317  3978 D cccccc  : onTaskStackChangedBackground
12-20 12:30:07.334  3317  3841 I com.miui.home: CheckGCForNative adj_start_bytes: 44769673 NativeAllocationGcWatermark: 11831876 java_gc_start_bytes: 27021859 kNewNativeDiscountFactor: 2 kOldNativeDiscountFactor: 65536 old_native_bytes: 127583451 new_native_bytes: 10832832 add_bytes_allowed: 35495628 is_gc_concurrent: 1 target_footprint_: 27546147 GetBytesAllocated: 17849367 HeapGrowthMultiplier: 3
12-20 12:30:07.334  3317  3841 I com.miui.home: CheckGCForNative gc_urgency 0.519721 current_native_bytes is 138416283
12-20 12:30:08.332  3317  3317 I com.miui.home: CheckGCForNative adj_start_bytes: 44769673 NativeAllocationGcWatermark: 11831876 java_gc_start_bytes: 27021859 kNewNativeDiscountFactor: 2 kOldNativeDiscountFactor: 65536 old_native_bytes: 127583451 new_native_bytes: 10809536 add_bytes_allowed: 35495628 is_gc_concurrent: 1 target_footprint_: 27546147 GetBytesAllocated: 19180867 HeapGrowthMultiplier: 3
12-20 12:30:08.332  3317  3317 I com.miui.home: CheckGCForNative gc_urgency 0.549202 current_native_bytes is 138392987
12-20 12:30:08.336  3317  3317 I wm_on_resume_called: [0,232604861,com.miui.home.launcher.Launcher,RESUME_ACTIVITY,21]
12-20 12:30:08.349  3317  3317 I com.miui.home: CheckGCForNative adj_start_bytes: 44769673 NativeAllocationGcWatermark: 11831876 java_gc_start_bytes: 27021859 kNewNativeDiscountFactor: 2 kOldNativeDiscountFactor: 65536 old_native_bytes: 127583451 new_native_bytes: 10812160 add_bytes_allowed: 35495628 is_gc_concurrent: 1 target_footprint_: 27546147 GetBytesAllocated: 19282544 HeapGrowthMultiplier: 3
12-20 12:30:08.349  3317  3317 I com.miui.home: CheckGCForNative gc_urgency 0.551502 current_native_bytes is 138395611
12-20 12:30:08.362  3317  3317 I wm_on_idle_called: com.miui.home.launcher.Launcher
12-20 12:30:08.426 11016 11016 I wm_on_application_create_called: [0,com.tencent.qqlive,262]
12-20 12:30:08.654  8752  8752 I wm_on_destroy_called: [0,243107603,fm.qingting.qtradio.WelcomeActivity,performDestroy,10]
12-20 12:30:08.756  3317  3317 I wm_on_top_resumed_gained_called: [232604861,com.miui.home.launcher.Launcher,topStateChangedWhenResumed]
12-20 12:30:08.801  3317  3841 I com.miui.home: CheckGCForNative adj_start_bytes: 44769673 NativeAllocationGcWatermark: 11831876 java_gc_start_bytes: 27021859 kNewNativeDiscountFactor: 2 kOldNativeDiscountFactor: 65536 old_native_bytes: 127583451 new_native_bytes: 11186292 add_bytes_allowed: 35495628 is_gc_concurrent: 1 target_footprint_: 27546147 GetBytesAllocated: 20069408 HeapGrowthMultiplier: 3
12-20 12:30:08.801  3317  3841 I com.miui.home: CheckGCForNative gc_urgency 0.573256 current_native_bytes is 138769743
12-20 12:30:09.101  3317  3841 I com.miui.home: CheckGCForNative adj_start_bytes: 44769673 NativeAllocationGcWatermark: 11831876 java_gc_start_bytes: 27021859 kNewNativeDiscountFactor: 2 kOldNativeDiscountFactor: 65536 old_native_bytes: 127583451 new_native_bytes: 11202100 add_bytes_allowed: 35495628 is_gc_concurrent: 1 target_footprint_: 27546147 GetBytesAllocated: 20463338 HeapGrowthMultiplier: 3
12-20 12:30:09.101  3317  3841 I com.miui.home: CheckGCForNative gc_urgency 0.582232 current_native_bytes is 138785551
12-20 12:30:09.389  3317  4171 I com.miui.home: CheckGCForNative adj_start_bytes: 44769673 NativeAllocationGcWatermark: 11831876 java_gc_start_bytes: 27021859 kNewNativeDiscountFactor: 2 kOldNativeDiscountFactor: 65536 old_native_bytes: 127583451 new_native_bytes: 21859748 add_bytes_allowed: 35495628 is_gc_concurrent: 1 target_footprint_: 27546147 GetBytesAllocated: 20824927 HeapGrowthMultiplier: 3
12-20 12:30:09.389  3317  4171 I com.miui.home: CheckGCForNative gc_urgency 0.709336 current_native_bytes is 149443199
12-20 12:30:09.480  3317  3317 I wm_on_top_resumed_lost_called: [232604861,com.miui.home.launcher.Launcher,topStateChangedWhenResumed]
12-20 12:30:09.738  3317  3317 I wm_on_paused_called: [0,232604861,com.miui.home.launcher.Launcher,performPause,6]
12-20 12:30:09.840  3317  4171 D cccccc  : onTaskStackChangedBackground
12-20 12:30:10.081  3317  4171 I com.miui.home: CheckGCForNative adj_start_bytes: 44769673 NativeAllocationGcWatermark: 11831876 java_gc_start_bytes: 27021859 kNewNativeDiscountFactor: 2 kOldNativeDiscountFactor: 65536 old_native_bytes: 127583451 new_native_bytes: 22055860 add_bytes_allowed: 35495628 is_gc_concurrent: 1 target_footprint_: 27546147 GetBytesAllocated: 21845777 HeapGrowthMultiplier: 3
12-20 12:30:10.081  3317  4171 I com.miui.home: CheckGCForNative gc_urgency 0.734329 current_native_bytes is 149639311
12-20 12:30:10.175  3317  8438 I com.miui.home: CheckGCForNative adj_start_bytes: 44769673 NativeAllocationGcWatermark: 11831876 java_gc_start_bytes: 27021859 kNewNativeDiscountFactor: 2 kOldNativeDiscountFactor: 65536 old_native_bytes: 127583451 new_native_bytes: 22463924 add_bytes_allowed: 35495628 is_gc_concurrent: 1 target_footprint_: 27546147 GetBytesAllocated: 21918265 HeapGrowthMultiplier: 3
12-20 12:30:10.175  3317  8438 I com.miui.home: CheckGCForNative gc_urgency 0.740505 current_native_bytes is 150047375
12-20 12:30:10.414 11016 11016 I wm_on_create_called: [0,209686889,com.tencent.qqlive.ona.activity.SplashHomeActivity,performCreate,1516]
12-20 12:30:10.457  3317  3841 I com.miui.home: CheckGCForNative adj_start_bytes: 44769673 NativeAllocationGcWatermark: 11831876 java_gc_start_bytes: 27021859 kNewNativeDiscountFactor: 2 kOldNativeDiscountFactor: 65536 old_native_bytes: 127583451 new_native_bytes: 22485004 add_bytes_allowed: 35495628 is_gc_concurrent: 1 target_footprint_: 27546147 GetBytesAllocated: 22273704 HeapGrowthMultiplier: 3
12-20 12:30:10.457  3317  3841 I com.miui.home: CheckGCForNative gc_urgency 0.74868 current_native_bytes is 150068455
12-20 12:30:10.606 11016 11016 I wm_on_start_called: [0,209686889,com.tencent.qqlive.ona.activity.SplashHomeActivity,handleStartActivity,131]
12-20 12:30:11.143 11785 11785 I wm_on_create_called: [0,219802621,com.tencent.mobileqq.activity.SplashActivity,performCreate,199]
12-20 12:30:11.171 11785 11785 I wm_on_start_called: [0,219802621,com.tencent.mobileqq.activity.SplashActivity,handleStartActivity,4]
12-20 12:30:11.197 11785 11785 I wm_on_resume_called: [0,219802621,com.tencent.mobileqq.activity.SplashActivity,RESUME_ACTIVITY,24]
12-20 12:30:11.281 11785 11785 I wm_on_top_resumed_gained_called: [219802621,com.tencent.mobileqq.activity.SplashActivity,topStateChangedWhenResumed]
12-20 12:30:11.421  3317  3840 I com.miui.home: CheckGCForNative adj_start_bytes: 44769673 NativeAllocationGcWatermark: 11831876 java_gc_start_bytes: 27021859 kNewNativeDiscountFactor: 2 kOldNativeDiscountFactor: 65536 old_native_bytes: 127583451 new_native_bytes: 22276088 add_bytes_allowed: 35495628 is_gc_concurrent: 1 target_footprint_: 27546147 GetBytesAllocated: 23347316 HeapGrowthMultiplier: 3
12-20 12:30:11.421  3317  3840 I com.miui.home: CheckGCForNative gc_urgency 0.770327 current_native_bytes is 149859539
12-20 12:30:11.616  3317  3317 I wm_on_resume_called: [0,232604861,com.miui.home.launcher.Launcher,RESUME_ACTIVITY,20]
12-20 12:30:11.629  3317  3317 I com.miui.home: CheckGCForNative adj_start_bytes: 44769673 NativeAllocationGcWatermark: 11831876 java_gc_start_bytes: 27021859 kNewNativeDiscountFactor: 2 kOldNativeDiscountFactor: 65536 old_native_bytes: 127583451 new_native_bytes: 22395416 add_bytes_allowed: 35495628 is_gc_concurrent: 1 target_footprint_: 27546147 GetBytesAllocated: 24118371 HeapGrowthMultiplier: 3
12-20 12:30:11.629  3317  3317 I com.miui.home: CheckGCForNative gc_urgency 0.788883 current_native_bytes is 149978867
12-20 12:30:11.635  3317  3317 I wm_on_idle_called: com.miui.home.launcher.Launcher
12-20 12:30:11.692 11785 11785 I wm_on_top_resumed_lost_called: [219802621,com.tencent.mobileqq.activity.SplashActivity,topStateChangedWhenResumed]
12-20 12:30:11.708  3317  3317 I wm_on_top_resumed_gained_called: [232604861,com.miui.home.launcher.Launcher,topStateChangedWhenResumed]
12-20 12:30:11.714 11785 11785 I wm_on_idle_called: com.tencent.mobileqq.activity.SplashActivity
12-20 12:30:11.868  3317  3841 I com.miui.home: CheckGCForNative adj_start_bytes: 44769673 NativeAllocationGcWatermark: 11831876 java_gc_start_bytes: 27021859 kNewNativeDiscountFactor: 2 kOldNativeDiscountFactor: 65536 old_native_bytes: 127583451 new_native_bytes: 22521424 add_bytes_allowed: 35495628 is_gc_concurrent: 1 target_footprint_: 27546147 GetBytesAllocated: 24561424 HeapGrowthMultiplier: 3
12-20 12:30:11.868  3317  3841 I com.miui.home: CheckGCForNative gc_urgency 0.800186 current_native_bytes is 150104875
12-20 12:30:12.179  3317  3841 I com.miui.home: CheckGCForNative adj_start_bytes: 44769673 NativeAllocationGcWatermark: 11831876 java_gc_start_bytes: 27021859 kNewNativeDiscountFactor: 2 kOldNativeDiscountFactor: 65536 old_native_bytes: 127583451 new_native_bytes: 22533872 add_bytes_allowed: 35495628 is_gc_concurrent: 1 target_footprint_: 27546147 GetBytesAllocated: 24850678 HeapGrowthMultiplier: 3
12-20 12:30:12.179  3317  3841 I com.miui.home: CheckGCForNative gc_urgency 0.806786 current_native_bytes is 150117323
12-20 12:30:12.230 11016 11016 I wm_on_resume_called: [0,209686889,com.tencent.qqlive.ona.activity.SplashHomeActivity,RESUME_ACTIVITY,1555]
12-20 12:30:12.376  3317  3977 I com.miui.home: CheckGCForNative adj_start_bytes: 44769673 NativeAllocationGcWatermark: 11831876 java_gc_start_bytes: 27021859 kNewNativeDiscountFactor: 2 kOldNativeDiscountFactor: 65536 old_native_bytes: 127583451 new_native_bytes: 33168312 add_bytes_allowed: 35495628 is_gc_concurrent: 1 target_footprint_: 27546147 GetBytesAllocated: 25260305 HeapGrowthMultiplier: 3
12-20 12:30:12.376  3317  3977 I com.miui.home: CheckGCForNative gc_urgency 0.934704 current_native_bytes is 160751763
12-20 12:30:12.675  3317  3977 I com.miui.home: CheckGCForNative adj_start_bytes: 44769673 NativeAllocationGcWatermark: 11831876 java_gc_start_bytes: 27021859 kNewNativeDiscountFactor: 2 kOldNativeDiscountFactor: 65536 old_native_bytes: 127583451 new_native_bytes: 33305008 add_bytes_allowed: 35495628 is_gc_concurrent: 1 target_footprint_: 27546147 GetBytesAllocated: 26000647 HeapGrowthMultiplier: 3
12-20 12:30:12.675  3317  3977 I com.miui.home: CheckGCForNative gc_urgency 0.952769 current_native_bytes is 160888459
12-20 12:30:12.751 11785 11785 I wm_on_paused_called: [0,219802621,com.tencent.mobileqq.activity.SplashActivity,performPause,3]
12-20 12:30:12.782  3317  3317 I com.miui.home: CheckGCForNative adj_start_bytes: 44769673 NativeAllocationGcWatermark: 11831876 java_gc_start_bytes: 27021859 kNewNativeDiscountFactor: 2 kOldNativeDiscountFactor: 65536 old_native_bytes: 127583451 new_native_bytes: 33349768 add_bytes_allowed: 35495628 is_gc_concurrent: 1 target_footprint_: 27546147 GetBytesAllocated: 26380888 HeapGrowthMultiplier: 3
12-20 12:30:12.782  3317  3317 I com.miui.home: CheckGCForNative gc_urgency 0.961761 current_native_bytes is 160933219
12-20 12:30:12.787  3317  3317 I wm_on_top_resumed_lost_called: [232604861,com.miui.home.launcher.Launcher,topStateChangedWhenResumed]
12-20 12:30:12.805  3317  3317 I wm_on_paused_called: [0,232604861,com.miui.home.launcher.Launcher,performPause,5]
12-20 12:30:13.007  3317  3398 D cccccc  : onTaskStackChangedBackground
12-20 12:30:13.024 11785 11785 I wm_on_stop_called: [0,219802621,com.tencent.mobileqq.activity.SplashActivity,LIFECYCLER_STOP_ACTIVITY,35]
12-20 12:30:13.087  3317  3398 I com.miui.home: CheckGCForNative adj_start_bytes: 44769673 NativeAllocationGcWatermark: 11831876 java_gc_start_bytes: 27021859 kNewNativeDiscountFactor: 2 kOldNativeDiscountFactor: 65536 old_native_bytes: 127583451 new_native_bytes: 33471712 add_bytes_allowed: 35495628 is_gc_concurrent: 1 target_footprint_: 27546147 GetBytesAllocated: 27315144 HeapGrowthMultiplier: 3
12-20 12:30:13.087  3317  3398 I com.miui.home: CheckGCForNative gc_urgency 0.983991 current_native_bytes is 161055163
12-20 12:30:13.128 11785 11785 I wm_on_destroy_called: [0,219802621,com.tencent.mobileqq.activity.SplashActivity,performDestroy,85]
