12-19 15:45:19.804  3346  3346 I wm_on_top_resumed_lost_called: [106785096,com.miui.home.launcher.Launcher,topStateChangedWhenResumed]
12-19 15:45:19.811  3346  3346 I wm_on_paused_called: [0,106785096,com.miui.home.launcher.Launcher,performPause,4]
12-19 15:45:20.106  3346  8069 I com.miui.home: CheckGCForNative adj_start_bytes: 41510663 NativeAllocationGcWatermark: 11447431 java_gc_start_bytes: 24339517 kNewNativeDiscountFactor: 2 kOldNativeDiscountFactor: 65536 old_native_bytes: 70681863 new_native_bytes: 549340 add_bytes_allowed: 34342293 is_gc_concurrent: 1 target_footprint_: 24470589 GetBytesAllocated: 13117645 HeapGrowthMultiplier: 3
12-19 15:45:20.106  3346  8069 I com.miui.home: CheckGCForNative gc_urgency 0.322649 current_native_bytes is 71231203
12-19 15:45:20.321  3346  3970 I com.miui.home: CheckGCForNative adj_start_bytes: 41510663 NativeAllocationGcWatermark: 11447431 java_gc_start_bytes: 24339517 kNewNativeDiscountFactor: 2 kOldNativeDiscountFactor: 65536 old_native_bytes: 70681863 new_native_bytes: 1806668 add_bytes_allowed: 34342293 is_gc_concurrent: 1 target_footprint_: 24470589 GetBytesAllocated: 13523535 HeapGrowthMultiplier: 3
12-19 15:45:20.322  3346  3970 I com.miui.home: CheckGCForNative gc_urgency 0.347572 current_native_bytes is 72488531
12-19 15:45:20.375  3346  3755 I com.miui.home: CheckGCForNative adj_start_bytes: 41510663 NativeAllocationGcWatermark: 11447431 java_gc_start_bytes: 24339517 kNewNativeDiscountFactor: 2 kOldNativeDiscountFactor: 65536 old_native_bytes: 70681863 new_native_bytes: 2038604 add_bytes_allowed: 34342293 is_gc_concurrent: 1 target_footprint_: 24470589 GetBytesAllocated: 13662534 HeapGrowthMultiplier: 3
12-19 15:45:20.375  3346  3755 I com.miui.home: CheckGCForNative gc_urgency 0.353714 current_native_bytes is 72720467
12-19 15:45:20.520  3346  3755 I com.miui.home: CheckGCForNative adj_start_bytes: 41510663 NativeAllocationGcWatermark: 11447431 java_gc_start_bytes: 24339517 kNewNativeDiscountFactor: 2 kOldNativeDiscountFactor: 65536 old_native_bytes: 70681863 new_native_bytes: 2819568 add_bytes_allowed: 34342293 is_gc_concurrent: 1 target_footprint_: 24470589 GetBytesAllocated: 13917939 HeapGrowthMultiplier: 3
12-19 15:45:20.520  3346  3755 I com.miui.home: CheckGCForNative gc_urgency 0.369274 current_native_bytes is 73501431
12-19 15:45:20.830  3346  3970 I com.miui.home: CheckGCForNative adj_start_bytes: 41510663 NativeAllocationGcWatermark: 11447431 java_gc_start_bytes: 24339517 kNewNativeDiscountFactor: 2 kOldNativeDiscountFactor: 65536 old_native_bytes: 70681863 new_native_bytes: 13779688 add_bytes_allowed: 34342293 is_gc_concurrent: 1 target_footprint_: 24470589 GetBytesAllocated: 14118245 HeapGrowthMultiplier: 3
12-19 15:45:20.830  3346  3970 I com.miui.home: CheckGCForNative gc_urgency 0.506115 current_native_bytes is 84461551
12-19 15:45:20.836  3346  3970 I com.miui.home: CheckGCForNative adj_start_bytes: 41510663 NativeAllocationGcWatermark: 11447431 java_gc_start_bytes: 24339517 kNewNativeDiscountFactor: 2 kOldNativeDiscountFactor: 65536 old_native_bytes: 70681863 new_native_bytes: 24486632 add_bytes_allowed: 34342293 is_gc_concurrent: 1 target_footprint_: 24470589 GetBytesAllocated: 14128736 HeapGrowthMultiplier: 3
12-19 15:45:20.836  3346  3970 I com.miui.home: CheckGCForNative gc_urgency 0.635334 current_native_bytes is 95168495
12-19 15:45:20.873  3346  3970 I com.miui.home: CheckGCForNative adj_start_bytes: 41510663 NativeAllocationGcWatermark: 11447431 java_gc_start_bytes: 24339517 kNewNativeDiscountFactor: 2 kOldNativeDiscountFactor: 65536 old_native_bytes: 70681863 new_native_bytes: 24487368 add_bytes_allowed: 34342293 is_gc_concurrent: 1 target_footprint_: 24470589 GetBytesAllocated: 14128736 HeapGrowthMultiplier: 3
12-19 15:45:20.873  3346  3970 I com.miui.home: CheckGCForNative gc_urgency 0.635343 current_native_bytes is 95169231
12-19 15:45:20.880  3346  3970 I com.miui.home: CheckGCForNative adj_start_bytes: 41510663 NativeAllocationGcWatermark: 11447431 java_gc_start_bytes: 24339517 kNewNativeDiscountFactor: 2 kOldNativeDiscountFactor: 65536 old_native_bytes: 70681863 new_native_bytes: 35194504 add_bytes_allowed: 34342293 is_gc_concurrent: 1 target_footprint_: 24470589 GetBytesAllocated: 14143646 HeapGrowthMultiplier: 3
12-19 15:45:20.880  3346  3970 I com.miui.home: CheckGCForNative gc_urgency 0.76467 current_native_bytes is 105876367
12-19 15:45:20.943  3346  3970 I com.miui.home: CheckGCForNative adj_start_bytes: 41510663 NativeAllocationGcWatermark: 11447431 java_gc_start_bytes: 24339517 kNewNativeDiscountFactor: 2 kOldNativeDiscountFactor: 65536 old_native_bytes: 70681863 new_native_bytes: 35195656 add_bytes_allowed: 34342293 is_gc_concurrent: 1 target_footprint_: 24470589 GetBytesAllocated: 14143646 HeapGrowthMultiplier: 3
12-19 15:45:20.944  3346  3970 I com.miui.home: CheckGCForNative gc_urgency 0.764684 current_native_bytes is 105877519
12-19 15:45:20.947  3346  3970 I com.miui.home: CheckGCForNative adj_start_bytes: 41510663 NativeAllocationGcWatermark: 11447431 java_gc_start_bytes: 24339517 kNewNativeDiscountFactor: 2 kOldNativeDiscountFactor: 65536 old_native_bytes: 70681863 new_native_bytes: 45902600 add_bytes_allowed: 34342293 is_gc_concurrent: 1 target_footprint_: 24470589 GetBytesAllocated: 14143838 HeapGrowthMultiplier: 3
12-19 15:45:20.947  3346  3970 I com.miui.home: CheckGCForNative gc_urgency 0.893655 current_native_bytes is 116584463
12-19 15:45:21.215  8141  8141 I wm_on_application_create_called: [0,com.autonavi.minimap,368]
12-19 15:45:21.321  8048  8048 I wm_on_application_create_called: [0,com.autonavi.minimap,965]
12-19 15:45:21.493  8048  8048 I wm_on_create_called: [0,57720577,com.autonavi.map.activity.SplashActivity,performCreate,140]
12-19 15:45:21.849  8048  8048 I wm_on_create_called: [0,2088312,com.autonavi.map.activity.NewMapActivity,performCreate,220]
12-19 15:45:21.856  8048  8048 I wm_on_start_called: [0,2088312,com.autonavi.map.activity.NewMapActivity,handleStartActivity,6]
12-19 15:45:21.925  3346  3346 I wm_on_resume_called: [0,106785096,com.miui.home.launcher.Launcher,RESUME_ACTIVITY,32]
12-19 15:45:21.946  3346  3346 I wm_on_idle_called: com.miui.home.launcher.Launcher
12-19 15:45:22.022  8048  8048 I wm_on_resume_called: [0,2088312,com.autonavi.map.activity.NewMapActivity,RESUME_ACTIVITY,26]
12-19 15:45:22.058  3346  8447 I com.miui.home: CheckGCForNative adj_start_bytes: 41510663 NativeAllocationGcWatermark: 11447431 java_gc_start_bytes: 24339517 kNewNativeDiscountFactor: 2 kOldNativeDiscountFactor: 65536 old_native_bytes: 70681863 new_native_bytes: 46661268 add_bytes_allowed: 34342293 is_gc_concurrent: 1 target_footprint_: 24470589 GetBytesAllocated: 15564076 HeapGrowthMultiplier: 3
12-19 15:45:22.058  3346  8447 I com.miui.home: CheckGCForNative gc_urgency 0.937007 current_native_bytes is 117343131
12-19 15:45:22.059  3346  8447 I com.miui.home: CheckGCForNative adj_start_bytes: 41510663 NativeAllocationGcWatermark: 11447431 java_gc_start_bytes: 24339517 kNewNativeDiscountFactor: 2 kOldNativeDiscountFactor: 65536 old_native_bytes: 70681863 new_native_bytes: 57368212 add_bytes_allowed: 34342293 is_gc_concurrent: 1 target_footprint_: 24470589 GetBytesAllocated: 15566846 HeapGrowthMultiplier: 3
12-19 15:45:22.060  3346  8447 I com.miui.home: CheckGCForNative gc_urgency 1.06615 current_native_bytes is 128050075
12-19 15:45:22.060  3346  8447 I com.miui.home: CheckGCForNative requested 1
12-19 15:45:22.069  3346  3755 I com.miui.home: CheckGCForNative adj_start_bytes: 41510663 NativeAllocationGcWatermark: 11447431 java_gc_start_bytes: 24339517 kNewNativeDiscountFactor: 2 kOldNativeDiscountFactor: 65536 old_native_bytes: 70681863 new_native_bytes: 46805268 add_bytes_allowed: 34342293 is_gc_concurrent: 1 target_footprint_: 24470589 GetBytesAllocated: 15597338 HeapGrowthMultiplier: 3
12-19 15:45:22.069  3346  3755 I com.miui.home: CheckGCForNative gc_urgency 0.939543 current_native_bytes is 117487131
12-19 15:45:22.081  3346  3755 I com.miui.home: CheckGCForNative adj_start_bytes: 41510663 NativeAllocationGcWatermark: 11447431 java_gc_start_bytes: 24339517 kNewNativeDiscountFactor: 2 kOldNativeDiscountFactor: 65536 old_native_bytes: 70681863 new_native_bytes: 46844660 add_bytes_allowed: 34342293 is_gc_concurrent: 1 target_footprint_: 24470589 GetBytesAllocated: 15625822 HeapGrowthMultiplier: 3
12-19 15:45:22.081  3346  3755 I com.miui.home: CheckGCForNative gc_urgency 0.940704 current_native_bytes is 117526523
12-19 15:45:22.125  3346  3386 I com.miui.home: CheckGCForNative adj_start_bytes: 41510663 NativeAllocationGcWatermark: 11447431 java_gc_start_bytes: 24339517 kNewNativeDiscountFactor: 2 kOldNativeDiscountFactor: 65536 old_native_bytes: 70681863 new_native_bytes: 57617588 add_bytes_allowed: 34342293 is_gc_concurrent: 1 target_footprint_: 24470589 GetBytesAllocated: 15676768 HeapGrowthMultiplier: 3
12-19 15:45:22.125  3346  3386 I com.miui.home: CheckGCForNative gc_urgency 1.07169 current_native_bytes is 128299451
12-19 15:45:22.125  3346  3386 I com.miui.home: CheckGCForNative requested 1
12-19 15:45:22.211  8048  8048 I wm_on_top_resumed_gained_called: [2088312,com.autonavi.map.activity.NewMapActivity,topStateChangedWhenResumed]
12-19 15:45:22.212  8048  8048 I wm_on_top_resumed_lost_called: [2088312,com.autonavi.map.activity.NewMapActivity,topStateChangedWhenResumed]
12-19 15:45:22.228  3346  3346 I wm_on_top_resumed_gained_called: [106785096,com.miui.home.launcher.Launcher,topStateChangedWhenResumed]
12-19 15:45:22.360  3346  3663 I com.miui.home: CheckGCForNative adj_start_bytes: 41510663 NativeAllocationGcWatermark: 11447431 java_gc_start_bytes: 24339517 kNewNativeDiscountFactor: 2 kOldNativeDiscountFactor: 65536 old_native_bytes: 70681863 new_native_bytes: 46986452 add_bytes_allowed: 34342293 is_gc_concurrent: 1 target_footprint_: 24470589 GetBytesAllocated: 16235098 HeapGrowthMultiplier: 3
12-19 15:45:22.360  3346  3663 I com.miui.home: CheckGCForNative gc_urgency 0.957089 current_native_bytes is 117668315
12-19 15:45:22.601  3346  3970 I com.miui.home: CheckGCForNative adj_start_bytes: 41510663 NativeAllocationGcWatermark: 11447431 java_gc_start_bytes: 24339517 kNewNativeDiscountFactor: 2 kOldNativeDiscountFactor: 65536 old_native_bytes: 70681863 new_native_bytes: 57837240 add_bytes_allowed: 34342293 is_gc_concurrent: 1 target_footprint_: 24470589 GetBytesAllocated: 16262794 HeapGrowthMultiplier: 3
12-19 15:45:22.601  3346  3970 I com.miui.home: CheckGCForNative gc_urgency 1.08846 current_native_bytes is 128519103
12-19 15:45:22.601  3346  3970 I com.miui.home: CheckGCForNative requested 1
12-19 15:45:22.605  3346  3379 I com.miui.home: NativeAlloc concurrent copying GC freed 79008(3365KB) AllocSpace objects, 6(248KB) LOS objects, 49% free, 12MB/24MB, paused 2.906ms,761us total 541.989ms
12-19 15:45:22.756  8048  8048 I wm_on_paused_called: [0,2088312,com.autonavi.map.activity.NewMapActivity,performPause,2]
12-19 15:45:22.758  8048  8048 I wm_on_destroy_called: [0,57720577,com.autonavi.map.activity.SplashActivity,performDestroy,0]
12-19 15:45:22.847  3346  3346 I wm_on_top_resumed_lost_called: [106785096,com.miui.home.launcher.Launcher,topStateChangedWhenResumed]
12-19 15:45:22.860  3346  3346 I wm_on_paused_called: [0,106785096,com.miui.home.launcher.Launcher,performPause,3]
12-19 15:45:23.251  3346  3840 I com.miui.home: CheckGCForNative gc_urgency 0 current_native_bytes is 116166187
12-19 15:45:23.374  3346  3970 I com.miui.home: CheckGCForNative adj_start_bytes: 42558378 NativeAllocationGcWatermark: 11599108 java_gc_start_bytes: 25159716 kNewNativeDiscountFactor: 2 kOldNativeDiscountFactor: 65536 old_native_bytes: 116166187 new_native_bytes: 11210708 add_bytes_allowed: 34797324 is_gc_concurrent: 1 target_footprint_: 25684004 GetBytesAllocated: 14157666 HeapGrowthMultiplier: 3
12-19 15:45:23.374  3346  3970 I com.miui.home: CheckGCForNative gc_urgency 0.464416 current_native_bytes is 127376895
12-19 15:45:23.570  3346  3755 I com.miui.home: CheckGCForNative adj_start_bytes: 42558378 NativeAllocationGcWatermark: 11599108 java_gc_start_bytes: 25159716 kNewNativeDiscountFactor: 2 kOldNativeDiscountFactor: 65536 old_native_bytes: 116166187 new_native_bytes: 525972 add_bytes_allowed: 34797324 is_gc_concurrent: 1 target_footprint_: 25684004 GetBytesAllocated: 14247087 HeapGrowthMultiplier: 3
12-19 15:45:23.570  3346  3755 I com.miui.home: CheckGCForNative gc_urgency 0.340987 current_native_bytes is 116692159
12-19 15:45:23.611  8525  8525 I wm_on_create_called: [0,86167834,fm.qingting.qtradio.WelcomeActivity,performCreate,91]
12-19 15:45:23.611  8525  8525 I wm_on_start_called: [0,86167834,fm.qingting.qtradio.WelcomeActivity,handleStartActivity,0]
12-19 15:45:23.618  8525  8525 I wm_on_resume_called: [0,86167834,fm.qingting.qtradio.WelcomeActivity,RESUME_ACTIVITY,3]
12-19 15:45:23.649  8525  8525 I wm_on_top_resumed_gained_called: [86167834,fm.qingting.qtradio.WelcomeActivity,topStateChangedWhenResumed]
12-19 15:45:23.922  3346  3346 I wm_on_stop_called: [0,106785096,com.miui.home.launcher.Launcher,STOP_ACTIVITY_ITEM,7]
12-19 15:45:24.301  8525  8525 I wm_on_idle_called: fm.qingting.qtradio.WelcomeActivity
12-19 15:45:24.794  8525  8525 I wm_on_top_resumed_lost_called: [86167834,fm.qingting.qtradio.WelcomeActivity,topStateChangedWhenResumed]
12-19 15:45:24.825  3346  3346 I wm_on_restart_called: [0,106785096,com.miui.home.launcher.Launcher,,0]
12-19 15:45:24.827  3346  3346 I wm_on_start_called: [0,106785096,com.miui.home.launcher.Launcher,handleStartActivity,2]
12-19 15:45:24.849  3346  3346 I wm_on_resume_called: [0,106785096,com.miui.home.launcher.Launcher,RESUME_ACTIVITY,20]
12-19 15:45:24.943  3346  3346 I wm_on_top_resumed_gained_called: [106785096,com.miui.home.launcher.Launcher,topStateChangedWhenResumed]
12-19 15:45:24.948  3346  3346 I wm_on_idle_called: com.miui.home.launcher.Launcher
12-19 15:45:25.046  3346  5984 I com.miui.home: CheckGCForNative adj_start_bytes: 42056193 NativeAllocationGcWatermark: 11504855 java_gc_start_bytes: 24798911 kNewNativeDiscountFactor: 2 kOldNativeDiscountFactor: 65536 old_native_bytes: 116598671 new_native_bytes: 10701072 add_bytes_allowed: 34514565 is_gc_concurrent: 1 target_footprint_: 24929983 GetBytesAllocated: 13385346 HeapGrowthMultiplier: 3
12-19 15:45:25.046  3346  5984 I com.miui.home: CheckGCForNative gc_urgency 0.445539 current_native_bytes is 127299743
12-19 15:45:25.047  3346  3346 I com.miui.home: CheckGCForNative adj_start_bytes: 42056193 NativeAllocationGcWatermark: 11504855 java_gc_start_bytes: 24798911 kNewNativeDiscountFactor: 2 kOldNativeDiscountFactor: 65536 old_native_bytes: 116598671 new_native_bytes: 21408400 add_bytes_allowed: 34514565 is_gc_concurrent: 1 target_footprint_: 24929983 GetBytesAllocated: 13393778 HeapGrowthMultiplier: 3
12-19 15:45:25.047  3346  3346 I com.miui.home: CheckGCForNative gc_urgency 0.573037 current_native_bytes is 138007071
12-19 15:45:25.049  3346  3836 I com.miui.home: CheckGCForNative adj_start_bytes: 42056193 NativeAllocationGcWatermark: 11504855 java_gc_start_bytes: 24798911 kNewNativeDiscountFactor: 2 kOldNativeDiscountFactor: 65536 old_native_bytes: 116598671 new_native_bytes: 21407056 add_bytes_allowed: 34514565 is_gc_concurrent: 1 target_footprint_: 24929983 GetBytesAllocated: 13421351 HeapGrowthMultiplier: 3
12-19 15:45:25.050  3346  3836 I com.miui.home: CheckGCForNative gc_urgency 0.573677 current_native_bytes is 138005727
12-19 15:45:25.066  3346  3755 I com.miui.home: CheckGCForNative adj_start_bytes: 42056193 NativeAllocationGcWatermark: 11504855 java_gc_start_bytes: 24798911 kNewNativeDiscountFactor: 2 kOldNativeDiscountFactor: 65536 old_native_bytes: 116598671 new_native_bytes: 10701360 add_bytes_allowed: 34514565 is_gc_concurrent: 1 target_footprint_: 24929983 GetBytesAllocated: 13541215 HeapGrowthMultiplier: 3
12-19 15:45:25.066  3346  3755 I com.miui.home: CheckGCForNative gc_urgency 0.449248 current_native_bytes is 127300031
12-19 15:45:25.095  8801  8801 I wm_on_application_create_called: [0,com.xiaomi.bluetooth,423]
12-19 15:45:25.103  3346  3755 I com.miui.home: CheckGCForNative adj_start_bytes: 42056193 NativeAllocationGcWatermark: 11504855 java_gc_start_bytes: 24798911 kNewNativeDiscountFactor: 2 kOldNativeDiscountFactor: 65536 old_native_bytes: 116598671 new_native_bytes: 10739600 add_bytes_allowed: 34514565 is_gc_concurrent: 1 target_footprint_: 24929983 GetBytesAllocated: 13784033 HeapGrowthMultiplier: 3
12-19 15:45:25.103  3346  3755 I com.miui.home: CheckGCForNative gc_urgency 0.455477 current_native_bytes is 127338271
12-19 15:45:25.370  3346  3755 I com.miui.home: CheckGCForNative adj_start_bytes: 42056193 NativeAllocationGcWatermark: 11504855 java_gc_start_bytes: 24798911 kNewNativeDiscountFactor: 2 kOldNativeDiscountFactor: 65536 old_native_bytes: 116598671 new_native_bytes: 10754000 add_bytes_allowed: 34514565 is_gc_concurrent: 1 target_footprint_: 24929983 GetBytesAllocated: 13944246 HeapGrowthMultiplier: 3
12-19 15:45:25.370  3346  3755 I com.miui.home: CheckGCForNative gc_urgency 0.459457 current_native_bytes is 127352671
12-19 15:45:25.541  8525  8525 I wm_on_paused_called: [0,86167834,fm.qingting.qtradio.WelcomeActivity,performPause,2]
12-19 15:45:25.638  8525  8525 I wm_on_stop_called: [0,86167834,fm.qingting.qtradio.WelcomeActivity,STOP_ACTIVITY_ITEM,2]
12-19 15:45:25.703  3346  3346 I wm_on_top_resumed_lost_called: [106785096,com.miui.home.launcher.Launcher,topStateChangedWhenResumed]
12-19 15:45:25.725  3346  3346 I wm_on_paused_called: [0,106785096,com.miui.home.launcher.Launcher,performPause,2]
12-19 15:45:25.986  3346  8069 I com.miui.home: CheckGCForNative adj_start_bytes: 42056193 NativeAllocationGcWatermark: 11504855 java_gc_start_bytes: 24798911 kNewNativeDiscountFactor: 2 kOldNativeDiscountFactor: 65536 old_native_bytes: 116598671 new_native_bytes: 11638516 add_bytes_allowed: 34514565 is_gc_concurrent: 1 target_footprint_: 24929983 GetBytesAllocated: 14944098 HeapGrowthMultiplier: 3
12-19 15:45:25.986  3346  8069 I com.miui.home: CheckGCForNative gc_urgency 0.493747 current_native_bytes is 128237187
12-19 15:45:26.036  3346  3755 I com.miui.home: CheckGCForNative adj_start_bytes: 42056193 NativeAllocationGcWatermark: 11504855 java_gc_start_bytes: 24798911 kNewNativeDiscountFactor: 2 kOldNativeDiscountFactor: 65536 old_native_bytes: 116598671 new_native_bytes: 13093372 add_bytes_allowed: 34514565 is_gc_concurrent: 1 target_footprint_: 24929983 GetBytesAllocated: 14997298 HeapGrowthMultiplier: 3
12-19 15:45:26.037  3346  3755 I com.miui.home: CheckGCForNative gc_urgency 0.512309 current_native_bytes is 129692043
12-19 15:45:26.191  3346  3970 I com.miui.home: CheckGCForNative adj_start_bytes: 42056193 NativeAllocationGcWatermark: 11504855 java_gc_start_bytes: 24798911 kNewNativeDiscountFactor: 2 kOldNativeDiscountFactor: 65536 old_native_bytes: 116598671 new_native_bytes: 24549404 add_bytes_allowed: 34514565 is_gc_concurrent: 1 target_footprint_: 24929983 GetBytesAllocated: 15406841 HeapGrowthMultiplier: 3
12-19 15:45:26.191  3346  3970 I com.miui.home: CheckGCForNative gc_urgency 0.658246 current_native_bytes is 141148075
12-19 15:45:26.242  3346  3970 I com.miui.home: CheckGCForNative adj_start_bytes: 42056193 NativeAllocationGcWatermark: 11504855 java_gc_start_bytes: 24798911 kNewNativeDiscountFactor: 2 kOldNativeDiscountFactor: 65536 old_native_bytes: 116598671 new_native_bytes: 13867408 add_bytes_allowed: 34514565 is_gc_concurrent: 1 target_footprint_: 24929983 GetBytesAllocated: 15595396 HeapGrowthMultiplier: 3
12-19 15:45:26.242  3346  3970 I com.miui.home: CheckGCForNative gc_urgency 0.535733 current_native_bytes is 130466079
12-19 15:45:27.213  8968  8968 I wm_on_application_create_called: [0,com.ss.android.ugc.aweme,344]
12-19 15:45:27.469  3346  3346 I com.miui.home: CheckGCForNative adj_start_bytes: 42056193 NativeAllocationGcWatermark: 11504855 java_gc_start_bytes: 24798911 kNewNativeDiscountFactor: 2 kOldNativeDiscountFactor: 65536 old_native_bytes: 116598671 new_native_bytes: 13643668 add_bytes_allowed: 34514565 is_gc_concurrent: 1 target_footprint_: 24929983 GetBytesAllocated: 16540499 HeapGrowthMultiplier: 3
12-19 15:45:27.469  3346  3346 I com.miui.home: CheckGCForNative gc_urgency 0.555545 current_native_bytes is 130242339
12-19 15:45:27.517  3346  3346 I wm_on_resume_called: [0,106785096,com.miui.home.launcher.Launcher,RESUME_ACTIVITY,21]
12-19 15:45:27.532  3346  3346 I com.miui.home: CheckGCForNative adj_start_bytes: 42056193 NativeAllocationGcWatermark: 11504855 java_gc_start_bytes: 24798911 kNewNativeDiscountFactor: 2 kOldNativeDiscountFactor: 65536 old_native_bytes: 116598671 new_native_bytes: 13759200 add_bytes_allowed: 34514565 is_gc_concurrent: 1 target_footprint_: 24929983 GetBytesAllocated: 16745814 HeapGrowthMultiplier: 3
12-19 15:45:27.532  3346  3346 I com.miui.home: CheckGCForNative gc_urgency 0.561801 current_native_bytes is 130357871
12-19 15:45:27.535  3346  3346 I wm_on_idle_called: com.miui.home.launcher.Launcher
12-19 15:45:27.644  3346  3836 I com.miui.home: CheckGCForNative adj_start_bytes: 42056193 NativeAllocationGcWatermark: 11504855 java_gc_start_bytes: 24798911 kNewNativeDiscountFactor: 2 kOldNativeDiscountFactor: 65536 old_native_bytes: 116598671 new_native_bytes: 24577212 add_bytes_allowed: 34514565 is_gc_concurrent: 1 target_footprint_: 24929983 GetBytesAllocated: 17512042 HeapGrowthMultiplier: 3
12-19 15:45:27.644  3346  3836 I com.miui.home: CheckGCForNative gc_urgency 0.708634 current_native_bytes is 141175883
12-19 15:45:27.645  3346  3836 I com.miui.home: CheckGCForNative adj_start_bytes: 42056193 NativeAllocationGcWatermark: 11504855 java_gc_start_bytes: 24798911 kNewNativeDiscountFactor: 2 kOldNativeDiscountFactor: 65536 old_native_bytes: 116598671 new_native_bytes: 35284156 add_bytes_allowed: 34514565 is_gc_concurrent: 1 target_footprint_: 24929983 GetBytesAllocated: 17516369 HeapGrowthMultiplier: 3
12-19 15:45:27.645  3346  3836 I com.miui.home: CheckGCForNative gc_urgency 0.83603 current_native_bytes is 151882827
12-19 15:45:27.647  3346  3386 I com.miui.home: CheckGCForNative adj_start_bytes: 42056193 NativeAllocationGcWatermark: 11504855 java_gc_start_bytes: 24798911 kNewNativeDiscountFactor: 2 kOldNativeDiscountFactor: 65536 old_native_bytes: 116598671 new_native_bytes: 35284156 add_bytes_allowed: 34514565 is_gc_concurrent: 1 target_footprint_: 24929983 GetBytesAllocated: 17622897 HeapGrowthMultiplier: 3
12-19 15:45:27.647  3346  3386 I com.miui.home: CheckGCForNative gc_urgency 0.838563 current_native_bytes is 151882827
12-19 15:45:27.886  3346  3755 I com.miui.home: CheckGCForNative adj_start_bytes: 42056193 NativeAllocationGcWatermark: 11504855 java_gc_start_bytes: 24798911 kNewNativeDiscountFactor: 2 kOldNativeDiscountFactor: 65536 old_native_bytes: 116598671 new_native_bytes: 24627228 add_bytes_allowed: 34514565 is_gc_concurrent: 1 target_footprint_: 24929983 GetBytesAllocated: 17769877 HeapGrowthMultiplier: 3
12-19 15:45:27.886  3346  3755 I com.miui.home: CheckGCForNative gc_urgency 0.715359 current_native_bytes is 141225899
12-19 15:45:27.914  3346  3346 I wm_on_top_resumed_gained_called: [106785096,com.miui.home.launcher.Launcher,topStateChangedWhenResumed]
12-19 15:45:27.959  8968  8968 I wm_on_create_called: [0,232907580,com.ss.android.ugc.aweme.splash.SplashActivity,performCreate,688]
12-19 15:45:28.128  3346  3753 I com.miui.home: CheckGCForNative adj_start_bytes: 42056193 NativeAllocationGcWatermark: 11504855 java_gc_start_bytes: 24798911 kNewNativeDiscountFactor: 2 kOldNativeDiscountFactor: 65536 old_native_bytes: 116598671 new_native_bytes: 35279900 add_bytes_allowed: 34514565 is_gc_concurrent: 1 target_footprint_: 24929983 GetBytesAllocated: 17871828 HeapGrowthMultiplier: 3
12-19 15:45:28.128  3346  3753 I com.miui.home: CheckGCForNative gc_urgency 0.844431 current_native_bytes is 151878571
12-19 15:45:28.129  3346  3753 I com.miui.home: CheckGCForNative adj_start_bytes: 42056193 NativeAllocationGcWatermark: 11504855 java_gc_start_bytes: 24798911 kNewNativeDiscountFactor: 2 kOldNativeDiscountFactor: 65536 old_native_bytes: 116598671 new_native_bytes: 45987164 add_bytes_allowed: 34514565 is_gc_concurrent: 1 target_footprint_: 24929983 GetBytesAllocated: 17872020 HeapGrowthMultiplier: 3
12-19 15:45:28.129  3346  3753 I com.miui.home: CheckGCForNative gc_urgency 0.971733 current_native_bytes is 162585835
12-19 15:45:28.132  3346  3386 I com.miui.home: CheckGCForNative adj_start_bytes: 42056193 NativeAllocationGcWatermark: 11504855 java_gc_start_bytes: 24798911 kNewNativeDiscountFactor: 2 kOldNativeDiscountFactor: 65536 old_native_bytes: 116598671 new_native_bytes: 45987164 add_bytes_allowed: 34514565 is_gc_concurrent: 1 target_footprint_: 24929983 GetBytesAllocated: 17872020 HeapGrowthMultiplier: 3
12-19 15:45:28.132  3346  3386 I com.miui.home: CheckGCForNative gc_urgency 0.971733 current_native_bytes is 162585835
12-19 15:45:28.293  3346  3346 I wm_on_top_resumed_lost_called: [106785096,com.miui.home.launcher.Launcher,topStateChangedWhenResumed]
12-19 15:45:28.515  8968  8968 I wm_on_start_called: [0,232907580,com.ss.android.ugc.aweme.splash.SplashActivity,handleStartActivity,543]
12-19 15:45:28.606  8968  8968 I wm_on_resume_called: [0,232907580,com.ss.android.ugc.aweme.splash.SplashActivity,RESUME_ACTIVITY,83]
12-19 15:45:28.650  3346  3346 I wm_on_paused_called: [0,106785096,com.miui.home.launcher.Launcher,performPause,3]
12-19 15:45:28.935  3346  3398 I com.miui.home: CheckGCForNative adj_start_bytes: 42056193 NativeAllocationGcWatermark: 11504855 java_gc_start_bytes: 24798911 kNewNativeDiscountFactor: 2 kOldNativeDiscountFactor: 65536 old_native_bytes: 116598671 new_native_bytes: 35463356 add_bytes_allowed: 34514565 is_gc_concurrent: 1 target_footprint_: 24929983 GetBytesAllocated: 18507463 HeapGrowthMultiplier: 3
12-19 15:45:28.935  3346  3398 I com.miui.home: CheckGCForNative gc_urgency 0.861726 current_native_bytes is 152062027
12-19 15:45:28.964  3346  3755 I com.miui.home: CheckGCForNative adj_start_bytes: 42056193 NativeAllocationGcWatermark: 11504855 java_gc_start_bytes: 24798911 kNewNativeDiscountFactor: 2 kOldNativeDiscountFactor: 65536 old_native_bytes: 116598671 new_native_bytes: 35694076 add_bytes_allowed: 34514565 is_gc_concurrent: 1 target_footprint_: 24929983 GetBytesAllocated: 18577718 HeapGrowthMultiplier: 3
12-19 15:45:28.964  3346  3755 I com.miui.home: CheckGCForNative gc_urgency 0.86614 current_native_bytes is 152292747
12-19 15:45:29.185  3346  3755 I com.miui.home: CheckGCForNative adj_start_bytes: 42056193 NativeAllocationGcWatermark: 11504855 java_gc_start_bytes: 24798911 kNewNativeDiscountFactor: 2 kOldNativeDiscountFactor: 65536 old_native_bytes: 116598671 new_native_bytes: 36141928 add_bytes_allowed: 34514565 is_gc_concurrent: 1 target_footprint_: 24929983 GetBytesAllocated: 19211280 HeapGrowthMultiplier: 3
12-19 15:45:29.185  3346  3755 I com.miui.home: CheckGCForNative gc_urgency 0.886529 current_native_bytes is 152740599
12-19 15:45:29.195  3346  3970 I com.miui.home: CheckGCForNative adj_start_bytes: 42056193 NativeAllocationGcWatermark: 11504855 java_gc_start_bytes: 24798911 kNewNativeDiscountFactor: 2 kOldNativeDiscountFactor: 65536 old_native_bytes: 116598671 new_native_bytes: 46848424 add_bytes_allowed: 34514565 is_gc_concurrent: 1 target_footprint_: 24929983 GetBytesAllocated: 19254333 HeapGrowthMultiplier: 3
12-19 15:45:29.195  3346  3970 I com.miui.home: CheckGCForNative gc_urgency 1.01484 current_native_bytes is 163447095
12-19 15:45:29.195  3346  3970 I com.miui.home: CheckGCForNative requested 1
12-19 15:45:29.732  9233  9233 I wm_on_create_called: [0,70130380,com.eg.android.AlipayGphone.AlipayLogin,performCreate,127]
12-19 15:45:29.737  9233  9233 I wm_on_start_called: [0,70130380,com.eg.android.AlipayGphone.AlipayLogin,handleStartActivity,5]
12-19 15:45:29.743  9233  9233 I wm_on_resume_called: [0,70130380,com.eg.android.AlipayGphone.AlipayLogin,RESUME_ACTIVITY,5]
12-19 15:45:29.771  9233  9233 I wm_on_top_resumed_gained_called: [70130380,com.eg.android.AlipayGphone.AlipayLogin,topStateChangedWhenResumed]
12-19 15:45:30.209  3346  3346 I wm_on_resume_called: [0,106785096,com.miui.home.launcher.Launcher,RESUME_ACTIVITY,24]
12-19 15:45:30.226  3346  3346 I com.miui.home: CheckGCForNative gc_urgency 0 current_native_bytes is 119040587
12-19 15:45:30.230  3346  3346 I wm_on_idle_called: com.miui.home.launcher.Launcher
12-19 15:45:30.342  3346  3398 I com.miui.home: CheckGCForNative adj_start_bytes: 42480661 NativeAllocationGcWatermark: 11549536 java_gc_start_bytes: 25156357 kNewNativeDiscountFactor: 2 kOldNativeDiscountFactor: 65536 old_native_bytes: 119040587 new_native_bytes: 129700 add_bytes_allowed: 34648608 is_gc_concurrent: 1 target_footprint_: 25287429 GetBytesAllocated: 14186825 HeapGrowthMultiplier: 3
12-19 15:45:30.342  3346  3398 I com.miui.home: CheckGCForNative gc_urgency 0.335529 current_native_bytes is 119170287
12-19 15:45:30.406  3346  3398 I com.miui.home: CheckGCForNative adj_start_bytes: 42480661 NativeAllocationGcWatermark: 11549536 java_gc_start_bytes: 25156357 kNewNativeDiscountFactor: 2 kOldNativeDiscountFactor: 65536 old_native_bytes: 119040587 new_native_bytes: 10836772 add_bytes_allowed: 34648608 is_gc_concurrent: 1 target_footprint_: 25287429 GetBytesAllocated: 14222807 HeapGrowthMultiplier: 3
12-19 15:45:30.406  3346  3398 I com.miui.home: CheckGCForNative gc_urgency 0.462399 current_native_bytes is 129877359
12-19 15:45:30.407  3346  3398 I com.miui.home: CheckGCForNative adj_start_bytes: 42480661 NativeAllocationGcWatermark: 11549536 java_gc_start_bytes: 25156357 kNewNativeDiscountFactor: 2 kOldNativeDiscountFactor: 65536 old_native_bytes: 119040587 new_native_bytes: 21544740 add_bytes_allowed: 34648608 is_gc_concurrent: 1 target_footprint_: 25287429 GetBytesAllocated: 14222999 HeapGrowthMultiplier: 3
12-19 15:45:30.407  3346  3398 I com.miui.home: CheckGCForNative gc_urgency 0.588437 current_native_bytes is 140585327
12-19 15:45:30.407  3346  5984 I com.miui.home: CheckGCForNative adj_start_bytes: 42480661 NativeAllocationGcWatermark: 11549536 java_gc_start_bytes: 25156357 kNewNativeDiscountFactor: 2 kOldNativeDiscountFactor: 65536 old_native_bytes: 119040587 new_native_bytes: 32250660 add_bytes_allowed: 34648608 is_gc_concurrent: 1 target_footprint_: 25287429 GetBytesAllocated: 14222999 HeapGrowthMultiplier: 3
12-19 15:45:30.407  3346  5984 I com.miui.home: CheckGCForNative gc_urgency 0.714446 current_native_bytes is 151291247
12-19 15:45:30.616  3346  3346 I wm_on_top_resumed_gained_called: [106785096,com.miui.home.launcher.Launcher,topStateChangedWhenResumed]
12-19 15:45:30.703  3346  3755 I com.miui.home: CheckGCForNative adj_start_bytes: 42480661 NativeAllocationGcWatermark: 11549536 java_gc_start_bytes: 25156357 kNewNativeDiscountFactor: 2 kOldNativeDiscountFactor: 65536 old_native_bytes: 119040587 new_native_bytes: 10883060 add_bytes_allowed: 34648608 is_gc_concurrent: 1 target_footprint_: 25287429 GetBytesAllocated: 14373715 HeapGrowthMultiplier: 3
12-19 15:45:30.703  3346  3755 I com.miui.home: CheckGCForNative gc_urgency 0.466496 current_native_bytes is 129923647
12-19 15:45:30.898  3346  3753 I com.miui.home: CheckGCForNative adj_start_bytes: 42480661 NativeAllocationGcWatermark: 11549536 java_gc_start_bytes: 25156357 kNewNativeDiscountFactor: 2 kOldNativeDiscountFactor: 65536 old_native_bytes: 119040587 new_native_bytes: 21555748 add_bytes_allowed: 34648608 is_gc_concurrent: 1 target_footprint_: 25287429 GetBytesAllocated: 14472513 HeapGrowthMultiplier: 3
12-19 15:45:30.898  3346  3753 I com.miui.home: CheckGCForNative gc_urgency 0.59444 current_native_bytes is 140596335
12-19 15:45:30.903  3346  5984 I com.miui.home: CheckGCForNative adj_start_bytes: 42480661 NativeAllocationGcWatermark: 11549536 java_gc_start_bytes: 25156357 kNewNativeDiscountFactor: 2 kOldNativeDiscountFactor: 65536 old_native_bytes: 119040587 new_native_bytes: 32261988 add_bytes_allowed: 34648608 is_gc_concurrent: 1 target_footprint_: 25287429 GetBytesAllocated: 14472721 HeapGrowthMultiplier: 3
12-19 15:45:30.904  3346  5984 I com.miui.home: CheckGCForNative gc_urgency 0.720458 current_native_bytes is 151302575
12-19 15:45:30.904  3346  3753 I com.miui.home: CheckGCForNative adj_start_bytes: 42480661 NativeAllocationGcWatermark: 11549536 java_gc_start_bytes: 25156357 kNewNativeDiscountFactor: 2 kOldNativeDiscountFactor: 65536 old_native_bytes: 119040587 new_native_bytes: 42968932 add_bytes_allowed: 34648608 is_gc_concurrent: 1 target_footprint_: 25287429 GetBytesAllocated: 14472721 HeapGrowthMultiplier: 3
12-19 15:45:30.904  3346  3753 I com.miui.home: CheckGCForNative gc_urgency 0.846484 current_native_bytes is 162009519
12-19 15:45:31.058  8968  8968 I wm_on_top_resumed_gained_called: [232907580,com.ss.android.ugc.aweme.splash.SplashActivity,topStateChangedWhenResumed]
12-19 15:45:31.108  8968  8968 I wm_on_top_resumed_lost_called: [232907580,com.ss.android.ugc.aweme.splash.SplashActivity,topStateChangedWhenResumed]
12-19 15:45:31.143  3346  3346 I wm_on_top_resumed_lost_called: [106785096,com.miui.home.launcher.Launcher,topStateChangedWhenResumed]
12-19 15:45:31.389  8968  8968 I wm_on_paused_called: [0,232907580,com.ss.android.ugc.aweme.splash.SplashActivity,performPause,225]
12-19 15:45:31.424  3346  3346 I wm_on_paused_called: [0,106785096,com.miui.home.launcher.Launcher,performPause,4]
12-19 15:45:31.696  3346  3398 I com.miui.home: CheckGCForNative adj_start_bytes: 42480661 NativeAllocationGcWatermark: 11549536 java_gc_start_bytes: 25156357 kNewNativeDiscountFactor: 2 kOldNativeDiscountFactor: 65536 old_native_bytes: 119040587 new_native_bytes: 21654204 add_bytes_allowed: 34648608 is_gc_concurrent: 1 target_footprint_: 25287429 GetBytesAllocated: 15277228 HeapGrowthMultiplier: 3
12-19 15:45:31.697  3346  3398 I com.miui.home: CheckGCForNative gc_urgency 0.614542 current_native_bytes is 140694791
12-19 15:45:31.763  3346  8069 I com.miui.home: CheckGCForNative adj_start_bytes: 42480661 NativeAllocationGcWatermark: 11549536 java_gc_start_bytes: 25156357 kNewNativeDiscountFactor: 2 kOldNativeDiscountFactor: 65536 old_native_bytes: 119040587 new_native_bytes: 21677796 add_bytes_allowed: 34648608 is_gc_concurrent: 1 target_footprint_: 25287429 GetBytesAllocated: 15367729 HeapGrowthMultiplier: 3
12-19 15:45:31.763  3346  8069 I com.miui.home: CheckGCForNative gc_urgency 0.61695 current_native_bytes is 140718383
12-19 15:45:31.833  9534  9534 I wm_on_application_create_called: [0,com.eg.android.AlipayGphone,652]
12-19 15:45:32.059  3346  3755 I com.miui.home: CheckGCForNative adj_start_bytes: 42480661 NativeAllocationGcWatermark: 11549536 java_gc_start_bytes: 25156357 kNewNativeDiscountFactor: 2 kOldNativeDiscountFactor: 65536 old_native_bytes: 119040587 new_native_bytes: 22435624 add_bytes_allowed: 34648608 is_gc_concurrent: 1 target_footprint_: 25287429 GetBytesAllocated: 15620196 HeapGrowthMultiplier: 3
12-19 15:45:32.059  3346  3755 I com.miui.home: CheckGCForNative gc_urgency 0.631813 current_native_bytes is 141476211
12-19 15:45:32.085  8968  8968 I wm_on_stop_called: [0,232907580,com.ss.android.ugc.aweme.splash.SplashActivity,STOP_ACTIVITY_ITEM,624]
12-19 15:45:32.451  9805  9805 I wm_on_create_called: [0,70035894,com.xunmeng.pinduoduo.ui.activity.MainFrameActivity,performCreate,312]
12-19 15:45:32.763  3346  3701 I com.miui.home: CheckGCForNative adj_start_bytes: 42480661 NativeAllocationGcWatermark: 11549536 java_gc_start_bytes: 25156357 kNewNativeDiscountFactor: 2 kOldNativeDiscountFactor: 65536 old_native_bytes: 119040587 new_native_bytes: 33494136 add_bytes_allowed: 34648608 is_gc_concurrent: 1 target_footprint_: 25287429 GetBytesAllocated: 16243061 HeapGrowthMultiplier: 3
12-19 15:45:32.763  3346  3701 I com.miui.home: CheckGCForNative gc_urgency 0.776634 current_native_bytes is 152534723
12-19 15:45:32.836  9805  9805 I wm_on_create_called: [0,39959136,com.xunmeng.pinduoduo.ui.activity.HomeActivity,performCreate,111]
12-19 15:45:32.850  3346  3701 I com.miui.home: CheckGCForNative adj_start_bytes: 42480661 NativeAllocationGcWatermark: 11549536 java_gc_start_bytes: 25156357 kNewNativeDiscountFactor: 2 kOldNativeDiscountFactor: 65536 old_native_bytes: 119040587 new_native_bytes: 48142268 add_bytes_allowed: 34648608 is_gc_concurrent: 1 target_footprint_: 25287429 GetBytesAllocated: 16410636 HeapGrowthMultiplier: 3
12-19 15:45:32.850  3346  3701 I com.miui.home: CheckGCForNative gc_urgency 0.953209 current_native_bytes is 167182855
12-19 15:45:32.850  3346  3701 I com.miui.home: CheckGCForNative adj_start_bytes: 42480661 NativeAllocationGcWatermark: 11549536 java_gc_start_bytes: 25156357 kNewNativeDiscountFactor: 2 kOldNativeDiscountFactor: 65536 old_native_bytes: 119040587 new_native_bytes: 36345980 add_bytes_allowed: 34648608 is_gc_concurrent: 1 target_footprint_: 25287429 GetBytesAllocated: 16420018 HeapGrowthMultiplier: 3
12-19 15:45:32.851  3346  3701 I com.miui.home: CheckGCForNative gc_urgency 0.814366 current_native_bytes is 155386567
12-19 15:45:32.881  3346  3701 I com.miui.home: CheckGCForNative adj_start_bytes: 42480661 NativeAllocationGcWatermark: 11549536 java_gc_start_bytes: 25156357 kNewNativeDiscountFactor: 2 kOldNativeDiscountFactor: 65536 old_native_bytes: 119040587 new_native_bytes: 37260540 add_bytes_allowed: 34648608 is_gc_concurrent: 1 target_footprint_: 25287429 GetBytesAllocated: 16540412 HeapGrowthMultiplier: 3
12-19 15:45:32.881  3346  3701 I com.miui.home: CheckGCForNative gc_urgency 0.827965 current_native_bytes is 156301127
12-19 15:45:32.932  9805  9805 I wm_on_start_called: [0,39959136,com.xunmeng.pinduoduo.ui.activity.HomeActivity,handleStartActivity,95]
12-19 15:45:32.970  9805  9805 I wm_on_resume_called: [0,39959136,com.xunmeng.pinduoduo.ui.activity.HomeActivity,RESUME_ACTIVITY,21]
12-19 15:45:33.018  3346  3970 I com.miui.home: CheckGCForNative adj_start_bytes: 42480661 NativeAllocationGcWatermark: 11549536 java_gc_start_bytes: 25156357 kNewNativeDiscountFactor: 2 kOldNativeDiscountFactor: 65536 old_native_bytes: 119040587 new_native_bytes: 37577660 add_bytes_allowed: 34648608 is_gc_concurrent: 1 target_footprint_: 25287429 GetBytesAllocated: 16822149 HeapGrowthMultiplier: 3
12-19 15:45:33.018  3346  3970 I com.miui.home: CheckGCForNative gc_urgency 0.83833 current_native_bytes is 156618247
12-19 15:45:33.154  3346  3346 I com.miui.home: CheckGCForNative adj_start_bytes: 42480661 NativeAllocationGcWatermark: 11549536 java_gc_start_bytes: 25156357 kNewNativeDiscountFactor: 2 kOldNativeDiscountFactor: 65536 old_native_bytes: 119040587 new_native_bytes: 37796104 add_bytes_allowed: 34648608 is_gc_concurrent: 1 target_footprint_: 25287429 GetBytesAllocated: 17313989 HeapGrowthMultiplier: 3
12-19 15:45:33.154  3346  3346 I com.miui.home: CheckGCForNative gc_urgency 0.852479 current_native_bytes is 156836691
12-19 15:45:33.252  9805  9805 I wm_on_top_resumed_gained_called: [39959136,com.xunmeng.pinduoduo.ui.activity.HomeActivity,topStateChangedWhenResumed]
12-19 15:45:33.264  3346  3346 I wm_on_resume_called: [0,106785096,com.miui.home.launcher.Launcher,RESUME_ACTIVITY,20]
12-19 15:45:33.278  9805  9805 I wm_on_top_resumed_lost_called: [39959136,com.xunmeng.pinduoduo.ui.activity.HomeActivity,topStateChangedWhenResumed]
12-19 15:45:33.286  3346  3346 I wm_on_idle_called: com.miui.home.launcher.Launcher
12-19 15:45:33.319  9739  9739 I wm_on_application_create_called: [0,com.xiaomi.market,495]
12-19 15:45:33.400  3346  3701 I com.miui.home: CheckGCForNative adj_start_bytes: 42480661 NativeAllocationGcWatermark: 11549536 java_gc_start_bytes: 25156357 kNewNativeDiscountFactor: 2 kOldNativeDiscountFactor: 65536 old_native_bytes: 119040587 new_native_bytes: 39583856 add_bytes_allowed: 34648608 is_gc_concurrent: 1 target_footprint_: 25287429 GetBytesAllocated: 18334279 HeapGrowthMultiplier: 3
12-19 15:45:33.400  3346  3701 I com.miui.home: CheckGCForNative gc_urgency 0.897538 current_native_bytes is 158624443
12-19 15:45:33.400  3346  3701 I com.miui.home: CheckGCForNative adj_start_bytes: 42480661 NativeAllocationGcWatermark: 11549536 java_gc_start_bytes: 25156357 kNewNativeDiscountFactor: 2 kOldNativeDiscountFactor: 65536 old_native_bytes: 119040587 new_native_bytes: 41035256 add_bytes_allowed: 34648608 is_gc_concurrent: 1 target_footprint_: 25287429 GetBytesAllocated: 18334279 HeapGrowthMultiplier: 3
12-19 15:45:33.400  3346  3701 I com.miui.home: CheckGCForNative gc_urgency 0.914621 current_native_bytes is 160075843
12-19 15:45:33.442  3346  3701 I com.miui.home: CheckGCForNative adj_start_bytes: 42480661 NativeAllocationGcWatermark: 11549536 java_gc_start_bytes: 25156357 kNewNativeDiscountFactor: 2 kOldNativeDiscountFactor: 65536 old_native_bytes: 119040587 new_native_bytes: 52050424 add_bytes_allowed: 34648608 is_gc_concurrent: 1 target_footprint_: 25287429 GetBytesAllocated: 18334327 HeapGrowthMultiplier: 3
12-19 15:45:33.442  3346  3701 I com.miui.home: CheckGCForNative gc_urgency 1.04427 current_native_bytes is 171091011
12-19 15:45:33.442  3346  3701 I com.miui.home: CheckGCForNative requested 1
12-19 15:45:33.660  3346  3346 I wm_on_top_resumed_gained_called: [106785096,com.miui.home.launcher.Launcher,topStateChangedWhenResumed]
12-19 15:45:33.913  3346  3840 I com.miui.home: CheckGCForNative gc_urgency 0 current_native_bytes is 155347307
12-19 15:45:33.914  3346  3840 I com.miui.home: CheckGCForNative adj_start_bytes: 42427357 NativeAllocationGcWatermark: 11543925 java_gc_start_bytes: 25111470 kNewNativeDiscountFactor: 2 kOldNativeDiscountFactor: 65536 old_native_bytes: 155347307 new_native_bytes: 10707136 add_bytes_allowed: 34631775 is_gc_concurrent: 1 target_footprint_: 25242542 GetBytesAllocated: 12849273 HeapGrowthMultiplier: 3
12-19 15:45:33.914  3346  3840 I com.miui.home: CheckGCForNative gc_urgency 0.429091 current_native_bytes is 166054443
12-19 15:45:33.915  3346  3346 I wm_on_top_resumed_lost_called: [106785096,com.miui.home.launcher.Launcher,topStateChangedWhenResumed]
12-19 15:45:33.942  3346  3346 I wm_on_paused_called: [0,106785096,com.miui.home.launcher.Launcher,performPause,4]
12-19 15:45:33.958  3346  8447 I com.miui.home: CheckGCForNative adj_start_bytes: 42427357 NativeAllocationGcWatermark: 11543925 java_gc_start_bytes: 25111470 kNewNativeDiscountFactor: 2 kOldNativeDiscountFactor: 65536 old_native_bytes: 155347307 new_native_bytes: 10709952 add_bytes_allowed: 34631775 is_gc_concurrent: 1 target_footprint_: 25242542 GetBytesAllocated: 12898425 HeapGrowthMultiplier: 3
12-19 15:45:33.958  3346  8447 I com.miui.home: CheckGCForNative gc_urgency 0.430283 current_native_bytes is 166057259
12-19 15:45:33.962  3346  3753 I com.miui.home: CheckGCForNative adj_start_bytes: 42427357 NativeAllocationGcWatermark: 11543925 java_gc_start_bytes: 25111470 kNewNativeDiscountFactor: 2 kOldNativeDiscountFactor: 65536 old_native_bytes: 155347307 new_native_bytes: 21307968 add_bytes_allowed: 34631775 is_gc_concurrent: 1 target_footprint_: 25242542 GetBytesAllocated: 12898617 HeapGrowthMultiplier: 3
12-19 15:45:33.962  3346  3753 I com.miui.home: CheckGCForNative gc_urgency 0.555184 current_native_bytes is 176655275
12-19 15:45:33.963  3346  3753 I com.miui.home: CheckGCForNative adj_start_bytes: 42427357 NativeAllocationGcWatermark: 11543925 java_gc_start_bytes: 25111470 kNewNativeDiscountFactor: 2 kOldNativeDiscountFactor: 65536 old_native_bytes: 155347307 new_native_bytes: 32015104 add_bytes_allowed: 34631775 is_gc_concurrent: 1 target_footprint_: 25242542 GetBytesAllocated: 12898809 HeapGrowthMultiplier: 3
12-19 15:45:33.963  3346  3753 I com.miui.home: CheckGCForNative gc_urgency 0.68137 current_native_bytes is 187362411
12-19 15:45:33.991  3346  3346 I com.miui.home: CheckGCForNative adj_start_bytes: 42427357 NativeAllocationGcWatermark: 11543925 java_gc_start_bytes: 25111470 kNewNativeDiscountFactor: 2 kOldNativeDiscountFactor: 65536 old_native_bytes: 155347307 new_native_bytes: 32008448 add_bytes_allowed: 34631775 is_gc_concurrent: 1 target_footprint_: 25242542 GetBytesAllocated: 12898905 HeapGrowthMultiplier: 3
12-19 15:45:33.991  3346  3346 I com.miui.home: CheckGCForNative gc_urgency 0.681294 current_native_bytes is 187355755
12-19 15:45:34.302  3346  3840 I com.miui.home: CheckGCForNative adj_start_bytes: 42427357 NativeAllocationGcWatermark: 11543925 java_gc_start_bytes: 25111470 kNewNativeDiscountFactor: 2 kOldNativeDiscountFactor: 65536 old_native_bytes: 155347307 new_native_bytes: 32011584 add_bytes_allowed: 34631775 is_gc_concurrent: 1 target_footprint_: 25242542 GetBytesAllocated: 13030477 HeapGrowthMultiplier: 3
12-19 15:45:34.302  3346  3840 I com.miui.home: CheckGCForNative gc_urgency 0.684432 current_native_bytes is 187358891
12-19 15:45:34.304  3346  3346 I com.miui.home: CheckGCForNative adj_start_bytes: 42427357 NativeAllocationGcWatermark: 11543925 java_gc_start_bytes: 25111470 kNewNativeDiscountFactor: 2 kOldNativeDiscountFactor: 65536 old_native_bytes: 155347307 new_native_bytes: 42718528 add_bytes_allowed: 34631775 is_gc_concurrent: 1 target_footprint_: 25242542 GetBytesAllocated: 13044101 HeapGrowthMultiplier: 3
12-19 15:45:34.304  3346  3346 I com.miui.home: CheckGCForNative gc_urgency 0.810933 current_native_bytes is 198065835
12-19 15:45:34.353  3346  3346 I wm_on_stop_called: [0,106785096,com.miui.home.launcher.Launcher,STOP_ACTIVITY_ITEM,14]
12-19 15:45:34.617  9805  9805 I wm_on_top_resumed_gained_called: [39959136,com.xunmeng.pinduoduo.ui.activity.HomeActivity,topStateChangedWhenResumed]
12-19 15:45:34.622  3346  3346 I wm_on_restart_called: [0,106785096,com.miui.home.launcher.Launcher,,0]
12-19 15:45:34.625  3346  3346 I wm_on_start_called: [0,106785096,com.miui.home.launcher.Launcher,handleStartActivity,2]
12-19 15:45:34.647  3346  3346 I wm_on_resume_called: [0,106785096,com.miui.home.launcher.Launcher,RESUME_ACTIVITY,20]
12-19 15:45:34.693  9805  9805 I wm_on_destroy_called: [0,70035894,com.xunmeng.pinduoduo.ui.activity.MainFrameActivity,performDestroy,1]
12-19 15:45:34.696  9805  9805 I wm_on_top_resumed_lost_called: [39959136,com.xunmeng.pinduoduo.ui.activity.HomeActivity,topStateChangedWhenResumed]
12-19 15:45:34.840  3346  3346 I wm_on_top_resumed_gained_called: [106785096,com.miui.home.launcher.Launcher,topStateChangedWhenResumed]
12-19 15:45:34.841  3346  3346 I wm_on_idle_called: com.miui.home.launcher.Launcher
12-19 15:45:34.848  3346  3970 I com.miui.home: CheckGCForNative gc_urgency 0 current_native_bytes is 133606599
12-19 15:45:34.851  3346  3970 I com.miui.home: CheckGCForNative adj_start_bytes: 45148786 NativeAllocationGcWatermark: 11871783 java_gc_start_bytes: 27341112 kNewNativeDiscountFactor: 2 kOldNativeDiscountFactor: 65536 old_native_bytes: 133606599 new_native_bytes: 10706944 add_bytes_allowed: 35615349 is_gc_concurrent: 1 target_footprint_: 27865400 GetBytesAllocated: 13998157 HeapGrowthMultiplier: 3
12-19 15:45:34.851  3346  3970 I com.miui.home: CheckGCForNative gc_urgency 0.428664 current_native_bytes is 144313543
12-19 15:45:35.062  3346  8447 I com.miui.home: CheckGCForNative adj_start_bytes: 45148786 NativeAllocationGcWatermark: 11871783 java_gc_start_bytes: 27341112 kNewNativeDiscountFactor: 2 kOldNativeDiscountFactor: 65536 old_native_bytes: 133606599 new_native_bytes: 10732968 add_bytes_allowed: 35615349 is_gc_concurrent: 1 target_footprint_: 27865400 GetBytesAllocated: 14054937 HeapGrowthMultiplier: 3
12-19 15:45:35.062  3346  8447 I com.miui.home: CheckGCForNative gc_urgency 0.43021 current_native_bytes is 144339567
12-19 15:45:35.067  3346  8447 I com.miui.home: CheckGCForNative adj_start_bytes: 45148786 NativeAllocationGcWatermark: 11871783 java_gc_start_bytes: 27341112 kNewNativeDiscountFactor: 2 kOldNativeDiscountFactor: 65536 old_native_bytes: 133606599 new_native_bytes: 21439912 add_bytes_allowed: 35615349 is_gc_concurrent: 1 target_footprint_: 27865400 GetBytesAllocated: 14060362 HeapGrowthMultiplier: 3
12-19 15:45:35.067  3346  8447 I com.miui.home: CheckGCForNative gc_urgency 0.548904 current_native_bytes is 155046511
12-19 15:45:35.073  3346  3755 I com.miui.home: CheckGCForNative adj_start_bytes: 45148786 NativeAllocationGcWatermark: 11871783 java_gc_start_bytes: 27341112 kNewNativeDiscountFactor: 2 kOldNativeDiscountFactor: 65536 old_native_bytes: 133606599 new_native_bytes: 10733992 add_bytes_allowed: 35615349 is_gc_concurrent: 1 target_footprint_: 27865400 GetBytesAllocated: 14076746 HeapGrowthMultiplier: 3
12-19 15:45:35.074  3346  3755 I com.miui.home: CheckGCForNative gc_urgency 0.430704 current_native_bytes is 144340591
12-19 15:45:35.170  3346  3755 I com.miui.home: CheckGCForNative adj_start_bytes: 45148786 NativeAllocationGcWatermark: 11871783 java_gc_start_bytes: 27341112 kNewNativeDiscountFactor: 2 kOldNativeDiscountFactor: 65536 old_native_bytes: 133606599 new_native_bytes: 10805832 add_bytes_allowed: 35615349 is_gc_concurrent: 1 target_footprint_: 27865400 GetBytesAllocated: 14132064 HeapGrowthMultiplier: 3
12-19 15:45:35.170  3346  3755 I com.miui.home: CheckGCForNative gc_urgency 0.432725 current_native_bytes is 144412431
12-19 15:45:35.392  3346  3755 I com.miui.home: CheckGCForNative adj_start_bytes: 45148786 NativeAllocationGcWatermark: 11871783 java_gc_start_bytes: 27341112 kNewNativeDiscountFactor: 2 kOldNativeDiscountFactor: 65536 old_native_bytes: 133606599 new_native_bytes: 10778472 add_bytes_allowed: 35615349 is_gc_concurrent: 1 target_footprint_: 27865400 GetBytesAllocated: 14231805 HeapGrowthMultiplier: 3
12-19 15:45:35.392  3346  3755 I com.miui.home: CheckGCForNative gc_urgency 0.434631 current_native_bytes is 144385071
