12-21 17:30:38.582  3305 12150 I com.miui.home: CheckGCForNative gc_urgency 0.29037 current_native_bytes is 130372083
12-21 17:30:38.750  3305  8066 I com.miui.home: CheckGCForNative adj_start_bytes: 33382896 NativeAllocationGcWatermark: 10599120 java_gc_start_bytes: 17484216 kNewNativeDiscountFactor: 2 kOldNativeDiscountFactor: 65536 old_native_bytes: 130167659 new_native_bytes: 258128 add_bytes_allowed: 31797360 is_gc_concurrent: 1 target_footprint_: 17684102 GetBytesAllocated: 10149624 HeapGrowthMultiplier: 3
12-21 17:30:38.750  3305  8066 I com.miui.home: CheckGCForNative gc_urgency 0.307962 current_native_bytes is 130425787
12-21 17:30:38.772  3305 14786 D cccccc  : onTaskStackChangedBackground
12-21 17:30:38.774  3305  3351 D cccccc  : onTaskStackChangedBackground
12-21 17:30:38.875  3305  3573 E cccccc  : createTaskSnapshot:
12-21 17:30:38.876  3305  3573 I cccccc  : getTaskSnapshotInstance:
12-21 17:30:38.928  3305  3573 E cccccc  : createTaskSnapshot:
12-21 17:30:38.928  3305  3573 I cccccc  : getTaskSnapshotInstance:
12-21 17:30:38.947  3305  3573 I com.miui.home: CheckGCForNative adj_start_bytes: 33382896 NativeAllocationGcWatermark: 10599120 java_gc_start_bytes: 17484216 kNewNativeDiscountFactor: 2 kOldNativeDiscountFactor: 65536 old_native_bytes: 130167659 new_native_bytes: 11861356 add_bytes_allowed: 31797360 is_gc_concurrent: 1 target_footprint_: 17684102 GetBytesAllocated: 10621125 HeapGrowthMultiplier: 3
12-21 17:30:38.947  3305  3573 I com.miui.home: CheckGCForNative gc_urgency 0.495876 current_native_bytes is 142029015
12-21 17:30:39.017  3305  3594 I com.miui.home: CheckGCForNative adj_start_bytes: 33382896 NativeAllocationGcWatermark: 10599120 java_gc_start_bytes: 17484216 kNewNativeDiscountFactor: 2 kOldNativeDiscountFactor: 65536 old_native_bytes: 130167659 new_native_bytes: 1165452 add_bytes_allowed: 31797360 is_gc_concurrent: 1 target_footprint_: 17684102 GetBytesAllocated: 10705073 HeapGrowthMultiplier: 3
12-21 17:30:39.017  3305  3594 I com.miui.home: CheckGCForNative gc_urgency 0.338191 current_native_bytes is 131333111
12-21 17:30:39.051 14376 14376 I wm_on_paused_called: [0,76500376,com.youku.v2.HomePageEntry,performPause,257]
12-21 17:30:39.155  3305  3573 E cccccc  : createTaskSnapshot:
12-21 17:30:39.155  3305  3573 I cccccc  : getTaskSnapshotInstance:
12-21 17:30:39.184  3305  3594 I com.miui.home: CheckGCForNative adj_start_bytes: 33382896 NativeAllocationGcWatermark: 10599120 java_gc_start_bytes: 17484216 kNewNativeDiscountFactor: 2 kOldNativeDiscountFactor: 65536 old_native_bytes: 130167659 new_native_bytes: 1504640 add_bytes_allowed: 31797360 is_gc_concurrent: 1 target_footprint_: 17684102 GetBytesAllocated: 11347674 HeapGrowthMultiplier: 3
12-21 17:30:39.184  3305  3594 I com.miui.home: CheckGCForNative gc_urgency 0.36252 current_native_bytes is 131672299
12-21 17:30:39.532 14919 14919 I wm_on_create_called: [0,12117560,com.ucpro.MainActivity,performCreate,57]
12-21 17:30:39.599 14376 14376 I wm_on_stop_called: [0,76500376,com.youku.v2.HomePageEntry,STOP_ACTIVITY_ITEM,64]
12-21 17:30:39.705  3305  3998 D cccccc  : onTaskStackChangedBackground
12-21 17:30:39.706  3305  3998 D cccccc  : onTaskStackChangedBackground
12-21 17:30:39.861  3305  3573 I com.miui.home: CheckGCForNative adj_start_bytes: 33382896 NativeAllocationGcWatermark: 10599120 java_gc_start_bytes: 17484216 kNewNativeDiscountFactor: 2 kOldNativeDiscountFactor: 65536 old_native_bytes: 130167659 new_native_bytes: 1433408 add_bytes_allowed: 31797360 is_gc_concurrent: 1 target_footprint_: 17684102 GetBytesAllocated: 11987185 HeapGrowthMultiplier: 3
12-21 17:30:39.861  3305  3573 I com.miui.home: CheckGCForNative gc_urgency 0.38061 current_native_bytes is 131601067
12-21 17:30:39.872  3305  3573 E cccccc  : createTaskSnapshot:
12-21 17:30:39.872  3305  3573 I cccccc  : getTaskSnapshotInstance:
12-21 17:30:39.974  3305  3573 E cccccc  : createTaskSnapshot:
12-21 17:30:39.974  3305  3573 I cccccc  : getTaskSnapshotInstance:
12-21 17:30:40.123 14376 14376 I wm_on_idle_called: com.youku.v2.HomePageEntry
12-21 17:30:40.151  3305  3305 I wm_on_stop_called: [0,206494651,com.miui.home.launcher.Launcher,STOP_ACTIVITY_ITEM,17]
12-21 17:30:40.208 14919 14919 I wm_on_create_called: [0,161029629,com.ucpro.BrowserActivity,performCreate,580]
12-21 17:30:40.211 14919 14919 I wm_on_start_called: [0,161029629,com.ucpro.BrowserActivity,handleStartActivity,3]
12-21 17:30:40.228 14919 14919 I wm_on_resume_called: [0,161029629,com.ucpro.BrowserActivity,RESUME_ACTIVITY,14]
12-21 17:30:40.267 14919 14919 I wm_on_top_resumed_gained_called: [161029629,com.ucpro.BrowserActivity,topStateChangedWhenResumed]
12-21 17:30:40.290 14919 14919 I wm_on_destroy_called: [0,12117560,com.ucpro.MainActivity,performDestroy,0]
12-21 17:30:40.424  3305  3305 I wm_on_restart_called: [0,206494651,com.miui.home.launcher.Launcher,,0]
12-21 17:30:40.426  3305  3305 I wm_on_start_called: [0,206494651,com.miui.home.launcher.Launcher,handleStartActivity,1]
12-21 17:30:40.443  3305  3305 I wm_on_resume_called: [0,206494651,com.miui.home.launcher.Launcher,RESUME_ACTIVITY,15]
12-21 17:30:40.560  3305  3305 I wm_on_idle_called: com.miui.home.launcher.Launcher
12-21 17:30:40.815  3305  3996 I com.miui.home: CheckGCForNative adj_start_bytes: 33382896 NativeAllocationGcWatermark: 10599120 java_gc_start_bytes: 17484216 kNewNativeDiscountFactor: 2 kOldNativeDiscountFactor: 65536 old_native_bytes: 130167659 new_native_bytes: 12797420 add_bytes_allowed: 31797360 is_gc_concurrent: 1 target_footprint_: 17684102 GetBytesAllocated: 14340666 HeapGrowthMultiplier: 3
12-21 17:30:40.815  3305  3996 I com.miui.home: CheckGCForNative gc_urgency 0.621317 current_native_bytes is 142965079
12-21 17:30:40.815  3305  3996 I cccccc  : createTaskSnapshotCompat:
12-21 17:30:40.815  3305  3998 I cccccc  : getTaskSnapshot:
12-21 17:30:40.816  3305  3998 I com.miui.home: CheckGCForNative adj_start_bytes: 33382896 NativeAllocationGcWatermark: 10599120 java_gc_start_bytes: 17484216 kNewNativeDiscountFactor: 2 kOldNativeDiscountFactor: 65536 old_native_bytes: 130167659 new_native_bytes: 23503852 add_bytes_allowed: 31797360 is_gc_concurrent: 1 target_footprint_: 17684102 GetBytesAllocated: 14340858 HeapGrowthMultiplier: 3
12-21 17:30:40.816  3305  3998 I com.miui.home: CheckGCForNative gc_urgency 0.781681 current_native_bytes is 153671511
12-21 17:30:40.816  3305  3305 I cccccc  : createTaskSnapshotCompat:
12-21 17:30:40.817  3305  3305 I com.miui.home: CheckGCForNative adj_start_bytes: 33382896 NativeAllocationGcWatermark: 10599120 java_gc_start_bytes: 17484216 kNewNativeDiscountFactor: 2 kOldNativeDiscountFactor: 65536 old_native_bytes: 130167659 new_native_bytes: 34210796 add_bytes_allowed: 31797360 is_gc_concurrent: 1 target_footprint_: 17684102 GetBytesAllocated: 14345607 HeapGrowthMultiplier: 3
12-21 17:30:40.817  3305  3305 I com.miui.home: CheckGCForNative gc_urgency 0.942189 current_native_bytes is 164378455
12-21 17:30:40.817  3305  3996 I com.miui.home: CheckGCForNative adj_start_bytes: 33382896 NativeAllocationGcWatermark: 10599120 java_gc_start_bytes: 17484216 kNewNativeDiscountFactor: 2 kOldNativeDiscountFactor: 65536 old_native_bytes: 130167659 new_native_bytes: 34213740 add_bytes_allowed: 31797360 is_gc_concurrent: 1 target_footprint_: 17684102 GetBytesAllocated: 14360356 HeapGrowthMultiplier: 3
12-21 17:30:40.817  3305  3996 I com.miui.home: CheckGCForNative gc_urgency 0.942675 current_native_bytes is 164381399
12-21 17:30:40.917  3305  3305 I wm_on_top_resumed_gained_called: [206494651,com.miui.home.launcher.Launcher,topStateChangedWhenResumed]
12-21 17:30:40.918  3305  3594 I com.miui.home: CheckGCForNative adj_start_bytes: 33382896 NativeAllocationGcWatermark: 10599120 java_gc_start_bytes: 17484216 kNewNativeDiscountFactor: 2 kOldNativeDiscountFactor: 65536 old_native_bytes: 130167659 new_native_bytes: 23559724 add_bytes_allowed: 31797360 is_gc_concurrent: 1 target_footprint_: 17684102 GetBytesAllocated: 14423135 HeapGrowthMultiplier: 3
12-21 17:30:40.918  3305  3594 I com.miui.home: CheckGCForNative gc_urgency 0.784982 current_native_bytes is 153727383
12-21 17:30:40.930 14919 14919 I wm_on_top_resumed_lost_called: [161029629,com.ucpro.BrowserActivity,topStateChangedWhenResumed]
12-21 17:30:41.184  3305  3594 I com.miui.home: CheckGCForNative adj_start_bytes: 33382896 NativeAllocationGcWatermark: 10599120 java_gc_start_bytes: 17484216 kNewNativeDiscountFactor: 2 kOldNativeDiscountFactor: 65536 old_native_bytes: 130167659 new_native_bytes: 23564556 add_bytes_allowed: 31797360 is_gc_concurrent: 1 target_footprint_: 17684102 GetBytesAllocated: 14535815 HeapGrowthMultiplier: 3
12-21 17:30:41.184  3305  3594 I com.miui.home: CheckGCForNative gc_urgency 0.78843 current_native_bytes is 153732215
12-21 17:30:41.273  3305  3594 I com.miui.home: CheckGCForNative adj_start_bytes: 33382896 NativeAllocationGcWatermark: 10599120 java_gc_start_bytes: 17484216 kNewNativeDiscountFactor: 2 kOldNativeDiscountFactor: 65536 old_native_bytes: 130167659 new_native_bytes: 23564716 add_bytes_allowed: 31797360 is_gc_concurrent: 1 target_footprint_: 17684102 GetBytesAllocated: 14577701 HeapGrowthMultiplier: 3
12-21 17:30:41.273  3305  3594 I com.miui.home: CheckGCForNative gc_urgency 0.789687 current_native_bytes is 153732375
12-21 17:30:41.320  3305  3586 I cccccc  : createTaskSnapshotCompat:
12-21 17:30:41.908 14919 14919 I wm_on_paused_called: [0,161029629,com.ucpro.BrowserActivity,performPause,272]
12-21 17:30:41.914  3305  3996 D cccccc  : onTaskStackChangedBackground
12-21 17:30:41.914  3305  3351 D cccccc  : onTaskStackChangedBackground
12-21 17:30:42.022  3305  3573 E cccccc  : createTaskSnapshot:
12-21 17:30:42.022  3305  3573 I cccccc  : getTaskSnapshotInstance:
12-21 17:30:42.023  3305  3573 I com.miui.home: CheckGCForNative adj_start_bytes: 33382896 NativeAllocationGcWatermark: 10599120 java_gc_start_bytes: 17484216 kNewNativeDiscountFactor: 2 kOldNativeDiscountFactor: 65536 old_native_bytes: 130167659 new_native_bytes: 34614744 add_bytes_allowed: 31797360 is_gc_concurrent: 1 target_footprint_: 17684102 GetBytesAllocated: 15287880 HeapGrowthMultiplier: 3
12-21 17:30:42.023  3305  3573 I com.miui.home: CheckGCForNative gc_urgency 0.976465 current_native_bytes is 164782403
12-21 17:30:42.735 14919 14919 I wm_on_stop_called: [0,161029629,com.ucpro.BrowserActivity,STOP_ACTIVITY_ITEM,45]