12-19 21:53:10.349  3328  3328 I wm_on_top_resumed_lost_called: [135965639,com.miui.home.launcher.Launcher,topStateChangedWhenResumed]
12-19 21:53:10.358  3328  3328 I wm_on_paused_called: [0,135965639,com.miui.home.launcher.Launcher,performPause,4]
12-19 21:53:10.738  3328  3744 I com.miui.home: CheckGCForNative adj_start_bytes: 41712121 NativeAllocationGcWatermark: 11468637 java_gc_start_bytes: 24509166 kNewNativeDiscountFactor: 2 kOldNativeDiscountFactor: 65536 old_native_bytes: 69698611 new_native_bytes: 948628 add_bytes_allowed: 34405911 is_gc_concurrent: 1 target_footprint_: 24640238 GetBytesAllocated: 13204809 HeapGrowthMultiplier: 3
12-19 21:53:10.739  3328  3744 I com.miui.home: CheckGCForNative gc_urgency 0.327967 current_native_bytes is 70647239
12-19 21:53:11.094  3328  3744 I com.miui.home: CheckGCForNative adj_start_bytes: 41712121 NativeAllocationGcWatermark: 11468637 java_gc_start_bytes: 24509166 kNewNativeDiscountFactor: 2 kOldNativeDiscountFactor: 65536 old_native_bytes: 69698611 new_native_bytes: 901716 add_bytes_allowed: 34405911 is_gc_concurrent: 1 target_footprint_: 24640238 GetBytesAllocated: 13327168 HeapGrowthMultiplier: 3
12-19 21:53:11.094  3328  3744 I com.miui.home: CheckGCForNative gc_urgency 0.330338 current_native_bytes is 70600327
12-19 21:53:11.183  3328  3744 I com.miui.home: CheckGCForNative adj_start_bytes: 41712121 NativeAllocationGcWatermark: 11468637 java_gc_start_bytes: 24509166 kNewNativeDiscountFactor: 2 kOldNativeDiscountFactor: 65536 old_native_bytes: 69698611 new_native_bytes: 908308 add_bytes_allowed: 34405911 is_gc_concurrent: 1 target_footprint_: 24640238 GetBytesAllocated: 13355684 HeapGrowthMultiplier: 3
12-19 21:53:11.183  3328  3744 I com.miui.home: CheckGCForNative gc_urgency 0.3311 current_native_bytes is 70606919
12-19 21:53:11.590  8074  8074 I wm_on_application_create_called: [0,com.autonavi.minimap,434]
12-19 21:53:11.723  7979  7979 I wm_on_application_create_called: [0,com.autonavi.minimap,938]
12-19 21:53:11.833  3328  3328 I wm_on_resume_called: [0,135965639,com.miui.home.launcher.Launcher,RESUME_ACTIVITY,41]
12-19 21:53:11.853  3328  3328 I wm_on_idle_called: com.miui.home.launcher.Launcher
12-19 21:53:12.001  3328  3381 I com.miui.home: CheckGCForNative adj_start_bytes: 41712121 NativeAllocationGcWatermark: 11468637 java_gc_start_bytes: 24509166 kNewNativeDiscountFactor: 2 kOldNativeDiscountFactor: 65536 old_native_bytes: 69698611 new_native_bytes: 11398792 add_bytes_allowed: 34405911 is_gc_concurrent: 1 target_footprint_: 24640238 GetBytesAllocated: 14289845 HeapGrowthMultiplier: 3
12-19 21:53:12.001  3328  3381 I com.miui.home: CheckGCForNative gc_urgency 0.479245 current_native_bytes is 81097403
12-19 21:53:12.003  3328  3381 I com.miui.home: CheckGCForNative adj_start_bytes: 41712121 NativeAllocationGcWatermark: 11468637 java_gc_start_bytes: 24509166 kNewNativeDiscountFactor: 2 kOldNativeDiscountFactor: 65536 old_native_bytes: 69698611 new_native_bytes: 22105736 add_bytes_allowed: 34405911 is_gc_concurrent: 1 target_footprint_: 24640238 GetBytesAllocated: 14299739 HeapGrowthMultiplier: 3
12-19 21:53:12.003  3328  3381 I com.miui.home: CheckGCForNative gc_urgency 0.607836 current_native_bytes is 91804347
12-19 21:53:12.003  3328  3381 I cccccc  : getTaskThumbnailInfo: 2460 1.0  10705920
12-19 21:53:12.094  3328  3744 I com.miui.home: CheckGCForNative adj_start_bytes: 41712121 NativeAllocationGcWatermark: 11468637 java_gc_start_bytes: 24509166 kNewNativeDiscountFactor: 2 kOldNativeDiscountFactor: 65536 old_native_bytes: 69698611 new_native_bytes: 11565128 add_bytes_allowed: 34405911 is_gc_concurrent: 1 target_footprint_: 24640238 GetBytesAllocated: 14564048 HeapGrowthMultiplier: 3
12-19 21:53:12.094  3328  3744 I com.miui.home: CheckGCForNative gc_urgency 0.487812 current_native_bytes is 81263739
12-19 21:53:12.187  7979  7979 I wm_on_create_called: [0,245003434,com.autonavi.map.activity.SplashActivity,performCreate,308]
12-19 21:53:12.210  3328  3328 I wm_on_top_resumed_gained_called: [135965639,com.miui.home.launcher.Launcher,topStateChangedWhenResumed]
12-19 21:53:12.383  3328  3744 I com.miui.home: CheckGCForNative adj_start_bytes: 41712121 NativeAllocationGcWatermark: 11468637 java_gc_start_bytes: 24509166 kNewNativeDiscountFactor: 2 kOldNativeDiscountFactor: 65536 old_native_bytes: 69698611 new_native_bytes: 11557496 add_bytes_allowed: 34405911 is_gc_concurrent: 1 target_footprint_: 24640238 GetBytesAllocated: 14897559 HeapGrowthMultiplier: 3
12-19 21:53:12.383  3328  3744 I com.miui.home: CheckGCForNative gc_urgency 0.495716 current_native_bytes is 81256107
12-19 21:53:12.439  3328  3744 I com.miui.home: CheckGCForNative adj_start_bytes: 41712121 NativeAllocationGcWatermark: 11468637 java_gc_start_bytes: 24509166 kNewNativeDiscountFactor: 2 kOldNativeDiscountFactor: 65536 old_native_bytes: 69698611 new_native_bytes: 11524536 add_bytes_allowed: 34405911 is_gc_concurrent: 1 target_footprint_: 24640238 GetBytesAllocated: 14929110 HeapGrowthMultiplier: 3
12-19 21:53:12.439  3328  3744 I com.miui.home: CheckGCForNative gc_urgency 0.496077 current_native_bytes is 81223147
12-19 21:53:12.524  7979  7979 I wm_on_create_called: [0,253427427,com.autonavi.map.activity.NewMapActivity,performCreate,246]
12-19 21:53:12.541  7979  7979 I wm_on_start_called: [0,253427427,com.autonavi.map.activity.NewMapActivity,handleStartActivity,15]
12-19 21:53:12.555  7979  7979 I wm_on_resume_called: [0,253427427,com.autonavi.map.activity.NewMapActivity,RESUME_ACTIVITY,8]
12-19 21:53:12.693  3328  3328 I wm_on_top_resumed_lost_called: [135965639,com.miui.home.launcher.Launcher,topStateChangedWhenResumed]
12-19 21:53:12.758  7979  7979 I wm_on_destroy_called: [0,245003434,com.autonavi.map.activity.SplashActivity,performDestroy,0]
12-19 21:53:12.759  7979  7979 I wm_on_paused_called: [0,253427427,com.autonavi.map.activity.NewMapActivity,performPause,1]
12-19 21:53:12.794  3328  3328 I wm_on_paused_called: [0,135965639,com.miui.home.launcher.Launcher,performPause,3]
12-19 21:53:13.076  7979  7979 I wm_on_stop_called: [0,253427427,com.autonavi.map.activity.NewMapActivity,STOP_ACTIVITY_ITEM,6]
12-19 21:53:13.094  7979  7979 I wm_on_idle_called: com.autonavi.map.activity.NewMapActivity
12-19 21:53:13.350  3328  3744 I com.miui.home: CheckGCForNative adj_start_bytes: 41712121 NativeAllocationGcWatermark: 11468637 java_gc_start_bytes: 24509166 kNewNativeDiscountFactor: 2 kOldNativeDiscountFactor: 65536 old_native_bytes: 69698611 new_native_bytes: 11808888 add_bytes_allowed: 34405911 is_gc_concurrent: 1 target_footprint_: 24640238 GetBytesAllocated: 15599566 HeapGrowthMultiplier: 3
12-19 21:53:13.350  3328  3744 I com.miui.home: CheckGCForNative gc_urgency 0.515559 current_native_bytes is 81507499
12-19 21:53:13.508  8420  8420 I wm_on_create_called: [0,93332698,fm.qingting.qtradio.WelcomeActivity,performCreate,83]
12-19 21:53:13.509  8420  8420 I wm_on_start_called: [0,93332698,fm.qingting.qtradio.WelcomeActivity,handleStartActivity,0]
12-19 21:53:13.519  8420  8420 I wm_on_resume_called: [0,93332698,fm.qingting.qtradio.WelcomeActivity,RESUME_ACTIVITY,6]
12-19 21:53:13.560  8420  8420 I wm_on_top_resumed_gained_called: [93332698,fm.qingting.qtradio.WelcomeActivity,topStateChangedWhenResumed]
12-19 21:53:13.805  3328  3328 I wm_on_stop_called: [0,135965639,com.miui.home.launcher.Launcher,STOP_ACTIVITY_ITEM,8]
12-19 21:53:13.997  8420  8420 I wm_on_idle_called: fm.qingting.qtradio.WelcomeActivity
12-19 21:53:14.422  3328  3744 I com.miui.home: CheckGCForNative gc_urgency 0 current_native_bytes is 70531291
12-19 21:53:14.453  8420  8420 I wm_on_top_resumed_lost_called: [93332698,fm.qingting.qtradio.WelcomeActivity,topStateChangedWhenResumed]
12-19 21:53:14.463  3328  3328 I wm_on_restart_called: [0,135965639,com.miui.home.launcher.Launcher,,0]
12-19 21:53:14.465  3328  3328 I wm_on_start_called: [0,135965639,com.miui.home.launcher.Launcher,handleStartActivity,2]
12-19 21:53:14.490  3328  3328 I wm_on_resume_called: [0,135965639,com.miui.home.launcher.Launcher,RESUME_ACTIVITY,22]
12-19 21:53:14.516  3328  3724 I com.miui.home: CheckGCForNative adj_start_bytes: 42078859 NativeAllocationGcWatermark: 11507241 java_gc_start_bytes: 24817998 kNewNativeDiscountFactor: 2 kOldNativeDiscountFactor: 65536 old_native_bytes: 70531291 new_native_bytes: 81512 add_bytes_allowed: 34521723 is_gc_concurrent: 1 target_footprint_: 24949070 GetBytesAllocated: 13006175 HeapGrowthMultiplier: 3
12-19 21:53:14.516  3328  3724 I com.miui.home: CheckGCForNative gc_urgency 0.310085 current_native_bytes is 70612803
12-19 21:53:14.581  3328  3328 I wm_on_top_resumed_gained_called: [135965639,com.miui.home.launcher.Launcher,topStateChangedWhenResumed]
12-19 21:53:14.583  3328  3328 I wm_on_idle_called: com.miui.home.launcher.Launcher
12-19 21:53:14.721  3328  3380 I com.miui.home: CheckGCForNative adj_start_bytes: 42078859 NativeAllocationGcWatermark: 11507241 java_gc_start_bytes: 24817998 kNewNativeDiscountFactor: 2 kOldNativeDiscountFactor: 65536 old_native_bytes: 70531291 new_native_bytes: 10989196 add_bytes_allowed: 34521723 is_gc_concurrent: 1 target_footprint_: 24949070 GetBytesAllocated: 13744304 HeapGrowthMultiplier: 3
12-19 21:53:14.721  3328  3380 I com.miui.home: CheckGCForNative gc_urgency 0.457236 current_native_bytes is 81520487
12-19 21:53:14.722  3328  3380 I com.miui.home: CheckGCForNative adj_start_bytes: 42078859 NativeAllocationGcWatermark: 11507241 java_gc_start_bytes: 24817998 kNewNativeDiscountFactor: 2 kOldNativeDiscountFactor: 65536 old_native_bytes: 70531291 new_native_bytes: 21696140 add_bytes_allowed: 34521723 is_gc_concurrent: 1 target_footprint_: 24949070 GetBytesAllocated: 13744496 HeapGrowthMultiplier: 3
12-19 21:53:14.722  3328  3380 I com.miui.home: CheckGCForNative gc_urgency 0.584466 current_native_bytes is 92227431
12-19 21:53:14.722  3328  3380 I cccccc  : getTaskThumbnailInfo: 2460 1.0  10705920
12-19 21:53:15.000  3328  3744 I com.miui.home: CheckGCForNative adj_start_bytes: 42078859 NativeAllocationGcWatermark: 11507241 java_gc_start_bytes: 24817998 kNewNativeDiscountFactor: 2 kOldNativeDiscountFactor: 65536 old_native_bytes: 70531291 new_native_bytes: 10994636 add_bytes_allowed: 34521723 is_gc_concurrent: 1 target_footprint_: 24949070 GetBytesAllocated: 13887843 HeapGrowthMultiplier: 3
12-19 21:53:15.000  3328  3744 I com.miui.home: CheckGCForNative gc_urgency 0.460712 current_native_bytes is 81525927
12-19 21:53:15.218  3328  3743 I com.miui.home: CheckGCForNative adj_start_bytes: 42078859 NativeAllocationGcWatermark: 11507241 java_gc_start_bytes: 24817998 kNewNativeDiscountFactor: 2 kOldNativeDiscountFactor: 65536 old_native_bytes: 70531291 new_native_bytes: 21670308 add_bytes_allowed: 34521723 is_gc_concurrent: 1 target_footprint_: 24949070 GetBytesAllocated: 13976474 HeapGrowthMultiplier: 3
12-19 21:53:15.218  3328  3743 I com.miui.home: CheckGCForNative gc_urgency 0.589671 current_native_bytes is 92201599
12-19 21:53:15.220  3328  3743 I com.miui.home: CheckGCForNative adj_start_bytes: 42078859 NativeAllocationGcWatermark: 11507241 java_gc_start_bytes: 24817998 kNewNativeDiscountFactor: 2 kOldNativeDiscountFactor: 65536 old_native_bytes: 70531291 new_native_bytes: 32375236 add_bytes_allowed: 34521723 is_gc_concurrent: 1 target_footprint_: 24949070 GetBytesAllocated: 13995198 HeapGrowthMultiplier: 3
12-19 21:53:15.220  3328  3743 I com.miui.home: CheckGCForNative gc_urgency 0.717317 current_native_bytes is 102906527
12-19 21:53:15.220  3328  3743 I cccccc  : getTaskThumbnailInfo: 2460 1.0  10705920
12-19 21:53:15.315  8420  8420 I wm_on_paused_called: [0,93332698,fm.qingting.qtradio.WelcomeActivity,performPause,60]
12-19 21:53:15.470  3328  3328 I com.miui.home: CheckGCForNative adj_start_bytes: 42078859 NativeAllocationGcWatermark: 11507241 java_gc_start_bytes: 24817998 kNewNativeDiscountFactor: 2 kOldNativeDiscountFactor: 65536 old_native_bytes: 70531291 new_native_bytes: 22299068 add_bytes_allowed: 34521723 is_gc_concurrent: 1 target_footprint_: 24949070 GetBytesAllocated: 14169438 HeapGrowthMultiplier: 3
12-19 21:53:15.470  3328  3328 I com.miui.home: CheckGCForNative gc_urgency 0.601728 current_native_bytes is 92830359
12-19 21:53:15.476  8420  8420 I wm_on_stop_called: [0,93332698,fm.qingting.qtradio.WelcomeActivity,STOP_ACTIVITY_ITEM,4]
12-19 21:53:15.585  3328  3328 I wm_on_top_resumed_lost_called: [135965639,com.miui.home.launcher.Launcher,topStateChangedWhenResumed]
12-19 21:53:15.589  3328  3328 I wm_on_paused_called: [0,135965639,com.miui.home.launcher.Launcher,performPause,3]
12-19 21:53:15.812  3328  8008 I com.miui.home: CheckGCForNative adj_start_bytes: 42078859 NativeAllocationGcWatermark: 11507241 java_gc_start_bytes: 24817998 kNewNativeDiscountFactor: 2 kOldNativeDiscountFactor: 65536 old_native_bytes: 70531291 new_native_bytes: 22652188 add_bytes_allowed: 34521723 is_gc_concurrent: 1 target_footprint_: 24949070 GetBytesAllocated: 14557493 HeapGrowthMultiplier: 3
12-19 21:53:15.812  3328  8008 I com.miui.home: CheckGCForNative gc_urgency 0.615147 current_native_bytes is 93183479
12-19 21:53:15.982  8420  8420 I wm_on_destroy_called: [0,93332698,fm.qingting.qtradio.WelcomeActivity,performDestroy,6]
12-19 21:53:15.995  8722  8722 I wm_on_application_create_called: [0,com.xiaomi.bluetooth,918]
12-19 21:53:16.144  3328  3744 I com.miui.home: CheckGCForNative adj_start_bytes: 42078859 NativeAllocationGcWatermark: 11507241 java_gc_start_bytes: 24817998 kNewNativeDiscountFactor: 2 kOldNativeDiscountFactor: 65536 old_native_bytes: 70531291 new_native_bytes: 23987428 add_bytes_allowed: 34521723 is_gc_concurrent: 1 target_footprint_: 24949070 GetBytesAllocated: 14675069 HeapGrowthMultiplier: 3
12-19 21:53:16.144  3328  3744 I com.miui.home: CheckGCForNative gc_urgency 0.633807 current_native_bytes is 94518719
12-19 21:53:17.240  3328  3328 I wm_on_resume_called: [0,135965639,com.miui.home.launcher.Launcher,RESUME_ACTIVITY,22]
12-19 21:53:17.248  3328  3328 I com.miui.home: CheckGCForNative adj_start_bytes: 42078859 NativeAllocationGcWatermark: 11507241 java_gc_start_bytes: 24817998 kNewNativeDiscountFactor: 2 kOldNativeDiscountFactor: 65536 old_native_bytes: 70531291 new_native_bytes: 23904740 add_bytes_allowed: 34521723 is_gc_concurrent: 1 target_footprint_: 24949070 GetBytesAllocated: 15252755 HeapGrowthMultiplier: 3
12-19 21:53:17.248  3328  3328 I com.miui.home: CheckGCForNative gc_urgency 0.646553 current_native_bytes is 94436031
12-19 21:53:17.259  3328  3328 I wm_on_idle_called: com.miui.home.launcher.Launcher
12-19 21:53:17.338  8883  8883 I wm_on_application_create_called: [0,com.ss.android.ugc.aweme,502]
12-19 21:53:17.352  3328  3795 I com.miui.home: CheckGCForNative adj_start_bytes: 42078859 NativeAllocationGcWatermark: 11507241 java_gc_start_bytes: 24817998 kNewNativeDiscountFactor: 2 kOldNativeDiscountFactor: 65536 old_native_bytes: 70531291 new_native_bytes: 34680336 add_bytes_allowed: 34521723 is_gc_concurrent: 1 target_footprint_: 24949070 GetBytesAllocated: 16109872 HeapGrowthMultiplier: 3
12-19 21:53:17.352  3328  3795 I com.miui.home: CheckGCForNative gc_urgency 0.794963 current_native_bytes is 105211627
12-19 21:53:17.353  3328  3795 I com.miui.home: CheckGCForNative adj_start_bytes: 42078859 NativeAllocationGcWatermark: 11507241 java_gc_start_bytes: 24817998 kNewNativeDiscountFactor: 2 kOldNativeDiscountFactor: 65536 old_native_bytes: 70531291 new_native_bytes: 45387280 add_bytes_allowed: 34521723 is_gc_concurrent: 1 target_footprint_: 24949070 GetBytesAllocated: 16128322 HeapGrowthMultiplier: 3
12-19 21:53:17.353  3328  3795 I com.miui.home: CheckGCForNative gc_urgency 0.922626 current_native_bytes is 115918571
12-19 21:53:17.354  3328  3795 I cccccc  : getTaskThumbnailInfo: 2460 1.0  10705920
12-19 21:53:17.389  3328  3744 I com.miui.home: CheckGCForNative adj_start_bytes: 42078859 NativeAllocationGcWatermark: 11507241 java_gc_start_bytes: 24817998 kNewNativeDiscountFactor: 2 kOldNativeDiscountFactor: 65536 old_native_bytes: 70531291 new_native_bytes: 34689296 add_bytes_allowed: 34521723 is_gc_concurrent: 1 target_footprint_: 24949070 GetBytesAllocated: 16167829 HeapGrowthMultiplier: 3
12-19 21:53:17.389  3328  3744 I com.miui.home: CheckGCForNative gc_urgency 0.796446 current_native_bytes is 105220587
12-19 21:53:17.643  3328  3328 I wm_on_top_resumed_gained_called: [135965639,com.miui.home.launcher.Launcher,topStateChangedWhenResumed]
12-19 21:53:17.744  3328  3744 I com.miui.home: CheckGCForNative adj_start_bytes: 42078859 NativeAllocationGcWatermark: 11507241 java_gc_start_bytes: 24817998 kNewNativeDiscountFactor: 2 kOldNativeDiscountFactor: 65536 old_native_bytes: 70531291 new_native_bytes: 34624656 add_bytes_allowed: 34521723 is_gc_concurrent: 1 target_footprint_: 24949070 GetBytesAllocated: 16307825 HeapGrowthMultiplier: 3
12-19 21:53:17.744  3328  3744 I com.miui.home: CheckGCForNative gc_urgency 0.799005 current_native_bytes is 105155947
12-19 21:53:17.839  3328  3743 I com.miui.home: CheckGCForNative adj_start_bytes: 42078859 NativeAllocationGcWatermark: 11507241 java_gc_start_bytes: 24817998 kNewNativeDiscountFactor: 2 kOldNativeDiscountFactor: 65536 old_native_bytes: 70531291 new_native_bytes: 45341232 add_bytes_allowed: 34521723 is_gc_concurrent: 1 target_footprint_: 24949070 GetBytesAllocated: 16356306 HeapGrowthMultiplier: 3
12-19 21:53:17.839  3328  3743 I com.miui.home: CheckGCForNative gc_urgency 0.927497 current_native_bytes is 115872523
12-19 21:53:17.840  3328  3743 I com.miui.home: CheckGCForNative adj_start_bytes: 42078859 NativeAllocationGcWatermark: 11507241 java_gc_start_bytes: 24817998 kNewNativeDiscountFactor: 2 kOldNativeDiscountFactor: 65536 old_native_bytes: 70531291 new_native_bytes: 56048496 add_bytes_allowed: 34521723 is_gc_concurrent: 1 target_footprint_: 24949070 GetBytesAllocated: 16356498 HeapGrowthMultiplier: 3
12-19 21:53:17.840  3328  3743 I com.miui.home: CheckGCForNative gc_urgency 1.05473 current_native_bytes is 126579787
12-19 21:53:17.840  3328  3743 I com.miui.home: CheckGCForNative requested 1
12-19 21:53:17.841  3328  3743 I cccccc  : getTaskThumbnailInfo: 2460 1.0  10705920
12-19 21:53:18.029  3328  3328 I wm_on_top_resumed_lost_called: [135965639,com.miui.home.launcher.Launcher,topStateChangedWhenResumed]
12-19 21:53:18.168  8883  8883 I wm_on_create_called: [0,36221208,com.ss.android.ugc.aweme.splash.SplashActivity,performCreate,681]
12-19 21:53:18.359  3328  3328 I wm_on_paused_called: [0,135965639,com.miui.home.launcher.Launcher,performPause,3]
12-19 21:53:18.527  8883  8883 I wm_on_start_called: [0,36221208,com.ss.android.ugc.aweme.splash.SplashActivity,handleStartActivity,322]
12-19 21:53:18.646  3328  8849 I com.miui.home: CheckGCForNative gc_urgency 0 current_native_bytes is 83874943
12-19 21:53:18.814  8883  8883 I wm_on_resume_called: [0,36221208,com.ss.android.ugc.aweme.splash.SplashActivity,RESUME_ACTIVITY,209]
12-19 21:53:18.822  3328  3744 I com.miui.home: CheckGCForNative adj_start_bytes: 42516463 NativeAllocationGcWatermark: 11553305 java_gc_start_bytes: 25186506 kNewNativeDiscountFactor: 2 kOldNativeDiscountFactor: 65536 old_native_bytes: 83874943 new_native_bytes: 359208 add_bytes_allowed: 34659915 is_gc_concurrent: 1 target_footprint_: 25317578 GetBytesAllocated: 13305922 HeapGrowthMultiplier: 3
12-19 21:53:18.822  3328  3744 I com.miui.home: CheckGCForNative gc_urgency 0.317214 current_native_bytes is 84234151
12-19 21:53:19.178  3328  3744 I com.miui.home: CheckGCForNative adj_start_bytes: 42516463 NativeAllocationGcWatermark: 11553305 java_gc_start_bytes: 25186506 kNewNativeDiscountFactor: 2 kOldNativeDiscountFactor: 65536 old_native_bytes: 83874943 new_native_bytes: 333904 add_bytes_allowed: 34659915 is_gc_concurrent: 1 target_footprint_: 25317578 GetBytesAllocated: 13422970 HeapGrowthMultiplier: 3
12-19 21:53:19.178  3328  3744 I com.miui.home: CheckGCForNative gc_urgency 0.319669 current_native_bytes is 84208847
12-19 21:53:19.390  9209  9209 I wm_on_create_called: [0,217664121,com.eg.android.AlipayGphone.AlipayLogin,performCreate,126]
12-19 21:53:19.397  9209  9209 I wm_on_start_called: [0,217664121,com.eg.android.AlipayGphone.AlipayLogin,handleStartActivity,6]
12-19 21:53:19.404  9209  9209 I wm_on_resume_called: [0,217664121,com.eg.android.AlipayGphone.AlipayLogin,RESUME_ACTIVITY,4]
12-19 21:53:19.442  9209  9209 I wm_on_top_resumed_gained_called: [217664121,com.eg.android.AlipayGphone.AlipayLogin,topStateChangedWhenResumed]
12-19 21:53:19.760  3328  3328 I wm_on_resume_called: [0,135965639,com.miui.home.launcher.Launcher,RESUME_ACTIVITY,20]
12-19 21:53:19.778  3328  3328 I com.miui.home: CheckGCForNative adj_start_bytes: 42516463 NativeAllocationGcWatermark: 11553305 java_gc_start_bytes: 25186506 kNewNativeDiscountFactor: 2 kOldNativeDiscountFactor: 65536 old_native_bytes: 83874943 new_native_bytes: 357352 add_bytes_allowed: 34659915 is_gc_concurrent: 1 target_footprint_: 25317578 GetBytesAllocated: 14045763 HeapGrowthMultiplier: 3
12-19 21:53:19.778  3328  3328 I com.miui.home: CheckGCForNative gc_urgency 0.334593 current_native_bytes is 84232295
12-19 21:53:19.781  3328  3328 I wm_on_idle_called: com.miui.home.launcher.Launcher
12-19 21:53:19.995  3328  5341 I com.miui.home: CheckGCForNative adj_start_bytes: 42516463 NativeAllocationGcWatermark: 11553305 java_gc_start_bytes: 25186506 kNewNativeDiscountFactor: 2 kOldNativeDiscountFactor: 65536 old_native_bytes: 83874943 new_native_bytes: 11164780 add_bytes_allowed: 34659915 is_gc_concurrent: 1 target_footprint_: 25317578 GetBytesAllocated: 14769256 HeapGrowthMultiplier: 3
12-19 21:53:19.995  3328  5341 I com.miui.home: CheckGCForNative gc_urgency 0.478707 current_native_bytes is 95039723
12-19 21:53:19.996  3328  5341 I com.miui.home: CheckGCForNative adj_start_bytes: 42516463 NativeAllocationGcWatermark: 11553305 java_gc_start_bytes: 25186506 kNewNativeDiscountFactor: 2 kOldNativeDiscountFactor: 65536 old_native_bytes: 83874943 new_native_bytes: 21871916 add_bytes_allowed: 34659915 is_gc_concurrent: 1 target_footprint_: 25317578 GetBytesAllocated: 14769798 HeapGrowthMultiplier: 3
12-19 21:53:19.996  3328  5341 I com.miui.home: CheckGCForNative gc_urgency 0.604641 current_native_bytes is 105746859
12-19 21:53:19.997  3328  5341 I cccccc  : getTaskThumbnailInfo: 2460 1.0  10705920
12-19 21:53:20.179  3328  3328 I wm_on_top_resumed_gained_called: [135965639,com.miui.home.launcher.Launcher,topStateChangedWhenResumed]
12-19 21:53:20.200  3328  3744 I com.miui.home: CheckGCForNative adj_start_bytes: 42516463 NativeAllocationGcWatermark: 11553305 java_gc_start_bytes: 25186506 kNewNativeDiscountFactor: 2 kOldNativeDiscountFactor: 65536 old_native_bytes: 83874943 new_native_bytes: 11219276 add_bytes_allowed: 34659915 is_gc_concurrent: 1 target_footprint_: 25317578 GetBytesAllocated: 15028615 HeapGrowthMultiplier: 3
12-19 21:53:20.200  3328  3744 I com.miui.home: CheckGCForNative gc_urgency 0.485448 current_native_bytes is 95094219
12-19 21:53:20.496  3328  3743 I com.miui.home: CheckGCForNative adj_start_bytes: 42516463 NativeAllocationGcWatermark: 11553305 java_gc_start_bytes: 25186506 kNewNativeDiscountFactor: 2 kOldNativeDiscountFactor: 65536 old_native_bytes: 83874943 new_native_bytes: 21932380 add_bytes_allowed: 34659915 is_gc_concurrent: 1 target_footprint_: 25317578 GetBytesAllocated: 15157539 HeapGrowthMultiplier: 3
12-19 21:53:20.496  3328  3743 I com.miui.home: CheckGCForNative gc_urgency 0.614468 current_native_bytes is 105807323
12-19 21:53:20.508  3328  3743 I com.miui.home: CheckGCForNative adj_start_bytes: 42516463 NativeAllocationGcWatermark: 11553305 java_gc_start_bytes: 25186506 kNewNativeDiscountFactor: 2 kOldNativeDiscountFactor: 65536 old_native_bytes: 83874943 new_native_bytes: 32639292 add_bytes_allowed: 34659915 is_gc_concurrent: 1 target_footprint_: 25317578 GetBytesAllocated: 15157731 HeapGrowthMultiplier: 3
12-19 21:53:20.508  3328  3743 I com.miui.home: CheckGCForNative gc_urgency 0.740387 current_native_bytes is 116514235
12-19 21:53:20.509  3328  3743 I cccccc  : getTaskThumbnailInfo: 2460 1.0  10705920
12-19 21:53:20.791  3328  3328 I wm_on_top_resumed_lost_called: [135965639,com.miui.home.launcher.Launcher,topStateChangedWhenResumed]
12-19 21:53:21.037  3328  3328 I wm_on_paused_called: [0,135965639,com.miui.home.launcher.Launcher,performPause,3]
12-19 21:53:21.065  3328  3724 I com.miui.home: CheckGCForNative adj_start_bytes: 42516463 NativeAllocationGcWatermark: 11553305 java_gc_start_bytes: 25186506 kNewNativeDiscountFactor: 2 kOldNativeDiscountFactor: 65536 old_native_bytes: 83874943 new_native_bytes: 21996388 add_bytes_allowed: 34659915 is_gc_concurrent: 1 target_footprint_: 25317578 GetBytesAllocated: 15575098 HeapGrowthMultiplier: 3
12-19 21:53:21.065  3328  3724 I com.miui.home: CheckGCForNative gc_urgency 0.625042 current_native_bytes is 105871331
12-19 21:53:21.587  3328  9333 I com.miui.home: CheckGCForNative adj_start_bytes: 42516463 NativeAllocationGcWatermark: 11553305 java_gc_start_bytes: 25186506 kNewNativeDiscountFactor: 2 kOldNativeDiscountFactor: 65536 old_native_bytes: 83874943 new_native_bytes: 22029476 add_bytes_allowed: 34659915 is_gc_concurrent: 1 target_footprint_: 25317578 GetBytesAllocated: 15734823 HeapGrowthMultiplier: 3
12-19 21:53:21.607  3328  9333 I com.miui.home: CheckGCForNative gc_urgency 0.629188 current_native_bytes is 105904419
12-19 21:53:21.831  9500  9500 I wm_on_application_create_called: [0,com.eg.android.AlipayGphone,888]
12-19 21:53:21.899  8883  8883 I wm_on_top_resumed_gained_called: [36221208,com.ss.android.ugc.aweme.splash.SplashActivity,topStateChangedWhenResumed]
12-19 21:53:21.920  8883  8883 I wm_on_top_resumed_lost_called: [36221208,com.ss.android.ugc.aweme.splash.SplashActivity,topStateChangedWhenResumed]
12-19 21:53:21.933  3328  3744 I com.miui.home: CheckGCForNative adj_start_bytes: 42516463 NativeAllocationGcWatermark: 11553305 java_gc_start_bytes: 25186506 kNewNativeDiscountFactor: 2 kOldNativeDiscountFactor: 65536 old_native_bytes: 83874943 new_native_bytes: 22240060 add_bytes_allowed: 34659915 is_gc_concurrent: 1 target_footprint_: 25317578 GetBytesAllocated: 15884161 HeapGrowthMultiplier: 3
12-19 21:53:21.933  3328  3744 I com.miui.home: CheckGCForNative gc_urgency 0.635177 current_native_bytes is 106115003
12-19 21:53:21.956  9720  9720 I wm_on_create_called: [0,185893245,com.xunmeng.pinduoduo.ui.activity.MainFrameActivity,performCreate,268]
12-19 21:53:22.186  8883  8883 I wm_on_paused_called: [0,36221208,com.ss.android.ugc.aweme.splash.SplashActivity,performPause,164]
12-19 21:53:22.263  3328  3328 I wm_on_stop_called: [0,135965639,com.miui.home.launcher.Launcher,STOP_ACTIVITY_ITEM,14]
12-19 21:53:22.591  3328  3328 I wm_on_restart_called: [0,135965639,com.miui.home.launcher.Launcher,,0]
12-19 21:53:22.593  3328  3328 I wm_on_start_called: [0,135965639,com.miui.home.launcher.Launcher,handleStartActivity,2]
12-19 21:53:22.614  3328  3328 I wm_on_resume_called: [0,135965639,com.miui.home.launcher.Launcher,RESUME_ACTIVITY,19]
12-19 21:53:22.620  9691  9691 I wm_on_application_create_called: [0,com.xiaomi.market,349]
12-19 21:53:22.777  3328  3328 I wm_on_idle_called: com.miui.home.launcher.Launcher
12-19 21:53:22.789  3328  3328 I com.miui.home: CheckGCForNative gc_urgency 0 current_native_bytes is 73854431
12-19 21:53:22.887  9720  9720 I wm_on_create_called: [0,23013609,com.xunmeng.pinduoduo.ui.activity.HomeActivity,performCreate,262]
12-19 21:53:22.944  9720  9720 I wm_on_start_called: [0,23013609,com.xunmeng.pinduoduo.ui.activity.HomeActivity,handleStartActivity,57]
12-19 21:53:22.956  3328  3381 I com.miui.home: CheckGCForNative adj_start_bytes: 43144550 NativeAllocationGcWatermark: 11660810 java_gc_start_bytes: 25653335 kNewNativeDiscountFactor: 2 kOldNativeDiscountFactor: 65536 old_native_bytes: 73854431 new_native_bytes: 10733968 add_bytes_allowed: 34982430 is_gc_concurrent: 1 target_footprint_: 26177623 GetBytesAllocated: 13424711 HeapGrowthMultiplier: 3
12-19 21:53:22.956  3328  3381 I com.miui.home: CheckGCForNative gc_urgency 0.435578 current_native_bytes is 84588399
12-19 21:53:22.957  3328  3381 I com.miui.home: CheckGCForNative adj_start_bytes: 43144550 NativeAllocationGcWatermark: 11660810 java_gc_start_bytes: 25653335 kNewNativeDiscountFactor: 2 kOldNativeDiscountFactor: 65536 old_native_bytes: 73854431 new_native_bytes: 21440912 add_bytes_allowed: 34982430 is_gc_concurrent: 1 target_footprint_: 26177623 GetBytesAllocated: 13424903 HeapGrowthMultiplier: 3
12-19 21:53:22.957  3328  3381 I com.miui.home: CheckGCForNative gc_urgency 0.559665 current_native_bytes is 95295343
12-19 21:53:22.957  3328  3381 I cccccc  : getTaskThumbnailInfo: 2460 1.0  10705920
12-19 21:53:22.962  9720  9720 I wm_on_resume_called: [0,23013609,com.xunmeng.pinduoduo.ui.activity.HomeActivity,RESUME_ACTIVITY,15]
12-19 21:53:22.980  3328  8008 I com.miui.home: CheckGCForNative adj_start_bytes: 43144550 NativeAllocationGcWatermark: 11660810 java_gc_start_bytes: 25653335 kNewNativeDiscountFactor: 2 kOldNativeDiscountFactor: 65536 old_native_bytes: 73854431 new_native_bytes: 10736976 add_bytes_allowed: 34982430 is_gc_concurrent: 1 target_footprint_: 26177623 GetBytesAllocated: 13458167 HeapGrowthMultiplier: 3
12-19 21:53:22.981  3328  8008 I com.miui.home: CheckGCForNative gc_urgency 0.436388 current_native_bytes is 84591407
12-19 21:53:23.008  9209  9209 I wm_on_top_resumed_lost_called: [217664121,com.eg.android.AlipayGphone.AlipayLogin,topStateChangedWhenResumed]
12-19 21:53:23.012  3328  3328 I wm_on_top_resumed_gained_called: [135965639,com.miui.home.launcher.Launcher,topStateChangedWhenResumed]
12-19 21:53:23.082  9720  9720 I wm_on_top_resumed_gained_called: [23013609,com.xunmeng.pinduoduo.ui.activity.HomeActivity,topStateChangedWhenResumed]
12-19 21:53:23.083  9720  9720 I wm_on_top_resumed_lost_called: [23013609,com.xunmeng.pinduoduo.ui.activity.HomeActivity,topStateChangedWhenResumed]
12-19 21:53:23.311  3328  3744 I com.miui.home: CheckGCForNative adj_start_bytes: 43144550 NativeAllocationGcWatermark: 11660810 java_gc_start_bytes: 25653335 kNewNativeDiscountFactor: 2 kOldNativeDiscountFactor: 65536 old_native_bytes: 73854431 new_native_bytes: 10824400 add_bytes_allowed: 34982430 is_gc_concurrent: 1 target_footprint_: 26177623 GetBytesAllocated: 13730246 HeapGrowthMultiplier: 3
12-19 21:53:23.311  3328  3744 I com.miui.home: CheckGCForNative gc_urgency 0.443708 current_native_bytes is 84678831
12-19 21:53:23.441  3328  3743 I com.miui.home: CheckGCForNative adj_start_bytes: 43144550 NativeAllocationGcWatermark: 11660810 java_gc_start_bytes: 25653335 kNewNativeDiscountFactor: 2 kOldNativeDiscountFactor: 65536 old_native_bytes: 73854431 new_native_bytes: 21464792 add_bytes_allowed: 34982430 is_gc_concurrent: 1 target_footprint_: 26177623 GetBytesAllocated: 13826435 HeapGrowthMultiplier: 3
12-19 21:53:23.442  3328  3743 I com.miui.home: CheckGCForNative gc_urgency 0.569248 current_native_bytes is 95319223
12-19 21:53:23.444  3328  3743 I com.miui.home: CheckGCForNative adj_start_bytes: 43144550 NativeAllocationGcWatermark: 11660810 java_gc_start_bytes: 25653335 kNewNativeDiscountFactor: 2 kOldNativeDiscountFactor: 65536 old_native_bytes: 73854431 new_native_bytes: 32171736 add_bytes_allowed: 34982430 is_gc_concurrent: 1 target_footprint_: 26177623 GetBytesAllocated: 13841287 HeapGrowthMultiplier: 3
12-19 21:53:23.444  3328  3743 I com.miui.home: CheckGCForNative gc_urgency 0.693675 current_native_bytes is 106026167
12-19 21:53:23.445  3328  3743 I cccccc  : getTaskThumbnailInfo: 2460 1.0  10705920
12-19 21:53:23.629  3328  3328 I wm_on_top_resumed_lost_called: [135965639,com.miui.home.launcher.Launcher,topStateChangedWhenResumed]
12-19 21:53:23.736  8883  8883 I wm_on_stop_called: [0,36221208,com.ss.android.ugc.aweme.splash.SplashActivity,STOP_ACTIVITY_ITEM,1437]
12-19 21:53:23.900  3328  3744 I com.miui.home: CheckGCForNative adj_start_bytes: 43144550 NativeAllocationGcWatermark: 11660810 java_gc_start_bytes: 25653335 kNewNativeDiscountFactor: 2 kOldNativeDiscountFactor: 65536 old_native_bytes: 73854431 new_native_bytes: 21916904 add_bytes_allowed: 34982430 is_gc_concurrent: 1 target_footprint_: 26177623 GetBytesAllocated: 14615977 HeapGrowthMultiplier: 3
12-19 21:53:23.900  3328  3744 I com.miui.home: CheckGCForNative gc_urgency 0.592788 current_native_bytes is 95771335
12-19 21:53:24.011  3328  3744 I com.miui.home: CheckGCForNative adj_start_bytes: 43144550 NativeAllocationGcWatermark: 11660810 java_gc_start_bytes: 25653335 kNewNativeDiscountFactor: 2 kOldNativeDiscountFactor: 65536 old_native_bytes: 73854431 new_native_bytes: 21944744 add_bytes_allowed: 34982430 is_gc_concurrent: 1 target_footprint_: 26177623 GetBytesAllocated: 14744965 HeapGrowthMultiplier: 3
12-19 21:53:24.011  3328  3744 I com.miui.home: CheckGCForNative gc_urgency 0.5961 current_native_bytes is 95799175
12-19 21:53:24.035  3328  3328 I wm_on_paused_called: [0,135965639,com.miui.home.launcher.Launcher,performPause,3]
12-19 21:53:24.326  3328  3744 I com.miui.home: CheckGCForNative adj_start_bytes: 43144550 NativeAllocationGcWatermark: 11660810 java_gc_start_bytes: 25653335 kNewNativeDiscountFactor: 2 kOldNativeDiscountFactor: 65536 old_native_bytes: 73854431 new_native_bytes: 21955496 add_bytes_allowed: 34982430 is_gc_concurrent: 1 target_footprint_: 26177623 GetBytesAllocated: 15088973 HeapGrowthMultiplier: 3
12-19 21:53:24.326  3328  3744 I com.miui.home: CheckGCForNative gc_urgency 0.604198 current_native_bytes is 95809927
12-19 21:53:25.245  3328  3328 I wm_on_resume_called: [0,135965639,com.miui.home.launcher.Launcher,RESUME_ACTIVITY,20]
12-19 21:53:25.266  3328  3328 I com.miui.home: CheckGCForNative adj_start_bytes: 43144550 NativeAllocationGcWatermark: 11660810 java_gc_start_bytes: 25653335 kNewNativeDiscountFactor: 2 kOldNativeDiscountFactor: 65536 old_native_bytes: 73854431 new_native_bytes: 21844756 add_bytes_allowed: 34982430 is_gc_concurrent: 1 target_footprint_: 26177623 GetBytesAllocated: 15787705 HeapGrowthMultiplier: 3
12-19 21:53:25.266  3328  3328 I com.miui.home: CheckGCForNative gc_urgency 0.61911 current_native_bytes is 95699187
12-19 21:53:25.268  3328  3328 I wm_on_idle_called: com.miui.home.launcher.Launcher
12-19 21:53:25.452  3328  3381 I com.miui.home: CheckGCForNative adj_start_bytes: 43144550 NativeAllocationGcWatermark: 11660810 java_gc_start_bytes: 25653335 kNewNativeDiscountFactor: 2 kOldNativeDiscountFactor: 65536 old_native_bytes: 73854431 new_native_bytes: 32644220 add_bytes_allowed: 34982430 is_gc_concurrent: 1 target_footprint_: 26177623 GetBytesAllocated: 16271484 HeapGrowthMultiplier: 3
12-19 21:53:25.452  3328  3381 I com.miui.home: CheckGCForNative gc_urgency 0.755477 current_native_bytes is 106498651
12-19 21:53:25.455  3328  3381 I com.miui.home: CheckGCForNative adj_start_bytes: 43144550 NativeAllocationGcWatermark: 11660810 java_gc_start_bytes: 25653335 kNewNativeDiscountFactor: 2 kOldNativeDiscountFactor: 65536 old_native_bytes: 73854431 new_native_bytes: 43351164 add_bytes_allowed: 34982430 is_gc_concurrent: 1 target_footprint_: 26177623 GetBytesAllocated: 16289373 HeapGrowthMultiplier: 3
12-19 21:53:25.455  3328  3381 I com.miui.home: CheckGCForNative gc_urgency 0.880011 current_native_bytes is 117205595
12-19 21:53:25.455  3328  3381 I cccccc  : getTaskThumbnailInfo: 2460 1.0  10705920
12-19 21:53:25.600  3328  3744 I com.miui.home: CheckGCForNative adj_start_bytes: 43144550 NativeAllocationGcWatermark: 11660810 java_gc_start_bytes: 25653335 kNewNativeDiscountFactor: 2 kOldNativeDiscountFactor: 65536 old_native_bytes: 73854431 new_native_bytes: 32761372 add_bytes_allowed: 34982430 is_gc_concurrent: 1 target_footprint_: 26177623 GetBytesAllocated: 16667657 HeapGrowthMultiplier: 3
12-19 21:53:25.600  3328  3744 I com.miui.home: CheckGCForNative gc_urgency 0.766017 current_native_bytes is 106615803
12-19 21:53:25.684  3328  3328 I wm_on_top_resumed_gained_called: [135965639,com.miui.home.launcher.Launcher,topStateChangedWhenResumed]
12-19 21:53:25.936  3328  3743 I com.miui.home: CheckGCForNative adj_start_bytes: 43144550 NativeAllocationGcWatermark: 11660810 java_gc_start_bytes: 25653335 kNewNativeDiscountFactor: 2 kOldNativeDiscountFactor: 65536 old_native_bytes: 73854431 new_native_bytes: 43527276 add_bytes_allowed: 34982430 is_gc_concurrent: 1 target_footprint_: 26177623 GetBytesAllocated: 16887886 HeapGrowthMultiplier: 3
12-19 21:53:25.936  3328  3743 I com.miui.home: CheckGCForNative gc_urgency 0.895887 current_native_bytes is 117381707
12-19 21:53:25.938  3328  3743 I com.miui.home: CheckGCForNative adj_start_bytes: 43144550 NativeAllocationGcWatermark: 11660810 java_gc_start_bytes: 25653335 kNewNativeDiscountFactor: 2 kOldNativeDiscountFactor: 65536 old_native_bytes: 73854431 new_native_bytes: 54234220 add_bytes_allowed: 34982430 is_gc_concurrent: 1 target_footprint_: 26177623 GetBytesAllocated: 16890602 HeapGrowthMultiplier: 3
12-19 21:53:25.938  3328  3743 I com.miui.home: CheckGCForNative gc_urgency 1.02003 current_native_bytes is 128088651
12-19 21:53:25.938  3328  3743 I com.miui.home: CheckGCForNative requested 1
12-19 21:53:25.940  3328  3743 I cccccc  : getTaskThumbnailInfo: 2460 1.0  10705920
12-19 21:53:26.131  3328  3724 I com.miui.home: CheckGCForNative adj_start_bytes: 43144550 NativeAllocationGcWatermark: 11660810 java_gc_start_bytes: 25653335 kNewNativeDiscountFactor: 2 kOldNativeDiscountFactor: 65536 old_native_bytes: 73854431 new_native_bytes: 43598420 add_bytes_allowed: 34982430 is_gc_concurrent: 1 target_footprint_: 26177623 GetBytesAllocated: 17072481 HeapGrowthMultiplier: 3
12-19 21:53:26.131  3328  3724 I com.miui.home: CheckGCForNative gc_urgency 0.90099 current_native_bytes is 117452851
12-19 21:53:26.205  3328  3363 I com.miui.home: NativeAlloc concurrent copying GC freed 91586(3799KB) AllocSpace objects, 16(472KB) LOS objects, 49% free, 12MB/24MB, paused 376us,75us total 262.514ms
12-19 21:53:26.236  3328  3328 I wm_on_top_resumed_lost_called: [135965639,com.miui.home.launcher.Launcher,topStateChangedWhenResumed]
12-19 21:53:26.320 10263 10263 I wm_on_application_create_called: [0,com.smile.gifmaker,1508]
12-19 21:53:26.461  3328  3328 I wm_on_paused_called: [0,135965639,com.miui.home.launcher.Launcher,performPause,4]
12-19 21:53:26.581 10416 10416 I wm_on_application_create_called: [0,com.xiaomi.mi_connect_service,947]
12-19 21:53:27.078  3328  3744 I com.miui.home: CheckGCForNative gc_urgency 0 current_native_bytes is 85321623
12-19 21:53:27.244  3328  3744 I com.miui.home: CheckGCForNative adj_start_bytes: 42583543 NativeAllocationGcWatermark: 11567345 java_gc_start_bytes: 25232526 kNewNativeDiscountFactor: 2 kOldNativeDiscountFactor: 65536 old_native_bytes: 85321623 new_native_bytes: 8832 add_bytes_allowed: 34702035 is_gc_concurrent: 1 target_footprint_: 25429898 GetBytesAllocated: 13238457 HeapGrowthMultiplier: 3
12-19 21:53:27.245  3328  3744 I com.miui.home: CheckGCForNative gc_urgency 0.311016 current_native_bytes is 85330455
12-19 21:53:27.980  3328  3328 I wm_on_resume_called: [0,135965639,com.miui.home.launcher.Launcher,RESUME_ACTIVITY,67]
12-19 21:53:27.994  3328  3328 I com.miui.home: CheckGCForNative gc_urgency 0 current_native_bytes is 84932659
12-19 21:53:27.997  3328  3328 I wm_on_idle_called: com.miui.home.launcher.Launcher
12-19 21:53:28.121  3328  3381 I com.miui.home: CheckGCForNative gc_urgency 0 current_native_bytes is 84897179
12-19 21:53:28.157  3328  3381 I com.miui.home: CheckGCForNative adj_start_bytes: 42583543 NativeAllocationGcWatermark: 11567345 java_gc_start_bytes: 25232526 kNewNativeDiscountFactor: 2 kOldNativeDiscountFactor: 65536 old_native_bytes: 84897179 new_native_bytes: 10707008 add_bytes_allowed: 34702035 is_gc_concurrent: 1 target_footprint_: 25429898 GetBytesAllocated: 14307256 HeapGrowthMultiplier: 3
12-19 21:53:28.160  3328  3381 I com.miui.home: CheckGCForNative gc_urgency 0.461729 current_native_bytes is 95604187
12-19 21:53:28.161  3328  3381 I com.miui.home: CheckGCForNative adj_start_bytes: 42583543 NativeAllocationGcWatermark: 11567345 java_gc_start_bytes: 25232526 kNewNativeDiscountFactor: 2 kOldNativeDiscountFactor: 65536 old_native_bytes: 84897179 new_native_bytes: 21413952 add_bytes_allowed: 34702035 is_gc_concurrent: 1 target_footprint_: 25429898 GetBytesAllocated: 14323832 HeapGrowthMultiplier: 3
12-19 21:53:28.161  3328  3381 I com.miui.home: CheckGCForNative gc_urgency 0.587835 current_native_bytes is 106311131
12-19 21:53:28.162  3328  3381 I cccccc  : getTaskThumbnailInfo: 2460 1.0  10705920
12-19 21:53:28.222  9209  9209 I wm_on_paused_called: [0,217664121,com.eg.android.AlipayGphone.AlipayLogin,performPause,390]
12-19 21:53:28.467  3328  3744 I com.miui.home: CheckGCForNative adj_start_bytes: 42583543 NativeAllocationGcWatermark: 11567345 java_gc_start_bytes: 25232526 kNewNativeDiscountFactor: 2 kOldNativeDiscountFactor: 65536 old_native_bytes: 84897179 new_native_bytes: 10902016 add_bytes_allowed: 34702035 is_gc_concurrent: 1 target_footprint_: 25429898 GetBytesAllocated: 14548976 HeapGrowthMultiplier: 3
12-19 21:53:28.467  3328  3744 I com.miui.home: CheckGCForNative gc_urgency 0.469695 current_native_bytes is 95799195
12-19 21:53:28.533  3328  3328 I wm_on_top_resumed_gained_called: [135965639,com.miui.home.launcher.Launcher,topStateChangedWhenResumed]
12-19 21:53:28.635  9209  9209 I wm_on_stop_called: [0,217664121,com.eg.android.AlipayGphone.AlipayLogin,STOP_ACTIVITY_ITEM,71]
12-19 21:53:28.665  3328  3743 I com.miui.home: CheckGCForNative adj_start_bytes: 42583543 NativeAllocationGcWatermark: 11567345 java_gc_start_bytes: 25232526 kNewNativeDiscountFactor: 2 kOldNativeDiscountFactor: 65536 old_native_bytes: 84897179 new_native_bytes: 21564640 add_bytes_allowed: 34702035 is_gc_concurrent: 1 target_footprint_: 25429898 GetBytesAllocated: 15225561 HeapGrowthMultiplier: 3
12-19 21:53:28.665  3328  3743 I com.miui.home: CheckGCForNative gc_urgency 0.61078 current_native_bytes is 106461819
12-19 21:53:28.669  3328  3743 I com.miui.home: CheckGCForNative adj_start_bytes: 42583543 NativeAllocationGcWatermark: 11567345 java_gc_start_bytes: 25232526 kNewNativeDiscountFactor: 2 kOldNativeDiscountFactor: 65536 old_native_bytes: 84897179 new_native_bytes: 32271904 add_bytes_allowed: 34702035 is_gc_concurrent: 1 target_footprint_: 25429898 GetBytesAllocated: 15225753 HeapGrowthMultiplier: 3
12-19 21:53:28.670  3328  3743 I com.miui.home: CheckGCForNative gc_urgency 0.736505 current_native_bytes is 117169083
12-19 21:53:28.670  3328  3743 I cccccc  : getTaskThumbnailInfo: 2460 1.0  10705920
12-19 21:53:28.934  3328  3328 I wm_on_top_resumed_lost_called: [135965639,com.miui.home.launcher.Launcher,topStateChangedWhenResumed]
12-19 21:53:29.248  3328  3328 I wm_on_paused_called: [0,135965639,com.miui.home.launcher.Launcher,performPause,3]
12-19 21:53:29.412  3328  3744 I com.miui.home: CheckGCForNative adj_start_bytes: 42583543 NativeAllocationGcWatermark: 11567345 java_gc_start_bytes: 25232526 kNewNativeDiscountFactor: 2 kOldNativeDiscountFactor: 65536 old_native_bytes: 84897179 new_native_bytes: 21860024 add_bytes_allowed: 34702035 is_gc_concurrent: 1 target_footprint_: 25429898 GetBytesAllocated: 15613881 HeapGrowthMultiplier: 3
12-19 21:53:29.412  3328  3744 I com.miui.home: CheckGCForNative gc_urgency 0.623367 current_native_bytes is 106757203
12-19 21:53:29.422  3328  3744 I com.miui.home: CheckGCForNative adj_start_bytes: 42583543 NativeAllocationGcWatermark: 11567345 java_gc_start_bytes: 25232526 kNewNativeDiscountFactor: 2 kOldNativeDiscountFactor: 65536 old_native_bytes: 84897179 new_native_bytes: 21857720 add_bytes_allowed: 34702035 is_gc_concurrent: 1 target_footprint_: 25429898 GetBytesAllocated: 15622407 HeapGrowthMultiplier: 3
12-19 21:53:29.422  3328  3744 I com.miui.home: CheckGCForNative gc_urgency 0.62354 current_native_bytes is 106754899
12-19 21:53:29.756  3328  3744 I com.miui.home: CheckGCForNative adj_start_bytes: 42583543 NativeAllocationGcWatermark: 11567345 java_gc_start_bytes: 25232526 kNewNativeDiscountFactor: 2 kOldNativeDiscountFactor: 65536 old_native_bytes: 84897179 new_native_bytes: 21791136 add_bytes_allowed: 34702035 is_gc_concurrent: 1 target_footprint_: 25429898 GetBytesAllocated: 15836222 HeapGrowthMultiplier: 3
12-19 21:53:29.756  3328  3744 I com.miui.home: CheckGCForNative gc_urgency 0.62778 current_native_bytes is 106688315
12-19 21:53:29.825 10665 10665 I wm_on_create_called: [0,60507768,com.tencent.qqlive.ona.activity.SplashHomeActivity,performCreate,1044]
12-19 21:53:29.895 10665 10665 I wm_on_start_called: [0,60507768,com.tencent.qqlive.ona.activity.SplashHomeActivity,handleStartActivity,70]
12-19 21:53:30.279  9209  9209 I wm_on_idle_called: com.eg.android.AlipayGphone.AlipayLogin
12-19 21:53:30.329  3328  3328 I wm_on_stop_called: [0,135965639,com.miui.home.launcher.Launcher,STOP_ACTIVITY_ITEM,14]
12-19 21:53:30.541 11144 11144 I wm_on_create_called: [0,29291295,com.tencent.mobileqq.activity.SplashActivity,performCreate,251]
12-19 21:53:30.546 11144 11144 I wm_on_start_called: [0,29291295,com.tencent.mobileqq.activity.SplashActivity,handleStartActivity,3]
12-19 21:53:30.559 11144 11144 I wm_on_resume_called: [0,29291295,com.tencent.mobileqq.activity.SplashActivity,RESUME_ACTIVITY,10]
12-19 21:53:30.564 10665 10665 I wm_on_resume_called: [0,60507768,com.tencent.qqlive.ona.activity.SplashHomeActivity,RESUME_ACTIVITY,655]
12-19 21:53:30.591  3328  3328 I wm_on_restart_called: [0,135965639,com.miui.home.launcher.Launcher,,0]
12-19 21:53:30.593  3328  3328 I wm_on_start_called: [0,135965639,com.miui.home.launcher.Launcher,handleStartActivity,2]
12-19 21:53:30.627  3328  3328 I wm_on_resume_called: [0,135965639,com.miui.home.launcher.Launcher,RESUME_ACTIVITY,31]
12-19 21:53:30.751 11144 11144 I wm_on_top_resumed_gained_called: [29291295,com.tencent.mobileqq.activity.SplashActivity,topStateChangedWhenResumed]
12-19 21:53:30.752 11144 11144 I wm_on_top_resumed_lost_called: [29291295,com.tencent.mobileqq.activity.SplashActivity,topStateChangedWhenResumed]
12-19 21:53:30.788  3328  3328 I wm_on_top_resumed_gained_called: [135965639,com.miui.home.launcher.Launcher,topStateChangedWhenResumed]
12-19 21:53:30.789  3328  3328 I wm_on_idle_called: com.miui.home.launcher.Launcher
12-19 21:53:30.971  3328  3381 I com.miui.home: CheckGCForNative adj_start_bytes: 42583543 NativeAllocationGcWatermark: 11567345 java_gc_start_bytes: 25232526 kNewNativeDiscountFactor: 2 kOldNativeDiscountFactor: 65536 old_native_bytes: 84897179 new_native_bytes: 32462660 add_bytes_allowed: 34702035 is_gc_concurrent: 1 target_footprint_: 25429898 GetBytesAllocated: 17301612 HeapGrowthMultiplier: 3
12-19 21:53:30.971  3328  3381 I com.miui.home: CheckGCForNative gc_urgency 0.787493 current_native_bytes is 117359839
12-19 21:53:30.973  3328  3381 I com.miui.home: CheckGCForNative adj_start_bytes: 42583543 NativeAllocationGcWatermark: 11567345 java_gc_start_bytes: 25232526 kNewNativeDiscountFactor: 2 kOldNativeDiscountFactor: 65536 old_native_bytes: 84897179 new_native_bytes: 43169604 add_bytes_allowed: 34702035 is_gc_concurrent: 1 target_footprint_: 25429898 GetBytesAllocated: 17301804 HeapGrowthMultiplier: 3
12-19 21:53:30.973  3328  3381 I com.miui.home: CheckGCForNative gc_urgency 0.913214 current_native_bytes is 128066783
12-19 21:53:30.973  3328  3381 I cccccc  : getTaskThumbnailInfo: 2460 1.0  10705920
12-19 21:53:31.067  3328  3744 I com.miui.home: CheckGCForNative gc_urgency 0 current_native_bytes is 106656175
12-19 21:53:31.089  3328  3744 I com.miui.home: CheckGCForNative adj_start_bytes: 44913120 NativeAllocationGcWatermark: 11846976 java_gc_start_bytes: 27142656 kNewNativeDiscountFactor: 2 kOldNativeDiscountFactor: 65536 old_native_bytes: 106656175 new_native_bytes: 768 add_bytes_allowed: 35540928 is_gc_concurrent: 1 target_footprint_: 27666944 GetBytesAllocated: 14027964 HeapGrowthMultiplier: 3
12-19 21:53:31.089  3328  3744 I com.miui.home: CheckGCForNative gc_urgency 0.31238 current_native_bytes is 106656943
12-19 21:53:31.146 11144 11144 I wm_on_idle_called: com.tencent.mobileqq.activity.SplashActivity
12-19 21:53:31.433  3328  3744 I com.miui.home: CheckGCForNative gc_urgency 0 current_native_bytes is 95901503
12-19 21:53:31.461  3328  3743 I com.miui.home: CheckGCForNative adj_start_bytes: 44913120 NativeAllocationGcWatermark: 11846976 java_gc_start_bytes: 27142656 kNewNativeDiscountFactor: 2 kOldNativeDiscountFactor: 65536 old_native_bytes: 95901503 new_native_bytes: 10602112 add_bytes_allowed: 35540928 is_gc_concurrent: 1 target_footprint_: 27666944 GetBytesAllocated: 14403802 HeapGrowthMultiplier: 3
12-19 21:53:31.461  3328  3743 I com.miui.home: CheckGCForNative gc_urgency 0.438765 current_native_bytes is 106503615
12-19 21:53:31.464  3328  3743 I com.miui.home: CheckGCForNative adj_start_bytes: 44913120 NativeAllocationGcWatermark: 11846976 java_gc_start_bytes: 27142656 kNewNativeDiscountFactor: 2 kOldNativeDiscountFactor: 65536 old_native_bytes: 95901503 new_native_bytes: 21309184 add_bytes_allowed: 35540928 is_gc_concurrent: 1 target_footprint_: 27666944 GetBytesAllocated: 14409841 HeapGrowthMultiplier: 3
12-19 21:53:31.464  3328  3743 I com.miui.home: CheckGCForNative gc_urgency 0.558097 current_native_bytes is 117210687
12-19 21:53:31.466  3328  3743 I cccccc  : getTaskThumbnailInfo: 2460 1.0  10705920
12-19 21:53:31.491 11112 11112 I wm_on_application_create_called: [0,com.tencent.qqlive,372]
12-19 21:53:31.981  3328  3328 I wm_on_top_resumed_lost_called: [135965639,com.miui.home.launcher.Launcher,topStateChangedWhenResumed]
12-19 21:53:32.019 11144 11144 I wm_on_paused_called: [0,29291295,com.tencent.mobileqq.activity.SplashActivity,performPause,15]
12-19 21:53:32.029  3328  3328 I wm_on_paused_called: [0,135965639,com.miui.home.launcher.Launcher,performPause,3]
12-19 21:53:32.245 11050 11050 I wm_on_application_create_called: [0,com.eg.android.AlipayGphone,1343]
