12-21 19:13:06.962  3323  3323 I wm_on_top_resumed_lost_called: [45264680,com.miui.home.launcher.Launcher,topStateChangedWhenResumed]
12-21 19:13:06.968  3323  3323 I wm_on_paused_called: [0,45264680,com.miui.home.launcher.Launcher,performPause,3]
12-21 19:13:07.019  3323  3589 I com.miui.home: CheckGCForNative adj_start_bytes: 32318293 NativeAllocationGcWatermark: 10479813 java_gc_start_bytes: 16598574 kNewNativeDiscountFactor: 2 kOldNativeDiscountFactor: 65536 old_native_bytes: 70685863 new_native_bytes: 265948 add_bytes_allowed: 31439439 is_gc_concurrent: 1 target_footprint_: 16729646 GetBytesAllocated: 8764818 HeapGrowthMultiplier: 3
12-21 19:13:07.019  3323  3589 I com.miui.home: CheckGCForNative gc_urgency 0.275351 current_native_bytes is 70951811
12-21 19:13:07.020  3323  3387 D cccccc  : onTaskStackChangedBackground
12-21 19:13:07.024  3323  8094 D cccccc  : onTaskStackChangedBackground
12-21 19:13:07.077  3323  8094 D cccccc  : onTaskStackChangedBackground
12-21 19:13:07.116  3323  8094 D cccccc  : onTaskStackChangedBackground
12-21 19:13:07.462  3323  3641 I com.miui.home: CheckGCForNative adj_start_bytes: 32318293 NativeAllocationGcWatermark: 10479813 java_gc_start_bytes: 16598574 kNewNativeDiscountFactor: 2 kOldNativeDiscountFactor: 65536 old_native_bytes: 70685863 new_native_bytes: 1768100 add_bytes_allowed: 31439439 is_gc_concurrent: 1 target_footprint_: 16729646 GetBytesAllocated: 9452305 HeapGrowthMultiplier: 3
12-21 19:13:07.462  3323  3641 I com.miui.home: CheckGCForNative gc_urgency 0.319863 current_native_bytes is 72453963
12-21 19:13:07.474  3323  3689 I com.miui.home: CheckGCForNative adj_start_bytes: 32318293 NativeAllocationGcWatermark: 10479813 java_gc_start_bytes: 16598574 kNewNativeDiscountFactor: 2 kOldNativeDiscountFactor: 65536 old_native_bytes: 70685863 new_native_bytes: 1769444 add_bytes_allowed: 31439439 is_gc_concurrent: 1 target_footprint_: 16729646 GetBytesAllocated: 9521567 HeapGrowthMultiplier: 3
12-21 19:13:07.474  3323  3689 I com.miui.home: CheckGCForNative gc_urgency 0.322027 current_native_bytes is 72455307
12-21 19:13:07.632  3323  3689 E cccccc  : createTaskSnapshot:
12-21 19:13:07.632  3323  3689 I cccccc  : getTaskSnapshotInstance:
12-21 19:13:07.634  3323  3689 E cccccc  : createTaskSnapshot:
12-21 19:13:07.634  3323  3689 I cccccc  : getTaskSnapshotInstance:
12-21 19:13:07.673  3323  3641 I com.miui.home: CheckGCForNative adj_start_bytes: 32318293 NativeAllocationGcWatermark: 10479813 java_gc_start_bytes: 16598574 kNewNativeDiscountFactor: 2 kOldNativeDiscountFactor: 65536 old_native_bytes: 70685863 new_native_bytes: 2713336 add_bytes_allowed: 31439439 is_gc_concurrent: 1 target_footprint_: 16729646 GetBytesAllocated: 9898852 HeapGrowthMultiplier: 3
12-21 19:13:07.673  3323  3641 I com.miui.home: CheckGCForNative gc_urgency 0.348304 current_native_bytes is 73399199
12-21 19:13:07.803  3323  3689 I com.miui.home: CheckGCForNative adj_start_bytes: 32318293 NativeAllocationGcWatermark: 10479813 java_gc_start_bytes: 16598574 kNewNativeDiscountFactor: 2 kOldNativeDiscountFactor: 65536 old_native_bytes: 70685863 new_native_bytes: 13430456 add_bytes_allowed: 31439439 is_gc_concurrent: 1 target_footprint_: 16729646 GetBytesAllocated: 9952271 HeapGrowthMultiplier: 3
12-21 19:13:07.804  3323  3689 I com.miui.home: CheckGCForNative gc_urgency 0.515763 current_native_bytes is 84116319
12-21 19:13:07.809  3323  3689 I com.miui.home: CheckGCForNative adj_start_bytes: 32318293 NativeAllocationGcWatermark: 10479813 java_gc_start_bytes: 16598574 kNewNativeDiscountFactor: 2 kOldNativeDiscountFactor: 65536 old_native_bytes: 70685863 new_native_bytes: 24134904 add_bytes_allowed: 31439439 is_gc_concurrent: 1 target_footprint_: 16729646 GetBytesAllocated: 9961541 HeapGrowthMultiplier: 3
12-21 19:13:07.810  3323  3689 I com.miui.home: CheckGCForNative gc_urgency 0.68166 current_native_bytes is 94820767
12-21 19:13:07.811  3323  3689 E cccccc  : createTaskSnapshot:
12-21 19:13:07.811  3323  3689 I cccccc  : getTaskSnapshotInstance:
12-21 19:13:07.881  3323  3689 I com.miui.home: CheckGCForNative adj_start_bytes: 32318293 NativeAllocationGcWatermark: 10479813 java_gc_start_bytes: 16598574 kNewNativeDiscountFactor: 2 kOldNativeDiscountFactor: 65536 old_native_bytes: 70685863 new_native_bytes: 23889656 add_bytes_allowed: 31439439 is_gc_concurrent: 1 target_footprint_: 16729646 GetBytesAllocated: 9978808 HeapGrowthMultiplier: 3
12-21 19:13:07.882  3323  3689 I com.miui.home: CheckGCForNative gc_urgency 0.6784 current_native_bytes is 94575519
12-21 19:13:07.882  3323  3689 I com.miui.home: CheckGCForNative adj_start_bytes: 32318293 NativeAllocationGcWatermark: 10479813 java_gc_start_bytes: 16598574 kNewNativeDiscountFactor: 2 kOldNativeDiscountFactor: 65536 old_native_bytes: 70685863 new_native_bytes: 34596600 add_bytes_allowed: 31439439 is_gc_concurrent: 1 target_footprint_: 16729646 GetBytesAllocated: 9985147 HeapGrowthMultiplier: 3
12-21 19:13:07.882  3323  3689 I com.miui.home: CheckGCForNative gc_urgency 0.844244 current_native_bytes is 105282463
12-21 19:13:07.883  3323  3689 E cccccc  : createTaskSnapshot:
12-21 19:13:07.884  3323  3689 I cccccc  : getTaskSnapshotInstance:
12-21 19:13:07.946  3323  3689 I com.miui.home: CheckGCForNative adj_start_bytes: 32318293 NativeAllocationGcWatermark: 10479813 java_gc_start_bytes: 16598574 kNewNativeDiscountFactor: 2 kOldNativeDiscountFactor: 65536 old_native_bytes: 70685863 new_native_bytes: 34573880 add_bytes_allowed: 31439439 is_gc_concurrent: 1 target_footprint_: 16729646 GetBytesAllocated: 10000208 HeapGrowthMultiplier: 3
12-21 19:13:07.946  3323  3689 I com.miui.home: CheckGCForNative gc_urgency 0.844359 current_native_bytes is 105259743
12-21 19:13:07.947  3323  3689 I com.miui.home: CheckGCForNative adj_start_bytes: 32318293 NativeAllocationGcWatermark: 10479813 java_gc_start_bytes: 16598574 kNewNativeDiscountFactor: 2 kOldNativeDiscountFactor: 65536 old_native_bytes: 70685863 new_native_bytes: 45281016 add_bytes_allowed: 31439439 is_gc_concurrent: 1 target_footprint_: 16729646 GetBytesAllocated: 10007715 HeapGrowthMultiplier: 3
12-21 19:13:07.947  3323  3689 I com.miui.home: CheckGCForNative gc_urgency 1.01024 current_native_bytes is 115966879
12-21 19:13:07.947  3323  3689 I com.miui.home: CheckGCForNative requested 1
12-21 19:13:08.133  3323  3354 I com.miui.home: NativeAlloc concurrent copying GC freed 32639(1492KB) AllocSpace objects, 3(124KB) LOS objects, 49% free, 8425KB/16MB, paused 645us,27us total 185.585ms
12-21 19:13:08.313  3323  3689 E cccccc  : createTaskSnapshot:
12-21 19:13:08.313  3323  3689 I cccccc  : getTaskSnapshotInstance:
12-21 19:13:08.411  3323  3323 I wm_on_resume_called: [0,45264680,com.miui.home.launcher.Launcher,RESUME_ACTIVITY,31]
12-21 19:13:08.419  3323  3323 I com.miui.home: CheckGCForNative gc_urgency 0 current_native_bytes is 103951203
12-21 19:13:08.432  3323  3323 I wm_on_idle_called: com.miui.home.launcher.Launcher
12-21 19:13:08.572  3323  3387 I com.miui.home: CheckGCForNative adj_start_bytes: 32798243 NativeAllocationGcWatermark: 10545567 java_gc_start_bytes: 16979893 kNewNativeDiscountFactor: 2 kOldNativeDiscountFactor: 65536 old_native_bytes: 103951203 new_native_bytes: 10793228 add_bytes_allowed: 31636701 is_gc_concurrent: 1 target_footprint_: 17255678 GetBytesAllocated: 10005564 HeapGrowthMultiplier: 3
12-21 19:13:08.572  3323  3387 I com.miui.home: CheckGCForNative gc_urgency 0.469652 current_native_bytes is 114744431
12-21 19:13:08.572  3323  3387 I cccccc  : createTaskSnapshotCompat:
12-21 19:13:08.573  3323  3387 I com.miui.home: CheckGCForNative adj_start_bytes: 32798243 NativeAllocationGcWatermark: 10545567 java_gc_start_bytes: 16979893 kNewNativeDiscountFactor: 2 kOldNativeDiscountFactor: 65536 old_native_bytes: 103951203 new_native_bytes: 21501452 add_bytes_allowed: 31636701 is_gc_concurrent: 1 target_footprint_: 17255678 GetBytesAllocated: 10013363 HeapGrowthMultiplier: 3
12-21 19:13:08.573  3323  3387 I com.miui.home: CheckGCForNative gc_urgency 0.633134 current_native_bytes is 125452655
12-21 19:13:08.579  3323  3641 I com.miui.home: CheckGCForNative adj_start_bytes: 32798243 NativeAllocationGcWatermark: 10545567 java_gc_start_bytes: 16979893 kNewNativeDiscountFactor: 2 kOldNativeDiscountFactor: 65536 old_native_bytes: 103951203 new_native_bytes: 10795980 add_bytes_allowed: 31636701 is_gc_concurrent: 1 target_footprint_: 17255678 GetBytesAllocated: 10048122 HeapGrowthMultiplier: 3
12-21 19:13:08.579  3323  3641 I com.miui.home: CheckGCForNative gc_urgency 0.470992 current_native_bytes is 114747183
12-21 19:13:08.666  8683  8683 I wm_on_application_create_called: [0,com.autonavi.minimap,745]
12-21 19:13:08.698  8590  8590 I wm_on_application_create_called: [0,com.autonavi.minimap,1257]
12-21 19:13:08.836  3323  3323 I wm_on_top_resumed_gained_called: [45264680,com.miui.home.launcher.Launcher,topStateChangedWhenResumed]
12-21 19:13:08.862  3323  3641 I com.miui.home: CheckGCForNative adj_start_bytes: 32798243 NativeAllocationGcWatermark: 10545567 java_gc_start_bytes: 16979893 kNewNativeDiscountFactor: 2 kOldNativeDiscountFactor: 65536 old_native_bytes: 103951203 new_native_bytes: 10825660 add_bytes_allowed: 31636701 is_gc_concurrent: 1 target_footprint_: 17255678 GetBytesAllocated: 10504174 HeapGrowthMultiplier: 3
12-21 19:13:08.862  3323  3641 I com.miui.home: CheckGCForNative gc_urgency 0.485349 current_native_bytes is 114776863
12-21 19:13:08.973  8590  8590 I wm_on_create_called: [0,250764255,com.autonavi.map.activity.SplashActivity,performCreate,240]
12-21 19:13:09.060  3323  3639 I cccccc  : createTaskSnapshotCompat:
12-21 19:13:09.113  3323  3387 D cccccc  : onTaskStackChangedBackground
12-21 19:13:09.114  3323  8094 D cccccc  : onTaskStackChangedBackground
12-21 19:13:09.346  8590  8590 I wm_on_create_called: [0,146053854,com.autonavi.map.activity.NewMapActivity,performCreate,311]
12-21 19:13:09.354  3323  3323 I wm_on_top_resumed_lost_called: [45264680,com.miui.home.launcher.Launcher,topStateChangedWhenResumed]
12-21 19:13:09.354  8590  8590 I wm_on_start_called: [0,146053854,com.autonavi.map.activity.NewMapActivity,handleStartActivity,7]
12-21 19:13:09.360  8590  8590 I wm_on_resume_called: [0,146053854,com.autonavi.map.activity.NewMapActivity,RESUME_ACTIVITY,3]
12-21 19:13:09.375  3323  8094 D cccccc  : onTaskStackChangedBackground
12-21 19:13:09.376  3323  8094 D cccccc  : onTaskStackChangedBackground
12-21 19:13:09.450  8590  8590 I wm_on_destroy_called: [0,250764255,com.autonavi.map.activity.SplashActivity,performDestroy,0]
12-21 19:13:09.453  8590  8590 I wm_on_paused_called: [0,146053854,com.autonavi.map.activity.NewMapActivity,performPause,3]
12-21 19:13:09.473  3323  3323 I wm_on_paused_called: [0,45264680,com.miui.home.launcher.Launcher,performPause,2]
12-21 19:13:09.571  3323  3689 I com.miui.home: CheckGCForNative adj_start_bytes: 32798243 NativeAllocationGcWatermark: 10545567 java_gc_start_bytes: 16979893 kNewNativeDiscountFactor: 2 kOldNativeDiscountFactor: 65536 old_native_bytes: 103951203 new_native_bytes: 11264764 add_bytes_allowed: 31636701 is_gc_concurrent: 1 target_footprint_: 17255678 GetBytesAllocated: 11651299 HeapGrowthMultiplier: 3
12-21 19:13:09.571  3323  3689 I com.miui.home: CheckGCForNative gc_urgency 0.527018 current_native_bytes is 115215967
12-21 19:13:09.592  3323  3689 E cccccc  : createTaskSnapshot:
12-21 19:13:09.592  3323  3689 I cccccc  : getTaskSnapshotInstance:
12-21 19:13:09.630  8590  8590 I wm_on_stop_called: [0,146053854,com.autonavi.map.activity.NewMapActivity,STOP_ACTIVITY_ITEM,6]
12-21 19:13:09.640  8590  8590 I wm_on_idle_called: com.autonavi.map.activity.NewMapActivity
12-21 19:13:09.654  3323  3369 D cccccc  : onTaskStackChangedBackground
12-21 19:13:09.660  3323  3369 D cccccc  : onTaskStackChangedBackground
12-21 19:13:09.702  3323  3689 I com.miui.home: CheckGCForNative adj_start_bytes: 32798243 NativeAllocationGcWatermark: 10545567 java_gc_start_bytes: 16979893 kNewNativeDiscountFactor: 2 kOldNativeDiscountFactor: 65536 old_native_bytes: 103951203 new_native_bytes: 21997624 add_bytes_allowed: 31636701 is_gc_concurrent: 1 target_footprint_: 17255678 GetBytesAllocated: 11852166 HeapGrowthMultiplier: 3
12-21 19:13:09.703  3323  3689 I com.miui.home: CheckGCForNative gc_urgency 0.696762 current_native_bytes is 125948827
12-21 19:13:09.720  3323  3696 I com.miui.home: CheckGCForNative adj_start_bytes: 32798243 NativeAllocationGcWatermark: 10545567 java_gc_start_bytes: 16979893 kNewNativeDiscountFactor: 2 kOldNativeDiscountFactor: 65536 old_native_bytes: 103951203 new_native_bytes: 11293600 add_bytes_allowed: 31636701 is_gc_concurrent: 1 target_footprint_: 17255678 GetBytesAllocated: 11861812 HeapGrowthMultiplier: 3
12-21 19:13:09.720  3323  3696 I com.miui.home: CheckGCForNative gc_urgency 0.533876 current_native_bytes is 115244803
12-21 19:13:10.005  3323  3689 I com.miui.home: CheckGCForNative adj_start_bytes: 32798243 NativeAllocationGcWatermark: 10545567 java_gc_start_bytes: 16979893 kNewNativeDiscountFactor: 2 kOldNativeDiscountFactor: 65536 old_native_bytes: 103951203 new_native_bytes: 11908476 add_bytes_allowed: 31636701 is_gc_concurrent: 1 target_footprint_: 17255678 GetBytesAllocated: 12540711 HeapGrowthMultiplier: 3
12-21 19:13:10.005  3323  3689 I com.miui.home: CheckGCForNative gc_urgency 0.563949 current_native_bytes is 115859679
12-21 19:13:10.012  3323  3689 E cccccc  : createTaskSnapshot:
12-21 19:13:10.012  3323  3689 I cccccc  : getTaskSnapshotInstance:
12-21 19:13:10.253  9021  9021 I wm_on_create_called: [0,209806669,fm.qingting.qtradio.WelcomeActivity,performCreate,82]
12-21 19:13:10.254  9021  9021 I wm_on_start_called: [0,209806669,fm.qingting.qtradio.WelcomeActivity,handleStartActivity,1]
12-21 19:13:10.264  9021  9021 I wm_on_resume_called: [0,209806669,fm.qingting.qtradio.WelcomeActivity,RESUME_ACTIVITY,5]
12-21 19:13:10.306  9021  9021 I wm_on_top_resumed_gained_called: [209806669,fm.qingting.qtradio.WelcomeActivity,topStateChangedWhenResumed]
12-21 19:13:10.510  3323  3323 I wm_on_stop_called: [0,45264680,com.miui.home.launcher.Launcher,STOP_ACTIVITY_ITEM,6]
12-21 19:13:10.884  3323  3323 I wm_on_restart_called: [0,45264680,com.miui.home.launcher.Launcher,,0]
12-21 19:13:10.886  3323  3323 I wm_on_start_called: [0,45264680,com.miui.home.launcher.Launcher,handleStartActivity,1]
12-21 19:13:10.906  3323  3323 I wm_on_resume_called: [0,45264680,com.miui.home.launcher.Launcher,RESUME_ACTIVITY,19]
12-21 19:13:10.960  3323  3323 I com.miui.home: CheckGCForNative adj_start_bytes: 32798243 NativeAllocationGcWatermark: 10545567 java_gc_start_bytes: 16979893 kNewNativeDiscountFactor: 2 kOldNativeDiscountFactor: 65536 old_native_bytes: 103951203 new_native_bytes: 11842620 add_bytes_allowed: 31636701 is_gc_concurrent: 1 target_footprint_: 17255678 GetBytesAllocated: 13252902 HeapGrowthMultiplier: 3
12-21 19:13:10.960  3323  3323 I com.miui.home: CheckGCForNative gc_urgency 0.584659 current_native_bytes is 115793823
12-21 19:13:11.008  3323  3323 I wm_on_idle_called: com.miui.home.launcher.Launcher
12-21 19:13:11.054  3323  3369 I com.miui.home: CheckGCForNative adj_start_bytes: 32798243 NativeAllocationGcWatermark: 10545567 java_gc_start_bytes: 16979893 kNewNativeDiscountFactor: 2 kOldNativeDiscountFactor: 65536 old_native_bytes: 103951203 new_native_bytes: 12069432 add_bytes_allowed: 31636701 is_gc_concurrent: 1 target_footprint_: 17255678 GetBytesAllocated: 13532684 HeapGrowthMultiplier: 3
12-21 19:13:11.054  3323  3369 I com.miui.home: CheckGCForNative gc_urgency 0.596784 current_native_bytes is 116020635
12-21 19:13:11.074  9021  9021 I wm_on_top_resumed_lost_called: [209806669,fm.qingting.qtradio.WelcomeActivity,topStateChangedWhenResumed]
12-21 19:13:11.075  3323  3323 I wm_on_top_resumed_gained_called: [45264680,com.miui.home.launcher.Launcher,topStateChangedWhenResumed]
12-21 19:13:11.076  9021  9021 I wm_on_idle_called: fm.qingting.qtradio.WelcomeActivity
12-21 19:13:11.086  3323  3369 I com.miui.home: CheckGCForNative adj_start_bytes: 32798243 NativeAllocationGcWatermark: 10545567 java_gc_start_bytes: 16979893 kNewNativeDiscountFactor: 2 kOldNativeDiscountFactor: 65536 old_native_bytes: 103951203 new_native_bytes: 22777208 add_bytes_allowed: 31636701 is_gc_concurrent: 1 target_footprint_: 17255678 GetBytesAllocated: 13667896 HeapGrowthMultiplier: 3
12-21 19:13:11.086  3323  3369 I com.miui.home: CheckGCForNative gc_urgency 0.764007 current_native_bytes is 126728411
12-21 19:13:11.086  3323  3369 I cccccc  : createTaskSnapshotCompat:
12-21 19:13:11.087  3323  3369 I com.miui.home: CheckGCForNative adj_start_bytes: 32798243 NativeAllocationGcWatermark: 10545567 java_gc_start_bytes: 16979893 kNewNativeDiscountFactor: 2 kOldNativeDiscountFactor: 65536 old_native_bytes: 103951203 new_native_bytes: 33484152 add_bytes_allowed: 31636701 is_gc_concurrent: 1 target_footprint_: 17255678 GetBytesAllocated: 13693353 HeapGrowthMultiplier: 3
12-21 19:13:11.087  3323  3369 I com.miui.home: CheckGCForNative gc_urgency 0.928007 current_native_bytes is 137435355
12-21 19:13:11.395  3323  3641 I com.miui.home: CheckGCForNative adj_start_bytes: 32798243 NativeAllocationGcWatermark: 10545567 java_gc_start_bytes: 16979893 kNewNativeDiscountFactor: 2 kOldNativeDiscountFactor: 65536 old_native_bytes: 103951203 new_native_bytes: 22805928 add_bytes_allowed: 31636701 is_gc_concurrent: 1 target_footprint_: 17255678 GetBytesAllocated: 14136509 HeapGrowthMultiplier: 3
12-21 19:13:11.395  3323  3641 I com.miui.home: CheckGCForNative gc_urgency 0.778733 current_native_bytes is 126757131
12-21 19:13:11.567  3323  3639 I com.miui.home: CheckGCForNative adj_start_bytes: 32798243 NativeAllocationGcWatermark: 10545567 java_gc_start_bytes: 16979893 kNewNativeDiscountFactor: 2 kOldNativeDiscountFactor: 65536 old_native_bytes: 103951203 new_native_bytes: 33880824 add_bytes_allowed: 31636701 is_gc_concurrent: 1 target_footprint_: 17255678 GetBytesAllocated: 14215604 HeapGrowthMultiplier: 3
12-21 19:13:11.567  3323  3639 I com.miui.home: CheckGCForNative gc_urgency 0.949978 current_native_bytes is 137832027
12-21 19:13:11.568  3323  3639 I cccccc  : createTaskSnapshotCompat:
12-21 19:13:11.574  3323  3639 I com.miui.home: CheckGCForNative adj_start_bytes: 32798243 NativeAllocationGcWatermark: 10545567 java_gc_start_bytes: 16979893 kNewNativeDiscountFactor: 2 kOldNativeDiscountFactor: 65536 old_native_bytes: 103951203 new_native_bytes: 44587704 add_bytes_allowed: 31636701 is_gc_concurrent: 1 target_footprint_: 17255678 GetBytesAllocated: 14224904 HeapGrowthMultiplier: 3
12-21 19:13:11.574  3323  3639 I com.miui.home: CheckGCForNative gc_urgency 1.11348 current_native_bytes is 148538907
12-21 19:13:11.575  3323  3639 I com.miui.home: CheckGCForNative requested 1
12-21 19:13:11.588  9021  9021 I wm_on_paused_called: [0,209806669,fm.qingting.qtradio.WelcomeActivity,performPause,5]
12-21 19:13:11.670  9021  9021 I wm_on_stop_called: [0,209806669,fm.qingting.qtradio.WelcomeActivity,STOP_ACTIVITY_ITEM,6]
12-21 19:13:11.713  3323  3369 D cccccc  : onTaskStackChangedBackground
12-21 19:13:11.713  3323  3387 D cccccc  : onTaskStackChangedBackground
12-21 19:13:11.887  3323  3323 I wm_on_top_resumed_lost_called: [45264680,com.miui.home.launcher.Launcher,topStateChangedWhenResumed]
12-21 19:13:11.892  3323  3323 I wm_on_paused_called: [0,45264680,com.miui.home.launcher.Launcher,performPause,3]
12-21 19:13:11.911  3323  3698 D cccccc  : onTaskStackChangedBackground
12-21 19:13:11.916  3323  3698 D cccccc  : onTaskStackChangedBackground
12-21 19:13:11.951  3323  3354 I com.miui.home: NativeAlloc concurrent copying GC freed 128880(5273KB) AllocSpace objects, 6(312KB) LOS objects, 49% free, 8909KB/17MB, paused 302us,11.821ms total 375.742ms
12-21 19:13:11.999  3323  9407 D cccccc  : onTaskStackChangedBackground
12-21 19:13:12.003  3323  9407 D cccccc  : onTaskStackChangedBackground
12-21 19:13:12.240  3323  3689 I com.miui.home: CheckGCForNative gc_urgency 0 current_native_bytes is 128261787
12-21 19:13:12.244  3323  3689 I com.miui.home: CheckGCForNative adj_start_bytes: 33726164 NativeAllocationGcWatermark: 10669401 java_gc_start_bytes: 17722063 kNewNativeDiscountFactor: 2 kOldNativeDiscountFactor: 65536 old_native_bytes: 128261787 new_native_bytes: 4000 add_bytes_allowed: 32008203 is_gc_concurrent: 1 target_footprint_: 18246351 GetBytesAllocated: 9781576 HeapGrowthMultiplier: 3
12-21 19:13:12.244  3323  3689 I com.miui.home: CheckGCForNative gc_urgency 0.290147 current_native_bytes is 128265787
12-21 19:13:12.289  9314  9314 I wm_on_application_create_called: [0,com.xiaomi.bluetooth,636]
12-21 19:13:12.296  3323  3689 E cccccc  : createTaskSnapshot:
12-21 19:13:12.296  3323  3689 I cccccc  : getTaskSnapshotInstance:
12-21 19:13:12.297  3323  3689 I com.miui.home: CheckGCForNative adj_start_bytes: 33726164 NativeAllocationGcWatermark: 10669401 java_gc_start_bytes: 17722063 kNewNativeDiscountFactor: 2 kOldNativeDiscountFactor: 65536 old_native_bytes: 128261787 new_native_bytes: 12018588 add_bytes_allowed: 32008203 is_gc_concurrent: 1 target_footprint_: 18246351 GetBytesAllocated: 9885794 HeapGrowthMultiplier: 3
12-21 19:13:12.297  3323  3689 I com.miui.home: CheckGCForNative gc_urgency 0.471356 current_native_bytes is 140280375
12-21 19:13:12.484  3323  3641 I com.miui.home: CheckGCForNative adj_start_bytes: 33726164 NativeAllocationGcWatermark: 10669401 java_gc_start_bytes: 17722063 kNewNativeDiscountFactor: 2 kOldNativeDiscountFactor: 65536 old_native_bytes: 128261787 new_native_bytes: 1396120 add_bytes_allowed: 32008203 is_gc_concurrent: 1 target_footprint_: 18246351 GetBytesAllocated: 10214793 HeapGrowthMultiplier: 3
12-21 19:13:12.484  3323  3641 I com.miui.home: CheckGCForNative gc_urgency 0.32363 current_native_bytes is 129657907
12-21 19:13:12.565  3323  3689 E cccccc  : createTaskSnapshot:
12-21 19:13:12.565  3323  3689 I cccccc  : getTaskSnapshotInstance:
12-21 19:13:13.380  3323  3323 I com.miui.home: CheckGCForNative adj_start_bytes: 33726164 NativeAllocationGcWatermark: 10669401 java_gc_start_bytes: 17722063 kNewNativeDiscountFactor: 2 kOldNativeDiscountFactor: 65536 old_native_bytes: 128261787 new_native_bytes: 1258760 add_bytes_allowed: 32008203 is_gc_concurrent: 1 target_footprint_: 18246351 GetBytesAllocated: 10916018 HeapGrowthMultiplier: 3
12-21 19:13:13.380  3323  3323 I com.miui.home: CheckGCForNative gc_urgency 0.342386 current_native_bytes is 129520547
12-21 19:13:13.429  3323  3323 I wm_on_resume_called: [0,45264680,com.miui.home.launcher.Launcher,RESUME_ACTIVITY,23]
12-21 19:13:13.446  3323  3323 I wm_on_idle_called: com.miui.home.launcher.Launcher
12-21 19:13:13.459  3323  3589 I com.miui.home: CheckGCForNative adj_start_bytes: 33726164 NativeAllocationGcWatermark: 10669401 java_gc_start_bytes: 17722063 kNewNativeDiscountFactor: 2 kOldNativeDiscountFactor: 65536 old_native_bytes: 128261787 new_native_bytes: 1219508 add_bytes_allowed: 32008203 is_gc_concurrent: 1 target_footprint_: 18246351 GetBytesAllocated: 11175436 HeapGrowthMultiplier: 3
12-21 19:13:13.459  3323  3589 I com.miui.home: CheckGCForNative gc_urgency 0.349496 current_native_bytes is 129481295
12-21 19:13:13.527  3323  3369 I com.miui.home: CheckGCForNative adj_start_bytes: 33726164 NativeAllocationGcWatermark: 10669401 java_gc_start_bytes: 17722063 kNewNativeDiscountFactor: 2 kOldNativeDiscountFactor: 65536 old_native_bytes: 128261787 new_native_bytes: 12014684 add_bytes_allowed: 32008203 is_gc_concurrent: 1 target_footprint_: 18246351 GetBytesAllocated: 11329495 HeapGrowthMultiplier: 3
12-21 19:13:13.527  3323  3369 I com.miui.home: CheckGCForNative gc_urgency 0.514194 current_native_bytes is 140276471
12-21 19:13:13.531  3323  3369 I cccccc  : createTaskSnapshotCompat:
12-21 19:13:13.539  3323  3369 I com.miui.home: CheckGCForNative adj_start_bytes: 33726164 NativeAllocationGcWatermark: 10669401 java_gc_start_bytes: 17722063 kNewNativeDiscountFactor: 2 kOldNativeDiscountFactor: 65536 old_native_bytes: 128261787 new_native_bytes: 22723100 add_bytes_allowed: 32008203 is_gc_concurrent: 1 target_footprint_: 18246351 GetBytesAllocated: 11661132 HeapGrowthMultiplier: 3
12-21 19:13:13.539  3323  3369 I com.miui.home: CheckGCForNative gc_urgency 0.682694 current_native_bytes is 150984887
12-21 19:13:13.634  9408  9408 I wm_on_application_create_called: [0,com.ss.android.ugc.aweme,601]
12-21 19:13:13.806  3323  3641 I com.miui.home: CheckGCForNative adj_start_bytes: 33726164 NativeAllocationGcWatermark: 10669401 java_gc_start_bytes: 17722063 kNewNativeDiscountFactor: 2 kOldNativeDiscountFactor: 65536 old_native_bytes: 128261787 new_native_bytes: 12071740 add_bytes_allowed: 32008203 is_gc_concurrent: 1 target_footprint_: 18246351 GetBytesAllocated: 12139218 HeapGrowthMultiplier: 3
12-21 19:13:13.807  3323  3641 I com.miui.home: CheckGCForNative gc_urgency 0.53896 current_native_bytes is 140333527
12-21 19:13:13.845  3323  3323 I wm_on_top_resumed_gained_called: [45264680,com.miui.home.launcher.Launcher,topStateChangedWhenResumed]
12-21 19:13:13.995  3323  3641 I com.miui.home: CheckGCForNative adj_start_bytes: 33726164 NativeAllocationGcWatermark: 10669401 java_gc_start_bytes: 17722063 kNewNativeDiscountFactor: 2 kOldNativeDiscountFactor: 65536 old_native_bytes: 128261787 new_native_bytes: 12110876 add_bytes_allowed: 32008203 is_gc_concurrent: 1 target_footprint_: 18246351 GetBytesAllocated: 12246299 HeapGrowthMultiplier: 3
12-21 19:13:13.995  3323  3641 I com.miui.home: CheckGCForNative gc_urgency 0.542715 current_native_bytes is 140372663
12-21 19:13:14.022  3323  3639 I cccccc  : createTaskSnapshotCompat:
12-21 19:13:14.170  9408  9408 I wm_on_create_called: [0,29278947,com.ss.android.ugc.aweme.splash.SplashActivity,performCreate,456]
12-21 19:13:14.296  3323  3323 I wm_on_top_resumed_lost_called: [45264680,com.miui.home.launcher.Launcher,topStateChangedWhenResumed]
12-21 19:13:14.303  3323  9407 D cccccc  : onTaskStackChangedBackground
12-21 19:13:14.313  3323  9407 D cccccc  : onTaskStackChangedBackground
12-21 19:13:14.525  3323  3323 I wm_on_paused_called: [0,45264680,com.miui.home.launcher.Launcher,performPause,3]
12-21 19:13:14.589  3323  3689 I com.miui.home: CheckGCForNative adj_start_bytes: 33726164 NativeAllocationGcWatermark: 10669401 java_gc_start_bytes: 17722063 kNewNativeDiscountFactor: 2 kOldNativeDiscountFactor: 65536 old_native_bytes: 128261787 new_native_bytes: 12412112 add_bytes_allowed: 32008203 is_gc_concurrent: 1 target_footprint_: 18246351 GetBytesAllocated: 13065298 HeapGrowthMultiplier: 3
12-21 19:13:14.589  3323  3689 I com.miui.home: CheckGCForNative gc_urgency 0.571465 current_native_bytes is 140673899
12-21 19:13:14.621  3323  3369 D cccccc  : onTaskStackChangedBackground
12-21 19:13:14.624  3323  9407 D cccccc  : onTaskStackChangedBackground
12-21 19:13:14.673  3323  3689 E cccccc  : createTaskSnapshot:
12-21 19:13:14.673  3323  3689 I cccccc  : getTaskSnapshotInstance:
12-21 19:13:14.675  3323  3689 I com.miui.home: CheckGCForNative adj_start_bytes: 33726164 NativeAllocationGcWatermark: 10669401 java_gc_start_bytes: 17722063 kNewNativeDiscountFactor: 2 kOldNativeDiscountFactor: 65536 old_native_bytes: 128261787 new_native_bytes: 23256720 add_bytes_allowed: 32008203 is_gc_concurrent: 1 target_footprint_: 18246351 GetBytesAllocated: 13401036 HeapGrowthMultiplier: 3
12-21 19:13:14.676  3323  3689 I com.miui.home: CheckGCForNative gc_urgency 0.742194 current_native_bytes is 151518507
12-21 19:13:14.710  3323  3576 E cccccc  : createTaskSnapshot:
12-21 19:13:14.710  3323  3576 I cccccc  : getTaskSnapshotInstance:
12-21 19:13:14.802  9408  9408 I wm_on_start_called: [0,29278947,com.ss.android.ugc.aweme.splash.SplashActivity,handleStartActivity,627]
12-21 19:13:14.961  3323  3576 E cccccc  : createTaskSnapshot:
12-21 19:13:14.961  3323  3576 I cccccc  : getTaskSnapshotInstance:
12-21 19:13:14.984  3323  3641 I com.miui.home: CheckGCForNative adj_start_bytes: 33726164 NativeAllocationGcWatermark: 10669401 java_gc_start_bytes: 17722063 kNewNativeDiscountFactor: 2 kOldNativeDiscountFactor: 65536 old_native_bytes: 128261787 new_native_bytes: 13153884 add_bytes_allowed: 32008203 is_gc_concurrent: 1 target_footprint_: 18246351 GetBytesAllocated: 14207951 HeapGrowthMultiplier: 3
12-21 19:13:14.984  3323  3641 I com.miui.home: CheckGCForNative gc_urgency 0.616342 current_native_bytes is 141415671
12-21 19:13:15.059  9408  9408 I wm_on_resume_called: [0,29278947,com.ss.android.ugc.aweme.splash.SplashActivity,RESUME_ACTIVITY,178]
12-21 19:13:15.306  3323  3641 I com.miui.home: CheckGCForNative adj_start_bytes: 33726164 NativeAllocationGcWatermark: 10669401 java_gc_start_bytes: 17722063 kNewNativeDiscountFactor: 2 kOldNativeDiscountFactor: 65536 old_native_bytes: 128261787 new_native_bytes: 13161876 add_bytes_allowed: 32008203 is_gc_concurrent: 1 target_footprint_: 18246351 GetBytesAllocated: 14320181 HeapGrowthMultiplier: 3
12-21 19:13:15.306  3323  3641 I com.miui.home: CheckGCForNative gc_urgency 0.619788 current_native_bytes is 141423663
12-21 19:13:15.535  9738  9738 I wm_on_create_called: [0,170069756,com.eg.android.AlipayGphone.AlipayLogin,performCreate,114]
12-21 19:13:15.543  9738  9738 I wm_on_start_called: [0,170069756,com.eg.android.AlipayGphone.AlipayLogin,handleStartActivity,7]
12-21 19:13:15.550  9738  9738 I wm_on_resume_called: [0,170069756,com.eg.android.AlipayGphone.AlipayLogin,RESUME_ACTIVITY,5]
12-21 19:13:15.580  9738  9738 I wm_on_top_resumed_gained_called: [170069756,com.eg.android.AlipayGphone.AlipayLogin,topStateChangedWhenResumed]
12-21 19:13:15.799  3323  3323 I com.miui.home: CheckGCForNative adj_start_bytes: 33726164 NativeAllocationGcWatermark: 10669401 java_gc_start_bytes: 17722063 kNewNativeDiscountFactor: 2 kOldNativeDiscountFactor: 65536 old_native_bytes: 128261787 new_native_bytes: 12875528 add_bytes_allowed: 32008203 is_gc_concurrent: 1 target_footprint_: 18246351 GetBytesAllocated: 14739524 HeapGrowthMultiplier: 3
12-21 19:13:15.799  3323  3323 I com.miui.home: CheckGCForNative gc_urgency 0.627977 current_native_bytes is 141137315
12-21 19:13:15.849  3323  3323 I wm_on_resume_called: [0,45264680,com.miui.home.launcher.Launcher,RESUME_ACTIVITY,21]
12-21 19:13:15.865  3323  3323 I wm_on_idle_called: com.miui.home.launcher.Launcher
12-21 19:13:15.930  3323  9407 I com.miui.home: CheckGCForNative adj_start_bytes: 33726164 NativeAllocationGcWatermark: 10669401 java_gc_start_bytes: 17722063 kNewNativeDiscountFactor: 2 kOldNativeDiscountFactor: 65536 old_native_bytes: 128261787 new_native_bytes: 23778800 add_bytes_allowed: 32008203 is_gc_concurrent: 1 target_footprint_: 18246351 GetBytesAllocated: 15116929 HeapGrowthMultiplier: 3
12-21 19:13:15.930  3323  9407 I com.miui.home: CheckGCForNative gc_urgency 0.800811 current_native_bytes is 152040587
12-21 19:13:15.931  3323  9407 I cccccc  : createTaskSnapshotCompat:
12-21 19:13:15.933  3323  9407 I com.miui.home: CheckGCForNative adj_start_bytes: 33726164 NativeAllocationGcWatermark: 10669401 java_gc_start_bytes: 17722063 kNewNativeDiscountFactor: 2 kOldNativeDiscountFactor: 65536 old_native_bytes: 128261787 new_native_bytes: 34485744 add_bytes_allowed: 32008203 is_gc_concurrent: 1 target_footprint_: 18246351 GetBytesAllocated: 15123014 HeapGrowthMultiplier: 3
12-21 19:13:15.933  3323  9407 I com.miui.home: CheckGCForNative gc_urgency 0.959725 current_native_bytes is 162747531
12-21 19:13:16.184  3323  3641 I com.miui.home: CheckGCForNative adj_start_bytes: 33726164 NativeAllocationGcWatermark: 10669401 java_gc_start_bytes: 17722063 kNewNativeDiscountFactor: 2 kOldNativeDiscountFactor: 65536 old_native_bytes: 128261787 new_native_bytes: 23951824 add_bytes_allowed: 32008203 is_gc_concurrent: 1 target_footprint_: 18246351 GetBytesAllocated: 15957023 HeapGrowthMultiplier: 3
12-21 19:13:16.184  3323  3641 I com.miui.home: CheckGCForNative gc_urgency 0.828285 current_native_bytes is 152213611
12-21 19:13:16.265  3323  3323 I wm_on_top_resumed_gained_called: [45264680,com.miui.home.launcher.Launcher,topStateChangedWhenResumed]
12-21 19:13:16.307  9408  9408 I wm_on_top_resumed_gained_called: [29278947,com.ss.android.ugc.aweme.splash.SplashActivity,topStateChangedWhenResumed]
12-21 19:13:16.366  9408  9408 I wm_on_top_resumed_lost_called: [29278947,com.ss.android.ugc.aweme.splash.SplashActivity,topStateChangedWhenResumed]
12-21 19:13:16.373  3323  3641 I com.miui.home: CheckGCForNative adj_start_bytes: 33726164 NativeAllocationGcWatermark: 10669401 java_gc_start_bytes: 17722063 kNewNativeDiscountFactor: 2 kOldNativeDiscountFactor: 65536 old_native_bytes: 128261787 new_native_bytes: 23990704 add_bytes_allowed: 32008203 is_gc_concurrent: 1 target_footprint_: 18246351 GetBytesAllocated: 16025378 HeapGrowthMultiplier: 3
12-21 19:13:16.373  3323  3641 I com.miui.home: CheckGCForNative gc_urgency 0.830889 current_native_bytes is 152252491
12-21 19:13:16.418  3323  3639 I com.miui.home: CheckGCForNative adj_start_bytes: 33726164 NativeAllocationGcWatermark: 10669401 java_gc_start_bytes: 17722063 kNewNativeDiscountFactor: 2 kOldNativeDiscountFactor: 65536 old_native_bytes: 128261787 new_native_bytes: 34673072 add_bytes_allowed: 32008203 is_gc_concurrent: 1 target_footprint_: 18246351 GetBytesAllocated: 16048358 HeapGrowthMultiplier: 3
12-21 19:13:16.418  3323  3639 I com.miui.home: CheckGCForNative gc_urgency 0.989939 current_native_bytes is 162934859
12-21 19:13:16.418  3323  3639 I cccccc  : createTaskSnapshotCompat:
12-21 19:13:16.419  3323  3639 I com.miui.home: CheckGCForNative adj_start_bytes: 33726164 NativeAllocationGcWatermark: 10669401 java_gc_start_bytes: 17722063 kNewNativeDiscountFactor: 2 kOldNativeDiscountFactor: 65536 old_native_bytes: 128261787 new_native_bytes: 45380336 add_bytes_allowed: 32008203 is_gc_concurrent: 1 target_footprint_: 18246351 GetBytesAllocated: 16053160 HeapGrowthMultiplier: 3
12-21 19:13:16.419  3323  3639 I com.miui.home: CheckGCForNative gc_urgency 1.14882 current_native_bytes is 173642123
12-21 19:13:16.419  3323  3639 I com.miui.home: CheckGCForNative requested 1
12-21 19:13:16.674  9785  9785 I wm_on_application_create_called: [0,com.ss.android.ugc.aweme,770]
12-21 19:13:16.873  3323  3323 I wm_on_top_resumed_lost_called: [45264680,com.miui.home.launcher.Launcher,topStateChangedWhenResumed]
12-21 19:13:16.926  3323  9407 D cccccc  : onTaskStackChangedBackground
12-21 19:13:16.934  3323  3698 D cccccc  : onTaskStackChangedBackground
12-21 19:13:16.950  3323  3323 I wm_on_paused_called: [0,45264680,com.miui.home.launcher.Launcher,performPause,3]
12-21 19:13:16.958  3323  3354 I com.miui.home: NativeAlloc concurrent copying GC freed 163508(6813KB) AllocSpace objects, 10(448KB) LOS objects, 49% free, 8830KB/17MB, paused 206us,524us total 538.765ms
12-21 19:13:17.114  3323  8617 I com.miui.home: CheckGCForNative gc_urgency 0 current_native_bytes is 130706511
12-21 19:13:17.128  3323  3367 D cccccc  : onTaskStackChangedBackground
12-21 19:13:17.129  3323  3387 D cccccc  : onTaskStackChangedBackground
12-21 19:13:17.153  9408  9408 I wm_on_paused_called: [0,29278947,com.ss.android.ugc.aweme.splash.SplashActivity,performPause,407]
12-21 19:13:17.373  3323  3641 I com.miui.home: CheckGCForNative gc_urgency 0 current_native_bytes is 129778131
12-21 19:13:17.551  3323  3641 I com.miui.home: CheckGCForNative adj_start_bytes: 33633350 NativeAllocationGcWatermark: 10649106 java_gc_start_bytes: 17659691 kNewNativeDiscountFactor: 2 kOldNativeDiscountFactor: 65536 old_native_bytes: 129778131 new_native_bytes: 27944 add_bytes_allowed: 31947318 is_gc_concurrent: 1 target_footprint_: 18083990 GetBytesAllocated: 10092685 HeapGrowthMultiplier: 3
12-21 19:13:17.551  3323  3641 I com.miui.home: CheckGCForNative gc_urgency 0.300554 current_native_bytes is 129806075
12-21 19:13:17.626  3323  3689 E cccccc  : createTaskSnapshot:
12-21 19:13:17.626  3323  3689 I cccccc  : getTaskSnapshotInstance:
12-21 19:13:17.692  3323  3576 E cccccc  : createTaskSnapshot:
12-21 19:13:17.692  3323  3576 I cccccc  : getTaskSnapshotInstance:
12-21 19:13:17.726  3323  3576 I com.miui.home: CheckGCForNative adj_start_bytes: 33633350 NativeAllocationGcWatermark: 10649106 java_gc_start_bytes: 17659691 kNewNativeDiscountFactor: 2 kOldNativeDiscountFactor: 65536 old_native_bytes: 129778131 new_native_bytes: 10579368 add_bytes_allowed: 31947318 is_gc_concurrent: 1 target_footprint_: 18083990 GetBytesAllocated: 10329346 HeapGrowthMultiplier: 3
12-21 19:13:17.726  3323  3576 I com.miui.home: CheckGCForNative gc_urgency 0.46445 current_native_bytes is 140357499
12-21 19:13:17.736 10134 10134 I wm_on_application_create_called: [0,com.eg.android.AlipayGphone,382]
12-21 19:13:17.784 10289 10289 I wm_on_create_called: [0,173323437,com.xunmeng.pinduoduo.ui.activity.MainFrameActivity,performCreate,100]
12-21 19:13:17.798  3323  3576 I com.miui.home: CheckGCForNative adj_start_bytes: 33633350 NativeAllocationGcWatermark: 10649106 java_gc_start_bytes: 17659691 kNewNativeDiscountFactor: 2 kOldNativeDiscountFactor: 65536 old_native_bytes: 129778131 new_native_bytes: 25202360 add_bytes_allowed: 31947318 is_gc_concurrent: 1 target_footprint_: 18083990 GetBytesAllocated: 10412455 HeapGrowthMultiplier: 3
12-21 19:13:17.798  3323  3576 I com.miui.home: CheckGCForNative gc_urgency 0.684309 current_native_bytes is 154980491
12-21 19:13:17.799  3323  3576 I com.miui.home: CheckGCForNative adj_start_bytes: 33633350 NativeAllocationGcWatermark: 10649106 java_gc_start_bytes: 17659691 kNewNativeDiscountFactor: 2 kOldNativeDiscountFactor: 65536 old_native_bytes: 129778131 new_native_bytes: 13405880 add_bytes_allowed: 31947318 is_gc_concurrent: 1 target_footprint_: 18083990 GetBytesAllocated: 10412455 HeapGrowthMultiplier: 3
12-21 19:13:17.799  3323  3576 I com.miui.home: CheckGCForNative gc_urgency 0.508941 current_native_bytes is 143184011
12-21 19:13:17.836  3323  3576 I com.miui.home: CheckGCForNative adj_start_bytes: 33633350 NativeAllocationGcWatermark: 10649106 java_gc_start_bytes: 17659691 kNewNativeDiscountFactor: 2 kOldNativeDiscountFactor: 65536 old_native_bytes: 129778131 new_native_bytes: 14336620 add_bytes_allowed: 31947318 is_gc_concurrent: 1 target_footprint_: 18083990 GetBytesAllocated: 10479108 HeapGrowthMultiplier: 3
12-21 19:13:17.836  3323  3576 I com.miui.home: CheckGCForNative gc_urgency 0.524759 current_native_bytes is 144114751
12-21 19:13:17.949  3323  3689 I com.miui.home: CheckGCForNative adj_start_bytes: 33633350 NativeAllocationGcWatermark: 10649106 java_gc_start_bytes: 17659691 kNewNativeDiscountFactor: 2 kOldNativeDiscountFactor: 65536 old_native_bytes: 129778131 new_native_bytes: 14518828 add_bytes_allowed: 31947318 is_gc_concurrent: 1 target_footprint_: 18083990 GetBytesAllocated: 10775290 HeapGrowthMultiplier: 3
12-21 19:13:17.949  3323  3689 I com.miui.home: CheckGCForNative gc_urgency 0.536274 current_native_bytes is 144296959
12-21 19:13:17.987  3323  3698 D cccccc  : onTaskStackChangedBackground
12-21 19:13:17.991  3323  3698 D cccccc  : onTaskStackChangedBackground
12-21 19:13:17.992  3323  3689 E cccccc  : createTaskSnapshot:
12-21 19:13:17.993  3323  3689 I cccccc  : getTaskSnapshotInstance:
12-21 19:13:17.994  3323  3576 I com.miui.home: CheckGCForNative adj_start_bytes: 33633350 NativeAllocationGcWatermark: 10649106 java_gc_start_bytes: 17659691 kNewNativeDiscountFactor: 2 kOldNativeDiscountFactor: 65536 old_native_bytes: 129778131 new_native_bytes: 16155876 add_bytes_allowed: 31947318 is_gc_concurrent: 1 target_footprint_: 18083990 GetBytesAllocated: 10884826 HeapGrowthMultiplier: 3
12-21 19:13:17.994  3323  3576 I com.miui.home: CheckGCForNative gc_urgency 0.563867 current_native_bytes is 145934007
12-21 19:13:18.006 10289 10289 I wm_on_create_called: [0,113431245,com.xunmeng.pinduoduo.ui.activity.HomeActivity,performCreate,86]
12-21 19:13:18.015  3323  3576 I com.miui.home: CheckGCForNative adj_start_bytes: 33633350 NativeAllocationGcWatermark: 10649106 java_gc_start_bytes: 17659691 kNewNativeDiscountFactor: 2 kOldNativeDiscountFactor: 65536 old_native_bytes: 129778131 new_native_bytes: 17606764 add_bytes_allowed: 31947318 is_gc_concurrent: 1 target_footprint_: 18083990 GetBytesAllocated: 10904102 HeapGrowthMultiplier: 3
12-21 19:13:18.015  3323  3576 I com.miui.home: CheckGCForNative gc_urgency 0.58601 current_native_bytes is 147384895
12-21 19:13:18.030  3323  3576 I com.miui.home: CheckGCForNative adj_start_bytes: 33633350 NativeAllocationGcWatermark: 10649106 java_gc_start_bytes: 17659691 kNewNativeDiscountFactor: 2 kOldNativeDiscountFactor: 65536 old_native_bytes: 129778131 new_native_bytes: 28632412 add_bytes_allowed: 31947318 is_gc_concurrent: 1 target_footprint_: 18083990 GetBytesAllocated: 10952884 HeapGrowthMultiplier: 3
12-21 19:13:18.030  3323  3576 I com.miui.home: CheckGCForNative gc_urgency 0.751369 current_native_bytes is 158410543
12-21 19:13:18.081 10289 10289 I wm_on_start_called: [0,113431245,com.xunmeng.pinduoduo.ui.activity.HomeActivity,handleStartActivity,71]
12-21 19:13:18.116 10289 10289 I wm_on_resume_called: [0,113431245,com.xunmeng.pinduoduo.ui.activity.HomeActivity,RESUME_ACTIVITY,18]
12-21 19:13:18.301  3323  3323 I wm_on_resume_called: [0,45264680,com.miui.home.launcher.Launcher,RESUME_ACTIVITY,21]
12-21 19:13:18.319  3323  3323 I wm_on_idle_called: com.miui.home.launcher.Launcher
12-21 19:13:18.337 10289 10289 I wm_on_top_resumed_gained_called: [113431245,com.xunmeng.pinduoduo.ui.activity.HomeActivity,topStateChangedWhenResumed]
12-21 19:13:18.341 10289 10289 I wm_on_top_resumed_lost_called: [113431245,com.xunmeng.pinduoduo.ui.activity.HomeActivity,topStateChangedWhenResumed]
12-21 19:13:18.374  3323  3689 E cccccc  : createTaskSnapshot:
12-21 19:13:18.374  3323  3689 I cccccc  : getTaskSnapshotInstance:
12-21 19:13:18.391  3323  3323 I wm_on_top_resumed_gained_called: [45264680,com.miui.home.launcher.Launcher,topStateChangedWhenResumed]
12-21 19:13:18.492  3323 10171 I com.miui.home: CheckGCForNative adj_start_bytes: 33633350 NativeAllocationGcWatermark: 10649106 java_gc_start_bytes: 17659691 kNewNativeDiscountFactor: 2 kOldNativeDiscountFactor: 65536 old_native_bytes: 129778131 new_native_bytes: 40034212 add_bytes_allowed: 31947318 is_gc_concurrent: 1 target_footprint_: 18083990 GetBytesAllocated: 13042429 HeapGrowthMultiplier: 3
12-21 19:13:18.492  3323 10171 I com.miui.home: CheckGCForNative gc_urgency 0.982998 current_native_bytes is 169812343
12-21 19:13:18.493  3323 10171 I cccccc  : createTaskSnapshotCompat:
12-21 19:13:18.508  3323 10171 I com.miui.home: CheckGCForNative adj_start_bytes: 33633350 NativeAllocationGcWatermark: 10649106 java_gc_start_bytes: 17659691 kNewNativeDiscountFactor: 2 kOldNativeDiscountFactor: 65536 old_native_bytes: 129778131 new_native_bytes: 50722468 add_bytes_allowed: 31947318 is_gc_concurrent: 1 target_footprint_: 18083990 GetBytesAllocated: 13051199 HeapGrowthMultiplier: 3
12-21 19:13:18.508  3323 10171 I com.miui.home: CheckGCForNative gc_urgency 1.14215 current_native_bytes is 180500599
12-21 19:13:18.508  3323 10171 I com.miui.home: CheckGCForNative requested 1
12-21 19:13:18.629  3323  3641 I com.miui.home: CheckGCForNative adj_start_bytes: 33633350 NativeAllocationGcWatermark: 10649106 java_gc_start_bytes: 17659691 kNewNativeDiscountFactor: 2 kOldNativeDiscountFactor: 65536 old_native_bytes: 129778131 new_native_bytes: 40097052 add_bytes_allowed: 31947318 is_gc_concurrent: 1 target_footprint_: 18083990 GetBytesAllocated: 13134292 HeapGrowthMultiplier: 3
12-21 19:13:18.629  3323  3641 I com.miui.home: CheckGCForNative gc_urgency 0.986663 current_native_bytes is 169875183
12-21 19:13:18.773  3323  3641 I com.miui.home: CheckGCForNative adj_start_bytes: 33633350 NativeAllocationGcWatermark: 10649106 java_gc_start_bytes: 17659691 kNewNativeDiscountFactor: 2 kOldNativeDiscountFactor: 65536 old_native_bytes: 129778131 new_native_bytes: 40077788 add_bytes_allowed: 31947318 is_gc_concurrent: 1 target_footprint_: 18083990 GetBytesAllocated: 13227880 HeapGrowthMultiplier: 3
12-21 19:13:18.773  3323  3641 I com.miui.home: CheckGCForNative gc_urgency 0.98916 current_native_bytes is 169855919
12-21 19:13:18.791  3323  3354 I com.miui.home: NativeAlloc concurrent copying GC freed 94417(4160KB) AllocSpace objects, 6(240KB) LOS objects, 49% free, 8532KB/16MB, paused 219us,75us total 282.480ms
12-21 19:13:18.984  3323  3641 I com.miui.home: CheckGCForNative gc_urgency 0 current_native_bytes is 132423291
12-21 19:13:19.035  3323  3639 I cccccc  : createTaskSnapshotCompat:
12-21 19:13:19.238  3323  3323 I wm_on_top_resumed_lost_called: [45264680,com.miui.home.launcher.Launcher,topStateChangedWhenResumed]
12-21 19:13:19.251  3323  3698 D cccccc  : onTaskStackChangedBackground
12-21 19:13:19.253  3323  3698 D cccccc  : onTaskStackChangedBackground
12-21 19:13:19.354 10289 10289 I wm_on_paused_called: [0,113431245,com.xunmeng.pinduoduo.ui.activity.HomeActivity,performPause,14]
12-21 19:13:19.371  3323  3323 I wm_on_paused_called: [0,45264680,com.miui.home.launcher.Launcher,performPause,3]
12-21 19:13:19.415 10289 10289 I wm_on_destroy_called: [0,173323437,com.xunmeng.pinduoduo.ui.activity.MainFrameActivity,performDestroy,15]
12-21 19:13:19.469  3323  3367 D cccccc  : onTaskStackChangedBackground
12-21 19:13:19.494  3323 10171 D cccccc  : onTaskStackChangedBackground
12-21 19:13:19.636 10289 10289 I wm_on_stop_called: [0,113431245,com.xunmeng.pinduoduo.ui.activity.HomeActivity,STOP_ACTIVITY_ITEM,96]
12-21 19:13:19.698 10289 10289 I wm_on_idle_called: com.xunmeng.pinduoduo.ui.activity.HomeActivity
12-21 19:13:19.751  3323  3641 I com.miui.home: CheckGCForNative adj_start_bytes: 33142023 NativeAllocationGcWatermark: 10573047 java_gc_start_bytes: 17282453 kNewNativeDiscountFactor: 2 kOldNativeDiscountFactor: 65536 old_native_bytes: 132423291 new_native_bytes: 1338204 add_bytes_allowed: 31719141 is_gc_concurrent: 1 target_footprint_: 17475518 GetBytesAllocated: 10138108 HeapGrowthMultiplier: 3
12-21 19:13:19.751  3323  3641 I com.miui.home: CheckGCForNative gc_urgency 0.326149 current_native_bytes is 133761495
12-21 19:13:19.782  9738  9738 I wm_on_top_resumed_lost_called: [170069756,com.eg.android.AlipayGphone.AlipayLogin,topStateChangedWhenResumed]
12-21 19:13:19.799  3323  3689 E cccccc  : createTaskSnapshot:
12-21 19:13:19.799  3323  3689 I cccccc  : getTaskSnapshotInstance:
12-21 19:13:19.801  3323  3689 E cccccc  : createTaskSnapshot:
12-21 19:13:19.801  3323  3689 I cccccc  : getTaskSnapshotInstance:
12-21 19:13:19.804  3323  3689 I com.miui.home: CheckGCForNative adj_start_bytes: 33142023 NativeAllocationGcWatermark: 10573047 java_gc_start_bytes: 17282453 kNewNativeDiscountFactor: 2 kOldNativeDiscountFactor: 65536 old_native_bytes: 132423291 new_native_bytes: 12134620 add_bytes_allowed: 31719141 is_gc_concurrent: 1 target_footprint_: 17475518 GetBytesAllocated: 10264051 HeapGrowthMultiplier: 3
12-21 19:13:19.804  3323  3689 I com.miui.home: CheckGCForNative gc_urgency 0.49283 current_native_bytes is 144557911
12-21 19:13:19.906  3323  3641 I com.miui.home: CheckGCForNative adj_start_bytes: 33142023 NativeAllocationGcWatermark: 10573047 java_gc_start_bytes: 17282453 kNewNativeDiscountFactor: 2 kOldNativeDiscountFactor: 65536 old_native_bytes: 132423291 new_native_bytes: 1413084 add_bytes_allowed: 31719141 is_gc_concurrent: 1 target_footprint_: 17475518 GetBytesAllocated: 10434866 HeapGrowthMultiplier: 3
12-21 19:13:19.907  3323  3641 I com.miui.home: CheckGCForNative gc_urgency 0.336233 current_native_bytes is 133836375
12-21 19:13:20.029  3323  3641 I com.miui.home: CheckGCForNative adj_start_bytes: 33142023 NativeAllocationGcWatermark: 10573047 java_gc_start_bytes: 17282453 kNewNativeDiscountFactor: 2 kOldNativeDiscountFactor: 65536 old_native_bytes: 132423291 new_native_bytes: 1561200 add_bytes_allowed: 31719141 is_gc_concurrent: 1 target_footprint_: 17475518 GetBytesAllocated: 10741922 HeapGrowthMultiplier: 3
12-21 19:13:20.029  3323  3641 I com.miui.home: CheckGCForNative gc_urgency 0.347732 current_native_bytes is 133984491
12-21 19:13:20.103  9738  9738 I wm_on_paused_called: [0,170069756,com.eg.android.AlipayGphone.AlipayLogin,performPause,56]
12-21 19:13:20.215  3323  3689 E cccccc  : createTaskSnapshot:
12-21 19:13:20.215  3323  3689 I cccccc  : getTaskSnapshotInstance:
12-21 19:13:20.258  9738  9738 I wm_on_stop_called: [0,170069756,com.eg.android.AlipayGphone.AlipayLogin,STOP_ACTIVITY_ITEM,33]
12-21 19:13:20.782 10694 10694 I wm_on_application_create_called: [0,com.smile.gifmaker,633]
12-21 19:13:20.868  3323  3323 I wm_on_resume_called: [0,45264680,com.miui.home.launcher.Launcher,RESUME_ACTIVITY,19]
12-21 19:13:20.888  3323  3323 I wm_on_idle_called: com.miui.home.launcher.Launcher
12-21 19:13:21.107  3323  3367 I com.miui.home: CheckGCForNative adj_start_bytes: 33142023 NativeAllocationGcWatermark: 10573047 java_gc_start_bytes: 17282453 kNewNativeDiscountFactor: 2 kOldNativeDiscountFactor: 65536 old_native_bytes: 132423291 new_native_bytes: 12312508 add_bytes_allowed: 31719141 is_gc_concurrent: 1 target_footprint_: 17475518 GetBytesAllocated: 12282421 HeapGrowthMultiplier: 3
12-21 19:13:21.107  3323  3367 I com.miui.home: CheckGCForNative gc_urgency 0.556414 current_native_bytes is 144735799
12-21 19:13:21.107  3323  3367 I cccccc  : createTaskSnapshotCompat:
12-21 19:13:21.109  3323  3367 I com.miui.home: CheckGCForNative adj_start_bytes: 33142023 NativeAllocationGcWatermark: 10573047 java_gc_start_bytes: 17282453 kNewNativeDiscountFactor: 2 kOldNativeDiscountFactor: 65536 old_native_bytes: 132423291 new_native_bytes: 23019484 add_bytes_allowed: 31719141 is_gc_concurrent: 1 target_footprint_: 17475518 GetBytesAllocated: 12293316 HeapGrowthMultiplier: 3
12-21 19:13:21.109  3323  3367 I com.miui.home: CheckGCForNative gc_urgency 0.718275 current_native_bytes is 155442775
