12-19 15:54:15.176  3323  3323 I wm_on_top_resumed_lost_called: [81893887,com.miui.home.launcher.Launcher,topStateChangedWhenResumed]
12-19 15:54:15.181  3323  3323 I wm_on_paused_called: [0,81893887,com.miui.home.launcher.Launcher,performPause,4]
12-19 15:54:15.552  3323  8016 I com.miui.home: CheckGCForNative adj_start_bytes: 41691678 NativeAllocationGcWatermark: 11466485 java_gc_start_bytes: 24491951 kNewNativeDiscountFactor: 2 kOldNativeDiscountFactor: 65536 old_native_bytes: 71430071 new_native_bytes: 1421292 add_bytes_allowed: 34399455 is_gc_concurrent: 1 target_footprint_: 24623023 GetBytesAllocated: 13420612 HeapGrowthMultiplier: 3
12-19 15:54:15.552  3323  8016 I com.miui.home: CheckGCForNative gc_urgency 0.338973 current_native_bytes is 72851363
12-19 15:54:15.715  3323  3794 I com.miui.home: CheckGCForNative adj_start_bytes: 41691678 NativeAllocationGcWatermark: 11466485 java_gc_start_bytes: 24491951 kNewNativeDiscountFactor: 2 kOldNativeDiscountFactor: 65536 old_native_bytes: 71430071 new_native_bytes: 2125308 add_bytes_allowed: 34399455 is_gc_concurrent: 1 target_footprint_: 24623023 GetBytesAllocated: 13692957 HeapGrowthMultiplier: 3
12-19 15:54:15.716  3323  3794 I com.miui.home: CheckGCForNative gc_urgency 0.353948 current_native_bytes is 73555379
12-19 15:54:15.760  3323  3794 I com.miui.home: CheckGCForNative adj_start_bytes: 41691678 NativeAllocationGcWatermark: 11466485 java_gc_start_bytes: 24491951 kNewNativeDiscountFactor: 2 kOldNativeDiscountFactor: 65536 old_native_bytes: 71430071 new_native_bytes: 2238140 add_bytes_allowed: 34399455 is_gc_concurrent: 1 target_footprint_: 24623023 GetBytesAllocated: 13863337 HeapGrowthMultiplier: 3
12-19 15:54:15.760  3323  3794 I com.miui.home: CheckGCForNative gc_urgency 0.359388 current_native_bytes is 73668211
12-19 15:54:16.005  3323  3794 I com.miui.home: CheckGCForNative adj_start_bytes: 41691678 NativeAllocationGcWatermark: 11466485 java_gc_start_bytes: 24491951 kNewNativeDiscountFactor: 2 kOldNativeDiscountFactor: 65536 old_native_bytes: 71430071 new_native_bytes: 3382896 add_bytes_allowed: 34399455 is_gc_concurrent: 1 target_footprint_: 24623023 GetBytesAllocated: 14151397 HeapGrowthMultiplier: 3
12-19 15:54:16.005  3323  3794 I com.miui.home: CheckGCForNative gc_urgency 0.380026 current_native_bytes is 74812967
12-19 15:54:16.151  3323  3989 I com.miui.home: CheckGCForNative adj_start_bytes: 41691678 NativeAllocationGcWatermark: 11466485 java_gc_start_bytes: 24491951 kNewNativeDiscountFactor: 2 kOldNativeDiscountFactor: 65536 old_native_bytes: 71430071 new_native_bytes: 14305536 add_bytes_allowed: 34399455 is_gc_concurrent: 1 target_footprint_: 24623023 GetBytesAllocated: 14275466 HeapGrowthMultiplier: 3
12-19 15:54:16.152  3323  3989 I com.miui.home: CheckGCForNative gc_urgency 0.513995 current_native_bytes is 85735607
12-19 15:54:16.159  3323  3989 I com.miui.home: CheckGCForNative adj_start_bytes: 41691678 NativeAllocationGcWatermark: 11466485 java_gc_start_bytes: 24491951 kNewNativeDiscountFactor: 2 kOldNativeDiscountFactor: 65536 old_native_bytes: 71430071 new_native_bytes: 25012480 add_bytes_allowed: 34399455 is_gc_concurrent: 1 target_footprint_: 24623023 GetBytesAllocated: 14299480 HeapGrowthMultiplier: 3
12-19 15:54:16.159  3323  3989 I com.miui.home: CheckGCForNative gc_urgency 0.642977 current_native_bytes is 96442551
12-19 15:54:16.213  3323  3989 I com.miui.home: CheckGCForNative adj_start_bytes: 41691678 NativeAllocationGcWatermark: 11466485 java_gc_start_bytes: 24491951 kNewNativeDiscountFactor: 2 kOldNativeDiscountFactor: 65536 old_native_bytes: 71430071 new_native_bytes: 25012480 add_bytes_allowed: 34399455 is_gc_concurrent: 1 target_footprint_: 24623023 GetBytesAllocated: 14299480 HeapGrowthMultiplier: 3
12-19 15:54:16.213  3323  3989 I com.miui.home: CheckGCForNative gc_urgency 0.642977 current_native_bytes is 96442551
12-19 15:54:16.215  3323  3989 I com.miui.home: CheckGCForNative adj_start_bytes: 41691678 NativeAllocationGcWatermark: 11466485 java_gc_start_bytes: 24491951 kNewNativeDiscountFactor: 2 kOldNativeDiscountFactor: 65536 old_native_bytes: 71430071 new_native_bytes: 35719616 add_bytes_allowed: 34399455 is_gc_concurrent: 1 target_footprint_: 24623023 GetBytesAllocated: 14299672 HeapGrowthMultiplier: 3
12-19 15:54:16.215  3323  3989 I com.miui.home: CheckGCForNative gc_urgency 0.771391 current_native_bytes is 107149687
12-19 15:54:16.252  3323  3989 I com.miui.home: CheckGCForNative adj_start_bytes: 41691678 NativeAllocationGcWatermark: 11466485 java_gc_start_bytes: 24491951 kNewNativeDiscountFactor: 2 kOldNativeDiscountFactor: 65536 old_native_bytes: 71430071 new_native_bytes: 35720768 add_bytes_allowed: 34399455 is_gc_concurrent: 1 target_footprint_: 24623023 GetBytesAllocated: 14299672 HeapGrowthMultiplier: 3
12-19 15:54:16.252  3323  3989 I com.miui.home: CheckGCForNative gc_urgency 0.771404 current_native_bytes is 107150839
12-19 15:54:16.256  3323  3989 I com.miui.home: CheckGCForNative adj_start_bytes: 41691678 NativeAllocationGcWatermark: 11466485 java_gc_start_bytes: 24491951 kNewNativeDiscountFactor: 2 kOldNativeDiscountFactor: 65536 old_native_bytes: 71430071 new_native_bytes: 46427712 add_bytes_allowed: 34399455 is_gc_concurrent: 1 target_footprint_: 24623023 GetBytesAllocated: 14309571 HeapGrowthMultiplier: 3
12-19 15:54:16.256  3323  3989 I com.miui.home: CheckGCForNative gc_urgency 0.900048 current_native_bytes is 117857783
12-19 15:54:16.652  8087  8087 I wm_on_application_create_called: [0,com.autonavi.minimap,375]
12-19 15:54:16.786  7994  7994 I wm_on_application_create_called: [0,com.autonavi.minimap,1036]
12-19 15:54:16.992  7994  7994 I wm_on_create_called: [0,213114790,com.autonavi.map.activity.SplashActivity,performCreate,168]
12-19 15:54:17.155  3323  3323 I wm_on_resume_called: [0,81893887,com.miui.home.launcher.Launcher,RESUME_ACTIVITY,39]
12-19 15:54:17.171  3323  3323 I com.miui.home: CheckGCForNative adj_start_bytes: 41691678 NativeAllocationGcWatermark: 11466485 java_gc_start_bytes: 24491951 kNewNativeDiscountFactor: 2 kOldNativeDiscountFactor: 65536 old_native_bytes: 71430071 new_native_bytes: 35890420 add_bytes_allowed: 34399455 is_gc_concurrent: 1 target_footprint_: 24623023 GetBytesAllocated: 14867956 HeapGrowthMultiplier: 3
12-19 15:54:17.171  3323  3323 I com.miui.home: CheckGCForNative gc_urgency 0.78707 current_native_bytes is 107320491
12-19 15:54:17.173  3323  3323 I wm_on_idle_called: com.miui.home.launcher.Launcher
12-19 15:54:17.277  3323  4316 I com.miui.home: CheckGCForNative adj_start_bytes: 41691678 NativeAllocationGcWatermark: 11466485 java_gc_start_bytes: 24491951 kNewNativeDiscountFactor: 2 kOldNativeDiscountFactor: 65536 old_native_bytes: 71430071 new_native_bytes: 46635164 add_bytes_allowed: 34399455 is_gc_concurrent: 1 target_footprint_: 24623023 GetBytesAllocated: 15378353 HeapGrowthMultiplier: 3
12-19 15:54:17.277  3323  4316 I com.miui.home: CheckGCForNative gc_urgency 0.928171 current_native_bytes is 118065235
12-19 15:54:17.286  3323  4316 I com.miui.home: CheckGCForNative adj_start_bytes: 41691678 NativeAllocationGcWatermark: 11466485 java_gc_start_bytes: 24491951 kNewNativeDiscountFactor: 2 kOldNativeDiscountFactor: 65536 old_native_bytes: 71430071 new_native_bytes: 57342108 add_bytes_allowed: 34399455 is_gc_concurrent: 1 target_footprint_: 24623023 GetBytesAllocated: 15428502 HeapGrowthMultiplier: 3
12-19 15:54:17.286  3323  4316 I com.miui.home: CheckGCForNative gc_urgency 1.05778 current_native_bytes is 128772179
12-19 15:54:17.286  3323  4316 I com.miui.home: CheckGCForNative requested 1
12-19 15:54:17.292  3323  3396 I com.miui.home: CheckGCForNative adj_start_bytes: 41691678 NativeAllocationGcWatermark: 11466485 java_gc_start_bytes: 24491951 kNewNativeDiscountFactor: 2 kOldNativeDiscountFactor: 65536 old_native_bytes: 71430071 new_native_bytes: 57341916 add_bytes_allowed: 34399455 is_gc_concurrent: 1 target_footprint_: 24623023 GetBytesAllocated: 15439739 HeapGrowthMultiplier: 3
12-19 15:54:17.292  3323  3396 I com.miui.home: CheckGCForNative gc_urgency 1.05805 current_native_bytes is 128771987
12-19 15:54:17.292  3323  3396 I com.miui.home: CheckGCForNative requested 1
12-19 15:54:17.363  3323  3989 I com.miui.home: CheckGCForNative adj_start_bytes: 41691678 NativeAllocationGcWatermark: 11466485 java_gc_start_bytes: 24491951 kNewNativeDiscountFactor: 2 kOldNativeDiscountFactor: 65536 old_native_bytes: 71430071 new_native_bytes: 46824780 add_bytes_allowed: 34399455 is_gc_concurrent: 1 target_footprint_: 24623023 GetBytesAllocated: 15724767 HeapGrowthMultiplier: 3
12-19 15:54:17.363  3323  3989 I com.miui.home: CheckGCForNative gc_urgency 0.938754 current_native_bytes is 118254851
12-19 15:54:17.545  3323  3379 I com.miui.home: NativeAlloc concurrent copying GC freed 69105(2909KB) AllocSpace objects, 6(248KB) LOS objects, 49% free, 12MB/24MB, paused 1.192ms,790us total 259.261ms
12-19 15:54:17.548  7994  7994 I wm_on_create_called: [0,264534709,com.autonavi.map.activity.NewMapActivity,performCreate,451]
12-19 15:54:17.558  7994  7994 I wm_on_start_called: [0,264534709,com.autonavi.map.activity.NewMapActivity,handleStartActivity,10]
12-19 15:54:17.565  3323  3323 I wm_on_top_resumed_gained_called: [81893887,com.miui.home.launcher.Launcher,topStateChangedWhenResumed]
12-19 15:54:17.573  7994  7994 I wm_on_resume_called: [0,264534709,com.autonavi.map.activity.NewMapActivity,RESUME_ACTIVITY,12]
12-19 15:54:17.659  3323  3794 I com.miui.home: CheckGCForNative gc_urgency 0 current_native_bytes is 116635015
12-19 15:54:17.660  7994  7994 I wm_on_top_resumed_gained_called: [264534709,com.autonavi.map.activity.NewMapActivity,topStateChangedWhenResumed]
12-19 15:54:17.660  7994  7994 I wm_on_top_resumed_lost_called: [264534709,com.autonavi.map.activity.NewMapActivity,topStateChangedWhenResumed]
12-19 15:54:17.772  3323  3792 I com.miui.home: CheckGCForNative adj_start_bytes: 42969490 NativeAllocationGcWatermark: 11642383 java_gc_start_bytes: 25505916 kNewNativeDiscountFactor: 2 kOldNativeDiscountFactor: 65536 old_native_bytes: 116635015 new_native_bytes: 11098332 add_bytes_allowed: 34927149 is_gc_concurrent: 1 target_footprint_: 26030204 GetBytesAllocated: 13494347 HeapGrowthMultiplier: 3
12-19 15:54:17.772  3323  3792 I com.miui.home: CheckGCForNative gc_urgency 0.443228 current_native_bytes is 127733347
12-19 15:54:17.773  3323  3989 I com.miui.home: CheckGCForNative adj_start_bytes: 42969490 NativeAllocationGcWatermark: 11642383 java_gc_start_bytes: 25505916 kNewNativeDiscountFactor: 2 kOldNativeDiscountFactor: 65536 old_native_bytes: 116635015 new_native_bytes: 21804252 add_bytes_allowed: 34927149 is_gc_concurrent: 1 target_footprint_: 26030204 GetBytesAllocated: 13494539 HeapGrowthMultiplier: 3
12-19 15:54:17.773  3323  3989 I com.miui.home: CheckGCForNative gc_urgency 0.567809 current_native_bytes is 138439267
12-19 15:54:17.773  3323  4316 I com.miui.home: CheckGCForNative adj_start_bytes: 42969490 NativeAllocationGcWatermark: 11642383 java_gc_start_bytes: 25505916 kNewNativeDiscountFactor: 2 kOldNativeDiscountFactor: 65536 old_native_bytes: 116635015 new_native_bytes: 32510172 add_bytes_allowed: 34927149 is_gc_concurrent: 1 target_footprint_: 26030204 GetBytesAllocated: 13494731 HeapGrowthMultiplier: 3
12-19 15:54:17.773  3323  4316 I com.miui.home: CheckGCForNative gc_urgency 0.692549 current_native_bytes is 149145187
12-19 15:54:17.774  3323  3989 I com.miui.home: CheckGCForNative adj_start_bytes: 42969490 NativeAllocationGcWatermark: 11642383 java_gc_start_bytes: 25505916 kNewNativeDiscountFactor: 2 kOldNativeDiscountFactor: 65536 old_native_bytes: 116635015 new_native_bytes: 53924060 add_bytes_allowed: 34927149 is_gc_concurrent: 1 target_footprint_: 26030204 GetBytesAllocated: 13501597 HeapGrowthMultiplier: 3
12-19 15:54:17.774  3323  3989 I com.miui.home: CheckGCForNative gc_urgency 0.941724 current_native_bytes is 170559075
12-19 15:54:17.774  3323  3792 I com.miui.home: CheckGCForNative adj_start_bytes: 42969490 NativeAllocationGcWatermark: 11642383 java_gc_start_bytes: 25505916 kNewNativeDiscountFactor: 2 kOldNativeDiscountFactor: 65536 old_native_bytes: 116635015 new_native_bytes: 53924060 add_bytes_allowed: 34927149 is_gc_concurrent: 1 target_footprint_: 26030204 GetBytesAllocated: 13501597 HeapGrowthMultiplier: 3
12-19 15:54:17.774  3323  3792 I com.miui.home: CheckGCForNative gc_urgency 0.941724 current_native_bytes is 170559075
12-19 15:54:18.100  3323  3323 I wm_on_top_resumed_lost_called: [81893887,com.miui.home.launcher.Launcher,topStateChangedWhenResumed]
12-19 15:54:18.276  7994  7994 I wm_on_paused_called: [0,264534709,com.autonavi.map.activity.NewMapActivity,performPause,2]
12-19 15:54:18.290  3323  3323 I wm_on_paused_called: [0,81893887,com.miui.home.launcher.Launcher,performPause,4]
12-19 15:54:18.303  7994  7994 I wm_on_destroy_called: [0,213114790,com.autonavi.map.activity.SplashActivity,performDestroy,0]
12-19 15:54:18.477  3323  4316 I com.miui.home: CheckGCForNative adj_start_bytes: 42969490 NativeAllocationGcWatermark: 11642383 java_gc_start_bytes: 25505916 kNewNativeDiscountFactor: 2 kOldNativeDiscountFactor: 65536 old_native_bytes: 116635015 new_native_bytes: 22065044 add_bytes_allowed: 34927149 is_gc_concurrent: 1 target_footprint_: 26030204 GetBytesAllocated: 14125703 HeapGrowthMultiplier: 3
12-19 15:54:18.477  3323  4316 I com.miui.home: CheckGCForNative gc_urgency 0.585532 current_native_bytes is 138700059
12-19 15:54:18.661  3323  3794 I com.miui.home: CheckGCForNative adj_start_bytes: 42969490 NativeAllocationGcWatermark: 11642383 java_gc_start_bytes: 25505916 kNewNativeDiscountFactor: 2 kOldNativeDiscountFactor: 65536 old_native_bytes: 116635015 new_native_bytes: 22168404 add_bytes_allowed: 34927149 is_gc_concurrent: 1 target_footprint_: 26030204 GetBytesAllocated: 14248602 HeapGrowthMultiplier: 3
12-19 15:54:18.661  3323  3794 I com.miui.home: CheckGCForNative gc_urgency 0.589595 current_native_bytes is 138803419
12-19 15:54:18.953  8461  8461 I wm_on_application_create_called: [0,com.baidu.input_mi,271]
12-19 15:54:18.984  3323  3794 I com.miui.home: CheckGCForNative adj_start_bytes: 42969490 NativeAllocationGcWatermark: 11642383 java_gc_start_bytes: 25505916 kNewNativeDiscountFactor: 2 kOldNativeDiscountFactor: 65536 old_native_bytes: 116635015 new_native_bytes: 22187476 add_bytes_allowed: 34927149 is_gc_concurrent: 1 target_footprint_: 26030204 GetBytesAllocated: 14815931 HeapGrowthMultiplier: 3
12-19 15:54:18.984  3323  3794 I com.miui.home: CheckGCForNative gc_urgency 0.60302 current_native_bytes is 138822491
12-19 15:54:19.145  3323  3989 I com.miui.home: CheckGCForNative adj_start_bytes: 42969490 NativeAllocationGcWatermark: 11642383 java_gc_start_bytes: 25505916 kNewNativeDiscountFactor: 2 kOldNativeDiscountFactor: 65536 old_native_bytes: 116635015 new_native_bytes: 32602600 add_bytes_allowed: 34927149 is_gc_concurrent: 1 target_footprint_: 26030204 GetBytesAllocated: 15028997 HeapGrowthMultiplier: 3
12-19 15:54:19.145  3323  3989 I com.miui.home: CheckGCForNative gc_urgency 0.72917 current_native_bytes is 149237615
12-19 15:54:19.227  8508  8508 I wm_on_create_called: [0,119565545,fm.qingting.qtradio.WelcomeActivity,performCreate,70]
12-19 15:54:19.228  8508  8508 I wm_on_start_called: [0,119565545,fm.qingting.qtradio.WelcomeActivity,handleStartActivity,1]
12-19 15:54:19.235  8508  8508 I wm_on_resume_called: [0,119565545,fm.qingting.qtradio.WelcomeActivity,RESUME_ACTIVITY,6]
12-19 15:54:19.283  8508  8508 I wm_on_top_resumed_gained_called: [119565545,fm.qingting.qtradio.WelcomeActivity,topStateChangedWhenResumed]
12-19 15:54:19.527  3323  3323 I wm_on_stop_called: [0,81893887,com.miui.home.launcher.Launcher,STOP_ACTIVITY_ITEM,14]
12-19 15:54:20.049  3323  3323 I wm_on_restart_called: [0,81893887,com.miui.home.launcher.Launcher,,0]
12-19 15:54:20.052  3323  3323 I wm_on_start_called: [0,81893887,com.miui.home.launcher.Launcher,handleStartActivity,2]
12-19 15:54:20.075  3323  3323 I wm_on_resume_called: [0,81893887,com.miui.home.launcher.Launcher,RESUME_ACTIVITY,21]
12-19 15:54:20.116  3323  3323 I com.miui.home: CheckGCForNative gc_urgency 0 current_native_bytes is 116332323
12-19 15:54:20.170  3323  3323 I wm_on_idle_called: com.miui.home.launcher.Launcher
12-19 15:54:20.186  8508  8508 I wm_on_top_resumed_lost_called: [119565545,fm.qingting.qtradio.WelcomeActivity,topStateChangedWhenResumed]
12-19 15:54:20.210  8508  8508 I wm_on_idle_called: fm.qingting.qtradio.WelcomeActivity
12-19 15:54:20.211  3323  3323 I wm_on_top_resumed_gained_called: [81893887,com.miui.home.launcher.Launcher,topStateChangedWhenResumed]
12-19 15:54:20.283  3323  3396 I com.miui.home: CheckGCForNative adj_start_bytes: 42534789 NativeAllocationGcWatermark: 11555234 java_gc_start_bytes: 25201938 kNewNativeDiscountFactor: 2 kOldNativeDiscountFactor: 65536 old_native_bytes: 116332323 new_native_bytes: 10923772 add_bytes_allowed: 34665702 is_gc_concurrent: 1 target_footprint_: 25333010 GetBytesAllocated: 13937214 HeapGrowthMultiplier: 3
12-19 15:54:20.283  3323  3396 I com.miui.home: CheckGCForNative gc_urgency 0.456118 current_native_bytes is 127256095
12-19 15:54:20.288  3323  3391 I com.miui.home: CheckGCForNative adj_start_bytes: 42534789 NativeAllocationGcWatermark: 11555234 java_gc_start_bytes: 25201938 kNewNativeDiscountFactor: 2 kOldNativeDiscountFactor: 65536 old_native_bytes: 116332323 new_native_bytes: 21630076 add_bytes_allowed: 34665702 is_gc_concurrent: 1 target_footprint_: 25333010 GetBytesAllocated: 13937438 HeapGrowthMultiplier: 3
12-19 15:54:20.288  3323  3391 I com.miui.home: CheckGCForNative gc_urgency 0.581977 current_native_bytes is 137962399
12-19 15:54:20.289  3323  3391 I com.miui.home: CheckGCForNative adj_start_bytes: 42534789 NativeAllocationGcWatermark: 11555234 java_gc_start_bytes: 25201938 kNewNativeDiscountFactor: 2 kOldNativeDiscountFactor: 65536 old_native_bytes: 116332323 new_native_bytes: 32338300 add_bytes_allowed: 34665702 is_gc_concurrent: 1 target_footprint_: 25333010 GetBytesAllocated: 13956236 HeapGrowthMultiplier: 3
12-19 15:54:20.289  3323  3391 I com.miui.home: CheckGCForNative gc_urgency 0.708295 current_native_bytes is 148670623
12-19 15:54:20.354  3323  3794 I com.miui.home: CheckGCForNative adj_start_bytes: 42534789 NativeAllocationGcWatermark: 11555234 java_gc_start_bytes: 25201938 kNewNativeDiscountFactor: 2 kOldNativeDiscountFactor: 65536 old_native_bytes: 116332323 new_native_bytes: 10993660 add_bytes_allowed: 34665702 is_gc_concurrent: 1 target_footprint_: 25333010 GetBytesAllocated: 14024938 HeapGrowthMultiplier: 3
12-19 15:54:20.354  3323  3794 I com.miui.home: CheckGCForNative gc_urgency 0.459002 current_native_bytes is 127325983
12-19 15:54:20.711  3323  3794 I com.miui.home: CheckGCForNative adj_start_bytes: 42534789 NativeAllocationGcWatermark: 11555234 java_gc_start_bytes: 25201938 kNewNativeDiscountFactor: 2 kOldNativeDiscountFactor: 65536 old_native_bytes: 116332323 new_native_bytes: 11016620 add_bytes_allowed: 34665702 is_gc_concurrent: 1 target_footprint_: 25333010 GetBytesAllocated: 14170259 HeapGrowthMultiplier: 3
12-19 15:54:20.711  3323  3794 I com.miui.home: CheckGCForNative gc_urgency 0.462688 current_native_bytes is 127348943
12-19 15:54:20.763  3323  3792 I com.miui.home: CheckGCForNative adj_start_bytes: 42534789 NativeAllocationGcWatermark: 11555234 java_gc_start_bytes: 25201938 kNewNativeDiscountFactor: 2 kOldNativeDiscountFactor: 65536 old_native_bytes: 116332323 new_native_bytes: 21718300 add_bytes_allowed: 34665702 is_gc_concurrent: 1 target_footprint_: 25333010 GetBytesAllocated: 14193083 HeapGrowthMultiplier: 3
12-19 15:54:20.763  3323  3792 I com.miui.home: CheckGCForNative gc_urgency 0.589024 current_native_bytes is 138050623
12-19 15:54:20.764  3323  3792 I com.miui.home: CheckGCForNative adj_start_bytes: 42534789 NativeAllocationGcWatermark: 11555234 java_gc_start_bytes: 25201938 kNewNativeDiscountFactor: 2 kOldNativeDiscountFactor: 65536 old_native_bytes: 116332323 new_native_bytes: 32425692 add_bytes_allowed: 34665702 is_gc_concurrent: 1 target_footprint_: 25333010 GetBytesAllocated: 14201033 HeapGrowthMultiplier: 3
12-19 15:54:20.764  3323  3792 I com.miui.home: CheckGCForNative gc_urgency 0.715077 current_native_bytes is 148758015
12-19 15:54:20.767  3323  4316 I com.miui.home: CheckGCForNative adj_start_bytes: 42534789 NativeAllocationGcWatermark: 11555234 java_gc_start_bytes: 25201938 kNewNativeDiscountFactor: 2 kOldNativeDiscountFactor: 65536 old_native_bytes: 116332323 new_native_bytes: 32426716 add_bytes_allowed: 34665702 is_gc_concurrent: 1 target_footprint_: 25333010 GetBytesAllocated: 14201033 HeapGrowthMultiplier: 3
12-19 15:54:20.768  3323  4316 I com.miui.home: CheckGCForNative gc_urgency 0.715089 current_native_bytes is 148759039
12-19 15:54:20.782  8508  8508 I wm_on_paused_called: [0,119565545,fm.qingting.qtradio.WelcomeActivity,performPause,3]
12-19 15:54:20.847  8508  8508 I wm_on_stop_called: [0,119565545,fm.qingting.qtradio.WelcomeActivity,STOP_ACTIVITY_ITEM,7]
12-19 15:54:21.020  3323  3323 I wm_on_top_resumed_lost_called: [81893887,com.miui.home.launcher.Launcher,topStateChangedWhenResumed]
12-19 15:54:21.025  3323  3323 I wm_on_paused_called: [0,81893887,com.miui.home.launcher.Launcher,performPause,3]
12-19 15:54:21.245  3323  3991 I com.miui.home: CheckGCForNative adj_start_bytes: 42534789 NativeAllocationGcWatermark: 11555234 java_gc_start_bytes: 25201938 kNewNativeDiscountFactor: 2 kOldNativeDiscountFactor: 65536 old_native_bytes: 116332323 new_native_bytes: 22303756 add_bytes_allowed: 34665702 is_gc_concurrent: 1 target_footprint_: 25333010 GetBytesAllocated: 15252932 HeapGrowthMultiplier: 3
12-19 15:54:21.249  3323  3991 I com.miui.home: CheckGCForNative gc_urgency 0.620823 current_native_bytes is 138636079
12-19 15:54:21.379  3323  3794 I com.miui.home: CheckGCForNative adj_start_bytes: 42534789 NativeAllocationGcWatermark: 11555234 java_gc_start_bytes: 25201938 kNewNativeDiscountFactor: 2 kOldNativeDiscountFactor: 65536 old_native_bytes: 116332323 new_native_bytes: 23959260 add_bytes_allowed: 34665702 is_gc_concurrent: 1 target_footprint_: 25333010 GetBytesAllocated: 15422641 HeapGrowthMultiplier: 3
12-19 15:54:21.379  3323  3794 I com.miui.home: CheckGCForNative gc_urgency 0.644274 current_native_bytes is 140291583
12-19 15:54:21.589  3323  3989 I com.miui.home: CheckGCForNative adj_start_bytes: 42534789 NativeAllocationGcWatermark: 11555234 java_gc_start_bytes: 25201938 kNewNativeDiscountFactor: 2 kOldNativeDiscountFactor: 65536 old_native_bytes: 116332323 new_native_bytes: 35830832 add_bytes_allowed: 34665702 is_gc_concurrent: 1 target_footprint_: 25333010 GetBytesAllocated: 15702568 HeapGrowthMultiplier: 3
12-19 15:54:21.589  3323  3989 I com.miui.home: CheckGCForNative gc_urgency 0.790406 current_native_bytes is 152163155
12-19 15:54:21.605  8852  8852 I wm_on_application_create_called: [0,com.xiaomi.bluetooth,711]
12-19 15:54:21.668  3323  3794 I com.miui.home: CheckGCForNative adj_start_bytes: 42534789 NativeAllocationGcWatermark: 11555234 java_gc_start_bytes: 25201938 kNewNativeDiscountFactor: 2 kOldNativeDiscountFactor: 65536 old_native_bytes: 116332323 new_native_bytes: 25092976 add_bytes_allowed: 34665702 is_gc_concurrent: 1 target_footprint_: 25333010 GetBytesAllocated: 15802774 HeapGrowthMultiplier: 3
12-19 15:54:21.669  3323  3794 I com.miui.home: CheckGCForNative gc_urgency 0.666538 current_native_bytes is 141425299
12-19 15:54:22.643  8938  8938 I wm_on_application_create_called: [0,com.ss.android.ugc.aweme,236]
12-19 15:54:22.971  3323  3792 I com.miui.home: CheckGCForNative adj_start_bytes: 42534789 NativeAllocationGcWatermark: 11555234 java_gc_start_bytes: 25201938 kNewNativeDiscountFactor: 2 kOldNativeDiscountFactor: 65536 old_native_bytes: 116332323 new_native_bytes: 25272752 add_bytes_allowed: 34665702 is_gc_concurrent: 1 target_footprint_: 25333010 GetBytesAllocated: 16714187 HeapGrowthMultiplier: 3
12-19 15:54:22.971  3323  3792 I com.miui.home: CheckGCForNative gc_urgency 0.690078 current_native_bytes is 141605075
12-19 15:54:23.030  8938  8938 I wm_on_create_called: [0,228236547,com.ss.android.ugc.aweme.splash.SplashActivity,performCreate,323]
12-19 15:54:23.116  3323  3323 I wm_on_resume_called: [0,81893887,com.miui.home.launcher.Launcher,RESUME_ACTIVITY,21]
12-19 15:54:23.137  3323  3323 I wm_on_idle_called: com.miui.home.launcher.Launcher
12-19 15:54:23.289  3323  3386 I com.miui.home: CheckGCForNative adj_start_bytes: 42534789 NativeAllocationGcWatermark: 11555234 java_gc_start_bytes: 25201938 kNewNativeDiscountFactor: 2 kOldNativeDiscountFactor: 65536 old_native_bytes: 116332323 new_native_bytes: 36149680 add_bytes_allowed: 34665702 is_gc_concurrent: 1 target_footprint_: 25333010 GetBytesAllocated: 17826496 HeapGrowthMultiplier: 3
12-19 15:54:23.289  3323  3386 I com.miui.home: CheckGCForNative gc_urgency 0.844088 current_native_bytes is 152482003
12-19 15:54:23.290  3323  3386 I com.miui.home: CheckGCForNative adj_start_bytes: 42534789 NativeAllocationGcWatermark: 11555234 java_gc_start_bytes: 25201938 kNewNativeDiscountFactor: 2 kOldNativeDiscountFactor: 65536 old_native_bytes: 116332323 new_native_bytes: 46856816 add_bytes_allowed: 34665702 is_gc_concurrent: 1 target_footprint_: 25333010 GetBytesAllocated: 17836933 HeapGrowthMultiplier: 3
12-19 15:54:23.290  3323  3386 I com.miui.home: CheckGCForNative gc_urgency 0.970197 current_native_bytes is 163189139
12-19 15:54:23.307  3323  3794 I com.miui.home: CheckGCForNative adj_start_bytes: 42534789 NativeAllocationGcWatermark: 11555234 java_gc_start_bytes: 25201938 kNewNativeDiscountFactor: 2 kOldNativeDiscountFactor: 65536 old_native_bytes: 116332323 new_native_bytes: 36154736 add_bytes_allowed: 34665702 is_gc_concurrent: 1 target_footprint_: 25333010 GetBytesAllocated: 17882486 HeapGrowthMultiplier: 3
12-19 15:54:23.307  3323  3794 I com.miui.home: CheckGCForNative gc_urgency 0.845464 current_native_bytes is 152487059
12-19 15:54:23.320  3323  3386 I com.miui.home: CheckGCForNative adj_start_bytes: 42534789 NativeAllocationGcWatermark: 11555234 java_gc_start_bytes: 25201938 kNewNativeDiscountFactor: 2 kOldNativeDiscountFactor: 65536 old_native_bytes: 116332323 new_native_bytes: 46877584 add_bytes_allowed: 34665702 is_gc_concurrent: 1 target_footprint_: 25333010 GetBytesAllocated: 17882486 HeapGrowthMultiplier: 3
12-19 15:54:23.320  3323  3386 I com.miui.home: CheckGCForNative gc_urgency 0.971512 current_native_bytes is 163209907
12-19 15:54:23.493  3323  3323 I wm_on_top_resumed_gained_called: [81893887,com.miui.home.launcher.Launcher,topStateChangedWhenResumed]
12-19 15:54:23.629  3323  3794 I com.miui.home: CheckGCForNative adj_start_bytes: 42534789 NativeAllocationGcWatermark: 11555234 java_gc_start_bytes: 25201938 kNewNativeDiscountFactor: 2 kOldNativeDiscountFactor: 65536 old_native_bytes: 116332323 new_native_bytes: 36168144 add_bytes_allowed: 34665702 is_gc_concurrent: 1 target_footprint_: 25333010 GetBytesAllocated: 18030842 HeapGrowthMultiplier: 3
12-19 15:54:23.629  3323  3794 I com.miui.home: CheckGCForNative gc_urgency 0.849109 current_native_bytes is 152500467
12-19 15:54:23.718  3323  3794 I com.miui.home: CheckGCForNative adj_start_bytes: 42534789 NativeAllocationGcWatermark: 11555234 java_gc_start_bytes: 25201938 kNewNativeDiscountFactor: 2 kOldNativeDiscountFactor: 65536 old_native_bytes: 116332323 new_native_bytes: 36195568 add_bytes_allowed: 34665702 is_gc_concurrent: 1 target_footprint_: 25333010 GetBytesAllocated: 18069807 HeapGrowthMultiplier: 3
12-19 15:54:23.718  3323  3794 I com.miui.home: CheckGCForNative gc_urgency 0.850348 current_native_bytes is 152527891
12-19 15:54:23.755  3323  3792 I com.miui.home: CheckGCForNative adj_start_bytes: 42534789 NativeAllocationGcWatermark: 11555234 java_gc_start_bytes: 25201938 kNewNativeDiscountFactor: 2 kOldNativeDiscountFactor: 65536 old_native_bytes: 116332323 new_native_bytes: 46919472 add_bytes_allowed: 34665702 is_gc_concurrent: 1 target_footprint_: 25333010 GetBytesAllocated: 18080245 HeapGrowthMultiplier: 3
12-19 15:54:23.755  3323  3792 I com.miui.home: CheckGCForNative gc_urgency 0.976654 current_native_bytes is 163251795
12-19 15:54:23.757  3323  3991 I com.miui.home: CheckGCForNative adj_start_bytes: 42534789 NativeAllocationGcWatermark: 11555234 java_gc_start_bytes: 25201938 kNewNativeDiscountFactor: 2 kOldNativeDiscountFactor: 65536 old_native_bytes: 116332323 new_native_bytes: 57600560 add_bytes_allowed: 34665702 is_gc_concurrent: 1 target_footprint_: 25333010 GetBytesAllocated: 18080437 HeapGrowthMultiplier: 3
12-19 15:54:23.757  3323  3991 I com.miui.home: CheckGCForNative gc_urgency 1.10222 current_native_bytes is 173932883
12-19 15:54:23.757  3323  3991 I com.miui.home: CheckGCForNative requested 1
12-19 15:54:23.759  3323  3792 I com.miui.home: CheckGCForNative adj_start_bytes: 42534789 NativeAllocationGcWatermark: 11555234 java_gc_start_bytes: 25201938 kNewNativeDiscountFactor: 2 kOldNativeDiscountFactor: 65536 old_native_bytes: 116332323 new_native_bytes: 68307504 add_bytes_allowed: 34665702 is_gc_concurrent: 1 target_footprint_: 25333010 GetBytesAllocated: 18081678 HeapGrowthMultiplier: 3
12-19 15:54:23.759  3323  3792 I com.miui.home: CheckGCForNative gc_urgency 1.22811 current_native_bytes is 184639827
12-19 15:54:23.759  3323  3792 I com.miui.home: CheckGCForNative requested 1
12-19 15:54:23.921  8938  8938 I wm_on_start_called: [0,228236547,com.ss.android.ugc.aweme.splash.SplashActivity,handleStartActivity,890]
12-19 15:54:23.922  3323  3379 I com.miui.home: NativeAlloc concurrent copying GC freed 119332(4990KB) AllocSpace objects, 6(312KB) LOS objects, 49% free, 12MB/24MB, paused 191us,176us total 161.267ms
12-19 15:54:24.003  3323  3323 I wm_on_top_resumed_lost_called: [81893887,com.miui.home.launcher.Launcher,topStateChangedWhenResumed]
12-19 15:54:24.161  8938  8938 I wm_on_resume_called: [0,228236547,com.ss.android.ugc.aweme.splash.SplashActivity,RESUME_ACTIVITY,140]
12-19 15:54:24.282  3323  3323 I wm_on_paused_called: [0,81893887,com.miui.home.launcher.Launcher,performPause,3]
12-19 15:54:24.776  3323  3794 I com.miui.home: CheckGCForNative gc_urgency 0 current_native_bytes is 130871711
12-19 15:54:24.842  3323  3989 I com.miui.home: CheckGCForNative adj_start_bytes: 42842295 NativeAllocationGcWatermark: 11589888 java_gc_start_bytes: 25457463 kNewNativeDiscountFactor: 2 kOldNativeDiscountFactor: 65536 old_native_bytes: 130871711 new_native_bytes: 11043760 add_bytes_allowed: 34769664 is_gc_concurrent: 1 target_footprint_: 25610241 GetBytesAllocated: 14185868 HeapGrowthMultiplier: 3
12-19 15:54:24.842  3323  3989 I com.miui.home: CheckGCForNative gc_urgency 0.460053 current_native_bytes is 141915471
12-19 15:54:25.077  3323  3794 I com.miui.home: CheckGCForNative adj_start_bytes: 42842295 NativeAllocationGcWatermark: 11589888 java_gc_start_bytes: 25457463 kNewNativeDiscountFactor: 2 kOldNativeDiscountFactor: 65536 old_native_bytes: 130871711 new_native_bytes: 255152 add_bytes_allowed: 34769664 is_gc_concurrent: 1 target_footprint_: 25610241 GetBytesAllocated: 14284795 HeapGrowthMultiplier: 3
12-19 15:54:25.077  3323  3794 I com.miui.home: CheckGCForNative gc_urgency 0.336452 current_native_bytes is 131126863
12-19 15:54:25.188  3323  3794 I com.miui.home: CheckGCForNative adj_start_bytes: 42842295 NativeAllocationGcWatermark: 11589888 java_gc_start_bytes: 25457463 kNewNativeDiscountFactor: 2 kOldNativeDiscountFactor: 65536 old_native_bytes: 130871711 new_native_bytes: 310936 add_bytes_allowed: 34769664 is_gc_concurrent: 1 target_footprint_: 25610241 GetBytesAllocated: 14344904 HeapGrowthMultiplier: 3
12-19 15:54:25.188  3323  3794 I com.miui.home: CheckGCForNative gc_urgency 0.338506 current_native_bytes is 131182647
12-19 15:54:25.841  9283  9283 I wm_on_application_create_called: [0,com.eg.android.AlipayGphone,456]
12-19 15:54:25.969  9283  9283 I wm_on_create_called: [0,99393196,com.eg.android.AlipayGphone.AlipayLogin,performCreate,103]
12-19 15:54:25.973  9283  9283 I wm_on_start_called: [0,99393196,com.eg.android.AlipayGphone.AlipayLogin,handleStartActivity,3]
12-19 15:54:25.982  9283  9283 I wm_on_resume_called: [0,99393196,com.eg.android.AlipayGphone.AlipayLogin,RESUME_ACTIVITY,5]
12-19 15:54:26.073  3323  3323 I wm_on_resume_called: [0,81893887,com.miui.home.launcher.Launcher,RESUME_ACTIVITY,23]
12-19 15:54:26.249  3323  3323 I wm_on_idle_called: com.miui.home.launcher.Launcher
12-19 15:54:26.277  9283  9283 I wm_on_top_resumed_gained_called: [99393196,com.eg.android.AlipayGphone.AlipayLogin,topStateChangedWhenResumed]
12-19 15:54:26.412  3323  3386 I com.miui.home: CheckGCForNative adj_start_bytes: 42842295 NativeAllocationGcWatermark: 11589888 java_gc_start_bytes: 25457463 kNewNativeDiscountFactor: 2 kOldNativeDiscountFactor: 65536 old_native_bytes: 130871711 new_native_bytes: 11066920 add_bytes_allowed: 34769664 is_gc_concurrent: 1 target_footprint_: 25610241 GetBytesAllocated: 15898501 HeapGrowthMultiplier: 3
12-19 15:54:26.412  3323  3386 I com.miui.home: CheckGCForNative gc_urgency 0.500299 current_native_bytes is 141938631
12-19 15:54:26.413  3323  3386 I com.miui.home: CheckGCForNative adj_start_bytes: 42842295 NativeAllocationGcWatermark: 11589888 java_gc_start_bytes: 25457463 kNewNativeDiscountFactor: 2 kOldNativeDiscountFactor: 65536 old_native_bytes: 130871711 new_native_bytes: 21773864 add_bytes_allowed: 34769664 is_gc_concurrent: 1 target_footprint_: 25610241 GetBytesAllocated: 15898693 HeapGrowthMultiplier: 3
12-19 15:54:26.413  3323  3386 I com.miui.home: CheckGCForNative gc_urgency 0.625261 current_native_bytes is 152645575
12-19 15:54:26.413  3323  3391 I com.miui.home: CheckGCForNative adj_start_bytes: 42842295 NativeAllocationGcWatermark: 11589888 java_gc_start_bytes: 25457463 kNewNativeDiscountFactor: 2 kOldNativeDiscountFactor: 65536 old_native_bytes: 130871711 new_native_bytes: 21773864 add_bytes_allowed: 34769664 is_gc_concurrent: 1 target_footprint_: 25610241 GetBytesAllocated: 15898693 HeapGrowthMultiplier: 3
12-19 15:54:26.413  3323  3391 I com.miui.home: CheckGCForNative gc_urgency 0.625261 current_native_bytes is 152645575
12-19 15:54:26.433  3323  8016 I com.miui.home: CheckGCForNative adj_start_bytes: 42842295 NativeAllocationGcWatermark: 11589888 java_gc_start_bytes: 25457463 kNewNativeDiscountFactor: 2 kOldNativeDiscountFactor: 65536 old_native_bytes: 130871711 new_native_bytes: 11104104 add_bytes_allowed: 34769664 is_gc_concurrent: 1 target_footprint_: 25610241 GetBytesAllocated: 15937996 HeapGrowthMultiplier: 3
12-19 15:54:26.433  3323  8016 I com.miui.home: CheckGCForNative gc_urgency 0.501655 current_native_bytes is 141975815
12-19 15:54:26.556  3323  3323 I wm_on_top_resumed_gained_called: [81893887,com.miui.home.launcher.Launcher,topStateChangedWhenResumed]
12-19 15:54:26.658  3323  3794 I com.miui.home: CheckGCForNative adj_start_bytes: 42842295 NativeAllocationGcWatermark: 11589888 java_gc_start_bytes: 25457463 kNewNativeDiscountFactor: 2 kOldNativeDiscountFactor: 65536 old_native_bytes: 130871711 new_native_bytes: 11124712 add_bytes_allowed: 34769664 is_gc_concurrent: 1 target_footprint_: 25610241 GetBytesAllocated: 16024606 HeapGrowthMultiplier: 3
12-19 15:54:26.658  3323  3794 I com.miui.home: CheckGCForNative gc_urgency 0.503917 current_native_bytes is 141996423
12-19 15:54:26.722  9283  9283 I wm_on_top_resumed_lost_called: [99393196,com.eg.android.AlipayGphone.AlipayLogin,topStateChangedWhenResumed]
12-19 15:54:26.781  3323  3794 I com.miui.home: CheckGCForNative adj_start_bytes: 42842295 NativeAllocationGcWatermark: 11589888 java_gc_start_bytes: 25457463 kNewNativeDiscountFactor: 2 kOldNativeDiscountFactor: 65536 old_native_bytes: 130871711 new_native_bytes: 11135912 add_bytes_allowed: 34769664 is_gc_concurrent: 1 target_footprint_: 25610241 GetBytesAllocated: 16095181 HeapGrowthMultiplier: 3
12-19 15:54:26.781  3323  3794 I com.miui.home: CheckGCForNative gc_urgency 0.505695 current_native_bytes is 142007623
12-19 15:54:26.892  3323  3391 I com.miui.home: CheckGCForNative adj_start_bytes: 42842295 NativeAllocationGcWatermark: 11589888 java_gc_start_bytes: 25457463 kNewNativeDiscountFactor: 2 kOldNativeDiscountFactor: 65536 old_native_bytes: 130871711 new_native_bytes: 21839176 add_bytes_allowed: 34769664 is_gc_concurrent: 1 target_footprint_: 25610241 GetBytesAllocated: 16149445 HeapGrowthMultiplier: 3
12-19 15:54:26.892  3323  3391 I com.miui.home: CheckGCForNative gc_urgency 0.631876 current_native_bytes is 152710887
12-19 15:54:26.893  3323  3792 I com.miui.home: CheckGCForNative adj_start_bytes: 42842295 NativeAllocationGcWatermark: 11589888 java_gc_start_bytes: 25457463 kNewNativeDiscountFactor: 2 kOldNativeDiscountFactor: 65536 old_native_bytes: 130871711 new_native_bytes: 32544584 add_bytes_allowed: 34769664 is_gc_concurrent: 1 target_footprint_: 25610241 GetBytesAllocated: 16149637 HeapGrowthMultiplier: 3
12-19 15:54:26.893  3323  3792 I com.miui.home: CheckGCForNative gc_urgency 0.75682 current_native_bytes is 163416295
12-19 15:54:26.893  3323  3323 I com.miui.home: CheckGCForNative adj_start_bytes: 42842295 NativeAllocationGcWatermark: 11589888 java_gc_start_bytes: 25457463 kNewNativeDiscountFactor: 2 kOldNativeDiscountFactor: 65536 old_native_bytes: 130871711 new_native_bytes: 43251528 add_bytes_allowed: 34769664 is_gc_concurrent: 1 target_footprint_: 25610241 GetBytesAllocated: 16149845 HeapGrowthMultiplier: 3
12-19 15:54:26.893  3323  3323 I com.miui.home: CheckGCForNative gc_urgency 0.881783 current_native_bytes is 174123239
12-19 15:54:27.261  3323  3323 I wm_on_top_resumed_lost_called: [81893887,com.miui.home.launcher.Launcher,topStateChangedWhenResumed]
12-19 15:54:27.412  3323  3323 I wm_on_paused_called: [0,81893887,com.miui.home.launcher.Launcher,performPause,3]
12-19 15:54:27.805  3323  3794 I com.miui.home: CheckGCForNative adj_start_bytes: 42842295 NativeAllocationGcWatermark: 11589888 java_gc_start_bytes: 25457463 kNewNativeDiscountFactor: 2 kOldNativeDiscountFactor: 65536 old_native_bytes: 130871711 new_native_bytes: 22140232 add_bytes_allowed: 34769664 is_gc_concurrent: 1 target_footprint_: 25610241 GetBytesAllocated: 16902426 HeapGrowthMultiplier: 3
12-19 15:54:27.805  3323  3794 I com.miui.home: CheckGCForNative gc_urgency 0.652965 current_native_bytes is 153011943
12-19 15:54:28.017  3323  3794 I com.miui.home: CheckGCForNative adj_start_bytes: 42842295 NativeAllocationGcWatermark: 11589888 java_gc_start_bytes: 25457463 kNewNativeDiscountFactor: 2 kOldNativeDiscountFactor: 65536 old_native_bytes: 130871711 new_native_bytes: 22280748 add_bytes_allowed: 34769664 is_gc_concurrent: 1 target_footprint_: 25610241 GetBytesAllocated: 17172552 HeapGrowthMultiplier: 3
12-19 15:54:28.017  3323  3794 I com.miui.home: CheckGCForNative gc_urgency 0.66091 current_native_bytes is 153152459
12-19 15:54:28.097  3323  3989 I com.miui.home: CheckGCForNative adj_start_bytes: 42842295 NativeAllocationGcWatermark: 11589888 java_gc_start_bytes: 25457463 kNewNativeDiscountFactor: 2 kOldNativeDiscountFactor: 65536 old_native_bytes: 130871711 new_native_bytes: 22321196 add_bytes_allowed: 34769664 is_gc_concurrent: 1 target_footprint_: 25610241 GetBytesAllocated: 17279988 HeapGrowthMultiplier: 3
12-19 15:54:28.097  3323  3989 I com.miui.home: CheckGCForNative gc_urgency 0.66389 current_native_bytes is 153192907
12-19 15:54:28.404  3323  3725 I com.miui.home: CheckGCForNative adj_start_bytes: 42842295 NativeAllocationGcWatermark: 11589888 java_gc_start_bytes: 25457463 kNewNativeDiscountFactor: 2 kOldNativeDiscountFactor: 65536 old_native_bytes: 130871711 new_native_bytes: 32978380 add_bytes_allowed: 34769664 is_gc_concurrent: 1 target_footprint_: 25610241 GetBytesAllocated: 17696073 HeapGrowthMultiplier: 3
12-19 15:54:28.404  3323  3725 I com.miui.home: CheckGCForNative gc_urgency 0.797979 current_native_bytes is 163850091
12-19 15:54:28.448  3323  3725 I com.miui.home: CheckGCForNative adj_start_bytes: 42842295 NativeAllocationGcWatermark: 11589888 java_gc_start_bytes: 25457463 kNewNativeDiscountFactor: 2 kOldNativeDiscountFactor: 65536 old_native_bytes: 130871711 new_native_bytes: 47618188 add_bytes_allowed: 34769664 is_gc_concurrent: 1 target_footprint_: 25610241 GetBytesAllocated: 17702746 HeapGrowthMultiplier: 3
12-19 15:54:28.448  3323  3725 I com.miui.home: CheckGCForNative gc_urgency 0.968992 current_native_bytes is 178489899
12-19 15:54:28.449  3323  3725 I com.miui.home: CheckGCForNative adj_start_bytes: 42842295 NativeAllocationGcWatermark: 11589888 java_gc_start_bytes: 25457463 kNewNativeDiscountFactor: 2 kOldNativeDiscountFactor: 65536 old_native_bytes: 130871711 new_native_bytes: 35821708 add_bytes_allowed: 34769664 is_gc_concurrent: 1 target_footprint_: 25610241 GetBytesAllocated: 17702746 HeapGrowthMultiplier: 3
12-19 15:54:28.449  3323  3725 I com.miui.home: CheckGCForNative gc_urgency 0.831319 current_native_bytes is 166693419
12-19 15:54:28.458  3323  3725 I com.miui.home: CheckGCForNative adj_start_bytes: 42842295 NativeAllocationGcWatermark: 11589888 java_gc_start_bytes: 25457463 kNewNativeDiscountFactor: 2 kOldNativeDiscountFactor: 65536 old_native_bytes: 130871711 new_native_bytes: 36652556 add_bytes_allowed: 34769664 is_gc_concurrent: 1 target_footprint_: 25610241 GetBytesAllocated: 17702746 HeapGrowthMultiplier: 3
12-19 15:54:28.458  3323  3725 I com.miui.home: CheckGCForNative gc_urgency 0.841015 current_native_bytes is 167524267
12-19 15:54:28.616  3323  3725 I com.miui.home: CheckGCForNative adj_start_bytes: 42842295 NativeAllocationGcWatermark: 11589888 java_gc_start_bytes: 25457463 kNewNativeDiscountFactor: 2 kOldNativeDiscountFactor: 65536 old_native_bytes: 130871711 new_native_bytes: 38330756 add_bytes_allowed: 34769664 is_gc_concurrent: 1 target_footprint_: 25610241 GetBytesAllocated: 17709619 HeapGrowthMultiplier: 3
12-19 15:54:28.616  3323  3725 I com.miui.home: CheckGCForNative gc_urgency 0.860761 current_native_bytes is 169202467
12-19 15:54:28.616  3323  3725 I com.miui.home: CheckGCForNative adj_start_bytes: 42842295 NativeAllocationGcWatermark: 11589888 java_gc_start_bytes: 25457463 kNewNativeDiscountFactor: 2 kOldNativeDiscountFactor: 65536 old_native_bytes: 130871711 new_native_bytes: 39782156 add_bytes_allowed: 34769664 is_gc_concurrent: 1 target_footprint_: 25610241 GetBytesAllocated: 17709619 HeapGrowthMultiplier: 3
12-19 15:54:28.616  3323  3725 I com.miui.home: CheckGCForNative gc_urgency 0.8777 current_native_bytes is 170653867
12-19 15:54:28.637  3323  3725 I com.miui.home: CheckGCForNative adj_start_bytes: 42842295 NativeAllocationGcWatermark: 11589888 java_gc_start_bytes: 25457463 kNewNativeDiscountFactor: 2 kOldNativeDiscountFactor: 65536 old_native_bytes: 130871711 new_native_bytes: 50808060 add_bytes_allowed: 34769664 is_gc_concurrent: 1 target_footprint_: 25610241 GetBytesAllocated: 17710675 HeapGrowthMultiplier: 3
12-19 15:54:28.637  3323  3725 I com.miui.home: CheckGCForNative gc_urgency 1.0064 current_native_bytes is 181679771
12-19 15:54:28.637  3323  3725 I com.miui.home: CheckGCForNative requested 1
12-19 15:54:28.693  9797  9797 I wm_on_create_called: [0,230585717,com.xunmeng.pinduoduo.ui.activity.MainFrameActivity,performCreate,55]
12-19 15:54:28.929  3323  3379 I com.miui.home: NativeAlloc concurrent copying GC freed 107635(4526KB) AllocSpace objects, 8(344KB) LOS objects, 49% free, 12MB/24MB, paused 2.179ms,83us total 273.306ms
12-19 15:54:28.986  9797  9797 I wm_on_create_called: [0,7671985,com.xunmeng.pinduoduo.ui.activity.HomeActivity,performCreate,222]
12-19 15:54:29.072  9797  9797 I wm_on_start_called: [0,7671985,com.xunmeng.pinduoduo.ui.activity.HomeActivity,handleStartActivity,86]
12-19 15:54:29.152  3323  3323 I wm_on_resume_called: [0,81893887,com.miui.home.launcher.Launcher,RESUME_ACTIVITY,20]
12-19 15:54:29.170  3323  3323 I wm_on_idle_called: com.miui.home.launcher.Launcher
12-19 15:54:29.171  9797  9797 I wm_on_resume_called: [0,7671985,com.xunmeng.pinduoduo.ui.activity.HomeActivity,RESUME_ACTIVITY,96]
12-19 15:54:29.322  3323  3386 I com.miui.home: CheckGCForNative gc_urgency 0 current_native_bytes is 156560363
12-19 15:54:29.326  3323  4316 I com.miui.home: CheckGCForNative adj_start_bytes: 43028567 NativeAllocationGcWatermark: 11608813 java_gc_start_bytes: 25615348 kNewNativeDiscountFactor: 2 kOldNativeDiscountFactor: 65536 old_native_bytes: 156560363 new_native_bytes: 10705920 add_bytes_allowed: 34826439 is_gc_concurrent: 1 target_footprint_: 25761643 GetBytesAllocated: 14516333 HeapGrowthMultiplier: 3
12-19 15:54:29.327  3323  4316 I com.miui.home: CheckGCForNative gc_urgency 0.461825 current_native_bytes is 167266283
12-19 15:54:29.331  3323  3323 I com.miui.home: CheckGCForNative adj_start_bytes: 43028567 NativeAllocationGcWatermark: 11608813 java_gc_start_bytes: 25615348 kNewNativeDiscountFactor: 2 kOldNativeDiscountFactor: 65536 old_native_bytes: 156560363 new_native_bytes: 21412864 add_bytes_allowed: 34826439 is_gc_concurrent: 1 target_footprint_: 25761643 GetBytesAllocated: 14537272 HeapGrowthMultiplier: 3
12-19 15:54:29.331  3323  3323 I com.miui.home: CheckGCForNative gc_urgency 0.586729 current_native_bytes is 177973227
12-19 15:54:29.344  3323  8016 I com.miui.home: CheckGCForNative adj_start_bytes: 43028567 NativeAllocationGcWatermark: 11608813 java_gc_start_bytes: 25615348 kNewNativeDiscountFactor: 2 kOldNativeDiscountFactor: 65536 old_native_bytes: 156560363 new_native_bytes: 74720 add_bytes_allowed: 34826439 is_gc_concurrent: 1 target_footprint_: 25761643 GetBytesAllocated: 14625159 HeapGrowthMultiplier: 3
12-19 15:54:29.344  3323  8016 I com.miui.home: CheckGCForNative gc_urgency 0.340818 current_native_bytes is 156635083
12-19 15:54:29.357  9797  9797 I wm_on_top_resumed_gained_called: [7671985,com.xunmeng.pinduoduo.ui.activity.HomeActivity,topStateChangedWhenResumed]
12-19 15:54:29.368  9797  9797 I wm_on_top_resumed_lost_called: [7671985,com.xunmeng.pinduoduo.ui.activity.HomeActivity,topStateChangedWhenResumed]
12-19 15:54:29.380  3323  3323 I wm_on_top_resumed_gained_called: [81893887,com.miui.home.launcher.Launcher,topStateChangedWhenResumed]
12-19 15:54:29.443  3323  3794 I com.miui.home: CheckGCForNative adj_start_bytes: 43028567 NativeAllocationGcWatermark: 11608813 java_gc_start_bytes: 25615348 kNewNativeDiscountFactor: 2 kOldNativeDiscountFactor: 65536 old_native_bytes: 156560363 new_native_bytes: 124048 add_bytes_allowed: 34826439 is_gc_concurrent: 1 target_footprint_: 25761643 GetBytesAllocated: 14880981 HeapGrowthMultiplier: 3
12-19 15:54:29.443  3323  3794 I com.miui.home: CheckGCForNative gc_urgency 0.347362 current_native_bytes is 156684411
12-19 15:54:29.614  3323  3989 I com.miui.home: CheckGCForNative adj_start_bytes: 43028567 NativeAllocationGcWatermark: 11608813 java_gc_start_bytes: 25615348 kNewNativeDiscountFactor: 2 kOldNativeDiscountFactor: 65536 old_native_bytes: 156560363 new_native_bytes: 11143160 add_bytes_allowed: 34826439 is_gc_concurrent: 1 target_footprint_: 25761643 GetBytesAllocated: 15306759 HeapGrowthMultiplier: 3
12-19 15:54:29.614  3323  3989 I com.miui.home: CheckGCForNative gc_urgency 0.485276 current_native_bytes is 167703523
12-19 15:54:29.632  3323  3794 I com.miui.home: CheckGCForNative adj_start_bytes: 43028567 NativeAllocationGcWatermark: 11608813 java_gc_start_bytes: 25615348 kNewNativeDiscountFactor: 2 kOldNativeDiscountFactor: 65536 old_native_bytes: 156560363 new_native_bytes: 459448 add_bytes_allowed: 34826439 is_gc_concurrent: 1 target_footprint_: 25761643 GetBytesAllocated: 15316808 HeapGrowthMultiplier: 3
12-19 15:54:29.632  3323  3794 I com.miui.home: CheckGCForNative gc_urgency 0.361363 current_native_bytes is 157019811
12-19 15:54:29.823  3323  3792 I com.miui.home: CheckGCForNative adj_start_bytes: 43028567 NativeAllocationGcWatermark: 11608813 java_gc_start_bytes: 25615348 kNewNativeDiscountFactor: 2 kOldNativeDiscountFactor: 65536 old_native_bytes: 156560363 new_native_bytes: 11045856 add_bytes_allowed: 34826439 is_gc_concurrent: 1 target_footprint_: 25761643 GetBytesAllocated: 15416106 HeapGrowthMultiplier: 3
12-19 15:54:29.823  3323  3792 I com.miui.home: CheckGCForNative gc_urgency 0.486686 current_native_bytes is 167606219
12-19 15:54:29.824  3323  3792 I com.miui.home: CheckGCForNative adj_start_bytes: 43028567 NativeAllocationGcWatermark: 11608813 java_gc_start_bytes: 25615348 kNewNativeDiscountFactor: 2 kOldNativeDiscountFactor: 65536 old_native_bytes: 156560363 new_native_bytes: 21752800 add_bytes_allowed: 34826439 is_gc_concurrent: 1 target_footprint_: 25761643 GetBytesAllocated: 15419862 HeapGrowthMultiplier: 3
12-19 15:54:29.824  3323  3792 I com.miui.home: CheckGCForNative gc_urgency 0.61119 current_native_bytes is 178313163
12-19 15:54:29.825  3323  3396 I com.miui.home: CheckGCForNative adj_start_bytes: 43028567 NativeAllocationGcWatermark: 11608813 java_gc_start_bytes: 25615348 kNewNativeDiscountFactor: 2 kOldNativeDiscountFactor: 65536 old_native_bytes: 156560363 new_native_bytes: 21752800 add_bytes_allowed: 34826439 is_gc_concurrent: 1 target_footprint_: 25761643 GetBytesAllocated: 15421243 HeapGrowthMultiplier: 3
12-19 15:54:29.825  3323  3396 I com.miui.home: CheckGCForNative gc_urgency 0.611223 current_native_bytes is 178313163
12-19 15:54:30.092  3323  3323 I wm_on_top_resumed_lost_called: [81893887,com.miui.home.launcher.Launcher,topStateChangedWhenResumed]
12-19 15:54:30.358  3323  3323 I wm_on_paused_called: [0,81893887,com.miui.home.launcher.Launcher,performPause,3]
12-19 15:54:30.385  9797  9797 I wm_on_paused_called: [0,7671985,com.xunmeng.pinduoduo.ui.activity.HomeActivity,performPause,12]
12-19 15:54:30.442  9797  9797 I wm_on_destroy_called: [0,230585717,com.xunmeng.pinduoduo.ui.activity.MainFrameActivity,performDestroy,11]
12-19 15:54:30.659  9797  9797 I wm_on_stop_called: [0,7671985,com.xunmeng.pinduoduo.ui.activity.HomeActivity,STOP_ACTIVITY_ITEM,83]
