12-21 19:06:22.574  3348  4164 D cccccc  : onTaskStackChangedBackground
12-21 19:06:22.626  3348  3746 D cccccc  : onTaskStackChangedBackground
12-21 19:06:22.645  3348  3746 D cccccc  : onTaskStackChangedBackground
12-21 19:06:22.791 10141 10141 I wm_on_idle_called: com.xunmeng.pinduoduo.ui.activity.HomeActivity
12-21 19:06:22.802  3348  3655 I com.miui.home: CheckGCForNative gc_urgency 0 current_native_bytes is 143549059
12-21 19:06:22.873  3348  3686 E cccccc  : createTaskSnapshot:
12-21 19:06:22.873  3348  3686 I cccccc  : getTaskSnapshotInstance:
12-21 19:06:22.874  3348  3686 E cccccc  : createTaskSnapshot:
12-21 19:06:22.874  3348  3686 I cccccc  : getTaskSnapshotInstance:
12-21 19:06:22.876  3348  3686 I com.miui.home: CheckGCForNative adj_start_bytes: 33309443 NativeAllocationGcWatermark: 10625536 java_gc_start_bytes: 17371139 kNewNativeDiscountFactor: 2 kOldNativeDiscountFactor: 65536 old_native_bytes: 143549059 new_native_bytes: 10764736 add_bytes_allowed: 31876608 is_gc_concurrent: 1 target_footprint_: 17895427 GetBytesAllocated: 10169652 HeapGrowthMultiplier: 3
12-21 19:06:22.877  3348  3686 I com.miui.home: CheckGCForNative gc_urgency 0.466961 current_native_bytes is 154313795
12-21 19:06:22.991  3348  3655 I com.miui.home: CheckGCForNative adj_start_bytes: 33309443 NativeAllocationGcWatermark: 10625536 java_gc_start_bytes: 17371139 kNewNativeDiscountFactor: 2 kOldNativeDiscountFactor: 65536 old_native_bytes: 143549059 new_native_bytes: 260596 add_bytes_allowed: 31876608 is_gc_concurrent: 1 target_footprint_: 17895427 GetBytesAllocated: 10607191 HeapGrowthMultiplier: 3
12-21 19:06:22.991  3348  3655 I com.miui.home: CheckGCForNative gc_urgency 0.322421 current_native_bytes is 143809655
12-21 19:06:23.103  3348  3655 I com.miui.home: CheckGCForNative adj_start_bytes: 33309443 NativeAllocationGcWatermark: 10625536 java_gc_start_bytes: 17371139 kNewNativeDiscountFactor: 2 kOldNativeDiscountFactor: 65536 old_native_bytes: 143549059 new_native_bytes: 284084 add_bytes_allowed: 31876608 is_gc_concurrent: 1 target_footprint_: 17895427 GetBytesAllocated: 10657302 HeapGrowthMultiplier: 3
12-21 19:06:23.103  3348  3655 I com.miui.home: CheckGCForNative gc_urgency 0.324278 current_native_bytes is 143833143
12-21 19:06:23.748  3348  3686 E cccccc  : createTaskSnapshot:
12-21 19:06:23.748  3348  3686 I cccccc  : getTaskSnapshotInstance:
12-21 19:06:23.964  3348  3348 I wm_on_resume_called: [0,178129807,com.miui.home.launcher.Launcher,RESUME_ACTIVITY,19]
12-21 19:06:23.987  3348  3348 I wm_on_idle_called: com.miui.home.launcher.Launcher
12-21 19:06:24.155  3348  4164 I com.miui.home: CheckGCForNative adj_start_bytes: 33309443 NativeAllocationGcWatermark: 10625536 java_gc_start_bytes: 17371139 kNewNativeDiscountFactor: 2 kOldNativeDiscountFactor: 65536 old_native_bytes: 143549059 new_native_bytes: 11122984 add_bytes_allowed: 31876608 is_gc_concurrent: 1 target_footprint_: 17895427 GetBytesAllocated: 11808110 HeapGrowthMultiplier: 3
12-21 19:06:24.155  3348  4164 I com.miui.home: CheckGCForNative gc_urgency 0.521528 current_native_bytes is 154672043
12-21 19:06:24.156  3348  4164 I cccccc  : createTaskSnapshotCompat:
12-21 19:06:24.171  3348  4164 I com.miui.home: CheckGCForNative adj_start_bytes: 33309443 NativeAllocationGcWatermark: 10625536 java_gc_start_bytes: 17371139 kNewNativeDiscountFactor: 2 kOldNativeDiscountFactor: 65536 old_native_bytes: 143549059 new_native_bytes: 21830952 add_bytes_allowed: 31876608 is_gc_concurrent: 1 target_footprint_: 17895427 GetBytesAllocated: 11830379 HeapGrowthMultiplier: 3
12-21 19:06:24.171  3348  4164 I com.miui.home: CheckGCForNative gc_urgency 0.682931 current_native_bytes is 165380011
12-21 19:06:24.179 10376 10376 I wm_on_application_create_called: [0,com.eg.android.AlipayGphone,663]
12-21 19:06:24.306  3348  3655 I com.miui.home: CheckGCForNative adj_start_bytes: 33309443 NativeAllocationGcWatermark: 10625536 java_gc_start_bytes: 17371139 kNewNativeDiscountFactor: 2 kOldNativeDiscountFactor: 65536 old_native_bytes: 143549059 new_native_bytes: 11128232 add_bytes_allowed: 31876608 is_gc_concurrent: 1 target_footprint_: 17895427 GetBytesAllocated: 11962312 HeapGrowthMultiplier: 3
12-21 19:06:24.306  3348  3655 I com.miui.home: CheckGCForNative gc_urgency 0.526236 current_native_bytes is 154677291
12-21 19:06:24.329  3348  3348 I wm_on_top_resumed_gained_called: [178129807,com.miui.home.launcher.Launcher,topStateChangedWhenResumed]
12-21 19:06:24.462  3348  3655 I com.miui.home: CheckGCForNative adj_start_bytes: 33309443 NativeAllocationGcWatermark: 10625536 java_gc_start_bytes: 17371139 kNewNativeDiscountFactor: 2 kOldNativeDiscountFactor: 65536 old_native_bytes: 143549059 new_native_bytes: 11144272 add_bytes_allowed: 31876608 is_gc_concurrent: 1 target_footprint_: 17895427 GetBytesAllocated: 12028656 HeapGrowthMultiplier: 3
12-21 19:06:24.462  3348  3655 I com.miui.home: CheckGCForNative gc_urgency 0.528468 current_native_bytes is 154693331
12-21 19:06:24.650  3348  3654 I com.miui.home: CheckGCForNative adj_start_bytes: 33309443 NativeAllocationGcWatermark: 10625536 java_gc_start_bytes: 17371139 kNewNativeDiscountFactor: 2 kOldNativeDiscountFactor: 65536 old_native_bytes: 143549059 new_native_bytes: 21839392 add_bytes_allowed: 31876608 is_gc_concurrent: 1 target_footprint_: 17895427 GetBytesAllocated: 12098341 HeapGrowthMultiplier: 3
12-21 19:06:24.650  3348  3654 I com.miui.home: CheckGCForNative gc_urgency 0.691102 current_native_bytes is 165388451
12-21 19:06:24.655  3348  3654 I cccccc  : createTaskSnapshotCompat:
12-21 19:06:24.663  3348  3654 I com.miui.home: CheckGCForNative adj_start_bytes: 33309443 NativeAllocationGcWatermark: 10625536 java_gc_start_bytes: 17371139 kNewNativeDiscountFactor: 2 kOldNativeDiscountFactor: 65536 old_native_bytes: 143549059 new_native_bytes: 32532928 add_bytes_allowed: 31876608 is_gc_concurrent: 1 target_footprint_: 17895427 GetBytesAllocated: 12109630 HeapGrowthMultiplier: 3
12-21 19:06:24.664  3348  3654 I com.miui.home: CheckGCForNative gc_urgency 0.851959 current_native_bytes is 176081987
12-21 19:06:24.862  3348  3619 I com.miui.home: CheckGCForNative adj_start_bytes: 33309443 NativeAllocationGcWatermark: 10625536 java_gc_start_bytes: 17371139 kNewNativeDiscountFactor: 2 kOldNativeDiscountFactor: 65536 old_native_bytes: 143549059 new_native_bytes: 21931424 add_bytes_allowed: 31876608 is_gc_concurrent: 1 target_footprint_: 17895427 GetBytesAllocated: 12241113 HeapGrowthMultiplier: 3
12-21 19:06:24.862  3348  3619 I com.miui.home: CheckGCForNative gc_urgency 0.69677 current_native_bytes is 165480483
12-21 19:06:24.909  3348  3348 I wm_on_top_resumed_lost_called: [178129807,com.miui.home.launcher.Launcher,topStateChangedWhenResumed]
12-21 19:06:24.919  3348  3746 D cccccc  : onTaskStackChangedBackground
12-21 19:06:24.937  3348  3746 D cccccc  : onTaskStackChangedBackground
12-21 19:06:25.245  3348  3348 I wm_on_paused_called: [0,178129807,com.miui.home.launcher.Launcher,performPause,2]
12-21 19:06:25.409 10513 10513 I wm_on_application_create_called: [0,com.smile.gifmaker,1602]
12-21 19:06:25.440  3348  3686 E cccccc  : createTaskSnapshot:
12-21 19:06:25.440  3348  3686 I cccccc  : getTaskSnapshotInstance:
12-21 19:06:25.447  3348  3686 E cccccc  : createTaskSnapshot:
12-21 19:06:25.447  3348  3686 I cccccc  : getTaskSnapshotInstance:
12-21 19:06:25.450  3348  3686 I com.miui.home: CheckGCForNative adj_start_bytes: 33309443 NativeAllocationGcWatermark: 10625536 java_gc_start_bytes: 17371139 kNewNativeDiscountFactor: 2 kOldNativeDiscountFactor: 65536 old_native_bytes: 143549059 new_native_bytes: 32987724 add_bytes_allowed: 31876608 is_gc_concurrent: 1 target_footprint_: 17895427 GetBytesAllocated: 13239373 HeapGrowthMultiplier: 3
12-21 19:06:25.450  3348  3686 I com.miui.home: CheckGCForNative gc_urgency 0.892703 current_native_bytes is 176536783
12-21 19:06:25.452  3348  4455 D cccccc  : onTaskStackChangedBackground
12-21 19:06:25.455  3348  4455 D cccccc  : onTaskStackChangedBackground
12-21 19:06:25.742  3348  3655 I com.miui.home: CheckGCForNative adj_start_bytes: 33309443 NativeAllocationGcWatermark: 10625536 java_gc_start_bytes: 17371139 kNewNativeDiscountFactor: 2 kOldNativeDiscountFactor: 65536 old_native_bytes: 143549059 new_native_bytes: 22979352 add_bytes_allowed: 31876608 is_gc_concurrent: 1 target_footprint_: 17895427 GetBytesAllocated: 13827326 HeapGrowthMultiplier: 3
12-21 19:06:25.743  3348  3655 I com.miui.home: CheckGCForNative gc_urgency 0.760121 current_native_bytes is 166528411
12-21 19:06:25.818  3348  3686 E cccccc  : createTaskSnapshot:
12-21 19:06:25.818  3348  3686 I cccccc  : getTaskSnapshotInstance:
12-21 19:06:25.988  3348  3655 I com.miui.home: CheckGCForNative adj_start_bytes: 33309443 NativeAllocationGcWatermark: 10625536 java_gc_start_bytes: 17371139 kNewNativeDiscountFactor: 2 kOldNativeDiscountFactor: 65536 old_native_bytes: 143549059 new_native_bytes: 22872536 add_bytes_allowed: 31876608 is_gc_concurrent: 1 target_footprint_: 17895427 GetBytesAllocated: 14076205 HeapGrowthMultiplier: 3
12-21 19:06:25.988  3348  3655 I com.miui.home: CheckGCForNative gc_urgency 0.765989 current_native_bytes is 166421595
12-21 19:06:26.088  3348  3655 I com.miui.home: CheckGCForNative adj_start_bytes: 33309443 NativeAllocationGcWatermark: 10625536 java_gc_start_bytes: 17371139 kNewNativeDiscountFactor: 2 kOldNativeDiscountFactor: 65536 old_native_bytes: 143549059 new_native_bytes: 22827544 add_bytes_allowed: 31876608 is_gc_concurrent: 1 target_footprint_: 17895427 GetBytesAllocated: 14109720 HeapGrowthMultiplier: 3
12-21 19:06:26.088  3348  3655 I com.miui.home: CheckGCForNative gc_urgency 0.76632 current_native_bytes is 166376603
12-21 19:06:26.694 10964 10964 I wm_on_application_create_called: [0,com.tencent.qqlive,213]
12-21 19:06:26.795  3348  3348 I wm_on_resume_called: [0,178129807,com.miui.home.launcher.Launcher,RESUME_ACTIVITY,19]
12-21 19:06:26.815  3348  3348 I wm_on_idle_called: com.miui.home.launcher.Launcher
12-21 19:06:27.031  3348  4164 I com.miui.home: CheckGCForNative adj_start_bytes: 33309443 NativeAllocationGcWatermark: 10625536 java_gc_start_bytes: 17371139 kNewNativeDiscountFactor: 2 kOldNativeDiscountFactor: 65536 old_native_bytes: 143549059 new_native_bytes: 33453924 add_bytes_allowed: 31876608 is_gc_concurrent: 1 target_footprint_: 17895427 GetBytesAllocated: 15186015 HeapGrowthMultiplier: 3
12-21 19:06:27.031  3348  4164 I com.miui.home: CheckGCForNative gc_urgency 0.958142 current_native_bytes is 177002983
12-21 19:06:27.032  3348  4164 I cccccc  : createTaskSnapshotCompat:
12-21 19:06:27.035  3348  4164 I com.miui.home: CheckGCForNative adj_start_bytes: 33309443 NativeAllocationGcWatermark: 10625536 java_gc_start_bytes: 17371139 kNewNativeDiscountFactor: 2 kOldNativeDiscountFactor: 65536 old_native_bytes: 143549059 new_native_bytes: 44161060 add_bytes_allowed: 31876608 is_gc_concurrent: 1 target_footprint_: 17895427 GetBytesAllocated: 15194792 HeapGrowthMultiplier: 3
12-21 19:06:27.035  3348  4164 I com.miui.home: CheckGCForNative gc_urgency 1.11913 current_native_bytes is 187710119
12-21 19:06:27.035  3348  4164 I com.miui.home: CheckGCForNative requested 1
12-21 19:06:27.146  3348  3655 I com.miui.home: CheckGCForNative adj_start_bytes: 33309443 NativeAllocationGcWatermark: 10625536 java_gc_start_bytes: 17371139 kNewNativeDiscountFactor: 2 kOldNativeDiscountFactor: 65536 old_native_bytes: 143549059 new_native_bytes: 33613444 add_bytes_allowed: 31876608 is_gc_concurrent: 1 target_footprint_: 17895427 GetBytesAllocated: 15252230 HeapGrowthMultiplier: 3
12-21 19:06:27.146  3348  3655 I com.miui.home: CheckGCForNative gc_urgency 0.962524 current_native_bytes is 177162503
12-21 19:06:27.218  3348  3348 I wm_on_top_resumed_gained_called: [178129807,com.miui.home.launcher.Launcher,topStateChangedWhenResumed]
12-21 19:06:27.269  3348  3655 I com.miui.home: CheckGCForNative adj_start_bytes: 33309443 NativeAllocationGcWatermark: 10625536 java_gc_start_bytes: 17371139 kNewNativeDiscountFactor: 2 kOldNativeDiscountFactor: 65536 old_native_bytes: 143549059 new_native_bytes: 33599108 add_bytes_allowed: 31876608 is_gc_concurrent: 1 target_footprint_: 17895427 GetBytesAllocated: 15342051 HeapGrowthMultiplier: 3
12-21 19:06:27.269  3348  3655 I com.miui.home: CheckGCForNative gc_urgency 0.965005 current_native_bytes is 177148167
12-21 19:06:27.425  3348  3389 I com.miui.home: NativeAlloc concurrent copying GC freed 128227(5734KB) AllocSpace objects, 24(672KB) LOS objects, 50% free, 8663KB/16MB, paused 458us,97us total 390.342ms
12-21 19:06:27.523 11181 11181 I wm_on_application_create_called: [0,com.tencent.qqlive,392]
12-21 19:06:27.540  3348  3654 I com.miui.home: CheckGCForNative gc_urgency 0 current_native_bytes is 142087587
12-21 19:06:27.541  3348  3654 I cccccc  : createTaskSnapshotCompat:
12-21 19:06:27.542  3348  3654 I com.miui.home: CheckGCForNative adj_start_bytes: 33414816 NativeAllocationGcWatermark: 10606350 java_gc_start_bytes: 17505291 kNewNativeDiscountFactor: 2 kOldNativeDiscountFactor: 65536 old_native_bytes: 142087587 new_native_bytes: 10707264 add_bytes_allowed: 31819050 is_gc_concurrent: 1 target_footprint_: 17741941 GetBytesAllocated: 8966445 HeapGrowthMultiplier: 3
12-21 19:06:27.542  3348  3654 I com.miui.home: CheckGCForNative gc_urgency 0.42862 current_native_bytes is 152794851
12-21 19:06:27.625  3348  3348 I com.miui.home: CheckGCForNative adj_start_bytes: 33414816 NativeAllocationGcWatermark: 10606350 java_gc_start_bytes: 17505291 kNewNativeDiscountFactor: 2 kOldNativeDiscountFactor: 65536 old_native_bytes: 142087587 new_native_bytes: 93920 add_bytes_allowed: 31819050 is_gc_concurrent: 1 target_footprint_: 17741941 GetBytesAllocated: 9048365 HeapGrowthMultiplier: 3
12-21 19:06:27.625  3348  3348 I com.miui.home: CheckGCForNative gc_urgency 0.272259 current_native_bytes is 142181507
12-21 19:06:27.663  3348  3582 I com.miui.home: CheckGCForNative adj_start_bytes: 33414816 NativeAllocationGcWatermark: 10606350 java_gc_start_bytes: 17505291 kNewNativeDiscountFactor: 2 kOldNativeDiscountFactor: 65536 old_native_bytes: 142087587 new_native_bytes: 355928 add_bytes_allowed: 31819050 is_gc_concurrent: 1 target_footprint_: 17741941 GetBytesAllocated: 9114077 HeapGrowthMultiplier: 3
12-21 19:06:27.663  3348  3582 I com.miui.home: CheckGCForNative gc_urgency 0.278146 current_native_bytes is 142443515
12-21 19:06:27.667  3348  3582 I com.miui.home: CheckGCForNative adj_start_bytes: 33414816 NativeAllocationGcWatermark: 10606350 java_gc_start_bytes: 17505291 kNewNativeDiscountFactor: 2 kOldNativeDiscountFactor: 65536 old_native_bytes: 142087587 new_native_bytes: 751832 add_bytes_allowed: 31819050 is_gc_concurrent: 1 target_footprint_: 17741941 GetBytesAllocated: 9114077 HeapGrowthMultiplier: 3
12-21 19:06:27.667  3348  3582 I com.miui.home: CheckGCForNative gc_urgency 0.28407 current_native_bytes is 142839419
12-21 19:06:27.860  3348  3396 D cccccc  : onTaskStackChangedBackground
12-21 19:06:27.862  3348  3396 D cccccc  : onTaskStackChangedBackground
12-21 19:06:27.871 10964 10964 I wm_on_create_called: [0,146883851,com.tencent.qqlive.ona.activity.SplashHomeActivity,performCreate,619]
12-21 19:06:27.874  3348  3348 I wm_on_top_resumed_lost_called: [178129807,com.miui.home.launcher.Launcher,topStateChangedWhenResumed]
12-21 19:06:27.894  3348  3348 I com.miui.home: CheckGCForNative adj_start_bytes: 33414816 NativeAllocationGcWatermark: 10606350 java_gc_start_bytes: 17505291 kNewNativeDiscountFactor: 2 kOldNativeDiscountFactor: 65536 old_native_bytes: 142087587 new_native_bytes: 1033704 add_bytes_allowed: 31819050 is_gc_concurrent: 1 target_footprint_: 17741941 GetBytesAllocated: 9482417 HeapGrowthMultiplier: 3
12-21 19:06:27.895  3348  3348 I com.miui.home: CheckGCForNative gc_urgency 0.299311 current_native_bytes is 143121291
12-21 19:06:28.063 10964 10964 I wm_on_start_called: [0,146883851,com.tencent.qqlive.ona.activity.SplashHomeActivity,handleStartActivity,136]
12-21 19:06:28.103  3348  3348 I wm_on_paused_called: [0,178129807,com.miui.home.launcher.Launcher,performPause,3]
12-21 19:06:28.205  3348  4455 D cccccc  : onTaskStackChangedBackground
12-21 19:06:28.216  3348  3396 D cccccc  : onTaskStackChangedBackground
12-21 19:06:28.457  3348  3686 E cccccc  : createTaskSnapshot:
12-21 19:06:28.457  3348  3686 I cccccc  : getTaskSnapshotInstance:
12-21 19:06:28.475  3348  3686 E cccccc  : createTaskSnapshot:
12-21 19:06:28.475  3348  3686 I cccccc  : getTaskSnapshotInstance:
12-21 19:06:28.482  3348  3686 I com.miui.home: CheckGCForNative adj_start_bytes: 33414816 NativeAllocationGcWatermark: 10606350 java_gc_start_bytes: 17505291 kNewNativeDiscountFactor: 2 kOldNativeDiscountFactor: 65536 old_native_bytes: 142087587 new_native_bytes: 12887164 add_bytes_allowed: 31819050 is_gc_concurrent: 1 target_footprint_: 17741941 GetBytesAllocated: 10403600 HeapGrowthMultiplier: 3
12-21 19:06:28.482  3348  3686 I com.miui.home: CheckGCForNative gc_urgency 0.504248 current_native_bytes is 154974751
12-21 19:06:28.627  3348  3655 I com.miui.home: CheckGCForNative adj_start_bytes: 33414816 NativeAllocationGcWatermark: 10606350 java_gc_start_bytes: 17505291 kNewNativeDiscountFactor: 2 kOldNativeDiscountFactor: 65536 old_native_bytes: 142087587 new_native_bytes: 2174364 add_bytes_allowed: 31819050 is_gc_concurrent: 1 target_footprint_: 17741941 GetBytesAllocated: 10528961 HeapGrowthMultiplier: 3
12-21 19:06:28.627  3348  3655 I com.miui.home: CheckGCForNative gc_urgency 0.347699 current_native_bytes is 144261951
12-21 19:06:28.716  3348  3655 I com.miui.home: CheckGCForNative adj_start_bytes: 33414816 NativeAllocationGcWatermark: 10606350 java_gc_start_bytes: 17505291 kNewNativeDiscountFactor: 2 kOldNativeDiscountFactor: 65536 old_native_bytes: 142087587 new_native_bytes: 2183044 add_bytes_allowed: 31819050 is_gc_concurrent: 1 target_footprint_: 17741941 GetBytesAllocated: 10596593 HeapGrowthMultiplier: 3
12-21 19:06:28.716  3348  3655 I com.miui.home: CheckGCForNative gc_urgency 0.349853 current_native_bytes is 144270631
12-21 19:06:28.905  3348  3655 I com.miui.home: CheckGCForNative adj_start_bytes: 33414816 NativeAllocationGcWatermark: 10606350 java_gc_start_bytes: 17505291 kNewNativeDiscountFactor: 2 kOldNativeDiscountFactor: 65536 old_native_bytes: 142087587 new_native_bytes: 2359800 add_bytes_allowed: 31819050 is_gc_concurrent: 1 target_footprint_: 17741941 GetBytesAllocated: 11096833 HeapGrowthMultiplier: 3
12-21 19:06:28.906  3348  3655 I com.miui.home: CheckGCForNative gc_urgency 0.367469 current_native_bytes is 144447387
12-21 19:06:28.933  3348  3686 E cccccc  : createTaskSnapshot:
12-21 19:06:28.933  3348  3686 I cccccc  : getTaskSnapshotInstance:
12-21 19:06:29.141 11538 11538 I wm_on_create_called: [0,69577446,com.tencent.mobileqq.activity.SplashActivity,performCreate,61]
12-21 19:06:29.195 11538 11538 I wm_on_start_called: [0,69577446,com.tencent.mobileqq.activity.SplashActivity,handleStartActivity,54]
12-21 19:06:29.207 11538 11538 I wm_on_resume_called: [0,69577446,com.tencent.mobileqq.activity.SplashActivity,RESUME_ACTIVITY,11]
12-21 19:06:29.271 11538 11538 I wm_on_top_resumed_gained_called: [69577446,com.tencent.mobileqq.activity.SplashActivity,topStateChangedWhenResumed]
12-21 19:06:29.474 11538 11538 I wm_on_idle_called: com.tencent.mobileqq.activity.SplashActivity
12-21 19:06:29.538  3348  3348 I wm_on_stop_called: [0,178129807,com.miui.home.launcher.Launcher,STOP_ACTIVITY_ITEM,10]
12-21 19:06:29.597 11538 11538 I wm_on_top_resumed_lost_called: [69577446,com.tencent.mobileqq.activity.SplashActivity,topStateChangedWhenResumed]
12-21 19:06:29.600 11538 11538 I wm_on_paused_called: [0,69577446,com.tencent.mobileqq.activity.SplashActivity,performPause,1]
12-21 19:06:29.693 11538 11538 I wm_on_create_called: [0,127005656,com.tencent.mobileqq.activity.LoginActivity,performCreate,36]
12-21 19:06:29.728 11538 11538 I wm_on_start_called: [0,127005656,com.tencent.mobileqq.activity.LoginActivity,handleStartActivity,34]
12-21 19:06:29.733 11538 11538 I wm_on_resume_called: [0,127005656,com.tencent.mobileqq.activity.LoginActivity,RESUME_ACTIVITY,4]
12-21 19:06:29.753 11538 11538 I wm_on_top_resumed_gained_called: [127005656,com.tencent.mobileqq.activity.LoginActivity,topStateChangedWhenResumed]
12-21 19:06:29.767  3348  3348 I wm_on_restart_called: [0,178129807,com.miui.home.launcher.Launcher,,0]
12-21 19:06:29.769  3348  3348 I wm_on_start_called: [0,178129807,com.miui.home.launcher.Launcher,handleStartActivity,1]
12-21 19:06:29.789  3348  3348 I wm_on_resume_called: [0,178129807,com.miui.home.launcher.Launcher,RESUME_ACTIVITY,18]
12-21 19:06:29.868  3348  4164 D cccccc  : onTaskStackChangedBackground
12-21 19:06:29.872  3348  3396 D cccccc  : onTaskStackChangedBackground
12-21 19:06:29.892  3348  3348 I wm_on_idle_called: com.miui.home.launcher.Launcher
12-21 19:06:29.932 11538 11538 I wm_on_top_resumed_lost_called: [127005656,com.tencent.mobileqq.activity.LoginActivity,topStateChangedWhenResumed]
12-21 19:06:29.952  3348  3348 I wm_on_top_resumed_gained_called: [178129807,com.miui.home.launcher.Launcher,topStateChangedWhenResumed]
12-21 19:06:29.955 11538 11538 I wm_on_idle_called: com.tencent.mobileqq.activity.LoginActivity
12-21 19:06:30.072  3348  3396 I com.miui.home: CheckGCForNative adj_start_bytes: 33414816 NativeAllocationGcWatermark: 10606350 java_gc_start_bytes: 17505291 kNewNativeDiscountFactor: 2 kOldNativeDiscountFactor: 65536 old_native_bytes: 142087587 new_native_bytes: 13645540 add_bytes_allowed: 31819050 is_gc_concurrent: 1 target_footprint_: 17741941 GetBytesAllocated: 13456935 HeapGrowthMultiplier: 3
12-21 19:06:30.073  3348  3396 I com.miui.home: CheckGCForNative gc_urgency 0.606972 current_native_bytes is 155733127
12-21 19:06:30.077  3348  3396 I cccccc  : createTaskSnapshotCompat:
12-21 19:06:30.089  3348  3396 I com.miui.home: CheckGCForNative adj_start_bytes: 33414816 NativeAllocationGcWatermark: 10606350 java_gc_start_bytes: 17505291 kNewNativeDiscountFactor: 2 kOldNativeDiscountFactor: 65536 old_native_bytes: 142087587 new_native_bytes: 24352676 add_bytes_allowed: 31819050 is_gc_concurrent: 1 target_footprint_: 17741941 GetBytesAllocated: 13512105 HeapGrowthMultiplier: 3
12-21 19:06:30.097  3348  3396 I com.miui.home: CheckGCForNative gc_urgency 0.768933 current_native_bytes is 166440263
12-21 19:06:30.118  3348  3686 E cccccc  : createTaskSnapshot:
12-21 19:06:30.119  3348  3686 I cccccc  : getTaskSnapshotInstance:
12-21 19:06:30.135  3348  3686 I com.miui.home: CheckGCForNative adj_start_bytes: 33414816 NativeAllocationGcWatermark: 10606350 java_gc_start_bytes: 17505291 kNewNativeDiscountFactor: 2 kOldNativeDiscountFactor: 65536 old_native_bytes: 142087587 new_native_bytes: 24486772 add_bytes_allowed: 31819050 is_gc_concurrent: 1 target_footprint_: 17741941 GetBytesAllocated: 13591854 HeapGrowthMultiplier: 3
12-21 19:06:30.135  3348  3686 I com.miui.home: CheckGCForNative gc_urgency 0.773232 current_native_bytes is 166574359
12-21 19:06:30.164  3348  3655 I com.miui.home: CheckGCForNative adj_start_bytes: 33414816 NativeAllocationGcWatermark: 10606350 java_gc_start_bytes: 17505291 kNewNativeDiscountFactor: 2 kOldNativeDiscountFactor: 65536 old_native_bytes: 142087587 new_native_bytes: 13781716 add_bytes_allowed: 31819050 is_gc_concurrent: 1 target_footprint_: 17741941 GetBytesAllocated: 13634114 HeapGrowthMultiplier: 3
12-21 19:06:30.164  3348  3655 I com.miui.home: CheckGCForNative gc_urgency 0.614313 current_native_bytes is 155869303
12-21 19:06:30.175  3348  3655 I com.miui.home: CheckGCForNative adj_start_bytes: 33414816 NativeAllocationGcWatermark: 10606350 java_gc_start_bytes: 17505291 kNewNativeDiscountFactor: 2 kOldNativeDiscountFactor: 65536 old_native_bytes: 142087587 new_native_bytes: 13784340 add_bytes_allowed: 31819050 is_gc_concurrent: 1 target_footprint_: 17741941 GetBytesAllocated: 13659439 HeapGrowthMultiplier: 3
12-21 19:06:30.175  3348  3655 I com.miui.home: CheckGCForNative gc_urgency 0.61511 current_native_bytes is 155871927
12-21 19:06:30.431  3348  3655 I com.miui.home: CheckGCForNative adj_start_bytes: 33414816 NativeAllocationGcWatermark: 10606350 java_gc_start_bytes: 17505291 kNewNativeDiscountFactor: 2 kOldNativeDiscountFactor: 65536 old_native_bytes: 142087587 new_native_bytes: 14131528 add_bytes_allowed: 31819050 is_gc_concurrent: 1 target_footprint_: 17741941 GetBytesAllocated: 14293753 HeapGrowthMultiplier: 3
12-21 19:06:30.431  3348  3655 I com.miui.home: CheckGCForNative gc_urgency 0.639288 current_native_bytes is 156219115
12-21 19:06:30.581  3348  3654 I com.miui.home: CheckGCForNative adj_start_bytes: 33414816 NativeAllocationGcWatermark: 10606350 java_gc_start_bytes: 17505291 kNewNativeDiscountFactor: 2 kOldNativeDiscountFactor: 65536 old_native_bytes: 142087587 new_native_bytes: 24694952 add_bytes_allowed: 31819050 is_gc_concurrent: 1 target_footprint_: 17741941 GetBytesAllocated: 14371784 HeapGrowthMultiplier: 3
12-21 19:06:30.581  3348  3654 I com.miui.home: CheckGCForNative gc_urgency 0.799688 current_native_bytes is 166782539
12-21 19:06:30.581  3348  3654 I cccccc  : createTaskSnapshotCompat:
12-21 19:06:30.585  3348  3654 I com.miui.home: CheckGCForNative adj_start_bytes: 33414816 NativeAllocationGcWatermark: 10606350 java_gc_start_bytes: 17505291 kNewNativeDiscountFactor: 2 kOldNativeDiscountFactor: 65536 old_native_bytes: 142087587 new_native_bytes: 35401192 add_bytes_allowed: 31819050 is_gc_concurrent: 1 target_footprint_: 17741941 GetBytesAllocated: 14371976 HeapGrowthMultiplier: 3
12-21 19:06:30.585  3348  3654 I com.miui.home: CheckGCForNative gc_urgency 0.959896 current_native_bytes is 177488779
12-21 19:06:30.591 11538 11538 I wm_on_paused_called: [0,127005656,com.tencent.mobileqq.activity.LoginActivity,performPause,1]
12-21 19:06:30.641 11538 11538 I wm_on_stop_called: [0,69577446,com.tencent.mobileqq.activity.SplashActivity,LIFECYCLER_STOP_ACTIVITY,5]
12-21 19:06:30.670 11538 11538 I wm_on_destroy_called: [0,69577446,com.tencent.mobileqq.activity.SplashActivity,performDestroy,29]
12-21 19:06:30.706  3348  4004 D cccccc  : onTaskStackChangedBackground
12-21 19:06:30.709 11538 11538 I wm_on_stop_called: [0,127005656,com.tencent.mobileqq.activity.LoginActivity,STOP_ACTIVITY_ITEM,14]
12-21 19:06:30.711  3348  4164 D cccccc  : onTaskStackChangedBackground
12-21 19:06:30.816  3348  3686 E cccccc  : createTaskSnapshot:
12-21 19:06:30.816  3348  3686 I cccccc  : getTaskSnapshotInstance:
12-21 19:06:30.817  3348  3686 I com.miui.home: CheckGCForNative adj_start_bytes: 33414816 NativeAllocationGcWatermark: 10606350 java_gc_start_bytes: 17505291 kNewNativeDiscountFactor: 2 kOldNativeDiscountFactor: 65536 old_native_bytes: 142087587 new_native_bytes: 35504124 add_bytes_allowed: 31819050 is_gc_concurrent: 1 target_footprint_: 17741941 GetBytesAllocated: 15019435 HeapGrowthMultiplier: 3
12-21 19:06:30.817  3348  3686 I com.miui.home: CheckGCForNative gc_urgency 0.980812 current_native_bytes is 177591711
12-21 19:06:31.064  3348  3582 I com.miui.home: CheckGCForNative adj_start_bytes: 33414816 NativeAllocationGcWatermark: 10606350 java_gc_start_bytes: 17505291 kNewNativeDiscountFactor: 2 kOldNativeDiscountFactor: 65536 old_native_bytes: 142087587 new_native_bytes: 25333192 add_bytes_allowed: 31819050 is_gc_concurrent: 1 target_footprint_: 17741941 GetBytesAllocated: 15723660 HeapGrowthMultiplier: 3
12-21 19:06:31.064  3348  3582 I com.miui.home: CheckGCForNative gc_urgency 0.849696 current_native_bytes is 167420779
12-21 19:06:31.112  3348  3348 I wm_on_top_resumed_lost_called: [178129807,com.miui.home.launcher.Launcher,topStateChangedWhenResumed]
12-21 19:06:31.117  3348  3348 I wm_on_paused_called: [0,178129807,com.miui.home.launcher.Launcher,performPause,2]
12-21 19:06:31.118  3348  4164 D cccccc  : onTaskStackChangedBackground
12-21 19:06:31.120  3348  4164 D cccccc  : onTaskStackChangedBackground
12-21 19:06:31.223  3348  4164 D cccccc  : onTaskStackChangedBackground
12-21 19:06:31.226  3348  4164 D cccccc  : onTaskStackChangedBackground
12-21 19:06:31.371  3348  4004 I com.miui.home: CheckGCForNative adj_start_bytes: 33414816 NativeAllocationGcWatermark: 10606350 java_gc_start_bytes: 17505291 kNewNativeDiscountFactor: 2 kOldNativeDiscountFactor: 65536 old_native_bytes: 142087587 new_native_bytes: 25523444 add_bytes_allowed: 31819050 is_gc_concurrent: 1 target_footprint_: 17741941 GetBytesAllocated: 16463003 HeapGrowthMultiplier: 3
12-21 19:06:31.371  3348  4004 I com.miui.home: CheckGCForNative gc_urgency 0.874669 current_native_bytes is 167611031
12-21 19:06:31.464  3348  3686 E cccccc  : createTaskSnapshot:
12-21 19:06:31.464  3348  3686 I cccccc  : getTaskSnapshotInstance:
12-21 19:06:31.549  3348  3686 I com.miui.home: CheckGCForNative adj_start_bytes: 33414816 NativeAllocationGcWatermark: 10606350 java_gc_start_bytes: 17505291 kNewNativeDiscountFactor: 2 kOldNativeDiscountFactor: 65536 old_native_bytes: 142087587 new_native_bytes: 25644668 add_bytes_allowed: 31819050 is_gc_concurrent: 1 target_footprint_: 17741941 GetBytesAllocated: 17002603 HeapGrowthMultiplier: 3
12-21 19:06:31.549  3348  3686 I com.miui.home: CheckGCForNative gc_urgency 0.892631 current_native_bytes is 167732255
12-21 19:06:31.682  3348  3686 E cccccc  : createTaskSnapshot:
12-21 19:06:31.682  3348  3686 I cccccc  : getTaskSnapshotInstance:
12-21 19:06:31.835  3348  3655 I com.miui.home: CheckGCForNative adj_start_bytes: 33414816 NativeAllocationGcWatermark: 10606350 java_gc_start_bytes: 17505291 kNewNativeDiscountFactor: 2 kOldNativeDiscountFactor: 65536 old_native_bytes: 142087587 new_native_bytes: 26043312 add_bytes_allowed: 31819050 is_gc_concurrent: 1 target_footprint_: 17741941 GetBytesAllocated: 17556839 HeapGrowthMultiplier: 3
12-21 19:06:31.835  3348  3655 I com.miui.home: CheckGCForNative gc_urgency 0.915183 current_native_bytes is 168130899
12-21 19:06:32.472 11799 11799 I wm_on_application_create_called: [0,com.dragon.read,852]
12-21 19:06:32.600  3348  3348 I wm_on_resume_called: [0,178129807,com.miui.home.launcher.Launcher,RESUME_ACTIVITY,20]
12-21 19:06:32.611  3348  3348 I com.miui.home: CheckGCForNative gc_urgency 0 current_native_bytes is 152862971
12-21 19:06:32.618  3348  3348 I wm_on_idle_called: com.miui.home.launcher.Launcher
12-21 19:06:32.771  3348  4164 I com.miui.home: CheckGCForNative adj_start_bytes: 33520394 NativeAllocationGcWatermark: 10606350 java_gc_start_bytes: 17610869 kNewNativeDiscountFactor: 2 kOldNativeDiscountFactor: 65536 old_native_bytes: 152862971 new_native_bytes: 10777676 add_bytes_allowed: 31819050 is_gc_concurrent: 1 target_footprint_: 17741941 GetBytesAllocated: 10832944 HeapGrowthMultiplier: 3
12-21 19:06:32.771  3348  4164 I com.miui.home: CheckGCForNative gc_urgency 0.484007 current_native_bytes is 163640647
12-21 19:06:32.772  3348  4164 I cccccc  : createTaskSnapshotCompat:
12-21 19:06:32.777  3348  4164 I com.miui.home: CheckGCForNative adj_start_bytes: 33520394 NativeAllocationGcWatermark: 10606350 java_gc_start_bytes: 17610869 kNewNativeDiscountFactor: 2 kOldNativeDiscountFactor: 65536 old_native_bytes: 152862971 new_native_bytes: 21484652 add_bytes_allowed: 31819050 is_gc_concurrent: 1 target_footprint_: 17741941 GetBytesAllocated: 10833136 HeapGrowthMultiplier: 3
12-21 19:06:32.777  3348  4164 I com.miui.home: CheckGCForNative gc_urgency 0.643721 current_native_bytes is 174347623
12-21 19:06:32.904  3348  3655 I com.miui.home: CheckGCForNative adj_start_bytes: 33520394 NativeAllocationGcWatermark: 10606350 java_gc_start_bytes: 17610869 kNewNativeDiscountFactor: 2 kOldNativeDiscountFactor: 65536 old_native_bytes: 152862971 new_native_bytes: 10850332 add_bytes_allowed: 31819050 is_gc_concurrent: 1 target_footprint_: 17741941 GetBytesAllocated: 10923837 HeapGrowthMultiplier: 3
12-21 19:06:32.904  3348  3655 I com.miui.home: CheckGCForNative gc_urgency 0.487803 current_native_bytes is 163713303
12-21 19:06:33.018  3348  3348 I wm_on_top_resumed_gained_called: [178129807,com.miui.home.launcher.Launcher,topStateChangedWhenResumed]
12-21 19:06:33.239 11799 11799 I wm_on_create_called: [0,53021958,com.dragon.read.pages.splash.SplashActivity,performCreate,414]
12-21 19:06:33.283  3348  3654 I cccccc  : createTaskSnapshotCompat:
12-21 19:06:33.407 11799 11799 I wm_on_start_called: [0,53021958,com.dragon.read.pages.splash.SplashActivity,handleStartActivity,167]
12-21 19:06:33.464 11799 11799 I wm_on_resume_called: [0,53021958,com.dragon.read.pages.splash.SplashActivity,RESUME_ACTIVITY,52]
12-21 19:06:33.507  3348  3348 I com.miui.home: CheckGCForNative adj_start_bytes: 33520394 NativeAllocationGcWatermark: 10606350 java_gc_start_bytes: 17610869 kNewNativeDiscountFactor: 2 kOldNativeDiscountFactor: 65536 old_native_bytes: 152862971 new_native_bytes: 10570276 add_bytes_allowed: 31819050 is_gc_concurrent: 1 target_footprint_: 17741941 GetBytesAllocated: 11192938 HeapGrowthMultiplier: 3
12-21 19:06:33.507  3348  3348 I com.miui.home: CheckGCForNative gc_urgency 0.491653 current_native_bytes is 163433247
12-21 19:06:33.606 11799 11799 I wm_on_top_resumed_gained_called: [53021958,com.dragon.read.pages.splash.SplashActivity,topStateChangedWhenResumed]
12-21 19:06:33.698  3348  3348 I wm_on_top_resumed_lost_called: [178129807,com.miui.home.launcher.Launcher,topStateChangedWhenResumed]
12-21 19:06:33.714  3348  4164 D cccccc  : onTaskStackChangedBackground
12-21 19:06:33.715  3348  4164 D cccccc  : onTaskStackChangedBackground
12-21 19:06:33.815  3348  3348 I wm_on_paused_called: [0,178129807,com.miui.home.launcher.Launcher,performPause,4]
12-21 19:06:33.969  3348 11771 D cccccc  : onTaskStackChangedBackground
12-21 19:06:33.970  3348  4164 D cccccc  : onTaskStackChangedBackground
12-21 19:06:34.037  3348  4164 I com.miui.home: CheckGCForNative adj_start_bytes: 33520394 NativeAllocationGcWatermark: 10606350 java_gc_start_bytes: 17610869 kNewNativeDiscountFactor: 2 kOldNativeDiscountFactor: 65536 old_native_bytes: 152862971 new_native_bytes: 10758476 add_bytes_allowed: 31819050 is_gc_concurrent: 1 target_footprint_: 17741941 GetBytesAllocated: 12031081 HeapGrowthMultiplier: 3
12-21 19:06:34.037  3348  4164 I com.miui.home: CheckGCForNative gc_urgency 0.519464 current_native_bytes is 163621447
12-21 19:06:34.229  3348  3655 I com.miui.home: CheckGCForNative adj_start_bytes: 33520394 NativeAllocationGcWatermark: 10606350 java_gc_start_bytes: 17610869 kNewNativeDiscountFactor: 2 kOldNativeDiscountFactor: 65536 old_native_bytes: 152862971 new_native_bytes: 11542536 add_bytes_allowed: 31819050 is_gc_concurrent: 1 target_footprint_: 17741941 GetBytesAllocated: 12336082 HeapGrowthMultiplier: 3
12-21 19:06:34.229  3348  3655 I com.miui.home: CheckGCForNative gc_urgency 0.540259 current_native_bytes is 164405507
12-21 19:06:34.312  3348  3686 E cccccc  : createTaskSnapshot:
12-21 19:06:34.312  3348  3686 I cccccc  : getTaskSnapshotInstance:
12-21 19:06:34.314  3348  3686 E cccccc  : createTaskSnapshot:
12-21 19:06:34.314  3348  3686 I cccccc  : getTaskSnapshotInstance:
12-21 19:06:34.317  3348  3686 I com.miui.home: CheckGCForNative adj_start_bytes: 33520394 NativeAllocationGcWatermark: 10606350 java_gc_start_bytes: 17610869 kNewNativeDiscountFactor: 2 kOldNativeDiscountFactor: 65536 old_native_bytes: 152862971 new_native_bytes: 22387464 add_bytes_allowed: 31819050 is_gc_concurrent: 1 target_footprint_: 17741941 GetBytesAllocated: 12510309 HeapGrowthMultiplier: 3
12-21 19:06:34.317  3348  3686 I com.miui.home: CheckGCForNative gc_urgency 0.707222 current_native_bytes is 175250435
12-21 19:06:34.499  3348  3686 I com.miui.home: CheckGCForNative adj_start_bytes: 33520394 NativeAllocationGcWatermark: 10606350 java_gc_start_bytes: 17610869 kNewNativeDiscountFactor: 2 kOldNativeDiscountFactor: 65536 old_native_bytes: 152862971 new_native_bytes: 11873788 add_bytes_allowed: 31819050 is_gc_concurrent: 1 target_footprint_: 17741941 GetBytesAllocated: 13022635 HeapGrowthMultiplier: 3
12-21 19:06:34.499  3348  3686 I com.miui.home: CheckGCForNative gc_urgency 0.565681 current_native_bytes is 164736759
12-21 19:06:34.565  3348  3686 I cccccc  : getTaskSnapshotInstance:
12-21 19:06:35.209  3348  3348 I com.miui.home: CheckGCForNative adj_start_bytes: 33520394 NativeAllocationGcWatermark: 10606350 java_gc_start_bytes: 17610869 kNewNativeDiscountFactor: 2 kOldNativeDiscountFactor: 65536 old_native_bytes: 152862971 new_native_bytes: 11748720 add_bytes_allowed: 31819050 is_gc_concurrent: 1 target_footprint_: 17741941 GetBytesAllocated: 13821369 HeapGrowthMultiplier: 3
12-21 19:06:35.209  3348  3348 I com.miui.home: CheckGCForNative gc_urgency 0.587644 current_native_bytes is 164611691
12-21 19:06:35.258  3348  3348 I wm_on_resume_called: [0,178129807,com.miui.home.launcher.Launcher,RESUME_ACTIVITY,19]
12-21 19:06:35.280  3348  3348 I wm_on_idle_called: com.miui.home.launcher.Launcher
12-21 19:06:35.340  3348  4164 I com.miui.home: CheckGCForNative adj_start_bytes: 33520394 NativeAllocationGcWatermark: 10606350 java_gc_start_bytes: 17610869 kNewNativeDiscountFactor: 2 kOldNativeDiscountFactor: 65536 old_native_bytes: 152862971 new_native_bytes: 22648592 add_bytes_allowed: 31819050 is_gc_concurrent: 1 target_footprint_: 17741941 GetBytesAllocated: 14466447 HeapGrowthMultiplier: 3
12-21 19:06:35.340  3348  4164 I com.miui.home: CheckGCForNative gc_urgency 0.769474 current_native_bytes is 175511563
12-21 19:06:35.340  3348  4164 I cccccc  : createTaskSnapshotCompat:
12-21 19:06:35.343  3348  4164 I com.miui.home: CheckGCForNative adj_start_bytes: 33520394 NativeAllocationGcWatermark: 10606350 java_gc_start_bytes: 17610869 kNewNativeDiscountFactor: 2 kOldNativeDiscountFactor: 65536 old_native_bytes: 152862971 new_native_bytes: 33355536 add_bytes_allowed: 31819050 is_gc_concurrent: 1 target_footprint_: 17741941 GetBytesAllocated: 14470674 HeapGrowthMultiplier: 3
12-21 19:06:35.343  3348  4164 I com.miui.home: CheckGCForNative gc_urgency 0.929308 current_native_bytes is 186218507
12-21 19:06:35.466  3348  3655 I com.miui.home: CheckGCForNative adj_start_bytes: 33520394 NativeAllocationGcWatermark: 10606350 java_gc_start_bytes: 17610869 kNewNativeDiscountFactor: 2 kOldNativeDiscountFactor: 65536 old_native_bytes: 152862971 new_native_bytes: 22773248 add_bytes_allowed: 31819050 is_gc_concurrent: 1 target_footprint_: 17741941 GetBytesAllocated: 15002957 HeapGrowthMultiplier: 3
12-21 19:06:35.466  3348  3655 I com.miui.home: CheckGCForNative gc_urgency 0.787339 current_native_bytes is 175636219
12-21 19:06:35.670  3348  3348 I wm_on_top_resumed_gained_called: [178129807,com.miui.home.launcher.Launcher,topStateChangedWhenResumed]
12-21 19:06:35.817  3348  3654 I com.miui.home: CheckGCForNative adj_start_bytes: 33520394 NativeAllocationGcWatermark: 10606350 java_gc_start_bytes: 17610869 kNewNativeDiscountFactor: 2 kOldNativeDiscountFactor: 65536 old_native_bytes: 152862971 new_native_bytes: 33503680 add_bytes_allowed: 31819050 is_gc_concurrent: 1 target_footprint_: 17741941 GetBytesAllocated: 15145304 HeapGrowthMultiplier: 3
12-21 19:06:35.818  3348  3654 I com.miui.home: CheckGCForNative gc_urgency 0.951644 current_native_bytes is 186366651
12-21 19:06:35.819  3348  3654 I cccccc  : createTaskSnapshotCompat:
12-21 19:06:35.826  3348  3654 I com.miui.home: CheckGCForNative adj_start_bytes: 33520394 NativeAllocationGcWatermark: 10606350 java_gc_start_bytes: 17610869 kNewNativeDiscountFactor: 2 kOldNativeDiscountFactor: 65536 old_native_bytes: 152862971 new_native_bytes: 44211008 add_bytes_allowed: 31819050 is_gc_concurrent: 1 target_footprint_: 17741941 GetBytesAllocated: 15155978 HeapGrowthMultiplier: 3
12-21 19:06:35.826  3348  3654 I com.miui.home: CheckGCForNative gc_urgency 1.11168 current_native_bytes is 197073979
12-21 19:06:35.827  3348  3654 I com.miui.home: CheckGCForNative requested 1
12-21 19:06:35.868  3348 11771 I com.miui.home: CheckGCForNative adj_start_bytes: 33520394 NativeAllocationGcWatermark: 10606350 java_gc_start_bytes: 17610869 kNewNativeDiscountFactor: 2 kOldNativeDiscountFactor: 65536 old_native_bytes: 152862971 new_native_bytes: 33503936 add_bytes_allowed: 31819050 is_gc_concurrent: 1 target_footprint_: 17741941 GetBytesAllocated: 15158939 HeapGrowthMultiplier: 3
12-21 19:06:35.869  3348 11771 I com.miui.home: CheckGCForNative gc_urgency 0.952054 current_native_bytes is 186366907
12-21 19:06:35.965  3348  3389 I com.miui.home: NativeAlloc concurrent copying GC freed 134063(5657KB) AllocSpace objects, 26(688KB) LOS objects, 49% free, 8542KB/16MB, paused 203us,175us total 138.397ms
12-21 19:06:36.102 12200 12200 I wm_on_application_create_called: [0,com.taobao.taobao,1335]
12-21 19:06:36.265  3348  3399 D cccccc  : onTaskStackChangedBackground
12-21 19:06:36.269  3348  3348 I wm_on_top_resumed_lost_called: [178129807,com.miui.home.launcher.Launcher,topStateChangedWhenResumed]
12-21 19:06:36.270  3348  3399 D cccccc  : onTaskStackChangedBackground
12-21 19:06:36.399  3348  3348 I wm_on_paused_called: [0,178129807,com.miui.home.launcher.Launcher,performPause,3]
12-21 19:06:36.536  3348  3399 D cccccc  : onTaskStackChangedBackground
12-21 19:06:36.536  3348  4004 D cccccc  : onTaskStackChangedBackground
12-21 19:06:36.638  3348  3686 E cccccc  : createTaskSnapshot:
12-21 19:06:36.638  3348  3686 I cccccc  : getTaskSnapshotInstance:
12-21 19:06:36.643  3348  3686 E cccccc  : createTaskSnapshot:
12-21 19:06:36.643  3348  3686 I cccccc  : getTaskSnapshotInstance:
12-21 19:06:36.652  3348  3686 I com.miui.home: CheckGCForNative gc_urgency 0 current_native_bytes is 141600363
12-21 19:06:36.669  3348  3655 I com.miui.home: CheckGCForNative gc_urgency 0 current_native_bytes is 130934955
12-21 19:06:36.877  3348  3686 E cccccc  : createTaskSnapshot:
12-21 19:06:36.877  3348  3686 I cccccc  : getTaskSnapshotInstance:
12-21 19:06:36.936  3348  3655 I com.miui.home: CheckGCForNative adj_start_bytes: 33227914 NativeAllocationGcWatermark: 10575563 java_gc_start_bytes: 17364570 kNewNativeDiscountFactor: 2 kOldNativeDiscountFactor: 65536 old_native_bytes: 130934955 new_native_bytes: 269684 add_bytes_allowed: 31726689 is_gc_concurrent: 1 target_footprint_: 17495642 GetBytesAllocated: 10886122 HeapGrowthMultiplier: 3
12-21 19:06:36.936  3348  3655 I com.miui.home: CheckGCForNative gc_urgency 0.331738 current_native_bytes is 131204639
12-21 19:06:36.992  3348  3655 I com.miui.home: CheckGCForNative adj_start_bytes: 33227914 NativeAllocationGcWatermark: 10575563 java_gc_start_bytes: 17364570 kNewNativeDiscountFactor: 2 kOldNativeDiscountFactor: 65536 old_native_bytes: 130934955 new_native_bytes: 255796 add_bytes_allowed: 31726689 is_gc_concurrent: 1 target_footprint_: 17495642 GetBytesAllocated: 10906049 HeapGrowthMultiplier: 3
12-21 19:06:36.992  3348  3655 I com.miui.home: CheckGCForNative gc_urgency 0.332129 current_native_bytes is 131190751
12-21 19:06:36.992  8030  8030 I wm_on_create_called: [0,1389743,com.tencent.mm.ui.LauncherUI,performCreate,359]
12-21 19:06:37.030  8030  8030 I wm_on_start_called: [0,1389743,com.tencent.mm.ui.LauncherUI,handleStartActivity,19]
12-21 19:06:37.126  8030  8030 I wm_on_resume_called: [0,1389743,com.tencent.mm.ui.LauncherUI,RESUME_ACTIVITY,94]
12-21 19:06:37.162  8030  8030 I wm_on_top_resumed_gained_called: [1389743,com.tencent.mm.ui.LauncherUI,topStateChangedWhenResumed]
12-21 19:06:37.166  8030  8030 I wm_on_top_resumed_lost_called: [1389743,com.tencent.mm.ui.LauncherUI,topStateChangedWhenResumed]
12-21 19:06:37.179  8030  8030 I wm_on_paused_called: [0,1389743,com.tencent.mm.ui.LauncherUI,performPause,8]
12-21 19:06:37.231  3348  3348 I wm_on_stop_called: [0,178129807,com.miui.home.launcher.Launcher,STOP_ACTIVITY_ITEM,12]
12-21 19:06:37.294  3348  3404 D cccccc  : onTaskStackChangedBackground
12-21 19:06:37.294  3348  4164 D cccccc  : onTaskStackChangedBackground
12-21 19:06:37.309  8030  8030 I wm_on_create_called: [0,107213485,com.tencent.mm.plugin.account.ui.WelcomeActivity,performCreate,65]
12-21 19:06:37.312  8030  8030 I wm_on_start_called: [0,107213485,com.tencent.mm.plugin.account.ui.WelcomeActivity,handleStartActivity,1]
12-21 19:06:37.322  8030  8030 I wm_on_resume_called: [0,107213485,com.tencent.mm.plugin.account.ui.WelcomeActivity,RESUME_ACTIVITY,8]
12-21 19:06:37.329  8030  8030 I wm_on_top_resumed_gained_called: [107213485,com.tencent.mm.plugin.account.ui.WelcomeActivity,topStateChangedWhenResumed]
12-21 19:06:37.520  3348  3686 E cccccc  : createTaskSnapshot:
12-21 19:06:37.521  3348  3686 I cccccc  : getTaskSnapshotInstance:
12-21 19:06:37.693  8030  8030 I wm_on_stop_called: [0,1389743,com.tencent.mm.ui.LauncherUI,STOP_ACTIVITY_ITEM,3]
12-21 19:06:37.826  3348  3348 I wm_on_restart_called: [0,178129807,com.miui.home.launcher.Launcher,,0]
12-21 19:06:37.828  3348  3348 I wm_on_start_called: [0,178129807,com.miui.home.launcher.Launcher,handleStartActivity,2]
12-21 19:06:37.837  8030  8030 I wm_on_top_resumed_lost_called: [107213485,com.tencent.mm.plugin.account.ui.WelcomeActivity,topStateChangedWhenResumed]
12-21 19:06:37.850  3348  3348 I wm_on_resume_called: [0,178129807,com.miui.home.launcher.Launcher,RESUME_ACTIVITY,19]
12-21 19:06:37.944  3348  3348 I wm_on_top_resumed_gained_called: [178129807,com.miui.home.launcher.Launcher,topStateChangedWhenResumed]
12-21 19:06:37.949  3348  3348 I wm_on_idle_called: com.miui.home.launcher.Launcher
12-21 19:06:38.037  3348  3399 I com.miui.home: CheckGCForNative adj_start_bytes: 33227914 NativeAllocationGcWatermark: 10575563 java_gc_start_bytes: 17364570 kNewNativeDiscountFactor: 2 kOldNativeDiscountFactor: 65536 old_native_bytes: 130934955 new_native_bytes: 11423956 add_bytes_allowed: 31726689 is_gc_concurrent: 1 target_footprint_: 17495642 GetBytesAllocated: 13299254 HeapGrowthMultiplier: 3
12-21 19:06:38.037  3348  3399 I com.miui.home: CheckGCForNative gc_urgency 0.572206 current_native_bytes is 142358911
12-21 19:06:38.037  3348  3399 I cccccc  : createTaskSnapshotCompat:
12-21 19:06:38.038  3348  3399 I com.miui.home: CheckGCForNative adj_start_bytes: 33227914 NativeAllocationGcWatermark: 10575563 java_gc_start_bytes: 17364570 kNewNativeDiscountFactor: 2 kOldNativeDiscountFactor: 65536 old_native_bytes: 130934955 new_native_bytes: 22130900 add_bytes_allowed: 31726689 is_gc_concurrent: 1 target_footprint_: 17495642 GetBytesAllocated: 13303705 HeapGrowthMultiplier: 3
12-21 19:06:38.038  3348  3399 I com.miui.home: CheckGCForNative gc_urgency 0.733454 current_native_bytes is 153065855
12-21 19:06:38.072  3348  3655 I com.miui.home: CheckGCForNative adj_start_bytes: 33227914 NativeAllocationGcWatermark: 10575563 java_gc_start_bytes: 17364570 kNewNativeDiscountFactor: 2 kOldNativeDiscountFactor: 65536 old_native_bytes: 130934955 new_native_bytes: 11441364 add_bytes_allowed: 31726689 is_gc_concurrent: 1 target_footprint_: 17495642 GetBytesAllocated: 13335743 HeapGrowthMultiplier: 3
12-21 19:06:38.072  3348  3655 I com.miui.home: CheckGCForNative gc_urgency 0.573567 current_native_bytes is 142376319
12-21 19:06:38.428  3348  3655 I com.miui.home: CheckGCForNative adj_start_bytes: 33227914 NativeAllocationGcWatermark: 10575563 java_gc_start_bytes: 17364570 kNewNativeDiscountFactor: 2 kOldNativeDiscountFactor: 65536 old_native_bytes: 130934955 new_native_bytes: 11469524 add_bytes_allowed: 31726689 is_gc_concurrent: 1 target_footprint_: 17495642 GetBytesAllocated: 13496772 HeapGrowthMultiplier: 3
12-21 19:06:38.428  3348  3655 I com.miui.home: CheckGCForNative gc_urgency 0.578837 current_native_bytes is 142404479
12-21 19:06:38.473  3348  3655 I com.miui.home: CheckGCForNative adj_start_bytes: 33227914 NativeAllocationGcWatermark: 10575563 java_gc_start_bytes: 17364570 kNewNativeDiscountFactor: 2 kOldNativeDiscountFactor: 65536 old_native_bytes: 130934955 new_native_bytes: 11475348 add_bytes_allowed: 31726689 is_gc_concurrent: 1 target_footprint_: 17495642 GetBytesAllocated: 13510623 HeapGrowthMultiplier: 3
12-21 19:06:38.473  3348  3655 I com.miui.home: CheckGCForNative gc_urgency 0.579341 current_native_bytes is 142410303
12-21 19:06:38.511  3348  3654 I com.miui.home: CheckGCForNative adj_start_bytes: 33227914 NativeAllocationGcWatermark: 10575563 java_gc_start_bytes: 17364570 kNewNativeDiscountFactor: 2 kOldNativeDiscountFactor: 65536 old_native_bytes: 130934955 new_native_bytes: 22132404 add_bytes_allowed: 31726689 is_gc_concurrent: 1 target_footprint_: 17495642 GetBytesAllocated: 13532816 HeapGrowthMultiplier: 3
12-21 19:06:38.511  3348  3654 I com.miui.home: CheckGCForNative gc_urgency 0.740372 current_native_bytes is 153067359
12-21 19:06:38.512  3348  3654 I cccccc  : createTaskSnapshotCompat:
12-21 19:06:38.514  3348  3654 I com.miui.home: CheckGCForNative adj_start_bytes: 33227914 NativeAllocationGcWatermark: 10575563 java_gc_start_bytes: 17364570 kNewNativeDiscountFactor: 2 kOldNativeDiscountFactor: 65536 old_native_bytes: 130934955 new_native_bytes: 32831124 add_bytes_allowed: 31726689 is_gc_concurrent: 1 target_footprint_: 17495642 GetBytesAllocated: 13533008 HeapGrowthMultiplier: 3
12-21 19:06:38.515  3348  3654 I com.miui.home: CheckGCForNative gc_urgency 0.901368 current_native_bytes is 163766079
12-21 19:06:38.529  8030  8030 I wm_on_paused_called: [0,107213485,com.tencent.mm.plugin.account.ui.WelcomeActivity,performPause,7]
12-21 19:06:38.577  8030  8030 I wm_on_stop_called: [0,107213485,com.tencent.mm.plugin.account.ui.WelcomeActivity,STOP_ACTIVITY_ITEM,13]
12-21 19:06:38.582  8030  8030 I wm_on_idle_called: com.tencent.mm.ui.LauncherUI
12-21 19:06:38.582  8030  8030 I wm_on_idle_called: com.tencent.mm.plugin.account.ui.WelcomeActivity
12-21 19:06:38.634  3348  4004 D cccccc  : onTaskStackChangedBackground
12-21 19:06:38.636  3348  4004 D cccccc  : onTaskStackChangedBackground
12-21 19:06:38.727  3348  3686 E cccccc  : createTaskSnapshot:
12-21 19:06:38.727  3348  3686 I cccccc  : getTaskSnapshotInstance:
