12-19 21:07:40.838  3324  3324 I wm_on_resume_called: [0,139565833,com.miui.home.launcher.Launcher,RESUME_ACTIVITY,17]
12-19 21:07:40.855  3324  3324 I wm_on_idle_called: com.miui.home.launcher.Launcher
12-19 21:07:41.202  3324  3324 I wm_on_top_resumed_gained_called: [139565833,com.miui.home.launcher.Launcher,topStateChangedWhenResumed]
12-19 21:07:41.313 14348 14348 I wm_on_create_called: [0,67419048,com.UCMobile.main.UCMobile,performCreate,1292]
12-19 21:07:41.403  3324  3777 I com.miui.home: CheckGCForNative gc_urgency 0 current_native_bytes is 133454067
12-19 21:07:41.603  3324  3777 I com.miui.home: CheckGCForNative gc_urgency 0 current_native_bytes is 131956823
12-19 21:07:41.680  3324  4022 D cccccc  : onTaskStackChangedBackground
12-19 21:07:41.730 13734 13734 I wm_on_idle_called: com.sina.weibo.VisitorMainTabActivity
12-19 21:07:42.129  3324  3324 I wm_on_top_resumed_lost_called: [139565833,com.miui.home.launcher.Launcher,topStateChangedWhenResumed]
12-19 21:07:42.185  3324 11600 D cccccc  : onTaskStackChangedBackground
12-19 21:07:42.186  3324 11600 D cccccc  : onTaskStackChangedBackground
12-19 21:07:42.272  3324  3324 I wm_on_paused_called: [0,139565833,com.miui.home.launcher.Launcher,performPause,3]
12-19 21:07:42.278  3324  3744 I com.miui.home: CheckGCForNative adj_start_bytes: 42850539 NativeAllocationGcWatermark: 11629862 java_gc_start_bytes: 25405746 kNewNativeDiscountFactor: 2 kOldNativeDiscountFactor: 65536 old_native_bytes: 131956823 new_native_bytes: 295480 add_bytes_allowed: 34889586 is_gc_concurrent: 1 target_footprint_: 25930034 GetBytesAllocated: 14507174 HeapGrowthMultiplier: 3
12-19 21:07:42.278  3324  3744 I com.miui.home: CheckGCForNative gc_urgency 0.342048 current_native_bytes is 132252303
12-19 21:07:42.698  3324  7970 I cccccc  : getTaskSnapshotInstance:
12-19 21:07:42.716  3324  7970 I com.miui.home: CheckGCForNative adj_start_bytes: 42850539 NativeAllocationGcWatermark: 11629862 java_gc_start_bytes: 25405746 kNewNativeDiscountFactor: 2 kOldNativeDiscountFactor: 65536 old_native_bytes: 131956823 new_native_bytes: 12173532 add_bytes_allowed: 34889586 is_gc_concurrent: 1 target_footprint_: 25930034 GetBytesAllocated: 15362319 HeapGrowthMultiplier: 3
12-19 21:07:42.716  3324  7970 I com.miui.home: CheckGCForNative gc_urgency 0.500603 current_native_bytes is 144130355
12-19 21:07:42.717  3324  7970 I com.miui.home: CheckGCForNative adj_start_bytes: 42850539 NativeAllocationGcWatermark: 11629862 java_gc_start_bytes: 25405746 kNewNativeDiscountFactor: 2 kOldNativeDiscountFactor: 65536 old_native_bytes: 131956823 new_native_bytes: 22880476 add_bytes_allowed: 34889586 is_gc_concurrent: 1 target_footprint_: 25930034 GetBytesAllocated: 15368667 HeapGrowthMultiplier: 3
12-19 21:07:42.717  3324  7970 I com.miui.home: CheckGCForNative gc_urgency 0.625684 current_native_bytes is 154837299
12-19 21:07:42.717  3324  7970 I cccccc  : getTaskThumbnailInfo: 2460 1.0  10705920
12-19 21:07:42.717  3324  7970 I cccccc  : getTaskSnapshotInstance:
12-19 21:07:42.747  3324 11600 D cccccc  : onTaskStackChangedBackground
12-19 21:07:42.836  3324  3777 I com.miui.home: CheckGCForNative adj_start_bytes: 42850539 NativeAllocationGcWatermark: 11629862 java_gc_start_bytes: 25405746 kNewNativeDiscountFactor: 2 kOldNativeDiscountFactor: 65536 old_native_bytes: 131956823 new_native_bytes: 12136732 add_bytes_allowed: 34889586 is_gc_concurrent: 1 target_footprint_: 25930034 GetBytesAllocated: 15482191 HeapGrowthMultiplier: 3
12-19 21:07:42.836  3324  3777 I com.miui.home: CheckGCForNative gc_urgency 0.502971 current_native_bytes is 144093555
12-19 21:07:43.092  3324  3777 I com.miui.home: CheckGCForNative adj_start_bytes: 42850539 NativeAllocationGcWatermark: 11629862 java_gc_start_bytes: 25405746 kNewNativeDiscountFactor: 2 kOldNativeDiscountFactor: 65536 old_native_bytes: 131956823 new_native_bytes: 12256772 add_bytes_allowed: 34889586 is_gc_concurrent: 1 target_footprint_: 25930034 GetBytesAllocated: 15963866 HeapGrowthMultiplier: 3
12-19 21:07:43.092  3324  3777 I com.miui.home: CheckGCForNative gc_urgency 0.515612 current_native_bytes is 144213595
12-19 21:07:43.160  3324  7970 I com.miui.home: CheckGCForNative adj_start_bytes: 42850539 NativeAllocationGcWatermark: 11629862 java_gc_start_bytes: 25405746 kNewNativeDiscountFactor: 2 kOldNativeDiscountFactor: 65536 old_native_bytes: 131956823 new_native_bytes: 12286468 add_bytes_allowed: 34889586 is_gc_concurrent: 1 target_footprint_: 25930034 GetBytesAllocated: 16064484 HeapGrowthMultiplier: 3
12-19 21:07:43.160  3324  7970 I com.miui.home: CheckGCForNative gc_urgency 0.518307 current_native_bytes is 144243291
12-19 21:07:43.346  3324  7970 I cccccc  : getTaskSnapshotInstance:
12-19 21:07:43.347  3324  7970 I cccccc  : getTaskSnapshotInstance:
12-19 21:07:43.598  3324  7970 I cccccc  : getTaskSnapshotInstance:
12-19 21:07:43.601  3324  7970 I cccccc  : getTaskSnapshotInstance:
12-19 21:07:43.777 14849 14849 I wm_on_create_called: [0,199554540,com.tencent.mtt.SplashActivity,performCreate,106]
12-19 21:07:43.788 14348 14348 I wm_on_create_called: [0,218266349,com.uc.browser.InnerUCMobile,performCreate,536]
12-19 21:07:43.832 14348 14348 I wm_on_start_called: [0,218266349,com.uc.browser.InnerUCMobile,handleStartActivity,42]
12-19 21:07:43.893  3324  3347 D cccccc  : onTaskStackChangedBackground
12-19 21:07:43.922 14348 14348 I wm_on_resume_called: [0,218266349,com.uc.browser.InnerUCMobile,RESUME_ACTIVITY,35]
12-19 21:07:44.099 14348 14348 I wm_on_destroy_called: [0,67419048,com.UCMobile.main.UCMobile,performDestroy,2]
12-19 21:07:44.112 14348 14348 I wm_on_paused_called: [0,218266349,com.uc.browser.InnerUCMobile,performPause,13]
12-19 21:07:44.275 14348 14348 I wm_on_stop_called: [0,218266349,com.uc.browser.InnerUCMobile,STOP_ACTIVITY_ITEM,155]
12-19 21:07:44.325  3324  3324 I wm_on_resume_called: [0,139565833,com.miui.home.launcher.Launcher,RESUME_ACTIVITY,16]
12-19 21:07:44.345  3324  7970 I cccccc  : getTaskSnapshotInstance:
12-19 21:07:44.346  3324  3324 I wm_on_idle_called: com.miui.home.launcher.Launcher
12-19 21:07:44.376  3324  3744 I com.miui.home: CheckGCForNative adj_start_bytes: 42850539 NativeAllocationGcWatermark: 11629862 java_gc_start_bytes: 25405746 kNewNativeDiscountFactor: 2 kOldNativeDiscountFactor: 65536 old_native_bytes: 131956823 new_native_bytes: 13071532 add_bytes_allowed: 34889586 is_gc_concurrent: 1 target_footprint_: 25930034 GetBytesAllocated: 18820182 HeapGrowthMultiplier: 3
12-19 21:07:44.376  3324  3744 I com.miui.home: CheckGCForNative gc_urgency 0.591777 current_native_bytes is 145028355
12-19 21:07:44.412  3324  7970 I cccccc  : getTaskSnapshotInstance:
12-19 21:07:44.499 14938 14938 I wm_on_application_create_called: [0,com.tencent.mm,585]
12-19 21:07:44.713  3324  3324 I wm_on_paused_called: [0,139565833,com.miui.home.launcher.Launcher,performPause,4]
12-19 21:07:45.407 14849 14849 I wm_on_resume_called: [0,180062702,com.tencent.mtt.MainActivity,RESUME_ACTIVITY,1248]
12-19 21:07:45.449 14849 14849 I wm_on_top_resumed_gained_called: [180062702,com.tencent.mtt.MainActivity,topStateChangedWhenResumed]
12-19 21:07:45.458 14849 14849 I wm_on_top_resumed_lost_called: [180062702,com.tencent.mtt.MainActivity,topStateChangedWhenResumed]
12-19 21:07:45.729  3324  7970 I cccccc  : getTaskSnapshotInstance:
12-19 21:07:45.751  3324  7970 I cccccc  : getTaskSnapshotInstance:
12-19 21:07:45.966  3324  3324 I wm_on_restart_called: [0,139565833,com.miui.home.launcher.Launcher,,0]
12-19 21:07:45.969  3324  3324 I wm_on_start_called: [0,139565833,com.miui.home.launcher.Launcher,handleStartActivity,2]
12-19 21:07:45.988  3324  3324 I wm_on_resume_called: [0,139565833,com.miui.home.launcher.Launcher,RESUME_ACTIVITY,18]
12-19 21:07:46.048  3324  3324 I com.miui.home: CheckGCForNative gc_urgency 0 current_native_bytes is 121685091
12-19 21:07:46.087  3324  3324 I wm_on_idle_called: com.miui.home.launcher.Launcher
12-19 21:07:46.133 14849 14849 I wm_on_destroy_called: [0,199554540,com.tencent.mtt.SplashActivity,performDestroy,0]
12-19 21:07:46.133 14849 14849 I wm_on_top_resumed_gained_called: [180062702,com.tencent.mtt.MainActivity,topStateChangedWhenResumed]
12-19 21:07:46.314  3324  3777 I com.miui.home: CheckGCForNative adj_start_bytes: 43670019 NativeAllocationGcWatermark: 11716123 java_gc_start_bytes: 26095835 kNewNativeDiscountFactor: 2 kOldNativeDiscountFactor: 65536 old_native_bytes: 121685091 new_native_bytes: 87348 add_bytes_allowed: 35148369 is_gc_concurrent: 1 target_footprint_: 26620123 GetBytesAllocated: 14521171 HeapGrowthMultiplier: 3
12-19 21:07:46.314  3324  3777 I com.miui.home: CheckGCForNative gc_urgency 0.333563 current_native_bytes is 121772439
12-19 21:07:46.368 14849 14849 I wm_on_top_resumed_lost_called: [180062702,com.tencent.mtt.MainActivity,topStateChangedWhenResumed]
12-19 21:07:46.371  3324  3324 I wm_on_top_resumed_gained_called: [139565833,com.miui.home.launcher.Launcher,topStateChangedWhenResumed]
12-19 21:07:46.670  3324  3777 I com.miui.home: CheckGCForNative adj_start_bytes: 43670019 NativeAllocationGcWatermark: 11716123 java_gc_start_bytes: 26095835 kNewNativeDiscountFactor: 2 kOldNativeDiscountFactor: 65536 old_native_bytes: 121685091 new_native_bytes: 152180 add_bytes_allowed: 35148369 is_gc_concurrent: 1 target_footprint_: 26620123 GetBytesAllocated: 15185538 HeapGrowthMultiplier: 3
12-19 21:07:46.670  3324  3777 I com.miui.home: CheckGCForNative gc_urgency 0.349519 current_native_bytes is 121837271
12-19 21:07:47.226  3324  3324 I wm_on_top_resumed_lost_called: [139565833,com.miui.home.launcher.Launcher,topStateChangedWhenResumed]
12-19 21:07:47.292  3324 12252 I com.miui.home: CheckGCForNative adj_start_bytes: 43670019 NativeAllocationGcWatermark: 11716123 java_gc_start_bytes: 26095835 kNewNativeDiscountFactor: 2 kOldNativeDiscountFactor: 65536 old_native_bytes: 121685091 new_native_bytes: 97508 add_bytes_allowed: 35148369 is_gc_concurrent: 1 target_footprint_: 26620123 GetBytesAllocated: 15739275 HeapGrowthMultiplier: 3
12-19 21:07:47.292  3324 12252 I com.miui.home: CheckGCForNative gc_urgency 0.361573 current_native_bytes is 121782599
12-19 21:07:47.502  3324  7997 I com.miui.home: CheckGCForNative adj_start_bytes: 43670019 NativeAllocationGcWatermark: 11716123 java_gc_start_bytes: 26095835 kNewNativeDiscountFactor: 2 kOldNativeDiscountFactor: 65536 old_native_bytes: 121685091 new_native_bytes: 111148 add_bytes_allowed: 35148369 is_gc_concurrent: 1 target_footprint_: 26620123 GetBytesAllocated: 15858902 HeapGrowthMultiplier: 3
12-19 21:07:47.502  3324  7997 I com.miui.home: CheckGCForNative gc_urgency 0.364468 current_native_bytes is 121796239
12-19 21:07:47.547  3324 11600 D cccccc  : onTaskStackChangedBackground
12-19 21:07:47.549  3324 11600 D cccccc  : onTaskStackChangedBackground
12-19 21:07:47.591  3324  3324 I wm_on_paused_called: [0,139565833,com.miui.home.launcher.Launcher,performPause,4]
12-19 21:07:47.704  3324  4022 D cccccc  : onTaskStackChangedBackground
12-19 21:07:47.825  3324  3777 I com.miui.home: CheckGCForNative adj_start_bytes: 43670019 NativeAllocationGcWatermark: 11716123 java_gc_start_bytes: 26095835 kNewNativeDiscountFactor: 2 kOldNativeDiscountFactor: 65536 old_native_bytes: 121685091 new_native_bytes: 74844 add_bytes_allowed: 35148369 is_gc_concurrent: 1 target_footprint_: 26620123 GetBytesAllocated: 16388511 HeapGrowthMultiplier: 3
12-19 21:07:47.825  3324  3777 I com.miui.home: CheckGCForNative gc_urgency 0.37618 current_native_bytes is 121759935
12-19 21:07:48.124  3324  7970 I com.miui.home: CheckGCForNative gc_urgency 0 current_native_bytes is 121661235
12-19 21:07:48.302  3324  7970 I cccccc  : getTaskSnapshotInstance:
12-19 21:07:48.305  3324  7970 I cccccc  : getTaskSnapshotInstance:
12-19 21:07:48.306  3324  7970 I com.miui.home: CheckGCForNative adj_start_bytes: 43670019 NativeAllocationGcWatermark: 11716123 java_gc_start_bytes: 26095835 kNewNativeDiscountFactor: 2 kOldNativeDiscountFactor: 65536 old_native_bytes: 121661235 new_native_bytes: 10809296 add_bytes_allowed: 35148369 is_gc_concurrent: 1 target_footprint_: 26620123 GetBytesAllocated: 17024389 HeapGrowthMultiplier: 3
12-19 21:07:48.306  3324  7970 I com.miui.home: CheckGCForNative gc_urgency 0.513645 current_native_bytes is 132470531
12-19 21:07:48.306  3324  7970 I com.miui.home: CheckGCForNative adj_start_bytes: 43670019 NativeAllocationGcWatermark: 11716123 java_gc_start_bytes: 26095835 kNewNativeDiscountFactor: 2 kOldNativeDiscountFactor: 65536 old_native_bytes: 121661235 new_native_bytes: 21516240 add_bytes_allowed: 35148369 is_gc_concurrent: 1 target_footprint_: 26620123 GetBytesAllocated: 17032676 HeapGrowthMultiplier: 3
12-19 21:07:48.306  3324  7970 I com.miui.home: CheckGCForNative gc_urgency 0.636424 current_native_bytes is 143177475
12-19 21:07:48.307  3324  7970 I cccccc  : getTaskThumbnailInfo: 2460 1.0  10705920
12-19 21:07:48.307  3324  7970 I cccccc  : getTaskSnapshotInstance:
12-19 21:07:48.416 14849 14849 I wm_on_paused_called: [0,180062702,com.tencent.mtt.MainActivity,performPause,1]
12-19 21:07:48.547  3324  7970 I com.miui.home: CheckGCForNative adj_start_bytes: 43670019 NativeAllocationGcWatermark: 11716123 java_gc_start_bytes: 26095835 kNewNativeDiscountFactor: 2 kOldNativeDiscountFactor: 65536 old_native_bytes: 121661235 new_native_bytes: 11071972 add_bytes_allowed: 35148369 is_gc_concurrent: 1 target_footprint_: 26620123 GetBytesAllocated: 17634101 HeapGrowthMultiplier: 3
12-19 21:07:48.547  3324  7970 I com.miui.home: CheckGCForNative gc_urgency 0.530614 current_native_bytes is 132733207
12-19 21:07:48.681  3324  7970 I cccccc  : getTaskSnapshotInstance:
12-19 21:07:48.685  3324  7970 I cccccc  : getTaskSnapshotInstance:
12-19 21:07:48.825 14849 14849 I wm_on_stop_called: [0,180062702,com.tencent.mtt.MainActivity,STOP_ACTIVITY_ITEM,337]
12-19 21:07:48.840 15606 15606 I wm_on_application_create_called: [0,com.youku.phone,605]
12-19 21:07:49.028 15606 15606 I wm_on_create_called: [0,9254334,com.youku.phone.ActivityWelcome,performCreate,174]
12-19 21:07:49.257 15491 15491 I wm_on_application_create_called: [0,com.tencent.mtt,675]
12-19 21:07:49.285  3324 11600 D cccccc  : onTaskStackChangedBackground
12-19 21:07:49.494 14849 14849 I wm_on_idle_called: com.tencent.mtt.MainActivity
12-19 21:07:49.526  3324  3324 I wm_on_resume_called: [0,139565833,com.miui.home.launcher.Launcher,RESUME_ACTIVITY,17]
12-19 21:07:49.540  3324  3324 I wm_on_idle_called: com.miui.home.launcher.Launcher
12-19 21:07:49.642  3324  7970 I cccccc  : getTaskSnapshotInstance:
12-19 21:07:49.750 15526 15526 I wm_on_application_create_called: [0,com.tencent.mm,1026]
12-19 21:07:49.760  3324  7970 I cccccc  : getTaskSnapshotInstance:
12-19 21:07:49.933  3324  3324 I wm_on_top_resumed_gained_called: [139565833,com.miui.home.launcher.Launcher,topStateChangedWhenResumed]
12-19 21:07:50.070  3324  3777 I com.miui.home: CheckGCForNative adj_start_bytes: 43670019 NativeAllocationGcWatermark: 11716123 java_gc_start_bytes: 26095835 kNewNativeDiscountFactor: 2 kOldNativeDiscountFactor: 65536 old_native_bytes: 121661235 new_native_bytes: 11839200 add_bytes_allowed: 35148369 is_gc_concurrent: 1 target_footprint_: 26620123 GetBytesAllocated: 20394034 HeapGrowthMultiplier: 3
12-19 21:07:50.070  3324  3777 I com.miui.home: CheckGCForNative gc_urgency 0.602599 current_native_bytes is 133500435
12-19 21:07:50.203  3324  3777 I com.miui.home: CheckGCForNative adj_start_bytes: 43670019 NativeAllocationGcWatermark: 11716123 java_gc_start_bytes: 26095835 kNewNativeDiscountFactor: 2 kOldNativeDiscountFactor: 65536 old_native_bytes: 121661235 new_native_bytes: 11850496 add_bytes_allowed: 35148369 is_gc_concurrent: 1 target_footprint_: 26620123 GetBytesAllocated: 20458620 HeapGrowthMultiplier: 3
12-19 21:07:50.203  3324  3777 I com.miui.home: CheckGCForNative gc_urgency 0.604207 current_native_bytes is 133511731
12-19 21:07:50.326 15606 15606 I wm_on_create_called: [0,128626454,com.youku.v2.HomePageEntry,performCreate,919]
12-19 21:07:50.425  3324  3777 I com.miui.home: CheckGCForNative adj_start_bytes: 43670019 NativeAllocationGcWatermark: 11716123 java_gc_start_bytes: 26095835 kNewNativeDiscountFactor: 2 kOldNativeDiscountFactor: 65536 old_native_bytes: 121661235 new_native_bytes: 11813344 add_bytes_allowed: 35148369 is_gc_concurrent: 1 target_footprint_: 26620123 GetBytesAllocated: 20547202 HeapGrowthMultiplier: 3
12-19 21:07:50.425  3324  3777 I com.miui.home: CheckGCForNative gc_urgency 0.60581 current_native_bytes is 133474579
12-19 21:07:50.767 15606 15606 I wm_on_start_called: [0,128626454,com.youku.v2.HomePageEntry,handleStartActivity,425]
12-19 21:07:50.884  3324  3324 I wm_on_top_resumed_lost_called: [139565833,com.miui.home.launcher.Launcher,topStateChangedWhenResumed]
12-19 21:07:50.885  3324  3974 D cccccc  : onTaskStackChangedBackground
12-19 21:07:50.887  3324  3974 D cccccc  : onTaskStackChangedBackground
12-19 21:07:50.984  3324  3324 I wm_on_paused_called: [0,139565833,com.miui.home.launcher.Launcher,performPause,3]
12-19 21:07:50.991 15606 15606 I wm_on_resume_called: [0,128626454,com.youku.v2.HomePageEntry,RESUME_ACTIVITY,209]
12-19 21:07:51.074 15606 15606 I wm_on_top_resumed_gained_called: [128626454,com.youku.v2.HomePageEntry,topStateChangedWhenResumed]
12-19 21:07:51.089  3324 11600 D cccccc  : onTaskStackChangedBackground
12-19 21:07:51.097 15606 15606 I wm_on_top_resumed_lost_called: [128626454,com.youku.v2.HomePageEntry,topStateChangedWhenResumed]
12-19 21:07:51.214  3324  3777 I com.miui.home: CheckGCForNative adj_start_bytes: 43670019 NativeAllocationGcWatermark: 11716123 java_gc_start_bytes: 26095835 kNewNativeDiscountFactor: 2 kOldNativeDiscountFactor: 65536 old_native_bytes: 121661235 new_native_bytes: 12210376 add_bytes_allowed: 35148369 is_gc_concurrent: 1 target_footprint_: 26620123 GetBytesAllocated: 21485273 HeapGrowthMultiplier: 3
12-19 21:07:51.214  3324  3777 I com.miui.home: CheckGCForNative gc_urgency 0.631837 current_native_bytes is 133871611
12-19 21:07:51.229 15606 15606 I wm_on_paused_called: [0,128626454,com.youku.v2.HomePageEntry,performPause,43]
12-19 21:07:51.235 15606 15606 I wm_on_destroy_called: [0,9254334,com.youku.phone.ActivityWelcome,performDestroy,1]
12-19 21:07:51.403  3324  3777 I com.miui.home: CheckGCForNative adj_start_bytes: 43670019 NativeAllocationGcWatermark: 11716123 java_gc_start_bytes: 26095835 kNewNativeDiscountFactor: 2 kOldNativeDiscountFactor: 65536 old_native_bytes: 121661235 new_native_bytes: 12258824 add_bytes_allowed: 35148369 is_gc_concurrent: 1 target_footprint_: 26620123 GetBytesAllocated: 21659389 HeapGrowthMultiplier: 3
12-19 21:07:51.403  3324  3777 I com.miui.home: CheckGCForNative gc_urgency 0.636378 current_native_bytes is 133920059
12-19 21:07:51.506  3324  7970 I com.miui.home: CheckGCForNative adj_start_bytes: 43670019 NativeAllocationGcWatermark: 11716123 java_gc_start_bytes: 26095835 kNewNativeDiscountFactor: 2 kOldNativeDiscountFactor: 65536 old_native_bytes: 121661235 new_native_bytes: 12378876 add_bytes_allowed: 35148369 is_gc_concurrent: 1 target_footprint_: 26620123 GetBytesAllocated: 21909419 HeapGrowthMultiplier: 3
12-19 21:07:51.506  3324  7970 I com.miui.home: CheckGCForNative gc_urgency 0.643478 current_native_bytes is 134040111
12-19 21:07:51.666  3324  7970 I cccccc  : getTaskSnapshotInstance:
12-19 21:07:51.667  3324  7970 I cccccc  : getTaskSnapshotInstance:
12-19 21:07:51.668  3324  7970 I com.miui.home: CheckGCForNative adj_start_bytes: 43670019 NativeAllocationGcWatermark: 11716123 java_gc_start_bytes: 26095835 kNewNativeDiscountFactor: 2 kOldNativeDiscountFactor: 65536 old_native_bytes: 121661235 new_native_bytes: 22839804 add_bytes_allowed: 35148369 is_gc_concurrent: 1 target_footprint_: 26620123 GetBytesAllocated: 22129958 HeapGrowthMultiplier: 3
12-19 21:07:51.668  3324  7970 I com.miui.home: CheckGCForNative gc_urgency 0.768301 current_native_bytes is 144501039
12-19 21:07:51.669  3324  7970 I com.miui.home: CheckGCForNative adj_start_bytes: 43670019 NativeAllocationGcWatermark: 11716123 java_gc_start_bytes: 26095835 kNewNativeDiscountFactor: 2 kOldNativeDiscountFactor: 65536 old_native_bytes: 121661235 new_native_bytes: 33546748 add_bytes_allowed: 35148369 is_gc_concurrent: 1 target_footprint_: 26620123 GetBytesAllocated: 22134938 HeapGrowthMultiplier: 3
12-19 21:07:51.669  3324  7970 I com.miui.home: CheckGCForNative gc_urgency 0.891004 current_native_bytes is 155207983
12-19 21:07:51.670  3324  7970 I cccccc  : getTaskThumbnailInfo: 2460 1.0  10705920
12-19 21:07:51.782 16336 16336 I wm_on_application_create_called: [0,com.quark.browser,208]
12-19 21:07:51.876  3324  7970 I cccccc  : getTaskSnapshotInstance:
12-19 21:07:51.936 16336 16336 I wm_on_create_called: [0,149662351,com.ucpro.MainActivity,performCreate,45]
12-19 21:07:52.103  3324 11600 D cccccc  : onTaskStackChangedBackground
12-19 21:07:52.271  3324  7970 I cccccc  : getTaskSnapshotInstance:
12-19 21:07:52.584 16336 16336 I wm_on_create_called: [0,48870326,com.ucpro.BrowserActivity,performCreate,554]
12-19 21:07:52.587 16336 16336 I wm_on_start_called: [0,48870326,com.ucpro.BrowserActivity,handleStartActivity,3]
12-19 21:07:52.598 16336 16336 I wm_on_resume_called: [0,48870326,com.ucpro.BrowserActivity,RESUME_ACTIVITY,6]
12-19 21:07:52.626 16336 16336 I wm_on_top_resumed_gained_called: [48870326,com.ucpro.BrowserActivity,topStateChangedWhenResumed]
12-19 21:07:52.967 15606 15606 I wm_on_stop_called: [0,128626454,com.youku.v2.HomePageEntry,STOP_ACTIVITY_ITEM,95]
12-19 21:07:53.039  3324  3324 I wm_on_stop_called: [0,139565833,com.miui.home.launcher.Launcher,STOP_ACTIVITY_ITEM,9]
12-19 21:07:53.217  3324  3324 I wm_on_restart_called: [0,139565833,com.miui.home.launcher.Launcher,,0]
12-19 21:07:53.220  3324  3324 I wm_on_start_called: [0,139565833,com.miui.home.launcher.Launcher,handleStartActivity,2]
12-19 21:07:53.250  3324  3324 I wm_on_resume_called: [0,139565833,com.miui.home.launcher.Launcher,RESUME_ACTIVITY,29]
12-19 21:07:53.381  3324  3324 I wm_on_idle_called: com.miui.home.launcher.Launcher
12-19 21:07:53.473  3324  3974 I com.miui.home: CheckGCForNative gc_urgency 0 current_native_bytes is 121239339
12-19 21:07:53.567 16336 16336 I wm_on_destroy_called: [0,149662351,com.ucpro.MainActivity,performDestroy,0]
12-19 21:07:53.743  3324  3324 I wm_on_top_resumed_gained_called: [139565833,com.miui.home.launcher.Launcher,topStateChangedWhenResumed]
12-19 21:07:53.757  3324  3777 I com.miui.home: CheckGCForNative adj_start_bytes: 44667250 NativeAllocationGcWatermark: 11821095 java_gc_start_bytes: 26935608 kNewNativeDiscountFactor: 2 kOldNativeDiscountFactor: 65536 old_native_bytes: 121239339 new_native_bytes: 78912 add_bytes_allowed: 35463285 is_gc_concurrent: 1 target_footprint_: 27459896 GetBytesAllocated: 14652957 HeapGrowthMultiplier: 3
12-19 21:07:53.757  3324  3777 I com.miui.home: CheckGCForNative gc_urgency 0.328972 current_native_bytes is 121318251
12-19 21:07:53.803  3324  3777 I com.miui.home: CheckGCForNative adj_start_bytes: 44667250 NativeAllocationGcWatermark: 11821095 java_gc_start_bytes: 26935608 kNewNativeDiscountFactor: 2 kOldNativeDiscountFactor: 65536 old_native_bytes: 121239339 new_native_bytes: 55360 add_bytes_allowed: 35463285 is_gc_concurrent: 1 target_footprint_: 27459896 GetBytesAllocated: 14673628 HeapGrowthMultiplier: 3
12-19 21:07:53.803  3324  3777 I com.miui.home: CheckGCForNative gc_urgency 0.329171 current_native_bytes is 121294699
12-19 21:07:53.996 16336 16336 I wm_on_top_resumed_lost_called: [48870326,com.ucpro.BrowserActivity,topStateChangedWhenResumed]
12-19 21:07:54.572 16336 16336 I wm_on_paused_called: [0,48870326,com.ucpro.BrowserActivity,performPause,43]
12-19 21:07:54.592  3324 11600 D cccccc  : onTaskStackChangedBackground
12-19 21:07:54.818  3324  7970 I cccccc  : getTaskSnapshotInstance:
12-19 21:07:54.819  3324  7970 I com.miui.home: CheckGCForNative adj_start_bytes: 44667250 NativeAllocationGcWatermark: 11821095 java_gc_start_bytes: 26935608 kNewNativeDiscountFactor: 2 kOldNativeDiscountFactor: 65536 old_native_bytes: 121239339 new_native_bytes: 12027044 add_bytes_allowed: 35463285 is_gc_concurrent: 1 target_footprint_: 27459896 GetBytesAllocated: 15664871 HeapGrowthMultiplier: 3
12-19 21:07:54.819  3324  7970 I com.miui.home: CheckGCForNative gc_urgency 0.485372 current_native_bytes is 133266383
12-19 21:07:54.820  3324  7970 I com.miui.home: CheckGCForNative adj_start_bytes: 44667250 NativeAllocationGcWatermark: 11821095 java_gc_start_bytes: 26935608 kNewNativeDiscountFactor: 2 kOldNativeDiscountFactor: 65536 old_native_bytes: 121239339 new_native_bytes: 22733988 add_bytes_allowed: 35463285 is_gc_concurrent: 1 target_footprint_: 27459896 GetBytesAllocated: 15675791 HeapGrowthMultiplier: 3
12-19 21:07:54.820  3324  7970 I com.miui.home: CheckGCForNative gc_urgency 0.605469 current_native_bytes is 143973327
12-19 21:07:54.820  3324  7970 I cccccc  : getTaskThumbnailInfo: 2460 1.0  10705920