12-19 15:54:30.713  3323  3323 I com.miui.home: CheckGCForNative adj_start_bytes: 43028567 NativeAllocationGcWatermark: 11608813 java_gc_start_bytes: 25615348 kNewNativeDiscountFactor: 2 kOldNativeDiscountFactor: 65536 old_native_bytes: 156560363 new_native_bytes: 11546068 add_bytes_allowed: 34826439 is_gc_concurrent: 1 target_footprint_: 25761643 GetBytesAllocated: 16479647 HeapGrowthMultiplier: 3
12-19 15:54:30.713  3323  3323 I com.miui.home: CheckGCForNative gc_urgency 0.517216 current_native_bytes is 168106431
12-19 15:54:30.806  9797  9797 I wm_on_idle_called: com.xunmeng.pinduoduo.ui.activity.HomeActivity
12-19 15:54:30.868  3323  3794 I com.miui.home: CheckGCForNative adj_start_bytes: 43028567 NativeAllocationGcWatermark: 11608813 java_gc_start_bytes: 25615348 kNewNativeDiscountFactor: 2 kOldNativeDiscountFactor: 65536 old_native_bytes: 156560363 new_native_bytes: 11726028 add_bytes_allowed: 34826439 is_gc_concurrent: 1 target_footprint_: 25761643 GetBytesAllocated: 16699140 HeapGrowthMultiplier: 3
12-19 15:54:30.868  3323  3794 I com.miui.home: CheckGCForNative gc_urgency 0.524408 current_native_bytes is 168286391
12-19 15:54:30.984  3323  3989 I com.miui.home: CheckGCForNative adj_start_bytes: 43028567 NativeAllocationGcWatermark: 11608813 java_gc_start_bytes: 25615348 kNewNativeDiscountFactor: 2 kOldNativeDiscountFactor: 65536 old_native_bytes: 156560363 new_native_bytes: 22482124 add_bytes_allowed: 34826439 is_gc_concurrent: 1 target_footprint_: 25761643 GetBytesAllocated: 16914998 HeapGrowthMultiplier: 3
12-19 15:54:30.984  3323  3989 I com.miui.home: CheckGCForNative gc_urgency 0.654413 current_native_bytes is 179042487
12-19 15:54:31.002  3323  3794 I com.miui.home: CheckGCForNative adj_start_bytes: 43028567 NativeAllocationGcWatermark: 11608813 java_gc_start_bytes: 25615348 kNewNativeDiscountFactor: 2 kOldNativeDiscountFactor: 65536 old_native_bytes: 156560363 new_native_bytes: 11797964 add_bytes_allowed: 34826439 is_gc_concurrent: 1 target_footprint_: 25761643 GetBytesAllocated: 16931574 HeapGrowthMultiplier: 3
12-19 15:54:31.002  3323  3794 I com.miui.home: CheckGCForNative gc_urgency 0.530646 current_native_bytes is 168358327
12-19 15:54:31.763 10230 10230 I wm_on_application_create_called: [0,com.smile.gifmaker,471]
12-19 15:54:31.889 10285 10285 I wm_on_application_create_called: [0,com.android.settings,209]
12-19 15:54:31.938  9552  9552 I wm_on_application_create_called: [0,com.xiaomi.market,4200]
12-19 15:54:32.006 10230 10230 I wm_on_create_called: [0,190137793,com.yxcorp.gifshow.HomeActivity,performCreate,226]
12-19 15:54:32.171  3323  3323 I wm_on_resume_called: [0,81893887,com.miui.home.launcher.Launcher,RESUME_ACTIVITY,19]
12-19 15:54:32.190  3323  3323 I wm_on_idle_called: com.miui.home.launcher.Launcher
12-19 15:54:32.334  3323 10601 I com.miui.home: CheckGCForNative adj_start_bytes: 43028567 NativeAllocationGcWatermark: 11608813 java_gc_start_bytes: 25615348 kNewNativeDiscountFactor: 2 kOldNativeDiscountFactor: 65536 old_native_bytes: 156560363 new_native_bytes: 22657392 add_bytes_allowed: 34826439 is_gc_concurrent: 1 target_footprint_: 25761643 GetBytesAllocated: 18293122 HeapGrowthMultiplier: 3
12-19 15:54:32.334  3323 10601 I com.miui.home: CheckGCForNative gc_urgency 0.688478 current_native_bytes is 179217755
12-19 15:54:32.365  3323 10601 I com.miui.home: CheckGCForNative adj_start_bytes: 43028567 NativeAllocationGcWatermark: 11608813 java_gc_start_bytes: 25615348 kNewNativeDiscountFactor: 2 kOldNativeDiscountFactor: 65536 old_native_bytes: 156560363 new_native_bytes: 33365616 add_bytes_allowed: 34826439 is_gc_concurrent: 1 target_footprint_: 25761643 GetBytesAllocated: 18560739 HeapGrowthMultiplier: 3
12-19 15:54:32.365  3323 10601 I com.miui.home: CheckGCForNative gc_urgency 0.819129 current_native_bytes is 189925979
12-19 15:54:32.376  3323  8016 I com.miui.home: CheckGCForNative adj_start_bytes: 43028567 NativeAllocationGcWatermark: 11608813 java_gc_start_bytes: 25615348 kNewNativeDiscountFactor: 2 kOldNativeDiscountFactor: 65536 old_native_bytes: 156560363 new_native_bytes: 22662032 add_bytes_allowed: 34826439 is_gc_concurrent: 1 target_footprint_: 25761643 GetBytesAllocated: 18601379 HeapGrowthMultiplier: 3
12-19 15:54:32.376  3323  8016 I com.miui.home: CheckGCForNative gc_urgency 0.695696 current_native_bytes is 179222395
12-19 15:54:32.428  3323  3794 I com.miui.home: CheckGCForNative adj_start_bytes: 43028567 NativeAllocationGcWatermark: 11608813 java_gc_start_bytes: 25615348 kNewNativeDiscountFactor: 2 kOldNativeDiscountFactor: 65536 old_native_bytes: 156560363 new_native_bytes: 22818304 add_bytes_allowed: 34826439 is_gc_concurrent: 1 target_footprint_: 25761643 GetBytesAllocated: 18641383 HeapGrowthMultiplier: 3
12-19 15:54:32.428  3323  3794 I com.miui.home: CheckGCForNative gc_urgency 0.698441 current_native_bytes is 179378667
12-19 15:54:32.443  3323 10601 I com.miui.home: CheckGCForNative adj_start_bytes: 43028567 NativeAllocationGcWatermark: 11608813 java_gc_start_bytes: 25615348 kNewNativeDiscountFactor: 2 kOldNativeDiscountFactor: 65536 old_native_bytes: 156560363 new_native_bytes: 33525568 add_bytes_allowed: 34826439 is_gc_concurrent: 1 target_footprint_: 25761643 GetBytesAllocated: 18663977 HeapGrowthMultiplier: 3
12-19 15:54:32.444  3323 10601 I com.miui.home: CheckGCForNative gc_urgency 0.823387 current_native_bytes is 190085931
12-19 15:54:32.445  3323  3323 I wm_on_top_resumed_gained_called: [81893887,com.miui.home.launcher.Launcher,topStateChangedWhenResumed]
12-19 15:54:32.706  3323  3794 I com.miui.home: CheckGCForNative adj_start_bytes: 43028567 NativeAllocationGcWatermark: 11608813 java_gc_start_bytes: 25615348 kNewNativeDiscountFactor: 2 kOldNativeDiscountFactor: 65536 old_native_bytes: 156560363 new_native_bytes: 22841056 add_bytes_allowed: 34826439 is_gc_concurrent: 1 target_footprint_: 25761643 GetBytesAllocated: 18771947 HeapGrowthMultiplier: 3
12-19 15:54:32.706  3323  3794 I com.miui.home: CheckGCForNative gc_urgency 0.70174 current_native_bytes is 179401419
12-19 15:54:32.847  3323  3792 I com.miui.home: CheckGCForNative adj_start_bytes: 43028567 NativeAllocationGcWatermark: 11608813 java_gc_start_bytes: 25615348 kNewNativeDiscountFactor: 2 kOldNativeDiscountFactor: 65536 old_native_bytes: 156560363 new_native_bytes: 33497440 add_bytes_allowed: 34826439 is_gc_concurrent: 1 target_footprint_: 25761643 GetBytesAllocated: 18860499 HeapGrowthMultiplier: 3
12-19 15:54:32.848  3323  3792 I com.miui.home: CheckGCForNative gc_urgency 0.827627 current_native_bytes is 190057803
12-19 15:54:32.849  3323  3792 I com.miui.home: CheckGCForNative adj_start_bytes: 43028567 NativeAllocationGcWatermark: 11608813 java_gc_start_bytes: 25615348 kNewNativeDiscountFactor: 2 kOldNativeDiscountFactor: 65536 old_native_bytes: 156560363 new_native_bytes: 44204704 add_bytes_allowed: 34826439 is_gc_concurrent: 1 target_footprint_: 25761643 GetBytesAllocated: 18860691 HeapGrowthMultiplier: 3
12-19 15:54:32.849  3323  3792 I com.miui.home: CheckGCForNative gc_urgency 0.952052 current_native_bytes is 200765067
12-19 15:54:32.851  3323 10601 I com.miui.home: CheckGCForNative adj_start_bytes: 43028567 NativeAllocationGcWatermark: 11608813 java_gc_start_bytes: 25615348 kNewNativeDiscountFactor: 2 kOldNativeDiscountFactor: 65536 old_native_bytes: 156560363 new_native_bytes: 44184224 add_bytes_allowed: 34826439 is_gc_concurrent: 1 target_footprint_: 25761643 GetBytesAllocated: 18860691 HeapGrowthMultiplier: 3
12-19 15:54:32.851  3323 10601 I com.miui.home: CheckGCForNative gc_urgency 0.951814 current_native_bytes is 200744587
12-19 15:54:33.062  3323  3323 I wm_on_top_resumed_lost_called: [81893887,com.miui.home.launcher.Launcher,topStateChangedWhenResumed]
12-19 15:54:33.101 10230 10230 I wm_on_start_called: [0,190137793,com.yxcorp.gifshow.HomeActivity,handleStartActivity,1095]
12-19 15:54:33.393  3323  3323 I wm_on_paused_called: [0,81893887,com.miui.home.launcher.Launcher,performPause,3]
12-19 15:54:33.519  3323  3794 I com.miui.home: CheckGCForNative adj_start_bytes: 43028567 NativeAllocationGcWatermark: 11608813 java_gc_start_bytes: 25615348 kNewNativeDiscountFactor: 2 kOldNativeDiscountFactor: 65536 old_native_bytes: 156560363 new_native_bytes: 34150272 add_bytes_allowed: 34826439 is_gc_concurrent: 1 target_footprint_: 25761643 GetBytesAllocated: 19365093 HeapGrowthMultiplier: 3
12-19 15:54:33.519  3323  3794 I com.miui.home: CheckGCForNative gc_urgency 0.84694 current_native_bytes is 190710635
12-19 15:54:33.608  3323  3794 I com.miui.home: CheckGCForNative adj_start_bytes: 43028567 NativeAllocationGcWatermark: 11608813 java_gc_start_bytes: 25615348 kNewNativeDiscountFactor: 2 kOldNativeDiscountFactor: 65536 old_native_bytes: 156560363 new_native_bytes: 34132064 add_bytes_allowed: 34826439 is_gc_concurrent: 1 target_footprint_: 25761643 GetBytesAllocated: 19560052 HeapGrowthMultiplier: 3
12-19 15:54:33.608  3323  3794 I com.miui.home: CheckGCForNative gc_urgency 0.851259 current_native_bytes is 190692427
12-19 15:54:33.618 10230 10230 I wm_on_resume_called: [0,190137793,com.yxcorp.gifshow.HomeActivity,RESUME_ACTIVITY,77]
12-19 15:54:33.718 10230 10230 I wm_on_top_resumed_gained_called: [190137793,com.yxcorp.gifshow.HomeActivity,topStateChangedWhenResumed]
12-19 15:54:33.746 10230 10230 I wm_on_top_resumed_lost_called: [190137793,com.yxcorp.gifshow.HomeActivity,topStateChangedWhenResumed]
12-19 15:54:33.809  3323  3794 I com.miui.home: CheckGCForNative adj_start_bytes: 43028567 NativeAllocationGcWatermark: 11608813 java_gc_start_bytes: 25615348 kNewNativeDiscountFactor: 2 kOldNativeDiscountFactor: 65536 old_native_bytes: 156560363 new_native_bytes: 34136884 add_bytes_allowed: 34826439 is_gc_concurrent: 1 target_footprint_: 25761643 GetBytesAllocated: 19985862 HeapGrowthMultiplier: 3
12-19 15:54:33.809  3323  3794 I com.miui.home: CheckGCForNative gc_urgency 0.861211 current_native_bytes is 190697247
12-19 15:54:33.823 10230 10230 I wm_on_paused_called: [0,190137793,com.yxcorp.gifshow.HomeActivity,performPause,7]
12-19 15:54:33.881 10723 10723 I wm_on_application_create_called: [0,com.xiaomi.account,256]
12-19 15:54:34.034  3323  3989 I com.miui.home: CheckGCForNative adj_start_bytes: 43028567 NativeAllocationGcWatermark: 11608813 java_gc_start_bytes: 25615348 kNewNativeDiscountFactor: 2 kOldNativeDiscountFactor: 65536 old_native_bytes: 156560363 new_native_bytes: 44742268 add_bytes_allowed: 34826439 is_gc_concurrent: 1 target_footprint_: 25761643 GetBytesAllocated: 20316401 HeapGrowthMultiplier: 3
12-19 15:54:34.034  3323  3989 I com.miui.home: CheckGCForNative gc_urgency 0.99213 current_native_bytes is 201302631
12-19 15:54:34.871  3323  3323 I wm_on_resume_called: [0,81893887,com.miui.home.launcher.Launcher,RESUME_ACTIVITY,23]
12-19 15:54:34.899  3323  3323 I wm_on_idle_called: com.miui.home.launcher.Launcher
12-19 15:54:35.017  3323 10601 I com.miui.home: CheckGCForNative adj_start_bytes: 43028567 NativeAllocationGcWatermark: 11608813 java_gc_start_bytes: 25615348 kNewNativeDiscountFactor: 2 kOldNativeDiscountFactor: 65536 old_native_bytes: 156560363 new_native_bytes: 44935920 add_bytes_allowed: 34826439 is_gc_concurrent: 1 target_footprint_: 25761643 GetBytesAllocated: 21265717 HeapGrowthMultiplier: 3
12-19 15:54:35.017  3323 10601 I com.miui.home: CheckGCForNative gc_urgency 1.01644 current_native_bytes is 201496283
12-19 15:54:35.017  3323 10601 I com.miui.home: CheckGCForNative requested 1
12-19 15:54:35.018  3323 10601 I com.miui.home: CheckGCForNative adj_start_bytes: 43028567 NativeAllocationGcWatermark: 11608813 java_gc_start_bytes: 25615348 kNewNativeDiscountFactor: 2 kOldNativeDiscountFactor: 65536 old_native_bytes: 156560363 new_native_bytes: 55642864 add_bytes_allowed: 34826439 is_gc_concurrent: 1 target_footprint_: 25761643 GetBytesAllocated: 21271341 HeapGrowthMultiplier: 3
12-19 15:54:35.018  3323 10601 I com.miui.home: CheckGCForNative gc_urgency 1.14099 current_native_bytes is 212203227
12-19 15:54:35.018  3323 10601 I com.miui.home: CheckGCForNative requested 1
12-19 15:54:35.020 10786 10786 I wm_on_application_create_called: [0,com.tencent.qqlive,292]
12-19 15:54:35.048  3323  3794 I com.miui.home: CheckGCForNative adj_start_bytes: 43028567 NativeAllocationGcWatermark: 11608813 java_gc_start_bytes: 25615348 kNewNativeDiscountFactor: 2 kOldNativeDiscountFactor: 65536 old_native_bytes: 156560363 new_native_bytes: 44992176 add_bytes_allowed: 34826439 is_gc_concurrent: 1 target_footprint_: 25761643 GetBytesAllocated: 21306414 HeapGrowthMultiplier: 3
12-19 15:54:35.048  3323  3794 I com.miui.home: CheckGCForNative gc_urgency 1.01804 current_native_bytes is 201552539
12-19 15:54:35.048  3323  3794 I com.miui.home: CheckGCForNative requested 1
12-19 15:54:35.062  3323  3794 I com.miui.home: CheckGCForNative adj_start_bytes: 43028567 NativeAllocationGcWatermark: 11608813 java_gc_start_bytes: 25615348 kNewNativeDiscountFactor: 2 kOldNativeDiscountFactor: 65536 old_native_bytes: 156560363 new_native_bytes: 45037872 add_bytes_allowed: 34826439 is_gc_concurrent: 1 target_footprint_: 25761643 GetBytesAllocated: 21311650 HeapGrowthMultiplier: 3
12-19 15:54:35.062  3323  3794 I com.miui.home: CheckGCForNative gc_urgency 1.01869 current_native_bytes is 201598235
12-19 15:54:35.062  3323  3794 I com.miui.home: CheckGCForNative requested 1
12-19 15:54:35.172  3323  3387 I com.miui.home: CheckGCForNative adj_start_bytes: 43028567 NativeAllocationGcWatermark: 11608813 java_gc_start_bytes: 25615348 kNewNativeDiscountFactor: 2 kOldNativeDiscountFactor: 65536 old_native_bytes: 156560363 new_native_bytes: 55741808 add_bytes_allowed: 34826439 is_gc_concurrent: 1 target_footprint_: 25761643 GetBytesAllocated: 21405669 HeapGrowthMultiplier: 3
12-19 15:54:35.174  3323  3387 I com.miui.home: CheckGCForNative gc_urgency 1.14526 current_native_bytes is 212302171
12-19 15:54:35.176  3323  3387 I com.miui.home: CheckGCForNative requested 1
12-19 15:54:35.295  3323  3379 I com.miui.home: NativeAlloc concurrent copying GC freed 176400(7526KB) AllocSpace objects, 28(808KB) LOS objects, 50% free, 12MB/24MB, paused 197us,431us total 276.269ms
12-19 15:54:35.300  3323  3323 I wm_on_top_resumed_gained_called: [81893887,com.miui.home.launcher.Launcher,topStateChangedWhenResumed]
12-19 15:54:35.468  3323  3794 I com.miui.home: CheckGCForNative gc_urgency 0 current_native_bytes is 133348647
12-19 15:54:35.491  3323  3792 I com.miui.home: CheckGCForNative adj_start_bytes: 43239317 NativeAllocationGcWatermark: 11646624 java_gc_start_bytes: 25769381 kNewNativeDiscountFactor: 2 kOldNativeDiscountFactor: 65536 old_native_bytes: 133348647 new_native_bytes: 21283776 add_bytes_allowed: 34939872 is_gc_concurrent: 1 target_footprint_: 26064134 GetBytesAllocated: 13658672 HeapGrowthMultiplier: 3
12-19 15:54:35.491  3323  3391 I com.miui.home: CheckGCForNative adj_start_bytes: 43239317 NativeAllocationGcWatermark: 11646624 java_gc_start_bytes: 25769381 kNewNativeDiscountFactor: 2 kOldNativeDiscountFactor: 65536 old_native_bytes: 133348647 new_native_bytes: 21283776 add_bytes_allowed: 34939872 is_gc_concurrent: 1 target_footprint_: 26064134 GetBytesAllocated: 13658672 HeapGrowthMultiplier: 3
12-19 15:54:35.491  3323  3792 I com.miui.home: CheckGCForNative gc_urgency 0.562049 current_native_bytes is 154632423
12-19 15:54:35.491  3323  3391 I com.miui.home: CheckGCForNative gc_urgency 0.562049 current_native_bytes is 154632423
12-19 15:54:35.495  3323  3792 I com.miui.home: CheckGCForNative adj_start_bytes: 43239317 NativeAllocationGcWatermark: 11646624 java_gc_start_bytes: 25769381 kNewNativeDiscountFactor: 2 kOldNativeDiscountFactor: 65536 old_native_bytes: 133348647 new_native_bytes: 31990912 add_bytes_allowed: 34939872 is_gc_concurrent: 1 target_footprint_: 26064134 GetBytesAllocated: 13694396 HeapGrowthMultiplier: 3
12-19 15:54:35.495  3323  3792 I com.miui.home: CheckGCForNative gc_urgency 0.686687 current_native_bytes is 165339559
12-19 15:54:35.660 10786 10786 I wm_on_create_called: [0,55971658,com.tencent.qqlive.ona.activity.SplashHomeActivity,performCreate,453]
12-19 15:54:35.764  3323  3323 I wm_on_top_resumed_lost_called: [81893887,com.miui.home.launcher.Launcher,topStateChangedWhenResumed]
12-19 15:54:36.007  3323  3323 I wm_on_paused_called: [0,81893887,com.miui.home.launcher.Launcher,performPause,3]
12-19 15:54:36.134 10786 10786 I wm_on_start_called: [0,55971658,com.tencent.qqlive.ona.activity.SplashHomeActivity,handleStartActivity,460]
12-19 15:54:36.493  3323  3794 I com.miui.home: CheckGCForNative adj_start_bytes: 43239317 NativeAllocationGcWatermark: 11646624 java_gc_start_bytes: 25769381 kNewNativeDiscountFactor: 2 kOldNativeDiscountFactor: 65536 old_native_bytes: 133348647 new_native_bytes: 11635132 add_bytes_allowed: 34939872 is_gc_concurrent: 1 target_footprint_: 26064134 GetBytesAllocated: 14908696 HeapGrowthMultiplier: 3
12-19 15:54:36.493  3323  3794 I com.miui.home: CheckGCForNative gc_urgency 0.479385 current_native_bytes is 144983779
12-19 15:54:36.538  3323  3794 I com.miui.home: CheckGCForNative adj_start_bytes: 43239317 NativeAllocationGcWatermark: 11646624 java_gc_start_bytes: 25769381 kNewNativeDiscountFactor: 2 kOldNativeDiscountFactor: 65536 old_native_bytes: 133348647 new_native_bytes: 11590076 add_bytes_allowed: 34939872 is_gc_concurrent: 1 target_footprint_: 26064134 GetBytesAllocated: 14950504 HeapGrowthMultiplier: 3
12-19 15:54:36.538  3323  3794 I com.miui.home: CheckGCForNative gc_urgency 0.479831 current_native_bytes is 144938723
12-19 15:54:36.643  3323  3989 I com.miui.home: CheckGCForNative adj_start_bytes: 43239317 NativeAllocationGcWatermark: 11646624 java_gc_start_bytes: 25769381 kNewNativeDiscountFactor: 2 kOldNativeDiscountFactor: 65536 old_native_bytes: 133348647 new_native_bytes: 22867964 add_bytes_allowed: 34939872 is_gc_concurrent: 1 target_footprint_: 26064134 GetBytesAllocated: 15257645 HeapGrowthMultiplier: 3
12-19 15:54:36.643  3323  3989 I com.miui.home: CheckGCForNative gc_urgency 0.617347 current_native_bytes is 156216611
12-19 15:54:36.849  3323  3794 I com.miui.home: CheckGCForNative adj_start_bytes: 43239317 NativeAllocationGcWatermark: 11646624 java_gc_start_bytes: 25769381 kNewNativeDiscountFactor: 2 kOldNativeDiscountFactor: 65536 old_native_bytes: 133348647 new_native_bytes: 12088764 add_bytes_allowed: 34939872 is_gc_concurrent: 1 target_footprint_: 26064134 GetBytesAllocated: 15315687 HeapGrowthMultiplier: 3
12-19 15:54:36.849  3323  3794 I com.miui.home: CheckGCForNative gc_urgency 0.494044 current_native_bytes is 145437411
12-19 15:54:37.136 11533 11533 I wm_on_create_called: [0,193418912,com.tencent.mobileqq.activity.SplashActivity,performCreate,164]
12-19 15:54:37.141 11533 11533 I wm_on_start_called: [0,193418912,com.tencent.mobileqq.activity.SplashActivity,handleStartActivity,3]
12-19 15:54:37.161 11533 11533 I wm_on_resume_called: [0,193418912,com.tencent.mobileqq.activity.SplashActivity,RESUME_ACTIVITY,19]
12-19 15:54:37.232 11533 11533 I wm_on_top_resumed_gained_called: [193418912,com.tencent.mobileqq.activity.SplashActivity,topStateChangedWhenResumed]
12-19 15:54:37.504 11533 11533 I wm_on_idle_called: com.tencent.mobileqq.activity.SplashActivity
12-19 15:54:37.546 11533 11533 I wm_on_top_resumed_lost_called: [193418912,com.tencent.mobileqq.activity.SplashActivity,topStateChangedWhenResumed]
12-19 15:54:37.661  3323  3323 I wm_on_resume_called: [0,81893887,com.miui.home.launcher.Launcher,RESUME_ACTIVITY,20]
12-19 15:54:37.671  3323  3323 I wm_on_top_resumed_gained_called: [81893887,com.miui.home.launcher.Launcher,topStateChangedWhenResumed]
12-19 15:54:37.678  3323  3323 I wm_on_idle_called: com.miui.home.launcher.Launcher
12-19 15:54:37.840  3323  3991 I com.miui.home: CheckGCForNative adj_start_bytes: 43239317 NativeAllocationGcWatermark: 11646624 java_gc_start_bytes: 25769381 kNewNativeDiscountFactor: 2 kOldNativeDiscountFactor: 65536 old_native_bytes: 133348647 new_native_bytes: 22407640 add_bytes_allowed: 34939872 is_gc_concurrent: 1 target_footprint_: 26064134 GetBytesAllocated: 17028568 HeapGrowthMultiplier: 3
12-19 15:54:37.840  3323  3991 I com.miui.home: CheckGCForNative gc_urgency 0.65298 current_native_bytes is 155756287
12-19 15:54:37.844  3323  3991 I com.miui.home: CheckGCForNative adj_start_bytes: 43239317 NativeAllocationGcWatermark: 11646624 java_gc_start_bytes: 25769381 kNewNativeDiscountFactor: 2 kOldNativeDiscountFactor: 65536 old_native_bytes: 133348647 new_native_bytes: 33114776 add_bytes_allowed: 34939872 is_gc_concurrent: 1 target_footprint_: 26064134 GetBytesAllocated: 17038207 HeapGrowthMultiplier: 3
12-19 15:54:37.844  3323  3991 I com.miui.home: CheckGCForNative gc_urgency 0.777016 current_native_bytes is 166463423
12-19 15:54:37.863  3323  3794 I com.miui.home: CheckGCForNative adj_start_bytes: 43239317 NativeAllocationGcWatermark: 11646624 java_gc_start_bytes: 25769381 kNewNativeDiscountFactor: 2 kOldNativeDiscountFactor: 65536 old_native_bytes: 133348647 new_native_bytes: 22411448 add_bytes_allowed: 34939872 is_gc_concurrent: 1 target_footprint_: 26064134 GetBytesAllocated: 17070968 HeapGrowthMultiplier: 3
12-19 15:54:37.863  3323  3794 I com.miui.home: CheckGCForNative gc_urgency 0.654005 current_native_bytes is 155760095
12-19 15:54:38.008  3323  3794 I com.miui.home: CheckGCForNative adj_start_bytes: 43239317 NativeAllocationGcWatermark: 11646624 java_gc_start_bytes: 25769381 kNewNativeDiscountFactor: 2 kOldNativeDiscountFactor: 65536 old_native_bytes: 133348647 new_native_bytes: 22520168 add_bytes_allowed: 34939872 is_gc_concurrent: 1 target_footprint_: 26064134 GetBytesAllocated: 17131323 HeapGrowthMultiplier: 3
12-19 15:54:38.008  3323  3794 I com.miui.home: CheckGCForNative gc_urgency 0.656658 current_native_bytes is 155868815
12-19 15:54:38.011 11533 11533 I wm_on_paused_called: [0,193418912,com.tencent.mobileqq.activity.SplashActivity,performPause,1]
12-19 15:54:38.014  3323  8912 I com.miui.home: CheckGCForNative adj_start_bytes: 43239317 NativeAllocationGcWatermark: 11646624 java_gc_start_bytes: 25769381 kNewNativeDiscountFactor: 2 kOldNativeDiscountFactor: 65536 old_native_bytes: 133348647 new_native_bytes: 33226600 add_bytes_allowed: 34939872 is_gc_concurrent: 1 target_footprint_: 26064134 GetBytesAllocated: 17134903 HeapGrowthMultiplier: 3
12-19 15:54:38.014  3323  8912 I com.miui.home: CheckGCForNative gc_urgency 0.780545 current_native_bytes is 166575247
12-19 15:54:38.131 11533 11533 I wm_on_create_called: [0,198020626,com.tencent.mobileqq.activity.LoginActivity,performCreate,76]
12-19 15:54:38.217 11533 11533 I wm_on_start_called: [0,198020626,com.tencent.mobileqq.activity.LoginActivity,handleStartActivity,86]
12-19 15:54:38.256 11533 11533 I wm_on_resume_called: [0,198020626,com.tencent.mobileqq.activity.LoginActivity,RESUME_ACTIVITY,23]
12-19 15:54:38.311 11533 11533 I wm_on_stop_called: [0,193418912,com.tencent.mobileqq.activity.SplashActivity,LIFECYCLER_STOP_ACTIVITY,6]
12-19 15:54:38.354 11533 11533 I wm_on_destroy_called: [0,193418912,com.tencent.mobileqq.activity.SplashActivity,performDestroy,42]
12-19 15:54:38.381  3323  3989 I com.miui.home: CheckGCForNative adj_start_bytes: 43239317 NativeAllocationGcWatermark: 11646624 java_gc_start_bytes: 25769381 kNewNativeDiscountFactor: 2 kOldNativeDiscountFactor: 65536 old_native_bytes: 133348647 new_native_bytes: 22639420 add_bytes_allowed: 34939872 is_gc_concurrent: 1 target_footprint_: 26064134 GetBytesAllocated: 17646773 HeapGrowthMultiplier: 3
12-19 15:54:38.381  3323  3989 I com.miui.home: CheckGCForNative gc_urgency 0.669958 current_native_bytes is 155988067
12-19 15:54:38.585  3323 11892 I com.miui.home: CheckGCForNative adj_start_bytes: 43239317 NativeAllocationGcWatermark: 11646624 java_gc_start_bytes: 25769381 kNewNativeDiscountFactor: 2 kOldNativeDiscountFactor: 65536 old_native_bytes: 133348647 new_native_bytes: 22923580 add_bytes_allowed: 34939872 is_gc_concurrent: 1 target_footprint_: 26064134 GetBytesAllocated: 18011115 HeapGrowthMultiplier: 3
12-19 15:54:38.585  3323 11892 I com.miui.home: CheckGCForNative gc_urgency 0.68167 current_native_bytes is 156272227
12-19 15:54:38.690  3323  3323 I wm_on_top_resumed_lost_called: [81893887,com.miui.home.launcher.Launcher,topStateChangedWhenResumed]
12-19 15:54:38.697  3323  3323 I wm_on_paused_called: [0,81893887,com.miui.home.launcher.Launcher,performPause,4]
12-19 15:54:38.701 11533 11533 I wm_on_paused_called: [0,198020626,com.tencent.mobileqq.activity.LoginActivity,performPause,10]
12-19 15:54:38.778 11533 11533 I wm_on_stop_called: [0,198020626,com.tencent.mobileqq.activity.LoginActivity,STOP_ACTIVITY_ITEM,75]
12-19 15:54:38.853  3323  3989 I com.miui.home: CheckGCForNative adj_start_bytes: 43239317 NativeAllocationGcWatermark: 11646624 java_gc_start_bytes: 25769381 kNewNativeDiscountFactor: 2 kOldNativeDiscountFactor: 65536 old_native_bytes: 133348647 new_native_bytes: 23408564 add_bytes_allowed: 34939872 is_gc_concurrent: 1 target_footprint_: 26064134 GetBytesAllocated: 18547267 HeapGrowthMultiplier: 3
12-19 15:54:38.853  3323  3989 I com.miui.home: CheckGCForNative gc_urgency 0.699678 current_native_bytes is 156757211
12-19 15:54:38.920 11533 11533 I wm_on_idle_called: com.tencent.mobileqq.activity.LoginActivity
12-19 15:54:38.958  3323  3989 I com.miui.home: CheckGCForNative adj_start_bytes: 43239317 NativeAllocationGcWatermark: 11646624 java_gc_start_bytes: 25769381 kNewNativeDiscountFactor: 2 kOldNativeDiscountFactor: 65536 old_native_bytes: 133348647 new_native_bytes: 34211484 add_bytes_allowed: 34939872 is_gc_concurrent: 1 target_footprint_: 26064134 GetBytesAllocated: 18631334 HeapGrowthMultiplier: 3
12-19 15:54:38.958  3323  3989 I com.miui.home: CheckGCForNative gc_urgency 0.826542 current_native_bytes is 167560131
12-19 15:54:39.210  3323  3794 I com.miui.home: CheckGCForNative adj_start_bytes: 43239317 NativeAllocationGcWatermark: 11646624 java_gc_start_bytes: 25769381 kNewNativeDiscountFactor: 2 kOldNativeDiscountFactor: 65536 old_native_bytes: 133348647 new_native_bytes: 23919376 add_bytes_allowed: 34939872 is_gc_concurrent: 1 target_footprint_: 26064134 GetBytesAllocated: 19358060 HeapGrowthMultiplier: 3
12-19 15:54:39.210  3323  3794 I com.miui.home: CheckGCForNative gc_urgency 0.724514 current_native_bytes is 157268023
12-19 15:54:39.355  3323  3794 I com.miui.home: CheckGCForNative adj_start_bytes: 43239317 NativeAllocationGcWatermark: 11646624 java_gc_start_bytes: 25769381 kNewNativeDiscountFactor: 2 kOldNativeDiscountFactor: 65536 old_native_bytes: 133348647 new_native_bytes: 23915448 add_bytes_allowed: 34939872 is_gc_concurrent: 1 target_footprint_: 26064134 GetBytesAllocated: 19512515 HeapGrowthMultiplier: 3
12-19 15:54:39.355  3323  3794 I com.miui.home: CheckGCForNative gc_urgency 0.727862 current_native_bytes is 157264095
12-19 15:54:39.584  3323  3323 I com.miui.home: CheckGCForNative adj_start_bytes: 43239317 NativeAllocationGcWatermark: 11646624 java_gc_start_bytes: 25769381 kNewNativeDiscountFactor: 2 kOldNativeDiscountFactor: 65536 old_native_bytes: 133348647 new_native_bytes: 23685656 add_bytes_allowed: 34939872 is_gc_concurrent: 1 target_footprint_: 26064134 GetBytesAllocated: 19577540 HeapGrowthMultiplier: 3
12-19 15:54:39.584  3323  3323 I com.miui.home: CheckGCForNative gc_urgency 0.726709 current_native_bytes is 157034303
12-19 15:54:40.199 11912 11912 I wm_on_application_create_called: [0,com.dragon.read,757]
12-19 15:54:40.291 11912 11912 I wm_on_create_called: [0,99483011,com.dragon.read.pages.splash.SplashActivity,performCreate,46]
12-19 15:54:40.383 11912 11912 I wm_on_start_called: [0,99483011,com.dragon.read.pages.splash.SplashActivity,handleStartActivity,91]
12-19 15:54:40.522  3323  3323 I wm_on_resume_called: [0,81893887,com.miui.home.launcher.Launcher,RESUME_ACTIVITY,22]
12-19 15:54:40.546  3323  3323 I wm_on_idle_called: com.miui.home.launcher.Launcher
12-19 15:54:40.660 11912 11912 I wm_on_resume_called: [0,99483011,com.dragon.read.pages.splash.SplashActivity,RESUME_ACTIVITY,265]
12-19 15:54:40.662 11912 11912 I wm_on_top_resumed_gained_called: [99483011,com.dragon.read.pages.splash.SplashActivity,topStateChangedWhenResumed]
12-19 15:54:40.822  3323 10601 I com.miui.home: CheckGCForNative adj_start_bytes: 43239317 NativeAllocationGcWatermark: 11646624 java_gc_start_bytes: 25769381 kNewNativeDiscountFactor: 2 kOldNativeDiscountFactor: 65536 old_native_bytes: 133348647 new_native_bytes: 34402196 add_bytes_allowed: 34939872 is_gc_concurrent: 1 target_footprint_: 26064134 GetBytesAllocated: 21257408 HeapGrowthMultiplier: 3
12-19 15:54:40.828  3323 10601 I com.miui.home: CheckGCForNative gc_urgency 0.889784 current_native_bytes is 167750843
12-19 15:54:40.832  3323  3387 I com.miui.home: CheckGCForNative adj_start_bytes: 43239317 NativeAllocationGcWatermark: 11646624 java_gc_start_bytes: 25769381 kNewNativeDiscountFactor: 2 kOldNativeDiscountFactor: 65536 old_native_bytes: 133348647 new_native_bytes: 45108564 add_bytes_allowed: 34939872 is_gc_concurrent: 1 target_footprint_: 26064134 GetBytesAllocated: 21278103 HeapGrowthMultiplier: 3
12-19 15:54:40.832  3323  3387 I com.miui.home: CheckGCForNative gc_urgency 1.01376 current_native_bytes is 178457211
12-19 15:54:40.832  3323  3387 I com.miui.home: CheckGCForNative requested 1
12-19 15:54:40.833  3323  3323 I com.miui.home: CheckGCForNative adj_start_bytes: 43239317 NativeAllocationGcWatermark: 11646624 java_gc_start_bytes: 25769381 kNewNativeDiscountFactor: 2 kOldNativeDiscountFactor: 65536 old_native_bytes: 133348647 new_native_bytes: 55814484 add_bytes_allowed: 34939872 is_gc_concurrent: 1 target_footprint_: 26064134 GetBytesAllocated: 21294850 HeapGrowthMultiplier: 3
12-19 15:54:40.833  3323  3323 I com.miui.home: CheckGCForNative gc_urgency 1.13795 current_native_bytes is 189163131
12-19 15:54:40.833  3323  3323 I com.miui.home: CheckGCForNative requested 1
12-19 15:54:40.913  3323  3323 I wm_on_top_resumed_gained_called: [81893887,com.miui.home.launcher.Launcher,topStateChangedWhenResumed]
12-19 15:54:41.026  3323  3379 I com.miui.home: NativeAlloc concurrent copying GC freed 184937(7617KB) AllocSpace objects, 26(736KB) LOS objects, 49% free, 12MB/24MB, paused 259us,118us total 192.570ms
12-19 15:54:41.054  3323  3794 I com.miui.home: CheckGCForNative gc_urgency 0 current_native_bytes is 133207095
12-19 15:54:41.065  3323  3794 I com.miui.home: CheckGCForNative gc_urgency 0 current_native_bytes is 132436707
12-19 15:54:41.316  3323 10601 I com.miui.home: CheckGCForNative adj_start_bytes: 43113307 NativeAllocationGcWatermark: 11622983 java_gc_start_bytes: 25678833 kNewNativeDiscountFactor: 2 kOldNativeDiscountFactor: 65536 old_native_bytes: 132436707 new_native_bytes: 9650496 add_bytes_allowed: 34868949 is_gc_concurrent: 1 target_footprint_: 25875007 GetBytesAllocated: 13169264 HeapGrowthMultiplier: 3
12-19 15:54:41.317  3323 10601 I com.miui.home: CheckGCForNative gc_urgency 0.417425 current_native_bytes is 142087203
12-19 15:54:41.323  3323  3323 I com.miui.home: CheckGCForNative adj_start_bytes: 43113307 NativeAllocationGcWatermark: 11622983 java_gc_start_bytes: 25678833 kNewNativeDiscountFactor: 2 kOldNativeDiscountFactor: 65536 old_native_bytes: 132436707 new_native_bytes: 20357888 add_bytes_allowed: 34868949 is_gc_concurrent: 1 target_footprint_: 25875007 GetBytesAllocated: 13169488 HeapGrowthMultiplier: 3
12-19 15:54:41.323  3323  3323 I com.miui.home: CheckGCForNative gc_urgency 0.541607 current_native_bytes is 152794595
12-19 15:54:41.324  3323  3792 I com.miui.home: CheckGCForNative adj_start_bytes: 43113307 NativeAllocationGcWatermark: 11622983 java_gc_start_bytes: 25678833 kNewNativeDiscountFactor: 2 kOldNativeDiscountFactor: 65536 old_native_bytes: 132436707 new_native_bytes: 20357888 add_bytes_allowed: 34868949 is_gc_concurrent: 1 target_footprint_: 25875007 GetBytesAllocated: 13169520 HeapGrowthMultiplier: 3
12-19 15:54:41.324  3323  3792 I com.miui.home: CheckGCForNative gc_urgency 0.541607 current_native_bytes is 152794595
12-19 15:54:41.520  3323  3323 I wm_on_top_resumed_lost_called: [81893887,com.miui.home.launcher.Launcher,topStateChangedWhenResumed]
12-19 15:54:41.620  3323  3989 I com.miui.home: CheckGCForNative adj_start_bytes: 43113307 NativeAllocationGcWatermark: 11622983 java_gc_start_bytes: 25678833 kNewNativeDiscountFactor: 2 kOldNativeDiscountFactor: 65536 old_native_bytes: 132436707 new_native_bytes: 10266672 add_bytes_allowed: 34868949 is_gc_concurrent: 1 target_footprint_: 25875007 GetBytesAllocated: 13861368 HeapGrowthMultiplier: 3
12-19 15:54:41.620  3323  3989 I com.miui.home: CheckGCForNative gc_urgency 0.440623 current_native_bytes is 142703379
12-19 15:54:41.812  3323  3989 I com.miui.home: CheckGCForNative adj_start_bytes: 43113307 NativeAllocationGcWatermark: 11622983 java_gc_start_bytes: 25678833 kNewNativeDiscountFactor: 2 kOldNativeDiscountFactor: 65536 old_native_bytes: 132436707 new_native_bytes: 21399204 add_bytes_allowed: 34868949 is_gc_concurrent: 1 target_footprint_: 25875007 GetBytesAllocated: 14291502 HeapGrowthMultiplier: 3
12-19 15:54:41.812  3323  3989 I com.miui.home: CheckGCForNative gc_urgency 0.579708 current_native_bytes is 153835911
12-19 15:54:41.837  3323  3323 I wm_on_paused_called: [0,81893887,com.miui.home.launcher.Launcher,performPause,3]
12-19 15:54:42.246  3323  3794 I com.miui.home: CheckGCForNative adj_start_bytes: 43113307 NativeAllocationGcWatermark: 11622983 java_gc_start_bytes: 25678833 kNewNativeDiscountFactor: 2 kOldNativeDiscountFactor: 65536 old_native_bytes: 132436707 new_native_bytes: 10987592 add_bytes_allowed: 34868949 is_gc_concurrent: 1 target_footprint_: 25875007 GetBytesAllocated: 15215587 HeapGrowthMultiplier: 3
12-19 15:54:42.246  3323  3794 I com.miui.home: CheckGCForNative gc_urgency 0.480395 current_native_bytes is 143424299
12-19 15:54:42.313  3323  3794 I com.miui.home: CheckGCForNative adj_start_bytes: 43113307 NativeAllocationGcWatermark: 11622983 java_gc_start_bytes: 25678833 kNewNativeDiscountFactor: 2 kOldNativeDiscountFactor: 65536 old_native_bytes: 132436707 new_native_bytes: 11050736 add_bytes_allowed: 34868949 is_gc_concurrent: 1 target_footprint_: 25875007 GetBytesAllocated: 15314052 HeapGrowthMultiplier: 3
12-19 15:54:42.313  3323  3794 I com.miui.home: CheckGCForNative gc_urgency 0.483411 current_native_bytes is 143487443
12-19 15:54:42.485 11912 11912 I wm_on_top_resumed_lost_called: [99483011,com.dragon.read.pages.splash.SplashActivity,topStateChangedWhenResumed]
12-19 15:54:42.591  3323  3794 I com.miui.home: CheckGCForNative adj_start_bytes: 43113307 NativeAllocationGcWatermark: 11622983 java_gc_start_bytes: 25678833 kNewNativeDiscountFactor: 2 kOldNativeDiscountFactor: 65536 old_native_bytes: 132436707 new_native_bytes: 11074464 add_bytes_allowed: 34868949 is_gc_concurrent: 1 target_footprint_: 25875007 GetBytesAllocated: 15433629 HeapGrowthMultiplier: 3
12-19 15:54:42.591  3323  3794 I com.miui.home: CheckGCForNative gc_urgency 0.48646 current_native_bytes is 143511171
12-19 15:54:42.717 11912 11912 I wm_on_paused_called: [0,99483011,com.dragon.read.pages.splash.SplashActivity,performPause,89]
12-19 15:54:43.342 12344 12344 I wm_on_application_create_called: [0,com.taobao.taobao,565]
12-19 15:54:43.345 11912 11912 I wm_on_create_called: [0,86540869,com.dragon.read.pages.interest.PreferenceActivity,performCreate,345]
12-19 15:54:43.444 12344 12344 I wm_on_create_called: [0,8423926,com.taobao.tao.welcome.Welcome,performCreate,85]
12-19 15:54:43.626 12344 12344 I wm_on_start_called: [0,8423926,com.taobao.tao.welcome.Welcome,handleStartActivity,182]
12-19 15:54:43.687  3323  3323 I wm_on_resume_called: [0,81893887,com.miui.home.launcher.Launcher,RESUME_ACTIVITY,18]
12-19 15:54:43.709  3323  3323 I wm_on_idle_called: com.miui.home.launcher.Launcher
12-19 15:54:43.932  3323  3387 I com.miui.home: CheckGCForNative adj_start_bytes: 43113307 NativeAllocationGcWatermark: 11622983 java_gc_start_bytes: 25678833 kNewNativeDiscountFactor: 2 kOldNativeDiscountFactor: 65536 old_native_bytes: 132436707 new_native_bytes: 21703832 add_bytes_allowed: 34868949 is_gc_concurrent: 1 target_footprint_: 25875007 GetBytesAllocated: 17174590 HeapGrowthMultiplier: 3
12-19 15:54:43.932  3323  3387 I com.miui.home: CheckGCForNative gc_urgency 0.650113 current_native_bytes is 154140539
12-19 15:54:43.933 11912 11912 I wm_on_start_called: [0,86540869,com.dragon.read.pages.interest.PreferenceActivity,handleStartActivity,501]
12-19 15:54:43.933  3323  3323 I com.miui.home: CheckGCForNative adj_start_bytes: 43113307 NativeAllocationGcWatermark: 11622983 java_gc_start_bytes: 25678833 kNewNativeDiscountFactor: 2 kOldNativeDiscountFactor: 65536 old_native_bytes: 132436707 new_native_bytes: 32411032 add_bytes_allowed: 34868949 is_gc_concurrent: 1 target_footprint_: 25875007 GetBytesAllocated: 17194409 HeapGrowthMultiplier: 3
12-19 15:54:43.934  3323  3323 I com.miui.home: CheckGCForNative gc_urgency 0.774748 current_native_bytes is 164847739
12-19 15:54:43.975  3323  3391 I com.miui.home: CheckGCForNative adj_start_bytes: 43113307 NativeAllocationGcWatermark: 11622983 java_gc_start_bytes: 25678833 kNewNativeDiscountFactor: 2 kOldNativeDiscountFactor: 65536 old_native_bytes: 132436707 new_native_bytes: 32413592 add_bytes_allowed: 34868949 is_gc_concurrent: 1 target_footprint_: 25875007 GetBytesAllocated: 17194409 HeapGrowthMultiplier: 3
12-19 15:54:43.976  3323  3391 I com.miui.home: CheckGCForNative gc_urgency 0.774778 current_native_bytes is 164850299
12-19 15:54:44.045 12344 12344 I wm_on_resume_called: [0,8423926,com.taobao.tao.welcome.Welcome,RESUME_ACTIVITY,342]
12-19 15:54:44.071  3323  3323 I wm_on_top_resumed_gained_called: [81893887,com.miui.home.launcher.Launcher,topStateChangedWhenResumed]
12-19 15:54:44.128  3323  3794 I com.miui.home: CheckGCForNative adj_start_bytes: 43113307 NativeAllocationGcWatermark: 11622983 java_gc_start_bytes: 25678833 kNewNativeDiscountFactor: 2 kOldNativeDiscountFactor: 65536 old_native_bytes: 132436707 new_native_bytes: 21831672 add_bytes_allowed: 34868949 is_gc_concurrent: 1 target_footprint_: 25875007 GetBytesAllocated: 17279933 HeapGrowthMultiplier: 3
12-19 15:54:44.128  3323  3794 I com.miui.home: CheckGCForNative gc_urgency 0.654039 current_native_bytes is 154268379
12-19 15:54:44.367 11912 11912 I wm_on_resume_called: [0,86540869,com.dragon.read.pages.interest.PreferenceActivity,RESUME_ACTIVITY,430]
12-19 15:54:44.395 12344 12344 I wm_on_top_resumed_gained_called: [8423926,com.taobao.tao.welcome.Welcome,topStateChangedWhenResumed]
12-19 15:54:44.405 12344 12344 I wm_on_top_resumed_lost_called: [8423926,com.taobao.tao.welcome.Welcome,topStateChangedWhenResumed]
12-19 15:54:44.474  3323  3792 I com.miui.home: CheckGCForNative adj_start_bytes: 43113307 NativeAllocationGcWatermark: 11622983 java_gc_start_bytes: 25678833 kNewNativeDiscountFactor: 2 kOldNativeDiscountFactor: 65536 old_native_bytes: 132436707 new_native_bytes: 32438840 add_bytes_allowed: 34868949 is_gc_concurrent: 1 target_footprint_: 25875007 GetBytesAllocated: 17451859 HeapGrowthMultiplier: 3
12-19 15:54:44.474  3323  3792 I com.miui.home: CheckGCForNative gc_urgency 0.781042 current_native_bytes is 164875547
12-19 15:54:44.474  3323  3792 I com.miui.home: CheckGCForNative adj_start_bytes: 43113307 NativeAllocationGcWatermark: 11622983 java_gc_start_bytes: 25678833 kNewNativeDiscountFactor: 2 kOldNativeDiscountFactor: 65536 old_native_bytes: 132436707 new_native_bytes: 43146104 add_bytes_allowed: 34868949 is_gc_concurrent: 1 target_footprint_: 25875007 GetBytesAllocated: 17454717 HeapGrowthMultiplier: 3
12-19 15:54:44.474  3323  3792 I com.miui.home: CheckGCForNative gc_urgency 0.905284 current_native_bytes is 175582811
12-19 15:54:44.479  3323  3391 I com.miui.home: CheckGCForNative adj_start_bytes: 43113307 NativeAllocationGcWatermark: 11622983 java_gc_start_bytes: 25678833 kNewNativeDiscountFactor: 2 kOldNativeDiscountFactor: 65536 old_native_bytes: 132436707 new_native_bytes: 43146104 add_bytes_allowed: 34868949 is_gc_concurrent: 1 target_footprint_: 25875007 GetBytesAllocated: 17454717 HeapGrowthMultiplier: 3
12-19 15:54:44.479  3323  3391 I com.miui.home: CheckGCForNative gc_urgency 0.905284 current_native_bytes is 175582811
12-19 15:54:44.842  3323  3770 I com.miui.home: CheckGCForNative adj_start_bytes: 43113307 NativeAllocationGcWatermark: 11622983 java_gc_start_bytes: 25678833 kNewNativeDiscountFactor: 2 kOldNativeDiscountFactor: 65536 old_native_bytes: 132436707 new_native_bytes: 32392528 add_bytes_allowed: 34868949 is_gc_concurrent: 1 target_footprint_: 25875007 GetBytesAllocated: 17550984 HeapGrowthMultiplier: 3
12-19 15:54:44.842  3323  3770 I com.miui.home: CheckGCForNative gc_urgency 0.782804 current_native_bytes is 164829235
12-19 15:54:44.859  3323  3323 I wm_on_top_resumed_lost_called: [81893887,com.miui.home.launcher.Launcher,topStateChangedWhenResumed]
12-19 15:54:44.901 11912 11912 I wm_on_stop_called: [0,99483011,com.dragon.read.pages.splash.SplashActivity,LIFECYCLER_STOP_ACTIVITY,153]
12-19 15:54:44.948 11912 11912 I wm_on_destroy_called: [0,99483011,com.dragon.read.pages.splash.SplashActivity,performDestroy,32]
12-19 15:54:45.033  3323  3323 I wm_on_paused_called: [0,81893887,com.miui.home.launcher.Launcher,performPause,4]
12-19 15:54:45.125 11912 11912 I wm_on_paused_called: [0,86540869,com.dragon.read.pages.interest.PreferenceActivity,performPause,100]
12-19 15:54:45.320  3323  3794 I com.miui.home: CheckGCForNative adj_start_bytes: 43113307 NativeAllocationGcWatermark: 11622983 java_gc_start_bytes: 25678833 kNewNativeDiscountFactor: 2 kOldNativeDiscountFactor: 65536 old_native_bytes: 132436707 new_native_bytes: 32797312 add_bytes_allowed: 34868949 is_gc_concurrent: 1 target_footprint_: 25875007 GetBytesAllocated: 18242217 HeapGrowthMultiplier: 3
12-19 15:54:45.320  3323  3794 I com.miui.home: CheckGCForNative gc_urgency 0.803531 current_native_bytes is 165234019
12-19 15:54:45.398  3323  3794 I com.miui.home: CheckGCForNative adj_start_bytes: 43113307 NativeAllocationGcWatermark: 11622983 java_gc_start_bytes: 25678833 kNewNativeDiscountFactor: 2 kOldNativeDiscountFactor: 65536 old_native_bytes: 132436707 new_native_bytes: 33042836 add_bytes_allowed: 34868949 is_gc_concurrent: 1 target_footprint_: 25875007 GetBytesAllocated: 18608621 HeapGrowthMultiplier: 3
12-19 15:54:45.398  3323  3794 I com.miui.home: CheckGCForNative gc_urgency 0.814877 current_native_bytes is 165479543
12-19 15:54:45.446  3323  3989 I com.miui.home: CheckGCForNative adj_start_bytes: 43113307 NativeAllocationGcWatermark: 11622983 java_gc_start_bytes: 25678833 kNewNativeDiscountFactor: 2 kOldNativeDiscountFactor: 65536 old_native_bytes: 132436707 new_native_bytes: 43810452 add_bytes_allowed: 34868949 is_gc_concurrent: 1 target_footprint_: 25875007 GetBytesAllocated: 18815127 HeapGrowthMultiplier: 3
12-19 15:54:45.446  3323  3989 I com.miui.home: CheckGCForNative gc_urgency 0.944543 current_native_bytes is 176247159
12-19 15:54:45.467 11912 11912 I wm_on_stop_called: [0,86540869,com.dragon.read.pages.interest.PreferenceActivity,STOP_ACTIVITY_ITEM,103]
12-19 15:54:45.581  9451  9451 I wm_on_create_called: [0,110130727,com.tencent.mm.ui.LauncherUI,performCreate,425]
12-19 15:54:45.627  9451  9451 I wm_on_start_called: [0,110130727,com.tencent.mm.ui.LauncherUI,handleStartActivity,36]
12-19 15:54:45.717  9451  9451 I wm_on_resume_called: [0,110130727,com.tencent.mm.ui.LauncherUI,RESUME_ACTIVITY,76]
12-19 15:54:45.721  3323  3794 I com.miui.home: CheckGCForNative adj_start_bytes: 43113307 NativeAllocationGcWatermark: 11622983 java_gc_start_bytes: 25678833 kNewNativeDiscountFactor: 2 kOldNativeDiscountFactor: 65536 old_native_bytes: 132436707 new_native_bytes: 33123604 add_bytes_allowed: 34868949 is_gc_concurrent: 1 target_footprint_: 25875007 GetBytesAllocated: 18923395 HeapGrowthMultiplier: 3
12-19 15:54:45.721  3323  3794 I com.miui.home: CheckGCForNative gc_urgency 0.823115 current_native_bytes is 165560311
12-19 15:54:45.796  9451  9451 I wm_on_top_resumed_gained_called: [110130727,com.tencent.mm.ui.LauncherUI,topStateChangedWhenResumed]
12-19 15:54:45.798  9451  9451 I wm_on_top_resumed_lost_called: [110130727,com.tencent.mm.ui.LauncherUI,topStateChangedWhenResumed]
12-19 15:54:45.814  9451  9451 I wm_on_paused_called: [0,110130727,com.tencent.mm.ui.LauncherUI,performPause,15]
12-19 15:54:45.849  3323  3323 I wm_on_stop_called: [0,81893887,com.miui.home.launcher.Launcher,STOP_ACTIVITY_ITEM,9]
12-19 15:54:45.968  9451  9451 I wm_on_create_called: [0,241291019,com.tencent.mm.plugin.account.ui.WelcomeActivity,performCreate,64]
12-19 15:54:45.973  9451  9451 I wm_on_start_called: [0,241291019,com.tencent.mm.plugin.account.ui.WelcomeActivity,handleStartActivity,4]
12-19 15:54:45.980  9451  9451 I wm_on_resume_called: [0,241291019,com.tencent.mm.plugin.account.ui.WelcomeActivity,RESUME_ACTIVITY,6]
12-19 15:54:45.980 12881 12881 I wm_on_application_create_called: [0,com.tencent.mm,1029]
12-19 15:54:45.989  9451  9451 I wm_on_top_resumed_gained_called: [241291019,com.tencent.mm.plugin.account.ui.WelcomeActivity,topStateChangedWhenResumed]
12-19 15:54:46.421  9451  9451 I wm_on_stop_called: [0,110130727,com.tencent.mm.ui.LauncherUI,STOP_ACTIVITY_ITEM,4]
12-19 15:54:46.559  9451  9451 I wm_on_top_resumed_lost_called: [241291019,com.tencent.mm.plugin.account.ui.WelcomeActivity,topStateChangedWhenResumed]
12-19 15:54:46.572  3323  3323 I wm_on_restart_called: [0,81893887,com.miui.home.launcher.Launcher,,0]
12-19 15:54:46.574  3323  3323 I wm_on_start_called: [0,81893887,com.miui.home.launcher.Launcher,handleStartActivity,2]
12-19 15:54:46.595  3323  3323 I wm_on_resume_called: [0,81893887,com.miui.home.launcher.Launcher,RESUME_ACTIVITY,18]
12-19 15:54:46.669  3323  3323 I wm_on_top_resumed_gained_called: [81893887,com.miui.home.launcher.Launcher,topStateChangedWhenResumed]
12-19 15:54:46.676  3323  3323 I wm_on_idle_called: com.miui.home.launcher.Launcher
12-19 15:54:46.843 11912 11912 I wm_on_idle_called: com.dragon.read.pages.interest.PreferenceActivity
12-19 15:54:46.938  3323  3391 I com.miui.home: CheckGCForNative gc_urgency 0 current_native_bytes is 132690211
12-19 15:54:46.939  3323 10601 I com.miui.home: CheckGCForNative adj_start_bytes: 43331902 NativeAllocationGcWatermark: 11671294 java_gc_start_bytes: 25824961 kNewNativeDiscountFactor: 2 kOldNativeDiscountFactor: 65536 old_native_bytes: 132690211 new_native_bytes: 10706176 add_bytes_allowed: 35013882 is_gc_concurrent: 1 target_footprint_: 26261493 GetBytesAllocated: 14764864 HeapGrowthMultiplier: 3
12-19 15:54:46.939  3323 10601 I com.miui.home: CheckGCForNative gc_urgency 0.464322 current_native_bytes is 143396387
12-19 15:54:46.939  3323  3323 I com.miui.home: CheckGCForNative adj_start_bytes: 43331902 NativeAllocationGcWatermark: 11671294 java_gc_start_bytes: 25824961 kNewNativeDiscountFactor: 2 kOldNativeDiscountFactor: 65536 old_native_bytes: 132690211 new_native_bytes: 21413440 add_bytes_allowed: 35013882 is_gc_concurrent: 1 target_footprint_: 26261493 GetBytesAllocated: 14781472 HeapGrowthMultiplier: 3
12-19 15:54:46.939  3323  3323 I com.miui.home: CheckGCForNative gc_urgency 0.588255 current_native_bytes is 154103651
12-19 15:54:47.057  3323  3794 I com.miui.home: CheckGCForNative adj_start_bytes: 43331902 NativeAllocationGcWatermark: 11671294 java_gc_start_bytes: 25824961 kNewNativeDiscountFactor: 2 kOldNativeDiscountFactor: 65536 old_native_bytes: 132690211 new_native_bytes: 34528 add_bytes_allowed: 35013882 is_gc_concurrent: 1 target_footprint_: 26261493 GetBytesAllocated: 15275220 HeapGrowthMultiplier: 3
12-19 15:54:47.057  3323  3794 I com.miui.home: CheckGCForNative gc_urgency 0.352962 current_native_bytes is 132724739
12-19 15:54:47.409  3323  8016 I com.miui.home: CheckGCForNative adj_start_bytes: 43331902 NativeAllocationGcWatermark: 11671294 java_gc_start_bytes: 25824961 kNewNativeDiscountFactor: 2 kOldNativeDiscountFactor: 65536 old_native_bytes: 132690211 new_native_bytes: 66080 add_bytes_allowed: 35013882 is_gc_concurrent: 1 target_footprint_: 26261493 GetBytesAllocated: 15412761 HeapGrowthMultiplier: 3
12-19 15:54:47.410  3323  8016 I com.miui.home: CheckGCForNative gc_urgency 0.3565 current_native_bytes is 132756291
12-19 15:54:47.452  3323  3391 I com.miui.home: CheckGCForNative adj_start_bytes: 43331902 NativeAllocationGcWatermark: 11671294 java_gc_start_bytes: 25824961 kNewNativeDiscountFactor: 2 kOldNativeDiscountFactor: 65536 old_native_bytes: 132690211 new_native_bytes: 21401568 add_bytes_allowed: 35013882 is_gc_concurrent: 1 target_footprint_: 26261493 GetBytesAllocated: 15421732 HeapGrowthMultiplier: 3
12-19 15:54:47.452  3323  3391 I com.miui.home: CheckGCForNative gc_urgency 0.602894 current_native_bytes is 154091779
12-19 15:54:47.453  3323  3323 I com.miui.home: CheckGCForNative adj_start_bytes: 43331902 NativeAllocationGcWatermark: 11671294 java_gc_start_bytes: 25824961 kNewNativeDiscountFactor: 2 kOldNativeDiscountFactor: 65536 old_native_bytes: 132690211 new_native_bytes: 32108512 add_bytes_allowed: 35013882 is_gc_concurrent: 1 target_footprint_: 26261493 GetBytesAllocated: 15426056 HeapGrowthMultiplier: 3
12-19 15:54:47.453  3323  3323 I com.miui.home: CheckGCForNative gc_urgency 0.726539 current_native_bytes is 164798723
12-19 15:54:47.453  3323  3792 I com.miui.home: CheckGCForNative adj_start_bytes: 43331902 NativeAllocationGcWatermark: 11671294 java_gc_start_bytes: 25824961 kNewNativeDiscountFactor: 2 kOldNativeDiscountFactor: 65536 old_native_bytes: 132690211 new_native_bytes: 10695648 add_bytes_allowed: 35013882 is_gc_concurrent: 1 target_footprint_: 26261493 GetBytesAllocated: 15421732 HeapGrowthMultiplier: 3
12-19 15:54:47.453  3323  3792 I com.miui.home: CheckGCForNative gc_urgency 0.47946 current_native_bytes is 143385859
12-19 15:54:47.562  9451  9451 I wm_on_paused_called: [0,241291019,com.tencent.mm.plugin.account.ui.WelcomeActivity,performPause,76]
