12-21 19:06:09.637  3348  3348 I wm_on_top_resumed_lost_called: [178129807,com.miui.home.launcher.Launcher,topStateChangedWhenResumed]
12-21 19:06:09.645  3348  3348 I wm_on_paused_called: [0,178129807,com.miui.home.launcher.Launcher,performPause,4]
12-21 19:06:09.681  3348  3396 D cccccc  : onTaskStackChangedBackground
12-21 19:06:09.693  3348  3396 D cccccc  : onTaskStackChangedBackground
12-21 19:06:09.748  3348  3396 D cccccc  : onTaskStackChangedBackground
12-21 19:06:09.751  3348  3746 D cccccc  : onTaskStackChangedBackground
12-21 19:06:09.786  3348  3686 I com.miui.home: CheckGCForNative adj_start_bytes: 32297052 NativeAllocationGcWatermark: 10477577 java_gc_start_bytes: 16580687 kNewNativeDiscountFactor: 2 kOldNativeDiscountFactor: 65536 old_native_bytes: 70484835 new_native_bytes: 392572 add_bytes_allowed: 31432731 is_gc_concurrent: 1 target_footprint_: 16711759 GetBytesAllocated: 8891067 HeapGrowthMultiplier: 3
12-21 19:06:09.786  3348  3686 I com.miui.home: CheckGCForNative gc_urgency 0.281401 current_native_bytes is 70877407
12-21 19:06:10.108  3348  3686 I com.miui.home: CheckGCForNative adj_start_bytes: 32297052 NativeAllocationGcWatermark: 10477577 java_gc_start_bytes: 16580687 kNewNativeDiscountFactor: 2 kOldNativeDiscountFactor: 65536 old_native_bytes: 70484835 new_native_bytes: 2348892 add_bytes_allowed: 31432731 is_gc_concurrent: 1 target_footprint_: 16711759 GetBytesAllocated: 9564977 HeapGrowthMultiplier: 3
12-21 19:06:10.108  3348  3686 I com.miui.home: CheckGCForNative gc_urgency 0.332554 current_native_bytes is 72833727
12-21 19:06:10.110  3348  3655 I com.miui.home: CheckGCForNative adj_start_bytes: 32297052 NativeAllocationGcWatermark: 10477577 java_gc_start_bytes: 16580687 kNewNativeDiscountFactor: 2 kOldNativeDiscountFactor: 65536 old_native_bytes: 70484835 new_native_bytes: 2350364 add_bytes_allowed: 31432731 is_gc_concurrent: 1 target_footprint_: 16711759 GetBytesAllocated: 9579851 HeapGrowthMultiplier: 3
12-21 19:06:10.110  3348  3655 I com.miui.home: CheckGCForNative gc_urgency 0.333037 current_native_bytes is 72835199
12-21 19:06:10.248  3348  3686 E cccccc  : createTaskSnapshot:
12-21 19:06:10.248  3348  3686 I cccccc  : getTaskSnapshotInstance:
12-21 19:06:10.252  3348  3686 E cccccc  : createTaskSnapshot:
12-21 19:06:10.252  3348  3686 I cccccc  : getTaskSnapshotInstance:
12-21 19:06:10.339  3348  3686 I com.miui.home: CheckGCForNative adj_start_bytes: 32297052 NativeAllocationGcWatermark: 10477577 java_gc_start_bytes: 16580687 kNewNativeDiscountFactor: 2 kOldNativeDiscountFactor: 65536 old_native_bytes: 70484835 new_native_bytes: 13779568 add_bytes_allowed: 31432731 is_gc_concurrent: 1 target_footprint_: 16711759 GetBytesAllocated: 9885915 HeapGrowthMultiplier: 3
12-21 19:06:10.339  3348  3686 I com.miui.home: CheckGCForNative gc_urgency 0.519452 current_native_bytes is 84264403
12-21 19:06:10.344  3348  3686 I com.miui.home: CheckGCForNative adj_start_bytes: 32297052 NativeAllocationGcWatermark: 10477577 java_gc_start_bytes: 16580687 kNewNativeDiscountFactor: 2 kOldNativeDiscountFactor: 65536 old_native_bytes: 70484835 new_native_bytes: 24484464 add_bytes_allowed: 31432731 is_gc_concurrent: 1 target_footprint_: 16711759 GetBytesAllocated: 9894404 HeapGrowthMultiplier: 3
12-21 19:06:10.344  3348  3686 I com.miui.home: CheckGCForNative gc_urgency 0.685441 current_native_bytes is 94969299
12-21 19:06:10.344  3348  3655 I com.miui.home: CheckGCForNative adj_start_bytes: 32297052 NativeAllocationGcWatermark: 10477577 java_gc_start_bytes: 16580687 kNewNativeDiscountFactor: 2 kOldNativeDiscountFactor: 65536 old_native_bytes: 70484835 new_native_bytes: 24484464 add_bytes_allowed: 31432731 is_gc_concurrent: 1 target_footprint_: 16711759 GetBytesAllocated: 9894404 HeapGrowthMultiplier: 3
12-21 19:06:10.344  3348  3655 I com.miui.home: CheckGCForNative gc_urgency 0.685441 current_native_bytes is 94969299
12-21 19:06:10.345  3348  3686 E cccccc  : createTaskSnapshot:
12-21 19:06:10.345  3348  3686 I cccccc  : getTaskSnapshotInstance:
12-21 19:06:10.392  3348  3686 I com.miui.home: CheckGCForNative adj_start_bytes: 32297052 NativeAllocationGcWatermark: 10477577 java_gc_start_bytes: 16580687 kNewNativeDiscountFactor: 2 kOldNativeDiscountFactor: 65536 old_native_bytes: 70484835 new_native_bytes: 24486512 add_bytes_allowed: 31432731 is_gc_concurrent: 1 target_footprint_: 16711759 GetBytesAllocated: 9916756 HeapGrowthMultiplier: 3
12-21 19:06:10.392  3348  3686 I com.miui.home: CheckGCForNative gc_urgency 0.686164 current_native_bytes is 94971347
12-21 19:06:10.396  3348  3686 I com.miui.home: CheckGCForNative adj_start_bytes: 32297052 NativeAllocationGcWatermark: 10477577 java_gc_start_bytes: 16580687 kNewNativeDiscountFactor: 2 kOldNativeDiscountFactor: 65536 old_native_bytes: 70484835 new_native_bytes: 35193456 add_bytes_allowed: 31432731 is_gc_concurrent: 1 target_footprint_: 16711759 GetBytesAllocated: 9925063 HeapGrowthMultiplier: 3
12-21 19:06:10.396  3348  3686 I com.miui.home: CheckGCForNative gc_urgency 0.852179 current_native_bytes is 105678291
12-21 19:06:10.396  3348  3686 E cccccc  : createTaskSnapshot:
12-21 19:06:10.396  3348  3686 I cccccc  : getTaskSnapshotInstance:
12-21 19:06:10.465  3348  3686 I com.miui.home: CheckGCForNative adj_start_bytes: 32297052 NativeAllocationGcWatermark: 10477577 java_gc_start_bytes: 16580687 kNewNativeDiscountFactor: 2 kOldNativeDiscountFactor: 65536 old_native_bytes: 70484835 new_native_bytes: 35177712 add_bytes_allowed: 31432731 is_gc_concurrent: 1 target_footprint_: 16711759 GetBytesAllocated: 9944296 HeapGrowthMultiplier: 3
12-21 19:06:10.465  3348  3686 I com.miui.home: CheckGCForNative gc_urgency 0.852531 current_native_bytes is 105662547
12-21 19:06:10.470  3348  3686 I com.miui.home: CheckGCForNative adj_start_bytes: 32297052 NativeAllocationGcWatermark: 10477577 java_gc_start_bytes: 16580687 kNewNativeDiscountFactor: 2 kOldNativeDiscountFactor: 65536 old_native_bytes: 70484835 new_native_bytes: 45888688 add_bytes_allowed: 31432731 is_gc_concurrent: 1 target_footprint_: 16711759 GetBytesAllocated: 9976517 HeapGrowthMultiplier: 3
12-21 19:06:10.470  3348  3686 I com.miui.home: CheckGCForNative gc_urgency 1.01935 current_native_bytes is 116373523
12-21 19:06:10.470  3348  3686 I com.miui.home: CheckGCForNative requested 1
12-21 19:06:10.705  3348  3389 I com.miui.home: NativeAlloc concurrent copying GC freed 33624(1518KB) AllocSpace objects, 3(124KB) LOS objects, 49% free, 8547KB/16MB, paused 203us,186us total 234.764ms
12-21 19:06:10.778  3348  3686 E cccccc  : createTaskSnapshot:
12-21 19:06:10.778  3348  3686 I cccccc  : getTaskSnapshotInstance:
12-21 19:06:11.000  3348  3348 I wm_on_resume_called: [0,178129807,com.miui.home.launcher.Launcher,RESUME_ACTIVITY,28]
12-21 19:06:11.007  3348  3348 I com.miui.home: CheckGCForNative gc_urgency 0 current_native_bytes is 103954271
12-21 19:06:11.017  3348  3348 I wm_on_idle_called: com.miui.home.launcher.Launcher
12-21 19:06:11.160  8408  8408 I wm_on_application_create_called: [0,com.autonavi.minimap,614]
12-21 19:06:11.171  8312  8312 I wm_on_application_create_called: [0,com.autonavi.minimap,1092]
12-21 19:06:11.179  3348  3746 I com.miui.home: CheckGCForNative adj_start_bytes: 32912775 NativeAllocationGcWatermark: 10576779 java_gc_start_bytes: 17047607 kNewNativeDiscountFactor: 2 kOldNativeDiscountFactor: 65536 old_native_bytes: 103954271 new_native_bytes: 10822668 add_bytes_allowed: 31730337 is_gc_concurrent: 1 target_footprint_: 17505374 GetBytesAllocated: 10093977 HeapGrowthMultiplier: 3
12-21 19:06:11.180  3348  3746 I com.miui.home: CheckGCForNative gc_urgency 0.471151 current_native_bytes is 114776939
12-21 19:06:11.181  3348  3746 I cccccc  : createTaskSnapshotCompat:
12-21 19:06:11.184  3348  3746 I com.miui.home: CheckGCForNative adj_start_bytes: 32912775 NativeAllocationGcWatermark: 10576779 java_gc_start_bytes: 17047607 kNewNativeDiscountFactor: 2 kOldNativeDiscountFactor: 65536 old_native_bytes: 103954271 new_native_bytes: 21529612 add_bytes_allowed: 31730337 is_gc_concurrent: 1 target_footprint_: 17505374 GetBytesAllocated: 10117759 HeapGrowthMultiplier: 3
12-21 19:06:11.184  3348  3746 I com.miui.home: CheckGCForNative gc_urgency 0.63453 current_native_bytes is 125483883
12-21 19:06:11.201  3348  8343 I com.miui.home: CheckGCForNative adj_start_bytes: 32912775 NativeAllocationGcWatermark: 10576779 java_gc_start_bytes: 17047607 kNewNativeDiscountFactor: 2 kOldNativeDiscountFactor: 65536 old_native_bytes: 103954271 new_native_bytes: 10827596 add_bytes_allowed: 31730337 is_gc_concurrent: 1 target_footprint_: 17505374 GetBytesAllocated: 10195949 HeapGrowthMultiplier: 3
12-21 19:06:11.201  3348  8343 I com.miui.home: CheckGCForNative gc_urgency 0.474324 current_native_bytes is 114781867
12-21 19:06:11.398  3348  3348 I wm_on_top_resumed_gained_called: [178129807,com.miui.home.launcher.Launcher,topStateChangedWhenResumed]
12-21 19:06:11.451  8312  8312 I wm_on_create_called: [0,100140066,com.autonavi.map.activity.SplashActivity,performCreate,247]
12-21 19:06:11.525  3348  3655 I com.miui.home: CheckGCForNative adj_start_bytes: 32912775 NativeAllocationGcWatermark: 10576779 java_gc_start_bytes: 17047607 kNewNativeDiscountFactor: 2 kOldNativeDiscountFactor: 65536 old_native_bytes: 103954271 new_native_bytes: 10879756 add_bytes_allowed: 31730337 is_gc_concurrent: 1 target_footprint_: 17505374 GetBytesAllocated: 10478635 HeapGrowthMultiplier: 3
12-21 19:06:11.525  3348  3655 I com.miui.home: CheckGCForNative gc_urgency 0.483706 current_native_bytes is 114834027
12-21 19:06:11.574  3348  3746 D cccccc  : onTaskStackChangedBackground
12-21 19:06:11.576  3348  3746 D cccccc  : onTaskStackChangedBackground
12-21 19:06:11.678  3348  3654 I com.miui.home: CheckGCForNative adj_start_bytes: 32912775 NativeAllocationGcWatermark: 10576779 java_gc_start_bytes: 17047607 kNewNativeDiscountFactor: 2 kOldNativeDiscountFactor: 65536 old_native_bytes: 103954271 new_native_bytes: 21723964 add_bytes_allowed: 31730337 is_gc_concurrent: 1 target_footprint_: 17505374 GetBytesAllocated: 10682246 HeapGrowthMultiplier: 3
12-21 19:06:11.678  3348  3654 I com.miui.home: CheckGCForNative gc_urgency 0.654634 current_native_bytes is 125678235
12-21 19:06:11.679  3348  3654 I cccccc  : createTaskSnapshotCompat:
12-21 19:06:11.683  3348  3654 I com.miui.home: CheckGCForNative adj_start_bytes: 32912775 NativeAllocationGcWatermark: 10576779 java_gc_start_bytes: 17047607 kNewNativeDiscountFactor: 2 kOldNativeDiscountFactor: 65536 old_native_bytes: 103954271 new_native_bytes: 32459452 add_bytes_allowed: 31730337 is_gc_concurrent: 1 target_footprint_: 17505374 GetBytesAllocated: 10706122 HeapGrowthMultiplier: 3
12-21 19:06:11.683  3348  3654 I com.miui.home: CheckGCForNative gc_urgency 0.818449 current_native_bytes is 136413723
12-21 19:06:11.723  8312  8312 I wm_on_create_called: [0,116779547,com.autonavi.map.activity.NewMapActivity,performCreate,234]
12-21 19:06:11.758  8312  8312 I wm_on_start_called: [0,116779547,com.autonavi.map.activity.NewMapActivity,handleStartActivity,35]
12-21 19:06:11.792  8312  8312 I wm_on_resume_called: [0,116779547,com.autonavi.map.activity.NewMapActivity,RESUME_ACTIVITY,29]
12-21 19:06:11.918  3348  3686 I com.miui.home: CheckGCForNative adj_start_bytes: 32912775 NativeAllocationGcWatermark: 10576779 java_gc_start_bytes: 17047607 kNewNativeDiscountFactor: 2 kOldNativeDiscountFactor: 65536 old_native_bytes: 103954271 new_native_bytes: 21919688 add_bytes_allowed: 31730337 is_gc_concurrent: 1 target_footprint_: 17505374 GetBytesAllocated: 11193031 HeapGrowthMultiplier: 3
12-21 19:06:11.918  3348  3686 I com.miui.home: CheckGCForNative gc_urgency 0.673126 current_native_bytes is 125873959
12-21 19:06:11.968  3348  3686 E cccccc  : createTaskSnapshot:
12-21 19:06:11.968  3348  3686 I cccccc  : getTaskSnapshotInstance:
12-21 19:06:11.980  3348  3348 I wm_on_top_resumed_lost_called: [178129807,com.miui.home.launcher.Launcher,topStateChangedWhenResumed]
12-21 19:06:11.984  8312  8312 I wm_on_destroy_called: [0,100140066,com.autonavi.map.activity.SplashActivity,performDestroy,2]
12-21 19:06:11.987  8312  8312 I wm_on_paused_called: [0,116779547,com.autonavi.map.activity.NewMapActivity,performPause,1]
12-21 19:06:12.005  3348  3348 I wm_on_paused_called: [0,178129807,com.miui.home.launcher.Launcher,performPause,2]
12-21 19:06:12.009  3348  3686 I com.miui.home: CheckGCForNative adj_start_bytes: 32912775 NativeAllocationGcWatermark: 10576779 java_gc_start_bytes: 17047607 kNewNativeDiscountFactor: 2 kOldNativeDiscountFactor: 65536 old_native_bytes: 103954271 new_native_bytes: 32615480 add_bytes_allowed: 31730337 is_gc_concurrent: 1 target_footprint_: 17505374 GetBytesAllocated: 11395846 HeapGrowthMultiplier: 3
12-21 19:06:12.009  3348  3686 I com.miui.home: CheckGCForNative gc_urgency 0.841776 current_native_bytes is 136569751
12-21 19:06:12.013  3348  3746 D cccccc  : onTaskStackChangedBackground
12-21 19:06:12.015  3348  3746 D cccccc  : onTaskStackChangedBackground
12-21 19:06:12.114  3348  4004 D cccccc  : onTaskStackChangedBackground
12-21 19:06:12.123  3348  4455 D cccccc  : onTaskStackChangedBackground
12-21 19:06:12.126  8312  8312 I wm_on_stop_called: [0,116779547,com.autonavi.map.activity.NewMapActivity,STOP_ACTIVITY_ITEM,5]
12-21 19:06:12.148  8312  8312 I wm_on_idle_called: com.autonavi.map.activity.NewMapActivity
12-21 19:06:12.425  3348  8343 I com.miui.home: CheckGCForNative adj_start_bytes: 32912775 NativeAllocationGcWatermark: 10576779 java_gc_start_bytes: 17047607 kNewNativeDiscountFactor: 2 kOldNativeDiscountFactor: 65536 old_native_bytes: 103954271 new_native_bytes: 22555288 add_bytes_allowed: 31730337 is_gc_concurrent: 1 target_footprint_: 17505374 GetBytesAllocated: 12117106 HeapGrowthMultiplier: 3
12-21 19:06:12.425  3348  8343 I com.miui.home: CheckGCForNative gc_urgency 0.710859 current_native_bytes is 126509559
12-21 19:06:12.565  3348  3686 E cccccc  : createTaskSnapshot:
12-21 19:06:12.565  3348  3686 I cccccc  : getTaskSnapshotInstance:
12-21 19:06:12.569  3348  3686 E cccccc  : createTaskSnapshot:
12-21 19:06:12.569  3348  3686 I cccccc  : getTaskSnapshotInstance:
12-21 19:06:12.570  3348  3686 I com.miui.home: CheckGCForNative adj_start_bytes: 32912775 NativeAllocationGcWatermark: 10576779 java_gc_start_bytes: 17047607 kNewNativeDiscountFactor: 2 kOldNativeDiscountFactor: 65536 old_native_bytes: 103954271 new_native_bytes: 33475404 add_bytes_allowed: 31730337 is_gc_concurrent: 1 target_footprint_: 17505374 GetBytesAllocated: 12367138 HeapGrowthMultiplier: 3
12-21 19:06:12.571  3348  3686 I com.miui.home: CheckGCForNative gc_urgency 0.88435 current_native_bytes is 137429675
12-21 19:06:12.695  3348  3655 I com.miui.home: CheckGCForNative adj_start_bytes: 32912775 NativeAllocationGcWatermark: 10576779 java_gc_start_bytes: 17047607 kNewNativeDiscountFactor: 2 kOldNativeDiscountFactor: 65536 old_native_bytes: 103954271 new_native_bytes: 22913868 add_bytes_allowed: 31730337 is_gc_concurrent: 1 target_footprint_: 17505374 GetBytesAllocated: 12608548 HeapGrowthMultiplier: 3
12-21 19:06:12.695  3348  3655 I com.miui.home: CheckGCForNative gc_urgency 0.731238 current_native_bytes is 126868139
12-21 19:06:12.736  8757  8757 I wm_on_create_called: [0,8370467,fm.qingting.qtradio.WelcomeActivity,performCreate,95]
12-21 19:06:12.737  8757  8757 I wm_on_start_called: [0,8370467,fm.qingting.qtradio.WelcomeActivity,handleStartActivity,1]
12-21 19:06:12.747  8757  8757 I wm_on_resume_called: [0,8370467,fm.qingting.qtradio.WelcomeActivity,RESUME_ACTIVITY,8]
12-21 19:06:12.806  8757  8757 I wm_on_top_resumed_gained_called: [8370467,fm.qingting.qtradio.WelcomeActivity,topStateChangedWhenResumed]
12-21 19:06:12.831  3348  3686 E cccccc  : createTaskSnapshot:
12-21 19:06:12.831  3348  3686 I cccccc  : getTaskSnapshotInstance:
12-21 19:06:12.919  3348  3348 I com.miui.home: CheckGCForNative adj_start_bytes: 32912775 NativeAllocationGcWatermark: 10576779 java_gc_start_bytes: 17047607 kNewNativeDiscountFactor: 2 kOldNativeDiscountFactor: 65536 old_native_bytes: 103954271 new_native_bytes: 23138512 add_bytes_allowed: 31730337 is_gc_concurrent: 1 target_footprint_: 17505374 GetBytesAllocated: 13086955 HeapGrowthMultiplier: 3
12-21 19:06:12.919  3348  3348 I com.miui.home: CheckGCForNative gc_urgency 0.749186 current_native_bytes is 127092783
12-21 19:06:13.142  3348  3348 I wm_on_stop_called: [0,178129807,com.miui.home.launcher.Launcher,STOP_ACTIVITY_ITEM,9]
12-21 19:06:13.325  8757  8757 I wm_on_idle_called: fm.qingting.qtradio.WelcomeActivity
12-21 19:06:13.516  3348  3348 I wm_on_restart_called: [0,178129807,com.miui.home.launcher.Launcher,,0]
12-21 19:06:13.518  3348  3348 I wm_on_start_called: [0,178129807,com.miui.home.launcher.Launcher,handleStartActivity,1]
12-21 19:06:13.542  3348  3348 I wm_on_resume_called: [0,178129807,com.miui.home.launcher.Launcher,RESUME_ACTIVITY,20]
12-21 19:06:13.595  3348  3619 I com.miui.home: CheckGCForNative adj_start_bytes: 32912775 NativeAllocationGcWatermark: 10576779 java_gc_start_bytes: 17047607 kNewNativeDiscountFactor: 2 kOldNativeDiscountFactor: 65536 old_native_bytes: 103954271 new_native_bytes: 23199244 add_bytes_allowed: 31730337 is_gc_concurrent: 1 target_footprint_: 17505374 GetBytesAllocated: 13686756 HeapGrowthMultiplier: 3
12-21 19:06:13.599  3348  3619 I com.miui.home: CheckGCForNative gc_urgency 0.768333 current_native_bytes is 127153515
12-21 19:06:13.621  3348  3348 I wm_on_idle_called: com.miui.home.launcher.Launcher
12-21 19:06:13.721  3348  3746 I com.miui.home: CheckGCForNative adj_start_bytes: 32912775 NativeAllocationGcWatermark: 10576779 java_gc_start_bytes: 17047607 kNewNativeDiscountFactor: 2 kOldNativeDiscountFactor: 65536 old_native_bytes: 103954271 new_native_bytes: 34040244 add_bytes_allowed: 31730337 is_gc_concurrent: 1 target_footprint_: 17505374 GetBytesAllocated: 14370658 HeapGrowthMultiplier: 3
12-21 19:06:13.722  3348  3746 I com.miui.home: CheckGCForNative gc_urgency 0.953805 current_native_bytes is 137994515
12-21 19:06:13.722  3348  3746 I cccccc  : createTaskSnapshotCompat:
12-21 19:06:13.723  3348  3746 I com.miui.home: CheckGCForNative adj_start_bytes: 32912775 NativeAllocationGcWatermark: 10576779 java_gc_start_bytes: 17047607 kNewNativeDiscountFactor: 2 kOldNativeDiscountFactor: 65536 old_native_bytes: 103954271 new_native_bytes: 44747380 add_bytes_allowed: 31730337 is_gc_concurrent: 1 target_footprint_: 17505374 GetBytesAllocated: 14378326 HeapGrowthMultiplier: 3
12-21 19:06:13.723  3348  3746 I com.miui.home: CheckGCForNative gc_urgency 1.1167 current_native_bytes is 148701651
12-21 19:06:13.723  3348  3746 I com.miui.home: CheckGCForNative requested 1
12-21 19:06:13.853  8757  8757 I wm_on_top_resumed_lost_called: [8370467,fm.qingting.qtradio.WelcomeActivity,topStateChangedWhenResumed]
12-21 19:06:13.886  3348  3348 I wm_on_top_resumed_gained_called: [178129807,com.miui.home.launcher.Launcher,topStateChangedWhenResumed]
12-21 19:06:13.963  3348  3389 I com.miui.home: NativeAlloc concurrent copying GC freed 129944(5408KB) AllocSpace objects, 6(312KB) LOS objects, 49% free, 8557KB/16MB, paused 204us,126us total 237.823ms
12-21 19:06:14.076  3348  3655 I com.miui.home: CheckGCForNative gc_urgency 0 current_native_bytes is 126754375
12-21 19:06:14.191  3348  3654 I com.miui.home: CheckGCForNative adj_start_bytes: 33151880 NativeAllocationGcWatermark: 10579317 java_gc_start_bytes: 17282905 kNewNativeDiscountFactor: 2 kOldNativeDiscountFactor: 65536 old_native_bytes: 126754375 new_native_bytes: 10713824 add_bytes_allowed: 31737951 is_gc_concurrent: 1 target_footprint_: 17525672 GetBytesAllocated: 8905941 HeapGrowthMultiplier: 3
12-21 19:06:14.191  3348  3654 I com.miui.home: CheckGCForNative gc_urgency 0.430286 current_native_bytes is 137468199
12-21 19:06:14.191  3348  3654 I cccccc  : createTaskSnapshotCompat:
12-21 19:06:14.195  3348  3654 I com.miui.home: CheckGCForNative adj_start_bytes: 33151880 NativeAllocationGcWatermark: 10579317 java_gc_start_bytes: 17282905 kNewNativeDiscountFactor: 2 kOldNativeDiscountFactor: 65536 old_native_bytes: 126754375 new_native_bytes: 21412896 add_bytes_allowed: 31737951 is_gc_concurrent: 1 target_footprint_: 17525672 GetBytesAllocated: 8906133 HeapGrowthMultiplier: 3
12-21 19:06:14.196  3348  3654 I com.miui.home: CheckGCForNative gc_urgency 0.591656 current_native_bytes is 148167271
12-21 19:06:14.197  8757  8757 I wm_on_paused_called: [0,8370467,fm.qingting.qtradio.WelcomeActivity,performPause,0]
12-21 19:06:14.278  8757  8757 I wm_on_stop_called: [0,8370467,fm.qingting.qtradio.WelcomeActivity,STOP_ACTIVITY_ITEM,2]
12-21 19:06:14.320  3348  4455 D cccccc  : onTaskStackChangedBackground
12-21 19:06:14.322  3348  4455 D cccccc  : onTaskStackChangedBackground
12-21 19:06:14.521  3348  3348 I wm_on_top_resumed_lost_called: [178129807,com.miui.home.launcher.Launcher,topStateChangedWhenResumed]
12-21 19:06:14.531  3348  3348 I wm_on_paused_called: [0,178129807,com.miui.home.launcher.Launcher,performPause,3]
12-21 19:06:14.604  3348  3746 D cccccc  : onTaskStackChangedBackground
12-21 19:06:14.606  3348  3746 D cccccc  : onTaskStackChangedBackground
12-21 19:06:14.637  3348  3746 D cccccc  : onTaskStackChangedBackground
12-21 19:06:14.640  3348  3746 D cccccc  : onTaskStackChangedBackground
12-21 19:06:14.811  3348  3746 I com.miui.home: CheckGCForNative adj_start_bytes: 33151880 NativeAllocationGcWatermark: 10579317 java_gc_start_bytes: 17282905 kNewNativeDiscountFactor: 2 kOldNativeDiscountFactor: 65536 old_native_bytes: 126754375 new_native_bytes: 10927592 add_bytes_allowed: 31737951 is_gc_concurrent: 1 target_footprint_: 17525672 GetBytesAllocated: 9949694 HeapGrowthMultiplier: 3
12-21 19:06:14.812  3348  3746 I com.miui.home: CheckGCForNative gc_urgency 0.464994 current_native_bytes is 137681967
12-21 19:06:14.889  3348  3655 I com.miui.home: CheckGCForNative adj_start_bytes: 33151880 NativeAllocationGcWatermark: 10579317 java_gc_start_bytes: 17282905 kNewNativeDiscountFactor: 2 kOldNativeDiscountFactor: 65536 old_native_bytes: 126754375 new_native_bytes: 12305080 add_bytes_allowed: 31737951 is_gc_concurrent: 1 target_footprint_: 17525672 GetBytesAllocated: 10136196 HeapGrowthMultiplier: 3
12-21 19:06:14.889  3348  3655 I com.miui.home: CheckGCForNative gc_urgency 0.491395 current_native_bytes is 139059455
12-21 19:06:14.969  3348  3686 E cccccc  : createTaskSnapshot:
12-21 19:06:14.969  3348  3686 I cccccc  : getTaskSnapshotInstance:
12-21 19:06:14.975  3348  3686 I com.miui.home: CheckGCForNative adj_start_bytes: 33151880 NativeAllocationGcWatermark: 10579317 java_gc_start_bytes: 17282905 kNewNativeDiscountFactor: 2 kOldNativeDiscountFactor: 65536 old_native_bytes: 126754375 new_native_bytes: 23563708 add_bytes_allowed: 31737951 is_gc_concurrent: 1 target_footprint_: 17525672 GetBytesAllocated: 10254031 HeapGrowthMultiplier: 3
12-21 19:06:14.975  3348  3686 I com.miui.home: CheckGCForNative gc_urgency 0.664753 current_native_bytes is 150318083
12-21 19:06:15.071  9093  9093 I wm_on_application_create_called: [0,com.xiaomi.bluetooth,462]
12-21 19:06:15.134  3348  3655 I com.miui.home: CheckGCForNative adj_start_bytes: 33151880 NativeAllocationGcWatermark: 10579317 java_gc_start_bytes: 17282905 kNewNativeDiscountFactor: 2 kOldNativeDiscountFactor: 65536 old_native_bytes: 126754375 new_native_bytes: 12862064 add_bytes_allowed: 31737951 is_gc_concurrent: 1 target_footprint_: 17525672 GetBytesAllocated: 10574868 HeapGrowthMultiplier: 3
12-21 19:06:15.134  3348  3655 I com.miui.home: CheckGCForNative gc_urgency 0.513028 current_native_bytes is 139616439
12-21 19:06:15.332  3348  3686 E cccccc  : createTaskSnapshot:
12-21 19:06:15.332  3348  3686 I cccccc  : getTaskSnapshotInstance:
12-21 19:06:16.025  3348  3654 I com.miui.home: CheckGCForNative adj_start_bytes: 33151880 NativeAllocationGcWatermark: 10579317 java_gc_start_bytes: 17282905 kNewNativeDiscountFactor: 2 kOldNativeDiscountFactor: 65536 old_native_bytes: 126754375 new_native_bytes: 12792204 add_bytes_allowed: 31737951 is_gc_concurrent: 1 target_footprint_: 17525672 GetBytesAllocated: 11206396 HeapGrowthMultiplier: 3
12-21 19:06:16.025  3348  3654 I com.miui.home: CheckGCForNative gc_urgency 0.531024 current_native_bytes is 139546579
12-21 19:06:16.118  3348  3348 I wm_on_resume_called: [0,178129807,com.miui.home.launcher.Launcher,RESUME_ACTIVITY,21]
12-21 19:06:16.135  3348  3348 I wm_on_idle_called: com.miui.home.launcher.Launcher
12-21 19:06:16.243  3348  4164 I com.miui.home: CheckGCForNative adj_start_bytes: 33151880 NativeAllocationGcWatermark: 10579317 java_gc_start_bytes: 17282905 kNewNativeDiscountFactor: 2 kOldNativeDiscountFactor: 65536 old_native_bytes: 126754375 new_native_bytes: 23731220 add_bytes_allowed: 31737951 is_gc_concurrent: 1 target_footprint_: 17525672 GetBytesAllocated: 11882494 HeapGrowthMultiplier: 3
12-21 19:06:16.244  3348  4164 I com.miui.home: CheckGCForNative gc_urgency 0.716401 current_native_bytes is 150485595
12-21 19:06:16.244  3348  4164 I cccccc  : createTaskSnapshotCompat:
12-21 19:06:16.248  3348  4164 I com.miui.home: CheckGCForNative adj_start_bytes: 33151880 NativeAllocationGcWatermark: 10579317 java_gc_start_bytes: 17282905 kNewNativeDiscountFactor: 2 kOldNativeDiscountFactor: 65536 old_native_bytes: 126754375 new_native_bytes: 34438196 add_bytes_allowed: 31737951 is_gc_concurrent: 1 target_footprint_: 17525672 GetBytesAllocated: 11904332 HeapGrowthMultiplier: 3
12-21 19:06:16.248  3348  4164 I com.miui.home: CheckGCForNative gc_urgency 0.878543 current_native_bytes is 161192571
12-21 19:06:16.255  3348  3641 I com.miui.home: CheckGCForNative adj_start_bytes: 33151880 NativeAllocationGcWatermark: 10579317 java_gc_start_bytes: 17282905 kNewNativeDiscountFactor: 2 kOldNativeDiscountFactor: 65536 old_native_bytes: 126754375 new_native_bytes: 23733780 add_bytes_allowed: 31737951 is_gc_concurrent: 1 target_footprint_: 17525672 GetBytesAllocated: 12047333 HeapGrowthMultiplier: 3
12-21 19:06:16.255  3348  3641 I com.miui.home: CheckGCForNative gc_urgency 0.721614 current_native_bytes is 150488155
12-21 19:06:16.379  9152  9152 I wm_on_application_create_called: [0,com.ss.android.ugc.aweme,612]
12-21 19:06:16.543  3348  3348 I wm_on_top_resumed_gained_called: [178129807,com.miui.home.launcher.Launcher,topStateChangedWhenResumed]
12-21 19:06:16.565  3348  3655 I com.miui.home: CheckGCForNative adj_start_bytes: 33151880 NativeAllocationGcWatermark: 10579317 java_gc_start_bytes: 17282905 kNewNativeDiscountFactor: 2 kOldNativeDiscountFactor: 65536 old_native_bytes: 126754375 new_native_bytes: 23805844 add_bytes_allowed: 31737951 is_gc_concurrent: 1 target_footprint_: 17525672 GetBytesAllocated: 12495072 HeapGrowthMultiplier: 3
12-21 19:06:16.565  3348  3655 I com.miui.home: CheckGCForNative gc_urgency 0.736004 current_native_bytes is 150560219
12-21 19:06:16.687  3348  3655 I com.miui.home: CheckGCForNative adj_start_bytes: 33151880 NativeAllocationGcWatermark: 10579317 java_gc_start_bytes: 17282905 kNewNativeDiscountFactor: 2 kOldNativeDiscountFactor: 65536 old_native_bytes: 126754375 new_native_bytes: 23828148 add_bytes_allowed: 31737951 is_gc_concurrent: 1 target_footprint_: 17525672 GetBytesAllocated: 12561622 HeapGrowthMultiplier: 3
12-21 19:06:16.687  3348  3655 I com.miui.home: CheckGCForNative gc_urgency 0.738348 current_native_bytes is 150582523
12-21 19:06:16.733  3348  3654 I cccccc  : createTaskSnapshotCompat:
12-21 19:06:17.075  9152  9152 I wm_on_create_called: [0,24097406,com.ss.android.ugc.aweme.splash.SplashActivity,performCreate,613]
12-21 19:06:17.108  3348  4004 D cccccc  : onTaskStackChangedBackground
12-21 19:06:17.109  3348  3348 I wm_on_top_resumed_lost_called: [178129807,com.miui.home.launcher.Launcher,topStateChangedWhenResumed]
12-21 19:06:17.109  3348  3746 D cccccc  : onTaskStackChangedBackground
12-21 19:06:17.229  3348  3348 I wm_on_paused_called: [0,178129807,com.miui.home.launcher.Launcher,performPause,3]
12-21 19:06:17.327  3348  3404 D cccccc  : onTaskStackChangedBackground
12-21 19:06:17.330  3348  3746 D cccccc  : onTaskStackChangedBackground
12-21 19:06:17.457  3348  3686 E cccccc  : createTaskSnapshot:
12-21 19:06:17.457  3348  3686 I cccccc  : getTaskSnapshotInstance:
12-21 19:06:17.465  3348  3686 I com.miui.home: CheckGCForNative adj_start_bytes: 33151880 NativeAllocationGcWatermark: 10579317 java_gc_start_bytes: 17282905 kNewNativeDiscountFactor: 2 kOldNativeDiscountFactor: 65536 old_native_bytes: 126754375 new_native_bytes: 35217056 add_bytes_allowed: 31737951 is_gc_concurrent: 1 target_footprint_: 17525672 GetBytesAllocated: 13742637 HeapGrowthMultiplier: 3
12-21 19:06:17.465  3348  3686 I com.miui.home: CheckGCForNative gc_urgency 0.945741 current_native_bytes is 161971431
12-21 19:06:17.489  3348  3585 E cccccc  : createTaskSnapshot:
12-21 19:06:17.489  3348  3585 I cccccc  : getTaskSnapshotInstance:
12-21 19:06:17.511  3348  3348 I com.miui.home: CheckGCForNative adj_start_bytes: 33151880 NativeAllocationGcWatermark: 10579317 java_gc_start_bytes: 17282905 kNewNativeDiscountFactor: 2 kOldNativeDiscountFactor: 65536 old_native_bytes: 126754375 new_native_bytes: 24812880 add_bytes_allowed: 31737951 is_gc_concurrent: 1 target_footprint_: 17525672 GetBytesAllocated: 13952560 HeapGrowthMultiplier: 3
12-21 19:06:17.511  3348  3348 I com.miui.home: CheckGCForNative gc_urgency 0.795157 current_native_bytes is 151567255
12-21 19:06:17.644  3348  3585 E cccccc  : createTaskSnapshot:
12-21 19:06:17.645  3348  3585 I cccccc  : getTaskSnapshotInstance:
12-21 19:06:17.745  3348  3655 I com.miui.home: CheckGCForNative adj_start_bytes: 33151880 NativeAllocationGcWatermark: 10579317 java_gc_start_bytes: 17282905 kNewNativeDiscountFactor: 2 kOldNativeDiscountFactor: 65536 old_native_bytes: 126754375 new_native_bytes: 25281100 add_bytes_allowed: 31737951 is_gc_concurrent: 1 target_footprint_: 17525672 GetBytesAllocated: 14581290 HeapGrowthMultiplier: 3
12-21 19:06:17.745  3348  3655 I com.miui.home: CheckGCForNative gc_urgency 0.821183 current_native_bytes is 152035475
12-21 19:06:18.001  3348  3655 I com.miui.home: CheckGCForNative adj_start_bytes: 33151880 NativeAllocationGcWatermark: 10579317 java_gc_start_bytes: 17282905 kNewNativeDiscountFactor: 2 kOldNativeDiscountFactor: 65536 old_native_bytes: 126754375 new_native_bytes: 25305044 add_bytes_allowed: 31737951 is_gc_concurrent: 1 target_footprint_: 17525672 GetBytesAllocated: 14666582 HeapGrowthMultiplier: 3
12-21 19:06:18.002  3348  3655 I com.miui.home: CheckGCForNative gc_urgency 0.824117 current_native_bytes is 152059419
12-21 19:06:18.182  9592  9592 I wm_on_create_called: [0,72724760,com.eg.android.AlipayGphone.AlipayLogin,performCreate,101]
12-21 19:06:18.188  9592  9592 I wm_on_start_called: [0,72724760,com.eg.android.AlipayGphone.AlipayLogin,handleStartActivity,6]
12-21 19:06:18.198  9592  9592 I wm_on_resume_called: [0,72724760,com.eg.android.AlipayGphone.AlipayLogin,RESUME_ACTIVITY,7]
12-21 19:06:18.225  9592  9592 I wm_on_top_resumed_gained_called: [72724760,com.eg.android.AlipayGphone.AlipayLogin,topStateChangedWhenResumed]
12-21 19:06:18.604  3348  3348 I wm_on_stop_called: [0,178129807,com.miui.home.launcher.Launcher,STOP_ACTIVITY_ITEM,4]
12-21 19:06:18.733  3348  3348 I wm_on_restart_called: [0,178129807,com.miui.home.launcher.Launcher,,0]
12-21 19:06:18.735  3348  3348 I wm_on_start_called: [0,178129807,com.miui.home.launcher.Launcher,handleStartActivity,2]
12-21 19:06:18.757  3348  3348 I wm_on_resume_called: [0,178129807,com.miui.home.launcher.Launcher,RESUME_ACTIVITY,19]
12-21 19:06:18.863  3348  3348 I wm_on_idle_called: com.miui.home.launcher.Launcher
12-21 19:06:18.913  3348  3404 I com.miui.home: CheckGCForNative adj_start_bytes: 33151880 NativeAllocationGcWatermark: 10579317 java_gc_start_bytes: 17282905 kNewNativeDiscountFactor: 2 kOldNativeDiscountFactor: 65536 old_native_bytes: 126754375 new_native_bytes: 25454104 add_bytes_allowed: 31737951 is_gc_concurrent: 1 target_footprint_: 17525672 GetBytesAllocated: 16124299 HeapGrowthMultiplier: 3
12-21 19:06:18.913  3348  3404 I com.miui.home: CheckGCForNative gc_urgency 0.870417 current_native_bytes is 152208479
12-21 19:06:18.926  3348  3404 I com.miui.home: CheckGCForNative adj_start_bytes: 33151880 NativeAllocationGcWatermark: 10579317 java_gc_start_bytes: 17282905 kNewNativeDiscountFactor: 2 kOldNativeDiscountFactor: 65536 old_native_bytes: 126754375 new_native_bytes: 36161752 add_bytes_allowed: 31737951 is_gc_concurrent: 1 target_footprint_: 17525672 GetBytesAllocated: 16156466 HeapGrowthMultiplier: 3
12-21 19:06:18.926  3348  3404 I com.miui.home: CheckGCForNative gc_urgency 1.0328 current_native_bytes is 162916127
12-21 19:06:18.926  3348  3404 I com.miui.home: CheckGCForNative requested 1
12-21 19:06:18.926  3348  3404 I cccccc  : createTaskSnapshotCompat:
12-21 19:06:18.929  3348  3404 I com.miui.home: CheckGCForNative adj_start_bytes: 33151880 NativeAllocationGcWatermark: 10579317 java_gc_start_bytes: 17282905 kNewNativeDiscountFactor: 2 kOldNativeDiscountFactor: 65536 old_native_bytes: 126754375 new_native_bytes: 46867928 add_bytes_allowed: 31737951 is_gc_concurrent: 1 target_footprint_: 17525672 GetBytesAllocated: 16156658 HeapGrowthMultiplier: 3
12-21 19:06:18.929  3348  3404 I com.miui.home: CheckGCForNative gc_urgency 1.19428 current_native_bytes is 173622303
12-21 19:06:18.929  3348  3404 I com.miui.home: CheckGCForNative requested 1
12-21 19:06:19.115  3348  3389 I com.miui.home: NativeAlloc concurrent copying GC freed 164416(6860KB) AllocSpace objects, 10(448KB) LOS objects, 49% free, 8602KB/16MB, paused 207us,27us total 188.791ms
12-21 19:06:19.209  3348  3348 I wm_on_top_resumed_gained_called: [178129807,com.miui.home.launcher.Launcher,topStateChangedWhenResumed]
12-21 19:06:19.238  3348  3655 I com.miui.home: CheckGCForNative gc_urgency 0 current_native_bytes is 128749463
12-21 19:06:19.420  3348  3654 I com.miui.home: CheckGCForNative adj_start_bytes: 33368658 NativeAllocationGcWatermark: 10590951 java_gc_start_bytes: 17482232 kNewNativeDiscountFactor: 2 kOldNativeDiscountFactor: 65536 old_native_bytes: 128749463 new_native_bytes: 10695024 add_bytes_allowed: 31772853 is_gc_concurrent: 1 target_footprint_: 17618750 GetBytesAllocated: 9026407 HeapGrowthMultiplier: 3
12-21 19:06:19.420  3348  3654 I com.miui.home: CheckGCForNative gc_urgency 0.43082 current_native_bytes is 139444487
12-21 19:06:19.421  3348  3654 I cccccc  : createTaskSnapshotCompat:
12-21 19:06:19.422  3348  3654 I com.miui.home: CheckGCForNative adj_start_bytes: 33368658 NativeAllocationGcWatermark: 10590951 java_gc_start_bytes: 17482232 kNewNativeDiscountFactor: 2 kOldNativeDiscountFactor: 65536 old_native_bytes: 128749463 new_native_bytes: 21401840 add_bytes_allowed: 31772853 is_gc_concurrent: 1 target_footprint_: 17618750 GetBytesAllocated: 9026599 HeapGrowthMultiplier: 3
12-21 19:06:19.422  3348  3654 I com.miui.home: CheckGCForNative gc_urgency 0.591258 current_native_bytes is 150151303
12-21 19:06:19.477  3348  3348 I com.miui.home: CheckGCForNative adj_start_bytes: 33368658 NativeAllocationGcWatermark: 10590951 java_gc_start_bytes: 17482232 kNewNativeDiscountFactor: 2 kOldNativeDiscountFactor: 65536 old_native_bytes: 128749463 new_native_bytes: 10702552 add_bytes_allowed: 31772853 is_gc_concurrent: 1 target_footprint_: 17618750 GetBytesAllocated: 9075751 HeapGrowthMultiplier: 3
12-21 19:06:19.477  3348  3348 I com.miui.home: CheckGCForNative gc_urgency 0.432411 current_native_bytes is 139452015
12-21 19:06:19.783  3348  3348 I wm_on_top_resumed_lost_called: [178129807,com.miui.home.launcher.Launcher,topStateChangedWhenResumed]
12-21 19:06:19.818  3348  3746 D cccccc  : onTaskStackChangedBackground
12-21 19:06:19.819  3348  3746 D cccccc  : onTaskStackChangedBackground
12-21 19:06:19.942  3348  3348 I wm_on_paused_called: [0,178129807,com.miui.home.launcher.Launcher,performPause,2]
12-21 19:06:20.045  3348  4004 D cccccc  : onTaskStackChangedBackground
12-21 19:06:20.049  3348  4004 D cccccc  : onTaskStackChangedBackground
12-21 19:06:20.140  3348  3686 E cccccc  : createTaskSnapshot:
12-21 19:06:20.140  3348  3686 I cccccc  : getTaskSnapshotInstance:
12-21 19:06:20.140  3348  3746 I com.miui.home: CheckGCForNative adj_start_bytes: 33368658 NativeAllocationGcWatermark: 10590951 java_gc_start_bytes: 17482232 kNewNativeDiscountFactor: 2 kOldNativeDiscountFactor: 65536 old_native_bytes: 128749463 new_native_bytes: 11649804 add_bytes_allowed: 31772853 is_gc_concurrent: 1 target_footprint_: 17618750 GetBytesAllocated: 10241457 HeapGrowthMultiplier: 3
12-21 19:06:20.141  3348  3746 I com.miui.home: CheckGCForNative gc_urgency 0.481539 current_native_bytes is 140399267
12-21 19:06:20.166  3348  3585 E cccccc  : createTaskSnapshot:
12-21 19:06:20.166  3348  3585 I cccccc  : getTaskSnapshotInstance:
12-21 19:06:20.169  3348  3585 I com.miui.home: CheckGCForNative adj_start_bytes: 33368658 NativeAllocationGcWatermark: 10590951 java_gc_start_bytes: 17482232 kNewNativeDiscountFactor: 2 kOldNativeDiscountFactor: 65536 old_native_bytes: 128749463 new_native_bytes: 22397340 add_bytes_allowed: 31772853 is_gc_concurrent: 1 target_footprint_: 17618750 GetBytesAllocated: 10347827 HeapGrowthMultiplier: 3
12-21 19:06:20.170  3348  3585 I com.miui.home: CheckGCForNative gc_urgency 0.645769 current_native_bytes is 151146803
12-21 19:06:20.213  3348  3585 I com.miui.home: CheckGCForNative adj_start_bytes: 33368658 NativeAllocationGcWatermark: 10590951 java_gc_start_bytes: 17482232 kNewNativeDiscountFactor: 2 kOldNativeDiscountFactor: 65536 old_native_bytes: 128749463 new_native_bytes: 37051132 add_bytes_allowed: 31772853 is_gc_concurrent: 1 target_footprint_: 17618750 GetBytesAllocated: 10444709 HeapGrowthMultiplier: 3
12-21 19:06:20.213  3348  3585 I com.miui.home: CheckGCForNative gc_urgency 0.868247 current_native_bytes is 165800595
12-21 19:06:20.214  3348  3585 I com.miui.home: CheckGCForNative adj_start_bytes: 33368658 NativeAllocationGcWatermark: 10590951 java_gc_start_bytes: 17482232 kNewNativeDiscountFactor: 2 kOldNativeDiscountFactor: 65536 old_native_bytes: 128749463 new_native_bytes: 25254652 add_bytes_allowed: 31772853 is_gc_concurrent: 1 target_footprint_: 17618750 GetBytesAllocated: 10448334 HeapGrowthMultiplier: 3
12-21 19:06:20.214  3348  3585 I com.miui.home: CheckGCForNative gc_urgency 0.691596 current_native_bytes is 154004115
12-21 19:06:20.235  3348  3585 I com.miui.home: CheckGCForNative adj_start_bytes: 33368658 NativeAllocationGcWatermark: 10590951 java_gc_start_bytes: 17482232 kNewNativeDiscountFactor: 2 kOldNativeDiscountFactor: 65536 old_native_bytes: 128749463 new_native_bytes: 26121836 add_bytes_allowed: 31772853 is_gc_concurrent: 1 target_footprint_: 17618750 GetBytesAllocated: 10485272 HeapGrowthMultiplier: 3
12-21 19:06:20.235  3348  3585 I com.miui.home: CheckGCForNative gc_urgency 0.705697 current_native_bytes is 154871299
12-21 19:06:20.321  9592  9592 I wm_on_top_resumed_lost_called: [72724760,com.eg.android.AlipayGphone.AlipayLogin,topStateChangedWhenResumed]
12-21 19:06:20.419  3348  3655 I com.miui.home: CheckGCForNative adj_start_bytes: 33368658 NativeAllocationGcWatermark: 10590951 java_gc_start_bytes: 17482232 kNewNativeDiscountFactor: 2 kOldNativeDiscountFactor: 65536 old_native_bytes: 128749463 new_native_bytes: 26245576 add_bytes_allowed: 31772853 is_gc_concurrent: 1 target_footprint_: 17618750 GetBytesAllocated: 10744307 HeapGrowthMultiplier: 3
12-21 19:06:20.419  3348  3655 I com.miui.home: CheckGCForNative gc_urgency 0.715314 current_native_bytes is 154995039
12-21 19:06:20.510  3348  3585 I com.miui.home: CheckGCForNative adj_start_bytes: 33368658 NativeAllocationGcWatermark: 10590951 java_gc_start_bytes: 17482232 kNewNativeDiscountFactor: 2 kOldNativeDiscountFactor: 65536 old_native_bytes: 128749463 new_native_bytes: 28072632 add_bytes_allowed: 31772853 is_gc_concurrent: 1 target_footprint_: 17618750 GetBytesAllocated: 10972403 HeapGrowthMultiplier: 3
12-21 19:06:20.510  3348  3585 I com.miui.home: CheckGCForNative gc_urgency 0.749526 current_native_bytes is 156822095
12-21 19:06:20.511  3348  3585 I com.miui.home: CheckGCForNative adj_start_bytes: 33368658 NativeAllocationGcWatermark: 10590951 java_gc_start_bytes: 17482232 kNewNativeDiscountFactor: 2 kOldNativeDiscountFactor: 65536 old_native_bytes: 128749463 new_native_bytes: 29523520 add_bytes_allowed: 31772853 is_gc_concurrent: 1 target_footprint_: 17618750 GetBytesAllocated: 10972403 HeapGrowthMultiplier: 3
12-21 19:06:20.511  3348  3585 I com.miui.home: CheckGCForNative gc_urgency 0.771267 current_native_bytes is 158272983
12-21 19:06:20.529  3348  3686 E cccccc  : createTaskSnapshot:
12-21 19:06:20.529  3348  3686 I cccccc  : getTaskSnapshotInstance:
12-21 19:06:20.584  3348  3585 I com.miui.home: CheckGCForNative adj_start_bytes: 33368658 NativeAllocationGcWatermark: 10590951 java_gc_start_bytes: 17482232 kNewNativeDiscountFactor: 2 kOldNativeDiscountFactor: 65536 old_native_bytes: 128749463 new_native_bytes: 40520960 add_bytes_allowed: 31772853 is_gc_concurrent: 1 target_footprint_: 17618750 GetBytesAllocated: 11013606 HeapGrowthMultiplier: 3
12-21 19:06:20.584  3348  3585 I com.miui.home: CheckGCForNative gc_urgency 0.937288 current_native_bytes is 169270423
12-21 19:06:20.641  3348  3655 I com.miui.home: CheckGCForNative adj_start_bytes: 33368658 NativeAllocationGcWatermark: 10590951 java_gc_start_bytes: 17482232 kNewNativeDiscountFactor: 2 kOldNativeDiscountFactor: 65536 old_native_bytes: 128749463 new_native_bytes: 40527744 add_bytes_allowed: 31772853 is_gc_concurrent: 1 target_footprint_: 17618750 GetBytesAllocated: 11063449 HeapGrowthMultiplier: 3
12-21 19:06:20.641  3348  3655 I com.miui.home: CheckGCForNative gc_urgency 0.938884 current_native_bytes is 169277207
12-21 19:06:20.667 10141 10141 I wm_on_create_called: [0,148767145,com.xunmeng.pinduoduo.ui.activity.MainFrameActivity,performCreate,108]
12-21 19:06:20.783  9592  9592 I wm_on_paused_called: [0,72724760,com.eg.android.AlipayGphone.AlipayLogin,performPause,29]
12-21 19:06:20.810  3348  3348 I wm_on_stop_called: [0,178129807,com.miui.home.launcher.Launcher,STOP_ACTIVITY_ITEM,18]
12-21 19:06:20.993 10141 10141 I wm_on_create_called: [0,223194225,com.xunmeng.pinduoduo.ui.activity.HomeActivity,performCreate,40]
12-21 19:06:21.006  3348  3746 D cccccc  : onTaskStackChangedBackground
12-21 19:06:21.010  3348  3746 D cccccc  : onTaskStackChangedBackground
12-21 19:06:21.010 10141 10141 I wm_on_start_called: [0,223194225,com.xunmeng.pinduoduo.ui.activity.HomeActivity,handleStartActivity,17]
12-21 19:06:21.067 10141 10141 I wm_on_resume_called: [0,223194225,com.xunmeng.pinduoduo.ui.activity.HomeActivity,RESUME_ACTIVITY,35]
12-21 19:06:21.097  3348  3686 I com.miui.home: CheckGCForNative adj_start_bytes: 33368658 NativeAllocationGcWatermark: 10590951 java_gc_start_bytes: 17482232 kNewNativeDiscountFactor: 2 kOldNativeDiscountFactor: 65536 old_native_bytes: 128749463 new_native_bytes: 40337652 add_bytes_allowed: 31772853 is_gc_concurrent: 1 target_footprint_: 17618750 GetBytesAllocated: 11532170 HeapGrowthMultiplier: 3
12-21 19:06:21.097  3348  3686 I com.miui.home: CheckGCForNative gc_urgency 0.950082 current_native_bytes is 169087115
12-21 19:06:21.123 10141 10141 I wm_on_top_resumed_gained_called: [223194225,com.xunmeng.pinduoduo.ui.activity.HomeActivity,topStateChangedWhenResumed]
12-21 19:06:21.230  3348  3348 I wm_on_restart_called: [0,178129807,com.miui.home.launcher.Launcher,,0]
12-21 19:06:21.232  3348  3348 I wm_on_start_called: [0,178129807,com.miui.home.launcher.Launcher,handleStartActivity,1]
12-21 19:06:21.263  3348  3348 I wm_on_resume_called: [0,178129807,com.miui.home.launcher.Launcher,RESUME_ACTIVITY,30]
12-21 19:06:21.376  3348  3348 I wm_on_idle_called: com.miui.home.launcher.Launcher
12-21 19:06:21.425  3348  3686 E cccccc  : createTaskSnapshot:
12-21 19:06:21.425  3348  3686 I cccccc  : getTaskSnapshotInstance:
12-21 19:06:21.517  3348  3746 I com.miui.home: CheckGCForNative adj_start_bytes: 33368658 NativeAllocationGcWatermark: 10590951 java_gc_start_bytes: 17482232 kNewNativeDiscountFactor: 2 kOldNativeDiscountFactor: 65536 old_native_bytes: 128749463 new_native_bytes: 51674952 add_bytes_allowed: 31772853 is_gc_concurrent: 1 target_footprint_: 17618750 GetBytesAllocated: 13375322 HeapGrowthMultiplier: 3
12-21 19:06:21.518  3348  3746 I com.miui.home: CheckGCForNative gc_urgency 1.1752 current_native_bytes is 180424415
12-21 19:06:21.518  3348  3746 I com.miui.home: CheckGCForNative requested 1
12-21 19:06:21.520  3348  3746 I cccccc  : createTaskSnapshotCompat:
12-21 19:06:21.524  3348  3746 I com.miui.home: CheckGCForNative adj_start_bytes: 33368658 NativeAllocationGcWatermark: 10590951 java_gc_start_bytes: 17482232 kNewNativeDiscountFactor: 2 kOldNativeDiscountFactor: 65536 old_native_bytes: 128749463 new_native_bytes: 62369896 add_bytes_allowed: 31772853 is_gc_concurrent: 1 target_footprint_: 17618750 GetBytesAllocated: 13378266 HeapGrowthMultiplier: 3
12-21 19:06:21.524  3348  3746 I com.miui.home: CheckGCForNative gc_urgency 1.33554 current_native_bytes is 191119359
12-21 19:06:21.524  3348  3746 I com.miui.home: CheckGCForNative requested 1
12-21 19:06:21.666  3348  3655 I com.miui.home: CheckGCForNative adj_start_bytes: 33368658 NativeAllocationGcWatermark: 10590951 java_gc_start_bytes: 17482232 kNewNativeDiscountFactor: 2 kOldNativeDiscountFactor: 65536 old_native_bytes: 128749463 new_native_bytes: 51746172 add_bytes_allowed: 31772853 is_gc_concurrent: 1 target_footprint_: 17618750 GetBytesAllocated: 13619995 HeapGrowthMultiplier: 3
12-21 19:06:21.666  3348  3655 I com.miui.home: CheckGCForNative gc_urgency 1.1836 current_native_bytes is 180495635
12-21 19:06:21.666  3348  3655 I com.miui.home: CheckGCForNative requested 1
12-21 19:06:21.718  3348  3348 I wm_on_top_resumed_gained_called: [178129807,com.miui.home.launcher.Launcher,topStateChangedWhenResumed]
12-21 19:06:21.774  9592  9592 I wm_on_stop_called: [0,72724760,com.eg.android.AlipayGphone.AlipayLogin,STOP_ACTIVITY_ITEM,5]
12-21 19:06:21.791 10141 10141 I wm_on_top_resumed_lost_called: [223194225,com.xunmeng.pinduoduo.ui.activity.HomeActivity,topStateChangedWhenResumed]
12-21 19:06:21.923  3348  3655 I com.miui.home: CheckGCForNative adj_start_bytes: 33368658 NativeAllocationGcWatermark: 10590951 java_gc_start_bytes: 17482232 kNewNativeDiscountFactor: 2 kOldNativeDiscountFactor: 65536 old_native_bytes: 128749463 new_native_bytes: 51919100 add_bytes_allowed: 31772853 is_gc_concurrent: 1 target_footprint_: 17618750 GetBytesAllocated: 13929977 HeapGrowthMultiplier: 3
12-21 19:06:21.923  3348  3655 I com.miui.home: CheckGCForNative gc_urgency 1.19548 current_native_bytes is 180668563
12-21 19:06:21.923  3348  3655 I com.miui.home: CheckGCForNative requested 1
12-21 19:06:21.993  3348  3655 I com.miui.home: CheckGCForNative adj_start_bytes: 33368658 NativeAllocationGcWatermark: 10590951 java_gc_start_bytes: 17482232 kNewNativeDiscountFactor: 2 kOldNativeDiscountFactor: 65536 old_native_bytes: 128749463 new_native_bytes: 51849284 add_bytes_allowed: 31772853 is_gc_concurrent: 1 target_footprint_: 17618750 GetBytesAllocated: 14020858 HeapGrowthMultiplier: 3
12-21 19:06:21.993  3348  3655 I com.miui.home: CheckGCForNative gc_urgency 1.19716 current_native_bytes is 180598747
12-21 19:06:21.993  3348  3655 I com.miui.home: CheckGCForNative requested 1
12-21 19:06:22.034  3348  3654 I com.miui.home: CheckGCForNative adj_start_bytes: 33368658 NativeAllocationGcWatermark: 10590951 java_gc_start_bytes: 17482232 kNewNativeDiscountFactor: 2 kOldNativeDiscountFactor: 65536 old_native_bytes: 128749463 new_native_bytes: 62560692 add_bytes_allowed: 31772853 is_gc_concurrent: 1 target_footprint_: 17618750 GetBytesAllocated: 14138820 HeapGrowthMultiplier: 3
12-21 19:06:22.034  3348  3654 I com.miui.home: CheckGCForNative gc_urgency 1.36119 current_native_bytes is 191310155
12-21 19:06:22.034  3348  3654 I com.miui.home: CheckGCForNative requested 1
12-21 19:06:22.034  3348  3654 I cccccc  : createTaskSnapshotCompat:
12-21 19:06:22.038  3348  3654 I com.miui.home: CheckGCForNative adj_start_bytes: 33368658 NativeAllocationGcWatermark: 10590951 java_gc_start_bytes: 17482232 kNewNativeDiscountFactor: 2 kOldNativeDiscountFactor: 65536 old_native_bytes: 128749463 new_native_bytes: 73267956 add_bytes_allowed: 31772853 is_gc_concurrent: 1 target_footprint_: 17618750 GetBytesAllocated: 14139012 HeapGrowthMultiplier: 3
12-21 19:06:22.038  3348  3654 I com.miui.home: CheckGCForNative gc_urgency 1.52164 current_native_bytes is 202017419
12-21 19:06:22.038  3348  3654 I com.miui.home: CheckGCForNative requested 1
12-21 19:06:22.113  3348  3686 E cccccc  : createTaskSnapshot:
12-21 19:06:22.113  3348  3686 I cccccc  : getTaskSnapshotInstance:
12-21 19:06:22.123 10141 10141 I wm_on_paused_called: [0,223194225,com.xunmeng.pinduoduo.ui.activity.HomeActivity,performPause,26]
12-21 19:06:22.170  3348  3389 I com.miui.home: NativeAlloc concurrent copying GC freed 112325(4957KB) AllocSpace objects, 6(240KB) LOS objects, 49% free, 8738KB/17MB, paused 3.222ms,29us total 651.617ms
12-21 19:06:22.282  9592  9592 I wm_on_idle_called: com.eg.android.AlipayGphone.AlipayLogin
12-21 19:06:22.300 10141 10141 I wm_on_destroy_called: [0,148767145,com.xunmeng.pinduoduo.ui.activity.MainFrameActivity,performDestroy,7]
12-21 19:06:22.350  3348  3686 I com.miui.home: CheckGCForNative gc_urgency 0 current_native_bytes is 153038119
12-21 19:06:22.358  3348  3348 I wm_on_top_resumed_lost_called: [178129807,com.miui.home.launcher.Launcher,topStateChangedWhenResumed]
12-21 19:06:22.362  3348  3348 I wm_on_paused_called: [0,178129807,com.miui.home.launcher.Launcher,performPause,2]
12-21 19:06:22.403 10141 10141 I wm_on_stop_called: [0,223194225,com.xunmeng.pinduoduo.ui.activity.HomeActivity,STOP_ACTIVITY_ITEM,98]
12-21 19:06:22.573  3348  4164 D cccccc  : onTaskStackChangedBackground
