12-22 19:27:30.772  3313  3534 I com.miui.home: CheckGCForNative adj_start_bytes: 32946299 NativeAllocationGcWatermark: 10545919 java_gc_start_bytes: 17127421 kNewNativeDiscountFactor: 2 kOldNativeDiscountFactor: 65536 old_native_bytes: 129601839 new_native_bytes: 26279764 add_bytes_allowed: 31637757 is_gc_concurrent: 1 target_footprint_: 17258493 GetBytesAllocated: 11860706 HeapGrowthMultiplier: 3
12-22 19:27:30.772  3313  3534 I com.miui.home: CheckGCForNative gc_urgency 0.758888 current_native_bytes is 155881603 starting_gc_num:35
12-22 19:27:30.772  3313  3534 I com.miui.home: CheckGCForNative adj_start_bytes: 32946299 NativeAllocationGcWatermark: 10545919 java_gc_start_bytes: 17127421 kNewNativeDiscountFactor: 2 kOldNativeDiscountFactor: 65536 old_native_bytes: 129601839 new_native_bytes: 14483284 add_bytes_allowed: 31637757 is_gc_concurrent: 1 target_footprint_: 17258493 GetBytesAllocated: 11860706 HeapGrowthMultiplier: 3
12-22 19:27:30.772  3313  3534 I com.miui.home: CheckGCForNative gc_urgency 0.579862 current_native_bytes is 144085123 starting_gc_num:35
12-22 19:27:30.786  3313  3534 I com.miui.home: CheckGCForNative adj_start_bytes: 32946299 NativeAllocationGcWatermark: 10545919 java_gc_start_bytes: 17127421 kNewNativeDiscountFactor: 2 kOldNativeDiscountFactor: 65536 old_native_bytes: 129601839 new_native_bytes: 15314900 add_bytes_allowed: 31637757 is_gc_concurrent: 1 target_footprint_: 17258493 GetBytesAllocated: 11911910 HeapGrowthMultiplier: 3
12-22 19:27:30.786  3313  3534 I com.miui.home: CheckGCForNative gc_urgency 0.594037 current_native_bytes is 144916739 starting_gc_num:35
12-22 19:27:30.833  3313  3719 I com.miui.home: CheckGCForNative adj_start_bytes: 32946299 NativeAllocationGcWatermark: 10545919 java_gc_start_bytes: 17127421 kNewNativeDiscountFactor: 2 kOldNativeDiscountFactor: 65536 old_native_bytes: 129601839 new_native_bytes: 15356368 add_bytes_allowed: 31637757 is_gc_concurrent: 1 target_footprint_: 17258493 GetBytesAllocated: 11993942 HeapGrowthMultiplier: 3
12-22 19:27:30.833  3313  3719 I com.miui.home: CheckGCForNative gc_urgency 0.597157 current_native_bytes is 144958207 starting_gc_num:35
12-22 19:27:30.856  3313  3592 I com.miui.home: CheckGCForNative adj_start_bytes: 32946299 NativeAllocationGcWatermark: 10545919 java_gc_start_bytes: 17127421 kNewNativeDiscountFactor: 2 kOldNativeDiscountFactor: 65536 old_native_bytes: 129601839 new_native_bytes: 15395176 add_bytes_allowed: 31637757 is_gc_concurrent: 1 target_footprint_: 17258493 GetBytesAllocated: 12035066 HeapGrowthMultiplier: 3
12-22 19:27:30.856  3313  3592 I com.miui.home: CheckGCForNative gc_urgency 0.598994 current_native_bytes is 144997015 starting_gc_num:35
12-22 19:27:31.056  3313  3719 E cccccc  : createTaskSnapshot:
12-22 19:27:31.056  3313  3719 I cccccc  : getTaskSnapshotInstance:
12-22 19:27:31.099  3313  3534 I com.miui.home: CheckGCForNative adj_start_bytes: 32946299 NativeAllocationGcWatermark: 10545919 java_gc_start_bytes: 17127421 kNewNativeDiscountFactor: 2 kOldNativeDiscountFactor: 65536 old_native_bytes: 129601839 new_native_bytes: 16887072 add_bytes_allowed: 31637757 is_gc_concurrent: 1 target_footprint_: 17258493 GetBytesAllocated: 12373285 HeapGrowthMultiplier: 3
12-22 19:27:31.099  3313  3534 I com.miui.home: CheckGCForNative gc_urgency 0.631901 current_native_bytes is 146488911 starting_gc_num:35
12-22 19:27:31.099  3313  3534 I com.miui.home: CheckGCForNative adj_start_bytes: 32946299 NativeAllocationGcWatermark: 10545919 java_gc_start_bytes: 17127421 kNewNativeDiscountFactor: 2 kOldNativeDiscountFactor: 65536 old_native_bytes: 129601839 new_native_bytes: 18337960 add_bytes_allowed: 31637757 is_gc_concurrent: 1 target_footprint_: 17258493 GetBytesAllocated: 12373285 HeapGrowthMultiplier: 3
12-22 19:27:31.099  3313  3534 I com.miui.home: CheckGCForNative gc_urgency 0.65392 current_native_bytes is 147939799 starting_gc_num:35
12-22 19:27:31.107  3313  3534 I com.miui.home: CheckGCForNative adj_start_bytes: 32946299 NativeAllocationGcWatermark: 10545919 java_gc_start_bytes: 17127421 kNewNativeDiscountFactor: 2 kOldNativeDiscountFactor: 65536 old_native_bytes: 129601839 new_native_bytes: 29363608 add_bytes_allowed: 31637757 is_gc_concurrent: 1 target_footprint_: 17258493 GetBytesAllocated: 12378367 HeapGrowthMultiplier: 3
12-22 19:27:31.107  3313  3534 I com.miui.home: CheckGCForNative gc_urgency 0.821402 current_native_bytes is 158965447 starting_gc_num:35
12-22 19:27:31.429 10741 10741 I wm_on_application_create_called: [0,com.smile.gifmaker,651]
12-22 19:27:31.621 10741 10741 I wm_on_create_called: [0,267943449,com.yxcorp.gifshow.HomeActivity,performCreate,172]
12-22 19:27:31.779 10741 10741 I wm_on_start_called: [0,267943449,com.yxcorp.gifshow.HomeActivity,handleStartActivity,154]
12-22 19:27:32.017  3313  3313 I wm_on_resume_called: [0,3857435,com.miui.home.launcher.Launcher,RESUME_ACTIVITY,20]
12-22 19:27:32.018 10741 10741 I wm_on_resume_called: [0,267943449,com.yxcorp.gifshow.HomeActivity,RESUME_ACTIVITY,94]
12-22 19:27:32.035  3313  3313 I wm_on_idle_called: com.miui.home.launcher.Launcher
12-22 19:27:32.304  3313  7754 I com.miui.home: CheckGCForNative adj_start_bytes: 32946299 NativeAllocationGcWatermark: 10545919 java_gc_start_bytes: 17127421 kNewNativeDiscountFactor: 2 kOldNativeDiscountFactor: 65536 old_native_bytes: 129601839 new_native_bytes: 40394076 add_bytes_allowed: 31637757 is_gc_concurrent: 1 target_footprint_: 17258493 GetBytesAllocated: 13917318 HeapGrowthMultiplier: 3
12-22 19:27:32.304  3313  7754 I com.miui.home: CheckGCForNative gc_urgency 1.03551 current_native_bytes is 169995915 starting_gc_num:35
12-22 19:27:32.304  3313  7754 I com.miui.home: CheckGCForNative requested 1
12-22 19:27:32.304  3313  7754 I cccccc  : createTaskSnapshotCompat:
12-22 19:27:32.305  3313  7754 I com.miui.home: CheckGCForNative adj_start_bytes: 32946299 NativeAllocationGcWatermark: 10545919 java_gc_start_bytes: 17127421 kNewNativeDiscountFactor: 2 kOldNativeDiscountFactor: 65536 old_native_bytes: 129601839 new_native_bytes: 51101052 add_bytes_allowed: 31637757 is_gc_concurrent: 1 target_footprint_: 17258493 GetBytesAllocated: 13928773 HeapGrowthMultiplier: 3
12-22 19:27:32.305  3313  7754 I com.miui.home: CheckGCForNative gc_urgency 1.19835 current_native_bytes is 180702891 starting_gc_num:35
12-22 19:27:32.305  3313  7754 I com.miui.home: CheckGCForNative requested 1
12-22 19:27:32.359  3313  3362 I cccccc  : getTaskSnapshot:
12-22 19:27:32.361  3313  3362 I com.miui.home: CheckGCForNative adj_start_bytes: 32946299 NativeAllocationGcWatermark: 10545919 java_gc_start_bytes: 17127421 kNewNativeDiscountFactor: 2 kOldNativeDiscountFactor: 65536 old_native_bytes: 129601839 new_native_bytes: 51164508 add_bytes_allowed: 31637757 is_gc_concurrent: 1 target_footprint_: 17258493 GetBytesAllocated: 13982163 HeapGrowthMultiplier: 3
12-22 19:27:32.362  3313  3362 I com.miui.home: CheckGCForNative gc_urgency 1.20094 current_native_bytes is 180766347 starting_gc_num:35
12-22 19:27:32.362  3313  3362 I com.miui.home: CheckGCForNative requested 1
12-22 19:27:32.365  3313  3313 I cccccc  : createTaskSnapshotCompat:
12-22 19:27:32.395 10741 10741 I wm_on_top_resumed_gained_called: [267943449,com.yxcorp.gifshow.HomeActivity,topStateChangedWhenResumed]
12-22 19:27:32.432  3313  3592 I com.miui.home: CheckGCForNative adj_start_bytes: 32946299 NativeAllocationGcWatermark: 10545919 java_gc_start_bytes: 17127421 kNewNativeDiscountFactor: 2 kOldNativeDiscountFactor: 65536 old_native_bytes: 129601839 new_native_bytes: 40466204 add_bytes_allowed: 31637757 is_gc_concurrent: 1 target_footprint_: 17258493 GetBytesAllocated: 14003030 HeapGrowthMultiplier: 3
12-22 19:27:32.432  3313  3592 I com.miui.home: CheckGCForNative gc_urgency 1.03921 current_native_bytes is 170068043 starting_gc_num:35
12-22 19:27:32.432  3313  3592 I com.miui.home: CheckGCForNative requested 1
12-22 19:27:32.447  3313  3313 I wm_on_top_resumed_gained_called: [3857435,com.miui.home.launcher.Launcher,topStateChangedWhenResumed]
12-22 19:27:32.588  3313  3592 I com.miui.home: CheckGCForNative adj_start_bytes: 32946299 NativeAllocationGcWatermark: 10545919 java_gc_start_bytes: 17127421 kNewNativeDiscountFactor: 2 kOldNativeDiscountFactor: 65536 old_native_bytes: 129601839 new_native_bytes: 40467708 add_bytes_allowed: 31637757 is_gc_concurrent: 1 target_footprint_: 17258493 GetBytesAllocated: 14082518 HeapGrowthMultiplier: 3
12-22 19:27:32.588  3313  3592 I com.miui.home: CheckGCForNative gc_urgency 1.04164 current_native_bytes is 170069547 starting_gc_num:35
12-22 19:27:32.588  3313  3592 I com.miui.home: CheckGCForNative requested 1
12-22 19:27:32.613 10741 10741 I wm_on_top_resumed_lost_called: [267943449,com.yxcorp.gifshow.HomeActivity,topStateChangedWhenResumed]
12-22 19:27:32.784  3313  3589 I com.miui.home: CheckGCForNative adj_start_bytes: 32946299 NativeAllocationGcWatermark: 10545919 java_gc_start_bytes: 17127421 kNewNativeDiscountFactor: 2 kOldNativeDiscountFactor: 65536 old_native_bytes: 129601839 new_native_bytes: 51151708 add_bytes_allowed: 31637757 is_gc_concurrent: 1 target_footprint_: 17258493 GetBytesAllocated: 14222054 HeapGrowthMultiplier: 3
12-22 19:27:32.784  3313  3589 I com.miui.home: CheckGCForNative gc_urgency 1.20802 current_native_bytes is 180753547 starting_gc_num:35
12-22 19:27:32.784  3313  3589 I com.miui.home: CheckGCForNative requested 1
12-22 19:27:32.784  3313  3589 I cccccc  : createTaskSnapshotCompat:
12-22 19:27:32.785  3313  3362 I cccccc  : getTaskSnapshot:
12-22 19:27:32.785  3313  3362 I com.miui.home: CheckGCForNative adj_start_bytes: 32946299 NativeAllocationGcWatermark: 10545919 java_gc_start_bytes: 17127421 kNewNativeDiscountFactor: 2 kOldNativeDiscountFactor: 65536 old_native_bytes: 129601839 new_native_bytes: 61839196 add_bytes_allowed: 31637757 is_gc_concurrent: 1 target_footprint_: 17258493 GetBytesAllocated: 14238630 HeapGrowthMultiplier: 3
12-22 19:27:32.785  3313  3362 I com.miui.home: CheckGCForNative gc_urgency 1.37072 current_native_bytes is 191441035 starting_gc_num:35
12-22 19:27:32.785  3313  3362 I com.miui.home: CheckGCForNative requested 1
12-22 19:27:32.786  3313  3589 I com.miui.home: CheckGCForNative adj_start_bytes: 32946299 NativeAllocationGcWatermark: 10545919 java_gc_start_bytes: 17127421 kNewNativeDiscountFactor: 2 kOldNativeDiscountFactor: 65536 old_native_bytes: 129601839 new_native_bytes: 72544540 add_bytes_allowed: 31637757 is_gc_concurrent: 1 target_footprint_: 17258493 GetBytesAllocated: 14238822 HeapGrowthMultiplier: 3
12-22 19:27:32.786  3313  3589 I com.miui.home: CheckGCForNative gc_urgency 1.53319 current_native_bytes is 202146379 starting_gc_num:35
12-22 19:27:32.786  3313  3589 I com.miui.home: CheckGCForNative requested 1
12-22 19:27:32.787  3313  3313 I cccccc  : createTaskSnapshotCompat:
12-22 19:27:32.920  3313  3349 I com.miui.home: NativeAlloc concurrent copying GC freed 114762(4859KB) AllocSpace objects, 10(376KB) LOS objects, 50% free, 8717KB/17MB, paused 911us,25us total 616.480ms
12-22 19:27:32.934 11112 11112 I wm_on_application_create_called: [0,com.android.providers.downloads.ui,895]
12-22 19:27:33.069  3313  3529 I com.miui.home: CheckGCForNative gc_urgency 0 current_native_bytes is 143309899 starting_gc_num:36
12-22 19:27:33.148  3313  3313 I wm_on_top_resumed_lost_called: [3857435,com.miui.home.launcher.Launcher,topStateChangedWhenResumed]
12-22 19:27:33.156  3313  7754 D cccccc  : onTaskStackChangedBackground
12-22 19:27:33.157  3313  7754 D cccccc  : onTaskStackChangedBackground
12-22 19:27:33.358  3313  3313 I wm_on_paused_called: [0,3857435,com.miui.home.launcher.Launcher,performPause,2]
12-22 19:27:33.450  3313  4026 D cccccc  : onTaskStackChangedBackground
12-22 19:27:33.456  3313  4026 D cccccc  : onTaskStackChangedBackground
12-22 19:27:33.545  3313  3719 E cccccc  : createTaskSnapshot:
12-22 19:27:33.549  3313  3719 I cccccc  : getTaskSnapshotInstance:
12-22 19:27:33.644  3313  3719 E cccccc  : createTaskSnapshot:
12-22 19:27:33.644  3313  3719 I cccccc  : getTaskSnapshotInstance:
12-22 19:27:33.645  3313  3719 I com.miui.home: CheckGCForNative adj_start_bytes: 33412438 NativeAllocationGcWatermark: 10620206 java_gc_start_bytes: 17482129 kNewNativeDiscountFactor: 2 kOldNativeDiscountFactor: 65536 old_native_bytes: 143309899 new_native_bytes: 11678604 add_bytes_allowed: 31860618 is_gc_concurrent: 1 target_footprint_: 17852785 GetBytesAllocated: 10144380 HeapGrowthMultiplier: 3
12-22 19:27:33.645  3313  3719 I com.miui.home: CheckGCForNative gc_urgency 0.478441 current_native_bytes is 154988503 starting_gc_num:36
12-22 19:27:33.791  3313  3592 I com.miui.home: CheckGCForNative adj_start_bytes: 33412438 NativeAllocationGcWatermark: 10620206 java_gc_start_bytes: 17482129 kNewNativeDiscountFactor: 2 kOldNativeDiscountFactor: 65536 old_native_bytes: 143309899 new_native_bytes: 1102168 add_bytes_allowed: 31860618 is_gc_concurrent: 1 target_footprint_: 17852785 GetBytesAllocated: 10510919 HeapGrowthMultiplier: 3
12-22 19:27:33.791  3313  3592 I com.miui.home: CheckGCForNative gc_urgency 0.33114 current_native_bytes is 144412067 starting_gc_num:36
12-22 19:27:33.920  3313  3719 E cccccc  : createTaskSnapshot:
12-22 19:27:33.921  3313  3719 I cccccc  : getTaskSnapshotInstance:
12-22 19:27:33.936  3313  3592 I com.miui.home: CheckGCForNative adj_start_bytes: 33412438 NativeAllocationGcWatermark: 10620206 java_gc_start_bytes: 17482129 kNewNativeDiscountFactor: 2 kOldNativeDiscountFactor: 65536 old_native_bytes: 143309899 new_native_bytes: 1190936 add_bytes_allowed: 31860618 is_gc_concurrent: 1 target_footprint_: 17852785 GetBytesAllocated: 10880709 HeapGrowthMultiplier: 3
12-22 19:27:33.936  3313  3592 I com.miui.home: CheckGCForNative gc_urgency 0.343536 current_native_bytes is 144500835 starting_gc_num:36
12-22 19:27:34.062 11343 11343 I wm_on_create_called: [0,79813748,com.xunmeng.pinduoduo.ui.activity.MainFrameActivity,performCreate,112]
12-22 19:27:34.102  3313  3592 I com.miui.home: CheckGCForNative adj_start_bytes: 33412438 NativeAllocationGcWatermark: 10620206 java_gc_start_bytes: 17482129 kNewNativeDiscountFactor: 2 kOldNativeDiscountFactor: 65536 old_native_bytes: 143309899 new_native_bytes: 1143936 add_bytes_allowed: 31860618 is_gc_concurrent: 1 target_footprint_: 17852785 GetBytesAllocated: 10956548 HeapGrowthMultiplier: 3
12-22 19:27:34.103  3313  3592 I com.miui.home: CheckGCForNative gc_urgency 0.345102 current_native_bytes is 144453835 starting_gc_num:36
12-22 19:27:34.326  3313  3529 I com.miui.home: CheckGCForNative adj_start_bytes: 33412438 NativeAllocationGcWatermark: 10620206 java_gc_start_bytes: 17482129 kNewNativeDiscountFactor: 2 kOldNativeDiscountFactor: 65536 old_native_bytes: 143309899 new_native_bytes: 1125776 add_bytes_allowed: 31860618 is_gc_concurrent: 1 target_footprint_: 17852785 GetBytesAllocated: 11072237 HeapGrowthMultiplier: 3
12-22 19:27:34.327  3313  3529 I com.miui.home: CheckGCForNative gc_urgency 0.348293 current_native_bytes is 144435675 starting_gc_num:36
12-22 19:27:34.329  3313  3529 I com.miui.home: CheckGCForNative adj_start_bytes: 33412438 NativeAllocationGcWatermark: 10620206 java_gc_start_bytes: 17482129 kNewNativeDiscountFactor: 2 kOldNativeDiscountFactor: 65536 old_native_bytes: 143309899 new_native_bytes: 1522128 add_bytes_allowed: 31860618 is_gc_concurrent: 1 target_footprint_: 17852785 GetBytesAllocated: 11072237 HeapGrowthMultiplier: 3
12-22 19:27:34.329  3313  3529 I com.miui.home: CheckGCForNative gc_urgency 0.354224 current_native_bytes is 144832027 starting_gc_num:36
12-22 19:27:34.341 11343 11343 I wm_on_create_called: [0,118714430,com.xunmeng.pinduoduo.ui.activity.HomeActivity,performCreate,59]
12-22 19:27:34.351  3313  3370 D cccccc  : onTaskStackChangedBackground
12-22 19:27:34.353  3313  4026 D cccccc  : onTaskStackChangedBackground
12-22 19:27:34.359 11343 11343 I wm_on_start_called: [0,118714430,com.xunmeng.pinduoduo.ui.activity.HomeActivity,handleStartActivity,17]
12-22 19:27:34.366 11343 11343 I wm_on_resume_called: [0,118714430,com.xunmeng.pinduoduo.ui.activity.HomeActivity,RESUME_ACTIVITY,5]
12-22 19:27:34.406 11343 11343 I wm_on_top_resumed_gained_called: [118714430,com.xunmeng.pinduoduo.ui.activity.HomeActivity,topStateChangedWhenResumed]
12-22 19:27:34.432  3313  3313 I com.miui.home: CheckGCForNative adj_start_bytes: 33412438 NativeAllocationGcWatermark: 10620206 java_gc_start_bytes: 17482129 kNewNativeDiscountFactor: 2 kOldNativeDiscountFactor: 65536 old_native_bytes: 143309899 new_native_bytes: 1977912 add_bytes_allowed: 31860618 is_gc_concurrent: 1 target_footprint_: 17852785 GetBytesAllocated: 11258889 HeapGrowthMultiplier: 3
12-22 19:27:34.432  3313  3313 I com.miui.home: CheckGCForNative gc_urgency 0.366631 current_native_bytes is 145287811 starting_gc_num:36
12-22 19:27:34.612  3313  3719 E cccccc  : createTaskSnapshot:
12-22 19:27:34.612  3313  3719 I cccccc  : getTaskSnapshotInstance:
12-22 19:27:34.724  3313  3719 E cccccc  : createTaskSnapshot:
12-22 19:27:34.724  3313  3719 I cccccc  : getTaskSnapshotInstance:
12-22 19:27:34.940  3313  3313 I wm_on_stop_called: [0,3857435,com.miui.home.launcher.Launcher,STOP_ACTIVITY_ITEM,55]
12-22 19:27:35.024  3313  3313 I wm_on_restart_called: [0,3857435,com.miui.home.launcher.Launcher,,0]
12-22 19:27:35.026  3313  3313 I wm_on_start_called: [0,3857435,com.miui.home.launcher.Launcher,handleStartActivity,2]
12-22 19:27:35.048  3313  3313 I wm_on_resume_called: [0,3857435,com.miui.home.launcher.Launcher,RESUME_ACTIVITY,19]
12-22 19:27:35.138 11343 11343 I wm_on_destroy_called: [0,79813748,com.xunmeng.pinduoduo.ui.activity.MainFrameActivity,performDestroy,3]
12-22 19:27:35.139 11343 11343 I wm_on_top_resumed_lost_called: [118714430,com.xunmeng.pinduoduo.ui.activity.HomeActivity,topStateChangedWhenResumed]
12-22 19:27:35.156  3313  3313 I wm_on_idle_called: com.miui.home.launcher.Launcher
12-22 19:27:35.172  3313  3313 I wm_on_top_resumed_gained_called: [3857435,com.miui.home.launcher.Launcher,topStateChangedWhenResumed]
12-22 19:27:35.317  3313  3925 I com.miui.home: CheckGCForNative gc_urgency 0 current_native_bytes is 131566919 starting_gc_num:37
12-22 19:27:35.318  3313  3925 I cccccc  : createTaskSnapshotCompat:
12-22 19:27:35.320  3313  3925 I com.miui.home: CheckGCForNative adj_start_bytes: 32824937 NativeAllocationGcWatermark: 10533144 java_gc_start_bytes: 17025221 kNewNativeDiscountFactor: 2 kOldNativeDiscountFactor: 65536 old_native_bytes: 131566919 new_native_bytes: 10706976 add_bytes_allowed: 31599432 is_gc_concurrent: 1 target_footprint_: 17156293 GetBytesAllocated: 10192073 HeapGrowthMultiplier: 3
12-22 19:27:35.320  3313  3925 I com.miui.home: CheckGCForNative gc_urgency 0.473651 current_native_bytes is 142273895 starting_gc_num:37
12-22 19:27:35.321  3313  3362 I cccccc  : getTaskSnapshot:
12-22 19:27:35.321  3313  3362 I com.miui.home: CheckGCForNative adj_start_bytes: 32824937 NativeAllocationGcWatermark: 10533144 java_gc_start_bytes: 17025221 kNewNativeDiscountFactor: 2 kOldNativeDiscountFactor: 65536 old_native_bytes: 131566919 new_native_bytes: 21413344 add_bytes_allowed: 31599432 is_gc_concurrent: 1 target_footprint_: 17156293 GetBytesAllocated: 10192073 HeapGrowthMultiplier: 3
12-22 19:27:35.321  3313  3362 I com.miui.home: CheckGCForNative gc_urgency 0.636734 current_native_bytes is 152980263 starting_gc_num:37
12-22 19:27:35.322  3313  3313 I cccccc  : createTaskSnapshotCompat:
12-22 19:27:35.361  3313  3592 I com.miui.home: CheckGCForNative adj_start_bytes: 32824937 NativeAllocationGcWatermark: 10533144 java_gc_start_bytes: 17025221 kNewNativeDiscountFactor: 2 kOldNativeDiscountFactor: 65536 old_native_bytes: 131566919 new_native_bytes: 3136 add_bytes_allowed: 31599432 is_gc_concurrent: 1 target_footprint_: 17156293 GetBytesAllocated: 10250793 HeapGrowthMultiplier: 3
12-22 19:27:35.361  3313  3592 I com.miui.home: CheckGCForNative gc_urgency 0.312396 current_native_bytes is 131570055 starting_gc_num:37
12-22 19:27:35.506  3313  3592 I com.miui.home: CheckGCForNative adj_start_bytes: 32824937 NativeAllocationGcWatermark: 10533144 java_gc_start_bytes: 17025221 kNewNativeDiscountFactor: 2 kOldNativeDiscountFactor: 65536 old_native_bytes: 131566919 new_native_bytes: 38880 add_bytes_allowed: 31599432 is_gc_concurrent: 1 target_footprint_: 17156293 GetBytesAllocated: 10307512 HeapGrowthMultiplier: 3
12-22 19:27:35.506  3313  3592 I com.miui.home: CheckGCForNative gc_urgency 0.314668 current_native_bytes is 131605799 starting_gc_num:37
12-22 19:27:35.684  3313  3592 I com.miui.home: CheckGCForNative adj_start_bytes: 32824937 NativeAllocationGcWatermark: 10533144 java_gc_start_bytes: 17025221 kNewNativeDiscountFactor: 2 kOldNativeDiscountFactor: 65536 old_native_bytes: 131566919 new_native_bytes: 51936 add_bytes_allowed: 31599432 is_gc_concurrent: 1 target_footprint_: 17156293 GetBytesAllocated: 10405877 HeapGrowthMultiplier: 3
12-22 19:27:35.684  3313  3592 I com.miui.home: CheckGCForNative gc_urgency 0.317864 current_native_bytes is 131618855 starting_gc_num:37
12-22 19:27:35.863  3313  3589 I cccccc  : createTaskSnapshotCompat:
12-22 19:27:36.045 11343 11343 I wm_on_paused_called: [0,118714430,com.xunmeng.pinduoduo.ui.activity.HomeActivity,performPause,9]
12-22 19:27:36.127  3313  3313 I wm_on_top_resumed_lost_called: [3857435,com.miui.home.launcher.Launcher,topStateChangedWhenResumed]
12-22 19:27:36.132  3313  3313 I wm_on_paused_called: [0,3857435,com.miui.home.launcher.Launcher,performPause,3]
12-22 19:27:36.228  3313  3362 D cccccc  : onTaskStackChangedBackground
12-22 19:27:36.229  3313  3362 D cccccc  : onTaskStackChangedBackground
12-22 19:27:36.356  3313  3385 D cccccc  : onTaskStackChangedBackground
12-22 19:27:36.359  3313  3385 D cccccc  : onTaskStackChangedBackground
12-22 19:27:36.609  3313  3592 I com.miui.home: CheckGCForNative adj_start_bytes: 32824937 NativeAllocationGcWatermark: 10533144 java_gc_start_bytes: 17025221 kNewNativeDiscountFactor: 2 kOldNativeDiscountFactor: 65536 old_native_bytes: 131566919 new_native_bytes: 1051340 add_bytes_allowed: 31599432 is_gc_concurrent: 1 target_footprint_: 17156293 GetBytesAllocated: 11304005 HeapGrowthMultiplier: 3
12-22 19:27:36.609  3313  3592 I com.miui.home: CheckGCForNative gc_urgency 0.360448 current_native_bytes is 132618259 starting_gc_num:37
12-22 19:27:36.776  3313  3592 I com.miui.home: CheckGCForNative adj_start_bytes: 32824937 NativeAllocationGcWatermark: 10533144 java_gc_start_bytes: 17025221 kNewNativeDiscountFactor: 2 kOldNativeDiscountFactor: 65536 old_native_bytes: 131566919 new_native_bytes: 971028 add_bytes_allowed: 31599432 is_gc_concurrent: 1 target_footprint_: 17156293 GetBytesAllocated: 11592878 HeapGrowthMultiplier: 3
12-22 19:27:36.776  3313  3592 I com.miui.home: CheckGCForNative gc_urgency 0.368025 current_native_bytes is 132537947 starting_gc_num:37
12-22 19:27:36.838  3313  3719 E cccccc  : createTaskSnapshot:
12-22 19:27:36.840  3313  3719 I cccccc  : getTaskSnapshotInstance:
12-22 19:27:36.852  3313  3719 E cccccc  : createTaskSnapshot:
12-22 19:27:36.852  3313  3719 I cccccc  : getTaskSnapshotInstance:
12-22 19:27:36.855  3313  3719 I com.miui.home: CheckGCForNative adj_start_bytes: 32824937 NativeAllocationGcWatermark: 10533144 java_gc_start_bytes: 17025221 kNewNativeDiscountFactor: 2 kOldNativeDiscountFactor: 65536 old_native_bytes: 131566919 new_native_bytes: 11763828 add_bytes_allowed: 31599432 is_gc_concurrent: 1 target_footprint_: 17156293 GetBytesAllocated: 11708613 HeapGrowthMultiplier: 3
12-22 19:27:36.855  3313  3719 I com.miui.home: CheckGCForNative gc_urgency 0.53595 current_native_bytes is 143330747 starting_gc_num:37
12-22 19:27:36.920  3313  3592 I com.miui.home: CheckGCForNative adj_start_bytes: 32824937 NativeAllocationGcWatermark: 10533144 java_gc_start_bytes: 17025221 kNewNativeDiscountFactor: 2 kOldNativeDiscountFactor: 65536 old_native_bytes: 131566919 new_native_bytes: 1066260 add_bytes_allowed: 31599432 is_gc_concurrent: 1 target_footprint_: 17156293 GetBytesAllocated: 11822973 HeapGrowthMultiplier: 3
12-22 19:27:36.921  3313  3592 I com.miui.home: CheckGCForNative gc_urgency 0.376485 current_native_bytes is 132633179 starting_gc_num:37
12-22 19:27:37.199  3313  3719 E cccccc  : createTaskSnapshot:
12-22 19:27:37.199  3313  3719 I cccccc  : getTaskSnapshotInstance:
12-22 19:27:37.644 11701 11701 I wm_on_application_create_called: [0,com.tencent.qqlive,223]
12-22 19:27:38.124  3313  3313 I wm_on_resume_called: [0,3857435,com.miui.home.launcher.Launcher,RESUME_ACTIVITY,25]
12-22 19:27:38.153  3313  3313 I wm_on_idle_called: com.miui.home.launcher.Launcher
12-22 19:27:38.419  3313  3385 I com.miui.home: CheckGCForNative adj_start_bytes: 32824937 NativeAllocationGcWatermark: 10533144 java_gc_start_bytes: 17025221 kNewNativeDiscountFactor: 2 kOldNativeDiscountFactor: 65536 old_native_bytes: 131566919 new_native_bytes: 12034780 add_bytes_allowed: 31599432 is_gc_concurrent: 1 target_footprint_: 17156293 GetBytesAllocated: 13972669 HeapGrowthMultiplier: 3
12-22 19:27:38.419  3313  3385 I com.miui.home: CheckGCForNative gc_urgency 0.609051 current_native_bytes is 143601699 starting_gc_num:37
12-22 19:27:38.419  3313  3385 I cccccc  : createTaskSnapshotCompat:
12-22 19:27:38.423  3313  3385 I com.miui.home: CheckGCForNative adj_start_bytes: 32824937 NativeAllocationGcWatermark: 10533144 java_gc_start_bytes: 17025221 kNewNativeDiscountFactor: 2 kOldNativeDiscountFactor: 65536 old_native_bytes: 131566919 new_native_bytes: 22741724 add_bytes_allowed: 31599432 is_gc_concurrent: 1 target_footprint_: 17156293 GetBytesAllocated: 13986582 HeapGrowthMultiplier: 3
12-22 19:27:38.423  3313  3385 I com.miui.home: CheckGCForNative gc_urgency 0.772567 current_native_bytes is 154308643 starting_gc_num:37
12-22 19:27:38.430  3313  3592 I com.miui.home: CheckGCForNative adj_start_bytes: 32824937 NativeAllocationGcWatermark: 10533144 java_gc_start_bytes: 17025221 kNewNativeDiscountFactor: 2 kOldNativeDiscountFactor: 65536 old_native_bytes: 131566919 new_native_bytes: 12011452 add_bytes_allowed: 31599432 is_gc_concurrent: 1 target_footprint_: 17156293 GetBytesAllocated: 14019377 HeapGrowthMultiplier: 3
12-22 19:27:38.430  3313  3592 I com.miui.home: CheckGCForNative gc_urgency 0.610119 current_native_bytes is 143578371 starting_gc_num:37
12-22 19:27:38.437 11701 11701 I wm_on_create_called: [0,144064160,com.tencent.qqlive.ona.activity.SplashHomeActivity,performCreate,281]
12-22 19:27:38.497  3313  3385 I cccccc  : getTaskSnapshot:
12-22 19:27:38.501  3313  3385 I com.miui.home: CheckGCForNative adj_start_bytes: 32824937 NativeAllocationGcWatermark: 10533144 java_gc_start_bytes: 17025221 kNewNativeDiscountFactor: 2 kOldNativeDiscountFactor: 65536 old_native_bytes: 131566919 new_native_bytes: 22847676 add_bytes_allowed: 31599432 is_gc_concurrent: 1 target_footprint_: 17156293 GetBytesAllocated: 14063744 HeapGrowthMultiplier: 3
12-22 19:27:38.502  3313  3385 I com.miui.home: CheckGCForNative gc_urgency 0.776531 current_native_bytes is 154414595 starting_gc_num:37
12-22 19:27:38.502  3313  3313 I cccccc  : createTaskSnapshotCompat:
12-22 19:27:38.521  3313  3313 I wm_on_top_resumed_gained_called: [3857435,com.miui.home.launcher.Launcher,topStateChangedWhenResumed]
12-22 19:27:38.550 11701 11701 I wm_on_start_called: [0,144064160,com.tencent.qqlive.ona.activity.SplashHomeActivity,handleStartActivity,94]
12-22 19:27:38.723 11701 11701 I wm_on_resume_called: [0,144064160,com.tencent.qqlive.ona.activity.SplashHomeActivity,RESUME_ACTIVITY,147]
12-22 19:27:38.742  3313  3592 I com.miui.home: CheckGCForNative adj_start_bytes: 32824937 NativeAllocationGcWatermark: 10533144 java_gc_start_bytes: 17025221 kNewNativeDiscountFactor: 2 kOldNativeDiscountFactor: 65536 old_native_bytes: 131566919 new_native_bytes: 12163452 add_bytes_allowed: 31599432 is_gc_concurrent: 1 target_footprint_: 17156293 GetBytesAllocated: 14175698 HeapGrowthMultiplier: 3
12-22 19:27:38.742  3313  3592 I com.miui.home: CheckGCForNative gc_urgency 0.617196 current_native_bytes is 143730371 starting_gc_num:37
12-22 19:27:38.963  3313  3589 I cccccc  : createTaskSnapshotCompat:
12-22 19:27:39.162  3313  3313 I wm_on_top_resumed_lost_called: [3857435,com.miui.home.launcher.Launcher,topStateChangedWhenResumed]
12-22 19:27:39.174  3313  3362 D cccccc  : onTaskStackChangedBackground
12-22 19:27:39.175  3313  3362 D cccccc  : onTaskStackChangedBackground
12-22 19:27:39.196 11701 11701 I wm_on_top_resumed_gained_called: [144064160,com.tencent.qqlive.ona.activity.SplashHomeActivity,topStateChangedWhenResumed]
12-22 19:27:39.244 11701 11701 I wm_on_top_resumed_lost_called: [144064160,com.tencent.qqlive.ona.activity.SplashHomeActivity,topStateChangedWhenResumed]
12-22 19:27:39.431  3313  3719 E cccccc  : createTaskSnapshot:
12-22 19:27:39.431  3313  3719 I cccccc  : getTaskSnapshotInstance:
12-22 19:27:39.442  3313  3313 I wm_on_paused_called: [0,3857435,com.miui.home.launcher.Launcher,performPause,3]
12-22 19:27:39.474  3313  3719 E cccccc  : createTaskSnapshot:
12-22 19:27:39.474  3313  3719 I cccccc  : getTaskSnapshotInstance:
12-22 19:27:39.475  3313  3719 I com.miui.home: CheckGCForNative adj_start_bytes: 32824937 NativeAllocationGcWatermark: 10533144 java_gc_start_bytes: 17025221 kNewNativeDiscountFactor: 2 kOldNativeDiscountFactor: 65536 old_native_bytes: 131566919 new_native_bytes: 23003280 add_bytes_allowed: 31599432 is_gc_concurrent: 1 target_footprint_: 17156293 GetBytesAllocated: 15174436 HeapGrowthMultiplier: 3
12-22 19:27:39.475  3313  3719 I com.miui.home: CheckGCForNative gc_urgency 0.812738 current_native_bytes is 154570199 starting_gc_num:37
12-22 19:27:39.539  3313  3385 D cccccc  : onTaskStackChangedBackground
12-22 19:27:39.540  3313  3362 D cccccc  : onTaskStackChangedBackground
12-22 19:27:39.632  3313  3719 I com.miui.home: CheckGCForNative adj_start_bytes: 32824937 NativeAllocationGcWatermark: 10533144 java_gc_start_bytes: 17025221 kNewNativeDiscountFactor: 2 kOldNativeDiscountFactor: 65536 old_native_bytes: 131566919 new_native_bytes: 12342476 add_bytes_allowed: 31599432 is_gc_concurrent: 1 target_footprint_: 17156293 GetBytesAllocated: 15616786 HeapGrowthMultiplier: 3
12-22 19:27:39.632  3313  3719 I com.miui.home: CheckGCForNative gc_urgency 0.663826 current_native_bytes is 143909395 starting_gc_num:37
12-22 19:27:39.913  3313  3719 E cccccc  : createTaskSnapshot:
12-22 19:27:39.913  3313  3719 I cccccc  : getTaskSnapshotInstance:
12-22 19:27:39.933  3313  3592 I com.miui.home: CheckGCForNative adj_start_bytes: 32824937 NativeAllocationGcWatermark: 10533144 java_gc_start_bytes: 17025221 kNewNativeDiscountFactor: 2 kOldNativeDiscountFactor: 65536 old_native_bytes: 131566919 new_native_bytes: 12871420 add_bytes_allowed: 31599432 is_gc_concurrent: 1 target_footprint_: 17156293 GetBytesAllocated: 16051376 HeapGrowthMultiplier: 3
12-22 19:27:39.933  3313  3592 I com.miui.home: CheckGCForNative gc_urgency 0.685122 current_native_bytes is 144438339 starting_gc_num:37
12-22 19:27:40.067  3313  3592 I com.miui.home: CheckGCForNative adj_start_bytes: 32824937 NativeAllocationGcWatermark: 10533144 java_gc_start_bytes: 17025221 kNewNativeDiscountFactor: 2 kOldNativeDiscountFactor: 65536 old_native_bytes: 131566919 new_native_bytes: 13028284 add_bytes_allowed: 31599432 is_gc_concurrent: 1 target_footprint_: 17156293 GetBytesAllocated: 16305557 HeapGrowthMultiplier: 3
12-22 19:27:40.067  3313  3592 I com.miui.home: CheckGCForNative gc_urgency 0.695255 current_native_bytes is 144595203 starting_gc_num:37
12-22 19:27:40.227  3313  3719 E cccccc  : createTaskSnapshot:
12-22 19:27:40.227  3313  3719 I cccccc  : getTaskSnapshotInstance:
12-22 19:27:40.619 12378 12378 I wm_on_create_called: [0,230923511,com.tencent.mobileqq.activity.SplashActivity,performCreate,125]
12-22 19:27:40.623 12378 12378 I wm_on_start_called: [0,230923511,com.tencent.mobileqq.activity.SplashActivity,handleStartActivity,3]
12-22 19:27:40.635 12378 12378 I wm_on_resume_called: [0,230923511,com.tencent.mobileqq.activity.SplashActivity,RESUME_ACTIVITY,10]
12-22 19:27:40.673 12378 12378 I wm_on_top_resumed_gained_called: [230923511,com.tencent.mobileqq.activity.SplashActivity,topStateChangedWhenResumed]
12-22 19:27:40.958 12378 12378 I wm_on_idle_called: com.tencent.mobileqq.activity.SplashActivity
12-22 19:27:41.140  3313  3504 I com.miui.home: CheckGCForNative adj_start_bytes: 32824937 NativeAllocationGcWatermark: 10533144 java_gc_start_bytes: 17025221 kNewNativeDiscountFactor: 2 kOldNativeDiscountFactor: 65536 old_native_bytes: 131566919 new_native_bytes: 12982160 add_bytes_allowed: 31599432 is_gc_concurrent: 1 target_footprint_: 17156293 GetBytesAllocated: 16864724 HeapGrowthMultiplier: 3
12-22 19:27:41.140  3313  3504 I com.miui.home: CheckGCForNative gc_urgency 0.711587 current_native_bytes is 144549079 starting_gc_num:37
12-22 19:27:41.146  3313  3313 I wm_on_stop_called: [0,3857435,com.miui.home.launcher.Launcher,STOP_ACTIVITY_ITEM,119]
12-22 19:27:41.205 12378 12378 I wm_on_top_resumed_lost_called: [230923511,com.tencent.mobileqq.activity.SplashActivity,topStateChangedWhenResumed]
12-22 19:27:41.210 12378 12378 I wm_on_paused_called: [0,230923511,com.tencent.mobileqq.activity.SplashActivity,performPause,2]
12-22 19:27:41.284  3313  3313 I wm_on_restart_called: [0,3857435,com.miui.home.launcher.Launcher,,0]
12-22 19:27:41.288  3313  3313 I wm_on_start_called: [0,3857435,com.miui.home.launcher.Launcher,handleStartActivity,4]
12-22 19:27:41.309  3313  3313 I wm_on_resume_called: [0,3857435,com.miui.home.launcher.Launcher,RESUME_ACTIVITY,19]
12-22 19:27:41.327 12378 12378 I wm_on_create_called: [0,130771027,com.tencent.mobileqq.activity.LoginActivity,performCreate,94]
12-22 19:27:41.352 12378 12378 I wm_on_start_called: [0,130771027,com.tencent.mobileqq.activity.LoginActivity,handleStartActivity,25]
12-22 19:27:41.372 12378 12378 I wm_on_resume_called: [0,130771027,com.tencent.mobileqq.activity.LoginActivity,RESUME_ACTIVITY,18]
12-22 19:27:41.392 12378 12378 I wm_on_top_resumed_gained_called: [130771027,com.tencent.mobileqq.activity.LoginActivity,topStateChangedWhenResumed]
12-22 19:27:41.393 12378 12378 I wm_on_top_resumed_lost_called: [130771027,com.tencent.mobileqq.activity.LoginActivity,topStateChangedWhenResumed]
12-22 19:27:41.393  8951  8951 I wm_on_destroy_called: [0,18017156,fm.qingting.qtradio.WelcomeActivity,performDestroy,120]
12-22 19:27:41.456  3313  3313 I wm_on_top_resumed_gained_called: [3857435,com.miui.home.launcher.Launcher,topStateChangedWhenResumed]
12-22 19:27:41.462  3313  3313 I wm_on_idle_called: com.miui.home.launcher.Launcher
12-22 19:27:41.545 12378 12378 I wm_on_idle_called: com.tencent.mobileqq.activity.LoginActivity
12-22 19:27:41.598  3313 12755 I com.miui.home: CheckGCForNative gc_urgency 0 current_native_bytes is 121502723 starting_gc_num:38
12-22 19:27:41.625  3313  3925 D cccccc  : onTaskStackChangedBackground
12-22 19:27:41.639  3313  3385 D cccccc  : onTaskStackChangedBackground
12-22 19:27:41.688  3313  3370 I com.miui.home: CheckGCForNative adj_start_bytes: 33172160 NativeAllocationGcWatermark: 10569694 java_gc_start_bytes: 17317619 kNewNativeDiscountFactor: 2 kOldNativeDiscountFactor: 65536 old_native_bytes: 121502723 new_native_bytes: 10631676 add_bytes_allowed: 31709082 is_gc_concurrent: 1 target_footprint_: 17448691 GetBytesAllocated: 9891095 HeapGrowthMultiplier: 3
12-22 19:27:41.688  3313  3370 I com.miui.home: CheckGCForNative gc_urgency 0.45848 current_native_bytes is 132134399 starting_gc_num:38
12-22 19:27:41.688  3313  3370 I cccccc  : createTaskSnapshotCompat:
12-22 19:27:41.695  3313  3370 I com.miui.home: CheckGCForNative adj_start_bytes: 33172160 NativeAllocationGcWatermark: 10569694 java_gc_start_bytes: 17317619 kNewNativeDiscountFactor: 2 kOldNativeDiscountFactor: 65536 old_native_bytes: 121502723 new_native_bytes: 21338620 add_bytes_allowed: 31709082 is_gc_concurrent: 1 target_footprint_: 17448691 GetBytesAllocated: 9893026 HeapGrowthMultiplier: 3
12-22 19:27:41.695  3313  3370 I com.miui.home: CheckGCForNative gc_urgency 0.619923 current_native_bytes is 142841343 starting_gc_num:38
12-22 19:27:41.732  3313  3385 I cccccc  : getTaskSnapshot:
12-22 19:27:41.732  3313  3385 I com.miui.home: CheckGCForNative adj_start_bytes: 33172160 NativeAllocationGcWatermark: 10569694 java_gc_start_bytes: 17317619 kNewNativeDiscountFactor: 2 kOldNativeDiscountFactor: 65536 old_native_bytes: 121502723 new_native_bytes: 21368236 add_bytes_allowed: 31709082 is_gc_concurrent: 1 target_footprint_: 17448691 GetBytesAllocated: 9942314 HeapGrowthMultiplier: 3
12-22 19:27:41.735  3313  3385 I com.miui.home: CheckGCForNative gc_urgency 0.621855 current_native_bytes is 142870959 starting_gc_num:38
12-22 19:27:41.736  3313  3313 I cccccc  : createTaskSnapshotCompat:
12-22 19:27:41.827  3313  3592 I com.miui.home: CheckGCForNative adj_start_bytes: 33172160 NativeAllocationGcWatermark: 10569694 java_gc_start_bytes: 17317619 kNewNativeDiscountFactor: 2 kOldNativeDiscountFactor: 65536 old_native_bytes: 121502723 new_native_bytes: 10685548 add_bytes_allowed: 31709082 is_gc_concurrent: 1 target_footprint_: 17448691 GetBytesAllocated: 10535537 HeapGrowthMultiplier: 3
12-22 19:27:41.827  3313  3592 I com.miui.home: CheckGCForNative gc_urgency 0.47872 current_native_bytes is 132188271 starting_gc_num:38
12-22 19:27:41.983  3313  3592 I com.miui.home: CheckGCForNative adj_start_bytes: 33172160 NativeAllocationGcWatermark: 10569694 java_gc_start_bytes: 17317619 kNewNativeDiscountFactor: 2 kOldNativeDiscountFactor: 65536 old_native_bytes: 121502723 new_native_bytes: 11130704 add_bytes_allowed: 31709082 is_gc_concurrent: 1 target_footprint_: 17448691 GetBytesAllocated: 11052668 HeapGrowthMultiplier: 3
12-22 19:27:41.983  3313  3592 I com.miui.home: CheckGCForNative gc_urgency 0.501019 current_native_bytes is 132633427 starting_gc_num:38
12-22 19:27:42.032  3313 12755 I com.miui.home: CheckGCForNative adj_start_bytes: 33172160 NativeAllocationGcWatermark: 10569694 java_gc_start_bytes: 17317619 kNewNativeDiscountFactor: 2 kOldNativeDiscountFactor: 65536 old_native_bytes: 121502723 new_native_bytes: 11135248 add_bytes_allowed: 31709082 is_gc_concurrent: 1 target_footprint_: 17448691 GetBytesAllocated: 11070625 HeapGrowthMultiplier: 3
12-22 19:27:42.033  3313 12755 I com.miui.home: CheckGCForNative gc_urgency 0.501629 current_native_bytes is 132637971 starting_gc_num:38
12-22 19:27:42.187  3313  3719 E cccccc  : createTaskSnapshot:
12-22 19:27:42.187  3313  3719 I cccccc  : getTaskSnapshotInstance:
12-22 19:27:42.196  3313  3719 I com.miui.home: CheckGCForNative adj_start_bytes: 33172160 NativeAllocationGcWatermark: 10569694 java_gc_start_bytes: 17317619 kNewNativeDiscountFactor: 2 kOldNativeDiscountFactor: 65536 old_native_bytes: 121502723 new_native_bytes: 21981112 add_bytes_allowed: 31709082 is_gc_concurrent: 1 target_footprint_: 17448691 GetBytesAllocated: 11395745 HeapGrowthMultiplier: 3
12-22 19:27:42.196  3313  3719 I com.miui.home: CheckGCForNative gc_urgency 0.674908 current_native_bytes is 143483835 starting_gc_num:38
12-22 19:27:42.197  3313  3719 E cccccc  : createTaskSnapshot:
12-22 19:27:42.197  3313  3719 I cccccc  : getTaskSnapshotInstance:
12-22 19:27:42.201  3313  3589 I cccccc  : createTaskSnapshotCompat:
12-22 19:27:42.281 12378 12378 I wm_on_paused_called: [0,130771027,com.tencent.mobileqq.activity.LoginActivity,performPause,4]
12-22 19:27:42.315 12378 12378 I wm_on_stop_called: [0,230923511,com.tencent.mobileqq.activity.SplashActivity,LIFECYCLER_STOP_ACTIVITY,2]
12-22 19:27:42.319 12378 12378 I wm_on_destroy_called: [0,230923511,com.tencent.mobileqq.activity.SplashActivity,performDestroy,4]
12-22 19:27:42.337  3313  3719 I com.miui.home: CheckGCForNative adj_start_bytes: 33172160 NativeAllocationGcWatermark: 10569694 java_gc_start_bytes: 17317619 kNewNativeDiscountFactor: 2 kOldNativeDiscountFactor: 65536 old_native_bytes: 121502723 new_native_bytes: 21858608 add_bytes_allowed: 31709082 is_gc_concurrent: 1 target_footprint_: 17448691 GetBytesAllocated: 11461309 HeapGrowthMultiplier: 3
12-22 19:27:42.337  3313  3719 I com.miui.home: CheckGCForNative gc_urgency 0.675038 current_native_bytes is 143361331 starting_gc_num:38
12-22 19:27:42.340  3313  3719 I com.miui.home: CheckGCForNative adj_start_bytes: 33172160 NativeAllocationGcWatermark: 10569694 java_gc_start_bytes: 17317619 kNewNativeDiscountFactor: 2 kOldNativeDiscountFactor: 65536 old_native_bytes: 121502723 new_native_bytes: 32525136 add_bytes_allowed: 31709082 is_gc_concurrent: 1 target_footprint_: 17448691 GetBytesAllocated: 11468943 HeapGrowthMultiplier: 3
12-22 19:27:42.340  3313  3719 I com.miui.home: CheckGCForNative gc_urgency 0.836043 current_native_bytes is 154027859 starting_gc_num:38
12-22 19:27:42.340  3313  3719 E cccccc  : createTaskSnapshot:
12-22 19:27:42.341  3313  3719 I cccccc  : getTaskSnapshotInstance:
12-22 19:27:42.389  3313  3719 I com.miui.home: CheckGCForNative adj_start_bytes: 33172160 NativeAllocationGcWatermark: 10569694 java_gc_start_bytes: 17317619 kNewNativeDiscountFactor: 2 kOldNativeDiscountFactor: 65536 old_native_bytes: 121502723 new_native_bytes: 32658816 add_bytes_allowed: 31709082 is_gc_concurrent: 1 target_footprint_: 17448691 GetBytesAllocated: 11485327 HeapGrowthMultiplier: 3
12-22 19:27:42.389  3313  3719 I com.miui.home: CheckGCForNative gc_urgency 0.838552 current_native_bytes is 154161539 starting_gc_num:38
12-22 19:27:42.400  3313  3719 I com.miui.home: CheckGCForNative adj_start_bytes: 33172160 NativeAllocationGcWatermark: 10569694 java_gc_start_bytes: 17317619 kNewNativeDiscountFactor: 2 kOldNativeDiscountFactor: 65536 old_native_bytes: 121502723 new_native_bytes: 43365952 add_bytes_allowed: 31709082 is_gc_concurrent: 1 target_footprint_: 17448691 GetBytesAllocated: 11501913 HeapGrowthMultiplier: 3
12-22 19:27:42.400  3313  3719 I com.miui.home: CheckGCForNative gc_urgency 1.00044 current_native_bytes is 164868675 starting_gc_num:38
12-22 19:27:42.400  3313  3719 I com.miui.home: CheckGCForNative requested 1
12-22 19:27:42.401  3313  3719 E cccccc  : createTaskSnapshot:
12-22 19:27:42.401  3313  3719 I cccccc  : getTaskSnapshotInstance:
12-22 19:27:42.408  3313  7754 D cccccc  : onTaskStackChangedBackground
12-22 19:27:42.408  3313 12808 D cccccc  : onTaskStackChangedBackground
12-22 19:27:42.426  3313  3719 I com.miui.home: CheckGCForNative adj_start_bytes: 33172160 NativeAllocationGcWatermark: 10569694 java_gc_start_bytes: 17317619 kNewNativeDiscountFactor: 2 kOldNativeDiscountFactor: 65536 old_native_bytes: 121502723 new_native_bytes: 43366648 add_bytes_allowed: 31709082 is_gc_concurrent: 1 target_footprint_: 17448691 GetBytesAllocated: 11502409 HeapGrowthMultiplier: 3
12-22 19:27:42.426  3313  3719 I com.miui.home: CheckGCForNative gc_urgency 1.00047 current_native_bytes is 164869371 starting_gc_num:38
12-22 19:27:42.426  3313  3719 I com.miui.home: CheckGCForNative requested 1
12-22 19:27:42.427  3313  3719 I com.miui.home: CheckGCForNative adj_start_bytes: 33172160 NativeAllocationGcWatermark: 10569694 java_gc_start_bytes: 17317619 kNewNativeDiscountFactor: 2 kOldNativeDiscountFactor: 65536 old_native_bytes: 121502723 new_native_bytes: 54073592 add_bytes_allowed: 31709082 is_gc_concurrent: 1 target_footprint_: 17448691 GetBytesAllocated: 11502601 HeapGrowthMultiplier: 3
12-22 19:27:42.427  3313  3719 I com.miui.home: CheckGCForNative gc_urgency 1.16186 current_native_bytes is 175576315 starting_gc_num:38
12-22 19:27:42.427  3313  3719 I com.miui.home: CheckGCForNative requested 1
12-22 19:27:42.459 12378 12378 I wm_on_stop_called: [0,130771027,com.tencent.mobileqq.activity.LoginActivity,STOP_ACTIVITY_ITEM,65]
12-22 19:27:42.566  3313  3719 E cccccc  : createTaskSnapshot:
12-22 19:27:42.566  3313  3719 I cccccc  : getTaskSnapshotInstance:
12-22 19:27:42.567  3313  3719 I com.miui.home: CheckGCForNative gc_urgency 0 current_native_bytes is 141122679 starting_gc_num:39
12-22 19:27:42.568  3313  3719 I com.miui.home: CheckGCForNative adj_start_bytes: 33472942 NativeAllocationGcWatermark: 10613391 java_gc_start_bytes: 17552856 kNewNativeDiscountFactor: 2 kOldNativeDiscountFactor: 65536 old_native_bytes: 141122679 new_native_bytes: 10707264 add_bytes_allowed: 31840173 is_gc_concurrent: 1 target_footprint_: 17798271 GetBytesAllocated: 9340160 HeapGrowthMultiplier: 3
12-22 19:27:42.568  3313  3719 I com.miui.home: CheckGCForNative gc_urgency 0.43904 current_native_bytes is 151829943 starting_gc_num:39
12-22 19:27:42.846  3313  3313 I wm_on_top_resumed_lost_called: [3857435,com.miui.home.launcher.Launcher,topStateChangedWhenResumed]
12-22 19:27:42.850  3313  3313 I wm_on_paused_called: [0,3857435,com.miui.home.launcher.Launcher,performPause,3]
12-22 19:27:42.905  3313  4026 D cccccc  : onTaskStackChangedBackground
12-22 19:27:42.916  3313  4026 D cccccc  : onTaskStackChangedBackground
12-22 19:27:42.972  3313  3568 I com.miui.home: CheckGCForNative adj_start_bytes: 33472942 NativeAllocationGcWatermark: 10613391 java_gc_start_bytes: 17552856 kNewNativeDiscountFactor: 2 kOldNativeDiscountFactor: 65536 old_native_bytes: 141122679 new_native_bytes: 438440 add_bytes_allowed: 31840173 is_gc_concurrent: 1 target_footprint_: 17798271 GetBytesAllocated: 9788029 HeapGrowthMultiplier: 3
12-22 19:27:42.972  3313  3568 I com.miui.home: CheckGCForNative gc_urgency 0.29903 current_native_bytes is 141561119 starting_gc_num:39
12-22 19:27:42.982  3313  3925 D cccccc  : onTaskStackChangedBackground
12-22 19:27:43.032  3313  3370 D cccccc  : onTaskStackChangedBackground
12-22 19:27:43.286  3313  3592 I com.miui.home: CheckGCForNative adj_start_bytes: 33472942 NativeAllocationGcWatermark: 10613391 java_gc_start_bytes: 17552856 kNewNativeDiscountFactor: 2 kOldNativeDiscountFactor: 65536 old_native_bytes: 141122679 new_native_bytes: 772320 add_bytes_allowed: 31840173 is_gc_concurrent: 1 target_footprint_: 17798271 GetBytesAllocated: 10329268 HeapGrowthMultiplier: 3
12-22 19:27:43.286  3313  3592 I com.miui.home: CheckGCForNative gc_urgency 0.320186 current_native_bytes is 141894999 starting_gc_num:39
12-22 19:27:43.387  3313  3719 I com.miui.home: CheckGCForNative adj_start_bytes: 33472942 NativeAllocationGcWatermark: 10613391 java_gc_start_bytes: 17552856 kNewNativeDiscountFactor: 2 kOldNativeDiscountFactor: 65536 old_native_bytes: 141122679 new_native_bytes: 949604 add_bytes_allowed: 31840173 is_gc_concurrent: 1 target_footprint_: 17798271 GetBytesAllocated: 10505102 HeapGrowthMultiplier: 3
12-22 19:27:43.387  3313  3719 I com.miui.home: CheckGCForNative gc_urgency 0.328088 current_native_bytes is 142072283 starting_gc_num:39
12-22 19:27:43.447  3313  3719 E cccccc  : createTaskSnapshot:
12-22 19:27:43.447  3313  3719 I cccccc  : getTaskSnapshotInstance:
12-22 19:27:43.642  3313  3592 I com.miui.home: CheckGCForNative adj_start_bytes: 33472942 NativeAllocationGcWatermark: 10613391 java_gc_start_bytes: 17552856 kNewNativeDiscountFactor: 2 kOldNativeDiscountFactor: 65536 old_native_bytes: 141122679 new_native_bytes: 1322392 add_bytes_allowed: 31840173 is_gc_concurrent: 1 target_footprint_: 17798271 GetBytesAllocated: 11282447 HeapGrowthMultiplier: 3
12-22 19:27:43.642  3313  3592 I com.miui.home: CheckGCForNative gc_urgency 0.356879 current_native_bytes is 142445071 starting_gc_num:39
12-22 19:27:43.652  3313  3719 E cccccc  : createTaskSnapshot:
12-22 19:27:43.652  3313  3719 I cccccc  : getTaskSnapshotInstance:
12-22 19:27:44.596  3313  3313 I wm_on_resume_called: [0,3857435,com.miui.home.launcher.Launcher,RESUME_ACTIVITY,20]
12-22 19:27:44.610 11701 11701 I wm_on_paused_called: [0,144064160,com.tencent.qqlive.ona.activity.SplashHomeActivity,performPause,297]
12-22 19:27:44.611  3313  3313 I com.miui.home: CheckGCForNative adj_start_bytes: 33472942 NativeAllocationGcWatermark: 10613391 java_gc_start_bytes: 17552856 kNewNativeDiscountFactor: 2 kOldNativeDiscountFactor: 65536 old_native_bytes: 141122679 new_native_bytes: 1102116 add_bytes_allowed: 31840173 is_gc_concurrent: 1 target_footprint_: 17798271 GetBytesAllocated: 12160496 HeapGrowthMultiplier: 3
12-22 19:27:44.611  3313  3313 I com.miui.home: CheckGCForNative gc_urgency 0.37982 current_native_bytes is 142224795 starting_gc_num:39
12-22 19:27:44.614  3313  3313 I wm_on_idle_called: com.miui.home.launcher.Launcher
12-22 19:27:44.820  3313  3925 I com.miui.home: CheckGCForNative adj_start_bytes: 33472942 NativeAllocationGcWatermark: 10613391 java_gc_start_bytes: 17552856 kNewNativeDiscountFactor: 2 kOldNativeDiscountFactor: 65536 old_native_bytes: 141122679 new_native_bytes: 12137024 add_bytes_allowed: 31840173 is_gc_concurrent: 1 target_footprint_: 17798271 GetBytesAllocated: 12505542 HeapGrowthMultiplier: 3
12-22 19:27:44.820  3313  3925 I com.miui.home: CheckGCForNative gc_urgency 0.554962 current_native_bytes is 153259703 starting_gc_num:39
12-22 19:27:44.820  3313  3925 I cccccc  : createTaskSnapshotCompat:
12-22 19:27:44.827  3313  3925 I com.miui.home: CheckGCForNative adj_start_bytes: 33472942 NativeAllocationGcWatermark: 10613391 java_gc_start_bytes: 17552856 kNewNativeDiscountFactor: 2 kOldNativeDiscountFactor: 65536 old_native_bytes: 141122679 new_native_bytes: 22844000 add_bytes_allowed: 31840173 is_gc_concurrent: 1 target_footprint_: 17798271 GetBytesAllocated: 12520310 HeapGrowthMultiplier: 3
12-22 19:27:44.828  3313  3925 I com.miui.home: CheckGCForNative gc_urgency 0.715338 current_native_bytes is 163966679 starting_gc_num:39
12-22 19:27:44.881 12867 12867 I wm_on_application_create_called: [0,com.dragon.read,1344]
12-22 19:27:44.890  3313 13241 I cccccc  : getTaskSnapshot:
