12-19 14:48:01.650  3324  4005 I com.miui.home: CheckGCForNative adj_start_bytes: 43079473 NativeAllocationGcWatermark: 11626439 java_gc_start_bytes: 25639815 kNewNativeDiscountFactor: 2 kOldNativeDiscountFactor: 65536 old_native_bytes: 134123431 new_native_bytes: 21833540 add_bytes_allowed: 34879317 is_gc_concurrent: 1 target_footprint_: 25902655 GetBytesAllocated: 16205297 HeapGrowthMultiplier: 3
12-19 14:48:01.650  3324  4005 I com.miui.home: CheckGCForNative gc_urgency 0.62963 current_native_bytes is 155956971
12-19 14:48:02.099 13546 13546 I wm_on_application_create_called: [0,com.sina.weibo,345]
12-19 14:48:02.277  3324  3677 I com.miui.home: CheckGCForNative adj_start_bytes: 43079473 NativeAllocationGcWatermark: 11626439 java_gc_start_bytes: 25639815 kNewNativeDiscountFactor: 2 kOldNativeDiscountFactor: 65536 old_native_bytes: 134123431 new_native_bytes: 11433680 add_bytes_allowed: 34879317 is_gc_concurrent: 1 target_footprint_: 25902655 GetBytesAllocated: 17069816 HeapGrowthMultiplier: 3
12-19 14:48:02.278  3324  3677 I com.miui.home: CheckGCForNative gc_urgency 0.528992 current_native_bytes is 145557111
12-19 14:48:02.303  3324  3677 I com.miui.home: CheckGCForNative adj_start_bytes: 43079473 NativeAllocationGcWatermark: 11626439 java_gc_start_bytes: 25639815 kNewNativeDiscountFactor: 2 kOldNativeDiscountFactor: 65536 old_native_bytes: 134123431 new_native_bytes: 11830032 add_bytes_allowed: 34879317 is_gc_concurrent: 1 target_footprint_: 25902655 GetBytesAllocated: 17069816 HeapGrowthMultiplier: 3
12-19 14:48:02.303  3324  3677 I com.miui.home: CheckGCForNative gc_urgency 0.533592 current_native_bytes is 145953463
12-19 14:48:02.384  3324  3324 I com.miui.home: CheckGCForNative adj_start_bytes: 43079473 NativeAllocationGcWatermark: 11626439 java_gc_start_bytes: 25639815 kNewNativeDiscountFactor: 2 kOldNativeDiscountFactor: 65536 old_native_bytes: 134123431 new_native_bytes: 12209624 add_bytes_allowed: 34879317 is_gc_concurrent: 1 target_footprint_: 25902655 GetBytesAllocated: 17155246 HeapGrowthMultiplier: 3
12-19 14:48:02.384  3324  3324 I com.miui.home: CheckGCForNative gc_urgency 0.539981 current_native_bytes is 146333055
12-19 14:48:02.426 13546 13546 I wm_on_create_called: [0,266749519,com.sina.weibo.SplashActivity,performCreate,178]
12-19 14:48:02.470 13546 13546 I wm_on_start_called: [0,266749519,com.sina.weibo.SplashActivity,handleStartActivity,43]
12-19 14:48:02.476 13546 13546 I wm_on_resume_called: [0,266749519,com.sina.weibo.SplashActivity,RESUME_ACTIVITY,4]
12-19 14:48:02.517 13546 13546 I wm_on_top_resumed_gained_called: [266749519,com.sina.weibo.SplashActivity,topStateChangedWhenResumed]
12-19 14:48:02.726 13685 13685 I wm_on_application_create_called: [0,com.sina.weibo,227]
12-19 14:48:02.944  3324  3324 I wm_on_stop_called: [0,49012036,com.miui.home.launcher.Launcher,STOP_ACTIVITY_ITEM,18]
12-19 14:48:02.997 13546 13546 I wm_on_top_resumed_lost_called: [266749519,com.sina.weibo.SplashActivity,topStateChangedWhenResumed]
12-19 14:48:03.022 13546 13546 I wm_on_paused_called: [0,266749519,com.sina.weibo.SplashActivity,performPause,0]
12-19 14:48:03.204  3324  3324 I com.miui.home: CheckGCForNative gc_urgency 0 current_native_bytes is 124794867
12-19 14:48:03.223  3324  3324 I wm_on_restart_called: [0,49012036,com.miui.home.launcher.Launcher,,0]
12-19 14:48:03.225  3324  3324 I wm_on_start_called: [0,49012036,com.miui.home.launcher.Launcher,handleStartActivity,2]
12-19 14:48:03.244  3324  3324 I wm_on_resume_called: [0,49012036,com.miui.home.launcher.Launcher,RESUME_ACTIVITY,17]
12-19 14:48:03.246  3324  3324 I wm_on_top_resumed_gained_called: [49012036,com.miui.home.launcher.Launcher,topWhenResuming]
12-19 14:48:03.329  3324  3324 I wm_on_idle_called: com.miui.home.launcher.Launcher
12-19 14:48:03.463  3324  4005 I com.miui.home: CheckGCForNative gc_urgency 0 current_native_bytes is 124152667
12-19 14:48:03.495  3324  4005 I com.miui.home: CheckGCForNative adj_start_bytes: 42755499 NativeAllocationGcWatermark: 11581929 java_gc_start_bytes: 25382606 kNewNativeDiscountFactor: 2 kOldNativeDiscountFactor: 65536 old_native_bytes: 124152667 new_native_bytes: 136432 add_bytes_allowed: 34745787 is_gc_concurrent: 1 target_footprint_: 25546574 GetBytesAllocated: 13862177 HeapGrowthMultiplier: 3
12-19 14:48:03.495  3324  4005 I com.miui.home: CheckGCForNative gc_urgency 0.32586 current_native_bytes is 124289099
12-19 14:48:03.530  3324  3382 I com.miui.home: CheckGCForNative adj_start_bytes: 42755499 NativeAllocationGcWatermark: 11581929 java_gc_start_bytes: 25382606 kNewNativeDiscountFactor: 2 kOldNativeDiscountFactor: 65536 old_native_bytes: 124152667 new_native_bytes: 10859504 add_bytes_allowed: 34745787 is_gc_concurrent: 1 target_footprint_: 25546574 GetBytesAllocated: 13923186 HeapGrowthMultiplier: 3
12-19 14:48:03.530  3324  3382 I com.miui.home: CheckGCForNative gc_urgency 0.452686 current_native_bytes is 135012171
12-19 14:48:03.553  3324  3382 I com.miui.home: CheckGCForNative adj_start_bytes: 42755499 NativeAllocationGcWatermark: 11581929 java_gc_start_bytes: 25382606 kNewNativeDiscountFactor: 2 kOldNativeDiscountFactor: 65536 old_native_bytes: 124152667 new_native_bytes: 21792688 add_bytes_allowed: 34745787 is_gc_concurrent: 1 target_footprint_: 25546574 GetBytesAllocated: 13933272 HeapGrowthMultiplier: 3
12-19 14:48:03.553  3324  3382 I com.miui.home: CheckGCForNative gc_urgency 0.580779 current_native_bytes is 145945355
12-19 14:48:03.686  3324  3381 I com.miui.home: CheckGCForNative adj_start_bytes: 42755499 NativeAllocationGcWatermark: 11581929 java_gc_start_bytes: 25382606 kNewNativeDiscountFactor: 2 kOldNativeDiscountFactor: 65536 old_native_bytes: 124152667 new_native_bytes: 21918160 add_bytes_allowed: 34745787 is_gc_concurrent: 1 target_footprint_: 25546574 GetBytesAllocated: 14116381 HeapGrowthMultiplier: 3
12-19 14:48:03.686  3324  3381 I com.miui.home: CheckGCForNative gc_urgency 0.586529 current_native_bytes is 146070827
12-19 14:48:03.713  3324  4005 I com.miui.home: CheckGCForNative adj_start_bytes: 42755499 NativeAllocationGcWatermark: 11581929 java_gc_start_bytes: 25382606 kNewNativeDiscountFactor: 2 kOldNativeDiscountFactor: 65536 old_native_bytes: 124152667 new_native_bytes: 21920112 add_bytes_allowed: 34745787 is_gc_concurrent: 1 target_footprint_: 25546574 GetBytesAllocated: 14130620 HeapGrowthMultiplier: 3
12-19 14:48:03.713  3324  4005 I com.miui.home: CheckGCForNative gc_urgency 0.586885 current_native_bytes is 146072779
12-19 14:48:03.791 13883 13883 I wm_on_application_create_called: [0,com.lbe.security.miui,229]
12-19 14:48:03.840  3324  3734 I com.miui.home: CheckGCForNative adj_start_bytes: 42755499 NativeAllocationGcWatermark: 11581929 java_gc_start_bytes: 25382606 kNewNativeDiscountFactor: 2 kOldNativeDiscountFactor: 65536 old_native_bytes: 124152667 new_native_bytes: 11220976 add_bytes_allowed: 34745787 is_gc_concurrent: 1 target_footprint_: 25546574 GetBytesAllocated: 14196887 HeapGrowthMultiplier: 3
12-19 14:48:03.840  3324  3734 I com.miui.home: CheckGCForNative gc_urgency 0.463315 current_native_bytes is 135373643
12-19 14:48:04.068  3324  3733 I com.miui.home: CheckGCForNative adj_start_bytes: 42755499 NativeAllocationGcWatermark: 11581929 java_gc_start_bytes: 25382606 kNewNativeDiscountFactor: 2 kOldNativeDiscountFactor: 65536 old_native_bytes: 124152667 new_native_bytes: 21944144 add_bytes_allowed: 34745787 is_gc_concurrent: 1 target_footprint_: 25546574 GetBytesAllocated: 14284196 HeapGrowthMultiplier: 3
12-19 14:48:04.068  3324  3733 I com.miui.home: CheckGCForNative gc_urgency 0.590758 current_native_bytes is 146096811
12-19 14:48:04.082 13546 13546 I wm_on_create_called: [0,203474577,com.sina.weibo.VisitorMainTabActivity,performCreate,1011]
12-19 14:48:04.084 13546 13546 I wm_on_start_called: [0,203474577,com.sina.weibo.VisitorMainTabActivity,handleStartActivity,1]
12-19 14:48:04.087  3324  3733 I com.miui.home: CheckGCForNative adj_start_bytes: 42755499 NativeAllocationGcWatermark: 11581929 java_gc_start_bytes: 25382606 kNewNativeDiscountFactor: 2 kOldNativeDiscountFactor: 65536 old_native_bytes: 124152667 new_native_bytes: 32651408 add_bytes_allowed: 34745787 is_gc_concurrent: 1 target_footprint_: 25546574 GetBytesAllocated: 14284388 HeapGrowthMultiplier: 3
12-19 14:48:04.087  3324  3733 I com.miui.home: CheckGCForNative gc_urgency 0.715978 current_native_bytes is 156804075
12-19 14:48:04.101  3324  3381 I com.miui.home: CheckGCForNative adj_start_bytes: 42755499 NativeAllocationGcWatermark: 11581929 java_gc_start_bytes: 25382606 kNewNativeDiscountFactor: 2 kOldNativeDiscountFactor: 65536 old_native_bytes: 124152667 new_native_bytes: 32651408 add_bytes_allowed: 34745787 is_gc_concurrent: 1 target_footprint_: 25546574 GetBytesAllocated: 14284388 HeapGrowthMultiplier: 3
12-19 14:48:04.101  3324  3381 I com.miui.home: CheckGCForNative gc_urgency 0.715978 current_native_bytes is 156804075
12-19 14:48:04.401  3324  3324 I wm_on_top_resumed_lost_called: [49012036,com.miui.home.launcher.Launcher,topStateChangedWhenResumed]
12-19 14:48:04.408  3324  3324 I wm_on_paused_called: [0,49012036,com.miui.home.launcher.Launcher,performPause,3]
12-19 14:48:04.817  3324  4005 I com.miui.home: CheckGCForNative adj_start_bytes: 42755499 NativeAllocationGcWatermark: 11581929 java_gc_start_bytes: 25382606 kNewNativeDiscountFactor: 2 kOldNativeDiscountFactor: 65536 old_native_bytes: 124152667 new_native_bytes: 21952824 add_bytes_allowed: 34745787 is_gc_concurrent: 1 target_footprint_: 25546574 GetBytesAllocated: 15370159 HeapGrowthMultiplier: 3
12-19 14:48:04.817  3324  4005 I com.miui.home: CheckGCForNative gc_urgency 0.616259 current_native_bytes is 146105491
12-19 14:48:04.818  3324  4005 I com.miui.home: CheckGCForNative adj_start_bytes: 42755499 NativeAllocationGcWatermark: 11581929 java_gc_start_bytes: 25382606 kNewNativeDiscountFactor: 2 kOldNativeDiscountFactor: 65536 old_native_bytes: 124152667 new_native_bytes: 21962132 add_bytes_allowed: 34745787 is_gc_concurrent: 1 target_footprint_: 25546574 GetBytesAllocated: 15370159 HeapGrowthMultiplier: 3
12-19 14:48:04.818  3324  4005 I com.miui.home: CheckGCForNative gc_urgency 0.616751 current_native_bytes is 146114799
12-19 14:48:04.984  3324  4005 I com.miui.home: CheckGCForNative adj_start_bytes: 42755499 NativeAllocationGcWatermark: 11581929 java_gc_start_bytes: 25382606 kNewNativeDiscountFactor: 2 kOldNativeDiscountFactor: 65536 old_native_bytes: 124152667 new_native_bytes: 32851980 add_bytes_allowed: 34745787 is_gc_concurrent: 1 target_footprint_: 25546574 GetBytesAllocated: 15721103 HeapGrowthMultiplier: 3
12-19 14:48:04.984  3324  4005 I com.miui.home: CheckGCForNative gc_urgency 0.751926 current_native_bytes is 157004647
12-19 14:48:05.085  3324  3734 I com.miui.home: CheckGCForNative adj_start_bytes: 42755499 NativeAllocationGcWatermark: 11581929 java_gc_start_bytes: 25382606 kNewNativeDiscountFactor: 2 kOldNativeDiscountFactor: 65536 old_native_bytes: 124152667 new_native_bytes: 22113292 add_bytes_allowed: 34745787 is_gc_concurrent: 1 target_footprint_: 25546574 GetBytesAllocated: 15756297 HeapGrowthMultiplier: 3
12-19 14:48:05.085  3324  3734 I com.miui.home: CheckGCForNative gc_urgency 0.627167 current_native_bytes is 146265959
12-19 14:48:05.300 13883 13883 I wm_on_create_called: [0,246848207,com.android.packageinstaller.permission.ui.GrantPermissionsActivity,performCreate,1476]
12-19 14:48:05.343 13883 13883 I wm_on_start_called: [0,246848207,com.android.packageinstaller.permission.ui.GrantPermissionsActivity,handleStartActivity,6]
12-19 14:48:05.353 13883 13883 I wm_on_resume_called: [0,246848207,com.android.packageinstaller.permission.ui.GrantPermissionsActivity,RESUME_ACTIVITY,7]
12-19 14:48:05.487 13883 13883 I wm_on_paused_called: [0,246848207,com.android.packageinstaller.permission.ui.GrantPermissionsActivity,performPause,3]
12-19 14:48:05.525 14033 14033 I wm_on_application_create_called: [0,com.UCMobile,443]
12-19 14:48:05.605 13883 13883 I wm_on_stop_called: [0,246848207,com.android.packageinstaller.permission.ui.GrantPermissionsActivity,STOP_ACTIVITY_ITEM,117]
12-19 14:48:06.065 13883 13883 I wm_on_destroy_called: [0,246848207,com.android.packageinstaller.permission.ui.GrantPermissionsActivity,performDestroy,7]
12-19 14:48:06.131 13546 13546 I wm_on_create_called: [0,0,com.sina.weibo.feed.visitor.VisitorHomeActivity,performCreate,1758]
12-19 14:48:06.146 13546 13546 I wm_on_start_called: [0,0,com.sina.weibo.feed.visitor.VisitorHomeActivity,handleStartActivity,13]
12-19 14:48:06.483 14033 14033 I wm_on_create_called: [0,48908910,com.UCMobile.main.UCMobile,performCreate,856]
12-19 14:48:06.725  3324  3324 I wm_on_resume_called: [0,49012036,com.miui.home.launcher.Launcher,RESUME_ACTIVITY,17]
12-19 14:48:06.819  3324  3324 I com.miui.home: CheckGCForNative adj_start_bytes: 42755499 NativeAllocationGcWatermark: 11581929 java_gc_start_bytes: 25382606 kNewNativeDiscountFactor: 2 kOldNativeDiscountFactor: 65536 old_native_bytes: 124152667 new_native_bytes: 22036600 add_bytes_allowed: 34745787 is_gc_concurrent: 1 target_footprint_: 25546574 GetBytesAllocated: 16810952 HeapGrowthMultiplier: 3
12-19 14:48:06.819  3324  3324 I com.miui.home: CheckGCForNative gc_urgency 0.650937 current_native_bytes is 146189267
12-19 14:48:06.824  3324  3324 I wm_on_idle_called: com.miui.home.launcher.Launcher
12-19 14:48:06.964  3324  4004 I com.miui.home: CheckGCForNative adj_start_bytes: 42755499 NativeAllocationGcWatermark: 11581929 java_gc_start_bytes: 25382606 kNewNativeDiscountFactor: 2 kOldNativeDiscountFactor: 65536 old_native_bytes: 124152667 new_native_bytes: 22017864 add_bytes_allowed: 34745787 is_gc_concurrent: 1 target_footprint_: 25546574 GetBytesAllocated: 17203427 HeapGrowthMultiplier: 3
12-19 14:48:06.964  3324  4004 I com.miui.home: CheckGCForNative gc_urgency 0.659898 current_native_bytes is 146170531
12-19 14:48:07.084 13546 13546 I wm_on_resume_called: [0,0,com.sina.weibo.feed.visitor.VisitorHomeActivity,moveToState-INITIALIZING,936]
12-19 14:48:07.188  3324  3324 I wm_on_top_resumed_gained_called: [49012036,com.miui.home.launcher.Launcher,topStateChangedWhenResumed]
12-19 14:48:07.234 13546 13546 I wm_on_resume_called: [0,203474577,com.sina.weibo.VisitorMainTabActivity,LIFECYCLER_RESUME_ACTIVITY,3146]
12-19 14:48:07.237  3324  4004 I com.miui.home: CheckGCForNative adj_start_bytes: 42755499 NativeAllocationGcWatermark: 11581929 java_gc_start_bytes: 25382606 kNewNativeDiscountFactor: 2 kOldNativeDiscountFactor: 65536 old_native_bytes: 124152667 new_native_bytes: 32717448 add_bytes_allowed: 34745787 is_gc_concurrent: 1 target_footprint_: 25546574 GetBytesAllocated: 17973625 HeapGrowthMultiplier: 3
12-19 14:48:07.237  3324  4004 I com.miui.home: CheckGCForNative gc_urgency 0.803037 current_native_bytes is 156870115
12-19 14:48:07.238  3324  4004 I com.miui.home: CheckGCForNative adj_start_bytes: 42755499 NativeAllocationGcWatermark: 11581929 java_gc_start_bytes: 25382606 kNewNativeDiscountFactor: 2 kOldNativeDiscountFactor: 65536 old_native_bytes: 124152667 new_native_bytes: 43424392 add_bytes_allowed: 34745787 is_gc_concurrent: 1 target_footprint_: 25546574 GetBytesAllocated: 17986248 HeapGrowthMultiplier: 3
12-19 14:48:07.238  3324  4004 I com.miui.home: CheckGCForNative gc_urgency 0.928543 current_native_bytes is 167577059
12-19 14:48:07.273  3324  3382 I com.miui.home: CheckGCForNative adj_start_bytes: 42755499 NativeAllocationGcWatermark: 11581929 java_gc_start_bytes: 25382606 kNewNativeDiscountFactor: 2 kOldNativeDiscountFactor: 65536 old_native_bytes: 124152667 new_native_bytes: 43447064 add_bytes_allowed: 34745787 is_gc_concurrent: 1 target_footprint_: 25546574 GetBytesAllocated: 18040646 HeapGrowthMultiplier: 3
12-19 14:48:07.273  3324  3382 I com.miui.home: CheckGCForNative gc_urgency 0.930081 current_native_bytes is 167599731
12-19 14:48:07.340  3324  3324 I wm_on_top_resumed_lost_called: [49012036,com.miui.home.launcher.Launcher,topStateChangedWhenResumed]
12-19 14:48:07.452  3324  3734 I com.miui.home: CheckGCForNative adj_start_bytes: 42755499 NativeAllocationGcWatermark: 11581929 java_gc_start_bytes: 25382606 kNewNativeDiscountFactor: 2 kOldNativeDiscountFactor: 65536 old_native_bytes: 124152667 new_native_bytes: 32953164 add_bytes_allowed: 34745787 is_gc_concurrent: 1 target_footprint_: 25546574 GetBytesAllocated: 18337818 HeapGrowthMultiplier: 3
12-19 14:48:07.452  3324  3734 I com.miui.home: CheckGCForNative gc_urgency 0.814312 current_native_bytes is 157105831
12-19 14:48:07.554  3324  3324 I wm_on_paused_called: [0,49012036,com.miui.home.launcher.Launcher,performPause,3]
12-19 14:48:07.593 14033 14033 I wm_on_create_called: [0,261992762,com.uc.browser.InnerUCMobile,performCreate,720]
12-19 14:48:07.628 14033 14033 I wm_on_start_called: [0,261992762,com.uc.browser.InnerUCMobile,handleStartActivity,34]
12-19 14:48:07.752  3324  3733 I com.miui.home: CheckGCForNative adj_start_bytes: 42755499 NativeAllocationGcWatermark: 11581929 java_gc_start_bytes: 25382606 kNewNativeDiscountFactor: 2 kOldNativeDiscountFactor: 65536 old_native_bytes: 124152667 new_native_bytes: 43471020 add_bytes_allowed: 34745787 is_gc_concurrent: 1 target_footprint_: 25546574 GetBytesAllocated: 18706378 HeapGrowthMultiplier: 3
12-19 14:48:07.752  3324  3733 I com.miui.home: CheckGCForNative gc_urgency 0.945932 current_native_bytes is 167623687
12-19 14:48:07.753  3324  3733 I com.miui.home: CheckGCForNative adj_start_bytes: 42755499 NativeAllocationGcWatermark: 11581929 java_gc_start_bytes: 25382606 kNewNativeDiscountFactor: 2 kOldNativeDiscountFactor: 65536 old_native_bytes: 124152667 new_native_bytes: 54177964 add_bytes_allowed: 34745787 is_gc_concurrent: 1 target_footprint_: 25546574 GetBytesAllocated: 18712677 HeapGrowthMultiplier: 3
12-19 14:48:07.753  3324  3733 I com.miui.home: CheckGCForNative gc_urgency 1.07129 current_native_bytes is 178330631
12-19 14:48:07.753  3324  3733 I com.miui.home: CheckGCForNative requested 1
12-19 14:48:07.777  3324  4005 I com.miui.home: CheckGCForNative adj_start_bytes: 42755499 NativeAllocationGcWatermark: 11581929 java_gc_start_bytes: 25382606 kNewNativeDiscountFactor: 2 kOldNativeDiscountFactor: 65536 old_native_bytes: 124152667 new_native_bytes: 54178460 add_bytes_allowed: 34745787 is_gc_concurrent: 1 target_footprint_: 25546574 GetBytesAllocated: 18734290 HeapGrowthMultiplier: 3
12-19 14:48:07.777  3324  4005 I com.miui.home: CheckGCForNative gc_urgency 1.0718 current_native_bytes is 178331127
12-19 14:48:07.777  3324  4005 I com.miui.home: CheckGCForNative requested 1
12-19 14:48:07.817 13546 13546 I wm_on_paused_called: [0,0,com.sina.weibo.feed.visitor.VisitorHomeActivity,performPause,36]
12-19 14:48:07.834  3324  3324 I wm_on_stop_called: [0,49012036,com.miui.home.launcher.Launcher,STOP_ACTIVITY_ITEM,23]
12-19 14:48:07.864 14033 14033 I wm_on_resume_called: [0,261992762,com.uc.browser.InnerUCMobile,RESUME_ACTIVITY,208]
12-19 14:48:07.888  3324 11162 I com.miui.home: CheckGCForNative adj_start_bytes: 42755499 NativeAllocationGcWatermark: 11581929 java_gc_start_bytes: 25382606 kNewNativeDiscountFactor: 2 kOldNativeDiscountFactor: 65536 old_native_bytes: 124152667 new_native_bytes: 54224540 add_bytes_allowed: 34745787 is_gc_concurrent: 1 target_footprint_: 25546574 GetBytesAllocated: 18825492 HeapGrowthMultiplier: 3
12-19 14:48:07.888  3324 11162 I com.miui.home: CheckGCForNative gc_urgency 1.07447 current_native_bytes is 178377207
12-19 14:48:07.888  3324 11162 I com.miui.home: CheckGCForNative requested 1
12-19 14:48:07.889  3324  3324 I com.miui.home: CheckGCForNative adj_start_bytes: 42755499 NativeAllocationGcWatermark: 11581929 java_gc_start_bytes: 25382606 kNewNativeDiscountFactor: 2 kOldNativeDiscountFactor: 65536 old_native_bytes: 124152667 new_native_bytes: 64931484 add_bytes_allowed: 34745787 is_gc_concurrent: 1 target_footprint_: 25546574 GetBytesAllocated: 18833115 HeapGrowthMultiplier: 3
12-19 14:48:07.889  3324  3324 I com.miui.home: CheckGCForNative gc_urgency 1.19986 current_native_bytes is 189084151
12-19 14:48:07.889  3324  3324 I com.miui.home: CheckGCForNative requested 1
12-19 14:48:07.971  3324  3375 I com.miui.home: NativeAlloc concurrent copying GC freed 124665(5385KB) AllocSpace objects, 16(496KB) LOS objects, 49% free, 12MB/24MB, paused 93us,123us total 217.421ms
12-19 14:48:07.986 13546 13546 I wm_on_paused_called: [0,203474577,com.sina.weibo.VisitorMainTabActivity,performPause,701]
12-19 14:48:08.126 14033 14033 I wm_on_top_resumed_gained_called: [261992762,com.uc.browser.InnerUCMobile,topStateChangedWhenResumed]
12-19 14:48:08.126 14033 14033 I wm_on_top_resumed_lost_called: [261992762,com.uc.browser.InnerUCMobile,topStateChangedWhenResumed]
12-19 14:48:08.215  3324  4005 I com.miui.home: CheckGCForNative gc_urgency 0 current_native_bytes is 122411351
12-19 14:48:08.278 14033 14033 I wm_on_top_resumed_gained_called: [261992762,com.uc.browser.InnerUCMobile,topStateChangedWhenResumed]
12-19 14:48:08.312 13546 13546 I wm_on_stop_called: [0,266749519,com.sina.weibo.SplashActivity,LIFECYCLER_STOP_ACTIVITY,7]
12-19 14:48:08.313 13546 13546 I wm_on_destroy_called: [0,266749519,com.sina.weibo.SplashActivity,performDestroy,1]
12-19 14:48:08.353  3324  4005 I com.miui.home: CheckGCForNative gc_urgency 0 current_native_bytes is 122970367
12-19 14:48:08.355  3324  4005 I com.miui.home: CheckGCForNative adj_start_bytes: 43954038 NativeAllocationGcWatermark: 11746020 java_gc_start_bytes: 26335008 kNewNativeDiscountFactor: 2 kOldNativeDiscountFactor: 65536 old_native_bytes: 122970367 new_native_bytes: 10706944 add_bytes_allowed: 35238060 is_gc_concurrent: 1 target_footprint_: 26859296 GetBytesAllocated: 13486270 HeapGrowthMultiplier: 3
12-19 14:48:08.355  3324  4005 I com.miui.home: CheckGCForNative gc_urgency 0.428666 current_native_bytes is 133677311
12-19 14:48:08.408  3324  3324 I wm_on_restart_called: [0,49012036,com.miui.home.launcher.Launcher,,0]
12-19 14:48:08.410  3324  3324 I wm_on_start_called: [0,49012036,com.miui.home.launcher.Launcher,handleStartActivity,2]
12-19 14:48:08.429  3324  3324 I wm_on_resume_called: [0,49012036,com.miui.home.launcher.Launcher,RESUME_ACTIVITY,17]
12-19 14:48:08.556  3324  3324 I wm_on_idle_called: com.miui.home.launcher.Launcher
12-19 14:48:08.665  3324  4004 I com.miui.home: CheckGCForNative adj_start_bytes: 43954038 NativeAllocationGcWatermark: 11746020 java_gc_start_bytes: 26335008 kNewNativeDiscountFactor: 2 kOldNativeDiscountFactor: 65536 old_native_bytes: 122970367 new_native_bytes: 10758644 add_bytes_allowed: 35238060 is_gc_concurrent: 1 target_footprint_: 26859296 GetBytesAllocated: 14358205 HeapGrowthMultiplier: 3
12-19 14:48:08.666  3324  4004 I com.miui.home: CheckGCForNative gc_urgency 0.449092 current_native_bytes is 133729011
12-19 14:48:08.668  3324  3324 I com.miui.home: CheckGCForNative adj_start_bytes: 43954038 NativeAllocationGcWatermark: 11746020 java_gc_start_bytes: 26335008 kNewNativeDiscountFactor: 2 kOldNativeDiscountFactor: 65536 old_native_bytes: 122970367 new_native_bytes: 21465588 add_bytes_allowed: 35238060 is_gc_concurrent: 1 target_footprint_: 26859296 GetBytesAllocated: 14373767 HeapGrowthMultiplier: 3
12-19 14:48:08.668  3324  3324 I com.miui.home: CheckGCForNative gc_urgency 0.571243 current_native_bytes is 144435955
12-19 14:48:08.671  3324  3382 I com.miui.home: CheckGCForNative adj_start_bytes: 43954038 NativeAllocationGcWatermark: 11746020 java_gc_start_bytes: 26335008 kNewNativeDiscountFactor: 2 kOldNativeDiscountFactor: 65536 old_native_bytes: 122970367 new_native_bytes: 21468276 add_bytes_allowed: 35238060 is_gc_concurrent: 1 target_footprint_: 26859296 GetBytesAllocated: 14373767 HeapGrowthMultiplier: 3
12-19 14:48:08.672  3324  3382 I com.miui.home: CheckGCForNative gc_urgency 0.571274 current_native_bytes is 144438643
12-19 14:48:08.717 14033 14033 I wm_on_destroy_called: [0,48908910,com.UCMobile.main.UCMobile,performDestroy,0]
12-19 14:48:08.829  3324  3734 I com.miui.home: CheckGCForNative adj_start_bytes: 43954038 NativeAllocationGcWatermark: 11746020 java_gc_start_bytes: 26335008 kNewNativeDiscountFactor: 2 kOldNativeDiscountFactor: 65536 old_native_bytes: 122970367 new_native_bytes: 10787028 add_bytes_allowed: 35238060 is_gc_concurrent: 1 target_footprint_: 26859296 GetBytesAllocated: 14501553 HeapGrowthMultiplier: 3
12-19 14:48:08.829  3324  3734 I com.miui.home: CheckGCForNative gc_urgency 0.452676 current_native_bytes is 133757395
12-19 14:48:08.841 13546 13546 I wm_on_stop_called: [0,0,com.sina.weibo.feed.visitor.VisitorHomeActivity,moveToState-STARTED,50]
12-19 14:48:08.841 13546 13546 I wm_on_stop_called: [0,203474577,com.sina.weibo.VisitorMainTabActivity,STOP_ACTIVITY_ITEM,54]
12-19 14:48:08.900  3324  3324 I wm_on_top_resumed_gained_called: [49012036,com.miui.home.launcher.Launcher,topStateChangedWhenResumed]
12-19 14:48:09.085  3324  3734 I com.miui.home: CheckGCForNative adj_start_bytes: 43954038 NativeAllocationGcWatermark: 11746020 java_gc_start_bytes: 26335008 kNewNativeDiscountFactor: 2 kOldNativeDiscountFactor: 65536 old_native_bytes: 122970367 new_native_bytes: 10849652 add_bytes_allowed: 35238060 is_gc_concurrent: 1 target_footprint_: 26859296 GetBytesAllocated: 14606819 HeapGrowthMultiplier: 3
12-19 14:48:09.085  3324  3734 I com.miui.home: CheckGCForNative gc_urgency 0.455783 current_native_bytes is 133820019
12-19 14:48:09.172  3324  3381 I com.miui.home: CheckGCForNative adj_start_bytes: 43954038 NativeAllocationGcWatermark: 11746020 java_gc_start_bytes: 26335008 kNewNativeDiscountFactor: 2 kOldNativeDiscountFactor: 65536 old_native_bytes: 122970367 new_native_bytes: 21595156 add_bytes_allowed: 35238060 is_gc_concurrent: 1 target_footprint_: 26859296 GetBytesAllocated: 14648447 HeapGrowthMultiplier: 3
12-19 14:48:09.172  3324  3381 I com.miui.home: CheckGCForNative gc_urgency 0.578966 current_native_bytes is 144565523
12-19 14:48:09.176  3324  3733 I com.miui.home: CheckGCForNative adj_start_bytes: 43954038 NativeAllocationGcWatermark: 11746020 java_gc_start_bytes: 26335008 kNewNativeDiscountFactor: 2 kOldNativeDiscountFactor: 65536 old_native_bytes: 122970367 new_native_bytes: 32302932 add_bytes_allowed: 35238060 is_gc_concurrent: 1 target_footprint_: 26859296 GetBytesAllocated: 14648447 HeapGrowthMultiplier: 3
12-19 14:48:09.176  3324  3733 I com.miui.home: CheckGCForNative gc_urgency 0.700773 current_native_bytes is 155273299
12-19 14:48:09.177  3324  3324 I com.miui.home: CheckGCForNative adj_start_bytes: 43954038 NativeAllocationGcWatermark: 11746020 java_gc_start_bytes: 26335008 kNewNativeDiscountFactor: 2 kOldNativeDiscountFactor: 65536 old_native_bytes: 122970367 new_native_bytes: 43010644 add_bytes_allowed: 35238060 is_gc_concurrent: 1 target_footprint_: 26859296 GetBytesAllocated: 14669272 HeapGrowthMultiplier: 3
12-19 14:48:09.178  3324  3324 I com.miui.home: CheckGCForNative gc_urgency 0.823052 current_native_bytes is 165981011
12-19 14:48:09.386  3324  3324 I com.miui.home: CheckGCForNative adj_start_bytes: 43954038 NativeAllocationGcWatermark: 11746020 java_gc_start_bytes: 26335008 kNewNativeDiscountFactor: 2 kOldNativeDiscountFactor: 65536 old_native_bytes: 122970367 new_native_bytes: 21688348 add_bytes_allowed: 35238060 is_gc_concurrent: 1 target_footprint_: 26859296 GetBytesAllocated: 14819413 HeapGrowthMultiplier: 3
12-19 14:48:09.386  3324  3324 I com.miui.home: CheckGCForNative gc_urgency 0.583916 current_native_bytes is 144658715
12-19 14:48:09.433  3324  3324 I wm_on_top_resumed_lost_called: [49012036,com.miui.home.launcher.Launcher,topStateChangedWhenResumed]
12-19 14:48:09.729  3324  3324 I wm_on_paused_called: [0,49012036,com.miui.home.launcher.Launcher,performPause,3]
12-19 14:48:09.963  3324  3734 I com.miui.home: CheckGCForNative adj_start_bytes: 43954038 NativeAllocationGcWatermark: 11746020 java_gc_start_bytes: 26335008 kNewNativeDiscountFactor: 2 kOldNativeDiscountFactor: 65536 old_native_bytes: 122970367 new_native_bytes: 21876844 add_bytes_allowed: 35238060 is_gc_concurrent: 1 target_footprint_: 26859296 GetBytesAllocated: 15361070 HeapGrowthMultiplier: 3
12-19 14:48:09.963  3324  3734 I com.miui.home: CheckGCForNative gc_urgency 0.598383 current_native_bytes is 144847211
12-19 14:48:10.229  3324  3734 I com.miui.home: CheckGCForNative adj_start_bytes: 43954038 NativeAllocationGcWatermark: 11746020 java_gc_start_bytes: 26335008 kNewNativeDiscountFactor: 2 kOldNativeDiscountFactor: 65536 old_native_bytes: 122970367 new_native_bytes: 21891052 add_bytes_allowed: 35238060 is_gc_concurrent: 1 target_footprint_: 26859296 GetBytesAllocated: 15490240 HeapGrowthMultiplier: 3
12-19 14:48:10.229  3324  3734 I com.miui.home: CheckGCForNative gc_urgency 0.601484 current_native_bytes is 144861419
12-19 14:48:10.445  3324  4005 I com.miui.home: CheckGCForNative adj_start_bytes: 43954038 NativeAllocationGcWatermark: 11746020 java_gc_start_bytes: 26335008 kNewNativeDiscountFactor: 2 kOldNativeDiscountFactor: 65536 old_native_bytes: 122970367 new_native_bytes: 21636864 add_bytes_allowed: 35238060 is_gc_concurrent: 1 target_footprint_: 26859296 GetBytesAllocated: 15945845 HeapGrowthMultiplier: 3
12-19 14:48:10.445  3324  4005 I com.miui.home: CheckGCForNative gc_urgency 0.608958 current_native_bytes is 144607231
12-19 14:48:10.514  3324  4005 I com.miui.home: CheckGCForNative adj_start_bytes: 43954038 NativeAllocationGcWatermark: 11746020 java_gc_start_bytes: 26335008 kNewNativeDiscountFactor: 2 kOldNativeDiscountFactor: 65536 old_native_bytes: 122970367 new_native_bytes: 32392640 add_bytes_allowed: 35238060 is_gc_concurrent: 1 target_footprint_: 26859296 GetBytesAllocated: 16188382 HeapGrowthMultiplier: 3
12-19 14:48:10.514  3324  4005 I com.miui.home: CheckGCForNative gc_urgency 0.736828 current_native_bytes is 155363007
12-19 14:48:10.876 14674 14674 I wm_on_create_called: [0,32502933,com.tencent.mtt.SplashActivity,performCreate,60]
12-19 14:48:11.588 13546 13546 I wm_on_idle_called: com.sina.weibo.VisitorMainTabActivity
12-19 14:48:11.617  3324  3324 I wm_on_stop_called: [0,49012036,com.miui.home.launcher.Launcher,STOP_ACTIVITY_ITEM,17]
12-19 14:48:11.685 14674 14674 I wm_on_resume_called: [0,16596662,com.tencent.mtt.MainActivity,RESUME_ACTIVITY,393]
12-19 14:48:11.692 14674 14674 I wm_on_top_resumed_gained_called: [16596662,com.tencent.mtt.MainActivity,topStateChangedWhenResumed]
12-19 14:48:12.074  3324  3324 I wm_on_restart_called: [0,49012036,com.miui.home.launcher.Launcher,,0]
12-19 14:48:12.077  3324  3324 I wm_on_start_called: [0,49012036,com.miui.home.launcher.Launcher,handleStartActivity,3]
12-19 14:48:12.097  3324  3324 I wm_on_resume_called: [0,49012036,com.miui.home.launcher.Launcher,RESUME_ACTIVITY,17]
12-19 14:48:12.237  3324  3324 I wm_on_idle_called: com.miui.home.launcher.Launcher
12-19 14:48:12.393  3324 11162 I com.miui.home: CheckGCForNative gc_urgency 0 current_native_bytes is 132494639
12-19 14:48:12.395  3324 11162 I com.miui.home: CheckGCForNative adj_start_bytes: 42788614 NativeAllocationGcWatermark: 11588859 java_gc_start_bytes: 25405326 kNewNativeDiscountFactor: 2 kOldNativeDiscountFactor: 65536 old_native_bytes: 132494639 new_native_bytes: 10706944 add_bytes_allowed: 34766577 is_gc_concurrent: 1 target_footprint_: 25602014 GetBytesAllocated: 14345309 HeapGrowthMultiplier: 3
12-19 14:48:12.395  3324 11162 I com.miui.home: CheckGCForNative gc_urgency 0.460422 current_native_bytes is 143201583
12-19 14:48:12.396  3324  9846 I com.miui.home: CheckGCForNative adj_start_bytes: 42788614 NativeAllocationGcWatermark: 11588859 java_gc_start_bytes: 25405326 kNewNativeDiscountFactor: 2 kOldNativeDiscountFactor: 65536 old_native_bytes: 132494639 new_native_bytes: 10706944 add_bytes_allowed: 34766577 is_gc_concurrent: 1 target_footprint_: 25602014 GetBytesAllocated: 14355280 HeapGrowthMultiplier: 3
12-19 14:48:12.396  3324  9846 I com.miui.home: CheckGCForNative gc_urgency 0.460655 current_native_bytes is 143201583
12-19 14:48:12.485  3324  3734 I com.miui.home: CheckGCForNative gc_urgency 0 current_native_bytes is 132490063
12-19 14:48:12.561  3324  3324 I wm_on_top_resumed_gained_called: [49012036,com.miui.home.launcher.Launcher,topStateChangedWhenResumed]
12-19 14:48:12.772 14674 14674 I wm_on_destroy_called: [0,32502933,com.tencent.mtt.SplashActivity,performDestroy,1]
12-19 14:48:12.785  3324  3734 I com.miui.home: CheckGCForNative adj_start_bytes: 42788614 NativeAllocationGcWatermark: 11588859 java_gc_start_bytes: 25405326 kNewNativeDiscountFactor: 2 kOldNativeDiscountFactor: 65536 old_native_bytes: 132490063 new_native_bytes: 28864 add_bytes_allowed: 34766577 is_gc_concurrent: 1 target_footprint_: 25602014 GetBytesAllocated: 14578602 HeapGrowthMultiplier: 3
12-19 14:48:12.785  3324  3734 I com.miui.home: CheckGCForNative gc_urgency 0.341097 current_native_bytes is 132518927
12-19 14:48:12.840  3324  3734 I com.miui.home: CheckGCForNative adj_start_bytes: 42788614 NativeAllocationGcWatermark: 11588859 java_gc_start_bytes: 25405326 kNewNativeDiscountFactor: 2 kOldNativeDiscountFactor: 65536 old_native_bytes: 132490063 new_native_bytes: 63024 add_bytes_allowed: 34766577 is_gc_concurrent: 1 target_footprint_: 25602014 GetBytesAllocated: 14618609 HeapGrowthMultiplier: 3
12-19 14:48:12.840  3324  3734 I com.miui.home: CheckGCForNative gc_urgency 0.342431 current_native_bytes is 132553087
12-19 14:48:13.020 14601 14601 I wm_on_application_create_called: [0,com.dragon.read,3080]
12-19 14:48:13.221 14674 14674 I wm_on_top_resumed_lost_called: [16596662,com.tencent.mtt.MainActivity,topStateChangedWhenResumed]
12-19 14:48:13.411 14473 14473 I wm_on_application_create_called: [0,com.dragon.read,4527]
12-19 14:48:13.521 14674 14674 I wm_on_paused_called: [0,16596662,com.tencent.mtt.MainActivity,performPause,1]
12-19 14:48:13.685  3324  4005 I com.miui.home: CheckGCForNative adj_start_bytes: 42788614 NativeAllocationGcWatermark: 11588859 java_gc_start_bytes: 25405326 kNewNativeDiscountFactor: 2 kOldNativeDiscountFactor: 65536 old_native_bytes: 132490063 new_native_bytes: 687120 add_bytes_allowed: 34766577 is_gc_concurrent: 1 target_footprint_: 25602014 GetBytesAllocated: 15355690 HeapGrowthMultiplier: 3
12-19 14:48:13.685  3324  4005 I com.miui.home: CheckGCForNative gc_urgency 0.36695 current_native_bytes is 133177183
12-19 14:48:13.704  3324  4005 I com.miui.home: CheckGCForNative adj_start_bytes: 42788614 NativeAllocationGcWatermark: 11588859 java_gc_start_bytes: 25405326 kNewNativeDiscountFactor: 2 kOldNativeDiscountFactor: 65536 old_native_bytes: 132490063 new_native_bytes: 703652 add_bytes_allowed: 34766577 is_gc_concurrent: 1 target_footprint_: 25602014 GetBytesAllocated: 15363971 HeapGrowthMultiplier: 3
12-19 14:48:13.704  3324  4005 I com.miui.home: CheckGCForNative gc_urgency 0.367336 current_native_bytes is 133193715
12-19 14:48:13.788 14674 14674 I wm_on_stop_called: [0,16596662,com.tencent.mtt.MainActivity,STOP_ACTIVITY_ITEM,50]
12-19 14:48:13.900  3324  4005 I com.miui.home: CheckGCForNative adj_start_bytes: 42788614 NativeAllocationGcWatermark: 11588859 java_gc_start_bytes: 25405326 kNewNativeDiscountFactor: 2 kOldNativeDiscountFactor: 65536 old_native_bytes: 132490063 new_native_bytes: 11928100 add_bytes_allowed: 34766577 is_gc_concurrent: 1 target_footprint_: 25602014 GetBytesAllocated: 15626977 HeapGrowthMultiplier: 3
12-19 14:48:13.900  3324  4005 I com.miui.home: CheckGCForNative gc_urgency 0.504645 current_native_bytes is 144418163
12-19 14:48:13.966 14674 14674 I wm_on_idle_called: com.tencent.mtt.MainActivity
12-19 14:48:14.302 15499 15499 I wm_on_application_create_called: [0,com.tencent.mtt,249]
12-19 14:48:14.550  3324  3324 I wm_on_top_resumed_lost_called: [49012036,com.miui.home.launcher.Launcher,topStateChangedWhenResumed]
12-19 14:48:14.555  3324  3324 I wm_on_paused_called: [0,49012036,com.miui.home.launcher.Launcher,performPause,3]
12-19 14:48:15.140  3324  3734 I com.miui.home: CheckGCForNative adj_start_bytes: 42788614 NativeAllocationGcWatermark: 11588859 java_gc_start_bytes: 25405326 kNewNativeDiscountFactor: 2 kOldNativeDiscountFactor: 65536 old_native_bytes: 132490063 new_native_bytes: 1732696 add_bytes_allowed: 34766577 is_gc_concurrent: 1 target_footprint_: 25602014 GetBytesAllocated: 16838372 HeapGrowthMultiplier: 3
12-19 14:48:15.140  3324  3734 I com.miui.home: CheckGCForNative gc_urgency 0.413819 current_native_bytes is 134222759
12-19 14:48:15.485  3324  3734 I com.miui.home: CheckGCForNative adj_start_bytes: 42788614 NativeAllocationGcWatermark: 11588859 java_gc_start_bytes: 25405326 kNewNativeDiscountFactor: 2 kOldNativeDiscountFactor: 65536 old_native_bytes: 132490063 new_native_bytes: 1829016 add_bytes_allowed: 34766577 is_gc_concurrent: 1 target_footprint_: 25602014 GetBytesAllocated: 17153038 HeapGrowthMultiplier: 3
12-19 14:48:15.485  3324  3734 I com.miui.home: CheckGCForNative gc_urgency 0.422298 current_native_bytes is 134319079
12-19 14:48:15.687 15715 15715 I wm_on_application_create_called: [0,com.youku.phone,596]
12-19 14:48:16.017 15715 15715 I wm_on_create_called: [0,11339177,com.youku.phone.ActivityWelcome,performCreate,254]
12-19 14:48:16.683 15715 15715 I wm_on_create_called: [0,202149435,com.youku.v2.HomePageEntry,performCreate,300]
12-19 14:48:17.306 15715 15715 I wm_on_start_called: [0,202149435,com.youku.v2.HomePageEntry,handleStartActivity,623]
12-19 14:48:17.527 15715 15715 I wm_on_resume_called: [0,202149435,com.youku.v2.HomePageEntry,RESUME_ACTIVITY,211]
12-19 14:48:17.546 15715 15715 I wm_on_top_resumed_gained_called: [202149435,com.youku.v2.HomePageEntry,topStateChangedWhenResumed]
12-19 14:48:17.675  3324  3324 I wm_on_resume_called: [0,49012036,com.miui.home.launcher.Launcher,RESUME_ACTIVITY,19]
12-19 14:48:17.757  3324  3324 I com.miui.home: CheckGCForNative adj_start_bytes: 42788614 NativeAllocationGcWatermark: 11588859 java_gc_start_bytes: 25405326 kNewNativeDiscountFactor: 2 kOldNativeDiscountFactor: 65536 old_native_bytes: 132490063 new_native_bytes: 1806384 add_bytes_allowed: 34766577 is_gc_concurrent: 1 target_footprint_: 25602014 GetBytesAllocated: 18956928 HeapGrowthMultiplier: 3
12-19 14:48:17.757  3324  3324 I com.miui.home: CheckGCForNative gc_urgency 0.464192 current_native_bytes is 134296447
12-19 14:48:17.826  3324  3324 I wm_on_idle_called: com.miui.home.launcher.Launcher
12-19 14:48:17.975  3324  8495 I com.miui.home: CheckGCForNative adj_start_bytes: 42788614 NativeAllocationGcWatermark: 11588859 java_gc_start_bytes: 25405326 kNewNativeDiscountFactor: 2 kOldNativeDiscountFactor: 65536 old_native_bytes: 132490063 new_native_bytes: 2057404 add_bytes_allowed: 34766577 is_gc_concurrent: 1 target_footprint_: 25602014 GetBytesAllocated: 19748601 HeapGrowthMultiplier: 3
12-19 14:48:17.975  3324  8495 I com.miui.home: CheckGCForNative gc_urgency 0.485627 current_native_bytes is 134547467
12-19 14:48:18.366  3324  3382 I com.miui.home: CheckGCForNative adj_start_bytes: 42788614 NativeAllocationGcWatermark: 11588859 java_gc_start_bytes: 25405326 kNewNativeDiscountFactor: 2 kOldNativeDiscountFactor: 65536 old_native_bytes: 132490063 new_native_bytes: 12764212 add_bytes_allowed: 34766577 is_gc_concurrent: 1 target_footprint_: 25602014 GetBytesAllocated: 19846940 HeapGrowthMultiplier: 3
12-19 14:48:18.366  3324  3382 I com.miui.home: CheckGCForNative gc_urgency 0.613038 current_native_bytes is 145254275
12-19 14:48:18.368  3324  3382 I com.miui.home: CheckGCForNative adj_start_bytes: 42788614 NativeAllocationGcWatermark: 11588859 java_gc_start_bytes: 25405326 kNewNativeDiscountFactor: 2 kOldNativeDiscountFactor: 65536 old_native_bytes: 132490063 new_native_bytes: 23471156 add_bytes_allowed: 34766577 is_gc_concurrent: 1 target_footprint_: 25602014 GetBytesAllocated: 19847132 HeapGrowthMultiplier: 3
12-19 14:48:18.368  3324  3382 I com.miui.home: CheckGCForNative gc_urgency 0.738157 current_native_bytes is 155961219
12-19 14:48:18.376  3324  3734 I com.miui.home: CheckGCForNative adj_start_bytes: 42788614 NativeAllocationGcWatermark: 11588859 java_gc_start_bytes: 25405326 kNewNativeDiscountFactor: 2 kOldNativeDiscountFactor: 65536 old_native_bytes: 132490063 new_native_bytes: 12765748 add_bytes_allowed: 34766577 is_gc_concurrent: 1 target_footprint_: 25602014 GetBytesAllocated: 19862313 HeapGrowthMultiplier: 3
12-19 14:48:18.376  3324  3734 I com.miui.home: CheckGCForNative gc_urgency 0.613416 current_native_bytes is 145255811
12-19 14:48:18.448  3324  3324 I wm_on_top_resumed_gained_called: [49012036,com.miui.home.launcher.Launcher,topStateChangedWhenResumed]
12-19 14:48:18.450  3324  3381 I com.miui.home: CheckGCForNative adj_start_bytes: 42788614 NativeAllocationGcWatermark: 11588859 java_gc_start_bytes: 25405326 kNewNativeDiscountFactor: 2 kOldNativeDiscountFactor: 65536 old_native_bytes: 132490063 new_native_bytes: 23583620 add_bytes_allowed: 34766577 is_gc_concurrent: 1 target_footprint_: 25602014 GetBytesAllocated: 19919027 HeapGrowthMultiplier: 3
12-19 14:48:18.450  3324  3381 I com.miui.home: CheckGCForNative gc_urgency 0.741152 current_native_bytes is 156073683
12-19 14:48:18.502  3324  3734 I com.miui.home: CheckGCForNative adj_start_bytes: 42788614 NativeAllocationGcWatermark: 11588859 java_gc_start_bytes: 25405326 kNewNativeDiscountFactor: 2 kOldNativeDiscountFactor: 65536 old_native_bytes: 132490063 new_native_bytes: 12971252 add_bytes_allowed: 34766577 is_gc_concurrent: 1 target_footprint_: 25602014 GetBytesAllocated: 19934677 HeapGrowthMultiplier: 3
12-19 14:48:18.502  3324  3734 I com.miui.home: CheckGCForNative gc_urgency 0.617508 current_native_bytes is 145461315
12-19 14:48:19.092  3324  3324 I com.miui.home: CheckGCForNative adj_start_bytes: 42788614 NativeAllocationGcWatermark: 11588859 java_gc_start_bytes: 25405326 kNewNativeDiscountFactor: 2 kOldNativeDiscountFactor: 65536 old_native_bytes: 132490063 new_native_bytes: 13020636 add_bytes_allowed: 34766577 is_gc_concurrent: 1 target_footprint_: 25602014 GetBytesAllocated: 20132988 HeapGrowthMultiplier: 3
12-19 14:48:19.092  3324  3324 I com.miui.home: CheckGCForNative gc_urgency 0.62272 current_native_bytes is 145510699
12-19 14:48:19.213  3324  3324 I wm_on_top_resumed_lost_called: [49012036,com.miui.home.launcher.Launcher,topStateChangedWhenResumed]
12-19 14:48:19.377 15715 15715 I wm_on_top_resumed_lost_called: [202149435,com.youku.v2.HomePageEntry,topStateChangedWhenResumed]
12-19 14:48:19.404  3324  3324 I wm_on_paused_called: [0,49012036,com.miui.home.launcher.Launcher,performPause,4]
12-19 14:48:19.835  3324  3734 I com.miui.home: CheckGCForNative adj_start_bytes: 42788614 NativeAllocationGcWatermark: 11588859 java_gc_start_bytes: 25405326 kNewNativeDiscountFactor: 2 kOldNativeDiscountFactor: 65536 old_native_bytes: 132490063 new_native_bytes: 13367892 add_bytes_allowed: 34766577 is_gc_concurrent: 1 target_footprint_: 25602014 GetBytesAllocated: 21147280 HeapGrowthMultiplier: 3
12-19 14:48:19.835  3324  3734 I com.miui.home: CheckGCForNative gc_urgency 0.650483 current_native_bytes is 145857955
12-19 14:48:19.857  3324  3734 I com.miui.home: CheckGCForNative adj_start_bytes: 42788614 NativeAllocationGcWatermark: 11588859 java_gc_start_bytes: 25405326 kNewNativeDiscountFactor: 2 kOldNativeDiscountFactor: 65536 old_native_bytes: 132490063 new_native_bytes: 13412584 add_bytes_allowed: 34766577 is_gc_concurrent: 1 target_footprint_: 25602014 GetBytesAllocated: 21275871 HeapGrowthMultiplier: 3
12-19 14:48:19.857  3324  3734 I com.miui.home: CheckGCForNative gc_urgency 0.65401 current_native_bytes is 145902647
12-19 14:48:19.926  3324  4005 I com.miui.home: CheckGCForNative adj_start_bytes: 42788614 NativeAllocationGcWatermark: 11588859 java_gc_start_bytes: 25405326 kNewNativeDiscountFactor: 2 kOldNativeDiscountFactor: 65536 old_native_bytes: 132490063 new_native_bytes: 24206440 add_bytes_allowed: 34766577 is_gc_concurrent: 1 target_footprint_: 25602014 GetBytesAllocated: 21471267 HeapGrowthMultiplier: 3
12-19 14:48:19.926  3324  4005 I com.miui.home: CheckGCForNative gc_urgency 0.784707 current_native_bytes is 156696503
12-19 14:48:20.178 16522 16522 I wm_on_application_create_called: [0,com.quark.browser,225]
12-19 14:48:20.191  3324  3734 I com.miui.home: CheckGCForNative adj_start_bytes: 42788614 NativeAllocationGcWatermark: 11588859 java_gc_start_bytes: 25405326 kNewNativeDiscountFactor: 2 kOldNativeDiscountFactor: 65536 old_native_bytes: 132490063 new_native_bytes: 13466664 add_bytes_allowed: 34766577 is_gc_concurrent: 1 target_footprint_: 25602014 GetBytesAllocated: 21569803 HeapGrowthMultiplier: 3
12-19 14:48:20.191  3324  3734 I com.miui.home: CheckGCForNative gc_urgency 0.661511 current_native_bytes is 145956727
12-19 14:48:20.311 16522 16522 I wm_on_create_called: [0,191513964,com.ucpro.MainActivity,performCreate,91]
12-19 14:48:21.310 16522 16522 I wm_on_create_called: [0,75157844,com.ucpro.BrowserActivity,performCreate,831]
12-19 14:48:21.320 16522 16522 I wm_on_start_called: [0,75157844,com.ucpro.BrowserActivity,handleStartActivity,4]
12-19 14:48:21.329 16522 16522 I wm_on_resume_called: [0,75157844,com.ucpro.BrowserActivity,RESUME_ACTIVITY,8]
12-19 14:48:21.370 16522 16522 I wm_on_top_resumed_gained_called: [75157844,com.ucpro.BrowserActivity,topStateChangedWhenResumed]
12-19 14:48:21.671  3324  3324 I wm_on_resume_called: [0,49012036,com.miui.home.launcher.Launcher,RESUME_ACTIVITY,34]
12-19 14:48:21.689  3324  3324 I wm_on_idle_called: com.miui.home.launcher.Launcher
12-19 14:48:21.758  3324 16380 I com.miui.home: CheckGCForNative adj_start_bytes: 42788614 NativeAllocationGcWatermark: 11588859 java_gc_start_bytes: 25405326 kNewNativeDiscountFactor: 2 kOldNativeDiscountFactor: 65536 old_native_bytes: 132490063 new_native_bytes: 13648136 add_bytes_allowed: 34766577 is_gc_concurrent: 1 target_footprint_: 25602014 GetBytesAllocated: 23272589 HeapGrowthMultiplier: 3
12-19 14:48:21.758  3324 16380 I com.miui.home: CheckGCForNative gc_urgency 0.703427 current_native_bytes is 146138199
12-19 14:48:21.812  3324 16380 I com.miui.home: CheckGCForNative adj_start_bytes: 42788614 NativeAllocationGcWatermark: 11588859 java_gc_start_bytes: 25405326 kNewNativeDiscountFactor: 2 kOldNativeDiscountFactor: 65536 old_native_bytes: 132490063 new_native_bytes: 24359816 add_bytes_allowed: 34766577 is_gc_concurrent: 1 target_footprint_: 25602014 GetBytesAllocated: 23519697 HeapGrowthMultiplier: 3
12-19 14:48:21.812  3324 16380 I com.miui.home: CheckGCForNative gc_urgency 0.834372 current_native_bytes is 156849879
12-19 14:48:21.814  3324 16380 I com.miui.home: CheckGCForNative adj_start_bytes: 42788614 NativeAllocationGcWatermark: 11588859 java_gc_start_bytes: 25405326 kNewNativeDiscountFactor: 2 kOldNativeDiscountFactor: 65536 old_native_bytes: 132490063 new_native_bytes: 35066760 add_bytes_allowed: 34766577 is_gc_concurrent: 1 target_footprint_: 25602014 GetBytesAllocated: 23541940 HeapGrowthMultiplier: 3
12-19 14:48:21.815  3324 16380 I com.miui.home: CheckGCForNative gc_urgency 0.960006 current_native_bytes is 167556823
12-19 14:48:21.816  3324  4429 I com.miui.home: CheckGCForNative adj_start_bytes: 42788614 NativeAllocationGcWatermark: 11588859 java_gc_start_bytes: 25405326 kNewNativeDiscountFactor: 2 kOldNativeDiscountFactor: 65536 old_native_bytes: 132490063 new_native_bytes: 35066760 add_bytes_allowed: 34766577 is_gc_concurrent: 1 target_footprint_: 25602014 GetBytesAllocated: 23555195 HeapGrowthMultiplier: 3
12-19 14:48:21.816  3324  4429 I com.miui.home: CheckGCForNative gc_urgency 0.960316 current_native_bytes is 167556823
12-19 14:48:21.924  3324  3734 I com.miui.home: CheckGCForNative adj_start_bytes: 42788614 NativeAllocationGcWatermark: 11588859 java_gc_start_bytes: 25405326 kNewNativeDiscountFactor: 2 kOldNativeDiscountFactor: 65536 old_native_bytes: 132490063 new_native_bytes: 24485144 add_bytes_allowed: 34766577 is_gc_concurrent: 1 target_footprint_: 25602014 GetBytesAllocated: 24015996 HeapGrowthMultiplier: 3
12-19 14:48:21.924  3324  3734 I com.miui.home: CheckGCForNative gc_urgency 0.847435 current_native_bytes is 156975207
12-19 14:48:22.077  3324  3324 I wm_on_top_resumed_gained_called: [49012036,com.miui.home.launcher.Launcher,topStateChangedWhenResumed]
12-19 14:48:22.269  3324  3734 I com.miui.home: CheckGCForNative adj_start_bytes: 42788614 NativeAllocationGcWatermark: 11588859 java_gc_start_bytes: 25405326 kNewNativeDiscountFactor: 2 kOldNativeDiscountFactor: 65536 old_native_bytes: 132490063 new_native_bytes: 24509976 add_bytes_allowed: 34766577 is_gc_concurrent: 1 target_footprint_: 25602014 GetBytesAllocated: 24250005 HeapGrowthMultiplier: 3
12-19 14:48:22.269  3324  3734 I com.miui.home: CheckGCForNative gc_urgency 0.853195 current_native_bytes is 157000039
12-19 14:48:22.319  3324  3733 I com.miui.home: CheckGCForNative adj_start_bytes: 42788614 NativeAllocationGcWatermark: 11588859 java_gc_start_bytes: 25405326 kNewNativeDiscountFactor: 2 kOldNativeDiscountFactor: 65536 old_native_bytes: 132490063 new_native_bytes: 35160440 add_bytes_allowed: 34766577 is_gc_concurrent: 1 target_footprint_: 25602014 GetBytesAllocated: 24298359 HeapGrowthMultiplier: 3
12-19 14:48:22.319  3324  3733 I com.miui.home: CheckGCForNative gc_urgency 0.978779 current_native_bytes is 167650503
12-19 14:48:22.320  3324  3733 I com.miui.home: CheckGCForNative adj_start_bytes: 42788614 NativeAllocationGcWatermark: 11588859 java_gc_start_bytes: 25405326 kNewNativeDiscountFactor: 2 kOldNativeDiscountFactor: 65536 old_native_bytes: 132490063 new_native_bytes: 45867384 add_bytes_allowed: 34766577 is_gc_concurrent: 1 target_footprint_: 25602014 GetBytesAllocated: 24298551 HeapGrowthMultiplier: 3
12-19 14:48:22.321  3324  3733 I com.miui.home: CheckGCForNative gc_urgency 1.1039 current_native_bytes is 178357447
12-19 14:48:22.321  3324  3733 I com.miui.home: CheckGCForNative requested 1
