12-19 15:45:35.605  3346  3753 I com.miui.home: CheckGCForNative adj_start_bytes: 45148786 NativeAllocationGcWatermark: 11871783 java_gc_start_bytes: 27341112 kNewNativeDiscountFactor: 2 kOldNativeDiscountFactor: 65536 old_native_bytes: 133606599 new_native_bytes: 21477688 add_bytes_allowed: 35615349 is_gc_concurrent: 1 target_footprint_: 27865400 GetBytesAllocated: 14299669 HeapGrowthMultiplier: 3
12-19 15:45:35.605  3346  3753 I com.miui.home: CheckGCForNative gc_urgency 0.554623 current_native_bytes is 155084287
12-19 15:45:35.606  3346  3753 I com.miui.home: CheckGCForNative adj_start_bytes: 45148786 NativeAllocationGcWatermark: 11871783 java_gc_start_bytes: 27341112 kNewNativeDiscountFactor: 2 kOldNativeDiscountFactor: 65536 old_native_bytes: 133606599 new_native_bytes: 32184632 add_bytes_allowed: 35615349 is_gc_concurrent: 1 target_footprint_: 27865400 GetBytesAllocated: 14299861 HeapGrowthMultiplier: 3
12-19 15:45:35.606  3346  3753 I com.miui.home: CheckGCForNative gc_urgency 0.673201 current_native_bytes is 165791231
12-19 15:45:35.646  3346  3840 I com.miui.home: CheckGCForNative adj_start_bytes: 45148786 NativeAllocationGcWatermark: 11871783 java_gc_start_bytes: 27341112 kNewNativeDiscountFactor: 2 kOldNativeDiscountFactor: 65536 old_native_bytes: 133606599 new_native_bytes: 32166456 add_bytes_allowed: 35615349 is_gc_concurrent: 1 target_footprint_: 27865400 GetBytesAllocated: 14304807 HeapGrowthMultiplier: 3
12-19 15:45:35.646  3346  3840 I com.miui.home: CheckGCForNative gc_urgency 0.673109 current_native_bytes is 165773055
12-19 15:45:35.671  3346  3346 I com.miui.home: CheckGCForNative adj_start_bytes: 45148786 NativeAllocationGcWatermark: 11871783 java_gc_start_bytes: 27341112 kNewNativeDiscountFactor: 2 kOldNativeDiscountFactor: 65536 old_native_bytes: 133606599 new_native_bytes: 42803884 add_bytes_allowed: 35615349 is_gc_concurrent: 1 target_footprint_: 27865400 GetBytesAllocated: 14340120 HeapGrowthMultiplier: 3
12-19 15:45:35.671  3346  3346 I com.miui.home: CheckGCForNative gc_urgency 0.791696 current_native_bytes is 176410483
12-19 15:45:35.853  3346  8447 I com.miui.home: CheckGCForNative adj_start_bytes: 45148786 NativeAllocationGcWatermark: 11871783 java_gc_start_bytes: 27341112 kNewNativeDiscountFactor: 2 kOldNativeDiscountFactor: 65536 old_native_bytes: 133606599 new_native_bytes: 42738124 add_bytes_allowed: 35615349 is_gc_concurrent: 1 target_footprint_: 27865400 GetBytesAllocated: 14479046 HeapGrowthMultiplier: 3
12-19 15:45:35.853  3346  8447 I com.miui.home: CheckGCForNative gc_urgency 0.794044 current_native_bytes is 176344723
12-19 15:45:35.903  9805  9805 I wm_on_paused_called: [0,39959136,com.xunmeng.pinduoduo.ui.activity.HomeActivity,performPause,4]
12-19 15:45:35.937  3346  3346 I com.miui.home: CheckGCForNative adj_start_bytes: 45148786 NativeAllocationGcWatermark: 11871783 java_gc_start_bytes: 27341112 kNewNativeDiscountFactor: 2 kOldNativeDiscountFactor: 65536 old_native_bytes: 133606599 new_native_bytes: 53551212 add_bytes_allowed: 35615349 is_gc_concurrent: 1 target_footprint_: 27865400 GetBytesAllocated: 14513936 HeapGrowthMultiplier: 3
12-19 15:45:35.937  3346  3346 I com.miui.home: CheckGCForNative gc_urgency 0.914567 current_native_bytes is 187157811
12-19 15:45:35.938  3346  3346 I wm_on_top_resumed_lost_called: [106785096,com.miui.home.launcher.Launcher,topStateChangedWhenResumed]
12-19 15:45:35.943  3346  3346 I wm_on_paused_called: [0,106785096,com.miui.home.launcher.Launcher,performPause,3]
12-19 15:45:36.209 10267 10267 I wm_on_application_create_called: [0,com.milink.service,672]
12-19 15:45:36.318  9841  9841 I wm_on_application_create_called: [0,com.ss.android.ugc.aweme,2062]
12-19 15:45:36.492  3346  3755 I com.miui.home: CheckGCForNative adj_start_bytes: 45148786 NativeAllocationGcWatermark: 11871783 java_gc_start_bytes: 27341112 kNewNativeDiscountFactor: 2 kOldNativeDiscountFactor: 65536 old_native_bytes: 133606599 new_native_bytes: 43035988 add_bytes_allowed: 35615349 is_gc_concurrent: 1 target_footprint_: 27865400 GetBytesAllocated: 14855650 HeapGrowthMultiplier: 3
12-19 15:45:36.492  3346  3755 I com.miui.home: CheckGCForNative gc_urgency 0.805685 current_native_bytes is 176642587
12-19 15:45:36.570  3346  3755 I com.miui.home: CheckGCForNative adj_start_bytes: 45148786 NativeAllocationGcWatermark: 11871783 java_gc_start_bytes: 27341112 kNewNativeDiscountFactor: 2 kOldNativeDiscountFactor: 65536 old_native_bytes: 133606599 new_native_bytes: 43051700 add_bytes_allowed: 35615349 is_gc_concurrent: 1 target_footprint_: 27865400 GetBytesAllocated: 14879210 HeapGrowthMultiplier: 3
12-19 15:45:36.570  3346  3755 I com.miui.home: CheckGCForNative gc_urgency 0.80638 current_native_bytes is 176658299
12-19 15:45:36.818  3346  3970 I com.miui.home: CheckGCForNative adj_start_bytes: 45148786 NativeAllocationGcWatermark: 11871783 java_gc_start_bytes: 27341112 kNewNativeDiscountFactor: 2 kOldNativeDiscountFactor: 65536 old_native_bytes: 133606599 new_native_bytes: 43143656 add_bytes_allowed: 35615349 is_gc_concurrent: 1 target_footprint_: 27865400 GetBytesAllocated: 15281500 HeapGrowthMultiplier: 3
12-19 15:45:36.818  3346  3970 I com.miui.home: CheckGCForNative gc_urgency 0.816309 current_native_bytes is 176750255
12-19 15:45:36.834  9805  9805 I wm_on_stop_called: [0,39959136,com.xunmeng.pinduoduo.ui.activity.HomeActivity,STOP_ACTIVITY_ITEM,106]
12-19 15:45:36.923  9233  9233 I wm_on_top_resumed_lost_called: [70130380,com.eg.android.AlipayGphone.AlipayLogin,topStateChangedWhenResumed]
12-19 15:45:37.285  3346  3970 I com.miui.home: CheckGCForNative adj_start_bytes: 45148786 NativeAllocationGcWatermark: 11871783 java_gc_start_bytes: 27341112 kNewNativeDiscountFactor: 2 kOldNativeDiscountFactor: 65536 old_native_bytes: 133606599 new_native_bytes: 53740048 add_bytes_allowed: 35615349 is_gc_concurrent: 1 target_footprint_: 27865400 GetBytesAllocated: 16326885 HeapGrowthMultiplier: 3
12-19 15:45:37.285  3346  3970 I com.miui.home: CheckGCForNative gc_urgency 0.956813 current_native_bytes is 187346647
12-19 15:45:38.158  3346  3346 I wm_on_resume_called: [0,106785096,com.miui.home.launcher.Launcher,RESUME_ACTIVITY,20]
12-19 15:45:38.177  3346  3346 I wm_on_idle_called: com.miui.home.launcher.Launcher
12-19 15:45:38.359  3346  9956 I com.miui.home: CheckGCForNative adj_start_bytes: 45148786 NativeAllocationGcWatermark: 11871783 java_gc_start_bytes: 27341112 kNewNativeDiscountFactor: 2 kOldNativeDiscountFactor: 65536 old_native_bytes: 133606599 new_native_bytes: 53994340 add_bytes_allowed: 35615349 is_gc_concurrent: 1 target_footprint_: 27865400 GetBytesAllocated: 17333979 HeapGrowthMultiplier: 3
12-19 15:45:38.359  3346  9956 I com.miui.home: CheckGCForNative gc_urgency 0.981935 current_native_bytes is 187600939
12-19 15:45:38.360  3346  9956 I com.miui.home: CheckGCForNative adj_start_bytes: 45148786 NativeAllocationGcWatermark: 11871783 java_gc_start_bytes: 27341112 kNewNativeDiscountFactor: 2 kOldNativeDiscountFactor: 65536 old_native_bytes: 133606599 new_native_bytes: 64701284 add_bytes_allowed: 35615349 is_gc_concurrent: 1 target_footprint_: 27865400 GetBytesAllocated: 17343812 HeapGrowthMultiplier: 3
12-19 15:45:38.360  3346  9956 I com.miui.home: CheckGCForNative gc_urgency 1.10073 current_native_bytes is 198307883
12-19 15:45:38.360  3346  9956 I com.miui.home: CheckGCForNative requested 1
12-19 15:45:38.369  3346  8069 I com.miui.home: CheckGCForNative adj_start_bytes: 45148786 NativeAllocationGcWatermark: 11871783 java_gc_start_bytes: 27341112 kNewNativeDiscountFactor: 2 kOldNativeDiscountFactor: 65536 old_native_bytes: 133606599 new_native_bytes: 53994212 add_bytes_allowed: 35615349 is_gc_concurrent: 1 target_footprint_: 27865400 GetBytesAllocated: 17362040 HeapGrowthMultiplier: 3
12-19 15:45:38.369  3346  8069 I com.miui.home: CheckGCForNative gc_urgency 0.982555 current_native_bytes is 187600811
12-19 15:45:38.378  3346  8069 I com.miui.home: CheckGCForNative adj_start_bytes: 45148786 NativeAllocationGcWatermark: 11871783 java_gc_start_bytes: 27341112 kNewNativeDiscountFactor: 2 kOldNativeDiscountFactor: 65536 old_native_bytes: 133606599 new_native_bytes: 54013220 add_bytes_allowed: 35615349 is_gc_concurrent: 1 target_footprint_: 27865400 GetBytesAllocated: 17371648 HeapGrowthMultiplier: 3
12-19 15:45:38.378  3346  8069 I com.miui.home: CheckGCForNative gc_urgency 0.982979 current_native_bytes is 187619819
12-19 15:45:38.421  3346  8447 I com.miui.home: CheckGCForNative adj_start_bytes: 45148786 NativeAllocationGcWatermark: 11871783 java_gc_start_bytes: 27341112 kNewNativeDiscountFactor: 2 kOldNativeDiscountFactor: 65536 old_native_bytes: 133606599 new_native_bytes: 64851716 add_bytes_allowed: 35615349 is_gc_concurrent: 1 target_footprint_: 27865400 GetBytesAllocated: 17435162 HeapGrowthMultiplier: 3
12-19 15:45:38.421  3346  8447 I com.miui.home: CheckGCForNative gc_urgency 1.10442 current_native_bytes is 198458315
12-19 15:45:38.421  3346  8447 I com.miui.home: CheckGCForNative requested 1
12-19 15:45:38.475 10910 10910 I wm_on_application_create_called: [0,com.miui.wmsvc,384]
12-19 15:45:38.565  3346  3346 I wm_on_top_resumed_gained_called: [106785096,com.miui.home.launcher.Launcher,topStateChangedWhenResumed]
12-19 15:45:38.596 10861 10861 I wm_on_application_create_called: [0,com.xiaomi.mi_connect_service,605]
12-19 15:45:38.704  3346  3755 I com.miui.home: CheckGCForNative adj_start_bytes: 45148786 NativeAllocationGcWatermark: 11871783 java_gc_start_bytes: 27341112 kNewNativeDiscountFactor: 2 kOldNativeDiscountFactor: 65536 old_native_bytes: 133606599 new_native_bytes: 54162660 add_bytes_allowed: 35615349 is_gc_concurrent: 1 target_footprint_: 27865400 GetBytesAllocated: 17895835 HeapGrowthMultiplier: 3
12-19 15:45:38.704  3346  3755 I com.miui.home: CheckGCForNative gc_urgency 0.996244 current_native_bytes is 187769259
12-19 15:45:38.840  3346  3753 I com.miui.home: CheckGCForNative adj_start_bytes: 45148786 NativeAllocationGcWatermark: 11871783 java_gc_start_bytes: 27341112 kNewNativeDiscountFactor: 2 kOldNativeDiscountFactor: 65536 old_native_bytes: 133606599 new_native_bytes: 64780308 add_bytes_allowed: 35615349 is_gc_concurrent: 1 target_footprint_: 27865400 GetBytesAllocated: 18081976 HeapGrowthMultiplier: 3
12-19 15:45:38.840  3346  3753 I com.miui.home: CheckGCForNative gc_urgency 1.11795 current_native_bytes is 198386907
12-19 15:45:38.840  3346  3753 I com.miui.home: CheckGCForNative requested 1
12-19 15:45:38.843  3346  3753 I com.miui.home: CheckGCForNative adj_start_bytes: 45148786 NativeAllocationGcWatermark: 11871783 java_gc_start_bytes: 27341112 kNewNativeDiscountFactor: 2 kOldNativeDiscountFactor: 65536 old_native_bytes: 133606599 new_native_bytes: 75487572 add_bytes_allowed: 35615349 is_gc_concurrent: 1 target_footprint_: 27865400 GetBytesAllocated: 18082168 HeapGrowthMultiplier: 3
12-19 15:45:38.843  3346  3753 I com.miui.home: CheckGCForNative gc_urgency 1.23653 current_native_bytes is 209094171
12-19 15:45:38.843  3346  3753 I com.miui.home: CheckGCForNative requested 1
12-19 15:45:38.844  3346  8447 I com.miui.home: CheckGCForNative adj_start_bytes: 45148786 NativeAllocationGcWatermark: 11871783 java_gc_start_bytes: 27341112 kNewNativeDiscountFactor: 2 kOldNativeDiscountFactor: 65536 old_native_bytes: 133606599 new_native_bytes: 75489748 add_bytes_allowed: 35615349 is_gc_concurrent: 1 target_footprint_: 27865400 GetBytesAllocated: 18100324 HeapGrowthMultiplier: 3
12-19 15:45:38.844  3346  8447 I com.miui.home: CheckGCForNative gc_urgency 1.23696 current_native_bytes is 209096347
12-19 15:45:38.844  3346  8447 I com.miui.home: CheckGCForNative requested 1
12-19 15:45:38.896  3346  3379 I com.miui.home: NativeAlloc concurrent copying GC freed 95637(4271KB) AllocSpace objects, 16(472KB) LOS objects, 49% free, 12MB/25MB, paused 929us,258us total 535.841ms
12-19 15:45:39.101  9233  9233 I wm_on_paused_called: [0,70130380,com.eg.android.AlipayGphone.AlipayLogin,performPause,1282]
12-19 15:45:39.207  3346  3346 I wm_on_top_resumed_lost_called: [106785096,com.miui.home.launcher.Launcher,topStateChangedWhenResumed]
12-19 15:45:39.384  3346  3346 I wm_on_paused_called: [0,106785096,com.miui.home.launcher.Launcher,performPause,3]
12-19 15:45:39.826  3346  3755 I com.miui.home: CheckGCForNative gc_urgency 0 current_native_bytes is 143157291
12-19 15:45:39.826  3346  3755 I com.miui.home: CheckGCForNative adj_start_bytes: 43702965 NativeAllocationGcWatermark: 11719591 java_gc_start_bytes: 26123579 kNewNativeDiscountFactor: 2 kOldNativeDiscountFactor: 65536 old_native_bytes: 143157291 new_native_bytes: 512 add_bytes_allowed: 35158773 is_gc_concurrent: 1 target_footprint_: 26647867 GetBytesAllocated: 14404117 HeapGrowthMultiplier: 3
12-19 15:45:39.826  3346  3755 I com.miui.home: CheckGCForNative gc_urgency 0.329647 current_native_bytes is 143157803
12-19 15:45:39.901 10683 10683 I wm_on_application_create_called: [0,com.smile.gifmaker,2388]
12-19 15:45:40.114  3346  3755 I com.miui.home: CheckGCForNative adj_start_bytes: 43702965 NativeAllocationGcWatermark: 11719591 java_gc_start_bytes: 26123579 kNewNativeDiscountFactor: 2 kOldNativeDiscountFactor: 65536 old_native_bytes: 143157291 new_native_bytes: 765308 add_bytes_allowed: 35158773 is_gc_concurrent: 1 target_footprint_: 26647867 GetBytesAllocated: 14672225 HeapGrowthMultiplier: 3
12-19 15:45:40.114  3346  3755 I com.miui.home: CheckGCForNative gc_urgency 0.344532 current_native_bytes is 143922599
12-19 15:45:40.596  3346  3970 I com.miui.home: CheckGCForNative adj_start_bytes: 43702965 NativeAllocationGcWatermark: 11719591 java_gc_start_bytes: 26123579 kNewNativeDiscountFactor: 2 kOldNativeDiscountFactor: 65536 old_native_bytes: 143157291 new_native_bytes: 11850940 add_bytes_allowed: 35158773 is_gc_concurrent: 1 target_footprint_: 26647867 GetBytesAllocated: 15072942 HeapGrowthMultiplier: 3
12-19 15:45:40.596  3346  3970 I com.miui.home: CheckGCForNative gc_urgency 0.48053 current_native_bytes is 155008231
12-19 15:45:41.046 11355 11355 I wm_on_application_create_called: [0,com.android.settings,214]
12-19 15:45:41.148 11289 11289 I wm_on_application_create_called: [0,com.tencent.qqlive,435]
12-19 15:45:41.328  3346  3346 I wm_on_resume_called: [0,106785096,com.miui.home.launcher.Launcher,RESUME_ACTIVITY,19]
12-19 15:45:41.446  3346  3346 I com.miui.home: CheckGCForNative adj_start_bytes: 43702965 NativeAllocationGcWatermark: 11719591 java_gc_start_bytes: 26123579 kNewNativeDiscountFactor: 2 kOldNativeDiscountFactor: 65536 old_native_bytes: 143157291 new_native_bytes: 1181512 add_bytes_allowed: 35158773 is_gc_concurrent: 1 target_footprint_: 26647867 GetBytesAllocated: 16072062 HeapGrowthMultiplier: 3
12-19 15:45:41.446  3346  3346 I com.miui.home: CheckGCForNative gc_urgency 0.381324 current_native_bytes is 144338803
12-19 15:45:41.455  3346  3346 I wm_on_idle_called: com.miui.home.launcher.Launcher
12-19 15:45:41.647  3346  3398 I com.miui.home: CheckGCForNative adj_start_bytes: 43702965 NativeAllocationGcWatermark: 11719591 java_gc_start_bytes: 26123579 kNewNativeDiscountFactor: 2 kOldNativeDiscountFactor: 65536 old_native_bytes: 143157291 new_native_bytes: 11892688 add_bytes_allowed: 35158773 is_gc_concurrent: 1 target_footprint_: 26647867 GetBytesAllocated: 16725724 HeapGrowthMultiplier: 3
12-19 15:45:41.647  3346  3398 I com.miui.home: CheckGCForNative gc_urgency 0.518826 current_native_bytes is 155049979
12-19 15:45:41.648  3346  3398 I com.miui.home: CheckGCForNative adj_start_bytes: 43702965 NativeAllocationGcWatermark: 11719591 java_gc_start_bytes: 26123579 kNewNativeDiscountFactor: 2 kOldNativeDiscountFactor: 65536 old_native_bytes: 143157291 new_native_bytes: 22599632 add_bytes_allowed: 35158773 is_gc_concurrent: 1 target_footprint_: 26647867 GetBytesAllocated: 16725916 HeapGrowthMultiplier: 3
12-19 15:45:41.648  3346  3398 I com.miui.home: CheckGCForNative gc_urgency 0.641328 current_native_bytes is 165756923
12-19 15:45:41.704  3346  3755 I com.miui.home: CheckGCForNative adj_start_bytes: 43702965 NativeAllocationGcWatermark: 11719591 java_gc_start_bytes: 26123579 kNewNativeDiscountFactor: 2 kOldNativeDiscountFactor: 65536 old_native_bytes: 143157291 new_native_bytes: 11935328 add_bytes_allowed: 35158773 is_gc_concurrent: 1 target_footprint_: 26647867 GetBytesAllocated: 16775264 HeapGrowthMultiplier: 3
12-19 15:45:41.704  3346  3755 I com.miui.home: CheckGCForNative gc_urgency 0.520448 current_native_bytes is 155092619
12-19 15:45:41.744  3346  3398 I com.miui.home: CheckGCForNative adj_start_bytes: 43702965 NativeAllocationGcWatermark: 11719591 java_gc_start_bytes: 26123579 kNewNativeDiscountFactor: 2 kOldNativeDiscountFactor: 65536 old_native_bytes: 143157291 new_native_bytes: 22676032 add_bytes_allowed: 35158773 is_gc_concurrent: 1 target_footprint_: 26647867 GetBytesAllocated: 16791648 HeapGrowthMultiplier: 3
12-19 15:45:41.744  3346  3398 I com.miui.home: CheckGCForNative gc_urgency 0.643706 current_native_bytes is 165833323
12-19 15:45:41.769  3346  3346 I wm_on_top_resumed_gained_called: [106785096,com.miui.home.launcher.Launcher,topStateChangedWhenResumed]
12-19 15:45:42.026  3346  3755 I com.miui.home: CheckGCForNative adj_start_bytes: 43702965 NativeAllocationGcWatermark: 11719591 java_gc_start_bytes: 26123579 kNewNativeDiscountFactor: 2 kOldNativeDiscountFactor: 65536 old_native_bytes: 143157291 new_native_bytes: 12067776 add_bytes_allowed: 35158773 is_gc_concurrent: 1 target_footprint_: 26647867 GetBytesAllocated: 16911195 HeapGrowthMultiplier: 3
12-19 15:45:42.026  3346  3755 I com.miui.home: CheckGCForNative gc_urgency 0.525073 current_native_bytes is 155225067
12-19 15:45:42.130  3346  3753 I com.miui.home: CheckGCForNative adj_start_bytes: 43702965 NativeAllocationGcWatermark: 11719591 java_gc_start_bytes: 26123579 kNewNativeDiscountFactor: 2 kOldNativeDiscountFactor: 65536 old_native_bytes: 143157291 new_native_bytes: 22695424 add_bytes_allowed: 35158773 is_gc_concurrent: 1 target_footprint_: 26647867 GetBytesAllocated: 16978932 HeapGrowthMultiplier: 3
12-19 15:45:42.130  3346  3753 I com.miui.home: CheckGCForNative gc_urgency 0.648213 current_native_bytes is 165852715
12-19 15:45:42.132  3346  9956 I com.miui.home: CheckGCForNative adj_start_bytes: 43702965 NativeAllocationGcWatermark: 11719591 java_gc_start_bytes: 26123579 kNewNativeDiscountFactor: 2 kOldNativeDiscountFactor: 65536 old_native_bytes: 143157291 new_native_bytes: 33402720 add_bytes_allowed: 35158773 is_gc_concurrent: 1 target_footprint_: 26647867 GetBytesAllocated: 16979124 HeapGrowthMultiplier: 3
12-19 15:45:42.132  3346  9956 I com.miui.home: CheckGCForNative gc_urgency 0.770718 current_native_bytes is 176560011
12-19 15:45:42.137  3346  3753 I com.miui.home: CheckGCForNative adj_start_bytes: 43702965 NativeAllocationGcWatermark: 11719591 java_gc_start_bytes: 26123579 kNewNativeDiscountFactor: 2 kOldNativeDiscountFactor: 65536 old_native_bytes: 143157291 new_native_bytes: 44109600 add_bytes_allowed: 35158773 is_gc_concurrent: 1 target_footprint_: 26647867 GetBytesAllocated: 16979124 HeapGrowthMultiplier: 3
12-19 15:45:42.137  3346  3753 I com.miui.home: CheckGCForNative gc_urgency 0.893214 current_native_bytes is 187266891
12-19 15:45:42.386  3346  3346 I wm_on_top_resumed_lost_called: [106785096,com.miui.home.launcher.Launcher,topStateChangedWhenResumed]
12-19 15:45:42.719  3346  3346 I wm_on_paused_called: [0,106785096,com.miui.home.launcher.Launcher,performPause,3]
12-19 15:45:42.958  3346  3388 I com.miui.home: CheckGCForNative adj_start_bytes: 43702965 NativeAllocationGcWatermark: 11719591 java_gc_start_bytes: 26123579 kNewNativeDiscountFactor: 2 kOldNativeDiscountFactor: 65536 old_native_bytes: 143157291 new_native_bytes: 22821716 add_bytes_allowed: 35158773 is_gc_concurrent: 1 target_footprint_: 26647867 GetBytesAllocated: 17708775 HeapGrowthMultiplier: 3
12-19 15:45:42.958  3346  3388 I com.miui.home: CheckGCForNative gc_urgency 0.666358 current_native_bytes is 165979007
12-19 15:45:43.070  3346  3755 I com.miui.home: CheckGCForNative adj_start_bytes: 43702965 NativeAllocationGcWatermark: 11719591 java_gc_start_bytes: 26123579 kNewNativeDiscountFactor: 2 kOldNativeDiscountFactor: 65536 old_native_bytes: 143157291 new_native_bytes: 23111332 add_bytes_allowed: 35158773 is_gc_concurrent: 1 target_footprint_: 26647867 GetBytesAllocated: 17848384 HeapGrowthMultiplier: 3
12-19 15:45:43.070  3346  3755 I com.miui.home: CheckGCForNative gc_urgency 0.672866 current_native_bytes is 166268623
12-19 15:45:43.251  3346  3970 I com.miui.home: CheckGCForNative adj_start_bytes: 43702965 NativeAllocationGcWatermark: 11719591 java_gc_start_bytes: 26123579 kNewNativeDiscountFactor: 2 kOldNativeDiscountFactor: 65536 old_native_bytes: 143157291 new_native_bytes: 33916204 add_bytes_allowed: 35158773 is_gc_concurrent: 1 target_footprint_: 26647867 GetBytesAllocated: 18222352 HeapGrowthMultiplier: 3
12-19 15:45:43.252  3346  3970 I com.miui.home: CheckGCForNative gc_urgency 0.80504 current_native_bytes is 177073495
12-19 15:45:43.381  3346  3755 I com.miui.home: CheckGCForNative adj_start_bytes: 43702965 NativeAllocationGcWatermark: 11719591 java_gc_start_bytes: 26123579 kNewNativeDiscountFactor: 2 kOldNativeDiscountFactor: 65536 old_native_bytes: 143157291 new_native_bytes: 23217196 add_bytes_allowed: 35158773 is_gc_concurrent: 1 target_footprint_: 26647867 GetBytesAllocated: 18292209 HeapGrowthMultiplier: 3
12-19 15:45:43.381  3346  3755 I com.miui.home: CheckGCForNative gc_urgency 0.684233 current_native_bytes is 166374487
12-19 15:45:43.744 12165 12165 I wm_on_create_called: [0,37306869,com.tencent.mobileqq.activity.SplashActivity,performCreate,84]
12-19 15:45:43.823 12165 12165 I wm_on_start_called: [0,37306869,com.tencent.mobileqq.activity.SplashActivity,handleStartActivity,79]
12-19 15:45:43.837 12165 12165 I wm_on_resume_called: [0,37306869,com.tencent.mobileqq.activity.SplashActivity,RESUME_ACTIVITY,12]
12-19 15:45:43.911 12165 12165 I wm_on_top_resumed_gained_called: [37306869,com.tencent.mobileqq.activity.SplashActivity,topStateChangedWhenResumed]
12-19 15:45:44.314 12165 12165 I wm_on_idle_called: com.tencent.mobileqq.activity.SplashActivity
12-19 15:45:44.421  3346  3346 I wm_on_stop_called: [0,106785096,com.miui.home.launcher.Launcher,STOP_ACTIVITY_ITEM,8]
12-19 15:45:44.546 12165 12165 I wm_on_top_resumed_lost_called: [37306869,com.tencent.mobileqq.activity.SplashActivity,topStateChangedWhenResumed]
12-19 15:45:44.548 12165 12165 I wm_on_paused_called: [0,37306869,com.tencent.mobileqq.activity.SplashActivity,performPause,1]
12-19 15:45:44.716 12165 12165 I wm_on_create_called: [0,194277328,com.tencent.mobileqq.activity.LoginActivity,performCreate,46]
12-19 15:45:44.761 12165 12165 I wm_on_start_called: [0,194277328,com.tencent.mobileqq.activity.LoginActivity,handleStartActivity,45]
12-19 15:45:44.768 12165 12165 I wm_on_resume_called: [0,194277328,com.tencent.mobileqq.activity.LoginActivity,RESUME_ACTIVITY,5]
12-19 15:45:44.779 12165 12165 I wm_on_top_resumed_gained_called: [194277328,com.tencent.mobileqq.activity.LoginActivity,topStateChangedWhenResumed]
12-19 15:45:44.879  3346  3346 I wm_on_restart_called: [0,106785096,com.miui.home.launcher.Launcher,,0]
12-19 15:45:44.882  3346  3346 I wm_on_start_called: [0,106785096,com.miui.home.launcher.Launcher,handleStartActivity,3]
12-19 15:45:44.900 12165 12165 I wm_on_top_resumed_lost_called: [194277328,com.tencent.mobileqq.activity.LoginActivity,topStateChangedWhenResumed]
12-19 15:45:44.903  3346  3346 I wm_on_resume_called: [0,106785096,com.miui.home.launcher.Launcher,RESUME_ACTIVITY,18]
12-19 15:45:44.917 12165 12165 I wm_on_idle_called: com.tencent.mobileqq.activity.LoginActivity
12-19 15:45:44.919  3346  3346 I wm_on_top_resumed_gained_called: [106785096,com.miui.home.launcher.Launcher,topStateChangedWhenResumed]
12-19 15:45:45.049  3346  3346 I wm_on_idle_called: com.miui.home.launcher.Launcher
12-19 15:45:45.262  3346  3970 I com.miui.home: CheckGCForNative gc_urgency 0 current_native_bytes is 122519919
12-19 15:45:45.400 11289 11289 I wm_on_create_called: [0,193577200,com.tencent.qqlive.ona.activity.SplashHomeActivity,performCreate,889]
12-19 15:45:45.494  3346  9956 I com.miui.home: CheckGCForNative adj_start_bytes: 44586247 NativeAllocationGcWatermark: 11812568 java_gc_start_bytes: 26867395 kNewNativeDiscountFactor: 2 kOldNativeDiscountFactor: 65536 old_native_bytes: 122519919 new_native_bytes: 10724676 add_bytes_allowed: 35437704 is_gc_concurrent: 1 target_footprint_: 27391683 GetBytesAllocated: 14650820 HeapGrowthMultiplier: 3
12-19 15:45:45.494  3346  9956 I com.miui.home: CheckGCForNative gc_urgency 0.448906 current_native_bytes is 133244595
12-19 15:45:45.495  3346  3346 I com.miui.home: CheckGCForNative adj_start_bytes: 44586247 NativeAllocationGcWatermark: 11812568 java_gc_start_bytes: 26867395 kNewNativeDiscountFactor: 2 kOldNativeDiscountFactor: 65536 old_native_bytes: 122519919 new_native_bytes: 21431940 add_bytes_allowed: 35437704 is_gc_concurrent: 1 target_footprint_: 27391683 GetBytesAllocated: 14664901 HeapGrowthMultiplier: 3
12-19 15:45:45.495  3346  3346 I com.miui.home: CheckGCForNative gc_urgency 0.569371 current_native_bytes is 143951859
12-19 15:45:45.498  3346 11882 I com.miui.home: CheckGCForNative adj_start_bytes: 44586247 NativeAllocationGcWatermark: 11812568 java_gc_start_bytes: 26867395 kNewNativeDiscountFactor: 2 kOldNativeDiscountFactor: 65536 old_native_bytes: 122519919 new_native_bytes: 21432772 add_bytes_allowed: 35437704 is_gc_concurrent: 1 target_footprint_: 27391683 GetBytesAllocated: 14677198 HeapGrowthMultiplier: 3
12-19 15:45:45.498  3346 11882 I com.miui.home: CheckGCForNative gc_urgency 0.56958 current_native_bytes is 143952691
12-19 15:45:45.548  3346  3755 I com.miui.home: CheckGCForNative adj_start_bytes: 44586247 NativeAllocationGcWatermark: 11812568 java_gc_start_bytes: 26867395 kNewNativeDiscountFactor: 2 kOldNativeDiscountFactor: 65536 old_native_bytes: 122519919 new_native_bytes: 10759332 add_bytes_allowed: 35437704 is_gc_concurrent: 1 target_footprint_: 27391683 GetBytesAllocated: 14722254 HeapGrowthMultiplier: 3
12-19 15:45:45.548  3346  3755 I com.miui.home: CheckGCForNative gc_urgency 0.450897 current_native_bytes is 133279251
12-19 15:45:45.614 11289 11289 I wm_on_start_called: [0,193577200,com.tencent.qqlive.ona.activity.SplashHomeActivity,handleStartActivity,157]
12-19 15:45:45.831  3346  3970 I com.miui.home: CheckGCForNative adj_start_bytes: 44586247 NativeAllocationGcWatermark: 11812568 java_gc_start_bytes: 26867395 kNewNativeDiscountFactor: 2 kOldNativeDiscountFactor: 65536 old_native_bytes: 122519919 new_native_bytes: 22062708 add_bytes_allowed: 35437704 is_gc_concurrent: 1 target_footprint_: 27391683 GetBytesAllocated: 15189375 HeapGrowthMultiplier: 3
12-19 15:45:45.831  3346  3970 I com.miui.home: CheckGCForNative gc_urgency 0.588132 current_native_bytes is 144582627
12-19 15:45:45.848  3346  3755 I com.miui.home: CheckGCForNative adj_start_bytes: 44586247 NativeAllocationGcWatermark: 11812568 java_gc_start_bytes: 26867395 kNewNativeDiscountFactor: 2 kOldNativeDiscountFactor: 65536 old_native_bytes: 122519919 new_native_bytes: 11357364 add_bytes_allowed: 35437704 is_gc_concurrent: 1 target_footprint_: 27391683 GetBytesAllocated: 15194279 HeapGrowthMultiplier: 3
12-19 15:45:45.848  3346  3755 I com.miui.home: CheckGCForNative gc_urgency 0.46819 current_native_bytes is 133877283
12-19 15:45:45.992  3346  3753 I com.miui.home: CheckGCForNative adj_start_bytes: 44586247 NativeAllocationGcWatermark: 11812568 java_gc_start_bytes: 26867395 kNewNativeDiscountFactor: 2 kOldNativeDiscountFactor: 65536 old_native_bytes: 122519919 new_native_bytes: 21979540 add_bytes_allowed: 35437704 is_gc_concurrent: 1 target_footprint_: 27391683 GetBytesAllocated: 15263953 HeapGrowthMultiplier: 3
12-19 15:45:45.993  3346  3753 I com.miui.home: CheckGCForNative gc_urgency 0.589023 current_native_bytes is 144499459
12-19 15:45:45.995  3346  9956 I com.miui.home: CheckGCForNative adj_start_bytes: 44586247 NativeAllocationGcWatermark: 11812568 java_gc_start_bytes: 26867395 kNewNativeDiscountFactor: 2 kOldNativeDiscountFactor: 65536 old_native_bytes: 122519919 new_native_bytes: 32686036 add_bytes_allowed: 35437704 is_gc_concurrent: 1 target_footprint_: 27391683 GetBytesAllocated: 15276532 HeapGrowthMultiplier: 3
12-19 15:45:45.995  3346  9956 I com.miui.home: CheckGCForNative gc_urgency 0.709219 current_native_bytes is 155205955
12-19 15:45:45.998  3346  3346 I com.miui.home: CheckGCForNative adj_start_bytes: 44586247 NativeAllocationGcWatermark: 11812568 java_gc_start_bytes: 26867395 kNewNativeDiscountFactor: 2 kOldNativeDiscountFactor: 65536 old_native_bytes: 122519919 new_native_bytes: 43382772 add_bytes_allowed: 35437704 is_gc_concurrent: 1 target_footprint_: 27391683 GetBytesAllocated: 15297589 HeapGrowthMultiplier: 3
12-19 15:45:45.998  3346  3346 I com.miui.home: CheckGCForNative gc_urgency 0.829647 current_native_bytes is 165902691
12-19 15:45:45.998  3346  3753 I com.miui.home: CheckGCForNative adj_start_bytes: 44586247 NativeAllocationGcWatermark: 11812568 java_gc_start_bytes: 26867395 kNewNativeDiscountFactor: 2 kOldNativeDiscountFactor: 65536 old_native_bytes: 122519919 new_native_bytes: 54089716 add_bytes_allowed: 35437704 is_gc_concurrent: 1 target_footprint_: 27391683 GetBytesAllocated: 15297589 HeapGrowthMultiplier: 3
12-19 15:45:46.000  3346  3753 I com.miui.home: CheckGCForNative gc_urgency 0.949717 current_native_bytes is 176609635
12-19 15:45:46.016 12165 12165 I wm_on_paused_called: [0,194277328,com.tencent.mobileqq.activity.LoginActivity,performPause,2]
12-19 15:45:46.066 12165 12165 I wm_on_stop_called: [0,37306869,com.tencent.mobileqq.activity.SplashActivity,LIFECYCLER_STOP_ACTIVITY,4]
12-19 15:45:46.083 12165 12165 I wm_on_destroy_called: [0,37306869,com.tencent.mobileqq.activity.SplashActivity,performDestroy,17]
12-19 15:45:46.086 11289 11289 I wm_on_resume_called: [0,193577200,com.tencent.qqlive.ona.activity.SplashHomeActivity,RESUME_ACTIVITY,467]
12-19 15:45:46.166 12165 12165 I wm_on_stop_called: [0,194277328,com.tencent.mobileqq.activity.LoginActivity,STOP_ACTIVITY_ITEM,54]
12-19 15:45:46.481 11289 11289 I wm_on_top_resumed_gained_called: [193577200,com.tencent.qqlive.ona.activity.SplashHomeActivity,topStateChangedWhenResumed]
12-19 15:45:46.490  3346  3346 I com.miui.home: CheckGCForNative adj_start_bytes: 44586247 NativeAllocationGcWatermark: 11812568 java_gc_start_bytes: 26867395 kNewNativeDiscountFactor: 2 kOldNativeDiscountFactor: 65536 old_native_bytes: 122519919 new_native_bytes: 33040276 add_bytes_allowed: 35437704 is_gc_concurrent: 1 target_footprint_: 27391683 GetBytesAllocated: 16142047 HeapGrowthMultiplier: 3
12-19 15:45:46.490  3346  3346 I com.miui.home: CheckGCForNative gc_urgency 0.732604 current_native_bytes is 155560195
12-19 15:45:46.517 11289 11289 I wm_on_top_resumed_lost_called: [193577200,com.tencent.qqlive.ona.activity.SplashHomeActivity,topStateChangedWhenResumed]
12-19 15:45:46.567  3346  3346 I wm_on_top_resumed_lost_called: [106785096,com.miui.home.launcher.Launcher,topStateChangedWhenResumed]
12-19 15:45:46.573  3346  3346 I wm_on_paused_called: [0,106785096,com.miui.home.launcher.Launcher,performPause,3]
12-19 15:45:46.645  3346  3970 I com.miui.home: CheckGCForNative adj_start_bytes: 44586247 NativeAllocationGcWatermark: 11812568 java_gc_start_bytes: 26867395 kNewNativeDiscountFactor: 2 kOldNativeDiscountFactor: 65536 old_native_bytes: 122519919 new_native_bytes: 43750944 add_bytes_allowed: 35437704 is_gc_concurrent: 1 target_footprint_: 27391683 GetBytesAllocated: 16366584 HeapGrowthMultiplier: 3
12-19 15:45:46.645  3346  3970 I com.miui.home: CheckGCForNative gc_urgency 0.857752 current_native_bytes is 166270863
12-19 15:45:46.645 11289 11289 I wm_on_paused_called: [0,193577200,com.tencent.qqlive.ona.activity.SplashHomeActivity,performPause,5]
12-19 15:45:46.962  3346  3388 I com.miui.home: CheckGCForNative adj_start_bytes: 44586247 NativeAllocationGcWatermark: 11812568 java_gc_start_bytes: 26867395 kNewNativeDiscountFactor: 2 kOldNativeDiscountFactor: 65536 old_native_bytes: 122519919 new_native_bytes: 32947320 add_bytes_allowed: 35437704 is_gc_concurrent: 1 target_footprint_: 27391683 GetBytesAllocated: 16741375 HeapGrowthMultiplier: 3
12-19 15:45:46.962  3346  3388 I com.miui.home: CheckGCForNative gc_urgency 0.745003 current_native_bytes is 155467239
12-19 15:45:47.069 11289 11289 I wm_on_stop_called: [0,193577200,com.tencent.qqlive.ona.activity.SplashHomeActivity,STOP_ACTIVITY_ITEM,351]
12-19 15:45:47.281  3346  3755 I com.miui.home: CheckGCForNative adj_start_bytes: 44586247 NativeAllocationGcWatermark: 11812568 java_gc_start_bytes: 26867395 kNewNativeDiscountFactor: 2 kOldNativeDiscountFactor: 65536 old_native_bytes: 122519919 new_native_bytes: 33391764 add_bytes_allowed: 35437704 is_gc_concurrent: 1 target_footprint_: 27391683 GetBytesAllocated: 17173408 HeapGrowthMultiplier: 3
12-19 15:45:47.281  3346  3755 I com.miui.home: CheckGCForNative gc_urgency 0.759677 current_native_bytes is 155911683
12-19 15:45:48.734 12769 12769 I wm_on_application_create_called: [0,com.dragon.read,1428]
12-19 15:45:48.948  3346  3346 I com.miui.home: CheckGCForNative adj_start_bytes: 44586247 NativeAllocationGcWatermark: 11812568 java_gc_start_bytes: 26867395 kNewNativeDiscountFactor: 2 kOldNativeDiscountFactor: 65536 old_native_bytes: 122519919 new_native_bytes: 33038636 add_bytes_allowed: 35437704 is_gc_concurrent: 1 target_footprint_: 27391683 GetBytesAllocated: 18090556 HeapGrowthMultiplier: 3
12-19 15:45:48.948  3346  3346 I com.miui.home: CheckGCForNative gc_urgency 0.776287 current_native_bytes is 155558555
12-19 15:45:49.006  3346  3346 I wm_on_resume_called: [0,106785096,com.miui.home.launcher.Launcher,RESUME_ACTIVITY,19]
12-19 15:45:49.024  3346  3346 I wm_on_idle_called: com.miui.home.launcher.Launcher
12-19 15:45:49.032  3346  3732 I com.miui.home: CheckGCForNative adj_start_bytes: 44586247 NativeAllocationGcWatermark: 11812568 java_gc_start_bytes: 26867395 kNewNativeDiscountFactor: 2 kOldNativeDiscountFactor: 65536 old_native_bytes: 122519919 new_native_bytes: 33164760 add_bytes_allowed: 35437704 is_gc_concurrent: 1 target_footprint_: 27391683 GetBytesAllocated: 18343919 HeapGrowthMultiplier: 3
12-19 15:45:49.032  3346  3732 I com.miui.home: CheckGCForNative gc_urgency 0.783384 current_native_bytes is 155684679
12-19 15:45:49.189 12769 12769 I wm_on_create_called: [0,81118105,com.dragon.read.pages.splash.SplashActivity,performCreate,349]
12-19 15:45:49.311  3346  3398 I com.miui.home: CheckGCForNative adj_start_bytes: 44586247 NativeAllocationGcWatermark: 11812568 java_gc_start_bytes: 26867395 kNewNativeDiscountFactor: 2 kOldNativeDiscountFactor: 65536 old_native_bytes: 122519919 new_native_bytes: 44004148 add_bytes_allowed: 35437704 is_gc_concurrent: 1 target_footprint_: 27391683 GetBytesAllocated: 18572052 HeapGrowthMultiplier: 3
12-19 15:45:49.311  3346  3398 I com.miui.home: CheckGCForNative gc_urgency 0.910056 current_native_bytes is 166524067
12-19 15:45:49.314  3346  3398 I com.miui.home: CheckGCForNative adj_start_bytes: 44586247 NativeAllocationGcWatermark: 11812568 java_gc_start_bytes: 26867395 kNewNativeDiscountFactor: 2 kOldNativeDiscountFactor: 65536 old_native_bytes: 122519919 new_native_bytes: 54711092 add_bytes_allowed: 35437704 is_gc_concurrent: 1 target_footprint_: 27391683 GetBytesAllocated: 18572244 HeapGrowthMultiplier: 3
12-19 15:45:49.314  3346  3398 I com.miui.home: CheckGCForNative gc_urgency 1.03013 current_native_bytes is 177231011
12-19 15:45:49.314  3346  3398 I com.miui.home: CheckGCForNative requested 1
12-19 15:45:49.335  3346  3840 I com.miui.home: CheckGCForNative adj_start_bytes: 44586247 NativeAllocationGcWatermark: 11812568 java_gc_start_bytes: 26867395 kNewNativeDiscountFactor: 2 kOldNativeDiscountFactor: 65536 old_native_bytes: 122519919 new_native_bytes: 54697524 add_bytes_allowed: 35437704 is_gc_concurrent: 1 target_footprint_: 27391683 GetBytesAllocated: 18588628 HeapGrowthMultiplier: 3
12-19 15:45:49.335  3346  3840 I com.miui.home: CheckGCForNative gc_urgency 1.0312 current_native_bytes is 177217443
12-19 15:45:49.335  3346  3840 I com.miui.home: CheckGCForNative requested 1
12-19 15:45:49.409  3346  3346 I wm_on_top_resumed_gained_called: [106785096,com.miui.home.launcher.Launcher,topStateChangedWhenResumed]
12-19 15:45:49.580 12769 12769 I wm_on_start_called: [0,81118105,com.dragon.read.pages.splash.SplashActivity,handleStartActivity,359]
12-19 15:45:49.581  3346  3755 I com.miui.home: CheckGCForNative adj_start_bytes: 44586247 NativeAllocationGcWatermark: 11812568 java_gc_start_bytes: 26867395 kNewNativeDiscountFactor: 2 kOldNativeDiscountFactor: 65536 old_native_bytes: 122519919 new_native_bytes: 44077748 add_bytes_allowed: 35437704 is_gc_concurrent: 1 target_footprint_: 27391683 GetBytesAllocated: 19228339 HeapGrowthMultiplier: 3
12-19 15:45:49.582  3346  3755 I com.miui.home: CheckGCForNative gc_urgency 0.925601 current_native_bytes is 166597667
12-19 15:45:49.693  3346  3755 I com.miui.home: CheckGCForNative adj_start_bytes: 44586247 NativeAllocationGcWatermark: 11812568 java_gc_start_bytes: 26867395 kNewNativeDiscountFactor: 2 kOldNativeDiscountFactor: 65536 old_native_bytes: 122519919 new_native_bytes: 44054708 add_bytes_allowed: 35437704 is_gc_concurrent: 1 target_footprint_: 27391683 GetBytesAllocated: 19349738 HeapGrowthMultiplier: 3
12-19 15:45:49.693  3346  3755 I com.miui.home: CheckGCForNative gc_urgency 0.928066 current_native_bytes is 166574627
12-19 15:45:49.709  3346  3379 I com.miui.home: NativeAlloc concurrent copying GC freed 123187(5377KB) AllocSpace objects, 24(632KB) LOS objects, 49% free, 12MB/25MB, paused 3.648ms,816us total 393.859ms
12-19 15:45:49.827  3346  3753 I com.miui.home: CheckGCForNative gc_urgency 0 current_native_bytes is 164609479
12-19 15:45:49.828  3346  3753 I com.miui.home: CheckGCForNative adj_start_bytes: 43450828 NativeAllocationGcWatermark: 11693050 java_gc_start_bytes: 25911253 kNewNativeDiscountFactor: 2 kOldNativeDiscountFactor: 65536 old_native_bytes: 164609479 new_native_bytes: 10707136 add_bytes_allowed: 35079150 is_gc_concurrent: 1 target_footprint_: 26435541 GetBytesAllocated: 13353472 HeapGrowthMultiplier: 3
12-19 15:45:49.828  3346  3753 I com.miui.home: CheckGCForNative gc_urgency 0.430591 current_native_bytes is 175316615
12-19 15:45:49.843  3346  3836 I com.miui.home: CheckGCForNative adj_start_bytes: 43450828 NativeAllocationGcWatermark: 11693050 java_gc_start_bytes: 25911253 kNewNativeDiscountFactor: 2 kOldNativeDiscountFactor: 65536 old_native_bytes: 164609479 new_native_bytes: 10707136 add_bytes_allowed: 35079150 is_gc_concurrent: 1 target_footprint_: 26435541 GetBytesAllocated: 13370981 HeapGrowthMultiplier: 3
12-19 15:45:49.844  3346  3836 I com.miui.home: CheckGCForNative gc_urgency 0.430994 current_native_bytes is 175316615
12-19 15:45:50.147  3346  3346 I wm_on_top_resumed_lost_called: [106785096,com.miui.home.launcher.Launcher,topStateChangedWhenResumed]
12-19 15:45:50.349  3346  3346 I wm_on_paused_called: [0,106785096,com.miui.home.launcher.Launcher,performPause,3]
12-19 15:45:50.651  3346  3747 I com.miui.home: CheckGCForNative gc_urgency 0 current_native_bytes is 141889095
12-19 15:45:50.694  3346  3970 I com.miui.home: CheckGCForNative adj_start_bytes: 43450828 NativeAllocationGcWatermark: 11693050 java_gc_start_bytes: 25911253 kNewNativeDiscountFactor: 2 kOldNativeDiscountFactor: 65536 old_native_bytes: 141889095 new_native_bytes: 11118368 add_bytes_allowed: 35079150 is_gc_concurrent: 1 target_footprint_: 26435541 GetBytesAllocated: 14697517 HeapGrowthMultiplier: 3
12-19 15:45:50.694  3346  3970 I com.miui.home: CheckGCForNative gc_urgency 0.466248 current_native_bytes is 153007463
12-19 15:45:51.079 11289 11289 I wm_on_idle_called: com.tencent.qqlive.ona.activity.SplashHomeActivity
12-19 15:45:51.081  3346  3755 I com.miui.home: CheckGCForNative adj_start_bytes: 43450828 NativeAllocationGcWatermark: 11693050 java_gc_start_bytes: 25911253 kNewNativeDiscountFactor: 2 kOldNativeDiscountFactor: 65536 old_native_bytes: 141889095 new_native_bytes: 434216 add_bytes_allowed: 35079150 is_gc_concurrent: 1 target_footprint_: 26435541 GetBytesAllocated: 14873999 HeapGrowthMultiplier: 3
12-19 15:45:51.081  3346  3755 I com.miui.home: CheckGCForNative gc_urgency 0.347364 current_native_bytes is 142323311
12-19 15:45:51.204  3346  3755 I com.miui.home: CheckGCForNative adj_start_bytes: 43450828 NativeAllocationGcWatermark: 11693050 java_gc_start_bytes: 25911253 kNewNativeDiscountFactor: 2 kOldNativeDiscountFactor: 65536 old_native_bytes: 141889095 new_native_bytes: 438568 add_bytes_allowed: 35079150 is_gc_concurrent: 1 target_footprint_: 26435541 GetBytesAllocated: 14913014 HeapGrowthMultiplier: 3
12-19 15:45:51.204  3346  3755 I com.miui.home: CheckGCForNative gc_urgency 0.348312 current_native_bytes is 142327663
12-19 15:45:52.146 13492 13492 I wm_on_application_create_called: [0,com.taobao.taobao,593]
12-19 15:45:52.329 13492 13492 I wm_on_create_called: [0,245197196,com.taobao.tao.welcome.Welcome,performCreate,113]
12-19 15:45:52.502  3346  3346 I wm_on_resume_called: [0,106785096,com.miui.home.launcher.Launcher,RESUME_ACTIVITY,19]
12-19 15:45:52.520  3346  3346 I wm_on_idle_called: com.miui.home.launcher.Launcher
12-19 15:45:52.608  3346  3747 I com.miui.home: CheckGCForNative adj_start_bytes: 43450828 NativeAllocationGcWatermark: 11693050 java_gc_start_bytes: 25911253 kNewNativeDiscountFactor: 2 kOldNativeDiscountFactor: 65536 old_native_bytes: 141889095 new_native_bytes: 268228 add_bytes_allowed: 35079150 is_gc_concurrent: 1 target_footprint_: 26435541 GetBytesAllocated: 15972471 HeapGrowthMultiplier: 3
12-19 15:45:52.608  3346  3747 I com.miui.home: CheckGCForNative gc_urgency 0.370735 current_native_bytes is 142157323
12-19 15:45:52.660  3346  3398 I com.miui.home: CheckGCForNative adj_start_bytes: 43450828 NativeAllocationGcWatermark: 11693050 java_gc_start_bytes: 25911253 kNewNativeDiscountFactor: 2 kOldNativeDiscountFactor: 65536 old_native_bytes: 141889095 new_native_bytes: 11241476 add_bytes_allowed: 35079150 is_gc_concurrent: 1 target_footprint_: 26435541 GetBytesAllocated: 16389106 HeapGrowthMultiplier: 3
12-19 15:45:52.660  3346  3398 I com.miui.home: CheckGCForNative gc_urgency 0.506596 current_native_bytes is 153130571
12-19 15:45:52.661  3346  3386 I com.miui.home: CheckGCForNative adj_start_bytes: 43450828 NativeAllocationGcWatermark: 11693050 java_gc_start_bytes: 25911253 kNewNativeDiscountFactor: 2 kOldNativeDiscountFactor: 65536 old_native_bytes: 141889095 new_native_bytes: 21947588 add_bytes_allowed: 35079150 is_gc_concurrent: 1 target_footprint_: 26435541 GetBytesAllocated: 16392650 HeapGrowthMultiplier: 3
12-19 15:45:52.661  3346  3386 I com.miui.home: CheckGCForNative gc_urgency 0.629895 current_native_bytes is 163836683
12-19 15:45:52.661  3346  3398 I com.miui.home: CheckGCForNative adj_start_bytes: 43450828 NativeAllocationGcWatermark: 11693050 java_gc_start_bytes: 25911253 kNewNativeDiscountFactor: 2 kOldNativeDiscountFactor: 65536 old_native_bytes: 141889095 new_native_bytes: 32654532 add_bytes_allowed: 35079150 is_gc_concurrent: 1 target_footprint_: 26435541 GetBytesAllocated: 16395735 HeapGrowthMultiplier: 3
12-19 15:45:52.661  3346  3398 I com.miui.home: CheckGCForNative gc_urgency 0.753154 current_native_bytes is 174543627
12-19 15:45:52.740 13492 13492 I wm_on_start_called: [0,245197196,com.taobao.tao.welcome.Welcome,handleStartActivity,410]
12-19 15:45:52.934  3346  3346 I wm_on_top_resumed_gained_called: [106785096,com.miui.home.launcher.Launcher,topStateChangedWhenResumed]
12-19 15:45:52.937  3346  3755 I com.miui.home: CheckGCForNative adj_start_bytes: 43450828 NativeAllocationGcWatermark: 11693050 java_gc_start_bytes: 25911253 kNewNativeDiscountFactor: 2 kOldNativeDiscountFactor: 65536 old_native_bytes: 141889095 new_native_bytes: 11380340 add_bytes_allowed: 35079150 is_gc_concurrent: 1 target_footprint_: 26435541 GetBytesAllocated: 16799993 HeapGrowthMultiplier: 3
12-19 15:45:52.937  3346  3755 I com.miui.home: CheckGCForNative gc_urgency 0.51765 current_native_bytes is 153269435
12-19 15:45:52.960  3346  3755 I com.miui.home: CheckGCForNative adj_start_bytes: 43450828 NativeAllocationGcWatermark: 11693050 java_gc_start_bytes: 25911253 kNewNativeDiscountFactor: 2 kOldNativeDiscountFactor: 65536 old_native_bytes: 141889095 new_native_bytes: 11382644 add_bytes_allowed: 35079150 is_gc_concurrent: 1 target_footprint_: 26435541 GetBytesAllocated: 16799993 HeapGrowthMultiplier: 3
12-19 15:45:52.960  3346  3755 I com.miui.home: CheckGCForNative gc_urgency 0.517677 current_native_bytes is 153271739
12-19 15:45:52.981 13492 13492 I wm_on_resume_called: [0,245197196,com.taobao.tao.welcome.Welcome,RESUME_ACTIVITY,165]
12-19 15:45:53.130  3346  3753 I com.miui.home: CheckGCForNative adj_start_bytes: 43450828 NativeAllocationGcWatermark: 11693050 java_gc_start_bytes: 25911253 kNewNativeDiscountFactor: 2 kOldNativeDiscountFactor: 65536 old_native_bytes: 141889095 new_native_bytes: 22097716 add_bytes_allowed: 35079150 is_gc_concurrent: 1 target_footprint_: 26435541 GetBytesAllocated: 16884572 HeapGrowthMultiplier: 3
12-19 15:45:53.134  3346  3753 I com.miui.home: CheckGCForNative gc_urgency 0.642924 current_native_bytes is 163986811
12-19 15:45:53.135  3346  3398 I com.miui.home: CheckGCForNative adj_start_bytes: 43450828 NativeAllocationGcWatermark: 11693050 java_gc_start_bytes: 25911253 kNewNativeDiscountFactor: 2 kOldNativeDiscountFactor: 65536 old_native_bytes: 141889095 new_native_bytes: 32803444 add_bytes_allowed: 35079150 is_gc_concurrent: 1 target_footprint_: 26435541 GetBytesAllocated: 16884572 HeapGrowthMultiplier: 3
12-19 15:45:53.135  3346  3398 I com.miui.home: CheckGCForNative gc_urgency 0.766122 current_native_bytes is 174692539
12-19 15:45:53.136  3346  3753 I com.miui.home: CheckGCForNative adj_start_bytes: 43450828 NativeAllocationGcWatermark: 11693050 java_gc_start_bytes: 25911253 kNewNativeDiscountFactor: 2 kOldNativeDiscountFactor: 65536 old_native_bytes: 141889095 new_native_bytes: 43510708 add_bytes_allowed: 35079150 is_gc_concurrent: 1 target_footprint_: 26435541 GetBytesAllocated: 16908239 HeapGrowthMultiplier: 3
12-19 15:45:53.136  3346  3753 I com.miui.home: CheckGCForNative gc_urgency 0.889874 current_native_bytes is 185399803
12-19 15:45:53.365 13492 13492 I wm_on_top_resumed_gained_called: [245197196,com.taobao.tao.welcome.Welcome,topStateChangedWhenResumed]
12-19 15:45:53.453 13492 13492 I wm_on_top_resumed_lost_called: [245197196,com.taobao.tao.welcome.Welcome,topStateChangedWhenResumed]
12-19 15:45:53.680  3346  3346 I wm_on_top_resumed_lost_called: [106785096,com.miui.home.launcher.Launcher,topStateChangedWhenResumed]
12-19 15:45:53.697  3346  3346 I wm_on_paused_called: [0,106785096,com.miui.home.launcher.Launcher,performPause,3]
12-19 15:45:54.115  3346  3755 I com.miui.home: CheckGCForNative adj_start_bytes: 43450828 NativeAllocationGcWatermark: 11693050 java_gc_start_bytes: 25911253 kNewNativeDiscountFactor: 2 kOldNativeDiscountFactor: 65536 old_native_bytes: 141889095 new_native_bytes: 22823188 add_bytes_allowed: 35079150 is_gc_concurrent: 1 target_footprint_: 26435541 GetBytesAllocated: 17584841 HeapGrowthMultiplier: 3
12-19 15:45:54.115  3346  3755 I com.miui.home: CheckGCForNative gc_urgency 0.667467 current_native_bytes is 164712283
12-19 15:45:54.239 11388 11388 I wm_on_create_called: [0,37544221,com.tencent.mm.ui.LauncherUI,performCreate,393]
12-19 15:45:54.328 11388 11388 I wm_on_start_called: [0,37544221,com.tencent.mm.ui.LauncherUI,handleStartActivity,59]
12-19 15:45:54.444 11388 11388 I wm_on_resume_called: [0,37544221,com.tencent.mm.ui.LauncherUI,RESUME_ACTIVITY,110]
12-19 15:45:54.460  3346  3755 I com.miui.home: CheckGCForNative adj_start_bytes: 43450828 NativeAllocationGcWatermark: 11693050 java_gc_start_bytes: 25911253 kNewNativeDiscountFactor: 2 kOldNativeDiscountFactor: 65536 old_native_bytes: 141889095 new_native_bytes: 22804948 add_bytes_allowed: 35079150 is_gc_concurrent: 1 target_footprint_: 26435541 GetBytesAllocated: 17932021 HeapGrowthMultiplier: 3
12-19 15:45:54.460  3346  3755 I com.miui.home: CheckGCForNative gc_urgency 0.675169 current_native_bytes is 164694043
12-19 15:45:54.470  3346  3755 I com.miui.home: CheckGCForNative adj_start_bytes: 43450828 NativeAllocationGcWatermark: 11693050 java_gc_start_bytes: 25911253 kNewNativeDiscountFactor: 2 kOldNativeDiscountFactor: 65536 old_native_bytes: 141889095 new_native_bytes: 22827220 add_bytes_allowed: 35079150 is_gc_concurrent: 1 target_footprint_: 26435541 GetBytesAllocated: 17939096 HeapGrowthMultiplier: 3
12-19 15:45:54.470  3346  3755 I com.miui.home: CheckGCForNative gc_urgency 0.675588 current_native_bytes is 164716315
12-19 15:45:54.503 11388 11388 I wm_on_top_resumed_gained_called: [37544221,com.tencent.mm.ui.LauncherUI,topStateChangedWhenResumed]
12-19 15:45:54.506 11388 11388 I wm_on_top_resumed_lost_called: [37544221,com.tencent.mm.ui.LauncherUI,topStateChangedWhenResumed]
12-19 15:45:54.519 11388 11388 I wm_on_paused_called: [0,37544221,com.tencent.mm.ui.LauncherUI,performPause,11]
12-19 15:45:54.715  3346  3970 I com.miui.home: CheckGCForNative adj_start_bytes: 43450828 NativeAllocationGcWatermark: 11693050 java_gc_start_bytes: 25911253 kNewNativeDiscountFactor: 2 kOldNativeDiscountFactor: 65536 old_native_bytes: 141889095 new_native_bytes: 33312656 add_bytes_allowed: 35079150 is_gc_concurrent: 1 target_footprint_: 26435541 GetBytesAllocated: 18372115 HeapGrowthMultiplier: 3
12-19 15:45:54.715  3346  3970 I com.miui.home: CheckGCForNative gc_urgency 0.806213 current_native_bytes is 175201751
12-19 15:45:54.734 11388 11388 I wm_on_create_called: [0,186591223,com.tencent.mm.plugin.account.ui.WelcomeActivity,performCreate,89]
