12-22 19:30:26.861 10087 10087 I wm_on_create_called: [0,22121956,com.yxcorp.gifshow.HomeActivity,performCreate,104]
12-22 19:30:27.041  3293  3293 I wm_on_resume_called: [0,2068964,com.miui.home.launcher.Launcher,RESUME_ACTIVITY,20]
12-22 19:30:27.065  3293  3293 I wm_on_idle_called: com.miui.home.launcher.Launcher
12-22 19:30:27.173 10087 10087 I wm_on_start_called: [0,22121956,com.yxcorp.gifshow.HomeActivity,handleStartActivity,308]
12-22 19:30:27.275  3293  3382 I com.miui.home: CheckGCForNative adj_start_bytes: 32887373 NativeAllocationGcWatermark: 10574269 java_gc_start_bytes: 17025970 kNewNativeDiscountFactor: 2 kOldNativeDiscountFactor: 65536 old_native_bytes: 142598471 new_native_bytes: 23371340 add_bytes_allowed: 31722807 is_gc_concurrent: 1 target_footprint_: 17485292 GetBytesAllocated: 10143541 HeapGrowthMultiplier: 3
12-22 19:30:27.275  3293  3382 I com.miui.home: CheckGCForNative gc_urgency 0.663823 current_native_bytes is 165969811 starting_gc_num:43
12-22 19:30:27.275  3293  3382 I cccccc  : createTaskSnapshotCompat:
12-22 19:30:27.286  3293  3382 I com.miui.home: CheckGCForNative adj_start_bytes: 32887373 NativeAllocationGcWatermark: 10574269 java_gc_start_bytes: 17025970 kNewNativeDiscountFactor: 2 kOldNativeDiscountFactor: 65536 old_native_bytes: 142598471 new_native_bytes: 34078476 add_bytes_allowed: 31722807 is_gc_concurrent: 1 target_footprint_: 17485292 GetBytesAllocated: 10178568 HeapGrowthMultiplier: 3
12-22 19:30:27.287  3293  3382 I com.miui.home: CheckGCForNative gc_urgency 0.827673 current_native_bytes is 176676947 starting_gc_num:43
12-22 19:30:27.293  3293  3757 I cccccc  : getTaskSnapshot:
12-22 19:30:27.295  3293  3757 I com.miui.home: CheckGCForNative adj_start_bytes: 32887373 NativeAllocationGcWatermark: 10574269 java_gc_start_bytes: 17025970 kNewNativeDiscountFactor: 2 kOldNativeDiscountFactor: 65536 old_native_bytes: 142598471 new_native_bytes: 44785228 add_bytes_allowed: 31722807 is_gc_concurrent: 1 target_footprint_: 17485292 GetBytesAllocated: 10203769 HeapGrowthMultiplier: 3
12-22 19:30:27.295  3293  3757 I com.miui.home: CheckGCForNative gc_urgency 0.991333 current_native_bytes is 187383699 starting_gc_num:43
12-22 19:30:27.296  3293  3293 I cccccc  : createTaskSnapshotCompat:
12-22 19:30:27.435  3293  3520 I com.miui.home: CheckGCForNative adj_start_bytes: 32887373 NativeAllocationGcWatermark: 10574269 java_gc_start_bytes: 17025970 kNewNativeDiscountFactor: 2 kOldNativeDiscountFactor: 65536 old_native_bytes: 142598471 new_native_bytes: 23431436 add_bytes_allowed: 31722807 is_gc_concurrent: 1 target_footprint_: 17485292 GetBytesAllocated: 10535917 HeapGrowthMultiplier: 3
12-22 19:30:27.435  3293  3520 I com.miui.home: CheckGCForNative gc_urgency 0.676667 current_native_bytes is 166029907 starting_gc_num:43
12-22 19:30:27.441 10087 10087 I wm_on_resume_called: [0,22121956,com.yxcorp.gifshow.HomeActivity,RESUME_ACTIVITY,54]
12-22 19:30:27.447  3293  3293 I wm_on_top_resumed_gained_called: [2068964,com.miui.home.launcher.Launcher,topStateChangedWhenResumed]
12-22 19:30:27.543  3293  3649 I com.miui.home: CheckGCForNative adj_start_bytes: 32887373 NativeAllocationGcWatermark: 10574269 java_gc_start_bytes: 17025970 kNewNativeDiscountFactor: 2 kOldNativeDiscountFactor: 65536 old_native_bytes: 142598471 new_native_bytes: 23441036 add_bytes_allowed: 31722807 is_gc_concurrent: 1 target_footprint_: 17485292 GetBytesAllocated: 10578490 HeapGrowthMultiplier: 3
12-22 19:30:27.543  3293  3649 I com.miui.home: CheckGCForNative gc_urgency 0.678108 current_native_bytes is 166039507 starting_gc_num:43
12-22 19:30:27.601 10087 10087 I wm_on_top_resumed_gained_called: [22121956,com.yxcorp.gifshow.HomeActivity,topStateChangedWhenResumed]
12-22 19:30:27.617 10087 10087 I wm_on_top_resumed_lost_called: [22121956,com.yxcorp.gifshow.HomeActivity,topStateChangedWhenResumed]
12-22 19:30:27.717 10033 10033 I wm_on_application_create_called: [0,com.xiaomi.market,448]
12-22 19:30:27.774  3293  3647 I com.miui.home: CheckGCForNative adj_start_bytes: 32887373 NativeAllocationGcWatermark: 10574269 java_gc_start_bytes: 17025970 kNewNativeDiscountFactor: 2 kOldNativeDiscountFactor: 65536 old_native_bytes: 142598471 new_native_bytes: 34125244 add_bytes_allowed: 31722807 is_gc_concurrent: 1 target_footprint_: 17485292 GetBytesAllocated: 10672675 HeapGrowthMultiplier: 3
12-22 19:30:27.774  3293  3647 I com.miui.home: CheckGCForNative gc_urgency 0.843408 current_native_bytes is 176723715 starting_gc_num:43
12-22 19:30:27.774  3293  3647 I cccccc  : createTaskSnapshotCompat:
12-22 19:30:27.775  3293  3647 I com.miui.home: CheckGCForNative adj_start_bytes: 32887373 NativeAllocationGcWatermark: 10574269 java_gc_start_bytes: 17025970 kNewNativeDiscountFactor: 2 kOldNativeDiscountFactor: 65536 old_native_bytes: 142598471 new_native_bytes: 44832188 add_bytes_allowed: 31722807 is_gc_concurrent: 1 target_footprint_: 17485292 GetBytesAllocated: 10680118 HeapGrowthMultiplier: 3
12-22 19:30:27.775  3293  3647 I com.miui.home: CheckGCForNative gc_urgency 1.00642 current_native_bytes is 187430659 starting_gc_num:43
12-22 19:30:27.775  3293  3647 I com.miui.home: CheckGCForNative requested 1
12-22 19:30:27.775  3293  3382 I cccccc  : getTaskSnapshot:
12-22 19:30:27.778  3293  3382 I com.miui.home: CheckGCForNative adj_start_bytes: 32887373 NativeAllocationGcWatermark: 10574269 java_gc_start_bytes: 17025970 kNewNativeDiscountFactor: 2 kOldNativeDiscountFactor: 65536 old_native_bytes: 142598471 new_native_bytes: 44819948 add_bytes_allowed: 31722807 is_gc_concurrent: 1 target_footprint_: 17485292 GetBytesAllocated: 10680118 HeapGrowthMultiplier: 3
12-22 19:30:27.778  3293  3382 I com.miui.home: CheckGCForNative gc_urgency 1.00623 current_native_bytes is 187418419 starting_gc_num:43
12-22 19:30:27.778  3293  3382 I com.miui.home: CheckGCForNative requested 1
12-22 19:30:27.779  3293  3293 I cccccc  : createTaskSnapshotCompat:
12-22 19:30:28.056  3293  3578 I com.miui.home: CheckGCForNative adj_start_bytes: 32887373 NativeAllocationGcWatermark: 10574269 java_gc_start_bytes: 17025970 kNewNativeDiscountFactor: 2 kOldNativeDiscountFactor: 65536 old_native_bytes: 142598471 new_native_bytes: 34080468 add_bytes_allowed: 31722807 is_gc_concurrent: 1 target_footprint_: 17485292 GetBytesAllocated: 10931662 HeapGrowthMultiplier: 3
12-22 19:30:28.056  3293  3578 I com.miui.home: CheckGCForNative gc_urgency 0.850602 current_native_bytes is 176678939 starting_gc_num:43
12-22 19:30:28.091  3293  4050 D cccccc  : onTaskStackChangedBackground
12-22 19:30:28.091  3293  4050 D cccccc  : onTaskStackChangedBackground
12-22 19:30:28.094  3293  3293 I wm_on_top_resumed_lost_called: [2068964,com.miui.home.launcher.Launcher,topStateChangedWhenResumed]
12-22 19:30:28.265  3293  3358 I com.miui.home: NativeAlloc concurrent copying GC freed 41475(1841KB) AllocSpace objects, 4(136KB) LOS objects, 49% free, 9003KB/17MB, paused 805us,2.798ms total 481.873ms
12-22 19:30:28.371  3293  3293 I wm_on_paused_called: [0,2068964,com.miui.home.launcher.Launcher,performPause,2]
12-22 19:30:28.469  3293  4050 D cccccc  : onTaskStackChangedBackground
12-22 19:30:28.474  3293  3372 D cccccc  : onTaskStackChangedBackground
12-22 19:30:28.520  3293  3649 I com.miui.home: CheckGCForNative gc_urgency 0 current_native_bytes is 143259895 starting_gc_num:44
12-22 19:30:28.609  3293  3649 I com.miui.home: CheckGCForNative adj_start_bytes: 33954918 NativeAllocationGcWatermark: 10693481 java_gc_start_bytes: 17914697 kNewNativeDiscountFactor: 2 kOldNativeDiscountFactor: 65536 old_native_bytes: 143259895 new_native_bytes: 62400 add_bytes_allowed: 32080443 is_gc_concurrent: 1 target_footprint_: 18438985 GetBytesAllocated: 9954094 HeapGrowthMultiplier: 3
12-22 19:30:28.609  3293  3649 I com.miui.home: CheckGCForNative gc_urgency 0.294139 current_native_bytes is 143322295 starting_gc_num:44
12-22 19:30:28.673  3293  3630 E cccccc  : createTaskSnapshot:
12-22 19:30:28.673  3293  3630 I cccccc  : getTaskSnapshotInstance:
12-22 19:30:28.675  3293  3630 E cccccc  : createTaskSnapshot:
12-22 19:30:28.675  3293  3630 I cccccc  : getTaskSnapshotInstance:
12-22 19:30:28.679  3293  3630 I com.miui.home: CheckGCForNative adj_start_bytes: 33954918 NativeAllocationGcWatermark: 10693481 java_gc_start_bytes: 17914697 kNewNativeDiscountFactor: 2 kOldNativeDiscountFactor: 65536 old_native_bytes: 143259895 new_native_bytes: 10849920 add_bytes_allowed: 32080443 is_gc_concurrent: 1 target_footprint_: 18438985 GetBytesAllocated: 10132075 HeapGrowthMultiplier: 3
12-22 19:30:28.679  3293  3630 I com.miui.home: CheckGCForNative gc_urgency 0.458232 current_native_bytes is 154109815 starting_gc_num:44
12-22 19:30:28.842  3293  3649 I com.miui.home: CheckGCForNative adj_start_bytes: 33954918 NativeAllocationGcWatermark: 10693481 java_gc_start_bytes: 17914697 kNewNativeDiscountFactor: 2 kOldNativeDiscountFactor: 65536 old_native_bytes: 143259895 new_native_bytes: 141440 add_bytes_allowed: 32080443 is_gc_concurrent: 1 target_footprint_: 18438985 GetBytesAllocated: 10436262 HeapGrowthMultiplier: 3
12-22 19:30:28.842  3293  3649 I com.miui.home: CheckGCForNative gc_urgency 0.309504 current_native_bytes is 143401335 starting_gc_num:44
12-22 19:30:28.993 10573 10573 I wm_on_create_called: [0,168688997,com.xunmeng.pinduoduo.ui.activity.MainFrameActivity,performCreate,103]
12-22 19:30:28.997  3293  3630 E cccccc  : createTaskSnapshot:
12-22 19:30:28.997  3293  3630 I cccccc  : getTaskSnapshotInstance:
12-22 19:30:29.085  3293  3293 I wm_on_stop_called: [0,2068964,com.miui.home.launcher.Launcher,STOP_ACTIVITY_ITEM,55]
12-22 19:30:29.227 10573 10573 I wm_on_create_called: [0,234253602,com.xunmeng.pinduoduo.ui.activity.HomeActivity,performCreate,51]
12-22 19:30:29.236 10573 10573 I wm_on_start_called: [0,234253602,com.xunmeng.pinduoduo.ui.activity.HomeActivity,handleStartActivity,8]
12-22 19:30:29.242 10573 10573 I wm_on_resume_called: [0,234253602,com.xunmeng.pinduoduo.ui.activity.HomeActivity,RESUME_ACTIVITY,5]
12-22 19:30:29.261  3293  3372 D cccccc  : onTaskStackChangedBackground
12-22 19:30:29.262  3293  3578 I com.miui.home: CheckGCForNative gc_urgency 0 current_native_bytes is 131374531 starting_gc_num:45
12-22 19:30:29.263  3293  4050 D cccccc  : onTaskStackChangedBackground
12-22 19:30:29.293  3293  3578 I com.miui.home: CheckGCForNative adj_start_bytes: 32921960 NativeAllocationGcWatermark: 10543357 java_gc_start_bytes: 17106925 kNewNativeDiscountFactor: 2 kOldNativeDiscountFactor: 65536 old_native_bytes: 131374531 new_native_bytes: 397480 add_bytes_allowed: 31630071 is_gc_concurrent: 1 target_footprint_: 17237997 GetBytesAllocated: 9061452 HeapGrowthMultiplier: 3
12-22 19:30:29.293  3293  3578 I com.miui.home: CheckGCForNative gc_urgency 0.281338 current_native_bytes is 131772011 starting_gc_num:45
12-22 19:30:29.307 10573 10573 I wm_on_top_resumed_gained_called: [234253602,com.xunmeng.pinduoduo.ui.activity.HomeActivity,topStateChangedWhenResumed]
12-22 19:30:29.482  3293  3630 I com.miui.home: CheckGCForNative adj_start_bytes: 32921960 NativeAllocationGcWatermark: 10543357 java_gc_start_bytes: 17106925 kNewNativeDiscountFactor: 2 kOldNativeDiscountFactor: 65536 old_native_bytes: 131374531 new_native_bytes: 1411692 add_bytes_allowed: 31630071 is_gc_concurrent: 1 target_footprint_: 17237997 GetBytesAllocated: 9459938 HeapGrowthMultiplier: 3
12-22 19:30:29.482  3293  3630 I com.miui.home: CheckGCForNative gc_urgency 0.308845 current_native_bytes is 132786223 starting_gc_num:45
12-22 19:30:29.560 10692 10692 I wm_on_application_create_called: [0,com.xiaomi.mi_connect_service,242]
12-22 19:30:29.566  3293  3630 E cccccc  : createTaskSnapshot:
12-22 19:30:29.566  3293  3630 I cccccc  : getTaskSnapshotInstance:
12-22 19:30:29.818  3293  3293 I wm_on_restart_called: [0,2068964,com.miui.home.launcher.Launcher,,0]
12-22 19:30:29.820  3293  3293 I wm_on_start_called: [0,2068964,com.miui.home.launcher.Launcher,handleStartActivity,1]
12-22 19:30:29.854  3293  3293 I wm_on_resume_called: [0,2068964,com.miui.home.launcher.Launcher,RESUME_ACTIVITY,32]
12-22 19:30:29.987  3293  3293 I wm_on_idle_called: com.miui.home.launcher.Launcher
12-22 19:30:30.002  3293  3630 E cccccc  : createTaskSnapshot:
12-22 19:30:30.002  3293  3630 I cccccc  : getTaskSnapshotInstance:
12-22 19:30:30.146  3293  3372 I com.miui.home: CheckGCForNative adj_start_bytes: 32921960 NativeAllocationGcWatermark: 10543357 java_gc_start_bytes: 17106925 kNewNativeDiscountFactor: 2 kOldNativeDiscountFactor: 65536 old_native_bytes: 131374531 new_native_bytes: 12539676 add_bytes_allowed: 31630071 is_gc_concurrent: 1 target_footprint_: 17237997 GetBytesAllocated: 11585169 HeapGrowthMultiplier: 3
12-22 19:30:30.146  3293  3382 I cccccc  : getTaskSnapshot:
12-22 19:30:30.147  3293  3372 I com.miui.home: CheckGCForNative gc_urgency 0.542454 current_native_bytes is 143914207 starting_gc_num:45
12-22 19:30:30.147  3293  3372 I cccccc  : createTaskSnapshotCompat:
12-22 19:30:30.147  3293  3382 I com.miui.home: CheckGCForNative adj_start_bytes: 32921960 NativeAllocationGcWatermark: 10543357 java_gc_start_bytes: 17106925 kNewNativeDiscountFactor: 2 kOldNativeDiscountFactor: 65536 old_native_bytes: 131374531 new_native_bytes: 23245596 add_bytes_allowed: 31630071 is_gc_concurrent: 1 target_footprint_: 17237997 GetBytesAllocated: 11594079 HeapGrowthMultiplier: 3
12-22 19:30:30.147  3293  3382 I com.miui.home: CheckGCForNative gc_urgency 0.70527 current_native_bytes is 154620127 starting_gc_num:45
12-22 19:30:30.147  3293  3372 I com.miui.home: CheckGCForNative adj_start_bytes: 32921960 NativeAllocationGcWatermark: 10543357 java_gc_start_bytes: 17106925 kNewNativeDiscountFactor: 2 kOldNativeDiscountFactor: 65536 old_native_bytes: 131374531 new_native_bytes: 33952732 add_bytes_allowed: 31630071 is_gc_concurrent: 1 target_footprint_: 17237997 GetBytesAllocated: 11598174 HeapGrowthMultiplier: 3
12-22 19:30:30.148  3293  3372 I com.miui.home: CheckGCForNative gc_urgency 0.868009 current_native_bytes is 165327263 starting_gc_num:45
12-22 19:30:30.148  3293  3293 I cccccc  : createTaskSnapshotCompat:
12-22 19:30:30.163  3293  8074 I com.miui.home: CheckGCForNative adj_start_bytes: 32921960 NativeAllocationGcWatermark: 10543357 java_gc_start_bytes: 17106925 kNewNativeDiscountFactor: 2 kOldNativeDiscountFactor: 65536 old_native_bytes: 131374531 new_native_bytes: 12511452 add_bytes_allowed: 31630071 is_gc_concurrent: 1 target_footprint_: 17237997 GetBytesAllocated: 11658001 HeapGrowthMultiplier: 3
12-22 19:30:30.163  3293  8074 I com.miui.home: CheckGCForNative gc_urgency 0.544188 current_native_bytes is 143885983 starting_gc_num:45
12-22 19:30:30.243  3293  3649 I com.miui.home: CheckGCForNative adj_start_bytes: 32921960 NativeAllocationGcWatermark: 10543357 java_gc_start_bytes: 17106925 kNewNativeDiscountFactor: 2 kOldNativeDiscountFactor: 65536 old_native_bytes: 131374531 new_native_bytes: 12532572 add_bytes_allowed: 31630071 is_gc_concurrent: 1 target_footprint_: 17237997 GetBytesAllocated: 11753194 HeapGrowthMultiplier: 3
12-22 19:30:30.243  3293  3649 I com.miui.home: CheckGCForNative gc_urgency 0.5474 current_native_bytes is 143907103 starting_gc_num:45
12-22 19:30:30.249 10573 10573 I wm_on_destroy_called: [0,168688997,com.xunmeng.pinduoduo.ui.activity.MainFrameActivity,performDestroy,11]
12-22 19:30:30.249 10573 10573 I wm_on_top_resumed_lost_called: [234253602,com.xunmeng.pinduoduo.ui.activity.HomeActivity,topStateChangedWhenResumed]
12-22 19:30:30.284  3293  3293 I wm_on_top_resumed_gained_called: [2068964,com.miui.home.launcher.Launcher,topStateChangedWhenResumed]
12-22 19:30:30.494 10573 10573 I wm_on_idle_called: com.xunmeng.pinduoduo.ui.activity.HomeActivity
12-22 19:30:30.509  3293  3649 I com.miui.home: CheckGCForNative adj_start_bytes: 32921960 NativeAllocationGcWatermark: 10543357 java_gc_start_bytes: 17106925 kNewNativeDiscountFactor: 2 kOldNativeDiscountFactor: 65536 old_native_bytes: 131374531 new_native_bytes: 12546364 add_bytes_allowed: 31630071 is_gc_concurrent: 1 target_footprint_: 17237997 GetBytesAllocated: 11863424 HeapGrowthMultiplier: 3
12-22 19:30:30.509  3293  3649 I com.miui.home: CheckGCForNative gc_urgency 0.550958 current_native_bytes is 143920895 starting_gc_num:45
12-22 19:30:30.638  3293  3647 I com.miui.home: CheckGCForNative adj_start_bytes: 32921960 NativeAllocationGcWatermark: 10543357 java_gc_start_bytes: 17106925 kNewNativeDiscountFactor: 2 kOldNativeDiscountFactor: 65536 old_native_bytes: 131374531 new_native_bytes: 23188124 add_bytes_allowed: 31630071 is_gc_concurrent: 1 target_footprint_: 17237997 GetBytesAllocated: 11918834 HeapGrowthMultiplier: 3
12-22 19:30:30.638  3293  3647 I com.miui.home: CheckGCForNative gc_urgency 0.714262 current_native_bytes is 154562655 starting_gc_num:45
12-22 19:30:30.638  3293  3647 I cccccc  : createTaskSnapshotCompat:
12-22 19:30:30.639  3293  3647 I com.miui.home: CheckGCForNative adj_start_bytes: 32921960 NativeAllocationGcWatermark: 10543357 java_gc_start_bytes: 17106925 kNewNativeDiscountFactor: 2 kOldNativeDiscountFactor: 65536 old_native_bytes: 131374531 new_native_bytes: 33895068 add_bytes_allowed: 31630071 is_gc_concurrent: 1 target_footprint_: 17237997 GetBytesAllocated: 11932913 HeapGrowthMultiplier: 3
12-22 19:30:30.639  3293  3647 I com.miui.home: CheckGCForNative gc_urgency 0.877301 current_native_bytes is 165269599 starting_gc_num:45
12-22 19:30:30.641  3293  3372 I cccccc  : getTaskSnapshot:
12-22 19:30:30.647  3293  3372 I com.miui.home: CheckGCForNative adj_start_bytes: 32921960 NativeAllocationGcWatermark: 10543357 java_gc_start_bytes: 17106925 kNewNativeDiscountFactor: 2 kOldNativeDiscountFactor: 65536 old_native_bytes: 131374531 new_native_bytes: 33895068 add_bytes_allowed: 31630071 is_gc_concurrent: 1 target_footprint_: 17237997 GetBytesAllocated: 11932913 HeapGrowthMultiplier: 3
12-22 19:30:30.647  3293  3372 I com.miui.home: CheckGCForNative gc_urgency 0.877301 current_native_bytes is 165269599 starting_gc_num:45
12-22 19:30:30.650  3293  3293 I cccccc  : createTaskSnapshotCompat:
12-22 19:30:30.955  3293  3293 I wm_on_top_resumed_lost_called: [2068964,com.miui.home.launcher.Launcher,topStateChangedWhenResumed]
12-22 19:30:30.961  3293  4050 D cccccc  : onTaskStackChangedBackground
12-22 19:30:30.964  3293  4050 D cccccc  : onTaskStackChangedBackground
12-22 19:30:31.190  3293  3293 I wm_on_paused_called: [0,2068964,com.miui.home.launcher.Launcher,performPause,3]
12-22 19:30:31.270 10573 10573 I wm_on_paused_called: [0,234253602,com.xunmeng.pinduoduo.ui.activity.HomeActivity,performPause,19]
12-22 19:30:31.298  3293  3382 D cccccc  : onTaskStackChangedBackground
12-22 19:30:31.301  3293  3372 D cccccc  : onTaskStackChangedBackground
12-22 19:30:31.364  3293  3630 E cccccc  : createTaskSnapshot:
12-22 19:30:31.364  3293  3630 I cccccc  : getTaskSnapshotInstance:
12-22 19:30:31.365  3293  3630 E cccccc  : createTaskSnapshot:
12-22 19:30:31.365  3293  3630 I cccccc  : getTaskSnapshotInstance:
12-22 19:30:31.366  3293  3630 I com.miui.home: CheckGCForNative adj_start_bytes: 32921960 NativeAllocationGcWatermark: 10543357 java_gc_start_bytes: 17106925 kNewNativeDiscountFactor: 2 kOldNativeDiscountFactor: 65536 old_native_bytes: 131374531 new_native_bytes: 34433192 add_bytes_allowed: 31630071 is_gc_concurrent: 1 target_footprint_: 17237997 GetBytesAllocated: 13071482 HeapGrowthMultiplier: 3
12-22 19:30:31.366  3293  3630 I com.miui.home: CheckGCForNative gc_urgency 0.920057 current_native_bytes is 165807723 starting_gc_num:45
12-22 19:30:31.453  3293  3630 I com.miui.home: CheckGCForNative adj_start_bytes: 32921960 NativeAllocationGcWatermark: 10543357 java_gc_start_bytes: 17106925 kNewNativeDiscountFactor: 2 kOldNativeDiscountFactor: 65536 old_native_bytes: 131374531 new_native_bytes: 23779164 add_bytes_allowed: 31630071 is_gc_concurrent: 1 target_footprint_: 17237997 GetBytesAllocated: 13393618 HeapGrowthMultiplier: 3
12-22 19:30:31.453  3293  3630 I com.miui.home: CheckGCForNative gc_urgency 0.768035 current_native_bytes is 155153695 starting_gc_num:45
12-22 19:30:31.543  3293  3630 E cccccc  : createTaskSnapshot:
12-22 19:30:31.543  3293  3630 I cccccc  : getTaskSnapshotInstance:
12-22 19:30:31.622  3293  3630 I com.miui.home: CheckGCForNative adj_start_bytes: 32921960 NativeAllocationGcWatermark: 10543357 java_gc_start_bytes: 17106925 kNewNativeDiscountFactor: 2 kOldNativeDiscountFactor: 65536 old_native_bytes: 131374531 new_native_bytes: 24312864 add_bytes_allowed: 31630071 is_gc_concurrent: 1 target_footprint_: 17237997 GetBytesAllocated: 13993449 HeapGrowthMultiplier: 3
12-22 19:30:31.622  3293  3630 I com.miui.home: CheckGCForNative gc_urgency 0.79436 current_native_bytes is 155687395 starting_gc_num:45
12-22 19:30:31.695  3293  3630 E cccccc  : createTaskSnapshot:
12-22 19:30:31.695  3293  3630 I cccccc  : getTaskSnapshotInstance:
12-22 19:30:31.732  3293  3649 I com.miui.home: CheckGCForNative adj_start_bytes: 32921960 NativeAllocationGcWatermark: 10543357 java_gc_start_bytes: 17106925 kNewNativeDiscountFactor: 2 kOldNativeDiscountFactor: 65536 old_native_bytes: 131374531 new_native_bytes: 24520920 add_bytes_allowed: 31630071 is_gc_concurrent: 1 target_footprint_: 17237997 GetBytesAllocated: 14370294 HeapGrowthMultiplier: 3
12-22 19:30:31.732  3293  3649 I com.miui.home: CheckGCForNative gc_urgency 0.808966 current_native_bytes is 155895451 starting_gc_num:45
12-22 19:30:32.062 10573 10573 I wm_on_stop_called: [0,234253602,com.xunmeng.pinduoduo.ui.activity.HomeActivity,STOP_ACTIVITY_ITEM,28]
12-22 19:30:32.805 11035 11035 I wm_on_application_create_called: [0,com.tencent.qqlive,434]
12-22 19:30:32.818  3293  3293 I com.miui.home: CheckGCForNative adj_start_bytes: 32921960 NativeAllocationGcWatermark: 10543357 java_gc_start_bytes: 17106925 kNewNativeDiscountFactor: 2 kOldNativeDiscountFactor: 65536 old_native_bytes: 131374531 new_native_bytes: 24106668 add_bytes_allowed: 31630071 is_gc_concurrent: 1 target_footprint_: 17237997 GetBytesAllocated: 15050016 HeapGrowthMultiplier: 3
12-22 19:30:32.818  3293  3293 I com.miui.home: CheckGCForNative gc_urgency 0.823322 current_native_bytes is 155481199 starting_gc_num:45
12-22 19:30:32.869  3293  3293 I wm_on_resume_called: [0,2068964,com.miui.home.launcher.Launcher,RESUME_ACTIVITY,18]
12-22 19:30:32.891  3293  3293 I wm_on_idle_called: com.miui.home.launcher.Launcher
12-22 19:30:33.073  3293  3372 I com.miui.home: CheckGCForNative adj_start_bytes: 32921960 NativeAllocationGcWatermark: 10543357 java_gc_start_bytes: 17106925 kNewNativeDiscountFactor: 2 kOldNativeDiscountFactor: 65536 old_native_bytes: 131374531 new_native_bytes: 34923028 add_bytes_allowed: 31630071 is_gc_concurrent: 1 target_footprint_: 17237997 GetBytesAllocated: 15467253 HeapGrowthMultiplier: 3
12-22 19:30:33.073  3293  3372 I com.miui.home: CheckGCForNative gc_urgency 1.00027 current_native_bytes is 166297559 starting_gc_num:45
12-22 19:30:33.074  3293  3372 I com.miui.home: CheckGCForNative requested 1
12-22 19:30:33.074  3293  3372 I cccccc  : createTaskSnapshotCompat:
12-22 19:30:33.074  3293  3372 I com.miui.home: CheckGCForNative adj_start_bytes: 32921960 NativeAllocationGcWatermark: 10543357 java_gc_start_bytes: 17106925 kNewNativeDiscountFactor: 2 kOldNativeDiscountFactor: 65536 old_native_bytes: 131374531 new_native_bytes: 45629972 add_bytes_allowed: 31630071 is_gc_concurrent: 1 target_footprint_: 17237997 GetBytesAllocated: 15476230 HeapGrowthMultiplier: 3
12-22 19:30:33.074  3293  3372 I com.miui.home: CheckGCForNative gc_urgency 1.16315 current_native_bytes is 177004503 starting_gc_num:45
12-22 19:30:33.074  3293  3372 I com.miui.home: CheckGCForNative requested 1
12-22 19:30:33.255  3293  3369 I cccccc  : getTaskSnapshot:
12-22 19:30:33.256  3293  3369 I com.miui.home: CheckGCForNative adj_start_bytes: 32921960 NativeAllocationGcWatermark: 10543357 java_gc_start_bytes: 17106925 kNewNativeDiscountFactor: 2 kOldNativeDiscountFactor: 65536 old_native_bytes: 131374531 new_native_bytes: 45715220 add_bytes_allowed: 31630071 is_gc_concurrent: 1 target_footprint_: 17237997 GetBytesAllocated: 16063641 HeapGrowthMultiplier: 3
12-22 19:30:33.256  3293  3369 I com.miui.home: CheckGCForNative gc_urgency 1.18229 current_native_bytes is 177089751 starting_gc_num:45
12-22 19:30:33.256  3293  3369 I com.miui.home: CheckGCForNative requested 1
12-22 19:30:33.257  3293  3293 I cccccc  : createTaskSnapshotCompat:
12-22 19:30:33.274  3293  3293 I wm_on_top_resumed_gained_called: [2068964,com.miui.home.launcher.Launcher,topStateChangedWhenResumed]
12-22 19:30:33.275 11035 11035 I wm_on_create_called: [0,150284752,com.tencent.qqlive.ona.activity.SplashHomeActivity,performCreate,235]
12-22 19:30:33.320  3293  3649 I com.miui.home: CheckGCForNative adj_start_bytes: 32921960 NativeAllocationGcWatermark: 10543357 java_gc_start_bytes: 17106925 kNewNativeDiscountFactor: 2 kOldNativeDiscountFactor: 65536 old_native_bytes: 131374531 new_native_bytes: 35102660 add_bytes_allowed: 31630071 is_gc_concurrent: 1 target_footprint_: 17237997 GetBytesAllocated: 16237610 HeapGrowthMultiplier: 3
12-22 19:30:33.320  3293  3649 I com.miui.home: CheckGCForNative gc_urgency 1.0264 current_native_bytes is 166477191 starting_gc_num:45
12-22 19:30:33.320  3293  3649 I com.miui.home: CheckGCForNative requested 1
12-22 19:30:33.474 11035 11035 I wm_on_start_called: [0,150284752,com.tencent.qqlive.ona.activity.SplashHomeActivity,handleStartActivity,116]
12-22 19:30:33.587  3293  3358 I com.miui.home: NativeAlloc concurrent copying GC freed 154843(6774KB) AllocSpace objects, 22(568KB) LOS objects, 49% free, 8718KB/17MB, paused 221us,91us total 503.643ms
12-22 19:30:33.599  3293  3647 I cccccc  : createTaskSnapshotCompat:
12-22 19:30:33.839  3293  3293 I wm_on_top_resumed_lost_called: [2068964,com.miui.home.launcher.Launcher,topStateChangedWhenResumed]
12-22 19:30:33.862  3293  8906 D cccccc  : onTaskStackChangedBackground
12-22 19:30:33.863  3293  8906 D cccccc  : onTaskStackChangedBackground
12-22 19:30:34.109  3293  3293 I wm_on_paused_called: [0,2068964,com.miui.home.launcher.Launcher,performPause,3]
12-22 19:30:34.128  3293  3630 I com.miui.home: CheckGCForNative gc_urgency 0 current_native_bytes is 142121955 starting_gc_num:46
12-22 19:30:34.202  3293  4462 I com.miui.home: CheckGCForNative adj_start_bytes: 33261180 NativeAllocationGcWatermark: 10620456 java_gc_start_bytes: 17330496 kNewNativeDiscountFactor: 2 kOldNativeDiscountFactor: 65536 old_native_bytes: 142121955 new_native_bytes: 160280 add_bytes_allowed: 31861368 is_gc_concurrent: 1 target_footprint_: 17854784 GetBytesAllocated: 9738045 HeapGrowthMultiplier: 3
12-22 19:30:34.202  3293  4462 I com.miui.home: CheckGCForNative gc_urgency 0.29525 current_native_bytes is 142282235 starting_gc_num:46
12-22 19:30:34.224  3293  4050 D cccccc  : onTaskStackChangedBackground
12-22 19:30:34.233  3293  3372 D cccccc  : onTaskStackChangedBackground
12-22 19:30:34.342 11035 11035 I wm_on_resume_called: [0,150284752,com.tencent.qqlive.ona.activity.SplashHomeActivity,RESUME_ACTIVITY,673]
12-22 19:30:34.420  6299  6299 I wm_on_create_called: [0,83341329,com.tencent.mobileqq.activity.SplashActivity,performCreate,122]
12-22 19:30:34.430  6299  6299 I wm_on_start_called: [0,83341329,com.tencent.mobileqq.activity.SplashActivity,handleStartActivity,7]
12-22 19:30:34.504  3293  3630 E cccccc  : createTaskSnapshot:
12-22 19:30:34.504  3293  3630 I cccccc  : getTaskSnapshotInstance:
12-22 19:30:34.512  3293  3630 E cccccc  : createTaskSnapshot:
12-22 19:30:34.512  3293  3630 I cccccc  : getTaskSnapshotInstance:
12-22 19:30:34.514  3293  3630 I com.miui.home: CheckGCForNative adj_start_bytes: 33261180 NativeAllocationGcWatermark: 10620456 java_gc_start_bytes: 17330496 kNewNativeDiscountFactor: 2 kOldNativeDiscountFactor: 65536 old_native_bytes: 142121955 new_native_bytes: 11055224 add_bytes_allowed: 31861368 is_gc_concurrent: 1 target_footprint_: 17854784 GetBytesAllocated: 10086368 HeapGrowthMultiplier: 3
12-22 19:30:34.514  3293  3630 I com.miui.home: CheckGCForNative gc_urgency 0.469501 current_native_bytes is 153177179 starting_gc_num:46
12-22 19:30:34.606  6299  6299 I wm_on_resume_called: [0,83341329,com.tencent.mobileqq.activity.SplashActivity,RESUME_ACTIVITY,170]
12-22 19:30:34.620  3293  3649 I com.miui.home: CheckGCForNative adj_start_bytes: 33261180 NativeAllocationGcWatermark: 10620456 java_gc_start_bytes: 17330496 kNewNativeDiscountFactor: 2 kOldNativeDiscountFactor: 65536 old_native_bytes: 142121955 new_native_bytes: 403932 add_bytes_allowed: 31861368 is_gc_concurrent: 1 target_footprint_: 17854784 GetBytesAllocated: 10441120 HeapGrowthMultiplier: 3
12-22 19:30:34.620  3293  3649 I com.miui.home: CheckGCForNative gc_urgency 0.32005 current_native_bytes is 142525887 starting_gc_num:46
12-22 19:30:34.687  6299  6299 I wm_on_top_resumed_gained_called: [83341329,com.tencent.mobileqq.activity.SplashActivity,topStateChangedWhenResumed]
12-22 19:30:35.002  3293  3630 E cccccc  : createTaskSnapshot:
12-22 19:30:35.002  3293  3630 I cccccc  : getTaskSnapshotInstance:
12-22 19:30:35.098  6299  6299 I wm_on_idle_called: com.tencent.mobileqq.activity.SplashActivity
12-22 19:30:35.292  3293  3293 I wm_on_stop_called: [0,2068964,com.miui.home.launcher.Launcher,STOP_ACTIVITY_ITEM,63]
12-22 19:30:35.500 11035 11035 I wm_on_top_resumed_gained_called: [150284752,com.tencent.qqlive.ona.activity.SplashHomeActivity,topStateChangedWhenResumed]
12-22 19:30:35.535 11035 11035 I wm_on_top_resumed_lost_called: [150284752,com.tencent.qqlive.ona.activity.SplashHomeActivity,topStateChangedWhenResumed]
12-22 19:30:35.602  6299  6299 I wm_on_top_resumed_lost_called: [83341329,com.tencent.mobileqq.activity.SplashActivity,topStateChangedWhenResumed]
12-22 19:30:35.694  3293  3293 I wm_on_restart_called: [0,2068964,com.miui.home.launcher.Launcher,,0]
12-22 19:30:35.696  3293  3293 I wm_on_start_called: [0,2068964,com.miui.home.launcher.Launcher,handleStartActivity,2]
12-22 19:30:35.716  3293  3293 I wm_on_resume_called: [0,2068964,com.miui.home.launcher.Launcher,RESUME_ACTIVITY,19]
12-22 19:30:35.815  3293  3293 I wm_on_top_resumed_gained_called: [2068964,com.miui.home.launcher.Launcher,topStateChangedWhenResumed]
12-22 19:30:35.817  3293  3293 I wm_on_idle_called: com.miui.home.launcher.Launcher
12-22 19:30:35.873  3293  4462 I com.miui.home: CheckGCForNative gc_urgency 0 current_native_bytes is 131193727 starting_gc_num:47
12-22 19:30:35.964  3293  4462 I com.miui.home: CheckGCForNative adj_start_bytes: 32746970 NativeAllocationGcWatermark: 10524937 java_gc_start_bytes: 16959565 kNewNativeDiscountFactor: 2 kOldNativeDiscountFactor: 65536 old_native_bytes: 131193727 new_native_bytes: 10700928 add_bytes_allowed: 31574811 is_gc_concurrent: 1 target_footprint_: 17090637 GetBytesAllocated: 9700291 HeapGrowthMultiplier: 3
12-22 19:30:35.964  3293  4462 I com.miui.home: CheckGCForNative gc_urgency 0.459669 current_native_bytes is 141894655 starting_gc_num:47
12-22 19:30:35.966  3293  4462 I cccccc  : createTaskSnapshotCompat:
12-22 19:30:35.967  3293  4462 I com.miui.home: CheckGCForNative adj_start_bytes: 32746970 NativeAllocationGcWatermark: 10524937 java_gc_start_bytes: 16959565 kNewNativeDiscountFactor: 2 kOldNativeDiscountFactor: 65536 old_native_bytes: 131193727 new_native_bytes: 21407872 add_bytes_allowed: 31574811 is_gc_concurrent: 1 target_footprint_: 17090637 GetBytesAllocated: 9700483 HeapGrowthMultiplier: 3
12-22 19:30:35.967  3293  4462 I com.miui.home: CheckGCForNative gc_urgency 0.623154 current_native_bytes is 152601599 starting_gc_num:47
12-22 19:30:35.998  3293  3649 I com.miui.home: CheckGCForNative adj_start_bytes: 32746970 NativeAllocationGcWatermark: 10524937 java_gc_start_bytes: 16959565 kNewNativeDiscountFactor: 2 kOldNativeDiscountFactor: 65536 old_native_bytes: 131193727 new_native_bytes: 10719456 add_bytes_allowed: 31574811 is_gc_concurrent: 1 target_footprint_: 17090637 GetBytesAllocated: 9742891 HeapGrowthMultiplier: 3
12-22 19:30:35.998  3293  3649 I com.miui.home: CheckGCForNative gc_urgency 0.461252 current_native_bytes is 141913183 starting_gc_num:47
12-22 19:30:36.121  3293  4462 I cccccc  : getTaskSnapshot:
12-22 19:30:36.147  3293  4462 I com.miui.home: CheckGCForNative adj_start_bytes: 32746970 NativeAllocationGcWatermark: 10524937 java_gc_start_bytes: 16959565 kNewNativeDiscountFactor: 2 kOldNativeDiscountFactor: 65536 old_native_bytes: 131193727 new_native_bytes: 21435728 add_bytes_allowed: 31574811 is_gc_concurrent: 1 target_footprint_: 17090637 GetBytesAllocated: 9802263 HeapGrowthMultiplier: 3
12-22 19:30:36.147  3293  4462 I com.miui.home: CheckGCForNative gc_urgency 0.626688 current_native_bytes is 152629455 starting_gc_num:47
12-22 19:30:36.151  3293  3293 I cccccc  : createTaskSnapshotCompat:
12-22 19:30:36.287  3293  3649 I com.miui.home: CheckGCForNative adj_start_bytes: 32746970 NativeAllocationGcWatermark: 10524937 java_gc_start_bytes: 16959565 kNewNativeDiscountFactor: 2 kOldNativeDiscountFactor: 65536 old_native_bytes: 131193727 new_native_bytes: 10749588 add_bytes_allowed: 31574811 is_gc_concurrent: 1 target_footprint_: 17090637 GetBytesAllocated: 9862939 HeapGrowthMultiplier: 3
12-22 19:30:36.287  3293  3649 I com.miui.home: CheckGCForNative gc_urgency 0.465489 current_native_bytes is 141943315 starting_gc_num:47
12-22 19:30:36.479  3293  3647 I com.miui.home: CheckGCForNative adj_start_bytes: 32746970 NativeAllocationGcWatermark: 10524937 java_gc_start_bytes: 16959565 kNewNativeDiscountFactor: 2 kOldNativeDiscountFactor: 65536 old_native_bytes: 131193727 new_native_bytes: 21498228 add_bytes_allowed: 31574811 is_gc_concurrent: 1 target_footprint_: 17090637 GetBytesAllocated: 10014710 HeapGrowthMultiplier: 3
12-22 19:30:36.479  3293  3647 I com.miui.home: CheckGCForNative gc_urgency 0.63413 current_native_bytes is 152691955 starting_gc_num:47
12-22 19:30:36.479  3293  3647 I cccccc  : createTaskSnapshotCompat:
12-22 19:30:36.480  3293  3647 I com.miui.home: CheckGCForNative adj_start_bytes: 32746970 NativeAllocationGcWatermark: 10524937 java_gc_start_bytes: 16959565 kNewNativeDiscountFactor: 2 kOldNativeDiscountFactor: 65536 old_native_bytes: 131193727 new_native_bytes: 32205364 add_bytes_allowed: 31574811 is_gc_concurrent: 1 target_footprint_: 17090637 GetBytesAllocated: 10018623 HeapGrowthMultiplier: 3
12-22 19:30:36.480  3293  3647 I com.miui.home: CheckGCForNative gc_urgency 0.797732 current_native_bytes is 163399091 starting_gc_num:47
12-22 19:30:36.586  6299  6299 I wm_on_paused_called: [0,83341329,com.tencent.mobileqq.activity.SplashActivity,performPause,40]
12-22 19:30:36.764  3293  8906 I cccccc  : getTaskSnapshot:
12-22 19:30:36.772  3293  8906 I com.miui.home: CheckGCForNative adj_start_bytes: 32746970 NativeAllocationGcWatermark: 10524937 java_gc_start_bytes: 16959565 kNewNativeDiscountFactor: 2 kOldNativeDiscountFactor: 65536 old_native_bytes: 131193727 new_native_bytes: 32274684 add_bytes_allowed: 31574811 is_gc_concurrent: 1 target_footprint_: 17090637 GetBytesAllocated: 10785212 HeapGrowthMultiplier: 3
12-22 19:30:36.772  3293  8906 I com.miui.home: CheckGCForNative gc_urgency 0.8222 current_native_bytes is 163468411 starting_gc_num:47
12-22 19:30:36.787  3293  3293 I cccccc  : createTaskSnapshotCompat:
12-22 19:30:36.804  3293  8906 D cccccc  : onTaskStackChangedBackground
12-22 19:30:36.813  3293  3382 D cccccc  : onTaskStackChangedBackground
12-22 19:30:36.817 11035 11035 I wm_on_paused_called: [0,150284752,com.tencent.qqlive.ona.activity.SplashHomeActivity,performPause,619]
12-22 19:30:36.857  3293  3293 I com.miui.home: CheckGCForNative adj_start_bytes: 32746970 NativeAllocationGcWatermark: 10524937 java_gc_start_bytes: 16959565 kNewNativeDiscountFactor: 2 kOldNativeDiscountFactor: 65536 old_native_bytes: 131193727 new_native_bytes: 21869812 add_bytes_allowed: 31574811 is_gc_concurrent: 1 target_footprint_: 17090637 GetBytesAllocated: 10947717 HeapGrowthMultiplier: 3
12-22 19:30:36.857  3293  3293 I com.miui.home: CheckGCForNative gc_urgency 0.668295 current_native_bytes is 153063539 starting_gc_num:47
12-22 19:30:36.934  3293  3293 I wm_on_top_resumed_lost_called: [2068964,com.miui.home.launcher.Launcher,topStateChangedWhenResumed]
12-22 19:30:36.950  3293  3293 I wm_on_paused_called: [0,2068964,com.miui.home.launcher.Launcher,performPause,3]
12-22 19:30:36.984  3293 11910 I com.miui.home: CheckGCForNative adj_start_bytes: 32746970 NativeAllocationGcWatermark: 10524937 java_gc_start_bytes: 16959565 kNewNativeDiscountFactor: 2 kOldNativeDiscountFactor: 65536 old_native_bytes: 131193727 new_native_bytes: 21900628 add_bytes_allowed: 31574811 is_gc_concurrent: 1 target_footprint_: 17090637 GetBytesAllocated: 11114382 HeapGrowthMultiplier: 3
12-22 19:30:36.985  3293 11910 I com.miui.home: CheckGCForNative gc_urgency 0.673855 current_native_bytes is 153094355 starting_gc_num:47
12-22 19:30:36.997  3293 11931 D cccccc  : onTaskStackChangedBackground
12-22 19:30:36.998  3293 11931 D cccccc  : onTaskStackChangedBackground
12-22 19:30:37.102  3293  3369 D cccccc  : onTaskStackChangedBackground
12-22 19:30:37.108  3293  3369 D cccccc  : onTaskStackChangedBackground
12-22 19:30:37.135  6299  6299 I wm_on_stop_called: [0,83341329,com.tencent.mobileqq.activity.SplashActivity,LIFECYCLER_STOP_ACTIVITY,20]
12-22 19:30:37.208  6299  6299 I wm_on_destroy_called: [0,83341329,com.tencent.mobileqq.activity.SplashActivity,performDestroy,73]
12-22 19:30:37.306 11035 11035 I wm_on_stop_called: [0,150284752,com.tencent.qqlive.ona.activity.SplashHomeActivity,STOP_ACTIVITY_ITEM,424]
12-22 19:30:37.378  3293  3630 E cccccc  : createTaskSnapshot:
12-22 19:30:37.378  3293  3630 I cccccc  : getTaskSnapshotInstance:
12-22 19:30:37.419  3293  3630 E cccccc  : createTaskSnapshot:
12-22 19:30:37.419  3293  3630 I cccccc  : getTaskSnapshotInstance:
12-22 19:30:37.439  3293  3630 I com.miui.home: CheckGCForNative adj_start_bytes: 32746970 NativeAllocationGcWatermark: 10524937 java_gc_start_bytes: 16959565 kNewNativeDiscountFactor: 2 kOldNativeDiscountFactor: 65536 old_native_bytes: 131193727 new_native_bytes: 33497088 add_bytes_allowed: 31574811 is_gc_concurrent: 1 target_footprint_: 17090637 GetBytesAllocated: 11966787 HeapGrowthMultiplier: 3
12-22 19:30:37.439  3293  3630 I com.miui.home: CheckGCForNative gc_urgency 0.876946 current_native_bytes is 164690815 starting_gc_num:47
12-22 19:30:37.632  3293  3649 I com.miui.home: CheckGCForNative adj_start_bytes: 32746970 NativeAllocationGcWatermark: 10524937 java_gc_start_bytes: 16959565 kNewNativeDiscountFactor: 2 kOldNativeDiscountFactor: 65536 old_native_bytes: 131193727 new_native_bytes: 23240680 add_bytes_allowed: 31574811 is_gc_concurrent: 1 target_footprint_: 17090637 GetBytesAllocated: 12291689 HeapGrowthMultiplier: 3
12-22 19:30:37.632  3293  3649 I com.miui.home: CheckGCForNative gc_urgency 0.730267 current_native_bytes is 154434407 starting_gc_num:47
12-22 19:30:37.796  3293  3630 E cccccc  : createTaskSnapshot:
12-22 19:30:37.796  3293  3630 I cccccc  : getTaskSnapshotInstance:
12-22 19:30:37.889  3293  3649 I com.miui.home: CheckGCForNative adj_start_bytes: 32746970 NativeAllocationGcWatermark: 10524937 java_gc_start_bytes: 16959565 kNewNativeDiscountFactor: 2 kOldNativeDiscountFactor: 65536 old_native_bytes: 131193727 new_native_bytes: 23397148 add_bytes_allowed: 31574811 is_gc_concurrent: 1 target_footprint_: 17090637 GetBytesAllocated: 12719383 HeapGrowthMultiplier: 3
12-22 19:30:37.889  3293  3649 I com.miui.home: CheckGCForNative gc_urgency 0.745717 current_native_bytes is 154590875 starting_gc_num:47
12-22 19:30:37.910  3293  3649 I com.miui.home: CheckGCForNative adj_start_bytes: 32746970 NativeAllocationGcWatermark: 10524937 java_gc_start_bytes: 16959565 kNewNativeDiscountFactor: 2 kOldNativeDiscountFactor: 65536 old_native_bytes: 131193727 new_native_bytes: 23397916 add_bytes_allowed: 31574811 is_gc_concurrent: 1 target_footprint_: 17090637 GetBytesAllocated: 12725430 HeapGrowthMultiplier: 3
12-22 19:30:37.910  3293  3649 I com.miui.home: CheckGCForNative gc_urgency 0.745913 current_native_bytes is 154591643 starting_gc_num:47
12-22 19:30:37.939 11035 11035 I wm_on_idle_called: com.tencent.qqlive.ona.activity.SplashHomeActivity
12-22 19:30:38.889  3293  3293 I wm_on_resume_called: [0,2068964,com.miui.home.launcher.Launcher,RESUME_ACTIVITY,18]
12-22 19:30:38.906  3293  3293 I wm_on_idle_called: com.miui.home.launcher.Launcher
12-22 19:30:39.092  3293  3757 I cccccc  : getTaskSnapshot:
12-22 19:30:39.092  3293  8906 I com.miui.home: CheckGCForNative adj_start_bytes: 32746970 NativeAllocationGcWatermark: 10524937 java_gc_start_bytes: 16959565 kNewNativeDiscountFactor: 2 kOldNativeDiscountFactor: 65536 old_native_bytes: 131193727 new_native_bytes: 33969968 add_bytes_allowed: 31574811 is_gc_concurrent: 1 target_footprint_: 17090637 GetBytesAllocated: 14437420 HeapGrowthMultiplier: 3
12-22 19:30:39.093  3293  8906 I com.miui.home: CheckGCForNative gc_urgency 0.959613 current_native_bytes is 165163695 starting_gc_num:47
12-22 19:30:39.093  3293  8906 I cccccc  : createTaskSnapshotCompat:
12-22 19:30:39.093  3293  3757 I com.miui.home: CheckGCForNative adj_start_bytes: 32746970 NativeAllocationGcWatermark: 10524937 java_gc_start_bytes: 16959565 kNewNativeDiscountFactor: 2 kOldNativeDiscountFactor: 65536 old_native_bytes: 131193727 new_native_bytes: 44676080 add_bytes_allowed: 31574811 is_gc_concurrent: 1 target_footprint_: 17090637 GetBytesAllocated: 14437612 HeapGrowthMultiplier: 3
12-22 19:30:39.093  3293  3757 I com.miui.home: CheckGCForNative gc_urgency 1.12309 current_native_bytes is 175869807 starting_gc_num:47
12-22 19:30:39.093  3293  3757 I com.miui.home: CheckGCForNative requested 1
12-22 19:30:39.093  3293  8906 I com.miui.home: CheckGCForNative adj_start_bytes: 32746970 NativeAllocationGcWatermark: 10524937 java_gc_start_bytes: 16959565 kNewNativeDiscountFactor: 2 kOldNativeDiscountFactor: 65536 old_native_bytes: 131193727 new_native_bytes: 55383440 add_bytes_allowed: 31574811 is_gc_concurrent: 1 target_footprint_: 17090637 GetBytesAllocated: 14441923 HeapGrowthMultiplier: 3
12-22 19:30:39.093  3293  8906 I com.miui.home: CheckGCForNative gc_urgency 1.2867 current_native_bytes is 186577167 starting_gc_num:47
12-22 19:30:39.093  3293  8906 I com.miui.home: CheckGCForNative requested 1
12-22 19:30:39.095  3293  3293 I cccccc  : createTaskSnapshotCompat:
12-22 19:30:39.187  3293  3649 I com.miui.home: CheckGCForNative adj_start_bytes: 32746970 NativeAllocationGcWatermark: 10524937 java_gc_start_bytes: 16959565 kNewNativeDiscountFactor: 2 kOldNativeDiscountFactor: 65536 old_native_bytes: 131193727 new_native_bytes: 33966592 add_bytes_allowed: 31574811 is_gc_concurrent: 1 target_footprint_: 17090637 GetBytesAllocated: 14498583 HeapGrowthMultiplier: 3
12-22 19:30:39.187  3293  3649 I com.miui.home: CheckGCForNative gc_urgency 0.961429 current_native_bytes is 165160319 starting_gc_num:47
12-22 19:30:39.269  3293  3293 I wm_on_top_resumed_gained_called: [2068964,com.miui.home.launcher.Launcher,topStateChangedWhenResumed]
12-22 19:30:39.366  3293  3649 I com.miui.home: CheckGCForNative adj_start_bytes: 32746970 NativeAllocationGcWatermark: 10524937 java_gc_start_bytes: 16959565 kNewNativeDiscountFactor: 2 kOldNativeDiscountFactor: 65536 old_native_bytes: 131193727 new_native_bytes: 33926144 add_bytes_allowed: 31574811 is_gc_concurrent: 1 target_footprint_: 17090637 GetBytesAllocated: 14563311 HeapGrowthMultiplier: 3
12-22 19:30:39.366  3293  3649 I com.miui.home: CheckGCForNative gc_urgency 0.962788 current_native_bytes is 165119871 starting_gc_num:47
12-22 19:30:39.554  3293  3649 I com.miui.home: CheckGCForNative adj_start_bytes: 32746970 NativeAllocationGcWatermark: 10524937 java_gc_start_bytes: 16959565 kNewNativeDiscountFactor: 2 kOldNativeDiscountFactor: 65536 old_native_bytes: 131193727 new_native_bytes: 33849360 add_bytes_allowed: 31574811 is_gc_concurrent: 1 target_footprint_: 17090637 GetBytesAllocated: 14682570 HeapGrowthMultiplier: 3
12-22 19:30:39.555  3293  3649 I com.miui.home: CheckGCForNative gc_urgency 0.965257 current_native_bytes is 165043087 starting_gc_num:47
12-22 19:30:39.573  3293  3382 I cccccc  : getTaskSnapshot:
12-22 19:30:39.574  3293  3382 I com.miui.home: CheckGCForNative adj_start_bytes: 32746970 NativeAllocationGcWatermark: 10524937 java_gc_start_bytes: 16959565 kNewNativeDiscountFactor: 2 kOldNativeDiscountFactor: 65536 old_native_bytes: 131193727 new_native_bytes: 44540608 add_bytes_allowed: 31574811 is_gc_concurrent: 1 target_footprint_: 17090637 GetBytesAllocated: 14736207 HeapGrowthMultiplier: 3
12-22 19:30:39.574  3293  3382 I com.miui.home: CheckGCForNative gc_urgency 1.13014 current_native_bytes is 175734335 starting_gc_num:47
12-22 19:30:39.574  3293  3382 I com.miui.home: CheckGCForNative requested 1
12-22 19:30:39.575  3293  3293 I cccccc  : createTaskSnapshotCompat:
12-22 19:30:39.576  3293  3293 I com.miui.home: CheckGCForNative adj_start_bytes: 32746970 NativeAllocationGcWatermark: 10524937 java_gc_start_bytes: 16959565 kNewNativeDiscountFactor: 2 kOldNativeDiscountFactor: 65536 old_native_bytes: 131193727 new_native_bytes: 55247680 add_bytes_allowed: 31574811 is_gc_concurrent: 1 target_footprint_: 17090637 GetBytesAllocated: 14741900 HeapGrowthMultiplier: 3
12-22 19:30:39.576  3293  3293 I com.miui.home: CheckGCForNative gc_urgency 1.29379 current_native_bytes is 186441407 starting_gc_num:47
12-22 19:30:39.576  3293  3293 I com.miui.home: CheckGCForNative requested 1
12-22 19:30:39.578  3293  3647 I com.miui.home: CheckGCForNative adj_start_bytes: 32746970 NativeAllocationGcWatermark: 10524937 java_gc_start_bytes: 16959565 kNewNativeDiscountFactor: 2 kOldNativeDiscountFactor: 65536 old_native_bytes: 131193727 new_native_bytes: 55248064 add_bytes_allowed: 31574811 is_gc_concurrent: 1 target_footprint_: 17090637 GetBytesAllocated: 14753058 HeapGrowthMultiplier: 3
12-22 19:30:39.578  3293  3647 I com.miui.home: CheckGCForNative gc_urgency 1.29414 current_native_bytes is 186441791 starting_gc_num:47
12-22 19:30:39.578  3293  3647 I com.miui.home: CheckGCForNative requested 1
12-22 19:30:39.578  3293  3647 I cccccc  : createTaskSnapshotCompat:
12-22 19:30:39.665  3293  3358 I com.miui.home: NativeAlloc concurrent copying GC freed 118019(4997KB) AllocSpace objects, 26(696KB) LOS objects, 49% free, 8776KB/17MB, paused 18.262ms,295us total 569.457ms
12-22 19:30:39.803 11961 11961 I wm_on_application_create_called: [0,com.dragon.read,1828]
12-22 19:30:39.980  3293  3293 I wm_on_top_resumed_lost_called: [2068964,com.miui.home.launcher.Launcher,topStateChangedWhenResumed]
12-22 19:30:39.989  3293  8906 D cccccc  : onTaskStackChangedBackground
12-22 19:30:39.990  3293  8906 D cccccc  : onTaskStackChangedBackground
12-22 19:30:40.101  3293  3293 I wm_on_paused_called: [0,2068964,com.miui.home.launcher.Launcher,performPause,3]
12-22 19:30:40.210  3293  3369 D cccccc  : onTaskStackChangedBackground
12-22 19:30:40.211  3293  3757 D cccccc  : onTaskStackChangedBackground
12-22 19:30:40.498  3293  3649 I com.miui.home: CheckGCForNative gc_urgency 0 current_native_bytes is 151595951 starting_gc_num:48
12-22 19:30:40.665  3293  3649 I com.miui.home: CheckGCForNative adj_start_bytes: 33553004 NativeAllocationGcWatermark: 10635452 java_gc_start_bytes: 17599826 kNewNativeDiscountFactor: 2 kOldNativeDiscountFactor: 65536 old_native_bytes: 151595951 new_native_bytes: 405120 add_bytes_allowed: 31906356 is_gc_concurrent: 1 target_footprint_: 17974755 GetBytesAllocated: 10152056 HeapGrowthMultiplier: 3
12-22 19:30:40.665  3293  3649 I com.miui.home: CheckGCForNative gc_urgency 0.308674 current_native_bytes is 152001071 starting_gc_num:48
12-22 19:30:40.735  3293  3630 E cccccc  : createTaskSnapshot:
12-22 19:30:40.735  3293  3630 I cccccc  : getTaskSnapshotInstance:
12-22 19:30:40.736  3293  3630 E cccccc  : createTaskSnapshot:
12-22 19:30:40.736  3293  3630 I cccccc  : getTaskSnapshotInstance:
12-22 19:30:40.741  3293  3630 I com.miui.home: CheckGCForNative adj_start_bytes: 33553004 NativeAllocationGcWatermark: 10635452 java_gc_start_bytes: 17599826 kNewNativeDiscountFactor: 2 kOldNativeDiscountFactor: 65536 old_native_bytes: 151595951 new_native_bytes: 11173652 add_bytes_allowed: 31906356 is_gc_concurrent: 1 target_footprint_: 17974755 GetBytesAllocated: 10392938 HeapGrowthMultiplier: 3
12-22 19:30:40.741  3293  3630 I com.miui.home: CheckGCForNative gc_urgency 0.476323 current_native_bytes is 162769603 starting_gc_num:48
12-22 19:30:40.776  3293  3649 I com.miui.home: CheckGCForNative adj_start_bytes: 33553004 NativeAllocationGcWatermark: 10635452 java_gc_start_bytes: 17599826 kNewNativeDiscountFactor: 2 kOldNativeDiscountFactor: 65536 old_native_bytes: 151595951 new_native_bytes: 477332 add_bytes_allowed: 31906356 is_gc_concurrent: 1 target_footprint_: 17974755 GetBytesAllocated: 10455063 HeapGrowthMultiplier: 3
12-22 19:30:40.776  3293  3649 I com.miui.home: CheckGCForNative gc_urgency 0.31878 current_native_bytes is 152073283 starting_gc_num:48
12-22 19:30:40.991  3293  3630 E cccccc  : createTaskSnapshot:
12-22 19:30:40.991  3293  3630 I cccccc  : getTaskSnapshotInstance:
12-22 19:30:41.558  3293  3293 I wm_on_resume_called: [0,2068964,com.miui.home.launcher.Launcher,RESUME_ACTIVITY,19]
12-22 19:30:41.587  3293  3293 I wm_on_idle_called: com.miui.home.launcher.Launcher
12-22 19:30:41.633 12524 12524 I wm_on_application_create_called: [0,com.taobao.taobao,510]
12-22 19:30:41.751  3293  3369 I com.miui.home: CheckGCForNative adj_start_bytes: 33553004 NativeAllocationGcWatermark: 10635452 java_gc_start_bytes: 17599826 kNewNativeDiscountFactor: 2 kOldNativeDiscountFactor: 65536 old_native_bytes: 151595951 new_native_bytes: 11591460 add_bytes_allowed: 31906356 is_gc_concurrent: 1 target_footprint_: 17974755 GetBytesAllocated: 12338655 HeapGrowthMultiplier: 3
