12-21 18:33:56.773  3303  3358 I com.miui.home: NativeAlloc concurrent copying GC freed 110665(4812KB) AllocSpace objects, 14(392KB) LOS objects, 49% free, 9575KB/18MB, paused 3.567ms,73us total 946.035ms
12-21 18:33:57.097  3303  3652 I com.miui.home: CheckGCForNative gc_urgency 0 current_native_bytes is 118844951
12-21 18:33:57.288  3303  3627 E cccccc  : createTaskSnapshot:
12-21 18:33:57.288  3303  3627 I cccccc  : getTaskSnapshotInstance:
12-21 18:33:57.289  3303  3627 E cccccc  : createTaskSnapshot:
12-21 18:33:57.289  3303  3627 I cccccc  : getTaskSnapshotInstance:
12-21 18:33:57.294  3303  3627 I com.miui.home: CheckGCForNative adj_start_bytes: 35345833 NativeAllocationGcWatermark: 10839893 java_gc_start_bytes: 19085994 kNewNativeDiscountFactor: 2 kOldNativeDiscountFactor: 65536 old_native_bytes: 118844951 new_native_bytes: 11218448 add_bytes_allowed: 32519679 is_gc_concurrent: 1 target_footprint_: 19610282 GetBytesAllocated: 10488764 HeapGrowthMultiplier: 3
12-21 18:33:57.294  3303  3627 I com.miui.home: CheckGCForNative gc_urgency 0.455494 current_native_bytes is 130063399
12-21 18:33:57.719  3303  3627 I com.miui.home: CheckGCForNative adj_start_bytes: 35345833 NativeAllocationGcWatermark: 10839893 java_gc_start_bytes: 19085994 kNewNativeDiscountFactor: 2 kOldNativeDiscountFactor: 65536 old_native_bytes: 118844951 new_native_bytes: 446340 add_bytes_allowed: 32519679 is_gc_concurrent: 1 target_footprint_: 19610282 GetBytesAllocated: 11020166 HeapGrowthMultiplier: 3
12-21 18:33:57.719  3303  3627 I com.miui.home: CheckGCForNative gc_urgency 0.318146 current_native_bytes is 119291291
12-21 18:33:57.756  3303  3627 E cccccc  : createTaskSnapshot:
12-21 18:33:57.756  3303  3627 I cccccc  : getTaskSnapshotInstance:
12-21 18:33:57.812 14740 14740 I wm_on_application_create_called: [0,com.youku.phone,484]
12-21 18:33:57.836 14557 14557 I wm_on_application_create_called: [0,com.UCMobile,1523]
12-21 18:33:58.064 14740 14740 I wm_on_create_called: [0,99924364,com.youku.phone.ActivityWelcome,performCreate,200]
12-21 18:33:58.383  3303  3303 I com.miui.home: CheckGCForNative adj_start_bytes: 35345833 NativeAllocationGcWatermark: 10839893 java_gc_start_bytes: 19085994 kNewNativeDiscountFactor: 2 kOldNativeDiscountFactor: 65536 old_native_bytes: 118844951 new_native_bytes: 638484 add_bytes_allowed: 32519679 is_gc_concurrent: 1 target_footprint_: 19610282 GetBytesAllocated: 11782094 HeapGrowthMultiplier: 3
12-21 18:33:58.383  3303  3303 I com.miui.home: CheckGCForNative gc_urgency 0.342421 current_native_bytes is 119483435
12-21 18:33:58.435  3303  3303 I wm_on_resume_called: [0,173022170,com.miui.home.launcher.Launcher,RESUME_ACTIVITY,22]
12-21 18:33:58.450  3303  3303 I wm_on_idle_called: com.miui.home.launcher.Launcher
12-21 18:33:58.580  3303  3388 D cccccc  : onTaskStackChangedBackground
12-21 18:33:58.616  3303 11937 D cccccc  : onTaskStackChangedBackground
12-21 18:33:58.756 10409 10409 I wm_on_stop_called: [0,168444232,com.xunmeng.pinduoduo.login.LoginActivity,STOP_ACTIVITY_ITEM,505]
12-21 18:33:58.941  3303  3303 I wm_on_top_resumed_gained_called: [173022170,com.miui.home.launcher.Launcher,topStateChangedWhenResumed]
12-21 18:33:58.947  3303  3388 I com.miui.home: CheckGCForNative adj_start_bytes: 35345833 NativeAllocationGcWatermark: 10839893 java_gc_start_bytes: 19085994 kNewNativeDiscountFactor: 2 kOldNativeDiscountFactor: 65536 old_native_bytes: 118844951 new_native_bytes: 11722188 add_bytes_allowed: 32519679 is_gc_concurrent: 1 target_footprint_: 19610282 GetBytesAllocated: 12929885 HeapGrowthMultiplier: 3
12-21 18:33:58.947  3303  3388 I com.miui.home: CheckGCForNative gc_urgency 0.531683 current_native_bytes is 130567139
12-21 18:33:58.955  3303  3388 I cccccc  : createTaskSnapshotCompat:
12-21 18:33:58.957  3303  3388 I com.miui.home: CheckGCForNative adj_start_bytes: 35345833 NativeAllocationGcWatermark: 10839893 java_gc_start_bytes: 19085994 kNewNativeDiscountFactor: 2 kOldNativeDiscountFactor: 65536 old_native_bytes: 118844951 new_native_bytes: 22425548 add_bytes_allowed: 32519679 is_gc_concurrent: 1 target_footprint_: 19610282 GetBytesAllocated: 13015627 HeapGrowthMultiplier: 3
12-21 18:33:58.957  3303  3388 I com.miui.home: CheckGCForNative gc_urgency 0.685518 current_native_bytes is 141270499
12-21 18:33:58.958  3303 11937 I cccccc  : getTaskSnapshot:
12-21 18:33:58.960  3303 11937 I com.miui.home: CheckGCForNative adj_start_bytes: 35345833 NativeAllocationGcWatermark: 10839893 java_gc_start_bytes: 19085994 kNewNativeDiscountFactor: 2 kOldNativeDiscountFactor: 65536 old_native_bytes: 118844951 new_native_bytes: 22425548 add_bytes_allowed: 32519679 is_gc_concurrent: 1 target_footprint_: 19610282 GetBytesAllocated: 13034628 HeapGrowthMultiplier: 3
12-21 18:33:58.960  3303 11937 I com.miui.home: CheckGCForNative gc_urgency 0.686056 current_native_bytes is 141270499
12-21 18:33:58.960  3303  3303 I cccccc  : createTaskSnapshotCompat:
12-21 18:33:59.124  3303  3652 I com.miui.home: CheckGCForNative adj_start_bytes: 35345833 NativeAllocationGcWatermark: 10839893 java_gc_start_bytes: 19085994 kNewNativeDiscountFactor: 2 kOldNativeDiscountFactor: 65536 old_native_bytes: 118844951 new_native_bytes: 11784748 add_bytes_allowed: 32519679 is_gc_concurrent: 1 target_footprint_: 19610282 GetBytesAllocated: 13146583 HeapGrowthMultiplier: 3
12-21 18:33:59.124  3303  3652 I com.miui.home: CheckGCForNative gc_urgency 0.538699 current_native_bytes is 130629699
12-21 18:33:59.302  3303  3652 I com.miui.home: CheckGCForNative adj_start_bytes: 35345833 NativeAllocationGcWatermark: 10839893 java_gc_start_bytes: 19085994 kNewNativeDiscountFactor: 2 kOldNativeDiscountFactor: 65536 old_native_bytes: 118844951 new_native_bytes: 11924460 add_bytes_allowed: 32519679 is_gc_concurrent: 1 target_footprint_: 19610282 GetBytesAllocated: 13409214 HeapGrowthMultiplier: 3
12-21 18:33:59.302  3303  3652 I com.miui.home: CheckGCForNative gc_urgency 0.548106 current_native_bytes is 130769411
12-21 18:33:59.345 14740 14740 I wm_on_create_called: [0,236933398,com.youku.v2.HomePageEntry,performCreate,754]
12-21 18:33:59.494  3303  3627 I com.miui.home: CheckGCForNative adj_start_bytes: 35345833 NativeAllocationGcWatermark: 10839893 java_gc_start_bytes: 19085994 kNewNativeDiscountFactor: 2 kOldNativeDiscountFactor: 65536 old_native_bytes: 118844951 new_native_bytes: 12004176 add_bytes_allowed: 32519679 is_gc_concurrent: 1 target_footprint_: 19610282 GetBytesAllocated: 13677057 HeapGrowthMultiplier: 3
12-21 18:33:59.494  3303  3627 I com.miui.home: CheckGCForNative gc_urgency 0.556811 current_native_bytes is 130849127
12-21 18:33:59.509  3303  3651 I cccccc  : createTaskSnapshotCompat:
12-21 18:33:59.669  3303  3627 E cccccc  : createTaskSnapshot:
12-21 18:33:59.669  3303  3627 I cccccc  : getTaskSnapshotInstance:
12-21 18:33:59.675 14712 14712 I wm_on_application_create_called: [0,com.UCMobile,1487]
12-21 18:33:59.676  3303  3627 I com.miui.home: CheckGCForNative adj_start_bytes: 35345833 NativeAllocationGcWatermark: 10839893 java_gc_start_bytes: 19085994 kNewNativeDiscountFactor: 2 kOldNativeDiscountFactor: 65536 old_native_bytes: 118844951 new_native_bytes: 22754320 add_bytes_allowed: 32519679 is_gc_concurrent: 1 target_footprint_: 19610282 GetBytesAllocated: 13844355 HeapGrowthMultiplier: 3
12-21 18:33:59.676  3303  3627 I com.miui.home: CheckGCForNative gc_urgency 0.713615 current_native_bytes is 141599271
12-21 18:33:59.705 14740 14740 I wm_on_resume_called: [0,236933398,com.youku.v2.HomePageEntry,RESUME_ACTIVITY,251]
12-21 18:33:59.761 14740 14740 I wm_on_top_resumed_gained_called: [236933398,com.youku.v2.HomePageEntry,topStateChangedWhenResumed]
12-21 18:33:59.776 14740 14740 I wm_on_top_resumed_lost_called: [236933398,com.youku.v2.HomePageEntry,topStateChangedWhenResumed]
12-21 18:33:59.892 14740 14740 I wm_on_paused_called: [0,236933398,com.youku.v2.HomePageEntry,performPause,33]
12-21 18:33:59.899 14740 14740 I wm_on_destroy_called: [0,99924364,com.youku.phone.ActivityWelcome,performDestroy,1]
12-21 18:33:59.997  3303  3388 D cccccc  : onTaskStackChangedBackground
12-21 18:33:59.998  3303  3388 D cccccc  : onTaskStackChangedBackground
12-21 18:34:00.027  3303  3627 E cccccc  : createTaskSnapshot:
12-21 18:34:00.027  3303  3627 I cccccc  : getTaskSnapshotInstance:
12-21 18:34:00.030  3303  3627 I com.miui.home: CheckGCForNative adj_start_bytes: 35345833 NativeAllocationGcWatermark: 10839893 java_gc_start_bytes: 19085994 kNewNativeDiscountFactor: 2 kOldNativeDiscountFactor: 65536 old_native_bytes: 118844951 new_native_bytes: 23264628 add_bytes_allowed: 32519679 is_gc_concurrent: 1 target_footprint_: 19610282 GetBytesAllocated: 14515599 HeapGrowthMultiplier: 3
12-21 18:34:00.030  3303  3627 I com.miui.home: CheckGCForNative gc_urgency 0.739825 current_native_bytes is 142109579
12-21 18:34:00.187  3303  3303 I wm_on_top_resumed_lost_called: [173022170,com.miui.home.launcher.Launcher,topStateChangedWhenResumed]
12-21 18:34:00.188  3303  3388 D cccccc  : onTaskStackChangedBackground
12-21 18:34:00.188  3303  3388 D cccccc  : onTaskStackChangedBackground
12-21 18:34:00.193  3303  3303 I wm_on_paused_called: [0,173022170,com.miui.home.launcher.Launcher,performPause,3]
12-21 18:34:00.390  3303  3368 D cccccc  : onTaskStackChangedBackground
12-21 18:34:00.390  3303  3368 D cccccc  : onTaskStackChangedBackground
12-21 18:34:00.824  3303  8364 I com.miui.home: CheckGCForNative adj_start_bytes: 35345833 NativeAllocationGcWatermark: 10839893 java_gc_start_bytes: 19085994 kNewNativeDiscountFactor: 2 kOldNativeDiscountFactor: 65536 old_native_bytes: 118844951 new_native_bytes: 12936648 add_bytes_allowed: 32519679 is_gc_concurrent: 1 target_footprint_: 19610282 GetBytesAllocated: 15791168 HeapGrowthMultiplier: 3
12-21 18:34:00.824  3303  8364 I com.miui.home: CheckGCForNative gc_urgency 0.629814 current_native_bytes is 131781599
12-21 18:34:01.158  3303  3652 I com.miui.home: CheckGCForNative adj_start_bytes: 35345833 NativeAllocationGcWatermark: 10839893 java_gc_start_bytes: 19085994 kNewNativeDiscountFactor: 2 kOldNativeDiscountFactor: 65536 old_native_bytes: 118844951 new_native_bytes: 13100960 add_bytes_allowed: 32519679 is_gc_concurrent: 1 target_footprint_: 19610282 GetBytesAllocated: 16104167 HeapGrowthMultiplier: 3
12-21 18:34:01.158  3303  3652 I com.miui.home: CheckGCForNative gc_urgency 0.640994 current_native_bytes is 131945911
12-21 18:34:01.169  3303  3652 I com.miui.home: CheckGCForNative adj_start_bytes: 35345833 NativeAllocationGcWatermark: 10839893 java_gc_start_bytes: 19085994 kNewNativeDiscountFactor: 2 kOldNativeDiscountFactor: 65536 old_native_bytes: 118844951 new_native_bytes: 13071008 add_bytes_allowed: 32519679 is_gc_concurrent: 1 target_footprint_: 19610282 GetBytesAllocated: 16127800 HeapGrowthMultiplier: 3
12-21 18:34:01.169  3303  3652 I com.miui.home: CheckGCForNative gc_urgency 0.641239 current_native_bytes is 131915959
12-21 18:34:01.504 15469 15469 I wm_on_application_create_called: [0,com.quark.browser,511]
12-21 18:34:01.621  3303  3627 E cccccc  : createTaskSnapshot:
12-21 18:34:01.621  3303  3627 I cccccc  : getTaskSnapshotInstance:
12-21 18:34:01.698 10409 10409 I wm_on_idle_called: com.xunmeng.pinduoduo.ui.activity.HomeActivity
12-21 18:34:01.698 10409 10409 I wm_on_idle_called: com.xunmeng.pinduoduo.login.LoginActivity
12-21 18:34:01.712 15469 15469 I wm_on_create_called: [0,237175969,com.ucpro.MainActivity,performCreate,180]
12-21 18:34:01.721  3303  3303 I wm_on_stop_called: [0,173022170,com.miui.home.launcher.Launcher,STOP_ACTIVITY_ITEM,6]
12-21 18:34:01.932  3303  3368 D cccccc  : onTaskStackChangedBackground
12-21 18:34:01.939  3303 11937 D cccccc  : onTaskStackChangedBackground
12-21 18:34:02.138  3303  3303 I wm_on_restart_called: [0,173022170,com.miui.home.launcher.Launcher,,0]
12-21 18:34:02.139  3303  3303 I wm_on_start_called: [0,173022170,com.miui.home.launcher.Launcher,handleStartActivity,1]
12-21 18:34:02.156  3303  3303 I wm_on_resume_called: [0,173022170,com.miui.home.launcher.Launcher,RESUME_ACTIVITY,15]
12-21 18:34:02.278  3303  3303 I wm_on_idle_called: com.miui.home.launcher.Launcher
12-21 18:34:02.349  3303  3631 I com.miui.home: CheckGCForNative adj_start_bytes: 35345833 NativeAllocationGcWatermark: 10839893 java_gc_start_bytes: 19085994 kNewNativeDiscountFactor: 2 kOldNativeDiscountFactor: 65536 old_native_bytes: 118844951 new_native_bytes: 13560064 add_bytes_allowed: 32519679 is_gc_concurrent: 1 target_footprint_: 19610282 GetBytesAllocated: 17890663 HeapGrowthMultiplier: 3
12-21 18:34:02.351  3303  3631 I com.miui.home: CheckGCForNative gc_urgency 0.698032 current_native_bytes is 132405015
12-21 18:34:02.522  3303  3627 E cccccc  : createTaskSnapshot:
12-21 18:34:02.522  3303  3627 I cccccc  : getTaskSnapshotInstance:
12-21 18:34:02.543  3303  3388 I com.miui.home: CheckGCForNative adj_start_bytes: 35345833 NativeAllocationGcWatermark: 10839893 java_gc_start_bytes: 19085994 kNewNativeDiscountFactor: 2 kOldNativeDiscountFactor: 65536 old_native_bytes: 118844951 new_native_bytes: 24354172 add_bytes_allowed: 32519679 is_gc_concurrent: 1 target_footprint_: 19610282 GetBytesAllocated: 18430869 HeapGrowthMultiplier: 3
12-21 18:34:02.543  3303  3388 I com.miui.home: CheckGCForNative gc_urgency 0.866008 current_native_bytes is 143199123
12-21 18:34:02.543  3303  3388 I cccccc  : createTaskSnapshotCompat:
12-21 18:34:02.544  3303  3388 I com.miui.home: CheckGCForNative adj_start_bytes: 35345833 NativeAllocationGcWatermark: 10839893 java_gc_start_bytes: 19085994 kNewNativeDiscountFactor: 2 kOldNativeDiscountFactor: 65536 old_native_bytes: 118844951 new_native_bytes: 35061148 add_bytes_allowed: 32519679 is_gc_concurrent: 1 target_footprint_: 19610282 GetBytesAllocated: 18438130 HeapGrowthMultiplier: 3
12-21 18:34:02.544  3303  3388 I com.miui.home: CheckGCForNative gc_urgency 1.0177 current_native_bytes is 153906099
12-21 18:34:02.544  3303  3388 I com.miui.home: CheckGCForNative requested 1
12-21 18:34:02.551  3303  3368 I cccccc  : getTaskSnapshot:
12-21 18:34:02.552  3303  3368 I com.miui.home: CheckGCForNative adj_start_bytes: 35345833 NativeAllocationGcWatermark: 10839893 java_gc_start_bytes: 19085994 kNewNativeDiscountFactor: 2 kOldNativeDiscountFactor: 65536 old_native_bytes: 118844951 new_native_bytes: 35062428 add_bytes_allowed: 32519679 is_gc_concurrent: 1 target_footprint_: 19610282 GetBytesAllocated: 18461527 HeapGrowthMultiplier: 3
12-21 18:34:02.556  3303  3368 I com.miui.home: CheckGCForNative gc_urgency 1.01835 current_native_bytes is 153907379
12-21 18:34:02.556  3303  3368 I com.miui.home: CheckGCForNative requested 1
12-21 18:34:02.559  3303  3303 I cccccc  : createTaskSnapshotCompat:
12-21 18:34:02.639  3303  3303 I wm_on_top_resumed_gained_called: [173022170,com.miui.home.launcher.Launcher,topStateChangedWhenResumed]
12-21 18:34:02.747 14672 14672 I wm_on_application_create_called: [0,com.tencent.mm,3557]
12-21 18:34:02.763 15544 15544 I wm_on_application_create_called: [0,com.xunmeng.pinduoduo,224]
12-21 18:34:02.791  3303  3652 I com.miui.home: CheckGCForNative adj_start_bytes: 35345833 NativeAllocationGcWatermark: 10839893 java_gc_start_bytes: 19085994 kNewNativeDiscountFactor: 2 kOldNativeDiscountFactor: 65536 old_native_bytes: 118844951 new_native_bytes: 24372956 add_bytes_allowed: 32519679 is_gc_concurrent: 1 target_footprint_: 19610282 GetBytesAllocated: 18976091 HeapGrowthMultiplier: 3
12-21 18:34:02.791  3303  3652 I com.miui.home: CheckGCForNative gc_urgency 0.881699 current_native_bytes is 143217907
12-21 18:34:02.809  3303  3652 I com.miui.home: CheckGCForNative adj_start_bytes: 35345833 NativeAllocationGcWatermark: 10839893 java_gc_start_bytes: 19085994 kNewNativeDiscountFactor: 2 kOldNativeDiscountFactor: 65536 old_native_bytes: 118844951 new_native_bytes: 24375516 add_bytes_allowed: 32519679 is_gc_concurrent: 1 target_footprint_: 19610282 GetBytesAllocated: 19005283 HeapGrowthMultiplier: 3
12-21 18:34:02.810  3303  3652 I com.miui.home: CheckGCForNative gc_urgency 0.882561 current_native_bytes is 143220467
12-21 18:34:03.056  3303  3651 I cccccc  : createTaskSnapshotCompat:
12-21 18:34:03.406  3303  3358 I com.miui.home: NativeAlloc concurrent copying GC freed 222796(9555KB) AllocSpace objects, 28(784KB) LOS objects, 50% free, 8889KB/17MB, paused 130us,21us total 861.861ms
12-21 18:34:03.412  3303  3627 E cccccc  : createTaskSnapshot:
12-21 18:34:03.412  3303  3627 I cccccc  : getTaskSnapshotInstance:
12-21 18:34:03.413  3303  3627 I com.miui.home: CheckGCForNative adj_start_bytes: 33676686 NativeAllocationGcWatermark: 10664193 java_gc_start_bytes: 17680397 kNewNativeDiscountFactor: 2 kOldNativeDiscountFactor: 65536 old_native_bytes: 143752503 new_native_bytes: 10591740 add_bytes_allowed: 31992579 is_gc_concurrent: 1 target_footprint_: 18204685 GetBytesAllocated: 9136465 HeapGrowthMultiplier: 3
12-21 18:34:03.413  3303  3627 I com.miui.home: CheckGCForNative gc_urgency 0.428621 current_native_bytes is 154344243
12-21 18:34:03.490 15469 15469 I wm_on_create_called: [0,236391966,com.ucpro.BrowserActivity,performCreate,1698]
12-21 18:34:03.495 15469 15469 I wm_on_start_called: [0,236391966,com.ucpro.BrowserActivity,handleStartActivity,5]
12-21 18:34:03.506 15469 15469 I wm_on_resume_called: [0,236391966,com.ucpro.BrowserActivity,RESUME_ACTIVITY,9]
12-21 18:34:03.583 15469 15469 I wm_on_top_resumed_gained_called: [236391966,com.ucpro.BrowserActivity,topStateChangedWhenResumed]
12-21 18:34:03.583 15469 15469 I wm_on_top_resumed_lost_called: [236391966,com.ucpro.BrowserActivity,topStateChangedWhenResumed]
12-21 18:34:03.650  3303  3368 D cccccc  : onTaskStackChangedBackground
12-21 18:34:03.650  3303 10773 D cccccc  : onTaskStackChangedBackground
12-21 18:34:03.678 15469 15469 I wm_on_paused_called: [0,236391966,com.ucpro.BrowserActivity,performPause,80]
12-21 18:34:03.681 15469 15469 I wm_on_destroy_called: [0,237175969,com.ucpro.MainActivity,performDestroy,1]
12-21 18:34:03.789  3303  3627 I com.miui.home: CheckGCForNative gc_urgency 0 current_native_bytes is 130100223
12-21 18:34:03.805  3303  3627 E cccccc  : createTaskSnapshot:
12-21 18:34:03.805  3303  3627 I cccccc  : getTaskSnapshotInstance:
12-21 18:34:03.806  3303  3627 I com.miui.home: CheckGCForNative adj_start_bytes: 33676686 NativeAllocationGcWatermark: 10664193 java_gc_start_bytes: 17680397 kNewNativeDiscountFactor: 2 kOldNativeDiscountFactor: 65536 old_native_bytes: 130100223 new_native_bytes: 10744628 add_bytes_allowed: 31992579 is_gc_concurrent: 1 target_footprint_: 18204685 GetBytesAllocated: 9846845 HeapGrowthMultiplier: 3
12-21 18:34:03.806  3303  3627 I com.miui.home: CheckGCForNative gc_urgency 0.451979 current_native_bytes is 140844851
12-21 18:34:04.804 15469 15469 I wm_on_stop_called: [0,236391966,com.ucpro.BrowserActivity,STOP_ACTIVITY_ITEM,456]
12-21 18:34:04.835 15556 15556 I wm_on_application_create_called: [0,com.UCMobile,2006]
12-21 18:34:05.842 15469 15469 I wm_on_idle_called: com.ucpro.BrowserActivity
12-21 18:34:10.847 13848 13848 I wm_on_idle_called: com.uc.browser.InnerUCMobile
