12-19 15:45:54.737 11388 11388 I wm_on_start_called: [0,186591223,com.tencent.mm.plugin.account.ui.WelcomeActivity,handleStartActivity,2]
12-19 15:45:54.749 11388 11388 I wm_on_resume_called: [0,186591223,com.tencent.mm.plugin.account.ui.WelcomeActivity,RESUME_ACTIVITY,11]
12-19 15:45:54.786 11388 11388 I wm_on_top_resumed_gained_called: [186591223,com.tencent.mm.plugin.account.ui.WelcomeActivity,topStateChangedWhenResumed]
12-19 15:45:55.110 11388 11388 I wm_on_stop_called: [0,37544221,com.tencent.mm.ui.LauncherUI,STOP_ACTIVITY_ITEM,3]
12-19 15:45:55.117  3346  3346 I wm_on_stop_called: [0,106785096,com.miui.home.launcher.Launcher,STOP_ACTIVITY_ITEM,16]
12-19 15:45:55.160 13438 13438 I wm_on_application_create_called: [0,com.tencent.mm,957]
12-19 15:45:55.321 14009 14009 I wm_on_application_create_called: [0,com.tencent.mobileqq,741]
12-19 15:45:55.472 11388 11388 I wm_on_top_resumed_lost_called: [186591223,com.tencent.mm.plugin.account.ui.WelcomeActivity,topStateChangedWhenResumed]
12-19 15:45:55.480  3346  3346 I wm_on_restart_called: [0,106785096,com.miui.home.launcher.Launcher,,0]
12-19 15:45:55.483  3346  3346 I wm_on_start_called: [0,106785096,com.miui.home.launcher.Launcher,handleStartActivity,3]
12-19 15:45:55.519  3346  3346 I wm_on_resume_called: [0,106785096,com.miui.home.launcher.Launcher,RESUME_ACTIVITY,33]
12-19 15:45:55.557  3346  3346 I com.miui.home: CheckGCForNative gc_urgency 0 current_native_bytes is 120053399
12-19 15:45:55.608  3346  3346 I wm_on_top_resumed_gained_called: [106785096,com.miui.home.launcher.Launcher,topStateChangedWhenResumed]
12-19 15:45:55.613  3346  3346 I wm_on_idle_called: com.miui.home.launcher.Launcher
12-19 15:45:55.861  3346  3840 I com.miui.home: CheckGCForNative adj_start_bytes: 42656192 NativeAllocationGcWatermark: 11570558 java_gc_start_bytes: 25300355 kNewNativeDiscountFactor: 2 kOldNativeDiscountFactor: 65536 old_native_bytes: 120053399 new_native_bytes: 10897476 add_bytes_allowed: 34711674 is_gc_concurrent: 1 target_footprint_: 25455602 GetBytesAllocated: 14297032 HeapGrowthMultiplier: 3
12-19 15:45:55.861  3346  3840 I com.miui.home: CheckGCForNative gc_urgency 0.462948 current_native_bytes is 130950875
12-19 15:45:55.861  3346  3386 I com.miui.home: CheckGCForNative adj_start_bytes: 42656192 NativeAllocationGcWatermark: 11570558 java_gc_start_bytes: 25300355 kNewNativeDiscountFactor: 2 kOldNativeDiscountFactor: 65536 old_native_bytes: 120053399 new_native_bytes: 21603396 add_bytes_allowed: 34711674 is_gc_concurrent: 1 target_footprint_: 25455602 GetBytesAllocated: 14297032 HeapGrowthMultiplier: 3
12-19 15:45:55.861  3346  3386 I com.miui.home: CheckGCForNative gc_urgency 0.588439 current_native_bytes is 141656795
12-19 15:45:55.862  3346  3840 I com.miui.home: CheckGCForNative adj_start_bytes: 42656192 NativeAllocationGcWatermark: 11570558 java_gc_start_bytes: 25300355 kNewNativeDiscountFactor: 2 kOldNativeDiscountFactor: 65536 old_native_bytes: 120053399 new_native_bytes: 32310340 add_bytes_allowed: 34711674 is_gc_concurrent: 1 target_footprint_: 25455602 GetBytesAllocated: 14306468 HeapGrowthMultiplier: 3
12-19 15:45:55.862  3346  3840 I com.miui.home: CheckGCForNative gc_urgency 0.714163 current_native_bytes is 152363739
12-19 15:45:56.148  3346  3755 I com.miui.home: CheckGCForNative adj_start_bytes: 42656192 NativeAllocationGcWatermark: 11570558 java_gc_start_bytes: 25300355 kNewNativeDiscountFactor: 2 kOldNativeDiscountFactor: 65536 old_native_bytes: 120053399 new_native_bytes: 10949444 add_bytes_allowed: 34711674 is_gc_concurrent: 1 target_footprint_: 25455602 GetBytesAllocated: 14454132 HeapGrowthMultiplier: 3
12-19 15:45:56.148  3346  3755 I com.miui.home: CheckGCForNative gc_urgency 0.46724 current_native_bytes is 131002843
12-19 15:45:56.182  3346  3755 I com.miui.home: CheckGCForNative adj_start_bytes: 42656192 NativeAllocationGcWatermark: 11570558 java_gc_start_bytes: 25300355 kNewNativeDiscountFactor: 2 kOldNativeDiscountFactor: 65536 old_native_bytes: 120053399 new_native_bytes: 10951108 add_bytes_allowed: 34711674 is_gc_concurrent: 1 target_footprint_: 25455602 GetBytesAllocated: 14465451 HeapGrowthMultiplier: 3
12-19 15:45:56.182  3346  3755 I com.miui.home: CheckGCForNative gc_urgency 0.467525 current_native_bytes is 131004507
12-19 15:45:56.344  3346  3753 I com.miui.home: CheckGCForNative adj_start_bytes: 42656192 NativeAllocationGcWatermark: 11570558 java_gc_start_bytes: 25300355 kNewNativeDiscountFactor: 2 kOldNativeDiscountFactor: 65536 old_native_bytes: 120053399 new_native_bytes: 21614996 add_bytes_allowed: 34711674 is_gc_concurrent: 1 target_footprint_: 25455602 GetBytesAllocated: 14540178 HeapGrowthMultiplier: 3
12-19 15:45:56.344  3346  3753 I com.miui.home: CheckGCForNative gc_urgency 0.594275 current_native_bytes is 141668395
12-19 15:45:56.348  3346  3753 I com.miui.home: CheckGCForNative adj_start_bytes: 42656192 NativeAllocationGcWatermark: 11570558 java_gc_start_bytes: 25300355 kNewNativeDiscountFactor: 2 kOldNativeDiscountFactor: 65536 old_native_bytes: 120053399 new_native_bytes: 32321492 add_bytes_allowed: 34711674 is_gc_concurrent: 1 target_footprint_: 25455602 GetBytesAllocated: 14542344 HeapGrowthMultiplier: 3
12-19 15:45:56.348  3346  3753 I com.miui.home: CheckGCForNative gc_urgency 0.719949 current_native_bytes is 152374891
12-19 15:45:56.357  3346  3398 I com.miui.home: CheckGCForNative adj_start_bytes: 42656192 NativeAllocationGcWatermark: 11570558 java_gc_start_bytes: 25300355 kNewNativeDiscountFactor: 2 kOldNativeDiscountFactor: 65536 old_native_bytes: 120053399 new_native_bytes: 32322324 add_bytes_allowed: 34711674 is_gc_concurrent: 1 target_footprint_: 25455602 GetBytesAllocated: 14547710 HeapGrowthMultiplier: 3
12-19 15:45:56.357  3346  3398 I com.miui.home: CheckGCForNative gc_urgency 0.719959 current_native_bytes is 152375723
12-19 15:45:56.380 11388 11388 I wm_on_paused_called: [0,186591223,com.tencent.mm.plugin.account.ui.WelcomeActivity,performPause,16]
12-19 15:45:56.569 14281 14281 I wm_on_application_create_called: [0,com.xiaomi.bluetooth,349]
12-19 15:45:56.630 13951 13951 I wm_on_application_create_called: [0,com.autonavi.minimap,3067]
12-19 15:45:56.661  3346  3970 I com.miui.home: CheckGCForNative adj_start_bytes: 42656192 NativeAllocationGcWatermark: 11570558 java_gc_start_bytes: 25300355 kNewNativeDiscountFactor: 2 kOldNativeDiscountFactor: 65536 old_native_bytes: 120053399 new_native_bytes: 33352608 add_bytes_allowed: 34711674 is_gc_concurrent: 1 target_footprint_: 25455602 GetBytesAllocated: 15401108 HeapGrowthMultiplier: 3
12-19 15:45:56.661  3346  3970 I com.miui.home: CheckGCForNative gc_urgency 0.752042 current_native_bytes is 153406007
12-19 15:45:56.688 11388 11388 I wm_on_stop_called: [0,186591223,com.tencent.mm.plugin.account.ui.WelcomeActivity,STOP_ACTIVITY_ITEM,65]
12-19 15:45:56.763  8048  8048 I wm_on_stop_called: [0,2088312,com.autonavi.map.activity.NewMapActivity,STOP_ACTIVITY_ITEM,36]
12-19 15:45:56.785  3346  3693 I com.miui.home: CheckGCForNative adj_start_bytes: 42656192 NativeAllocationGcWatermark: 11570558 java_gc_start_bytes: 25300355 kNewNativeDiscountFactor: 2 kOldNativeDiscountFactor: 65536 old_native_bytes: 120053399 new_native_bytes: 22911928 add_bytes_allowed: 34711674 is_gc_concurrent: 1 target_footprint_: 25455602 GetBytesAllocated: 15568385 HeapGrowthMultiplier: 3
12-19 15:45:56.785  3346  3693 I com.miui.home: CheckGCForNative gc_urgency 0.633582 current_native_bytes is 142965327
12-19 15:45:56.789 11388 11388 I wm_on_idle_called: com.tencent.mm.ui.LauncherUI
12-19 15:45:56.789 11388 11388 I wm_on_idle_called: com.tencent.mm.plugin.account.ui.WelcomeActivity
12-19 15:45:56.877  3346  3346 I wm_on_top_resumed_lost_called: [106785096,com.miui.home.launcher.Launcher,topStateChangedWhenResumed]
12-19 15:45:56.882  3346  3346 I wm_on_paused_called: [0,106785096,com.miui.home.launcher.Launcher,performPause,3]
12-19 15:45:57.320  3346  3970 I com.miui.home: CheckGCForNative adj_start_bytes: 42656192 NativeAllocationGcWatermark: 11570558 java_gc_start_bytes: 25300355 kNewNativeDiscountFactor: 2 kOldNativeDiscountFactor: 65536 old_native_bytes: 120053399 new_native_bytes: 23126748 add_bytes_allowed: 34711674 is_gc_concurrent: 1 target_footprint_: 25455602 GetBytesAllocated: 16466281 HeapGrowthMultiplier: 3
12-19 15:45:57.321  3346  3970 I com.miui.home: CheckGCForNative gc_urgency 0.657149 current_native_bytes is 143180147
12-19 15:45:57.359  3346  3755 I com.miui.home: CheckGCForNative adj_start_bytes: 42656192 NativeAllocationGcWatermark: 11570558 java_gc_start_bytes: 25300355 kNewNativeDiscountFactor: 2 kOldNativeDiscountFactor: 65536 old_native_bytes: 120053399 new_native_bytes: 23132796 add_bytes_allowed: 34711674 is_gc_concurrent: 1 target_footprint_: 25455602 GetBytesAllocated: 16493080 HeapGrowthMultiplier: 3
12-19 15:45:57.360  3346  3755 I com.miui.home: CheckGCForNative gc_urgency 0.657848 current_native_bytes is 143186195
12-19 15:45:57.604  3346  3755 I com.miui.home: CheckGCForNative adj_start_bytes: 42656192 NativeAllocationGcWatermark: 11570558 java_gc_start_bytes: 25300355 kNewNativeDiscountFactor: 2 kOldNativeDiscountFactor: 65536 old_native_bytes: 120053399 new_native_bytes: 23286692 add_bytes_allowed: 34711674 is_gc_concurrent: 1 target_footprint_: 25455602 GetBytesAllocated: 16833289 HeapGrowthMultiplier: 3
12-19 15:45:57.604  3346  3755 I com.miui.home: CheckGCForNative gc_urgency 0.667628 current_native_bytes is 143340091
12-19 15:45:57.944 14509 14509 I wm_on_application_create_called: [0,com.sina.weibo,224]
12-19 15:45:58.106 14509 14509 I wm_on_create_called: [0,153744775,com.sina.weibo.SplashActivity,performCreate,77]
12-19 15:45:58.133 14509 14509 I wm_on_start_called: [0,153744775,com.sina.weibo.SplashActivity,handleStartActivity,26]
12-19 15:45:58.140 14509 14509 I wm_on_resume_called: [0,153744775,com.sina.weibo.SplashActivity,RESUME_ACTIVITY,4]
12-19 15:45:58.265 14509 14509 I wm_on_top_resumed_gained_called: [153744775,com.sina.weibo.SplashActivity,topStateChangedWhenResumed]
12-19 15:45:58.471 14688 14688 I wm_on_application_create_called: [0,com.sina.weibo,265]
12-19 15:45:58.657 14509 14509 I wm_on_top_resumed_lost_called: [153744775,com.sina.weibo.SplashActivity,topStateChangedWhenResumed]
12-19 15:45:58.658 14509 14509 I wm_on_paused_called: [0,153744775,com.sina.weibo.SplashActivity,performPause,1]
12-19 15:45:59.147 14509 14509 I wm_on_create_called: [0,12215909,com.sina.weibo.VisitorMainTabActivity,performCreate,260]
12-19 15:45:59.148 14509 14509 I wm_on_start_called: [0,12215909,com.sina.weibo.VisitorMainTabActivity,handleStartActivity,1]
12-19 15:45:59.390 14509 14509 I wm_on_create_called: [0,0,com.sina.weibo.feed.visitor.VisitorHomeActivity,performCreate,157]
12-19 15:45:59.393 14509 14509 I wm_on_start_called: [0,0,com.sina.weibo.feed.visitor.VisitorHomeActivity,handleStartActivity,2]
12-19 15:45:59.537  3346  3346 I wm_on_resume_called: [0,106785096,com.miui.home.launcher.Launcher,RESUME_ACTIVITY,18]
12-19 15:45:59.560  3346  3346 I wm_on_idle_called: com.miui.home.launcher.Launcher
12-19 15:45:59.610 14509 14509 I wm_on_resume_called: [0,0,com.sina.weibo.feed.visitor.VisitorHomeActivity,moveToState-INITIALIZING,216]
12-19 15:45:59.773 14509 14509 I wm_on_resume_called: [0,12215909,com.sina.weibo.VisitorMainTabActivity,RESUME_ACTIVITY,624]
12-19 15:45:59.800  3346  3840 I com.miui.home: CheckGCForNative adj_start_bytes: 42656192 NativeAllocationGcWatermark: 11570558 java_gc_start_bytes: 25300355 kNewNativeDiscountFactor: 2 kOldNativeDiscountFactor: 65536 old_native_bytes: 120053399 new_native_bytes: 34194700 add_bytes_allowed: 34711674 is_gc_concurrent: 1 target_footprint_: 25455602 GetBytesAllocated: 19267606 HeapGrowthMultiplier: 3
12-19 15:45:59.801  3346  3840 I com.miui.home: CheckGCForNative gc_urgency 0.852556 current_native_bytes is 154248099
12-19 15:45:59.804  3346  3386 I com.miui.home: CheckGCForNative adj_start_bytes: 42656192 NativeAllocationGcWatermark: 11570558 java_gc_start_bytes: 25300355 kNewNativeDiscountFactor: 2 kOldNativeDiscountFactor: 65536 old_native_bytes: 120053399 new_native_bytes: 44900620 add_bytes_allowed: 34711674 is_gc_concurrent: 1 target_footprint_: 25455602 GetBytesAllocated: 19267798 HeapGrowthMultiplier: 3
12-19 15:45:59.804  3346  3386 I com.miui.home: CheckGCForNative gc_urgency 0.978051 current_native_bytes is 164954019
12-19 15:45:59.805  3346  3346 I com.miui.home: CheckGCForNative adj_start_bytes: 42656192 NativeAllocationGcWatermark: 11570558 java_gc_start_bytes: 25300355 kNewNativeDiscountFactor: 2 kOldNativeDiscountFactor: 65536 old_native_bytes: 120053399 new_native_bytes: 55607884 add_bytes_allowed: 34711674 is_gc_concurrent: 1 target_footprint_: 25455602 GetBytesAllocated: 19284374 HeapGrowthMultiplier: 3
12-19 15:45:59.805  3346  3346 I com.miui.home: CheckGCForNative gc_urgency 1.10395 current_native_bytes is 175661283
12-19 15:45:59.805  3346  3346 I com.miui.home: CheckGCForNative requested 1
12-19 15:45:59.829 14509 14509 I wm_on_top_resumed_gained_called: [12215909,com.sina.weibo.VisitorMainTabActivity,topStateChangedWhenResumed]
12-19 15:45:59.904  3346  3755 I com.miui.home: CheckGCForNative adj_start_bytes: 42656192 NativeAllocationGcWatermark: 11570558 java_gc_start_bytes: 25300355 kNewNativeDiscountFactor: 2 kOldNativeDiscountFactor: 65536 old_native_bytes: 120053399 new_native_bytes: 34304076 add_bytes_allowed: 34711674 is_gc_concurrent: 1 target_footprint_: 25455602 GetBytesAllocated: 19388119 HeapGrowthMultiplier: 3
12-19 15:45:59.904  3346  3755 I com.miui.home: CheckGCForNative gc_urgency 0.856663 current_native_bytes is 154357475
12-19 15:45:59.937  3346  3755 I com.miui.home: CheckGCForNative adj_start_bytes: 42656192 NativeAllocationGcWatermark: 11570558 java_gc_start_bytes: 25300355 kNewNativeDiscountFactor: 2 kOldNativeDiscountFactor: 65536 old_native_bytes: 120053399 new_native_bytes: 34307916 add_bytes_allowed: 34711674 is_gc_concurrent: 1 target_footprint_: 25455602 GetBytesAllocated: 19417650 HeapGrowthMultiplier: 3
12-19 15:45:59.937  3346  3755 I com.miui.home: CheckGCForNative gc_urgency 0.8574 current_native_bytes is 154361315
12-19 15:45:59.957  3346  3346 I wm_on_top_resumed_gained_called: [106785096,com.miui.home.launcher.Launcher,topStateChangedWhenResumed]
12-19 15:46:00.021 14873 14873 I wm_on_create_called: [0,44608084,com.android.packageinstaller.permission.ui.GrantPermissionsActivity,performCreate,597]
12-19 15:46:00.030 14873 14873 I wm_on_start_called: [0,44608084,com.android.packageinstaller.permission.ui.GrantPermissionsActivity,handleStartActivity,4]
12-19 15:46:00.037 14873 14873 I wm_on_resume_called: [0,44608084,com.android.packageinstaller.permission.ui.GrantPermissionsActivity,RESUME_ACTIVITY,5]
12-19 15:46:00.060 14509 14509 I wm_on_top_resumed_lost_called: [12215909,com.sina.weibo.VisitorMainTabActivity,topStateChangedWhenResumed]
12-19 15:46:00.088 14873 14873 I wm_on_top_resumed_gained_called: [44608084,com.android.packageinstaller.permission.ui.GrantPermissionsActivity,topStateChangedWhenResumed]
12-19 15:46:00.089 14873 14873 I wm_on_top_resumed_lost_called: [44608084,com.android.packageinstaller.permission.ui.GrantPermissionsActivity,topStateChangedWhenResumed]
12-19 15:46:00.133 14509 14509 I wm_on_paused_called: [0,0,com.sina.weibo.feed.visitor.VisitorHomeActivity,performPause,48]
12-19 15:46:00.147 14509 14509 I wm_on_paused_called: [0,12215909,com.sina.weibo.VisitorMainTabActivity,performPause,65]
12-19 15:46:00.189  3346  3379 I com.miui.home: NativeAlloc concurrent copying GC freed 136437(5926KB) AllocSpace objects, 26(680KB) LOS objects, 50% free, 12MB/24MB, paused 1.343ms,22.583ms total 382.906ms
12-19 15:46:00.259  3346  3755 I com.miui.home: CheckGCForNative gc_urgency 0 current_native_bytes is 132312639
12-19 15:46:00.288  3346  3753 I com.miui.home: CheckGCForNative adj_start_bytes: 42923037 NativeAllocationGcWatermark: 11628713 java_gc_start_bytes: 25479968 kNewNativeDiscountFactor: 2 kOldNativeDiscountFactor: 65536 old_native_bytes: 132312639 new_native_bytes: 9388556 add_bytes_allowed: 34886139 is_gc_concurrent: 1 target_footprint_: 25920841 GetBytesAllocated: 13228932 HeapGrowthMultiplier: 3
12-19 15:46:00.288  3346  3753 I com.miui.home: CheckGCForNative gc_urgency 0.417613 current_native_bytes is 141701195
12-19 15:46:00.288  3346  5984 I com.miui.home: CheckGCForNative adj_start_bytes: 42923037 NativeAllocationGcWatermark: 11628713 java_gc_start_bytes: 25479968 kNewNativeDiscountFactor: 2 kOldNativeDiscountFactor: 65536 old_native_bytes: 132312639 new_native_bytes: 20093772 add_bytes_allowed: 34886139 is_gc_concurrent: 1 target_footprint_: 25920841 GetBytesAllocated: 13229124 HeapGrowthMultiplier: 3
12-19 15:46:00.288  3346  5984 I com.miui.home: CheckGCForNative gc_urgency 0.54232 current_native_bytes is 152406411
12-19 15:46:00.290  3346  3346 I com.miui.home: CheckGCForNative adj_start_bytes: 42923037 NativeAllocationGcWatermark: 11628713 java_gc_start_bytes: 25479968 kNewNativeDiscountFactor: 2 kOldNativeDiscountFactor: 65536 old_native_bytes: 132312639 new_native_bytes: 30801036 add_bytes_allowed: 34886139 is_gc_concurrent: 1 target_footprint_: 25920841 GetBytesAllocated: 13245700 HeapGrowthMultiplier: 3
12-19 15:46:00.290  3346  3346 I com.miui.home: CheckGCForNative gc_urgency 0.667433 current_native_bytes is 163113675
12-19 15:46:00.479 14873 14873 I wm_on_paused_called: [0,44608084,com.android.packageinstaller.permission.ui.GrantPermissionsActivity,performPause,1]
12-19 15:46:00.502 14851 14851 I wm_on_application_create_called: [0,com.tencent.mm,724]
12-19 15:46:00.505 14873 14873 I wm_on_stop_called: [0,44608084,com.android.packageinstaller.permission.ui.GrantPermissionsActivity,STOP_ACTIVITY_ITEM,23]
12-19 15:46:00.507  3346  3970 I com.miui.home: CheckGCForNative adj_start_bytes: 42923037 NativeAllocationGcWatermark: 11628713 java_gc_start_bytes: 25479968 kNewNativeDiscountFactor: 2 kOldNativeDiscountFactor: 65536 old_native_bytes: 132312639 new_native_bytes: 21140352 add_bytes_allowed: 34886139 is_gc_concurrent: 1 target_footprint_: 25920841 GetBytesAllocated: 13684787 HeapGrowthMultiplier: 3
12-19 15:46:00.507  3346  3970 I com.miui.home: CheckGCForNative gc_urgency 0.565127 current_native_bytes is 153452991
12-19 15:46:00.512 14873 14873 I wm_on_destroy_called: [0,44608084,com.android.packageinstaller.permission.ui.GrantPermissionsActivity,performDestroy,1]
12-19 15:46:00.814  3346  3346 I wm_on_top_resumed_lost_called: [106785096,com.miui.home.launcher.Launcher,topStateChangedWhenResumed]
12-19 15:46:00.820  3346  3346 I wm_on_paused_called: [0,106785096,com.miui.home.launcher.Launcher,performPause,4]
12-19 15:46:01.115  3346  3755 I com.miui.home: CheckGCForNative adj_start_bytes: 42923037 NativeAllocationGcWatermark: 11628713 java_gc_start_bytes: 25479968 kNewNativeDiscountFactor: 2 kOldNativeDiscountFactor: 65536 old_native_bytes: 132312639 new_native_bytes: 10773096 add_bytes_allowed: 34886139 is_gc_concurrent: 1 target_footprint_: 25920841 GetBytesAllocated: 14557640 HeapGrowthMultiplier: 3
12-19 15:46:01.115  3346  3755 I com.miui.home: CheckGCForNative gc_urgency 0.464697 current_native_bytes is 143085735
12-19 15:46:01.204  3346  3755 I com.miui.home: CheckGCForNative adj_start_bytes: 42923037 NativeAllocationGcWatermark: 11628713 java_gc_start_bytes: 25479968 kNewNativeDiscountFactor: 2 kOldNativeDiscountFactor: 65536 old_native_bytes: 132312639 new_native_bytes: 10734376 add_bytes_allowed: 34886139 is_gc_concurrent: 1 target_footprint_: 25920841 GetBytesAllocated: 14631757 HeapGrowthMultiplier: 3
12-19 15:46:01.204  3346  3755 I com.miui.home: CheckGCForNative gc_urgency 0.465973 current_native_bytes is 143047015
12-19 15:46:01.393  3346  3755 I com.miui.home: CheckGCForNative adj_start_bytes: 42923037 NativeAllocationGcWatermark: 11628713 java_gc_start_bytes: 25479968 kNewNativeDiscountFactor: 2 kOldNativeDiscountFactor: 65536 old_native_bytes: 132312639 new_native_bytes: 10889700 add_bytes_allowed: 34886139 is_gc_concurrent: 1 target_footprint_: 25920841 GetBytesAllocated: 15020814 HeapGrowthMultiplier: 3
12-19 15:46:01.393  3346  3755 I com.miui.home: CheckGCForNative gc_urgency 0.476846 current_native_bytes is 143202339
12-19 15:46:02.940  3346  3346 I wm_on_resume_called: [0,106785096,com.miui.home.launcher.Launcher,RESUME_ACTIVITY,18]
12-19 15:46:02.964  3346  3346 I wm_on_idle_called: com.miui.home.launcher.Launcher
12-19 15:46:03.077  3346  3398 I com.miui.home: CheckGCForNative adj_start_bytes: 42923037 NativeAllocationGcWatermark: 11628713 java_gc_start_bytes: 25479968 kNewNativeDiscountFactor: 2 kOldNativeDiscountFactor: 65536 old_native_bytes: 132312639 new_native_bytes: 21564584 add_bytes_allowed: 34886139 is_gc_concurrent: 1 target_footprint_: 25920841 GetBytesAllocated: 16297058 HeapGrowthMultiplier: 3
12-19 15:46:03.077  3346  3398 I com.miui.home: CheckGCForNative gc_urgency 0.630929 current_native_bytes is 153877223
12-19 15:46:03.079  3346  3398 I com.miui.home: CheckGCForNative adj_start_bytes: 42923037 NativeAllocationGcWatermark: 11628713 java_gc_start_bytes: 25479968 kNewNativeDiscountFactor: 2 kOldNativeDiscountFactor: 65536 old_native_bytes: 132312639 new_native_bytes: 32271528 add_bytes_allowed: 34886139 is_gc_concurrent: 1 target_footprint_: 25920841 GetBytesAllocated: 16307002 HeapGrowthMultiplier: 3
12-19 15:46:03.079  3346  3398 I com.miui.home: CheckGCForNative gc_urgency 0.755883 current_native_bytes is 164584167
12-19 15:46:03.086  3346  3755 I com.miui.home: CheckGCForNative adj_start_bytes: 42923037 NativeAllocationGcWatermark: 11628713 java_gc_start_bytes: 25479968 kNewNativeDiscountFactor: 2 kOldNativeDiscountFactor: 65536 old_native_bytes: 132312639 new_native_bytes: 21566536 add_bytes_allowed: 34886139 is_gc_concurrent: 1 target_footprint_: 25920841 GetBytesAllocated: 16350676 HeapGrowthMultiplier: 3
12-19 15:46:03.086  3346  3755 I com.miui.home: CheckGCForNative gc_urgency 0.6322 current_native_bytes is 153879175
12-19 15:46:03.097  3346  8069 I com.miui.home: CheckGCForNative adj_start_bytes: 42923037 NativeAllocationGcWatermark: 11628713 java_gc_start_bytes: 25479968 kNewNativeDiscountFactor: 2 kOldNativeDiscountFactor: 65536 old_native_bytes: 132312639 new_native_bytes: 21572296 add_bytes_allowed: 34886139 is_gc_concurrent: 1 target_footprint_: 25920841 GetBytesAllocated: 16399089 HeapGrowthMultiplier: 3
12-19 15:46:03.097  3346  8069 I com.miui.home: CheckGCForNative gc_urgency 0.633395 current_native_bytes is 153884935
12-19 15:46:03.157  3346  3386 I com.miui.home: CheckGCForNative adj_start_bytes: 42923037 NativeAllocationGcWatermark: 11628713 java_gc_start_bytes: 25479968 kNewNativeDiscountFactor: 2 kOldNativeDiscountFactor: 65536 old_native_bytes: 132312639 new_native_bytes: 32395928 add_bytes_allowed: 34886139 is_gc_concurrent: 1 target_footprint_: 25920841 GetBytesAllocated: 16576681 HeapGrowthMultiplier: 3
12-19 15:46:03.157  3346  3386 I com.miui.home: CheckGCForNative gc_urgency 0.763615 current_native_bytes is 164708567
12-19 15:46:03.213 15131 15131 I wm_on_create_called: [0,180929074,com.UCMobile.main.UCMobile,performCreate,1407]
12-19 15:46:03.338  3346  3346 I wm_on_top_resumed_gained_called: [106785096,com.miui.home.launcher.Launcher,topStateChangedWhenResumed]
12-19 15:46:03.437  3346  3755 I com.miui.home: CheckGCForNative adj_start_bytes: 42923037 NativeAllocationGcWatermark: 11628713 java_gc_start_bytes: 25479968 kNewNativeDiscountFactor: 2 kOldNativeDiscountFactor: 65536 old_native_bytes: 132312639 new_native_bytes: 21714456 add_bytes_allowed: 34886139 is_gc_concurrent: 1 target_footprint_: 25920841 GetBytesAllocated: 17033102 HeapGrowthMultiplier: 3
12-19 15:46:03.437  3346  3755 I com.miui.home: CheckGCForNative gc_urgency 0.649822 current_native_bytes is 154027095
12-19 15:46:03.994  3346  3346 I wm_on_top_resumed_lost_called: [106785096,com.miui.home.launcher.Launcher,topStateChangedWhenResumed]
12-19 15:46:04.006  3346  3970 I com.miui.home: CheckGCForNative adj_start_bytes: 42923037 NativeAllocationGcWatermark: 11628713 java_gc_start_bytes: 25479968 kNewNativeDiscountFactor: 2 kOldNativeDiscountFactor: 65536 old_native_bytes: 132312639 new_native_bytes: 32696004 add_bytes_allowed: 34886139 is_gc_concurrent: 1 target_footprint_: 25920841 GetBytesAllocated: 18041970 HeapGrowthMultiplier: 3
12-19 15:46:04.006  3346  3970 I com.miui.home: CheckGCForNative gc_urgency 0.801248 current_native_bytes is 165008643
12-19 15:46:04.114  3346  3346 I wm_on_paused_called: [0,106785096,com.miui.home.launcher.Launcher,performPause,3]
12-19 15:46:04.249  3346  8069 I com.miui.home: CheckGCForNative adj_start_bytes: 42923037 NativeAllocationGcWatermark: 11628713 java_gc_start_bytes: 25479968 kNewNativeDiscountFactor: 2 kOldNativeDiscountFactor: 65536 old_native_bytes: 132312639 new_native_bytes: 22099668 add_bytes_allowed: 34886139 is_gc_concurrent: 1 target_footprint_: 25920841 GetBytesAllocated: 18416570 HeapGrowthMultiplier: 3
12-19 15:46:04.249  3346  8069 I com.miui.home: CheckGCForNative gc_urgency 0.686541 current_native_bytes is 154412307
12-19 15:46:04.293  3346  3755 I com.miui.home: CheckGCForNative adj_start_bytes: 42923037 NativeAllocationGcWatermark: 11628713 java_gc_start_bytes: 25479968 kNewNativeDiscountFactor: 2 kOldNativeDiscountFactor: 65536 old_native_bytes: 132312639 new_native_bytes: 22209572 add_bytes_allowed: 34886139 is_gc_concurrent: 1 target_footprint_: 25920841 GetBytesAllocated: 18458317 HeapGrowthMultiplier: 3
12-19 15:46:04.293  3346  3755 I com.miui.home: CheckGCForNative gc_urgency 0.688794 current_native_bytes is 154522211
12-19 15:46:04.493  3346  3755 I com.miui.home: CheckGCForNative adj_start_bytes: 42923037 NativeAllocationGcWatermark: 11628713 java_gc_start_bytes: 25479968 kNewNativeDiscountFactor: 2 kOldNativeDiscountFactor: 65536 old_native_bytes: 132312639 new_native_bytes: 22529696 add_bytes_allowed: 34886139 is_gc_concurrent: 1 target_footprint_: 25920841 GetBytesAllocated: 19123270 HeapGrowthMultiplier: 3
12-19 15:46:04.493  3346  3755 I com.miui.home: CheckGCForNative gc_urgency 0.708015 current_native_bytes is 154842335
12-19 15:46:04.508 15131 15131 I wm_on_create_called: [0,146419343,com.uc.browser.InnerUCMobile,performCreate,606]
12-19 15:46:04.582 15131 15131 I wm_on_start_called: [0,146419343,com.uc.browser.InnerUCMobile,handleStartActivity,72]
12-19 15:46:04.775 15131 15131 I wm_on_resume_called: [0,146419343,com.uc.browser.InnerUCMobile,RESUME_ACTIVITY,168]
12-19 15:46:05.071 15131 15131 I wm_on_destroy_called: [0,180929074,com.UCMobile.main.UCMobile,performDestroy,17]
12-19 15:46:05.109 15131 15131 I wm_on_paused_called: [0,146419343,com.uc.browser.InnerUCMobile,performPause,36]
12-19 15:46:05.334 15536 15536 I wm_on_create_called: [0,141409756,com.tencent.mtt.SplashActivity,performCreate,193]
12-19 15:46:05.437 15536 15536 I wm_on_create_called: [0,725599,com.tencent.mtt.MainActivity,performCreate,17]
12-19 15:46:05.555 15536 15536 I wm_on_start_called: [0,725599,com.tencent.mtt.MainActivity,handleStartActivity,117]
12-19 15:46:05.628  3346  3970 I com.miui.home: CheckGCForNative adj_start_bytes: 42923037 NativeAllocationGcWatermark: 11628713 java_gc_start_bytes: 25479968 kNewNativeDiscountFactor: 2 kOldNativeDiscountFactor: 65536 old_native_bytes: 132312639 new_native_bytes: 22520836 add_bytes_allowed: 34886139 is_gc_concurrent: 1 target_footprint_: 25920841 GetBytesAllocated: 19908023 HeapGrowthMultiplier: 3
12-19 15:46:05.628  3346  3970 I com.miui.home: CheckGCForNative gc_urgency 0.726194 current_native_bytes is 154833475
12-19 15:46:06.033 15536 15536 I wm_on_resume_called: [0,725599,com.tencent.mtt.MainActivity,RESUME_ACTIVITY,476]
12-19 15:46:06.039 15536 15536 I wm_on_top_resumed_gained_called: [725599,com.tencent.mtt.MainActivity,topStateChangedWhenResumed]
12-19 15:46:06.218  3346  3346 I wm_on_resume_called: [0,106785096,com.miui.home.launcher.Launcher,RESUME_ACTIVITY,17]
12-19 15:46:06.243  3346  3346 I com.miui.home: CheckGCForNative adj_start_bytes: 42923037 NativeAllocationGcWatermark: 11628713 java_gc_start_bytes: 25479968 kNewNativeDiscountFactor: 2 kOldNativeDiscountFactor: 65536 old_native_bytes: 132312639 new_native_bytes: 22969348 add_bytes_allowed: 34886139 is_gc_concurrent: 1 target_footprint_: 25920841 GetBytesAllocated: 20983341 HeapGrowthMultiplier: 3
12-19 15:46:06.243  3346  3346 I com.miui.home: CheckGCForNative gc_urgency 0.756471 current_native_bytes is 155281987
12-19 15:46:06.246  3346  3346 I wm_on_idle_called: com.miui.home.launcher.Launcher
12-19 15:46:06.344  3346  3388 I com.miui.home: CheckGCForNative adj_start_bytes: 42923037 NativeAllocationGcWatermark: 11628713 java_gc_start_bytes: 25479968 kNewNativeDiscountFactor: 2 kOldNativeDiscountFactor: 65536 old_native_bytes: 132312639 new_native_bytes: 33685192 add_bytes_allowed: 34886139 is_gc_concurrent: 1 target_footprint_: 25920841 GetBytesAllocated: 21063729 HeapGrowthMultiplier: 3
12-19 15:46:06.344  3346  3388 I com.miui.home: CheckGCForNative gc_urgency 0.88317 current_native_bytes is 165997831
12-19 15:46:06.346  3346  3346 I com.miui.home: CheckGCForNative adj_start_bytes: 42923037 NativeAllocationGcWatermark: 11628713 java_gc_start_bytes: 25479968 kNewNativeDiscountFactor: 2 kOldNativeDiscountFactor: 65536 old_native_bytes: 132312639 new_native_bytes: 44392456 add_bytes_allowed: 34886139 is_gc_concurrent: 1 target_footprint_: 25920841 GetBytesAllocated: 21069397 HeapGrowthMultiplier: 3
12-19 15:46:06.346  3346  3346 I com.miui.home: CheckGCForNative gc_urgency 1.00803 current_native_bytes is 176705095
12-19 15:46:06.346  3346  3346 I com.miui.home: CheckGCForNative requested 1
12-19 15:46:06.346  3346  5984 I com.miui.home: CheckGCForNative adj_start_bytes: 42923037 NativeAllocationGcWatermark: 11628713 java_gc_start_bytes: 25479968 kNewNativeDiscountFactor: 2 kOldNativeDiscountFactor: 65536 old_native_bytes: 132312639 new_native_bytes: 44393608 add_bytes_allowed: 34886139 is_gc_concurrent: 1 target_footprint_: 25920841 GetBytesAllocated: 21078851 HeapGrowthMultiplier: 3
12-19 15:46:06.346  3346  5984 I com.miui.home: CheckGCForNative gc_urgency 1.00826 current_native_bytes is 176706247
12-19 15:46:06.346  3346  5984 I com.miui.home: CheckGCForNative requested 1
12-19 15:46:06.549  3346  3755 I com.miui.home: CheckGCForNative adj_start_bytes: 42923037 NativeAllocationGcWatermark: 11628713 java_gc_start_bytes: 25479968 kNewNativeDiscountFactor: 2 kOldNativeDiscountFactor: 65536 old_native_bytes: 132312639 new_native_bytes: 33858376 add_bytes_allowed: 34886139 is_gc_concurrent: 1 target_footprint_: 25920841 GetBytesAllocated: 21329451 HeapGrowthMultiplier: 3
12-19 15:46:06.549  3346  3755 I com.miui.home: CheckGCForNative gc_urgency 0.891378 current_native_bytes is 166171015
12-19 15:46:06.610  3346  3346 I wm_on_top_resumed_gained_called: [106785096,com.miui.home.launcher.Launcher,topStateChangedWhenResumed]
12-19 15:46:06.804  3346  3379 I com.miui.home: NativeAlloc concurrent copying GC freed 176269(7616KB) AllocSpace objects, 28(784KB) LOS objects, 49% free, 12MB/25MB, paused 5.216ms,243us total 448.669ms
12-19 15:46:06.842 15131 15131 I wm_on_stop_called: [0,146419343,com.uc.browser.InnerUCMobile,STOP_ACTIVITY_ITEM,113]
12-19 15:46:06.847  3346  3753 I com.miui.home: CheckGCForNative adj_start_bytes: 44021661 NativeAllocationGcWatermark: 11753138 java_gc_start_bytes: 26391954 kNewNativeDiscountFactor: 2 kOldNativeDiscountFactor: 65536 old_native_bytes: 155233067 new_native_bytes: 10695680 add_bytes_allowed: 35259414 is_gc_concurrent: 1 target_footprint_: 26916242 GetBytesAllocated: 13566289 HeapGrowthMultiplier: 3
12-19 15:46:06.847  3346  3753 I com.miui.home: CheckGCForNative gc_urgency 0.429709 current_native_bytes is 165928747
12-19 15:46:06.848  3346  3753 I com.miui.home: CheckGCForNative adj_start_bytes: 44021661 NativeAllocationGcWatermark: 11753138 java_gc_start_bytes: 26391954 kNewNativeDiscountFactor: 2 kOldNativeDiscountFactor: 65536 old_native_bytes: 155233067 new_native_bytes: 21402944 add_bytes_allowed: 35259414 is_gc_concurrent: 1 target_footprint_: 26916242 GetBytesAllocated: 13566481 HeapGrowthMultiplier: 3
12-19 15:46:06.848  3346  3753 I com.miui.home: CheckGCForNative gc_urgency 0.551327 current_native_bytes is 176636011
12-19 15:46:06.849  3346  3388 I com.miui.home: CheckGCForNative gc_urgency 0 current_native_bytes is 155233067
12-19 15:46:06.902 15536 15536 I wm_on_top_resumed_lost_called: [725599,com.tencent.mtt.MainActivity,pausing]
12-19 15:46:06.922 15536 15536 I wm_on_paused_called: [0,725599,com.tencent.mtt.MainActivity,performPause,20]
12-19 15:46:06.969 15536 15536 I wm_on_resume_called: [0,725599,com.tencent.mtt.MainActivity,LIFECYCLER_RESUME_ACTIVITY,46]
12-19 15:46:06.972 15536 15536 I wm_on_top_resumed_gained_called: [725599,com.tencent.mtt.MainActivity,topWhenResuming]
12-19 15:46:07.112 15536 15536 I wm_on_top_resumed_lost_called: [725599,com.tencent.mtt.MainActivity,topStateChangedWhenResumed]
12-19 15:46:07.145  3346  3732 I com.miui.home: CheckGCForNative gc_urgency 0 current_native_bytes is 142299551
12-19 15:46:07.158  3346 16022 I com.miui.home: CheckGCForNative adj_start_bytes: 44021661 NativeAllocationGcWatermark: 11753138 java_gc_start_bytes: 26391954 kNewNativeDiscountFactor: 2 kOldNativeDiscountFactor: 65536 old_native_bytes: 142299551 new_native_bytes: 66432 add_bytes_allowed: 35259414 is_gc_concurrent: 1 target_footprint_: 26916242 GetBytesAllocated: 13874573 HeapGrowthMultiplier: 3
12-19 15:46:07.158  3346 16022 I com.miui.home: CheckGCForNative gc_urgency 0.31598 current_native_bytes is 142365983
12-19 15:46:07.163  3346  3346 I wm_on_top_resumed_lost_called: [106785096,com.miui.home.launcher.Launcher,topStateChangedWhenResumed]
12-19 15:46:07.364  3346  3346 I wm_on_paused_called: [0,106785096,com.miui.home.launcher.Launcher,performPause,4]
12-19 15:46:07.648  3346  3755 I com.miui.home: CheckGCForNative adj_start_bytes: 44021661 NativeAllocationGcWatermark: 11753138 java_gc_start_bytes: 26391954 kNewNativeDiscountFactor: 2 kOldNativeDiscountFactor: 65536 old_native_bytes: 142299551 new_native_bytes: 126000 add_bytes_allowed: 35259414 is_gc_concurrent: 1 target_footprint_: 26916242 GetBytesAllocated: 14618551 HeapGrowthMultiplier: 3
12-19 15:46:07.648  3346  3755 I com.miui.home: CheckGCForNative gc_urgency 0.333557 current_native_bytes is 142425551
12-19 15:46:07.893  3346  3755 I com.miui.home: CheckGCForNative adj_start_bytes: 44021661 NativeAllocationGcWatermark: 11753138 java_gc_start_bytes: 26391954 kNewNativeDiscountFactor: 2 kOldNativeDiscountFactor: 65536 old_native_bytes: 142299551 new_native_bytes: 306368 add_bytes_allowed: 35259414 is_gc_concurrent: 1 target_footprint_: 26916242 GetBytesAllocated: 14953851 HeapGrowthMultiplier: 3
12-19 15:46:07.893  3346  3755 I com.miui.home: CheckGCForNative gc_urgency 0.343222 current_native_bytes is 142605919
12-19 15:46:07.945  3346  3970 I com.miui.home: CheckGCForNative adj_start_bytes: 44021661 NativeAllocationGcWatermark: 11753138 java_gc_start_bytes: 26391954 kNewNativeDiscountFactor: 2 kOldNativeDiscountFactor: 65536 old_native_bytes: 142299551 new_native_bytes: 975424 add_bytes_allowed: 35259414 is_gc_concurrent: 1 target_footprint_: 26916242 GetBytesAllocated: 15048790 HeapGrowthMultiplier: 3
12-19 15:46:07.945  3346  3970 I com.miui.home: CheckGCForNative gc_urgency 0.352978 current_native_bytes is 143274975
12-19 15:46:08.130  3346  3970 I com.miui.home: CheckGCForNative adj_start_bytes: 44021661 NativeAllocationGcWatermark: 11753138 java_gc_start_bytes: 26391954 kNewNativeDiscountFactor: 2 kOldNativeDiscountFactor: 65536 old_native_bytes: 142299551 new_native_bytes: 11850644 add_bytes_allowed: 35259414 is_gc_concurrent: 1 target_footprint_: 26916242 GetBytesAllocated: 15330608 HeapGrowthMultiplier: 3
12-19 15:46:08.130  3346  3970 I com.miui.home: CheckGCForNative gc_urgency 0.482901 current_native_bytes is 154150195
12-19 15:46:08.372 16102 16102 I wm_on_application_create_called: [0,com.youku.phone,225]
12-19 15:46:08.515 16102 16102 I wm_on_create_called: [0,118415084,com.youku.phone.ActivityWelcome,performCreate,110]
12-19 15:46:08.851 16102 16102 I wm_on_create_called: [0,212759924,com.youku.v2.HomePageEntry,performCreate,126]
12-19 15:46:08.977 16102 16102 I wm_on_start_called: [0,212759924,com.youku.v2.HomePageEntry,handleStartActivity,126]
12-19 15:46:09.016 16102 16102 I wm_on_resume_called: [0,212759924,com.youku.v2.HomePageEntry,RESUME_ACTIVITY,37]
12-19 15:46:09.024 16102 16102 I wm_on_top_resumed_gained_called: [212759924,com.youku.v2.HomePageEntry,topStateChangedWhenResumed]
12-19 15:46:09.364  3346  3346 I wm_on_stop_called: [0,106785096,com.miui.home.launcher.Launcher,STOP_ACTIVITY_ITEM,56]
12-19 15:46:09.445  3346  3346 I wm_on_restart_called: [0,106785096,com.miui.home.launcher.Launcher,,0]
12-19 15:46:09.452  3346  3346 I wm_on_start_called: [0,106785096,com.miui.home.launcher.Launcher,handleStartActivity,2]
12-19 15:46:09.475  3346  3346 I wm_on_resume_called: [0,106785096,com.miui.home.launcher.Launcher,RESUME_ACTIVITY,18]
12-19 15:46:09.613  3346  3346 I wm_on_idle_called: com.miui.home.launcher.Launcher
12-19 15:46:09.873  3346  3388 I com.miui.home: CheckGCForNative gc_urgency 0 current_native_bytes is 131733595
12-19 15:46:09.874  3346  3388 I com.miui.home: CheckGCForNative adj_start_bytes: 44323526 NativeAllocationGcWatermark: 11784913 java_gc_start_bytes: 26646157 kNewNativeDiscountFactor: 2 kOldNativeDiscountFactor: 65536 old_native_bytes: 131733595 new_native_bytes: 10706944 add_bytes_allowed: 35354739 is_gc_concurrent: 1 target_footprint_: 27170445 GetBytesAllocated: 13668406 HeapGrowthMultiplier: 3
12-19 15:46:09.875  3346  3398 I com.miui.home: CheckGCForNative adj_start_bytes: 44323526 NativeAllocationGcWatermark: 11784913 java_gc_start_bytes: 26646157 kNewNativeDiscountFactor: 2 kOldNativeDiscountFactor: 65536 old_native_bytes: 131733595 new_native_bytes: 21412864 add_bytes_allowed: 35354739 is_gc_concurrent: 1 target_footprint_: 27170445 GetBytesAllocated: 13668406 HeapGrowthMultiplier: 3
12-19 15:46:09.875  3346  3398 I com.miui.home: CheckGCForNative gc_urgency 0.549975 current_native_bytes is 153146459
12-19 15:46:09.876  3346  3388 I com.miui.home: CheckGCForNative gc_urgency 0.429205 current_native_bytes is 142440539
12-19 15:46:09.882  3346  3755 I com.miui.home: CheckGCForNative gc_urgency 0 current_native_bytes is 131719643
12-19 15:46:09.921  3346  3346 I wm_on_top_resumed_gained_called: [106785096,com.miui.home.launcher.Launcher,topStateChangedWhenResumed]
12-19 15:46:09.999  3346  3755 I com.miui.home: CheckGCForNative gc_urgency 0 current_native_bytes is 131709123
12-19 15:46:10.187  3346  3755 I com.miui.home: CheckGCForNative adj_start_bytes: 44323526 NativeAllocationGcWatermark: 11784913 java_gc_start_bytes: 26646157 kNewNativeDiscountFactor: 2 kOldNativeDiscountFactor: 65536 old_native_bytes: 131709123 new_native_bytes: 14400 add_bytes_allowed: 35354739 is_gc_concurrent: 1 target_footprint_: 27170445 GetBytesAllocated: 13917463 HeapGrowthMultiplier: 3
12-19 15:46:10.187  3346  3755 I com.miui.home: CheckGCForNative gc_urgency 0.314205 current_native_bytes is 131723523
12-19 15:46:10.376  3346  3753 I com.miui.home: CheckGCForNative adj_start_bytes: 44323526 NativeAllocationGcWatermark: 11784913 java_gc_start_bytes: 26646157 kNewNativeDiscountFactor: 2 kOldNativeDiscountFactor: 65536 old_native_bytes: 131709123 new_native_bytes: 10659448 add_bytes_allowed: 35354739 is_gc_concurrent: 1 target_footprint_: 27170445 GetBytesAllocated: 14022572 HeapGrowthMultiplier: 3
12-19 15:46:10.376  3346  3753 I com.miui.home: CheckGCForNative gc_urgency 0.43666 current_native_bytes is 142368571
12-19 15:46:10.379  3346  3753 I com.miui.home: CheckGCForNative adj_start_bytes: 44323526 NativeAllocationGcWatermark: 11784913 java_gc_start_bytes: 26646157 kNewNativeDiscountFactor: 2 kOldNativeDiscountFactor: 65536 old_native_bytes: 131709123 new_native_bytes: 21366424 add_bytes_allowed: 35354739 is_gc_concurrent: 1 target_footprint_: 27170445 GetBytesAllocated: 14022764 HeapGrowthMultiplier: 3
12-19 15:46:10.379  3346  3753 I com.miui.home: CheckGCForNative gc_urgency 0.557446 current_native_bytes is 153075547
12-19 15:46:10.387  3346  3388 I com.miui.home: CheckGCForNative adj_start_bytes: 44323526 NativeAllocationGcWatermark: 11784913 java_gc_start_bytes: 26646157 kNewNativeDiscountFactor: 2 kOldNativeDiscountFactor: 65536 old_native_bytes: 131709123 new_native_bytes: 21405816 add_bytes_allowed: 35354739 is_gc_concurrent: 1 target_footprint_: 27170445 GetBytesAllocated: 14022764 HeapGrowthMultiplier: 3
12-19 15:46:10.387  3346  3388 I com.miui.home: CheckGCForNative gc_urgency 0.557891 current_native_bytes is 153114939
12-19 15:46:10.694  3346 16022 I com.miui.home: CheckGCForNative adj_start_bytes: 44323526 NativeAllocationGcWatermark: 11784913 java_gc_start_bytes: 26646157 kNewNativeDiscountFactor: 2 kOldNativeDiscountFactor: 65536 old_native_bytes: 131709123 new_native_bytes: 10688152 add_bytes_allowed: 35354739 is_gc_concurrent: 1 target_footprint_: 27170445 GetBytesAllocated: 14361029 HeapGrowthMultiplier: 3
12-19 15:46:10.694  3346 16022 I com.miui.home: CheckGCForNative gc_urgency 0.44462 current_native_bytes is 142397275
12-19 15:46:10.734  3346  3346 I wm_on_top_resumed_lost_called: [106785096,com.miui.home.launcher.Launcher,topStateChangedWhenResumed]
12-19 15:46:10.795  3346 16022 I com.miui.home: CheckGCForNative adj_start_bytes: 44323526 NativeAllocationGcWatermark: 11784913 java_gc_start_bytes: 26646157 kNewNativeDiscountFactor: 2 kOldNativeDiscountFactor: 65536 old_native_bytes: 131709123 new_native_bytes: 10782760 add_bytes_allowed: 35354739 is_gc_concurrent: 1 target_footprint_: 27170445 GetBytesAllocated: 14478842 HeapGrowthMultiplier: 3
12-19 15:46:10.795  3346 16022 I com.miui.home: CheckGCForNative gc_urgency 0.448345 current_native_bytes is 142491883
12-19 15:46:10.985 16614 16614 I wm_on_application_create_called: [0,com.xiaomi.xmsf,497]
12-19 15:46:11.200  3346  3346 I wm_on_paused_called: [0,106785096,com.miui.home.launcher.Launcher,performPause,3]
12-19 15:46:11.265  3346  3755 I com.miui.home: CheckGCForNative adj_start_bytes: 44323526 NativeAllocationGcWatermark: 11784913 java_gc_start_bytes: 26646157 kNewNativeDiscountFactor: 2 kOldNativeDiscountFactor: 65536 old_native_bytes: 131709123 new_native_bytes: 11006272 add_bytes_allowed: 35354739 is_gc_concurrent: 1 target_footprint_: 27170445 GetBytesAllocated: 14702930 HeapGrowthMultiplier: 3
12-19 15:46:11.265  3346  3755 I com.miui.home: CheckGCForNative gc_urgency 0.455922 current_native_bytes is 142715395
12-19 15:46:11.902  3346  3970 I com.miui.home: CheckGCForNative adj_start_bytes: 44323526 NativeAllocationGcWatermark: 11784913 java_gc_start_bytes: 26646157 kNewNativeDiscountFactor: 2 kOldNativeDiscountFactor: 65536 old_native_bytes: 131709123 new_native_bytes: 10856800 add_bytes_allowed: 35354739 is_gc_concurrent: 1 target_footprint_: 27170445 GetBytesAllocated: 15347118 HeapGrowthMultiplier: 3
12-19 15:46:11.902  3346  3970 I com.miui.home: CheckGCForNative gc_urgency 0.46877 current_native_bytes is 142565923
12-19 15:46:11.969  3346  3970 I com.miui.home: CheckGCForNative adj_start_bytes: 44323526 NativeAllocationGcWatermark: 11784913 java_gc_start_bytes: 26646157 kNewNativeDiscountFactor: 2 kOldNativeDiscountFactor: 65536 old_native_bytes: 131709123 new_native_bytes: 11400648 add_bytes_allowed: 35354739 is_gc_concurrent: 1 target_footprint_: 27170445 GetBytesAllocated: 15523821 HeapGrowthMultiplier: 3
12-19 15:46:12.035  3346  3970 I com.miui.home: CheckGCForNative adj_start_bytes: 44323526 NativeAllocationGcWatermark: 11784913 java_gc_start_bytes: 26646157 kNewNativeDiscountFactor: 2 kOldNativeDiscountFactor: 65536 old_native_bytes: 131709123 new_native_bytes: 22595300 add_bytes_allowed: 35354739 is_gc_concurrent: 1 target_footprint_: 27170445 GetBytesAllocated: 15733842 HeapGrowthMultiplier: 3
12-19 15:46:12.035  3346  3970 I com.miui.home: CheckGCForNative gc_urgency 0.609913 current_native_bytes is 154304423
12-19 15:46:12.140 16831 16831 I wm_on_application_create_called: [0,com.quark.browser,216]
12-19 15:46:12.162 16720 16720 I wm_on_application_create_called: [0,com.tencent.mobileqq,460]
12-19 15:46:12.256 16651 16651 I wm_on_application_create_called: [0,com.xiaomi.bluetooth,508]
12-19 15:46:12.258 16831 16831 I wm_on_create_called: [0,42102328,com.ucpro.MainActivity,performCreate,82]
12-19 15:46:12.629 10533 10533 I wm_on_application_create_called: [0,com.xunmeng.pinduoduo,35110]
12-19 15:46:13.192  3346  3346 I wm_on_resume_called: [0,106785096,com.miui.home.launcher.Launcher,RESUME_ACTIVITY,25]
12-19 15:46:13.211  3346  3346 I wm_on_idle_called: com.miui.home.launcher.Launcher
12-19 15:46:13.448 17144 17144 I wm_on_application_create_called: [0,com.xunmeng.pinduoduo,472]
12-19 15:46:13.518 16831 16831 I wm_on_create_called: [0,219414182,com.ucpro.BrowserActivity,performCreate,1139]
12-19 15:46:13.547 16831 16831 I wm_on_start_called: [0,219414182,com.ucpro.BrowserActivity,handleStartActivity,29]
12-19 15:46:13.611  3346  3388 I com.miui.home: CheckGCForNative adj_start_bytes: 44323526 NativeAllocationGcWatermark: 11784913 java_gc_start_bytes: 26646157 kNewNativeDiscountFactor: 2 kOldNativeDiscountFactor: 65536 old_native_bytes: 131709123 new_native_bytes: 23114656 add_bytes_allowed: 35354739 is_gc_concurrent: 1 target_footprint_: 27170445 GetBytesAllocated: 17597537 HeapGrowthMultiplier: 3
12-19 15:46:13.611  3346  3388 I com.miui.home: CheckGCForNative gc_urgency 0.657819 current_native_bytes is 154823779
12-19 15:46:13.628 16831 16831 I wm_on_resume_called: [0,219414182,com.ucpro.BrowserActivity,RESUME_ACTIVITY,72]
12-19 15:46:13.634  3346  3388 I com.miui.home: CheckGCForNative adj_start_bytes: 44323526 NativeAllocationGcWatermark: 11784913 java_gc_start_bytes: 26646157 kNewNativeDiscountFactor: 2 kOldNativeDiscountFactor: 65536 old_native_bytes: 131709123 new_native_bytes: 33821600 add_bytes_allowed: 35354739 is_gc_concurrent: 1 target_footprint_: 27170445 GetBytesAllocated: 17650404 HeapGrowthMultiplier: 3
12-19 15:46:13.634  3346  3388 I com.miui.home: CheckGCForNative gc_urgency 0.779794 current_native_bytes is 165530723
12-19 15:46:13.655  3346  3388 I com.miui.home: CheckGCForNative adj_start_bytes: 44323526 NativeAllocationGcWatermark: 11784913 java_gc_start_bytes: 26646157 kNewNativeDiscountFactor: 2 kOldNativeDiscountFactor: 65536 old_native_bytes: 131709123 new_native_bytes: 33857312 add_bytes_allowed: 35354739 is_gc_concurrent: 1 target_footprint_: 27170445 GetBytesAllocated: 17709170 HeapGrowthMultiplier: 3
12-19 15:46:13.655  3346  3388 I com.miui.home: CheckGCForNative gc_urgency 0.781523 current_native_bytes is 165566435
12-19 15:46:13.665  3346  3755 I com.miui.home: CheckGCForNative adj_start_bytes: 44323526 NativeAllocationGcWatermark: 11784913 java_gc_start_bytes: 26646157 kNewNativeDiscountFactor: 2 kOldNativeDiscountFactor: 65536 old_native_bytes: 131709123 new_native_bytes: 33832384 add_bytes_allowed: 35354739 is_gc_concurrent: 1 target_footprint_: 27170445 GetBytesAllocated: 17771512 HeapGrowthMultiplier: 3
12-19 15:46:13.665  3346  3755 I com.miui.home: CheckGCForNative gc_urgency 0.782648 current_native_bytes is 165541507
12-19 15:46:13.680  3346  3346 I wm_on_top_resumed_gained_called: [106785096,com.miui.home.launcher.Launcher,topStateChangedWhenResumed]
12-19 15:46:13.722 16831 16831 I wm_on_top_resumed_gained_called: [219414182,com.ucpro.BrowserActivity,topStateChangedWhenResumed]
12-19 15:46:13.751 16831 16831 I wm_on_top_resumed_lost_called: [219414182,com.ucpro.BrowserActivity,topStateChangedWhenResumed]
12-19 15:46:13.876  3346  3755 I com.miui.home: CheckGCForNative adj_start_bytes: 44323526 NativeAllocationGcWatermark: 11784913 java_gc_start_bytes: 26646157 kNewNativeDiscountFactor: 2 kOldNativeDiscountFactor: 65536 old_native_bytes: 131709123 new_native_bytes: 23140944 add_bytes_allowed: 35354739 is_gc_concurrent: 1 target_footprint_: 27170445 GetBytesAllocated: 18299908 HeapGrowthMultiplier: 3
12-19 15:46:13.876  3346  3755 I com.miui.home: CheckGCForNative gc_urgency 0.673962 current_native_bytes is 154850067
12-19 15:46:14.021  3346  3755 I com.miui.home: CheckGCForNative adj_start_bytes: 44323526 NativeAllocationGcWatermark: 11784913 java_gc_start_bytes: 26646157 kNewNativeDiscountFactor: 2 kOldNativeDiscountFactor: 65536 old_native_bytes: 131709123 new_native_bytes: 23130512 add_bytes_allowed: 35354739 is_gc_concurrent: 1 target_footprint_: 27170445 GetBytesAllocated: 18420307 HeapGrowthMultiplier: 3
12-19 15:46:14.021  3346  3755 I com.miui.home: CheckGCForNative gc_urgency 0.676561 current_native_bytes is 154839635
12-19 15:46:14.142  3346  5984 I com.miui.home: CheckGCForNative adj_start_bytes: 44323526 NativeAllocationGcWatermark: 11784913 java_gc_start_bytes: 26646157 kNewNativeDiscountFactor: 2 kOldNativeDiscountFactor: 65536 old_native_bytes: 131709123 new_native_bytes: 33807856 add_bytes_allowed: 35354739 is_gc_concurrent: 1 target_footprint_: 27170445 GetBytesAllocated: 18503799 HeapGrowthMultiplier: 3
12-19 15:46:14.142  3346  5984 I com.miui.home: CheckGCForNative gc_urgency 0.798893 current_native_bytes is 165516979
12-19 15:46:14.144  3346  3346 I com.miui.home: CheckGCForNative adj_start_bytes: 44323526 NativeAllocationGcWatermark: 11784913 java_gc_start_bytes: 26646157 kNewNativeDiscountFactor: 2 kOldNativeDiscountFactor: 65536 old_native_bytes: 131709123 new_native_bytes: 44515056 add_bytes_allowed: 35354739 is_gc_concurrent: 1 target_footprint_: 27170445 GetBytesAllocated: 18514760 HeapGrowthMultiplier: 3
12-19 15:46:14.144  3346  3346 I com.miui.home: CheckGCForNative gc_urgency 0.919924 current_native_bytes is 176224179
