12-20 11:21:11.005  3332  3821 I com.miui.home: CheckGCForNative adj_start_bytes: 47351843 NativeAllocationGcWatermark: 12103683 java_gc_start_bytes: 29196319 kNewNativeDiscountFactor: 2 kOldNativeDiscountFactor: 65536 old_native_bytes: 74915823 new_native_bytes: 56896 add_bytes_allowed: 36311049 is_gc_concurrent: 1 target_footprint_: 29720607 GetBytesAllocated: 15431381 HeapGrowthMultiplier: 3
12-20 11:21:11.005  3332  3821 I com.miui.home: CheckGCForNative gc_urgency 0.326513 current_native_bytes is 74972719
12-20 11:21:11.094  3332  3821 I com.miui.home: CheckGCForNative adj_start_bytes: 47351843 NativeAllocationGcWatermark: 12103683 java_gc_start_bytes: 29196319 kNewNativeDiscountFactor: 2 kOldNativeDiscountFactor: 65536 old_native_bytes: 74915823 new_native_bytes: 37504 add_bytes_allowed: 36311049 is_gc_concurrent: 1 target_footprint_: 29720607 GetBytesAllocated: 15730055 HeapGrowthMultiplier: 3
12-20 11:21:11.094  3332  3821 I com.miui.home: CheckGCForNative gc_urgency 0.332615 current_native_bytes is 74953327
12-20 11:21:11.099 11269 11269 I wm_on_paused_called: [0,72879283,com.tencent.mobileqq.activity.SplashActivity,performPause,17]
12-20 11:21:11.235  3332  3395 I com.miui.home: CheckGCForNative adj_start_bytes: 47351843 NativeAllocationGcWatermark: 12103683 java_gc_start_bytes: 29196319 kNewNativeDiscountFactor: 2 kOldNativeDiscountFactor: 65536 old_native_bytes: 74915823 new_native_bytes: 10728136 add_bytes_allowed: 36311049 is_gc_concurrent: 1 target_footprint_: 29720607 GetBytesAllocated: 16165689 HeapGrowthMultiplier: 3
12-20 11:21:11.236  3332  3395 I com.miui.home: CheckGCForNative gc_urgency 0.4547 current_native_bytes is 85643959
12-20 11:21:11.237  3332  3332 I com.miui.home: CheckGCForNative adj_start_bytes: 47351843 NativeAllocationGcWatermark: 12103683 java_gc_start_bytes: 29196319 kNewNativeDiscountFactor: 2 kOldNativeDiscountFactor: 65536 old_native_bytes: 74915823 new_native_bytes: 21435080 add_bytes_allowed: 36311049 is_gc_concurrent: 1 target_footprint_: 29720607 GetBytesAllocated: 16178936 HeapGrowthMultiplier: 3
12-20 11:21:11.237  3332  3332 I com.miui.home: CheckGCForNative gc_urgency 0.568037 current_native_bytes is 96350903
12-20 11:21:11.237  3332  3332 I cccccc  : getTaskThumbnailInfo: 2460 1.0  10705920
12-20 11:21:11.247  3332  3395 D cccccc  : onTaskStackChangedBackground
12-20 11:21:11.492 11269 11269 I wm_on_create_called: [0,177363637,com.tencent.mobileqq.activity.LoginActivity,performCreate,264]
12-20 11:21:11.657 11269 11269 I wm_on_start_called: [0,177363637,com.tencent.mobileqq.activity.LoginActivity,handleStartActivity,153]
12-20 11:21:11.684 11269 11269 I wm_on_resume_called: [0,177363637,com.tencent.mobileqq.activity.LoginActivity,RESUME_ACTIVITY,22]
12-20 11:21:11.767  3332 11786 I com.miui.home: CheckGCForNative adj_start_bytes: 47351843 NativeAllocationGcWatermark: 12103683 java_gc_start_bytes: 29196319 kNewNativeDiscountFactor: 2 kOldNativeDiscountFactor: 65536 old_native_bytes: 74915823 new_native_bytes: 10920928 add_bytes_allowed: 36311049 is_gc_concurrent: 1 target_footprint_: 29720607 GetBytesAllocated: 17291000 HeapGrowthMultiplier: 3
12-20 11:21:11.767  3332 11786 I com.miui.home: CheckGCForNative gc_urgency 0.480501 current_native_bytes is 85836751
12-20 11:21:11.779  3332  3332 I wm_on_top_resumed_lost_called: [255478217,com.miui.home.launcher.Launcher,topStateChangedWhenResumed]
12-20 11:21:11.846 11269 11269 I wm_on_stop_called: [0,72879283,com.tencent.mobileqq.activity.SplashActivity,LIFECYCLER_STOP_ACTIVITY,6]
12-20 11:21:11.853  3332  3332 I wm_on_paused_called: [0,255478217,com.miui.home.launcher.Launcher,performPause,5]
12-20 11:21:12.086 11269 11269 I wm_on_destroy_called: [0,72879283,com.tencent.mobileqq.activity.SplashActivity,performDestroy,239]
12-20 11:21:12.240 11269 11269 I wm_on_paused_called: [0,177363637,com.tencent.mobileqq.activity.LoginActivity,performPause,12]
12-20 11:21:12.286  3332  3395 D cccccc  : onTaskStackChangedBackground
12-20 11:21:12.313 11269 11269 I wm_on_stop_called: [0,177363637,com.tencent.mobileqq.activity.LoginActivity,STOP_ACTIVITY_ITEM,69]
12-20 11:21:12.317  3332  3821 I com.miui.home: CheckGCForNative adj_start_bytes: 47351843 NativeAllocationGcWatermark: 12103683 java_gc_start_bytes: 29196319 kNewNativeDiscountFactor: 2 kOldNativeDiscountFactor: 65536 old_native_bytes: 74915823 new_native_bytes: 11041632 add_bytes_allowed: 36311049 is_gc_concurrent: 1 target_footprint_: 29720607 GetBytesAllocated: 18360008 HeapGrowthMultiplier: 3
12-20 11:21:12.317  3332  3821 I com.miui.home: CheckGCForNative gc_urgency 0.504351 current_native_bytes is 85957455
12-20 11:21:12.461  3332  3821 I com.miui.home: CheckGCForNative adj_start_bytes: 47351843 NativeAllocationGcWatermark: 12103683 java_gc_start_bytes: 29196319 kNewNativeDiscountFactor: 2 kOldNativeDiscountFactor: 65536 old_native_bytes: 74915823 new_native_bytes: 10791568 add_bytes_allowed: 36311049 is_gc_concurrent: 1 target_footprint_: 29720607 GetBytesAllocated: 18505972 HeapGrowthMultiplier: 3
12-20 11:21:12.461  3332  3821 I com.miui.home: CheckGCForNative gc_urgency 0.504793 current_native_bytes is 85707391
12-20 11:21:12.507 11269 11269 I wm_on_idle_called: com.tencent.mobileqq.activity.LoginActivity
12-20 11:21:12.638  3332  3821 I com.miui.home: CheckGCForNative adj_start_bytes: 47351843 NativeAllocationGcWatermark: 12103683 java_gc_start_bytes: 29196319 kNewNativeDiscountFactor: 2 kOldNativeDiscountFactor: 65536 old_native_bytes: 74915823 new_native_bytes: 10804208 add_bytes_allowed: 36311049 is_gc_concurrent: 1 target_footprint_: 29720607 GetBytesAllocated: 18603431 HeapGrowthMultiplier: 3
12-20 11:21:12.638  3332  3821 I com.miui.home: CheckGCForNative gc_urgency 0.506985 current_native_bytes is 85720031
12-20 11:21:13.649  3332  3332 I wm_on_resume_called: [0,255478217,com.miui.home.launcher.Launcher,RESUME_ACTIVITY,21]
12-20 11:21:13.734  3332  3784 I com.miui.home: CheckGCForNative adj_start_bytes: 47351843 NativeAllocationGcWatermark: 12103683 java_gc_start_bytes: 29196319 kNewNativeDiscountFactor: 2 kOldNativeDiscountFactor: 65536 old_native_bytes: 74915823 new_native_bytes: 10676864 add_bytes_allowed: 36311049 is_gc_concurrent: 1 target_footprint_: 29720607 GetBytesAllocated: 20092915 HeapGrowthMultiplier: 3
12-20 11:21:13.734  3332  3784 I com.miui.home: CheckGCForNative gc_urgency 0.537096 current_native_bytes is 85592687
12-20 11:21:13.775  3332  3332 I wm_on_idle_called: com.miui.home.launcher.Launcher
12-20 11:21:13.994  3332  3821 I com.miui.home: CheckGCForNative adj_start_bytes: 47351843 NativeAllocationGcWatermark: 12103683 java_gc_start_bytes: 29196319 kNewNativeDiscountFactor: 2 kOldNativeDiscountFactor: 65536 old_native_bytes: 74915823 new_native_bytes: 10858460 add_bytes_allowed: 36311049 is_gc_concurrent: 1 target_footprint_: 29720607 GetBytesAllocated: 21353008 HeapGrowthMultiplier: 3
12-20 11:21:13.994  3332  3821 I com.miui.home: CheckGCForNative gc_urgency 0.565625 current_native_bytes is 85774283
12-20 11:21:14.005  3332  3821 I com.miui.home: CheckGCForNative adj_start_bytes: 47351843 NativeAllocationGcWatermark: 12103683 java_gc_start_bytes: 29196319 kNewNativeDiscountFactor: 2 kOldNativeDiscountFactor: 65536 old_native_bytes: 74915823 new_native_bytes: 10861532 add_bytes_allowed: 36311049 is_gc_concurrent: 1 target_footprint_: 29720607 GetBytesAllocated: 21392840 HeapGrowthMultiplier: 3
12-20 11:21:14.005  3332  3821 I com.miui.home: CheckGCForNative gc_urgency 0.566498 current_native_bytes is 85777355
12-20 11:21:14.125  3332  3332 I wm_on_top_resumed_gained_called: [255478217,com.miui.home.launcher.Launcher,topStateChangedWhenResumed]
12-20 11:21:14.261  3332  3821 I com.miui.home: CheckGCForNative adj_start_bytes: 47351843 NativeAllocationGcWatermark: 12103683 java_gc_start_bytes: 29196319 kNewNativeDiscountFactor: 2 kOldNativeDiscountFactor: 65536 old_native_bytes: 74915823 new_native_bytes: 10878780 add_bytes_allowed: 36311049 is_gc_concurrent: 1 target_footprint_: 29720607 GetBytesAllocated: 21968058 HeapGrowthMultiplier: 3
12-20 11:21:14.261  3332  3821 I com.miui.home: CheckGCForNative gc_urgency 0.578828 current_native_bytes is 85794603
12-20 11:21:14.449  3332  3366 I com.miui.home: CheckGCForNative adj_start_bytes: 47351843 NativeAllocationGcWatermark: 12103683 java_gc_start_bytes: 29196319 kNewNativeDiscountFactor: 2 kOldNativeDiscountFactor: 65536 old_native_bytes: 74915823 new_native_bytes: 21507396 add_bytes_allowed: 36311049 is_gc_concurrent: 1 target_footprint_: 29720607 GetBytesAllocated: 22580742 HeapGrowthMultiplier: 3
12-20 11:21:14.449  3332  3366 I com.miui.home: CheckGCForNative gc_urgency 0.703998 current_native_bytes is 96423219
12-20 11:21:14.460  3332  3332 I com.miui.home: CheckGCForNative adj_start_bytes: 47351843 NativeAllocationGcWatermark: 12103683 java_gc_start_bytes: 29196319 kNewNativeDiscountFactor: 2 kOldNativeDiscountFactor: 65536 old_native_bytes: 74915823 new_native_bytes: 32217828 add_bytes_allowed: 36311049 is_gc_concurrent: 1 target_footprint_: 29720607 GetBytesAllocated: 22593315 HeapGrowthMultiplier: 3
12-20 11:21:14.460  3332  3332 I com.miui.home: CheckGCForNative gc_urgency 0.817357 current_native_bytes is 107133651
12-20 11:21:14.460  3332  3332 I cccccc  : getTaskThumbnailInfo: 2460 1.0  10705920
12-20 11:21:14.538 11826 11826 I wm_on_application_create_called: [0,com.dragon.read,1433]
12-20 11:21:14.781  3332  3332 I wm_on_top_resumed_lost_called: [255478217,com.miui.home.launcher.Launcher,topStateChangedWhenResumed]
12-20 11:21:14.884  3332  3671 I com.miui.home: CheckGCForNative adj_start_bytes: 47351843 NativeAllocationGcWatermark: 12103683 java_gc_start_bytes: 29196319 kNewNativeDiscountFactor: 2 kOldNativeDiscountFactor: 65536 old_native_bytes: 74915823 new_native_bytes: 21720068 add_bytes_allowed: 36311049 is_gc_concurrent: 1 target_footprint_: 29720607 GetBytesAllocated: 23573224 HeapGrowthMultiplier: 3
12-20 11:21:14.884  3332  3671 I com.miui.home: CheckGCForNative gc_urgency 0.727203 current_native_bytes is 96635891
12-20 11:21:14.899  3332  3332 I wm_on_paused_called: [0,255478217,com.miui.home.launcher.Launcher,performPause,5]
12-20 11:21:15.059  3332  3366 D cccccc  : onTaskStackChangedBackground
12-20 11:21:15.169 11826 11826 I wm_on_create_called: [0,145471237,com.dragon.read.pages.splash.SplashActivity,performCreate,478]
12-20 11:21:15.183  3332  3821 I com.miui.home: CheckGCForNative adj_start_bytes: 47351843 NativeAllocationGcWatermark: 12103683 java_gc_start_bytes: 29196319 kNewNativeDiscountFactor: 2 kOldNativeDiscountFactor: 65536 old_native_bytes: 74915823 new_native_bytes: 21770308 add_bytes_allowed: 36311049 is_gc_concurrent: 1 target_footprint_: 29720607 GetBytesAllocated: 24571039 HeapGrowthMultiplier: 3
12-20 11:21:15.183  3332  3821 I com.miui.home: CheckGCForNative gc_urgency 0.748806 current_native_bytes is 96686131
12-20 11:21:15.283  3332  3821 I com.miui.home: CheckGCForNative adj_start_bytes: 47351843 NativeAllocationGcWatermark: 12103683 java_gc_start_bytes: 29196319 kNewNativeDiscountFactor: 2 kOldNativeDiscountFactor: 65536 old_native_bytes: 74915823 new_native_bytes: 21776676 add_bytes_allowed: 36311049 is_gc_concurrent: 1 target_footprint_: 29720607 GetBytesAllocated: 24687498 HeapGrowthMultiplier: 3
12-20 11:21:15.283  3332  3821 I com.miui.home: CheckGCForNative gc_urgency 0.751333 current_native_bytes is 96692499
12-20 11:21:15.438  3332  3821 I com.miui.home: CheckGCForNative adj_start_bytes: 47351843 NativeAllocationGcWatermark: 12103683 java_gc_start_bytes: 29196319 kNewNativeDiscountFactor: 2 kOldNativeDiscountFactor: 65536 old_native_bytes: 74915823 new_native_bytes: 21784932 add_bytes_allowed: 36311049 is_gc_concurrent: 1 target_footprint_: 29720607 GetBytesAllocated: 25106455 HeapGrowthMultiplier: 3
12-20 11:21:15.438  3332  3821 I com.miui.home: CheckGCForNative gc_urgency 0.760267 current_native_bytes is 96700755
12-20 11:21:16.268 12232 12232 I wm_on_application_create_called: [0,com.taobao.taobao,347]
12-20 11:21:16.353 12232 12232 I wm_on_create_called: [0,227109813,com.taobao.tao.welcome.Welcome,performCreate,63]
12-20 11:21:16.419 12232 12232 I wm_on_start_called: [0,227109813,com.taobao.tao.welcome.Welcome,handleStartActivity,66]
12-20 11:21:16.507 12232 12232 I wm_on_resume_called: [0,227109813,com.taobao.tao.welcome.Welcome,RESUME_ACTIVITY,76]
12-20 11:21:16.563 12232 12232 I wm_on_top_resumed_gained_called: [227109813,com.taobao.tao.welcome.Welcome,topStateChangedWhenResumed]
12-20 11:21:16.766  3332  3820 I com.miui.home: CheckGCForNative adj_start_bytes: 47351843 NativeAllocationGcWatermark: 12103683 java_gc_start_bytes: 29196319 kNewNativeDiscountFactor: 2 kOldNativeDiscountFactor: 65536 old_native_bytes: 74915823 new_native_bytes: 21459180 add_bytes_allowed: 36311049 is_gc_concurrent: 1 target_footprint_: 29720607 GetBytesAllocated: 26456299 HeapGrowthMultiplier: 3
12-20 11:21:16.766  3332  3820 I com.miui.home: CheckGCForNative gc_urgency 0.785334 current_native_bytes is 96375003
12-20 11:21:16.819  3332  3332 I wm_on_resume_called: [0,255478217,com.miui.home.launcher.Launcher,RESUME_ACTIVITY,21]
12-20 11:21:16.843  3332  3332 I wm_on_idle_called: com.miui.home.launcher.Launcher
12-20 11:21:16.983  3332  3821 I com.miui.home: CheckGCForNative adj_start_bytes: 47351843 NativeAllocationGcWatermark: 12103683 java_gc_start_bytes: 29196319 kNewNativeDiscountFactor: 2 kOldNativeDiscountFactor: 65536 old_native_bytes: 74915823 new_native_bytes: 21732824 add_bytes_allowed: 36311049 is_gc_concurrent: 1 target_footprint_: 29720607 GetBytesAllocated: 27797816 HeapGrowthMultiplier: 3
12-20 11:21:16.983  3332  3821 I com.miui.home: CheckGCForNative gc_urgency 0.816555 current_native_bytes is 96648647
12-20 11:21:17.049  3332  3821 I com.miui.home: CheckGCForNative adj_start_bytes: 47351843 NativeAllocationGcWatermark: 12103683 java_gc_start_bytes: 29196319 kNewNativeDiscountFactor: 2 kOldNativeDiscountFactor: 65536 old_native_bytes: 74915823 new_native_bytes: 21740440 add_bytes_allowed: 36311049 is_gc_concurrent: 1 target_footprint_: 29720607 GetBytesAllocated: 28144069 HeapGrowthMultiplier: 3
12-20 11:21:17.050  3332  3821 I com.miui.home: CheckGCForNative gc_urgency 0.823947 current_native_bytes is 96656263
12-20 11:21:17.203  3332  3332 I wm_on_top_resumed_gained_called: [255478217,com.miui.home.launcher.Launcher,topStateChangedWhenResumed]
12-20 11:21:17.248  3332  3671 I com.miui.home: CheckGCForNative adj_start_bytes: 47351843 NativeAllocationGcWatermark: 12103683 java_gc_start_bytes: 29196319 kNewNativeDiscountFactor: 2 kOldNativeDiscountFactor: 65536 old_native_bytes: 74915823 new_native_bytes: 21765784 add_bytes_allowed: 36311049 is_gc_concurrent: 1 target_footprint_: 29720607 GetBytesAllocated: 28721485 HeapGrowthMultiplier: 3
12-20 11:21:17.248  3332  3671 I com.miui.home: CheckGCForNative gc_urgency 0.836409 current_native_bytes is 96681607
12-20 11:21:17.452  3332  9130 I com.miui.home: CheckGCForNative adj_start_bytes: 47351843 NativeAllocationGcWatermark: 12103683 java_gc_start_bytes: 29196319 kNewNativeDiscountFactor: 2 kOldNativeDiscountFactor: 65536 old_native_bytes: 74915823 new_native_bytes: 32497176 add_bytes_allowed: 36311049 is_gc_concurrent: 1 target_footprint_: 29720607 GetBytesAllocated: 29311267 HeapGrowthMultiplier: 3
12-20 11:21:17.453  3332  9130 I com.miui.home: CheckGCForNative gc_urgency 0.962181 current_native_bytes is 107412999
12-20 11:21:17.471  3332  3332 I com.miui.home: CheckGCForNative adj_start_bytes: 47351843 NativeAllocationGcWatermark: 12103683 java_gc_start_bytes: 29196319 kNewNativeDiscountFactor: 2 kOldNativeDiscountFactor: 65536 old_native_bytes: 74915823 new_native_bytes: 43207832 add_bytes_allowed: 36311049 is_gc_concurrent: 1 target_footprint_: 29720607 GetBytesAllocated: 29376235 HeapGrowthMultiplier: 3
12-20 11:21:17.471  3332  3332 I com.miui.home: CheckGCForNative gc_urgency 1.07665 current_native_bytes is 118123655
12-20 11:21:17.471  3332  3332 I com.miui.home: CheckGCForNative requested 1
12-20 11:21:17.471  3332  3332 I cccccc  : getTaskThumbnailInfo: 2460 1.0  10705920
12-20 11:21:17.836 12232 12232 I wm_on_top_resumed_lost_called: [227109813,com.taobao.tao.welcome.Welcome,topStateChangedWhenResumed]
12-20 11:21:18.013  3332  3332 I wm_on_top_resumed_lost_called: [255478217,com.miui.home.launcher.Launcher,topStateChangedWhenResumed]
12-20 11:21:18.016  3332  3332 I com.miui.home: CheckGCForNative gc_urgency 0 current_native_bytes is 96249807
12-20 11:21:18.021  3332  3332 I wm_on_paused_called: [0,255478217,com.miui.home.launcher.Launcher,performPause,5]
12-20 11:21:18.031  3332 11282 D cccccc  : onTaskStackChangedBackground
12-20 11:21:18.210  3332  9130 D cccccc  : onTaskStackChangedBackground
12-20 11:21:18.372  3332  3821 I com.miui.home: CheckGCForNative adj_start_bytes: 47539085 NativeAllocationGcWatermark: 12103683 java_gc_start_bytes: 29383561 kNewNativeDiscountFactor: 2 kOldNativeDiscountFactor: 65536 old_native_bytes: 96249807 new_native_bytes: 99632 add_bytes_allowed: 36311049 is_gc_concurrent: 1 target_footprint_: 29720607 GetBytesAllocated: 16415184 HeapGrowthMultiplier: 3
12-20 11:21:18.372  3332  3821 I com.miui.home: CheckGCForNative gc_urgency 0.346377 current_native_bytes is 96349439
12-20 11:21:18.583  3332  3821 I com.miui.home: CheckGCForNative adj_start_bytes: 47539085 NativeAllocationGcWatermark: 12103683 java_gc_start_bytes: 29383561 kNewNativeDiscountFactor: 2 kOldNativeDiscountFactor: 65536 old_native_bytes: 96249807 new_native_bytes: 94448 add_bytes_allowed: 36311049 is_gc_concurrent: 1 target_footprint_: 29720607 GetBytesAllocated: 16957837 HeapGrowthMultiplier: 3
12-20 11:21:18.583  3332  3821 I com.miui.home: CheckGCForNative gc_urgency 0.357738 current_native_bytes is 96344255
12-20 11:21:18.616  3332  3821 I com.miui.home: CheckGCForNative adj_start_bytes: 47539085 NativeAllocationGcWatermark: 12103683 java_gc_start_bytes: 29383561 kNewNativeDiscountFactor: 2 kOldNativeDiscountFactor: 65536 old_native_bytes: 96249807 new_native_bytes: 97136 add_bytes_allowed: 36311049 is_gc_concurrent: 1 target_footprint_: 29720607 GetBytesAllocated: 17031013 HeapGrowthMultiplier: 3
12-20 11:21:18.616  3332  3821 I com.miui.home: CheckGCForNative gc_urgency 0.359305 current_native_bytes is 96346943
12-20 11:21:18.833  9206  9206 I wm_on_create_called: [0,125232559,com.tencent.mm.ui.LauncherUI,performCreate,573]
12-20 11:21:18.886  9206  9206 I wm_on_start_called: [0,125232559,com.tencent.mm.ui.LauncherUI,handleStartActivity,27]
12-20 11:21:18.953  9206  9206 I wm_on_resume_called: [0,125232559,com.tencent.mm.ui.LauncherUI,RESUME_ACTIVITY,62]
12-20 11:21:18.986  9206  9206 I wm_on_top_resumed_gained_called: [125232559,com.tencent.mm.ui.LauncherUI,topStateChangedWhenResumed]
12-20 11:21:19.001  9206  9206 I wm_on_top_resumed_lost_called: [125232559,com.tencent.mm.ui.LauncherUI,topStateChangedWhenResumed]
12-20 11:21:19.009  9206  9206 I wm_on_paused_called: [0,125232559,com.tencent.mm.ui.LauncherUI,performPause,6]
12-20 11:21:19.074  3332  3332 I wm_on_stop_called: [0,255478217,com.miui.home.launcher.Launcher,STOP_ACTIVITY_ITEM,21]
12-20 11:21:19.141  3332 11282 D cccccc  : onTaskStackChangedBackground
12-20 11:21:19.185  9206  9206 I wm_on_create_called: [0,187935532,com.tencent.mm.plugin.account.ui.WelcomeActivity,performCreate,83]
12-20 11:21:19.191  9206  9206 I wm_on_start_called: [0,187935532,com.tencent.mm.plugin.account.ui.WelcomeActivity,handleStartActivity,5]
12-20 11:21:19.201  9206  9206 I wm_on_resume_called: [0,187935532,com.tencent.mm.plugin.account.ui.WelcomeActivity,RESUME_ACTIVITY,7]
12-20 11:21:19.210  9206  9206 I wm_on_top_resumed_gained_called: [187935532,com.tencent.mm.plugin.account.ui.WelcomeActivity,topStateChangedWhenResumed]
12-20 11:21:19.437  9206  9206 I wm_on_stop_called: [0,125232559,com.tencent.mm.ui.LauncherUI,STOP_ACTIVITY_ITEM,4]
12-20 11:21:19.681  3332  3673 I com.miui.home: CheckGCForNative gc_urgency 0 current_native_bytes is 74530639
12-20 11:21:19.772  9206  9206 I wm_on_top_resumed_lost_called: [187935532,com.tencent.mm.plugin.account.ui.WelcomeActivity,topStateChangedWhenResumed]
12-20 11:21:19.781  3332  3332 I wm_on_restart_called: [0,255478217,com.miui.home.launcher.Launcher,,0]
12-20 11:21:19.785  3332  3332 I wm_on_start_called: [0,255478217,com.miui.home.launcher.Launcher,handleStartActivity,3]
12-20 11:21:19.806  3332  3332 I wm_on_resume_called: [0,255478217,com.miui.home.launcher.Launcher,RESUME_ACTIVITY,20]
12-20 11:21:19.935  3332  3332 I wm_on_top_resumed_gained_called: [255478217,com.miui.home.launcher.Launcher,topStateChangedWhenResumed]
12-20 11:21:19.939  3332  3332 I wm_on_idle_called: com.miui.home.launcher.Launcher
12-20 11:21:20.005  3332  3821 I com.miui.home: CheckGCForNative adj_start_bytes: 45550900 NativeAllocationGcWatermark: 11872719 java_gc_start_bytes: 27741822 kNewNativeDiscountFactor: 2 kOldNativeDiscountFactor: 65536 old_native_bytes: 74530639 new_native_bytes: 351724 add_bytes_allowed: 35618157 is_gc_concurrent: 1 target_footprint_: 27872894 GetBytesAllocated: 15961990 HeapGrowthMultiplier: 3
12-20 11:21:20.005  3332  3821 I com.miui.home: CheckGCForNative gc_urgency 0.354307 current_native_bytes is 74882363
12-20 11:21:20.216  3332  3671 I com.miui.home: CheckGCForNative adj_start_bytes: 45550900 NativeAllocationGcWatermark: 11872719 java_gc_start_bytes: 27741822 kNewNativeDiscountFactor: 2 kOldNativeDiscountFactor: 65536 old_native_bytes: 74530639 new_native_bytes: 391084 add_bytes_allowed: 35618157 is_gc_concurrent: 1 target_footprint_: 27872894 GetBytesAllocated: 16920608 HeapGrowthMultiplier: 3
12-20 11:21:20.216  3332  3671 I com.miui.home: CheckGCForNative gc_urgency 0.375784 current_native_bytes is 74921723
12-20 11:21:20.271  3332  3821 I com.miui.home: CheckGCForNative adj_start_bytes: 45550900 NativeAllocationGcWatermark: 11872719 java_gc_start_bytes: 27741822 kNewNativeDiscountFactor: 2 kOldNativeDiscountFactor: 65536 old_native_bytes: 74530639 new_native_bytes: 397516 add_bytes_allowed: 35618157 is_gc_concurrent: 1 target_footprint_: 27872894 GetBytesAllocated: 17074321 HeapGrowthMultiplier: 3
12-20 11:21:20.271  3332  3821 I com.miui.home: CheckGCForNative gc_urgency 0.379229 current_native_bytes is 74928155
12-20 11:21:20.441  3332  3821 I com.miui.home: CheckGCForNative adj_start_bytes: 45550900 NativeAllocationGcWatermark: 11872719 java_gc_start_bytes: 27741822 kNewNativeDiscountFactor: 2 kOldNativeDiscountFactor: 65536 old_native_bytes: 74530639 new_native_bytes: 412348 add_bytes_allowed: 35618157 is_gc_concurrent: 1 target_footprint_: 27872894 GetBytesAllocated: 17640513 HeapGrowthMultiplier: 3
12-20 11:21:20.441  3332  3821 I com.miui.home: CheckGCForNative gc_urgency 0.391822 current_native_bytes is 74942987
12-20 11:21:20.481  9206  9206 I wm_on_paused_called: [0,187935532,com.tencent.mm.plugin.account.ui.WelcomeActivity,performPause,8]
12-20 11:21:20.484  3332  9130 I com.miui.home: CheckGCForNative adj_start_bytes: 45550900 NativeAllocationGcWatermark: 11872719 java_gc_start_bytes: 27741822 kNewNativeDiscountFactor: 2 kOldNativeDiscountFactor: 65536 old_native_bytes: 74530639 new_native_bytes: 11049660 add_bytes_allowed: 35618157 is_gc_concurrent: 1 target_footprint_: 27872894 GetBytesAllocated: 17813330 HeapGrowthMultiplier: 3
12-20 11:21:20.484  3332  9130 I com.miui.home: CheckGCForNative gc_urgency 0.512378 current_native_bytes is 85580299
12-20 11:21:20.485  3332  3332 I com.miui.home: CheckGCForNative adj_start_bytes: 45550900 NativeAllocationGcWatermark: 11872719 java_gc_start_bytes: 27741822 kNewNativeDiscountFactor: 2 kOldNativeDiscountFactor: 65536 old_native_bytes: 74530639 new_native_bytes: 21756636 add_bytes_allowed: 35618157 is_gc_concurrent: 1 target_footprint_: 27872894 GetBytesAllocated: 17832041 HeapGrowthMultiplier: 3
12-20 11:21:20.485  3332  3332 I com.miui.home: CheckGCForNative gc_urgency 0.630317 current_native_bytes is 96287275
12-20 11:21:20.486  3332  3332 I cccccc  : getTaskThumbnailInfo: 2460 1.0  10705920
12-20 11:21:20.549  9206  9206 I wm_on_stop_called: [0,187935532,com.tencent.mm.plugin.account.ui.WelcomeActivity,STOP_ACTIVITY_ITEM,14]
12-20 11:21:20.553  9206  9206 I wm_on_idle_called: com.tencent.mm.ui.LauncherUI
12-20 11:21:20.554  9206  9206 I wm_on_idle_called: com.tencent.mm.plugin.account.ui.WelcomeActivity
12-20 11:21:20.591  3332 11282 D cccccc  : onTaskStackChangedBackground
12-20 11:21:21.135  3332  3332 I wm_on_top_resumed_lost_called: [255478217,com.miui.home.launcher.Launcher,topStateChangedWhenResumed]
12-20 11:21:21.143  3332  3332 I wm_on_paused_called: [0,255478217,com.miui.home.launcher.Launcher,performPause,5]
12-20 11:21:21.274  3332 11282 I com.miui.home: CheckGCForNative adj_start_bytes: 45550900 NativeAllocationGcWatermark: 11872719 java_gc_start_bytes: 27741822 kNewNativeDiscountFactor: 2 kOldNativeDiscountFactor: 65536 old_native_bytes: 74530639 new_native_bytes: 11269780 add_bytes_allowed: 35618157 is_gc_concurrent: 1 target_footprint_: 27872894 GetBytesAllocated: 19506026 HeapGrowthMultiplier: 3
12-20 11:21:21.274  3332 11282 I com.miui.home: CheckGCForNative gc_urgency 0.551955 current_native_bytes is 85800419
12-20 11:21:21.314  3332  9130 D cccccc  : onTaskStackChangedBackground
12-20 11:21:21.484  3332  3671 I com.miui.home: CheckGCForNative adj_start_bytes: 45550900 NativeAllocationGcWatermark: 11872719 java_gc_start_bytes: 27741822 kNewNativeDiscountFactor: 2 kOldNativeDiscountFactor: 65536 old_native_bytes: 74530639 new_native_bytes: 11521460 add_bytes_allowed: 35618157 is_gc_concurrent: 1 target_footprint_: 27872894 GetBytesAllocated: 20215358 HeapGrowthMultiplier: 3
12-20 11:21:21.484  3332  3671 I com.miui.home: CheckGCForNative gc_urgency 0.57029 current_native_bytes is 86052099
12-20 11:21:21.694  3332  3821 I com.miui.home: CheckGCForNative adj_start_bytes: 45550900 NativeAllocationGcWatermark: 11872719 java_gc_start_bytes: 27741822 kNewNativeDiscountFactor: 2 kOldNativeDiscountFactor: 65536 old_native_bytes: 74530639 new_native_bytes: 11508316 add_bytes_allowed: 35618157 is_gc_concurrent: 1 target_footprint_: 27872894 GetBytesAllocated: 20779642 HeapGrowthMultiplier: 3
12-20 11:21:21.694  3332  3821 I com.miui.home: CheckGCForNative gc_urgency 0.582534 current_native_bytes is 86038955
12-20 11:21:21.727  3332  3821 I com.miui.home: CheckGCForNative adj_start_bytes: 45550900 NativeAllocationGcWatermark: 11872719 java_gc_start_bytes: 27741822 kNewNativeDiscountFactor: 2 kOldNativeDiscountFactor: 65536 old_native_bytes: 74530639 new_native_bytes: 11509116 add_bytes_allowed: 35618157 is_gc_concurrent: 1 target_footprint_: 27872894 GetBytesAllocated: 20863013 HeapGrowthMultiplier: 3
12-20 11:21:21.727  3332  3821 I com.miui.home: CheckGCForNative gc_urgency 0.584373 current_native_bytes is 86039755
12-20 11:21:22.033 12875 12875 I wm_on_application_create_called: [0,com.sina.weibo,238]
12-20 11:21:22.187 12875 12875 I wm_on_create_called: [0,142764648,com.sina.weibo.SplashActivity,performCreate,109]
12-20 11:21:22.263 12875 12875 I wm_on_start_called: [0,142764648,com.sina.weibo.SplashActivity,handleStartActivity,75]
12-20 11:21:22.288 12875 12875 I wm_on_resume_called: [0,142764648,com.sina.weibo.SplashActivity,RESUME_ACTIVITY,13]
12-20 11:21:22.333 12875 12875 I wm_on_top_resumed_gained_called: [142764648,com.sina.weibo.SplashActivity,topStateChangedWhenResumed]
12-20 11:21:22.637  3332  3332 I wm_on_stop_called: [0,255478217,com.miui.home.launcher.Launcher,STOP_ACTIVITY_ITEM,15]
12-20 11:21:22.913  3332  3332 I wm_on_restart_called: [0,255478217,com.miui.home.launcher.Launcher,,0]
12-20 11:21:22.927  3332  3332 I wm_on_start_called: [0,255478217,com.miui.home.launcher.Launcher,handleStartActivity,13]
12-20 11:21:23.036  3332  3332 I wm_on_resume_called: [0,255478217,com.miui.home.launcher.Launcher,RESUME_ACTIVITY,101]
12-20 11:21:23.050  3332  3673 I com.miui.home: CheckGCForNative gc_urgency 0 current_native_bytes is 74870995
12-20 11:21:23.105 12875 12875 I wm_on_top_resumed_lost_called: [142764648,com.sina.weibo.SplashActivity,topStateChangedWhenResumed]
12-20 11:21:23.182  3332  3332 I wm_on_top_resumed_gained_called: [255478217,com.miui.home.launcher.Launcher,topStateChangedWhenResumed]
12-20 11:21:23.183  3332  3332 I wm_on_idle_called: com.miui.home.launcher.Launcher
12-20 11:21:23.470 12875 12875 I wm_on_paused_called: [0,142764648,com.sina.weibo.SplashActivity,performPause,7]
12-20 11:21:23.505  3332  3821 I com.miui.home: CheckGCForNative adj_start_bytes: 47117472 NativeAllocationGcWatermark: 12079013 java_gc_start_bytes: 28998953 kNewNativeDiscountFactor: 2 kOldNativeDiscountFactor: 65536 old_native_bytes: 74870995 new_native_bytes: 201636 add_bytes_allowed: 36237039 is_gc_concurrent: 1 target_footprint_: 29523241 GetBytesAllocated: 15966400 HeapGrowthMultiplier: 3
12-20 11:21:23.505  3332  3821 I com.miui.home: CheckGCForNative gc_urgency 0.341028 current_native_bytes is 75072631
12-20 11:21:23.616  3332  3366 D cccccc  : onTaskStackChangedBackground
12-20 11:21:23.677 12995 12995 I wm_on_application_create_called: [0,com.sina.weibo,1235]
12-20 11:21:23.750  3332  3821 I com.miui.home: CheckGCForNative adj_start_bytes: 47117472 NativeAllocationGcWatermark: 12079013 java_gc_start_bytes: 28998953 kNewNativeDiscountFactor: 2 kOldNativeDiscountFactor: 65536 old_native_bytes: 74870995 new_native_bytes: 285272 add_bytes_allowed: 36237039 is_gc_concurrent: 1 target_footprint_: 29523241 GetBytesAllocated: 16297850 HeapGrowthMultiplier: 3
12-20 11:21:23.750  3332  3821 I com.miui.home: CheckGCForNative gc_urgency 0.34895 current_native_bytes is 75156267
12-20 11:21:23.847  3332  3673 I com.miui.home: CheckGCForNative adj_start_bytes: 47117472 NativeAllocationGcWatermark: 12079013 java_gc_start_bytes: 28998953 kNewNativeDiscountFactor: 2 kOldNativeDiscountFactor: 65536 old_native_bytes: 74870995 new_native_bytes: 242808 add_bytes_allowed: 36237039 is_gc_concurrent: 1 target_footprint_: 29523241 GetBytesAllocated: 17044179 HeapGrowthMultiplier: 3
12-20 11:21:23.847  3332  3673 I com.miui.home: CheckGCForNative gc_urgency 0.364339 current_native_bytes is 75113803
12-20 11:21:23.869  3332 11282 I com.miui.home: CheckGCForNative adj_start_bytes: 47117472 NativeAllocationGcWatermark: 12079013 java_gc_start_bytes: 28998953 kNewNativeDiscountFactor: 2 kOldNativeDiscountFactor: 65536 old_native_bytes: 74870995 new_native_bytes: 10949816 add_bytes_allowed: 36237039 is_gc_concurrent: 1 target_footprint_: 29523241 GetBytesAllocated: 17067837 HeapGrowthMultiplier: 3
12-20 11:21:23.869  3332 11282 I com.miui.home: CheckGCForNative gc_urgency 0.478461 current_native_bytes is 85820811
12-20 11:21:23.870  3332  3332 I com.miui.home: CheckGCForNative adj_start_bytes: 47117472 NativeAllocationGcWatermark: 12079013 java_gc_start_bytes: 28998953 kNewNativeDiscountFactor: 2 kOldNativeDiscountFactor: 65536 old_native_bytes: 74870995 new_native_bytes: 21657016 add_bytes_allowed: 36237039 is_gc_concurrent: 1 target_footprint_: 29523241 GetBytesAllocated: 17075392 HeapGrowthMultiplier: 3
12-20 11:21:23.870  3332  3332 I com.miui.home: CheckGCForNative gc_urgency 0.592244 current_native_bytes is 96528011
12-20 11:21:23.870  3332  3332 I cccccc  : getTaskThumbnailInfo: 2460 1.0  10705920
12-20 11:21:23.901 12875 12875 I wm_on_create_called: [0,174901573,com.sina.weibo.VisitorMainTabActivity,performCreate,395]
12-20 11:21:23.917 12875 12875 I wm_on_start_called: [0,174901573,com.sina.weibo.VisitorMainTabActivity,handleStartActivity,13]
12-20 11:21:24.159 12875 12875 I wm_on_create_called: [0,0,com.sina.weibo.feed.visitor.VisitorHomeActivity,performCreate,145]
12-20 11:21:24.162 12875 12875 I wm_on_start_called: [0,0,com.sina.weibo.feed.visitor.VisitorHomeActivity,handleStartActivity,2]
12-20 11:21:24.208 12875 12875 I wm_on_resume_called: [0,0,com.sina.weibo.feed.visitor.VisitorHomeActivity,moveToState-INITIALIZING,44]
12-20 11:21:24.237 12875 12875 I wm_on_resume_called: [0,174901573,com.sina.weibo.VisitorMainTabActivity,RESUME_ACTIVITY,317]
12-20 11:21:24.269 12875 12875 I wm_on_stop_called: [0,142764648,com.sina.weibo.SplashActivity,LIFECYCLER_STOP_ACTIVITY,1]
12-20 11:21:24.301 12875 12875 I wm_on_destroy_called: [0,142764648,com.sina.weibo.SplashActivity,performDestroy,31]
12-20 11:21:24.451 12875 12875 I wm_on_paused_called: [0,0,com.sina.weibo.feed.visitor.VisitorHomeActivity,performPause,20]
12-20 11:21:24.459 12875 12875 I wm_on_paused_called: [0,174901573,com.sina.weibo.VisitorMainTabActivity,performPause,50]
12-20 11:21:24.477  3332 11282 D cccccc  : onTaskStackChangedBackground
12-20 11:21:24.484  3332  3784 I com.miui.home: CheckGCForNative adj_start_bytes: 47117472 NativeAllocationGcWatermark: 12079013 java_gc_start_bytes: 28998953 kNewNativeDiscountFactor: 2 kOldNativeDiscountFactor: 65536 old_native_bytes: 74870995 new_native_bytes: 11348848 add_bytes_allowed: 36237039 is_gc_concurrent: 1 target_footprint_: 29523241 GetBytesAllocated: 18936847 HeapGrowthMultiplier: 3
12-20 11:21:24.484  3332  3784 I com.miui.home: CheckGCForNative gc_urgency 0.522363 current_native_bytes is 86219843
12-20 11:21:24.535  3332  3332 I wm_on_top_resumed_lost_called: [255478217,com.miui.home.launcher.Launcher,topStateChangedWhenResumed]
12-20 11:21:24.542  3332  3332 I wm_on_paused_called: [0,255478217,com.miui.home.launcher.Launcher,performPause,4]
12-20 11:21:24.739  3332  3396 D cccccc  : onTaskStackChangedBackground
12-20 11:21:24.786  3332  3671 I com.miui.home: CheckGCForNative adj_start_bytes: 47117472 NativeAllocationGcWatermark: 12079013 java_gc_start_bytes: 28998953 kNewNativeDiscountFactor: 2 kOldNativeDiscountFactor: 65536 old_native_bytes: 74870995 new_native_bytes: 11958264 add_bytes_allowed: 36237039 is_gc_concurrent: 1 target_footprint_: 29523241 GetBytesAllocated: 20095830 HeapGrowthMultiplier: 3
12-20 11:21:24.786  3332  3671 I com.miui.home: CheckGCForNative gc_urgency 0.553427 current_native_bytes is 86829259
12-20 11:21:24.909 12875 12875 I wm_on_stop_called: [0,0,com.sina.weibo.feed.visitor.VisitorHomeActivity,moveToState-STARTED,70]
12-20 11:21:24.909 12875 12875 I wm_on_stop_called: [0,174901573,com.sina.weibo.VisitorMainTabActivity,STOP_ACTIVITY_ITEM,74]
12-20 11:21:25.061  3332  3821 I com.miui.home: CheckGCForNative adj_start_bytes: 47117472 NativeAllocationGcWatermark: 12079013 java_gc_start_bytes: 28998953 kNewNativeDiscountFactor: 2 kOldNativeDiscountFactor: 65536 old_native_bytes: 74870995 new_native_bytes: 11955216 add_bytes_allowed: 36237039 is_gc_concurrent: 1 target_footprint_: 29523241 GetBytesAllocated: 20599751 HeapGrowthMultiplier: 3
12-20 11:21:25.061  3332  3821 I com.miui.home: CheckGCForNative gc_urgency 0.56409 current_native_bytes is 86826211
12-20 11:21:25.530 13260 13260 I wm_on_application_create_called: [0,com.tencent.mobileqq,628]
12-20 11:21:25.622 13297 13297 I wm_on_application_create_called: [0,com.UCMobile,318]
12-20 11:21:26.381 12875 12875 I wm_on_idle_called: com.sina.weibo.VisitorMainTabActivity
12-20 11:21:26.396  3332  3332 I wm_on_stop_called: [0,255478217,com.miui.home.launcher.Launcher,STOP_ACTIVITY_ITEM,9]
12-20 11:21:26.582  3332  3332 I wm_on_restart_called: [0,255478217,com.miui.home.launcher.Launcher,,0]
12-20 11:21:26.584  3332  3332 I com.miui.home: CheckGCForNative adj_start_bytes: 47117472 NativeAllocationGcWatermark: 12079013 java_gc_start_bytes: 28998953 kNewNativeDiscountFactor: 2 kOldNativeDiscountFactor: 65536 old_native_bytes: 74870995 new_native_bytes: 11797020 add_bytes_allowed: 36237039 is_gc_concurrent: 1 target_footprint_: 29523241 GetBytesAllocated: 22120270 HeapGrowthMultiplier: 3
12-20 11:21:26.584  3332  3332 I com.miui.home: CheckGCForNative gc_urgency 0.594682 current_native_bytes is 86668015
12-20 11:21:26.585  3332  3332 I wm_on_start_called: [0,255478217,com.miui.home.launcher.Launcher,handleStartActivity,4]
12-20 11:21:26.608  3332  3332 I wm_on_resume_called: [0,255478217,com.miui.home.launcher.Launcher,RESUME_ACTIVITY,19]
12-20 11:21:26.655  3332  3332 I com.miui.home: CheckGCForNative adj_start_bytes: 47117472 NativeAllocationGcWatermark: 12079013 java_gc_start_bytes: 28998953 kNewNativeDiscountFactor: 2 kOldNativeDiscountFactor: 65536 old_native_bytes: 74870995 new_native_bytes: 11833904 add_bytes_allowed: 36237039 is_gc_concurrent: 1 target_footprint_: 29523241 GetBytesAllocated: 22670859 HeapGrowthMultiplier: 3
12-20 11:21:26.655  3332  3332 I com.miui.home: CheckGCForNative gc_urgency 0.606759 current_native_bytes is 86704899
12-20 11:21:26.734  3332  3332 I wm_on_idle_called: com.miui.home.launcher.Launcher
12-20 11:21:27.048 13297 13297 I wm_on_create_called: [0,200310090,com.UCMobile.main.UCMobile,performCreate,1373]
12-20 11:21:27.061  3332  3821 I com.miui.home: CheckGCForNative adj_start_bytes: 47117472 NativeAllocationGcWatermark: 12079013 java_gc_start_bytes: 28998953 kNewNativeDiscountFactor: 2 kOldNativeDiscountFactor: 65536 old_native_bytes: 74870995 new_native_bytes: 12029588 add_bytes_allowed: 36237039 is_gc_concurrent: 1 target_footprint_: 29523241 GetBytesAllocated: 23554257 HeapGrowthMultiplier: 3
12-20 11:21:27.061  3332  3821 I com.miui.home: CheckGCForNative gc_urgency 0.627584 current_native_bytes is 86900583
12-20 11:21:27.067  3332  3332 I wm_on_top_resumed_gained_called: [255478217,com.miui.home.launcher.Launcher,topStateChangedWhenResumed]
12-20 11:21:27.339  3332  3821 I com.miui.home: CheckGCForNative gc_urgency 0 current_native_bytes is 75782691
12-20 11:21:27.551  3332  3395 I com.miui.home: CheckGCForNative adj_start_bytes: 50919671 NativeAllocationGcWatermark: 12479244 java_gc_start_bytes: 32200805 kNewNativeDiscountFactor: 2 kOldNativeDiscountFactor: 65536 old_native_bytes: 75782691 new_native_bytes: 10664640 add_bytes_allowed: 37437732 is_gc_concurrent: 1 target_footprint_: 32725093 GetBytesAllocated: 17125086 HeapGrowthMultiplier: 3
12-20 11:21:27.551  3332  3395 I com.miui.home: CheckGCForNative gc_urgency 0.441059 current_native_bytes is 86447331
12-20 11:21:27.572  3332  3332 I com.miui.home: CheckGCForNative adj_start_bytes: 50919671 NativeAllocationGcWatermark: 12479244 java_gc_start_bytes: 32200805 kNewNativeDiscountFactor: 2 kOldNativeDiscountFactor: 65536 old_native_bytes: 75782691 new_native_bytes: 21424424 add_bytes_allowed: 37437732 is_gc_concurrent: 1 target_footprint_: 32725093 GetBytesAllocated: 17201565 HeapGrowthMultiplier: 3
12-20 11:21:27.572  3332  3332 I com.miui.home: CheckGCForNative gc_urgency 0.548215 current_native_bytes is 97207115
12-20 11:21:27.572  3332  3332 I cccccc  : getTaskThumbnailInfo: 2460 1.0  10705920
12-20 11:21:27.586  3332 11282 D cccccc  : onTaskStackChangedBackground
12-20 11:21:28.093  3332  3395 D cccccc  : onTaskStackChangedBackground
12-20 11:21:28.215  3332  3332 I wm_on_top_resumed_lost_called: [255478217,com.miui.home.launcher.Launcher,topStateChangedWhenResumed]
12-20 11:21:28.224  3332  3332 I wm_on_paused_called: [0,255478217,com.miui.home.launcher.Launcher,performPause,5]
12-20 11:21:28.225  3332  3332 I com.miui.home: CheckGCForNative adj_start_bytes: 50919671 NativeAllocationGcWatermark: 12479244 java_gc_start_bytes: 32200805 kNewNativeDiscountFactor: 2 kOldNativeDiscountFactor: 65536 old_native_bytes: 75782691 new_native_bytes: 10933600 add_bytes_allowed: 37437732 is_gc_concurrent: 1 target_footprint_: 32725093 GetBytesAllocated: 18265470 HeapGrowthMultiplier: 3
12-20 11:21:28.225  3332  3332 I com.miui.home: CheckGCForNative gc_urgency 0.466095 current_native_bytes is 86716291
12-20 11:21:28.483  3332  9130 I com.miui.home: CheckGCForNative adj_start_bytes: 50919671 NativeAllocationGcWatermark: 12479244 java_gc_start_bytes: 32200805 kNewNativeDiscountFactor: 2 kOldNativeDiscountFactor: 65536 old_native_bytes: 75782691 new_native_bytes: 10988648 add_bytes_allowed: 37437732 is_gc_concurrent: 1 target_footprint_: 32725093 GetBytesAllocated: 19224252 HeapGrowthMultiplier: 3
12-20 11:21:28.483  3332  9130 I com.miui.home: CheckGCForNative gc_urgency 0.485465 current_native_bytes is 86771339
12-20 11:21:28.513  3332  3366 D cccccc  : onTaskStackChangedBackground
12-20 11:21:28.572  3332  3821 I com.miui.home: CheckGCForNative adj_start_bytes: 50919671 NativeAllocationGcWatermark: 12479244 java_gc_start_bytes: 32200805 kNewNativeDiscountFactor: 2 kOldNativeDiscountFactor: 65536 old_native_bytes: 75782691 new_native_bytes: 11256200 add_bytes_allowed: 37437732 is_gc_concurrent: 1 target_footprint_: 32725093 GetBytesAllocated: 19502728 HeapGrowthMultiplier: 3
12-20 11:21:28.572  3332  3821 I com.miui.home: CheckGCForNative gc_urgency 0.493561 current_native_bytes is 87038891
12-20 11:21:28.861  3332  3821 I com.miui.home: CheckGCForNative adj_start_bytes: 50919671 NativeAllocationGcWatermark: 12479244 java_gc_start_bytes: 32200805 kNewNativeDiscountFactor: 2 kOldNativeDiscountFactor: 65536 old_native_bytes: 75782691 new_native_bytes: 11293184 add_bytes_allowed: 37437732 is_gc_concurrent: 1 target_footprint_: 32725093 GetBytesAllocated: 19914076 HeapGrowthMultiplier: 3
12-20 11:21:28.861  3332  3821 I com.miui.home: CheckGCForNative gc_urgency 0.502003 current_native_bytes is 87075875
12-20 11:21:29.503 13297 13297 I wm_on_create_called: [0,99723738,com.uc.browser.InnerUCMobile,performCreate,567]
12-20 11:21:29.539 13297 13297 I wm_on_start_called: [0,99723738,com.uc.browser.InnerUCMobile,handleStartActivity,27]
12-20 11:21:29.598 13297 13297 I wm_on_resume_called: [0,99723738,com.uc.browser.InnerUCMobile,RESUME_ACTIVITY,48]
12-20 11:21:29.652 13802 13802 I wm_on_create_called: [0,148135115,com.tencent.mtt.SplashActivity,performCreate,143]
12-20 11:21:29.695 13802 13802 I wm_on_create_called: [0,42324022,com.tencent.mtt.MainActivity,performCreate,13]
12-20 11:21:29.772  3332 11282 D cccccc  : onTaskStackChangedBackground
12-20 11:21:29.778 13802 13802 I wm_on_start_called: [0,42324022,com.tencent.mtt.MainActivity,handleStartActivity,82]
12-20 11:21:29.913 13297 13297 I wm_on_destroy_called: [0,200310090,com.UCMobile.main.UCMobile,performDestroy,1]
12-20 11:21:29.920 13297 13297 I wm_on_paused_called: [0,99723738,com.uc.browser.InnerUCMobile,performPause,5]
12-20 11:21:30.252  3332  3395 I com.miui.home: CheckGCForNative adj_start_bytes: 50919671 NativeAllocationGcWatermark: 12479244 java_gc_start_bytes: 32200805 kNewNativeDiscountFactor: 2 kOldNativeDiscountFactor: 65536 old_native_bytes: 75782691 new_native_bytes: 11115880 add_bytes_allowed: 37437732 is_gc_concurrent: 1 target_footprint_: 32725093 GetBytesAllocated: 21281855 HeapGrowthMultiplier: 3
12-20 11:21:30.252  3332  3395 I com.miui.home: CheckGCForNative gc_urgency 0.527123 current_native_bytes is 86898571
12-20 11:21:30.288  3332  3332 I wm_on_resume_called: [0,255478217,com.miui.home.launcher.Launcher,RESUME_ACTIVITY,18]
12-20 11:21:30.307  3332  3332 I com.miui.home: CheckGCForNative adj_start_bytes: 50919671 NativeAllocationGcWatermark: 12479244 java_gc_start_bytes: 32200805 kNewNativeDiscountFactor: 2 kOldNativeDiscountFactor: 65536 old_native_bytes: 75782691 new_native_bytes: 11153468 add_bytes_allowed: 37437732 is_gc_concurrent: 1 target_footprint_: 32725093 GetBytesAllocated: 21781687 HeapGrowthMultiplier: 3
12-20 11:21:30.307  3332  3332 I com.miui.home: CheckGCForNative gc_urgency 0.537309 current_native_bytes is 86936159
12-20 11:21:30.314  3332  3332 I wm_on_idle_called: com.miui.home.launcher.Launcher
12-20 11:21:30.360 13297 13297 I wm_on_stop_called: [0,99723738,com.uc.browser.InnerUCMobile,STOP_ACTIVITY_ITEM,176]
12-20 11:21:30.435 13802 13802 I wm_on_resume_called: [0,42324022,com.tencent.mtt.MainActivity,RESUME_ACTIVITY,653]
12-20 11:21:30.575 13752 13752 I wm_on_application_create_called: [0,com.sina.weibo,1437]
12-20 11:21:30.605  3332  3821 I com.miui.home: CheckGCForNative adj_start_bytes: 50919671 NativeAllocationGcWatermark: 12479244 java_gc_start_bytes: 32200805 kNewNativeDiscountFactor: 2 kOldNativeDiscountFactor: 65536 old_native_bytes: 75782691 new_native_bytes: 11301360 add_bytes_allowed: 37437732 is_gc_concurrent: 1 target_footprint_: 32725093 GetBytesAllocated: 22496074 HeapGrowthMultiplier: 3
12-20 11:21:30.605  3332  3821 I com.miui.home: CheckGCForNative gc_urgency 0.55279 current_native_bytes is 87084051
12-20 11:21:30.660  3332  3332 I wm_on_top_resumed_gained_called: [255478217,com.miui.home.launcher.Launcher,topStateChangedWhenResumed]
12-20 11:21:30.752 13802 13802 I wm_on_top_resumed_gained_called: [42324022,com.tencent.mtt.MainActivity,topStateChangedWhenResumed]
12-20 11:21:30.836  3332  3821 I com.miui.home: CheckGCForNative adj_start_bytes: 50919671 NativeAllocationGcWatermark: 12479244 java_gc_start_bytes: 32200805 kNewNativeDiscountFactor: 2 kOldNativeDiscountFactor: 65536 old_native_bytes: 75782691 new_native_bytes: 11377368 add_bytes_allowed: 37437732 is_gc_concurrent: 1 target_footprint_: 32725093 GetBytesAllocated: 22792900 HeapGrowthMultiplier: 3
12-20 11:21:30.836  3332  3821 I com.miui.home: CheckGCForNative gc_urgency 0.559366 current_native_bytes is 87160059
12-20 11:21:30.894  3332  3821 I com.miui.home: CheckGCForNative adj_start_bytes: 50919671 NativeAllocationGcWatermark: 12479244 java_gc_start_bytes: 32200805 kNewNativeDiscountFactor: 2 kOldNativeDiscountFactor: 65536 old_native_bytes: 75782691 new_native_bytes: 11376344 add_bytes_allowed: 37437732 is_gc_concurrent: 1 target_footprint_: 32725093 GetBytesAllocated: 22918222 HeapGrowthMultiplier: 3
12-20 11:21:30.894  3332  3821 I com.miui.home: CheckGCForNative gc_urgency 0.561817 current_native_bytes is 87159035
12-20 11:21:31.103  3332  4142 I com.miui.home: CheckGCForNative adj_start_bytes: 50919671 NativeAllocationGcWatermark: 12479244 java_gc_start_bytes: 32200805 kNewNativeDiscountFactor: 2 kOldNativeDiscountFactor: 65536 old_native_bytes: 75782691 new_native_bytes: 22040840 add_bytes_allowed: 37437732 is_gc_concurrent: 1 target_footprint_: 32725093 GetBytesAllocated: 23462253 HeapGrowthMultiplier: 3
12-20 11:21:31.104  3332  4142 I com.miui.home: CheckGCForNative gc_urgency 0.67722 current_native_bytes is 97823531
12-20 11:21:31.105  3332  3332 I com.miui.home: CheckGCForNative adj_start_bytes: 50919671 NativeAllocationGcWatermark: 12479244 java_gc_start_bytes: 32200805 kNewNativeDiscountFactor: 2 kOldNativeDiscountFactor: 65536 old_native_bytes: 75782691 new_native_bytes: 32748104 add_bytes_allowed: 37437732 is_gc_concurrent: 1 target_footprint_: 32725093 GetBytesAllocated: 23473192 HeapGrowthMultiplier: 3
12-20 11:21:31.105  3332  3332 I com.miui.home: CheckGCForNative gc_urgency 0.782574 current_native_bytes is 108530795
12-20 11:21:31.105  3332  3332 I cccccc  : getTaskThumbnailInfo: 2460 1.0  10705920
12-20 11:21:31.473  3332  3332 I com.miui.home: CheckGCForNative adj_start_bytes: 50919671 NativeAllocationGcWatermark: 12479244 java_gc_start_bytes: 32200805 kNewNativeDiscountFactor: 2 kOldNativeDiscountFactor: 65536 old_native_bytes: 75782691 new_native_bytes: 22233736 add_bytes_allowed: 37437732 is_gc_concurrent: 1 target_footprint_: 32725093 GetBytesAllocated: 24499029 HeapGrowthMultiplier: 3
12-20 11:21:31.473  3332  3332 I com.miui.home: CheckGCForNative gc_urgency 0.699475 current_native_bytes is 98016427
12-20 11:21:31.532  3332  3332 I wm_on_top_resumed_lost_called: [255478217,com.miui.home.launcher.Launcher,topStateChangedWhenResumed]
12-20 11:21:31.588  3332  3332 I wm_on_paused_called: [0,255478217,com.miui.home.launcher.Launcher,performPause,5]
12-20 11:21:31.769  3332  9130 D cccccc  : onTaskStackChangedBackground
12-20 11:21:31.928  3332  3673 I com.miui.home: CheckGCForNative adj_start_bytes: 50919671 NativeAllocationGcWatermark: 12479244 java_gc_start_bytes: 32200805 kNewNativeDiscountFactor: 2 kOldNativeDiscountFactor: 65536 old_native_bytes: 75782691 new_native_bytes: 22531768 add_bytes_allowed: 37437732 is_gc_concurrent: 1 target_footprint_: 32725093 GetBytesAllocated: 25972496 HeapGrowthMultiplier: 3
12-20 11:21:31.929  3332  3673 I com.miui.home: CheckGCForNative gc_urgency 0.731339 current_native_bytes is 98314459
12-20 11:21:32.040 13802 13802 I wm_on_top_resumed_lost_called: [42324022,com.tencent.mtt.MainActivity,topStateChangedWhenResumed]
12-20 11:21:32.205  3332  3821 I com.miui.home: CheckGCForNative adj_start_bytes: 50919671 NativeAllocationGcWatermark: 12479244 java_gc_start_bytes: 32200805 kNewNativeDiscountFactor: 2 kOldNativeDiscountFactor: 65536 old_native_bytes: 75782691 new_native_bytes: 22650880 add_bytes_allowed: 37437732 is_gc_concurrent: 1 target_footprint_: 32725093 GetBytesAllocated: 26450354 HeapGrowthMultiplier: 3
12-20 11:21:32.205  3332  3821 I com.miui.home: CheckGCForNative gc_urgency 0.741893 current_native_bytes is 98433571
12-20 11:21:32.294  3332  3821 I com.miui.home: CheckGCForNative adj_start_bytes: 50919671 NativeAllocationGcWatermark: 12479244 java_gc_start_bytes: 32200805 kNewNativeDiscountFactor: 2 kOldNativeDiscountFactor: 65536 old_native_bytes: 75782691 new_native_bytes: 22661248 add_bytes_allowed: 37437732 is_gc_concurrent: 1 target_footprint_: 32725093 GetBytesAllocated: 26578636 HeapGrowthMultiplier: 3
12-20 11:21:32.294  3332  3821 I com.miui.home: CheckGCForNative gc_urgency 0.744514 current_native_bytes is 98443939
12-20 11:21:33.004 14291 14291 I wm_on_application_create_called: [0,com.youku.phone,599]
12-20 11:21:33.226 14291 14291 I wm_on_create_called: [0,43791480,com.youku.phone.ActivityWelcome,performCreate,112]
12-20 11:21:33.492  3332  3395 D cccccc  : onTaskStackChangedBackground
12-20 11:21:33.552  3332  3673 I com.miui.home: CheckGCForNative adj_start_bytes: 50919671 NativeAllocationGcWatermark: 12479244 java_gc_start_bytes: 32200805 kNewNativeDiscountFactor: 2 kOldNativeDiscountFactor: 65536 old_native_bytes: 75782691 new_native_bytes: 22354432 add_bytes_allowed: 37437732 is_gc_concurrent: 1 target_footprint_: 32725093 GetBytesAllocated: 27083820 HeapGrowthMultiplier: 3
12-20 11:21:33.552  3332  3673 I com.miui.home: CheckGCForNative gc_urgency 0.751423 current_native_bytes is 98137123
