12-21 18:57:53.177  3316  3316 I wm_on_stop_called: [0,152885605,com.miui.home.launcher.Launcher,STOP_ACTIVITY_ITEM,8]
12-21 18:57:53.255  3316  3341 D cccccc  : onTaskStackChangedBackground
12-21 18:57:53.255  3316  4001 D cccccc  : onTaskStackChangedBackground
12-21 18:57:53.267 11944 11944 I wm_on_create_called: [0,127280419,com.tencent.mm.plugin.account.ui.WelcomeActivity,performCreate,47]
12-21 18:57:53.269 11944 11944 I wm_on_start_called: [0,127280419,com.tencent.mm.plugin.account.ui.WelcomeActivity,handleStartActivity,2]
12-21 18:57:53.275 11944 11944 I wm_on_resume_called: [0,127280419,com.tencent.mm.plugin.account.ui.WelcomeActivity,RESUME_ACTIVITY,5]
12-21 18:57:53.288 11944 11944 I wm_on_top_resumed_gained_called: [127280419,com.tencent.mm.plugin.account.ui.WelcomeActivity,topStateChangedWhenResumed]
12-21 18:57:53.457  3316  3590 E cccccc  : createTaskSnapshot:
12-21 18:57:53.457  3316  3590 I cccccc  : getTaskSnapshotInstance:
12-21 18:57:53.591 11944 11944 I wm_on_stop_called: [0,39299622,com.tencent.mm.ui.LauncherUI,STOP_ACTIVITY_ITEM,4]
12-21 18:57:54.139 11944 11944 I wm_on_top_resumed_lost_called: [127280419,com.tencent.mm.plugin.account.ui.WelcomeActivity,topStateChangedWhenResumed]
12-21 18:57:54.145  3316  3316 I wm_on_restart_called: [0,152885605,com.miui.home.launcher.Launcher,,0]
12-21 18:57:54.147  3316  3316 I wm_on_start_called: [0,152885605,com.miui.home.launcher.Launcher,handleStartActivity,1]
12-21 18:57:54.169  3316  3316 I wm_on_resume_called: [0,152885605,com.miui.home.launcher.Launcher,RESUME_ACTIVITY,21]
12-21 18:57:54.271  3316  3316 I wm_on_top_resumed_gained_called: [152885605,com.miui.home.launcher.Launcher,topStateChangedWhenResumed]
12-21 18:57:54.276  3316  3316 I wm_on_idle_called: com.miui.home.launcher.Launcher
12-21 18:57:54.345  3316  3341 I com.miui.home: CheckGCForNative adj_start_bytes: 33194454 NativeAllocationGcWatermark: 10572041 java_gc_start_bytes: 17336393 kNewNativeDiscountFactor: 2 kOldNativeDiscountFactor: 65536 old_native_bytes: 131331319 new_native_bytes: 12299576 add_bytes_allowed: 31716123 is_gc_concurrent: 1 target_footprint_: 17467465 GetBytesAllocated: 13915988 HeapGrowthMultiplier: 3
12-21 18:57:54.345  3316  3341 I com.miui.home: CheckGCForNative gc_urgency 0.604552 current_native_bytes is 143630895
12-21 18:57:54.345  3316  3341 I cccccc  : createTaskSnapshotCompat:
12-21 18:57:54.347  3316  3341 I com.miui.home: CheckGCForNative adj_start_bytes: 33194454 NativeAllocationGcWatermark: 10572041 java_gc_start_bytes: 17336393 kNewNativeDiscountFactor: 2 kOldNativeDiscountFactor: 65536 old_native_bytes: 131331319 new_native_bytes: 23007800 add_bytes_allowed: 31716123 is_gc_concurrent: 1 target_footprint_: 17467465 GetBytesAllocated: 13926825 HeapGrowthMultiplier: 3
12-21 18:57:54.347  3316  3341 I com.miui.home: CheckGCForNative gc_urgency 0.766174 current_native_bytes is 154339119
12-21 18:57:54.437  3316  3563 I com.miui.home: CheckGCForNative adj_start_bytes: 33194454 NativeAllocationGcWatermark: 10572041 java_gc_start_bytes: 17336393 kNewNativeDiscountFactor: 2 kOldNativeDiscountFactor: 65536 old_native_bytes: 131331319 new_native_bytes: 12356648 add_bytes_allowed: 31716123 is_gc_concurrent: 1 target_footprint_: 17467465 GetBytesAllocated: 13978758 HeapGrowthMultiplier: 3
12-21 18:57:54.437  3316  3563 I com.miui.home: CheckGCForNative gc_urgency 0.607303 current_native_bytes is 143687967
12-21 18:57:54.749  3316  3563 I com.miui.home: CheckGCForNative adj_start_bytes: 33194454 NativeAllocationGcWatermark: 10572041 java_gc_start_bytes: 17336393 kNewNativeDiscountFactor: 2 kOldNativeDiscountFactor: 65536 old_native_bytes: 131331319 new_native_bytes: 12382440 add_bytes_allowed: 31716123 is_gc_concurrent: 1 target_footprint_: 17467465 GetBytesAllocated: 14116618 HeapGrowthMultiplier: 3
12-21 18:57:54.749  3316  3563 I com.miui.home: CheckGCForNative gc_urgency 0.611844 current_native_bytes is 143713759
12-21 18:57:54.793  3316  3563 I com.miui.home: CheckGCForNative adj_start_bytes: 33194454 NativeAllocationGcWatermark: 10572041 java_gc_start_bytes: 17336393 kNewNativeDiscountFactor: 2 kOldNativeDiscountFactor: 65536 old_native_bytes: 131331319 new_native_bytes: 12427912 add_bytes_allowed: 31716123 is_gc_concurrent: 1 target_footprint_: 17467465 GetBytesAllocated: 14132735 HeapGrowthMultiplier: 3
12-21 18:57:54.793  3316  3563 I com.miui.home: CheckGCForNative gc_urgency 0.613015 current_native_bytes is 143759231
12-21 18:57:54.826  3316  3562 I com.miui.home: CheckGCForNative adj_start_bytes: 33194454 NativeAllocationGcWatermark: 10572041 java_gc_start_bytes: 17336393 kNewNativeDiscountFactor: 2 kOldNativeDiscountFactor: 65536 old_native_bytes: 131331319 new_native_bytes: 23079880 add_bytes_allowed: 31716123 is_gc_concurrent: 1 target_footprint_: 17467465 GetBytesAllocated: 14154566 HeapGrowthMultiplier: 3
12-21 18:57:54.827  3316  3562 I com.miui.home: CheckGCForNative gc_urgency 0.774121 current_native_bytes is 154411199
12-21 18:57:54.827  3316  3562 I cccccc  : createTaskSnapshotCompat:
12-21 18:57:54.828  3316  3562 I com.miui.home: CheckGCForNative adj_start_bytes: 33194454 NativeAllocationGcWatermark: 10572041 java_gc_start_bytes: 17336393 kNewNativeDiscountFactor: 2 kOldNativeDiscountFactor: 65536 old_native_bytes: 131331319 new_native_bytes: 33786824 add_bytes_allowed: 31716123 is_gc_concurrent: 1 target_footprint_: 17467465 GetBytesAllocated: 14154758 HeapGrowthMultiplier: 3
12-21 18:57:54.828  3316  3562 I com.miui.home: CheckGCForNative gc_urgency 0.935402 current_native_bytes is 165118143
12-21 18:57:54.850 11944 11944 I wm_on_paused_called: [0,127280419,com.tencent.mm.plugin.account.ui.WelcomeActivity,performPause,8]
12-21 18:57:54.904 11944 11944 I wm_on_stop_called: [0,127280419,com.tencent.mm.plugin.account.ui.WelcomeActivity,STOP_ACTIVITY_ITEM,8]
12-21 18:57:54.921 11944 11944 I wm_on_idle_called: com.tencent.mm.ui.LauncherUI
12-21 18:57:54.922 11944 11944 I wm_on_idle_called: com.tencent.mm.plugin.account.ui.WelcomeActivity
12-21 18:57:54.957  3316  3341 D cccccc  : onTaskStackChangedBackground
12-21 18:57:54.971  3316  3341 D cccccc  : onTaskStackChangedBackground
12-21 18:57:55.123  3316  3590 E cccccc  : createTaskSnapshot:
12-21 18:57:55.123  3316  3590 I cccccc  : getTaskSnapshotInstance:
12-21 18:57:55.179  3316  3590 I com.miui.home: CheckGCForNative adj_start_bytes: 33194454 NativeAllocationGcWatermark: 10572041 java_gc_start_bytes: 17336393 kNewNativeDiscountFactor: 2 kOldNativeDiscountFactor: 65536 old_native_bytes: 131331319 new_native_bytes: 33986460 add_bytes_allowed: 31716123 is_gc_concurrent: 1 target_footprint_: 17467465 GetBytesAllocated: 14922090 HeapGrowthMultiplier: 3
12-21 18:57:55.179  3316  3590 I com.miui.home: CheckGCForNative gc_urgency 0.961526 current_native_bytes is 165317779
12-21 18:57:55.191  3316  3316 I wm_on_top_resumed_lost_called: [152885605,com.miui.home.launcher.Launcher,topStateChangedWhenResumed]
12-21 18:57:55.196  3316 11860 D cccccc  : onTaskStackChangedBackground
12-21 18:57:55.198  3316 11860 D cccccc  : onTaskStackChangedBackground
12-21 18:57:55.198  3316  3316 I wm_on_paused_called: [0,152885605,com.miui.home.launcher.Launcher,performPause,2]
12-21 18:57:55.303  3316 11860 D cccccc  : onTaskStackChangedBackground
12-21 18:57:55.305  3316  4001 D cccccc  : onTaskStackChangedBackground
12-21 18:57:55.415  3316  3563 I com.miui.home: CheckGCForNative adj_start_bytes: 33194454 NativeAllocationGcWatermark: 10572041 java_gc_start_bytes: 17336393 kNewNativeDiscountFactor: 2 kOldNativeDiscountFactor: 65536 old_native_bytes: 131331319 new_native_bytes: 23592540 add_bytes_allowed: 31716123 is_gc_concurrent: 1 target_footprint_: 17467465 GetBytesAllocated: 15620499 HeapGrowthMultiplier: 3
12-21 18:57:55.415  3316  3563 I com.miui.home: CheckGCForNative gc_urgency 0.826005 current_native_bytes is 154923859
12-21 18:57:55.532  3316  3590 E cccccc  : createTaskSnapshot:
12-21 18:57:55.532  3316  3590 I cccccc  : getTaskSnapshotInstance:
12-21 18:57:55.626  3316  3563 I com.miui.home: CheckGCForNative adj_start_bytes: 33194454 NativeAllocationGcWatermark: 10572041 java_gc_start_bytes: 17336393 kNewNativeDiscountFactor: 2 kOldNativeDiscountFactor: 65536 old_native_bytes: 131331319 new_native_bytes: 23979180 add_bytes_allowed: 31716123 is_gc_concurrent: 1 target_footprint_: 17467465 GetBytesAllocated: 16509066 HeapGrowthMultiplier: 3
12-21 18:57:55.626  3316  3563 I com.miui.home: CheckGCForNative gc_urgency 0.858597 current_native_bytes is 155310499
12-21 18:57:55.687  3316  3590 E cccccc  : createTaskSnapshot:
12-21 18:57:55.687  3316  3590 I cccccc  : getTaskSnapshotInstance:
12-21 18:57:55.693  3316  3563 I com.miui.home: CheckGCForNative adj_start_bytes: 33194454 NativeAllocationGcWatermark: 10572041 java_gc_start_bytes: 17336393 kNewNativeDiscountFactor: 2 kOldNativeDiscountFactor: 65536 old_native_bytes: 131331319 new_native_bytes: 24106236 add_bytes_allowed: 31716123 is_gc_concurrent: 1 target_footprint_: 17467465 GetBytesAllocated: 16677295 HeapGrowthMultiplier: 3
12-21 18:57:55.693  3316  3563 I com.miui.home: CheckGCForNative gc_urgency 0.865579 current_native_bytes is 155437555
12-21 18:57:55.946 13456 13456 I wm_on_create_called: [0,25893976,com.sina.weibo.SplashActivity,performCreate,97]
12-21 18:57:56.053 13456 13456 I wm_on_start_called: [0,25893976,com.sina.weibo.SplashActivity,handleStartActivity,106]
12-21 18:57:56.066 13456 13456 I wm_on_resume_called: [0,25893976,com.sina.weibo.SplashActivity,RESUME_ACTIVITY,10]
12-21 18:57:56.108 13456 13456 I wm_on_top_resumed_gained_called: [25893976,com.sina.weibo.SplashActivity,topStateChangedWhenResumed]
12-21 18:57:56.304 13456 13456 I wm_on_top_resumed_lost_called: [25893976,com.sina.weibo.SplashActivity,topStateChangedWhenResumed]
12-21 18:57:56.309 13456 13456 I wm_on_paused_called: [0,25893976,com.sina.weibo.SplashActivity,performPause,0]
12-21 18:57:56.380 13548 13548 I wm_on_application_create_called: [0,com.sina.weibo,281]
12-21 18:57:56.429  3316  3340 D cccccc  : onTaskStackChangedBackground
12-21 18:57:56.429  3316  3341 D cccccc  : onTaskStackChangedBackground
12-21 18:57:56.437 13456 13456 I wm_on_create_called: [0,239022050,com.sina.weibo.VisitorMainTabActivity,performCreate,92]
12-21 18:57:56.439 13456 13456 I wm_on_start_called: [0,239022050,com.sina.weibo.VisitorMainTabActivity,handleStartActivity,1]
12-21 18:57:56.526 13456 13456 I wm_on_create_called: [0,0,com.sina.weibo.feed.visitor.VisitorHomeActivity,performCreate,63]
12-21 18:57:56.538 13456 13456 I wm_on_start_called: [0,0,com.sina.weibo.feed.visitor.VisitorHomeActivity,handleStartActivity,12]
12-21 18:57:56.564 13456 13456 I wm_on_resume_called: [0,0,com.sina.weibo.feed.visitor.VisitorHomeActivity,moveToState-INITIALIZING,25]
12-21 18:57:56.573 13456 13456 I wm_on_resume_called: [0,239022050,com.sina.weibo.VisitorMainTabActivity,RESUME_ACTIVITY,134]
12-21 18:57:56.580 13456 13456 I wm_on_top_resumed_gained_called: [239022050,com.sina.weibo.VisitorMainTabActivity,topStateChangedWhenResumed]
12-21 18:57:56.650  3316  3590 E cccccc  : createTaskSnapshot:
12-21 18:57:56.650  3316  3590 I cccccc  : getTaskSnapshotInstance:
12-21 18:57:56.729  3316  3316 I wm_on_stop_called: [0,152885605,com.miui.home.launcher.Launcher,STOP_ACTIVITY_ITEM,8]
12-21 18:57:56.886  3316  3590 I com.miui.home: CheckGCForNative gc_urgency 0 current_native_bytes is 142778771
12-21 18:57:56.989  3316  3590 E cccccc  : createTaskSnapshot:
12-21 18:57:56.989  3316  3590 I cccccc  : getTaskSnapshotInstance:
12-21 18:57:57.076 13456 13456 I wm_on_stop_called: [0,25893976,com.sina.weibo.SplashActivity,LIFECYCLER_STOP_ACTIVITY,1]
12-21 18:57:57.077 13456 13456 I wm_on_destroy_called: [0,25893976,com.sina.weibo.SplashActivity,performDestroy,0]
12-21 18:57:57.156  3316  3316 I wm_on_restart_called: [0,152885605,com.miui.home.launcher.Launcher,,0]
12-21 18:57:57.158  3316  3316 I wm_on_start_called: [0,152885605,com.miui.home.launcher.Launcher,handleStartActivity,2]
12-21 18:57:57.177  3316  3316 I wm_on_resume_called: [0,152885605,com.miui.home.launcher.Launcher,RESUME_ACTIVITY,16]
12-21 18:57:57.290  3316  3316 I wm_on_idle_called: com.miui.home.launcher.Launcher
12-21 18:57:57.355  3316  3341 I com.miui.home: CheckGCForNative adj_start_bytes: 33176765 NativeAllocationGcWatermark: 10572041 java_gc_start_bytes: 17318704 kNewNativeDiscountFactor: 2 kOldNativeDiscountFactor: 65536 old_native_bytes: 142778771 new_native_bytes: 11159320 add_bytes_allowed: 31716123 is_gc_concurrent: 1 target_footprint_: 17467465 GetBytesAllocated: 11468011 HeapGrowthMultiplier: 3
12-21 18:57:57.355  3316  3341 I com.miui.home: CheckGCForNative gc_urgency 0.513909 current_native_bytes is 153938091
12-21 18:57:57.356  3316  3341 I cccccc  : createTaskSnapshotCompat:
12-21 18:57:57.358  3316  3341 I com.miui.home: CheckGCForNative adj_start_bytes: 33176765 NativeAllocationGcWatermark: 10572041 java_gc_start_bytes: 17318704 kNewNativeDiscountFactor: 2 kOldNativeDiscountFactor: 65536 old_native_bytes: 142778771 new_native_bytes: 21866264 add_bytes_allowed: 31716123 is_gc_concurrent: 1 target_footprint_: 17467465 GetBytesAllocated: 11468798 HeapGrowthMultiplier: 3
12-21 18:57:57.358  3316  3341 I com.miui.home: CheckGCForNative gc_urgency 0.675295 current_native_bytes is 164645035
12-21 18:57:57.549  3316  3563 I com.miui.home: CheckGCForNative adj_start_bytes: 33176765 NativeAllocationGcWatermark: 10572041 java_gc_start_bytes: 17318704 kNewNativeDiscountFactor: 2 kOldNativeDiscountFactor: 65536 old_native_bytes: 142778771 new_native_bytes: 11131640 add_bytes_allowed: 31716123 is_gc_concurrent: 1 target_footprint_: 17467465 GetBytesAllocated: 11552694 HeapGrowthMultiplier: 3
12-21 18:57:57.549  3316  3563 I com.miui.home: CheckGCForNative gc_urgency 0.516045 current_native_bytes is 153910411
12-21 18:57:57.583 13456 13456 I wm_on_top_resumed_lost_called: [239022050,com.sina.weibo.VisitorMainTabActivity,topStateChangedWhenResumed]
12-21 18:57:57.584  3316  3316 I wm_on_top_resumed_gained_called: [152885605,com.miui.home.launcher.Launcher,topStateChangedWhenResumed]
12-21 18:57:57.615  3316  3563 I com.miui.home: CheckGCForNative adj_start_bytes: 33176765 NativeAllocationGcWatermark: 10572041 java_gc_start_bytes: 17318704 kNewNativeDiscountFactor: 2 kOldNativeDiscountFactor: 65536 old_native_bytes: 142778771 new_native_bytes: 11139064 add_bytes_allowed: 31716123 is_gc_concurrent: 1 target_footprint_: 17467465 GetBytesAllocated: 11583213 HeapGrowthMultiplier: 3
12-21 18:57:57.615  3316  3563 I com.miui.home: CheckGCForNative gc_urgency 0.517076 current_native_bytes is 153917835
12-21 18:57:57.831  3316  3562 I com.miui.home: CheckGCForNative adj_start_bytes: 33176765 NativeAllocationGcWatermark: 10572041 java_gc_start_bytes: 17318704 kNewNativeDiscountFactor: 2 kOldNativeDiscountFactor: 65536 old_native_bytes: 142778771 new_native_bytes: 21774648 add_bytes_allowed: 31716123 is_gc_concurrent: 1 target_footprint_: 17467465 GetBytesAllocated: 11684493 HeapGrowthMultiplier: 3
12-21 18:57:57.831  3316  3562 I com.miui.home: CheckGCForNative gc_urgency 0.680416 current_native_bytes is 164553419
12-21 18:57:57.832  3316  3562 I cccccc  : createTaskSnapshotCompat:
12-21 18:57:57.835  3316  3562 I com.miui.home: CheckGCForNative adj_start_bytes: 33176765 NativeAllocationGcWatermark: 10572041 java_gc_start_bytes: 17318704 kNewNativeDiscountFactor: 2 kOldNativeDiscountFactor: 65536 old_native_bytes: 142778771 new_native_bytes: 32459576 add_bytes_allowed: 31716123 is_gc_concurrent: 1 target_footprint_: 17467465 GetBytesAllocated: 11688943 HeapGrowthMultiplier: 3
12-21 18:57:57.835  3316  3562 I com.miui.home: CheckGCForNative gc_urgency 0.84158 current_native_bytes is 175238347
12-21 18:57:57.863 13456 13456 I wm_on_paused_called: [0,0,com.sina.weibo.feed.visitor.VisitorHomeActivity,performPause,7]
12-21 18:57:57.863 13456 13456 I wm_on_paused_called: [0,239022050,com.sina.weibo.VisitorMainTabActivity,performPause,10]
12-21 18:57:57.934 13456 13456 I wm_on_stop_called: [0,0,com.sina.weibo.feed.visitor.VisitorHomeActivity,moveToState-STARTED,15]
12-21 18:57:57.934 13456 13456 I wm_on_stop_called: [0,239022050,com.sina.weibo.VisitorMainTabActivity,STOP_ACTIVITY_ITEM,17]
12-21 18:57:57.962 13456 13456 I wm_on_idle_called: com.sina.weibo.VisitorMainTabActivity
12-21 18:57:57.972  3316  3341 D cccccc  : onTaskStackChangedBackground
12-21 18:57:57.973  3316  3992 D cccccc  : onTaskStackChangedBackground
12-21 18:57:58.051  3316  3590 I com.miui.home: CheckGCForNative adj_start_bytes: 33176765 NativeAllocationGcWatermark: 10572041 java_gc_start_bytes: 17318704 kNewNativeDiscountFactor: 2 kOldNativeDiscountFactor: 65536 old_native_bytes: 142778771 new_native_bytes: 21871420 add_bytes_allowed: 31716123 is_gc_concurrent: 1 target_footprint_: 17467465 GetBytesAllocated: 12161744 HeapGrowthMultiplier: 3
12-21 18:57:58.051  3316  3590 I com.miui.home: CheckGCForNative gc_urgency 0.696259 current_native_bytes is 164650191
12-21 18:57:58.081  3316  3590 E cccccc  : createTaskSnapshot:
12-21 18:57:58.081  3316  3590 I cccccc  : getTaskSnapshotInstance:
12-21 18:57:58.083  3316  3590 I com.miui.home: CheckGCForNative adj_start_bytes: 33176765 NativeAllocationGcWatermark: 10572041 java_gc_start_bytes: 17318704 kNewNativeDiscountFactor: 2 kOldNativeDiscountFactor: 65536 old_native_bytes: 142778771 new_native_bytes: 32693372 add_bytes_allowed: 31716123 is_gc_concurrent: 1 target_footprint_: 17467465 GetBytesAllocated: 12330415 HeapGrowthMultiplier: 3
12-21 18:57:58.083  3316  3590 I com.miui.home: CheckGCForNative gc_urgency 0.864439 current_native_bytes is 175472143
12-21 18:57:58.374  3316  3316 I wm_on_top_resumed_lost_called: [152885605,com.miui.home.launcher.Launcher,topStateChangedWhenResumed]
12-21 18:57:58.380  3316  3316 I wm_on_paused_called: [0,152885605,com.miui.home.launcher.Launcher,performPause,2]
12-21 18:57:58.391  3316  4001 D cccccc  : onTaskStackChangedBackground
12-21 18:57:58.395  3316  4001 D cccccc  : onTaskStackChangedBackground
12-21 18:57:58.490  3316  3992 D cccccc  : onTaskStackChangedBackground
12-21 18:57:58.501  3316  4001 D cccccc  : onTaskStackChangedBackground
12-21 18:57:58.693  3316  3563 I com.miui.home: CheckGCForNative adj_start_bytes: 33176765 NativeAllocationGcWatermark: 10572041 java_gc_start_bytes: 17318704 kNewNativeDiscountFactor: 2 kOldNativeDiscountFactor: 65536 old_native_bytes: 142778771 new_native_bytes: 22364676 add_bytes_allowed: 31716123 is_gc_concurrent: 1 target_footprint_: 17467465 GetBytesAllocated: 13474087 HeapGrowthMultiplier: 3
12-21 18:57:58.693  3316  3563 I com.miui.home: CheckGCForNative gc_urgency 0.743249 current_native_bytes is 165143447
12-21 18:57:58.761  3316  3590 E cccccc  : createTaskSnapshot:
12-21 18:57:58.761  3316  3590 I cccccc  : getTaskSnapshotInstance:
12-21 18:57:58.804  3316  3563 I com.miui.home: CheckGCForNative adj_start_bytes: 33176765 NativeAllocationGcWatermark: 10572041 java_gc_start_bytes: 17318704 kNewNativeDiscountFactor: 2 kOldNativeDiscountFactor: 65536 old_native_bytes: 142778771 new_native_bytes: 22457528 add_bytes_allowed: 31716123 is_gc_concurrent: 1 target_footprint_: 17467465 GetBytesAllocated: 13870961 HeapGrowthMultiplier: 3
12-21 18:57:58.804  3316  3563 I com.miui.home: CheckGCForNative gc_urgency 0.756611 current_native_bytes is 165236299
12-21 18:57:58.895  3316  3590 E cccccc  : createTaskSnapshot:
12-21 18:57:58.895  3316  3590 I cccccc  : getTaskSnapshotInstance:
12-21 18:57:58.904  3316  3563 I com.miui.home: CheckGCForNative adj_start_bytes: 33176765 NativeAllocationGcWatermark: 10572041 java_gc_start_bytes: 17318704 kNewNativeDiscountFactor: 2 kOldNativeDiscountFactor: 65536 old_native_bytes: 142778771 new_native_bytes: 22885548 add_bytes_allowed: 31716123 is_gc_concurrent: 1 target_footprint_: 17467465 GetBytesAllocated: 14335114 HeapGrowthMultiplier: 3
12-21 18:57:58.904  3316  3563 I com.miui.home: CheckGCForNative gc_urgency 0.777052 current_native_bytes is 165664319
12-21 18:57:59.134 13828 13828 I wm_on_application_create_called: [0,com.UCMobile,203]
12-21 18:57:59.271 13828 13828 I wm_on_create_called: [0,237378224,com.UCMobile.main.UCMobile,performCreate,113]
12-21 18:57:59.382 13828 13828 I wm_on_create_called: [0,94322613,com.uc.browser.InnerUCMobile,performCreate,30]
12-21 18:57:59.403 13828 13828 I wm_on_start_called: [0,94322613,com.uc.browser.InnerUCMobile,handleStartActivity,21]
12-21 18:57:59.420  3316  3992 D cccccc  : onTaskStackChangedBackground
12-21 18:57:59.421 13828 13828 I wm_on_resume_called: [0,94322613,com.uc.browser.InnerUCMobile,RESUME_ACTIVITY,8]
12-21 18:57:59.429  3316  3992 D cccccc  : onTaskStackChangedBackground
12-21 18:57:59.479 13828 13828 I wm_on_top_resumed_gained_called: [94322613,com.uc.browser.InnerUCMobile,topStateChangedWhenResumed]
12-21 18:57:59.625  3316  3590 E cccccc  : createTaskSnapshot:
12-21 18:57:59.629  3316  3590 I cccccc  : getTaskSnapshotInstance:
12-21 18:57:59.759  3316  3316 I wm_on_stop_called: [0,152885605,com.miui.home.launcher.Launcher,STOP_ACTIVITY_ITEM,7]
12-21 18:57:59.865  3316  3590 E cccccc  : createTaskSnapshot:
12-21 18:57:59.865  3316  3590 I cccccc  : getTaskSnapshotInstance:
12-21 18:58:00.083 13828 13828 I wm_on_destroy_called: [0,237378224,com.UCMobile.main.UCMobile,performDestroy,0]
12-21 18:58:00.402  3316  3316 I wm_on_restart_called: [0,152885605,com.miui.home.launcher.Launcher,,0]
12-21 18:58:00.403  3316  3316 I wm_on_start_called: [0,152885605,com.miui.home.launcher.Launcher,handleStartActivity,1]
12-21 18:58:00.423  3316  3316 I wm_on_resume_called: [0,152885605,com.miui.home.launcher.Launcher,RESUME_ACTIVITY,17]
12-21 18:58:00.482  3316  3549 I com.miui.home: CheckGCForNative adj_start_bytes: 33176765 NativeAllocationGcWatermark: 10572041 java_gc_start_bytes: 17318704 kNewNativeDiscountFactor: 2 kOldNativeDiscountFactor: 65536 old_native_bytes: 142778771 new_native_bytes: 23169440 add_bytes_allowed: 31716123 is_gc_concurrent: 1 target_footprint_: 17467465 GetBytesAllocated: 16574556 HeapGrowthMultiplier: 3
12-21 18:58:00.482  3316  3549 I com.miui.home: CheckGCForNative gc_urgency 0.848831 current_native_bytes is 165948211
12-21 18:58:00.562  3316  3316 I wm_on_idle_called: com.miui.home.launcher.Launcher
12-21 18:58:00.830  3316  3341 I com.miui.home: CheckGCForNative adj_start_bytes: 33176765 NativeAllocationGcWatermark: 10572041 java_gc_start_bytes: 17318704 kNewNativeDiscountFactor: 2 kOldNativeDiscountFactor: 65536 old_native_bytes: 142778771 new_native_bytes: 34115288 add_bytes_allowed: 31716123 is_gc_concurrent: 1 target_footprint_: 17467465 GetBytesAllocated: 17374689 HeapGrowthMultiplier: 3
12-21 18:58:00.831  3316  3341 I com.miui.home: CheckGCForNative gc_urgency 1.03791 current_native_bytes is 176894059
12-21 18:58:00.831  3316  3341 I com.miui.home: CheckGCForNative requested 1
12-21 18:58:00.831  3316  3341 I cccccc  : createTaskSnapshotCompat:
12-21 18:58:00.834  3316  3341 I com.miui.home: CheckGCForNative adj_start_bytes: 33176765 NativeAllocationGcWatermark: 10572041 java_gc_start_bytes: 17318704 kNewNativeDiscountFactor: 2 kOldNativeDiscountFactor: 65536 old_native_bytes: 142778771 new_native_bytes: 44822232 add_bytes_allowed: 31716123 is_gc_concurrent: 1 target_footprint_: 17467465 GetBytesAllocated: 17389414 HeapGrowthMultiplier: 3
12-21 18:58:00.834  3316  3341 I com.miui.home: CheckGCForNative gc_urgency 1.19972 current_native_bytes is 187601003
12-21 18:58:00.834  3316  3341 I com.miui.home: CheckGCForNative requested 1
12-21 18:58:00.890  3316  3316 I wm_on_top_resumed_gained_called: [152885605,com.miui.home.launcher.Launcher,topStateChangedWhenResumed]
12-21 18:58:00.993  3316  3563 I com.miui.home: CheckGCForNative gc_urgency 0 current_native_bytes is 166007467
12-21 18:58:01.104  3316  3563 I com.miui.home: CheckGCForNative gc_urgency 0 current_native_bytes is 163933823
12-21 18:58:01.425  3316  3562 I com.miui.home: CheckGCForNative adj_start_bytes: 33141176 NativeAllocationGcWatermark: 10572041 java_gc_start_bytes: 17283115 kNewNativeDiscountFactor: 2 kOldNativeDiscountFactor: 65536 old_native_bytes: 163933823 new_native_bytes: 10620128 add_bytes_allowed: 31716123 is_gc_concurrent: 1 target_footprint_: 17467465 GetBytesAllocated: 9698029 HeapGrowthMultiplier: 3
12-21 18:58:01.425  3316  3562 I com.miui.home: CheckGCForNative gc_urgency 0.452929 current_native_bytes is 174553951
12-21 18:58:01.425  3316  3562 I cccccc  : createTaskSnapshotCompat:
12-21 18:58:01.427  3316  3562 I com.miui.home: CheckGCForNative adj_start_bytes: 33141176 NativeAllocationGcWatermark: 10572041 java_gc_start_bytes: 17283115 kNewNativeDiscountFactor: 2 kOldNativeDiscountFactor: 65536 old_native_bytes: 163933823 new_native_bytes: 21327072 add_bytes_allowed: 31716123 is_gc_concurrent: 1 target_footprint_: 17467465 GetBytesAllocated: 9698221 HeapGrowthMultiplier: 3
12-21 18:58:01.428  3316  3562 I com.miui.home: CheckGCForNative gc_urgency 0.61447 current_native_bytes is 185260895
12-21 18:58:01.699  3316 14306 I com.miui.home: CheckGCForNative adj_start_bytes: 33141176 NativeAllocationGcWatermark: 10572041 java_gc_start_bytes: 17283115 kNewNativeDiscountFactor: 2 kOldNativeDiscountFactor: 65536 old_native_bytes: 163933823 new_native_bytes: 10722296 add_bytes_allowed: 31716123 is_gc_concurrent: 1 target_footprint_: 17467465 GetBytesAllocated: 9963675 HeapGrowthMultiplier: 3
12-21 18:58:01.699  3316 14306 I com.miui.home: CheckGCForNative gc_urgency 0.462486 current_native_bytes is 174656119
12-21 18:58:01.740  3316  3316 I wm_on_top_resumed_lost_called: [152885605,com.miui.home.launcher.Launcher,topStateChangedWhenResumed]
12-21 18:58:01.749  3316  3341 D cccccc  : onTaskStackChangedBackground
12-21 18:58:01.750  3316  3341 D cccccc  : onTaskStackChangedBackground
12-21 18:58:01.950  3316  3316 I wm_on_paused_called: [0,152885605,com.miui.home.launcher.Launcher,performPause,3]
12-21 18:58:01.959  3316 14306 I com.miui.home: CheckGCForNative adj_start_bytes: 33141176 NativeAllocationGcWatermark: 10572041 java_gc_start_bytes: 17283115 kNewNativeDiscountFactor: 2 kOldNativeDiscountFactor: 65536 old_native_bytes: 163933823 new_native_bytes: 10768248 add_bytes_allowed: 31716123 is_gc_concurrent: 1 target_footprint_: 17467465 GetBytesAllocated: 10275100 HeapGrowthMultiplier: 3
12-21 18:58:01.959  3316 14306 I com.miui.home: CheckGCForNative gc_urgency 0.472576 current_native_bytes is 174702071
12-21 18:58:02.089  3316  3340 D cccccc  : onTaskStackChangedBackground
12-21 18:58:02.096  3316  3341 D cccccc  : onTaskStackChangedBackground
12-21 18:58:02.393  3316  3590 E cccccc  : createTaskSnapshot:
12-21 18:58:02.393  3316  3590 I cccccc  : getTaskSnapshotInstance:
12-21 18:58:02.394  3316  3590 E cccccc  : createTaskSnapshot:
12-21 18:58:02.394  3316  3590 I cccccc  : getTaskSnapshotInstance:
12-21 18:58:02.395  3316  3590 I com.miui.home: CheckGCForNative adj_start_bytes: 33141176 NativeAllocationGcWatermark: 10572041 java_gc_start_bytes: 17283115 kNewNativeDiscountFactor: 2 kOldNativeDiscountFactor: 65536 old_native_bytes: 163933823 new_native_bytes: 22653596 add_bytes_allowed: 31716123 is_gc_concurrent: 1 target_footprint_: 17467465 GetBytesAllocated: 10993706 HeapGrowthMultiplier: 3
12-21 18:58:02.395  3316  3590 I com.miui.home: CheckGCForNative gc_urgency 0.673573 current_native_bytes is 186587419
12-21 18:58:02.482  3316  3563 I com.miui.home: CheckGCForNative adj_start_bytes: 33141176 NativeAllocationGcWatermark: 10572041 java_gc_start_bytes: 17283115 kNewNativeDiscountFactor: 2 kOldNativeDiscountFactor: 65536 old_native_bytes: 163933823 new_native_bytes: 12102076 add_bytes_allowed: 31716123 is_gc_concurrent: 1 target_footprint_: 17467465 GetBytesAllocated: 11139416 HeapGrowthMultiplier: 3
12-21 18:58:02.482  3316  3563 I com.miui.home: CheckGCForNative gc_urgency 0.518779 current_native_bytes is 176035899
12-21 18:58:02.827  3316  3563 I com.miui.home: CheckGCForNative adj_start_bytes: 33141176 NativeAllocationGcWatermark: 10572041 java_gc_start_bytes: 17283115 kNewNativeDiscountFactor: 2 kOldNativeDiscountFactor: 65536 old_native_bytes: 163933823 new_native_bytes: 12195124 add_bytes_allowed: 31716123 is_gc_concurrent: 1 target_footprint_: 17467465 GetBytesAllocated: 11402203 HeapGrowthMultiplier: 3
12-21 18:58:02.827  3316  3563 I com.miui.home: CheckGCForNative gc_urgency 0.528112 current_native_bytes is 176128947
12-21 18:58:02.949  3316  3563 I com.miui.home: CheckGCForNative adj_start_bytes: 33141176 NativeAllocationGcWatermark: 10572041 java_gc_start_bytes: 17283115 kNewNativeDiscountFactor: 2 kOldNativeDiscountFactor: 65536 old_native_bytes: 163933823 new_native_bytes: 12254772 add_bytes_allowed: 31716123 is_gc_concurrent: 1 target_footprint_: 17467465 GetBytesAllocated: 11537493 HeapGrowthMultiplier: 3
12-21 18:58:02.949  3316  3563 I com.miui.home: CheckGCForNative gc_urgency 0.533095 current_native_bytes is 176188595
12-21 18:58:03.195  3316  3590 E cccccc  : createTaskSnapshot:
12-21 18:58:03.200  3316  3590 I cccccc  : getTaskSnapshotInstance:
12-21 18:58:03.590 14387 14387 I wm_on_create_called: [0,189470584,com.tencent.mtt.SplashActivity,performCreate,282]
12-21 18:58:03.667 13828 13828 I wm_on_top_resumed_lost_called: [94322613,com.uc.browser.InnerUCMobile,topStateChangedWhenResumed]
12-21 18:58:03.704 14387 14387 I wm_on_create_called: [0,81921145,com.tencent.mtt.MainActivity,performCreate,32]
12-21 18:58:03.708 14387 14387 I wm_on_start_called: [0,81921145,com.tencent.mtt.MainActivity,handleStartActivity,3]
12-21 18:58:03.945 14349 14349 I wm_on_application_create_called: [0,com.android.camera,325]
12-21 18:58:04.118  3316  3341 D cccccc  : onTaskStackChangedBackground
12-21 18:58:04.120  3316  3340 D cccccc  : onTaskStackChangedBackground
12-21 18:58:04.564  3316  3590 E cccccc  : createTaskSnapshot:
12-21 18:58:04.565  3316  3590 I cccccc  : getTaskSnapshotInstance:
12-21 18:58:04.607 13828 13828 I wm_on_paused_called: [0,94322613,com.uc.browser.InnerUCMobile,performPause,513]
12-21 18:58:04.641  3316  3316 I wm_on_resume_called: [0,152885605,com.miui.home.launcher.Launcher,RESUME_ACTIVITY,17]
12-21 18:58:04.665  3316  3316 I wm_on_idle_called: com.miui.home.launcher.Launcher
12-21 18:58:04.667  3316 14306 I com.miui.home: CheckGCForNative adj_start_bytes: 33141176 NativeAllocationGcWatermark: 10572041 java_gc_start_bytes: 17283115 kNewNativeDiscountFactor: 2 kOldNativeDiscountFactor: 65536 old_native_bytes: 163933823 new_native_bytes: 12530696 add_bytes_allowed: 31716123 is_gc_concurrent: 1 target_footprint_: 17467465 GetBytesAllocated: 13387927 HeapGrowthMultiplier: 3
12-21 18:58:04.667  3316 14306 I com.miui.home: CheckGCForNative gc_urgency 0.593092 current_native_bytes is 176464519
12-21 18:58:04.847  3316  3316 I wm_on_top_resumed_gained_called: [152885605,com.miui.home.launcher.Launcher,topStateChangedWhenResumed]
12-21 18:58:04.865  3316  3340 I com.miui.home: CheckGCForNative adj_start_bytes: 33141176 NativeAllocationGcWatermark: 10572041 java_gc_start_bytes: 17283115 kNewNativeDiscountFactor: 2 kOldNativeDiscountFactor: 65536 old_native_bytes: 163933823 new_native_bytes: 23258480 add_bytes_allowed: 31716123 is_gc_concurrent: 1 target_footprint_: 17467465 GetBytesAllocated: 13819516 HeapGrowthMultiplier: 3
12-21 18:58:04.865  3316  3340 I com.miui.home: CheckGCForNative gc_urgency 0.767965 current_native_bytes is 187192303
12-21 18:58:04.883  3316  3340 I cccccc  : createTaskSnapshotCompat:
12-21 18:58:04.885  3316  3340 I com.miui.home: CheckGCForNative adj_start_bytes: 33141176 NativeAllocationGcWatermark: 10572041 java_gc_start_bytes: 17283115 kNewNativeDiscountFactor: 2 kOldNativeDiscountFactor: 65536 old_native_bytes: 163933823 new_native_bytes: 33965456 add_bytes_allowed: 31716123 is_gc_concurrent: 1 target_footprint_: 17467465 GetBytesAllocated: 13838067 HeapGrowthMultiplier: 3
12-21 18:58:04.887  3316  3340 I com.miui.home: CheckGCForNative gc_urgency 0.93006 current_native_bytes is 197899279
12-21 18:58:04.971  3316  3563 I com.miui.home: CheckGCForNative adj_start_bytes: 33141176 NativeAllocationGcWatermark: 10572041 java_gc_start_bytes: 17283115 kNewNativeDiscountFactor: 2 kOldNativeDiscountFactor: 65536 old_native_bytes: 163933823 new_native_bytes: 23372944 add_bytes_allowed: 31716123 is_gc_concurrent: 1 target_footprint_: 17467465 GetBytesAllocated: 13915007 HeapGrowthMultiplier: 3
12-21 18:58:04.971  3316  3563 I com.miui.home: CheckGCForNative gc_urgency 0.772573 current_native_bytes is 187306767
12-21 18:58:05.016  3316  3563 I com.miui.home: CheckGCForNative adj_start_bytes: 33141176 NativeAllocationGcWatermark: 10572041 java_gc_start_bytes: 17283115 kNewNativeDiscountFactor: 2 kOldNativeDiscountFactor: 65536 old_native_bytes: 163933823 new_native_bytes: 23376720 add_bytes_allowed: 31716123 is_gc_concurrent: 1 target_footprint_: 17467465 GetBytesAllocated: 13979893 HeapGrowthMultiplier: 3
12-21 18:58:05.016  3316  3563 I com.miui.home: CheckGCForNative gc_urgency 0.774588 current_native_bytes is 187310543
12-21 18:58:05.274 14408 14408 I wm_on_application_create_called: [0,com.xiaomi.mi_connect_service,1451]
12-21 18:58:05.316  3316  3563 I com.miui.home: CheckGCForNative adj_start_bytes: 33141176 NativeAllocationGcWatermark: 10572041 java_gc_start_bytes: 17283115 kNewNativeDiscountFactor: 2 kOldNativeDiscountFactor: 65536 old_native_bytes: 163933823 new_native_bytes: 23355248 add_bytes_allowed: 31716123 is_gc_concurrent: 1 target_footprint_: 17467465 GetBytesAllocated: 14424988 HeapGrowthMultiplier: 3
12-21 18:58:05.989 14236 14236 I wm_on_application_create_called: [0,com.dragon.read,3968]
12-21 18:58:07.271 15129 15129 I wm_on_application_create_called: [0,com.youku.phone,526]
12-21 18:58:07.403 15129 15129 I wm_on_create_called: [0,3167949,com.youku.phone.ActivityWelcome,performCreate,106]
12-21 18:58:07.763  3316  3590 E cccccc  : createTaskSnapshot:
12-21 18:58:07.763  3316  3590 I cccccc  : getTaskSnapshotInstance:
12-21 18:58:07.789 14968 14968 I wm_on_application_create_called: [0,com.eg.android.AlipayGphone,594]
12-21 18:58:07.965 15057 15057 I wm_on_application_create_called: [0,com.UCMobile,1015]
12-21 18:58:07.992 13828 13828 I wm_on_stop_called: [0,94322613,com.uc.browser.InnerUCMobile,STOP_ACTIVITY_ITEM,385]
12-21 18:58:08.011  3316  3590 I com.miui.home: CheckGCForNative adj_start_bytes: 36095299 NativeAllocationGcWatermark: 10918784 java_gc_start_bytes: 19717123 kNewNativeDiscountFactor: 2 kOldNativeDiscountFactor: 65536 old_native_bytes: 132801995 new_native_bytes: 220912 add_bytes_allowed: 32756352 is_gc_concurrent: 1 target_footprint_: 20241411 GetBytesAllocated: 13263422 HeapGrowthMultiplier: 3
12-21 18:58:08.011  3316  3590 I com.miui.home: CheckGCForNative gc_urgency 0.370572 current_native_bytes is 133022907
12-21 18:58:08.182  3316  3590 E cccccc  : createTaskSnapshot:
12-21 18:58:08.182  3316  3590 I cccccc  : getTaskSnapshotInstance:
12-21 18:58:08.230  3316  3992 I com.miui.home: CheckGCForNative adj_start_bytes: 36095299 NativeAllocationGcWatermark: 10918784 java_gc_start_bytes: 19717123 kNewNativeDiscountFactor: 2 kOldNativeDiscountFactor: 65536 old_native_bytes: 132801995 new_native_bytes: 10992156 add_bytes_allowed: 32756352 is_gc_concurrent: 1 target_footprint_: 20241411 GetBytesAllocated: 13932615 HeapGrowthMultiplier: 3
12-21 18:58:08.230  3316  3992 I com.miui.home: CheckGCForNative gc_urgency 0.538317 current_native_bytes is 143794151
12-21 18:58:08.230  3316  3992 I cccccc  : createTaskSnapshotCompat:
12-21 18:58:08.232  3316  3992 I com.miui.home: CheckGCForNative adj_start_bytes: 36095299 NativeAllocationGcWatermark: 10918784 java_gc_start_bytes: 19717123 kNewNativeDiscountFactor: 2 kOldNativeDiscountFactor: 65536 old_native_bytes: 132801995 new_native_bytes: 21699132 add_bytes_allowed: 32756352 is_gc_concurrent: 1 target_footprint_: 20241411 GetBytesAllocated: 13946111 HeapGrowthMultiplier: 3
12-21 18:58:08.232  3316  3992 I com.miui.home: CheckGCForNative gc_urgency 0.687006 current_native_bytes is 154501127
12-21 18:58:08.342  3316  3316 I wm_on_top_resumed_gained_called: [152885605,com.miui.home.launcher.Launcher,topStateChangedWhenResumed]
12-21 18:58:08.466  3316  3563 I com.miui.home: CheckGCForNative adj_start_bytes: 36095299 NativeAllocationGcWatermark: 10918784 java_gc_start_bytes: 19717123 kNewNativeDiscountFactor: 2 kOldNativeDiscountFactor: 65536 old_native_bytes: 132801995 new_native_bytes: 11076332 add_bytes_allowed: 32756352 is_gc_concurrent: 1 target_footprint_: 20241411 GetBytesAllocated: 14067367 HeapGrowthMultiplier: 3
12-21 18:58:08.466  3316  3563 I com.miui.home: CheckGCForNative gc_urgency 0.543216 current_native_bytes is 143878327
12-21 18:58:08.710  3316  3563 I com.miui.home: CheckGCForNative adj_start_bytes: 36095299 NativeAllocationGcWatermark: 10918784 java_gc_start_bytes: 19717123 kNewNativeDiscountFactor: 2 kOldNativeDiscountFactor: 65536 old_native_bytes: 132801995 new_native_bytes: 11048940 add_bytes_allowed: 32756352 is_gc_concurrent: 1 target_footprint_: 20241411 GetBytesAllocated: 14211052 HeapGrowthMultiplier: 3
12-21 18:58:08.710  3316  3563 I com.miui.home: CheckGCForNative gc_urgency 0.546818 current_native_bytes is 143850935
12-21 18:58:08.736  3316  3562 I com.miui.home: CheckGCForNative adj_start_bytes: 36095299 NativeAllocationGcWatermark: 10918784 java_gc_start_bytes: 19717123 kNewNativeDiscountFactor: 2 kOldNativeDiscountFactor: 65536 old_native_bytes: 132801995 new_native_bytes: 21697228 add_bytes_allowed: 32756352 is_gc_concurrent: 1 target_footprint_: 20241411 GetBytesAllocated: 14230308 HeapGrowthMultiplier: 3
12-21 18:58:08.736  3316  3562 I com.miui.home: CheckGCForNative gc_urgency 0.694854 current_native_bytes is 154499223
12-21 18:58:08.736  3316  3562 I cccccc  : createTaskSnapshotCompat:
12-21 18:58:08.738  3316  3562 I com.miui.home: CheckGCForNative adj_start_bytes: 36095299 NativeAllocationGcWatermark: 10918784 java_gc_start_bytes: 19717123 kNewNativeDiscountFactor: 2 kOldNativeDiscountFactor: 65536 old_native_bytes: 132801995 new_native_bytes: 32404044 add_bytes_allowed: 32756352 is_gc_concurrent: 1 target_footprint_: 20241411 GetBytesAllocated: 14230500 HeapGrowthMultiplier: 3
12-21 18:58:08.738  3316  3562 I com.miui.home: CheckGCForNative gc_urgency 0.843172 current_native_bytes is 165206039
12-21 18:58:08.824 15129 15129 I wm_on_resume_called: [0,83867685,com.youku.v2.HomePageEntry,RESUME_ACTIVITY,386]
12-21 18:58:09.023 15129 15129 I wm_on_top_resumed_gained_called: [83867685,com.youku.v2.HomePageEntry,topStateChangedWhenResumed]
12-21 18:58:09.037 15129 15129 I wm_on_top_resumed_lost_called: [83867685,com.youku.v2.HomePageEntry,topStateChangedWhenResumed]
12-21 18:58:09.084 12101 12101 I wm_on_application_create_called: [0,com.eg.android.AlipayGphone,302]
12-21 18:58:09.554  3316  3590 I com.miui.home: CheckGCForNative adj_start_bytes: 36095299 NativeAllocationGcWatermark: 10918784 java_gc_start_bytes: 19717123 kNewNativeDiscountFactor: 2 kOldNativeDiscountFactor: 65536 old_native_bytes: 132801995 new_native_bytes: 22544296 add_bytes_allowed: 32756352 is_gc_concurrent: 1 target_footprint_: 20241411 GetBytesAllocated: 15827048 HeapGrowthMultiplier: 3
12-21 18:58:09.554  3316  3590 I com.miui.home: CheckGCForNative gc_urgency 0.750824 current_native_bytes is 155346291
12-21 18:58:09.707  3316  3590 E cccccc  : createTaskSnapshot:
12-21 18:58:09.707  3316  3590 I cccccc  : getTaskSnapshotInstance:
12-21 18:58:09.821  3316  3563 I com.miui.home: CheckGCForNative adj_start_bytes: 36095299 NativeAllocationGcWatermark: 10918784 java_gc_start_bytes: 19717123 kNewNativeDiscountFactor: 2 kOldNativeDiscountFactor: 65536 old_native_bytes: 132801995 new_native_bytes: 22742812 add_bytes_allowed: 32756352 is_gc_concurrent: 1 target_footprint_: 20241411 GetBytesAllocated: 16248609 HeapGrowthMultiplier: 3
12-21 18:58:09.821  3316  3563 I com.miui.home: CheckGCForNative gc_urgency 0.765253 current_native_bytes is 155544807
12-21 18:58:09.832  3316  3563 I com.miui.home: CheckGCForNative adj_start_bytes: 36095299 NativeAllocationGcWatermark: 10918784 java_gc_start_bytes: 19717123 kNewNativeDiscountFactor: 2 kOldNativeDiscountFactor: 65536 old_native_bytes: 132801995 new_native_bytes: 22744412 add_bytes_allowed: 32756352 is_gc_concurrent: 1 target_footprint_: 20241411 GetBytesAllocated: 16256341 HeapGrowthMultiplier: 3
12-21 18:58:09.832  3316  3563 I com.miui.home: CheckGCForNative gc_urgency 0.765489 current_native_bytes is 155546407
12-21 18:58:09.900 15667 15667 I wm_on_application_create_called: [0,com.UCMobile,1067]
12-21 18:58:10.055 15949 15949 I wm_on_application_create_called: [0,com.quark.browser,366]
12-21 18:58:10.152 15949 15949 I wm_on_create_called: [0,117955260,com.ucpro.MainActivity,performCreate,45]
12-21 18:58:10.312  3316  3341 D cccccc  : onTaskStackChangedBackground
12-21 18:58:10.379  3316  3341 D cccccc  : onTaskStackChangedBackground
12-21 18:58:10.538  3316  3590 E cccccc  : createTaskSnapshot:
12-21 18:58:10.538  3316  3590 I cccccc  : getTaskSnapshotInstance:
12-21 18:58:10.714 15949 15949 I wm_on_create_called: [0,53398439,com.ucpro.BrowserActivity,performCreate,482]
12-21 18:58:10.718 15949 15949 I wm_on_start_called: [0,53398439,com.ucpro.BrowserActivity,handleStartActivity,3]
12-21 18:58:10.725 15949 15949 I wm_on_resume_called: [0,53398439,com.ucpro.BrowserActivity,RESUME_ACTIVITY,6]
12-21 18:58:10.774 15949 15949 I wm_on_top_resumed_gained_called: [53398439,com.ucpro.BrowserActivity,topStateChangedWhenResumed]
12-21 18:58:10.775  3316  3590 E cccccc  : createTaskSnapshot:
12-21 18:58:10.775  3316  3590 I cccccc  : getTaskSnapshotInstance:
12-21 18:58:11.429  3316  3316 I wm_on_resume_called: [0,152885605,com.miui.home.launcher.Launcher,RESUME_ACTIVITY,144]
12-21 18:58:11.455  3316  3316 I wm_on_idle_called: com.miui.home.launcher.Launcher
12-21 18:58:11.578  3316  3992 I com.miui.home: CheckGCForNative adj_start_bytes: 36095299 NativeAllocationGcWatermark: 10918784 java_gc_start_bytes: 19717123 kNewNativeDiscountFactor: 2 kOldNativeDiscountFactor: 65536 old_native_bytes: 132801995 new_native_bytes: 33874064 add_bytes_allowed: 32756352 is_gc_concurrent: 1 target_footprint_: 20241411 GetBytesAllocated: 18555425 HeapGrowthMultiplier: 3
12-21 18:58:11.578  3316  3992 I com.miui.home: CheckGCForNative gc_urgency 0.983355 current_native_bytes is 166676059
12-21 18:58:11.579  3316  3992 I cccccc  : createTaskSnapshotCompat:
12-21 18:58:11.584  3316  3992 I com.miui.home: CheckGCForNative adj_start_bytes: 36095299 NativeAllocationGcWatermark: 10918784 java_gc_start_bytes: 19717123 kNewNativeDiscountFactor: 2 kOldNativeDiscountFactor: 65536 old_native_bytes: 132801995 new_native_bytes: 44581008 add_bytes_allowed: 32756352 is_gc_concurrent: 1 target_footprint_: 20241411 GetBytesAllocated: 18561128 HeapGrowthMultiplier: 3
12-21 18:58:11.584  3316  3992 I com.miui.home: CheckGCForNative gc_urgency 1.13183 current_native_bytes is 177383003
12-21 18:58:11.584  3316  3992 I com.miui.home: CheckGCForNative requested 1
12-21 18:58:11.644  3316  3563 I com.miui.home: CheckGCForNative adj_start_bytes: 36095299 NativeAllocationGcWatermark: 10918784 java_gc_start_bytes: 19717123 kNewNativeDiscountFactor: 2 kOldNativeDiscountFactor: 65536 old_native_bytes: 132801995 new_native_bytes: 33926256 add_bytes_allowed: 32756352 is_gc_concurrent: 1 target_footprint_: 20241411 GetBytesAllocated: 18608395 HeapGrowthMultiplier: 3
12-21 18:58:11.644  3316  3563 I com.miui.home: CheckGCForNative gc_urgency 0.985545 current_native_bytes is 166728251
12-21 18:58:11.698  3316  3316 I wm_on_top_resumed_gained_called: [152885605,com.miui.home.launcher.Launcher,topStateChangedWhenResumed]
12-21 18:58:11.913 15920 15920 I wm_on_application_create_called: [0,com.UCMobile,1768]
12-21 18:58:11.944  3316  3563 I com.miui.home: CheckGCForNative adj_start_bytes: 36095299 NativeAllocationGcWatermark: 10918784 java_gc_start_bytes: 19717123 kNewNativeDiscountFactor: 2 kOldNativeDiscountFactor: 65536 old_native_bytes: 132801995 new_native_bytes: 34033648 add_bytes_allowed: 32756352 is_gc_concurrent: 1 target_footprint_: 20241411 GetBytesAllocated: 19436973 HeapGrowthMultiplier: 3
12-21 18:58:11.944  3316  3563 I com.miui.home: CheckGCForNative gc_urgency 1.00999 current_native_bytes is 166835643
12-21 18:58:11.944  3316  3563 I com.miui.home: CheckGCForNative requested 1
12-21 18:58:11.988  3316  3563 I com.miui.home: CheckGCForNative adj_start_bytes: 36095299 NativeAllocationGcWatermark: 10918784 java_gc_start_bytes: 19717123 kNewNativeDiscountFactor: 2 kOldNativeDiscountFactor: 65536 old_native_bytes: 132801995 new_native_bytes: 34035696 add_bytes_allowed: 32756352 is_gc_concurrent: 1 target_footprint_: 20241411 GetBytesAllocated: 19453357 HeapGrowthMultiplier: 3
12-21 18:58:11.988  3316  3563 I com.miui.home: CheckGCForNative gc_urgency 1.01047 current_native_bytes is 166837691
12-21 18:58:11.988  3316  3563 I com.miui.home: CheckGCForNative requested 1
12-21 18:58:12.074  3316  3562 I com.miui.home: CheckGCForNative adj_start_bytes: 36095299 NativeAllocationGcWatermark: 10918784 java_gc_start_bytes: 19717123 kNewNativeDiscountFactor: 2 kOldNativeDiscountFactor: 65536 old_native_bytes: 132801995 new_native_bytes: 44744528 add_bytes_allowed: 32756352 is_gc_concurrent: 1 target_footprint_: 20241411 GetBytesAllocated: 19535229 HeapGrowthMultiplier: 3
12-21 18:58:12.074  3316  3562 I com.miui.home: CheckGCForNative gc_urgency 1.16108 current_native_bytes is 177546523
12-21 18:58:12.074  3316  3562 I com.miui.home: CheckGCForNative requested 1
12-21 18:58:12.075  3316  3562 I cccccc  : createTaskSnapshotCompat:
12-21 18:58:12.089  3316  3562 I com.miui.home: CheckGCForNative adj_start_bytes: 36095299 NativeAllocationGcWatermark: 10918784 java_gc_start_bytes: 19717123 kNewNativeDiscountFactor: 2 kOldNativeDiscountFactor: 65536 old_native_bytes: 132801995 new_native_bytes: 55409136 add_bytes_allowed: 32756352 is_gc_concurrent: 1 target_footprint_: 20241411 GetBytesAllocated: 19535421 HeapGrowthMultiplier: 3
12-21 18:58:12.089  3316  3562 I com.miui.home: CheckGCForNative gc_urgency 1.30881 current_native_bytes is 188211131
12-21 18:58:12.089  3316  3562 I com.miui.home: CheckGCForNative requested 1
12-21 18:58:12.110  3316  3336 I com.miui.home: NativeAlloc concurrent copying GC freed 203665(8942KB) AllocSpace objects, 28(784KB) LOS objects, 49% free, 9351KB/18MB, paused 260us,28us total 525.417ms
12-21 18:58:12.363 15949 15949 I wm_on_top_resumed_lost_called: [53398439,com.ucpro.BrowserActivity,topStateChangedWhenResumed]
12-21 18:58:12.476 15129 15129 I wm_on_paused_called: [0,83867685,com.youku.v2.HomePageEntry,performPause,73]
12-21 18:58:12.492 15129 15129 I wm_on_destroy_called: [0,3167949,com.youku.phone.ActivityWelcome,performDestroy,3]
12-21 18:58:12.729  3316  3341 D cccccc  : onTaskStackChangedBackground
12-21 18:58:12.731  3316  3341 D cccccc  : onTaskStackChangedBackground
12-21 18:58:12.831  3316  3590 E cccccc  : createTaskSnapshot:
12-21 18:58:12.831  3316  3590 I cccccc  : getTaskSnapshotInstance:
12-21 18:58:12.832  3316  3590 I com.miui.home: CheckGCForNative gc_urgency 0 current_native_bytes is 153918403
