12-20 11:30:11.203 14649 14649 I wm_on_create_called: [0,33530379,com.youku.v2.HomePageEntry,performCreate,178]
12-20 11:30:11.286 14649 14649 I wm_on_start_called: [0,33530379,com.youku.v2.HomePageEntry,handleStartActivity,82]
12-20 11:30:11.340 14649 14649 I wm_on_resume_called: [0,33530379,com.youku.v2.HomePageEntry,RESUME_ACTIVITY,49]
12-20 11:30:11.356 14649 14649 I wm_on_top_resumed_gained_called: [33530379,com.youku.v2.HomePageEntry,topStateChangedWhenResumed]
12-20 11:30:11.699  3315  3315 I wm_on_restart_called: [0,102008,com.miui.home.launcher.Launcher,,0]
12-20 11:30:11.702  3315  3315 I wm_on_start_called: [0,102008,com.miui.home.launcher.Launcher,handleStartActivity,4]
12-20 11:30:11.706  3315  3669 I com.miui.home: CheckGCForNative adj_start_bytes: 45645825 NativeAllocationGcWatermark: 11882711 java_gc_start_bytes: 27821759 kNewNativeDiscountFactor: 2 kOldNativeDiscountFactor: 65536 old_native_bytes: 74163803 new_native_bytes: 35112 add_bytes_allowed: 35648133 is_gc_concurrent: 1 target_footprint_: 27952831 GetBytesAllocated: 15043202 HeapGrowthMultiplier: 3
12-20 11:30:11.706  3315  3669 I com.miui.home: CheckGCForNative gc_urgency 0.329973 current_native_bytes is 74198915
12-20 11:30:11.722  3315  3315 I wm_on_resume_called: [0,102008,com.miui.home.launcher.Launcher,RESUME_ACTIVITY,18]
12-20 11:30:11.871  3315  3315 I wm_on_idle_called: com.miui.home.launcher.Launcher
12-20 11:30:12.031  3315  3835 I com.miui.home: CheckGCForNative adj_start_bytes: 45645825 NativeAllocationGcWatermark: 11882711 java_gc_start_bytes: 27821759 kNewNativeDiscountFactor: 2 kOldNativeDiscountFactor: 65536 old_native_bytes: 74163803 new_native_bytes: 284132 add_bytes_allowed: 35648133 is_gc_concurrent: 1 target_footprint_: 27952831 GetBytesAllocated: 16477208 HeapGrowthMultiplier: 3
12-20 11:30:12.031  3315  3835 I com.miui.home: CheckGCForNative gc_urgency 0.364117 current_native_bytes is 74447935
12-20 11:30:12.191  3315  3315 I wm_on_top_resumed_gained_called: [102008,com.miui.home.launcher.Launcher,topStateChangedWhenResumed]
12-20 11:30:12.286  3315  3835 I com.miui.home: CheckGCForNative adj_start_bytes: 45645825 NativeAllocationGcWatermark: 11882711 java_gc_start_bytes: 27821759 kNewNativeDiscountFactor: 2 kOldNativeDiscountFactor: 65536 old_native_bytes: 74163803 new_native_bytes: 363156 add_bytes_allowed: 35648133 is_gc_concurrent: 1 target_footprint_: 27952831 GetBytesAllocated: 17005293 HeapGrowthMultiplier: 3
12-20 11:30:12.287  3315  3835 I com.miui.home: CheckGCForNative gc_urgency 0.376551 current_native_bytes is 74526959
12-20 11:30:12.553  3315  3375 I com.miui.home: CheckGCForNative adj_start_bytes: 45645825 NativeAllocationGcWatermark: 11882711 java_gc_start_bytes: 27821759 kNewNativeDiscountFactor: 2 kOldNativeDiscountFactor: 65536 old_native_bytes: 74163803 new_native_bytes: 340708 add_bytes_allowed: 35648133 is_gc_concurrent: 1 target_footprint_: 27952831 GetBytesAllocated: 17737232 HeapGrowthMultiplier: 3
12-20 11:30:12.555  3315  3375 I com.miui.home: CheckGCForNative gc_urgency 0.392341 current_native_bytes is 74504511
12-20 11:30:12.643  3315  3375 I com.miui.home: CheckGCForNative adj_start_bytes: 45645825 NativeAllocationGcWatermark: 11882711 java_gc_start_bytes: 27821759 kNewNativeDiscountFactor: 2 kOldNativeDiscountFactor: 65536 old_native_bytes: 74163803 new_native_bytes: 11050756 add_bytes_allowed: 35648133 is_gc_concurrent: 1 target_footprint_: 27952831 GetBytesAllocated: 18000377 HeapGrowthMultiplier: 3
12-20 11:30:12.643  3315  3375 I com.miui.home: CheckGCForNative gc_urgency 0.515423 current_native_bytes is 85214559
12-20 11:30:12.644  3315  3315 I com.miui.home: CheckGCForNative adj_start_bytes: 45645825 NativeAllocationGcWatermark: 11882711 java_gc_start_bytes: 27821759 kNewNativeDiscountFactor: 2 kOldNativeDiscountFactor: 65536 old_native_bytes: 74163803 new_native_bytes: 21757188 add_bytes_allowed: 35648133 is_gc_concurrent: 1 target_footprint_: 27952831 GetBytesAllocated: 18009821 HeapGrowthMultiplier: 3
12-20 11:30:12.644  3315  3315 I com.miui.home: CheckGCForNative gc_urgency 0.632907 current_native_bytes is 95920991
12-20 11:30:12.644  3315  3315 I cccccc  : getTaskThumbnailInfo: 2460 1.0  10705920
12-20 11:30:13.028  3315  3315 I wm_on_top_resumed_lost_called: [102008,com.miui.home.launcher.Launcher,topStateChangedWhenResumed]
12-20 11:30:13.056  3315  3801 I com.miui.home: CheckGCForNative adj_start_bytes: 45645825 NativeAllocationGcWatermark: 11882711 java_gc_start_bytes: 27821759 kNewNativeDiscountFactor: 2 kOldNativeDiscountFactor: 65536 old_native_bytes: 74163803 new_native_bytes: 11214988 add_bytes_allowed: 35648133 is_gc_concurrent: 1 target_footprint_: 27952831 GetBytesAllocated: 18986530 HeapGrowthMultiplier: 3
12-20 11:30:13.056  3315  3801 I com.miui.home: CheckGCForNative gc_urgency 0.538826 current_native_bytes is 85378791
12-20 11:30:13.088  3315  3315 I wm_on_paused_called: [0,102008,com.miui.home.launcher.Launcher,performPause,5]
12-20 11:30:13.291  3315  4181 D cccccc  : onTaskStackChangedBackground
12-20 11:30:13.410  3315  3668 I com.miui.home: CheckGCForNative adj_start_bytes: 45645825 NativeAllocationGcWatermark: 11882711 java_gc_start_bytes: 27821759 kNewNativeDiscountFactor: 2 kOldNativeDiscountFactor: 65536 old_native_bytes: 74163803 new_native_bytes: 11414660 add_bytes_allowed: 35648133 is_gc_concurrent: 1 target_footprint_: 27952831 GetBytesAllocated: 19918163 HeapGrowthMultiplier: 3
12-20 11:30:13.410  3315  3668 I com.miui.home: CheckGCForNative gc_urgency 0.561423 current_native_bytes is 85578463
12-20 11:30:13.586  3315  3835 I com.miui.home: CheckGCForNative adj_start_bytes: 45645825 NativeAllocationGcWatermark: 11882711 java_gc_start_bytes: 27821759 kNewNativeDiscountFactor: 2 kOldNativeDiscountFactor: 65536 old_native_bytes: 74163803 new_native_bytes: 11430916 add_bytes_allowed: 35648133 is_gc_concurrent: 1 target_footprint_: 27952831 GetBytesAllocated: 20314844 HeapGrowthMultiplier: 3
12-20 11:30:13.586  3315  3835 I com.miui.home: CheckGCForNative gc_urgency 0.570292 current_native_bytes is 85594719
12-20 11:30:13.664  3315  3835 I com.miui.home: CheckGCForNative adj_start_bytes: 45645825 NativeAllocationGcWatermark: 11882711 java_gc_start_bytes: 27821759 kNewNativeDiscountFactor: 2 kOldNativeDiscountFactor: 65536 old_native_bytes: 74163803 new_native_bytes: 11439732 add_bytes_allowed: 35648133 is_gc_concurrent: 1 target_footprint_: 27952831 GetBytesAllocated: 20535006 HeapGrowthMultiplier: 3
12-20 11:30:13.664  3315  3835 I com.miui.home: CheckGCForNative gc_urgency 0.575212 current_native_bytes is 85603535
12-20 11:30:14.001 15211 15211 I wm_on_create_called: [0,195329154,com.ucpro.MainActivity,performCreate,45]
12-20 11:30:14.177  3315  4166 D cccccc  : onTaskStackChangedBackground
12-20 11:30:14.704 15211 15211 I wm_on_create_called: [0,91926172,com.ucpro.BrowserActivity,performCreate,591]
12-20 11:30:14.707 15211 15211 I wm_on_start_called: [0,91926172,com.ucpro.BrowserActivity,handleStartActivity,3]
12-20 11:30:14.722 15211 15211 I wm_on_resume_called: [0,91926172,com.ucpro.BrowserActivity,RESUME_ACTIVITY,12]
12-20 11:30:14.757 15211 15211 I wm_on_top_resumed_gained_called: [91926172,com.ucpro.BrowserActivity,topStateChangedWhenResumed]
12-20 11:30:15.112  3315  3315 I wm_on_stop_called: [0,102008,com.miui.home.launcher.Launcher,STOP_ACTIVITY_ITEM,11]
12-20 11:30:15.323 15211 15211 I wm_on_destroy_called: [0,195329154,com.ucpro.MainActivity,performDestroy,17]
12-20 11:30:15.490 15211 15211 I wm_on_idle_called: com.ucpro.BrowserActivity
12-20 11:30:15.717  3315  3834 I com.miui.home: CheckGCForNative gc_urgency 0 current_native_bytes is 74288723
12-20 11:30:15.780  3315  3315 I wm_on_restart_called: [0,102008,com.miui.home.launcher.Launcher,,0]
12-20 11:30:15.784  3315  3315 I wm_on_start_called: [0,102008,com.miui.home.launcher.Launcher,handleStartActivity,3]
12-20 11:30:15.802  3315  3315 I wm_on_resume_called: [0,102008,com.miui.home.launcher.Launcher,RESUME_ACTIVITY,16]
12-20 11:30:15.903  3315  3315 I wm_on_idle_called: com.miui.home.launcher.Launcher
12-20 11:30:16.042  3315  3835 I com.miui.home: CheckGCForNative adj_start_bytes: 45689125 NativeAllocationGcWatermark: 11887269 java_gc_start_bytes: 27858222 kNewNativeDiscountFactor: 2 kOldNativeDiscountFactor: 65536 old_native_bytes: 74288723 new_native_bytes: 262632 add_bytes_allowed: 35661807 is_gc_concurrent: 1 target_footprint_: 27989294 GetBytesAllocated: 16651061 HeapGrowthMultiplier: 3
12-20 11:30:16.042  3315  3835 I com.miui.home: CheckGCForNative gc_urgency 0.367341 current_native_bytes is 74551355
12-20 11:30:16.248  3315  3315 I wm_on_top_resumed_gained_called: [102008,com.miui.home.launcher.Launcher,topStateChangedWhenResumed]
12-20 11:30:16.298  3315  3835 I com.miui.home: CheckGCForNative adj_start_bytes: 45689125 NativeAllocationGcWatermark: 11887269 java_gc_start_bytes: 27858222 kNewNativeDiscountFactor: 2 kOldNativeDiscountFactor: 65536 old_native_bytes: 74288723 new_native_bytes: 330792 add_bytes_allowed: 35661807 is_gc_concurrent: 1 target_footprint_: 27989294 GetBytesAllocated: 17256937 HeapGrowthMultiplier: 3
12-20 11:30:16.298  3315  3835 I com.miui.home: CheckGCForNative gc_urgency 0.381348 current_native_bytes is 74619515
12-20 11:30:16.309  3315  3835 I com.miui.home: CheckGCForNative adj_start_bytes: 45689125 NativeAllocationGcWatermark: 11887269 java_gc_start_bytes: 27858222 kNewNativeDiscountFactor: 2 kOldNativeDiscountFactor: 65536 old_native_bytes: 74288723 new_native_bytes: 333864 add_bytes_allowed: 35661807 is_gc_concurrent: 1 target_footprint_: 27989294 GetBytesAllocated: 17299687 HeapGrowthMultiplier: 3
12-20 11:30:16.309  3315  3835 I com.miui.home: CheckGCForNative gc_urgency 0.382318 current_native_bytes is 74622587
12-20 11:30:16.534  3315  4166 I com.miui.home: CheckGCForNative adj_start_bytes: 45689125 NativeAllocationGcWatermark: 11887269 java_gc_start_bytes: 27858222 kNewNativeDiscountFactor: 2 kOldNativeDiscountFactor: 65536 old_native_bytes: 74288723 new_native_bytes: 11035000 add_bytes_allowed: 35661807 is_gc_concurrent: 1 target_footprint_: 27989294 GetBytesAllocated: 17898173 HeapGrowthMultiplier: 3
12-20 11:30:16.535  3315  4166 I com.miui.home: CheckGCForNative gc_urgency 0.512525 current_native_bytes is 85323723
12-20 11:30:16.536  3315  3315 I com.miui.home: CheckGCForNative adj_start_bytes: 45689125 NativeAllocationGcWatermark: 11887269 java_gc_start_bytes: 27858222 kNewNativeDiscountFactor: 2 kOldNativeDiscountFactor: 65536 old_native_bytes: 74288723 new_native_bytes: 21742008 add_bytes_allowed: 35661807 is_gc_concurrent: 1 target_footprint_: 27989294 GetBytesAllocated: 17898365 HeapGrowthMultiplier: 3
12-20 11:30:16.536  3315  3315 I com.miui.home: CheckGCForNative gc_urgency 0.629701 current_native_bytes is 96030731
12-20 11:30:16.536  3315  3315 I cccccc  : getTaskThumbnailInfo: 2460 1.0  10705920
12-20 11:30:16.619  3315  3315 I com.miui.home: CheckGCForNative adj_start_bytes: 45689125 NativeAllocationGcWatermark: 11887269 java_gc_start_bytes: 27858222 kNewNativeDiscountFactor: 2 kOldNativeDiscountFactor: 65536 old_native_bytes: 74288723 new_native_bytes: 11071416 add_bytes_allowed: 35661807 is_gc_concurrent: 1 target_footprint_: 27989294 GetBytesAllocated: 17997910 HeapGrowthMultiplier: 3
12-20 11:30:16.619  3315  3315 I com.miui.home: CheckGCForNative gc_urgency 0.515106 current_native_bytes is 85360139
12-20 11:30:17.113  3315  4166 D cccccc  : onTaskStackChangedBackground
12-20 11:30:17.918 15211 15211 I wm_on_top_resumed_lost_called: [91926172,com.ucpro.BrowserActivity,topStateChangedWhenResumed]
12-20 11:30:18.010 15211 15211 I wm_on_paused_called: [0,91926172,com.ucpro.BrowserActivity,performPause,26]
12-20 11:30:18.792  8331  8331 I wm_on_paused_called: [0,248382223,fm.qingting.qtradio.WelcomeActivity,performPause,52]
12-20 11:30:18.826  8331  8331 I wm_on_stop_called: [0,248382223,fm.qingting.qtradio.WelcomeActivity,STOP_ACTIVITY_ITEM,7]
12-20 11:30:18.915 14370 14370 I wm_on_application_create_called: [0,com.tencent.mobileqq,9049]
12-20 11:30:19.269  8331  8331 I wm_on_idle_called: fm.qingting.qtradio.WelcomeActivity
12-20 11:30:19.532 15880 15880 I wm_on_application_create_called: [0,com.xiaomi.bluetooth,361]
12-20 11:30:20.206 15866 15866 I wm_on_application_create_called: [0,com.xiaomi.mi_connect_service,437]
12-20 11:30:20.391 15211 15211 I wm_on_stop_called: [0,91926172,com.ucpro.BrowserActivity,STOP_ACTIVITY_ITEM,82]