12-21 14:23:35.491  3359  3359 I com.miui.home: CheckGCForNative adj_start_bytes: 32286792 NativeAllocationGcWatermark: 10476497 java_gc_start_bytes: 16572047 kNewNativeDiscountFactor: 2 kOldNativeDiscountFactor: 65536 old_native_bytes: 70512215 new_native_bytes: 229004 add_bytes_allowed: 31429491 is_gc_concurrent: 1 target_footprint_: 16703119 GetBytesAllocated: 8638340 HeapGrowthMultiplier: 3
12-21 14:23:35.491  3359  3359 I com.miui.home: CheckGCForNative gc_urgency 0.27113 current_native_bytes is 70741219
12-21 14:23:35.616  3359  3359 I wm_on_top_resumed_lost_called: [1704046,com.miui.home.launcher.Launcher,topStateChangedWhenResumed]
12-21 14:23:35.623  3359  3359 I wm_on_paused_called: [0,1704046,com.miui.home.launcher.Launcher,performPause,3]
12-21 14:23:35.641  3359  3427 D cccccc  : onTaskStackChangedBackground
12-21 14:23:35.644  3359  3427 D cccccc  : onTaskStackChangedBackground
12-21 14:23:35.756  3359  4044 D cccccc  : onTaskStackChangedBackground
12-21 14:23:35.766  3359  4044 D cccccc  : onTaskStackChangedBackground
12-21 14:23:35.944  3359  3654 I com.miui.home: CheckGCForNative adj_start_bytes: 32286792 NativeAllocationGcWatermark: 10476497 java_gc_start_bytes: 16572047 kNewNativeDiscountFactor: 2 kOldNativeDiscountFactor: 65536 old_native_bytes: 70512215 new_native_bytes: 958900 add_bytes_allowed: 31429491 is_gc_concurrent: 1 target_footprint_: 16703119 GetBytesAllocated: 9321038 HeapGrowthMultiplier: 3
12-21 14:23:35.944  3359  3654 I com.miui.home: CheckGCForNative gc_urgency 0.303578 current_native_bytes is 71471115
12-21 14:23:36.178  3359  3650 I com.miui.home: CheckGCForNative adj_start_bytes: 32286792 NativeAllocationGcWatermark: 10476497 java_gc_start_bytes: 16572047 kNewNativeDiscountFactor: 2 kOldNativeDiscountFactor: 65536 old_native_bytes: 70512215 new_native_bytes: 2209336 add_bytes_allowed: 31429491 is_gc_concurrent: 1 target_footprint_: 16703119 GetBytesAllocated: 9705046 HeapGrowthMultiplier: 3
12-21 14:23:36.178  3359  3650 I com.miui.home: CheckGCForNative gc_urgency 0.334836 current_native_bytes is 72721551
12-21 14:23:36.245  3359  3650 I com.miui.home: CheckGCForNative adj_start_bytes: 32286792 NativeAllocationGcWatermark: 10476497 java_gc_start_bytes: 16572047 kNewNativeDiscountFactor: 2 kOldNativeDiscountFactor: 65536 old_native_bytes: 70512215 new_native_bytes: 2383864 add_bytes_allowed: 31429491 is_gc_concurrent: 1 target_footprint_: 16703119 GetBytesAllocated: 9806356 HeapGrowthMultiplier: 3
12-21 14:23:36.245  3359  3650 I com.miui.home: CheckGCForNative gc_urgency 0.340677 current_native_bytes is 72896079
12-21 14:23:36.401  3359  3654 E cccccc  : createTaskSnapshot:
12-21 14:23:36.401  3359  3654 I cccccc  : getTaskSnapshotInstance:
12-21 14:23:36.405  3359  3654 E cccccc  : createTaskSnapshot:
12-21 14:23:36.406  3359  3654 I cccccc  : getTaskSnapshotInstance:
12-21 14:23:36.423  3359  3650 I com.miui.home: CheckGCForNative adj_start_bytes: 32286792 NativeAllocationGcWatermark: 10476497 java_gc_start_bytes: 16572047 kNewNativeDiscountFactor: 2 kOldNativeDiscountFactor: 65536 old_native_bytes: 70512215 new_native_bytes: 2866360 add_bytes_allowed: 31429491 is_gc_concurrent: 1 target_footprint_: 16703119 GetBytesAllocated: 10076643 HeapGrowthMultiplier: 3
12-21 14:23:36.423  3359  3650 I com.miui.home: CheckGCForNative gc_urgency 0.35652 current_native_bytes is 73378575
12-21 14:23:36.500  3359  3654 I com.miui.home: CheckGCForNative adj_start_bytes: 32286792 NativeAllocationGcWatermark: 10476497 java_gc_start_bytes: 16572047 kNewNativeDiscountFactor: 2 kOldNativeDiscountFactor: 65536 old_native_bytes: 70512215 new_native_bytes: 13530872 add_bytes_allowed: 31429491 is_gc_concurrent: 1 target_footprint_: 16703119 GetBytesAllocated: 10111846 HeapGrowthMultiplier: 3
12-21 14:23:36.500  3359  3654 I com.miui.home: CheckGCForNative gc_urgency 0.522763 current_native_bytes is 84043087
12-21 14:23:36.510  3359  3654 I com.miui.home: CheckGCForNative adj_start_bytes: 32286792 NativeAllocationGcWatermark: 10476497 java_gc_start_bytes: 16572047 kNewNativeDiscountFactor: 2 kOldNativeDiscountFactor: 65536 old_native_bytes: 70512215 new_native_bytes: 24238136 add_bytes_allowed: 31429491 is_gc_concurrent: 1 target_footprint_: 16703119 GetBytesAllocated: 10130644 HeapGrowthMultiplier: 3
12-21 14:23:36.510  3359  3654 I com.miui.home: CheckGCForNative gc_urgency 0.689161 current_native_bytes is 94750351
12-21 14:23:36.511  3359  3654 E cccccc  : createTaskSnapshot:
12-21 14:23:36.511  3359  3654 I cccccc  : getTaskSnapshotInstance:
12-21 14:23:36.578  3359  3654 I com.miui.home: CheckGCForNative adj_start_bytes: 32286792 NativeAllocationGcWatermark: 10476497 java_gc_start_bytes: 16572047 kNewNativeDiscountFactor: 2 kOldNativeDiscountFactor: 65536 old_native_bytes: 70512215 new_native_bytes: 23981592 add_bytes_allowed: 31429491 is_gc_concurrent: 1 target_footprint_: 16703119 GetBytesAllocated: 10130740 HeapGrowthMultiplier: 3
12-21 14:23:36.578  3359  3654 I com.miui.home: CheckGCForNative gc_urgency 0.685191 current_native_bytes is 94493807
12-21 14:23:36.579  3359  3654 I com.miui.home: CheckGCForNative adj_start_bytes: 32286792 NativeAllocationGcWatermark: 10476497 java_gc_start_bytes: 16572047 kNewNativeDiscountFactor: 2 kOldNativeDiscountFactor: 65536 old_native_bytes: 70512215 new_native_bytes: 34688728 add_bytes_allowed: 31429491 is_gc_concurrent: 1 target_footprint_: 16703119 GetBytesAllocated: 10130932 HeapGrowthMultiplier: 3
12-21 14:23:36.579  3359  3654 I com.miui.home: CheckGCForNative gc_urgency 0.85101 current_native_bytes is 105200943
12-21 14:23:36.580  3359  3654 E cccccc  : createTaskSnapshot:
12-21 14:23:36.581  3359  3654 I cccccc  : getTaskSnapshotInstance:
12-21 14:23:36.629  3359  3654 I com.miui.home: CheckGCForNative adj_start_bytes: 32286792 NativeAllocationGcWatermark: 10476497 java_gc_start_bytes: 16572047 kNewNativeDiscountFactor: 2 kOldNativeDiscountFactor: 65536 old_native_bytes: 70512215 new_native_bytes: 34689112 add_bytes_allowed: 31429491 is_gc_concurrent: 1 target_footprint_: 16703119 GetBytesAllocated: 10130932 HeapGrowthMultiplier: 3
12-21 14:23:36.629  3359  3654 I com.miui.home: CheckGCForNative gc_urgency 0.851016 current_native_bytes is 105201327
12-21 14:23:36.630  3359  3654 I com.miui.home: CheckGCForNative adj_start_bytes: 32286792 NativeAllocationGcWatermark: 10476497 java_gc_start_bytes: 16572047 kNewNativeDiscountFactor: 2 kOldNativeDiscountFactor: 65536 old_native_bytes: 70512215 new_native_bytes: 45396056 add_bytes_allowed: 31429491 is_gc_concurrent: 1 target_footprint_: 16703119 GetBytesAllocated: 10139425 HeapGrowthMultiplier: 3
12-21 14:23:36.631  3359  3654 I com.miui.home: CheckGCForNative gc_urgency 1.01709 current_native_bytes is 115908271
12-21 14:23:36.631  3359  3654 I com.miui.home: CheckGCForNative requested 1
12-21 14:23:36.814  3359  3418 I com.miui.home: NativeAlloc concurrent copying GC freed 37060(1626KB) AllocSpace objects, 3(124KB) LOS objects, 49% free, 8448KB/16MB, paused 345us,71us total 182.494ms
12-21 14:23:37.050  3359  3654 E cccccc  : createTaskSnapshot:
12-21 14:23:37.050  3359  3654 I cccccc  : getTaskSnapshotInstance:
12-21 14:23:37.156  3359  3359 I wm_on_resume_called: [0,1704046,com.miui.home.launcher.Launcher,RESUME_ACTIVITY,33]
12-21 14:23:37.173  3359  3359 I wm_on_idle_called: com.miui.home.launcher.Launcher
12-21 14:23:37.249  8281  8281 I wm_on_application_create_called: [0,com.autonavi.minimap,1129]
12-21 14:23:37.264  3359  4044 I com.miui.home: CheckGCForNative adj_start_bytes: 32824313 NativeAllocationGcWatermark: 10551298 java_gc_start_bytes: 16997366 kNewNativeDiscountFactor: 2 kOldNativeDiscountFactor: 65536 old_native_bytes: 105049391 new_native_bytes: 10171284 add_bytes_allowed: 31653894 is_gc_concurrent: 1 target_footprint_: 17301524 GetBytesAllocated: 9829516 HeapGrowthMultiplier: 3
12-21 14:23:37.264  3359  4044 I com.miui.home: CheckGCForNative gc_urgency 0.454442 current_native_bytes is 115220675
12-21 14:23:37.265  3359  4044 I cccccc  : createTaskSnapshotCompat:
12-21 14:23:37.270  3359  3750 I cccccc  : getTaskSnapshot:
12-21 14:23:37.270  3359  3750 I com.miui.home: CheckGCForNative adj_start_bytes: 32824313 NativeAllocationGcWatermark: 10551298 java_gc_start_bytes: 16997366 kNewNativeDiscountFactor: 2 kOldNativeDiscountFactor: 65536 old_native_bytes: 105049391 new_native_bytes: 20877332 add_bytes_allowed: 31653894 is_gc_concurrent: 1 target_footprint_: 17301524 GetBytesAllocated: 9876027 HeapGrowthMultiplier: 3
12-21 14:23:37.270  3359  3750 I com.miui.home: CheckGCForNative gc_urgency 0.61894 current_native_bytes is 125926723
12-21 14:23:37.271  3359  3359 I cccccc  : createTaskSnapshotCompat:
12-21 14:23:37.272  3359  3359 I com.miui.home: CheckGCForNative adj_start_bytes: 32824313 NativeAllocationGcWatermark: 10551298 java_gc_start_bytes: 16997366 kNewNativeDiscountFactor: 2 kOldNativeDiscountFactor: 65536 old_native_bytes: 105049391 new_native_bytes: 31584276 add_bytes_allowed: 31653894 is_gc_concurrent: 1 target_footprint_: 17301524 GetBytesAllocated: 9883222 HeapGrowthMultiplier: 3
12-21 14:23:37.272  3359  3359 I com.miui.home: CheckGCForNative gc_urgency 0.782254 current_native_bytes is 136633667
12-21 14:23:37.290  3359  3650 I com.miui.home: CheckGCForNative adj_start_bytes: 32824313 NativeAllocationGcWatermark: 10551298 java_gc_start_bytes: 16997366 kNewNativeDiscountFactor: 2 kOldNativeDiscountFactor: 65536 old_native_bytes: 105049391 new_native_bytes: 10174228 add_bytes_allowed: 31653894 is_gc_concurrent: 1 target_footprint_: 17301524 GetBytesAllocated: 10051098 HeapGrowthMultiplier: 3
12-21 14:23:37.290  3359  3650 I com.miui.home: CheckGCForNative gc_urgency 0.461238 current_native_bytes is 115223619
12-21 14:23:37.359  3359  3650 I com.miui.home: CheckGCForNative adj_start_bytes: 32824313 NativeAllocationGcWatermark: 10551298 java_gc_start_bytes: 16997366 kNewNativeDiscountFactor: 2 kOldNativeDiscountFactor: 65536 old_native_bytes: 105049391 new_native_bytes: 10221284 add_bytes_allowed: 31653894 is_gc_concurrent: 1 target_footprint_: 17301524 GetBytesAllocated: 10249911 HeapGrowthMultiplier: 3
12-21 14:23:37.359  3359  3650 I com.miui.home: CheckGCForNative gc_urgency 0.468011 current_native_bytes is 115270675
12-21 14:23:37.554  3359  3359 I wm_on_top_resumed_gained_called: [1704046,com.miui.home.launcher.Launcher,topStateChangedWhenResumed]
12-21 14:23:37.563  8399  8399 I wm_on_application_create_called: [0,com.autonavi.minimap,908]
12-21 14:23:37.588  8281  8281 I wm_on_create_called: [0,93775910,com.autonavi.map.activity.SplashActivity,performCreate,264]
12-21 14:23:37.704  3359  3650 I com.miui.home: CheckGCForNative adj_start_bytes: 32824313 NativeAllocationGcWatermark: 10551298 java_gc_start_bytes: 16997366 kNewNativeDiscountFactor: 2 kOldNativeDiscountFactor: 65536 old_native_bytes: 105049391 new_native_bytes: 10182116 add_bytes_allowed: 31653894 is_gc_concurrent: 1 target_footprint_: 17301524 GetBytesAllocated: 10521796 HeapGrowthMultiplier: 3
12-21 14:23:37.704  3359  3650 I com.miui.home: CheckGCForNative gc_urgency 0.475698 current_native_bytes is 115231507
12-21 14:23:37.713  3359  3750 D cccccc  : onTaskStackChangedBackground
12-21 14:23:37.713  3359  4044 D cccccc  : onTaskStackChangedBackground
12-21 14:23:37.789  3359  3649 I com.miui.home: CheckGCForNative adj_start_bytes: 32824313 NativeAllocationGcWatermark: 10551298 java_gc_start_bytes: 16997366 kNewNativeDiscountFactor: 2 kOldNativeDiscountFactor: 65536 old_native_bytes: 105049391 new_native_bytes: 20952892 add_bytes_allowed: 31653894 is_gc_concurrent: 1 target_footprint_: 17301524 GetBytesAllocated: 10675697 HeapGrowthMultiplier: 3
12-21 14:23:37.789  3359  3649 I com.miui.home: CheckGCForNative gc_urgency 0.644454 current_native_bytes is 126002283
12-21 14:23:37.791  3359  3649 I cccccc  : createTaskSnapshotCompat:
12-21 14:23:37.796  3359  3750 I cccccc  : getTaskSnapshot:
12-21 14:23:37.796  3359  3649 I com.miui.home: CheckGCForNative adj_start_bytes: 32824313 NativeAllocationGcWatermark: 10551298 java_gc_start_bytes: 16997366 kNewNativeDiscountFactor: 2 kOldNativeDiscountFactor: 65536 old_native_bytes: 105049391 new_native_bytes: 31659836 add_bytes_allowed: 31653894 is_gc_concurrent: 1 target_footprint_: 17301524 GetBytesAllocated: 10707022 HeapGrowthMultiplier: 3
12-21 14:23:37.796  3359  3649 I com.miui.home: CheckGCForNative gc_urgency 0.808503 current_native_bytes is 136709227
12-21 14:23:37.803  3359  3750 I com.miui.home: CheckGCForNative adj_start_bytes: 32824313 NativeAllocationGcWatermark: 10551298 java_gc_start_bytes: 16997366 kNewNativeDiscountFactor: 2 kOldNativeDiscountFactor: 65536 old_native_bytes: 105049391 new_native_bytes: 31659836 add_bytes_allowed: 31653894 is_gc_concurrent: 1 target_footprint_: 17301524 GetBytesAllocated: 10718895 HeapGrowthMultiplier: 3
12-21 14:23:37.803  3359  3750 I com.miui.home: CheckGCForNative gc_urgency 0.808864 current_native_bytes is 136709227
12-21 14:23:37.805  3359  3359 I cccccc  : createTaskSnapshotCompat:
12-21 14:23:37.891  8281  8281 I wm_on_create_called: [0,104242110,com.autonavi.map.activity.NewMapActivity,performCreate,268]
12-21 14:23:37.910  8281  8281 I wm_on_start_called: [0,104242110,com.autonavi.map.activity.NewMapActivity,handleStartActivity,16]
12-21 14:23:37.922  8281  8281 I wm_on_resume_called: [0,104242110,com.autonavi.map.activity.NewMapActivity,RESUME_ACTIVITY,7]
12-21 14:23:37.996  8281  8281 I wm_on_destroy_called: [0,93775910,com.autonavi.map.activity.SplashActivity,performDestroy,0]
12-21 14:23:37.999  8281  8281 I wm_on_paused_called: [0,104242110,com.autonavi.map.activity.NewMapActivity,performPause,2]
12-21 14:23:38.080  3359  3359 I wm_on_top_resumed_lost_called: [1704046,com.miui.home.launcher.Launcher,topStateChangedWhenResumed]
12-21 14:23:38.089  3359  3359 I wm_on_paused_called: [0,1704046,com.miui.home.launcher.Launcher,performPause,2]
12-21 14:23:38.209  3359  3654 E cccccc  : createTaskSnapshot:
12-21 14:23:38.212  3359  3654 I cccccc  : getTaskSnapshotInstance:
12-21 14:23:38.223  3359  3427 D cccccc  : onTaskStackChangedBackground
12-21 14:23:38.226  3359  3425 D cccccc  : onTaskStackChangedBackground
12-21 14:23:38.228  3359  3654 I com.miui.home: CheckGCForNative adj_start_bytes: 32824313 NativeAllocationGcWatermark: 10551298 java_gc_start_bytes: 16997366 kNewNativeDiscountFactor: 2 kOldNativeDiscountFactor: 65536 old_native_bytes: 105049391 new_native_bytes: 32089088 add_bytes_allowed: 31653894 is_gc_concurrent: 1 target_footprint_: 17301524 GetBytesAllocated: 11639656 HeapGrowthMultiplier: 3
12-21 14:23:38.228  3359  3654 I com.miui.home: CheckGCForNative gc_urgency 0.843454 current_native_bytes is 137138479
12-21 14:23:38.228  3359  3425 D cccccc  : onTaskStackChangedBackground
12-21 14:23:38.233  3359  3425 D cccccc  : onTaskStackChangedBackground
12-21 14:23:38.284  8281  8281 I wm_on_stop_called: [0,104242110,com.autonavi.map.activity.NewMapActivity,STOP_ACTIVITY_ITEM,21]
12-21 14:23:38.293  8281  8281 I wm_on_idle_called: com.autonavi.map.activity.NewMapActivity
12-21 14:23:38.454  3359  8310 I com.miui.home: CheckGCForNative adj_start_bytes: 32824313 NativeAllocationGcWatermark: 10551298 java_gc_start_bytes: 16997366 kNewNativeDiscountFactor: 2 kOldNativeDiscountFactor: 65536 old_native_bytes: 105049391 new_native_bytes: 21814820 add_bytes_allowed: 31653894 is_gc_concurrent: 1 target_footprint_: 17301524 GetBytesAllocated: 12081684 HeapGrowthMultiplier: 3
12-21 14:23:38.456  3359  8310 I com.miui.home: CheckGCForNative gc_urgency 0.700417 current_native_bytes is 126864211
12-21 14:23:38.466  3359  8310 I com.miui.home: CheckGCForNative adj_start_bytes: 32824313 NativeAllocationGcWatermark: 10551298 java_gc_start_bytes: 16997366 kNewNativeDiscountFactor: 2 kOldNativeDiscountFactor: 65536 old_native_bytes: 105049391 new_native_bytes: 21885604 add_bytes_allowed: 31653894 is_gc_concurrent: 1 target_footprint_: 17301524 GetBytesAllocated: 12111188 HeapGrowthMultiplier: 3
12-21 14:23:38.466  3359  8310 I com.miui.home: CheckGCForNative gc_urgency 0.702394 current_native_bytes is 126934995
12-21 14:23:38.755  3359  3654 E cccccc  : createTaskSnapshot:
12-21 14:23:38.755  3359  3654 I cccccc  : getTaskSnapshotInstance:
12-21 14:23:38.759  3359  3654 E cccccc  : createTaskSnapshot:
12-21 14:23:38.759  3359  3654 I cccccc  : getTaskSnapshotInstance:
12-21 14:23:38.762  3359  3654 I com.miui.home: CheckGCForNative adj_start_bytes: 32824313 NativeAllocationGcWatermark: 10551298 java_gc_start_bytes: 16997366 kNewNativeDiscountFactor: 2 kOldNativeDiscountFactor: 65536 old_native_bytes: 105049391 new_native_bytes: 32802708 add_bytes_allowed: 31653894 is_gc_concurrent: 1 target_footprint_: 17301524 GetBytesAllocated: 12402803 HeapGrowthMultiplier: 3
12-21 14:23:38.762  3359  3654 I com.miui.home: CheckGCForNative gc_urgency 0.877574 current_native_bytes is 137852099
12-21 14:23:38.806  3359  3650 I com.miui.home: CheckGCForNative adj_start_bytes: 32824313 NativeAllocationGcWatermark: 10551298 java_gc_start_bytes: 16997366 kNewNativeDiscountFactor: 2 kOldNativeDiscountFactor: 65536 old_native_bytes: 105049391 new_native_bytes: 22095764 add_bytes_allowed: 31653894 is_gc_concurrent: 1 target_footprint_: 17301524 GetBytesAllocated: 12415444 HeapGrowthMultiplier: 3
12-21 14:23:38.806  3359  3650 I com.miui.home: CheckGCForNative gc_urgency 0.714864 current_native_bytes is 127145155
12-21 14:23:39.057  8744  8744 I wm_on_create_called: [0,29331624,fm.qingting.qtradio.WelcomeActivity,performCreate,134]
12-21 14:23:39.058  8744  8744 I wm_on_start_called: [0,29331624,fm.qingting.qtradio.WelcomeActivity,handleStartActivity,0]
12-21 14:23:39.064  8744  8744 I wm_on_resume_called: [0,29331624,fm.qingting.qtradio.WelcomeActivity,RESUME_ACTIVITY,4]
12-21 14:23:39.137  8744  8744 I wm_on_top_resumed_gained_called: [29331624,fm.qingting.qtradio.WelcomeActivity,topStateChangedWhenResumed]
12-21 14:23:39.412  3359  3359 I wm_on_stop_called: [0,1704046,com.miui.home.launcher.Launcher,STOP_ACTIVITY_ITEM,6]
12-21 14:23:39.606  8744  8744 I wm_on_idle_called: fm.qingting.qtradio.WelcomeActivity
12-21 14:23:39.756  3359  3359 I wm_on_restart_called: [0,1704046,com.miui.home.launcher.Launcher,,0]
12-21 14:23:39.758  3359  3359 I wm_on_start_called: [0,1704046,com.miui.home.launcher.Launcher,handleStartActivity,1]
12-21 14:23:39.795  3359  3359 I wm_on_resume_called: [0,1704046,com.miui.home.launcher.Launcher,RESUME_ACTIVITY,35]
12-21 14:23:39.881  3359  3359 I wm_on_idle_called: com.miui.home.launcher.Launcher
12-21 14:23:39.992  3359  8783 I com.miui.home: CheckGCForNative adj_start_bytes: 32824313 NativeAllocationGcWatermark: 10551298 java_gc_start_bytes: 16997366 kNewNativeDiscountFactor: 2 kOldNativeDiscountFactor: 65536 old_native_bytes: 105049391 new_native_bytes: 33450184 add_bytes_allowed: 31653894 is_gc_concurrent: 1 target_footprint_: 17301524 GetBytesAllocated: 13772227 HeapGrowthMultiplier: 3
12-21 14:23:39.992  3359  8783 I com.miui.home: CheckGCForNative gc_urgency 0.929156 current_native_bytes is 138499575
12-21 14:23:39.992  3359  8783 I cccccc  : createTaskSnapshotCompat:
12-21 14:23:39.995  3359  8783 I com.miui.home: CheckGCForNative adj_start_bytes: 32824313 NativeAllocationGcWatermark: 10551298 java_gc_start_bytes: 16997366 kNewNativeDiscountFactor: 2 kOldNativeDiscountFactor: 65536 old_native_bytes: 105049391 new_native_bytes: 44157128 add_bytes_allowed: 31653894 is_gc_concurrent: 1 target_footprint_: 17301524 GetBytesAllocated: 13777866 HeapGrowthMultiplier: 3
12-21 14:23:39.995  3359  8783 I com.miui.home: CheckGCForNative gc_urgency 1.09242 current_native_bytes is 149206519
12-21 14:23:39.995  3359  8783 I com.miui.home: CheckGCForNative requested 1
12-21 14:23:40.028  3359  8783 I cccccc  : getTaskSnapshot:
12-21 14:23:40.029  3359  8783 I com.miui.home: CheckGCForNative adj_start_bytes: 32824313 NativeAllocationGcWatermark: 10551298 java_gc_start_bytes: 16997366 kNewNativeDiscountFactor: 2 kOldNativeDiscountFactor: 65536 old_native_bytes: 105049391 new_native_bytes: 44204232 add_bytes_allowed: 31653894 is_gc_concurrent: 1 target_footprint_: 17301524 GetBytesAllocated: 13804958 HeapGrowthMultiplier: 3
12-21 14:23:40.030  3359  8783 I com.miui.home: CheckGCForNative gc_urgency 1.09397 current_native_bytes is 149253623
12-21 14:23:40.030  3359  8783 I com.miui.home: CheckGCForNative requested 1
12-21 14:23:40.031  3359  3650 I com.miui.home: CheckGCForNative adj_start_bytes: 32824313 NativeAllocationGcWatermark: 10551298 java_gc_start_bytes: 16997366 kNewNativeDiscountFactor: 2 kOldNativeDiscountFactor: 65536 old_native_bytes: 105049391 new_native_bytes: 44204744 add_bytes_allowed: 31653894 is_gc_concurrent: 1 target_footprint_: 17301524 GetBytesAllocated: 13805150 HeapGrowthMultiplier: 3
12-21 14:23:40.031  3359  3650 I com.miui.home: CheckGCForNative gc_urgency 1.09398 current_native_bytes is 149254135
12-21 14:23:40.031  3359  3650 I com.miui.home: CheckGCForNative requested 1
12-21 14:23:40.035  3359  3359 I cccccc  : createTaskSnapshotCompat:
12-21 14:23:40.080  8744  8744 I wm_on_top_resumed_lost_called: [29331624,fm.qingting.qtradio.WelcomeActivity,topStateChangedWhenResumed]
12-21 14:23:40.102  3359  3359 I wm_on_top_resumed_gained_called: [1704046,com.miui.home.launcher.Launcher,topStateChangedWhenResumed]
12-21 14:23:40.104  3359  3650 I com.miui.home: CheckGCForNative adj_start_bytes: 32824313 NativeAllocationGcWatermark: 10551298 java_gc_start_bytes: 16997366 kNewNativeDiscountFactor: 2 kOldNativeDiscountFactor: 65536 old_native_bytes: 105049391 new_native_bytes: 33570904 add_bytes_allowed: 31653894 is_gc_concurrent: 1 target_footprint_: 17301524 GetBytesAllocated: 13888959 HeapGrowthMultiplier: 3
12-21 14:23:40.104  3359  3650 I com.miui.home: CheckGCForNative gc_urgency 0.934552 current_native_bytes is 138620295
12-21 14:23:40.195  3359  3418 I com.miui.home: NativeAlloc concurrent copying GC freed 116214(4832KB) AllocSpace objects, 6(312KB) LOS objects, 49% free, 8498KB/16MB, paused 567us,25us total 199.624ms
12-21 14:23:40.460  3359  3650 I com.miui.home: CheckGCForNative gc_urgency 0 current_native_bytes is 126579383
12-21 14:23:40.477  3359  8783 I cccccc  : getTaskSnapshot:
12-21 14:23:40.478  3359  3649 I com.miui.home: CheckGCForNative adj_start_bytes: 33058932 NativeAllocationGcWatermark: 10564295 java_gc_start_bytes: 17212490 kNewNativeDiscountFactor: 2 kOldNativeDiscountFactor: 65536 old_native_bytes: 126579383 new_native_bytes: 10688960 add_bytes_allowed: 31692885 is_gc_concurrent: 1 target_footprint_: 17405503 GetBytesAllocated: 8882437 HeapGrowthMultiplier: 3
12-21 14:23:40.479  3359  3649 I com.miui.home: CheckGCForNative gc_urgency 0.430409 current_native_bytes is 137268343
12-21 14:23:40.479  3359  8783 I com.miui.home: CheckGCForNative adj_start_bytes: 33058932 NativeAllocationGcWatermark: 10564295 java_gc_start_bytes: 17212490 kNewNativeDiscountFactor: 2 kOldNativeDiscountFactor: 65536 old_native_bytes: 126579383 new_native_bytes: 21394880 add_bytes_allowed: 31692885 is_gc_concurrent: 1 target_footprint_: 17405503 GetBytesAllocated: 8882437 HeapGrowthMultiplier: 3
12-21 14:23:40.479  3359  8783 I com.miui.home: CheckGCForNative gc_urgency 0.592336 current_native_bytes is 147974263
12-21 14:23:40.479  3359  3649 I cccccc  : createTaskSnapshotCompat:
12-21 14:23:40.480  3359  3359 I cccccc  : createTaskSnapshotCompat:
12-21 14:23:40.480  3359  3359 I com.miui.home: CheckGCForNative adj_start_bytes: 33058932 NativeAllocationGcWatermark: 10564295 java_gc_start_bytes: 17212490 kNewNativeDiscountFactor: 2 kOldNativeDiscountFactor: 65536 old_native_bytes: 126579383 new_native_bytes: 32102080 add_bytes_allowed: 31692885 is_gc_concurrent: 1 target_footprint_: 17405503 GetBytesAllocated: 8882821 HeapGrowthMultiplier: 3
12-21 14:23:40.480  3359  3359 I com.miui.home: CheckGCForNative gc_urgency 0.754283 current_native_bytes is 158681463
12-21 14:23:40.489  8744  8744 I wm_on_paused_called: [0,29331624,fm.qingting.qtradio.WelcomeActivity,performPause,1]
12-21 14:23:40.563  8744  8744 I wm_on_stop_called: [0,29331624,fm.qingting.qtradio.WelcomeActivity,STOP_ACTIVITY_ITEM,3]
12-21 14:23:40.620  3359  8783 D cccccc  : onTaskStackChangedBackground
12-21 14:23:40.621  3359  8783 D cccccc  : onTaskStackChangedBackground
12-21 14:23:40.760  3359  3359 I wm_on_top_resumed_lost_called: [1704046,com.miui.home.launcher.Launcher,topStateChangedWhenResumed]
12-21 14:23:40.770  3359  3359 I wm_on_paused_called: [0,1704046,com.miui.home.launcher.Launcher,performPause,2]
12-21 14:23:40.804  3359  8783 D cccccc  : onTaskStackChangedBackground
12-21 14:23:40.808  3359  8783 D cccccc  : onTaskStackChangedBackground
12-21 14:23:40.877  3359  8783 D cccccc  : onTaskStackChangedBackground
12-21 14:23:40.885  3359  8783 D cccccc  : onTaskStackChangedBackground
12-21 14:23:41.016  3359  3654 E cccccc  : createTaskSnapshot:
12-21 14:23:41.016  3359  3654 I cccccc  : getTaskSnapshotInstance:
12-21 14:23:41.018  3359  3654 I com.miui.home: CheckGCForNative adj_start_bytes: 33058932 NativeAllocationGcWatermark: 10564295 java_gc_start_bytes: 17212490 kNewNativeDiscountFactor: 2 kOldNativeDiscountFactor: 65536 old_native_bytes: 126579383 new_native_bytes: 22517796 add_bytes_allowed: 31692885 is_gc_concurrent: 1 target_footprint_: 17405503 GetBytesAllocated: 10105636 HeapGrowthMultiplier: 3
12-21 14:23:41.018  3359  3654 I com.miui.home: CheckGCForNative gc_urgency 0.646365 current_native_bytes is 149097179
12-21 14:23:41.036  9099  9099 I wm_on_application_create_called: [0,com.xiaomi.bluetooth,395]
12-21 14:23:41.043  3359  8310 I com.miui.home: CheckGCForNative adj_start_bytes: 33058932 NativeAllocationGcWatermark: 10564295 java_gc_start_bytes: 17212490 kNewNativeDiscountFactor: 2 kOldNativeDiscountFactor: 65536 old_native_bytes: 126579383 new_native_bytes: 12017188 add_bytes_allowed: 31692885 is_gc_concurrent: 1 target_footprint_: 17405503 GetBytesAllocated: 10208443 HeapGrowthMultiplier: 3
12-21 14:23:41.043  3359  8310 I com.miui.home: CheckGCForNative gc_urgency 0.490608 current_native_bytes is 138596571
12-21 14:23:41.109  3359  3654 I com.miui.home: CheckGCForNative adj_start_bytes: 33058932 NativeAllocationGcWatermark: 10564295 java_gc_start_bytes: 17212490 kNewNativeDiscountFactor: 2 kOldNativeDiscountFactor: 65536 old_native_bytes: 126579383 new_native_bytes: 13368480 add_bytes_allowed: 31692885 is_gc_concurrent: 1 target_footprint_: 17405503 GetBytesAllocated: 10316478 HeapGrowthMultiplier: 3
12-21 14:23:41.109  3359  3654 I com.miui.home: CheckGCForNative gc_urgency 0.514313 current_native_bytes is 139947863
12-21 14:23:41.418  3359  3650 I com.miui.home: CheckGCForNative adj_start_bytes: 33058932 NativeAllocationGcWatermark: 10564295 java_gc_start_bytes: 17212490 kNewNativeDiscountFactor: 2 kOldNativeDiscountFactor: 65536 old_native_bytes: 126579383 new_native_bytes: 13537344 add_bytes_allowed: 31692885 is_gc_concurrent: 1 target_footprint_: 17405503 GetBytesAllocated: 10824632 HeapGrowthMultiplier: 3
12-21 14:23:41.418  3359  3650 I com.miui.home: CheckGCForNative gc_urgency 0.532238 current_native_bytes is 140116727
12-21 14:23:41.427  3359  3654 E cccccc  : createTaskSnapshot:
12-21 14:23:41.427  3359  3654 I cccccc  : getTaskSnapshotInstance:
12-21 14:23:42.318  9171  9171 I wm_on_application_create_called: [0,com.ss.android.ugc.aweme,418]
12-21 14:23:42.513  3359  3359 I wm_on_resume_called: [0,1704046,com.miui.home.launcher.Launcher,RESUME_ACTIVITY,19]
12-21 14:23:42.588  3359  3359 I com.miui.home: CheckGCForNative adj_start_bytes: 33058932 NativeAllocationGcWatermark: 10564295 java_gc_start_bytes: 17212490 kNewNativeDiscountFactor: 2 kOldNativeDiscountFactor: 65536 old_native_bytes: 126579383 new_native_bytes: 13522168 add_bytes_allowed: 31692885 is_gc_concurrent: 1 target_footprint_: 17405503 GetBytesAllocated: 11542478 HeapGrowthMultiplier: 3
12-21 14:23:42.588  3359  3359 I com.miui.home: CheckGCForNative gc_urgency 0.553723 current_native_bytes is 140101551
12-21 14:23:42.590  3359  3359 I wm_on_idle_called: com.miui.home.launcher.Launcher
12-21 14:23:42.657  3359  8783 I cccccc  : getTaskSnapshot:
12-21 14:23:42.658  3359  8783 I com.miui.home: CheckGCForNative adj_start_bytes: 33058932 NativeAllocationGcWatermark: 10564295 java_gc_start_bytes: 17212490 kNewNativeDiscountFactor: 2 kOldNativeDiscountFactor: 65536 old_native_bytes: 126579383 new_native_bytes: 24237180 add_bytes_allowed: 31692885 is_gc_concurrent: 1 target_footprint_: 17405503 GetBytesAllocated: 11876124 HeapGrowthMultiplier: 3
12-21 14:23:42.658  3359  8783 I com.miui.home: CheckGCForNative gc_urgency 0.725875 current_native_bytes is 150816563
12-21 14:23:42.659  3359  3359 I cccccc  : createTaskSnapshotCompat:
12-21 14:23:42.660  3359  3435 I com.miui.home: CheckGCForNative adj_start_bytes: 33058932 NativeAllocationGcWatermark: 10564295 java_gc_start_bytes: 17212490 kNewNativeDiscountFactor: 2 kOldNativeDiscountFactor: 65536 old_native_bytes: 126579383 new_native_bytes: 34943100 add_bytes_allowed: 31692885 is_gc_concurrent: 1 target_footprint_: 17405503 GetBytesAllocated: 11879869 HeapGrowthMultiplier: 3
12-21 14:23:42.660  3359  3435 I com.miui.home: CheckGCForNative gc_urgency 0.888291 current_native_bytes is 161522483
12-21 14:23:42.660  3359  3359 I com.miui.home: CheckGCForNative adj_start_bytes: 33058932 NativeAllocationGcWatermark: 10564295 java_gc_start_bytes: 17212490 kNewNativeDiscountFactor: 2 kOldNativeDiscountFactor: 65536 old_native_bytes: 126579383 new_native_bytes: 45650556 add_bytes_allowed: 31692885 is_gc_concurrent: 1 target_footprint_: 17405503 GetBytesAllocated: 11892651 HeapGrowthMultiplier: 3
12-21 14:23:42.660  3359  3359 I com.miui.home: CheckGCForNative gc_urgency 1.05024 current_native_bytes is 172229939
12-21 14:23:42.660  3359  3359 I com.miui.home: CheckGCForNative requested 1
12-21 14:23:42.662  3359  3435 I cccccc  : createTaskSnapshotCompat:
12-21 14:23:42.755  3359  3650 I com.miui.home: CheckGCForNative adj_start_bytes: 33058932 NativeAllocationGcWatermark: 10564295 java_gc_start_bytes: 17212490 kNewNativeDiscountFactor: 2 kOldNativeDiscountFactor: 65536 old_native_bytes: 126579383 new_native_bytes: 24300924 add_bytes_allowed: 31692885 is_gc_concurrent: 1 target_footprint_: 17405503 GetBytesAllocated: 12282669 HeapGrowthMultiplier: 3
12-21 14:23:42.755  3359  3650 I com.miui.home: CheckGCForNative gc_urgency 0.739136 current_native_bytes is 150880307
12-21 14:23:42.843  3359  3418 I com.miui.home: NativeAlloc concurrent copying GC freed 77375(3280KB) AllocSpace objects, 4(208KB) LOS objects, 49% free, 8610KB/16MB, paused 242us,68us total 183.111ms
12-21 14:23:42.974  9171  9171 I wm_on_create_called: [0,240849528,com.ss.android.ugc.aweme.splash.SplashActivity,performCreate,616]
12-21 14:23:42.988  3359  3359 I wm_on_top_resumed_gained_called: [1704046,com.miui.home.launcher.Launcher,topStateChangedWhenResumed]
12-21 14:23:43.100  3359  3650 I com.miui.home: CheckGCForNative gc_urgency 0 current_native_bytes is 128532175
12-21 14:23:43.125  9171  9171 I wm_on_start_called: [0,240849528,com.ss.android.ugc.aweme.splash.SplashActivity,handleStartActivity,122]
12-21 14:23:43.145  3359  4042 I cccccc  : getTaskSnapshot:
12-21 14:23:43.146  3359  3649 I com.miui.home: CheckGCForNative adj_start_bytes: 33027705 NativeAllocationGcWatermark: 10592912 java_gc_start_bytes: 17138337 kNewNativeDiscountFactor: 2 kOldNativeDiscountFactor: 65536 old_native_bytes: 128532175 new_native_bytes: 10697472 add_bytes_allowed: 31778736 is_gc_concurrent: 1 target_footprint_: 17634439 GetBytesAllocated: 8983196 HeapGrowthMultiplier: 3
12-21 14:23:43.146  3359  3649 I com.miui.home: CheckGCForNative gc_urgency 0.434492 current_native_bytes is 139229647
12-21 14:23:43.146  3359  4042 I com.miui.home: CheckGCForNative adj_start_bytes: 33027705 NativeAllocationGcWatermark: 10592912 java_gc_start_bytes: 17138337 kNewNativeDiscountFactor: 2 kOldNativeDiscountFactor: 65536 old_native_bytes: 128532175 new_native_bytes: 21411776 add_bytes_allowed: 31778736 is_gc_concurrent: 1 target_footprint_: 17634439 GetBytesAllocated: 8999580 HeapGrowthMultiplier: 3
12-21 14:23:43.147  3359  3649 I cccccc  : createTaskSnapshotCompat:
12-21 14:23:43.147  3359  4042 I com.miui.home: CheckGCForNative gc_urgency 0.5967 current_native_bytes is 149943951
12-21 14:23:43.148  3359  3359 I cccccc  : createTaskSnapshotCompat:
12-21 14:23:43.148  3359  3359 I com.miui.home: CheckGCForNative adj_start_bytes: 33027705 NativeAllocationGcWatermark: 10592912 java_gc_start_bytes: 17138337 kNewNativeDiscountFactor: 2 kOldNativeDiscountFactor: 65536 old_native_bytes: 128532175 new_native_bytes: 32114240 add_bytes_allowed: 31778736 is_gc_concurrent: 1 target_footprint_: 17634439 GetBytesAllocated: 8999964 HeapGrowthMultiplier: 3
12-21 14:23:43.148  3359  3359 I com.miui.home: CheckGCForNative gc_urgency 0.758728 current_native_bytes is 160646415
12-21 14:23:43.361  9171  9171 I wm_on_resume_called: [0,240849528,com.ss.android.ugc.aweme.splash.SplashActivity,RESUME_ACTIVITY,167]
12-21 14:23:43.439  3359  3359 I wm_on_top_resumed_lost_called: [1704046,com.miui.home.launcher.Launcher,topStateChangedWhenResumed]
12-21 14:23:43.459  3359  3435 D cccccc  : onTaskStackChangedBackground
12-21 14:23:43.465  3359  3435 D cccccc  : onTaskStackChangedBackground
12-21 14:23:43.466  3359  3654 I com.miui.home: CheckGCForNative adj_start_bytes: 33027705 NativeAllocationGcWatermark: 10592912 java_gc_start_bytes: 17138337 kNewNativeDiscountFactor: 2 kOldNativeDiscountFactor: 65536 old_native_bytes: 128532175 new_native_bytes: 11016928 add_bytes_allowed: 31778736 is_gc_concurrent: 1 target_footprint_: 17634439 GetBytesAllocated: 9363598 HeapGrowthMultiplier: 3
12-21 14:23:43.466  3359  3654 I com.miui.home: CheckGCForNative gc_urgency 0.45035 current_native_bytes is 139549103
12-21 14:23:43.661  3359  3359 I wm_on_paused_called: [0,1704046,com.miui.home.launcher.Launcher,performPause,2]
12-21 14:23:43.768  3359  3425 D cccccc  : onTaskStackChangedBackground
12-21 14:23:43.772  3359  3425 D cccccc  : onTaskStackChangedBackground
12-21 14:23:43.810  3359  3654 E cccccc  : createTaskSnapshot:
12-21 14:23:43.810  3359  3654 I cccccc  : getTaskSnapshotInstance:
12-21 14:23:43.812  3359  3654 I com.miui.home: CheckGCForNative adj_start_bytes: 33027705 NativeAllocationGcWatermark: 10592912 java_gc_start_bytes: 17138337 kNewNativeDiscountFactor: 2 kOldNativeDiscountFactor: 65536 old_native_bytes: 128532175 new_native_bytes: 22716236 add_bytes_allowed: 31778736 is_gc_concurrent: 1 target_footprint_: 17634439 GetBytesAllocated: 10297338 HeapGrowthMultiplier: 3
12-21 14:23:43.812  3359  3654 I com.miui.home: CheckGCForNative gc_urgency 0.655735 current_native_bytes is 151248411
12-21 14:23:43.832  3359  3588 E cccccc  : createTaskSnapshot:
12-21 14:23:43.833  3359  3588 I cccccc  : getTaskSnapshotInstance:
12-21 14:23:43.964  3359  8310 I com.miui.home: CheckGCForNative adj_start_bytes: 33027705 NativeAllocationGcWatermark: 10592912 java_gc_start_bytes: 17138337 kNewNativeDiscountFactor: 2 kOldNativeDiscountFactor: 65536 old_native_bytes: 128532175 new_native_bytes: 12213304 add_bytes_allowed: 31778736 is_gc_concurrent: 1 target_footprint_: 17634439 GetBytesAllocated: 10785700 HeapGrowthMultiplier: 3
12-21 14:23:43.964  3359  8310 I com.miui.home: CheckGCForNative gc_urgency 0.511519 current_native_bytes is 140745479
12-21 14:23:44.033  3359  3588 E cccccc  : createTaskSnapshot:
12-21 14:23:44.033  3359  3588 I cccccc  : getTaskSnapshotInstance:
12-21 14:23:44.292  3359  3650 I com.miui.home: CheckGCForNative adj_start_bytes: 33027705 NativeAllocationGcWatermark: 10592912 java_gc_start_bytes: 17138337 kNewNativeDiscountFactor: 2 kOldNativeDiscountFactor: 65536 old_native_bytes: 128532175 new_native_bytes: 12322496 add_bytes_allowed: 31778736 is_gc_concurrent: 1 target_footprint_: 17634439 GetBytesAllocated: 11140022 HeapGrowthMultiplier: 3
12-21 14:23:44.292  3359  3650 I com.miui.home: CheckGCForNative gc_urgency 0.523901 current_native_bytes is 140854671
12-21 14:23:44.460  3359  3359 I com.miui.home: CheckGCForNative adj_start_bytes: 33027705 NativeAllocationGcWatermark: 10592912 java_gc_start_bytes: 17138337 kNewNativeDiscountFactor: 2 kOldNativeDiscountFactor: 65536 old_native_bytes: 128532175 new_native_bytes: 12338864 add_bytes_allowed: 31778736 is_gc_concurrent: 1 target_footprint_: 17634439 GetBytesAllocated: 11189391 HeapGrowthMultiplier: 3
12-21 14:23:44.460  3359  3359 I com.miui.home: CheckGCForNative gc_urgency 0.525643 current_native_bytes is 140871039
12-21 14:23:44.660  9643  9643 I wm_on_create_called: [0,32284091,com.eg.android.AlipayGphone.AlipayLogin,performCreate,118]
12-21 14:23:44.666  9643  9643 I wm_on_start_called: [0,32284091,com.eg.android.AlipayGphone.AlipayLogin,handleStartActivity,5]
12-21 14:23:44.674  9643  9643 I wm_on_resume_called: [0,32284091,com.eg.android.AlipayGphone.AlipayLogin,RESUME_ACTIVITY,7]
12-21 14:23:44.702  9643  9643 I wm_on_top_resumed_gained_called: [32284091,com.eg.android.AlipayGphone.AlipayLogin,topStateChangedWhenResumed]
12-21 14:23:44.871  9715  9906 E LoggingUtil: 12-21 14:20:48.603  9059  9059 I wm_on_create_called: [0,187141863,com.eg.android.AlipayGphone.AlipayLogin,performCreate,32]
12-21 14:23:44.871  9715  9906 E LoggingUtil: 12-21 14:20:48.607  9059  9059 I wm_on_start_called: [0,187141863,com.eg.android.AlipayGphone.AlipayLogin,handleStartActivity,3]
12-21 14:23:44.871  9715  9906 E LoggingUtil: 12-21 14:20:48.613  9059  9059 I wm_on_resume_called: [0,187141863,com.eg.android.AlipayGphone.AlipayLogin,RESUME_ACTIVITY,5]
12-21 14:23:44.871  9715  9906 E LoggingUtil: 12-21 14:20:48.645  9059  9059 I wm_on_top_resumed_gained_called: [187141863,com.eg.android.AlipayGphone.AlipayLogin,topStateChangedWhenResumed]
12-21 14:23:44.872  9715  9906 E LoggingUtil: 12-21 14:20:52.084  9594  9594 I wm_on_application_create_called: [0,com.eg.android.AlipayGphone,1038]
12-21 14:23:44.872  9715  9906 E LoggingUtil: 12-21 14:20:53.227  9059  9059 I wm_on_top_resumed_lost_called: [187141863,com.eg.android.AlipayGphone.AlipayLogin,topStateChangedWhenResumed]
12-21 14:23:45.229  3359  3359 I wm_on_resume_called: [0,1704046,com.miui.home.launcher.Launcher,RESUME_ACTIVITY,25]
12-21 14:23:45.248  3359  3359 I wm_on_idle_called: com.miui.home.launcher.Launcher
12-21 14:23:45.314  3359  3750 I com.miui.home: CheckGCForNative adj_start_bytes: 33027705 NativeAllocationGcWatermark: 10592912 java_gc_start_bytes: 17138337 kNewNativeDiscountFactor: 2 kOldNativeDiscountFactor: 65536 old_native_bytes: 128532175 new_native_bytes: 22984572 add_bytes_allowed: 31778736 is_gc_concurrent: 1 target_footprint_: 17634439 GetBytesAllocated: 12102870 HeapGrowthMultiplier: 3
12-21 14:23:45.314  3359  3750 I com.miui.home: CheckGCForNative gc_urgency 0.714464 current_native_bytes is 151516747
12-21 14:23:45.314  3359  3750 I cccccc  : createTaskSnapshotCompat:
12-21 14:23:45.316  3359  3750 I com.miui.home: CheckGCForNative adj_start_bytes: 33027705 NativeAllocationGcWatermark: 10592912 java_gc_start_bytes: 17138337 kNewNativeDiscountFactor: 2 kOldNativeDiscountFactor: 65536 old_native_bytes: 128532175 new_native_bytes: 33691548 add_bytes_allowed: 31778736 is_gc_concurrent: 1 target_footprint_: 17634439 GetBytesAllocated: 12115835 HeapGrowthMultiplier: 3
12-21 14:23:45.316  3359  3750 I com.miui.home: CheckGCForNative gc_urgency 0.877244 current_native_bytes is 162223723
12-21 14:23:45.317  3359  8783 I cccccc  : getTaskSnapshot:
12-21 14:23:45.317  3359  8783 I com.miui.home: CheckGCForNative adj_start_bytes: 33027705 NativeAllocationGcWatermark: 10592912 java_gc_start_bytes: 17138337 kNewNativeDiscountFactor: 2 kOldNativeDiscountFactor: 65536 old_native_bytes: 128532175 new_native_bytes: 33691548 add_bytes_allowed: 31778736 is_gc_concurrent: 1 target_footprint_: 17634439 GetBytesAllocated: 12125635 HeapGrowthMultiplier: 3
12-21 14:23:45.317  3359  8783 I com.miui.home: CheckGCForNative gc_urgency 0.877244 current_native_bytes is 162223723
12-21 14:23:45.319  3359  3359 I cccccc  : createTaskSnapshotCompat:
12-21 14:23:45.367  3359  3650 I com.miui.home: CheckGCForNative adj_start_bytes: 33027705 NativeAllocationGcWatermark: 10592912 java_gc_start_bytes: 17138337 kNewNativeDiscountFactor: 2 kOldNativeDiscountFactor: 65536 old_native_bytes: 128532175 new_native_bytes: 23084044 add_bytes_allowed: 31778736 is_gc_concurrent: 1 target_footprint_: 17634439 GetBytesAllocated: 12460339 HeapGrowthMultiplier: 3
12-21 14:23:45.367  3359  3650 I com.miui.home: CheckGCForNative gc_urgency 0.726794 current_native_bytes is 151616219
12-21 14:23:45.636  3359  3359 I wm_on_top_resumed_gained_called: [1704046,com.miui.home.launcher.Launcher,topStateChangedWhenResumed]
12-21 14:23:45.720  9908  9908 I wm_on_application_create_called: [0,com.eg.android.AlipayGphone,221]
12-21 14:23:45.723  3359  3650 I com.miui.home: CheckGCForNative adj_start_bytes: 33027705 NativeAllocationGcWatermark: 10592912 java_gc_start_bytes: 17138337 kNewNativeDiscountFactor: 2 kOldNativeDiscountFactor: 65536 old_native_bytes: 128532175 new_native_bytes: 23119628 add_bytes_allowed: 31778736 is_gc_concurrent: 1 target_footprint_: 17634439 GetBytesAllocated: 12832573 HeapGrowthMultiplier: 3
12-21 14:23:45.723  3359  3650 I com.miui.home: CheckGCForNative gc_urgency 0.738603 current_native_bytes is 151651803
12-21 14:23:45.756  3359  3650 I com.miui.home: CheckGCForNative adj_start_bytes: 33027705 NativeAllocationGcWatermark: 10592912 java_gc_start_bytes: 17138337 kNewNativeDiscountFactor: 2 kOldNativeDiscountFactor: 65536 old_native_bytes: 128532175 new_native_bytes: 23163948 add_bytes_allowed: 31778736 is_gc_concurrent: 1 target_footprint_: 17634439 GetBytesAllocated: 12848529 HeapGrowthMultiplier: 3
12-21 14:23:45.757  3359  3650 I com.miui.home: CheckGCForNative gc_urgency 0.739757 current_native_bytes is 151696123
12-21 14:23:45.794  3359  3649 I com.miui.home: CheckGCForNative adj_start_bytes: 33027705 NativeAllocationGcWatermark: 10592912 java_gc_start_bytes: 17138337 kNewNativeDiscountFactor: 2 kOldNativeDiscountFactor: 65536 old_native_bytes: 128532175 new_native_bytes: 33853612 add_bytes_allowed: 31778736 is_gc_concurrent: 1 target_footprint_: 17634439 GetBytesAllocated: 12898020 HeapGrowthMultiplier: 3
12-21 14:23:45.794  3359  3649 I com.miui.home: CheckGCForNative gc_urgency 0.903084 current_native_bytes is 162385787
12-21 14:23:45.797  3359  3649 I cccccc  : createTaskSnapshotCompat:
12-21 14:23:45.799  3359  8783 I cccccc  : getTaskSnapshot:
12-21 14:23:45.799  3359  8783 I com.miui.home: CheckGCForNative adj_start_bytes: 33027705 NativeAllocationGcWatermark: 10592912 java_gc_start_bytes: 17138337 kNewNativeDiscountFactor: 2 kOldNativeDiscountFactor: 65536 old_native_bytes: 128532175 new_native_bytes: 44557612 add_bytes_allowed: 31778736 is_gc_concurrent: 1 target_footprint_: 17634439 GetBytesAllocated: 12901222 HeapGrowthMultiplier: 3
12-21 14:23:45.799  3359  8783 I com.miui.home: CheckGCForNative gc_urgency 1.06523 current_native_bytes is 173089787
12-21 14:23:45.799  3359  8783 I com.miui.home: CheckGCForNative requested 1
12-21 14:23:45.799  3359  3359 I cccccc  : createTaskSnapshotCompat:
12-21 14:23:45.800  3359  3359 I com.miui.home: CheckGCForNative adj_start_bytes: 33027705 NativeAllocationGcWatermark: 10592912 java_gc_start_bytes: 17138337 kNewNativeDiscountFactor: 2 kOldNativeDiscountFactor: 65536 old_native_bytes: 128532175 new_native_bytes: 65972204 add_bytes_allowed: 31778736 is_gc_concurrent: 1 target_footprint_: 17634439 GetBytesAllocated: 12908445 HeapGrowthMultiplier: 3
12-21 14:23:45.800  3359  3359 I com.miui.home: CheckGCForNative gc_urgency 1.38964 current_native_bytes is 194504379
12-21 14:23:45.800  3359  3359 I com.miui.home: CheckGCForNative requested 1
12-21 14:23:45.800  3359  3649 I com.miui.home: CheckGCForNative adj_start_bytes: 33027705 NativeAllocationGcWatermark: 10592912 java_gc_start_bytes: 17138337 kNewNativeDiscountFactor: 2 kOldNativeDiscountFactor: 65536 old_native_bytes: 128532175 new_native_bytes: 65972204 add_bytes_allowed: 31778736 is_gc_concurrent: 1 target_footprint_: 17634439 GetBytesAllocated: 12908445 HeapGrowthMultiplier: 3
12-21 14:23:45.800  3359  3649 I com.miui.home: CheckGCForNative gc_urgency 1.38964 current_native_bytes is 194504379
12-21 14:23:45.800  3359  3649 I com.miui.home: CheckGCForNative requested 1
12-21 14:23:46.072  3359  3418 I com.miui.home: NativeAlloc concurrent copying GC freed 92087(3963KB) AllocSpace objects, 6(240KB) LOS objects, 49% free, 8480KB/16MB, paused 242us,318us total 272.549ms
12-21 14:23:46.274  3359  3359 I wm_on_top_resumed_lost_called: [1704046,com.miui.home.launcher.Launcher,topStateChangedWhenResumed]
12-21 14:23:46.296  3359  3750 D cccccc  : onTaskStackChangedBackground
12-21 14:23:46.304  3359  3750 D cccccc  : onTaskStackChangedBackground
12-21 14:23:46.366  3359  3359 I wm_on_paused_called: [0,1704046,com.miui.home.launcher.Launcher,performPause,3]
12-21 14:23:46.467  3359  8783 D cccccc  : onTaskStackChangedBackground
12-21 14:23:46.471  3359  8783 D cccccc  : onTaskStackChangedBackground
12-21 14:23:46.748  3359  3650 I com.miui.home: CheckGCForNative gc_urgency 0 current_native_bytes is 129946695
12-21 14:23:46.794  3359  3654 E cccccc  : createTaskSnapshot:
12-21 14:23:46.794  3359  3654 I cccccc  : getTaskSnapshotInstance:
12-21 14:23:46.831  3359  3588 E cccccc  : createTaskSnapshot:
12-21 14:23:46.831  3359  3588 I cccccc  : getTaskSnapshotInstance:
12-21 14:23:46.838  3359  3588 I com.miui.home: CheckGCForNative adj_start_bytes: 33077362 NativeAllocationGcWatermark: 10559715 java_gc_start_bytes: 17237790 kNewNativeDiscountFactor: 2 kOldNativeDiscountFactor: 65536 old_native_bytes: 129946695 new_native_bytes: 10713512 add_bytes_allowed: 31679145 is_gc_concurrent: 1 target_footprint_: 17368862 GetBytesAllocated: 10138245 HeapGrowthMultiplier: 3
12-21 14:23:46.838  3359  3588 I com.miui.home: CheckGCForNative gc_urgency 0.468603 current_native_bytes is 140660207
12-21 14:23:46.885  3359  3588 I com.miui.home: CheckGCForNative adj_start_bytes: 33077362 NativeAllocationGcWatermark: 10559715 java_gc_start_bytes: 17237790 kNewNativeDiscountFactor: 2 kOldNativeDiscountFactor: 65536 old_native_bytes: 129946695 new_native_bytes: 25364088 add_bytes_allowed: 31679145 is_gc_concurrent: 1 target_footprint_: 17368862 GetBytesAllocated: 10219991 HeapGrowthMultiplier: 3
12-21 14:23:46.885  3359  3588 I com.miui.home: CheckGCForNative gc_urgency 0.692726 current_native_bytes is 155310783
12-21 14:23:46.886  3359  3588 I com.miui.home: CheckGCForNative adj_start_bytes: 33077362 NativeAllocationGcWatermark: 10559715 java_gc_start_bytes: 17237790 kNewNativeDiscountFactor: 2 kOldNativeDiscountFactor: 65536 old_native_bytes: 129946695 new_native_bytes: 13567608 add_bytes_allowed: 31679145 is_gc_concurrent: 1 target_footprint_: 17368862 GetBytesAllocated: 10229508 HeapGrowthMultiplier: 3
12-21 14:23:46.886  3359  3588 I com.miui.home: CheckGCForNative gc_urgency 0.514409 current_native_bytes is 143514303
12-21 14:23:46.917  3359  3588 I com.miui.home: CheckGCForNative adj_start_bytes: 33077362 NativeAllocationGcWatermark: 10559715 java_gc_start_bytes: 17237790 kNewNativeDiscountFactor: 2 kOldNativeDiscountFactor: 65536 old_native_bytes: 129946695 new_native_bytes: 14442268 add_bytes_allowed: 31679145 is_gc_concurrent: 1 target_footprint_: 17368862 GetBytesAllocated: 10309330 HeapGrowthMultiplier: 3
12-21 14:23:46.918  3359  3588 I com.miui.home: CheckGCForNative gc_urgency 0.530044 current_native_bytes is 144388963
12-21 14:23:47.012  3359  3654 I com.miui.home: CheckGCForNative adj_start_bytes: 33077362 NativeAllocationGcWatermark: 10559715 java_gc_start_bytes: 17237790 kNewNativeDiscountFactor: 2 kOldNativeDiscountFactor: 65536 old_native_bytes: 129946695 new_native_bytes: 14535772 add_bytes_allowed: 31679145 is_gc_concurrent: 1 target_footprint_: 17368862 GetBytesAllocated: 10624973 HeapGrowthMultiplier: 3
12-21 14:23:47.012  3359  3654 I com.miui.home: CheckGCForNative gc_urgency 0.541 current_native_bytes is 144482467
12-21 14:23:47.068  3359  3654 E cccccc  : createTaskSnapshot:
12-21 14:23:47.068  3359  3654 I cccccc  : getTaskSnapshotInstance:
12-21 14:23:47.071  3359  3650 I com.miui.home: CheckGCForNative adj_start_bytes: 33077362 NativeAllocationGcWatermark: 10559715 java_gc_start_bytes: 17237790 kNewNativeDiscountFactor: 2 kOldNativeDiscountFactor: 65536 old_native_bytes: 129946695 new_native_bytes: 14436700 add_bytes_allowed: 31679145 is_gc_concurrent: 1 target_footprint_: 17368862 GetBytesAllocated: 10741081 HeapGrowthMultiplier: 3
12-21 14:23:47.071  3359  3650 I com.miui.home: CheckGCForNative gc_urgency 0.543012 current_native_bytes is 144383395
12-21 14:23:47.113 10295 10295 I wm_on_create_called: [0,30258234,com.xunmeng.pinduoduo.ui.activity.MainFrameActivity,performCreate,85]
12-21 14:23:47.247  3359  3588 I com.miui.home: CheckGCForNative adj_start_bytes: 33077362 NativeAllocationGcWatermark: 10559715 java_gc_start_bytes: 17237790 kNewNativeDiscountFactor: 2 kOldNativeDiscountFactor: 65536 old_native_bytes: 129946695 new_native_bytes: 15813396 add_bytes_allowed: 31679145 is_gc_concurrent: 1 target_footprint_: 17368862 GetBytesAllocated: 10833105 HeapGrowthMultiplier: 3
12-21 14:23:47.247  3359  3588 I com.miui.home: CheckGCForNative gc_urgency 0.566605 current_native_bytes is 145760091
12-21 14:23:47.247  3359  3588 I com.miui.home: CheckGCForNative adj_start_bytes: 33077362 NativeAllocationGcWatermark: 10559715 java_gc_start_bytes: 17237790 kNewNativeDiscountFactor: 2 kOldNativeDiscountFactor: 65536 old_native_bytes: 129946695 new_native_bytes: 17264284 add_bytes_allowed: 31679145 is_gc_concurrent: 1 target_footprint_: 17368862 GetBytesAllocated: 10833105 HeapGrowthMultiplier: 3
