12-20 20:43:43.543  3306  3306 I com.miui.home: CheckGCForNative adj_start_bytes: 45286899 NativeAllocationGcWatermark: 11844930 java_gc_start_bytes: 27519504 kNewNativeDiscountFactor: 2 kOldNativeDiscountFactor: 65536 old_native_bytes: 65105295 new_native_bytes: 13663336 add_bytes_allowed: 35534790 is_gc_concurrent: 1 target_footprint_: 27650576 GetBytesAllocated: 24783556 HeapGrowthMultiplier: 3
12-20 20:43:43.543  3306  3306 I com.miui.home: CheckGCForNative gc_urgency 0.698132 current_native_bytes is 78768631
12-20 20:43:43.658  3306  3306 I wm_on_top_resumed_lost_called: [248778734,com.miui.home.launcher.Launcher,topStateChangedWhenResumed]
12-20 20:43:43.666  3306  3306 I wm_on_paused_called: [0,248778734,com.miui.home.launcher.Launcher,performPause,5]
12-20 20:43:43.691  3306  3979 D cccccc  : onTaskStackChangedBackground
12-20 20:43:43.697  3306  3356 D cccccc  : onTaskStackChangedBackground
12-20 20:43:43.775  3306  3950 D cccccc  : onTaskStackChangedBackground
12-20 20:43:43.819  3306  3357 D cccccc  : onTaskStackChangedBackground
12-20 20:43:43.882  3306  8312 I com.miui.home: CheckGCForNative adj_start_bytes: 45286899 NativeAllocationGcWatermark: 11844930 java_gc_start_bytes: 27519504 kNewNativeDiscountFactor: 2 kOldNativeDiscountFactor: 65536 old_native_bytes: 65105295 new_native_bytes: 14397776 add_bytes_allowed: 35534790 is_gc_concurrent: 1 target_footprint_: 27650576 GetBytesAllocated: 26529348 HeapGrowthMultiplier: 3
12-20 20:43:43.882  3306  8312 I com.miui.home: CheckGCForNative gc_urgency 0.74479 current_native_bytes is 79503071
12-20 20:43:44.093  3306  3839 I com.miui.home: CheckGCForNative adj_start_bytes: 45286899 NativeAllocationGcWatermark: 11844930 java_gc_start_bytes: 27519504 kNewNativeDiscountFactor: 2 kOldNativeDiscountFactor: 65536 old_native_bytes: 65105295 new_native_bytes: 15094240 add_bytes_allowed: 35534790 is_gc_concurrent: 1 target_footprint_: 27650576 GetBytesAllocated: 27171095 HeapGrowthMultiplier: 3
12-20 20:43:44.093  3306  3839 I com.miui.home: CheckGCForNative gc_urgency 0.76665 current_native_bytes is 80199535
12-20 20:43:44.126  3306  3839 I com.miui.home: CheckGCForNative adj_start_bytes: 45286899 NativeAllocationGcWatermark: 11844930 java_gc_start_bytes: 27519504 kNewNativeDiscountFactor: 2 kOldNativeDiscountFactor: 65536 old_native_bytes: 65105295 new_native_bytes: 15131616 add_bytes_allowed: 35534790 is_gc_concurrent: 1 target_footprint_: 27650576 GetBytesAllocated: 27392367 HeapGrowthMultiplier: 3
12-20 20:43:44.126  3306  3839 I com.miui.home: CheckGCForNative gc_urgency 0.771949 current_native_bytes is 80236911
12-20 20:43:44.246  3306  3967 I com.miui.home: CheckGCForNative gc_urgency 0 current_native_bytes is 80053831
12-20 20:43:44.408  3306  3967 I com.miui.home: CheckGCForNative gc_urgency 0 current_native_bytes is 79996391
12-20 20:43:44.520  3306  3967 E cccccc  : createTaskSnapshot:
12-20 20:43:44.520  3306  3967 I cccccc  : getTaskSnapshotInstance:
12-20 20:43:44.523  3306  3967 E cccccc  : createTaskSnapshot:
12-20 20:43:44.523  3306  3967 I cccccc  : getTaskSnapshotInstance:
12-20 20:43:44.579  3306  3967 I com.miui.home: CheckGCForNative adj_start_bytes: 45032865 NativeAllocationGcWatermark: 11844930 java_gc_start_bytes: 27265470 kNewNativeDiscountFactor: 2 kOldNativeDiscountFactor: 65536 old_native_bytes: 79996391 new_native_bytes: 11201268 add_bytes_allowed: 35534790 is_gc_concurrent: 1 target_footprint_: 27650576 GetBytesAllocated: 16213205 HeapGrowthMultiplier: 3
12-20 20:43:44.579  3306  3967 I com.miui.home: CheckGCForNative gc_urgency 0.484425 current_native_bytes is 91197659
12-20 20:43:44.582  3306  3967 I com.miui.home: CheckGCForNative adj_start_bytes: 45032865 NativeAllocationGcWatermark: 11844930 java_gc_start_bytes: 27265470 kNewNativeDiscountFactor: 2 kOldNativeDiscountFactor: 65536 old_native_bytes: 79996391 new_native_bytes: 21908212 add_bytes_allowed: 35534790 is_gc_concurrent: 1 target_footprint_: 27650576 GetBytesAllocated: 16221208 HeapGrowthMultiplier: 3
12-20 20:43:44.582  3306  3967 I com.miui.home: CheckGCForNative gc_urgency 0.603482 current_native_bytes is 101904603
12-20 20:43:44.582  3306  3967 E cccccc  : createTaskSnapshot:
12-20 20:43:44.582  3306  3967 I cccccc  : getTaskSnapshotInstance:
12-20 20:43:44.628  3306  3967 I com.miui.home: CheckGCForNative adj_start_bytes: 45032865 NativeAllocationGcWatermark: 11844930 java_gc_start_bytes: 27265470 kNewNativeDiscountFactor: 2 kOldNativeDiscountFactor: 65536 old_native_bytes: 79996391 new_native_bytes: 21908788 add_bytes_allowed: 35534790 is_gc_concurrent: 1 target_footprint_: 27650576 GetBytesAllocated: 16243888 HeapGrowthMultiplier: 3
12-20 20:43:44.629  3306  3967 I com.miui.home: CheckGCForNative gc_urgency 0.603992 current_native_bytes is 101905179
12-20 20:43:44.631  3306  3967 I com.miui.home: CheckGCForNative adj_start_bytes: 45032865 NativeAllocationGcWatermark: 11844930 java_gc_start_bytes: 27265470 kNewNativeDiscountFactor: 2 kOldNativeDiscountFactor: 65536 old_native_bytes: 79996391 new_native_bytes: 32617012 add_bytes_allowed: 35534790 is_gc_concurrent: 1 target_footprint_: 27650576 GetBytesAllocated: 16253371 HeapGrowthMultiplier: 3
12-20 20:43:44.631  3306  3967 I com.miui.home: CheckGCForNative gc_urgency 0.723096 current_native_bytes is 112613403
12-20 20:43:44.632  3306  3967 E cccccc  : createTaskSnapshot:
12-20 20:43:44.632  3306  3967 I cccccc  : getTaskSnapshotInstance:
12-20 20:43:44.679  3306  3967 I com.miui.home: CheckGCForNative adj_start_bytes: 45032865 NativeAllocationGcWatermark: 11844930 java_gc_start_bytes: 27265470 kNewNativeDiscountFactor: 2 kOldNativeDiscountFactor: 65536 old_native_bytes: 79996391 new_native_bytes: 32618004 add_bytes_allowed: 35534790 is_gc_concurrent: 1 target_footprint_: 27650576 GetBytesAllocated: 16277776 HeapGrowthMultiplier: 3
12-20 20:43:44.679  3306  3967 I com.miui.home: CheckGCForNative gc_urgency 0.723649 current_native_bytes is 112614395
12-20 20:43:44.683  3306  3967 I com.miui.home: CheckGCForNative adj_start_bytes: 45032865 NativeAllocationGcWatermark: 11844930 java_gc_start_bytes: 27265470 kNewNativeDiscountFactor: 2 kOldNativeDiscountFactor: 65536 old_native_bytes: 79996391 new_native_bytes: 43324948 add_bytes_allowed: 35534790 is_gc_concurrent: 1 target_footprint_: 27650576 GetBytesAllocated: 16280454 HeapGrowthMultiplier: 3
12-20 20:43:44.683  3306  3967 I com.miui.home: CheckGCForNative gc_urgency 0.842588 current_native_bytes is 123321339
12-20 20:43:44.859  3306  3967 I com.miui.home: CheckGCForNative adj_start_bytes: 45032865 NativeAllocationGcWatermark: 11844930 java_gc_start_bytes: 27265470 kNewNativeDiscountFactor: 2 kOldNativeDiscountFactor: 65536 old_native_bytes: 79996391 new_native_bytes: 32820304 add_bytes_allowed: 35534790 is_gc_concurrent: 1 target_footprint_: 27650576 GetBytesAllocated: 17267580 HeapGrowthMultiplier: 3
12-20 20:43:44.859  3306  3967 I com.miui.home: CheckGCForNative gc_urgency 0.747875 current_native_bytes is 112816695
12-20 20:43:44.994  3306  3306 I wm_on_resume_called: [0,248778734,com.miui.home.launcher.Launcher,RESUME_ACTIVITY,21]
12-20 20:43:45.017  3306  3306 I wm_on_idle_called: com.miui.home.launcher.Launcher
12-20 20:43:45.075  3306  3967 I com.miui.home: CheckGCForNative adj_start_bytes: 45032865 NativeAllocationGcWatermark: 11844930 java_gc_start_bytes: 27265470 kNewNativeDiscountFactor: 2 kOldNativeDiscountFactor: 65536 old_native_bytes: 79996391 new_native_bytes: 32643152 add_bytes_allowed: 35534790 is_gc_concurrent: 1 target_footprint_: 27650576 GetBytesAllocated: 18887558 HeapGrowthMultiplier: 3
12-20 20:43:45.075  3306  3967 I com.miui.home: CheckGCForNative gc_urgency 0.781881 current_native_bytes is 112639543
12-20 20:43:45.157  3306  3839 I com.miui.home: CheckGCForNative adj_start_bytes: 45032865 NativeAllocationGcWatermark: 11844930 java_gc_start_bytes: 27265470 kNewNativeDiscountFactor: 2 kOldNativeDiscountFactor: 65536 old_native_bytes: 79996391 new_native_bytes: 32818948 add_bytes_allowed: 35534790 is_gc_concurrent: 1 target_footprint_: 27650576 GetBytesAllocated: 19576762 HeapGrowthMultiplier: 3
12-20 20:43:45.157  3306  3839 I com.miui.home: CheckGCForNative gc_urgency 0.799138 current_native_bytes is 112815339
12-20 20:43:45.251  3306  3839 I com.miui.home: CheckGCForNative adj_start_bytes: 45032865 NativeAllocationGcWatermark: 11844930 java_gc_start_bytes: 27265470 kNewNativeDiscountFactor: 2 kOldNativeDiscountFactor: 65536 old_native_bytes: 79996391 new_native_bytes: 32912564 add_bytes_allowed: 35534790 is_gc_concurrent: 1 target_footprint_: 27650576 GetBytesAllocated: 20024566 HeapGrowthMultiplier: 3
12-20 20:43:45.251  3306  3839 I com.miui.home: CheckGCForNative gc_urgency 0.810121 current_native_bytes is 112908955
12-20 20:43:45.271  3306  3967 E cccccc  : createTaskSnapshot:
12-20 20:43:45.272  3306  3967 I cccccc  : getTaskSnapshotInstance:
12-20 20:43:45.367  3306  3306 I wm_on_top_resumed_gained_called: [248778734,com.miui.home.launcher.Launcher,topStateChangedWhenResumed]
12-20 20:43:45.439  8291  8291 I wm_on_application_create_called: [0,com.autonavi.minimap,1256]
12-20 20:43:45.540  3306  3839 I com.miui.home: CheckGCForNative adj_start_bytes: 45032865 NativeAllocationGcWatermark: 11844930 java_gc_start_bytes: 27265470 kNewNativeDiscountFactor: 2 kOldNativeDiscountFactor: 65536 old_native_bytes: 79996391 new_native_bytes: 32959764 add_bytes_allowed: 35534790 is_gc_concurrent: 1 target_footprint_: 27650576 GetBytesAllocated: 20762532 HeapGrowthMultiplier: 3
12-20 20:43:45.541  3306  3839 I com.miui.home: CheckGCForNative gc_urgency 0.827032 current_native_bytes is 112956155
12-20 20:43:45.753  8291  8291 I wm_on_create_called: [0,7925545,com.autonavi.map.activity.SplashActivity,performCreate,245]
12-20 20:43:45.898  8291  8291 I wm_on_destroy_called: [0,7925545,com.autonavi.map.activity.SplashActivity,performDestroy,11]
12-20 20:43:45.991  3306  3356 D cccccc  : onTaskStackChangedBackground
12-20 20:43:45.997  8390  8390 I wm_on_application_create_called: [0,com.autonavi.minimap,1295]
12-20 20:43:46.000  3306  3356 D cccccc  : onTaskStackChangedBackground
12-20 20:43:46.053  3306  3306 I wm_on_top_resumed_lost_called: [248778734,com.miui.home.launcher.Launcher,topStateChangedWhenResumed]
12-20 20:43:46.066  3306  3306 I wm_on_paused_called: [0,248778734,com.miui.home.launcher.Launcher,performPause,5]
12-20 20:43:46.089  3306  3816 I com.miui.home: CheckGCForNative adj_start_bytes: 45032865 NativeAllocationGcWatermark: 11844930 java_gc_start_bytes: 27265470 kNewNativeDiscountFactor: 2 kOldNativeDiscountFactor: 65536 old_native_bytes: 79996391 new_native_bytes: 33176724 add_bytes_allowed: 35534790 is_gc_concurrent: 1 target_footprint_: 27650576 GetBytesAllocated: 22428074 HeapGrowthMultiplier: 3
12-20 20:43:46.089  3306  3816 I com.miui.home: CheckGCForNative gc_urgency 0.866426 current_native_bytes is 113173115
12-20 20:43:46.118  3306  4167 D cccccc  : onTaskStackChangedBackground
12-20 20:43:46.120  3306  4167 D cccccc  : onTaskStackChangedBackground
12-20 20:43:46.195  3306  3357 D cccccc  : onTaskStackChangedBackground
12-20 20:43:46.199  3306  3357 D cccccc  : onTaskStackChangedBackground
12-20 20:43:46.430  3306  3306 I com.miui.home: CheckGCForNative adj_start_bytes: 45032865 NativeAllocationGcWatermark: 11844930 java_gc_start_bytes: 27265470 kNewNativeDiscountFactor: 2 kOldNativeDiscountFactor: 65536 old_native_bytes: 79996391 new_native_bytes: 33386812 add_bytes_allowed: 35534790 is_gc_concurrent: 1 target_footprint_: 27650576 GetBytesAllocated: 24167833 HeapGrowthMultiplier: 3
12-20 20:43:46.430  3306  3306 I com.miui.home: CheckGCForNative gc_urgency 0.907392 current_native_bytes is 113383203
12-20 20:43:46.577  3306  3967 I com.miui.home: CheckGCForNative adj_start_bytes: 45032865 NativeAllocationGcWatermark: 11844930 java_gc_start_bytes: 27265470 kNewNativeDiscountFactor: 2 kOldNativeDiscountFactor: 65536 old_native_bytes: 79996391 new_native_bytes: 33586484 add_bytes_allowed: 35534790 is_gc_concurrent: 1 target_footprint_: 27650576 GetBytesAllocated: 25076992 HeapGrowthMultiplier: 3
12-20 20:43:46.578  3306  3967 I com.miui.home: CheckGCForNative gc_urgency 0.929798 current_native_bytes is 113582875
12-20 20:43:46.598  3306  3839 I com.miui.home: CheckGCForNative adj_start_bytes: 45032865 NativeAllocationGcWatermark: 11844930 java_gc_start_bytes: 27265470 kNewNativeDiscountFactor: 2 kOldNativeDiscountFactor: 65536 old_native_bytes: 79996391 new_native_bytes: 33596468 add_bytes_allowed: 35534790 is_gc_concurrent: 1 target_footprint_: 27650576 GetBytesAllocated: 25208311 HeapGrowthMultiplier: 3
12-20 20:43:46.599  3306  3839 I com.miui.home: CheckGCForNative gc_urgency 0.932825 current_native_bytes is 113592859
12-20 20:43:46.657  3306  3967 E cccccc  : createTaskSnapshot:
12-20 20:43:46.657  3306  3967 I cccccc  : getTaskSnapshotInstance:
12-20 20:43:46.662  3306  3967 E cccccc  : createTaskSnapshot:
12-20 20:43:46.662  3306  3967 I cccccc  : getTaskSnapshotInstance:
12-20 20:43:46.666  3306  3967 I com.miui.home: CheckGCForNative adj_start_bytes: 45032865 NativeAllocationGcWatermark: 11844930 java_gc_start_bytes: 27265470 kNewNativeDiscountFactor: 2 kOldNativeDiscountFactor: 65536 old_native_bytes: 79996391 new_native_bytes: 44338184 add_bytes_allowed: 35534790 is_gc_concurrent: 1 target_footprint_: 27650576 GetBytesAllocated: 25616941 HeapGrowthMultiplier: 3
12-20 20:43:46.666  3306  3967 I com.miui.home: CheckGCForNative gc_urgency 1.06116 current_native_bytes is 124334575
12-20 20:43:46.666  3306  3967 I com.miui.home: CheckGCForNative requested 1
12-20 20:43:46.667  3306  3967 I com.miui.home: CheckGCForNative adj_start_bytes: 45032865 NativeAllocationGcWatermark: 11844930 java_gc_start_bytes: 27265470 kNewNativeDiscountFactor: 2 kOldNativeDiscountFactor: 65536 old_native_bytes: 79996391 new_native_bytes: 55044680 add_bytes_allowed: 35534790 is_gc_concurrent: 1 target_footprint_: 27650576 GetBytesAllocated: 25625412 HeapGrowthMultiplier: 3
12-20 20:43:46.667  3306  3967 I com.miui.home: CheckGCForNative gc_urgency 1.18023 current_native_bytes is 135041071
12-20 20:43:46.667  3306  3967 I com.miui.home: CheckGCForNative requested 1
12-20 20:43:46.733  3306  3839 I com.miui.home: CheckGCForNative adj_start_bytes: 45032865 NativeAllocationGcWatermark: 11844930 java_gc_start_bytes: 27265470 kNewNativeDiscountFactor: 2 kOldNativeDiscountFactor: 65536 old_native_bytes: 79996391 new_native_bytes: 44293848 add_bytes_allowed: 35534790 is_gc_concurrent: 1 target_footprint_: 27650576 GetBytesAllocated: 25934639 HeapGrowthMultiplier: 3
12-20 20:43:46.733  3306  3839 I com.miui.home: CheckGCForNative gc_urgency 1.06795 current_native_bytes is 124290239
12-20 20:43:46.733  3306  3839 I com.miui.home: CheckGCForNative requested 1
12-20 20:43:46.848  3306  3349 I com.miui.home: NativeAlloc concurrent copying GC freed 217667(11MB) AllocSpace objects, 4(208KB) LOS objects, 49% free, 13MB/27MB, paused 1.129ms,111us total 182.354ms
12-20 20:43:46.863  8664  8664 I wm_on_create_called: [0,142177353,fm.qingting.qtradio.WelcomeActivity,performCreate,100]
12-20 20:43:46.864  8617  8617 I wm_on_application_create_called: [0,com.baidu.input_mi,227]
12-20 20:43:46.864  8664  8664 I wm_on_start_called: [0,142177353,fm.qingting.qtradio.WelcomeActivity,handleStartActivity,0]
12-20 20:43:46.876  8664  8664 I wm_on_resume_called: [0,142177353,fm.qingting.qtradio.WelcomeActivity,RESUME_ACTIVITY,7]
12-20 20:43:46.903  3306  3967 I com.miui.home: CheckGCForNative gc_urgency 0 current_native_bytes is 116138895
12-20 20:43:46.969  8664  8664 I wm_on_top_resumed_gained_called: [142177353,fm.qingting.qtradio.WelcomeActivity,topStateChangedWhenResumed]
12-20 20:43:47.110  3306  3967 E cccccc  : createTaskSnapshot:
12-20 20:43:47.110  3306  3967 I cccccc  : getTaskSnapshotInstance:
12-20 20:43:47.256  3306  3306 I wm_on_stop_called: [0,248778734,com.miui.home.launcher.Launcher,STOP_ACTIVITY_ITEM,14]
12-20 20:43:47.271  3306  3306 I com.miui.home: CheckGCForNative adj_start_bytes: 46659862 NativeAllocationGcWatermark: 12030843 java_gc_start_bytes: 28613598 kNewNativeDiscountFactor: 2 kOldNativeDiscountFactor: 65536 old_native_bytes: 116138895 new_native_bytes: 822196 add_bytes_allowed: 36092529 is_gc_concurrent: 1 target_footprint_: 29137886 GetBytesAllocated: 16396596 HeapGrowthMultiplier: 3
12-20 20:43:47.271  3306  3306 I com.miui.home: CheckGCForNative gc_urgency 0.360255 current_native_bytes is 116961091
12-20 20:43:47.726  3306  3306 I wm_on_restart_called: [0,248778734,com.miui.home.launcher.Launcher,,0]
12-20 20:43:47.730  3306  3306 I wm_on_start_called: [0,248778734,com.miui.home.launcher.Launcher,handleStartActivity,4]
12-20 20:43:47.754  3306  3306 I wm_on_resume_called: [0,248778734,com.miui.home.launcher.Launcher,RESUME_ACTIVITY,22]
12-20 20:43:47.921  3306  3306 I wm_on_idle_called: com.miui.home.launcher.Launcher
12-20 20:43:47.999  3306  3688 I com.miui.home: CheckGCForNative gc_urgency 0 current_native_bytes is 116656867
12-20 20:43:48.058  3306  3839 I com.miui.home: CheckGCForNative adj_start_bytes: 45398063 NativeAllocationGcWatermark: 11856631 java_gc_start_bytes: 27613117 kNewNativeDiscountFactor: 2 kOldNativeDiscountFactor: 65536 old_native_bytes: 116656867 new_native_bytes: 67728 add_bytes_allowed: 35569893 is_gc_concurrent: 1 target_footprint_: 27744189 GetBytesAllocated: 16084184 HeapGrowthMultiplier: 3
12-20 20:43:48.058  3306  3839 I com.miui.home: CheckGCForNative gc_urgency 0.355077 current_native_bytes is 116724595
12-20 20:43:48.209  3306  3306 I wm_on_top_resumed_gained_called: [248778734,com.miui.home.launcher.Launcher,topStateChangedWhenResumed]
12-20 20:43:48.259  3306  3685 I com.miui.home: CheckGCForNative adj_start_bytes: 45398063 NativeAllocationGcWatermark: 11856631 java_gc_start_bytes: 27613117 kNewNativeDiscountFactor: 2 kOldNativeDiscountFactor: 65536 old_native_bytes: 116656867 new_native_bytes: 89296 add_bytes_allowed: 35569893 is_gc_concurrent: 1 target_footprint_: 27744189 GetBytesAllocated: 16540482 HeapGrowthMultiplier: 3
12-20 20:43:48.259  3306  3685 I com.miui.home: CheckGCForNative gc_urgency 0.365366 current_native_bytes is 116746163
12-20 20:43:48.303  8664  8664 I wm_on_top_resumed_lost_called: [142177353,fm.qingting.qtradio.WelcomeActivity,topStateChangedWhenResumed]
12-20 20:43:48.326  8664  8664 I wm_on_idle_called: fm.qingting.qtradio.WelcomeActivity
12-20 20:43:48.487  8664  8664 I wm_on_paused_called: [0,142177353,fm.qingting.qtradio.WelcomeActivity,performPause,3]
12-20 20:43:48.583  8664  8664 I wm_on_stop_called: [0,142177353,fm.qingting.qtradio.WelcomeActivity,STOP_ACTIVITY_ITEM,5]
12-20 20:43:48.605  3306  3306 I com.miui.home: CheckGCForNative adj_start_bytes: 45398063 NativeAllocationGcWatermark: 11856631 java_gc_start_bytes: 27613117 kNewNativeDiscountFactor: 2 kOldNativeDiscountFactor: 65536 old_native_bytes: 116656867 new_native_bytes: 169560 add_bytes_allowed: 35569893 is_gc_concurrent: 1 target_footprint_: 27744189 GetBytesAllocated: 17482048 HeapGrowthMultiplier: 3
12-20 20:43:48.605  3306  3306 I com.miui.home: CheckGCForNative gc_urgency 0.38699 current_native_bytes is 116826427
12-20 20:43:48.707  3306  3306 I wm_on_top_resumed_lost_called: [248778734,com.miui.home.launcher.Launcher,topStateChangedWhenResumed]
12-20 20:43:48.713  3306  3357 D cccccc  : onTaskStackChangedBackground
12-20 20:43:48.716  3306  3306 I wm_on_paused_called: [0,248778734,com.miui.home.launcher.Launcher,performPause,5]
12-20 20:43:48.719  3306  3357 D cccccc  : onTaskStackChangedBackground
12-20 20:43:48.927  3306  3685 I com.miui.home: CheckGCForNative adj_start_bytes: 45398063 NativeAllocationGcWatermark: 11856631 java_gc_start_bytes: 27613117 kNewNativeDiscountFactor: 2 kOldNativeDiscountFactor: 65536 old_native_bytes: 116656867 new_native_bytes: 245364 add_bytes_allowed: 35569893 is_gc_concurrent: 1 target_footprint_: 27744189 GetBytesAllocated: 19075943 HeapGrowthMultiplier: 3
12-20 20:43:48.927  3306  3685 I com.miui.home: CheckGCForNative gc_urgency 0.422934 current_native_bytes is 116902231
12-20 20:43:48.931  3306  3357 D cccccc  : onTaskStackChangedBackground
12-20 20:43:48.935  3306  3950 D cccccc  : onTaskStackChangedBackground
12-20 20:43:48.953  3306  3357 D cccccc  : onTaskStackChangedBackground
12-20 20:43:48.964  3306  3950 D cccccc  : onTaskStackChangedBackground
12-20 20:43:49.049  3306  3839 I com.miui.home: CheckGCForNative adj_start_bytes: 45398063 NativeAllocationGcWatermark: 11856631 java_gc_start_bytes: 27613117 kNewNativeDiscountFactor: 2 kOldNativeDiscountFactor: 65536 old_native_bytes: 116656867 new_native_bytes: 1719404 add_bytes_allowed: 35569893 is_gc_concurrent: 1 target_footprint_: 27744189 GetBytesAllocated: 19676420 HeapGrowthMultiplier: 3
12-20 20:43:49.049  3306  3839 I com.miui.home: CheckGCForNative gc_urgency 0.452396 current_native_bytes is 118376271
12-20 20:43:49.080  3306  3685 I com.miui.home: CheckGCForNative adj_start_bytes: 45398063 NativeAllocationGcWatermark: 11856631 java_gc_start_bytes: 27613117 kNewNativeDiscountFactor: 2 kOldNativeDiscountFactor: 65536 old_native_bytes: 116656867 new_native_bytes: 1741292 add_bytes_allowed: 35569893 is_gc_concurrent: 1 target_footprint_: 27744189 GetBytesAllocated: 19941448 HeapGrowthMultiplier: 3
12-20 20:43:49.080  3306  3685 I com.miui.home: CheckGCForNative gc_urgency 0.458475 current_native_bytes is 118398159
12-20 20:43:49.295  3306  3967 I com.miui.home: CheckGCForNative adj_start_bytes: 45398063 NativeAllocationGcWatermark: 11856631 java_gc_start_bytes: 27613117 kNewNativeDiscountFactor: 2 kOldNativeDiscountFactor: 65536 old_native_bytes: 116656867 new_native_bytes: 1831532 add_bytes_allowed: 35569893 is_gc_concurrent: 1 target_footprint_: 27744189 GetBytesAllocated: 20691058 HeapGrowthMultiplier: 3
12-20 20:43:49.295  3306  3967 I com.miui.home: CheckGCForNative gc_urgency 0.475981 current_native_bytes is 118488399
12-20 20:43:49.396  3306  3967 E cccccc  : createTaskSnapshot:
12-20 20:43:49.396  3306  3967 I cccccc  : getTaskSnapshotInstance:
12-20 20:43:49.398  3306  3967 E cccccc  : createTaskSnapshot:
12-20 20:43:49.398  3306  3967 I cccccc  : getTaskSnapshotInstance:
12-20 20:43:49.403  3306  3967 I com.miui.home: CheckGCForNative adj_start_bytes: 45398063 NativeAllocationGcWatermark: 11856631 java_gc_start_bytes: 27613117 kNewNativeDiscountFactor: 2 kOldNativeDiscountFactor: 65536 old_native_bytes: 116656867 new_native_bytes: 12620372 add_bytes_allowed: 35569893 is_gc_concurrent: 1 target_footprint_: 27744189 GetBytesAllocated: 21403366 HeapGrowthMultiplier: 3
12-20 20:43:49.403  3306  3967 I com.miui.home: CheckGCForNative gc_urgency 0.610496 current_native_bytes is 129277239
12-20 20:43:49.403  3306  3967 I com.miui.home: CheckGCForNative adj_start_bytes: 45398063 NativeAllocationGcWatermark: 11856631 java_gc_start_bytes: 27613117 kNewNativeDiscountFactor: 2 kOldNativeDiscountFactor: 65536 old_native_bytes: 116656867 new_native_bytes: 23327316 add_bytes_allowed: 35569893 is_gc_concurrent: 1 target_footprint_: 27744189 GetBytesAllocated: 21421879 HeapGrowthMultiplier: 3
12-20 20:43:49.403  3306  3967 I com.miui.home: CheckGCForNative gc_urgency 0.728827 current_native_bytes is 139984183
12-20 20:43:49.529  3306  3967 I com.miui.home: CheckGCForNative adj_start_bytes: 45398063 NativeAllocationGcWatermark: 11856631 java_gc_start_bytes: 27613117 kNewNativeDiscountFactor: 2 kOldNativeDiscountFactor: 65536 old_native_bytes: 116656867 new_native_bytes: 12454788 add_bytes_allowed: 35569893 is_gc_concurrent: 1 target_footprint_: 27744189 GetBytesAllocated: 21844340 HeapGrowthMultiplier: 3
12-20 20:43:49.530  3306  3967 I com.miui.home: CheckGCForNative gc_urgency 0.618386 current_native_bytes is 129111655
12-20 20:43:49.738  3306  3967 E cccccc  : createTaskSnapshot:
12-20 20:43:49.738  3306  3967 I cccccc  : getTaskSnapshotInstance:
12-20 20:43:49.757  9062  9062 I wm_on_application_create_called: [0,com.xiaomi.bluetooth,316]
12-20 20:43:49.921  3306  3839 I com.miui.home: CheckGCForNative adj_start_bytes: 45398063 NativeAllocationGcWatermark: 11856631 java_gc_start_bytes: 27613117 kNewNativeDiscountFactor: 2 kOldNativeDiscountFactor: 65536 old_native_bytes: 116656867 new_native_bytes: 12720568 add_bytes_allowed: 35569893 is_gc_concurrent: 1 target_footprint_: 27744189 GetBytesAllocated: 23282550 HeapGrowthMultiplier: 3
12-20 20:43:49.921  3306  3839 I com.miui.home: CheckGCForNative gc_urgency 0.652993 current_native_bytes is 129377435
12-20 20:43:50.058  3306  3306 I wm_on_resume_called: [0,248778734,com.miui.home.launcher.Launcher,RESUME_ACTIVITY,21]
12-20 20:43:50.081  3306  3306 I wm_on_idle_called: com.miui.home.launcher.Launcher
12-20 20:43:50.191  3306  8312 I com.miui.home: CheckGCForNative adj_start_bytes: 45398063 NativeAllocationGcWatermark: 11856631 java_gc_start_bytes: 27613117 kNewNativeDiscountFactor: 2 kOldNativeDiscountFactor: 65536 old_native_bytes: 116656867 new_native_bytes: 12924484 add_bytes_allowed: 35569893 is_gc_concurrent: 1 target_footprint_: 27744189 GetBytesAllocated: 24893814 HeapGrowthMultiplier: 3
12-20 20:43:50.191  3306  8312 I com.miui.home: CheckGCForNative gc_urgency 0.690731 current_native_bytes is 129581351
12-20 20:43:50.193  3306  8312 I com.miui.home: CheckGCForNative adj_start_bytes: 45398063 NativeAllocationGcWatermark: 11856631 java_gc_start_bytes: 27613117 kNewNativeDiscountFactor: 2 kOldNativeDiscountFactor: 65536 old_native_bytes: 116656867 new_native_bytes: 12926148 add_bytes_allowed: 35569893 is_gc_concurrent: 1 target_footprint_: 27744189 GetBytesAllocated: 24900126 HeapGrowthMultiplier: 3
12-20 20:43:50.193  3306  8312 I com.miui.home: CheckGCForNative gc_urgency 0.690888 current_native_bytes is 129583015
12-20 20:43:50.453  3306  3685 I com.miui.home: CheckGCForNative adj_start_bytes: 45398063 NativeAllocationGcWatermark: 11856631 java_gc_start_bytes: 27613117 kNewNativeDiscountFactor: 2 kOldNativeDiscountFactor: 65536 old_native_bytes: 116656867 new_native_bytes: 13532436 add_bytes_allowed: 35569893 is_gc_concurrent: 1 target_footprint_: 27744189 GetBytesAllocated: 25777658 HeapGrowthMultiplier: 3
12-20 20:43:50.453  3306  3685 I com.miui.home: CheckGCForNative gc_urgency 0.716895 current_native_bytes is 130189303
12-20 20:43:50.465  3306  3306 I wm_on_top_resumed_gained_called: [248778734,com.miui.home.launcher.Launcher,topStateChangedWhenResumed]
12-20 20:43:50.736  3306  3685 I com.miui.home: CheckGCForNative adj_start_bytes: 45398063 NativeAllocationGcWatermark: 11856631 java_gc_start_bytes: 27613117 kNewNativeDiscountFactor: 2 kOldNativeDiscountFactor: 65536 old_native_bytes: 116656867 new_native_bytes: 13472948 add_bytes_allowed: 35569893 is_gc_concurrent: 1 target_footprint_: 27744189 GetBytesAllocated: 26624250 HeapGrowthMultiplier: 3
12-20 20:43:50.736  3306  3685 I com.miui.home: CheckGCForNative gc_urgency 0.734888 current_native_bytes is 130129815
12-20 20:43:50.889  3306  3306 I wm_on_top_resumed_lost_called: [248778734,com.miui.home.launcher.Launcher,topStateChangedWhenResumed]
12-20 20:43:50.918  3306  3950 D cccccc  : onTaskStackChangedBackground
12-20 20:43:50.923  3306  3950 D cccccc  : onTaskStackChangedBackground
12-20 20:43:51.132  3306  3967 I com.miui.home: CheckGCForNative gc_urgency 0 current_native_bytes is 129798455
12-20 20:43:51.185  3306  3306 I wm_on_paused_called: [0,248778734,com.miui.home.launcher.Launcher,performPause,7]
12-20 20:43:51.282  3306  3356 D cccccc  : onTaskStackChangedBackground
12-20 20:43:51.283  3306  3950 D cccccc  : onTaskStackChangedBackground
12-20 20:43:51.361  3306  3967 I com.miui.home: CheckGCForNative adj_start_bytes: 45143466 NativeAllocationGcWatermark: 11856631 java_gc_start_bytes: 27358520 kNewNativeDiscountFactor: 2 kOldNativeDiscountFactor: 65536 old_native_bytes: 129798455 new_native_bytes: 202480 add_bytes_allowed: 35569893 is_gc_concurrent: 1 target_footprint_: 27744189 GetBytesAllocated: 16744743 HeapGrowthMultiplier: 3
12-20 20:43:51.362  3306  3967 I com.miui.home: CheckGCForNative gc_urgency 0.373209 current_native_bytes is 130000935
12-20 20:43:51.471  9091  9091 I wm_on_application_create_called: [0,com.ss.android.ugc.aweme,930]
12-20 20:43:51.476  3306  3967 E cccccc  : createTaskSnapshot:
12-20 20:43:51.476  3306  3967 I cccccc  : getTaskSnapshotInstance:
12-20 20:43:51.478  3306  3967 I com.miui.home: CheckGCForNative adj_start_bytes: 45143466 NativeAllocationGcWatermark: 11856631 java_gc_start_bytes: 27358520 kNewNativeDiscountFactor: 2 kOldNativeDiscountFactor: 65536 old_native_bytes: 129798455 new_native_bytes: 10978824 add_bytes_allowed: 35569893 is_gc_concurrent: 1 target_footprint_: 27744189 GetBytesAllocated: 17239751 HeapGrowthMultiplier: 3
12-20 20:43:51.478  3306  3967 I com.miui.home: CheckGCForNative gc_urgency 0.503531 current_native_bytes is 140777279
12-20 20:43:51.486  3306  3967 I com.miui.home: CheckGCForNative adj_start_bytes: 45143466 NativeAllocationGcWatermark: 11856631 java_gc_start_bytes: 27358520 kNewNativeDiscountFactor: 2 kOldNativeDiscountFactor: 65536 old_native_bytes: 129798455 new_native_bytes: 21729032 add_bytes_allowed: 35569893 is_gc_concurrent: 1 target_footprint_: 27744189 GetBytesAllocated: 17292452 HeapGrowthMultiplier: 3
12-20 20:43:51.486  3306  3967 I com.miui.home: CheckGCForNative gc_urgency 0.623766 current_native_bytes is 151527487
12-20 20:43:51.488  3306  3839 I com.miui.home: CheckGCForNative adj_start_bytes: 45143466 NativeAllocationGcWatermark: 11856631 java_gc_start_bytes: 27358520 kNewNativeDiscountFactor: 2 kOldNativeDiscountFactor: 65536 old_native_bytes: 129798455 new_native_bytes: 11024072 add_bytes_allowed: 35569893 is_gc_concurrent: 1 target_footprint_: 27744189 GetBytesAllocated: 17311192 HeapGrowthMultiplier: 3
12-20 20:43:51.488  3306  3839 I com.miui.home: CheckGCForNative gc_urgency 0.505615 current_native_bytes is 140822527
12-20 20:43:51.557  3306  3685 I com.miui.home: CheckGCForNative adj_start_bytes: 45143466 NativeAllocationGcWatermark: 11856631 java_gc_start_bytes: 27358520 kNewNativeDiscountFactor: 2 kOldNativeDiscountFactor: 65536 old_native_bytes: 129798455 new_native_bytes: 11055176 add_bytes_allowed: 35569893 is_gc_concurrent: 1 target_footprint_: 27744189 GetBytesAllocated: 17630199 HeapGrowthMultiplier: 3
12-20 20:43:51.558  3306  3685 I com.miui.home: CheckGCForNative gc_urgency 0.513026 current_native_bytes is 140853631
12-20 20:43:51.675  3306  3967 I com.miui.home: CheckGCForNative adj_start_bytes: 45143466 NativeAllocationGcWatermark: 11856631 java_gc_start_bytes: 27358520 kNewNativeDiscountFactor: 2 kOldNativeDiscountFactor: 65536 old_native_bytes: 129798455 new_native_bytes: 11418852 add_bytes_allowed: 35569893 is_gc_concurrent: 1 target_footprint_: 27744189 GetBytesAllocated: 18651855 HeapGrowthMultiplier: 3
12-20 20:43:51.675  3306  3967 I com.miui.home: CheckGCForNative gc_urgency 0.539685 current_native_bytes is 141217307
12-20 20:43:51.811  3306  3839 I com.miui.home: CheckGCForNative adj_start_bytes: 45143466 NativeAllocationGcWatermark: 11856631 java_gc_start_bytes: 27358520 kNewNativeDiscountFactor: 2 kOldNativeDiscountFactor: 65536 old_native_bytes: 129798455 new_native_bytes: 11432932 add_bytes_allowed: 35569893 is_gc_concurrent: 1 target_footprint_: 27744189 GetBytesAllocated: 19743437 HeapGrowthMultiplier: 3
12-20 20:43:51.811  3306  3839 I com.miui.home: CheckGCForNative gc_urgency 0.564045 current_native_bytes is 141231387
12-20 20:43:52.239  9091  9091 I wm_on_create_called: [0,126780369,com.ss.android.ugc.aweme.splash.SplashActivity,performCreate,650]
12-20 20:43:52.365  9347  9347 I wm_on_create_called: [0,222301997,com.eg.android.AlipayGphone.AlipayLogin,performCreate,212]
12-20 20:43:52.369  9347  9347 I wm_on_start_called: [0,222301997,com.eg.android.AlipayGphone.AlipayLogin,handleStartActivity,4]
12-20 20:43:52.376  3306  3306 I com.miui.home: CheckGCForNative adj_start_bytes: 45143466 NativeAllocationGcWatermark: 11856631 java_gc_start_bytes: 27358520 kNewNativeDiscountFactor: 2 kOldNativeDiscountFactor: 65536 old_native_bytes: 129798455 new_native_bytes: 11101636 add_bytes_allowed: 35569893 is_gc_concurrent: 1 target_footprint_: 27744189 GetBytesAllocated: 21071333 HeapGrowthMultiplier: 3
12-20 20:43:52.376  3306  3306 I com.miui.home: CheckGCForNative gc_urgency 0.589767 current_native_bytes is 140900091
12-20 20:43:52.382  3306  3306 I wm_on_resume_called: [0,248778734,com.miui.home.launcher.Launcher,RESUME_ACTIVITY,20]
12-20 20:43:52.388  9347  9347 I wm_on_resume_called: [0,222301997,com.eg.android.AlipayGphone.AlipayLogin,RESUME_ACTIVITY,16]
12-20 20:43:52.404  3306  3921 I com.miui.home: CheckGCForNative adj_start_bytes: 45143466 NativeAllocationGcWatermark: 11856631 java_gc_start_bytes: 27358520 kNewNativeDiscountFactor: 2 kOldNativeDiscountFactor: 65536 old_native_bytes: 129798455 new_native_bytes: 11097656 add_bytes_allowed: 35569893 is_gc_concurrent: 1 target_footprint_: 27744189 GetBytesAllocated: 21286988 HeapGrowthMultiplier: 3
12-20 20:43:52.404  3306  3921 I com.miui.home: CheckGCForNative gc_urgency 0.5945 current_native_bytes is 140896111
12-20 20:43:52.407  3306  3306 I wm_on_idle_called: com.miui.home.launcher.Launcher
12-20 20:43:52.510  9347  9347 I wm_on_top_resumed_gained_called: [222301997,com.eg.android.AlipayGphone.AlipayLogin,topStateChangedWhenResumed]
12-20 20:43:52.520  9347  9347 I wm_on_top_resumed_lost_called: [222301997,com.eg.android.AlipayGphone.AlipayLogin,topStateChangedWhenResumed]
12-20 20:43:52.530  3306  3306 I wm_on_top_resumed_gained_called: [248778734,com.miui.home.launcher.Launcher,topStateChangedWhenResumed]
12-20 20:43:52.691  3306  3839 I com.miui.home: CheckGCForNative adj_start_bytes: 45143466 NativeAllocationGcWatermark: 11856631 java_gc_start_bytes: 27358520 kNewNativeDiscountFactor: 2 kOldNativeDiscountFactor: 65536 old_native_bytes: 129798455 new_native_bytes: 11132912 add_bytes_allowed: 35569893 is_gc_concurrent: 1 target_footprint_: 27744189 GetBytesAllocated: 22540321 HeapGrowthMultiplier: 3
12-20 20:43:52.691  3306  3839 I com.miui.home: CheckGCForNative gc_urgency 0.622654 current_native_bytes is 140931367
12-20 20:43:52.949  3306  3685 I com.miui.home: CheckGCForNative adj_start_bytes: 45143466 NativeAllocationGcWatermark: 11856631 java_gc_start_bytes: 27358520 kNewNativeDiscountFactor: 2 kOldNativeDiscountFactor: 65536 old_native_bytes: 129798455 new_native_bytes: 11127024 add_bytes_allowed: 35569893 is_gc_concurrent: 1 target_footprint_: 27744189 GetBytesAllocated: 23114514 HeapGrowthMultiplier: 3
12-20 20:43:52.949  3306  3685 I com.miui.home: CheckGCForNative gc_urgency 0.635308 current_native_bytes is 140925479
12-20 20:43:53.592  3306  3306 I wm_on_top_resumed_lost_called: [248778734,com.miui.home.launcher.Launcher,topStateChangedWhenResumed]
12-20 20:43:53.619  9091  9091 I wm_on_start_called: [0,126780369,com.ss.android.ugc.aweme.splash.SplashActivity,handleStartActivity,1374]
12-20 20:43:53.640  3306  8944 D cccccc  : onTaskStackChangedBackground
12-20 20:43:53.651  3306  8944 D cccccc  : onTaskStackChangedBackground
12-20 20:43:53.652  3306  3306 I wm_on_paused_called: [0,248778734,com.miui.home.launcher.Launcher,performPause,6]
12-20 20:43:53.714  3306  3816 I com.miui.home: CheckGCForNative gc_urgency 0.674537 current_native_bytes is 141094319
12-20 20:43:53.717  9091  9091 I wm_on_resume_called: [0,126780369,com.ss.android.ugc.aweme.splash.SplashActivity,RESUME_ACTIVITY,91]
12-20 20:43:53.962  3306  3685 I com.miui.home: CheckGCForNative adj_start_bytes: 45143466 NativeAllocationGcWatermark: 11856631 java_gc_start_bytes: 27358520 kNewNativeDiscountFactor: 2 kOldNativeDiscountFactor: 65536 old_native_bytes: 129798455 new_native_bytes: 11635988 add_bytes_allowed: 35569893 is_gc_concurrent: 1 target_footprint_: 27744189 GetBytesAllocated: 26057217 HeapGrowthMultiplier: 3
12-20 20:43:53.962  3306  3685 I com.miui.home: CheckGCForNative gc_urgency 0.706491 current_native_bytes is 141434443
12-20 20:43:54.005  3306  3839 I com.miui.home: CheckGCForNative adj_start_bytes: 45143466 NativeAllocationGcWatermark: 11856631 java_gc_start_bytes: 27358520 kNewNativeDiscountFactor: 2 kOldNativeDiscountFactor: 65536 old_native_bytes: 129798455 new_native_bytes: 11694676 add_bytes_allowed: 35569893 is_gc_concurrent: 1 target_footprint_: 27744189 GetBytesAllocated: 26519195 HeapGrowthMultiplier: 3
12-20 20:43:54.005  3306  3839 I com.miui.home: CheckGCForNative gc_urgency 0.717014 current_native_bytes is 141493131
12-20 20:43:54.067  9091  9091 I wm_on_top_resumed_gained_called: [126780369,com.ss.android.ugc.aweme.splash.SplashActivity,topStateChangedWhenResumed]
12-20 20:43:54.116  3306  3839 I com.miui.home: CheckGCForNative adj_start_bytes: 45143466 NativeAllocationGcWatermark: 11856631 java_gc_start_bytes: 27358520 kNewNativeDiscountFactor: 2 kOldNativeDiscountFactor: 65536 old_native_bytes: 129798455 new_native_bytes: 11727524 add_bytes_allowed: 35569893 is_gc_concurrent: 1 target_footprint_: 27744189 GetBytesAllocated: 27015393 HeapGrowthMultiplier: 3
12-20 20:43:54.117  3306  3839 I com.miui.home: CheckGCForNative gc_urgency 0.72837 current_native_bytes is 141525979
12-20 20:43:54.173  3306  3950 D cccccc  : onTaskStackChangedBackground
12-20 20:43:54.205  3306  3356 D cccccc  : onTaskStackChangedBackground
12-20 20:43:54.253  3306  3967 E cccccc  : createTaskSnapshot:
12-20 20:43:54.253  3306  3967 I cccccc  : getTaskSnapshotInstance:
12-20 20:43:54.343  3306  3685 I com.miui.home: CheckGCForNative adj_start_bytes: 45143466 NativeAllocationGcWatermark: 11856631 java_gc_start_bytes: 27358520 kNewNativeDiscountFactor: 2 kOldNativeDiscountFactor: 65536 old_native_bytes: 129798455 new_native_bytes: 11867044 add_bytes_allowed: 35569893 is_gc_concurrent: 1 target_footprint_: 27744189 GetBytesAllocated: 27730859 HeapGrowthMultiplier: 3
12-20 20:43:54.343  3306  3685 I com.miui.home: CheckGCForNative gc_urgency 0.745764 current_native_bytes is 141665499
12-20 20:43:54.734  3306  3838 I com.miui.home: CheckGCForNative gc_urgency 0 current_native_bytes is 140269611
12-20 20:43:54.836  3306  3306 I wm_on_resume_called: [0,248778734,com.miui.home.launcher.Launcher,RESUME_ACTIVITY,21]
12-20 20:43:54.855  3306  3921 I com.miui.home: CheckGCForNative adj_start_bytes: 45004847 NativeAllocationGcWatermark: 11856631 java_gc_start_bytes: 27219901 kNewNativeDiscountFactor: 2 kOldNativeDiscountFactor: 65536 old_native_bytes: 140269611 new_native_bytes: 193040 add_bytes_allowed: 35569893 is_gc_concurrent: 1 target_footprint_: 27744189 GetBytesAllocated: 16865195 HeapGrowthMultiplier: 3
12-20 20:43:54.855  3306  3921 I com.miui.home: CheckGCForNative gc_urgency 0.376934 current_native_bytes is 140462651
12-20 20:43:54.858  3306  3306 I wm_on_idle_called: com.miui.home.launcher.Launcher
12-20 20:43:54.960  3306  3967 I com.miui.home: CheckGCForNative adj_start_bytes: 45004847 NativeAllocationGcWatermark: 11856631 java_gc_start_bytes: 27219901 kNewNativeDiscountFactor: 2 kOldNativeDiscountFactor: 65536 old_native_bytes: 140269611 new_native_bytes: 353556 add_bytes_allowed: 35569893 is_gc_concurrent: 1 target_footprint_: 27744189 GetBytesAllocated: 17654283 HeapGrowthMultiplier: 3
12-20 20:43:54.960  3306  3967 I com.miui.home: CheckGCForNative gc_urgency 0.396251 current_native_bytes is 140623167
12-20 20:43:55.047  9750  9750 I wm_on_create_called: [0,252061771,com.xunmeng.pinduoduo.ui.activity.MainFrameActivity,performCreate,462]
12-20 20:43:55.062  3306  3306 I wm_on_top_resumed_gained_called: [248778734,com.miui.home.launcher.Launcher,topStateChangedWhenResumed]
12-20 20:43:55.163  9750  9750 I wm_on_create_called: [0,229431300,com.xunmeng.pinduoduo.ui.activity.HomeActivity,performCreate,67]
12-20 20:43:55.187  3306  3950 D cccccc  : onTaskStackChangedBackground
12-20 20:43:55.199  3306  8944 D cccccc  : onTaskStackChangedBackground
12-20 20:43:55.313  9750  9750 I wm_on_start_called: [0,229431300,com.xunmeng.pinduoduo.ui.activity.HomeActivity,handleStartActivity,149]
12-20 20:43:55.317  3306  3967 E cccccc  : createTaskSnapshot:
12-20 20:43:55.322  3306  3967 I cccccc  : getTaskSnapshotInstance:
12-20 20:43:55.328  9750  9750 I wm_on_resume_called: [0,229431300,com.xunmeng.pinduoduo.ui.activity.HomeActivity,RESUME_ACTIVITY,10]
12-20 20:43:55.342  3306  3839 I com.miui.home: CheckGCForNative adj_start_bytes: 45004847 NativeAllocationGcWatermark: 11856631 java_gc_start_bytes: 27219901 kNewNativeDiscountFactor: 2 kOldNativeDiscountFactor: 65536 old_native_bytes: 140269611 new_native_bytes: 530956 add_bytes_allowed: 35569893 is_gc_concurrent: 1 target_footprint_: 27744189 GetBytesAllocated: 19090541 HeapGrowthMultiplier: 3
12-20 20:43:55.342  3306  3839 I com.miui.home: CheckGCForNative gc_urgency 0.430135 current_native_bytes is 140800567
12-20 20:43:55.423  9750  9750 I wm_on_destroy_called: [0,252061771,com.xunmeng.pinduoduo.ui.activity.MainFrameActivity,performDestroy,2]
12-20 20:43:55.593  3306  3967 I com.miui.home: CheckGCForNative adj_start_bytes: 45004847 NativeAllocationGcWatermark: 11856631 java_gc_start_bytes: 27219901 kNewNativeDiscountFactor: 2 kOldNativeDiscountFactor: 65536 old_native_bytes: 140269611 new_native_bytes: 533452 add_bytes_allowed: 35569893 is_gc_concurrent: 1 target_footprint_: 27744189 GetBytesAllocated: 19806340 HeapGrowthMultiplier: 3
12-20 20:43:55.593  3306  3967 I com.miui.home: CheckGCForNative gc_urgency 0.446068 current_native_bytes is 140803063
12-20 20:43:55.869  3306  3306 I com.miui.home: CheckGCForNative adj_start_bytes: 45004847 NativeAllocationGcWatermark: 11856631 java_gc_start_bytes: 27219901 kNewNativeDiscountFactor: 2 kOldNativeDiscountFactor: 65536 old_native_bytes: 140269611 new_native_bytes: 791704 add_bytes_allowed: 35569893 is_gc_concurrent: 1 target_footprint_: 27744189 GetBytesAllocated: 21115723 HeapGrowthMultiplier: 3
12-20 20:43:55.869  3306  3306 I com.miui.home: CheckGCForNative gc_urgency 0.478031 current_native_bytes is 141061315
12-20 20:43:56.010  3306  3306 I wm_on_top_resumed_lost_called: [248778734,com.miui.home.launcher.Launcher,topStateChangedWhenResumed]
12-20 20:43:56.074  3306  3356 D cccccc  : onTaskStackChangedBackground
12-20 20:43:56.075  3306  3356 D cccccc  : onTaskStackChangedBackground
12-20 20:43:56.125  9642  9642 I wm_on_application_create_called: [0,com.eg.android.AlipayGphone,1057]
12-20 20:43:56.202  3306  3306 I wm_on_paused_called: [0,248778734,com.miui.home.launcher.Launcher,performPause,6]
12-20 20:43:56.211  3306  3816 I com.miui.home: CheckGCForNative adj_start_bytes: 45004847 NativeAllocationGcWatermark: 11856631 java_gc_start_bytes: 27219901 kNewNativeDiscountFactor: 2 kOldNativeDiscountFactor: 65536 old_native_bytes: 140269611 new_native_bytes: 976296 add_bytes_allowed: 35569893 is_gc_concurrent: 1 target_footprint_: 27744189 GetBytesAllocated: 23065388 HeapGrowthMultiplier: 3
12-20 20:43:56.211  3306  3816 I com.miui.home: CheckGCForNative gc_urgency 0.523403 current_native_bytes is 141245907
12-20 20:43:56.222  3306  3967 E cccccc  : createTaskSnapshot:
12-20 20:43:56.222  3306  3967 I cccccc  : getTaskSnapshotInstance:
12-20 20:43:56.269  3306  3967 I com.miui.home: CheckGCForNative adj_start_bytes: 45004847 NativeAllocationGcWatermark: 11856631 java_gc_start_bytes: 27219901 kNewNativeDiscountFactor: 2 kOldNativeDiscountFactor: 65536 old_native_bytes: 140269611 new_native_bytes: 11662920 add_bytes_allowed: 35569893 is_gc_concurrent: 1 target_footprint_: 27744189 GetBytesAllocated: 23298258 HeapGrowthMultiplier: 3
12-20 20:43:56.269  3306  3967 I com.miui.home: CheckGCForNative gc_urgency 0.647305 current_native_bytes is 151932531
12-20 20:43:56.270  3306  3967 I com.miui.home: CheckGCForNative adj_start_bytes: 45004847 NativeAllocationGcWatermark: 11856631 java_gc_start_bytes: 27219901 kNewNativeDiscountFactor: 2 kOldNativeDiscountFactor: 65536 old_native_bytes: 140269611 new_native_bytes: 22377160 add_bytes_allowed: 35569893 is_gc_concurrent: 1 target_footprint_: 27744189 GetBytesAllocated: 23301989 HeapGrowthMultiplier: 3
12-20 20:43:56.270  3306  3967 I com.miui.home: CheckGCForNative gc_urgency 0.766422 current_native_bytes is 162646771
12-20 20:43:56.302  3306  3950 D cccccc  : onTaskStackChangedBackground
12-20 20:43:56.314  3306  8944 D cccccc  : onTaskStackChangedBackground
12-20 20:43:56.507  3306  3950 I com.miui.home: CheckGCForNative adj_start_bytes: 45004847 NativeAllocationGcWatermark: 11856631 java_gc_start_bytes: 27219901 kNewNativeDiscountFactor: 2 kOldNativeDiscountFactor: 65536 old_native_bytes: 140269611 new_native_bytes: 11738320 add_bytes_allowed: 35569893 is_gc_concurrent: 1 target_footprint_: 27744189 GetBytesAllocated: 24215423 HeapGrowthMultiplier: 3
12-20 20:43:56.507  3306  3950 I com.miui.home: CheckGCForNative gc_urgency 0.668522 current_native_bytes is 152007931
12-20 20:43:56.599  3306  8312 I com.miui.home: CheckGCForNative adj_start_bytes: 45004847 NativeAllocationGcWatermark: 11856631 java_gc_start_bytes: 27219901 kNewNativeDiscountFactor: 2 kOldNativeDiscountFactor: 65536 old_native_bytes: 140269611 new_native_bytes: 11822196 add_bytes_allowed: 35569893 is_gc_concurrent: 1 target_footprint_: 27744189 GetBytesAllocated: 24498630 HeapGrowthMultiplier: 3
12-20 20:43:56.599  3306  8312 I com.miui.home: CheckGCForNative gc_urgency 0.675747 current_native_bytes is 152091807
12-20 20:43:56.600  9750  9750 I wm_on_paused_called: [0,229431300,com.xunmeng.pinduoduo.ui.activity.HomeActivity,performPause,9]
12-20 20:43:56.823  3306  3839 I com.miui.home: CheckGCForNative adj_start_bytes: 45004847 NativeAllocationGcWatermark: 11856631 java_gc_start_bytes: 27219901 kNewNativeDiscountFactor: 2 kOldNativeDiscountFactor: 65536 old_native_bytes: 140269611 new_native_bytes: 12037748 add_bytes_allowed: 35569893 is_gc_concurrent: 1 target_footprint_: 27744189 GetBytesAllocated: 25143529 HeapGrowthMultiplier: 3
12-20 20:43:56.823  3306  3839 I com.miui.home: CheckGCForNative gc_urgency 0.692471 current_native_bytes is 152307359
12-20 20:43:57.034  3306  3839 I com.miui.home: CheckGCForNative adj_start_bytes: 45004847 NativeAllocationGcWatermark: 11856631 java_gc_start_bytes: 27219901 kNewNativeDiscountFactor: 2 kOldNativeDiscountFactor: 65536 old_native_bytes: 140269611 new_native_bytes: 12117620 add_bytes_allowed: 35569893 is_gc_concurrent: 1 target_footprint_: 27744189 GetBytesAllocated: 25882305 HeapGrowthMultiplier: 3
12-20 20:43:57.035  3306  3839 I com.miui.home: CheckGCForNative gc_urgency 0.709774 current_native_bytes is 152387231
12-20 20:43:57.079  3306  3967 E cccccc  : createTaskSnapshot:
12-20 20:43:57.079  3306  3967 I cccccc  : getTaskSnapshotInstance:
12-20 20:43:57.081  3306  3967 E cccccc  : createTaskSnapshot:
12-20 20:43:57.081  3306  3967 I cccccc  : getTaskSnapshotInstance:
12-20 20:43:57.083  3306  3967 I com.miui.home: CheckGCForNative adj_start_bytes: 45004847 NativeAllocationGcWatermark: 11856631 java_gc_start_bytes: 27219901 kNewNativeDiscountFactor: 2 kOldNativeDiscountFactor: 65536 old_native_bytes: 140269611 new_native_bytes: 22835004 add_bytes_allowed: 35569893 is_gc_concurrent: 1 target_footprint_: 27744189 GetBytesAllocated: 26146402 HeapGrowthMultiplier: 3
12-20 20:43:57.083  3306  3967 I com.miui.home: CheckGCForNative gc_urgency 0.834711 current_native_bytes is 163104615
12-20 20:43:57.422  9750  9750 I wm_on_stop_called: [0,229431300,com.xunmeng.pinduoduo.ui.activity.HomeActivity,STOP_ACTIVITY_ITEM,87]
12-20 20:43:57.450  3306  3306 I com.miui.home: CheckGCForNative adj_start_bytes: 45004847 NativeAllocationGcWatermark: 11856631 java_gc_start_bytes: 27219901 kNewNativeDiscountFactor: 2 kOldNativeDiscountFactor: 65536 old_native_bytes: 140269611 new_native_bytes: 12057252 add_bytes_allowed: 35569893 is_gc_concurrent: 1 target_footprint_: 27744189 GetBytesAllocated: 27423581 HeapGrowthMultiplier: 3
12-20 20:43:57.450  3306  3306 I com.miui.home: CheckGCForNative gc_urgency 0.74335 current_native_bytes is 152326863
12-20 20:43:57.489  3306  3306 I com.miui.home: CheckGCForNative adj_start_bytes: 45004847 NativeAllocationGcWatermark: 11856631 java_gc_start_bytes: 27219901 kNewNativeDiscountFactor: 2 kOldNativeDiscountFactor: 65536 old_native_bytes: 140269611 new_native_bytes: 12146124 add_bytes_allowed: 35569893 is_gc_concurrent: 1 target_footprint_: 27744189 GetBytesAllocated: 27548728 HeapGrowthMultiplier: 3
12-20 20:43:57.489  3306  3306 I com.miui.home: CheckGCForNative gc_urgency 0.747118 current_native_bytes is 152415735
12-20 20:43:57.511  3306  3306 I wm_on_resume_called: [0,248778734,com.miui.home.launcher.Launcher,RESUME_ACTIVITY,21]
12-20 20:43:57.567  3306  3306 I wm_on_idle_called: com.miui.home.launcher.Launcher
12-20 20:43:57.577  9750  9750 I wm_on_idle_called: com.xunmeng.pinduoduo.ui.activity.HomeActivity
12-20 20:43:57.814  3306  3839 I com.miui.home: CheckGCForNative adj_start_bytes: 45004847 NativeAllocationGcWatermark: 11856631 java_gc_start_bytes: 27219901 kNewNativeDiscountFactor: 2 kOldNativeDiscountFactor: 65536 old_native_bytes: 140269611 new_native_bytes: 12497564 add_bytes_allowed: 35569893 is_gc_concurrent: 1 target_footprint_: 27744189 GetBytesAllocated: 29241261 HeapGrowthMultiplier: 3
12-20 20:43:57.815  3306  3839 I com.miui.home: CheckGCForNative gc_urgency 0.78863 current_native_bytes is 152767175
12-20 20:43:57.921  3306  3306 I wm_on_top_resumed_gained_called: [248778734,com.miui.home.launcher.Launcher,topStateChangedWhenResumed]
12-20 20:43:58.082  3306  3839 I com.miui.home: CheckGCForNative gc_urgency 0 current_native_bytes is 120612639
12-20 20:43:58.442  3306  3306 I com.miui.home: CheckGCForNative gc_urgency 0 current_native_bytes is 118990295
