12-20 13:51:54.212 12324 12324 I wm_on_top_resumed_gained_called: [133967749,com.dragon.read.pages.splash.SplashActivity,topStateChangedWhenResumed]
12-20 13:51:54.322  3332  3702 I com.miui.home: CheckGCForNative adj_start_bytes: 36303018 NativeAllocationGcWatermark: 10912029 java_gc_start_bytes: 19934975 kNewNativeDiscountFactor: 2 kOldNativeDiscountFactor: 65536 old_native_bytes: 75344215 new_native_bytes: 289768 add_bytes_allowed: 32736087 is_gc_concurrent: 1 target_footprint_: 20187369 GetBytesAllocated: 13438056 HeapGrowthMultiplier: 3
12-20 13:51:54.322  3332  3702 I com.miui.home: CheckGCForNative gc_urgency 0.374186 current_native_bytes is 75633983
12-20 13:51:54.364  3332  3332 I wm_on_top_resumed_gained_called: [110023220,com.miui.home.launcher.Launcher,topStateChangedWhenResumed]
12-20 13:51:54.415 12324 12324 I wm_on_top_resumed_lost_called: [133967749,com.dragon.read.pages.splash.SplashActivity,topStateChangedWhenResumed]
12-20 13:51:54.483 12324 12324 I wm_on_paused_called: [0,133967749,com.dragon.read.pages.splash.SplashActivity,performPause,35]
12-20 13:51:54.573  3332  3702 I com.miui.home: CheckGCForNative adj_start_bytes: 36303018 NativeAllocationGcWatermark: 10912029 java_gc_start_bytes: 19934975 kNewNativeDiscountFactor: 2 kOldNativeDiscountFactor: 65536 old_native_bytes: 75344215 new_native_bytes: 260712 add_bytes_allowed: 32736087 is_gc_concurrent: 1 target_footprint_: 20187369 GetBytesAllocated: 14080794 HeapGrowthMultiplier: 3
12-20 13:51:54.573  3332  3702 I com.miui.home: CheckGCForNative gc_urgency 0.391491 current_native_bytes is 75604927
12-20 13:51:54.651  3332 10889 D cccccc  : onTaskStackChangedBackground
12-20 13:51:54.847  3332  3332 I wm_on_top_resumed_lost_called: [110023220,com.miui.home.launcher.Launcher,topStateChangedWhenResumed]
12-20 13:51:55.118  3332  3575 I com.miui.home: CheckGCForNative adj_start_bytes: 36303018 NativeAllocationGcWatermark: 10912029 java_gc_start_bytes: 19934975 kNewNativeDiscountFactor: 2 kOldNativeDiscountFactor: 65536 old_native_bytes: 75344215 new_native_bytes: 209256 add_bytes_allowed: 32736087 is_gc_concurrent: 1 target_footprint_: 20187369 GetBytesAllocated: 15849886 HeapGrowthMultiplier: 3
12-20 13:51:55.118  3332  3575 I com.miui.home: CheckGCForNative gc_urgency 0.439513 current_native_bytes is 75553471
12-20 13:51:55.137 12324 12324 I wm_on_create_called: [0,257844044,com.dragon.read.pages.interest.PreferenceActivity,performCreate,334]
12-20 13:51:55.152 12324 12324 I wm_on_start_called: [0,257844044,com.dragon.read.pages.interest.PreferenceActivity,handleStartActivity,14]
12-20 13:51:55.242  3332  3332 I wm_on_paused_called: [0,110023220,com.miui.home.launcher.Launcher,performPause,4]
12-20 13:51:55.351  3332  3357 D cccccc  : onTaskStackChangedBackground
12-20 13:51:55.405 12324 12324 I wm_on_resume_called: [0,257844044,com.dragon.read.pages.interest.PreferenceActivity,RESUME_ACTIVITY,247]
12-20 13:51:55.539  3332  3702 I com.miui.home: CheckGCForNative adj_start_bytes: 36303018 NativeAllocationGcWatermark: 10912029 java_gc_start_bytes: 19934975 kNewNativeDiscountFactor: 2 kOldNativeDiscountFactor: 65536 old_native_bytes: 75344215 new_native_bytes: 688336 add_bytes_allowed: 32736087 is_gc_concurrent: 1 target_footprint_: 20187369 GetBytesAllocated: 16963905 HeapGrowthMultiplier: 3
12-20 13:51:55.540  3332  3702 I com.miui.home: CheckGCForNative gc_urgency 0.476798 current_native_bytes is 76032551
12-20 13:51:55.583  3332  3702 I com.miui.home: CheckGCForNative adj_start_bytes: 36303018 NativeAllocationGcWatermark: 10912029 java_gc_start_bytes: 19934975 kNewNativeDiscountFactor: 2 kOldNativeDiscountFactor: 65536 old_native_bytes: 75344215 new_native_bytes: 665288 add_bytes_allowed: 32736087 is_gc_concurrent: 1 target_footprint_: 20187369 GetBytesAllocated: 17058766 HeapGrowthMultiplier: 3
12-20 13:51:55.583  3332  3702 I com.miui.home: CheckGCForNative gc_urgency 0.479094 current_native_bytes is 76009503
12-20 13:51:55.727 12324 12324 I wm_on_stop_called: [0,133967749,com.dragon.read.pages.splash.SplashActivity,LIFECYCLER_STOP_ACTIVITY,40]
12-20 13:51:55.794 12324 12324 I wm_on_destroy_called: [0,133967749,com.dragon.read.pages.splash.SplashActivity,performDestroy,4]
12-20 13:51:55.861  3332  3702 I com.miui.home: CheckGCForNative adj_start_bytes: 36303018 NativeAllocationGcWatermark: 10912029 java_gc_start_bytes: 19934975 kNewNativeDiscountFactor: 2 kOldNativeDiscountFactor: 65536 old_native_bytes: 75344215 new_native_bytes: 699240 add_bytes_allowed: 32736087 is_gc_concurrent: 1 target_footprint_: 20187369 GetBytesAllocated: 17554166 HeapGrowthMultiplier: 3
12-20 13:51:55.861  3332  3702 I com.miui.home: CheckGCForNative gc_urgency 0.493208 current_native_bytes is 76043455
12-20 13:51:55.868 12324 12324 I wm_on_paused_called: [0,257844044,com.dragon.read.pages.interest.PreferenceActivity,performPause,40]
12-20 13:51:56.176 12324 12324 I wm_on_stop_called: [0,257844044,com.dragon.read.pages.interest.PreferenceActivity,STOP_ACTIVITY_ITEM,84]
12-20 13:51:56.675 12750 12750 I wm_on_application_create_called: [0,com.taobao.taobao,445]
12-20 13:51:56.791 12750 12750 I wm_on_create_called: [0,126574649,com.taobao.tao.welcome.Welcome,performCreate,88]
12-20 13:51:56.975 12750 12750 I wm_on_start_called: [0,126574649,com.taobao.tao.welcome.Welcome,handleStartActivity,183]
12-20 13:51:57.124  3332  3332 I wm_on_resume_called: [0,110023220,com.miui.home.launcher.Launcher,RESUME_ACTIVITY,18]
12-20 13:51:57.125  3332  3332 I com.miui.home: CheckGCForNative adj_start_bytes: 36303018 NativeAllocationGcWatermark: 10912029 java_gc_start_bytes: 19934975 kNewNativeDiscountFactor: 2 kOldNativeDiscountFactor: 65536 old_native_bytes: 75344215 new_native_bytes: 639768 add_bytes_allowed: 32736087 is_gc_concurrent: 1 target_footprint_: 20187369 GetBytesAllocated: 18926273 HeapGrowthMultiplier: 3
12-20 13:51:57.125  3332  3332 I com.miui.home: CheckGCForNative gc_urgency 0.530185 current_native_bytes is 75983983
12-20 13:51:57.143  3332  3332 I wm_on_idle_called: com.miui.home.launcher.Launcher
12-20 13:51:57.154  3332  3332 I com.miui.home: CheckGCForNative adj_start_bytes: 36303018 NativeAllocationGcWatermark: 10912029 java_gc_start_bytes: 19934975 kNewNativeDiscountFactor: 2 kOldNativeDiscountFactor: 65536 old_native_bytes: 75344215 new_native_bytes: 651332 add_bytes_allowed: 32736087 is_gc_concurrent: 1 target_footprint_: 20187369 GetBytesAllocated: 19103230 HeapGrowthMultiplier: 3
12-20 13:51:57.154  3332  3332 I com.miui.home: CheckGCForNative gc_urgency 0.535218 current_native_bytes is 75995547
12-20 13:51:57.282 12750 12750 I wm_on_resume_called: [0,126574649,com.taobao.tao.welcome.Welcome,RESUME_ACTIVITY,220]
12-20 13:51:57.484  3332  3575 I com.miui.home: CheckGCForNative gc_urgency 0 current_native_bytes is 75581027
12-20 13:51:57.490  3332  3332 I wm_on_top_resumed_gained_called: [110023220,com.miui.home.launcher.Launcher,topStateChangedWhenResumed]
12-20 13:51:57.696 12750 12750 I wm_on_top_resumed_gained_called: [126574649,com.taobao.tao.welcome.Welcome,topStateChangedWhenResumed]
12-20 13:51:57.730 12732 12732 I wm_on_application_create_called: [0,com.tencent.mm,1473]
12-20 13:51:57.739  3332  3702 I com.miui.home: CheckGCForNative adj_start_bytes: 36325940 NativeAllocationGcWatermark: 10912029 java_gc_start_bytes: 19957897 kNewNativeDiscountFactor: 2 kOldNativeDiscountFactor: 65536 old_native_bytes: 75581027 new_native_bytes: 13920 add_bytes_allowed: 32736087 is_gc_concurrent: 1 target_footprint_: 20187369 GetBytesAllocated: 11313649 HeapGrowthMultiplier: 3
12-20 13:51:57.739  3332  3702 I com.miui.home: CheckGCForNative gc_urgency 0.311672 current_native_bytes is 75594947
12-20 13:51:57.754 12750 12750 I wm_on_top_resumed_lost_called: [126574649,com.taobao.tao.welcome.Welcome,topStateChangedWhenResumed]
12-20 13:51:58.080  3332  3332 I wm_on_top_resumed_lost_called: [110023220,com.miui.home.launcher.Launcher,topStateChangedWhenResumed]
12-20 13:51:58.184  3332  3575 I com.miui.home: CheckGCForNative adj_start_bytes: 36325940 NativeAllocationGcWatermark: 10912029 java_gc_start_bytes: 19957897 kNewNativeDiscountFactor: 2 kOldNativeDiscountFactor: 65536 old_native_bytes: 75581027 new_native_bytes: 14848 add_bytes_allowed: 32736087 is_gc_concurrent: 1 target_footprint_: 20187369 GetBytesAllocated: 12748459 HeapGrowthMultiplier: 3
12-20 13:51:58.185  3332  3575 I com.miui.home: CheckGCForNative gc_urgency 0.351183 current_native_bytes is 75595875
12-20 13:51:58.387  3332  3332 I wm_on_paused_called: [0,110023220,com.miui.home.launcher.Launcher,performPause,5]
12-20 13:51:58.567  3332  3358 D cccccc  : onTaskStackChangedBackground
12-20 13:51:58.628  3332  3702 I com.miui.home: CheckGCForNative adj_start_bytes: 36325940 NativeAllocationGcWatermark: 10912029 java_gc_start_bytes: 19957897 kNewNativeDiscountFactor: 2 kOldNativeDiscountFactor: 65536 old_native_bytes: 75581027 new_native_bytes: 693968 add_bytes_allowed: 32736087 is_gc_concurrent: 1 target_footprint_: 20187369 GetBytesAllocated: 13828821 HeapGrowthMultiplier: 3
12-20 13:51:58.629  3332  3702 I com.miui.home: CheckGCForNative gc_urgency 0.390271 current_native_bytes is 76274995
12-20 13:51:58.639  3332  3702 I com.miui.home: CheckGCForNative adj_start_bytes: 36325940 NativeAllocationGcWatermark: 10912029 java_gc_start_bytes: 19957897 kNewNativeDiscountFactor: 2 kOldNativeDiscountFactor: 65536 old_native_bytes: 75581027 new_native_bytes: 695696 add_bytes_allowed: 32736087 is_gc_concurrent: 1 target_footprint_: 20187369 GetBytesAllocated: 13828821 HeapGrowthMultiplier: 3
12-20 13:51:58.639  3332  3702 I com.miui.home: CheckGCForNative gc_urgency 0.390295 current_native_bytes is 76276723
12-20 13:51:58.888 10419 10419 I wm_on_create_called: [0,149993463,com.tencent.mm.ui.LauncherUI,performCreate,409]
12-20 13:51:58.928  3332  3702 I com.miui.home: CheckGCForNative adj_start_bytes: 36325940 NativeAllocationGcWatermark: 10912029 java_gc_start_bytes: 19957897 kNewNativeDiscountFactor: 2 kOldNativeDiscountFactor: 65536 old_native_bytes: 75581027 new_native_bytes: 716112 add_bytes_allowed: 32736087 is_gc_concurrent: 1 target_footprint_: 20187369 GetBytesAllocated: 14238833 HeapGrowthMultiplier: 3
12-20 13:51:58.928  3332  3702 I com.miui.home: CheckGCForNative gc_urgency 0.401863 current_native_bytes is 76297139
12-20 13:51:58.981 10419 10419 I wm_on_start_called: [0,149993463,com.tencent.mm.ui.LauncherUI,handleStartActivity,29]
12-20 13:51:59.169 10419 10419 I wm_on_resume_called: [0,149993463,com.tencent.mm.ui.LauncherUI,RESUME_ACTIVITY,184]
12-20 13:51:59.219 10419 10419 I wm_on_top_resumed_gained_called: [149993463,com.tencent.mm.ui.LauncherUI,topStateChangedWhenResumed]
12-20 13:51:59.220 10419 10419 I wm_on_top_resumed_lost_called: [149993463,com.tencent.mm.ui.LauncherUI,topStateChangedWhenResumed]
12-20 13:51:59.230 10419 10419 I wm_on_paused_called: [0,149993463,com.tencent.mm.ui.LauncherUI,performPause,8]
12-20 13:51:59.235 13324 13324 I wm_on_application_create_called: [0,com.tencent.mobileqq,438]
12-20 13:51:59.269  3332  3332 I wm_on_stop_called: [0,110023220,com.miui.home.launcher.Launcher,STOP_ACTIVITY_ITEM,14]
12-20 13:51:59.380 10419 10419 I wm_on_create_called: [0,168246792,com.tencent.mm.plugin.account.ui.WelcomeActivity,performCreate,90]
12-20 13:51:59.382  3332  3357 D cccccc  : onTaskStackChangedBackground
12-20 13:51:59.394 10419 10419 I wm_on_start_called: [0,168246792,com.tencent.mm.plugin.account.ui.WelcomeActivity,handleStartActivity,13]
12-20 13:51:59.403 10419 10419 I wm_on_resume_called: [0,168246792,com.tencent.mm.plugin.account.ui.WelcomeActivity,RESUME_ACTIVITY,8]
12-20 13:51:59.418 10419 10419 I wm_on_top_resumed_gained_called: [168246792,com.tencent.mm.plugin.account.ui.WelcomeActivity,topStateChangedWhenResumed]
12-20 13:51:59.720 10419 10419 I wm_on_stop_called: [0,149993463,com.tencent.mm.ui.LauncherUI,STOP_ACTIVITY_ITEM,4]
12-20 13:52:00.321 10419 10419 I wm_on_top_resumed_lost_called: [168246792,com.tencent.mm.plugin.account.ui.WelcomeActivity,topStateChangedWhenResumed]
12-20 13:52:00.338  3332  3332 I wm_on_restart_called: [0,110023220,com.miui.home.launcher.Launcher,,0]
12-20 13:52:00.340  3332  3332 I wm_on_start_called: [0,110023220,com.miui.home.launcher.Launcher,handleStartActivity,2]
12-20 13:52:00.365  3332  3332 I wm_on_resume_called: [0,110023220,com.miui.home.launcher.Launcher,RESUME_ACTIVITY,23]
12-20 13:52:00.368  3332  3701 I com.miui.home: CheckGCForNative gc_urgency 0 current_native_bytes is 75798719
12-20 13:52:00.520  3332  3332 I wm_on_top_resumed_gained_called: [110023220,com.miui.home.launcher.Launcher,topStateChangedWhenResumed]
12-20 13:52:00.542  3332  3332 I wm_on_idle_called: com.miui.home.launcher.Launcher
12-20 13:52:00.695  3332  3702 I com.miui.home: CheckGCForNative adj_start_bytes: 36362444 NativeAllocationGcWatermark: 10916577 java_gc_start_bytes: 19987579 kNewNativeDiscountFactor: 2 kOldNativeDiscountFactor: 65536 old_native_bytes: 75798719 new_native_bytes: 211032 add_bytes_allowed: 32749731 is_gc_concurrent: 1 target_footprint_: 20223753 GetBytesAllocated: 12767190 HeapGrowthMultiplier: 3
12-20 13:52:00.695  3332  3702 I com.miui.home: CheckGCForNative gc_urgency 0.354043 current_native_bytes is 76009751
12-20 13:52:00.739  3332  3702 I com.miui.home: CheckGCForNative adj_start_bytes: 36362444 NativeAllocationGcWatermark: 10916577 java_gc_start_bytes: 19987579 kNewNativeDiscountFactor: 2 kOldNativeDiscountFactor: 65536 old_native_bytes: 75798719 new_native_bytes: 217176 add_bytes_allowed: 32749731 is_gc_concurrent: 1 target_footprint_: 20223753 GetBytesAllocated: 12878117 HeapGrowthMultiplier: 3
12-20 13:52:00.739  3332  3702 I com.miui.home: CheckGCForNative gc_urgency 0.357178 current_native_bytes is 76015895
12-20 13:52:00.939  3332  3702 I com.miui.home: CheckGCForNative adj_start_bytes: 36362444 NativeAllocationGcWatermark: 10916577 java_gc_start_bytes: 19987579 kNewNativeDiscountFactor: 2 kOldNativeDiscountFactor: 65536 old_native_bytes: 75798719 new_native_bytes: 240920 add_bytes_allowed: 32749731 is_gc_concurrent: 1 target_footprint_: 20223753 GetBytesAllocated: 13436100 HeapGrowthMultiplier: 3
12-20 13:52:00.939  3332  3702 I com.miui.home: CheckGCForNative gc_urgency 0.372849 current_native_bytes is 76039639
12-20 13:52:01.129 10419 10419 I wm_on_paused_called: [0,168246792,com.tencent.mm.plugin.account.ui.WelcomeActivity,performPause,19]
12-20 13:52:01.231 10419 10419 I wm_on_stop_called: [0,168246792,com.tencent.mm.plugin.account.ui.WelcomeActivity,STOP_ACTIVITY_ITEM,20]
12-20 13:52:01.247  3332  4024 D cccccc  : onTaskStackChangedBackground
12-20 13:52:01.248 10419 10419 I wm_on_idle_called: com.tencent.mm.ui.LauncherUI
12-20 13:52:01.248 10419 10419 I wm_on_idle_called: com.tencent.mm.plugin.account.ui.WelcomeActivity
12-20 13:52:01.294  3332  3332 I com.miui.home: CheckGCForNative adj_start_bytes: 36362444 NativeAllocationGcWatermark: 10916577 java_gc_start_bytes: 19987579 kNewNativeDiscountFactor: 2 kOldNativeDiscountFactor: 65536 old_native_bytes: 75798719 new_native_bytes: 249280 add_bytes_allowed: 32749731 is_gc_concurrent: 1 target_footprint_: 20223753 GetBytesAllocated: 14459751 HeapGrowthMultiplier: 3
12-20 13:52:01.294  3332  3332 I com.miui.home: CheckGCForNative gc_urgency 0.401116 current_native_bytes is 76047999
12-20 13:52:01.401  3332  3332 I wm_on_top_resumed_lost_called: [110023220,com.miui.home.launcher.Launcher,topStateChangedWhenResumed]
12-20 13:52:01.408  3332  3332 I wm_on_paused_called: [0,110023220,com.miui.home.launcher.Launcher,performPause,4]
12-20 13:52:01.558  3332  3357 D cccccc  : onTaskStackChangedBackground
12-20 13:52:01.685  3332  3575 I com.miui.home: CheckGCForNative adj_start_bytes: 36362444 NativeAllocationGcWatermark: 10916577 java_gc_start_bytes: 19987579 kNewNativeDiscountFactor: 2 kOldNativeDiscountFactor: 65536 old_native_bytes: 75798719 new_native_bytes: 459000 add_bytes_allowed: 32749731 is_gc_concurrent: 1 target_footprint_: 20223753 GetBytesAllocated: 15746725 HeapGrowthMultiplier: 3
12-20 13:52:01.686  3332  3575 I com.miui.home: CheckGCForNative gc_urgency 0.439392 current_native_bytes is 76257719
12-20 13:52:01.872  3332  3702 I com.miui.home: CheckGCForNative adj_start_bytes: 36362444 NativeAllocationGcWatermark: 10916577 java_gc_start_bytes: 19987579 kNewNativeDiscountFactor: 2 kOldNativeDiscountFactor: 65536 old_native_bytes: 75798719 new_native_bytes: 481176 add_bytes_allowed: 32749731 is_gc_concurrent: 1 target_footprint_: 20223753 GetBytesAllocated: 16233763 HeapGrowthMultiplier: 3
12-20 13:52:01.872  3332  3702 I com.miui.home: CheckGCForNative gc_urgency 0.453091 current_native_bytes is 76279895
12-20 13:52:01.928  3332  3702 I com.miui.home: CheckGCForNative adj_start_bytes: 36362444 NativeAllocationGcWatermark: 10916577 java_gc_start_bytes: 19987579 kNewNativeDiscountFactor: 2 kOldNativeDiscountFactor: 65536 old_native_bytes: 75798719 new_native_bytes: 488664 add_bytes_allowed: 32749731 is_gc_concurrent: 1 target_footprint_: 20223753 GetBytesAllocated: 16384189 HeapGrowthMultiplier: 3
12-20 13:52:01.928  3332  3702 I com.miui.home: CheckGCForNative gc_urgency 0.457331 current_native_bytes is 76287383
12-20 13:52:02.330 13706 13706 I wm_on_application_create_called: [0,com.sina.weibo,278]
12-20 13:52:02.495 13706 13706 I wm_on_create_called: [0,239542145,com.sina.weibo.SplashActivity,performCreate,111]
12-20 13:52:02.557 13706 13706 I wm_on_start_called: [0,239542145,com.sina.weibo.SplashActivity,handleStartActivity,61]
12-20 13:52:02.594 13706 13706 I wm_on_resume_called: [0,239542145,com.sina.weibo.SplashActivity,RESUME_ACTIVITY,7]
12-20 13:52:02.640 13706 13706 I wm_on_top_resumed_gained_called: [239542145,com.sina.weibo.SplashActivity,topStateChangedWhenResumed]
12-20 13:52:02.916 13706 13706 I wm_on_top_resumed_lost_called: [239542145,com.sina.weibo.SplashActivity,topStateChangedWhenResumed]
12-20 13:52:02.921 13706 13706 I wm_on_paused_called: [0,239542145,com.sina.weibo.SplashActivity,performPause,1]
12-20 13:52:03.005 13818 13818 I wm_on_application_create_called: [0,com.sina.weibo,349]
12-20 13:52:03.041  3332  8767 D cccccc  : onTaskStackChangedBackground
12-20 13:52:03.137 13706 13706 I wm_on_create_called: [0,188932842,com.sina.weibo.VisitorMainTabActivity,performCreate,172]
12-20 13:52:03.139 13706 13706 I wm_on_start_called: [0,188932842,com.sina.weibo.VisitorMainTabActivity,handleStartActivity,2]
12-20 13:52:03.246 13706 13706 I wm_on_create_called: [0,0,com.sina.weibo.feed.visitor.VisitorHomeActivity,performCreate,71]
12-20 13:52:03.251 13706 13706 I wm_on_start_called: [0,0,com.sina.weibo.feed.visitor.VisitorHomeActivity,handleStartActivity,4]
12-20 13:52:03.296 13706 13706 I wm_on_resume_called: [0,0,com.sina.weibo.feed.visitor.VisitorHomeActivity,moveToState-INITIALIZING,43]
12-20 13:52:03.314 13706 13706 I wm_on_resume_called: [0,188932842,com.sina.weibo.VisitorMainTabActivity,RESUME_ACTIVITY,174]
12-20 13:52:03.325 13706 13706 I wm_on_top_resumed_gained_called: [188932842,com.sina.weibo.VisitorMainTabActivity,topStateChangedWhenResumed]
12-20 13:52:03.339  3332  3332 I com.miui.home: CheckGCForNative adj_start_bytes: 36362444 NativeAllocationGcWatermark: 10916577 java_gc_start_bytes: 19987579 kNewNativeDiscountFactor: 2 kOldNativeDiscountFactor: 65536 old_native_bytes: 75798719 new_native_bytes: 215800 add_bytes_allowed: 32749731 is_gc_concurrent: 1 target_footprint_: 20223753 GetBytesAllocated: 17178631 HeapGrowthMultiplier: 3
12-20 13:52:03.339  3332  3332 I com.miui.home: CheckGCForNative gc_urgency 0.475427 current_native_bytes is 76014519
12-20 13:52:03.482  3332  3332 I wm_on_stop_called: [0,110023220,com.miui.home.launcher.Launcher,STOP_ACTIVITY_ITEM,16]
12-20 13:52:03.569  3332  3332 I wm_on_restart_called: [0,110023220,com.miui.home.launcher.Launcher,,0]
12-20 13:52:03.572  3332  3332 I wm_on_start_called: [0,110023220,com.miui.home.launcher.Launcher,handleStartActivity,3]
12-20 13:52:03.594  3332  3332 I wm_on_resume_called: [0,110023220,com.miui.home.launcher.Launcher,RESUME_ACTIVITY,20]
12-20 13:52:03.719  3332  3332 I wm_on_idle_called: com.miui.home.launcher.Launcher
12-20 13:52:03.816  3332  3701 I com.miui.home: CheckGCForNative adj_start_bytes: 36362444 NativeAllocationGcWatermark: 10916577 java_gc_start_bytes: 19987579 kNewNativeDiscountFactor: 2 kOldNativeDiscountFactor: 65536 old_native_bytes: 75798719 new_native_bytes: 486788 add_bytes_allowed: 32749731 is_gc_concurrent: 1 target_footprint_: 20223753 GetBytesAllocated: 19163479 HeapGrowthMultiplier: 3
12-20 13:52:03.816  3332  3701 I com.miui.home: CheckGCForNative gc_urgency 0.533738 current_native_bytes is 76285507
12-20 13:52:04.053  3332  3332 I wm_on_top_resumed_gained_called: [110023220,com.miui.home.launcher.Launcher,topStateChangedWhenResumed]
12-20 13:52:04.073  3332  3577 I com.miui.home: CheckGCForNative gc_urgency 0 current_native_bytes is 76265811
12-20 13:52:04.095  3332  3702 I com.miui.home: CheckGCForNative adj_start_bytes: 39579481 NativeAllocationGcWatermark: 11285540 java_gc_start_bytes: 22651171 kNewNativeDiscountFactor: 2 kOldNativeDiscountFactor: 65536 old_native_bytes: 76265811 new_native_bytes: 1408 add_bytes_allowed: 33856620 is_gc_concurrent: 1 target_footprint_: 23175459 GetBytesAllocated: 12532396 HeapGrowthMultiplier: 3
12-20 13:52:04.095  3332  3702 I com.miui.home: CheckGCForNative gc_urgency 0.316686 current_native_bytes is 76267219
12-20 13:52:04.366 13706 13706 I wm_on_top_resumed_lost_called: [188932842,com.sina.weibo.VisitorMainTabActivity,topStateChangedWhenResumed]
12-20 13:52:04.404  3332  3332 I com.miui.home: CheckGCForNative adj_start_bytes: 39579481 NativeAllocationGcWatermark: 11285540 java_gc_start_bytes: 22651171 kNewNativeDiscountFactor: 2 kOldNativeDiscountFactor: 65536 old_native_bytes: 76265811 new_native_bytes: 53312 add_bytes_allowed: 33856620 is_gc_concurrent: 1 target_footprint_: 23175459 GetBytesAllocated: 13266343 HeapGrowthMultiplier: 3
12-20 13:52:04.404  3332  3332 I com.miui.home: CheckGCForNative gc_urgency 0.335885 current_native_bytes is 76319123
12-20 13:52:04.571 13706 13706 I wm_on_paused_called: [0,0,com.sina.weibo.feed.visitor.VisitorHomeActivity,performPause,26]
12-20 13:52:04.572 13706 13706 I wm_on_paused_called: [0,188932842,com.sina.weibo.VisitorMainTabActivity,performPause,37]
12-20 13:52:04.590 13706 13706 I wm_on_stop_called: [0,239542145,com.sina.weibo.SplashActivity,LIFECYCLER_STOP_ACTIVITY,4]
12-20 13:52:04.591 13706 13706 I wm_on_destroy_called: [0,239542145,com.sina.weibo.SplashActivity,performDestroy,0]
12-20 13:52:04.679  3332  3358 D cccccc  : onTaskStackChangedBackground
12-20 13:52:04.742 13706 13706 I wm_on_stop_called: [0,0,com.sina.weibo.feed.visitor.VisitorHomeActivity,moveToState-STARTED,40]
12-20 13:52:04.743 13706 13706 I wm_on_stop_called: [0,188932842,com.sina.weibo.VisitorMainTabActivity,STOP_ACTIVITY_ITEM,44]
12-20 13:52:04.790  3332  3332 I wm_on_top_resumed_lost_called: [110023220,com.miui.home.launcher.Launcher,topStateChangedWhenResumed]
12-20 13:52:04.797  3332  3332 I wm_on_paused_called: [0,110023220,com.miui.home.launcher.Launcher,performPause,4]
12-20 13:52:04.908  3332  3358 D cccccc  : onTaskStackChangedBackground
12-20 13:52:04.973  3332  8767 I com.miui.home: CheckGCForNative adj_start_bytes: 39579481 NativeAllocationGcWatermark: 11285540 java_gc_start_bytes: 22651171 kNewNativeDiscountFactor: 2 kOldNativeDiscountFactor: 65536 old_native_bytes: 76265811 new_native_bytes: 43664 add_bytes_allowed: 33856620 is_gc_concurrent: 1 target_footprint_: 23175459 GetBytesAllocated: 15158401 HeapGrowthMultiplier: 3
12-20 13:52:04.973  3332  8767 I com.miui.home: CheckGCForNative gc_urgency 0.383805 current_native_bytes is 76309475
12-20 13:52:05.198 13706 13706 I wm_on_idle_called: com.sina.weibo.VisitorMainTabActivity
12-20 13:52:05.220  3332  3575 I com.miui.home: CheckGCForNative adj_start_bytes: 39579481 NativeAllocationGcWatermark: 11285540 java_gc_start_bytes: 22651171 kNewNativeDiscountFactor: 2 kOldNativeDiscountFactor: 65536 old_native_bytes: 76265811 new_native_bytes: 142184 add_bytes_allowed: 33856620 is_gc_concurrent: 1 target_footprint_: 23175459 GetBytesAllocated: 15685996 HeapGrowthMultiplier: 3
12-20 13:52:05.221  3332  3575 I com.miui.home: CheckGCForNative gc_urgency 0.398142 current_native_bytes is 76407995
12-20 13:52:05.406  3332  3702 I com.miui.home: CheckGCForNative adj_start_bytes: 39579481 NativeAllocationGcWatermark: 11285540 java_gc_start_bytes: 22651171 kNewNativeDiscountFactor: 2 kOldNativeDiscountFactor: 65536 old_native_bytes: 76265811 new_native_bytes: 159272 add_bytes_allowed: 33856620 is_gc_concurrent: 1 target_footprint_: 23175459 GetBytesAllocated: 16141981 HeapGrowthMultiplier: 3
12-20 13:52:05.406  3332  3702 I com.miui.home: CheckGCForNative gc_urgency 0.409879 current_native_bytes is 76425083
12-20 13:52:05.463  3332  3575 I com.miui.home: CheckGCForNative adj_start_bytes: 39579481 NativeAllocationGcWatermark: 11285540 java_gc_start_bytes: 22651171 kNewNativeDiscountFactor: 2 kOldNativeDiscountFactor: 65536 old_native_bytes: 76265811 new_native_bytes: 168680 add_bytes_allowed: 33856620 is_gc_concurrent: 1 target_footprint_: 23175459 GetBytesAllocated: 16302001 HeapGrowthMultiplier: 3
12-20 13:52:05.464  3332  3575 I com.miui.home: CheckGCForNative gc_urgency 0.41404 current_native_bytes is 76434491
12-20 13:52:05.684 14094 14094 I wm_on_application_create_called: [0,com.UCMobile,213]
12-20 13:52:06.478 14094 14094 I wm_on_create_called: [0,19161913,com.UCMobile.main.UCMobile,performCreate,771]
12-20 13:52:06.912  3332  8767 D cccccc  : onTaskStackChangedBackground
12-20 13:52:07.040  3332  3332 I wm_on_resume_called: [0,110023220,com.miui.home.launcher.Launcher,RESUME_ACTIVITY,39]
12-20 13:52:07.062  3332  3332 I wm_on_idle_called: com.miui.home.launcher.Launcher
12-20 13:52:07.085  3332  3653 I com.miui.home: CheckGCForNative gc_urgency 0 current_native_bytes is 76245351
12-20 13:52:07.439  3332  3332 I wm_on_top_resumed_gained_called: [110023220,com.miui.home.launcher.Launcher,topStateChangedWhenResumed]
12-20 13:52:07.494 14094 14094 I wm_on_create_called: [0,187346561,com.uc.browser.InnerUCMobile,performCreate,297]
12-20 13:52:07.573  3332  3702 I com.miui.home: CheckGCForNative adj_start_bytes: 39579481 NativeAllocationGcWatermark: 11285540 java_gc_start_bytes: 22651171 kNewNativeDiscountFactor: 2 kOldNativeDiscountFactor: 65536 old_native_bytes: 76245351 new_native_bytes: 122620 add_bytes_allowed: 33856620 is_gc_concurrent: 1 target_footprint_: 23175459 GetBytesAllocated: 18639135 HeapGrowthMultiplier: 3
12-20 13:52:07.573  3332  3702 I com.miui.home: CheckGCForNative gc_urgency 0.472508 current_native_bytes is 76367971
12-20 13:52:07.599 14094 14094 I wm_on_start_called: [0,187346561,com.uc.browser.InnerUCMobile,handleStartActivity,51]
12-20 13:52:07.606  3332  3702 I com.miui.home: CheckGCForNative adj_start_bytes: 39579481 NativeAllocationGcWatermark: 11285540 java_gc_start_bytes: 22651171 kNewNativeDiscountFactor: 2 kOldNativeDiscountFactor: 65536 old_native_bytes: 76245351 new_native_bytes: 127932 add_bytes_allowed: 33856620 is_gc_concurrent: 1 target_footprint_: 23175459 GetBytesAllocated: 18687465 HeapGrowthMultiplier: 3
12-20 13:52:07.606  3332  3702 I com.miui.home: CheckGCForNative gc_urgency 0.473796 current_native_bytes is 76373283
12-20 13:52:07.663 14094 14094 I wm_on_resume_called: [0,187346561,com.uc.browser.InnerUCMobile,RESUME_ACTIVITY,54]
12-20 13:52:08.025 14094 14094 I wm_on_top_resumed_gained_called: [187346561,com.uc.browser.InnerUCMobile,topStateChangedWhenResumed]
12-20 13:52:08.049 14094 14094 I wm_on_top_resumed_lost_called: [187346561,com.uc.browser.InnerUCMobile,topStateChangedWhenResumed]
12-20 13:52:08.070  3332  3623 I com.miui.home: CheckGCForNative adj_start_bytes: 39579481 NativeAllocationGcWatermark: 11285540 java_gc_start_bytes: 22651171 kNewNativeDiscountFactor: 2 kOldNativeDiscountFactor: 65536 old_native_bytes: 76245351 new_native_bytes: 194044 add_bytes_allowed: 33856620 is_gc_concurrent: 1 target_footprint_: 23175459 GetBytesAllocated: 19806292 HeapGrowthMultiplier: 3
12-20 13:52:08.070  3332  3623 I com.miui.home: CheckGCForNative gc_urgency 0.502899 current_native_bytes is 76439395
12-20 13:52:08.132  3332  3332 I wm_on_top_resumed_lost_called: [110023220,com.miui.home.launcher.Launcher,topStateChangedWhenResumed]
12-20 13:52:08.376  3332  3332 I wm_on_paused_called: [0,110023220,com.miui.home.launcher.Launcher,performPause,4]
12-20 13:52:08.504  3332  3357 D cccccc  : onTaskStackChangedBackground
12-20 13:52:08.750  3332  3702 I com.miui.home: CheckGCForNative adj_start_bytes: 39579481 NativeAllocationGcWatermark: 11285540 java_gc_start_bytes: 22651171 kNewNativeDiscountFactor: 2 kOldNativeDiscountFactor: 65536 old_native_bytes: 76245351 new_native_bytes: 496204 add_bytes_allowed: 33856620 is_gc_concurrent: 1 target_footprint_: 23175459 GetBytesAllocated: 21497981 HeapGrowthMultiplier: 3
12-20 13:52:08.751  3332  3702 I com.miui.home: CheckGCForNative gc_urgency 0.549458 current_native_bytes is 76741555
12-20 13:52:08.973  3332  3702 I com.miui.home: CheckGCForNative adj_start_bytes: 39579481 NativeAllocationGcWatermark: 11285540 java_gc_start_bytes: 22651171 kNewNativeDiscountFactor: 2 kOldNativeDiscountFactor: 65536 old_native_bytes: 76245351 new_native_bytes: 493356 add_bytes_allowed: 33856620 is_gc_concurrent: 1 target_footprint_: 23175459 GetBytesAllocated: 22150443 HeapGrowthMultiplier: 3
12-20 13:52:08.973  3332  3702 I com.miui.home: CheckGCForNative gc_urgency 0.565906 current_native_bytes is 76738707
12-20 13:52:09.106  3332  3702 I com.miui.home: CheckGCForNative adj_start_bytes: 39579481 NativeAllocationGcWatermark: 11285540 java_gc_start_bytes: 22651171 kNewNativeDiscountFactor: 2 kOldNativeDiscountFactor: 65536 old_native_bytes: 76245351 new_native_bytes: 506028 add_bytes_allowed: 33856620 is_gc_concurrent: 1 target_footprint_: 23175459 GetBytesAllocated: 22501086 HeapGrowthMultiplier: 3
12-20 13:52:09.106  3332  3702 I com.miui.home: CheckGCForNative gc_urgency 0.574926 current_native_bytes is 76751379
12-20 13:52:09.185 14448 14448 I wm_on_application_create_called: [0,com.tencent.mm,446]
12-20 13:52:09.238  3332  3332 I com.miui.home: CheckGCForNative adj_start_bytes: 39579481 NativeAllocationGcWatermark: 11285540 java_gc_start_bytes: 22651171 kNewNativeDiscountFactor: 2 kOldNativeDiscountFactor: 65536 old_native_bytes: 76245351 new_native_bytes: 160828 add_bytes_allowed: 33856620 is_gc_concurrent: 1 target_footprint_: 23175459 GetBytesAllocated: 22842699 HeapGrowthMultiplier: 3
12-20 13:52:09.238  3332  3332 I com.miui.home: CheckGCForNative gc_urgency 0.579196 current_native_bytes is 76406179
12-20 13:52:09.607 14540 14540 I wm_on_create_called: [0,29465019,com.tencent.mtt.SplashActivity,performCreate,169]
12-20 13:52:09.710 14540 14540 I wm_on_create_called: [0,155582598,com.tencent.mtt.MainActivity,performCreate,50]
12-20 13:52:09.744  3332 10896 D cccccc  : onTaskStackChangedBackground
12-20 13:52:09.791 14540 14540 I wm_on_start_called: [0,155582598,com.tencent.mtt.MainActivity,handleStartActivity,80]
12-20 13:52:10.216 14540 14540 I wm_on_resume_called: [0,155582598,com.tencent.mtt.MainActivity,RESUME_ACTIVITY,423]
12-20 13:52:10.229 14540 14540 I wm_on_top_resumed_gained_called: [155582598,com.tencent.mtt.MainActivity,topStateChangedWhenResumed]
12-20 13:52:10.476  3332  3332 I wm_on_stop_called: [0,110023220,com.miui.home.launcher.Launcher,STOP_ACTIVITY_ITEM,30]
12-20 13:52:10.637  3332  3332 I wm_on_restart_called: [0,110023220,com.miui.home.launcher.Launcher,,0]
12-20 13:52:10.640  3332  3332 I wm_on_start_called: [0,110023220,com.miui.home.launcher.Launcher,handleStartActivity,3]
12-20 13:52:10.665  3332  3332 I wm_on_resume_called: [0,110023220,com.miui.home.launcher.Launcher,RESUME_ACTIVITY,23]
12-20 13:52:10.815  3332  3332 I wm_on_idle_called: com.miui.home.launcher.Launcher
12-20 13:52:10.900  3332  8767 I com.miui.home: CheckGCForNative adj_start_bytes: 37085902 NativeAllocationGcWatermark: 11023058 java_gc_start_bytes: 20551315 kNewNativeDiscountFactor: 2 kOldNativeDiscountFactor: 65536 old_native_bytes: 75970375 new_native_bytes: 175440 add_bytes_allowed: 33069174 is_gc_concurrent: 1 target_footprint_: 21075603 GetBytesAllocated: 12091158 HeapGrowthMultiplier: 3
12-20 13:52:10.900  3332  8767 I com.miui.home: CheckGCForNative gc_urgency 0.328428 current_native_bytes is 76145815
12-20 13:52:11.084  3332  3702 I com.miui.home: CheckGCForNative adj_start_bytes: 37085902 NativeAllocationGcWatermark: 11023058 java_gc_start_bytes: 20551315 kNewNativeDiscountFactor: 2 kOldNativeDiscountFactor: 65536 old_native_bytes: 75970375 new_native_bytes: 222320 add_bytes_allowed: 33069174 is_gc_concurrent: 1 target_footprint_: 21075603 GetBytesAllocated: 12676792 HeapGrowthMultiplier: 3
12-20 13:52:11.084  3332  3702 I com.miui.home: CheckGCForNative gc_urgency 0.344851 current_native_bytes is 76192695
12-20 13:52:11.118 14540 14540 I wm_on_destroy_called: [0,29465019,com.tencent.mtt.SplashActivity,performDestroy,1]
12-20 13:52:11.121  3332  3332 I wm_on_top_resumed_gained_called: [110023220,com.miui.home.launcher.Launcher,topStateChangedWhenResumed]
12-20 13:52:11.195  3332  3702 I com.miui.home: CheckGCForNative adj_start_bytes: 37085902 NativeAllocationGcWatermark: 11023058 java_gc_start_bytes: 20551315 kNewNativeDiscountFactor: 2 kOldNativeDiscountFactor: 65536 old_native_bytes: 75970375 new_native_bytes: 238864 add_bytes_allowed: 33069174 is_gc_concurrent: 1 target_footprint_: 21075603 GetBytesAllocated: 13021779 HeapGrowthMultiplier: 3
12-20 13:52:11.195  3332  3702 I com.miui.home: CheckGCForNative gc_urgency 0.354376 current_native_bytes is 76209239
12-20 13:52:11.262  3332  3702 I com.miui.home: CheckGCForNative adj_start_bytes: 37085902 NativeAllocationGcWatermark: 11023058 java_gc_start_bytes: 20551315 kNewNativeDiscountFactor: 2 kOldNativeDiscountFactor: 65536 old_native_bytes: 75970375 new_native_bytes: 245392 add_bytes_allowed: 33069174 is_gc_concurrent: 1 target_footprint_: 21075603 GetBytesAllocated: 13220329 HeapGrowthMultiplier: 3
12-20 13:52:11.262  3332  3702 I com.miui.home: CheckGCForNative gc_urgency 0.359818 current_native_bytes is 76215767
12-20 13:52:11.347 14540 14540 I wm_on_top_resumed_lost_called: [155582598,com.tencent.mtt.MainActivity,topStateChangedWhenResumed]
12-20 13:52:11.514  3332 12303 I com.miui.home: CheckGCForNative adj_start_bytes: 37085902 NativeAllocationGcWatermark: 11023058 java_gc_start_bytes: 20551315 kNewNativeDiscountFactor: 2 kOldNativeDiscountFactor: 65536 old_native_bytes: 75970375 new_native_bytes: 104120 add_bytes_allowed: 33069174 is_gc_concurrent: 1 target_footprint_: 21075603 GetBytesAllocated: 13785612 HeapGrowthMultiplier: 3
12-20 13:52:11.514  3332 12303 I com.miui.home: CheckGCForNative gc_urgency 0.373156 current_native_bytes is 76074495
12-20 13:52:11.566 14926 14926 I wm_on_application_create_called: [0,com.xiaomi.mi_connect_service,403]
12-20 13:52:11.598 14540 14540 I wm_on_paused_called: [0,155582598,com.tencent.mtt.MainActivity,performPause,30]
12-20 13:52:11.708  3332  3357 D cccccc  : onTaskStackChangedBackground
12-20 13:52:11.754  3332  3332 I wm_on_top_resumed_lost_called: [110023220,com.miui.home.launcher.Launcher,topStateChangedWhenResumed]
12-20 13:52:11.805  3332  3332 I wm_on_paused_called: [0,110023220,com.miui.home.launcher.Launcher,performPause,4]
12-20 13:52:11.917  3332  4024 D cccccc  : onTaskStackChangedBackground
12-20 13:52:12.099 14540 14540 I wm_on_stop_called: [0,155582598,com.tencent.mtt.MainActivity,STOP_ACTIVITY_ITEM,367]
12-20 13:52:12.132  3332  8395 I com.miui.home: CheckGCForNative adj_start_bytes: 37085902 NativeAllocationGcWatermark: 11023058 java_gc_start_bytes: 20551315 kNewNativeDiscountFactor: 2 kOldNativeDiscountFactor: 65536 old_native_bytes: 75970375 new_native_bytes: 239528 add_bytes_allowed: 33069174 is_gc_concurrent: 1 target_footprint_: 21075603 GetBytesAllocated: 15700489 HeapGrowthMultiplier: 3
12-20 13:52:12.132  3332  8395 I com.miui.home: CheckGCForNative gc_urgency 0.426615 current_native_bytes is 76209903
12-20 13:52:12.195  3332  3702 I com.miui.home: CheckGCForNative adj_start_bytes: 37085902 NativeAllocationGcWatermark: 11023058 java_gc_start_bytes: 20551315 kNewNativeDiscountFactor: 2 kOldNativeDiscountFactor: 65536 old_native_bytes: 75970375 new_native_bytes: 310888 add_bytes_allowed: 33069174 is_gc_concurrent: 1 target_footprint_: 21075603 GetBytesAllocated: 15813919 HeapGrowthMultiplier: 3
12-20 13:52:12.195  3332  3702 I com.miui.home: CheckGCForNative gc_urgency 0.430636 current_native_bytes is 76281263
12-20 13:52:12.374  3332  3575 I com.miui.home: CheckGCForNative adj_start_bytes: 37085902 NativeAllocationGcWatermark: 11023058 java_gc_start_bytes: 20551315 kNewNativeDiscountFactor: 2 kOldNativeDiscountFactor: 65536 old_native_bytes: 75970375 new_native_bytes: 333864 add_bytes_allowed: 33069174 is_gc_concurrent: 1 target_footprint_: 21075603 GetBytesAllocated: 16124569 HeapGrowthMultiplier: 3
12-20 13:52:12.374  3332  3575 I com.miui.home: CheckGCForNative gc_urgency 0.439322 current_native_bytes is 76304239
12-20 13:52:12.398 14540 14540 I wm_on_idle_called: com.tencent.mtt.MainActivity
12-20 13:52:13.103 15065 15065 I wm_on_application_create_called: [0,com.youku.phone,656]
12-20 13:52:13.403 15157 15157 I wm_on_application_create_called: [0,com.tencent.mtt,228]
12-20 13:52:13.428 15065 15065 I wm_on_create_called: [0,262153841,com.youku.phone.ActivityWelcome,performCreate,90]
12-20 13:52:13.457  3332  3332 I com.miui.home: CheckGCForNative adj_start_bytes: 37085902 NativeAllocationGcWatermark: 11023058 java_gc_start_bytes: 20551315 kNewNativeDiscountFactor: 2 kOldNativeDiscountFactor: 65536 old_native_bytes: 75970375 new_native_bytes: 133096 add_bytes_allowed: 33069174 is_gc_concurrent: 1 target_footprint_: 21075603 GetBytesAllocated: 16685254 HeapGrowthMultiplier: 3
12-20 13:52:13.457  3332  3332 I com.miui.home: CheckGCForNative gc_urgency 0.451734 current_native_bytes is 76103471
12-20 13:52:13.656  3332  4024 D cccccc  : onTaskStackChangedBackground
12-20 13:52:13.860 15065 15065 I wm_on_create_called: [0,41622695,com.youku.v2.HomePageEntry,performCreate,229]
12-20 13:52:14.183  3332  3332 I wm_on_resume_called: [0,110023220,com.miui.home.launcher.Launcher,RESUME_ACTIVITY,19]
12-20 13:52:14.204  3332  3332 I wm_on_idle_called: com.miui.home.launcher.Launcher
12-20 13:52:14.212  3332  3332 I com.miui.home: CheckGCForNative adj_start_bytes: 37085902 NativeAllocationGcWatermark: 11023058 java_gc_start_bytes: 20551315 kNewNativeDiscountFactor: 2 kOldNativeDiscountFactor: 65536 old_native_bytes: 75970375 new_native_bytes: 297700 add_bytes_allowed: 33069174 is_gc_concurrent: 1 target_footprint_: 21075603 GetBytesAllocated: 18444171 HeapGrowthMultiplier: 3
12-20 13:52:14.212  3332  3332 I com.miui.home: CheckGCForNative gc_urgency 0.501381 current_native_bytes is 76268075
12-20 13:52:14.324  3332  3702 I com.miui.home: CheckGCForNative adj_start_bytes: 37085902 NativeAllocationGcWatermark: 11023058 java_gc_start_bytes: 20551315 kNewNativeDiscountFactor: 2 kOldNativeDiscountFactor: 65536 old_native_bytes: 75970375 new_native_bytes: 307240 add_bytes_allowed: 33069174 is_gc_concurrent: 1 target_footprint_: 21075603 GetBytesAllocated: 19103747 HeapGrowthMultiplier: 3
12-20 13:52:14.324  3332  3702 I com.miui.home: CheckGCForNative gc_urgency 0.519295 current_native_bytes is 76277615
12-20 13:52:14.556  3332  3702 I com.miui.home: CheckGCForNative adj_start_bytes: 37085902 NativeAllocationGcWatermark: 11023058 java_gc_start_bytes: 20551315 kNewNativeDiscountFactor: 2 kOldNativeDiscountFactor: 65536 old_native_bytes: 75970375 new_native_bytes: 378920 add_bytes_allowed: 33069174 is_gc_concurrent: 1 target_footprint_: 21075603 GetBytesAllocated: 19715596 HeapGrowthMultiplier: 3
12-20 13:52:14.556  3332  3702 I com.miui.home: CheckGCForNative gc_urgency 0.53676 current_native_bytes is 76349295
12-20 13:52:14.598  3332  3332 I wm_on_top_resumed_gained_called: [110023220,com.miui.home.launcher.Launcher,topStateChangedWhenResumed]
12-20 13:52:14.799  3332  3701 I com.miui.home: CheckGCForNative adj_start_bytes: 37085902 NativeAllocationGcWatermark: 11023058 java_gc_start_bytes: 20551315 kNewNativeDiscountFactor: 2 kOldNativeDiscountFactor: 65536 old_native_bytes: 75970375 new_native_bytes: 346008 add_bytes_allowed: 33069174 is_gc_concurrent: 1 target_footprint_: 21075603 GetBytesAllocated: 20372199 HeapGrowthMultiplier: 3
12-20 13:52:14.799  3332  3701 I com.miui.home: CheckGCForNative gc_urgency 0.554021 current_native_bytes is 76316383
12-20 13:52:15.269  3332  3332 I wm_on_top_resumed_lost_called: [110023220,com.miui.home.launcher.Launcher,topStateChangedWhenResumed]
12-20 13:52:15.330 15065 15065 I wm_on_start_called: [0,41622695,com.youku.v2.HomePageEntry,handleStartActivity,1463]
12-20 13:52:15.454  3332  3332 I wm_on_paused_called: [0,110023220,com.miui.home.launcher.Launcher,performPause,5]
12-20 13:52:15.580  3332  3357 D cccccc  : onTaskStackChangedBackground
12-20 13:52:15.618  3332  3653 I com.miui.home: CheckGCForNative adj_start_bytes: 37429870 NativeAllocationGcWatermark: 11023058 java_gc_start_bytes: 20895283 kNewNativeDiscountFactor: 2 kOldNativeDiscountFactor: 65536 old_native_bytes: 76227711 new_native_bytes: 55840 add_bytes_allowed: 33069174 is_gc_concurrent: 1 target_footprint_: 21075603 GetBytesAllocated: 11906471 HeapGrowthMultiplier: 3
12-20 13:52:15.618  3332  3653 I com.miui.home: CheckGCForNative gc_urgency 0.318878 current_native_bytes is 76283551
12-20 13:52:15.656  3332  3702 I com.miui.home: CheckGCForNative adj_start_bytes: 37429870 NativeAllocationGcWatermark: 11023058 java_gc_start_bytes: 20895283 kNewNativeDiscountFactor: 2 kOldNativeDiscountFactor: 65536 old_native_bytes: 76227711 new_native_bytes: 190560 add_bytes_allowed: 33069174 is_gc_concurrent: 1 target_footprint_: 21075603 GetBytesAllocated: 11988985 HeapGrowthMultiplier: 3
12-20 13:52:15.656  3332  3702 I com.miui.home: CheckGCForNative gc_urgency 0.322882 current_native_bytes is 76418271
12-20 13:52:15.858 15065 15065 I wm_on_resume_called: [0,41622695,com.youku.v2.HomePageEntry,RESUME_ACTIVITY,460]
12-20 13:52:15.889  3332  3702 I com.miui.home: CheckGCForNative adj_start_bytes: 37429870 NativeAllocationGcWatermark: 11023058 java_gc_start_bytes: 20895283 kNewNativeDiscountFactor: 2 kOldNativeDiscountFactor: 65536 old_native_bytes: 76227711 new_native_bytes: 216080 add_bytes_allowed: 33069174 is_gc_concurrent: 1 target_footprint_: 21075603 GetBytesAllocated: 12219847 HeapGrowthMultiplier: 3
12-20 13:52:15.889  3332  3702 I com.miui.home: CheckGCForNative gc_urgency 0.329391 current_native_bytes is 76443791
12-20 13:52:15.978 15065 15065 I wm_on_top_resumed_gained_called: [41622695,com.youku.v2.HomePageEntry,topStateChangedWhenResumed]
12-20 13:52:16.026 15065 15065 I wm_on_top_resumed_lost_called: [41622695,com.youku.v2.HomePageEntry,topStateChangedWhenResumed]
12-20 13:52:16.316 15695 15695 I wm_on_application_create_called: [0,com.quark.browser,246]
12-20 13:52:16.456 15695 15695 I wm_on_create_called: [0,34446277,com.ucpro.MainActivity,performCreate,59]
12-20 13:52:16.599 15664 15664 I wm_on_application_create_called: [0,com.tencent.mobileqq,372]
12-20 13:52:16.616  3332  8767 D cccccc  : onTaskStackChangedBackground
12-20 13:52:16.655 15065 15065 I wm_on_paused_called: [0,41622695,com.youku.v2.HomePageEntry,performPause,4]
12-20 13:52:16.657 15065 15065 I wm_on_destroy_called: [0,262153841,com.youku.phone.ActivityWelcome,performDestroy,0]
12-20 13:52:16.817 15065 15065 I wm_on_stop_called: [0,41622695,com.youku.v2.HomePageEntry,STOP_ACTIVITY_ITEM,108]
12-20 13:52:17.290 15695 15695 I wm_on_create_called: [0,35484180,com.ucpro.BrowserActivity,performCreate,723]
12-20 13:52:17.294 15695 15695 I wm_on_start_called: [0,35484180,com.ucpro.BrowserActivity,handleStartActivity,3]
12-20 13:52:17.304 15695 15695 I wm_on_resume_called: [0,35484180,com.ucpro.BrowserActivity,RESUME_ACTIVITY,8]
12-20 13:52:17.355 15695 15695 I wm_on_top_resumed_gained_called: [35484180,com.ucpro.BrowserActivity,topStateChangedWhenResumed]
12-20 13:52:17.671  3332  3577 I com.miui.home: CheckGCForNative gc_urgency 0 current_native_bytes is 76139887
12-20 13:52:17.885  3332  3332 I wm_on_resume_called: [0,110023220,com.miui.home.launcher.Launcher,RESUME_ACTIVITY,17]
12-20 13:52:17.905  3332  3332 I wm_on_idle_called: com.miui.home.launcher.Launcher
12-20 13:52:18.121  3332  8395 I com.miui.home: CheckGCForNative adj_start_bytes: 37429870 NativeAllocationGcWatermark: 11023058 java_gc_start_bytes: 20895283 kNewNativeDiscountFactor: 2 kOldNativeDiscountFactor: 65536 old_native_bytes: 76139887 new_native_bytes: 325404 add_bytes_allowed: 33069174 is_gc_concurrent: 1 target_footprint_: 21075603 GetBytesAllocated: 15335044 HeapGrowthMultiplier: 3
12-20 13:52:18.121  3332  8395 I com.miui.home: CheckGCForNative gc_urgency 0.414079 current_native_bytes is 76465291
12-20 13:52:18.134  3332  3702 I com.miui.home: CheckGCForNative adj_start_bytes: 37429870 NativeAllocationGcWatermark: 11023058 java_gc_start_bytes: 20895283 kNewNativeDiscountFactor: 2 kOldNativeDiscountFactor: 65536 old_native_bytes: 76139887 new_native_bytes: 351004 add_bytes_allowed: 33069174 is_gc_concurrent: 1 target_footprint_: 21075603 GetBytesAllocated: 15366471 HeapGrowthMultiplier: 3
12-20 13:52:18.134  3332  3702 I com.miui.home: CheckGCForNative gc_urgency 0.41526 current_native_bytes is 76490891
12-20 13:52:18.298  3332  3332 I wm_on_top_resumed_gained_called: [110023220,com.miui.home.launcher.Launcher,topStateChangedWhenResumed]
12-20 13:52:18.390  3332  3702 I com.miui.home: CheckGCForNative adj_start_bytes: 37429870 NativeAllocationGcWatermark: 11023058 java_gc_start_bytes: 20895283 kNewNativeDiscountFactor: 2 kOldNativeDiscountFactor: 65536 old_native_bytes: 76139887 new_native_bytes: 411100 add_bytes_allowed: 33069174 is_gc_concurrent: 1 target_footprint_: 21075603 GetBytesAllocated: 15852381 HeapGrowthMultiplier: 3
12-20 13:52:18.390  3332  3702 I com.miui.home: CheckGCForNative gc_urgency 0.429045 current_native_bytes is 76550987
12-20 13:52:18.882 15695 15695 I wm_on_top_resumed_lost_called: [35484180,com.ucpro.BrowserActivity,topStateChangedWhenResumed]
12-20 13:52:19.227 15695 15695 I wm_on_paused_called: [0,35484180,com.ucpro.BrowserActivity,performPause,63]
12-20 13:52:19.263 15695 15695 I wm_on_destroy_called: [0,34446277,com.ucpro.MainActivity,performDestroy,31]
12-20 13:52:19.280  3332  3357 D cccccc  : onTaskStackChangedBackground
12-20 13:52:19.365 15065 15065 I wm_on_idle_called: com.youku.v2.HomePageEntry
12-20 13:52:19.765  3332  3653 I com.miui.home: CheckGCForNative adj_start_bytes: 37429870 NativeAllocationGcWatermark: 11023058 java_gc_start_bytes: 20895283 kNewNativeDiscountFactor: 2 kOldNativeDiscountFactor: 65536 old_native_bytes: 76139887 new_native_bytes: 403700 add_bytes_allowed: 33069174 is_gc_concurrent: 1 target_footprint_: 21075603 GetBytesAllocated: 16641127 HeapGrowthMultiplier: 3
12-20 13:52:19.765  3332  3653 I com.miui.home: CheckGCForNative gc_urgency 0.450019 current_native_bytes is 76543587
12-20 13:52:19.920 15695 15695 I wm_on_stop_called: [0,35484180,com.ucpro.BrowserActivity,STOP_ACTIVITY_ITEM,61]
12-20 13:52:22.159 15695 15695 I wm_on_idle_called: com.ucpro.BrowserActivity
