12-20 13:08:48.120  3319  3319 I wm_on_top_resumed_lost_called: [96483374,com.miui.home.launcher.Launcher,topStateChangedWhenResumed]
12-20 13:08:48.131  3319  3319 I wm_on_paused_called: [0,96483374,com.miui.home.launcher.Launcher,performPause,8]
12-20 13:08:48.201  3319  3809 I com.miui.home: CheckGCForNative adj_start_bytes: 44692386 NativeAllocationGcWatermark: 11782349 java_gc_start_bytes: 27018863 kNewNativeDiscountFactor: 2 kOldNativeDiscountFactor: 65536 old_native_bytes: 72263763 new_native_bytes: 169516 add_bytes_allowed: 35347047 is_gc_concurrent: 1 target_footprint_: 27149935 GetBytesAllocated: 15619959 HeapGrowthMultiplier: 3
12-20 13:08:48.201  3319  3809 I com.miui.home: CheckGCForNative gc_urgency 0.35142 current_native_bytes is 72433279
12-20 13:08:48.247  3319  3352 D cccccc  : onTaskStackChangedBackground
12-20 13:08:48.560  3319  3843 I com.miui.home: CheckGCForNative adj_start_bytes: 44692386 NativeAllocationGcWatermark: 11782349 java_gc_start_bytes: 27018863 kNewNativeDiscountFactor: 2 kOldNativeDiscountFactor: 65536 old_native_bytes: 72263763 new_native_bytes: 673356 add_bytes_allowed: 35347047 is_gc_concurrent: 1 target_footprint_: 27149935 GetBytesAllocated: 16824283 HeapGrowthMultiplier: 3
12-20 13:08:48.560  3319  3843 I com.miui.home: CheckGCForNative gc_urgency 0.384004 current_native_bytes is 72937119
12-20 13:08:48.738  3319  3843 I com.miui.home: CheckGCForNative adj_start_bytes: 44692386 NativeAllocationGcWatermark: 11782349 java_gc_start_bytes: 27018863 kNewNativeDiscountFactor: 2 kOldNativeDiscountFactor: 65536 old_native_bytes: 72263763 new_native_bytes: 697740 add_bytes_allowed: 35347047 is_gc_concurrent: 1 target_footprint_: 27149935 GetBytesAllocated: 17287837 HeapGrowthMultiplier: 3
12-20 13:08:48.738  3319  3843 I com.miui.home: CheckGCForNative gc_urgency 0.394649 current_native_bytes is 72961503
12-20 13:08:48.794  3319  3843 I com.miui.home: CheckGCForNative adj_start_bytes: 44692386 NativeAllocationGcWatermark: 11782349 java_gc_start_bytes: 27018863 kNewNativeDiscountFactor: 2 kOldNativeDiscountFactor: 65536 old_native_bytes: 72263763 new_native_bytes: 703116 add_bytes_allowed: 35347047 is_gc_concurrent: 1 target_footprint_: 27149935 GetBytesAllocated: 17428853 HeapGrowthMultiplier: 3
12-20 13:08:48.794  3319  3843 I com.miui.home: CheckGCForNative gc_urgency 0.397864 current_native_bytes is 72966879
12-20 13:08:49.418  3319  3843 I com.miui.home: CheckGCForNative adj_start_bytes: 44692386 NativeAllocationGcWatermark: 11782349 java_gc_start_bytes: 27018863 kNewNativeDiscountFactor: 2 kOldNativeDiscountFactor: 65536 old_native_bytes: 72263763 new_native_bytes: 127076 add_bytes_allowed: 35347047 is_gc_concurrent: 1 target_footprint_: 27149935 GetBytesAllocated: 18312264 HeapGrowthMultiplier: 3
12-20 13:08:49.418  3319  3843 I com.miui.home: CheckGCForNative gc_urgency 0.411186 current_native_bytes is 72390839
12-20 13:08:49.602  8356  8356 I wm_on_application_create_called: [0,com.autonavi.minimap,535]
12-20 13:08:49.622  3319  3319 I wm_on_resume_called: [0,96483374,com.miui.home.launcher.Launcher,RESUME_ACTIVITY,66]
12-20 13:08:49.648  3319  3319 I wm_on_idle_called: com.miui.home.launcher.Launcher
12-20 13:08:49.729  3319  8290 I com.miui.home: CheckGCForNative adj_start_bytes: 44692386 NativeAllocationGcWatermark: 11782349 java_gc_start_bytes: 27018863 kNewNativeDiscountFactor: 2 kOldNativeDiscountFactor: 65536 old_native_bytes: 72263763 new_native_bytes: 562400 add_bytes_allowed: 35347047 is_gc_concurrent: 1 target_footprint_: 27149935 GetBytesAllocated: 19540151 HeapGrowthMultiplier: 3
12-20 13:08:49.729  3319  8290 I com.miui.home: CheckGCForNative gc_urgency 0.443531 current_native_bytes is 72826163
12-20 13:08:49.765  8264  8264 I wm_on_application_create_called: [0,com.autonavi.minimap,1168]
12-20 13:08:49.883  3319  3843 I com.miui.home: CheckGCForNative adj_start_bytes: 44692386 NativeAllocationGcWatermark: 11782349 java_gc_start_bytes: 27018863 kNewNativeDiscountFactor: 2 kOldNativeDiscountFactor: 65536 old_native_bytes: 72263763 new_native_bytes: 692272 add_bytes_allowed: 35347047 is_gc_concurrent: 1 target_footprint_: 27149935 GetBytesAllocated: 20321572 HeapGrowthMultiplier: 3
12-20 13:08:49.883  3319  3843 I com.miui.home: CheckGCForNative gc_urgency 0.462468 current_native_bytes is 72956035
12-20 13:08:49.965  3319  3319 I wm_on_top_resumed_gained_called: [96483374,com.miui.home.launcher.Launcher,topStateChangedWhenResumed]
12-20 13:08:50.005  3319  3843 I com.miui.home: CheckGCForNative adj_start_bytes: 44692386 NativeAllocationGcWatermark: 11782349 java_gc_start_bytes: 27018863 kNewNativeDiscountFactor: 2 kOldNativeDiscountFactor: 65536 old_native_bytes: 72263763 new_native_bytes: 664048 add_bytes_allowed: 35347047 is_gc_concurrent: 1 target_footprint_: 27149935 GetBytesAllocated: 20593495 HeapGrowthMultiplier: 3
12-20 13:08:50.005  3319  3843 I com.miui.home: CheckGCForNative gc_urgency 0.468237 current_native_bytes is 72927811
12-20 13:08:50.053  8264  8264 I wm_on_create_called: [0,93320812,com.autonavi.map.activity.SplashActivity,performCreate,207]
12-20 13:08:50.274  3319  3352 D cccccc  : onTaskStackChangedBackground
12-20 13:08:50.318  3319  3319 I com.miui.home: CheckGCForNative adj_start_bytes: 44692386 NativeAllocationGcWatermark: 11782349 java_gc_start_bytes: 27018863 kNewNativeDiscountFactor: 2 kOldNativeDiscountFactor: 65536 old_native_bytes: 72263763 new_native_bytes: 800336 add_bytes_allowed: 35347047 is_gc_concurrent: 1 target_footprint_: 27149935 GetBytesAllocated: 21487846 HeapGrowthMultiplier: 3
12-20 13:08:50.318  3319  3319 I com.miui.home: CheckGCForNative gc_urgency 0.489773 current_native_bytes is 73064099
12-20 13:08:50.475  3319  3319 I wm_on_top_resumed_lost_called: [96483374,com.miui.home.launcher.Launcher,topStateChangedWhenResumed]
12-20 13:08:50.599  8264  8264 I wm_on_create_called: [0,42438570,com.autonavi.map.activity.NewMapActivity,performCreate,446]
12-20 13:08:50.617  8264  8264 I wm_on_start_called: [0,42438570,com.autonavi.map.activity.NewMapActivity,handleStartActivity,17]
12-20 13:08:50.629  8264  8264 I wm_on_resume_called: [0,42438570,com.autonavi.map.activity.NewMapActivity,RESUME_ACTIVITY,7]
12-20 13:08:50.711  8264  8264 I wm_on_destroy_called: [0,93320812,com.autonavi.map.activity.SplashActivity,performDestroy,1]
12-20 13:08:50.720  3319  3319 I wm_on_paused_called: [0,96483374,com.miui.home.launcher.Launcher,performPause,6]
12-20 13:08:50.722  8264  8264 I wm_on_paused_called: [0,42438570,com.autonavi.map.activity.NewMapActivity,performPause,10]
12-20 13:08:50.847  3319  3908 D cccccc  : onTaskStackChangedBackground
12-20 13:08:50.894  3319  3669 I com.miui.home: CheckGCForNative adj_start_bytes: 44692386 NativeAllocationGcWatermark: 11782349 java_gc_start_bytes: 27018863 kNewNativeDiscountFactor: 2 kOldNativeDiscountFactor: 65536 old_native_bytes: 72263763 new_native_bytes: 1248400 add_bytes_allowed: 35347047 is_gc_concurrent: 1 target_footprint_: 27149935 GetBytesAllocated: 23488761 HeapGrowthMultiplier: 3
12-20 13:08:50.894  3319  3669 I com.miui.home: CheckGCForNative gc_urgency 0.539556 current_native_bytes is 73512163
12-20 13:08:51.001  8264  8264 I wm_on_stop_called: [0,42438570,com.autonavi.map.activity.NewMapActivity,STOP_ACTIVITY_ITEM,5]
12-20 13:08:51.007  8264  8264 I wm_on_idle_called: com.autonavi.map.activity.NewMapActivity
12-20 13:08:51.194  3319  3843 I com.miui.home: CheckGCForNative adj_start_bytes: 44692386 NativeAllocationGcWatermark: 11782349 java_gc_start_bytes: 27018863 kNewNativeDiscountFactor: 2 kOldNativeDiscountFactor: 65536 old_native_bytes: 72263763 new_native_bytes: 1797336 add_bytes_allowed: 35347047 is_gc_concurrent: 1 target_footprint_: 27149935 GetBytesAllocated: 24122425 HeapGrowthMultiplier: 3
12-20 13:08:51.194  3319  3843 I com.miui.home: CheckGCForNative gc_urgency 0.559876 current_native_bytes is 74061099
12-20 13:08:51.316  3319  3843 I com.miui.home: CheckGCForNative adj_start_bytes: 44692386 NativeAllocationGcWatermark: 11782349 java_gc_start_bytes: 27018863 kNewNativeDiscountFactor: 2 kOldNativeDiscountFactor: 65536 old_native_bytes: 72263763 new_native_bytes: 1789976 add_bytes_allowed: 35347047 is_gc_concurrent: 1 target_footprint_: 27149935 GetBytesAllocated: 24447337 HeapGrowthMultiplier: 3
12-20 13:08:51.316  3319  3843 I com.miui.home: CheckGCForNative gc_urgency 0.567064 current_native_bytes is 74053739
12-20 13:08:51.427  3319  3843 I com.miui.home: CheckGCForNative adj_start_bytes: 44692386 NativeAllocationGcWatermark: 11782349 java_gc_start_bytes: 27018863 kNewNativeDiscountFactor: 2 kOldNativeDiscountFactor: 65536 old_native_bytes: 72263763 new_native_bytes: 1744600 add_bytes_allowed: 35347047 is_gc_concurrent: 1 target_footprint_: 27149935 GetBytesAllocated: 24770731 HeapGrowthMultiplier: 3
12-20 13:08:51.427  3319  3843 I com.miui.home: CheckGCForNative gc_urgency 0.573792 current_native_bytes is 74008363
12-20 13:08:51.451  8703  8703 I wm_on_create_called: [0,221741573,fm.qingting.qtradio.WelcomeActivity,performCreate,95]
12-20 13:08:51.452  8703  8703 I wm_on_start_called: [0,221741573,fm.qingting.qtradio.WelcomeActivity,handleStartActivity,1]
12-20 13:08:51.460  8703  8703 I wm_on_resume_called: [0,221741573,fm.qingting.qtradio.WelcomeActivity,RESUME_ACTIVITY,6]
12-20 13:08:51.503  8703  8703 I wm_on_top_resumed_gained_called: [221741573,fm.qingting.qtradio.WelcomeActivity,topStateChangedWhenResumed]
12-20 13:08:51.736  3319  3319 I wm_on_stop_called: [0,96483374,com.miui.home.launcher.Launcher,STOP_ACTIVITY_ITEM,14]
12-20 13:08:52.122  3319  3319 I wm_on_restart_called: [0,96483374,com.miui.home.launcher.Launcher,,0]
12-20 13:08:52.125  3319  3319 I wm_on_start_called: [0,96483374,com.miui.home.launcher.Launcher,handleStartActivity,3]
12-20 13:08:52.149  3319  3319 I wm_on_resume_called: [0,96483374,com.miui.home.launcher.Launcher,RESUME_ACTIVITY,22]
12-20 13:08:52.171  3319  3809 I com.miui.home: CheckGCForNative gc_urgency 0 current_native_bytes is 73650931
12-20 13:08:52.289  3319  3319 I wm_on_idle_called: com.miui.home.launcher.Launcher
12-20 13:08:52.431  8703  8703 I wm_on_top_resumed_lost_called: [221741573,fm.qingting.qtradio.WelcomeActivity,topStateChangedWhenResumed]
12-20 13:08:52.435  3319  3319 I wm_on_top_resumed_gained_called: [96483374,com.miui.home.launcher.Launcher,topStateChangedWhenResumed]
12-20 13:08:52.436  8703  8703 I wm_on_idle_called: fm.qingting.qtradio.WelcomeActivity
12-20 13:08:52.538  3319  3843 I com.miui.home: CheckGCForNative adj_start_bytes: 45280073 NativeAllocationGcWatermark: 11844211 java_gc_start_bytes: 27513757 kNewNativeDiscountFactor: 2 kOldNativeDiscountFactor: 65536 old_native_bytes: 73650931 new_native_bytes: 298020 add_bytes_allowed: 35532633 is_gc_concurrent: 1 target_footprint_: 27644829 GetBytesAllocated: 16060951 HeapGrowthMultiplier: 3
12-20 13:08:52.538  3319  3843 I com.miui.home: CheckGCForNative gc_urgency 0.358018 current_native_bytes is 73948951
12-20 13:08:52.727  3319  3843 I com.miui.home: CheckGCForNative adj_start_bytes: 45280073 NativeAllocationGcWatermark: 11844211 java_gc_start_bytes: 27513757 kNewNativeDiscountFactor: 2 kOldNativeDiscountFactor: 65536 old_native_bytes: 73650931 new_native_bytes: 243972 add_bytes_allowed: 35532633 is_gc_concurrent: 1 target_footprint_: 27644829 GetBytesAllocated: 16536589 HeapGrowthMultiplier: 3
12-20 13:08:52.728  3319  3843 I com.miui.home: CheckGCForNative gc_urgency 0.367926 current_native_bytes is 73894903
12-20 13:08:52.783  3319  3843 I com.miui.home: CheckGCForNative adj_start_bytes: 45280073 NativeAllocationGcWatermark: 11844211 java_gc_start_bytes: 27513757 kNewNativeDiscountFactor: 2 kOldNativeDiscountFactor: 65536 old_native_bytes: 73650931 new_native_bytes: 249636 add_bytes_allowed: 35532633 is_gc_concurrent: 1 target_footprint_: 27644829 GetBytesAllocated: 16688481 HeapGrowthMultiplier: 3
12-20 13:08:52.783  3319  3843 I com.miui.home: CheckGCForNative gc_urgency 0.371343 current_native_bytes is 73900567
12-20 13:08:52.869  8703  8703 I wm_on_paused_called: [0,221741573,fm.qingting.qtradio.WelcomeActivity,performPause,1]
12-20 13:08:53.004  8703  8703 I wm_on_stop_called: [0,221741573,fm.qingting.qtradio.WelcomeActivity,STOP_ACTIVITY_ITEM,4]
12-20 13:08:53.010  3319  6805 D cccccc  : onTaskStackChangedBackground
12-20 13:08:53.164  3319  3319 I wm_on_top_resumed_lost_called: [96483374,com.miui.home.launcher.Launcher,topStateChangedWhenResumed]
12-20 13:08:53.172  3319  3319 I wm_on_paused_called: [0,96483374,com.miui.home.launcher.Launcher,performPause,5]
12-20 13:08:53.192  3319  3809 I com.miui.home: CheckGCForNative adj_start_bytes: 45280073 NativeAllocationGcWatermark: 11844211 java_gc_start_bytes: 27513757 kNewNativeDiscountFactor: 2 kOldNativeDiscountFactor: 65536 old_native_bytes: 73650931 new_native_bytes: 204796 add_bytes_allowed: 35532633 is_gc_concurrent: 1 target_footprint_: 27644829 GetBytesAllocated: 18267881 HeapGrowthMultiplier: 3
12-20 13:08:53.192  3319  3809 I com.miui.home: CheckGCForNative gc_urgency 0.405728 current_native_bytes is 73855727
12-20 13:08:53.293  3319  6805 D cccccc  : onTaskStackChangedBackground
12-20 13:08:53.516  3319  3843 I com.miui.home: CheckGCForNative adj_start_bytes: 45280073 NativeAllocationGcWatermark: 11844211 java_gc_start_bytes: 27513757 kNewNativeDiscountFactor: 2 kOldNativeDiscountFactor: 65536 old_native_bytes: 73650931 new_native_bytes: 1564604 add_bytes_allowed: 35532633 is_gc_concurrent: 1 target_footprint_: 27644829 GetBytesAllocated: 19284700 HeapGrowthMultiplier: 3
12-20 13:08:53.516  3319  3843 I com.miui.home: CheckGCForNative gc_urgency 0.4432 current_native_bytes is 75215535
12-20 13:08:53.708  9002  9002 I wm_on_application_create_called: [0,com.xiaomi.bluetooth,395]
12-20 13:08:53.750  3319  3669 I com.miui.home: CheckGCForNative adj_start_bytes: 45280073 NativeAllocationGcWatermark: 11844211 java_gc_start_bytes: 27513757 kNewNativeDiscountFactor: 2 kOldNativeDiscountFactor: 65536 old_native_bytes: 73650931 new_native_bytes: 1520932 add_bytes_allowed: 35532633 is_gc_concurrent: 1 target_footprint_: 27644829 GetBytesAllocated: 19885988 HeapGrowthMultiplier: 3
12-20 13:08:53.750  3319  3669 I com.miui.home: CheckGCForNative gc_urgency 0.455997 current_native_bytes is 75171863
12-20 13:08:53.838  3319  3843 I com.miui.home: CheckGCForNative adj_start_bytes: 45280073 NativeAllocationGcWatermark: 11844211 java_gc_start_bytes: 27513757 kNewNativeDiscountFactor: 2 kOldNativeDiscountFactor: 65536 old_native_bytes: 73650931 new_native_bytes: 1532468 add_bytes_allowed: 35532633 is_gc_concurrent: 1 target_footprint_: 27644829 GetBytesAllocated: 20093503 HeapGrowthMultiplier: 3
12-20 13:08:53.838  3319  3843 I com.miui.home: CheckGCForNative gc_urgency 0.460707 current_native_bytes is 75183399
12-20 13:08:54.796  9093  9093 I wm_on_application_create_called: [0,com.ss.android.ugc.aweme,270]
12-20 13:08:54.926  3319  3842 I com.miui.home: CheckGCForNative adj_start_bytes: 45280073 NativeAllocationGcWatermark: 11844211 java_gc_start_bytes: 27513757 kNewNativeDiscountFactor: 2 kOldNativeDiscountFactor: 65536 old_native_bytes: 73650931 new_native_bytes: 1311604 add_bytes_allowed: 35532633 is_gc_concurrent: 1 target_footprint_: 27644829 GetBytesAllocated: 20977810 HeapGrowthMultiplier: 3
12-20 13:08:54.926  3319  3842 I com.miui.home: CheckGCForNative gc_urgency 0.477798 current_native_bytes is 74962535
12-20 13:08:54.959  3319  3319 I wm_on_resume_called: [0,96483374,com.miui.home.launcher.Launcher,RESUME_ACTIVITY,23]
12-20 13:08:54.994  3319  3319 I wm_on_idle_called: com.miui.home.launcher.Launcher
12-20 13:08:55.161  3319  3843 I com.miui.home: CheckGCForNative adj_start_bytes: 45280073 NativeAllocationGcWatermark: 11844211 java_gc_start_bytes: 27513757 kNewNativeDiscountFactor: 2 kOldNativeDiscountFactor: 65536 old_native_bytes: 73650931 new_native_bytes: 1477504 add_bytes_allowed: 35532633 is_gc_concurrent: 1 target_footprint_: 27644829 GetBytesAllocated: 22710094 HeapGrowthMultiplier: 3
12-20 13:08:55.161  3319  3843 I com.miui.home: CheckGCForNative gc_urgency 0.517887 current_native_bytes is 75128435
12-20 13:08:55.337  9093  9093 I wm_on_create_called: [0,255211190,com.ss.android.ugc.aweme.splash.SplashActivity,performCreate,494]
12-20 13:08:55.363  3319  3319 I wm_on_top_resumed_gained_called: [96483374,com.miui.home.launcher.Launcher,topStateChangedWhenResumed]
12-20 13:08:55.416  3319  3843 I com.miui.home: CheckGCForNative adj_start_bytes: 45280073 NativeAllocationGcWatermark: 11844211 java_gc_start_bytes: 27513757 kNewNativeDiscountFactor: 2 kOldNativeDiscountFactor: 65536 old_native_bytes: 73650931 new_native_bytes: 1502592 add_bytes_allowed: 35532633 is_gc_concurrent: 1 target_footprint_: 27644829 GetBytesAllocated: 23271195 HeapGrowthMultiplier: 3
12-20 13:08:55.416  3319  3843 I com.miui.home: CheckGCForNative gc_urgency 0.530556 current_native_bytes is 75153523
12-20 13:08:55.483  3319  3843 I com.miui.home: CheckGCForNative adj_start_bytes: 45280073 NativeAllocationGcWatermark: 11844211 java_gc_start_bytes: 27513757 kNewNativeDiscountFactor: 2 kOldNativeDiscountFactor: 65536 old_native_bytes: 73650931 new_native_bytes: 1484672 add_bytes_allowed: 35532633 is_gc_concurrent: 1 target_footprint_: 27644829 GetBytesAllocated: 23460179 HeapGrowthMultiplier: 3
12-20 13:08:55.483  3319  3843 I com.miui.home: CheckGCForNative gc_urgency 0.534532 current_native_bytes is 75135603
12-20 13:08:55.767  9093  9093 I wm_on_start_called: [0,255211190,com.ss.android.ugc.aweme.splash.SplashActivity,handleStartActivity,416]
12-20 13:08:55.796  3319  3740 I com.miui.home: CheckGCForNative adj_start_bytes: 45280073 NativeAllocationGcWatermark: 11844211 java_gc_start_bytes: 27513757 kNewNativeDiscountFactor: 2 kOldNativeDiscountFactor: 65536 old_native_bytes: 73650931 new_native_bytes: 1419240 add_bytes_allowed: 35532633 is_gc_concurrent: 1 target_footprint_: 27644829 GetBytesAllocated: 24477917 HeapGrowthMultiplier: 3
12-20 13:08:55.796  3319  3740 I com.miui.home: CheckGCForNative gc_urgency 0.55645 current_native_bytes is 75070171
12-20 13:08:55.850  3319  3319 I wm_on_top_resumed_lost_called: [96483374,com.miui.home.launcher.Launcher,topStateChangedWhenResumed]
12-20 13:08:56.010  9093  9093 I wm_on_resume_called: [0,255211190,com.ss.android.ugc.aweme.splash.SplashActivity,RESUME_ACTIVITY,191]
12-20 13:08:56.092  3319  3319 I wm_on_paused_called: [0,96483374,com.miui.home.launcher.Launcher,performPause,6]
12-20 13:08:56.194  3319  3908 D cccccc  : onTaskStackChangedBackground
12-20 13:08:56.326  3319  3319 I com.miui.home: CheckGCForNative adj_start_bytes: 45280073 NativeAllocationGcWatermark: 11844211 java_gc_start_bytes: 27513757 kNewNativeDiscountFactor: 2 kOldNativeDiscountFactor: 65536 old_native_bytes: 73650931 new_native_bytes: 1655192 add_bytes_allowed: 35532633 is_gc_concurrent: 1 target_footprint_: 27644829 GetBytesAllocated: 26240384 HeapGrowthMultiplier: 3
12-20 13:08:56.326  3319  3319 I com.miui.home: CheckGCForNative gc_urgency 0.597815 current_native_bytes is 75306123
12-20 13:08:56.538  3319  3843 I com.miui.home: CheckGCForNative adj_start_bytes: 45280073 NativeAllocationGcWatermark: 11844211 java_gc_start_bytes: 27513757 kNewNativeDiscountFactor: 2 kOldNativeDiscountFactor: 65536 old_native_bytes: 73650931 new_native_bytes: 1782272 add_bytes_allowed: 35532633 is_gc_concurrent: 1 target_footprint_: 27644829 GetBytesAllocated: 26845387 HeapGrowthMultiplier: 3
12-20 13:08:56.538  3319  3843 I com.miui.home: CheckGCForNative gc_urgency 0.61258 current_native_bytes is 75433203
12-20 13:08:56.772  3319  3669 I com.miui.home: CheckGCForNative adj_start_bytes: 45280073 NativeAllocationGcWatermark: 11844211 java_gc_start_bytes: 27513757 kNewNativeDiscountFactor: 2 kOldNativeDiscountFactor: 65536 old_native_bytes: 73650931 new_native_bytes: 1810800 add_bytes_allowed: 35532633 is_gc_concurrent: 1 target_footprint_: 27644829 GetBytesAllocated: 27468084 HeapGrowthMultiplier: 3
12-20 13:08:56.772  3319  3669 I com.miui.home: CheckGCForNative gc_urgency 0.626647 current_native_bytes is 75461731
12-20 13:08:57.058  9511  9511 I wm_on_create_called: [0,127978541,com.eg.android.AlipayGphone.AlipayLogin,performCreate,117]
12-20 13:08:57.064  9511  9511 I wm_on_start_called: [0,127978541,com.eg.android.AlipayGphone.AlipayLogin,handleStartActivity,4]
12-20 13:08:57.072  9511  9511 I wm_on_resume_called: [0,127978541,com.eg.android.AlipayGphone.AlipayLogin,RESUME_ACTIVITY,6]
12-20 13:08:57.099  9511  9511 I wm_on_top_resumed_gained_called: [127978541,com.eg.android.AlipayGphone.AlipayLogin,topStateChangedWhenResumed]
12-20 13:08:57.551  3319  3319 I wm_on_stop_called: [0,96483374,com.miui.home.launcher.Launcher,STOP_ACTIVITY_ITEM,37]
12-20 13:08:57.579  3319  3842 I com.miui.home: CheckGCForNative gc_urgency 0 current_native_bytes is 74621723
12-20 13:08:57.682  3319  3319 I wm_on_restart_called: [0,96483374,com.miui.home.launcher.Launcher,,0]
12-20 13:08:57.686  3319  3319 I wm_on_start_called: [0,96483374,com.miui.home.launcher.Launcher,handleStartActivity,4]
12-20 13:08:57.711  3319  3319 I wm_on_resume_called: [0,96483374,com.miui.home.launcher.Launcher,RESUME_ACTIVITY,22]
12-20 13:08:57.729  3319  3319 I com.miui.home: CheckGCForNative gc_urgency 0 current_native_bytes is 74489375
12-20 13:08:57.855  3319  3319 I wm_on_idle_called: com.miui.home.launcher.Launcher
12-20 13:08:58.061  3319  3843 I com.miui.home: CheckGCForNative adj_start_bytes: 47177385 NativeAllocationGcWatermark: 12085319 java_gc_start_bytes: 29049407 kNewNativeDiscountFactor: 2 kOldNativeDiscountFactor: 65536 old_native_bytes: 74486267 new_native_bytes: 154696 add_bytes_allowed: 36255957 is_gc_concurrent: 1 target_footprint_: 29573695 GetBytesAllocated: 15938097 HeapGrowthMultiplier: 3
12-20 13:08:58.061  3319  3843 I com.miui.home: CheckGCForNative gc_urgency 0.339497 current_native_bytes is 74640963
12-20 13:08:58.158  3319  3319 I wm_on_top_resumed_gained_called: [96483374,com.miui.home.launcher.Launcher,topStateChangedWhenResumed]
12-20 13:08:58.297  3319  3669 I com.miui.home: CheckGCForNative adj_start_bytes: 47177385 NativeAllocationGcWatermark: 12085319 java_gc_start_bytes: 29049407 kNewNativeDiscountFactor: 2 kOldNativeDiscountFactor: 65536 old_native_bytes: 74486267 new_native_bytes: 186504 add_bytes_allowed: 36255957 is_gc_concurrent: 1 target_footprint_: 29573695 GetBytesAllocated: 16565433 HeapGrowthMultiplier: 3
12-20 13:08:58.297  3319  3669 I com.miui.home: CheckGCForNative gc_urgency 0.353132 current_native_bytes is 74672771
12-20 13:08:58.891  9511  9511 I wm_on_top_resumed_lost_called: [127978541,com.eg.android.AlipayGphone.AlipayLogin,topStateChangedWhenResumed]
12-20 13:08:58.920  3319  3319 I wm_on_top_resumed_lost_called: [96483374,com.miui.home.launcher.Launcher,topStateChangedWhenResumed]
12-20 13:08:58.974  3319  3669 I com.miui.home: CheckGCForNative adj_start_bytes: 47177385 NativeAllocationGcWatermark: 12085319 java_gc_start_bytes: 29049407 kNewNativeDiscountFactor: 2 kOldNativeDiscountFactor: 65536 old_native_bytes: 74486267 new_native_bytes: 155624 add_bytes_allowed: 36255957 is_gc_concurrent: 1 target_footprint_: 29573695 GetBytesAllocated: 18048999 HeapGrowthMultiplier: 3
12-20 13:08:58.974  3319  3669 I com.miui.home: CheckGCForNative gc_urgency 0.384251 current_native_bytes is 74641891
12-20 13:08:59.009  3319  3319 I wm_on_paused_called: [0,96483374,com.miui.home.launcher.Launcher,performPause,7]
12-20 13:08:59.152  3319  3908 D cccccc  : onTaskStackChangedBackground
12-20 13:08:59.171  3319  3350 I com.miui.home: CheckGCForNative adj_start_bytes: 47177385 NativeAllocationGcWatermark: 12085319 java_gc_start_bytes: 29049407 kNewNativeDiscountFactor: 2 kOldNativeDiscountFactor: 65536 old_native_bytes: 74486267 new_native_bytes: 86360 add_bytes_allowed: 36255957 is_gc_concurrent: 1 target_footprint_: 29573695 GetBytesAllocated: 18732943 HeapGrowthMultiplier: 3
12-20 13:08:59.171  3319  3350 I com.miui.home: CheckGCForNative gc_urgency 0.398014 current_native_bytes is 74572627
12-20 13:08:59.316  3319  3843 I com.miui.home: CheckGCForNative adj_start_bytes: 47177385 NativeAllocationGcWatermark: 12085319 java_gc_start_bytes: 29049407 kNewNativeDiscountFactor: 2 kOldNativeDiscountFactor: 65536 old_native_bytes: 74486267 new_native_bytes: 216656 add_bytes_allowed: 36255957 is_gc_concurrent: 1 target_footprint_: 29573695 GetBytesAllocated: 19087370 HeapGrowthMultiplier: 3
12-20 13:08:59.316  3319  3843 I com.miui.home: CheckGCForNative gc_urgency 0.406908 current_native_bytes is 74702923
12-20 13:08:59.448  9511  9511 I wm_on_paused_called: [0,127978541,com.eg.android.AlipayGphone.AlipayLogin,performPause,66]
12-20 13:08:59.575  3319  3669 I com.miui.home: CheckGCForNative adj_start_bytes: 47177385 NativeAllocationGcWatermark: 12085319 java_gc_start_bytes: 29049407 kNewNativeDiscountFactor: 2 kOldNativeDiscountFactor: 65536 old_native_bytes: 74486267 new_native_bytes: 232528 add_bytes_allowed: 36255957 is_gc_concurrent: 1 target_footprint_: 29573695 GetBytesAllocated: 19617012 HeapGrowthMultiplier: 3
12-20 13:08:59.575  3319  3669 I com.miui.home: CheckGCForNative gc_urgency 0.418302 current_native_bytes is 74718795
12-20 13:09:00.013 10050 10050 I wm_on_create_called: [0,7787901,com.xunmeng.pinduoduo.ui.activity.MainFrameActivity,performCreate,129]
12-20 13:09:00.126  3319  3319 I wm_on_stop_called: [0,96483374,com.miui.home.launcher.Launcher,STOP_ACTIVITY_ITEM,19]
12-20 13:09:00.173  9511  9511 I wm_on_stop_called: [0,127978541,com.eg.android.AlipayGphone.AlipayLogin,STOP_ACTIVITY_ITEM,13]
12-20 13:09:00.322 10050 10050 I wm_on_create_called: [0,214699646,com.xunmeng.pinduoduo.ui.activity.HomeActivity,performCreate,81]
12-20 13:09:00.337  3319  6805 D cccccc  : onTaskStackChangedBackground
12-20 13:09:00.386  9511  9511 I wm_on_idle_called: com.eg.android.AlipayGphone.AlipayLogin
12-20 13:09:00.419 10050 10050 I wm_on_start_called: [0,214699646,com.xunmeng.pinduoduo.ui.activity.HomeActivity,handleStartActivity,96]
12-20 13:09:00.448 10050 10050 I wm_on_resume_called: [0,214699646,com.xunmeng.pinduoduo.ui.activity.HomeActivity,RESUME_ACTIVITY,21]
12-20 13:09:00.524 10050 10050 I wm_on_top_resumed_gained_called: [214699646,com.xunmeng.pinduoduo.ui.activity.HomeActivity,topStateChangedWhenResumed]
12-20 13:09:00.611 10050 10050 I wm_on_destroy_called: [0,7787901,com.xunmeng.pinduoduo.ui.activity.MainFrameActivity,performDestroy,2]
12-20 13:09:00.710  3319  3674 I com.miui.home: CheckGCForNative gc_urgency 0 current_native_bytes is 74093303
12-20 13:09:00.716  3319  3319 I wm_on_restart_called: [0,96483374,com.miui.home.launcher.Launcher,,0]
12-20 13:09:00.719  3319  3319 I wm_on_start_called: [0,96483374,com.miui.home.launcher.Launcher,handleStartActivity,3]
12-20 13:09:00.747  3319  3319 I wm_on_resume_called: [0,96483374,com.miui.home.launcher.Launcher,RESUME_ACTIVITY,25]
12-20 13:09:00.874  3319  3319 I wm_on_idle_called: com.miui.home.launcher.Launcher
12-20 13:09:01.083  3319  3843 I com.miui.home: CheckGCForNative adj_start_bytes: 45743355 NativeAllocationGcWatermark: 11902610 java_gc_start_bytes: 27889440 kNewNativeDiscountFactor: 2 kOldNativeDiscountFactor: 65536 old_native_bytes: 74093303 new_native_bytes: 180920 add_bytes_allowed: 35707830 is_gc_concurrent: 1 target_footprint_: 28112019 GetBytesAllocated: 16337098 HeapGrowthMultiplier: 3
12-20 13:09:01.083  3319  3843 I com.miui.home: CheckGCForNative gc_urgency 0.359149 current_native_bytes is 74274223
12-20 13:09:01.163  3319  3843 I com.miui.home: CheckGCForNative adj_start_bytes: 45743355 NativeAllocationGcWatermark: 11902610 java_gc_start_bytes: 27889440 kNewNativeDiscountFactor: 2 kOldNativeDiscountFactor: 65536 old_native_bytes: 74093303 new_native_bytes: 180200 add_bytes_allowed: 35707830 is_gc_concurrent: 1 target_footprint_: 28112019 GetBytesAllocated: 16436742 HeapGrowthMultiplier: 3
12-20 13:09:01.163  3319  3843 I com.miui.home: CheckGCForNative gc_urgency 0.36132 current_native_bytes is 74273503
12-20 13:09:01.222  3319  3319 I wm_on_top_resumed_gained_called: [96483374,com.miui.home.launcher.Launcher,topStateChangedWhenResumed]
12-20 13:09:01.450  3319  3843 I com.miui.home: CheckGCForNative adj_start_bytes: 45743355 NativeAllocationGcWatermark: 11902610 java_gc_start_bytes: 27889440 kNewNativeDiscountFactor: 2 kOldNativeDiscountFactor: 65536 old_native_bytes: 74093303 new_native_bytes: 210264 add_bytes_allowed: 35707830 is_gc_concurrent: 1 target_footprint_: 28112019 GetBytesAllocated: 16878608 HeapGrowthMultiplier: 3
12-20 13:09:01.450  3319  3843 I com.miui.home: CheckGCForNative gc_urgency 0.371308 current_native_bytes is 74303567
12-20 13:09:01.475 10050 10050 I wm_on_top_resumed_lost_called: [214699646,com.xunmeng.pinduoduo.ui.activity.HomeActivity,topStateChangedWhenResumed]
12-20 13:09:01.879  3319  3319 I wm_on_top_resumed_lost_called: [96483374,com.miui.home.launcher.Launcher,topStateChangedWhenResumed]
12-20 13:09:02.087  3319  3669 I com.miui.home: CheckGCForNative adj_start_bytes: 45743355 NativeAllocationGcWatermark: 11902610 java_gc_start_bytes: 27889440 kNewNativeDiscountFactor: 2 kOldNativeDiscountFactor: 65536 old_native_bytes: 74093303 new_native_bytes: 466368 add_bytes_allowed: 35707830 is_gc_concurrent: 1 target_footprint_: 28112019 GetBytesAllocated: 18373887 HeapGrowthMultiplier: 3
12-20 13:09:02.087  3319  3669 I com.miui.home: CheckGCForNative gc_urgency 0.406796 current_native_bytes is 74559671
12-20 13:09:02.141  3319  3319 I wm_on_paused_called: [0,96483374,com.miui.home.launcher.Launcher,performPause,5]
12-20 13:09:02.345 10050 10050 I wm_on_paused_called: [0,214699646,com.xunmeng.pinduoduo.ui.activity.HomeActivity,performPause,12]
12-20 13:09:02.367  3319  6805 D cccccc  : onTaskStackChangedBackground
12-20 13:09:02.470 10050 10050 I wm_on_stop_called: [0,214699646,com.xunmeng.pinduoduo.ui.activity.HomeActivity,STOP_ACTIVITY_ITEM,79]
12-20 13:09:02.663  3319  3669 I com.miui.home: CheckGCForNative adj_start_bytes: 45743355 NativeAllocationGcWatermark: 11902610 java_gc_start_bytes: 27889440 kNewNativeDiscountFactor: 2 kOldNativeDiscountFactor: 65536 old_native_bytes: 74093303 new_native_bytes: 454336 add_bytes_allowed: 35707830 is_gc_concurrent: 1 target_footprint_: 28112019 GetBytesAllocated: 19465011 HeapGrowthMultiplier: 3
12-20 13:09:02.663  3319  3669 I com.miui.home: CheckGCForNative gc_urgency 0.430517 current_native_bytes is 74547639
12-20 13:09:02.739  3319  3843 I com.miui.home: CheckGCForNative adj_start_bytes: 45743355 NativeAllocationGcWatermark: 11902610 java_gc_start_bytes: 27889440 kNewNativeDiscountFactor: 2 kOldNativeDiscountFactor: 65536 old_native_bytes: 74093303 new_native_bytes: 474016 add_bytes_allowed: 35707830 is_gc_concurrent: 1 target_footprint_: 28112019 GetBytesAllocated: 19632202 HeapGrowthMultiplier: 3
12-20 13:09:02.739  3319  3843 I com.miui.home: CheckGCForNative gc_urgency 0.434387 current_native_bytes is 74567319
12-20 13:09:02.950  3319  3843 I com.miui.home: CheckGCForNative adj_start_bytes: 45743355 NativeAllocationGcWatermark: 11902610 java_gc_start_bytes: 27889440 kNewNativeDiscountFactor: 2 kOldNativeDiscountFactor: 65536 old_native_bytes: 74093303 new_native_bytes: 441504 add_bytes_allowed: 35707830 is_gc_concurrent: 1 target_footprint_: 28112019 GetBytesAllocated: 19889527 HeapGrowthMultiplier: 3
12-20 13:09:02.950  3319  3843 I com.miui.home: CheckGCForNative gc_urgency 0.439657 current_native_bytes is 74534807
12-20 13:09:03.594 10459 10459 I wm_on_application_create_called: [0,com.smile.gifmaker,549]
12-20 13:09:04.054  3319  3319 I com.miui.home: CheckGCForNative adj_start_bytes: 45743355 NativeAllocationGcWatermark: 11902610 java_gc_start_bytes: 27889440 kNewNativeDiscountFactor: 2 kOldNativeDiscountFactor: 65536 old_native_bytes: 74093303 new_native_bytes: 470544 add_bytes_allowed: 35707830 is_gc_concurrent: 1 target_footprint_: 28112019 GetBytesAllocated: 21106096 HeapGrowthMultiplier: 3
12-20 13:09:04.055  3319  3319 I com.miui.home: CheckGCForNative gc_urgency 0.46657 current_native_bytes is 74563847
12-20 13:09:04.060  3319  3319 I wm_on_resume_called: [0,96483374,com.miui.home.launcher.Launcher,RESUME_ACTIVITY,19]
12-20 13:09:04.088  3319  3319 I wm_on_idle_called: com.miui.home.launcher.Launcher
12-20 13:09:04.333  3319  3843 I com.miui.home: CheckGCForNative adj_start_bytes: 45743355 NativeAllocationGcWatermark: 11902610 java_gc_start_bytes: 27889440 kNewNativeDiscountFactor: 2 kOldNativeDiscountFactor: 65536 old_native_bytes: 74093303 new_native_bytes: 697956 add_bytes_allowed: 35707830 is_gc_concurrent: 1 target_footprint_: 28112019 GetBytesAllocated: 21933135 HeapGrowthMultiplier: 3
12-20 13:09:04.333  3319  3843 I com.miui.home: CheckGCForNative gc_urgency 0.487136 current_native_bytes is 74791259
12-20 13:09:04.348 10459 10459 I wm_on_create_called: [0,228452730,com.yxcorp.gifshow.HomeActivity,performCreate,726]
12-20 13:09:04.400  3319  3843 I com.miui.home: CheckGCForNative adj_start_bytes: 45743355 NativeAllocationGcWatermark: 11902610 java_gc_start_bytes: 27889440 kNewNativeDiscountFactor: 2 kOldNativeDiscountFactor: 65536 old_native_bytes: 74093303 new_native_bytes: 701540 add_bytes_allowed: 35707830 is_gc_concurrent: 1 target_footprint_: 28112019 GetBytesAllocated: 22013861 HeapGrowthMultiplier: 3
12-20 13:09:04.400  3319  3843 I com.miui.home: CheckGCForNative gc_urgency 0.48894 current_native_bytes is 74794843
12-20 13:09:04.471  3319  3319 I wm_on_top_resumed_gained_called: [96483374,com.miui.home.launcher.Launcher,topStateChangedWhenResumed]
12-20 13:09:04.655  3319  3843 I com.miui.home: CheckGCForNative adj_start_bytes: 45743355 NativeAllocationGcWatermark: 11902610 java_gc_start_bytes: 27889440 kNewNativeDiscountFactor: 2 kOldNativeDiscountFactor: 65536 old_native_bytes: 74093303 new_native_bytes: 813100 add_bytes_allowed: 35707830 is_gc_concurrent: 1 target_footprint_: 28112019 GetBytesAllocated: 22600188 HeapGrowthMultiplier: 3
12-20 13:09:04.655  3319  3843 I com.miui.home: CheckGCForNative gc_urgency 0.502977 current_native_bytes is 74906403
12-20 13:09:05.094  3319  3319 I wm_on_top_resumed_lost_called: [96483374,com.miui.home.launcher.Launcher,topStateChangedWhenResumed]
12-20 13:09:05.208  3319  3740 I com.miui.home: CheckGCForNative adj_start_bytes: 45743355 NativeAllocationGcWatermark: 11902610 java_gc_start_bytes: 27889440 kNewNativeDiscountFactor: 2 kOldNativeDiscountFactor: 65536 old_native_bytes: 74093303 new_native_bytes: 1273236 add_bytes_allowed: 35707830 is_gc_concurrent: 1 target_footprint_: 28112019 GetBytesAllocated: 24090057 HeapGrowthMultiplier: 3
12-20 13:09:05.208  3319  3740 I com.miui.home: CheckGCForNative gc_urgency 0.540577 current_native_bytes is 75366539
12-20 13:09:05.211  3319  3740 I com.miui.home: CheckGCForNative adj_start_bytes: 45743355 NativeAllocationGcWatermark: 11902610 java_gc_start_bytes: 27889440 kNewNativeDiscountFactor: 2 kOldNativeDiscountFactor: 65536 old_native_bytes: 74093303 new_native_bytes: 1669588 add_bytes_allowed: 35707830 is_gc_concurrent: 1 target_footprint_: 28112019 GetBytesAllocated: 24090057 HeapGrowthMultiplier: 3
12-20 13:09:05.211  3319  3740 I com.miui.home: CheckGCForNative gc_urgency 0.544909 current_native_bytes is 75762891
12-20 13:09:05.211  3319  3740 I com.miui.home: CheckGCForNative adj_start_bytes: 45743355 NativeAllocationGcWatermark: 11902610 java_gc_start_bytes: 27889440 kNewNativeDiscountFactor: 2 kOldNativeDiscountFactor: 65536 old_native_bytes: 74093303 new_native_bytes: 1861492 add_bytes_allowed: 35707830 is_gc_concurrent: 1 target_footprint_: 28112019 GetBytesAllocated: 24090057 HeapGrowthMultiplier: 3
12-20 13:09:05.211  3319  3740 I com.miui.home: CheckGCForNative gc_urgency 0.547007 current_native_bytes is 75954795
12-20 13:09:05.330  3319  3352 I com.miui.home: CheckGCForNative adj_start_bytes: 45743355 NativeAllocationGcWatermark: 11902610 java_gc_start_bytes: 27889440 kNewNativeDiscountFactor: 2 kOldNativeDiscountFactor: 65536 old_native_bytes: 74093303 new_native_bytes: 2215508 add_bytes_allowed: 35707830 is_gc_concurrent: 1 target_footprint_: 28112019 GetBytesAllocated: 24635345 HeapGrowthMultiplier: 3
12-20 13:09:05.330  3319  3352 I com.miui.home: CheckGCForNative gc_urgency 0.562797 current_native_bytes is 76308811
12-20 13:09:05.369  3319  3319 I wm_on_paused_called: [0,96483374,com.miui.home.launcher.Launcher,performPause,6]
12-20 13:09:05.493 10459 10459 I wm_on_start_called: [0,228452730,com.yxcorp.gifshow.HomeActivity,handleStartActivity,1138]
12-20 13:09:05.555  3319  3843 I com.miui.home: CheckGCForNative adj_start_bytes: 45743355 NativeAllocationGcWatermark: 11902610 java_gc_start_bytes: 27889440 kNewNativeDiscountFactor: 2 kOldNativeDiscountFactor: 65536 old_native_bytes: 74093303 new_native_bytes: 2358932 add_bytes_allowed: 35707830 is_gc_concurrent: 1 target_footprint_: 28112019 GetBytesAllocated: 25253395 HeapGrowthMultiplier: 3
12-20 13:09:05.555  3319  3843 I com.miui.home: CheckGCForNative gc_urgency 0.577876 current_native_bytes is 76452235
12-20 13:09:05.575  3319  3908 D cccccc  : onTaskStackChangedBackground
12-20 13:09:05.633  3319  3843 I com.miui.home: CheckGCForNative adj_start_bytes: 45743355 NativeAllocationGcWatermark: 11902610 java_gc_start_bytes: 27889440 kNewNativeDiscountFactor: 2 kOldNativeDiscountFactor: 65536 old_native_bytes: 74093303 new_native_bytes: 2326332 add_bytes_allowed: 35707830 is_gc_concurrent: 1 target_footprint_: 28112019 GetBytesAllocated: 25343020 HeapGrowthMultiplier: 3
12-20 13:09:05.633  3319  3843 I com.miui.home: CheckGCForNative gc_urgency 0.579479 current_native_bytes is 76419635
12-20 13:09:05.855  3319  3669 I com.miui.home: CheckGCForNative adj_start_bytes: 45743355 NativeAllocationGcWatermark: 11902610 java_gc_start_bytes: 27889440 kNewNativeDiscountFactor: 2 kOldNativeDiscountFactor: 65536 old_native_bytes: 74093303 new_native_bytes: 2350844 add_bytes_allowed: 35707830 is_gc_concurrent: 1 target_footprint_: 28112019 GetBytesAllocated: 25665551 HeapGrowthMultiplier: 3
12-20 13:09:05.855  3319  3669 I com.miui.home: CheckGCForNative gc_urgency 0.586798 current_native_bytes is 76444147
12-20 13:09:06.205 10943 10943 I wm_on_application_create_called: [0,com.xiaomi.account,361]
12-20 13:09:06.393 10958 10958 I wm_on_application_create_called: [0,com.xiaomi.mi_connect_service,551]
12-20 13:09:06.812  3319  3319 I wm_on_resume_called: [0,96483374,com.miui.home.launcher.Launcher,RESUME_ACTIVITY,21]
12-20 13:09:06.840  3319  3319 I wm_on_idle_called: com.miui.home.launcher.Launcher
12-20 13:09:06.924  3319  3674 I com.miui.home: CheckGCForNative adj_start_bytes: 45743355 NativeAllocationGcWatermark: 11902610 java_gc_start_bytes: 27889440 kNewNativeDiscountFactor: 2 kOldNativeDiscountFactor: 65536 old_native_bytes: 74093303 new_native_bytes: 2478312 add_bytes_allowed: 35707830 is_gc_concurrent: 1 target_footprint_: 28112019 GetBytesAllocated: 27425588 HeapGrowthMultiplier: 3
12-20 13:09:06.925  3319  3674 I com.miui.home: CheckGCForNative gc_urgency 0.626667 current_native_bytes is 76571615
12-20 13:09:06.928 11036 11036 I wm_on_application_create_called: [0,com.tencent.qqlive,380]
12-20 13:09:07.173  3319  3319 I wm_on_top_resumed_gained_called: [96483374,com.miui.home.launcher.Launcher,topStateChangedWhenResumed]
12-20 13:09:07.244  3319  3843 I com.miui.home: CheckGCForNative adj_start_bytes: 45743355 NativeAllocationGcWatermark: 11902610 java_gc_start_bytes: 27889440 kNewNativeDiscountFactor: 2 kOldNativeDiscountFactor: 65536 old_native_bytes: 74093303 new_native_bytes: 2539920 add_bytes_allowed: 35707830 is_gc_concurrent: 1 target_footprint_: 28112019 GetBytesAllocated: 27444128 HeapGrowthMultiplier: 3
12-20 13:09:07.244  3319  3843 I com.miui.home: CheckGCForNative gc_urgency 0.627746 current_native_bytes is 76633223
12-20 13:09:07.311  3319  3843 I com.miui.home: CheckGCForNative gc_urgency 0 current_native_bytes is 75136607
12-20 13:09:07.721 11260 11260 I wm_on_application_create_called: [0,com.android.settings,289]
12-20 13:09:07.801  3319  3669 I com.miui.home: CheckGCForNative gc_urgency 0 current_native_bytes is 74643243
12-20 13:09:07.848  3319  3319 I wm_on_top_resumed_lost_called: [96483374,com.miui.home.launcher.Launcher,topStateChangedWhenResumed]
12-20 13:09:08.070  3319  3319 I wm_on_paused_called: [0,96483374,com.miui.home.launcher.Launcher,performPause,4]
12-20 13:09:08.228  3319  3352 D cccccc  : onTaskStackChangedBackground
12-20 13:09:08.447  3319  8290 I com.miui.home: CheckGCForNative adj_start_bytes: 45586154 NativeAllocationGcWatermark: 11902610 java_gc_start_bytes: 27732239 kNewNativeDiscountFactor: 2 kOldNativeDiscountFactor: 65536 old_native_bytes: 74643243 new_native_bytes: 140496 add_bytes_allowed: 35707830 is_gc_concurrent: 1 target_footprint_: 28112019 GetBytesAllocated: 17549425 HeapGrowthMultiplier: 3
12-20 13:09:08.447  3319  8290 I com.miui.home: CheckGCForNative gc_urgency 0.386539 current_native_bytes is 74783739
12-20 13:09:08.744  3319  3843 I com.miui.home: CheckGCForNative adj_start_bytes: 45586154 NativeAllocationGcWatermark: 11902610 java_gc_start_bytes: 27732239 kNewNativeDiscountFactor: 2 kOldNativeDiscountFactor: 65536 old_native_bytes: 74643243 new_native_bytes: 213720 add_bytes_allowed: 35707830 is_gc_concurrent: 1 target_footprint_: 28112019 GetBytesAllocated: 17857203 HeapGrowthMultiplier: 3
12-20 13:09:08.744  3319  3843 I com.miui.home: CheckGCForNative gc_urgency 0.394093 current_native_bytes is 74856963
12-20 13:09:08.800  3319  3843 I com.miui.home: CheckGCForNative adj_start_bytes: 45586154 NativeAllocationGcWatermark: 11902610 java_gc_start_bytes: 27732239 kNewNativeDiscountFactor: 2 kOldNativeDiscountFactor: 65536 old_native_bytes: 74643243 new_native_bytes: 221016 add_bytes_allowed: 35707830 is_gc_concurrent: 1 target_footprint_: 28112019 GetBytesAllocated: 17891413 HeapGrowthMultiplier: 3
12-20 13:09:08.800  3319  3843 I com.miui.home: CheckGCForNative gc_urgency 0.394924 current_native_bytes is 74864259
12-20 13:09:09.358 11714 11714 I wm_on_create_called: [0,6979968,com.tencent.mobileqq.activity.SplashActivity,performCreate,266]
12-20 13:09:09.375 11714 11714 I wm_on_start_called: [0,6979968,com.tencent.mobileqq.activity.SplashActivity,handleStartActivity,13]
12-20 13:09:09.391 11714 11714 I wm_on_resume_called: [0,6979968,com.tencent.mobileqq.activity.SplashActivity,RESUME_ACTIVITY,13]
12-20 13:09:09.540 11714 11714 I wm_on_top_resumed_gained_called: [6979968,com.tencent.mobileqq.activity.SplashActivity,topStateChangedWhenResumed]
12-20 13:09:09.845  3319  3319 I com.miui.home: CheckGCForNative adj_start_bytes: 45586154 NativeAllocationGcWatermark: 11902610 java_gc_start_bytes: 27732239 kNewNativeDiscountFactor: 2 kOldNativeDiscountFactor: 65536 old_native_bytes: 74643243 new_native_bytes: 44344 add_bytes_allowed: 35707830 is_gc_concurrent: 1 target_footprint_: 28112019 GetBytesAllocated: 19166448 HeapGrowthMultiplier: 3
12-20 13:09:09.845  3319  3319 I com.miui.home: CheckGCForNative gc_urgency 0.420956 current_native_bytes is 74687587
12-20 13:09:09.850  3319  3319 I wm_on_resume_called: [0,96483374,com.miui.home.launcher.Launcher,RESUME_ACTIVITY,20]
12-20 13:09:09.943 11036 11036 I wm_on_create_called: [0,150233642,com.tencent.qqlive.ona.activity.SplashHomeActivity,performCreate,1812]
12-20 13:09:10.004  3319  3319 I wm_on_idle_called: com.miui.home.launcher.Launcher
12-20 13:09:10.075 11714 11714 I wm_on_top_resumed_lost_called: [6979968,com.tencent.mobileqq.activity.SplashActivity,topStateChangedWhenResumed]
12-20 13:09:10.104  3319  3319 I wm_on_top_resumed_gained_called: [96483374,com.miui.home.launcher.Launcher,topStateChangedWhenResumed]
12-20 13:09:10.112 11714 11714 I wm_on_idle_called: com.tencent.mobileqq.activity.SplashActivity
12-20 13:09:10.467  3319  3843 I com.miui.home: CheckGCForNative adj_start_bytes: 45586154 NativeAllocationGcWatermark: 11902610 java_gc_start_bytes: 27732239 kNewNativeDiscountFactor: 2 kOldNativeDiscountFactor: 65536 old_native_bytes: 74643243 new_native_bytes: 395024 add_bytes_allowed: 35707830 is_gc_concurrent: 1 target_footprint_: 28112019 GetBytesAllocated: 20731601 HeapGrowthMultiplier: 3
12-20 13:09:10.467  3319  3843 I com.miui.home: CheckGCForNative gc_urgency 0.459136 current_native_bytes is 75038267
12-20 13:09:10.655  3319  3843 I com.miui.home: CheckGCForNative adj_start_bytes: 45586154 NativeAllocationGcWatermark: 11902610 java_gc_start_bytes: 27732239 kNewNativeDiscountFactor: 2 kOldNativeDiscountFactor: 65536 old_native_bytes: 74643243 new_native_bytes: 356256 add_bytes_allowed: 35707830 is_gc_concurrent: 1 target_footprint_: 28112019 GetBytesAllocated: 20937914 HeapGrowthMultiplier: 3
12-20 13:09:10.655  3319  3843 I com.miui.home: CheckGCForNative gc_urgency 0.463237 current_native_bytes is 74999499
12-20 13:09:10.778  3319  3669 I com.miui.home: CheckGCForNative adj_start_bytes: 45586154 NativeAllocationGcWatermark: 11902610 java_gc_start_bytes: 27732239 kNewNativeDiscountFactor: 2 kOldNativeDiscountFactor: 65536 old_native_bytes: 74643243 new_native_bytes: 336688 add_bytes_allowed: 35707830 is_gc_concurrent: 1 target_footprint_: 28112019 GetBytesAllocated: 21084426 HeapGrowthMultiplier: 3
12-20 13:09:10.779  3319  3669 I com.miui.home: CheckGCForNative gc_urgency 0.466236 current_native_bytes is 74979931
12-20 13:09:10.899 11714 11714 I wm_on_paused_called: [0,6979968,com.tencent.mobileqq.activity.SplashActivity,performPause,16]
12-20 13:09:11.047 11714 11714 I wm_on_stop_called: [0,6979968,com.tencent.mobileqq.activity.SplashActivity,LIFECYCLER_STOP_ACTIVITY,54]
12-20 13:09:11.058  8703  8703 I wm_on_destroy_called: [0,221741573,fm.qingting.qtradio.WelcomeActivity,performDestroy,189]
12-20 13:09:11.142 11714 11714 I wm_on_destroy_called: [0,6979968,com.tencent.mobileqq.activity.SplashActivity,performDestroy,94]
12-20 13:09:11.275  3319  3809 I com.miui.home: CheckGCForNative adj_start_bytes: 45586154 NativeAllocationGcWatermark: 11902610 java_gc_start_bytes: 27732239 kNewNativeDiscountFactor: 2 kOldNativeDiscountFactor: 65536 old_native_bytes: 74643243 new_native_bytes: 493848 add_bytes_allowed: 35707830 is_gc_concurrent: 1 target_footprint_: 28112019 GetBytesAllocated: 22458224 HeapGrowthMultiplier: 3
12-20 13:09:11.275  3319  3809 I com.miui.home: CheckGCForNative gc_urgency 0.498096 current_native_bytes is 75137091
12-20 13:09:11.289  3319  6805 D cccccc  : onTaskStackChangedBackground
12-20 13:09:11.330  3319  3319 I wm_on_top_resumed_lost_called: [96483374,com.miui.home.launcher.Launcher,topStateChangedWhenResumed]
12-20 13:09:11.339  3319  3319 I wm_on_paused_called: [0,96483374,com.miui.home.launcher.Launcher,performPause,5]
12-20 13:09:11.576  3319  6805 D cccccc  : onTaskStackChangedBackground
12-20 13:09:11.791  3319  3674 I com.miui.home: CheckGCForNative adj_start_bytes: 45586154 NativeAllocationGcWatermark: 11902610 java_gc_start_bytes: 27732239 kNewNativeDiscountFactor: 2 kOldNativeDiscountFactor: 65536 old_native_bytes: 74643243 new_native_bytes: 1077544 add_bytes_allowed: 35707830 is_gc_concurrent: 1 target_footprint_: 28112019 GetBytesAllocated: 23569204 HeapGrowthMultiplier: 3
12-20 13:09:11.791  3319  3674 I com.miui.home: CheckGCForNative gc_urgency 0.528869 current_native_bytes is 75720787
12-20 13:09:11.955  3319  3843 I com.miui.home: CheckGCForNative adj_start_bytes: 45586154 NativeAllocationGcWatermark: 11902610 java_gc_start_bytes: 27732239 kNewNativeDiscountFactor: 2 kOldNativeDiscountFactor: 65536 old_native_bytes: 74643243 new_native_bytes: 1099112 add_bytes_allowed: 35707830 is_gc_concurrent: 1 target_footprint_: 28112019 GetBytesAllocated: 23718886 HeapGrowthMultiplier: 3
12-20 13:09:11.955  3319  3843 I com.miui.home: CheckGCForNative gc_urgency 0.532389 current_native_bytes is 75742355
12-20 13:09:12.100  3319  3843 I com.miui.home: CheckGCForNative adj_start_bytes: 45586154 NativeAllocationGcWatermark: 11902610 java_gc_start_bytes: 27732239 kNewNativeDiscountFactor: 2 kOldNativeDiscountFactor: 65536 old_native_bytes: 74643243 new_native_bytes: 1081896 add_bytes_allowed: 35707830 is_gc_concurrent: 1 target_footprint_: 28112019 GetBytesAllocated: 23919725 HeapGrowthMultiplier: 3
12-20 13:09:12.100  3319  3843 I com.miui.home: CheckGCForNative gc_urgency 0.536606 current_native_bytes is 75725139
12-20 13:09:12.992  3319  3842 I com.miui.home: CheckGCForNative adj_start_bytes: 45586154 NativeAllocationGcWatermark: 11902610 java_gc_start_bytes: 27732239 kNewNativeDiscountFactor: 2 kOldNativeDiscountFactor: 65536 old_native_bytes: 74643243 new_native_bytes: 860788 add_bytes_allowed: 35707830 is_gc_concurrent: 1 target_footprint_: 28112019 GetBytesAllocated: 25168988 HeapGrowthMultiplier: 3
12-20 13:09:12.992  3319  3842 I com.miui.home: CheckGCForNative gc_urgency 0.561585 current_native_bytes is 75504031
12-20 13:09:13.082  3319  3319 I wm_on_resume_called: [0,96483374,com.miui.home.launcher.Launcher,RESUME_ACTIVITY,21]
12-20 13:09:13.104  3319  3319 I wm_on_idle_called: com.miui.home.launcher.Launcher
12-20 13:09:13.173 12435 12435 I wm_on_application_create_called: [0,com.dragon.read,943]
12-20 13:09:13.272  3319  3843 I com.miui.home: CheckGCForNative adj_start_bytes: 45586154 NativeAllocationGcWatermark: 11902610 java_gc_start_bytes: 27732239 kNewNativeDiscountFactor: 2 kOldNativeDiscountFactor: 65536 old_native_bytes: 74643243 new_native_bytes: 1095580 add_bytes_allowed: 35707830 is_gc_concurrent: 1 target_footprint_: 28112019 GetBytesAllocated: 26623498 HeapGrowthMultiplier: 3
12-20 13:09:13.272  3319  3843 I com.miui.home: CheckGCForNative gc_urgency 0.596068 current_native_bytes is 75738823
