12-20 11:29:25.617  3315  3315 I wm_on_top_resumed_lost_called: [102008,com.miui.home.launcher.Launcher,topStateChangedWhenResumed]
12-20 11:29:25.628  3315  3315 I wm_on_paused_called: [0,102008,com.miui.home.launcher.Launcher,performPause,7]
12-20 11:29:25.646  3315  3668 I com.miui.home: CheckGCForNative adj_start_bytes: 44823275 NativeAllocationGcWatermark: 11796127 java_gc_start_bytes: 27129085 kNewNativeDiscountFactor: 2 kOldNativeDiscountFactor: 65536 old_native_bytes: 70571899 new_native_bytes: 605052 add_bytes_allowed: 35388381 is_gc_concurrent: 1 target_footprint_: 27260157 GetBytesAllocated: 15037711 HeapGrowthMultiplier: 3
12-20 11:29:25.646  3315  3668 I com.miui.home: CheckGCForNative gc_urgency 0.342262 current_native_bytes is 71176951
12-20 11:29:25.766  3315  3390 D cccccc  : onTaskStackChangedBackground
12-20 11:29:26.197  3315  3835 I com.miui.home: CheckGCForNative adj_start_bytes: 44823275 NativeAllocationGcWatermark: 11796127 java_gc_start_bytes: 27129085 kNewNativeDiscountFactor: 2 kOldNativeDiscountFactor: 65536 old_native_bytes: 70571899 new_native_bytes: 1250652 add_bytes_allowed: 35388381 is_gc_concurrent: 1 target_footprint_: 27260157 GetBytesAllocated: 16172642 HeapGrowthMultiplier: 3
12-20 11:29:26.197  3315  3835 I com.miui.home: CheckGCForNative gc_urgency 0.374784 current_native_bytes is 71822551
12-20 11:29:26.441  3315  3835 I com.miui.home: CheckGCForNative adj_start_bytes: 44823275 NativeAllocationGcWatermark: 11796127 java_gc_start_bytes: 27129085 kNewNativeDiscountFactor: 2 kOldNativeDiscountFactor: 65536 old_native_bytes: 70571899 new_native_bytes: 1278492 add_bytes_allowed: 35388381 is_gc_concurrent: 1 target_footprint_: 27260157 GetBytesAllocated: 16582969 HeapGrowthMultiplier: 3
12-20 11:29:26.441  3315  3835 I com.miui.home: CheckGCForNative gc_urgency 0.384249 current_native_bytes is 71850391
12-20 11:29:26.463  3315  3835 I com.miui.home: CheckGCForNative adj_start_bytes: 44823275 NativeAllocationGcWatermark: 11796127 java_gc_start_bytes: 27129085 kNewNativeDiscountFactor: 2 kOldNativeDiscountFactor: 65536 old_native_bytes: 70571899 new_native_bytes: 1280156 add_bytes_allowed: 35388381 is_gc_concurrent: 1 target_footprint_: 27260157 GetBytesAllocated: 16639887 HeapGrowthMultiplier: 3
12-20 11:29:26.463  3315  3835 I com.miui.home: CheckGCForNative gc_urgency 0.385537 current_native_bytes is 71852055
12-20 11:29:27.206  3315  3801 I com.miui.home: CheckGCForNative adj_start_bytes: 44823275 NativeAllocationGcWatermark: 11796127 java_gc_start_bytes: 27129085 kNewNativeDiscountFactor: 2 kOldNativeDiscountFactor: 65536 old_native_bytes: 70571899 new_native_bytes: 903592 add_bytes_allowed: 35388381 is_gc_concurrent: 1 target_footprint_: 27260157 GetBytesAllocated: 17886415 HeapGrowthMultiplier: 3
12-20 11:29:27.206  3315  3801 I com.miui.home: CheckGCForNative gc_urgency 0.409147 current_native_bytes is 71475491
12-20 11:29:27.359  3315  3315 I wm_on_resume_called: [0,102008,com.miui.home.launcher.Launcher,RESUME_ACTIVITY,284]
12-20 11:29:27.490  3315  3315 I wm_on_idle_called: com.miui.home.launcher.Launcher
12-20 11:29:27.741  3315  3835 I com.miui.home: CheckGCForNative adj_start_bytes: 44823275 NativeAllocationGcWatermark: 11796127 java_gc_start_bytes: 27129085 kNewNativeDiscountFactor: 2 kOldNativeDiscountFactor: 65536 old_native_bytes: 70571899 new_native_bytes: 1157552 add_bytes_allowed: 35388381 is_gc_concurrent: 1 target_footprint_: 27260157 GetBytesAllocated: 18521561 HeapGrowthMultiplier: 3
12-20 11:29:27.741  3315  3835 I com.miui.home: CheckGCForNative gc_urgency 0.426149 current_native_bytes is 71729451
12-20 11:29:27.886  3315  3835 I com.miui.home: CheckGCForNative adj_start_bytes: 44823275 NativeAllocationGcWatermark: 11796127 java_gc_start_bytes: 27129085 kNewNativeDiscountFactor: 2 kOldNativeDiscountFactor: 65536 old_native_bytes: 70571899 new_native_bytes: 1122096 add_bytes_allowed: 35388381 is_gc_concurrent: 1 target_footprint_: 27260157 GetBytesAllocated: 18581311 HeapGrowthMultiplier: 3
12-20 11:29:27.886  3315  3835 I com.miui.home: CheckGCForNative gc_urgency 0.427087 current_native_bytes is 71693995
12-20 11:29:28.068  3315  3315 I wm_on_top_resumed_gained_called: [102008,com.miui.home.launcher.Launcher,topStateChangedWhenResumed]
12-20 11:29:28.129  3315  3315 I com.miui.home: CheckGCForNative adj_start_bytes: 44823275 NativeAllocationGcWatermark: 11796127 java_gc_start_bytes: 27129085 kNewNativeDiscountFactor: 2 kOldNativeDiscountFactor: 65536 old_native_bytes: 70571899 new_native_bytes: 1251160 add_bytes_allowed: 35388381 is_gc_concurrent: 1 target_footprint_: 27260157 GetBytesAllocated: 18852793 HeapGrowthMultiplier: 3
12-20 11:29:28.129  3315  3315 I com.miui.home: CheckGCForNative gc_urgency 0.434583 current_native_bytes is 71823059
12-20 11:29:28.144  3315  4166 I com.miui.home: CheckGCForNative adj_start_bytes: 44823275 NativeAllocationGcWatermark: 11796127 java_gc_start_bytes: 27129085 kNewNativeDiscountFactor: 2 kOldNativeDiscountFactor: 65536 old_native_bytes: 70571899 new_native_bytes: 11960408 add_bytes_allowed: 35388381 is_gc_concurrent: 1 target_footprint_: 27260157 GetBytesAllocated: 18888554 HeapGrowthMultiplier: 3
12-20 11:29:28.145  3315  4166 I com.miui.home: CheckGCForNative gc_urgency 0.554842 current_native_bytes is 82532307
12-20 11:29:28.156  3315  3315 I com.miui.home: CheckGCForNative adj_start_bytes: 44823275 NativeAllocationGcWatermark: 11796127 java_gc_start_bytes: 27129085 kNewNativeDiscountFactor: 2 kOldNativeDiscountFactor: 65536 old_native_bytes: 70571899 new_native_bytes: 22667232 add_bytes_allowed: 35388381 is_gc_concurrent: 1 target_footprint_: 27260157 GetBytesAllocated: 18901526 HeapGrowthMultiplier: 3
12-20 11:29:28.156  3315  3315 I com.miui.home: CheckGCForNative gc_urgency 0.674565 current_native_bytes is 93239131
12-20 11:29:28.156  3315  3315 I cccccc  : getTaskThumbnailInfo: 2460 1.0  10705920
12-20 11:29:28.411  3315  3315 I wm_on_top_resumed_lost_called: [102008,com.miui.home.launcher.Launcher,topStateChangedWhenResumed]
12-20 11:29:28.637  3315  3315 I wm_on_paused_called: [0,102008,com.miui.home.launcher.Launcher,performPause,7]
12-20 11:29:28.863  3315  4166 D cccccc  : onTaskStackChangedBackground
12-20 11:29:28.896  3315  3801 I com.miui.home: CheckGCForNative adj_start_bytes: 44823275 NativeAllocationGcWatermark: 11796127 java_gc_start_bytes: 27129085 kNewNativeDiscountFactor: 2 kOldNativeDiscountFactor: 65536 old_native_bytes: 70571899 new_native_bytes: 12480968 add_bytes_allowed: 35388381 is_gc_concurrent: 1 target_footprint_: 27260157 GetBytesAllocated: 21055618 HeapGrowthMultiplier: 3
12-20 11:29:28.896  3315  3801 I com.miui.home: CheckGCForNative gc_urgency 0.608996 current_native_bytes is 83052867
12-20 11:29:29.186  3315  3835 I com.miui.home: CheckGCForNative adj_start_bytes: 44823275 NativeAllocationGcWatermark: 11796127 java_gc_start_bytes: 27129085 kNewNativeDiscountFactor: 2 kOldNativeDiscountFactor: 65536 old_native_bytes: 70571899 new_native_bytes: 12475688 add_bytes_allowed: 35388381 is_gc_concurrent: 1 target_footprint_: 27260157 GetBytesAllocated: 21543222 HeapGrowthMultiplier: 3
12-20 11:29:29.186  3315  3835 I com.miui.home: CheckGCForNative gc_urgency 0.619815 current_native_bytes is 83047587
12-20 11:29:29.297  3315  3835 I com.miui.home: CheckGCForNative adj_start_bytes: 44823275 NativeAllocationGcWatermark: 11796127 java_gc_start_bytes: 27129085 kNewNativeDiscountFactor: 2 kOldNativeDiscountFactor: 65536 old_native_bytes: 70571899 new_native_bytes: 12468456 add_bytes_allowed: 35388381 is_gc_concurrent: 1 target_footprint_: 27260157 GetBytesAllocated: 21658176 HeapGrowthMultiplier: 3
12-20 11:29:29.297  3315  3835 I com.miui.home: CheckGCForNative gc_urgency 0.622299 current_native_bytes is 83040355
12-20 11:29:29.622  8221  8221 I wm_on_application_create_called: [0,com.autonavi.minimap,1067]
12-20 11:29:29.657  8331  8331 I wm_on_create_called: [0,248382223,fm.qingting.qtradio.WelcomeActivity,performCreate,131]
12-20 11:29:29.658  8331  8331 I wm_on_start_called: [0,248382223,fm.qingting.qtradio.WelcomeActivity,handleStartActivity,0]
12-20 11:29:29.667  8331  8331 I wm_on_resume_called: [0,248382223,fm.qingting.qtradio.WelcomeActivity,RESUME_ACTIVITY,6]
12-20 11:29:29.680  8103  8103 I wm_on_application_create_called: [0,com.autonavi.minimap,3277]
12-20 11:29:29.716  8331  8331 I wm_on_top_resumed_gained_called: [248382223,fm.qingting.qtradio.WelcomeActivity,topStateChangedWhenResumed]
12-20 11:29:29.993  3315  3315 I wm_on_stop_called: [0,102008,com.miui.home.launcher.Launcher,STOP_ACTIVITY_ITEM,13]
12-20 11:29:30.076  8103  8103 I wm_on_create_called: [0,229127023,com.autonavi.map.activity.SplashActivity,performCreate,295]
12-20 11:29:30.151  3315  3834 I com.miui.home: CheckGCForNative adj_start_bytes: 44823275 NativeAllocationGcWatermark: 11796127 java_gc_start_bytes: 27129085 kNewNativeDiscountFactor: 2 kOldNativeDiscountFactor: 65536 old_native_bytes: 70571899 new_native_bytes: 12445340 add_bytes_allowed: 35388381 is_gc_concurrent: 1 target_footprint_: 27260157 GetBytesAllocated: 22698597 HeapGrowthMultiplier: 3
12-20 11:29:30.151  3315  3834 I com.miui.home: CheckGCForNative gc_urgency 0.645253 current_native_bytes is 83017239
12-20 11:29:30.155  3315  3315 I wm_on_restart_called: [0,102008,com.miui.home.launcher.Launcher,,0]
12-20 11:29:30.159  3315  3315 I wm_on_start_called: [0,102008,com.miui.home.launcher.Launcher,handleStartActivity,4]
12-20 11:29:30.185  3315  3315 I wm_on_resume_called: [0,102008,com.miui.home.launcher.Launcher,RESUME_ACTIVITY,23]
12-20 11:29:30.294  8103  8103 I wm_on_destroy_called: [0,229127023,com.autonavi.map.activity.SplashActivity,performDestroy,4]
12-20 11:29:30.352  3315  3315 I wm_on_top_resumed_gained_called: [102008,com.miui.home.launcher.Launcher,topStateChangedWhenResumed]
12-20 11:29:30.359  3315  3315 I wm_on_idle_called: com.miui.home.launcher.Launcher
12-20 11:29:30.534  3315  3669 I com.miui.home: CheckGCForNative gc_urgency 0 current_native_bytes is 72345763
12-20 11:29:30.595  8331  8331 I wm_on_top_resumed_lost_called: [248382223,fm.qingting.qtradio.WelcomeActivity,topStateChangedWhenResumed]
12-20 11:29:30.808  3315  3835 I com.miui.home: CheckGCForNative adj_start_bytes: 47885781 NativeAllocationGcWatermark: 12159887 java_gc_start_bytes: 29645951 kNewNativeDiscountFactor: 2 kOldNativeDiscountFactor: 65536 old_native_bytes: 72345763 new_native_bytes: 28224 add_bytes_allowed: 36479661 is_gc_concurrent: 1 target_footprint_: 30170239 GetBytesAllocated: 16622334 HeapGrowthMultiplier: 3
12-20 11:29:30.808  3315  3835 I com.miui.home: CheckGCForNative gc_urgency 0.347442 current_native_bytes is 72373987
12-20 11:29:30.986  3315  3375 I com.miui.home: CheckGCForNative adj_start_bytes: 47885781 NativeAllocationGcWatermark: 12159887 java_gc_start_bytes: 29645951 kNewNativeDiscountFactor: 2 kOldNativeDiscountFactor: 65536 old_native_bytes: 72345763 new_native_bytes: 10741472 add_bytes_allowed: 36479661 is_gc_concurrent: 1 target_footprint_: 30170239 GetBytesAllocated: 17105313 HeapGrowthMultiplier: 3
12-20 11:29:30.986  3315  3375 I com.miui.home: CheckGCForNative gc_urgency 0.469391 current_native_bytes is 83087235
12-20 11:29:30.987  3315  3315 I com.miui.home: CheckGCForNative adj_start_bytes: 47885781 NativeAllocationGcWatermark: 12159887 java_gc_start_bytes: 29645951 kNewNativeDiscountFactor: 2 kOldNativeDiscountFactor: 65536 old_native_bytes: 72345763 new_native_bytes: 21449056 add_bytes_allowed: 36479661 is_gc_concurrent: 1 target_footprint_: 30170239 GetBytesAllocated: 17108907 HeapGrowthMultiplier: 3
12-20 11:29:30.987  3315  3315 I com.miui.home: CheckGCForNative gc_urgency 0.581269 current_native_bytes is 93794819
12-20 11:29:30.987  3315  3315 I cccccc  : getTaskThumbnailInfo: 2460 1.0  10705920
12-20 11:29:30.995  3315  3315 I com.miui.home: CheckGCForNative adj_start_bytes: 47885781 NativeAllocationGcWatermark: 12159887 java_gc_start_bytes: 29645951 kNewNativeDiscountFactor: 2 kOldNativeDiscountFactor: 65536 old_native_bytes: 72345763 new_native_bytes: 10746336 add_bytes_allowed: 36479661 is_gc_concurrent: 1 target_footprint_: 30170239 GetBytesAllocated: 17135323 HeapGrowthMultiplier: 3
12-20 11:29:30.996  3315  3315 I com.miui.home: CheckGCForNative gc_urgency 0.470068 current_native_bytes is 83092099
12-20 11:29:31.204  3315  3801 I com.miui.home: CheckGCForNative adj_start_bytes: 47885781 NativeAllocationGcWatermark: 12159887 java_gc_start_bytes: 29645951 kNewNativeDiscountFactor: 2 kOldNativeDiscountFactor: 65536 old_native_bytes: 72345763 new_native_bytes: 10714016 add_bytes_allowed: 36479661 is_gc_concurrent: 1 target_footprint_: 30170239 GetBytesAllocated: 17895312 HeapGrowthMultiplier: 3
12-20 11:29:31.204  3315  3801 I com.miui.home: CheckGCForNative gc_urgency 0.485602 current_native_bytes is 83059779
12-20 11:29:31.208  8644  8644 I wm_on_application_create_called: [0,com.miui.wmsvc,268]
12-20 11:29:31.273  3315  3315 I wm_on_top_resumed_lost_called: [102008,com.miui.home.launcher.Launcher,topStateChangedWhenResumed]
12-20 11:29:31.537  3315  3315 I wm_on_paused_called: [0,102008,com.miui.home.launcher.Launcher,performPause,5]
12-20 11:29:31.675  3315  3835 I com.miui.home: CheckGCForNative adj_start_bytes: 47885781 NativeAllocationGcWatermark: 12159887 java_gc_start_bytes: 29645951 kNewNativeDiscountFactor: 2 kOldNativeDiscountFactor: 65536 old_native_bytes: 72345763 new_native_bytes: 12136264 add_bytes_allowed: 36479661 is_gc_concurrent: 1 target_footprint_: 30170239 GetBytesAllocated: 19035652 HeapGrowthMultiplier: 3
12-20 11:29:31.675  3315  3835 I com.miui.home: CheckGCForNative gc_urgency 0.524266 current_native_bytes is 84482027
12-20 11:29:31.714  3315  4166 D cccccc  : onTaskStackChangedBackground
12-20 11:29:31.859  8712  8712 I wm_on_application_create_called: [0,com.android.permissioncontroller,208]
12-20 11:29:31.941  3315  3835 I com.miui.home: CheckGCForNative adj_start_bytes: 47885781 NativeAllocationGcWatermark: 12159887 java_gc_start_bytes: 29645951 kNewNativeDiscountFactor: 2 kOldNativeDiscountFactor: 65536 old_native_bytes: 72345763 new_native_bytes: 11838144 add_bytes_allowed: 36479661 is_gc_concurrent: 1 target_footprint_: 30170239 GetBytesAllocated: 19502569 HeapGrowthMultiplier: 3
12-20 11:29:31.941  3315  3835 I com.miui.home: CheckGCForNative gc_urgency 0.530904 current_native_bytes is 84183907
12-20 11:29:32.810  8832  8832 I wm_on_application_create_called: [0,com.xiaomi.bluetooth,264]
12-20 11:29:32.926  3315  3315 I wm_on_resume_called: [0,102008,com.miui.home.launcher.Launcher,RESUME_ACTIVITY,20]
12-20 11:29:32.939  3315  3834 I com.miui.home: CheckGCForNative adj_start_bytes: 47885781 NativeAllocationGcWatermark: 12159887 java_gc_start_bytes: 29645951 kNewNativeDiscountFactor: 2 kOldNativeDiscountFactor: 65536 old_native_bytes: 72345763 new_native_bytes: 11536372 add_bytes_allowed: 36479661 is_gc_concurrent: 1 target_footprint_: 30170239 GetBytesAllocated: 20734832 HeapGrowthMultiplier: 3
12-20 11:29:32.940  3315  3834 I com.miui.home: CheckGCForNative gc_urgency 0.553486 current_native_bytes is 83882135
12-20 11:29:32.966  3315  3315 I com.miui.home: CheckGCForNative adj_start_bytes: 47885781 NativeAllocationGcWatermark: 12159887 java_gc_start_bytes: 29645951 kNewNativeDiscountFactor: 2 kOldNativeDiscountFactor: 65536 old_native_bytes: 72345763 new_native_bytes: 11571904 add_bytes_allowed: 36479661 is_gc_concurrent: 1 target_footprint_: 30170239 GetBytesAllocated: 20876370 HeapGrowthMultiplier: 3
12-20 11:29:32.966  3315  3315 I com.miui.home: CheckGCForNative gc_urgency 0.556813 current_native_bytes is 83917667
12-20 11:29:33.078  3315  3315 I wm_on_idle_called: com.miui.home.launcher.Launcher
12-20 11:29:33.275  3315  3835 I com.miui.home: CheckGCForNative adj_start_bytes: 47885781 NativeAllocationGcWatermark: 12159887 java_gc_start_bytes: 29645951 kNewNativeDiscountFactor: 2 kOldNativeDiscountFactor: 65536 old_native_bytes: 72345763 new_native_bytes: 11791900 add_bytes_allowed: 36479661 is_gc_concurrent: 1 target_footprint_: 30170239 GetBytesAllocated: 22193623 HeapGrowthMultiplier: 3
12-20 11:29:33.275  3315  3835 I com.miui.home: CheckGCForNative gc_urgency 0.586618 current_native_bytes is 84137663
12-20 11:29:33.405  3315  3315 I wm_on_top_resumed_gained_called: [102008,com.miui.home.launcher.Launcher,topStateChangedWhenResumed]
12-20 11:29:33.564  3315  3835 I com.miui.home: CheckGCForNative adj_start_bytes: 47885781 NativeAllocationGcWatermark: 12159887 java_gc_start_bytes: 29645951 kNewNativeDiscountFactor: 2 kOldNativeDiscountFactor: 65536 old_native_bytes: 72345763 new_native_bytes: 11763644 add_bytes_allowed: 36479661 is_gc_concurrent: 1 target_footprint_: 30170239 GetBytesAllocated: 22573796 HeapGrowthMultiplier: 3
12-20 11:29:33.564  3315  3835 I com.miui.home: CheckGCForNative gc_urgency 0.594307 current_native_bytes is 84109407
12-20 11:29:33.735  3315  4166 I com.miui.home: CheckGCForNative adj_start_bytes: 47885781 NativeAllocationGcWatermark: 12159887 java_gc_start_bytes: 29645951 kNewNativeDiscountFactor: 2 kOldNativeDiscountFactor: 65536 old_native_bytes: 72345763 new_native_bytes: 22458812 add_bytes_allowed: 36479661 is_gc_concurrent: 1 target_footprint_: 30170239 GetBytesAllocated: 23108992 HeapGrowthMultiplier: 3
12-20 11:29:33.736  3315  4166 I com.miui.home: CheckGCForNative gc_urgency 0.717113 current_native_bytes is 94804575
12-20 11:29:33.751  3315  3315 I com.miui.home: CheckGCForNative adj_start_bytes: 47885781 NativeAllocationGcWatermark: 12159887 java_gc_start_bytes: 29645951 kNewNativeDiscountFactor: 2 kOldNativeDiscountFactor: 65536 old_native_bytes: 72345763 new_native_bytes: 33176260 add_bytes_allowed: 36479661 is_gc_concurrent: 1 target_footprint_: 30170239 GetBytesAllocated: 23175516 HeapGrowthMultiplier: 3
12-20 11:29:33.751  3315  3315 I com.miui.home: CheckGCForNative gc_urgency 0.830408 current_native_bytes is 105522023
12-20 11:29:33.751  3315  3315 I cccccc  : getTaskThumbnailInfo: 2460 1.0  10705920
12-20 11:29:33.818  3315  3315 I com.miui.home: CheckGCForNative adj_start_bytes: 47885781 NativeAllocationGcWatermark: 12159887 java_gc_start_bytes: 29645951 kNewNativeDiscountFactor: 2 kOldNativeDiscountFactor: 65536 old_native_bytes: 72345763 new_native_bytes: 22487900 add_bytes_allowed: 36479661 is_gc_concurrent: 1 target_footprint_: 30170239 GetBytesAllocated: 23580784 HeapGrowthMultiplier: 3
12-20 11:29:33.819  3315  3315 I com.miui.home: CheckGCForNative gc_urgency 0.727269 current_native_bytes is 94833663
12-20 11:29:33.935  3315  3315 I wm_on_top_resumed_lost_called: [102008,com.miui.home.launcher.Launcher,topStateChangedWhenResumed]
12-20 11:29:34.032  3315  3668 I com.miui.home: CheckGCForNative adj_start_bytes: 47885781 NativeAllocationGcWatermark: 12159887 java_gc_start_bytes: 29645951 kNewNativeDiscountFactor: 2 kOldNativeDiscountFactor: 65536 old_native_bytes: 72345763 new_native_bytes: 22567300 add_bytes_allowed: 36479661 is_gc_concurrent: 1 target_footprint_: 30170239 GetBytesAllocated: 24135695 HeapGrowthMultiplier: 3
12-20 11:29:34.032  3315  3668 I com.miui.home: CheckGCForNative gc_urgency 0.739686 current_native_bytes is 94913063
12-20 11:29:34.184  3315  3315 I wm_on_paused_called: [0,102008,com.miui.home.launcher.Launcher,performPause,6]
12-20 11:29:34.280  3315  4166 D cccccc  : onTaskStackChangedBackground
12-20 11:29:34.509  9017  9017 I wm_on_application_create_called: [0,com.xiaomi.account,403]
12-20 11:29:34.575  3315  3835 I com.miui.home: CheckGCForNative adj_start_bytes: 47885781 NativeAllocationGcWatermark: 12159887 java_gc_start_bytes: 29645951 kNewNativeDiscountFactor: 2 kOldNativeDiscountFactor: 65536 old_native_bytes: 72345763 new_native_bytes: 22841508 add_bytes_allowed: 36479661 is_gc_concurrent: 1 target_footprint_: 30170239 GetBytesAllocated: 25477885 HeapGrowthMultiplier: 3
12-20 11:29:34.575  3315  3835 I com.miui.home: CheckGCForNative gc_urgency 0.770578 current_native_bytes is 95187271
12-20 11:29:34.774  9042  9042 I wm_on_application_create_called: [0,com.android.settings,313]
12-20 11:29:34.819  3315  3835 I com.miui.home: CheckGCForNative adj_start_bytes: 47885781 NativeAllocationGcWatermark: 12159887 java_gc_start_bytes: 29645951 kNewNativeDiscountFactor: 2 kOldNativeDiscountFactor: 65536 old_native_bytes: 72345763 new_native_bytes: 22876652 add_bytes_allowed: 36479661 is_gc_concurrent: 1 target_footprint_: 30170239 GetBytesAllocated: 26037933 HeapGrowthMultiplier: 3
12-20 11:29:34.819  3315  3835 I com.miui.home: CheckGCForNative gc_urgency 0.782641 current_native_bytes is 95222415
12-20 11:29:35.424  9142  9142 I wm_on_create_called: [0,266532774,com.eg.android.AlipayGphone.AlipayLogin,performCreate,117]
12-20 11:29:35.432  9142  9142 I wm_on_start_called: [0,266532774,com.eg.android.AlipayGphone.AlipayLogin,handleStartActivity,7]
12-20 11:29:35.452  9142  9142 I wm_on_resume_called: [0,266532774,com.eg.android.AlipayGphone.AlipayLogin,RESUME_ACTIVITY,18]
12-20 11:29:35.534  3315  3834 I com.miui.home: CheckGCForNative adj_start_bytes: 47885781 NativeAllocationGcWatermark: 12159887 java_gc_start_bytes: 29645951 kNewNativeDiscountFactor: 2 kOldNativeDiscountFactor: 65536 old_native_bytes: 72345763 new_native_bytes: 22571120 add_bytes_allowed: 36479661 is_gc_concurrent: 1 target_footprint_: 30170239 GetBytesAllocated: 26945926 HeapGrowthMultiplier: 3
12-20 11:29:35.535  3315  3834 I com.miui.home: CheckGCForNative gc_urgency 0.798412 current_native_bytes is 94916883
12-20 11:29:35.595  9142  9142 I wm_on_top_resumed_gained_called: [266532774,com.eg.android.AlipayGphone.AlipayLogin,topStateChangedWhenResumed]
12-20 11:29:35.623  3315  3315 I wm_on_resume_called: [0,102008,com.miui.home.launcher.Launcher,RESUME_ACTIVITY,19]
12-20 11:29:35.638  3315  3315 I com.miui.home: CheckGCForNative adj_start_bytes: 47885781 NativeAllocationGcWatermark: 12159887 java_gc_start_bytes: 29645951 kNewNativeDiscountFactor: 2 kOldNativeDiscountFactor: 65536 old_native_bytes: 72345763 new_native_bytes: 22677036 add_bytes_allowed: 36479661 is_gc_concurrent: 1 target_footprint_: 30170239 GetBytesAllocated: 27533492 HeapGrowthMultiplier: 3
12-20 11:29:35.638  3315  3315 I com.miui.home: CheckGCForNative gc_urgency 0.811788 current_native_bytes is 95022799
12-20 11:29:35.647  3315  3315 I wm_on_idle_called: com.miui.home.launcher.Launcher
12-20 11:29:35.841  3315  3835 I com.miui.home: CheckGCForNative adj_start_bytes: 47885781 NativeAllocationGcWatermark: 12159887 java_gc_start_bytes: 29645951 kNewNativeDiscountFactor: 2 kOldNativeDiscountFactor: 65536 old_native_bytes: 72345763 new_native_bytes: 22759832 add_bytes_allowed: 36479661 is_gc_concurrent: 1 target_footprint_: 30170239 GetBytesAllocated: 28783098 HeapGrowthMultiplier: 3
12-20 11:29:35.841  3315  3835 I com.miui.home: CheckGCForNative gc_urgency 0.838748 current_native_bytes is 95105595
12-20 11:29:35.999  3315  3315 I wm_on_top_resumed_gained_called: [102008,com.miui.home.launcher.Launcher,topStateChangedWhenResumed]
12-20 11:29:36.073  9142  9142 I wm_on_top_resumed_lost_called: [266532774,com.eg.android.AlipayGphone.AlipayLogin,topStateChangedWhenResumed]
12-20 11:29:36.097  3315  3835 I com.miui.home: CheckGCForNative adj_start_bytes: 47885781 NativeAllocationGcWatermark: 12159887 java_gc_start_bytes: 29645951 kNewNativeDiscountFactor: 2 kOldNativeDiscountFactor: 65536 old_native_bytes: 72345763 new_native_bytes: 22769128 add_bytes_allowed: 36479661 is_gc_concurrent: 1 target_footprint_: 30170239 GetBytesAllocated: 29360258 HeapGrowthMultiplier: 3
12-20 11:29:36.097  3315  3835 I com.miui.home: CheckGCForNative gc_urgency 0.850898 current_native_bytes is 95114891
12-20 11:29:36.284  9377  9377 I wm_on_application_create_called: [0,com.eg.android.AlipayGphone,213]
12-20 11:29:36.369  3315  3376 I com.miui.home: CheckGCForNative gc_urgency 0 current_native_bytes is 94430183
12-20 11:29:36.382  3315  3315 I com.miui.home: CheckGCForNative adj_start_bytes: 48212796 NativeAllocationGcWatermark: 12159887 java_gc_start_bytes: 29972966 kNewNativeDiscountFactor: 2 kOldNativeDiscountFactor: 65536 old_native_bytes: 94430183 new_native_bytes: 10727208 add_bytes_allowed: 36479661 is_gc_concurrent: 1 target_footprint_: 30170239 GetBytesAllocated: 14675452 HeapGrowthMultiplier: 3
12-20 11:29:36.382  3315  3315 I com.miui.home: CheckGCForNative gc_urgency 0.415668 current_native_bytes is 105157391
12-20 11:29:36.382  3315  3315 I cccccc  : getTaskThumbnailInfo: 2460 1.0  10705920
12-20 11:29:36.776  3315  3315 I com.miui.home: CheckGCForNative adj_start_bytes: 48212796 NativeAllocationGcWatermark: 12159887 java_gc_start_bytes: 29972966 kNewNativeDiscountFactor: 2 kOldNativeDiscountFactor: 65536 old_native_bytes: 94430183 new_native_bytes: 74936 add_bytes_allowed: 36479661 is_gc_concurrent: 1 target_footprint_: 30170239 GetBytesAllocated: 15043032 HeapGrowthMultiplier: 3
12-20 11:29:36.776  3315  3315 I com.miui.home: CheckGCForNative gc_urgency 0.31282 current_native_bytes is 94505119
12-20 11:29:36.843  3315  3315 I wm_on_top_resumed_lost_called: [102008,com.miui.home.launcher.Launcher,topStateChangedWhenResumed]
12-20 11:29:36.870  3315  3315 I wm_on_paused_called: [0,102008,com.miui.home.launcher.Launcher,performPause,6]
12-20 11:29:37.005  3315  4166 I com.miui.home: CheckGCForNative adj_start_bytes: 48212796 NativeAllocationGcWatermark: 12159887 java_gc_start_bytes: 29972966 kNewNativeDiscountFactor: 2 kOldNativeDiscountFactor: 65536 old_native_bytes: 94430183 new_native_bytes: 54704 add_bytes_allowed: 36479661 is_gc_concurrent: 1 target_footprint_: 30170239 GetBytesAllocated: 16171396 HeapGrowthMultiplier: 3
12-20 11:29:37.006  3315  4166 I com.miui.home: CheckGCForNative gc_urgency 0.336014 current_native_bytes is 94484887
12-20 11:29:37.057  3315  4166 D cccccc  : onTaskStackChangedBackground
12-20 11:29:37.074  3315  3835 I com.miui.home: CheckGCForNative adj_start_bytes: 48212796 NativeAllocationGcWatermark: 12159887 java_gc_start_bytes: 29972966 kNewNativeDiscountFactor: 2 kOldNativeDiscountFactor: 65536 old_native_bytes: 94430183 new_native_bytes: 129984 add_bytes_allowed: 36479661 is_gc_concurrent: 1 target_footprint_: 30170239 GetBytesAllocated: 16483276 HeapGrowthMultiplier: 3
12-20 11:29:37.075  3315  3835 I com.miui.home: CheckGCForNative gc_urgency 0.343264 current_native_bytes is 94560167
12-20 11:29:37.330  3315  3835 I com.miui.home: CheckGCForNative adj_start_bytes: 48212796 NativeAllocationGcWatermark: 12159887 java_gc_start_bytes: 29972966 kNewNativeDiscountFactor: 2 kOldNativeDiscountFactor: 65536 old_native_bytes: 94430183 new_native_bytes: 141936 add_bytes_allowed: 36479661 is_gc_concurrent: 1 target_footprint_: 30170239 GetBytesAllocated: 17064849 HeapGrowthMultiplier: 3
12-20 11:29:37.330  3315  3835 I com.miui.home: CheckGCForNative gc_urgency 0.35545 current_native_bytes is 94572119
12-20 11:29:37.703  9769  9769 I wm_on_create_called: [0,248177389,com.xunmeng.pinduoduo.ui.activity.MainFrameActivity,performCreate,70]
12-20 11:29:37.941  9769  9769 I wm_on_create_called: [0,119065655,com.xunmeng.pinduoduo.ui.activity.HomeActivity,performCreate,57]
12-20 11:29:37.951  3315  4181 D cccccc  : onTaskStackChangedBackground
12-20 11:29:37.964  9769  9769 I wm_on_start_called: [0,119065655,com.xunmeng.pinduoduo.ui.activity.HomeActivity,handleStartActivity,22]
12-20 11:29:37.972  9769  9769 I wm_on_resume_called: [0,119065655,com.xunmeng.pinduoduo.ui.activity.HomeActivity,RESUME_ACTIVITY,5]
12-20 11:29:38.043  9769  9769 I wm_on_top_resumed_gained_called: [119065655,com.xunmeng.pinduoduo.ui.activity.HomeActivity,topStateChangedWhenResumed]
12-20 11:29:38.278  3315  3835 I com.miui.home: CheckGCForNative gc_urgency 0 current_native_bytes is 94300759
12-20 11:29:38.453  3315  3315 I wm_on_resume_called: [0,102008,com.miui.home.launcher.Launcher,RESUME_ACTIVITY,21]
12-20 11:29:38.475  3315  3315 I com.miui.home: CheckGCForNative adj_start_bytes: 48212796 NativeAllocationGcWatermark: 12159887 java_gc_start_bytes: 29972966 kNewNativeDiscountFactor: 2 kOldNativeDiscountFactor: 65536 old_native_bytes: 94300759 new_native_bytes: 113996 add_bytes_allowed: 36479661 is_gc_concurrent: 1 target_footprint_: 30170239 GetBytesAllocated: 19053288 HeapGrowthMultiplier: 3
12-20 11:29:38.475  3315  3315 I com.miui.home: CheckGCForNative gc_urgency 0.396404 current_native_bytes is 94414755
12-20 11:29:38.480  3315  3315 I wm_on_idle_called: com.miui.home.launcher.Launcher
12-20 11:29:38.620  9769  9769 I wm_on_top_resumed_lost_called: [119065655,com.xunmeng.pinduoduo.ui.activity.HomeActivity,topStateChangedWhenResumed]
12-20 11:29:38.628  3315  3315 I wm_on_top_resumed_gained_called: [102008,com.miui.home.launcher.Launcher,topStateChangedWhenResumed]
12-20 11:29:38.718  3315  8125 I com.miui.home: CheckGCForNative adj_start_bytes: 48212796 NativeAllocationGcWatermark: 12159887 java_gc_start_bytes: 29972966 kNewNativeDiscountFactor: 2 kOldNativeDiscountFactor: 65536 old_native_bytes: 94300759 new_native_bytes: 147252 add_bytes_allowed: 36479661 is_gc_concurrent: 1 target_footprint_: 30170239 GetBytesAllocated: 20090288 HeapGrowthMultiplier: 3
12-20 11:29:38.718  3315  8125 I com.miui.home: CheckGCForNative gc_urgency 0.418257 current_native_bytes is 94448011
12-20 11:29:38.975  3315  3835 I com.miui.home: CheckGCForNative adj_start_bytes: 48212796 NativeAllocationGcWatermark: 12159887 java_gc_start_bytes: 29972966 kNewNativeDiscountFactor: 2 kOldNativeDiscountFactor: 65536 old_native_bytes: 94300759 new_native_bytes: 276596 add_bytes_allowed: 36479661 is_gc_concurrent: 1 target_footprint_: 30170239 GetBytesAllocated: 20527859 HeapGrowthMultiplier: 3
12-20 11:29:38.975  3315  3835 I com.miui.home: CheckGCForNative gc_urgency 0.428674 current_native_bytes is 94577355
12-20 11:29:39.060  9142  9142 I wm_on_paused_called: [0,266532774,com.eg.android.AlipayGphone.AlipayLogin,performPause,100]
12-20 11:29:39.351  3315  3866 I com.miui.home: CheckGCForNative adj_start_bytes: 48212796 NativeAllocationGcWatermark: 12159887 java_gc_start_bytes: 29972966 kNewNativeDiscountFactor: 2 kOldNativeDiscountFactor: 65536 old_native_bytes: 94300759 new_native_bytes: 10977684 add_bytes_allowed: 36479661 is_gc_concurrent: 1 target_footprint_: 30170239 GetBytesAllocated: 21221076 HeapGrowthMultiplier: 3
12-20 11:29:39.351  3315  3866 I com.miui.home: CheckGCForNative gc_urgency 0.55403 current_native_bytes is 105278443
12-20 11:29:39.360  3315  3315 I com.miui.home: CheckGCForNative adj_start_bytes: 48212796 NativeAllocationGcWatermark: 12159887 java_gc_start_bytes: 29972966 kNewNativeDiscountFactor: 2 kOldNativeDiscountFactor: 65536 old_native_bytes: 94300759 new_native_bytes: 21692532 add_bytes_allowed: 36479661 is_gc_concurrent: 1 target_footprint_: 30170239 GetBytesAllocated: 21235521 HeapGrowthMultiplier: 3
12-20 11:29:39.360  3315  3315 I com.miui.home: CheckGCForNative gc_urgency 0.66545 current_native_bytes is 115993291
12-20 11:29:39.360  3315  3315 I cccccc  : getTaskThumbnailInfo: 2460 1.0  10705920
12-20 11:29:39.385  3315  3315 I com.miui.home: CheckGCForNative adj_start_bytes: 48212796 NativeAllocationGcWatermark: 12159887 java_gc_start_bytes: 29972966 kNewNativeDiscountFactor: 2 kOldNativeDiscountFactor: 65536 old_native_bytes: 94300759 new_native_bytes: 11025780 add_bytes_allowed: 36479661 is_gc_concurrent: 1 target_footprint_: 30170239 GetBytesAllocated: 21311359 HeapGrowthMultiplier: 3
12-20 11:29:39.385  3315  3315 I com.miui.home: CheckGCForNative gc_urgency 0.556402 current_native_bytes is 105326539
12-20 11:29:39.538  9769  9769 I wm_on_paused_called: [0,119065655,com.xunmeng.pinduoduo.ui.activity.HomeActivity,performPause,25]
12-20 11:29:39.546  3315  3315 I wm_on_top_resumed_lost_called: [102008,com.miui.home.launcher.Launcher,topStateChangedWhenResumed]
12-20 11:29:39.575  3315  3315 I wm_on_paused_called: [0,102008,com.miui.home.launcher.Launcher,performPause,5]
12-20 11:29:39.660  3315  3866 D cccccc  : onTaskStackChangedBackground
12-20 11:29:39.753 10005 10005 I wm_on_application_create_called: [0,com.xunmeng.pinduoduo,218]
12-20 11:29:39.909  9769  9769 I wm_on_destroy_called: [0,248177389,com.xunmeng.pinduoduo.ui.activity.MainFrameActivity,performDestroy,44]
12-20 11:29:40.033  3315  8125 I com.miui.home: CheckGCForNative adj_start_bytes: 48212796 NativeAllocationGcWatermark: 12159887 java_gc_start_bytes: 29972966 kNewNativeDiscountFactor: 2 kOldNativeDiscountFactor: 65536 old_native_bytes: 94300759 new_native_bytes: 11534372 add_bytes_allowed: 36479661 is_gc_concurrent: 1 target_footprint_: 30170239 GetBytesAllocated: 23034385 HeapGrowthMultiplier: 3
12-20 11:29:40.033  3315  8125 I com.miui.home: CheckGCForNative gc_urgency 0.597414 current_native_bytes is 105835131
12-20 11:29:40.063  3315  3835 I com.miui.home: CheckGCForNative adj_start_bytes: 48212796 NativeAllocationGcWatermark: 12159887 java_gc_start_bytes: 29972966 kNewNativeDiscountFactor: 2 kOldNativeDiscountFactor: 65536 old_native_bytes: 94300759 new_native_bytes: 11619068 add_bytes_allowed: 36479661 is_gc_concurrent: 1 target_footprint_: 30170239 GetBytesAllocated: 23096930 HeapGrowthMultiplier: 3
12-20 11:29:40.064  3315  3835 I com.miui.home: CheckGCForNative gc_urgency 0.59959 current_native_bytes is 105919827
12-20 11:29:40.263  3315  3835 I com.miui.home: CheckGCForNative adj_start_bytes: 48212796 NativeAllocationGcWatermark: 12159887 java_gc_start_bytes: 29972966 kNewNativeDiscountFactor: 2 kOldNativeDiscountFactor: 65536 old_native_bytes: 94300759 new_native_bytes: 11575196 add_bytes_allowed: 36479661 is_gc_concurrent: 1 target_footprint_: 30170239 GetBytesAllocated: 23633146 HeapGrowthMultiplier: 3
12-20 11:29:40.263  3315  3835 I com.miui.home: CheckGCForNative gc_urgency 0.610257 current_native_bytes is 105875955
12-20 11:29:40.498  3315  3668 I com.miui.home: CheckGCForNative adj_start_bytes: 48212796 NativeAllocationGcWatermark: 12159887 java_gc_start_bytes: 29972966 kNewNativeDiscountFactor: 2 kOldNativeDiscountFactor: 65536 old_native_bytes: 94300759 new_native_bytes: 11584276 add_bytes_allowed: 36479661 is_gc_concurrent: 1 target_footprint_: 30170239 GetBytesAllocated: 24229551 HeapGrowthMultiplier: 3
12-20 11:29:40.498  3315  3668 I com.miui.home: CheckGCForNative gc_urgency 0.622721 current_native_bytes is 105885035
12-20 11:29:40.734 10095 10095 I wm_on_application_create_called: [0,com.smile.gifmaker,367]
12-20 11:29:40.922 10095 10095 I wm_on_create_called: [0,257927133,com.yxcorp.gifshow.HomeActivity,performCreate,163]
12-20 11:29:41.031 10095 10095 I wm_on_start_called: [0,257927133,com.yxcorp.gifshow.HomeActivity,handleStartActivity,108]
12-20 11:29:41.125 10095 10095 I wm_on_resume_called: [0,257927133,com.yxcorp.gifshow.HomeActivity,RESUME_ACTIVITY,21]
12-20 11:29:41.249 10095 10095 I wm_on_top_resumed_gained_called: [257927133,com.yxcorp.gifshow.HomeActivity,topStateChangedWhenResumed]
12-20 11:29:41.503  3315  3315 I wm_on_resume_called: [0,102008,com.miui.home.launcher.Launcher,RESUME_ACTIVITY,20]
12-20 11:29:41.523  3315  3669 I com.miui.home: CheckGCForNative adj_start_bytes: 48212796 NativeAllocationGcWatermark: 12159887 java_gc_start_bytes: 29972966 kNewNativeDiscountFactor: 2 kOldNativeDiscountFactor: 65536 old_native_bytes: 94300759 new_native_bytes: 11568916 add_bytes_allowed: 36479661 is_gc_concurrent: 1 target_footprint_: 30170239 GetBytesAllocated: 25999201 HeapGrowthMultiplier: 3
12-20 11:29:41.523  3315  3669 I com.miui.home: CheckGCForNative gc_urgency 0.659267 current_native_bytes is 105869675
12-20 11:29:41.529  3315  3315 I wm_on_idle_called: com.miui.home.launcher.Launcher
12-20 11:29:41.614  3315  4166 I com.miui.home: CheckGCForNative adj_start_bytes: 48212796 NativeAllocationGcWatermark: 12159887 java_gc_start_bytes: 29972966 kNewNativeDiscountFactor: 2 kOldNativeDiscountFactor: 65536 old_native_bytes: 94300759 new_native_bytes: 11580736 add_bytes_allowed: 36479661 is_gc_concurrent: 1 target_footprint_: 30170239 GetBytesAllocated: 26850539 HeapGrowthMultiplier: 3
12-20 11:29:41.614  3315  4166 I com.miui.home: CheckGCForNative gc_urgency 0.677047 current_native_bytes is 105881495
12-20 11:29:41.825  3315  3835 I com.miui.home: CheckGCForNative adj_start_bytes: 48212796 NativeAllocationGcWatermark: 12159887 java_gc_start_bytes: 29972966 kNewNativeDiscountFactor: 2 kOldNativeDiscountFactor: 65536 old_native_bytes: 94300759 new_native_bytes: 11677544 add_bytes_allowed: 36479661 is_gc_concurrent: 1 target_footprint_: 30170239 GetBytesAllocated: 27177117 HeapGrowthMultiplier: 3
12-20 11:29:41.825  3315  3835 I com.miui.home: CheckGCForNative gc_urgency 0.684825 current_native_bytes is 105978303
12-20 11:29:41.901  3315  3315 I wm_on_top_resumed_gained_called: [102008,com.miui.home.launcher.Launcher,topStateChangedWhenResumed]
12-20 11:29:42.081  3315  3835 I com.miui.home: CheckGCForNative adj_start_bytes: 48212796 NativeAllocationGcWatermark: 12159887 java_gc_start_bytes: 29972966 kNewNativeDiscountFactor: 2 kOldNativeDiscountFactor: 65536 old_native_bytes: 94300759 new_native_bytes: 11699784 add_bytes_allowed: 36479661 is_gc_concurrent: 1 target_footprint_: 30170239 GetBytesAllocated: 27822239 HeapGrowthMultiplier: 3
12-20 11:29:42.081  3315  3835 I com.miui.home: CheckGCForNative gc_urgency 0.698436 current_native_bytes is 106000543
12-20 11:29:42.151  3315  4181 I com.miui.home: CheckGCForNative adj_start_bytes: 48212796 NativeAllocationGcWatermark: 12159887 java_gc_start_bytes: 29972966 kNewNativeDiscountFactor: 2 kOldNativeDiscountFactor: 65536 old_native_bytes: 94300759 new_native_bytes: 22407112 add_bytes_allowed: 36479661 is_gc_concurrent: 1 target_footprint_: 30170239 GetBytesAllocated: 28083649 HeapGrowthMultiplier: 3
12-20 11:29:42.151  3315  4181 I com.miui.home: CheckGCForNative gc_urgency 0.814901 current_native_bytes is 116707871
12-20 11:29:42.167  3315  3315 I com.miui.home: CheckGCForNative adj_start_bytes: 48212796 NativeAllocationGcWatermark: 12159887 java_gc_start_bytes: 29972966 kNewNativeDiscountFactor: 2 kOldNativeDiscountFactor: 65536 old_native_bytes: 94300759 new_native_bytes: 33117000 add_bytes_allowed: 36479661 is_gc_concurrent: 1 target_footprint_: 30170239 GetBytesAllocated: 28120957 HeapGrowthMultiplier: 3
12-20 11:29:42.167  3315  3315 I com.miui.home: CheckGCForNative gc_urgency 0.926744 current_native_bytes is 127417759
12-20 11:29:42.168  3315  3315 I cccccc  : getTaskThumbnailInfo: 2460 1.0  10705920
12-20 11:29:42.393  3315  3315 I wm_on_top_resumed_lost_called: [102008,com.miui.home.launcher.Launcher,topStateChangedWhenResumed]
12-20 11:29:42.645  3315  3315 I wm_on_paused_called: [0,102008,com.miui.home.launcher.Launcher,performPause,6]
12-20 11:29:42.656  3315  3801 I com.miui.home: CheckGCForNative adj_start_bytes: 48212796 NativeAllocationGcWatermark: 12159887 java_gc_start_bytes: 29972966 kNewNativeDiscountFactor: 2 kOldNativeDiscountFactor: 65536 old_native_bytes: 94300759 new_native_bytes: 22758648 add_bytes_allowed: 36479661 is_gc_concurrent: 1 target_footprint_: 30170239 GetBytesAllocated: 29738216 HeapGrowthMultiplier: 3
12-20 11:29:42.656  3315  3801 I com.miui.home: CheckGCForNative gc_urgency 0.852864 current_native_bytes is 117059407
12-20 11:29:42.902  3315  3866 D cccccc  : onTaskStackChangedBackground
12-20 11:29:43.103  3315  3835 I com.miui.home: CheckGCForNative gc_urgency 0 current_native_bytes is 94834063
12-20 11:29:43.114  3315  3835 I com.miui.home: CheckGCForNative adj_start_bytes: 48144530 NativeAllocationGcWatermark: 12159887 java_gc_start_bytes: 29904700 kNewNativeDiscountFactor: 2 kOldNativeDiscountFactor: 65536 old_native_bytes: 94834063 new_native_bytes: 4032 add_bytes_allowed: 36479661 is_gc_concurrent: 1 target_footprint_: 30170239 GetBytesAllocated: 15193317 HeapGrowthMultiplier: 3
12-20 11:29:43.114  3315  3835 I com.miui.home: CheckGCForNative gc_urgency 0.31565 current_native_bytes is 94838095
12-20 11:29:43.347  3315  3835 I com.miui.home: CheckGCForNative adj_start_bytes: 48144530 NativeAllocationGcWatermark: 12159887 java_gc_start_bytes: 29904700 kNewNativeDiscountFactor: 2 kOldNativeDiscountFactor: 65536 old_native_bytes: 94834063 new_native_bytes: 31528 add_bytes_allowed: 36479661 is_gc_concurrent: 1 target_footprint_: 30170239 GetBytesAllocated: 15762275 HeapGrowthMultiplier: 3
12-20 11:29:43.347  3315  3835 I com.miui.home: CheckGCForNative gc_urgency 0.327752 current_native_bytes is 94865591
12-20 11:29:43.392 10530 10530 I wm_on_application_create_called: [0,com.xiaomi.mi_connect_service,209]
12-20 11:29:44.195  3315  3315 I com.miui.home: CheckGCForNative gc_urgency 0 current_native_bytes is 94360931
12-20 11:29:44.203  3315  3315 I wm_on_resume_called: [0,102008,com.miui.home.launcher.Launcher,RESUME_ACTIVITY,20]
12-20 11:29:44.317  3315  3315 I wm_on_idle_called: com.miui.home.launcher.Launcher
12-20 11:29:44.337  3315  3315 I com.miui.home: CheckGCForNative adj_start_bytes: 48144530 NativeAllocationGcWatermark: 12159887 java_gc_start_bytes: 29904700 kNewNativeDiscountFactor: 2 kOldNativeDiscountFactor: 65536 old_native_bytes: 94360931 new_native_bytes: 335364 add_bytes_allowed: 36479661 is_gc_concurrent: 1 target_footprint_: 30170239 GetBytesAllocated: 18330592 HeapGrowthMultiplier: 3
12-20 11:29:44.337  3315  3315 I com.miui.home: CheckGCForNative gc_urgency 0.384254 current_native_bytes is 94696295
12-20 11:29:44.514  3315  3835 I com.miui.home: CheckGCForNative adj_start_bytes: 48144530 NativeAllocationGcWatermark: 12159887 java_gc_start_bytes: 29904700 kNewNativeDiscountFactor: 2 kOldNativeDiscountFactor: 65536 old_native_bytes: 94360931 new_native_bytes: 370156 add_bytes_allowed: 36479661 is_gc_concurrent: 1 target_footprint_: 30170239 GetBytesAllocated: 18710157 HeapGrowthMultiplier: 3
12-20 11:29:44.514  3315  3835 I com.miui.home: CheckGCForNative gc_urgency 0.392499 current_native_bytes is 94731087
12-20 11:29:44.673  3315  3315 I wm_on_top_resumed_gained_called: [102008,com.miui.home.launcher.Launcher,topStateChangedWhenResumed]
12-20 11:29:44.803  3315  3835 I com.miui.home: CheckGCForNative adj_start_bytes: 48144530 NativeAllocationGcWatermark: 12159887 java_gc_start_bytes: 29904700 kNewNativeDiscountFactor: 2 kOldNativeDiscountFactor: 65536 old_native_bytes: 94360931 new_native_bytes: 382060 add_bytes_allowed: 36479661 is_gc_concurrent: 1 target_footprint_: 30170239 GetBytesAllocated: 19176116 HeapGrowthMultiplier: 3
12-20 11:29:44.803  3315  3835 I com.miui.home: CheckGCForNative gc_urgency 0.402301 current_native_bytes is 94742991
12-20 11:29:45.298  3315  3315 I wm_on_top_resumed_lost_called: [102008,com.miui.home.launcher.Launcher,topStateChangedWhenResumed]
12-20 11:29:45.301  3315  3390 I com.miui.home: CheckGCForNative adj_start_bytes: 48144530 NativeAllocationGcWatermark: 12159887 java_gc_start_bytes: 29904700 kNewNativeDiscountFactor: 2 kOldNativeDiscountFactor: 65536 old_native_bytes: 94360931 new_native_bytes: 11118540 add_bytes_allowed: 36479661 is_gc_concurrent: 1 target_footprint_: 30170239 GetBytesAllocated: 20321005 HeapGrowthMultiplier: 3
12-20 11:29:45.301  3315  3390 I com.miui.home: CheckGCForNative gc_urgency 0.537584 current_native_bytes is 105479471
12-20 11:29:45.305  3315  3315 I com.miui.home: CheckGCForNative adj_start_bytes: 48144530 NativeAllocationGcWatermark: 12159887 java_gc_start_bytes: 29904700 kNewNativeDiscountFactor: 2 kOldNativeDiscountFactor: 65536 old_native_bytes: 94360931 new_native_bytes: 21842028 add_bytes_allowed: 36479661 is_gc_concurrent: 1 target_footprint_: 30170239 GetBytesAllocated: 20351280 HeapGrowthMultiplier: 3
12-20 11:29:45.305  3315  3315 I com.miui.home: CheckGCForNative gc_urgency 0.64958 current_native_bytes is 116202959
12-20 11:29:45.306  3315  3315 I cccccc  : getTaskThumbnailInfo: 2460 1.0  10705920
12-20 11:29:45.311 10733 10733 I wm_on_application_create_called: [0,com.tencent.qqlive,341]
12-20 11:29:45.544  3315  3668 I com.miui.home: CheckGCForNative adj_start_bytes: 48144530 NativeAllocationGcWatermark: 12159887 java_gc_start_bytes: 29904700 kNewNativeDiscountFactor: 2 kOldNativeDiscountFactor: 65536 old_native_bytes: 94360931 new_native_bytes: 11182836 add_bytes_allowed: 36479661 is_gc_concurrent: 1 target_footprint_: 30170239 GetBytesAllocated: 20670585 HeapGrowthMultiplier: 3
12-20 11:29:45.544  3315  3668 I com.miui.home: CheckGCForNative gc_urgency 0.545512 current_native_bytes is 105543767
12-20 11:29:45.610  3315  3315 I wm_on_paused_called: [0,102008,com.miui.home.launcher.Launcher,performPause,6]
12-20 11:29:45.711  3315  3390 D cccccc  : onTaskStackChangedBackground
12-20 11:29:45.981 10549 10549 I wm_on_create_called: [0,10732290,com.tencent.qqlive.ona.activity.SplashHomeActivity,performCreate,1391]
12-20 11:29:46.103  3315  3835 I com.miui.home: CheckGCForNative adj_start_bytes: 48144530 NativeAllocationGcWatermark: 12159887 java_gc_start_bytes: 29904700 kNewNativeDiscountFactor: 2 kOldNativeDiscountFactor: 65536 old_native_bytes: 94360931 new_native_bytes: 11516508 add_bytes_allowed: 36479661 is_gc_concurrent: 1 target_footprint_: 30170239 GetBytesAllocated: 21910190 HeapGrowthMultiplier: 3
12-20 11:29:46.103  3315  3835 I com.miui.home: CheckGCForNative gc_urgency 0.574725 current_native_bytes is 105877439
12-20 11:29:46.103  3315  3835 I com.miui.home: CheckGCForNative adj_start_bytes: 48144530 NativeAllocationGcWatermark: 12159887 java_gc_start_bytes: 29904700 kNewNativeDiscountFactor: 2 kOldNativeDiscountFactor: 65536 old_native_bytes: 94360931 new_native_bytes: 11517020 add_bytes_allowed: 36479661 is_gc_concurrent: 1 target_footprint_: 30170239 GetBytesAllocated: 21910190 HeapGrowthMultiplier: 3
12-20 11:29:46.103  3315  3835 I com.miui.home: CheckGCForNative gc_urgency 0.574731 current_native_bytes is 105877951
12-20 11:29:46.425  3315  3835 I com.miui.home: CheckGCForNative adj_start_bytes: 48144530 NativeAllocationGcWatermark: 12159887 java_gc_start_bytes: 29904700 kNewNativeDiscountFactor: 2 kOldNativeDiscountFactor: 65536 old_native_bytes: 94360931 new_native_bytes: 11551100 add_bytes_allowed: 36479661 is_gc_concurrent: 1 target_footprint_: 30170239 GetBytesAllocated: 22170785 HeapGrowthMultiplier: 3
12-20 11:29:46.425  3315  3835 I com.miui.home: CheckGCForNative gc_urgency 0.580497 current_native_bytes is 105912031
12-20 11:29:46.433 10549 10549 I wm_on_start_called: [0,10732290,com.tencent.qqlive.ona.activity.SplashHomeActivity,handleStartActivity,392]
12-20 11:29:46.702 11152 11152 I wm_on_create_called: [0,254696931,com.tencent.mobileqq.activity.SplashActivity,performCreate,77]
12-20 11:29:46.794 11152 11152 I wm_on_start_called: [0,254696931,com.tencent.mobileqq.activity.SplashActivity,handleStartActivity,87]
12-20 11:29:46.819 11152 11152 I wm_on_resume_called: [0,254696931,com.tencent.mobileqq.activity.SplashActivity,RESUME_ACTIVITY,22]
12-20 11:29:46.892 11152 11152 I wm_on_top_resumed_gained_called: [254696931,com.tencent.mobileqq.activity.SplashActivity,topStateChangedWhenResumed]
12-20 11:29:47.191 11152 11152 I wm_on_top_resumed_lost_called: [254696931,com.tencent.mobileqq.activity.SplashActivity,topStateChangedWhenResumed]
12-20 11:29:47.247 11152 11152 I wm_on_idle_called: com.tencent.mobileqq.activity.SplashActivity
12-20 11:29:47.314  3315  3315 I com.miui.home: CheckGCForNative adj_start_bytes: 48144530 NativeAllocationGcWatermark: 12159887 java_gc_start_bytes: 29904700 kNewNativeDiscountFactor: 2 kOldNativeDiscountFactor: 65536 old_native_bytes: 94360931 new_native_bytes: 11379924 add_bytes_allowed: 36479661 is_gc_concurrent: 1 target_footprint_: 30170239 GetBytesAllocated: 23702145 HeapGrowthMultiplier: 3
12-20 11:29:47.314  3315  3315 I com.miui.home: CheckGCForNative gc_urgency 0.610527 current_native_bytes is 105740855
12-20 11:29:47.318  3315  3315 I wm_on_resume_called: [0,102008,com.miui.home.launcher.Launcher,RESUME_ACTIVITY,53]
12-20 11:29:47.332  3315  3315 I wm_on_top_resumed_gained_called: [102008,com.miui.home.launcher.Launcher,topStateChangedWhenResumed]
12-20 11:29:47.341  3315  3315 I wm_on_idle_called: com.miui.home.launcher.Launcher
12-20 11:29:47.569  3315  3835 I com.miui.home: CheckGCForNative adj_start_bytes: 48144530 NativeAllocationGcWatermark: 12159887 java_gc_start_bytes: 29904700 kNewNativeDiscountFactor: 2 kOldNativeDiscountFactor: 65536 old_native_bytes: 94360931 new_native_bytes: 11495152 add_bytes_allowed: 36479661 is_gc_concurrent: 1 target_footprint_: 30170239 GetBytesAllocated: 24349669 HeapGrowthMultiplier: 3
12-20 11:29:47.569  3315  3835 I com.miui.home: CheckGCForNative gc_urgency 0.625174 current_native_bytes is 105856083
12-20 11:29:47.680  3315  3835 I com.miui.home: CheckGCForNative adj_start_bytes: 48144530 NativeAllocationGcWatermark: 12159887 java_gc_start_bytes: 29904700 kNewNativeDiscountFactor: 2 kOldNativeDiscountFactor: 65536 old_native_bytes: 94360931 new_native_bytes: 11598464 add_bytes_allowed: 36479661 is_gc_concurrent: 1 target_footprint_: 30170239 GetBytesAllocated: 24643529 HeapGrowthMultiplier: 3
12-20 11:29:47.680  3315  3835 I com.miui.home: CheckGCForNative gc_urgency 0.63235 current_native_bytes is 105959395
12-20 11:29:47.682 11152 11152 I wm_on_paused_called: [0,254696931,com.tencent.mobileqq.activity.SplashActivity,performPause,1]
12-20 11:29:47.900 10549 10549 I wm_on_resume_called: [0,10732290,com.tencent.qqlive.ona.activity.SplashHomeActivity,RESUME_ACTIVITY,1398]
12-20 11:29:47.958  3315  3835 I com.miui.home: CheckGCForNative adj_start_bytes: 48144530 NativeAllocationGcWatermark: 12159887 java_gc_start_bytes: 29904700 kNewNativeDiscountFactor: 2 kOldNativeDiscountFactor: 65536 old_native_bytes: 94360931 new_native_bytes: 11683264 add_bytes_allowed: 36479661 is_gc_concurrent: 1 target_footprint_: 30170239 GetBytesAllocated: 25372620 HeapGrowthMultiplier: 3
12-20 11:29:47.958  3315  3835 I com.miui.home: CheckGCForNative gc_urgency 0.648375 current_native_bytes is 106044195
12-20 11:29:48.039  3315  4166 D cccccc  : onTaskStackChangedBackground
