12-19 21:16:07.249  3302  3302 I wm_on_top_resumed_lost_called: [150483655,com.miui.home.launcher.Launcher,topStateChangedWhenResumed]
12-19 21:16:07.259  3302  3302 I wm_on_paused_called: [0,150483655,com.miui.home.launcher.Launcher,performPause,4]
12-19 21:16:07.630  3302  3740 I com.miui.home: CheckGCForNative adj_start_bytes: 41676573 NativeAllocationGcWatermark: 11464895 java_gc_start_bytes: 24479231 kNewNativeDiscountFactor: 2 kOldNativeDiscountFactor: 65536 old_native_bytes: 70275395 new_native_bytes: 1010716 add_bytes_allowed: 34394685 is_gc_concurrent: 1 target_footprint_: 24610303 GetBytesAllocated: 13090806 HeapGrowthMultiplier: 3
12-19 21:16:07.630  3302  3740 I com.miui.home: CheckGCForNative gc_urgency 0.326256 current_native_bytes is 71286111
12-19 21:16:07.985  3302  3740 I com.miui.home: CheckGCForNative adj_start_bytes: 41676573 NativeAllocationGcWatermark: 11464895 java_gc_start_bytes: 24479231 kNewNativeDiscountFactor: 2 kOldNativeDiscountFactor: 65536 old_native_bytes: 70275395 new_native_bytes: 947164 add_bytes_allowed: 34394685 is_gc_concurrent: 1 target_footprint_: 24610303 GetBytesAllocated: 13215926 HeapGrowthMultiplier: 3
12-19 21:16:07.985  3302  3740 I com.miui.home: CheckGCForNative gc_urgency 0.328496 current_native_bytes is 71222559
12-19 21:16:08.008  3302  3740 I com.miui.home: CheckGCForNative adj_start_bytes: 41676573 NativeAllocationGcWatermark: 11464895 java_gc_start_bytes: 24479231 kNewNativeDiscountFactor: 2 kOldNativeDiscountFactor: 65536 old_native_bytes: 70275395 new_native_bytes: 950492 add_bytes_allowed: 34394685 is_gc_concurrent: 1 target_footprint_: 24610303 GetBytesAllocated: 13226552 HeapGrowthMultiplier: 3
12-19 21:16:08.008  3302  3740 I com.miui.home: CheckGCForNative gc_urgency 0.328791 current_native_bytes is 71225887
12-19 21:16:08.517  8383  8383 I wm_on_application_create_called: [0,com.autonavi.minimap,335]
12-19 21:16:08.710  8291  8291 I wm_on_application_create_called: [0,com.autonavi.minimap,1025]
12-19 21:16:08.906  3302  3302 I wm_on_resume_called: [0,150483655,com.miui.home.launcher.Launcher,RESUME_ACTIVITY,38]
12-19 21:16:08.941  3302  3302 I wm_on_idle_called: com.miui.home.launcher.Launcher
12-19 21:16:09.124  3302  3740 I com.miui.home: CheckGCForNative adj_start_bytes: 41676573 NativeAllocationGcWatermark: 11464895 java_gc_start_bytes: 24479231 kNewNativeDiscountFactor: 2 kOldNativeDiscountFactor: 65536 old_native_bytes: 70275395 new_native_bytes: 1167520 add_bytes_allowed: 34394685 is_gc_concurrent: 1 target_footprint_: 24610303 GetBytesAllocated: 14248118 HeapGrowthMultiplier: 3
12-19 21:16:09.125  3302  3740 I com.miui.home: CheckGCForNative gc_urgency 0.355906 current_native_bytes is 71442915
12-19 21:16:09.263  3302  3302 I wm_on_top_resumed_gained_called: [150483655,com.miui.home.launcher.Launcher,topStateChangedWhenResumed]
12-19 21:16:09.360  8291  8291 I wm_on_create_called: [0,148965103,com.autonavi.map.activity.SplashActivity,performCreate,608]
12-19 21:16:09.380  3302  3740 I com.miui.home: CheckGCForNative adj_start_bytes: 41676573 NativeAllocationGcWatermark: 11464895 java_gc_start_bytes: 24479231 kNewNativeDiscountFactor: 2 kOldNativeDiscountFactor: 65536 old_native_bytes: 70275395 new_native_bytes: 1098288 add_bytes_allowed: 34394685 is_gc_concurrent: 1 target_footprint_: 24610303 GetBytesAllocated: 14706282 HeapGrowthMultiplier: 3
12-19 21:16:09.380  3302  3740 I com.miui.home: CheckGCForNative gc_urgency 0.366069 current_native_bytes is 71373683
12-19 21:16:09.480  3302  3740 I com.miui.home: CheckGCForNative adj_start_bytes: 41676573 NativeAllocationGcWatermark: 11464895 java_gc_start_bytes: 24479231 kNewNativeDiscountFactor: 2 kOldNativeDiscountFactor: 65536 old_native_bytes: 70275395 new_native_bytes: 1065712 add_bytes_allowed: 34394685 is_gc_concurrent: 1 target_footprint_: 24610303 GetBytesAllocated: 14804318 HeapGrowthMultiplier: 3
12-19 21:16:09.480  3302  3740 I com.miui.home: CheckGCForNative gc_urgency 0.36803 current_native_bytes is 71341107
12-19 21:16:09.679  8291  8291 I wm_on_create_called: [0,213865709,com.autonavi.map.activity.NewMapActivity,performCreate,213]
12-19 21:16:09.697  8291  8291 I wm_on_start_called: [0,213865709,com.autonavi.map.activity.NewMapActivity,handleStartActivity,16]
12-19 21:16:09.707  8291  8291 I wm_on_resume_called: [0,213865709,com.autonavi.map.activity.NewMapActivity,RESUME_ACTIVITY,7]
12-19 21:16:09.804  8291  8291 I wm_on_destroy_called: [0,148965103,com.autonavi.map.activity.SplashActivity,performDestroy,1]
12-19 21:16:09.807  8291  8291 I wm_on_paused_called: [0,213865709,com.autonavi.map.activity.NewMapActivity,performPause,1]
12-19 21:16:09.994  3302  3302 I wm_on_top_resumed_lost_called: [150483655,com.miui.home.launcher.Launcher,topStateChangedWhenResumed]
12-19 21:16:10.000  3302  3302 I wm_on_paused_called: [0,150483655,com.miui.home.launcher.Launcher,performPause,3]
12-19 21:16:10.203  8291  8291 I wm_on_stop_called: [0,213865709,com.autonavi.map.activity.NewMapActivity,STOP_ACTIVITY_ITEM,6]
12-19 21:16:10.216  8291  8291 I wm_on_idle_called: com.autonavi.map.activity.NewMapActivity
12-19 21:16:10.635  3302  3740 I com.miui.home: CheckGCForNative adj_start_bytes: 41676573 NativeAllocationGcWatermark: 11464895 java_gc_start_bytes: 24479231 kNewNativeDiscountFactor: 2 kOldNativeDiscountFactor: 65536 old_native_bytes: 70275395 new_native_bytes: 1613184 add_bytes_allowed: 34394685 is_gc_concurrent: 1 target_footprint_: 24610303 GetBytesAllocated: 15515876 HeapGrowthMultiplier: 3
12-19 21:16:10.635  3302  3740 I com.miui.home: CheckGCForNative gc_urgency 0.391672 current_native_bytes is 71888579
12-19 21:16:10.709  8615  8615 I wm_on_application_create_called: [0,com.android.settings,299]
12-19 21:16:10.886  8750  8750 I wm_on_create_called: [0,117720386,fm.qingting.qtradio.WelcomeActivity,performCreate,113]
12-19 21:16:10.888  8750  8750 I wm_on_start_called: [0,117720386,fm.qingting.qtradio.WelcomeActivity,handleStartActivity,1]
12-19 21:16:10.897  8750  8750 I wm_on_resume_called: [0,117720386,fm.qingting.qtradio.WelcomeActivity,RESUME_ACTIVITY,6]
12-19 21:16:10.937  8750  8750 I wm_on_top_resumed_gained_called: [117720386,fm.qingting.qtradio.WelcomeActivity,topStateChangedWhenResumed]
12-19 21:16:10.946  3302  3740 I com.miui.home: CheckGCForNative adj_start_bytes: 41676573 NativeAllocationGcWatermark: 11464895 java_gc_start_bytes: 24479231 kNewNativeDiscountFactor: 2 kOldNativeDiscountFactor: 65536 old_native_bytes: 70275395 new_native_bytes: 1615136 add_bytes_allowed: 34394685 is_gc_concurrent: 1 target_footprint_: 24610303 GetBytesAllocated: 15636761 HeapGrowthMultiplier: 3
12-19 21:16:10.946  3302  3740 I com.miui.home: CheckGCForNative gc_urgency 0.394596 current_native_bytes is 71890531
12-19 21:16:10.991  3302  3740 I com.miui.home: CheckGCForNative adj_start_bytes: 41676573 NativeAllocationGcWatermark: 11464895 java_gc_start_bytes: 24479231 kNewNativeDiscountFactor: 2 kOldNativeDiscountFactor: 65536 old_native_bytes: 70275395 new_native_bytes: 1618464 add_bytes_allowed: 34394685 is_gc_concurrent: 1 target_footprint_: 24610303 GetBytesAllocated: 15662030 HeapGrowthMultiplier: 3
12-19 21:16:10.991  3302  3740 I com.miui.home: CheckGCForNative gc_urgency 0.395242 current_native_bytes is 71893859
12-19 21:16:11.174  3302  3302 I wm_on_stop_called: [0,150483655,com.miui.home.launcher.Launcher,STOP_ACTIVITY_ITEM,6]
12-19 21:16:11.654  8750  8750 I wm_on_idle_called: fm.qingting.qtradio.WelcomeActivity
12-19 21:16:11.845  8750  8750 I wm_on_top_resumed_lost_called: [117720386,fm.qingting.qtradio.WelcomeActivity,topStateChangedWhenResumed]
12-19 21:16:11.865  3302  3302 I wm_on_restart_called: [0,150483655,com.miui.home.launcher.Launcher,,0]
12-19 21:16:11.868  3302  3302 I wm_on_start_called: [0,150483655,com.miui.home.launcher.Launcher,handleStartActivity,2]
12-19 21:16:11.893  3302  3302 I wm_on_resume_called: [0,150483655,com.miui.home.launcher.Launcher,RESUME_ACTIVITY,23]
12-19 21:16:11.985  3302  3302 I wm_on_top_resumed_gained_called: [150483655,com.miui.home.launcher.Launcher,topStateChangedWhenResumed]
12-19 21:16:11.996  3302  3302 I wm_on_idle_called: com.miui.home.launcher.Launcher
12-19 21:16:12.313  3302  3740 I com.miui.home: CheckGCForNative adj_start_bytes: 42057484 NativeAllocationGcWatermark: 11504991 java_gc_start_bytes: 24799998 kNewNativeDiscountFactor: 2 kOldNativeDiscountFactor: 65536 old_native_bytes: 71736803 new_native_bytes: 170220 add_bytes_allowed: 34514973 is_gc_concurrent: 1 target_footprint_: 24931070 GetBytesAllocated: 13855749 HeapGrowthMultiplier: 3
12-19 21:16:12.313  3302  3740 I com.miui.home: CheckGCForNative gc_urgency 0.331498 current_native_bytes is 71907023
12-19 21:16:12.638  8750  8750 I wm_on_paused_called: [0,117720386,fm.qingting.qtradio.WelcomeActivity,performPause,59]
12-19 21:16:12.691  9046  9046 I wm_on_application_create_called: [0,com.xiaomi.bluetooth,467]
12-19 21:16:12.699  3302  3302 I com.miui.home: CheckGCForNative adj_start_bytes: 42057484 NativeAllocationGcWatermark: 11504991 java_gc_start_bytes: 24799998 kNewNativeDiscountFactor: 2 kOldNativeDiscountFactor: 65536 old_native_bytes: 71736803 new_native_bytes: 216356 add_bytes_allowed: 34514973 is_gc_concurrent: 1 target_footprint_: 24931070 GetBytesAllocated: 14097449 HeapGrowthMultiplier: 3
12-19 21:16:12.699  3302  3302 I com.miui.home: CheckGCForNative gc_urgency 0.337793 current_native_bytes is 71953159
12-19 21:16:12.831  3302  3302 I wm_on_top_resumed_lost_called: [150483655,com.miui.home.launcher.Launcher,topStateChangedWhenResumed]
12-19 21:16:12.838  3302  3302 I wm_on_paused_called: [0,150483655,com.miui.home.launcher.Launcher,performPause,3]
12-19 21:16:12.892  8750  8750 I wm_on_stop_called: [0,117720386,fm.qingting.qtradio.WelcomeActivity,STOP_ACTIVITY_ITEM,9]
12-19 21:16:13.003  3302  3354 I com.miui.home: CheckGCForNative adj_start_bytes: 42057484 NativeAllocationGcWatermark: 11504991 java_gc_start_bytes: 24799998 kNewNativeDiscountFactor: 2 kOldNativeDiscountFactor: 65536 old_native_bytes: 71736803 new_native_bytes: 402012 add_bytes_allowed: 34514973 is_gc_concurrent: 1 target_footprint_: 24931070 GetBytesAllocated: 14556295 HeapGrowthMultiplier: 3
12-19 21:16:13.003  3302  3354 I com.miui.home: CheckGCForNative gc_urgency 0.35091 current_native_bytes is 72138815
12-19 21:16:13.346  3302  3740 I com.miui.home: CheckGCForNative adj_start_bytes: 42057484 NativeAllocationGcWatermark: 11504991 java_gc_start_bytes: 24799998 kNewNativeDiscountFactor: 2 kOldNativeDiscountFactor: 65536 old_native_bytes: 71736803 new_native_bytes: 1749940 add_bytes_allowed: 34514973 is_gc_concurrent: 1 target_footprint_: 24931070 GetBytesAllocated: 14720094 HeapGrowthMultiplier: 3
12-19 21:16:13.346  3302  3740 I com.miui.home: CheckGCForNative gc_urgency 0.37083 current_native_bytes is 73486743
12-19 21:16:14.362  9250  9250 I wm_on_application_create_called: [0,com.ss.android.ugc.aweme,234]
12-19 21:16:14.727  3302  3302 I com.miui.home: CheckGCForNative adj_start_bytes: 42057484 NativeAllocationGcWatermark: 11504991 java_gc_start_bytes: 24799998 kNewNativeDiscountFactor: 2 kOldNativeDiscountFactor: 65536 old_native_bytes: 71736803 new_native_bytes: 1755984 add_bytes_allowed: 34514973 is_gc_concurrent: 1 target_footprint_: 24931070 GetBytesAllocated: 15108543 HeapGrowthMultiplier: 3
12-19 21:16:14.727  3302  3302 I com.miui.home: CheckGCForNative gc_urgency 0.380138 current_native_bytes is 73492787
12-19 21:16:14.781  3302  3302 I wm_on_resume_called: [0,150483655,com.miui.home.launcher.Launcher,RESUME_ACTIVITY,22]
12-19 21:16:14.800  3302  3302 I wm_on_idle_called: com.miui.home.launcher.Launcher
12-19 21:16:14.911  9250  9250 I wm_on_create_called: [0,70598419,com.ss.android.ugc.aweme.splash.SplashActivity,performCreate,527]
12-19 21:16:14.918  3302  3740 I com.miui.home: CheckGCForNative adj_start_bytes: 42057484 NativeAllocationGcWatermark: 11504991 java_gc_start_bytes: 24799998 kNewNativeDiscountFactor: 2 kOldNativeDiscountFactor: 65536 old_native_bytes: 71736803 new_native_bytes: 1821004 add_bytes_allowed: 34514973 is_gc_concurrent: 1 target_footprint_: 24931070 GetBytesAllocated: 15646204 HeapGrowthMultiplier: 3
12-19 21:16:14.919  3302  3740 I com.miui.home: CheckGCForNative gc_urgency 0.393694 current_native_bytes is 73557807
12-19 21:16:15.186  3302  3302 I wm_on_top_resumed_gained_called: [150483655,com.miui.home.launcher.Launcher,topStateChangedWhenResumed]
12-19 21:16:15.274  3302  3740 I com.miui.home: CheckGCForNative adj_start_bytes: 42057484 NativeAllocationGcWatermark: 11504991 java_gc_start_bytes: 24799998 kNewNativeDiscountFactor: 2 kOldNativeDiscountFactor: 65536 old_native_bytes: 71736803 new_native_bytes: 1808044 add_bytes_allowed: 34514973 is_gc_concurrent: 1 target_footprint_: 24931070 GetBytesAllocated: 16340172 HeapGrowthMultiplier: 3
12-19 21:16:15.274  3302  3740 I com.miui.home: CheckGCForNative gc_urgency 0.410041 current_native_bytes is 73544847
12-19 21:16:15.283  9250  9250 I wm_on_start_called: [0,70598419,com.ss.android.ugc.aweme.splash.SplashActivity,handleStartActivity,365]
12-19 21:16:15.451  9250  9250 I wm_on_resume_called: [0,70598419,com.ss.android.ugc.aweme.splash.SplashActivity,RESUME_ACTIVITY,143]
12-19 21:16:15.600  3302  3302 I wm_on_top_resumed_lost_called: [150483655,com.miui.home.launcher.Launcher,topStateChangedWhenResumed]
12-19 21:16:15.871  3302  3302 I wm_on_paused_called: [0,150483655,com.miui.home.launcher.Launcher,performPause,3]
12-19 21:16:16.057  3302  6181 I com.miui.home: CheckGCForNative adj_start_bytes: 42057484 NativeAllocationGcWatermark: 11504991 java_gc_start_bytes: 24799998 kNewNativeDiscountFactor: 2 kOldNativeDiscountFactor: 65536 old_native_bytes: 71736803 new_native_bytes: 2261924 add_bytes_allowed: 34514973 is_gc_concurrent: 1 target_footprint_: 24931070 GetBytesAllocated: 16945607 HeapGrowthMultiplier: 3
12-19 21:16:16.057  3302  6181 I com.miui.home: CheckGCForNative gc_urgency 0.429832 current_native_bytes is 73998727
12-19 21:16:16.196  3302  3740 I com.miui.home: CheckGCForNative adj_start_bytes: 42057484 NativeAllocationGcWatermark: 11504991 java_gc_start_bytes: 24799998 kNewNativeDiscountFactor: 2 kOldNativeDiscountFactor: 65536 old_native_bytes: 71736803 new_native_bytes: 2668148 add_bytes_allowed: 34514973 is_gc_concurrent: 1 target_footprint_: 24931070 GetBytesAllocated: 17046537 HeapGrowthMultiplier: 3
12-19 21:16:16.196  3302  3740 I com.miui.home: CheckGCForNative gc_urgency 0.437061 current_native_bytes is 74404951
12-19 21:16:16.552  3302  3740 I com.miui.home: CheckGCForNative adj_start_bytes: 42057484 NativeAllocationGcWatermark: 11504991 java_gc_start_bytes: 24799998 kNewNativeDiscountFactor: 2 kOldNativeDiscountFactor: 65536 old_native_bytes: 71736803 new_native_bytes: 2643132 add_bytes_allowed: 34514973 is_gc_concurrent: 1 target_footprint_: 24931070 GetBytesAllocated: 17169289 HeapGrowthMultiplier: 3
12-19 21:16:16.552  3302  3740 I com.miui.home: CheckGCForNative gc_urgency 0.439683 current_native_bytes is 74379935
12-19 21:16:16.793  9712  9712 I wm_on_create_called: [0,234786019,com.eg.android.AlipayGphone.AlipayLogin,performCreate,116]
12-19 21:16:16.797  9712  9712 I wm_on_start_called: [0,234786019,com.eg.android.AlipayGphone.AlipayLogin,handleStartActivity,4]
12-19 21:16:16.804  9712  9712 I wm_on_resume_called: [0,234786019,com.eg.android.AlipayGphone.AlipayLogin,RESUME_ACTIVITY,5]
12-19 21:16:16.840  9712  9712 I wm_on_top_resumed_gained_called: [234786019,com.eg.android.AlipayGphone.AlipayLogin,topStateChangedWhenResumed]
12-19 21:16:17.332  3302  3302 I wm_on_stop_called: [0,150483655,com.miui.home.launcher.Launcher,STOP_ACTIVITY_ITEM,8]
12-19 21:16:17.536  3302  3302 I wm_on_restart_called: [0,150483655,com.miui.home.launcher.Launcher,,0]
12-19 21:16:17.538  3302  3302 I wm_on_start_called: [0,150483655,com.miui.home.launcher.Launcher,handleStartActivity,2]
12-19 21:16:17.561  3302  3302 I wm_on_resume_called: [0,150483655,com.miui.home.launcher.Launcher,RESUME_ACTIVITY,21]
12-19 21:16:17.661  3302  3302 I wm_on_idle_called: com.miui.home.launcher.Launcher
12-19 21:16:17.724  3302  3740 I com.miui.home: CheckGCForNative adj_start_bytes: 42307210 NativeAllocationGcWatermark: 11531278 java_gc_start_bytes: 25010293 kNewNativeDiscountFactor: 2 kOldNativeDiscountFactor: 65536 old_native_bytes: 74181023 new_native_bytes: 2880 add_bytes_allowed: 34593834 is_gc_concurrent: 1 target_footprint_: 25141365 GetBytesAllocated: 13609465 HeapGrowthMultiplier: 3
12-19 21:16:17.724  3302  3740 I com.miui.home: CheckGCForNative gc_urgency 0.321743 current_native_bytes is 74183903
12-19 21:16:17.726  9942  9942 I wm_on_application_create_called: [0,com.eg.android.AlipayGphone,238]
12-19 21:16:17.891  3302  3740 I com.miui.home: CheckGCForNative gc_urgency 0 current_native_bytes is 74148159
12-19 21:16:18.026  3302  3302 I wm_on_top_resumed_gained_called: [150483655,com.miui.home.launcher.Launcher,topStateChangedWhenResumed]
12-19 21:16:18.335  9712  9712 I wm_on_top_resumed_lost_called: [234786019,com.eg.android.AlipayGphone.AlipayLogin,topStateChangedWhenResumed]
12-19 21:16:18.658  3302  3714 I com.miui.home: CheckGCForNative gc_urgency 0 current_native_bytes is 73980375
12-19 21:16:18.701  3302  3302 I wm_on_top_resumed_lost_called: [150483655,com.miui.home.launcher.Launcher,topStateChangedWhenResumed]
12-19 21:16:18.724  3302  3302 I wm_on_paused_called: [0,150483655,com.miui.home.launcher.Launcher,performPause,3]
12-19 21:16:19.124  3302  3740 I com.miui.home: CheckGCForNative adj_start_bytes: 42307210 NativeAllocationGcWatermark: 11531278 java_gc_start_bytes: 25010293 kNewNativeDiscountFactor: 2 kOldNativeDiscountFactor: 65536 old_native_bytes: 73980375 new_native_bytes: 160760 add_bytes_allowed: 34593834 is_gc_concurrent: 1 target_footprint_: 25141365 GetBytesAllocated: 14844664 HeapGrowthMultiplier: 3
12-19 21:16:19.124  3302  3740 I com.miui.home: CheckGCForNative gc_urgency 0.352804 current_native_bytes is 74141135
12-19 21:16:19.258  3302  3740 I com.miui.home: CheckGCForNative adj_start_bytes: 42307210 NativeAllocationGcWatermark: 11531278 java_gc_start_bytes: 25010293 kNewNativeDiscountFactor: 2 kOldNativeDiscountFactor: 65536 old_native_bytes: 73980375 new_native_bytes: 172160 add_bytes_allowed: 34593834 is_gc_concurrent: 1 target_footprint_: 25141365 GetBytesAllocated: 14889668 HeapGrowthMultiplier: 3
12-19 21:16:19.258  3302  3740 I com.miui.home: CheckGCForNative gc_urgency 0.354003 current_native_bytes is 74152535
12-19 21:16:19.386 10322 10322 I wm_on_create_called: [0,225074372,com.xunmeng.pinduoduo.ui.activity.MainFrameActivity,performCreate,66]
12-19 21:16:19.484  9712  9712 I wm_on_paused_called: [0,234786019,com.eg.android.AlipayGphone.AlipayLogin,performPause,30]
12-19 21:16:19.542 10322 10322 I wm_on_create_called: [0,22687265,com.xunmeng.pinduoduo.ui.activity.HomeActivity,performCreate,47]
12-19 21:16:19.591 10322 10322 I wm_on_start_called: [0,22687265,com.xunmeng.pinduoduo.ui.activity.HomeActivity,handleStartActivity,48]
12-19 21:16:19.601 10322 10322 I wm_on_resume_called: [0,22687265,com.xunmeng.pinduoduo.ui.activity.HomeActivity,RESUME_ACTIVITY,8]
12-19 21:16:19.631  9712  9712 I wm_on_stop_called: [0,234786019,com.eg.android.AlipayGphone.AlipayLogin,STOP_ACTIVITY_ITEM,32]
12-19 21:16:19.804 10322 10322 I wm_on_top_resumed_gained_called: [22687265,com.xunmeng.pinduoduo.ui.activity.HomeActivity,topStateChangedWhenResumed]
12-19 21:16:19.845  9712  9712 I wm_on_idle_called: com.eg.android.AlipayGphone.AlipayLogin
12-19 21:16:19.857  3302  3302 I wm_on_stop_called: [0,150483655,com.miui.home.launcher.Launcher,STOP_ACTIVITY_ITEM,4]
12-19 21:16:20.223 10322 10322 I wm_on_destroy_called: [0,225074372,com.xunmeng.pinduoduo.ui.activity.MainFrameActivity,performDestroy,2]
12-19 21:16:20.476  3302  3302 I wm_on_restart_called: [0,150483655,com.miui.home.launcher.Launcher,,0]
12-19 21:16:20.478  3302  3302 I wm_on_start_called: [0,150483655,com.miui.home.launcher.Launcher,handleStartActivity,2]
12-19 21:16:20.501  3302  3302 I wm_on_resume_called: [0,150483655,com.miui.home.launcher.Launcher,RESUME_ACTIVITY,21]
12-19 21:16:20.585  3302  3302 I wm_on_idle_called: com.miui.home.launcher.Launcher
12-19 21:16:20.594 10322 10322 I wm_on_top_resumed_lost_called: [22687265,com.xunmeng.pinduoduo.ui.activity.HomeActivity,topStateChangedWhenResumed]
12-19 21:16:20.600  3302  3302 I wm_on_top_resumed_gained_called: [150483655,com.miui.home.launcher.Launcher,topStateChangedWhenResumed]
12-19 21:16:20.630 10322 10322 I wm_on_idle_called: com.xunmeng.pinduoduo.ui.activity.HomeActivity
12-19 21:16:20.752  3302  3740 I com.miui.home: CheckGCForNative adj_start_bytes: 42067040 NativeAllocationGcWatermark: 11505997 java_gc_start_bytes: 24808045 kNewNativeDiscountFactor: 2 kOldNativeDiscountFactor: 65536 old_native_bytes: 73854479 new_native_bytes: 162408 add_bytes_allowed: 34517991 is_gc_concurrent: 1 target_footprint_: 24939117 GetBytesAllocated: 13394941 HeapGrowthMultiplier: 3
12-19 21:16:20.752  3302  3740 I com.miui.home: CheckGCForNative gc_urgency 0.320376 current_native_bytes is 74016887
12-19 21:16:20.880  3302  3740 I com.miui.home: CheckGCForNative adj_start_bytes: 42067040 NativeAllocationGcWatermark: 11505997 java_gc_start_bytes: 24808045 kNewNativeDiscountFactor: 2 kOldNativeDiscountFactor: 65536 old_native_bytes: 73854479 new_native_bytes: 284936 add_bytes_allowed: 34517991 is_gc_concurrent: 1 target_footprint_: 24939117 GetBytesAllocated: 13530230 HeapGrowthMultiplier: 3
12-19 21:16:20.880  3302  3740 I com.miui.home: CheckGCForNative gc_urgency 0.325048 current_native_bytes is 74139415
12-19 21:16:21.069  3302  3740 I com.miui.home: CheckGCForNative adj_start_bytes: 42067040 NativeAllocationGcWatermark: 11505997 java_gc_start_bytes: 24808045 kNewNativeDiscountFactor: 2 kOldNativeDiscountFactor: 65536 old_native_bytes: 73854479 new_native_bytes: 301512 add_bytes_allowed: 34517991 is_gc_concurrent: 1 target_footprint_: 24939117 GetBytesAllocated: 14038589 HeapGrowthMultiplier: 3
12-19 21:16:21.069  3302  3740 I com.miui.home: CheckGCForNative gc_urgency 0.33733 current_native_bytes is 74155991
12-19 21:16:21.272 10322 10322 I wm_on_paused_called: [0,22687265,com.xunmeng.pinduoduo.ui.activity.HomeActivity,performPause,17]
12-19 21:16:21.455  3302  3302 I wm_on_top_resumed_lost_called: [150483655,com.miui.home.launcher.Launcher,topStateChangedWhenResumed]
12-19 21:16:21.462  3302  3302 I wm_on_paused_called: [0,150483655,com.miui.home.launcher.Launcher,performPause,3]
12-19 21:16:21.991  3302  3740 I com.miui.home: CheckGCForNative adj_start_bytes: 42067040 NativeAllocationGcWatermark: 11505997 java_gc_start_bytes: 24808045 kNewNativeDiscountFactor: 2 kOldNativeDiscountFactor: 65536 old_native_bytes: 73854479 new_native_bytes: 404824 add_bytes_allowed: 34517991 is_gc_concurrent: 1 target_footprint_: 24939117 GetBytesAllocated: 14856473 HeapGrowthMultiplier: 3
12-19 21:16:21.991  3302  3740 I com.miui.home: CheckGCForNative gc_urgency 0.358 current_native_bytes is 74259303
12-19 21:16:22.183 10322 10322 I wm_on_stop_called: [0,22687265,com.xunmeng.pinduoduo.ui.activity.HomeActivity,STOP_ACTIVITY_ITEM,159]
12-19 21:16:22.202  3302  3740 I com.miui.home: CheckGCForNative adj_start_bytes: 42067040 NativeAllocationGcWatermark: 11505997 java_gc_start_bytes: 24808045 kNewNativeDiscountFactor: 2 kOldNativeDiscountFactor: 65536 old_native_bytes: 73854479 new_native_bytes: 424208 add_bytes_allowed: 34517991 is_gc_concurrent: 1 target_footprint_: 24939117 GetBytesAllocated: 14920210 HeapGrowthMultiplier: 3
12-19 21:16:22.202  3302  3740 I com.miui.home: CheckGCForNative gc_urgency 0.359746 current_native_bytes is 74278687
12-19 21:16:22.347  3302  3740 I com.miui.home: CheckGCForNative adj_start_bytes: 42067040 NativeAllocationGcWatermark: 11505997 java_gc_start_bytes: 24808045 kNewNativeDiscountFactor: 2 kOldNativeDiscountFactor: 65536 old_native_bytes: 73854479 new_native_bytes: 431632 add_bytes_allowed: 34517991 is_gc_concurrent: 1 target_footprint_: 24939117 GetBytesAllocated: 14967922 HeapGrowthMultiplier: 3
12-19 21:16:22.347  3302  3740 I com.miui.home: CheckGCForNative gc_urgency 0.360968 current_native_bytes is 74286111
12-19 21:16:23.130 10778 10778 I wm_on_application_create_called: [0,com.smile.gifmaker,569]
12-19 21:16:23.166 10238 10238 I wm_on_application_create_called: [0,com.xiaomi.market,4193]
12-19 21:16:23.487  3302  3302 I wm_on_resume_called: [0,150483655,com.miui.home.launcher.Launcher,RESUME_ACTIVITY,19]
12-19 21:16:23.508  3302  3302 I wm_on_idle_called: com.miui.home.launcher.Launcher
12-19 21:16:23.780  3302  3740 I com.miui.home: CheckGCForNative adj_start_bytes: 42067040 NativeAllocationGcWatermark: 11505997 java_gc_start_bytes: 24808045 kNewNativeDiscountFactor: 2 kOldNativeDiscountFactor: 65536 old_native_bytes: 73854479 new_native_bytes: 590232 add_bytes_allowed: 34517991 is_gc_concurrent: 1 target_footprint_: 24939117 GetBytesAllocated: 16002209 HeapGrowthMultiplier: 3
12-19 21:16:23.780  3302  3740 I com.miui.home: CheckGCForNative gc_urgency 0.38744 current_native_bytes is 74444711
12-19 21:16:23.791  3302  3740 I com.miui.home: CheckGCForNative adj_start_bytes: 42067040 NativeAllocationGcWatermark: 11505997 java_gc_start_bytes: 24808045 kNewNativeDiscountFactor: 2 kOldNativeDiscountFactor: 65536 old_native_bytes: 73854479 new_native_bytes: 590680 add_bytes_allowed: 34517991 is_gc_concurrent: 1 target_footprint_: 24939117 GetBytesAllocated: 16002209 HeapGrowthMultiplier: 3
12-19 21:16:23.791  3302  3740 I com.miui.home: CheckGCForNative gc_urgency 0.387445 current_native_bytes is 74445159
12-19 21:16:23.901  3302  3302 I wm_on_top_resumed_gained_called: [150483655,com.miui.home.launcher.Launcher,topStateChangedWhenResumed]
12-19 21:16:24.147  3302  3740 I com.miui.home: CheckGCForNative adj_start_bytes: 42067040 NativeAllocationGcWatermark: 11505997 java_gc_start_bytes: 24808045 kNewNativeDiscountFactor: 2 kOldNativeDiscountFactor: 65536 old_native_bytes: 73854479 new_native_bytes: 603880 add_bytes_allowed: 34517991 is_gc_concurrent: 1 target_footprint_: 24939117 GetBytesAllocated: 16170766 HeapGrowthMultiplier: 3
12-19 21:16:24.147  3302  3740 I com.miui.home: CheckGCForNative gc_urgency 0.391609 current_native_bytes is 74458359
12-19 21:16:24.341 11046 11046 I wm_on_application_create_called: [0,com.xunmeng.pinduoduo,222]
12-19 21:16:24.375 10882 10882 I wm_on_application_create_called: [0,com.eg.android.AlipayGphone,480]
12-19 21:16:24.401  3302  3673 I com.miui.home: CheckGCForNative adj_start_bytes: 42067040 NativeAllocationGcWatermark: 11505997 java_gc_start_bytes: 24808045 kNewNativeDiscountFactor: 2 kOldNativeDiscountFactor: 65536 old_native_bytes: 73854479 new_native_bytes: 889128 add_bytes_allowed: 34517991 is_gc_concurrent: 1 target_footprint_: 24939117 GetBytesAllocated: 16392534 HeapGrowthMultiplier: 3
12-19 21:16:24.401  3302  3673 I com.miui.home: CheckGCForNative gc_urgency 0.400271 current_native_bytes is 74743607
12-19 21:16:24.427  3302  3673 I com.miui.home: CheckGCForNative adj_start_bytes: 42067040 NativeAllocationGcWatermark: 11505997 java_gc_start_bytes: 24808045 kNewNativeDiscountFactor: 2 kOldNativeDiscountFactor: 65536 old_native_bytes: 73854479 new_native_bytes: 1285480 add_bytes_allowed: 34517991 is_gc_concurrent: 1 target_footprint_: 24939117 GetBytesAllocated: 16392534 HeapGrowthMultiplier: 3
12-19 21:16:24.427  3302  3673 I com.miui.home: CheckGCForNative gc_urgency 0.404982 current_native_bytes is 75139959
12-19 21:16:24.434  3302  3302 I wm_on_top_resumed_lost_called: [150483655,com.miui.home.launcher.Launcher,topStateChangedWhenResumed]
12-19 21:16:24.756  3302  3302 I com.miui.home: CheckGCForNative adj_start_bytes: 42067040 NativeAllocationGcWatermark: 11505997 java_gc_start_bytes: 24808045 kNewNativeDiscountFactor: 2 kOldNativeDiscountFactor: 65536 old_native_bytes: 73854479 new_native_bytes: 1972904 add_bytes_allowed: 34517991 is_gc_concurrent: 1 target_footprint_: 24939117 GetBytesAllocated: 16734955 HeapGrowthMultiplier: 3
12-19 21:16:24.756  3302  3302 I com.miui.home: CheckGCForNative gc_urgency 0.421293 current_native_bytes is 75827383
12-19 21:16:24.802 10778 10778 I wm_on_create_called: [0,71850778,com.yxcorp.gifshow.HomeActivity,performCreate,1631]
12-19 21:16:24.949  3302  3302 I wm_on_paused_called: [0,150483655,com.miui.home.launcher.Launcher,performPause,3]
12-19 21:16:25.024  3302  3740 I com.miui.home: CheckGCForNative adj_start_bytes: 42067040 NativeAllocationGcWatermark: 11505997 java_gc_start_bytes: 24808045 kNewNativeDiscountFactor: 2 kOldNativeDiscountFactor: 65536 old_native_bytes: 73854479 new_native_bytes: 2127160 add_bytes_allowed: 34517991 is_gc_concurrent: 1 target_footprint_: 24939117 GetBytesAllocated: 16915544 HeapGrowthMultiplier: 3
12-19 21:16:25.025  3302  3740 I com.miui.home: CheckGCForNative gc_urgency 0.427419 current_native_bytes is 75981639
12-19 21:16:25.036  3302  3740 I com.miui.home: CheckGCForNative adj_start_bytes: 42067040 NativeAllocationGcWatermark: 11505997 java_gc_start_bytes: 24808045 kNewNativeDiscountFactor: 2 kOldNativeDiscountFactor: 65536 old_native_bytes: 73854479 new_native_bytes: 2128440 add_bytes_allowed: 34517991 is_gc_concurrent: 1 target_footprint_: 24939117 GetBytesAllocated: 16925414 HeapGrowthMultiplier: 3
12-19 21:16:25.036  3302  3740 I com.miui.home: CheckGCForNative gc_urgency 0.427669 current_native_bytes is 75982919
12-19 21:16:26.317 11392 11392 I wm_on_application_create_called: [0,com.tencent.qqlive,234]
12-19 21:16:26.382  3302  3302 I wm_on_resume_called: [0,150483655,com.miui.home.launcher.Launcher,RESUME_ACTIVITY,21]
12-19 21:16:26.404  3302  3302 I wm_on_idle_called: com.miui.home.launcher.Launcher
12-19 21:16:26.439  3302  3714 I com.miui.home: CheckGCForNative adj_start_bytes: 42067040 NativeAllocationGcWatermark: 11505997 java_gc_start_bytes: 24808045 kNewNativeDiscountFactor: 2 kOldNativeDiscountFactor: 65536 old_native_bytes: 73854479 new_native_bytes: 2088228 add_bytes_allowed: 34517991 is_gc_concurrent: 1 target_footprint_: 24939117 GetBytesAllocated: 18029275 HeapGrowthMultiplier: 3
12-19 21:16:26.440  3302  3714 I com.miui.home: CheckGCForNative gc_urgency 0.453431 current_native_bytes is 75942707
12-19 21:16:26.671  8750  8750 I wm_on_destroy_called: [0,117720386,fm.qingting.qtradio.WelcomeActivity,performDestroy,19]
12-19 21:16:26.757  3302  3302 I wm_on_top_resumed_gained_called: [150483655,com.miui.home.launcher.Launcher,topStateChangedWhenResumed]
12-19 21:16:26.769  3302  3740 I com.miui.home: CheckGCForNative adj_start_bytes: 42067040 NativeAllocationGcWatermark: 11505997 java_gc_start_bytes: 24808045 kNewNativeDiscountFactor: 2 kOldNativeDiscountFactor: 65536 old_native_bytes: 73854479 new_native_bytes: 2118748 add_bytes_allowed: 34517991 is_gc_concurrent: 1 target_footprint_: 24939117 GetBytesAllocated: 18265072 HeapGrowthMultiplier: 3
12-19 21:16:26.769  3302  3740 I com.miui.home: CheckGCForNative gc_urgency 0.459399 current_native_bytes is 75973227
12-19 21:16:26.869  3302  3740 I com.miui.home: CheckGCForNative adj_start_bytes: 42067040 NativeAllocationGcWatermark: 11505997 java_gc_start_bytes: 24808045 kNewNativeDiscountFactor: 2 kOldNativeDiscountFactor: 65536 old_native_bytes: 73854479 new_native_bytes: 2125404 add_bytes_allowed: 34517991 is_gc_concurrent: 1 target_footprint_: 24939117 GetBytesAllocated: 18302029 HeapGrowthMultiplier: 3
12-19 21:16:26.869  3302  3740 I com.miui.home: CheckGCForNative gc_urgency 0.460357 current_native_bytes is 75979883
12-19 21:16:27.337  3302  3302 I wm_on_top_resumed_lost_called: [150483655,com.miui.home.launcher.Launcher,topStateChangedWhenResumed]
12-19 21:16:27.569  3302  3302 I wm_on_paused_called: [0,150483655,com.miui.home.launcher.Launcher,performPause,3]
12-19 21:16:27.980  3302  3740 I com.miui.home: CheckGCForNative adj_start_bytes: 42067040 NativeAllocationGcWatermark: 11505997 java_gc_start_bytes: 24808045 kNewNativeDiscountFactor: 2 kOldNativeDiscountFactor: 65536 old_native_bytes: 73854479 new_native_bytes: 2440044 add_bytes_allowed: 34517991 is_gc_concurrent: 1 target_footprint_: 24939117 GetBytesAllocated: 18968821 HeapGrowthMultiplier: 3
12-19 21:16:27.980  3302  3740 I com.miui.home: CheckGCForNative gc_urgency 0.479947 current_native_bytes is 76294523
12-19 21:16:28.291  3302  3740 I com.miui.home: CheckGCForNative adj_start_bytes: 42067040 NativeAllocationGcWatermark: 11505997 java_gc_start_bytes: 24808045 kNewNativeDiscountFactor: 2 kOldNativeDiscountFactor: 65536 old_native_bytes: 73854479 new_native_bytes: 2405316 add_bytes_allowed: 34517991 is_gc_concurrent: 1 target_footprint_: 24939117 GetBytesAllocated: 19080174 HeapGrowthMultiplier: 3
12-19 21:16:28.291  3302  3740 I com.miui.home: CheckGCForNative gc_urgency 0.482182 current_native_bytes is 76259795
12-19 21:16:28.336  3302  3740 I com.miui.home: CheckGCForNative adj_start_bytes: 42067040 NativeAllocationGcWatermark: 11505997 java_gc_start_bytes: 24808045 kNewNativeDiscountFactor: 2 kOldNativeDiscountFactor: 65536 old_native_bytes: 73854479 new_native_bytes: 2407364 add_bytes_allowed: 34517991 is_gc_concurrent: 1 target_footprint_: 24939117 GetBytesAllocated: 19088490 HeapGrowthMultiplier: 3
12-19 21:16:28.336  3302  3740 I com.miui.home: CheckGCForNative gc_urgency 0.482404 current_native_bytes is 76261843
12-19 21:16:28.527 12086 12086 I wm_on_create_called: [0,90165388,com.tencent.mobileqq.activity.SplashActivity,performCreate,100]
12-19 21:16:28.646 12086 12086 I wm_on_start_called: [0,90165388,com.tencent.mobileqq.activity.SplashActivity,handleStartActivity,115]
12-19 21:16:28.661 12086 12086 I wm_on_resume_called: [0,90165388,com.tencent.mobileqq.activity.SplashActivity,RESUME_ACTIVITY,14]
12-19 21:16:28.759 12086 12086 I wm_on_top_resumed_gained_called: [90165388,com.tencent.mobileqq.activity.SplashActivity,topStateChangedWhenResumed]
12-19 21:16:28.994 12086 12086 I wm_on_idle_called: com.tencent.mobileqq.activity.SplashActivity
12-19 21:16:29.026  3302  3302 I wm_on_stop_called: [0,150483655,com.miui.home.launcher.Launcher,STOP_ACTIVITY_ITEM,6]
12-19 21:16:29.136 12086 12086 I wm_on_top_resumed_lost_called: [90165388,com.tencent.mobileqq.activity.SplashActivity,topStateChangedWhenResumed]
12-19 21:16:29.160 12086 12086 I wm_on_paused_called: [0,90165388,com.tencent.mobileqq.activity.SplashActivity,performPause,1]
12-19 21:16:29.270 12086 12086 I wm_on_create_called: [0,170536189,com.tencent.mobileqq.activity.LoginActivity,performCreate,58]
12-19 21:16:29.310 12086 12086 I wm_on_start_called: [0,170536189,com.tencent.mobileqq.activity.LoginActivity,handleStartActivity,39]
12-19 21:16:29.316 12086 12086 I wm_on_resume_called: [0,170536189,com.tencent.mobileqq.activity.LoginActivity,RESUME_ACTIVITY,6]
12-19 21:16:29.346  3302  3302 I wm_on_restart_called: [0,150483655,com.miui.home.launcher.Launcher,,0]
12-19 21:16:29.348  3302  3302 I wm_on_start_called: [0,150483655,com.miui.home.launcher.Launcher,handleStartActivity,2]
12-19 21:16:29.370  3302  3302 I wm_on_resume_called: [0,150483655,com.miui.home.launcher.Launcher,RESUME_ACTIVITY,19]
12-19 21:16:29.385 12086 12086 I wm_on_top_resumed_gained_called: [170536189,com.tencent.mobileqq.activity.LoginActivity,topStateChangedWhenResumed]
12-19 21:16:29.472  3302  3302 I wm_on_idle_called: com.miui.home.launcher.Launcher
12-19 21:16:29.535 12086 12086 I wm_on_top_resumed_lost_called: [170536189,com.tencent.mobileqq.activity.LoginActivity,topStateChangedWhenResumed]
12-19 21:16:29.542  3302  3302 I wm_on_top_resumed_gained_called: [150483655,com.miui.home.launcher.Launcher,topStateChangedWhenResumed]
12-19 21:16:29.558 12086 12086 I wm_on_idle_called: com.tencent.mobileqq.activity.LoginActivity
12-19 21:16:29.702  3302  3740 I com.miui.home: CheckGCForNative gc_urgency 0 current_native_bytes is 74415563
12-19 21:16:29.825  3302  3740 I com.miui.home: CheckGCForNative adj_start_bytes: 42514012 NativeAllocationGcWatermark: 11564150 java_gc_start_bytes: 25167787 kNewNativeDiscountFactor: 2 kOldNativeDiscountFactor: 65536 old_native_bytes: 74415563 new_native_bytes: 11840 add_bytes_allowed: 34692450 is_gc_concurrent: 1 target_footprint_: 25404343 GetBytesAllocated: 14386964 HeapGrowthMultiplier: 3
12-19 21:16:29.825  3302  3740 I com.miui.home: CheckGCForNative gc_urgency 0.338571 current_native_bytes is 74427403
12-19 21:16:30.047  3302  3740 I com.miui.home: CheckGCForNative adj_start_bytes: 42514012 NativeAllocationGcWatermark: 11564150 java_gc_start_bytes: 25167787 kNewNativeDiscountFactor: 2 kOldNativeDiscountFactor: 65536 old_native_bytes: 74415563 new_native_bytes: 32624 add_bytes_allowed: 34692450 is_gc_concurrent: 1 target_footprint_: 25404343 GetBytesAllocated: 14467667 HeapGrowthMultiplier: 3
12-19 21:16:30.047  3302  3740 I com.miui.home: CheckGCForNative gc_urgency 0.340714 current_native_bytes is 74448187
12-19 21:16:30.131 12086 12086 I wm_on_paused_called: [0,170536189,com.tencent.mobileqq.activity.LoginActivity,performPause,7]
12-19 21:16:30.269 12086 12086 I wm_on_stop_called: [0,90165388,com.tencent.mobileqq.activity.SplashActivity,LIFECYCLER_STOP_ACTIVITY,9]
12-19 21:16:30.297 12086 12086 I wm_on_destroy_called: [0,90165388,com.tencent.mobileqq.activity.SplashActivity,performDestroy,26]
12-19 21:16:30.330 12086 12086 I wm_on_stop_called: [0,170536189,com.tencent.mobileqq.activity.LoginActivity,STOP_ACTIVITY_ITEM,15]
12-19 21:16:30.609  3302  3302 I wm_on_top_resumed_lost_called: [150483655,com.miui.home.launcher.Launcher,topStateChangedWhenResumed]
12-19 21:16:30.615  3302  3302 I wm_on_paused_called: [0,150483655,com.miui.home.launcher.Launcher,performPause,3]
12-19 21:16:30.935  3302  3740 I com.miui.home: CheckGCForNative adj_start_bytes: 42514012 NativeAllocationGcWatermark: 11564150 java_gc_start_bytes: 25167787 kNewNativeDiscountFactor: 2 kOldNativeDiscountFactor: 65536 old_native_bytes: 74415563 new_native_bytes: 509536 add_bytes_allowed: 34692450 is_gc_concurrent: 1 target_footprint_: 25404343 GetBytesAllocated: 15193994 HeapGrowthMultiplier: 3
12-19 21:16:30.935  3302  3740 I com.miui.home: CheckGCForNative gc_urgency 0.363407 current_native_bytes is 74925099
12-19 21:16:31.124  3302  3740 I com.miui.home: CheckGCForNative adj_start_bytes: 42514012 NativeAllocationGcWatermark: 11564150 java_gc_start_bytes: 25167787 kNewNativeDiscountFactor: 2 kOldNativeDiscountFactor: 65536 old_native_bytes: 74415563 new_native_bytes: 527488 add_bytes_allowed: 34692450 is_gc_concurrent: 1 target_footprint_: 25404343 GetBytesAllocated: 15251551 HeapGrowthMultiplier: 3
12-19 21:16:31.125  3302  3740 I com.miui.home: CheckGCForNative gc_urgency 0.364972 current_native_bytes is 74943051
12-19 21:16:31.859 12623 12623 I wm_on_application_create_called: [0,com.dragon.read,633]
12-19 21:16:31.975 12623 12623 I wm_on_create_called: [0,267594450,com.dragon.read.pages.splash.SplashActivity,performCreate,61]
12-19 21:16:32.002 12623 12623 I wm_on_start_called: [0,267594450,com.dragon.read.pages.splash.SplashActivity,handleStartActivity,27]
12-19 21:16:32.085 12623 12623 I wm_on_resume_called: [0,267594450,com.dragon.read.pages.splash.SplashActivity,RESUME_ACTIVITY,81]
12-19 21:16:32.087 12623 12623 I wm_on_top_resumed_gained_called: [267594450,com.dragon.read.pages.splash.SplashActivity,topStateChangedWhenResumed]
12-19 21:16:32.178 12623 12623 I wm_on_top_resumed_lost_called: [267594450,com.dragon.read.pages.splash.SplashActivity,topStateChangedWhenResumed]
12-19 21:16:32.221 12623 12623 I wm_on_paused_called: [0,267594450,com.dragon.read.pages.splash.SplashActivity,performPause,43]
12-19 21:16:32.279  3302  3302 I com.miui.home: CheckGCForNative adj_start_bytes: 42514012 NativeAllocationGcWatermark: 11564150 java_gc_start_bytes: 25167787 kNewNativeDiscountFactor: 2 kOldNativeDiscountFactor: 65536 old_native_bytes: 74415563 new_native_bytes: 220716 add_bytes_allowed: 34692450 is_gc_concurrent: 1 target_footprint_: 25404343 GetBytesAllocated: 15920579 HeapGrowthMultiplier: 3
12-19 21:16:32.279  3302  3302 I com.miui.home: CheckGCForNative gc_urgency 0.377101 current_native_bytes is 74636279
12-19 21:16:32.330  3302  3302 I wm_on_resume_called: [0,150483655,com.miui.home.launcher.Launcher,RESUME_ACTIVITY,19]
12-19 21:16:32.347  3302  3302 I wm_on_idle_called: com.miui.home.launcher.Launcher
12-19 21:16:32.467 12623 12623 I wm_on_create_called: [0,215410130,com.dragon.read.pages.interest.PreferenceActivity,performCreate,40]
12-19 21:16:32.470 12623 12623 I wm_on_start_called: [0,215410130,com.dragon.read.pages.interest.PreferenceActivity,handleStartActivity,3]
12-19 21:16:32.534 12623 12623 I wm_on_resume_called: [0,215410130,com.dragon.read.pages.interest.PreferenceActivity,RESUME_ACTIVITY,63]
12-19 21:16:32.568 12623 12623 I wm_on_top_resumed_gained_called: [215410130,com.dragon.read.pages.interest.PreferenceActivity,topStateChangedWhenResumed]
12-19 21:16:32.569 12623 12623 I wm_on_top_resumed_lost_called: [215410130,com.dragon.read.pages.interest.PreferenceActivity,topStateChangedWhenResumed]
12-19 21:16:32.571  3302  3302 I wm_on_top_resumed_gained_called: [150483655,com.miui.home.launcher.Launcher,topStateChangedWhenResumed]
12-19 21:16:32.708  3302  3740 I com.miui.home: CheckGCForNative adj_start_bytes: 42514012 NativeAllocationGcWatermark: 11564150 java_gc_start_bytes: 25167787 kNewNativeDiscountFactor: 2 kOldNativeDiscountFactor: 65536 old_native_bytes: 74415563 new_native_bytes: 391188 add_bytes_allowed: 34692450 is_gc_concurrent: 1 target_footprint_: 25404343 GetBytesAllocated: 17120108 HeapGrowthMultiplier: 3
12-19 21:16:32.708  3302  3740 I com.miui.home: CheckGCForNative gc_urgency 0.407321 current_native_bytes is 74806751
12-19 21:16:32.764  3302  3740 I com.miui.home: CheckGCForNative adj_start_bytes: 42514012 NativeAllocationGcWatermark: 11564150 java_gc_start_bytes: 25167787 kNewNativeDiscountFactor: 2 kOldNativeDiscountFactor: 65536 old_native_bytes: 74415563 new_native_bytes: 393236 add_bytes_allowed: 34692450 is_gc_concurrent: 1 target_footprint_: 25404343 GetBytesAllocated: 17211366 HeapGrowthMultiplier: 3
12-19 21:16:32.764  3302  3740 I com.miui.home: CheckGCForNative gc_urgency 0.409491 current_native_bytes is 74808799
12-19 21:16:33.300  3302  3302 I wm_on_top_resumed_lost_called: [150483655,com.miui.home.launcher.Launcher,topStateChangedWhenResumed]
12-19 21:16:33.473  3302  3302 I wm_on_paused_called: [0,150483655,com.miui.home.launcher.Launcher,performPause,3]
12-19 21:16:33.808  3302  3302 I com.miui.home: CheckGCForNative adj_start_bytes: 42514012 NativeAllocationGcWatermark: 11564150 java_gc_start_bytes: 25167787 kNewNativeDiscountFactor: 2 kOldNativeDiscountFactor: 65536 old_native_bytes: 74415563 new_native_bytes: 260748 add_bytes_allowed: 34692450 is_gc_concurrent: 1 target_footprint_: 25404343 GetBytesAllocated: 17842346 HeapGrowthMultiplier: 3
12-19 21:16:33.808  3302  3302 I com.miui.home: CheckGCForNative gc_urgency 0.422775 current_native_bytes is 74676311
12-19 21:16:34.130  3302  3740 I com.miui.home: CheckGCForNative adj_start_bytes: 42514012 NativeAllocationGcWatermark: 11564150 java_gc_start_bytes: 25167787 kNewNativeDiscountFactor: 2 kOldNativeDiscountFactor: 65536 old_native_bytes: 74415563 new_native_bytes: 335124 add_bytes_allowed: 34692450 is_gc_concurrent: 1 target_footprint_: 25404343 GetBytesAllocated: 17953981 HeapGrowthMultiplier: 3
12-19 21:16:34.130  3302  3740 I com.miui.home: CheckGCForNative gc_urgency 0.426275 current_native_bytes is 74750687
12-19 21:16:34.241  3302  3740 I com.miui.home: CheckGCForNative adj_start_bytes: 42514012 NativeAllocationGcWatermark: 11564150 java_gc_start_bytes: 25167787 kNewNativeDiscountFactor: 2 kOldNativeDiscountFactor: 65536 old_native_bytes: 74415563 new_native_bytes: 346644 add_bytes_allowed: 34692450 is_gc_concurrent: 1 target_footprint_: 25404343 GetBytesAllocated: 17998657 HeapGrowthMultiplier: 3
12-19 21:16:34.241  3302  3740 I com.miui.home: CheckGCForNative gc_urgency 0.427462 current_native_bytes is 74762207
12-19 21:16:34.715 13059 13059 I wm_on_application_create_called: [0,com.taobao.taobao,316]
12-19 21:16:34.883 13059 13059 I wm_on_create_called: [0,223529029,com.taobao.tao.welcome.Welcome,performCreate,149]
12-19 21:16:34.931 13059 13059 I wm_on_start_called: [0,223529029,com.taobao.tao.welcome.Welcome,handleStartActivity,47]
12-19 21:16:34.989 13059 13059 I wm_on_resume_called: [0,223529029,com.taobao.tao.welcome.Welcome,RESUME_ACTIVITY,42]
12-19 21:16:35.036 13059 13059 I wm_on_top_resumed_gained_called: [223529029,com.taobao.tao.welcome.Welcome,topStateChangedWhenResumed]
12-19 21:16:35.291  3302  3302 I wm_on_resume_called: [0,150483655,com.miui.home.launcher.Launcher,RESUME_ACTIVITY,18]
12-19 21:16:35.312  3302  3302 I wm_on_idle_called: com.miui.home.launcher.Launcher
12-19 21:16:35.422  3302  3730 I com.miui.home: CheckGCForNative adj_start_bytes: 42514012 NativeAllocationGcWatermark: 11564150 java_gc_start_bytes: 25167787 kNewNativeDiscountFactor: 2 kOldNativeDiscountFactor: 65536 old_native_bytes: 74415563 new_native_bytes: 349064 add_bytes_allowed: 34692450 is_gc_concurrent: 1 target_footprint_: 25404343 GetBytesAllocated: 19160415 HeapGrowthMultiplier: 3
12-19 21:16:35.422  3302  3730 I com.miui.home: CheckGCForNative gc_urgency 0.454817 current_native_bytes is 74764627
12-19 21:16:35.678  3302  3302 I wm_on_top_resumed_gained_called: [150483655,com.miui.home.launcher.Launcher,topStateChangedWhenResumed]
12-19 21:16:35.764  3302  3740 I com.miui.home: CheckGCForNative adj_start_bytes: 42514012 NativeAllocationGcWatermark: 11564150 java_gc_start_bytes: 25167787 kNewNativeDiscountFactor: 2 kOldNativeDiscountFactor: 65536 old_native_bytes: 74415563 new_native_bytes: 407176 add_bytes_allowed: 34692450 is_gc_concurrent: 1 target_footprint_: 25404343 GetBytesAllocated: 19841588 HeapGrowthMultiplier: 3
12-19 21:16:35.764  3302  3740 I com.miui.home: CheckGCForNative gc_urgency 0.471522 current_native_bytes is 74822739
12-19 21:16:35.775  3302  3740 I com.miui.home: CheckGCForNative adj_start_bytes: 42514012 NativeAllocationGcWatermark: 11564150 java_gc_start_bytes: 25167787 kNewNativeDiscountFactor: 2 kOldNativeDiscountFactor: 65536 old_native_bytes: 74415563 new_native_bytes: 408712 add_bytes_allowed: 34692450 is_gc_concurrent: 1 target_footprint_: 25404343 GetBytesAllocated: 19857972 HeapGrowthMultiplier: 3
12-19 21:16:35.775  3302  3740 I com.miui.home: CheckGCForNative gc_urgency 0.471926 current_native_bytes is 74824275
12-19 21:16:36.313  3302  3302 I wm_on_top_resumed_lost_called: [150483655,com.miui.home.launcher.Launcher,topStateChangedWhenResumed]
12-19 21:16:36.395  3302  3302 I wm_on_paused_called: [0,150483655,com.miui.home.launcher.Launcher,performPause,3]
12-19 21:16:36.708  3302  3740 I com.miui.home: CheckGCForNative adj_start_bytes: 42514012 NativeAllocationGcWatermark: 11564150 java_gc_start_bytes: 25167787 kNewNativeDiscountFactor: 2 kOldNativeDiscountFactor: 65536 old_native_bytes: 74415563 new_native_bytes: 961672 add_bytes_allowed: 34692450 is_gc_concurrent: 1 target_footprint_: 25404343 GetBytesAllocated: 20527127 HeapGrowthMultiplier: 3
12-19 21:16:36.708  3302  3740 I com.miui.home: CheckGCForNative gc_urgency 0.494169 current_native_bytes is 75377235
12-19 21:16:36.801 12173 12173 I wm_on_create_called: [0,128505580,com.tencent.mm.ui.LauncherUI,performCreate,281]
12-19 21:16:36.842 12173 12173 I wm_on_start_called: [0,128505580,com.tencent.mm.ui.LauncherUI,handleStartActivity,17]
12-19 21:16:36.917 12173 12173 I wm_on_resume_called: [0,128505580,com.tencent.mm.ui.LauncherUI,RESUME_ACTIVITY,73]
12-19 21:16:36.956 12173 12173 I wm_on_top_resumed_gained_called: [128505580,com.tencent.mm.ui.LauncherUI,topStateChangedWhenResumed]
12-19 21:16:36.962 12173 12173 I wm_on_top_resumed_lost_called: [128505580,com.tencent.mm.ui.LauncherUI,topStateChangedWhenResumed]
12-19 21:16:36.974 12173 12173 I wm_on_paused_called: [0,128505580,com.tencent.mm.ui.LauncherUI,performPause,8]
12-19 21:16:37.052  3302  3740 I com.miui.home: CheckGCForNative adj_start_bytes: 42514012 NativeAllocationGcWatermark: 11564150 java_gc_start_bytes: 25167787 kNewNativeDiscountFactor: 2 kOldNativeDiscountFactor: 65536 old_native_bytes: 74415563 new_native_bytes: 915720 add_bytes_allowed: 34692450 is_gc_concurrent: 1 target_footprint_: 25404343 GetBytesAllocated: 20651997 HeapGrowthMultiplier: 3
12-19 21:16:37.052  3302  3740 I com.miui.home: CheckGCForNative gc_urgency 0.496566 current_native_bytes is 75331283
12-19 21:16:37.092 12173 12173 I wm_on_create_called: [0,237240543,com.tencent.mm.plugin.account.ui.WelcomeActivity,performCreate,50]
12-19 21:16:37.096 12173 12173 I wm_on_start_called: [0,237240543,com.tencent.mm.plugin.account.ui.WelcomeActivity,handleStartActivity,2]
12-19 21:16:37.106 12173 12173 I wm_on_resume_called: [0,237240543,com.tencent.mm.plugin.account.ui.WelcomeActivity,RESUME_ACTIVITY,8]
12-19 21:16:37.120 12173 12173 I wm_on_top_resumed_gained_called: [237240543,com.tencent.mm.plugin.account.ui.WelcomeActivity,topStateChangedWhenResumed]
12-19 21:16:37.324  3302  3302 I wm_on_stop_called: [0,150483655,com.miui.home.launcher.Launcher,STOP_ACTIVITY_ITEM,6]
12-19 21:16:37.332 12173 12173 I wm_on_stop_called: [0,128505580,com.tencent.mm.ui.LauncherUI,STOP_ACTIVITY_ITEM,3]
12-19 21:16:37.961  3302  3740 I com.miui.home: CheckGCForNative gc_urgency 0 current_native_bytes is 74279675
12-19 21:16:37.997  3302  3302 I wm_on_restart_called: [0,150483655,com.miui.home.launcher.Launcher,,0]
12-19 21:16:37.999  3302  3302 I wm_on_start_called: [0,150483655,com.miui.home.launcher.Launcher,handleStartActivity,2]
12-19 21:16:38.005 12173 12173 I wm_on_top_resumed_lost_called: [237240543,com.tencent.mm.plugin.account.ui.WelcomeActivity,topStateChangedWhenResumed]
12-19 21:16:38.022  3302  3302 I wm_on_resume_called: [0,150483655,com.miui.home.launcher.Launcher,RESUME_ACTIVITY,20]
