12-21 09:50:20.312  3159  3665 I com.miui.home: CheckGCForNative adj_start_bytes: 33874399 NativeAllocationGcWatermark: 10652267 java_gc_start_bytes: 17895999 kNewNativeDiscountFactor: 2 kOldNativeDiscountFactor: 65536 old_native_bytes: 103665837 new_native_bytes: 24895832 add_bytes_allowed: 31956801 is_gc_concurrent: 1 target_footprint_: 18109279 GetBytesAllocated: 16622768 HeapGrowthMultiplier: 3
12-21 09:50:20.312  3159  3665 I com.miui.home: CheckGCForNative gc_urgency 0.858237 current_native_bytes is 128561669
12-21 09:50:21.447  8775  8775 I wm_on_application_create_called: [0,com.ss.android.ugc.aweme,304]
12-21 09:50:21.728  8775  8775 I wm_on_create_called: [0,62716950,com.ss.android.ugc.aweme.splash.SplashActivity,performCreate,217]
12-21 09:50:21.829  3159  3531 I com.miui.home: CheckGCForNative adj_start_bytes: 33874399 NativeAllocationGcWatermark: 10652267 java_gc_start_bytes: 17895999 kNewNativeDiscountFactor: 2 kOldNativeDiscountFactor: 65536 old_native_bytes: 103665837 new_native_bytes: 35484068 add_bytes_allowed: 31956801 is_gc_concurrent: 1 target_footprint_: 18109279 GetBytesAllocated: 17311440 HeapGrowthMultiplier: 3
12-21 09:50:21.829  3159  3531 I com.miui.home: CheckGCForNative gc_urgency 1.03485 current_native_bytes is 139149905
12-21 09:50:21.829  3159  3531 I com.miui.home: CheckGCForNative requested 1
12-21 09:50:21.830  3159  3531 I com.miui.home: CheckGCForNative adj_start_bytes: 33874399 NativeAllocationGcWatermark: 10652267 java_gc_start_bytes: 17895999 kNewNativeDiscountFactor: 2 kOldNativeDiscountFactor: 65536 old_native_bytes: 103665837 new_native_bytes: 46189028 add_bytes_allowed: 31956801 is_gc_concurrent: 1 target_footprint_: 18109279 GetBytesAllocated: 17311632 HeapGrowthMultiplier: 3
12-21 09:50:21.830  3159  3531 I com.miui.home: CheckGCForNative gc_urgency 1.19287 current_native_bytes is 149854865
12-21 09:50:21.830  3159  3531 I com.miui.home: CheckGCForNative requested 1
12-21 09:50:21.839  3159  3286 I com.miui.home: CheckGCForNative adj_start_bytes: 33874399 NativeAllocationGcWatermark: 10652267 java_gc_start_bytes: 17895999 kNewNativeDiscountFactor: 2 kOldNativeDiscountFactor: 65536 old_native_bytes: 103665837 new_native_bytes: 35488548 add_bytes_allowed: 31956801 is_gc_concurrent: 1 target_footprint_: 18109279 GetBytesAllocated: 17328016 HeapGrowthMultiplier: 3
12-21 09:50:21.839  3159  3286 I com.miui.home: CheckGCForNative gc_urgency 1.03541 current_native_bytes is 139154385
12-21 09:50:21.839  3159  3286 I com.miui.home: CheckGCForNative requested 1
12-21 09:50:21.847  3159  3531 I com.miui.home: CheckGCForNative adj_start_bytes: 33874399 NativeAllocationGcWatermark: 10652267 java_gc_start_bytes: 17895999 kNewNativeDiscountFactor: 2 kOldNativeDiscountFactor: 65536 old_native_bytes: 103665837 new_native_bytes: 46197988 add_bytes_allowed: 31956801 is_gc_concurrent: 1 target_footprint_: 18109279 GetBytesAllocated: 17344400 HeapGrowthMultiplier: 3
12-21 09:50:21.847  3159  3531 I com.miui.home: CheckGCForNative gc_urgency 1.19397 current_native_bytes is 149863825
12-21 09:50:21.847  3159  3531 I com.miui.home: CheckGCForNative requested 1
12-21 09:50:21.976  8775  8775 I wm_on_start_called: [0,62716950,com.ss.android.ugc.aweme.splash.SplashActivity,handleStartActivity,243]
12-21 09:50:21.999  8775  8775 I wm_on_resume_called: [0,62716950,com.ss.android.ugc.aweme.splash.SplashActivity,RESUME_ACTIVITY,18]
12-21 09:50:22.020  3159  3182 I com.miui.home: NativeAlloc concurrent copying GC freed 155911(7853KB) AllocSpace objects, 6(312KB) LOS objects, 49% free, 9028KB/17MB, paused 228us,156us total 189.507ms
12-21 09:50:22.038  8775  8775 I wm_on_top_resumed_gained_called: [62716950,com.ss.android.ugc.aweme.splash.SplashActivity,topStateChangedWhenResumed]
12-21 09:50:22.177  3159  3286 I com.miui.home: CheckGCForNative gc_urgency 0 current_native_bytes is 115629693
12-21 09:50:22.411  3159  3159 I wm_on_resume_called: [0,36021963,com.miui.home.launcher.Launcher,RESUME_ACTIVITY,7]
12-21 09:50:22.412  3159  3159 I wm_on_idle_called: com.miui.home.launcher.Launcher
12-21 09:50:22.542  3159  3665 I com.miui.home: CheckGCForNative adj_start_bytes: 34244545 NativeAllocationGcWatermark: 10699843 java_gc_start_bytes: 18194781 kNewNativeDiscountFactor: 2 kOldNativeDiscountFactor: 65536 old_native_bytes: 115629693 new_native_bytes: 129176 add_bytes_allowed: 32099529 is_gc_concurrent: 1 target_footprint_: 18489885 GetBytesAllocated: 10564880 HeapGrowthMultiplier: 3
12-21 09:50:22.542  3159  3665 I com.miui.home: CheckGCForNative gc_urgency 0.31045 current_native_bytes is 115758869
12-21 09:50:22.574  3159  3665 I com.miui.home: CheckGCForNative adj_start_bytes: 34244545 NativeAllocationGcWatermark: 10699843 java_gc_start_bytes: 18194781 kNewNativeDiscountFactor: 2 kOldNativeDiscountFactor: 65536 old_native_bytes: 115629693 new_native_bytes: 1979620 add_bytes_allowed: 32099529 is_gc_concurrent: 1 target_footprint_: 18489885 GetBytesAllocated: 10795648 HeapGrowthMultiplier: 3
12-21 09:50:22.574  3159  3665 I com.miui.home: CheckGCForNative gc_urgency 0.344207 current_native_bytes is 117609313
12-21 09:50:22.576  3159  3665 I com.miui.home: CheckGCForNative adj_start_bytes: 34244545 NativeAllocationGcWatermark: 10699843 java_gc_start_bytes: 18194781 kNewNativeDiscountFactor: 2 kOldNativeDiscountFactor: 65536 old_native_bytes: 115629693 new_native_bytes: 2260276 add_bytes_allowed: 32099529 is_gc_concurrent: 1 target_footprint_: 18489885 GetBytesAllocated: 10795760 HeapGrowthMultiplier: 3
12-21 09:50:22.576  3159  3665 I com.miui.home: CheckGCForNative gc_urgency 0.348308 current_native_bytes is 117889969
12-21 09:50:22.585  3159  3665 I com.miui.home: CheckGCForNative adj_start_bytes: 34244545 NativeAllocationGcWatermark: 10699843 java_gc_start_bytes: 18194781 kNewNativeDiscountFactor: 2 kOldNativeDiscountFactor: 65536 old_native_bytes: 115629693 new_native_bytes: 3158868 add_bytes_allowed: 32099529 is_gc_concurrent: 1 target_footprint_: 18489885 GetBytesAllocated: 10845152 HeapGrowthMultiplier: 3
12-21 09:50:22.585  3159  3665 I com.miui.home: CheckGCForNative gc_urgency 0.362871 current_native_bytes is 118788561
12-21 09:50:22.587  3159  3665 I com.miui.home: CheckGCForNative adj_start_bytes: 34244545 NativeAllocationGcWatermark: 10699843 java_gc_start_bytes: 18194781 kNewNativeDiscountFactor: 2 kOldNativeDiscountFactor: 65536 old_native_bytes: 115629693 new_native_bytes: 3542516 add_bytes_allowed: 32099529 is_gc_concurrent: 1 target_footprint_: 18489885 GetBytesAllocated: 10845152 HeapGrowthMultiplier: 3
12-21 09:50:22.587  3159  3665 I com.miui.home: CheckGCForNative gc_urgency 0.368473 current_native_bytes is 119172209
12-21 09:50:22.598  3159  3665 I com.miui.home: CheckGCForNative adj_start_bytes: 34244545 NativeAllocationGcWatermark: 10699843 java_gc_start_bytes: 18194781 kNewNativeDiscountFactor: 2 kOldNativeDiscountFactor: 65536 old_native_bytes: 115629693 new_native_bytes: 5202556 add_bytes_allowed: 32099529 is_gc_concurrent: 1 target_footprint_: 18489885 GetBytesAllocated: 10910928 HeapGrowthMultiplier: 3
12-21 09:50:22.599  3159  3665 I com.miui.home: CheckGCForNative gc_urgency 0.394631 current_native_bytes is 120832249
12-21 09:50:22.601  3159  3665 I com.miui.home: CheckGCForNative adj_start_bytes: 34244545 NativeAllocationGcWatermark: 10699843 java_gc_start_bytes: 18194781 kNewNativeDiscountFactor: 2 kOldNativeDiscountFactor: 65536 old_native_bytes: 115629693 new_native_bytes: 5628540 add_bytes_allowed: 32099529 is_gc_concurrent: 1 target_footprint_: 18489885 GetBytesAllocated: 10910928 HeapGrowthMultiplier: 3
12-21 09:50:22.601  3159  3665 I com.miui.home: CheckGCForNative gc_urgency 0.400851 current_native_bytes is 121258233
12-21 09:50:22.605  3159  3665 I com.miui.home: CheckGCForNative adj_start_bytes: 34244545 NativeAllocationGcWatermark: 10699843 java_gc_start_bytes: 18194781 kNewNativeDiscountFactor: 2 kOldNativeDiscountFactor: 65536 old_native_bytes: 115629693 new_native_bytes: 6390332 add_bytes_allowed: 32099529 is_gc_concurrent: 1 target_footprint_: 18489885 GetBytesAllocated: 10943872 HeapGrowthMultiplier: 3
12-21 09:50:22.605  3159  3665 I com.miui.home: CheckGCForNative gc_urgency 0.412936 current_native_bytes is 122020025
12-21 09:50:22.606  3159  3665 I com.miui.home: CheckGCForNative adj_start_bytes: 34244545 NativeAllocationGcWatermark: 10699843 java_gc_start_bytes: 18194781 kNewNativeDiscountFactor: 2 kOldNativeDiscountFactor: 65536 old_native_bytes: 115629693 new_native_bytes: 6849468 add_bytes_allowed: 32099529 is_gc_concurrent: 1 target_footprint_: 18489885 GetBytesAllocated: 10943872 HeapGrowthMultiplier: 3
12-21 09:50:22.606  3159  3665 I com.miui.home: CheckGCForNative gc_urgency 0.41964 current_native_bytes is 122479161
12-21 09:50:22.614  3159  3665 I com.miui.home: CheckGCForNative adj_start_bytes: 34244545 NativeAllocationGcWatermark: 10699843 java_gc_start_bytes: 18194781 kNewNativeDiscountFactor: 2 kOldNativeDiscountFactor: 65536 old_native_bytes: 115629693 new_native_bytes: 7864380 add_bytes_allowed: 32099529 is_gc_concurrent: 1 target_footprint_: 18489885 GetBytesAllocated: 10976704 HeapGrowthMultiplier: 3
12-21 09:50:22.614  3159  3665 I com.miui.home: CheckGCForNative gc_urgency 0.435417 current_native_bytes is 123494073
12-21 09:50:22.633  3159  3665 I com.miui.home: CheckGCForNative adj_start_bytes: 34244545 NativeAllocationGcWatermark: 10699843 java_gc_start_bytes: 18194781 kNewNativeDiscountFactor: 2 kOldNativeDiscountFactor: 65536 old_native_bytes: 115629693 new_native_bytes: 8938052 add_bytes_allowed: 32099529 is_gc_concurrent: 1 target_footprint_: 18489885 GetBytesAllocated: 11091632 HeapGrowthMultiplier: 3
12-21 09:50:22.633  3159  3665 I com.miui.home: CheckGCForNative gc_urgency 0.45445 current_native_bytes is 124567745
12-21 09:50:22.637  3159  3665 I com.miui.home: CheckGCForNative adj_start_bytes: 34244545 NativeAllocationGcWatermark: 10699843 java_gc_start_bytes: 18194781 kNewNativeDiscountFactor: 2 kOldNativeDiscountFactor: 65536 old_native_bytes: 115629693 new_native_bytes: 9703940 add_bytes_allowed: 32099529 is_gc_concurrent: 1 target_footprint_: 18489885 GetBytesAllocated: 11124400 HeapGrowthMultiplier: 3
12-21 09:50:22.637  3159  3665 I com.miui.home: CheckGCForNative gc_urgency 0.466589 current_native_bytes is 125333633
12-21 09:50:22.644  3159  3665 I com.miui.home: CheckGCForNative adj_start_bytes: 34244545 NativeAllocationGcWatermark: 10699843 java_gc_start_bytes: 18194781 kNewNativeDiscountFactor: 2 kOldNativeDiscountFactor: 65536 old_native_bytes: 115629693 new_native_bytes: 10086108 add_bytes_allowed: 32099529 is_gc_concurrent: 1 target_footprint_: 18489885 GetBytesAllocated: 11157344 HeapGrowthMultiplier: 3
12-21 09:50:22.644  3159  3665 I com.miui.home: CheckGCForNative gc_urgency 0.473131 current_native_bytes is 125715801
12-21 09:50:22.647  3159  3665 I com.miui.home: CheckGCForNative adj_start_bytes: 34244545 NativeAllocationGcWatermark: 10699843 java_gc_start_bytes: 18194781 kNewNativeDiscountFactor: 2 kOldNativeDiscountFactor: 65536 old_native_bytes: 115629693 new_native_bytes: 10525564 add_bytes_allowed: 32099529 is_gc_concurrent: 1 target_footprint_: 18489885 GetBytesAllocated: 11157344 HeapGrowthMultiplier: 3
12-21 09:50:22.647  3159  3665 I com.miui.home: CheckGCForNative gc_urgency 0.479548 current_native_bytes is 126155257
12-21 09:50:22.650  3159  3665 I com.miui.home: CheckGCForNative adj_start_bytes: 34244545 NativeAllocationGcWatermark: 10699843 java_gc_start_bytes: 18194781 kNewNativeDiscountFactor: 2 kOldNativeDiscountFactor: 65536 old_native_bytes: 115629693 new_native_bytes: 10631420 add_bytes_allowed: 32099529 is_gc_concurrent: 1 target_footprint_: 18489885 GetBytesAllocated: 11173728 HeapGrowthMultiplier: 3
12-21 09:50:22.650  3159  3665 I com.miui.home: CheckGCForNative gc_urgency 0.481572 current_native_bytes is 126261113
12-21 09:50:22.656  3159  3665 I com.miui.home: CheckGCForNative adj_start_bytes: 34244545 NativeAllocationGcWatermark: 10699843 java_gc_start_bytes: 18194781 kNewNativeDiscountFactor: 2 kOldNativeDiscountFactor: 65536 old_native_bytes: 115629693 new_native_bytes: 21909276 add_bytes_allowed: 32099529 is_gc_concurrent: 1 target_footprint_: 18489885 GetBytesAllocated: 11222944 HeapGrowthMultiplier: 3
12-21 09:50:22.656  3159  3665 I com.miui.home: CheckGCForNative gc_urgency 0.648154 current_native_bytes is 137538969
12-21 09:50:22.691  3159  3665 I com.miui.home: CheckGCForNative adj_start_bytes: 34244545 NativeAllocationGcWatermark: 10699843 java_gc_start_bytes: 18194781 kNewNativeDiscountFactor: 2 kOldNativeDiscountFactor: 65536 old_native_bytes: 115629693 new_native_bytes: 11835764 add_bytes_allowed: 32099529 is_gc_concurrent: 1 target_footprint_: 18489885 GetBytesAllocated: 11649344 HeapGrowthMultiplier: 3
12-21 09:50:22.691  3159  3665 I com.miui.home: CheckGCForNative gc_urgency 0.513045 current_native_bytes is 127465457
12-21 09:50:22.715  3159  3159 I wm_on_paused_called: [0,36021963,com.miui.home.launcher.Launcher,performPause,1]
12-21 09:50:22.875  3159  3665 I com.miui.home: CheckGCForNative adj_start_bytes: 34244545 NativeAllocationGcWatermark: 10699843 java_gc_start_bytes: 18194781 kNewNativeDiscountFactor: 2 kOldNativeDiscountFactor: 65536 old_native_bytes: 115629693 new_native_bytes: 12146184 add_bytes_allowed: 32099529 is_gc_concurrent: 1 target_footprint_: 18489885 GetBytesAllocated: 12378880 HeapGrowthMultiplier: 3
12-21 09:50:22.875  3159  3665 I com.miui.home: CheckGCForNative gc_urgency 0.538881 current_native_bytes is 127775877
12-21 09:50:22.965  3159  3665 I com.miui.home: CheckGCForNative adj_start_bytes: 34244545 NativeAllocationGcWatermark: 10699843 java_gc_start_bytes: 18194781 kNewNativeDiscountFactor: 2 kOldNativeDiscountFactor: 65536 old_native_bytes: 115629693 new_native_bytes: 12774508 add_bytes_allowed: 32099529 is_gc_concurrent: 1 target_footprint_: 18489885 GetBytesAllocated: 12739648 HeapGrowthMultiplier: 3
12-21 09:50:22.965  3159  3665 I com.miui.home: CheckGCForNative gc_urgency 0.55859 current_native_bytes is 128404201
12-21 09:50:23.004  3159  3260 I com.miui.home: CheckGCForNative adj_start_bytes: 34244545 NativeAllocationGcWatermark: 10699843 java_gc_start_bytes: 18194781 kNewNativeDiscountFactor: 2 kOldNativeDiscountFactor: 65536 old_native_bytes: 115629693 new_native_bytes: 12916132 add_bytes_allowed: 32099529 is_gc_concurrent: 1 target_footprint_: 18489885 GetBytesAllocated: 12969024 HeapGrowthMultiplier: 3
12-21 09:50:23.004  3159  3260 I com.miui.home: CheckGCForNative gc_urgency 0.567356 current_native_bytes is 128545825
12-21 09:50:23.513  9055  9055 I wm_on_create_called: [0,178097784,com.eg.android.AlipayGphone.AlipayLogin,performCreate,109]
12-21 09:50:23.516  9055  9055 I wm_on_start_called: [0,178097784,com.eg.android.AlipayGphone.AlipayLogin,handleStartActivity,3]
12-21 09:50:23.519  9055  9055 I wm_on_resume_called: [0,178097784,com.eg.android.AlipayGphone.AlipayLogin,RESUME_ACTIVITY,2]
12-21 09:50:23.542  9055  9055 I wm_on_top_resumed_gained_called: [178097784,com.eg.android.AlipayGphone.AlipayLogin,topStateChangedWhenResumed]
12-21 09:50:23.875  3159  3159 I wm_on_stop_called: [0,36021963,com.miui.home.launcher.Launcher,STOP_ACTIVITY_ITEM,4]
12-21 09:50:24.262  3159  3159 I wm_on_restart_called: [0,36021963,com.miui.home.launcher.Launcher,performRestartActivity,0]
12-21 09:50:24.263  3159  3159 I wm_on_start_called: [0,36021963,com.miui.home.launcher.Launcher,handleStartActivity,1]
12-21 09:50:24.315  3159  3700 I com.miui.home: CheckGCForNative adj_start_bytes: 34244545 NativeAllocationGcWatermark: 10699843 java_gc_start_bytes: 18194781 kNewNativeDiscountFactor: 2 kOldNativeDiscountFactor: 65536 old_native_bytes: 115629693 new_native_bytes: 23987156 add_bytes_allowed: 32099529 is_gc_concurrent: 1 target_footprint_: 18489885 GetBytesAllocated: 13592080 HeapGrowthMultiplier: 3
12-21 09:50:24.315  3159  3700 I com.miui.home: CheckGCForNative gc_urgency 0.747197 current_native_bytes is 139616849
12-21 09:50:24.315  3159  3700 I com.miui.home: CheckGCForNative adj_start_bytes: 34244545 NativeAllocationGcWatermark: 10699843 java_gc_start_bytes: 18194781 kNewNativeDiscountFactor: 2 kOldNativeDiscountFactor: 65536 old_native_bytes: 115629693 new_native_bytes: 34693076 add_bytes_allowed: 32099529 is_gc_concurrent: 1 target_footprint_: 18489885 GetBytesAllocated: 13608656 HeapGrowthMultiplier: 3
12-21 09:50:24.315  3159  3700 I com.miui.home: CheckGCForNative gc_urgency 0.903997 current_native_bytes is 150322769
12-21 09:50:24.327  3159  3700 I com.miui.home: CheckGCForNative adj_start_bytes: 34244545 NativeAllocationGcWatermark: 10699843 java_gc_start_bytes: 18194781 kNewNativeDiscountFactor: 2 kOldNativeDiscountFactor: 65536 old_native_bytes: 115629693 new_native_bytes: 34736676 add_bytes_allowed: 32099529 is_gc_concurrent: 1 target_footprint_: 18489885 GetBytesAllocated: 13625152 HeapGrowthMultiplier: 3
12-21 09:50:24.327  3159  3700 I com.miui.home: CheckGCForNative gc_urgency 0.905115 current_native_bytes is 150366369
12-21 09:50:24.477  3159  3286 I com.miui.home: CheckGCForNative adj_start_bytes: 34244545 NativeAllocationGcWatermark: 10699843 java_gc_start_bytes: 18194781 kNewNativeDiscountFactor: 2 kOldNativeDiscountFactor: 65536 old_native_bytes: 115629693 new_native_bytes: 24483868 add_bytes_allowed: 32099529 is_gc_concurrent: 1 target_footprint_: 18489885 GetBytesAllocated: 13805568 HeapGrowthMultiplier: 3
12-21 09:50:24.477  3159  3286 I com.miui.home: CheckGCForNative gc_urgency 0.760684 current_native_bytes is 140113561
12-21 09:50:24.577  3159  3286 I com.miui.home: CheckGCForNative adj_start_bytes: 34244545 NativeAllocationGcWatermark: 10699843 java_gc_start_bytes: 18194781 kNewNativeDiscountFactor: 2 kOldNativeDiscountFactor: 65536 old_native_bytes: 115629693 new_native_bytes: 24491932 add_bytes_allowed: 32099529 is_gc_concurrent: 1 target_footprint_: 18489885 GetBytesAllocated: 13854720 HeapGrowthMultiplier: 3
12-21 09:50:24.577  3159  3286 I com.miui.home: CheckGCForNative gc_urgency 0.762237 current_native_bytes is 140121625
12-21 09:50:24.653  9055  9055 I wm_on_idle_called: com.eg.android.AlipayGphone.AlipayLogin
12-21 09:50:24.867  9055  9055 I wm_on_top_resumed_lost_called: [178097784,com.eg.android.AlipayGphone.AlipayLogin,topStateChangedWhenResumed]
12-21 09:50:24.901  9055  9055 I wm_on_paused_called: [0,178097784,com.eg.android.AlipayGphone.AlipayLogin,performPause,11]
12-21 09:50:24.925  3159  3159 I wm_on_resume_called: [0,36021963,com.miui.home.launcher.Launcher,RESUME_ACTIVITY,2]
12-21 09:50:24.925  3159  3159 I wm_on_top_resumed_gained_called: [36021963,com.miui.home.launcher.Launcher,topWhenResuming]
12-21 09:50:24.934  3159  3159 I wm_on_idle_called: com.miui.home.launcher.Launcher
12-21 09:50:25.052  3159  3665 I com.miui.home: CheckGCForNative adj_start_bytes: 34244545 NativeAllocationGcWatermark: 10699843 java_gc_start_bytes: 18194781 kNewNativeDiscountFactor: 2 kOldNativeDiscountFactor: 65536 old_native_bytes: 115629693 new_native_bytes: 24489548 add_bytes_allowed: 32099529 is_gc_concurrent: 1 target_footprint_: 18489885 GetBytesAllocated: 14953504 HeapGrowthMultiplier: 3
12-21 09:50:25.052  3159  3665 I com.miui.home: CheckGCForNative gc_urgency 0.794288 current_native_bytes is 140119241
12-21 09:50:25.078  3159  3260 I com.miui.home: CheckGCForNative adj_start_bytes: 34244545 NativeAllocationGcWatermark: 10699843 java_gc_start_bytes: 18194781 kNewNativeDiscountFactor: 2 kOldNativeDiscountFactor: 65536 old_native_bytes: 115629693 new_native_bytes: 24967200 add_bytes_allowed: 32099529 is_gc_concurrent: 1 target_footprint_: 18489885 GetBytesAllocated: 15232192 HeapGrowthMultiplier: 3
12-21 09:50:25.078  3159  3260 I com.miui.home: CheckGCForNative gc_urgency 0.809401 current_native_bytes is 140596893
12-21 09:50:25.100  3159  3260 I com.miui.home: CheckGCForNative adj_start_bytes: 34244545 NativeAllocationGcWatermark: 10699843 java_gc_start_bytes: 18194781 kNewNativeDiscountFactor: 2 kOldNativeDiscountFactor: 65536 old_native_bytes: 115629693 new_native_bytes: 36058516 add_bytes_allowed: 32099529 is_gc_concurrent: 1 target_footprint_: 18489885 GetBytesAllocated: 15396160 HeapGrowthMultiplier: 3
12-21 09:50:25.100  3159  3260 I com.miui.home: CheckGCForNative gc_urgency 0.976132 current_native_bytes is 151688209
12-21 09:50:25.116  3159  3665 I com.miui.home: CheckGCForNative adj_start_bytes: 34244545 NativeAllocationGcWatermark: 10699843 java_gc_start_bytes: 18194781 kNewNativeDiscountFactor: 2 kOldNativeDiscountFactor: 65536 old_native_bytes: 115629693 new_native_bytes: 39005460 add_bytes_allowed: 32099529 is_gc_concurrent: 1 target_footprint_: 18489885 GetBytesAllocated: 15527424 HeapGrowthMultiplier: 3
12-21 09:50:25.116  3159  3665 I com.miui.home: CheckGCForNative gc_urgency 1.02299 current_native_bytes is 154635153
12-21 09:50:25.116  3159  3665 I com.miui.home: CheckGCForNative requested 1
12-21 09:50:25.151  3159  3260 I com.miui.home: CheckGCForNative adj_start_bytes: 34244545 NativeAllocationGcWatermark: 10699843 java_gc_start_bytes: 18194781 kNewNativeDiscountFactor: 2 kOldNativeDiscountFactor: 65536 old_native_bytes: 115629693 new_native_bytes: 52163508 add_bytes_allowed: 32099529 is_gc_concurrent: 1 target_footprint_: 18489885 GetBytesAllocated: 15560192 HeapGrowthMultiplier: 3
12-21 09:50:25.151  3159  3260 I com.miui.home: CheckGCForNative gc_urgency 1.21607 current_native_bytes is 167793201
12-21 09:50:25.151  3159  3260 I com.miui.home: CheckGCForNative requested 1
12-21 09:50:25.151  3159  3260 I com.miui.home: CheckGCForNative adj_start_bytes: 34244545 NativeAllocationGcWatermark: 10699843 java_gc_start_bytes: 18194781 kNewNativeDiscountFactor: 2 kOldNativeDiscountFactor: 65536 old_native_bytes: 115629693 new_native_bytes: 40367668 add_bytes_allowed: 32099529 is_gc_concurrent: 1 target_footprint_: 18489885 GetBytesAllocated: 15560192 HeapGrowthMultiplier: 3
12-21 09:50:25.151  3159  3260 I com.miui.home: CheckGCForNative gc_urgency 1.04384 current_native_bytes is 155997361
12-21 09:50:25.151  3159  3260 I com.miui.home: CheckGCForNative requested 1
12-21 09:50:25.180  3159  3260 I com.miui.home: CheckGCForNative adj_start_bytes: 34244545 NativeAllocationGcWatermark: 10699843 java_gc_start_bytes: 18194781 kNewNativeDiscountFactor: 2 kOldNativeDiscountFactor: 65536 old_native_bytes: 115629693 new_native_bytes: 41154100 add_bytes_allowed: 32099529 is_gc_concurrent: 1 target_footprint_: 18489885 GetBytesAllocated: 15576576 HeapGrowthMultiplier: 3
12-21 09:50:25.180  3159  3260 I com.miui.home: CheckGCForNative gc_urgency 1.0558 current_native_bytes is 156783793
12-21 09:50:25.180  3159  3260 I com.miui.home: CheckGCForNative requested 1
12-21 09:50:25.260  3159  3260 I com.miui.home: CheckGCForNative gc_urgency 0 current_native_bytes is 138437909
12-21 09:50:25.260  3159  3260 I com.miui.home: CheckGCForNative adj_start_bytes: 34425432 NativeAllocationGcWatermark: 10701617 java_gc_start_bytes: 18373007 kNewNativeDiscountFactor: 2 kOldNativeDiscountFactor: 65536 old_native_bytes: 138437909 new_native_bytes: 1450632 add_bytes_allowed: 32104851 is_gc_concurrent: 1 target_footprint_: 18504079 GetBytesAllocated: 9366776 HeapGrowthMultiplier: 3
12-21 09:50:25.261  3159  3260 I com.miui.home: CheckGCForNative gc_urgency 0.293219 current_native_bytes is 139888541
12-21 09:50:25.274  3159  3260 I com.miui.home: CheckGCForNative adj_start_bytes: 34425432 NativeAllocationGcWatermark: 10701617 java_gc_start_bytes: 18373007 kNewNativeDiscountFactor: 2 kOldNativeDiscountFactor: 65536 old_native_bytes: 138437909 new_native_bytes: 12465672 add_bytes_allowed: 32104851 is_gc_concurrent: 1 target_footprint_: 18504079 GetBytesAllocated: 9399592 HeapGrowthMultiplier: 3
12-21 09:50:25.274  3159  3260 I com.miui.home: CheckGCForNative gc_urgency 0.454157 current_native_bytes is 150903581
12-21 09:50:25.386  3159  3159 I wm_on_top_resumed_lost_called: [36021963,com.miui.home.launcher.Launcher,topStateChangedWhenResumed]
12-21 09:50:25.397  3159  3159 I wm_on_paused_called: [0,36021963,com.miui.home.launcher.Launcher,performPause,1]
12-21 09:50:25.526  3159  3665 I com.miui.home: CheckGCForNative adj_start_bytes: 34425432 NativeAllocationGcWatermark: 10701617 java_gc_start_bytes: 18373007 kNewNativeDiscountFactor: 2 kOldNativeDiscountFactor: 65536 old_native_bytes: 138437909 new_native_bytes: 12775448 add_bytes_allowed: 32104851 is_gc_concurrent: 1 target_footprint_: 18504079 GetBytesAllocated: 10309576 HeapGrowthMultiplier: 3
12-21 09:50:25.526  3159  3665 I com.miui.home: CheckGCForNative gc_urgency 0.485089 current_native_bytes is 151213357
12-21 09:50:25.564  3159  3665 I com.miui.home: CheckGCForNative adj_start_bytes: 34425432 NativeAllocationGcWatermark: 10701617 java_gc_start_bytes: 18373007 kNewNativeDiscountFactor: 2 kOldNativeDiscountFactor: 65536 old_native_bytes: 138437909 new_native_bytes: 14990064 add_bytes_allowed: 32104851 is_gc_concurrent: 1 target_footprint_: 18504079 GetBytesAllocated: 10506376 HeapGrowthMultiplier: 3
12-21 09:50:25.564  3159  3665 I com.miui.home: CheckGCForNative gc_urgency 0.522972 current_native_bytes is 153427973
12-21 09:50:25.577  3159  3286 I com.miui.home: CheckGCForNative adj_start_bytes: 34425432 NativeAllocationGcWatermark: 10701617 java_gc_start_bytes: 18373007 kNewNativeDiscountFactor: 2 kOldNativeDiscountFactor: 65536 old_native_bytes: 138437909 new_native_bytes: 15558512 add_bytes_allowed: 32104851 is_gc_concurrent: 1 target_footprint_: 18504079 GetBytesAllocated: 10555528 HeapGrowthMultiplier: 3
12-21 09:50:25.578  3159  3286 I com.miui.home: CheckGCForNative gc_urgency 0.532656 current_native_bytes is 153996421
12-21 09:50:25.604  3159  3665 I com.miui.home: CheckGCForNative adj_start_bytes: 34425432 NativeAllocationGcWatermark: 10701617 java_gc_start_bytes: 18373007 kNewNativeDiscountFactor: 2 kOldNativeDiscountFactor: 65536 old_native_bytes: 138437909 new_native_bytes: 15731064 add_bytes_allowed: 32104851 is_gc_concurrent: 1 target_footprint_: 18504079 GetBytesAllocated: 10621128 HeapGrowthMultiplier: 3
12-21 09:50:25.604  3159  3665 I com.miui.home: CheckGCForNative gc_urgency 0.537067 current_native_bytes is 154168973
12-21 09:50:25.692  3159  3665 I com.miui.home: CheckGCForNative adj_start_bytes: 34425432 NativeAllocationGcWatermark: 10701617 java_gc_start_bytes: 18373007 kNewNativeDiscountFactor: 2 kOldNativeDiscountFactor: 65536 old_native_bytes: 138437909 new_native_bytes: 16817484 add_bytes_allowed: 32104851 is_gc_concurrent: 1 target_footprint_: 18504079 GetBytesAllocated: 10982072 HeapGrowthMultiplier: 3
12-21 09:50:25.692  3159  3665 I com.miui.home: CheckGCForNative gc_urgency 0.563331 current_native_bytes is 155255393
12-21 09:50:25.940  9702  9702 I wm_on_create_called: [0,248865801,com.xunmeng.pinduoduo.ui.activity.MainFrameActivity,performCreate,79]
12-21 09:50:26.040  9702  9702 I wm_on_create_called: [0,99488305,com.xunmeng.pinduoduo.ui.activity.HomeActivity,performCreate,50]
12-21 09:50:26.083  9702  9702 I wm_on_start_called: [0,99488305,com.xunmeng.pinduoduo.ui.activity.HomeActivity,handleStartActivity,43]
12-21 09:50:26.103  9702  9702 I wm_on_resume_called: [0,99488305,com.xunmeng.pinduoduo.ui.activity.HomeActivity,RESUME_ACTIVITY,8]
12-21 09:50:26.114  3159  3665 I com.miui.home: CheckGCForNative adj_start_bytes: 34425432 NativeAllocationGcWatermark: 10701617 java_gc_start_bytes: 18373007 kNewNativeDiscountFactor: 2 kOldNativeDiscountFactor: 65536 old_native_bytes: 138437909 new_native_bytes: 17366016 add_bytes_allowed: 32104851 is_gc_concurrent: 1 target_footprint_: 18504079 GetBytesAllocated: 11392168 HeapGrowthMultiplier: 3
12-21 09:50:26.114  3159  3665 I com.miui.home: CheckGCForNative gc_urgency 0.583211 current_native_bytes is 155803925
12-21 09:50:26.128  9702  9702 I wm_on_top_resumed_gained_called: [99488305,com.xunmeng.pinduoduo.ui.activity.HomeActivity,topStateChangedWhenResumed]
12-21 09:50:26.192  3159  3665 I com.miui.home: CheckGCForNative adj_start_bytes: 34425432 NativeAllocationGcWatermark: 10701617 java_gc_start_bytes: 18373007 kNewNativeDiscountFactor: 2 kOldNativeDiscountFactor: 65536 old_native_bytes: 138437909 new_native_bytes: 17917620 add_bytes_allowed: 32104851 is_gc_concurrent: 1 target_footprint_: 18504079 GetBytesAllocated: 11736552 HeapGrowthMultiplier: 3
12-21 09:50:26.192  3159  3665 I com.miui.home: CheckGCForNative gc_urgency 0.601226 current_native_bytes is 156355529
12-21 09:50:26.557  3159  3159 I wm_on_stop_called: [0,36021963,com.miui.home.launcher.Launcher,STOP_ACTIVITY_ITEM,4]
12-21 09:50:26.754  9702  9702 I wm_on_destroy_called: [0,248865801,com.xunmeng.pinduoduo.ui.activity.MainFrameActivity,performDestroy,4]
12-21 09:50:26.834  3159  3159 I wm_on_restart_called: [0,36021963,com.miui.home.launcher.Launcher,performRestartActivity,0]
12-21 09:50:26.835  3159  3159 I wm_on_start_called: [0,36021963,com.miui.home.launcher.Launcher,handleStartActivity,0]
12-21 09:50:26.843  9702  9702 I wm_on_idle_called: com.xunmeng.pinduoduo.ui.activity.HomeActivity
12-21 09:50:26.922  3159  3700 I com.miui.home: CheckGCForNative adj_start_bytes: 34425432 NativeAllocationGcWatermark: 10701617 java_gc_start_bytes: 18373007 kNewNativeDiscountFactor: 2 kOldNativeDiscountFactor: 65536 old_native_bytes: 138437909 new_native_bytes: 29156556 add_bytes_allowed: 32104851 is_gc_concurrent: 1 target_footprint_: 18504079 GetBytesAllocated: 12580744 HeapGrowthMultiplier: 3
12-21 09:50:26.922  3159  3700 I com.miui.home: CheckGCForNative gc_urgency 0.788985 current_native_bytes is 167594465
12-21 09:50:26.922  3159  3700 I com.miui.home: CheckGCForNative adj_start_bytes: 34425432 NativeAllocationGcWatermark: 10701617 java_gc_start_bytes: 18373007 kNewNativeDiscountFactor: 2 kOldNativeDiscountFactor: 65536 old_native_bytes: 138437909 new_native_bytes: 39862476 add_bytes_allowed: 32104851 is_gc_concurrent: 1 target_footprint_: 18504079 GetBytesAllocated: 12580936 HeapGrowthMultiplier: 3
12-21 09:50:26.922  3159  3700 I com.miui.home: CheckGCForNative gc_urgency 0.944484 current_native_bytes is 178300385
12-21 09:50:26.997  3159  3700 I com.miui.home: CheckGCForNative adj_start_bytes: 34425432 NativeAllocationGcWatermark: 10701617 java_gc_start_bytes: 18373007 kNewNativeDiscountFactor: 2 kOldNativeDiscountFactor: 65536 old_native_bytes: 138437909 new_native_bytes: 39874220 add_bytes_allowed: 32104851 is_gc_concurrent: 1 target_footprint_: 18504079 GetBytesAllocated: 12646472 HeapGrowthMultiplier: 3
12-21 09:50:26.997  3159  3700 I com.miui.home: CheckGCForNative gc_urgency 0.946559 current_native_bytes is 178312129
12-21 09:50:27.066  3159  3286 I com.miui.home: CheckGCForNative adj_start_bytes: 34425432 NativeAllocationGcWatermark: 10701617 java_gc_start_bytes: 18373007 kNewNativeDiscountFactor: 2 kOldNativeDiscountFactor: 65536 old_native_bytes: 138437909 new_native_bytes: 29173484 add_bytes_allowed: 32104851 is_gc_concurrent: 1 target_footprint_: 18504079 GetBytesAllocated: 12712200 HeapGrowthMultiplier: 3
12-21 09:50:27.066  3159  3286 I com.miui.home: CheckGCForNative gc_urgency 0.793049 current_native_bytes is 167611393
12-21 09:50:27.366  3159  3286 I com.miui.home: CheckGCForNative adj_start_bytes: 34425432 NativeAllocationGcWatermark: 10701617 java_gc_start_bytes: 18373007 kNewNativeDiscountFactor: 2 kOldNativeDiscountFactor: 65536 old_native_bytes: 138437909 new_native_bytes: 29198764 add_bytes_allowed: 32104851 is_gc_concurrent: 1 target_footprint_: 18504079 GetBytesAllocated: 12843272 HeapGrowthMultiplier: 3
12-21 09:50:27.367  3159  3286 I com.miui.home: CheckGCForNative gc_urgency 0.797224 current_native_bytes is 167636673
12-21 09:50:27.422  3159  3286 I com.miui.home: CheckGCForNative adj_start_bytes: 34425432 NativeAllocationGcWatermark: 10701617 java_gc_start_bytes: 18373007 kNewNativeDiscountFactor: 2 kOldNativeDiscountFactor: 65536 old_native_bytes: 138437909 new_native_bytes: 29173676 add_bytes_allowed: 32104851 is_gc_concurrent: 1 target_footprint_: 18504079 GetBytesAllocated: 12859656 HeapGrowthMultiplier: 3
12-21 09:50:27.422  3159  3286 I com.miui.home: CheckGCForNative gc_urgency 0.797335 current_native_bytes is 167611585
12-21 09:50:27.451  3159  3159 I wm_on_resume_called: [0,36021963,com.miui.home.launcher.Launcher,RESUME_ACTIVITY,3]
12-21 09:50:27.452  3159  3159 I wm_on_idle_called: com.miui.home.launcher.Launcher
12-21 09:50:27.458  9702  9702 I wm_on_top_resumed_lost_called: [99488305,com.xunmeng.pinduoduo.ui.activity.HomeActivity,topStateChangedWhenResumed]
12-21 09:50:27.475  3159  3255 I com.miui.home: CheckGCForNative adj_start_bytes: 34425432 NativeAllocationGcWatermark: 10701617 java_gc_start_bytes: 18373007 kNewNativeDiscountFactor: 2 kOldNativeDiscountFactor: 65536 old_native_bytes: 138437909 new_native_bytes: 29276652 add_bytes_allowed: 32104851 is_gc_concurrent: 1 target_footprint_: 18504079 GetBytesAllocated: 13745304 HeapGrowthMultiplier: 3
12-21 09:50:27.475  3159  3255 I com.miui.home: CheckGCForNative gc_urgency 0.824557 current_native_bytes is 167714561
12-21 09:50:27.478  3159  3255 I com.miui.home: CheckGCForNative adj_start_bytes: 34425432 NativeAllocationGcWatermark: 10701617 java_gc_start_bytes: 18373007 kNewNativeDiscountFactor: 2 kOldNativeDiscountFactor: 65536 old_native_bytes: 138437909 new_native_bytes: 29672972 add_bytes_allowed: 32104851 is_gc_concurrent: 1 target_footprint_: 18504079 GetBytesAllocated: 13745304 HeapGrowthMultiplier: 3
12-21 09:50:27.478  3159  3255 I com.miui.home: CheckGCForNative gc_urgency 0.830314 current_native_bytes is 168110881
12-21 09:50:27.490  3159  3290 I com.miui.home: CheckGCForNative adj_start_bytes: 34425432 NativeAllocationGcWatermark: 10701617 java_gc_start_bytes: 18373007 kNewNativeDiscountFactor: 2 kOldNativeDiscountFactor: 65536 old_native_bytes: 138437909 new_native_bytes: 29788364 add_bytes_allowed: 32104851 is_gc_concurrent: 1 target_footprint_: 18504079 GetBytesAllocated: 13860104 HeapGrowthMultiplier: 3
12-21 09:50:27.490  3159  3290 I com.miui.home: CheckGCForNative gc_urgency 0.835324 current_native_bytes is 168226273
12-21 09:50:27.512  9702  9702 I wm_on_paused_called: [0,99488305,com.xunmeng.pinduoduo.ui.activity.HomeActivity,performPause,4]
12-21 09:50:27.514  3159  3159 I wm_on_top_resumed_gained_called: [36021963,com.miui.home.launcher.Launcher,topStateChangedWhenResumed]
12-21 09:50:27.687  3159  3159 I wm_on_top_resumed_lost_called: [36021963,com.miui.home.launcher.Launcher,topStateChangedWhenResumed]
12-21 09:50:27.701  3159  3159 I wm_on_paused_called: [0,36021963,com.miui.home.launcher.Launcher,performPause,1]
12-21 09:50:27.702  3159  3269 I com.miui.home: CheckGCForNative adj_start_bytes: 34425432 NativeAllocationGcWatermark: 10701617 java_gc_start_bytes: 18373007 kNewNativeDiscountFactor: 2 kOldNativeDiscountFactor: 65536 old_native_bytes: 138437909 new_native_bytes: 30000960 add_bytes_allowed: 32104851 is_gc_concurrent: 1 target_footprint_: 18504079 GetBytesAllocated: 14187992 HeapGrowthMultiplier: 3
12-21 09:50:27.702  3159  3269 I com.miui.home: CheckGCForNative gc_urgency 0.847937 current_native_bytes is 168438869
12-21 09:50:27.786  9702  9702 I wm_on_stop_called: [0,99488305,com.xunmeng.pinduoduo.ui.activity.HomeActivity,STOP_ACTIVITY_ITEM,91]
12-21 09:50:27.892  3159  3665 I com.miui.home: CheckGCForNative adj_start_bytes: 34425432 NativeAllocationGcWatermark: 10701617 java_gc_start_bytes: 18373007 kNewNativeDiscountFactor: 2 kOldNativeDiscountFactor: 65536 old_native_bytes: 138437909 new_native_bytes: 30233460 add_bytes_allowed: 32104851 is_gc_concurrent: 1 target_footprint_: 18504079 GetBytesAllocated: 14901208 HeapGrowthMultiplier: 3
12-21 09:50:27.892  3159  3665 I com.miui.home: CheckGCForNative gc_urgency 0.872031 current_native_bytes is 168671369
12-21 09:50:27.897  3159  3665 I com.miui.home: CheckGCForNative adj_start_bytes: 34425432 NativeAllocationGcWatermark: 10701617 java_gc_start_bytes: 18373007 kNewNativeDiscountFactor: 2 kOldNativeDiscountFactor: 65536 old_native_bytes: 138437909 new_native_bytes: 40942516 add_bytes_allowed: 32104851 is_gc_concurrent: 1 target_footprint_: 18504079 GetBytesAllocated: 14917592 HeapGrowthMultiplier: 3
12-21 09:50:27.897  3159  3665 I com.miui.home: CheckGCForNative gc_urgency 1.02805 current_native_bytes is 179380425
12-21 09:50:27.898  3159  3665 I com.miui.home: CheckGCForNative requested 1
12-21 09:50:27.954  3159  3665 I com.miui.home: CheckGCForNative adj_start_bytes: 34425432 NativeAllocationGcWatermark: 10701617 java_gc_start_bytes: 18373007 kNewNativeDiscountFactor: 2 kOldNativeDiscountFactor: 65536 old_native_bytes: 138437909 new_native_bytes: 30863112 add_bytes_allowed: 32104851 is_gc_concurrent: 1 target_footprint_: 18504079 GetBytesAllocated: 15196664 HeapGrowthMultiplier: 3
12-21 09:50:27.954  3159  3665 I com.miui.home: CheckGCForNative gc_urgency 0.889759 current_native_bytes is 169301021
12-21 09:50:28.090  3159  3182 I com.miui.home: NativeAlloc concurrent copying GC freed 108134(5500KB) AllocSpace objects, 10(392KB) LOS objects, 49% free, 9140KB/17MB, paused 158us,101us total 191.480ms
12-21 09:50:28.822  9984  9984 I wm_on_application_create_called: [0,com.smile.gifmaker,376]
12-21 09:50:28.999  9984  9984 I wm_on_create_called: [0,189328371,com.yxcorp.gifshow.HomeActivity,performCreate,160]
12-21 09:50:29.114  3159  9426 I com.miui.home: CheckGCForNative gc_urgency 0 current_native_bytes is 124886429
12-21 09:50:29.123  3159  3159 I com.miui.home: CheckGCForNative adj_start_bytes: 34336906 NativeAllocationGcWatermark: 10728553 java_gc_start_bytes: 18244077 kNewNativeDiscountFactor: 2 kOldNativeDiscountFactor: 65536 old_native_bytes: 124886429 new_native_bytes: 10711032 add_bytes_allowed: 32185659 is_gc_concurrent: 1 target_footprint_: 18719565 GetBytesAllocated: 10097800 HeapGrowthMultiplier: 3
12-21 09:50:29.123  3159  3159 I com.miui.home: CheckGCForNative gc_urgency 0.450105 current_native_bytes is 135597461
12-21 09:50:29.123  3159  3562 I com.miui.home: CheckGCForNative adj_start_bytes: 34336906 NativeAllocationGcWatermark: 10728553 java_gc_start_bytes: 18244077 kNewNativeDiscountFactor: 2 kOldNativeDiscountFactor: 65536 old_native_bytes: 124886429 new_native_bytes: 10711032 add_bytes_allowed: 32185659 is_gc_concurrent: 1 target_footprint_: 18719565 GetBytesAllocated: 10097800 HeapGrowthMultiplier: 3
12-21 09:50:29.128  3159  3562 I com.miui.home: CheckGCForNative gc_urgency 0.450105 current_native_bytes is 135597461
12-21 09:50:29.215  9984  9984 I wm_on_start_called: [0,189328371,com.yxcorp.gifshow.HomeActivity,handleStartActivity,191]
12-21 09:50:29.244  3159  3286 I com.miui.home: CheckGCForNative adj_start_bytes: 34336906 NativeAllocationGcWatermark: 10728553 java_gc_start_bytes: 18244077 kNewNativeDiscountFactor: 2 kOldNativeDiscountFactor: 65536 old_native_bytes: 124886429 new_native_bytes: 21968 add_bytes_allowed: 32185659 is_gc_concurrent: 1 target_footprint_: 18719565 GetBytesAllocated: 10245608 HeapGrowthMultiplier: 3
12-21 09:50:29.244  3159  3286 I com.miui.home: CheckGCForNative gc_urgency 0.29876 current_native_bytes is 124908397
12-21 09:50:29.344  9984  9984 I wm_on_resume_called: [0,189328371,com.yxcorp.gifshow.HomeActivity,RESUME_ACTIVITY,9]
12-21 09:50:29.377  3159  3286 I com.miui.home: CheckGCForNative adj_start_bytes: 34336906 NativeAllocationGcWatermark: 10728553 java_gc_start_bytes: 18244077 kNewNativeDiscountFactor: 2 kOldNativeDiscountFactor: 65536 old_native_bytes: 124886429 new_native_bytes: 30656 add_bytes_allowed: 32185659 is_gc_concurrent: 1 target_footprint_: 18719565 GetBytesAllocated: 10294760 HeapGrowthMultiplier: 3
12-21 09:50:29.377  3159  3286 I com.miui.home: CheckGCForNative gc_urgency 0.300318 current_native_bytes is 124917085
12-21 09:50:29.379  9984  9984 I wm_on_top_resumed_gained_called: [189328371,com.yxcorp.gifshow.HomeActivity,topStateChangedWhenResumed]
12-21 09:50:29.600  3159  3286 I com.miui.home: CheckGCForNative adj_start_bytes: 34336906 NativeAllocationGcWatermark: 10728553 java_gc_start_bytes: 18244077 kNewNativeDiscountFactor: 2 kOldNativeDiscountFactor: 65536 old_native_bytes: 124886429 new_native_bytes: 38496 add_bytes_allowed: 32185659 is_gc_concurrent: 1 target_footprint_: 18719565 GetBytesAllocated: 10409448 HeapGrowthMultiplier: 3
12-21 09:50:29.600  3159  3286 I com.miui.home: CheckGCForNative gc_urgency 0.303772 current_native_bytes is 124924925
12-21 09:50:29.832 10133 10133 I wm_on_application_create_called: [0,com.xiaomi.market,212]
12-21 09:50:30.068  3159  3665 I com.miui.home: CheckGCForNative adj_start_bytes: 34336906 NativeAllocationGcWatermark: 10728553 java_gc_start_bytes: 18244077 kNewNativeDiscountFactor: 2 kOldNativeDiscountFactor: 65536 old_native_bytes: 124886429 new_native_bytes: 1830192 add_bytes_allowed: 32185659 is_gc_concurrent: 1 target_footprint_: 18719565 GetBytesAllocated: 11377288 HeapGrowthMultiplier: 3
12-21 09:50:30.068  3159  3665 I com.miui.home: CheckGCForNative gc_urgency 0.358049 current_native_bytes is 126716621
12-21 09:50:30.097  3159  3665 I com.miui.home: CheckGCForNative adj_start_bytes: 34336906 NativeAllocationGcWatermark: 10728553 java_gc_start_bytes: 18244077 kNewNativeDiscountFactor: 2 kOldNativeDiscountFactor: 65536 old_native_bytes: 124886429 new_native_bytes: 3250960 add_bytes_allowed: 32185659 is_gc_concurrent: 1 target_footprint_: 18719565 GetBytesAllocated: 11442888 HeapGrowthMultiplier: 3
12-21 09:50:30.097  3159  3665 I com.miui.home: CheckGCForNative gc_urgency 0.380648 current_native_bytes is 128137389
12-21 09:50:30.308  9984  9984 I wm_on_top_resumed_lost_called: [189328371,com.yxcorp.gifshow.HomeActivity,topStateChangedWhenResumed]
12-21 09:50:30.360  9984  9984 I wm_on_paused_called: [0,189328371,com.yxcorp.gifshow.HomeActivity,performPause,36]
12-21 09:50:30.481  3159  3665 I com.miui.home: CheckGCForNative adj_start_bytes: 34336906 NativeAllocationGcWatermark: 10728553 java_gc_start_bytes: 18244077 kNewNativeDiscountFactor: 2 kOldNativeDiscountFactor: 65536 old_native_bytes: 124886429 new_native_bytes: 4484212 add_bytes_allowed: 32185659 is_gc_concurrent: 1 target_footprint_: 18719565 GetBytesAllocated: 11869384 HeapGrowthMultiplier: 3
12-21 09:50:30.481  3159  3665 I com.miui.home: CheckGCForNative gc_urgency 0.411027 current_native_bytes is 129370641
12-21 09:50:30.550  3159  3665 I com.miui.home: CheckGCForNative adj_start_bytes: 34336906 NativeAllocationGcWatermark: 10728553 java_gc_start_bytes: 18244077 kNewNativeDiscountFactor: 2 kOldNativeDiscountFactor: 65536 old_native_bytes: 124886429 new_native_bytes: 15439708 add_bytes_allowed: 32185659 is_gc_concurrent: 1 target_footprint_: 18719565 GetBytesAllocated: 12016904 HeapGrowthMultiplier: 3
12-21 09:50:30.550  3159  3665 I com.miui.home: CheckGCForNative gc_urgency 0.574853 current_native_bytes is 140326137
12-21 09:50:30.600  3159  3665 I com.miui.home: CheckGCForNative adj_start_bytes: 34336906 NativeAllocationGcWatermark: 10728553 java_gc_start_bytes: 18244077 kNewNativeDiscountFactor: 2 kOldNativeDiscountFactor: 65536 old_native_bytes: 124886429 new_native_bytes: 4804892 add_bytes_allowed: 32185659 is_gc_concurrent: 1 target_footprint_: 18719565 GetBytesAllocated: 12246872 HeapGrowthMultiplier: 3
12-21 09:50:30.600  3159  3665 I com.miui.home: CheckGCForNative gc_urgency 0.42669 current_native_bytes is 129691321
12-21 09:50:31.476 10339 10339 I wm_on_create_called: [0,113110182,com.tencent.qqlive.ona.activity.SplashHomeActivity,performCreate,139]
12-21 09:50:31.499 10339 10339 I wm_on_start_called: [0,113110182,com.tencent.qqlive.ona.activity.SplashHomeActivity,handleStartActivity,22]
12-21 09:50:31.591 10339 10339 I wm_on_resume_called: [0,113110182,com.tencent.qqlive.ona.activity.SplashHomeActivity,RESUME_ACTIVITY,89]
12-21 09:50:31.698 10339 10339 I wm_on_top_resumed_gained_called: [113110182,com.tencent.qqlive.ona.activity.SplashHomeActivity,topStateChangedWhenResumed]
12-21 09:50:31.742  3159  3700 I com.miui.home: CheckGCForNative adj_start_bytes: 34336906 NativeAllocationGcWatermark: 10728553 java_gc_start_bytes: 18244077 kNewNativeDiscountFactor: 2 kOldNativeDiscountFactor: 65536 old_native_bytes: 124886429 new_native_bytes: 15682788 add_bytes_allowed: 32185659 is_gc_concurrent: 1 target_footprint_: 18719565 GetBytesAllocated: 13066680 HeapGrowthMultiplier: 3
12-21 09:50:31.742  3159  3700 I com.miui.home: CheckGCForNative gc_urgency 0.608965 current_native_bytes is 140569217
12-21 09:50:31.742  3159  3700 I com.miui.home: CheckGCForNative adj_start_bytes: 34336906 NativeAllocationGcWatermark: 10728553 java_gc_start_bytes: 18244077 kNewNativeDiscountFactor: 2 kOldNativeDiscountFactor: 65536 old_native_bytes: 124886429 new_native_bytes: 26389348 add_bytes_allowed: 32185659 is_gc_concurrent: 1 target_footprint_: 18719565 GetBytesAllocated: 13083256 HeapGrowthMultiplier: 3
12-21 09:50:31.742  3159  3700 I com.miui.home: CheckGCForNative gc_urgency 0.765353 current_native_bytes is 151275777
12-21 09:50:31.744  3159  3286 I com.miui.home: CheckGCForNative adj_start_bytes: 34336906 NativeAllocationGcWatermark: 10728553 java_gc_start_bytes: 18244077 kNewNativeDiscountFactor: 2 kOldNativeDiscountFactor: 65536 old_native_bytes: 124886429 new_native_bytes: 15685604 add_bytes_allowed: 32185659 is_gc_concurrent: 1 target_footprint_: 18719565 GetBytesAllocated: 13099640 HeapGrowthMultiplier: 3
12-21 09:50:31.744  3159  3286 I com.miui.home: CheckGCForNative gc_urgency 0.609966 current_native_bytes is 140572033
12-21 09:50:31.781  3159  3195 I com.miui.home: CheckGCForNative adj_start_bytes: 34336906 NativeAllocationGcWatermark: 10728553 java_gc_start_bytes: 18244077 kNewNativeDiscountFactor: 2 kOldNativeDiscountFactor: 65536 old_native_bytes: 124886429 new_native_bytes: 26414468 add_bytes_allowed: 32185659 is_gc_concurrent: 1 target_footprint_: 18719565 GetBytesAllocated: 13148792 HeapGrowthMultiplier: 3
12-21 09:50:31.781  3159  3195 I com.miui.home: CheckGCForNative gc_urgency 0.767627 current_native_bytes is 151300897
12-21 09:50:32.100  3159  3286 I com.miui.home: CheckGCForNative adj_start_bytes: 34336906 NativeAllocationGcWatermark: 10728553 java_gc_start_bytes: 18244077 kNewNativeDiscountFactor: 2 kOldNativeDiscountFactor: 65536 old_native_bytes: 124886429 new_native_bytes: 15664852 add_bytes_allowed: 32185659 is_gc_concurrent: 1 target_footprint_: 18719565 GetBytesAllocated: 13427896 HeapGrowthMultiplier: 3
12-21 09:50:32.100  3159  3286 I com.miui.home: CheckGCForNative gc_urgency 0.619224 current_native_bytes is 140551281
12-21 09:50:32.697  3159 10726 I com.miui.home: CheckGCForNative adj_start_bytes: 34336906 NativeAllocationGcWatermark: 10728553 java_gc_start_bytes: 18244077 kNewNativeDiscountFactor: 2 kOldNativeDiscountFactor: 65536 old_native_bytes: 124886429 new_native_bytes: 15787336 add_bytes_allowed: 32185659 is_gc_concurrent: 1 target_footprint_: 18719565 GetBytesAllocated: 13903496 HeapGrowthMultiplier: 3
12-21 09:50:32.697  3159 10726 I com.miui.home: CheckGCForNative gc_urgency 0.634858 current_native_bytes is 140673765
12-21 09:50:32.807  3159 10726 I com.miui.home: CheckGCForNative adj_start_bytes: 34336906 NativeAllocationGcWatermark: 10728553 java_gc_start_bytes: 18244077 kNewNativeDiscountFactor: 2 kOldNativeDiscountFactor: 65536 old_native_bytes: 124886429 new_native_bytes: 15789128 add_bytes_allowed: 32185659 is_gc_concurrent: 1 target_footprint_: 18719565 GetBytesAllocated: 13919880 HeapGrowthMultiplier: 3
12-21 09:50:32.807  3159 10726 I com.miui.home: CheckGCForNative gc_urgency 0.635362 current_native_bytes is 140675557
12-21 09:50:33.211  3159  3286 I com.miui.home: CheckGCForNative adj_start_bytes: 34336906 NativeAllocationGcWatermark: 10728553 java_gc_start_bytes: 18244077 kNewNativeDiscountFactor: 2 kOldNativeDiscountFactor: 65536 old_native_bytes: 124886429 new_native_bytes: 15969420 add_bytes_allowed: 32185659 is_gc_concurrent: 1 target_footprint_: 18719565 GetBytesAllocated: 14395576 HeapGrowthMultiplier: 3
12-21 09:50:33.211  3159  3286 I com.miui.home: CheckGCForNative gc_urgency 0.651841 current_native_bytes is 140855849
12-21 09:50:33.344  3159  3665 I com.miui.home: CheckGCForNative adj_start_bytes: 34336906 NativeAllocationGcWatermark: 10728553 java_gc_start_bytes: 18244077 kNewNativeDiscountFactor: 2 kOldNativeDiscountFactor: 65536 old_native_bytes: 124886429 new_native_bytes: 15850812 add_bytes_allowed: 32185659 is_gc_concurrent: 1 target_footprint_: 18719565 GetBytesAllocated: 14789304 HeapGrowthMultiplier: 3
12-21 09:50:33.344  3159  3665 I com.miui.home: CheckGCForNative gc_urgency 0.66158 current_native_bytes is 140737241
12-21 09:50:33.482  3159  3665 I com.miui.home: CheckGCForNative adj_start_bytes: 34336906 NativeAllocationGcWatermark: 10728553 java_gc_start_bytes: 18244077 kNewNativeDiscountFactor: 2 kOldNativeDiscountFactor: 65536 old_native_bytes: 124886429 new_native_bytes: 26794896 add_bytes_allowed: 32185659 is_gc_concurrent: 1 target_footprint_: 18719565 GetBytesAllocated: 14953144 HeapGrowthMultiplier: 3
12-21 09:50:33.482  3159  3665 I com.miui.home: CheckGCForNative gc_urgency 0.825715 current_native_bytes is 151681325
12-21 09:50:33.973 10817 10817 I wm_on_create_called: [0,80696723,com.tencent.mobileqq.activity.SplashActivity,performCreate,81]
12-21 09:50:33.978 10817 10817 I wm_on_start_called: [0,80696723,com.tencent.mobileqq.activity.SplashActivity,handleStartActivity,4]
12-21 09:50:33.989 10817 10817 I wm_on_resume_called: [0,80696723,com.tencent.mobileqq.activity.SplashActivity,RESUME_ACTIVITY,10]
12-21 09:50:34.014 10817 10817 I wm_on_top_resumed_gained_called: [80696723,com.tencent.mobileqq.activity.SplashActivity,topStateChangedWhenResumed]
