12-19 21:28:58.072  3306  3306 I wm_on_top_resumed_lost_called: [162468766,com.miui.home.launcher.Launcher,topStateChangedWhenResumed]
12-19 21:28:58.080  3306  3306 I wm_on_paused_called: [0,162468766,com.miui.home.launcher.Launcher,performPause,5]
12-19 21:28:58.107  3306  3775 I com.miui.home: CheckGCForNative adj_start_bytes: 41681398 NativeAllocationGcWatermark: 11465403 java_gc_start_bytes: 24483294 kNewNativeDiscountFactor: 2 kOldNativeDiscountFactor: 65536 old_native_bytes: 70722747 new_native_bytes: 595068 add_bytes_allowed: 34396209 is_gc_concurrent: 1 target_footprint_: 24614366 GetBytesAllocated: 13204400 HeapGrowthMultiplier: 3
12-19 21:28:58.107  3306  3775 I com.miui.home: CheckGCForNative gc_urgency 0.323958 current_native_bytes is 71317815
12-19 21:28:58.191  3306  3386 D cccccc  : onTaskStackChangedBackground
12-19 21:28:58.442  3306  3799 I com.miui.home: CheckGCForNative adj_start_bytes: 41681398 NativeAllocationGcWatermark: 11465403 java_gc_start_bytes: 24483294 kNewNativeDiscountFactor: 2 kOldNativeDiscountFactor: 65536 old_native_bytes: 70722747 new_native_bytes: 1546388 add_bytes_allowed: 34396209 is_gc_concurrent: 1 target_footprint_: 24614366 GetBytesAllocated: 13848080 HeapGrowthMultiplier: 3
12-19 21:28:58.442  3306  3799 I com.miui.home: CheckGCForNative gc_urgency 0.350812 current_native_bytes is 72269135
12-19 21:28:58.575  3306  3799 I com.miui.home: CheckGCForNative adj_start_bytes: 41681398 NativeAllocationGcWatermark: 11465403 java_gc_start_bytes: 24483294 kNewNativeDiscountFactor: 2 kOldNativeDiscountFactor: 65536 old_native_bytes: 70722747 new_native_bytes: 1874100 add_bytes_allowed: 34396209 is_gc_concurrent: 1 target_footprint_: 24614366 GetBytesAllocated: 14008795 HeapGrowthMultiplier: 3
12-19 21:28:58.575  3306  3799 I com.miui.home: CheckGCForNative gc_urgency 0.358599 current_native_bytes is 72596847
12-19 21:28:58.789  3306  3998 I com.miui.home: CheckGCForNative adj_start_bytes: 41681398 NativeAllocationGcWatermark: 11465403 java_gc_start_bytes: 24483294 kNewNativeDiscountFactor: 2 kOldNativeDiscountFactor: 65536 old_native_bytes: 70722747 new_native_bytes: 3143796 add_bytes_allowed: 34396209 is_gc_concurrent: 1 target_footprint_: 24614366 GetBytesAllocated: 14436391 HeapGrowthMultiplier: 3
12-19 21:28:58.789  3306  3998 I com.miui.home: CheckGCForNative gc_urgency 0.384089 current_native_bytes is 73866543
12-19 21:28:58.876  3306  3998 I com.miui.home: CheckGCForNative adj_start_bytes: 41681398 NativeAllocationGcWatermark: 11465403 java_gc_start_bytes: 24483294 kNewNativeDiscountFactor: 2 kOldNativeDiscountFactor: 65536 old_native_bytes: 70722747 new_native_bytes: 3354152 add_bytes_allowed: 34396209 is_gc_concurrent: 1 target_footprint_: 24614366 GetBytesAllocated: 14607024 HeapGrowthMultiplier: 3
12-19 21:28:58.876  3306  3998 I com.miui.home: CheckGCForNative gc_urgency 0.390706 current_native_bytes is 74076899
12-19 21:28:58.882  3306  3998 I com.miui.home: CheckGCForNative adj_start_bytes: 41681398 NativeAllocationGcWatermark: 11465403 java_gc_start_bytes: 24483294 kNewNativeDiscountFactor: 2 kOldNativeDiscountFactor: 65536 old_native_bytes: 70722747 new_native_bytes: 3881256 add_bytes_allowed: 34396209 is_gc_concurrent: 1 target_footprint_: 24614366 GetBytesAllocated: 14636044 HeapGrowthMultiplier: 3
12-19 21:28:58.882  3306  3998 I com.miui.home: CheckGCForNative gc_urgency 0.397725 current_native_bytes is 74604003
12-19 21:28:59.018  3306  3998 I com.miui.home: CheckGCForNative adj_start_bytes: 41681398 NativeAllocationGcWatermark: 11465403 java_gc_start_bytes: 24483294 kNewNativeDiscountFactor: 2 kOldNativeDiscountFactor: 65536 old_native_bytes: 70722747 new_native_bytes: 5014152 add_bytes_allowed: 34396209 is_gc_concurrent: 1 target_footprint_: 24614366 GetBytesAllocated: 14732435 HeapGrowthMultiplier: 3
12-19 21:28:59.018  3306  3998 I com.miui.home: CheckGCForNative gc_urgency 0.413628 current_native_bytes is 75736899
12-19 21:28:59.023  3306  3998 I com.miui.home: CheckGCForNative adj_start_bytes: 41681398 NativeAllocationGcWatermark: 11465403 java_gc_start_bytes: 24483294 kNewNativeDiscountFactor: 2 kOldNativeDiscountFactor: 65536 old_native_bytes: 70722747 new_native_bytes: 5539976 add_bytes_allowed: 34396209 is_gc_concurrent: 1 target_footprint_: 24614366 GetBytesAllocated: 14752915 HeapGrowthMultiplier: 3
12-19 21:28:59.023  3306  3998 I com.miui.home: CheckGCForNative gc_urgency 0.420427 current_native_bytes is 76262723
12-19 21:28:59.028  3306  3998 I com.miui.home: CheckGCForNative adj_start_bytes: 41681398 NativeAllocationGcWatermark: 11465403 java_gc_start_bytes: 24483294 kNewNativeDiscountFactor: 2 kOldNativeDiscountFactor: 65536 old_native_bytes: 70722747 new_native_bytes: 5770248 add_bytes_allowed: 34396209 is_gc_concurrent: 1 target_footprint_: 24614366 GetBytesAllocated: 14759444 HeapGrowthMultiplier: 3
12-19 21:28:59.028  3306  3998 I com.miui.home: CheckGCForNative gc_urgency 0.423346 current_native_bytes is 76492995
12-19 21:28:59.127  3306  3998 I cccccc  : getTaskSnapshotInstance:
12-19 21:28:59.129  3306  3998 I cccccc  : getTaskSnapshotInstance:
12-19 21:28:59.290  3306  3998 I com.miui.home: CheckGCForNative adj_start_bytes: 41681398 NativeAllocationGcWatermark: 11465403 java_gc_start_bytes: 24483294 kNewNativeDiscountFactor: 2 kOldNativeDiscountFactor: 65536 old_native_bytes: 70722747 new_native_bytes: 17508816 add_bytes_allowed: 34396209 is_gc_concurrent: 1 target_footprint_: 24614366 GetBytesAllocated: 14957826 HeapGrowthMultiplier: 3
12-19 21:28:59.291  3306  3998 I com.miui.home: CheckGCForNative gc_urgency 0.568918 current_native_bytes is 88231563
12-19 21:28:59.292  3306  3998 I com.miui.home: CheckGCForNative adj_start_bytes: 41681398 NativeAllocationGcWatermark: 11465403 java_gc_start_bytes: 24483294 kNewNativeDiscountFactor: 2 kOldNativeDiscountFactor: 65536 old_native_bytes: 70722747 new_native_bytes: 28215952 add_bytes_allowed: 34396209 is_gc_concurrent: 1 target_footprint_: 24614366 GetBytesAllocated: 14965921 HeapGrowthMultiplier: 3
12-19 21:28:59.292  3306  3998 I com.miui.home: CheckGCForNative gc_urgency 0.697553 current_native_bytes is 98938699
12-19 21:28:59.293  3306  3998 I cccccc  : getTaskThumbnailInfo: 2460 1.0  10705920
12-19 21:28:59.293  3306  3998 I cccccc  : getTaskSnapshotInstance:
12-19 21:28:59.354  3306  3998 I com.miui.home: CheckGCForNative adj_start_bytes: 41681398 NativeAllocationGcWatermark: 11465403 java_gc_start_bytes: 24483294 kNewNativeDiscountFactor: 2 kOldNativeDiscountFactor: 65536 old_native_bytes: 70722747 new_native_bytes: 28216464 add_bytes_allowed: 34396209 is_gc_concurrent: 1 target_footprint_: 24614366 GetBytesAllocated: 14967501 HeapGrowthMultiplier: 3
12-19 21:28:59.355  3306  3998 I com.miui.home: CheckGCForNative gc_urgency 0.697597 current_native_bytes is 98939211
12-19 21:28:59.358  3306  3998 I com.miui.home: CheckGCForNative adj_start_bytes: 41681398 NativeAllocationGcWatermark: 11465403 java_gc_start_bytes: 24483294 kNewNativeDiscountFactor: 2 kOldNativeDiscountFactor: 65536 old_native_bytes: 70722747 new_native_bytes: 38923408 add_bytes_allowed: 34396209 is_gc_concurrent: 1 target_footprint_: 24614366 GetBytesAllocated: 14976080 HeapGrowthMultiplier: 3
12-19 21:28:59.358  3306  3998 I com.miui.home: CheckGCForNative gc_urgency 0.826241 current_native_bytes is 109646155
12-19 21:28:59.359  3306  3998 I cccccc  : getTaskThumbnailInfo: 2460 1.0  10705920
12-19 21:28:59.359  3306  3998 I cccccc  : getTaskSnapshotInstance:
12-19 21:28:59.406  3306  3998 I com.miui.home: CheckGCForNative adj_start_bytes: 41681398 NativeAllocationGcWatermark: 11465403 java_gc_start_bytes: 24483294 kNewNativeDiscountFactor: 2 kOldNativeDiscountFactor: 65536 old_native_bytes: 70722747 new_native_bytes: 38924560 add_bytes_allowed: 34396209 is_gc_concurrent: 1 target_footprint_: 24614366 GetBytesAllocated: 14980333 HeapGrowthMultiplier: 3
12-19 21:28:59.406  3306  3998 I com.miui.home: CheckGCForNative gc_urgency 0.826356 current_native_bytes is 109647307
12-19 21:28:59.407  3306  3998 I com.miui.home: CheckGCForNative adj_start_bytes: 41681398 NativeAllocationGcWatermark: 11465403 java_gc_start_bytes: 24483294 kNewNativeDiscountFactor: 2 kOldNativeDiscountFactor: 65536 old_native_bytes: 70722747 new_native_bytes: 49631504 add_bytes_allowed: 34396209 is_gc_concurrent: 1 target_footprint_: 24614366 GetBytesAllocated: 14985216 HeapGrowthMultiplier: 3
12-19 21:28:59.407  3306  3998 I com.miui.home: CheckGCForNative gc_urgency 0.954911 current_native_bytes is 120354251
12-19 21:28:59.407  3306  3998 I cccccc  : getTaskThumbnailInfo: 2460 1.0  10705920
12-19 21:28:59.529  8582  8582 I wm_on_application_create_called: [0,com.autonavi.minimap,393]
12-19 21:28:59.710  3306  3306 I com.miui.home: CheckGCForNative adj_start_bytes: 41681398 NativeAllocationGcWatermark: 11465403 java_gc_start_bytes: 24483294 kNewNativeDiscountFactor: 2 kOldNativeDiscountFactor: 65536 old_native_bytes: 70722747 new_native_bytes: 39055156 add_bytes_allowed: 34396209 is_gc_concurrent: 1 target_footprint_: 24614366 GetBytesAllocated: 15212840 HeapGrowthMultiplier: 3
12-19 21:28:59.710  3306  3306 I com.miui.home: CheckGCForNative gc_urgency 0.833501 current_native_bytes is 109777903
12-19 21:28:59.768  8489  8489 I wm_on_application_create_called: [0,com.autonavi.minimap,1136]
12-19 21:28:59.776  3306  3306 I wm_on_resume_called: [0,162468766,com.miui.home.launcher.Launcher,RESUME_ACTIVITY,35]
12-19 21:28:59.796  3306  3306 I wm_on_idle_called: com.miui.home.launcher.Launcher
12-19 21:28:59.909  3306  3775 I com.miui.home: CheckGCForNative adj_start_bytes: 41681398 NativeAllocationGcWatermark: 11465403 java_gc_start_bytes: 24483294 kNewNativeDiscountFactor: 2 kOldNativeDiscountFactor: 65536 old_native_bytes: 70722747 new_native_bytes: 39302588 add_bytes_allowed: 34396209 is_gc_concurrent: 1 target_footprint_: 24614366 GetBytesAllocated: 15972284 HeapGrowthMultiplier: 3
12-19 21:28:59.909  3306  3775 I com.miui.home: CheckGCForNative gc_urgency 0.85469 current_native_bytes is 110025335
12-19 21:29:00.157  3306  3306 I wm_on_top_resumed_gained_called: [162468766,com.miui.home.launcher.Launcher,topStateChangedWhenResumed]
12-19 21:29:00.188  8489  8489 I wm_on_create_called: [0,130547906,com.autonavi.map.activity.SplashActivity,performCreate,348]
12-19 21:29:00.236  3306  3799 I com.miui.home: CheckGCForNative adj_start_bytes: 41681398 NativeAllocationGcWatermark: 11465403 java_gc_start_bytes: 24483294 kNewNativeDiscountFactor: 2 kOldNativeDiscountFactor: 65536 old_native_bytes: 70722747 new_native_bytes: 39251036 add_bytes_allowed: 34396209 is_gc_concurrent: 1 target_footprint_: 24614366 GetBytesAllocated: 16450850 HeapGrowthMultiplier: 3
12-19 21:29:00.236  3306  3799 I com.miui.home: CheckGCForNative gc_urgency 0.865553 current_native_bytes is 109973783
12-19 21:29:00.344  3306  3386 D cccccc  : onTaskStackChangedBackground
12-19 21:29:00.396  3306  3386 I com.miui.home: CheckGCForNative adj_start_bytes: 41681398 NativeAllocationGcWatermark: 11465403 java_gc_start_bytes: 24483294 kNewNativeDiscountFactor: 2 kOldNativeDiscountFactor: 65536 old_native_bytes: 70722747 new_native_bytes: 50033372 add_bytes_allowed: 34396209 is_gc_concurrent: 1 target_footprint_: 24614366 GetBytesAllocated: 16534675 HeapGrowthMultiplier: 3
12-19 21:29:00.396  3306  3386 I com.miui.home: CheckGCForNative gc_urgency 0.996906 current_native_bytes is 120756119
12-19 21:29:00.401  3306  3306 I com.miui.home: CheckGCForNative adj_start_bytes: 41681398 NativeAllocationGcWatermark: 11465403 java_gc_start_bytes: 24483294 kNewNativeDiscountFactor: 2 kOldNativeDiscountFactor: 65536 old_native_bytes: 70722747 new_native_bytes: 60740572 add_bytes_allowed: 34396209 is_gc_concurrent: 1 target_footprint_: 24614366 GetBytesAllocated: 16540350 HeapGrowthMultiplier: 3
12-19 21:29:00.401  3306  3306 I com.miui.home: CheckGCForNative gc_urgency 1.12548 current_native_bytes is 131463319
12-19 21:29:00.401  3306  3306 I com.miui.home: CheckGCForNative requested 1
12-19 21:29:00.401  3306  3306 I cccccc  : getTaskThumbnailInfo: 2460 1.0  10705920
12-19 21:29:00.631  8489  8489 I wm_on_create_called: [0,204798112,com.autonavi.map.activity.NewMapActivity,performCreate,377]
12-19 21:29:00.641  3306  3369 I com.miui.home: NativeAlloc concurrent copying GC freed 86624(3611KB) AllocSpace objects, 10(328KB) LOS objects, 49% free, 12MB/24MB, paused 528us,89us total 239.502ms
12-19 21:29:00.653  8489  8489 I wm_on_start_called: [0,204798112,com.autonavi.map.activity.NewMapActivity,handleStartActivity,20]
12-19 21:29:00.662  8489  8489 I wm_on_resume_called: [0,204798112,com.autonavi.map.activity.NewMapActivity,RESUME_ACTIVITY,7]
12-19 21:29:00.697  3306  3386 I com.miui.home: CheckGCForNative gc_urgency 0 current_native_bytes is 119746647
12-19 21:29:00.701  3306  3306 I wm_on_top_resumed_lost_called: [162468766,com.miui.home.launcher.Launcher,topStateChangedWhenResumed]
12-19 21:29:00.766  8489  8489 I wm_on_destroy_called: [0,130547906,com.autonavi.map.activity.SplashActivity,performDestroy,0]
12-19 21:29:00.767  8489  8489 I wm_on_paused_called: [0,204798112,com.autonavi.map.activity.NewMapActivity,performPause,1]
12-19 21:29:00.791  3306  3306 I wm_on_paused_called: [0,162468766,com.miui.home.launcher.Launcher,performPause,3]
12-19 21:29:00.922  8489  8489 I wm_on_stop_called: [0,204798112,com.autonavi.map.activity.NewMapActivity,STOP_ACTIVITY_ITEM,6]
12-19 21:29:00.925  3306  3399 D cccccc  : onTaskStackChangedBackground
12-19 21:29:00.928  8489  8489 I wm_on_idle_called: com.autonavi.map.activity.NewMapActivity
12-19 21:29:01.040  3306  3998 I cccccc  : getTaskSnapshotInstance:
12-19 21:29:01.041  3306  3998 I com.miui.home: CheckGCForNative adj_start_bytes: 42767852 NativeAllocationGcWatermark: 11602910 java_gc_start_bytes: 25363487 kNewNativeDiscountFactor: 2 kOldNativeDiscountFactor: 65536 old_native_bytes: 119746647 new_native_bytes: 8610712 add_bytes_allowed: 34808730 is_gc_concurrent: 1 target_footprint_: 25714419 GetBytesAllocated: 13946456 HeapGrowthMultiplier: 3
12-19 21:29:01.041  3306  3998 I com.miui.home: CheckGCForNative gc_urgency 0.426807 current_native_bytes is 128357359
12-19 21:29:01.042  3306  3998 I cccccc  : getTaskThumbnailInfo: 2460 1.0  10705920
12-19 21:29:01.127  3306  3998 I com.miui.home: CheckGCForNative gc_urgency 0 current_native_bytes is 117692455
12-19 21:29:01.353  3306  3998 I cccccc  : getTaskSnapshotInstance:
12-19 21:29:01.391  3306  3799 I com.miui.home: CheckGCForNative gc_urgency 0 current_native_bytes is 117681987
12-19 21:29:01.658  3306  3799 I com.miui.home: CheckGCForNative gc_urgency 0 current_native_bytes is 117645659
12-19 21:29:01.746  8923  8923 I wm_on_create_called: [0,106671029,fm.qingting.qtradio.WelcomeActivity,performCreate,99]
12-19 21:29:01.747  8923  8923 I wm_on_start_called: [0,106671029,fm.qingting.qtradio.WelcomeActivity,handleStartActivity,0]
12-19 21:29:01.754  8923  8923 I wm_on_resume_called: [0,106671029,fm.qingting.qtradio.WelcomeActivity,RESUME_ACTIVITY,4]
12-19 21:29:01.779  8923  8923 I wm_on_top_resumed_gained_called: [106671029,fm.qingting.qtradio.WelcomeActivity,topStateChangedWhenResumed]
12-19 21:29:02.033  3306  3306 I wm_on_stop_called: [0,162468766,com.miui.home.launcher.Launcher,STOP_ACTIVITY_ITEM,8]
12-19 21:29:02.406  8923  8923 I wm_on_idle_called: fm.qingting.qtradio.WelcomeActivity
12-19 21:29:02.544  8923  8923 I wm_on_top_resumed_lost_called: [106671029,fm.qingting.qtradio.WelcomeActivity,topStateChangedWhenResumed]
12-19 21:29:02.553  3306  3306 I wm_on_restart_called: [0,162468766,com.miui.home.launcher.Launcher,,0]
12-19 21:29:02.556  3306  3306 I wm_on_start_called: [0,162468766,com.miui.home.launcher.Launcher,handleStartActivity,2]
12-19 21:29:02.579  3306  3306 I wm_on_resume_called: [0,162468766,com.miui.home.launcher.Launcher,RESUME_ACTIVITY,21]
12-19 21:29:02.686  3306  3306 I wm_on_top_resumed_gained_called: [162468766,com.miui.home.launcher.Launcher,topStateChangedWhenResumed]
12-19 21:29:02.692  3306  3306 I wm_on_idle_called: com.miui.home.launcher.Launcher
12-19 21:29:02.760  3306  3376 I com.miui.home: CheckGCForNative gc_urgency 0 current_native_bytes is 116929095
12-19 21:29:03.080  3306  3799 I com.miui.home: CheckGCForNative adj_start_bytes: 42303060 NativeAllocationGcWatermark: 11530841 java_gc_start_bytes: 25006799 kNewNativeDiscountFactor: 2 kOldNativeDiscountFactor: 65536 old_native_bytes: 116929095 new_native_bytes: 35968 add_bytes_allowed: 34592523 is_gc_concurrent: 1 target_footprint_: 25137871 GetBytesAllocated: 14023288 HeapGrowthMultiplier: 3
12-19 21:29:03.080  3306  3799 I com.miui.home: CheckGCForNative gc_urgency 0.331963 current_native_bytes is 116965063
12-19 21:29:03.272  3306  3996 I com.miui.home: CheckGCForNative adj_start_bytes: 42303060 NativeAllocationGcWatermark: 11530841 java_gc_start_bytes: 25006799 kNewNativeDiscountFactor: 2 kOldNativeDiscountFactor: 65536 old_native_bytes: 116929095 new_native_bytes: 10734192 add_bytes_allowed: 34592523 is_gc_concurrent: 1 target_footprint_: 25137871 GetBytesAllocated: 14099554 HeapGrowthMultiplier: 3
12-19 21:29:03.272  3306  3996 I com.miui.home: CheckGCForNative gc_urgency 0.460213 current_native_bytes is 127663287
12-19 21:29:03.274  3306  3306 I com.miui.home: CheckGCForNative adj_start_bytes: 42303060 NativeAllocationGcWatermark: 11530841 java_gc_start_bytes: 25006799 kNewNativeDiscountFactor: 2 kOldNativeDiscountFactor: 65536 old_native_bytes: 116929095 new_native_bytes: 21442416 add_bytes_allowed: 34592523 is_gc_concurrent: 1 target_footprint_: 25137871 GetBytesAllocated: 14101996 HeapGrowthMultiplier: 3
12-19 21:29:03.274  3306  3306 I com.miui.home: CheckGCForNative gc_urgency 0.586837 current_native_bytes is 138371511
12-19 21:29:03.274  3306  3306 I cccccc  : getTaskThumbnailInfo: 2460 1.0  10705920
12-19 21:29:03.313  8923  8923 I wm_on_paused_called: [0,106671029,fm.qingting.qtradio.WelcomeActivity,performPause,75]
12-19 21:29:03.410  8923  8923 I wm_on_stop_called: [0,106671029,fm.qingting.qtradio.WelcomeActivity,STOP_ACTIVITY_ITEM,8]
12-19 21:29:03.444  3306  3386 D cccccc  : onTaskStackChangedBackground
12-19 21:29:03.474  9224  9224 I wm_on_application_create_called: [0,com.xiaomi.bluetooth,405]
12-19 21:29:03.611  3306  3306 I com.miui.home: CheckGCForNative adj_start_bytes: 42303060 NativeAllocationGcWatermark: 11530841 java_gc_start_bytes: 25006799 kNewNativeDiscountFactor: 2 kOldNativeDiscountFactor: 65536 old_native_bytes: 116929095 new_native_bytes: 11689376 add_bytes_allowed: 34592523 is_gc_concurrent: 1 target_footprint_: 25137871 GetBytesAllocated: 14880841 HeapGrowthMultiplier: 3
12-19 21:29:03.611  3306  3306 I com.miui.home: CheckGCForNative gc_urgency 0.489972 current_native_bytes is 128618471
12-19 21:29:03.660  3306  3306 I wm_on_top_resumed_lost_called: [162468766,com.miui.home.launcher.Launcher,topStateChangedWhenResumed]
12-19 21:29:03.665  3306  3306 I wm_on_paused_called: [0,162468766,com.miui.home.launcher.Launcher,performPause,3]
12-19 21:29:03.751  3306  3775 I com.miui.home: CheckGCForNative adj_start_bytes: 42303060 NativeAllocationGcWatermark: 11530841 java_gc_start_bytes: 25006799 kNewNativeDiscountFactor: 2 kOldNativeDiscountFactor: 65536 old_native_bytes: 116929095 new_native_bytes: 12298012 add_bytes_allowed: 34592523 is_gc_concurrent: 1 target_footprint_: 25137871 GetBytesAllocated: 15260676 HeapGrowthMultiplier: 3
12-19 21:29:03.751  3306  3775 I com.miui.home: CheckGCForNative gc_urgency 0.506145 current_native_bytes is 129227107
12-19 21:29:03.773  3306  4441 D cccccc  : onTaskStackChangedBackground
12-19 21:29:03.790  3306  3998 I cccccc  : getTaskSnapshotInstance:
12-19 21:29:03.825  3306  3998 I com.miui.home: CheckGCForNative adj_start_bytes: 42303060 NativeAllocationGcWatermark: 11530841 java_gc_start_bytes: 25006799 kNewNativeDiscountFactor: 2 kOldNativeDiscountFactor: 65536 old_native_bytes: 116929095 new_native_bytes: 23045236 add_bytes_allowed: 34592523 is_gc_concurrent: 1 target_footprint_: 25137871 GetBytesAllocated: 15422420 HeapGrowthMultiplier: 3
12-19 21:29:03.825  3306  3998 I com.miui.home: CheckGCForNative gc_urgency 0.636995 current_native_bytes is 139974331
12-19 21:29:03.828  3306  3998 I cccccc  : getTaskThumbnailInfo: 2460 1.0  10705920
12-19 21:29:04.069  3306  3799 I com.miui.home: CheckGCForNative adj_start_bytes: 42303060 NativeAllocationGcWatermark: 11530841 java_gc_start_bytes: 25006799 kNewNativeDiscountFactor: 2 kOldNativeDiscountFactor: 65536 old_native_bytes: 116929095 new_native_bytes: 13933136 add_bytes_allowed: 34592523 is_gc_concurrent: 1 target_footprint_: 25137871 GetBytesAllocated: 16107882 HeapGrowthMultiplier: 3
12-19 21:29:04.069  3306  3799 I com.miui.home: CheckGCForNative gc_urgency 0.545498 current_native_bytes is 130862231
12-19 21:29:04.139  3306  3998 I cccccc  : getTaskSnapshotInstance:
12-19 21:29:04.358  3306  3799 I com.miui.home: CheckGCForNative adj_start_bytes: 42303060 NativeAllocationGcWatermark: 11530841 java_gc_start_bytes: 25006799 kNewNativeDiscountFactor: 2 kOldNativeDiscountFactor: 65536 old_native_bytes: 116929095 new_native_bytes: 13971064 add_bytes_allowed: 34592523 is_gc_concurrent: 1 target_footprint_: 25137871 GetBytesAllocated: 16476990 HeapGrowthMultiplier: 3
12-19 21:29:04.358  3306  3799 I com.miui.home: CheckGCForNative gc_urgency 0.554672 current_native_bytes is 130900159
12-19 21:29:05.245  3306  3306 I com.miui.home: CheckGCForNative adj_start_bytes: 42303060 NativeAllocationGcWatermark: 11530841 java_gc_start_bytes: 25006799 kNewNativeDiscountFactor: 2 kOldNativeDiscountFactor: 65536 old_native_bytes: 116929095 new_native_bytes: 13828300 add_bytes_allowed: 34592523 is_gc_concurrent: 1 target_footprint_: 25137871 GetBytesAllocated: 16798339 HeapGrowthMultiplier: 3
12-19 21:29:05.245  3306  3306 I com.miui.home: CheckGCForNative gc_urgency 0.560581 current_native_bytes is 130757395
12-19 21:29:05.294  3306  3306 I wm_on_resume_called: [0,162468766,com.miui.home.launcher.Launcher,RESUME_ACTIVITY,22]
12-19 21:29:05.309  3306  3306 I wm_on_idle_called: com.miui.home.launcher.Launcher
12-19 21:29:05.592  3306  3799 I com.miui.home: CheckGCForNative adj_start_bytes: 42303060 NativeAllocationGcWatermark: 11530841 java_gc_start_bytes: 25006799 kNewNativeDiscountFactor: 2 kOldNativeDiscountFactor: 65536 old_native_bytes: 116929095 new_native_bytes: 14022612 add_bytes_allowed: 34592523 is_gc_concurrent: 1 target_footprint_: 25137871 GetBytesAllocated: 17286996 HeapGrowthMultiplier: 3
12-19 21:29:05.592  3306  3799 I com.miui.home: CheckGCForNative gc_urgency 0.574429 current_native_bytes is 130951707
12-19 21:29:05.702  3306  3306 I wm_on_top_resumed_gained_called: [162468766,com.miui.home.launcher.Launcher,topStateChangedWhenResumed]
12-19 21:29:05.781  3306  3799 I com.miui.home: CheckGCForNative adj_start_bytes: 42303060 NativeAllocationGcWatermark: 11530841 java_gc_start_bytes: 25006799 kNewNativeDiscountFactor: 2 kOldNativeDiscountFactor: 65536 old_native_bytes: 116929095 new_native_bytes: 14012180 add_bytes_allowed: 34592523 is_gc_concurrent: 1 target_footprint_: 25137871 GetBytesAllocated: 18036702 HeapGrowthMultiplier: 3
12-19 21:29:05.781  3306  3799 I com.miui.home: CheckGCForNative gc_urgency 0.592028 current_native_bytes is 130941275
12-19 21:29:05.833  3306  3377 I com.miui.home: CheckGCForNative adj_start_bytes: 42303060 NativeAllocationGcWatermark: 11530841 java_gc_start_bytes: 25006799 kNewNativeDiscountFactor: 2 kOldNativeDiscountFactor: 65536 old_native_bytes: 116929095 new_native_bytes: 24727172 add_bytes_allowed: 34592523 is_gc_concurrent: 1 target_footprint_: 25137871 GetBytesAllocated: 18061868 HeapGrowthMultiplier: 3
12-19 21:29:05.833  3306  3377 I com.miui.home: CheckGCForNative gc_urgency 0.719268 current_native_bytes is 141656267
12-19 21:29:05.834  3306  3306 I com.miui.home: CheckGCForNative adj_start_bytes: 42303060 NativeAllocationGcWatermark: 11530841 java_gc_start_bytes: 25006799 kNewNativeDiscountFactor: 2 kOldNativeDiscountFactor: 65536 old_native_bytes: 116929095 new_native_bytes: 35437508 add_bytes_allowed: 34592523 is_gc_concurrent: 1 target_footprint_: 25137871 GetBytesAllocated: 18068176 HeapGrowthMultiplier: 3
12-19 21:29:05.834  3306  3306 I com.miui.home: CheckGCForNative gc_urgency 0.846008 current_native_bytes is 152366603
12-19 21:29:05.835  3306  3306 I cccccc  : getTaskThumbnailInfo: 2460 1.0  10705920
12-19 21:29:06.334  3306  3306 I wm_on_top_resumed_lost_called: [162468766,com.miui.home.launcher.Launcher,topStateChangedWhenResumed]
12-19 21:29:06.358  3306  3306 I wm_on_paused_called: [0,162468766,com.miui.home.launcher.Launcher,performPause,3]
12-19 21:29:06.465  3306  4441 D cccccc  : onTaskStackChangedBackground
12-19 21:29:06.526  3306  4441 I com.miui.home: CheckGCForNative adj_start_bytes: 42303060 NativeAllocationGcWatermark: 11530841 java_gc_start_bytes: 25006799 kNewNativeDiscountFactor: 2 kOldNativeDiscountFactor: 65536 old_native_bytes: 116929095 new_native_bytes: 25264796 add_bytes_allowed: 34592523 is_gc_concurrent: 1 target_footprint_: 25137871 GetBytesAllocated: 18716312 HeapGrowthMultiplier: 3
12-19 21:29:06.526  3306  4441 I com.miui.home: CheckGCForNative gc_urgency 0.741093 current_native_bytes is 142193891
12-19 21:29:06.620  9395  9395 I wm_on_application_create_called: [0,com.ss.android.ugc.aweme,1074]
12-19 21:29:06.784  3306  3998 I com.miui.home: CheckGCForNative adj_start_bytes: 42303060 NativeAllocationGcWatermark: 11530841 java_gc_start_bytes: 25006799 kNewNativeDiscountFactor: 2 kOldNativeDiscountFactor: 65536 old_native_bytes: 116929095 new_native_bytes: 25427800 add_bytes_allowed: 34592523 is_gc_concurrent: 1 target_footprint_: 25137871 GetBytesAllocated: 19169789 HeapGrowthMultiplier: 3
12-19 21:29:06.784  3306  3998 I com.miui.home: CheckGCForNative gc_urgency 0.753739 current_native_bytes is 142356895
12-19 21:29:06.881  3306  3998 I cccccc  : getTaskSnapshotInstance:
12-19 21:29:06.887  3306  3998 I com.miui.home: CheckGCForNative adj_start_bytes: 42303060 NativeAllocationGcWatermark: 11530841 java_gc_start_bytes: 25006799 kNewNativeDiscountFactor: 2 kOldNativeDiscountFactor: 65536 old_native_bytes: 116929095 new_native_bytes: 36141144 add_bytes_allowed: 34592523 is_gc_concurrent: 1 target_footprint_: 25137871 GetBytesAllocated: 19571331 HeapGrowthMultiplier: 3
12-19 21:29:06.887  3306  3998 I com.miui.home: CheckGCForNative gc_urgency 0.889857 current_native_bytes is 153070239
12-19 21:29:06.889  3306  3998 I cccccc  : getTaskThumbnailInfo: 2460 1.0  10705920
12-19 21:29:06.904  3306  3729 I cccccc  : getTaskSnapshotInstance:
12-19 21:29:07.025  3306  3799 I com.miui.home: CheckGCForNative adj_start_bytes: 42303060 NativeAllocationGcWatermark: 11530841 java_gc_start_bytes: 25006799 kNewNativeDiscountFactor: 2 kOldNativeDiscountFactor: 65536 old_native_bytes: 116929095 new_native_bytes: 25504088 add_bytes_allowed: 34592523 is_gc_concurrent: 1 target_footprint_: 25137871 GetBytesAllocated: 19699673 HeapGrowthMultiplier: 3
12-19 21:29:07.025  3306  3799 I com.miui.home: CheckGCForNative gc_urgency 0.767167 current_native_bytes is 142433183
12-19 21:29:07.419  9698  9698 I wm_on_create_called: [0,210853676,com.eg.android.AlipayGphone.AlipayLogin,performCreate,102]
12-19 21:29:07.425  9698  9698 I wm_on_start_called: [0,210853676,com.eg.android.AlipayGphone.AlipayLogin,handleStartActivity,4]
12-19 21:29:07.441  9698  9698 I wm_on_resume_called: [0,210853676,com.eg.android.AlipayGphone.AlipayLogin,RESUME_ACTIVITY,12]
12-19 21:29:07.489  9698  9698 I wm_on_top_resumed_gained_called: [210853676,com.eg.android.AlipayGphone.AlipayLogin,topStateChangedWhenResumed]
12-19 21:29:08.074  3306  3306 I wm_on_resume_called: [0,162468766,com.miui.home.launcher.Launcher,RESUME_ACTIVITY,18]
12-19 21:29:08.101  3306  3306 I wm_on_idle_called: com.miui.home.launcher.Launcher
12-19 21:29:08.178  9395  9395 I wm_on_create_called: [0,59238597,com.ss.android.ugc.aweme.splash.SplashActivity,performCreate,1203]
12-19 21:29:08.235  3306  3376 I com.miui.home: CheckGCForNative adj_start_bytes: 42303060 NativeAllocationGcWatermark: 11530841 java_gc_start_bytes: 25006799 kNewNativeDiscountFactor: 2 kOldNativeDiscountFactor: 65536 old_native_bytes: 116929095 new_native_bytes: 25503852 add_bytes_allowed: 34592523 is_gc_concurrent: 1 target_footprint_: 25137871 GetBytesAllocated: 20912262 HeapGrowthMultiplier: 3
12-19 21:29:08.235  3306  3376 I com.miui.home: CheckGCForNative gc_urgency 0.795828 current_native_bytes is 142432947
12-19 21:29:08.480  3306  3306 I wm_on_top_resumed_gained_called: [162468766,com.miui.home.launcher.Launcher,topStateChangedWhenResumed]
12-19 21:29:08.631  3306  3799 I com.miui.home: CheckGCForNative adj_start_bytes: 42303060 NativeAllocationGcWatermark: 11530841 java_gc_start_bytes: 25006799 kNewNativeDiscountFactor: 2 kOldNativeDiscountFactor: 65536 old_native_bytes: 116929095 new_native_bytes: 25621804 add_bytes_allowed: 34592523 is_gc_concurrent: 1 target_footprint_: 25137871 GetBytesAllocated: 21290995 HeapGrowthMultiplier: 3
12-19 21:29:08.631  3306  3799 I com.miui.home: CheckGCForNative gc_urgency 0.806175 current_native_bytes is 142550899
12-19 21:29:08.787  3306  3799 I com.miui.home: CheckGCForNative adj_start_bytes: 42303060 NativeAllocationGcWatermark: 11530841 java_gc_start_bytes: 25006799 kNewNativeDiscountFactor: 2 kOldNativeDiscountFactor: 65536 old_native_bytes: 116929095 new_native_bytes: 25563308 add_bytes_allowed: 34592523 is_gc_concurrent: 1 target_footprint_: 25137871 GetBytesAllocated: 21400685 HeapGrowthMultiplier: 3
12-19 21:29:08.787  3306  3799 I com.miui.home: CheckGCForNative gc_urgency 0.808077 current_native_bytes is 142492403
12-19 21:29:08.909  3306  4441 I com.miui.home: CheckGCForNative adj_start_bytes: 42303060 NativeAllocationGcWatermark: 11530841 java_gc_start_bytes: 25006799 kNewNativeDiscountFactor: 2 kOldNativeDiscountFactor: 65536 old_native_bytes: 116929095 new_native_bytes: 36269684 add_bytes_allowed: 34592523 is_gc_concurrent: 1 target_footprint_: 25137871 GetBytesAllocated: 21423851 HeapGrowthMultiplier: 3
12-19 21:29:08.909  3306  4441 I com.miui.home: CheckGCForNative gc_urgency 0.935168 current_native_bytes is 153198779
12-19 21:29:08.910  3306  3306 I com.miui.home: CheckGCForNative adj_start_bytes: 42303060 NativeAllocationGcWatermark: 11530841 java_gc_start_bytes: 25006799 kNewNativeDiscountFactor: 2 kOldNativeDiscountFactor: 65536 old_native_bytes: 116929095 new_native_bytes: 46976628 add_bytes_allowed: 34592523 is_gc_concurrent: 1 target_footprint_: 25137871 GetBytesAllocated: 21424043 HeapGrowthMultiplier: 3
12-19 21:29:08.910  3306  3306 I com.miui.home: CheckGCForNative gc_urgency 1.06172 current_native_bytes is 163905723
12-19 21:29:08.910  3306  3306 I com.miui.home: CheckGCForNative requested 1
12-19 21:29:08.911  3306  3306 I cccccc  : getTaskThumbnailInfo: 2460 1.0  10705920
12-19 21:29:09.112  3306  3306 I wm_on_top_resumed_lost_called: [162468766,com.miui.home.launcher.Launcher,topStateChangedWhenResumed]
12-19 21:29:09.265  9395  9395 I wm_on_start_called: [0,59238597,com.ss.android.ugc.aweme.splash.SplashActivity,handleStartActivity,1069]
12-19 21:29:09.365  3306  3369 I com.miui.home: NativeAlloc concurrent copying GC freed 203604(8375KB) AllocSpace objects, 10(448KB) LOS objects, 49% free, 12MB/24MB, paused 279us,22us total 454.051ms
12-19 21:29:09.387  3306  3306 I wm_on_paused_called: [0,162468766,com.miui.home.launcher.Launcher,performPause,3]
12-19 21:29:09.487  3306  9538 D cccccc  : onTaskStackChangedBackground
12-19 21:29:09.538  9999  9999 I wm_on_application_create_called: [0,com.eg.android.AlipayGphone,576]
12-19 21:29:09.767  3306  3306 I com.miui.home: CheckGCForNative gc_urgency 0 current_native_bytes is 131022259
12-19 21:29:09.779  9395  9395 I wm_on_resume_called: [0,59238597,com.ss.android.ugc.aweme.splash.SplashActivity,RESUME_ACTIVITY,438]
12-19 21:29:10.064  3306  3799 I com.miui.home: CheckGCForNative adj_start_bytes: 42660689 NativeAllocationGcWatermark: 11604813 java_gc_start_bytes: 25253470 kNewNativeDiscountFactor: 2 kOldNativeDiscountFactor: 65536 old_native_bytes: 131022259 new_native_bytes: 381852 add_bytes_allowed: 34814439 is_gc_concurrent: 1 target_footprint_: 25729641 GetBytesAllocated: 13865807 HeapGrowthMultiplier: 3
12-19 21:29:10.064  3306  3799 I com.miui.home: CheckGCForNative gc_urgency 0.329548 current_native_bytes is 131404111
12-19 21:29:10.134 10321 10321 I wm_on_create_called: [0,206382883,com.xunmeng.pinduoduo.ui.activity.MainFrameActivity,performCreate,147]
12-19 21:29:10.136  3306  3998 I cccccc  : getTaskSnapshotInstance:
12-19 21:29:10.169  3306  3729 I cccccc  : getTaskSnapshotInstance:
12-19 21:29:10.176  3306  3729 I com.miui.home: CheckGCForNative adj_start_bytes: 42660689 NativeAllocationGcWatermark: 11604813 java_gc_start_bytes: 25253470 kNewNativeDiscountFactor: 2 kOldNativeDiscountFactor: 65536 old_native_bytes: 131022259 new_native_bytes: 11617180 add_bytes_allowed: 34814439 is_gc_concurrent: 1 target_footprint_: 25729641 GetBytesAllocated: 14167501 HeapGrowthMultiplier: 3
12-19 21:29:10.176  3306  3729 I com.miui.home: CheckGCForNative gc_urgency 0.468302 current_native_bytes is 142639439
12-19 21:29:10.179  3306  3729 I cccccc  : getTaskThumbnailInfo: 2460 1.0  10705920
12-19 21:29:10.208  3306  3799 I com.miui.home: CheckGCForNative adj_start_bytes: 42660689 NativeAllocationGcWatermark: 11604813 java_gc_start_bytes: 25253470 kNewNativeDiscountFactor: 2 kOldNativeDiscountFactor: 65536 old_native_bytes: 131022259 new_native_bytes: 26263068 add_bytes_allowed: 34814439 is_gc_concurrent: 1 target_footprint_: 25729641 GetBytesAllocated: 14182592 HeapGrowthMultiplier: 3
12-19 21:29:10.208  3306  3799 I com.miui.home: CheckGCForNative gc_urgency 0.640311 current_native_bytes is 157285327
12-19 21:29:10.214  3306  3729 I com.miui.home: CheckGCForNative adj_start_bytes: 42660689 NativeAllocationGcWatermark: 11604813 java_gc_start_bytes: 25253470 kNewNativeDiscountFactor: 2 kOldNativeDiscountFactor: 65536 old_native_bytes: 131022259 new_native_bytes: 26263132 add_bytes_allowed: 34814439 is_gc_concurrent: 1 target_footprint_: 25729641 GetBytesAllocated: 14191989 HeapGrowthMultiplier: 3
12-19 21:29:10.214  3306  3729 I com.miui.home: CheckGCForNative gc_urgency 0.640532 current_native_bytes is 157285391
12-19 21:29:10.215  3306  3729 I com.miui.home: CheckGCForNative adj_start_bytes: 42660689 NativeAllocationGcWatermark: 11604813 java_gc_start_bytes: 25253470 kNewNativeDiscountFactor: 2 kOldNativeDiscountFactor: 65536 old_native_bytes: 131022259 new_native_bytes: 14466652 add_bytes_allowed: 34814439 is_gc_concurrent: 1 target_footprint_: 25729641 GetBytesAllocated: 14191989 HeapGrowthMultiplier: 3
12-19 21:29:10.215  3306  3729 I com.miui.home: CheckGCForNative gc_urgency 0.502273 current_native_bytes is 145488911
12-19 21:29:10.239  3306  3729 I com.miui.home: CheckGCForNative adj_start_bytes: 42660689 NativeAllocationGcWatermark: 11604813 java_gc_start_bytes: 25253470 kNewNativeDiscountFactor: 2 kOldNativeDiscountFactor: 65536 old_native_bytes: 131022259 new_native_bytes: 15298780 add_bytes_allowed: 34814439 is_gc_concurrent: 1 target_footprint_: 25729641 GetBytesAllocated: 14191989 HeapGrowthMultiplier: 3
12-19 21:29:10.239  3306  3729 I com.miui.home: CheckGCForNative gc_urgency 0.512026 current_native_bytes is 146321039
12-19 21:29:10.388  3306  3399 D cccccc  : onTaskStackChangedBackground
12-19 21:29:10.401 10321 10321 I wm_on_create_called: [0,166699811,com.xunmeng.pinduoduo.ui.activity.HomeActivity,performCreate,53]
12-19 21:29:10.427 10321 10321 I wm_on_start_called: [0,166699811,com.xunmeng.pinduoduo.ui.activity.HomeActivity,handleStartActivity,25]
12-19 21:29:10.434 10321 10321 I wm_on_resume_called: [0,166699811,com.xunmeng.pinduoduo.ui.activity.HomeActivity,RESUME_ACTIVITY,5]
12-19 21:29:10.487 10321 10321 I wm_on_top_resumed_gained_called: [166699811,com.xunmeng.pinduoduo.ui.activity.HomeActivity,topStateChangedWhenResumed]
12-19 21:29:10.548  3306  3729 I com.miui.home: CheckGCForNative adj_start_bytes: 42660689 NativeAllocationGcWatermark: 11604813 java_gc_start_bytes: 25253470 kNewNativeDiscountFactor: 2 kOldNativeDiscountFactor: 65536 old_native_bytes: 131022259 new_native_bytes: 16732360 add_bytes_allowed: 34814439 is_gc_concurrent: 1 target_footprint_: 25729641 GetBytesAllocated: 14527166 HeapGrowthMultiplier: 3
12-19 21:29:10.548  3306  3729 I com.miui.home: CheckGCForNative gc_urgency 0.536685 current_native_bytes is 147754619
12-19 21:29:10.548  3306  3729 I com.miui.home: CheckGCForNative adj_start_bytes: 42660689 NativeAllocationGcWatermark: 11604813 java_gc_start_bytes: 25253470 kNewNativeDiscountFactor: 2 kOldNativeDiscountFactor: 65536 old_native_bytes: 131022259 new_native_bytes: 18183760 add_bytes_allowed: 34814439 is_gc_concurrent: 1 target_footprint_: 25729641 GetBytesAllocated: 14527166 HeapGrowthMultiplier: 3
12-19 21:29:10.548  3306  3729 I com.miui.home: CheckGCForNative gc_urgency 0.553696 current_native_bytes is 149206019
12-19 21:29:10.565  3306  3729 I com.miui.home: CheckGCForNative adj_start_bytes: 42660689 NativeAllocationGcWatermark: 11604813 java_gc_start_bytes: 25253470 kNewNativeDiscountFactor: 2 kOldNativeDiscountFactor: 65536 old_native_bytes: 131022259 new_native_bytes: 29198672 add_bytes_allowed: 34814439 is_gc_concurrent: 1 target_footprint_: 25729641 GetBytesAllocated: 14544031 HeapGrowthMultiplier: 3
12-19 21:29:10.565  3306  3729 I com.miui.home: CheckGCForNative gc_urgency 0.68319 current_native_bytes is 160220931
12-19 21:29:10.776  3306  3669 I com.miui.home: CheckGCForNative adj_start_bytes: 42660689 NativeAllocationGcWatermark: 11604813 java_gc_start_bytes: 25253470 kNewNativeDiscountFactor: 2 kOldNativeDiscountFactor: 65536 old_native_bytes: 131022259 new_native_bytes: 29384208 add_bytes_allowed: 34814439 is_gc_concurrent: 1 target_footprint_: 25729641 GetBytesAllocated: 14851727 HeapGrowthMultiplier: 3
12-19 21:29:10.776  3306  3669 I com.miui.home: CheckGCForNative gc_urgency 0.692577 current_native_bytes is 160406467
12-19 21:29:10.886  3306  3306 I wm_on_resume_called: [0,162468766,com.miui.home.launcher.Launcher,RESUME_ACTIVITY,21]
12-19 21:29:10.903  3306  3306 I wm_on_idle_called: com.miui.home.launcher.Launcher
12-19 21:29:10.933  3306  3998 I cccccc  : getTaskSnapshotInstance:
12-19 21:29:10.948 10321 10321 I wm_on_top_resumed_lost_called: [166699811,com.xunmeng.pinduoduo.ui.activity.HomeActivity,topStateChangedWhenResumed]
12-19 21:29:10.957  3306  3306 I wm_on_top_resumed_gained_called: [162468766,com.miui.home.launcher.Launcher,topStateChangedWhenResumed]
12-19 21:29:11.231  3306  3799 I com.miui.home: CheckGCForNative adj_start_bytes: 42660689 NativeAllocationGcWatermark: 11604813 java_gc_start_bytes: 25253470 kNewNativeDiscountFactor: 2 kOldNativeDiscountFactor: 65536 old_native_bytes: 131022259 new_native_bytes: 29713188 add_bytes_allowed: 34814439 is_gc_concurrent: 1 target_footprint_: 25729641 GetBytesAllocated: 16660384 HeapGrowthMultiplier: 3
12-19 21:29:11.231  3306  3799 I com.miui.home: CheckGCForNative gc_urgency 0.73883 current_native_bytes is 160735447
12-19 21:29:11.342  3306  3799 I com.miui.home: CheckGCForNative adj_start_bytes: 42660689 NativeAllocationGcWatermark: 11604813 java_gc_start_bytes: 25253470 kNewNativeDiscountFactor: 2 kOldNativeDiscountFactor: 65536 old_native_bytes: 131022259 new_native_bytes: 29700388 add_bytes_allowed: 34814439 is_gc_concurrent: 1 target_footprint_: 25729641 GetBytesAllocated: 16712075 HeapGrowthMultiplier: 3
12-19 21:29:11.342  3306  3799 I com.miui.home: CheckGCForNative gc_urgency 0.739891 current_native_bytes is 160722647
12-19 21:29:11.528 10321 10321 I wm_on_paused_called: [0,166699811,com.xunmeng.pinduoduo.ui.activity.HomeActivity,performPause,6]
12-19 21:29:11.645  3306  3376 I com.miui.home: CheckGCForNative adj_start_bytes: 42660689 NativeAllocationGcWatermark: 11604813 java_gc_start_bytes: 25253470 kNewNativeDiscountFactor: 2 kOldNativeDiscountFactor: 65536 old_native_bytes: 131022259 new_native_bytes: 40432164 add_bytes_allowed: 34814439 is_gc_concurrent: 1 target_footprint_: 25729641 GetBytesAllocated: 16844774 HeapGrowthMultiplier: 3
12-19 21:29:11.645  3306  3376 I com.miui.home: CheckGCForNative gc_urgency 0.868782 current_native_bytes is 171454423
12-19 21:29:11.673  3306  3376 D cccccc  : onTaskStackChangedBackground
12-19 21:29:11.679  3306  3306 I com.miui.home: CheckGCForNative adj_start_bytes: 42660689 NativeAllocationGcWatermark: 11604813 java_gc_start_bytes: 25253470 kNewNativeDiscountFactor: 2 kOldNativeDiscountFactor: 65536 old_native_bytes: 131022259 new_native_bytes: 51141348 add_bytes_allowed: 34814439 is_gc_concurrent: 1 target_footprint_: 25729641 GetBytesAllocated: 16881100 HeapGrowthMultiplier: 3
12-19 21:29:11.679  3306  3306 I com.miui.home: CheckGCForNative gc_urgency 0.99515 current_native_bytes is 182163607
12-19 21:29:11.679  3306  3306 I cccccc  : getTaskThumbnailInfo: 2460 1.0  10705920
12-19 21:29:11.917  3306  3306 I wm_on_top_resumed_lost_called: [162468766,com.miui.home.launcher.Launcher,topStateChangedWhenResumed]
12-19 21:29:11.933  3306  3306 I wm_on_paused_called: [0,162468766,com.miui.home.launcher.Launcher,performPause,3]
12-19 21:29:12.057  3306  3376 D cccccc  : onTaskStackChangedBackground
12-19 21:29:12.123 10321 10321 I wm_on_create_called: [0,97141872,com.xunmeng.pinduoduo.login.LoginActivity,performCreate,111]
12-19 21:29:12.175  3306  3775 I com.miui.home: CheckGCForNative adj_start_bytes: 42660689 NativeAllocationGcWatermark: 11604813 java_gc_start_bytes: 25253470 kNewNativeDiscountFactor: 2 kOldNativeDiscountFactor: 65536 old_native_bytes: 131022259 new_native_bytes: 40470092 add_bytes_allowed: 34814439 is_gc_concurrent: 1 target_footprint_: 25729641 GetBytesAllocated: 17499389 HeapGrowthMultiplier: 3
12-19 21:29:12.175  3306  3775 I com.miui.home: CheckGCForNative gc_urgency 0.884572 current_native_bytes is 171492351
12-19 21:29:12.453  3306  3799 I com.miui.home: CheckGCForNative adj_start_bytes: 42660689 NativeAllocationGcWatermark: 11604813 java_gc_start_bytes: 25253470 kNewNativeDiscountFactor: 2 kOldNativeDiscountFactor: 65536 old_native_bytes: 131022259 new_native_bytes: 41123240 add_bytes_allowed: 34814439 is_gc_concurrent: 1 target_footprint_: 25729641 GetBytesAllocated: 18188612 HeapGrowthMultiplier: 3
12-19 21:29:12.453  3306  3799 I com.miui.home: CheckGCForNative gc_urgency 0.908383 current_native_bytes is 172145499
12-19 21:29:12.548  3306  3998 I cccccc  : getTaskSnapshotInstance:
12-19 21:29:12.557 10321 10321 I wm_on_start_called: [0,97141872,com.xunmeng.pinduoduo.login.LoginActivity,handleStartActivity,319]
12-19 21:29:12.568  3306  3998 I cccccc  : getTaskSnapshotInstance:
12-19 21:29:12.569 10321 10321 I wm_on_resume_called: [0,97141872,com.xunmeng.pinduoduo.login.LoginActivity,RESUME_ACTIVITY,1]
12-19 21:29:12.575  3306  3998 I com.miui.home: CheckGCForNative adj_start_bytes: 42660689 NativeAllocationGcWatermark: 11604813 java_gc_start_bytes: 25253470 kNewNativeDiscountFactor: 2 kOldNativeDiscountFactor: 65536 old_native_bytes: 131022259 new_native_bytes: 51761512 add_bytes_allowed: 34814439 is_gc_concurrent: 1 target_footprint_: 25729641 GetBytesAllocated: 18306861 HeapGrowthMultiplier: 3
12-19 21:29:12.576  3306  3998 I com.miui.home: CheckGCForNative gc_urgency 1.03596 current_native_bytes is 182783771
12-19 21:29:12.576  3306  3998 I com.miui.home: CheckGCForNative requested 1
12-19 21:29:12.577  3306  3998 I cccccc  : getTaskThumbnailInfo: 2460 1.0  10705920
12-19 21:29:12.642  3306  3799 I com.miui.home: CheckGCForNative adj_start_bytes: 42660689 NativeAllocationGcWatermark: 11604813 java_gc_start_bytes: 25253470 kNewNativeDiscountFactor: 2 kOldNativeDiscountFactor: 65536 old_native_bytes: 131022259 new_native_bytes: 41089576 add_bytes_allowed: 34814439 is_gc_concurrent: 1 target_footprint_: 25729641 GetBytesAllocated: 18397451 HeapGrowthMultiplier: 3
12-19 21:29:12.642  3306  3799 I com.miui.home: CheckGCForNative gc_urgency 0.912884 current_native_bytes is 172111835
12-19 21:29:12.660 10321 10321 I wm_on_destroy_called: [0,206382883,com.xunmeng.pinduoduo.ui.activity.MainFrameActivity,performDestroy,21]
12-19 21:29:12.741 10321 10321 I wm_on_stop_called: [0,166699811,com.xunmeng.pinduoduo.ui.activity.HomeActivity,STOP_ACTIVITY_ITEM,13]
12-19 21:29:12.745 10321 10321 I wm_on_paused_called: [0,97141872,com.xunmeng.pinduoduo.login.LoginActivity,performPause,0]
12-19 21:29:12.774 10321 10321 I wm_on_stop_called: [0,97141872,com.xunmeng.pinduoduo.login.LoginActivity,STOP_ACTIVITY_ITEM,26]
12-19 21:29:12.847  3306  3998 I com.miui.home: CheckGCForNative adj_start_bytes: 42660689 NativeAllocationGcWatermark: 11604813 java_gc_start_bytes: 25253470 kNewNativeDiscountFactor: 2 kOldNativeDiscountFactor: 65536 old_native_bytes: 131022259 new_native_bytes: 40836484 add_bytes_allowed: 34814439 is_gc_concurrent: 1 target_footprint_: 25729641 GetBytesAllocated: 18718928 HeapGrowthMultiplier: 3
12-19 21:29:12.847  3306  3998 I com.miui.home: CheckGCForNative gc_urgency 0.917453 current_native_bytes is 171858743
12-19 21:29:12.850 10506 10506 I wm_on_application_create_called: [0,com.android.settings,522]
12-19 21:29:12.883  3306  3369 I com.miui.home: NativeAlloc concurrent copying GC freed 121578(5358KB) AllocSpace objects, 8(344KB) LOS objects, 49% free, 12MB/24MB, paused 7.402ms,83us total 299.618ms
12-19 21:29:13.032  3306  3998 I cccccc  : getTaskSnapshotInstance:
12-19 21:29:13.197 10321 10321 I wm_on_idle_called: com.xunmeng.pinduoduo.ui.activity.HomeActivity
12-19 21:29:13.198 10321 10321 I wm_on_idle_called: com.xunmeng.pinduoduo.login.LoginActivity
12-19 21:29:13.301  3306  3306 I wm_on_stop_called: [0,162468766,com.miui.home.launcher.Launcher,STOP_ACTIVITY_ITEM,8]
12-19 21:29:13.589  3306  3306 I wm_on_restart_called: [0,162468766,com.miui.home.launcher.Launcher,,0]
12-19 21:29:13.591  3306  3306 I wm_on_start_called: [0,162468766,com.miui.home.launcher.Launcher,handleStartActivity,3]
12-19 21:29:13.611  3306  3306 I wm_on_resume_called: [0,162468766,com.miui.home.launcher.Launcher,RESUME_ACTIVITY,18]
12-19 21:29:13.728  3306  3306 I wm_on_idle_called: com.miui.home.launcher.Launcher
12-19 21:29:13.975  3306  3799 I com.miui.home: CheckGCForNative gc_urgency 0 current_native_bytes is 122331183
12-19 21:29:14.045 10612 10612 I wm_on_application_create_called: [0,com.smile.gifmaker,1045]
12-19 21:29:14.081  3306  3306 I wm_on_top_resumed_gained_called: [162468766,com.miui.home.launcher.Launcher,topStateChangedWhenResumed]
12-19 21:29:14.208  3306  3799 I com.miui.home: CheckGCForNative gc_urgency 0 current_native_bytes is 122287535
12-19 21:29:14.337  3306  3386 I com.miui.home: CheckGCForNative adj_start_bytes: 42409895 NativeAllocationGcWatermark: 11542087 java_gc_start_bytes: 25096765 kNewNativeDiscountFactor: 2 kOldNativeDiscountFactor: 65536 old_native_bytes: 122287535 new_native_bytes: 10595680 add_bytes_allowed: 34626261 is_gc_concurrent: 1 target_footprint_: 25227837 GetBytesAllocated: 14473664 HeapGrowthMultiplier: 3
12-19 21:29:14.337  3306  3386 I com.miui.home: CheckGCForNative gc_urgency 0.466244 current_native_bytes is 132883215
12-19 21:29:14.338  3306  3306 I com.miui.home: CheckGCForNative adj_start_bytes: 42409895 NativeAllocationGcWatermark: 11542087 java_gc_start_bytes: 25096765 kNewNativeDiscountFactor: 2 kOldNativeDiscountFactor: 65536 old_native_bytes: 122287535 new_native_bytes: 21302944 add_bytes_allowed: 34626261 is_gc_concurrent: 1 target_footprint_: 25227837 GetBytesAllocated: 14484486 HeapGrowthMultiplier: 3
12-19 21:29:14.338  3306  3306 I com.miui.home: CheckGCForNative gc_urgency 0.592735 current_native_bytes is 143590479
12-19 21:29:14.339  3306  3306 I cccccc  : getTaskThumbnailInfo: 2460 1.0  10705920
12-19 21:29:14.621  3306  3306 I com.miui.home: CheckGCForNative adj_start_bytes: 42409895 NativeAllocationGcWatermark: 11542087 java_gc_start_bytes: 25096765 kNewNativeDiscountFactor: 2 kOldNativeDiscountFactor: 65536 old_native_bytes: 122287535 new_native_bytes: 10548312 add_bytes_allowed: 34626261 is_gc_concurrent: 1 target_footprint_: 25227837 GetBytesAllocated: 14606851 HeapGrowthMultiplier: 3
12-19 21:29:14.621  3306  3306 I com.miui.home: CheckGCForNative gc_urgency 0.468826 current_native_bytes is 132835847
12-19 21:29:14.879  3306  3306 I wm_on_top_resumed_lost_called: [162468766,com.miui.home.launcher.Launcher,topStateChangedWhenResumed]
12-19 21:29:14.890  3306  3306 I wm_on_paused_called: [0,162468766,com.miui.home.launcher.Launcher,performPause,3]
12-19 21:29:14.938 10612 10612 I wm_on_create_called: [0,85057840,com.yxcorp.gifshow.HomeActivity,performCreate,870]
12-19 21:29:15.132  3306  3386 D cccccc  : onTaskStackChangedBackground
12-19 21:29:15.375  3306  3799 I com.miui.home: CheckGCForNative adj_start_bytes: 42409895 NativeAllocationGcWatermark: 11542087 java_gc_start_bytes: 25096765 kNewNativeDiscountFactor: 2 kOldNativeDiscountFactor: 65536 old_native_bytes: 122287535 new_native_bytes: 10839400 add_bytes_allowed: 34626261 is_gc_concurrent: 1 target_footprint_: 25227837 GetBytesAllocated: 15316239 HeapGrowthMultiplier: 3
12-19 21:29:15.375  3306  3799 I com.miui.home: CheckGCForNative gc_urgency 0.488985 current_native_bytes is 133126935
12-19 21:29:15.542  3306  3799 I com.miui.home: CheckGCForNative adj_start_bytes: 42409895 NativeAllocationGcWatermark: 11542087 java_gc_start_bytes: 25096765 kNewNativeDiscountFactor: 2 kOldNativeDiscountFactor: 65536 old_native_bytes: 122287535 new_native_bytes: 11585524 add_bytes_allowed: 34626261 is_gc_concurrent: 1 target_footprint_: 25227837 GetBytesAllocated: 15573627 HeapGrowthMultiplier: 3
12-19 21:29:15.542  3306  3799 I com.miui.home: CheckGCForNative gc_urgency 0.503851 current_native_bytes is 133873059
