12-22 19:37:16.029  3322  3667 I com.miui.home: CheckGCForNative adj_start_bytes: 33099384 NativeAllocationGcWatermark: 10562033 java_gc_start_bytes: 17256335 kNewNativeDiscountFactor: 2 kOldNativeDiscountFactor: 65536 old_native_bytes: 130297263 new_native_bytes: 33264084 add_bytes_allowed: 31686099 is_gc_concurrent: 1 target_footprint_: 17387407 GetBytesAllocated: 13887049 HeapGrowthMultiplier: 3
12-22 19:37:16.029  3322  3322 I com.miui.home: CheckGCForNative adj_start_bytes: 33099384 NativeAllocationGcWatermark: 10562033 java_gc_start_bytes: 17256335 kNewNativeDiscountFactor: 2 kOldNativeDiscountFactor: 65536 old_native_bytes: 130297263 new_native_bytes: 43971284 add_bytes_allowed: 31686099 is_gc_concurrent: 1 target_footprint_: 17387407 GetBytesAllocated: 13887049 HeapGrowthMultiplier: 3
12-22 19:37:16.029  3322  3322 I com.miui.home: CheckGCForNative gc_urgency 1.08385 current_native_bytes is 174268547 starting_gc_num:35
12-22 19:37:16.029  3322  3322 I com.miui.home: CheckGCForNative requested 1
12-22 19:37:16.030  3322  3667 I com.miui.home: CheckGCForNative gc_urgency 0.922104 current_native_bytes is 163561347 starting_gc_num:35
12-22 19:37:16.032  3322  3667 I cccccc  : createTaskSnapshotCompat:
12-22 19:37:16.124 12183 12183 I wm_on_top_resumed_lost_called: [206234766,com.dragon.read.pages.splash.SplashActivity,topStateChangedWhenResumed]
12-22 19:37:16.305 12183 12183 I wm_on_paused_called: [0,206234766,com.dragon.read.pages.splash.SplashActivity,performPause,168]
12-22 19:37:16.314  3322  3387 I com.miui.home: NativeAlloc concurrent copying GC freed 106703(4660KB) AllocSpace objects, 14(400KB) LOS objects, 49% free, 8652KB/16MB, paused 73us,83us total 283.657ms
12-22 19:37:16.405  3322  3322 I wm_on_top_resumed_lost_called: [1743772,com.miui.home.launcher.Launcher,topStateChangedWhenResumed]
12-22 19:37:16.420  3322  3322 I wm_on_paused_called: [0,1743772,com.miui.home.launcher.Launcher,performPause,2]
12-22 19:37:16.454 12183 12183 I wm_on_stop_called: [0,206234766,com.dragon.read.pages.splash.SplashActivity,LIFECYCLER_STOP_ACTIVITY,16]
12-22 19:37:16.481 12183 12183 I wm_on_destroy_called: [0,206234766,com.dragon.read.pages.splash.SplashActivity,performDestroy,21]
12-22 19:37:16.507  3322 11426 D cccccc  : onTaskStackChangedBackground
12-22 19:37:16.509  3322 11426 D cccccc  : onTaskStackChangedBackground
12-22 19:37:16.755  3322  3721 E cccccc  : createTaskSnapshot:
12-22 19:37:16.756  3322  3721 I cccccc  : getTaskSnapshotInstance:
12-22 19:37:16.771  3322  3392 D cccccc  : onTaskStackChangedBackground
12-22 19:37:16.783  3322  4018 D cccccc  : onTaskStackChangedBackground
12-22 19:37:16.794  3322  3721 E cccccc  : createTaskSnapshot:
12-22 19:37:16.794  3322  3721 I cccccc  : getTaskSnapshotInstance:
12-22 19:37:16.795  3322  3721 I com.miui.home: CheckGCForNative gc_urgency 0 current_native_bytes is 141556187 starting_gc_num:36
12-22 19:37:16.841  3322  3668 I com.miui.home: CheckGCForNative gc_urgency 0 current_native_bytes is 130816667 starting_gc_num:36
12-22 19:37:16.841  3322  3668 I com.miui.home: CheckGCForNative adj_start_bytes: 33469804 NativeAllocationGcWatermark: 10603540 java_gc_start_bytes: 17564494 kNewNativeDiscountFactor: 2 kOldNativeDiscountFactor: 65536 old_native_bytes: 130816667 new_native_bytes: 512 add_bytes_allowed: 31810620 is_gc_concurrent: 1 target_footprint_: 17719461 GetBytesAllocated: 10148459 HeapGrowthMultiplier: 3
12-22 19:37:16.841  3322  3668 I com.miui.home: CheckGCForNative gc_urgency 0.30328 current_native_bytes is 130817179 starting_gc_num:36
12-22 19:37:17.035  3322  3721 E cccccc  : createTaskSnapshot:
12-22 19:37:17.035  3322  3721 I cccccc  : getTaskSnapshotInstance:
12-22 19:37:17.119  3322  3668 I com.miui.home: CheckGCForNative adj_start_bytes: 33469804 NativeAllocationGcWatermark: 10603540 java_gc_start_bytes: 17564494 kNewNativeDiscountFactor: 2 kOldNativeDiscountFactor: 65536 old_native_bytes: 130816667 new_native_bytes: 287908 add_bytes_allowed: 31810620 is_gc_concurrent: 1 target_footprint_: 17719461 GetBytesAllocated: 10767319 HeapGrowthMultiplier: 3
12-22 19:37:17.120  3322  3668 I com.miui.home: CheckGCForNative gc_urgency 0.326063 current_native_bytes is 131104575 starting_gc_num:36
12-22 19:37:17.855 12568 12568 I wm_on_application_create_called: [0,com.taobao.taobao,410]
12-22 19:37:17.951 12568 12568 I wm_on_create_called: [0,140519492,com.taobao.tao.welcome.Welcome,performCreate,64]
12-22 19:37:18.171  3322  3322 I wm_on_resume_called: [0,1743772,com.miui.home.launcher.Launcher,RESUME_ACTIVITY,17]
12-22 19:37:18.191  3322  3685 I com.miui.home: CheckGCForNative adj_start_bytes: 33469804 NativeAllocationGcWatermark: 10603540 java_gc_start_bytes: 17564494 kNewNativeDiscountFactor: 2 kOldNativeDiscountFactor: 65536 old_native_bytes: 130816667 new_native_bytes: 162056 add_bytes_allowed: 31810620 is_gc_concurrent: 1 target_footprint_: 17719461 GetBytesAllocated: 11678494 HeapGrowthMultiplier: 3
12-22 19:37:18.191  3322  3685 I com.miui.home: CheckGCForNative gc_urgency 0.351407 current_native_bytes is 130978723 starting_gc_num:36
12-22 19:37:18.192  3322  3322 I wm_on_idle_called: com.miui.home.launcher.Launcher
12-22 19:37:18.280 12568 12568 I wm_on_start_called: [0,140519492,com.taobao.tao.welcome.Welcome,handleStartActivity,328]
12-22 19:37:18.385  3322 11486 I com.miui.home: CheckGCForNative adj_start_bytes: 33469804 NativeAllocationGcWatermark: 10603540 java_gc_start_bytes: 17564494 kNewNativeDiscountFactor: 2 kOldNativeDiscountFactor: 65536 old_native_bytes: 130816667 new_native_bytes: 10873840 add_bytes_allowed: 31810620 is_gc_concurrent: 1 target_footprint_: 17719461 GetBytesAllocated: 11856685 HeapGrowthMultiplier: 3
12-22 19:37:18.385  3322 11486 I com.miui.home: CheckGCForNative gc_urgency 0.516752 current_native_bytes is 141690507 starting_gc_num:36
12-22 19:37:18.385  3322 11486 I cccccc  : createTaskSnapshotCompat:
12-22 19:37:18.386  3322 11486 I com.miui.home: CheckGCForNative adj_start_bytes: 33469804 NativeAllocationGcWatermark: 10603540 java_gc_start_bytes: 17564494 kNewNativeDiscountFactor: 2 kOldNativeDiscountFactor: 65536 old_native_bytes: 130816667 new_native_bytes: 21580784 add_bytes_allowed: 31810620 is_gc_concurrent: 1 target_footprint_: 17719461 GetBytesAllocated: 11860645 HeapGrowthMultiplier: 3
12-22 19:37:18.386  3322 11486 I com.miui.home: CheckGCForNative gc_urgency 0.67682 current_native_bytes is 152397451 starting_gc_num:36
12-22 19:37:18.445  3322  3668 I com.miui.home: CheckGCForNative adj_start_bytes: 33469804 NativeAllocationGcWatermark: 10603540 java_gc_start_bytes: 17564494 kNewNativeDiscountFactor: 2 kOldNativeDiscountFactor: 65536 old_native_bytes: 130816667 new_native_bytes: 10926736 add_bytes_allowed: 31810620 is_gc_concurrent: 1 target_footprint_: 17719461 GetBytesAllocated: 11895574 HeapGrowthMultiplier: 3
12-22 19:37:18.445  3322  3668 I com.miui.home: CheckGCForNative gc_urgency 0.518704 current_native_bytes is 141743403 starting_gc_num:36
12-22 19:37:18.476  3322 11486 I cccccc  : getTaskSnapshot:
12-22 19:37:18.476  3322 11486 I com.miui.home: CheckGCForNative adj_start_bytes: 33469804 NativeAllocationGcWatermark: 10603540 java_gc_start_bytes: 17564494 kNewNativeDiscountFactor: 2 kOldNativeDiscountFactor: 65536 old_native_bytes: 130816667 new_native_bytes: 21637136 add_bytes_allowed: 31810620 is_gc_concurrent: 1 target_footprint_: 17719461 GetBytesAllocated: 11904081 HeapGrowthMultiplier: 3
12-22 19:37:18.476  3322 11486 I com.miui.home: CheckGCForNative gc_urgency 0.67896 current_native_bytes is 152453803 starting_gc_num:36
12-22 19:37:18.477  3322  3322 I cccccc  : createTaskSnapshotCompat:
12-22 19:37:18.572  3322  3322 I wm_on_top_resumed_gained_called: [1743772,com.miui.home.launcher.Launcher,topStateChangedWhenResumed]
12-22 19:37:18.615 12568 12568 I wm_on_resume_called: [0,140519492,com.taobao.tao.welcome.Welcome,RESUME_ACTIVITY,326]
12-22 19:37:18.801  3322  3668 I com.miui.home: CheckGCForNative adj_start_bytes: 33469804 NativeAllocationGcWatermark: 10603540 java_gc_start_bytes: 17564494 kNewNativeDiscountFactor: 2 kOldNativeDiscountFactor: 65536 old_native_bytes: 130816667 new_native_bytes: 11096080 add_bytes_allowed: 31810620 is_gc_concurrent: 1 target_footprint_: 17719461 GetBytesAllocated: 12685405 HeapGrowthMultiplier: 3
12-22 19:37:18.801  3322  3668 I com.miui.home: CheckGCForNative gc_urgency 0.544833 current_native_bytes is 141912747 starting_gc_num:36
12-22 19:37:18.867  3322  3667 I com.miui.home: CheckGCForNative adj_start_bytes: 33469804 NativeAllocationGcWatermark: 10603540 java_gc_start_bytes: 17564494 kNewNativeDiscountFactor: 2 kOldNativeDiscountFactor: 65536 old_native_bytes: 130816667 new_native_bytes: 21790720 add_bytes_allowed: 31810620 is_gc_concurrent: 1 target_footprint_: 17719461 GetBytesAllocated: 12711475 HeapGrowthMultiplier: 3
12-22 19:37:18.867  3322  3667 I com.miui.home: CheckGCForNative gc_urgency 0.705377 current_native_bytes is 152607387 starting_gc_num:36
12-22 19:37:18.867  3322  3667 I cccccc  : createTaskSnapshotCompat:
12-22 19:37:18.868  3322 10700 I cccccc  : getTaskSnapshot:
12-22 19:37:18.868  3322 10700 I com.miui.home: CheckGCForNative adj_start_bytes: 33469804 NativeAllocationGcWatermark: 10603540 java_gc_start_bytes: 17564494 kNewNativeDiscountFactor: 2 kOldNativeDiscountFactor: 65536 old_native_bytes: 130816667 new_native_bytes: 32496768 add_bytes_allowed: 31810620 is_gc_concurrent: 1 target_footprint_: 17719461 GetBytesAllocated: 12711667 HeapGrowthMultiplier: 3
12-22 19:37:18.868  3322 10700 I com.miui.home: CheckGCForNative gc_urgency 0.865319 current_native_bytes is 163313435 starting_gc_num:36
12-22 19:37:18.876  3322  3667 I com.miui.home: CheckGCForNative adj_start_bytes: 33469804 NativeAllocationGcWatermark: 10603540 java_gc_start_bytes: 17564494 kNewNativeDiscountFactor: 2 kOldNativeDiscountFactor: 65536 old_native_bytes: 130816667 new_native_bytes: 43203712 add_bytes_allowed: 31810620 is_gc_concurrent: 1 target_footprint_: 17719461 GetBytesAllocated: 12711667 HeapGrowthMultiplier: 3
12-22 19:37:18.876  3322  3667 I com.miui.home: CheckGCForNative gc_urgency 1.02527 current_native_bytes is 174020379 starting_gc_num:36
12-22 19:37:18.876  3322  3667 I com.miui.home: CheckGCForNative requested 1
12-22 19:37:18.876  3322  3322 I cccccc  : createTaskSnapshotCompat:
12-22 19:37:19.081 12568 12568 I wm_on_top_resumed_gained_called: [140519492,com.taobao.tao.welcome.Welcome,topStateChangedWhenResumed]
12-22 19:37:19.088 12568 12568 I wm_on_top_resumed_lost_called: [140519492,com.taobao.tao.welcome.Welcome,topStateChangedWhenResumed]
12-22 19:37:19.125  3322  3387 I com.miui.home: NativeAlloc concurrent copying GC freed 82664(3544KB) AllocSpace objects, 14(392KB) LOS objects, 49% free, 8623KB/16MB, paused 287us,85us total 248.334ms
12-22 19:37:19.444  3322  3322 I wm_on_top_resumed_lost_called: [1743772,com.miui.home.launcher.Launcher,topStateChangedWhenResumed]
12-22 19:37:19.452  3322  3322 I wm_on_paused_called: [0,1743772,com.miui.home.launcher.Launcher,performPause,2]
12-22 19:37:19.481  3322 11426 D cccccc  : onTaskStackChangedBackground
12-22 19:37:19.497  3322 11426 D cccccc  : onTaskStackChangedBackground
12-22 19:37:19.579  3322 11486 D cccccc  : onTaskStackChangedBackground
12-22 19:37:19.580  3322  4018 D cccccc  : onTaskStackChangedBackground
12-22 19:37:19.781  3322  3668 I com.miui.home: CheckGCForNative gc_urgency 0 current_native_bytes is 130878227 starting_gc_num:37
12-22 19:37:19.848  3322  3668 I com.miui.home: CheckGCForNative adj_start_bytes: 33405887 NativeAllocationGcWatermark: 10596187 java_gc_start_bytes: 17511607 kNewNativeDiscountFactor: 2 kOldNativeDiscountFactor: 65536 old_native_bytes: 130878227 new_native_bytes: 464452 add_bytes_allowed: 31788561 is_gc_concurrent: 1 target_footprint_: 17660635 GetBytesAllocated: 9994934 HeapGrowthMultiplier: 3
12-22 19:37:19.848  3322  3668 I com.miui.home: CheckGCForNative gc_urgency 0.306208 current_native_bytes is 131342679 starting_gc_num:37
12-22 19:37:19.925  3322  3721 E cccccc  : createTaskSnapshot:
12-22 19:37:19.925  3322  3721 I cccccc  : getTaskSnapshotInstance:
12-22 19:37:19.935  3322  3721 E cccccc  : createTaskSnapshot:
12-22 19:37:19.935  3322  3721 I cccccc  : getTaskSnapshotInstance:
12-22 19:37:19.938  3322  3721 I com.miui.home: CheckGCForNative adj_start_bytes: 33405887 NativeAllocationGcWatermark: 10596187 java_gc_start_bytes: 17511607 kNewNativeDiscountFactor: 2 kOldNativeDiscountFactor: 65536 old_native_bytes: 130878227 new_native_bytes: 11229636 add_bytes_allowed: 31788561 is_gc_concurrent: 1 target_footprint_: 17660635 GetBytesAllocated: 10206665 HeapGrowthMultiplier: 3
12-22 19:37:19.938  3322  3721 I com.miui.home: CheckGCForNative gc_urgency 0.473673 current_native_bytes is 142107863 starting_gc_num:37
12-22 19:37:20.134  7964  7964 I wm_on_create_called: [0,247994478,com.tencent.mm.ui.LauncherUI,performCreate,475]
12-22 19:37:20.160  3322  3668 I com.miui.home: CheckGCForNative adj_start_bytes: 33405887 NativeAllocationGcWatermark: 10596187 java_gc_start_bytes: 17511607 kNewNativeDiscountFactor: 2 kOldNativeDiscountFactor: 65536 old_native_bytes: 130878227 new_native_bytes: 627692 add_bytes_allowed: 31788561 is_gc_concurrent: 1 target_footprint_: 17660635 GetBytesAllocated: 10581225 HeapGrowthMultiplier: 3
12-22 19:37:20.160  3322  3668 I com.miui.home: CheckGCForNative gc_urgency 0.326202 current_native_bytes is 131505919 starting_gc_num:37
12-22 19:37:20.184  7964  7964 I wm_on_start_called: [0,247994478,com.tencent.mm.ui.LauncherUI,handleStartActivity,24]
12-22 19:37:20.378  7964  7964 I wm_on_resume_called: [0,247994478,com.tencent.mm.ui.LauncherUI,RESUME_ACTIVITY,192]
12-22 19:37:20.512  3322  3721 E cccccc  : createTaskSnapshot:
12-22 19:37:20.512  3322  3721 I cccccc  : getTaskSnapshotInstance:
12-22 19:37:20.518  7964  7964 I wm_on_top_resumed_gained_called: [247994478,com.tencent.mm.ui.LauncherUI,topStateChangedWhenResumed]
12-22 19:37:20.520  7964  7964 I wm_on_top_resumed_lost_called: [247994478,com.tencent.mm.ui.LauncherUI,topStateChangedWhenResumed]
12-22 19:37:20.528  7964  7964 I wm_on_paused_called: [0,247994478,com.tencent.mm.ui.LauncherUI,performPause,6]
12-22 19:37:20.646  3322 10700 D cccccc  : onTaskStackChangedBackground
12-22 19:37:20.647  7964  7964 I wm_on_create_called: [0,58364482,com.tencent.mm.plugin.account.ui.WelcomeActivity,performCreate,68]
12-22 19:37:20.648  3322 11486 D cccccc  : onTaskStackChangedBackground
12-22 19:37:20.651  7964  7964 I wm_on_start_called: [0,58364482,com.tencent.mm.plugin.account.ui.WelcomeActivity,handleStartActivity,3]
12-22 19:37:20.658  7964  7964 I wm_on_resume_called: [0,58364482,com.tencent.mm.plugin.account.ui.WelcomeActivity,RESUME_ACTIVITY,6]
12-22 19:37:20.670  7964  7964 I wm_on_top_resumed_gained_called: [58364482,com.tencent.mm.plugin.account.ui.WelcomeActivity,topStateChangedWhenResumed]
12-22 19:37:20.721  3322  3322 I wm_on_stop_called: [0,1743772,com.miui.home.launcher.Launcher,STOP_ACTIVITY_ITEM,126]
12-22 19:37:20.729 13044 13044 I wm_on_application_create_called: [0,com.android.camera,519]
12-22 19:37:20.915  3322  3721 I com.miui.home: CheckGCForNative gc_urgency 0 current_native_bytes is 120001599 starting_gc_num:38
12-22 19:37:21.046  3322  3721 E cccccc  : createTaskSnapshot:
12-22 19:37:21.046  3322  3721 I cccccc  : getTaskSnapshotInstance:
12-22 19:37:21.267  3322  3322 I wm_on_restart_called: [0,1743772,com.miui.home.launcher.Launcher,,0]
12-22 19:37:21.269  3322  3322 I wm_on_start_called: [0,1743772,com.miui.home.launcher.Launcher,handleStartActivity,1]
12-22 19:37:21.280  7964  7964 I wm_on_top_resumed_lost_called: [58364482,com.tencent.mm.plugin.account.ui.WelcomeActivity,topStateChangedWhenResumed]
12-22 19:37:21.289  3322  3322 I wm_on_resume_called: [0,1743772,com.miui.home.launcher.Launcher,RESUME_ACTIVITY,19]
12-22 19:37:21.378  3322  3322 I wm_on_top_resumed_gained_called: [1743772,com.miui.home.launcher.Launcher,topStateChangedWhenResumed]
12-22 19:37:21.383  3322  3322 I wm_on_idle_called: com.miui.home.launcher.Launcher
12-22 19:37:21.555  3322 11426 I com.miui.home: CheckGCForNative adj_start_bytes: 33014685 NativeAllocationGcWatermark: 10553118 java_gc_start_bytes: 17185008 kNewNativeDiscountFactor: 2 kOldNativeDiscountFactor: 65536 old_native_bytes: 120001599 new_native_bytes: 479680 add_bytes_allowed: 31659354 is_gc_concurrent: 1 target_footprint_: 17316080 GetBytesAllocated: 10297234 HeapGrowthMultiplier: 3
12-22 19:37:21.555  3322 11426 I com.miui.home: CheckGCForNative gc_urgency 0.319219 current_native_bytes is 120481279 starting_gc_num:38
12-22 19:37:21.606  3322 11426 I com.miui.home: CheckGCForNative adj_start_bytes: 33014685 NativeAllocationGcWatermark: 10553118 java_gc_start_bytes: 17185008 kNewNativeDiscountFactor: 2 kOldNativeDiscountFactor: 65536 old_native_bytes: 120001599 new_native_bytes: 11186560 add_bytes_allowed: 31659354 is_gc_concurrent: 1 target_footprint_: 17316080 GetBytesAllocated: 10318546 HeapGrowthMultiplier: 3
12-22 19:37:21.606  3322 11426 I com.miui.home: CheckGCForNative gc_urgency 0.482018 current_native_bytes is 131188159 starting_gc_num:38
12-22 19:37:21.606  3322 11426 I cccccc  : createTaskSnapshotCompat:
12-22 19:37:21.609  3322 11426 I com.miui.home: CheckGCForNative adj_start_bytes: 33014685 NativeAllocationGcWatermark: 10553118 java_gc_start_bytes: 17185008 kNewNativeDiscountFactor: 2 kOldNativeDiscountFactor: 65536 old_native_bytes: 120001599 new_native_bytes: 21893504 add_bytes_allowed: 31659354 is_gc_concurrent: 1 target_footprint_: 17316080 GetBytesAllocated: 10324566 HeapGrowthMultiplier: 3
12-22 19:37:21.609  3322 11426 I com.miui.home: CheckGCForNative gc_urgency 0.644354 current_native_bytes is 141895103 starting_gc_num:38
12-22 19:37:21.822  3322 11426 I cccccc  : getTaskSnapshot:
12-22 19:37:21.825  3322 11426 I com.miui.home: CheckGCForNative adj_start_bytes: 33014685 NativeAllocationGcWatermark: 10553118 java_gc_start_bytes: 17185008 kNewNativeDiscountFactor: 2 kOldNativeDiscountFactor: 65536 old_native_bytes: 120001599 new_native_bytes: 21917140 add_bytes_allowed: 31659354 is_gc_concurrent: 1 target_footprint_: 17316080 GetBytesAllocated: 10426329 HeapGrowthMultiplier: 3
12-22 19:37:21.825  3322 11426 I com.miui.home: CheckGCForNative gc_urgency 0.647794 current_native_bytes is 141918739 starting_gc_num:38
12-22 19:37:21.829  3322  3322 I cccccc  : createTaskSnapshotCompat:
12-22 19:37:21.920  3322  3668 I com.miui.home: CheckGCForNative adj_start_bytes: 33014685 NativeAllocationGcWatermark: 10553118 java_gc_start_bytes: 17185008 kNewNativeDiscountFactor: 2 kOldNativeDiscountFactor: 65536 old_native_bytes: 120001599 new_native_bytes: 11266324 add_bytes_allowed: 31659354 is_gc_concurrent: 1 target_footprint_: 17316080 GetBytesAllocated: 10538046 HeapGrowthMultiplier: 3
12-22 19:37:21.921  3322  3668 I com.miui.home: CheckGCForNative gc_urgency 0.489874 current_native_bytes is 131267923 starting_gc_num:38
12-22 19:37:22.020  3322  3668 I com.miui.home: CheckGCForNative adj_start_bytes: 33014685 NativeAllocationGcWatermark: 10553118 java_gc_start_bytes: 17185008 kNewNativeDiscountFactor: 2 kOldNativeDiscountFactor: 65536 old_native_bytes: 120001599 new_native_bytes: 11282964 add_bytes_allowed: 31659354 is_gc_concurrent: 1 target_footprint_: 17316080 GetBytesAllocated: 10690261 HeapGrowthMultiplier: 3
12-22 19:37:22.020  3322  3668 I com.miui.home: CheckGCForNative gc_urgency 0.494737 current_native_bytes is 131284563 starting_gc_num:38
12-22 19:37:22.091  3322 11426 I cccccc  : getTaskSnapshot:
12-22 19:37:22.091  3322 11426 I com.miui.home: CheckGCForNative adj_start_bytes: 33014685 NativeAllocationGcWatermark: 10553118 java_gc_start_bytes: 17185008 kNewNativeDiscountFactor: 2 kOldNativeDiscountFactor: 65536 old_native_bytes: 120001599 new_native_bytes: 21893940 add_bytes_allowed: 31659354 is_gc_concurrent: 1 target_footprint_: 17316080 GetBytesAllocated: 10937594 HeapGrowthMultiplier: 3
12-22 19:37:22.091  3322 11426 I com.miui.home: CheckGCForNative gc_urgency 0.662929 current_native_bytes is 141895539 starting_gc_num:38
12-22 19:37:22.092  3322  3667 I com.miui.home: CheckGCForNative adj_start_bytes: 33014685 NativeAllocationGcWatermark: 10553118 java_gc_start_bytes: 17185008 kNewNativeDiscountFactor: 2 kOldNativeDiscountFactor: 65536 old_native_bytes: 120001599 new_native_bytes: 32598708 add_bytes_allowed: 31659354 is_gc_concurrent: 1 target_footprint_: 17316080 GetBytesAllocated: 10937786 HeapGrowthMultiplier: 3
12-22 19:37:22.093  3322  3667 I com.miui.home: CheckGCForNative gc_urgency 0.825056 current_native_bytes is 152600307 starting_gc_num:38
12-22 19:37:22.093  3322  3667 I cccccc  : createTaskSnapshotCompat:
12-22 19:37:22.093  3322  3322 I cccccc  : createTaskSnapshotCompat:
12-22 19:37:22.094  3322  3322 I com.miui.home: CheckGCForNative adj_start_bytes: 33014685 NativeAllocationGcWatermark: 10553118 java_gc_start_bytes: 17185008 kNewNativeDiscountFactor: 2 kOldNativeDiscountFactor: 65536 old_native_bytes: 120001599 new_native_bytes: 43305588 add_bytes_allowed: 31659354 is_gc_concurrent: 1 target_footprint_: 17316080 GetBytesAllocated: 10944420 HeapGrowthMultiplier: 3
12-22 19:37:22.094  3322  3322 I com.miui.home: CheckGCForNative gc_urgency 0.98741 current_native_bytes is 163307187 starting_gc_num:38
12-22 19:37:22.199  7964  7964 I wm_on_paused_called: [0,58364482,com.tencent.mm.plugin.account.ui.WelcomeActivity,performPause,40]
12-22 19:37:22.351  3322 11426 D cccccc  : onTaskStackChangedBackground
12-22 19:37:22.355  3322  4018 D cccccc  : onTaskStackChangedBackground
12-22 19:37:22.446  7964  7964 I wm_on_stop_called: [0,247994478,com.tencent.mm.ui.LauncherUI,STOP_ACTIVITY_ITEM,19]
12-22 19:37:22.490  7964  7964 I wm_on_stop_called: [0,58364482,com.tencent.mm.plugin.account.ui.WelcomeActivity,STOP_ACTIVITY_ITEM,11]
12-22 19:37:22.500  7964  7964 I wm_on_idle_called: com.tencent.mm.ui.LauncherUI
12-22 19:37:22.500  7964  7964 I wm_on_idle_called: com.tencent.mm.plugin.account.ui.WelcomeActivity
12-22 19:37:22.523  3322  3322 I wm_on_top_resumed_lost_called: [1743772,com.miui.home.launcher.Launcher,topStateChangedWhenResumed]
12-22 19:37:22.528  3322  3322 I wm_on_paused_called: [0,1743772,com.miui.home.launcher.Launcher,performPause,2]
12-22 19:37:22.662  3322 11486 D cccccc  : onTaskStackChangedBackground
12-22 19:37:22.679  3322 11486 D cccccc  : onTaskStackChangedBackground
12-22 19:37:22.680  3322 11486 D cccccc  : onTaskStackChangedBackground
12-22 19:37:22.696  3322 11486 D cccccc  : onTaskStackChangedBackground
12-22 19:37:22.792  3322 11486 I com.miui.home: CheckGCForNative adj_start_bytes: 33014685 NativeAllocationGcWatermark: 10553118 java_gc_start_bytes: 17185008 kNewNativeDiscountFactor: 2 kOldNativeDiscountFactor: 65536 old_native_bytes: 120001599 new_native_bytes: 22474032 add_bytes_allowed: 31659354 is_gc_concurrent: 1 target_footprint_: 17316080 GetBytesAllocated: 12058007 HeapGrowthMultiplier: 3
12-22 19:37:22.792  3322 11486 I com.miui.home: CheckGCForNative gc_urgency 0.705651 current_native_bytes is 142475631 starting_gc_num:38
12-22 19:37:22.943 12568 12568 I wm_on_paused_called: [0,140519492,com.taobao.tao.welcome.Welcome,performPause,106]
12-22 19:37:22.959  3322  3721 E cccccc  : createTaskSnapshot:
12-22 19:37:22.959  3322  3721 I cccccc  : getTaskSnapshotInstance:
12-22 19:37:22.963  3322  3721 I com.miui.home: CheckGCForNative adj_start_bytes: 33014685 NativeAllocationGcWatermark: 10553118 java_gc_start_bytes: 17185008 kNewNativeDiscountFactor: 2 kOldNativeDiscountFactor: 65536 old_native_bytes: 120001599 new_native_bytes: 33317304 add_bytes_allowed: 31659354 is_gc_concurrent: 1 target_footprint_: 17316080 GetBytesAllocated: 12418113 HeapGrowthMultiplier: 3
12-22 19:37:22.963  3322  3721 I com.miui.home: CheckGCForNative gc_urgency 0.880778 current_native_bytes is 153318903 starting_gc_num:38
12-22 19:37:23.103  3322  3721 I com.miui.home: CheckGCForNative adj_start_bytes: 33014685 NativeAllocationGcWatermark: 10553118 java_gc_start_bytes: 17185008 kNewNativeDiscountFactor: 2 kOldNativeDiscountFactor: 65536 old_native_bytes: 120001599 new_native_bytes: 22720376 add_bytes_allowed: 31659354 is_gc_concurrent: 1 target_footprint_: 17316080 GetBytesAllocated: 12886803 HeapGrowthMultiplier: 3
12-22 19:37:23.103  3322  3721 I com.miui.home: CheckGCForNative gc_urgency 0.734486 current_native_bytes is 142721975 starting_gc_num:38
12-22 19:37:23.155  3322  3721 E cccccc  : createTaskSnapshot:
12-22 19:37:23.155  3322  3721 I cccccc  : getTaskSnapshotInstance:
12-22 19:37:23.234  3322  3668 I com.miui.home: CheckGCForNative adj_start_bytes: 33014685 NativeAllocationGcWatermark: 10553118 java_gc_start_bytes: 17185008 kNewNativeDiscountFactor: 2 kOldNativeDiscountFactor: 65536 old_native_bytes: 120001599 new_native_bytes: 22850412 add_bytes_allowed: 31659354 is_gc_concurrent: 1 target_footprint_: 17316080 GetBytesAllocated: 13099691 HeapGrowthMultiplier: 3
12-22 19:37:23.234  3322  3668 I com.miui.home: CheckGCForNative gc_urgency 0.742904 current_native_bytes is 142852011 starting_gc_num:38
12-22 19:37:23.545 13452 13452 I wm_on_application_create_called: [0,com.sina.weibo,344]
12-22 19:37:23.699 13452 13452 I wm_on_create_called: [0,57740573,com.sina.weibo.SplashActivity,performCreate,75]
12-22 19:37:23.703 13452 13452 I wm_on_start_called: [0,57740573,com.sina.weibo.SplashActivity,handleStartActivity,3]
12-22 19:37:23.710 13452 13452 I wm_on_resume_called: [0,57740573,com.sina.weibo.SplashActivity,RESUME_ACTIVITY,6]
12-22 19:37:23.738 13452 13452 I wm_on_top_resumed_gained_called: [57740573,com.sina.weibo.SplashActivity,topStateChangedWhenResumed]
12-22 19:37:24.050 13561 13561 I wm_on_application_create_called: [0,com.sina.weibo,234]
12-22 19:37:24.356 13452 13452 I wm_on_top_resumed_lost_called: [57740573,com.sina.weibo.SplashActivity,topStateChangedWhenResumed]
12-22 19:37:24.368  3322  3322 I wm_on_resume_called: [0,1743772,com.miui.home.launcher.Launcher,RESUME_ACTIVITY,17]
12-22 19:37:24.380  3322  3322 I wm_on_top_resumed_gained_called: [1743772,com.miui.home.launcher.Launcher,topStateChangedWhenResumed]
12-22 19:37:24.385  3322  3322 I wm_on_idle_called: com.miui.home.launcher.Launcher
12-22 19:37:24.425  3322  3647 I com.miui.home: CheckGCForNative adj_start_bytes: 33014685 NativeAllocationGcWatermark: 10553118 java_gc_start_bytes: 17185008 kNewNativeDiscountFactor: 2 kOldNativeDiscountFactor: 65536 old_native_bytes: 120001599 new_native_bytes: 22672584 add_bytes_allowed: 31659354 is_gc_concurrent: 1 target_footprint_: 17316080 GetBytesAllocated: 14170674 HeapGrowthMultiplier: 3
12-22 19:37:24.426  3322  3647 I com.miui.home: CheckGCForNative gc_urgency 0.77265 current_native_bytes is 142674183 starting_gc_num:38
12-22 19:37:24.577 13452 13452 I wm_on_paused_called: [0,57740573,com.sina.weibo.SplashActivity,performPause,3]
12-22 19:37:24.671  3322 10700 I com.miui.home: CheckGCForNative adj_start_bytes: 33014685 NativeAllocationGcWatermark: 10553118 java_gc_start_bytes: 17185008 kNewNativeDiscountFactor: 2 kOldNativeDiscountFactor: 65536 old_native_bytes: 120001599 new_native_bytes: 33385200 add_bytes_allowed: 31659354 is_gc_concurrent: 1 target_footprint_: 17316080 GetBytesAllocated: 14891498 HeapGrowthMultiplier: 3
12-22 19:37:24.671  3322 10700 I com.miui.home: CheckGCForNative gc_urgency 0.956724 current_native_bytes is 153386799 starting_gc_num:38
12-22 19:37:24.672  3322 10700 I cccccc  : createTaskSnapshotCompat:
12-22 19:37:24.672  3322 10700 I com.miui.home: CheckGCForNative adj_start_bytes: 33014685 NativeAllocationGcWatermark: 10553118 java_gc_start_bytes: 17185008 kNewNativeDiscountFactor: 2 kOldNativeDiscountFactor: 65536 old_native_bytes: 120001599 new_native_bytes: 44092144 add_bytes_allowed: 31659354 is_gc_concurrent: 1 target_footprint_: 17316080 GetBytesAllocated: 14896517 HeapGrowthMultiplier: 3
12-22 19:37:24.672  3322 10700 I com.miui.home: CheckGCForNative gc_urgency 1.11903 current_native_bytes is 164093743 starting_gc_num:38
12-22 19:37:24.672  3322 10700 I com.miui.home: CheckGCForNative requested 1
12-22 19:37:24.755  3322 10700 I cccccc  : getTaskSnapshot:
12-22 19:37:24.756  3322 10700 I com.miui.home: CheckGCForNative adj_start_bytes: 33014685 NativeAllocationGcWatermark: 10553118 java_gc_start_bytes: 17185008 kNewNativeDiscountFactor: 2 kOldNativeDiscountFactor: 65536 old_native_bytes: 120001599 new_native_bytes: 44172288 add_bytes_allowed: 31659354 is_gc_concurrent: 1 target_footprint_: 17316080 GetBytesAllocated: 14959020 HeapGrowthMultiplier: 3
12-22 19:37:24.756  3322 10700 I com.miui.home: CheckGCForNative gc_urgency 1.12214 current_native_bytes is 164173887 starting_gc_num:38
12-22 19:37:24.756  3322 10700 I com.miui.home: CheckGCForNative requested 1
12-22 19:37:24.757  3322  3322 I cccccc  : createTaskSnapshotCompat:
12-22 19:37:24.814  3322 10700 D cccccc  : onTaskStackChangedBackground
12-22 19:37:24.826  3322  3392 D cccccc  : onTaskStackChangedBackground
12-22 19:37:24.950  3322  3668 I com.miui.home: CheckGCForNative adj_start_bytes: 33014685 NativeAllocationGcWatermark: 10553118 java_gc_start_bytes: 17185008 kNewNativeDiscountFactor: 2 kOldNativeDiscountFactor: 65536 old_native_bytes: 120001599 new_native_bytes: 33398944 add_bytes_allowed: 31659354 is_gc_concurrent: 1 target_footprint_: 17316080 GetBytesAllocated: 15379446 HeapGrowthMultiplier: 3
12-22 19:37:24.950  3322  3668 I com.miui.home: CheckGCForNative gc_urgency 0.971712 current_native_bytes is 153400543 starting_gc_num:38
12-22 19:37:24.964  3322  3387 I com.miui.home: NativeAlloc concurrent copying GC freed 132032(5652KB) AllocSpace objects, 26(680KB) LOS objects, 49% free, 8718KB/17MB, paused 350us,72us total 290.069ms
12-22 19:37:24.983  3322  3668 I com.miui.home: CheckGCForNative gc_urgency 0 current_native_bytes is 131646939 starting_gc_num:39
12-22 19:37:25.042 13452 13452 I wm_on_create_called: [0,235719850,com.sina.weibo.VisitorMainTabActivity,performCreate,407]
12-22 19:37:25.048 13452 13452 I wm_on_start_called: [0,235719850,com.sina.weibo.VisitorMainTabActivity,handleStartActivity,4]
12-22 19:37:25.126  3322  3721 E cccccc  : createTaskSnapshot:
12-22 19:37:25.126  3322  3721 I cccccc  : getTaskSnapshotInstance:
12-22 19:37:25.131  3322  3721 I com.miui.home: CheckGCForNative adj_start_bytes: 33271624 NativeAllocationGcWatermark: 10620651 java_gc_start_bytes: 17340648 kNewNativeDiscountFactor: 2 kOldNativeDiscountFactor: 65536 old_native_bytes: 131646939 new_native_bytes: 10096908 add_bytes_allowed: 31861953 is_gc_concurrent: 1 target_footprint_: 17856345 GetBytesAllocated: 9480278 HeapGrowthMultiplier: 3
12-22 19:37:25.132  3322  3721 I com.miui.home: CheckGCForNative gc_urgency 0.436731 current_native_bytes is 141743847 starting_gc_num:39
12-22 19:37:25.159  3322  3667 I com.miui.home: CheckGCForNative adj_start_bytes: 33271624 NativeAllocationGcWatermark: 10620651 java_gc_start_bytes: 17340648 kNewNativeDiscountFactor: 2 kOldNativeDiscountFactor: 65536 old_native_bytes: 131646939 new_native_bytes: 10040852 add_bytes_allowed: 31861953 is_gc_concurrent: 1 target_footprint_: 17856345 GetBytesAllocated: 9558122 HeapGrowthMultiplier: 3
12-22 19:37:25.159  3322  3667 I com.miui.home: CheckGCForNative gc_urgency 0.438228 current_native_bytes is 141687791 starting_gc_num:39
12-22 19:37:25.159  3322  3667 I cccccc  : createTaskSnapshotCompat:
12-22 19:37:25.160  3322  3667 I com.miui.home: CheckGCForNative adj_start_bytes: 33271624 NativeAllocationGcWatermark: 10620651 java_gc_start_bytes: 17340648 kNewNativeDiscountFactor: 2 kOldNativeDiscountFactor: 65536 old_native_bytes: 131646939 new_native_bytes: 20747988 add_bytes_allowed: 31861953 is_gc_concurrent: 1 target_footprint_: 17856345 GetBytesAllocated: 9558314 HeapGrowthMultiplier: 3
12-22 19:37:25.160  3322  3667 I com.miui.home: CheckGCForNative gc_urgency 0.599139 current_native_bytes is 152394927 starting_gc_num:39
12-22 19:37:25.161  3322 11486 I cccccc  : getTaskSnapshot:
12-22 19:37:25.165  3322 11486 I com.miui.home: CheckGCForNative adj_start_bytes: 33271624 NativeAllocationGcWatermark: 10620651 java_gc_start_bytes: 17340648 kNewNativeDiscountFactor: 2 kOldNativeDiscountFactor: 65536 old_native_bytes: 131646939 new_native_bytes: 20749044 add_bytes_allowed: 31861953 is_gc_concurrent: 1 target_footprint_: 17856345 GetBytesAllocated: 9571454 HeapGrowthMultiplier: 3
12-22 19:37:25.165  3322 11486 I com.miui.home: CheckGCForNative gc_urgency 0.599549 current_native_bytes is 152395983 starting_gc_num:39
12-22 19:37:25.167  3322  3322 I cccccc  : createTaskSnapshotCompat:
12-22 19:37:25.285  3322  3721 I com.miui.home: CheckGCForNative adj_start_bytes: 33271624 NativeAllocationGcWatermark: 10620651 java_gc_start_bytes: 17340648 kNewNativeDiscountFactor: 2 kOldNativeDiscountFactor: 65536 old_native_bytes: 131646939 new_native_bytes: 10106224 add_bytes_allowed: 31861953 is_gc_concurrent: 1 target_footprint_: 17856345 GetBytesAllocated: 10009865 HeapGrowthMultiplier: 3
12-22 19:37:25.286  3322  3721 I com.miui.home: CheckGCForNative gc_urgency 0.452788 current_native_bytes is 141753163 starting_gc_num:39
12-22 19:37:25.289 13452 13452 I wm_on_create_called: [0,0,com.sina.weibo.feed.visitor.VisitorHomeActivity,performCreate,170]
12-22 19:37:25.293 13452 13452 I wm_on_start_called: [0,0,com.sina.weibo.feed.visitor.VisitorHomeActivity,handleStartActivity,4]
12-22 19:37:25.336 13452 13452 I wm_on_resume_called: [0,0,com.sina.weibo.feed.visitor.VisitorHomeActivity,moveToState-INITIALIZING,41]
12-22 19:37:25.346  3322  3721 E cccccc  : createTaskSnapshot:
12-22 19:37:25.346  3322  3721 I cccccc  : getTaskSnapshotInstance:
12-22 19:37:25.349  3322  3721 I com.miui.home: CheckGCForNative adj_start_bytes: 33271624 NativeAllocationGcWatermark: 10620651 java_gc_start_bytes: 17340648 kNewNativeDiscountFactor: 2 kOldNativeDiscountFactor: 65536 old_native_bytes: 131646939 new_native_bytes: 20814760 add_bytes_allowed: 31861953 is_gc_concurrent: 1 target_footprint_: 17856345 GetBytesAllocated: 10166019 HeapGrowthMultiplier: 3
12-22 19:37:25.349  3322  3721 I com.miui.home: CheckGCForNative gc_urgency 0.618407 current_native_bytes is 152461699 starting_gc_num:39
12-22 19:37:25.350 13452 13452 I wm_on_resume_called: [0,235719850,com.sina.weibo.VisitorMainTabActivity,RESUME_ACTIVITY,300]
12-22 19:37:25.367 13452 13452 I wm_on_stop_called: [0,57740573,com.sina.weibo.SplashActivity,LIFECYCLER_STOP_ACTIVITY,2]
12-22 19:37:25.380 13452 13452 I wm_on_destroy_called: [0,57740573,com.sina.weibo.SplashActivity,performDestroy,13]
12-22 19:37:25.468 13452 13452 I wm_on_paused_called: [0,0,com.sina.weibo.feed.visitor.VisitorHomeActivity,performPause,6]
12-22 19:37:25.470 13452 13452 I wm_on_paused_called: [0,235719850,com.sina.weibo.VisitorMainTabActivity,performPause,14]
12-22 19:37:25.592  3322 11486 D cccccc  : onTaskStackChangedBackground
12-22 19:37:25.594  3322 10700 D cccccc  : onTaskStackChangedBackground
12-22 19:37:25.639  3322  3322 I wm_on_top_resumed_lost_called: [1743772,com.miui.home.launcher.Launcher,topStateChangedWhenResumed]
12-22 19:37:25.648  3322  3322 I wm_on_paused_called: [0,1743772,com.miui.home.launcher.Launcher,performPause,2]
12-22 19:37:25.753  3322 10700 D cccccc  : onTaskStackChangedBackground
12-22 19:37:25.755  3322 10700 D cccccc  : onTaskStackChangedBackground
12-22 19:37:25.811  3322  3392 D cccccc  : onTaskStackChangedBackground
12-22 19:37:25.817  3322  3392 D cccccc  : onTaskStackChangedBackground
12-22 19:37:26.007  3322  3668 I com.miui.home: CheckGCForNative adj_start_bytes: 33271624 NativeAllocationGcWatermark: 10620651 java_gc_start_bytes: 17340648 kNewNativeDiscountFactor: 2 kOldNativeDiscountFactor: 65536 old_native_bytes: 131646939 new_native_bytes: 10744420 add_bytes_allowed: 31861953 is_gc_concurrent: 1 target_footprint_: 17856345 GetBytesAllocated: 11336656 HeapGrowthMultiplier: 3
12-22 19:37:26.008  3322  3668 I com.miui.home: CheckGCForNative gc_urgency 0.502303 current_native_bytes is 142391359 starting_gc_num:39
12-22 19:37:26.068  3322  3721 E cccccc  : createTaskSnapshot:
12-22 19:37:26.070  3322  3721 I cccccc  : getTaskSnapshotInstance:
12-22 19:37:26.086  3322  3668 I com.miui.home: CheckGCForNative adj_start_bytes: 33271624 NativeAllocationGcWatermark: 10620651 java_gc_start_bytes: 17340648 kNewNativeDiscountFactor: 2 kOldNativeDiscountFactor: 65536 old_native_bytes: 131646939 new_native_bytes: 10887092 add_bytes_allowed: 31861953 is_gc_concurrent: 1 target_footprint_: 17856345 GetBytesAllocated: 11511307 HeapGrowthMultiplier: 3
12-22 19:37:26.086  3322  3668 I com.miui.home: CheckGCForNative gc_urgency 0.509649 current_native_bytes is 142534031 starting_gc_num:39
12-22 19:37:26.200 13452 13452 I wm_on_stop_called: [0,0,com.sina.weibo.feed.visitor.VisitorHomeActivity,moveToState-STARTED,22]
12-22 19:37:26.200 13452 13452 I wm_on_stop_called: [0,235719850,com.sina.weibo.VisitorMainTabActivity,STOP_ACTIVITY_ITEM,25]
12-22 19:37:26.298  3322  3721 I com.miui.home: CheckGCForNative adj_start_bytes: 33271624 NativeAllocationGcWatermark: 10620651 java_gc_start_bytes: 17340648 kNewNativeDiscountFactor: 2 kOldNativeDiscountFactor: 65536 old_native_bytes: 131646939 new_native_bytes: 11010280 add_bytes_allowed: 31861953 is_gc_concurrent: 1 target_footprint_: 17856345 GetBytesAllocated: 11965653 HeapGrowthMultiplier: 3
12-22 19:37:26.298  3322  3721 I com.miui.home: CheckGCForNative gc_urgency 0.525156 current_native_bytes is 142657219 starting_gc_num:39
12-22 19:37:26.387 13452 13452 I wm_on_idle_called: com.sina.weibo.VisitorMainTabActivity
12-22 19:37:26.434  3322  3721 E cccccc  : createTaskSnapshot:
12-22 19:37:26.434  3322  3721 I cccccc  : getTaskSnapshotInstance:
12-22 19:37:26.675 13860 13860 I wm_on_application_create_called: [0,com.UCMobile,402]
12-22 19:37:26.838 13860 13860 I wm_on_create_called: [0,161184842,com.UCMobile.main.UCMobile,performCreate,136]
12-22 19:37:26.989 13860 13860 I wm_on_create_called: [0,160716294,com.uc.browser.InnerUCMobile,performCreate,57]
12-22 19:37:27.001 13860 13860 I wm_on_start_called: [0,160716294,com.uc.browser.InnerUCMobile,handleStartActivity,11]
12-22 19:37:27.012  3322 11486 D cccccc  : onTaskStackChangedBackground
12-22 19:37:27.013  3322 10700 D cccccc  : onTaskStackChangedBackground
12-22 19:37:27.018 13860 13860 I wm_on_resume_called: [0,160716294,com.uc.browser.InnerUCMobile,RESUME_ACTIVITY,13]
12-22 19:37:27.121 13860 13860 I wm_on_top_resumed_gained_called: [160716294,com.uc.browser.InnerUCMobile,topStateChangedWhenResumed]
12-22 19:37:27.190  3322  3721 E cccccc  : createTaskSnapshot:
12-22 19:37:27.190  3322  3721 I cccccc  : getTaskSnapshotInstance:
12-22 19:37:27.439  3322  3322 I wm_on_resume_called: [0,1743772,com.miui.home.launcher.Launcher,RESUME_ACTIVITY,18]
12-22 19:37:27.460  3322  3322 I wm_on_idle_called: com.miui.home.launcher.Launcher
12-22 19:37:27.571  3322  3392 I com.miui.home: CheckGCForNative adj_start_bytes: 33271624 NativeAllocationGcWatermark: 10620651 java_gc_start_bytes: 17340648 kNewNativeDiscountFactor: 2 kOldNativeDiscountFactor: 65536 old_native_bytes: 131646939 new_native_bytes: 11237156 add_bytes_allowed: 31861953 is_gc_concurrent: 1 target_footprint_: 17856345 GetBytesAllocated: 14323475 HeapGrowthMultiplier: 3
12-22 19:37:27.571  3322  3392 I com.miui.home: CheckGCForNative gc_urgency 0.599683 current_native_bytes is 142884095 starting_gc_num:39
12-22 19:37:27.588  3322  3721 E cccccc  : createTaskSnapshot:
12-22 19:37:27.588  3322  3721 I cccccc  : getTaskSnapshotInstance:
12-22 19:37:27.647  3322 10700 I cccccc  : getTaskSnapshot:
12-22 19:37:27.648  3322 10700 I com.miui.home: CheckGCForNative adj_start_bytes: 33271624 NativeAllocationGcWatermark: 10620651 java_gc_start_bytes: 17340648 kNewNativeDiscountFactor: 2 kOldNativeDiscountFactor: 65536 old_native_bytes: 131646939 new_native_bytes: 32686820 add_bytes_allowed: 31861953 is_gc_concurrent: 1 target_footprint_: 17856345 GetBytesAllocated: 14549011 HeapGrowthMultiplier: 3
12-22 19:37:27.648  3322 10700 I com.miui.home: CheckGCForNative gc_urgency 0.928552 current_native_bytes is 164333759 starting_gc_num:39
12-22 19:37:27.648  3322  3392 I com.miui.home: CheckGCForNative adj_start_bytes: 33271624 NativeAllocationGcWatermark: 10620651 java_gc_start_bytes: 17340648 kNewNativeDiscountFactor: 2 kOldNativeDiscountFactor: 65536 old_native_bytes: 131646939 new_native_bytes: 32686820 add_bytes_allowed: 31861953 is_gc_concurrent: 1 target_footprint_: 17856345 GetBytesAllocated: 14549011 HeapGrowthMultiplier: 3
12-22 19:37:27.648  3322  3392 I com.miui.home: CheckGCForNative gc_urgency 0.928558 current_native_bytes is 164333759 starting_gc_num:39
12-22 19:37:27.648  3322  3322 I cccccc  : createTaskSnapshotCompat:
12-22 19:37:27.648  3322  3392 I cccccc  : createTaskSnapshotCompat:
12-22 19:37:27.649  3322  3322 I com.miui.home: CheckGCForNative adj_start_bytes: 33271624 NativeAllocationGcWatermark: 10620651 java_gc_start_bytes: 17340648 kNewNativeDiscountFactor: 2 kOldNativeDiscountFactor: 65536 old_native_bytes: 131646939 new_native_bytes: 43394468 add_bytes_allowed: 31861953 is_gc_concurrent: 1 target_footprint_: 17856345 GetBytesAllocated: 14571036 HeapGrowthMultiplier: 3
12-22 19:37:27.649  3322  3322 I com.miui.home: CheckGCForNative gc_urgency 1.09013 current_native_bytes is 175041407 starting_gc_num:39
12-22 19:37:27.649  3322  3322 I com.miui.home: CheckGCForNative requested 1
12-22 19:37:27.657  3322  3668 I com.miui.home: CheckGCForNative adj_start_bytes: 33271624 NativeAllocationGcWatermark: 10620651 java_gc_start_bytes: 17340648 kNewNativeDiscountFactor: 2 kOldNativeDiscountFactor: 65536 old_native_bytes: 131646939 new_native_bytes: 21984900 add_bytes_allowed: 31861953 is_gc_concurrent: 1 target_footprint_: 17856345 GetBytesAllocated: 14606821 HeapGrowthMultiplier: 3
12-22 19:37:27.657  3322  3668 I com.miui.home: CheckGCForNative gc_urgency 0.769463 current_native_bytes is 153631839 starting_gc_num:39
12-22 19:37:27.843  3322  3322 I wm_on_top_resumed_gained_called: [1743772,com.miui.home.launcher.Launcher,topStateChangedWhenResumed]
12-22 19:37:27.896  3322  3387 I com.miui.home: NativeAlloc concurrent copying GC freed 126507(5609KB) AllocSpace objects, 14(392KB) LOS objects, 50% free, 8946KB/17MB, paused 460us,741us total 246.707ms
12-22 19:37:27.946  3322  3668 I com.miui.home: CheckGCForNative gc_urgency 0 current_native_bytes is 132048567 starting_gc_num:40
12-22 19:37:28.058 13860 13860 I wm_on_top_resumed_lost_called: [160716294,com.uc.browser.InnerUCMobile,topStateChangedWhenResumed]
12-22 19:37:28.156  3322  3392 I cccccc  : getTaskSnapshot:
12-22 19:37:28.156  3322  3667 I com.miui.home: CheckGCForNative adj_start_bytes: 33816792 NativeAllocationGcWatermark: 10678941 java_gc_start_bytes: 17798381 kNewNativeDiscountFactor: 2 kOldNativeDiscountFactor: 65536 old_native_bytes: 132048567 new_native_bytes: 8514244 add_bytes_allowed: 32036823 is_gc_concurrent: 1 target_footprint_: 18322669 GetBytesAllocated: 9313749 HeapGrowthMultiplier: 3
12-22 19:37:28.156  3322  3667 I com.miui.home: CheckGCForNative gc_urgency 0.401365 current_native_bytes is 140562811 starting_gc_num:40
12-22 19:37:28.157  3322  3667 I cccccc  : createTaskSnapshotCompat:
12-22 19:37:28.159  3322  3667 I com.miui.home: CheckGCForNative adj_start_bytes: 33816792 NativeAllocationGcWatermark: 10678941 java_gc_start_bytes: 17798381 kNewNativeDiscountFactor: 2 kOldNativeDiscountFactor: 65536 old_native_bytes: 132048567 new_native_bytes: 29927428 add_bytes_allowed: 32036823 is_gc_concurrent: 1 target_footprint_: 18322669 GetBytesAllocated: 9313941 HeapGrowthMultiplier: 3
12-22 19:37:28.159  3322  3667 I com.miui.home: CheckGCForNative gc_urgency 0.717977 current_native_bytes is 161975995 starting_gc_num:40
12-22 19:37:28.163  3322  3392 I com.miui.home: CheckGCForNative adj_start_bytes: 33816792 NativeAllocationGcWatermark: 10678941 java_gc_start_bytes: 17798381 kNewNativeDiscountFactor: 2 kOldNativeDiscountFactor: 65536 old_native_bytes: 132048567 new_native_bytes: 19220164 add_bytes_allowed: 32036823 is_gc_concurrent: 1 target_footprint_: 18322669 GetBytesAllocated: 9313749 HeapGrowthMultiplier: 3
12-22 19:37:28.163  3322  3392 I com.miui.home: CheckGCForNative gc_urgency 0.559664 current_native_bytes is 151268731 starting_gc_num:40
12-22 19:37:28.167  3322  3322 I cccccc  : createTaskSnapshotCompat:
12-22 19:37:28.419  3322 14272 I com.miui.home: CheckGCForNative adj_start_bytes: 33816792 NativeAllocationGcWatermark: 10678941 java_gc_start_bytes: 17798381 kNewNativeDiscountFactor: 2 kOldNativeDiscountFactor: 65536 old_native_bytes: 132048567 new_native_bytes: 8668956 add_bytes_allowed: 32036823 is_gc_concurrent: 1 target_footprint_: 18322669 GetBytesAllocated: 9523372 HeapGrowthMultiplier: 3
12-22 19:37:28.419  3322 14272 I com.miui.home: CheckGCForNative gc_urgency 0.409852 current_native_bytes is 140717523 starting_gc_num:40
12-22 19:37:28.515  3322 14272 I com.miui.home: CheckGCForNative adj_start_bytes: 33816792 NativeAllocationGcWatermark: 10678941 java_gc_start_bytes: 17798381 kNewNativeDiscountFactor: 2 kOldNativeDiscountFactor: 65536 old_native_bytes: 132048567 new_native_bytes: 8869516 add_bytes_allowed: 32036823 is_gc_concurrent: 1 target_footprint_: 18322669 GetBytesAllocated: 9614573 HeapGrowthMultiplier: 3
12-22 19:37:28.515  3322 14272 I com.miui.home: CheckGCForNative gc_urgency 0.415514 current_native_bytes is 140918083 starting_gc_num:40
12-22 19:37:28.622  3322  3322 I wm_on_top_resumed_lost_called: [1743772,com.miui.home.launcher.Launcher,topStateChangedWhenResumed]
12-22 19:37:28.653  3322  3392 D cccccc  : onTaskStackChangedBackground
12-22 19:37:28.654  3322  3392 D cccccc  : onTaskStackChangedBackground
12-22 19:37:28.700  3322  3322 I wm_on_paused_called: [0,1743772,com.miui.home.launcher.Launcher,performPause,4]
12-22 19:37:28.837  3322 11426 D cccccc  : onTaskStackChangedBackground
12-22 19:37:28.847  3322 11426 D cccccc  : onTaskStackChangedBackground
12-22 19:37:29.004  3322  3668 I com.miui.home: CheckGCForNative adj_start_bytes: 33816792 NativeAllocationGcWatermark: 10678941 java_gc_start_bytes: 17798381 kNewNativeDiscountFactor: 2 kOldNativeDiscountFactor: 65536 old_native_bytes: 132048567 new_native_bytes: 9160468 add_bytes_allowed: 32036823 is_gc_concurrent: 1 target_footprint_: 18322669 GetBytesAllocated: 10432854 HeapGrowthMultiplier: 3
12-22 19:37:29.004  3322  3668 I com.miui.home: CheckGCForNative gc_urgency 0.444013 current_native_bytes is 141209035 starting_gc_num:40
12-22 19:37:29.238  3322  3668 I com.miui.home: CheckGCForNative adj_start_bytes: 33816792 NativeAllocationGcWatermark: 10678941 java_gc_start_bytes: 17798381 kNewNativeDiscountFactor: 2 kOldNativeDiscountFactor: 65536 old_native_bytes: 132048567 new_native_bytes: 9365012 add_bytes_allowed: 32036823 is_gc_concurrent: 1 target_footprint_: 18322669 GetBytesAllocated: 10663952 HeapGrowthMultiplier: 3
12-22 19:37:29.238  3322  3668 I com.miui.home: CheckGCForNative gc_urgency 0.453871 current_native_bytes is 141413579 starting_gc_num:40
12-22 19:37:29.320  3322  3721 I com.miui.home: CheckGCForNative adj_start_bytes: 33816792 NativeAllocationGcWatermark: 10678941 java_gc_start_bytes: 17798381 kNewNativeDiscountFactor: 2 kOldNativeDiscountFactor: 65536 old_native_bytes: 132048567 new_native_bytes: 9751188 add_bytes_allowed: 32036823 is_gc_concurrent: 1 target_footprint_: 18322669 GetBytesAllocated: 10796592 HeapGrowthMultiplier: 3
12-22 19:37:29.320  3322  3721 I com.miui.home: CheckGCForNative gc_urgency 0.463503 current_native_bytes is 141799755 starting_gc_num:40
12-22 19:37:29.516  3322  3721 E cccccc  : createTaskSnapshot:
12-22 19:37:29.517  3322  3721 I cccccc  : getTaskSnapshotInstance:
12-22 19:37:29.529  3322  3721 E cccccc  : createTaskSnapshot:
12-22 19:37:29.530  3322  3721 I cccccc  : getTaskSnapshotInstance:
12-22 19:37:29.539  3322  3721 I com.miui.home: CheckGCForNative adj_start_bytes: 33816792 NativeAllocationGcWatermark: 10678941 java_gc_start_bytes: 17798381 kNewNativeDiscountFactor: 2 kOldNativeDiscountFactor: 65536 old_native_bytes: 132048567 new_native_bytes: 20219784 add_bytes_allowed: 32036823 is_gc_concurrent: 1 target_footprint_: 18322669 GetBytesAllocated: 10976226 HeapGrowthMultiplier: 3
12-22 19:37:29.539  3322  3721 I com.miui.home: CheckGCForNative gc_urgency 0.623599 current_native_bytes is 152268351 starting_gc_num:40
12-22 19:37:29.833  3322  3721 E cccccc  : createTaskSnapshot:
12-22 19:37:29.833  3322  3721 I cccccc  : getTaskSnapshotInstance:
12-22 19:37:30.403 14347 14347 I wm_on_create_called: [0,91039291,com.tencent.mtt.SplashActivity,performCreate,395]
12-22 19:37:30.521  3322  3392 D cccccc  : onTaskStackChangedBackground
12-22 19:37:30.536  3322  3392 D cccccc  : onTaskStackChangedBackground
12-22 19:37:30.701  3322  3322 I wm_on_resume_called: [0,1743772,com.miui.home.launcher.Launcher,RESUME_ACTIVITY,16]
12-22 19:37:30.718 14347 14347 I wm_on_create_called: [0,188990588,com.tencent.mtt.MainActivity,performCreate,181]
12-22 19:37:30.723 14347 14347 I wm_on_start_called: [0,188990588,com.tencent.mtt.MainActivity,handleStartActivity,5]
12-22 19:37:30.723  3322  3322 I wm_on_idle_called: com.miui.home.launcher.Launcher
12-22 19:37:31.050  3322 10700 I com.miui.home: CheckGCForNative adj_start_bytes: 33816792 NativeAllocationGcWatermark: 10678941 java_gc_start_bytes: 17798381 kNewNativeDiscountFactor: 2 kOldNativeDiscountFactor: 65536 old_native_bytes: 132048567 new_native_bytes: 20850656 add_bytes_allowed: 32036823 is_gc_concurrent: 1 target_footprint_: 18322669 GetBytesAllocated: 13276347 HeapGrowthMultiplier: 3
12-22 19:37:31.050  3322 10700 I com.miui.home: CheckGCForNative gc_urgency 0.700944 current_native_bytes is 152899223 starting_gc_num:40
12-22 19:37:31.051  3322 10700 I cccccc  : createTaskSnapshotCompat:
