12-21 19:02:18.464  3315  3612 I com.miui.home: CheckGCForNative adj_start_bytes: 34922117 NativeAllocationGcWatermark: 10795291 java_gc_start_bytes: 18729181 kNewNativeDiscountFactor: 2 kOldNativeDiscountFactor: 65536 old_native_bytes: 131182987 new_native_bytes: 23506836 add_bytes_allowed: 32385873 is_gc_concurrent: 1 target_footprint_: 19253469 GetBytesAllocated: 17971841 HeapGrowthMultiplier: 3
12-21 19:02:18.464  3315  3612 I com.miui.home: CheckGCForNative gc_urgency 0.851245 current_native_bytes is 154689823
12-21 19:02:18.483  3315  3609 I com.miui.home: CheckGCForNative adj_start_bytes: 34922117 NativeAllocationGcWatermark: 10795291 java_gc_start_bytes: 18729181 kNewNativeDiscountFactor: 2 kOldNativeDiscountFactor: 65536 old_native_bytes: 131182987 new_native_bytes: 34164084 add_bytes_allowed: 32385873 is_gc_concurrent: 1 target_footprint_: 19253469 GetBytesAllocated: 17982583 HeapGrowthMultiplier: 3
12-21 19:02:18.484  3315  3609 I com.miui.home: CheckGCForNative gc_urgency 1.00414 current_native_bytes is 165347071
12-21 19:02:18.484  3315  3609 I com.miui.home: CheckGCForNative requested 1
12-21 19:02:18.485  3315  3609 I cccccc  : createTaskSnapshotCompat:
12-21 19:02:18.485  3315  3609 I com.miui.home: CheckGCForNative adj_start_bytes: 34922117 NativeAllocationGcWatermark: 10795291 java_gc_start_bytes: 18729181 kNewNativeDiscountFactor: 2 kOldNativeDiscountFactor: 65536 old_native_bytes: 131182987 new_native_bytes: 44871220 add_bytes_allowed: 32385873 is_gc_concurrent: 1 target_footprint_: 19253469 GetBytesAllocated: 17992376 HeapGrowthMultiplier: 3
12-21 19:02:18.485  3315  3609 I com.miui.home: CheckGCForNative gc_urgency 1.15772 current_native_bytes is 176054207
12-21 19:02:18.485  3315  3609 I com.miui.home: CheckGCForNative requested 1
12-21 19:02:18.509 10932 10932 I wm_on_paused_called: [0,46983046,com.tencent.mm.plugin.account.ui.WelcomeActivity,performPause,9]
12-21 19:02:18.542 10932 10932 I wm_on_stop_called: [0,46983046,com.tencent.mm.plugin.account.ui.WelcomeActivity,STOP_ACTIVITY_ITEM,6]
12-21 19:02:18.568 10932 10932 I wm_on_idle_called: com.tencent.mm.ui.LauncherUI
12-21 19:02:18.568 10932 10932 I wm_on_idle_called: com.tencent.mm.plugin.account.ui.WelcomeActivity
12-21 19:02:18.615  3315  8747 D cccccc  : onTaskStackChangedBackground
12-21 19:02:18.616  3315  3386 D cccccc  : onTaskStackChangedBackground
12-21 19:02:18.748  3315  3686 E cccccc  : createTaskSnapshot:
12-21 19:02:18.753  3315  3686 I cccccc  : getTaskSnapshotInstance:
12-21 19:02:18.755  3315  3686 I com.miui.home: CheckGCForNative gc_urgency 0 current_native_bytes is 142220743
12-21 19:02:18.843  3315  3315 I wm_on_top_resumed_lost_called: [73283177,com.miui.home.launcher.Launcher,topStateChangedWhenResumed]
12-21 19:02:18.848  3315  3315 I wm_on_paused_called: [0,73283177,com.miui.home.launcher.Launcher,performPause,3]
12-21 19:02:18.860  3315  8747 D cccccc  : onTaskStackChangedBackground
12-21 19:02:18.861  3315  8747 D cccccc  : onTaskStackChangedBackground
12-21 19:02:18.958  3315  3694 D cccccc  : onTaskStackChangedBackground
12-21 19:02:18.962  3315  3694 D cccccc  : onTaskStackChangedBackground
12-21 19:02:19.116  3315  8412 I com.miui.home: CheckGCForNative gc_urgency 0 current_native_bytes is 132205715
12-21 19:02:19.146  3315  3686 E cccccc  : createTaskSnapshot:
12-21 19:02:19.146  3315  3686 I cccccc  : getTaskSnapshotInstance:
12-21 19:02:19.263  3315  3686 I com.miui.home: CheckGCForNative adj_start_bytes: 33337420 NativeAllocationGcWatermark: 10587090 java_gc_start_bytes: 17456785 kNewNativeDiscountFactor: 2 kOldNativeDiscountFactor: 65536 old_native_bytes: 132205715 new_native_bytes: 128984 add_bytes_allowed: 31761270 is_gc_concurrent: 1 target_footprint_: 17587857 GetBytesAllocated: 11208088 HeapGrowthMultiplier: 3
12-21 19:02:19.263  3315  3686 I com.miui.home: CheckGCForNative gc_urgency 0.338196 current_native_bytes is 132334699
12-21 19:02:19.323  3315  3686 E cccccc  : createTaskSnapshot:
12-21 19:02:19.323  3315  3686 I cccccc  : getTaskSnapshotInstance:
12-21 19:02:19.386  3315  3612 I com.miui.home: CheckGCForNative adj_start_bytes: 33337420 NativeAllocationGcWatermark: 10587090 java_gc_start_bytes: 17456785 kNewNativeDiscountFactor: 2 kOldNativeDiscountFactor: 65536 old_native_bytes: 132205715 new_native_bytes: 278356 add_bytes_allowed: 31761270 is_gc_concurrent: 1 target_footprint_: 17587857 GetBytesAllocated: 11429938 HeapGrowthMultiplier: 3
12-21 19:02:19.386  3315  3612 I com.miui.home: CheckGCForNative gc_urgency 0.347091 current_native_bytes is 132484071
12-21 19:02:19.614 13333 13333 I wm_on_create_called: [0,127506689,com.sina.weibo.SplashActivity,performCreate,124]
12-21 19:02:19.653 13333 13333 I wm_on_start_called: [0,127506689,com.sina.weibo.SplashActivity,handleStartActivity,38]
12-21 19:02:19.678 13333 13333 I wm_on_resume_called: [0,127506689,com.sina.weibo.SplashActivity,RESUME_ACTIVITY,23]
12-21 19:02:19.739 13333 13333 I wm_on_top_resumed_gained_called: [127506689,com.sina.weibo.SplashActivity,topStateChangedWhenResumed]
12-21 19:02:20.002  3315  3315 I wm_on_stop_called: [0,73283177,com.miui.home.launcher.Launcher,STOP_ACTIVITY_ITEM,7]
12-21 19:02:20.132 13426 13426 I wm_on_application_create_called: [0,com.sina.weibo,323]
12-21 19:02:20.263 13333 13333 I wm_on_idle_called: com.sina.weibo.SplashActivity
12-21 19:02:20.298 13333 13333 I wm_on_top_resumed_lost_called: [127506689,com.sina.weibo.SplashActivity,topStateChangedWhenResumed]
12-21 19:02:20.300 13333 13333 I wm_on_paused_called: [0,127506689,com.sina.weibo.SplashActivity,performPause,0]
12-21 19:02:20.420 13333 13333 I wm_on_create_called: [0,70817300,com.sina.weibo.VisitorMainTabActivity,performCreate,80]
12-21 19:02:20.421  3315  8747 D cccccc  : onTaskStackChangedBackground
12-21 19:02:20.422 13333 13333 I wm_on_start_called: [0,70817300,com.sina.weibo.VisitorMainTabActivity,handleStartActivity,1]
12-21 19:02:20.423  3315  8747 D cccccc  : onTaskStackChangedBackground
12-21 19:02:20.527 13333 13333 I wm_on_create_called: [0,0,com.sina.weibo.feed.visitor.VisitorHomeActivity,performCreate,82]
12-21 19:02:20.531 13333 13333 I wm_on_start_called: [0,0,com.sina.weibo.feed.visitor.VisitorHomeActivity,handleStartActivity,4]
12-21 19:02:20.563 13333 13333 I wm_on_resume_called: [0,0,com.sina.weibo.feed.visitor.VisitorHomeActivity,moveToState-INITIALIZING,31]
12-21 19:02:20.572 13333 13333 I wm_on_resume_called: [0,70817300,com.sina.weibo.VisitorMainTabActivity,RESUME_ACTIVITY,150]
12-21 19:02:20.579 13333 13333 I wm_on_top_resumed_gained_called: [70817300,com.sina.weibo.VisitorMainTabActivity,topStateChangedWhenResumed]
12-21 19:02:20.639  3315  3686 E cccccc  : createTaskSnapshot:
12-21 19:02:20.639  3315  3686 I cccccc  : getTaskSnapshotInstance:
12-21 19:02:20.751  8879  8879 I wm_on_destroy_called: [0,71336016,fm.qingting.qtradio.WelcomeActivity,performDestroy,12]
12-21 19:02:21.001  3315  3686 I com.miui.home: CheckGCForNative adj_start_bytes: 33337420 NativeAllocationGcWatermark: 10587090 java_gc_start_bytes: 17456785 kNewNativeDiscountFactor: 2 kOldNativeDiscountFactor: 65536 old_native_bytes: 132205715 new_native_bytes: 255996 add_bytes_allowed: 31761270 is_gc_concurrent: 1 target_footprint_: 17587857 GetBytesAllocated: 12832601 HeapGrowthMultiplier: 3
12-21 19:02:21.002  3315  3686 I com.miui.home: CheckGCForNative gc_urgency 0.388831 current_native_bytes is 132461711
12-21 19:02:21.044  3315  3686 E cccccc  : createTaskSnapshot:
12-21 19:02:21.044  3315  3686 I cccccc  : getTaskSnapshotInstance:
12-21 19:02:21.089  3315  3686 I com.miui.home: CheckGCForNative adj_start_bytes: 33337420 NativeAllocationGcWatermark: 10587090 java_gc_start_bytes: 17456785 kNewNativeDiscountFactor: 2 kOldNativeDiscountFactor: 65536 old_native_bytes: 132205715 new_native_bytes: 10954492 add_bytes_allowed: 31761270 is_gc_concurrent: 1 target_footprint_: 17587857 GetBytesAllocated: 12992947 HeapGrowthMultiplier: 3
12-21 19:02:21.089  3315  3686 I com.miui.home: CheckGCForNative gc_urgency 0.554098 current_native_bytes is 143160207
12-21 19:02:21.092  3315  3686 I com.miui.home: CheckGCForNative adj_start_bytes: 33337420 NativeAllocationGcWatermark: 10587090 java_gc_start_bytes: 17456785 kNewNativeDiscountFactor: 2 kOldNativeDiscountFactor: 65536 old_native_bytes: 132205715 new_native_bytes: 21661756 add_bytes_allowed: 31761270 is_gc_concurrent: 1 target_footprint_: 17587857 GetBytesAllocated: 13004565 HeapGrowthMultiplier: 3
12-21 19:02:21.092  3315  3686 I com.miui.home: CheckGCForNative gc_urgency 0.715036 current_native_bytes is 153867471
12-21 19:02:21.093  3315  3686 E cccccc  : createTaskSnapshot:
12-21 19:02:21.093  3315  3686 I cccccc  : getTaskSnapshotInstance:
12-21 19:02:21.264 13333 13333 I wm_on_stop_called: [0,127506689,com.sina.weibo.SplashActivity,LIFECYCLER_STOP_ACTIVITY,2]
12-21 19:02:21.506 13333 13333 I wm_on_destroy_called: [0,127506689,com.sina.weibo.SplashActivity,performDestroy,239]
12-21 19:02:22.030  3315  3315 I wm_on_restart_called: [0,73283177,com.miui.home.launcher.Launcher,,0]
12-21 19:02:22.032  3315  3315 I wm_on_start_called: [0,73283177,com.miui.home.launcher.Launcher,handleStartActivity,1]
12-21 19:02:22.050  3315  3315 I wm_on_resume_called: [0,73283177,com.miui.home.launcher.Launcher,RESUME_ACTIVITY,16]
12-21 19:02:22.162  3315  3315 I wm_on_idle_called: com.miui.home.launcher.Launcher
12-21 19:02:22.253  3315  8746 I com.miui.home: CheckGCForNative adj_start_bytes: 33337420 NativeAllocationGcWatermark: 10587090 java_gc_start_bytes: 17456785 kNewNativeDiscountFactor: 2 kOldNativeDiscountFactor: 65536 old_native_bytes: 132205715 new_native_bytes: 21886944 add_bytes_allowed: 31761270 is_gc_concurrent: 1 target_footprint_: 17587857 GetBytesAllocated: 14374084 HeapGrowthMultiplier: 3
12-21 19:02:22.253  3315  8746 I com.miui.home: CheckGCForNative gc_urgency 0.759494 current_native_bytes is 154092659
12-21 19:02:22.253  3315  8746 I cccccc  : createTaskSnapshotCompat:
12-21 19:02:22.255  3315  8746 I com.miui.home: CheckGCForNative adj_start_bytes: 33337420 NativeAllocationGcWatermark: 10587090 java_gc_start_bytes: 17456785 kNewNativeDiscountFactor: 2 kOldNativeDiscountFactor: 65536 old_native_bytes: 132205715 new_native_bytes: 32593888 add_bytes_allowed: 31761270 is_gc_concurrent: 1 target_footprint_: 17587857 GetBytesAllocated: 14401818 HeapGrowthMultiplier: 3
12-21 19:02:22.255  3315  8746 I com.miui.home: CheckGCForNative gc_urgency 0.92091 current_native_bytes is 164799603
12-21 19:02:22.309  3315  3612 I com.miui.home: CheckGCForNative adj_start_bytes: 33337420 NativeAllocationGcWatermark: 10587090 java_gc_start_bytes: 17456785 kNewNativeDiscountFactor: 2 kOldNativeDiscountFactor: 65536 old_native_bytes: 132205715 new_native_bytes: 21876064 add_bytes_allowed: 31761270 is_gc_concurrent: 1 target_footprint_: 17587857 GetBytesAllocated: 14554744 HeapGrowthMultiplier: 3
12-21 19:02:22.309  3315  3612 I com.miui.home: CheckGCForNative gc_urgency 0.76475 current_native_bytes is 154081779
12-21 19:02:22.453  3315  3612 I com.miui.home: CheckGCForNative adj_start_bytes: 33337420 NativeAllocationGcWatermark: 10587090 java_gc_start_bytes: 17456785 kNewNativeDiscountFactor: 2 kOldNativeDiscountFactor: 65536 old_native_bytes: 132205715 new_native_bytes: 21889888 add_bytes_allowed: 31761270 is_gc_concurrent: 1 target_footprint_: 17587857 GetBytesAllocated: 14608068 HeapGrowthMultiplier: 3
12-21 19:02:22.453  3315  3612 I com.miui.home: CheckGCForNative gc_urgency 0.766557 current_native_bytes is 154095603
12-21 19:02:22.525  3315  3315 I wm_on_top_resumed_gained_called: [73283177,com.miui.home.launcher.Launcher,topStateChangedWhenResumed]
12-21 19:02:22.688 13333 13333 I wm_on_top_resumed_lost_called: [70817300,com.sina.weibo.VisitorMainTabActivity,topStateChangedWhenResumed]
12-21 19:02:22.723  3315  3609 I com.miui.home: CheckGCForNative adj_start_bytes: 33337420 NativeAllocationGcWatermark: 10587090 java_gc_start_bytes: 17456785 kNewNativeDiscountFactor: 2 kOldNativeDiscountFactor: 65536 old_native_bytes: 132205715 new_native_bytes: 32617344 add_bytes_allowed: 31761270 is_gc_concurrent: 1 target_footprint_: 17587857 GetBytesAllocated: 14734692 HeapGrowthMultiplier: 3
12-21 19:02:22.723  3315  3609 I com.miui.home: CheckGCForNative gc_urgency 0.931247 current_native_bytes is 164823059
12-21 19:02:22.725  3315  3609 I cccccc  : createTaskSnapshotCompat:
12-21 19:02:22.728  3315  3609 I com.miui.home: CheckGCForNative adj_start_bytes: 33337420 NativeAllocationGcWatermark: 10587090 java_gc_start_bytes: 17456785 kNewNativeDiscountFactor: 2 kOldNativeDiscountFactor: 65536 old_native_bytes: 132205715 new_native_bytes: 43320832 add_bytes_allowed: 31761270 is_gc_concurrent: 1 target_footprint_: 17587857 GetBytesAllocated: 14734884 HeapGrowthMultiplier: 3
12-21 19:02:22.728  3315  3609 I com.miui.home: CheckGCForNative gc_urgency 1.09179 current_native_bytes is 175526547
12-21 19:02:22.728  3315  3609 I com.miui.home: CheckGCForNative requested 1
12-21 19:02:22.804 13333 13333 I wm_on_paused_called: [0,0,com.sina.weibo.feed.visitor.VisitorHomeActivity,performPause,16]
12-21 19:02:22.806 13333 13333 I wm_on_paused_called: [0,70817300,com.sina.weibo.VisitorMainTabActivity,performPause,20]
12-21 19:02:22.897  3315  3348 I com.miui.home: NativeAlloc concurrent copying GC freed 125129(5494KB) AllocSpace objects, 14(392KB) LOS objects, 50% free, 8637KB/16MB, paused 2.083ms,161us total 169.172ms
12-21 19:02:22.912  3315  3694 D cccccc  : onTaskStackChangedBackground
12-21 19:02:22.913  3315  8747 D cccccc  : onTaskStackChangedBackground
12-21 19:02:22.949 13333 13333 I wm_on_stop_called: [0,0,com.sina.weibo.feed.visitor.VisitorHomeActivity,moveToState-STARTED,14]
12-21 19:02:22.949 13333 13333 I wm_on_stop_called: [0,70817300,com.sina.weibo.VisitorMainTabActivity,STOP_ACTIVITY_ITEM,16]
12-21 19:02:22.994 13333 13333 I wm_on_idle_called: com.sina.weibo.VisitorMainTabActivity
12-21 19:02:23.052  3315  3686 I com.miui.home: CheckGCForNative gc_urgency 0 current_native_bytes is 130124935
12-21 19:02:23.132  3315  3686 E cccccc  : createTaskSnapshot:
12-21 19:02:23.132  3315  3686 I cccccc  : getTaskSnapshotInstance:
12-21 19:02:23.142  3315  3315 I wm_on_top_resumed_lost_called: [73283177,com.miui.home.launcher.Launcher,topStateChangedWhenResumed]
12-21 19:02:23.150  3315  3315 I wm_on_paused_called: [0,73283177,com.miui.home.launcher.Launcher,performPause,4]
12-21 19:02:23.154  3315  3686 I com.miui.home: CheckGCForNative adj_start_bytes: 33451342 NativeAllocationGcWatermark: 10599762 java_gc_start_bytes: 17551699 kNewNativeDiscountFactor: 2 kOldNativeDiscountFactor: 65536 old_native_bytes: 130124935 new_native_bytes: 11620500 add_bytes_allowed: 31799286 is_gc_concurrent: 1 target_footprint_: 17689237 GetBytesAllocated: 9747746 HeapGrowthMultiplier: 3
12-21 19:02:23.154  3315  3686 I com.miui.home: CheckGCForNative gc_urgency 0.465153 current_native_bytes is 141745435
12-21 19:02:23.169  3315  8747 D cccccc  : onTaskStackChangedBackground
12-21 19:02:23.170  3315  8747 D cccccc  : onTaskStackChangedBackground
12-21 19:02:23.256  3315  8747 D cccccc  : onTaskStackChangedBackground
12-21 19:02:23.262  3315  3386 D cccccc  : onTaskStackChangedBackground
12-21 19:02:23.398  3315  3612 I com.miui.home: CheckGCForNative adj_start_bytes: 33451342 NativeAllocationGcWatermark: 10599762 java_gc_start_bytes: 17551699 kNewNativeDiscountFactor: 2 kOldNativeDiscountFactor: 65536 old_native_bytes: 130124935 new_native_bytes: 1087364 add_bytes_allowed: 31799286 is_gc_concurrent: 1 target_footprint_: 17689237 GetBytesAllocated: 10428463 HeapGrowthMultiplier: 3
12-21 19:02:23.398  3315  3612 I com.miui.home: CheckGCForNative gc_urgency 0.328062 current_native_bytes is 131212299
12-21 19:02:23.470  3315  3686 I com.miui.home: CheckGCForNative adj_start_bytes: 33451342 NativeAllocationGcWatermark: 10599762 java_gc_start_bytes: 17551699 kNewNativeDiscountFactor: 2 kOldNativeDiscountFactor: 65536 old_native_bytes: 130124935 new_native_bytes: 1182264 add_bytes_allowed: 31799286 is_gc_concurrent: 1 target_footprint_: 17689237 GetBytesAllocated: 10632874 HeapGrowthMultiplier: 3
12-21 19:02:23.470  3315  3686 I com.miui.home: CheckGCForNative gc_urgency 0.335592 current_native_bytes is 131307199
12-21 19:02:23.502  3315  3686 E cccccc  : createTaskSnapshot:
12-21 19:02:23.502  3315  3686 I cccccc  : getTaskSnapshotInstance:
12-21 19:02:23.641  3315  3686 E cccccc  : createTaskSnapshot:
12-21 19:02:23.641  3315  3686 I cccccc  : getTaskSnapshotInstance:
12-21 19:02:23.720  3315  3612 I com.miui.home: CheckGCForNative adj_start_bytes: 33451342 NativeAllocationGcWatermark: 10599762 java_gc_start_bytes: 17551699 kNewNativeDiscountFactor: 2 kOldNativeDiscountFactor: 65536 old_native_bytes: 130124935 new_native_bytes: 1488588 add_bytes_allowed: 31799286 is_gc_concurrent: 1 target_footprint_: 17689237 GetBytesAllocated: 11487029 HeapGrowthMultiplier: 3
12-21 19:02:23.720  3315  3612 I com.miui.home: CheckGCForNative gc_urgency 0.365705 current_native_bytes is 131613523
12-21 19:02:23.945 13953 13953 I wm_on_application_create_called: [0,com.UCMobile,229]
12-21 19:02:24.078 13953 13953 I wm_on_create_called: [0,37643416,com.UCMobile.main.UCMobile,performCreate,109]
12-21 19:02:24.181 13953 13953 I wm_on_create_called: [0,192445883,com.uc.browser.InnerUCMobile,performCreate,30]
12-21 19:02:24.225  3315  3386 D cccccc  : onTaskStackChangedBackground
12-21 19:02:24.229  3315  3386 D cccccc  : onTaskStackChangedBackground
12-21 19:02:24.237 13953 13953 I wm_on_start_called: [0,192445883,com.uc.browser.InnerUCMobile,handleStartActivity,56]
12-21 19:02:24.247 13953 13953 I wm_on_resume_called: [0,192445883,com.uc.browser.InnerUCMobile,RESUME_ACTIVITY,6]
12-21 19:02:24.286 13953 13953 I wm_on_top_resumed_gained_called: [192445883,com.uc.browser.InnerUCMobile,topStateChangedWhenResumed]
12-21 19:02:24.412  3315  3686 E cccccc  : createTaskSnapshot:
12-21 19:02:24.412  3315  3686 I cccccc  : getTaskSnapshotInstance:
12-21 19:02:24.518  3315  3686 E cccccc  : createTaskSnapshot:
12-21 19:02:24.518  3315  3686 I cccccc  : getTaskSnapshotInstance:
12-21 19:02:24.623  3315  3315 I wm_on_stop_called: [0,73283177,com.miui.home.launcher.Launcher,STOP_ACTIVITY_ITEM,10]
12-21 19:02:24.894  3315  3315 I wm_on_restart_called: [0,73283177,com.miui.home.launcher.Launcher,,0]
12-21 19:02:24.896  3315  3315 I wm_on_start_called: [0,73283177,com.miui.home.launcher.Launcher,handleStartActivity,2]
12-21 19:02:24.914  3315  3315 I wm_on_resume_called: [0,73283177,com.miui.home.launcher.Launcher,RESUME_ACTIVITY,16]
12-21 19:02:24.996  3315  3315 I com.miui.home: CheckGCForNative adj_start_bytes: 33451342 NativeAllocationGcWatermark: 10599762 java_gc_start_bytes: 17551699 kNewNativeDiscountFactor: 2 kOldNativeDiscountFactor: 65536 old_native_bytes: 130124935 new_native_bytes: 1945996 add_bytes_allowed: 31799286 is_gc_concurrent: 1 target_footprint_: 17689237 GetBytesAllocated: 13742520 HeapGrowthMultiplier: 3
12-21 19:02:24.997  3315  3315 I com.miui.home: CheckGCForNative gc_urgency 0.439967 current_native_bytes is 132070931
12-21 19:02:25.015  3315  3315 I com.miui.home: CheckGCForNative adj_start_bytes: 33451342 NativeAllocationGcWatermark: 10599762 java_gc_start_bytes: 17551699 kNewNativeDiscountFactor: 2 kOldNativeDiscountFactor: 65536 old_native_bytes: 130124935 new_native_bytes: 1954612 add_bytes_allowed: 31799286 is_gc_concurrent: 1 target_footprint_: 17689237 GetBytesAllocated: 13832745 HeapGrowthMultiplier: 3
12-21 19:02:25.015  3315  3315 I com.miui.home: CheckGCForNative gc_urgency 0.442793 current_native_bytes is 132079547
12-21 19:02:25.060 13953 13953 I wm_on_destroy_called: [0,37643416,com.UCMobile.main.UCMobile,performDestroy,0]
12-21 19:02:25.076  3315  3315 I wm_on_idle_called: com.miui.home.launcher.Launcher
12-21 19:02:25.252 13953 13953 I wm_on_top_resumed_lost_called: [192445883,com.uc.browser.InnerUCMobile,topStateChangedWhenResumed]
12-21 19:02:25.259  3315  3315 I wm_on_top_resumed_gained_called: [73283177,com.miui.home.launcher.Launcher,topStateChangedWhenResumed]
12-21 19:02:25.295  3315  3694 I com.miui.home: CheckGCForNative adj_start_bytes: 33451342 NativeAllocationGcWatermark: 10599762 java_gc_start_bytes: 17551699 kNewNativeDiscountFactor: 2 kOldNativeDiscountFactor: 65536 old_native_bytes: 130124935 new_native_bytes: 12832224 add_bytes_allowed: 31799286 is_gc_concurrent: 1 target_footprint_: 17689237 GetBytesAllocated: 14377602 HeapGrowthMultiplier: 3
12-21 19:02:25.295  3315  3694 I com.miui.home: CheckGCForNative gc_urgency 0.621711 current_native_bytes is 142957159
12-21 19:02:25.295  3315  3694 I cccccc  : createTaskSnapshotCompat:
12-21 19:02:25.298  3315  3694 I com.miui.home: CheckGCForNative adj_start_bytes: 33451342 NativeAllocationGcWatermark: 10599762 java_gc_start_bytes: 17551699 kNewNativeDiscountFactor: 2 kOldNativeDiscountFactor: 65536 old_native_bytes: 130124935 new_native_bytes: 23538432 add_bytes_allowed: 31799286 is_gc_concurrent: 1 target_footprint_: 17689237 GetBytesAllocated: 14439241 HeapGrowthMultiplier: 3
12-21 19:02:25.298  3315  3694 I com.miui.home: CheckGCForNative gc_urgency 0.783539 current_native_bytes is 153663367
12-21 19:02:25.576  3315  3612 I com.miui.home: CheckGCForNative adj_start_bytes: 33451342 NativeAllocationGcWatermark: 10599762 java_gc_start_bytes: 17551699 kNewNativeDiscountFactor: 2 kOldNativeDiscountFactor: 65536 old_native_bytes: 130124935 new_native_bytes: 12903072 add_bytes_allowed: 31799286 is_gc_concurrent: 1 target_footprint_: 17689237 GetBytesAllocated: 14745853 HeapGrowthMultiplier: 3
12-21 19:02:25.576  3315  3612 I com.miui.home: CheckGCForNative gc_urgency 0.633738 current_native_bytes is 143028007
12-21 19:02:25.801  3315  3609 I com.miui.home: CheckGCForNative adj_start_bytes: 33451342 NativeAllocationGcWatermark: 10599762 java_gc_start_bytes: 17551699 kNewNativeDiscountFactor: 2 kOldNativeDiscountFactor: 65536 old_native_bytes: 130124935 new_native_bytes: 23561984 add_bytes_allowed: 31799286 is_gc_concurrent: 1 target_footprint_: 17689237 GetBytesAllocated: 14821552 HeapGrowthMultiplier: 3
12-21 19:02:25.801  3315  3609 I com.miui.home: CheckGCForNative gc_urgency 0.79532 current_native_bytes is 153686919
12-21 19:02:25.802  3315  3609 I cccccc  : createTaskSnapshotCompat:
12-21 19:02:25.805  3315  3609 I com.miui.home: CheckGCForNative adj_start_bytes: 33451342 NativeAllocationGcWatermark: 10599762 java_gc_start_bytes: 17551699 kNewNativeDiscountFactor: 2 kOldNativeDiscountFactor: 65536 old_native_bytes: 130124935 new_native_bytes: 34258688 add_bytes_allowed: 31799286 is_gc_concurrent: 1 target_footprint_: 17689237 GetBytesAllocated: 14821744 HeapGrowthMultiplier: 3
12-21 19:02:25.805  3315  3609 I com.miui.home: CheckGCForNative gc_urgency 0.95521 current_native_bytes is 164383623
12-21 19:02:25.982  3315 14324 I com.miui.home: CheckGCForNative adj_start_bytes: 33451342 NativeAllocationGcWatermark: 10599762 java_gc_start_bytes: 17551699 kNewNativeDiscountFactor: 2 kOldNativeDiscountFactor: 65536 old_native_bytes: 130124935 new_native_bytes: 23629040 add_bytes_allowed: 31799286 is_gc_concurrent: 1 target_footprint_: 17689237 GetBytesAllocated: 14975051 HeapGrowthMultiplier: 3
12-21 19:02:25.982  3315 14324 I com.miui.home: CheckGCForNative gc_urgency 0.800911 current_native_bytes is 153753975
12-21 19:02:26.117  3315 14324 I com.miui.home: CheckGCForNative adj_start_bytes: 33451342 NativeAllocationGcWatermark: 10599762 java_gc_start_bytes: 17551699 kNewNativeDiscountFactor: 2 kOldNativeDiscountFactor: 65536 old_native_bytes: 130124935 new_native_bytes: 23686840 add_bytes_allowed: 31799286 is_gc_concurrent: 1 target_footprint_: 17689237 GetBytesAllocated: 15062146 HeapGrowthMultiplier: 3
12-21 19:02:26.117  3315 14324 I com.miui.home: CheckGCForNative gc_urgency 0.804379 current_native_bytes is 153811775
12-21 19:02:26.194  3315  3315 I wm_on_top_resumed_lost_called: [73283177,com.miui.home.launcher.Launcher,topStateChangedWhenResumed]
12-21 19:02:26.199  3315  3386 D cccccc  : onTaskStackChangedBackground
12-21 19:02:26.204  3315  3386 D cccccc  : onTaskStackChangedBackground
12-21 19:02:26.320  3315  3315 I wm_on_paused_called: [0,73283177,com.miui.home.launcher.Launcher,performPause,2]
12-21 19:02:26.454  3315  8746 D cccccc  : onTaskStackChangedBackground
12-21 19:02:26.459  3315  3386 D cccccc  : onTaskStackChangedBackground
12-21 19:02:26.587  3315  3612 I com.miui.home: CheckGCForNative adj_start_bytes: 33451342 NativeAllocationGcWatermark: 10599762 java_gc_start_bytes: 17551699 kNewNativeDiscountFactor: 2 kOldNativeDiscountFactor: 65536 old_native_bytes: 130124935 new_native_bytes: 24213032 add_bytes_allowed: 31799286 is_gc_concurrent: 1 target_footprint_: 17689237 GetBytesAllocated: 15915825 HeapGrowthMultiplier: 3
12-21 19:02:26.587  3315  3612 I com.miui.home: CheckGCForNative gc_urgency 0.837764 current_native_bytes is 154337967
12-21 19:02:26.756  3315  3686 I com.miui.home: CheckGCForNative adj_start_bytes: 33451342 NativeAllocationGcWatermark: 10599762 java_gc_start_bytes: 17551699 kNewNativeDiscountFactor: 2 kOldNativeDiscountFactor: 65536 old_native_bytes: 130124935 new_native_bytes: 24333724 add_bytes_allowed: 31799286 is_gc_concurrent: 1 target_footprint_: 17689237 GetBytesAllocated: 16186997 HeapGrowthMultiplier: 3
12-21 19:02:26.756  3315  3686 I com.miui.home: CheckGCForNative gc_urgency 0.847674 current_native_bytes is 154458659
12-21 19:02:26.877  3315  3612 I com.miui.home: CheckGCForNative adj_start_bytes: 33451342 NativeAllocationGcWatermark: 10599762 java_gc_start_bytes: 17551699 kNewNativeDiscountFactor: 2 kOldNativeDiscountFactor: 65536 old_native_bytes: 130124935 new_native_bytes: 24308284 add_bytes_allowed: 31799286 is_gc_concurrent: 1 target_footprint_: 17689237 GetBytesAllocated: 16298951 HeapGrowthMultiplier: 3
12-21 19:02:26.877  3315  3612 I com.miui.home: CheckGCForNative gc_urgency 0.850641 current_native_bytes is 154433219
12-21 19:02:26.929  3315  3686 E cccccc  : createTaskSnapshot:
12-21 19:02:26.929  3315  3686 I cccccc  : getTaskSnapshotInstance:
12-21 19:02:26.933  3315  3686 E cccccc  : createTaskSnapshot:
12-21 19:02:26.933  3315  3686 I cccccc  : getTaskSnapshotInstance:
12-21 19:02:26.935  3315  3686 I com.miui.home: CheckGCForNative adj_start_bytes: 33451342 NativeAllocationGcWatermark: 10599762 java_gc_start_bytes: 17551699 kNewNativeDiscountFactor: 2 kOldNativeDiscountFactor: 65536 old_native_bytes: 130124935 new_native_bytes: 34979580 add_bytes_allowed: 31799286 is_gc_concurrent: 1 target_footprint_: 17689237 GetBytesAllocated: 16376278 HeapGrowthMultiplier: 3
12-21 19:02:26.935  3315  3686 I com.miui.home: CheckGCForNative gc_urgency 1.01246 current_native_bytes is 165104515
12-21 19:02:26.945  3315  3686 I com.miui.home: CheckGCForNative requested 1
12-21 19:02:27.282  3315  3348 I com.miui.home: NativeAlloc concurrent copying GC freed 165071(7084KB) AllocSpace objects, 16(496KB) LOS objects, 49% free, 8674KB/16MB, paused 226us,191us total 346.526ms
12-21 19:02:27.463  3315  3686 E cccccc  : createTaskSnapshot:
12-21 19:02:27.463  3315  3686 I cccccc  : getTaskSnapshotInstance:
12-21 19:02:27.686 14355 14355 I wm_on_create_called: [0,151084263,com.tencent.mtt.SplashActivity,performCreate,294]
12-21 19:02:27.807  3315  3386 D cccccc  : onTaskStackChangedBackground
12-21 19:02:27.809  3315  8746 D cccccc  : onTaskStackChangedBackground
12-21 19:02:28.028 14355 14355 I wm_on_create_called: [0,58899077,com.tencent.mtt.MainActivity,performCreate,282]
12-21 19:02:28.136  3315  3315 I wm_on_resume_called: [0,73283177,com.miui.home.launcher.Launcher,RESUME_ACTIVITY,15]
12-21 19:02:28.154  3315  3315 I wm_on_idle_called: com.miui.home.launcher.Launcher
12-21 19:02:28.269 14355 14355 I wm_on_start_called: [0,58899077,com.tencent.mtt.MainActivity,handleStartActivity,241]
12-21 19:02:28.309  3315  3578 I com.miui.home: CheckGCForNative gc_urgency 0 current_native_bytes is 120516907
12-21 19:02:28.338  3315  3686 E cccccc  : createTaskSnapshot:
12-21 19:02:28.338  3315  3686 I cccccc  : getTaskSnapshotInstance:
12-21 19:02:28.515  3315  3694 I com.miui.home: CheckGCForNative adj_start_bytes: 33410679 NativeAllocationGcWatermark: 10609251 java_gc_start_bytes: 17496803 kNewNativeDiscountFactor: 2 kOldNativeDiscountFactor: 65536 old_native_bytes: 120516907 new_native_bytes: 10733928 add_bytes_allowed: 31827753 is_gc_concurrent: 1 target_footprint_: 17765151 GetBytesAllocated: 11209316 HeapGrowthMultiplier: 3
12-21 19:02:28.515  3315  3694 I com.miui.home: CheckGCForNative gc_urgency 0.496192 current_native_bytes is 131250835
12-21 19:02:28.515  3315  3694 I cccccc  : createTaskSnapshotCompat:
12-21 19:02:28.520  3315  3315 I wm_on_top_resumed_gained_called: [73283177,com.miui.home.launcher.Launcher,topStateChangedWhenResumed]
12-21 19:02:28.522  3315  3694 I com.miui.home: CheckGCForNative adj_start_bytes: 33410679 NativeAllocationGcWatermark: 10609251 java_gc_start_bytes: 17496803 kNewNativeDiscountFactor: 2 kOldNativeDiscountFactor: 65536 old_native_bytes: 120516907 new_native_bytes: 21440872 add_bytes_allowed: 31827753 is_gc_concurrent: 1 target_footprint_: 17765151 GetBytesAllocated: 11217705 HeapGrowthMultiplier: 3
12-21 19:02:28.522  3315  3694 I com.miui.home: CheckGCForNative gc_urgency 0.656676 current_native_bytes is 141957779
12-21 19:02:28.545  3315  3315 I wm_on_top_resumed_lost_called: [73283177,com.miui.home.launcher.Launcher,topStateChangedWhenResumed]
12-21 19:02:28.586  3315  3315 I wm_on_paused_called: [0,73283177,com.miui.home.launcher.Launcher,performPause,2]
12-21 19:02:28.708  3315  3694 D cccccc  : onTaskStackChangedBackground
12-21 19:02:28.728  3315  3315 I wm_on_stop_called: [0,73283177,com.miui.home.launcher.Launcher,STOP_ACTIVITY_ITEM,14]
12-21 19:02:28.741  3315  3694 D cccccc  : onTaskStackChangedBackground
12-21 19:02:29.053  3315  3686 E cccccc  : createTaskSnapshot:
12-21 19:02:29.053  3315  3686 I cccccc  : getTaskSnapshotInstance:
12-21 19:02:29.054  3315  3686 I com.miui.home: CheckGCForNative adj_start_bytes: 33410679 NativeAllocationGcWatermark: 10609251 java_gc_start_bytes: 17496803 kNewNativeDiscountFactor: 2 kOldNativeDiscountFactor: 65536 old_native_bytes: 120516907 new_native_bytes: 21858908 add_bytes_allowed: 31827753 is_gc_concurrent: 1 target_footprint_: 17765151 GetBytesAllocated: 12152105 HeapGrowthMultiplier: 3
12-21 19:02:29.054  3315  3686 I com.miui.home: CheckGCForNative gc_urgency 0.690899 current_native_bytes is 142375815
12-21 19:02:29.055  3315  3686 I com.miui.home: CheckGCForNative adj_start_bytes: 33410679 NativeAllocationGcWatermark: 10609251 java_gc_start_bytes: 17496803 kNewNativeDiscountFactor: 2 kOldNativeDiscountFactor: 65536 old_native_bytes: 120516907 new_native_bytes: 32567388 add_bytes_allowed: 31827753 is_gc_concurrent: 1 target_footprint_: 17765151 GetBytesAllocated: 12158728 HeapGrowthMultiplier: 3
12-21 19:02:29.055  3315  3686 I com.miui.home: CheckGCForNative gc_urgency 0.851352 current_native_bytes is 153084295
12-21 19:02:29.202 13953 13953 I wm_on_paused_called: [0,192445883,com.uc.browser.InnerUCMobile,performPause,172]
12-21 19:02:29.283 14355 14355 I wm_on_resume_called: [0,58899077,com.tencent.mtt.MainActivity,RESUME_ACTIVITY,967]
12-21 19:02:29.319 14355 14355 I wm_on_top_resumed_gained_called: [58899077,com.tencent.mtt.MainActivity,topStateChangedWhenResumed]
12-21 19:02:29.331 14355 14355 I wm_on_top_resumed_lost_called: [58899077,com.tencent.mtt.MainActivity,topStateChangedWhenResumed]
12-21 19:02:29.334 14355 14355 I wm_on_top_resumed_gained_called: [58899077,com.tencent.mtt.MainActivity,topStateChangedWhenResumed]
12-21 19:02:29.346 14355 14355 I wm_on_destroy_called: [0,151084263,com.tencent.mtt.SplashActivity,performDestroy,0]
12-21 19:02:29.469 14444 14444 I wm_on_application_create_called: [0,com.UCMobile,1475]
12-21 19:02:29.750  3315  3315 I wm_on_restart_called: [0,73283177,com.miui.home.launcher.Launcher,,0]
12-21 19:02:29.752  3315  3315 I wm_on_start_called: [0,73283177,com.miui.home.launcher.Launcher,handleStartActivity,2]
12-21 19:02:29.753 14602 14602 I wm_on_application_create_called: [0,com.UCMobile,1245]
12-21 19:02:29.780  3315  3315 I wm_on_resume_called: [0,73283177,com.miui.home.launcher.Launcher,RESUME_ACTIVITY,26]
12-21 19:02:29.866 14822 14822 I wm_on_application_create_called: [0,com.android.providers.downloads.ui,612]
12-21 19:02:29.993  3315  3315 I wm_on_idle_called: com.miui.home.launcher.Launcher
12-21 19:02:30.290  3315  8747 I com.miui.home: CheckGCForNative adj_start_bytes: 33410679 NativeAllocationGcWatermark: 10609251 java_gc_start_bytes: 17496803 kNewNativeDiscountFactor: 2 kOldNativeDiscountFactor: 65536 old_native_bytes: 120516907 new_native_bytes: 33316332 add_bytes_allowed: 31827753 is_gc_concurrent: 1 target_footprint_: 17765151 GetBytesAllocated: 14371760 HeapGrowthMultiplier: 3
12-21 19:02:30.290  3315  8747 I com.miui.home: CheckGCForNative gc_urgency 0.928798 current_native_bytes is 153833239
12-21 19:02:30.291  3315  8747 I cccccc  : createTaskSnapshotCompat:
12-21 19:02:30.293  3315  8747 I com.miui.home: CheckGCForNative adj_start_bytes: 33410679 NativeAllocationGcWatermark: 10609251 java_gc_start_bytes: 17496803 kNewNativeDiscountFactor: 2 kOldNativeDiscountFactor: 65536 old_native_bytes: 120516907 new_native_bytes: 44023276 add_bytes_allowed: 31827753 is_gc_concurrent: 1 target_footprint_: 17765151 GetBytesAllocated: 14371952 HeapGrowthMultiplier: 3
12-21 19:02:30.293  3315  8747 I com.miui.home: CheckGCForNative gc_urgency 1.08904 current_native_bytes is 164540183
12-21 19:02:30.293  3315  8747 I com.miui.home: CheckGCForNative requested 1
12-21 19:02:30.307  3315  8412 I com.miui.home: CheckGCForNative adj_start_bytes: 33410679 NativeAllocationGcWatermark: 10609251 java_gc_start_bytes: 17496803 kNewNativeDiscountFactor: 2 kOldNativeDiscountFactor: 65536 old_native_bytes: 120516907 new_native_bytes: 33323052 add_bytes_allowed: 31827753 is_gc_concurrent: 1 target_footprint_: 17765151 GetBytesAllocated: 14415784 HeapGrowthMultiplier: 3
12-21 19:02:30.307  3315  8412 I com.miui.home: CheckGCForNative gc_urgency 0.930216 current_native_bytes is 153839959
12-21 19:02:30.512  3315  3348 I com.miui.home: NativeAlloc concurrent copying GC freed 108431(4924KB) AllocSpace objects, 26(680KB) LOS objects, 49% free, 8583KB/16MB, paused 1.701ms,24us total 218.664ms
12-21 19:02:30.544 14355 14355 I wm_on_top_resumed_lost_called: [58899077,com.tencent.mtt.MainActivity,topStateChangedWhenResumed]
12-21 19:02:30.567  3315  3315 I wm_on_top_resumed_gained_called: [73283177,com.miui.home.launcher.Launcher,topStateChangedWhenResumed]
12-21 19:02:30.642  3315  3612 I com.miui.home: CheckGCForNative gc_urgency 0 current_native_bytes is 130556283
12-21 19:02:30.748 13953 13953 I wm_on_stop_called: [0,192445883,com.uc.browser.InnerUCMobile,STOP_ACTIVITY_ITEM,1518]
12-21 19:02:30.807  3315  3609 I com.miui.home: CheckGCForNative adj_start_bytes: 33300707 NativeAllocationGcWatermark: 10585856 java_gc_start_bytes: 17421923 kNewNativeDiscountFactor: 2 kOldNativeDiscountFactor: 65536 old_native_bytes: 130556283 new_native_bytes: 10655584 add_bytes_allowed: 31757568 is_gc_concurrent: 1 target_footprint_: 17577991 GetBytesAllocated: 8986858 HeapGrowthMultiplier: 3
12-21 19:02:30.807  3315  3609 I com.miui.home: CheckGCForNative gc_urgency 0.42992 current_native_bytes is 141211867
12-21 19:02:30.809  3315  3609 I cccccc  : createTaskSnapshotCompat:
12-21 19:02:30.811  3315  3609 I com.miui.home: CheckGCForNative adj_start_bytes: 33300707 NativeAllocationGcWatermark: 10585856 java_gc_start_bytes: 17421923 kNewNativeDiscountFactor: 2 kOldNativeDiscountFactor: 65536 old_native_bytes: 130556283 new_native_bytes: 21362912 add_bytes_allowed: 31757568 is_gc_concurrent: 1 target_footprint_: 17577991 GetBytesAllocated: 9003434 HeapGrowthMultiplier: 3
12-21 19:02:30.811  3315  3609 I com.miui.home: CheckGCForNative gc_urgency 0.591185 current_native_bytes is 151919195
12-21 19:02:31.328  3315 14324 I com.miui.home: CheckGCForNative adj_start_bytes: 33300707 NativeAllocationGcWatermark: 10585856 java_gc_start_bytes: 17421923 kNewNativeDiscountFactor: 2 kOldNativeDiscountFactor: 65536 old_native_bytes: 130556283 new_native_bytes: 10617608 add_bytes_allowed: 31757568 is_gc_concurrent: 1 target_footprint_: 17577991 GetBytesAllocated: 9217612 HeapGrowthMultiplier: 3
12-21 19:02:31.328  3315 14324 I com.miui.home: CheckGCForNative gc_urgency 0.436279 current_native_bytes is 141173891
12-21 19:02:31.417  3315  8747 D cccccc  : onTaskStackChangedBackground
12-21 19:02:31.419  3315  8747 D cccccc  : onTaskStackChangedBackground
12-21 19:02:31.633  3315  3315 I wm_on_top_resumed_lost_called: [73283177,com.miui.home.launcher.Launcher,topStateChangedWhenResumed]
12-21 19:02:31.646  3315  3315 I wm_on_paused_called: [0,73283177,com.miui.home.launcher.Launcher,performPause,3]
12-21 19:02:31.682  3315  3694 D cccccc  : onTaskStackChangedBackground
12-21 19:02:31.684  3315  8747 D cccccc  : onTaskStackChangedBackground
12-21 19:02:31.753  3315  3386 D cccccc  : onTaskStackChangedBackground
12-21 19:02:31.767  3315  3386 D cccccc  : onTaskStackChangedBackground
12-21 19:02:31.874 14355 14355 I wm_on_paused_called: [0,58899077,com.tencent.mtt.MainActivity,performPause,1]
12-21 19:02:31.886 14962 14962 I wm_on_application_create_called: [0,com.UCMobile,1204]
12-21 19:02:32.143  3315  3612 I com.miui.home: CheckGCForNative adj_start_bytes: 33300707 NativeAllocationGcWatermark: 10585856 java_gc_start_bytes: 17421923 kNewNativeDiscountFactor: 2 kOldNativeDiscountFactor: 65536 old_native_bytes: 130556283 new_native_bytes: 11543220 add_bytes_allowed: 31757568 is_gc_concurrent: 1 target_footprint_: 17577991 GetBytesAllocated: 10413966 HeapGrowthMultiplier: 3
12-21 19:02:32.143  3315  3612 I com.miui.home: CheckGCForNative gc_urgency 0.486103 current_native_bytes is 142099503
12-21 19:02:32.220  3315  3612 I com.miui.home: CheckGCForNative adj_start_bytes: 33300707 NativeAllocationGcWatermark: 10585856 java_gc_start_bytes: 17421923 kNewNativeDiscountFactor: 2 kOldNativeDiscountFactor: 65536 old_native_bytes: 130556283 new_native_bytes: 11502540 add_bytes_allowed: 31757568 is_gc_concurrent: 1 target_footprint_: 17577991 GetBytesAllocated: 10487237 HeapGrowthMultiplier: 3
12-21 19:02:32.220  3315  3612 I com.miui.home: CheckGCForNative gc_urgency 0.487692 current_native_bytes is 142058823
12-21 19:02:32.389  3315  3686 E cccccc  : createTaskSnapshot:
12-21 19:02:32.389  3315  3686 I cccccc  : getTaskSnapshotInstance:
12-21 19:02:32.390  3315  3686 I com.miui.home: CheckGCForNative adj_start_bytes: 33300707 NativeAllocationGcWatermark: 10585856 java_gc_start_bytes: 17421923 kNewNativeDiscountFactor: 2 kOldNativeDiscountFactor: 65536 old_native_bytes: 130556283 new_native_bytes: 22287940 add_bytes_allowed: 31757568 is_gc_concurrent: 1 target_footprint_: 17577991 GetBytesAllocated: 10613134 HeapGrowthMultiplier: 3
12-21 19:02:32.390  3315  3686 I com.miui.home: CheckGCForNative gc_urgency 0.653412 current_native_bytes is 152844223
12-21 19:02:32.553  3315  3612 I com.miui.home: CheckGCForNative adj_start_bytes: 33300707 NativeAllocationGcWatermark: 10585856 java_gc_start_bytes: 17421923 kNewNativeDiscountFactor: 2 kOldNativeDiscountFactor: 65536 old_native_bytes: 130556283 new_native_bytes: 11669700 add_bytes_allowed: 31757568 is_gc_concurrent: 1 target_footprint_: 17577991 GetBytesAllocated: 10951260 HeapGrowthMultiplier: 3
12-21 19:02:32.553  3315  3612 I com.miui.home: CheckGCForNative gc_urgency 0.504137 current_native_bytes is 142225983
12-21 19:02:32.649 14355 14355 I wm_on_stop_called: [0,58899077,com.tencent.mtt.MainActivity,STOP_ACTIVITY_ITEM,574]
12-21 19:02:32.729  3315  3686 E cccccc  : createTaskSnapshot:
12-21 19:02:32.729  3315  3686 I cccccc  : getTaskSnapshotInstance:
12-21 19:02:33.241 15342 15342 I wm_on_application_create_called: [0,com.youku.phone,920]
12-21 19:02:33.688  3315  3315 I wm_on_resume_called: [0,73283177,com.miui.home.launcher.Launcher,RESUME_ACTIVITY,21]
12-21 19:02:33.704  3315  3315 I com.miui.home: CheckGCForNative adj_start_bytes: 33300707 NativeAllocationGcWatermark: 10585856 java_gc_start_bytes: 17421923 kNewNativeDiscountFactor: 2 kOldNativeDiscountFactor: 65536 old_native_bytes: 130556283 new_native_bytes: 11556268 add_bytes_allowed: 31757568 is_gc_concurrent: 1 target_footprint_: 17577991 GetBytesAllocated: 12133846 HeapGrowthMultiplier: 3
12-21 19:02:33.704  3315  3315 I com.miui.home: CheckGCForNative gc_urgency 0.537946 current_native_bytes is 142112551
12-21 19:02:33.707  3315  3315 I wm_on_idle_called: com.miui.home.launcher.Launcher
12-21 19:02:33.971  3315  8747 I com.miui.home: CheckGCForNative adj_start_bytes: 33300707 NativeAllocationGcWatermark: 10585856 java_gc_start_bytes: 17421923 kNewNativeDiscountFactor: 2 kOldNativeDiscountFactor: 65536 old_native_bytes: 130556283 new_native_bytes: 22372648 add_bytes_allowed: 31757568 is_gc_concurrent: 1 target_footprint_: 17577991 GetBytesAllocated: 13021255 HeapGrowthMultiplier: 3
12-21 19:02:33.971  3315  8747 I com.miui.home: CheckGCForNative gc_urgency 0.726999 current_native_bytes is 152928931
12-21 19:02:33.971  3315  8747 I cccccc  : createTaskSnapshotCompat:
12-21 19:02:33.972  3315  8747 I com.miui.home: CheckGCForNative adj_start_bytes: 33300707 NativeAllocationGcWatermark: 10585856 java_gc_start_bytes: 17421923 kNewNativeDiscountFactor: 2 kOldNativeDiscountFactor: 65536 old_native_bytes: 130556283 new_native_bytes: 33079592 add_bytes_allowed: 31757568 is_gc_concurrent: 1 target_footprint_: 17577991 GetBytesAllocated: 13021447 HeapGrowthMultiplier: 3
12-21 19:02:33.972  3315  8747 I com.miui.home: CheckGCForNative gc_urgency 0.887766 current_native_bytes is 163635875
12-21 19:02:34.015  3315  3612 I com.miui.home: CheckGCForNative adj_start_bytes: 33300707 NativeAllocationGcWatermark: 10585856 java_gc_start_bytes: 17421923 kNewNativeDiscountFactor: 2 kOldNativeDiscountFactor: 65536 old_native_bytes: 130556283 new_native_bytes: 22466872 add_bytes_allowed: 31757568 is_gc_concurrent: 1 target_footprint_: 17577991 GetBytesAllocated: 13052203 HeapGrowthMultiplier: 3
12-21 19:02:34.015  3315  3612 I com.miui.home: CheckGCForNative gc_urgency 0.729343 current_native_bytes is 153023155
12-21 19:02:34.143  3315  3315 I wm_on_top_resumed_gained_called: [73283177,com.miui.home.launcher.Launcher,topStateChangedWhenResumed]
12-21 19:02:34.162 15342 15342 I wm_on_create_called: [0,2937543,com.youku.phone.ActivityWelcome,performCreate,711]
12-21 19:02:34.370  3315  3612 I com.miui.home: CheckGCForNative adj_start_bytes: 33300707 NativeAllocationGcWatermark: 10585856 java_gc_start_bytes: 17421923 kNewNativeDiscountFactor: 2 kOldNativeDiscountFactor: 65536 old_native_bytes: 130556283 new_native_bytes: 22570072 add_bytes_allowed: 31757568 is_gc_concurrent: 1 target_footprint_: 17577991 GetBytesAllocated: 13221432 HeapGrowthMultiplier: 3
12-21 19:02:34.370  3315  3612 I com.miui.home: CheckGCForNative gc_urgency 0.735974 current_native_bytes is 153126355
12-21 19:02:34.451  3315  3709 I com.miui.home: CheckGCForNative adj_start_bytes: 33300707 NativeAllocationGcWatermark: 10585856 java_gc_start_bytes: 17421923 kNewNativeDiscountFactor: 2 kOldNativeDiscountFactor: 65536 old_native_bytes: 130556283 new_native_bytes: 22565848 add_bytes_allowed: 31757568 is_gc_concurrent: 1 target_footprint_: 17577991 GetBytesAllocated: 13270447 HeapGrowthMultiplier: 3
12-21 19:02:34.451  3315  3709 I com.miui.home: CheckGCForNative gc_urgency 0.737383 current_native_bytes is 153122131
12-21 19:02:34.468  3315  3609 I com.miui.home: CheckGCForNative adj_start_bytes: 33300707 NativeAllocationGcWatermark: 10585856 java_gc_start_bytes: 17421923 kNewNativeDiscountFactor: 2 kOldNativeDiscountFactor: 65536 old_native_bytes: 130556283 new_native_bytes: 33234424 add_bytes_allowed: 31757568 is_gc_concurrent: 1 target_footprint_: 17577991 GetBytesAllocated: 13270447 HeapGrowthMultiplier: 3
12-21 19:02:34.468  3315  3609 I com.miui.home: CheckGCForNative gc_urgency 0.897568 current_native_bytes is 163790707
12-21 19:02:34.468  3315  3609 I cccccc  : createTaskSnapshotCompat:
12-21 19:02:34.469  3315  3609 I com.miui.home: CheckGCForNative adj_start_bytes: 33300707 NativeAllocationGcWatermark: 10585856 java_gc_start_bytes: 17421923 kNewNativeDiscountFactor: 2 kOldNativeDiscountFactor: 65536 old_native_bytes: 130556283 new_native_bytes: 43941304 add_bytes_allowed: 31757568 is_gc_concurrent: 1 target_footprint_: 17577991 GetBytesAllocated: 13278800 HeapGrowthMultiplier: 3
12-21 19:02:34.469  3315  3609 I com.miui.home: CheckGCForNative gc_urgency 1.05858 current_native_bytes is 174497587
12-21 19:02:34.469  3315  3609 I com.miui.home: CheckGCForNative requested 1
12-21 19:02:34.756  3315  3315 I wm_on_top_resumed_lost_called: [73283177,com.miui.home.launcher.Launcher,topStateChangedWhenResumed]
12-21 19:02:34.760  3315  3315 I wm_on_paused_called: [0,73283177,com.miui.home.launcher.Launcher,performPause,3]
12-21 19:02:34.786  3315  3385 D cccccc  : onTaskStackChangedBackground
12-21 19:02:34.797 15342 15342 I wm_on_destroy_called: [0,2937543,com.youku.phone.ActivityWelcome,performDestroy,5]
12-21 19:02:34.836  3315  4007 D cccccc  : onTaskStackChangedBackground
12-21 19:02:34.838  3315  4007 D cccccc  : onTaskStackChangedBackground
12-21 19:02:34.848  3315  3385 D cccccc  : onTaskStackChangedBackground
12-21 19:02:35.057  3315  3694 D cccccc  : onTaskStackChangedBackground
12-21 19:02:35.081  3315  4007 D cccccc  : onTaskStackChangedBackground
12-21 19:02:35.128  3315  3348 I com.miui.home: NativeAlloc concurrent copying GC freed 106800(4461KB) AllocSpace objects, 14(392KB) LOS objects, 49% free, 8866KB/17MB, paused 590us,24us total 658.395ms
12-21 19:02:35.271  3315  3686 I com.miui.home: CheckGCForNative gc_urgency 0 current_native_bytes is 131205479
12-21 19:02:35.329  3315  3686 E cccccc  : createTaskSnapshot:
12-21 19:02:35.329  3315  3686 I cccccc  : getTaskSnapshotInstance:
12-21 19:02:35.335  3315  3686 E cccccc  : createTaskSnapshot:
12-21 19:02:35.335  3315  3686 I cccccc  : getTaskSnapshotInstance:
12-21 19:02:35.338  3315  3686 I com.miui.home: CheckGCForNative adj_start_bytes: 33621412 NativeAllocationGcWatermark: 10658375 java_gc_start_bytes: 17633850 kNewNativeDiscountFactor: 2 kOldNativeDiscountFactor: 65536 old_native_bytes: 131205479 new_native_bytes: 10724660 add_bytes_allowed: 31975125 is_gc_concurrent: 1 target_footprint_: 18158138 GetBytesAllocated: 9734120 HeapGrowthMultiplier: 3
12-21 19:02:35.338  3315  3686 I com.miui.home: CheckGCForNative gc_urgency 0.449073 current_native_bytes is 141930139
12-21 19:02:35.581  3315  3612 I com.miui.home: CheckGCForNative adj_start_bytes: 33621412 NativeAllocationGcWatermark: 10658375 java_gc_start_bytes: 17633850 kNewNativeDiscountFactor: 2 kOldNativeDiscountFactor: 65536 old_native_bytes: 131205479 new_native_bytes: 220748 add_bytes_allowed: 31975125 is_gc_concurrent: 1 target_footprint_: 18158138 GetBytesAllocated: 10221578 HeapGrowthMultiplier: 3
12-21 19:02:35.581  3315  3612 I com.miui.home: CheckGCForNative gc_urgency 0.307362 current_native_bytes is 131426227
12-21 19:02:35.606 15893 15893 I wm_on_create_called: [0,190656096,com.ucpro.MainActivity,performCreate,70]
12-21 19:02:35.637  3315  3612 I com.miui.home: CheckGCForNative adj_start_bytes: 33621412 NativeAllocationGcWatermark: 10658375 java_gc_start_bytes: 17633850 kNewNativeDiscountFactor: 2 kOldNativeDiscountFactor: 65536 old_native_bytes: 131205479 new_native_bytes: 357632 add_bytes_allowed: 31975125 is_gc_concurrent: 1 target_footprint_: 18158138 GetBytesAllocated: 10424564 HeapGrowthMultiplier: 3
12-21 19:02:35.637  3315  3612 I com.miui.home: CheckGCForNative gc_urgency 0.315435 current_native_bytes is 131563111
12-21 19:02:35.674  3315  3686 E cccccc  : createTaskSnapshot:
12-21 19:02:35.677  3315  3686 I cccccc  : getTaskSnapshotInstance:
12-21 19:02:35.775  3315 15797 D cccccc  : onTaskStackChangedBackground
12-21 19:02:35.779  3315 15797 D cccccc  : onTaskStackChangedBackground
12-21 19:02:36.019  3315  3686 E cccccc  : createTaskSnapshot:
12-21 19:02:36.019  3315  3686 I cccccc  : getTaskSnapshotInstance:
12-21 19:02:36.127  3315  3686 I com.miui.home: CheckGCForNative adj_start_bytes: 33621412 NativeAllocationGcWatermark: 10658375 java_gc_start_bytes: 17633850 kNewNativeDiscountFactor: 2 kOldNativeDiscountFactor: 65536 old_native_bytes: 131205479 new_native_bytes: 722696 add_bytes_allowed: 31975125 is_gc_concurrent: 1 target_footprint_: 18158138 GetBytesAllocated: 11785963 HeapGrowthMultiplier: 3
12-21 19:02:36.127  3315  3686 I com.miui.home: CheckGCForNative gc_urgency 0.361356 current_native_bytes is 131928175
12-21 19:02:36.132  3315  3686 E cccccc  : createTaskSnapshot:
12-21 19:02:36.132  3315  3686 I cccccc  : getTaskSnapshotInstance:
12-21 19:02:36.277 15893 15893 I wm_on_create_called: [0,130596095,com.ucpro.BrowserActivity,performCreate,539]
12-21 19:02:36.281 15893 15893 I wm_on_start_called: [0,130596095,com.ucpro.BrowserActivity,handleStartActivity,4]
12-21 19:02:36.289 15893 15893 I wm_on_resume_called: [0,130596095,com.ucpro.BrowserActivity,RESUME_ACTIVITY,6]
12-21 19:02:36.327 15893 15893 I wm_on_top_resumed_gained_called: [130596095,com.ucpro.BrowserActivity,topStateChangedWhenResumed]
12-21 19:02:36.773  3315  3315 I wm_on_stop_called: [0,73283177,com.miui.home.launcher.Launcher,STOP_ACTIVITY_ITEM,4]
12-21 19:02:36.830  3315  3315 I wm_on_restart_called: [0,73283177,com.miui.home.launcher.Launcher,,0]
12-21 19:02:36.832  3315  3315 I wm_on_start_called: [0,73283177,com.miui.home.launcher.Launcher,handleStartActivity,2]
12-21 19:02:36.849  3315  3315 I wm_on_resume_called: [0,73283177,com.miui.home.launcher.Launcher,RESUME_ACTIVITY,15]
12-21 19:02:36.922  3315  3315 I wm_on_idle_called: com.miui.home.launcher.Launcher
