12-20 19:57:29.677  3314  3843 I com.miui.home: CheckGCForNative adj_start_bytes: 47883837 NativeAllocationGcWatermark: 12159683 java_gc_start_bytes: 29644313 kNewNativeDiscountFactor: 2 kOldNativeDiscountFactor: 65536 old_native_bytes: 91918287 new_native_bytes: 77416 add_bytes_allowed: 36479049 is_gc_concurrent: 1 target_footprint_: 30168601 GetBytesAllocated: 18381447 HeapGrowthMultiplier: 3
12-20 19:57:29.677  3314  3843 I com.miui.home: CheckGCForNative gc_urgency 0.384713 current_native_bytes is 91995703
12-20 19:57:29.741 14085 14085 I wm_on_create_called: [0,225408938,com.tencent.mtt.SplashActivity,performCreate,559]
12-20 19:57:29.804  3314  3314 I wm_on_top_resumed_gained_called: [262322408,com.miui.home.launcher.Launcher,topStateChangedWhenResumed]
12-20 19:57:29.899  3314  3843 I com.miui.home: CheckGCForNative adj_start_bytes: 47883837 NativeAllocationGcWatermark: 12159683 java_gc_start_bytes: 29644313 kNewNativeDiscountFactor: 2 kOldNativeDiscountFactor: 65536 old_native_bytes: 91918287 new_native_bytes: 213352 add_bytes_allowed: 36479049 is_gc_concurrent: 1 target_footprint_: 30168601 GetBytesAllocated: 18726515 HeapGrowthMultiplier: 3
12-20 19:57:29.899  3314  3843 I com.miui.home: CheckGCForNative gc_urgency 0.393339 current_native_bytes is 92131639
12-20 19:57:29.924  3314 10309 D cccccc  : onTaskStackChangedBackground
12-20 19:57:29.932  3314  8704 D cccccc  : onTaskStackChangedBackground
12-20 19:57:29.981 14085 14085 I wm_on_create_called: [0,99709573,com.tencent.mtt.MainActivity,performCreate,109]
12-20 19:57:30.118  6262  6262 I wm_on_stop_called: [0,25323726,com.tencent.mobileqq.activity.LoginActivity,STOP_ACTIVITY_ITEM,24460]
12-20 19:57:30.143  3314  3843 I com.miui.home: CheckGCForNative adj_start_bytes: 47883837 NativeAllocationGcWatermark: 12159683 java_gc_start_bytes: 29644313 kNewNativeDiscountFactor: 2 kOldNativeDiscountFactor: 65536 old_native_bytes: 91918287 new_native_bytes: 206264 add_bytes_allowed: 36479049 is_gc_concurrent: 1 target_footprint_: 30168601 GetBytesAllocated: 19472950 HeapGrowthMultiplier: 3
12-20 19:57:30.143  3314  3843 I com.miui.home: CheckGCForNative gc_urgency 0.408854 current_native_bytes is 92124551
12-20 19:57:30.257 14085 14085 I wm_on_start_called: [0,99709573,com.tencent.mtt.MainActivity,handleStartActivity,268]
12-20 19:57:30.382  3314  3314 I wm_on_top_resumed_lost_called: [262322408,com.miui.home.launcher.Launcher,topStateChangedWhenResumed]
12-20 19:57:30.454  3314  3962 D cccccc  : onTaskStackChangedBackground
12-20 19:57:30.464  3314  3355 D cccccc  : onTaskStackChangedBackground
12-20 19:57:30.551  3314  3983 I com.miui.home: CheckGCForNative adj_start_bytes: 47883837 NativeAllocationGcWatermark: 12159683 java_gc_start_bytes: 29644313 kNewNativeDiscountFactor: 2 kOldNativeDiscountFactor: 65536 old_native_bytes: 91918287 new_native_bytes: 671736 add_bytes_allowed: 36479049 is_gc_concurrent: 1 target_footprint_: 30168601 GetBytesAllocated: 21508731 HeapGrowthMultiplier: 3
12-20 19:57:30.551  3314  3983 I com.miui.home: CheckGCForNative gc_urgency 0.456229 current_native_bytes is 92590023
12-20 19:57:30.630  6262  6262 I wm_on_idle_called: com.tencent.mobileqq.activity.LoginActivity
12-20 19:57:30.763  3314  3983 I com.miui.home: CheckGCForNative adj_start_bytes: 47883837 NativeAllocationGcWatermark: 12159683 java_gc_start_bytes: 29644313 kNewNativeDiscountFactor: 2 kOldNativeDiscountFactor: 65536 old_native_bytes: 91918287 new_native_bytes: 1003532 add_bytes_allowed: 36479049 is_gc_concurrent: 1 target_footprint_: 30168601 GetBytesAllocated: 23096134 HeapGrowthMultiplier: 3
12-20 19:57:30.764  3314  3983 I com.miui.home: CheckGCForNative gc_urgency 0.492845 current_native_bytes is 92921819
12-20 19:57:30.777  3314  3376 D cccccc  : onTaskStackChangedBackground
12-20 19:57:30.801  3314  3314 I wm_on_paused_called: [0,262322408,com.miui.home.launcher.Launcher,performPause,9]
12-20 19:57:30.817 14022 14022 I wm_on_application_create_called: [0,com.tencent.mobileqq,1023]
12-20 19:57:30.901  3314 10309 D cccccc  : onTaskStackChangedBackground
12-20 19:57:30.905  3314 10309 D cccccc  : onTaskStackChangedBackground
12-20 19:57:31.044  3314  3355 I com.miui.home: CheckGCForNative adj_start_bytes: 47883837 NativeAllocationGcWatermark: 12159683 java_gc_start_bytes: 29644313 kNewNativeDiscountFactor: 2 kOldNativeDiscountFactor: 65536 old_native_bytes: 91918287 new_native_bytes: 1089344 add_bytes_allowed: 36479049 is_gc_concurrent: 1 target_footprint_: 30168601 GetBytesAllocated: 24631803 HeapGrowthMultiplier: 3
12-20 19:57:31.044  3314  3355 I com.miui.home: CheckGCForNative gc_urgency 0.525812 current_native_bytes is 93007631
12-20 19:57:31.121  3314  3843 I com.miui.home: CheckGCForNative adj_start_bytes: 47883837 NativeAllocationGcWatermark: 12159683 java_gc_start_bytes: 29644313 kNewNativeDiscountFactor: 2 kOldNativeDiscountFactor: 65536 old_native_bytes: 91918287 new_native_bytes: 1387488 add_bytes_allowed: 36479049 is_gc_concurrent: 1 target_footprint_: 30168601 GetBytesAllocated: 25028762 HeapGrowthMultiplier: 3
12-20 19:57:31.121  3314  3843 I com.miui.home: CheckGCForNative gc_urgency 0.537215 current_native_bytes is 93305775
12-20 19:57:31.209  3314  3843 I com.miui.home: CheckGCForNative adj_start_bytes: 47883837 NativeAllocationGcWatermark: 12159683 java_gc_start_bytes: 29644313 kNewNativeDiscountFactor: 2 kOldNativeDiscountFactor: 65536 old_native_bytes: 91918287 new_native_bytes: 1322464 add_bytes_allowed: 36479049 is_gc_concurrent: 1 target_footprint_: 30168601 GetBytesAllocated: 25647094 HeapGrowthMultiplier: 3
12-20 19:57:31.209  3314  3843 I com.miui.home: CheckGCForNative gc_urgency 0.549449 current_native_bytes is 93240751
12-20 19:57:31.309  3314  3843 I com.miui.home: CheckGCForNative adj_start_bytes: 47883837 NativeAllocationGcWatermark: 12159683 java_gc_start_bytes: 29644313 kNewNativeDiscountFactor: 2 kOldNativeDiscountFactor: 65536 old_native_bytes: 91918287 new_native_bytes: 1572212 add_bytes_allowed: 36479049 is_gc_concurrent: 1 target_footprint_: 30168601 GetBytesAllocated: 26713953 HeapGrowthMultiplier: 3
12-20 19:57:31.309  3314  3843 I com.miui.home: CheckGCForNative gc_urgency 0.574337 current_native_bytes is 93490499
12-20 19:57:31.794 14555 14555 I wm_on_application_create_called: [0,com.youku.phone,360]
12-20 19:57:31.901 14555 14555 I wm_on_create_called: [0,86933673,com.youku.phone.ActivityWelcome,performCreate,77]
12-20 19:57:32.111  3314  3989 I com.miui.home: CheckGCForNative adj_start_bytes: 47883837 NativeAllocationGcWatermark: 12159683 java_gc_start_bytes: 29644313 kNewNativeDiscountFactor: 2 kOldNativeDiscountFactor: 65536 old_native_bytes: 91918287 new_native_bytes: 1292332 add_bytes_allowed: 36479049 is_gc_concurrent: 1 target_footprint_: 30168601 GetBytesAllocated: 27097718 HeapGrowthMultiplier: 3
12-20 19:57:32.111  3314  3989 I com.miui.home: CheckGCForNative gc_urgency 0.579429 current_native_bytes is 93210619
12-20 19:57:32.242  3314  3314 I wm_on_resume_called: [0,262322408,com.miui.home.launcher.Launcher,RESUME_ACTIVITY,20]
12-20 19:57:32.266  3314  3314 I com.miui.home: CheckGCForNative adj_start_bytes: 47883837 NativeAllocationGcWatermark: 12159683 java_gc_start_bytes: 29644313 kNewNativeDiscountFactor: 2 kOldNativeDiscountFactor: 65536 old_native_bytes: 91918287 new_native_bytes: 1433528 add_bytes_allowed: 36479049 is_gc_concurrent: 1 target_footprint_: 30168601 GetBytesAllocated: 28467751 HeapGrowthMultiplier: 3
12-20 19:57:32.266  3314  3314 I com.miui.home: CheckGCForNative gc_urgency 0.609515 current_native_bytes is 93351815
12-20 19:57:32.272  3314  3314 I wm_on_idle_called: com.miui.home.launcher.Launcher
12-20 19:57:32.273  3314  8704 D cccccc  : onTaskStackChangedBackground
12-20 19:57:32.292  3314  3376 D cccccc  : onTaskStackChangedBackground
12-20 19:57:32.380  3314  3376 I com.miui.home: CheckGCForNative adj_start_bytes: 47883837 NativeAllocationGcWatermark: 12159683 java_gc_start_bytes: 29644313 kNewNativeDiscountFactor: 2 kOldNativeDiscountFactor: 65536 old_native_bytes: 91918287 new_native_bytes: 1536800 add_bytes_allowed: 36479049 is_gc_concurrent: 1 target_footprint_: 30168601 GetBytesAllocated: 29512801 HeapGrowthMultiplier: 3
12-20 19:57:32.380  3314  3376 I com.miui.home: CheckGCForNative gc_urgency 0.632418 current_native_bytes is 93455087
12-20 19:57:32.505 14555 14555 I wm_on_create_called: [0,64747600,com.youku.v2.HomePageEntry,performCreate,367]
12-20 19:57:32.565  3314  3843 I com.miui.home: CheckGCForNative gc_urgency 0 current_native_bytes is 92550675
12-20 19:57:32.654  3314  3314 I wm_on_top_resumed_gained_called: [262322408,com.miui.home.launcher.Launcher,topStateChangedWhenResumed]
12-20 19:57:32.689  3314  3983 I com.miui.home: CheckGCForNative adj_start_bytes: 48034909 NativeAllocationGcWatermark: 12159683 java_gc_start_bytes: 29795385 kNewNativeDiscountFactor: 2 kOldNativeDiscountFactor: 65536 old_native_bytes: 92550675 new_native_bytes: 187476 add_bytes_allowed: 36479049 is_gc_concurrent: 1 target_footprint_: 30168601 GetBytesAllocated: 16731715 HeapGrowthMultiplier: 3
12-20 19:57:32.689  3314  3983 I com.miui.home: CheckGCForNative gc_urgency 0.350305 current_native_bytes is 92738151
12-20 19:57:32.834 14555 14555 I wm_on_start_called: [0,64747600,com.youku.v2.HomePageEntry,handleStartActivity,326]
12-20 19:57:32.866  3314  3843 I com.miui.home: CheckGCForNative adj_start_bytes: 48034909 NativeAllocationGcWatermark: 12159683 java_gc_start_bytes: 29795385 kNewNativeDiscountFactor: 2 kOldNativeDiscountFactor: 65536 old_native_bytes: 92550675 new_native_bytes: 298172 add_bytes_allowed: 36479049 is_gc_concurrent: 1 target_footprint_: 30168601 GetBytesAllocated: 17767315 HeapGrowthMultiplier: 3
12-20 19:57:32.866  3314  3843 I com.miui.home: CheckGCForNative gc_urgency 0.373016 current_native_bytes is 92848847
12-20 19:57:33.057 14555 14555 I wm_on_resume_called: [0,64747600,com.youku.v2.HomePageEntry,RESUME_ACTIVITY,216]
12-20 19:57:33.103 14555 14555 I wm_on_top_resumed_gained_called: [64747600,com.youku.v2.HomePageEntry,topStateChangedWhenResumed]
12-20 19:57:33.106 14555 14555 I wm_on_top_resumed_lost_called: [64747600,com.youku.v2.HomePageEntry,topStateChangedWhenResumed]
12-20 19:57:33.139  3314  3983 I com.miui.home: CheckGCForNative adj_start_bytes: 48034909 NativeAllocationGcWatermark: 12159683 java_gc_start_bytes: 29795385 kNewNativeDiscountFactor: 2 kOldNativeDiscountFactor: 65536 old_native_bytes: 92550675 new_native_bytes: 509736 add_bytes_allowed: 36479049 is_gc_concurrent: 1 target_footprint_: 30168601 GetBytesAllocated: 19520833 HeapGrowthMultiplier: 3
12-20 19:57:33.139  3314  3983 I com.miui.home: CheckGCForNative gc_urgency 0.411724 current_native_bytes is 93060411
12-20 19:57:33.165  3314  3314 I wm_on_top_resumed_lost_called: [262322408,com.miui.home.launcher.Launcher,topStateChangedWhenResumed]
12-20 19:57:33.186  3314  8704 D cccccc  : onTaskStackChangedBackground
12-20 19:57:33.187  3314  8704 D cccccc  : onTaskStackChangedBackground
12-20 19:57:33.406  3314  3314 I wm_on_paused_called: [0,262322408,com.miui.home.launcher.Launcher,performPause,5]
12-20 19:57:33.424  3314  3983 I com.miui.home: CheckGCForNative adj_start_bytes: 48034909 NativeAllocationGcWatermark: 12159683 java_gc_start_bytes: 29795385 kNewNativeDiscountFactor: 2 kOldNativeDiscountFactor: 65536 old_native_bytes: 92550675 new_native_bytes: 716440 add_bytes_allowed: 36479049 is_gc_concurrent: 1 target_footprint_: 30168601 GetBytesAllocated: 21337644 HeapGrowthMultiplier: 3
12-20 19:57:33.424  3314  3983 I com.miui.home: CheckGCForNative gc_urgency 0.451698 current_native_bytes is 93267115
12-20 19:57:33.544  3314  3983 I com.miui.home: CheckGCForNative adj_start_bytes: 48034909 NativeAllocationGcWatermark: 12159683 java_gc_start_bytes: 29795385 kNewNativeDiscountFactor: 2 kOldNativeDiscountFactor: 65536 old_native_bytes: 92550675 new_native_bytes: 924460 add_bytes_allowed: 36479049 is_gc_concurrent: 1 target_footprint_: 30168601 GetBytesAllocated: 22316446 HeapGrowthMultiplier: 3
12-20 19:57:33.544  3314  3983 I com.miui.home: CheckGCForNative gc_urgency 0.47424 current_native_bytes is 93475135
12-20 19:57:33.591  3314 10309 D cccccc  : onTaskStackChangedBackground
12-20 19:57:33.591  3314  3355 D cccccc  : onTaskStackChangedBackground
12-20 19:57:33.674  3314  3983 I com.miui.home: CheckGCForNative adj_start_bytes: 48034909 NativeAllocationGcWatermark: 12159683 java_gc_start_bytes: 29795385 kNewNativeDiscountFactor: 2 kOldNativeDiscountFactor: 65536 old_native_bytes: 92550675 new_native_bytes: 992868 add_bytes_allowed: 36479049 is_gc_concurrent: 1 target_footprint_: 30168601 GetBytesAllocated: 23057101 HeapGrowthMultiplier: 3
12-20 19:57:33.674  3314  3983 I com.miui.home: CheckGCForNative gc_urgency 0.490371 current_native_bytes is 93543543
12-20 19:57:33.844  3314  3646 I com.miui.home: CheckGCForNative adj_start_bytes: 48034909 NativeAllocationGcWatermark: 12159683 java_gc_start_bytes: 29795385 kNewNativeDiscountFactor: 2 kOldNativeDiscountFactor: 65536 old_native_bytes: 92550675 new_native_bytes: 1120476 add_bytes_allowed: 36479049 is_gc_concurrent: 1 target_footprint_: 30168601 GetBytesAllocated: 24206075 HeapGrowthMultiplier: 3
12-20 19:57:33.845  3314  3646 I com.miui.home: CheckGCForNative gc_urgency 0.515619 current_native_bytes is 93671151
12-20 19:57:34.021  3314  3843 I com.miui.home: CheckGCForNative adj_start_bytes: 48034909 NativeAllocationGcWatermark: 12159683 java_gc_start_bytes: 29795385 kNewNativeDiscountFactor: 2 kOldNativeDiscountFactor: 65536 old_native_bytes: 92550675 new_native_bytes: 1209784 add_bytes_allowed: 36479049 is_gc_concurrent: 1 target_footprint_: 30168601 GetBytesAllocated: 24958610 HeapGrowthMultiplier: 3
12-20 19:57:34.021  3314  3843 I com.miui.home: CheckGCForNative gc_urgency 0.532215 current_native_bytes is 93760459
12-20 19:57:34.268 15025 15025 I wm_on_create_called: [0,214026493,com.ucpro.MainActivity,performCreate,84]
12-20 19:57:34.387  3314  3314 I com.miui.home: CheckGCForNative adj_start_bytes: 48034909 NativeAllocationGcWatermark: 12159683 java_gc_start_bytes: 29795385 kNewNativeDiscountFactor: 2 kOldNativeDiscountFactor: 65536 old_native_bytes: 92550675 new_native_bytes: 895928 add_bytes_allowed: 36479049 is_gc_concurrent: 1 target_footprint_: 30168601 GetBytesAllocated: 25381357 HeapGrowthMultiplier: 3
12-20 19:57:34.387  3314  3314 I com.miui.home: CheckGCForNative gc_urgency 0.537749 current_native_bytes is 93446603
12-20 19:57:34.469  3314  8704 D cccccc  : onTaskStackChangedBackground
12-20 19:57:34.472  3314  8704 D cccccc  : onTaskStackChangedBackground
12-20 19:57:34.899 15025 15025 I wm_on_create_called: [0,31991947,com.ucpro.BrowserActivity,performCreate,511]
12-20 19:57:34.903 15025 15025 I wm_on_start_called: [0,31991947,com.ucpro.BrowserActivity,handleStartActivity,3]
12-20 19:57:34.916 15025 15025 I wm_on_resume_called: [0,31991947,com.ucpro.BrowserActivity,RESUME_ACTIVITY,9]
12-20 19:57:34.940  3314  3983 I com.miui.home: CheckGCForNative adj_start_bytes: 48034909 NativeAllocationGcWatermark: 12159683 java_gc_start_bytes: 29795385 kNewNativeDiscountFactor: 2 kOldNativeDiscountFactor: 65536 old_native_bytes: 92550675 new_native_bytes: 1338380 add_bytes_allowed: 36479049 is_gc_concurrent: 1 target_footprint_: 30168601 GetBytesAllocated: 27113535 HeapGrowthMultiplier: 3
12-20 19:57:34.941  3314  3983 I com.miui.home: CheckGCForNative gc_urgency 0.578416 current_native_bytes is 93889055
12-20 19:57:34.968 15025 15025 I wm_on_top_resumed_gained_called: [31991947,com.ucpro.BrowserActivity,topStateChangedWhenResumed]
12-20 19:57:35.067  3314  3314 I com.miui.home: CheckGCForNative adj_start_bytes: 48034909 NativeAllocationGcWatermark: 12159683 java_gc_start_bytes: 29795385 kNewNativeDiscountFactor: 2 kOldNativeDiscountFactor: 65536 old_native_bytes: 92550675 new_native_bytes: 1675544 add_bytes_allowed: 36479049 is_gc_concurrent: 1 target_footprint_: 30168601 GetBytesAllocated: 28605893 HeapGrowthMultiplier: 3
12-20 19:57:35.067  3314  3314 I com.miui.home: CheckGCForNative gc_urgency 0.612993 current_native_bytes is 94226219
12-20 19:57:35.121  3314  3314 I com.miui.home: CheckGCForNative adj_start_bytes: 48034909 NativeAllocationGcWatermark: 12159683 java_gc_start_bytes: 29795385 kNewNativeDiscountFactor: 2 kOldNativeDiscountFactor: 65536 old_native_bytes: 92550675 new_native_bytes: 1809476 add_bytes_allowed: 36479049 is_gc_concurrent: 1 target_footprint_: 30168601 GetBytesAllocated: 29140870 HeapGrowthMultiplier: 3
12-20 19:57:35.121  3314  3314 I com.miui.home: CheckGCForNative gc_urgency 0.625525 current_native_bytes is 94360151
12-20 19:57:35.124  3314  3314 I wm_on_resume_called: [0,262322408,com.miui.home.launcher.Launcher,RESUME_ACTIVITY,17]
12-20 19:57:35.145  3314  3314 I wm_on_idle_called: com.miui.home.launcher.Launcher
12-20 19:57:35.368  3314  8163 I com.miui.home: CheckGCForNative gc_urgency 0 current_native_bytes is 92978551
12-20 19:57:35.523  3314  3314 I wm_on_top_resumed_gained_called: [262322408,com.miui.home.launcher.Launcher,topStateChangedWhenResumed]
12-20 19:57:35.599  3314  3843 I com.miui.home: CheckGCForNative adj_start_bytes: 47883837 NativeAllocationGcWatermark: 12159683 java_gc_start_bytes: 29644313 kNewNativeDiscountFactor: 2 kOldNativeDiscountFactor: 65536 old_native_bytes: 92978551 new_native_bytes: 48496 add_bytes_allowed: 36479049 is_gc_concurrent: 1 target_footprint_: 30168601 GetBytesAllocated: 17039012 HeapGrowthMultiplier: 3
12-20 19:57:35.599  3314  3843 I com.miui.home: CheckGCForNative gc_urgency 0.356377 current_native_bytes is 93027047
12-20 19:57:35.777  3314  3843 I com.miui.home: CheckGCForNative adj_start_bytes: 47883837 NativeAllocationGcWatermark: 12159683 java_gc_start_bytes: 29644313 kNewNativeDiscountFactor: 2 kOldNativeDiscountFactor: 65536 old_native_bytes: 92978551 new_native_bytes: 111888 add_bytes_allowed: 36479049 is_gc_concurrent: 1 target_footprint_: 30168601 GetBytesAllocated: 17461164 HeapGrowthMultiplier: 3
12-20 19:57:35.777  3314  3843 I com.miui.home: CheckGCForNative gc_urgency 0.365855 current_native_bytes is 93090439
12-20 19:57:36.069 15025 15025 I wm_on_top_resumed_lost_called: [31991947,com.ucpro.BrowserActivity,topStateChangedWhenResumed]
12-20 19:57:36.258 15025 15025 I wm_on_paused_called: [0,31991947,com.ucpro.BrowserActivity,performPause,92]
12-20 19:57:36.263 15025 15025 I wm_on_destroy_called: [0,214026493,com.ucpro.MainActivity,performDestroy,2]
12-20 19:57:36.362  3314  8479 D cccccc  : onTaskStackChangedBackground
12-20 19:57:36.371  3314  8479 D cccccc  : onTaskStackChangedBackground
12-20 19:57:36.377  3314  3983 I com.miui.home: CheckGCForNative gc_urgency 0 current_native_bytes is 92781063
12-20 19:57:36.705  3314  3983 I com.miui.home: CheckGCForNative adj_start_bytes: 47883837 NativeAllocationGcWatermark: 12159683 java_gc_start_bytes: 29644313 kNewNativeDiscountFactor: 2 kOldNativeDiscountFactor: 65536 old_native_bytes: 92781063 new_native_bytes: 165684 add_bytes_allowed: 36479049 is_gc_concurrent: 1 target_footprint_: 30168601 GetBytesAllocated: 19654489 HeapGrowthMultiplier: 3
12-20 19:57:36.705  3314  3983 I com.miui.home: CheckGCForNative gc_urgency 0.412221 current_native_bytes is 92946747
12-20 19:57:36.921 15025 15025 I wm_on_stop_called: [0,31991947,com.ucpro.BrowserActivity,STOP_ACTIVITY_ITEM,38]
12-20 19:57:37.639 15025 15025 I wm_on_idle_called: com.ucpro.BrowserActivity
