12-22 19:20:14.394  3329  3357 I com.miui.home: CheckGCForNative gc_urgency 0.719708 current_native_bytes is 153216883 starting_gc_num:31
12-22 19:20:14.395  3329  3357 I cccccc  : createTaskSnapshotCompat:
12-22 19:20:14.573  3329  3581 I com.miui.home: CheckGCForNative adj_start_bytes: 33438332 NativeAllocationGcWatermark: 10604286 java_gc_start_bytes: 17531903 kNewNativeDiscountFactor: 2 kOldNativeDiscountFactor: 65536 old_native_bytes: 130676979 new_native_bytes: 11953856 add_bytes_allowed: 31812858 is_gc_concurrent: 1 target_footprint_: 17725429 GetBytesAllocated: 12914571 HeapGrowthMultiplier: 3
12-22 19:20:14.573  3329  3581 I com.miui.home: CheckGCForNative gc_urgency 0.565025 current_native_bytes is 142630835 starting_gc_num:31
12-22 19:20:14.683  3329  3329 I wm_on_top_resumed_gained_called: [150165856,com.miui.home.launcher.Launcher,topStateChangedWhenResumed]
12-22 19:20:14.796  3329  3581 I com.miui.home: CheckGCForNative adj_start_bytes: 33438332 NativeAllocationGcWatermark: 10604286 java_gc_start_bytes: 17531903 kNewNativeDiscountFactor: 2 kOldNativeDiscountFactor: 65536 old_native_bytes: 130676979 new_native_bytes: 11970368 add_bytes_allowed: 31812858 is_gc_concurrent: 1 target_footprint_: 17725429 GetBytesAllocated: 12998364 HeapGrowthMultiplier: 3
12-22 19:20:14.796  3329  3581 I com.miui.home: CheckGCForNative gc_urgency 0.567778 current_native_bytes is 142647347 starting_gc_num:31
12-22 19:20:14.872  3329  3580 I com.miui.home: CheckGCForNative adj_start_bytes: 33438332 NativeAllocationGcWatermark: 10604286 java_gc_start_bytes: 17531903 kNewNativeDiscountFactor: 2 kOldNativeDiscountFactor: 65536 old_native_bytes: 130676979 new_native_bytes: 22715728 add_bytes_allowed: 31812858 is_gc_concurrent: 1 target_footprint_: 17725429 GetBytesAllocated: 13042858 HeapGrowthMultiplier: 3
12-22 19:20:14.872  3329  3580 I com.miui.home: CheckGCForNative gc_urgency 0.729783 current_native_bytes is 153392707 starting_gc_num:31
12-22 19:20:14.873  3329  3357 I cccccc  : getTaskSnapshot:
12-22 19:20:14.873  3329  3357 I com.miui.home: CheckGCForNative adj_start_bytes: 33438332 NativeAllocationGcWatermark: 10604286 java_gc_start_bytes: 17531903 kNewNativeDiscountFactor: 2 kOldNativeDiscountFactor: 65536 old_native_bytes: 130676979 new_native_bytes: 33421648 add_bytes_allowed: 31812858 is_gc_concurrent: 1 target_footprint_: 17725429 GetBytesAllocated: 13043050 HeapGrowthMultiplier: 3
12-22 19:20:14.873  3329  3357 I com.miui.home: CheckGCForNative gc_urgency 0.889873 current_native_bytes is 164098627 starting_gc_num:31
12-22 19:20:14.873  3329  3580 I cccccc  : createTaskSnapshotCompat:
12-22 19:20:14.874  3329  3329 I cccccc  : createTaskSnapshotCompat:
12-22 19:20:14.875  3329  3329 I com.miui.home: CheckGCForNative adj_start_bytes: 33438332 NativeAllocationGcWatermark: 10604286 java_gc_start_bytes: 17531903 kNewNativeDiscountFactor: 2 kOldNativeDiscountFactor: 65536 old_native_bytes: 130676979 new_native_bytes: 54835536 add_bytes_allowed: 31812858 is_gc_concurrent: 1 target_footprint_: 17725429 GetBytesAllocated: 13043242 HeapGrowthMultiplier: 3
12-22 19:20:14.875  3329  3580 I com.miui.home: CheckGCForNative adj_start_bytes: 33438332 NativeAllocationGcWatermark: 10604286 java_gc_start_bytes: 17531903 kNewNativeDiscountFactor: 2 kOldNativeDiscountFactor: 65536 old_native_bytes: 130676979 new_native_bytes: 54835536 add_bytes_allowed: 31812858 is_gc_concurrent: 1 target_footprint_: 17725429 GetBytesAllocated: 13043242 HeapGrowthMultiplier: 3
12-22 19:20:14.875  3329  3329 I com.miui.home: CheckGCForNative gc_urgency 1.21008 current_native_bytes is 185512515 starting_gc_num:31
12-22 19:20:14.875  3329  3580 I com.miui.home: CheckGCForNative gc_urgency 1.21008 current_native_bytes is 185512515 starting_gc_num:31
12-22 19:20:14.875  3329  3329 I com.miui.home: CheckGCForNative requested 1
12-22 19:20:14.875  3329  3580 I com.miui.home: CheckGCForNative requested 1
12-22 19:20:14.991  3329  3352 I com.miui.home: NativeAlloc concurrent copying GC freed 90915(3856KB) AllocSpace objects, 14(392KB) LOS objects, 49% free, 8541KB/16MB, paused 80us,25us total 114.971ms
12-22 19:20:15.316  3329  3357 D cccccc  : onTaskStackChangedBackground
12-22 19:20:15.318  3329  3357 D cccccc  : onTaskStackChangedBackground
12-22 19:20:15.320  3329  3329 I wm_on_top_resumed_lost_called: [150165856,com.miui.home.launcher.Launcher,topStateChangedWhenResumed]
12-22 19:20:15.331  3329  3551 I com.miui.home: CheckGCForNative gc_urgency 0 current_native_bytes is 131118251 starting_gc_num:32
12-22 19:20:15.433  3329  3329 I wm_on_paused_called: [0,150165856,com.miui.home.launcher.Launcher,performPause,2]
12-22 19:20:15.671  3329  8771 D cccccc  : onTaskStackChangedBackground
12-22 19:20:15.671  3329  3356 D cccccc  : onTaskStackChangedBackground
12-22 19:20:15.886  9240  9240 I wm_on_create_called: [0,220590995,com.tencent.mm.ui.LauncherUI,performCreate,143]
12-22 19:20:15.915  3329  3540 E cccccc  : createTaskSnapshot:
12-22 19:20:15.915  3329  3540 I cccccc  : getTaskSnapshotInstance:
12-22 19:20:15.917  3329  3540 E cccccc  : createTaskSnapshot:
12-22 19:20:15.917  3329  3540 I cccccc  : getTaskSnapshotInstance:
12-22 19:20:15.918  3329  3540 I com.miui.home: CheckGCForNative adj_start_bytes: 33224508 NativeAllocationGcWatermark: 10575204 java_gc_start_bytes: 17361702 kNewNativeDiscountFactor: 2 kOldNativeDiscountFactor: 65536 old_native_bytes: 131118251 new_native_bytes: 11781476 add_bytes_allowed: 31725612 is_gc_concurrent: 1 target_footprint_: 17492774 GetBytesAllocated: 10118698 HeapGrowthMultiplier: 3
12-22 19:20:15.918  3329  3540 I com.miui.home: CheckGCForNative gc_urgency 0.481916 current_native_bytes is 142899727 starting_gc_num:32
12-22 19:20:15.929  3329  3581 I com.miui.home: CheckGCForNative adj_start_bytes: 33224508 NativeAllocationGcWatermark: 10575204 java_gc_start_bytes: 17361702 kNewNativeDiscountFactor: 2 kOldNativeDiscountFactor: 65536 old_native_bytes: 131118251 new_native_bytes: 1075620 add_bytes_allowed: 31725612 is_gc_concurrent: 1 target_footprint_: 17492774 GetBytesAllocated: 10144579 HeapGrowthMultiplier: 3
12-22 19:20:15.929  3329  3581 I com.miui.home: CheckGCForNative gc_urgency 0.321582 current_native_bytes is 132193871 starting_gc_num:32
12-22 19:20:16.086  3329  3540 I com.miui.home: CheckGCForNative adj_start_bytes: 33224508 NativeAllocationGcWatermark: 10575204 java_gc_start_bytes: 17361702 kNewNativeDiscountFactor: 2 kOldNativeDiscountFactor: 65536 old_native_bytes: 131118251 new_native_bytes: 1176888 add_bytes_allowed: 31725612 is_gc_concurrent: 1 target_footprint_: 17492774 GetBytesAllocated: 10613868 HeapGrowthMultiplier: 3
12-22 19:20:16.086  3329  3540 I com.miui.home: CheckGCForNative gc_urgency 0.33723 current_native_bytes is 132295139 starting_gc_num:32
12-22 19:20:16.172  3329  3540 E cccccc  : createTaskSnapshot:
12-22 19:20:16.172  3329  3540 I cccccc  : getTaskSnapshotInstance:
12-22 19:20:16.195  3329  3581 I com.miui.home: CheckGCForNative adj_start_bytes: 33224508 NativeAllocationGcWatermark: 10575204 java_gc_start_bytes: 17361702 kNewNativeDiscountFactor: 2 kOldNativeDiscountFactor: 65536 old_native_bytes: 131118251 new_native_bytes: 1368112 add_bytes_allowed: 31725612 is_gc_concurrent: 1 target_footprint_: 17492774 GetBytesAllocated: 10836508 HeapGrowthMultiplier: 3
12-22 19:20:16.195  3329  3581 I com.miui.home: CheckGCForNative gc_urgency 0.346809 current_native_bytes is 132486363 starting_gc_num:32
12-22 19:20:16.296  9240  9240 I wm_on_create_called: [0,182366018,com.tencent.mm.app.WeChatSplashActivity,performCreate,14]
12-22 19:20:16.320  3329  3365 D cccccc  : onTaskStackChangedBackground
12-22 19:20:16.366  3329  3365 D cccccc  : onTaskStackChangedBackground
12-22 19:20:16.391  9240  9240 I wm_on_start_called: [0,182366018,com.tencent.mm.app.WeChatSplashActivity,handleStartActivity,49]
12-22 19:20:16.409  9240  9240 I wm_on_resume_called: [0,182366018,com.tencent.mm.app.WeChatSplashActivity,RESUME_ACTIVITY,17]
12-22 19:20:16.455  9240  9240 I wm_on_top_resumed_gained_called: [182366018,com.tencent.mm.app.WeChatSplashActivity,topStateChangedWhenResumed]
12-22 19:20:16.649  3329  3540 E cccccc  : createTaskSnapshot:
12-22 19:20:16.649  3329  3540 I cccccc  : getTaskSnapshotInstance:
12-22 19:20:16.749  9240  9240 I wm_on_top_resumed_lost_called: [182366018,com.tencent.mm.app.WeChatSplashActivity,topStateChangedWhenResumed]
12-22 19:20:16.756  9240  9240 I wm_on_paused_called: [0,182366018,com.tencent.mm.app.WeChatSplashActivity,performPause,5]
12-22 19:20:16.868  3329  3540 E cccccc  : createTaskSnapshot:
12-22 19:20:16.868  3329  3540 I cccccc  : getTaskSnapshotInstance:
12-22 19:20:16.942  3329  3365 D cccccc  : onTaskStackChangedBackground
12-22 19:20:16.943  3329  3365 D cccccc  : onTaskStackChangedBackground
12-22 19:20:16.955  3329  3329 I wm_on_stop_called: [0,150165856,com.miui.home.launcher.Launcher,STOP_ACTIVITY_ITEM,64]
12-22 19:20:17.182  3329  3329 I wm_on_restart_called: [0,150165856,com.miui.home.launcher.Launcher,,0]
12-22 19:20:17.184  3329  3329 I wm_on_start_called: [0,150165856,com.miui.home.launcher.Launcher,handleStartActivity,2]
12-22 19:20:17.204  3329  3329 I wm_on_resume_called: [0,150165856,com.miui.home.launcher.Launcher,RESUME_ACTIVITY,17]
12-22 19:20:17.243  3329  3329 I com.miui.home: CheckGCForNative gc_urgency 0 current_native_bytes is 121006367 starting_gc_num:33
12-22 19:20:17.307  3329  3329 I wm_on_idle_called: com.miui.home.launcher.Launcher
12-22 19:20:17.309  3329  3540 E cccccc  : createTaskSnapshot:
12-22 19:20:17.309  3329  3540 I cccccc  : getTaskSnapshotInstance:
12-22 19:20:17.481  3329  8771 I com.miui.home: CheckGCForNative adj_start_bytes: 33036196 NativeAllocationGcWatermark: 10555382 java_gc_start_bytes: 17203123 kNewNativeDiscountFactor: 2 kOldNativeDiscountFactor: 65536 old_native_bytes: 121006367 new_native_bytes: 10900680 add_bytes_allowed: 31666146 is_gc_concurrent: 1 target_footprint_: 17334195 GetBytesAllocated: 10771914 HeapGrowthMultiplier: 3
12-22 19:20:17.481  3329  8771 I com.miui.home: CheckGCForNative gc_urgency 0.491101 current_native_bytes is 131907047 starting_gc_num:33
12-22 19:20:17.481  3329  8771 I cccccc  : createTaskSnapshotCompat:
12-22 19:20:17.482  3329  8771 I com.miui.home: CheckGCForNative adj_start_bytes: 33036196 NativeAllocationGcWatermark: 10555382 java_gc_start_bytes: 17203123 kNewNativeDiscountFactor: 2 kOldNativeDiscountFactor: 65536 old_native_bytes: 121006367 new_native_bytes: 21607624 add_bytes_allowed: 31666146 is_gc_concurrent: 1 target_footprint_: 17334195 GetBytesAllocated: 10789684 HeapGrowthMultiplier: 3
12-22 19:20:17.482  3329  8771 I com.miui.home: CheckGCForNative gc_urgency 0.653687 current_native_bytes is 142613991 starting_gc_num:33
12-22 19:20:17.510  3329  8771 I cccccc  : getTaskSnapshot:
12-22 19:20:17.511  3329  8771 I com.miui.home: CheckGCForNative adj_start_bytes: 33036196 NativeAllocationGcWatermark: 10555382 java_gc_start_bytes: 17203123 kNewNativeDiscountFactor: 2 kOldNativeDiscountFactor: 65536 old_native_bytes: 121006367 new_native_bytes: 21632152 add_bytes_allowed: 31666146 is_gc_concurrent: 1 target_footprint_: 17334195 GetBytesAllocated: 10894863 HeapGrowthMultiplier: 3
12-22 19:20:17.511  3329  8771 I com.miui.home: CheckGCForNative gc_urgency 0.657242 current_native_bytes is 142638519 starting_gc_num:33
12-22 19:20:17.520  3329  3329 I cccccc  : createTaskSnapshotCompat:
12-22 19:20:17.540  3329  3581 I com.miui.home: CheckGCForNative adj_start_bytes: 33036196 NativeAllocationGcWatermark: 10555382 java_gc_start_bytes: 17203123 kNewNativeDiscountFactor: 2 kOldNativeDiscountFactor: 65536 old_native_bytes: 121006367 new_native_bytes: 10926936 add_bytes_allowed: 31666146 is_gc_concurrent: 1 target_footprint_: 17334195 GetBytesAllocated: 10981993 HeapGrowthMultiplier: 3
12-22 19:20:17.540  3329  3581 I com.miui.home: CheckGCForNative gc_urgency 0.498067 current_native_bytes is 131933303 starting_gc_num:33
12-22 19:20:17.680  3329  3329 I wm_on_top_resumed_gained_called: [150165856,com.miui.home.launcher.Launcher,topStateChangedWhenResumed]
12-22 19:20:17.718  3329  3581 I com.miui.home: CheckGCForNative adj_start_bytes: 33036196 NativeAllocationGcWatermark: 10555382 java_gc_start_bytes: 17203123 kNewNativeDiscountFactor: 2 kOldNativeDiscountFactor: 65536 old_native_bytes: 121006367 new_native_bytes: 11258744 add_bytes_allowed: 31666146 is_gc_concurrent: 1 target_footprint_: 17334195 GetBytesAllocated: 11498371 HeapGrowthMultiplier: 3
12-22 19:20:17.718  3329  3581 I com.miui.home: CheckGCForNative gc_urgency 0.51851 current_native_bytes is 132265111 starting_gc_num:33
12-22 19:20:17.815 12738 12738 I wm_on_application_create_called: [0,com.android.providers.downloads.ui,234]
12-22 19:20:17.915  3329  3540 E cccccc  : createTaskSnapshot:
12-22 19:20:17.915  3329  3540 I cccccc  : getTaskSnapshotInstance:
12-22 19:20:17.916  3329  3540 I com.miui.home: CheckGCForNative adj_start_bytes: 33036196 NativeAllocationGcWatermark: 10555382 java_gc_start_bytes: 17203123 kNewNativeDiscountFactor: 2 kOldNativeDiscountFactor: 65536 old_native_bytes: 121006367 new_native_bytes: 22112012 add_bytes_allowed: 31666146 is_gc_concurrent: 1 target_footprint_: 17334195 GetBytesAllocated: 11765178 HeapGrowthMultiplier: 3
12-22 19:20:17.916  3329  3540 I com.miui.home: CheckGCForNative gc_urgency 0.690849 current_native_bytes is 143118379 starting_gc_num:33
12-22 19:20:17.962  3329  3357 I cccccc  : getTaskSnapshot:
12-22 19:20:17.963  3329  3357 I com.miui.home: CheckGCForNative adj_start_bytes: 33036196 NativeAllocationGcWatermark: 10555382 java_gc_start_bytes: 17203123 kNewNativeDiscountFactor: 2 kOldNativeDiscountFactor: 65536 old_native_bytes: 121006367 new_native_bytes: 22057708 add_bytes_allowed: 31666146 is_gc_concurrent: 1 target_footprint_: 17334195 GetBytesAllocated: 11791403 HeapGrowthMultiplier: 3
12-22 19:20:17.963  3329  3357 I com.miui.home: CheckGCForNative gc_urgency 0.690821 current_native_bytes is 143064075 starting_gc_num:33
12-22 19:20:17.969  3329  3580 I com.miui.home: CheckGCForNative adj_start_bytes: 33036196 NativeAllocationGcWatermark: 10555382 java_gc_start_bytes: 17203123 kNewNativeDiscountFactor: 2 kOldNativeDiscountFactor: 65536 old_native_bytes: 121006367 new_native_bytes: 32764012 add_bytes_allowed: 31666146 is_gc_concurrent: 1 target_footprint_: 17334195 GetBytesAllocated: 11791403 HeapGrowthMultiplier: 3
12-22 19:20:17.969  3329  3580 I com.miui.home: CheckGCForNative gc_urgency 0.852866 current_native_bytes is 153770379 starting_gc_num:33
12-22 19:20:17.970  3329  3329 I cccccc  : createTaskSnapshotCompat:
12-22 19:20:17.970  3329  3329 I com.miui.home: CheckGCForNative adj_start_bytes: 33036196 NativeAllocationGcWatermark: 10555382 java_gc_start_bytes: 17203123 kNewNativeDiscountFactor: 2 kOldNativeDiscountFactor: 65536 old_native_bytes: 121006367 new_native_bytes: 43470828 add_bytes_allowed: 31666146 is_gc_concurrent: 1 target_footprint_: 17334195 GetBytesAllocated: 11795689 HeapGrowthMultiplier: 3
12-22 19:20:17.971  3329  3329 I com.miui.home: CheckGCForNative gc_urgency 1.01504 current_native_bytes is 164477195 starting_gc_num:33
12-22 19:20:17.971  3329  3329 I com.miui.home: CheckGCForNative requested 1
12-22 19:20:17.972  3329  3580 I cccccc  : createTaskSnapshotCompat:
12-22 19:20:18.223  3329  3329 I wm_on_top_resumed_lost_called: [150165856,com.miui.home.launcher.Launcher,topStateChangedWhenResumed]
12-22 19:20:18.269  3329  8771 D cccccc  : onTaskStackChangedBackground
12-22 19:20:18.275  3329  8771 D cccccc  : onTaskStackChangedBackground
12-22 19:20:18.327  9240  9240 I wm_on_create_called: [0,5051746,com.tencent.mm.ui.LauncherUI,performCreate,1448]
12-22 19:20:18.332  3329  3352 I com.miui.home: NativeAlloc concurrent copying GC freed 63852(2866KB) AllocSpace objects, 12(288KB) LOS objects, 49% free, 8713KB/17MB, paused 81us,4.923ms total 359.488ms
12-22 19:20:18.360  9240  9240 I wm_on_start_called: [0,5051746,com.tencent.mm.ui.LauncherUI,handleStartActivity,19]
12-22 19:20:18.538  3329  3329 I wm_on_paused_called: [0,150165856,com.miui.home.launcher.Launcher,performPause,2]
12-22 19:20:18.546  3329  3540 I com.miui.home: CheckGCForNative gc_urgency 0 current_native_bytes is 130974179 starting_gc_num:34
12-22 19:20:18.551  9240  9240 I wm_on_resume_called: [0,5051746,com.tencent.mm.ui.LauncherUI,RESUME_ACTIVITY,188]
12-22 19:20:18.625  9240  9240 I wm_on_top_resumed_gained_called: [5051746,com.tencent.mm.ui.LauncherUI,topStateChangedWhenResumed]
12-22 19:20:18.639  9240  9240 I wm_on_destroy_called: [0,220590995,com.tencent.mm.ui.LauncherUI,performDestroy,10]
12-22 19:20:18.645  9240  9240 I wm_on_stop_called: [0,182366018,com.tencent.mm.app.WeChatSplashActivity,LIFECYCLER_STOP_ACTIVITY,5]
12-22 19:20:18.651  9240  9240 I wm_on_destroy_called: [0,182366018,com.tencent.mm.app.WeChatSplashActivity,performDestroy,5]
12-22 19:20:18.656  3329  8771 D cccccc  : onTaskStackChangedBackground
12-22 19:20:18.660  3329  3365 D cccccc  : onTaskStackChangedBackground
12-22 19:20:18.680  3329  3540 E cccccc  : createTaskSnapshot:
12-22 19:20:18.680  3329  3540 I cccccc  : getTaskSnapshotInstance:
12-22 19:20:18.682  3329  3540 E cccccc  : createTaskSnapshot:
12-22 19:20:18.682  3329  3540 I cccccc  : getTaskSnapshotInstance:
12-22 19:20:18.684  9240  9240 I wm_on_top_resumed_lost_called: [5051746,com.tencent.mm.ui.LauncherUI,topStateChangedWhenResumed]
12-22 19:20:18.715  3329  3540 I com.miui.home: CheckGCForNative adj_start_bytes: 33416265 NativeAllocationGcWatermark: 10619172 java_gc_start_bytes: 17487507 kNewNativeDiscountFactor: 2 kOldNativeDiscountFactor: 65536 old_native_bytes: 130974179 new_native_bytes: 11235276 add_bytes_allowed: 31857516 is_gc_concurrent: 1 target_footprint_: 17844512 GetBytesAllocated: 9746818 HeapGrowthMultiplier: 3
12-22 19:20:18.715  3329  3540 I com.miui.home: CheckGCForNative gc_urgency 0.45985 current_native_bytes is 142209455 starting_gc_num:34
12-22 19:20:18.739  9240  9240 I wm_on_paused_called: [0,5051746,com.tencent.mm.ui.LauncherUI,performPause,20]
12-22 19:20:18.752  3329  3581 I com.miui.home: CheckGCForNative adj_start_bytes: 33416265 NativeAllocationGcWatermark: 10619172 java_gc_start_bytes: 17487507 kNewNativeDiscountFactor: 2 kOldNativeDiscountFactor: 65536 old_native_bytes: 130974179 new_native_bytes: 559708 add_bytes_allowed: 31857516 is_gc_concurrent: 1 target_footprint_: 17844512 GetBytesAllocated: 9830698 HeapGrowthMultiplier: 3
12-22 19:20:18.752  3329  3581 I com.miui.home: CheckGCForNative gc_urgency 0.302624 current_native_bytes is 131533887 starting_gc_num:34
12-22 19:20:18.871  9240  9240 I wm_on_create_called: [0,261099100,com.tencent.mm.plugin.account.ui.WelcomeActivity,performCreate,73]
12-22 19:20:18.875  9240  9240 I wm_on_start_called: [0,261099100,com.tencent.mm.plugin.account.ui.WelcomeActivity,handleStartActivity,3]
12-22 19:20:18.886  9240  9240 I wm_on_resume_called: [0,261099100,com.tencent.mm.plugin.account.ui.WelcomeActivity,RESUME_ACTIVITY,8]
12-22 19:20:18.898  9240  9240 I wm_on_top_resumed_gained_called: [261099100,com.tencent.mm.plugin.account.ui.WelcomeActivity,topStateChangedWhenResumed]
12-22 19:20:18.910  9240  9240 I wm_on_stop_called: [0,5051746,com.tencent.mm.ui.LauncherUI,STOP_ACTIVITY_ITEM,10]
12-22 19:20:18.918  3329  3581 I com.miui.home: CheckGCForNative adj_start_bytes: 33416265 NativeAllocationGcWatermark: 10619172 java_gc_start_bytes: 17487507 kNewNativeDiscountFactor: 2 kOldNativeDiscountFactor: 65536 old_native_bytes: 130974179 new_native_bytes: 517364 add_bytes_allowed: 31857516 is_gc_concurrent: 1 target_footprint_: 17844512 GetBytesAllocated: 10179329 HeapGrowthMultiplier: 3
12-22 19:20:18.918  3329  3581 I com.miui.home: CheckGCForNative gc_urgency 0.312423 current_native_bytes is 131491543 starting_gc_num:34
12-22 19:20:18.994  3329  3540 E cccccc  : createTaskSnapshot:
12-22 19:20:18.994  3329  3540 I cccccc  : getTaskSnapshotInstance:
12-22 19:20:19.000  3329  3540 I com.miui.home: CheckGCForNative adj_start_bytes: 33416265 NativeAllocationGcWatermark: 10619172 java_gc_start_bytes: 17487507 kNewNativeDiscountFactor: 2 kOldNativeDiscountFactor: 65536 old_native_bytes: 130974179 new_native_bytes: 11377624 add_bytes_allowed: 31857516 is_gc_concurrent: 1 target_footprint_: 17844512 GetBytesAllocated: 10523780 HeapGrowthMultiplier: 3
12-22 19:20:19.000  3329  3540 I com.miui.home: CheckGCForNative gc_urgency 0.48523 current_native_bytes is 142351803 starting_gc_num:34
12-22 19:20:19.003  3329  3540 E cccccc  : createTaskSnapshot:
12-22 19:20:19.003  3329  3540 I cccccc  : getTaskSnapshotInstance:
12-22 19:20:19.207  3329  3581 I com.miui.home: CheckGCForNative adj_start_bytes: 33416265 NativeAllocationGcWatermark: 10619172 java_gc_start_bytes: 17487507 kNewNativeDiscountFactor: 2 kOldNativeDiscountFactor: 65536 old_native_bytes: 130974179 new_native_bytes: 692600 add_bytes_allowed: 31857516 is_gc_concurrent: 1 target_footprint_: 17844512 GetBytesAllocated: 10605995 HeapGrowthMultiplier: 3
12-22 19:20:19.207  3329  3581 I com.miui.home: CheckGCForNative gc_urgency 0.327813 current_native_bytes is 131666779 starting_gc_num:34
12-22 19:20:19.371  3329  3329 I wm_on_stop_called: [0,150165856,com.miui.home.launcher.Launcher,STOP_ACTIVITY_ITEM,60]
12-22 19:20:19.961  3329  3329 I wm_on_restart_called: [0,150165856,com.miui.home.launcher.Launcher,,0]
12-22 19:20:19.963  3329  3329 I wm_on_start_called: [0,150165856,com.miui.home.launcher.Launcher,handleStartActivity,2]
12-22 19:20:19.965  9240  9240 I wm_on_top_resumed_lost_called: [261099100,com.tencent.mm.plugin.account.ui.WelcomeActivity,topStateChangedWhenResumed]
12-22 19:20:19.982  3329  3329 I wm_on_resume_called: [0,150165856,com.miui.home.launcher.Launcher,RESUME_ACTIVITY,17]
12-22 19:20:20.091  3329  3329 I wm_on_top_resumed_gained_called: [150165856,com.miui.home.launcher.Launcher,topStateChangedWhenResumed]
12-22 19:20:20.096  3329  3329 I wm_on_idle_called: com.miui.home.launcher.Launcher
12-22 19:20:20.158  3329  8771 I cccccc  : getTaskSnapshot:
12-22 19:20:20.158  3329  8467 I com.miui.home: CheckGCForNative gc_urgency 0 current_native_bytes is 130728943 starting_gc_num:35
12-22 19:20:20.159  3329  8771 I com.miui.home: CheckGCForNative adj_start_bytes: 32894657 NativeAllocationGcWatermark: 10540483 java_gc_start_bytes: 17083933 kNewNativeDiscountFactor: 2 kOldNativeDiscountFactor: 65536 old_native_bytes: 130728943 new_native_bytes: 10705920 add_bytes_allowed: 31621449 is_gc_concurrent: 1 target_footprint_: 17215005 GetBytesAllocated: 10285981 HeapGrowthMultiplier: 3
12-22 19:20:20.159  3329  8771 I com.miui.home: CheckGCForNative gc_urgency 0.475486 current_native_bytes is 141434863 starting_gc_num:35
12-22 19:20:20.159  3329  8467 I cccccc  : createTaskSnapshotCompat:
12-22 19:20:20.159  3329  3329 I cccccc  : createTaskSnapshotCompat:
12-22 19:20:20.160  3329  3329 I com.miui.home: CheckGCForNative adj_start_bytes: 32894657 NativeAllocationGcWatermark: 10540483 java_gc_start_bytes: 17083933 kNewNativeDiscountFactor: 2 kOldNativeDiscountFactor: 65536 old_native_bytes: 130728943 new_native_bytes: 21413184 add_bytes_allowed: 31621449 is_gc_concurrent: 1 target_footprint_: 17215005 GetBytesAllocated: 10288886 HeapGrowthMultiplier: 3
12-22 19:20:20.160  3329  3329 I com.miui.home: CheckGCForNative gc_urgency 0.638325 current_native_bytes is 152142127 starting_gc_num:35
12-22 19:20:20.351  3329  3581 I com.miui.home: CheckGCForNative adj_start_bytes: 32894657 NativeAllocationGcWatermark: 10540483 java_gc_start_bytes: 17083933 kNewNativeDiscountFactor: 2 kOldNativeDiscountFactor: 65536 old_native_bytes: 130728943 new_native_bytes: 8672 add_bytes_allowed: 31621449 is_gc_concurrent: 1 target_footprint_: 17215005 GetBytesAllocated: 10415411 HeapGrowthMultiplier: 3
12-22 19:20:20.351  3329  3581 I com.miui.home: CheckGCForNative gc_urgency 0.316822 current_native_bytes is 130737615 starting_gc_num:35
12-22 19:20:20.629  3329  8771 I cccccc  : getTaskSnapshot:
12-22 19:20:20.630  3329  3580 I com.miui.home: CheckGCForNative adj_start_bytes: 32894657 NativeAllocationGcWatermark: 10540483 java_gc_start_bytes: 17083933 kNewNativeDiscountFactor: 2 kOldNativeDiscountFactor: 65536 old_native_bytes: 130728943 new_native_bytes: 10732768 add_bytes_allowed: 31621449 is_gc_concurrent: 1 target_footprint_: 17215005 GetBytesAllocated: 10532352 HeapGrowthMultiplier: 3
12-22 19:20:20.630  3329  3580 I com.miui.home: CheckGCForNative gc_urgency 0.483383 current_native_bytes is 141461711 starting_gc_num:35
12-22 19:20:20.630  3329  3580 I cccccc  : createTaskSnapshotCompat:
12-22 19:20:20.631  3329  8771 I com.miui.home: CheckGCForNative adj_start_bytes: 32894657 NativeAllocationGcWatermark: 10540483 java_gc_start_bytes: 17083933 kNewNativeDiscountFactor: 2 kOldNativeDiscountFactor: 65536 old_native_bytes: 130728943 new_native_bytes: 21456672 add_bytes_allowed: 31621449 is_gc_concurrent: 1 target_footprint_: 17215005 GetBytesAllocated: 10532544 HeapGrowthMultiplier: 3
12-22 19:20:20.631  3329  8771 I com.miui.home: CheckGCForNative gc_urgency 0.646393 current_native_bytes is 152185615 starting_gc_num:35
12-22 19:20:20.632  3329  3329 I cccccc  : createTaskSnapshotCompat:
12-22 19:20:20.633  3329  3329 I com.miui.home: CheckGCForNative adj_start_bytes: 32894657 NativeAllocationGcWatermark: 10540483 java_gc_start_bytes: 17083933 kNewNativeDiscountFactor: 2 kOldNativeDiscountFactor: 65536 old_native_bytes: 130728943 new_native_bytes: 32144352 add_bytes_allowed: 31621449 is_gc_concurrent: 1 target_footprint_: 17215005 GetBytesAllocated: 10541798 HeapGrowthMultiplier: 3
12-22 19:20:20.633  3329  3329 I com.miui.home: CheckGCForNative gc_urgency 0.809127 current_native_bytes is 162873295 starting_gc_num:35
12-22 19:20:20.633  3329  3580 I com.miui.home: CheckGCForNative adj_start_bytes: 32894657 NativeAllocationGcWatermark: 10540483 java_gc_start_bytes: 17083933 kNewNativeDiscountFactor: 2 kOldNativeDiscountFactor: 65536 old_native_bytes: 130728943 new_native_bytes: 32146400 add_bytes_allowed: 31621449 is_gc_concurrent: 1 target_footprint_: 17215005 GetBytesAllocated: 10543165 HeapGrowthMultiplier: 3
12-22 19:20:20.633  3329  3580 I com.miui.home: CheckGCForNative gc_urgency 0.809318 current_native_bytes is 162875343 starting_gc_num:35
12-22 19:20:20.664  9240  9240 I wm_on_paused_called: [0,261099100,com.tencent.mm.plugin.account.ui.WelcomeActivity,performPause,9]
12-22 19:20:20.721  9240  9240 I wm_on_stop_called: [0,261099100,com.tencent.mm.plugin.account.ui.WelcomeActivity,STOP_ACTIVITY_ITEM,9]
12-22 19:20:20.730  9240  9240 I wm_on_idle_called: com.tencent.mm.ui.LauncherUI
12-22 19:20:20.731  9240  9240 I wm_on_idle_called: com.tencent.mm.plugin.account.ui.WelcomeActivity
12-22 19:20:20.769  3329  8467 D cccccc  : onTaskStackChangedBackground
12-22 19:20:20.770  3329  8771 D cccccc  : onTaskStackChangedBackground
12-22 19:20:20.857  3329  3540 I com.miui.home: CheckGCForNative adj_start_bytes: 32894657 NativeAllocationGcWatermark: 10540483 java_gc_start_bytes: 17083933 kNewNativeDiscountFactor: 2 kOldNativeDiscountFactor: 65536 old_native_bytes: 130728943 new_native_bytes: 21808576 add_bytes_allowed: 31621449 is_gc_concurrent: 1 target_footprint_: 17215005 GetBytesAllocated: 11066286 HeapGrowthMultiplier: 3
12-22 19:20:20.857  3329  3540 I com.miui.home: CheckGCForNative gc_urgency 0.667968 current_native_bytes is 152537519 starting_gc_num:35
12-22 19:20:20.884  3329  3540 E cccccc  : createTaskSnapshot:
12-22 19:20:20.884  3329  3540 I cccccc  : getTaskSnapshotInstance:
12-22 19:20:20.885  3329  3540 I com.miui.home: CheckGCForNative adj_start_bytes: 32894657 NativeAllocationGcWatermark: 10540483 java_gc_start_bytes: 17083933 kNewNativeDiscountFactor: 2 kOldNativeDiscountFactor: 65536 old_native_bytes: 130728943 new_native_bytes: 32636180 add_bytes_allowed: 31621449 is_gc_concurrent: 1 target_footprint_: 17215005 GetBytesAllocated: 11218127 HeapGrowthMultiplier: 3
12-22 19:20:20.885  3329  3540 I com.miui.home: CheckGCForNative gc_urgency 0.837164 current_native_bytes is 163365123 starting_gc_num:35
12-22 19:20:20.886  3329  3540 E cccccc  : createTaskSnapshot:
12-22 19:20:20.886  3329  3540 I cccccc  : getTaskSnapshotInstance:
12-22 19:20:20.978  3329  3540 I com.miui.home: CheckGCForNative adj_start_bytes: 32894657 NativeAllocationGcWatermark: 10540483 java_gc_start_bytes: 17083933 kNewNativeDiscountFactor: 2 kOldNativeDiscountFactor: 65536 old_native_bytes: 130728943 new_native_bytes: 22178476 add_bytes_allowed: 31621449 is_gc_concurrent: 1 target_footprint_: 17215005 GetBytesAllocated: 11670658 HeapGrowthMultiplier: 3
12-22 19:20:20.978  3329  3540 I com.miui.home: CheckGCForNative gc_urgency 0.691963 current_native_bytes is 152907419 starting_gc_num:35
12-22 19:20:20.999  3329  3540 E cccccc  : createTaskSnapshot:
12-22 19:20:20.999  3329  3540 I cccccc  : getTaskSnapshotInstance:
12-22 19:20:21.339  3329  3329 I wm_on_top_resumed_lost_called: [150165856,com.miui.home.launcher.Launcher,topStateChangedWhenResumed]
12-22 19:20:21.344  3329  3329 I wm_on_paused_called: [0,150165856,com.miui.home.launcher.Launcher,performPause,2]
12-22 19:20:21.349  3329  3357 D cccccc  : onTaskStackChangedBackground
12-22 19:20:21.351  3329  3357 D cccccc  : onTaskStackChangedBackground
12-22 19:20:21.448  3329  3365 D cccccc  : onTaskStackChangedBackground
12-22 19:20:21.449  3329  8771 D cccccc  : onTaskStackChangedBackground
12-22 19:20:21.589  3329  3540 I com.miui.home: CheckGCForNative adj_start_bytes: 32894657 NativeAllocationGcWatermark: 10540483 java_gc_start_bytes: 17083933 kNewNativeDiscountFactor: 2 kOldNativeDiscountFactor: 65536 old_native_bytes: 130728943 new_native_bytes: 22748440 add_bytes_allowed: 31621449 is_gc_concurrent: 1 target_footprint_: 17215005 GetBytesAllocated: 12724534 HeapGrowthMultiplier: 3
12-22 19:20:21.589  3329  3540 I com.miui.home: CheckGCForNative gc_urgency 0.732665 current_native_bytes is 153477383 starting_gc_num:35
12-22 19:20:21.665  3329  3540 E cccccc  : createTaskSnapshot:
12-22 19:20:21.665  3329  3540 I cccccc  : getTaskSnapshotInstance:
12-22 19:20:21.666  3329  3540 E cccccc  : createTaskSnapshot:
12-22 19:20:21.666  3329  3540 I cccccc  : getTaskSnapshotInstance:
12-22 19:20:21.795  3329  3581 I com.miui.home: CheckGCForNative adj_start_bytes: 32894657 NativeAllocationGcWatermark: 10540483 java_gc_start_bytes: 17083933 kNewNativeDiscountFactor: 2 kOldNativeDiscountFactor: 65536 old_native_bytes: 130728943 new_native_bytes: 22992280 add_bytes_allowed: 31621449 is_gc_concurrent: 1 target_footprint_: 17215005 GetBytesAllocated: 13677733 HeapGrowthMultiplier: 3
12-22 19:20:21.795  3329  3581 I com.miui.home: CheckGCForNative gc_urgency 0.765348 current_native_bytes is 153721223 starting_gc_num:35
12-22 19:20:21.805  3329  3540 E cccccc  : createTaskSnapshot:
12-22 19:20:21.805  3329  3540 I cccccc  : getTaskSnapshotInstance:
12-22 19:20:21.806  3329  3540 E cccccc  : createTaskSnapshot:
12-22 19:20:21.806  3329  3540 I cccccc  : getTaskSnapshotInstance:
12-22 19:20:22.008  3329  3329 I com.miui.home: CheckGCForNative adj_start_bytes: 32894657 NativeAllocationGcWatermark: 10540483 java_gc_start_bytes: 17083933 kNewNativeDiscountFactor: 2 kOldNativeDiscountFactor: 65536 old_native_bytes: 130728943 new_native_bytes: 23012568 add_bytes_allowed: 31621449 is_gc_concurrent: 1 target_footprint_: 17215005 GetBytesAllocated: 13783850 HeapGrowthMultiplier: 3
12-22 19:20:22.008  3329  3329 I com.miui.home: CheckGCForNative gc_urgency 0.768883 current_native_bytes is 153741511 starting_gc_num:35
12-22 19:20:22.104 13055 13055 I wm_on_application_create_called: [0,com.UCMobile,244]
12-22 19:20:22.254 13055 13055 I wm_on_create_called: [0,212108540,com.UCMobile.main.UCMobile,performCreate,125]
12-22 19:20:22.363 13055 13055 I wm_on_create_called: [0,118434582,com.uc.browser.InnerUCMobile,performCreate,37]
12-22 19:20:22.367 13055 13055 I wm_on_start_called: [0,118434582,com.uc.browser.InnerUCMobile,handleStartActivity,3]
12-22 19:20:22.379 13055 13055 I wm_on_resume_called: [0,118434582,com.uc.browser.InnerUCMobile,RESUME_ACTIVITY,7]
12-22 19:20:22.400  3329  3365 D cccccc  : onTaskStackChangedBackground
12-22 19:20:22.403  3329  3365 D cccccc  : onTaskStackChangedBackground
12-22 19:20:22.433 13055 13055 I wm_on_top_resumed_gained_called: [118434582,com.uc.browser.InnerUCMobile,topStateChangedWhenResumed]
12-22 19:20:22.564  3329  3540 E cccccc  : createTaskSnapshot:
12-22 19:20:22.564  3329  3540 I cccccc  : getTaskSnapshotInstance:
12-22 19:20:22.565  3329  3540 E cccccc  : createTaskSnapshot:
12-22 19:20:22.565  3329  3540 I cccccc  : getTaskSnapshotInstance:
12-22 19:20:22.776  3329  3540 I com.miui.home: CheckGCForNative adj_start_bytes: 32894657 NativeAllocationGcWatermark: 10540483 java_gc_start_bytes: 17083933 kNewNativeDiscountFactor: 2 kOldNativeDiscountFactor: 65536 old_native_bytes: 130728943 new_native_bytes: 23303984 add_bytes_allowed: 31621449 is_gc_concurrent: 1 target_footprint_: 17215005 GetBytesAllocated: 14953708 HeapGrowthMultiplier: 3
12-22 19:20:22.776  3329  3540 I com.miui.home: CheckGCForNative gc_urgency 0.808876 current_native_bytes is 154032927 starting_gc_num:35
12-22 19:20:22.788  3329  3329 I wm_on_stop_called: [0,150165856,com.miui.home.launcher.Launcher,STOP_ACTIVITY_ITEM,55]
12-22 19:20:22.808  3329  3540 E cccccc  : createTaskSnapshot:
12-22 19:20:22.808  3329  3540 I cccccc  : getTaskSnapshotInstance:
12-22 19:20:22.811  3329  3540 E cccccc  : createTaskSnapshot:
12-22 19:20:22.811  3329  3540 I cccccc  : getTaskSnapshotInstance:
12-22 19:20:22.831 13055 13055 I wm_on_destroy_called: [0,212108540,com.UCMobile.main.UCMobile,performDestroy,0]
12-22 19:20:23.053  3329  3329 I wm_on_restart_called: [0,150165856,com.miui.home.launcher.Launcher,,0]
12-22 19:20:23.058  3329  3329 I wm_on_start_called: [0,150165856,com.miui.home.launcher.Launcher,handleStartActivity,5]
12-22 19:20:23.080  3329  3329 I wm_on_resume_called: [0,150165856,com.miui.home.launcher.Launcher,RESUME_ACTIVITY,20]
12-22 19:20:23.202  3329  3329 I wm_on_idle_called: com.miui.home.launcher.Launcher
12-22 19:20:23.291  3329  3356 I cccccc  : getTaskSnapshot:
12-22 19:20:23.292  3329  3356 I com.miui.home: CheckGCForNative adj_start_bytes: 33247286 NativeAllocationGcWatermark: 10581051 java_gc_start_bytes: 17375710 kNewNativeDiscountFactor: 2 kOldNativeDiscountFactor: 65536 old_native_bytes: 130940227 new_native_bytes: 10705920 add_bytes_allowed: 31743153 is_gc_concurrent: 1 target_footprint_: 17539550 GetBytesAllocated: 10307524 HeapGrowthMultiplier: 3
12-22 19:20:23.292  3329  3356 I com.miui.home: CheckGCForNative gc_urgency 0.471091 current_native_bytes is 141646147 starting_gc_num:36
12-22 19:20:23.292  3329  3329 I cccccc  : createTaskSnapshotCompat:
12-22 19:20:23.292  3329  3357 I com.miui.home: CheckGCForNative gc_urgency 0 current_native_bytes is 130940227 starting_gc_num:36
12-22 19:20:23.293  3329  3357 I cccccc  : createTaskSnapshotCompat:
12-22 19:20:23.293  3329  3329 I com.miui.home: CheckGCForNative adj_start_bytes: 33247286 NativeAllocationGcWatermark: 10581051 java_gc_start_bytes: 17375710 kNewNativeDiscountFactor: 2 kOldNativeDiscountFactor: 65536 old_native_bytes: 130940227 new_native_bytes: 21413184 add_bytes_allowed: 31743153 is_gc_concurrent: 1 target_footprint_: 17539550 GetBytesAllocated: 10335612 HeapGrowthMultiplier: 3
12-22 19:20:23.293  3329  3329 I com.miui.home: CheckGCForNative gc_urgency 0.63296 current_native_bytes is 152353411 starting_gc_num:36
12-22 19:20:23.485  3329  3581 I com.miui.home: CheckGCForNative adj_start_bytes: 33247286 NativeAllocationGcWatermark: 10581051 java_gc_start_bytes: 17375710 kNewNativeDiscountFactor: 2 kOldNativeDiscountFactor: 65536 old_native_bytes: 130940227 new_native_bytes: 88480 add_bytes_allowed: 31743153 is_gc_concurrent: 1 target_footprint_: 17539550 GetBytesAllocated: 10756616 HeapGrowthMultiplier: 3
12-22 19:20:23.485  3329  3581 I com.miui.home: CheckGCForNative gc_urgency 0.324924 current_native_bytes is 131028707 starting_gc_num:36
12-22 19:20:23.541  3329  3329 I wm_on_top_resumed_gained_called: [150165856,com.miui.home.launcher.Launcher,topStateChangedWhenResumed]
12-22 19:20:23.729  3329  3581 I com.miui.home: CheckGCForNative adj_start_bytes: 33247286 NativeAllocationGcWatermark: 10581051 java_gc_start_bytes: 17375710 kNewNativeDiscountFactor: 2 kOldNativeDiscountFactor: 65536 old_native_bytes: 130940227 new_native_bytes: 84032 add_bytes_allowed: 31743153 is_gc_concurrent: 1 target_footprint_: 17539550 GetBytesAllocated: 10861092 HeapGrowthMultiplier: 3
12-22 19:20:23.729  3329  3581 I com.miui.home: CheckGCForNative gc_urgency 0.328 current_native_bytes is 131024259 starting_gc_num:36
12-22 19:20:23.784  3329  3580 I com.miui.home: CheckGCForNative adj_start_bytes: 33247286 NativeAllocationGcWatermark: 10581051 java_gc_start_bytes: 17375710 kNewNativeDiscountFactor: 2 kOldNativeDiscountFactor: 65536 old_native_bytes: 130940227 new_native_bytes: 10757440 add_bytes_allowed: 31743153 is_gc_concurrent: 1 target_footprint_: 17539550 GetBytesAllocated: 10879072 HeapGrowthMultiplier: 3
12-22 19:20:23.784  3329  3356 I cccccc  : getTaskSnapshot:
12-22 19:20:23.785  3329  3580 I com.miui.home: CheckGCForNative gc_urgency 0.489056 current_native_bytes is 141697667 starting_gc_num:36
12-22 19:20:23.785  3329  3356 I com.miui.home: CheckGCForNative adj_start_bytes: 33247286 NativeAllocationGcWatermark: 10581051 java_gc_start_bytes: 17375710 kNewNativeDiscountFactor: 2 kOldNativeDiscountFactor: 65536 old_native_bytes: 130940227 new_native_bytes: 21464064 add_bytes_allowed: 31743153 is_gc_concurrent: 1 target_footprint_: 17539550 GetBytesAllocated: 10879072 HeapGrowthMultiplier: 3
12-22 19:20:23.785  3329  3356 I com.miui.home: CheckGCForNative gc_urgency 0.650077 current_native_bytes is 152404291 starting_gc_num:36
12-22 19:20:23.786  3329  3580 I cccccc  : createTaskSnapshotCompat:
12-22 19:20:23.787  3329  3329 I cccccc  : createTaskSnapshotCompat:
12-22 19:20:23.788  3329  3329 I com.miui.home: CheckGCForNative adj_start_bytes: 33247286 NativeAllocationGcWatermark: 10581051 java_gc_start_bytes: 17375710 kNewNativeDiscountFactor: 2 kOldNativeDiscountFactor: 65536 old_native_bytes: 130940227 new_native_bytes: 32171264 add_bytes_allowed: 31743153 is_gc_concurrent: 1 target_footprint_: 17539550 GetBytesAllocated: 10887272 HeapGrowthMultiplier: 3
12-22 19:20:23.788  3329  3329 I com.miui.home: CheckGCForNative gc_urgency 0.811341 current_native_bytes is 163111491 starting_gc_num:36
12-22 19:20:23.941  3329  3365 I com.miui.home: CheckGCForNative adj_start_bytes: 33247286 NativeAllocationGcWatermark: 10581051 java_gc_start_bytes: 17375710 kNewNativeDiscountFactor: 2 kOldNativeDiscountFactor: 65536 old_native_bytes: 130940227 new_native_bytes: 10793544 add_bytes_allowed: 31743153 is_gc_concurrent: 1 target_footprint_: 17539550 GetBytesAllocated: 11066259 HeapGrowthMultiplier: 3
12-22 19:20:23.942  3329  3365 I com.miui.home: CheckGCForNative gc_urgency 0.495229 current_native_bytes is 141733771 starting_gc_num:36
12-22 19:20:24.094 13055 13055 I wm_on_top_resumed_lost_called: [118434582,com.uc.browser.InnerUCMobile,topStateChangedWhenResumed]
12-22 19:20:24.411  3329  8467 D cccccc  : onTaskStackChangedBackground
12-22 19:20:24.416  3329  8467 D cccccc  : onTaskStackChangedBackground
12-22 19:20:24.432  3329  3329 I wm_on_top_resumed_lost_called: [150165856,com.miui.home.launcher.Launcher,topStateChangedWhenResumed]
12-22 19:20:24.438  3329  3329 I wm_on_paused_called: [0,150165856,com.miui.home.launcher.Launcher,performPause,3]
12-22 19:20:24.471  3329  3357 D cccccc  : onTaskStackChangedBackground
12-22 19:20:24.471  3329  3357 D cccccc  : onTaskStackChangedBackground
12-22 19:20:24.543  3329  9149 D cccccc  : onTaskStackChangedBackground
12-22 19:20:24.547  3329  8467 D cccccc  : onTaskStackChangedBackground
12-22 19:20:24.677  3329  9149 I com.miui.home: CheckGCForNative adj_start_bytes: 33247286 NativeAllocationGcWatermark: 10581051 java_gc_start_bytes: 17375710 kNewNativeDiscountFactor: 2 kOldNativeDiscountFactor: 65536 old_native_bytes: 130940227 new_native_bytes: 11199936 add_bytes_allowed: 31743153 is_gc_concurrent: 1 target_footprint_: 17539550 GetBytesAllocated: 12000704 HeapGrowthMultiplier: 3
12-22 19:20:24.677  3329  9149 I com.miui.home: CheckGCForNative gc_urgency 0.529447 current_native_bytes is 142140163 starting_gc_num:36
12-22 19:20:24.678  3329  9149 I com.miui.home: CheckGCForNative adj_start_bytes: 33247286 NativeAllocationGcWatermark: 10581051 java_gc_start_bytes: 17375710 kNewNativeDiscountFactor: 2 kOldNativeDiscountFactor: 65536 old_native_bytes: 130940227 new_native_bytes: 11216976 add_bytes_allowed: 31743153 is_gc_concurrent: 1 target_footprint_: 17539550 GetBytesAllocated: 12017120 HeapGrowthMultiplier: 3
12-22 19:20:24.678  3329  9149 I com.miui.home: CheckGCForNative gc_urgency 0.530197 current_native_bytes is 142157203 starting_gc_num:36
12-22 19:20:24.819  3329  3540 E cccccc  : createTaskSnapshot:
12-22 19:20:24.819  3329  3540 I cccccc  : getTaskSnapshotInstance:
12-22 19:20:24.828  3329  3540 E cccccc  : createTaskSnapshot:
12-22 19:20:24.829  3329  3540 I cccccc  : getTaskSnapshotInstance:
12-22 19:20:24.832  3329  3540 I com.miui.home: CheckGCForNative adj_start_bytes: 33247286 NativeAllocationGcWatermark: 10581051 java_gc_start_bytes: 17375710 kNewNativeDiscountFactor: 2 kOldNativeDiscountFactor: 65536 old_native_bytes: 130940227 new_native_bytes: 22242204 add_bytes_allowed: 31743153 is_gc_concurrent: 1 target_footprint_: 17539550 GetBytesAllocated: 12361716 HeapGrowthMultiplier: 3
12-22 19:20:24.832  3329  3540 I com.miui.home: CheckGCForNative gc_urgency 0.706368 current_native_bytes is 153182431 starting_gc_num:36
12-22 19:20:24.835  3329  3540 E cccccc  : createTaskSnapshot:
12-22 19:20:24.835  3329  3540 I cccccc  : getTaskSnapshotInstance:
12-22 19:20:24.953  3329  3540 I com.miui.home: CheckGCForNative adj_start_bytes: 33247286 NativeAllocationGcWatermark: 10581051 java_gc_start_bytes: 17375710 kNewNativeDiscountFactor: 2 kOldNativeDiscountFactor: 65536 old_native_bytes: 130940227 new_native_bytes: 11622860 add_bytes_allowed: 31743153 is_gc_concurrent: 1 target_footprint_: 17539550 GetBytesAllocated: 12592132 HeapGrowthMultiplier: 3
12-22 19:20:24.953  3329  3540 I com.miui.home: CheckGCForNative gc_urgency 0.553596 current_native_bytes is 142563087 starting_gc_num:36
12-22 19:20:25.096  3329  3540 E cccccc  : createTaskSnapshot:
12-22 19:20:25.096  3329  3540 I cccccc  : getTaskSnapshotInstance:
12-22 19:20:25.099  3329  3540 E cccccc  : createTaskSnapshot:
12-22 19:20:25.099  3329  3540 I cccccc  : getTaskSnapshotInstance:
12-22 19:20:25.296  3329  3329 I com.miui.home: CheckGCForNative adj_start_bytes: 33247286 NativeAllocationGcWatermark: 10581051 java_gc_start_bytes: 17375710 kNewNativeDiscountFactor: 2 kOldNativeDiscountFactor: 65536 old_native_bytes: 130940227 new_native_bytes: 11685344 add_bytes_allowed: 31743153 is_gc_concurrent: 1 target_footprint_: 17539550 GetBytesAllocated: 13110819 HeapGrowthMultiplier: 3
12-22 19:20:25.296  3329  3329 I com.miui.home: CheckGCForNative gc_urgency 0.570136 current_native_bytes is 142625571 starting_gc_num:36
12-22 19:20:25.522 13454 13454 I wm_on_create_called: [0,241616872,com.tencent.mtt.SplashActivity,performCreate,148]
12-22 19:20:25.652  3329  9149 D cccccc  : onTaskStackChangedBackground
12-22 19:20:25.661  3329  3357 D cccccc  : onTaskStackChangedBackground
12-22 19:20:25.909  3329  3540 E cccccc  : createTaskSnapshot:
12-22 19:20:25.909  3329  3540 I cccccc  : getTaskSnapshotInstance:
12-22 19:20:25.910  3329  3540 E cccccc  : createTaskSnapshot:
12-22 19:20:25.910  3329  3540 I cccccc  : getTaskSnapshotInstance:
12-22 19:20:26.057  3329  3540 I com.miui.home: CheckGCForNative adj_start_bytes: 33247286 NativeAllocationGcWatermark: 10581051 java_gc_start_bytes: 17375710 kNewNativeDiscountFactor: 2 kOldNativeDiscountFactor: 65536 old_native_bytes: 130940227 new_native_bytes: 12073288 add_bytes_allowed: 31743153 is_gc_concurrent: 1 target_footprint_: 17539550 GetBytesAllocated: 14244338 HeapGrowthMultiplier: 3
12-22 19:20:26.057  3329  3540 I com.miui.home: CheckGCForNative gc_urgency 0.610064 current_native_bytes is 143013515 starting_gc_num:36
12-22 19:20:26.098  3329  3540 E cccccc  : createTaskSnapshot:
12-22 19:20:26.098  3329  3540 I cccccc  : getTaskSnapshotInstance:
12-22 19:20:26.101  3329  3540 E cccccc  : createTaskSnapshot:
12-22 19:20:26.101  3329  3540 I cccccc  : getTaskSnapshotInstance:
12-22 19:20:26.107 13055 13055 I wm_on_paused_called: [0,118434582,com.uc.browser.InnerUCMobile,performPause,230]
12-22 19:20:26.117 13493 13493 I wm_on_application_create_called: [0,com.UCMobile,784]
12-22 19:20:26.301  3329  3329 I wm_on_resume_called: [0,150165856,com.miui.home.launcher.Launcher,RESUME_ACTIVITY,18]
12-22 19:20:26.322  3329  3329 I wm_on_idle_called: com.miui.home.launcher.Launcher
12-22 19:20:26.500 13454 13454 I wm_on_resume_called: [0,73153633,com.tencent.mtt.MainActivity,RESUME_ACTIVITY,774]
12-22 19:20:26.524  3329  8467 I com.miui.home: CheckGCForNative adj_start_bytes: 33247286 NativeAllocationGcWatermark: 10581051 java_gc_start_bytes: 17375710 kNewNativeDiscountFactor: 2 kOldNativeDiscountFactor: 65536 old_native_bytes: 130940227 new_native_bytes: 12405440 add_bytes_allowed: 31743153 is_gc_concurrent: 1 target_footprint_: 17539550 GetBytesAllocated: 16052066 HeapGrowthMultiplier: 3
12-22 19:20:26.524  3329  8467 I com.miui.home: CheckGCForNative gc_urgency 0.669432 current_native_bytes is 143345667 starting_gc_num:36
12-22 19:20:26.524 13454 13454 I wm_on_top_resumed_gained_called: [73153633,com.tencent.mtt.MainActivity,topStateChangedWhenResumed]
12-22 19:20:26.696  3329  3329 I wm_on_paused_called: [0,150165856,com.miui.home.launcher.Launcher,performPause,2]
12-22 19:20:26.706  3329  8467 I com.miui.home: CheckGCForNative adj_start_bytes: 33247286 NativeAllocationGcWatermark: 10581051 java_gc_start_bytes: 17375710 kNewNativeDiscountFactor: 2 kOldNativeDiscountFactor: 65536 old_native_bytes: 130940227 new_native_bytes: 23109888 add_bytes_allowed: 31743153 is_gc_concurrent: 1 target_footprint_: 17539550 GetBytesAllocated: 16140490 HeapGrowthMultiplier: 3
12-22 19:20:26.706  3329  8467 I com.miui.home: CheckGCForNative gc_urgency 0.833073 current_native_bytes is 154050115 starting_gc_num:36
12-22 19:20:26.707  3329  8467 I cccccc  : createTaskSnapshotCompat:
12-22 19:20:26.709  3329  8467 I com.miui.home: CheckGCForNative adj_start_bytes: 33247286 NativeAllocationGcWatermark: 10581051 java_gc_start_bytes: 17375710 kNewNativeDiscountFactor: 2 kOldNativeDiscountFactor: 65536 old_native_bytes: 130940227 new_native_bytes: 33816832 add_bytes_allowed: 31743153 is_gc_concurrent: 1 target_footprint_: 17539550 GetBytesAllocated: 16149541 HeapGrowthMultiplier: 3
12-22 19:20:26.709  3329  8467 I com.miui.home: CheckGCForNative gc_urgency 0.994366 current_native_bytes is 164757059 starting_gc_num:36
12-22 19:20:26.763  3329  3580 I com.miui.home: CheckGCForNative adj_start_bytes: 33247286 NativeAllocationGcWatermark: 10581051 java_gc_start_bytes: 17375710 kNewNativeDiscountFactor: 2 kOldNativeDiscountFactor: 65536 old_native_bytes: 130940227 new_native_bytes: 33708192 add_bytes_allowed: 31743153 is_gc_concurrent: 1 target_footprint_: 17539550 GetBytesAllocated: 16176931 HeapGrowthMultiplier: 3
12-22 19:20:26.763  3329  3580 I com.miui.home: CheckGCForNative gc_urgency 0.993555 current_native_bytes is 164648419 starting_gc_num:36
12-22 19:20:26.763  3329  3580 I cccccc  : createTaskSnapshotCompat:
12-22 19:20:26.764  3329  3580 I com.miui.home: CheckGCForNative adj_start_bytes: 33247286 NativeAllocationGcWatermark: 10581051 java_gc_start_bytes: 17375710 kNewNativeDiscountFactor: 2 kOldNativeDiscountFactor: 65536 old_native_bytes: 130940227 new_native_bytes: 44415136 add_bytes_allowed: 31743153 is_gc_concurrent: 1 target_footprint_: 17539550 GetBytesAllocated: 16177123 HeapGrowthMultiplier: 3
12-22 19:20:26.764  3329  3580 I com.miui.home: CheckGCForNative gc_urgency 1.15458 current_native_bytes is 175355363 starting_gc_num:36
12-22 19:20:26.764  3329  3580 I com.miui.home: CheckGCForNative requested 1
12-22 19:20:26.780  3329  4012 I cccccc  : getTaskSnapshot:
12-22 19:20:26.780  3329  4012 I com.miui.home: CheckGCForNative adj_start_bytes: 33247286 NativeAllocationGcWatermark: 10581051 java_gc_start_bytes: 17375710 kNewNativeDiscountFactor: 2 kOldNativeDiscountFactor: 65536 old_native_bytes: 130940227 new_native_bytes: 44414944 add_bytes_allowed: 31743153 is_gc_concurrent: 1 target_footprint_: 17539550 GetBytesAllocated: 16193507 HeapGrowthMultiplier: 3
12-22 19:20:26.789  3329  4012 I com.miui.home: CheckGCForNative gc_urgency 1.15507 current_native_bytes is 175355171 starting_gc_num:36
12-22 19:20:26.789  3329  4012 I com.miui.home: CheckGCForNative requested 1
12-22 19:20:26.789  3329  3329 I cccccc  : createTaskSnapshotCompat:
12-22 19:20:26.790  3329  4012 I cccccc  : getTaskSnapshot:
12-22 19:20:26.790  3329  3329 I com.miui.home: CheckGCForNative adj_start_bytes: 33247286 NativeAllocationGcWatermark: 10581051 java_gc_start_bytes: 17375710 kNewNativeDiscountFactor: 2 kOldNativeDiscountFactor: 65536 old_native_bytes: 130940227 new_native_bytes: 55122240 add_bytes_allowed: 31743153 is_gc_concurrent: 1 target_footprint_: 17539550 GetBytesAllocated: 16197727 HeapGrowthMultiplier: 3
12-22 19:20:26.790  3329  3329 I com.miui.home: CheckGCForNative gc_urgency 1.31622 current_native_bytes is 186062467 starting_gc_num:36
12-22 19:20:26.790  3329  3329 I com.miui.home: CheckGCForNative requested 1
