12-22 19:30:54.973  3293 11931 I com.miui.home: CheckGCForNative adj_start_bytes: 32768158 NativeAllocationGcWatermark: 10568559 java_gc_start_bytes: 16915320 kNewNativeDiscountFactor: 2 kOldNativeDiscountFactor: 65536 old_native_bytes: 140323535 new_native_bytes: 21357056 add_bytes_allowed: 31705677 is_gc_concurrent: 1 target_footprint_: 17439608 GetBytesAllocated: 8910831 HeapGrowthMultiplier: 3
12-22 19:30:54.974  3293 11931 I com.miui.home: CheckGCForNative gc_urgency 0.597882 current_native_bytes is 161680591 starting_gc_num:54
12-22 19:30:54.974  3293  3293 I cccccc  : createTaskSnapshotCompat:
12-22 19:30:54.975  3293  3293 I com.miui.home: CheckGCForNative adj_start_bytes: 32768158 NativeAllocationGcWatermark: 10568559 java_gc_start_bytes: 16915320 kNewNativeDiscountFactor: 2 kOldNativeDiscountFactor: 65536 old_native_bytes: 140323535 new_native_bytes: 32064640 add_bytes_allowed: 31705677 is_gc_concurrent: 1 target_footprint_: 17439608 GetBytesAllocated: 8927407 HeapGrowthMultiplier: 3
12-22 19:30:54.975  3293  3293 I com.miui.home: CheckGCForNative gc_urgency 0.761772 current_native_bytes is 172388175 starting_gc_num:54
12-22 19:30:54.977  3293  3647 I com.miui.home: CheckGCForNative adj_start_bytes: 32768158 NativeAllocationGcWatermark: 10568559 java_gc_start_bytes: 16915320 kNewNativeDiscountFactor: 2 kOldNativeDiscountFactor: 65536 old_native_bytes: 140323535 new_native_bytes: 32065664 add_bytes_allowed: 31705677 is_gc_concurrent: 1 target_footprint_: 17439608 GetBytesAllocated: 8927407 HeapGrowthMultiplier: 3
12-22 19:30:54.978  3293  3647 I com.miui.home: CheckGCForNative gc_urgency 0.761788 current_native_bytes is 172389199 starting_gc_num:54
12-22 19:30:55.317 12524 12524 I wm_on_top_resumed_lost_called: [45178567,com.taobao.tao.welcome.Welcome,topStateChangedWhenResumed]
12-22 19:30:55.589  3293  3372 D cccccc  : onTaskStackChangedBackground
12-22 19:30:55.591  3293  8906 D cccccc  : onTaskStackChangedBackground
12-22 19:30:55.743  3293  3630 E cccccc  : createTaskSnapshot:
12-22 19:30:55.744  3293  3630 I cccccc  : getTaskSnapshotInstance:
12-22 19:30:55.811  3293  3293 I wm_on_top_resumed_lost_called: [2068964,com.miui.home.launcher.Launcher,topStateChangedWhenResumed]
12-22 19:30:55.817  3293  3293 I wm_on_paused_called: [0,2068964,com.miui.home.launcher.Launcher,performPause,3]
12-22 19:30:55.835  3293  3630 I com.miui.home: CheckGCForNative adj_start_bytes: 32768158 NativeAllocationGcWatermark: 10568559 java_gc_start_bytes: 16915320 kNewNativeDiscountFactor: 2 kOldNativeDiscountFactor: 65536 old_native_bytes: 140323535 new_native_bytes: 32809820 add_bytes_allowed: 31705677 is_gc_concurrent: 1 target_footprint_: 17439608 GetBytesAllocated: 9846342 HeapGrowthMultiplier: 3
12-22 19:30:55.835  3293  3630 I com.miui.home: CheckGCForNative gc_urgency 0.801186 current_native_bytes is 173133355 starting_gc_num:54
12-22 19:30:55.848  3293  3757 D cccccc  : onTaskStackChangedBackground
12-22 19:30:55.849  3293  3757 D cccccc  : onTaskStackChangedBackground
12-22 19:30:55.923  3293 11931 D cccccc  : onTaskStackChangedBackground
12-22 19:30:55.930  3293  8906 D cccccc  : onTaskStackChangedBackground
12-22 19:30:56.254  3293  3630 I com.miui.home: CheckGCForNative adj_start_bytes: 32768158 NativeAllocationGcWatermark: 10568559 java_gc_start_bytes: 16915320 kNewNativeDiscountFactor: 2 kOldNativeDiscountFactor: 65536 old_native_bytes: 140323535 new_native_bytes: 22427580 add_bytes_allowed: 31705677 is_gc_concurrent: 1 target_footprint_: 17439608 GetBytesAllocated: 10549943 HeapGrowthMultiplier: 3
12-22 19:30:56.254  3293  3630 I com.miui.home: CheckGCForNative gc_urgency 0.664239 current_native_bytes is 162751115 starting_gc_num:54
12-22 19:30:56.348  3293  3630 E cccccc  : createTaskSnapshot:
12-22 19:30:56.348  3293  3630 I cccccc  : getTaskSnapshotInstance:
12-22 19:30:56.526  3293  3649 I com.miui.home: CheckGCForNative adj_start_bytes: 32768158 NativeAllocationGcWatermark: 10568559 java_gc_start_bytes: 16915320 kNewNativeDiscountFactor: 2 kOldNativeDiscountFactor: 65536 old_native_bytes: 140323535 new_native_bytes: 22685136 add_bytes_allowed: 31705677 is_gc_concurrent: 1 target_footprint_: 17439608 GetBytesAllocated: 11224722 HeapGrowthMultiplier: 3
12-22 19:30:56.526  3293  3649 I com.miui.home: CheckGCForNative gc_urgency 0.688761 current_native_bytes is 163008671 starting_gc_num:54
12-22 19:30:56.593  3293  3649 I com.miui.home: CheckGCForNative adj_start_bytes: 32768158 NativeAllocationGcWatermark: 10568559 java_gc_start_bytes: 16915320 kNewNativeDiscountFactor: 2 kOldNativeDiscountFactor: 65536 old_native_bytes: 140323535 new_native_bytes: 22817232 add_bytes_allowed: 31705677 is_gc_concurrent: 1 target_footprint_: 17439608 GetBytesAllocated: 11333569 HeapGrowthMultiplier: 3
12-22 19:30:56.593  3293  3649 I com.miui.home: CheckGCForNative gc_urgency 0.694098 current_native_bytes is 163140767 starting_gc_num:54
12-22 19:30:56.750  3293  3630 E cccccc  : createTaskSnapshot:
12-22 19:30:56.750  3293  3630 I cccccc  : getTaskSnapshotInstance:
12-22 19:30:56.927 14084 14084 I wm_on_application_create_called: [0,com.UCMobile,478]
12-22 19:30:57.178 14084 14084 I wm_on_create_called: [0,134610988,com.UCMobile.main.UCMobile,performCreate,227]
12-22 19:30:57.326 14084 14084 I wm_on_create_called: [0,223422761,com.uc.browser.InnerUCMobile,performCreate,61]
12-22 19:30:57.352  3293  3757 D cccccc  : onTaskStackChangedBackground
12-22 19:30:57.363 14084 14084 I wm_on_start_called: [0,223422761,com.uc.browser.InnerUCMobile,handleStartActivity,37]
12-22 19:30:57.378 14084 14084 I wm_on_resume_called: [0,223422761,com.uc.browser.InnerUCMobile,RESUME_ACTIVITY,7]
12-22 19:30:57.403  3293  3757 D cccccc  : onTaskStackChangedBackground
12-22 19:30:57.450 14084 14084 I wm_on_top_resumed_gained_called: [223422761,com.uc.browser.InnerUCMobile,topStateChangedWhenResumed]
12-22 19:30:57.541  3293  3630 E cccccc  : createTaskSnapshot:
12-22 19:30:57.541  3293  3630 I cccccc  : getTaskSnapshotInstance:
12-22 19:30:57.766  3293  3293 I wm_on_resume_called: [0,2068964,com.miui.home.launcher.Launcher,RESUME_ACTIVITY,15]
12-22 19:30:57.786  3293  3293 I wm_on_idle_called: com.miui.home.launcher.Launcher
12-22 19:30:57.862  3293  3629 I com.miui.home: CheckGCForNative adj_start_bytes: 32768158 NativeAllocationGcWatermark: 10568559 java_gc_start_bytes: 16915320 kNewNativeDiscountFactor: 2 kOldNativeDiscountFactor: 65536 old_native_bytes: 140323535 new_native_bytes: 23101716 add_bytes_allowed: 31705677 is_gc_concurrent: 1 target_footprint_: 17439608 GetBytesAllocated: 13368408 HeapGrowthMultiplier: 3
12-22 19:30:57.862  3293  3629 I com.miui.home: CheckGCForNative gc_urgency 0.760537 current_native_bytes is 163425251 starting_gc_num:54
12-22 19:30:58.006  3293 11931 I cccccc  : getTaskSnapshot:
12-22 19:30:58.007  3293 11931 I com.miui.home: CheckGCForNative adj_start_bytes: 32768158 NativeAllocationGcWatermark: 10568559 java_gc_start_bytes: 16915320 kNewNativeDiscountFactor: 2 kOldNativeDiscountFactor: 65536 old_native_bytes: 140323535 new_native_bytes: 33802140 add_bytes_allowed: 31705677 is_gc_concurrent: 1 target_footprint_: 17439608 GetBytesAllocated: 13759291 HeapGrowthMultiplier: 3
12-22 19:30:58.007  3293 11931 I com.miui.home: CheckGCForNative gc_urgency 0.935741 current_native_bytes is 174125675 starting_gc_num:54
12-22 19:30:58.007  3293  3293 I cccccc  : createTaskSnapshotCompat:
12-22 19:30:58.008  3293  3757 I com.miui.home: CheckGCForNative adj_start_bytes: 32768158 NativeAllocationGcWatermark: 10568559 java_gc_start_bytes: 16915320 kNewNativeDiscountFactor: 2 kOldNativeDiscountFactor: 65536 old_native_bytes: 140323535 new_native_bytes: 44508060 add_bytes_allowed: 31705677 is_gc_concurrent: 1 target_footprint_: 17439608 GetBytesAllocated: 13783368 HeapGrowthMultiplier: 3
12-22 19:30:58.008  3293  3757 I com.miui.home: CheckGCForNative gc_urgency 1.09983 current_native_bytes is 184831595 starting_gc_num:54
12-22 19:30:58.008  3293  3293 I com.miui.home: CheckGCForNative adj_start_bytes: 32768158 NativeAllocationGcWatermark: 10568559 java_gc_start_bytes: 16915320 kNewNativeDiscountFactor: 2 kOldNativeDiscountFactor: 65536 old_native_bytes: 140323535 new_native_bytes: 55215004 add_bytes_allowed: 31705677 is_gc_concurrent: 1 target_footprint_: 17439608 GetBytesAllocated: 13783368 HeapGrowthMultiplier: 3
12-22 19:30:58.008  3293  3293 I com.miui.home: CheckGCForNative gc_urgency 1.26321 current_native_bytes is 195538539 starting_gc_num:54
12-22 19:30:58.008  3293  3293 I com.miui.home: CheckGCForNative requested 1
12-22 19:30:58.009  3293  3757 I com.miui.home: CheckGCForNative requested 1
12-22 19:30:58.009  3293  3757 I cccccc  : createTaskSnapshotCompat:
12-22 19:30:58.137  3293  3293 I wm_on_top_resumed_gained_called: [2068964,com.miui.home.launcher.Launcher,topStateChangedWhenResumed]
12-22 19:30:58.271  3293  3649 I com.miui.home: CheckGCForNative adj_start_bytes: 32768158 NativeAllocationGcWatermark: 10568559 java_gc_start_bytes: 16915320 kNewNativeDiscountFactor: 2 kOldNativeDiscountFactor: 65536 old_native_bytes: 140323535 new_native_bytes: 33767036 add_bytes_allowed: 31705677 is_gc_concurrent: 1 target_footprint_: 17439608 GetBytesAllocated: 13986304 HeapGrowthMultiplier: 3
12-22 19:30:58.271  3293  3649 I com.miui.home: CheckGCForNative gc_urgency 0.942133 current_native_bytes is 174090571 starting_gc_num:54
12-22 19:30:58.282  3293  3649 I com.miui.home: CheckGCForNative adj_start_bytes: 32768158 NativeAllocationGcWatermark: 10568559 java_gc_start_bytes: 16915320 kNewNativeDiscountFactor: 2 kOldNativeDiscountFactor: 65536 old_native_bytes: 140323535 new_native_bytes: 33767036 add_bytes_allowed: 31705677 is_gc_concurrent: 1 target_footprint_: 17439608 GetBytesAllocated: 13994118 HeapGrowthMultiplier: 3
12-22 19:30:58.282  3293  3649 I com.miui.home: CheckGCForNative gc_urgency 0.942371 current_native_bytes is 174090571 starting_gc_num:54
12-22 19:30:58.326 12524 12524 I wm_on_paused_called: [0,45178567,com.taobao.tao.welcome.Welcome,performPause,323]
12-22 19:30:58.540  3293  3647 I cccccc  : createTaskSnapshotCompat:
12-22 19:30:58.568  3293  3630 E cccccc  : createTaskSnapshot:
12-22 19:30:58.568  3293  3630 I cccccc  : getTaskSnapshotInstance:
12-22 19:30:58.581  3293  3630 I com.miui.home: CheckGCForNative adj_start_bytes: 32768158 NativeAllocationGcWatermark: 10568559 java_gc_start_bytes: 16915320 kNewNativeDiscountFactor: 2 kOldNativeDiscountFactor: 65536 old_native_bytes: 140323535 new_native_bytes: 44719152 add_bytes_allowed: 31705677 is_gc_concurrent: 1 target_footprint_: 17439608 GetBytesAllocated: 14950204 HeapGrowthMultiplier: 3
12-22 19:30:58.581  3293  3630 I com.miui.home: CheckGCForNative gc_urgency 1.13866 current_native_bytes is 185042687 starting_gc_num:54
12-22 19:30:58.581  3293  3630 I com.miui.home: CheckGCForNative requested 1
12-22 19:30:58.677  3293 11910 I com.miui.home: CheckGCForNative adj_start_bytes: 32768158 NativeAllocationGcWatermark: 10568559 java_gc_start_bytes: 16915320 kNewNativeDiscountFactor: 2 kOldNativeDiscountFactor: 65536 old_native_bytes: 140323535 new_native_bytes: 34057320 add_bytes_allowed: 31705677 is_gc_concurrent: 1 target_footprint_: 17439608 GetBytesAllocated: 15056927 HeapGrowthMultiplier: 3
12-22 19:30:58.677  3293 11910 I com.miui.home: CheckGCForNative gc_urgency 0.979235 current_native_bytes is 174380855 starting_gc_num:54
12-22 19:30:59.008 12524 12524 I wm_on_stop_called: [0,45178567,com.taobao.tao.welcome.Welcome,STOP_ACTIVITY_ITEM,431]
12-22 19:30:59.023  3293  3293 I wm_on_top_resumed_lost_called: [2068964,com.miui.home.launcher.Launcher,topStateChangedWhenResumed]
12-22 19:30:59.093 14084 14084 I wm_on_top_resumed_lost_called: [223422761,com.uc.browser.InnerUCMobile,topStateChangedWhenResumed]
12-22 19:30:59.093  3293  3293 I wm_on_paused_called: [0,2068964,com.miui.home.launcher.Launcher,performPause,2]
12-22 19:30:59.145  3293  3358 I com.miui.home: NativeAlloc concurrent copying GC freed 118110(5214KB) AllocSpace objects, 14(392KB) LOS objects, 49% free, 9438KB/18MB, paused 322us,327us total 1.131s
12-22 19:30:59.156  3293  3382 D cccccc  : onTaskStackChangedBackground
12-22 19:30:59.185  3293  3382 D cccccc  : onTaskStackChangedBackground
12-22 19:30:59.250 14084 14084 I wm_on_paused_called: [0,223422761,com.uc.browser.InnerUCMobile,performPause,138]
12-22 19:30:59.253  3293  3369 D cccccc  : onTaskStackChangedBackground
12-22 19:30:59.267  3293  3369 D cccccc  : onTaskStackChangedBackground
12-22 19:30:59.323 14084 14084 I wm_on_destroy_called: [0,134610988,com.UCMobile.main.UCMobile,performDestroy,1]
12-22 19:30:59.405  3293  3630 I com.miui.home: CheckGCForNative gc_urgency 0 current_native_bytes is 141367435 starting_gc_num:55
12-22 19:30:59.495  3293  3630 E cccccc  : createTaskSnapshot:
12-22 19:30:59.495  3293  3630 I cccccc  : getTaskSnapshotInstance:
12-22 19:30:59.496  3293  3630 E cccccc  : createTaskSnapshot:
12-22 19:30:59.496  3293  3630 I cccccc  : getTaskSnapshotInstance:
12-22 19:30:59.497  3293  3630 I com.miui.home: CheckGCForNative adj_start_bytes: 35012049 NativeAllocationGcWatermark: 10804758 java_gc_start_bytes: 18804912 kNewNativeDiscountFactor: 2 kOldNativeDiscountFactor: 65536 old_native_bytes: 141367435 new_native_bytes: 10742144 add_bytes_allowed: 32414274 is_gc_concurrent: 1 target_footprint_: 19329200 GetBytesAllocated: 10541833 HeapGrowthMultiplier: 3
12-22 19:30:59.497  3293  3630 I com.miui.home: CheckGCForNative gc_urgency 0.45456 current_native_bytes is 152109579 starting_gc_num:55
12-22 19:30:59.526  3293  3649 I com.miui.home: CheckGCForNative adj_start_bytes: 35012049 NativeAllocationGcWatermark: 10804758 java_gc_start_bytes: 18804912 kNewNativeDiscountFactor: 2 kOldNativeDiscountFactor: 65536 old_native_bytes: 141367435 new_native_bytes: 92656 add_bytes_allowed: 32414274 is_gc_concurrent: 1 target_footprint_: 19329200 GetBytesAllocated: 10617490 HeapGrowthMultiplier: 3
12-22 19:30:59.526  3293  3649 I com.miui.home: CheckGCForNative gc_urgency 0.304637 current_native_bytes is 141460091 starting_gc_num:55
12-22 19:30:59.871  3293  3649 I com.miui.home: CheckGCForNative adj_start_bytes: 35012049 NativeAllocationGcWatermark: 10804758 java_gc_start_bytes: 18804912 kNewNativeDiscountFactor: 2 kOldNativeDiscountFactor: 65536 old_native_bytes: 141367435 new_native_bytes: 68144 add_bytes_allowed: 32414274 is_gc_concurrent: 1 target_footprint_: 19329200 GetBytesAllocated: 10959595 HeapGrowthMultiplier: 3
12-22 19:30:59.871  3293  3649 I com.miui.home: CheckGCForNative gc_urgency 0.314058 current_native_bytes is 141435579 starting_gc_num:55
12-22 19:31:00.017  3293  3630 E cccccc  : createTaskSnapshot:
12-22 19:31:00.017  3293  3630 I cccccc  : getTaskSnapshotInstance:
12-22 19:31:00.276 14413 14413 I wm_on_application_create_called: [0,com.taobao.taobao,375]
12-22 19:31:00.655 14571 14571 I wm_on_create_called: [0,28970147,com.tencent.mtt.MainActivity,performCreate,44]
12-22 19:31:00.665  3293  3369 D cccccc  : onTaskStackChangedBackground
12-22 19:31:00.667  3293  3382 D cccccc  : onTaskStackChangedBackground
12-22 19:31:00.679 14571 14571 I wm_on_start_called: [0,28970147,com.tencent.mtt.MainActivity,handleStartActivity,23]
12-22 19:31:00.809  3293  3630 E cccccc  : createTaskSnapshot:
12-22 19:31:00.809  3293  3630 I cccccc  : getTaskSnapshotInstance:
12-22 19:31:00.894  3293  3630 I com.miui.home: CheckGCForNative adj_start_bytes: 35012049 NativeAllocationGcWatermark: 10804758 java_gc_start_bytes: 18804912 kNewNativeDiscountFactor: 2 kOldNativeDiscountFactor: 65536 old_native_bytes: 141367435 new_native_bytes: 195020 add_bytes_allowed: 32414274 is_gc_concurrent: 1 target_footprint_: 19329200 GetBytesAllocated: 12422817 HeapGrowthMultiplier: 3
12-22 19:31:00.894  3293  3630 I com.miui.home: CheckGCForNative gc_urgency 0.357662 current_native_bytes is 141562455 starting_gc_num:55
12-22 19:31:00.917  3293  3630 E cccccc  : createTaskSnapshot:
12-22 19:31:00.917  3293  3630 I cccccc  : getTaskSnapshotInstance:
12-22 19:31:01.197  3293  3647 I com.miui.home: CheckGCForNative adj_start_bytes: 35012049 NativeAllocationGcWatermark: 10804758 java_gc_start_bytes: 18804912 kNewNativeDiscountFactor: 2 kOldNativeDiscountFactor: 65536 old_native_bytes: 141367435 new_native_bytes: 338544 add_bytes_allowed: 32414274 is_gc_concurrent: 1 target_footprint_: 19329200 GetBytesAllocated: 13078500 HeapGrowthMultiplier: 3
12-22 19:31:01.197  3293  3647 I com.miui.home: CheckGCForNative gc_urgency 0.378439 current_native_bytes is 141705979 starting_gc_num:55
12-22 19:31:01.379  3293  3293 I wm_on_resume_called: [0,2068964,com.miui.home.launcher.Launcher,RESUME_ACTIVITY,17]
12-22 19:31:01.398  3293  3293 I wm_on_idle_called: com.miui.home.launcher.Launcher
12-22 19:31:01.574  3293  3372 I com.miui.home: CheckGCForNative adj_start_bytes: 35012049 NativeAllocationGcWatermark: 10804758 java_gc_start_bytes: 18804912 kNewNativeDiscountFactor: 2 kOldNativeDiscountFactor: 65536 old_native_bytes: 141367435 new_native_bytes: 11253400 add_bytes_allowed: 32414274 is_gc_concurrent: 1 target_footprint_: 19329200 GetBytesAllocated: 13634003 HeapGrowthMultiplier: 3
12-22 19:31:01.574  3293  3372 I com.miui.home: CheckGCForNative gc_urgency 0.550178 current_native_bytes is 152620835 starting_gc_num:55
12-22 19:31:01.574  3293  3372 I cccccc  : createTaskSnapshotCompat:
12-22 19:31:01.595  3293  3372 I com.miui.home: CheckGCForNative adj_start_bytes: 35012049 NativeAllocationGcWatermark: 10804758 java_gc_start_bytes: 18804912 kNewNativeDiscountFactor: 2 kOldNativeDiscountFactor: 65536 old_native_bytes: 141367435 new_native_bytes: 21960376 add_bytes_allowed: 32414274 is_gc_concurrent: 1 target_footprint_: 19329200 GetBytesAllocated: 13766018 HeapGrowthMultiplier: 3
12-22 19:31:01.595  3293  3372 I com.miui.home: CheckGCForNative gc_urgency 0.706853 current_native_bytes is 163327811 starting_gc_num:55
12-22 19:31:01.642  3293 11931 I cccccc  : getTaskSnapshot:
12-22 19:31:01.643  3293 11931 I com.miui.home: CheckGCForNative adj_start_bytes: 35012049 NativeAllocationGcWatermark: 10804758 java_gc_start_bytes: 18804912 kNewNativeDiscountFactor: 2 kOldNativeDiscountFactor: 65536 old_native_bytes: 141367435 new_native_bytes: 22065560 add_bytes_allowed: 32414274 is_gc_concurrent: 1 target_footprint_: 19329200 GetBytesAllocated: 13847870 HeapGrowthMultiplier: 3
12-22 19:31:01.643  3293 11931 I com.miui.home: CheckGCForNative gc_urgency 0.710693 current_native_bytes is 163432995 starting_gc_num:55
12-22 19:31:01.651  3293  3293 I cccccc  : createTaskSnapshotCompat:
12-22 19:31:01.713  3293  3293 I wm_on_top_resumed_gained_called: [2068964,com.miui.home.launcher.Launcher,topStateChangedWhenResumed]
12-22 19:31:01.815  3293  3649 I com.miui.home: CheckGCForNative adj_start_bytes: 35012049 NativeAllocationGcWatermark: 10804758 java_gc_start_bytes: 18804912 kNewNativeDiscountFactor: 2 kOldNativeDiscountFactor: 65536 old_native_bytes: 141367435 new_native_bytes: 11384592 add_bytes_allowed: 32414274 is_gc_concurrent: 1 target_footprint_: 19329200 GetBytesAllocated: 13963144 HeapGrowthMultiplier: 3
12-22 19:31:01.815  3293  3649 I com.miui.home: CheckGCForNative gc_urgency 0.561452 current_native_bytes is 152752027 starting_gc_num:55
12-22 19:31:02.049  3293  3649 I com.miui.home: CheckGCForNative adj_start_bytes: 35012049 NativeAllocationGcWatermark: 10804758 java_gc_start_bytes: 18804912 kNewNativeDiscountFactor: 2 kOldNativeDiscountFactor: 65536 old_native_bytes: 141367435 new_native_bytes: 11418704 add_bytes_allowed: 32414274 is_gc_concurrent: 1 target_footprint_: 19329200 GetBytesAllocated: 14169122 HeapGrowthMultiplier: 3
12-22 19:31:02.049  3293  3649 I com.miui.home: CheckGCForNative gc_urgency 0.567823 current_native_bytes is 152786139 starting_gc_num:55
12-22 19:31:02.095  3293  3647 I com.miui.home: CheckGCForNative adj_start_bytes: 35012049 NativeAllocationGcWatermark: 10804758 java_gc_start_bytes: 18804912 kNewNativeDiscountFactor: 2 kOldNativeDiscountFactor: 65536 old_native_bytes: 141367435 new_native_bytes: 22119248 add_bytes_allowed: 32414274 is_gc_concurrent: 1 target_footprint_: 19329200 GetBytesAllocated: 14249927 HeapGrowthMultiplier: 3
12-22 19:31:02.095  3293  3647 I com.miui.home: CheckGCForNative gc_urgency 0.722943 current_native_bytes is 163486683 starting_gc_num:55
12-22 19:31:02.095  3293  3647 I cccccc  : createTaskSnapshotCompat:
12-22 19:31:02.097  3293  3647 I com.miui.home: CheckGCForNative adj_start_bytes: 35012049 NativeAllocationGcWatermark: 10804758 java_gc_start_bytes: 18804912 kNewNativeDiscountFactor: 2 kOldNativeDiscountFactor: 65536 old_native_bytes: 141367435 new_native_bytes: 32826384 add_bytes_allowed: 32414274 is_gc_concurrent: 1 target_footprint_: 19329200 GetBytesAllocated: 14250119 HeapGrowthMultiplier: 3
12-22 19:31:02.097  3293  3647 I com.miui.home: CheckGCForNative gc_urgency 0.875855 current_native_bytes is 174193819 starting_gc_num:55
12-22 19:31:02.097  3293  3369 I cccccc  : getTaskSnapshot:
12-22 19:31:02.098  3293  3369 I com.miui.home: CheckGCForNative adj_start_bytes: 35012049 NativeAllocationGcWatermark: 10804758 java_gc_start_bytes: 18804912 kNewNativeDiscountFactor: 2 kOldNativeDiscountFactor: 65536 old_native_bytes: 141367435 new_native_bytes: 32826416 add_bytes_allowed: 32414274 is_gc_concurrent: 1 target_footprint_: 19329200 GetBytesAllocated: 14250119 HeapGrowthMultiplier: 3
12-22 19:31:02.098  3293  3369 I com.miui.home: CheckGCForNative gc_urgency 0.875855 current_native_bytes is 174193851 starting_gc_num:55
12-22 19:31:02.099  3293  3293 I cccccc  : createTaskSnapshotCompat:
12-22 19:31:02.493  3293  3293 I wm_on_top_resumed_lost_called: [2068964,com.miui.home.launcher.Launcher,topStateChangedWhenResumed]
12-22 19:31:02.506  3293 11931 D cccccc  : onTaskStackChangedBackground
12-22 19:31:02.515  3293 11931 D cccccc  : onTaskStackChangedBackground
12-22 19:31:02.661  3293  3293 I wm_on_paused_called: [0,2068964,com.miui.home.launcher.Launcher,performPause,2]
12-22 19:31:02.665  3293  3629 I com.miui.home: CheckGCForNative adj_start_bytes: 35012049 NativeAllocationGcWatermark: 10804758 java_gc_start_bytes: 18804912 kNewNativeDiscountFactor: 2 kOldNativeDiscountFactor: 65536 old_native_bytes: 141367435 new_native_bytes: 22357008 add_bytes_allowed: 32414274 is_gc_concurrent: 1 target_footprint_: 19329200 GetBytesAllocated: 15056074 HeapGrowthMultiplier: 3
12-22 19:31:02.665  3293  3629 I com.miui.home: CheckGCForNative gc_urgency 0.749363 current_native_bytes is 163724443 starting_gc_num:55
12-22 19:31:02.728 14571 14571 I wm_on_resume_called: [0,28970147,com.tencent.mtt.MainActivity,RESUME_ACTIVITY,2047]
12-22 19:31:02.784 14571 14571 I wm_on_top_resumed_gained_called: [28970147,com.tencent.mtt.MainActivity,topStateChangedWhenResumed]
12-22 19:31:02.824  3293  8906 D cccccc  : onTaskStackChangedBackground
12-22 19:31:02.831  3293  3369 D cccccc  : onTaskStackChangedBackground
12-22 19:31:03.044  3293  3372 I com.miui.home: CheckGCForNative adj_start_bytes: 35012049 NativeAllocationGcWatermark: 10804758 java_gc_start_bytes: 18804912 kNewNativeDiscountFactor: 2 kOldNativeDiscountFactor: 65536 old_native_bytes: 141367435 new_native_bytes: 22861252 add_bytes_allowed: 32414274 is_gc_concurrent: 1 target_footprint_: 19329200 GetBytesAllocated: 15766394 HeapGrowthMultiplier: 3
12-22 19:31:03.044  3293  3372 I com.miui.home: CheckGCForNative gc_urgency 0.776852 current_native_bytes is 164228687 starting_gc_num:55
12-22 19:31:03.077  3293  3630 E cccccc  : createTaskSnapshot:
12-22 19:31:03.077  3293  3630 I cccccc  : getTaskSnapshotInstance:
12-22 19:31:03.143  3293  3630 E cccccc  : createTaskSnapshot:
12-22 19:31:03.143  3293  3630 I cccccc  : getTaskSnapshotInstance:
12-22 19:31:03.148  3293  3630 I com.miui.home: CheckGCForNative adj_start_bytes: 35012049 NativeAllocationGcWatermark: 10804758 java_gc_start_bytes: 18804912 kNewNativeDiscountFactor: 2 kOldNativeDiscountFactor: 65536 old_native_bytes: 141367435 new_native_bytes: 33609924 add_bytes_allowed: 32414274 is_gc_concurrent: 1 target_footprint_: 19329200 GetBytesAllocated: 15855184 HeapGrowthMultiplier: 3
12-22 19:31:03.148  3293  3630 I com.miui.home: CheckGCForNative gc_urgency 0.932888 current_native_bytes is 174977359 starting_gc_num:55
12-22 19:31:03.349  3293  3649 I com.miui.home: CheckGCForNative adj_start_bytes: 35012049 NativeAllocationGcWatermark: 10804758 java_gc_start_bytes: 18804912 kNewNativeDiscountFactor: 2 kOldNativeDiscountFactor: 65536 old_native_bytes: 141367435 new_native_bytes: 22984772 add_bytes_allowed: 32414274 is_gc_concurrent: 1 target_footprint_: 19329200 GetBytesAllocated: 16222306 HeapGrowthMultiplier: 3
12-22 19:31:03.349  3293  3649 I com.miui.home: CheckGCForNative gc_urgency 0.791637 current_native_bytes is 164352207 starting_gc_num:55
12-22 19:31:03.371  3293  3649 I com.miui.home: CheckGCForNative adj_start_bytes: 35012049 NativeAllocationGcWatermark: 10804758 java_gc_start_bytes: 18804912 kNewNativeDiscountFactor: 2 kOldNativeDiscountFactor: 65536 old_native_bytes: 141367435 new_native_bytes: 22987588 add_bytes_allowed: 32414274 is_gc_concurrent: 1 target_footprint_: 19329200 GetBytesAllocated: 16261938 HeapGrowthMultiplier: 3
12-22 19:31:03.371  3293  3649 I com.miui.home: CheckGCForNative gc_urgency 0.79281 current_native_bytes is 164355023 starting_gc_num:55
12-22 19:31:03.585  3293  3630 E cccccc  : createTaskSnapshot:
12-22 19:31:03.586  3293  3630 I cccccc  : getTaskSnapshotInstance:
12-22 19:31:03.990 14571 14571 I wm_on_top_resumed_lost_called: [28970147,com.tencent.mtt.MainActivity,topStateChangedWhenResumed]
12-22 19:31:04.036 15144 15144 I wm_on_application_create_called: [0,com.youku.phone,432]
12-22 19:31:04.085 14571 14571 I wm_on_paused_called: [0,28970147,com.tencent.mtt.MainActivity,performPause,31]
12-22 19:31:04.434 14571 14571 I wm_on_destroy_called: [0,100305405,com.tencent.mtt.SplashActivity,performDestroy,2]
12-22 19:31:04.439 15144 15144 I wm_on_create_called: [0,219578545,com.youku.phone.ActivityWelcome,performCreate,184]
12-22 19:31:04.623  3293  3293 I wm_on_stop_called: [0,2068964,com.miui.home.launcher.Launcher,STOP_ACTIVITY_ITEM,77]
12-22 19:31:04.649 14571 14571 I wm_on_stop_called: [0,28970147,com.tencent.mtt.MainActivity,STOP_ACTIVITY_ITEM,152]
12-22 19:31:04.890  3293  3382 D cccccc  : onTaskStackChangedBackground
12-22 19:31:04.907  3293  3293 I wm_on_restart_called: [0,2068964,com.miui.home.launcher.Launcher,,0]
12-22 19:31:04.908  3293  3293 I wm_on_start_called: [0,2068964,com.miui.home.launcher.Launcher,handleStartActivity,2]
12-22 19:31:04.929  3293  3293 I wm_on_resume_called: [0,2068964,com.miui.home.launcher.Launcher,RESUME_ACTIVITY,18]
12-22 19:31:04.961  3293 11931 D cccccc  : onTaskStackChangedBackground
12-22 19:31:05.110  3293  3293 I wm_on_idle_called: com.miui.home.launcher.Launcher
12-22 19:31:05.269  3293  3630 E cccccc  : createTaskSnapshot:
12-22 19:31:05.269  3293  3630 I cccccc  : getTaskSnapshotInstance:
12-22 19:31:05.451  3293 11931 I com.miui.home: CheckGCForNative gc_urgency 0 current_native_bytes is 141099335 starting_gc_num:56
12-22 19:31:05.452  3293 11931 I cccccc  : createTaskSnapshotCompat:
12-22 19:31:05.466  3293 11931 I com.miui.home: CheckGCForNative adj_start_bytes: 33010075 NativeAllocationGcWatermark: 10552632 java_gc_start_bytes: 17181127 kNewNativeDiscountFactor: 2 kOldNativeDiscountFactor: 65536 old_native_bytes: 141099335 new_native_bytes: 10707776 add_bytes_allowed: 31657896 is_gc_concurrent: 1 target_footprint_: 17312199 GetBytesAllocated: 11208267 HeapGrowthMultiplier: 3
12-22 19:31:05.466  3293 11931 I com.miui.home: CheckGCForNative gc_urgency 0.501796 current_native_bytes is 151807111 starting_gc_num:56
12-22 19:31:05.784  3293  3630 E cccccc  : createTaskSnapshot:
12-22 19:31:05.785  3293  3630 I cccccc  : getTaskSnapshotInstance:
12-22 19:31:05.786  3293  3630 I com.miui.home: CheckGCForNative adj_start_bytes: 33010075 NativeAllocationGcWatermark: 10552632 java_gc_start_bytes: 17181127 kNewNativeDiscountFactor: 2 kOldNativeDiscountFactor: 65536 old_native_bytes: 141099335 new_native_bytes: 11160572 add_bytes_allowed: 31657896 is_gc_concurrent: 1 target_footprint_: 17312199 GetBytesAllocated: 11792942 HeapGrowthMultiplier: 3
12-22 19:31:05.786  3293  3630 I com.miui.home: CheckGCForNative gc_urgency 0.526366 current_native_bytes is 152259907 starting_gc_num:56
12-22 19:31:05.788  3293  3649 I com.miui.home: CheckGCForNative adj_start_bytes: 33010075 NativeAllocationGcWatermark: 10552632 java_gc_start_bytes: 17181127 kNewNativeDiscountFactor: 2 kOldNativeDiscountFactor: 65536 old_native_bytes: 141099335 new_native_bytes: 457276 add_bytes_allowed: 31657896 is_gc_concurrent: 1 target_footprint_: 17312199 GetBytesAllocated: 11793134 HeapGrowthMultiplier: 3
12-22 19:31:05.788  3293  3649 I com.miui.home: CheckGCForNative gc_urgency 0.36425 current_native_bytes is 141556611 starting_gc_num:56
12-22 19:31:05.803 14571 14571 I wm_on_idle_called: com.tencent.mtt.MainActivity
12-22 19:31:05.975  3293  4050 I cccccc  : getTaskSnapshot:
12-22 19:31:05.976  3293  3647 I com.miui.home: CheckGCForNative adj_start_bytes: 33010075 NativeAllocationGcWatermark: 10552632 java_gc_start_bytes: 17181127 kNewNativeDiscountFactor: 2 kOldNativeDiscountFactor: 65536 old_native_bytes: 141099335 new_native_bytes: 11116076 add_bytes_allowed: 31657896 is_gc_concurrent: 1 target_footprint_: 17312199 GetBytesAllocated: 11883037 HeapGrowthMultiplier: 3
12-22 19:31:05.976  3293  3647 I com.miui.home: CheckGCForNative gc_urgency 0.528421 current_native_bytes is 152215411 starting_gc_num:56
12-22 19:31:05.976  3293  3647 I cccccc  : createTaskSnapshotCompat:
12-22 19:31:06.364  3293  3293 I wm_on_top_resumed_lost_called: [2068964,com.miui.home.launcher.Launcher,topStateChangedWhenResumed]
12-22 19:31:06.475  3293  3757 D cccccc  : onTaskStackChangedBackground
12-22 19:31:06.478  3293  3757 D cccccc  : onTaskStackChangedBackground
12-22 19:31:06.510  3293  3293 I wm_on_paused_called: [0,2068964,com.miui.home.launcher.Launcher,performPause,3]
12-22 19:31:06.655  3293  3382 D cccccc  : onTaskStackChangedBackground
12-22 19:31:06.665  3293  4050 D cccccc  : onTaskStackChangedBackground
12-22 19:31:06.743  3293  3649 I com.miui.home: CheckGCForNative adj_start_bytes: 33010075 NativeAllocationGcWatermark: 10552632 java_gc_start_bytes: 17181127 kNewNativeDiscountFactor: 2 kOldNativeDiscountFactor: 65536 old_native_bytes: 141099335 new_native_bytes: 11872844 add_bytes_allowed: 31657896 is_gc_concurrent: 1 target_footprint_: 17312199 GetBytesAllocated: 12799334 HeapGrowthMultiplier: 3
12-22 19:31:06.743  3293  3649 I com.miui.home: CheckGCForNative gc_urgency 0.567642 current_native_bytes is 152972179 starting_gc_num:56
12-22 19:31:06.862  3293  3630 E cccccc  : createTaskSnapshot:
12-22 19:31:06.862  3293  3630 I cccccc  : getTaskSnapshotInstance:
12-22 19:31:06.876  3293  3630 E cccccc  : createTaskSnapshot:
12-22 19:31:06.876  3293  3630 I cccccc  : getTaskSnapshotInstance:
12-22 19:31:06.880  3293  3630 I com.miui.home: CheckGCForNative adj_start_bytes: 33010075 NativeAllocationGcWatermark: 10552632 java_gc_start_bytes: 17181127 kNewNativeDiscountFactor: 2 kOldNativeDiscountFactor: 65536 old_native_bytes: 141099335 new_native_bytes: 22805056 add_bytes_allowed: 31657896 is_gc_concurrent: 1 target_footprint_: 17312199 GetBytesAllocated: 13266692 HeapGrowthMultiplier: 3
12-22 19:31:06.880  3293  3630 I com.miui.home: CheckGCForNative gc_urgency 0.747389 current_native_bytes is 163904391 starting_gc_num:56
12-22 19:31:07.010  3293  3649 I com.miui.home: CheckGCForNative adj_start_bytes: 33010075 NativeAllocationGcWatermark: 10552632 java_gc_start_bytes: 17181127 kNewNativeDiscountFactor: 2 kOldNativeDiscountFactor: 65536 old_native_bytes: 141099335 new_native_bytes: 12098944 add_bytes_allowed: 31657896 is_gc_concurrent: 1 target_footprint_: 17312199 GetBytesAllocated: 13357627 HeapGrowthMultiplier: 3
12-22 19:31:07.010  3293  3649 I com.miui.home: CheckGCForNative gc_urgency 0.58798 current_native_bytes is 153198279 starting_gc_num:56
12-22 19:31:07.010  3293  3649 I com.miui.home: CheckGCForNative adj_start_bytes: 33010075 NativeAllocationGcWatermark: 10552632 java_gc_start_bytes: 17181127 kNewNativeDiscountFactor: 2 kOldNativeDiscountFactor: 65536 old_native_bytes: 141099335 new_native_bytes: 12101184 add_bytes_allowed: 31657896 is_gc_concurrent: 1 target_footprint_: 17312199 GetBytesAllocated: 13357627 HeapGrowthMultiplier: 3
12-22 19:31:07.010  3293  3649 I com.miui.home: CheckGCForNative gc_urgency 0.588014 current_native_bytes is 153200519 starting_gc_num:56
12-22 19:31:07.391  3293  3630 E cccccc  : createTaskSnapshot:
12-22 19:31:07.392  3293  3630 I cccccc  : getTaskSnapshotInstance:
12-22 19:31:07.572 15754 15754 I wm_on_create_called: [0,140376864,com.ucpro.MainActivity,performCreate,37]
12-22 19:31:07.659 12524 12524 I wm_on_idle_called: com.taobao.tao.welcome.Welcome
12-22 19:31:07.750  3293  3293 I wm_on_stop_called: [0,2068964,com.miui.home.launcher.Launcher,STOP_ACTIVITY_ITEM,69]
12-22 19:31:07.887  3293  4050 D cccccc  : onTaskStackChangedBackground
12-22 19:31:07.896  3293  4050 D cccccc  : onTaskStackChangedBackground
12-22 19:31:08.054  3293  3630 I com.miui.home: CheckGCForNative gc_urgency 0 current_native_bytes is 130438323 starting_gc_num:57
12-22 19:31:08.069  3293  3630 E cccccc  : createTaskSnapshot:
12-22 19:31:08.069  3293  3630 I cccccc  : getTaskSnapshotInstance:
12-22 19:31:08.181  3293  3630 E cccccc  : createTaskSnapshot:
12-22 19:31:08.181  3293  3630 I cccccc  : getTaskSnapshotInstance:
12-22 19:31:08.351 15410 15410 I wm_on_application_create_called: [0,com.tencent.mtt,885]
12-22 19:31:08.630 15754 15754 I wm_on_create_called: [0,2160729,com.ucpro.BrowserActivity,performCreate,783]
12-22 19:31:08.633 15754 15754 I wm_on_start_called: [0,2160729,com.ucpro.BrowserActivity,handleStartActivity,4]
12-22 19:31:08.642 15754 15754 I wm_on_resume_called: [0,2160729,com.ucpro.BrowserActivity,RESUME_ACTIVITY,6]
12-22 19:31:08.680 15754 15754 I wm_on_top_resumed_gained_called: [2160729,com.ucpro.BrowserActivity,topStateChangedWhenResumed]
12-22 19:31:08.989  3293  3293 I wm_on_restart_called: [0,2068964,com.miui.home.launcher.Launcher,,0]
12-22 19:31:08.991  3293  3293 I wm_on_start_called: [0,2068964,com.miui.home.launcher.Launcher,handleStartActivity,2]
12-22 19:31:09.007  3293  3293 I wm_on_resume_called: [0,2068964,com.miui.home.launcher.Launcher,RESUME_ACTIVITY,15]
12-22 19:31:09.129  3293  3293 I wm_on_idle_called: com.miui.home.launcher.Launcher
12-22 19:31:09.428  3293  3382 I com.miui.home: CheckGCForNative adj_start_bytes: 32987473 NativeAllocationGcWatermark: 10550253 java_gc_start_bytes: 17162094 kNewNativeDiscountFactor: 2 kOldNativeDiscountFactor: 65536 old_native_bytes: 130438323 new_native_bytes: 11296460 add_bytes_allowed: 31650759 is_gc_concurrent: 1 target_footprint_: 17293166 GetBytesAllocated: 10967752 HeapGrowthMultiplier: 3
12-22 19:31:09.428  3293  3382 I com.miui.home: CheckGCForNative gc_urgency 0.503766 current_native_bytes is 141734783 starting_gc_num:57
12-22 19:31:09.428  3293  3382 I cccccc  : createTaskSnapshotCompat:
12-22 19:31:09.428  3293  3382 I com.miui.home: CheckGCForNative adj_start_bytes: 32987473 NativeAllocationGcWatermark: 10550253 java_gc_start_bytes: 17162094 kNewNativeDiscountFactor: 2 kOldNativeDiscountFactor: 65536 old_native_bytes: 130438323 new_native_bytes: 22003436 add_bytes_allowed: 31650759 is_gc_concurrent: 1 target_footprint_: 17293166 GetBytesAllocated: 10974155 HeapGrowthMultiplier: 3
12-22 19:31:09.428  3293  3382 I com.miui.home: CheckGCForNative gc_urgency 0.666249 current_native_bytes is 152441759 starting_gc_num:57
12-22 19:31:09.490  3293  3293 I wm_on_top_resumed_gained_called: [2068964,com.miui.home.launcher.Launcher,topStateChangedWhenResumed]
12-22 19:31:09.493  3293  3757 I cccccc  : getTaskSnapshot:
12-22 19:31:09.501  3293  3757 I com.miui.home: CheckGCForNative adj_start_bytes: 32987473 NativeAllocationGcWatermark: 10550253 java_gc_start_bytes: 17162094 kNewNativeDiscountFactor: 2 kOldNativeDiscountFactor: 65536 old_native_bytes: 130438323 new_native_bytes: 21984972 add_bytes_allowed: 31650759 is_gc_concurrent: 1 target_footprint_: 17293166 GetBytesAllocated: 11028888 HeapGrowthMultiplier: 3
12-22 19:31:09.501  3293  3757 I com.miui.home: CheckGCForNative gc_urgency 0.667628 current_native_bytes is 152423295 starting_gc_num:57
12-22 19:31:09.501  3293  3293 I cccccc  : createTaskSnapshotCompat:
12-22 19:31:09.577  3293  3649 I com.miui.home: CheckGCForNative adj_start_bytes: 32987473 NativeAllocationGcWatermark: 10550253 java_gc_start_bytes: 17162094 kNewNativeDiscountFactor: 2 kOldNativeDiscountFactor: 65536 old_native_bytes: 130438323 new_native_bytes: 11314496 add_bytes_allowed: 31650759 is_gc_concurrent: 1 target_footprint_: 17293166 GetBytesAllocated: 11096459 HeapGrowthMultiplier: 3
12-22 19:31:09.577  3293  3649 I com.miui.home: CheckGCForNative gc_urgency 0.507941 current_native_bytes is 141752819 starting_gc_num:57
12-22 19:31:09.588  3293  3649 I com.miui.home: CheckGCForNative adj_start_bytes: 32987473 NativeAllocationGcWatermark: 10550253 java_gc_start_bytes: 17162094 kNewNativeDiscountFactor: 2 kOldNativeDiscountFactor: 65536 old_native_bytes: 130438323 new_native_bytes: 11317120 add_bytes_allowed: 31650759 is_gc_concurrent: 1 target_footprint_: 17293166 GetBytesAllocated: 11103631 HeapGrowthMultiplier: 3
12-22 19:31:09.588  3293  3649 I com.miui.home: CheckGCForNative gc_urgency 0.508198 current_native_bytes is 141755443 starting_gc_num:57
12-22 19:31:09.965  3293  3647 I com.miui.home: CheckGCForNative adj_start_bytes: 32987473 NativeAllocationGcWatermark: 10550253 java_gc_start_bytes: 17162094 kNewNativeDiscountFactor: 2 kOldNativeDiscountFactor: 65536 old_native_bytes: 130438323 new_native_bytes: 22047232 add_bytes_allowed: 31650759 is_gc_concurrent: 1 target_footprint_: 17293166 GetBytesAllocated: 11864936 HeapGrowthMultiplier: 3
12-22 19:31:09.966  3293  3647 I com.miui.home: CheckGCForNative gc_urgency 0.693916 current_native_bytes is 152485555 starting_gc_num:57
12-22 19:31:09.966  3293  3647 I cccccc  : createTaskSnapshotCompat:
12-22 19:31:09.968  3293  3647 I com.miui.home: CheckGCForNative adj_start_bytes: 32987473 NativeAllocationGcWatermark: 10550253 java_gc_start_bytes: 17162094 kNewNativeDiscountFactor: 2 kOldNativeDiscountFactor: 65536 old_native_bytes: 130438323 new_native_bytes: 32754368 add_bytes_allowed: 31650759 is_gc_concurrent: 1 target_footprint_: 17293166 GetBytesAllocated: 11865128 HeapGrowthMultiplier: 3
12-22 19:31:09.968  3293  3647 I com.miui.home: CheckGCForNative gc_urgency 0.856213 current_native_bytes is 163192691 starting_gc_num:57
12-22 19:31:10.009  3293  3382 I cccccc  : getTaskSnapshot:
12-22 19:31:10.010  3293  3382 I com.miui.home: CheckGCForNative adj_start_bytes: 32987473 NativeAllocationGcWatermark: 10550253 java_gc_start_bytes: 17162094 kNewNativeDiscountFactor: 2 kOldNativeDiscountFactor: 65536 old_native_bytes: 130438323 new_native_bytes: 32725056 add_bytes_allowed: 31650759 is_gc_concurrent: 1 target_footprint_: 17293166 GetBytesAllocated: 11867353 HeapGrowthMultiplier: 3
12-22 19:31:10.010  3293  3382 I com.miui.home: CheckGCForNative gc_urgency 0.855836 current_native_bytes is 163163379 starting_gc_num:57
12-22 19:31:10.011  3293  3293 I cccccc  : createTaskSnapshotCompat:
12-22 19:31:10.033  3293  3293 I com.miui.home: CheckGCForNative adj_start_bytes: 32987473 NativeAllocationGcWatermark: 10550253 java_gc_start_bytes: 17162094 kNewNativeDiscountFactor: 2 kOldNativeDiscountFactor: 65536 old_native_bytes: 130438323 new_native_bytes: 22019552 add_bytes_allowed: 31650759 is_gc_concurrent: 1 target_footprint_: 17293166 GetBytesAllocated: 11901723 HeapGrowthMultiplier: 3
12-22 19:31:10.033  3293  3293 I com.miui.home: CheckGCForNative gc_urgency 0.694612 current_native_bytes is 152457875 starting_gc_num:57
12-22 19:31:10.611  3293 15617 D cccccc  : onTaskStackChangedBackground
12-22 19:31:10.612  3293 15617 D cccccc  : onTaskStackChangedBackground
12-22 19:31:10.711  3293  3630 E cccccc  : createTaskSnapshot:
12-22 19:31:10.712  3293  3630 I cccccc  : getTaskSnapshotInstance:
12-22 19:31:10.713  3293  3630 I com.miui.home: CheckGCForNative adj_start_bytes: 32987473 NativeAllocationGcWatermark: 10550253 java_gc_start_bytes: 17162094 kNewNativeDiscountFactor: 2 kOldNativeDiscountFactor: 65536 old_native_bytes: 130438323 new_native_bytes: 32812932 add_bytes_allowed: 31650759 is_gc_concurrent: 1 target_footprint_: 17293166 GetBytesAllocated: 12565176 HeapGrowthMultiplier: 3
12-22 19:31:10.713  3293  3630 I com.miui.home: CheckGCForNative gc_urgency 0.878322 current_native_bytes is 163251255 starting_gc_num:57
12-22 19:31:13.017 16311 16311 I wm_on_application_create_called: [0,com.xiaomi.mi_connect_service,1085]
12-22 19:31:13.085 15754 15754 I wm_on_top_resumed_lost_called: [2160729,com.ucpro.BrowserActivity,topStateChangedWhenResumed]
12-22 19:31:13.370  8512  8512 I wm_on_destroy_called: [0,129598257,fm.qingting.qtradio.WelcomeActivity,performDestroy,37]
12-22 19:31:15.366 15754 15754 I wm_on_paused_called: [0,2160729,com.ucpro.BrowserActivity,performPause,46]
12-22 19:31:15.385 15754 15754 I wm_on_destroy_called: [0,140376864,com.ucpro.MainActivity,performDestroy,6]
12-22 19:31:15.452 15754 15754 I wm_on_stop_called: [0,2160729,com.ucpro.BrowserActivity,STOP_ACTIVITY_ITEM,56]
12-22 19:31:15.798 16808 16808 I wm_on_application_create_called: [0,com.quark.browser,793]