12-19 21:16:38.051  3302  3302 I wm_on_top_resumed_gained_called: [150483655,com.miui.home.launcher.Launcher,topStateChangedWhenResumed]
12-19 21:16:38.136  3302  3302 I wm_on_idle_called: com.miui.home.launcher.Launcher
12-19 21:16:38.375  3302  3740 I com.miui.home: CheckGCForNative adj_start_bytes: 42108180 NativeAllocationGcWatermark: 11510328 java_gc_start_bytes: 24842688 kNewNativeDiscountFactor: 2 kOldNativeDiscountFactor: 65536 old_native_bytes: 74279675 new_native_bytes: 177700 add_bytes_allowed: 34530984 is_gc_concurrent: 1 target_footprint_: 24973760 GetBytesAllocated: 14312239 HeapGrowthMultiplier: 3
12-19 21:16:38.375  3302  3740 I com.miui.home: CheckGCForNative gc_urgency 0.342029 current_native_bytes is 74457375
12-19 21:16:38.691 12173 12173 I wm_on_paused_called: [0,237240543,com.tencent.mm.plugin.account.ui.WelcomeActivity,performPause,12]
12-19 21:16:38.733 12173 12173 I wm_on_stop_called: [0,237240543,com.tencent.mm.plugin.account.ui.WelcomeActivity,STOP_ACTIVITY_ITEM,12]
12-19 21:16:38.747 12173 12173 I wm_on_idle_called: com.tencent.mm.ui.LauncherUI
12-19 21:16:38.747 12173 12173 I wm_on_idle_called: com.tencent.mm.plugin.account.ui.WelcomeActivity
12-19 21:16:39.090  3302  3302 I com.miui.home: CheckGCForNative adj_start_bytes: 42108180 NativeAllocationGcWatermark: 11510328 java_gc_start_bytes: 24842688 kNewNativeDiscountFactor: 2 kOldNativeDiscountFactor: 65536 old_native_bytes: 74279675 new_native_bytes: 182328 add_bytes_allowed: 34530984 is_gc_concurrent: 1 target_footprint_: 24973760 GetBytesAllocated: 14668649 HeapGrowthMultiplier: 3
12-19 21:16:39.090  3302  3302 I com.miui.home: CheckGCForNative gc_urgency 0.350548 current_native_bytes is 74462003
12-19 21:16:39.178  3302  3302 I wm_on_top_resumed_lost_called: [150483655,com.miui.home.launcher.Launcher,topStateChangedWhenResumed]
12-19 21:16:39.182  3302  3714 I com.miui.home: CheckGCForNative adj_start_bytes: 42108180 NativeAllocationGcWatermark: 11510328 java_gc_start_bytes: 24842688 kNewNativeDiscountFactor: 2 kOldNativeDiscountFactor: 65536 old_native_bytes: 74279675 new_native_bytes: 188172 add_bytes_allowed: 34530984 is_gc_concurrent: 1 target_footprint_: 24973760 GetBytesAllocated: 14746087 HeapGrowthMultiplier: 3
12-19 21:16:39.182  3302  3714 I com.miui.home: CheckGCForNative gc_urgency 0.352457 current_native_bytes is 74467847
12-19 21:16:39.183  3302  3302 I wm_on_paused_called: [0,150483655,com.miui.home.launcher.Launcher,performPause,3]
12-19 21:16:39.608  3302  3740 I com.miui.home: CheckGCForNative adj_start_bytes: 42108180 NativeAllocationGcWatermark: 11510328 java_gc_start_bytes: 24842688 kNewNativeDiscountFactor: 2 kOldNativeDiscountFactor: 65536 old_native_bytes: 74279675 new_native_bytes: 441852 add_bytes_allowed: 34530984 is_gc_concurrent: 1 target_footprint_: 24973760 GetBytesAllocated: 15180815 HeapGrowthMultiplier: 3
12-19 21:16:39.608  3302  3740 I com.miui.home: CheckGCForNative gc_urgency 0.365793 current_native_bytes is 74721527
12-19 21:16:39.971 13726 13726 I wm_on_application_create_called: [0,com.sina.weibo,236]
12-19 21:16:40.124 13726 13726 I wm_on_create_called: [0,218754228,com.sina.weibo.SplashActivity,performCreate,137]
12-19 21:16:40.139 13726 13726 I wm_on_start_called: [0,218754228,com.sina.weibo.SplashActivity,handleStartActivity,14]
12-19 21:16:40.170 13726 13726 I wm_on_resume_called: [0,218754228,com.sina.weibo.SplashActivity,RESUME_ACTIVITY,19]
12-19 21:16:40.310 13726 13726 I wm_on_top_resumed_gained_called: [218754228,com.sina.weibo.SplashActivity,topStateChangedWhenResumed]
12-19 21:16:40.602 13726 13726 I wm_on_top_resumed_lost_called: [218754228,com.sina.weibo.SplashActivity,topStateChangedWhenResumed]
12-19 21:16:40.604 13833 13833 I wm_on_application_create_called: [0,com.sina.weibo,304]
12-19 21:16:40.605 13726 13726 I wm_on_paused_called: [0,218754228,com.sina.weibo.SplashActivity,performPause,1]
12-19 21:16:40.751 13726 13726 I wm_on_create_called: [0,171085762,com.sina.weibo.VisitorMainTabActivity,performCreate,103]
12-19 21:16:40.754 13726 13726 I wm_on_start_called: [0,171085762,com.sina.weibo.VisitorMainTabActivity,handleStartActivity,1]
12-19 21:16:40.915 13726 13726 I wm_on_create_called: [0,0,com.sina.weibo.feed.visitor.VisitorHomeActivity,performCreate,109]
12-19 21:16:40.917 13726 13726 I wm_on_start_called: [0,0,com.sina.weibo.feed.visitor.VisitorHomeActivity,handleStartActivity,2]
12-19 21:16:40.949  3302  3302 I wm_on_resume_called: [0,150483655,com.miui.home.launcher.Launcher,RESUME_ACTIVITY,17]
12-19 21:16:40.962  3302  3302 I com.miui.home: CheckGCForNative adj_start_bytes: 42108180 NativeAllocationGcWatermark: 11510328 java_gc_start_bytes: 24842688 kNewNativeDiscountFactor: 2 kOldNativeDiscountFactor: 65536 old_native_bytes: 74279675 new_native_bytes: 234764 add_bytes_allowed: 34530984 is_gc_concurrent: 1 target_footprint_: 24973760 GetBytesAllocated: 16063983 HeapGrowthMultiplier: 3
12-19 21:16:40.962  3302  3302 I com.miui.home: CheckGCForNative gc_urgency 0.384308 current_native_bytes is 74514439
12-19 21:16:40.971  3302  3302 I wm_on_idle_called: com.miui.home.launcher.Launcher
12-19 21:16:41.076  3302  8318 I com.miui.home: CheckGCForNative adj_start_bytes: 42108180 NativeAllocationGcWatermark: 11510328 java_gc_start_bytes: 24842688 kNewNativeDiscountFactor: 2 kOldNativeDiscountFactor: 65536 old_native_bytes: 74279675 new_native_bytes: 370936 add_bytes_allowed: 34530984 is_gc_concurrent: 1 target_footprint_: 24973760 GetBytesAllocated: 16716426 HeapGrowthMultiplier: 3
12-19 21:16:41.076  3302  8318 I com.miui.home: CheckGCForNative gc_urgency 0.401419 current_native_bytes is 74650611
12-19 21:16:41.080 13726 13726 I wm_on_resume_called: [0,0,com.sina.weibo.feed.visitor.VisitorHomeActivity,moveToState-INITIALIZING,162]
12-19 21:16:41.124 13726 13726 I wm_on_resume_called: [0,171085762,com.sina.weibo.VisitorMainTabActivity,RESUME_ACTIVITY,370]
12-19 21:16:41.139 13726 13726 I wm_on_top_resumed_gained_called: [171085762,com.sina.weibo.VisitorMainTabActivity,topStateChangedWhenResumed]
12-19 21:16:41.360 13726 13726 I wm_on_top_resumed_lost_called: [171085762,com.sina.weibo.VisitorMainTabActivity,topStateChangedWhenResumed]
12-19 21:16:41.369  3302  3302 I wm_on_top_resumed_gained_called: [150483655,com.miui.home.launcher.Launcher,topStateChangedWhenResumed]
12-19 21:16:41.397  3302  3740 I com.miui.home: CheckGCForNative adj_start_bytes: 42108180 NativeAllocationGcWatermark: 11510328 java_gc_start_bytes: 24842688 kNewNativeDiscountFactor: 2 kOldNativeDiscountFactor: 65536 old_native_bytes: 74279675 new_native_bytes: 420520 add_bytes_allowed: 34530984 is_gc_concurrent: 1 target_footprint_: 24973760 GetBytesAllocated: 17111131 HeapGrowthMultiplier: 3
12-19 21:16:41.397  3302  3740 I com.miui.home: CheckGCForNative gc_urgency 0.411381 current_native_bytes is 74700195
12-19 21:16:42.035  3302  3302 I wm_on_top_resumed_lost_called: [150483655,com.miui.home.launcher.Launcher,topStateChangedWhenResumed]
12-19 21:16:42.161  3302  3302 I wm_on_paused_called: [0,150483655,com.miui.home.launcher.Launcher,performPause,3]
12-19 21:16:42.243  3302  8318 I com.miui.home: CheckGCForNative adj_start_bytes: 42108180 NativeAllocationGcWatermark: 11510328 java_gc_start_bytes: 24842688 kNewNativeDiscountFactor: 2 kOldNativeDiscountFactor: 65536 old_native_bytes: 74279675 new_native_bytes: 419744 add_bytes_allowed: 34530984 is_gc_concurrent: 1 target_footprint_: 24973760 GetBytesAllocated: 17641623 HeapGrowthMultiplier: 3
12-19 21:16:42.243  3302  8318 I com.miui.home: CheckGCForNative gc_urgency 0.423971 current_native_bytes is 74699419
12-19 21:16:42.289  3302  3730 I com.miui.home: CheckGCForNative adj_start_bytes: 42108180 NativeAllocationGcWatermark: 11510328 java_gc_start_bytes: 24842688 kNewNativeDiscountFactor: 2 kOldNativeDiscountFactor: 65536 old_native_bytes: 74279675 new_native_bytes: 498560 add_bytes_allowed: 34530984 is_gc_concurrent: 1 target_footprint_: 24973760 GetBytesAllocated: 17761752 HeapGrowthMultiplier: 3
12-19 21:16:42.289  3302  3730 I com.miui.home: CheckGCForNative gc_urgency 0.427759 current_native_bytes is 74778235
12-19 21:16:42.641  3302  3740 I com.miui.home: CheckGCForNative adj_start_bytes: 42108180 NativeAllocationGcWatermark: 11510328 java_gc_start_bytes: 24842688 kNewNativeDiscountFactor: 2 kOldNativeDiscountFactor: 65536 old_native_bytes: 74279675 new_native_bytes: 516960 add_bytes_allowed: 34530984 is_gc_concurrent: 1 target_footprint_: 24973760 GetBytesAllocated: 17871294 HeapGrowthMultiplier: 3
12-19 21:16:42.641  3302  3740 I com.miui.home: CheckGCForNative gc_urgency 0.430579 current_native_bytes is 74796635
12-19 21:16:42.868 14088 14088 I wm_on_application_create_called: [0,com.UCMobile,212]
12-19 21:16:43.695 14088 14088 I wm_on_create_called: [0,34816577,com.UCMobile.main.UCMobile,performCreate,807]
12-19 21:16:43.975  3302  3302 I wm_on_resume_called: [0,150483655,com.miui.home.launcher.Launcher,RESUME_ACTIVITY,37]
12-19 21:16:43.989  3302  3302 I com.miui.home: CheckGCForNative adj_start_bytes: 42108180 NativeAllocationGcWatermark: 11510328 java_gc_start_bytes: 24842688 kNewNativeDiscountFactor: 2 kOldNativeDiscountFactor: 65536 old_native_bytes: 74279675 new_native_bytes: 467872 add_bytes_allowed: 34530984 is_gc_concurrent: 1 target_footprint_: 24973760 GetBytesAllocated: 18828325 HeapGrowthMultiplier: 3
12-19 21:16:43.989  3302  3302 I com.miui.home: CheckGCForNative gc_urgency 0.452724 current_native_bytes is 74747547
12-19 21:16:43.993  3302  3302 I wm_on_idle_called: com.miui.home.launcher.Launcher
12-19 21:16:44.125 14088 14088 I wm_on_create_called: [0,42430154,com.uc.browser.InnerUCMobile,performCreate,174]
12-19 21:16:44.138 14088 14088 I wm_on_start_called: [0,42430154,com.uc.browser.InnerUCMobile,handleStartActivity,12]
12-19 21:16:44.165 14088 14088 I wm_on_resume_called: [0,42430154,com.uc.browser.InnerUCMobile,RESUME_ACTIVITY,21]
12-19 21:16:44.253  3302  3740 I com.miui.home: CheckGCForNative adj_start_bytes: 42108180 NativeAllocationGcWatermark: 11510328 java_gc_start_bytes: 24842688 kNewNativeDiscountFactor: 2 kOldNativeDiscountFactor: 65536 old_native_bytes: 74279675 new_native_bytes: 594268 add_bytes_allowed: 34530984 is_gc_concurrent: 1 target_footprint_: 24973760 GetBytesAllocated: 19621591 HeapGrowthMultiplier: 3
12-19 21:16:44.253  3302  3740 I com.miui.home: CheckGCForNative gc_urgency 0.473064 current_native_bytes is 74873943
12-19 21:16:44.372 14088 14088 I wm_on_top_resumed_gained_called: [42430154,com.uc.browser.InnerUCMobile,topStateChangedWhenResumed]
12-19 21:16:44.373  3302  3302 I wm_on_top_resumed_gained_called: [150483655,com.miui.home.launcher.Launcher,topStateChangedWhenResumed]
12-19 21:16:44.387 14088 14088 I wm_on_top_resumed_lost_called: [42430154,com.uc.browser.InnerUCMobile,topStateChangedWhenResumed]
12-19 21:16:44.457 13726 13726 I wm_on_paused_called: [0,0,com.sina.weibo.feed.visitor.VisitorHomeActivity,performPause,2139]
12-19 21:16:44.464 13726 13726 I wm_on_paused_called: [0,171085762,com.sina.weibo.VisitorMainTabActivity,performPause,2163]
12-19 21:16:44.490 13726 13726 I wm_on_stop_called: [0,218754228,com.sina.weibo.SplashActivity,LIFECYCLER_STOP_ACTIVITY,5]
12-19 21:16:44.491 13726 13726 I wm_on_destroy_called: [0,218754228,com.sina.weibo.SplashActivity,performDestroy,0]
12-19 21:16:44.597  3302  3740 I com.miui.home: CheckGCForNative adj_start_bytes: 42108180 NativeAllocationGcWatermark: 11510328 java_gc_start_bytes: 24842688 kNewNativeDiscountFactor: 2 kOldNativeDiscountFactor: 65536 old_native_bytes: 74279675 new_native_bytes: 591228 add_bytes_allowed: 34530984 is_gc_concurrent: 1 target_footprint_: 24973760 GetBytesAllocated: 19804313 HeapGrowthMultiplier: 3
12-19 21:16:44.597  3302  3740 I com.miui.home: CheckGCForNative gc_urgency 0.477367 current_native_bytes is 74870903
12-19 21:16:44.942  3302  3302 I wm_on_top_resumed_lost_called: [150483655,com.miui.home.launcher.Launcher,topStateChangedWhenResumed]
12-19 21:16:45.155  3302  3302 I wm_on_paused_called: [0,150483655,com.miui.home.launcher.Launcher,performPause,3]
12-19 21:16:45.530  3302  3740 I com.miui.home: CheckGCForNative adj_start_bytes: 42108180 NativeAllocationGcWatermark: 11510328 java_gc_start_bytes: 24842688 kNewNativeDiscountFactor: 2 kOldNativeDiscountFactor: 65536 old_native_bytes: 74279675 new_native_bytes: 945020 add_bytes_allowed: 34530984 is_gc_concurrent: 1 target_footprint_: 24973760 GetBytesAllocated: 20424824 HeapGrowthMultiplier: 3
12-19 21:16:45.530  3302  3740 I com.miui.home: CheckGCForNative gc_urgency 0.496304 current_native_bytes is 75224695
12-19 21:16:45.652  3302  3740 I com.miui.home: CheckGCForNative adj_start_bytes: 42108180 NativeAllocationGcWatermark: 11510328 java_gc_start_bytes: 24842688 kNewNativeDiscountFactor: 2 kOldNativeDiscountFactor: 65536 old_native_bytes: 74279675 new_native_bytes: 966364 add_bytes_allowed: 34530984 is_gc_concurrent: 1 target_footprint_: 24973760 GetBytesAllocated: 20467330 HeapGrowthMultiplier: 3
12-19 21:16:45.652  3302  3740 I com.miui.home: CheckGCForNative gc_urgency 0.497567 current_native_bytes is 75246039
12-19 21:16:46.228 14513 14513 I wm_on_create_called: [0,93573333,com.tencent.mtt.SplashActivity,performCreate,150]
12-19 21:16:46.316 14513 14513 I wm_on_create_called: [0,32565967,com.tencent.mtt.MainActivity,performCreate,21]
12-19 21:16:46.320 14513 14513 I wm_on_start_called: [0,32565967,com.tencent.mtt.MainActivity,handleStartActivity,4]
12-19 21:16:46.602 14513 14513 I wm_on_resume_called: [0,32565967,com.tencent.mtt.MainActivity,RESUME_ACTIVITY,280]
12-19 21:16:46.611 14513 14513 I wm_on_top_resumed_gained_called: [32565967,com.tencent.mtt.MainActivity,topStateChangedWhenResumed]
12-19 21:16:46.808  3302  3302 I wm_on_resume_called: [0,150483655,com.miui.home.launcher.Launcher,RESUME_ACTIVITY,18]
12-19 21:16:46.832  3302  3302 I wm_on_idle_called: com.miui.home.launcher.Launcher
12-19 21:16:46.853  3302  3714 I com.miui.home: CheckGCForNative adj_start_bytes: 42108180 NativeAllocationGcWatermark: 11510328 java_gc_start_bytes: 24842688 kNewNativeDiscountFactor: 2 kOldNativeDiscountFactor: 65536 old_native_bytes: 74279675 new_native_bytes: 832752 add_bytes_allowed: 34530984 is_gc_concurrent: 1 target_footprint_: 24973760 GetBytesAllocated: 21429754 HeapGrowthMultiplier: 3
12-19 21:16:46.853  3302  3714 I com.miui.home: CheckGCForNative gc_urgency 0.518837 current_native_bytes is 75112427
12-19 21:16:46.975  3302  3740 I com.miui.home: CheckGCForNative adj_start_bytes: 42108180 NativeAllocationGcWatermark: 11510328 java_gc_start_bytes: 24842688 kNewNativeDiscountFactor: 2 kOldNativeDiscountFactor: 65536 old_native_bytes: 74279675 new_native_bytes: 953944 add_bytes_allowed: 34530984 is_gc_concurrent: 1 target_footprint_: 24973760 GetBytesAllocated: 21547704 HeapGrowthMultiplier: 3
12-19 21:16:46.975  3302  3740 I com.miui.home: CheckGCForNative gc_urgency 0.523077 current_native_bytes is 75233619
12-19 21:16:47.193  3302  3638 I com.miui.home: CheckGCForNative adj_start_bytes: 42108180 NativeAllocationGcWatermark: 11510328 java_gc_start_bytes: 24842688 kNewNativeDiscountFactor: 2 kOldNativeDiscountFactor: 65536 old_native_bytes: 74279675 new_native_bytes: 980952 add_bytes_allowed: 34530984 is_gc_concurrent: 1 target_footprint_: 24973760 GetBytesAllocated: 22371017 HeapGrowthMultiplier: 3
12-19 21:16:47.193  3302  3638 I com.miui.home: CheckGCForNative gc_urgency 0.54295 current_native_bytes is 75260627
12-19 21:16:47.206  3302  3302 I wm_on_top_resumed_gained_called: [150483655,com.miui.home.launcher.Launcher,topStateChangedWhenResumed]
12-19 21:16:47.397 14513 14513 I wm_on_top_resumed_lost_called: [32565967,com.tencent.mtt.MainActivity,topStateChangedWhenResumed]
12-19 21:16:47.806  3302  3673 I com.miui.home: CheckGCForNative adj_start_bytes: 42108180 NativeAllocationGcWatermark: 11510328 java_gc_start_bytes: 24842688 kNewNativeDiscountFactor: 2 kOldNativeDiscountFactor: 65536 old_native_bytes: 74279675 new_native_bytes: 1395560 add_bytes_allowed: 34530984 is_gc_concurrent: 1 target_footprint_: 24973760 GetBytesAllocated: 22785689 HeapGrowthMultiplier: 3
12-19 21:16:47.806  3302  3673 I com.miui.home: CheckGCForNative gc_urgency 0.557721 current_native_bytes is 75675235
12-19 21:16:47.876  3302  3302 I wm_on_top_resumed_lost_called: [150483655,com.miui.home.launcher.Launcher,topStateChangedWhenResumed]
12-19 21:16:47.917  3302 14869 I com.miui.home: CheckGCForNative adj_start_bytes: 42108180 NativeAllocationGcWatermark: 11510328 java_gc_start_bytes: 24842688 kNewNativeDiscountFactor: 2 kOldNativeDiscountFactor: 65536 old_native_bytes: 74279675 new_native_bytes: 1436264 add_bytes_allowed: 34530984 is_gc_concurrent: 1 target_footprint_: 24973760 GetBytesAllocated: 22904946 HeapGrowthMultiplier: 3
12-19 21:16:47.917  3302 14869 I com.miui.home: CheckGCForNative gc_urgency 0.561036 current_native_bytes is 75715939
12-19 21:16:47.943  3302  3302 I wm_on_paused_called: [0,150483655,com.miui.home.launcher.Launcher,performPause,3]
12-19 21:16:48.265 14513 14513 I wm_on_paused_called: [0,32565967,com.tencent.mtt.MainActivity,performPause,1]
12-19 21:16:48.268 14513 14513 I wm_on_destroy_called: [0,93573333,com.tencent.mtt.SplashActivity,performDestroy,1]
12-19 21:16:48.286  3302  3740 I com.miui.home: CheckGCForNative adj_start_bytes: 42108180 NativeAllocationGcWatermark: 11510328 java_gc_start_bytes: 24842688 kNewNativeDiscountFactor: 2 kOldNativeDiscountFactor: 65536 old_native_bytes: 74279675 new_native_bytes: 1392384 add_bytes_allowed: 34530984 is_gc_concurrent: 1 target_footprint_: 24973760 GetBytesAllocated: 23269872 HeapGrowthMultiplier: 3
12-19 21:16:48.286  3302  3740 I com.miui.home: CheckGCForNative gc_urgency 0.569182 current_native_bytes is 75672059
12-19 21:16:48.642  3302  3740 I com.miui.home: CheckGCForNative adj_start_bytes: 42108180 NativeAllocationGcWatermark: 11510328 java_gc_start_bytes: 24842688 kNewNativeDiscountFactor: 2 kOldNativeDiscountFactor: 65536 old_native_bytes: 74279675 new_native_bytes: 1360832 add_bytes_allowed: 34530984 is_gc_concurrent: 1 target_footprint_: 24973760 GetBytesAllocated: 23388892 HeapGrowthMultiplier: 3
12-19 21:16:48.642  3302  3740 I com.miui.home: CheckGCForNative gc_urgency 0.571633 current_native_bytes is 75640507
12-19 21:16:48.770 14513 14513 I wm_on_stop_called: [0,32565967,com.tencent.mtt.MainActivity,STOP_ACTIVITY_ITEM,294]
12-19 21:16:48.918 14513 14513 I wm_on_idle_called: com.tencent.mtt.MainActivity
12-19 21:16:48.955  3302  3302 I wm_on_stop_called: [0,150483655,com.miui.home.launcher.Launcher,STOP_ACTIVITY_ITEM,23]
12-19 21:16:49.203 14909 14909 I wm_on_application_create_called: [0,com.youku.phone,493]
12-19 21:16:49.390 14909 14909 I wm_on_create_called: [0,17617776,com.youku.phone.ActivityWelcome,performCreate,134]
12-19 21:16:49.667 14909 14909 I wm_on_create_called: [0,37433511,com.youku.v2.HomePageEntry,performCreate,133]
12-19 21:16:49.763 14909 14909 I wm_on_start_called: [0,37433511,com.youku.v2.HomePageEntry,handleStartActivity,92]
12-19 21:16:49.801 14909 14909 I wm_on_resume_called: [0,37433511,com.youku.v2.HomePageEntry,RESUME_ACTIVITY,36]
12-19 21:16:49.813 14909 14909 I wm_on_top_resumed_gained_called: [37433511,com.youku.v2.HomePageEntry,topStateChangedWhenResumed]
12-19 21:16:49.876  3302  3740 I com.miui.home: CheckGCForNative gc_urgency 0 current_native_bytes is 74459143
12-19 21:16:50.039  3302  3302 I wm_on_restart_called: [0,150483655,com.miui.home.launcher.Launcher,,0]
12-19 21:16:50.041  3302  3302 I wm_on_start_called: [0,150483655,com.miui.home.launcher.Launcher,handleStartActivity,2]
12-19 21:16:50.060  3302  3302 I wm_on_resume_called: [0,150483655,com.miui.home.launcher.Launcher,RESUME_ACTIVITY,17]
12-19 21:16:50.167  3302  3302 I wm_on_idle_called: com.miui.home.launcher.Launcher
12-19 21:16:50.475  3302  3740 I com.miui.home: CheckGCForNative adj_start_bytes: 42226640 NativeAllocationGcWatermark: 11522797 java_gc_start_bytes: 24942445 kNewNativeDiscountFactor: 2 kOldNativeDiscountFactor: 65536 old_native_bytes: 74459143 new_native_bytes: 393804 add_bytes_allowed: 34568391 is_gc_concurrent: 1 target_footprint_: 25073517 GetBytesAllocated: 14331591 HeapGrowthMultiplier: 3
12-19 21:16:50.475  3302  3740 I com.miui.home: CheckGCForNative gc_urgency 0.344087 current_native_bytes is 74852947
12-19 21:16:50.543  3302  3302 I wm_on_top_resumed_gained_called: [150483655,com.miui.home.launcher.Launcher,topStateChangedWhenResumed]
12-19 21:16:50.945  3302 14869 I com.miui.home: CheckGCForNative adj_start_bytes: 42226640 NativeAllocationGcWatermark: 11522797 java_gc_start_bytes: 24942445 kNewNativeDiscountFactor: 2 kOldNativeDiscountFactor: 65536 old_native_bytes: 74459143 new_native_bytes: 570412 add_bytes_allowed: 34568391 is_gc_concurrent: 1 target_footprint_: 25073517 GetBytesAllocated: 14630293 HeapGrowthMultiplier: 3
12-19 21:16:50.945  3302 14869 I com.miui.home: CheckGCForNative gc_urgency 0.353252 current_native_bytes is 75029555
12-19 21:16:50.998  3302  3302 I com.miui.home: CheckGCForNative adj_start_bytes: 42226640 NativeAllocationGcWatermark: 11522797 java_gc_start_bytes: 24942445 kNewNativeDiscountFactor: 2 kOldNativeDiscountFactor: 65536 old_native_bytes: 74459143 new_native_bytes: 598508 add_bytes_allowed: 34568391 is_gc_concurrent: 1 target_footprint_: 25073517 GetBytesAllocated: 14697546 HeapGrowthMultiplier: 3
12-19 21:16:50.998  3302  3302 I com.miui.home: CheckGCForNative gc_urgency 0.355177 current_native_bytes is 75057651
12-19 21:16:51.124  3302  3302 I wm_on_top_resumed_lost_called: [150483655,com.miui.home.launcher.Launcher,topStateChangedWhenResumed]
12-19 21:16:51.431  3302  3302 I wm_on_paused_called: [0,150483655,com.miui.home.launcher.Launcher,performPause,3]
12-19 21:16:51.842  3302  3740 I com.miui.home: CheckGCForNative adj_start_bytes: 42226640 NativeAllocationGcWatermark: 11522797 java_gc_start_bytes: 24942445 kNewNativeDiscountFactor: 2 kOldNativeDiscountFactor: 65536 old_native_bytes: 74459143 new_native_bytes: 948676 add_bytes_allowed: 34568391 is_gc_concurrent: 1 target_footprint_: 25073517 GetBytesAllocated: 15312258 HeapGrowthMultiplier: 3
12-19 21:16:51.842  3302  3740 I com.miui.home: CheckGCForNative gc_urgency 0.373881 current_native_bytes is 75407819
12-19 21:16:52.086  3302  3740 I com.miui.home: CheckGCForNative adj_start_bytes: 42226640 NativeAllocationGcWatermark: 11522797 java_gc_start_bytes: 24942445 kNewNativeDiscountFactor: 2 kOldNativeDiscountFactor: 65536 old_native_bytes: 74459143 new_native_bytes: 913092 add_bytes_allowed: 34568391 is_gc_concurrent: 1 target_footprint_: 25073517 GetBytesAllocated: 15406308 HeapGrowthMultiplier: 3
12-19 21:16:52.086  3302  3740 I com.miui.home: CheckGCForNative gc_urgency 0.375687 current_native_bytes is 75372235
12-19 21:16:52.197  3302  3740 I com.miui.home: CheckGCForNative adj_start_bytes: 42226640 NativeAllocationGcWatermark: 11522797 java_gc_start_bytes: 24942445 kNewNativeDiscountFactor: 2 kOldNativeDiscountFactor: 65536 old_native_bytes: 74459143 new_native_bytes: 922220 add_bytes_allowed: 34568391 is_gc_concurrent: 1 target_footprint_: 25073517 GetBytesAllocated: 15440025 HeapGrowthMultiplier: 3
12-19 21:16:52.197  3302  3740 I com.miui.home: CheckGCForNative gc_urgency 0.376593 current_native_bytes is 75381363
12-19 21:16:52.320 15563 15563 I wm_on_application_create_called: [0,com.quark.browser,286]
12-19 21:16:52.393 15563 15563 I wm_on_create_called: [0,248754128,com.ucpro.MainActivity,performCreate,43]
12-19 21:16:52.469 14909 14909 I wm_on_top_resumed_lost_called: [37433511,com.youku.v2.HomePageEntry,topStateChangedWhenResumed]
12-19 21:16:52.969 15563 15563 I wm_on_create_called: [0,193278999,com.ucpro.BrowserActivity,performCreate,511]
12-19 21:16:52.973 15563 15563 I wm_on_start_called: [0,193278999,com.ucpro.BrowserActivity,handleStartActivity,3]
12-19 21:16:52.981 15563 15563 I wm_on_resume_called: [0,193278999,com.ucpro.BrowserActivity,RESUME_ACTIVITY,7]
12-19 21:16:53.029 15563 15563 I wm_on_top_resumed_gained_called: [193278999,com.ucpro.BrowserActivity,topStateChangedWhenResumed]
12-19 21:16:53.578  3302  3302 I wm_on_resume_called: [0,150483655,com.miui.home.launcher.Launcher,RESUME_ACTIVITY,17]
12-19 21:16:53.598  3302  3302 I wm_on_idle_called: com.miui.home.launcher.Launcher
12-19 21:16:53.814 14909 14909 I wm_on_paused_called: [0,37433511,com.youku.v2.HomePageEntry,performPause,355]
12-19 21:16:53.847 14909 14909 I wm_on_destroy_called: [0,17617776,com.youku.phone.ActivityWelcome,performDestroy,4]
12-19 21:16:53.953  3302  3740 I com.miui.home: CheckGCForNative adj_start_bytes: 42226640 NativeAllocationGcWatermark: 11522797 java_gc_start_bytes: 24942445 kNewNativeDiscountFactor: 2 kOldNativeDiscountFactor: 65536 old_native_bytes: 74459143 new_native_bytes: 821008 add_bytes_allowed: 34568391 is_gc_concurrent: 1 target_footprint_: 25073517 GetBytesAllocated: 16732060 HeapGrowthMultiplier: 3
12-19 21:16:53.953  3302  3740 I com.miui.home: CheckGCForNative gc_urgency 0.405993 current_native_bytes is 75280151
12-19 21:16:53.980  3302  3302 I wm_on_top_resumed_gained_called: [150483655,com.miui.home.launcher.Launcher,topStateChangedWhenResumed]
12-19 21:16:54.108  3302  3740 I com.miui.home: CheckGCForNative adj_start_bytes: 42226640 NativeAllocationGcWatermark: 11522797 java_gc_start_bytes: 24942445 kNewNativeDiscountFactor: 2 kOldNativeDiscountFactor: 65536 old_native_bytes: 74459143 new_native_bytes: 837200 add_bytes_allowed: 34568391 is_gc_concurrent: 1 target_footprint_: 25073517 GetBytesAllocated: 17256305 HeapGrowthMultiplier: 3
12-19 21:16:54.108  3302  3740 I com.miui.home: CheckGCForNative gc_urgency 0.418599 current_native_bytes is 75296343
12-19 21:16:54.306 14909 14909 I wm_on_stop_called: [0,37433511,com.youku.v2.HomePageEntry,STOP_ACTIVITY_ITEM,282]
12-19 21:16:54.375 15563 15563 I wm_on_top_resumed_lost_called: [193278999,com.ucpro.BrowserActivity,topStateChangedWhenResumed]
12-19 21:16:54.849 14909 14909 I wm_on_idle_called: com.youku.v2.HomePageEntry