12-19 21:07:18.378  3324  7970 I com.miui.home: CheckGCForNative adj_start_bytes: 42789329 NativeAllocationGcWatermark: 11623419 java_gc_start_bytes: 25354201 kNewNativeDiscountFactor: 2 kOldNativeDiscountFactor: 65536 old_native_bytes: 135908759 new_native_bytes: 34507284 add_bytes_allowed: 34870257 is_gc_concurrent: 1 target_footprint_: 25878489 GetBytesAllocated: 21242443 HeapGrowthMultiplier: 3
12-19 21:07:18.378  3324  7970 I com.miui.home: CheckGCForNative gc_urgency 0.899714 current_native_bytes is 170416043
12-19 21:07:18.379  3324  7970 I com.miui.home: CheckGCForNative adj_start_bytes: 42789329 NativeAllocationGcWatermark: 11623419 java_gc_start_bytes: 25354201 kNewNativeDiscountFactor: 2 kOldNativeDiscountFactor: 65536 old_native_bytes: 135908759 new_native_bytes: 45214420 add_bytes_allowed: 34870257 is_gc_concurrent: 1 target_footprint_: 25878489 GetBytesAllocated: 21254611 HeapGrowthMultiplier: 3
12-19 21:07:18.379  3324  7970 I com.miui.home: CheckGCForNative gc_urgency 1.02511 current_native_bytes is 181123179
12-19 21:07:18.379  3324  7970 I com.miui.home: CheckGCForNative requested 1
12-19 21:07:18.379  3324  7970 I cccccc  : getTaskThumbnailInfo: 2460 1.0  10705920
12-19 21:07:18.673 10700 10700 I wm_on_application_create_called: [0,com.xunmeng.pinduoduo,253]
12-19 21:07:18.696  3324  3340 I com.miui.home: NativeAlloc concurrent copying GC freed 181098(7802KB) AllocSpace objects, 18(576KB) LOS objects, 49% free, 12MB/24MB, paused 393us,106us total 316.816ms
12-19 21:07:18.811 10836 10836 I wm_on_application_create_called: [0,com.android.providers.downloads.ui,1030]
12-19 21:07:18.841  3324  7970 I com.miui.home: CheckGCForNative gc_urgency 0 current_native_bytes is 123293063
12-19 21:07:19.014  3324  7970 I cccccc  : getTaskSnapshotInstance:
12-19 21:07:19.138 10946 10946 I wm_on_application_create_called: [0,com.tencent.qqlive,223]
12-19 21:07:19.259 10946 10946 I wm_on_create_called: [0,244720100,com.tencent.qqlive.ona.activity.SplashHomeActivity,performCreate,21]
12-19 21:07:19.357 10946 10946 I wm_on_start_called: [0,244720100,com.tencent.qqlive.ona.activity.SplashHomeActivity,handleStartActivity,97]
12-19 21:07:19.492  3324  3324 I wm_on_resume_called: [0,139565833,com.miui.home.launcher.Launcher,RESUME_ACTIVITY,20]
12-19 21:07:19.511  3324  3324 I wm_on_idle_called: com.miui.home.launcher.Launcher
12-19 21:07:19.864  3324  3777 I com.miui.home: CheckGCForNative adj_start_bytes: 43153026 NativeAllocationGcWatermark: 11642208 java_gc_start_bytes: 25689714 kNewNativeDiscountFactor: 2 kOldNativeDiscountFactor: 65536 old_native_bytes: 123293063 new_native_bytes: 711788 add_bytes_allowed: 34926624 is_gc_concurrent: 1 target_footprint_: 26028801 GetBytesAllocated: 14754193 HeapGrowthMultiplier: 3
12-19 21:07:19.864  3324  3777 I com.miui.home: CheckGCForNative gc_urgency 0.350195 current_native_bytes is 124004851
12-19 21:07:19.886  3324  3777 I com.miui.home: CheckGCForNative adj_start_bytes: 43153026 NativeAllocationGcWatermark: 11642208 java_gc_start_bytes: 25689714 kNewNativeDiscountFactor: 2 kOldNativeDiscountFactor: 65536 old_native_bytes: 123293063 new_native_bytes: 892268 add_bytes_allowed: 34926624 is_gc_concurrent: 1 target_footprint_: 26028801 GetBytesAllocated: 14838358 HeapGrowthMultiplier: 3
12-19 21:07:19.886  3324  3777 I com.miui.home: CheckGCForNative gc_urgency 0.354236 current_native_bytes is 124185331
12-19 21:07:19.970  3324  3324 I wm_on_top_resumed_gained_called: [139565833,com.miui.home.launcher.Launcher,topStateChangedWhenResumed]
12-19 21:07:19.974  8931  8931 I wm_on_idle_called: com.ss.android.ugc.aweme.splash.SplashActivity
12-19 21:07:20.474  8448  8448 I wm_on_destroy_called: [0,62558480,fm.qingting.qtradio.WelcomeActivity,performDestroy,28]
12-19 21:07:20.778  3324  3324 I wm_on_top_resumed_lost_called: [139565833,com.miui.home.launcher.Launcher,topStateChangedWhenResumed]
12-19 21:07:20.783  3324  3973 D cccccc  : onTaskStackChangedBackground
12-19 21:07:20.783  3324  3973 D cccccc  : onTaskStackChangedBackground
12-19 21:07:21.025  3324 11600 I com.miui.home: CheckGCForNative adj_start_bytes: 43153026 NativeAllocationGcWatermark: 11642208 java_gc_start_bytes: 25689714 kNewNativeDiscountFactor: 2 kOldNativeDiscountFactor: 65536 old_native_bytes: 123293063 new_native_bytes: 921836 add_bytes_allowed: 34926624 is_gc_concurrent: 1 target_footprint_: 26028801 GetBytesAllocated: 15931846 HeapGrowthMultiplier: 3
12-19 21:07:21.025  3324 11600 I com.miui.home: CheckGCForNative gc_urgency 0.379919 current_native_bytes is 124214899
12-19 21:07:21.084 10946 10946 I wm_on_resume_called: [0,244720100,com.tencent.qqlive.ona.activity.SplashHomeActivity,RESUME_ACTIVITY,1461]
12-19 21:07:21.129  3324  3324 I wm_on_paused_called: [0,139565833,com.miui.home.launcher.Launcher,performPause,4]
12-19 21:07:21.374  3324  3777 I com.miui.home: CheckGCForNative adj_start_bytes: 43153026 NativeAllocationGcWatermark: 11642208 java_gc_start_bytes: 25689714 kNewNativeDiscountFactor: 2 kOldNativeDiscountFactor: 65536 old_native_bytes: 123293063 new_native_bytes: 1392116 add_bytes_allowed: 34926624 is_gc_concurrent: 1 target_footprint_: 26028801 GetBytesAllocated: 16447766 HeapGrowthMultiplier: 3
12-19 21:07:21.374  3324  3777 I com.miui.home: CheckGCForNative gc_urgency 0.397394 current_native_bytes is 124685179
12-19 21:07:21.412  3324  7970 I com.miui.home: CheckGCForNative adj_start_bytes: 43153026 NativeAllocationGcWatermark: 11642208 java_gc_start_bytes: 25689714 kNewNativeDiscountFactor: 2 kOldNativeDiscountFactor: 65536 old_native_bytes: 123293063 new_native_bytes: 1420144 add_bytes_allowed: 34926624 is_gc_concurrent: 1 target_footprint_: 26028801 GetBytesAllocated: 16532292 HeapGrowthMultiplier: 3
12-19 21:07:21.412  3324  7970 I com.miui.home: CheckGCForNative gc_urgency 0.399607 current_native_bytes is 124713207
12-19 21:07:21.617  3324  7970 I cccccc  : getTaskSnapshotInstance:
12-19 21:07:21.632  3324  7970 I cccccc  : getTaskSnapshotInstance:
12-19 21:07:21.757  3324  7970 I com.miui.home: CheckGCForNative adj_start_bytes: 43153026 NativeAllocationGcWatermark: 11642208 java_gc_start_bytes: 25689714 kNewNativeDiscountFactor: 2 kOldNativeDiscountFactor: 65536 old_native_bytes: 123293063 new_native_bytes: 11984280 add_bytes_allowed: 34926624 is_gc_concurrent: 1 target_footprint_: 26028801 GetBytesAllocated: 17021835 HeapGrowthMultiplier: 3
12-19 21:07:21.757  3324  7970 I com.miui.home: CheckGCForNative gc_urgency 0.533354 current_native_bytes is 135277343
12-19 21:07:21.759  3324  7970 I com.miui.home: CheckGCForNative adj_start_bytes: 43153026 NativeAllocationGcWatermark: 11642208 java_gc_start_bytes: 25689714 kNewNativeDiscountFactor: 2 kOldNativeDiscountFactor: 65536 old_native_bytes: 123293063 new_native_bytes: 22691544 add_bytes_allowed: 34926624 is_gc_concurrent: 1 target_footprint_: 26028801 GetBytesAllocated: 17022027 HeapGrowthMultiplier: 3
12-19 21:07:21.760  3324  7970 I com.miui.home: CheckGCForNative gc_urgency 0.65742 current_native_bytes is 145984607
12-19 21:07:21.760  3324  7970 I cccccc  : getTaskThumbnailInfo: 2460 1.0  10705920
12-19 21:07:21.763  3324  7970 I cccccc  : getTaskSnapshotInstance:
12-19 21:07:21.781  3324  7970 I com.miui.home: CheckGCForNative adj_start_bytes: 43153026 NativeAllocationGcWatermark: 11642208 java_gc_start_bytes: 25689714 kNewNativeDiscountFactor: 2 kOldNativeDiscountFactor: 65536 old_native_bytes: 123293063 new_native_bytes: 22692312 add_bytes_allowed: 34926624 is_gc_concurrent: 1 target_footprint_: 26028801 GetBytesAllocated: 17022027 HeapGrowthMultiplier: 3
12-19 21:07:21.781  3324  7970 I com.miui.home: CheckGCForNative gc_urgency 0.657429 current_native_bytes is 145985375
12-19 21:07:21.785  3324  7970 I com.miui.home: CheckGCForNative adj_start_bytes: 43153026 NativeAllocationGcWatermark: 11642208 java_gc_start_bytes: 25689714 kNewNativeDiscountFactor: 2 kOldNativeDiscountFactor: 65536 old_native_bytes: 123293063 new_native_bytes: 33399256 add_bytes_allowed: 34926624 is_gc_concurrent: 1 target_footprint_: 26028801 GetBytesAllocated: 17026462 HeapGrowthMultiplier: 3
12-19 21:07:21.785  3324  7970 I com.miui.home: CheckGCForNative gc_urgency 0.78159 current_native_bytes is 156692319
12-19 21:07:21.787  3324  7970 I cccccc  : getTaskThumbnailInfo: 2460 1.0  10705920
12-19 21:07:21.787  3324  7970 I cccccc  : getTaskSnapshotInstance:
12-19 21:07:21.788  3324  7970 I com.miui.home: CheckGCForNative adj_start_bytes: 43153026 NativeAllocationGcWatermark: 11642208 java_gc_start_bytes: 25689714 kNewNativeDiscountFactor: 2 kOldNativeDiscountFactor: 65536 old_native_bytes: 123293063 new_native_bytes: 33399864 add_bytes_allowed: 34926624 is_gc_concurrent: 1 target_footprint_: 26028801 GetBytesAllocated: 17027864 HeapGrowthMultiplier: 3
12-19 21:07:21.788  3324  7970 I com.miui.home: CheckGCForNative gc_urgency 0.78163 current_native_bytes is 156692927
12-19 21:07:21.791  3324  7970 I com.miui.home: CheckGCForNative adj_start_bytes: 43153026 NativeAllocationGcWatermark: 11642208 java_gc_start_bytes: 25689714 kNewNativeDiscountFactor: 2 kOldNativeDiscountFactor: 65536 old_native_bytes: 123293063 new_native_bytes: 44107000 add_bytes_allowed: 34926624 is_gc_concurrent: 1 target_footprint_: 26028801 GetBytesAllocated: 17044440 HeapGrowthMultiplier: 3
12-19 21:07:21.793  3324  7970 I com.miui.home: CheckGCForNative gc_urgency 0.906074 current_native_bytes is 167400063
12-19 21:07:21.793  3324  7970 I cccccc  : getTaskThumbnailInfo: 2460 1.0  10705920
12-19 21:07:21.861  3324  8911 D cccccc  : onTaskStackChangedBackground
12-19 21:07:22.019  3324  7970 I com.miui.home: CheckGCForNative adj_start_bytes: 43153026 NativeAllocationGcWatermark: 11642208 java_gc_start_bytes: 25689714 kNewNativeDiscountFactor: 2 kOldNativeDiscountFactor: 65536 old_native_bytes: 123293063 new_native_bytes: 33460940 add_bytes_allowed: 34926624 is_gc_concurrent: 1 target_footprint_: 26028801 GetBytesAllocated: 17402294 HeapGrowthMultiplier: 3
12-19 21:07:22.019  3324  7970 I com.miui.home: CheckGCForNative gc_urgency 0.791014 current_native_bytes is 156754003
12-19 21:07:22.286 11643 11643 I wm_on_create_called: [0,240586454,com.tencent.mobileqq.activity.SplashActivity,performCreate,118]
12-19 21:07:22.393 11643 11643 I wm_on_start_called: [0,240586454,com.tencent.mobileqq.activity.SplashActivity,handleStartActivity,105]
12-19 21:07:22.480  3324  7970 I cccccc  : getTaskSnapshotInstance:
12-19 21:07:22.508 11816 11816 I wm_on_application_create_called: [0,com.miui.wmsvc,247]
12-19 21:07:22.558 11643 11643 I wm_on_top_resumed_gained_called: [240586454,com.tencent.mobileqq.activity.SplashActivity,topStateChangedWhenResumed]
12-19 21:07:22.835 11891 11891 I wm_on_application_create_called: [0,com.android.permissioncontroller,341]
12-19 21:07:22.908 11643 11643 I wm_on_idle_called: com.tencent.mobileqq.activity.SplashActivity
12-19 21:07:22.955  3324  7970 I cccccc  : getTaskSnapshotInstance:
12-19 21:07:22.980  3324  3324 I wm_on_stop_called: [0,139565833,com.miui.home.launcher.Launcher,STOP_ACTIVITY_ITEM,13]
12-19 21:07:23.117 11643 11643 I wm_on_top_resumed_lost_called: [240586454,com.tencent.mobileqq.activity.SplashActivity,topStateChangedWhenResumed]
12-19 21:07:23.122 11643 11643 I wm_on_paused_called: [0,240586454,com.tencent.mobileqq.activity.SplashActivity,performPause,5]
12-19 21:07:23.236  3324  3324 I wm_on_restart_called: [0,139565833,com.miui.home.launcher.Launcher,,0]
12-19 21:07:23.239  3324  3324 I wm_on_start_called: [0,139565833,com.miui.home.launcher.Launcher,handleStartActivity,3]
12-19 21:07:23.244 11643 11643 I wm_on_create_called: [0,207077696,com.tencent.mobileqq.activity.LoginActivity,performCreate,60]
12-19 21:07:23.264  3324  3324 I wm_on_resume_called: [0,139565833,com.miui.home.launcher.Launcher,RESUME_ACTIVITY,22]
12-19 21:07:23.284 11643 11643 I wm_on_start_called: [0,207077696,com.tencent.mobileqq.activity.LoginActivity,handleStartActivity,40]
12-19 21:07:23.345 11643 11643 I wm_on_resume_called: [0,207077696,com.tencent.mobileqq.activity.LoginActivity,RESUME_ACTIVITY,60]
12-19 21:07:23.453 11643 11643 I wm_on_top_resumed_gained_called: [207077696,com.tencent.mobileqq.activity.LoginActivity,topStateChangedWhenResumed]
12-19 21:07:23.461 11643 11643 I wm_on_top_resumed_lost_called: [207077696,com.tencent.mobileqq.activity.LoginActivity,topStateChangedWhenResumed]
12-19 21:07:23.468  3324  3324 I wm_on_idle_called: com.miui.home.launcher.Launcher
12-19 21:07:23.506  3324  3324 I wm_on_top_resumed_gained_called: [139565833,com.miui.home.launcher.Launcher,topStateChangedWhenResumed]
12-19 21:07:23.509  3324  3324 I com.miui.home: CheckGCForNative adj_start_bytes: 43153026 NativeAllocationGcWatermark: 11642208 java_gc_start_bytes: 25689714 kNewNativeDiscountFactor: 2 kOldNativeDiscountFactor: 65536 old_native_bytes: 123293063 new_native_bytes: 34402244 add_bytes_allowed: 34926624 is_gc_concurrent: 1 target_footprint_: 26028801 GetBytesAllocated: 20267855 HeapGrowthMultiplier: 3
12-19 21:07:23.509  3324  3324 I com.miui.home: CheckGCForNative gc_urgency 0.868325 current_native_bytes is 157695307
12-19 21:07:23.592  3324  3373 D cccccc  : onTaskStackChangedBackground
12-19 21:07:23.727  3324  3777 I com.miui.home: CheckGCForNative adj_start_bytes: 43153026 NativeAllocationGcWatermark: 11642208 java_gc_start_bytes: 25689714 kNewNativeDiscountFactor: 2 kOldNativeDiscountFactor: 65536 old_native_bytes: 123293063 new_native_bytes: 34433660 add_bytes_allowed: 34926624 is_gc_concurrent: 1 target_footprint_: 26028801 GetBytesAllocated: 20588605 HeapGrowthMultiplier: 3
12-19 21:07:23.727  3324  3777 I com.miui.home: CheckGCForNative gc_urgency 0.876122 current_native_bytes is 157726723
12-19 21:07:23.963  3324  3777 I com.miui.home: CheckGCForNative gc_urgency 0 current_native_bytes is 135601387
12-19 21:07:23.967 11643 11643 I wm_on_idle_called: com.tencent.mobileqq.activity.LoginActivity
12-19 21:07:24.053  3324  3777 I com.miui.home: CheckGCForNative gc_urgency 0 current_native_bytes is 123596515
12-19 21:07:24.199 11643 11643 I wm_on_paused_called: [0,207077696,com.tencent.mobileqq.activity.LoginActivity,performPause,1]
12-19 21:07:24.336  3324 11600 D cccccc  : onTaskStackChangedBackground
12-19 21:07:24.429  3324  7970 I com.miui.home: CheckGCForNative gc_urgency 0 current_native_bytes is 123199191
12-19 21:07:24.478 11643 11643 I wm_on_stop_called: [0,240586454,com.tencent.mobileqq.activity.SplashActivity,LIFECYCLER_STOP_ACTIVITY,1]
12-19 21:07:24.533 11643 11643 I wm_on_destroy_called: [0,240586454,com.tencent.mobileqq.activity.SplashActivity,performDestroy,55]
12-19 21:07:24.538  3324  7970 I cccccc  : getTaskSnapshotInstance:
12-19 21:07:24.586  3324  7970 I com.miui.home: CheckGCForNative adj_start_bytes: 47309365 NativeAllocationGcWatermark: 12099212 java_gc_start_bytes: 29160547 kNewNativeDiscountFactor: 2 kOldNativeDiscountFactor: 65536 old_native_bytes: 123199191 new_native_bytes: 11284880 add_bytes_allowed: 36297636 is_gc_concurrent: 1 target_footprint_: 29684835 GetBytesAllocated: 15796467 HeapGrowthMultiplier: 3
12-19 21:07:24.586  3324  7970 I com.miui.home: CheckGCForNative gc_urgency 0.453257 current_native_bytes is 134484071
12-19 21:07:24.588  3324  7970 I com.miui.home: CheckGCForNative adj_start_bytes: 47309365 NativeAllocationGcWatermark: 12099212 java_gc_start_bytes: 29160547 kNewNativeDiscountFactor: 2 kOldNativeDiscountFactor: 65536 old_native_bytes: 123199191 new_native_bytes: 21993360 add_bytes_allowed: 36297636 is_gc_concurrent: 1 target_footprint_: 29684835 GetBytesAllocated: 15818667 HeapGrowthMultiplier: 3
12-19 21:07:24.588  3324  7970 I com.miui.home: CheckGCForNative gc_urgency 0.566848 current_native_bytes is 145192551
12-19 21:07:24.588  3324  7970 I cccccc  : getTaskThumbnailInfo: 2460 1.0  10705920
12-19 21:07:24.630 11643 11643 I wm_on_stop_called: [0,207077696,com.tencent.mobileqq.activity.LoginActivity,STOP_ACTIVITY_ITEM,68]
12-19 21:07:24.767  3324  3324 I wm_on_top_resumed_lost_called: [139565833,com.miui.home.launcher.Launcher,topStateChangedWhenResumed]
12-19 21:07:24.773  3324  3324 I wm_on_paused_called: [0,139565833,com.miui.home.launcher.Launcher,performPause,3]
12-19 21:07:24.818  3324  8911 D cccccc  : onTaskStackChangedBackground
12-19 21:07:24.819  3324  8911 D cccccc  : onTaskStackChangedBackground
12-19 21:07:24.930  3324  3974 D cccccc  : onTaskStackChangedBackground
12-19 21:07:25.068  3324  7970 I cccccc  : getTaskSnapshotInstance:
12-19 21:07:25.078  3324  7970 I com.miui.home: CheckGCForNative adj_start_bytes: 47309365 NativeAllocationGcWatermark: 12099212 java_gc_start_bytes: 29160547 kNewNativeDiscountFactor: 2 kOldNativeDiscountFactor: 65536 old_native_bytes: 123199191 new_native_bytes: 22277364 add_bytes_allowed: 36297636 is_gc_concurrent: 1 target_footprint_: 29684835 GetBytesAllocated: 16963396 HeapGrowthMultiplier: 3
12-19 21:07:25.078  3324  7970 I com.miui.home: CheckGCForNative gc_urgency 0.594046 current_native_bytes is 145476555
12-19 21:07:25.102  3324  7970 I cccccc  : getTaskThumbnailInfo: 2460 1.0  10705920
12-19 21:07:25.343  3324  7970 I com.miui.home: CheckGCForNative adj_start_bytes: 47309365 NativeAllocationGcWatermark: 12099212 java_gc_start_bytes: 29160547 kNewNativeDiscountFactor: 2 kOldNativeDiscountFactor: 65536 old_native_bytes: 123199191 new_native_bytes: 11720196 add_bytes_allowed: 36297636 is_gc_concurrent: 1 target_footprint_: 29684835 GetBytesAllocated: 17288635 HeapGrowthMultiplier: 3
12-19 21:07:25.343  3324  7970 I com.miui.home: CheckGCForNative gc_urgency 0.489345 current_native_bytes is 134919387
12-19 21:07:25.530  3324  3777 I com.miui.home: CheckGCForNative adj_start_bytes: 47309365 NativeAllocationGcWatermark: 12099212 java_gc_start_bytes: 29160547 kNewNativeDiscountFactor: 2 kOldNativeDiscountFactor: 65536 old_native_bytes: 123199191 new_native_bytes: 11901472 add_bytes_allowed: 36297636 is_gc_concurrent: 1 target_footprint_: 29684835 GetBytesAllocated: 17662974 HeapGrowthMultiplier: 3
12-19 21:07:25.530  3324  3777 I com.miui.home: CheckGCForNative gc_urgency 0.499174 current_native_bytes is 135100663
12-19 21:07:25.622  3324  7970 I com.miui.home: CheckGCForNative adj_start_bytes: 47309365 NativeAllocationGcWatermark: 12099212 java_gc_start_bytes: 29160547 kNewNativeDiscountFactor: 2 kOldNativeDiscountFactor: 65536 old_native_bytes: 123199191 new_native_bytes: 11890288 add_bytes_allowed: 36297636 is_gc_concurrent: 1 target_footprint_: 29684835 GetBytesAllocated: 17864660 HeapGrowthMultiplier: 3
12-19 21:07:25.622  3324  7970 I com.miui.home: CheckGCForNative gc_urgency 0.503319 current_native_bytes is 135089479
12-19 21:07:25.650  3324  7970 I cccccc  : getTaskSnapshotInstance:
12-19 21:07:25.696 12343 12343 I wm_on_application_create_called: [0,com.android.settings,267]
12-19 21:07:26.440 12399 12399 I wm_on_application_create_called: [0,com.dragon.read,865]
12-19 21:07:26.534 12399 12399 I wm_on_create_called: [0,229901032,com.dragon.read.pages.splash.SplashActivity,performCreate,56]
12-19 21:07:26.568 12399 12399 I wm_on_start_called: [0,229901032,com.dragon.read.pages.splash.SplashActivity,handleStartActivity,26]
12-19 21:07:26.624 12399 12399 I wm_on_resume_called: [0,229901032,com.dragon.read.pages.splash.SplashActivity,RESUME_ACTIVITY,54]
12-19 21:07:26.626 12399 12399 I wm_on_top_resumed_gained_called: [229901032,com.dragon.read.pages.splash.SplashActivity,topStateChangedWhenResumed]
12-19 21:07:26.739 12399 12399 I wm_on_top_resumed_lost_called: [229901032,com.dragon.read.pages.splash.SplashActivity,topStateChangedWhenResumed]
12-19 21:07:26.762 12399 12399 I wm_on_paused_called: [0,229901032,com.dragon.read.pages.splash.SplashActivity,performPause,23]
12-19 21:07:26.854 12399 12399 I wm_on_create_called: [0,31463843,com.dragon.read.pages.interest.PreferenceActivity,performCreate,24]
12-19 21:07:26.857 12399 12399 I wm_on_start_called: [0,31463843,com.dragon.read.pages.interest.PreferenceActivity,handleStartActivity,1]
12-19 21:07:26.869 12399 12399 I wm_on_resume_called: [0,31463843,com.dragon.read.pages.interest.PreferenceActivity,RESUME_ACTIVITY,11]
12-19 21:07:26.871  3324  3347 D cccccc  : onTaskStackChangedBackground
12-19 21:07:26.915 12399 12399 I wm_on_top_resumed_gained_called: [31463843,com.dragon.read.pages.interest.PreferenceActivity,topStateChangedWhenResumed]
12-19 21:07:27.112  3324  3324 I wm_on_resume_called: [0,139565833,com.miui.home.launcher.Launcher,RESUME_ACTIVITY,20]
12-19 21:07:27.129  3324  3324 I wm_on_idle_called: com.miui.home.launcher.Launcher
12-19 21:07:27.234  3324  7970 I cccccc  : getTaskSnapshotInstance:
12-19 21:07:27.263  3324  3750 I com.miui.home: CheckGCForNative adj_start_bytes: 47309365 NativeAllocationGcWatermark: 12099212 java_gc_start_bytes: 29160547 kNewNativeDiscountFactor: 2 kOldNativeDiscountFactor: 65536 old_native_bytes: 123199191 new_native_bytes: 12111288 add_bytes_allowed: 36297636 is_gc_concurrent: 1 target_footprint_: 29684835 GetBytesAllocated: 19990679 HeapGrowthMultiplier: 3
12-19 21:07:27.263  3324  3750 I com.miui.home: CheckGCForNative gc_urgency 0.550593 current_native_bytes is 135310479
12-19 21:07:27.447  3324  3777 I com.miui.home: CheckGCForNative adj_start_bytes: 47309365 NativeAllocationGcWatermark: 12099212 java_gc_start_bytes: 29160547 kNewNativeDiscountFactor: 2 kOldNativeDiscountFactor: 65536 old_native_bytes: 123199191 new_native_bytes: 12223224 add_bytes_allowed: 36297636 is_gc_concurrent: 1 target_footprint_: 29684835 GetBytesAllocated: 20520694 HeapGrowthMultiplier: 3
12-19 21:07:27.447  3324  3777 I com.miui.home: CheckGCForNative gc_urgency 0.562979 current_native_bytes is 135422415
12-19 21:07:27.516  3324  3324 I wm_on_top_resumed_gained_called: [139565833,com.miui.home.launcher.Launcher,topStateChangedWhenResumed]
12-19 21:07:27.591  3324  3777 I com.miui.home: CheckGCForNative adj_start_bytes: 47309365 NativeAllocationGcWatermark: 12099212 java_gc_start_bytes: 29160547 kNewNativeDiscountFactor: 2 kOldNativeDiscountFactor: 65536 old_native_bytes: 123199191 new_native_bytes: 12203448 add_bytes_allowed: 36297636 is_gc_concurrent: 1 target_footprint_: 29684835 GetBytesAllocated: 20576249 HeapGrowthMultiplier: 3
12-19 21:07:28.182  3324  3324 I wm_on_top_resumed_lost_called: [139565833,com.miui.home.launcher.Launcher,topStateChangedWhenResumed]
12-19 21:07:28.191  3324  3347 D cccccc  : onTaskStackChangedBackground
12-19 21:07:28.192  3324  3347 D cccccc  : onTaskStackChangedBackground
12-19 21:07:28.278  3324  3324 I wm_on_paused_called: [0,139565833,com.miui.home.launcher.Launcher,performPause,3]
12-19 21:07:28.390  3324  3347 D cccccc  : onTaskStackChangedBackground
12-19 21:07:28.518  3324  7997 I com.miui.home: CheckGCForNative adj_start_bytes: 47309365 NativeAllocationGcWatermark: 12099212 java_gc_start_bytes: 29160547 kNewNativeDiscountFactor: 2 kOldNativeDiscountFactor: 65536 old_native_bytes: 123199191 new_native_bytes: 12749136 add_bytes_allowed: 36297636 is_gc_concurrent: 1 target_footprint_: 29684835 GetBytesAllocated: 21614028 HeapGrowthMultiplier: 3
12-19 21:07:28.518  3324  7997 I com.miui.home: CheckGCForNative gc_urgency 0.591648 current_native_bytes is 135948327
12-19 21:07:28.662  3324  7970 I cccccc  : getTaskSnapshotInstance:
12-19 21:07:28.663  3324  7970 I cccccc  : getTaskSnapshotInstance:
12-19 21:07:28.666  3324  7970 I com.miui.home: CheckGCForNative adj_start_bytes: 47309365 NativeAllocationGcWatermark: 12099212 java_gc_start_bytes: 29160547 kNewNativeDiscountFactor: 2 kOldNativeDiscountFactor: 65536 old_native_bytes: 123199191 new_native_bytes: 23596836 add_bytes_allowed: 36297636 is_gc_concurrent: 1 target_footprint_: 29684835 GetBytesAllocated: 22143151 HeapGrowthMultiplier: 3
12-19 21:07:28.666  3324  7970 I com.miui.home: CheckGCForNative gc_urgency 0.717478 current_native_bytes is 146796027
12-19 21:07:28.667  3324  7970 I com.miui.home: CheckGCForNative adj_start_bytes: 47309365 NativeAllocationGcWatermark: 12099212 java_gc_start_bytes: 29160547 kNewNativeDiscountFactor: 2 kOldNativeDiscountFactor: 65536 old_native_bytes: 123199191 new_native_bytes: 34303972 add_bytes_allowed: 36297636 is_gc_concurrent: 1 target_footprint_: 29684835 GetBytesAllocated: 22157134 HeapGrowthMultiplier: 3
12-19 21:07:28.667  3324  7970 I com.miui.home: CheckGCForNative gc_urgency 0.830935 current_native_bytes is 157503163
12-19 21:07:28.667  3324  7970 I cccccc  : getTaskThumbnailInfo: 2460 1.0  10705920
12-19 21:07:28.725  3324  3777 I com.miui.home: CheckGCForNative adj_start_bytes: 47309365 NativeAllocationGcWatermark: 12099212 java_gc_start_bytes: 29160547 kNewNativeDiscountFactor: 2 kOldNativeDiscountFactor: 65536 old_native_bytes: 123199191 new_native_bytes: 23611812 add_bytes_allowed: 36297636 is_gc_concurrent: 1 target_footprint_: 29684835 GetBytesAllocated: 22310579 HeapGrowthMultiplier: 3
12-19 21:07:28.725  3324  3777 I com.miui.home: CheckGCForNative gc_urgency 0.721176 current_native_bytes is 146811003
12-19 21:07:28.780  3324  3777 I com.miui.home: CheckGCForNative adj_start_bytes: 47309365 NativeAllocationGcWatermark: 12099212 java_gc_start_bytes: 29160547 kNewNativeDiscountFactor: 2 kOldNativeDiscountFactor: 65536 old_native_bytes: 123199191 new_native_bytes: 23725284 add_bytes_allowed: 36297636 is_gc_concurrent: 1 target_footprint_: 29684835 GetBytesAllocated: 22441977 HeapGrowthMultiplier: 3
12-19 21:07:28.780  3324  3777 I com.miui.home: CheckGCForNative gc_urgency 0.725152 current_native_bytes is 146924475
12-19 21:07:29.006  3324  7970 I cccccc  : getTaskSnapshotInstance:
12-19 21:07:29.394 12899 12899 I wm_on_application_create_called: [0,com.taobao.taobao,324]
12-19 21:07:29.493 12899 12899 I wm_on_create_called: [0,256040522,com.taobao.tao.welcome.Welcome,performCreate,84]
12-19 21:07:29.545 12899 12899 I wm_on_start_called: [0,256040522,com.taobao.tao.welcome.Welcome,handleStartActivity,51]
12-19 21:07:29.567 12899 12899 I wm_on_resume_called: [0,256040522,com.taobao.tao.welcome.Welcome,RESUME_ACTIVITY,19]
12-19 21:07:29.622 12899 12899 I wm_on_top_resumed_gained_called: [256040522,com.taobao.tao.welcome.Welcome,topStateChangedWhenResumed]
12-19 21:07:30.267  3324  3324 I wm_on_stop_called: [0,139565833,com.miui.home.launcher.Launcher,STOP_ACTIVITY_ITEM,19]
12-19 21:07:30.310  3324  3324 I wm_on_restart_called: [0,139565833,com.miui.home.launcher.Launcher,,0]
12-19 21:07:30.319  3324  3324 I wm_on_start_called: [0,139565833,com.miui.home.launcher.Launcher,handleStartActivity,6]
12-19 21:07:30.343  3324  3324 I wm_on_resume_called: [0,139565833,com.miui.home.launcher.Launcher,RESUME_ACTIVITY,21]
12-19 21:07:30.369  3324  3324 I com.miui.home: CheckGCForNative adj_start_bytes: 47309365 NativeAllocationGcWatermark: 12099212 java_gc_start_bytes: 29160547 kNewNativeDiscountFactor: 2 kOldNativeDiscountFactor: 65536 old_native_bytes: 123199191 new_native_bytes: 23872856 add_bytes_allowed: 36297636 is_gc_concurrent: 1 target_footprint_: 29684835 GetBytesAllocated: 24039586 HeapGrowthMultiplier: 3
12-19 21:07:30.369  3324  3324 I com.miui.home: CheckGCForNative gc_urgency 0.760481 current_native_bytes is 147072047
12-19 21:07:30.439  3324  3324 I wm_on_idle_called: com.miui.home.launcher.Launcher
12-19 21:07:30.690 12899 12899 I wm_on_top_resumed_lost_called: [256040522,com.taobao.tao.welcome.Welcome,topStateChangedWhenResumed]
12-19 21:07:30.693  3324  3324 I wm_on_top_resumed_gained_called: [139565833,com.miui.home.launcher.Launcher,topStateChangedWhenResumed]
12-19 21:07:30.714  3324  3777 I com.miui.home: CheckGCForNative gc_urgency 0 current_native_bytes is 120978827
12-19 21:07:30.836  3324  3777 I com.miui.home: CheckGCForNative adj_start_bytes: 43403906 NativeAllocationGcWatermark: 11680269 java_gc_start_bytes: 25883503 kNewNativeDiscountFactor: 2 kOldNativeDiscountFactor: 65536 old_native_bytes: 120978827 new_native_bytes: 10048 add_bytes_allowed: 35040807 is_gc_concurrent: 1 target_footprint_: 26333294 GetBytesAllocated: 13971155 HeapGrowthMultiplier: 3
12-19 21:07:30.836  3324  3777 I com.miui.home: CheckGCForNative gc_urgency 0.322045 current_native_bytes is 120988875
12-19 21:07:30.988 12899 12899 I wm_on_idle_called: com.taobao.tao.welcome.Welcome
12-19 21:07:31.098 12899 12899 I wm_on_paused_called: [0,256040522,com.taobao.tao.welcome.Welcome,performPause,34]
12-19 21:07:31.209  3324  3347 D cccccc  : onTaskStackChangedBackground
12-19 21:07:31.247 12899 12899 I wm_on_stop_called: [0,256040522,com.taobao.tao.welcome.Welcome,STOP_ACTIVITY_ITEM,76]
12-19 21:07:31.418  3324  7970 I cccccc  : getTaskSnapshotInstance:
12-19 21:07:31.421  3324  7970 I com.miui.home: CheckGCForNative adj_start_bytes: 43403906 NativeAllocationGcWatermark: 11680269 java_gc_start_bytes: 25883503 kNewNativeDiscountFactor: 2 kOldNativeDiscountFactor: 65536 old_native_bytes: 120978827 new_native_bytes: 11780492 add_bytes_allowed: 35040807 is_gc_concurrent: 1 target_footprint_: 26333294 GetBytesAllocated: 14954368 HeapGrowthMultiplier: 3
12-19 21:07:31.421  3324  7970 I com.miui.home: CheckGCForNative gc_urgency 0.48029 current_native_bytes is 132759319
12-19 21:07:31.421  3324  7970 I com.miui.home: CheckGCForNative adj_start_bytes: 43403906 NativeAllocationGcWatermark: 11680269 java_gc_start_bytes: 25883503 kNewNativeDiscountFactor: 2 kOldNativeDiscountFactor: 65536 old_native_bytes: 120978827 new_native_bytes: 22487436 add_bytes_allowed: 35040807 is_gc_concurrent: 1 target_footprint_: 26333294 GetBytesAllocated: 14965862 HeapGrowthMultiplier: 3
12-19 21:07:31.421  3324  7970 I com.miui.home: CheckGCForNative gc_urgency 0.603896 current_native_bytes is 143466263
12-19 21:07:31.422  3324  7970 I cccccc  : getTaskThumbnailInfo: 2460 1.0  10705920
12-19 21:07:31.625  3324  3324 I com.miui.home: CheckGCForNative adj_start_bytes: 43403906 NativeAllocationGcWatermark: 11680269 java_gc_start_bytes: 25883503 kNewNativeDiscountFactor: 2 kOldNativeDiscountFactor: 65536 old_native_bytes: 120978827 new_native_bytes: 11871764 add_bytes_allowed: 35040807 is_gc_concurrent: 1 target_footprint_: 26333294 GetBytesAllocated: 15042242 HeapGrowthMultiplier: 3
12-19 21:07:31.625  3324  3324 I com.miui.home: CheckGCForNative gc_urgency 0.483366 current_native_bytes is 132850591
12-19 21:07:31.740  3324  3324 I wm_on_top_resumed_lost_called: [139565833,com.miui.home.launcher.Launcher,topStateChangedWhenResumed]
12-19 21:07:31.745  3324  3324 I wm_on_paused_called: [0,139565833,com.miui.home.launcher.Launcher,performPause,3]
12-19 21:07:31.901  3324  8911 D cccccc  : onTaskStackChangedBackground
12-19 21:07:31.911  3324  8911 D cccccc  : onTaskStackChangedBackground
12-19 21:07:31.984  3324  4022 D cccccc  : onTaskStackChangedBackground
12-19 21:07:32.127  3324  7970 I com.miui.home: CheckGCForNative adj_start_bytes: 43403906 NativeAllocationGcWatermark: 11680269 java_gc_start_bytes: 25883503 kNewNativeDiscountFactor: 2 kOldNativeDiscountFactor: 65536 old_native_bytes: 120978827 new_native_bytes: 12697040 add_bytes_allowed: 35040807 is_gc_concurrent: 1 target_footprint_: 26333294 GetBytesAllocated: 16064324 HeapGrowthMultiplier: 3
12-19 21:07:32.127  3324  7970 I com.miui.home: CheckGCForNative gc_urgency 0.516421 current_native_bytes is 133675867
12-19 21:07:32.169  3324  3777 I com.miui.home: CheckGCForNative adj_start_bytes: 43403906 NativeAllocationGcWatermark: 11680269 java_gc_start_bytes: 25883503 kNewNativeDiscountFactor: 2 kOldNativeDiscountFactor: 65536 old_native_bytes: 120978827 new_native_bytes: 12781904 add_bytes_allowed: 35040807 is_gc_concurrent: 1 target_footprint_: 26333294 GetBytesAllocated: 16169202 HeapGrowthMultiplier: 3
12-19 21:07:32.169  3324  3777 I com.miui.home: CheckGCForNative gc_urgency 0.519815 current_native_bytes is 133760731
12-19 21:07:32.278  3324  7970 I cccccc  : getTaskSnapshotInstance:
12-19 21:07:32.352 11291 11291 I wm_on_create_called: [0,222979391,com.tencent.mm.ui.LauncherUI,performCreate,103]
12-19 21:07:32.480  3324  3777 I com.miui.home: CheckGCForNative adj_start_bytes: 43403906 NativeAllocationGcWatermark: 11680269 java_gc_start_bytes: 25883503 kNewNativeDiscountFactor: 2 kOldNativeDiscountFactor: 65536 old_native_bytes: 120978827 new_native_bytes: 12844944 add_bytes_allowed: 35040807 is_gc_concurrent: 1 target_footprint_: 26333294 GetBytesAllocated: 16820956 HeapGrowthMultiplier: 3
12-19 21:07:32.480  3324  3777 I com.miui.home: CheckGCForNative gc_urgency 0.535557 current_native_bytes is 133823771
12-19 21:07:32.656 11291 11291 I wm_on_create_called: [0,266657820,com.tencent.mm.app.WeChatSplashActivity,performCreate,22]
12-19 21:07:32.702 11291 11291 I wm_on_start_called: [0,266657820,com.tencent.mm.app.WeChatSplashActivity,handleStartActivity,26]
12-19 21:07:32.711  3324  3974 D cccccc  : onTaskStackChangedBackground
12-19 21:07:32.715  3324  7970 I cccccc  : getTaskSnapshotInstance:
12-19 21:07:32.722 11291 11291 I wm_on_resume_called: [0,266657820,com.tencent.mm.app.WeChatSplashActivity,RESUME_ACTIVITY,19]
12-19 21:07:32.765 11291 11291 I wm_on_top_resumed_gained_called: [266657820,com.tencent.mm.app.WeChatSplashActivity,topStateChangedWhenResumed]
12-19 21:07:32.873  3324  7970 I cccccc  : getTaskSnapshotInstance:
12-19 21:07:33.039 11291 11291 I wm_on_top_resumed_lost_called: [266657820,com.tencent.mm.app.WeChatSplashActivity,topStateChangedWhenResumed]
12-19 21:07:33.072 11291 11291 I wm_on_paused_called: [0,266657820,com.tencent.mm.app.WeChatSplashActivity,performPause,11]
12-19 21:07:33.120  3324  3324 I wm_on_stop_called: [0,139565833,com.miui.home.launcher.Launcher,STOP_ACTIVITY_ITEM,10]
12-19 21:07:33.199  3324 11600 D cccccc  : onTaskStackChangedBackground
12-19 21:07:33.415 11291 11291 I wm_on_create_called: [0,30438426,com.tencent.mm.ui.LauncherUI,performCreate,249]
12-19 21:07:33.434 11291 11291 I wm_on_start_called: [0,30438426,com.tencent.mm.ui.LauncherUI,handleStartActivity,8]
12-19 21:07:33.478 11291 11291 I wm_on_resume_called: [0,30438426,com.tencent.mm.ui.LauncherUI,RESUME_ACTIVITY,43]
12-19 21:07:33.491 11291 11291 I wm_on_top_resumed_gained_called: [30438426,com.tencent.mm.ui.LauncherUI,topStateChangedWhenResumed]
12-19 21:07:33.496 11291 11291 I wm_on_destroy_called: [0,222979391,com.tencent.mm.ui.LauncherUI,performDestroy,4]
12-19 21:07:33.517  3324  7970 I com.miui.home: CheckGCForNative gc_urgency 0 current_native_bytes is 121890387
12-19 21:07:33.521  3324  7970 I cccccc  : getTaskSnapshotInstance:
12-19 21:07:33.525 11291 11291 I wm_on_top_resumed_lost_called: [30438426,com.tencent.mm.ui.LauncherUI,topStateChangedWhenResumed]
12-19 21:07:33.533 11291 11291 I wm_on_paused_called: [0,30438426,com.tencent.mm.ui.LauncherUI,performPause,7]
12-19 21:07:33.648  3324 11600 D cccccc  : onTaskStackChangedBackground
12-19 21:07:33.651 11291 11291 I wm_on_create_called: [0,161697324,com.tencent.mm.plugin.account.ui.WelcomeActivity,performCreate,39]
12-19 21:07:33.654 11291 11291 I wm_on_start_called: [0,161697324,com.tencent.mm.plugin.account.ui.WelcomeActivity,handleStartActivity,2]
12-19 21:07:33.659 11291 11291 I wm_on_resume_called: [0,161697324,com.tencent.mm.plugin.account.ui.WelcomeActivity,RESUME_ACTIVITY,4]
12-19 21:07:33.667 11291 11291 I wm_on_top_resumed_gained_called: [161697324,com.tencent.mm.plugin.account.ui.WelcomeActivity,topStateChangedWhenResumed]
12-19 21:07:33.875  3324  7970 I cccccc  : getTaskSnapshotInstance:
12-19 21:07:33.991 11291 11291 I wm_on_stop_called: [0,266657820,com.tencent.mm.app.WeChatSplashActivity,LIFECYCLER_STOP_ACTIVITY,5]
12-19 21:07:33.993 11291 11291 I wm_on_destroy_called: [0,266657820,com.tencent.mm.app.WeChatSplashActivity,performDestroy,2]
12-19 21:07:34.028 11291 11291 I wm_on_stop_called: [0,30438426,com.tencent.mm.ui.LauncherUI,STOP_ACTIVITY_ITEM,5]
12-19 21:07:34.142  3324  3324 I wm_on_restart_called: [0,139565833,com.miui.home.launcher.Launcher,,0]
12-19 21:07:34.143 11291 11291 I wm_on_top_resumed_lost_called: [161697324,com.tencent.mm.plugin.account.ui.WelcomeActivity,topStateChangedWhenResumed]
12-19 21:07:34.144  3324  3324 I wm_on_start_called: [0,139565833,com.miui.home.launcher.Launcher,handleStartActivity,2]
12-19 21:07:34.165  3324  3324 I wm_on_resume_called: [0,139565833,com.miui.home.launcher.Launcher,RESUME_ACTIVITY,19]
12-19 21:07:34.211  3324  3324 I com.miui.home: CheckGCForNative adj_start_bytes: 43033521 NativeAllocationGcWatermark: 11629862 java_gc_start_bytes: 25588728 kNewNativeDiscountFactor: 2 kOldNativeDiscountFactor: 65536 old_native_bytes: 121890387 new_native_bytes: 340084 add_bytes_allowed: 34889586 is_gc_concurrent: 1 target_footprint_: 25930034 GetBytesAllocated: 15292595 HeapGrowthMultiplier: 3
12-19 21:07:34.211  3324  3324 I com.miui.home: CheckGCForNative gc_urgency 0.359359 current_native_bytes is 122230471
12-19 21:07:34.267  3324  3324 I wm_on_top_resumed_gained_called: [139565833,com.miui.home.launcher.Launcher,topStateChangedWhenResumed]
12-19 21:07:34.273  3324  3324 I wm_on_idle_called: com.miui.home.launcher.Launcher
12-19 21:07:34.447  3324  3777 I com.miui.home: CheckGCForNative adj_start_bytes: 43033521 NativeAllocationGcWatermark: 11629862 java_gc_start_bytes: 25588728 kNewNativeDiscountFactor: 2 kOldNativeDiscountFactor: 65536 old_native_bytes: 121890387 new_native_bytes: 549280 add_bytes_allowed: 34889586 is_gc_concurrent: 1 target_footprint_: 25930034 GetBytesAllocated: 16036584 HeapGrowthMultiplier: 3
12-19 21:07:34.447  3324  3777 I com.miui.home: CheckGCForNative gc_urgency 0.379079 current_native_bytes is 122439667
12-19 21:07:34.824 11291 11291 I wm_on_paused_called: [0,161697324,com.tencent.mm.plugin.account.ui.WelcomeActivity,performPause,17]
12-19 21:07:34.880  3324  8911 I com.miui.home: CheckGCForNative adj_start_bytes: 43033521 NativeAllocationGcWatermark: 11629862 java_gc_start_bytes: 25588728 kNewNativeDiscountFactor: 2 kOldNativeDiscountFactor: 65536 old_native_bytes: 121890387 new_native_bytes: 635480 add_bytes_allowed: 34889586 is_gc_concurrent: 1 target_footprint_: 25930034 GetBytesAllocated: 16245185 HeapGrowthMultiplier: 3
12-19 21:07:34.880  3324  8911 I com.miui.home: CheckGCForNative gc_urgency 0.384927 current_native_bytes is 122525867
12-19 21:07:34.915 11291 11291 I wm_on_stop_called: [0,161697324,com.tencent.mm.plugin.account.ui.WelcomeActivity,STOP_ACTIVITY_ITEM,9]
12-19 21:07:34.928  3324  3974 D cccccc  : onTaskStackChangedBackground
12-19 21:07:34.933 11291 11291 I wm_on_idle_called: com.tencent.mm.ui.LauncherUI
12-19 21:07:34.934 11291 11291 I wm_on_idle_called: com.tencent.mm.plugin.account.ui.WelcomeActivity
12-19 21:07:35.097  3324  7970 I cccccc  : getTaskSnapshotInstance:
12-19 21:07:35.098  3324  7970 I com.miui.home: CheckGCForNative adj_start_bytes: 43033521 NativeAllocationGcWatermark: 11629862 java_gc_start_bytes: 25588728 kNewNativeDiscountFactor: 2 kOldNativeDiscountFactor: 65536 old_native_bytes: 121890387 new_native_bytes: 11513612 add_bytes_allowed: 34889586 is_gc_concurrent: 1 target_footprint_: 25930034 GetBytesAllocated: 17054536 HeapGrowthMultiplier: 3
12-19 21:07:35.098  3324  7970 I com.miui.home: CheckGCForNative gc_urgency 0.530126 current_native_bytes is 133403999
12-19 21:07:35.098  3324  7970 I com.miui.home: CheckGCForNative adj_start_bytes: 43033521 NativeAllocationGcWatermark: 11629862 java_gc_start_bytes: 25588728 kNewNativeDiscountFactor: 2 kOldNativeDiscountFactor: 65536 old_native_bytes: 121890387 new_native_bytes: 22206220 add_bytes_allowed: 34889586 is_gc_concurrent: 1 target_footprint_: 25930034 GetBytesAllocated: 17058400 HeapGrowthMultiplier: 3
12-19 21:07:35.098  3324  7970 I com.miui.home: CheckGCForNative gc_urgency 0.654452 current_native_bytes is 144096607
12-19 21:07:35.099  3324  7970 I cccccc  : getTaskThumbnailInfo: 2460 1.0  10705920
12-19 21:07:35.319  3324  3324 I wm_on_top_resumed_lost_called: [139565833,com.miui.home.launcher.Launcher,topStateChangedWhenResumed]
12-19 21:07:35.329  3324  3324 I wm_on_paused_called: [0,139565833,com.miui.home.launcher.Launcher,performPause,3]
12-19 21:07:35.355  3324  3974 D cccccc  : onTaskStackChangedBackground
12-19 21:07:35.357  3324  3974 D cccccc  : onTaskStackChangedBackground
12-19 21:07:35.499  3324 11600 I com.miui.home: CheckGCForNative adj_start_bytes: 43033521 NativeAllocationGcWatermark: 11629862 java_gc_start_bytes: 25588728 kNewNativeDiscountFactor: 2 kOldNativeDiscountFactor: 65536 old_native_bytes: 121890387 new_native_bytes: 11608772 add_bytes_allowed: 34889586 is_gc_concurrent: 1 target_footprint_: 25930034 GetBytesAllocated: 17735415 HeapGrowthMultiplier: 3
12-19 21:07:35.499  3324 11600 I com.miui.home: CheckGCForNative gc_urgency 0.547054 current_native_bytes is 133499159
12-19 21:07:35.569  3324  7970 I com.miui.home: CheckGCForNative adj_start_bytes: 43033521 NativeAllocationGcWatermark: 11629862 java_gc_start_bytes: 25588728 kNewNativeDiscountFactor: 2 kOldNativeDiscountFactor: 65536 old_native_bytes: 121890387 new_native_bytes: 11995344 add_bytes_allowed: 34889586 is_gc_concurrent: 1 target_footprint_: 25930034 GetBytesAllocated: 18121225 HeapGrowthMultiplier: 3
12-19 21:07:35.569  3324  7970 I com.miui.home: CheckGCForNative gc_urgency 0.560511 current_native_bytes is 133885731
12-19 21:07:35.726  3324  7970 I cccccc  : getTaskSnapshotInstance:
12-19 21:07:35.789  3324 11600 D cccccc  : onTaskStackChangedBackground
12-19 21:07:35.869  3324  3777 I com.miui.home: CheckGCForNative adj_start_bytes: 43033521 NativeAllocationGcWatermark: 11629862 java_gc_start_bytes: 25588728 kNewNativeDiscountFactor: 2 kOldNativeDiscountFactor: 65536 old_native_bytes: 121890387 new_native_bytes: 12099472 add_bytes_allowed: 34889586 is_gc_concurrent: 1 target_footprint_: 25930034 GetBytesAllocated: 18773433 HeapGrowthMultiplier: 3
12-19 21:07:35.869  3324  3777 I com.miui.home: CheckGCForNative gc_urgency 0.576877 current_native_bytes is 133989859
12-19 21:07:36.020  3324  7970 I cccccc  : getTaskSnapshotInstance:
12-19 21:07:36.330 13734 13734 I wm_on_application_create_called: [0,com.sina.weibo,226]
12-19 21:07:36.620 13734 13734 I wm_on_create_called: [0,225283664,com.sina.weibo.SplashActivity,performCreate,197]
12-19 21:07:36.654 13734 13734 I wm_on_start_called: [0,225283664,com.sina.weibo.SplashActivity,handleStartActivity,35]
12-19 21:07:36.662 13734 13734 I wm_on_resume_called: [0,225283664,com.sina.weibo.SplashActivity,RESUME_ACTIVITY,5]
12-19 21:07:36.952 13734 13734 I wm_on_top_resumed_gained_called: [225283664,com.sina.weibo.SplashActivity,topStateChangedWhenResumed]
12-19 21:07:37.297  3324  3324 I com.miui.home: CheckGCForNative adj_start_bytes: 43033521 NativeAllocationGcWatermark: 11629862 java_gc_start_bytes: 25588728 kNewNativeDiscountFactor: 2 kOldNativeDiscountFactor: 65536 old_native_bytes: 121890387 new_native_bytes: 12079704 add_bytes_allowed: 34889586 is_gc_concurrent: 1 target_footprint_: 25930034 GetBytesAllocated: 19970205 HeapGrowthMultiplier: 3
12-19 21:07:37.297  3324  3324 I com.miui.home: CheckGCForNative gc_urgency 0.604457 current_native_bytes is 133970091
12-19 21:07:37.345  3324  3324 I wm_on_resume_called: [0,139565833,com.miui.home.launcher.Launcher,RESUME_ACTIVITY,21]
12-19 21:07:37.362  3324  3324 I wm_on_idle_called: com.miui.home.launcher.Launcher
12-19 21:07:37.468 13734 13734 I wm_on_top_resumed_lost_called: [225283664,com.sina.weibo.SplashActivity,topStateChangedWhenResumed]
12-19 21:07:37.479  3324  3324 I wm_on_top_resumed_gained_called: [139565833,com.miui.home.launcher.Launcher,topStateChangedWhenResumed]
12-19 21:07:37.518  3324  3777 I com.miui.home: CheckGCForNative adj_start_bytes: 43033521 NativeAllocationGcWatermark: 11629862 java_gc_start_bytes: 25588728 kNewNativeDiscountFactor: 2 kOldNativeDiscountFactor: 65536 old_native_bytes: 121890387 new_native_bytes: 12193088 add_bytes_allowed: 34889586 is_gc_concurrent: 1 target_footprint_: 25930034 GetBytesAllocated: 20349928 HeapGrowthMultiplier: 3
12-19 21:07:37.518  3324  3777 I com.miui.home: CheckGCForNative gc_urgency 0.614598 current_native_bytes is 134083475
12-19 21:07:37.578 13734 13734 I wm_on_paused_called: [0,225283664,com.sina.weibo.SplashActivity,performPause,1]
12-19 21:07:37.836  3324  3777 I com.miui.home: CheckGCForNative adj_start_bytes: 43033521 NativeAllocationGcWatermark: 11629862 java_gc_start_bytes: 25588728 kNewNativeDiscountFactor: 2 kOldNativeDiscountFactor: 65536 old_native_bytes: 121890387 new_native_bytes: 12253120 add_bytes_allowed: 34889586 is_gc_concurrent: 1 target_footprint_: 25930034 GetBytesAllocated: 20478375 HeapGrowthMultiplier: 3
12-19 21:07:37.836  3324  3777 I com.miui.home: CheckGCForNative gc_urgency 0.618281 current_native_bytes is 134143507
12-19 21:07:37.880  3324 11600 D cccccc  : onTaskStackChangedBackground
12-19 21:07:38.156 13867 13867 I wm_on_application_create_called: [0,com.sina.weibo,1442]
12-19 21:07:38.179  3324  7970 I com.miui.home: CheckGCForNative adj_start_bytes: 43033521 NativeAllocationGcWatermark: 11629862 java_gc_start_bytes: 25588728 kNewNativeDiscountFactor: 2 kOldNativeDiscountFactor: 65536 old_native_bytes: 121890387 new_native_bytes: 12638564 add_bytes_allowed: 34889586 is_gc_concurrent: 1 target_footprint_: 25930034 GetBytesAllocated: 21393023 HeapGrowthMultiplier: 3
12-19 21:07:38.179  3324  7970 I com.miui.home: CheckGCForNative gc_urgency 0.644013 current_native_bytes is 134528951
12-19 21:07:38.286 13734 13734 I wm_on_create_called: [0,70964686,com.sina.weibo.VisitorMainTabActivity,performCreate,672]
12-19 21:07:38.291 13734 13734 I wm_on_start_called: [0,70964686,com.sina.weibo.VisitorMainTabActivity,handleStartActivity,3]
12-19 21:07:38.333  3324  7970 I cccccc  : getTaskSnapshotInstance:
12-19 21:07:38.392 13815 13815 I wm_on_application_create_called: [0,com.taobao.taobao,1515]
12-19 21:07:38.544  3324  3324 I wm_on_top_resumed_lost_called: [139565833,com.miui.home.launcher.Launcher,topStateChangedWhenResumed]
12-19 21:07:38.573  3324  3324 I wm_on_paused_called: [0,139565833,com.miui.home.launcher.Launcher,performPause,2]
12-19 21:07:38.595  3324 11600 D cccccc  : onTaskStackChangedBackground
12-19 21:07:38.598  3324 11600 D cccccc  : onTaskStackChangedBackground
12-19 21:07:38.772  3324 11600 D cccccc  : onTaskStackChangedBackground
12-19 21:07:38.927  3324  7970 I com.miui.home: CheckGCForNative adj_start_bytes: 43033521 NativeAllocationGcWatermark: 11629862 java_gc_start_bytes: 25588728 kNewNativeDiscountFactor: 2 kOldNativeDiscountFactor: 65536 old_native_bytes: 121890387 new_native_bytes: 13133340 add_bytes_allowed: 34889586 is_gc_concurrent: 1 target_footprint_: 25930034 GetBytesAllocated: 22972578 HeapGrowthMultiplier: 3
12-19 21:07:38.927  3324  7970 I com.miui.home: CheckGCForNative gc_urgency 0.686467 current_native_bytes is 135023727
12-19 21:07:39.227  3324  7970 I cccccc  : getTaskSnapshotInstance:
12-19 21:07:39.228  3324  7970 I cccccc  : getTaskSnapshotInstance:
12-19 21:07:39.325  3324  3777 I com.miui.home: CheckGCForNative adj_start_bytes: 43033521 NativeAllocationGcWatermark: 11629862 java_gc_start_bytes: 25588728 kNewNativeDiscountFactor: 2 kOldNativeDiscountFactor: 65536 old_native_bytes: 121890387 new_native_bytes: 13545272 add_bytes_allowed: 34889586 is_gc_concurrent: 1 target_footprint_: 25930034 GetBytesAllocated: 23586020 HeapGrowthMultiplier: 3
12-19 21:07:39.325  3324  3777 I com.miui.home: CheckGCForNative gc_urgency 0.705509 current_native_bytes is 135435659
12-19 21:07:39.485 14024 14024 I wm_on_application_create_called: [0,com.taobao.taobao,388]
12-19 21:07:39.614  3324  3777 I com.miui.home: CheckGCForNative adj_start_bytes: 43033521 NativeAllocationGcWatermark: 11629862 java_gc_start_bytes: 25588728 kNewNativeDiscountFactor: 2 kOldNativeDiscountFactor: 65536 old_native_bytes: 121890387 new_native_bytes: 13773844 add_bytes_allowed: 34889586 is_gc_concurrent: 1 target_footprint_: 25930034 GetBytesAllocated: 24150228 HeapGrowthMultiplier: 3
12-19 21:07:39.614  3324  3777 I com.miui.home: CheckGCForNative gc_urgency 0.721275 current_native_bytes is 135664231
12-19 21:07:39.704  3324  7970 I cccccc  : getTaskSnapshotInstance:
12-19 21:07:39.705  3324  7970 I cccccc  : getTaskSnapshotInstance:
12-19 21:07:39.894 13734 13734 I wm_on_create_called: [0,0,com.sina.weibo.feed.visitor.VisitorHomeActivity,performCreate,1512]
12-19 21:07:39.921 13734 13734 I wm_on_start_called: [0,0,com.sina.weibo.feed.visitor.VisitorHomeActivity,handleStartActivity,15]
12-19 21:07:40.001 14348 14348 I wm_on_application_create_called: [0,com.UCMobile,402]
12-19 21:07:40.136 13734 13734 I wm_on_resume_called: [0,0,com.sina.weibo.feed.visitor.VisitorHomeActivity,moveToState-INITIALIZING,207]
12-19 21:07:40.314 13734 13734 I wm_on_resume_called: [0,70964686,com.sina.weibo.VisitorMainTabActivity,RESUME_ACTIVITY,2017]
12-19 21:07:40.356 13734 13734 I wm_on_stop_called: [0,225283664,com.sina.weibo.SplashActivity,LIFECYCLER_STOP_ACTIVITY,2]
12-19 21:07:40.366 13734 13734 I wm_on_destroy_called: [0,225283664,com.sina.weibo.SplashActivity,performDestroy,1]
12-19 21:07:40.482 13734 13734 I wm_on_paused_called: [0,0,com.sina.weibo.feed.visitor.VisitorHomeActivity,performPause,9]
12-19 21:07:40.496 13734 13734 I wm_on_paused_called: [0,70964686,com.sina.weibo.VisitorMainTabActivity,performPause,54]
12-19 21:07:40.633 13734 13734 I wm_on_stop_called: [0,0,com.sina.weibo.feed.visitor.VisitorHomeActivity,moveToState-STARTED,78]
12-19 21:07:40.633 13734 13734 I wm_on_stop_called: [0,70964686,com.sina.weibo.VisitorMainTabActivity,STOP_ACTIVITY_ITEM,81]
12-19 21:07:40.793  3324  3324 I com.miui.home: CheckGCForNative adj_start_bytes: 43033521 NativeAllocationGcWatermark: 11629862 java_gc_start_bytes: 25588728 kNewNativeDiscountFactor: 2 kOldNativeDiscountFactor: 65536 old_native_bytes: 121890387 new_native_bytes: 13614416 add_bytes_allowed: 34889586 is_gc_concurrent: 1 target_footprint_: 25930034 GetBytesAllocated: 25010416 HeapGrowthMultiplier: 3
12-19 21:07:40.793  3324  3324 I com.miui.home: CheckGCForNative gc_urgency 0.739412 current_native_bytes is 135504803
