12-21 19:09:34.316  3288  3288 I wm_on_top_resumed_lost_called: [92349698,com.miui.home.launcher.Launcher,topStateChangedWhenResumed]
12-21 19:09:34.322  3288  3288 I wm_on_paused_called: [0,92349698,com.miui.home.launcher.Launcher,performPause,3]
12-21 19:09:34.433  3288  3364 D cccccc  : onTaskStackChangedBackground
12-21 19:09:34.437  3288  3364 D cccccc  : onTaskStackChangedBackground
12-21 19:09:34.438  3288  3364 D cccccc  : onTaskStackChangedBackground
12-21 19:09:34.439  3288  3364 D cccccc  : onTaskStackChangedBackground
12-21 19:09:34.442  3288  3559 I com.miui.home: CheckGCForNative adj_start_bytes: 32354773 NativeAllocationGcWatermark: 10483653 java_gc_start_bytes: 16629294 kNewNativeDiscountFactor: 2 kOldNativeDiscountFactor: 65536 old_native_bytes: 71184239 new_native_bytes: 63628 add_bytes_allowed: 31450959 is_gc_concurrent: 1 target_footprint_: 16760366 GetBytesAllocated: 8771718 HeapGrowthMultiplier: 3
12-21 19:09:34.442  3288  3559 I com.miui.home: CheckGCForNative gc_urgency 0.272127 current_native_bytes is 71247867
12-21 19:09:34.447  8141  8141 I wm_on_application_create_called: [0,com.miui.wmsvc,213]
12-21 19:09:34.857  3288  3588 I com.miui.home: CheckGCForNative adj_start_bytes: 32354773 NativeAllocationGcWatermark: 10483653 java_gc_start_bytes: 16629294 kNewNativeDiscountFactor: 2 kOldNativeDiscountFactor: 65536 old_native_bytes: 71184239 new_native_bytes: 1244372 add_bytes_allowed: 31450959 is_gc_concurrent: 1 target_footprint_: 16760366 GetBytesAllocated: 9304118 HeapGrowthMultiplier: 3
12-21 19:09:34.858  3288  3588 I com.miui.home: CheckGCForNative gc_urgency 0.306829 current_native_bytes is 72428611
12-21 19:09:34.970  3288  3629 I com.miui.home: CheckGCForNative adj_start_bytes: 32354773 NativeAllocationGcWatermark: 10483653 java_gc_start_bytes: 16629294 kNewNativeDiscountFactor: 2 kOldNativeDiscountFactor: 65536 old_native_bytes: 71184239 new_native_bytes: 1648836 add_bytes_allowed: 31450959 is_gc_concurrent: 1 target_footprint_: 16760366 GetBytesAllocated: 9502624 HeapGrowthMultiplier: 3
12-21 19:09:34.970  3288  3629 I com.miui.home: CheckGCForNative gc_urgency 0.319215 current_native_bytes is 72833075
12-21 19:09:35.214  3288  3588 I com.miui.home: CheckGCForNative adj_start_bytes: 32354773 NativeAllocationGcWatermark: 10483653 java_gc_start_bytes: 16629294 kNewNativeDiscountFactor: 2 kOldNativeDiscountFactor: 65536 old_native_bytes: 71184239 new_native_bytes: 2575396 add_bytes_allowed: 31450959 is_gc_concurrent: 1 target_footprint_: 16760366 GetBytesAllocated: 9797675 HeapGrowthMultiplier: 3
12-21 19:09:35.214  3288  3588 I com.miui.home: CheckGCForNative gc_urgency 0.342653 current_native_bytes is 73759635
12-21 19:09:35.291  3288  3629 E cccccc  : createTaskSnapshot:
12-21 19:09:35.294  3288  3629 I cccccc  : getTaskSnapshotInstance:
12-21 19:09:35.301  3288  3629 E cccccc  : createTaskSnapshot:
12-21 19:09:35.301  3288  3629 I cccccc  : getTaskSnapshotInstance:
12-21 19:09:35.411  3288  3629 I com.miui.home: CheckGCForNative adj_start_bytes: 32354773 NativeAllocationGcWatermark: 10483653 java_gc_start_bytes: 16629294 kNewNativeDiscountFactor: 2 kOldNativeDiscountFactor: 65536 old_native_bytes: 71184239 new_native_bytes: 13037016 add_bytes_allowed: 31450959 is_gc_concurrent: 1 target_footprint_: 16760366 GetBytesAllocated: 9929164 HeapGrowthMultiplier: 3
12-21 19:09:35.411  3288  3629 I com.miui.home: CheckGCForNative gc_urgency 0.508387 current_native_bytes is 84221255
12-21 19:09:35.414  3288  3629 I com.miui.home: CheckGCForNative adj_start_bytes: 32354773 NativeAllocationGcWatermark: 10483653 java_gc_start_bytes: 16629294 kNewNativeDiscountFactor: 2 kOldNativeDiscountFactor: 65536 old_native_bytes: 71184239 new_native_bytes: 23744408 add_bytes_allowed: 31450959 is_gc_concurrent: 1 target_footprint_: 16760366 GetBytesAllocated: 9939569 HeapGrowthMultiplier: 3
12-21 19:09:35.414  3288  3629 I com.miui.home: CheckGCForNative gc_urgency 0.674178 current_native_bytes is 94928647
12-21 19:09:35.414  3288  3629 E cccccc  : createTaskSnapshot:
12-21 19:09:35.414  3288  3629 I cccccc  : getTaskSnapshotInstance:
12-21 19:09:35.510  3288  3629 I com.miui.home: CheckGCForNative adj_start_bytes: 32354773 NativeAllocationGcWatermark: 10483653 java_gc_start_bytes: 16629294 kNewNativeDiscountFactor: 2 kOldNativeDiscountFactor: 65536 old_native_bytes: 71184239 new_native_bytes: 23719544 add_bytes_allowed: 31450959 is_gc_concurrent: 1 target_footprint_: 16760366 GetBytesAllocated: 9941774 HeapGrowthMultiplier: 3
12-21 19:09:35.511  3288  3629 I com.miui.home: CheckGCForNative gc_urgency 0.673861 current_native_bytes is 94903783
12-21 19:09:35.519  3288  3629 I com.miui.home: CheckGCForNative adj_start_bytes: 32354773 NativeAllocationGcWatermark: 10483653 java_gc_start_bytes: 16629294 kNewNativeDiscountFactor: 2 kOldNativeDiscountFactor: 65536 old_native_bytes: 71184239 new_native_bytes: 34426488 add_bytes_allowed: 31450959 is_gc_concurrent: 1 target_footprint_: 16760366 GetBytesAllocated: 9948631 HeapGrowthMultiplier: 3
12-21 19:09:35.519  3288  3629 I com.miui.home: CheckGCForNative gc_urgency 0.839535 current_native_bytes is 105610727
12-21 19:09:35.520  3288  3629 E cccccc  : createTaskSnapshot:
12-21 19:09:35.520  3288  3629 I cccccc  : getTaskSnapshotInstance:
12-21 19:09:35.612  3288  3629 I com.miui.home: CheckGCForNative adj_start_bytes: 32354773 NativeAllocationGcWatermark: 10483653 java_gc_start_bytes: 16629294 kNewNativeDiscountFactor: 2 kOldNativeDiscountFactor: 65536 old_native_bytes: 71184239 new_native_bytes: 34426872 add_bytes_allowed: 31450959 is_gc_concurrent: 1 target_footprint_: 16760366 GetBytesAllocated: 9951011 HeapGrowthMultiplier: 3
12-21 19:09:35.612  3288  3629 I com.miui.home: CheckGCForNative gc_urgency 0.839614 current_native_bytes is 105611111
12-21 19:09:35.617  3288  3629 I com.miui.home: CheckGCForNative adj_start_bytes: 32354773 NativeAllocationGcWatermark: 10483653 java_gc_start_bytes: 16629294 kNewNativeDiscountFactor: 2 kOldNativeDiscountFactor: 65536 old_native_bytes: 71184239 new_native_bytes: 45134008 add_bytes_allowed: 31450959 is_gc_concurrent: 1 target_footprint_: 16760366 GetBytesAllocated: 9958357 HeapGrowthMultiplier: 3
12-21 19:09:35.617  3288  3629 I com.miui.home: CheckGCForNative gc_urgency 1.00531 current_native_bytes is 116318247
12-21 19:09:35.617  3288  3629 I com.miui.home: CheckGCForNative requested 1
12-21 19:09:35.890  3288  3288 I com.miui.home: CheckGCForNative adj_start_bytes: 32354773 NativeAllocationGcWatermark: 10483653 java_gc_start_bytes: 16629294 kNewNativeDiscountFactor: 2 kOldNativeDiscountFactor: 65536 old_native_bytes: 71184239 new_native_bytes: 34432840 add_bytes_allowed: 31450959 is_gc_concurrent: 1 target_footprint_: 16760366 GetBytesAllocated: 10552974 HeapGrowthMultiplier: 3
12-21 19:09:35.890  3288  3288 I com.miui.home: CheckGCForNative gc_urgency 0.858312 current_native_bytes is 105617079
12-21 19:09:35.917  3288  3330 I com.miui.home: NativeAlloc concurrent copying GC freed 32325(1441KB) AllocSpace objects, 3(124KB) LOS objects, 49% free, 8754KB/17MB, paused 408us,85us total 298.682ms
12-21 19:09:35.950  3288  3288 I wm_on_resume_called: [0,92349698,com.miui.home.launcher.Launcher,RESUME_ACTIVITY,30]
12-21 19:09:35.971  3288  3288 I wm_on_idle_called: com.miui.home.launcher.Launcher
12-21 19:09:36.124  8170  8170 I wm_on_application_create_called: [0,com.autonavi.minimap,1376]
12-21 19:09:36.188  3288  3655 I com.miui.home: CheckGCForNative adj_start_bytes: 33349957 NativeAllocationGcWatermark: 10629801 java_gc_start_bytes: 17405256 kNewNativeDiscountFactor: 2 kOldNativeDiscountFactor: 65536 old_native_bytes: 105705215 new_native_bytes: 9250496 add_bytes_allowed: 31889403 is_gc_concurrent: 1 target_footprint_: 17929544 GetBytesAllocated: 10167436 HeapGrowthMultiplier: 3
12-21 19:09:36.188  3288  3655 I com.miui.home: CheckGCForNative gc_urgency 0.443608 current_native_bytes is 114955711
12-21 19:09:36.189  3288  3655 I cccccc  : createTaskSnapshotCompat:
12-21 19:09:36.194  3288  3655 I com.miui.home: CheckGCForNative adj_start_bytes: 33349957 NativeAllocationGcWatermark: 10629801 java_gc_start_bytes: 17405256 kNewNativeDiscountFactor: 2 kOldNativeDiscountFactor: 65536 old_native_bytes: 105705215 new_native_bytes: 19957648 add_bytes_allowed: 31889403 is_gc_concurrent: 1 target_footprint_: 17929544 GetBytesAllocated: 10196148 HeapGrowthMultiplier: 3
12-21 19:09:36.194  3288  3655 I com.miui.home: CheckGCForNative gc_urgency 0.604996 current_native_bytes is 125662863
12-21 19:09:36.196  3288  3629 E cccccc  : createTaskSnapshot:
12-21 19:09:36.196  3288  3629 I cccccc  : getTaskSnapshotInstance:
12-21 19:09:36.208  3288  3629 I com.miui.home: CheckGCForNative adj_start_bytes: 33349957 NativeAllocationGcWatermark: 10629801 java_gc_start_bytes: 17405256 kNewNativeDiscountFactor: 2 kOldNativeDiscountFactor: 65536 old_native_bytes: 105705215 new_native_bytes: 19959120 add_bytes_allowed: 31889403 is_gc_concurrent: 1 target_footprint_: 17929544 GetBytesAllocated: 10244840 HeapGrowthMultiplier: 3
12-21 19:09:36.208  3288  3629 I com.miui.home: CheckGCForNative gc_urgency 0.606478 current_native_bytes is 125664335
12-21 19:09:36.212  3288  8238 I com.miui.home: CheckGCForNative adj_start_bytes: 33349957 NativeAllocationGcWatermark: 10629801 java_gc_start_bytes: 17405256 kNewNativeDiscountFactor: 2 kOldNativeDiscountFactor: 65536 old_native_bytes: 105705215 new_native_bytes: 19959632 add_bytes_allowed: 31889403 is_gc_concurrent: 1 target_footprint_: 17929544 GetBytesAllocated: 10267256 HeapGrowthMultiplier: 3
12-21 19:09:36.212  3288  8238 I com.miui.home: CheckGCForNative gc_urgency 0.607158 current_native_bytes is 125664847
12-21 19:09:36.325  3288  3288 I wm_on_top_resumed_gained_called: [92349698,com.miui.home.launcher.Launcher,topStateChangedWhenResumed]
12-21 19:09:36.414  8303  8303 I wm_on_application_create_called: [0,com.autonavi.minimap,1135]
12-21 19:09:36.496  8170  8170 I wm_on_create_called: [0,171128964,com.autonavi.map.activity.SplashActivity,performCreate,243]
12-21 19:09:36.529  3288  3588 I com.miui.home: CheckGCForNative adj_start_bytes: 33349957 NativeAllocationGcWatermark: 10629801 java_gc_start_bytes: 17405256 kNewNativeDiscountFactor: 2 kOldNativeDiscountFactor: 65536 old_native_bytes: 105705215 new_native_bytes: 9316288 add_bytes_allowed: 31889403 is_gc_concurrent: 1 target_footprint_: 17929544 GetBytesAllocated: 10539020 HeapGrowthMultiplier: 3
12-21 19:09:36.529  3288  3588 I com.miui.home: CheckGCForNative gc_urgency 0.455736 current_native_bytes is 115021503
12-21 19:09:36.640  3288  3588 I com.miui.home: CheckGCForNative adj_start_bytes: 33349957 NativeAllocationGcWatermark: 10629801 java_gc_start_bytes: 17405256 kNewNativeDiscountFactor: 2 kOldNativeDiscountFactor: 65536 old_native_bytes: 105705215 new_native_bytes: 9310296 add_bytes_allowed: 31889403 is_gc_concurrent: 1 target_footprint_: 17929544 GetBytesAllocated: 10610793 HeapGrowthMultiplier: 3
12-21 19:09:36.640  3288  3588 I com.miui.home: CheckGCForNative gc_urgency 0.457798 current_native_bytes is 115015511
12-21 19:09:36.680  3288  3664 D cccccc  : onTaskStackChangedBackground
12-21 19:09:36.703  3288  3583 I com.miui.home: CheckGCForNative adj_start_bytes: 33349957 NativeAllocationGcWatermark: 10629801 java_gc_start_bytes: 17405256 kNewNativeDiscountFactor: 2 kOldNativeDiscountFactor: 65536 old_native_bytes: 105705215 new_native_bytes: 20079320 add_bytes_allowed: 31889403 is_gc_concurrent: 1 target_footprint_: 17929544 GetBytesAllocated: 10629148 HeapGrowthMultiplier: 3
12-21 19:09:36.704  3288  3583 I com.miui.home: CheckGCForNative gc_urgency 0.619803 current_native_bytes is 125784535
12-21 19:09:36.709  3288  3583 I cccccc  : createTaskSnapshotCompat:
12-21 19:09:36.727  3288  3583 I com.miui.home: CheckGCForNative adj_start_bytes: 33349957 NativeAllocationGcWatermark: 10629801 java_gc_start_bytes: 17405256 kNewNativeDiscountFactor: 2 kOldNativeDiscountFactor: 65536 old_native_bytes: 105705215 new_native_bytes: 30828632 add_bytes_allowed: 31889403 is_gc_concurrent: 1 target_footprint_: 17929544 GetBytesAllocated: 10651335 HeapGrowthMultiplier: 3
12-21 19:09:36.727  3288  3583 I com.miui.home: CheckGCForNative gc_urgency 0.781628 current_native_bytes is 136533847
12-21 19:09:36.744  3288  3364 D cccccc  : onTaskStackChangedBackground
12-21 19:09:36.949  8170  8170 I wm_on_create_called: [0,3636235,com.autonavi.map.activity.NewMapActivity,performCreate,334]
12-21 19:09:36.975  3288  3288 I wm_on_top_resumed_lost_called: [92349698,com.miui.home.launcher.Launcher,topStateChangedWhenResumed]
12-21 19:09:37.115  8170  8170 I wm_on_start_called: [0,3636235,com.autonavi.map.activity.NewMapActivity,handleStartActivity,165]
12-21 19:09:37.130  3288  3370 D cccccc  : onTaskStackChangedBackground
12-21 19:09:37.132  8170  8170 I wm_on_resume_called: [0,3636235,com.autonavi.map.activity.NewMapActivity,RESUME_ACTIVITY,9]
12-21 19:09:37.134  3288  3370 D cccccc  : onTaskStackChangedBackground
12-21 19:09:37.233  8170  8170 I wm_on_destroy_called: [0,171128964,com.autonavi.map.activity.SplashActivity,performDestroy,0]
12-21 19:09:37.235  8170  8170 I wm_on_paused_called: [0,3636235,com.autonavi.map.activity.NewMapActivity,performPause,1]
12-21 19:09:37.245  3288  3288 I wm_on_paused_called: [0,92349698,com.miui.home.launcher.Launcher,performPause,3]
12-21 19:09:37.383  8170  8170 I wm_on_stop_called: [0,3636235,com.autonavi.map.activity.NewMapActivity,STOP_ACTIVITY_ITEM,4]
12-21 19:09:37.392  8170  8170 I wm_on_idle_called: com.autonavi.map.activity.NewMapActivity
12-21 19:09:37.527  3288  3629 E cccccc  : createTaskSnapshot:
12-21 19:09:37.527  3288  3629 I cccccc  : getTaskSnapshotInstance:
12-21 19:09:37.540  3288  3629 I com.miui.home: CheckGCForNative adj_start_bytes: 33349957 NativeAllocationGcWatermark: 10629801 java_gc_start_bytes: 17405256 kNewNativeDiscountFactor: 2 kOldNativeDiscountFactor: 65536 old_native_bytes: 105705215 new_native_bytes: 31328188 add_bytes_allowed: 31889403 is_gc_concurrent: 1 target_footprint_: 17929544 GetBytesAllocated: 11747455 HeapGrowthMultiplier: 3
12-21 19:09:37.540  3288  3629 I com.miui.home: CheckGCForNative gc_urgency 0.821985 current_native_bytes is 137033403
12-21 19:09:37.564  3288  3337 D cccccc  : onTaskStackChangedBackground
12-21 19:09:37.572  3288  3370 D cccccc  : onTaskStackChangedBackground
12-21 19:09:37.608  3288  3588 I com.miui.home: CheckGCForNative adj_start_bytes: 33349957 NativeAllocationGcWatermark: 10629801 java_gc_start_bytes: 17405256 kNewNativeDiscountFactor: 2 kOldNativeDiscountFactor: 65536 old_native_bytes: 105705215 new_native_bytes: 20998140 add_bytes_allowed: 31889403 is_gc_concurrent: 1 target_footprint_: 17929544 GetBytesAllocated: 11834035 HeapGrowthMultiplier: 3
12-21 19:09:37.608  3288  3588 I com.miui.home: CheckGCForNative gc_urgency 0.669708 current_native_bytes is 126703355
12-21 19:09:37.932  3288  3588 I com.miui.home: CheckGCForNative adj_start_bytes: 33349957 NativeAllocationGcWatermark: 10629801 java_gc_start_bytes: 17405256 kNewNativeDiscountFactor: 2 kOldNativeDiscountFactor: 65536 old_native_bytes: 105705215 new_native_bytes: 21145548 add_bytes_allowed: 31889403 is_gc_concurrent: 1 target_footprint_: 17929544 GetBytesAllocated: 12139426 HeapGrowthMultiplier: 3
12-21 19:09:37.932  3288  3588 I com.miui.home: CheckGCForNative gc_urgency 0.681075 current_native_bytes is 126850763
12-21 19:09:38.055  8661  8661 I wm_on_create_called: [0,162254210,fm.qingting.qtradio.WelcomeActivity,performCreate,107]
12-21 19:09:38.056  8661  8661 I wm_on_start_called: [0,162254210,fm.qingting.qtradio.WelcomeActivity,handleStartActivity,1]
12-21 19:09:38.069  8661  8661 I wm_on_resume_called: [0,162254210,fm.qingting.qtradio.WelcomeActivity,RESUME_ACTIVITY,9]
12-21 19:09:38.101  3288  3288 I com.miui.home: CheckGCForNative adj_start_bytes: 33349957 NativeAllocationGcWatermark: 10629801 java_gc_start_bytes: 17405256 kNewNativeDiscountFactor: 2 kOldNativeDiscountFactor: 65536 old_native_bytes: 105705215 new_native_bytes: 21198156 add_bytes_allowed: 31889403 is_gc_concurrent: 1 target_footprint_: 17929544 GetBytesAllocated: 12283701 HeapGrowthMultiplier: 3
12-21 19:09:38.101  3288  3288 I com.miui.home: CheckGCForNative gc_urgency 0.68619 current_native_bytes is 126903371
12-21 19:09:38.149  8661  8661 I wm_on_top_resumed_gained_called: [162254210,fm.qingting.qtradio.WelcomeActivity,topStateChangedWhenResumed]
12-21 19:09:38.258  3288  3629 E cccccc  : createTaskSnapshot:
12-21 19:09:38.258  3288  3629 I cccccc  : getTaskSnapshotInstance:
12-21 19:09:38.472  3288  3629 E cccccc  : createTaskSnapshot:
12-21 19:09:38.472  3288  3629 I cccccc  : getTaskSnapshotInstance:
12-21 19:09:38.573  3288  3288 I wm_on_stop_called: [0,92349698,com.miui.home.launcher.Launcher,STOP_ACTIVITY_ITEM,23]
12-21 19:09:38.621  8614  8614 I wm_on_application_create_called: [0,com.android.settings,248]
12-21 19:09:38.896  3288  3288 I wm_on_restart_called: [0,92349698,com.miui.home.launcher.Launcher,,0]
12-21 19:09:38.898  3288  3288 I wm_on_start_called: [0,92349698,com.miui.home.launcher.Launcher,handleStartActivity,1]
12-21 19:09:38.920  3288  3288 I wm_on_resume_called: [0,92349698,com.miui.home.launcher.Launcher,RESUME_ACTIVITY,20]
12-21 19:09:38.944  3288  3288 I com.miui.home: CheckGCForNative adj_start_bytes: 33349957 NativeAllocationGcWatermark: 10629801 java_gc_start_bytes: 17405256 kNewNativeDiscountFactor: 2 kOldNativeDiscountFactor: 65536 old_native_bytes: 105705215 new_native_bytes: 21637160 add_bytes_allowed: 31889403 is_gc_concurrent: 1 target_footprint_: 17929544 GetBytesAllocated: 13652606 HeapGrowthMultiplier: 3
12-21 19:09:38.944  3288  3288 I com.miui.home: CheckGCForNative gc_urgency 0.733818 current_native_bytes is 127342375
12-21 19:09:38.957  8661  8661 I wm_on_top_resumed_lost_called: [162254210,fm.qingting.qtradio.WelcomeActivity,topStateChangedWhenResumed]
12-21 19:09:38.993  8661  8661 I wm_on_idle_called: fm.qingting.qtradio.WelcomeActivity
12-21 19:09:38.997  3288  3288 I wm_on_top_resumed_gained_called: [92349698,com.miui.home.launcher.Launcher,topStateChangedWhenResumed]
12-21 19:09:38.998  3288  3288 I wm_on_idle_called: com.miui.home.launcher.Launcher
12-21 19:09:39.198  3288  3370 I com.miui.home: CheckGCForNative adj_start_bytes: 33349957 NativeAllocationGcWatermark: 10629801 java_gc_start_bytes: 17405256 kNewNativeDiscountFactor: 2 kOldNativeDiscountFactor: 65536 old_native_bytes: 105705215 new_native_bytes: 32531568 add_bytes_allowed: 31889403 is_gc_concurrent: 1 target_footprint_: 17929544 GetBytesAllocated: 13733245 HeapGrowthMultiplier: 3
12-21 19:09:39.198  3288  3370 I com.miui.home: CheckGCForNative gc_urgency 0.899571 current_native_bytes is 138236783
12-21 19:09:39.198  3288  3370 I cccccc  : createTaskSnapshotCompat:
12-21 19:09:39.199  3288  3370 I com.miui.home: CheckGCForNative adj_start_bytes: 33349957 NativeAllocationGcWatermark: 10629801 java_gc_start_bytes: 17405256 kNewNativeDiscountFactor: 2 kOldNativeDiscountFactor: 65536 old_native_bytes: 105705215 new_native_bytes: 43238512 add_bytes_allowed: 31889403 is_gc_concurrent: 1 target_footprint_: 17929544 GetBytesAllocated: 13743602 HeapGrowthMultiplier: 3
12-21 19:09:39.199  3288  3370 I com.miui.home: CheckGCForNative gc_urgency 1.06041 current_native_bytes is 148943727
12-21 19:09:39.199  3288  3370 I com.miui.home: CheckGCForNative requested 1
12-21 19:09:39.480  3288  3588 I com.miui.home: CheckGCForNative adj_start_bytes: 33349957 NativeAllocationGcWatermark: 10629801 java_gc_start_bytes: 17405256 kNewNativeDiscountFactor: 2 kOldNativeDiscountFactor: 65536 old_native_bytes: 105705215 new_native_bytes: 32705360 add_bytes_allowed: 31889403 is_gc_concurrent: 1 target_footprint_: 17929544 GetBytesAllocated: 14298924 HeapGrowthMultiplier: 3
12-21 19:09:39.480  3288  3588 I com.miui.home: CheckGCForNative gc_urgency 0.919138 current_native_bytes is 138410575
12-21 19:09:39.683  3288  3330 I com.miui.home: NativeAlloc concurrent copying GC freed 124286(5212KB) AllocSpace objects, 6(312KB) LOS objects, 50% free, 8822KB/17MB, paused 561us,289us total 482.512ms
12-21 19:09:39.693  8661  8661 I wm_on_paused_called: [0,162254210,fm.qingting.qtradio.WelcomeActivity,performPause,2]
12-21 19:09:39.721  3288  3583 I cccccc  : createTaskSnapshotCompat:
12-21 19:09:39.836  8661  8661 I wm_on_stop_called: [0,162254210,fm.qingting.qtradio.WelcomeActivity,STOP_ACTIVITY_ITEM,2]
12-21 19:09:39.849  3288  3370 D cccccc  : onTaskStackChangedBackground
12-21 19:09:39.856  3288  3655 D cccccc  : onTaskStackChangedBackground
12-21 19:09:39.860  3288  3629 I com.miui.home: CheckGCForNative gc_urgency 0 current_native_bytes is 127212951
12-21 19:09:39.961  3288  3288 I wm_on_top_resumed_lost_called: [92349698,com.miui.home.launcher.Launcher,topStateChangedWhenResumed]
12-21 19:09:39.965  3288  3288 I wm_on_paused_called: [0,92349698,com.miui.home.launcher.Launcher,performPause,3]
12-21 19:09:39.986  3288  3655 D cccccc  : onTaskStackChangedBackground
12-21 19:09:39.992  3288  3655 D cccccc  : onTaskStackChangedBackground
12-21 19:09:40.080  3288  3364 D cccccc  : onTaskStackChangedBackground
12-21 19:09:40.091  3288  3370 D cccccc  : onTaskStackChangedBackground
12-21 19:09:40.204  3288  3588 I com.miui.home: CheckGCForNative adj_start_bytes: 33515861 NativeAllocationGcWatermark: 10647264 java_gc_start_bytes: 17544965 kNewNativeDiscountFactor: 2 kOldNativeDiscountFactor: 65536 old_native_bytes: 127212951 new_native_bytes: 1894944 add_bytes_allowed: 31941792 is_gc_concurrent: 1 target_footprint_: 18069253 GetBytesAllocated: 10216180 HeapGrowthMultiplier: 3
12-21 19:09:40.204  3288  3588 I com.miui.home: CheckGCForNative gc_urgency 0.333144 current_native_bytes is 129107895
12-21 19:09:40.301  3288  3629 E cccccc  : createTaskSnapshot:
12-21 19:09:40.301  3288  3629 I cccccc  : getTaskSnapshotInstance:
12-21 19:09:40.308  3288  3629 I com.miui.home: CheckGCForNative adj_start_bytes: 33515861 NativeAllocationGcWatermark: 10647264 java_gc_start_bytes: 17544965 kNewNativeDiscountFactor: 2 kOldNativeDiscountFactor: 65536 old_native_bytes: 127212951 new_native_bytes: 13376644 add_bytes_allowed: 31941792 is_gc_concurrent: 1 target_footprint_: 18069253 GetBytesAllocated: 10311395 HeapGrowthMultiplier: 3
12-21 19:09:40.310  3288  3629 I com.miui.home: CheckGCForNative gc_urgency 0.507272 current_native_bytes is 140589595
12-21 19:09:40.460  3288  3588 I com.miui.home: CheckGCForNative adj_start_bytes: 33515861 NativeAllocationGcWatermark: 10647264 java_gc_start_bytes: 17544965 kNewNativeDiscountFactor: 2 kOldNativeDiscountFactor: 65536 old_native_bytes: 127212951 new_native_bytes: 2652024 add_bytes_allowed: 31941792 is_gc_concurrent: 1 target_footprint_: 18069253 GetBytesAllocated: 10591831 HeapGrowthMultiplier: 3
12-21 19:09:40.460  3288  3588 I com.miui.home: CheckGCForNative gc_urgency 0.355646 current_native_bytes is 129864975
12-21 19:09:40.653  3288  3588 I com.miui.home: CheckGCForNative adj_start_bytes: 33515861 NativeAllocationGcWatermark: 10647264 java_gc_start_bytes: 17544965 kNewNativeDiscountFactor: 2 kOldNativeDiscountFactor: 65536 old_native_bytes: 127212951 new_native_bytes: 2754360 add_bytes_allowed: 31941792 is_gc_concurrent: 1 target_footprint_: 18069253 GetBytesAllocated: 10971242 HeapGrowthMultiplier: 3
12-21 19:09:40.653  3288  3588 I com.miui.home: CheckGCForNative gc_urgency 0.368493 current_native_bytes is 129967311
12-21 19:09:40.665  3288  3629 E cccccc  : createTaskSnapshot:
12-21 19:09:40.666  3288  3629 I cccccc  : getTaskSnapshotInstance:
12-21 19:09:41.769  3288  3288 I wm_on_resume_called: [0,92349698,com.miui.home.launcher.Launcher,RESUME_ACTIVITY,19]
12-21 19:09:41.789  3288  3288 I wm_on_idle_called: com.miui.home.launcher.Launcher
12-21 19:09:41.836  9082  9082 I wm_on_application_create_called: [0,com.ss.android.ugc.aweme,598]
12-21 19:09:41.857  3288  3655 I com.miui.home: CheckGCForNative adj_start_bytes: 33515861 NativeAllocationGcWatermark: 10647264 java_gc_start_bytes: 17544965 kNewNativeDiscountFactor: 2 kOldNativeDiscountFactor: 65536 old_native_bytes: 127212951 new_native_bytes: 13434636 add_bytes_allowed: 31941792 is_gc_concurrent: 1 target_footprint_: 18069253 GetBytesAllocated: 12144147 HeapGrowthMultiplier: 3
12-21 19:09:41.857  3288  3655 I com.miui.home: CheckGCForNative gc_urgency 0.56282 current_native_bytes is 140647587
12-21 19:09:41.857  3288  3655 I cccccc  : createTaskSnapshotCompat:
12-21 19:09:41.860  3288  3655 I com.miui.home: CheckGCForNative adj_start_bytes: 33515861 NativeAllocationGcWatermark: 10647264 java_gc_start_bytes: 17544965 kNewNativeDiscountFactor: 2 kOldNativeDiscountFactor: 65536 old_native_bytes: 127212951 new_native_bytes: 24141772 add_bytes_allowed: 31941792 is_gc_concurrent: 1 target_footprint_: 18069253 GetBytesAllocated: 12175681 HeapGrowthMultiplier: 3
12-21 19:09:41.860  3288  3655 I com.miui.home: CheckGCForNative gc_urgency 0.723494 current_native_bytes is 151354723
12-21 19:09:41.867  3288  3588 I com.miui.home: CheckGCForNative adj_start_bytes: 33515861 NativeAllocationGcWatermark: 10647264 java_gc_start_bytes: 17544965 kNewNativeDiscountFactor: 2 kOldNativeDiscountFactor: 65536 old_native_bytes: 127212951 new_native_bytes: 13435852 add_bytes_allowed: 31941792 is_gc_concurrent: 1 target_footprint_: 18069253 GetBytesAllocated: 12222251 HeapGrowthMultiplier: 3
12-21 19:09:41.867  3288  3588 I com.miui.home: CheckGCForNative gc_urgency 0.565169 current_native_bytes is 140648803
12-21 19:09:42.174  3288  3288 I wm_on_top_resumed_gained_called: [92349698,com.miui.home.launcher.Launcher,topStateChangedWhenResumed]
12-21 19:09:42.175  3288  3588 I com.miui.home: CheckGCForNative adj_start_bytes: 33515861 NativeAllocationGcWatermark: 10647264 java_gc_start_bytes: 17544965 kNewNativeDiscountFactor: 2 kOldNativeDiscountFactor: 65536 old_native_bytes: 127212951 new_native_bytes: 13454828 add_bytes_allowed: 31941792 is_gc_concurrent: 1 target_footprint_: 18069253 GetBytesAllocated: 12529031 HeapGrowthMultiplier: 3
12-21 19:09:42.175  3288  3588 I com.miui.home: CheckGCForNative gc_urgency 0.574605 current_native_bytes is 140667779
12-21 19:09:42.253  3288  3588 I com.miui.home: CheckGCForNative adj_start_bytes: 33515861 NativeAllocationGcWatermark: 10647264 java_gc_start_bytes: 17544965 kNewNativeDiscountFactor: 2 kOldNativeDiscountFactor: 65536 old_native_bytes: 127212951 new_native_bytes: 13463020 add_bytes_allowed: 31941792 is_gc_concurrent: 1 target_footprint_: 18069253 GetBytesAllocated: 12565179 HeapGrowthMultiplier: 3
12-21 19:09:42.253  3288  3588 I com.miui.home: CheckGCForNative gc_urgency 0.575806 current_native_bytes is 140675971
12-21 19:09:42.333  3288  3583 I com.miui.home: CheckGCForNative adj_start_bytes: 33515861 NativeAllocationGcWatermark: 10647264 java_gc_start_bytes: 17544965 kNewNativeDiscountFactor: 2 kOldNativeDiscountFactor: 65536 old_native_bytes: 127212951 new_native_bytes: 24194956 add_bytes_allowed: 31941792 is_gc_concurrent: 1 target_footprint_: 18069253 GetBytesAllocated: 12615440 HeapGrowthMultiplier: 3
12-21 19:09:42.333  3288  3583 I com.miui.home: CheckGCForNative gc_urgency 0.737408 current_native_bytes is 151407907
12-21 19:09:42.333  3288  3583 I cccccc  : createTaskSnapshotCompat:
12-21 19:09:42.338  3288  3583 I com.miui.home: CheckGCForNative adj_start_bytes: 33515861 NativeAllocationGcWatermark: 10647264 java_gc_start_bytes: 17544965 kNewNativeDiscountFactor: 2 kOldNativeDiscountFactor: 65536 old_native_bytes: 127212951 new_native_bytes: 34891436 add_bytes_allowed: 31941792 is_gc_concurrent: 1 target_footprint_: 18069253 GetBytesAllocated: 12631555 HeapGrowthMultiplier: 3
12-21 19:09:42.338  3288  3583 I com.miui.home: CheckGCForNative gc_urgency 0.897462 current_native_bytes is 162104387
12-21 19:09:42.627  9082  9082 I wm_on_create_called: [0,174180191,com.ss.android.ugc.aweme.splash.SplashActivity,performCreate,628]
12-21 19:09:42.654  3288  3288 I wm_on_top_resumed_lost_called: [92349698,com.miui.home.launcher.Launcher,topStateChangedWhenResumed]
12-21 19:09:42.668  3288  3370 D cccccc  : onTaskStackChangedBackground
12-21 19:09:42.670  3288  3370 D cccccc  : onTaskStackChangedBackground
12-21 19:09:42.857  3288  3288 I wm_on_paused_called: [0,92349698,com.miui.home.launcher.Launcher,performPause,2]
12-21 19:09:42.968  3288  6584 D cccccc  : onTaskStackChangedBackground
12-21 19:09:42.969  3288  3364 D cccccc  : onTaskStackChangedBackground
12-21 19:09:43.006  3288  3629 E cccccc  : createTaskSnapshot:
12-21 19:09:43.006  3288  3629 I cccccc  : getTaskSnapshotInstance:
12-21 19:09:43.041  3288  3629 I com.miui.home: CheckGCForNative adj_start_bytes: 33515861 NativeAllocationGcWatermark: 10647264 java_gc_start_bytes: 17544965 kNewNativeDiscountFactor: 2 kOldNativeDiscountFactor: 65536 old_native_bytes: 127212951 new_native_bytes: 35566432 add_bytes_allowed: 31941792 is_gc_concurrent: 1 target_footprint_: 18069253 GetBytesAllocated: 13804471 HeapGrowthMultiplier: 3
12-21 19:09:43.041  3288  3629 I com.miui.home: CheckGCForNative gc_urgency 0.942528 current_native_bytes is 162779383
12-21 19:09:43.054  9082  9082 I wm_on_start_called: [0,174180191,com.ss.android.ugc.aweme.splash.SplashActivity,handleStartActivity,425]
12-21 19:09:43.064  3288  3370 I com.miui.home: CheckGCForNative adj_start_bytes: 33515861 NativeAllocationGcWatermark: 10647264 java_gc_start_bytes: 17544965 kNewNativeDiscountFactor: 2 kOldNativeDiscountFactor: 65536 old_native_bytes: 127212951 new_native_bytes: 24887176 add_bytes_allowed: 31941792 is_gc_concurrent: 1 target_footprint_: 18069253 GetBytesAllocated: 13863807 HeapGrowthMultiplier: 3
12-21 19:09:43.064  3288  3370 I com.miui.home: CheckGCForNative gc_urgency 0.784982 current_native_bytes is 152100127
12-21 19:09:43.107  3288  3533 E cccccc  : createTaskSnapshot:
12-21 19:09:43.107  3288  3533 I cccccc  : getTaskSnapshotInstance:
12-21 19:09:43.305  3288  3533 E cccccc  : createTaskSnapshot:
12-21 19:09:43.305  3288  3533 I cccccc  : getTaskSnapshotInstance:
12-21 19:09:43.322  3288  3588 I com.miui.home: CheckGCForNative adj_start_bytes: 33515861 NativeAllocationGcWatermark: 10647264 java_gc_start_bytes: 17544965 kNewNativeDiscountFactor: 2 kOldNativeDiscountFactor: 65536 old_native_bytes: 127212951 new_native_bytes: 25377036 add_bytes_allowed: 31941792 is_gc_concurrent: 1 target_footprint_: 18069253 GetBytesAllocated: 14618858 HeapGrowthMultiplier: 3
12-21 19:09:43.322  3288  3588 I com.miui.home: CheckGCForNative gc_urgency 0.814818 current_native_bytes is 152589987
12-21 19:09:43.511  3288  3588 I com.miui.home: CheckGCForNative adj_start_bytes: 33515861 NativeAllocationGcWatermark: 10647264 java_gc_start_bytes: 17544965 kNewNativeDiscountFactor: 2 kOldNativeDiscountFactor: 65536 old_native_bytes: 127212951 new_native_bytes: 25337164 add_bytes_allowed: 31941792 is_gc_concurrent: 1 target_footprint_: 18069253 GetBytesAllocated: 14683379 HeapGrowthMultiplier: 3
12-21 19:09:43.511  3288  3588 I com.miui.home: CheckGCForNative gc_urgency 0.816148 current_native_bytes is 152550115
12-21 19:09:43.849  9082  9082 I wm_on_resume_called: [0,174180191,com.ss.android.ugc.aweme.splash.SplashActivity,RESUME_ACTIVITY,179]
12-21 19:09:43.861  9602  9602 I wm_on_create_called: [0,52715676,com.eg.android.AlipayGphone.AlipayLogin,performCreate,106]
12-21 19:09:43.866  9602  9602 I wm_on_start_called: [0,52715676,com.eg.android.AlipayGphone.AlipayLogin,handleStartActivity,5]
12-21 19:09:43.878  9602  9602 I wm_on_resume_called: [0,52715676,com.eg.android.AlipayGphone.AlipayLogin,RESUME_ACTIVITY,9]
12-21 19:09:43.908  9602  9602 I wm_on_top_resumed_gained_called: [52715676,com.eg.android.AlipayGphone.AlipayLogin,topStateChangedWhenResumed]
12-21 19:09:44.245  9629  9629 I wm_on_application_create_called: [0,com.ss.android.ugc.aweme,537]
12-21 19:09:44.566  3288  3288 I wm_on_resume_called: [0,92349698,com.miui.home.launcher.Launcher,RESUME_ACTIVITY,19]
12-21 19:09:44.578  3288  3288 I wm_on_idle_called: com.miui.home.launcher.Launcher
12-21 19:09:44.638  3288  3559 I com.miui.home: CheckGCForNative adj_start_bytes: 33515861 NativeAllocationGcWatermark: 10647264 java_gc_start_bytes: 17544965 kNewNativeDiscountFactor: 2 kOldNativeDiscountFactor: 65536 old_native_bytes: 127212951 new_native_bytes: 25227832 add_bytes_allowed: 31941792 is_gc_concurrent: 1 target_footprint_: 18069253 GetBytesAllocated: 15368788 HeapGrowthMultiplier: 3
12-21 19:09:44.638  3288  3559 I com.miui.home: CheckGCForNative gc_urgency 0.834967 current_native_bytes is 152440783
12-21 19:09:44.764  3288  3664 I com.miui.home: CheckGCForNative adj_start_bytes: 33515861 NativeAllocationGcWatermark: 10647264 java_gc_start_bytes: 17544965 kNewNativeDiscountFactor: 2 kOldNativeDiscountFactor: 65536 old_native_bytes: 127212951 new_native_bytes: 36035232 add_bytes_allowed: 31941792 is_gc_concurrent: 1 target_footprint_: 18069253 GetBytesAllocated: 16070768 HeapGrowthMultiplier: 3
12-21 19:09:44.764  3288  3664 I com.miui.home: CheckGCForNative gc_urgency 1.01714 current_native_bytes is 163248183
12-21 19:09:44.764  3288  3664 I com.miui.home: CheckGCForNative requested 1
12-21 19:09:44.764  3288  3664 I cccccc  : createTaskSnapshotCompat:
12-21 19:09:44.765  3288  3664 I com.miui.home: CheckGCForNative adj_start_bytes: 33515861 NativeAllocationGcWatermark: 10647264 java_gc_start_bytes: 17544965 kNewNativeDiscountFactor: 2 kOldNativeDiscountFactor: 65536 old_native_bytes: 127212951 new_native_bytes: 46742176 add_bytes_allowed: 31941792 is_gc_concurrent: 1 target_footprint_: 18069253 GetBytesAllocated: 16070960 HeapGrowthMultiplier: 3
12-21 19:09:44.765  3288  3664 I com.miui.home: CheckGCForNative gc_urgency 1.17688 current_native_bytes is 173955127
12-21 19:09:44.771  3288  3664 I com.miui.home: CheckGCForNative requested 1
12-21 19:09:44.980  3288  3288 I wm_on_top_resumed_gained_called: [92349698,com.miui.home.launcher.Launcher,topStateChangedWhenResumed]
12-21 19:09:45.043  3288  3588 I com.miui.home: CheckGCForNative adj_start_bytes: 33515861 NativeAllocationGcWatermark: 10647264 java_gc_start_bytes: 17544965 kNewNativeDiscountFactor: 2 kOldNativeDiscountFactor: 65536 old_native_bytes: 127212951 new_native_bytes: 36089104 add_bytes_allowed: 31941792 is_gc_concurrent: 1 target_footprint_: 18069253 GetBytesAllocated: 16393729 HeapGrowthMultiplier: 3
12-21 19:09:45.043  3288  3588 I com.miui.home: CheckGCForNative gc_urgency 1.02758 current_native_bytes is 163302055
12-21 19:09:45.043  3288  3588 I com.miui.home: CheckGCForNative requested 1
12-21 19:09:45.074  3288  3330 I com.miui.home: NativeAlloc concurrent copying GC freed 168045(7025KB) AllocSpace objects, 10(448KB) LOS objects, 49% free, 8535KB/16MB, paused 397us,130us total 308.915ms
12-21 19:09:45.121  3288  3588 I com.miui.home: CheckGCForNative gc_urgency 0 current_native_bytes is 130991699
12-21 19:09:45.263  3288  3583 I com.miui.home: CheckGCForNative adj_start_bytes: 33019574 NativeAllocationGcWatermark: 10573811 java_gc_start_bytes: 17158858 kNewNativeDiscountFactor: 2 kOldNativeDiscountFactor: 65536 old_native_bytes: 130991699 new_native_bytes: 8675956 add_bytes_allowed: 31721433 is_gc_concurrent: 1 target_footprint_: 17481627 GetBytesAllocated: 8901900 HeapGrowthMultiplier: 3
12-21 19:09:45.263  3288  3583 I com.miui.home: CheckGCForNative gc_urgency 0.401031 current_native_bytes is 139667655
12-21 19:09:45.263  3288  3583 I cccccc  : createTaskSnapshotCompat:
12-21 19:09:45.264  3288  3583 I com.miui.home: CheckGCForNative adj_start_bytes: 33019574 NativeAllocationGcWatermark: 10573811 java_gc_start_bytes: 17158858 kNewNativeDiscountFactor: 2 kOldNativeDiscountFactor: 65536 old_native_bytes: 130991699 new_native_bytes: 19383220 add_bytes_allowed: 31721433 is_gc_concurrent: 1 target_footprint_: 17481627 GetBytesAllocated: 8902092 HeapGrowthMultiplier: 3
12-21 19:09:45.264  3288  3583 I com.miui.home: CheckGCForNative gc_urgency 0.563172 current_native_bytes is 150374919
12-21 19:09:45.606  9966  9966 I wm_on_application_create_called: [0,com.eg.android.AlipayGphone,384]
12-21 19:09:45.707  3288  3288 I wm_on_top_resumed_lost_called: [92349698,com.miui.home.launcher.Launcher,topStateChangedWhenResumed]
12-21 19:09:45.733  3288  3664 D cccccc  : onTaskStackChangedBackground
12-21 19:09:45.745  3288  3664 D cccccc  : onTaskStackChangedBackground
12-21 19:09:45.787  3288  3288 I wm_on_paused_called: [0,92349698,com.miui.home.launcher.Launcher,performPause,3]
12-21 19:09:46.010  3288  3629 I com.miui.home: CheckGCForNative adj_start_bytes: 33019574 NativeAllocationGcWatermark: 10573811 java_gc_start_bytes: 17158858 kNewNativeDiscountFactor: 2 kOldNativeDiscountFactor: 65536 old_native_bytes: 130991699 new_native_bytes: 9403092 add_bytes_allowed: 31721433 is_gc_concurrent: 1 target_footprint_: 17481627 GetBytesAllocated: 9702190 HeapGrowthMultiplier: 3
12-21 19:09:46.010  3288  3629 I com.miui.home: CheckGCForNative gc_urgency 0.436279 current_native_bytes is 140394791
12-21 19:09:46.023  3288  3370 D cccccc  : onTaskStackChangedBackground
12-21 19:09:46.023  3288  3364 D cccccc  : onTaskStackChangedBackground
12-21 19:09:46.318  3288  3629 E cccccc  : createTaskSnapshot:
12-21 19:09:46.318  3288  3629 I cccccc  : getTaskSnapshotInstance:
12-21 19:09:46.324  3288  3588 I com.miui.home: CheckGCForNative adj_start_bytes: 33019574 NativeAllocationGcWatermark: 10573811 java_gc_start_bytes: 17158858 kNewNativeDiscountFactor: 2 kOldNativeDiscountFactor: 65536 old_native_bytes: 130991699 new_native_bytes: 9462744 add_bytes_allowed: 31721433 is_gc_concurrent: 1 target_footprint_: 17481627 GetBytesAllocated: 10235633 HeapGrowthMultiplier: 3
12-21 19:09:46.324  3288  3588 I com.miui.home: CheckGCForNative gc_urgency 0.453337 current_native_bytes is 140454443
12-21 19:09:46.345  3288  3533 E cccccc  : createTaskSnapshot:
12-21 19:09:46.345  3288  3533 I cccccc  : getTaskSnapshotInstance:
12-21 19:09:46.361  3288  3533 I com.miui.home: CheckGCForNative adj_start_bytes: 33019574 NativeAllocationGcWatermark: 10573811 java_gc_start_bytes: 17158858 kNewNativeDiscountFactor: 2 kOldNativeDiscountFactor: 65536 old_native_bytes: 130991699 new_native_bytes: 20195736 add_bytes_allowed: 31721433 is_gc_concurrent: 1 target_footprint_: 17481627 GetBytesAllocated: 10312749 HeapGrowthMultiplier: 3
12-21 19:09:46.362  3288  3533 I com.miui.home: CheckGCForNative gc_urgency 0.618197 current_native_bytes is 151187435
12-21 19:09:46.391  3288  3588 I com.miui.home: CheckGCForNative adj_start_bytes: 33019574 NativeAllocationGcWatermark: 10573811 java_gc_start_bytes: 17158858 kNewNativeDiscountFactor: 2 kOldNativeDiscountFactor: 65536 old_native_bytes: 130991699 new_native_bytes: 22284312 add_bytes_allowed: 31721433 is_gc_concurrent: 1 target_footprint_: 17481627 GetBytesAllocated: 10356555 HeapGrowthMultiplier: 3
12-21 19:09:46.391  3288  3588 I com.miui.home: CheckGCForNative gc_urgency 0.65115 current_native_bytes is 153276011
12-21 19:09:46.401  3288  3533 I com.miui.home: CheckGCForNative adj_start_bytes: 33019574 NativeAllocationGcWatermark: 10573811 java_gc_start_bytes: 17158858 kNewNativeDiscountFactor: 2 kOldNativeDiscountFactor: 65536 old_native_bytes: 130991699 new_native_bytes: 34867224 add_bytes_allowed: 31721433 is_gc_concurrent: 1 target_footprint_: 17481627 GetBytesAllocated: 10370020 HeapGrowthMultiplier: 3
12-21 19:09:46.401  3288  3533 I com.miui.home: CheckGCForNative gc_urgency 0.842095 current_native_bytes is 165858923
12-21 19:09:46.401  3288  3533 I com.miui.home: CheckGCForNative adj_start_bytes: 33019574 NativeAllocationGcWatermark: 10573811 java_gc_start_bytes: 17158858 kNewNativeDiscountFactor: 2 kOldNativeDiscountFactor: 65536 old_native_bytes: 130991699 new_native_bytes: 23070744 add_bytes_allowed: 31721433 is_gc_concurrent: 1 target_footprint_: 17481627 GetBytesAllocated: 10370020 HeapGrowthMultiplier: 3
12-21 19:09:46.401  3288  3533 I com.miui.home: CheckGCForNative gc_urgency 0.663467 current_native_bytes is 154062443
12-21 19:09:46.459  3288  3533 I com.miui.home: CheckGCForNative adj_start_bytes: 33019574 NativeAllocationGcWatermark: 10573811 java_gc_start_bytes: 17158858 kNewNativeDiscountFactor: 2 kOldNativeDiscountFactor: 65536 old_native_bytes: 130991699 new_native_bytes: 23925656 add_bytes_allowed: 31721433 is_gc_concurrent: 1 target_footprint_: 17481627 GetBytesAllocated: 10494444 HeapGrowthMultiplier: 3
12-21 19:09:46.459  3288  3533 I com.miui.home: CheckGCForNative gc_urgency 0.68018 current_native_bytes is 154917355
12-21 19:09:46.658  3288  3629 E cccccc  : createTaskSnapshot:
12-21 19:09:46.658  3288  3629 I cccccc  : getTaskSnapshotInstance:
12-21 19:09:46.678  3288  3533 I com.miui.home: CheckGCForNative adj_start_bytes: 33019574 NativeAllocationGcWatermark: 10573811 java_gc_start_bytes: 17158858 kNewNativeDiscountFactor: 2 kOldNativeDiscountFactor: 65536 old_native_bytes: 130991699 new_native_bytes: 25625124 add_bytes_allowed: 31721433 is_gc_concurrent: 1 target_footprint_: 17481627 GetBytesAllocated: 10996243 HeapGrowthMultiplier: 3
12-21 19:09:46.678  3288  3533 I com.miui.home: CheckGCForNative gc_urgency 0.721112 current_native_bytes is 156616823
12-21 19:09:46.678  3288  3533 I com.miui.home: CheckGCForNative adj_start_bytes: 33019574 NativeAllocationGcWatermark: 10573811 java_gc_start_bytes: 17158858 kNewNativeDiscountFactor: 2 kOldNativeDiscountFactor: 65536 old_native_bytes: 130991699 new_native_bytes: 27076012 add_bytes_allowed: 31721433 is_gc_concurrent: 1 target_footprint_: 17481627 GetBytesAllocated: 10996243 HeapGrowthMultiplier: 3
12-21 19:09:46.678  3288  3533 I com.miui.home: CheckGCForNative gc_urgency 0.743082 current_native_bytes is 158067711
12-21 19:09:46.691  3288  3533 I com.miui.home: CheckGCForNative adj_start_bytes: 33019574 NativeAllocationGcWatermark: 10573811 java_gc_start_bytes: 17158858 kNewNativeDiscountFactor: 2 kOldNativeDiscountFactor: 65536 old_native_bytes: 130991699 new_native_bytes: 38101660 add_bytes_allowed: 31721433 is_gc_concurrent: 1 target_footprint_: 17481627 GetBytesAllocated: 11029425 HeapGrowthMultiplier: 3
12-21 19:09:46.691  3288  3533 I com.miui.home: CheckGCForNative gc_urgency 0.911043 current_native_bytes is 169093359
12-21 19:09:46.735  3288  3629 I com.miui.home: CheckGCForNative adj_start_bytes: 33019574 NativeAllocationGcWatermark: 10573811 java_gc_start_bytes: 17158858 kNewNativeDiscountFactor: 2 kOldNativeDiscountFactor: 65536 old_native_bytes: 130991699 new_native_bytes: 38075292 add_bytes_allowed: 31721433 is_gc_concurrent: 1 target_footprint_: 17481627 GetBytesAllocated: 11145874 HeapGrowthMultiplier: 3
12-21 19:09:46.736  3288  3629 I com.miui.home: CheckGCForNative gc_urgency 0.91417 current_native_bytes is 169066991
12-21 19:09:46.743 10304 10304 I wm_on_create_called: [0,18659356,com.xunmeng.pinduoduo.ui.activity.MainFrameActivity,performCreate,67]
12-21 19:09:46.838  3288  3629 E cccccc  : createTaskSnapshot:
12-21 19:09:46.838  3288  3629 I cccccc  : getTaskSnapshotInstance:
12-21 19:09:46.976 10304 10304 I wm_on_create_called: [0,225449265,com.xunmeng.pinduoduo.ui.activity.HomeActivity,performCreate,76]
12-21 19:09:46.986  3288  3655 D cccccc  : onTaskStackChangedBackground
12-21 19:09:46.986  3288  3655 D cccccc  : onTaskStackChangedBackground
12-21 19:09:46.996 10304 10304 I wm_on_start_called: [0,225449265,com.xunmeng.pinduoduo.ui.activity.HomeActivity,handleStartActivity,17]
12-21 19:09:47.004 10304 10304 I wm_on_resume_called: [0,225449265,com.xunmeng.pinduoduo.ui.activity.HomeActivity,RESUME_ACTIVITY,6]
12-21 19:09:47.061 10304 10304 I wm_on_top_resumed_gained_called: [225449265,com.xunmeng.pinduoduo.ui.activity.HomeActivity,topStateChangedWhenResumed]
12-21 19:09:47.149  3288  3629 E cccccc  : createTaskSnapshot:
12-21 19:09:47.149  3288  3629 I cccccc  : getTaskSnapshotInstance:
12-21 19:09:47.285  9602  9602 I wm_on_top_resumed_lost_called: [52715676,com.eg.android.AlipayGphone.AlipayLogin,topStateChangedWhenResumed]
12-21 19:09:47.328  9602  9602 I wm_on_paused_called: [0,52715676,com.eg.android.AlipayGphone.AlipayLogin,performPause,25]
12-21 19:09:47.369  3288  3629 E cccccc  : createTaskSnapshot:
12-21 19:09:47.370  3288  3629 I cccccc  : getTaskSnapshotInstance:
12-21 19:09:47.471  3288  3288 I wm_on_resume_called: [0,92349698,com.miui.home.launcher.Launcher,RESUME_ACTIVITY,18]
12-21 19:09:47.486  3288  3288 I wm_on_idle_called: com.miui.home.launcher.Launcher
12-21 19:09:47.608  3288  6584 I com.miui.home: CheckGCForNative adj_start_bytes: 33019574 NativeAllocationGcWatermark: 10573811 java_gc_start_bytes: 17158858 kNewNativeDiscountFactor: 2 kOldNativeDiscountFactor: 65536 old_native_bytes: 130991699 new_native_bytes: 49909404 add_bytes_allowed: 31721433 is_gc_concurrent: 1 target_footprint_: 17481627 GetBytesAllocated: 13837133 HeapGrowthMultiplier: 3
12-21 19:09:47.608  3288  6584 I com.miui.home: CheckGCForNative gc_urgency 1.17487 current_native_bytes is 180901103
12-21 19:09:47.608  3288  6584 I com.miui.home: CheckGCForNative requested 1
12-21 19:09:47.611  3288  6584 I cccccc  : createTaskSnapshotCompat:
12-21 19:09:47.637  3288  6584 I com.miui.home: CheckGCForNative adj_start_bytes: 33019574 NativeAllocationGcWatermark: 10573811 java_gc_start_bytes: 17158858 kNewNativeDiscountFactor: 2 kOldNativeDiscountFactor: 65536 old_native_bytes: 130991699 new_native_bytes: 60616540 add_bytes_allowed: 31721433 is_gc_concurrent: 1 target_footprint_: 17481627 GetBytesAllocated: 13873195 HeapGrowthMultiplier: 3
12-21 19:09:47.637  3288  6584 I com.miui.home: CheckGCForNative gc_urgency 1.3381 current_native_bytes is 191608239
12-21 19:09:47.637  3288  6584 I com.miui.home: CheckGCForNative requested 1
12-21 19:09:47.638 10304 10304 I wm_on_top_resumed_lost_called: [225449265,com.xunmeng.pinduoduo.ui.activity.HomeActivity,topStateChangedWhenResumed]
12-21 19:09:47.644  3288  3288 I wm_on_top_resumed_gained_called: [92349698,com.miui.home.launcher.Launcher,topStateChangedWhenResumed]
12-21 19:09:47.647  3288  8238 I com.miui.home: CheckGCForNative adj_start_bytes: 33019574 NativeAllocationGcWatermark: 10573811 java_gc_start_bytes: 17158858 kNewNativeDiscountFactor: 2 kOldNativeDiscountFactor: 65536 old_native_bytes: 130991699 new_native_bytes: 49914524 add_bytes_allowed: 31721433 is_gc_concurrent: 1 target_footprint_: 17481627 GetBytesAllocated: 13936931 HeapGrowthMultiplier: 3
12-21 19:09:47.647  3288  8238 I com.miui.home: CheckGCForNative gc_urgency 1.17797 current_native_bytes is 180906223
12-21 19:09:47.647  3288  8238 I com.miui.home: CheckGCForNative requested 1
12-21 19:09:47.705  3288  3588 I com.miui.home: CheckGCForNative adj_start_bytes: 33019574 NativeAllocationGcWatermark: 10573811 java_gc_start_bytes: 17158858 kNewNativeDiscountFactor: 2 kOldNativeDiscountFactor: 65536 old_native_bytes: 130991699 new_native_bytes: 50063948 add_bytes_allowed: 31721433 is_gc_concurrent: 1 target_footprint_: 17481627 GetBytesAllocated: 14074074 HeapGrowthMultiplier: 3
12-21 19:09:47.705  3288  3588 I com.miui.home: CheckGCForNative gc_urgency 1.18439 current_native_bytes is 181055647
12-21 19:09:47.705  3288  3588 I com.miui.home: CheckGCForNative requested 1
12-21 19:09:47.988  3288  3499 I com.miui.home: CheckGCForNative adj_start_bytes: 33019574 NativeAllocationGcWatermark: 10573811 java_gc_start_bytes: 17158858 kNewNativeDiscountFactor: 2 kOldNativeDiscountFactor: 65536 old_native_bytes: 130991699 new_native_bytes: 50056476 add_bytes_allowed: 31721433 is_gc_concurrent: 1 target_footprint_: 17481627 GetBytesAllocated: 14538356 HeapGrowthMultiplier: 3
12-21 19:09:48.008  3288  3499 I com.miui.home: CheckGCForNative gc_urgency 1.19834 current_native_bytes is 181048175
12-21 19:09:48.008  3288  3499 I com.miui.home: CheckGCForNative requested 1
12-21 19:09:48.044  3288  3330 I com.miui.home: NativeAlloc concurrent copying GC freed 115732(5178KB) AllocSpace objects, 6(240KB) LOS objects, 49% free, 8796KB/17MB, paused 10.279ms,73us total 435.253ms
12-21 19:09:48.130  3288  3583 I com.miui.home: CheckGCForNative gc_urgency 0 current_native_bytes is 145367039
12-21 19:09:48.130  3288  3583 I cccccc  : createTaskSnapshotCompat:
12-21 19:09:48.131  3288  3583 I com.miui.home: CheckGCForNative adj_start_bytes: 33452307 NativeAllocationGcWatermark: 10640574 java_gc_start_bytes: 17491446 kNewNativeDiscountFactor: 2 kOldNativeDiscountFactor: 65536 old_native_bytes: 145367039 new_native_bytes: 10458764 add_bytes_allowed: 31921722 is_gc_concurrent: 1 target_footprint_: 18015734 GetBytesAllocated: 9109185 HeapGrowthMultiplier: 3
12-21 19:09:48.131  3288  3583 I com.miui.home: CheckGCForNative gc_urgency 0.428693 current_native_bytes is 155825803
12-21 19:09:48.143 10304 10304 I wm_on_idle_called: com.xunmeng.pinduoduo.ui.activity.HomeActivity
12-21 19:09:48.394 10304 10304 I wm_on_paused_called: [0,225449265,com.xunmeng.pinduoduo.ui.activity.HomeActivity,performPause,34]
12-21 19:09:48.567  3288  3370 D cccccc  : onTaskStackChangedBackground
12-21 19:09:48.569  3288  3370 D cccccc  : onTaskStackChangedBackground
12-21 19:09:48.672  3288  3288 I wm_on_top_resumed_lost_called: [92349698,com.miui.home.launcher.Launcher,topStateChangedWhenResumed]
12-21 19:09:48.692  3288  3288 I wm_on_paused_called: [0,92349698,com.miui.home.launcher.Launcher,performPause,12]
12-21 19:09:48.702  9602  9602 I wm_on_stop_called: [0,52715676,com.eg.android.AlipayGphone.AlipayLogin,STOP_ACTIVITY_ITEM,339]
12-21 19:09:48.826  3288  3664 D cccccc  : onTaskStackChangedBackground
12-21 19:09:48.834  3288  3664 D cccccc  : onTaskStackChangedBackground
12-21 19:09:48.956  3288  3664 D cccccc  : onTaskStackChangedBackground
12-21 19:09:48.971  3288  3364 D cccccc  : onTaskStackChangedBackground
12-21 19:09:48.982  3288  8238 I com.miui.home: CheckGCForNative gc_urgency 0 current_native_bytes is 143278771
12-21 19:09:49.025 10304 10304 I wm_on_destroy_called: [0,18659356,com.xunmeng.pinduoduo.ui.activity.MainFrameActivity,performDestroy,37]
