12-20 20:43:58.455  3306  3306 I com.miui.home: CheckGCForNative adj_start_bytes: 49300073 NativeAllocationGcWatermark: 12308760 java_gc_start_bytes: 30836933 kNewNativeDiscountFactor: 2 kOldNativeDiscountFactor: 65536 old_native_bytes: 118990295 new_native_bytes: 21616 add_bytes_allowed: 36926280 is_gc_concurrent: 1 target_footprint_: 31361221 GetBytesAllocated: 17232871 HeapGrowthMultiplier: 3
12-20 20:43:58.455  3306  3306 I com.miui.home: CheckGCForNative gc_urgency 0.349807 current_native_bytes is 119011911
12-20 20:43:58.525  3306  3306 I wm_on_top_resumed_lost_called: [248778734,com.miui.home.launcher.Launcher,topStateChangedWhenResumed]
12-20 20:43:58.600  3306  3950 D cccccc  : onTaskStackChangedBackground
12-20 20:43:58.614  3306 10364 D cccccc  : onTaskStackChangedBackground
12-20 20:43:58.799  3306  3306 I wm_on_paused_called: [0,248778734,com.miui.home.launcher.Launcher,performPause,5]
12-20 20:43:58.950  3306  3381 D cccccc  : onTaskStackChangedBackground
12-20 20:43:58.959  3306 10364 D cccccc  : onTaskStackChangedBackground
12-20 20:43:59.001  3306  3967 E cccccc  : createTaskSnapshot:
12-20 20:43:59.002  3306  3967 I cccccc  : getTaskSnapshotInstance:
12-20 20:43:59.020  3306  3685 I com.miui.home: CheckGCForNative adj_start_bytes: 49300073 NativeAllocationGcWatermark: 12308760 java_gc_start_bytes: 30836933 kNewNativeDiscountFactor: 2 kOldNativeDiscountFactor: 65536 old_native_bytes: 118990295 new_native_bytes: 389096 add_bytes_allowed: 36926280 is_gc_concurrent: 1 target_footprint_: 31361221 GetBytesAllocated: 18934951 HeapGrowthMultiplier: 3
12-20 20:43:59.020  3306  3685 I com.miui.home: CheckGCForNative gc_urgency 0.388059 current_native_bytes is 119379391
12-20 20:43:59.021  3306  3967 I com.miui.home: CheckGCForNative adj_start_bytes: 49300073 NativeAllocationGcWatermark: 12308760 java_gc_start_bytes: 30836933 kNewNativeDiscountFactor: 2 kOldNativeDiscountFactor: 65536 old_native_bytes: 118990295 new_native_bytes: 11095720 add_bytes_allowed: 36926280 is_gc_concurrent: 1 target_footprint_: 31361221 GetBytesAllocated: 18958187 HeapGrowthMultiplier: 3
12-20 20:43:59.021  3306  3967 I com.miui.home: CheckGCForNative gc_urgency 0.497116 current_native_bytes is 130086015
12-20 20:43:59.022  3306  3967 I com.miui.home: CheckGCForNative adj_start_bytes: 49300073 NativeAllocationGcWatermark: 12308760 java_gc_start_bytes: 30836933 kNewNativeDiscountFactor: 2 kOldNativeDiscountFactor: 65536 old_native_bytes: 118990295 new_native_bytes: 21802664 add_bytes_allowed: 36926280 is_gc_concurrent: 1 target_footprint_: 31361221 GetBytesAllocated: 18960861 HeapGrowthMultiplier: 3
12-20 20:43:59.022  3306  3967 I com.miui.home: CheckGCForNative gc_urgency 0.60576 current_native_bytes is 140792959
12-20 20:43:59.205  3306  3967 I com.miui.home: CheckGCForNative adj_start_bytes: 49300073 NativeAllocationGcWatermark: 12308760 java_gc_start_bytes: 30836933 kNewNativeDiscountFactor: 2 kOldNativeDiscountFactor: 65536 old_native_bytes: 118990295 new_native_bytes: 11331076 add_bytes_allowed: 36926280 is_gc_concurrent: 1 target_footprint_: 31361221 GetBytesAllocated: 20537192 HeapGrowthMultiplier: 3
12-20 20:43:59.205  3306  3967 I com.miui.home: CheckGCForNative gc_urgency 0.531532 current_native_bytes is 130321371
12-20 20:43:59.252  3306  3967 E cccccc  : createTaskSnapshot:
12-20 20:43:59.252  3306  3967 I cccccc  : getTaskSnapshotInstance:
12-20 20:43:59.275  3306  3967 E cccccc  : createTaskSnapshot:
12-20 20:43:59.275  3306  3967 I cccccc  : getTaskSnapshotInstance:
12-20 20:43:59.373  3306  3967 I com.miui.home: CheckGCForNative adj_start_bytes: 49300073 NativeAllocationGcWatermark: 12308760 java_gc_start_bytes: 30836933 kNewNativeDiscountFactor: 2 kOldNativeDiscountFactor: 65536 old_native_bytes: 118990295 new_native_bytes: 22147068 add_bytes_allowed: 36926280 is_gc_concurrent: 1 target_footprint_: 31361221 GetBytesAllocated: 21038281 HeapGrowthMultiplier: 3
12-20 20:43:59.373  3306  3967 I com.miui.home: CheckGCForNative gc_urgency 0.651391 current_native_bytes is 141137363
12-20 20:43:59.541  3306  3839 I com.miui.home: CheckGCForNative adj_start_bytes: 49300073 NativeAllocationGcWatermark: 12308760 java_gc_start_bytes: 30836933 kNewNativeDiscountFactor: 2 kOldNativeDiscountFactor: 65536 old_native_bytes: 118990295 new_native_bytes: 11446428 add_bytes_allowed: 36926280 is_gc_concurrent: 1 target_footprint_: 31361221 GetBytesAllocated: 21371857 HeapGrowthMultiplier: 3
12-20 20:43:59.541  3306  3839 I com.miui.home: CheckGCForNative gc_urgency 0.549632 current_native_bytes is 130436723
12-20 20:43:59.764  9347  9347 I wm_on_paused_called: [0,222301997,com.eg.android.AlipayGphone.AlipayLogin,performPause,124]
12-20 20:43:59.897  3306  3839 I com.miui.home: CheckGCForNative adj_start_bytes: 49300073 NativeAllocationGcWatermark: 12308760 java_gc_start_bytes: 30836933 kNewNativeDiscountFactor: 2 kOldNativeDiscountFactor: 65536 old_native_bytes: 118990295 new_native_bytes: 11478452 add_bytes_allowed: 36926280 is_gc_concurrent: 1 target_footprint_: 31361221 GetBytesAllocated: 21504058 HeapGrowthMultiplier: 3
12-20 20:43:59.897  3306  3839 I com.miui.home: CheckGCForNative gc_urgency 0.552638 current_native_bytes is 130468747
12-20 20:43:59.938 10089 10089 I wm_on_application_create_called: [0,com.smile.gifmaker,2755]
12-20 20:44:00.461  3306  3306 I com.miui.home: CheckGCForNative adj_start_bytes: 49300073 NativeAllocationGcWatermark: 12308760 java_gc_start_bytes: 30836933 kNewNativeDiscountFactor: 2 kOldNativeDiscountFactor: 65536 old_native_bytes: 118990295 new_native_bytes: 11330088 add_bytes_allowed: 36926280 is_gc_concurrent: 1 target_footprint_: 31361221 GetBytesAllocated: 22349095 HeapGrowthMultiplier: 3
12-20 20:44:00.461  3306  3306 I com.miui.home: CheckGCForNative gc_urgency 0.568274 current_native_bytes is 130320383
12-20 20:44:00.503  9347  9347 I wm_on_stop_called: [0,222301997,com.eg.android.AlipayGphone.AlipayLogin,STOP_ACTIVITY_ITEM,161]
12-20 20:44:00.558  3306  3306 I wm_on_resume_called: [0,248778734,com.miui.home.launcher.Launcher,RESUME_ACTIVITY,67]
12-20 20:44:00.581  3306  3306 I wm_on_idle_called: com.miui.home.launcher.Launcher
12-20 20:44:00.870  3306  3306 I wm_on_paused_called: [0,248778734,com.miui.home.launcher.Launcher,performPause,4]
12-20 20:44:00.900  3306  3816 I com.miui.home: CheckGCForNative adj_start_bytes: 49300073 NativeAllocationGcWatermark: 12308760 java_gc_start_bytes: 30836933 kNewNativeDiscountFactor: 2 kOldNativeDiscountFactor: 65536 old_native_bytes: 118990295 new_native_bytes: 11428792 add_bytes_allowed: 36926280 is_gc_concurrent: 1 target_footprint_: 31361221 GetBytesAllocated: 23272735 HeapGrowthMultiplier: 3
12-20 20:44:00.901  3306  3816 I com.miui.home: CheckGCForNative gc_urgency 0.58801 current_native_bytes is 130419087
12-20 20:44:01.219 10420 10420 I wm_on_application_create_called: [0,com.tencent.qqlive,432]
12-20 20:44:01.348 10420 10420 I wm_on_create_called: [0,120959547,com.tencent.qqlive.ona.activity.SplashHomeActivity,performCreate,30]
12-20 20:44:01.377 10420 10420 I wm_on_start_called: [0,120959547,com.tencent.qqlive.ona.activity.SplashHomeActivity,handleStartActivity,27]
12-20 20:44:01.522 10420 10420 I wm_on_resume_called: [0,120959547,com.tencent.qqlive.ona.activity.SplashHomeActivity,RESUME_ACTIVITY,141]
12-20 20:44:01.739 10420 10420 I wm_on_top_resumed_gained_called: [120959547,com.tencent.qqlive.ona.activity.SplashHomeActivity,topStateChangedWhenResumed]
12-20 20:44:01.740 10420 10420 I wm_on_top_resumed_lost_called: [120959547,com.tencent.qqlive.ona.activity.SplashHomeActivity,topStateChangedWhenResumed]
12-20 20:44:01.764 10420 10420 I wm_on_top_resumed_gained_called: [120959547,com.tencent.qqlive.ona.activity.SplashHomeActivity,topStateChangedWhenResumed]
12-20 20:44:01.892  3306  3306 I wm_on_resume_called: [0,248778734,com.miui.home.launcher.Launcher,RESUME_ACTIVITY,19]
12-20 20:44:01.937  3306  3306 I wm_on_idle_called: com.miui.home.launcher.Launcher
12-20 20:44:02.205  3306  3688 I com.miui.home: CheckGCForNative adj_start_bytes: 49300073 NativeAllocationGcWatermark: 12308760 java_gc_start_bytes: 30836933 kNewNativeDiscountFactor: 2 kOldNativeDiscountFactor: 65536 old_native_bytes: 118990295 new_native_bytes: 11623440 add_bytes_allowed: 36926280 is_gc_concurrent: 1 target_footprint_: 31361221 GetBytesAllocated: 25806281 HeapGrowthMultiplier: 3
12-20 20:44:02.205  3306  3688 I com.miui.home: CheckGCForNative gc_urgency 0.641375 current_native_bytes is 130613735
12-20 20:44:02.462  3306  3306 I wm_on_paused_called: [0,248778734,com.miui.home.launcher.Launcher,performPause,5]
12-20 20:44:02.721  3306  3306 I wm_on_stop_called: [0,248778734,com.miui.home.launcher.Launcher,STOP_ACTIVITY_ITEM,72]
12-20 20:44:03.101  3306  3306 I wm_on_restart_called: [0,248778734,com.miui.home.launcher.Launcher,,0]
12-20 20:44:03.104  3306  3306 I wm_on_start_called: [0,248778734,com.miui.home.launcher.Launcher,handleStartActivity,3]
12-20 20:44:03.128  3306  3306 I wm_on_resume_called: [0,248778734,com.miui.home.launcher.Launcher,RESUME_ACTIVITY,21]
12-20 20:44:03.252  3306  3306 I com.miui.home: CheckGCForNative gc_urgency 0 current_native_bytes is 119715251
12-20 20:44:03.376  3306  3306 I wm_on_idle_called: com.miui.home.launcher.Launcher
12-20 20:44:03.502  3306  3357 D cccccc  : onTaskStackChangedBackground
12-20 20:44:03.507  3306  3950 D cccccc  : onTaskStackChangedBackground
12-20 20:44:03.573  3306  3839 I com.miui.home: CheckGCForNative gc_urgency 0 current_native_bytes is 119152475
12-20 20:44:03.673  3306  3839 I com.miui.home: CheckGCForNative gc_urgency 0 current_native_bytes is 119106395
12-20 20:44:03.873  9347  9347 I wm_on_idle_called: com.eg.android.AlipayGphone.AlipayLogin
12-20 20:44:04.052  3306  3752 I com.miui.home: CheckGCForNative adj_start_bytes: 48672441 NativeAllocationGcWatermark: 12242694 java_gc_start_bytes: 30308400 kNewNativeDiscountFactor: 2 kOldNativeDiscountFactor: 65536 old_native_bytes: 119106395 new_native_bytes: 904048 add_bytes_allowed: 36728082 is_gc_concurrent: 1 target_footprint_: 30832688 GetBytesAllocated: 17739877 HeapGrowthMultiplier: 3
12-20 20:44:04.052  3306  3752 I com.miui.home: CheckGCForNative gc_urgency 0.373799 current_native_bytes is 120010443
12-20 20:44:04.469  3306  3381 D cccccc  : onTaskStackChangedBackground
12-20 20:44:04.478  3306  4167 D cccccc  : onTaskStackChangedBackground
12-20 20:44:04.551  3306 11420 I com.miui.home: CheckGCForNative adj_start_bytes: 48672441 NativeAllocationGcWatermark: 12242694 java_gc_start_bytes: 30308400 kNewNativeDiscountFactor: 2 kOldNativeDiscountFactor: 65536 old_native_bytes: 119106395 new_native_bytes: 1254968 add_bytes_allowed: 36728082 is_gc_concurrent: 1 target_footprint_: 30832688 GetBytesAllocated: 19324191 HeapGrowthMultiplier: 3
12-20 20:44:04.551  3306 11420 I com.miui.home: CheckGCForNative gc_urgency 0.409955 current_native_bytes is 120361363
12-20 20:44:04.607  3306 11420 I com.miui.home: CheckGCForNative adj_start_bytes: 48672441 NativeAllocationGcWatermark: 12242694 java_gc_start_bytes: 30308400 kNewNativeDiscountFactor: 2 kOldNativeDiscountFactor: 65536 old_native_bytes: 119106395 new_native_bytes: 1221656 add_bytes_allowed: 36728082 is_gc_concurrent: 1 target_footprint_: 30832688 GetBytesAllocated: 19531795 HeapGrowthMultiplier: 3
12-20 20:44:04.607  3306 11420 I com.miui.home: CheckGCForNative gc_urgency 0.413878 current_native_bytes is 120328051
12-20 20:44:04.830  3306  3967 E cccccc  : createTaskSnapshot:
12-20 20:44:04.830  3306  3967 I cccccc  : getTaskSnapshotInstance:
12-20 20:44:05.059  3306  3967 I com.miui.home: CheckGCForNative adj_start_bytes: 48672441 NativeAllocationGcWatermark: 12242694 java_gc_start_bytes: 30308400 kNewNativeDiscountFactor: 2 kOldNativeDiscountFactor: 65536 old_native_bytes: 119106395 new_native_bytes: 11874168 add_bytes_allowed: 36728082 is_gc_concurrent: 1 target_footprint_: 30832688 GetBytesAllocated: 20384022 HeapGrowthMultiplier: 3
12-20 20:44:05.060  3306  3967 I com.miui.home: CheckGCForNative gc_urgency 0.540818 current_native_bytes is 130980563
12-20 20:44:05.060  3306  3967 I com.miui.home: CheckGCForNative adj_start_bytes: 48672441 NativeAllocationGcWatermark: 12242694 java_gc_start_bytes: 30308400 kNewNativeDiscountFactor: 2 kOldNativeDiscountFactor: 65536 old_native_bytes: 119106395 new_native_bytes: 22581112 add_bytes_allowed: 36728082 is_gc_concurrent: 1 target_footprint_: 30832688 GetBytesAllocated: 20390903 HeapGrowthMultiplier: 3
12-20 20:44:05.060  3306  3967 I com.miui.home: CheckGCForNative gc_urgency 0.650949 current_native_bytes is 141687507
12-20 20:44:05.173 11349 11349 I wm_on_application_create_called: [0,com.miui.wmsvc,226]
12-20 20:44:05.280  3306  3756 I com.miui.home: CheckGCForNative adj_start_bytes: 48672441 NativeAllocationGcWatermark: 12242694 java_gc_start_bytes: 30308400 kNewNativeDiscountFactor: 2 kOldNativeDiscountFactor: 65536 old_native_bytes: 119106395 new_native_bytes: 11964368 add_bytes_allowed: 36728082 is_gc_concurrent: 1 target_footprint_: 30832688 GetBytesAllocated: 21319837 HeapGrowthMultiplier: 3
12-20 20:44:05.280  3306  3756 I com.miui.home: CheckGCForNative gc_urgency 0.560971 current_native_bytes is 131070763
12-20 20:44:05.409  3306  3306 I wm_on_top_resumed_lost_called: [248778734,com.miui.home.launcher.Launcher,topStateChangedWhenResumed]
12-20 20:44:05.424  3306  3306 I wm_on_paused_called: [0,248778734,com.miui.home.launcher.Launcher,performPause,5]
12-20 20:44:05.513  3306  3950 D cccccc  : onTaskStackChangedBackground
12-20 20:44:05.515  3306  3950 D cccccc  : onTaskStackChangedBackground
12-20 20:44:05.742  3306  3950 D cccccc  : onTaskStackChangedBackground
12-20 20:44:05.753  3306  4167 D cccccc  : onTaskStackChangedBackground
12-20 20:44:05.787  3306  3967 I com.miui.home: CheckGCForNative adj_start_bytes: 48672441 NativeAllocationGcWatermark: 12242694 java_gc_start_bytes: 30308400 kNewNativeDiscountFactor: 2 kOldNativeDiscountFactor: 65536 old_native_bytes: 119106395 new_native_bytes: 12008108 add_bytes_allowed: 36728082 is_gc_concurrent: 1 target_footprint_: 30832688 GetBytesAllocated: 22766012 HeapGrowthMultiplier: 3
12-20 20:44:05.787  3306  3967 I com.miui.home: CheckGCForNative gc_urgency 0.591133 current_native_bytes is 131114503
12-20 20:44:05.963  3306  3967 E cccccc  : createTaskSnapshot:
12-20 20:44:05.970  3306  3967 I cccccc  : getTaskSnapshotInstance:
12-20 20:44:05.971  3306  3967 I com.miui.home: CheckGCForNative adj_start_bytes: 48672441 NativeAllocationGcWatermark: 12242694 java_gc_start_bytes: 30308400 kNewNativeDiscountFactor: 2 kOldNativeDiscountFactor: 65536 old_native_bytes: 119106395 new_native_bytes: 22819964 add_bytes_allowed: 36728082 is_gc_concurrent: 1 target_footprint_: 30832688 GetBytesAllocated: 23386974 HeapGrowthMultiplier: 3
12-20 20:44:05.971  3306  3967 I com.miui.home: CheckGCForNative gc_urgency 0.714958 current_native_bytes is 141926359
12-20 20:44:06.101  3306  3839 I com.miui.home: CheckGCForNative adj_start_bytes: 48672441 NativeAllocationGcWatermark: 12242694 java_gc_start_bytes: 30308400 kNewNativeDiscountFactor: 2 kOldNativeDiscountFactor: 65536 old_native_bytes: 119106395 new_native_bytes: 12355644 add_bytes_allowed: 36728082 is_gc_concurrent: 1 target_footprint_: 30832688 GetBytesAllocated: 24066278 HeapGrowthMultiplier: 3
12-20 20:44:06.101  3306  3839 I com.miui.home: CheckGCForNative gc_urgency 0.621418 current_native_bytes is 131462039
12-20 20:44:06.368  3306  3839 I com.miui.home: CheckGCForNative adj_start_bytes: 48672441 NativeAllocationGcWatermark: 12242694 java_gc_start_bytes: 30308400 kNewNativeDiscountFactor: 2 kOldNativeDiscountFactor: 65536 old_native_bytes: 119106395 new_native_bytes: 12459248 add_bytes_allowed: 36728082 is_gc_concurrent: 1 target_footprint_: 30832688 GetBytesAllocated: 24404443 HeapGrowthMultiplier: 3
12-20 20:44:06.368  3306  3839 I com.miui.home: CheckGCForNative gc_urgency 0.62943 current_native_bytes is 131565643
12-20 20:44:06.435  3306  3839 I com.miui.home: CheckGCForNative adj_start_bytes: 48672441 NativeAllocationGcWatermark: 12242694 java_gc_start_bytes: 30308400 kNewNativeDiscountFactor: 2 kOldNativeDiscountFactor: 65536 old_native_bytes: 119106395 new_native_bytes: 12466416 add_bytes_allowed: 36728082 is_gc_concurrent: 1 target_footprint_: 30832688 GetBytesAllocated: 24452356 HeapGrowthMultiplier: 3
12-20 20:44:06.435  3306  3839 I com.miui.home: CheckGCForNative gc_urgency 0.630488 current_native_bytes is 131572811
12-20 20:44:07.097 11477 11477 I wm_on_application_create_called: [0,com.android.permissioncontroller,296]
12-20 20:44:07.192  3306  3967 I com.miui.home: CheckGCForNative adj_start_bytes: 48672441 NativeAllocationGcWatermark: 12242694 java_gc_start_bytes: 30308400 kNewNativeDiscountFactor: 2 kOldNativeDiscountFactor: 65536 old_native_bytes: 119106395 new_native_bytes: 12187748 add_bytes_allowed: 36728082 is_gc_concurrent: 1 target_footprint_: 30832688 GetBytesAllocated: 25475412 HeapGrowthMultiplier: 3
12-20 20:44:07.192  3306  3967 I com.miui.home: CheckGCForNative gc_urgency 0.648644 current_native_bytes is 131294143
12-20 20:44:07.320  3306  3306 I wm_on_resume_called: [0,248778734,com.miui.home.launcher.Launcher,RESUME_ACTIVITY,19]
12-20 20:44:07.349  3306  3306 I wm_on_idle_called: com.miui.home.launcher.Launcher
12-20 20:44:07.593  3306  3839 I com.miui.home: CheckGCForNative adj_start_bytes: 48672441 NativeAllocationGcWatermark: 12242694 java_gc_start_bytes: 30308400 kNewNativeDiscountFactor: 2 kOldNativeDiscountFactor: 65536 old_native_bytes: 119106395 new_native_bytes: 12423756 add_bytes_allowed: 36728082 is_gc_concurrent: 1 target_footprint_: 30832688 GetBytesAllocated: 26760590 HeapGrowthMultiplier: 3
12-20 20:44:07.593  3306  3839 I com.miui.home: CheckGCForNative gc_urgency 0.677473 current_native_bytes is 131530151
12-20 20:44:07.760  3306  3306 I wm_on_top_resumed_gained_called: [248778734,com.miui.home.launcher.Launcher,topStateChangedWhenResumed]
12-20 20:44:07.820  3306  3967 E cccccc  : createTaskSnapshot:
12-20 20:44:07.820  3306  3967 I cccccc  : getTaskSnapshotInstance:
12-20 20:44:07.843 10937 10937 I wm_on_application_create_called: [0,com.eg.android.AlipayGphone,2134]
12-20 20:44:07.905  3306  3839 I com.miui.home: CheckGCForNative adj_start_bytes: 48672441 NativeAllocationGcWatermark: 12242694 java_gc_start_bytes: 30308400 kNewNativeDiscountFactor: 2 kOldNativeDiscountFactor: 65536 old_native_bytes: 119106395 new_native_bytes: 12694780 add_bytes_allowed: 36728082 is_gc_concurrent: 1 target_footprint_: 30832688 GetBytesAllocated: 27524395 HeapGrowthMultiplier: 3
12-20 20:44:07.905  3306  3839 I com.miui.home: CheckGCForNative gc_urgency 0.69595 current_native_bytes is 131801175
12-20 20:44:07.950  3306  3839 I com.miui.home: CheckGCForNative adj_start_bytes: 48672441 NativeAllocationGcWatermark: 12242694 java_gc_start_bytes: 30308400 kNewNativeDiscountFactor: 2 kOldNativeDiscountFactor: 65536 old_native_bytes: 119106395 new_native_bytes: 12699580 add_bytes_allowed: 36728082 is_gc_concurrent: 1 target_footprint_: 30832688 GetBytesAllocated: 27649040 HeapGrowthMultiplier: 3
12-20 20:44:07.950  3306  3839 I com.miui.home: CheckGCForNative gc_urgency 0.698561 current_native_bytes is 131805975
12-20 20:44:08.370 11587 11587 I wm_on_application_create_called: [0,com.android.settings,640]
12-20 20:44:08.604  3306  3306 I com.miui.home: CheckGCForNative adj_start_bytes: 48672441 NativeAllocationGcWatermark: 12242694 java_gc_start_bytes: 30308400 kNewNativeDiscountFactor: 2 kOldNativeDiscountFactor: 65536 old_native_bytes: 119106395 new_native_bytes: 12682820 add_bytes_allowed: 36728082 is_gc_concurrent: 1 target_footprint_: 30832688 GetBytesAllocated: 28876245 HeapGrowthMultiplier: 3
12-20 20:44:08.604  3306  3306 I com.miui.home: CheckGCForNative gc_urgency 0.723602 current_native_bytes is 131789215
12-20 20:44:08.707  3306  3306 I wm_on_top_resumed_lost_called: [248778734,com.miui.home.launcher.Launcher,topStateChangedWhenResumed]
12-20 20:44:08.722  3306  3306 I wm_on_paused_called: [0,248778734,com.miui.home.launcher.Launcher,performPause,8]
12-20 20:44:08.740 11704 11704 I wm_on_create_called: [0,124274036,com.tencent.mobileqq.activity.SplashActivity,performCreate,609]
12-20 20:44:08.780 11704 11704 I wm_on_start_called: [0,124274036,com.tencent.mobileqq.activity.SplashActivity,handleStartActivity,34]
12-20 20:44:08.859  3306 10364 D cccccc  : onTaskStackChangedBackground
12-20 20:44:08.866  3306  3979 D cccccc  : onTaskStackChangedBackground
12-20 20:44:08.903 11704 11704 I wm_on_resume_called: [0,124274036,com.tencent.mobileqq.activity.SplashActivity,RESUME_ACTIVITY,82]
12-20 20:44:08.959  3306  3950 D cccccc  : onTaskStackChangedBackground
12-20 20:44:08.968  3306  3950 D cccccc  : onTaskStackChangedBackground
12-20 20:44:08.997  3306  3839 I com.miui.home: CheckGCForNative adj_start_bytes: 48672441 NativeAllocationGcWatermark: 12242694 java_gc_start_bytes: 30308400 kNewNativeDiscountFactor: 2 kOldNativeDiscountFactor: 65536 old_native_bytes: 119106395 new_native_bytes: 13038356 add_bytes_allowed: 36728082 is_gc_concurrent: 1 target_footprint_: 30832688 GetBytesAllocated: 30043318 HeapGrowthMultiplier: 3
12-20 20:44:08.997  3306  3839 I com.miui.home: CheckGCForNative gc_urgency 0.751232 current_native_bytes is 132144751
12-20 20:44:09.217  3306  3967 I com.miui.home: CheckGCForNative adj_start_bytes: 48672441 NativeAllocationGcWatermark: 12242694 java_gc_start_bytes: 30308400 kNewNativeDiscountFactor: 2 kOldNativeDiscountFactor: 65536 old_native_bytes: 119106395 new_native_bytes: 12930452 add_bytes_allowed: 36728082 is_gc_concurrent: 1 target_footprint_: 30832688 GetBytesAllocated: 30927935 HeapGrowthMultiplier: 3
12-20 20:44:09.217  3306  3967 I com.miui.home: CheckGCForNative gc_urgency 0.768299 current_native_bytes is 132036847
12-20 20:44:09.221 11704 11704 I wm_on_top_resumed_gained_called: [124274036,com.tencent.mobileqq.activity.SplashActivity,topStateChangedWhenResumed]
12-20 20:44:09.420  3306  3839 I com.miui.home: CheckGCForNative gc_urgency 0 current_native_bytes is 130576127
12-20 20:44:09.500  3306  3967 I com.miui.home: CheckGCForNative gc_urgency 0 current_native_bytes is 130329375
12-20 20:44:09.765 11704 11704 I wm_on_top_resumed_lost_called: [124274036,com.tencent.mobileqq.activity.SplashActivity,topStateChangedWhenResumed]
12-20 20:44:09.805  3306  3967 E cccccc  : createTaskSnapshot:
12-20 20:44:09.805  3306  3967 I cccccc  : getTaskSnapshotInstance:
12-20 20:44:09.807  3306  3967 E cccccc  : createTaskSnapshot:
12-20 20:44:09.807  3306  3967 I cccccc  : getTaskSnapshotInstance:
12-20 20:44:09.809  3306  3967 I com.miui.home: CheckGCForNative adj_start_bytes: 48672441 NativeAllocationGcWatermark: 12242694 java_gc_start_bytes: 30308400 kNewNativeDiscountFactor: 2 kOldNativeDiscountFactor: 65536 old_native_bytes: 130329375 new_native_bytes: 10831428 add_bytes_allowed: 36728082 is_gc_concurrent: 1 target_footprint_: 30832688 GetBytesAllocated: 16681199 HeapGrowthMultiplier: 3
12-20 20:44:09.809  3306  3967 I com.miui.home: CheckGCForNative gc_urgency 0.454033 current_native_bytes is 141160803
12-20 20:44:09.812  3306  3967 I com.miui.home: CheckGCForNative adj_start_bytes: 48672441 NativeAllocationGcWatermark: 12242694 java_gc_start_bytes: 30308400 kNewNativeDiscountFactor: 2 kOldNativeDiscountFactor: 65536 old_native_bytes: 130329375 new_native_bytes: 21540068 add_bytes_allowed: 36728082 is_gc_concurrent: 1 target_footprint_: 30832688 GetBytesAllocated: 16685757 HeapGrowthMultiplier: 3
12-20 20:44:09.812  3306  3967 I com.miui.home: CheckGCForNative gc_urgency 0.564134 current_native_bytes is 151869443
12-20 20:44:09.813 11704 11704 I wm_on_paused_called: [0,124274036,com.tencent.mobileqq.activity.SplashActivity,performPause,35]
12-20 20:44:09.924  3306  3306 I com.miui.home: CheckGCForNative adj_start_bytes: 48672441 NativeAllocationGcWatermark: 12242694 java_gc_start_bytes: 30308400 kNewNativeDiscountFactor: 2 kOldNativeDiscountFactor: 65536 old_native_bytes: 130329375 new_native_bytes: 10838952 add_bytes_allowed: 36728082 is_gc_concurrent: 1 target_footprint_: 30832688 GetBytesAllocated: 17643899 HeapGrowthMultiplier: 3
12-20 20:44:09.924  3306  3306 I com.miui.home: CheckGCForNative gc_urgency 0.47389 current_native_bytes is 141168327
12-20 20:44:09.969 11704 11704 I wm_on_stop_called: [0,124274036,com.tencent.mobileqq.activity.SplashActivity,STOP_ACTIVITY_ITEM,144]
12-20 20:44:09.982  3306  3306 I wm_on_resume_called: [0,248778734,com.miui.home.launcher.Launcher,RESUME_ACTIVITY,18]
12-20 20:44:10.011  3306  3306 I wm_on_idle_called: com.miui.home.launcher.Launcher
12-20 20:44:10.173  3306  3688 I com.miui.home: CheckGCForNative adj_start_bytes: 48672441 NativeAllocationGcWatermark: 12242694 java_gc_start_bytes: 30308400 kNewNativeDiscountFactor: 2 kOldNativeDiscountFactor: 65536 old_native_bytes: 130329375 new_native_bytes: 11200160 add_bytes_allowed: 36728082 is_gc_concurrent: 1 target_footprint_: 30832688 GetBytesAllocated: 19087304 HeapGrowthMultiplier: 3
12-20 20:44:10.173  3306  3688 I com.miui.home: CheckGCForNative gc_urgency 0.507256 current_native_bytes is 141529535
12-20 20:44:10.341 11704 11704 I wm_on_idle_called: com.tencent.mobileqq.activity.SplashActivity
12-20 20:44:10.354  3306  3967 E cccccc  : createTaskSnapshot:
12-20 20:44:10.354  3306  3967 I cccccc  : getTaskSnapshotInstance:
12-20 20:44:10.365  3306  3306 I wm_on_top_resumed_gained_called: [248778734,com.miui.home.launcher.Launcher,topStateChangedWhenResumed]
12-20 20:44:10.935  3306  3839 I com.miui.home: CheckGCForNative adj_start_bytes: 48672441 NativeAllocationGcWatermark: 12242694 java_gc_start_bytes: 30308400 kNewNativeDiscountFactor: 2 kOldNativeDiscountFactor: 65536 old_native_bytes: 130329375 new_native_bytes: 11737512 add_bytes_allowed: 36728082 is_gc_concurrent: 1 target_footprint_: 30832688 GetBytesAllocated: 20947621 HeapGrowthMultiplier: 3
12-20 20:44:10.935  3306  3839 I com.miui.home: CheckGCForNative gc_urgency 0.550997 current_native_bytes is 142066887
12-20 20:44:11.080  3306  3839 I com.miui.home: CheckGCForNative adj_start_bytes: 48672441 NativeAllocationGcWatermark: 12242694 java_gc_start_bytes: 30308400 kNewNativeDiscountFactor: 2 kOldNativeDiscountFactor: 65536 old_native_bytes: 130329375 new_native_bytes: 11737960 add_bytes_allowed: 36728082 is_gc_concurrent: 1 target_footprint_: 30832688 GetBytesAllocated: 21037454 HeapGrowthMultiplier: 3
12-20 20:44:11.080  3306  3839 I com.miui.home: CheckGCForNative gc_urgency 0.552847 current_native_bytes is 142067335
12-20 20:44:11.236  3306  3839 I com.miui.home: CheckGCForNative adj_start_bytes: 48672441 NativeAllocationGcWatermark: 12242694 java_gc_start_bytes: 30308400 kNewNativeDiscountFactor: 2 kOldNativeDiscountFactor: 65536 old_native_bytes: 130329375 new_native_bytes: 11754056 add_bytes_allowed: 36728082 is_gc_concurrent: 1 target_footprint_: 30832688 GetBytesAllocated: 21359649 HeapGrowthMultiplier: 3
12-20 20:44:11.236  3306  3839 I com.miui.home: CheckGCForNative gc_urgency 0.559632 current_native_bytes is 142083431
12-20 20:44:11.447 11704 11704 I wm_on_destroy_called: [0,124274036,com.tencent.mobileqq.activity.SplashActivity,performDestroy,158]
12-20 20:44:11.601 10420 10420 I wm_on_top_resumed_lost_called: [120959547,com.tencent.qqlive.ona.activity.SplashHomeActivity,topStateChangedWhenResumed]
12-20 20:44:11.871  3306  3306 I wm_on_top_resumed_lost_called: [248778734,com.miui.home.launcher.Launcher,topStateChangedWhenResumed]
12-20 20:44:11.918  3306  3306 I wm_on_paused_called: [0,248778734,com.miui.home.launcher.Launcher,performPause,4]
12-20 20:44:11.976  3306  3816 I com.miui.home: CheckGCForNative adj_start_bytes: 48672441 NativeAllocationGcWatermark: 12242694 java_gc_start_bytes: 30308400 kNewNativeDiscountFactor: 2 kOldNativeDiscountFactor: 65536 old_native_bytes: 130329375 new_native_bytes: 11794808 add_bytes_allowed: 36728082 is_gc_concurrent: 1 target_footprint_: 30832688 GetBytesAllocated: 22979080 HeapGrowthMultiplier: 3
12-20 20:44:11.976  3306  3816 I com.miui.home: CheckGCForNative gc_urgency 0.593323 current_native_bytes is 142124183
12-20 20:44:12.014  3306  3979 D cccccc  : onTaskStackChangedBackground
12-20 20:44:12.017  3306  3979 D cccccc  : onTaskStackChangedBackground
12-20 20:44:12.472  3306  3839 I com.miui.home: CheckGCForNative adj_start_bytes: 48672441 NativeAllocationGcWatermark: 12242694 java_gc_start_bytes: 30308400 kNewNativeDiscountFactor: 2 kOldNativeDiscountFactor: 65536 old_native_bytes: 130329375 new_native_bytes: 12222440 add_bytes_allowed: 36728082 is_gc_concurrent: 1 target_footprint_: 30832688 GetBytesAllocated: 24108937 HeapGrowthMultiplier: 3
12-20 20:44:12.472  3306  3839 I com.miui.home: CheckGCForNative gc_urgency 0.620929 current_native_bytes is 142551815
12-20 20:44:12.728  3306  3839 I com.miui.home: CheckGCForNative adj_start_bytes: 48672441 NativeAllocationGcWatermark: 12242694 java_gc_start_bytes: 30308400 kNewNativeDiscountFactor: 2 kOldNativeDiscountFactor: 65536 old_native_bytes: 130329375 new_native_bytes: 12372960 add_bytes_allowed: 36728082 is_gc_concurrent: 1 target_footprint_: 30832688 GetBytesAllocated: 24507295 HeapGrowthMultiplier: 3
12-20 20:44:12.728  3306  3839 I com.miui.home: CheckGCForNative gc_urgency 0.63066 current_native_bytes is 142702335
12-20 20:44:12.741  3306  3967 I com.miui.home: CheckGCForNative adj_start_bytes: 48672441 NativeAllocationGcWatermark: 12242694 java_gc_start_bytes: 30308400 kNewNativeDiscountFactor: 2 kOldNativeDiscountFactor: 65536 old_native_bytes: 130329375 new_native_bytes: 12374752 add_bytes_allowed: 36728082 is_gc_concurrent: 1 target_footprint_: 30832688 GetBytesAllocated: 24547261 HeapGrowthMultiplier: 3
12-20 20:44:12.741  3306  3967 I com.miui.home: CheckGCForNative gc_urgency 0.6315 current_native_bytes is 142704127
12-20 20:44:12.976  3306  3979 D cccccc  : onTaskStackChangedBackground
12-20 20:44:12.984  3306  3357 D cccccc  : onTaskStackChangedBackground
12-20 20:44:13.115  3306  3967 I com.miui.home: CheckGCForNative adj_start_bytes: 48672441 NativeAllocationGcWatermark: 12242694 java_gc_start_bytes: 30308400 kNewNativeDiscountFactor: 2 kOldNativeDiscountFactor: 65536 old_native_bytes: 130329375 new_native_bytes: 12172212 add_bytes_allowed: 36728082 is_gc_concurrent: 1 target_footprint_: 30832688 GetBytesAllocated: 25442823 HeapGrowthMultiplier: 3
12-20 20:44:13.115  3306  3967 I com.miui.home: CheckGCForNative gc_urgency 0.647819 current_native_bytes is 142501587
12-20 20:44:13.172  3306  3967 E cccccc  : createTaskSnapshot:
12-20 20:44:13.172  3306  3967 I cccccc  : getTaskSnapshotInstance:
12-20 20:44:13.175  3306  3967 E cccccc  : createTaskSnapshot:
12-20 20:44:13.175  3306  3967 I cccccc  : getTaskSnapshotInstance:
12-20 20:44:13.186  3306  3967 I com.miui.home: CheckGCForNative adj_start_bytes: 48672441 NativeAllocationGcWatermark: 12242694 java_gc_start_bytes: 30308400 kNewNativeDiscountFactor: 2 kOldNativeDiscountFactor: 65536 old_native_bytes: 130329375 new_native_bytes: 22917300 add_bytes_allowed: 36728082 is_gc_concurrent: 1 target_footprint_: 30832688 GetBytesAllocated: 25671817 HeapGrowthMultiplier: 3
12-20 20:44:13.186  3306  3967 I com.miui.home: CheckGCForNative gc_urgency 0.762905 current_native_bytes is 153246675
12-20 20:44:13.186  3306  3967 I com.miui.home: CheckGCForNative adj_start_bytes: 48672441 NativeAllocationGcWatermark: 12242694 java_gc_start_bytes: 30308400 kNewNativeDiscountFactor: 2 kOldNativeDiscountFactor: 65536 old_native_bytes: 130329375 new_native_bytes: 33624244 add_bytes_allowed: 36728082 is_gc_concurrent: 1 target_footprint_: 30832688 GetBytesAllocated: 25672025 HeapGrowthMultiplier: 3
12-20 20:44:13.186  3306  3967 I com.miui.home: CheckGCForNative gc_urgency 0.872899 current_native_bytes is 163953619
12-20 20:44:13.488  3306  3306 I wm_on_resume_called: [0,248778734,com.miui.home.launcher.Launcher,RESUME_ACTIVITY,19]
12-20 20:44:13.492  3306  3357 I com.miui.home: CheckGCForNative adj_start_bytes: 48672441 NativeAllocationGcWatermark: 12242694 java_gc_start_bytes: 30308400 kNewNativeDiscountFactor: 2 kOldNativeDiscountFactor: 65536 old_native_bytes: 130329375 new_native_bytes: 23143676 add_bytes_allowed: 36728082 is_gc_concurrent: 1 target_footprint_: 30832688 GetBytesAllocated: 27623767 HeapGrowthMultiplier: 3
12-20 20:44:13.492  3306  3357 I com.miui.home: CheckGCForNative gc_urgency 0.805334 current_native_bytes is 153473051
12-20 20:44:13.512  3306  3306 I wm_on_idle_called: com.miui.home.launcher.Launcher
12-20 20:44:13.719  3306  3839 I com.miui.home: CheckGCForNative adj_start_bytes: 48672441 NativeAllocationGcWatermark: 12242694 java_gc_start_bytes: 30308400 kNewNativeDiscountFactor: 2 kOldNativeDiscountFactor: 65536 old_native_bytes: 130329375 new_native_bytes: 23445100 add_bytes_allowed: 36728082 is_gc_concurrent: 1 target_footprint_: 30832688 GetBytesAllocated: 28751377 HeapGrowthMultiplier: 3
12-20 20:44:13.719  3306  3839 I com.miui.home: CheckGCForNative gc_urgency 0.831598 current_native_bytes is 153774475
12-20 20:44:13.864  3306  3839 I com.miui.home: CheckGCForNative adj_start_bytes: 48672441 NativeAllocationGcWatermark: 12242694 java_gc_start_bytes: 30308400 kNewNativeDiscountFactor: 2 kOldNativeDiscountFactor: 65536 old_native_bytes: 130329375 new_native_bytes: 23666572 add_bytes_allowed: 36728082 is_gc_concurrent: 1 target_footprint_: 30832688 GetBytesAllocated: 29304457 HeapGrowthMultiplier: 3
12-20 20:44:13.864  3306  3839 I com.miui.home: CheckGCForNative gc_urgency 0.845237 current_native_bytes is 153995947
12-20 20:44:13.908  3306  3306 I wm_on_top_resumed_gained_called: [248778734,com.miui.home.launcher.Launcher,topStateChangedWhenResumed]
12-20 20:44:13.940  3306  3967 E cccccc  : createTaskSnapshot:
12-20 20:44:13.940  3306  3967 I cccccc  : getTaskSnapshotInstance:
12-20 20:44:13.986  3306  3839 I com.miui.home: CheckGCForNative adj_start_bytes: 48672441 NativeAllocationGcWatermark: 12242694 java_gc_start_bytes: 30308400 kNewNativeDiscountFactor: 2 kOldNativeDiscountFactor: 65536 old_native_bytes: 130329375 new_native_bytes: 23710316 add_bytes_allowed: 36728082 is_gc_concurrent: 1 target_footprint_: 30832688 GetBytesAllocated: 29826687 HeapGrowthMultiplier: 3
12-20 20:44:13.986  3306  3839 I com.miui.home: CheckGCForNative gc_urgency 0.856416 current_native_bytes is 154039691
12-20 20:44:14.330  3306  3685 I com.miui.home: CheckGCForNative adj_start_bytes: 48672441 NativeAllocationGcWatermark: 12242694 java_gc_start_bytes: 30308400 kNewNativeDiscountFactor: 2 kOldNativeDiscountFactor: 65536 old_native_bytes: 130329375 new_native_bytes: 23733708 add_bytes_allowed: 36728082 is_gc_concurrent: 1 target_footprint_: 30832688 GetBytesAllocated: 30867064 HeapGrowthMultiplier: 3
12-20 20:44:14.330  3306  3685 I com.miui.home: CheckGCForNative gc_urgency 0.878031 current_native_bytes is 154063083
12-20 20:44:14.467  3306  3306 I wm_on_top_resumed_lost_called: [248778734,com.miui.home.launcher.Launcher,topStateChangedWhenResumed]
12-20 20:44:14.497  3306  3357 D cccccc  : onTaskStackChangedBackground
12-20 20:44:14.506  3306  3357 D cccccc  : onTaskStackChangedBackground
12-20 20:44:14.541 12972 12972 I wm_on_application_create_called: [0,com.eg.android.AlipayGphone,296]
12-20 20:44:14.684  3306  3306 I wm_on_paused_called: [0,248778734,com.miui.home.launcher.Launcher,performPause,5]
12-20 20:44:14.714  3306  3967 I com.miui.home: CheckGCForNative gc_urgency 0 current_native_bytes is 119449811
12-20 20:44:14.816 12818 12818 I wm_on_application_create_called: [0,com.taobao.taobao,1150]
12-20 20:44:14.892  3306  3381 D cccccc  : onTaskStackChangedBackground
12-20 20:44:14.897  3306  3381 D cccccc  : onTaskStackChangedBackground
12-20 20:44:14.997  3306  3967 I com.miui.home: CheckGCForNative adj_start_bytes: 48475482 NativeAllocationGcWatermark: 12221961 java_gc_start_bytes: 30142541 kNewNativeDiscountFactor: 2 kOldNativeDiscountFactor: 65536 old_native_bytes: 119449811 new_native_bytes: 1058296 add_bytes_allowed: 36665883 is_gc_concurrent: 1 target_footprint_: 30666829 GetBytesAllocated: 17801311 HeapGrowthMultiplier: 3
12-20 20:44:14.997  3306  3967 I com.miui.home: CheckGCForNative gc_urgency 0.378176 current_native_bytes is 120508107
12-20 20:44:15.102  3306  3967 E cccccc  : createTaskSnapshot:
12-20 20:44:15.103  3306  3967 I cccccc  : getTaskSnapshotInstance:
12-20 20:44:15.104  3306  3967 E cccccc  : createTaskSnapshot:
12-20 20:44:15.104  3306  3967 I cccccc  : getTaskSnapshotInstance:
12-20 20:44:15.111  3306  3839 I com.miui.home: CheckGCForNative adj_start_bytes: 48475482 NativeAllocationGcWatermark: 12221961 java_gc_start_bytes: 30142541 kNewNativeDiscountFactor: 2 kOldNativeDiscountFactor: 65536 old_native_bytes: 119449811 new_native_bytes: 1254684 add_bytes_allowed: 36665883 is_gc_concurrent: 1 target_footprint_: 30666829 GetBytesAllocated: 18691316 HeapGrowthMultiplier: 3
12-20 20:44:15.111  3306  3839 I com.miui.home: CheckGCForNative gc_urgency 0.398562 current_native_bytes is 120704495
12-20 20:44:15.114  3306  3967 I com.miui.home: CheckGCForNative adj_start_bytes: 48475482 NativeAllocationGcWatermark: 12221961 java_gc_start_bytes: 30142541 kNewNativeDiscountFactor: 2 kOldNativeDiscountFactor: 65536 old_native_bytes: 119449811 new_native_bytes: 11960860 add_bytes_allowed: 36665883 is_gc_concurrent: 1 target_footprint_: 30666829 GetBytesAllocated: 18691316 HeapGrowthMultiplier: 3
12-20 20:44:15.114  3306  3967 I com.miui.home: CheckGCForNative gc_urgency 0.508991 current_native_bytes is 131410671
12-20 20:44:15.115  3306  3967 I com.miui.home: CheckGCForNative adj_start_bytes: 48475482 NativeAllocationGcWatermark: 12221961 java_gc_start_bytes: 30142541 kNewNativeDiscountFactor: 2 kOldNativeDiscountFactor: 65536 old_native_bytes: 119449811 new_native_bytes: 22669084 add_bytes_allowed: 36665883 is_gc_concurrent: 1 target_footprint_: 30666829 GetBytesAllocated: 18698065 HeapGrowthMultiplier: 3
12-20 20:44:15.115  3306  3967 I com.miui.home: CheckGCForNative gc_urgency 0.61958 current_native_bytes is 142118895
12-20 20:44:15.133  3306  3839 I com.miui.home: CheckGCForNative adj_start_bytes: 48475482 NativeAllocationGcWatermark: 12221961 java_gc_start_bytes: 30142541 kNewNativeDiscountFactor: 2 kOldNativeDiscountFactor: 65536 old_native_bytes: 119449811 new_native_bytes: 11934812 add_bytes_allowed: 36665883 is_gc_concurrent: 1 target_footprint_: 30666829 GetBytesAllocated: 18828970 HeapGrowthMultiplier: 3
12-20 20:44:15.134  3306  3839 I com.miui.home: CheckGCForNative gc_urgency 0.511562 current_native_bytes is 131384623
12-20 20:44:15.323  3306  3839 I com.miui.home: CheckGCForNative adj_start_bytes: 48475482 NativeAllocationGcWatermark: 12221961 java_gc_start_bytes: 30142541 kNewNativeDiscountFactor: 2 kOldNativeDiscountFactor: 65536 old_native_bytes: 119449811 new_native_bytes: 12054748 add_bytes_allowed: 36665883 is_gc_concurrent: 1 target_footprint_: 30666829 GetBytesAllocated: 19805395 HeapGrowthMultiplier: 3
12-20 20:44:15.323  3306  3839 I com.miui.home: CheckGCForNative gc_urgency 0.532941 current_native_bytes is 131504559
12-20 20:44:15.475  7783  7783 I wm_on_create_called: [0,57986135,com.tencent.mm.ui.LauncherUI,performCreate,506]
12-20 20:44:15.509  7783  7783 I wm_on_start_called: [0,57986135,com.tencent.mm.ui.LauncherUI,handleStartActivity,22]
12-20 20:44:15.649  7783  7783 I wm_on_resume_called: [0,57986135,com.tencent.mm.ui.LauncherUI,RESUME_ACTIVITY,136]
12-20 20:44:15.697 12818 12818 I wm_on_create_called: [0,94571468,com.taobao.tao.welcome.Welcome,performCreate,717]
12-20 20:44:15.700  7783  7783 I wm_on_top_resumed_gained_called: [57986135,com.tencent.mm.ui.LauncherUI,topStateChangedWhenResumed]
12-20 20:44:15.702  7783  7783 I wm_on_top_resumed_lost_called: [57986135,com.tencent.mm.ui.LauncherUI,topStateChangedWhenResumed]
12-20 20:44:15.711  7783  7783 I wm_on_paused_called: [0,57986135,com.tencent.mm.ui.LauncherUI,performPause,6]
12-20 20:44:15.749  3306  3967 E cccccc  : createTaskSnapshot:
12-20 20:44:15.749  3306  3967 I cccccc  : getTaskSnapshotInstance:
12-20 20:44:15.771  3306  3306 I wm_on_stop_called: [0,248778734,com.miui.home.launcher.Launcher,STOP_ACTIVITY_ITEM,16]
12-20 20:44:15.876  7783  7783 I wm_on_create_called: [0,139270852,com.tencent.mm.plugin.account.ui.WelcomeActivity,performCreate,82]
12-20 20:44:15.880  7783  7783 I wm_on_start_called: [0,139270852,com.tencent.mm.plugin.account.ui.WelcomeActivity,handleStartActivity,2]
12-20 20:44:15.895  7783  7783 I wm_on_resume_called: [0,139270852,com.tencent.mm.plugin.account.ui.WelcomeActivity,RESUME_ACTIVITY,11]
12-20 20:44:15.902  3306 10364 D cccccc  : onTaskStackChangedBackground
12-20 20:44:15.905  3306  3967 I com.miui.home: CheckGCForNative adj_start_bytes: 48475482 NativeAllocationGcWatermark: 12221961 java_gc_start_bytes: 30142541 kNewNativeDiscountFactor: 2 kOldNativeDiscountFactor: 65536 old_native_bytes: 119449811 new_native_bytes: 12006064 add_bytes_allowed: 36665883 is_gc_concurrent: 1 target_footprint_: 30666829 GetBytesAllocated: 21124307 HeapGrowthMultiplier: 3
12-20 20:44:15.905  3306  3967 I com.miui.home: CheckGCForNative gc_urgency 0.559647 current_native_bytes is 131455875
12-20 20:44:15.910  7783  7783 I wm_on_top_resumed_gained_called: [139270852,com.tencent.mm.plugin.account.ui.WelcomeActivity,topStateChangedWhenResumed]
12-20 20:44:15.914  3306 10364 D cccccc  : onTaskStackChangedBackground
12-20 20:44:16.037  3306  3306 I wm_on_restart_called: [0,248778734,com.miui.home.launcher.Launcher,,0]
12-20 20:44:16.040  3306  3306 I wm_on_start_called: [0,248778734,com.miui.home.launcher.Launcher,handleStartActivity,3]
12-20 20:44:16.062  3306  3306 I wm_on_resume_called: [0,248778734,com.miui.home.launcher.Launcher,RESUME_ACTIVITY,20]
12-20 20:44:16.177  3306  3306 I wm_on_idle_called: com.miui.home.launcher.Launcher
12-20 20:44:16.201  3306  3967 I com.miui.home: CheckGCForNative gc_urgency 0 current_native_bytes is 119560695
12-20 20:44:16.298  7783  7783 I wm_on_top_resumed_lost_called: [139270852,com.tencent.mm.plugin.account.ui.WelcomeActivity,topStateChangedWhenResumed]
12-20 20:44:16.304  3306  3306 I wm_on_top_resumed_gained_called: [248778734,com.miui.home.launcher.Launcher,topStateChangedWhenResumed]
12-20 20:44:16.370  3306  3839 I com.miui.home: CheckGCForNative adj_start_bytes: 50324948 NativeAllocationGcWatermark: 12416642 java_gc_start_bytes: 31699985 kNewNativeDiscountFactor: 2 kOldNativeDiscountFactor: 65536 old_native_bytes: 119560695 new_native_bytes: 820668 add_bytes_allowed: 37249926 is_gc_concurrent: 1 target_footprint_: 32224273 GetBytesAllocated: 17579902 HeapGrowthMultiplier: 3
12-20 20:44:16.370  3306  3839 I com.miui.home: CheckGCForNative gc_urgency 0.357518 current_native_bytes is 120381363
12-20 20:44:16.381  3306  3967 E cccccc  : createTaskSnapshot:
12-20 20:44:16.382  3306  3967 I cccccc  : getTaskSnapshotInstance:
12-20 20:44:16.414 12818 12818 I wm_on_start_called: [0,94571468,com.taobao.tao.welcome.Welcome,handleStartActivity,705]
12-20 20:44:16.481  3306  3839 I com.miui.home: CheckGCForNative adj_start_bytes: 50324948 NativeAllocationGcWatermark: 12416642 java_gc_start_bytes: 31699985 kNewNativeDiscountFactor: 2 kOldNativeDiscountFactor: 65536 old_native_bytes: 119560695 new_native_bytes: 839908 add_bytes_allowed: 37249926 is_gc_concurrent: 1 target_footprint_: 32224273 GetBytesAllocated: 18448157 HeapGrowthMultiplier: 3
12-20 20:44:16.481  3306  3839 I com.miui.home: CheckGCForNative gc_urgency 0.374962 current_native_bytes is 120400603
12-20 20:44:16.605  3306  3685 I com.miui.home: CheckGCForNative adj_start_bytes: 50324948 NativeAllocationGcWatermark: 12416642 java_gc_start_bytes: 31699985 kNewNativeDiscountFactor: 2 kOldNativeDiscountFactor: 65536 old_native_bytes: 119560695 new_native_bytes: 922084 add_bytes_allowed: 37249926 is_gc_concurrent: 1 target_footprint_: 32224273 GetBytesAllocated: 18895972 HeapGrowthMultiplier: 3
12-20 20:44:16.605  3306  3685 I com.miui.home: CheckGCForNative gc_urgency 0.384677 current_native_bytes is 120482779
12-20 20:44:16.641 12818 12818 I wm_on_resume_called: [0,94571468,com.taobao.tao.welcome.Welcome,RESUME_ACTIVITY,219]
12-20 20:44:16.720  3306  3967 I com.miui.home: CheckGCForNative adj_start_bytes: 50324948 NativeAllocationGcWatermark: 12416642 java_gc_start_bytes: 31699985 kNewNativeDiscountFactor: 2 kOldNativeDiscountFactor: 65536 old_native_bytes: 119560695 new_native_bytes: 1243320 add_bytes_allowed: 37249926 is_gc_concurrent: 1 target_footprint_: 32224273 GetBytesAllocated: 19894427 HeapGrowthMultiplier: 3
12-20 20:44:16.721  3306  3967 I com.miui.home: CheckGCForNative gc_urgency 0.407709 current_native_bytes is 120804015
12-20 20:44:16.792  3306  3967 E cccccc  : createTaskSnapshot:
12-20 20:44:16.792  3306  3967 I cccccc  : getTaskSnapshotInstance:
12-20 20:44:16.864 12818 12818 I wm_on_top_resumed_gained_called: [94571468,com.taobao.tao.welcome.Welcome,topStateChangedWhenResumed]
12-20 20:44:16.865 12818 12818 I wm_on_top_resumed_lost_called: [94571468,com.taobao.tao.welcome.Welcome,topStateChangedWhenResumed]
12-20 20:44:16.957 12818 12818 I wm_on_paused_called: [0,94571468,com.taobao.tao.welcome.Welcome,performPause,12]
12-20 20:44:16.958  7783  7783 I wm_on_paused_called: [0,139270852,com.tencent.mm.plugin.account.ui.WelcomeActivity,performPause,94]
12-20 20:44:16.972  3306  3306 I com.miui.home: CheckGCForNative adj_start_bytes: 50324948 NativeAllocationGcWatermark: 12416642 java_gc_start_bytes: 31699985 kNewNativeDiscountFactor: 2 kOldNativeDiscountFactor: 65536 old_native_bytes: 119560695 new_native_bytes: 1301960 add_bytes_allowed: 37249926 is_gc_concurrent: 1 target_footprint_: 32224273 GetBytesAllocated: 21205353 HeapGrowthMultiplier: 3
12-20 20:44:16.972  3306  3306 I com.miui.home: CheckGCForNative gc_urgency 0.43434 current_native_bytes is 120862655
12-20 20:44:17.052  7783  7783 I wm_on_stop_called: [0,57986135,com.tencent.mm.ui.LauncherUI,STOP_ACTIVITY_ITEM,15]
12-20 20:44:17.094  3306  3306 I wm_on_top_resumed_lost_called: [248778734,com.miui.home.launcher.Launcher,topStateChangedWhenResumed]
12-20 20:44:17.112  3306  3306 I wm_on_paused_called: [0,248778734,com.miui.home.launcher.Launcher,performPause,4]
12-20 20:44:17.133  7783  7783 I wm_on_stop_called: [0,139270852,com.tencent.mm.plugin.account.ui.WelcomeActivity,STOP_ACTIVITY_ITEM,13]
12-20 20:44:17.153  7783  7783 I wm_on_idle_called: com.tencent.mm.ui.LauncherUI
12-20 20:44:17.154  7783  7783 I wm_on_idle_called: com.tencent.mm.plugin.account.ui.WelcomeActivity
12-20 20:44:17.285  3306  3381 D cccccc  : onTaskStackChangedBackground
12-20 20:44:17.288  3306  3381 D cccccc  : onTaskStackChangedBackground
12-20 20:44:17.334  3306  3381 D cccccc  : onTaskStackChangedBackground
12-20 20:44:17.336  3306  3357 D cccccc  : onTaskStackChangedBackground
12-20 20:44:17.344 12818 12818 I wm_on_stop_called: [0,94571468,com.taobao.tao.welcome.Welcome,STOP_ACTIVITY_ITEM,339]
12-20 20:44:17.545  3306  3967 I com.miui.home: CheckGCForNative adj_start_bytes: 50324948 NativeAllocationGcWatermark: 12416642 java_gc_start_bytes: 31699985 kNewNativeDiscountFactor: 2 kOldNativeDiscountFactor: 65536 old_native_bytes: 119560695 new_native_bytes: 1508912 add_bytes_allowed: 37249926 is_gc_concurrent: 1 target_footprint_: 32224273 GetBytesAllocated: 22966806 HeapGrowthMultiplier: 3
12-20 20:44:17.545  3306  3967 I com.miui.home: CheckGCForNative gc_urgency 0.471398 current_native_bytes is 121069607
12-20 20:44:17.773  3306  3839 I com.miui.home: CheckGCForNative adj_start_bytes: 50324948 NativeAllocationGcWatermark: 12416642 java_gc_start_bytes: 31699985 kNewNativeDiscountFactor: 2 kOldNativeDiscountFactor: 65536 old_native_bytes: 119560695 new_native_bytes: 1778320 add_bytes_allowed: 37249926 is_gc_concurrent: 1 target_footprint_: 32224273 GetBytesAllocated: 23482254 HeapGrowthMultiplier: 3
12-20 20:44:17.773  3306  3839 I com.miui.home: CheckGCForNative gc_urgency 0.484317 current_native_bytes is 121339015
12-20 20:44:17.785  3306  3685 I com.miui.home: CheckGCForNative adj_start_bytes: 50324948 NativeAllocationGcWatermark: 12416642 java_gc_start_bytes: 31699985 kNewNativeDiscountFactor: 2 kOldNativeDiscountFactor: 65536 old_native_bytes: 119560695 new_native_bytes: 1757520 add_bytes_allowed: 37249926 is_gc_concurrent: 1 target_footprint_: 32224273 GetBytesAllocated: 23490186 HeapGrowthMultiplier: 3
12-20 20:44:17.786  3306  3685 I com.miui.home: CheckGCForNative gc_urgency 0.48439 current_native_bytes is 121318215
12-20 20:44:18.007  3306  3839 I com.miui.home: CheckGCForNative adj_start_bytes: 50324948 NativeAllocationGcWatermark: 12416642 java_gc_start_bytes: 31699985 kNewNativeDiscountFactor: 2 kOldNativeDiscountFactor: 65536 old_native_bytes: 119560695 new_native_bytes: 1738704 add_bytes_allowed: 37249926 is_gc_concurrent: 1 target_footprint_: 32224273 GetBytesAllocated: 24199996 HeapGrowthMultiplier: 3
12-20 20:44:18.007  3306  3839 I com.miui.home: CheckGCForNative gc_urgency 0.498186 current_native_bytes is 121299399
12-20 20:44:18.290  3306  3967 E cccccc  : createTaskSnapshot:
12-20 20:44:18.291  3306  3967 I cccccc  : getTaskSnapshotInstance:
12-20 20:44:18.292  3306  3967 E cccccc  : createTaskSnapshot:
12-20 20:44:18.292  3306  3967 I cccccc  : getTaskSnapshotInstance:
12-20 20:44:18.294  3306  3967 I com.miui.home: CheckGCForNative adj_start_bytes: 50324948 NativeAllocationGcWatermark: 12416642 java_gc_start_bytes: 31699985 kNewNativeDiscountFactor: 2 kOldNativeDiscountFactor: 65536 old_native_bytes: 119560695 new_native_bytes: 12374148 add_bytes_allowed: 37249926 is_gc_concurrent: 1 target_footprint_: 32224273 GetBytesAllocated: 25208892 HeapGrowthMultiplier: 3
12-20 20:44:18.294  3306  3967 I com.miui.home: CheckGCForNative gc_urgency 0.623901 current_native_bytes is 131934843
