12-21 09:50:47.325  3159  3198 I com.miui.home: CheckGCForNative gc_urgency 0.83199 current_native_bytes is 169748793
12-21 09:50:47.328  3159  3286 I com.miui.home: CheckGCForNative adj_start_bytes: 35244750 NativeAllocationGcWatermark: 10806891 java_gc_start_bytes: 19034414 kNewNativeDiscountFactor: 2 kOldNativeDiscountFactor: 65536 old_native_bytes: 142438933 new_native_bytes: 16605476 add_bytes_allowed: 32420673 is_gc_concurrent: 1 target_footprint_: 19346270 GetBytesAllocated: 15682576 HeapGrowthMultiplier: 3
12-21 09:50:47.328  3159  3286 I com.miui.home: CheckGCForNative gc_urgency 0.680597 current_native_bytes is 159044409
12-21 09:50:47.349  3159  3286 I com.miui.home: CheckGCForNative adj_start_bytes: 35244750 NativeAllocationGcWatermark: 10806891 java_gc_start_bytes: 19034414 kNewNativeDiscountFactor: 2 kOldNativeDiscountFactor: 65536 old_native_bytes: 142438933 new_native_bytes: 16605860 add_bytes_allowed: 32420673 is_gc_concurrent: 1 target_footprint_: 19346270 GetBytesAllocated: 15698960 HeapGrowthMultiplier: 3
12-21 09:50:47.349  3159  3286 I com.miui.home: CheckGCForNative gc_urgency 0.681068 current_native_bytes is 159044793
12-21 09:50:47.441  3159  3198 I com.miui.home: CheckGCForNative adj_start_bytes: 35244750 NativeAllocationGcWatermark: 10806891 java_gc_start_bytes: 19034414 kNewNativeDiscountFactor: 2 kOldNativeDiscountFactor: 65536 old_native_bytes: 142438933 new_native_bytes: 27320468 add_bytes_allowed: 32420673 is_gc_concurrent: 1 target_footprint_: 19346270 GetBytesAllocated: 15797264 HeapGrowthMultiplier: 3
12-21 09:50:47.442  3159  3198 I com.miui.home: CheckGCForNative gc_urgency 0.83586 current_native_bytes is 169759401
12-21 09:50:47.672  3159  3286 I com.miui.home: CheckGCForNative adj_start_bytes: 35244750 NativeAllocationGcWatermark: 10806891 java_gc_start_bytes: 19034414 kNewNativeDiscountFactor: 2 kOldNativeDiscountFactor: 65536 old_native_bytes: 142438933 new_native_bytes: 16616276 add_bytes_allowed: 32420673 is_gc_concurrent: 1 target_footprint_: 19346270 GetBytesAllocated: 15895792 HeapGrowthMultiplier: 3
12-21 09:50:47.672  3159  3286 I com.miui.home: CheckGCForNative gc_urgency 0.6868 current_native_bytes is 159055209
12-21 09:50:47.878  3159  3159 I wm_on_resume_called: [0,36021963,com.miui.home.launcher.Launcher,RESUME_ACTIVITY,2]
12-21 09:50:47.879  3159  3159 I wm_on_idle_called: com.miui.home.launcher.Launcher
12-21 09:50:48.046  3159 10726 I com.miui.home: CheckGCForNative adj_start_bytes: 35244750 NativeAllocationGcWatermark: 10806891 java_gc_start_bytes: 19034414 kNewNativeDiscountFactor: 2 kOldNativeDiscountFactor: 65536 old_native_bytes: 142438933 new_native_bytes: 16670844 add_bytes_allowed: 32420673 is_gc_concurrent: 1 target_footprint_: 19346270 GetBytesAllocated: 16896368 HeapGrowthMultiplier: 3
12-21 09:50:48.046  3159 10726 I com.miui.home: CheckGCForNative gc_urgency 0.715964 current_native_bytes is 159109777
12-21 09:50:48.115  3159  3665 I com.miui.home: CheckGCForNative adj_start_bytes: 35244750 NativeAllocationGcWatermark: 10806891 java_gc_start_bytes: 19034414 kNewNativeDiscountFactor: 2 kOldNativeDiscountFactor: 65536 old_native_bytes: 142438933 new_native_bytes: 16799820 add_bytes_allowed: 32420673 is_gc_concurrent: 1 target_footprint_: 19346270 GetBytesAllocated: 17159104 HeapGrowthMultiplier: 3
12-21 09:50:48.115  3159  3665 I com.miui.home: CheckGCForNative gc_urgency 0.725248 current_native_bytes is 159238753
12-21 09:50:48.153  3159  3269 I com.miui.home: CheckGCForNative adj_start_bytes: 35244750 NativeAllocationGcWatermark: 10806891 java_gc_start_bytes: 19034414 kNewNativeDiscountFactor: 2 kOldNativeDiscountFactor: 65536 old_native_bytes: 142438933 new_native_bytes: 17029236 add_bytes_allowed: 32420673 is_gc_concurrent: 1 target_footprint_: 19346270 GetBytesAllocated: 17437632 HeapGrowthMultiplier: 3
12-21 09:50:48.153  3159  3269 I com.miui.home: CheckGCForNative gc_urgency 0.736405 current_native_bytes is 159468169
12-21 09:50:48.159  3159  3665 I com.miui.home: CheckGCForNative adj_start_bytes: 35244750 NativeAllocationGcWatermark: 10806891 java_gc_start_bytes: 19034414 kNewNativeDiscountFactor: 2 kOldNativeDiscountFactor: 65536 old_native_bytes: 142438933 new_native_bytes: 27699540 add_bytes_allowed: 32420673 is_gc_concurrent: 1 target_footprint_: 19346270 GetBytesAllocated: 17454016 HeapGrowthMultiplier: 3
12-21 09:50:48.159  3159  3665 I com.miui.home: CheckGCForNative gc_urgency 0.888245 current_native_bytes is 170138473
12-21 09:50:48.214  3159  3159 I wm_on_paused_called: [0,36021963,com.miui.home.launcher.Launcher,performPause,1]
12-21 09:50:48.300  3159  3665 I com.miui.home: CheckGCForNative adj_start_bytes: 35244750 NativeAllocationGcWatermark: 10806891 java_gc_start_bytes: 19034414 kNewNativeDiscountFactor: 2 kOldNativeDiscountFactor: 65536 old_native_bytes: 142438933 new_native_bytes: 17393724 add_bytes_allowed: 32420673 is_gc_concurrent: 1 target_footprint_: 19346270 GetBytesAllocated: 18011936 HeapGrowthMultiplier: 3
12-21 09:50:48.300  3159  3665 I com.miui.home: CheckGCForNative gc_urgency 0.757871 current_native_bytes is 159832657
12-21 09:50:48.413  3159  3665 I com.miui.home: CheckGCForNative adj_start_bytes: 35244750 NativeAllocationGcWatermark: 10806891 java_gc_start_bytes: 19034414 kNewNativeDiscountFactor: 2 kOldNativeDiscountFactor: 65536 old_native_bytes: 142438933 new_native_bytes: 17676608 add_bytes_allowed: 32420673 is_gc_concurrent: 1 target_footprint_: 19346270 GetBytesAllocated: 18594208 HeapGrowthMultiplier: 3
12-21 09:50:48.414  3159  3665 I com.miui.home: CheckGCForNative gc_urgency 0.778405 current_native_bytes is 160115541
12-21 09:50:48.606  3159  3665 I com.miui.home: CheckGCForNative adj_start_bytes: 35244750 NativeAllocationGcWatermark: 10806891 java_gc_start_bytes: 19034414 kNewNativeDiscountFactor: 2 kOldNativeDiscountFactor: 65536 old_native_bytes: 142438933 new_native_bytes: 17962364 add_bytes_allowed: 32420673 is_gc_concurrent: 1 target_footprint_: 19346270 GetBytesAllocated: 19020864 HeapGrowthMultiplier: 3
12-21 09:50:48.606  3159  3665 I com.miui.home: CheckGCForNative gc_urgency 0.794564 current_native_bytes is 160401297
12-21 09:50:48.661  3159  3286 I com.miui.home: CheckGCForNative adj_start_bytes: 35244750 NativeAllocationGcWatermark: 10806891 java_gc_start_bytes: 19034414 kNewNativeDiscountFactor: 2 kOldNativeDiscountFactor: 65536 old_native_bytes: 142438933 new_native_bytes: 18215408 add_bytes_allowed: 32420673 is_gc_concurrent: 1 target_footprint_: 19346270 GetBytesAllocated: 19217472 HeapGrowthMultiplier: 3
12-21 09:50:48.661  3159  3286 I com.miui.home: CheckGCForNative gc_urgency 0.803732 current_native_bytes is 160654341
12-21 09:50:49.268 12978 12978 I wm_on_create_called: [0,267202412,com.tencent.mtt.SplashActivity,performCreate,157]
12-21 09:50:49.326 12978 12978 I wm_on_create_called: [0,261108339,com.tencent.mtt.MainActivity,performCreate,14]
12-21 09:50:49.330 12978 12978 I wm_on_start_called: [0,261108339,com.tencent.mtt.MainActivity,handleStartActivity,3]
12-21 09:50:49.431  3159  3665 I com.miui.home: CheckGCForNative gc_urgency 0 current_native_bytes is 109935513
12-21 09:50:49.488  3159  3665 I com.miui.home: CheckGCForNative adj_start_bytes: 35500952 NativeAllocationGcWatermark: 10823463 java_gc_start_bytes: 19265758 kNewNativeDiscountFactor: 2 kOldNativeDiscountFactor: 65536 old_native_bytes: 109935513 new_native_bytes: 1872824 add_bytes_allowed: 32470389 is_gc_concurrent: 1 target_footprint_: 19478846 GetBytesAllocated: 10150240 HeapGrowthMultiplier: 3
12-21 09:50:49.489  3159  3665 I com.miui.home: CheckGCForNative gc_urgency 0.312339 current_native_bytes is 111808337
12-21 09:50:49.560  3159  3665 I com.miui.home: CheckGCForNative adj_start_bytes: 35500952 NativeAllocationGcWatermark: 10823463 java_gc_start_bytes: 19265758 kNewNativeDiscountFactor: 2 kOldNativeDiscountFactor: 65536 old_native_bytes: 109935513 new_native_bytes: 3321124 add_bytes_allowed: 32470389 is_gc_concurrent: 1 target_footprint_: 19478846 GetBytesAllocated: 10347104 HeapGrowthMultiplier: 3
12-21 09:50:49.560  3159  3665 I com.miui.home: CheckGCForNative gc_urgency 0.338282 current_native_bytes is 113256637
12-21 09:50:49.607  3159  3665 I com.miui.home: CheckGCForNative adj_start_bytes: 35500952 NativeAllocationGcWatermark: 10823463 java_gc_start_bytes: 19265758 kNewNativeDiscountFactor: 2 kOldNativeDiscountFactor: 65536 old_native_bytes: 109935513 new_native_bytes: 4368824 add_bytes_allowed: 32470389 is_gc_concurrent: 1 target_footprint_: 19478846 GetBytesAllocated: 10740992 HeapGrowthMultiplier: 3
12-21 09:50:49.607  3159  3665 I com.miui.home: CheckGCForNative gc_urgency 0.364133 current_native_bytes is 114304337
12-21 09:50:49.617 12978 12978 I wm_on_resume_called: [0,261108339,com.tencent.mtt.MainActivity,RESUME_ACTIVITY,286]
12-21 09:50:49.624 12978 12978 I wm_on_top_resumed_gained_called: [261108339,com.tencent.mtt.MainActivity,topStateChangedWhenResumed]
12-21 09:50:49.906  3159  3562 I com.miui.home: CheckGCForNative adj_start_bytes: 35500952 NativeAllocationGcWatermark: 10823463 java_gc_start_bytes: 19265758 kNewNativeDiscountFactor: 2 kOldNativeDiscountFactor: 65536 old_native_bytes: 109935513 new_native_bytes: 15112468 add_bytes_allowed: 32470389 is_gc_concurrent: 1 target_footprint_: 19478846 GetBytesAllocated: 11413152 HeapGrowthMultiplier: 3
12-21 09:50:49.906  3159  3562 I com.miui.home: CheckGCForNative gc_urgency 0.534382 current_native_bytes is 125047981
12-21 09:50:49.907  3159  3562 I com.miui.home: CheckGCForNative adj_start_bytes: 35500952 NativeAllocationGcWatermark: 10823463 java_gc_start_bytes: 19265758 kNewNativeDiscountFactor: 2 kOldNativeDiscountFactor: 65536 old_native_bytes: 109935513 new_native_bytes: 25818388 add_bytes_allowed: 32470389 is_gc_concurrent: 1 target_footprint_: 19478846 GetBytesAllocated: 11413344 HeapGrowthMultiplier: 3
12-21 09:50:49.907  3159  3562 I com.miui.home: CheckGCForNative gc_urgency 0.685171 current_native_bytes is 135753901
12-21 09:50:49.961  3159  3562 I com.miui.home: CheckGCForNative adj_start_bytes: 35500952 NativeAllocationGcWatermark: 10823463 java_gc_start_bytes: 19265758 kNewNativeDiscountFactor: 2 kOldNativeDiscountFactor: 65536 old_native_bytes: 109935513 new_native_bytes: 25929900 add_bytes_allowed: 32470389 is_gc_concurrent: 1 target_footprint_: 19478846 GetBytesAllocated: 11610176 HeapGrowthMultiplier: 3
12-21 09:50:49.961  3159  3562 I com.miui.home: CheckGCForNative gc_urgency 0.692286 current_native_bytes is 135865413
12-21 09:50:50.190  3159  3286 I com.miui.home: CheckGCForNative adj_start_bytes: 35500952 NativeAllocationGcWatermark: 10823463 java_gc_start_bytes: 19265758 kNewNativeDiscountFactor: 2 kOldNativeDiscountFactor: 65536 old_native_bytes: 109935513 new_native_bytes: 15239532 add_bytes_allowed: 32470389 is_gc_concurrent: 1 target_footprint_: 19478846 GetBytesAllocated: 11856512 HeapGrowthMultiplier: 3
12-21 09:50:50.190  3159  3286 I com.miui.home: CheckGCForNative gc_urgency 0.54866 current_native_bytes is 125175045
12-21 09:50:50.297  3159  3159 I wm_on_stop_called: [0,36021963,com.miui.home.launcher.Launcher,STOP_ACTIVITY_ITEM,4]
12-21 09:50:50.361 12978 12978 I wm_on_destroy_called: [0,267202412,com.tencent.mtt.SplashActivity,performDestroy,1]
12-21 09:50:50.386 12978 12978 I wm_on_idle_called: com.tencent.mtt.MainActivity
12-21 09:50:50.821  3159  3159 I wm_on_restart_called: [0,36021963,com.miui.home.launcher.Launcher,performRestartActivity,0]
12-21 09:50:50.822  3159  3159 I wm_on_start_called: [0,36021963,com.miui.home.launcher.Launcher,handleStartActivity,1]
12-21 09:50:50.892  3159  3700 I com.miui.home: CheckGCForNative adj_start_bytes: 35500952 NativeAllocationGcWatermark: 10823463 java_gc_start_bytes: 19265758 kNewNativeDiscountFactor: 2 kOldNativeDiscountFactor: 65536 old_native_bytes: 109935513 new_native_bytes: 25970064 add_bytes_allowed: 32470389 is_gc_concurrent: 1 target_footprint_: 19478846 GetBytesAllocated: 12684512 HeapGrowthMultiplier: 3
12-21 09:50:50.892  3159  3700 I com.miui.home: CheckGCForNative gc_urgency 0.723114 current_native_bytes is 135905577
12-21 09:50:50.892  3159  3700 I com.miui.home: CheckGCForNative adj_start_bytes: 35500952 NativeAllocationGcWatermark: 10823463 java_gc_start_bytes: 19265758 kNewNativeDiscountFactor: 2 kOldNativeDiscountFactor: 65536 old_native_bytes: 109935513 new_native_bytes: 36675984 add_bytes_allowed: 32470389 is_gc_concurrent: 1 target_footprint_: 19478846 GetBytesAllocated: 12684704 HeapGrowthMultiplier: 3
12-21 09:50:50.892  3159  3700 I com.miui.home: CheckGCForNative gc_urgency 0.873903 current_native_bytes is 146611497
12-21 09:50:50.899  3159  3700 I com.miui.home: CheckGCForNative adj_start_bytes: 35500952 NativeAllocationGcWatermark: 10823463 java_gc_start_bytes: 19265758 kNewNativeDiscountFactor: 2 kOldNativeDiscountFactor: 65536 old_native_bytes: 109935513 new_native_bytes: 36678480 add_bytes_allowed: 32470389 is_gc_concurrent: 1 target_footprint_: 19478846 GetBytesAllocated: 12750240 HeapGrowthMultiplier: 3
12-21 09:50:50.899  3159  3700 I com.miui.home: CheckGCForNative gc_urgency 0.875784 current_native_bytes is 146613993
12-21 09:50:51.035  3159  3286 I com.miui.home: CheckGCForNative adj_start_bytes: 35500952 NativeAllocationGcWatermark: 10823463 java_gc_start_bytes: 19265758 kNewNativeDiscountFactor: 2 kOldNativeDiscountFactor: 65536 old_native_bytes: 109935513 new_native_bytes: 26013892 add_bytes_allowed: 32470389 is_gc_concurrent: 1 target_footprint_: 19478846 GetBytesAllocated: 12832352 HeapGrowthMultiplier: 3
12-21 09:50:51.035  3159  3286 I com.miui.home: CheckGCForNative gc_urgency 0.727895 current_native_bytes is 135949405
12-21 09:50:51.190  3159  3286 I com.miui.home: CheckGCForNative adj_start_bytes: 35500952 NativeAllocationGcWatermark: 10823463 java_gc_start_bytes: 19265758 kNewNativeDiscountFactor: 2 kOldNativeDiscountFactor: 65536 old_native_bytes: 109935513 new_native_bytes: 26025412 add_bytes_allowed: 32470389 is_gc_concurrent: 1 target_footprint_: 19478846 GetBytesAllocated: 12897888 HeapGrowthMultiplier: 3
12-21 09:50:51.190  3159  3286 I com.miui.home: CheckGCForNative gc_urgency 0.729904 current_native_bytes is 135960925
12-21 09:50:51.398 12978 12978 I wm_on_top_resumed_lost_called: [261108339,com.tencent.mtt.MainActivity,topStateChangedWhenResumed]
12-21 09:50:51.412  3159  3159 I wm_on_resume_called: [0,36021963,com.miui.home.launcher.Launcher,RESUME_ACTIVITY,8]
12-21 09:50:51.412  3159  3159 I wm_on_idle_called: com.miui.home.launcher.Launcher
12-21 09:50:51.423  3159  3159 I wm_on_top_resumed_gained_called: [36021963,com.miui.home.launcher.Launcher,topStateChangedWhenResumed]
12-21 09:50:51.426 12978 12978 I wm_on_paused_called: [0,261108339,com.tencent.mtt.MainActivity,performPause,1]
12-21 09:50:51.537 12978 12978 I wm_on_stop_called: [0,261108339,com.tencent.mtt.MainActivity,STOP_ACTIVITY_ITEM,80]
12-21 09:50:51.559  3159  3665 I com.miui.home: CheckGCForNative adj_start_bytes: 35500952 NativeAllocationGcWatermark: 10823463 java_gc_start_bytes: 19265758 kNewNativeDiscountFactor: 2 kOldNativeDiscountFactor: 65536 old_native_bytes: 109935513 new_native_bytes: 26137368 add_bytes_allowed: 32470389 is_gc_concurrent: 1 target_footprint_: 19478846 GetBytesAllocated: 14226592 HeapGrowthMultiplier: 3
12-21 09:50:51.559  3159  3665 I com.miui.home: CheckGCForNative gc_urgency 0.768908 current_native_bytes is 136072881
12-21 09:50:51.616  3159  3159 I wm_on_top_resumed_lost_called: [36021963,com.miui.home.launcher.Launcher,topStateChangedWhenResumed]
12-21 09:50:51.621  3159  3665 I com.miui.home: CheckGCForNative adj_start_bytes: 35500952 NativeAllocationGcWatermark: 10823463 java_gc_start_bytes: 19265758 kNewNativeDiscountFactor: 2 kOldNativeDiscountFactor: 65536 old_native_bytes: 109935513 new_native_bytes: 37000204 add_bytes_allowed: 32470389 is_gc_concurrent: 1 target_footprint_: 19478846 GetBytesAllocated: 14455968 HeapGrowthMultiplier: 3
12-21 09:50:51.621  3159  3665 I com.miui.home: CheckGCForNative gc_urgency 0.928362 current_native_bytes is 146935717
12-21 09:50:51.623  3159  3159 I wm_on_paused_called: [0,36021963,com.miui.home.launcher.Launcher,performPause,1]
12-21 09:50:51.696  3159  3665 I com.miui.home: CheckGCForNative adj_start_bytes: 35500952 NativeAllocationGcWatermark: 10823463 java_gc_start_bytes: 19265758 kNewNativeDiscountFactor: 2 kOldNativeDiscountFactor: 65536 old_native_bytes: 109935513 new_native_bytes: 26457796 add_bytes_allowed: 32470389 is_gc_concurrent: 1 target_footprint_: 19478846 GetBytesAllocated: 14768160 HeapGrowthMultiplier: 3
12-21 09:50:51.696  3159  3665 I com.miui.home: CheckGCForNative gc_urgency 0.788676 current_native_bytes is 136393309
12-21 09:50:51.835  3159  3286 I com.miui.home: CheckGCForNative adj_start_bytes: 35500952 NativeAllocationGcWatermark: 10823463 java_gc_start_bytes: 19265758 kNewNativeDiscountFactor: 2 kOldNativeDiscountFactor: 65536 old_native_bytes: 109935513 new_native_bytes: 26827920 add_bytes_allowed: 32470389 is_gc_concurrent: 1 target_footprint_: 19478846 GetBytesAllocated: 15399680 HeapGrowthMultiplier: 3
12-21 09:50:51.835  3159  3286 I com.miui.home: CheckGCForNative gc_urgency 0.811677 current_native_bytes is 136763433
12-21 09:50:51.887  3159  3665 I com.miui.home: CheckGCForNative adj_start_bytes: 35500952 NativeAllocationGcWatermark: 10823463 java_gc_start_bytes: 19265758 kNewNativeDiscountFactor: 2 kOldNativeDiscountFactor: 65536 old_native_bytes: 109935513 new_native_bytes: 27106320 add_bytes_allowed: 32470389 is_gc_concurrent: 1 target_footprint_: 19478846 GetBytesAllocated: 15579904 HeapGrowthMultiplier: 3
12-21 09:50:51.887  3159  3665 I com.miui.home: CheckGCForNative gc_urgency 0.820675 current_native_bytes is 137041833
12-21 09:50:51.923  3159  3286 I com.miui.home: CheckGCForNative adj_start_bytes: 35500952 NativeAllocationGcWatermark: 10823463 java_gc_start_bytes: 19265758 kNewNativeDiscountFactor: 2 kOldNativeDiscountFactor: 65536 old_native_bytes: 109935513 new_native_bytes: 27171556 add_bytes_allowed: 32470389 is_gc_concurrent: 1 target_footprint_: 19478846 GetBytesAllocated: 15678208 HeapGrowthMultiplier: 3
12-21 09:50:51.924  3159  3286 I com.miui.home: CheckGCForNative gc_urgency 0.824363 current_native_bytes is 137107069
12-21 09:50:52.405 13420 13420 I wm_on_application_create_called: [0,com.youku.phone,281]
12-21 09:50:52.620 13420 13420 I wm_on_create_called: [0,430694,com.youku.phone.ActivityWelcome,performCreate,206]
12-21 09:50:52.799  3159  3665 I com.miui.home: CheckGCForNative adj_start_bytes: 35500952 NativeAllocationGcWatermark: 10823463 java_gc_start_bytes: 19265758 kNewNativeDiscountFactor: 2 kOldNativeDiscountFactor: 65536 old_native_bytes: 109935513 new_native_bytes: 27112676 add_bytes_allowed: 32470389 is_gc_concurrent: 1 target_footprint_: 19478846 GetBytesAllocated: 16072320 HeapGrowthMultiplier: 3
12-21 09:50:52.799  3159  3665 I com.miui.home: CheckGCForNative gc_urgency 0.834635 current_native_bytes is 137048189
12-21 09:50:52.837 13420 13420 I wm_on_create_called: [0,67052701,com.youku.v2.HomePageEntry,performCreate,125]
12-21 09:50:52.849  3159  3665 I com.miui.home: CheckGCForNative adj_start_bytes: 35500952 NativeAllocationGcWatermark: 10823463 java_gc_start_bytes: 19265758 kNewNativeDiscountFactor: 2 kOldNativeDiscountFactor: 65536 old_native_bytes: 109935513 new_native_bytes: 27374232 add_bytes_allowed: 32470389 is_gc_concurrent: 1 target_footprint_: 19478846 GetBytesAllocated: 16482592 HeapGrowthMultiplier: 3
12-21 09:50:52.849  3159  3665 I com.miui.home: CheckGCForNative gc_urgency 0.849875 current_native_bytes is 137309745
12-21 09:50:52.964 13420 13420 I wm_on_start_called: [0,67052701,com.youku.v2.HomePageEntry,handleStartActivity,127]
12-21 09:50:52.993 13420 13420 I wm_on_resume_called: [0,67052701,com.youku.v2.HomePageEntry,RESUME_ACTIVITY,28]
12-21 09:50:53.008 13420 13420 I wm_on_top_resumed_gained_called: [67052701,com.youku.v2.HomePageEntry,topStateChangedWhenResumed]
12-21 09:50:53.426  3159  3700 I com.miui.home: CheckGCForNative adj_start_bytes: 35500952 NativeAllocationGcWatermark: 10823463 java_gc_start_bytes: 19265758 kNewNativeDiscountFactor: 2 kOldNativeDiscountFactor: 65536 old_native_bytes: 109935513 new_native_bytes: 38233128 add_bytes_allowed: 32470389 is_gc_concurrent: 1 target_footprint_: 19478846 GetBytesAllocated: 17171328 HeapGrowthMultiplier: 3
12-21 09:50:53.427  3159  3700 I com.miui.home: CheckGCForNative gc_urgency 1.02221 current_native_bytes is 148168641
12-21 09:50:53.427  3159  3700 I com.miui.home: CheckGCForNative requested 1
12-21 09:50:53.445  3159  3700 I com.miui.home: CheckGCForNative adj_start_bytes: 35500952 NativeAllocationGcWatermark: 10823463 java_gc_start_bytes: 19265758 kNewNativeDiscountFactor: 2 kOldNativeDiscountFactor: 65536 old_native_bytes: 109935513 new_native_bytes: 48939048 add_bytes_allowed: 32470389 is_gc_concurrent: 1 target_footprint_: 19478846 GetBytesAllocated: 17204288 HeapGrowthMultiplier: 3
12-21 09:50:53.445  3159  3700 I com.miui.home: CheckGCForNative gc_urgency 1.17393 current_native_bytes is 158874561
12-21 09:50:53.445  3159  3700 I com.miui.home: CheckGCForNative requested 1
12-21 09:50:53.791  3159  3286 I com.miui.home: CheckGCForNative adj_start_bytes: 35500952 NativeAllocationGcWatermark: 10823463 java_gc_start_bytes: 19265758 kNewNativeDiscountFactor: 2 kOldNativeDiscountFactor: 65536 old_native_bytes: 109935513 new_native_bytes: 38355776 add_bytes_allowed: 32470389 is_gc_concurrent: 1 target_footprint_: 19478846 GetBytesAllocated: 17450144 HeapGrowthMultiplier: 3
12-21 09:50:53.791  3159  3286 I com.miui.home: CheckGCForNative gc_urgency 1.0318 current_native_bytes is 148291289
12-21 09:50:53.791  3159  3286 I com.miui.home: CheckGCForNative requested 1
12-21 09:50:53.846  3159  3182 I com.miui.home: NativeAlloc concurrent copying GC freed 125337(6870KB) AllocSpace objects, 22(688KB) LOS objects, 49% free, 9498KB/18MB, paused 167us,115us total 419.454ms
12-21 09:50:53.929  3159  3700 I com.miui.home: CheckGCForNative gc_urgency 0 current_native_bytes is 126796185
12-21 09:50:53.986  3159  3159 I wm_on_resume_called: [0,36021963,com.miui.home.launcher.Launcher,RESUME_ACTIVITY,9]
12-21 09:50:53.987  3159  3159 I wm_on_idle_called: com.miui.home.launcher.Launcher
12-21 09:50:54.176  3159 10726 I com.miui.home: CheckGCForNative gc_urgency 0 current_native_bytes is 116189721
12-21 09:50:54.320  3159 10726 I com.miui.home: CheckGCForNative adj_start_bytes: 35388081 NativeAllocationGcWatermark: 10820205 java_gc_start_bytes: 19157774 kNewNativeDiscountFactor: 2 kOldNativeDiscountFactor: 65536 old_native_bytes: 116189721 new_native_bytes: 52148 add_bytes_allowed: 32460615 is_gc_concurrent: 1 target_footprint_: 19452782 GetBytesAllocated: 11226920 HeapGrowthMultiplier: 3
12-21 09:50:54.320  3159 10726 I com.miui.home: CheckGCForNative gc_urgency 0.318038 current_native_bytes is 116241869
12-21 09:50:54.359  3159  3159 I wm_on_paused_called: [0,36021963,com.miui.home.launcher.Launcher,performPause,1]
12-21 09:50:54.672  3159  3665 I com.miui.home: CheckGCForNative adj_start_bytes: 35388081 NativeAllocationGcWatermark: 10820205 java_gc_start_bytes: 19157774 kNewNativeDiscountFactor: 2 kOldNativeDiscountFactor: 65536 old_native_bytes: 116189721 new_native_bytes: 958956 add_bytes_allowed: 32460615 is_gc_concurrent: 1 target_footprint_: 19452782 GetBytesAllocated: 11924344 HeapGrowthMultiplier: 3
12-21 09:50:54.672  3159  3665 I com.miui.home: CheckGCForNative gc_urgency 0.350559 current_native_bytes is 117148677
12-21 09:50:54.672  3159  3665 I com.miui.home: CheckGCForNative adj_start_bytes: 35388081 NativeAllocationGcWatermark: 10820205 java_gc_start_bytes: 19157774 kNewNativeDiscountFactor: 2 kOldNativeDiscountFactor: 65536 old_native_bytes: 116189721 new_native_bytes: 963436 add_bytes_allowed: 32460615 is_gc_concurrent: 1 target_footprint_: 19452782 GetBytesAllocated: 11924344 HeapGrowthMultiplier: 3
12-21 09:50:54.672  3159  3665 I com.miui.home: CheckGCForNative gc_urgency 0.350622 current_native_bytes is 117153157
12-21 09:50:54.692  3159  3665 I com.miui.home: CheckGCForNative adj_start_bytes: 35388081 NativeAllocationGcWatermark: 10820205 java_gc_start_bytes: 19157774 kNewNativeDiscountFactor: 2 kOldNativeDiscountFactor: 65536 old_native_bytes: 116189721 new_native_bytes: 1732972 add_bytes_allowed: 32460615 is_gc_concurrent: 1 target_footprint_: 19452782 GetBytesAllocated: 11973752 HeapGrowthMultiplier: 3
12-21 09:50:54.692  3159  3665 I com.miui.home: CheckGCForNative gc_urgency 0.362891 current_native_bytes is 117922693
12-21 09:50:54.694  3159  3665 I com.miui.home: CheckGCForNative adj_start_bytes: 35388081 NativeAllocationGcWatermark: 10820205 java_gc_start_bytes: 19157774 kNewNativeDiscountFactor: 2 kOldNativeDiscountFactor: 65536 old_native_bytes: 116189721 new_native_bytes: 2116620 add_bytes_allowed: 32460615 is_gc_concurrent: 1 target_footprint_: 19452782 GetBytesAllocated: 11973752 HeapGrowthMultiplier: 3
12-21 09:50:54.694  3159  3665 I com.miui.home: CheckGCForNative gc_urgency 0.368311 current_native_bytes is 118306341
12-21 09:50:54.721  3159  3665 I com.miui.home: CheckGCForNative adj_start_bytes: 35388081 NativeAllocationGcWatermark: 10820205 java_gc_start_bytes: 19157774 kNewNativeDiscountFactor: 2 kOldNativeDiscountFactor: 65536 old_native_bytes: 116189721 new_native_bytes: 3768212 add_bytes_allowed: 32460615 is_gc_concurrent: 1 target_footprint_: 19452782 GetBytesAllocated: 12056024 HeapGrowthMultiplier: 3
12-21 09:50:54.721  3159  3665 I com.miui.home: CheckGCForNative gc_urgency 0.393972 current_native_bytes is 119957933
12-21 09:50:54.723  3159  3665 I com.miui.home: CheckGCForNative adj_start_bytes: 35388081 NativeAllocationGcWatermark: 10820205 java_gc_start_bytes: 19157774 kNewNativeDiscountFactor: 2 kOldNativeDiscountFactor: 65536 old_native_bytes: 116189721 new_native_bytes: 4181396 add_bytes_allowed: 32460615 is_gc_concurrent: 1 target_footprint_: 19452782 GetBytesAllocated: 12056024 HeapGrowthMultiplier: 3
12-21 09:50:54.723  3159  3665 I com.miui.home: CheckGCForNative gc_urgency 0.39981 current_native_bytes is 120371117
12-21 09:50:54.731  3159  3665 I com.miui.home: CheckGCForNative adj_start_bytes: 35388081 NativeAllocationGcWatermark: 10820205 java_gc_start_bytes: 19157774 kNewNativeDiscountFactor: 2 kOldNativeDiscountFactor: 65536 old_native_bytes: 116189721 new_native_bytes: 4942676 add_bytes_allowed: 32460615 is_gc_concurrent: 1 target_footprint_: 19452782 GetBytesAllocated: 12088968 HeapGrowthMultiplier: 3
12-21 09:50:54.731  3159  3665 I com.miui.home: CheckGCForNative gc_urgency 0.411497 current_native_bytes is 121132397
12-21 09:50:54.732  3159  3665 I com.miui.home: CheckGCForNative adj_start_bytes: 35388081 NativeAllocationGcWatermark: 10820205 java_gc_start_bytes: 19157774 kNewNativeDiscountFactor: 2 kOldNativeDiscountFactor: 65536 old_native_bytes: 116189721 new_native_bytes: 5401812 add_bytes_allowed: 32460615 is_gc_concurrent: 1 target_footprint_: 19452782 GetBytesAllocated: 12088968 HeapGrowthMultiplier: 3
12-21 09:50:54.732  3159  3665 I com.miui.home: CheckGCForNative gc_urgency 0.417984 current_native_bytes is 121591533
12-21 09:50:54.747  3159  3665 I com.miui.home: CheckGCForNative adj_start_bytes: 35388081 NativeAllocationGcWatermark: 10820205 java_gc_start_bytes: 19157774 kNewNativeDiscountFactor: 2 kOldNativeDiscountFactor: 65536 old_native_bytes: 116189721 new_native_bytes: 6416724 add_bytes_allowed: 32460615 is_gc_concurrent: 1 target_footprint_: 19452782 GetBytesAllocated: 12121800 HeapGrowthMultiplier: 3
12-21 09:50:54.747  3159  3665 I com.miui.home: CheckGCForNative gc_urgency 0.433251 current_native_bytes is 122606445
12-21 09:50:54.766  3159  3665 I com.miui.home: CheckGCForNative adj_start_bytes: 35388081 NativeAllocationGcWatermark: 10820205 java_gc_start_bytes: 19157774 kNewNativeDiscountFactor: 2 kOldNativeDiscountFactor: 65536 old_native_bytes: 116189721 new_native_bytes: 7434172 add_bytes_allowed: 32460615 is_gc_concurrent: 1 target_footprint_: 19452782 GetBytesAllocated: 12187592 HeapGrowthMultiplier: 3
12-21 09:50:54.766  3159  3665 I com.miui.home: CheckGCForNative gc_urgency 0.449486 current_native_bytes is 123623893
12-21 09:50:54.792  3159  3665 I com.miui.home: CheckGCForNative adj_start_bytes: 35388081 NativeAllocationGcWatermark: 10820205 java_gc_start_bytes: 19157774 kNewNativeDiscountFactor: 2 kOldNativeDiscountFactor: 65536 old_native_bytes: 116189721 new_native_bytes: 8202620 add_bytes_allowed: 32460615 is_gc_concurrent: 1 target_footprint_: 19452782 GetBytesAllocated: 12187592 HeapGrowthMultiplier: 3
12-21 09:50:54.792  3159  3665 I com.miui.home: CheckGCForNative gc_urgency 0.460344 current_native_bytes is 124392341
12-21 09:50:54.809  3159  3665 I com.miui.home: CheckGCForNative adj_start_bytes: 35388081 NativeAllocationGcWatermark: 10820205 java_gc_start_bytes: 19157774 kNewNativeDiscountFactor: 2 kOldNativeDiscountFactor: 65536 old_native_bytes: 116189721 new_native_bytes: 8582868 add_bytes_allowed: 32460615 is_gc_concurrent: 1 target_footprint_: 19452782 GetBytesAllocated: 12220536 HeapGrowthMultiplier: 3
12-21 09:50:54.809  3159  3665 I com.miui.home: CheckGCForNative gc_urgency 0.466647 current_native_bytes is 124772589
12-21 09:50:54.816  3159  3665 I com.miui.home: CheckGCForNative adj_start_bytes: 35388081 NativeAllocationGcWatermark: 10820205 java_gc_start_bytes: 19157774 kNewNativeDiscountFactor: 2 kOldNativeDiscountFactor: 65536 old_native_bytes: 116189721 new_native_bytes: 8979412 add_bytes_allowed: 32460615 is_gc_concurrent: 1 target_footprint_: 19452782 GetBytesAllocated: 12220536 HeapGrowthMultiplier: 3
12-21 09:50:54.816  3159  3665 I com.miui.home: CheckGCForNative gc_urgency 0.47225 current_native_bytes is 125169133
12-21 09:50:54.837  3159  3665 I com.miui.home: CheckGCForNative adj_start_bytes: 35388081 NativeAllocationGcWatermark: 10820205 java_gc_start_bytes: 19157774 kNewNativeDiscountFactor: 2 kOldNativeDiscountFactor: 65536 old_native_bytes: 116189721 new_native_bytes: 9528084 add_bytes_allowed: 32460615 is_gc_concurrent: 1 target_footprint_: 19452782 GetBytesAllocated: 12253480 HeapGrowthMultiplier: 3
12-21 09:50:54.837  3159  3665 I com.miui.home: CheckGCForNative gc_urgency 0.480933 current_native_bytes is 125717805
12-21 09:50:54.846  3159  3665 I com.miui.home: CheckGCForNative adj_start_bytes: 35388081 NativeAllocationGcWatermark: 10820205 java_gc_start_bytes: 19157774 kNewNativeDiscountFactor: 2 kOldNativeDiscountFactor: 65536 old_native_bytes: 116189721 new_native_bytes: 9992948 add_bytes_allowed: 32460615 is_gc_concurrent: 1 target_footprint_: 19452782 GetBytesAllocated: 12286312 HeapGrowthMultiplier: 3
12-21 09:50:54.846  3159  3665 I com.miui.home: CheckGCForNative gc_urgency 0.488429 current_native_bytes is 126182669
12-21 09:50:54.850  3159  3665 I com.miui.home: CheckGCForNative adj_start_bytes: 35388081 NativeAllocationGcWatermark: 10820205 java_gc_start_bytes: 19157774 kNewNativeDiscountFactor: 2 kOldNativeDiscountFactor: 65536 old_native_bytes: 116189721 new_native_bytes: 10058676 add_bytes_allowed: 32460615 is_gc_concurrent: 1 target_footprint_: 19452782 GetBytesAllocated: 12286424 HeapGrowthMultiplier: 3
12-21 09:50:54.850  3159  3665 I com.miui.home: CheckGCForNative gc_urgency 0.489361 current_native_bytes is 126248397
12-21 09:50:54.853  3159  3665 I com.miui.home: CheckGCForNative adj_start_bytes: 35388081 NativeAllocationGcWatermark: 10820205 java_gc_start_bytes: 19157774 kNewNativeDiscountFactor: 2 kOldNativeDiscountFactor: 65536 old_native_bytes: 116189721 new_native_bytes: 10454996 add_bytes_allowed: 32460615 is_gc_concurrent: 1 target_footprint_: 19452782 GetBytesAllocated: 12286424 HeapGrowthMultiplier: 3
12-21 09:50:54.853  3159  3665 I com.miui.home: CheckGCForNative gc_urgency 0.49496 current_native_bytes is 126644717
12-21 09:50:54.885  3159  3665 I com.miui.home: CheckGCForNative adj_start_bytes: 35388081 NativeAllocationGcWatermark: 10820205 java_gc_start_bytes: 19157774 kNewNativeDiscountFactor: 2 kOldNativeDiscountFactor: 65536 old_native_bytes: 116189721 new_native_bytes: 11388564 add_bytes_allowed: 32460615 is_gc_concurrent: 1 target_footprint_: 19452782 GetBytesAllocated: 12319368 HeapGrowthMultiplier: 3
12-21 09:50:54.885  3159  3665 I com.miui.home: CheckGCForNative gc_urgency 0.509082 current_native_bytes is 127578285
12-21 09:50:54.913  3159  3665 I com.miui.home: CheckGCForNative adj_start_bytes: 35388081 NativeAllocationGcWatermark: 10820205 java_gc_start_bytes: 19157774 kNewNativeDiscountFactor: 2 kOldNativeDiscountFactor: 65536 old_native_bytes: 116189721 new_native_bytes: 22932104 add_bytes_allowed: 32460615 is_gc_concurrent: 1 target_footprint_: 19452782 GetBytesAllocated: 12435224 HeapGrowthMultiplier: 3
12-21 09:50:54.913  3159  3665 I com.miui.home: CheckGCForNative gc_urgency 0.675455 current_native_bytes is 139121825
12-21 09:50:54.952  3159  3665 I com.miui.home: CheckGCForNative adj_start_bytes: 35388081 NativeAllocationGcWatermark: 10820205 java_gc_start_bytes: 19157774 kNewNativeDiscountFactor: 2 kOldNativeDiscountFactor: 65536 old_native_bytes: 116189721 new_native_bytes: 12843432 add_bytes_allowed: 32460615 is_gc_concurrent: 1 target_footprint_: 19452782 GetBytesAllocated: 12763768 HeapGrowthMultiplier: 3
12-21 09:50:54.952  3159  3665 I com.miui.home: CheckGCForNative gc_urgency 0.542195 current_native_bytes is 129033153
12-21 09:50:55.232 13897 13897 I wm_on_create_called: [0,62864011,com.ucpro.MainActivity,performCreate,75]
12-21 09:50:55.396  3159  3665 I com.miui.home: CheckGCForNative adj_start_bytes: 35388081 NativeAllocationGcWatermark: 10820205 java_gc_start_bytes: 19157774 kNewNativeDiscountFactor: 2 kOldNativeDiscountFactor: 65536 old_native_bytes: 116189721 new_native_bytes: 13108444 add_bytes_allowed: 32460615 is_gc_concurrent: 1 target_footprint_: 19452782 GetBytesAllocated: 13206904 HeapGrowthMultiplier: 3
12-21 09:50:55.396  3159  3665 I com.miui.home: CheckGCForNative gc_urgency 0.558462 current_native_bytes is 129298165
12-21 09:50:55.439  3159  3665 I com.miui.home: CheckGCForNative adj_start_bytes: 35388081 NativeAllocationGcWatermark: 10820205 java_gc_start_bytes: 19157774 kNewNativeDiscountFactor: 2 kOldNativeDiscountFactor: 65536 old_native_bytes: 116189721 new_native_bytes: 13365264 add_bytes_allowed: 32460615 is_gc_concurrent: 1 target_footprint_: 19452782 GetBytesAllocated: 13633576 HeapGrowthMultiplier: 3
12-21 09:50:55.439  3159  3665 I com.miui.home: CheckGCForNative gc_urgency 0.574148 current_native_bytes is 129554985
12-21 09:50:55.678 13897 13897 I wm_on_create_called: [0,130747283,com.ucpro.BrowserActivity,performCreate,366]
12-21 09:50:55.681 13897 13897 I wm_on_start_called: [0,130747283,com.ucpro.BrowserActivity,handleStartActivity,3]
12-21 09:50:55.687 13897 13897 I wm_on_resume_called: [0,130747283,com.ucpro.BrowserActivity,RESUME_ACTIVITY,5]
12-21 09:50:55.710 13897 13897 I wm_on_top_resumed_gained_called: [130747283,com.ucpro.BrowserActivity,topStateChangedWhenResumed]
12-21 09:50:56.086  3159  3700 I com.miui.home: CheckGCForNative adj_start_bytes: 35388081 NativeAllocationGcWatermark: 10820205 java_gc_start_bytes: 19157774 kNewNativeDiscountFactor: 2 kOldNativeDiscountFactor: 65536 old_native_bytes: 116189721 new_native_bytes: 24132592 add_bytes_allowed: 32460615 is_gc_concurrent: 1 target_footprint_: 19452782 GetBytesAllocated: 14387784 HeapGrowthMultiplier: 3
12-21 09:50:56.086  3159  3700 I com.miui.home: CheckGCForNative gc_urgency 0.747592 current_native_bytes is 140322313
12-21 09:50:56.086  3159  3700 I com.miui.home: CheckGCForNative adj_start_bytes: 35388081 NativeAllocationGcWatermark: 10820205 java_gc_start_bytes: 19157774 kNewNativeDiscountFactor: 2 kOldNativeDiscountFactor: 65536 old_native_bytes: 116189721 new_native_bytes: 34838512 add_bytes_allowed: 32460615 is_gc_concurrent: 1 target_footprint_: 19452782 GetBytesAllocated: 14404360 HeapGrowthMultiplier: 3
12-21 09:50:56.086  3159  3700 I com.miui.home: CheckGCForNative gc_urgency 0.899325 current_native_bytes is 151028233
12-21 09:50:56.161  3159  3198 I com.miui.home: CheckGCForNative adj_start_bytes: 35388081 NativeAllocationGcWatermark: 10820205 java_gc_start_bytes: 19157774 kNewNativeDiscountFactor: 2 kOldNativeDiscountFactor: 65536 old_native_bytes: 116189721 new_native_bytes: 34849824 add_bytes_allowed: 32460615 is_gc_concurrent: 1 target_footprint_: 19452782 GetBytesAllocated: 14469896 HeapGrowthMultiplier: 3
12-21 09:50:56.162  3159  3198 I com.miui.home: CheckGCForNative gc_urgency 0.901337 current_native_bytes is 151039545
12-21 09:50:56.322  3159  3286 I com.miui.home: CheckGCForNative adj_start_bytes: 35388081 NativeAllocationGcWatermark: 10820205 java_gc_start_bytes: 19157774 kNewNativeDiscountFactor: 2 kOldNativeDiscountFactor: 65536 old_native_bytes: 116189721 new_native_bytes: 24145848 add_bytes_allowed: 32460615 is_gc_concurrent: 1 target_footprint_: 19452782 GetBytesAllocated: 14552008 HeapGrowthMultiplier: 3
12-21 09:50:56.322  3159  3286 I com.miui.home: CheckGCForNative gc_urgency 0.75242 current_native_bytes is 140335569
12-21 09:50:56.511  3159  3286 I com.miui.home: CheckGCForNative adj_start_bytes: 35388081 NativeAllocationGcWatermark: 10820205 java_gc_start_bytes: 19157774 kNewNativeDiscountFactor: 2 kOldNativeDiscountFactor: 65536 old_native_bytes: 116189721 new_native_bytes: 24161976 add_bytes_allowed: 32460615 is_gc_concurrent: 1 target_footprint_: 19452782 GetBytesAllocated: 14633928 HeapGrowthMultiplier: 3
12-21 09:50:56.511  3159  3286 I com.miui.home: CheckGCForNative gc_urgency 0.754963 current_native_bytes is 140351697
12-21 09:50:56.618  3159  3159 I wm_on_resume_called: [0,36021963,com.miui.home.launcher.Launcher,RESUME_ACTIVITY,3]
12-21 09:50:56.618  3159  3159 I wm_on_idle_called: com.miui.home.launcher.Launcher
12-21 09:50:56.860  3159  3665 I com.miui.home: CheckGCForNative adj_start_bytes: 35388081 NativeAllocationGcWatermark: 10820205 java_gc_start_bytes: 19157774 kNewNativeDiscountFactor: 2 kOldNativeDiscountFactor: 65536 old_native_bytes: 116189721 new_native_bytes: 24336088 add_bytes_allowed: 32460615 is_gc_concurrent: 1 target_footprint_: 19452782 GetBytesAllocated: 15806856 HeapGrowthMultiplier: 3
12-21 09:50:56.860  3159  3665 I com.miui.home: CheckGCForNative gc_urgency 0.790568 current_native_bytes is 140525809
12-21 09:50:56.894  3159  3665 I com.miui.home: CheckGCForNative adj_start_bytes: 35388081 NativeAllocationGcWatermark: 10820205 java_gc_start_bytes: 19157774 kNewNativeDiscountFactor: 2 kOldNativeDiscountFactor: 65536 old_native_bytes: 116189721 new_native_bytes: 35274988 add_bytes_allowed: 32460615 is_gc_concurrent: 1 target_footprint_: 19452782 GetBytesAllocated: 15987080 HeapGrowthMultiplier: 3
12-21 09:50:56.894  3159  3665 I com.miui.home: CheckGCForNative gc_urgency 0.950217 current_native_bytes is 151464709
12-21 09:50:56.921  3159  3665 I com.miui.home: CheckGCForNative adj_start_bytes: 35388081 NativeAllocationGcWatermark: 10820205 java_gc_start_bytes: 19157774 kNewNativeDiscountFactor: 2 kOldNativeDiscountFactor: 65536 old_native_bytes: 116189721 new_native_bytes: 24661228 add_bytes_allowed: 32460615 is_gc_concurrent: 1 target_footprint_: 19452782 GetBytesAllocated: 16217336 HeapGrowthMultiplier: 3
12-21 09:50:56.921  3159  3665 I com.miui.home: CheckGCForNative gc_urgency 0.806761 current_native_bytes is 140850949
12-21 09:50:57.104  3159  3159 I wm_on_top_resumed_gained_called: [36021963,com.miui.home.launcher.Launcher,topStateChangedWhenResumed]
12-21 09:50:57.516 13897 13897 I wm_on_top_resumed_lost_called: [130747283,com.ucpro.BrowserActivity,topStateChangedWhenResumed]
12-21 09:50:57.681 13897 13897 I wm_on_paused_called: [0,130747283,com.ucpro.BrowserActivity,performPause,153]
12-21 09:50:57.842 13897 13897 I wm_on_stop_called: [0,130747283,com.ucpro.BrowserActivity,STOP_ACTIVITY_ITEM,35]
12-21 09:50:57.851 13897 13897 I wm_on_destroy_called: [0,62864011,com.ucpro.MainActivity,performDestroy,3]
12-21 09:50:58.525 14396 14396 I wm_on_application_create_called: [0,com.quark.browser,353]
12-21 09:50:59.473 13897 13897 I wm_on_idle_called: com.ucpro.BrowserActivity