12-22 19:27:17.859  3313  3313 I wm_on_top_resumed_lost_called: [3857435,com.miui.home.launcher.Launcher,topStateChangedWhenResumed]
12-22 19:27:17.863  3313  3313 I wm_on_paused_called: [0,3857435,com.miui.home.launcher.Launcher,performPause,3]
12-22 19:27:17.870  3313  3568 I com.miui.home: CheckGCForNative adj_start_bytes: 32328003 NativeAllocationGcWatermark: 10480835 java_gc_start_bytes: 16606751 kNewNativeDiscountFactor: 2 kOldNativeDiscountFactor: 65536 old_native_bytes: 71504991 new_native_bytes: 197644 add_bytes_allowed: 31442505 is_gc_concurrent: 1 target_footprint_: 16737823 GetBytesAllocated: 8722796 HeapGrowthMultiplier: 3
12-22 19:27:17.870  3313  3568 I com.miui.home: CheckGCForNative gc_urgency 0.272912 current_native_bytes is 71702635 starting_gc_num:29
12-22 19:27:17.893  3313  3370 D cccccc  : onTaskStackChangedBackground
12-22 19:27:17.895  3313  3370 D cccccc  : onTaskStackChangedBackground
12-22 19:27:17.973  3313  3370 D cccccc  : onTaskStackChangedBackground
12-22 19:27:17.973  3313  3385 D cccccc  : onTaskStackChangedBackground
12-22 19:27:18.127  3313  3370 I com.miui.home: CheckGCForNative adj_start_bytes: 32328003 NativeAllocationGcWatermark: 10480835 java_gc_start_bytes: 16606751 kNewNativeDiscountFactor: 2 kOldNativeDiscountFactor: 65536 old_native_bytes: 71504991 new_native_bytes: 363284 add_bytes_allowed: 31442505 is_gc_concurrent: 1 target_footprint_: 16737823 GetBytesAllocated: 9143155 HeapGrowthMultiplier: 3
12-22 19:27:18.128  3313  3370 I com.miui.home: CheckGCForNative gc_urgency 0.288477 current_native_bytes is 71868275 starting_gc_num:29
12-22 19:27:18.292  3313  3592 I com.miui.home: CheckGCForNative adj_start_bytes: 32328003 NativeAllocationGcWatermark: 10480835 java_gc_start_bytes: 16606751 kNewNativeDiscountFactor: 2 kOldNativeDiscountFactor: 65536 old_native_bytes: 71504991 new_native_bytes: 1823324 add_bytes_allowed: 31442505 is_gc_concurrent: 1 target_footprint_: 16737823 GetBytesAllocated: 9512177 HeapGrowthMultiplier: 3
12-22 19:27:18.292  3313  3592 I com.miui.home: CheckGCForNative gc_urgency 0.322474 current_native_bytes is 73328315 starting_gc_num:29
12-22 19:27:18.485  3313  3719 E cccccc  : createTaskSnapshot:
12-22 19:27:18.486  3313  3719 I cccccc  : getTaskSnapshotInstance:
12-22 19:27:18.489  3313  3719 E cccccc  : createTaskSnapshot:
12-22 19:27:18.489  3313  3719 I cccccc  : getTaskSnapshotInstance:
12-22 19:27:18.493  3313  3592 I com.miui.home: CheckGCForNative adj_start_bytes: 32328003 NativeAllocationGcWatermark: 10480835 java_gc_start_bytes: 16606751 kNewNativeDiscountFactor: 2 kOldNativeDiscountFactor: 65536 old_native_bytes: 71504991 new_native_bytes: 2486912 add_bytes_allowed: 31442505 is_gc_concurrent: 1 target_footprint_: 16737823 GetBytesAllocated: 9913461 HeapGrowthMultiplier: 3
12-22 19:27:18.493  3313  3592 I com.miui.home: CheckGCForNative gc_urgency 0.34515 current_native_bytes is 73991903 starting_gc_num:29
12-22 19:27:18.597  3313  3719 I com.miui.home: CheckGCForNative adj_start_bytes: 32328003 NativeAllocationGcWatermark: 10480835 java_gc_start_bytes: 16606751 kNewNativeDiscountFactor: 2 kOldNativeDiscountFactor: 65536 old_native_bytes: 71504991 new_native_bytes: 13202528 add_bytes_allowed: 31442505 is_gc_concurrent: 1 target_footprint_: 16737823 GetBytesAllocated: 9946229 HeapGrowthMultiplier: 3
12-22 19:27:18.597  3313  3719 I com.miui.home: CheckGCForNative gc_urgency 0.511896 current_native_bytes is 84707519 starting_gc_num:29
12-22 19:27:18.602  3313  3719 I com.miui.home: CheckGCForNative adj_start_bytes: 32328003 NativeAllocationGcWatermark: 10480835 java_gc_start_bytes: 16606751 kNewNativeDiscountFactor: 2 kOldNativeDiscountFactor: 65536 old_native_bytes: 71504991 new_native_bytes: 23909856 add_bytes_allowed: 31442505 is_gc_concurrent: 1 target_footprint_: 16737823 GetBytesAllocated: 9964266 HeapGrowthMultiplier: 3
12-22 19:27:18.602  3313  3719 I com.miui.home: CheckGCForNative gc_urgency 0.678059 current_native_bytes is 95414847 starting_gc_num:29
12-22 19:27:18.602  3313  3719 E cccccc  : createTaskSnapshot:
12-22 19:27:18.603  3313  3719 I cccccc  : getTaskSnapshotInstance:
12-22 19:27:18.667  3313  3719 I com.miui.home: CheckGCForNative adj_start_bytes: 32328003 NativeAllocationGcWatermark: 10480835 java_gc_start_bytes: 16606751 kNewNativeDiscountFactor: 2 kOldNativeDiscountFactor: 65536 old_native_bytes: 71504991 new_native_bytes: 23903552 add_bytes_allowed: 31442505 is_gc_concurrent: 1 target_footprint_: 16737823 GetBytesAllocated: 9986767 HeapGrowthMultiplier: 3
12-22 19:27:18.668  3313  3719 I com.miui.home: CheckGCForNative gc_urgency 0.678657 current_native_bytes is 95408543 starting_gc_num:29
12-22 19:27:18.671  3313  3719 I com.miui.home: CheckGCForNative adj_start_bytes: 32328003 NativeAllocationGcWatermark: 10480835 java_gc_start_bytes: 16606751 kNewNativeDiscountFactor: 2 kOldNativeDiscountFactor: 65536 old_native_bytes: 71504991 new_native_bytes: 34610496 add_bytes_allowed: 31442505 is_gc_concurrent: 1 target_footprint_: 16737823 GetBytesAllocated: 9986959 HeapGrowthMultiplier: 3
12-22 19:27:18.671  3313  3719 I com.miui.home: CheckGCForNative gc_urgency 0.844262 current_native_bytes is 106115487 starting_gc_num:29
12-22 19:27:18.671  3313  3719 E cccccc  : createTaskSnapshot:
12-22 19:27:18.672  3313  3719 I cccccc  : getTaskSnapshotInstance:
12-22 19:27:18.751  3313  3719 I com.miui.home: CheckGCForNative adj_start_bytes: 32328003 NativeAllocationGcWatermark: 10480835 java_gc_start_bytes: 16606751 kNewNativeDiscountFactor: 2 kOldNativeDiscountFactor: 65536 old_native_bytes: 71504991 new_native_bytes: 34355296 add_bytes_allowed: 31442505 is_gc_concurrent: 1 target_footprint_: 16737823 GetBytesAllocated: 10017936 HeapGrowthMultiplier: 3
12-22 19:27:18.751  3313  3719 I com.miui.home: CheckGCForNative gc_urgency 0.841273 current_native_bytes is 105860287 starting_gc_num:29
12-22 19:27:18.752  3313  3719 I com.miui.home: CheckGCForNative adj_start_bytes: 32328003 NativeAllocationGcWatermark: 10480835 java_gc_start_bytes: 16606751 kNewNativeDiscountFactor: 2 kOldNativeDiscountFactor: 65536 old_native_bytes: 71504991 new_native_bytes: 45062240 add_bytes_allowed: 31442505 is_gc_concurrent: 1 target_footprint_: 16737823 GetBytesAllocated: 10024692 HeapGrowthMultiplier: 3
12-22 19:27:18.752  3313  3719 I com.miui.home: CheckGCForNative gc_urgency 1.00708 current_native_bytes is 116567231 starting_gc_num:29
12-22 19:27:18.752  3313  3719 I com.miui.home: CheckGCForNative requested 1
12-22 19:27:18.918  3313  3349 I com.miui.home: NativeAlloc concurrent copying GC freed 33356(1515KB) AllocSpace objects, 3(124KB) LOS objects, 49% free, 8438KB/16MB, paused 206us,70us total 165.316ms
12-22 19:27:19.042  3313  3719 E cccccc  : createTaskSnapshot:
12-22 19:27:19.042  3313  3719 I cccccc  : getTaskSnapshotInstance:
12-22 19:27:19.082  8597  8597 I wm_on_application_create_called: [0,com.autonavi.minimap,330]
12-22 19:27:19.294  3313  3313 I wm_on_resume_called: [0,3857435,com.miui.home.launcher.Launcher,RESUME_ACTIVITY,26]
12-22 19:27:19.311  3313  3313 I wm_on_idle_called: com.miui.home.launcher.Launcher
12-22 19:27:19.338  8506  8506 I wm_on_application_create_called: [0,com.autonavi.minimap,1069]
12-22 19:27:19.356  3313  7754 I com.miui.home: CheckGCForNative gc_urgency 0 current_native_bytes is 105154479 starting_gc_num:30
12-22 19:27:19.399  3313  3719 E cccccc  : createTaskSnapshot:
12-22 19:27:19.399  3313  3719 I cccccc  : getTaskSnapshotInstance:
12-22 19:27:19.410  3313  3362 I cccccc  : getTaskSnapshot:
12-22 19:27:19.416  3313  3362 I com.miui.home: CheckGCForNative adj_start_bytes: 32810402 NativeAllocationGcWatermark: 10548987 java_gc_start_bytes: 16986922 kNewNativeDiscountFactor: 2 kOldNativeDiscountFactor: 65536 old_native_bytes: 105154479 new_native_bytes: 10708980 add_bytes_allowed: 31646961 is_gc_concurrent: 1 target_footprint_: 17283038 GetBytesAllocated: 10054243 HeapGrowthMultiplier: 3
12-22 19:27:19.420  3313  7754 I com.miui.home: CheckGCForNative adj_start_bytes: 32810402 NativeAllocationGcWatermark: 10548987 java_gc_start_bytes: 16986922 kNewNativeDiscountFactor: 2 kOldNativeDiscountFactor: 65536 old_native_bytes: 105154479 new_native_bytes: 21415220 add_bytes_allowed: 31646961 is_gc_concurrent: 1 target_footprint_: 17283038 GetBytesAllocated: 10054243 HeapGrowthMultiplier: 3
12-22 19:27:19.421  3313  3719 I com.miui.home: CheckGCForNative adj_start_bytes: 32810402 NativeAllocationGcWatermark: 10548987 java_gc_start_bytes: 16986922 kNewNativeDiscountFactor: 2 kOldNativeDiscountFactor: 65536 old_native_bytes: 105154479 new_native_bytes: 32121140 add_bytes_allowed: 31646961 is_gc_concurrent: 1 target_footprint_: 17283038 GetBytesAllocated: 10058566 HeapGrowthMultiplier: 3
12-22 19:27:19.421  3313  3719 I com.miui.home: CheckGCForNative gc_urgency 0.799357 current_native_bytes is 137275619 starting_gc_num:30
12-22 19:27:19.421  3313  3362 I com.miui.home: CheckGCForNative gc_urgency 0.469678 current_native_bytes is 115863459 starting_gc_num:30
12-22 19:27:19.421  3313  7754 I com.miui.home: CheckGCForNative gc_urgency 0.636222 current_native_bytes is 126569699 starting_gc_num:30
12-22 19:27:19.423  3313  7754 I cccccc  : createTaskSnapshotCompat:
12-22 19:27:19.423  3313  3313 I cccccc  : createTaskSnapshotCompat:
12-22 19:27:19.423  3313  3719 I com.miui.home: CheckGCForNative adj_start_bytes: 32810402 NativeAllocationGcWatermark: 10548987 java_gc_start_bytes: 16986922 kNewNativeDiscountFactor: 2 kOldNativeDiscountFactor: 65536 old_native_bytes: 105154479 new_native_bytes: 42828084 add_bytes_allowed: 31646961 is_gc_concurrent: 1 target_footprint_: 17283038 GetBytesAllocated: 10169208 HeapGrowthMultiplier: 3
12-22 19:27:19.424  3313  3719 I com.miui.home: CheckGCForNative gc_urgency 0.962648 current_native_bytes is 147982563 starting_gc_num:30
12-22 19:27:19.640  3313  3592 I com.miui.home: CheckGCForNative adj_start_bytes: 32810402 NativeAllocationGcWatermark: 10548987 java_gc_start_bytes: 16986922 kNewNativeDiscountFactor: 2 kOldNativeDiscountFactor: 65536 old_native_bytes: 105154479 new_native_bytes: 10838628 add_bytes_allowed: 31646961 is_gc_concurrent: 1 target_footprint_: 17283038 GetBytesAllocated: 10825851 HeapGrowthMultiplier: 3
12-22 19:27:19.640  3313  3592 I com.miui.home: CheckGCForNative gc_urgency 0.495171 current_native_bytes is 115993107 starting_gc_num:30
12-22 19:27:19.655  8506  8506 I wm_on_create_called: [0,73640119,com.autonavi.map.activity.SplashActivity,performCreate,263]
12-22 19:27:19.673  3313  3313 I wm_on_top_resumed_gained_called: [3857435,com.miui.home.launcher.Launcher,topStateChangedWhenResumed]
12-22 19:27:19.696  3313  3592 I com.miui.home: CheckGCForNative adj_start_bytes: 32810402 NativeAllocationGcWatermark: 10548987 java_gc_start_bytes: 16986922 kNewNativeDiscountFactor: 2 kOldNativeDiscountFactor: 65536 old_native_bytes: 105154479 new_native_bytes: 10768196 add_bytes_allowed: 31646961 is_gc_concurrent: 1 target_footprint_: 17283038 GetBytesAllocated: 10958892 HeapGrowthMultiplier: 3
12-22 19:27:19.696  3313  3592 I com.miui.home: CheckGCForNative gc_urgency 0.498153 current_native_bytes is 115922675 starting_gc_num:30
12-22 19:27:19.788  3313  3362 D cccccc  : onTaskStackChangedBackground
12-22 19:27:19.789  3313  7754 D cccccc  : onTaskStackChangedBackground
12-22 19:27:19.925  3313  3589 I com.miui.home: CheckGCForNative adj_start_bytes: 32810402 NativeAllocationGcWatermark: 10548987 java_gc_start_bytes: 16986922 kNewNativeDiscountFactor: 2 kOldNativeDiscountFactor: 65536 old_native_bytes: 105154479 new_native_bytes: 21585900 add_bytes_allowed: 31646961 is_gc_concurrent: 1 target_footprint_: 17283038 GetBytesAllocated: 11242539 HeapGrowthMultiplier: 3
12-22 19:27:19.925  3313  3589 I com.miui.home: CheckGCForNative gc_urgency 0.67165 current_native_bytes is 126740379 starting_gc_num:30
12-22 19:27:19.926  3313  3589 I cccccc  : createTaskSnapshotCompat:
12-22 19:27:19.927  3313  3589 I com.miui.home: CheckGCForNative adj_start_bytes: 32810402 NativeAllocationGcWatermark: 10548987 java_gc_start_bytes: 16986922 kNewNativeDiscountFactor: 2 kOldNativeDiscountFactor: 65536 old_native_bytes: 105154479 new_native_bytes: 32293420 add_bytes_allowed: 31646961 is_gc_concurrent: 1 target_footprint_: 17283038 GetBytesAllocated: 11249606 HeapGrowthMultiplier: 3
12-22 19:27:19.927  3313  3589 I com.miui.home: CheckGCForNative gc_urgency 0.835038 current_native_bytes is 137447899 starting_gc_num:30
12-22 19:27:19.927  3313  7754 I cccccc  : getTaskSnapshot:
12-22 19:27:19.931  3313  7754 I com.miui.home: CheckGCForNative adj_start_bytes: 32810402 NativeAllocationGcWatermark: 10548987 java_gc_start_bytes: 16986922 kNewNativeDiscountFactor: 2 kOldNativeDiscountFactor: 65536 old_native_bytes: 105154479 new_native_bytes: 32293420 add_bytes_allowed: 31646961 is_gc_concurrent: 1 target_footprint_: 17283038 GetBytesAllocated: 11252405 HeapGrowthMultiplier: 3
12-22 19:27:19.931  3313  7754 I com.miui.home: CheckGCForNative gc_urgency 0.835123 current_native_bytes is 137447899 starting_gc_num:30
12-22 19:27:19.931  3313  3313 I cccccc  : createTaskSnapshotCompat:
12-22 19:27:19.936  8506  8506 I wm_on_create_called: [0,205296124,com.autonavi.map.activity.NewMapActivity,performCreate,249]
12-22 19:27:19.968  8506  8506 I wm_on_start_called: [0,205296124,com.autonavi.map.activity.NewMapActivity,handleStartActivity,31]
12-22 19:27:19.987  8506  8506 I wm_on_resume_called: [0,205296124,com.autonavi.map.activity.NewMapActivity,RESUME_ACTIVITY,7]
12-22 19:27:20.088  8506  8506 I wm_on_destroy_called: [0,73640119,com.autonavi.map.activity.SplashActivity,performDestroy,1]
12-22 19:27:20.091  8506  8506 I wm_on_paused_called: [0,205296124,com.autonavi.map.activity.NewMapActivity,performPause,2]
12-22 19:27:20.202  3313  3719 I com.miui.home: CheckGCForNative adj_start_bytes: 32810402 NativeAllocationGcWatermark: 10548987 java_gc_start_bytes: 16986922 kNewNativeDiscountFactor: 2 kOldNativeDiscountFactor: 65536 old_native_bytes: 105154479 new_native_bytes: 21878456 add_bytes_allowed: 31646961 is_gc_concurrent: 1 target_footprint_: 17283038 GetBytesAllocated: 11792100 HeapGrowthMultiplier: 3
12-22 19:27:20.202  3313  3719 I com.miui.home: CheckGCForNative gc_urgency 0.692857 current_native_bytes is 127032935 starting_gc_num:30
12-22 19:27:20.210  3313  3719 E cccccc  : createTaskSnapshot:
12-22 19:27:20.210  3313  3719 I cccccc  : getTaskSnapshotInstance:
12-22 19:27:20.211  3313  3385 D cccccc  : onTaskStackChangedBackground
12-22 19:27:20.212  3313  7754 D cccccc  : onTaskStackChangedBackground
12-22 19:27:20.237  3313  3313 I wm_on_top_resumed_lost_called: [3857435,com.miui.home.launcher.Launcher,topStateChangedWhenResumed]
12-22 19:27:20.241  3313  3313 I wm_on_paused_called: [0,3857435,com.miui.home.launcher.Launcher,performPause,2]
12-22 19:27:20.272  3313  3719 I com.miui.home: CheckGCForNative adj_start_bytes: 32810402 NativeAllocationGcWatermark: 10548987 java_gc_start_bytes: 16986922 kNewNativeDiscountFactor: 2 kOldNativeDiscountFactor: 65536 old_native_bytes: 105154479 new_native_bytes: 32773856 add_bytes_allowed: 31646961 is_gc_concurrent: 1 target_footprint_: 17283038 GetBytesAllocated: 11915167 HeapGrowthMultiplier: 3
12-22 19:27:20.272  3313  3719 I com.miui.home: CheckGCForNative gc_urgency 0.862644 current_native_bytes is 137928335 starting_gc_num:30
12-22 19:27:20.312  8506  8506 I wm_on_stop_called: [0,205296124,com.autonavi.map.activity.NewMapActivity,STOP_ACTIVITY_ITEM,12]
12-22 19:27:20.320  8506  8506 I wm_on_idle_called: com.autonavi.map.activity.NewMapActivity
12-22 19:27:20.322  3313  3385 D cccccc  : onTaskStackChangedBackground
12-22 19:27:20.330  3313  7754 D cccccc  : onTaskStackChangedBackground
12-22 19:27:20.361  3313  3385 D cccccc  : onTaskStackChangedBackground
12-22 19:27:20.396  3313  3385 D cccccc  : onTaskStackChangedBackground
12-22 19:27:20.599  3313  3719 E cccccc  : createTaskSnapshot:
12-22 19:27:20.599  3313  3719 I cccccc  : getTaskSnapshotInstance:
12-22 19:27:20.618  3313  3719 E cccccc  : createTaskSnapshot:
12-22 19:27:20.618  3313  3719 I cccccc  : getTaskSnapshotInstance:
12-22 19:27:20.624  3313  3719 I com.miui.home: CheckGCForNative adj_start_bytes: 32810402 NativeAllocationGcWatermark: 10548987 java_gc_start_bytes: 16986922 kNewNativeDiscountFactor: 2 kOldNativeDiscountFactor: 65536 old_native_bytes: 105154479 new_native_bytes: 33359372 add_bytes_allowed: 31646961 is_gc_concurrent: 1 target_footprint_: 17283038 GetBytesAllocated: 12747870 HeapGrowthMultiplier: 3
12-22 19:27:20.625  3313  3719 I com.miui.home: CheckGCForNative gc_urgency 0.896946 current_native_bytes is 138513851 starting_gc_num:30
12-22 19:27:20.776  3313  3592 I com.miui.home: CheckGCForNative adj_start_bytes: 32810402 NativeAllocationGcWatermark: 10548987 java_gc_start_bytes: 16986922 kNewNativeDiscountFactor: 2 kOldNativeDiscountFactor: 65536 old_native_bytes: 105154479 new_native_bytes: 22776044 add_bytes_allowed: 31646961 is_gc_concurrent: 1 target_footprint_: 17283038 GetBytesAllocated: 13030508 HeapGrowthMultiplier: 3
12-22 19:27:20.776  3313  3592 I com.miui.home: CheckGCForNative gc_urgency 0.74428 current_native_bytes is 127930523 starting_gc_num:30
12-22 19:27:20.910  3313  3592 I com.miui.home: CheckGCForNative adj_start_bytes: 32810402 NativeAllocationGcWatermark: 10548987 java_gc_start_bytes: 16986922 kNewNativeDiscountFactor: 2 kOldNativeDiscountFactor: 65536 old_native_bytes: 105154479 new_native_bytes: 22887596 add_bytes_allowed: 31646961 is_gc_concurrent: 1 target_footprint_: 17283038 GetBytesAllocated: 13334166 HeapGrowthMultiplier: 3
12-22 19:27:20.910  3313  3592 I com.miui.home: CheckGCForNative gc_urgency 0.755235 current_native_bytes is 128042075 starting_gc_num:30
12-22 19:27:20.931  3313  3719 E cccccc  : createTaskSnapshot:
12-22 19:27:20.931  3313  3719 I cccccc  : getTaskSnapshotInstance:
12-22 19:27:20.991  8951  8951 I wm_on_create_called: [0,18017156,fm.qingting.qtradio.WelcomeActivity,performCreate,92]
12-22 19:27:20.992  8951  8951 I wm_on_start_called: [0,18017156,fm.qingting.qtradio.WelcomeActivity,handleStartActivity,0]
12-22 19:27:21.007  8951  8951 I wm_on_resume_called: [0,18017156,fm.qingting.qtradio.WelcomeActivity,RESUME_ACTIVITY,6]
12-22 19:27:21.055  3313  3592 I com.miui.home: CheckGCForNative adj_start_bytes: 32810402 NativeAllocationGcWatermark: 10548987 java_gc_start_bytes: 16986922 kNewNativeDiscountFactor: 2 kOldNativeDiscountFactor: 65536 old_native_bytes: 105154479 new_native_bytes: 22920672 add_bytes_allowed: 31646961 is_gc_concurrent: 1 target_footprint_: 17283038 GetBytesAllocated: 13457743 HeapGrowthMultiplier: 3
12-22 19:27:21.055  3313  3592 I com.miui.home: CheckGCForNative gc_urgency 0.759506 current_native_bytes is 128075151 starting_gc_num:30
12-22 19:27:21.073  8951  8951 I wm_on_top_resumed_gained_called: [18017156,fm.qingting.qtradio.WelcomeActivity,topStateChangedWhenResumed]
12-22 19:27:21.410  3313  3313 I wm_on_stop_called: [0,3857435,com.miui.home.launcher.Launcher,STOP_ACTIVITY_ITEM,55]
12-22 19:27:21.890  8951  8951 I wm_on_idle_called: fm.qingting.qtradio.WelcomeActivity
12-22 19:27:21.988  8951  8951 I wm_on_top_resumed_lost_called: [18017156,fm.qingting.qtradio.WelcomeActivity,topStateChangedWhenResumed]
12-22 19:27:22.000  3313  3313 I wm_on_restart_called: [0,3857435,com.miui.home.launcher.Launcher,,0]
12-22 19:27:22.002  3313  3313 I wm_on_start_called: [0,3857435,com.miui.home.launcher.Launcher,handleStartActivity,2]
12-22 19:27:22.031  3313  3313 I wm_on_resume_called: [0,3857435,com.miui.home.launcher.Launcher,RESUME_ACTIVITY,27]
12-22 19:27:22.109  3313  3313 I wm_on_top_resumed_gained_called: [3857435,com.miui.home.launcher.Launcher,topStateChangedWhenResumed]
12-22 19:27:22.114  3313  3313 I wm_on_idle_called: com.miui.home.launcher.Launcher
12-22 19:27:22.246  3313  3362 I cccccc  : getTaskSnapshot:
12-22 19:27:22.249  3313  7754 I com.miui.home: CheckGCForNative gc_urgency 0 current_native_bytes is 127996835 starting_gc_num:31
12-22 19:27:22.249  3313  7754 I cccccc  : createTaskSnapshotCompat:
12-22 19:27:22.249  3313  3362 I com.miui.home: CheckGCForNative adj_start_bytes: 32875099 NativeAllocationGcWatermark: 10538424 java_gc_start_bytes: 17067463 kNewNativeDiscountFactor: 2 kOldNativeDiscountFactor: 65536 old_native_bytes: 127996835 new_native_bytes: 10705920 add_bytes_allowed: 31615272 is_gc_concurrent: 1 target_footprint_: 17198535 GetBytesAllocated: 9991715 HeapGrowthMultiplier: 3
12-22 19:27:22.249  3313  3362 I com.miui.home: CheckGCForNative gc_urgency 0.466816 current_native_bytes is 138702755 starting_gc_num:31
12-22 19:27:22.250  3313  3313 I cccccc  : createTaskSnapshotCompat:
12-22 19:27:22.251  3313  3313 I com.miui.home: CheckGCForNative adj_start_bytes: 32875099 NativeAllocationGcWatermark: 10538424 java_gc_start_bytes: 17067463 kNewNativeDiscountFactor: 2 kOldNativeDiscountFactor: 65536 old_native_bytes: 127996835 new_native_bytes: 21412864 add_bytes_allowed: 31615272 is_gc_concurrent: 1 target_footprint_: 17198535 GetBytesAllocated: 9997280 HeapGrowthMultiplier: 3
12-22 19:27:22.251  3313  3313 I com.miui.home: CheckGCForNative gc_urgency 0.629828 current_native_bytes is 149409699 starting_gc_num:31
12-22 19:27:22.397  3313  3592 I com.miui.home: CheckGCForNative gc_urgency 0 current_native_bytes is 127979891 starting_gc_num:31
12-22 19:27:22.486  3313  3592 I com.miui.home: CheckGCForNative adj_start_bytes: 32875099 NativeAllocationGcWatermark: 10538424 java_gc_start_bytes: 17067463 kNewNativeDiscountFactor: 2 kOldNativeDiscountFactor: 65536 old_native_bytes: 127979891 new_native_bytes: 8896 add_bytes_allowed: 31615272 is_gc_concurrent: 1 target_footprint_: 17198535 GetBytesAllocated: 10139219 HeapGrowthMultiplier: 3
12-22 19:27:22.486  3313  3592 I com.miui.home: CheckGCForNative gc_urgency 0.308611 current_native_bytes is 127988787 starting_gc_num:31
12-22 19:27:22.725  3313  3589 I com.miui.home: CheckGCForNative adj_start_bytes: 32875099 NativeAllocationGcWatermark: 10538424 java_gc_start_bytes: 17067463 kNewNativeDiscountFactor: 2 kOldNativeDiscountFactor: 65536 old_native_bytes: 127979891 new_native_bytes: 10768416 add_bytes_allowed: 31615272 is_gc_concurrent: 1 target_footprint_: 17198535 GetBytesAllocated: 10241289 HeapGrowthMultiplier: 3
12-22 19:27:22.725  3313  3589 I com.miui.home: CheckGCForNative gc_urgency 0.475358 current_native_bytes is 138748307 starting_gc_num:31
12-22 19:27:22.726  3313  3589 I cccccc  : createTaskSnapshotCompat:
12-22 19:27:22.729  3313  3362 I cccccc  : getTaskSnapshot:
12-22 19:27:22.729  3313  3589 I com.miui.home: CheckGCForNative adj_start_bytes: 32875099 NativeAllocationGcWatermark: 10538424 java_gc_start_bytes: 17067463 kNewNativeDiscountFactor: 2 kOldNativeDiscountFactor: 65536 old_native_bytes: 127979891 new_native_bytes: 21475392 add_bytes_allowed: 31615272 is_gc_concurrent: 1 target_footprint_: 17198535 GetBytesAllocated: 10247238 HeapGrowthMultiplier: 3
12-22 19:27:22.729  3313  3589 I com.miui.home: CheckGCForNative gc_urgency 0.638382 current_native_bytes is 149455283 starting_gc_num:31
12-22 19:27:22.731  3313  3362 I com.miui.home: CheckGCForNative adj_start_bytes: 32875099 NativeAllocationGcWatermark: 10538424 java_gc_start_bytes: 17067463 kNewNativeDiscountFactor: 2 kOldNativeDiscountFactor: 65536 old_native_bytes: 127979891 new_native_bytes: 21475392 add_bytes_allowed: 31615272 is_gc_concurrent: 1 target_footprint_: 17198535 GetBytesAllocated: 10247238 HeapGrowthMultiplier: 3
12-22 19:27:22.731  3313  3362 I com.miui.home: CheckGCForNative gc_urgency 0.638382 current_native_bytes is 149455283 starting_gc_num:31
12-22 19:27:22.734  3313  3313 I cccccc  : createTaskSnapshotCompat:
12-22 19:27:22.743  8951  8951 I wm_on_paused_called: [0,18017156,fm.qingting.qtradio.WelcomeActivity,performPause,1]
12-22 19:27:22.831  8951  8951 I wm_on_stop_called: [0,18017156,fm.qingting.qtradio.WelcomeActivity,STOP_ACTIVITY_ITEM,5]
12-22 19:27:22.864  3313  3385 I com.miui.home: CheckGCForNative adj_start_bytes: 32875099 NativeAllocationGcWatermark: 10538424 java_gc_start_bytes: 17067463 kNewNativeDiscountFactor: 2 kOldNativeDiscountFactor: 65536 old_native_bytes: 127979891 new_native_bytes: 10764584 add_bytes_allowed: 31615272 is_gc_concurrent: 1 target_footprint_: 17198535 GetBytesAllocated: 10300557 HeapGrowthMultiplier: 3
12-22 19:27:22.864  3313  3385 I com.miui.home: CheckGCForNative gc_urgency 0.477103 current_native_bytes is 138744475 starting_gc_num:31
12-22 19:27:22.867  3313  7754 D cccccc  : onTaskStackChangedBackground
12-22 19:27:22.880  3313  3362 D cccccc  : onTaskStackChangedBackground
12-22 19:27:23.039  3313  3313 I wm_on_top_resumed_lost_called: [3857435,com.miui.home.launcher.Launcher,topStateChangedWhenResumed]
12-22 19:27:23.051  3313  3313 I wm_on_paused_called: [0,3857435,com.miui.home.launcher.Launcher,performPause,2]
12-22 19:27:23.070  3313  3362 D cccccc  : onTaskStackChangedBackground
12-22 19:27:23.071  3313  3362 D cccccc  : onTaskStackChangedBackground
12-22 19:27:23.221  3313  7754 D cccccc  : onTaskStackChangedBackground
12-22 19:27:23.281  3313  3362 D cccccc  : onTaskStackChangedBackground
12-22 19:27:23.376  3313  3719 E cccccc  : createTaskSnapshot:
12-22 19:27:23.376  3313  3719 I cccccc  : getTaskSnapshotInstance:
12-22 19:27:23.378  3313  3719 I com.miui.home: CheckGCForNative adj_start_bytes: 32875099 NativeAllocationGcWatermark: 10538424 java_gc_start_bytes: 17067463 kNewNativeDiscountFactor: 2 kOldNativeDiscountFactor: 65536 old_native_bytes: 127979891 new_native_bytes: 22467372 add_bytes_allowed: 31615272 is_gc_concurrent: 1 target_footprint_: 17198535 GetBytesAllocated: 11432861 HeapGrowthMultiplier: 3
12-22 19:27:23.378  3313  3719 I com.miui.home: CheckGCForNative gc_urgency 0.689534 current_native_bytes is 150447263 starting_gc_num:31
12-22 19:27:23.433  9291  9291 I wm_on_application_create_called: [0,com.xiaomi.bluetooth,625]
12-22 19:27:23.492  3313  3719 I com.miui.home: CheckGCForNative adj_start_bytes: 32875099 NativeAllocationGcWatermark: 10538424 java_gc_start_bytes: 17067463 kNewNativeDiscountFactor: 2 kOldNativeDiscountFactor: 65536 old_native_bytes: 127979891 new_native_bytes: 13132880 add_bytes_allowed: 31615272 is_gc_concurrent: 1 target_footprint_: 17198535 GetBytesAllocated: 11617955 HeapGrowthMultiplier: 3
12-22 19:27:23.492  3313  3719 I com.miui.home: CheckGCForNative gc_urgency 0.553195 current_native_bytes is 141112771 starting_gc_num:31
12-22 19:27:23.522  3313  3592 I com.miui.home: CheckGCForNative adj_start_bytes: 32875099 NativeAllocationGcWatermark: 10538424 java_gc_start_bytes: 17067463 kNewNativeDiscountFactor: 2 kOldNativeDiscountFactor: 65536 old_native_bytes: 127979891 new_native_bytes: 13131792 add_bytes_allowed: 31615272 is_gc_concurrent: 1 target_footprint_: 17198535 GetBytesAllocated: 11687956 HeapGrowthMultiplier: 3
12-22 19:27:23.522  3313  3592 I com.miui.home: CheckGCForNative gc_urgency 0.555308 current_native_bytes is 141111683 starting_gc_num:31
12-22 19:27:23.710  3313  3719 E cccccc  : createTaskSnapshot:
12-22 19:27:23.711  3313  3719 I cccccc  : getTaskSnapshotInstance:
12-22 19:27:23.789  3313  3592 I com.miui.home: CheckGCForNative adj_start_bytes: 32875099 NativeAllocationGcWatermark: 10538424 java_gc_start_bytes: 17067463 kNewNativeDiscountFactor: 2 kOldNativeDiscountFactor: 65536 old_native_bytes: 127979891 new_native_bytes: 13453272 add_bytes_allowed: 31615272 is_gc_concurrent: 1 target_footprint_: 17198535 GetBytesAllocated: 12140123 HeapGrowthMultiplier: 3
12-22 19:27:23.789  3313  3592 I com.miui.home: CheckGCForNative gc_urgency 0.573951 current_native_bytes is 141433163 starting_gc_num:31
12-22 19:27:24.314  9394  9394 I wm_on_application_create_called: [0,com.ss.android.ugc.aweme,315]
12-22 19:27:24.723  9394  9394 I wm_on_create_called: [0,221419125,com.ss.android.ugc.aweme.splash.SplashActivity,performCreate,329]
12-22 19:27:24.923  3313  3313 I wm_on_resume_called: [0,3857435,com.miui.home.launcher.Launcher,RESUME_ACTIVITY,20]
12-22 19:27:24.945  3313  3313 I wm_on_idle_called: com.miui.home.launcher.Launcher
12-22 19:27:25.047  3313  7754 I cccccc  : getTaskSnapshot:
12-22 19:27:25.047  3313  4026 I com.miui.home: CheckGCForNative adj_start_bytes: 32875099 NativeAllocationGcWatermark: 10538424 java_gc_start_bytes: 17067463 kNewNativeDiscountFactor: 2 kOldNativeDiscountFactor: 65536 old_native_bytes: 127979891 new_native_bytes: 24143796 add_bytes_allowed: 31615272 is_gc_concurrent: 1 target_footprint_: 17198535 GetBytesAllocated: 13545437 HeapGrowthMultiplier: 3
12-22 19:27:25.048  3313  4026 I com.miui.home: CheckGCForNative gc_urgency 0.779292 current_native_bytes is 152123687 starting_gc_num:31
12-22 19:27:25.048  3313  7754 I com.miui.home: CheckGCForNative adj_start_bytes: 32875099 NativeAllocationGcWatermark: 10538424 java_gc_start_bytes: 17067463 kNewNativeDiscountFactor: 2 kOldNativeDiscountFactor: 65536 old_native_bytes: 127979891 new_native_bytes: 34850996 add_bytes_allowed: 31615272 is_gc_concurrent: 1 target_footprint_: 17198535 GetBytesAllocated: 13545533 HeapGrowthMultiplier: 3
12-22 19:27:25.048  3313  4026 I cccccc  : createTaskSnapshotCompat:
12-22 19:27:25.049  3313  7754 I com.miui.home: CheckGCForNative gc_urgency 0.942144 current_native_bytes is 162830887 starting_gc_num:31
12-22 19:27:25.049  3313  3313 I cccccc  : createTaskSnapshotCompat:
12-22 19:27:25.050  3313  3313 I com.miui.home: CheckGCForNative adj_start_bytes: 32875099 NativeAllocationGcWatermark: 10538424 java_gc_start_bytes: 17067463 kNewNativeDiscountFactor: 2 kOldNativeDiscountFactor: 65536 old_native_bytes: 127979891 new_native_bytes: 45558292 add_bytes_allowed: 31615272 is_gc_concurrent: 1 target_footprint_: 17198535 GetBytesAllocated: 13552527 HeapGrowthMultiplier: 3
12-22 19:27:25.050  3313  3313 I com.miui.home: CheckGCForNative gc_urgency 1.1052 current_native_bytes is 173538183 starting_gc_num:31
12-22 19:27:25.050  3313  3313 I com.miui.home: CheckGCForNative requested 1
12-22 19:27:25.114  3313  3313 I wm_on_paused_called: [0,3857435,com.miui.home.launcher.Launcher,performPause,2]
12-22 19:27:25.220  3313  4026 D cccccc  : onTaskStackChangedBackground
12-22 19:27:25.223  3313  4026 D cccccc  : onTaskStackChangedBackground
12-22 19:27:25.237  9394  9394 I wm_on_start_called: [0,221419125,com.ss.android.ugc.aweme.splash.SplashActivity,handleStartActivity,510]
12-22 19:27:25.260  3313  3349 I com.miui.home: NativeAlloc concurrent copying GC freed 108364(4505KB) AllocSpace objects, 6(312KB) LOS objects, 49% free, 8719KB/17MB, paused 206us,355us total 209.215ms
12-22 19:27:25.304  9394  9394 I wm_on_resume_called: [0,221419125,com.ss.android.ugc.aweme.splash.SplashActivity,RESUME_ACTIVITY,52]
12-22 19:27:25.306  3313  3313 I wm_on_stop_called: [0,3857435,com.miui.home.launcher.Launcher,STOP_ACTIVITY_ITEM,158]
12-22 19:27:25.328  3313  3719 I com.miui.home: CheckGCForNative adj_start_bytes: 32960988 NativeAllocationGcWatermark: 10547465 java_gc_start_bytes: 17139791 kNewNativeDiscountFactor: 2 kOldNativeDiscountFactor: 65536 old_native_bytes: 118449719 new_native_bytes: 445688 add_bytes_allowed: 31642395 is_gc_concurrent: 1 target_footprint_: 17270863 GetBytesAllocated: 8749299 HeapGrowthMultiplier: 3
12-22 19:27:25.328  3313  3719 I com.miui.home: CheckGCForNative gc_urgency 0.27226 current_native_bytes is 118895407 starting_gc_num:33
12-22 19:27:25.354  9394  9394 I wm_on_top_resumed_gained_called: [221419125,com.ss.android.ugc.aweme.splash.SplashActivity,topStateChangedWhenResumed]
12-22 19:27:25.397  9394  9394 I wm_on_top_resumed_lost_called: [221419125,com.ss.android.ugc.aweme.splash.SplashActivity,topStateChangedWhenResumed]
12-22 19:27:25.475  3313  3719 E cccccc  : createTaskSnapshot:
12-22 19:27:25.475  3313  3719 I cccccc  : getTaskSnapshotInstance:
12-22 19:27:25.477  3313  3719 I com.miui.home: CheckGCForNative adj_start_bytes: 32960988 NativeAllocationGcWatermark: 10547465 java_gc_start_bytes: 17139791 kNewNativeDiscountFactor: 2 kOldNativeDiscountFactor: 65536 old_native_bytes: 118449719 new_native_bytes: 11267832 add_bytes_allowed: 31642395 is_gc_concurrent: 1 target_footprint_: 17270863 GetBytesAllocated: 9210281 HeapGrowthMultiplier: 3
12-22 19:27:25.477  3313  3719 I com.miui.home: CheckGCForNative gc_urgency 0.450411 current_native_bytes is 129717551 starting_gc_num:33
12-22 19:27:25.479  3313  3719 I com.miui.home: CheckGCForNative adj_start_bytes: 32960988 NativeAllocationGcWatermark: 10547465 java_gc_start_bytes: 17139791 kNewNativeDiscountFactor: 2 kOldNativeDiscountFactor: 65536 old_native_bytes: 118449719 new_native_bytes: 21974776 add_bytes_allowed: 31642395 is_gc_concurrent: 1 target_footprint_: 17270863 GetBytesAllocated: 9215892 HeapGrowthMultiplier: 3
12-22 19:27:25.479  3313  3719 I com.miui.home: CheckGCForNative gc_urgency 0.613 current_native_bytes is 140424495 starting_gc_num:33
12-22 19:27:25.518  3313  3719 I com.miui.home: CheckGCForNative adj_start_bytes: 32960988 NativeAllocationGcWatermark: 10547465 java_gc_start_bytes: 17139791 kNewNativeDiscountFactor: 2 kOldNativeDiscountFactor: 65536 old_native_bytes: 118449719 new_native_bytes: 11266388 add_bytes_allowed: 31642395 is_gc_concurrent: 1 target_footprint_: 17270863 GetBytesAllocated: 9425616 HeapGrowthMultiplier: 3
12-22 19:27:25.518  3313  3719 I com.miui.home: CheckGCForNative gc_urgency 0.456923 current_native_bytes is 129716107 starting_gc_num:33
12-22 19:27:25.818  9394  9394 I wm_on_top_resumed_gained_called: [221419125,com.ss.android.ugc.aweme.splash.SplashActivity,topStateChangedWhenResumed]
12-22 19:27:26.026  9394  9394 I wm_on_idle_called: com.ss.android.ugc.aweme.splash.SplashActivity
12-22 19:27:26.131  9394  9394 I wm_on_top_resumed_lost_called: [221419125,com.ss.android.ugc.aweme.splash.SplashActivity,topStateChangedWhenResumed]
12-22 19:27:26.142  3313  3313 I wm_on_restart_called: [0,3857435,com.miui.home.launcher.Launcher,,0]
12-22 19:27:26.144  3313  3313 I wm_on_start_called: [0,3857435,com.miui.home.launcher.Launcher,handleStartActivity,2]
12-22 19:27:26.166  3313  3313 I wm_on_resume_called: [0,3857435,com.miui.home.launcher.Launcher,RESUME_ACTIVITY,20]
12-22 19:27:26.261  3313  3313 I wm_on_top_resumed_gained_called: [3857435,com.miui.home.launcher.Launcher,topStateChangedWhenResumed]
12-22 19:27:26.266  3313  3313 I wm_on_idle_called: com.miui.home.launcher.Launcher
12-22 19:27:26.339  3313  3362 I com.miui.home: CheckGCForNative adj_start_bytes: 32960988 NativeAllocationGcWatermark: 10547465 java_gc_start_bytes: 17139791 kNewNativeDiscountFactor: 2 kOldNativeDiscountFactor: 65536 old_native_bytes: 118449719 new_native_bytes: 22332704 add_bytes_allowed: 31642395 is_gc_concurrent: 1 target_footprint_: 17270863 GetBytesAllocated: 10975390 HeapGrowthMultiplier: 3
12-22 19:27:26.339  3313  3362 I com.miui.home: CheckGCForNative gc_urgency 0.671811 current_native_bytes is 140782423 starting_gc_num:33
12-22 19:27:26.340  3313  3385 I cccccc  : getTaskSnapshot:
12-22 19:27:26.341  3313  3362 I cccccc  : createTaskSnapshotCompat:
12-22 19:27:26.341  3313  3385 I com.miui.home: CheckGCForNative adj_start_bytes: 32960988 NativeAllocationGcWatermark: 10547465 java_gc_start_bytes: 17139791 kNewNativeDiscountFactor: 2 kOldNativeDiscountFactor: 65536 old_native_bytes: 118449719 new_native_bytes: 33038624 add_bytes_allowed: 31642395 is_gc_concurrent: 1 target_footprint_: 17270863 GetBytesAllocated: 10975582 HeapGrowthMultiplier: 3
12-22 19:27:26.342  3313  3385 I com.miui.home: CheckGCForNative gc_urgency 0.834313 current_native_bytes is 151488343 starting_gc_num:33
12-22 19:27:26.343  3313  3362 I com.miui.home: CheckGCForNative adj_start_bytes: 32960988 NativeAllocationGcWatermark: 10547465 java_gc_start_bytes: 17139791 kNewNativeDiscountFactor: 2 kOldNativeDiscountFactor: 65536 old_native_bytes: 118449719 new_native_bytes: 43745952 add_bytes_allowed: 31642395 is_gc_concurrent: 1 target_footprint_: 17270863 GetBytesAllocated: 10984302 HeapGrowthMultiplier: 3
12-22 19:27:26.343  3313  3362 I com.miui.home: CheckGCForNative gc_urgency 0.996908 current_native_bytes is 162195671 starting_gc_num:33
12-22 19:27:26.344  3313  3313 I cccccc  : createTaskSnapshotCompat:
12-22 19:27:26.557  3313  3592 I com.miui.home: CheckGCForNative adj_start_bytes: 32960988 NativeAllocationGcWatermark: 10547465 java_gc_start_bytes: 17139791 kNewNativeDiscountFactor: 2 kOldNativeDiscountFactor: 65536 old_native_bytes: 118449719 new_native_bytes: 22383936 add_bytes_allowed: 31642395 is_gc_concurrent: 1 target_footprint_: 17270863 GetBytesAllocated: 11086453 HeapGrowthMultiplier: 3
12-22 19:27:26.557  3313  3592 I com.miui.home: CheckGCForNative gc_urgency 0.675958 current_native_bytes is 140833655 starting_gc_num:33
12-22 19:27:26.805  3313  3677 I com.miui.home: CheckGCForNative adj_start_bytes: 32960988 NativeAllocationGcWatermark: 10547465 java_gc_start_bytes: 17139791 kNewNativeDiscountFactor: 2 kOldNativeDiscountFactor: 65536 old_native_bytes: 118449719 new_native_bytes: 22368896 add_bytes_allowed: 31642395 is_gc_concurrent: 1 target_footprint_: 17270863 GetBytesAllocated: 11188149 HeapGrowthMultiplier: 3
12-22 19:27:26.805  3313  3677 I com.miui.home: CheckGCForNative gc_urgency 0.678815 current_native_bytes is 140818615 starting_gc_num:33
12-22 19:27:26.808  3313  3362 I cccccc  : getTaskSnapshot:
12-22 19:27:26.808  3313  3589 I com.miui.home: CheckGCForNative adj_start_bytes: 32960988 NativeAllocationGcWatermark: 10547465 java_gc_start_bytes: 17139791 kNewNativeDiscountFactor: 2 kOldNativeDiscountFactor: 65536 old_native_bytes: 118449719 new_native_bytes: 33044384 add_bytes_allowed: 31642395 is_gc_concurrent: 1 target_footprint_: 17270863 GetBytesAllocated: 11188149 HeapGrowthMultiplier: 3
12-22 19:27:26.808  3313  3589 I com.miui.home: CheckGCForNative gc_urgency 0.840756 current_native_bytes is 151494103 starting_gc_num:33
12-22 19:27:26.809  3313  3589 I cccccc  : createTaskSnapshotCompat:
12-22 19:27:26.810  3313  3362 I com.miui.home: CheckGCForNative adj_start_bytes: 32960988 NativeAllocationGcWatermark: 10547465 java_gc_start_bytes: 17139791 kNewNativeDiscountFactor: 2 kOldNativeDiscountFactor: 65536 old_native_bytes: 118449719 new_native_bytes: 43750304 add_bytes_allowed: 31642395 is_gc_concurrent: 1 target_footprint_: 17270863 GetBytesAllocated: 11188341 HeapGrowthMultiplier: 3
12-22 19:27:26.810  3313  3362 I com.miui.home: CheckGCForNative gc_urgency 1.00326 current_native_bytes is 162200023 starting_gc_num:33
12-22 19:27:26.810  3313  3362 I com.miui.home: CheckGCForNative requested 1
12-22 19:27:26.813  3313  3589 I com.miui.home: CheckGCForNative adj_start_bytes: 32960988 NativeAllocationGcWatermark: 10547465 java_gc_start_bytes: 17139791 kNewNativeDiscountFactor: 2 kOldNativeDiscountFactor: 65536 old_native_bytes: 118449719 new_native_bytes: 54443168 add_bytes_allowed: 31642395 is_gc_concurrent: 1 target_footprint_: 17270863 GetBytesAllocated: 11195712 HeapGrowthMultiplier: 3
12-22 19:27:26.813  3313  3589 I com.miui.home: CheckGCForNative gc_urgency 1.16559 current_native_bytes is 172892887 starting_gc_num:33
12-22 19:27:26.814  3313  3589 I com.miui.home: CheckGCForNative requested 1
12-22 19:27:26.815  3313  3313 I cccccc  : createTaskSnapshotCompat:
12-22 19:27:27.004  3313  3349 I com.miui.home: NativeAlloc concurrent copying GC freed 57139(2513KB) AllocSpace objects, 0(0B) LOS objects, 49% free, 8519KB/16MB, paused 350us,71us total 193.258ms
12-22 19:27:27.184  3313  3313 I wm_on_top_resumed_lost_called: [3857435,com.miui.home.launcher.Launcher,topStateChangedWhenResumed]
12-22 19:27:27.193  3313  3362 D cccccc  : onTaskStackChangedBackground
12-22 19:27:27.195  3313  3362 D cccccc  : onTaskStackChangedBackground
12-22 19:27:27.356  3313  3313 I wm_on_paused_called: [0,3857435,com.miui.home.launcher.Launcher,performPause,3]
12-22 19:27:27.380  3313  3568 I com.miui.home: CheckGCForNative gc_urgency 0 current_native_bytes is 129324383 starting_gc_num:34
12-22 19:27:27.497  9394  9394 I wm_on_paused_called: [0,221419125,com.ss.android.ugc.aweme.splash.SplashActivity,performPause,436]
12-22 19:27:27.504  3313  4026 D cccccc  : onTaskStackChangedBackground
12-22 19:27:27.504  3313  4026 D cccccc  : onTaskStackChangedBackground
12-22 19:27:27.637  3313  3592 I com.miui.home: CheckGCForNative adj_start_bytes: 33170222 NativeAllocationGcWatermark: 10569490 java_gc_start_bytes: 17315987 kNewNativeDiscountFactor: 2 kOldNativeDiscountFactor: 65536 old_native_bytes: 129324383 new_native_bytes: 943340 add_bytes_allowed: 31708470 is_gc_concurrent: 1 target_footprint_: 17447059 GetBytesAllocated: 10010464 HeapGrowthMultiplier: 3
12-22 19:27:27.637  3313  3592 I com.miui.home: CheckGCForNative gc_urgency 0.31607 current_native_bytes is 130267723 starting_gc_num:34
12-22 19:27:27.664  3313  3719 E cccccc  : createTaskSnapshot:
12-22 19:27:27.664  3313  3719 I cccccc  : getTaskSnapshotInstance:
12-22 19:27:27.668  3313  3719 I com.miui.home: CheckGCForNative adj_start_bytes: 33170222 NativeAllocationGcWatermark: 10569490 java_gc_start_bytes: 17315987 kNewNativeDiscountFactor: 2 kOldNativeDiscountFactor: 65536 old_native_bytes: 129324383 new_native_bytes: 11656044 add_bytes_allowed: 31708470 is_gc_concurrent: 1 target_footprint_: 17447059 GetBytesAllocated: 10116947 HeapGrowthMultiplier: 3
12-22 19:27:27.668  3313  3719 I com.miui.home: CheckGCForNative gc_urgency 0.480761 current_native_bytes is 140980427 starting_gc_num:34
12-22 19:27:27.686  3313  3534 E cccccc  : createTaskSnapshot:
12-22 19:27:27.687  3313  3534 I cccccc  : getTaskSnapshotInstance:
12-22 19:27:27.837  3313  3592 I com.miui.home: CheckGCForNative adj_start_bytes: 33170222 NativeAllocationGcWatermark: 10569490 java_gc_start_bytes: 17315987 kNewNativeDiscountFactor: 2 kOldNativeDiscountFactor: 65536 old_native_bytes: 129324383 new_native_bytes: 1519968 add_bytes_allowed: 31708470 is_gc_concurrent: 1 target_footprint_: 17447059 GetBytesAllocated: 10630680 HeapGrowthMultiplier: 3
12-22 19:27:27.837  3313  3592 I com.miui.home: CheckGCForNative gc_urgency 0.34346 current_native_bytes is 130844351 starting_gc_num:34
12-22 19:27:27.893  3313  3592 I com.miui.home: CheckGCForNative adj_start_bytes: 33170222 NativeAllocationGcWatermark: 10569490 java_gc_start_bytes: 17315987 kNewNativeDiscountFactor: 2 kOldNativeDiscountFactor: 65536 old_native_bytes: 129324383 new_native_bytes: 1566112 add_bytes_allowed: 31708470 is_gc_concurrent: 1 target_footprint_: 17447059 GetBytesAllocated: 10794220 HeapGrowthMultiplier: 3
12-22 19:27:27.893  3313  3592 I com.miui.home: CheckGCForNative gc_urgency 0.349086 current_native_bytes is 130890495 starting_gc_num:34
12-22 19:27:27.910  3313  3534 E cccccc  : createTaskSnapshot:
12-22 19:27:27.910  3313  3534 I cccccc  : getTaskSnapshotInstance:
12-22 19:27:28.145  9874  9874 I wm_on_create_called: [0,153470477,com.eg.android.AlipayGphone.AlipayLogin,performCreate,32]
12-22 19:27:28.149  9874  9874 I wm_on_start_called: [0,153470477,com.eg.android.AlipayGphone.AlipayLogin,handleStartActivity,3]
12-22 19:27:28.158  9874  9874 I wm_on_resume_called: [0,153470477,com.eg.android.AlipayGphone.AlipayLogin,RESUME_ACTIVITY,7]
12-22 19:27:28.195  9874  9874 I wm_on_top_resumed_gained_called: [153470477,com.eg.android.AlipayGphone.AlipayLogin,topStateChangedWhenResumed]
12-22 19:27:28.748  3313  3313 I wm_on_stop_called: [0,3857435,com.miui.home.launcher.Launcher,STOP_ACTIVITY_ITEM,59]
12-22 19:27:28.845  9874  9874 I wm_on_idle_called: com.eg.android.AlipayGphone.AlipayLogin
12-22 19:27:28.933  3313  3313 I wm_on_restart_called: [0,3857435,com.miui.home.launcher.Launcher,,0]
12-22 19:27:28.935  3313  3313 I wm_on_start_called: [0,3857435,com.miui.home.launcher.Launcher,handleStartActivity,1]
12-22 19:27:28.956  3313  3313 I wm_on_resume_called: [0,3857435,com.miui.home.launcher.Launcher,RESUME_ACTIVITY,19]
12-22 19:27:29.019  9874  9874 I wm_on_top_resumed_lost_called: [153470477,com.eg.android.AlipayGphone.AlipayLogin,topStateChangedWhenResumed]
12-22 19:27:29.035  3313  3313 I wm_on_top_resumed_gained_called: [3857435,com.miui.home.launcher.Launcher,topStateChangedWhenResumed]
12-22 19:27:29.035  3313  3313 I wm_on_idle_called: com.miui.home.launcher.Launcher
12-22 19:27:29.125  3313  3370 I com.miui.home: CheckGCForNative gc_urgency 0 current_native_bytes is 129601839 starting_gc_num:35
12-22 19:27:29.125  3313  3370 I cccccc  : createTaskSnapshotCompat:
12-22 19:27:29.126  3313  3370 I com.miui.home: CheckGCForNative adj_start_bytes: 32946299 NativeAllocationGcWatermark: 10545919 java_gc_start_bytes: 17127421 kNewNativeDiscountFactor: 2 kOldNativeDiscountFactor: 65536 old_native_bytes: 129601839 new_native_bytes: 10706960 add_bytes_allowed: 31637757 is_gc_concurrent: 1 target_footprint_: 17258493 GetBytesAllocated: 9472043 HeapGrowthMultiplier: 3
12-22 19:27:29.126  3313  3370 I com.miui.home: CheckGCForNative gc_urgency 0.450051 current_native_bytes is 140308799 starting_gc_num:35
12-22 19:27:29.161  3313  3370 I cccccc  : getTaskSnapshot:
12-22 19:27:29.166  3313  3370 I com.miui.home: CheckGCForNative adj_start_bytes: 32946299 NativeAllocationGcWatermark: 10545919 java_gc_start_bytes: 17127421 kNewNativeDiscountFactor: 2 kOldNativeDiscountFactor: 65536 old_native_bytes: 129601839 new_native_bytes: 10729424 add_bytes_allowed: 31637757 is_gc_concurrent: 1 target_footprint_: 17258493 GetBytesAllocated: 9524639 HeapGrowthMultiplier: 3
12-22 19:27:29.166  3313  3370 I com.miui.home: CheckGCForNative gc_urgency 0.451988 current_native_bytes is 140331263 starting_gc_num:35
12-22 19:27:29.167  3313  3313 I cccccc  : createTaskSnapshotCompat:
12-22 19:27:29.308  3313  3592 I com.miui.home: CheckGCForNative adj_start_bytes: 32946299 NativeAllocationGcWatermark: 10545919 java_gc_start_bytes: 17127421 kNewNativeDiscountFactor: 2 kOldNativeDiscountFactor: 65536 old_native_bytes: 129601839 new_native_bytes: 176496 add_bytes_allowed: 31637757 is_gc_concurrent: 1 target_footprint_: 17258493 GetBytesAllocated: 9808239 HeapGrowthMultiplier: 3
12-22 19:27:29.308  3313  3592 I com.miui.home: CheckGCForNative gc_urgency 0.300442 current_native_bytes is 129778335 starting_gc_num:35
12-22 19:27:29.443 10163 10163 I wm_on_application_create_called: [0,com.eg.android.AlipayGphone,406]
12-22 19:27:29.542  3313  3592 I com.miui.home: CheckGCForNative adj_start_bytes: 32946299 NativeAllocationGcWatermark: 10545919 java_gc_start_bytes: 17127421 kNewNativeDiscountFactor: 2 kOldNativeDiscountFactor: 65536 old_native_bytes: 129601839 new_native_bytes: 172512 add_bytes_allowed: 31637757 is_gc_concurrent: 1 target_footprint_: 17258493 GetBytesAllocated: 10340779 HeapGrowthMultiplier: 3
12-22 19:27:29.542  3313  3592 I com.miui.home: CheckGCForNative gc_urgency 0.316546 current_native_bytes is 129774351 starting_gc_num:35
12-22 19:27:29.606  3313  3589 I cccccc  : createTaskSnapshotCompat:
12-22 19:27:29.916  9874  9874 I wm_on_paused_called: [0,153470477,com.eg.android.AlipayGphone.AlipayLogin,performPause,12]
12-22 19:27:30.028  3313  3370 D cccccc  : onTaskStackChangedBackground
12-22 19:27:30.029  3313  3385 D cccccc  : onTaskStackChangedBackground
12-22 19:27:30.069  9874  9874 I wm_on_stop_called: [0,153470477,com.eg.android.AlipayGphone.AlipayLogin,STOP_ACTIVITY_ITEM,99]
12-22 19:27:30.121  3313  3313 I wm_on_top_resumed_lost_called: [3857435,com.miui.home.launcher.Launcher,topStateChangedWhenResumed]
12-22 19:27:30.125  3313  3313 I wm_on_paused_called: [0,3857435,com.miui.home.launcher.Launcher,performPause,3]
12-22 19:27:30.129  3313  3568 I com.miui.home: CheckGCForNative adj_start_bytes: 32946299 NativeAllocationGcWatermark: 10545919 java_gc_start_bytes: 17127421 kNewNativeDiscountFactor: 2 kOldNativeDiscountFactor: 65536 old_native_bytes: 129601839 new_native_bytes: 200816 add_bytes_allowed: 31637757 is_gc_concurrent: 1 target_footprint_: 17258493 GetBytesAllocated: 10662031 HeapGrowthMultiplier: 3
12-22 19:27:30.129  3313  3568 I com.miui.home: CheckGCForNative gc_urgency 0.326726 current_native_bytes is 129802655 starting_gc_num:35
12-22 19:27:30.163  3313  3385 D cccccc  : onTaskStackChangedBackground
12-22 19:27:30.165  3313  3385 D cccccc  : onTaskStackChangedBackground
12-22 19:27:30.231  3313  3362 D cccccc  : onTaskStackChangedBackground
12-22 19:27:30.233  3313  7754 D cccccc  : onTaskStackChangedBackground
12-22 19:27:30.555  3313  3592 I com.miui.home: CheckGCForNative adj_start_bytes: 32946299 NativeAllocationGcWatermark: 10545919 java_gc_start_bytes: 17127421 kNewNativeDiscountFactor: 2 kOldNativeDiscountFactor: 65536 old_native_bytes: 129601839 new_native_bytes: 931588 add_bytes_allowed: 31637757 is_gc_concurrent: 1 target_footprint_: 17258493 GetBytesAllocated: 11618561 HeapGrowthMultiplier: 3
12-22 19:27:30.555  3313  3592 I com.miui.home: CheckGCForNative gc_urgency 0.366849 current_native_bytes is 130533427 starting_gc_num:35
12-22 19:27:30.632  3313  3719 E cccccc  : createTaskSnapshot:
12-22 19:27:30.633  3313  3719 I cccccc  : getTaskSnapshotInstance:
12-22 19:27:30.658  3313  3534 E cccccc  : createTaskSnapshot:
12-22 19:27:30.658  3313  3534 I cccccc  : getTaskSnapshotInstance:
12-22 19:27:30.681 10604 10604 I wm_on_application_create_called: [0,com.xiaomi.mi_connect_service,569]
12-22 19:27:30.698  3313  3534 I com.miui.home: CheckGCForNative adj_start_bytes: 32946299 NativeAllocationGcWatermark: 10545919 java_gc_start_bytes: 17127421 kNewNativeDiscountFactor: 2 kOldNativeDiscountFactor: 65536 old_native_bytes: 129601839 new_native_bytes: 11644116 add_bytes_allowed: 31637757 is_gc_concurrent: 1 target_footprint_: 17258493 GetBytesAllocated: 11789025 HeapGrowthMultiplier: 3
12-22 19:27:30.698  3313  3534 I com.miui.home: CheckGCForNative gc_urgency 0.534599 current_native_bytes is 141245955 starting_gc_num:35
