12-21 19:13:36.432  3323  3689 I com.miui.home: CheckGCForNative adj_start_bytes: 33262471 NativeAllocationGcWatermark: 10584265 java_gc_start_bytes: 17386074 kNewNativeDiscountFactor: 2 kOldNativeDiscountFactor: 65536 old_native_bytes: 130054047 new_native_bytes: 66380136 add_bytes_allowed: 31752795 is_gc_concurrent: 1 target_footprint_: 17565261 GetBytesAllocated: 13548249 HeapGrowthMultiplier: 3
12-21 19:13:36.432  3323  3689 I com.miui.home: CheckGCForNative gc_urgency 1.4052 current_native_bytes is 196434183
12-21 19:13:36.432  3323  3689 I com.miui.home: CheckGCForNative requested 1
12-21 19:13:36.433  3323  3689 I com.miui.home: CheckGCForNative adj_start_bytes: 33262471 NativeAllocationGcWatermark: 10584265 java_gc_start_bytes: 17386074 kNewNativeDiscountFactor: 2 kOldNativeDiscountFactor: 65536 old_native_bytes: 130054047 new_native_bytes: 77087080 add_bytes_allowed: 31752795 is_gc_concurrent: 1 target_footprint_: 17565261 GetBytesAllocated: 13552417 HeapGrowthMultiplier: 3
12-21 19:13:36.433  3323  3689 I com.miui.home: CheckGCForNative gc_urgency 1.56627 current_native_bytes is 207141127
12-21 19:13:36.433  3323  3689 I com.miui.home: CheckGCForNative requested 1
12-21 19:13:36.544  3323 10171 D cccccc  : onTaskStackChangedBackground
12-21 19:13:36.544  3323  3367 D cccccc  : onTaskStackChangedBackground
12-21 19:13:36.550 11655 11655 I wm_on_resume_called: [0,187443797,com.tencent.mm.ui.LauncherUI,RESUME_ACTIVITY,315]
12-21 19:13:36.643 11655 11655 I wm_on_top_resumed_gained_called: [187443797,com.tencent.mm.ui.LauncherUI,topStateChangedWhenResumed]
12-21 19:13:36.644 11655 11655 I wm_on_top_resumed_lost_called: [187443797,com.tencent.mm.ui.LauncherUI,topStateChangedWhenResumed]
12-21 19:13:36.729 11655 11655 I wm_on_paused_called: [0,187443797,com.tencent.mm.ui.LauncherUI,performPause,16]
12-21 19:13:36.767 11655 11655 I wm_on_stop_called: [0,184310002,com.tencent.mm.app.WeChatSplashActivity,STOP_ACTIVITY_ITEM,12]
12-21 19:13:36.814 11185 11185 I wm_on_top_resumed_gained_called: [107844394,com.tencent.qqlive.ona.activity.SplashHomeActivity,topStateChangedWhenResumed]
12-21 19:13:36.874 11655 11655 I wm_on_create_called: [0,85486522,com.tencent.mm.plugin.account.ui.WelcomeActivity,performCreate,86]
12-21 19:13:36.880 11655 11655 I wm_on_start_called: [0,85486522,com.tencent.mm.plugin.account.ui.WelcomeActivity,handleStartActivity,4]
12-21 19:13:36.894 11655 11655 I wm_on_resume_called: [0,85486522,com.tencent.mm.plugin.account.ui.WelcomeActivity,RESUME_ACTIVITY,12]
12-21 19:13:36.914  3323  3354 I com.miui.home: NativeAlloc concurrent copying GC freed 101862(4510KB) AllocSpace objects, 16(496KB) LOS objects, 49% free, 8830KB/17MB, paused 3.377ms,81us total 553.348ms
12-21 19:13:36.925 11655 11655 I wm_on_top_resumed_gained_called: [85486522,com.tencent.mm.plugin.account.ui.WelcomeActivity,topStateChangedWhenResumed]
12-21 19:13:36.938 11655 11655 I wm_on_stop_called: [0,187443797,com.tencent.mm.ui.LauncherUI,STOP_ACTIVITY_ITEM,10]
12-21 19:13:36.943 11655 11655 I wm_on_top_resumed_lost_called: [85486522,com.tencent.mm.plugin.account.ui.WelcomeActivity,pausing]
12-21 19:13:36.947  3323  3689 E cccccc  : createTaskSnapshot:
12-21 19:13:36.947  3323  3689 I cccccc  : getTaskSnapshotInstance:
12-21 19:13:36.953  3323  3689 I com.miui.home: CheckGCForNative gc_urgency 0 current_native_bytes is 175374267
12-21 19:13:36.953  3323  3689 I com.miui.home: CheckGCForNative adj_start_bytes: 33535372 NativeAllocationGcWatermark: 10649318 java_gc_start_bytes: 17561395 kNewNativeDiscountFactor: 2 kOldNativeDiscountFactor: 65536 old_native_bytes: 175374267 new_native_bytes: 10706944 add_bytes_allowed: 31947954 is_gc_concurrent: 1 target_footprint_: 18085683 GetBytesAllocated: 9128537 HeapGrowthMultiplier: 3
12-21 19:13:36.953  3323  3689 I com.miui.home: CheckGCForNative gc_urgency 0.431923 current_native_bytes is 186081211
12-21 19:13:36.954 11655 11655 I wm_on_paused_called: [0,85486522,com.tencent.mm.plugin.account.ui.WelcomeActivity,performPause,10]
12-21 19:13:36.975 11655 11655 I wm_on_resume_called: [0,85486522,com.tencent.mm.plugin.account.ui.WelcomeActivity,LIFECYCLER_RESUME_ACTIVITY,17]
12-21 19:13:36.982 11655 11655 I wm_on_top_resumed_gained_called: [85486522,com.tencent.mm.plugin.account.ui.WelcomeActivity,topWhenResuming]
12-21 19:13:37.125 11185 11185 I wm_on_top_resumed_lost_called: [107844394,com.tencent.qqlive.ona.activity.SplashHomeActivity,topStateChangedWhenResumed]
12-21 19:13:37.214  3323  3689 I com.miui.home: CheckGCForNative gc_urgency 0 current_native_bytes is 130884551
12-21 19:13:37.458 11655 11655 I wm_on_destroy_called: [0,184310002,com.tencent.mm.app.WeChatSplashActivity,performDestroy,8]
12-21 19:13:37.901 11185 11185 I wm_on_paused_called: [0,107844394,com.tencent.qqlive.ona.activity.SplashHomeActivity,performPause,638]
12-21 19:13:38.148  3323  3323 I wm_on_stop_called: [0,45264680,com.miui.home.launcher.Launcher,STOP_ACTIVITY_ITEM,8]
12-21 19:13:38.668  3323  3323 I wm_on_restart_called: [0,45264680,com.miui.home.launcher.Launcher,,0]
12-21 19:13:38.668 11655 11655 I wm_on_top_resumed_lost_called: [85486522,com.tencent.mm.plugin.account.ui.WelcomeActivity,topStateChangedWhenResumed]
12-21 19:13:38.670  3323  3323 I wm_on_start_called: [0,45264680,com.miui.home.launcher.Launcher,handleStartActivity,2]
12-21 19:13:38.691  3323  3323 I wm_on_resume_called: [0,45264680,com.miui.home.launcher.Launcher,RESUME_ACTIVITY,19]
12-21 19:13:38.774  3323  3323 I wm_on_top_resumed_gained_called: [45264680,com.miui.home.launcher.Launcher,topStateChangedWhenResumed]
12-21 19:13:38.779  3323  3323 I wm_on_idle_called: com.miui.home.launcher.Launcher
12-21 19:13:38.894  3323  3698 I com.miui.home: CheckGCForNative adj_start_bytes: 33535372 NativeAllocationGcWatermark: 10649318 java_gc_start_bytes: 17561395 kNewNativeDiscountFactor: 2 kOldNativeDiscountFactor: 65536 old_native_bytes: 130884551 new_native_bytes: 10856812 add_bytes_allowed: 31947954 is_gc_concurrent: 1 target_footprint_: 18085683 GetBytesAllocated: 11288330 HeapGrowthMultiplier: 3
12-21 19:13:38.894  3323  3698 I com.miui.home: CheckGCForNative gc_urgency 0.49854 current_native_bytes is 141741363
12-21 19:13:38.895  3323  3698 I cccccc  : createTaskSnapshotCompat:
12-21 19:13:38.897  3323  3698 I com.miui.home: CheckGCForNative adj_start_bytes: 33535372 NativeAllocationGcWatermark: 10649318 java_gc_start_bytes: 17561395 kNewNativeDiscountFactor: 2 kOldNativeDiscountFactor: 65536 old_native_bytes: 130884551 new_native_bytes: 21563948 add_bytes_allowed: 31947954 is_gc_concurrent: 1 target_footprint_: 18085683 GetBytesAllocated: 11342475 HeapGrowthMultiplier: 3
12-21 19:13:38.897  3323  3698 I com.miui.home: CheckGCForNative gc_urgency 0.659794 current_native_bytes is 152448499
12-21 19:13:38.974 11185 11185 I wm_on_stop_called: [0,107844394,com.tencent.qqlive.ona.activity.SplashHomeActivity,STOP_ACTIVITY_ITEM,221]
12-21 19:13:39.062  3323  3641 I com.miui.home: CheckGCForNative adj_start_bytes: 33535372 NativeAllocationGcWatermark: 10649318 java_gc_start_bytes: 17561395 kNewNativeDiscountFactor: 2 kOldNativeDiscountFactor: 65536 old_native_bytes: 130884551 new_native_bytes: 10828628 add_bytes_allowed: 31947954 is_gc_concurrent: 1 target_footprint_: 18085683 GetBytesAllocated: 11593507 HeapGrowthMultiplier: 3
12-21 19:13:39.062  3323  3641 I com.miui.home: CheckGCForNative gc_urgency 0.50722 current_native_bytes is 141713179
12-21 19:13:39.107  3323  3641 I com.miui.home: CheckGCForNative adj_start_bytes: 33535372 NativeAllocationGcWatermark: 10649318 java_gc_start_bytes: 17561395 kNewNativeDiscountFactor: 2 kOldNativeDiscountFactor: 65536 old_native_bytes: 130884551 new_native_bytes: 10833236 add_bytes_allowed: 31947954 is_gc_concurrent: 1 target_footprint_: 18085683 GetBytesAllocated: 11601750 HeapGrowthMultiplier: 3
12-21 19:13:39.107  3323  3641 I com.miui.home: CheckGCForNative gc_urgency 0.507535 current_native_bytes is 141717787
12-21 19:13:39.366  3323  3639 I com.miui.home: CheckGCForNative adj_start_bytes: 33535372 NativeAllocationGcWatermark: 10649318 java_gc_start_bytes: 17561395 kNewNativeDiscountFactor: 2 kOldNativeDiscountFactor: 65536 old_native_bytes: 130884551 new_native_bytes: 21557764 add_bytes_allowed: 31947954 is_gc_concurrent: 1 target_footprint_: 18085683 GetBytesAllocated: 11719950 HeapGrowthMultiplier: 3
12-21 19:13:39.366  3323  3639 I com.miui.home: CheckGCForNative gc_urgency 0.670958 current_native_bytes is 152442315
12-21 19:13:39.366  3323  3639 I cccccc  : createTaskSnapshotCompat:
12-21 19:13:39.367  3323  3639 I com.miui.home: CheckGCForNative adj_start_bytes: 33535372 NativeAllocationGcWatermark: 10649318 java_gc_start_bytes: 17561395 kNewNativeDiscountFactor: 2 kOldNativeDiscountFactor: 65536 old_native_bytes: 130884551 new_native_bytes: 32253316 add_bytes_allowed: 31947954 is_gc_concurrent: 1 target_footprint_: 18085683 GetBytesAllocated: 11733469 HeapGrowthMultiplier: 3
12-21 19:13:39.367  3323  3639 I com.miui.home: CheckGCForNative gc_urgency 0.830828 current_native_bytes is 163137867
12-21 19:13:39.410 11655 11655 I wm_on_paused_called: [0,85486522,com.tencent.mm.plugin.account.ui.WelcomeActivity,performPause,10]
12-21 19:13:39.513  3323  9407 D cccccc  : onTaskStackChangedBackground
12-21 19:13:39.514  3323  3369 D cccccc  : onTaskStackChangedBackground
12-21 19:13:39.608  3323  3689 I com.miui.home: CheckGCForNative adj_start_bytes: 33535372 NativeAllocationGcWatermark: 10649318 java_gc_start_bytes: 17561395 kNewNativeDiscountFactor: 2 kOldNativeDiscountFactor: 65536 old_native_bytes: 130884551 new_native_bytes: 21517436 add_bytes_allowed: 31947954 is_gc_concurrent: 1 target_footprint_: 18085683 GetBytesAllocated: 12215211 HeapGrowthMultiplier: 3
12-21 19:13:39.608  3323  3689 I com.miui.home: CheckGCForNative gc_urgency 0.685125 current_native_bytes is 152401987
12-21 19:13:39.630 11655 11655 I wm_on_stop_called: [0,85486522,com.tencent.mm.plugin.account.ui.WelcomeActivity,STOP_ACTIVITY_ITEM,24]
12-21 19:13:39.646 11655 11655 I wm_on_idle_called: com.tencent.mm.ui.LauncherUI
12-21 19:13:39.646 11655 11655 I wm_on_idle_called: com.tencent.mm.plugin.account.ui.WelcomeActivity
12-21 19:13:39.646 11655 11655 I wm_on_idle_called: com.tencent.mm.plugin.account.ui.WelcomeActivity
12-21 19:13:39.690  3323  3689 E cccccc  : createTaskSnapshot:
12-21 19:13:39.690  3323  3689 I cccccc  : getTaskSnapshotInstance:
12-21 19:13:39.713  3323  3689 I com.miui.home: CheckGCForNative adj_start_bytes: 33535372 NativeAllocationGcWatermark: 10649318 java_gc_start_bytes: 17561395 kNewNativeDiscountFactor: 2 kOldNativeDiscountFactor: 65536 old_native_bytes: 130884551 new_native_bytes: 32391480 add_bytes_allowed: 31947954 is_gc_concurrent: 1 target_footprint_: 18085683 GetBytesAllocated: 12625494 HeapGrowthMultiplier: 3
12-21 19:13:39.713  3323  3689 I com.miui.home: CheckGCForNative gc_urgency 0.859487 current_native_bytes is 163276031
12-21 19:13:39.719  3323  3323 I wm_on_top_resumed_lost_called: [45264680,com.miui.home.launcher.Launcher,topStateChangedWhenResumed]
12-21 19:13:39.724  3323  3323 I wm_on_paused_called: [0,45264680,com.miui.home.launcher.Launcher,performPause,3]
12-21 19:13:39.870  3323  3369 D cccccc  : onTaskStackChangedBackground
12-21 19:13:39.871  3323  3369 D cccccc  : onTaskStackChangedBackground
12-21 19:13:39.941 11185 11185 I wm_on_idle_called: com.tencent.qqlive.ona.activity.SplashHomeActivity
12-21 19:13:39.991  3323  3369 D cccccc  : onTaskStackChangedBackground
12-21 19:13:40.000  3323 10171 D cccccc  : onTaskStackChangedBackground
12-21 19:13:40.107  3323  3641 I com.miui.home: CheckGCForNative adj_start_bytes: 33535372 NativeAllocationGcWatermark: 10649318 java_gc_start_bytes: 17561395 kNewNativeDiscountFactor: 2 kOldNativeDiscountFactor: 65536 old_native_bytes: 130884551 new_native_bytes: 22188628 add_bytes_allowed: 31947954 is_gc_concurrent: 1 target_footprint_: 18085683 GetBytesAllocated: 13562102 HeapGrowthMultiplier: 3
12-21 19:13:40.107  3323  3641 I com.miui.home: CheckGCForNative gc_urgency 0.735296 current_native_bytes is 153073179
12-21 19:13:40.116  3323  3689 E cccccc  : createTaskSnapshot:
12-21 19:13:40.117  3323  3689 I cccccc  : getTaskSnapshotInstance:
12-21 19:13:40.229  3323  3641 I com.miui.home: CheckGCForNative adj_start_bytes: 33535372 NativeAllocationGcWatermark: 10649318 java_gc_start_bytes: 17561395 kNewNativeDiscountFactor: 2 kOldNativeDiscountFactor: 65536 old_native_bytes: 130884551 new_native_bytes: 22332372 add_bytes_allowed: 31947954 is_gc_concurrent: 1 target_footprint_: 18085683 GetBytesAllocated: 14056097 HeapGrowthMultiplier: 3
12-21 19:13:40.229  3323  3641 I com.miui.home: CheckGCForNative gc_urgency 0.752169 current_native_bytes is 153216923
12-21 19:13:40.272  3323  3689 E cccccc  : createTaskSnapshot:
12-21 19:13:40.272  3323  3689 I cccccc  : getTaskSnapshotInstance:
12-21 19:13:40.373  3323  3641 I com.miui.home: CheckGCForNative adj_start_bytes: 33535372 NativeAllocationGcWatermark: 10649318 java_gc_start_bytes: 17561395 kNewNativeDiscountFactor: 2 kOldNativeDiscountFactor: 65536 old_native_bytes: 130884551 new_native_bytes: 22443072 add_bytes_allowed: 31947954 is_gc_concurrent: 1 target_footprint_: 18085683 GetBytesAllocated: 14324291 HeapGrowthMultiplier: 3
12-21 19:13:40.373  3323  3641 I com.miui.home: CheckGCForNative gc_urgency 0.761817 current_native_bytes is 153327623
12-21 19:13:40.592 13748 13748 I wm_on_application_create_called: [0,com.UCMobile,251]
12-21 19:13:40.733 13748 13748 I wm_on_create_called: [0,35747357,com.UCMobile.main.UCMobile,performCreate,119]
12-21 19:13:40.850 13748 13748 I wm_on_create_called: [0,180294051,com.uc.browser.InnerUCMobile,performCreate,30]
12-21 19:13:40.854 13748 13748 I wm_on_start_called: [0,180294051,com.uc.browser.InnerUCMobile,handleStartActivity,3]
12-21 19:13:40.869 13748 13748 I wm_on_resume_called: [0,180294051,com.uc.browser.InnerUCMobile,RESUME_ACTIVITY,7]
12-21 19:13:40.885  3323  3698 D cccccc  : onTaskStackChangedBackground
12-21 19:13:40.886  3323  3698 D cccccc  : onTaskStackChangedBackground
12-21 19:13:40.950 13748 13748 I wm_on_top_resumed_gained_called: [180294051,com.uc.browser.InnerUCMobile,topStateChangedWhenResumed]
12-21 19:13:41.126  3323  3689 E cccccc  : createTaskSnapshot:
12-21 19:13:41.126  3323  3689 I cccccc  : getTaskSnapshotInstance:
12-21 19:13:41.250  3323  3689 E cccccc  : createTaskSnapshot:
12-21 19:13:41.250  3323  3689 I cccccc  : getTaskSnapshotInstance:
12-21 19:13:41.286  3323  3323 I wm_on_stop_called: [0,45264680,com.miui.home.launcher.Launcher,STOP_ACTIVITY_ITEM,6]
12-21 19:13:41.496  3323  3323 I wm_on_restart_called: [0,45264680,com.miui.home.launcher.Launcher,,0]
12-21 19:13:41.497  3323  3323 I wm_on_start_called: [0,45264680,com.miui.home.launcher.Launcher,handleStartActivity,2]
12-21 19:13:41.515  3323  3323 I wm_on_resume_called: [0,45264680,com.miui.home.launcher.Launcher,RESUME_ACTIVITY,15]
12-21 19:13:41.517  3323  3589 I com.miui.home: CheckGCForNative adj_start_bytes: 33535372 NativeAllocationGcWatermark: 10649318 java_gc_start_bytes: 17561395 kNewNativeDiscountFactor: 2 kOldNativeDiscountFactor: 65536 old_native_bytes: 130884551 new_native_bytes: 22881460 add_bytes_allowed: 31947954 is_gc_concurrent: 1 target_footprint_: 18085683 GetBytesAllocated: 16520353 HeapGrowthMultiplier: 3
12-21 19:13:41.517  3323  3589 I com.miui.home: CheckGCForNative gc_urgency 0.833838 current_native_bytes is 153766011
12-21 19:13:41.615  3323  3323 I wm_on_idle_called: com.miui.home.launcher.Launcher
12-21 19:13:41.775  3323 10171 I com.miui.home: CheckGCForNative adj_start_bytes: 33535372 NativeAllocationGcWatermark: 10649318 java_gc_start_bytes: 17561395 kNewNativeDiscountFactor: 2 kOldNativeDiscountFactor: 65536 old_native_bytes: 130884551 new_native_bytes: 33728636 add_bytes_allowed: 31947954 is_gc_concurrent: 1 target_footprint_: 18085683 GetBytesAllocated: 17393333 HeapGrowthMultiplier: 3
12-21 19:13:41.775  3323 10171 I com.miui.home: CheckGCForNative gc_urgency 1.0216 current_native_bytes is 164613187
12-21 19:13:41.775  3323 10171 I com.miui.home: CheckGCForNative requested 1
12-21 19:13:41.776  3323 10171 I cccccc  : createTaskSnapshotCompat:
12-21 19:13:41.779  3323 10171 I com.miui.home: CheckGCForNative adj_start_bytes: 33535372 NativeAllocationGcWatermark: 10649318 java_gc_start_bytes: 17561395 kNewNativeDiscountFactor: 2 kOldNativeDiscountFactor: 65536 old_native_bytes: 130884551 new_native_bytes: 44435644 add_bytes_allowed: 31947954 is_gc_concurrent: 1 target_footprint_: 18085683 GetBytesAllocated: 17397840 HeapGrowthMultiplier: 3
12-21 19:13:41.779  3323 10171 I com.miui.home: CheckGCForNative gc_urgency 1.18137 current_native_bytes is 175320195
12-21 19:13:41.779  3323 10171 I com.miui.home: CheckGCForNative requested 1
12-21 19:13:41.907  3323  3641 I com.miui.home: CheckGCForNative adj_start_bytes: 33535372 NativeAllocationGcWatermark: 10649318 java_gc_start_bytes: 17561395 kNewNativeDiscountFactor: 2 kOldNativeDiscountFactor: 65536 old_native_bytes: 130884551 new_native_bytes: 33844156 add_bytes_allowed: 31947954 is_gc_concurrent: 1 target_footprint_: 18085683 GetBytesAllocated: 17481775 HeapGrowthMultiplier: 3
12-21 19:13:41.907  3323  3641 I com.miui.home: CheckGCForNative gc_urgency 1.02596 current_native_bytes is 164728707
12-21 19:13:41.907  3323  3641 I com.miui.home: CheckGCForNative requested 1
12-21 19:13:41.988  3323  3323 I wm_on_top_resumed_gained_called: [45264680,com.miui.home.launcher.Launcher,topStateChangedWhenResumed]
12-21 19:13:42.022  3323  3354 I com.miui.home: NativeAlloc concurrent copying GC freed 181144(7855KB) AllocSpace objects, 26(680KB) LOS objects, 49% free, 8617KB/16MB, paused 6.361ms,89us total 244.377ms
12-21 19:13:42.052  3323  3641 I com.miui.home: CheckGCForNative gc_urgency 0 current_native_bytes is 132377915
12-21 19:13:42.152 13748 13748 I wm_on_destroy_called: [0,35747357,com.UCMobile.main.UCMobile,performDestroy,0]
12-21 19:13:42.152 13748 13748 I wm_on_top_resumed_lost_called: [180294051,com.uc.browser.InnerUCMobile,topStateChangedWhenResumed]
12-21 19:13:42.268  3323  3639 I com.miui.home: CheckGCForNative adj_start_bytes: 33369581 NativeAllocationGcWatermark: 10594764 java_gc_start_bytes: 17477435 kNewNativeDiscountFactor: 2 kOldNativeDiscountFactor: 65536 old_native_bytes: 132377915 new_native_bytes: 8798452 add_bytes_allowed: 31784292 is_gc_concurrent: 1 target_footprint_: 17649255 GetBytesAllocated: 8985038 HeapGrowthMultiplier: 3
12-21 19:13:42.268  3323  3639 I com.miui.home: CheckGCForNative gc_urgency 0.401152 current_native_bytes is 141176367
12-21 19:13:42.268  3323  3639 I cccccc  : createTaskSnapshotCompat:
12-21 19:13:42.271  3323  3639 I com.miui.home: CheckGCForNative adj_start_bytes: 33369581 NativeAllocationGcWatermark: 10594764 java_gc_start_bytes: 17477435 kNewNativeDiscountFactor: 2 kOldNativeDiscountFactor: 65536 old_native_bytes: 132377915 new_native_bytes: 19495092 add_bytes_allowed: 31784292 is_gc_concurrent: 1 target_footprint_: 17649255 GetBytesAllocated: 8985230 HeapGrowthMultiplier: 3
12-21 19:13:42.271  3323  3639 I com.miui.home: CheckGCForNative gc_urgency 0.561433 current_native_bytes is 151873007
12-21 19:13:42.547  3323  3572 I com.miui.home: CheckGCForNative adj_start_bytes: 33369581 NativeAllocationGcWatermark: 10594764 java_gc_start_bytes: 17477435 kNewNativeDiscountFactor: 2 kOldNativeDiscountFactor: 65536 old_native_bytes: 132377915 new_native_bytes: 8883236 add_bytes_allowed: 31784292 is_gc_concurrent: 1 target_footprint_: 17649255 GetBytesAllocated: 9315201 HeapGrowthMultiplier: 3
12-21 19:13:42.548  3323  3572 I com.miui.home: CheckGCForNative gc_urgency 0.412317 current_native_bytes is 141261151
12-21 19:13:42.592  3323  3323 I wm_on_top_resumed_lost_called: [45264680,com.miui.home.launcher.Launcher,topStateChangedWhenResumed]
12-21 19:13:42.606  3323  3696 D cccccc  : onTaskStackChangedBackground
12-21 19:13:42.613  3323  3696 D cccccc  : onTaskStackChangedBackground
12-21 19:13:42.716  3323 14112 I com.miui.home: CheckGCForNative adj_start_bytes: 33369581 NativeAllocationGcWatermark: 10594764 java_gc_start_bytes: 17477435 kNewNativeDiscountFactor: 2 kOldNativeDiscountFactor: 65536 old_native_bytes: 132377915 new_native_bytes: 9121916 add_bytes_allowed: 31784292 is_gc_concurrent: 1 target_footprint_: 17649255 GetBytesAllocated: 9678784 HeapGrowthMultiplier: 3
12-21 19:13:42.716  3323 14112 I com.miui.home: CheckGCForNative gc_urgency 0.426789 current_native_bytes is 141499831
12-21 19:13:42.804  3323  3323 I wm_on_paused_called: [0,45264680,com.miui.home.launcher.Launcher,performPause,3]
12-21 19:13:42.899  3323  3696 D cccccc  : onTaskStackChangedBackground
12-21 19:13:42.904  3323  3696 D cccccc  : onTaskStackChangedBackground
12-21 19:13:43.016  3323  3689 E cccccc  : createTaskSnapshot:
12-21 19:13:43.016  3323  3689 I cccccc  : getTaskSnapshotInstance:
12-21 19:13:43.022  3323  3689 E cccccc  : createTaskSnapshot:
12-21 19:13:43.022  3323  3689 I cccccc  : getTaskSnapshotInstance:
12-21 19:13:43.029  3323  3689 I com.miui.home: CheckGCForNative adj_start_bytes: 33369581 NativeAllocationGcWatermark: 10594764 java_gc_start_bytes: 17477435 kNewNativeDiscountFactor: 2 kOldNativeDiscountFactor: 65536 old_native_bytes: 132377915 new_native_bytes: 20750216 add_bytes_allowed: 31784292 is_gc_concurrent: 1 target_footprint_: 17649255 GetBytesAllocated: 10400969 HeapGrowthMultiplier: 3
12-21 19:13:43.029  3323  3689 I com.miui.home: CheckGCForNative gc_urgency 0.622666 current_native_bytes is 153128131
12-21 19:13:43.117  3323  8617 I com.miui.home: CheckGCForNative adj_start_bytes: 33369581 NativeAllocationGcWatermark: 10594764 java_gc_start_bytes: 17477435 kNewNativeDiscountFactor: 2 kOldNativeDiscountFactor: 65536 old_native_bytes: 132377915 new_native_bytes: 10071200 add_bytes_allowed: 31784292 is_gc_concurrent: 1 target_footprint_: 17649255 GetBytesAllocated: 10645281 HeapGrowthMultiplier: 3
12-21 19:13:43.117  3323  8617 I com.miui.home: CheckGCForNative gc_urgency 0.469976 current_native_bytes is 142449115
12-21 19:13:43.249  3323  3689 E cccccc  : createTaskSnapshot:
12-21 19:13:43.249  3323  3689 I cccccc  : getTaskSnapshotInstance:
12-21 19:13:43.385  3323  3641 I com.miui.home: CheckGCForNative adj_start_bytes: 33369581 NativeAllocationGcWatermark: 10594764 java_gc_start_bytes: 17477435 kNewNativeDiscountFactor: 2 kOldNativeDiscountFactor: 65536 old_native_bytes: 132377915 new_native_bytes: 10476556 add_bytes_allowed: 31784292 is_gc_concurrent: 1 target_footprint_: 17649255 GetBytesAllocated: 11182719 HeapGrowthMultiplier: 3
12-21 19:13:43.385  3323  3641 I com.miui.home: CheckGCForNative gc_urgency 0.492155 current_native_bytes is 142854471
12-21 19:13:43.440  3323  3641 I com.miui.home: CheckGCForNative adj_start_bytes: 33369581 NativeAllocationGcWatermark: 10594764 java_gc_start_bytes: 17477435 kNewNativeDiscountFactor: 2 kOldNativeDiscountFactor: 65536 old_native_bytes: 132377915 new_native_bytes: 10482668 add_bytes_allowed: 31784292 is_gc_concurrent: 1 target_footprint_: 17649255 GetBytesAllocated: 11203706 HeapGrowthMultiplier: 3
12-21 19:13:43.440  3323  3641 I com.miui.home: CheckGCForNative gc_urgency 0.492876 current_native_bytes is 142860583
12-21 19:13:43.826 14144 14144 I wm_on_create_called: [0,162448512,com.tencent.mtt.SplashActivity,performCreate,95]
12-21 19:13:43.906 14144 14144 I wm_on_create_called: [0,17285026,com.tencent.mtt.MainActivity,performCreate,28]
12-21 19:13:43.949  3323  3369 D cccccc  : onTaskStackChangedBackground
12-21 19:13:43.950  3323  3369 D cccccc  : onTaskStackChangedBackground
12-21 19:13:43.982 14144 14144 I wm_on_start_called: [0,17285026,com.tencent.mtt.MainActivity,handleStartActivity,75]
12-21 19:13:44.152  3323  3689 E cccccc  : createTaskSnapshot:
12-21 19:13:44.152  3323  3689 I cccccc  : getTaskSnapshotInstance:
12-21 19:13:44.244 14144 14144 I wm_on_resume_called: [0,17285026,com.tencent.mtt.MainActivity,RESUME_ACTIVITY,260]
12-21 19:13:44.251 14144 14144 I wm_on_top_resumed_gained_called: [17285026,com.tencent.mtt.MainActivity,topStateChangedWhenResumed]
12-21 19:13:44.300  3323  3689 I com.miui.home: CheckGCForNative adj_start_bytes: 33369581 NativeAllocationGcWatermark: 10594764 java_gc_start_bytes: 17477435 kNewNativeDiscountFactor: 2 kOldNativeDiscountFactor: 65536 old_native_bytes: 132377915 new_native_bytes: 10398228 add_bytes_allowed: 31784292 is_gc_concurrent: 1 target_footprint_: 17649255 GetBytesAllocated: 12445417 HeapGrowthMultiplier: 3
12-21 19:13:44.300  3323  3689 I com.miui.home: CheckGCForNative gc_urgency 0.528821 current_native_bytes is 142776143
12-21 19:13:44.351  3323  3689 E cccccc  : createTaskSnapshot:
12-21 19:13:44.351  3323  3689 I cccccc  : getTaskSnapshotInstance:
12-21 19:13:44.437  3323  3323 I wm_on_stop_called: [0,45264680,com.miui.home.launcher.Launcher,STOP_ACTIVITY_ITEM,10]
12-21 19:13:44.461  3323  3323 I wm_on_restart_called: [0,45264680,com.miui.home.launcher.Launcher,,0]
12-21 19:13:44.463  3323  3323 I wm_on_start_called: [0,45264680,com.miui.home.launcher.Launcher,handleStartActivity,1]
12-21 19:13:44.481  3323  3323 I wm_on_resume_called: [0,45264680,com.miui.home.launcher.Launcher,RESUME_ACTIVITY,17]
12-21 19:13:44.588  3323  3323 I wm_on_idle_called: com.miui.home.launcher.Launcher
12-21 19:13:44.676  3323 10171 I com.miui.home: CheckGCForNative adj_start_bytes: 33369581 NativeAllocationGcWatermark: 10594764 java_gc_start_bytes: 17477435 kNewNativeDiscountFactor: 2 kOldNativeDiscountFactor: 65536 old_native_bytes: 132377915 new_native_bytes: 21568836 add_bytes_allowed: 31784292 is_gc_concurrent: 1 target_footprint_: 17649255 GetBytesAllocated: 14316242 HeapGrowthMultiplier: 3
12-21 19:13:44.677  3323 10171 I com.miui.home: CheckGCForNative gc_urgency 0.752262 current_native_bytes is 153946751
12-21 19:13:44.677  3323 10171 I cccccc  : createTaskSnapshotCompat:
12-21 19:13:44.679  3323 10171 I com.miui.home: CheckGCForNative adj_start_bytes: 33369581 NativeAllocationGcWatermark: 10594764 java_gc_start_bytes: 17477435 kNewNativeDiscountFactor: 2 kOldNativeDiscountFactor: 65536 old_native_bytes: 132377915 new_native_bytes: 32275780 add_bytes_allowed: 31784292 is_gc_concurrent: 1 target_footprint_: 17649255 GetBytesAllocated: 14333547 HeapGrowthMultiplier: 3
12-21 19:13:44.679  3323 10171 I com.miui.home: CheckGCForNative gc_urgency 0.913211 current_native_bytes is 164653695
12-21 19:13:44.833 14144 14144 I wm_on_destroy_called: [0,162448512,com.tencent.mtt.SplashActivity,performDestroy,1]
12-21 19:13:44.833 14144 14144 I wm_on_top_resumed_lost_called: [17285026,com.tencent.mtt.MainActivity,topStateChangedWhenResumed]
12-21 19:13:44.835  3323  3323 I wm_on_top_resumed_gained_called: [45264680,com.miui.home.launcher.Launcher,topStateChangedWhenResumed]
12-21 19:13:44.885  3323  3641 I com.miui.home: CheckGCForNative adj_start_bytes: 33369581 NativeAllocationGcWatermark: 10594764 java_gc_start_bytes: 17477435 kNewNativeDiscountFactor: 2 kOldNativeDiscountFactor: 65536 old_native_bytes: 132377915 new_native_bytes: 21640332 add_bytes_allowed: 31784292 is_gc_concurrent: 1 target_footprint_: 17649255 GetBytesAllocated: 14445263 HeapGrowthMultiplier: 3
12-21 19:13:44.885  3323  3641 I com.miui.home: CheckGCForNative gc_urgency 0.7572 current_native_bytes is 154018247
12-21 19:13:44.885  3323  3641 I com.miui.home: CheckGCForNative adj_start_bytes: 33369581 NativeAllocationGcWatermark: 10594764 java_gc_start_bytes: 17477435 kNewNativeDiscountFactor: 2 kOldNativeDiscountFactor: 65536 old_native_bytes: 132377915 new_native_bytes: 21642380 add_bytes_allowed: 31784292 is_gc_concurrent: 1 target_footprint_: 17649255 GetBytesAllocated: 14445263 HeapGrowthMultiplier: 3
12-21 19:13:44.885  3323  3641 I com.miui.home: CheckGCForNative gc_urgency 0.757231 current_native_bytes is 154020295
12-21 19:13:45.171  3323  3639 I com.miui.home: CheckGCForNative adj_start_bytes: 33369581 NativeAllocationGcWatermark: 10594764 java_gc_start_bytes: 17477435 kNewNativeDiscountFactor: 2 kOldNativeDiscountFactor: 65536 old_native_bytes: 132377915 new_native_bytes: 32163068 add_bytes_allowed: 31784292 is_gc_concurrent: 1 target_footprint_: 17649255 GetBytesAllocated: 14591904 HeapGrowthMultiplier: 3
12-21 19:13:45.171  3323  3639 I com.miui.home: CheckGCForNative gc_urgency 0.919264 current_native_bytes is 164540983
12-21 19:13:45.172  3323  3639 I cccccc  : createTaskSnapshotCompat:
12-21 19:13:45.197  3323  3639 I com.miui.home: CheckGCForNative adj_start_bytes: 33369581 NativeAllocationGcWatermark: 10594764 java_gc_start_bytes: 17477435 kNewNativeDiscountFactor: 2 kOldNativeDiscountFactor: 65536 old_native_bytes: 132377915 new_native_bytes: 42870204 add_bytes_allowed: 31784292 is_gc_concurrent: 1 target_footprint_: 17649255 GetBytesAllocated: 14601643 HeapGrowthMultiplier: 3
12-21 19:13:45.197  3323  3639 I com.miui.home: CheckGCForNative gc_urgency 1.07999 current_native_bytes is 175248119
12-21 19:13:45.198  3323  3639 I com.miui.home: CheckGCForNative requested 1
12-21 19:13:45.387  3323  9407 I com.miui.home: CheckGCForNative adj_start_bytes: 33369581 NativeAllocationGcWatermark: 10594764 java_gc_start_bytes: 17477435 kNewNativeDiscountFactor: 2 kOldNativeDiscountFactor: 65536 old_native_bytes: 132377915 new_native_bytes: 32247436 add_bytes_allowed: 31784292 is_gc_concurrent: 1 target_footprint_: 17649255 GetBytesAllocated: 14846658 HeapGrowthMultiplier: 3
12-21 19:13:45.387  3323  9407 I com.miui.home: CheckGCForNative gc_urgency 0.928163 current_native_bytes is 164625351
12-21 19:13:45.535  3323  3354 I com.miui.home: NativeAlloc concurrent copying GC freed 127135(5456KB) AllocSpace objects, 14(392KB) LOS objects, 50% free, 8867KB/17MB, paused 83us,29us total 337.435ms
12-21 19:13:45.577  3323  3696 D cccccc  : onTaskStackChangedBackground
12-21 19:13:45.578  3323  3696 D cccccc  : onTaskStackChangedBackground
12-21 19:13:45.582  3323  3323 I wm_on_top_resumed_lost_called: [45264680,com.miui.home.launcher.Launcher,topStateChangedWhenResumed]
12-21 19:13:45.716  3323 14112 I com.miui.home: CheckGCForNative gc_urgency 0 current_native_bytes is 130251547
12-21 19:13:45.727  3323  3323 I wm_on_paused_called: [0,45264680,com.miui.home.launcher.Launcher,performPause,4]
12-21 19:13:45.941  3323  3641 I com.miui.home: CheckGCForNative gc_urgency 0 current_native_bytes is 130173547
12-21 19:13:45.993  3323  3696 D cccccc  : onTaskStackChangedBackground
12-21 19:13:45.996  3323 10171 D cccccc  : onTaskStackChangedBackground
12-21 19:13:46.043 14144 14144 I wm_on_paused_called: [0,17285026,com.tencent.mtt.MainActivity,performPause,7]
12-21 19:13:46.144  3323  3689 E cccccc  : createTaskSnapshot:
12-21 19:13:46.144  3323  3689 I cccccc  : getTaskSnapshotInstance:
12-21 19:13:46.147  3323  3689 E cccccc  : createTaskSnapshot:
12-21 19:13:46.147  3323  3689 I cccccc  : getTaskSnapshotInstance:
12-21 19:13:46.149  3323  3689 I com.miui.home: CheckGCForNative adj_start_bytes: 33681307 NativeAllocationGcWatermark: 10658660 java_gc_start_bytes: 17693317 kNewNativeDiscountFactor: 2 kOldNativeDiscountFactor: 65536 old_native_bytes: 130173547 new_native_bytes: 11737572 add_bytes_allowed: 31975980 is_gc_concurrent: 1 target_footprint_: 18160417 GetBytesAllocated: 10289906 HeapGrowthMultiplier: 3
12-21 19:13:46.149  3323  3689 I com.miui.home: CheckGCForNative gc_urgency 0.479811 current_native_bytes is 141911119
12-21 19:13:46.207  3323  3641 I com.miui.home: CheckGCForNative adj_start_bytes: 33681307 NativeAllocationGcWatermark: 10658660 java_gc_start_bytes: 17693317 kNewNativeDiscountFactor: 2 kOldNativeDiscountFactor: 65536 old_native_bytes: 130173547 new_native_bytes: 1039780 add_bytes_allowed: 31975980 is_gc_concurrent: 1 target_footprint_: 18160417 GetBytesAllocated: 10426385 HeapGrowthMultiplier: 3
12-21 19:13:46.207  3323  3641 I com.miui.home: CheckGCForNative gc_urgency 0.325054 current_native_bytes is 131213327
12-21 19:13:46.385  3323  3641 I com.miui.home: CheckGCForNative adj_start_bytes: 33681307 NativeAllocationGcWatermark: 10658660 java_gc_start_bytes: 17693317 kNewNativeDiscountFactor: 2 kOldNativeDiscountFactor: 65536 old_native_bytes: 130173547 new_native_bytes: 1201700 add_bytes_allowed: 31975980 is_gc_concurrent: 1 target_footprint_: 18160417 GetBytesAllocated: 10831543 HeapGrowthMultiplier: 3
12-21 19:13:46.385  3323  3641 I com.miui.home: CheckGCForNative gc_urgency 0.339703 current_native_bytes is 131375247
12-21 19:13:46.499  3323  3689 E cccccc  : createTaskSnapshot:
12-21 19:13:46.499  3323  3689 I cccccc  : getTaskSnapshotInstance:
12-21 19:13:46.777 14513 14513 I wm_on_application_create_called: [0,com.youku.phone,414]
12-21 19:13:46.900 14513 14513 I wm_on_create_called: [0,232567018,com.youku.phone.ActivityWelcome,performCreate,65]
12-21 19:13:47.101  3323  3369 D cccccc  : onTaskStackChangedBackground
12-21 19:13:47.103  3323  3369 D cccccc  : onTaskStackChangedBackground
12-21 19:13:47.156 14421 14421 I wm_on_application_create_called: [0,com.tencent.mm,1310]
12-21 19:13:47.301  3323  3323 I wm_on_resume_called: [0,45264680,com.miui.home.launcher.Launcher,RESUME_ACTIVITY,16]
12-21 19:13:47.322  3323  3323 I wm_on_idle_called: com.miui.home.launcher.Launcher
12-21 19:13:47.370  3323  3689 I com.miui.home: CheckGCForNative adj_start_bytes: 33681307 NativeAllocationGcWatermark: 10658660 java_gc_start_bytes: 17693317 kNewNativeDiscountFactor: 2 kOldNativeDiscountFactor: 65536 old_native_bytes: 130173547 new_native_bytes: 1595256 add_bytes_allowed: 31975980 is_gc_concurrent: 1 target_footprint_: 18160417 GetBytesAllocated: 12437233 HeapGrowthMultiplier: 3
12-21 19:13:47.370  3323  3689 I com.miui.home: CheckGCForNative gc_urgency 0.393003 current_native_bytes is 131768803
12-21 19:13:47.465 14144 14144 I wm_on_stop_called: [0,17285026,com.tencent.mtt.MainActivity,STOP_ACTIVITY_ITEM,536]
12-21 19:13:47.510  3323  3689 E cccccc  : createTaskSnapshot:
12-21 19:13:47.510  3323  3689 I cccccc  : getTaskSnapshotInstance:
12-21 19:13:47.556  3323  9407 I com.miui.home: CheckGCForNative adj_start_bytes: 33681307 NativeAllocationGcWatermark: 10658660 java_gc_start_bytes: 17693317 kNewNativeDiscountFactor: 2 kOldNativeDiscountFactor: 65536 old_native_bytes: 130173547 new_native_bytes: 12471348 add_bytes_allowed: 31975980 is_gc_concurrent: 1 target_footprint_: 18160417 GetBytesAllocated: 13263288 HeapGrowthMultiplier: 3
12-21 19:13:47.556  3323  9407 I com.miui.home: CheckGCForNative gc_urgency 0.578984 current_native_bytes is 142644895
12-21 19:13:47.556  3323  9407 I cccccc  : createTaskSnapshotCompat:
12-21 19:13:47.558  3323  9407 I com.miui.home: CheckGCForNative adj_start_bytes: 33681307 NativeAllocationGcWatermark: 10658660 java_gc_start_bytes: 17693317 kNewNativeDiscountFactor: 2 kOldNativeDiscountFactor: 65536 old_native_bytes: 130173547 new_native_bytes: 23178292 add_bytes_allowed: 31975980 is_gc_concurrent: 1 target_footprint_: 18160417 GetBytesAllocated: 13292554 HeapGrowthMultiplier: 3
12-21 19:13:47.559  3323  9407 I com.miui.home: CheckGCForNative gc_urgency 0.738798 current_native_bytes is 153351839
12-21 19:13:47.598  3323  3323 I wm_on_paused_called: [0,45264680,com.miui.home.launcher.Launcher,performPause,3]
12-21 19:13:47.748  3323  3387 D cccccc  : onTaskStackChangedBackground
12-21 19:13:47.752  3323  9407 D cccccc  : onTaskStackChangedBackground
12-21 19:13:47.753  3323  3323 I wm_on_stop_called: [0,45264680,com.miui.home.launcher.Launcher,STOP_ACTIVITY_ITEM,10]
12-21 19:13:47.863 14590 14590 I wm_on_application_create_called: [0,com.tencent.mtt,399]
12-21 19:13:47.887  3323  3689 E cccccc  : createTaskSnapshot:
12-21 19:13:47.887  3323  3689 I cccccc  : getTaskSnapshotInstance:
12-21 19:13:47.888  3323  3689 I com.miui.home: CheckGCForNative adj_start_bytes: 33681307 NativeAllocationGcWatermark: 10658660 java_gc_start_bytes: 17693317 kNewNativeDiscountFactor: 2 kOldNativeDiscountFactor: 65536 old_native_bytes: 130173547 new_native_bytes: 23411152 add_bytes_allowed: 31975980 is_gc_concurrent: 1 target_footprint_: 18160417 GetBytesAllocated: 14245195 HeapGrowthMultiplier: 3
12-21 19:13:47.888  3323  3689 I com.miui.home: CheckGCForNative gc_urgency 0.770539 current_native_bytes is 153584699
12-21 19:13:47.889  3323  3689 I com.miui.home: CheckGCForNative adj_start_bytes: 33681307 NativeAllocationGcWatermark: 10658660 java_gc_start_bytes: 17693317 kNewNativeDiscountFactor: 2 kOldNativeDiscountFactor: 65536 old_native_bytes: 130173547 new_native_bytes: 34119632 add_bytes_allowed: 31975980 is_gc_concurrent: 1 target_footprint_: 18160417 GetBytesAllocated: 14249917 HeapGrowthMultiplier: 3
12-21 19:13:47.889  3323  3689 I com.miui.home: CheckGCForNative gc_urgency 0.929647 current_native_bytes is 164293179
12-21 19:13:47.928 14144 14144 I wm_on_idle_called: com.tencent.mtt.MainActivity
12-21 19:13:48.136 14513 14513 I wm_on_create_called: [0,66201352,com.youku.v2.HomePageEntry,performCreate,452]
12-21 19:13:48.247 14513 14513 I wm_on_start_called: [0,66201352,com.youku.v2.HomePageEntry,handleStartActivity,110]
12-21 19:13:48.324 14513 14513 I wm_on_resume_called: [0,66201352,com.youku.v2.HomePageEntry,RESUME_ACTIVITY,52]
12-21 19:13:48.544 14513 14513 I wm_on_top_resumed_gained_called: [66201352,com.youku.v2.HomePageEntry,topStateChangedWhenResumed]
12-21 19:13:48.575 14513 14513 I wm_on_top_resumed_lost_called: [66201352,com.youku.v2.HomePageEntry,topStateChangedWhenResumed]
12-21 19:13:48.579 14513 14513 I wm_on_destroy_called: [0,232567018,com.youku.phone.ActivityWelcome,performDestroy,0]
12-21 19:13:48.582 14513 14513 I wm_on_top_resumed_gained_called: [66201352,com.youku.v2.HomePageEntry,topStateChangedWhenResumed]
12-21 19:13:48.870  3323  3323 I wm_on_restart_called: [0,45264680,com.miui.home.launcher.Launcher,,0]
12-21 19:13:48.872  3323  3323 I wm_on_start_called: [0,45264680,com.miui.home.launcher.Launcher,handleStartActivity,2]
12-21 19:13:48.890  3323  3323 I wm_on_resume_called: [0,45264680,com.miui.home.launcher.Launcher,RESUME_ACTIVITY,16]
12-21 19:13:48.906  3323  3589 I com.miui.home: CheckGCForNative adj_start_bytes: 33681307 NativeAllocationGcWatermark: 10658660 java_gc_start_bytes: 17693317 kNewNativeDiscountFactor: 2 kOldNativeDiscountFactor: 65536 old_native_bytes: 130173547 new_native_bytes: 23721868 add_bytes_allowed: 31975980 is_gc_concurrent: 1 target_footprint_: 18160417 GetBytesAllocated: 15769392 HeapGrowthMultiplier: 3
12-21 19:13:48.906  3323  3589 I com.miui.home: CheckGCForNative gc_urgency 0.820405 current_native_bytes is 153895415
12-21 19:13:48.979  3323  3323 I wm_on_idle_called: com.miui.home.launcher.Launcher
12-21 19:13:49.001  3323  3323 I com.miui.home: CheckGCForNative adj_start_bytes: 33681307 NativeAllocationGcWatermark: 10658660 java_gc_start_bytes: 17693317 kNewNativeDiscountFactor: 2 kOldNativeDiscountFactor: 65536 old_native_bytes: 130173547 new_native_bytes: 23838744 add_bytes_allowed: 31975980 is_gc_concurrent: 1 target_footprint_: 18160417 GetBytesAllocated: 16026269 HeapGrowthMultiplier: 3
12-21 19:13:49.001  3323  3323 I com.miui.home: CheckGCForNative gc_urgency 0.829767 current_native_bytes is 154012291
12-21 19:13:49.123  3323  9407 I com.miui.home: CheckGCForNative adj_start_bytes: 33681307 NativeAllocationGcWatermark: 10658660 java_gc_start_bytes: 17693317 kNewNativeDiscountFactor: 2 kOldNativeDiscountFactor: 65536 old_native_bytes: 130173547 new_native_bytes: 34477312 add_bytes_allowed: 31975980 is_gc_concurrent: 1 target_footprint_: 18160417 GetBytesAllocated: 16369436 HeapGrowthMultiplier: 3
12-21 19:13:49.123  3323  9407 I com.miui.home: CheckGCForNative gc_urgency 0.997885 current_native_bytes is 164650859
12-21 19:13:49.123  3323  9407 I cccccc  : createTaskSnapshotCompat:
12-21 19:13:49.124  3323  9407 I com.miui.home: CheckGCForNative adj_start_bytes: 33681307 NativeAllocationGcWatermark: 10658660 java_gc_start_bytes: 17693317 kNewNativeDiscountFactor: 2 kOldNativeDiscountFactor: 65536 old_native_bytes: 130173547 new_native_bytes: 45184256 add_bytes_allowed: 31975980 is_gc_concurrent: 1 target_footprint_: 18160417 GetBytesAllocated: 16369628 HeapGrowthMultiplier: 3
12-21 19:13:49.124  3323  9407 I com.miui.home: CheckGCForNative gc_urgency 1.15684 current_native_bytes is 175357803
12-21 19:13:49.124  3323  9407 I com.miui.home: CheckGCForNative requested 1
12-21 19:13:49.322  3323  3354 I com.miui.home: NativeAlloc concurrent copying GC freed 160962(6937KB) AllocSpace objects, 28(784KB) LOS objects, 49% free, 8604KB/16MB, paused 80us,26us total 197.917ms
12-21 19:13:49.366  3323  3323 I wm_on_top_resumed_gained_called: [45264680,com.miui.home.launcher.Launcher,topStateChangedWhenResumed]
12-21 19:13:49.390  3323  3641 I com.miui.home: CheckGCForNative gc_urgency 0 current_native_bytes is 130361327
12-21 19:13:49.647  3323  3639 I com.miui.home: CheckGCForNative adj_start_bytes: 33160685 NativeAllocationGcWatermark: 10591353 java_gc_start_bytes: 17273656 kNewNativeDiscountFactor: 2 kOldNativeDiscountFactor: 65536 old_native_bytes: 130361327 new_native_bytes: 10694048 add_bytes_allowed: 31774059 is_gc_concurrent: 1 target_footprint_: 17621966 GetBytesAllocated: 9007711 HeapGrowthMultiplier: 3
12-21 19:13:49.647  3323  3639 I com.miui.home: CheckGCForNative gc_urgency 0.432944 current_native_bytes is 141055375
12-21 19:13:49.648  3323  3639 I cccccc  : createTaskSnapshotCompat:
12-21 19:13:49.649  3323  3639 I com.miui.home: CheckGCForNative adj_start_bytes: 33160685 NativeAllocationGcWatermark: 10591353 java_gc_start_bytes: 17273656 kNewNativeDiscountFactor: 2 kOldNativeDiscountFactor: 65536 old_native_bytes: 130361327 new_native_bytes: 21401312 add_bytes_allowed: 31774059 is_gc_concurrent: 1 target_footprint_: 17621966 GetBytesAllocated: 9007903 HeapGrowthMultiplier: 3
12-21 19:13:49.649  3323  3639 I com.miui.home: CheckGCForNative gc_urgency 0.594395 current_native_bytes is 151762639
12-21 19:13:49.988  3323  3323 I wm_on_top_resumed_lost_called: [45264680,com.miui.home.launcher.Launcher,topStateChangedWhenResumed]
12-21 19:13:50.012  3323  3387 D cccccc  : onTaskStackChangedBackground
12-21 19:13:50.014  3323  3367 D cccccc  : onTaskStackChangedBackground
12-21 19:13:50.166  3323  3323 I wm_on_paused_called: [0,45264680,com.miui.home.launcher.Launcher,performPause,3]
12-21 19:13:50.296  3323  8094 D cccccc  : onTaskStackChangedBackground
12-21 19:13:50.298  3323 10171 D cccccc  : onTaskStackChangedBackground
12-21 19:13:50.339 14513 14513 I wm_on_top_resumed_lost_called: [66201352,com.youku.v2.HomePageEntry,topStateChangedWhenResumed]
12-21 19:13:50.421  3323  3689 I com.miui.home: CheckGCForNative adj_start_bytes: 33160685 NativeAllocationGcWatermark: 10591353 java_gc_start_bytes: 17273656 kNewNativeDiscountFactor: 2 kOldNativeDiscountFactor: 65536 old_native_bytes: 130361327 new_native_bytes: 11710224 add_bytes_allowed: 31774059 is_gc_concurrent: 1 target_footprint_: 17621966 GetBytesAllocated: 10216585 HeapGrowthMultiplier: 3
12-21 19:13:50.421  3323  3689 I com.miui.home: CheckGCForNative gc_urgency 0.484721 current_native_bytes is 142071551
12-21 19:13:50.458  3323  3689 I com.miui.home: CheckGCForNative adj_start_bytes: 33160685 NativeAllocationGcWatermark: 10591353 java_gc_start_bytes: 17273656 kNewNativeDiscountFactor: 2 kOldNativeDiscountFactor: 65536 old_native_bytes: 130361327 new_native_bytes: 11749796 add_bytes_allowed: 31774059 is_gc_concurrent: 1 target_footprint_: 17621966 GetBytesAllocated: 10234278 HeapGrowthMultiplier: 3
12-21 19:13:50.458  3323  3689 I com.miui.home: CheckGCForNative gc_urgency 0.485851 current_native_bytes is 142111123
12-21 19:13:50.587  3323  3689 E cccccc  : createTaskSnapshot:
12-21 19:13:50.587  3323  3689 I cccccc  : getTaskSnapshotInstance:
12-21 19:13:50.589  3323  3689 E cccccc  : createTaskSnapshot:
12-21 19:13:50.589  3323  3689 I cccccc  : getTaskSnapshotInstance:
12-21 19:13:50.592  3323  3689 I com.miui.home: CheckGCForNative adj_start_bytes: 33160685 NativeAllocationGcWatermark: 10591353 java_gc_start_bytes: 17273656 kNewNativeDiscountFactor: 2 kOldNativeDiscountFactor: 65536 old_native_bytes: 130361327 new_native_bytes: 22609748 add_bytes_allowed: 31774059 is_gc_concurrent: 1 target_footprint_: 17621966 GetBytesAllocated: 10382517 HeapGrowthMultiplier: 3
12-21 19:13:50.592  3323  3689 I com.miui.home: CheckGCForNative gc_urgency 0.654069 current_native_bytes is 152971075
12-21 19:13:50.770  3323  3689 I com.miui.home: CheckGCForNative adj_start_bytes: 33160685 NativeAllocationGcWatermark: 10591353 java_gc_start_bytes: 17273656 kNewNativeDiscountFactor: 2 kOldNativeDiscountFactor: 65536 old_native_bytes: 130361327 new_native_bytes: 12102792 add_bytes_allowed: 31774059 is_gc_concurrent: 1 target_footprint_: 17621966 GetBytesAllocated: 10979992 HeapGrowthMultiplier: 3
12-21 19:13:50.771  3323  3689 I com.miui.home: CheckGCForNative gc_urgency 0.513662 current_native_bytes is 142464119
12-21 19:13:50.801  3323  3689 E cccccc  : createTaskSnapshot:
12-21 19:13:50.801  3323  3689 I cccccc  : getTaskSnapshotInstance:
12-21 19:13:50.977 15346 15346 I wm_on_create_called: [0,23674345,com.ucpro.MainActivity,performCreate,76]
12-21 19:13:51.152  3323  3387 D cccccc  : onTaskStackChangedBackground
12-21 19:13:51.172  3323  3387 D cccccc  : onTaskStackChangedBackground
12-21 19:13:51.338  3323  3689 I com.miui.home: CheckGCForNative adj_start_bytes: 33160685 NativeAllocationGcWatermark: 10591353 java_gc_start_bytes: 17273656 kNewNativeDiscountFactor: 2 kOldNativeDiscountFactor: 65536 old_native_bytes: 130361327 new_native_bytes: 11908936 add_bytes_allowed: 31774059 is_gc_concurrent: 1 target_footprint_: 17621966 GetBytesAllocated: 11559189 HeapGrowthMultiplier: 3
12-21 19:13:51.338  3323  3689 I com.miui.home: CheckGCForNative gc_urgency 0.528205 current_native_bytes is 142270263
12-21 19:13:51.446  3323  3689 E cccccc  : createTaskSnapshot:
12-21 19:13:51.446  3323  3689 I cccccc  : getTaskSnapshotInstance:
12-21 19:13:51.507 15346 15346 I wm_on_create_called: [0,110304599,com.ucpro.BrowserActivity,performCreate,416]
12-21 19:13:51.511 15346 15346 I wm_on_start_called: [0,110304599,com.ucpro.BrowserActivity,handleStartActivity,4]
12-21 19:13:51.518 15346 15346 I wm_on_resume_called: [0,110304599,com.ucpro.BrowserActivity,RESUME_ACTIVITY,6]
12-21 19:13:51.544 15346 15346 I wm_on_top_resumed_gained_called: [110304599,com.ucpro.BrowserActivity,topStateChangedWhenResumed]
12-21 19:13:51.581  3323  3689 I com.miui.home: CheckGCForNative adj_start_bytes: 33160685 NativeAllocationGcWatermark: 10591353 java_gc_start_bytes: 17273656 kNewNativeDiscountFactor: 2 kOldNativeDiscountFactor: 65536 old_native_bytes: 130361327 new_native_bytes: 12272912 add_bytes_allowed: 31774059 is_gc_concurrent: 1 target_footprint_: 17621966 GetBytesAllocated: 12405543 HeapGrowthMultiplier: 3
12-21 19:13:51.582  3323  3689 I com.miui.home: CheckGCForNative gc_urgency 0.559216 current_native_bytes is 142634239
12-21 19:13:51.605  3323  3689 E cccccc  : createTaskSnapshot:
12-21 19:13:51.605  3323  3689 I cccccc  : getTaskSnapshotInstance:
12-21 19:13:51.925  3323  3323 I wm_on_stop_called: [0,45264680,com.miui.home.launcher.Launcher,STOP_ACTIVITY_ITEM,7]
12-21 19:13:52.128  3323  3323 I wm_on_restart_called: [0,45264680,com.miui.home.launcher.Launcher,,0]
12-21 19:13:52.130  3323  3323 I wm_on_start_called: [0,45264680,com.miui.home.launcher.Launcher,handleStartActivity,2]
12-21 19:13:52.148  3323  3323 I wm_on_resume_called: [0,45264680,com.miui.home.launcher.Launcher,RESUME_ACTIVITY,16]
12-21 19:13:52.252  3323  3323 I wm_on_idle_called: com.miui.home.launcher.Launcher
12-21 19:13:52.402  3323  3387 I com.miui.home: CheckGCForNative adj_start_bytes: 33160685 NativeAllocationGcWatermark: 10591353 java_gc_start_bytes: 17273656 kNewNativeDiscountFactor: 2 kOldNativeDiscountFactor: 65536 old_native_bytes: 130361327 new_native_bytes: 23362036 add_bytes_allowed: 31774059 is_gc_concurrent: 1 target_footprint_: 17621966 GetBytesAllocated: 14131318 HeapGrowthMultiplier: 3
12-21 19:13:52.402  3323  3387 I com.miui.home: CheckGCForNative gc_urgency 0.778462 current_native_bytes is 153723363
12-21 19:13:52.402  3323  3387 I cccccc  : createTaskSnapshotCompat:
12-21 19:13:52.403  3323  3387 I com.miui.home: CheckGCForNative adj_start_bytes: 33160685 NativeAllocationGcWatermark: 10591353 java_gc_start_bytes: 17273656 kNewNativeDiscountFactor: 2 kOldNativeDiscountFactor: 65536 old_native_bytes: 130361327 new_native_bytes: 34069012 add_bytes_allowed: 31774059 is_gc_concurrent: 1 target_footprint_: 17621966 GetBytesAllocated: 14133888 HeapGrowthMultiplier: 3
12-21 19:13:52.403  3323  3387 I com.miui.home: CheckGCForNative gc_urgency 0.93998 current_native_bytes is 164430339
12-21 19:13:52.479  3323  3641 I com.miui.home: CheckGCForNative adj_start_bytes: 33160685 NativeAllocationGcWatermark: 10591353 java_gc_start_bytes: 17273656 kNewNativeDiscountFactor: 2 kOldNativeDiscountFactor: 65536 old_native_bytes: 130361327 new_native_bytes: 23475716 add_bytes_allowed: 31774059 is_gc_concurrent: 1 target_footprint_: 17621966 GetBytesAllocated: 14210160 HeapGrowthMultiplier: 3
12-21 19:13:52.479  3323  3641 I com.miui.home: CheckGCForNative gc_urgency 0.782553 current_native_bytes is 153837043
12-21 19:13:52.519 15346 15346 I wm_on_destroy_called: [0,23674345,com.ucpro.MainActivity,performDestroy,2]
12-21 19:13:52.610  3323  3323 I wm_on_top_resumed_gained_called: [45264680,com.miui.home.launcher.Launcher,topStateChangedWhenResumed]
12-21 19:13:52.744 15346 15346 I wm_on_top_resumed_lost_called: [110304599,com.ucpro.BrowserActivity,topStateChangedWhenResumed]
