12-21 14:36:04.465  3304  3690 E cccccc  : createTaskSnapshot:
12-21 14:36:04.466  3304  3690 I cccccc  : getTaskSnapshotInstance:
12-21 14:36:04.485  3304  4011 I com.miui.home: CheckGCForNative adj_start_bytes: 33616068 NativeAllocationGcWatermark: 10638869 java_gc_start_bytes: 17657765 kNewNativeDiscountFactor: 2 kOldNativeDiscountFactor: 65536 old_native_bytes: 141315839 new_native_bytes: 10827612 add_bytes_allowed: 31916607 is_gc_concurrent: 1 target_footprint_: 18002091 GetBytesAllocated: 11615660 HeapGrowthMultiplier: 3
12-21 14:36:04.485  3304  4011 I com.miui.home: CheckGCForNative gc_urgency 0.506651 current_native_bytes is 152143451
12-21 14:36:04.486  3304  4011 I cccccc  : createTaskSnapshotCompat:
12-21 14:36:04.486  3304  4011 I com.miui.home: CheckGCForNative adj_start_bytes: 33616068 NativeAllocationGcWatermark: 10638869 java_gc_start_bytes: 17657765 kNewNativeDiscountFactor: 2 kOldNativeDiscountFactor: 65536 old_native_bytes: 141315839 new_native_bytes: 21534556 add_bytes_allowed: 31916607 is_gc_concurrent: 1 target_footprint_: 18002091 GetBytesAllocated: 11626032 HeapGrowthMultiplier: 3
12-21 14:36:04.486  3304  4011 I com.miui.home: CheckGCForNative gc_urgency 0.666213 current_native_bytes is 162850395
12-21 14:36:04.495  3304  3690 I com.miui.home: CheckGCForNative adj_start_bytes: 33616068 NativeAllocationGcWatermark: 10638869 java_gc_start_bytes: 17657765 kNewNativeDiscountFactor: 2 kOldNativeDiscountFactor: 65536 old_native_bytes: 141315839 new_native_bytes: 21535868 add_bytes_allowed: 31916607 is_gc_concurrent: 1 target_footprint_: 18002091 GetBytesAllocated: 11692649 HeapGrowthMultiplier: 3
12-21 14:36:04.495  3304  3690 I com.miui.home: CheckGCForNative gc_urgency 0.668214 current_native_bytes is 162851707
12-21 14:36:04.566  3304  9778 I cccccc  : getTaskSnapshot:
12-21 14:36:04.566  3304  9778 I com.miui.home: CheckGCForNative adj_start_bytes: 33616068 NativeAllocationGcWatermark: 10638869 java_gc_start_bytes: 17657765 kNewNativeDiscountFactor: 2 kOldNativeDiscountFactor: 65536 old_native_bytes: 141315839 new_native_bytes: 21624988 add_bytes_allowed: 31916607 is_gc_concurrent: 1 target_footprint_: 18002091 GetBytesAllocated: 11876030 HeapGrowthMultiplier: 3
12-21 14:36:04.566  3304  9778 I com.miui.home: CheckGCForNative gc_urgency 0.674995 current_native_bytes is 162940827
12-21 14:36:04.567  3304  3304 I cccccc  : createTaskSnapshotCompat:
12-21 14:36:04.710  3304  3640 I com.miui.home: CheckGCForNative adj_start_bytes: 33616068 NativeAllocationGcWatermark: 10638869 java_gc_start_bytes: 17657765 kNewNativeDiscountFactor: 2 kOldNativeDiscountFactor: 65536 old_native_bytes: 141315839 new_native_bytes: 10929308 add_bytes_allowed: 31916607 is_gc_concurrent: 1 target_footprint_: 18002091 GetBytesAllocated: 11934940 HeapGrowthMultiplier: 3
12-21 14:36:04.710  3304  3640 I com.miui.home: CheckGCForNative gc_urgency 0.517662 current_native_bytes is 152245147
12-21 14:36:04.713  3304  3304 I wm_on_top_resumed_gained_called: [199558814,com.miui.home.launcher.Launcher,topStateChangedWhenResumed]
12-21 14:36:05.032  3304  3639 I cccccc  : createTaskSnapshotCompat:
12-21 14:36:05.183  3304 11707 I com.miui.home: CheckGCForNative adj_start_bytes: 33616068 NativeAllocationGcWatermark: 10638869 java_gc_start_bytes: 17657765 kNewNativeDiscountFactor: 2 kOldNativeDiscountFactor: 65536 old_native_bytes: 141315839 new_native_bytes: 10660724 add_bytes_allowed: 31916607 is_gc_concurrent: 1 target_footprint_: 18002091 GetBytesAllocated: 12209611 HeapGrowthMultiplier: 3
12-21 14:36:05.183  3304 11707 I com.miui.home: CheckGCForNative gc_urgency 0.521838 current_native_bytes is 151976563
12-21 14:36:05.194  3304 11707 I com.miui.home: CheckGCForNative adj_start_bytes: 33616068 NativeAllocationGcWatermark: 10638869 java_gc_start_bytes: 17657765 kNewNativeDiscountFactor: 2 kOldNativeDiscountFactor: 65536 old_native_bytes: 141315839 new_native_bytes: 10702068 add_bytes_allowed: 31916607 is_gc_concurrent: 1 target_footprint_: 18002091 GetBytesAllocated: 12212943 HeapGrowthMultiplier: 3
12-21 14:36:05.194  3304 11707 I com.miui.home: CheckGCForNative gc_urgency 0.522552 current_native_bytes is 152017907
12-21 14:36:05.627 14427 14427 I wm_on_top_resumed_lost_called: [223903538,com.youku.v2.HomePageEntry,topStateChangedWhenResumed]
12-21 14:36:05.628  3304  8858 D cccccc  : onTaskStackChangedBackground
12-21 14:36:05.634  3304  8858 D cccccc  : onTaskStackChangedBackground
12-21 14:36:05.845  3304  3690 E cccccc  : createTaskSnapshot:
12-21 14:36:05.845  3304  3690 I cccccc  : getTaskSnapshotInstance:
12-21 14:36:05.846  3304  3690 I com.miui.home: CheckGCForNative adj_start_bytes: 33616068 NativeAllocationGcWatermark: 10638869 java_gc_start_bytes: 17657765 kNewNativeDiscountFactor: 2 kOldNativeDiscountFactor: 65536 old_native_bytes: 141315839 new_native_bytes: 21823512 add_bytes_allowed: 31916607 is_gc_concurrent: 1 target_footprint_: 18002091 GetBytesAllocated: 13057033 HeapGrowthMultiplier: 3
12-21 14:36:05.846  3304  3690 I com.miui.home: CheckGCForNative gc_urgency 0.71308 current_native_bytes is 163139351
12-21 14:36:05.879 14427 14427 I wm_on_paused_called: [0,223903538,com.youku.v2.HomePageEntry,performPause,43]
12-21 14:36:05.918  3304  3304 I wm_on_top_resumed_lost_called: [199558814,com.miui.home.launcher.Launcher,topStateChangedWhenResumed]
12-21 14:36:05.927  3304  3304 I wm_on_paused_called: [0,199558814,com.miui.home.launcher.Launcher,performPause,3]
12-21 14:36:06.010  3304 14794 D cccccc  : onTaskStackChangedBackground
12-21 14:36:06.015  3304 14794 D cccccc  : onTaskStackChangedBackground
12-21 14:36:06.039  3304  4011 D cccccc  : onTaskStackChangedBackground
12-21 14:36:06.059  3304  9778 D cccccc  : onTaskStackChangedBackground
12-21 14:36:06.095  3304  3690 I com.miui.home: CheckGCForNative adj_start_bytes: 33616068 NativeAllocationGcWatermark: 10638869 java_gc_start_bytes: 17657765 kNewNativeDiscountFactor: 2 kOldNativeDiscountFactor: 65536 old_native_bytes: 141315839 new_native_bytes: 11054928 add_bytes_allowed: 31916607 is_gc_concurrent: 1 target_footprint_: 18002091 GetBytesAllocated: 13766283 HeapGrowthMultiplier: 3
12-21 14:36:06.095  3304  3690 I com.miui.home: CheckGCForNative gc_urgency 0.574008 current_native_bytes is 152370767
12-21 14:36:06.213  3304  3690 E cccccc  : createTaskSnapshot:
12-21 14:36:06.213  3304  3690 I cccccc  : getTaskSnapshotInstance:
12-21 14:36:06.338 14954 14954 I wm_on_application_create_called: [0,com.xiaomi.bluetooth,582]
12-21 14:36:06.414  3304  3640 I com.miui.home: CheckGCForNative adj_start_bytes: 33616068 NativeAllocationGcWatermark: 10638869 java_gc_start_bytes: 17657765 kNewNativeDiscountFactor: 2 kOldNativeDiscountFactor: 65536 old_native_bytes: 141315839 new_native_bytes: 11595916 add_bytes_allowed: 31916607 is_gc_concurrent: 1 target_footprint_: 18002091 GetBytesAllocated: 14502111 HeapGrowthMultiplier: 3
12-21 14:36:06.414  3304  3640 I com.miui.home: CheckGCForNative gc_urgency 0.603944 current_native_bytes is 152911755
12-21 14:36:06.447  3304  3640 I com.miui.home: CheckGCForNative adj_start_bytes: 33616068 NativeAllocationGcWatermark: 10638869 java_gc_start_bytes: 17657765 kNewNativeDiscountFactor: 2 kOldNativeDiscountFactor: 65536 old_native_bytes: 141315839 new_native_bytes: 11628108 add_bytes_allowed: 31916607 is_gc_concurrent: 1 target_footprint_: 18002091 GetBytesAllocated: 14564172 HeapGrowthMultiplier: 3
12-21 14:36:06.447  3304  3640 I com.miui.home: CheckGCForNative gc_urgency 0.606269 current_native_bytes is 152943947
12-21 14:36:06.584  3304  3690 E cccccc  : createTaskSnapshot:
12-21 14:36:06.584  3304  3690 I cccccc  : getTaskSnapshotInstance:
12-21 14:36:06.737  3304  3640 I com.miui.home: CheckGCForNative adj_start_bytes: 33616068 NativeAllocationGcWatermark: 10638869 java_gc_start_bytes: 17657765 kNewNativeDiscountFactor: 2 kOldNativeDiscountFactor: 65536 old_native_bytes: 141315839 new_native_bytes: 11595840 add_bytes_allowed: 31916607 is_gc_concurrent: 1 target_footprint_: 18002091 GetBytesAllocated: 15035175 HeapGrowthMultiplier: 3
12-21 14:36:06.737  3304  3640 I com.miui.home: CheckGCForNative gc_urgency 0.6198 current_native_bytes is 152911679
12-21 14:36:06.855 15043 15043 I wm_on_create_called: [0,229757985,com.ucpro.MainActivity,performCreate,89]
12-21 14:36:06.993  3304  9778 D cccccc  : onTaskStackChangedBackground
12-21 14:36:06.997  3304  9778 D cccccc  : onTaskStackChangedBackground
12-21 14:36:07.277  3304  3690 E cccccc  : createTaskSnapshot:
12-21 14:36:07.277  3304  3690 I cccccc  : getTaskSnapshotInstance:
12-21 14:36:07.314 15043 15043 I wm_on_create_called: [0,170494064,com.ucpro.BrowserActivity,performCreate,371]
12-21 14:36:07.319 15043 15043 I wm_on_start_called: [0,170494064,com.ucpro.BrowserActivity,handleStartActivity,4]
12-21 14:36:07.327 15043 15043 I wm_on_resume_called: [0,170494064,com.ucpro.BrowserActivity,RESUME_ACTIVITY,7]
12-21 14:36:07.359 15043 15043 I wm_on_top_resumed_gained_called: [170494064,com.ucpro.BrowserActivity,topStateChangedWhenResumed]
12-21 14:36:07.654  3304  3304 I wm_on_resume_called: [0,199558814,com.miui.home.launcher.Launcher,RESUME_ACTIVITY,16]
12-21 14:36:07.676  3304  3304 I wm_on_idle_called: com.miui.home.launcher.Launcher
12-21 14:36:07.825  3304  3690 E cccccc  : createTaskSnapshot:
12-21 14:36:07.825  3304  3690 I cccccc  : getTaskSnapshotInstance:
12-21 14:36:07.899  3304  8858 I com.miui.home: CheckGCForNative adj_start_bytes: 33616068 NativeAllocationGcWatermark: 10638869 java_gc_start_bytes: 17657765 kNewNativeDiscountFactor: 2 kOldNativeDiscountFactor: 65536 old_native_bytes: 141315839 new_native_bytes: 22779796 add_bytes_allowed: 31916607 is_gc_concurrent: 1 target_footprint_: 18002091 GetBytesAllocated: 17256079 HeapGrowthMultiplier: 3
12-21 14:36:07.899  3304  8858 I com.miui.home: CheckGCForNative gc_urgency 0.852215 current_native_bytes is 164095635
12-21 14:36:07.899  3304  8858 I cccccc  : createTaskSnapshotCompat:
12-21 14:36:07.900  3304  8858 I com.miui.home: CheckGCForNative adj_start_bytes: 33616068 NativeAllocationGcWatermark: 10638869 java_gc_start_bytes: 17657765 kNewNativeDiscountFactor: 2 kOldNativeDiscountFactor: 65536 old_native_bytes: 141315839 new_native_bytes: 33486740 add_bytes_allowed: 31916607 is_gc_concurrent: 1 target_footprint_: 18002091 GetBytesAllocated: 17263385 HeapGrowthMultiplier: 3
12-21 14:36:07.900  3304  8858 I com.miui.home: CheckGCForNative gc_urgency 1.01169 current_native_bytes is 174802579
12-21 14:36:07.900  3304  8858 I com.miui.home: CheckGCForNative requested 1
12-21 14:36:07.902  3304  3690 I com.miui.home: CheckGCForNative adj_start_bytes: 33616068 NativeAllocationGcWatermark: 10638869 java_gc_start_bytes: 17657765 kNewNativeDiscountFactor: 2 kOldNativeDiscountFactor: 65536 old_native_bytes: 141315839 new_native_bytes: 33487220 add_bytes_allowed: 31916607 is_gc_concurrent: 1 target_footprint_: 18002091 GetBytesAllocated: 17263385 HeapGrowthMultiplier: 3
12-21 14:36:07.902  3304  3690 I com.miui.home: CheckGCForNative gc_urgency 1.01169 current_native_bytes is 174803059
12-21 14:36:07.902  3304  3690 I com.miui.home: CheckGCForNative requested 1
12-21 14:36:07.951  3304  3640 I com.miui.home: CheckGCForNative adj_start_bytes: 33616068 NativeAllocationGcWatermark: 10638869 java_gc_start_bytes: 17657765 kNewNativeDiscountFactor: 2 kOldNativeDiscountFactor: 65536 old_native_bytes: 141315839 new_native_bytes: 22927156 add_bytes_allowed: 31916607 is_gc_concurrent: 1 target_footprint_: 18002091 GetBytesAllocated: 17311765 HeapGrowthMultiplier: 3
12-21 14:36:07.951  3304  3640 I com.miui.home: CheckGCForNative gc_urgency 0.856064 current_native_bytes is 164242995
12-21 14:36:08.088  3304  9778 I cccccc  : getTaskSnapshot:
12-21 14:36:08.092  3304  9778 I com.miui.home: CheckGCForNative adj_start_bytes: 33616068 NativeAllocationGcWatermark: 10638869 java_gc_start_bytes: 17657765 kNewNativeDiscountFactor: 2 kOldNativeDiscountFactor: 65536 old_native_bytes: 141315839 new_native_bytes: 33654196 add_bytes_allowed: 31916607 is_gc_concurrent: 1 target_footprint_: 18002091 GetBytesAllocated: 17437594 HeapGrowthMultiplier: 3
12-21 14:36:08.094  3304  9778 I com.miui.home: CheckGCForNative gc_urgency 1.01936 current_native_bytes is 174970035
12-21 14:36:08.094  3304  9778 I com.miui.home: CheckGCForNative requested 1
12-21 14:36:08.095  3304  3304 I cccccc  : createTaskSnapshotCompat:
12-21 14:36:08.119  3304  3304 I wm_on_top_resumed_gained_called: [199558814,com.miui.home.launcher.Launcher,topStateChangedWhenResumed]
12-21 14:36:08.255  3304  3367 I com.miui.home: NativeAlloc concurrent copying GC freed 171612(7590KB) AllocSpace objects, 26(680KB) LOS objects, 49% free, 8933KB/17MB, paused 218us,80us total 350.463ms
12-21 14:36:08.307  3304  3640 I com.miui.home: CheckGCForNative gc_urgency 0 current_native_bytes is 119618643
12-21 14:36:08.503  3304  3639 I cccccc  : createTaskSnapshotCompat:
12-21 14:36:08.511  3304  8858 D cccccc  : onTaskStackChangedBackground
12-21 14:36:08.652 15043 15043 I wm_on_top_resumed_lost_called: [170494064,com.ucpro.BrowserActivity,topStateChangedWhenResumed]
12-21 14:36:09.087  3304  3690 E cccccc  : createTaskSnapshot:
12-21 14:36:09.087  3304  3690 I cccccc  : getTaskSnapshotInstance:
12-21 14:36:09.088  3304  3690 I com.miui.home: CheckGCForNative adj_start_bytes: 33956237 NativeAllocationGcWatermark: 10675685 java_gc_start_bytes: 17942710 kNewNativeDiscountFactor: 2 kOldNativeDiscountFactor: 65536 old_native_bytes: 119618643 new_native_bytes: 10813168 add_bytes_allowed: 32027055 is_gc_concurrent: 1 target_footprint_: 18296623 GetBytesAllocated: 10556026 HeapGrowthMultiplier: 3
12-21 14:36:09.088  3304  3690 I com.miui.home: CheckGCForNative gc_urgency 0.470147 current_native_bytes is 130431811
12-21 14:36:09.093  3304 10222 D cccccc  : onTaskStackChangedBackground
12-21 14:36:09.095  3304 10222 D cccccc  : onTaskStackChangedBackground
12-21 14:36:09.217  3304  3690 I com.miui.home: CheckGCForNative adj_start_bytes: 33956237 NativeAllocationGcWatermark: 10675685 java_gc_start_bytes: 17942710 kNewNativeDiscountFactor: 2 kOldNativeDiscountFactor: 65536 old_native_bytes: 119618643 new_native_bytes: 458884 add_bytes_allowed: 32027055 is_gc_concurrent: 1 target_footprint_: 18296623 GetBytesAllocated: 11088302 HeapGrowthMultiplier: 3
12-21 14:36:09.217  3304  3690 I com.miui.home: CheckGCForNative gc_urgency 0.333358 current_native_bytes is 120077527
12-21 14:36:09.385  3304  3690 I com.miui.home: CheckGCForNative adj_start_bytes: 33956237 NativeAllocationGcWatermark: 10675685 java_gc_start_bytes: 17942710 kNewNativeDiscountFactor: 2 kOldNativeDiscountFactor: 65536 old_native_bytes: 119618643 new_native_bytes: 624568 add_bytes_allowed: 32027055 is_gc_concurrent: 1 target_footprint_: 18296623 GetBytesAllocated: 11783305 HeapGrowthMultiplier: 3
12-21 14:36:09.385  3304  3690 I com.miui.home: CheckGCForNative gc_urgency 0.356265 current_native_bytes is 120243211
12-21 14:36:09.555 15043 15043 I wm_on_paused_called: [0,170494064,com.ucpro.BrowserActivity,performPause,44]
12-21 14:36:09.610 15043 15043 I wm_on_destroy_called: [0,229757985,com.ucpro.MainActivity,performDestroy,7]
12-21 14:36:10.233 15043 15043 I wm_on_stop_called: [0,170494064,com.ucpro.BrowserActivity,STOP_ACTIVITY_ITEM,42]