12-20 19:57:08.790  3314  3843 I com.miui.home: CheckGCForNative adj_start_bytes: 46820638 NativeAllocationGcWatermark: 12047767 java_gc_start_bytes: 28748988 kNewNativeDiscountFactor: 2 kOldNativeDiscountFactor: 65536 old_native_bytes: 90804651 new_native_bytes: 509724 add_bytes_allowed: 36143301 is_gc_concurrent: 1 target_footprint_: 29273276 GetBytesAllocated: 23767188 HeapGrowthMultiplier: 3
12-20 19:57:08.790  3314  3843 I com.miui.home: CheckGCForNative gc_urgency 0.513095 current_native_bytes is 91314375
12-20 19:57:09.051  3314  3314 I wm_on_resume_called: [0,262322408,com.miui.home.launcher.Launcher,RESUME_ACTIVITY,38]
12-20 19:57:09.076  3314  3314 I wm_on_idle_called: com.miui.home.launcher.Launcher
12-20 19:57:09.189  3314  3983 I com.miui.home: CheckGCForNative adj_start_bytes: 46820638 NativeAllocationGcWatermark: 12047767 java_gc_start_bytes: 28748988 kNewNativeDiscountFactor: 2 kOldNativeDiscountFactor: 65536 old_native_bytes: 90804651 new_native_bytes: 787624 add_bytes_allowed: 36143301 is_gc_concurrent: 1 target_footprint_: 29273276 GetBytesAllocated: 25846974 HeapGrowthMultiplier: 3
12-20 19:57:09.189  3314  3983 I com.miui.home: CheckGCForNative gc_urgency 0.560483 current_native_bytes is 91592275
12-20 19:57:09.321  9315  9315 I wm_on_idle_called: com.eg.android.AlipayGphone.AlipayLogin
12-20 19:57:09.369  3314  3314 I wm_on_top_resumed_gained_called: [262322408,com.miui.home.launcher.Launcher,topStateChangedWhenResumed]
12-20 19:57:09.465  3314  3843 I com.miui.home: CheckGCForNative adj_start_bytes: 46820638 NativeAllocationGcWatermark: 12047767 java_gc_start_bytes: 28748988 kNewNativeDiscountFactor: 2 kOldNativeDiscountFactor: 65536 old_native_bytes: 90804651 new_native_bytes: 1225044 add_bytes_allowed: 36143301 is_gc_concurrent: 1 target_footprint_: 29273276 GetBytesAllocated: 26830092 HeapGrowthMultiplier: 3
12-20 19:57:09.465  3314  3843 I com.miui.home: CheckGCForNative gc_urgency 0.586152 current_native_bytes is 92029695
12-20 19:57:09.542  3314  3843 I com.miui.home: CheckGCForNative adj_start_bytes: 46820638 NativeAllocationGcWatermark: 12047767 java_gc_start_bytes: 28748988 kNewNativeDiscountFactor: 2 kOldNativeDiscountFactor: 65536 old_native_bytes: 90804651 new_native_bytes: 1252420 add_bytes_allowed: 36143301 is_gc_concurrent: 1 target_footprint_: 29273276 GetBytesAllocated: 26962641 HeapGrowthMultiplier: 3
12-20 19:57:09.543  3314  3843 I com.miui.home: CheckGCForNative gc_urgency 0.589275 current_native_bytes is 92057071
12-20 19:57:09.605 10354 10354 I wm_on_create_called: [0,14191359,com.tencent.qqlive.ona.activity.SplashHomeActivity,performCreate,1046]
12-20 19:57:09.778  8480  8480 I wm_on_paused_called: [0,194287569,fm.qingting.qtradio.WelcomeActivity,performPause,3]
12-20 19:57:09.842  3314  3843 I com.miui.home: CheckGCForNative adj_start_bytes: 46820638 NativeAllocationGcWatermark: 12047767 java_gc_start_bytes: 28748988 kNewNativeDiscountFactor: 2 kOldNativeDiscountFactor: 65536 old_native_bytes: 90804651 new_native_bytes: 1344196 add_bytes_allowed: 36143301 is_gc_concurrent: 1 target_footprint_: 29273276 GetBytesAllocated: 27652565 HeapGrowthMultiplier: 3
12-20 19:57:09.843  3314  3843 I com.miui.home: CheckGCForNative gc_urgency 0.604991 current_native_bytes is 92148847
12-20 19:57:09.852  8480  8480 I wm_on_stop_called: [0,194287569,fm.qingting.qtradio.WelcomeActivity,STOP_ACTIVITY_ITEM,11]
12-20 19:57:10.363  3314  3983 I com.miui.home: CheckGCForNative gc_urgency 0 current_native_bytes is 91903539
12-20 19:57:10.416  3314  3314 I wm_on_top_resumed_lost_called: [262322408,com.miui.home.launcher.Launcher,topStateChangedWhenResumed]
12-20 19:57:10.417  8480  8480 I wm_on_idle_called: fm.qingting.qtradio.WelcomeActivity
12-20 19:57:10.451  3314  3355 D cccccc  : onTaskStackChangedBackground
12-20 19:57:10.451  3314  3355 D cccccc  : onTaskStackChangedBackground
12-20 19:57:10.494  3314  3314 I wm_on_paused_called: [0,262322408,com.miui.home.launcher.Launcher,performPause,4]
12-20 19:57:10.606 10650 10650 I wm_on_application_create_called: [0,com.tencent.qqlive,211]
12-20 19:57:10.753  3314  3751 I com.miui.home: CheckGCForNative gc_urgency 0 current_native_bytes is 90599187
12-20 19:57:10.843  3314  3843 I com.miui.home: CheckGCForNative adj_start_bytes: 46902677 NativeAllocationGcWatermark: 12047767 java_gc_start_bytes: 28831027 kNewNativeDiscountFactor: 2 kOldNativeDiscountFactor: 65536 old_native_bytes: 90599187 new_native_bytes: 112296 add_bytes_allowed: 36143301 is_gc_concurrent: 1 target_footprint_: 29273276 GetBytesAllocated: 16013982 HeapGrowthMultiplier: 3
12-20 19:57:10.843  3314  3843 I com.miui.home: CheckGCForNative gc_urgency 0.342657 current_native_bytes is 90711483
12-20 19:57:10.898  3314  3376 D cccccc  : onTaskStackChangedBackground
12-20 19:57:10.899  3314 10309 D cccccc  : onTaskStackChangedBackground
12-20 19:57:11.031  3314  3843 I com.miui.home: CheckGCForNative adj_start_bytes: 46902677 NativeAllocationGcWatermark: 12047767 java_gc_start_bytes: 28831027 kNewNativeDiscountFactor: 2 kOldNativeDiscountFactor: 65536 old_native_bytes: 90599187 new_native_bytes: 128440 add_bytes_allowed: 36143301 is_gc_concurrent: 1 target_footprint_: 29273276 GetBytesAllocated: 16170269 HeapGrowthMultiplier: 3
12-20 19:57:11.031  3314  3843 I com.miui.home: CheckGCForNative gc_urgency 0.346161 current_native_bytes is 90727627
12-20 19:57:11.690  3314  3843 I com.miui.home: CheckGCForNative adj_start_bytes: 46902677 NativeAllocationGcWatermark: 12047767 java_gc_start_bytes: 28831027 kNewNativeDiscountFactor: 2 kOldNativeDiscountFactor: 65536 old_native_bytes: 90599187 new_native_bytes: 713132 add_bytes_allowed: 36143301 is_gc_concurrent: 1 target_footprint_: 29273276 GetBytesAllocated: 17076253 HeapGrowthMultiplier: 3
12-20 19:57:11.690  3314  3843 I com.miui.home: CheckGCForNative gc_urgency 0.37171 current_native_bytes is 91312319
12-20 19:57:11.725 10847 10847 I wm_on_application_create_called: [0,com.smile.gifmaker,3107]
12-20 19:57:11.773 11434 11434 I wm_on_create_called: [0,162549769,com.xunmeng.pinduoduo.ui.activity.MainFrameActivity,performCreate,159]
12-20 19:57:11.824  3314  3314 I wm_on_stop_called: [0,262322408,com.miui.home.launcher.Launcher,STOP_ACTIVITY_ITEM,27]
12-20 19:57:12.005  3314  3648 I com.miui.home: CheckGCForNative adj_start_bytes: 46902677 NativeAllocationGcWatermark: 12047767 java_gc_start_bytes: 28831027 kNewNativeDiscountFactor: 2 kOldNativeDiscountFactor: 65536 old_native_bytes: 90599187 new_native_bytes: 825128 add_bytes_allowed: 36143301 is_gc_concurrent: 1 target_footprint_: 29273276 GetBytesAllocated: 19224576 HeapGrowthMultiplier: 3
12-20 19:57:12.005  3314  3648 I com.miui.home: CheckGCForNative gc_urgency 0.418708 current_native_bytes is 91424315
12-20 19:57:12.030  3314  3314 I wm_on_restart_called: [0,262322408,com.miui.home.launcher.Launcher,,0]
12-20 19:57:12.033  3314  3314 I wm_on_start_called: [0,262322408,com.miui.home.launcher.Launcher,handleStartActivity,3]
12-20 19:57:12.055  3314  3314 I wm_on_resume_called: [0,262322408,com.miui.home.launcher.Launcher,RESUME_ACTIVITY,20]
12-20 19:57:12.111  3314  3376 D cccccc  : onTaskStackChangedBackground
12-20 19:57:12.161  3314 10309 D cccccc  : onTaskStackChangedBackground
12-20 19:57:12.227  3314  3314 I wm_on_idle_called: com.miui.home.launcher.Launcher
12-20 19:57:12.324 11434 11434 I wm_on_create_called: [0,64145862,com.xunmeng.pinduoduo.ui.activity.HomeActivity,performCreate,256]
12-20 19:57:12.361 11434 11434 I wm_on_start_called: [0,64145862,com.xunmeng.pinduoduo.ui.activity.HomeActivity,handleStartActivity,37]
12-20 19:57:12.383 11434 11434 I wm_on_resume_called: [0,64145862,com.xunmeng.pinduoduo.ui.activity.HomeActivity,RESUME_ACTIVITY,18]
12-20 19:57:12.395  3314  3843 I com.miui.home: CheckGCForNative gc_urgency 0 current_native_bytes is 89857043
12-20 19:57:12.491 11434 11434 I wm_on_top_resumed_gained_called: [64145862,com.xunmeng.pinduoduo.ui.activity.HomeActivity,topStateChangedWhenResumed]
12-20 19:57:12.492 11434 11434 I wm_on_top_resumed_lost_called: [64145862,com.xunmeng.pinduoduo.ui.activity.HomeActivity,topStateChangedWhenResumed]
12-20 19:57:12.498  3314  3843 I com.miui.home: CheckGCForNative adj_start_bytes: 47364453 NativeAllocationGcWatermark: 12105011 java_gc_start_bytes: 29206937 kNewNativeDiscountFactor: 2 kOldNativeDiscountFactor: 65536 old_native_bytes: 89857043 new_native_bytes: 99584 add_bytes_allowed: 36315033 is_gc_concurrent: 1 target_footprint_: 29731225 GetBytesAllocated: 16448126 HeapGrowthMultiplier: 3
12-20 19:57:12.498  3314  3843 I com.miui.home: CheckGCForNative gc_urgency 0.348348 current_native_bytes is 89956627
12-20 19:57:12.501  3314  3314 I wm_on_top_resumed_gained_called: [262322408,com.miui.home.launcher.Launcher,topStateChangedWhenResumed]
12-20 19:57:12.643  3314  3843 I com.miui.home: CheckGCForNative adj_start_bytes: 47364453 NativeAllocationGcWatermark: 12105011 java_gc_start_bytes: 29206937 kNewNativeDiscountFactor: 2 kOldNativeDiscountFactor: 65536 old_native_bytes: 89857043 new_native_bytes: 117024 add_bytes_allowed: 36315033 is_gc_concurrent: 1 target_footprint_: 29731225 GetBytesAllocated: 16685332 HeapGrowthMultiplier: 3
12-20 19:57:12.643  3314  3843 I com.miui.home: CheckGCForNative gc_urgency 0.35354 current_native_bytes is 89974067
12-20 19:57:12.859  3314  3842 I com.miui.home: CheckGCForNative adj_start_bytes: 47364453 NativeAllocationGcWatermark: 12105011 java_gc_start_bytes: 29206937 kNewNativeDiscountFactor: 2 kOldNativeDiscountFactor: 65536 old_native_bytes: 89857043 new_native_bytes: 89520 add_bytes_allowed: 36315033 is_gc_concurrent: 1 target_footprint_: 29731225 GetBytesAllocated: 17488371 HeapGrowthMultiplier: 3
12-20 19:57:12.859  3314  3842 I com.miui.home: CheckGCForNative gc_urgency 0.370204 current_native_bytes is 89946563
12-20 19:57:13.297 11434 11434 I wm_on_paused_called: [0,64145862,com.xunmeng.pinduoduo.ui.activity.HomeActivity,performPause,3]
12-20 19:57:13.355  3314  3314 I wm_on_top_resumed_lost_called: [262322408,com.miui.home.launcher.Launcher,topStateChangedWhenResumed]
12-20 19:57:13.375  3314  3314 I wm_on_paused_called: [0,262322408,com.miui.home.launcher.Launcher,performPause,5]
12-20 19:57:13.433 11434 11434 I wm_on_destroy_called: [0,162549769,com.xunmeng.pinduoduo.ui.activity.MainFrameActivity,performDestroy,14]
12-20 19:57:13.469  3314  3813 I com.miui.home: CheckGCForNative adj_start_bytes: 47364453 NativeAllocationGcWatermark: 12105011 java_gc_start_bytes: 29206937 kNewNativeDiscountFactor: 2 kOldNativeDiscountFactor: 65536 old_native_bytes: 89857043 new_native_bytes: 347064 add_bytes_allowed: 36315033 is_gc_concurrent: 1 target_footprint_: 29731225 GetBytesAllocated: 19639253 HeapGrowthMultiplier: 3
12-20 19:57:13.469  3314  3813 I com.miui.home: CheckGCForNative gc_urgency 0.418374 current_native_bytes is 90204107
12-20 19:57:13.576  3314 10309 D cccccc  : onTaskStackChangedBackground
12-20 19:57:13.579  3314  3355 D cccccc  : onTaskStackChangedBackground
12-20 19:57:13.711  3314  3355 D cccccc  : onTaskStackChangedBackground
12-20 19:57:13.742  3314  3843 I com.miui.home: CheckGCForNative adj_start_bytes: 47364453 NativeAllocationGcWatermark: 12105011 java_gc_start_bytes: 29206937 kNewNativeDiscountFactor: 2 kOldNativeDiscountFactor: 65536 old_native_bytes: 89857043 new_native_bytes: 607100 add_bytes_allowed: 36315033 is_gc_concurrent: 1 target_footprint_: 29731225 GetBytesAllocated: 20717282 HeapGrowthMultiplier: 3
12-20 19:57:13.743  3314  3843 I com.miui.home: CheckGCForNative gc_urgency 0.443839 current_native_bytes is 90464143
12-20 19:57:13.756  3314  8704 D cccccc  : onTaskStackChangedBackground
12-20 19:57:13.909  3314  3843 I com.miui.home: CheckGCForNative adj_start_bytes: 47364453 NativeAllocationGcWatermark: 12105011 java_gc_start_bytes: 29206937 kNewNativeDiscountFactor: 2 kOldNativeDiscountFactor: 65536 old_native_bytes: 89857043 new_native_bytes: 661468 add_bytes_allowed: 36315033 is_gc_concurrent: 1 target_footprint_: 29731225 GetBytesAllocated: 21266576 HeapGrowthMultiplier: 3
12-20 19:57:13.909  3314  3843 I com.miui.home: CheckGCForNative gc_urgency 0.45601 current_native_bytes is 90518511
12-20 19:57:13.978  3314  3646 I com.miui.home: CheckGCForNative adj_start_bytes: 47364453 NativeAllocationGcWatermark: 12105011 java_gc_start_bytes: 29206937 kNewNativeDiscountFactor: 2 kOldNativeDiscountFactor: 65536 old_native_bytes: 89857043 new_native_bytes: 669596 add_bytes_allowed: 36315033 is_gc_concurrent: 1 target_footprint_: 29731225 GetBytesAllocated: 21390590 HeapGrowthMultiplier: 3
12-20 19:57:13.978  3314  3646 I com.miui.home: CheckGCForNative gc_urgency 0.458714 current_native_bytes is 90526639
12-20 19:57:14.261  3314  3314 I com.miui.home: CheckGCForNative adj_start_bytes: 47364453 NativeAllocationGcWatermark: 12105011 java_gc_start_bytes: 29206937 kNewNativeDiscountFactor: 2 kOldNativeDiscountFactor: 65536 old_native_bytes: 89857043 new_native_bytes: 272476 add_bytes_allowed: 36315033 is_gc_concurrent: 1 target_footprint_: 29731225 GetBytesAllocated: 22127943 HeapGrowthMultiplier: 3
12-20 19:57:14.261  3314  3314 I com.miui.home: CheckGCForNative gc_urgency 0.47009 current_native_bytes is 90129519
12-20 19:57:14.788  3314  3842 I com.miui.home: CheckGCForNative adj_start_bytes: 47364453 NativeAllocationGcWatermark: 12105011 java_gc_start_bytes: 29206937 kNewNativeDiscountFactor: 2 kOldNativeDiscountFactor: 65536 old_native_bytes: 89857043 new_native_bytes: 724556 add_bytes_allowed: 36315033 is_gc_concurrent: 1 target_footprint_: 29731225 GetBytesAllocated: 23984464 HeapGrowthMultiplier: 3
12-20 19:57:14.788  3314  3842 I com.miui.home: CheckGCForNative gc_urgency 0.514059 current_native_bytes is 90581599
12-20 19:57:14.890  3314  3314 I wm_on_resume_called: [0,262322408,com.miui.home.launcher.Launcher,RESUME_ACTIVITY,20]
12-20 19:57:14.914  3314  3314 I wm_on_idle_called: com.miui.home.launcher.Launcher
12-20 19:57:15.118  3314  8163 I com.miui.home: CheckGCForNative adj_start_bytes: 47364453 NativeAllocationGcWatermark: 12105011 java_gc_start_bytes: 29206937 kNewNativeDiscountFactor: 2 kOldNativeDiscountFactor: 65536 old_native_bytes: 89857043 new_native_bytes: 916724 add_bytes_allowed: 36315033 is_gc_concurrent: 1 target_footprint_: 29731225 GetBytesAllocated: 25209245 HeapGrowthMultiplier: 3
12-20 19:57:15.118  3314  8163 I com.miui.home: CheckGCForNative gc_urgency 0.541946 current_native_bytes is 90773767
12-20 19:57:15.176  3314  3843 I com.miui.home: CheckGCForNative adj_start_bytes: 47364453 NativeAllocationGcWatermark: 12105011 java_gc_start_bytes: 29206937 kNewNativeDiscountFactor: 2 kOldNativeDiscountFactor: 65536 old_native_bytes: 89857043 new_native_bytes: 998804 add_bytes_allowed: 36315033 is_gc_concurrent: 1 target_footprint_: 29731225 GetBytesAllocated: 25265762 HeapGrowthMultiplier: 3
12-20 19:57:15.176  3314  3843 I com.miui.home: CheckGCForNative gc_urgency 0.544006 current_native_bytes is 90855847
12-20 19:57:15.286 11434 11434 I wm_on_stop_called: [0,64145862,com.xunmeng.pinduoduo.ui.activity.HomeActivity,STOP_ACTIVITY_ITEM,167]
12-20 19:57:15.287  3314  3314 I wm_on_top_resumed_gained_called: [262322408,com.miui.home.launcher.Launcher,topStateChangedWhenResumed]
12-20 19:57:15.402  3314  3646 I com.miui.home: CheckGCForNative adj_start_bytes: 47364453 NativeAllocationGcWatermark: 12105011 java_gc_start_bytes: 29206937 kNewNativeDiscountFactor: 2 kOldNativeDiscountFactor: 65536 old_native_bytes: 89857043 new_native_bytes: 1059316 add_bytes_allowed: 36315033 is_gc_concurrent: 1 target_footprint_: 29731225 GetBytesAllocated: 25598852 HeapGrowthMultiplier: 3
12-20 19:57:15.402  3314  3646 I com.miui.home: CheckGCForNative gc_urgency 0.551677 current_native_bytes is 90916359
12-20 19:57:16.167  3314  8704 D cccccc  : onTaskStackChangedBackground
12-20 19:57:16.171  3314  8704 D cccccc  : onTaskStackChangedBackground
12-20 19:57:16.273  3314  3983 I com.miui.home: CheckGCForNative adj_start_bytes: 47364453 NativeAllocationGcWatermark: 12105011 java_gc_start_bytes: 29206937 kNewNativeDiscountFactor: 2 kOldNativeDiscountFactor: 65536 old_native_bytes: 89857043 new_native_bytes: 1105364 add_bytes_allowed: 36315033 is_gc_concurrent: 1 target_footprint_: 29731225 GetBytesAllocated: 26883742 HeapGrowthMultiplier: 3
12-20 19:57:16.273  3314  3983 I com.miui.home: CheckGCForNative gc_urgency 0.579291 current_native_bytes is 90962407
12-20 19:57:16.404  3314  3983 I com.miui.home: CheckGCForNative adj_start_bytes: 47364453 NativeAllocationGcWatermark: 12105011 java_gc_start_bytes: 29206937 kNewNativeDiscountFactor: 2 kOldNativeDiscountFactor: 65536 old_native_bytes: 89857043 new_native_bytes: 1661664 add_bytes_allowed: 36315033 is_gc_concurrent: 1 target_footprint_: 29731225 GetBytesAllocated: 28507679 HeapGrowthMultiplier: 3
12-20 19:57:16.404  3314  3983 I com.miui.home: CheckGCForNative gc_urgency 0.619449 current_native_bytes is 91518707
12-20 19:57:16.426  3314  3314 I wm_on_top_resumed_lost_called: [262322408,com.miui.home.launcher.Launcher,topStateChangedWhenResumed]
12-20 19:57:16.441  3314  3314 I wm_on_paused_called: [0,262322408,com.miui.home.launcher.Launcher,performPause,5]
12-20 19:57:16.486  3314  3355 D cccccc  : onTaskStackChangedBackground
12-20 19:57:16.486  3314  3355 D cccccc  : onTaskStackChangedBackground
12-20 19:57:16.607  3314  8704 D cccccc  : onTaskStackChangedBackground
12-20 19:57:16.637  3314 10309 D cccccc  : onTaskStackChangedBackground
12-20 19:57:16.676  3314  3843 I com.miui.home: CheckGCForNative adj_start_bytes: 47364453 NativeAllocationGcWatermark: 12105011 java_gc_start_bytes: 29206937 kNewNativeDiscountFactor: 2 kOldNativeDiscountFactor: 65536 old_native_bytes: 89857043 new_native_bytes: 2210212 add_bytes_allowed: 36315033 is_gc_concurrent: 1 target_footprint_: 29731225 GetBytesAllocated: 30015879 HeapGrowthMultiplier: 3
12-20 19:57:16.676  3314  3843 I com.miui.home: CheckGCForNative gc_urgency 0.657083 current_native_bytes is 92067255
12-20 19:57:16.820  3314  3843 I com.miui.home: CheckGCForNative gc_urgency 0 current_native_bytes is 91909003
12-20 19:57:16.822 11434 11434 I wm_on_idle_called: com.xunmeng.pinduoduo.ui.activity.HomeActivity
12-20 19:57:16.876  3314  3843 I com.miui.home: CheckGCForNative gc_urgency 0 current_native_bytes is 91836395
12-20 19:57:17.042 11854 11854 I wm_on_application_create_called: [0,com.eg.android.AlipayGphone,788]
12-20 19:57:17.065  3314  3843 I com.miui.home: CheckGCForNative gc_urgency 0 current_native_bytes is 90415095
12-20 19:57:17.227  3314  3983 I com.miui.home: CheckGCForNative gc_urgency 0 current_native_bytes is 90162955
12-20 19:57:17.970  3314  3314 I wm_on_resume_called: [0,262322408,com.miui.home.launcher.Launcher,RESUME_ACTIVITY,18]
12-20 19:57:17.994  3314  3314 I wm_on_idle_called: com.miui.home.launcher.Launcher
12-20 19:57:17.995  3314  3314 I com.miui.home: CheckGCForNative adj_start_bytes: 47364453 NativeAllocationGcWatermark: 12105011 java_gc_start_bytes: 29206937 kNewNativeDiscountFactor: 2 kOldNativeDiscountFactor: 65536 old_native_bytes: 90162955 new_native_bytes: 172564 add_bytes_allowed: 36315033 is_gc_concurrent: 1 target_footprint_: 29731225 GetBytesAllocated: 19692740 HeapGrowthMultiplier: 3
12-20 19:57:17.995  3314  3314 I com.miui.home: CheckGCForNative gc_urgency 0.417621 current_native_bytes is 90335519
12-20 19:57:18.120  3314  3843 I com.miui.home: CheckGCForNative adj_start_bytes: 47364453 NativeAllocationGcWatermark: 12105011 java_gc_start_bytes: 29206937 kNewNativeDiscountFactor: 2 kOldNativeDiscountFactor: 65536 old_native_bytes: 90162955 new_native_bytes: 312956 add_bytes_allowed: 36315033 is_gc_concurrent: 1 target_footprint_: 29731225 GetBytesAllocated: 20201004 HeapGrowthMultiplier: 3
12-20 19:57:18.121  3314  3843 I com.miui.home: CheckGCForNative gc_urgency 0.429834 current_native_bytes is 90475911
12-20 19:57:18.245  3314  3646 I com.miui.home: CheckGCForNative adj_start_bytes: 47364453 NativeAllocationGcWatermark: 12105011 java_gc_start_bytes: 29206937 kNewNativeDiscountFactor: 2 kOldNativeDiscountFactor: 65536 old_native_bytes: 90162955 new_native_bytes: 331580 add_bytes_allowed: 36315033 is_gc_concurrent: 1 target_footprint_: 29731225 GetBytesAllocated: 20401207 HeapGrowthMultiplier: 3
12-20 19:57:18.245  3314  3646 I com.miui.home: CheckGCForNative gc_urgency 0.434258 current_native_bytes is 90494535
12-20 19:57:18.401  3314  3314 I wm_on_top_resumed_gained_called: [262322408,com.miui.home.launcher.Launcher,topStateChangedWhenResumed]
12-20 19:57:18.534  3314  3843 I com.miui.home: CheckGCForNative adj_start_bytes: 47364453 NativeAllocationGcWatermark: 12105011 java_gc_start_bytes: 29206937 kNewNativeDiscountFactor: 2 kOldNativeDiscountFactor: 65536 old_native_bytes: 90162955 new_native_bytes: 315836 add_bytes_allowed: 36315033 is_gc_concurrent: 1 target_footprint_: 29731225 GetBytesAllocated: 20830846 HeapGrowthMultiplier: 3
12-20 19:57:18.534  3314  3843 I com.miui.home: CheckGCForNative gc_urgency 0.443162 current_native_bytes is 90478791
12-20 19:57:18.978  3314  3734 I com.miui.home: CheckGCForNative adj_start_bytes: 47364453 NativeAllocationGcWatermark: 12105011 java_gc_start_bytes: 29206937 kNewNativeDiscountFactor: 2 kOldNativeDiscountFactor: 65536 old_native_bytes: 90162955 new_native_bytes: 633492 add_bytes_allowed: 36315033 is_gc_concurrent: 1 target_footprint_: 29731225 GetBytesAllocated: 21978212 HeapGrowthMultiplier: 3
12-20 19:57:18.978  3314  3734 I com.miui.home: CheckGCForNative gc_urgency 0.47074 current_native_bytes is 90796447
12-20 19:57:18.981  3314  3734 I com.miui.home: CheckGCForNative adj_start_bytes: 47364453 NativeAllocationGcWatermark: 12105011 java_gc_start_bytes: 29206937 kNewNativeDiscountFactor: 2 kOldNativeDiscountFactor: 65536 old_native_bytes: 90162955 new_native_bytes: 1029844 add_bytes_allowed: 36315033 is_gc_concurrent: 1 target_footprint_: 29731225 GetBytesAllocated: 21978212 HeapGrowthMultiplier: 3
12-20 19:57:18.981  3314  3734 I com.miui.home: CheckGCForNative gc_urgency 0.474924 current_native_bytes is 91192799
12-20 19:57:19.023  3314  3314 I wm_on_top_resumed_lost_called: [262322408,com.miui.home.launcher.Launcher,topStateChangedWhenResumed]
12-20 19:57:19.047  3314  3376 D cccccc  : onTaskStackChangedBackground
12-20 19:57:19.047  3314  3376 D cccccc  : onTaskStackChangedBackground
12-20 19:57:19.121  3314  3646 I com.miui.home: CheckGCForNative adj_start_bytes: 47364453 NativeAllocationGcWatermark: 12105011 java_gc_start_bytes: 29206937 kNewNativeDiscountFactor: 2 kOldNativeDiscountFactor: 65536 old_native_bytes: 90162955 new_native_bytes: 1635428 add_bytes_allowed: 36315033 is_gc_concurrent: 1 target_footprint_: 29731225 GetBytesAllocated: 22537654 HeapGrowthMultiplier: 3
12-20 19:57:19.121  3314  3646 I com.miui.home: CheckGCForNative gc_urgency 0.493345 current_native_bytes is 91798383
12-20 19:57:19.282 12431 12431 I wm_on_application_create_called: [0,com.taobao.taobao,1677]
12-20 19:57:19.332  3314  3314 I wm_on_paused_called: [0,262322408,com.miui.home.launcher.Launcher,performPause,5]
12-20 19:57:19.361  3314  3813 I com.miui.home: CheckGCForNative adj_start_bytes: 47364453 NativeAllocationGcWatermark: 12105011 java_gc_start_bytes: 29206937 kNewNativeDiscountFactor: 2 kOldNativeDiscountFactor: 65536 old_native_bytes: 90162955 new_native_bytes: 1729444 add_bytes_allowed: 36315033 is_gc_concurrent: 1 target_footprint_: 29731225 GetBytesAllocated: 23210288 HeapGrowthMultiplier: 3
12-20 19:57:19.361  3314  3813 I com.miui.home: CheckGCForNative gc_urgency 0.508322 current_native_bytes is 91892399
12-20 19:57:19.675  3314  3983 I com.miui.home: CheckGCForNative adj_start_bytes: 47364453 NativeAllocationGcWatermark: 12105011 java_gc_start_bytes: 29206937 kNewNativeDiscountFactor: 2 kOldNativeDiscountFactor: 65536 old_native_bytes: 90162955 new_native_bytes: 2179172 add_bytes_allowed: 36315033 is_gc_concurrent: 1 target_footprint_: 29731225 GetBytesAllocated: 24495946 HeapGrowthMultiplier: 3
12-20 19:57:19.675  3314  3983 I com.miui.home: CheckGCForNative gc_urgency 0.540213 current_native_bytes is 92342127
12-20 19:57:19.682  3314  8479 D cccccc  : onTaskStackChangedBackground
12-20 19:57:19.686  3314  3355 D cccccc  : onTaskStackChangedBackground
12-20 19:57:19.776  3314  3843 I com.miui.home: CheckGCForNative adj_start_bytes: 47364453 NativeAllocationGcWatermark: 12105011 java_gc_start_bytes: 29206937 kNewNativeDiscountFactor: 2 kOldNativeDiscountFactor: 65536 old_native_bytes: 90162955 new_native_bytes: 2184868 add_bytes_allowed: 36315033 is_gc_concurrent: 1 target_footprint_: 29731225 GetBytesAllocated: 24747032 HeapGrowthMultiplier: 3
12-20 19:57:19.776  3314  3843 I com.miui.home: CheckGCForNative gc_urgency 0.545575 current_native_bytes is 92347823
12-20 19:57:19.876  3314  3843 I com.miui.home: CheckGCForNative adj_start_bytes: 47364453 NativeAllocationGcWatermark: 12105011 java_gc_start_bytes: 29206937 kNewNativeDiscountFactor: 2 kOldNativeDiscountFactor: 65536 old_native_bytes: 90162955 new_native_bytes: 2317592 add_bytes_allowed: 36315033 is_gc_concurrent: 1 target_footprint_: 29731225 GetBytesAllocated: 25097397 HeapGrowthMultiplier: 3
12-20 19:57:19.876  3314  3843 I com.miui.home: CheckGCForNative gc_urgency 0.554373 current_native_bytes is 92480547
12-20 19:57:20.097 11178 11178 I wm_on_create_called: [0,146269396,com.tencent.mm.ui.LauncherUI,performCreate,444]
12-20 19:57:20.110  3314  3983 I com.miui.home: CheckGCForNative adj_start_bytes: 47364453 NativeAllocationGcWatermark: 12105011 java_gc_start_bytes: 29206937 kNewNativeDiscountFactor: 2 kOldNativeDiscountFactor: 65536 old_native_bytes: 90162955 new_native_bytes: 2395968 add_bytes_allowed: 36315033 is_gc_concurrent: 1 target_footprint_: 29731225 GetBytesAllocated: 25788834 HeapGrowthMultiplier: 3
12-20 19:57:20.111  3314  3983 I com.miui.home: CheckGCForNative gc_urgency 0.569798 current_native_bytes is 92558923
12-20 19:57:20.211 11178 11178 I wm_on_start_called: [0,146269396,com.tencent.mm.ui.LauncherUI,handleStartActivity,58]
12-20 19:57:20.218  3314  3314 I wm_on_stop_called: [0,262322408,com.miui.home.launcher.Launcher,STOP_ACTIVITY_ITEM,18]
12-20 19:57:20.344 11178 11178 I wm_on_resume_called: [0,146269396,com.tencent.mm.ui.LauncherUI,RESUME_ACTIVITY,130]
12-20 19:57:20.407 11178 11178 I wm_on_top_resumed_gained_called: [146269396,com.tencent.mm.ui.LauncherUI,topStateChangedWhenResumed]
12-20 19:57:20.413 11178 11178 I wm_on_top_resumed_lost_called: [146269396,com.tencent.mm.ui.LauncherUI,topStateChangedWhenResumed]
12-20 19:57:20.421 11178 11178 I wm_on_paused_called: [0,146269396,com.tencent.mm.ui.LauncherUI,performPause,6]
12-20 19:57:20.518 12431 12431 I wm_on_create_called: [0,16615542,com.taobao.tao.welcome.Welcome,performCreate,1015]
12-20 19:57:20.538  3314  8704 D cccccc  : onTaskStackChangedBackground
12-20 19:57:20.542  3314  8479 D cccccc  : onTaskStackChangedBackground
12-20 19:57:20.577  3314  3983 I com.miui.home: CheckGCForNative gc_urgency 0 current_native_bytes is 90853971
12-20 19:57:20.694 11178 11178 I wm_on_create_called: [0,185807845,com.tencent.mm.plugin.account.ui.WelcomeActivity,performCreate,73]
12-20 19:57:20.698 11178 11178 I wm_on_start_called: [0,185807845,com.tencent.mm.plugin.account.ui.WelcomeActivity,handleStartActivity,3]
12-20 19:57:20.704 11178 11178 I wm_on_resume_called: [0,185807845,com.tencent.mm.plugin.account.ui.WelcomeActivity,RESUME_ACTIVITY,5]
12-20 19:57:20.722 11178 11178 I wm_on_top_resumed_gained_called: [185807845,com.tencent.mm.plugin.account.ui.WelcomeActivity,topStateChangedWhenResumed]
12-20 19:57:20.794  3314  3314 I wm_on_restart_called: [0,262322408,com.miui.home.launcher.Launcher,,0]
12-20 19:57:20.797  3314  3314 I wm_on_start_called: [0,262322408,com.miui.home.launcher.Launcher,handleStartActivity,3]
12-20 19:57:20.818  3314  3314 I wm_on_resume_called: [0,262322408,com.miui.home.launcher.Launcher,RESUME_ACTIVITY,19]
12-20 19:57:20.821  3314  3648 I com.miui.home: CheckGCForNative gc_urgency 0 current_native_bytes is 90376515
12-20 19:57:20.864 12431 12431 I wm_on_start_called: [0,16615542,com.taobao.tao.welcome.Welcome,handleStartActivity,344]
12-20 19:57:20.954  3314  3314 I wm_on_idle_called: com.miui.home.launcher.Launcher
12-20 19:57:20.955 11178 11178 I wm_on_top_resumed_lost_called: [185807845,com.tencent.mm.plugin.account.ui.WelcomeActivity,topStateChangedWhenResumed]
12-20 19:57:20.972  3314  3314 I wm_on_top_resumed_gained_called: [262322408,com.miui.home.launcher.Launcher,topStateChangedWhenResumed]
12-20 19:57:21.096  3314  8163 I com.miui.home: CheckGCForNative adj_start_bytes: 47883837 NativeAllocationGcWatermark: 12159683 java_gc_start_bytes: 29644313 kNewNativeDiscountFactor: 2 kOldNativeDiscountFactor: 65536 old_native_bytes: 90376515 new_native_bytes: 482568 add_bytes_allowed: 36479049 is_gc_concurrent: 1 target_footprint_: 30168601 GetBytesAllocated: 19085988 HeapGrowthMultiplier: 3
12-20 19:57:21.096  3314  8163 I com.miui.home: CheckGCForNative gc_urgency 0.403657 current_native_bytes is 90859083
12-20 19:57:21.125 12431 12431 I wm_on_resume_called: [0,16615542,com.taobao.tao.welcome.Welcome,RESUME_ACTIVITY,252]
12-20 19:57:21.187  3314  3843 I com.miui.home: CheckGCForNative adj_start_bytes: 47883837 NativeAllocationGcWatermark: 12159683 java_gc_start_bytes: 29644313 kNewNativeDiscountFactor: 2 kOldNativeDiscountFactor: 65536 old_native_bytes: 90376515 new_native_bytes: 550184 add_bytes_allowed: 36479049 is_gc_concurrent: 1 target_footprint_: 30168601 GetBytesAllocated: 19497240 HeapGrowthMultiplier: 3
12-20 19:57:21.187  3314  3843 I com.miui.home: CheckGCForNative gc_urgency 0.412952 current_native_bytes is 90926699
12-20 19:57:21.332  3314  3843 I com.miui.home: CheckGCForNative adj_start_bytes: 47883837 NativeAllocationGcWatermark: 12159683 java_gc_start_bytes: 29644313 kNewNativeDiscountFactor: 2 kOldNativeDiscountFactor: 65536 old_native_bytes: 90376515 new_native_bytes: 561448 add_bytes_allowed: 36479049 is_gc_concurrent: 1 target_footprint_: 30168601 GetBytesAllocated: 19747005 HeapGrowthMultiplier: 3
12-20 19:57:21.332  3314  3843 I com.miui.home: CheckGCForNative gc_urgency 0.418285 current_native_bytes is 90937963
12-20 19:57:21.336 12431 12431 I wm_on_top_resumed_gained_called: [16615542,com.taobao.tao.welcome.Welcome,topStateChangedWhenResumed]
12-20 19:57:21.343 12431 12431 I wm_on_top_resumed_lost_called: [16615542,com.taobao.tao.welcome.Welcome,topStateChangedWhenResumed]
12-20 19:57:21.409 12431 12431 I wm_on_paused_called: [0,16615542,com.taobao.tao.welcome.Welcome,performPause,34]
12-20 19:57:21.583 12431 12431 I wm_on_stop_called: [0,16615542,com.taobao.tao.welcome.Welcome,STOP_ACTIVITY_ITEM,132]
12-20 19:57:21.613  3314  3646 I com.miui.home: CheckGCForNative adj_start_bytes: 47883837 NativeAllocationGcWatermark: 12159683 java_gc_start_bytes: 29644313 kNewNativeDiscountFactor: 2 kOldNativeDiscountFactor: 65536 old_native_bytes: 90376515 new_native_bytes: 587528 add_bytes_allowed: 36479049 is_gc_concurrent: 1 target_footprint_: 30168601 GetBytesAllocated: 20449220 HeapGrowthMultiplier: 3
12-20 19:57:21.613  3314  3646 I com.miui.home: CheckGCForNative gc_urgency 0.433223 current_native_bytes is 90964043
12-20 19:57:21.624 11178 11178 I wm_on_paused_called: [0,185807845,com.tencent.mm.plugin.account.ui.WelcomeActivity,performPause,22]
12-20 19:57:21.658 13078 13078 I wm_on_application_create_called: [0,com.tencent.mm,667]
12-20 19:57:21.774 11178 11178 I wm_on_stop_called: [0,146269396,com.tencent.mm.ui.LauncherUI,STOP_ACTIVITY_ITEM,19]
12-20 19:57:21.807  3314  8479 D cccccc  : onTaskStackChangedBackground
12-20 19:57:21.816  3314  8479 D cccccc  : onTaskStackChangedBackground
12-20 19:57:21.835 11178 11178 I wm_on_stop_called: [0,185807845,com.tencent.mm.plugin.account.ui.WelcomeActivity,STOP_ACTIVITY_ITEM,34]
12-20 19:57:21.855 11178 11178 I wm_on_idle_called: com.tencent.mm.ui.LauncherUI
12-20 19:57:21.856 11178 11178 I wm_on_idle_called: com.tencent.mm.plugin.account.ui.WelcomeActivity
12-20 19:57:21.886  3314  3314 I wm_on_top_resumed_lost_called: [262322408,com.miui.home.launcher.Launcher,topStateChangedWhenResumed]
12-20 19:57:21.893  3314  3314 I wm_on_paused_called: [0,262322408,com.miui.home.launcher.Launcher,performPause,4]
12-20 19:57:21.998  3314  8479 D cccccc  : onTaskStackChangedBackground
12-20 19:57:21.999  3314  8479 D cccccc  : onTaskStackChangedBackground
12-20 19:57:22.135  3314  3983 I com.miui.home: CheckGCForNative adj_start_bytes: 47883837 NativeAllocationGcWatermark: 12159683 java_gc_start_bytes: 29644313 kNewNativeDiscountFactor: 2 kOldNativeDiscountFactor: 65536 old_native_bytes: 90376515 new_native_bytes: 713704 add_bytes_allowed: 36479049 is_gc_concurrent: 1 target_footprint_: 30168601 GetBytesAllocated: 22630571 HeapGrowthMultiplier: 3
12-20 19:57:22.135  3314  3983 I com.miui.home: CheckGCForNative gc_urgency 0.480095 current_native_bytes is 91090219
12-20 19:57:22.171  3314  3376 D cccccc  : onTaskStackChangedBackground
12-20 19:57:22.177  3314  3376 D cccccc  : onTaskStackChangedBackground
12-20 19:57:22.297  3314  3983 I com.miui.home: CheckGCForNative adj_start_bytes: 47883837 NativeAllocationGcWatermark: 12159683 java_gc_start_bytes: 29644313 kNewNativeDiscountFactor: 2 kOldNativeDiscountFactor: 65536 old_native_bytes: 90376515 new_native_bytes: 1514036 add_bytes_allowed: 36479049 is_gc_concurrent: 1 target_footprint_: 30168601 GetBytesAllocated: 23611195 HeapGrowthMultiplier: 3
12-20 19:57:22.297  3314  3983 I com.miui.home: CheckGCForNative gc_urgency 0.508932 current_native_bytes is 91890551
12-20 19:57:22.409  3314  3843 I com.miui.home: CheckGCForNative adj_start_bytes: 47883837 NativeAllocationGcWatermark: 12159683 java_gc_start_bytes: 29644313 kNewNativeDiscountFactor: 2 kOldNativeDiscountFactor: 65536 old_native_bytes: 90376515 new_native_bytes: 1517364 add_bytes_allowed: 36479049 is_gc_concurrent: 1 target_footprint_: 30168601 GetBytesAllocated: 24053578 HeapGrowthMultiplier: 3
12-20 19:57:22.410  3314  3843 I com.miui.home: CheckGCForNative gc_urgency 0.518205 current_native_bytes is 91893879
12-20 19:57:22.506  3314  3983 I com.miui.home: CheckGCForNative adj_start_bytes: 47883837 NativeAllocationGcWatermark: 12159683 java_gc_start_bytes: 29644313 kNewNativeDiscountFactor: 2 kOldNativeDiscountFactor: 65536 old_native_bytes: 90376515 new_native_bytes: 1501684 add_bytes_allowed: 36479049 is_gc_concurrent: 1 target_footprint_: 30168601 GetBytesAllocated: 24486135 HeapGrowthMultiplier: 3
12-20 19:57:22.506  3314  3983 I com.miui.home: CheckGCForNative gc_urgency 0.527075 current_native_bytes is 91878199
12-20 19:57:22.665  3314  3843 I com.miui.home: CheckGCForNative adj_start_bytes: 47883837 NativeAllocationGcWatermark: 12159683 java_gc_start_bytes: 29644313 kNewNativeDiscountFactor: 2 kOldNativeDiscountFactor: 65536 old_native_bytes: 90376515 new_native_bytes: 1549044 add_bytes_allowed: 36479049 is_gc_concurrent: 1 target_footprint_: 30168601 GetBytesAllocated: 25507694 HeapGrowthMultiplier: 3
12-20 19:57:22.665  3314  3843 I com.miui.home: CheckGCForNative gc_urgency 0.548903 current_native_bytes is 91925559
12-20 19:57:23.054 13287 13287 I wm_on_application_create_called: [0,com.sina.weibo,211]
12-20 19:57:23.335  3314  3842 I com.miui.home: CheckGCForNative adj_start_bytes: 47883837 NativeAllocationGcWatermark: 12159683 java_gc_start_bytes: 29644313 kNewNativeDiscountFactor: 2 kOldNativeDiscountFactor: 65536 old_native_bytes: 90376515 new_native_bytes: 1566044 add_bytes_allowed: 36479049 is_gc_concurrent: 1 target_footprint_: 30168601 GetBytesAllocated: 26980233 HeapGrowthMultiplier: 3
12-20 19:57:23.338  3314  3842 I com.miui.home: CheckGCForNative gc_urgency 0.579835 current_native_bytes is 91942559
12-20 19:57:23.342 13287 13287 I wm_on_create_called: [0,233407201,com.sina.weibo.SplashActivity,performCreate,228]
12-20 19:57:23.447  3314  3314 I wm_on_resume_called: [0,262322408,com.miui.home.launcher.Launcher,RESUME_ACTIVITY,18]
12-20 19:57:23.471  3314  3314 I wm_on_idle_called: com.miui.home.launcher.Launcher
12-20 19:57:23.480 13287 13287 I wm_on_start_called: [0,233407201,com.sina.weibo.SplashActivity,handleStartActivity,129]
12-20 19:57:23.507 13287 13287 I wm_on_resume_called: [0,233407201,com.sina.weibo.SplashActivity,RESUME_ACTIVITY,17]
12-20 19:57:23.643  3314  3843 I com.miui.home: CheckGCForNative adj_start_bytes: 47883837 NativeAllocationGcWatermark: 12159683 java_gc_start_bytes: 29644313 kNewNativeDiscountFactor: 2 kOldNativeDiscountFactor: 65536 old_native_bytes: 90376515 new_native_bytes: 1736708 add_bytes_allowed: 36479049 is_gc_concurrent: 1 target_footprint_: 30168601 GetBytesAllocated: 28123558 HeapGrowthMultiplier: 3
12-20 19:57:23.643  3314  3843 I com.miui.home: CheckGCForNative gc_urgency 0.605492 current_native_bytes is 92113223
12-20 19:57:23.665  3314  3843 I com.miui.home: CheckGCForNative adj_start_bytes: 47883837 NativeAllocationGcWatermark: 12159683 java_gc_start_bytes: 29644313 kNewNativeDiscountFactor: 2 kOldNativeDiscountFactor: 65536 old_native_bytes: 90376515 new_native_bytes: 1740100 add_bytes_allowed: 36479049 is_gc_concurrent: 1 target_footprint_: 30168601 GetBytesAllocated: 28186753 HeapGrowthMultiplier: 3
12-20 19:57:23.665  3314  3843 I com.miui.home: CheckGCForNative gc_urgency 0.606847 current_native_bytes is 92116615
12-20 19:57:23.753 13287 13287 I wm_on_top_resumed_gained_called: [233407201,com.sina.weibo.SplashActivity,topStateChangedWhenResumed]
12-20 19:57:23.829  3314  3314 I wm_on_top_resumed_gained_called: [262322408,com.miui.home.launcher.Launcher,topStateChangedWhenResumed]
12-20 19:57:23.932  3314  3843 I com.miui.home: CheckGCForNative adj_start_bytes: 47883837 NativeAllocationGcWatermark: 12159683 java_gc_start_bytes: 29644313 kNewNativeDiscountFactor: 2 kOldNativeDiscountFactor: 65536 old_native_bytes: 90376515 new_native_bytes: 1860932 add_bytes_allowed: 36479049 is_gc_concurrent: 1 target_footprint_: 30168601 GetBytesAllocated: 29222548 HeapGrowthMultiplier: 3
12-20 19:57:23.932  3314  3843 I com.miui.home: CheckGCForNative gc_urgency 0.629741 current_native_bytes is 92237447
12-20 19:57:23.978 13446 13446 I wm_on_application_create_called: [0,com.sina.weibo,405]
12-20 19:57:24.161 13287 13287 I wm_on_top_resumed_lost_called: [233407201,com.sina.weibo.SplashActivity,topStateChangedWhenResumed]
12-20 19:57:24.302 13287 13287 I wm_on_paused_called: [0,233407201,com.sina.weibo.SplashActivity,performPause,3]
12-20 19:57:24.345  3314  3314 I com.miui.home: CheckGCForNative gc_urgency 0 current_native_bytes is 90744907
12-20 19:57:24.422  3314  3314 I wm_on_top_resumed_lost_called: [262322408,com.miui.home.launcher.Launcher,topStateChangedWhenResumed]
12-20 19:57:24.434  3314  3314 I wm_on_paused_called: [0,262322408,com.miui.home.launcher.Launcher,performPause,4]
12-20 19:57:24.463 13287 13287 I wm_on_stop_called: [0,233407201,com.sina.weibo.SplashActivity,LIFECYCLER_STOP_ACTIVITY,64]
12-20 19:57:24.464 13287 13287 I wm_on_destroy_called: [0,233407201,com.sina.weibo.SplashActivity,performDestroy,1]
12-20 19:57:24.466  3314  3355 D cccccc  : onTaskStackChangedBackground
12-20 19:57:24.482  3314  8479 D cccccc  : onTaskStackChangedBackground
12-20 19:57:24.588  3314  3376 D cccccc  : onTaskStackChangedBackground
12-20 19:57:24.632  3314  3376 D cccccc  : onTaskStackChangedBackground
12-20 19:57:24.666  3314  3983 I com.miui.home: CheckGCForNative adj_start_bytes: 48154062 NativeAllocationGcWatermark: 12159683 java_gc_start_bytes: 29914538 kNewNativeDiscountFactor: 2 kOldNativeDiscountFactor: 65536 old_native_bytes: 90744907 new_native_bytes: 103344 add_bytes_allowed: 36479049 is_gc_concurrent: 1 target_footprint_: 30168601 GetBytesAllocated: 17167431 HeapGrowthMultiplier: 3
12-20 19:57:24.666  3314  3983 I com.miui.home: CheckGCForNative gc_urgency 0.357613 current_native_bytes is 90848251
12-20 19:57:24.860  3314  3983 I com.miui.home: CheckGCForNative adj_start_bytes: 48154062 NativeAllocationGcWatermark: 12159683 java_gc_start_bytes: 29914538 kNewNativeDiscountFactor: 2 kOldNativeDiscountFactor: 65536 old_native_bytes: 90744907 new_native_bytes: 539188 add_bytes_allowed: 36479049 is_gc_concurrent: 1 target_footprint_: 30168601 GetBytesAllocated: 17950665 HeapGrowthMultiplier: 3
12-20 19:57:24.860  3314  3983 I com.miui.home: CheckGCForNative gc_urgency 0.378403 current_native_bytes is 91284095
12-20 19:57:24.863  3314  3983 I com.miui.home: CheckGCForNative adj_start_bytes: 48154062 NativeAllocationGcWatermark: 12159683 java_gc_start_bytes: 29914538 kNewNativeDiscountFactor: 2 kOldNativeDiscountFactor: 65536 old_native_bytes: 90744907 new_native_bytes: 542388 add_bytes_allowed: 36479049 is_gc_concurrent: 1 target_footprint_: 30168601 GetBytesAllocated: 17950697 HeapGrowthMultiplier: 3
12-20 19:57:24.863  3314  3983 I com.miui.home: CheckGCForNative gc_urgency 0.378442 current_native_bytes is 91287295
12-20 19:57:24.998  3314  3843 I com.miui.home: CheckGCForNative adj_start_bytes: 48154062 NativeAllocationGcWatermark: 12159683 java_gc_start_bytes: 29914538 kNewNativeDiscountFactor: 2 kOldNativeDiscountFactor: 65536 old_native_bytes: 90744907 new_native_bytes: 615092 add_bytes_allowed: 36479049 is_gc_concurrent: 1 target_footprint_: 30168601 GetBytesAllocated: 18847309 HeapGrowthMultiplier: 3
12-20 19:57:24.998  3314  3843 I com.miui.home: CheckGCForNative gc_urgency 0.397812 current_native_bytes is 91359999
12-20 19:57:25.146  3314  3983 I com.miui.home: CheckGCForNative adj_start_bytes: 48154062 NativeAllocationGcWatermark: 12159683 java_gc_start_bytes: 29914538 kNewNativeDiscountFactor: 2 kOldNativeDiscountFactor: 65536 old_native_bytes: 90744907 new_native_bytes: 802268 add_bytes_allowed: 36479049 is_gc_concurrent: 1 target_footprint_: 30168601 GetBytesAllocated: 19994605 HeapGrowthMultiplier: 3
12-20 19:57:25.146  3314  3983 I com.miui.home: CheckGCForNative gc_urgency 0.423581 current_native_bytes is 91547175
12-20 19:57:25.378 13638 13638 I wm_on_application_create_called: [0,com.UCMobile,241]
12-20 19:57:26.273 13638 13638 I wm_on_create_called: [0,267681846,com.UCMobile.main.UCMobile,performCreate,870]
12-20 19:57:26.324  3314  3648 I com.miui.home: CheckGCForNative adj_start_bytes: 48154062 NativeAllocationGcWatermark: 12159683 java_gc_start_bytes: 29914538 kNewNativeDiscountFactor: 2 kOldNativeDiscountFactor: 65536 old_native_bytes: 90744907 new_native_bytes: 872908 add_bytes_allowed: 36479049 is_gc_concurrent: 1 target_footprint_: 30168601 GetBytesAllocated: 21586757 HeapGrowthMultiplier: 3
12-20 19:57:26.324  3314  3648 I com.miui.home: CheckGCForNative gc_urgency 0.457378 current_native_bytes is 91617815
12-20 19:57:26.539  3314  3376 D cccccc  : onTaskStackChangedBackground
12-20 19:57:26.570  3314  3314 I wm_on_resume_called: [0,262322408,com.miui.home.launcher.Launcher,RESUME_ACTIVITY,17]
12-20 19:57:26.594  3314  3314 I wm_on_idle_called: com.miui.home.launcher.Launcher
12-20 19:57:26.716  3314  8704 D cccccc  : onTaskStackChangedBackground
12-20 19:57:26.798  3314  3843 I com.miui.home: CheckGCForNative adj_start_bytes: 48154062 NativeAllocationGcWatermark: 12159683 java_gc_start_bytes: 29914538 kNewNativeDiscountFactor: 2 kOldNativeDiscountFactor: 65536 old_native_bytes: 90744907 new_native_bytes: 966420 add_bytes_allowed: 36479049 is_gc_concurrent: 1 target_footprint_: 30168601 GetBytesAllocated: 23558027 HeapGrowthMultiplier: 3
12-20 19:57:26.798  3314  3843 I com.miui.home: CheckGCForNative gc_urgency 0.499285 current_native_bytes is 91711327
12-20 19:57:26.821  3314  3843 I com.miui.home: CheckGCForNative adj_start_bytes: 48154062 NativeAllocationGcWatermark: 12159683 java_gc_start_bytes: 29914538 kNewNativeDiscountFactor: 2 kOldNativeDiscountFactor: 65536 old_native_bytes: 90744907 new_native_bytes: 998212 add_bytes_allowed: 36479049 is_gc_concurrent: 1 target_footprint_: 30168601 GetBytesAllocated: 23650829 HeapGrowthMultiplier: 3
12-20 19:57:26.821  3314  3843 I com.miui.home: CheckGCForNative gc_urgency 0.501657 current_native_bytes is 91743119
12-20 19:57:26.935 13638 13638 I wm_on_create_called: [0,88261528,com.uc.browser.InnerUCMobile,performCreate,236]
12-20 19:57:26.953 13638 13638 I wm_on_start_called: [0,88261528,com.uc.browser.InnerUCMobile,handleStartActivity,17]
12-20 19:57:26.968  3314  3314 I wm_on_top_resumed_gained_called: [262322408,com.miui.home.launcher.Launcher,topStateChangedWhenResumed]
12-20 19:57:27.051 13638 13638 I wm_on_resume_called: [0,88261528,com.uc.browser.InnerUCMobile,RESUME_ACTIVITY,67]
12-20 19:57:27.057  3314  3842 I com.miui.home: CheckGCForNative adj_start_bytes: 48154062 NativeAllocationGcWatermark: 12159683 java_gc_start_bytes: 29914538 kNewNativeDiscountFactor: 2 kOldNativeDiscountFactor: 65536 old_native_bytes: 90744907 new_native_bytes: 1043556 add_bytes_allowed: 36479049 is_gc_concurrent: 1 target_footprint_: 30168601 GetBytesAllocated: 24185331 HeapGrowthMultiplier: 3
12-20 19:57:27.057  3314  3842 I com.miui.home: CheckGCForNative gc_urgency 0.513113 current_native_bytes is 91788463
12-20 19:57:27.280 13638 13638 I wm_on_top_resumed_gained_called: [88261528,com.uc.browser.InnerUCMobile,topStateChangedWhenResumed]
12-20 19:57:27.288  3314  3983 I com.miui.home: CheckGCForNative adj_start_bytes: 48154062 NativeAllocationGcWatermark: 12159683 java_gc_start_bytes: 29914538 kNewNativeDiscountFactor: 2 kOldNativeDiscountFactor: 65536 old_native_bytes: 90744907 new_native_bytes: 1149828 add_bytes_allowed: 36479049 is_gc_concurrent: 1 target_footprint_: 30168601 GetBytesAllocated: 25116034 HeapGrowthMultiplier: 3
12-20 19:57:27.288  3314  3983 I com.miui.home: CheckGCForNative gc_urgency 0.533544 current_native_bytes is 91894735
12-20 19:57:27.340 13638 13638 I wm_on_top_resumed_lost_called: [88261528,com.uc.browser.InnerUCMobile,topStateChangedWhenResumed]
12-20 19:57:27.501  3314  3314 I wm_on_top_resumed_lost_called: [262322408,com.miui.home.launcher.Launcher,topStateChangedWhenResumed]
12-20 19:57:27.522  3314  3376 D cccccc  : onTaskStackChangedBackground
12-20 19:57:27.538  3314  3376 D cccccc  : onTaskStackChangedBackground
12-20 19:57:27.613  3314  3646 I com.miui.home: CheckGCForNative adj_start_bytes: 48154062 NativeAllocationGcWatermark: 12159683 java_gc_start_bytes: 29914538 kNewNativeDiscountFactor: 2 kOldNativeDiscountFactor: 65536 old_native_bytes: 90744907 new_native_bytes: 1786592 add_bytes_allowed: 36479049 is_gc_concurrent: 1 target_footprint_: 30168601 GetBytesAllocated: 26810617 HeapGrowthMultiplier: 3
12-20 19:57:27.613  3314  3646 I com.miui.home: CheckGCForNative gc_urgency 0.575347 current_native_bytes is 92531499
12-20 19:57:27.852 13638 13638 I wm_on_paused_called: [0,88261528,com.uc.browser.InnerUCMobile,performPause,22]
12-20 19:57:27.853  3314  3314 I wm_on_paused_called: [0,262322408,com.miui.home.launcher.Launcher,performPause,6]
12-20 19:57:27.921 13638 13638 I wm_on_destroy_called: [0,267681846,com.UCMobile.main.UCMobile,performDestroy,3]
12-20 19:57:28.141  3314  3646 I com.miui.home: CheckGCForNative adj_start_bytes: 48154062 NativeAllocationGcWatermark: 12159683 java_gc_start_bytes: 29914538 kNewNativeDiscountFactor: 2 kOldNativeDiscountFactor: 65536 old_native_bytes: 90744907 new_native_bytes: 1956000 add_bytes_allowed: 36479049 is_gc_concurrent: 1 target_footprint_: 30168601 GetBytesAllocated: 28532259 HeapGrowthMultiplier: 3
12-20 19:57:28.142  3314  3646 I com.miui.home: CheckGCForNative gc_urgency 0.612859 current_native_bytes is 92700907
12-20 19:57:28.179  3314  3355 D cccccc  : onTaskStackChangedBackground
12-20 19:57:28.188  3314  3376 D cccccc  : onTaskStackChangedBackground
12-20 19:57:28.343  3314  3843 I com.miui.home: CheckGCForNative adj_start_bytes: 48154062 NativeAllocationGcWatermark: 12159683 java_gc_start_bytes: 29914538 kNewNativeDiscountFactor: 2 kOldNativeDiscountFactor: 65536 old_native_bytes: 90744907 new_native_bytes: 2186048 add_bytes_allowed: 36479049 is_gc_concurrent: 1 target_footprint_: 30168601 GetBytesAllocated: 28888920 HeapGrowthMultiplier: 3
12-20 19:57:28.343  3314  3843 I com.miui.home: CheckGCForNative gc_urgency 0.622654 current_native_bytes is 92930955
12-20 19:57:28.443  3314  3843 I com.miui.home: CheckGCForNative adj_start_bytes: 48154062 NativeAllocationGcWatermark: 12159683 java_gc_start_bytes: 29914538 kNewNativeDiscountFactor: 2 kOldNativeDiscountFactor: 65536 old_native_bytes: 90744907 new_native_bytes: 2174080 add_bytes_allowed: 36479049 is_gc_concurrent: 1 target_footprint_: 30168601 GetBytesAllocated: 28990133 HeapGrowthMultiplier: 3
12-20 19:57:28.443  3314  3843 I com.miui.home: CheckGCForNative gc_urgency 0.624632 current_native_bytes is 92918987
12-20 19:57:28.445 13981 13981 I wm_on_application_create_called: [0,com.xiaomi.xmsf,662]
12-20 19:57:28.647  3314  3983 I com.miui.home: CheckGCForNative adj_start_bytes: 48154062 NativeAllocationGcWatermark: 12159683 java_gc_start_bytes: 29914538 kNewNativeDiscountFactor: 2 kOldNativeDiscountFactor: 65536 old_native_bytes: 90744907 new_native_bytes: 2278108 add_bytes_allowed: 36479049 is_gc_concurrent: 1 target_footprint_: 30168601 GetBytesAllocated: 29555736 HeapGrowthMultiplier: 3
12-20 19:57:28.647  3314  3983 I com.miui.home: CheckGCForNative gc_urgency 0.637458 current_native_bytes is 93023015
12-20 19:57:29.142  3314  3983 I com.miui.home: CheckGCForNative gc_urgency 0 current_native_bytes is 92810419
12-20 19:57:29.166 14025 14025 I wm_on_application_create_called: [0,com.xiaomi.bluetooth,338]
12-20 19:57:29.371  3314  3314 I wm_on_resume_called: [0,262322408,com.miui.home.launcher.Launcher,RESUME_ACTIVITY,17]
12-20 19:57:29.392  3314  3314 I wm_on_idle_called: com.miui.home.launcher.Launcher
12-20 19:57:29.522  3314  3648 I com.miui.home: CheckGCForNative gc_urgency 0 current_native_bytes is 91918287
