12-21 17:30:24.731  3305  3571 I com.miui.home: CheckGCForNative gc_urgency 0.739813 current_native_bytes is 153283691
12-21 17:30:24.745  3305  3305 I wm_on_resume_called: [0,206494651,com.miui.home.launcher.Launcher,RESUME_ACTIVITY,36]
12-21 17:30:24.851  3305  3305 I wm_on_idle_called: com.miui.home.launcher.Launcher
12-21 17:30:24.970  3305  3573 E cccccc  : createTaskSnapshot:
12-21 17:30:24.971  3305  3573 I cccccc  : getTaskSnapshotInstance:
12-21 17:30:24.972  3305  3358 I com.miui.home: CheckGCForNative adj_start_bytes: 33211235 NativeAllocationGcWatermark: 10573807 java_gc_start_bytes: 17350525 kNewNativeDiscountFactor: 2 kOldNativeDiscountFactor: 65536 old_native_bytes: 129969927 new_native_bytes: 34281436 add_bytes_allowed: 31721421 is_gc_concurrent: 1 target_footprint_: 17481597 GetBytesAllocated: 13489215 HeapGrowthMultiplier: 3
12-21 17:30:24.972  3305  3358 I com.miui.home: CheckGCForNative gc_urgency 0.922336 current_native_bytes is 164251363
12-21 17:30:24.972  3305  3358 I cccccc  : createTaskSnapshotCompat:
12-21 17:30:24.972  3305  3998 I cccccc  : getTaskSnapshot:
12-21 17:30:24.973  3305  3998 I com.miui.home: CheckGCForNative adj_start_bytes: 33211235 NativeAllocationGcWatermark: 10573807 java_gc_start_bytes: 17350525 kNewNativeDiscountFactor: 2 kOldNativeDiscountFactor: 65536 old_native_bytes: 129969927 new_native_bytes: 44987356 add_bytes_allowed: 31721421 is_gc_concurrent: 1 target_footprint_: 17481597 GetBytesAllocated: 13492047 HeapGrowthMultiplier: 3
12-21 17:30:24.973  3305  3998 I com.miui.home: CheckGCForNative gc_urgency 1.0836 current_native_bytes is 174957283
12-21 17:30:24.973  3305  3998 I com.miui.home: CheckGCForNative requested 1
12-21 17:30:24.974  3305  3305 I cccccc  : createTaskSnapshotCompat:
12-21 17:30:24.975  3305  3305 I com.miui.home: CheckGCForNative adj_start_bytes: 33211235 NativeAllocationGcWatermark: 10573807 java_gc_start_bytes: 17350525 kNewNativeDiscountFactor: 2 kOldNativeDiscountFactor: 65536 old_native_bytes: 129969927 new_native_bytes: 55691612 add_bytes_allowed: 31721421 is_gc_concurrent: 1 target_footprint_: 17481597 GetBytesAllocated: 13509983 HeapGrowthMultiplier: 3
12-21 17:30:24.975  3305  3305 I com.miui.home: CheckGCForNative gc_urgency 1.24529 current_native_bytes is 185661539
12-21 17:30:24.975  3305  3305 I com.miui.home: CheckGCForNative requested 1
12-21 17:30:24.975  3305  3358 I com.miui.home: CheckGCForNative adj_start_bytes: 33211235 NativeAllocationGcWatermark: 10573807 java_gc_start_bytes: 17350525 kNewNativeDiscountFactor: 2 kOldNativeDiscountFactor: 65536 old_native_bytes: 129969927 new_native_bytes: 66398556 add_bytes_allowed: 31721421 is_gc_concurrent: 1 target_footprint_: 17481597 GetBytesAllocated: 13509983 HeapGrowthMultiplier: 3
12-21 17:30:24.975  3305  3358 I com.miui.home: CheckGCForNative gc_urgency 1.40649 current_native_bytes is 196368483
12-21 17:30:24.975  3305  3358 I com.miui.home: CheckGCForNative requested 1
12-21 17:30:24.998  3305  3573 I com.miui.home: CheckGCForNative adj_start_bytes: 33211235 NativeAllocationGcWatermark: 10573807 java_gc_start_bytes: 17350525 kNewNativeDiscountFactor: 2 kOldNativeDiscountFactor: 65536 old_native_bytes: 129969927 new_native_bytes: 55722140 add_bytes_allowed: 31721421 is_gc_concurrent: 1 target_footprint_: 17481597 GetBytesAllocated: 13641209 HeapGrowthMultiplier: 3
12-21 17:30:24.998  3305  3573 I com.miui.home: CheckGCForNative gc_urgency 1.24971 current_native_bytes is 185692067
12-21 17:30:24.998  3305  3573 I com.miui.home: CheckGCForNative requested 1
12-21 17:30:25.162  3305  3594 I com.miui.home: CheckGCForNative adj_start_bytes: 33211235 NativeAllocationGcWatermark: 10573807 java_gc_start_bytes: 17350525 kNewNativeDiscountFactor: 2 kOldNativeDiscountFactor: 65536 old_native_bytes: 129969927 new_native_bytes: 44949036 add_bytes_allowed: 31721421 is_gc_concurrent: 1 target_footprint_: 17481597 GetBytesAllocated: 14185217 HeapGrowthMultiplier: 3
12-21 17:30:25.162  3305  3594 I com.miui.home: CheckGCForNative gc_urgency 1.1039 current_native_bytes is 174918963
12-21 17:30:25.162  3305  3594 I com.miui.home: CheckGCForNative requested 1
12-21 17:30:25.187  3305  3305 I wm_on_top_resumed_gained_called: [206494651,com.miui.home.launcher.Launcher,topStateChangedWhenResumed]
12-21 17:30:25.202  3305  3340 I com.miui.home: NativeAlloc concurrent copying GC freed 106672(4675KB) AllocSpace objects, 14(392KB) LOS objects, 49% free, 8829KB/17MB, paused 5.866ms,899us total 228.275ms
12-21 17:30:25.287 10742 10742 I wm_on_top_resumed_lost_called: [67306546,com.tencent.mm.plugin.account.ui.WelcomeActivity,topStateChangedWhenResumed]
12-21 17:30:25.388  3305  3305 I com.miui.home: CheckGCForNative gc_urgency 0 current_native_bytes is 119364687
12-21 17:30:25.472  3305  3586 I cccccc  : createTaskSnapshotCompat:
12-21 17:30:25.506 10742 10742 I wm_on_paused_called: [0,67306546,com.tencent.mm.plugin.account.ui.WelcomeActivity,performPause,18]
12-21 17:30:25.600 10742 10742 I wm_on_stop_called: [0,178570465,com.tencent.mm.ui.LauncherUI,STOP_ACTIVITY_ITEM,12]
12-21 17:30:25.612  3305  3996 D cccccc  : onTaskStackChangedBackground
12-21 17:30:25.614  3305  3998 D cccccc  : onTaskStackChangedBackground
12-21 17:30:25.626 10742 10742 I wm_on_stop_called: [0,67306546,com.tencent.mm.plugin.account.ui.WelcomeActivity,STOP_ACTIVITY_ITEM,18]
12-21 17:30:25.634 10742 10742 I wm_on_idle_called: com.tencent.mm.ui.LauncherUI
12-21 17:30:25.635 10742 10742 I wm_on_idle_called: com.tencent.mm.plugin.account.ui.WelcomeActivity
12-21 17:30:25.724  3305  3573 I com.miui.home: CheckGCForNative adj_start_bytes: 33531011 NativeAllocationGcWatermark: 10648859 java_gc_start_bytes: 17557723 kNewNativeDiscountFactor: 2 kOldNativeDiscountFactor: 65536 old_native_bytes: 119364687 new_native_bytes: 730896 add_bytes_allowed: 31946577 is_gc_concurrent: 1 target_footprint_: 18082011 GetBytesAllocated: 9687818 HeapGrowthMultiplier: 3
12-21 17:30:25.724  3305  3573 I com.miui.home: CheckGCForNative gc_urgency 0.299874 current_native_bytes is 120095583
12-21 17:30:25.788  3305  3573 E cccccc  : createTaskSnapshot:
12-21 17:30:25.788  3305  3573 I cccccc  : getTaskSnapshotInstance:
12-21 17:30:25.791  3305  3573 I com.miui.home: CheckGCForNative adj_start_bytes: 33531011 NativeAllocationGcWatermark: 10648859 java_gc_start_bytes: 17557723 kNewNativeDiscountFactor: 2 kOldNativeDiscountFactor: 65536 old_native_bytes: 119364687 new_native_bytes: 11540292 add_bytes_allowed: 31946577 is_gc_concurrent: 1 target_footprint_: 18082011 GetBytesAllocated: 9919395 HeapGrowthMultiplier: 3
12-21 17:30:25.791  3305  3573 I com.miui.home: CheckGCForNative gc_urgency 0.467966 current_native_bytes is 130904979
12-21 17:30:25.991  3305  3305 I wm_on_top_resumed_lost_called: [206494651,com.miui.home.launcher.Launcher,topStateChangedWhenResumed]
12-21 17:30:25.995  3305  3305 I wm_on_paused_called: [0,206494651,com.miui.home.launcher.Launcher,performPause,3]
12-21 17:30:26.070  3305  3998 D cccccc  : onTaskStackChangedBackground
12-21 17:30:26.070  3305  3998 D cccccc  : onTaskStackChangedBackground
12-21 17:30:26.133  3305  3358 D cccccc  : onTaskStackChangedBackground
12-21 17:30:26.149  3305  9817 D cccccc  : onTaskStackChangedBackground
12-21 17:30:26.284  3305  3594 I com.miui.home: CheckGCForNative adj_start_bytes: 33531011 NativeAllocationGcWatermark: 10648859 java_gc_start_bytes: 17557723 kNewNativeDiscountFactor: 2 kOldNativeDiscountFactor: 65536 old_native_bytes: 119364687 new_native_bytes: 1778728 add_bytes_allowed: 31946577 is_gc_concurrent: 1 target_footprint_: 18082011 GetBytesAllocated: 11443254 HeapGrowthMultiplier: 3
12-21 17:30:26.284  3305  3594 I com.miui.home: CheckGCForNative gc_urgency 0.367852 current_native_bytes is 121143415
12-21 17:30:26.365  3305  3573 E cccccc  : createTaskSnapshot:
12-21 17:30:26.365  3305  3573 I cccccc  : getTaskSnapshotInstance:
12-21 17:30:26.495  3305  3594 I com.miui.home: CheckGCForNative adj_start_bytes: 33531011 NativeAllocationGcWatermark: 10648859 java_gc_start_bytes: 17557723 kNewNativeDiscountFactor: 2 kOldNativeDiscountFactor: 65536 old_native_bytes: 119364687 new_native_bytes: 2167016 add_bytes_allowed: 31946577 is_gc_concurrent: 1 target_footprint_: 18082011 GetBytesAllocated: 12390084 HeapGrowthMultiplier: 3
12-21 17:30:26.495  3305  3594 I com.miui.home: CheckGCForNative gc_urgency 0.401879 current_native_bytes is 121531703
12-21 17:30:26.517  3305  3594 I com.miui.home: CheckGCForNative adj_start_bytes: 33531011 NativeAllocationGcWatermark: 10648859 java_gc_start_bytes: 17557723 kNewNativeDiscountFactor: 2 kOldNativeDiscountFactor: 65536 old_native_bytes: 119364687 new_native_bytes: 2234856 add_bytes_allowed: 31946577 is_gc_concurrent: 1 target_footprint_: 18082011 GetBytesAllocated: 12443778 HeapGrowthMultiplier: 3
12-21 17:30:26.517  3305  3594 I com.miui.home: CheckGCForNative gc_urgency 0.404492 current_native_bytes is 121599543
12-21 17:30:26.534  3305  3573 E cccccc  : createTaskSnapshot:
12-21 17:30:26.534  3305  3573 I cccccc  : getTaskSnapshotInstance:
12-21 17:30:26.713 13291 13291 I wm_on_create_called: [0,130713008,com.sina.weibo.SplashActivity,performCreate,48]
12-21 17:30:26.737 13291 13291 I wm_on_start_called: [0,130713008,com.sina.weibo.SplashActivity,handleStartActivity,22]
12-21 17:30:26.750 13291 13291 I wm_on_resume_called: [0,130713008,com.sina.weibo.SplashActivity,RESUME_ACTIVITY,8]
12-21 17:30:26.808 13291 13291 I wm_on_top_resumed_gained_called: [130713008,com.sina.weibo.SplashActivity,topStateChangedWhenResumed]
12-21 17:30:27.042  3305  3305 I wm_on_stop_called: [0,206494651,com.miui.home.launcher.Launcher,STOP_ACTIVITY_ITEM,5]
12-21 17:30:27.213 13291 13291 I wm_on_idle_called: com.sina.weibo.SplashActivity
12-21 17:30:27.251 13384 13384 I wm_on_application_create_called: [0,com.sina.weibo,294]
12-21 17:30:28.349 13291 13291 I wm_on_top_resumed_lost_called: [130713008,com.sina.weibo.SplashActivity,topStateChangedWhenResumed]
12-21 17:30:28.358  3305  3305 I wm_on_restart_called: [0,206494651,com.miui.home.launcher.Launcher,,0]
12-21 17:30:28.360  3305  3305 I wm_on_start_called: [0,206494651,com.miui.home.launcher.Launcher,handleStartActivity,2]
12-21 17:30:28.379  3305  3305 I wm_on_resume_called: [0,206494651,com.miui.home.launcher.Launcher,RESUME_ACTIVITY,17]
12-21 17:30:28.471  3305  3305 I wm_on_top_resumed_gained_called: [206494651,com.miui.home.launcher.Launcher,topStateChangedWhenResumed]
12-21 17:30:28.475  3305  3305 I wm_on_idle_called: com.miui.home.launcher.Launcher
12-21 17:30:28.513  3305  9817 I cccccc  : getTaskSnapshot:
12-21 17:30:28.513  3305  9817 I com.miui.home: CheckGCForNative adj_start_bytes: 33531011 NativeAllocationGcWatermark: 10648859 java_gc_start_bytes: 17557723 kNewNativeDiscountFactor: 2 kOldNativeDiscountFactor: 65536 old_native_bytes: 119364687 new_native_bytes: 12884268 add_bytes_allowed: 31946577 is_gc_concurrent: 1 target_footprint_: 18082011 GetBytesAllocated: 14359460 HeapGrowthMultiplier: 3
12-21 17:30:28.513  3305  9817 I com.miui.home: CheckGCForNative gc_urgency 0.620423 current_native_bytes is 132248955
12-21 17:30:28.514  3305  3305 I cccccc  : createTaskSnapshotCompat:
12-21 17:30:28.514  3305  3996 I com.miui.home: CheckGCForNative adj_start_bytes: 33531011 NativeAllocationGcWatermark: 10648859 java_gc_start_bytes: 17557723 kNewNativeDiscountFactor: 2 kOldNativeDiscountFactor: 65536 old_native_bytes: 119364687 new_native_bytes: 23587116 add_bytes_allowed: 31946577 is_gc_concurrent: 1 target_footprint_: 18082011 GetBytesAllocated: 14359652 HeapGrowthMultiplier: 3
12-21 17:30:28.514  3305  3996 I com.miui.home: CheckGCForNative gc_urgency 0.780025 current_native_bytes is 142951803
12-21 17:30:28.514  3305  3996 I cccccc  : createTaskSnapshotCompat:
12-21 17:30:28.514  3305  3305 I com.miui.home: CheckGCForNative adj_start_bytes: 33531011 NativeAllocationGcWatermark: 10648859 java_gc_start_bytes: 17557723 kNewNativeDiscountFactor: 2 kOldNativeDiscountFactor: 65536 old_native_bytes: 119364687 new_native_bytes: 34294060 add_bytes_allowed: 31946577 is_gc_concurrent: 1 target_footprint_: 18082011 GetBytesAllocated: 14363469 HeapGrowthMultiplier: 3
12-21 17:30:28.514  3305  3305 I com.miui.home: CheckGCForNative gc_urgency 0.939796 current_native_bytes is 153658747
12-21 17:30:28.527  3305  8066 I com.miui.home: CheckGCForNative adj_start_bytes: 33531011 NativeAllocationGcWatermark: 10648859 java_gc_start_bytes: 17557723 kNewNativeDiscountFactor: 2 kOldNativeDiscountFactor: 65536 old_native_bytes: 119364687 new_native_bytes: 12853964 add_bytes_allowed: 31946577 is_gc_concurrent: 1 target_footprint_: 18082011 GetBytesAllocated: 14395022 HeapGrowthMultiplier: 3
12-21 17:30:28.527  3305  8066 I com.miui.home: CheckGCForNative gc_urgency 0.621032 current_native_bytes is 132218651
12-21 17:30:28.839  3305  3594 I com.miui.home: CheckGCForNative adj_start_bytes: 33531011 NativeAllocationGcWatermark: 10648859 java_gc_start_bytes: 17557723 kNewNativeDiscountFactor: 2 kOldNativeDiscountFactor: 65536 old_native_bytes: 119364687 new_native_bytes: 12905964 add_bytes_allowed: 31946577 is_gc_concurrent: 1 target_footprint_: 18082011 GetBytesAllocated: 14507068 HeapGrowthMultiplier: 3
12-21 17:30:28.839  3305  3594 I com.miui.home: CheckGCForNative gc_urgency 0.625149 current_native_bytes is 132270651
12-21 17:30:28.872  3305  3594 I com.miui.home: CheckGCForNative adj_start_bytes: 33531011 NativeAllocationGcWatermark: 10648859 java_gc_start_bytes: 17557723 kNewNativeDiscountFactor: 2 kOldNativeDiscountFactor: 65536 old_native_bytes: 119364687 new_native_bytes: 12908780 add_bytes_allowed: 31946577 is_gc_concurrent: 1 target_footprint_: 18082011 GetBytesAllocated: 14518420 HeapGrowthMultiplier: 3
12-21 17:30:28.872  3305  3594 I com.miui.home: CheckGCForNative gc_urgency 0.625529 current_native_bytes is 132273467
12-21 17:30:28.982 13291 13291 I wm_on_paused_called: [0,130713008,com.sina.weibo.SplashActivity,performPause,1]
12-21 17:30:28.999  3305  3586 I cccccc  : createTaskSnapshotCompat:
12-21 17:30:29.032 13291 13291 I wm_on_stop_called: [0,130713008,com.sina.weibo.SplashActivity,STOP_ACTIVITY_ITEM,8]
12-21 17:30:29.110  3305  3358 D cccccc  : onTaskStackChangedBackground
12-21 17:30:29.114  3305  9817 D cccccc  : onTaskStackChangedBackground
12-21 17:30:29.262  3305  3573 E cccccc  : createTaskSnapshot:
12-21 17:30:29.262  3305  3573 I cccccc  : getTaskSnapshotInstance:
12-21 17:30:29.262  3305  3573 I com.miui.home: CheckGCForNative adj_start_bytes: 33531011 NativeAllocationGcWatermark: 10648859 java_gc_start_bytes: 17557723 kNewNativeDiscountFactor: 2 kOldNativeDiscountFactor: 65536 old_native_bytes: 119364687 new_native_bytes: 23689112 add_bytes_allowed: 31946577 is_gc_concurrent: 1 target_footprint_: 18082011 GetBytesAllocated: 15330435 HeapGrowthMultiplier: 3
12-21 17:30:29.262  3305  3573 I com.miui.home: CheckGCForNative gc_urgency 0.810498 current_native_bytes is 143053799
12-21 17:30:29.669  3305  3305 I wm_on_top_resumed_lost_called: [206494651,com.miui.home.launcher.Launcher,topStateChangedWhenResumed]
12-21 17:30:29.673  3305  3305 I wm_on_paused_called: [0,206494651,com.miui.home.launcher.Launcher,performPause,2]
12-21 17:30:29.674  3305  3571 I com.miui.home: CheckGCForNative adj_start_bytes: 33531011 NativeAllocationGcWatermark: 10648859 java_gc_start_bytes: 17557723 kNewNativeDiscountFactor: 2 kOldNativeDiscountFactor: 65536 old_native_bytes: 119364687 new_native_bytes: 13483788 add_bytes_allowed: 31946577 is_gc_concurrent: 1 target_footprint_: 18082011 GetBytesAllocated: 16100691 HeapGrowthMultiplier: 3
12-21 17:30:29.675  3305  3571 I com.miui.home: CheckGCForNative gc_urgency 0.681292 current_native_bytes is 132848475
12-21 17:30:29.720  3305  3998 D cccccc  : onTaskStackChangedBackground
12-21 17:30:29.723  3305  3998 D cccccc  : onTaskStackChangedBackground
12-21 17:30:29.780  3305  3358 D cccccc  : onTaskStackChangedBackground
12-21 17:30:29.782  3305  3998 D cccccc  : onTaskStackChangedBackground
12-21 17:30:29.984  3305  3594 I com.miui.home: CheckGCForNative adj_start_bytes: 33531011 NativeAllocationGcWatermark: 10648859 java_gc_start_bytes: 17557723 kNewNativeDiscountFactor: 2 kOldNativeDiscountFactor: 65536 old_native_bytes: 119364687 new_native_bytes: 13889328 add_bytes_allowed: 31946577 is_gc_concurrent: 1 target_footprint_: 18082011 GetBytesAllocated: 16991980 HeapGrowthMultiplier: 3
12-21 17:30:29.984  3305  3594 I com.miui.home: CheckGCForNative gc_urgency 0.714077 current_native_bytes is 133254015
12-21 17:30:30.007  3305  3573 E cccccc  : createTaskSnapshot:
12-21 17:30:30.008  3305  3573 I cccccc  : getTaskSnapshotInstance:
12-21 17:30:30.095  3305  3594 I com.miui.home: CheckGCForNative adj_start_bytes: 33531011 NativeAllocationGcWatermark: 10648859 java_gc_start_bytes: 17557723 kNewNativeDiscountFactor: 2 kOldNativeDiscountFactor: 65536 old_native_bytes: 119364687 new_native_bytes: 14058000 add_bytes_allowed: 31946577 is_gc_concurrent: 1 target_footprint_: 18082011 GetBytesAllocated: 17472408 HeapGrowthMultiplier: 3
12-21 17:30:30.095  3305  3594 I com.miui.home: CheckGCForNative gc_urgency 0.730763 current_native_bytes is 133422687
12-21 17:30:30.206  3305  3573 E cccccc  : createTaskSnapshot:
12-21 17:30:30.206  3305  3573 I cccccc  : getTaskSnapshotInstance:
12-21 17:30:30.239  3305  3594 I com.miui.home: CheckGCForNative gc_urgency 0 current_native_bytes is 131374191
12-21 17:30:30.409 13636 13636 I wm_on_application_create_called: [0,com.UCMobile,206]
12-21 17:30:30.550 13636 13636 I wm_on_create_called: [0,254321281,com.UCMobile.main.UCMobile,performCreate,113]
12-21 17:30:30.672 13636 13636 I wm_on_create_called: [0,45585549,com.uc.browser.InnerUCMobile,performCreate,35]
12-21 17:30:30.675 13636 13636 I wm_on_start_called: [0,45585549,com.uc.browser.InnerUCMobile,handleStartActivity,3]
12-21 17:30:30.687 13636 13636 I wm_on_resume_called: [0,45585549,com.uc.browser.InnerUCMobile,RESUME_ACTIVITY,8]
12-21 17:30:30.706  3305  3998 D cccccc  : onTaskStackChangedBackground
12-21 17:30:30.707  3305  3998 D cccccc  : onTaskStackChangedBackground
12-21 17:30:30.749 13636 13636 I wm_on_top_resumed_gained_called: [45585549,com.uc.browser.InnerUCMobile,topStateChangedWhenResumed]
12-21 17:30:30.933  3305  3573 E cccccc  : createTaskSnapshot:
12-21 17:30:30.933  3305  3573 I cccccc  : getTaskSnapshotInstance:
12-21 17:30:31.066  3305  3305 I wm_on_stop_called: [0,206494651,com.miui.home.launcher.Launcher,STOP_ACTIVITY_ITEM,17]
12-21 17:30:31.083  3305  3573 E cccccc  : createTaskSnapshot:
12-21 17:30:31.083  3305  3573 I cccccc  : getTaskSnapshotInstance:
12-21 17:30:31.194  3305  3305 I wm_on_restart_called: [0,206494651,com.miui.home.launcher.Launcher,,0]
12-21 17:30:31.196  3305  3305 I wm_on_start_called: [0,206494651,com.miui.home.launcher.Launcher,handleStartActivity,1]
12-21 17:30:31.234  3305  3305 I wm_on_resume_called: [0,206494651,com.miui.home.launcher.Launcher,RESUME_ACTIVITY,37]
12-21 17:30:31.344  3305  3305 I wm_on_idle_called: com.miui.home.launcher.Launcher
12-21 17:30:31.465  3305  3358 I com.miui.home: CheckGCForNative adj_start_bytes: 33776771 NativeAllocationGcWatermark: 10648859 java_gc_start_bytes: 17803483 kNewNativeDiscountFactor: 2 kOldNativeDiscountFactor: 65536 old_native_bytes: 131374191 new_native_bytes: 11118004 add_bytes_allowed: 31946577 is_gc_concurrent: 1 target_footprint_: 18082011 GetBytesAllocated: 12335129 HeapGrowthMultiplier: 3
12-21 17:30:31.466  3305  3358 I com.miui.home: CheckGCForNative gc_urgency 0.529836 current_native_bytes is 142492195
12-21 17:30:31.466  3305  3358 I cccccc  : createTaskSnapshotCompat:
12-21 17:30:31.469  3305  3358 I com.miui.home: CheckGCForNative adj_start_bytes: 33776771 NativeAllocationGcWatermark: 10648859 java_gc_start_bytes: 17803483 kNewNativeDiscountFactor: 2 kOldNativeDiscountFactor: 65536 old_native_bytes: 131374191 new_native_bytes: 21824948 add_bytes_allowed: 31946577 is_gc_concurrent: 1 target_footprint_: 18082011 GetBytesAllocated: 12357651 HeapGrowthMultiplier: 3
12-21 17:30:31.469  3305  3358 I com.miui.home: CheckGCForNative gc_urgency 0.689019 current_native_bytes is 153199139
12-21 17:30:31.469  3305  3998 I cccccc  : getTaskSnapshot:
12-21 17:30:31.470  3305  3998 I com.miui.home: CheckGCForNative adj_start_bytes: 33776771 NativeAllocationGcWatermark: 10648859 java_gc_start_bytes: 17803483 kNewNativeDiscountFactor: 2 kOldNativeDiscountFactor: 65536 old_native_bytes: 131374191 new_native_bytes: 32530868 add_bytes_allowed: 31946577 is_gc_concurrent: 1 target_footprint_: 18082011 GetBytesAllocated: 12373405 HeapGrowthMultiplier: 3
12-21 17:30:31.470  3305  3998 I com.miui.home: CheckGCForNative gc_urgency 0.848193 current_native_bytes is 163905059
12-21 17:30:31.470  3305  3305 I cccccc  : createTaskSnapshotCompat:
12-21 17:30:31.481  3305  8066 I com.miui.home: CheckGCForNative adj_start_bytes: 33776771 NativeAllocationGcWatermark: 10648859 java_gc_start_bytes: 17803483 kNewNativeDiscountFactor: 2 kOldNativeDiscountFactor: 65536 old_native_bytes: 131374191 new_native_bytes: 11123892 add_bytes_allowed: 31946577 is_gc_concurrent: 1 target_footprint_: 18082011 GetBytesAllocated: 12457438 HeapGrowthMultiplier: 3
12-21 17:30:31.481  3305  8066 I com.miui.home: CheckGCForNative gc_urgency 0.533544 current_native_bytes is 142498083
12-21 17:30:31.487 13636 13636 I wm_on_destroy_called: [0,254321281,com.UCMobile.main.UCMobile,performDestroy,0]
12-21 17:30:31.539 13636 13636 I wm_on_top_resumed_lost_called: [45585549,com.uc.browser.InnerUCMobile,topStateChangedWhenResumed]
12-21 17:30:31.541  3305  3305 I wm_on_top_resumed_gained_called: [206494651,com.miui.home.launcher.Launcher,topStateChangedWhenResumed]
12-21 17:30:31.651  3305  3594 I com.miui.home: CheckGCForNative adj_start_bytes: 33776771 NativeAllocationGcWatermark: 10648859 java_gc_start_bytes: 17803483 kNewNativeDiscountFactor: 2 kOldNativeDiscountFactor: 65536 old_native_bytes: 131374191 new_native_bytes: 11158260 add_bytes_allowed: 31946577 is_gc_concurrent: 1 target_footprint_: 18082011 GetBytesAllocated: 12647637 HeapGrowthMultiplier: 3
12-21 17:30:31.651  3305  3594 I com.miui.home: CheckGCForNative gc_urgency 0.539684 current_native_bytes is 142532451
12-21 17:30:31.817  3305  3594 I com.miui.home: CheckGCForNative adj_start_bytes: 33776771 NativeAllocationGcWatermark: 10648859 java_gc_start_bytes: 17803483 kNewNativeDiscountFactor: 2 kOldNativeDiscountFactor: 65536 old_native_bytes: 131374191 new_native_bytes: 11171508 add_bytes_allowed: 31946577 is_gc_concurrent: 1 target_footprint_: 18082011 GetBytesAllocated: 12721060 HeapGrowthMultiplier: 3
12-21 17:30:31.817  3305  3594 I com.miui.home: CheckGCForNative gc_urgency 0.542054 current_native_bytes is 142545699
12-21 17:30:31.977  3305  3586 I com.miui.home: CheckGCForNative adj_start_bytes: 33776771 NativeAllocationGcWatermark: 10648859 java_gc_start_bytes: 17803483 kNewNativeDiscountFactor: 2 kOldNativeDiscountFactor: 65536 old_native_bytes: 131374191 new_native_bytes: 21775444 add_bytes_allowed: 31946577 is_gc_concurrent: 1 target_footprint_: 18082011 GetBytesAllocated: 12805881 HeapGrowthMultiplier: 3
12-21 17:30:31.977  3305  3586 I com.miui.home: CheckGCForNative gc_urgency 0.701536 current_native_bytes is 153149635
12-21 17:30:31.977  3305  3358 I cccccc  : getTaskSnapshot:
12-21 17:30:31.978  3305  3586 I cccccc  : createTaskSnapshotCompat:
12-21 17:30:31.980  3305  3358 I com.miui.home: CheckGCForNative adj_start_bytes: 33776771 NativeAllocationGcWatermark: 10648859 java_gc_start_bytes: 17803483 kNewNativeDiscountFactor: 2 kOldNativeDiscountFactor: 65536 old_native_bytes: 131374191 new_native_bytes: 32481812 add_bytes_allowed: 31946577 is_gc_concurrent: 1 target_footprint_: 18082011 GetBytesAllocated: 12816088 HeapGrowthMultiplier: 3
12-21 17:30:31.980  3305  3358 I com.miui.home: CheckGCForNative gc_urgency 0.860325 current_native_bytes is 163856003
12-21 17:30:31.980  3305  3305 I cccccc  : createTaskSnapshotCompat:
12-21 17:30:31.980  3305  3586 I com.miui.home: CheckGCForNative adj_start_bytes: 33776771 NativeAllocationGcWatermark: 10648859 java_gc_start_bytes: 17803483 kNewNativeDiscountFactor: 2 kOldNativeDiscountFactor: 65536 old_native_bytes: 131374191 new_native_bytes: 43188756 add_bytes_allowed: 31946577 is_gc_concurrent: 1 target_footprint_: 18082011 GetBytesAllocated: 12816280 HeapGrowthMultiplier: 3
12-21 17:30:31.980  3305  3586 I com.miui.home: CheckGCForNative gc_urgency 1.01883 current_native_bytes is 174562947
12-21 17:30:31.981  3305  3586 I com.miui.home: CheckGCForNative requested 1
12-21 17:30:31.981  3305  3305 I com.miui.home: CheckGCForNative adj_start_bytes: 33776771 NativeAllocationGcWatermark: 10648859 java_gc_start_bytes: 17803483 kNewNativeDiscountFactor: 2 kOldNativeDiscountFactor: 65536 old_native_bytes: 131374191 new_native_bytes: 53896148 add_bytes_allowed: 31946577 is_gc_concurrent: 1 target_footprint_: 18082011 GetBytesAllocated: 12816280 HeapGrowthMultiplier: 3
12-21 17:30:31.981  3305  3305 I com.miui.home: CheckGCForNative gc_urgency 1.17733 current_native_bytes is 185270339
12-21 17:30:31.981  3305  3305 I com.miui.home: CheckGCForNative requested 1
12-21 17:30:32.333  3305  3340 I com.miui.home: NativeAlloc concurrent copying GC freed 88640(3872KB) AllocSpace objects, 12(288KB) LOS objects, 49% free, 8659KB/16MB, paused 1.536ms,245us total 351.987ms
12-21 17:30:32.395  3305  3533 I com.miui.home: CheckGCForNative gc_urgency 0 current_native_bytes is 130296447
12-21 17:30:32.396  3305 12150 I com.miui.home: CheckGCForNative adj_start_bytes: 33330556 NativeAllocationGcWatermark: 10605365 java_gc_start_bytes: 17422509 kNewNativeDiscountFactor: 2 kOldNativeDiscountFactor: 65536 old_native_bytes: 130296447 new_native_bytes: 704 add_bytes_allowed: 31816095 is_gc_concurrent: 1 target_footprint_: 17734059 GetBytesAllocated: 9000093 HeapGrowthMultiplier: 3
12-21 17:30:32.396  3305 12150 I com.miui.home: CheckGCForNative gc_urgency 0.270095 current_native_bytes is 130297151
12-21 17:30:32.495  3305  3305 I wm_on_top_resumed_lost_called: [206494651,com.miui.home.launcher.Launcher,topStateChangedWhenResumed]
12-21 17:30:32.504  3305  3305 I wm_on_paused_called: [0,206494651,com.miui.home.launcher.Launcher,performPause,2]
12-21 17:30:32.524  3305  3996 D cccccc  : onTaskStackChangedBackground
12-21 17:30:32.529  3305  3996 D cccccc  : onTaskStackChangedBackground
12-21 17:30:32.615  3305  9817 D cccccc  : onTaskStackChangedBackground
12-21 17:30:32.618  3305  3996 D cccccc  : onTaskStackChangedBackground
12-21 17:30:32.662 13636 13636 I wm_on_paused_called: [0,45585549,com.uc.browser.InnerUCMobile,performPause,241]
12-21 17:30:32.906  3305  3594 I com.miui.home: CheckGCForNative adj_start_bytes: 33330556 NativeAllocationGcWatermark: 10605365 java_gc_start_bytes: 17422509 kNewNativeDiscountFactor: 2 kOldNativeDiscountFactor: 65536 old_native_bytes: 130296447 new_native_bytes: 1041976 add_bytes_allowed: 31816095 is_gc_concurrent: 1 target_footprint_: 17734059 GetBytesAllocated: 9992626 HeapGrowthMultiplier: 3
12-21 17:30:32.906  3305  3594 I com.miui.home: CheckGCForNative gc_urgency 0.315494 current_native_bytes is 131338423
12-21 17:30:32.974  3305  3573 E cccccc  : createTaskSnapshot:
12-21 17:30:32.974  3305  3573 I cccccc  : getTaskSnapshotInstance:
12-21 17:30:32.976  3305  3573 E cccccc  : createTaskSnapshot:
12-21 17:30:32.976  3305  3573 I cccccc  : getTaskSnapshotInstance:
12-21 17:30:32.977  3305  3573 I com.miui.home: CheckGCForNative adj_start_bytes: 33330556 NativeAllocationGcWatermark: 10605365 java_gc_start_bytes: 17422509 kNewNativeDiscountFactor: 2 kOldNativeDiscountFactor: 65536 old_native_bytes: 130296447 new_native_bytes: 11922284 add_bytes_allowed: 31816095 is_gc_concurrent: 1 target_footprint_: 17734059 GetBytesAllocated: 10205489 HeapGrowthMultiplier: 3
12-21 17:30:32.977  3305  3573 I com.miui.home: CheckGCForNative gc_urgency 0.485099 current_native_bytes is 142218731
12-21 17:30:33.161  3305  3594 I com.miui.home: CheckGCForNative adj_start_bytes: 33330556 NativeAllocationGcWatermark: 10605365 java_gc_start_bytes: 17422509 kNewNativeDiscountFactor: 2 kOldNativeDiscountFactor: 65536 old_native_bytes: 130296447 new_native_bytes: 1410348 add_bytes_allowed: 31816095 is_gc_concurrent: 1 target_footprint_: 17734059 GetBytesAllocated: 10643314 HeapGrowthMultiplier: 3
12-21 17:30:33.161  3305  3594 I com.miui.home: CheckGCForNative gc_urgency 0.340543 current_native_bytes is 131706795
12-21 17:30:33.173  3305  3594 I com.miui.home: CheckGCForNative adj_start_bytes: 33330556 NativeAllocationGcWatermark: 10605365 java_gc_start_bytes: 17422509 kNewNativeDiscountFactor: 2 kOldNativeDiscountFactor: 65536 old_native_bytes: 130296447 new_native_bytes: 1411948 add_bytes_allowed: 31816095 is_gc_concurrent: 1 target_footprint_: 17734059 GetBytesAllocated: 10678224 HeapGrowthMultiplier: 3
12-21 17:30:33.173  3305  3594 I com.miui.home: CheckGCForNative gc_urgency 0.341614 current_native_bytes is 131708395
12-21 17:30:33.248  3305  3573 E cccccc  : createTaskSnapshot:
12-21 17:30:33.248  3305  3573 I cccccc  : getTaskSnapshotInstance:
12-21 17:30:33.568 14023 14023 I wm_on_create_called: [0,158992520,com.tencent.mtt.SplashActivity,performCreate,92]
12-21 17:30:33.659 14023 14023 I wm_on_create_called: [0,238640905,com.tencent.mtt.MainActivity,performCreate,19]
12-21 17:30:33.678 14023 14023 I wm_on_start_called: [0,238640905,com.tencent.mtt.MainActivity,handleStartActivity,19]
12-21 17:30:33.691  3305  9817 D cccccc  : onTaskStackChangedBackground
12-21 17:30:33.695  3305  9817 D cccccc  : onTaskStackChangedBackground
12-21 17:30:33.936  3305  3573 E cccccc  : createTaskSnapshot:
12-21 17:30:33.936  3305  3573 I cccccc  : getTaskSnapshotInstance:
12-21 17:30:34.091 14023 14023 I wm_on_resume_called: [0,238640905,com.tencent.mtt.MainActivity,RESUME_ACTIVITY,412]
12-21 17:30:34.098 14023 14023 I wm_on_top_resumed_gained_called: [238640905,com.tencent.mtt.MainActivity,topStateChangedWhenResumed]
12-21 17:30:34.254  3305  3573 E cccccc  : createTaskSnapshot:
12-21 17:30:34.254  3305  3573 I cccccc  : getTaskSnapshotInstance:
12-21 17:30:34.287  3305  3305 I wm_on_resume_called: [0,206494651,com.miui.home.launcher.Launcher,RESUME_ACTIVITY,18]
12-21 17:30:34.309  3305  3305 I wm_on_idle_called: com.miui.home.launcher.Launcher
12-21 17:30:34.335  3305  3571 I com.miui.home: CheckGCForNative adj_start_bytes: 33330556 NativeAllocationGcWatermark: 10605365 java_gc_start_bytes: 17422509 kNewNativeDiscountFactor: 2 kOldNativeDiscountFactor: 65536 old_native_bytes: 130296447 new_native_bytes: 1933812 add_bytes_allowed: 31816095 is_gc_concurrent: 1 target_footprint_: 17734059 GetBytesAllocated: 13189838 HeapGrowthMultiplier: 3
12-21 17:30:34.335  3305  3571 I com.miui.home: CheckGCForNative gc_urgency 0.424797 current_native_bytes is 132230259
12-21 17:30:34.471  3305  4431 I com.miui.home: CheckGCForNative adj_start_bytes: 33330556 NativeAllocationGcWatermark: 10605365 java_gc_start_bytes: 17422509 kNewNativeDiscountFactor: 2 kOldNativeDiscountFactor: 65536 old_native_bytes: 130296447 new_native_bytes: 12637404 add_bytes_allowed: 31816095 is_gc_concurrent: 1 target_footprint_: 17734059 GetBytesAllocated: 13958107 HeapGrowthMultiplier: 3
12-21 17:30:34.471  3305  4431 I com.miui.home: CheckGCForNative gc_urgency 0.608415 current_native_bytes is 142933851
12-21 17:30:34.471  3305  4431 I cccccc  : createTaskSnapshotCompat:
12-21 17:30:34.474  3305  4431 I com.miui.home: CheckGCForNative adj_start_bytes: 33330556 NativeAllocationGcWatermark: 10605365 java_gc_start_bytes: 17422509 kNewNativeDiscountFactor: 2 kOldNativeDiscountFactor: 65536 old_native_bytes: 130296447 new_native_bytes: 23344348 add_bytes_allowed: 31816095 is_gc_concurrent: 1 target_footprint_: 17734059 GetBytesAllocated: 13961941 HeapGrowthMultiplier: 3
12-21 17:30:34.474  3305  4431 I com.miui.home: CheckGCForNative gc_urgency 0.769147 current_native_bytes is 153640795
12-21 17:30:34.475  3305  3358 I cccccc  : getTaskSnapshot:
12-21 17:30:34.480  3305  3358 I com.miui.home: CheckGCForNative adj_start_bytes: 33330556 NativeAllocationGcWatermark: 10605365 java_gc_start_bytes: 17422509 kNewNativeDiscountFactor: 2 kOldNativeDiscountFactor: 65536 old_native_bytes: 130296447 new_native_bytes: 23344348 add_bytes_allowed: 31816095 is_gc_concurrent: 1 target_footprint_: 17734059 GetBytesAllocated: 13991801 HeapGrowthMultiplier: 3
12-21 17:30:34.480  3305  3358 I com.miui.home: CheckGCForNative gc_urgency 0.770461 current_native_bytes is 153640795
12-21 17:30:34.480  3305  3305 I cccccc  : createTaskSnapshotCompat:
12-21 17:30:34.659  8475  8475 I wm_on_destroy_called: [0,85749646,fm.qingting.qtradio.WelcomeActivity,performDestroy,13]
12-21 17:30:34.662  3305  3594 I com.miui.home: CheckGCForNative adj_start_bytes: 33330556 NativeAllocationGcWatermark: 10605365 java_gc_start_bytes: 17422509 kNewNativeDiscountFactor: 2 kOldNativeDiscountFactor: 65536 old_native_bytes: 130296447 new_native_bytes: 12735996 add_bytes_allowed: 31816095 is_gc_concurrent: 1 target_footprint_: 17734059 GetBytesAllocated: 14095989 HeapGrowthMultiplier: 3
12-21 17:30:34.662  3305  3594 I com.miui.home: CheckGCForNative gc_urgency 0.61403 current_native_bytes is 143032443
12-21 17:30:34.687  3305  3305 I wm_on_top_resumed_gained_called: [206494651,com.miui.home.launcher.Launcher,topStateChangedWhenResumed]
12-21 17:30:34.729  3305  3594 I com.miui.home: CheckGCForNative adj_start_bytes: 33330556 NativeAllocationGcWatermark: 10605365 java_gc_start_bytes: 17422509 kNewNativeDiscountFactor: 2 kOldNativeDiscountFactor: 65536 old_native_bytes: 130296447 new_native_bytes: 12740860 add_bytes_allowed: 31816095 is_gc_concurrent: 1 target_footprint_: 17734059 GetBytesAllocated: 14125874 HeapGrowthMultiplier: 3
12-21 17:30:34.729  3305  3594 I com.miui.home: CheckGCForNative gc_urgency 0.615 current_native_bytes is 143037307
12-21 17:30:34.750 14023 14023 I wm_on_top_resumed_lost_called: [238640905,com.tencent.mtt.MainActivity,pausing]
12-21 17:30:34.753 14023 14023 I wm_on_paused_called: [0,238640905,com.tencent.mtt.MainActivity,performPause,1]
12-21 17:30:34.756 14023 14023 I wm_on_resume_called: [0,238640905,com.tencent.mtt.MainActivity,LIFECYCLER_RESUME_ACTIVITY,1]
12-21 17:30:34.756 14023 14023 I wm_on_top_resumed_gained_called: [238640905,com.tencent.mtt.MainActivity,topWhenResuming]
12-21 17:30:34.828 14023 14023 I wm_on_top_resumed_lost_called: [238640905,com.tencent.mtt.MainActivity,topStateChangedWhenResumed]
12-21 17:30:34.970  3305  3358 I cccccc  : getTaskSnapshot:
12-21 17:30:34.972  3305  3358 I com.miui.home: CheckGCForNative adj_start_bytes: 33330556 NativeAllocationGcWatermark: 10605365 java_gc_start_bytes: 17422509 kNewNativeDiscountFactor: 2 kOldNativeDiscountFactor: 65536 old_native_bytes: 130296447 new_native_bytes: 23318812 add_bytes_allowed: 31816095 is_gc_concurrent: 1 target_footprint_: 17734059 GetBytesAllocated: 14254033 HeapGrowthMultiplier: 3
12-21 17:30:34.972  3305  3358 I com.miui.home: CheckGCForNative gc_urgency 0.777528 current_native_bytes is 153615259
12-21 17:30:34.972  3305  3586 I com.miui.home: CheckGCForNative adj_start_bytes: 33330556 NativeAllocationGcWatermark: 10605365 java_gc_start_bytes: 17422509 kNewNativeDiscountFactor: 2 kOldNativeDiscountFactor: 65536 old_native_bytes: 130296447 new_native_bytes: 34024732 add_bytes_allowed: 31816095 is_gc_concurrent: 1 target_footprint_: 17734059 GetBytesAllocated: 14254225 HeapGrowthMultiplier: 3
12-21 17:30:34.972  3305  3586 I com.miui.home: CheckGCForNative gc_urgency 0.938136 current_native_bytes is 164321179
12-21 17:30:34.972  3305  3586 I cccccc  : createTaskSnapshotCompat:
12-21 17:30:34.973  3305  3305 I cccccc  : createTaskSnapshotCompat:
12-21 17:30:34.973  3305  3586 I com.miui.home: CheckGCForNative adj_start_bytes: 33330556 NativeAllocationGcWatermark: 10605365 java_gc_start_bytes: 17422509 kNewNativeDiscountFactor: 2 kOldNativeDiscountFactor: 65536 old_native_bytes: 130296447 new_native_bytes: 44731996 add_bytes_allowed: 31816095 is_gc_concurrent: 1 target_footprint_: 17734059 GetBytesAllocated: 14261539 HeapGrowthMultiplier: 3
12-21 17:30:34.973  3305  3586 I com.miui.home: CheckGCForNative gc_urgency 1.09898 current_native_bytes is 175028443
12-21 17:30:34.973  3305  3586 I com.miui.home: CheckGCForNative requested 1
12-21 17:30:34.974  3305  3305 I com.miui.home: CheckGCForNative adj_start_bytes: 33330556 NativeAllocationGcWatermark: 10605365 java_gc_start_bytes: 17422509 kNewNativeDiscountFactor: 2 kOldNativeDiscountFactor: 65536 old_native_bytes: 130296447 new_native_bytes: 55439388 add_bytes_allowed: 31816095 is_gc_concurrent: 1 target_footprint_: 17734059 GetBytesAllocated: 14261539 HeapGrowthMultiplier: 3
12-21 17:30:34.974  3305  3305 I com.miui.home: CheckGCForNative gc_urgency 1.2596 current_native_bytes is 185735835
12-21 17:30:34.974  3305  3305 I com.miui.home: CheckGCForNative requested 1
12-21 17:30:35.258  3305 12150 I com.miui.home: CheckGCForNative adj_start_bytes: 33330556 NativeAllocationGcWatermark: 10605365 java_gc_start_bytes: 17422509 kNewNativeDiscountFactor: 2 kOldNativeDiscountFactor: 65536 old_native_bytes: 130296447 new_native_bytes: 34068972 add_bytes_allowed: 31816095 is_gc_concurrent: 1 target_footprint_: 17734059 GetBytesAllocated: 14521497 HeapGrowthMultiplier: 3
12-21 17:30:35.258  3305 12150 I com.miui.home: CheckGCForNative gc_urgency 0.946818 current_native_bytes is 164365419
12-21 17:30:35.319  3305  3340 I com.miui.home: NativeAlloc concurrent copying GC freed 118018(5154KB) AllocSpace objects, 14(392KB) LOS objects, 49% free, 8698KB/16MB, paused 175us,374us total 345.205ms
12-21 17:30:35.390  3305 12150 I com.miui.home: CheckGCForNative gc_urgency 0 current_native_bytes is 131176219
12-21 17:30:35.397 14023 14023 I wm_on_paused_called: [0,238640905,com.tencent.mtt.MainActivity,performPause,2]
12-21 17:30:35.412  3305  3305 I wm_on_top_resumed_lost_called: [206494651,com.miui.home.launcher.Launcher,topStateChangedWhenResumed]
12-21 17:30:35.432  3305  3305 I wm_on_paused_called: [0,206494651,com.miui.home.launcher.Launcher,performPause,2]
12-21 17:30:35.452 14023 14023 I wm_on_destroy_called: [0,158992520,com.tencent.mtt.SplashActivity,performDestroy,28]
12-21 17:30:35.455  3305  3996 D cccccc  : onTaskStackChangedBackground
12-21 17:30:35.467  3305  4431 D cccccc  : onTaskStackChangedBackground
12-21 17:30:35.636  3305  3350 D cccccc  : onTaskStackChangedBackground
12-21 17:30:35.638  3305  3998 D cccccc  : onTaskStackChangedBackground
12-21 17:30:35.762  3305  3594 I com.miui.home: CheckGCForNative gc_urgency 0 current_native_bytes is 131168003
12-21 17:30:35.916  3305  3573 E cccccc  : createTaskSnapshot:
12-21 17:30:35.916  3305  3573 I cccccc  : getTaskSnapshotInstance:
12-21 17:30:35.922  3305  3573 E cccccc  : createTaskSnapshot:
12-21 17:30:35.922  3305  3573 I cccccc  : getTaskSnapshotInstance:
12-21 17:30:35.960  3305  3573 I com.miui.home: CheckGCForNative adj_start_bytes: 33413133 NativeAllocationGcWatermark: 10615525 java_gc_start_bytes: 17489846 kNewNativeDiscountFactor: 2 kOldNativeDiscountFactor: 65536 old_native_bytes: 131168003 new_native_bytes: 10701928 add_bytes_allowed: 31846575 is_gc_concurrent: 1 target_footprint_: 17815340 GetBytesAllocated: 10282912 HeapGrowthMultiplier: 3
12-21 17:30:35.960  3305  3573 I com.miui.home: CheckGCForNative gc_urgency 0.467956 current_native_bytes is 141869931
12-21 17:30:35.963  3305  3573 I com.miui.home: CheckGCForNative adj_start_bytes: 33413133 NativeAllocationGcWatermark: 10615525 java_gc_start_bytes: 17489846 kNewNativeDiscountFactor: 2 kOldNativeDiscountFactor: 65536 old_native_bytes: 131168003 new_native_bytes: 21411112 add_bytes_allowed: 31846575 is_gc_concurrent: 1 target_footprint_: 17815340 GetBytesAllocated: 10286998 HeapGrowthMultiplier: 3
12-21 17:30:35.963  3305  3573 I com.miui.home: CheckGCForNative gc_urgency 0.628332 current_native_bytes is 152579115
12-21 17:30:35.964  3305  3573 E cccccc  : createTaskSnapshot:
12-21 17:30:35.964  3305  3573 I cccccc  : getTaskSnapshotInstance:
12-21 17:30:35.966  3305  3573 I com.miui.home: CheckGCForNative adj_start_bytes: 33413133 NativeAllocationGcWatermark: 10615525 java_gc_start_bytes: 17489846 kNewNativeDiscountFactor: 2 kOldNativeDiscountFactor: 65536 old_native_bytes: 131168003 new_native_bytes: 21411496 add_bytes_allowed: 31846575 is_gc_concurrent: 1 target_footprint_: 17815340 GetBytesAllocated: 10288392 HeapGrowthMultiplier: 3
12-21 17:30:35.966  3305  3573 I com.miui.home: CheckGCForNative gc_urgency 0.62838 current_native_bytes is 152579499
12-21 17:30:35.971  3305  3573 I com.miui.home: CheckGCForNative adj_start_bytes: 33413133 NativeAllocationGcWatermark: 10615525 java_gc_start_bytes: 17489846 kNewNativeDiscountFactor: 2 kOldNativeDiscountFactor: 65536 old_native_bytes: 131168003 new_native_bytes: 32118440 add_bytes_allowed: 31846575 is_gc_concurrent: 1 target_footprint_: 17815340 GetBytesAllocated: 10300920 HeapGrowthMultiplier: 3
12-21 17:30:35.971  3305  3573 I com.miui.home: CheckGCForNative gc_urgency 0.788975 current_native_bytes is 163286443
12-21 17:30:35.972  3305  3573 E cccccc  : createTaskSnapshot:
12-21 17:30:35.972  3305  3573 I cccccc  : getTaskSnapshotInstance:
12-21 17:30:35.974  3305  3573 I com.miui.home: CheckGCForNative adj_start_bytes: 33413133 NativeAllocationGcWatermark: 10615525 java_gc_start_bytes: 17489846 kNewNativeDiscountFactor: 2 kOldNativeDiscountFactor: 65536 old_native_bytes: 131168003 new_native_bytes: 32121960 add_bytes_allowed: 31846575 is_gc_concurrent: 1 target_footprint_: 17815340 GetBytesAllocated: 10300920 HeapGrowthMultiplier: 3
12-21 17:30:35.974  3305  3573 I com.miui.home: CheckGCForNative gc_urgency 0.789028 current_native_bytes is 163289963
12-21 17:30:35.977  3305  3573 I com.miui.home: CheckGCForNative adj_start_bytes: 33413133 NativeAllocationGcWatermark: 10615525 java_gc_start_bytes: 17489846 kNewNativeDiscountFactor: 2 kOldNativeDiscountFactor: 65536 old_native_bytes: 131168003 new_native_bytes: 42828904 add_bytes_allowed: 31846575 is_gc_concurrent: 1 target_footprint_: 17815340 GetBytesAllocated: 10304467 HeapGrowthMultiplier: 3
12-21 17:30:35.977  3305  3573 I com.miui.home: CheckGCForNative gc_urgency 0.949355 current_native_bytes is 173996907
12-21 17:30:36.095  3305  3594 I com.miui.home: CheckGCForNative adj_start_bytes: 33413133 NativeAllocationGcWatermark: 10615525 java_gc_start_bytes: 17489846 kNewNativeDiscountFactor: 2 kOldNativeDiscountFactor: 65536 old_native_bytes: 131168003 new_native_bytes: 32325064 add_bytes_allowed: 31846575 is_gc_concurrent: 1 target_footprint_: 17815340 GetBytesAllocated: 10636777 HeapGrowthMultiplier: 3
12-21 17:30:36.095  3305  3594 I com.miui.home: CheckGCForNative gc_urgency 0.802119 current_native_bytes is 163493067
12-21 17:30:36.117  3305  3594 I com.miui.home: CheckGCForNative adj_start_bytes: 33413133 NativeAllocationGcWatermark: 10615525 java_gc_start_bytes: 17489846 kNewNativeDiscountFactor: 2 kOldNativeDiscountFactor: 65536 old_native_bytes: 131168003 new_native_bytes: 32328904 add_bytes_allowed: 31846575 is_gc_concurrent: 1 target_footprint_: 17815340 GetBytesAllocated: 10664378 HeapGrowthMultiplier: 3
12-21 17:30:36.117  3305  3594 I com.miui.home: CheckGCForNative gc_urgency 0.803003 current_native_bytes is 163496907
12-21 17:30:36.280  3305  3573 E cccccc  : createTaskSnapshot:
12-21 17:30:36.280  3305  3573 I cccccc  : getTaskSnapshotInstance:
12-21 17:30:36.445 14376 14376 I wm_on_application_create_called: [0,com.youku.phone,275]
12-21 17:30:36.535 14376 14376 I wm_on_create_called: [0,202264492,com.youku.phone.ActivityWelcome,performCreate,67]
12-21 17:30:36.673 14376 14376 I wm_on_create_called: [0,76500376,com.youku.v2.HomePageEntry,performCreate,58]
12-21 17:30:36.689  3305  9817 D cccccc  : onTaskStackChangedBackground
12-21 17:30:36.690  3305  3998 D cccccc  : onTaskStackChangedBackground
12-21 17:30:36.729 14376 14376 I wm_on_start_called: [0,76500376,com.youku.v2.HomePageEntry,handleStartActivity,56]
12-21 17:30:36.767 14376 14376 I wm_on_resume_called: [0,76500376,com.youku.v2.HomePageEntry,RESUME_ACTIVITY,36]
12-21 17:30:36.774 14376 14376 I wm_on_top_resumed_gained_called: [76500376,com.youku.v2.HomePageEntry,topStateChangedWhenResumed]
12-21 17:30:36.808  3305  3573 E cccccc  : createTaskSnapshot:
12-21 17:30:36.808  3305  3573 I cccccc  : getTaskSnapshotInstance:
12-21 17:30:37.011  3305  3573 I com.miui.home: CheckGCForNative adj_start_bytes: 33413133 NativeAllocationGcWatermark: 10615525 java_gc_start_bytes: 17489846 kNewNativeDiscountFactor: 2 kOldNativeDiscountFactor: 65536 old_native_bytes: 131168003 new_native_bytes: 32806580 add_bytes_allowed: 31846575 is_gc_concurrent: 1 target_footprint_: 17815340 GetBytesAllocated: 12291350 HeapGrowthMultiplier: 3
12-21 17:30:37.011  3305  3573 I com.miui.home: CheckGCForNative gc_urgency 0.858843 current_native_bytes is 163974583
12-21 17:30:37.059  3305  3573 E cccccc  : createTaskSnapshot:
12-21 17:30:37.059  3305  3573 I cccccc  : getTaskSnapshotInstance:
12-21 17:30:37.185  3305  3305 I wm_on_stop_called: [0,206494651,com.miui.home.launcher.Launcher,STOP_ACTIVITY_ITEM,9]
12-21 17:30:37.252  3305  3305 I wm_on_restart_called: [0,206494651,com.miui.home.launcher.Launcher,,0]
12-21 17:30:37.254  3305  3305 I wm_on_start_called: [0,206494651,com.miui.home.launcher.Launcher,handleStartActivity,1]
12-21 17:30:37.271  3305  3305 I wm_on_resume_called: [0,206494651,com.miui.home.launcher.Launcher,RESUME_ACTIVITY,15]
12-21 17:30:37.383  3305  3305 I wm_on_idle_called: com.miui.home.launcher.Launcher
12-21 17:30:37.536  3305  3996 I com.miui.home: CheckGCForNative adj_start_bytes: 33413133 NativeAllocationGcWatermark: 10615525 java_gc_start_bytes: 17489846 kNewNativeDiscountFactor: 2 kOldNativeDiscountFactor: 65536 old_native_bytes: 131168003 new_native_bytes: 44001032 add_bytes_allowed: 31846575 is_gc_concurrent: 1 target_footprint_: 17815340 GetBytesAllocated: 14118640 HeapGrowthMultiplier: 3
12-21 17:30:37.537  3305  3996 I com.miui.home: CheckGCForNative gc_urgency 1.08105 current_native_bytes is 175169035
12-21 17:30:37.537  3305  3996 I com.miui.home: CheckGCForNative requested 1
12-21 17:30:37.537  3305  3996 I cccccc  : createTaskSnapshotCompat:
12-21 17:30:37.539  3305  3996 I com.miui.home: CheckGCForNative adj_start_bytes: 33413133 NativeAllocationGcWatermark: 10615525 java_gc_start_bytes: 17489846 kNewNativeDiscountFactor: 2 kOldNativeDiscountFactor: 65536 old_native_bytes: 131168003 new_native_bytes: 54707976 add_bytes_allowed: 31846575 is_gc_concurrent: 1 target_footprint_: 17815340 GetBytesAllocated: 14121438 HeapGrowthMultiplier: 3
12-21 17:30:37.539  3305  3996 I com.miui.home: CheckGCForNative gc_urgency 1.24135 current_native_bytes is 185875979
12-21 17:30:37.539  3305  3996 I com.miui.home: CheckGCForNative requested 1
12-21 17:30:37.541  3305  4431 I cccccc  : getTaskSnapshot:
12-21 17:30:37.541  3305  4431 I com.miui.home: CheckGCForNative adj_start_bytes: 33413133 NativeAllocationGcWatermark: 10615525 java_gc_start_bytes: 17489846 kNewNativeDiscountFactor: 2 kOldNativeDiscountFactor: 65536 old_native_bytes: 131168003 new_native_bytes: 54711048 add_bytes_allowed: 31846575 is_gc_concurrent: 1 target_footprint_: 17815340 GetBytesAllocated: 14132530 HeapGrowthMultiplier: 3
12-21 17:30:37.541  3305  4431 I com.miui.home: CheckGCForNative gc_urgency 1.24173 current_native_bytes is 185879051
12-21 17:30:37.542  3305  4431 I com.miui.home: CheckGCForNative requested 1
12-21 17:30:37.542  3305  3305 I cccccc  : createTaskSnapshotCompat:
12-21 17:30:37.740  3305  3594 I com.miui.home: CheckGCForNative adj_start_bytes: 33413133 NativeAllocationGcWatermark: 10615525 java_gc_start_bytes: 17489846 kNewNativeDiscountFactor: 2 kOldNativeDiscountFactor: 65536 old_native_bytes: 131168003 new_native_bytes: 44055240 add_bytes_allowed: 31846575 is_gc_concurrent: 1 target_footprint_: 17815340 GetBytesAllocated: 14262467 HeapGrowthMultiplier: 3
12-21 17:30:37.740  3305  3594 I com.miui.home: CheckGCForNative gc_urgency 1.08616 current_native_bytes is 175223243
12-21 17:30:37.740  3305  3594 I com.miui.home: CheckGCForNative requested 1
12-21 17:30:37.747  3305  3305 I wm_on_top_resumed_gained_called: [206494651,com.miui.home.launcher.Launcher,topStateChangedWhenResumed]
12-21 17:30:37.791  3305  3340 I com.miui.home: NativeAlloc concurrent copying GC freed 113220(4956KB) AllocSpace objects, 14(392KB) LOS objects, 49% free, 8634KB/16MB, paused 13.422ms,1.100ms total 253.616ms
12-21 17:30:37.817  3305  3594 I com.miui.home: CheckGCForNative gc_urgency 0 current_native_bytes is 130300363
12-21 17:30:37.954 14376 14376 I wm_on_destroy_called: [0,202264492,com.youku.phone.ActivityWelcome,performDestroy,1]
12-21 17:30:37.954 14376 14376 I wm_on_top_resumed_lost_called: [76500376,com.youku.v2.HomePageEntry,topStateChangedWhenResumed]
12-21 17:30:38.045  3305  3586 I cccccc  : createTaskSnapshotCompat:
12-21 17:30:38.211  3305 12150 I com.miui.home: CheckGCForNative gc_urgency 0 current_native_bytes is 130167659
12-21 17:30:38.508  3305  3305 I wm_on_top_resumed_lost_called: [206494651,com.miui.home.launcher.Launcher,topStateChangedWhenResumed]
12-21 17:30:38.529  3305  3351 D cccccc  : onTaskStackChangedBackground
12-21 17:30:38.533  3305  3351 D cccccc  : onTaskStackChangedBackground
12-21 17:30:38.552  3305  3305 I wm_on_paused_called: [0,206494651,com.miui.home.launcher.Launcher,performPause,2]
12-21 17:30:38.582  3305 12150 I com.miui.home: CheckGCForNative adj_start_bytes: 33382896 NativeAllocationGcWatermark: 10599120 java_gc_start_bytes: 17484216 kNewNativeDiscountFactor: 2 kOldNativeDiscountFactor: 65536 old_native_bytes: 130167659 new_native_bytes: 204424 add_bytes_allowed: 31797360 is_gc_concurrent: 1 target_footprint_: 17684102 GetBytesAllocated: 9589177 HeapGrowthMultiplier: 3
