12-19 21:35:02.406  3324  3554 I com.miui.home: CheckGCForNative gc_urgency 0 current_native_bytes is 74425127
12-19 21:35:02.427  3324  3324 I wm_on_resume_called: [0,29023121,com.miui.home.launcher.Launcher,RESUME_ACTIVITY,20]
12-19 21:35:02.543  3324  3324 I wm_on_idle_called: com.miui.home.launcher.Launcher
12-19 21:35:02.721  3324  3730 I com.miui.home: CheckGCForNative adj_start_bytes: 42244692 NativeAllocationGcWatermark: 11524697 java_gc_start_bytes: 24957647 kNewNativeDiscountFactor: 2 kOldNativeDiscountFactor: 65536 old_native_bytes: 74425127 new_native_bytes: 424996 add_bytes_allowed: 34574091 is_gc_concurrent: 1 target_footprint_: 25088719 GetBytesAllocated: 14331945 HeapGrowthMultiplier: 3
12-19 21:35:02.721  3324  3730 I com.miui.home: CheckGCForNative gc_urgency 0.344317 current_native_bytes is 74850123
12-19 21:35:02.777 11754 11754 I wm_on_create_called: [0,3691129,com.tencent.mm.plugin.account.ui.WelcomeActivity,performCreate,270]
12-19 21:35:02.785 11754 11754 I wm_on_start_called: [0,3691129,com.tencent.mm.plugin.account.ui.WelcomeActivity,handleStartActivity,7]
12-19 21:35:02.809 11754 11754 I wm_on_resume_called: [0,3691129,com.tencent.mm.plugin.account.ui.WelcomeActivity,RESUME_ACTIVITY,22]
12-19 21:35:02.835 11754 11754 I wm_on_top_resumed_gained_called: [3691129,com.tencent.mm.plugin.account.ui.WelcomeActivity,topStateChangedWhenResumed]
12-19 21:35:02.838 11754 11754 I wm_on_top_resumed_lost_called: [3691129,com.tencent.mm.plugin.account.ui.WelcomeActivity,topStateChangedWhenResumed]
12-19 21:35:02.842  3324  3324 I wm_on_top_resumed_gained_called: [29023121,com.miui.home.launcher.Launcher,topStateChangedWhenResumed]
12-19 21:35:03.077  3324  3730 I com.miui.home: CheckGCForNative adj_start_bytes: 42244692 NativeAllocationGcWatermark: 11524697 java_gc_start_bytes: 24957647 kNewNativeDiscountFactor: 2 kOldNativeDiscountFactor: 65536 old_native_bytes: 74425127 new_native_bytes: 437348 add_bytes_allowed: 34574091 is_gc_concurrent: 1 target_footprint_: 25088719 GetBytesAllocated: 14476592 HeapGrowthMultiplier: 3
12-19 21:35:03.077  3324  3730 I com.miui.home: CheckGCForNative gc_urgency 0.347888 current_native_bytes is 74862475
12-19 21:35:03.157 11754 11754 I wm_on_paused_called: [0,3691129,com.tencent.mm.plugin.account.ui.WelcomeActivity,performPause,14]
12-19 21:35:03.225 11754 11754 I wm_on_idle_called: com.tencent.mm.ui.LauncherUI
12-19 21:35:03.225 11754 11754 I wm_on_idle_called: com.tencent.mm.plugin.account.ui.WelcomeActivity
12-19 21:35:03.280 11754 11754 I wm_on_stop_called: [0,214234386,com.tencent.mm.app.WeChatSplashActivity,LIFECYCLER_STOP_ACTIVITY,34]
12-19 21:35:03.292 11754 11754 I wm_on_destroy_called: [0,214234386,com.tencent.mm.app.WeChatSplashActivity,performDestroy,2]
12-19 21:35:03.349  3324  3324 I wm_on_top_resumed_lost_called: [29023121,com.miui.home.launcher.Launcher,topStateChangedWhenResumed]
12-19 21:35:03.367  3324  3324 I wm_on_paused_called: [0,29023121,com.miui.home.launcher.Launcher,performPause,2]
12-19 21:35:03.407 11754 11754 I wm_on_stop_called: [0,187818532,com.tencent.mm.ui.LauncherUI,STOP_ACTIVITY_ITEM,11]
12-19 21:35:03.418 11754 11754 I wm_on_stop_called: [0,3691129,com.tencent.mm.plugin.account.ui.WelcomeActivity,STOP_ACTIVITY_ITEM,7]
12-19 21:35:03.568  3324  4039 I com.miui.home: CheckGCForNative adj_start_bytes: 42244692 NativeAllocationGcWatermark: 11524697 java_gc_start_bytes: 24957647 kNewNativeDiscountFactor: 2 kOldNativeDiscountFactor: 65536 old_native_bytes: 74425127 new_native_bytes: 508828 add_bytes_allowed: 34574091 is_gc_concurrent: 1 target_footprint_: 25088719 GetBytesAllocated: 14985429 HeapGrowthMultiplier: 3
12-19 21:35:03.568  3324  4039 I com.miui.home: CheckGCForNative gc_urgency 0.360779 current_native_bytes is 74933955
12-19 21:35:03.743  3324  3730 I com.miui.home: CheckGCForNative adj_start_bytes: 42244692 NativeAllocationGcWatermark: 11524697 java_gc_start_bytes: 24957647 kNewNativeDiscountFactor: 2 kOldNativeDiscountFactor: 65536 old_native_bytes: 74425127 new_native_bytes: 793636 add_bytes_allowed: 34574091 is_gc_concurrent: 1 target_footprint_: 25088719 GetBytesAllocated: 15104070 HeapGrowthMultiplier: 3
12-19 21:35:03.743  3324  3730 I com.miui.home: CheckGCForNative gc_urgency 0.366958 current_native_bytes is 75218763
12-19 21:35:04.275 13581 13581 I wm_on_application_create_called: [0,com.sina.weibo,217]
12-19 21:35:04.590 13581 13581 I wm_on_create_called: [0,245528128,com.sina.weibo.SplashActivity,performCreate,251]
12-19 21:35:04.601 13581 13581 I wm_on_start_called: [0,245528128,com.sina.weibo.SplashActivity,handleStartActivity,9]
12-19 21:35:04.616 13581 13581 I wm_on_resume_called: [0,245528128,com.sina.weibo.SplashActivity,RESUME_ACTIVITY,13]
12-19 21:35:04.695 13581 13581 I wm_on_top_resumed_gained_called: [245528128,com.sina.weibo.SplashActivity,topStateChangedWhenResumed]
12-19 21:35:04.881 13704 13704 I wm_on_application_create_called: [0,com.sina.weibo,315]
12-19 21:35:04.969  3324  3554 I com.miui.home: CheckGCForNative adj_start_bytes: 42244692 NativeAllocationGcWatermark: 11524697 java_gc_start_bytes: 24957647 kNewNativeDiscountFactor: 2 kOldNativeDiscountFactor: 65536 old_native_bytes: 74425127 new_native_bytes: 528876 add_bytes_allowed: 34574091 is_gc_concurrent: 1 target_footprint_: 25088719 GetBytesAllocated: 15255452 HeapGrowthMultiplier: 3
12-19 21:35:04.969  3324  3554 I com.miui.home: CheckGCForNative gc_urgency 0.367408 current_native_bytes is 74954003
12-19 21:35:05.090 13581 13581 I wm_on_top_resumed_lost_called: [245528128,com.sina.weibo.SplashActivity,topStateChangedWhenResumed]
12-19 21:35:05.091 13581 13581 I wm_on_paused_called: [0,245528128,com.sina.weibo.SplashActivity,performPause,0]
12-19 21:35:05.241  3324  3324 I wm_on_resume_called: [0,29023121,com.miui.home.launcher.Launcher,RESUME_ACTIVITY,18]
12-19 21:35:05.257  3324  3324 I com.miui.home: CheckGCForNative adj_start_bytes: 42244692 NativeAllocationGcWatermark: 11524697 java_gc_start_bytes: 24957647 kNewNativeDiscountFactor: 2 kOldNativeDiscountFactor: 65536 old_native_bytes: 74425127 new_native_bytes: 628440 add_bytes_allowed: 34574091 is_gc_concurrent: 1 target_footprint_: 25088719 GetBytesAllocated: 16030050 HeapGrowthMultiplier: 3
12-19 21:35:05.257  3324  3324 I com.miui.home: CheckGCForNative gc_urgency 0.386922 current_native_bytes is 75053567
12-19 21:35:05.260  3324  3324 I wm_on_idle_called: com.miui.home.launcher.Launcher
12-19 21:35:05.522 13581 13581 I wm_on_create_called: [0,102759595,com.sina.weibo.VisitorMainTabActivity,performCreate,305]
12-19 21:35:05.526 13581 13581 I wm_on_start_called: [0,102759595,com.sina.weibo.VisitorMainTabActivity,handleStartActivity,2]
12-19 21:35:05.554  3324  3730 I com.miui.home: CheckGCForNative adj_start_bytes: 42244692 NativeAllocationGcWatermark: 11524697 java_gc_start_bytes: 24957647 kNewNativeDiscountFactor: 2 kOldNativeDiscountFactor: 65536 old_native_bytes: 74425127 new_native_bytes: 804840 add_bytes_allowed: 34574091 is_gc_concurrent: 1 target_footprint_: 25088719 GetBytesAllocated: 16967058 HeapGrowthMultiplier: 3
12-19 21:35:05.554  3324  3730 I com.miui.home: CheckGCForNative gc_urgency 0.41119 current_native_bytes is 75229967
12-19 21:35:05.642  3324  3324 I wm_on_top_resumed_gained_called: [29023121,com.miui.home.launcher.Launcher,topStateChangedWhenResumed]
12-19 21:35:05.761 13581 13581 I wm_on_create_called: [0,0,com.sina.weibo.feed.visitor.VisitorHomeActivity,performCreate,170]
12-19 21:35:05.766 13581 13581 I wm_on_start_called: [0,0,com.sina.weibo.feed.visitor.VisitorHomeActivity,handleStartActivity,3]
12-19 21:35:05.902 13581 13581 I wm_on_resume_called: [0,0,com.sina.weibo.feed.visitor.VisitorHomeActivity,moveToState-INITIALIZING,133]
12-19 21:35:05.953 13581 13581 I wm_on_resume_called: [0,102759595,com.sina.weibo.VisitorMainTabActivity,RESUME_ACTIVITY,426]
12-19 21:35:05.977 13581 13581 I wm_on_top_resumed_gained_called: [102759595,com.sina.weibo.VisitorMainTabActivity,topStateChangedWhenResumed]
12-19 21:35:06.122  3324  3324 I wm_on_top_resumed_lost_called: [29023121,com.miui.home.launcher.Launcher,topStateChangedWhenResumed]
12-19 21:35:06.124 13581 13581 I wm_on_top_resumed_lost_called: [102759595,com.sina.weibo.VisitorMainTabActivity,topStateChangedWhenResumed]
12-19 21:35:06.127  3324  3324 I wm_on_paused_called: [0,29023121,com.miui.home.launcher.Launcher,performPause,3]
12-19 21:35:06.342  3324  3816 I com.miui.home: CheckGCForNative adj_start_bytes: 42244692 NativeAllocationGcWatermark: 11524697 java_gc_start_bytes: 24957647 kNewNativeDiscountFactor: 2 kOldNativeDiscountFactor: 65536 old_native_bytes: 74425127 new_native_bytes: 1042160 add_bytes_allowed: 34574091 is_gc_concurrent: 1 target_footprint_: 25088719 GetBytesAllocated: 17597344 HeapGrowthMultiplier: 3
12-19 21:35:06.342  3324  3816 I com.miui.home: CheckGCForNative gc_urgency 0.428919 current_native_bytes is 75467287
12-19 21:35:06.488  3324  3730 I com.miui.home: CheckGCForNative adj_start_bytes: 42244692 NativeAllocationGcWatermark: 11524697 java_gc_start_bytes: 24957647 kNewNativeDiscountFactor: 2 kOldNativeDiscountFactor: 65536 old_native_bytes: 74425127 new_native_bytes: 1135616 add_bytes_allowed: 34574091 is_gc_concurrent: 1 target_footprint_: 25088719 GetBytesAllocated: 17686218 HeapGrowthMultiplier: 3
12-19 21:35:06.488  3324  3730 I com.miui.home: CheckGCForNative gc_urgency 0.432129 current_native_bytes is 75560743
12-19 21:35:06.710  3324  3730 I com.miui.home: CheckGCForNative adj_start_bytes: 42244692 NativeAllocationGcWatermark: 11524697 java_gc_start_bytes: 24957647 kNewNativeDiscountFactor: 2 kOldNativeDiscountFactor: 65536 old_native_bytes: 74425127 new_native_bytes: 1077280 add_bytes_allowed: 34574091 is_gc_concurrent: 1 target_footprint_: 25088719 GetBytesAllocated: 17756715 HeapGrowthMultiplier: 3
12-19 21:35:06.710  3324  3730 I com.miui.home: CheckGCForNative gc_urgency 0.433107 current_native_bytes is 75502407
12-19 21:35:07.307 13948 13948 I wm_on_application_create_called: [0,com.UCMobile,417]
12-19 21:35:07.497 13581 13581 I wm_on_stop_called: [0,245528128,com.sina.weibo.SplashActivity,LIFECYCLER_STOP_ACTIVITY,6]
12-19 21:35:07.497 13581 13581 I wm_on_destroy_called: [0,245528128,com.sina.weibo.SplashActivity,performDestroy,1]
12-19 21:35:07.845 13948 13948 I wm_on_create_called: [0,220562615,com.UCMobile.main.UCMobile,performCreate,515]
12-19 21:35:08.216  3324  3324 I wm_on_resume_called: [0,29023121,com.miui.home.launcher.Launcher,RESUME_ACTIVITY,52]
12-19 21:35:08.244  3324  3324 I wm_on_idle_called: com.miui.home.launcher.Launcher
12-19 21:35:08.477  3324  3730 I com.miui.home: CheckGCForNative adj_start_bytes: 42244692 NativeAllocationGcWatermark: 11524697 java_gc_start_bytes: 24957647 kNewNativeDiscountFactor: 2 kOldNativeDiscountFactor: 65536 old_native_bytes: 74425127 new_native_bytes: 1185204 add_bytes_allowed: 34574091 is_gc_concurrent: 1 target_footprint_: 25088719 GetBytesAllocated: 19394164 HeapGrowthMultiplier: 3
12-19 21:35:08.477  3324  3730 I com.miui.home: CheckGCForNative gc_urgency 0.473146 current_native_bytes is 75610331
12-19 21:35:08.488  3324  3730 I com.miui.home: CheckGCForNative adj_start_bytes: 42244692 NativeAllocationGcWatermark: 11524697 java_gc_start_bytes: 24957647 kNewNativeDiscountFactor: 2 kOldNativeDiscountFactor: 65536 old_native_bytes: 74425127 new_native_bytes: 1175732 add_bytes_allowed: 34574091 is_gc_concurrent: 1 target_footprint_: 25088719 GetBytesAllocated: 19400514 HeapGrowthMultiplier: 3
12-19 21:35:08.488  3324  3730 I com.miui.home: CheckGCForNative gc_urgency 0.473184 current_native_bytes is 75600859
12-19 21:35:08.509 13948 13948 I wm_on_create_called: [0,190489506,com.uc.browser.InnerUCMobile,performCreate,474]
12-19 21:35:08.712 13948 13948 I wm_on_start_called: [0,190489506,com.uc.browser.InnerUCMobile,handleStartActivity,203]
12-19 21:35:08.759  3324  3324 I wm_on_top_resumed_gained_called: [29023121,com.miui.home.launcher.Launcher,topStateChangedWhenResumed]
12-19 21:35:08.799  3324  3730 I com.miui.home: CheckGCForNative adj_start_bytes: 42244692 NativeAllocationGcWatermark: 11524697 java_gc_start_bytes: 24957647 kNewNativeDiscountFactor: 2 kOldNativeDiscountFactor: 65536 old_native_bytes: 74425127 new_native_bytes: 1124756 add_bytes_allowed: 34574091 is_gc_concurrent: 1 target_footprint_: 25088719 GetBytesAllocated: 19639634 HeapGrowthMultiplier: 3
12-19 21:35:08.799  3324  3730 I com.miui.home: CheckGCForNative gc_urgency 0.478241 current_native_bytes is 75549883
12-19 21:35:08.857 13948 13948 I wm_on_resume_called: [0,190489506,com.uc.browser.InnerUCMobile,RESUME_ACTIVITY,100]
12-19 21:35:08.965 13581 13581 I wm_on_paused_called: [0,0,com.sina.weibo.feed.visitor.VisitorHomeActivity,performPause,56]
12-19 21:35:08.970 13581 13581 I wm_on_paused_called: [0,102759595,com.sina.weibo.VisitorMainTabActivity,performPause,280]
12-19 21:35:09.066 13581 13581 I wm_on_stop_called: [0,0,com.sina.weibo.feed.visitor.VisitorHomeActivity,moveToState-STARTED,89]
12-19 21:35:09.066 13581 13581 I wm_on_stop_called: [0,102759595,com.sina.weibo.VisitorMainTabActivity,STOP_ACTIVITY_ITEM,95]
12-19 21:35:09.197 14019 14019 I wm_on_application_create_called: [0,com.tencent.mm,1814]
12-19 21:35:09.322 13948 13948 I wm_on_top_resumed_gained_called: [190489506,com.uc.browser.InnerUCMobile,topStateChangedWhenResumed]
12-19 21:35:09.323 13948 13948 I wm_on_top_resumed_lost_called: [190489506,com.uc.browser.InnerUCMobile,topStateChangedWhenResumed]
12-19 21:35:09.356  3324  3324 I wm_on_top_resumed_lost_called: [29023121,com.miui.home.launcher.Launcher,topStateChangedWhenResumed]
12-19 21:35:09.472  3324  3324 I wm_on_paused_called: [0,29023121,com.miui.home.launcher.Launcher,performPause,3]
12-19 21:35:09.921  3324  3730 I com.miui.home: CheckGCForNative adj_start_bytes: 42244692 NativeAllocationGcWatermark: 11524697 java_gc_start_bytes: 24957647 kNewNativeDiscountFactor: 2 kOldNativeDiscountFactor: 65536 old_native_bytes: 74425127 new_native_bytes: 1246548 add_bytes_allowed: 34574091 is_gc_concurrent: 1 target_footprint_: 25088719 GetBytesAllocated: 20348144 HeapGrowthMultiplier: 3
12-19 21:35:09.921  3324  3730 I com.miui.home: CheckGCForNative gc_urgency 0.496454 current_native_bytes is 75671675
12-19 21:35:09.999  3324  3730 I com.miui.home: CheckGCForNative adj_start_bytes: 42244692 NativeAllocationGcWatermark: 11524697 java_gc_start_bytes: 24957647 kNewNativeDiscountFactor: 2 kOldNativeDiscountFactor: 65536 old_native_bytes: 74425127 new_native_bytes: 1252500 add_bytes_allowed: 34574091 is_gc_concurrent: 1 target_footprint_: 25088719 GetBytesAllocated: 20381461 HeapGrowthMultiplier: 3
12-19 21:35:09.999  3324  3730 I com.miui.home: CheckGCForNative gc_urgency 0.497313 current_native_bytes is 75677627
12-19 21:35:10.102 13948 13948 I wm_on_paused_called: [0,190489506,com.uc.browser.InnerUCMobile,performPause,22]
12-19 21:35:10.174 13948 13948 I wm_on_destroy_called: [0,220562615,com.UCMobile.main.UCMobile,performDestroy,58]
12-19 21:35:10.276  3324  3730 I com.miui.home: CheckGCForNative adj_start_bytes: 42244692 NativeAllocationGcWatermark: 11524697 java_gc_start_bytes: 24957647 kNewNativeDiscountFactor: 2 kOldNativeDiscountFactor: 65536 old_native_bytes: 74425127 new_native_bytes: 1189180 add_bytes_allowed: 34574091 is_gc_concurrent: 1 target_footprint_: 25088719 GetBytesAllocated: 20475524 HeapGrowthMultiplier: 3
12-19 21:35:10.276  3324  3730 I com.miui.home: CheckGCForNative gc_urgency 0.49879 current_native_bytes is 75614307
12-19 21:35:10.647 13948 13948 I wm_on_stop_called: [0,190489506,com.uc.browser.InnerUCMobile,STOP_ACTIVITY_ITEM,119]
12-19 21:35:10.986  3324  3324 I wm_on_resume_called: [0,29023121,com.miui.home.launcher.Launcher,RESUME_ACTIVITY,18]
12-19 21:35:11.005  3324  3324 I wm_on_idle_called: com.miui.home.launcher.Launcher
12-19 21:35:11.201 14514 14514 I wm_on_create_called: [0,166754350,com.tencent.mtt.SplashActivity,performCreate,381]
12-19 21:35:11.210  3324  3324 I wm_on_top_resumed_gained_called: [29023121,com.miui.home.launcher.Launcher,topStateChangedWhenResumed]
12-19 21:35:11.332  3324  3730 I com.miui.home: CheckGCForNative adj_start_bytes: 42244692 NativeAllocationGcWatermark: 11524697 java_gc_start_bytes: 24957647 kNewNativeDiscountFactor: 2 kOldNativeDiscountFactor: 65536 old_native_bytes: 74425127 new_native_bytes: 1206248 add_bytes_allowed: 34574091 is_gc_concurrent: 1 target_footprint_: 25088719 GetBytesAllocated: 21548635 HeapGrowthMultiplier: 3
12-19 21:35:11.332  3324  3730 I com.miui.home: CheckGCForNative gc_urgency 0.524395 current_native_bytes is 75631375
12-19 21:35:11.372 14514 14514 I wm_on_create_called: [0,131360666,com.tencent.mtt.MainActivity,performCreate,139]
12-19 21:35:11.377  3324  3730 I com.miui.home: CheckGCForNative adj_start_bytes: 42244692 NativeAllocationGcWatermark: 11524697 java_gc_start_bytes: 24957647 kNewNativeDiscountFactor: 2 kOldNativeDiscountFactor: 65536 old_native_bytes: 74425127 new_native_bytes: 1214440 add_bytes_allowed: 34574091 is_gc_concurrent: 1 target_footprint_: 25088719 GetBytesAllocated: 21604676 HeapGrowthMultiplier: 3
12-19 21:35:11.377  3324  3730 I com.miui.home: CheckGCForNative gc_urgency 0.525818 current_native_bytes is 75639567
12-19 21:35:11.503 14514 14514 I wm_on_start_called: [0,131360666,com.tencent.mtt.MainActivity,handleStartActivity,128]
12-19 21:35:11.956  3324  3324 I com.miui.home: CheckGCForNative adj_start_bytes: 42244692 NativeAllocationGcWatermark: 11524697 java_gc_start_bytes: 24957647 kNewNativeDiscountFactor: 2 kOldNativeDiscountFactor: 65536 old_native_bytes: 74425127 new_native_bytes: 1268528 add_bytes_allowed: 34574091 is_gc_concurrent: 1 target_footprint_: 25088719 GetBytesAllocated: 22433453 HeapGrowthMultiplier: 3
12-19 21:35:11.956  3324  3324 I com.miui.home: CheckGCForNative gc_urgency 0.546077 current_native_bytes is 75693655
12-19 21:35:12.093  3324  3324 I wm_on_top_resumed_lost_called: [29023121,com.miui.home.launcher.Launcher,topStateChangedWhenResumed]
12-19 21:35:12.249  3324  3324 I wm_on_paused_called: [0,29023121,com.miui.home.launcher.Launcher,performPause,3]
12-19 21:35:12.699  3324  3730 I com.miui.home: CheckGCForNative adj_start_bytes: 42244692 NativeAllocationGcWatermark: 11524697 java_gc_start_bytes: 24957647 kNewNativeDiscountFactor: 2 kOldNativeDiscountFactor: 65536 old_native_bytes: 74425127 new_native_bytes: 1785532 add_bytes_allowed: 34574091 is_gc_concurrent: 1 target_footprint_: 25088719 GetBytesAllocated: 23085588 HeapGrowthMultiplier: 3
12-19 21:35:12.699  3324  3730 I com.miui.home: CheckGCForNative gc_urgency 0.567633 current_native_bytes is 76210659
12-19 21:35:12.710  3324  3730 I com.miui.home: CheckGCForNative adj_start_bytes: 42244692 NativeAllocationGcWatermark: 11524697 java_gc_start_bytes: 24957647 kNewNativeDiscountFactor: 2 kOldNativeDiscountFactor: 65536 old_native_bytes: 74425127 new_native_bytes: 1787132 add_bytes_allowed: 34574091 is_gc_concurrent: 1 target_footprint_: 25088719 GetBytesAllocated: 23090776 HeapGrowthMultiplier: 3
12-19 21:35:12.710  3324  3730 I com.miui.home: CheckGCForNative gc_urgency 0.567775 current_native_bytes is 76212259
12-19 21:35:12.820 14906 14906 I wm_on_application_create_called: [0,com.xiaomi.bluetooth,350]
12-19 21:35:13.282 14967 14967 I wm_on_application_create_called: [0,com.youku.phone,470]
12-19 21:35:13.390 14967 14967 I wm_on_create_called: [0,22281269,com.youku.phone.ActivityWelcome,performCreate,70]
12-19 21:35:13.610 14967 14967 I wm_on_create_called: [0,135298253,com.youku.v2.HomePageEntry,performCreate,99]
12-19 21:35:13.678 14967 14967 I wm_on_start_called: [0,135298253,com.youku.v2.HomePageEntry,handleStartActivity,68]
12-19 21:35:13.726 14967 14967 I wm_on_resume_called: [0,135298253,com.youku.v2.HomePageEntry,RESUME_ACTIVITY,44]
12-19 21:35:13.744 14967 14967 I wm_on_top_resumed_gained_called: [135298253,com.youku.v2.HomePageEntry,topStateChangedWhenResumed]
12-19 21:35:14.219  3324  3324 I wm_on_resume_called: [0,29023121,com.miui.home.launcher.Launcher,RESUME_ACTIVITY,23]
12-19 21:35:14.245  3324  3324 I wm_on_idle_called: com.miui.home.launcher.Launcher
12-19 21:35:14.418  3324  3699 I com.miui.home: CheckGCForNative adj_start_bytes: 42244692 NativeAllocationGcWatermark: 11524697 java_gc_start_bytes: 24957647 kNewNativeDiscountFactor: 2 kOldNativeDiscountFactor: 65536 old_native_bytes: 74425127 new_native_bytes: 1966256 add_bytes_allowed: 34574091 is_gc_concurrent: 1 target_footprint_: 25088719 GetBytesAllocated: 24217362 HeapGrowthMultiplier: 3
12-19 21:35:14.418  3324  3699 I com.miui.home: CheckGCForNative gc_urgency 0.596563 current_native_bytes is 76391383
12-19 21:35:14.598  3324  3324 I wm_on_top_resumed_gained_called: [29023121,com.miui.home.launcher.Launcher,topStateChangedWhenResumed]
12-19 21:35:14.604  3324  3730 I com.miui.home: CheckGCForNative adj_start_bytes: 42244692 NativeAllocationGcWatermark: 11524697 java_gc_start_bytes: 24957647 kNewNativeDiscountFactor: 2 kOldNativeDiscountFactor: 65536 old_native_bytes: 74425127 new_native_bytes: 2067720 add_bytes_allowed: 34574091 is_gc_concurrent: 1 target_footprint_: 25088719 GetBytesAllocated: 24703546 HeapGrowthMultiplier: 3
12-19 21:35:14.604  3324  3730 I com.miui.home: CheckGCForNative gc_urgency 0.609273 current_native_bytes is 76492847
12-19 21:35:14.727  3324  3730 I com.miui.home: CheckGCForNative adj_start_bytes: 42244692 NativeAllocationGcWatermark: 11524697 java_gc_start_bytes: 24957647 kNewNativeDiscountFactor: 2 kOldNativeDiscountFactor: 65536 old_native_bytes: 74425127 new_native_bytes: 2077520 add_bytes_allowed: 34574091 is_gc_concurrent: 1 target_footprint_: 25088719 GetBytesAllocated: 25065703 HeapGrowthMultiplier: 3
12-19 21:35:14.727  3324  3730 I com.miui.home: CheckGCForNative gc_urgency 0.617962 current_native_bytes is 76502647
12-19 21:35:15.094  3324  3324 I wm_on_top_resumed_lost_called: [29023121,com.miui.home.launcher.Launcher,topStateChangedWhenResumed]
12-19 21:35:15.376  3324 12273 I com.miui.home: CheckGCForNative gc_urgency 0 current_native_bytes is 75170311
12-19 21:35:15.485  3324  3324 I wm_on_paused_called: [0,29023121,com.miui.home.launcher.Launcher,performPause,3]
12-19 21:35:15.569  3324 12273 I com.miui.home: CheckGCForNative adj_start_bytes: 42223416 NativeAllocationGcWatermark: 11524697 java_gc_start_bytes: 24936371 kNewNativeDiscountFactor: 2 kOldNativeDiscountFactor: 65536 old_native_bytes: 75170311 new_native_bytes: 71840 add_bytes_allowed: 34574091 is_gc_concurrent: 1 target_footprint_: 25088719 GetBytesAllocated: 13723420 HeapGrowthMultiplier: 3
12-19 21:35:15.569  3324 12273 I com.miui.home: CheckGCForNative gc_urgency 0.325897 current_native_bytes is 75242151
12-19 21:35:15.915  3324  3730 I com.miui.home: CheckGCForNative adj_start_bytes: 42223416 NativeAllocationGcWatermark: 11524697 java_gc_start_bytes: 24936371 kNewNativeDiscountFactor: 2 kOldNativeDiscountFactor: 65536 old_native_bytes: 75170311 new_native_bytes: 328152 add_bytes_allowed: 34574091 is_gc_concurrent: 1 target_footprint_: 25088719 GetBytesAllocated: 13978739 HeapGrowthMultiplier: 3
12-19 21:35:15.915  3324  3730 I com.miui.home: CheckGCForNative gc_urgency 0.334979 current_native_bytes is 75498463
12-19 21:35:16.256 15462 15462 I wm_on_create_called: [0,146034350,com.ucpro.MainActivity,performCreate,86]
12-19 21:35:16.318  3324  3324 I com.miui.home: CheckGCForNative adj_start_bytes: 42223416 NativeAllocationGcWatermark: 11524697 java_gc_start_bytes: 24936371 kNewNativeDiscountFactor: 2 kOldNativeDiscountFactor: 65536 old_native_bytes: 75170311 new_native_bytes: 95264 add_bytes_allowed: 34574091 is_gc_concurrent: 1 target_footprint_: 25088719 GetBytesAllocated: 14108781 HeapGrowthMultiplier: 3
12-19 21:35:16.319  3324  3324 I com.miui.home: CheckGCForNative gc_urgency 0.335301 current_native_bytes is 75265575
12-19 21:35:16.794 15462 15462 I wm_on_create_called: [0,160304749,com.ucpro.BrowserActivity,performCreate,413]
12-19 21:35:16.797 15462 15462 I wm_on_start_called: [0,160304749,com.ucpro.BrowserActivity,handleStartActivity,3]
12-19 21:35:16.808 15462 15462 I wm_on_resume_called: [0,160304749,com.ucpro.BrowserActivity,RESUME_ACTIVITY,7]
12-19 21:35:16.862 15462 15462 I wm_on_top_resumed_gained_called: [160304749,com.ucpro.BrowserActivity,topStateChangedWhenResumed]
12-19 21:35:16.952  3324  3324 I com.miui.home: CheckGCForNative adj_start_bytes: 42223416 NativeAllocationGcWatermark: 11524697 java_gc_start_bytes: 24936371 kNewNativeDiscountFactor: 2 kOldNativeDiscountFactor: 65536 old_native_bytes: 75170311 new_native_bytes: 207352 add_bytes_allowed: 34574091 is_gc_concurrent: 1 target_footprint_: 25088719 GetBytesAllocated: 14691269 HeapGrowthMultiplier: 3
12-19 21:35:16.952  3324  3324 I com.miui.home: CheckGCForNative gc_urgency 0.350424 current_native_bytes is 75377663
12-19 21:35:16.997  3324  3324 I wm_on_resume_called: [0,29023121,com.miui.home.launcher.Launcher,RESUME_ACTIVITY,21]
12-19 21:35:17.019  3324  3324 I wm_on_idle_called: com.miui.home.launcher.Launcher
12-19 21:35:17.382  3324  3730 I com.miui.home: CheckGCForNative adj_start_bytes: 42223416 NativeAllocationGcWatermark: 11524697 java_gc_start_bytes: 24936371 kNewNativeDiscountFactor: 2 kOldNativeDiscountFactor: 65536 old_native_bytes: 75170311 new_native_bytes: 536432 add_bytes_allowed: 34574091 is_gc_concurrent: 1 target_footprint_: 25088719 GetBytesAllocated: 15912882 HeapGrowthMultiplier: 3
12-19 21:35:17.382  3324  3730 I com.miui.home: CheckGCForNative gc_urgency 0.383253 current_native_bytes is 75706743
12-19 21:35:17.396  3324  3324 I wm_on_top_resumed_gained_called: [29023121,com.miui.home.launcher.Launcher,topStateChangedWhenResumed]
12-19 21:35:17.605  3324  3730 I com.miui.home: CheckGCForNative adj_start_bytes: 42223416 NativeAllocationGcWatermark: 11524697 java_gc_start_bytes: 24936371 kNewNativeDiscountFactor: 2 kOldNativeDiscountFactor: 65536 old_native_bytes: 75170311 new_native_bytes: 555024 add_bytes_allowed: 34574091 is_gc_concurrent: 1 target_footprint_: 25088719 GetBytesAllocated: 15991379 HeapGrowthMultiplier: 3
12-19 21:35:17.605  3324  3730 I com.miui.home: CheckGCForNative gc_urgency 0.385332 current_native_bytes is 75725335
12-19 21:35:17.878 15462 15462 I wm_on_top_resumed_lost_called: [160304749,com.ucpro.BrowserActivity,topStateChangedWhenResumed]
12-19 21:35:18.232 15462 15462 I wm_on_paused_called: [0,160304749,com.ucpro.BrowserActivity,performPause,193]
12-19 21:35:18.240 15462 15462 I wm_on_destroy_called: [0,146034350,com.ucpro.MainActivity,performDestroy,3]
12-19 21:35:18.762 15462 15462 I wm_on_stop_called: [0,160304749,com.ucpro.BrowserActivity,STOP_ACTIVITY_ITEM,12]
12-19 21:35:19.436 15462 15462 I wm_on_idle_called: com.ucpro.BrowserActivity
