12-21 19:01:47.577  3315  3315 I wm_on_top_resumed_lost_called: [73283177,com.miui.home.launcher.Launcher,topStateChangedWhenResumed]
12-21 19:01:47.583  3315  3315 I wm_on_paused_called: [0,73283177,com.miui.home.launcher.Launcher,performPause,4]
12-21 19:01:47.618  3315  3362 D cccccc  : onTaskStackChangedBackground
12-21 19:01:47.620  3315  3362 D cccccc  : onTaskStackChangedBackground
12-21 19:01:47.694  3315  4007 D cccccc  : onTaskStackChangedBackground
12-21 19:01:47.694  3315  3362 D cccccc  : onTaskStackChangedBackground
12-21 19:01:47.841  3315  3686 I com.miui.home: CheckGCForNative adj_start_bytes: 32306722 NativeAllocationGcWatermark: 10478595 java_gc_start_bytes: 16588830 kNewNativeDiscountFactor: 2 kOldNativeDiscountFactor: 65536 old_native_bytes: 71456891 new_native_bytes: 283196 add_bytes_allowed: 31435785 is_gc_concurrent: 1 target_footprint_: 16719902 GetBytesAllocated: 9094361 HeapGrowthMultiplier: 3
12-21 19:01:47.841  3315  3686 I com.miui.home: CheckGCForNative gc_urgency 0.285917 current_native_bytes is 71740087
12-21 19:01:47.997  3315  3612 I com.miui.home: CheckGCForNative adj_start_bytes: 32306722 NativeAllocationGcWatermark: 10478595 java_gc_start_bytes: 16588830 kNewNativeDiscountFactor: 2 kOldNativeDiscountFactor: 65536 old_native_bytes: 71456891 new_native_bytes: 1708500 add_bytes_allowed: 31435785 is_gc_concurrent: 1 target_footprint_: 16719902 GetBytesAllocated: 9455427 HeapGrowthMultiplier: 3
12-21 19:01:47.997  3315  3612 I com.miui.home: CheckGCForNative gc_urgency 0.319152 current_native_bytes is 73165391
12-21 19:01:48.045  3315  3686 I com.miui.home: CheckGCForNative adj_start_bytes: 32306722 NativeAllocationGcWatermark: 10478595 java_gc_start_bytes: 16588830 kNewNativeDiscountFactor: 2 kOldNativeDiscountFactor: 65536 old_native_bytes: 71456891 new_native_bytes: 1962196 add_bytes_allowed: 31435785 is_gc_concurrent: 1 target_footprint_: 16719902 GetBytesAllocated: 9660719 HeapGrowthMultiplier: 3
12-21 19:01:48.045  3315  3686 I com.miui.home: CheckGCForNative gc_urgency 0.329433 current_native_bytes is 73419087
12-21 19:01:48.162  3315  3686 E cccccc  : createTaskSnapshot:
12-21 19:01:48.162  3315  3686 I cccccc  : getTaskSnapshotInstance:
12-21 19:01:48.164  3315  3686 E cccccc  : createTaskSnapshot:
12-21 19:01:48.165  3315  3686 I cccccc  : getTaskSnapshotInstance:
12-21 19:01:48.308  3315  3612 I com.miui.home: CheckGCForNative adj_start_bytes: 32306722 NativeAllocationGcWatermark: 10478595 java_gc_start_bytes: 16588830 kNewNativeDiscountFactor: 2 kOldNativeDiscountFactor: 65536 old_native_bytes: 71456891 new_native_bytes: 2663016 add_bytes_allowed: 31435785 is_gc_concurrent: 1 target_footprint_: 16719902 GetBytesAllocated: 9920921 HeapGrowthMultiplier: 3
12-21 19:01:48.308  3315  3612 I com.miui.home: CheckGCForNative gc_urgency 0.348334 current_native_bytes is 74119907
12-21 19:01:48.358  3315  3686 I com.miui.home: CheckGCForNative adj_start_bytes: 32306722 NativeAllocationGcWatermark: 10478595 java_gc_start_bytes: 16588830 kNewNativeDiscountFactor: 2 kOldNativeDiscountFactor: 65536 old_native_bytes: 71456891 new_native_bytes: 13373480 add_bytes_allowed: 31435785 is_gc_concurrent: 1 target_footprint_: 16719902 GetBytesAllocated: 9953689 HeapGrowthMultiplier: 3
12-21 19:01:48.358  3315  3686 I com.miui.home: CheckGCForNative gc_urgency 0.51511 current_native_bytes is 84830371
12-21 19:01:48.362  3315  3686 I com.miui.home: CheckGCForNative adj_start_bytes: 32306722 NativeAllocationGcWatermark: 10478595 java_gc_start_bytes: 16588830 kNewNativeDiscountFactor: 2 kOldNativeDiscountFactor: 65536 old_native_bytes: 71456891 new_native_bytes: 24080936 add_bytes_allowed: 31435785 is_gc_concurrent: 1 target_footprint_: 16719902 GetBytesAllocated: 9953881 HeapGrowthMultiplier: 3
12-21 19:01:48.362  3315  3686 I com.miui.home: CheckGCForNative gc_urgency 0.680832 current_native_bytes is 95537827
12-21 19:01:48.363  3315  3686 E cccccc  : createTaskSnapshot:
12-21 19:01:48.363  3315  3686 I cccccc  : getTaskSnapshotInstance:
12-21 19:01:48.433  3315  3686 I com.miui.home: CheckGCForNative adj_start_bytes: 32306722 NativeAllocationGcWatermark: 10478595 java_gc_start_bytes: 16588830 kNewNativeDiscountFactor: 2 kOldNativeDiscountFactor: 65536 old_native_bytes: 71456891 new_native_bytes: 24067400 add_bytes_allowed: 31435785 is_gc_concurrent: 1 target_footprint_: 16719902 GetBytesAllocated: 9953881 HeapGrowthMultiplier: 3
12-21 19:01:48.433  3315  3686 I com.miui.home: CheckGCForNative gc_urgency 0.680622 current_native_bytes is 95524291
12-21 19:01:48.436  3315  3686 I com.miui.home: CheckGCForNative adj_start_bytes: 32306722 NativeAllocationGcWatermark: 10478595 java_gc_start_bytes: 16588830 kNewNativeDiscountFactor: 2 kOldNativeDiscountFactor: 65536 old_native_bytes: 71456891 new_native_bytes: 34774344 add_bytes_allowed: 31435785 is_gc_concurrent: 1 target_footprint_: 16719902 GetBytesAllocated: 9973483 HeapGrowthMultiplier: 3
12-21 19:01:48.437  3315  3686 I com.miui.home: CheckGCForNative gc_urgency 0.846937 current_native_bytes is 106231235
12-21 19:01:48.437  3315  3686 E cccccc  : createTaskSnapshot:
12-21 19:01:48.437  3315  3686 I cccccc  : getTaskSnapshotInstance:
12-21 19:01:48.529  3315  3686 I com.miui.home: CheckGCForNative adj_start_bytes: 32306722 NativeAllocationGcWatermark: 10478595 java_gc_start_bytes: 16588830 kNewNativeDiscountFactor: 2 kOldNativeDiscountFactor: 65536 old_native_bytes: 71456891 new_native_bytes: 34456552 add_bytes_allowed: 31435785 is_gc_concurrent: 1 target_footprint_: 16719902 GetBytesAllocated: 9973579 HeapGrowthMultiplier: 3
12-21 19:01:48.529  3315  3686 I com.miui.home: CheckGCForNative gc_urgency 0.842021 current_native_bytes is 105913443
12-21 19:01:48.533  3315  3686 I com.miui.home: CheckGCForNative adj_start_bytes: 32306722 NativeAllocationGcWatermark: 10478595 java_gc_start_bytes: 16588830 kNewNativeDiscountFactor: 2 kOldNativeDiscountFactor: 65536 old_native_bytes: 71456891 new_native_bytes: 45163496 add_bytes_allowed: 31435785 is_gc_concurrent: 1 target_footprint_: 16719902 GetBytesAllocated: 9973771 HeapGrowthMultiplier: 3
12-21 19:01:48.533  3315  3686 I com.miui.home: CheckGCForNative gc_urgency 1.00773 current_native_bytes is 116620387
12-21 19:01:48.533  3315  3686 I com.miui.home: CheckGCForNative requested 1
12-21 19:01:48.746  3315  3348 I com.miui.home: NativeAlloc concurrent copying GC freed 33454(1501KB) AllocSpace objects, 3(124KB) LOS objects, 49% free, 8483KB/16MB, paused 665us,73us total 212.415ms
12-21 19:01:48.843  3315  3686 E cccccc  : createTaskSnapshot:
12-21 19:01:48.843  3315  3686 I cccccc  : getTaskSnapshotInstance:
12-21 19:01:48.947  8477  8477 I wm_on_application_create_called: [0,com.autonavi.minimap,452]
12-21 19:01:48.971  8382  8382 I wm_on_application_create_called: [0,com.autonavi.minimap,916]
12-21 19:01:49.161  8382  8382 I wm_on_create_called: [0,78556902,com.autonavi.map.activity.SplashActivity,performCreate,172]
12-21 19:01:49.268  3315  3315 I com.miui.home: CheckGCForNative gc_urgency 0 current_native_bytes is 104654415
12-21 19:01:49.292  3315  3694 D cccccc  : onTaskStackChangedBackground
12-21 19:01:49.321  3315  3694 D cccccc  : onTaskStackChangedBackground
12-21 19:01:49.329  3315  3315 I wm_on_resume_called: [0,73283177,com.miui.home.launcher.Launcher,RESUME_ACTIVITY,32]
12-21 19:01:49.351  3315  3315 I wm_on_idle_called: com.miui.home.launcher.Launcher
12-21 19:01:49.463  3315  3385 I com.miui.home: CheckGCForNative adj_start_bytes: 32837745 NativeAllocationGcWatermark: 10560447 java_gc_start_bytes: 16997075 kNewNativeDiscountFactor: 2 kOldNativeDiscountFactor: 65536 old_native_bytes: 104654415 new_native_bytes: 11206556 add_bytes_allowed: 31681341 is_gc_concurrent: 1 target_footprint_: 17374719 GetBytesAllocated: 10318293 HeapGrowthMultiplier: 3
12-21 19:01:49.463  3315  3385 I com.miui.home: CheckGCForNative gc_urgency 0.484904 current_native_bytes is 115860971
12-21 19:01:49.466  3315  3385 I cccccc  : createTaskSnapshotCompat:
12-21 19:01:49.471  3315  3385 I com.miui.home: CheckGCForNative adj_start_bytes: 32837745 NativeAllocationGcWatermark: 10560447 java_gc_start_bytes: 16997075 kNewNativeDiscountFactor: 2 kOldNativeDiscountFactor: 65536 old_native_bytes: 104654415 new_native_bytes: 21893276 add_bytes_allowed: 31681341 is_gc_concurrent: 1 target_footprint_: 17374719 GetBytesAllocated: 10359332 HeapGrowthMultiplier: 3
12-21 19:01:49.471  3315  3385 I com.miui.home: CheckGCForNative gc_urgency 0.648874 current_native_bytes is 126547691
12-21 19:01:49.482  3315  8412 I com.miui.home: CheckGCForNative adj_start_bytes: 32837745 NativeAllocationGcWatermark: 10560447 java_gc_start_bytes: 16997075 kNewNativeDiscountFactor: 2 kOldNativeDiscountFactor: 65536 old_native_bytes: 104654415 new_native_bytes: 11201052 add_bytes_allowed: 31681341 is_gc_concurrent: 1 target_footprint_: 17374719 GetBytesAllocated: 10431330 HeapGrowthMultiplier: 3
12-21 19:01:49.482  3315  8412 I com.miui.home: CheckGCForNative gc_urgency 0.488263 current_native_bytes is 115855467
12-21 19:01:49.617  8382  8382 I wm_on_create_called: [0,134758821,com.autonavi.map.activity.NewMapActivity,performCreate,376]
12-21 19:01:49.625  3315  3686 E cccccc  : createTaskSnapshot:
12-21 19:01:49.625  3315  3686 I cccccc  : getTaskSnapshotInstance:
12-21 19:01:49.626  3315  3686 I com.miui.home: CheckGCForNative adj_start_bytes: 32837745 NativeAllocationGcWatermark: 10560447 java_gc_start_bytes: 16997075 kNewNativeDiscountFactor: 2 kOldNativeDiscountFactor: 65536 old_native_bytes: 104654415 new_native_bytes: 22022288 add_bytes_allowed: 31681341 is_gc_concurrent: 1 target_footprint_: 17374719 GetBytesAllocated: 10997201 HeapGrowthMultiplier: 3
12-21 19:01:49.626  8382  8382 I wm_on_start_called: [0,134758821,com.autonavi.map.activity.NewMapActivity,handleStartActivity,8]
12-21 19:01:49.626  3315  3686 I com.miui.home: CheckGCForNative gc_urgency 0.670263 current_native_bytes is 126676703
12-21 19:01:49.640  8382  8382 I wm_on_resume_called: [0,134758821,com.autonavi.map.activity.NewMapActivity,RESUME_ACTIVITY,6]
12-21 19:01:49.714  8382  8382 I wm_on_top_resumed_gained_called: [134758821,com.autonavi.map.activity.NewMapActivity,topStateChangedWhenResumed]
12-21 19:01:49.714  8382  8382 I wm_on_top_resumed_lost_called: [134758821,com.autonavi.map.activity.NewMapActivity,topStateChangedWhenResumed]
12-21 19:01:49.732  3315  3315 I wm_on_top_resumed_gained_called: [73283177,com.miui.home.launcher.Launcher,topStateChangedWhenResumed]
12-21 19:01:49.736  3315  3612 I com.miui.home: CheckGCForNative adj_start_bytes: 32837745 NativeAllocationGcWatermark: 10560447 java_gc_start_bytes: 16997075 kNewNativeDiscountFactor: 2 kOldNativeDiscountFactor: 65536 old_native_bytes: 104654415 new_native_bytes: 11407728 add_bytes_allowed: 31681341 is_gc_concurrent: 1 target_footprint_: 17374719 GetBytesAllocated: 11251113 HeapGrowthMultiplier: 3
12-21 19:01:49.736  3315  3612 I com.miui.home: CheckGCForNative gc_urgency 0.516374 current_native_bytes is 116062143
12-21 19:01:49.883  3315  3686 I com.miui.home: CheckGCForNative adj_start_bytes: 32837745 NativeAllocationGcWatermark: 10560447 java_gc_start_bytes: 16997075 kNewNativeDiscountFactor: 2 kOldNativeDiscountFactor: 65536 old_native_bytes: 104654415 new_native_bytes: 11453252 add_bytes_allowed: 31681341 is_gc_concurrent: 1 target_footprint_: 17374719 GetBytesAllocated: 11608531 HeapGrowthMultiplier: 3
12-21 19:01:49.883  3315  3686 I com.miui.home: CheckGCForNative gc_urgency 0.527952 current_native_bytes is 116107667
12-21 19:01:49.967  3315  3609 I com.miui.home: CheckGCForNative adj_start_bytes: 32837745 NativeAllocationGcWatermark: 10560447 java_gc_start_bytes: 16997075 kNewNativeDiscountFactor: 2 kOldNativeDiscountFactor: 65536 old_native_bytes: 104654415 new_native_bytes: 22230788 add_bytes_allowed: 31681341 is_gc_concurrent: 1 target_footprint_: 17374719 GetBytesAllocated: 11698729 HeapGrowthMultiplier: 3
12-21 19:01:49.968  3315  3609 I com.miui.home: CheckGCForNative gc_urgency 0.694802 current_native_bytes is 126885203
12-21 19:01:49.970  3315  3609 I cccccc  : createTaskSnapshotCompat:
12-21 19:01:49.977  3315  3609 I com.miui.home: CheckGCForNative adj_start_bytes: 32837745 NativeAllocationGcWatermark: 10560447 java_gc_start_bytes: 16997075 kNewNativeDiscountFactor: 2 kOldNativeDiscountFactor: 65536 old_native_bytes: 104654415 new_native_bytes: 32937796 add_bytes_allowed: 31681341 is_gc_concurrent: 1 target_footprint_: 17374719 GetBytesAllocated: 11698921 HeapGrowthMultiplier: 3
12-21 19:01:49.977  3315  3609 I com.miui.home: CheckGCForNative gc_urgency 0.857837 current_native_bytes is 137592211
12-21 19:01:50.148  8382  8382 I wm_on_paused_called: [0,134758821,com.autonavi.map.activity.NewMapActivity,performPause,3]
12-21 19:01:50.210  8382  8382 I wm_on_destroy_called: [0,78556902,com.autonavi.map.activity.SplashActivity,performDestroy,1]
12-21 19:01:50.279  3315  3363 D cccccc  : onTaskStackChangedBackground
12-21 19:01:50.279  3315  8747 D cccccc  : onTaskStackChangedBackground
12-21 19:01:50.397  3315  3315 I wm_on_top_resumed_lost_called: [73283177,com.miui.home.launcher.Launcher,topStateChangedWhenResumed]
12-21 19:01:50.401  3315  3315 I wm_on_paused_called: [0,73283177,com.miui.home.launcher.Launcher,performPause,2]
12-21 19:01:50.415  3315  3686 I com.miui.home: CheckGCForNative adj_start_bytes: 32837745 NativeAllocationGcWatermark: 10560447 java_gc_start_bytes: 16997075 kNewNativeDiscountFactor: 2 kOldNativeDiscountFactor: 65536 old_native_bytes: 104654415 new_native_bytes: 22653580 add_bytes_allowed: 31681341 is_gc_concurrent: 1 target_footprint_: 17374719 GetBytesAllocated: 12167619 HeapGrowthMultiplier: 3
12-21 19:01:50.415  3315  3686 I com.miui.home: CheckGCForNative gc_urgency 0.715518 current_native_bytes is 127307995
12-21 19:01:50.469  3315  3385 D cccccc  : onTaskStackChangedBackground
12-21 19:01:50.479  3315  3385 D cccccc  : onTaskStackChangedBackground
12-21 19:01:50.513  3315  3386 D cccccc  : onTaskStackChangedBackground
12-21 19:01:50.529  3315  3363 D cccccc  : onTaskStackChangedBackground
12-21 19:01:50.572  3315  3686 E cccccc  : createTaskSnapshot:
12-21 19:01:50.572  3315  3686 I cccccc  : getTaskSnapshotInstance:
12-21 19:01:50.589  3315  3686 I com.miui.home: CheckGCForNative adj_start_bytes: 32837745 NativeAllocationGcWatermark: 10560447 java_gc_start_bytes: 16997075 kNewNativeDiscountFactor: 2 kOldNativeDiscountFactor: 65536 old_native_bytes: 104654415 new_native_bytes: 33688304 add_bytes_allowed: 31681341 is_gc_concurrent: 1 target_footprint_: 17374719 GetBytesAllocated: 12821822 HeapGrowthMultiplier: 3
12-21 19:01:50.589  3315  3686 I com.miui.home: CheckGCForNative gc_urgency 0.903459 current_native_bytes is 138342719
12-21 19:01:50.914  3315  3612 I com.miui.home: CheckGCForNative adj_start_bytes: 32837745 NativeAllocationGcWatermark: 10560447 java_gc_start_bytes: 16997075 kNewNativeDiscountFactor: 2 kOldNativeDiscountFactor: 65536 old_native_bytes: 104654415 new_native_bytes: 23564384 add_bytes_allowed: 31681341 is_gc_concurrent: 1 target_footprint_: 17374719 GetBytesAllocated: 13429719 HeapGrowthMultiplier: 3
12-21 19:01:50.914  3315  3612 I com.miui.home: CheckGCForNative gc_urgency 0.767821 current_native_bytes is 128218799
12-21 19:01:50.961  3315  3686 E cccccc  : createTaskSnapshot:
12-21 19:01:50.962  3315  3686 I cccccc  : getTaskSnapshotInstance:
12-21 19:01:51.060  8879  8879 I wm_on_create_called: [0,71336016,fm.qingting.qtradio.WelcomeActivity,performCreate,78]
12-21 19:01:51.061  8879  8879 I wm_on_start_called: [0,71336016,fm.qingting.qtradio.WelcomeActivity,handleStartActivity,0]
12-21 19:01:51.069  8879  8879 I wm_on_resume_called: [0,71336016,fm.qingting.qtradio.WelcomeActivity,RESUME_ACTIVITY,5]
12-21 19:01:51.094  8879  8879 I wm_on_top_resumed_gained_called: [71336016,fm.qingting.qtradio.WelcomeActivity,topStateChangedWhenResumed]
12-21 19:01:51.169  3315  3612 I com.miui.home: CheckGCForNative adj_start_bytes: 32837745 NativeAllocationGcWatermark: 10560447 java_gc_start_bytes: 16997075 kNewNativeDiscountFactor: 2 kOldNativeDiscountFactor: 65536 old_native_bytes: 104654415 new_native_bytes: 23584980 add_bytes_allowed: 31681341 is_gc_concurrent: 1 target_footprint_: 17374719 GetBytesAllocated: 13597570 HeapGrowthMultiplier: 3
12-21 19:01:51.169  3315  3612 I com.miui.home: CheckGCForNative gc_urgency 0.773246 current_native_bytes is 128239395
12-21 19:01:51.225  3315  3612 I com.miui.home: CheckGCForNative adj_start_bytes: 32837745 NativeAllocationGcWatermark: 10560447 java_gc_start_bytes: 16997075 kNewNativeDiscountFactor: 2 kOldNativeDiscountFactor: 65536 old_native_bytes: 104654415 new_native_bytes: 23567636 add_bytes_allowed: 31681341 is_gc_concurrent: 1 target_footprint_: 17374719 GetBytesAllocated: 13616032 HeapGrowthMultiplier: 3
12-21 19:01:51.225  3315  3612 I com.miui.home: CheckGCForNative gc_urgency 0.773544 current_native_bytes is 128222051
12-21 19:01:51.339  3315  3315 I wm_on_stop_called: [0,73283177,com.miui.home.launcher.Launcher,STOP_ACTIVITY_ITEM,4]
12-21 19:01:51.711  8879  8879 I wm_on_idle_called: fm.qingting.qtradio.WelcomeActivity
12-21 19:01:52.011  8879  8879 I wm_on_top_resumed_lost_called: [71336016,fm.qingting.qtradio.WelcomeActivity,topStateChangedWhenResumed]
12-21 19:01:52.026  3315  3315 I wm_on_restart_called: [0,73283177,com.miui.home.launcher.Launcher,,0]
12-21 19:01:52.028  3315  3315 I wm_on_start_called: [0,73283177,com.miui.home.launcher.Launcher,handleStartActivity,2]
12-21 19:01:52.050  3315  3315 I wm_on_resume_called: [0,73283177,com.miui.home.launcher.Launcher,RESUME_ACTIVITY,20]
12-21 19:01:52.150  3315  3315 I wm_on_top_resumed_gained_called: [73283177,com.miui.home.launcher.Launcher,topStateChangedWhenResumed]
12-21 19:01:52.153  3315  3315 I wm_on_idle_called: com.miui.home.launcher.Launcher
12-21 19:01:52.211  3315  3363 I com.miui.home: CheckGCForNative adj_start_bytes: 32837745 NativeAllocationGcWatermark: 10560447 java_gc_start_bytes: 16997075 kNewNativeDiscountFactor: 2 kOldNativeDiscountFactor: 65536 old_native_bytes: 104654415 new_native_bytes: 34204576 add_bytes_allowed: 31681341 is_gc_concurrent: 1 target_footprint_: 17374719 GetBytesAllocated: 14770105 HeapGrowthMultiplier: 3
12-21 19:01:52.212  3315  3363 I com.miui.home: CheckGCForNative gc_urgency 0.970651 current_native_bytes is 138858991
12-21 19:01:52.212  3315  3363 I cccccc  : createTaskSnapshotCompat:
12-21 19:01:52.216  3315  3363 I com.miui.home: CheckGCForNative adj_start_bytes: 32837745 NativeAllocationGcWatermark: 10560447 java_gc_start_bytes: 16997075 kNewNativeDiscountFactor: 2 kOldNativeDiscountFactor: 65536 old_native_bytes: 104654415 new_native_bytes: 44911744 add_bytes_allowed: 31681341 is_gc_concurrent: 1 target_footprint_: 17374719 GetBytesAllocated: 14798016 HeapGrowthMultiplier: 3
12-21 19:01:52.216  3315  3363 I com.miui.home: CheckGCForNative gc_urgency 1.13453 current_native_bytes is 149566159
12-21 19:01:52.216  3315  3363 I com.miui.home: CheckGCForNative requested 1
12-21 19:01:52.398  9114  9114 I wm_on_application_create_called: [0,com.xiaomi.bluetooth,278]
12-21 19:01:52.405  3315  3348 I com.miui.home: NativeAlloc concurrent copying GC freed 137975(5814KB) AllocSpace objects, 6(312KB) LOS objects, 50% free, 8621KB/16MB, paused 434us,165us total 188.387ms
12-21 19:01:52.419  3315  3612 I com.miui.home: CheckGCForNative gc_urgency 0 current_native_bytes is 128117831
12-21 19:01:52.675  3315  3612 I com.miui.home: CheckGCForNative gc_urgency 0 current_native_bytes is 127587067
12-21 19:01:52.691  3315  3609 I com.miui.home: CheckGCForNative adj_start_bytes: 33245433 NativeAllocationGcWatermark: 10595592 java_gc_start_bytes: 17352045 kNewNativeDiscountFactor: 2 kOldNativeDiscountFactor: 65536 old_native_bytes: 127587067 new_native_bytes: 10700032 add_bytes_allowed: 31786776 is_gc_concurrent: 1 target_footprint_: 17655877 GetBytesAllocated: 9005109 HeapGrowthMultiplier: 3
12-21 19:01:52.692  3315  3609 I com.miui.home: CheckGCForNative gc_urgency 0.431851 current_native_bytes is 138287099
12-21 19:01:52.693  3315  3609 I cccccc  : createTaskSnapshotCompat:
12-21 19:01:52.696  8879  8879 I wm_on_paused_called: [0,71336016,fm.qingting.qtradio.WelcomeActivity,performPause,1]
12-21 19:01:52.701  3315  3609 I com.miui.home: CheckGCForNative adj_start_bytes: 33245433 NativeAllocationGcWatermark: 10595592 java_gc_start_bytes: 17352045 kNewNativeDiscountFactor: 2 kOldNativeDiscountFactor: 65536 old_native_bytes: 127587067 new_native_bytes: 21406912 add_bytes_allowed: 31786776 is_gc_concurrent: 1 target_footprint_: 17655877 GetBytesAllocated: 9005301 HeapGrowthMultiplier: 3
12-21 19:01:52.702  3315  3609 I com.miui.home: CheckGCForNative gc_urgency 0.592885 current_native_bytes is 148993979
12-21 19:01:52.777  8879  8879 I wm_on_stop_called: [0,71336016,fm.qingting.qtradio.WelcomeActivity,STOP_ACTIVITY_ITEM,2]
12-21 19:01:52.823  3315  3385 D cccccc  : onTaskStackChangedBackground
12-21 19:01:52.828  3315  8747 D cccccc  : onTaskStackChangedBackground
12-21 19:01:52.896  3315  3315 I wm_on_top_resumed_lost_called: [73283177,com.miui.home.launcher.Launcher,topStateChangedWhenResumed]
12-21 19:01:52.901  3315  3315 I wm_on_paused_called: [0,73283177,com.miui.home.launcher.Launcher,performPause,3]
12-21 19:01:52.959  3315  8747 D cccccc  : onTaskStackChangedBackground
12-21 19:01:52.960  3315  8747 D cccccc  : onTaskStackChangedBackground
12-21 19:01:52.967  3315  3578 I com.miui.home: CheckGCForNative adj_start_bytes: 33245433 NativeAllocationGcWatermark: 10595592 java_gc_start_bytes: 17352045 kNewNativeDiscountFactor: 2 kOldNativeDiscountFactor: 65536 old_native_bytes: 127587067 new_native_bytes: 10745344 add_bytes_allowed: 31786776 is_gc_concurrent: 1 target_footprint_: 17655877 GetBytesAllocated: 9455507 HeapGrowthMultiplier: 3
12-21 19:01:52.967  3315  3578 I com.miui.home: CheckGCForNative gc_urgency 0.44608 current_native_bytes is 138332411
12-21 19:01:53.004  3315  8747 D cccccc  : onTaskStackChangedBackground
12-21 19:01:53.006  3315  8747 D cccccc  : onTaskStackChangedBackground
12-21 19:01:53.162  9224  9224 I wm_on_application_create_called: [0,com.xiaomi.account,277]
12-21 19:01:53.343  3315  3686 E cccccc  : createTaskSnapshot:
12-21 19:01:53.343  3315  3686 I cccccc  : getTaskSnapshotInstance:
12-21 19:01:53.344  3315  3686 E cccccc  : createTaskSnapshot:
12-21 19:01:53.344  3315  3686 I cccccc  : getTaskSnapshotInstance:
12-21 19:01:53.346  3315  3686 I com.miui.home: CheckGCForNative adj_start_bytes: 33245433 NativeAllocationGcWatermark: 10595592 java_gc_start_bytes: 17352045 kNewNativeDiscountFactor: 2 kOldNativeDiscountFactor: 65536 old_native_bytes: 127587067 new_native_bytes: 23979540 add_bytes_allowed: 31786776 is_gc_concurrent: 1 target_footprint_: 17655877 GetBytesAllocated: 10360706 HeapGrowthMultiplier: 3
12-21 19:01:53.346  3315  3686 I com.miui.home: CheckGCForNative gc_urgency 0.672346 current_native_bytes is 151566607
12-21 19:01:53.375  3315  3612 I com.miui.home: CheckGCForNative adj_start_bytes: 33245433 NativeAllocationGcWatermark: 10595592 java_gc_start_bytes: 17352045 kNewNativeDiscountFactor: 2 kOldNativeDiscountFactor: 65536 old_native_bytes: 127587067 new_native_bytes: 13278868 add_bytes_allowed: 31786776 is_gc_concurrent: 1 target_footprint_: 17655877 GetBytesAllocated: 10416255 HeapGrowthMultiplier: 3
12-21 19:01:53.375  3315  3612 I com.miui.home: CheckGCForNative gc_urgency 0.513082 current_native_bytes is 140865935
12-21 19:01:53.533  3315  3686 E cccccc  : createTaskSnapshot:
12-21 19:01:53.533  3315  3686 I cccccc  : getTaskSnapshotInstance:
12-21 19:01:53.553  3315  3612 I com.miui.home: CheckGCForNative adj_start_bytes: 33245433 NativeAllocationGcWatermark: 10595592 java_gc_start_bytes: 17352045 kNewNativeDiscountFactor: 2 kOldNativeDiscountFactor: 65536 old_native_bytes: 127587067 new_native_bytes: 13528216 add_bytes_allowed: 31786776 is_gc_concurrent: 1 target_footprint_: 17655877 GetBytesAllocated: 11002296 HeapGrowthMultiplier: 3
12-21 19:01:53.553  3315  3612 I com.miui.home: CheckGCForNative gc_urgency 0.53446 current_native_bytes is 141115283
12-21 19:01:53.652  3315  3612 I com.miui.home: CheckGCForNative adj_start_bytes: 33245433 NativeAllocationGcWatermark: 10595592 java_gc_start_bytes: 17352045 kNewNativeDiscountFactor: 2 kOldNativeDiscountFactor: 65536 old_native_bytes: 127587067 new_native_bytes: 13515992 add_bytes_allowed: 31786776 is_gc_concurrent: 1 target_footprint_: 17655877 GetBytesAllocated: 11035415 HeapGrowthMultiplier: 3
12-21 19:01:53.653  3315  3612 I com.miui.home: CheckGCForNative gc_urgency 0.535272 current_native_bytes is 141103059
12-21 19:01:54.336  9281  9281 I wm_on_application_create_called: [0,com.ss.android.ugc.aweme,278]
12-21 19:01:54.538  9281  9281 I wm_on_create_called: [0,101308141,com.ss.android.ugc.aweme.splash.SplashActivity,performCreate,181]
12-21 19:01:54.708  3315  3315 I wm_on_resume_called: [0,73283177,com.miui.home.launcher.Launcher,RESUME_ACTIVITY,22]
12-21 19:01:54.730  3315  3315 I wm_on_idle_called: com.miui.home.launcher.Launcher
12-21 19:01:54.834  3315  8747 I com.miui.home: CheckGCForNative adj_start_bytes: 33245433 NativeAllocationGcWatermark: 10595592 java_gc_start_bytes: 17352045 kNewNativeDiscountFactor: 2 kOldNativeDiscountFactor: 65536 old_native_bytes: 127587067 new_native_bytes: 24202556 add_bytes_allowed: 31786776 is_gc_concurrent: 1 target_footprint_: 17655877 GetBytesAllocated: 12169130 HeapGrowthMultiplier: 3
12-21 19:01:54.834  3315  8747 I com.miui.home: CheckGCForNative gc_urgency 0.730096 current_native_bytes is 151789623
12-21 19:01:54.834  3315  8747 I cccccc  : createTaskSnapshotCompat:
12-21 19:01:54.838  3315  8747 I com.miui.home: CheckGCForNative adj_start_bytes: 33245433 NativeAllocationGcWatermark: 10595592 java_gc_start_bytes: 17352045 kNewNativeDiscountFactor: 2 kOldNativeDiscountFactor: 65536 old_native_bytes: 127587067 new_native_bytes: 34909692 add_bytes_allowed: 31786776 is_gc_concurrent: 1 target_footprint_: 17655877 GetBytesAllocated: 12191285 HeapGrowthMultiplier: 3
12-21 19:01:54.839  3315  8747 I com.miui.home: CheckGCForNative gc_urgency 0.891794 current_native_bytes is 162496759
12-21 19:01:54.921  9281  9281 I wm_on_start_called: [0,101308141,com.ss.android.ugc.aweme.splash.SplashActivity,handleStartActivity,378]
12-21 19:01:54.997  3315  3612 I com.miui.home: CheckGCForNative adj_start_bytes: 33245433 NativeAllocationGcWatermark: 10595592 java_gc_start_bytes: 17352045 kNewNativeDiscountFactor: 2 kOldNativeDiscountFactor: 65536 old_native_bytes: 127587067 new_native_bytes: 24261292 add_bytes_allowed: 31786776 is_gc_concurrent: 1 target_footprint_: 17655877 GetBytesAllocated: 12570214 HeapGrowthMultiplier: 3
12-21 19:01:54.997  3315  3612 I com.miui.home: CheckGCForNative gc_urgency 0.743044 current_native_bytes is 151848359
12-21 19:01:55.119  3315  3612 I com.miui.home: CheckGCForNative adj_start_bytes: 33245433 NativeAllocationGcWatermark: 10595592 java_gc_start_bytes: 17352045 kNewNativeDiscountFactor: 2 kOldNativeDiscountFactor: 65536 old_native_bytes: 127587067 new_native_bytes: 24254124 add_bytes_allowed: 31786776 is_gc_concurrent: 1 target_footprint_: 17655877 GetBytesAllocated: 12621526 HeapGrowthMultiplier: 3
12-21 19:01:55.119  3315  3612 I com.miui.home: CheckGCForNative gc_urgency 0.744479 current_native_bytes is 151841191
12-21 19:01:55.129  3315  3315 I wm_on_top_resumed_gained_called: [73283177,com.miui.home.launcher.Launcher,topStateChangedWhenResumed]
12-21 19:01:55.253  9281  9281 I wm_on_resume_called: [0,101308141,com.ss.android.ugc.aweme.splash.SplashActivity,RESUME_ACTIVITY,286]
12-21 19:01:55.322  3315  3609 I com.miui.home: CheckGCForNative adj_start_bytes: 33245433 NativeAllocationGcWatermark: 10595592 java_gc_start_bytes: 17352045 kNewNativeDiscountFactor: 2 kOldNativeDiscountFactor: 65536 old_native_bytes: 127587067 new_native_bytes: 34967276 add_bytes_allowed: 31786776 is_gc_concurrent: 1 target_footprint_: 17655877 GetBytesAllocated: 12716551 HeapGrowthMultiplier: 3
12-21 19:01:55.324  3315  3609 I com.miui.home: CheckGCForNative gc_urgency 0.90846 current_native_bytes is 162554343
12-21 19:01:55.325  3315  3609 I cccccc  : createTaskSnapshotCompat:
12-21 19:01:55.331  3315  3609 I com.miui.home: CheckGCForNative adj_start_bytes: 33245433 NativeAllocationGcWatermark: 10595592 java_gc_start_bytes: 17352045 kNewNativeDiscountFactor: 2 kOldNativeDiscountFactor: 65536 old_native_bytes: 127587067 new_native_bytes: 45674156 add_bytes_allowed: 31786776 is_gc_concurrent: 1 target_footprint_: 17655877 GetBytesAllocated: 12725964 HeapGrowthMultiplier: 3
12-21 19:01:55.331  3315  3609 I com.miui.home: CheckGCForNative gc_urgency 1.06977 current_native_bytes is 173261223
12-21 19:01:55.331  3315  3609 I com.miui.home: CheckGCForNative requested 1
12-21 19:01:55.542  3315  3348 I com.miui.home: NativeAlloc concurrent copying GC freed 90385(3815KB) AllocSpace objects, 4(208KB) LOS objects, 49% free, 8569KB/16MB, paused 75us,28us total 210.794ms
12-21 19:01:55.591  3315  3315 I wm_on_top_resumed_lost_called: [73283177,com.miui.home.launcher.Launcher,topStateChangedWhenResumed]
12-21 19:01:55.597  3315  8747 D cccccc  : onTaskStackChangedBackground
12-21 19:01:55.598  3315  8747 D cccccc  : onTaskStackChangedBackground
12-21 19:01:55.628  3315  3578 I com.miui.home: CheckGCForNative gc_urgency 0 current_native_bytes is 129041711
12-21 19:01:55.850  3315  3315 I wm_on_paused_called: [0,73283177,com.miui.home.launcher.Launcher,performPause,3]
12-21 19:01:55.957  3315  3385 D cccccc  : onTaskStackChangedBackground
12-21 19:01:55.962  3315  3385 D cccccc  : onTaskStackChangedBackground
12-21 19:01:55.974  3315  3686 E cccccc  : createTaskSnapshot:
12-21 19:01:55.974  3315  3686 I cccccc  : getTaskSnapshotInstance:
12-21 19:01:55.984  3315  3686 I com.miui.home: CheckGCForNative adj_start_bytes: 33254480 NativeAllocationGcWatermark: 10582344 java_gc_start_bytes: 17380964 kNewNativeDiscountFactor: 2 kOldNativeDiscountFactor: 65536 old_native_bytes: 129041711 new_native_bytes: 11622648 add_bytes_allowed: 31747032 is_gc_concurrent: 1 target_footprint_: 17549894 GetBytesAllocated: 9925879 HeapGrowthMultiplier: 3
12-21 19:01:55.984  3315  3686 I com.miui.home: CheckGCForNative gc_urgency 0.473295 current_native_bytes is 140664359
12-21 19:01:56.015  3315  3544 E cccccc  : createTaskSnapshot:
12-21 19:01:56.015  3315  3544 I cccccc  : getTaskSnapshotInstance:
12-21 19:01:56.175  3315  3612 I com.miui.home: CheckGCForNative adj_start_bytes: 33254480 NativeAllocationGcWatermark: 10582344 java_gc_start_bytes: 17380964 kNewNativeDiscountFactor: 2 kOldNativeDiscountFactor: 65536 old_native_bytes: 129041711 new_native_bytes: 1541156 add_bytes_allowed: 31747032 is_gc_concurrent: 1 target_footprint_: 17549894 GetBytesAllocated: 10449846 HeapGrowthMultiplier: 3
12-21 19:01:56.175  3315  3612 I com.miui.home: CheckGCForNative gc_urgency 0.337589 current_native_bytes is 130582867
12-21 19:01:56.231  3315  3544 E cccccc  : createTaskSnapshot:
12-21 19:01:56.232  3315  3544 I cccccc  : getTaskSnapshotInstance:
12-21 19:01:56.330  3315  3612 I com.miui.home: CheckGCForNative adj_start_bytes: 33254480 NativeAllocationGcWatermark: 10582344 java_gc_start_bytes: 17380964 kNewNativeDiscountFactor: 2 kOldNativeDiscountFactor: 65536 old_native_bytes: 129041711 new_native_bytes: 1541796 add_bytes_allowed: 31747032 is_gc_concurrent: 1 target_footprint_: 17549894 GetBytesAllocated: 10770758 HeapGrowthMultiplier: 3
12-21 19:01:56.330  3315  3612 I com.miui.home: CheckGCForNative gc_urgency 0.34713 current_native_bytes is 130583507
12-21 19:01:56.508  3315  3612 I com.miui.home: CheckGCForNative adj_start_bytes: 33254480 NativeAllocationGcWatermark: 10582344 java_gc_start_bytes: 17380964 kNewNativeDiscountFactor: 2 kOldNativeDiscountFactor: 65536 old_native_bytes: 129041711 new_native_bytes: 1557580 add_bytes_allowed: 31747032 is_gc_concurrent: 1 target_footprint_: 17549894 GetBytesAllocated: 10836294 HeapGrowthMultiplier: 3
12-21 19:01:56.508  3315  3612 I com.miui.home: CheckGCForNative gc_urgency 0.349338 current_native_bytes is 130599291
12-21 19:01:56.809  9702  9702 I wm_on_create_called: [0,87721562,com.eg.android.AlipayGphone.AlipayLogin,performCreate,100]
12-21 19:01:56.816  9702  9702 I wm_on_start_called: [0,87721562,com.eg.android.AlipayGphone.AlipayLogin,handleStartActivity,6]
12-21 19:01:56.823  9702  9702 I wm_on_resume_called: [0,87721562,com.eg.android.AlipayGphone.AlipayLogin,RESUME_ACTIVITY,5]
12-21 19:01:56.856  9702  9702 I wm_on_top_resumed_gained_called: [87721562,com.eg.android.AlipayGphone.AlipayLogin,topStateChangedWhenResumed]
12-21 19:01:57.240  3315  3315 I wm_on_stop_called: [0,73283177,com.miui.home.launcher.Launcher,STOP_ACTIVITY_ITEM,10]
12-21 19:01:57.337  3315  3315 I wm_on_restart_called: [0,73283177,com.miui.home.launcher.Launcher,,0]
12-21 19:01:57.339  3315  3315 I wm_on_start_called: [0,73283177,com.miui.home.launcher.Launcher,handleStartActivity,1]
12-21 19:01:57.363  3315  3315 I wm_on_resume_called: [0,73283177,com.miui.home.launcher.Launcher,RESUME_ACTIVITY,22]
12-21 19:01:57.465  3315  3315 I wm_on_idle_called: com.miui.home.launcher.Launcher
12-21 19:01:57.557  3315  3694 I com.miui.home: CheckGCForNative adj_start_bytes: 33254480 NativeAllocationGcWatermark: 10582344 java_gc_start_bytes: 17380964 kNewNativeDiscountFactor: 2 kOldNativeDiscountFactor: 65536 old_native_bytes: 129041711 new_native_bytes: 12361528 add_bytes_allowed: 31747032 is_gc_concurrent: 1 target_footprint_: 17549894 GetBytesAllocated: 11786603 HeapGrowthMultiplier: 3
12-21 19:01:57.557  3315  3694 I com.miui.home: CheckGCForNative gc_urgency 0.540358 current_native_bytes is 141403239
12-21 19:01:57.558  3315  3694 I cccccc  : createTaskSnapshotCompat:
12-21 19:01:57.558  3315  3694 I com.miui.home: CheckGCForNative adj_start_bytes: 33254480 NativeAllocationGcWatermark: 10582344 java_gc_start_bytes: 17380964 kNewNativeDiscountFactor: 2 kOldNativeDiscountFactor: 65536 old_native_bytes: 129041711 new_native_bytes: 23068472 add_bytes_allowed: 31747032 is_gc_concurrent: 1 target_footprint_: 17549894 GetBytesAllocated: 11793133 HeapGrowthMultiplier: 3
12-21 19:01:57.558  3315  3694 I com.miui.home: CheckGCForNative gc_urgency 0.70154 current_native_bytes is 152110183
12-21 19:01:57.697  3315  3612 I com.miui.home: CheckGCForNative adj_start_bytes: 33254480 NativeAllocationGcWatermark: 10582344 java_gc_start_bytes: 17380964 kNewNativeDiscountFactor: 2 kOldNativeDiscountFactor: 65536 old_native_bytes: 129041711 new_native_bytes: 12395128 add_bytes_allowed: 31747032 is_gc_concurrent: 1 target_footprint_: 17549894 GetBytesAllocated: 12468840 HeapGrowthMultiplier: 3
12-21 19:01:57.697  3315  3612 I com.miui.home: CheckGCForNative gc_urgency 0.561379 current_native_bytes is 141436839
12-21 19:01:57.830  3315  3315 I wm_on_top_resumed_gained_called: [73283177,com.miui.home.launcher.Launcher,topStateChangedWhenResumed]
12-21 19:01:57.842  3315  3612 I com.miui.home: CheckGCForNative adj_start_bytes: 33254480 NativeAllocationGcWatermark: 10582344 java_gc_start_bytes: 17380964 kNewNativeDiscountFactor: 2 kOldNativeDiscountFactor: 65536 old_native_bytes: 129041711 new_native_bytes: 12287848 add_bytes_allowed: 31747032 is_gc_concurrent: 1 target_footprint_: 17549894 GetBytesAllocated: 12562133 HeapGrowthMultiplier: 3
12-21 19:01:57.842  3315  3612 I com.miui.home: CheckGCForNative gc_urgency 0.562572 current_native_bytes is 141329559
12-21 19:01:57.985  9702  9702 I wm_on_top_resumed_lost_called: [87721562,com.eg.android.AlipayGphone.AlipayLogin,topStateChangedWhenResumed]
12-21 19:01:58.037  3315  3609 I com.miui.home: CheckGCForNative adj_start_bytes: 33254480 NativeAllocationGcWatermark: 10582344 java_gc_start_bytes: 17380964 kNewNativeDiscountFactor: 2 kOldNativeDiscountFactor: 65536 old_native_bytes: 129041711 new_native_bytes: 22981416 add_bytes_allowed: 31747032 is_gc_concurrent: 1 target_footprint_: 17549894 GetBytesAllocated: 12644076 HeapGrowthMultiplier: 3
12-21 19:01:58.037  3315  3609 I com.miui.home: CheckGCForNative gc_urgency 0.72582 current_native_bytes is 152023127
12-21 19:01:58.039  3315  3609 I cccccc  : createTaskSnapshotCompat:
12-21 19:01:58.044  3315  3609 I com.miui.home: CheckGCForNative adj_start_bytes: 33254480 NativeAllocationGcWatermark: 10582344 java_gc_start_bytes: 17380964 kNewNativeDiscountFactor: 2 kOldNativeDiscountFactor: 65536 old_native_bytes: 129041711 new_native_bytes: 33688680 add_bytes_allowed: 31747032 is_gc_concurrent: 1 target_footprint_: 17549894 GetBytesAllocated: 12651733 HeapGrowthMultiplier: 3
12-21 19:01:58.044  3315  3609 I com.miui.home: CheckGCForNative gc_urgency 0.88704 current_native_bytes is 162730391
12-21 19:01:58.320  3315  3315 I com.miui.home: CheckGCForNative adj_start_bytes: 33254480 NativeAllocationGcWatermark: 10582344 java_gc_start_bytes: 17380964 kNewNativeDiscountFactor: 2 kOldNativeDiscountFactor: 65536 old_native_bytes: 129041711 new_native_bytes: 23000952 add_bytes_allowed: 31747032 is_gc_concurrent: 1 target_footprint_: 17549894 GetBytesAllocated: 12708256 HeapGrowthMultiplier: 3
12-21 19:01:58.321  3315  3315 I com.miui.home: CheckGCForNative gc_urgency 0.728043 current_native_bytes is 152042663
12-21 19:01:58.447  3315  3315 I wm_on_top_resumed_lost_called: [73283177,com.miui.home.launcher.Launcher,topStateChangedWhenResumed]
12-21 19:01:58.472  3315  3694 D cccccc  : onTaskStackChangedBackground
12-21 19:01:58.476  3315  3694 D cccccc  : onTaskStackChangedBackground
12-21 19:01:58.565  3315  3315 I wm_on_paused_called: [0,73283177,com.miui.home.launcher.Launcher,performPause,3]
12-21 19:01:58.781  3315  3694 D cccccc  : onTaskStackChangedBackground
12-21 19:01:58.798  3315  3363 D cccccc  : onTaskStackChangedBackground
12-21 19:01:58.842  3315  3612 I com.miui.home: CheckGCForNative adj_start_bytes: 33254480 NativeAllocationGcWatermark: 10582344 java_gc_start_bytes: 17380964 kNewNativeDiscountFactor: 2 kOldNativeDiscountFactor: 65536 old_native_bytes: 129041711 new_native_bytes: 23713116 add_bytes_allowed: 31747032 is_gc_concurrent: 1 target_footprint_: 17549894 GetBytesAllocated: 13929323 HeapGrowthMultiplier: 3
12-21 19:01:58.842  3315  3612 I com.miui.home: CheckGCForNative gc_urgency 0.77547 current_native_bytes is 152754827
12-21 19:01:58.851  3315  3686 E cccccc  : createTaskSnapshot:
12-21 19:01:58.852  3315  3686 I cccccc  : getTaskSnapshotInstance:
12-21 19:01:58.922  3315  3544 E cccccc  : createTaskSnapshot:
12-21 19:01:58.922  3315  3544 I cccccc  : getTaskSnapshotInstance:
12-21 19:01:58.931  3315  3544 I com.miui.home: CheckGCForNative adj_start_bytes: 33254480 NativeAllocationGcWatermark: 10582344 java_gc_start_bytes: 17380964 kNewNativeDiscountFactor: 2 kOldNativeDiscountFactor: 65536 old_native_bytes: 129041711 new_native_bytes: 34447428 add_bytes_allowed: 31747032 is_gc_concurrent: 1 target_footprint_: 17549894 GetBytesAllocated: 14098207 HeapGrowthMultiplier: 3
12-21 19:01:58.931  3315  3544 I com.miui.home: CheckGCForNative gc_urgency 0.941945 current_native_bytes is 163489139
12-21 19:01:58.974  3315  3544 I com.miui.home: CheckGCForNative adj_start_bytes: 33254480 NativeAllocationGcWatermark: 10582344 java_gc_start_bytes: 17380964 kNewNativeDiscountFactor: 2 kOldNativeDiscountFactor: 65536 old_native_bytes: 129041711 new_native_bytes: 49079604 add_bytes_allowed: 31747032 is_gc_concurrent: 1 target_footprint_: 17549894 GetBytesAllocated: 14166150 HeapGrowthMultiplier: 3
12-21 19:01:58.975  3315  3544 I com.miui.home: CheckGCForNative gc_urgency 1.16399 current_native_bytes is 178121315
12-21 19:01:58.975  3315  3544 I com.miui.home: CheckGCForNative requested 1
12-21 19:01:58.975  3315  3544 I com.miui.home: CheckGCForNative adj_start_bytes: 33254480 NativeAllocationGcWatermark: 10582344 java_gc_start_bytes: 17380964 kNewNativeDiscountFactor: 2 kOldNativeDiscountFactor: 65536 old_native_bytes: 129041711 new_native_bytes: 37283636 add_bytes_allowed: 31747032 is_gc_concurrent: 1 target_footprint_: 17549894 GetBytesAllocated: 14169711 HeapGrowthMultiplier: 3
12-21 19:01:58.975  3315  3544 I com.miui.home: CheckGCForNative gc_urgency 0.986739 current_native_bytes is 166325347
12-21 19:01:59.001  3315  3544 I com.miui.home: CheckGCForNative adj_start_bytes: 33254480 NativeAllocationGcWatermark: 10582344 java_gc_start_bytes: 17380964 kNewNativeDiscountFactor: 2 kOldNativeDiscountFactor: 65536 old_native_bytes: 129041711 new_native_bytes: 38083740 add_bytes_allowed: 31747032 is_gc_concurrent: 1 target_footprint_: 17549894 GetBytesAllocated: 14203564 HeapGrowthMultiplier: 3
12-21 19:01:59.001  3315  3544 I com.miui.home: CheckGCForNative gc_urgency 0.999787 current_native_bytes is 167125451
12-21 19:01:59.017  3315  3686 I com.miui.home: CheckGCForNative adj_start_bytes: 33254480 NativeAllocationGcWatermark: 10582344 java_gc_start_bytes: 17380964 kNewNativeDiscountFactor: 2 kOldNativeDiscountFactor: 65536 old_native_bytes: 129041711 new_native_bytes: 38133332 add_bytes_allowed: 31747032 is_gc_concurrent: 1 target_footprint_: 17549894 GetBytesAllocated: 14246399 HeapGrowthMultiplier: 3
12-21 19:01:59.017  3315  3686 I com.miui.home: CheckGCForNative gc_urgency 1.00182 current_native_bytes is 167175043
12-21 19:01:59.017  3315  3686 I com.miui.home: CheckGCForNative requested 1
12-21 19:01:59.096  3315  3544 I com.miui.home: CheckGCForNative adj_start_bytes: 33254480 NativeAllocationGcWatermark: 10582344 java_gc_start_bytes: 17380964 kNewNativeDiscountFactor: 2 kOldNativeDiscountFactor: 65536 old_native_bytes: 129041711 new_native_bytes: 39966696 add_bytes_allowed: 31747032 is_gc_concurrent: 1 target_footprint_: 17549894 GetBytesAllocated: 14492138 HeapGrowthMultiplier: 3
12-21 19:01:59.096  3315  3544 I com.miui.home: CheckGCForNative gc_urgency 1.03678 current_native_bytes is 169008407
12-21 19:01:59.096  3315  3544 I com.miui.home: CheckGCForNative requested 1
12-21 19:01:59.096  3315  3544 I com.miui.home: CheckGCForNative adj_start_bytes: 33254480 NativeAllocationGcWatermark: 10582344 java_gc_start_bytes: 17380964 kNewNativeDiscountFactor: 2 kOldNativeDiscountFactor: 65536 old_native_bytes: 129041711 new_native_bytes: 41417584 add_bytes_allowed: 31747032 is_gc_concurrent: 1 target_footprint_: 17549894 GetBytesAllocated: 14492138 HeapGrowthMultiplier: 3
12-21 19:01:59.096  3315  3544 I com.miui.home: CheckGCForNative gc_urgency 1.05859 current_native_bytes is 170459295
12-21 19:01:59.096  3315  3544 I com.miui.home: CheckGCForNative requested 1
12-21 19:01:59.108  3315  3544 I com.miui.home: CheckGCForNative adj_start_bytes: 33254480 NativeAllocationGcWatermark: 10582344 java_gc_start_bytes: 17380964 kNewNativeDiscountFactor: 2 kOldNativeDiscountFactor: 65536 old_native_bytes: 129041711 new_native_bytes: 52444320 add_bytes_allowed: 31747032 is_gc_concurrent: 1 target_footprint_: 17549894 GetBytesAllocated: 14518584 HeapGrowthMultiplier: 3
12-21 19:01:59.108  3315  3544 I com.miui.home: CheckGCForNative gc_urgency 1.22518 current_native_bytes is 181486031
12-21 19:01:59.108  3315  3544 I com.miui.home: CheckGCForNative requested 1
12-21 19:01:59.108  3315  3544 I com.miui.home: CheckGCForNative adj_start_bytes: 33254480 NativeAllocationGcWatermark: 10582344 java_gc_start_bytes: 17380964 kNewNativeDiscountFactor: 2 kOldNativeDiscountFactor: 65536 old_native_bytes: 129041711 new_native_bytes: 52443808 add_bytes_allowed: 31747032 is_gc_concurrent: 1 target_footprint_: 17549894 GetBytesAllocated: 14518584 HeapGrowthMultiplier: 3
12-21 19:01:59.108  3315  3544 I com.miui.home: CheckGCForNative gc_urgency 1.22517 current_native_bytes is 181485519
12-21 19:01:59.108  3315  3544 I com.miui.home: CheckGCForNative requested 1
12-21 19:01:59.187  3315  3348 I com.miui.home: NativeAlloc concurrent copying GC freed 125541(5302KB) AllocSpace objects, 8(344KB) LOS objects, 49% free, 8631KB/16MB, paused 380us,219us total 210.177ms
12-21 19:01:59.241  3315  3686 E cccccc  : createTaskSnapshot:
12-21 19:01:59.242  3315  3686 I cccccc  : getTaskSnapshotInstance:
12-21 19:01:59.374 10282 10282 I wm_on_create_called: [0,185106036,com.xunmeng.pinduoduo.ui.activity.MainFrameActivity,performCreate,64]
12-21 19:01:59.533 10282 10282 I wm_on_create_called: [0,242833542,com.xunmeng.pinduoduo.ui.activity.HomeActivity,performCreate,45]
12-21 19:01:59.541 10282 10282 I wm_on_start_called: [0,242833542,com.xunmeng.pinduoduo.ui.activity.HomeActivity,handleStartActivity,7]
12-21 19:01:59.550 10282 10282 I wm_on_resume_called: [0,242833542,com.xunmeng.pinduoduo.ui.activity.HomeActivity,RESUME_ACTIVITY,6]
12-21 19:01:59.550  3315  3694 D cccccc  : onTaskStackChangedBackground
12-21 19:01:59.553  3315  3694 D cccccc  : onTaskStackChangedBackground
12-21 19:01:59.595 10282 10282 I wm_on_top_resumed_gained_called: [242833542,com.xunmeng.pinduoduo.ui.activity.HomeActivity,topStateChangedWhenResumed]
12-21 19:01:59.787  3315  3686 E cccccc  : createTaskSnapshot:
12-21 19:01:59.787  3315  3686 I cccccc  : getTaskSnapshotInstance:
12-21 19:01:59.928 10282 10282 I wm_on_idle_called: com.xunmeng.pinduoduo.ui.activity.HomeActivity
12-21 19:01:59.967  3315  3686 E cccccc  : createTaskSnapshot:
12-21 19:01:59.967  3315  3686 I cccccc  : getTaskSnapshotInstance:
12-21 19:01:59.968  3315  3315 I wm_on_stop_called: [0,73283177,com.miui.home.launcher.Launcher,STOP_ACTIVITY_ITEM,11]
12-21 19:02:00.085  3315  3315 I wm_on_restart_called: [0,73283177,com.miui.home.launcher.Launcher,,0]
12-21 19:02:00.086  3315  3315 I wm_on_start_called: [0,73283177,com.miui.home.launcher.Launcher,handleStartActivity,1]
12-21 19:02:00.116  3315  3315 I wm_on_resume_called: [0,73283177,com.miui.home.launcher.Launcher,RESUME_ACTIVITY,27]
12-21 19:02:00.162  3315  3315 I com.miui.home: CheckGCForNative gc_urgency 0 current_native_bytes is 146959887
12-21 19:02:00.222  3315  3315 I wm_on_idle_called: com.miui.home.launcher.Launcher
12-21 19:02:00.227 10282 10282 I wm_on_destroy_called: [0,185106036,com.xunmeng.pinduoduo.ui.activity.MainFrameActivity,performDestroy,4]
12-21 19:02:00.286 10282 10282 I wm_on_top_resumed_lost_called: [242833542,com.xunmeng.pinduoduo.ui.activity.HomeActivity,topStateChangedWhenResumed]
12-21 19:02:00.298  3315  3315 I wm_on_top_resumed_gained_called: [73283177,com.miui.home.launcher.Launcher,topStateChangedWhenResumed]
12-21 19:02:00.374  3315  3363 I com.miui.home: CheckGCForNative adj_start_bytes: 33123847 NativeAllocationGcWatermark: 10598325 java_gc_start_bytes: 17226360 kNewNativeDiscountFactor: 2 kOldNativeDiscountFactor: 65536 old_native_bytes: 146959887 new_native_bytes: 11087972 add_bytes_allowed: 31794975 is_gc_concurrent: 1 target_footprint_: 17677743 GetBytesAllocated: 11643153 HeapGrowthMultiplier: 3
12-21 19:02:00.377  3315  3363 I com.miui.home: CheckGCForNative gc_urgency 0.518943 current_native_bytes is 158047859
12-21 19:02:00.378  3315  3363 I cccccc  : createTaskSnapshotCompat:
12-21 19:02:00.385  3315  3363 I com.miui.home: CheckGCForNative adj_start_bytes: 33123847 NativeAllocationGcWatermark: 10598325 java_gc_start_bytes: 17226360 kNewNativeDiscountFactor: 2 kOldNativeDiscountFactor: 65536 old_native_bytes: 146959887 new_native_bytes: 21794948 add_bytes_allowed: 31794975 is_gc_concurrent: 1 target_footprint_: 17677743 GetBytesAllocated: 11667223 HeapGrowthMultiplier: 3
12-21 19:02:00.386  3315  3363 I com.miui.home: CheckGCForNative gc_urgency 0.681509 current_native_bytes is 168754835
12-21 19:02:00.542  3315  3612 I com.miui.home: CheckGCForNative adj_start_bytes: 33123847 NativeAllocationGcWatermark: 10598325 java_gc_start_bytes: 17226360 kNewNativeDiscountFactor: 2 kOldNativeDiscountFactor: 65536 old_native_bytes: 146959887 new_native_bytes: 11081268 add_bytes_allowed: 31794975 is_gc_concurrent: 1 target_footprint_: 17677743 GetBytesAllocated: 11935933 HeapGrowthMultiplier: 3
12-21 19:02:00.542  3315  3612 I com.miui.home: CheckGCForNative gc_urgency 0.52768 current_native_bytes is 158041155
12-21 19:02:00.686  3315  3612 I com.miui.home: CheckGCForNative adj_start_bytes: 33123847 NativeAllocationGcWatermark: 10598325 java_gc_start_bytes: 17226360 kNewNativeDiscountFactor: 2 kOldNativeDiscountFactor: 65536 old_native_bytes: 146959887 new_native_bytes: 11036372 add_bytes_allowed: 31794975 is_gc_concurrent: 1 target_footprint_: 17677743 GetBytesAllocated: 12100764 HeapGrowthMultiplier: 3
12-21 19:02:00.686  3315  3612 I com.miui.home: CheckGCForNative gc_urgency 0.531979 current_native_bytes is 157996259
12-21 19:02:00.862  3315  3609 I com.miui.home: CheckGCForNative adj_start_bytes: 33123847 NativeAllocationGcWatermark: 10598325 java_gc_start_bytes: 17226360 kNewNativeDiscountFactor: 2 kOldNativeDiscountFactor: 65536 old_native_bytes: 146959887 new_native_bytes: 21627116 add_bytes_allowed: 31794975 is_gc_concurrent: 1 target_footprint_: 17677743 GetBytesAllocated: 12177599 HeapGrowthMultiplier: 3
12-21 19:02:00.862  3315  3609 I com.miui.home: CheckGCForNative gc_urgency 0.694165 current_native_bytes is 168587003
12-21 19:02:00.862  3315  3609 I cccccc  : createTaskSnapshotCompat:
12-21 19:02:00.863  3315  3609 I com.miui.home: CheckGCForNative adj_start_bytes: 33123847 NativeAllocationGcWatermark: 10598325 java_gc_start_bytes: 17226360 kNewNativeDiscountFactor: 2 kOldNativeDiscountFactor: 65536 old_native_bytes: 146959887 new_native_bytes: 32334060 add_bytes_allowed: 31794975 is_gc_concurrent: 1 target_footprint_: 17677743 GetBytesAllocated: 12177791 HeapGrowthMultiplier: 3
12-21 19:02:00.863  3315  3609 I com.miui.home: CheckGCForNative gc_urgency 0.85579 current_native_bytes is 179293947
12-21 19:02:00.977 10282 10282 I wm_on_paused_called: [0,242833542,com.xunmeng.pinduoduo.ui.activity.HomeActivity,performPause,49]
12-21 19:02:01.018 10485 10485 I wm_on_application_create_called: [0,com.xunmeng.pinduoduo,228]
12-21 19:02:01.163  3315  3385 D cccccc  : onTaskStackChangedBackground
