12-19 15:51:39.481  3321  3321 I wm_on_top_resumed_lost_called: [70655197,com.miui.home.launcher.Launcher,topStateChangedWhenResumed]
12-19 15:51:39.488  3321  3321 I wm_on_paused_called: [0,70655197,com.miui.home.launcher.Launcher,performPause,4]
12-19 15:51:39.838  3321  3832 I com.miui.home: CheckGCForNative adj_start_bytes: 41700587 NativeAllocationGcWatermark: 11467423 java_gc_start_bytes: 24499453 kNewNativeDiscountFactor: 2 kOldNativeDiscountFactor: 65536 old_native_bytes: 71064387 new_native_bytes: 1036244 add_bytes_allowed: 34402269 is_gc_concurrent: 1 target_footprint_: 24630525 GetBytesAllocated: 13179101 HeapGrowthMultiplier: 3
12-19 15:51:39.838  3321  3832 I com.miui.home: CheckGCForNative gc_urgency 0.328492 current_native_bytes is 72100631
12-19 15:51:40.093  3321  3832 I com.miui.home: CheckGCForNative adj_start_bytes: 41700587 NativeAllocationGcWatermark: 11467423 java_gc_start_bytes: 24499453 kNewNativeDiscountFactor: 2 kOldNativeDiscountFactor: 65536 old_native_bytes: 71064387 new_native_bytes: 1821364 add_bytes_allowed: 34402269 is_gc_concurrent: 1 target_footprint_: 24630525 GetBytesAllocated: 13481125 HeapGrowthMultiplier: 3
12-19 15:51:40.094  3321  3832 I com.miui.home: CheckGCForNative gc_urgency 0.345148 current_native_bytes is 72885751
12-19 15:51:40.105  3321  3832 I com.miui.home: CheckGCForNative adj_start_bytes: 41700587 NativeAllocationGcWatermark: 11467423 java_gc_start_bytes: 24499453 kNewNativeDiscountFactor: 2 kOldNativeDiscountFactor: 65536 old_native_bytes: 71064387 new_native_bytes: 1926132 add_bytes_allowed: 34402269 is_gc_concurrent: 1 target_footprint_: 24630525 GetBytesAllocated: 13502972 HeapGrowthMultiplier: 3
12-19 15:51:40.105  3321  3832 I com.miui.home: CheckGCForNative gc_urgency 0.346928 current_native_bytes is 72990519
12-19 15:51:40.375  3321  3983 I com.miui.home: CheckGCForNative adj_start_bytes: 41700587 NativeAllocationGcWatermark: 11467423 java_gc_start_bytes: 24499453 kNewNativeDiscountFactor: 2 kOldNativeDiscountFactor: 65536 old_native_bytes: 71064387 new_native_bytes: 2669304 add_bytes_allowed: 34402269 is_gc_concurrent: 1 target_footprint_: 24630525 GetBytesAllocated: 13929984 HeapGrowthMultiplier: 3
12-19 15:51:40.375  3321  3983 I com.miui.home: CheckGCForNative gc_urgency 0.366079 current_native_bytes is 73733691
12-19 15:51:40.581  3321  3983 I com.miui.home: CheckGCForNative adj_start_bytes: 41700587 NativeAllocationGcWatermark: 11467423 java_gc_start_bytes: 24499453 kNewNativeDiscountFactor: 2 kOldNativeDiscountFactor: 65536 old_native_bytes: 71064387 new_native_bytes: 13990880 add_bytes_allowed: 34402269 is_gc_concurrent: 1 target_footprint_: 24630525 GetBytesAllocated: 14112854 HeapGrowthMultiplier: 3
12-19 15:51:40.581  3321  3983 I com.miui.home: CheckGCForNative gc_urgency 0.506213 current_native_bytes is 85055267
12-19 15:51:40.587  3321  3983 I com.miui.home: CheckGCForNative adj_start_bytes: 41700587 NativeAllocationGcWatermark: 11467423 java_gc_start_bytes: 24499453 kNewNativeDiscountFactor: 2 kOldNativeDiscountFactor: 65536 old_native_bytes: 71064387 new_native_bytes: 24698016 add_bytes_allowed: 34402269 is_gc_concurrent: 1 target_footprint_: 24630525 GetBytesAllocated: 14115057 HeapGrowthMultiplier: 3
12-19 15:51:40.588  3321  3983 I com.miui.home: CheckGCForNative gc_urgency 0.634647 current_native_bytes is 95762403
12-19 15:51:40.622  3321  3983 I com.miui.home: CheckGCForNative adj_start_bytes: 41700587 NativeAllocationGcWatermark: 11467423 java_gc_start_bytes: 24499453 kNewNativeDiscountFactor: 2 kOldNativeDiscountFactor: 65536 old_native_bytes: 71064387 new_native_bytes: 24698752 add_bytes_allowed: 34402269 is_gc_concurrent: 1 target_footprint_: 24630525 GetBytesAllocated: 14123072 HeapGrowthMultiplier: 3
12-19 15:51:40.622  3321  3983 I com.miui.home: CheckGCForNative gc_urgency 0.634848 current_native_bytes is 95763139
12-19 15:51:40.623  3321  3983 I com.miui.home: CheckGCForNative adj_start_bytes: 41700587 NativeAllocationGcWatermark: 11467423 java_gc_start_bytes: 24499453 kNewNativeDiscountFactor: 2 kOldNativeDiscountFactor: 65536 old_native_bytes: 71064387 new_native_bytes: 35405696 add_bytes_allowed: 34402269 is_gc_concurrent: 1 target_footprint_: 24630525 GetBytesAllocated: 14126821 HeapGrowthMultiplier: 3
12-19 15:51:40.623  3321  3983 I com.miui.home: CheckGCForNative gc_urgency 0.763317 current_native_bytes is 106470083
12-19 15:51:40.655  3321  3983 I com.miui.home: CheckGCForNative adj_start_bytes: 41700587 NativeAllocationGcWatermark: 11467423 java_gc_start_bytes: 24499453 kNewNativeDiscountFactor: 2 kOldNativeDiscountFactor: 65536 old_native_bytes: 71064387 new_native_bytes: 35406848 add_bytes_allowed: 34402269 is_gc_concurrent: 1 target_footprint_: 24630525 GetBytesAllocated: 14126821 HeapGrowthMultiplier: 3
12-19 15:51:40.655  3321  3983 I com.miui.home: CheckGCForNative gc_urgency 0.76333 current_native_bytes is 106471235
12-19 15:51:40.658  3321  3983 I com.miui.home: CheckGCForNative adj_start_bytes: 41700587 NativeAllocationGcWatermark: 11467423 java_gc_start_bytes: 24499453 kNewNativeDiscountFactor: 2 kOldNativeDiscountFactor: 65536 old_native_bytes: 71064387 new_native_bytes: 46113792 add_bytes_allowed: 34402269 is_gc_concurrent: 1 target_footprint_: 24630525 GetBytesAllocated: 14134882 HeapGrowthMultiplier: 3
12-19 15:51:40.658  3321  3983 I com.miui.home: CheckGCForNative gc_urgency 0.891903 current_native_bytes is 117178179
12-19 15:51:41.070  3321  3321 I wm_on_resume_called: [0,70655197,com.miui.home.launcher.Launcher,RESUME_ACTIVITY,32]
12-19 15:51:41.088  3321  3321 I wm_on_idle_called: com.miui.home.launcher.Launcher
12-19 15:51:41.239  3321  3975 I com.miui.home: CheckGCForNative adj_start_bytes: 41700587 NativeAllocationGcWatermark: 11467423 java_gc_start_bytes: 24499453 kNewNativeDiscountFactor: 2 kOldNativeDiscountFactor: 65536 old_native_bytes: 71064387 new_native_bytes: 46362588 add_bytes_allowed: 34402269 is_gc_concurrent: 1 target_footprint_: 24630525 GetBytesAllocated: 15200336 HeapGrowthMultiplier: 3
12-19 15:51:41.239  3321  3975 I com.miui.home: CheckGCForNative gc_urgency 0.920436 current_native_bytes is 117426975
12-19 15:51:41.241  3321  3382 I com.miui.home: CheckGCForNative adj_start_bytes: 41700587 NativeAllocationGcWatermark: 11467423 java_gc_start_bytes: 24499453 kNewNativeDiscountFactor: 2 kOldNativeDiscountFactor: 65536 old_native_bytes: 71064387 new_native_bytes: 57069564 add_bytes_allowed: 34402269 is_gc_concurrent: 1 target_footprint_: 24630525 GetBytesAllocated: 15200336 HeapGrowthMultiplier: 3
12-19 15:51:41.241  3321  3382 I com.miui.home: CheckGCForNative gc_urgency 1.04881 current_native_bytes is 128133951
12-19 15:51:41.241  3321  3382 I com.miui.home: CheckGCForNative requested 1
12-19 15:51:41.252  3321  3382 I com.miui.home: CheckGCForNative adj_start_bytes: 41700587 NativeAllocationGcWatermark: 11467423 java_gc_start_bytes: 24499453 kNewNativeDiscountFactor: 2 kOldNativeDiscountFactor: 65536 old_native_bytes: 71064387 new_native_bytes: 67777020 add_bytes_allowed: 34402269 is_gc_concurrent: 1 target_footprint_: 24630525 GetBytesAllocated: 15200528 HeapGrowthMultiplier: 3
12-19 15:51:41.252  3321  3382 I com.miui.home: CheckGCForNative gc_urgency 1.1772 current_native_bytes is 138841407
12-19 15:51:41.252  3321  3382 I com.miui.home: CheckGCForNative requested 1
12-19 15:51:41.285  3321  3832 I com.miui.home: CheckGCForNative adj_start_bytes: 41700587 NativeAllocationGcWatermark: 11467423 java_gc_start_bytes: 24499453 kNewNativeDiscountFactor: 2 kOldNativeDiscountFactor: 65536 old_native_bytes: 71064387 new_native_bytes: 57129084 add_bytes_allowed: 34402269 is_gc_concurrent: 1 target_footprint_: 24630525 GetBytesAllocated: 15269451 HeapGrowthMultiplier: 3
12-19 15:51:41.285  3321  3832 I com.miui.home: CheckGCForNative gc_urgency 1.05119 current_native_bytes is 128193471
12-19 15:51:41.285  3321  3832 I com.miui.home: CheckGCForNative requested 1
12-19 15:51:41.330  3321  3832 I com.miui.home: CheckGCForNative adj_start_bytes: 41700587 NativeAllocationGcWatermark: 11467423 java_gc_start_bytes: 24499453 kNewNativeDiscountFactor: 2 kOldNativeDiscountFactor: 65536 old_native_bytes: 71064387 new_native_bytes: 46485676 add_bytes_allowed: 34402269 is_gc_concurrent: 1 target_footprint_: 24630525 GetBytesAllocated: 15277760 HeapGrowthMultiplier: 3
12-19 15:51:41.330  3321  3832 I com.miui.home: CheckGCForNative gc_urgency 0.923768 current_native_bytes is 117550063
12-19 15:51:41.355  8176  8176 I wm_on_application_create_called: [0,com.autonavi.minimap,688]
12-19 15:51:41.417  8082  8082 I wm_on_application_create_called: [0,com.autonavi.minimap,1267]
12-19 15:51:41.463  3321  3321 I wm_on_top_resumed_gained_called: [70655197,com.miui.home.launcher.Launcher,topStateChangedWhenResumed]
12-19 15:51:41.576  3321  3368 I com.miui.home: NativeAlloc concurrent copying GC freed 64169(2715KB) AllocSpace objects, 6(248KB) LOS objects, 49% free, 12MB/24MB, paused 487us,78us total 330.349ms
12-19 15:51:41.675  3321  3832 I com.miui.home: CheckGCForNative gc_urgency 0 current_native_bytes is 115493263
12-19 15:51:41.711  8082  8082 I wm_on_create_called: [0,203549444,com.autonavi.map.activity.SplashActivity,performCreate,235]
12-19 15:51:41.753  3321  3830 I com.miui.home: CheckGCForNative adj_start_bytes: 42153933 NativeAllocationGcWatermark: 11553135 java_gc_start_bytes: 24824231 kNewNativeDiscountFactor: 2 kOldNativeDiscountFactor: 65536 old_native_bytes: 115493263 new_native_bytes: 10792256 add_bytes_allowed: 34659405 is_gc_concurrent: 1 target_footprint_: 25316222 GetBytesAllocated: 12796789 HeapGrowthMultiplier: 3
12-19 15:51:41.753  3321  3830 I com.miui.home: CheckGCForNative gc_urgency 0.431625 current_native_bytes is 126285519
12-19 15:51:41.754  3321  3830 I com.miui.home: CheckGCForNative adj_start_bytes: 42153933 NativeAllocationGcWatermark: 11553135 java_gc_start_bytes: 24824231 kNewNativeDiscountFactor: 2 kOldNativeDiscountFactor: 65536 old_native_bytes: 115493263 new_native_bytes: 21499200 add_bytes_allowed: 34659405 is_gc_concurrent: 1 target_footprint_: 25316222 GetBytesAllocated: 12796981 HeapGrowthMultiplier: 3
12-19 15:51:41.754  3321  3830 I com.miui.home: CheckGCForNative gc_urgency 0.558627 current_native_bytes is 136992463
12-19 15:51:41.755  3321  3391 I com.miui.home: CheckGCForNative adj_start_bytes: 42153933 NativeAllocationGcWatermark: 11553135 java_gc_start_bytes: 24824231 kNewNativeDiscountFactor: 2 kOldNativeDiscountFactor: 65536 old_native_bytes: 115493263 new_native_bytes: 21499648 add_bytes_allowed: 34659405 is_gc_concurrent: 1 target_footprint_: 25316222 GetBytesAllocated: 12796981 HeapGrowthMultiplier: 3
12-19 15:51:41.755  3321  3391 I com.miui.home: CheckGCForNative gc_urgency 0.558633 current_native_bytes is 136992911
12-19 15:51:41.791  8082  8082 I wm_on_destroy_called: [0,203549444,com.autonavi.map.activity.SplashActivity,performDestroy,2]
12-19 15:51:42.038  3321  3321 I wm_on_top_resumed_lost_called: [70655197,com.miui.home.launcher.Launcher,topStateChangedWhenResumed]
12-19 15:51:42.043  3321  3321 I wm_on_paused_called: [0,70655197,com.miui.home.launcher.Launcher,performPause,3]
12-19 15:51:42.455  3321  3832 I com.miui.home: CheckGCForNative adj_start_bytes: 42153933 NativeAllocationGcWatermark: 11553135 java_gc_start_bytes: 24824231 kNewNativeDiscountFactor: 2 kOldNativeDiscountFactor: 65536 old_native_bytes: 115493263 new_native_bytes: 11697144 add_bytes_allowed: 34659405 is_gc_concurrent: 1 target_footprint_: 25316222 GetBytesAllocated: 13903283 HeapGrowthMultiplier: 3
12-19 15:51:42.455  3321  3832 I com.miui.home: CheckGCForNative gc_urgency 0.468607 current_native_bytes is 127190407
12-19 15:51:42.466  3321  3832 I com.miui.home: CheckGCForNative adj_start_bytes: 42153933 NativeAllocationGcWatermark: 11553135 java_gc_start_bytes: 24824231 kNewNativeDiscountFactor: 2 kOldNativeDiscountFactor: 65536 old_native_bytes: 115493263 new_native_bytes: 11699016 add_bytes_allowed: 34659405 is_gc_concurrent: 1 target_footprint_: 25316222 GetBytesAllocated: 13934813 HeapGrowthMultiplier: 3
12-19 15:51:42.466  3321  3832 I com.miui.home: CheckGCForNative gc_urgency 0.469377 current_native_bytes is 127192279
12-19 15:51:42.658  3321  3983 I com.miui.home: CheckGCForNative adj_start_bytes: 42153933 NativeAllocationGcWatermark: 11553135 java_gc_start_bytes: 24824231 kNewNativeDiscountFactor: 2 kOldNativeDiscountFactor: 65536 old_native_bytes: 115493263 new_native_bytes: 22984220 add_bytes_allowed: 34659405 is_gc_concurrent: 1 target_footprint_: 25316222 GetBytesAllocated: 14229362 HeapGrowthMultiplier: 3
12-19 15:51:42.658  3321  3983 I com.miui.home: CheckGCForNative gc_urgency 0.610221 current_native_bytes is 138477483
12-19 15:51:42.744  3321  3832 I com.miui.home: CheckGCForNative adj_start_bytes: 42153933 NativeAllocationGcWatermark: 11553135 java_gc_start_bytes: 24824231 kNewNativeDiscountFactor: 2 kOldNativeDiscountFactor: 65536 old_native_bytes: 115493263 new_native_bytes: 12298716 add_bytes_allowed: 34659405 is_gc_concurrent: 1 target_footprint_: 25316222 GetBytesAllocated: 14286661 HeapGrowthMultiplier: 3
12-19 15:51:42.744  3321  3832 I com.miui.home: CheckGCForNative gc_urgency 0.484837 current_native_bytes is 127791979
12-19 15:51:43.068  8447  8447 I wm_on_create_called: [0,13594962,fm.qingting.qtradio.WelcomeActivity,performCreate,261]
12-19 15:51:43.069  8447  8447 I wm_on_start_called: [0,13594962,fm.qingting.qtradio.WelcomeActivity,handleStartActivity,1]
12-19 15:51:43.079  8447  8447 I wm_on_resume_called: [0,13594962,fm.qingting.qtradio.WelcomeActivity,RESUME_ACTIVITY,8]
12-19 15:51:43.121  8447  8447 I wm_on_top_resumed_gained_called: [13594962,fm.qingting.qtradio.WelcomeActivity,topStateChangedWhenResumed]
12-19 15:51:43.693  3321  3321 I wm_on_stop_called: [0,70655197,com.miui.home.launcher.Launcher,STOP_ACTIVITY_ITEM,14]
12-19 15:51:43.827  3321  3321 I wm_on_restart_called: [0,70655197,com.miui.home.launcher.Launcher,,0]
12-19 15:51:43.830  3321  3321 I wm_on_start_called: [0,70655197,com.miui.home.launcher.Launcher,handleStartActivity,3]
12-19 15:51:43.853  3321  3321 I wm_on_resume_called: [0,70655197,com.miui.home.launcher.Launcher,RESUME_ACTIVITY,21]
12-19 15:51:43.930  3321  3321 I wm_on_idle_called: com.miui.home.launcher.Launcher
12-19 15:51:43.989  3321  3382 I com.miui.home: CheckGCForNative gc_urgency 0 current_native_bytes is 127576631
12-19 15:51:43.991  3321  3382 I com.miui.home: CheckGCForNative adj_start_bytes: 42781629 NativeAllocationGcWatermark: 11599406 java_gc_start_bytes: 25382520 kNewNativeDiscountFactor: 2 kOldNativeDiscountFactor: 65536 old_native_bytes: 127576631 new_native_bytes: 10719744 add_bytes_allowed: 34798218 is_gc_concurrent: 1 target_footprint_: 25686385 GetBytesAllocated: 13153418 HeapGrowthMultiplier: 3
12-19 15:51:43.991  3321  3382 I com.miui.home: CheckGCForNative gc_urgency 0.432785 current_native_bytes is 138296375
12-19 15:51:44.014  3321  3382 I com.miui.home: CheckGCForNative adj_start_bytes: 42781629 NativeAllocationGcWatermark: 11599406 java_gc_start_bytes: 25382520 kNewNativeDiscountFactor: 2 kOldNativeDiscountFactor: 65536 old_native_bytes: 127576631 new_native_bytes: 10775136 add_bytes_allowed: 34798218 is_gc_concurrent: 1 target_footprint_: 25686385 GetBytesAllocated: 13255156 HeapGrowthMultiplier: 3
12-19 15:51:44.014  3321  3382 I com.miui.home: CheckGCForNative gc_urgency 0.43581 current_native_bytes is 138351767
12-19 15:51:44.047  3321  3832 I com.miui.home: CheckGCForNative adj_start_bytes: 42781629 NativeAllocationGcWatermark: 11599406 java_gc_start_bytes: 25382520 kNewNativeDiscountFactor: 2 kOldNativeDiscountFactor: 65536 old_native_bytes: 127576631 new_native_bytes: 94336 add_bytes_allowed: 34798218 is_gc_concurrent: 1 target_footprint_: 25686385 GetBytesAllocated: 13360537 HeapGrowthMultiplier: 3
12-19 15:51:44.047  3321  3832 I com.miui.home: CheckGCForNative gc_urgency 0.313444 current_native_bytes is 127670967
12-19 15:51:44.048  3321  3832 I com.miui.home: CheckGCForNative adj_start_bytes: 42781629 NativeAllocationGcWatermark: 11599406 java_gc_start_bytes: 25382520 kNewNativeDiscountFactor: 2 kOldNativeDiscountFactor: 65536 old_native_bytes: 127576631 new_native_bytes: 94848 add_bytes_allowed: 34798218 is_gc_concurrent: 1 target_footprint_: 25686385 GetBytesAllocated: 13360537 HeapGrowthMultiplier: 3
12-19 15:51:44.048  3321  3832 I com.miui.home: CheckGCForNative gc_urgency 0.31345 current_native_bytes is 127671479
12-19 15:51:44.083  8425  8425 I wm_on_application_create_called: [0,com.baidu.input_mi,1328]
12-19 15:51:44.304  3321  3321 I wm_on_top_resumed_gained_called: [70655197,com.miui.home.launcher.Launcher,topStateChangedWhenResumed]
12-19 15:51:44.393  3321  3832 I com.miui.home: CheckGCForNative adj_start_bytes: 42781629 NativeAllocationGcWatermark: 11599406 java_gc_start_bytes: 25382520 kNewNativeDiscountFactor: 2 kOldNativeDiscountFactor: 65536 old_native_bytes: 127576631 new_native_bytes: 131624 add_bytes_allowed: 34798218 is_gc_concurrent: 1 target_footprint_: 25686385 GetBytesAllocated: 14018663 HeapGrowthMultiplier: 3
12-19 15:51:44.393  3321  3832 I com.miui.home: CheckGCForNative gc_urgency 0.329263 current_native_bytes is 127708255
12-19 15:51:44.447  8447  8447 I wm_on_top_resumed_lost_called: [13594962,fm.qingting.qtradio.WelcomeActivity,topStateChangedWhenResumed]
12-19 15:51:44.746  3321  3321 I wm_on_top_resumed_lost_called: [70655197,com.miui.home.launcher.Launcher,topStateChangedWhenResumed]
12-19 15:51:45.007  3321  3321 I wm_on_paused_called: [0,70655197,com.miui.home.launcher.Launcher,performPause,3]
12-19 15:51:45.395  3321  3832 I com.miui.home: CheckGCForNative adj_start_bytes: 42781629 NativeAllocationGcWatermark: 11599406 java_gc_start_bytes: 25382520 kNewNativeDiscountFactor: 2 kOldNativeDiscountFactor: 65536 old_native_bytes: 127576631 new_native_bytes: 2277868 add_bytes_allowed: 34798218 is_gc_concurrent: 1 target_footprint_: 25686385 GetBytesAllocated: 15085391 HeapGrowthMultiplier: 3
12-19 15:51:45.395  3321  3832 I com.miui.home: CheckGCForNative gc_urgency 0.379281 current_native_bytes is 129854499
12-19 15:51:45.395  3321  3832 I com.miui.home: CheckGCForNative adj_start_bytes: 42781629 NativeAllocationGcWatermark: 11599406 java_gc_start_bytes: 25382520 kNewNativeDiscountFactor: 2 kOldNativeDiscountFactor: 65536 old_native_bytes: 127576631 new_native_bytes: 2279916 add_bytes_allowed: 34798218 is_gc_concurrent: 1 target_footprint_: 25686385 GetBytesAllocated: 15085391 HeapGrowthMultiplier: 3
12-19 15:51:45.395  3321  3832 I com.miui.home: CheckGCForNative gc_urgency 0.379305 current_native_bytes is 129856547
12-19 15:51:45.620  3321  3983 I com.miui.home: CheckGCForNative adj_start_bytes: 42781629 NativeAllocationGcWatermark: 11599406 java_gc_start_bytes: 25382520 kNewNativeDiscountFactor: 2 kOldNativeDiscountFactor: 65536 old_native_bytes: 127576631 new_native_bytes: 13726764 add_bytes_allowed: 34798218 is_gc_concurrent: 1 target_footprint_: 25686385 GetBytesAllocated: 15592963 HeapGrowthMultiplier: 3
12-19 15:51:45.620  3321  3983 I com.miui.home: CheckGCForNative gc_urgency 0.524952 current_native_bytes is 141303395
12-19 15:51:45.696  3321  3832 I com.miui.home: CheckGCForNative adj_start_bytes: 42781629 NativeAllocationGcWatermark: 11599406 java_gc_start_bytes: 25382520 kNewNativeDiscountFactor: 2 kOldNativeDiscountFactor: 65536 old_native_bytes: 127576631 new_native_bytes: 3007276 add_bytes_allowed: 34798218 is_gc_concurrent: 1 target_footprint_: 25686385 GetBytesAllocated: 15611764 HeapGrowthMultiplier: 3
12-19 15:51:45.696  3321  3832 I com.miui.home: CheckGCForNative gc_urgency 0.40011 current_native_bytes is 130583907
12-19 15:51:46.424  3321  3321 I wm_on_resume_called: [0,70655197,com.miui.home.launcher.Launcher,RESUME_ACTIVITY,22]
12-19 15:51:46.545  3321  3321 I wm_on_idle_called: com.miui.home.launcher.Launcher
12-19 15:51:46.656  3321  8445 I com.miui.home: CheckGCForNative adj_start_bytes: 42781629 NativeAllocationGcWatermark: 11599406 java_gc_start_bytes: 25382520 kNewNativeDiscountFactor: 2 kOldNativeDiscountFactor: 65536 old_native_bytes: 127576631 new_native_bytes: 24435536 add_bytes_allowed: 34798218 is_gc_concurrent: 1 target_footprint_: 25686385 GetBytesAllocated: 16699014 HeapGrowthMultiplier: 3
12-19 15:51:46.656  3321  3975 I com.miui.home: CheckGCForNative adj_start_bytes: 42781629 NativeAllocationGcWatermark: 11599406 java_gc_start_bytes: 25382520 kNewNativeDiscountFactor: 2 kOldNativeDiscountFactor: 65536 old_native_bytes: 127576631 new_native_bytes: 13729616 add_bytes_allowed: 34798218 is_gc_concurrent: 1 target_footprint_: 25686385 GetBytesAllocated: 16699014 HeapGrowthMultiplier: 3
12-19 15:51:46.656  3321  3975 I com.miui.home: CheckGCForNative gc_urgency 0.550839 current_native_bytes is 141306247
12-19 15:51:46.657  3321  3321 I com.miui.home: CheckGCForNative adj_start_bytes: 42781629 NativeAllocationGcWatermark: 11599406 java_gc_start_bytes: 25382520 kNewNativeDiscountFactor: 2 kOldNativeDiscountFactor: 65536 old_native_bytes: 127576631 new_native_bytes: 35144336 add_bytes_allowed: 34798218 is_gc_concurrent: 1 target_footprint_: 25686385 GetBytesAllocated: 16700871 HeapGrowthMultiplier: 3
12-19 15:51:46.657  3321  3321 I com.miui.home: CheckGCForNative gc_urgency 0.801161 current_native_bytes is 162720967
12-19 15:51:46.658  3321  8445 I com.miui.home: CheckGCForNative gc_urgency 0.675961 current_native_bytes is 152012167
12-19 15:51:46.720  3321  3832 I com.miui.home: CheckGCForNative adj_start_bytes: 42781629 NativeAllocationGcWatermark: 11599406 java_gc_start_bytes: 25382520 kNewNativeDiscountFactor: 2 kOldNativeDiscountFactor: 65536 old_native_bytes: 127576631 new_native_bytes: 13778080 add_bytes_allowed: 34798218 is_gc_concurrent: 1 target_footprint_: 25686385 GetBytesAllocated: 16844213 HeapGrowthMultiplier: 3
12-19 15:51:46.720  3321  3832 I com.miui.home: CheckGCForNative gc_urgency 0.554799 current_native_bytes is 141354711
12-19 15:51:46.896  3321  3321 I wm_on_top_resumed_gained_called: [70655197,com.miui.home.launcher.Launcher,topStateChangedWhenResumed]
12-19 15:51:47.075  9083  9083 I wm_on_application_create_called: [0,com.xiaomi.account,261]
12-19 15:51:47.077  3321  3832 I com.miui.home: CheckGCForNative adj_start_bytes: 42781629 NativeAllocationGcWatermark: 11599406 java_gc_start_bytes: 25382520 kNewNativeDiscountFactor: 2 kOldNativeDiscountFactor: 65536 old_native_bytes: 127576631 new_native_bytes: 13793808 add_bytes_allowed: 34798218 is_gc_concurrent: 1 target_footprint_: 25686385 GetBytesAllocated: 17256862 HeapGrowthMultiplier: 3
12-19 15:51:47.077  3321  3832 I com.miui.home: CheckGCForNative gc_urgency 0.564628 current_native_bytes is 141370439
12-19 15:51:47.141  3321  3830 I com.miui.home: CheckGCForNative adj_start_bytes: 42781629 NativeAllocationGcWatermark: 11599406 java_gc_start_bytes: 25382520 kNewNativeDiscountFactor: 2 kOldNativeDiscountFactor: 65536 old_native_bytes: 127576631 new_native_bytes: 24490512 add_bytes_allowed: 34798218 is_gc_concurrent: 1 target_footprint_: 25686385 GetBytesAllocated: 17283118 HeapGrowthMultiplier: 3
12-19 15:51:47.142  3321  3830 I com.miui.home: CheckGCForNative gc_urgency 0.690257 current_native_bytes is 152067143
12-19 15:51:47.143  3321  3830 I com.miui.home: CheckGCForNative adj_start_bytes: 42781629 NativeAllocationGcWatermark: 11599406 java_gc_start_bytes: 25382520 kNewNativeDiscountFactor: 2 kOldNativeDiscountFactor: 65536 old_native_bytes: 127576631 new_native_bytes: 35197776 add_bytes_allowed: 34798218 is_gc_concurrent: 1 target_footprint_: 25686385 GetBytesAllocated: 17283310 HeapGrowthMultiplier: 3
12-19 15:51:47.143  3321  3830 I com.miui.home: CheckGCForNative gc_urgency 0.8154 current_native_bytes is 162774407
12-19 15:51:47.146  3321  3391 I com.miui.home: CheckGCForNative adj_start_bytes: 42781629 NativeAllocationGcWatermark: 11599406 java_gc_start_bytes: 25382520 kNewNativeDiscountFactor: 2 kOldNativeDiscountFactor: 65536 old_native_bytes: 127576631 new_native_bytes: 35214992 add_bytes_allowed: 34798218 is_gc_concurrent: 1 target_footprint_: 25686385 GetBytesAllocated: 17298231 HeapGrowthMultiplier: 3
12-19 15:51:47.146  3321  3391 I com.miui.home: CheckGCForNative gc_urgency 0.81595 current_native_bytes is 162791623
12-19 15:51:47.295  3321  3321 I wm_on_top_resumed_lost_called: [70655197,com.miui.home.launcher.Launcher,topStateChangedWhenResumed]
12-19 15:51:47.672  3321  3321 I wm_on_paused_called: [0,70655197,com.miui.home.launcher.Launcher,performPause,3]
12-19 15:51:47.867  3321  3832 I com.miui.home: CheckGCForNative adj_start_bytes: 42781629 NativeAllocationGcWatermark: 11599406 java_gc_start_bytes: 25382520 kNewNativeDiscountFactor: 2 kOldNativeDiscountFactor: 65536 old_native_bytes: 127576631 new_native_bytes: 25030808 add_bytes_allowed: 34798218 is_gc_concurrent: 1 target_footprint_: 25686385 GetBytesAllocated: 17967316 HeapGrowthMultiplier: 3
12-19 15:51:47.868  3321  3832 I com.miui.home: CheckGCForNative gc_urgency 0.712564 current_native_bytes is 152607439
12-19 15:51:47.914  3321  3983 I com.miui.home: CheckGCForNative adj_start_bytes: 42781629 NativeAllocationGcWatermark: 11599406 java_gc_start_bytes: 25382520 kNewNativeDiscountFactor: 2 kOldNativeDiscountFactor: 65536 old_native_bytes: 127576631 new_native_bytes: 24956492 add_bytes_allowed: 34798218 is_gc_concurrent: 1 target_footprint_: 25686385 GetBytesAllocated: 18109173 HeapGrowthMultiplier: 3
12-19 15:51:47.914  3321  3983 I com.miui.home: CheckGCForNative gc_urgency 0.715012 current_native_bytes is 152533123
12-19 15:51:48.167  3321  3983 I com.miui.home: CheckGCForNative adj_start_bytes: 42781629 NativeAllocationGcWatermark: 11599406 java_gc_start_bytes: 25382520 kNewNativeDiscountFactor: 2 kOldNativeDiscountFactor: 65536 old_native_bytes: 127576631 new_native_bytes: 35581812 add_bytes_allowed: 34798218 is_gc_concurrent: 1 target_footprint_: 25686385 GetBytesAllocated: 18704784 HeapGrowthMultiplier: 3
12-19 15:51:48.167  3321  3983 I com.miui.home: CheckGCForNative gc_urgency 0.853115 current_native_bytes is 163158443
12-19 15:51:48.191  3321  3832 I com.miui.home: CheckGCForNative adj_start_bytes: 42781629 NativeAllocationGcWatermark: 11599406 java_gc_start_bytes: 25382520 kNewNativeDiscountFactor: 2 kOldNativeDiscountFactor: 65536 old_native_bytes: 127576631 new_native_bytes: 24955380 add_bytes_allowed: 34798218 is_gc_concurrent: 1 target_footprint_: 25686385 GetBytesAllocated: 18759463 HeapGrowthMultiplier: 3
12-19 15:51:48.191  3321  3832 I com.miui.home: CheckGCForNative gc_urgency 0.730199 current_native_bytes is 152532011
12-19 15:51:48.701  9347  9347 I wm_on_create_called: [0,85043145,com.eg.android.AlipayGphone.AlipayLogin,performCreate,136]
12-19 15:51:48.706  9347  9347 I wm_on_start_called: [0,85043145,com.eg.android.AlipayGphone.AlipayLogin,handleStartActivity,4]
12-19 15:51:48.713  9347  9347 I wm_on_resume_called: [0,85043145,com.eg.android.AlipayGphone.AlipayLogin,RESUME_ACTIVITY,5]
12-19 15:51:48.741  9347  9347 I wm_on_top_resumed_gained_called: [85043145,com.eg.android.AlipayGphone.AlipayLogin,topStateChangedWhenResumed]
12-19 15:51:49.099  3321  3321 I wm_on_resume_called: [0,70655197,com.miui.home.launcher.Launcher,RESUME_ACTIVITY,22]
12-19 15:51:49.118  3321  3321 I wm_on_idle_called: com.miui.home.launcher.Launcher
12-19 15:51:49.273  3321  3391 I com.miui.home: CheckGCForNative adj_start_bytes: 42781629 NativeAllocationGcWatermark: 11599406 java_gc_start_bytes: 25382520 kNewNativeDiscountFactor: 2 kOldNativeDiscountFactor: 65536 old_native_bytes: 127576631 new_native_bytes: 24844032 add_bytes_allowed: 34798218 is_gc_concurrent: 1 target_footprint_: 25686385 GetBytesAllocated: 20222973 HeapGrowthMultiplier: 3
12-19 15:51:49.273  3321  3391 I com.miui.home: CheckGCForNative gc_urgency 0.763106 current_native_bytes is 152420663
12-19 15:51:49.386  3321  3391 I com.miui.home: CheckGCForNative adj_start_bytes: 42781629 NativeAllocationGcWatermark: 11599406 java_gc_start_bytes: 25382520 kNewNativeDiscountFactor: 2 kOldNativeDiscountFactor: 65536 old_native_bytes: 127576631 new_native_bytes: 35639760 add_bytes_allowed: 34798218 is_gc_concurrent: 1 target_footprint_: 25686385 GetBytesAllocated: 20271091 HeapGrowthMultiplier: 3
12-19 15:51:49.386  3321  3391 I com.miui.home: CheckGCForNative gc_urgency 0.890404 current_native_bytes is 163216391
12-19 15:51:49.387  3321  3391 I com.miui.home: CheckGCForNative adj_start_bytes: 42781629 NativeAllocationGcWatermark: 11599406 java_gc_start_bytes: 25382520 kNewNativeDiscountFactor: 2 kOldNativeDiscountFactor: 65536 old_native_bytes: 127576631 new_native_bytes: 46347024 add_bytes_allowed: 34798218 is_gc_concurrent: 1 target_footprint_: 25686385 GetBytesAllocated: 20282734 HeapGrowthMultiplier: 3
12-19 15:51:49.387  3321  3391 I com.miui.home: CheckGCForNative gc_urgency 1.01581 current_native_bytes is 173923655
12-19 15:51:49.387  3321  3391 I com.miui.home: CheckGCForNative requested 1
12-19 15:51:49.408  3321  9718 I com.miui.home: CheckGCForNative adj_start_bytes: 42781629 NativeAllocationGcWatermark: 11599406 java_gc_start_bytes: 25382520 kNewNativeDiscountFactor: 2 kOldNativeDiscountFactor: 65536 old_native_bytes: 127576631 new_native_bytes: 46390192 add_bytes_allowed: 34798218 is_gc_concurrent: 1 target_footprint_: 25686385 GetBytesAllocated: 20329316 HeapGrowthMultiplier: 3
12-19 15:51:49.409  3321  9718 I com.miui.home: CheckGCForNative gc_urgency 1.01741 current_native_bytes is 173966823
12-19 15:51:49.409  3321  9718 I com.miui.home: CheckGCForNative requested 1
12-19 15:51:49.502  3321  3321 I wm_on_top_resumed_gained_called: [70655197,com.miui.home.launcher.Launcher,topStateChangedWhenResumed]
12-19 15:51:49.505  3321  3832 I com.miui.home: CheckGCForNative adj_start_bytes: 42781629 NativeAllocationGcWatermark: 11599406 java_gc_start_bytes: 25382520 kNewNativeDiscountFactor: 2 kOldNativeDiscountFactor: 65536 old_native_bytes: 127576631 new_native_bytes: 35766864 add_bytes_allowed: 34798218 is_gc_concurrent: 1 target_footprint_: 25686385 GetBytesAllocated: 20391542 HeapGrowthMultiplier: 3
12-19 15:51:49.505  3321  3832 I com.miui.home: CheckGCForNative gc_urgency 0.894705 current_native_bytes is 163343495
12-19 15:51:49.696  3321  3368 I com.miui.home: NativeAlloc concurrent copying GC freed 171608(7005KB) AllocSpace objects, 10(448KB) LOS objects, 49% free, 12MB/24MB, paused 209us,233us total 308.011ms
12-19 15:51:49.863  3321  3830 I com.miui.home: CheckGCForNative gc_urgency 0 current_native_bytes is 140105379
12-19 15:51:49.863  3321  3391 I com.miui.home: CheckGCForNative adj_start_bytes: 42974786 NativeAllocationGcWatermark: 11614343 java_gc_start_bytes: 25553272 kNewNativeDiscountFactor: 2 kOldNativeDiscountFactor: 65536 old_native_bytes: 140105379 new_native_bytes: 10705920 add_bytes_allowed: 34843029 is_gc_concurrent: 1 target_footprint_: 25805882 GetBytesAllocated: 13031025 HeapGrowthMultiplier: 3
12-19 15:51:49.864  3321  3391 I com.miui.home: CheckGCForNative gc_urgency 0.427835 current_native_bytes is 150811299
12-19 15:51:49.864  3321  3830 I com.miui.home: CheckGCForNative adj_start_bytes: 42974786 NativeAllocationGcWatermark: 11614343 java_gc_start_bytes: 25553272 kNewNativeDiscountFactor: 2 kOldNativeDiscountFactor: 65536 old_native_bytes: 140105379 new_native_bytes: 21412864 add_bytes_allowed: 34843029 is_gc_concurrent: 1 target_footprint_: 25805882 GetBytesAllocated: 13031025 HeapGrowthMultiplier: 3
12-19 15:51:49.864  3321  3830 I com.miui.home: CheckGCForNative gc_urgency 0.55241 current_native_bytes is 161518243
12-19 15:51:49.903  3321  9718 I com.miui.home: CheckGCForNative adj_start_bytes: 42974786 NativeAllocationGcWatermark: 11614343 java_gc_start_bytes: 25553272 kNewNativeDiscountFactor: 2 kOldNativeDiscountFactor: 65536 old_native_bytes: 140105379 new_native_bytes: 43616 add_bytes_allowed: 34843029 is_gc_concurrent: 1 target_footprint_: 25805882 GetBytesAllocated: 13041770 HeapGrowthMultiplier: 3
12-19 15:51:49.903  3321  9718 I com.miui.home: CheckGCForNative gc_urgency 0.304032 current_native_bytes is 140148995
12-19 15:51:50.174  3321  3321 I wm_on_top_resumed_lost_called: [70655197,com.miui.home.launcher.Launcher,topStateChangedWhenResumed]
12-19 15:51:50.398  3321  3321 I wm_on_paused_called: [0,70655197,com.miui.home.launcher.Launcher,performPause,4]
12-19 15:51:50.644  9734  9734 I wm_on_application_create_called: [0,com.eg.android.AlipayGphone,365]
12-19 15:51:50.763  3321  3832 I com.miui.home: CheckGCForNative adj_start_bytes: 42974786 NativeAllocationGcWatermark: 11614343 java_gc_start_bytes: 25553272 kNewNativeDiscountFactor: 2 kOldNativeDiscountFactor: 65536 old_native_bytes: 140105379 new_native_bytes: 1002768 add_bytes_allowed: 34843029 is_gc_concurrent: 1 target_footprint_: 25805882 GetBytesAllocated: 13935225 HeapGrowthMultiplier: 3
12-19 15:51:50.763  3321  3832 I com.miui.home: CheckGCForNative gc_urgency 0.335982 current_native_bytes is 141108147
12-19 15:51:50.864  3321  3832 I com.miui.home: CheckGCForNative adj_start_bytes: 42974786 NativeAllocationGcWatermark: 11614343 java_gc_start_bytes: 25553272 kNewNativeDiscountFactor: 2 kOldNativeDiscountFactor: 65536 old_native_bytes: 140105379 new_native_bytes: 1269900 add_bytes_allowed: 34843029 is_gc_concurrent: 1 target_footprint_: 25805882 GetBytesAllocated: 14194487 HeapGrowthMultiplier: 3
12-19 15:51:50.864  3321  3832 I com.miui.home: CheckGCForNative gc_urgency 0.345123 current_native_bytes is 141375279
12-19 15:51:51.010  9945  9945 I wm_on_create_called: [0,220767997,com.xunmeng.pinduoduo.ui.activity.MainFrameActivity,performCreate,63]
12-19 15:51:51.103  3321  3750 I com.miui.home: CheckGCForNative adj_start_bytes: 42974786 NativeAllocationGcWatermark: 11614343 java_gc_start_bytes: 25553272 kNewNativeDiscountFactor: 2 kOldNativeDiscountFactor: 65536 old_native_bytes: 140105379 new_native_bytes: 12525100 add_bytes_allowed: 34843029 is_gc_concurrent: 1 target_footprint_: 25805882 GetBytesAllocated: 14609564 HeapGrowthMultiplier: 3
12-19 15:51:51.103  3321  3750 I com.miui.home: CheckGCForNative gc_urgency 0.485733 current_native_bytes is 152630479
12-19 15:51:51.151  3321  3750 I com.miui.home: CheckGCForNative adj_start_bytes: 42974786 NativeAllocationGcWatermark: 11614343 java_gc_start_bytes: 25553272 kNewNativeDiscountFactor: 2 kOldNativeDiscountFactor: 65536 old_native_bytes: 140105379 new_native_bytes: 27167340 add_bytes_allowed: 34843029 is_gc_concurrent: 1 target_footprint_: 25805882 GetBytesAllocated: 14655992 HeapGrowthMultiplier: 3
12-19 15:51:51.151  3321  3750 I com.miui.home: CheckGCForNative gc_urgency 0.657171 current_native_bytes is 167272719
12-19 15:51:51.152  3321  3750 I com.miui.home: CheckGCForNative adj_start_bytes: 42974786 NativeAllocationGcWatermark: 11614343 java_gc_start_bytes: 25553272 kNewNativeDiscountFactor: 2 kOldNativeDiscountFactor: 65536 old_native_bytes: 140105379 new_native_bytes: 15370860 add_bytes_allowed: 34843029 is_gc_concurrent: 1 target_footprint_: 25805882 GetBytesAllocated: 14655992 HeapGrowthMultiplier: 3
12-19 15:51:51.152  3321  3750 I com.miui.home: CheckGCForNative gc_urgency 0.519923 current_native_bytes is 155476239
12-19 15:51:51.164  3321  3832 I com.miui.home: CheckGCForNative adj_start_bytes: 42974786 NativeAllocationGcWatermark: 11614343 java_gc_start_bytes: 25553272 kNewNativeDiscountFactor: 2 kOldNativeDiscountFactor: 65536 old_native_bytes: 140105379 new_native_bytes: 15416748 add_bytes_allowed: 34843029 is_gc_concurrent: 1 target_footprint_: 25805882 GetBytesAllocated: 14655992 HeapGrowthMultiplier: 3
12-19 15:51:51.164  3321  3832 I com.miui.home: CheckGCForNative gc_urgency 0.520456 current_native_bytes is 155522127
12-19 15:51:51.174  3321  3750 I com.miui.home: CheckGCForNative adj_start_bytes: 42974786 NativeAllocationGcWatermark: 11614343 java_gc_start_bytes: 25553272 kNewNativeDiscountFactor: 2 kOldNativeDiscountFactor: 65536 old_native_bytes: 140105379 new_native_bytes: 16204524 add_bytes_allowed: 34843029 is_gc_concurrent: 1 target_footprint_: 25805882 GetBytesAllocated: 14663018 HeapGrowthMultiplier: 3
12-19 15:51:51.174  3321  3750 I com.miui.home: CheckGCForNative gc_urgency 0.529785 current_native_bytes is 156309903
12-19 15:51:51.218  9945  9945 I wm_on_create_called: [0,260358705,com.xunmeng.pinduoduo.ui.activity.HomeActivity,performCreate,129]
12-19 15:51:51.230  9945  9945 I wm_on_start_called: [0,260358705,com.xunmeng.pinduoduo.ui.activity.HomeActivity,handleStartActivity,10]
12-19 15:51:51.240  9945  9945 I wm_on_resume_called: [0,260358705,com.xunmeng.pinduoduo.ui.activity.HomeActivity,RESUME_ACTIVITY,7]
12-19 15:51:51.343  3321  3750 I com.miui.home: CheckGCForNative adj_start_bytes: 42974786 NativeAllocationGcWatermark: 11614343 java_gc_start_bytes: 25553272 kNewNativeDiscountFactor: 2 kOldNativeDiscountFactor: 65536 old_native_bytes: 140105379 new_native_bytes: 17485572 add_bytes_allowed: 34843029 is_gc_concurrent: 1 target_footprint_: 25805882 GetBytesAllocated: 14868184 HeapGrowthMultiplier: 3
12-19 15:51:51.343  3321  3750 I com.miui.home: CheckGCForNative gc_urgency 0.549464 current_native_bytes is 157590951
12-19 15:51:51.344  3321  3750 I com.miui.home: CheckGCForNative adj_start_bytes: 42974786 NativeAllocationGcWatermark: 11614343 java_gc_start_bytes: 25553272 kNewNativeDiscountFactor: 2 kOldNativeDiscountFactor: 65536 old_native_bytes: 140105379 new_native_bytes: 18936972 add_bytes_allowed: 34843029 is_gc_concurrent: 1 target_footprint_: 25805882 GetBytesAllocated: 14868184 HeapGrowthMultiplier: 3
12-19 15:51:51.344  3321  3750 I com.miui.home: CheckGCForNative gc_urgency 0.566351 current_native_bytes is 159042351
12-19 15:51:51.396  9945  9945 I wm_on_top_resumed_gained_called: [260358705,com.xunmeng.pinduoduo.ui.activity.HomeActivity,topStateChangedWhenResumed]
12-19 15:51:51.404  3321  3750 I com.miui.home: CheckGCForNative adj_start_bytes: 42974786 NativeAllocationGcWatermark: 11614343 java_gc_start_bytes: 25553272 kNewNativeDiscountFactor: 2 kOldNativeDiscountFactor: 65536 old_native_bytes: 140105379 new_native_bytes: 30169456 add_bytes_allowed: 34843029 is_gc_concurrent: 1 target_footprint_: 25805882 GetBytesAllocated: 15090328 HeapGrowthMultiplier: 3
12-19 15:51:51.405  3321  3750 I com.miui.home: CheckGCForNative gc_urgency 0.702207 current_native_bytes is 170274835
12-19 15:51:51.792  3321  3321 I wm_on_stop_called: [0,70655197,com.miui.home.launcher.Launcher,STOP_ACTIVITY_ITEM,8]
12-19 15:51:51.805  3321  3321 I wm_on_restart_called: [0,70655197,com.miui.home.launcher.Launcher,,0]
12-19 15:51:51.808  3321  3321 I wm_on_start_called: [0,70655197,com.miui.home.launcher.Launcher,handleStartActivity,3]
12-19 15:51:51.828  3321  3321 I wm_on_resume_called: [0,70655197,com.miui.home.launcher.Launcher,RESUME_ACTIVITY,18]
12-19 15:51:51.859  3321  3321 I com.miui.home: CheckGCForNative adj_start_bytes: 42974786 NativeAllocationGcWatermark: 11614343 java_gc_start_bytes: 25553272 kNewNativeDiscountFactor: 2 kOldNativeDiscountFactor: 65536 old_native_bytes: 140105379 new_native_bytes: 30427144 add_bytes_allowed: 34843029 is_gc_concurrent: 1 target_footprint_: 25805882 GetBytesAllocated: 16080001 HeapGrowthMultiplier: 3
12-19 15:51:51.859  3321  3321 I com.miui.home: CheckGCForNative gc_urgency 0.728234 current_native_bytes is 170532523
12-19 15:51:51.925  3321  3321 I wm_on_idle_called: com.miui.home.launcher.Launcher
12-19 15:51:52.034  3321  3374 I com.miui.home: CheckGCForNative adj_start_bytes: 42974786 NativeAllocationGcWatermark: 11614343 java_gc_start_bytes: 25553272 kNewNativeDiscountFactor: 2 kOldNativeDiscountFactor: 65536 old_native_bytes: 140105379 new_native_bytes: 41420504 add_bytes_allowed: 34843029 is_gc_concurrent: 1 target_footprint_: 25805882 GetBytesAllocated: 16666768 HeapGrowthMultiplier: 3
12-19 15:51:52.034  3321  3374 I com.miui.home: CheckGCForNative gc_urgency 0.869793 current_native_bytes is 181525883
12-19 15:51:52.035  3321  9718 I com.miui.home: CheckGCForNative adj_start_bytes: 42974786 NativeAllocationGcWatermark: 11614343 java_gc_start_bytes: 25553272 kNewNativeDiscountFactor: 2 kOldNativeDiscountFactor: 65536 old_native_bytes: 140105379 new_native_bytes: 52127640 add_bytes_allowed: 34843029 is_gc_concurrent: 1 target_footprint_: 25805882 GetBytesAllocated: 16673462 HeapGrowthMultiplier: 3
12-19 15:51:52.035  3321  9718 I com.miui.home: CheckGCForNative gc_urgency 0.994523 current_native_bytes is 192233019
12-19 15:51:52.036  3321  3321 I com.miui.home: CheckGCForNative adj_start_bytes: 42974786 NativeAllocationGcWatermark: 11614343 java_gc_start_bytes: 25553272 kNewNativeDiscountFactor: 2 kOldNativeDiscountFactor: 65536 old_native_bytes: 140105379 new_native_bytes: 62834968 add_bytes_allowed: 34843029 is_gc_concurrent: 1 target_footprint_: 25805882 GetBytesAllocated: 16697615 HeapGrowthMultiplier: 3
12-19 15:51:52.036  3321  3321 I com.miui.home: CheckGCForNative gc_urgency 1.11966 current_native_bytes is 202940347
12-19 15:51:52.036  3321  3321 I com.miui.home: CheckGCForNative requested 1
12-19 15:51:52.037  3321  3374 I com.miui.home: CheckGCForNative adj_start_bytes: 42974786 NativeAllocationGcWatermark: 11614343 java_gc_start_bytes: 25553272 kNewNativeDiscountFactor: 2 kOldNativeDiscountFactor: 65536 old_native_bytes: 140105379 new_native_bytes: 62836888 add_bytes_allowed: 34843029 is_gc_concurrent: 1 target_footprint_: 25805882 GetBytesAllocated: 16718818 HeapGrowthMultiplier: 3
12-19 15:51:52.037  3321  3374 I com.miui.home: CheckGCForNative gc_urgency 1.12018 current_native_bytes is 202942267
12-19 15:51:52.037  3321  3374 I com.miui.home: CheckGCForNative requested 1
12-19 15:51:52.089  3321  3832 I com.miui.home: CheckGCForNative adj_start_bytes: 42974786 NativeAllocationGcWatermark: 11614343 java_gc_start_bytes: 25553272 kNewNativeDiscountFactor: 2 kOldNativeDiscountFactor: 65536 old_native_bytes: 140105379 new_native_bytes: 52180760 add_bytes_allowed: 34843029 is_gc_concurrent: 1 target_footprint_: 25805882 GetBytesAllocated: 16845831 HeapGrowthMultiplier: 3
12-19 15:51:52.089  3321  3832 I com.miui.home: CheckGCForNative gc_urgency 0.999152 current_native_bytes is 192286139
12-19 15:51:52.158  9945  9945 I wm_on_destroy_called: [0,220767997,com.xunmeng.pinduoduo.ui.activity.MainFrameActivity,performDestroy,62]
12-19 15:51:52.159  9945  9945 I wm_on_top_resumed_lost_called: [260358705,com.xunmeng.pinduoduo.ui.activity.HomeActivity,topStateChangedWhenResumed]
12-19 15:51:52.172  3321  3321 I wm_on_top_resumed_gained_called: [70655197,com.miui.home.launcher.Launcher,topStateChangedWhenResumed]
12-19 15:51:52.320  3321  3368 I com.miui.home: NativeAlloc concurrent copying GC freed 86504(3823KB) AllocSpace objects, 6(240KB) LOS objects, 49% free, 12MB/24MB, paused 208us,49us total 279.460ms
12-19 15:51:52.445  3321  3832 I com.miui.home: CheckGCForNative gc_urgency 0 current_native_bytes is 132947451
12-19 15:51:52.546  3321  9718 I com.miui.home: CheckGCForNative adj_start_bytes: 43026806 NativeAllocationGcWatermark: 11644544 java_gc_start_bytes: 25559990 kNewNativeDiscountFactor: 2 kOldNativeDiscountFactor: 65536 old_native_bytes: 132947451 new_native_bytes: 10638088 add_bytes_allowed: 34933632 is_gc_concurrent: 1 target_footprint_: 26047491 GetBytesAllocated: 13188598 HeapGrowthMultiplier: 3
12-19 15:51:52.547  3321  3830 I com.miui.home: CheckGCForNative adj_start_bytes: 43026806 NativeAllocationGcWatermark: 11644544 java_gc_start_bytes: 25559990 kNewNativeDiscountFactor: 2 kOldNativeDiscountFactor: 65536 old_native_bytes: 132947451 new_native_bytes: 21343944 add_bytes_allowed: 34933632 is_gc_concurrent: 1 target_footprint_: 26047491 GetBytesAllocated: 13188598 HeapGrowthMultiplier: 3
12-19 15:51:52.547  3321  3830 I com.miui.home: CheckGCForNative gc_urgency 0.554598 current_native_bytes is 154291395
12-19 15:51:52.547  3321  9718 I com.miui.home: CheckGCForNative gc_urgency 0.430189 current_native_bytes is 143585539
12-19 15:51:52.548  3321  3830 I com.miui.home: CheckGCForNative adj_start_bytes: 43026806 NativeAllocationGcWatermark: 11644544 java_gc_start_bytes: 25559990 kNewNativeDiscountFactor: 2 kOldNativeDiscountFactor: 65536 old_native_bytes: 132947451 new_native_bytes: 32050312 add_bytes_allowed: 34933632 is_gc_concurrent: 1 target_footprint_: 26047491 GetBytesAllocated: 13188982 HeapGrowthMultiplier: 3
12-19 15:51:52.548  3321  3830 I com.miui.home: CheckGCForNative gc_urgency 0.679022 current_native_bytes is 164997763
12-19 15:51:52.795  3321  3321 I wm_on_top_resumed_lost_called: [70655197,com.miui.home.launcher.Launcher,topStateChangedWhenResumed]
12-19 15:51:53.006  9945  9945 I wm_on_paused_called: [0,260358705,com.xunmeng.pinduoduo.ui.activity.HomeActivity,performPause,5]
12-19 15:51:53.017  3321  3321 I wm_on_paused_called: [0,70655197,com.miui.home.launcher.Launcher,performPause,3]
12-19 15:51:53.338  3321  3832 I com.miui.home: CheckGCForNative adj_start_bytes: 43026806 NativeAllocationGcWatermark: 11644544 java_gc_start_bytes: 25559990 kNewNativeDiscountFactor: 2 kOldNativeDiscountFactor: 65536 old_native_bytes: 132947451 new_native_bytes: 11805252 add_bytes_allowed: 34933632 is_gc_concurrent: 1 target_footprint_: 26047491 GetBytesAllocated: 14088514 HeapGrowthMultiplier: 3
12-19 15:51:53.338  3321  3832 I com.miui.home: CheckGCForNative gc_urgency 0.464668 current_native_bytes is 144752703
12-19 15:51:53.416  9945  9945 I wm_on_stop_called: [0,260358705,com.xunmeng.pinduoduo.ui.activity.HomeActivity,STOP_ACTIVITY_ITEM,55]
12-19 15:51:53.576  3321  3983 I com.miui.home: CheckGCForNative adj_start_bytes: 43026806 NativeAllocationGcWatermark: 11644544 java_gc_start_bytes: 25559990 kNewNativeDiscountFactor: 2 kOldNativeDiscountFactor: 65536 old_native_bytes: 132947451 new_native_bytes: 23214412 add_bytes_allowed: 34933632 is_gc_concurrent: 1 target_footprint_: 26047491 GetBytesAllocated: 14606763 HeapGrowthMultiplier: 3
12-19 15:51:53.576  3321  3983 I com.miui.home: CheckGCForNative gc_urgency 0.609294 current_native_bytes is 156161863
12-19 15:51:53.637  3321  3832 I com.miui.home: CheckGCForNative adj_start_bytes: 43026806 NativeAllocationGcWatermark: 11644544 java_gc_start_bytes: 25559990 kNewNativeDiscountFactor: 2 kOldNativeDiscountFactor: 65536 old_native_bytes: 132947451 new_native_bytes: 12534284 add_bytes_allowed: 34933632 is_gc_concurrent: 1 target_footprint_: 26047491 GetBytesAllocated: 14653001 HeapGrowthMultiplier: 3
12-19 15:51:53.637  3321  3832 I com.miui.home: CheckGCForNative gc_urgency 0.486259 current_native_bytes is 145481735
12-19 15:51:53.688  9945  9945 I wm_on_idle_called: com.xunmeng.pinduoduo.ui.activity.HomeActivity
12-19 15:51:53.737  3321  3832 I com.miui.home: CheckGCForNative adj_start_bytes: 43026806 NativeAllocationGcWatermark: 11644544 java_gc_start_bytes: 25559990 kNewNativeDiscountFactor: 2 kOldNativeDiscountFactor: 65536 old_native_bytes: 132947451 new_native_bytes: 12521228 add_bytes_allowed: 34933632 is_gc_concurrent: 1 target_footprint_: 26047491 GetBytesAllocated: 14705275 HeapGrowthMultiplier: 3
12-19 15:51:53.737  3321  3832 I com.miui.home: CheckGCForNative gc_urgency 0.487322 current_native_bytes is 145468679
12-19 15:51:54.415  3321  3321 I wm_on_resume_called: [0,70655197,com.miui.home.launcher.Launcher,RESUME_ACTIVITY,18]
12-19 15:51:54.434  3321  3321 I wm_on_idle_called: com.miui.home.launcher.Launcher
12-19 15:51:54.676  3321  8445 I com.miui.home: CheckGCForNative adj_start_bytes: 43026806 NativeAllocationGcWatermark: 11644544 java_gc_start_bytes: 25559990 kNewNativeDiscountFactor: 2 kOldNativeDiscountFactor: 65536 old_native_bytes: 132947451 new_native_bytes: 23391568 add_bytes_allowed: 34933632 is_gc_concurrent: 1 target_footprint_: 26047491 GetBytesAllocated: 16310871 HeapGrowthMultiplier: 3
12-19 15:51:54.676  3321  8445 I com.miui.home: CheckGCForNative gc_urgency 0.650959 current_native_bytes is 156339019
12-19 15:51:54.677  3321  8445 I com.miui.home: CheckGCForNative adj_start_bytes: 43026806 NativeAllocationGcWatermark: 11644544 java_gc_start_bytes: 25559990 kNewNativeDiscountFactor: 2 kOldNativeDiscountFactor: 65536 old_native_bytes: 132947451 new_native_bytes: 34098704 add_bytes_allowed: 34933632 is_gc_concurrent: 1 target_footprint_: 26047491 GetBytesAllocated: 16311063 HeapGrowthMultiplier: 3
12-19 15:51:54.677  3321  8445 I com.miui.home: CheckGCForNative gc_urgency 0.775387 current_native_bytes is 167046155
12-19 15:51:54.681  3321  3374 I com.miui.home: CheckGCForNative adj_start_bytes: 43026806 NativeAllocationGcWatermark: 11644544 java_gc_start_bytes: 25559990 kNewNativeDiscountFactor: 2 kOldNativeDiscountFactor: 65536 old_native_bytes: 132947451 new_native_bytes: 34070480 add_bytes_allowed: 34933632 is_gc_concurrent: 1 target_footprint_: 26047491 GetBytesAllocated: 16328206 HeapGrowthMultiplier: 3
12-19 15:51:54.681  3321  3374 I com.miui.home: CheckGCForNative gc_urgency 0.775458 current_native_bytes is 167017931
12-19 15:51:54.728  3321  3832 I com.miui.home: CheckGCForNative adj_start_bytes: 43026806 NativeAllocationGcWatermark: 11644544 java_gc_start_bytes: 25559990 kNewNativeDiscountFactor: 2 kOldNativeDiscountFactor: 65536 old_native_bytes: 132947451 new_native_bytes: 23402144 add_bytes_allowed: 34933632 is_gc_concurrent: 1 target_footprint_: 26047491 GetBytesAllocated: 16364677 HeapGrowthMultiplier: 3
12-19 15:51:54.728  3321  3832 I com.miui.home: CheckGCForNative gc_urgency 0.652332 current_native_bytes is 156349595
12-19 15:51:54.771 10241 10241 I wm_on_application_create_called: [0,com.smile.gifmaker,890]
12-19 15:51:54.821  3321  3321 I wm_on_top_resumed_gained_called: [70655197,com.miui.home.launcher.Launcher,topStateChangedWhenResumed]
