12-20 20:59:35.160  3306  3306 I wm_on_top_resumed_lost_called: [214769253,com.miui.home.launcher.Launcher,topStateChangedWhenResumed]
12-20 20:59:35.161  3306  3306 I com.miui.home: CheckGCForNative adj_start_bytes: 44903702 NativeAllocationGcWatermark: 11804593 java_gc_start_bytes: 27196813 kNewNativeDiscountFactor: 2 kOldNativeDiscountFactor: 65536 old_native_bytes: 70747471 new_native_bytes: 263056 add_bytes_allowed: 35413779 is_gc_concurrent: 1 target_footprint_: 27327885 GetBytesAllocated: 14939004 HeapGrowthMultiplier: 3
12-20 20:59:35.161  3306  3306 I com.miui.home: CheckGCForNative gc_urgency 0.335643 current_native_bytes is 71010527
12-20 20:59:35.175  3306  3306 I wm_on_paused_called: [0,214769253,com.miui.home.launcher.Launcher,performPause,9]
12-20 20:59:35.253  3306  3404 D cccccc  : onTaskStackChangedBackground
12-20 20:59:35.256  3306  3404 D cccccc  : onTaskStackChangedBackground
12-20 20:59:35.349  3306  3404 D cccccc  : onTaskStackChangedBackground
12-20 20:59:35.350  3306  4196 D cccccc  : onTaskStackChangedBackground
12-20 20:59:35.417  3306  3999 I com.miui.home: CheckGCForNative adj_start_bytes: 44903702 NativeAllocationGcWatermark: 11804593 java_gc_start_bytes: 27196813 kNewNativeDiscountFactor: 2 kOldNativeDiscountFactor: 65536 old_native_bytes: 70747471 new_native_bytes: 276256 add_bytes_allowed: 35413779 is_gc_concurrent: 1 target_footprint_: 27327885 GetBytesAllocated: 15780050 HeapGrowthMultiplier: 3
12-20 20:59:35.417  3306  3999 I com.miui.home: CheckGCForNative gc_urgency 0.35452 current_native_bytes is 71023727
12-20 20:59:35.502  3306  4196 I com.miui.home: CheckGCForNative adj_start_bytes: 44903702 NativeAllocationGcWatermark: 11804593 java_gc_start_bytes: 27196813 kNewNativeDiscountFactor: 2 kOldNativeDiscountFactor: 65536 old_native_bytes: 70747471 new_native_bytes: 638136 add_bytes_allowed: 35413779 is_gc_concurrent: 1 target_footprint_: 27327885 GetBytesAllocated: 16386737 HeapGrowthMultiplier: 3
12-20 20:59:35.502  3306  4196 I com.miui.home: CheckGCForNative gc_urgency 0.37206 current_native_bytes is 71385607
12-20 20:59:35.795  3306  3847 I com.miui.home: CheckGCForNative adj_start_bytes: 44903702 NativeAllocationGcWatermark: 11804593 java_gc_start_bytes: 27196813 kNewNativeDiscountFactor: 2 kOldNativeDiscountFactor: 65536 old_native_bytes: 70747471 new_native_bytes: 1855480 add_bytes_allowed: 35413779 is_gc_concurrent: 1 target_footprint_: 27327885 GetBytesAllocated: 17055199 HeapGrowthMultiplier: 3
12-20 20:59:35.795  3306  3847 I com.miui.home: CheckGCForNative gc_urgency 0.400502 current_native_bytes is 72602951
12-20 20:59:35.951  3306  3847 I com.miui.home: CheckGCForNative adj_start_bytes: 44903702 NativeAllocationGcWatermark: 11804593 java_gc_start_bytes: 27196813 kNewNativeDiscountFactor: 2 kOldNativeDiscountFactor: 65536 old_native_bytes: 70747471 new_native_bytes: 2101420 add_bytes_allowed: 35413779 is_gc_concurrent: 1 target_footprint_: 27327885 GetBytesAllocated: 17733011 HeapGrowthMultiplier: 3
12-20 20:59:35.951  3306  3847 I com.miui.home: CheckGCForNative gc_urgency 0.418335 current_native_bytes is 72848891
12-20 20:59:36.018  3306  3847 I com.miui.home: CheckGCForNative adj_start_bytes: 44903702 NativeAllocationGcWatermark: 11804593 java_gc_start_bytes: 27196813 kNewNativeDiscountFactor: 2 kOldNativeDiscountFactor: 65536 old_native_bytes: 70747471 new_native_bytes: 2314828 add_bytes_allowed: 35413779 is_gc_concurrent: 1 target_footprint_: 27327885 GetBytesAllocated: 17899322 HeapGrowthMultiplier: 3
12-20 20:59:36.018  3306  3847 I com.miui.home: CheckGCForNative gc_urgency 0.424415 current_native_bytes is 73062299
12-20 20:59:36.173  3306  3306 I com.miui.home: CheckGCForNative adj_start_bytes: 44903702 NativeAllocationGcWatermark: 11804593 java_gc_start_bytes: 27196813 kNewNativeDiscountFactor: 2 kOldNativeDiscountFactor: 65536 old_native_bytes: 70747471 new_native_bytes: 2094476 add_bytes_allowed: 35413779 is_gc_concurrent: 1 target_footprint_: 27327885 GetBytesAllocated: 18616064 HeapGrowthMultiplier: 3
12-20 20:59:36.173  3306  3306 I com.miui.home: CheckGCForNative gc_urgency 0.437923 current_native_bytes is 72841947
12-20 20:59:36.396  3306  3306 I wm_on_resume_called: [0,214769253,com.miui.home.launcher.Launcher,RESUME_ACTIVITY,35]
12-20 20:59:36.429  3306  3306 I wm_on_idle_called: com.miui.home.launcher.Launcher
12-20 20:59:36.498  3306  3999 I com.miui.home: CheckGCForNative adj_start_bytes: 44903702 NativeAllocationGcWatermark: 11804593 java_gc_start_bytes: 27196813 kNewNativeDiscountFactor: 2 kOldNativeDiscountFactor: 65536 old_native_bytes: 70747471 new_native_bytes: 2771024 add_bytes_allowed: 35413779 is_gc_concurrent: 1 target_footprint_: 27327885 GetBytesAllocated: 20093969 HeapGrowthMultiplier: 3
12-20 20:59:36.498  3306  3999 I com.miui.home: CheckGCForNative gc_urgency 0.478369 current_native_bytes is 73518495
12-20 20:59:36.584  3306  3999 E cccccc  : createTaskSnapshot:
12-20 20:59:36.584  3306  3999 I cccccc  : getTaskSnapshotInstance:
12-20 20:59:36.625  3306  3999 E cccccc  : createTaskSnapshot:
12-20 20:59:36.625  3306  3999 I cccccc  : getTaskSnapshotInstance:
12-20 20:59:36.628  3306  8222 I com.miui.home: CheckGCForNative adj_start_bytes: 44903702 NativeAllocationGcWatermark: 11804593 java_gc_start_bytes: 27196813 kNewNativeDiscountFactor: 2 kOldNativeDiscountFactor: 65536 old_native_bytes: 70747471 new_native_bytes: 13402424 add_bytes_allowed: 35413779 is_gc_concurrent: 1 target_footprint_: 27327885 GetBytesAllocated: 21042060 HeapGrowthMultiplier: 3
12-20 20:59:36.628  3306  8222 I com.miui.home: CheckGCForNative gc_urgency 0.617922 current_native_bytes is 84149895
12-20 20:59:36.629  3306  8222 I cccccc  : createTaskSnapshotCompat:
12-20 20:59:36.634  3306  8222 I com.miui.home: CheckGCForNative adj_start_bytes: 44903702 NativeAllocationGcWatermark: 11804593 java_gc_start_bytes: 27196813 kNewNativeDiscountFactor: 2 kOldNativeDiscountFactor: 65536 old_native_bytes: 70747471 new_native_bytes: 24109368 add_bytes_allowed: 35413779 is_gc_concurrent: 1 target_footprint_: 27327885 GetBytesAllocated: 21140287 HeapGrowthMultiplier: 3
12-20 20:59:36.634  3306  8222 I com.miui.home: CheckGCForNative gc_urgency 0.739303 current_native_bytes is 94856839
12-20 20:59:36.680  3306  3403 I cccccc  : getTaskSnapshot:
12-20 20:59:36.682  3306  3403 I com.miui.home: CheckGCForNative adj_start_bytes: 44903702 NativeAllocationGcWatermark: 11804593 java_gc_start_bytes: 27196813 kNewNativeDiscountFactor: 2 kOldNativeDiscountFactor: 65536 old_native_bytes: 70747471 new_native_bytes: 24194296 add_bytes_allowed: 35413779 is_gc_concurrent: 1 target_footprint_: 27327885 GetBytesAllocated: 21391560 HeapGrowthMultiplier: 3
12-20 20:59:36.682  3306  3403 I com.miui.home: CheckGCForNative gc_urgency 0.74592 current_native_bytes is 94941767
12-20 20:59:36.693  3306  3306 I cccccc  : createTaskSnapshotCompat:
12-20 20:59:36.744  3306  3306 I wm_on_top_resumed_gained_called: [214769253,com.miui.home.launcher.Launcher,topStateChangedWhenResumed]
12-20 20:59:36.755  3306  3694 I com.miui.home: CheckGCForNative adj_start_bytes: 44903702 NativeAllocationGcWatermark: 11804593 java_gc_start_bytes: 27196813 kNewNativeDiscountFactor: 2 kOldNativeDiscountFactor: 65536 old_native_bytes: 70747471 new_native_bytes: 13560328 add_bytes_allowed: 35413779 is_gc_concurrent: 1 target_footprint_: 27327885 GetBytesAllocated: 21525770 HeapGrowthMultiplier: 3
12-20 20:59:36.755  3306  3694 I com.miui.home: CheckGCForNative gc_urgency 0.630394 current_native_bytes is 84307799
12-20 20:59:36.940  3306  3847 I com.miui.home: CheckGCForNative adj_start_bytes: 44903702 NativeAllocationGcWatermark: 11804593 java_gc_start_bytes: 27196813 kNewNativeDiscountFactor: 2 kOldNativeDiscountFactor: 65536 old_native_bytes: 70747471 new_native_bytes: 13551560 add_bytes_allowed: 35413779 is_gc_concurrent: 1 target_footprint_: 27327885 GetBytesAllocated: 21949351 HeapGrowthMultiplier: 3
12-20 20:59:36.940  3306  3847 I com.miui.home: CheckGCForNative gc_urgency 0.639729 current_native_bytes is 84299031
12-20 20:59:36.995  3306  3999 I com.miui.home: CheckGCForNative adj_start_bytes: 44903702 NativeAllocationGcWatermark: 11804593 java_gc_start_bytes: 27196813 kNewNativeDiscountFactor: 2 kOldNativeDiscountFactor: 65536 old_native_bytes: 70747471 new_native_bytes: 24263496 add_bytes_allowed: 35413779 is_gc_concurrent: 1 target_footprint_: 27327885 GetBytesAllocated: 22086593 HeapGrowthMultiplier: 3
12-20 20:59:36.995  3306  3999 I com.miui.home: CheckGCForNative gc_urgency 0.762062 current_native_bytes is 95010967
12-20 20:59:36.997  3306  3999 I com.miui.home: CheckGCForNative adj_start_bytes: 44903702 NativeAllocationGcWatermark: 11804593 java_gc_start_bytes: 27196813 kNewNativeDiscountFactor: 2 kOldNativeDiscountFactor: 65536 old_native_bytes: 70747471 new_native_bytes: 34972488 add_bytes_allowed: 35413779 is_gc_concurrent: 1 target_footprint_: 27327885 GetBytesAllocated: 22107512 HeapGrowthMultiplier: 3
12-20 20:59:36.997  3306  3999 I com.miui.home: CheckGCForNative gc_urgency 0.881772 current_native_bytes is 105719959
12-20 20:59:36.998  3306  3999 E cccccc  : createTaskSnapshot:
12-20 20:59:36.998  3306  3999 I cccccc  : getTaskSnapshotInstance:
12-20 20:59:37.007  3306  3694 I com.miui.home: CheckGCForNative adj_start_bytes: 44903702 NativeAllocationGcWatermark: 11804593 java_gc_start_bytes: 27196813 kNewNativeDiscountFactor: 2 kOldNativeDiscountFactor: 65536 old_native_bytes: 70747471 new_native_bytes: 24267720 add_bytes_allowed: 35413779 is_gc_concurrent: 1 target_footprint_: 27327885 GetBytesAllocated: 22124297 HeapGrowthMultiplier: 3
12-20 20:59:37.007  3306  3694 I com.miui.home: CheckGCForNative gc_urgency 0.762949 current_native_bytes is 95015191
12-20 20:59:37.084  3306  3999 I com.miui.home: CheckGCForNative adj_start_bytes: 44903702 NativeAllocationGcWatermark: 11804593 java_gc_start_bytes: 27196813 kNewNativeDiscountFactor: 2 kOldNativeDiscountFactor: 65536 old_native_bytes: 70747471 new_native_bytes: 34939784 add_bytes_allowed: 35413779 is_gc_concurrent: 1 target_footprint_: 27327885 GetBytesAllocated: 22326536 HeapGrowthMultiplier: 3
12-20 20:59:37.084  3306  3999 I com.miui.home: CheckGCForNative gc_urgency 0.886286 current_native_bytes is 105687255
12-20 20:59:37.085  3306  3999 I com.miui.home: CheckGCForNative adj_start_bytes: 44903702 NativeAllocationGcWatermark: 11804593 java_gc_start_bytes: 27196813 kNewNativeDiscountFactor: 2 kOldNativeDiscountFactor: 65536 old_native_bytes: 70747471 new_native_bytes: 45650424 add_bytes_allowed: 35413779 is_gc_concurrent: 1 target_footprint_: 27327885 GetBytesAllocated: 22340708 HeapGrowthMultiplier: 3
12-20 20:59:37.085  3306  3999 I com.miui.home: CheckGCForNative gc_urgency 1.00586 current_native_bytes is 116397895
12-20 20:59:37.085  3306  3999 I com.miui.home: CheckGCForNative requested 1
12-20 20:59:37.150  3306  3748 E cccccc  : createTaskSnapshot:
12-20 20:59:37.150  3306  3748 I cccccc  : getTaskSnapshotInstance:
12-20 20:59:37.169  3306  3846 I cccccc  : createTaskSnapshotCompat:
12-20 20:59:37.273  3306  3748 I com.miui.home: CheckGCForNative adj_start_bytes: 44903702 NativeAllocationGcWatermark: 11804593 java_gc_start_bytes: 27196813 kNewNativeDiscountFactor: 2 kOldNativeDiscountFactor: 65536 old_native_bytes: 70747471 new_native_bytes: 45670704 add_bytes_allowed: 35413779 is_gc_concurrent: 1 target_footprint_: 27327885 GetBytesAllocated: 22955956 HeapGrowthMultiplier: 3
12-20 20:59:37.273  3306  3748 I com.miui.home: CheckGCForNative gc_urgency 1.01979 current_native_bytes is 116418175
12-20 20:59:37.273  3306  3748 I com.miui.home: CheckGCForNative requested 1
12-20 20:59:37.276  3306  3748 I com.miui.home: CheckGCForNative adj_start_bytes: 44903702 NativeAllocationGcWatermark: 11804593 java_gc_start_bytes: 27196813 kNewNativeDiscountFactor: 2 kOldNativeDiscountFactor: 65536 old_native_bytes: 70747471 new_native_bytes: 56398160 add_bytes_allowed: 35413779 is_gc_concurrent: 1 target_footprint_: 27327885 GetBytesAllocated: 22972564 HeapGrowthMultiplier: 3
12-20 20:59:37.277  3306  3748 I com.miui.home: CheckGCForNative gc_urgency 1.13961 current_native_bytes is 127145631
12-20 20:59:37.277  3306  3748 I com.miui.home: CheckGCForNative requested 1
12-20 20:59:37.331  3306  3748 I com.miui.home: CheckGCForNative adj_start_bytes: 44903702 NativeAllocationGcWatermark: 11804593 java_gc_start_bytes: 27196813 kNewNativeDiscountFactor: 2 kOldNativeDiscountFactor: 65536 old_native_bytes: 70747471 new_native_bytes: 71151424 add_bytes_allowed: 35413779 is_gc_concurrent: 1 target_footprint_: 27327885 GetBytesAllocated: 23158745 HeapGrowthMultiplier: 3
12-20 20:59:37.331  3306  3748 I com.miui.home: CheckGCForNative gc_urgency 1.30803 current_native_bytes is 141898895
12-20 20:59:37.334  3306  3748 I com.miui.home: CheckGCForNative requested 1
12-20 20:59:37.340  3306  3748 I com.miui.home: CheckGCForNative adj_start_bytes: 44903702 NativeAllocationGcWatermark: 11804593 java_gc_start_bytes: 27196813 kNewNativeDiscountFactor: 2 kOldNativeDiscountFactor: 65536 old_native_bytes: 70747471 new_native_bytes: 59353856 add_bytes_allowed: 35413779 is_gc_concurrent: 1 target_footprint_: 27327885 GetBytesAllocated: 23191149 HeapGrowthMultiplier: 3
12-20 20:59:37.340  3306  3748 I com.miui.home: CheckGCForNative gc_urgency 1.17739 current_native_bytes is 130101327
12-20 20:59:37.340  3306  3748 I com.miui.home: CheckGCForNative requested 1
12-20 20:59:37.359  3306  3374 I com.miui.home: NativeAlloc concurrent copying GC freed 157289(8388KB) AllocSpace objects, 5(228KB) LOS objects, 49% free, 13MB/27MB, paused 798us,74us total 272.113ms
12-20 20:59:37.365  3306  3748 I com.miui.home: CheckGCForNative adj_start_bytes: 46378032 NativeAllocationGcWatermark: 12001177 java_gc_start_bytes: 28376267 kNewNativeDiscountFactor: 2 kOldNativeDiscountFactor: 65536 old_native_bytes: 130148111 new_native_bytes: 755696 add_bytes_allowed: 36003531 is_gc_concurrent: 1 target_footprint_: 28900555 GetBytesAllocated: 14464114 HeapGrowthMultiplier: 3
12-20 20:59:37.365  3306  3748 I com.miui.home: CheckGCForNative gc_urgency 0.320064 current_native_bytes is 130903807
12-20 20:59:37.416  3306  3744 I com.miui.home: CheckGCForNative gc_urgency 0 current_native_bytes is 120069455
12-20 20:59:37.477  3306  3306 I wm_on_top_resumed_lost_called: [214769253,com.miui.home.launcher.Launcher,topStateChangedWhenResumed]
12-20 20:59:37.555  3306  4196 D cccccc  : onTaskStackChangedBackground
12-20 20:59:37.563  3306  8222 D cccccc  : onTaskStackChangedBackground
12-20 20:59:37.669  3306  3306 I wm_on_paused_called: [0,214769253,com.miui.home.launcher.Launcher,performPause,8]
12-20 20:59:37.774  3306  3694 I com.miui.home: CheckGCForNative gc_urgency 0 current_native_bytes is 119628463
12-20 20:59:37.831  3306  3403 D cccccc  : onTaskStackChangedBackground
12-20 20:59:37.835  3306  4196 D cccccc  : onTaskStackChangedBackground
12-20 20:59:38.006  3306  3847 I com.miui.home: CheckGCForNative adj_start_bytes: 46378032 NativeAllocationGcWatermark: 12001177 java_gc_start_bytes: 28376267 kNewNativeDiscountFactor: 2 kOldNativeDiscountFactor: 65536 old_native_bytes: 119628463 new_native_bytes: 415472 add_bytes_allowed: 36003531 is_gc_concurrent: 1 target_footprint_: 28900555 GetBytesAllocated: 17627213 HeapGrowthMultiplier: 3
12-20 20:59:38.006  3306  3847 I com.miui.home: CheckGCForNative gc_urgency 0.384595 current_native_bytes is 120043935
12-20 20:59:38.218  3306  3847 I com.miui.home: CheckGCForNative adj_start_bytes: 46378032 NativeAllocationGcWatermark: 12001177 java_gc_start_bytes: 28376267 kNewNativeDiscountFactor: 2 kOldNativeDiscountFactor: 65536 old_native_bytes: 119628463 new_native_bytes: 449408 add_bytes_allowed: 36003531 is_gc_concurrent: 1 target_footprint_: 28900555 GetBytesAllocated: 18002455 HeapGrowthMultiplier: 3
12-20 20:59:38.218  3306  3847 I com.miui.home: CheckGCForNative gc_urgency 0.393052 current_native_bytes is 120077871
12-20 20:59:38.273  3306  3847 I com.miui.home: CheckGCForNative adj_start_bytes: 46378032 NativeAllocationGcWatermark: 12001177 java_gc_start_bytes: 28376267 kNewNativeDiscountFactor: 2 kOldNativeDiscountFactor: 65536 old_native_bytes: 119628463 new_native_bytes: 451008 add_bytes_allowed: 36003531 is_gc_concurrent: 1 target_footprint_: 28900555 GetBytesAllocated: 18118928 HeapGrowthMultiplier: 3
12-20 20:59:38.273  3306  3847 I com.miui.home: CheckGCForNative gc_urgency 0.395581 current_native_bytes is 120079471
12-20 20:59:38.291  3306  3999 E cccccc  : createTaskSnapshot:
12-20 20:59:38.291  3306  3999 I cccccc  : getTaskSnapshotInstance:
12-20 20:59:38.297  3306  3999 I com.miui.home: CheckGCForNative adj_start_bytes: 46378032 NativeAllocationGcWatermark: 12001177 java_gc_start_bytes: 28376267 kNewNativeDiscountFactor: 2 kOldNativeDiscountFactor: 65536 old_native_bytes: 119628463 new_native_bytes: 11143040 add_bytes_allowed: 36003531 is_gc_concurrent: 1 target_footprint_: 28900555 GetBytesAllocated: 18279692 HeapGrowthMultiplier: 3
12-20 20:59:38.297  3306  3999 I com.miui.home: CheckGCForNative gc_urgency 0.514318 current_native_bytes is 130771503
12-20 20:59:38.298  3306  3999 I com.miui.home: CheckGCForNative adj_start_bytes: 46378032 NativeAllocationGcWatermark: 12001177 java_gc_start_bytes: 28376267 kNewNativeDiscountFactor: 2 kOldNativeDiscountFactor: 65536 old_native_bytes: 119628463 new_native_bytes: 21849984 add_bytes_allowed: 36003531 is_gc_concurrent: 1 target_footprint_: 28900555 GetBytesAllocated: 18306162 HeapGrowthMultiplier: 3
12-20 20:59:38.298  3306  3999 I com.miui.home: CheckGCForNative gc_urgency 0.63032 current_native_bytes is 141478447
12-20 20:59:38.530  3306  3999 I com.miui.home: CheckGCForNative adj_start_bytes: 46378032 NativeAllocationGcWatermark: 12001177 java_gc_start_bytes: 28376267 kNewNativeDiscountFactor: 2 kOldNativeDiscountFactor: 65536 old_native_bytes: 119628463 new_native_bytes: 11230200 add_bytes_allowed: 36003531 is_gc_concurrent: 1 target_footprint_: 28900555 GetBytesAllocated: 19175541 HeapGrowthMultiplier: 3
12-20 20:59:38.530  3306  3999 I com.miui.home: CheckGCForNative gc_urgency 0.534573 current_native_bytes is 130858663
12-20 20:59:38.708  8371  8371 I wm_on_create_called: [0,198590682,fm.qingting.qtradio.WelcomeActivity,performCreate,123]
12-20 20:59:38.709  8371  8371 I wm_on_start_called: [0,198590682,fm.qingting.qtradio.WelcomeActivity,handleStartActivity,1]
12-20 20:59:38.720  8371  8371 I wm_on_resume_called: [0,198590682,fm.qingting.qtradio.WelcomeActivity,RESUME_ACTIVITY,8]
12-20 20:59:38.756  3306  3748 I com.miui.home: CheckGCForNative adj_start_bytes: 46378032 NativeAllocationGcWatermark: 12001177 java_gc_start_bytes: 28376267 kNewNativeDiscountFactor: 2 kOldNativeDiscountFactor: 65536 old_native_bytes: 119628463 new_native_bytes: 12810088 add_bytes_allowed: 36003531 is_gc_concurrent: 1 target_footprint_: 28900555 GetBytesAllocated: 20220520 HeapGrowthMultiplier: 3
12-20 20:59:38.756  3306  3748 I com.miui.home: CheckGCForNative gc_urgency 0.574138 current_native_bytes is 132438551
12-20 20:59:38.756  3306  3748 I com.miui.home: CheckGCForNative adj_start_bytes: 46378032 NativeAllocationGcWatermark: 12001177 java_gc_start_bytes: 28376267 kNewNativeDiscountFactor: 2 kOldNativeDiscountFactor: 65536 old_native_bytes: 119628463 new_native_bytes: 14261744 add_bytes_allowed: 36003531 is_gc_concurrent: 1 target_footprint_: 28900555 GetBytesAllocated: 20220520 HeapGrowthMultiplier: 3
12-20 20:59:38.756  3306  3748 I com.miui.home: CheckGCForNative gc_urgency 0.589788 current_native_bytes is 133890207
12-20 20:59:38.803  3306  3748 I com.miui.home: CheckGCForNative adj_start_bytes: 46378032 NativeAllocationGcWatermark: 12001177 java_gc_start_bytes: 28376267 kNewNativeDiscountFactor: 2 kOldNativeDiscountFactor: 65536 old_native_bytes: 119628463 new_native_bytes: 25291040 add_bytes_allowed: 36003531 is_gc_concurrent: 1 target_footprint_: 28900555 GetBytesAllocated: 20554456 HeapGrowthMultiplier: 3
12-20 20:59:38.804  3306  3748 I com.miui.home: CheckGCForNative gc_urgency 0.715895 current_native_bytes is 144919503
12-20 20:59:38.816  3306  3999 I com.miui.home: CheckGCForNative adj_start_bytes: 46378032 NativeAllocationGcWatermark: 12001177 java_gc_start_bytes: 28376267 kNewNativeDiscountFactor: 2 kOldNativeDiscountFactor: 65536 old_native_bytes: 119628463 new_native_bytes: 25356832 add_bytes_allowed: 36003531 is_gc_concurrent: 1 target_footprint_: 28900555 GetBytesAllocated: 20603432 HeapGrowthMultiplier: 3
12-20 20:59:38.816  3306  3999 I com.miui.home: CheckGCForNative gc_urgency 0.71766 current_native_bytes is 144985295
12-20 20:59:38.849  8371  8371 I wm_on_top_resumed_gained_called: [198590682,fm.qingting.qtradio.WelcomeActivity,topStateChangedWhenResumed]
12-20 20:59:38.895  3306  3306 I wm_on_resume_called: [0,214769253,com.miui.home.launcher.Launcher,RESUME_ACTIVITY,23]
12-20 20:59:38.919  3306  3306 I wm_on_idle_called: com.miui.home.launcher.Launcher
12-20 20:59:38.954  3306  3999 E cccccc  : createTaskSnapshot:
12-20 20:59:38.954  3306  3999 I cccccc  : getTaskSnapshotInstance:
12-20 20:59:39.044  3306  3999 I com.miui.home: CheckGCForNative adj_start_bytes: 46378032 NativeAllocationGcWatermark: 12001177 java_gc_start_bytes: 28376267 kNewNativeDiscountFactor: 2 kOldNativeDiscountFactor: 65536 old_native_bytes: 119628463 new_native_bytes: 25667328 add_bytes_allowed: 36003531 is_gc_concurrent: 1 target_footprint_: 28900555 GetBytesAllocated: 22750177 HeapGrowthMultiplier: 3
12-20 20:59:39.044  3306  3999 I com.miui.home: CheckGCForNative gc_urgency 0.767296 current_native_bytes is 145295791
12-20 20:59:39.053  3306  8222 I com.miui.home: CheckGCForNative adj_start_bytes: 46378032 NativeAllocationGcWatermark: 12001177 java_gc_start_bytes: 28376267 kNewNativeDiscountFactor: 2 kOldNativeDiscountFactor: 65536 old_native_bytes: 119628463 new_native_bytes: 36373696 add_bytes_allowed: 36003531 is_gc_concurrent: 1 target_footprint_: 28900555 GetBytesAllocated: 22777521 HeapGrowthMultiplier: 3
12-20 20:59:39.053  3306  8222 I com.miui.home: CheckGCForNative gc_urgency 0.88331 current_native_bytes is 156002159
12-20 20:59:39.054  3306  8222 I cccccc  : createTaskSnapshotCompat:
12-20 20:59:39.061  3306  8222 I com.miui.home: CheckGCForNative adj_start_bytes: 46378032 NativeAllocationGcWatermark: 12001177 java_gc_start_bytes: 28376267 kNewNativeDiscountFactor: 2 kOldNativeDiscountFactor: 65536 old_native_bytes: 119628463 new_native_bytes: 47080640 add_bytes_allowed: 36003531 is_gc_concurrent: 1 target_footprint_: 28900555 GetBytesAllocated: 22782660 HeapGrowthMultiplier: 3
12-20 20:59:39.061  3306  8222 I com.miui.home: CheckGCForNative gc_urgency 0.998852 current_native_bytes is 166709103
12-20 20:59:39.093  3306  8222 I cccccc  : getTaskSnapshot:
12-20 20:59:39.093  3306  8222 I com.miui.home: CheckGCForNative adj_start_bytes: 46378032 NativeAllocationGcWatermark: 12001177 java_gc_start_bytes: 28376267 kNewNativeDiscountFactor: 2 kOldNativeDiscountFactor: 65536 old_native_bytes: 119628463 new_native_bytes: 47151392 add_bytes_allowed: 36003531 is_gc_concurrent: 1 target_footprint_: 28900555 GetBytesAllocated: 22986531 HeapGrowthMultiplier: 3
12-20 20:59:39.094  3306  8222 I com.miui.home: CheckGCForNative gc_urgency 1.00401 current_native_bytes is 166779855
12-20 20:59:39.094  3306  8222 I com.miui.home: CheckGCForNative requested 1
12-20 20:59:39.112  3306  3306 I cccccc  : createTaskSnapshotCompat:
12-20 20:59:39.151  3306  3847 I com.miui.home: CheckGCForNative adj_start_bytes: 46378032 NativeAllocationGcWatermark: 12001177 java_gc_start_bytes: 28376267 kNewNativeDiscountFactor: 2 kOldNativeDiscountFactor: 65536 old_native_bytes: 119628463 new_native_bytes: 36534160 add_bytes_allowed: 36003531 is_gc_concurrent: 1 target_footprint_: 28900555 GetBytesAllocated: 23232449 HeapGrowthMultiplier: 3
12-20 20:59:39.151  3306  3847 I com.miui.home: CheckGCForNative gc_urgency 0.894849 current_native_bytes is 156162623
12-20 20:59:39.221  3306  3847 I com.miui.home: CheckGCForNative adj_start_bytes: 46378032 NativeAllocationGcWatermark: 12001177 java_gc_start_bytes: 28376267 kNewNativeDiscountFactor: 2 kOldNativeDiscountFactor: 65536 old_native_bytes: 119628463 new_native_bytes: 36567584 add_bytes_allowed: 36003531 is_gc_concurrent: 1 target_footprint_: 28900555 GetBytesAllocated: 23658377 HeapGrowthMultiplier: 3
12-20 20:59:39.221  3306  3847 I com.miui.home: CheckGCForNative gc_urgency 0.904394 current_native_bytes is 156196047
12-20 20:59:39.244  3306  3374 I com.miui.home: NativeAlloc concurrent copying GC freed 165073(8839KB) AllocSpace objects, 4(208KB) LOS objects, 50% free, 13MB/27MB, paused 315us,78us total 148.702ms
12-20 20:59:39.280  3306  3306 I wm_on_top_resumed_gained_called: [214769253,com.miui.home.launcher.Launcher,topStateChangedWhenResumed]
12-20 20:59:39.329  8371  8371 I wm_on_top_resumed_lost_called: [198590682,fm.qingting.qtradio.WelcomeActivity,topStateChangedWhenResumed]
12-20 20:59:39.340  3306  3847 I com.miui.home: CheckGCForNative gc_urgency 0 current_native_bytes is 130005479
12-20 20:59:39.437  3306  3999 E cccccc  : createTaskSnapshot:
12-20 20:59:39.437  3306  3999 I cccccc  : getTaskSnapshotInstance:
12-20 20:59:39.477  3306  3999 I com.miui.home: CheckGCForNative adj_start_bytes: 46633514 NativeAllocationGcWatermark: 12028070 java_gc_start_bytes: 28591409 kNewNativeDiscountFactor: 2 kOldNativeDiscountFactor: 65536 old_native_bytes: 130005479 new_native_bytes: 10701024 add_bytes_allowed: 36084210 is_gc_concurrent: 1 target_footprint_: 29115697 GetBytesAllocated: 16093235 HeapGrowthMultiplier: 3
12-20 20:59:39.477  3306  3999 I com.miui.home: CheckGCForNative gc_urgency 0.459878 current_native_bytes is 140706503
12-20 20:59:39.482  3306  3999 E cccccc  : createTaskSnapshot:
12-20 20:59:39.482  3306  3999 I cccccc  : getTaskSnapshotInstance:
12-20 20:59:39.492  3306  3999 I com.miui.home: CheckGCForNative adj_start_bytes: 46633514 NativeAllocationGcWatermark: 12028070 java_gc_start_bytes: 28591409 kNewNativeDiscountFactor: 2 kOldNativeDiscountFactor: 65536 old_native_bytes: 130005479 new_native_bytes: 10701728 add_bytes_allowed: 36084210 is_gc_concurrent: 1 target_footprint_: 29115697 GetBytesAllocated: 16150103 HeapGrowthMultiplier: 3
12-20 20:59:39.492  3306  3999 I com.miui.home: CheckGCForNative gc_urgency 0.461105 current_native_bytes is 140707207
12-20 20:59:39.504  3306  3999 I com.miui.home: CheckGCForNative adj_start_bytes: 46633514 NativeAllocationGcWatermark: 12028070 java_gc_start_bytes: 28591409 kNewNativeDiscountFactor: 2 kOldNativeDiscountFactor: 65536 old_native_bytes: 130005479 new_native_bytes: 21408128 add_bytes_allowed: 36084210 is_gc_concurrent: 1 target_footprint_: 29115697 GetBytesAllocated: 16160085 HeapGrowthMultiplier: 3
12-20 20:59:39.504  3306  3999 I com.miui.home: CheckGCForNative gc_urgency 0.576112 current_native_bytes is 151413607
12-20 20:59:39.505  3306  3999 E cccccc  : createTaskSnapshot:
12-20 20:59:39.505  3306  3999 I cccccc  : getTaskSnapshotInstance:
12-20 20:59:39.523  3306  3846 I com.miui.home: CheckGCForNative adj_start_bytes: 46633514 NativeAllocationGcWatermark: 12028070 java_gc_start_bytes: 28591409 kNewNativeDiscountFactor: 2 kOldNativeDiscountFactor: 65536 old_native_bytes: 130005479 new_native_bytes: 10705920 add_bytes_allowed: 36084210 is_gc_concurrent: 1 target_footprint_: 29115697 GetBytesAllocated: 16275490 HeapGrowthMultiplier: 3
12-20 20:59:39.523  3306  3846 I com.miui.home: CheckGCForNative gc_urgency 0.463839 current_native_bytes is 140711399
12-20 20:59:39.553  3306  4000 I cccccc  : getTaskSnapshot:
12-20 20:59:39.557  3306  4000 I com.miui.home: CheckGCForNative adj_start_bytes: 46633514 NativeAllocationGcWatermark: 12028070 java_gc_start_bytes: 28591409 kNewNativeDiscountFactor: 2 kOldNativeDiscountFactor: 65536 old_native_bytes: 130005479 new_native_bytes: 21469376 add_bytes_allowed: 36084210 is_gc_concurrent: 1 target_footprint_: 29115697 GetBytesAllocated: 16360413 HeapGrowthMultiplier: 3
12-20 20:59:39.559  3306  4000 I com.miui.home: CheckGCForNative gc_urgency 0.581065 current_native_bytes is 151474855
12-20 20:59:39.563  3306  3846 I com.miui.home: CheckGCForNative adj_start_bytes: 46633514 NativeAllocationGcWatermark: 12028070 java_gc_start_bytes: 28591409 kNewNativeDiscountFactor: 2 kOldNativeDiscountFactor: 65536 old_native_bytes: 130005479 new_native_bytes: 32179424 add_bytes_allowed: 36084210 is_gc_concurrent: 1 target_footprint_: 29115697 GetBytesAllocated: 16393405 HeapGrowthMultiplier: 3
12-20 20:59:39.563  3306  3846 I com.miui.home: CheckGCForNative gc_urgency 0.696604 current_native_bytes is 162184903
12-20 20:59:39.564  3306  3846 I cccccc  : createTaskSnapshotCompat:
12-20 20:59:39.570  3306  3846 I com.miui.home: CheckGCForNative adj_start_bytes: 46633514 NativeAllocationGcWatermark: 12028070 java_gc_start_bytes: 28591409 kNewNativeDiscountFactor: 2 kOldNativeDiscountFactor: 65536 old_native_bytes: 130005479 new_native_bytes: 42888736 add_bytes_allowed: 36084210 is_gc_concurrent: 1 target_footprint_: 29115697 GetBytesAllocated: 16442781 HeapGrowthMultiplier: 3
12-20 20:59:39.570  3306  3846 I com.miui.home: CheckGCForNative gc_urgency 0.812487 current_native_bytes is 172894215
12-20 20:59:39.571  3306  3306 I cccccc  : createTaskSnapshotCompat:
12-20 20:59:39.742  3306  3999 I com.miui.home: CheckGCForNative adj_start_bytes: 46633514 NativeAllocationGcWatermark: 12028070 java_gc_start_bytes: 28591409 kNewNativeDiscountFactor: 2 kOldNativeDiscountFactor: 65536 old_native_bytes: 130005479 new_native_bytes: 32199984 add_bytes_allowed: 36084210 is_gc_concurrent: 1 target_footprint_: 29115697 GetBytesAllocated: 16875669 HeapGrowthMultiplier: 3
12-20 20:59:39.742  3306  3999 I com.miui.home: CheckGCForNative gc_urgency 0.707166 current_native_bytes is 162205463
12-20 20:59:39.746  3306  3999 I com.miui.home: CheckGCForNative adj_start_bytes: 46633514 NativeAllocationGcWatermark: 12028070 java_gc_start_bytes: 28591409 kNewNativeDiscountFactor: 2 kOldNativeDiscountFactor: 65536 old_native_bytes: 130005479 new_native_bytes: 42906928 add_bytes_allowed: 36084210 is_gc_concurrent: 1 target_footprint_: 29115697 GetBytesAllocated: 16886815 HeapGrowthMultiplier: 3
12-20 20:59:39.746  3306  3999 I com.miui.home: CheckGCForNative gc_urgency 0.822204 current_native_bytes is 172912407
12-20 20:59:39.862  3306  3306 I wm_on_top_resumed_lost_called: [214769253,com.miui.home.launcher.Launcher,topStateChangedWhenResumed]
12-20 20:59:40.144  3306  3306 I wm_on_paused_called: [0,214769253,com.miui.home.launcher.Launcher,performPause,5]
12-20 20:59:40.183  3306  4196 D cccccc  : onTaskStackChangedBackground
12-20 20:59:40.186  3306  4196 D cccccc  : onTaskStackChangedBackground
12-20 20:59:40.262  3306  8222 I com.miui.home: CheckGCForNative adj_start_bytes: 46633514 NativeAllocationGcWatermark: 12028070 java_gc_start_bytes: 28591409 kNewNativeDiscountFactor: 2 kOldNativeDiscountFactor: 65536 old_native_bytes: 130005479 new_native_bytes: 32057792 add_bytes_allowed: 36084210 is_gc_concurrent: 1 target_footprint_: 29115697 GetBytesAllocated: 18111883 HeapGrowthMultiplier: 3
12-20 20:59:40.262  3306  8222 I com.miui.home: CheckGCForNative gc_urgency 0.732151 current_native_bytes is 162063271
12-20 20:59:40.361  3306  3999 I com.miui.home: CheckGCForNative adj_start_bytes: 46633514 NativeAllocationGcWatermark: 12028070 java_gc_start_bytes: 28591409 kNewNativeDiscountFactor: 2 kOldNativeDiscountFactor: 65536 old_native_bytes: 130005479 new_native_bytes: 33541108 add_bytes_allowed: 36084210 is_gc_concurrent: 1 target_footprint_: 29115697 GetBytesAllocated: 18667590 HeapGrowthMultiplier: 3
12-20 20:59:40.361  3306  3999 I com.miui.home: CheckGCForNative gc_urgency 0.759971 current_native_bytes is 163546587
12-20 20:59:40.417  3306  3847 I com.miui.home: CheckGCForNative adj_start_bytes: 46633514 NativeAllocationGcWatermark: 12028070 java_gc_start_bytes: 28591409 kNewNativeDiscountFactor: 2 kOldNativeDiscountFactor: 65536 old_native_bytes: 130005479 new_native_bytes: 33691308 add_bytes_allowed: 36084210 is_gc_concurrent: 1 target_footprint_: 29115697 GetBytesAllocated: 18993756 HeapGrowthMultiplier: 3
12-20 20:59:40.417  3306  3847 I com.miui.home: CheckGCForNative gc_urgency 0.768576 current_native_bytes is 163696787
12-20 20:59:40.540  3306  3847 I com.miui.home: CheckGCForNative adj_start_bytes: 46633514 NativeAllocationGcWatermark: 12028070 java_gc_start_bytes: 28591409 kNewNativeDiscountFactor: 2 kOldNativeDiscountFactor: 65536 old_native_bytes: 130005479 new_native_bytes: 33810668 add_bytes_allowed: 36084210 is_gc_concurrent: 1 target_footprint_: 29115697 GetBytesAllocated: 20096389 HeapGrowthMultiplier: 3
12-20 20:59:40.540  3306  3847 I com.miui.home: CheckGCForNative gc_urgency 0.7935 current_native_bytes is 163816147
12-20 20:59:40.648  3306  3999 E cccccc  : createTaskSnapshot:
12-20 20:59:40.648  3306  3999 I cccccc  : getTaskSnapshotInstance:
12-20 20:59:40.650  3306  3999 E cccccc  : createTaskSnapshot:
12-20 20:59:40.651  3306  3999 I cccccc  : getTaskSnapshotInstance:
12-20 20:59:40.654  3306  3999 I com.miui.home: CheckGCForNative adj_start_bytes: 46633514 NativeAllocationGcWatermark: 12028070 java_gc_start_bytes: 28591409 kNewNativeDiscountFactor: 2 kOldNativeDiscountFactor: 65536 old_native_bytes: 130005479 new_native_bytes: 44481044 add_bytes_allowed: 36084210 is_gc_concurrent: 1 target_footprint_: 29115697 GetBytesAllocated: 20815097 HeapGrowthMultiplier: 3
12-20 20:59:40.654  3306  3999 I com.miui.home: CheckGCForNative gc_urgency 0.923319 current_native_bytes is 174486523
12-20 20:59:40.655  3306  3999 I com.miui.home: CheckGCForNative adj_start_bytes: 46633514 NativeAllocationGcWatermark: 12028070 java_gc_start_bytes: 28591409 kNewNativeDiscountFactor: 2 kOldNativeDiscountFactor: 65536 old_native_bytes: 130005479 new_native_bytes: 55188756 add_bytes_allowed: 36084210 is_gc_concurrent: 1 target_footprint_: 29115697 GetBytesAllocated: 20826151 HeapGrowthMultiplier: 3
12-20 20:59:40.655  3306  3999 I com.miui.home: CheckGCForNative gc_urgency 1.03836 current_native_bytes is 185194235
12-20 20:59:40.655  3306  3999 I com.miui.home: CheckGCForNative requested 1
12-20 20:59:40.669  3306  4196 D cccccc  : onTaskStackChangedBackground
12-20 20:59:40.674  3306  4196 D cccccc  : onTaskStackChangedBackground
12-20 20:59:40.728  3306  3847 I com.miui.home: CheckGCForNative adj_start_bytes: 46633514 NativeAllocationGcWatermark: 12028070 java_gc_start_bytes: 28591409 kNewNativeDiscountFactor: 2 kOldNativeDiscountFactor: 65536 old_native_bytes: 130005479 new_native_bytes: 44495204 add_bytes_allowed: 36084210 is_gc_concurrent: 1 target_footprint_: 29115697 GetBytesAllocated: 21005066 HeapGrowthMultiplier: 3
12-20 20:59:40.729  3306  3847 I com.miui.home: CheckGCForNative gc_urgency 0.927544 current_native_bytes is 174500683
12-20 20:59:40.827  8371  8371 I wm_on_paused_called: [0,198590682,fm.qingting.qtradio.WelcomeActivity,performPause,20]
12-20 20:59:41.014  3306  3374 I com.miui.home: NativeAlloc concurrent copying GC freed 116306(6845KB) AllocSpace objects, 2(104KB) LOS objects, 49% free, 13MB/27MB, paused 773us,935us total 358.112ms
12-20 20:59:41.105  3306  3999 I com.miui.home: CheckGCForNative gc_urgency 0 current_native_bytes is 117880463
12-20 20:59:41.190  3306  3306 I wm_on_resume_called: [0,214769253,com.miui.home.launcher.Launcher,RESUME_ACTIVITY,25]
12-20 20:59:41.209  3306  3306 I com.miui.home: CheckGCForNative adj_start_bytes: 46245530 NativeAllocationGcWatermark: 11987229 java_gc_start_bytes: 28264687 kNewNativeDiscountFactor: 2 kOldNativeDiscountFactor: 65536 old_native_bytes: 117880463 new_native_bytes: 121444 add_bytes_allowed: 35961687 is_gc_concurrent: 1 target_footprint_: 28788975 GetBytesAllocated: 16288718 HeapGrowthMultiplier: 3
12-20 20:59:41.209  3306  3306 I com.miui.home: CheckGCForNative gc_urgency 0.353574 current_native_bytes is 118001907
12-20 20:59:41.218  3306  3306 I wm_on_idle_called: com.miui.home.launcher.Launcher
12-20 20:59:41.263  3306  3999 I com.miui.home: CheckGCForNative adj_start_bytes: 46245530 NativeAllocationGcWatermark: 11987229 java_gc_start_bytes: 28264687 kNewNativeDiscountFactor: 2 kOldNativeDiscountFactor: 65536 old_native_bytes: 117880463 new_native_bytes: 224864 add_bytes_allowed: 35961687 is_gc_concurrent: 1 target_footprint_: 28788975 GetBytesAllocated: 16989942 HeapGrowthMultiplier: 3
12-20 20:59:41.263  3306  3999 I com.miui.home: CheckGCForNative gc_urgency 0.370075 current_native_bytes is 118105327
12-20 20:59:41.327  3306  3403 I com.miui.home: CheckGCForNative adj_start_bytes: 46245530 NativeAllocationGcWatermark: 11987229 java_gc_start_bytes: 28264687 kNewNativeDiscountFactor: 2 kOldNativeDiscountFactor: 65536 old_native_bytes: 117880463 new_native_bytes: 10994824 add_bytes_allowed: 35961687 is_gc_concurrent: 1 target_footprint_: 28788975 GetBytesAllocated: 17862217 HeapGrowthMultiplier: 3
12-20 20:59:41.327  3306  3403 I com.miui.home: CheckGCForNative gc_urgency 0.505161 current_native_bytes is 128875287
12-20 20:59:41.328  3306  3403 I cccccc  : createTaskSnapshotCompat:
12-20 20:59:41.329  3306  4196 I cccccc  : getTaskSnapshot:
12-20 20:59:41.330  3306  4196 I com.miui.home: CheckGCForNative adj_start_bytes: 46245530 NativeAllocationGcWatermark: 11987229 java_gc_start_bytes: 28264687 kNewNativeDiscountFactor: 2 kOldNativeDiscountFactor: 65536 old_native_bytes: 117880463 new_native_bytes: 32408456 add_bytes_allowed: 35961687 is_gc_concurrent: 1 target_footprint_: 28788975 GetBytesAllocated: 17889539 HeapGrowthMultiplier: 3
12-20 20:59:41.330  3306  4196 I com.miui.home: CheckGCForNative gc_urgency 0.737273 current_native_bytes is 150288919
12-20 20:59:41.330  3306  3306 I cccccc  : createTaskSnapshotCompat:
12-20 20:59:41.331  3306  3306 I com.miui.home: CheckGCForNative adj_start_bytes: 46245530 NativeAllocationGcWatermark: 11987229 java_gc_start_bytes: 28264687 kNewNativeDiscountFactor: 2 kOldNativeDiscountFactor: 65536 old_native_bytes: 117880463 new_native_bytes: 43115400 add_bytes_allowed: 35961687 is_gc_concurrent: 1 target_footprint_: 28788975 GetBytesAllocated: 17905778 HeapGrowthMultiplier: 3
12-20 20:59:41.331  3306  3306 I com.miui.home: CheckGCForNative gc_urgency 0.853386 current_native_bytes is 160995863
12-20 20:59:41.332  3306  3403 I com.miui.home: CheckGCForNative adj_start_bytes: 46245530 NativeAllocationGcWatermark: 11987229 java_gc_start_bytes: 28264687 kNewNativeDiscountFactor: 2 kOldNativeDiscountFactor: 65536 old_native_bytes: 117880463 new_native_bytes: 32408456 add_bytes_allowed: 35961687 is_gc_concurrent: 1 target_footprint_: 28788975 GetBytesAllocated: 17889539 HeapGrowthMultiplier: 3
12-20 20:59:41.332  3306  3403 I com.miui.home: CheckGCForNative gc_urgency 0.737843 current_native_bytes is 150288919
12-20 20:59:41.344  3306  3999 E cccccc  : createTaskSnapshot:
12-20 20:59:41.344  3306  3999 I cccccc  : getTaskSnapshotInstance:
12-20 20:59:41.351  3306  3999 I com.miui.home: CheckGCForNative adj_start_bytes: 46245530 NativeAllocationGcWatermark: 11987229 java_gc_start_bytes: 28264687 kNewNativeDiscountFactor: 2 kOldNativeDiscountFactor: 65536 old_native_bytes: 117880463 new_native_bytes: 32420840 add_bytes_allowed: 35961687 is_gc_concurrent: 1 target_footprint_: 28788975 GetBytesAllocated: 18037408 HeapGrowthMultiplier: 3
12-20 20:59:41.351  3306  3999 I com.miui.home: CheckGCForNative gc_urgency 0.740604 current_native_bytes is 150301303
12-20 20:59:41.440  3306  3847 I com.miui.home: CheckGCForNative adj_start_bytes: 46245530 NativeAllocationGcWatermark: 11987229 java_gc_start_bytes: 28264687 kNewNativeDiscountFactor: 2 kOldNativeDiscountFactor: 65536 old_native_bytes: 117880463 new_native_bytes: 21813864 add_bytes_allowed: 35961687 is_gc_concurrent: 1 target_footprint_: 28788975 GetBytesAllocated: 18511593 HeapGrowthMultiplier: 3
12-20 20:59:41.440  3306  3847 I com.miui.home: CheckGCForNative gc_urgency 0.636177 current_native_bytes is 139694327
12-20 20:59:41.571  3306  3306 I wm_on_top_resumed_gained_called: [214769253,com.miui.home.launcher.Launcher,topStateChangedWhenResumed]
12-20 20:59:41.573  3306  3847 I com.miui.home: CheckGCForNative adj_start_bytes: 46245530 NativeAllocationGcWatermark: 11987229 java_gc_start_bytes: 28264687 kNewNativeDiscountFactor: 2 kOldNativeDiscountFactor: 65536 old_native_bytes: 117880463 new_native_bytes: 21991116 add_bytes_allowed: 35961687 is_gc_concurrent: 1 target_footprint_: 28788975 GetBytesAllocated: 19414905 HeapGrowthMultiplier: 3
12-20 20:59:41.573  3306  3847 I com.miui.home: CheckGCForNative gc_urgency 0.657626 current_native_bytes is 139871579
12-20 20:59:41.740  3306  3847 I com.miui.home: CheckGCForNative adj_start_bytes: 46245530 NativeAllocationGcWatermark: 11987229 java_gc_start_bytes: 28264687 kNewNativeDiscountFactor: 2 kOldNativeDiscountFactor: 65536 old_native_bytes: 117880463 new_native_bytes: 22123436 add_bytes_allowed: 35961687 is_gc_concurrent: 1 target_footprint_: 28788975 GetBytesAllocated: 20384983 HeapGrowthMultiplier: 3
12-20 20:59:41.740  3306  3847 I com.miui.home: CheckGCForNative gc_urgency 0.680033 current_native_bytes is 140003899
12-20 20:59:41.842  3306  3846 I com.miui.home: CheckGCForNative adj_start_bytes: 46245530 NativeAllocationGcWatermark: 11987229 java_gc_start_bytes: 28264687 kNewNativeDiscountFactor: 2 kOldNativeDiscountFactor: 65536 old_native_bytes: 117880463 new_native_bytes: 32831116 add_bytes_allowed: 35961687 is_gc_concurrent: 1 target_footprint_: 28788975 GetBytesAllocated: 21120935 HeapGrowthMultiplier: 3
12-20 20:59:41.843  3306  3846 I com.miui.home: CheckGCForNative gc_urgency 0.811814 current_native_bytes is 150711579
12-20 20:59:41.846  3306  3846 I cccccc  : createTaskSnapshotCompat:
12-20 20:59:41.853  3306  3846 I com.miui.home: CheckGCForNative adj_start_bytes: 46245530 NativeAllocationGcWatermark: 11987229 java_gc_start_bytes: 28264687 kNewNativeDiscountFactor: 2 kOldNativeDiscountFactor: 65536 old_native_bytes: 117880463 new_native_bytes: 43536140 add_bytes_allowed: 35961687 is_gc_concurrent: 1 target_footprint_: 28788975 GetBytesAllocated: 21151928 HeapGrowthMultiplier: 3
12-20 20:59:41.855  3306  3846 I com.miui.home: CheckGCForNative gc_urgency 0.928185 current_native_bytes is 161416603
12-20 20:59:41.920  3306  4196 I cccccc  : getTaskSnapshot:
12-20 20:59:41.920  3306  4196 I com.miui.home: CheckGCForNative adj_start_bytes: 46245530 NativeAllocationGcWatermark: 11987229 java_gc_start_bytes: 28264687 kNewNativeDiscountFactor: 2 kOldNativeDiscountFactor: 65536 old_native_bytes: 117880463 new_native_bytes: 43548020 add_bytes_allowed: 35961687 is_gc_concurrent: 1 target_footprint_: 28788975 GetBytesAllocated: 21419714 HeapGrowthMultiplier: 3
12-20 20:59:41.920  3306  4196 I com.miui.home: CheckGCForNative gc_urgency 0.934048 current_native_bytes is 161428483
12-20 20:59:41.971  3306  3306 I cccccc  : createTaskSnapshotCompat:
12-20 20:59:41.971  3306  3306 I wm_on_top_resumed_lost_called: [214769253,com.miui.home.launcher.Launcher,topStateChangedWhenResumed]
12-20 20:59:42.053  3306  3694 I com.miui.home: CheckGCForNative adj_start_bytes: 46245530 NativeAllocationGcWatermark: 11987229 java_gc_start_bytes: 28264687 kNewNativeDiscountFactor: 2 kOldNativeDiscountFactor: 65536 old_native_bytes: 117880463 new_native_bytes: 33145300 add_bytes_allowed: 35961687 is_gc_concurrent: 1 target_footprint_: 28788975 GetBytesAllocated: 21934475 HeapGrowthMultiplier: 3
12-20 20:59:42.053  3306  3694 I com.miui.home: CheckGCForNative gc_urgency 0.832706 current_native_bytes is 151025763
12-20 20:59:42.069  3306  3403 D cccccc  : onTaskStackChangedBackground
12-20 20:59:42.074  3306  3403 D cccccc  : onTaskStackChangedBackground
12-20 20:59:42.338  3306  3999 I com.miui.home: CheckGCForNative adj_start_bytes: 46245530 NativeAllocationGcWatermark: 11987229 java_gc_start_bytes: 28264687 kNewNativeDiscountFactor: 2 kOldNativeDiscountFactor: 65536 old_native_bytes: 117880463 new_native_bytes: 33375520 add_bytes_allowed: 35961687 is_gc_concurrent: 1 target_footprint_: 28788975 GetBytesAllocated: 23646191 HeapGrowthMultiplier: 3
12-20 20:59:42.338  3306  3999 I com.miui.home: CheckGCForNative gc_urgency 0.872209 current_native_bytes is 151255983
12-20 20:59:42.389  3306  3306 I wm_on_paused_called: [0,214769253,com.miui.home.launcher.Launcher,performPause,6]
12-20 20:59:42.480  3306  3999 E cccccc  : createTaskSnapshot:
12-20 20:59:42.480  3306  3999 I cccccc  : getTaskSnapshotInstance:
12-20 20:59:42.486  3306  3999 I com.miui.home: CheckGCForNative adj_start_bytes: 46245530 NativeAllocationGcWatermark: 11987229 java_gc_start_bytes: 28264687 kNewNativeDiscountFactor: 2 kOldNativeDiscountFactor: 65536 old_native_bytes: 117880463 new_native_bytes: 44463512 add_bytes_allowed: 35961687 is_gc_concurrent: 1 target_footprint_: 28788975 GetBytesAllocated: 24844278 HeapGrowthMultiplier: 3
12-20 20:59:42.486  3306  3999 I com.miui.home: CheckGCForNative gc_urgency 1.018 current_native_bytes is 162343975
12-20 20:59:42.486  3306  3999 I com.miui.home: CheckGCForNative requested 1
12-20 20:59:42.523  3306  3809 I com.miui.home: CheckGCForNative adj_start_bytes: 46245530 NativeAllocationGcWatermark: 11987229 java_gc_start_bytes: 28264687 kNewNativeDiscountFactor: 2 kOldNativeDiscountFactor: 65536 old_native_bytes: 117880463 new_native_bytes: 33757880 add_bytes_allowed: 35961687 is_gc_concurrent: 1 target_footprint_: 28788975 GetBytesAllocated: 25063561 HeapGrowthMultiplier: 3
12-20 20:59:42.526  3306  3809 I com.miui.home: CheckGCForNative gc_urgency 0.906991 current_native_bytes is 151638343
12-20 20:59:42.535  3306  4000 D cccccc  : onTaskStackChangedBackground
12-20 20:59:42.538  3306  4000 D cccccc  : onTaskStackChangedBackground
12-20 20:59:42.587  3306  3748 E cccccc  : createTaskSnapshot:
12-20 20:59:42.587  3306  3748 I cccccc  : getTaskSnapshotInstance:
12-20 20:59:42.695  3306  3374 I com.miui.home: NativeAlloc concurrent copying GC freed 199213(10MB) AllocSpace objects, 4(208KB) LOS objects, 50% free, 13MB/27MB, paused 503us,250us total 208.538ms
12-20 20:59:42.718  3306  3694 I com.miui.home: CheckGCForNative gc_urgency 0 current_native_bytes is 119593187
12-20 20:59:42.763  8696  8696 I wm_on_application_create_called: [0,com.xiaomi.bluetooth,489]
12-20 20:59:42.855  3306  3999 I com.miui.home: CheckGCForNative adj_start_bytes: 46452980 NativeAllocationGcWatermark: 12009066 java_gc_start_bytes: 28439381 kNewNativeDiscountFactor: 2 kOldNativeDiscountFactor: 65536 old_native_bytes: 119593187 new_native_bytes: 190688 add_bytes_allowed: 36027198 is_gc_concurrent: 1 target_footprint_: 28963669 GetBytesAllocated: 15443246 HeapGrowthMultiplier: 3
12-20 20:59:42.855  3306  3999 I com.miui.home: CheckGCForNative gc_urgency 0.334541 current_native_bytes is 119783875
12-20 20:59:42.925  8753  8753 I wm_on_application_create_called: [0,com.xiaomi.mi_connect_service,288]
12-20 20:59:42.984  3306  3847 I com.miui.home: CheckGCForNative adj_start_bytes: 46452980 NativeAllocationGcWatermark: 12009066 java_gc_start_bytes: 28439381 kNewNativeDiscountFactor: 2 kOldNativeDiscountFactor: 65536 old_native_bytes: 119593187 new_native_bytes: 330848 add_bytes_allowed: 36027198 is_gc_concurrent: 1 target_footprint_: 28963669 GetBytesAllocated: 16327327 HeapGrowthMultiplier: 3
12-20 20:59:42.984  3306  3847 I com.miui.home: CheckGCForNative gc_urgency 0.355081 current_native_bytes is 119924035
12-20 20:59:43.019  3306  3748 I com.miui.home: CheckGCForNative adj_start_bytes: 46452980 NativeAllocationGcWatermark: 12009066 java_gc_start_bytes: 28439381 kNewNativeDiscountFactor: 2 kOldNativeDiscountFactor: 65536 old_native_bytes: 119593187 new_native_bytes: 374408 add_bytes_allowed: 36027198 is_gc_concurrent: 1 target_footprint_: 28963669 GetBytesAllocated: 16529845 HeapGrowthMultiplier: 3
12-20 20:59:43.019  3306  3748 I com.miui.home: CheckGCForNative gc_urgency 0.35991 current_native_bytes is 119967595
12-20 20:59:43.035  3306  3748 E cccccc  : createTaskSnapshot:
12-20 20:59:43.036  3306  3748 I cccccc  : getTaskSnapshotInstance:
12-20 20:59:43.378  3306  3846 I com.miui.home: CheckGCForNative adj_start_bytes: 46452980 NativeAllocationGcWatermark: 12009066 java_gc_start_bytes: 28439381 kNewNativeDiscountFactor: 2 kOldNativeDiscountFactor: 65536 old_native_bytes: 119593187 new_native_bytes: 257344 add_bytes_allowed: 36027198 is_gc_concurrent: 1 target_footprint_: 28963669 GetBytesAllocated: 18197844 HeapGrowthMultiplier: 3
12-20 20:59:43.379  3306  3846 I com.miui.home: CheckGCForNative gc_urgency 0.394557 current_native_bytes is 119850531
12-20 20:59:43.455  3306  3306 I wm_on_resume_called: [0,214769253,com.miui.home.launcher.Launcher,RESUME_ACTIVITY,21]
12-20 20:59:43.480  3306  3306 I wm_on_idle_called: com.miui.home.launcher.Launcher
12-20 20:59:43.538  8789  8789 I wm_on_create_called: [0,84440822,com.eg.android.AlipayGphone.AlipayLogin,performCreate,289]
12-20 20:59:43.544  8789  8789 I wm_on_start_called: [0,84440822,com.eg.android.AlipayGphone.AlipayLogin,handleStartActivity,5]
12-20 20:59:43.610  8789  8789 I wm_on_resume_called: [0,84440822,com.eg.android.AlipayGphone.AlipayLogin,RESUME_ACTIVITY,63]
12-20 20:59:43.638  3306  4196 I com.miui.home: CheckGCForNative adj_start_bytes: 46452980 NativeAllocationGcWatermark: 12009066 java_gc_start_bytes: 28439381 kNewNativeDiscountFactor: 2 kOldNativeDiscountFactor: 65536 old_native_bytes: 119593187 new_native_bytes: 453448 add_bytes_allowed: 36027198 is_gc_concurrent: 1 target_footprint_: 28963669 GetBytesAllocated: 20381999 HeapGrowthMultiplier: 3
12-20 20:59:43.639  3306  4196 I com.miui.home: CheckGCForNative gc_urgency 0.443686 current_native_bytes is 120046635
