12-20 11:29:48.186  3315 11562 I com.miui.home: CheckGCForNative adj_start_bytes: 48144530 NativeAllocationGcWatermark: 12159887 java_gc_start_bytes: 29904700 kNewNativeDiscountFactor: 2 kOldNativeDiscountFactor: 65536 old_native_bytes: 94360931 new_native_bytes: 11637824 add_bytes_allowed: 36479661 is_gc_concurrent: 1 target_footprint_: 30170239 GetBytesAllocated: 25693323 HeapGrowthMultiplier: 3
12-20 11:29:48.186  3315 11562 I com.miui.home: CheckGCForNative gc_urgency 0.654564 current_native_bytes is 105998755
12-20 11:29:48.202  3315  4166 I com.miui.home: CheckGCForNative adj_start_bytes: 48144530 NativeAllocationGcWatermark: 12159887 java_gc_start_bytes: 29904700 kNewNativeDiscountFactor: 2 kOldNativeDiscountFactor: 65536 old_native_bytes: 94360931 new_native_bytes: 22344128 add_bytes_allowed: 36479661 is_gc_concurrent: 1 target_footprint_: 30170239 GetBytesAllocated: 25693323 HeapGrowthMultiplier: 3
12-20 11:29:48.202  3315  4166 I com.miui.home: CheckGCForNative gc_urgency 0.765753 current_native_bytes is 116705059
12-20 11:29:48.203  3315  3315 I com.miui.home: CheckGCForNative adj_start_bytes: 48144530 NativeAllocationGcWatermark: 12159887 java_gc_start_bytes: 29904700 kNewNativeDiscountFactor: 2 kOldNativeDiscountFactor: 65536 old_native_bytes: 94360931 new_native_bytes: 33048768 add_bytes_allowed: 36479661 is_gc_concurrent: 1 target_footprint_: 30170239 GetBytesAllocated: 25706916 HeapGrowthMultiplier: 3
12-20 11:29:48.203  3315  3315 I com.miui.home: CheckGCForNative gc_urgency 0.877207 current_native_bytes is 127409699
12-20 11:29:48.203  3315  3315 I cccccc  : getTaskThumbnailInfo: 2460 1.0  10705920
12-20 11:29:48.215 11152 11152 I wm_on_create_called: [0,4989480,com.tencent.mobileqq.activity.LoginActivity,performCreate,472]
12-20 11:29:48.395  3315  3741 I com.miui.home: CheckGCForNative adj_start_bytes: 48144530 NativeAllocationGcWatermark: 12159887 java_gc_start_bytes: 29904700 kNewNativeDiscountFactor: 2 kOldNativeDiscountFactor: 65536 old_native_bytes: 94360931 new_native_bytes: 22451304 add_bytes_allowed: 36479661 is_gc_concurrent: 1 target_footprint_: 30170239 GetBytesAllocated: 26375109 HeapGrowthMultiplier: 3
12-20 11:29:48.395  3315  3741 I com.miui.home: CheckGCForNative gc_urgency 0.781027 current_native_bytes is 116812235
12-20 11:29:48.500 11152 11152 I wm_on_start_called: [0,4989480,com.tencent.mobileqq.activity.LoginActivity,handleStartActivity,279]
12-20 11:29:48.584 11152 11152 I wm_on_resume_called: [0,4989480,com.tencent.mobileqq.activity.LoginActivity,RESUME_ACTIVITY,78]
12-20 11:29:48.593  3315  3315 I wm_on_top_resumed_lost_called: [102008,com.miui.home.launcher.Launcher,topStateChangedWhenResumed]
12-20 11:29:48.609  3315  3315 I wm_on_paused_called: [0,102008,com.miui.home.launcher.Launcher,performPause,7]
12-20 11:29:48.650 11152 11152 I wm_on_stop_called: [0,254696931,com.tencent.mobileqq.activity.SplashActivity,LIFECYCLER_STOP_ACTIVITY,9]
12-20 11:29:48.825 11152 11152 I wm_on_destroy_called: [0,254696931,com.tencent.mobileqq.activity.SplashActivity,performDestroy,174]
12-20 11:29:48.939 11152 11152 I wm_on_paused_called: [0,4989480,com.tencent.mobileqq.activity.LoginActivity,performPause,6]
12-20 11:29:48.947  3315  3835 I com.miui.home: CheckGCForNative adj_start_bytes: 48144530 NativeAllocationGcWatermark: 12159887 java_gc_start_bytes: 29904700 kNewNativeDiscountFactor: 2 kOldNativeDiscountFactor: 65536 old_native_bytes: 94360931 new_native_bytes: 22887056 add_bytes_allowed: 36479661 is_gc_concurrent: 1 target_footprint_: 30170239 GetBytesAllocated: 27703674 HeapGrowthMultiplier: 3
12-20 11:29:48.947  3315  3835 I com.miui.home: CheckGCForNative gc_urgency 0.813148 current_native_bytes is 117247987
12-20 11:29:49.099 10549 10549 I wm_on_top_resumed_gained_called: [10732290,com.tencent.qqlive.ona.activity.SplashHomeActivity,topStateChangedWhenResumed]
12-20 11:29:49.228  3315  3668 I com.miui.home: CheckGCForNative adj_start_bytes: 48144530 NativeAllocationGcWatermark: 12159887 java_gc_start_bytes: 29904700 kNewNativeDiscountFactor: 2 kOldNativeDiscountFactor: 65536 old_native_bytes: 94360931 new_native_bytes: 22870960 add_bytes_allowed: 36479661 is_gc_concurrent: 1 target_footprint_: 30170239 GetBytesAllocated: 28113842 HeapGrowthMultiplier: 3
12-20 11:29:49.229  3315  3668 I com.miui.home: CheckGCForNative gc_urgency 0.821501 current_native_bytes is 117231891
12-20 11:29:49.260  3315  3375 D cccccc  : onTaskStackChangedBackground
12-20 11:29:49.374 10549 10549 I wm_on_top_resumed_lost_called: [10732290,com.tencent.qqlive.ona.activity.SplashHomeActivity,topStateChangedWhenResumed]
12-20 11:29:49.380 11152 11152 I wm_on_idle_called: com.tencent.mobileqq.activity.LoginActivity
12-20 11:29:49.393  3315  3315 I com.miui.home: CheckGCForNative adj_start_bytes: 48144530 NativeAllocationGcWatermark: 12159887 java_gc_start_bytes: 29904700 kNewNativeDiscountFactor: 2 kOldNativeDiscountFactor: 65536 old_native_bytes: 94360931 new_native_bytes: 22860248 add_bytes_allowed: 36479661 is_gc_concurrent: 1 target_footprint_: 30170239 GetBytesAllocated: 28321233 HeapGrowthMultiplier: 3
12-20 11:29:49.393  3315  3315 I com.miui.home: CheckGCForNative gc_urgency 0.825697 current_native_bytes is 117221179
12-20 11:29:49.426 11152 11152 I wm_on_stop_called: [0,4989480,com.tencent.mobileqq.activity.LoginActivity,STOP_ACTIVITY_ITEM,29]
12-20 11:29:49.651 10549 10549 I wm_on_paused_called: [0,10732290,com.tencent.qqlive.ona.activity.SplashHomeActivity,performPause,100]
12-20 11:29:49.703  3315  3315 I wm_on_stop_called: [0,102008,com.miui.home.launcher.Launcher,STOP_ACTIVITY_ITEM,11]
12-20 11:29:49.976 10549 10549 I wm_on_stop_called: [0,10732290,com.tencent.qqlive.ona.activity.SplashHomeActivity,STOP_ACTIVITY_ITEM,220]
12-20 11:29:50.161  3315  3834 I com.miui.home: CheckGCForNative gc_urgency 0 current_native_bytes is 73566851
12-20 11:29:50.166  3315  3315 I wm_on_restart_called: [0,102008,com.miui.home.launcher.Launcher,,0]
12-20 11:29:50.170  3315  3315 I wm_on_start_called: [0,102008,com.miui.home.launcher.Launcher,handleStartActivity,3]
12-20 11:29:50.190  3315  3315 I wm_on_resume_called: [0,102008,com.miui.home.launcher.Launcher,RESUME_ACTIVITY,18]
12-20 11:29:50.317  3315  3315 I wm_on_idle_called: com.miui.home.launcher.Launcher
12-20 11:29:50.536  3315  3835 I com.miui.home: CheckGCForNative adj_start_bytes: 45855337 NativeAllocationGcWatermark: 11904765 java_gc_start_bytes: 27998190 kNewNativeDiscountFactor: 2 kOldNativeDiscountFactor: 65536 old_native_bytes: 73566851 new_native_bytes: 17788 add_bytes_allowed: 35714295 is_gc_concurrent: 1 target_footprint_: 28129262 GetBytesAllocated: 16559643 HeapGrowthMultiplier: 3
12-20 11:29:50.536  3315  3835 I com.miui.home: CheckGCForNative gc_urgency 0.361346 current_native_bytes is 73584639
12-20 11:29:50.537  9142  9142 I wm_on_stop_called: [0,266532774,com.eg.android.AlipayGphone.AlipayLogin,STOP_ACTIVITY_ITEM,872]
12-20 11:29:50.654  3315  3315 I wm_on_top_resumed_gained_called: [102008,com.miui.home.launcher.Launcher,topStateChangedWhenResumed]
12-20 11:29:50.792  3315  3835 I com.miui.home: CheckGCForNative adj_start_bytes: 45855337 NativeAllocationGcWatermark: 11904765 java_gc_start_bytes: 27998190 kNewNativeDiscountFactor: 2 kOldNativeDiscountFactor: 65536 old_native_bytes: 73566851 new_native_bytes: 51068 add_bytes_allowed: 35714295 is_gc_concurrent: 1 target_footprint_: 28129262 GetBytesAllocated: 17052823 HeapGrowthMultiplier: 3
12-20 11:29:50.792  3315  3835 I com.miui.home: CheckGCForNative gc_urgency 0.372464 current_native_bytes is 73617919
12-20 11:29:50.870  3315  3835 I com.miui.home: CheckGCForNative adj_start_bytes: 45855337 NativeAllocationGcWatermark: 11904765 java_gc_start_bytes: 27998190 kNewNativeDiscountFactor: 2 kOldNativeDiscountFactor: 65536 old_native_bytes: 73566851 new_native_bytes: 62972 add_bytes_allowed: 35714295 is_gc_concurrent: 1 target_footprint_: 28129262 GetBytesAllocated: 17239515 HeapGrowthMultiplier: 3
12-20 11:29:50.870  3315  3835 I com.miui.home: CheckGCForNative gc_urgency 0.376666 current_native_bytes is 73629823
12-20 11:29:50.950 11640 11640 I wm_on_application_create_called: [0,com.eg.android.AlipayGphone,314]
12-20 11:29:50.980  3315  3375 I com.miui.home: CheckGCForNative adj_start_bytes: 45855337 NativeAllocationGcWatermark: 11904765 java_gc_start_bytes: 27998190 kNewNativeDiscountFactor: 2 kOldNativeDiscountFactor: 65536 old_native_bytes: 73566851 new_native_bytes: 10747356 add_bytes_allowed: 35714295 is_gc_concurrent: 1 target_footprint_: 28129262 GetBytesAllocated: 17648111 HeapGrowthMultiplier: 3
12-20 11:29:50.982  3315  3375 I com.miui.home: CheckGCForNative gc_urgency 0.502077 current_native_bytes is 84314207
12-20 11:29:50.984  3315  3315 I com.miui.home: CheckGCForNative adj_start_bytes: 45855337 NativeAllocationGcWatermark: 11904765 java_gc_start_bytes: 27998190 kNewNativeDiscountFactor: 2 kOldNativeDiscountFactor: 65536 old_native_bytes: 73566851 new_native_bytes: 21455580 add_bytes_allowed: 35714295 is_gc_concurrent: 1 target_footprint_: 28129262 GetBytesAllocated: 17668981 HeapGrowthMultiplier: 3
12-20 11:29:50.984  3315  3315 I com.miui.home: CheckGCForNative gc_urgency 0.619293 current_native_bytes is 95022431
12-20 11:29:50.985  3315  3315 I cccccc  : getTaskThumbnailInfo: 2460 1.0  10705920
12-20 11:29:51.225  3315  3315 I com.miui.home: CheckGCForNative adj_start_bytes: 45855337 NativeAllocationGcWatermark: 11904765 java_gc_start_bytes: 27998190 kNewNativeDiscountFactor: 2 kOldNativeDiscountFactor: 65536 old_native_bytes: 73566851 new_native_bytes: 10733460 add_bytes_allowed: 35714295 is_gc_concurrent: 1 target_footprint_: 28129262 GetBytesAllocated: 18400987 HeapGrowthMultiplier: 3
12-20 11:29:51.225  3315  3315 I com.miui.home: CheckGCForNative gc_urgency 0.518345 current_native_bytes is 84300311
12-20 11:29:51.311  3315  3315 I wm_on_top_resumed_lost_called: [102008,com.miui.home.launcher.Launcher,topStateChangedWhenResumed]
12-20 11:29:51.476  3315  3315 I wm_on_paused_called: [0,102008,com.miui.home.launcher.Launcher,performPause,5]
12-20 11:29:51.584  3315  3390 D cccccc  : onTaskStackChangedBackground
12-20 11:29:51.829  3315  3390 I com.miui.home: CheckGCForNative adj_start_bytes: 45855337 NativeAllocationGcWatermark: 11904765 java_gc_start_bytes: 27998190 kNewNativeDiscountFactor: 2 kOldNativeDiscountFactor: 65536 old_native_bytes: 73566851 new_native_bytes: 10824260 add_bytes_allowed: 35714295 is_gc_concurrent: 1 target_footprint_: 28129262 GetBytesAllocated: 20164201 HeapGrowthMultiplier: 3
12-20 11:29:51.830  3315  3390 I com.miui.home: CheckGCForNative gc_urgency 0.557786 current_native_bytes is 84391111
12-20 11:29:52.058  3315  3835 I com.miui.home: CheckGCForNative adj_start_bytes: 45855337 NativeAllocationGcWatermark: 11904765 java_gc_start_bytes: 27998190 kNewNativeDiscountFactor: 2 kOldNativeDiscountFactor: 65536 old_native_bytes: 73566851 new_native_bytes: 10863940 add_bytes_allowed: 35714295 is_gc_concurrent: 1 target_footprint_: 28129262 GetBytesAllocated: 20749898 HeapGrowthMultiplier: 3
12-20 11:29:52.058  3315  3835 I com.miui.home: CheckGCForNative gc_urgency 0.570991 current_native_bytes is 84430791
12-20 11:29:52.325  3315  3835 I com.miui.home: CheckGCForNative adj_start_bytes: 45855337 NativeAllocationGcWatermark: 11904765 java_gc_start_bytes: 27998190 kNewNativeDiscountFactor: 2 kOldNativeDiscountFactor: 65536 old_native_bytes: 73566851 new_native_bytes: 10894860 add_bytes_allowed: 35714295 is_gc_concurrent: 1 target_footprint_: 28129262 GetBytesAllocated: 21281283 HeapGrowthMultiplier: 3
12-20 11:29:52.325  3315  3835 I com.miui.home: CheckGCForNative gc_urgency 0.582917 current_native_bytes is 84461711
12-20 11:29:52.745 12234 12234 I wm_on_application_create_called: [0,com.tencent.mm,491]
12-20 11:29:52.798 12238 12238 I wm_on_application_create_called: [0,com.taobao.taobao,394]
12-20 11:29:52.985 12238 12238 I wm_on_create_called: [0,230557304,com.taobao.tao.welcome.Welcome,performCreate,165]
12-20 11:29:53.048  3315  3834 I com.miui.home: CheckGCForNative adj_start_bytes: 45855337 NativeAllocationGcWatermark: 11904765 java_gc_start_bytes: 27998190 kNewNativeDiscountFactor: 2 kOldNativeDiscountFactor: 65536 old_native_bytes: 73566851 new_native_bytes: 10583264 add_bytes_allowed: 35714295 is_gc_concurrent: 1 target_footprint_: 28129262 GetBytesAllocated: 22042358 HeapGrowthMultiplier: 3
12-20 11:29:53.048  3315  3834 I com.miui.home: CheckGCForNative gc_urgency 0.596116 current_native_bytes is 84150115
12-20 11:29:53.180  3315  3315 I wm_on_resume_called: [0,102008,com.miui.home.launcher.Launcher,RESUME_ACTIVITY,20]
12-20 11:29:53.204  3315  3315 I wm_on_idle_called: com.miui.home.launcher.Launcher
12-20 11:29:53.237 12238 12238 I wm_on_start_called: [0,230557304,com.taobao.tao.welcome.Welcome,handleStartActivity,251]
12-20 11:29:53.248  3315  3669 I com.miui.home: CheckGCForNative adj_start_bytes: 45855337 NativeAllocationGcWatermark: 11904765 java_gc_start_bytes: 27998190 kNewNativeDiscountFactor: 2 kOldNativeDiscountFactor: 65536 old_native_bytes: 73566851 new_native_bytes: 10658024 add_bytes_allowed: 35714295 is_gc_concurrent: 1 target_footprint_: 28129262 GetBytesAllocated: 22952430 HeapGrowthMultiplier: 3
12-20 11:29:53.249  3315  3669 I com.miui.home: CheckGCForNative gc_urgency 0.616778 current_native_bytes is 84224875
12-20 11:29:53.444 12238 12238 I wm_on_resume_called: [0,230557304,com.taobao.tao.welcome.Welcome,RESUME_ACTIVITY,182]
12-20 11:29:53.525  3315  3835 I com.miui.home: CheckGCForNative adj_start_bytes: 45855337 NativeAllocationGcWatermark: 11904765 java_gc_start_bytes: 27998190 kNewNativeDiscountFactor: 2 kOldNativeDiscountFactor: 65536 old_native_bytes: 73566851 new_native_bytes: 10799792 add_bytes_allowed: 35714295 is_gc_concurrent: 1 target_footprint_: 28129262 GetBytesAllocated: 24194886 HeapGrowthMultiplier: 3
12-20 11:29:53.525  3315  3835 I com.miui.home: CheckGCForNative gc_urgency 0.645419 current_native_bytes is 84366643
12-20 11:29:53.573  3315  3315 I wm_on_top_resumed_gained_called: [102008,com.miui.home.launcher.Launcher,topStateChangedWhenResumed]
12-20 11:29:53.630 12238 12238 I wm_on_top_resumed_gained_called: [230557304,com.taobao.tao.welcome.Welcome,topStateChangedWhenResumed]
12-20 11:29:53.639 12238 12238 I wm_on_top_resumed_lost_called: [230557304,com.taobao.tao.welcome.Welcome,topStateChangedWhenResumed]
12-20 11:29:53.771  3315  3668 I com.miui.home: CheckGCForNative adj_start_bytes: 45855337 NativeAllocationGcWatermark: 11904765 java_gc_start_bytes: 27998190 kNewNativeDiscountFactor: 2 kOldNativeDiscountFactor: 65536 old_native_bytes: 73566851 new_native_bytes: 10801296 add_bytes_allowed: 35714295 is_gc_concurrent: 1 target_footprint_: 28129262 GetBytesAllocated: 24810362 HeapGrowthMultiplier: 3
12-20 11:29:53.772  3315  3668 I com.miui.home: CheckGCForNative gc_urgency 0.659083 current_native_bytes is 84368147
12-20 11:29:53.838  3315  3866 I com.miui.home: CheckGCForNative adj_start_bytes: 45855337 NativeAllocationGcWatermark: 11904765 java_gc_start_bytes: 27998190 kNewNativeDiscountFactor: 2 kOldNativeDiscountFactor: 65536 old_native_bytes: 73566851 new_native_bytes: 21474768 add_bytes_allowed: 35714295 is_gc_concurrent: 1 target_footprint_: 28129262 GetBytesAllocated: 25085355 HeapGrowthMultiplier: 3
12-20 11:29:53.838  3315  3866 I com.miui.home: CheckGCForNative gc_urgency 0.781236 current_native_bytes is 95041619
12-20 11:29:53.839  3315  3315 I com.miui.home: CheckGCForNative adj_start_bytes: 45855337 NativeAllocationGcWatermark: 11904765 java_gc_start_bytes: 27998190 kNewNativeDiscountFactor: 2 kOldNativeDiscountFactor: 65536 old_native_bytes: 73566851 new_native_bytes: 32181712 add_bytes_allowed: 35714295 is_gc_concurrent: 1 target_footprint_: 28129262 GetBytesAllocated: 25091568 HeapGrowthMultiplier: 3
12-20 11:29:53.839  3315  3315 I com.miui.home: CheckGCForNative gc_urgency 0.898119 current_native_bytes is 105748563
12-20 11:29:53.839  3315  3315 I cccccc  : getTaskThumbnailInfo: 2460 1.0  10705920
12-20 11:29:54.232  3315  3315 I wm_on_top_resumed_lost_called: [102008,com.miui.home.launcher.Launcher,topStateChangedWhenResumed]
12-20 11:29:54.327  3315  3315 I wm_on_paused_called: [0,102008,com.miui.home.launcher.Launcher,performPause,5]
12-20 11:29:54.393  3315  3668 I com.miui.home: CheckGCForNative adj_start_bytes: 45855337 NativeAllocationGcWatermark: 11904765 java_gc_start_bytes: 27998190 kNewNativeDiscountFactor: 2 kOldNativeDiscountFactor: 65536 old_native_bytes: 73566851 new_native_bytes: 21585808 add_bytes_allowed: 35714295 is_gc_concurrent: 1 target_footprint_: 28129262 GetBytesAllocated: 26701593 HeapGrowthMultiplier: 3
12-20 11:29:54.393  3315  3668 I com.miui.home: CheckGCForNative gc_urgency 0.817694 current_native_bytes is 95152659
12-20 11:29:54.558  3315  4181 D cccccc  : onTaskStackChangedBackground
12-20 11:29:54.680  3315  3835 I com.miui.home: CheckGCForNative adj_start_bytes: 45855337 NativeAllocationGcWatermark: 11904765 java_gc_start_bytes: 27998190 kNewNativeDiscountFactor: 2 kOldNativeDiscountFactor: 65536 old_native_bytes: 73566851 new_native_bytes: 22067392 add_bytes_allowed: 35714295 is_gc_concurrent: 1 target_footprint_: 28129262 GetBytesAllocated: 27494627 HeapGrowthMultiplier: 3
12-20 11:29:54.680  3315  3835 I com.miui.home: CheckGCForNative gc_urgency 0.840239 current_native_bytes is 95634243
12-20 11:29:54.857  7546  7546 I wm_on_create_called: [0,236098864,com.tencent.mm.ui.LauncherUI,performCreate,301]
12-20 11:29:54.901  7546  7546 I wm_on_start_called: [0,236098864,com.tencent.mm.ui.LauncherUI,handleStartActivity,25]
12-20 11:29:54.914  3315  3835 I com.miui.home: CheckGCForNative adj_start_bytes: 45855337 NativeAllocationGcWatermark: 11904765 java_gc_start_bytes: 27998190 kNewNativeDiscountFactor: 2 kOldNativeDiscountFactor: 65536 old_native_bytes: 73566851 new_native_bytes: 22086544 add_bytes_allowed: 35714295 is_gc_concurrent: 1 target_footprint_: 28129262 GetBytesAllocated: 27414022 HeapGrowthMultiplier: 3
12-20 11:29:54.914  3315  3835 I com.miui.home: CheckGCForNative gc_urgency 0.83869 current_native_bytes is 95653395
12-20 11:29:55.005  7546  7546 I wm_on_resume_called: [0,236098864,com.tencent.mm.ui.LauncherUI,RESUME_ACTIVITY,100]
12-20 11:29:55.056  7546  7546 I wm_on_top_resumed_gained_called: [236098864,com.tencent.mm.ui.LauncherUI,topStateChangedWhenResumed]
12-20 11:29:55.061  7546  7546 I wm_on_top_resumed_lost_called: [236098864,com.tencent.mm.ui.LauncherUI,topStateChangedWhenResumed]
12-20 11:29:55.073  7546  7546 I wm_on_paused_called: [0,236098864,com.tencent.mm.ui.LauncherUI,performPause,11]
12-20 11:29:55.110  3315  3315 I wm_on_stop_called: [0,102008,com.miui.home.launcher.Launcher,STOP_ACTIVITY_ITEM,12]
12-20 11:29:55.183  3315  4166 D cccccc  : onTaskStackChangedBackground
12-20 11:29:55.211  7546  7546 I wm_on_create_called: [0,111055383,com.tencent.mm.plugin.account.ui.WelcomeActivity,performCreate,55]
12-20 11:29:55.215  7546  7546 I wm_on_start_called: [0,111055383,com.tencent.mm.plugin.account.ui.WelcomeActivity,handleStartActivity,2]
12-20 11:29:55.226  7546  7546 I wm_on_resume_called: [0,111055383,com.tencent.mm.plugin.account.ui.WelcomeActivity,RESUME_ACTIVITY,10]
12-20 11:29:55.242  7546  7546 I wm_on_top_resumed_gained_called: [111055383,com.tencent.mm.plugin.account.ui.WelcomeActivity,topStateChangedWhenResumed]
12-20 11:29:55.513  7546  7546 I wm_on_stop_called: [0,236098864,com.tencent.mm.ui.LauncherUI,STOP_ACTIVITY_ITEM,6]
12-20 11:29:56.126  7546  7546 I wm_on_top_resumed_lost_called: [111055383,com.tencent.mm.plugin.account.ui.WelcomeActivity,topStateChangedWhenResumed]
12-20 11:29:56.128  3315  3315 I wm_on_restart_called: [0,102008,com.miui.home.launcher.Launcher,,0]
12-20 11:29:56.131  3315  3315 I wm_on_start_called: [0,102008,com.miui.home.launcher.Launcher,handleStartActivity,2]
12-20 11:29:56.149  3315  3315 I com.miui.home: CheckGCForNative gc_urgency 0 current_native_bytes is 73366751
12-20 11:29:56.155  3315  3315 I wm_on_resume_called: [0,102008,com.miui.home.launcher.Launcher,RESUME_ACTIVITY,21]
12-20 11:29:56.203  3315  3315 I com.miui.home: CheckGCForNative adj_start_bytes: 45890894 NativeAllocationGcWatermark: 11915691 java_gc_start_bytes: 28017358 kNewNativeDiscountFactor: 2 kOldNativeDiscountFactor: 65536 old_native_bytes: 73366751 new_native_bytes: 56740 add_bytes_allowed: 35747073 is_gc_concurrent: 1 target_footprint_: 28216671 GetBytesAllocated: 15476458 HeapGrowthMultiplier: 3
12-20 11:29:56.203  3315  3315 I com.miui.home: CheckGCForNative gc_urgency 0.337887 current_native_bytes is 73423491
12-20 11:29:56.264  3315  3315 I wm_on_top_resumed_gained_called: [102008,com.miui.home.launcher.Launcher,topStateChangedWhenResumed]
12-20 11:29:56.271  3315  3315 I wm_on_idle_called: com.miui.home.launcher.Launcher
12-20 11:29:56.414  3315  3835 I com.miui.home: CheckGCForNative adj_start_bytes: 45890894 NativeAllocationGcWatermark: 11915691 java_gc_start_bytes: 28017358 kNewNativeDiscountFactor: 2 kOldNativeDiscountFactor: 65536 old_native_bytes: 73366751 new_native_bytes: 353364 add_bytes_allowed: 35747073 is_gc_concurrent: 1 target_footprint_: 28216671 GetBytesAllocated: 16719038 HeapGrowthMultiplier: 3
12-20 11:29:56.414  3315  3835 I com.miui.home: CheckGCForNative gc_urgency 0.368196 current_native_bytes is 73720115
12-20 11:29:56.647  3315  3835 I com.miui.home: CheckGCForNative adj_start_bytes: 45890894 NativeAllocationGcWatermark: 11915691 java_gc_start_bytes: 28017358 kNewNativeDiscountFactor: 2 kOldNativeDiscountFactor: 65536 old_native_bytes: 73366751 new_native_bytes: 384564 add_bytes_allowed: 35747073 is_gc_concurrent: 1 target_footprint_: 28216671 GetBytesAllocated: 17374072 HeapGrowthMultiplier: 3
12-20 11:29:56.647  3315  3835 I com.miui.home: CheckGCForNative gc_urgency 0.38281 current_native_bytes is 73751315
12-20 11:29:56.820  7546  7546 I wm_on_paused_called: [0,111055383,com.tencent.mm.plugin.account.ui.WelcomeActivity,performPause,13]
12-20 11:29:56.822  3315  4166 I com.miui.home: CheckGCForNative adj_start_bytes: 45890894 NativeAllocationGcWatermark: 11915691 java_gc_start_bytes: 28017358 kNewNativeDiscountFactor: 2 kOldNativeDiscountFactor: 65536 old_native_bytes: 73366751 new_native_bytes: 10976068 add_bytes_allowed: 35747073 is_gc_concurrent: 1 target_footprint_: 28216671 GetBytesAllocated: 18025672 HeapGrowthMultiplier: 3
12-20 11:29:56.823  3315  4166 I com.miui.home: CheckGCForNative gc_urgency 0.512407 current_native_bytes is 84342819
12-20 11:29:56.824  3315  3315 I com.miui.home: CheckGCForNative adj_start_bytes: 45890894 NativeAllocationGcWatermark: 11915691 java_gc_start_bytes: 28017358 kNewNativeDiscountFactor: 2 kOldNativeDiscountFactor: 65536 old_native_bytes: 73366751 new_native_bytes: 21685828 add_bytes_allowed: 35747073 is_gc_concurrent: 1 target_footprint_: 28216671 GetBytesAllocated: 18039760 HeapGrowthMultiplier: 3
12-20 11:29:56.824  3315  3315 I com.miui.home: CheckGCForNative gc_urgency 0.629401 current_native_bytes is 95052579
12-20 11:29:56.824  3315  3315 I cccccc  : getTaskThumbnailInfo: 2460 1.0  10705920
12-20 11:29:56.858  7546  7546 I wm_on_stop_called: [0,111055383,com.tencent.mm.plugin.account.ui.WelcomeActivity,STOP_ACTIVITY_ITEM,8]
12-20 11:29:56.882  7546  7546 I wm_on_idle_called: com.tencent.mm.ui.LauncherUI
12-20 11:29:56.883  7546  7546 I wm_on_idle_called: com.tencent.mm.plugin.account.ui.WelcomeActivity
12-20 11:29:56.934  3315  3390 D cccccc  : onTaskStackChangedBackground
12-20 11:29:57.267  3315  3801 I com.miui.home: CheckGCForNative adj_start_bytes: 45890894 NativeAllocationGcWatermark: 11915691 java_gc_start_bytes: 28017358 kNewNativeDiscountFactor: 2 kOldNativeDiscountFactor: 65536 old_native_bytes: 73366751 new_native_bytes: 11319412 add_bytes_allowed: 35747073 is_gc_concurrent: 1 target_footprint_: 28216671 GetBytesAllocated: 18773207 HeapGrowthMultiplier: 3
12-20 11:29:57.267  3315  3801 I com.miui.home: CheckGCForNative gc_urgency 0.532437 current_native_bytes is 84686163
12-20 11:29:57.359  3315  3315 I wm_on_top_resumed_lost_called: [102008,com.miui.home.launcher.Launcher,topStateChangedWhenResumed]
12-20 11:29:57.372  3315  3315 I wm_on_paused_called: [0,102008,com.miui.home.launcher.Launcher,performPause,10]
12-20 11:29:57.481  3315  3375 D cccccc  : onTaskStackChangedBackground
12-20 11:29:57.526  3315  8125 I com.miui.home: CheckGCForNative adj_start_bytes: 45890894 NativeAllocationGcWatermark: 11915691 java_gc_start_bytes: 28017358 kNewNativeDiscountFactor: 2 kOldNativeDiscountFactor: 65536 old_native_bytes: 73366751 new_native_bytes: 11540372 add_bytes_allowed: 35747073 is_gc_concurrent: 1 target_footprint_: 28216671 GetBytesAllocated: 19733503 HeapGrowthMultiplier: 3
12-20 11:29:57.526  3315  8125 I com.miui.home: CheckGCForNative gc_urgency 0.555771 current_native_bytes is 84907123
12-20 11:29:57.581  3315  3835 I com.miui.home: CheckGCForNative adj_start_bytes: 45890894 NativeAllocationGcWatermark: 11915691 java_gc_start_bytes: 28017358 kNewNativeDiscountFactor: 2 kOldNativeDiscountFactor: 65536 old_native_bytes: 73366751 new_native_bytes: 11842332 add_bytes_allowed: 35747073 is_gc_concurrent: 1 target_footprint_: 28216671 GetBytesAllocated: 19948650 HeapGrowthMultiplier: 3
12-20 11:29:57.581  3315  3835 I com.miui.home: CheckGCForNative gc_urgency 0.563749 current_native_bytes is 85209083
12-20 11:29:57.825  3315  3835 I com.miui.home: CheckGCForNative adj_start_bytes: 45890894 NativeAllocationGcWatermark: 11915691 java_gc_start_bytes: 28017358 kNewNativeDiscountFactor: 2 kOldNativeDiscountFactor: 65536 old_native_bytes: 73366751 new_native_bytes: 11852988 add_bytes_allowed: 35747073 is_gc_concurrent: 1 target_footprint_: 28216671 GetBytesAllocated: 20559088 HeapGrowthMultiplier: 3
12-20 11:29:57.825  3315  3835 I com.miui.home: CheckGCForNative gc_urgency 0.577191 current_native_bytes is 85219739
12-20 11:29:58.234 12904 12904 I wm_on_application_create_called: [0,com.sina.weibo,217]
12-20 11:29:58.422 12904 12904 I wm_on_create_called: [0,202348070,com.sina.weibo.SplashActivity,performCreate,152]
12-20 11:29:58.461 12904 12904 I wm_on_start_called: [0,202348070,com.sina.weibo.SplashActivity,handleStartActivity,38]
12-20 11:29:58.486 12904 12904 I wm_on_resume_called: [0,202348070,com.sina.weibo.SplashActivity,RESUME_ACTIVITY,24]
12-20 11:29:58.586 12904 12904 I wm_on_top_resumed_gained_called: [202348070,com.sina.weibo.SplashActivity,topStateChangedWhenResumed]
12-20 11:29:58.802 12904 12904 I wm_on_top_resumed_lost_called: [202348070,com.sina.weibo.SplashActivity,topStateChangedWhenResumed]
12-20 11:29:58.805 12904 12904 I wm_on_paused_called: [0,202348070,com.sina.weibo.SplashActivity,performPause,1]
12-20 11:29:58.925  3315  4166 D cccccc  : onTaskStackChangedBackground
12-20 11:29:58.964 12904 12904 I wm_on_create_called: [0,122225880,com.sina.weibo.VisitorMainTabActivity,performCreate,120]
12-20 11:29:58.966 12904 12904 I wm_on_start_called: [0,122225880,com.sina.weibo.VisitorMainTabActivity,handleStartActivity,2]
12-20 11:29:59.013 13016 13016 I wm_on_application_create_called: [0,com.sina.weibo,403]
12-20 11:29:59.081 12904 12904 I wm_on_create_called: [0,0,com.sina.weibo.feed.visitor.VisitorHomeActivity,performCreate,79]
12-20 11:29:59.084 12904 12904 I wm_on_start_called: [0,0,com.sina.weibo.feed.visitor.VisitorHomeActivity,handleStartActivity,2]
12-20 11:29:59.120 12904 12904 I wm_on_resume_called: [0,0,com.sina.weibo.feed.visitor.VisitorHomeActivity,moveToState-INITIALIZING,34]
12-20 11:29:59.136 12904 12904 I wm_on_resume_called: [0,122225880,com.sina.weibo.VisitorMainTabActivity,RESUME_ACTIVITY,169]
12-20 11:29:59.145 12904 12904 I wm_on_top_resumed_gained_called: [122225880,com.sina.weibo.VisitorMainTabActivity,topStateChangedWhenResumed]
12-20 11:29:59.245  3315  3669 I com.miui.home: CheckGCForNative adj_start_bytes: 45890894 NativeAllocationGcWatermark: 11915691 java_gc_start_bytes: 28017358 kNewNativeDiscountFactor: 2 kOldNativeDiscountFactor: 65536 old_native_bytes: 73366751 new_native_bytes: 11623068 add_bytes_allowed: 35747073 is_gc_concurrent: 1 target_footprint_: 28216671 GetBytesAllocated: 21349649 HeapGrowthMultiplier: 3
12-20 11:29:59.245  3315  3669 I com.miui.home: CheckGCForNative gc_urgency 0.591889 current_native_bytes is 84989819
12-20 11:29:59.342  3315  3315 I wm_on_stop_called: [0,102008,com.miui.home.launcher.Launcher,STOP_ACTIVITY_ITEM,23]
12-20 11:29:59.386  3315  3315 I wm_on_restart_called: [0,102008,com.miui.home.launcher.Launcher,,0]
12-20 11:29:59.390  3315  3315 I wm_on_start_called: [0,102008,com.miui.home.launcher.Launcher,handleStartActivity,3]
12-20 11:29:59.430  3315  3315 I wm_on_resume_called: [0,102008,com.miui.home.launcher.Launcher,RESUME_ACTIVITY,37]
12-20 11:29:59.559  3315  3315 I com.miui.home: CheckGCForNative adj_start_bytes: 45890894 NativeAllocationGcWatermark: 11915691 java_gc_start_bytes: 28017358 kNewNativeDiscountFactor: 2 kOldNativeDiscountFactor: 65536 old_native_bytes: 73366751 new_native_bytes: 11895368 add_bytes_allowed: 35747073 is_gc_concurrent: 1 target_footprint_: 28216671 GetBytesAllocated: 23080490 HeapGrowthMultiplier: 3
12-20 11:29:59.559  3315  3315 I com.miui.home: CheckGCForNative gc_urgency 0.632572 current_native_bytes is 85262119
12-20 11:29:59.562  3315  3315 I wm_on_idle_called: com.miui.home.launcher.Launcher
12-20 11:29:59.640  3315  8125 I com.miui.home: CheckGCForNative gc_urgency 0 current_native_bytes is 74255355
12-20 11:29:59.860  3315  3315 I wm_on_top_resumed_gained_called: [102008,com.miui.home.launcher.Launcher,topStateChangedWhenResumed]
12-20 11:29:59.904  3315  3668 I com.miui.home: CheckGCForNative adj_start_bytes: 46905604 NativeAllocationGcWatermark: 12056711 java_gc_start_bytes: 28820538 kNewNativeDiscountFactor: 2 kOldNativeDiscountFactor: 65536 old_native_bytes: 74255355 new_native_bytes: 209108 add_bytes_allowed: 36170133 is_gc_concurrent: 1 target_footprint_: 29344826 GetBytesAllocated: 15874724 HeapGrowthMultiplier: 3
12-20 11:29:59.904  3315  3668 I com.miui.home: CheckGCForNative gc_urgency 0.340693 current_native_bytes is 74464463
12-20 11:30:00.162  3315  4181 I com.miui.home: CheckGCForNative adj_start_bytes: 46905604 NativeAllocationGcWatermark: 12056711 java_gc_start_bytes: 28820538 kNewNativeDiscountFactor: 2 kOldNativeDiscountFactor: 65536 old_native_bytes: 74255355 new_native_bytes: 10890004 add_bytes_allowed: 36170133 is_gc_concurrent: 1 target_footprint_: 29344826 GetBytesAllocated: 16661742 HeapGrowthMultiplier: 3
12-20 11:30:00.162  3315  4181 I com.miui.home: CheckGCForNative gc_urgency 0.471327 current_native_bytes is 85145359
12-20 11:30:00.164  3315  3315 I com.miui.home: CheckGCForNative adj_start_bytes: 46905604 NativeAllocationGcWatermark: 12056711 java_gc_start_bytes: 28820538 kNewNativeDiscountFactor: 2 kOldNativeDiscountFactor: 65536 old_native_bytes: 74255355 new_native_bytes: 21597268 add_bytes_allowed: 36170133 is_gc_concurrent: 1 target_footprint_: 29344826 GetBytesAllocated: 16676114 HeapGrowthMultiplier: 3
12-20 11:30:00.164  3315  3315 I com.miui.home: CheckGCForNative gc_urgency 0.58577 current_native_bytes is 95852623
12-20 11:30:00.164  3315  3315 I cccccc  : getTaskThumbnailInfo: 2460 1.0  10705920
12-20 11:30:00.205  3315  3668 I com.miui.home: CheckGCForNative adj_start_bytes: 46905604 NativeAllocationGcWatermark: 12056711 java_gc_start_bytes: 28820538 kNewNativeDiscountFactor: 2 kOldNativeDiscountFactor: 65536 old_native_bytes: 74255355 new_native_bytes: 10896252 add_bytes_allowed: 36170133 is_gc_concurrent: 1 target_footprint_: 29344826 GetBytesAllocated: 16811736 HeapGrowthMultiplier: 3
12-20 11:30:00.205  3315  3668 I com.miui.home: CheckGCForNative gc_urgency 0.474592 current_native_bytes is 85151607
12-20 11:30:00.270 12904 12904 I wm_on_top_resumed_lost_called: [122225880,com.sina.weibo.VisitorMainTabActivity,topStateChangedWhenResumed]
12-20 11:30:00.405 12904 12904 I wm_on_paused_called: [0,0,com.sina.weibo.feed.visitor.VisitorHomeActivity,performPause,13]
12-20 11:30:00.408 12904 12904 I wm_on_paused_called: [0,122225880,com.sina.weibo.VisitorMainTabActivity,performPause,18]
12-20 11:30:00.422 12904 12904 I wm_on_stop_called: [0,202348070,com.sina.weibo.SplashActivity,LIFECYCLER_STOP_ACTIVITY,2]
12-20 11:30:00.423 12904 12904 I wm_on_destroy_called: [0,202348070,com.sina.weibo.SplashActivity,performDestroy,0]
12-20 11:30:00.516  3315  3390 D cccccc  : onTaskStackChangedBackground
12-20 11:30:00.822  3315  3315 I wm_on_top_resumed_lost_called: [102008,com.miui.home.launcher.Launcher,topStateChangedWhenResumed]
12-20 11:30:00.830  3315  3315 I wm_on_paused_called: [0,102008,com.miui.home.launcher.Launcher,performPause,5]
12-20 11:30:00.981  3315  4181 D cccccc  : onTaskStackChangedBackground
12-20 11:30:01.039  3315  3668 I com.miui.home: CheckGCForNative adj_start_bytes: 46905604 NativeAllocationGcWatermark: 12056711 java_gc_start_bytes: 28820538 kNewNativeDiscountFactor: 2 kOldNativeDiscountFactor: 65536 old_native_bytes: 74255355 new_native_bytes: 10876060 add_bytes_allowed: 36170133 is_gc_concurrent: 1 target_footprint_: 29344826 GetBytesAllocated: 18699118 HeapGrowthMultiplier: 3
12-20 11:30:01.039  3315  3668 I com.miui.home: CheckGCForNative gc_urgency 0.514614 current_native_bytes is 85131415
12-20 11:30:01.158  3315  3835 I com.miui.home: CheckGCForNative adj_start_bytes: 46905604 NativeAllocationGcWatermark: 12056711 java_gc_start_bytes: 28820538 kNewNativeDiscountFactor: 2 kOldNativeDiscountFactor: 65536 old_native_bytes: 74255355 new_native_bytes: 11108484 add_bytes_allowed: 36170133 is_gc_concurrent: 1 target_footprint_: 29344826 GetBytesAllocated: 19133281 HeapGrowthMultiplier: 3
12-20 11:30:01.158  3315  3835 I com.miui.home: CheckGCForNative gc_urgency 0.526348 current_native_bytes is 85363839
12-20 11:30:01.292  3315  3835 I com.miui.home: CheckGCForNative adj_start_bytes: 46905604 NativeAllocationGcWatermark: 12056711 java_gc_start_bytes: 28820538 kNewNativeDiscountFactor: 2 kOldNativeDiscountFactor: 65536 old_native_bytes: 74255355 new_native_bytes: 11144292 add_bytes_allowed: 36170133 is_gc_concurrent: 1 target_footprint_: 29344826 GetBytesAllocated: 19421104 HeapGrowthMultiplier: 3
12-20 11:30:01.292  3315  3835 I com.miui.home: CheckGCForNative gc_urgency 0.532866 current_native_bytes is 85399647
12-20 11:30:01.536  3315  3835 I com.miui.home: CheckGCForNative adj_start_bytes: 46905604 NativeAllocationGcWatermark: 12056711 java_gc_start_bytes: 28820538 kNewNativeDiscountFactor: 2 kOldNativeDiscountFactor: 65536 old_native_bytes: 74255355 new_native_bytes: 11168484 add_bytes_allowed: 36170133 is_gc_concurrent: 1 target_footprint_: 29344826 GetBytesAllocated: 20067387 HeapGrowthMultiplier: 3
12-20 11:30:01.536  3315  3835 I com.miui.home: CheckGCForNative gc_urgency 0.546902 current_native_bytes is 85423839
12-20 11:30:01.637 12904 12904 I wm_on_stop_called: [0,0,com.sina.weibo.feed.visitor.VisitorHomeActivity,moveToState-STARTED,65]
12-20 11:30:01.637 12904 12904 I wm_on_stop_called: [0,122225880,com.sina.weibo.VisitorMainTabActivity,STOP_ACTIVITY_ITEM,70]
12-20 11:30:01.798 13297 13297 I wm_on_application_create_called: [0,com.UCMobile,388]
12-20 11:30:02.114 12904 12904 I wm_on_idle_called: com.sina.weibo.VisitorMainTabActivity
12-20 11:30:02.140  3315  3315 I wm_on_stop_called: [0,102008,com.miui.home.launcher.Launcher,STOP_ACTIVITY_ITEM,18]
12-20 11:30:02.813 13297 13297 I wm_on_create_called: [0,120819661,com.UCMobile.main.UCMobile,performCreate,981]
12-20 11:30:02.866 13341 13341 I wm_on_application_create_called: [0,com.tencent.mm,720]
12-20 11:30:03.258  3315  3315 I wm_on_restart_called: [0,102008,com.miui.home.launcher.Launcher,,1]
12-20 11:30:03.261  3315  3315 I wm_on_start_called: [0,102008,com.miui.home.launcher.Launcher,handleStartActivity,3]
12-20 11:30:03.273  3315  3315 I com.miui.home: CheckGCForNative gc_urgency 0 current_native_bytes is 74182203
12-20 11:30:03.286  3315  3315 I wm_on_resume_called: [0,102008,com.miui.home.launcher.Launcher,RESUME_ACTIVITY,22]
12-20 11:30:03.435  3315  3315 I wm_on_idle_called: com.miui.home.launcher.Launcher
12-20 11:30:03.564  3315  3375 D cccccc  : onTaskStackChangedBackground
12-20 11:30:03.692  3315  3835 I com.miui.home: CheckGCForNative adj_start_bytes: 45633969 NativeAllocationGcWatermark: 11881463 java_gc_start_bytes: 27811775 kNewNativeDiscountFactor: 2 kOldNativeDiscountFactor: 65536 old_native_bytes: 74182203 new_native_bytes: 291160 add_bytes_allowed: 35644389 is_gc_concurrent: 1 target_footprint_: 27942847 GetBytesAllocated: 16648324 HeapGrowthMultiplier: 3
12-20 11:30:03.692  3315  3835 I com.miui.home: CheckGCForNative gc_urgency 0.368038 current_native_bytes is 74473363
12-20 11:30:03.725  3315  3835 I com.miui.home: CheckGCForNative adj_start_bytes: 45633969 NativeAllocationGcWatermark: 11881463 java_gc_start_bytes: 27811775 kNewNativeDiscountFactor: 2 kOldNativeDiscountFactor: 65536 old_native_bytes: 74182203 new_native_bytes: 296024 add_bytes_allowed: 35644389 is_gc_concurrent: 1 target_footprint_: 27942847 GetBytesAllocated: 16738798 HeapGrowthMultiplier: 3
12-20 11:30:03.725  3315  3835 I com.miui.home: CheckGCForNative gc_urgency 0.370074 current_native_bytes is 74478227
12-20 11:30:03.775  3315  3315 I wm_on_top_resumed_gained_called: [102008,com.miui.home.launcher.Launcher,topStateChangedWhenResumed]
12-20 11:30:04.081  3315  3835 I com.miui.home: CheckGCForNative adj_start_bytes: 45633969 NativeAllocationGcWatermark: 11881463 java_gc_start_bytes: 27811775 kNewNativeDiscountFactor: 2 kOldNativeDiscountFactor: 65536 old_native_bytes: 74182203 new_native_bytes: 304824 add_bytes_allowed: 35644389 is_gc_concurrent: 1 target_footprint_: 27942847 GetBytesAllocated: 17092228 HeapGrowthMultiplier: 3
12-20 11:30:04.081  3315  3835 I com.miui.home: CheckGCForNative gc_urgency 0.377915 current_native_bytes is 74487027
12-20 11:30:04.199  3315  4181 I com.miui.home: CheckGCForNative adj_start_bytes: 45633969 NativeAllocationGcWatermark: 11881463 java_gc_start_bytes: 27811775 kNewNativeDiscountFactor: 2 kOldNativeDiscountFactor: 65536 old_native_bytes: 74182203 new_native_bytes: 11009752 add_bytes_allowed: 35644389 is_gc_concurrent: 1 target_footprint_: 27942847 GetBytesAllocated: 17248442 HeapGrowthMultiplier: 3
12-20 11:30:04.199  3315  4181 I com.miui.home: CheckGCForNative gc_urgency 0.49863 current_native_bytes is 85191955
12-20 11:30:04.200  3315  3315 I com.miui.home: CheckGCForNative adj_start_bytes: 45633969 NativeAllocationGcWatermark: 11881463 java_gc_start_bytes: 27811775 kNewNativeDiscountFactor: 2 kOldNativeDiscountFactor: 65536 old_native_bytes: 74182203 new_native_bytes: 21716696 add_bytes_allowed: 35644389 is_gc_concurrent: 1 target_footprint_: 27942847 GetBytesAllocated: 17248634 HeapGrowthMultiplier: 3
12-20 11:30:04.200  3315  3315 I com.miui.home: CheckGCForNative gc_urgency 0.615947 current_native_bytes is 95898899
12-20 11:30:04.201  3315  3315 I cccccc  : getTaskThumbnailInfo: 2460 1.0  10705920
12-20 11:30:04.582 13297 13297 I wm_on_create_called: [0,183474876,com.uc.browser.InnerUCMobile,performCreate,685]
12-20 11:30:04.603 13297 13297 I wm_on_start_called: [0,183474876,com.uc.browser.InnerUCMobile,handleStartActivity,19]
12-20 11:30:04.781  3315  4181 D cccccc  : onTaskStackChangedBackground
12-20 11:30:04.817  3315  3315 I wm_on_top_resumed_lost_called: [102008,com.miui.home.launcher.Launcher,topStateChangedWhenResumed]
12-20 11:30:04.826  3315  3315 I wm_on_paused_called: [0,102008,com.miui.home.launcher.Launcher,performPause,5]
12-20 11:30:04.881 13297 13297 I wm_on_resume_called: [0,183474876,com.uc.browser.InnerUCMobile,RESUME_ACTIVITY,259]
12-20 11:30:04.998  3315  4181 D cccccc  : onTaskStackChangedBackground
12-20 11:30:05.104  3315  4181 I com.miui.home: CheckGCForNative adj_start_bytes: 45633969 NativeAllocationGcWatermark: 11881463 java_gc_start_bytes: 27811775 kNewNativeDiscountFactor: 2 kOldNativeDiscountFactor: 65536 old_native_bytes: 74182203 new_native_bytes: 11216304 add_bytes_allowed: 35644389 is_gc_concurrent: 1 target_footprint_: 27942847 GetBytesAllocated: 19049819 HeapGrowthMultiplier: 3
12-20 11:30:05.105  3315  4181 I com.miui.home: CheckGCForNative gc_urgency 0.540367 current_native_bytes is 85398507
12-20 11:30:05.331 13297 13297 I wm_on_top_resumed_gained_called: [183474876,com.uc.browser.InnerUCMobile,topStateChangedWhenResumed]
12-20 11:30:05.334 13297 13297 I wm_on_top_resumed_lost_called: [183474876,com.uc.browser.InnerUCMobile,topStateChangedWhenResumed]
12-20 11:30:05.336  3315  3835 I com.miui.home: CheckGCForNative adj_start_bytes: 45633969 NativeAllocationGcWatermark: 11881463 java_gc_start_bytes: 27811775 kNewNativeDiscountFactor: 2 kOldNativeDiscountFactor: 65536 old_native_bytes: 74182203 new_native_bytes: 11389504 add_bytes_allowed: 35644389 is_gc_concurrent: 1 target_footprint_: 27942847 GetBytesAllocated: 19606630 HeapGrowthMultiplier: 3
12-20 11:30:05.336  3315  3835 I com.miui.home: CheckGCForNative gc_urgency 0.554467 current_native_bytes is 85571707
12-20 11:30:05.358  3315  3835 I com.miui.home: CheckGCForNative adj_start_bytes: 45633969 NativeAllocationGcWatermark: 11881463 java_gc_start_bytes: 27811775 kNewNativeDiscountFactor: 2 kOldNativeDiscountFactor: 65536 old_native_bytes: 74182203 new_native_bytes: 11390272 add_bytes_allowed: 35644389 is_gc_concurrent: 1 target_footprint_: 27942847 GetBytesAllocated: 19627719 HeapGrowthMultiplier: 3
12-20 11:30:05.358  3315  3835 I com.miui.home: CheckGCForNative gc_urgency 0.554937 current_native_bytes is 85572475
12-20 11:30:05.520 13297 13297 I wm_on_paused_called: [0,183474876,com.uc.browser.InnerUCMobile,performPause,13]
12-20 11:30:05.585 13297 13297 I wm_on_destroy_called: [0,120819661,com.UCMobile.main.UCMobile,performDestroy,14]
12-20 11:30:05.625  3315  3835 I com.miui.home: CheckGCForNative adj_start_bytes: 45633969 NativeAllocationGcWatermark: 11881463 java_gc_start_bytes: 27811775 kNewNativeDiscountFactor: 2 kOldNativeDiscountFactor: 65536 old_native_bytes: 74182203 new_native_bytes: 11412992 add_bytes_allowed: 35644389 is_gc_concurrent: 1 target_footprint_: 27942847 GetBytesAllocated: 20152256 HeapGrowthMultiplier: 3
12-20 11:30:05.625  3315  3835 I com.miui.home: CheckGCForNative gc_urgency 0.566681 current_native_bytes is 85595195
12-20 11:30:05.845 13811 13811 I wm_on_application_create_called: [0,com.xiaomi.bluetooth,612]
12-20 11:30:05.930 13297 13297 I wm_on_stop_called: [0,183474876,com.uc.browser.InnerUCMobile,STOP_ACTIVITY_ITEM,110]
12-20 11:30:06.200 13868 13868 I wm_on_create_called: [0,55941932,com.tencent.mtt.SplashActivity,performCreate,102]
12-20 11:30:06.325  3315  4181 D cccccc  : onTaskStackChangedBackground
12-20 11:30:06.550 13763 13763 I wm_on_application_create_called: [0,com.tencent.mm,1178]
12-20 11:30:07.113  3315  3315 I wm_on_stop_called: [0,102008,com.miui.home.launcher.Launcher,STOP_ACTIVITY_ITEM,13]
12-20 11:30:07.443  3315  3315 I wm_on_restart_called: [0,102008,com.miui.home.launcher.Launcher,,0]
12-20 11:30:07.446  3315  3315 I wm_on_start_called: [0,102008,com.miui.home.launcher.Launcher,handleStartActivity,3]
12-20 11:30:07.466  3315  3315 I wm_on_resume_called: [0,102008,com.miui.home.launcher.Launcher,RESUME_ACTIVITY,18]
12-20 11:30:07.540  3315  3315 I com.miui.home: CheckGCForNative gc_urgency 0 current_native_bytes is 74282815
12-20 11:30:07.625  3315  3315 I wm_on_idle_called: com.miui.home.launcher.Launcher
12-20 11:30:08.085  3315  3315 I wm_on_top_resumed_gained_called: [102008,com.miui.home.launcher.Launcher,topStateChangedWhenResumed]
12-20 11:30:08.112  3315  8125 I com.miui.home: CheckGCForNative adj_start_bytes: 46783411 NativeAllocationGcWatermark: 12043848 java_gc_start_bytes: 28717639 kNewNativeDiscountFactor: 2 kOldNativeDiscountFactor: 65536 old_native_bytes: 74282815 new_native_bytes: 218196 add_bytes_allowed: 36131544 is_gc_concurrent: 1 target_footprint_: 29241927 GetBytesAllocated: 16509277 HeapGrowthMultiplier: 3
12-20 11:30:08.112  3315  8125 I com.miui.home: CheckGCForNative gc_urgency 0.355244 current_native_bytes is 74501011
12-20 11:30:08.157 13868 13868 I wm_on_destroy_called: [0,55941932,com.tencent.mtt.SplashActivity,performDestroy,8]
12-20 11:30:08.197  3315 11562 I com.miui.home: CheckGCForNative adj_start_bytes: 46783411 NativeAllocationGcWatermark: 12043848 java_gc_start_bytes: 28717639 kNewNativeDiscountFactor: 2 kOldNativeDiscountFactor: 65536 old_native_bytes: 74282815 new_native_bytes: 252372 add_bytes_allowed: 36131544 is_gc_concurrent: 1 target_footprint_: 29241927 GetBytesAllocated: 16626415 HeapGrowthMultiplier: 3
12-20 11:30:08.197  3315 11562 I com.miui.home: CheckGCForNative gc_urgency 0.358113 current_native_bytes is 74535187
12-20 11:30:08.398 13868 13868 I wm_on_top_resumed_lost_called: [228846201,com.tencent.mtt.MainActivity,topStateChangedWhenResumed]
12-20 11:30:08.404  3315  3835 I com.miui.home: CheckGCForNative adj_start_bytes: 46783411 NativeAllocationGcWatermark: 12043848 java_gc_start_bytes: 28717639 kNewNativeDiscountFactor: 2 kOldNativeDiscountFactor: 65536 old_native_bytes: 74282815 new_native_bytes: 276916 add_bytes_allowed: 36131544 is_gc_concurrent: 1 target_footprint_: 29241927 GetBytesAllocated: 16981811 HeapGrowthMultiplier: 3
12-20 11:30:08.404  3315  3835 I com.miui.home: CheckGCForNative gc_urgency 0.365972 current_native_bytes is 74559731
12-20 11:30:08.583  3315  3891 I com.miui.home: CheckGCForNative adj_start_bytes: 46783411 NativeAllocationGcWatermark: 12043848 java_gc_start_bytes: 28717639 kNewNativeDiscountFactor: 2 kOldNativeDiscountFactor: 65536 old_native_bytes: 74282815 new_native_bytes: 292292 add_bytes_allowed: 36131544 is_gc_concurrent: 1 target_footprint_: 29241927 GetBytesAllocated: 17386738 HeapGrowthMultiplier: 3
12-20 11:30:08.583  3315  3891 I com.miui.home: CheckGCForNative gc_urgency 0.374791 current_native_bytes is 74575107
12-20 11:30:08.699  3315  4166 I com.miui.home: CheckGCForNative adj_start_bytes: 46783411 NativeAllocationGcWatermark: 12043848 java_gc_start_bytes: 28717639 kNewNativeDiscountFactor: 2 kOldNativeDiscountFactor: 65536 old_native_bytes: 74282815 new_native_bytes: 10987492 add_bytes_allowed: 36131544 is_gc_concurrent: 1 target_footprint_: 29241927 GetBytesAllocated: 17571421 HeapGrowthMultiplier: 3
12-20 11:30:08.699  3315  4166 I com.miui.home: CheckGCForNative gc_urgency 0.493044 current_native_bytes is 85270307
12-20 11:30:08.700  3315  3315 I com.miui.home: CheckGCForNative adj_start_bytes: 46783411 NativeAllocationGcWatermark: 12043848 java_gc_start_bytes: 28717639 kNewNativeDiscountFactor: 2 kOldNativeDiscountFactor: 65536 old_native_bytes: 74282815 new_native_bytes: 21694436 add_bytes_allowed: 36131544 is_gc_concurrent: 1 target_footprint_: 29241927 GetBytesAllocated: 17579631 HeapGrowthMultiplier: 3
12-20 11:30:08.700  3315  3315 I com.miui.home: CheckGCForNative gc_urgency 0.607651 current_native_bytes is 95977251
12-20 11:30:08.700  3315  3315 I cccccc  : getTaskThumbnailInfo: 2460 1.0  10705920
12-20 11:30:09.195 13868 13868 I wm_on_paused_called: [0,228846201,com.tencent.mtt.MainActivity,performPause,9]
12-20 11:30:09.220  3315  4166 D cccccc  : onTaskStackChangedBackground
12-20 11:30:09.290  3315  3741 I com.miui.home: CheckGCForNative adj_start_bytes: 46783411 NativeAllocationGcWatermark: 12043848 java_gc_start_bytes: 28717639 kNewNativeDiscountFactor: 2 kOldNativeDiscountFactor: 65536 old_native_bytes: 74282815 new_native_bytes: 11027724 add_bytes_allowed: 36131544 is_gc_concurrent: 1 target_footprint_: 29241927 GetBytesAllocated: 18191243 HeapGrowthMultiplier: 3
12-20 11:30:09.290  3315  3741 I com.miui.home: CheckGCForNative gc_urgency 0.506723 current_native_bytes is 85310539
12-20 11:30:09.372  3315  3315 I wm_on_top_resumed_lost_called: [102008,com.miui.home.launcher.Launcher,topStateChangedWhenResumed]
12-20 11:30:09.392  3315  3315 I wm_on_paused_called: [0,102008,com.miui.home.launcher.Launcher,performPause,5]
12-20 11:30:09.530  3315  4166 D cccccc  : onTaskStackChangedBackground
12-20 11:30:09.881  3315  3835 I com.miui.home: CheckGCForNative adj_start_bytes: 46783411 NativeAllocationGcWatermark: 12043848 java_gc_start_bytes: 28717639 kNewNativeDiscountFactor: 2 kOldNativeDiscountFactor: 65536 old_native_bytes: 74282815 new_native_bytes: 11256108 add_bytes_allowed: 36131544 is_gc_concurrent: 1 target_footprint_: 29241927 GetBytesAllocated: 19504838 HeapGrowthMultiplier: 3
12-20 11:30:09.881  3315  3835 I com.miui.home: CheckGCForNative gc_urgency 0.537242 current_native_bytes is 85538923
12-20 11:30:10.148  3315  3668 I com.miui.home: CheckGCForNative adj_start_bytes: 46783411 NativeAllocationGcWatermark: 12043848 java_gc_start_bytes: 28717639 kNewNativeDiscountFactor: 2 kOldNativeDiscountFactor: 65536 old_native_bytes: 74282815 new_native_bytes: 11271596 add_bytes_allowed: 36131544 is_gc_concurrent: 1 target_footprint_: 29241927 GetBytesAllocated: 19966742 HeapGrowthMultiplier: 3
12-20 11:30:10.149  3315  3668 I com.miui.home: CheckGCForNative gc_urgency 0.547414 current_native_bytes is 85554411
12-20 11:30:10.189 14485 14485 I wm_on_application_create_called: [0,com.tencent.mtt,868]
12-20 11:30:10.270 13868 13868 I wm_on_stop_called: [0,228846201,com.tencent.mtt.MainActivity,STOP_ACTIVITY_ITEM,679]
12-20 11:30:10.434 13868 13868 I wm_on_idle_called: com.tencent.mtt.MainActivity
12-20 11:30:10.467  3315  3315 I wm_on_stop_called: [0,102008,com.miui.home.launcher.Launcher,STOP_ACTIVITY_ITEM,22]
12-20 11:30:10.712 14649 14649 I wm_on_application_create_called: [0,com.youku.phone,640]
12-20 11:30:10.864 14649 14649 I wm_on_create_called: [0,16067976,com.youku.phone.ActivityWelcome,performCreate,85]
12-20 11:30:10.885  3315  3315 I com.miui.home: CheckGCForNative gc_urgency 0 current_native_bytes is 74163803
12-20 11:30:11.117  3315  3866 D cccccc  : onTaskStackChangedBackground
