12-21 09:50:34.134  3159  3198 I com.miui.home: CheckGCForNative adj_start_bytes: 34336906 NativeAllocationGcWatermark: 10728553 java_gc_start_bytes: 18244077 kNewNativeDiscountFactor: 2 kOldNativeDiscountFactor: 65536 old_native_bytes: 124886429 new_native_bytes: 26790588 add_bytes_allowed: 32185659 is_gc_concurrent: 1 target_footprint_: 18719565 GetBytesAllocated: 15511032 HeapGrowthMultiplier: 3
12-21 09:50:34.134  3159  3198 I com.miui.home: CheckGCForNative gc_urgency 0.8419 current_native_bytes is 151677017
12-21 09:50:34.134  3159  3198 I com.miui.home: CheckGCForNative adj_start_bytes: 34336906 NativeAllocationGcWatermark: 10728553 java_gc_start_bytes: 18244077 kNewNativeDiscountFactor: 2 kOldNativeDiscountFactor: 65536 old_native_bytes: 124886429 new_native_bytes: 37496828 add_bytes_allowed: 32185659 is_gc_concurrent: 1 target_footprint_: 18719565 GetBytesAllocated: 15511224 HeapGrowthMultiplier: 3
12-21 09:50:34.134  3159  3198 I com.miui.home: CheckGCForNative gc_urgency 0.997805 current_native_bytes is 162383257
12-21 09:50:34.176  3159  9426 I com.miui.home: CheckGCForNative adj_start_bytes: 34336906 NativeAllocationGcWatermark: 10728553 java_gc_start_bytes: 18244077 kNewNativeDiscountFactor: 2 kOldNativeDiscountFactor: 65536 old_native_bytes: 124886429 new_native_bytes: 37663028 add_bytes_allowed: 32185659 is_gc_concurrent: 1 target_footprint_: 18719565 GetBytesAllocated: 15757080 HeapGrowthMultiplier: 3
12-21 09:50:34.176  3159  9426 I com.miui.home: CheckGCForNative gc_urgency 1.00739 current_native_bytes is 162549457
12-21 09:50:34.176  3159  9426 I com.miui.home: CheckGCForNative requested 1
12-21 09:50:34.222  3159  3286 I com.miui.home: CheckGCForNative adj_start_bytes: 34336906 NativeAllocationGcWatermark: 10728553 java_gc_start_bytes: 18244077 kNewNativeDiscountFactor: 2 kOldNativeDiscountFactor: 65536 old_native_bytes: 124886429 new_native_bytes: 26887860 add_bytes_allowed: 32185659 is_gc_concurrent: 1 target_footprint_: 18719565 GetBytesAllocated: 15806424 HeapGrowthMultiplier: 3
12-21 09:50:34.222  3159  3286 I com.miui.home: CheckGCForNative gc_urgency 0.852396 current_native_bytes is 151774289
12-21 09:50:34.300  3159  3286 I com.miui.home: CheckGCForNative adj_start_bytes: 34336906 NativeAllocationGcWatermark: 10728553 java_gc_start_bytes: 18244077 kNewNativeDiscountFactor: 2 kOldNativeDiscountFactor: 65536 old_native_bytes: 124886429 new_native_bytes: 26902516 add_bytes_allowed: 32185659 is_gc_concurrent: 1 target_footprint_: 18719565 GetBytesAllocated: 15855576 HeapGrowthMultiplier: 3
12-21 09:50:34.300  3159  3286 I com.miui.home: CheckGCForNative gc_urgency 0.853564 current_native_bytes is 151788945
12-21 09:50:34.368 10817 10817 I wm_on_idle_called: com.tencent.mobileqq.activity.SplashActivity
12-21 09:50:34.381  3159  3182 I com.miui.home: NativeAlloc concurrent copying GC freed 106591(5978KB) AllocSpace objects, 12(272KB) LOS objects, 49% free, 9297KB/18MB, paused 158us,73us total 201.897ms
12-21 09:50:34.577  3159  3286 I com.miui.home: CheckGCForNative gc_urgency 0 current_native_bytes is 120536909
12-21 09:50:34.712 10817 10817 I wm_on_top_resumed_lost_called: [80696723,com.tencent.mobileqq.activity.SplashActivity,topStateChangedWhenResumed]
12-21 09:50:34.738  3159  3159 I wm_on_resume_called: [0,36021963,com.miui.home.launcher.Launcher,RESUME_ACTIVITY,10]
12-21 09:50:34.739  3159  3159 I wm_on_idle_called: com.miui.home.launcher.Launcher
12-21 09:50:34.767  3159  3159 I wm_on_top_resumed_gained_called: [36021963,com.miui.home.launcher.Launcher,topStateChangedWhenResumed]
12-21 09:50:34.767 10817 10817 I wm_on_paused_called: [0,80696723,com.tencent.mobileqq.activity.SplashActivity,performPause,1]
12-21 09:50:34.892 10817 10817 I wm_on_stop_called: [0,80696723,com.tencent.mobileqq.activity.SplashActivity,STOP_ACTIVITY_ITEM,6]
12-21 09:50:34.899 10817 10817 I wm_on_destroy_called: [0,80696723,com.tencent.mobileqq.activity.SplashActivity,performDestroy,7]
12-21 09:50:34.990  3159  3665 I com.miui.home: CheckGCForNative adj_start_bytes: 35030588 NativeAllocationGcWatermark: 10768767 java_gc_start_bytes: 18877438 kNewNativeDiscountFactor: 2 kOldNativeDiscountFactor: 65536 old_native_bytes: 120536909 new_native_bytes: 1242600 add_bytes_allowed: 32306301 is_gc_concurrent: 1 target_footprint_: 19041278 GetBytesAllocated: 11185376 HeapGrowthMultiplier: 3
12-21 09:50:34.990  3159  3665 I com.miui.home: CheckGCForNative gc_urgency 0.337092 current_native_bytes is 121779509
12-21 09:50:34.998  3159  3665 I com.miui.home: CheckGCForNative adj_start_bytes: 35030588 NativeAllocationGcWatermark: 10768767 java_gc_start_bytes: 18877438 kNewNativeDiscountFactor: 2 kOldNativeDiscountFactor: 65536 old_native_bytes: 120536909 new_native_bytes: 1365756 add_bytes_allowed: 32306301 is_gc_concurrent: 1 target_footprint_: 19041278 GetBytesAllocated: 11234528 HeapGrowthMultiplier: 3
12-21 09:50:34.998  3159  3665 I com.miui.home: CheckGCForNative gc_urgency 0.340252 current_native_bytes is 121902665
12-21 09:50:35.065  3159  3665 I com.miui.home: CheckGCForNative adj_start_bytes: 35030588 NativeAllocationGcWatermark: 10768767 java_gc_start_bytes: 18877438 kNewNativeDiscountFactor: 2 kOldNativeDiscountFactor: 65536 old_native_bytes: 120536909 new_native_bytes: 2805420 add_bytes_allowed: 32306301 is_gc_concurrent: 1 target_footprint_: 19041278 GetBytesAllocated: 11529760 HeapGrowthMultiplier: 3
12-21 09:50:35.065  3159  3665 I com.miui.home: CheckGCForNative gc_urgency 0.369229 current_native_bytes is 123342329
12-21 09:50:35.100  3159  3665 I com.miui.home: CheckGCForNative adj_start_bytes: 35030588 NativeAllocationGcWatermark: 10768767 java_gc_start_bytes: 18877438 kNewNativeDiscountFactor: 2 kOldNativeDiscountFactor: 65536 old_native_bytes: 120536909 new_native_bytes: 4271008 add_bytes_allowed: 32306301 is_gc_concurrent: 1 target_footprint_: 19041278 GetBytesAllocated: 11660896 HeapGrowthMultiplier: 3
12-21 09:50:35.100  3159  3665 I com.miui.home: CheckGCForNative gc_urgency 0.393891 current_native_bytes is 124807917
12-21 09:50:35.157  3159  3159 I wm_on_top_resumed_lost_called: [36021963,com.miui.home.launcher.Launcher,topStateChangedWhenResumed]
12-21 09:50:35.161  3159  3159 I wm_on_paused_called: [0,36021963,com.miui.home.launcher.Launcher,performPause,1]
12-21 09:50:35.263  3159  3665 I com.miui.home: CheckGCForNative adj_start_bytes: 35030588 NativeAllocationGcWatermark: 10768767 java_gc_start_bytes: 18877438 kNewNativeDiscountFactor: 2 kOldNativeDiscountFactor: 65536 old_native_bytes: 120536909 new_native_bytes: 15445832 add_bytes_allowed: 32306301 is_gc_concurrent: 1 target_footprint_: 19041278 GetBytesAllocated: 12005088 HeapGrowthMultiplier: 3
12-21 09:50:35.263  3159  3665 I com.miui.home: CheckGCForNative gc_urgency 0.563218 current_native_bytes is 135982741
12-21 09:50:35.357  3159  3665 I com.miui.home: CheckGCForNative adj_start_bytes: 35030588 NativeAllocationGcWatermark: 10768767 java_gc_start_bytes: 18877438 kNewNativeDiscountFactor: 2 kOldNativeDiscountFactor: 65536 old_native_bytes: 120536909 new_native_bytes: 4790544 add_bytes_allowed: 32306301 is_gc_concurrent: 1 target_footprint_: 19041278 GetBytesAllocated: 12440016 HeapGrowthMultiplier: 3
12-21 09:50:35.357  3159  3665 I com.miui.home: CheckGCForNative gc_urgency 0.423548 current_native_bytes is 125327453
12-21 09:50:35.392  3159  3665 I com.miui.home: CheckGCForNative adj_start_bytes: 35030588 NativeAllocationGcWatermark: 10768767 java_gc_start_bytes: 18877438 kNewNativeDiscountFactor: 2 kOldNativeDiscountFactor: 65536 old_native_bytes: 120536909 new_native_bytes: 4892580 add_bytes_allowed: 32306301 is_gc_concurrent: 1 target_footprint_: 19041278 GetBytesAllocated: 12636624 HeapGrowthMultiplier: 3
12-21 09:50:35.392  3159  3665 I com.miui.home: CheckGCForNative gc_urgency 0.430617 current_native_bytes is 125429489
12-21 09:50:35.464  3159  3665 I com.miui.home: CheckGCForNative adj_start_bytes: 35030588 NativeAllocationGcWatermark: 10768767 java_gc_start_bytes: 18877438 kNewNativeDiscountFactor: 2 kOldNativeDiscountFactor: 65536 old_native_bytes: 120536909 new_native_bytes: 5195480 add_bytes_allowed: 32306301 is_gc_concurrent: 1 target_footprint_: 19041278 GetBytesAllocated: 13013904 HeapGrowthMultiplier: 3
12-21 09:50:35.465  3159  3665 I com.miui.home: CheckGCForNative gc_urgency 0.44571 current_native_bytes is 125732389
12-21 09:50:36.341 11035 11035 I wm_on_application_create_called: [0,com.dragon.read,635]
12-21 09:50:36.475 11035 11035 I wm_on_create_called: [0,204179935,com.dragon.read.pages.splash.SplashActivity,performCreate,51]
12-21 09:50:36.500 11035 11035 I wm_on_start_called: [0,204179935,com.dragon.read.pages.splash.SplashActivity,handleStartActivity,24]
12-21 09:50:36.630 11035 11035 I wm_on_resume_called: [0,204179935,com.dragon.read.pages.splash.SplashActivity,RESUME_ACTIVITY,129]
12-21 09:50:36.631 11035 11035 I wm_on_top_resumed_gained_called: [204179935,com.dragon.read.pages.splash.SplashActivity,topStateChangedWhenResumed]
12-21 09:50:36.772  3159  3198 I com.miui.home: CheckGCForNative adj_start_bytes: 35030588 NativeAllocationGcWatermark: 10768767 java_gc_start_bytes: 18877438 kNewNativeDiscountFactor: 2 kOldNativeDiscountFactor: 65536 old_native_bytes: 120536909 new_native_bytes: 15488684 add_bytes_allowed: 32306301 is_gc_concurrent: 1 target_footprint_: 19041278 GetBytesAllocated: 13809168 HeapGrowthMultiplier: 3
12-21 09:50:36.772  3159  3198 I com.miui.home: CheckGCForNative gc_urgency 0.615329 current_native_bytes is 136025593
12-21 09:50:36.773  3159  3198 I com.miui.home: CheckGCForNative adj_start_bytes: 35030588 NativeAllocationGcWatermark: 10768767 java_gc_start_bytes: 18877438 kNewNativeDiscountFactor: 2 kOldNativeDiscountFactor: 65536 old_native_bytes: 120536909 new_native_bytes: 26194604 add_bytes_allowed: 32306301 is_gc_concurrent: 1 target_footprint_: 19041278 GetBytesAllocated: 13809360 HeapGrowthMultiplier: 3
12-21 09:50:36.773  3159  3198 I com.miui.home: CheckGCForNative gc_urgency 0.768143 current_native_bytes is 146731513
12-21 09:50:36.817 11035 11035 I wm_on_top_resumed_lost_called: [204179935,com.dragon.read.pages.splash.SplashActivity,topStateChangedWhenResumed]
12-21 09:50:36.829 11035 11035 I wm_on_paused_called: [0,204179935,com.dragon.read.pages.splash.SplashActivity,performPause,4]
12-21 09:50:36.846  3159  3198 I com.miui.home: CheckGCForNative adj_start_bytes: 35030588 NativeAllocationGcWatermark: 10768767 java_gc_start_bytes: 18877438 kNewNativeDiscountFactor: 2 kOldNativeDiscountFactor: 65536 old_native_bytes: 120536909 new_native_bytes: 26158748 add_bytes_allowed: 32306301 is_gc_concurrent: 1 target_footprint_: 19041278 GetBytesAllocated: 13858512 HeapGrowthMultiplier: 3
12-21 09:50:36.850  3159  3198 I com.miui.home: CheckGCForNative gc_urgency 0.769034 current_native_bytes is 146695657
12-21 09:50:36.980  3159  3665 I com.miui.home: CheckGCForNative adj_start_bytes: 35030588 NativeAllocationGcWatermark: 10768767 java_gc_start_bytes: 18877438 kNewNativeDiscountFactor: 2 kOldNativeDiscountFactor: 65536 old_native_bytes: 120536909 new_native_bytes: 15523596 add_bytes_allowed: 32306301 is_gc_concurrent: 1 target_footprint_: 19041278 GetBytesAllocated: 14187040 HeapGrowthMultiplier: 3
12-21 09:50:36.980  3159  3665 I com.miui.home: CheckGCForNative gc_urgency 0.626615 current_native_bytes is 136060505
12-21 09:50:37.002  3159  3665 I com.miui.home: CheckGCForNative adj_start_bytes: 35030588 NativeAllocationGcWatermark: 10768767 java_gc_start_bytes: 18877438 kNewNativeDiscountFactor: 2 kOldNativeDiscountFactor: 65536 old_native_bytes: 120536909 new_native_bytes: 26409504 add_bytes_allowed: 32306301 is_gc_concurrent: 1 target_footprint_: 19041278 GetBytesAllocated: 14367264 HeapGrowthMultiplier: 3
12-21 09:50:37.003  3159  3665 I com.miui.home: CheckGCForNative gc_urgency 0.787137 current_native_bytes is 146946413
12-21 09:50:37.025  3159  3665 I com.miui.home: CheckGCForNative adj_start_bytes: 35030588 NativeAllocationGcWatermark: 10768767 java_gc_start_bytes: 18877438 kNewNativeDiscountFactor: 2 kOldNativeDiscountFactor: 65536 old_native_bytes: 120536909 new_native_bytes: 15661856 add_bytes_allowed: 32306301 is_gc_concurrent: 1 target_footprint_: 19041278 GetBytesAllocated: 14531744 HeapGrowthMultiplier: 3
12-21 09:50:37.025  3159  3665 I com.miui.home: CheckGCForNative gc_urgency 0.638428 current_native_bytes is 136198765
12-21 09:50:37.056  3159  3665 I com.miui.home: CheckGCForNative adj_start_bytes: 35030588 NativeAllocationGcWatermark: 10768767 java_gc_start_bytes: 18877438 kNewNativeDiscountFactor: 2 kOldNativeDiscountFactor: 65536 old_native_bytes: 120536909 new_native_bytes: 15906132 add_bytes_allowed: 32306301 is_gc_concurrent: 1 target_footprint_: 19041278 GetBytesAllocated: 14761120 HeapGrowthMultiplier: 3
12-21 09:50:37.056  3159  3665 I com.miui.home: CheckGCForNative gc_urgency 0.648463 current_native_bytes is 136443041
12-21 09:50:37.131 11035 11035 I wm_on_create_called: [0,15206316,com.dragon.read.pages.main.MainFragmentActivity,performCreate,257]
12-21 09:50:37.183 11035 11035 I wm_on_start_called: [0,15206316,com.dragon.read.pages.main.MainFragmentActivity,handleStartActivity,50]
12-21 09:50:37.202 11035 11035 I wm_on_resume_called: [0,15206316,com.dragon.read.pages.main.MainFragmentActivity,RESUME_ACTIVITY,19]
12-21 09:50:37.223 11035 11035 I wm_on_top_resumed_gained_called: [15206316,com.dragon.read.pages.main.MainFragmentActivity,topStateChangedWhenResumed]
12-21 09:50:37.317  3159  3159 I wm_on_resume_called: [0,36021963,com.miui.home.launcher.Launcher,RESUME_ACTIVITY,3]
12-21 09:50:37.399  3159  3159 I wm_on_idle_called: com.miui.home.launcher.Launcher
12-21 09:50:37.422 11035 11035 I wm_on_top_resumed_lost_called: [15206316,com.dragon.read.pages.main.MainFragmentActivity,topStateChangedWhenResumed]
12-21 09:50:37.425 11035 11035 I wm_on_paused_called: [0,15206316,com.dragon.read.pages.main.MainFragmentActivity,performPause,1]
12-21 09:50:37.429  3159  3159 I wm_on_top_resumed_gained_called: [36021963,com.miui.home.launcher.Launcher,topStateChangedWhenResumed]
12-21 09:50:37.474 11035 11035 I wm_on_stop_called: [0,15206316,com.dragon.read.pages.main.MainFragmentActivity,STOP_ACTIVITY_ITEM,37]
12-21 09:50:37.513  3159  3665 I com.miui.home: CheckGCForNative adj_start_bytes: 35030588 NativeAllocationGcWatermark: 10768767 java_gc_start_bytes: 18877438 kNewNativeDiscountFactor: 2 kOldNativeDiscountFactor: 65536 old_native_bytes: 120536909 new_native_bytes: 16051124 add_bytes_allowed: 32306301 is_gc_concurrent: 1 target_footprint_: 19041278 GetBytesAllocated: 16032352 HeapGrowthMultiplier: 3
12-21 09:50:37.513  3159  3665 I com.miui.home: CheckGCForNative gc_urgency 0.686821 current_native_bytes is 136588033
12-21 09:50:37.537  3159  3665 I com.miui.home: CheckGCForNative adj_start_bytes: 35030588 NativeAllocationGcWatermark: 10768767 java_gc_start_bytes: 18877438 kNewNativeDiscountFactor: 2 kOldNativeDiscountFactor: 65536 old_native_bytes: 120536909 new_native_bytes: 27116520 add_bytes_allowed: 32306301 is_gc_concurrent: 1 target_footprint_: 19041278 GetBytesAllocated: 16212576 HeapGrowthMultiplier: 3
12-21 09:50:37.537  3159  3665 I com.miui.home: CheckGCForNative gc_urgency 0.849905 current_native_bytes is 147653429
12-21 09:50:37.553  3159  3665 I com.miui.home: CheckGCForNative adj_start_bytes: 35030588 NativeAllocationGcWatermark: 10768767 java_gc_start_bytes: 18877438 kNewNativeDiscountFactor: 2 kOldNativeDiscountFactor: 65536 old_native_bytes: 120536909 new_native_bytes: 16410408 add_bytes_allowed: 32306301 is_gc_concurrent: 1 target_footprint_: 19041278 GetBytesAllocated: 16409840 HeapGrowthMultiplier: 3
12-21 09:50:37.553  3159  3665 I com.miui.home: CheckGCForNative gc_urgency 0.702725 current_native_bytes is 136947317
12-21 09:50:37.824 11035 11035 I wm_on_stop_called: [0,204179935,com.dragon.read.pages.splash.SplashActivity,LIFECYCLER_STOP_ACTIVITY,19]
12-21 09:50:37.833 11035 11035 I wm_on_destroy_called: [0,204179935,com.dragon.read.pages.splash.SplashActivity,performDestroy,3]
12-21 09:50:37.906 11035 11035 I wm_on_idle_called: com.dragon.read.pages.main.MainFragmentActivity
12-21 09:50:38.012  3159  3159 I wm_on_top_resumed_lost_called: [36021963,com.miui.home.launcher.Launcher,topStateChangedWhenResumed]
12-21 09:50:38.017  3159  3159 I wm_on_paused_called: [0,36021963,com.miui.home.launcher.Launcher,performPause,1]
12-21 09:50:38.107  3159  3665 I com.miui.home: CheckGCForNative adj_start_bytes: 35030588 NativeAllocationGcWatermark: 10768767 java_gc_start_bytes: 18877438 kNewNativeDiscountFactor: 2 kOldNativeDiscountFactor: 65536 old_native_bytes: 120536909 new_native_bytes: 16693928 add_bytes_allowed: 32306301 is_gc_concurrent: 1 target_footprint_: 19041278 GetBytesAllocated: 17147696 HeapGrowthMultiplier: 3
12-21 09:50:38.107  3159  3665 I com.miui.home: CheckGCForNative gc_urgency 0.727835 current_native_bytes is 137230837
12-21 09:50:38.169  3159  3562 I com.miui.home: CheckGCForNative adj_start_bytes: 35030588 NativeAllocationGcWatermark: 10768767 java_gc_start_bytes: 18877438 kNewNativeDiscountFactor: 2 kOldNativeDiscountFactor: 65536 old_native_bytes: 120536909 new_native_bytes: 16965684 add_bytes_allowed: 32306301 is_gc_concurrent: 1 target_footprint_: 19041278 GetBytesAllocated: 17565584 HeapGrowthMultiplier: 3
12-21 09:50:38.169  3159  3562 I com.miui.home: CheckGCForNative gc_urgency 0.743643 current_native_bytes is 137502593
12-21 09:50:38.176  3159  3286 I com.miui.home: CheckGCForNative adj_start_bytes: 35030588 NativeAllocationGcWatermark: 10768767 java_gc_start_bytes: 18877438 kNewNativeDiscountFactor: 2 kOldNativeDiscountFactor: 65536 old_native_bytes: 120536909 new_native_bytes: 16964868 add_bytes_allowed: 32306301 is_gc_concurrent: 1 target_footprint_: 19041278 GetBytesAllocated: 17598352 HeapGrowthMultiplier: 3
12-21 09:50:38.176  3159  3286 I com.miui.home: CheckGCForNative gc_urgency 0.744567 current_native_bytes is 137501777
12-21 09:50:38.299  3159  3665 I com.miui.home: CheckGCForNative adj_start_bytes: 35030588 NativeAllocationGcWatermark: 10768767 java_gc_start_bytes: 18877438 kNewNativeDiscountFactor: 2 kOldNativeDiscountFactor: 65536 old_native_bytes: 120536909 new_native_bytes: 17183512 add_bytes_allowed: 32306301 is_gc_concurrent: 1 target_footprint_: 19041278 GetBytesAllocated: 17942896 HeapGrowthMultiplier: 3
12-21 09:50:38.299  3159  3665 I com.miui.home: CheckGCForNative gc_urgency 0.757523 current_native_bytes is 137720421
12-21 09:50:39.276 11473 11473 I wm_on_application_create_called: [0,com.taobao.taobao,558]
12-21 09:50:39.413 11506 11506 I wm_on_application_create_called: [0,com.taobao.taobao,601]
12-21 09:50:39.495 11473 11473 I wm_on_create_called: [0,129778453,com.taobao.tao.welcome.Welcome,performCreate,200]
12-21 09:50:39.508  3159  3562 I com.miui.home: CheckGCForNative adj_start_bytes: 35030588 NativeAllocationGcWatermark: 10768767 java_gc_start_bytes: 18877438 kNewNativeDiscountFactor: 2 kOldNativeDiscountFactor: 65536 old_native_bytes: 120536909 new_native_bytes: 28028236 add_bytes_allowed: 32306301 is_gc_concurrent: 1 target_footprint_: 19041278 GetBytesAllocated: 18697136 HeapGrowthMultiplier: 3
12-21 09:50:39.508  3159  3562 I com.miui.home: CheckGCForNative gc_urgency 0.933844 current_native_bytes is 148565145
12-21 09:50:39.508  3159  3562 I com.miui.home: CheckGCForNative adj_start_bytes: 35030588 NativeAllocationGcWatermark: 10768767 java_gc_start_bytes: 18877438 kNewNativeDiscountFactor: 2 kOldNativeDiscountFactor: 65536 old_native_bytes: 120536909 new_native_bytes: 38734156 add_bytes_allowed: 32306301 is_gc_concurrent: 1 target_footprint_: 19041278 GetBytesAllocated: 18713712 HeapGrowthMultiplier: 3
12-21 09:50:39.508  3159  3562 I com.miui.home: CheckGCForNative gc_urgency 1.08712 current_native_bytes is 159271065
12-21 09:50:39.508  3159  3562 I com.miui.home: CheckGCForNative requested 1
12-21 09:50:39.582  3159  3198 I com.miui.home: CheckGCForNative adj_start_bytes: 35030588 NativeAllocationGcWatermark: 10768767 java_gc_start_bytes: 18877438 kNewNativeDiscountFactor: 2 kOldNativeDiscountFactor: 65536 old_native_bytes: 120536909 new_native_bytes: 38715004 add_bytes_allowed: 32306301 is_gc_concurrent: 1 target_footprint_: 19041278 GetBytesAllocated: 18812048 HeapGrowthMultiplier: 3
12-21 09:50:39.582  3159  3198 I com.miui.home: CheckGCForNative gc_urgency 1.08966 current_native_bytes is 159251913
12-21 09:50:39.582  3159  3198 I com.miui.home: CheckGCForNative requested 1
12-21 09:50:39.662  3159  3286 I com.miui.home: CheckGCForNative adj_start_bytes: 35030588 NativeAllocationGcWatermark: 10768767 java_gc_start_bytes: 18877438 kNewNativeDiscountFactor: 2 kOldNativeDiscountFactor: 65536 old_native_bytes: 120536909 new_native_bytes: 28045484 add_bytes_allowed: 32306301 is_gc_concurrent: 1 target_footprint_: 19041278 GetBytesAllocated: 18910544 HeapGrowthMultiplier: 3
12-21 09:50:39.662  3159  3286 I com.miui.home: CheckGCForNative gc_urgency 0.940182 current_native_bytes is 148582393
12-21 09:50:39.684  3159  3182 I com.miui.home: NativeAlloc concurrent copying GC freed 162905(8292KB) AllocSpace objects, 20(744KB) LOS objects, 49% free, 9446KB/18MB, paused 78us,39us total 175.695ms
12-21 09:50:39.689 11473 11473 I wm_on_start_called: [0,129778453,com.taobao.tao.welcome.Welcome,handleStartActivity,193]
12-21 09:50:39.748 11473 11473 I wm_on_resume_called: [0,129778453,com.taobao.tao.welcome.Welcome,RESUME_ACTIVITY,50]
12-21 09:50:39.774 11473 11473 I wm_on_top_resumed_gained_called: [129778453,com.taobao.tao.welcome.Welcome,topStateChangedWhenResumed]
12-21 09:50:39.918  3159  3286 I com.miui.home: CheckGCForNative gc_urgency 0 current_native_bytes is 121095477
12-21 09:50:40.047  3159  3269 I com.miui.home: CheckGCForNative gc_urgency 0 current_native_bytes is 121039157
12-21 09:50:40.064  3159  3159 I wm_on_resume_called: [0,36021963,com.miui.home.launcher.Launcher,RESUME_ACTIVITY,24]
12-21 09:50:40.065  3159  3159 I wm_on_idle_called: com.miui.home.launcher.Launcher
12-21 09:50:40.204  3159  3665 I com.miui.home: CheckGCForNative adj_start_bytes: 35343390 NativeAllocationGcWatermark: 10806891 java_gc_start_bytes: 19133054 kNewNativeDiscountFactor: 2 kOldNativeDiscountFactor: 65536 old_native_bytes: 121039157 new_native_bytes: 1150984 add_bytes_allowed: 32420673 is_gc_concurrent: 1 target_footprint_: 19346270 GetBytesAllocated: 11173680 HeapGrowthMultiplier: 3
12-21 09:50:40.205  3159  3665 I com.miui.home: CheckGCForNative gc_urgency 0.332481 current_native_bytes is 122190141
12-21 09:50:40.264  3159  3665 I com.miui.home: CheckGCForNative adj_start_bytes: 35343390 NativeAllocationGcWatermark: 10806891 java_gc_start_bytes: 19133054 kNewNativeDiscountFactor: 2 kOldNativeDiscountFactor: 65536 old_native_bytes: 121039157 new_native_bytes: 2792616 add_bytes_allowed: 32420673 is_gc_concurrent: 1 target_footprint_: 19346270 GetBytesAllocated: 11501648 HeapGrowthMultiplier: 3
12-21 09:50:40.264  3159  3665 I com.miui.home: CheckGCForNative gc_urgency 0.364985 current_native_bytes is 123831773
12-21 09:50:40.301  3159  3159 I wm_on_paused_called: [0,36021963,com.miui.home.launcher.Launcher,performPause,1]
12-21 09:50:40.321  3159  3665 I com.miui.home: CheckGCForNative adj_start_bytes: 35343390 NativeAllocationGcWatermark: 10806891 java_gc_start_bytes: 19133054 kNewNativeDiscountFactor: 2 kOldNativeDiscountFactor: 65536 old_native_bytes: 121039157 new_native_bytes: 14912088 add_bytes_allowed: 32420673 is_gc_concurrent: 1 target_footprint_: 19346270 GetBytesAllocated: 11665744 HeapGrowthMultiplier: 3
12-21 09:50:40.322  3159  3665 I com.miui.home: CheckGCForNative gc_urgency 0.541081 current_native_bytes is 135951245
12-21 09:50:40.437  3159  3665 I com.miui.home: CheckGCForNative adj_start_bytes: 35343390 NativeAllocationGcWatermark: 10806891 java_gc_start_bytes: 19133054 kNewNativeDiscountFactor: 2 kOldNativeDiscountFactor: 65536 old_native_bytes: 121039157 new_native_bytes: 4549288 add_bytes_allowed: 32420673 is_gc_concurrent: 1 target_footprint_: 19346270 GetBytesAllocated: 12125200 HeapGrowthMultiplier: 3
12-21 09:50:40.437  3159  3665 I com.miui.home: CheckGCForNative gc_urgency 0.407479 current_native_bytes is 125588445
12-21 09:50:40.566  3159  3665 I com.miui.home: CheckGCForNative adj_start_bytes: 35343390 NativeAllocationGcWatermark: 10806891 java_gc_start_bytes: 19133054 kNewNativeDiscountFactor: 2 kOldNativeDiscountFactor: 65536 old_native_bytes: 121039157 new_native_bytes: 4803564 add_bytes_allowed: 32420673 is_gc_concurrent: 1 target_footprint_: 19346270 GetBytesAllocated: 12723888 HeapGrowthMultiplier: 3
12-21 09:50:40.566  3159  3665 I com.miui.home: CheckGCForNative gc_urgency 0.428015 current_native_bytes is 125842721
12-21 09:50:40.595 10412 10412 I wm_on_application_create_called: [0,com.tencent.mm,8362]
12-21 09:50:40.850  7246  7246 I wm_on_create_called: [0,21061530,com.tencent.mm.ui.LauncherUI,performCreate,310]
12-21 09:50:40.880  7246  7246 I wm_on_start_called: [0,21061530,com.tencent.mm.ui.LauncherUI,handleStartActivity,17]
12-21 09:50:40.942  7246  7246 I wm_on_resume_called: [0,21061530,com.tencent.mm.ui.LauncherUI,RESUME_ACTIVITY,61]
12-21 09:50:40.964  7246  7246 I wm_on_top_resumed_gained_called: [21061530,com.tencent.mm.ui.LauncherUI,topStateChangedWhenResumed]
12-21 09:50:40.968  7246  7246 I wm_on_top_resumed_lost_called: [21061530,com.tencent.mm.ui.LauncherUI,topStateChangedWhenResumed]
12-21 09:50:40.982  7246  7246 I wm_on_paused_called: [0,21061530,com.tencent.mm.ui.LauncherUI,performPause,8]
12-21 09:50:41.014  3159  3159 I wm_on_stop_called: [0,36021963,com.miui.home.launcher.Launcher,STOP_ACTIVITY_ITEM,3]
12-21 09:50:41.125  3159  3665 I com.miui.home: CheckGCForNative adj_start_bytes: 35343390 NativeAllocationGcWatermark: 10806891 java_gc_start_bytes: 19133054 kNewNativeDiscountFactor: 2 kOldNativeDiscountFactor: 65536 old_native_bytes: 121039157 new_native_bytes: 5054720 add_bytes_allowed: 32420673 is_gc_concurrent: 1 target_footprint_: 19346270 GetBytesAllocated: 13289888 HeapGrowthMultiplier: 3
12-21 09:50:41.125  3159  3665 I com.miui.home: CheckGCForNative gc_urgency 0.447583 current_native_bytes is 126093877
12-21 09:50:41.163  7246  7246 I wm_on_create_called: [0,247798793,com.tencent.mm.plugin.account.ui.WelcomeActivity,performCreate,47]
12-21 09:50:41.165  7246  7246 I wm_on_start_called: [0,247798793,com.tencent.mm.plugin.account.ui.WelcomeActivity,handleStartActivity,1]
12-21 09:50:41.171  7246  7246 I wm_on_resume_called: [0,247798793,com.tencent.mm.plugin.account.ui.WelcomeActivity,RESUME_ACTIVITY,5]
12-21 09:50:41.179  3159  3665 I com.miui.home: CheckGCForNative adj_start_bytes: 35343390 NativeAllocationGcWatermark: 10806891 java_gc_start_bytes: 19133054 kNewNativeDiscountFactor: 2 kOldNativeDiscountFactor: 65536 old_native_bytes: 121039157 new_native_bytes: 5319284 add_bytes_allowed: 32420673 is_gc_concurrent: 1 target_footprint_: 19346270 GetBytesAllocated: 13667264 HeapGrowthMultiplier: 3
12-21 09:50:41.179  3159  3665 I com.miui.home: CheckGCForNative gc_urgency 0.462003 current_native_bytes is 126358441
12-21 09:50:41.181  7246  7246 I wm_on_top_resumed_gained_called: [247798793,com.tencent.mm.plugin.account.ui.WelcomeActivity,topStateChangedWhenResumed]
12-21 09:50:41.341  7246  7246 I wm_on_stop_called: [0,21061530,com.tencent.mm.ui.LauncherUI,STOP_ACTIVITY_ITEM,5]
12-21 09:50:41.916  3159  3159 I wm_on_restart_called: [0,36021963,com.miui.home.launcher.Launcher,performRestartActivity,0]
12-21 09:50:41.917  3159  3159 I wm_on_start_called: [0,36021963,com.miui.home.launcher.Launcher,handleStartActivity,1]
12-21 09:50:41.938  3159  3562 I com.miui.home: CheckGCForNative adj_start_bytes: 35343390 NativeAllocationGcWatermark: 10806891 java_gc_start_bytes: 19133054 kNewNativeDiscountFactor: 2 kOldNativeDiscountFactor: 65536 old_native_bytes: 121039157 new_native_bytes: 16410968 add_bytes_allowed: 32420673 is_gc_concurrent: 1 target_footprint_: 19346270 GetBytesAllocated: 14437632 HeapGrowthMultiplier: 3
12-21 09:50:41.938  3159  3562 I com.miui.home: CheckGCForNative gc_urgency 0.640713 current_native_bytes is 137450125
12-21 09:50:41.938  3159  3562 I com.miui.home: CheckGCForNative adj_start_bytes: 35343390 NativeAllocationGcWatermark: 10806891 java_gc_start_bytes: 19133054 kNewNativeDiscountFactor: 2 kOldNativeDiscountFactor: 65536 old_native_bytes: 121039157 new_native_bytes: 27117528 add_bytes_allowed: 32420673 is_gc_concurrent: 1 target_footprint_: 19346270 GetBytesAllocated: 14437824 HeapGrowthMultiplier: 3
12-21 09:50:41.938  3159  3562 I com.miui.home: CheckGCForNative gc_urgency 0.792183 current_native_bytes is 148156685
12-21 09:50:41.941  3159  3286 I com.miui.home: CheckGCForNative adj_start_bytes: 35343390 NativeAllocationGcWatermark: 10806891 java_gc_start_bytes: 19133054 kNewNativeDiscountFactor: 2 kOldNativeDiscountFactor: 65536 old_native_bytes: 121039157 new_native_bytes: 16412120 add_bytes_allowed: 32420673 is_gc_concurrent: 1 target_footprint_: 19346270 GetBytesAllocated: 14437824 HeapGrowthMultiplier: 3
12-21 09:50:41.941  3159  3286 I com.miui.home: CheckGCForNative gc_urgency 0.640734 current_native_bytes is 137451277
12-21 09:50:41.993  3159  3700 I com.miui.home: CheckGCForNative adj_start_bytes: 35343390 NativeAllocationGcWatermark: 10806891 java_gc_start_bytes: 19133054 kNewNativeDiscountFactor: 2 kOldNativeDiscountFactor: 65536 old_native_bytes: 121039157 new_native_bytes: 27229760 add_bytes_allowed: 32420673 is_gc_concurrent: 1 target_footprint_: 19346270 GetBytesAllocated: 14618144 HeapGrowthMultiplier: 3
12-21 09:50:41.993  3159  3700 I com.miui.home: CheckGCForNative gc_urgency 0.798873 current_native_bytes is 148268917
12-21 09:50:42.029  3159  3286 I com.miui.home: CheckGCForNative adj_start_bytes: 35343390 NativeAllocationGcWatermark: 10806891 java_gc_start_bytes: 19133054 kNewNativeDiscountFactor: 2 kOldNativeDiscountFactor: 65536 old_native_bytes: 121039157 new_native_bytes: 16540304 add_bytes_allowed: 32420673 is_gc_concurrent: 1 target_footprint_: 19346270 GetBytesAllocated: 14700256 HeapGrowthMultiplier: 3
12-21 09:50:42.029  3159  3286 I com.miui.home: CheckGCForNative gc_urgency 0.649973 current_native_bytes is 137579461
12-21 09:50:42.273  3159  3286 I com.miui.home: CheckGCForNative adj_start_bytes: 35343390 NativeAllocationGcWatermark: 10806891 java_gc_start_bytes: 19133054 kNewNativeDiscountFactor: 2 kOldNativeDiscountFactor: 65536 old_native_bytes: 121039157 new_native_bytes: 16556016 add_bytes_allowed: 32420673 is_gc_concurrent: 1 target_footprint_: 19346270 GetBytesAllocated: 14831328 HeapGrowthMultiplier: 3
12-21 09:50:42.273  3159  3286 I com.miui.home: CheckGCForNative gc_urgency 0.653904 current_native_bytes is 137595173
12-21 09:50:42.519  7246  7246 I wm_on_top_resumed_lost_called: [247798793,com.tencent.mm.plugin.account.ui.WelcomeActivity,topStateChangedWhenResumed]
12-21 09:50:42.530  3159  3159 I wm_on_resume_called: [0,36021963,com.miui.home.launcher.Launcher,RESUME_ACTIVITY,4]
12-21 09:50:42.531  3159  3159 I wm_on_idle_called: com.miui.home.launcher.Launcher
12-21 09:50:42.546  3159  3159 I wm_on_top_resumed_gained_called: [36021963,com.miui.home.launcher.Launcher,topStateChangedWhenResumed]
12-21 09:50:42.552  7246  7246 I wm_on_paused_called: [0,247798793,com.tencent.mm.plugin.account.ui.WelcomeActivity,performPause,6]
12-21 09:50:42.592  7246  7246 I wm_on_stop_called: [0,247798793,com.tencent.mm.plugin.account.ui.WelcomeActivity,STOP_ACTIVITY_ITEM,6]
12-21 09:50:42.599  7246  7246 I wm_on_idle_called: com.tencent.mm.plugin.account.ui.WelcomeActivity
12-21 09:50:42.599  7246  7246 I wm_on_idle_called: com.tencent.mm.ui.LauncherUI
12-21 09:50:42.678  3159  3665 I com.miui.home: CheckGCForNative adj_start_bytes: 35343390 NativeAllocationGcWatermark: 10806891 java_gc_start_bytes: 19133054 kNewNativeDiscountFactor: 2 kOldNativeDiscountFactor: 65536 old_native_bytes: 121039157 new_native_bytes: 16604228 add_bytes_allowed: 32420673 is_gc_concurrent: 1 target_footprint_: 19346270 GetBytesAllocated: 16045056 HeapGrowthMultiplier: 3
12-21 09:50:42.678  3159  3665 I com.miui.home: CheckGCForNative gc_urgency 0.688927 current_native_bytes is 137643385
12-21 09:50:42.726  3159  3159 I wm_on_top_resumed_lost_called: [36021963,com.miui.home.launcher.Launcher,topStateChangedWhenResumed]
12-21 09:50:42.728  3159  3665 I com.miui.home: CheckGCForNative adj_start_bytes: 35343390 NativeAllocationGcWatermark: 10806891 java_gc_start_bytes: 19133054 kNewNativeDiscountFactor: 2 kOldNativeDiscountFactor: 65536 old_native_bytes: 121039157 new_native_bytes: 27556640 add_bytes_allowed: 32420673 is_gc_concurrent: 1 target_footprint_: 19346270 GetBytesAllocated: 16290880 HeapGrowthMultiplier: 3
12-21 09:50:42.728  3159  3665 I com.miui.home: CheckGCForNative gc_urgency 0.850825 current_native_bytes is 148595797
12-21 09:50:42.728  3159  3159 I wm_on_paused_called: [0,36021963,com.miui.home.launcher.Launcher,performPause,1]
12-21 09:50:42.767  3159  3665 I com.miui.home: CheckGCForNative adj_start_bytes: 35343390 NativeAllocationGcWatermark: 10806891 java_gc_start_bytes: 19133054 kNewNativeDiscountFactor: 2 kOldNativeDiscountFactor: 65536 old_native_bytes: 121039157 new_native_bytes: 16799584 add_bytes_allowed: 32420673 is_gc_concurrent: 1 target_footprint_: 19346270 GetBytesAllocated: 16586528 HeapGrowthMultiplier: 3
12-21 09:50:42.767  3159  3665 I com.miui.home: CheckGCForNative gc_urgency 0.707011 current_native_bytes is 137838741
12-21 09:50:42.851  3159  3286 I com.miui.home: CheckGCForNative adj_start_bytes: 35343390 NativeAllocationGcWatermark: 10806891 java_gc_start_bytes: 19133054 kNewNativeDiscountFactor: 2 kOldNativeDiscountFactor: 65536 old_native_bytes: 121039157 new_native_bytes: 17119228 add_bytes_allowed: 32420673 is_gc_concurrent: 1 target_footprint_: 19346270 GetBytesAllocated: 17185184 HeapGrowthMultiplier: 3
12-21 09:50:42.851  3159  3286 I com.miui.home: CheckGCForNative gc_urgency 0.728935 current_native_bytes is 138158385
12-21 09:50:42.872  3159  3665 I com.miui.home: CheckGCForNative adj_start_bytes: 35343390 NativeAllocationGcWatermark: 10806891 java_gc_start_bytes: 19133054 kNewNativeDiscountFactor: 2 kOldNativeDiscountFactor: 65536 old_native_bytes: 121039157 new_native_bytes: 17359792 add_bytes_allowed: 32420673 is_gc_concurrent: 1 target_footprint_: 19346270 GetBytesAllocated: 17349024 HeapGrowthMultiplier: 3
12-21 09:50:42.873  3159  3665 I com.miui.home: CheckGCForNative gc_urgency 0.73651 current_native_bytes is 138398949
12-21 09:50:42.915  3159  3665 I com.miui.home: CheckGCForNative adj_start_bytes: 35343390 NativeAllocationGcWatermark: 10806891 java_gc_start_bytes: 19133054 kNewNativeDiscountFactor: 2 kOldNativeDiscountFactor: 65536 old_native_bytes: 121039157 new_native_bytes: 17508656 add_bytes_allowed: 32420673 is_gc_concurrent: 1 target_footprint_: 19346270 GetBytesAllocated: 17480096 HeapGrowthMultiplier: 3
12-21 09:50:42.915  3159  3665 I com.miui.home: CheckGCForNative gc_urgency 0.742325 current_native_bytes is 138547813
12-21 09:50:42.969  3159  3665 I com.miui.home: CheckGCForNative adj_start_bytes: 35343390 NativeAllocationGcWatermark: 10806891 java_gc_start_bytes: 19133054 kNewNativeDiscountFactor: 2 kOldNativeDiscountFactor: 65536 old_native_bytes: 121039157 new_native_bytes: 17630884 add_bytes_allowed: 32420673 is_gc_concurrent: 1 target_footprint_: 19346270 GetBytesAllocated: 17824704 HeapGrowthMultiplier: 3
12-21 09:50:42.969  3159  3665 I com.miui.home: CheckGCForNative gc_urgency 0.753804 current_native_bytes is 138670041
12-21 09:50:43.422 12181 12181 I wm_on_application_create_called: [0,com.sina.weibo,236]
12-21 09:50:43.515 12181 12181 I wm_on_create_called: [0,125799260,com.sina.weibo.SplashActivity,performCreate,83]
12-21 09:50:43.520 12181 12181 I wm_on_start_called: [0,125799260,com.sina.weibo.SplashActivity,handleStartActivity,4]
12-21 09:50:43.527 12181 12181 I wm_on_resume_called: [0,125799260,com.sina.weibo.SplashActivity,RESUME_ACTIVITY,6]
12-21 09:50:43.553 12181 12181 I wm_on_top_resumed_gained_called: [125799260,com.sina.weibo.SplashActivity,topStateChangedWhenResumed]
12-21 09:50:43.958 12181 12181 I wm_on_top_resumed_lost_called: [125799260,com.sina.weibo.SplashActivity,topStateChangedWhenResumed]
12-21 09:50:43.972 12181 12181 I wm_on_paused_called: [0,125799260,com.sina.weibo.SplashActivity,performPause,1]
12-21 09:50:44.129  3159  3665 I com.miui.home: CheckGCForNative adj_start_bytes: 35343390 NativeAllocationGcWatermark: 10806891 java_gc_start_bytes: 19133054 kNewNativeDiscountFactor: 2 kOldNativeDiscountFactor: 65536 old_native_bytes: 121039157 new_native_bytes: 17890812 add_bytes_allowed: 32420673 is_gc_concurrent: 1 target_footprint_: 19346270 GetBytesAllocated: 18300688 HeapGrowthMultiplier: 3
12-21 09:50:44.129  3159  3665 I com.miui.home: CheckGCForNative gc_urgency 0.770949 current_native_bytes is 138929969
12-21 09:50:44.148 12181 12181 I wm_on_create_called: [0,156308233,com.sina.weibo.VisitorMainTabActivity,performCreate,130]
12-21 09:50:44.150 12181 12181 I wm_on_start_called: [0,156308233,com.sina.weibo.VisitorMainTabActivity,handleStartActivity,1]
12-21 09:50:44.170  3159  3665 I com.miui.home: CheckGCForNative adj_start_bytes: 35343390 NativeAllocationGcWatermark: 10806891 java_gc_start_bytes: 19133054 kNewNativeDiscountFactor: 2 kOldNativeDiscountFactor: 65536 old_native_bytes: 121039157 new_native_bytes: 18169584 add_bytes_allowed: 32420673 is_gc_concurrent: 1 target_footprint_: 19346270 GetBytesAllocated: 18694448 HeapGrowthMultiplier: 3
12-21 09:50:44.170  3159  3665 I com.miui.home: CheckGCForNative gc_urgency 0.786033 current_native_bytes is 139208741
12-21 09:50:44.282  3159  3198 I com.miui.home: CheckGCForNative adj_start_bytes: 35343390 NativeAllocationGcWatermark: 10806891 java_gc_start_bytes: 19133054 kNewNativeDiscountFactor: 2 kOldNativeDiscountFactor: 65536 old_native_bytes: 121039157 new_native_bytes: 29212320 add_bytes_allowed: 32420673 is_gc_concurrent: 1 target_footprint_: 19346270 GetBytesAllocated: 19514080 HeapGrowthMultiplier: 3
12-21 09:50:44.282  3159  3198 I com.miui.home: CheckGCForNative gc_urgency 0.965445 current_native_bytes is 150251477
12-21 09:50:44.283  3159  3159 I com.miui.home: CheckGCForNative adj_start_bytes: 35343390 NativeAllocationGcWatermark: 10806891 java_gc_start_bytes: 19133054 kNewNativeDiscountFactor: 2 kOldNativeDiscountFactor: 65536 old_native_bytes: 121039157 new_native_bytes: 39918496 add_bytes_allowed: 32420673 is_gc_concurrent: 1 target_footprint_: 19346270 GetBytesAllocated: 19530656 HeapGrowthMultiplier: 3
12-21 09:50:44.283  3159  3159 I com.miui.home: CheckGCForNative gc_urgency 1.11737 current_native_bytes is 160957653
12-21 09:50:44.283  3159  3159 I com.miui.home: CheckGCForNative requested 1
12-21 09:50:44.286  3159  3700 I com.miui.home: CheckGCForNative adj_start_bytes: 35343390 NativeAllocationGcWatermark: 10806891 java_gc_start_bytes: 19133054 kNewNativeDiscountFactor: 2 kOldNativeDiscountFactor: 65536 old_native_bytes: 121039157 new_native_bytes: 39919136 add_bytes_allowed: 32420673 is_gc_concurrent: 1 target_footprint_: 19346270 GetBytesAllocated: 18735008 HeapGrowthMultiplier: 3
12-21 09:50:44.287  3159  3700 I com.miui.home: CheckGCForNative gc_urgency 1.09487 current_native_bytes is 160958293
12-21 09:50:44.287  3159  3700 I com.miui.home: CheckGCForNative requested 1
12-21 09:50:44.445 12181 12181 I wm_on_create_called: [0,0,com.sina.weibo.feed.visitor.VisitorHomeActivity,performCreate,271]
12-21 09:50:44.452 12181 12181 I wm_on_start_called: [0,0,com.sina.weibo.feed.visitor.VisitorHomeActivity,handleStartActivity,2]
12-21 09:50:44.474  3159  3286 I com.miui.home: CheckGCForNative gc_urgency 0 current_native_bytes is 142438933
12-21 09:50:44.477 12303 12303 I wm_on_application_create_called: [0,com.sina.weibo,706]
12-21 09:50:44.483 12181 12181 I wm_on_resume_called: [0,0,com.sina.weibo.feed.visitor.VisitorHomeActivity,moveToState-INITIALIZING,31]
12-21 09:50:44.506 12181 12181 I wm_on_resume_called: [0,156308233,com.sina.weibo.VisitorMainTabActivity,LIFECYCLER_RESUME_ACTIVITY,356]
12-21 09:50:44.560 12181 12181 I wm_on_paused_called: [0,0,com.sina.weibo.feed.visitor.VisitorHomeActivity,performPause,3]
12-21 09:50:44.561 12181 12181 I wm_on_paused_called: [0,156308233,com.sina.weibo.VisitorMainTabActivity,performPause,5]
12-21 09:50:44.651  3159  3286 I com.miui.home: CheckGCForNative adj_start_bytes: 35244750 NativeAllocationGcWatermark: 10806891 java_gc_start_bytes: 19034414 kNewNativeDiscountFactor: 2 kOldNativeDiscountFactor: 65536 old_native_bytes: 142438933 new_native_bytes: 15936 add_bytes_allowed: 32420673 is_gc_concurrent: 1 target_footprint_: 19346270 GetBytesAllocated: 10474208 HeapGrowthMultiplier: 3
12-21 09:50:44.651  3159  3286 I com.miui.home: CheckGCForNative gc_urgency 0.297473 current_native_bytes is 142454869
12-21 09:50:44.860  3159  3159 I wm_on_resume_called: [0,36021963,com.miui.home.launcher.Launcher,RESUME_ACTIVITY,25]
12-21 09:50:44.942  3159  3159 I wm_on_idle_called: com.miui.home.launcher.Launcher
12-21 09:50:45.053  3159  3665 I com.miui.home: CheckGCForNative adj_start_bytes: 35244750 NativeAllocationGcWatermark: 10806891 java_gc_start_bytes: 19034414 kNewNativeDiscountFactor: 2 kOldNativeDiscountFactor: 65536 old_native_bytes: 142438933 new_native_bytes: 349352 add_bytes_allowed: 32420673 is_gc_concurrent: 1 target_footprint_: 19346270 GetBytesAllocated: 11679936 HeapGrowthMultiplier: 3
12-21 09:50:45.053  3159  3665 I com.miui.home: CheckGCForNative gc_urgency 0.336413 current_native_bytes is 142788285
12-21 09:50:45.065  3159  3665 I com.miui.home: CheckGCForNative adj_start_bytes: 35244750 NativeAllocationGcWatermark: 10806891 java_gc_start_bytes: 19034414 kNewNativeDiscountFactor: 2 kOldNativeDiscountFactor: 65536 old_native_bytes: 142438933 new_native_bytes: 1753992 add_bytes_allowed: 32420673 is_gc_concurrent: 1 target_footprint_: 19346270 GetBytesAllocated: 11745536 HeapGrowthMultiplier: 3
12-21 09:50:45.065  3159  3665 I com.miui.home: CheckGCForNative gc_urgency 0.358201 current_native_bytes is 144192925
12-21 09:50:45.086 12391 12391 I wm_on_create_called: [0,163404781,com.android.packageinstaller.permission.ui.GrantPermissionsActivity,performCreate,447]
12-21 09:50:45.088 12391 12391 I wm_on_start_called: [0,163404781,com.android.packageinstaller.permission.ui.GrantPermissionsActivity,handleStartActivity,1]
12-21 09:50:45.092 12391 12391 I wm_on_resume_called: [0,163404781,com.android.packageinstaller.permission.ui.GrantPermissionsActivity,RESUME_ACTIVITY,2]
12-21 09:50:45.104 12391 12391 I wm_on_top_resumed_gained_called: [163404781,com.android.packageinstaller.permission.ui.GrantPermissionsActivity,topStateChangedWhenResumed]
12-21 09:50:45.107 12391 12391 I wm_on_top_resumed_lost_called: [163404781,com.android.packageinstaller.permission.ui.GrantPermissionsActivity,topStateChangedWhenResumed]
12-21 09:50:45.107  3159  3159 I wm_on_top_resumed_gained_called: [36021963,com.miui.home.launcher.Launcher,topStateChangedWhenResumed]
12-21 09:50:45.108  3159  3665 I com.miui.home: CheckGCForNative adj_start_bytes: 35244750 NativeAllocationGcWatermark: 10806891 java_gc_start_bytes: 19034414 kNewNativeDiscountFactor: 2 kOldNativeDiscountFactor: 65536 old_native_bytes: 142438933 new_native_bytes: 3239380 add_bytes_allowed: 32420673 is_gc_concurrent: 1 target_footprint_: 19346270 GetBytesAllocated: 11958784 HeapGrowthMultiplier: 3
12-21 09:50:45.108  3159  3665 I com.miui.home: CheckGCForNative gc_urgency 0.385324 current_native_bytes is 145678313
12-21 09:50:45.108 12391 12391 I wm_on_paused_called: [0,163404781,com.android.packageinstaller.permission.ui.GrantPermissionsActivity,performPause,0]
12-21 09:50:45.115 12391 12391 I wm_on_stop_called: [0,163404781,com.android.packageinstaller.permission.ui.GrantPermissionsActivity,STOP_ACTIVITY_ITEM,5]
12-21 09:50:45.128  3159  3665 I com.miui.home: CheckGCForNative adj_start_bytes: 35244750 NativeAllocationGcWatermark: 10806891 java_gc_start_bytes: 19034414 kNewNativeDiscountFactor: 2 kOldNativeDiscountFactor: 65536 old_native_bytes: 142438933 new_native_bytes: 14915396 add_bytes_allowed: 32420673 is_gc_concurrent: 1 target_footprint_: 19346270 GetBytesAllocated: 12040832 HeapGrowthMultiplier: 3
12-21 09:50:45.129  3159  3665 I com.miui.home: CheckGCForNative gc_urgency 0.553294 current_native_bytes is 157354329
12-21 09:50:45.178  3159  3665 I com.miui.home: CheckGCForNative adj_start_bytes: 35244750 NativeAllocationGcWatermark: 10806891 java_gc_start_bytes: 19034414 kNewNativeDiscountFactor: 2 kOldNativeDiscountFactor: 65536 old_native_bytes: 142438933 new_native_bytes: 4711256 add_bytes_allowed: 32420673 is_gc_concurrent: 1 target_footprint_: 19346270 GetBytesAllocated: 12385648 HeapGrowthMultiplier: 3
12-21 09:50:45.178  3159  3665 I com.miui.home: CheckGCForNative gc_urgency 0.418316 current_native_bytes is 147150189
12-21 09:50:45.298 12391 12391 I wm_on_destroy_called: [0,163404781,com.android.packageinstaller.permission.ui.GrantPermissionsActivity,performDestroy,0]
12-21 09:50:45.369 12181 12181 I wm_on_stop_called: [0,0,com.sina.weibo.feed.visitor.VisitorHomeActivity,moveToState-STARTED,10]
12-21 09:50:45.369 12181 12181 I wm_on_stop_called: [0,156308233,com.sina.weibo.VisitorMainTabActivity,STOP_ACTIVITY_ITEM,12]
12-21 09:50:45.390 12181 12181 I wm_on_stop_called: [0,125799260,com.sina.weibo.SplashActivity,LIFECYCLER_STOP_ACTIVITY,16]
12-21 09:50:45.391 12181 12181 I wm_on_destroy_called: [0,125799260,com.sina.weibo.SplashActivity,performDestroy,0]
12-21 09:50:45.520  3159  3159 I wm_on_top_resumed_lost_called: [36021963,com.miui.home.launcher.Launcher,topStateChangedWhenResumed]
12-21 09:50:45.526  3159  3159 I wm_on_paused_called: [0,36021963,com.miui.home.launcher.Launcher,performPause,1]
12-21 09:50:45.621  3159  3665 I com.miui.home: CheckGCForNative adj_start_bytes: 35244750 NativeAllocationGcWatermark: 10806891 java_gc_start_bytes: 19034414 kNewNativeDiscountFactor: 2 kOldNativeDiscountFactor: 65536 old_native_bytes: 142438933 new_native_bytes: 4809300 add_bytes_allowed: 32420673 is_gc_concurrent: 1 target_footprint_: 19346270 GetBytesAllocated: 13156400 HeapGrowthMultiplier: 3
12-21 09:50:45.621  3159  3665 I com.miui.home: CheckGCForNative gc_urgency 0.441576 current_native_bytes is 147248233
12-21 09:50:45.745  3159  3665 I com.miui.home: CheckGCForNative adj_start_bytes: 35244750 NativeAllocationGcWatermark: 10806891 java_gc_start_bytes: 19034414 kNewNativeDiscountFactor: 2 kOldNativeDiscountFactor: 65536 old_native_bytes: 142438933 new_native_bytes: 5101584 add_bytes_allowed: 32420673 is_gc_concurrent: 1 target_footprint_: 19346270 GetBytesAllocated: 13755088 HeapGrowthMultiplier: 3
12-21 09:50:45.745  3159  3665 I com.miui.home: CheckGCForNative gc_urgency 0.462709 current_native_bytes is 147540517
12-21 09:50:46.273 12537 12537 I wm_on_create_called: [0,109629806,com.UCMobile.main.UCMobile,performCreate,150]
12-21 09:50:46.369 12537 12537 I wm_on_create_called: [0,41437580,com.uc.browser.InnerUCMobile,performCreate,30]
12-21 09:50:46.373 12537 12537 I wm_on_start_called: [0,41437580,com.uc.browser.InnerUCMobile,handleStartActivity,3]
12-21 09:50:46.385 12537 12537 I wm_on_resume_called: [0,41437580,com.uc.browser.InnerUCMobile,RESUME_ACTIVITY,11]
12-21 09:50:46.461  3159  3665 I com.miui.home: CheckGCForNative adj_start_bytes: 35244750 NativeAllocationGcWatermark: 10806891 java_gc_start_bytes: 19034414 kNewNativeDiscountFactor: 2 kOldNativeDiscountFactor: 65536 old_native_bytes: 142438933 new_native_bytes: 5091076 add_bytes_allowed: 32420673 is_gc_concurrent: 1 target_footprint_: 19346270 GetBytesAllocated: 14198320 HeapGrowthMultiplier: 3
12-21 09:50:46.462  3159  3665 I com.miui.home: CheckGCForNative gc_urgency 0.475135 current_native_bytes is 147530009
12-21 09:50:46.489 12537 12537 I wm_on_top_resumed_gained_called: [41437580,com.uc.browser.InnerUCMobile,topStateChangedWhenResumed]
12-21 09:50:46.501  3159  3665 I com.miui.home: CheckGCForNative adj_start_bytes: 35244750 NativeAllocationGcWatermark: 10806891 java_gc_start_bytes: 19034414 kNewNativeDiscountFactor: 2 kOldNativeDiscountFactor: 65536 old_native_bytes: 142438933 new_native_bytes: 5437144 add_bytes_allowed: 32420673 is_gc_concurrent: 1 target_footprint_: 19346270 GetBytesAllocated: 14592112 HeapGrowthMultiplier: 3
12-21 09:50:46.501  3159  3665 I com.miui.home: CheckGCForNative gc_urgency 0.491218 current_native_bytes is 147876077
12-21 09:50:47.094  3159  3159 I wm_on_stop_called: [0,36021963,com.miui.home.launcher.Launcher,STOP_ACTIVITY_ITEM,2]
12-21 09:50:47.239  3159  3159 I wm_on_restart_called: [0,36021963,com.miui.home.launcher.Launcher,performRestartActivity,0]
12-21 09:50:47.239  3159  3159 I wm_on_start_called: [0,36021963,com.miui.home.launcher.Launcher,handleStartActivity,0]
12-21 09:50:47.306 12537 12537 I wm_on_destroy_called: [0,109629806,com.UCMobile.main.UCMobile,performDestroy,1]
12-21 09:50:47.325  3159  3198 I com.miui.home: CheckGCForNative adj_start_bytes: 35244750 NativeAllocationGcWatermark: 10806891 java_gc_start_bytes: 19034414 kNewNativeDiscountFactor: 2 kOldNativeDiscountFactor: 65536 old_native_bytes: 142438933 new_native_bytes: 16603300 add_bytes_allowed: 32420673 is_gc_concurrent: 1 target_footprint_: 19346270 GetBytesAllocated: 15649616 HeapGrowthMultiplier: 3
12-21 09:50:47.325  3159  3198 I com.miui.home: CheckGCForNative gc_urgency 0.679631 current_native_bytes is 159042233
12-21 09:50:47.325  3159  3198 I com.miui.home: CheckGCForNative adj_start_bytes: 35244750 NativeAllocationGcWatermark: 10806891 java_gc_start_bytes: 19034414 kNewNativeDiscountFactor: 2 kOldNativeDiscountFactor: 65536 old_native_bytes: 142438933 new_native_bytes: 27309860 add_bytes_allowed: 32420673 is_gc_concurrent: 1 target_footprint_: 19346270 GetBytesAllocated: 15666192 HeapGrowthMultiplier: 3
