12-19 21:12:54.662 11394 11394 I wm_on_top_resumed_gained_called: [256726052,com.tencent.mm.plugin.account.ui.WelcomeActivity,topStateChangedWhenResumed]
12-19 21:12:54.704  3323  3768 I com.miui.home: CheckGCForNative adj_start_bytes: 43822166 NativeAllocationGcWatermark: 11732138 java_gc_start_bytes: 26223959 kNewNativeDiscountFactor: 2 kOldNativeDiscountFactor: 65536 old_native_bytes: 77537999 new_native_bytes: 70624 add_bytes_allowed: 35196414 is_gc_concurrent: 1 target_footprint_: 26748247 GetBytesAllocated: 14521095 HeapGrowthMultiplier: 3
12-19 21:12:54.704  3323  3768 I com.miui.home: CheckGCForNative gc_urgency 0.332197 current_native_bytes is 77608623
12-19 21:12:54.738  3323  3768 I com.miui.home: CheckGCForNative adj_start_bytes: 43822166 NativeAllocationGcWatermark: 11732138 java_gc_start_bytes: 26223959 kNewNativeDiscountFactor: 2 kOldNativeDiscountFactor: 65536 old_native_bytes: 77537999 new_native_bytes: 74400 add_bytes_allowed: 35196414 is_gc_concurrent: 1 target_footprint_: 26748247 GetBytesAllocated: 14547388 HeapGrowthMultiplier: 3
12-19 21:12:54.738  3323  3768 I com.miui.home: CheckGCForNative gc_urgency 0.33284 current_native_bytes is 77612399
12-19 21:12:54.864 11394 11394 I wm_on_top_resumed_lost_called: [256726052,com.tencent.mm.plugin.account.ui.WelcomeActivity,topStateChangedWhenResumed]
12-19 21:12:55.024 11394 11394 I wm_on_stop_called: [0,185300109,com.tencent.mm.app.WeChatSplashActivity,LIFECYCLER_STOP_ACTIVITY,4]
12-19 21:12:55.031 11394 11394 I wm_on_destroy_called: [0,185300109,com.tencent.mm.app.WeChatSplashActivity,performDestroy,5]
12-19 21:12:55.078 11394 11394 I wm_on_stop_called: [0,123529667,com.tencent.mm.ui.LauncherUI,STOP_ACTIVITY_ITEM,20]
12-19 21:12:55.108 11394 11394 I wm_on_paused_called: [0,256726052,com.tencent.mm.plugin.account.ui.WelcomeActivity,performPause,22]
12-19 21:12:55.137 11394 11394 I wm_on_stop_called: [0,256726052,com.tencent.mm.plugin.account.ui.WelcomeActivity,STOP_ACTIVITY_ITEM,24]
12-19 21:12:55.203 12567 12567 I wm_on_idle_called: com.taobao.tao.welcome.Welcome
12-19 21:12:55.230 11394 11394 I wm_on_idle_called: com.tencent.mm.ui.LauncherUI
12-19 21:12:55.230 11394 11394 I wm_on_idle_called: com.tencent.mm.plugin.account.ui.WelcomeActivity
12-19 21:12:55.622  3323  3323 I wm_on_top_resumed_lost_called: [100086660,com.miui.home.launcher.Launcher,topStateChangedWhenResumed]
12-19 21:12:55.627  3323  3323 I wm_on_paused_called: [0,100086660,com.miui.home.launcher.Launcher,performPause,3]
12-19 21:12:56.004  3323  3768 I com.miui.home: CheckGCForNative gc_urgency 0 current_native_bytes is 77469907
12-19 21:12:56.360  3323  3768 I com.miui.home: CheckGCForNative adj_start_bytes: 43822166 NativeAllocationGcWatermark: 11732138 java_gc_start_bytes: 26223959 kNewNativeDiscountFactor: 2 kOldNativeDiscountFactor: 65536 old_native_bytes: 77469907 new_native_bytes: 832 add_bytes_allowed: 35196414 is_gc_concurrent: 1 target_footprint_: 26748247 GetBytesAllocated: 15394605 HeapGrowthMultiplier: 3
12-19 21:12:56.360  3323  3768 I com.miui.home: CheckGCForNative gc_urgency 0.351334 current_native_bytes is 77470739
12-19 21:12:56.421 13680 13680 I wm_on_application_create_called: [0,com.sina.weibo,247]
12-19 21:12:56.560 13680 13680 I wm_on_create_called: [0,150136420,com.sina.weibo.SplashActivity,performCreate,93]
12-19 21:12:56.702 13680 13680 I wm_on_start_called: [0,150136420,com.sina.weibo.SplashActivity,handleStartActivity,142]
12-19 21:12:56.719 13680 13680 I wm_on_resume_called: [0,150136420,com.sina.weibo.SplashActivity,RESUME_ACTIVITY,10]
12-19 21:12:56.767 13680 13680 I wm_on_top_resumed_gained_called: [150136420,com.sina.weibo.SplashActivity,topStateChangedWhenResumed]
12-19 21:12:56.956 13813 13813 I wm_on_application_create_called: [0,com.sina.weibo,221]
12-19 21:12:57.058 13680 13680 I wm_on_top_resumed_lost_called: [150136420,com.sina.weibo.SplashActivity,topStateChangedWhenResumed]
12-19 21:12:57.060 13680 13680 I wm_on_paused_called: [0,150136420,com.sina.weibo.SplashActivity,performPause,0]
12-19 21:12:57.207 13680 13680 I wm_on_create_called: [0,207245933,com.sina.weibo.VisitorMainTabActivity,performCreate,123]
12-19 21:12:57.208 13680 13680 I wm_on_start_called: [0,207245933,com.sina.weibo.VisitorMainTabActivity,handleStartActivity,1]
12-19 21:12:57.320  3323  3766 I com.miui.home: CheckGCForNative gc_urgency 0 current_native_bytes is 77192463
12-19 21:12:57.330 13680 13680 I wm_on_create_called: [0,0,com.sina.weibo.feed.visitor.VisitorHomeActivity,performCreate,74]
12-19 21:12:57.333 13680 13680 I wm_on_start_called: [0,0,com.sina.weibo.feed.visitor.VisitorHomeActivity,handleStartActivity,2]
12-19 21:12:57.426  3323  3323 I wm_on_resume_called: [0,100086660,com.miui.home.launcher.Launcher,RESUME_ACTIVITY,20]
12-19 21:12:57.444  3323  3323 I wm_on_idle_called: com.miui.home.launcher.Launcher
12-19 21:12:57.556 13680 13680 I wm_on_resume_called: [0,0,com.sina.weibo.feed.visitor.VisitorHomeActivity,moveToState-INITIALIZING,222]
12-19 21:12:57.624 13680 13680 I wm_on_resume_called: [0,207245933,com.sina.weibo.VisitorMainTabActivity,RESUME_ACTIVITY,414]
12-19 21:12:57.640 13680 13680 I wm_on_top_resumed_gained_called: [207245933,com.sina.weibo.VisitorMainTabActivity,topStateChangedWhenResumed]
12-19 21:12:57.704  3323  3768 I com.miui.home: CheckGCForNative adj_start_bytes: 43822166 NativeAllocationGcWatermark: 11732138 java_gc_start_bytes: 26223959 kNewNativeDiscountFactor: 2 kOldNativeDiscountFactor: 65536 old_native_bytes: 77192463 new_native_bytes: 347608 add_bytes_allowed: 35196414 is_gc_concurrent: 1 target_footprint_: 26748247 GetBytesAllocated: 17129638 HeapGrowthMultiplier: 3
12-19 21:12:57.704  3323  3768 I com.miui.home: CheckGCForNative gc_urgency 0.394883 current_native_bytes is 77540071
12-19 21:12:57.832  3323  3323 I wm_on_top_resumed_gained_called: [100086660,com.miui.home.launcher.Launcher,topStateChangedWhenResumed]
12-19 21:12:57.876 13680 13680 I wm_on_top_resumed_lost_called: [207245933,com.sina.weibo.VisitorMainTabActivity,topStateChangedWhenResumed]
12-19 21:12:58.004  3323  3768 I com.miui.home: CheckGCForNative adj_start_bytes: 43822166 NativeAllocationGcWatermark: 11732138 java_gc_start_bytes: 26223959 kNewNativeDiscountFactor: 2 kOldNativeDiscountFactor: 65536 old_native_bytes: 77192463 new_native_bytes: 350904 add_bytes_allowed: 35196414 is_gc_concurrent: 1 target_footprint_: 26748247 GetBytesAllocated: 17254156 HeapGrowthMultiplier: 3
12-19 21:12:58.004  3323  3768 I com.miui.home: CheckGCForNative gc_urgency 0.397762 current_native_bytes is 77543367
12-19 21:12:58.441  3323  3700 I com.miui.home: CheckGCForNative adj_start_bytes: 43822166 NativeAllocationGcWatermark: 11732138 java_gc_start_bytes: 26223959 kNewNativeDiscountFactor: 2 kOldNativeDiscountFactor: 65536 old_native_bytes: 77192463 new_native_bytes: 497792 add_bytes_allowed: 35196414 is_gc_concurrent: 1 target_footprint_: 26748247 GetBytesAllocated: 17427923 HeapGrowthMultiplier: 3
12-19 21:12:58.441  3323  3700 I com.miui.home: CheckGCForNative gc_urgency 0.403403 current_native_bytes is 77690255
12-19 21:12:58.511  3323  3323 I wm_on_top_resumed_lost_called: [100086660,com.miui.home.launcher.Launcher,topStateChangedWhenResumed]
12-19 21:12:58.630  3323  3323 I wm_on_paused_called: [0,100086660,com.miui.home.launcher.Launcher,performPause,3]
12-19 21:12:59.015  3323  3768 I com.miui.home: CheckGCForNative adj_start_bytes: 43822166 NativeAllocationGcWatermark: 11732138 java_gc_start_bytes: 26223959 kNewNativeDiscountFactor: 2 kOldNativeDiscountFactor: 65536 old_native_bytes: 77192463 new_native_bytes: 690576 add_bytes_allowed: 35196414 is_gc_concurrent: 1 target_footprint_: 26748247 GetBytesAllocated: 17963430 HeapGrowthMultiplier: 3
12-19 21:12:59.016  3323  3768 I com.miui.home: CheckGCForNative gc_urgency 0.417823 current_native_bytes is 77883039
12-19 21:12:59.505 13680 13680 I wm_on_paused_called: [0,0,com.sina.weibo.feed.visitor.VisitorHomeActivity,performPause,56]
12-19 21:12:59.508 13680 13680 I wm_on_paused_called: [0,207245933,com.sina.weibo.VisitorMainTabActivity,performPause,82]
12-19 21:12:59.535 13680 13680 I wm_on_stop_called: [0,150136420,com.sina.weibo.SplashActivity,LIFECYCLER_STOP_ACTIVITY,10]
12-19 21:12:59.538 13680 13680 I wm_on_destroy_called: [0,150136420,com.sina.weibo.SplashActivity,performDestroy,1]
12-19 21:12:59.602 14036 14036 I wm_on_application_create_called: [0,com.UCMobile,267]
12-19 21:12:59.713 13680 13680 I wm_on_stop_called: [0,0,com.sina.weibo.feed.visitor.VisitorHomeActivity,moveToState-STARTED,34]
12-19 21:12:59.714 13680 13680 I wm_on_stop_called: [0,207245933,com.sina.weibo.VisitorMainTabActivity,STOP_ACTIVITY_ITEM,37]
12-19 21:13:00.126 13680 13680 I wm_on_idle_called: com.sina.weibo.VisitorMainTabActivity
12-19 21:13:00.185  3323  3323 I com.miui.home: CheckGCForNative adj_start_bytes: 43822166 NativeAllocationGcWatermark: 11732138 java_gc_start_bytes: 26223959 kNewNativeDiscountFactor: 2 kOldNativeDiscountFactor: 65536 old_native_bytes: 77192463 new_native_bytes: 445544 add_bytes_allowed: 35196414 is_gc_concurrent: 1 target_footprint_: 26748247 GetBytesAllocated: 18691726 HeapGrowthMultiplier: 3
12-19 21:13:00.185  3323  3323 I com.miui.home: CheckGCForNative gc_urgency 0.431646 current_native_bytes is 77638007
12-19 21:13:00.233  3323  3323 I wm_on_resume_called: [0,100086660,com.miui.home.launcher.Launcher,RESUME_ACTIVITY,18]
12-19 21:13:00.252  3323  3323 I wm_on_idle_called: com.miui.home.launcher.Launcher
12-19 21:13:00.342  3323  3753 I com.miui.home: CheckGCForNative adj_start_bytes: 43822166 NativeAllocationGcWatermark: 11732138 java_gc_start_bytes: 26223959 kNewNativeDiscountFactor: 2 kOldNativeDiscountFactor: 65536 old_native_bytes: 77192463 new_native_bytes: 582172 add_bytes_allowed: 35196414 is_gc_concurrent: 1 target_footprint_: 26748247 GetBytesAllocated: 19371810 HeapGrowthMultiplier: 3
12-19 21:13:00.345  3323  3753 I com.miui.home: CheckGCForNative gc_urgency 0.448724 current_native_bytes is 77774635
12-19 21:13:00.541 14036 14036 I wm_on_create_called: [0,89593684,com.UCMobile.main.UCMobile,performCreate,920]
12-19 21:13:00.674  3323  3323 I wm_on_top_resumed_gained_called: [100086660,com.miui.home.launcher.Launcher,topStateChangedWhenResumed]
12-19 21:13:00.716  3323  3768 I com.miui.home: CheckGCForNative adj_start_bytes: 43822166 NativeAllocationGcWatermark: 11732138 java_gc_start_bytes: 26223959 kNewNativeDiscountFactor: 2 kOldNativeDiscountFactor: 65536 old_native_bytes: 77192463 new_native_bytes: 833388 add_bytes_allowed: 35196414 is_gc_concurrent: 1 target_footprint_: 26748247 GetBytesAllocated: 19858390 HeapGrowthMultiplier: 3
12-19 21:13:00.716  3323  3768 I com.miui.home: CheckGCForNative gc_urgency 0.462694 current_native_bytes is 78025851
12-19 21:13:01.851 14036 14036 I wm_on_destroy_called: [0,89593684,com.UCMobile.main.UCMobile,performDestroy,2]
12-19 21:13:01.966  3323  3323 I com.miui.home: CheckGCForNative adj_start_bytes: 43822166 NativeAllocationGcWatermark: 11732138 java_gc_start_bytes: 26223959 kNewNativeDiscountFactor: 2 kOldNativeDiscountFactor: 65536 old_native_bytes: 77192463 new_native_bytes: 1013484 add_bytes_allowed: 35196414 is_gc_concurrent: 1 target_footprint_: 26748247 GetBytesAllocated: 20431840 HeapGrowthMultiplier: 3
12-19 21:13:01.966  3323  3323 I com.miui.home: CheckGCForNative gc_urgency 0.477835 current_native_bytes is 78205947
12-19 21:13:05.217  3323  3323 I com.miui.home: CheckGCForNative adj_start_bytes: 43822166 NativeAllocationGcWatermark: 11732138 java_gc_start_bytes: 26223959 kNewNativeDiscountFactor: 2 kOldNativeDiscountFactor: 65536 old_native_bytes: 77192463 new_native_bytes: 1432932 add_bytes_allowed: 35196414 is_gc_concurrent: 1 target_footprint_: 26748247 GetBytesAllocated: 21401001 HeapGrowthMultiplier: 3
12-19 21:13:05.217  3323  3323 I com.miui.home: CheckGCForNative gc_urgency 0.504736 current_native_bytes is 78625395
12-19 21:13:05.294  3323  3323 I wm_on_top_resumed_lost_called: [100086660,com.miui.home.launcher.Launcher,topStateChangedWhenResumed]
12-19 21:13:05.301  3323  3323 I wm_on_paused_called: [0,100086660,com.miui.home.launcher.Launcher,performPause,3]
12-19 21:13:05.948  8484  8484 I wm_on_destroy_called: [0,71865667,fm.qingting.qtradio.WelcomeActivity,performDestroy,22]
12-19 21:13:06.104  3323  3768 I com.miui.home: CheckGCForNative adj_start_bytes: 43822166 NativeAllocationGcWatermark: 11732138 java_gc_start_bytes: 26223959 kNewNativeDiscountFactor: 2 kOldNativeDiscountFactor: 65536 old_native_bytes: 77192463 new_native_bytes: 1593220 add_bytes_allowed: 35196414 is_gc_concurrent: 1 target_footprint_: 26748247 GetBytesAllocated: 21923430 HeapGrowthMultiplier: 3
12-19 21:13:06.105  3323  3768 I com.miui.home: CheckGCForNative gc_urgency 0.518487 current_native_bytes is 78785683
12-19 21:13:06.406  3323  3323 I com.miui.home: CheckGCForNative adj_start_bytes: 43822166 NativeAllocationGcWatermark: 11732138 java_gc_start_bytes: 26223959 kNewNativeDiscountFactor: 2 kOldNativeDiscountFactor: 65536 old_native_bytes: 77192463 new_native_bytes: 1622148 add_bytes_allowed: 35196414 is_gc_concurrent: 1 target_footprint_: 26748247 GetBytesAllocated: 22022452 HeapGrowthMultiplier: 3
12-19 21:13:06.406  3323  3323 I com.miui.home: CheckGCForNative gc_urgency 0.521077 current_native_bytes is 78814611
12-19 21:13:06.638 14741 14741 I wm_on_application_create_called: [0,com.taobao.taobao,1588]
12-19 21:13:07.373  3323  3323 I wm_on_resume_called: [0,100086660,com.miui.home.launcher.Launcher,RESUME_ACTIVITY,17]
12-19 21:13:07.392  3323  3323 I wm_on_idle_called: com.miui.home.launcher.Launcher
12-19 21:13:07.407  3323  3746 I com.miui.home: CheckGCForNative adj_start_bytes: 43822166 NativeAllocationGcWatermark: 11732138 java_gc_start_bytes: 26223959 kNewNativeDiscountFactor: 2 kOldNativeDiscountFactor: 65536 old_native_bytes: 77192463 new_native_bytes: 1496560 add_bytes_allowed: 35196414 is_gc_concurrent: 1 target_footprint_: 26748247 GetBytesAllocated: 22846461 HeapGrowthMultiplier: 3
12-19 21:13:07.407  3323  3746 I com.miui.home: CheckGCForNative gc_urgency 0.538447 current_native_bytes is 78689023
12-19 21:13:08.210  3323  3768 I com.miui.home: CheckGCForNative adj_start_bytes: 43822166 NativeAllocationGcWatermark: 11732138 java_gc_start_bytes: 26223959 kNewNativeDiscountFactor: 2 kOldNativeDiscountFactor: 65536 old_native_bytes: 77192463 new_native_bytes: 1561340 add_bytes_allowed: 35196414 is_gc_concurrent: 1 target_footprint_: 26748247 GetBytesAllocated: 23150962 HeapGrowthMultiplier: 3
12-19 21:13:08.210  3323  3768 I com.miui.home: CheckGCForNative gc_urgency 0.546135 current_native_bytes is 78753803
12-19 21:13:08.236 15064 15064 I wm_on_create_called: [0,135965441,com.youku.phone.ActivityWelcome,performCreate,578]
12-19 21:13:08.287  3323  3323 I wm_on_top_resumed_gained_called: [100086660,com.miui.home.launcher.Launcher,topStateChangedWhenResumed]
12-19 21:13:08.288  3323  3768 I com.miui.home: CheckGCForNative adj_start_bytes: 43822166 NativeAllocationGcWatermark: 11732138 java_gc_start_bytes: 26223959 kNewNativeDiscountFactor: 2 kOldNativeDiscountFactor: 65536 old_native_bytes: 77192463 new_native_bytes: 1567612 add_bytes_allowed: 35196414 is_gc_concurrent: 1 target_footprint_: 26748247 GetBytesAllocated: 23187434 HeapGrowthMultiplier: 3
12-19 21:13:08.288  3323  3768 I com.miui.home: CheckGCForNative gc_urgency 0.547039 current_native_bytes is 78760075
12-19 21:13:08.724  3323  3323 I wm_on_top_resumed_lost_called: [100086660,com.miui.home.launcher.Launcher,topStateChangedWhenResumed]
12-19 21:13:08.731  3323  3323 I wm_on_paused_called: [0,100086660,com.miui.home.launcher.Launcher,performPause,5]
12-19 21:13:09.077  3323  3768 I com.miui.home: CheckGCForNative adj_start_bytes: 43822166 NativeAllocationGcWatermark: 11732138 java_gc_start_bytes: 26223959 kNewNativeDiscountFactor: 2 kOldNativeDiscountFactor: 65536 old_native_bytes: 77192463 new_native_bytes: 1658892 add_bytes_allowed: 35196414 is_gc_concurrent: 1 target_footprint_: 26748247 GetBytesAllocated: 24393507 HeapGrowthMultiplier: 3
12-19 21:13:09.077  3323  3768 I com.miui.home: CheckGCForNative gc_urgency 0.575602 current_native_bytes is 78851355
12-19 21:13:09.399  3323  3768 I com.miui.home: CheckGCForNative adj_start_bytes: 43822166 NativeAllocationGcWatermark: 11732138 java_gc_start_bytes: 26223959 kNewNativeDiscountFactor: 2 kOldNativeDiscountFactor: 65536 old_native_bytes: 77192463 new_native_bytes: 1601324 add_bytes_allowed: 35196414 is_gc_concurrent: 1 target_footprint_: 26748247 GetBytesAllocated: 24631789 HeapGrowthMultiplier: 3
12-19 21:13:09.399  3323  3768 I com.miui.home: CheckGCForNative gc_urgency 0.580383 current_native_bytes is 78793787
12-19 21:13:10.077 15766 15766 I wm_on_create_called: [0,65384391,com.ucpro.MainActivity,performCreate,40]
12-19 21:13:10.381  3323  3323 I com.miui.home: CheckGCForNative adj_start_bytes: 43822166 NativeAllocationGcWatermark: 11732138 java_gc_start_bytes: 26223959 kNewNativeDiscountFactor: 2 kOldNativeDiscountFactor: 65536 old_native_bytes: 77192463 new_native_bytes: 1487780 add_bytes_allowed: 35196414 is_gc_concurrent: 1 target_footprint_: 26748247 GetBytesAllocated: 25259998 HeapGrowthMultiplier: 3
12-19 21:13:10.381  3323  3323 I com.miui.home: CheckGCForNative gc_urgency 0.593423 current_native_bytes is 78680243
12-19 21:13:10.466  3323  3323 I wm_on_resume_called: [0,100086660,com.miui.home.launcher.Launcher,RESUME_ACTIVITY,17]
12-19 21:13:10.491  3323  3323 I wm_on_idle_called: com.miui.home.launcher.Launcher
12-19 21:13:10.764 14993 14993 I wm_on_application_create_called: [0,com.android.settings,861]
12-19 21:13:10.841  3323  3323 I wm_on_top_resumed_gained_called: [100086660,com.miui.home.launcher.Launcher,topStateChangedWhenResumed]
12-19 21:13:10.921  3323  3768 I com.miui.home: CheckGCForNative adj_start_bytes: 43822166 NativeAllocationGcWatermark: 11732138 java_gc_start_bytes: 26223959 kNewNativeDiscountFactor: 2 kOldNativeDiscountFactor: 65536 old_native_bytes: 77192463 new_native_bytes: 1696684 add_bytes_allowed: 35196414 is_gc_concurrent: 1 target_footprint_: 26748247 GetBytesAllocated: 26483355 HeapGrowthMultiplier: 3
12-19 21:13:10.921  3323  3768 I com.miui.home: CheckGCForNative gc_urgency 0.623723 current_native_bytes is 78889147
12-19 21:13:11.067 15064 15064 I wm_on_destroy_called: [0,135965441,com.youku.phone.ActivityWelcome,performDestroy,11]