12-18 15:16:50.988  3333  3733 I com.miui.home: CheckGCForNative adj_start_bytes: 42731623 NativeAllocationGcWatermark: 11575953 java_gc_start_bytes: 25367694 kNewNativeDiscountFactor: 2 kOldNativeDiscountFactor: 65536 old_native_bytes: 129891267 new_native_bytes: 40631848 add_bytes_allowed: 34727859 is_gc_concurrent: 1 target_footprint_: 25498766 GetBytesAllocated: 17878280 HeapGrowthMultiplier: 3
12-18 15:16:50.988  3333  3733 I com.miui.home: CheckGCForNative gc_urgency 0.893862 current_native_bytes is 170523115
12-18 15:16:51.329  3333  4005 I com.miui.home: CheckGCForNative adj_start_bytes: 42731623 NativeAllocationGcWatermark: 11575953 java_gc_start_bytes: 25367694 kNewNativeDiscountFactor: 2 kOldNativeDiscountFactor: 65536 old_native_bytes: 129891267 new_native_bytes: 51312432 add_bytes_allowed: 34727859 is_gc_concurrent: 1 target_footprint_: 25498766 GetBytesAllocated: 18171609 HeapGrowthMultiplier: 3
12-18 15:16:51.329  3333  4005 I com.miui.home: CheckGCForNative gc_urgency 1.0257 current_native_bytes is 181203699
12-18 15:16:51.329  3333  4005 I com.miui.home: CheckGCForNative requested 1
12-18 15:16:51.367  3333  3380 I com.miui.home: NativeAlloc concurrent copying GC freed 105856(4726KB) AllocSpace objects, 6(240KB) LOS objects, 50% free, 12MB/25MB, paused 12.245ms,98us total 811.360ms
12-18 15:16:51.461  3333  3333 I wm_on_top_resumed_lost_called: [127772723,com.miui.home.launcher.Launcher,topStateChangedWhenResumed]
12-18 15:16:51.483  9996  9996 I wm_on_application_create_called: [0,com.milink.service,250]
12-18 15:16:51.642  9644  9644 I wm_on_paused_called: [0,257730524,com.xunmeng.pinduoduo.ui.activity.HomeActivity,performPause,30]
12-18 15:16:51.654  3333  3333 I wm_on_paused_called: [0,127772723,com.miui.home.launcher.Launcher,performPause,4]
12-18 15:16:51.743  9644  9644 I wm_on_destroy_called: [0,229472670,com.xunmeng.pinduoduo.ui.activity.MainFrameActivity,performDestroy,32]
12-18 15:16:52.054  3333  3387 I com.miui.home: CheckGCForNative gc_urgency 0 current_native_bytes is 133327591
12-18 15:16:52.145  9644  9644 I wm_on_stop_called: [0,257730524,com.xunmeng.pinduoduo.ui.activity.HomeActivity,STOP_ACTIVITY_ITEM,49]
12-18 15:16:52.277  3333  3733 I com.miui.home: CheckGCForNative adj_start_bytes: 43310494 NativeAllocationGcWatermark: 11678278 java_gc_start_bytes: 25793077 kNewNativeDiscountFactor: 2 kOldNativeDiscountFactor: 65536 old_native_bytes: 133327591 new_native_bytes: 665432 add_bytes_allowed: 35034834 is_gc_concurrent: 1 target_footprint_: 26317365 GetBytesAllocated: 14152265 HeapGrowthMultiplier: 3
12-18 15:16:52.277  3333  3733 I com.miui.home: CheckGCForNative gc_urgency 0.334492 current_native_bytes is 133993023
12-18 15:16:52.388  3333  3733 I com.miui.home: CheckGCForNative adj_start_bytes: 43310494 NativeAllocationGcWatermark: 11678278 java_gc_start_bytes: 25793077 kNewNativeDiscountFactor: 2 kOldNativeDiscountFactor: 65536 old_native_bytes: 133327591 new_native_bytes: 651864 add_bytes_allowed: 35034834 is_gc_concurrent: 1 target_footprint_: 26317365 GetBytesAllocated: 14213826 HeapGrowthMultiplier: 3
12-18 15:16:52.388  3333  3733 I com.miui.home: CheckGCForNative gc_urgency 0.335757 current_native_bytes is 133979455
12-18 15:16:52.557  3333  4005 I com.miui.home: CheckGCForNative adj_start_bytes: 43310494 NativeAllocationGcWatermark: 11678278 java_gc_start_bytes: 25793077 kNewNativeDiscountFactor: 2 kOldNativeDiscountFactor: 65536 old_native_bytes: 133327591 new_native_bytes: 11409232 add_bytes_allowed: 35034834 is_gc_concurrent: 1 target_footprint_: 26317365 GetBytesAllocated: 14403189 HeapGrowthMultiplier: 3
12-18 15:16:52.558  3333  4005 I com.miui.home: CheckGCForNative gc_urgency 0.464318 current_native_bytes is 144736823
12-18 15:16:52.789  9644  9644 I wm_on_idle_called: com.xunmeng.pinduoduo.ui.activity.HomeActivity
12-18 15:16:52.819  3333  3333 I wm_on_stop_called: [0,127772723,com.miui.home.launcher.Launcher,STOP_ACTIVITY_ITEM,15]
12-18 15:16:52.996  9099  9099 I wm_on_top_resumed_lost_called: [148611822,com.eg.android.AlipayGphone.AlipayLogin,topStateChangedWhenResumed]
12-18 15:16:53.311  3333  3333 I wm_on_restart_called: [0,127772723,com.miui.home.launcher.Launcher,,0]
12-18 15:16:53.313  3333  3333 I wm_on_start_called: [0,127772723,com.miui.home.launcher.Launcher,handleStartActivity,2]
12-18 15:16:53.328  3333  3716 I com.miui.home: CheckGCForNative adj_start_bytes: 43310494 NativeAllocationGcWatermark: 11678278 java_gc_start_bytes: 25793077 kNewNativeDiscountFactor: 2 kOldNativeDiscountFactor: 65536 old_native_bytes: 133327591 new_native_bytes: 1057952 add_bytes_allowed: 35034834 is_gc_concurrent: 1 target_footprint_: 26317365 GetBytesAllocated: 15872850 HeapGrowthMultiplier: 3
12-18 15:16:53.328  3333  3716 I com.miui.home: CheckGCForNative gc_urgency 0.37875 current_native_bytes is 134385543
12-18 15:16:53.335  3333  3333 I wm_on_resume_called: [0,127772723,com.miui.home.launcher.Launcher,RESUME_ACTIVITY,19]
12-18 15:16:53.453  3333  3333 I wm_on_idle_called: com.miui.home.launcher.Launcher
12-18 15:16:53.731  3333  4003 I com.miui.home: CheckGCForNative adj_start_bytes: 43310494 NativeAllocationGcWatermark: 11678278 java_gc_start_bytes: 25793077 kNewNativeDiscountFactor: 2 kOldNativeDiscountFactor: 65536 old_native_bytes: 133327591 new_native_bytes: 11973256 add_bytes_allowed: 35034834 is_gc_concurrent: 1 target_footprint_: 26317365 GetBytesAllocated: 16309390 HeapGrowthMultiplier: 3
12-18 15:16:53.731  3333  4003 I com.miui.home: CheckGCForNative gc_urgency 0.514842 current_native_bytes is 145300847
12-18 15:16:53.734  9099  9099 I wm_on_paused_called: [0,148611822,com.eg.android.AlipayGphone.AlipayLogin,performPause,551]
12-18 15:16:53.737  3333  4003 I com.miui.home: CheckGCForNative adj_start_bytes: 43310494 NativeAllocationGcWatermark: 11678278 java_gc_start_bytes: 25793077 kNewNativeDiscountFactor: 2 kOldNativeDiscountFactor: 65536 old_native_bytes: 133327591 new_native_bytes: 22680200 add_bytes_allowed: 35034834 is_gc_concurrent: 1 target_footprint_: 26317365 GetBytesAllocated: 16358734 HeapGrowthMultiplier: 3
12-18 15:16:53.737  3333  4003 I com.miui.home: CheckGCForNative gc_urgency 0.639588 current_native_bytes is 156007791
12-18 15:16:53.802  3333  3333 I wm_on_top_resumed_gained_called: [127772723,com.miui.home.launcher.Launcher,topStateChangedWhenResumed]
12-18 15:16:53.821  3333  3387 I com.miui.home: CheckGCForNative adj_start_bytes: 43310494 NativeAllocationGcWatermark: 11678278 java_gc_start_bytes: 25793077 kNewNativeDiscountFactor: 2 kOldNativeDiscountFactor: 65536 old_native_bytes: 133327591 new_native_bytes: 22730568 add_bytes_allowed: 35034834 is_gc_concurrent: 1 target_footprint_: 26317365 GetBytesAllocated: 16526982 HeapGrowthMultiplier: 3
12-18 15:16:53.821  3333  3387 I com.miui.home: CheckGCForNative gc_urgency 0.644054 current_native_bytes is 156058159
12-18 15:16:53.849  3333  3733 I com.miui.home: CheckGCForNative adj_start_bytes: 43310494 NativeAllocationGcWatermark: 11678278 java_gc_start_bytes: 25793077 kNewNativeDiscountFactor: 2 kOldNativeDiscountFactor: 65536 old_native_bytes: 133327591 new_native_bytes: 12027848 add_bytes_allowed: 35034834 is_gc_concurrent: 1 target_footprint_: 26317365 GetBytesAllocated: 16567499 HeapGrowthMultiplier: 3
12-18 15:16:53.849  3333  3733 I com.miui.home: CheckGCForNative gc_urgency 0.521432 current_native_bytes is 145355439
12-18 15:16:53.963  9099  9099 I wm_on_stop_called: [0,148611822,com.eg.android.AlipayGphone.AlipayLogin,STOP_ACTIVITY_ITEM,166]
12-18 15:16:53.972  3333  3733 I com.miui.home: CheckGCForNative adj_start_bytes: 43310494 NativeAllocationGcWatermark: 11678278 java_gc_start_bytes: 25793077 kNewNativeDiscountFactor: 2 kOldNativeDiscountFactor: 65536 old_native_bytes: 133327591 new_native_bytes: 12037672 add_bytes_allowed: 35034834 is_gc_concurrent: 1 target_footprint_: 26317365 GetBytesAllocated: 16633772 HeapGrowthMultiplier: 3
12-18 15:16:53.972  3333  3733 I com.miui.home: CheckGCForNative gc_urgency 0.523075 current_native_bytes is 145365263
12-18 15:16:54.062 10105 10105 I wm_on_application_create_called: [0,com.smile.gifmaker,1307]
12-18 15:16:54.097 10212 10212 I wm_on_application_create_called: [0,com.xiaomi.mi_connect_service,278]
12-18 15:16:54.183 10200 10200 I wm_on_application_create_called: [0,com.xunmeng.pinduoduo,441]
12-18 15:16:54.786  3333  3333 I wm_on_top_resumed_lost_called: [127772723,com.miui.home.launcher.Launcher,topStateChangedWhenResumed]
12-18 15:16:54.793  3333  3333 I wm_on_paused_called: [0,127772723,com.miui.home.launcher.Launcher,performPause,3]
12-18 15:16:55.089  3333  3333 I com.miui.home: CheckGCForNative adj_start_bytes: 43310494 NativeAllocationGcWatermark: 11678278 java_gc_start_bytes: 25793077 kNewNativeDiscountFactor: 2 kOldNativeDiscountFactor: 65536 old_native_bytes: 133327591 new_native_bytes: 12330064 add_bytes_allowed: 35034834 is_gc_concurrent: 1 target_footprint_: 26317365 GetBytesAllocated: 17474387 HeapGrowthMultiplier: 3
12-18 15:16:55.089  3333  3333 I com.miui.home: CheckGCForNative gc_urgency 0.54586 current_native_bytes is 145657655
12-18 15:16:55.349  3333  3733 I com.miui.home: CheckGCForNative adj_start_bytes: 43310494 NativeAllocationGcWatermark: 11678278 java_gc_start_bytes: 25793077 kNewNativeDiscountFactor: 2 kOldNativeDiscountFactor: 65536 old_native_bytes: 133327591 new_native_bytes: 12295264 add_bytes_allowed: 35034834 is_gc_concurrent: 1 target_footprint_: 26317365 GetBytesAllocated: 17726808 HeapGrowthMultiplier: 3
12-18 15:16:55.349  3333  3733 I com.miui.home: CheckGCForNative gc_urgency 0.551286 current_native_bytes is 145622855
12-18 15:16:55.405  3333  3733 I com.miui.home: CheckGCForNative adj_start_bytes: 43310494 NativeAllocationGcWatermark: 11678278 java_gc_start_bytes: 25793077 kNewNativeDiscountFactor: 2 kOldNativeDiscountFactor: 65536 old_native_bytes: 133327591 new_native_bytes: 12320584 add_bytes_allowed: 35034834 is_gc_concurrent: 1 target_footprint_: 26317365 GetBytesAllocated: 17819422 HeapGrowthMultiplier: 3
12-18 15:16:55.405  3333  3733 I com.miui.home: CheckGCForNative gc_urgency 0.553717 current_native_bytes is 145648175
12-18 15:16:55.721 10105 10105 I wm_on_create_called: [0,117098259,com.yxcorp.gifshow.HomeActivity,performCreate,1438]
12-18 15:16:55.951  3333  4005 I com.miui.home: CheckGCForNative adj_start_bytes: 43310494 NativeAllocationGcWatermark: 11678278 java_gc_start_bytes: 25793077 kNewNativeDiscountFactor: 2 kOldNativeDiscountFactor: 65536 old_native_bytes: 133327591 new_native_bytes: 22930348 add_bytes_allowed: 35034834 is_gc_concurrent: 1 target_footprint_: 26317365 GetBytesAllocated: 18236228 HeapGrowthMultiplier: 3
12-18 15:16:55.951  3333  4005 I com.miui.home: CheckGCForNative gc_urgency 0.685825 current_native_bytes is 156257939
12-18 15:16:56.218  3333  4005 I com.miui.home: CheckGCForNative adj_start_bytes: 43310494 NativeAllocationGcWatermark: 11678278 java_gc_start_bytes: 25793077 kNewNativeDiscountFactor: 2 kOldNativeDiscountFactor: 65536 old_native_bytes: 133327591 new_native_bytes: 12501792 add_bytes_allowed: 35034834 is_gc_concurrent: 1 target_footprint_: 26317365 GetBytesAllocated: 18826168 HeapGrowthMultiplier: 3
12-18 15:16:56.218  3333  4005 I com.miui.home: CheckGCForNative gc_urgency 0.579054 current_native_bytes is 145829383
12-18 15:16:56.331 10586 10586 I wm_on_application_create_called: [0,com.android.providers.downloads.ui,990]
12-18 15:16:56.615  3333  3333 I wm_on_resume_called: [0,127772723,com.miui.home.launcher.Launcher,RESUME_ACTIVITY,19]
12-18 15:16:56.633  3333  3333 I wm_on_idle_called: com.miui.home.launcher.Launcher
12-18 15:16:56.808  3333  3388 I com.miui.home: CheckGCForNative adj_start_bytes: 43310494 NativeAllocationGcWatermark: 11678278 java_gc_start_bytes: 25793077 kNewNativeDiscountFactor: 2 kOldNativeDiscountFactor: 65536 old_native_bytes: 133327591 new_native_bytes: 23191700 add_bytes_allowed: 35034834 is_gc_concurrent: 1 target_footprint_: 26317365 GetBytesAllocated: 19808362 HeapGrowthMultiplier: 3
12-18 15:16:56.808  3333  3388 I com.miui.home: CheckGCForNative gc_urgency 0.725142 current_native_bytes is 156519291
12-18 15:16:56.809  3333  3388 I com.miui.home: CheckGCForNative adj_start_bytes: 43310494 NativeAllocationGcWatermark: 11678278 java_gc_start_bytes: 25793077 kNewNativeDiscountFactor: 2 kOldNativeDiscountFactor: 65536 old_native_bytes: 133327591 new_native_bytes: 33898644 add_bytes_allowed: 35034834 is_gc_concurrent: 1 target_footprint_: 26317365 GetBytesAllocated: 19815088 HeapGrowthMultiplier: 3
12-18 15:16:56.809  3333  3388 I com.miui.home: CheckGCForNative gc_urgency 0.848904 current_native_bytes is 167226235
12-18 15:16:56.837  3333  3388 I com.miui.home: CheckGCForNative adj_start_bytes: 43310494 NativeAllocationGcWatermark: 11678278 java_gc_start_bytes: 25793077 kNewNativeDiscountFactor: 2 kOldNativeDiscountFactor: 65536 old_native_bytes: 133327591 new_native_bytes: 33926164 add_bytes_allowed: 35034834 is_gc_concurrent: 1 target_footprint_: 26317365 GetBytesAllocated: 19855966 HeapGrowthMultiplier: 3
12-18 15:16:56.837  3333  3388 I com.miui.home: CheckGCForNative gc_urgency 0.850165 current_native_bytes is 167253755
12-18 15:16:56.883  3333  3733 I com.miui.home: CheckGCForNative adj_start_bytes: 43310494 NativeAllocationGcWatermark: 11678278 java_gc_start_bytes: 25793077 kNewNativeDiscountFactor: 2 kOldNativeDiscountFactor: 65536 old_native_bytes: 133327591 new_native_bytes: 23313108 add_bytes_allowed: 35034834 is_gc_concurrent: 1 target_footprint_: 26317365 GetBytesAllocated: 19886997 HeapGrowthMultiplier: 3
12-18 15:16:56.883  3333  3733 I com.miui.home: CheckGCForNative gc_urgency 0.728359 current_native_bytes is 156640699
12-18 15:16:56.994  3333  3333 I wm_on_top_resumed_gained_called: [127772723,com.miui.home.launcher.Launcher,topStateChangedWhenResumed]
12-18 15:16:57.027  3333  3733 I com.miui.home: CheckGCForNative adj_start_bytes: 43310494 NativeAllocationGcWatermark: 11678278 java_gc_start_bytes: 25793077 kNewNativeDiscountFactor: 2 kOldNativeDiscountFactor: 65536 old_native_bytes: 133327591 new_native_bytes: 23296852 add_bytes_allowed: 35034834 is_gc_concurrent: 1 target_footprint_: 26317365 GetBytesAllocated: 19938820 HeapGrowthMultiplier: 3
12-18 15:16:57.027  3333  3733 I com.miui.home: CheckGCForNative gc_urgency 0.729368 current_native_bytes is 156624443
12-18 15:16:57.075  9099  9099 I wm_on_idle_called: com.eg.android.AlipayGphone.AlipayLogin
12-18 15:16:57.292  3333  3732 I com.miui.home: CheckGCForNative adj_start_bytes: 43310494 NativeAllocationGcWatermark: 11678278 java_gc_start_bytes: 25793077 kNewNativeDiscountFactor: 2 kOldNativeDiscountFactor: 65536 old_native_bytes: 133327591 new_native_bytes: 33944148 add_bytes_allowed: 35034834 is_gc_concurrent: 1 target_footprint_: 26317365 GetBytesAllocated: 20706557 HeapGrowthMultiplier: 3
12-18 15:16:57.292  3333  3732 I com.miui.home: CheckGCForNative gc_urgency 0.870012 current_native_bytes is 167271739
12-18 15:16:57.292  3333  3388 I com.miui.home: CheckGCForNative adj_start_bytes: 43310494 NativeAllocationGcWatermark: 11678278 java_gc_start_bytes: 25793077 kNewNativeDiscountFactor: 2 kOldNativeDiscountFactor: 65536 old_native_bytes: 133327591 new_native_bytes: 44650420 add_bytes_allowed: 35034834 is_gc_concurrent: 1 target_footprint_: 26317365 GetBytesAllocated: 20706749 HeapGrowthMultiplier: 3
12-18 15:16:57.292  3333  3388 I com.miui.home: CheckGCForNative gc_urgency 0.993616 current_native_bytes is 177978011
12-18 15:16:57.293  3333  3732 I com.miui.home: CheckGCForNative adj_start_bytes: 43310494 NativeAllocationGcWatermark: 11678278 java_gc_start_bytes: 25793077 kNewNativeDiscountFactor: 2 kOldNativeDiscountFactor: 65536 old_native_bytes: 133327591 new_native_bytes: 55357364 add_bytes_allowed: 35034834 is_gc_concurrent: 1 target_footprint_: 26317365 GetBytesAllocated: 20706941 HeapGrowthMultiplier: 3
12-18 15:16:57.293  3333  3732 I com.miui.home: CheckGCForNative gc_urgency 1.11723 current_native_bytes is 188684955
12-18 15:16:57.293  3333  3732 I com.miui.home: CheckGCForNative requested 1
12-18 15:16:57.384 10744 10744 I wm_on_application_create_called: [0,com.tencent.qqlive,314]
12-18 15:16:57.625  3333  3380 I com.miui.home: NativeAlloc concurrent copying GC freed 166445(7145KB) AllocSpace objects, 24(672KB) LOS objects, 49% free, 12MB/24MB, paused 211us,111us total 331.620ms
12-18 15:16:57.696  3333  3333 I wm_on_top_resumed_lost_called: [127772723,com.miui.home.launcher.Launcher,topStateChangedWhenResumed]
12-18 15:16:57.842  3333  3333 I wm_on_paused_called: [0,127772723,com.miui.home.launcher.Launcher,performPause,2]
12-18 15:16:58.029  3333  3333 I com.miui.home: CheckGCForNative gc_urgency 0 current_native_bytes is 132402947
12-18 15:16:58.124  3333  4005 I com.miui.home: CheckGCForNative adj_start_bytes: 43117810 NativeAllocationGcWatermark: 11630924 java_gc_start_bytes: 25671424 kNewNativeDiscountFactor: 2 kOldNativeDiscountFactor: 65536 old_native_bytes: 132402947 new_native_bytes: 823396 add_bytes_allowed: 34892772 is_gc_concurrent: 1 target_footprint_: 25938531 GetBytesAllocated: 13640747 HeapGrowthMultiplier: 3
12-18 15:16:58.125  3333  4005 I com.miui.home: CheckGCForNative gc_urgency 0.325955 current_native_bytes is 133226343
12-18 15:16:58.163  6142  6142 I wm_on_create_called: [0,9806661,com.tencent.mobileqq.activity.SplashActivity,performCreate,171]
12-18 15:16:58.193  6142  6142 I wm_on_start_called: [0,9806661,com.tencent.mobileqq.activity.SplashActivity,handleStartActivity,7]
12-18 15:16:58.219  6142  6142 I wm_on_resume_called: [0,9806661,com.tencent.mobileqq.activity.SplashActivity,RESUME_ACTIVITY,23]
12-18 15:16:58.250  3333  3733 I com.miui.home: CheckGCForNative adj_start_bytes: 43117810 NativeAllocationGcWatermark: 11630924 java_gc_start_bytes: 25671424 kNewNativeDiscountFactor: 2 kOldNativeDiscountFactor: 65536 old_native_bytes: 132402947 new_native_bytes: 889020 add_bytes_allowed: 34892772 is_gc_concurrent: 1 target_footprint_: 25938531 GetBytesAllocated: 13982254 HeapGrowthMultiplier: 3
12-18 15:16:58.250  3333  3733 I com.miui.home: CheckGCForNative gc_urgency 0.334636 current_native_bytes is 133291967
12-18 15:16:58.320  6142  6142 I wm_on_top_resumed_gained_called: [9806661,com.tencent.mobileqq.activity.SplashActivity,topStateChangedWhenResumed]
12-18 15:16:58.829  3333  4005 I com.miui.home: CheckGCForNative adj_start_bytes: 43117810 NativeAllocationGcWatermark: 11630924 java_gc_start_bytes: 25671424 kNewNativeDiscountFactor: 2 kOldNativeDiscountFactor: 65536 old_native_bytes: 132402947 new_native_bytes: 11307868 add_bytes_allowed: 34892772 is_gc_concurrent: 1 target_footprint_: 25938531 GetBytesAllocated: 14283905 HeapGrowthMultiplier: 3
12-18 15:16:58.829  3333  4005 I com.miui.home: CheckGCForNative gc_urgency 0.462451 current_native_bytes is 143710815
12-18 15:16:59.160  3333  3333 I wm_on_stop_called: [0,127772723,com.miui.home.launcher.Launcher,STOP_ACTIVITY_ITEM,18]
12-18 15:16:59.301  6142  6142 I wm_on_idle_called: com.tencent.mobileqq.activity.SplashActivity
12-18 15:16:59.403  3333  3726 I com.miui.home: CheckGCForNative adj_start_bytes: 43117810 NativeAllocationGcWatermark: 11630924 java_gc_start_bytes: 25671424 kNewNativeDiscountFactor: 2 kOldNativeDiscountFactor: 65536 old_native_bytes: 132402947 new_native_bytes: 791472 add_bytes_allowed: 34892772 is_gc_concurrent: 1 target_footprint_: 25938531 GetBytesAllocated: 14841168 HeapGrowthMultiplier: 3
12-18 15:16:59.403  3333  3726 I com.miui.home: CheckGCForNative gc_urgency 0.353425 current_native_bytes is 133194419
12-18 15:16:59.971  6142  6142 I wm_on_top_resumed_lost_called: [9806661,com.tencent.mobileqq.activity.SplashActivity,topStateChangedWhenResumed]
12-18 15:17:00.028  6142  6142 I wm_on_paused_called: [0,9806661,com.tencent.mobileqq.activity.SplashActivity,performPause,1]
12-18 15:17:00.285  6142  6142 I wm_on_create_called: [0,73121248,com.tencent.mobileqq.activity.LoginActivity,performCreate,93]
12-18 15:17:00.339  6142  6142 I wm_on_start_called: [0,73121248,com.tencent.mobileqq.activity.LoginActivity,handleStartActivity,53]
12-18 15:17:00.368  3333  3333 I wm_on_restart_called: [0,127772723,com.miui.home.launcher.Launcher,,0]
12-18 15:17:00.370  3333  3333 I wm_on_start_called: [0,127772723,com.miui.home.launcher.Launcher,handleStartActivity,2]
12-18 15:17:00.381  6142  6142 I wm_on_resume_called: [0,73121248,com.tencent.mobileqq.activity.LoginActivity,RESUME_ACTIVITY,41]
12-18 15:17:00.391  3333  3333 I wm_on_resume_called: [0,127772723,com.miui.home.launcher.Launcher,RESUME_ACTIVITY,18]
12-18 15:17:00.424  6142  6142 I wm_on_top_resumed_gained_called: [73121248,com.tencent.mobileqq.activity.LoginActivity,topStateChangedWhenResumed]
12-18 15:17:00.540  3333  3333 I wm_on_idle_called: com.miui.home.launcher.Launcher
12-18 15:17:00.550  3333  3600 I com.miui.home: CheckGCForNative adj_start_bytes: 43117810 NativeAllocationGcWatermark: 11630924 java_gc_start_bytes: 25671424 kNewNativeDiscountFactor: 2 kOldNativeDiscountFactor: 65536 old_native_bytes: 132402947 new_native_bytes: 1219024 add_bytes_allowed: 34892772 is_gc_concurrent: 1 target_footprint_: 25938531 GetBytesAllocated: 15912712 HeapGrowthMultiplier: 3
12-18 15:17:00.550  3333  3600 I com.miui.home: CheckGCForNative gc_urgency 0.383235 current_native_bytes is 133621971
12-18 15:17:00.575  6142  6142 I wm_on_top_resumed_lost_called: [73121248,com.tencent.mobileqq.activity.LoginActivity,topStateChangedWhenResumed]
12-18 15:17:00.595  3333  3333 I wm_on_top_resumed_gained_called: [127772723,com.miui.home.launcher.Launcher,topStateChangedWhenResumed]
12-18 15:17:00.617  6142  6142 I wm_on_idle_called: com.tencent.mobileqq.activity.LoginActivity
12-18 15:17:00.807  3333  4003 I com.miui.home: CheckGCForNative adj_start_bytes: 43117810 NativeAllocationGcWatermark: 11630924 java_gc_start_bytes: 25671424 kNewNativeDiscountFactor: 2 kOldNativeDiscountFactor: 65536 old_native_bytes: 132402947 new_native_bytes: 11949176 add_bytes_allowed: 34892772 is_gc_concurrent: 1 target_footprint_: 25938531 GetBytesAllocated: 16026237 HeapGrowthMultiplier: 3
12-18 15:17:00.808  3333  4003 I com.miui.home: CheckGCForNative gc_urgency 0.510296 current_native_bytes is 144352123
12-18 15:17:00.818  3333  4003 I com.miui.home: CheckGCForNative adj_start_bytes: 43117810 NativeAllocationGcWatermark: 11630924 java_gc_start_bytes: 25671424 kNewNativeDiscountFactor: 2 kOldNativeDiscountFactor: 65536 old_native_bytes: 132402947 new_native_bytes: 22656312 add_bytes_allowed: 34892772 is_gc_concurrent: 1 target_footprint_: 25938531 GetBytesAllocated: 16037862 HeapGrowthMultiplier: 3
12-18 15:17:00.818  3333  4003 I com.miui.home: CheckGCForNative gc_urgency 0.634727 current_native_bytes is 155059259
12-18 15:17:00.993 10744 10744 I wm_on_create_called: [0,151213939,com.tencent.qqlive.ona.activity.SplashHomeActivity,performCreate,944]
12-18 15:17:01.048  3333  3388 I com.miui.home: CheckGCForNative adj_start_bytes: 43117810 NativeAllocationGcWatermark: 11630924 java_gc_start_bytes: 25671424 kNewNativeDiscountFactor: 2 kOldNativeDiscountFactor: 65536 old_native_bytes: 132402947 new_native_bytes: 22794892 add_bytes_allowed: 34892772 is_gc_concurrent: 1 target_footprint_: 25938531 GetBytesAllocated: 16630560 HeapGrowthMultiplier: 3
12-18 15:17:01.049  3333  3388 I com.miui.home: CheckGCForNative gc_urgency 0.65008 current_native_bytes is 155197839
12-18 15:17:01.199  3333  3333 I wm_on_top_resumed_lost_called: [127772723,com.miui.home.launcher.Launcher,pausing]
12-18 15:17:01.203  3333  3333 I wm_on_paused_called: [0,127772723,com.miui.home.launcher.Launcher,performPause,4]
12-18 15:17:01.224  3333  3333 I wm_on_resume_called: [0,127772723,com.miui.home.launcher.Launcher,LIFECYCLER_RESUME_ACTIVITY,19]
12-18 15:17:01.226  3333  3333 I wm_on_top_resumed_gained_called: [127772723,com.miui.home.launcher.Launcher,topWhenResuming]
12-18 15:17:01.241  3333  3333 I wm_on_idle_called: com.miui.home.launcher.Launcher
12-18 15:17:01.443  6142  6142 I wm_on_stop_called: [0,9806661,com.tencent.mobileqq.activity.SplashActivity,LIFECYCLER_STOP_ACTIVITY,5]
12-18 15:17:01.538  6142  6142 I wm_on_destroy_called: [0,9806661,com.tencent.mobileqq.activity.SplashActivity,performDestroy,67]
12-18 15:17:01.682  6142  6142 I wm_on_paused_called: [0,73121248,com.tencent.mobileqq.activity.LoginActivity,performPause,2]
12-18 15:17:01.748  6142  6142 I wm_on_stop_called: [0,73121248,com.tencent.mobileqq.activity.LoginActivity,STOP_ACTIVITY_ITEM,65]
12-18 15:17:01.908 11197 11197 I wm_on_application_create_called: [0,com.tencent.qqlive,240]
12-18 15:17:01.974 10716 10716 I wm_on_application_create_called: [0,com.xunmeng.pinduoduo,611]
12-18 15:17:02.254 10744 10744 I wm_on_start_called: [0,151213939,com.tencent.qqlive.ona.activity.SplashHomeActivity,handleStartActivity,1240]
12-18 15:17:02.326  3333  4005 I com.miui.home: CheckGCForNative adj_start_bytes: 43117810 NativeAllocationGcWatermark: 11630924 java_gc_start_bytes: 25671424 kNewNativeDiscountFactor: 2 kOldNativeDiscountFactor: 65536 old_native_bytes: 132402947 new_native_bytes: 22972080 add_bytes_allowed: 34892772 is_gc_concurrent: 1 target_footprint_: 25938531 GetBytesAllocated: 18440215 HeapGrowthMultiplier: 3
12-18 15:17:02.326  3333  4005 I com.miui.home: CheckGCForNative gc_urgency 0.694105 current_native_bytes is 155375027
12-18 15:17:02.488  3333  4005 I com.miui.home: CheckGCForNative adj_start_bytes: 43117810 NativeAllocationGcWatermark: 11630924 java_gc_start_bytes: 25671424 kNewNativeDiscountFactor: 2 kOldNativeDiscountFactor: 65536 old_native_bytes: 132402947 new_native_bytes: 12454256 add_bytes_allowed: 34892772 is_gc_concurrent: 1 target_footprint_: 25938531 GetBytesAllocated: 18733550 HeapGrowthMultiplier: 3
12-18 15:17:02.488  3333  4005 I com.miui.home: CheckGCForNative gc_urgency 0.578942 current_native_bytes is 144857203
12-18 15:17:02.619 10744 10744 I wm_on_resume_called: [0,151213939,com.tencent.qqlive.ona.activity.SplashHomeActivity,RESUME_ACTIVITY,342]
12-18 15:17:02.807 10744 10744 I wm_on_top_resumed_gained_called: [151213939,com.tencent.qqlive.ona.activity.SplashHomeActivity,topStateChangedWhenResumed]
12-18 15:17:02.852 10744 10744 I wm_on_top_resumed_lost_called: [151213939,com.tencent.qqlive.ona.activity.SplashHomeActivity,topStateChangedWhenResumed]
12-18 15:17:02.876  3333  3333 I wm_on_top_resumed_lost_called: [127772723,com.miui.home.launcher.Launcher,topStateChangedWhenResumed]
12-18 15:17:02.881  3333  3333 I wm_on_paused_called: [0,127772723,com.miui.home.launcher.Launcher,performPause,3]
12-18 15:17:02.946 10744 10744 I wm_on_paused_called: [0,151213939,com.tencent.qqlive.ona.activity.SplashHomeActivity,performPause,27]
12-18 15:17:03.166 10744 10744 I wm_on_stop_called: [0,151213939,com.tencent.qqlive.ona.activity.SplashHomeActivity,STOP_ACTIVITY_ITEM,152]
12-18 15:17:03.539 11826 11826 I wm_on_application_create_called: [0,com.xunmeng.pinduoduo,352]
12-18 15:17:04.057 12080 12080 I wm_on_application_create_called: [0,com.android.permissioncontroller,278]
12-18 15:17:04.072  3333  3733 I com.miui.home: CheckGCForNative adj_start_bytes: 43117810 NativeAllocationGcWatermark: 11630924 java_gc_start_bytes: 25671424 kNewNativeDiscountFactor: 2 kOldNativeDiscountFactor: 65536 old_native_bytes: 132402947 new_native_bytes: 13025540 add_bytes_allowed: 34892772 is_gc_concurrent: 1 target_footprint_: 25938531 GetBytesAllocated: 19900530 HeapGrowthMultiplier: 3
12-18 15:17:04.072  3333  3733 I com.miui.home: CheckGCForNative gc_urgency 0.612631 current_native_bytes is 145428487
12-18 15:17:04.145 11963 11963 I wm_on_application_create_called: [0,com.miui.wmsvc,427]
12-18 15:17:04.416  3333  3733 I com.miui.home: CheckGCForNative adj_start_bytes: 43117810 NativeAllocationGcWatermark: 11630924 java_gc_start_bytes: 25671424 kNewNativeDiscountFactor: 2 kOldNativeDiscountFactor: 65536 old_native_bytes: 132402947 new_native_bytes: 13046340 add_bytes_allowed: 34892772 is_gc_concurrent: 1 target_footprint_: 25938531 GetBytesAllocated: 20045510 HeapGrowthMultiplier: 3
12-18 15:17:04.416  3333  3733 I com.miui.home: CheckGCForNative gc_urgency 0.616235 current_native_bytes is 145449287
12-18 15:17:04.427  3333  3733 I com.miui.home: CheckGCForNative adj_start_bytes: 43117810 NativeAllocationGcWatermark: 11630924 java_gc_start_bytes: 25671424 kNewNativeDiscountFactor: 2 kOldNativeDiscountFactor: 65536 old_native_bytes: 132402947 new_native_bytes: 13047940 add_bytes_allowed: 34892772 is_gc_concurrent: 1 target_footprint_: 25938531 GetBytesAllocated: 20050224 HeapGrowthMultiplier: 3
12-18 15:17:04.427  3333  3733 I com.miui.home: CheckGCForNative gc_urgency 0.616363 current_native_bytes is 145450887
12-18 15:17:04.941 11687 11687 I wm_on_application_create_called: [0,com.tencent.mm,312]
12-18 15:17:05.386  3333  3333 I wm_on_resume_called: [0,127772723,com.miui.home.launcher.Launcher,RESUME_ACTIVITY,19]
12-18 15:17:05.481  3333  3333 I wm_on_idle_called: com.miui.home.launcher.Launcher
12-18 15:17:06.089  3333  3333 I wm_on_top_resumed_gained_called: [127772723,com.miui.home.launcher.Launcher,topStateChangedWhenResumed]
12-18 15:17:06.179  3333  3333 I wm_on_top_resumed_lost_called: [127772723,com.miui.home.launcher.Launcher,topStateChangedWhenResumed]
12-18 15:17:06.261  3333  3333 I wm_on_paused_called: [0,127772723,com.miui.home.launcher.Launcher,performPause,8]
12-18 15:17:06.285  3333  9391 I com.miui.home: CheckGCForNative adj_start_bytes: 43117810 NativeAllocationGcWatermark: 11630924 java_gc_start_bytes: 25671424 kNewNativeDiscountFactor: 2 kOldNativeDiscountFactor: 65536 old_native_bytes: 132402947 new_native_bytes: 23879096 add_bytes_allowed: 34892772 is_gc_concurrent: 1 target_footprint_: 25938531 GetBytesAllocated: 22721160 HeapGrowthMultiplier: 3
12-18 15:17:06.288  3333  9391 I com.miui.home: CheckGCForNative gc_urgency 0.803907 current_native_bytes is 156282043
12-18 15:17:06.304  3333  9391 I com.miui.home: CheckGCForNative adj_start_bytes: 43117810 NativeAllocationGcWatermark: 11630924 java_gc_start_bytes: 25671424 kNewNativeDiscountFactor: 2 kOldNativeDiscountFactor: 65536 old_native_bytes: 132402947 new_native_bytes: 34586040 add_bytes_allowed: 34892772 is_gc_concurrent: 1 target_footprint_: 25938531 GetBytesAllocated: 22721352 HeapGrowthMultiplier: 3
12-18 15:17:06.304  3333  9391 I com.miui.home: CheckGCForNative gc_urgency 0.928071 current_native_bytes is 166988987
12-18 15:17:06.333  3333  7912 I com.miui.home: CheckGCForNative adj_start_bytes: 43117810 NativeAllocationGcWatermark: 11630924 java_gc_start_bytes: 25671424 kNewNativeDiscountFactor: 2 kOldNativeDiscountFactor: 65536 old_native_bytes: 132402947 new_native_bytes: 23888552 add_bytes_allowed: 34892772 is_gc_concurrent: 1 target_footprint_: 25938531 GetBytesAllocated: 22764487 HeapGrowthMultiplier: 3
12-18 15:17:06.333  3333  7912 I com.miui.home: CheckGCForNative gc_urgency 0.805022 current_native_bytes is 156291499
12-18 15:17:06.559  3333  3333 I wm_on_stop_called: [0,127772723,com.miui.home.launcher.Launcher,STOP_ACTIVITY_ITEM,16]
12-18 15:17:06.611  3333  3733 I com.miui.home: CheckGCForNative adj_start_bytes: 43117810 NativeAllocationGcWatermark: 11630924 java_gc_start_bytes: 25671424 kNewNativeDiscountFactor: 2 kOldNativeDiscountFactor: 65536 old_native_bytes: 132402947 new_native_bytes: 23952856 add_bytes_allowed: 34892772 is_gc_concurrent: 1 target_footprint_: 25938531 GetBytesAllocated: 23072877 HeapGrowthMultiplier: 3
12-18 15:17:06.611  3333  3733 I com.miui.home: CheckGCForNative gc_urgency 0.81292 current_native_bytes is 156355803
12-18 15:17:06.644  3333  3387 I com.miui.home: CheckGCForNative adj_start_bytes: 43117810 NativeAllocationGcWatermark: 11630924 java_gc_start_bytes: 25671424 kNewNativeDiscountFactor: 2 kOldNativeDiscountFactor: 65536 old_native_bytes: 132402947 new_native_bytes: 34660952 add_bytes_allowed: 34892772 is_gc_concurrent: 1 target_footprint_: 25938531 GetBytesAllocated: 23089456 HeapGrowthMultiplier: 3
12-18 15:17:06.644  3333  3387 I com.miui.home: CheckGCForNative gc_urgency 0.937477 current_native_bytes is 167063899
12-18 15:17:06.644  3333  3733 I com.miui.home: CheckGCForNative adj_start_bytes: 43117810 NativeAllocationGcWatermark: 11630924 java_gc_start_bytes: 25671424 kNewNativeDiscountFactor: 2 kOldNativeDiscountFactor: 65536 old_native_bytes: 132402947 new_native_bytes: 34661144 add_bytes_allowed: 34892772 is_gc_concurrent: 1 target_footprint_: 25938531 GetBytesAllocated: 23089456 HeapGrowthMultiplier: 3
12-18 15:17:06.644  3333  3733 I com.miui.home: CheckGCForNative gc_urgency 0.937479 current_native_bytes is 167064091
12-18 15:17:06.645  3333  3333 I com.miui.home: CheckGCForNative adj_start_bytes: 43117810 NativeAllocationGcWatermark: 11630924 java_gc_start_bytes: 25671424 kNewNativeDiscountFactor: 2 kOldNativeDiscountFactor: 65536 old_native_bytes: 132402947 new_native_bytes: 45370136 add_bytes_allowed: 34892772 is_gc_concurrent: 1 target_footprint_: 25938531 GetBytesAllocated: 23095340 HeapGrowthMultiplier: 3
12-18 15:17:06.645  3333  3333 I com.miui.home: CheckGCForNative gc_urgency 1.0618 current_native_bytes is 177773083
12-18 15:17:06.645  3333  3333 I com.miui.home: CheckGCForNative requested 1
12-18 15:17:06.824  3333  3732 I com.miui.home: CheckGCForNative adj_start_bytes: 43117810 NativeAllocationGcWatermark: 11630924 java_gc_start_bytes: 25671424 kNewNativeDiscountFactor: 2 kOldNativeDiscountFactor: 65536 old_native_bytes: 132402947 new_native_bytes: 45326056 add_bytes_allowed: 34892772 is_gc_concurrent: 1 target_footprint_: 25938531 GetBytesAllocated: 23328676 HeapGrowthMultiplier: 3
12-18 15:17:06.824  3333  3732 I com.miui.home: CheckGCForNative gc_urgency 1.0667 current_native_bytes is 177729003
12-18 15:17:06.824  3333  3732 I com.miui.home: CheckGCForNative requested 1
12-18 15:17:06.838  3333  3732 I com.miui.home: CheckGCForNative adj_start_bytes: 43117810 NativeAllocationGcWatermark: 11630924 java_gc_start_bytes: 25671424 kNewNativeDiscountFactor: 2 kOldNativeDiscountFactor: 65536 old_native_bytes: 132402947 new_native_bytes: 56033000 add_bytes_allowed: 34892772 is_gc_concurrent: 1 target_footprint_: 25938531 GetBytesAllocated: 23344970 HeapGrowthMultiplier: 3
12-18 15:17:06.839  3333  3732 I com.miui.home: CheckGCForNative gc_urgency 1.19124 current_native_bytes is 188435947
12-18 15:17:06.839  3333  3732 I com.miui.home: CheckGCForNative requested 1
12-18 15:17:07.006  3333  3387 I com.miui.home: CheckGCForNative adj_start_bytes: 43117810 NativeAllocationGcWatermark: 11630924 java_gc_start_bytes: 25671424 kNewNativeDiscountFactor: 2 kOldNativeDiscountFactor: 65536 old_native_bytes: 132402947 new_native_bytes: 56038024 add_bytes_allowed: 34892772 is_gc_concurrent: 1 target_footprint_: 25938531 GetBytesAllocated: 23525923 HeapGrowthMultiplier: 3
12-18 15:17:07.006  3333  3387 I com.miui.home: CheckGCForNative gc_urgency 1.19549 current_native_bytes is 188440971
12-18 15:17:07.006  3333  3387 I com.miui.home: CheckGCForNative requested 1
12-18 15:17:07.007  3333  3333 I com.miui.home: CheckGCForNative adj_start_bytes: 43117810 NativeAllocationGcWatermark: 11630924 java_gc_start_bytes: 25671424 kNewNativeDiscountFactor: 2 kOldNativeDiscountFactor: 65536 old_native_bytes: 132402947 new_native_bytes: 66744968 add_bytes_allowed: 34892772 is_gc_concurrent: 1 target_footprint_: 25938531 GetBytesAllocated: 23526115 HeapGrowthMultiplier: 3
12-18 15:17:07.007  3333  3333 I com.miui.home: CheckGCForNative gc_urgency 1.31965 current_native_bytes is 199147915
12-18 15:17:07.007  3333  3333 I com.miui.home: CheckGCForNative requested 1
12-18 15:17:07.132  3333  3333 I wm_on_restart_called: [0,127772723,com.miui.home.launcher.Launcher,,0]
12-18 15:17:07.135  3333  3333 I wm_on_start_called: [0,127772723,com.miui.home.launcher.Launcher,handleStartActivity,2]
12-18 15:17:07.156  3333  3333 I wm_on_resume_called: [0,127772723,com.miui.home.launcher.Launcher,RESUME_ACTIVITY,18]
12-18 15:17:07.249  3333  3333 I wm_on_idle_called: com.miui.home.launcher.Launcher
12-18 15:17:07.262  3333  3380 I com.miui.home: NativeAlloc concurrent copying GC freed 207109(9060KB) AllocSpace objects, 44(1344KB) LOS objects, 49% free, 13MB/26MB, paused 2.402ms,117us total 615.855ms
12-18 15:17:07.423  3333  4005 I com.miui.home: CheckGCForNative gc_urgency 0 current_native_bytes is 167264479
12-18 15:17:07.425  3333  4005 I com.miui.home: CheckGCForNative adj_start_bytes: 45018819 NativeAllocationGcWatermark: 11858102 java_gc_start_bytes: 27231666 kNewNativeDiscountFactor: 2 kOldNativeDiscountFactor: 65536 old_native_bytes: 167264479 new_native_bytes: 10707136 add_bytes_allowed: 35574306 is_gc_concurrent: 1 target_footprint_: 27755954 GetBytesAllocated: 14178088 HeapGrowthMultiplier: 3
12-18 15:17:07.425  3333  4005 I com.miui.home: CheckGCForNative gc_urgency 0.433912 current_native_bytes is 177971615
12-18 15:17:07.548  3333 10263 I com.miui.home: CheckGCForNative adj_start_bytes: 45018819 NativeAllocationGcWatermark: 11858102 java_gc_start_bytes: 27231666 kNewNativeDiscountFactor: 2 kOldNativeDiscountFactor: 65536 old_native_bytes: 167264479 new_native_bytes: 10681132 add_bytes_allowed: 35574306 is_gc_concurrent: 1 target_footprint_: 27755954 GetBytesAllocated: 14431719 HeapGrowthMultiplier: 3
12-18 15:17:07.549  3333 10263 I com.miui.home: CheckGCForNative gc_urgency 0.439257 current_native_bytes is 177945611
12-18 15:17:07.553  3333 10263 I com.miui.home: CheckGCForNative adj_start_bytes: 45018819 NativeAllocationGcWatermark: 11858102 java_gc_start_bytes: 27231666 kNewNativeDiscountFactor: 2 kOldNativeDiscountFactor: 65536 old_native_bytes: 167264479 new_native_bytes: 21369728 add_bytes_allowed: 35574306 is_gc_concurrent: 1 target_footprint_: 27755954 GetBytesAllocated: 14437873 HeapGrowthMultiplier: 3
12-18 15:17:07.553  3333 10263 I com.miui.home: CheckGCForNative gc_urgency 0.558106 current_native_bytes is 188634207
12-18 15:17:07.558  3333  4003 I com.miui.home: CheckGCForNative adj_start_bytes: 45018819 NativeAllocationGcWatermark: 11858102 java_gc_start_bytes: 27231666 kNewNativeDiscountFactor: 2 kOldNativeDiscountFactor: 65536 old_native_bytes: 167264479 new_native_bytes: 21370944 add_bytes_allowed: 35574306 is_gc_concurrent: 1 target_footprint_: 27755954 GetBytesAllocated: 14454257 HeapGrowthMultiplier: 3
12-18 15:17:07.558  3333  4003 I com.miui.home: CheckGCForNative gc_urgency 0.558484 current_native_bytes is 188635423
12-18 15:17:07.564  3333  3733 I com.miui.home: CheckGCForNative adj_start_bytes: 45018819 NativeAllocationGcWatermark: 11858102 java_gc_start_bytes: 27231666 kNewNativeDiscountFactor: 2 kOldNativeDiscountFactor: 65536 old_native_bytes: 167264479 new_native_bytes: 10650716 add_bytes_allowed: 35574306 is_gc_concurrent: 1 target_footprint_: 27755954 GetBytesAllocated: 14482225 HeapGrowthMultiplier: 3
12-18 15:17:07.564  3333  3733 I com.miui.home: CheckGCForNative gc_urgency 0.440041 current_native_bytes is 177915195
12-18 15:17:07.631  3333  3333 I wm_on_top_resumed_gained_called: [127772723,com.miui.home.launcher.Launcher,topStateChangedWhenResumed]
12-18 15:17:07.657 10744 10744 I wm_on_idle_called: com.tencent.qqlive.ona.activity.SplashHomeActivity
12-18 15:17:07.766  3333  3733 I com.miui.home: CheckGCForNative gc_urgency 0 current_native_bytes is 151997755
12-18 15:17:07.844  3333  3733 I com.miui.home: CheckGCForNative adj_start_bytes: 45018819 NativeAllocationGcWatermark: 11858102 java_gc_start_bytes: 27231666 kNewNativeDiscountFactor: 2 kOldNativeDiscountFactor: 65536 old_native_bytes: 151997755 new_native_bytes: 43124 add_bytes_allowed: 35574306 is_gc_concurrent: 1 target_footprint_: 27755954 GetBytesAllocated: 14862413 HeapGrowthMultiplier: 3
12-18 15:17:07.844  3333  3733 I com.miui.home: CheckGCForNative gc_urgency 0.330668 current_native_bytes is 152040879
12-18 15:17:07.997  3333  4005 I com.miui.home: CheckGCForNative adj_start_bytes: 45018819 NativeAllocationGcWatermark: 11858102 java_gc_start_bytes: 27231666 kNewNativeDiscountFactor: 2 kOldNativeDiscountFactor: 65536 old_native_bytes: 151997755 new_native_bytes: 10953444 add_bytes_allowed: 35574306 is_gc_concurrent: 1 target_footprint_: 27755954 GetBytesAllocated: 15183945 HeapGrowthMultiplier: 3
12-18 15:17:07.997  3333  4005 I com.miui.home: CheckGCForNative gc_urgency 0.458986 current_native_bytes is 162951199
12-18 15:17:08.043  3333  3732 I com.miui.home: CheckGCForNative adj_start_bytes: 45018819 NativeAllocationGcWatermark: 11858102 java_gc_start_bytes: 27231666 kNewNativeDiscountFactor: 2 kOldNativeDiscountFactor: 65536 old_native_bytes: 151997755 new_native_bytes: 10941988 add_bytes_allowed: 35574306 is_gc_concurrent: 1 target_footprint_: 27755954 GetBytesAllocated: 15219252 HeapGrowthMultiplier: 3
12-18 15:17:08.043  3333  3732 I com.miui.home: CheckGCForNative gc_urgency 0.459643 current_native_bytes is 162939743
12-18 15:17:08.047  3333 10263 I com.miui.home: CheckGCForNative adj_start_bytes: 45018819 NativeAllocationGcWatermark: 11858102 java_gc_start_bytes: 27231666 kNewNativeDiscountFactor: 2 kOldNativeDiscountFactor: 65536 old_native_bytes: 151997755 new_native_bytes: 21648420 add_bytes_allowed: 35574306 is_gc_concurrent: 1 target_footprint_: 27755954 GetBytesAllocated: 15219444 HeapGrowthMultiplier: 3
12-18 15:17:08.047  3333 10263 I com.miui.home: CheckGCForNative gc_urgency 0.578557 current_native_bytes is 173646175
12-18 15:17:08.048  3333  3333 I com.miui.home: CheckGCForNative adj_start_bytes: 45018819 NativeAllocationGcWatermark: 11858102 java_gc_start_bytes: 27231666 kNewNativeDiscountFactor: 2 kOldNativeDiscountFactor: 65536 old_native_bytes: 151997755 new_native_bytes: 32355684 add_bytes_allowed: 35574306 is_gc_concurrent: 1 target_footprint_: 27755954 GetBytesAllocated: 15219636 HeapGrowthMultiplier: 3
12-18 15:17:08.048  3333  3333 I com.miui.home: CheckGCForNative gc_urgency 0.697482 current_native_bytes is 184353439
12-18 15:17:08.118 12550 12550 I wm_on_application_create_called: [0,com.android.settings,340]
12-18 15:17:08.474  3333  3333 I wm_on_top_resumed_lost_called: [127772723,com.miui.home.launcher.Launcher,topStateChangedWhenResumed]
12-18 15:17:08.569  3333  3333 I wm_on_paused_called: [0,127772723,com.miui.home.launcher.Launcher,performPause,3]
12-18 15:17:08.766  3333  7912 I com.miui.home: CheckGCForNative adj_start_bytes: 45018819 NativeAllocationGcWatermark: 11858102 java_gc_start_bytes: 27231666 kNewNativeDiscountFactor: 2 kOldNativeDiscountFactor: 65536 old_native_bytes: 151997755 new_native_bytes: 11022684 add_bytes_allowed: 35574306 is_gc_concurrent: 1 target_footprint_: 27755954 GetBytesAllocated: 15916910 HeapGrowthMultiplier: 3
12-18 15:17:08.766  3333  7912 I com.miui.home: CheckGCForNative gc_urgency 0.476036 current_native_bytes is 163020439
12-18 15:17:08.986  3333  4005 I com.miui.home: CheckGCForNative adj_start_bytes: 45018819 NativeAllocationGcWatermark: 11858102 java_gc_start_bytes: 27231666 kNewNativeDiscountFactor: 2 kOldNativeDiscountFactor: 65536 old_native_bytes: 151997755 new_native_bytes: 11304384 add_bytes_allowed: 35574306 is_gc_concurrent: 1 target_footprint_: 27755954 GetBytesAllocated: 16356971 HeapGrowthMultiplier: 3
12-18 15:17:08.986  3333  4005 I com.miui.home: CheckGCForNative gc_urgency 0.48894 current_native_bytes is 163302139
12-18 15:17:09.033  3333  3733 I com.miui.home: CheckGCForNative adj_start_bytes: 45018819 NativeAllocationGcWatermark: 11858102 java_gc_start_bytes: 27231666 kNewNativeDiscountFactor: 2 kOldNativeDiscountFactor: 65536 old_native_bytes: 151997755 new_native_bytes: 11333504 add_bytes_allowed: 35574306 is_gc_concurrent: 1 target_footprint_: 27755954 GetBytesAllocated: 16414259 HeapGrowthMultiplier: 3
12-18 15:17:09.033  3333  3733 I com.miui.home: CheckGCForNative gc_urgency 0.490536 current_native_bytes is 163331259
12-18 15:17:09.096  3333  4005 I com.miui.home: CheckGCForNative adj_start_bytes: 45018819 NativeAllocationGcWatermark: 11858102 java_gc_start_bytes: 27231666 kNewNativeDiscountFactor: 2 kOldNativeDiscountFactor: 65536 old_native_bytes: 151997755 new_native_bytes: 22139176 add_bytes_allowed: 35574306 is_gc_concurrent: 1 target_footprint_: 27755954 GetBytesAllocated: 16667331 HeapGrowthMultiplier: 3
12-18 15:17:09.096  3333  4005 I com.miui.home: CheckGCForNative gc_urgency 0.61617 current_native_bytes is 174136931
12-18 15:17:09.983 12892 12892 I wm_on_application_create_called: [0,com.taobao.taobao,373]
12-18 15:17:10.106 12892 12892 I wm_on_create_called: [0,240206468,com.taobao.tao.welcome.Welcome,performCreate,98]
12-18 15:17:10.158 12892 12892 I wm_on_start_called: [0,240206468,com.taobao.tao.welcome.Welcome,handleStartActivity,51]
12-18 15:17:10.231 12892 12892 I wm_on_resume_called: [0,240206468,com.taobao.tao.welcome.Welcome,RESUME_ACTIVITY,63]
12-18 15:17:10.303 12892 12892 I wm_on_top_resumed_gained_called: [240206468,com.taobao.tao.welcome.Welcome,topStateChangedWhenResumed]
12-18 15:17:10.359  3333  3600 I com.miui.home: CheckGCForNative adj_start_bytes: 45018819 NativeAllocationGcWatermark: 11858102 java_gc_start_bytes: 27231666 kNewNativeDiscountFactor: 2 kOldNativeDiscountFactor: 65536 old_native_bytes: 151997755 new_native_bytes: 11456936 add_bytes_allowed: 35574306 is_gc_concurrent: 1 target_footprint_: 27755954 GetBytesAllocated: 17455094 HeapGrowthMultiplier: 3
12-18 15:17:10.359  3333  3600 I com.miui.home: CheckGCForNative gc_urgency 0.515026 current_native_bytes is 163454691
12-18 15:17:10.489  3333  3333 I wm_on_resume_called: [0,127772723,com.miui.home.launcher.Launcher,RESUME_ACTIVITY,18]
12-18 15:17:10.509  3333  3333 I wm_on_idle_called: com.miui.home.launcher.Launcher
12-18 15:17:10.639  3333  3674 I com.miui.home: CheckGCForNative adj_start_bytes: 45018819 NativeAllocationGcWatermark: 11858102 java_gc_start_bytes: 27231666 kNewNativeDiscountFactor: 2 kOldNativeDiscountFactor: 65536 old_native_bytes: 151997755 new_native_bytes: 11934828 add_bytes_allowed: 35574306 is_gc_concurrent: 1 target_footprint_: 27755954 GetBytesAllocated: 18434619 HeapGrowthMultiplier: 3
12-18 15:17:10.639  3333  3674 I com.miui.home: CheckGCForNative gc_urgency 0.542092 current_native_bytes is 163932583
12-18 15:17:10.642  3333  3674 I com.miui.home: CheckGCForNative adj_start_bytes: 45018819 NativeAllocationGcWatermark: 11858102 java_gc_start_bytes: 27231666 kNewNativeDiscountFactor: 2 kOldNativeDiscountFactor: 65536 old_native_bytes: 151997755 new_native_bytes: 12331180 add_bytes_allowed: 35574306 is_gc_concurrent: 1 target_footprint_: 27755954 GetBytesAllocated: 18434619 HeapGrowthMultiplier: 3
12-18 15:17:10.642  3333  3674 I com.miui.home: CheckGCForNative gc_urgency 0.546494 current_native_bytes is 164328935
12-18 15:17:10.675  3333  4470 I com.miui.home: CheckGCForNative adj_start_bytes: 45018819 NativeAllocationGcWatermark: 11858102 java_gc_start_bytes: 27231666 kNewNativeDiscountFactor: 2 kOldNativeDiscountFactor: 65536 old_native_bytes: 151997755 new_native_bytes: 23440580 add_bytes_allowed: 35574306 is_gc_concurrent: 1 target_footprint_: 27755954 GetBytesAllocated: 18617277 HeapGrowthMultiplier: 3
12-18 15:17:10.675  3333  4470 I com.miui.home: CheckGCForNative gc_urgency 0.673938 current_native_bytes is 175438335
12-18 15:17:10.678  3333  9391 I com.miui.home: CheckGCForNative adj_start_bytes: 45018819 NativeAllocationGcWatermark: 11858102 java_gc_start_bytes: 27231666 kNewNativeDiscountFactor: 2 kOldNativeDiscountFactor: 65536 old_native_bytes: 151997755 new_native_bytes: 34146820 add_bytes_allowed: 35574306 is_gc_concurrent: 1 target_footprint_: 27755954 GetBytesAllocated: 18617469 HeapGrowthMultiplier: 3
12-18 15:17:10.678  3333  9391 I com.miui.home: CheckGCForNative gc_urgency 0.792851 current_native_bytes is 186144575
12-18 15:17:10.680  3333  9391 I com.miui.home: CheckGCForNative adj_start_bytes: 45018819 NativeAllocationGcWatermark: 11858102 java_gc_start_bytes: 27231666 kNewNativeDiscountFactor: 2 kOldNativeDiscountFactor: 65536 old_native_bytes: 151997755 new_native_bytes: 44853764 add_bytes_allowed: 35574306 is_gc_concurrent: 1 target_footprint_: 27755954 GetBytesAllocated: 18617661 HeapGrowthMultiplier: 3
12-18 15:17:10.680  3333  9391 I com.miui.home: CheckGCForNative gc_urgency 0.911771 current_native_bytes is 196851519
12-18 15:17:10.711  3333  3733 I com.miui.home: CheckGCForNative adj_start_bytes: 45018819 NativeAllocationGcWatermark: 11858102 java_gc_start_bytes: 27231666 kNewNativeDiscountFactor: 2 kOldNativeDiscountFactor: 65536 old_native_bytes: 151997755 new_native_bytes: 34182916 add_bytes_allowed: 35574306 is_gc_concurrent: 1 target_footprint_: 27755954 GetBytesAllocated: 18647623 HeapGrowthMultiplier: 3
12-18 15:17:10.711  3333  3733 I com.miui.home: CheckGCForNative gc_urgency 0.793921 current_native_bytes is 186180671
12-18 15:17:10.734  3333  3333 I com.miui.home: CheckGCForNative adj_start_bytes: 45018819 NativeAllocationGcWatermark: 11858102 java_gc_start_bytes: 27231666 kNewNativeDiscountFactor: 2 kOldNativeDiscountFactor: 65536 old_native_bytes: 151997755 new_native_bytes: 23508100 add_bytes_allowed: 35574306 is_gc_concurrent: 1 target_footprint_: 27755954 GetBytesAllocated: 18741874 HeapGrowthMultiplier: 3
12-18 15:17:10.734  3333  3333 I com.miui.home: CheckGCForNative gc_urgency 0.677455 current_native_bytes is 175505855
12-18 15:17:10.899  3333  3333 I wm_on_top_resumed_gained_called: [127772723,com.miui.home.launcher.Launcher,topStateChangedWhenResumed]
12-18 15:17:10.922  3333  3733 I com.miui.home: CheckGCForNative adj_start_bytes: 45018819 NativeAllocationGcWatermark: 11858102 java_gc_start_bytes: 27231666 kNewNativeDiscountFactor: 2 kOldNativeDiscountFactor: 65536 old_native_bytes: 151997755 new_native_bytes: 23604196 add_bytes_allowed: 35574306 is_gc_concurrent: 1 target_footprint_: 27755954 GetBytesAllocated: 18853886 HeapGrowthMultiplier: 3
12-18 15:17:10.922  3333  3733 I com.miui.home: CheckGCForNative gc_urgency 0.681011 current_native_bytes is 175601951
