12-18 16:45:57.729  3317  7933 I com.miui.home: CheckGCForNative adj_start_bytes: 42759591 NativeAllocationGcWatermark: 11587927 java_gc_start_bytes: 25377701 kNewNativeDiscountFactor: 2 kOldNativeDiscountFactor: 65536 old_native_bytes: 123650775 new_native_bytes: 23030712 add_bytes_allowed: 34763781 is_gc_concurrent: 1 target_footprint_: 25594557 GetBytesAllocated: 15788503 HeapGrowthMultiplier: 3
12-18 16:45:57.729  3317  7933 I com.miui.home: CheckGCForNative gc_urgency 0.638588 current_native_bytes is 146681487
12-18 16:45:57.846  3317  3745 I com.miui.home: CheckGCForNative adj_start_bytes: 42759591 NativeAllocationGcWatermark: 11587927 java_gc_start_bytes: 25377701 kNewNativeDiscountFactor: 2 kOldNativeDiscountFactor: 65536 old_native_bytes: 123650775 new_native_bytes: 12304096 add_bytes_allowed: 34763781 is_gc_concurrent: 1 target_footprint_: 25594557 GetBytesAllocated: 16175919 HeapGrowthMultiplier: 3
12-18 16:45:57.846  3317  3745 I com.miui.home: CheckGCForNative gc_urgency 0.522219 current_native_bytes is 135954871
12-18 16:45:58.102  3317  7933 I com.miui.home: CheckGCForNative adj_start_bytes: 42759591 NativeAllocationGcWatermark: 11587927 java_gc_start_bytes: 25377701 kNewNativeDiscountFactor: 2 kOldNativeDiscountFactor: 65536 old_native_bytes: 123650775 new_native_bytes: 12660436 add_bytes_allowed: 34763781 is_gc_concurrent: 1 target_footprint_: 25594557 GetBytesAllocated: 16994969 HeapGrowthMultiplier: 3
12-18 16:45:58.102  3317  7933 I com.miui.home: CheckGCForNative gc_urgency 0.54554 current_native_bytes is 136311211
12-18 16:45:58.257  3317  3745 I com.miui.home: CheckGCForNative adj_start_bytes: 42759591 NativeAllocationGcWatermark: 11587927 java_gc_start_bytes: 25377701 kNewNativeDiscountFactor: 2 kOldNativeDiscountFactor: 65536 old_native_bytes: 123650775 new_native_bytes: 12838728 add_bytes_allowed: 34763781 is_gc_concurrent: 1 target_footprint_: 25594557 GetBytesAllocated: 17405805 HeapGrowthMultiplier: 3
12-18 16:45:58.257  3317  3745 I com.miui.home: CheckGCForNative gc_urgency 0.557233 current_native_bytes is 136489503
12-18 16:45:58.416 14049 14049 I wm_on_application_create_called: [0,com.UCMobile,234]
12-18 16:45:59.412  3317  3317 I wm_on_resume_called: [0,124850748,com.miui.home.launcher.Launcher,RESUME_ACTIVITY,18]
12-18 16:45:59.437  3317  3317 I wm_on_idle_called: com.miui.home.launcher.Launcher
12-18 16:45:59.621 14049 14049 I wm_on_create_called: [0,182832117,com.UCMobile.main.UCMobile,performCreate,1186]
12-18 16:45:59.679  3317 13379 I com.miui.home: CheckGCForNative adj_start_bytes: 42759591 NativeAllocationGcWatermark: 11587927 java_gc_start_bytes: 25377701 kNewNativeDiscountFactor: 2 kOldNativeDiscountFactor: 65536 old_native_bytes: 123650775 new_native_bytes: 23586152 add_bytes_allowed: 34763781 is_gc_concurrent: 1 target_footprint_: 25594557 GetBytesAllocated: 19100515 HeapGrowthMultiplier: 3
12-18 16:45:59.679  3317 13379 I com.miui.home: CheckGCForNative gc_urgency 0.722539 current_native_bytes is 147236927
12-18 16:45:59.681  3317 13379 I com.miui.home: CheckGCForNative adj_start_bytes: 42759591 NativeAllocationGcWatermark: 11587927 java_gc_start_bytes: 25377701 kNewNativeDiscountFactor: 2 kOldNativeDiscountFactor: 65536 old_native_bytes: 123650775 new_native_bytes: 34293096 add_bytes_allowed: 34763781 is_gc_concurrent: 1 target_footprint_: 25594557 GetBytesAllocated: 19120899 HeapGrowthMultiplier: 3
12-18 16:45:59.682  3317 13379 I com.miui.home: CheckGCForNative gc_urgency 0.848215 current_native_bytes is 157943871
12-18 16:45:59.694  3317  3317 I wm_on_top_resumed_gained_called: [124850748,com.miui.home.launcher.Launcher,topStateChangedWhenResumed]
12-18 16:45:59.694  3317  3618 I com.miui.home: CheckGCForNative adj_start_bytes: 42759591 NativeAllocationGcWatermark: 11587927 java_gc_start_bytes: 25377701 kNewNativeDiscountFactor: 2 kOldNativeDiscountFactor: 65536 old_native_bytes: 123650775 new_native_bytes: 23588136 add_bytes_allowed: 34763781 is_gc_concurrent: 1 target_footprint_: 25594557 GetBytesAllocated: 19140395 HeapGrowthMultiplier: 3
12-18 16:45:59.695  3317  3618 I com.miui.home: CheckGCForNative gc_urgency 0.723495 current_native_bytes is 147238911
12-18 16:45:59.965 14049 14049 I wm_on_create_called: [0,52509256,com.uc.browser.InnerUCMobile,performCreate,184]
12-18 16:45:59.981 14049 14049 I wm_on_start_called: [0,52509256,com.uc.browser.InnerUCMobile,handleStartActivity,15]
12-18 16:46:00.001  3317  3745 I com.miui.home: CheckGCForNative adj_start_bytes: 42759591 NativeAllocationGcWatermark: 11587927 java_gc_start_bytes: 25377701 kNewNativeDiscountFactor: 2 kOldNativeDiscountFactor: 65536 old_native_bytes: 123650775 new_native_bytes: 23747960 add_bytes_allowed: 34763781 is_gc_concurrent: 1 target_footprint_: 25594557 GetBytesAllocated: 19577037 HeapGrowthMultiplier: 3
12-18 16:46:00.001  3317  3745 I com.miui.home: CheckGCForNative gc_urgency 0.735575 current_native_bytes is 147398735
12-18 16:46:00.001  3317  3745 I com.miui.home: CheckGCForNative adj_start_bytes: 42759591 NativeAllocationGcWatermark: 11587927 java_gc_start_bytes: 25377701 kNewNativeDiscountFactor: 2 kOldNativeDiscountFactor: 65536 old_native_bytes: 123650775 new_native_bytes: 23750776 add_bytes_allowed: 34763781 is_gc_concurrent: 1 target_footprint_: 25594557 GetBytesAllocated: 19578579 HeapGrowthMultiplier: 3
12-18 16:46:00.001  3317  3745 I com.miui.home: CheckGCForNative gc_urgency 0.735644 current_native_bytes is 147401551
12-18 16:46:00.055 14049 14049 I wm_on_resume_called: [0,52509256,com.uc.browser.InnerUCMobile,RESUME_ACTIVITY,55]
12-18 16:46:00.195  3317  3744 I com.miui.home: CheckGCForNative adj_start_bytes: 42759591 NativeAllocationGcWatermark: 11587927 java_gc_start_bytes: 25377701 kNewNativeDiscountFactor: 2 kOldNativeDiscountFactor: 65536 old_native_bytes: 123650775 new_native_bytes: 34650076 add_bytes_allowed: 34763781 is_gc_concurrent: 1 target_footprint_: 25594557 GetBytesAllocated: 19970185 HeapGrowthMultiplier: 3
12-18 16:46:00.195  3317  3744 I com.miui.home: CheckGCForNative gc_urgency 0.872251 current_native_bytes is 158300851
12-18 16:46:00.195  3317  3744 I com.miui.home: CheckGCForNative adj_start_bytes: 42759591 NativeAllocationGcWatermark: 11587927 java_gc_start_bytes: 25377701 kNewNativeDiscountFactor: 2 kOldNativeDiscountFactor: 65536 old_native_bytes: 123650775 new_native_bytes: 45357340 add_bytes_allowed: 34763781 is_gc_concurrent: 1 target_footprint_: 25594557 GetBytesAllocated: 19970377 HeapGrowthMultiplier: 3
12-18 16:46:00.196  3317  3744 I com.miui.home: CheckGCForNative gc_urgency 0.997459 current_native_bytes is 169008115
12-18 16:46:00.241  3317  7933 I com.miui.home: CheckGCForNative adj_start_bytes: 42759591 NativeAllocationGcWatermark: 11587927 java_gc_start_bytes: 25377701 kNewNativeDiscountFactor: 2 kOldNativeDiscountFactor: 65536 old_native_bytes: 123650775 new_native_bytes: 45373532 add_bytes_allowed: 34763781 is_gc_concurrent: 1 target_footprint_: 25594557 GetBytesAllocated: 20031498 HeapGrowthMultiplier: 3
12-18 16:46:00.241  3317  7933 I com.miui.home: CheckGCForNative gc_urgency 0.999078 current_native_bytes is 169024307
12-18 16:46:00.338 14049 14049 I wm_on_destroy_called: [0,182832117,com.UCMobile.main.UCMobile,performDestroy,124]
12-18 16:46:00.398  3317  3317 I wm_on_top_resumed_lost_called: [124850748,com.miui.home.launcher.Launcher,topStateChangedWhenResumed]
12-18 16:46:00.635  3317  7933 I com.miui.home: CheckGCForNative adj_start_bytes: 42759591 NativeAllocationGcWatermark: 11587927 java_gc_start_bytes: 25377701 kNewNativeDiscountFactor: 2 kOldNativeDiscountFactor: 65536 old_native_bytes: 123650775 new_native_bytes: 35062832 add_bytes_allowed: 34763781 is_gc_concurrent: 1 target_footprint_: 25594557 GetBytesAllocated: 20880605 HeapGrowthMultiplier: 3
12-18 16:46:00.635  3317  7933 I com.miui.home: CheckGCForNative gc_urgency 0.898369 current_native_bytes is 158713607
12-18 16:46:00.694  3317  7933 I com.miui.home: CheckGCForNative adj_start_bytes: 42759591 NativeAllocationGcWatermark: 11587927 java_gc_start_bytes: 25377701 kNewNativeDiscountFactor: 2 kOldNativeDiscountFactor: 65536 old_native_bytes: 123650775 new_native_bytes: 45863216 add_bytes_allowed: 34763781 is_gc_concurrent: 1 target_footprint_: 25594557 GetBytesAllocated: 21004447 HeapGrowthMultiplier: 3
12-18 16:46:00.694  3317  7933 I com.miui.home: CheckGCForNative gc_urgency 1.02756 current_native_bytes is 169513991
12-18 16:46:00.694  3317  7933 I com.miui.home: CheckGCForNative requested 1
12-18 16:46:00.721  3317  3317 I wm_on_paused_called: [0,124850748,com.miui.home.launcher.Launcher,performPause,4]
12-18 16:46:00.893 14049 14049 I wm_on_paused_called: [0,52509256,com.uc.browser.InnerUCMobile,performPause,44]
12-18 16:46:00.912  3317  3353 I com.miui.home: NativeAlloc concurrent copying GC freed 175883(7498KB) AllocSpace objects, 26(680KB) LOS objects, 49% free, 12MB/24MB, paused 193us,122us total 217.441ms
12-18 16:46:01.135  3317  3745 I com.miui.home: CheckGCForNative gc_urgency 0 current_native_bytes is 124879867
12-18 16:46:01.163 14049 14049 I wm_on_stop_called: [0,52509256,com.uc.browser.InnerUCMobile,STOP_ACTIVITY_ITEM,139]
12-18 16:46:01.224  3317  3745 I com.miui.home: CheckGCForNative gc_urgency 0 current_native_bytes is 124875707
12-18 16:46:01.458 14049 14049 I wm_on_idle_called: com.uc.browser.InnerUCMobile
12-18 16:46:01.468  3317  3745 I com.miui.home: CheckGCForNative gc_urgency 0 current_native_bytes is 124837307
12-18 16:46:01.954 14456 14456 I wm_on_create_called: [0,233810488,com.tencent.mtt.SplashActivity,performCreate,145]
12-18 16:46:02.082 14456 14456 I wm_on_create_called: [0,120748998,com.tencent.mtt.MainActivity,performCreate,93]
12-18 16:46:02.155 14456 14456 I wm_on_start_called: [0,120748998,com.tencent.mtt.MainActivity,handleStartActivity,73]
12-18 16:46:02.620  3317  3317 I wm_on_resume_called: [0,124850748,com.miui.home.launcher.Launcher,RESUME_ACTIVITY,16]
12-18 16:46:02.642  3317  3317 I wm_on_idle_called: com.miui.home.launcher.Launcher
12-18 16:46:02.752  3317 10373 I com.miui.home: CheckGCForNative adj_start_bytes: 42982766 NativeAllocationGcWatermark: 11619604 java_gc_start_bytes: 25553360 kNewNativeDiscountFactor: 2 kOldNativeDiscountFactor: 65536 old_native_bytes: 124837307 new_native_bytes: 11051648 add_bytes_allowed: 34858812 is_gc_concurrent: 1 target_footprint_: 25847971 GetBytesAllocated: 15712813 HeapGrowthMultiplier: 3
12-18 16:46:02.752  3317 10373 I com.miui.home: CheckGCForNative gc_urgency 0.494164 current_native_bytes is 135888955
12-18 16:46:02.765  3317 11887 I com.miui.home: CheckGCForNative adj_start_bytes: 42982766 NativeAllocationGcWatermark: 11619604 java_gc_start_bytes: 25553360 kNewNativeDiscountFactor: 2 kOldNativeDiscountFactor: 65536 old_native_bytes: 124837307 new_native_bytes: 11053632 add_bytes_allowed: 34858812 is_gc_concurrent: 1 target_footprint_: 25847971 GetBytesAllocated: 15978270 HeapGrowthMultiplier: 3
12-18 16:46:02.768  3317 11887 I com.miui.home: CheckGCForNative gc_urgency 0.500723 current_native_bytes is 135890939
12-18 16:46:02.771  3317 10373 I com.miui.home: CheckGCForNative adj_start_bytes: 42982766 NativeAllocationGcWatermark: 11619604 java_gc_start_bytes: 25553360 kNewNativeDiscountFactor: 2 kOldNativeDiscountFactor: 65536 old_native_bytes: 124837307 new_native_bytes: 21760768 add_bytes_allowed: 34858812 is_gc_concurrent: 1 target_footprint_: 25847971 GetBytesAllocated: 15990357 HeapGrowthMultiplier: 3
12-18 16:46:02.771  3317 10373 I com.miui.home: CheckGCForNative gc_urgency 0.625715 current_native_bytes is 146598075
12-18 16:46:02.787  3317  7955 I com.miui.home: CheckGCForNative adj_start_bytes: 42982766 NativeAllocationGcWatermark: 11619604 java_gc_start_bytes: 25553360 kNewNativeDiscountFactor: 2 kOldNativeDiscountFactor: 65536 old_native_bytes: 124837307 new_native_bytes: 11061920 add_bytes_allowed: 34858812 is_gc_concurrent: 1 target_footprint_: 25847971 GetBytesAllocated: 16055531 HeapGrowthMultiplier: 3
12-18 16:46:02.787  3317  7955 I com.miui.home: CheckGCForNative gc_urgency 0.502257 current_native_bytes is 135899227
12-18 16:46:03.031  3317 11887 I com.miui.home: CheckGCForNative adj_start_bytes: 42982766 NativeAllocationGcWatermark: 11619604 java_gc_start_bytes: 25553360 kNewNativeDiscountFactor: 2 kOldNativeDiscountFactor: 65536 old_native_bytes: 124837307 new_native_bytes: 11162176 add_bytes_allowed: 34858812 is_gc_concurrent: 1 target_footprint_: 25847971 GetBytesAllocated: 16443557 HeapGrowthMultiplier: 3
12-18 16:46:03.031  3317 11887 I com.miui.home: CheckGCForNative gc_urgency 0.512451 current_native_bytes is 135999483
12-18 16:46:03.051  3317  3317 I wm_on_top_resumed_gained_called: [124850748,com.miui.home.launcher.Launcher,topStateChangedWhenResumed]
12-18 16:46:03.135  3317  3745 I com.miui.home: CheckGCForNative adj_start_bytes: 42982766 NativeAllocationGcWatermark: 11619604 java_gc_start_bytes: 25553360 kNewNativeDiscountFactor: 2 kOldNativeDiscountFactor: 65536 old_native_bytes: 124837307 new_native_bytes: 11169120 add_bytes_allowed: 34858812 is_gc_concurrent: 1 target_footprint_: 25847971 GetBytesAllocated: 16499024 HeapGrowthMultiplier: 3
12-18 16:46:03.135  3317  3745 I com.miui.home: CheckGCForNative gc_urgency 0.513822 current_native_bytes is 136006427
12-18 16:46:03.198  3317  3317 I wm_on_top_resumed_lost_called: [124850748,com.miui.home.launcher.Launcher,topStateChangedWhenResumed]
12-18 16:46:03.241 14456 14456 I wm_on_resume_called: [0,120748998,com.tencent.mtt.MainActivity,RESUME_ACTIVITY,1084]
12-18 16:46:03.292 14456 14456 I wm_on_top_resumed_gained_called: [120748998,com.tencent.mtt.MainActivity,topStateChangedWhenResumed]
12-18 16:46:03.305  3317  3744 I com.miui.home: CheckGCForNative adj_start_bytes: 42982766 NativeAllocationGcWatermark: 11619604 java_gc_start_bytes: 25553360 kNewNativeDiscountFactor: 2 kOldNativeDiscountFactor: 65536 old_native_bytes: 124837307 new_native_bytes: 21766752 add_bytes_allowed: 34858812 is_gc_concurrent: 1 target_footprint_: 25847971 GetBytesAllocated: 16558395 HeapGrowthMultiplier: 3
12-18 16:46:03.305  3317  3744 I com.miui.home: CheckGCForNative gc_urgency 0.638481 current_native_bytes is 146604059
12-18 16:46:03.313  3317  3744 I com.miui.home: CheckGCForNative adj_start_bytes: 42982766 NativeAllocationGcWatermark: 11619604 java_gc_start_bytes: 25553360 kNewNativeDiscountFactor: 2 kOldNativeDiscountFactor: 65536 old_native_bytes: 124837307 new_native_bytes: 32473888 add_bytes_allowed: 34858812 is_gc_concurrent: 1 target_footprint_: 25847971 GetBytesAllocated: 16567903 HeapGrowthMultiplier: 3
12-18 16:46:03.313  3317  3744 I com.miui.home: CheckGCForNative gc_urgency 0.763254 current_native_bytes is 157311195
12-18 16:46:03.327  3317  3317 I wm_on_paused_called: [0,124850748,com.miui.home.launcher.Launcher,performPause,3]
12-18 16:46:03.648  3317  7933 I com.miui.home: CheckGCForNative adj_start_bytes: 42982766 NativeAllocationGcWatermark: 11619604 java_gc_start_bytes: 25553360 kNewNativeDiscountFactor: 2 kOldNativeDiscountFactor: 65536 old_native_bytes: 124837307 new_native_bytes: 21760788 add_bytes_allowed: 34858812 is_gc_concurrent: 1 target_footprint_: 25847971 GetBytesAllocated: 17250172 HeapGrowthMultiplier: 3
12-18 16:46:03.648  3317  7933 I com.miui.home: CheckGCForNative gc_urgency 0.654506 current_native_bytes is 146598095
12-18 16:46:03.671  3317  7933 I com.miui.home: CheckGCForNative adj_start_bytes: 42982766 NativeAllocationGcWatermark: 11619604 java_gc_start_bytes: 25553360 kNewNativeDiscountFactor: 2 kOldNativeDiscountFactor: 65536 old_native_bytes: 124837307 new_native_bytes: 32563828 add_bytes_allowed: 34858812 is_gc_concurrent: 1 target_footprint_: 25847971 GetBytesAllocated: 17386103 HeapGrowthMultiplier: 3
12-18 16:46:03.671  3317  7933 I com.miui.home: CheckGCForNative gc_urgency 0.783335 current_native_bytes is 157401135
12-18 16:46:03.728  3317  3317 I wm_on_stop_called: [0,124850748,com.miui.home.launcher.Launcher,STOP_ACTIVITY_ITEM,7]
12-18 16:46:03.871 14456 14456 I wm_on_top_resumed_lost_called: [120748998,com.tencent.mtt.MainActivity,topStateChangedWhenResumed]
12-18 16:46:03.969 14456 14456 I wm_on_paused_called: [0,120748998,com.tencent.mtt.MainActivity,performPause,4]
12-18 16:46:03.977 14456 14456 I wm_on_resume_called: [0,120748998,com.tencent.mtt.MainActivity,LIFECYCLER_RESUME_ACTIVITY,5]
12-18 16:46:03.979 14456 14456 I wm_on_top_resumed_gained_called: [120748998,com.tencent.mtt.MainActivity,topStateChangedWhenResumed]
12-18 16:46:04.044 14456 14456 I wm_on_destroy_called: [0,233810488,com.tencent.mtt.SplashActivity,performDestroy,1]
12-18 16:46:04.509  3317  3317 I wm_on_restart_called: [0,124850748,com.miui.home.launcher.Launcher,,0]
12-18 16:46:04.511  3317  3317 I wm_on_start_called: [0,124850748,com.miui.home.launcher.Launcher,handleStartActivity,2]
12-18 16:46:04.531  3317  3317 I wm_on_resume_called: [0,124850748,com.miui.home.launcher.Launcher,RESUME_ACTIVITY,18]
12-18 16:46:04.595  3317  3317 I wm_on_idle_called: com.miui.home.launcher.Launcher
12-18 16:46:04.686  3317  3361 I com.miui.home: CheckGCForNative gc_urgency 0 current_native_bytes is 135138671
12-18 16:46:04.687  3317  3361 I com.miui.home: CheckGCForNative adj_start_bytes: 42365512 NativeAllocationGcWatermark: 11537415 java_gc_start_bytes: 25059390 kNewNativeDiscountFactor: 2 kOldNativeDiscountFactor: 65536 old_native_bytes: 135138671 new_native_bytes: 10706944 add_bytes_allowed: 34612245 is_gc_concurrent: 1 target_footprint_: 25190462 GetBytesAllocated: 13659028 HeapGrowthMultiplier: 3
12-18 16:46:04.687  3317  3361 I com.miui.home: CheckGCForNative gc_urgency 0.448822 current_native_bytes is 145845615
12-18 16:46:04.718 14456 14456 I wm_on_top_resumed_lost_called: [120748998,com.tencent.mtt.MainActivity,topStateChangedWhenResumed]
12-18 16:46:04.730  3317  3317 I wm_on_top_resumed_gained_called: [124850748,com.miui.home.launcher.Launcher,topStateChangedWhenResumed]
12-18 16:46:04.810 14456 14456 I wm_on_idle_called: com.tencent.mtt.MainActivity
12-18 16:46:04.811 14456 14456 I wm_on_idle_called: com.tencent.mtt.MainActivity
12-18 16:46:04.879  3317  3745 I com.miui.home: CheckGCForNative adj_start_bytes: 42365512 NativeAllocationGcWatermark: 11537415 java_gc_start_bytes: 25059390 kNewNativeDiscountFactor: 2 kOldNativeDiscountFactor: 65536 old_native_bytes: 135138671 new_native_bytes: 67040 add_bytes_allowed: 34612245 is_gc_concurrent: 1 target_footprint_: 25190462 GetBytesAllocated: 14120275 HeapGrowthMultiplier: 3
12-18 16:46:04.879  3317  3745 I com.miui.home: CheckGCForNative gc_urgency 0.334136 current_native_bytes is 135205711
12-18 16:46:05.002  3317  3745 I com.miui.home: CheckGCForNative adj_start_bytes: 42365512 NativeAllocationGcWatermark: 11537415 java_gc_start_bytes: 25059390 kNewNativeDiscountFactor: 2 kOldNativeDiscountFactor: 65536 old_native_bytes: 135138671 new_native_bytes: 79328 add_bytes_allowed: 34612245 is_gc_concurrent: 1 target_footprint_: 25190462 GetBytesAllocated: 14494645 HeapGrowthMultiplier: 3
12-18 16:46:05.002  3317  3745 I com.miui.home: CheckGCForNative gc_urgency 0.343118 current_native_bytes is 135217999
12-18 16:46:05.031 14863 14863 I wm_on_application_create_called: [0,com.tencent.mtt,313]
12-18 16:46:05.172  3317  3744 I com.miui.home: CheckGCForNative adj_start_bytes: 42365512 NativeAllocationGcWatermark: 11537415 java_gc_start_bytes: 25059390 kNewNativeDiscountFactor: 2 kOldNativeDiscountFactor: 65536 old_native_bytes: 135138671 new_native_bytes: 10623040 add_bytes_allowed: 34612245 is_gc_concurrent: 1 target_footprint_: 25190462 GetBytesAllocated: 14575305 HeapGrowthMultiplier: 3
12-18 16:46:05.174  3317  3744 I com.miui.home: CheckGCForNative gc_urgency 0.469459 current_native_bytes is 145761711
12-18 16:46:05.175  3317  3744 I com.miui.home: CheckGCForNative adj_start_bytes: 42365512 NativeAllocationGcWatermark: 11537415 java_gc_start_bytes: 25059390 kNewNativeDiscountFactor: 2 kOldNativeDiscountFactor: 65536 old_native_bytes: 135138671 new_native_bytes: 21330240 add_bytes_allowed: 34612245 is_gc_concurrent: 1 target_footprint_: 25190462 GetBytesAllocated: 14575513 HeapGrowthMultiplier: 3
12-18 16:46:05.175  3317  3744 I com.miui.home: CheckGCForNative gc_urgency 0.595831 current_native_bytes is 156468911
12-18 16:46:05.192 14456 14456 I wm_on_paused_called: [0,120748998,com.tencent.mtt.MainActivity,performPause,4]
12-18 16:46:05.357  3317  3677 I com.miui.home: CheckGCForNative adj_start_bytes: 42365512 NativeAllocationGcWatermark: 11537415 java_gc_start_bytes: 25059390 kNewNativeDiscountFactor: 2 kOldNativeDiscountFactor: 65536 old_native_bytes: 135138671 new_native_bytes: 10827064 add_bytes_allowed: 34612245 is_gc_concurrent: 1 target_footprint_: 25190462 GetBytesAllocated: 14850440 HeapGrowthMultiplier: 3
12-18 16:46:05.357  3317  3677 I com.miui.home: CheckGCForNative gc_urgency 0.478362 current_native_bytes is 145965735
12-18 16:46:05.430  3317  3317 I wm_on_top_resumed_lost_called: [124850748,com.miui.home.launcher.Launcher,topStateChangedWhenResumed]
12-18 16:46:05.436  3317  3317 I wm_on_paused_called: [0,124850748,com.miui.home.launcher.Launcher,performPause,3]
12-18 16:46:05.487 14456 14456 I wm_on_stop_called: [0,120748998,com.tencent.mtt.MainActivity,STOP_ACTIVITY_ITEM,238]
12-18 16:46:05.821  3317  7933 I com.miui.home: CheckGCForNative adj_start_bytes: 42365512 NativeAllocationGcWatermark: 11537415 java_gc_start_bytes: 25059390 kNewNativeDiscountFactor: 2 kOldNativeDiscountFactor: 65536 old_native_bytes: 135138671 new_native_bytes: 22395740 add_bytes_allowed: 34612245 is_gc_concurrent: 1 target_footprint_: 25190462 GetBytesAllocated: 15911652 HeapGrowthMultiplier: 3
12-18 16:46:05.821  3317  7933 I com.miui.home: CheckGCForNative gc_urgency 0.639945 current_native_bytes is 157534411
12-18 16:46:05.935  3317  3745 I com.miui.home: CheckGCForNative adj_start_bytes: 42365512 NativeAllocationGcWatermark: 11537415 java_gc_start_bytes: 25059390 kNewNativeDiscountFactor: 2 kOldNativeDiscountFactor: 65536 old_native_bytes: 135138671 new_native_bytes: 11723020 add_bytes_allowed: 34612245 is_gc_concurrent: 1 target_footprint_: 25190462 GetBytesAllocated: 16170715 HeapGrowthMultiplier: 3
12-18 16:46:05.935  3317  3745 I com.miui.home: CheckGCForNative gc_urgency 0.5201 current_native_bytes is 146861691
12-18 16:46:06.079  3317  3745 I com.miui.home: CheckGCForNative adj_start_bytes: 42365512 NativeAllocationGcWatermark: 11537415 java_gc_start_bytes: 25059390 kNewNativeDiscountFactor: 2 kOldNativeDiscountFactor: 65536 old_native_bytes: 135138671 new_native_bytes: 11775500 add_bytes_allowed: 34612245 is_gc_concurrent: 1 target_footprint_: 25190462 GetBytesAllocated: 16512829 HeapGrowthMultiplier: 3
12-18 16:46:06.080  3317  3745 I com.miui.home: CheckGCForNative gc_urgency 0.528794 current_native_bytes is 146914171
12-18 16:46:06.213  3317  3745 I com.miui.home: CheckGCForNative adj_start_bytes: 42365512 NativeAllocationGcWatermark: 11537415 java_gc_start_bytes: 25059390 kNewNativeDiscountFactor: 2 kOldNativeDiscountFactor: 65536 old_native_bytes: 135138671 new_native_bytes: 11856128 add_bytes_allowed: 34612245 is_gc_concurrent: 1 target_footprint_: 25190462 GetBytesAllocated: 16698106 HeapGrowthMultiplier: 3
12-18 16:46:06.213  3317  3745 I com.miui.home: CheckGCForNative gc_urgency 0.534119 current_native_bytes is 146994799
12-18 16:46:06.357 15008 15008 I wm_on_application_create_called: [0,com.youku.phone,346]
12-18 16:46:06.542 15008 15008 I wm_on_create_called: [0,60109168,com.youku.phone.ActivityWelcome,performCreate,99]
12-18 16:46:06.797 15008 15008 I wm_on_create_called: [0,258196082,com.youku.v2.HomePageEntry,performCreate,130]
12-18 16:46:06.944 15008 15008 I wm_on_start_called: [0,258196082,com.youku.v2.HomePageEntry,handleStartActivity,146]
12-18 16:46:06.988 15008 15008 I wm_on_resume_called: [0,258196082,com.youku.v2.HomePageEntry,RESUME_ACTIVITY,42]
12-18 16:46:07.017 15008 15008 I wm_on_top_resumed_gained_called: [258196082,com.youku.v2.HomePageEntry,topStateChangedWhenResumed]
12-18 16:46:07.124  3317  3317 I wm_on_resume_called: [0,124850748,com.miui.home.launcher.Launcher,RESUME_ACTIVITY,15]
12-18 16:46:07.143  3317  3317 I wm_on_idle_called: com.miui.home.launcher.Launcher
12-18 16:46:07.259  3317  3361 I com.miui.home: CheckGCForNative adj_start_bytes: 42365512 NativeAllocationGcWatermark: 11537415 java_gc_start_bytes: 25059390 kNewNativeDiscountFactor: 2 kOldNativeDiscountFactor: 65536 old_native_bytes: 135138671 new_native_bytes: 22915544 add_bytes_allowed: 34612245 is_gc_concurrent: 1 target_footprint_: 25190462 GetBytesAllocated: 19088165 HeapGrowthMultiplier: 3
12-18 16:46:07.259  3317  3361 I com.miui.home: CheckGCForNative gc_urgency 0.721058 current_native_bytes is 158054215
12-18 16:46:07.260  3317  3361 I com.miui.home: CheckGCForNative adj_start_bytes: 42365512 NativeAllocationGcWatermark: 11537415 java_gc_start_bytes: 25059390 kNewNativeDiscountFactor: 2 kOldNativeDiscountFactor: 65536 old_native_bytes: 135138671 new_native_bytes: 33622488 add_bytes_allowed: 34612245 is_gc_concurrent: 1 target_footprint_: 25190462 GetBytesAllocated: 19089572 HeapGrowthMultiplier: 3
12-18 16:46:07.260  3317  3361 I com.miui.home: CheckGCForNative gc_urgency 0.847455 current_native_bytes is 168761159
12-18 16:46:07.324  3317  3745 I com.miui.home: CheckGCForNative adj_start_bytes: 42365512 NativeAllocationGcWatermark: 11537415 java_gc_start_bytes: 25059390 kNewNativeDiscountFactor: 2 kOldNativeDiscountFactor: 65536 old_native_bytes: 135138671 new_native_bytes: 23024872 add_bytes_allowed: 34612245 is_gc_concurrent: 1 target_footprint_: 25190462 GetBytesAllocated: 19149243 HeapGrowthMultiplier: 3
12-18 16:46:07.324  3317  3745 I com.miui.home: CheckGCForNative gc_urgency 0.72379 current_native_bytes is 158163543
12-18 16:46:07.413  3317  3745 I com.miui.home: CheckGCForNative adj_start_bytes: 42365512 NativeAllocationGcWatermark: 11537415 java_gc_start_bytes: 25059390 kNewNativeDiscountFactor: 2 kOldNativeDiscountFactor: 65536 old_native_bytes: 135138671 new_native_bytes: 23035304 add_bytes_allowed: 34612245 is_gc_concurrent: 1 target_footprint_: 25190462 GetBytesAllocated: 19183870 HeapGrowthMultiplier: 3
12-18 16:46:07.413  3317  3745 I com.miui.home: CheckGCForNative gc_urgency 0.724731 current_native_bytes is 158173975
12-18 16:46:07.529  3317  3317 I wm_on_top_resumed_gained_called: [124850748,com.miui.home.launcher.Launcher,topStateChangedWhenResumed]
12-18 16:46:07.679  3317  3745 I com.miui.home: CheckGCForNative adj_start_bytes: 42365512 NativeAllocationGcWatermark: 11537415 java_gc_start_bytes: 25059390 kNewNativeDiscountFactor: 2 kOldNativeDiscountFactor: 65536 old_native_bytes: 135138671 new_native_bytes: 23014376 add_bytes_allowed: 34612245 is_gc_concurrent: 1 target_footprint_: 25190462 GetBytesAllocated: 19300909 HeapGrowthMultiplier: 3
12-18 16:46:07.679  3317  3745 I com.miui.home: CheckGCForNative gc_urgency 0.727246 current_native_bytes is 158153047
12-18 16:46:07.763  3317  3744 I com.miui.home: CheckGCForNative adj_start_bytes: 42365512 NativeAllocationGcWatermark: 11537415 java_gc_start_bytes: 25059390 kNewNativeDiscountFactor: 2 kOldNativeDiscountFactor: 65536 old_native_bytes: 135138671 new_native_bytes: 33719800 add_bytes_allowed: 34612245 is_gc_concurrent: 1 target_footprint_: 25190462 GetBytesAllocated: 19338272 HeapGrowthMultiplier: 3
12-18 16:46:07.763  3317  3744 I com.miui.home: CheckGCForNative gc_urgency 0.854474 current_native_bytes is 168858471
12-18 16:46:07.764  3317  3744 I com.miui.home: CheckGCForNative adj_start_bytes: 42365512 NativeAllocationGcWatermark: 11537415 java_gc_start_bytes: 25059390 kNewNativeDiscountFactor: 2 kOldNativeDiscountFactor: 65536 old_native_bytes: 135138671 new_native_bytes: 44426808 add_bytes_allowed: 34612245 is_gc_concurrent: 1 target_footprint_: 25190462 GetBytesAllocated: 19348258 HeapGrowthMultiplier: 3
12-18 16:46:07.764  3317  3744 I com.miui.home: CheckGCForNative gc_urgency 0.981075 current_native_bytes is 179565479
12-18 16:46:07.998  3317  3317 I wm_on_top_resumed_lost_called: [124850748,com.miui.home.launcher.Launcher,topStateChangedWhenResumed]
12-18 16:46:08.233  3317 11887 I com.miui.home: CheckGCForNative adj_start_bytes: 42365512 NativeAllocationGcWatermark: 11537415 java_gc_start_bytes: 25059390 kNewNativeDiscountFactor: 2 kOldNativeDiscountFactor: 65536 old_native_bytes: 135138671 new_native_bytes: 34094408 add_bytes_allowed: 34612245 is_gc_concurrent: 1 target_footprint_: 25190462 GetBytesAllocated: 19944504 HeapGrowthMultiplier: 3
12-18 16:46:08.233  3317 11887 I com.miui.home: CheckGCForNative gc_urgency 0.873205 current_native_bytes is 169233079
12-18 16:46:08.288  3317  3317 I wm_on_paused_called: [0,124850748,com.miui.home.launcher.Launcher,performPause,3]
12-18 16:46:08.306  3317 11887 I com.miui.home: CheckGCForNative adj_start_bytes: 42365512 NativeAllocationGcWatermark: 11537415 java_gc_start_bytes: 25059390 kNewNativeDiscountFactor: 2 kOldNativeDiscountFactor: 65536 old_native_bytes: 135138671 new_native_bytes: 34218296 add_bytes_allowed: 34612245 is_gc_concurrent: 1 target_footprint_: 25190462 GetBytesAllocated: 20077826 HeapGrowthMultiplier: 3
12-18 16:46:08.307  3317 11887 I com.miui.home: CheckGCForNative gc_urgency 0.877814 current_native_bytes is 169356967
12-18 16:46:08.465  3317  7933 I com.miui.home: CheckGCForNative adj_start_bytes: 42365512 NativeAllocationGcWatermark: 11537415 java_gc_start_bytes: 25059390 kNewNativeDiscountFactor: 2 kOldNativeDiscountFactor: 65536 old_native_bytes: 135138671 new_native_bytes: 44969108 add_bytes_allowed: 34612245 is_gc_concurrent: 1 target_footprint_: 25190462 GetBytesAllocated: 20583312 HeapGrowthMultiplier: 3
12-18 16:46:08.465  3317  7933 I com.miui.home: CheckGCForNative gc_urgency 1.01663 current_native_bytes is 180107779
12-18 16:46:08.465  3317  7933 I com.miui.home: CheckGCForNative requested 1
12-18 16:46:08.736  3317  3353 I com.miui.home: NativeAlloc concurrent copying GC freed 171076(7250KB) AllocSpace objects, 28(784KB) LOS objects, 50% free, 12MB/24MB, paused 479us,28us total 271.002ms
12-18 16:46:08.757  3317  3745 I com.miui.home: CheckGCForNative gc_urgency 0 current_native_bytes is 125303943
12-18 16:46:09.035  3317  3745 I com.miui.home: CheckGCForNative gc_urgency 0 current_native_bytes is 124976119
12-18 16:46:09.057  3317  3745 I com.miui.home: CheckGCForNative adj_start_bytes: 42728700 NativeAllocationGcWatermark: 11617037 java_gc_start_bytes: 25303145 kNewNativeDiscountFactor: 2 kOldNativeDiscountFactor: 65536 old_native_bytes: 124976119 new_native_bytes: 576 add_bytes_allowed: 34851111 is_gc_concurrent: 1 target_footprint_: 25827433 GetBytesAllocated: 13322920 HeapGrowthMultiplier: 3
12-18 16:46:09.057  3317  3745 I com.miui.home: CheckGCForNative gc_urgency 0.311854 current_native_bytes is 124976695
12-18 16:46:09.233 15442 15442 I wm_on_create_called: [0,233155544,com.ucpro.MainActivity,performCreate,134]
12-18 16:46:09.713 15442 15442 I wm_on_create_called: [0,68140145,com.ucpro.BrowserActivity,performCreate,390]
12-18 16:46:09.717 15442 15442 I wm_on_start_called: [0,68140145,com.ucpro.BrowserActivity,handleStartActivity,4]
12-18 16:46:09.726 15442 15442 I wm_on_resume_called: [0,68140145,com.ucpro.BrowserActivity,RESUME_ACTIVITY,8]
12-18 16:46:09.755 15442 15442 I wm_on_top_resumed_gained_called: [68140145,com.ucpro.BrowserActivity,topStateChangedWhenResumed]
12-18 16:46:10.212  3317  3317 I wm_on_stop_called: [0,124850748,com.miui.home.launcher.Launcher,STOP_ACTIVITY_ITEM,5]
12-18 16:46:10.512 15627 15627 I wm_on_application_create_called: [0,com.tencent.mm,604]
12-18 16:46:10.616 15442 15442 I wm_on_destroy_called: [0,233155544,com.ucpro.MainActivity,performDestroy,7]
12-18 16:46:10.678  3317  3317 I wm_on_restart_called: [0,124850748,com.miui.home.launcher.Launcher,,0]
12-18 16:46:10.680  3317  3317 I wm_on_start_called: [0,124850748,com.miui.home.launcher.Launcher,handleStartActivity,2]
12-18 16:46:10.699  3317  3317 I wm_on_resume_called: [0,124850748,com.miui.home.launcher.Launcher,RESUME_ACTIVITY,16]
12-18 16:46:10.802  3317  3317 I wm_on_idle_called: com.miui.home.launcher.Launcher
12-18 16:46:10.983  3317 13379 I com.miui.home: CheckGCForNative adj_start_bytes: 42299050 NativeAllocationGcWatermark: 11530419 java_gc_start_bytes: 25003422 kNewNativeDiscountFactor: 2 kOldNativeDiscountFactor: 65536 old_native_bytes: 124983091 new_native_bytes: 10109664 add_bytes_allowed: 34591257 is_gc_concurrent: 1 target_footprint_: 25134494 GetBytesAllocated: 14281877 HeapGrowthMultiplier: 3
12-18 16:46:10.983  3317 13379 I com.miui.home: CheckGCForNative gc_urgency 0.457188 current_native_bytes is 135092755
12-18 16:46:10.983  3317 13379 I com.miui.home: CheckGCForNative adj_start_bytes: 42299050 NativeAllocationGcWatermark: 11530419 java_gc_start_bytes: 25003422 kNewNativeDiscountFactor: 2 kOldNativeDiscountFactor: 65536 old_native_bytes: 124983091 new_native_bytes: 20816608 add_bytes_allowed: 34591257 is_gc_concurrent: 1 target_footprint_: 25134494 GetBytesAllocated: 14282069 HeapGrowthMultiplier: 3
12-18 16:46:10.983  3317 13379 I com.miui.home: CheckGCForNative gc_urgency 0.583755 current_native_bytes is 145799699
12-18 16:46:11.087  3317  3618 I com.miui.home: CheckGCForNative adj_start_bytes: 42299050 NativeAllocationGcWatermark: 11530419 java_gc_start_bytes: 25003422 kNewNativeDiscountFactor: 2 kOldNativeDiscountFactor: 65536 old_native_bytes: 124983091 new_native_bytes: 10142752 add_bytes_allowed: 34591257 is_gc_concurrent: 1 target_footprint_: 25134494 GetBytesAllocated: 14369710 HeapGrowthMultiplier: 3
12-18 16:46:11.088  3317  3618 I com.miui.home: CheckGCForNative gc_urgency 0.459656 current_native_bytes is 135125843
12-18 16:46:11.173  3317  3317 I wm_on_top_resumed_gained_called: [124850748,com.miui.home.launcher.Launcher,topStateChangedWhenResumed]
12-18 16:46:11.402  3317  3745 I com.miui.home: CheckGCForNative adj_start_bytes: 42299050 NativeAllocationGcWatermark: 11530419 java_gc_start_bytes: 25003422 kNewNativeDiscountFactor: 2 kOldNativeDiscountFactor: 65536 old_native_bytes: 124983091 new_native_bytes: 10245344 add_bytes_allowed: 34591257 is_gc_concurrent: 1 target_footprint_: 25134494 GetBytesAllocated: 14483786 HeapGrowthMultiplier: 3
12-18 16:46:11.402  3317  3745 I com.miui.home: CheckGCForNative gc_urgency 0.463565 current_native_bytes is 135228435
12-18 16:46:11.435  3317  3745 I com.miui.home: CheckGCForNative adj_start_bytes: 42299050 NativeAllocationGcWatermark: 11530419 java_gc_start_bytes: 25003422 kNewNativeDiscountFactor: 2 kOldNativeDiscountFactor: 65536 old_native_bytes: 124983091 new_native_bytes: 10247008 add_bytes_allowed: 34591257 is_gc_concurrent: 1 target_footprint_: 25134494 GetBytesAllocated: 14505503 HeapGrowthMultiplier: 3
12-18 16:46:11.435  3317  3745 I com.miui.home: CheckGCForNative gc_urgency 0.464098 current_native_bytes is 135230099
12-18 16:46:11.495  3317  3744 I com.miui.home: CheckGCForNative adj_start_bytes: 42299050 NativeAllocationGcWatermark: 11530419 java_gc_start_bytes: 25003422 kNewNativeDiscountFactor: 2 kOldNativeDiscountFactor: 65536 old_native_bytes: 124983091 new_native_bytes: 20895456 add_bytes_allowed: 34591257 is_gc_concurrent: 1 target_footprint_: 25134494 GetBytesAllocated: 14525950 HeapGrowthMultiplier: 3
12-18 16:46:11.495  3317  3744 I com.miui.home: CheckGCForNative gc_urgency 0.590453 current_native_bytes is 145878547
12-18 16:46:11.496  3317  3744 I com.miui.home: CheckGCForNative adj_start_bytes: 42299050 NativeAllocationGcWatermark: 11530419 java_gc_start_bytes: 25003422 kNewNativeDiscountFactor: 2 kOldNativeDiscountFactor: 65536 old_native_bytes: 124983091 new_native_bytes: 31602720 add_bytes_allowed: 34591257 is_gc_concurrent: 1 target_footprint_: 25134494 GetBytesAllocated: 14529520 HeapGrowthMultiplier: 3
12-18 16:46:11.497  3317  3744 I com.miui.home: CheckGCForNative gc_urgency 0.717103 current_native_bytes is 156585811
12-18 16:46:12.217  3317  7933 I com.miui.home: CheckGCForNative adj_start_bytes: 42299050 NativeAllocationGcWatermark: 11530419 java_gc_start_bytes: 25003422 kNewNativeDiscountFactor: 2 kOldNativeDiscountFactor: 65536 old_native_bytes: 124983091 new_native_bytes: 32423948 add_bytes_allowed: 34591257 is_gc_concurrent: 1 target_footprint_: 25134494 GetBytesAllocated: 15282050 HeapGrowthMultiplier: 3
12-18 16:46:12.217  3317  7933 I com.miui.home: CheckGCForNative gc_urgency 0.744601 current_native_bytes is 157407039
12-18 16:46:12.262 15982 15982 I wm_on_application_create_called: [0,com.tencent.mm,603]
12-18 16:46:13.370 15442 15442 I wm_on_top_resumed_lost_called: [68140145,com.ucpro.BrowserActivity,topStateChangedWhenResumed]
12-18 16:46:14.227 15442 15442 I wm_on_paused_called: [0,68140145,com.ucpro.BrowserActivity,performPause,67]
