12-18 15:25:38.613  3318  3318 I wm_on_top_resumed_lost_called: [173676112,com.miui.home.launcher.Launcher,topStateChangedWhenResumed]
12-18 15:25:38.622  3318  3318 I wm_on_paused_called: [0,173676112,com.miui.home.launcher.Launcher,performPause,5]
12-18 15:25:38.800  3318  3996 I com.miui.home: CheckGCForNative adj_start_bytes: 41620029 NativeAllocationGcWatermark: 11458943 java_gc_start_bytes: 24431615 kNewNativeDiscountFactor: 2 kOldNativeDiscountFactor: 65536 old_native_bytes: 71170791 new_native_bytes: 338076 add_bytes_allowed: 34376829 is_gc_concurrent: 1 target_footprint_: 24562687 GetBytesAllocated: 12761879 HeapGrowthMultiplier: 3
12-18 15:25:38.804  3318  3996 I com.miui.home: CheckGCForNative gc_urgency 0.313519 current_native_bytes is 71508867
12-18 15:25:39.025  3318  3996 I com.miui.home: CheckGCForNative adj_start_bytes: 41620029 NativeAllocationGcWatermark: 11458943 java_gc_start_bytes: 24431615 kNewNativeDiscountFactor: 2 kOldNativeDiscountFactor: 65536 old_native_bytes: 71170791 new_native_bytes: 1578908 add_bytes_allowed: 34376829 is_gc_concurrent: 1 target_footprint_: 24562687 GetBytesAllocated: 13208216 HeapGrowthMultiplier: 3
12-18 15:25:39.025  3318  3996 I com.miui.home: CheckGCForNative gc_urgency 0.336347 current_native_bytes is 72749699
12-18 15:25:39.254  3318  3996 I com.miui.home: CheckGCForNative adj_start_bytes: 41620029 NativeAllocationGcWatermark: 11458943 java_gc_start_bytes: 24431615 kNewNativeDiscountFactor: 2 kOldNativeDiscountFactor: 65536 old_native_bytes: 71170791 new_native_bytes: 2139996 add_bytes_allowed: 34376829 is_gc_concurrent: 1 target_footprint_: 24562687 GetBytesAllocated: 13641736 HeapGrowthMultiplier: 3
12-18 15:25:39.254  3318  3996 I com.miui.home: CheckGCForNative gc_urgency 0.353503 current_native_bytes is 73310787
12-18 15:25:39.388  3318  3768 I com.miui.home: CheckGCForNative adj_start_bytes: 41620029 NativeAllocationGcWatermark: 11458943 java_gc_start_bytes: 24431615 kNewNativeDiscountFactor: 2 kOldNativeDiscountFactor: 65536 old_native_bytes: 71170791 new_native_bytes: 2827392 add_bytes_allowed: 34376829 is_gc_concurrent: 1 target_footprint_: 24562687 GetBytesAllocated: 13768918 HeapGrowthMultiplier: 3
12-18 15:25:39.388  3318  3768 I com.miui.home: CheckGCForNative gc_urgency 0.364817 current_native_bytes is 73998183
12-18 15:25:39.590  3318  3996 I com.miui.home: CheckGCForNative adj_start_bytes: 41620029 NativeAllocationGcWatermark: 11458943 java_gc_start_bytes: 24431615 kNewNativeDiscountFactor: 2 kOldNativeDiscountFactor: 65536 old_native_bytes: 71170791 new_native_bytes: 13251488 add_bytes_allowed: 34376829 is_gc_concurrent: 1 target_footprint_: 24562687 GetBytesAllocated: 13908687 HeapGrowthMultiplier: 3
12-18 15:25:39.591  3318  3996 I com.miui.home: CheckGCForNative gc_urgency 0.493405 current_native_bytes is 84422279
12-18 15:25:39.610  3318  3996 I com.miui.home: CheckGCForNative adj_start_bytes: 41620029 NativeAllocationGcWatermark: 11458943 java_gc_start_bytes: 24431615 kNewNativeDiscountFactor: 2 kOldNativeDiscountFactor: 65536 old_native_bytes: 71170791 new_native_bytes: 24040864 add_bytes_allowed: 34376829 is_gc_concurrent: 1 target_footprint_: 24562687 GetBytesAllocated: 13919360 HeapGrowthMultiplier: 3
12-18 15:25:39.610  3318  3996 I com.miui.home: CheckGCForNative gc_urgency 0.623279 current_native_bytes is 95211655
12-18 15:25:39.654  3318  3996 I com.miui.home: CheckGCForNative adj_start_bytes: 41620029 NativeAllocationGcWatermark: 11458943 java_gc_start_bytes: 24431615 kNewNativeDiscountFactor: 2 kOldNativeDiscountFactor: 65536 old_native_bytes: 71170791 new_native_bytes: 24032672 add_bytes_allowed: 34376829 is_gc_concurrent: 1 target_footprint_: 24562687 GetBytesAllocated: 13919360 HeapGrowthMultiplier: 3
12-18 15:25:39.654  3318  3996 I com.miui.home: CheckGCForNative gc_urgency 0.62318 current_native_bytes is 95203463
12-18 15:25:39.657  3318  3996 I com.miui.home: CheckGCForNative adj_start_bytes: 41620029 NativeAllocationGcWatermark: 11458943 java_gc_start_bytes: 24431615 kNewNativeDiscountFactor: 2 kOldNativeDiscountFactor: 65536 old_native_bytes: 71170791 new_native_bytes: 34739616 add_bytes_allowed: 34376829 is_gc_concurrent: 1 target_footprint_: 24562687 GetBytesAllocated: 13926774 HeapGrowthMultiplier: 3
12-18 15:25:39.657  3318  3996 I com.miui.home: CheckGCForNative gc_urgency 0.751986 current_native_bytes is 105910407
12-18 15:25:39.719  3318  3996 I com.miui.home: CheckGCForNative adj_start_bytes: 41620029 NativeAllocationGcWatermark: 11458943 java_gc_start_bytes: 24431615 kNewNativeDiscountFactor: 2 kOldNativeDiscountFactor: 65536 old_native_bytes: 71170791 new_native_bytes: 34740736 add_bytes_allowed: 34376829 is_gc_concurrent: 1 target_footprint_: 24562687 GetBytesAllocated: 13926774 HeapGrowthMultiplier: 3
12-18 15:25:39.719  3318  3996 I com.miui.home: CheckGCForNative gc_urgency 0.751999 current_native_bytes is 105911527
12-18 15:25:39.720  3318  3996 I com.miui.home: CheckGCForNative adj_start_bytes: 41620029 NativeAllocationGcWatermark: 11458943 java_gc_start_bytes: 24431615 kNewNativeDiscountFactor: 2 kOldNativeDiscountFactor: 65536 old_native_bytes: 71170791 new_native_bytes: 45447680 add_bytes_allowed: 34376829 is_gc_concurrent: 1 target_footprint_: 24562687 GetBytesAllocated: 13934202 HeapGrowthMultiplier: 3
12-18 15:25:39.720  3318  3996 I com.miui.home: CheckGCForNative gc_urgency 0.880805 current_native_bytes is 116618471
12-18 15:25:39.857  3318  3996 I com.miui.home: CheckGCForNative adj_start_bytes: 41620029 NativeAllocationGcWatermark: 11458943 java_gc_start_bytes: 24431615 kNewNativeDiscountFactor: 2 kOldNativeDiscountFactor: 65536 old_native_bytes: 71170791 new_native_bytes: 34695104 add_bytes_allowed: 34376829 is_gc_concurrent: 1 target_footprint_: 24562687 GetBytesAllocated: 14187031 HeapGrowthMultiplier: 3
12-18 15:25:39.857  3318  3996 I com.miui.home: CheckGCForNative gc_urgency 0.757704 current_native_bytes is 105865895
12-18 15:25:40.162  3318  3318 I wm_on_resume_called: [0,173676112,com.miui.home.launcher.Launcher,RESUME_ACTIVITY,41]
12-18 15:25:40.183  3318  3318 I wm_on_idle_called: com.miui.home.launcher.Launcher
12-18 15:25:40.283  3318  3373 I com.miui.home: CheckGCForNative adj_start_bytes: 41620029 NativeAllocationGcWatermark: 11458943 java_gc_start_bytes: 24431615 kNewNativeDiscountFactor: 2 kOldNativeDiscountFactor: 65536 old_native_bytes: 71170791 new_native_bytes: 45652944 add_bytes_allowed: 34376829 is_gc_concurrent: 1 target_footprint_: 24562687 GetBytesAllocated: 15481727 HeapGrowthMultiplier: 3
12-18 15:25:40.283  3318  3373 I com.miui.home: CheckGCForNative gc_urgency 0.920453 current_native_bytes is 116823735
12-18 15:25:40.291  3318  3373 I com.miui.home: CheckGCForNative adj_start_bytes: 41620029 NativeAllocationGcWatermark: 11458943 java_gc_start_bytes: 24431615 kNewNativeDiscountFactor: 2 kOldNativeDiscountFactor: 65536 old_native_bytes: 71170791 new_native_bytes: 56359888 add_bytes_allowed: 34376829 is_gc_concurrent: 1 target_footprint_: 24562687 GetBytesAllocated: 15493801 HeapGrowthMultiplier: 3
12-18 15:25:40.291  3318  3373 I com.miui.home: CheckGCForNative gc_urgency 1.04977 current_native_bytes is 127530679
12-18 15:25:40.292  3318  3373 I com.miui.home: CheckGCForNative requested 1
12-18 15:25:40.301  3318  3373 I com.miui.home: CheckGCForNative adj_start_bytes: 41620029 NativeAllocationGcWatermark: 11458943 java_gc_start_bytes: 24431615 kNewNativeDiscountFactor: 2 kOldNativeDiscountFactor: 65536 old_native_bytes: 71170791 new_native_bytes: 56363536 add_bytes_allowed: 34376829 is_gc_concurrent: 1 target_footprint_: 24562687 GetBytesAllocated: 15539252 HeapGrowthMultiplier: 3
12-18 15:25:40.301  3318  3373 I com.miui.home: CheckGCForNative gc_urgency 1.05051 current_native_bytes is 127534327
12-18 15:25:40.301  3318  3373 I com.miui.home: CheckGCForNative requested 1
12-18 15:25:40.387  8072  8072 I wm_on_application_create_called: [0,com.autonavi.minimap,632]
12-18 15:25:40.433  3318  3768 I com.miui.home: CheckGCForNative adj_start_bytes: 41620029 NativeAllocationGcWatermark: 11458943 java_gc_start_bytes: 24431615 kNewNativeDiscountFactor: 2 kOldNativeDiscountFactor: 65536 old_native_bytes: 71170791 new_native_bytes: 45778768 add_bytes_allowed: 34376829 is_gc_concurrent: 1 target_footprint_: 24562687 GetBytesAllocated: 15925360 HeapGrowthMultiplier: 3
12-18 15:25:40.433  3318  3768 I com.miui.home: CheckGCForNative gc_urgency 0.932624 current_native_bytes is 116949559
12-18 15:25:40.500  3318  3768 I com.miui.home: CheckGCForNative adj_start_bytes: 41620029 NativeAllocationGcWatermark: 11458943 java_gc_start_bytes: 24431615 kNewNativeDiscountFactor: 2 kOldNativeDiscountFactor: 65536 old_native_bytes: 71170791 new_native_bytes: 45784304 add_bytes_allowed: 34376829 is_gc_concurrent: 1 target_footprint_: 24562687 GetBytesAllocated: 15980831 HeapGrowthMultiplier: 3
12-18 15:25:40.500  3318  3768 I com.miui.home: CheckGCForNative gc_urgency 0.934023 current_native_bytes is 116955095
12-18 15:25:40.529  3318  3318 I wm_on_top_resumed_gained_called: [173676112,com.miui.home.launcher.Launcher,topStateChangedWhenResumed]
12-18 15:25:40.589  3318  3366 I com.miui.home: NativeAlloc concurrent copying GC freed 68868(2938KB) AllocSpace objects, 5(228KB) LOS objects, 49% free, 12MB/24MB, paused 399us,754us total 295.059ms
12-18 15:25:40.655  7974  7974 I wm_on_application_create_called: [0,com.autonavi.minimap,1442]
12-18 15:25:40.809  3318  3994 I com.miui.home: CheckGCForNative gc_urgency 0 current_native_bytes is 115375243
12-18 15:25:41.104  3318  3318 I wm_on_top_resumed_lost_called: [173676112,com.miui.home.launcher.Launcher,topStateChangedWhenResumed]
12-18 15:25:41.295  7974  7974 I wm_on_create_called: [0,86696165,com.autonavi.map.activity.SplashActivity,performCreate,558]
12-18 15:25:41.308  3318  3318 I wm_on_paused_called: [0,173676112,com.miui.home.launcher.Launcher,performPause,3]
12-18 15:25:41.522  7974  7974 I wm_on_destroy_called: [0,86696165,com.autonavi.map.activity.SplashActivity,performDestroy,4]
12-18 15:25:41.536  8252  8252 I wm_on_application_create_called: [0,com.miui.wmsvc,517]
12-18 15:25:41.777  3318  3768 I com.miui.home: CheckGCForNative adj_start_bytes: 42433820 NativeAllocationGcWatermark: 11585513 java_gc_start_bytes: 25055551 kNewNativeDiscountFactor: 2 kOldNativeDiscountFactor: 65536 old_native_bytes: 115375243 new_native_bytes: 1404668 add_bytes_allowed: 34756539 is_gc_concurrent: 1 target_footprint_: 25575243 GetBytesAllocated: 14229298 HeapGrowthMultiplier: 3
12-18 15:25:41.778  3318  3768 I com.miui.home: CheckGCForNative gc_urgency 0.351922 current_native_bytes is 116779911
12-18 15:25:41.807  3318  3996 I com.miui.home: CheckGCForNative adj_start_bytes: 42433820 NativeAllocationGcWatermark: 11585513 java_gc_start_bytes: 25055551 kNewNativeDiscountFactor: 2 kOldNativeDiscountFactor: 65536 old_native_bytes: 115375243 new_native_bytes: 12113660 add_bytes_allowed: 34756539 is_gc_concurrent: 1 target_footprint_: 25575243 GetBytesAllocated: 14238679 HeapGrowthMultiplier: 3
12-18 15:25:41.808  3318  3996 I com.miui.home: CheckGCForNative gc_urgency 0.478328 current_native_bytes is 127488903
12-18 15:25:41.878  3318  3768 I com.miui.home: CheckGCForNative adj_start_bytes: 42433820 NativeAllocationGcWatermark: 11585513 java_gc_start_bytes: 25055551 kNewNativeDiscountFactor: 2 kOldNativeDiscountFactor: 65536 old_native_bytes: 115375243 new_native_bytes: 1415164 add_bytes_allowed: 34756539 is_gc_concurrent: 1 target_footprint_: 25575243 GetBytesAllocated: 14297253 HeapGrowthMultiplier: 3
12-18 15:25:41.878  3318  3768 I com.miui.home: CheckGCForNative gc_urgency 0.353647 current_native_bytes is 116790407
12-18 15:25:42.111  3318  3768 I com.miui.home: CheckGCForNative adj_start_bytes: 42433820 NativeAllocationGcWatermark: 11585513 java_gc_start_bytes: 25055551 kNewNativeDiscountFactor: 2 kOldNativeDiscountFactor: 65536 old_native_bytes: 115375243 new_native_bytes: 1612796 add_bytes_allowed: 34756539 is_gc_concurrent: 1 target_footprint_: 25575243 GetBytesAllocated: 14592342 HeapGrowthMultiplier: 3
12-18 15:25:42.111  3318  3768 I com.miui.home: CheckGCForNative gc_urgency 0.36293 current_native_bytes is 116988039
12-18 15:25:42.283  8363  8363 I wm_on_create_called: [0,57651177,fm.qingting.qtradio.WelcomeActivity,performCreate,125]
12-18 15:25:42.284  8363  8363 I wm_on_start_called: [0,57651177,fm.qingting.qtradio.WelcomeActivity,handleStartActivity,0]
12-18 15:25:42.291  8363  8363 I wm_on_resume_called: [0,57651177,fm.qingting.qtradio.WelcomeActivity,RESUME_ACTIVITY,4]
12-18 15:25:42.380  8363  8363 I wm_on_top_resumed_gained_called: [57651177,fm.qingting.qtradio.WelcomeActivity,topStateChangedWhenResumed]
12-18 15:25:42.603  3318  3318 I wm_on_stop_called: [0,173676112,com.miui.home.launcher.Launcher,STOP_ACTIVITY_ITEM,8]
12-18 15:25:42.777  8363  8363 I wm_on_idle_called: fm.qingting.qtradio.WelcomeActivity
12-18 15:25:42.894  3318  3318 I wm_on_restart_called: [0,173676112,com.miui.home.launcher.Launcher,,0]
12-18 15:25:42.897  3318  3318 I wm_on_start_called: [0,173676112,com.miui.home.launcher.Launcher,handleStartActivity,2]
12-18 15:25:42.919  3318  3318 I wm_on_resume_called: [0,173676112,com.miui.home.launcher.Launcher,RESUME_ACTIVITY,20]
12-18 15:25:43.040  3318  3318 I wm_on_idle_called: com.miui.home.launcher.Launcher
12-18 15:25:43.155  3318  3372 I com.miui.home: CheckGCForNative adj_start_bytes: 42433820 NativeAllocationGcWatermark: 11585513 java_gc_start_bytes: 25055551 kNewNativeDiscountFactor: 2 kOldNativeDiscountFactor: 65536 old_native_bytes: 115375243 new_native_bytes: 12644908 add_bytes_allowed: 34756539 is_gc_concurrent: 1 target_footprint_: 25575243 GetBytesAllocated: 16025612 HeapGrowthMultiplier: 3
12-18 15:25:43.155  3318  3372 I com.miui.home: CheckGCForNative gc_urgency 0.526922 current_native_bytes is 128020151
12-18 15:25:43.157  3318  3318 I com.miui.home: CheckGCForNative adj_start_bytes: 42433820 NativeAllocationGcWatermark: 11585513 java_gc_start_bytes: 25055551 kNewNativeDiscountFactor: 2 kOldNativeDiscountFactor: 65536 old_native_bytes: 115375243 new_native_bytes: 23352428 add_bytes_allowed: 34756539 is_gc_concurrent: 1 target_footprint_: 25575243 GetBytesAllocated: 16035299 HeapGrowthMultiplier: 3
12-18 15:25:43.157  3318  3318 I com.miui.home: CheckGCForNative gc_urgency 0.653094 current_native_bytes is 138727671
12-18 15:25:43.157  3318  3373 I com.miui.home: CheckGCForNative adj_start_bytes: 42433820 NativeAllocationGcWatermark: 11585513 java_gc_start_bytes: 25055551 kNewNativeDiscountFactor: 2 kOldNativeDiscountFactor: 65536 old_native_bytes: 115375243 new_native_bytes: 23352428 add_bytes_allowed: 34756539 is_gc_concurrent: 1 target_footprint_: 25575243 GetBytesAllocated: 16035299 HeapGrowthMultiplier: 3
12-18 15:25:43.157  3318  3373 I com.miui.home: CheckGCForNative gc_urgency 0.653094 current_native_bytes is 138727671
12-18 15:25:43.289  3318  3768 I com.miui.home: CheckGCForNative adj_start_bytes: 42433820 NativeAllocationGcWatermark: 11585513 java_gc_start_bytes: 25055551 kNewNativeDiscountFactor: 2 kOldNativeDiscountFactor: 65536 old_native_bytes: 115375243 new_native_bytes: 12704844 add_bytes_allowed: 34756539 is_gc_concurrent: 1 target_footprint_: 25575243 GetBytesAllocated: 16339129 HeapGrowthMultiplier: 3
12-18 15:25:43.289  3318  3768 I com.miui.home: CheckGCForNative gc_urgency 0.534793 current_native_bytes is 128080087
12-18 15:25:43.297  8363  8363 I wm_on_top_resumed_lost_called: [57651177,fm.qingting.qtradio.WelcomeActivity,topStateChangedWhenResumed]
12-18 15:25:43.300  3318  3318 I wm_on_top_resumed_gained_called: [173676112,com.miui.home.launcher.Launcher,topStateChangedWhenResumed]
12-18 15:25:43.367  3318  3768 I com.miui.home: CheckGCForNative adj_start_bytes: 42433820 NativeAllocationGcWatermark: 11585513 java_gc_start_bytes: 25055551 kNewNativeDiscountFactor: 2 kOldNativeDiscountFactor: 65536 old_native_bytes: 115375243 new_native_bytes: 12713964 add_bytes_allowed: 34756539 is_gc_concurrent: 1 target_footprint_: 25575243 GetBytesAllocated: 16388788 HeapGrowthMultiplier: 3
12-18 15:25:43.367  3318  3768 I com.miui.home: CheckGCForNative gc_urgency 0.536071 current_native_bytes is 128089207
12-18 15:25:43.633  3318  3768 I com.miui.home: CheckGCForNative adj_start_bytes: 42433820 NativeAllocationGcWatermark: 11585513 java_gc_start_bytes: 25055551 kNewNativeDiscountFactor: 2 kOldNativeDiscountFactor: 65536 old_native_bytes: 115375243 new_native_bytes: 12742836 add_bytes_allowed: 34756539 is_gc_concurrent: 1 target_footprint_: 25575243 GetBytesAllocated: 16505877 HeapGrowthMultiplier: 3
12-18 15:25:43.633  3318  3768 I com.miui.home: CheckGCForNative gc_urgency 0.53917 current_native_bytes is 128118079
12-18 15:25:43.655  3318  3767 I com.miui.home: CheckGCForNative adj_start_bytes: 42433820 NativeAllocationGcWatermark: 11585513 java_gc_start_bytes: 25055551 kNewNativeDiscountFactor: 2 kOldNativeDiscountFactor: 65536 old_native_bytes: 115375243 new_native_bytes: 23425716 add_bytes_allowed: 34756539 is_gc_concurrent: 1 target_footprint_: 25575243 GetBytesAllocated: 16520887 HeapGrowthMultiplier: 3
12-18 15:25:43.656  3318  3767 I com.miui.home: CheckGCForNative gc_urgency 0.665401 current_native_bytes is 138800959
12-18 15:25:43.661  3318  3373 I com.miui.home: CheckGCForNative adj_start_bytes: 42433820 NativeAllocationGcWatermark: 11585513 java_gc_start_bytes: 25055551 kNewNativeDiscountFactor: 2 kOldNativeDiscountFactor: 65536 old_native_bytes: 115375243 new_native_bytes: 34131636 add_bytes_allowed: 34756539 is_gc_concurrent: 1 target_footprint_: 25575243 GetBytesAllocated: 16521079 HeapGrowthMultiplier: 3
12-18 15:25:43.662  3318  3373 I com.miui.home: CheckGCForNative gc_urgency 0.791554 current_native_bytes is 149506879
12-18 15:25:43.663  3318  3767 I com.miui.home: CheckGCForNative adj_start_bytes: 42433820 NativeAllocationGcWatermark: 11585513 java_gc_start_bytes: 25055551 kNewNativeDiscountFactor: 2 kOldNativeDiscountFactor: 65536 old_native_bytes: 115375243 new_native_bytes: 44837780 add_bytes_allowed: 34756539 is_gc_concurrent: 1 target_footprint_: 25575243 GetBytesAllocated: 16521079 HeapGrowthMultiplier: 3
12-18 15:25:43.663  3318  3767 I com.miui.home: CheckGCForNative gc_urgency 0.917705 current_native_bytes is 160213023
12-18 15:25:43.667  8363  8363 I wm_on_paused_called: [0,57651177,fm.qingting.qtradio.WelcomeActivity,performPause,2]
12-18 15:25:43.762  8363  8363 I wm_on_stop_called: [0,57651177,fm.qingting.qtradio.WelcomeActivity,STOP_ACTIVITY_ITEM,4]
12-18 15:25:43.976  3318  3318 I wm_on_top_resumed_lost_called: [173676112,com.miui.home.launcher.Launcher,topStateChangedWhenResumed]
12-18 15:25:43.983  3318  3318 I wm_on_paused_called: [0,173676112,com.miui.home.launcher.Launcher,performPause,3]
12-18 15:25:44.311  3318  3768 I com.miui.home: CheckGCForNative adj_start_bytes: 42433820 NativeAllocationGcWatermark: 11585513 java_gc_start_bytes: 25055551 kNewNativeDiscountFactor: 2 kOldNativeDiscountFactor: 65536 old_native_bytes: 115375243 new_native_bytes: 25428480 add_bytes_allowed: 34756539 is_gc_concurrent: 1 target_footprint_: 25575243 GetBytesAllocated: 17551391 HeapGrowthMultiplier: 3
12-18 15:25:44.311  3318  3768 I com.miui.home: CheckGCForNative gc_urgency 0.713285 current_native_bytes is 140803723
12-18 15:25:44.319  8671  8671 I wm_on_application_create_called: [0,com.android.settings,389]
12-18 15:25:44.406  3318  3996 I com.miui.home: CheckGCForNative adj_start_bytes: 42433820 NativeAllocationGcWatermark: 11585513 java_gc_start_bytes: 25055551 kNewNativeDiscountFactor: 2 kOldNativeDiscountFactor: 65536 old_native_bytes: 115375243 new_native_bytes: 36215104 add_bytes_allowed: 34756539 is_gc_concurrent: 1 target_footprint_: 25575243 GetBytesAllocated: 17732744 HeapGrowthMultiplier: 3
12-18 15:25:44.406  3318  3996 I com.miui.home: CheckGCForNative gc_urgency 0.844658 current_native_bytes is 151590347
12-18 15:25:44.422  3318  3768 I com.miui.home: CheckGCForNative adj_start_bytes: 42433820 NativeAllocationGcWatermark: 11585513 java_gc_start_bytes: 25055551 kNewNativeDiscountFactor: 2 kOldNativeDiscountFactor: 65536 old_native_bytes: 115375243 new_native_bytes: 25505536 add_bytes_allowed: 34756539 is_gc_concurrent: 1 target_footprint_: 25575243 GetBytesAllocated: 17732968 HeapGrowthMultiplier: 3
12-18 15:25:44.422  3318  3768 I com.miui.home: CheckGCForNative gc_urgency 0.718472 current_native_bytes is 140880779
12-18 15:25:44.607  3318  3996 I com.miui.home: CheckGCForNative adj_start_bytes: 42433820 NativeAllocationGcWatermark: 11585513 java_gc_start_bytes: 25055551 kNewNativeDiscountFactor: 2 kOldNativeDiscountFactor: 65536 old_native_bytes: 115375243 new_native_bytes: 25575892 add_bytes_allowed: 34756539 is_gc_concurrent: 1 target_footprint_: 25575243 GetBytesAllocated: 18014435 HeapGrowthMultiplier: 3
12-18 15:25:44.607  3318  3996 I com.miui.home: CheckGCForNative gc_urgency 0.725934 current_native_bytes is 140951135
12-18 15:25:44.902  8725  8725 I wm_on_application_create_called: [0,com.xiaomi.bluetooth,221]
12-18 15:25:45.683  3318  3318 I wm_on_resume_called: [0,173676112,com.miui.home.launcher.Launcher,RESUME_ACTIVITY,20]
12-18 15:25:45.703  3318  3318 I wm_on_idle_called: com.miui.home.launcher.Launcher
12-18 15:25:45.822  3318  3993 I com.miui.home: CheckGCForNative adj_start_bytes: 42433820 NativeAllocationGcWatermark: 11585513 java_gc_start_bytes: 25055551 kNewNativeDiscountFactor: 2 kOldNativeDiscountFactor: 65536 old_native_bytes: 115375243 new_native_bytes: 36506328 add_bytes_allowed: 34756539 is_gc_concurrent: 1 target_footprint_: 25575243 GetBytesAllocated: 19522489 HeapGrowthMultiplier: 3
12-18 15:25:45.822  3318  3993 I com.miui.home: CheckGCForNative gc_urgency 0.890267 current_native_bytes is 151881571
12-18 15:25:45.823  3318  3993 I com.miui.home: CheckGCForNative adj_start_bytes: 42433820 NativeAllocationGcWatermark: 11585513 java_gc_start_bytes: 25055551 kNewNativeDiscountFactor: 2 kOldNativeDiscountFactor: 65536 old_native_bytes: 115375243 new_native_bytes: 47213272 add_bytes_allowed: 34756539 is_gc_concurrent: 1 target_footprint_: 25575243 GetBytesAllocated: 19522697 HeapGrowthMultiplier: 3
12-18 15:25:45.823  3318  3993 I com.miui.home: CheckGCForNative gc_urgency 1.01643 current_native_bytes is 162588515
12-18 15:25:45.823  3318  3993 I com.miui.home: CheckGCForNative requested 1
12-18 15:25:45.837  3318  3993 I com.miui.home: CheckGCForNative adj_start_bytes: 42433820 NativeAllocationGcWatermark: 11585513 java_gc_start_bytes: 25055551 kNewNativeDiscountFactor: 2 kOldNativeDiscountFactor: 65536 old_native_bytes: 115375243 new_native_bytes: 47217208 add_bytes_allowed: 34756539 is_gc_concurrent: 1 target_footprint_: 25575243 GetBytesAllocated: 19575900 HeapGrowthMultiplier: 3
12-18 15:25:45.837  3318  3993 I com.miui.home: CheckGCForNative gc_urgency 1.01773 current_native_bytes is 162592451
12-18 15:25:45.837  3318  3993 I com.miui.home: CheckGCForNative requested 1
12-18 15:25:45.866  3318  3768 I com.miui.home: CheckGCForNative adj_start_bytes: 42433820 NativeAllocationGcWatermark: 11585513 java_gc_start_bytes: 25055551 kNewNativeDiscountFactor: 2 kOldNativeDiscountFactor: 65536 old_native_bytes: 115375243 new_native_bytes: 36531928 add_bytes_allowed: 34756539 is_gc_concurrent: 1 target_footprint_: 25575243 GetBytesAllocated: 19673241 HeapGrowthMultiplier: 3
12-18 15:25:45.866  3318  3768 I com.miui.home: CheckGCForNative gc_urgency 0.894121 current_native_bytes is 151907171
12-18 15:25:45.877  3318  3768 I com.miui.home: CheckGCForNative adj_start_bytes: 42433820 NativeAllocationGcWatermark: 11585513 java_gc_start_bytes: 25055551 kNewNativeDiscountFactor: 2 kOldNativeDiscountFactor: 65536 old_native_bytes: 115375243 new_native_bytes: 36526744 add_bytes_allowed: 34756539 is_gc_concurrent: 1 target_footprint_: 25575243 GetBytesAllocated: 19702553 HeapGrowthMultiplier: 3
12-18 15:25:45.877  3318  3768 I com.miui.home: CheckGCForNative gc_urgency 0.894751 current_native_bytes is 151901987
12-18 15:25:46.031  3318  3366 I com.miui.home: NativeAlloc concurrent copying GC freed 156768(6543KB) AllocSpace objects, 8(416KB) LOS objects, 49% free, 12MB/24MB, paused 660us,76us total 207.499ms
12-18 15:25:46.108  3318  3318 I wm_on_top_resumed_gained_called: [173676112,com.miui.home.launcher.Launcher,topStateChangedWhenResumed]
12-18 15:25:46.222  3318  3768 I com.miui.home: CheckGCForNative gc_urgency 0 current_native_bytes is 128817343
12-18 15:25:46.293  3318  3767 I com.miui.home: CheckGCForNative adj_start_bytes: 42641859 NativeAllocationGcWatermark: 11599949 java_gc_start_bytes: 25241936 kNewNativeDiscountFactor: 2 kOldNativeDiscountFactor: 65536 old_native_bytes: 128817343 new_native_bytes: 10714912 add_bytes_allowed: 34799847 is_gc_concurrent: 1 target_footprint_: 25690735 GetBytesAllocated: 13011173 HeapGrowthMultiplier: 3
12-18 15:25:46.293  3318  3767 I com.miui.home: CheckGCForNative gc_urgency 0.430811 current_native_bytes is 139532255
12-18 15:25:46.300  3318  3767 I com.miui.home: CheckGCForNative adj_start_bytes: 42641859 NativeAllocationGcWatermark: 11599949 java_gc_start_bytes: 25241936 kNewNativeDiscountFactor: 2 kOldNativeDiscountFactor: 65536 old_native_bytes: 128817343 new_native_bytes: 21414208 add_bytes_allowed: 34799847 is_gc_concurrent: 1 target_footprint_: 25690735 GetBytesAllocated: 13025121 HeapGrowthMultiplier: 3
12-18 15:25:46.300  3318  3767 I com.miui.home: CheckGCForNative gc_urgency 0.556594 current_native_bytes is 150231551
12-18 15:25:46.306  3318  3388 I com.miui.home: CheckGCForNative adj_start_bytes: 42641859 NativeAllocationGcWatermark: 11599949 java_gc_start_bytes: 25241936 kNewNativeDiscountFactor: 2 kOldNativeDiscountFactor: 65536 old_native_bytes: 128817343 new_native_bytes: 21412928 add_bytes_allowed: 34799847 is_gc_concurrent: 1 target_footprint_: 25690735 GetBytesAllocated: 13025121 HeapGrowthMultiplier: 3
12-18 15:25:46.306  3318  3388 I com.miui.home: CheckGCForNative gc_urgency 0.556579 current_native_bytes is 150230271
12-18 15:25:46.401  8768  8768 I wm_on_application_create_called: [0,com.ss.android.ugc.aweme,980]
12-18 15:25:46.578  3318  3318 I wm_on_top_resumed_lost_called: [173676112,com.miui.home.launcher.Launcher,topStateChangedWhenResumed]
12-18 15:25:46.831  3318  3318 I wm_on_paused_called: [0,173676112,com.miui.home.launcher.Launcher,performPause,4]
12-18 15:25:47.084  3318  3996 I com.miui.home: CheckGCForNative adj_start_bytes: 42641859 NativeAllocationGcWatermark: 11599949 java_gc_start_bytes: 25241936 kNewNativeDiscountFactor: 2 kOldNativeDiscountFactor: 65536 old_native_bytes: 128817343 new_native_bytes: 22249540 add_bytes_allowed: 34799847 is_gc_concurrent: 1 target_footprint_: 25690735 GetBytesAllocated: 14262908 HeapGrowthMultiplier: 3
12-18 15:25:47.084  3318  3996 I com.miui.home: CheckGCForNative gc_urgency 0.595416 current_native_bytes is 151066883
12-18 15:25:47.177  3318  3768 I com.miui.home: CheckGCForNative adj_start_bytes: 42641859 NativeAllocationGcWatermark: 11599949 java_gc_start_bytes: 25241936 kNewNativeDiscountFactor: 2 kOldNativeDiscountFactor: 65536 old_native_bytes: 128817343 new_native_bytes: 11675972 add_bytes_allowed: 34799847 is_gc_concurrent: 1 target_footprint_: 25690735 GetBytesAllocated: 14501230 HeapGrowthMultiplier: 3
12-18 15:25:47.177  3318  3768 I com.miui.home: CheckGCForNative gc_urgency 0.477024 current_native_bytes is 140493315
12-18 15:25:47.191  3318  3996 I com.miui.home: CheckGCForNative adj_start_bytes: 42641859 NativeAllocationGcWatermark: 11599949 java_gc_start_bytes: 25241936 kNewNativeDiscountFactor: 2 kOldNativeDiscountFactor: 65536 old_native_bytes: 128817343 new_native_bytes: 11861376 add_bytes_allowed: 34799847 is_gc_concurrent: 1 target_footprint_: 25690735 GetBytesAllocated: 14559894 HeapGrowthMultiplier: 3
12-18 15:25:47.192  3318  3996 I com.miui.home: CheckGCForNative gc_urgency 0.480574 current_native_bytes is 140678719
12-18 15:25:47.444  3318  3768 I com.miui.home: CheckGCForNative adj_start_bytes: 42641859 NativeAllocationGcWatermark: 11599949 java_gc_start_bytes: 25241936 kNewNativeDiscountFactor: 2 kOldNativeDiscountFactor: 65536 old_native_bytes: 128817343 new_native_bytes: 12007768 add_bytes_allowed: 34799847 is_gc_concurrent: 1 target_footprint_: 25690735 GetBytesAllocated: 15121907 HeapGrowthMultiplier: 3
12-18 15:25:47.444  3318  3768 I com.miui.home: CheckGCForNative gc_urgency 0.49547 current_native_bytes is 140825111
12-18 15:25:47.811  9188  9188 I wm_on_create_called: [0,178097101,com.eg.android.AlipayGphone.AlipayLogin,performCreate,111]
12-18 15:25:47.815  9188  9188 I wm_on_start_called: [0,178097101,com.eg.android.AlipayGphone.AlipayLogin,handleStartActivity,4]
12-18 15:25:47.822  9188  9188 I wm_on_resume_called: [0,178097101,com.eg.android.AlipayGphone.AlipayLogin,RESUME_ACTIVITY,4]
12-18 15:25:47.846  9188  9188 I wm_on_top_resumed_gained_called: [178097101,com.eg.android.AlipayGphone.AlipayLogin,topStateChangedWhenResumed]
12-18 15:25:48.225  3318  3318 I wm_on_stop_called: [0,173676112,com.miui.home.launcher.Launcher,STOP_ACTIVITY_ITEM,18]
12-18 15:25:48.407  3318  3318 I wm_on_restart_called: [0,173676112,com.miui.home.launcher.Launcher,,0]
12-18 15:25:48.410  3318  3318 I wm_on_start_called: [0,173676112,com.miui.home.launcher.Launcher,handleStartActivity,2]
12-18 15:25:48.431  3318  3318 I wm_on_resume_called: [0,173676112,com.miui.home.launcher.Launcher,RESUME_ACTIVITY,19]
12-18 15:25:48.516  3318  3318 I wm_on_idle_called: com.miui.home.launcher.Launcher
12-18 15:25:48.605  3318  3373 I com.miui.home: CheckGCForNative adj_start_bytes: 42641859 NativeAllocationGcWatermark: 11599949 java_gc_start_bytes: 25241936 kNewNativeDiscountFactor: 2 kOldNativeDiscountFactor: 65536 old_native_bytes: 128817343 new_native_bytes: 22713644 add_bytes_allowed: 34799847 is_gc_concurrent: 1 target_footprint_: 25690735 GetBytesAllocated: 16089228 HeapGrowthMultiplier: 3
12-18 15:25:48.605  3318  3373 I com.miui.home: CheckGCForNative gc_urgency 0.64373 current_native_bytes is 151530987
12-18 15:25:48.610  3318  3388 I com.miui.home: CheckGCForNative adj_start_bytes: 42641859 NativeAllocationGcWatermark: 11599949 java_gc_start_bytes: 25241936 kNewNativeDiscountFactor: 2 kOldNativeDiscountFactor: 65536 old_native_bytes: 128817343 new_native_bytes: 33420588 add_bytes_allowed: 34799847 is_gc_concurrent: 1 target_footprint_: 25690735 GetBytesAllocated: 16114021 HeapGrowthMultiplier: 3
12-18 15:25:48.614  3318  3388 I com.miui.home: CheckGCForNative gc_urgency 0.770577 current_native_bytes is 162237931
12-18 15:25:48.615  3318  3373 I com.miui.home: CheckGCForNative adj_start_bytes: 42641859 NativeAllocationGcWatermark: 11599949 java_gc_start_bytes: 25241936 kNewNativeDiscountFactor: 2 kOldNativeDiscountFactor: 65536 old_native_bytes: 128817343 new_native_bytes: 44127532 add_bytes_allowed: 34799847 is_gc_concurrent: 1 target_footprint_: 25690735 GetBytesAllocated: 16128372 HeapGrowthMultiplier: 3
12-18 15:25:48.615  3318  3318 I com.miui.home: CheckGCForNative adj_start_bytes: 42641859 NativeAllocationGcWatermark: 11599949 java_gc_start_bytes: 25241936 kNewNativeDiscountFactor: 2 kOldNativeDiscountFactor: 65536 old_native_bytes: 128817343 new_native_bytes: 54834476 add_bytes_allowed: 34799847 is_gc_concurrent: 1 target_footprint_: 25690735 GetBytesAllocated: 16153051 HeapGrowthMultiplier: 3
12-18 15:25:48.616  3318  3318 I com.miui.home: CheckGCForNative gc_urgency 1.02182 current_native_bytes is 183651819
12-18 15:25:48.616  3318  3318 I com.miui.home: CheckGCForNative requested 1
12-18 15:25:48.616  3318  3373 I com.miui.home: CheckGCForNative gc_urgency 0.896274 current_native_bytes is 172944875
12-18 15:25:48.641  3318  8004 I com.miui.home: CheckGCForNative adj_start_bytes: 42641859 NativeAllocationGcWatermark: 11599949 java_gc_start_bytes: 25241936 kNewNativeDiscountFactor: 2 kOldNativeDiscountFactor: 65536 old_native_bytes: 128817343 new_native_bytes: 33452812 add_bytes_allowed: 34799847 is_gc_concurrent: 1 target_footprint_: 25690735 GetBytesAllocated: 16292010 HeapGrowthMultiplier: 3
12-18 15:25:48.642  3318  8004 I com.miui.home: CheckGCForNative gc_urgency 0.774365 current_native_bytes is 162270155
12-18 15:25:48.644  3318  3768 I com.miui.home: CheckGCForNative adj_start_bytes: 42641859 NativeAllocationGcWatermark: 11599949 java_gc_start_bytes: 25241936 kNewNativeDiscountFactor: 2 kOldNativeDiscountFactor: 65536 old_native_bytes: 128817343 new_native_bytes: 33459340 add_bytes_allowed: 34799847 is_gc_concurrent: 1 target_footprint_: 25690735 GetBytesAllocated: 16317730 HeapGrowthMultiplier: 3
12-18 15:25:48.644  3318  3768 I com.miui.home: CheckGCForNative gc_urgency 0.775045 current_native_bytes is 162276683
12-18 15:25:48.764  3318  3366 I com.miui.home: NativeAlloc concurrent copying GC freed 77589(3439KB) AllocSpace objects, 6(240KB) LOS objects, 49% free, 12MB/24MB, paused 389us,106us total 147.769ms
12-18 15:25:48.894  3318  3318 I wm_on_top_resumed_gained_called: [173676112,com.miui.home.launcher.Launcher,topStateChangedWhenResumed]
12-18 15:25:48.988  3318  3768 I com.miui.home: CheckGCForNative gc_urgency 0 current_native_bytes is 128469435
12-18 15:25:49.098  3318  3388 I com.miui.home: CheckGCForNative adj_start_bytes: 42646718 NativeAllocationGcWatermark: 11602940 java_gc_start_bytes: 25242308 kNewNativeDiscountFactor: 2 kOldNativeDiscountFactor: 65536 old_native_bytes: 128469435 new_native_bytes: 10707712 add_bytes_allowed: 34808820 is_gc_concurrent: 1 target_footprint_: 25714659 GetBytesAllocated: 13242338 HeapGrowthMultiplier: 3
12-18 15:25:49.098  3318  3388 I com.miui.home: CheckGCForNative gc_urgency 0.436098 current_native_bytes is 139177147
12-18 15:25:49.100  3318  3318 I com.miui.home: CheckGCForNative adj_start_bytes: 42646718 NativeAllocationGcWatermark: 11602940 java_gc_start_bytes: 25242308 kNewNativeDiscountFactor: 2 kOldNativeDiscountFactor: 65536 old_native_bytes: 128469435 new_native_bytes: 21414656 add_bytes_allowed: 34808820 is_gc_concurrent: 1 target_footprint_: 25714659 GetBytesAllocated: 13258332 HeapGrowthMultiplier: 3
12-18 15:25:49.100  3318  3318 I com.miui.home: CheckGCForNative gc_urgency 0.562004 current_native_bytes is 149884091
12-18 15:25:49.101  3318  3767 I com.miui.home: CheckGCForNative adj_start_bytes: 42646718 NativeAllocationGcWatermark: 11602940 java_gc_start_bytes: 25242308 kNewNativeDiscountFactor: 2 kOldNativeDiscountFactor: 65536 old_native_bytes: 128469435 new_native_bytes: 21414848 add_bytes_allowed: 34808820 is_gc_concurrent: 1 target_footprint_: 25714659 GetBytesAllocated: 13258332 HeapGrowthMultiplier: 3
12-18 15:25:49.102  3318  3767 I com.miui.home: CheckGCForNative gc_urgency 0.562006 current_native_bytes is 149884283
12-18 15:25:49.435  9188  9188 I wm_on_top_resumed_lost_called: [178097101,com.eg.android.AlipayGphone.AlipayLogin,topStateChangedWhenResumed]
12-18 15:25:49.616  9188  9188 I wm_on_paused_called: [0,178097101,com.eg.android.AlipayGphone.AlipayLogin,performPause,74]
12-18 15:25:49.664  3318  3318 I wm_on_top_resumed_lost_called: [173676112,com.miui.home.launcher.Launcher,topStateChangedWhenResumed]
12-18 15:25:49.674  3318  3318 I wm_on_paused_called: [0,173676112,com.miui.home.launcher.Launcher,performPause,5]
12-18 15:25:50.022  3318  3768 I com.miui.home: CheckGCForNative adj_start_bytes: 42646718 NativeAllocationGcWatermark: 11602940 java_gc_start_bytes: 25242308 kNewNativeDiscountFactor: 2 kOldNativeDiscountFactor: 65536 old_native_bytes: 128469435 new_native_bytes: 11738296 add_bytes_allowed: 34808820 is_gc_concurrent: 1 target_footprint_: 25714659 GetBytesAllocated: 14137104 HeapGrowthMultiplier: 3
12-18 15:25:50.022  3318  3768 I com.miui.home: CheckGCForNative gc_urgency 0.469162 current_native_bytes is 140207731
12-18 15:25:50.033  3318  3768 I com.miui.home: CheckGCForNative adj_start_bytes: 42646718 NativeAllocationGcWatermark: 11602940 java_gc_start_bytes: 25242308 kNewNativeDiscountFactor: 2 kOldNativeDiscountFactor: 65536 old_native_bytes: 128469435 new_native_bytes: 11740728 add_bytes_allowed: 34808820 is_gc_concurrent: 1 target_footprint_: 25714659 GetBytesAllocated: 14137104 HeapGrowthMultiplier: 3
12-18 15:25:50.033  3318  3768 I com.miui.home: CheckGCForNative gc_urgency 0.46919 current_native_bytes is 140210163
12-18 15:25:50.289  3318  3768 I com.miui.home: CheckGCForNative adj_start_bytes: 42646718 NativeAllocationGcWatermark: 11602940 java_gc_start_bytes: 25242308 kNewNativeDiscountFactor: 2 kOldNativeDiscountFactor: 65536 old_native_bytes: 128469435 new_native_bytes: 12077444 add_bytes_allowed: 34808820 is_gc_concurrent: 1 target_footprint_: 25714659 GetBytesAllocated: 14565763 HeapGrowthMultiplier: 3
12-18 15:25:50.289  3318  3768 I com.miui.home: CheckGCForNative gc_urgency 0.483189 current_native_bytes is 140546879
12-18 15:25:50.444  9188  9188 I wm_on_stop_called: [0,178097101,com.eg.android.AlipayGphone.AlipayLogin,STOP_ACTIVITY_ITEM,31]
12-18 15:25:50.544  3318  3732 I com.miui.home: CheckGCForNative adj_start_bytes: 42646718 NativeAllocationGcWatermark: 11602940 java_gc_start_bytes: 25242308 kNewNativeDiscountFactor: 2 kOldNativeDiscountFactor: 65536 old_native_bytes: 128469435 new_native_bytes: 22447116 add_bytes_allowed: 34808820 is_gc_concurrent: 1 target_footprint_: 25714659 GetBytesAllocated: 14748725 HeapGrowthMultiplier: 3
12-18 15:25:50.544  3318  3732 I com.miui.home: CheckGCForNative gc_urgency 0.609056 current_native_bytes is 150916551
12-18 15:25:50.581  3318  3732 I com.miui.home: CheckGCForNative adj_start_bytes: 42646718 NativeAllocationGcWatermark: 11602940 java_gc_start_bytes: 25242308 kNewNativeDiscountFactor: 2 kOldNativeDiscountFactor: 65536 old_native_bytes: 128469435 new_native_bytes: 37061740 add_bytes_allowed: 34808820 is_gc_concurrent: 1 target_footprint_: 25714659 GetBytesAllocated: 14768023 HeapGrowthMultiplier: 3
12-18 15:25:50.581  3318  3732 I com.miui.home: CheckGCForNative gc_urgency 0.780854 current_native_bytes is 165531175
12-18 15:25:50.582  3318  3732 I com.miui.home: CheckGCForNative adj_start_bytes: 42646718 NativeAllocationGcWatermark: 11602940 java_gc_start_bytes: 25242308 kNewNativeDiscountFactor: 2 kOldNativeDiscountFactor: 65536 old_native_bytes: 128469435 new_native_bytes: 25265260 add_bytes_allowed: 34808820 is_gc_concurrent: 1 target_footprint_: 25714659 GetBytesAllocated: 14768023 HeapGrowthMultiplier: 3
12-18 15:25:50.582  3318  3732 I com.miui.home: CheckGCForNative gc_urgency 0.642549 current_native_bytes is 153734695
12-18 15:25:50.598  3318  3732 I com.miui.home: CheckGCForNative adj_start_bytes: 42646718 NativeAllocationGcWatermark: 11602940 java_gc_start_bytes: 25242308 kNewNativeDiscountFactor: 2 kOldNativeDiscountFactor: 65536 old_native_bytes: 128469435 new_native_bytes: 26098156 add_bytes_allowed: 34808820 is_gc_concurrent: 1 target_footprint_: 25714659 GetBytesAllocated: 14793459 HeapGrowthMultiplier: 3
12-18 15:25:50.598  3318  3732 I com.miui.home: CheckGCForNative gc_urgency 0.652911 current_native_bytes is 154567591
12-18 15:25:50.688  9188  9188 I wm_on_idle_called: com.eg.android.AlipayGphone.AlipayLogin
12-18 15:25:50.730  9763  9763 I wm_on_create_called: [0,165918689,com.xunmeng.pinduoduo.ui.activity.MainFrameActivity,performCreate,90]
12-18 15:25:50.732  3318  3318 I wm_on_stop_called: [0,173676112,com.miui.home.launcher.Launcher,STOP_ACTIVITY_ITEM,13]
12-18 15:25:50.990  3318  3732 I com.miui.home: CheckGCForNative adj_start_bytes: 42646718 NativeAllocationGcWatermark: 11602940 java_gc_start_bytes: 25242308 kNewNativeDiscountFactor: 2 kOldNativeDiscountFactor: 65536 old_native_bytes: 128469435 new_native_bytes: 28003000 add_bytes_allowed: 34808820 is_gc_concurrent: 1 target_footprint_: 25714659 GetBytesAllocated: 15557843 HeapGrowthMultiplier: 3
12-18 15:25:50.990  3318  3732 I com.miui.home: CheckGCForNative gc_urgency 0.693167 current_native_bytes is 156472435
12-18 15:25:50.990  3318  3732 I com.miui.home: CheckGCForNative adj_start_bytes: 42646718 NativeAllocationGcWatermark: 11602940 java_gc_start_bytes: 25242308 kNewNativeDiscountFactor: 2 kOldNativeDiscountFactor: 65536 old_native_bytes: 128469435 new_native_bytes: 29453888 add_bytes_allowed: 34808820 is_gc_concurrent: 1 target_footprint_: 25714659 GetBytesAllocated: 15557843 HeapGrowthMultiplier: 3
12-18 15:25:50.990  3318  3732 I com.miui.home: CheckGCForNative gc_urgency 0.710178 current_native_bytes is 157923323
12-18 15:25:51.003  3318  3732 I com.miui.home: CheckGCForNative adj_start_bytes: 42646718 NativeAllocationGcWatermark: 11602940 java_gc_start_bytes: 25242308 kNewNativeDiscountFactor: 2 kOldNativeDiscountFactor: 65536 old_native_bytes: 128469435 new_native_bytes: 40468544 add_bytes_allowed: 34808820 is_gc_concurrent: 1 target_footprint_: 25714659 GetBytesAllocated: 15580956 HeapGrowthMultiplier: 3
12-18 15:25:51.003  3318  3732 I com.miui.home: CheckGCForNative gc_urgency 0.839858 current_native_bytes is 168937979
12-18 15:25:51.120  9763  9763 I wm_on_create_called: [0,149414288,com.xunmeng.pinduoduo.ui.activity.HomeActivity,performCreate,203]
12-18 15:25:51.146  9763  9763 I wm_on_start_called: [0,149414288,com.xunmeng.pinduoduo.ui.activity.HomeActivity,handleStartActivity,26]
12-18 15:25:51.156  9763  9763 I wm_on_resume_called: [0,149414288,com.xunmeng.pinduoduo.ui.activity.HomeActivity,RESUME_ACTIVITY,5]
12-18 15:25:51.189  3318  3996 I com.miui.home: CheckGCForNative adj_start_bytes: 42646718 NativeAllocationGcWatermark: 11602940 java_gc_start_bytes: 25242308 kNewNativeDiscountFactor: 2 kOldNativeDiscountFactor: 65536 old_native_bytes: 128469435 new_native_bytes: 40700676 add_bytes_allowed: 34808820 is_gc_concurrent: 1 target_footprint_: 25714659 GetBytesAllocated: 16180398 HeapGrowthMultiplier: 3
12-18 15:25:51.189  3318  3996 I com.miui.home: CheckGCForNative gc_urgency 0.856935 current_native_bytes is 169170111
12-18 15:25:51.222  3318  3318 I wm_on_restart_called: [0,173676112,com.miui.home.launcher.Launcher,,0]
12-18 15:25:51.225  3318  3318 I wm_on_start_called: [0,173676112,com.miui.home.launcher.Launcher,handleStartActivity,3]
12-18 15:25:51.271  3318  3318 I wm_on_resume_called: [0,173676112,com.miui.home.launcher.Launcher,RESUME_ACTIVITY,44]
12-18 15:25:51.281  9763  9763 I wm_on_top_resumed_gained_called: [149414288,com.xunmeng.pinduoduo.ui.activity.HomeActivity,topStateChangedWhenResumed]
12-18 15:25:51.292  9763  9763 I wm_on_top_resumed_lost_called: [149414288,com.xunmeng.pinduoduo.ui.activity.HomeActivity,topStateChangedWhenResumed]
12-18 15:25:51.366  3318  3318 I com.miui.home: CheckGCForNative adj_start_bytes: 42646718 NativeAllocationGcWatermark: 11602940 java_gc_start_bytes: 25242308 kNewNativeDiscountFactor: 2 kOldNativeDiscountFactor: 65536 old_native_bytes: 128469435 new_native_bytes: 40881732 add_bytes_allowed: 34808820 is_gc_concurrent: 1 target_footprint_: 25714659 GetBytesAllocated: 16867173 HeapGrowthMultiplier: 3
12-18 15:25:51.366  3318  3318 I com.miui.home: CheckGCForNative gc_urgency 0.874862 current_native_bytes is 169351167
12-18 15:25:51.435  3318  3318 I wm_on_top_resumed_gained_called: [173676112,com.miui.home.launcher.Launcher,topStateChangedWhenResumed]
12-18 15:25:51.440  3318  3318 I wm_on_idle_called: com.miui.home.launcher.Launcher
12-18 15:25:51.571  3318  3372 I com.miui.home: CheckGCForNative adj_start_bytes: 42646718 NativeAllocationGcWatermark: 11602940 java_gc_start_bytes: 25242308 kNewNativeDiscountFactor: 2 kOldNativeDiscountFactor: 65536 old_native_bytes: 128469435 new_native_bytes: 51911144 add_bytes_allowed: 34808820 is_gc_concurrent: 1 target_footprint_: 25714659 GetBytesAllocated: 16974418 HeapGrowthMultiplier: 3
12-18 15:25:51.571  3318  3372 I com.miui.home: CheckGCForNative gc_urgency 1.00669 current_native_bytes is 180380579
12-18 15:25:51.571  3318  3372 I com.miui.home: CheckGCForNative requested 1
12-18 15:25:51.572  3318  3993 I com.miui.home: CheckGCForNative adj_start_bytes: 42646718 NativeAllocationGcWatermark: 11602940 java_gc_start_bytes: 25242308 kNewNativeDiscountFactor: 2 kOldNativeDiscountFactor: 65536 old_native_bytes: 128469435 new_native_bytes: 62617512 add_bytes_allowed: 34808820 is_gc_concurrent: 1 target_footprint_: 25714659 GetBytesAllocated: 16974626 HeapGrowthMultiplier: 3
12-18 15:25:51.572  3318  3993 I com.miui.home: CheckGCForNative gc_urgency 1.13222 current_native_bytes is 191086947
12-18 15:25:51.572  3318  3993 I com.miui.home: CheckGCForNative requested 1
12-18 15:25:51.573  3318  3318 I com.miui.home: CheckGCForNative adj_start_bytes: 42646718 NativeAllocationGcWatermark: 11602940 java_gc_start_bytes: 25242308 kNewNativeDiscountFactor: 2 kOldNativeDiscountFactor: 65536 old_native_bytes: 128469435 new_native_bytes: 73277992 add_bytes_allowed: 34808820 is_gc_concurrent: 1 target_footprint_: 25714659 GetBytesAllocated: 16998919 HeapGrowthMultiplier: 3
12-18 15:25:51.573  3318  3318 I com.miui.home: CheckGCForNative gc_urgency 1.25777 current_native_bytes is 201747427
12-18 15:25:51.573  3318  3318 I com.miui.home: CheckGCForNative requested 1
12-18 15:25:51.811  3318  3768 I com.miui.home: CheckGCForNative adj_start_bytes: 42646718 NativeAllocationGcWatermark: 11602940 java_gc_start_bytes: 25242308 kNewNativeDiscountFactor: 2 kOldNativeDiscountFactor: 65536 old_native_bytes: 128469435 new_native_bytes: 51940712 add_bytes_allowed: 34808820 is_gc_concurrent: 1 target_footprint_: 25714659 GetBytesAllocated: 17520754 HeapGrowthMultiplier: 3
12-18 15:25:51.811  3318  3768 I com.miui.home: CheckGCForNative gc_urgency 1.01985 current_native_bytes is 180410147
12-18 15:25:51.811  3318  3768 I com.miui.home: CheckGCForNative requested 1
12-18 15:25:52.009  3318  3366 I com.miui.home: NativeAlloc concurrent copying GC freed 103855(4548KB) AllocSpace objects, 6(240KB) LOS objects, 49% free, 12MB/24MB, paused 2.576ms,9.198ms total 437.160ms
12-18 15:25:52.052  3318  3767 I com.miui.home: CheckGCForNative adj_start_bytes: 42725229 NativeAllocationGcWatermark: 11616671 java_gc_start_bytes: 25300223 kNewNativeDiscountFactor: 2 kOldNativeDiscountFactor: 65536 old_native_bytes: 180276835 new_native_bytes: 10723520 add_bytes_allowed: 34850013 is_gc_concurrent: 1 target_footprint_: 25824511 GetBytesAllocated: 12968766 HeapGrowthMultiplier: 3
12-18 15:25:52.052  3318  3767 I com.miui.home: CheckGCForNative gc_urgency 0.429097 current_native_bytes is 191000355
12-18 15:25:52.052  3318  3388 I com.miui.home: CheckGCForNative adj_start_bytes: 42725229 NativeAllocationGcWatermark: 11616671 java_gc_start_bytes: 25300223 kNewNativeDiscountFactor: 2 kOldNativeDiscountFactor: 65536 old_native_bytes: 180276835 new_native_bytes: 21429440 add_bytes_allowed: 34850013 is_gc_concurrent: 1 target_footprint_: 25824511 GetBytesAllocated: 12983214 HeapGrowthMultiplier: 3
12-18 15:25:52.052  3318  3388 I com.miui.home: CheckGCForNative gc_urgency 0.554723 current_native_bytes is 201706275
12-18 15:25:52.053  3318  3767 I com.miui.home: CheckGCForNative adj_start_bytes: 42725229 NativeAllocationGcWatermark: 11616671 java_gc_start_bytes: 25300223 kNewNativeDiscountFactor: 2 kOldNativeDiscountFactor: 65536 old_native_bytes: 180276835 new_native_bytes: 32136512 add_bytes_allowed: 34850013 is_gc_concurrent: 1 target_footprint_: 25824511 GetBytesAllocated: 12983406 HeapGrowthMultiplier: 3
12-18 15:25:52.053  3318  3767 I com.miui.home: CheckGCForNative gc_urgency 0.680029 current_native_bytes is 212413347
12-18 15:25:52.291  9869  9869 I wm_on_application_create_called: [0,com.eg.android.AlipayGphone,360]
12-18 15:25:52.389  3318  3318 I wm_on_top_resumed_lost_called: [173676112,com.miui.home.launcher.Launcher,topStateChangedWhenResumed]
12-18 15:25:52.399  9763  9763 I wm_on_paused_called: [0,149414288,com.xunmeng.pinduoduo.ui.activity.HomeActivity,performPause,21]
12-18 15:25:52.420  3318  3318 I wm_on_paused_called: [0,173676112,com.miui.home.launcher.Launcher,performPause,3]
12-18 15:25:52.546  9763  9763 I wm_on_destroy_called: [0,165918689,com.xunmeng.pinduoduo.ui.activity.MainFrameActivity,performDestroy,61]
12-18 15:25:52.661  3318  3996 I com.miui.home: CheckGCForNative gc_urgency 0 current_native_bytes is 143562127
12-18 15:25:52.662  3318  3996 I com.miui.home: CheckGCForNative adj_start_bytes: 42725229 NativeAllocationGcWatermark: 11616671 java_gc_start_bytes: 25300223 kNewNativeDiscountFactor: 2 kOldNativeDiscountFactor: 65536 old_native_bytes: 143562127 new_native_bytes: 3196 add_bytes_allowed: 34850013 is_gc_concurrent: 1 target_footprint_: 25824511 GetBytesAllocated: 13764545 HeapGrowthMultiplier: 3
12-18 15:25:52.662  3318  3996 I com.miui.home: CheckGCForNative gc_urgency 0.322253 current_native_bytes is 143565323
12-18 15:25:52.935  9763  9763 I wm_on_stop_called: [0,149414288,com.xunmeng.pinduoduo.ui.activity.HomeActivity,STOP_ACTIVITY_ITEM,152]
12-18 15:25:52.955  3318  3768 I com.miui.home: CheckGCForNative adj_start_bytes: 42725229 NativeAllocationGcWatermark: 11616671 java_gc_start_bytes: 25300223 kNewNativeDiscountFactor: 2 kOldNativeDiscountFactor: 65536 old_native_bytes: 143562127 new_native_bytes: 801332 add_bytes_allowed: 34850013 is_gc_concurrent: 1 target_footprint_: 25824511 GetBytesAllocated: 14398886 HeapGrowthMultiplier: 3
12-18 15:25:52.955  3318  3768 I com.miui.home: CheckGCForNative gc_urgency 0.34644 current_native_bytes is 144363459
12-18 15:25:52.993  3318  3996 I com.miui.home: CheckGCForNative adj_start_bytes: 42725229 NativeAllocationGcWatermark: 11616671 java_gc_start_bytes: 25300223 kNewNativeDiscountFactor: 2 kOldNativeDiscountFactor: 65536 old_native_bytes: 143562127 new_native_bytes: 11510900 add_bytes_allowed: 34850013 is_gc_concurrent: 1 target_footprint_: 25824511 GetBytesAllocated: 14419503 HeapGrowthMultiplier: 3
12-18 15:25:52.994  3318  3996 I com.miui.home: CheckGCForNative gc_urgency 0.472254 current_native_bytes is 155073027
