12-18 16:58:48.595  3336  3391 I com.miui.home: CheckGCForNative adj_start_bytes: 42816386 NativeAllocationGcWatermark: 11588400 java_gc_start_bytes: 25433786 kNewNativeDiscountFactor: 2 kOldNativeDiscountFactor: 65536 old_native_bytes: 130089339 new_native_bytes: 34127824 add_bytes_allowed: 34765200 is_gc_concurrent: 1 target_footprint_: 25598343 GetBytesAllocated: 19341447 HeapGrowthMultiplier: 3
12-18 16:58:48.595  3336  3391 I com.miui.home: CheckGCForNative gc_urgency 0.850313 current_native_bytes is 164217163
12-18 16:58:48.625  3336  3748 I com.miui.home: CheckGCForNative gc_urgency 0 current_native_bytes is 131904983
12-18 16:58:48.725  3336  3748 I com.miui.home: CheckGCForNative gc_urgency 0 current_native_bytes is 130224483
12-18 16:58:48.793  3336  3336 I wm_on_top_resumed_gained_called: [150629719,com.miui.home.launcher.Launcher,topStateChangedWhenResumed]
12-18 16:58:49.031 13699 13699 I wm_on_destroy_called: [0,55505028,com.sina.weibo.SplashActivity,performDestroy,17]
12-18 16:58:49.080  3336  3748 I com.miui.home: CheckGCForNative gc_urgency 0 current_native_bytes is 130185067
12-18 16:58:49.110  3336  3747 I com.miui.home: CheckGCForNative adj_start_bytes: 43429381 NativeAllocationGcWatermark: 11690793 java_gc_start_bytes: 25893192 kNewNativeDiscountFactor: 2 kOldNativeDiscountFactor: 65536 old_native_bytes: 130185067 new_native_bytes: 10690080 add_bytes_allowed: 35072379 is_gc_concurrent: 1 target_footprint_: 26417480 GetBytesAllocated: 14121054 HeapGrowthMultiplier: 3
12-18 16:58:49.110  3336  3747 I com.miui.home: CheckGCForNative gc_urgency 0.44827 current_native_bytes is 140875147
12-18 16:58:49.111  3336  3747 I com.miui.home: CheckGCForNative adj_start_bytes: 43429381 NativeAllocationGcWatermark: 11690793 java_gc_start_bytes: 25893192 kNewNativeDiscountFactor: 2 kOldNativeDiscountFactor: 65536 old_native_bytes: 130185067 new_native_bytes: 21396256 add_bytes_allowed: 35072379 is_gc_concurrent: 1 target_footprint_: 26417480 GetBytesAllocated: 14121246 HeapGrowthMultiplier: 3
12-18 16:58:49.111  3336  3747 I com.miui.home: CheckGCForNative gc_urgency 0.571534 current_native_bytes is 151581323
12-18 16:58:49.505 14065 14065 I wm_on_destroy_called: [0,108788733,com.UCMobile.main.UCMobile,performDestroy,90]
12-18 16:58:49.529  3336  3336 I com.miui.home: CheckGCForNative adj_start_bytes: 43429381 NativeAllocationGcWatermark: 11690793 java_gc_start_bytes: 25893192 kNewNativeDiscountFactor: 2 kOldNativeDiscountFactor: 65536 old_native_bytes: 130185067 new_native_bytes: 10985412 add_bytes_allowed: 35072379 is_gc_concurrent: 1 target_footprint_: 26417480 GetBytesAllocated: 14450269 HeapGrowthMultiplier: 3
12-18 16:58:49.529  3336  3336 I com.miui.home: CheckGCForNative gc_urgency 0.45925 current_native_bytes is 141170479
12-18 16:58:49.582  3336  3336 I wm_on_top_resumed_lost_called: [150629719,com.miui.home.launcher.Launcher,topStateChangedWhenResumed]
12-18 16:58:49.618 14065 14065 I wm_on_top_resumed_lost_called: [123165310,com.uc.browser.InnerUCMobile,topStateChangedWhenResumed]
12-18 16:58:49.690  3336  3336 I wm_on_paused_called: [0,150629719,com.miui.home.launcher.Launcher,performPause,5]
12-18 16:58:49.837  3336  3336 I com.miui.home: CheckGCForNative adj_start_bytes: 43429381 NativeAllocationGcWatermark: 11690793 java_gc_start_bytes: 25893192 kNewNativeDiscountFactor: 2 kOldNativeDiscountFactor: 65536 old_native_bytes: 130185067 new_native_bytes: 11441600 add_bytes_allowed: 35072379 is_gc_concurrent: 1 target_footprint_: 26417480 GetBytesAllocated: 15178031 HeapGrowthMultiplier: 3
12-18 16:58:49.837  3336  3336 I com.miui.home: CheckGCForNative gc_urgency 0.48126 current_native_bytes is 141626667
12-18 16:58:50.047  3336  7962 I com.miui.home: CheckGCForNative adj_start_bytes: 43429381 NativeAllocationGcWatermark: 11690793 java_gc_start_bytes: 25893192 kNewNativeDiscountFactor: 2 kOldNativeDiscountFactor: 65536 old_native_bytes: 130185067 new_native_bytes: 22943700 add_bytes_allowed: 35072379 is_gc_concurrent: 1 target_footprint_: 26417480 GetBytesAllocated: 15682744 HeapGrowthMultiplier: 3
12-18 16:58:50.047  3336  7962 I com.miui.home: CheckGCForNative gc_urgency 0.625304 current_native_bytes is 153128767
12-18 16:58:50.080  3336  3748 I com.miui.home: CheckGCForNative adj_start_bytes: 43429381 NativeAllocationGcWatermark: 11690793 java_gc_start_bytes: 25893192 kNewNativeDiscountFactor: 2 kOldNativeDiscountFactor: 65536 old_native_bytes: 130185067 new_native_bytes: 12120788 add_bytes_allowed: 35072379 is_gc_concurrent: 1 target_footprint_: 26417480 GetBytesAllocated: 15819274 HeapGrowthMultiplier: 3
12-18 16:58:50.080  3336  3748 I com.miui.home: CheckGCForNative gc_urgency 0.503844 current_native_bytes is 142305855
12-18 16:58:50.163  3336  7962 I com.miui.home: CheckGCForNative adj_start_bytes: 43429381 NativeAllocationGcWatermark: 11690793 java_gc_start_bytes: 25893192 kNewNativeDiscountFactor: 2 kOldNativeDiscountFactor: 65536 old_native_bytes: 130185067 new_native_bytes: 12456872 add_bytes_allowed: 35072379 is_gc_concurrent: 1 target_footprint_: 26417480 GetBytesAllocated: 16235144 HeapGrowthMultiplier: 3
12-18 16:58:50.163  3336  7962 I com.miui.home: CheckGCForNative gc_urgency 0.51729 current_native_bytes is 142641939
12-18 16:58:50.397  3336  3336 I com.miui.home: CheckGCForNative adj_start_bytes: 43429381 NativeAllocationGcWatermark: 11690793 java_gc_start_bytes: 25893192 kNewNativeDiscountFactor: 2 kOldNativeDiscountFactor: 65536 old_native_bytes: 130185067 new_native_bytes: 12167976 add_bytes_allowed: 35072379 is_gc_concurrent: 1 target_footprint_: 26417480 GetBytesAllocated: 16431196 HeapGrowthMultiplier: 3
12-18 16:58:50.397  3336  3336 I com.miui.home: CheckGCForNative gc_urgency 0.518478 current_native_bytes is 142353043
12-18 16:58:50.660 14484 14484 I wm_on_create_called: [0,130935360,com.tencent.mtt.SplashActivity,performCreate,101]
12-18 16:58:50.773 14484 14484 I wm_on_create_called: [0,242081710,com.tencent.mtt.MainActivity,performCreate,40]
12-18 16:58:50.788 14484 14484 I wm_on_start_called: [0,242081710,com.tencent.mtt.MainActivity,handleStartActivity,11]
12-18 16:58:51.253 14484 14484 I wm_on_resume_called: [0,242081710,com.tencent.mtt.MainActivity,RESUME_ACTIVITY,463]
12-18 16:58:51.261 14484 14484 I wm_on_top_resumed_gained_called: [242081710,com.tencent.mtt.MainActivity,topStateChangedWhenResumed]
12-18 16:58:51.459  3336  3336 I wm_on_stop_called: [0,150629719,com.miui.home.launcher.Launcher,STOP_ACTIVITY_ITEM,6]
12-18 16:58:51.562  3336  3336 I wm_on_restart_called: [0,150629719,com.miui.home.launcher.Launcher,,0]
12-18 16:58:51.564  3336  3336 I wm_on_start_called: [0,150629719,com.miui.home.launcher.Launcher,handleStartActivity,2]
12-18 16:58:51.586  3336  3336 I wm_on_resume_called: [0,150629719,com.miui.home.launcher.Launcher,RESUME_ACTIVITY,20]
12-18 16:58:51.696  3336  3336 I wm_on_idle_called: com.miui.home.launcher.Launcher
12-18 16:58:51.867  3336  3390 I com.miui.home: CheckGCForNative gc_urgency 0 current_native_bytes is 130693675
12-18 16:58:51.869  3336  3390 I com.miui.home: CheckGCForNative adj_start_bytes: 45006451 NativeAllocationGcWatermark: 11856800 java_gc_start_bytes: 27221251 kNewNativeDiscountFactor: 2 kOldNativeDiscountFactor: 65536 old_native_bytes: 130693675 new_native_bytes: 10706944 add_bytes_allowed: 35570400 is_gc_concurrent: 1 target_footprint_: 27745539 GetBytesAllocated: 14400876 HeapGrowthMultiplier: 3
12-18 16:58:51.869  3336  3390 I com.miui.home: CheckGCForNative gc_urgency 0.438967 current_native_bytes is 141400619
12-18 16:58:51.928 14714 14714 I wm_on_application_create_called: [0,com.sina.weibo,522]
12-18 16:58:51.980 14484 14484 I wm_on_destroy_called: [0,130935360,com.tencent.mtt.SplashActivity,performDestroy,0]
12-18 16:58:52.003  3336  3748 I com.miui.home: CheckGCForNative adj_start_bytes: 45006451 NativeAllocationGcWatermark: 11856800 java_gc_start_bytes: 27221251 kNewNativeDiscountFactor: 2 kOldNativeDiscountFactor: 65536 old_native_bytes: 130693675 new_native_bytes: 960 add_bytes_allowed: 35570400 is_gc_concurrent: 1 target_footprint_: 27745539 GetBytesAllocated: 14489102 HeapGrowthMultiplier: 3
12-18 16:58:52.003  3336  3748 I com.miui.home: CheckGCForNative gc_urgency 0.321989 current_native_bytes is 130694635
12-18 16:58:52.018 14484 14484 I wm_on_top_resumed_lost_called: [242081710,com.tencent.mtt.MainActivity,topStateChangedWhenResumed]
12-18 16:58:52.025  3336  3336 I wm_on_top_resumed_gained_called: [150629719,com.miui.home.launcher.Launcher,topStateChangedWhenResumed]
12-18 16:58:52.169  3336  3748 I com.miui.home: CheckGCForNative adj_start_bytes: 45006451 NativeAllocationGcWatermark: 11856800 java_gc_start_bytes: 27221251 kNewNativeDiscountFactor: 2 kOldNativeDiscountFactor: 65536 old_native_bytes: 130693675 new_native_bytes: 16320 add_bytes_allowed: 35570400 is_gc_concurrent: 1 target_footprint_: 27745539 GetBytesAllocated: 14546476 HeapGrowthMultiplier: 3
12-18 16:58:52.169  3336  3748 I com.miui.home: CheckGCForNative gc_urgency 0.323434 current_native_bytes is 130709995
12-18 16:58:52.358  3336  3747 I com.miui.home: CheckGCForNative adj_start_bytes: 45006451 NativeAllocationGcWatermark: 11856800 java_gc_start_bytes: 27221251 kNewNativeDiscountFactor: 2 kOldNativeDiscountFactor: 65536 old_native_bytes: 130693675 new_native_bytes: 10686416 add_bytes_allowed: 35570400 is_gc_concurrent: 1 target_footprint_: 27745539 GetBytesAllocated: 14632011 HeapGrowthMultiplier: 3
12-18 16:58:52.358  3336  3747 I com.miui.home: CheckGCForNative gc_urgency 0.443874 current_native_bytes is 141380091
12-18 16:58:52.359  3336  3747 I com.miui.home: CheckGCForNative adj_start_bytes: 45006451 NativeAllocationGcWatermark: 11856800 java_gc_start_bytes: 27221251 kNewNativeDiscountFactor: 2 kOldNativeDiscountFactor: 65536 old_native_bytes: 130693675 new_native_bytes: 21393360 add_bytes_allowed: 35570400 is_gc_concurrent: 1 target_footprint_: 27745539 GetBytesAllocated: 14636473 HeapGrowthMultiplier: 3
12-18 16:58:52.359  3336  3747 I com.miui.home: CheckGCForNative gc_urgency 0.562923 current_native_bytes is 152087035
12-18 16:58:52.393  3336  3403 I com.miui.home: CheckGCForNative adj_start_bytes: 45006451 NativeAllocationGcWatermark: 11856800 java_gc_start_bytes: 27221251 kNewNativeDiscountFactor: 2 kOldNativeDiscountFactor: 65536 old_native_bytes: 130693675 new_native_bytes: 10687152 add_bytes_allowed: 35570400 is_gc_concurrent: 1 target_footprint_: 27745539 GetBytesAllocated: 14657280 HeapGrowthMultiplier: 3
12-18 16:58:52.393  3336  3403 I com.miui.home: CheckGCForNative gc_urgency 0.444444 current_native_bytes is 141380827
12-18 16:58:52.762 14484 14484 I wm_on_paused_called: [0,242081710,com.tencent.mtt.MainActivity,performPause,5]
12-18 16:58:52.863  3336  3336 I wm_on_top_resumed_lost_called: [150629719,com.miui.home.launcher.Launcher,topStateChangedWhenResumed]
12-18 16:58:52.874  3336  3336 I wm_on_paused_called: [0,150629719,com.miui.home.launcher.Launcher,performPause,3]
12-18 16:58:52.960  3336 14439 I com.miui.home: CheckGCForNative adj_start_bytes: 45006451 NativeAllocationGcWatermark: 11856800 java_gc_start_bytes: 27221251 kNewNativeDiscountFactor: 2 kOldNativeDiscountFactor: 65536 old_native_bytes: 130693675 new_native_bytes: 10870496 add_bytes_allowed: 35570400 is_gc_concurrent: 1 target_footprint_: 27745539 GetBytesAllocated: 15227061 HeapGrowthMultiplier: 3
12-18 16:58:52.960  3336 14439 I com.miui.home: CheckGCForNative gc_urgency 0.459141 current_native_bytes is 141564171
12-18 16:58:53.105  3336  7962 I com.miui.home: CheckGCForNative adj_start_bytes: 45006451 NativeAllocationGcWatermark: 11856800 java_gc_start_bytes: 27221251 kNewNativeDiscountFactor: 2 kOldNativeDiscountFactor: 65536 old_native_bytes: 130693675 new_native_bytes: 10928008 add_bytes_allowed: 35570400 is_gc_concurrent: 1 target_footprint_: 27745539 GetBytesAllocated: 15549331 HeapGrowthMultiplier: 3
12-18 16:58:53.105  3336  7962 I com.miui.home: CheckGCForNative gc_urgency 0.46694 current_native_bytes is 141621683
12-18 16:58:53.330  3336  7962 I com.miui.home: CheckGCForNative adj_start_bytes: 45006451 NativeAllocationGcWatermark: 11856800 java_gc_start_bytes: 27221251 kNewNativeDiscountFactor: 2 kOldNativeDiscountFactor: 65536 old_native_bytes: 130693675 new_native_bytes: 22616932 add_bytes_allowed: 35570400 is_gc_concurrent: 1 target_footprint_: 27745539 GetBytesAllocated: 16234611 HeapGrowthMultiplier: 3
12-18 16:58:53.330  3336  7962 I com.miui.home: CheckGCForNative gc_urgency 0.612025 current_native_bytes is 153310607
12-18 16:58:53.347  3336  3748 I com.miui.home: CheckGCForNative adj_start_bytes: 45006451 NativeAllocationGcWatermark: 11856800 java_gc_start_bytes: 27221251 kNewNativeDiscountFactor: 2 kOldNativeDiscountFactor: 65536 old_native_bytes: 130693675 new_native_bytes: 11913252 add_bytes_allowed: 35570400 is_gc_concurrent: 1 target_footprint_: 27745539 GetBytesAllocated: 16263453 HeapGrowthMultiplier: 3
12-18 16:58:53.347  3336  3748 I com.miui.home: CheckGCForNative gc_urgency 0.493753 current_native_bytes is 142606927
12-18 16:58:53.614  3336  3748 I com.miui.home: CheckGCForNative adj_start_bytes: 45006451 NativeAllocationGcWatermark: 11856800 java_gc_start_bytes: 27221251 kNewNativeDiscountFactor: 2 kOldNativeDiscountFactor: 65536 old_native_bytes: 130693675 new_native_bytes: 12151000 add_bytes_allowed: 35570400 is_gc_concurrent: 1 target_footprint_: 27745539 GetBytesAllocated: 16992860 HeapGrowthMultiplier: 3
12-18 16:58:53.614  3336  3748 I com.miui.home: CheckGCForNative gc_urgency 0.512601 current_native_bytes is 142844675
12-18 16:58:53.614  3336  3748 I com.miui.home: CheckGCForNative adj_start_bytes: 45006451 NativeAllocationGcWatermark: 11856800 java_gc_start_bytes: 27221251 kNewNativeDiscountFactor: 2 kOldNativeDiscountFactor: 65536 old_native_bytes: 130693675 new_native_bytes: 12131224 add_bytes_allowed: 35570400 is_gc_concurrent: 1 target_footprint_: 27745539 GetBytesAllocated: 16992860 HeapGrowthMultiplier: 3
12-18 16:58:53.614  3336  3748 I com.miui.home: CheckGCForNative gc_urgency 0.512381 current_native_bytes is 142824899
12-18 16:58:53.842 14984 14984 I wm_on_application_create_called: [0,com.youku.phone,270]
12-18 16:58:53.977 14984 14984 I wm_on_create_called: [0,154125203,com.youku.phone.ActivityWelcome,performCreate,78]
12-18 16:58:54.173 14984 14984 I wm_on_create_called: [0,208489123,com.youku.v2.HomePageEntry,performCreate,104]
12-18 16:58:54.296 14984 14984 I wm_on_start_called: [0,208489123,com.youku.v2.HomePageEntry,handleStartActivity,117]
12-18 16:58:54.333 14984 14984 I wm_on_resume_called: [0,208489123,com.youku.v2.HomePageEntry,RESUME_ACTIVITY,32]
12-18 16:58:54.343 14984 14984 I wm_on_top_resumed_gained_called: [208489123,com.youku.v2.HomePageEntry,topStateChangedWhenResumed]
12-18 16:58:54.646  3336  3336 I wm_on_stop_called: [0,150629719,com.miui.home.launcher.Launcher,STOP_ACTIVITY_ITEM,5]
12-18 16:58:55.062  3336  3336 I wm_on_restart_called: [0,150629719,com.miui.home.launcher.Launcher,,0]
12-18 16:58:55.064  3336  3336 I wm_on_start_called: [0,150629719,com.miui.home.launcher.Launcher,handleStartActivity,2]
12-18 16:58:55.089  3336  3336 I wm_on_resume_called: [0,150629719,com.miui.home.launcher.Launcher,RESUME_ACTIVITY,22]
12-18 16:58:55.191  3336  3336 I wm_on_idle_called: com.miui.home.launcher.Launcher
12-18 16:58:55.477  3336  3390 I com.miui.home: CheckGCForNative gc_urgency 0 current_native_bytes is 130705271
12-18 16:58:55.482  3336  3390 I com.miui.home: CheckGCForNative adj_start_bytes: 42529957 NativeAllocationGcWatermark: 11554725 java_gc_start_bytes: 25197870 kNewNativeDiscountFactor: 2 kOldNativeDiscountFactor: 65536 old_native_bytes: 130705271 new_native_bytes: 10706944 add_bytes_allowed: 34664175 is_gc_concurrent: 1 target_footprint_: 25328942 GetBytesAllocated: 14351784 HeapGrowthMultiplier: 3
12-18 16:58:55.482  3336  3390 I com.miui.home: CheckGCForNative gc_urgency 0.463373 current_native_bytes is 141412215
12-18 16:58:55.539  3336  3336 I wm_on_top_resumed_gained_called: [150629719,com.miui.home.launcher.Launcher,topStateChangedWhenResumed]
12-18 16:58:55.614  3336  3748 I com.miui.home: CheckGCForNative adj_start_bytes: 42529957 NativeAllocationGcWatermark: 11554725 java_gc_start_bytes: 25197870 kNewNativeDiscountFactor: 2 kOldNativeDiscountFactor: 65536 old_native_bytes: 130705271 new_native_bytes: 77456 add_bytes_allowed: 34664175 is_gc_concurrent: 1 target_footprint_: 25328942 GetBytesAllocated: 14426337 HeapGrowthMultiplier: 3
12-18 16:58:55.614  3336  3748 I com.miui.home: CheckGCForNative gc_urgency 0.340162 current_native_bytes is 130782727
12-18 16:58:55.626 14984 14984 I wm_on_destroy_called: [0,154125203,com.youku.phone.ActivityWelcome,performDestroy,4]
12-18 16:58:55.703 14984 14984 I wm_on_top_resumed_lost_called: [208489123,com.youku.v2.HomePageEntry,topStateChangedWhenResumed]
12-18 16:58:55.969  3336  3748 I com.miui.home: CheckGCForNative adj_start_bytes: 42529957 NativeAllocationGcWatermark: 11554725 java_gc_start_bytes: 25197870 kNewNativeDiscountFactor: 2 kOldNativeDiscountFactor: 65536 old_native_bytes: 130705271 new_native_bytes: 69024 add_bytes_allowed: 34664175 is_gc_concurrent: 1 target_footprint_: 25328942 GetBytesAllocated: 14564440 HeapGrowthMultiplier: 3
12-18 16:58:55.970  3336  3748 I com.miui.home: CheckGCForNative gc_urgency 0.34331 current_native_bytes is 130774295
12-18 16:58:55.970  3336  3748 I com.miui.home: CheckGCForNative adj_start_bytes: 42529957 NativeAllocationGcWatermark: 11554725 java_gc_start_bytes: 25197870 kNewNativeDiscountFactor: 2 kOldNativeDiscountFactor: 65536 old_native_bytes: 130705271 new_native_bytes: 69728 add_bytes_allowed: 34664175 is_gc_concurrent: 1 target_footprint_: 25328942 GetBytesAllocated: 14564440 HeapGrowthMultiplier: 3
12-18 16:58:55.970  3336  3748 I com.miui.home: CheckGCForNative gc_urgency 0.343318 current_native_bytes is 130774999
12-18 16:58:56.000  3336  3747 I com.miui.home: CheckGCForNative adj_start_bytes: 42529957 NativeAllocationGcWatermark: 11554725 java_gc_start_bytes: 25197870 kNewNativeDiscountFactor: 2 kOldNativeDiscountFactor: 65536 old_native_bytes: 130705271 new_native_bytes: 10726208 add_bytes_allowed: 34664175 is_gc_concurrent: 1 target_footprint_: 25328942 GetBytesAllocated: 14606941 HeapGrowthMultiplier: 3
12-18 16:58:56.000  3336  3747 I com.miui.home: CheckGCForNative gc_urgency 0.469599 current_native_bytes is 141431479
12-18 16:58:56.002  3336  3747 I com.miui.home: CheckGCForNative adj_start_bytes: 42529957 NativeAllocationGcWatermark: 11554725 java_gc_start_bytes: 25197870 kNewNativeDiscountFactor: 2 kOldNativeDiscountFactor: 65536 old_native_bytes: 130705271 new_native_bytes: 21432992 add_bytes_allowed: 34664175 is_gc_concurrent: 1 target_footprint_: 25328942 GetBytesAllocated: 14612922 HeapGrowthMultiplier: 3
12-18 16:58:56.002  3336  3747 I com.miui.home: CheckGCForNative gc_urgency 0.595613 current_native_bytes is 152138263
12-18 16:58:56.292 14984 14984 I wm_on_paused_called: [0,208489123,com.youku.v2.HomePageEntry,performPause,35]
12-18 16:58:56.533  3336  3336 I wm_on_top_resumed_lost_called: [150629719,com.miui.home.launcher.Launcher,topStateChangedWhenResumed]
12-18 16:58:56.538  3336  3336 I wm_on_paused_called: [0,150629719,com.miui.home.launcher.Launcher,performPause,3]
12-18 16:58:56.622  3336  3729 I com.miui.home: CheckGCForNative adj_start_bytes: 42529957 NativeAllocationGcWatermark: 11554725 java_gc_start_bytes: 25197870 kNewNativeDiscountFactor: 2 kOldNativeDiscountFactor: 65536 old_native_bytes: 130705271 new_native_bytes: 11012408 add_bytes_allowed: 34664175 is_gc_concurrent: 1 target_footprint_: 25328942 GetBytesAllocated: 15458806 HeapGrowthMultiplier: 3
12-18 16:58:56.622  3336  3729 I com.miui.home: CheckGCForNative gc_urgency 0.492994 current_native_bytes is 141717679
12-18 16:58:56.781  3336  7962 I com.miui.home: CheckGCForNative adj_start_bytes: 42529957 NativeAllocationGcWatermark: 11554725 java_gc_start_bytes: 25197870 kNewNativeDiscountFactor: 2 kOldNativeDiscountFactor: 65536 old_native_bytes: 130705271 new_native_bytes: 11735244 add_bytes_allowed: 34664175 is_gc_concurrent: 1 target_footprint_: 25328942 GetBytesAllocated: 15947691 HeapGrowthMultiplier: 3
12-18 16:58:56.781  3336  7962 I com.miui.home: CheckGCForNative gc_urgency 0.512987 current_native_bytes is 142440515
12-18 16:58:56.872  3336  7962 I com.miui.home: CheckGCForNative adj_start_bytes: 42529957 NativeAllocationGcWatermark: 11554725 java_gc_start_bytes: 25197870 kNewNativeDiscountFactor: 2 kOldNativeDiscountFactor: 65536 old_native_bytes: 130705271 new_native_bytes: 22604684 add_bytes_allowed: 34664175 is_gc_concurrent: 1 target_footprint_: 25328942 GetBytesAllocated: 16108369 HeapGrowthMultiplier: 3
12-18 16:58:56.872  3336  7962 I com.miui.home: CheckGCForNative gc_urgency 0.644551 current_native_bytes is 153309955
12-18 16:58:56.971  3336  7962 I com.miui.home: CheckGCForNative adj_start_bytes: 42529957 NativeAllocationGcWatermark: 11554725 java_gc_start_bytes: 25197870 kNewNativeDiscountFactor: 2 kOldNativeDiscountFactor: 65536 old_native_bytes: 130705271 new_native_bytes: 11905708 add_bytes_allowed: 34664175 is_gc_concurrent: 1 target_footprint_: 25328942 GetBytesAllocated: 16338059 HeapGrowthMultiplier: 3
12-18 16:58:56.971  3336  7962 I com.miui.home: CheckGCForNative gc_urgency 0.52417 current_native_bytes is 142610979
12-18 16:58:57.247  3336  3748 I com.miui.home: CheckGCForNative adj_start_bytes: 42529957 NativeAllocationGcWatermark: 11554725 java_gc_start_bytes: 25197870 kNewNativeDiscountFactor: 2 kOldNativeDiscountFactor: 65536 old_native_bytes: 130705271 new_native_bytes: 12033696 add_bytes_allowed: 34664175 is_gc_concurrent: 1 target_footprint_: 25328942 GetBytesAllocated: 16885193 HeapGrowthMultiplier: 3
12-18 16:58:57.247  3336  3748 I com.miui.home: CheckGCForNative gc_urgency 0.538539 current_native_bytes is 142738967
12-18 16:58:57.445 15562 15562 I wm_on_create_called: [0,95032327,com.ucpro.MainActivity,performCreate,54]
12-18 16:58:57.967 15562 15562 I wm_on_create_called: [0,115836769,com.ucpro.BrowserActivity,performCreate,444]
12-18 16:58:57.970 15562 15562 I wm_on_start_called: [0,115836769,com.ucpro.BrowserActivity,handleStartActivity,3]
12-18 16:58:57.978 15562 15562 I wm_on_resume_called: [0,115836769,com.ucpro.BrowserActivity,RESUME_ACTIVITY,6]
12-18 16:58:58.011 15562 15562 I wm_on_top_resumed_gained_called: [115836769,com.ucpro.BrowserActivity,topStateChangedWhenResumed]
12-18 16:58:58.355  3336  3336 I wm_on_stop_called: [0,150629719,com.miui.home.launcher.Launcher,STOP_ACTIVITY_ITEM,7]
12-18 16:58:58.668 15562 15562 I wm_on_destroy_called: [0,95032327,com.ucpro.MainActivity,performDestroy,53]
12-18 16:58:59.050  3336  3336 I wm_on_restart_called: [0,150629719,com.miui.home.launcher.Launcher,,0]
12-18 16:58:59.052  3336  3336 I wm_on_start_called: [0,150629719,com.miui.home.launcher.Launcher,handleStartActivity,2]
12-18 16:58:59.073  3336  3336 I wm_on_resume_called: [0,150629719,com.miui.home.launcher.Launcher,RESUME_ACTIVITY,18]
12-18 16:58:59.134  3336  3336 I com.miui.home: CheckGCForNative gc_urgency 0 current_native_bytes is 119953027
12-18 16:58:59.186  3336  3336 I wm_on_idle_called: com.miui.home.launcher.Launcher
12-18 16:58:59.309  3336  4006 I com.miui.home: CheckGCForNative adj_start_bytes: 42876364 NativeAllocationGcWatermark: 11594097 java_gc_start_bytes: 25485219 kNewNativeDiscountFactor: 2 kOldNativeDiscountFactor: 65536 old_native_bytes: 119953027 new_native_bytes: 10867660 add_bytes_allowed: 34782291 is_gc_concurrent: 1 target_footprint_: 25643912 GetBytesAllocated: 14387651 HeapGrowthMultiplier: 3
12-18 16:58:59.309  3336  4006 I com.miui.home: CheckGCForNative gc_urgency 0.462337 current_native_bytes is 130820687
12-18 16:58:59.321  3336  4006 I com.miui.home: CheckGCForNative adj_start_bytes: 42876364 NativeAllocationGcWatermark: 11594097 java_gc_start_bytes: 25485219 kNewNativeDiscountFactor: 2 kOldNativeDiscountFactor: 65536 old_native_bytes: 119953027 new_native_bytes: 21574604 add_bytes_allowed: 34782291 is_gc_concurrent: 1 target_footprint_: 25643912 GetBytesAllocated: 14387843 HeapGrowthMultiplier: 3
12-18 16:58:59.321  3336  4006 I com.miui.home: CheckGCForNative gc_urgency 0.587199 current_native_bytes is 141527631
12-18 16:58:59.414  3336  3748 I com.miui.home: CheckGCForNative adj_start_bytes: 42876364 NativeAllocationGcWatermark: 11594097 java_gc_start_bytes: 25485219 kNewNativeDiscountFactor: 2 kOldNativeDiscountFactor: 65536 old_native_bytes: 119953027 new_native_bytes: 10979756 add_bytes_allowed: 34782291 is_gc_concurrent: 1 target_footprint_: 25643912 GetBytesAllocated: 14465345 HeapGrowthMultiplier: 3
12-18 16:58:59.414  3336  3748 I com.miui.home: CheckGCForNative gc_urgency 0.465456 current_native_bytes is 130932783
12-18 16:58:59.540  3336  3336 I wm_on_top_resumed_gained_called: [150629719,com.miui.home.launcher.Launcher,topStateChangedWhenResumed]
12-18 16:58:59.770  3336  3748 I com.miui.home: CheckGCForNative adj_start_bytes: 42876364 NativeAllocationGcWatermark: 11594097 java_gc_start_bytes: 25485219 kNewNativeDiscountFactor: 2 kOldNativeDiscountFactor: 65536 old_native_bytes: 119953027 new_native_bytes: 10969276 add_bytes_allowed: 34782291 is_gc_concurrent: 1 target_footprint_: 25643912 GetBytesAllocated: 14593656 HeapGrowthMultiplier: 3
12-18 16:58:59.770  3336  3748 I com.miui.home: CheckGCForNative gc_urgency 0.468326 current_native_bytes is 130922303
12-18 16:58:59.821  3336  3747 I com.miui.home: CheckGCForNative adj_start_bytes: 42876364 NativeAllocationGcWatermark: 11594097 java_gc_start_bytes: 25485219 kNewNativeDiscountFactor: 2 kOldNativeDiscountFactor: 65536 old_native_bytes: 119953027 new_native_bytes: 21671196 add_bytes_allowed: 34782291 is_gc_concurrent: 1 target_footprint_: 25643912 GetBytesAllocated: 14616313 HeapGrowthMultiplier: 3
12-18 16:58:59.821  3336  3747 I com.miui.home: CheckGCForNative gc_urgency 0.593654 current_native_bytes is 141624223
12-18 16:58:59.824  3336  3747 I com.miui.home: CheckGCForNative adj_start_bytes: 42876364 NativeAllocationGcWatermark: 11594097 java_gc_start_bytes: 25485219 kNewNativeDiscountFactor: 2 kOldNativeDiscountFactor: 65536 old_native_bytes: 119953027 new_native_bytes: 32377116 add_bytes_allowed: 34782291 is_gc_concurrent: 1 target_footprint_: 25643912 GetBytesAllocated: 14618610 HeapGrowthMultiplier: 3
12-18 16:58:59.824  3336  3747 I com.miui.home: CheckGCForNative gc_urgency 0.718554 current_native_bytes is 152330143
12-18 16:58:59.971 15562 15562 I wm_on_top_resumed_lost_called: [115836769,com.ucpro.BrowserActivity,topStateChangedWhenResumed]
12-18 16:59:00.437 15562 15562 I wm_on_paused_called: [0,115836769,com.ucpro.BrowserActivity,performPause,58]
12-18 16:59:00.604  3336  7962 I com.miui.home: CheckGCForNative adj_start_bytes: 42876364 NativeAllocationGcWatermark: 11594097 java_gc_start_bytes: 25485219 kNewNativeDiscountFactor: 2 kOldNativeDiscountFactor: 65536 old_native_bytes: 119953027 new_native_bytes: 22404752 add_bytes_allowed: 34782291 is_gc_concurrent: 1 target_footprint_: 25643912 GetBytesAllocated: 15274263 HeapGrowthMultiplier: 3
12-18 16:59:00.604  3336  7962 I com.miui.home: CheckGCForNative gc_urgency 0.617554 current_native_bytes is 142357779
12-18 16:59:00.617  3336  7962 I com.miui.home: CheckGCForNative adj_start_bytes: 42876364 NativeAllocationGcWatermark: 11594097 java_gc_start_bytes: 25485219 kNewNativeDiscountFactor: 2 kOldNativeDiscountFactor: 65536 old_native_bytes: 119953027 new_native_bytes: 33145456 add_bytes_allowed: 34782291 is_gc_concurrent: 1 target_footprint_: 25643912 GetBytesAllocated: 15361113 HeapGrowthMultiplier: 3
12-18 16:59:00.617  3336  7962 I com.miui.home: CheckGCForNative gc_urgency 0.744832 current_native_bytes is 153098483
12-18 16:59:00.789 15562 15562 I wm_on_stop_called: [0,115836769,com.ucpro.BrowserActivity,STOP_ACTIVITY_ITEM,45]
12-18 16:59:01.139 15562 15562 I wm_on_idle_called: com.ucpro.BrowserActivity