12-18 15:23:16.773  3289  3759 I com.miui.home: CheckGCForNative adj_start_bytes: 43222655 NativeAllocationGcWatermark: 11669032 java_gc_start_bytes: 25719107 kNewNativeDiscountFactor: 2 kOldNativeDiscountFactor: 65536 old_native_bytes: 130807227 new_native_bytes: 34163100 add_bytes_allowed: 35007096 is_gc_concurrent: 1 target_footprint_: 26243395 GetBytesAllocated: 21642052 HeapGrowthMultiplier: 3
12-18 15:23:16.773  3289  3759 I com.miui.home: CheckGCForNative gc_urgency 0.895956 current_native_bytes is 164970327
12-18 15:23:16.773 12784 12784 I wm_on_start_called: [0,118485269,com.tencent.mm.ui.LauncherUI,handleStartActivity,18]
12-18 15:23:16.823  3289  3363 I com.miui.home: NativeAlloc concurrent copying GC freed 179759(7771KB) AllocSpace objects, 28(784KB) LOS objects, 49% free, 12MB/24MB, paused 2.591ms,15.301ms total 221.272ms
12-18 15:23:16.842  3289  3998 I com.miui.home: CheckGCForNative gc_urgency 0 current_native_bytes is 142969639
12-18 15:23:16.846  3289  3289 I wm_on_top_resumed_gained_called: [180142162,com.miui.home.launcher.Launcher,topStateChangedWhenResumed]
12-18 15:23:16.851 12784 12784 I wm_on_resume_called: [0,118485269,com.tencent.mm.ui.LauncherUI,RESUME_ACTIVITY,76]
12-18 15:23:16.868 12784 12784 I wm_on_top_resumed_gained_called: [118485269,com.tencent.mm.ui.LauncherUI,topStateChangedWhenResumed]
12-18 15:23:16.872 12784 12784 I wm_on_top_resumed_lost_called: [118485269,com.tencent.mm.ui.LauncherUI,topStateChangedWhenResumed]
12-18 15:23:16.884  3289  3759 I com.miui.home: CheckGCForNative gc_urgency 0 current_native_bytes is 130507743
12-18 15:23:16.909 12784 12784 I wm_on_paused_called: [0,118485269,com.tencent.mm.ui.LauncherUI,performPause,4]
12-18 15:23:17.025 12784 12784 I wm_on_stop_called: [0,19959906,com.tencent.mm.app.WeChatSplashActivity,LIFECYCLER_STOP_ACTIVITY,3]
12-18 15:23:17.036 12784 12784 I wm_on_destroy_called: [0,19959906,com.tencent.mm.app.WeChatSplashActivity,performDestroy,8]
12-18 15:23:17.093  3289  3755 I com.miui.home: CheckGCForNative adj_start_bytes: 42869827 NativeAllocationGcWatermark: 11631892 java_gc_start_bytes: 25421989 kNewNativeDiscountFactor: 2 kOldNativeDiscountFactor: 65536 old_native_bytes: 130507743 new_native_bytes: 10835316 add_bytes_allowed: 34895676 is_gc_concurrent: 1 target_footprint_: 25946277 GetBytesAllocated: 13625909 HeapGrowthMultiplier: 3
12-18 15:23:17.093  3289  3755 I com.miui.home: CheckGCForNative gc_urgency 0.444487 current_native_bytes is 141343059
12-18 15:23:17.095  3289  3755 I com.miui.home: CheckGCForNative adj_start_bytes: 42869827 NativeAllocationGcWatermark: 11631892 java_gc_start_bytes: 25421989 kNewNativeDiscountFactor: 2 kOldNativeDiscountFactor: 65536 old_native_bytes: 130507743 new_native_bytes: 21542452 add_bytes_allowed: 34895676 is_gc_concurrent: 1 target_footprint_: 25946277 GetBytesAllocated: 13635612 HeapGrowthMultiplier: 3
12-18 15:23:17.095  3289  3755 I com.miui.home: CheckGCForNative gc_urgency 0.569371 current_native_bytes is 152050195
12-18 15:23:17.097  3289  3372 I com.miui.home: CheckGCForNative adj_start_bytes: 42869827 NativeAllocationGcWatermark: 11631892 java_gc_start_bytes: 25421989 kNewNativeDiscountFactor: 2 kOldNativeDiscountFactor: 65536 old_native_bytes: 130507743 new_native_bytes: 21576244 add_bytes_allowed: 34895676 is_gc_concurrent: 1 target_footprint_: 25946277 GetBytesAllocated: 13635612 HeapGrowthMultiplier: 3
12-18 15:23:17.098  3289  3372 I com.miui.home: CheckGCForNative gc_urgency 0.569765 current_native_bytes is 152083987
12-18 15:23:17.215 12784 12784 I wm_on_create_called: [0,126460840,com.tencent.mm.plugin.account.ui.WelcomeActivity,performCreate,133]
12-18 15:23:17.223 12784 12784 I wm_on_start_called: [0,126460840,com.tencent.mm.plugin.account.ui.WelcomeActivity,handleStartActivity,5]
12-18 15:23:17.234  3289  3998 I com.miui.home: CheckGCForNative adj_start_bytes: 42869827 NativeAllocationGcWatermark: 11631892 java_gc_start_bytes: 25421989 kNewNativeDiscountFactor: 2 kOldNativeDiscountFactor: 65536 old_native_bytes: 130507743 new_native_bytes: 21480980 add_bytes_allowed: 34895676 is_gc_concurrent: 1 target_footprint_: 25946277 GetBytesAllocated: 13912538 HeapGrowthMultiplier: 3
12-18 15:23:17.234  3289  3998 I com.miui.home: CheckGCForNative gc_urgency 0.575114 current_native_bytes is 151988723
12-18 15:23:17.237 12784 12784 I wm_on_resume_called: [0,126460840,com.tencent.mm.plugin.account.ui.WelcomeActivity,RESUME_ACTIVITY,8]
12-18 15:23:17.402 12784 12784 I wm_on_destroy_called: [0,147959277,com.tencent.mm.ui.LauncherUI,performDestroy,3]
12-18 15:23:17.408  3289  3691 I com.miui.home: CheckGCForNative adj_start_bytes: 42869827 NativeAllocationGcWatermark: 11631892 java_gc_start_bytes: 25421989 kNewNativeDiscountFactor: 2 kOldNativeDiscountFactor: 65536 old_native_bytes: 130507743 new_native_bytes: 10895964 add_bytes_allowed: 34895676 is_gc_concurrent: 1 target_footprint_: 25946277 GetBytesAllocated: 14486074 HeapGrowthMultiplier: 3
12-18 15:23:17.408  3289  3691 I com.miui.home: CheckGCForNative gc_urgency 0.465037 current_native_bytes is 141403707
12-18 15:23:17.424  3289  3289 I wm_on_top_resumed_lost_called: [180142162,com.miui.home.launcher.Launcher,topStateChangedWhenResumed]
12-18 15:23:17.432 12784 12784 I wm_on_stop_called: [0,118485269,com.tencent.mm.ui.LauncherUI,STOP_ACTIVITY_ITEM,8]
12-18 15:23:17.434  3289  3289 I wm_on_paused_called: [0,180142162,com.miui.home.launcher.Launcher,performPause,3]
12-18 15:23:17.447 12784 12784 I wm_on_paused_called: [0,126460840,com.tencent.mm.plugin.account.ui.WelcomeActivity,performPause,12]
12-18 15:23:17.494 12784 12784 I wm_on_stop_called: [0,126460840,com.tencent.mm.plugin.account.ui.WelcomeActivity,STOP_ACTIVITY_ITEM,11]
12-18 15:23:17.630 12784 12784 I wm_on_idle_called: com.tencent.mm.ui.LauncherUI
12-18 15:23:17.630 12784 12784 I wm_on_idle_called: com.tencent.mm.plugin.account.ui.WelcomeActivity
12-18 15:23:17.676  3289  3998 I com.miui.home: CheckGCForNative adj_start_bytes: 42869827 NativeAllocationGcWatermark: 11631892 java_gc_start_bytes: 25421989 kNewNativeDiscountFactor: 2 kOldNativeDiscountFactor: 65536 old_native_bytes: 130507743 new_native_bytes: 22265632 add_bytes_allowed: 34895676 is_gc_concurrent: 1 target_footprint_: 25946277 GetBytesAllocated: 15084869 HeapGrowthMultiplier: 3
12-18 15:23:17.676  3289  3998 I com.miui.home: CheckGCForNative gc_urgency 0.611611 current_native_bytes is 152773375
12-18 15:23:17.828  3289  3759 I com.miui.home: CheckGCForNative adj_start_bytes: 42869827 NativeAllocationGcWatermark: 11631892 java_gc_start_bytes: 25421989 kNewNativeDiscountFactor: 2 kOldNativeDiscountFactor: 65536 old_native_bytes: 130507743 new_native_bytes: 11603056 add_bytes_allowed: 34895676 is_gc_concurrent: 1 target_footprint_: 25946277 GetBytesAllocated: 15421451 HeapGrowthMultiplier: 3
12-18 15:23:17.828  3289  3759 I com.miui.home: CheckGCForNative gc_urgency 0.495103 current_native_bytes is 142110799
12-18 15:23:17.850  3289  3759 I com.miui.home: CheckGCForNative adj_start_bytes: 42869827 NativeAllocationGcWatermark: 11631892 java_gc_start_bytes: 25421989 kNewNativeDiscountFactor: 2 kOldNativeDiscountFactor: 65536 old_native_bytes: 130507743 new_native_bytes: 11779952 add_bytes_allowed: 34895676 is_gc_concurrent: 1 target_footprint_: 25946277 GetBytesAllocated: 15468492 HeapGrowthMultiplier: 3
12-18 15:23:17.850  3289  3759 I com.miui.home: CheckGCForNative gc_urgency 0.498263 current_native_bytes is 142287695
12-18 15:23:18.072  3289  3998 I com.miui.home: CheckGCForNative adj_start_bytes: 42869827 NativeAllocationGcWatermark: 11631892 java_gc_start_bytes: 25421989 kNewNativeDiscountFactor: 2 kOldNativeDiscountFactor: 65536 old_native_bytes: 130507743 new_native_bytes: 11925192 add_bytes_allowed: 34895676 is_gc_concurrent: 1 target_footprint_: 25946277 GetBytesAllocated: 16343724 HeapGrowthMultiplier: 3
12-18 15:23:18.073  3289  3998 I com.miui.home: CheckGCForNative gc_urgency 0.520373 current_native_bytes is 142432935
12-18 15:23:18.430 13018 13018 I wm_on_create_called: [0,48750867,com.sina.weibo.SplashActivity,performCreate,117]
12-18 15:23:18.440 13018 13018 I wm_on_start_called: [0,48750867,com.sina.weibo.SplashActivity,handleStartActivity,9]
12-18 15:23:18.457 13018 13018 I wm_on_resume_called: [0,48750867,com.sina.weibo.SplashActivity,RESUME_ACTIVITY,12]
12-18 15:23:18.503 13018 13018 I wm_on_top_resumed_gained_called: [48750867,com.sina.weibo.SplashActivity,topStateChangedWhenResumed]
12-18 15:23:18.678  3289  3289 I wm_on_stop_called: [0,180142162,com.miui.home.launcher.Launcher,STOP_ACTIVITY_ITEM,8]
12-18 15:23:18.938 13128 13128 I wm_on_application_create_called: [0,com.sina.weibo,372]
12-18 15:23:19.015 13018 13018 I wm_on_idle_called: com.sina.weibo.SplashActivity
12-18 15:23:20.148  3289  3289 I wm_on_restart_called: [0,180142162,com.miui.home.launcher.Launcher,,0]
12-18 15:23:20.148 13018 13018 I wm_on_top_resumed_lost_called: [48750867,com.sina.weibo.SplashActivity,topStateChangedWhenResumed]
12-18 15:23:20.151  3289  3289 I wm_on_start_called: [0,180142162,com.miui.home.launcher.Launcher,handleStartActivity,3]
12-18 15:23:20.175  3289  3289 I wm_on_resume_called: [0,180142162,com.miui.home.launcher.Launcher,RESUME_ACTIVITY,21]
12-18 15:23:20.253  3289  3289 I wm_on_top_resumed_gained_called: [180142162,com.miui.home.launcher.Launcher,topStateChangedWhenResumed]
12-18 15:23:20.260  3289  3289 I wm_on_idle_called: com.miui.home.launcher.Launcher
12-18 15:23:20.346  3289  8424 I com.miui.home: CheckGCForNative adj_start_bytes: 42869827 NativeAllocationGcWatermark: 11631892 java_gc_start_bytes: 25421989 kNewNativeDiscountFactor: 2 kOldNativeDiscountFactor: 65536 old_native_bytes: 130507743 new_native_bytes: 22867980 add_bytes_allowed: 34895676 is_gc_concurrent: 1 target_footprint_: 25946277 GetBytesAllocated: 18334041 HeapGrowthMultiplier: 3
12-18 15:23:20.346  3289  8424 I com.miui.home: CheckGCForNative gc_urgency 0.694428 current_native_bytes is 153375723
12-18 15:23:20.346  3289  3371 I com.miui.home: CheckGCForNative adj_start_bytes: 42869827 NativeAllocationGcWatermark: 11631892 java_gc_start_bytes: 25421989 kNewNativeDiscountFactor: 2 kOldNativeDiscountFactor: 65536 old_native_bytes: 130507743 new_native_bytes: 33573900 add_bytes_allowed: 34895676 is_gc_concurrent: 1 target_footprint_: 25946277 GetBytesAllocated: 18334233 HeapGrowthMultiplier: 3
12-18 15:23:20.346  3289  3371 I com.miui.home: CheckGCForNative gc_urgency 0.819298 current_native_bytes is 164081643
12-18 15:23:20.347  3289  3289 I com.miui.home: CheckGCForNative adj_start_bytes: 42869827 NativeAllocationGcWatermark: 11631892 java_gc_start_bytes: 25421989 kNewNativeDiscountFactor: 2 kOldNativeDiscountFactor: 65536 old_native_bytes: 130507743 new_native_bytes: 44280844 add_bytes_allowed: 34895676 is_gc_concurrent: 1 target_footprint_: 25946277 GetBytesAllocated: 18345634 HeapGrowthMultiplier: 3
12-18 15:23:20.347  3289  3289 I com.miui.home: CheckGCForNative gc_urgency 0.944442 current_native_bytes is 174788587
12-18 15:23:20.417  3289  3759 I com.miui.home: CheckGCForNative adj_start_bytes: 42869827 NativeAllocationGcWatermark: 11631892 java_gc_start_bytes: 25421989 kNewNativeDiscountFactor: 2 kOldNativeDiscountFactor: 65536 old_native_bytes: 130507743 new_native_bytes: 22896588 add_bytes_allowed: 34895676 is_gc_concurrent: 1 target_footprint_: 25946277 GetBytesAllocated: 18394241 HeapGrowthMultiplier: 3
12-18 15:23:20.417  3289  3759 I com.miui.home: CheckGCForNative gc_urgency 0.696166 current_native_bytes is 153404331
12-18 15:23:20.428  3289  3759 I com.miui.home: CheckGCForNative adj_start_bytes: 42869827 NativeAllocationGcWatermark: 11631892 java_gc_start_bytes: 25421989 kNewNativeDiscountFactor: 2 kOldNativeDiscountFactor: 65536 old_native_bytes: 130507743 new_native_bytes: 22898124 add_bytes_allowed: 34895676 is_gc_concurrent: 1 target_footprint_: 25946277 GetBytesAllocated: 18400379 HeapGrowthMultiplier: 3
12-18 15:23:20.428  3289  3759 I com.miui.home: CheckGCForNative gc_urgency 0.696327 current_native_bytes is 153405867
12-18 15:23:20.783  3289  3759 I com.miui.home: CheckGCForNative adj_start_bytes: 42869827 NativeAllocationGcWatermark: 11631892 java_gc_start_bytes: 25421989 kNewNativeDiscountFactor: 2 kOldNativeDiscountFactor: 65536 old_native_bytes: 130507743 new_native_bytes: 22979020 add_bytes_allowed: 34895676 is_gc_concurrent: 1 target_footprint_: 25946277 GetBytesAllocated: 18559844 HeapGrowthMultiplier: 3
12-18 15:23:20.783  3289  3759 I com.miui.home: CheckGCForNative gc_urgency 0.700991 current_native_bytes is 153486763
12-18 15:23:20.826  3289  8424 I com.miui.home: CheckGCForNative adj_start_bytes: 42869827 NativeAllocationGcWatermark: 11631892 java_gc_start_bytes: 25421989 kNewNativeDiscountFactor: 2 kOldNativeDiscountFactor: 65536 old_native_bytes: 130507743 new_native_bytes: 33677964 add_bytes_allowed: 34895676 is_gc_concurrent: 1 target_footprint_: 25946277 GetBytesAllocated: 18582011 HeapGrowthMultiplier: 3
12-18 15:23:20.826  3289  8424 I com.miui.home: CheckGCForNative gc_urgency 0.826292 current_native_bytes is 164185707
12-18 15:23:20.828  3289  3755 I com.miui.home: CheckGCForNative adj_start_bytes: 42869827 NativeAllocationGcWatermark: 11631892 java_gc_start_bytes: 25421989 kNewNativeDiscountFactor: 2 kOldNativeDiscountFactor: 65536 old_native_bytes: 130507743 new_native_bytes: 44384908 add_bytes_allowed: 34895676 is_gc_concurrent: 1 target_footprint_: 25946277 GetBytesAllocated: 18582203 HeapGrowthMultiplier: 3
12-18 15:23:20.828  3289  3755 I com.miui.home: CheckGCForNative gc_urgency 0.951174 current_native_bytes is 174892651
12-18 15:23:20.829  3289  3755 I com.miui.home: CheckGCForNative adj_start_bytes: 42869827 NativeAllocationGcWatermark: 11631892 java_gc_start_bytes: 25421989 kNewNativeDiscountFactor: 2 kOldNativeDiscountFactor: 65536 old_native_bytes: 130507743 new_native_bytes: 55091532 add_bytes_allowed: 34895676 is_gc_concurrent: 1 target_footprint_: 25946277 GetBytesAllocated: 18587991 HeapGrowthMultiplier: 3
12-18 15:23:20.829  3289  3755 I com.miui.home: CheckGCForNative gc_urgency 1.07618 current_native_bytes is 185599275
12-18 15:23:20.829  3289  3755 I com.miui.home: CheckGCForNative requested 1
12-18 15:23:20.847 13018 13018 I wm_on_paused_called: [0,48750867,com.sina.weibo.SplashActivity,performPause,2]
12-18 15:23:20.935  3289  3363 I com.miui.home: NativeAlloc concurrent copying GC freed 126107(5495KB) AllocSpace objects, 14(392KB) LOS objects, 49% free, 12MB/24MB, paused 97us,74us total 105.968ms
12-18 15:23:20.939 13018 13018 I wm_on_stop_called: [0,48750867,com.sina.weibo.SplashActivity,STOP_ACTIVITY_ITEM,20]
12-18 15:23:21.124  3289  3998 I com.miui.home: CheckGCForNative gc_urgency 0 current_native_bytes is 142274363
12-18 15:23:21.255  3289  3289 I wm_on_top_resumed_lost_called: [180142162,com.miui.home.launcher.Launcher,topStateChangedWhenResumed]
12-18 15:23:21.261  3289  3289 I wm_on_paused_called: [0,180142162,com.miui.home.launcher.Launcher,performPause,3]
12-18 15:23:21.452  3289  3289 I com.miui.home: CheckGCForNative gc_urgency 0 current_native_bytes is 132297831
12-18 15:23:21.460  3289  8139 I com.miui.home: CheckGCForNative gc_urgency 0 current_native_bytes is 132290407
12-18 15:23:21.684  3289  3759 I com.miui.home: CheckGCForNative adj_start_bytes: 42627751 NativeAllocationGcWatermark: 11567881 java_gc_start_bytes: 25275930 kNewNativeDiscountFactor: 2 kOldNativeDiscountFactor: 65536 old_native_bytes: 132290407 new_native_bytes: 161596 add_bytes_allowed: 34703643 is_gc_concurrent: 1 target_footprint_: 25434189 GetBytesAllocated: 15540413 HeapGrowthMultiplier: 3
12-18 15:23:21.684  3289  3759 I com.miui.home: CheckGCForNative gc_urgency 0.366504 current_native_bytes is 132452003
12-18 15:23:21.950  3289  3759 I com.miui.home: CheckGCForNative adj_start_bytes: 42627751 NativeAllocationGcWatermark: 11567881 java_gc_start_bytes: 25275930 kNewNativeDiscountFactor: 2 kOldNativeDiscountFactor: 65536 old_native_bytes: 132290407 new_native_bytes: 467944 add_bytes_allowed: 34703643 is_gc_concurrent: 1 target_footprint_: 25434189 GetBytesAllocated: 16071942 HeapGrowthMultiplier: 3
12-18 15:23:21.950  3289  3759 I com.miui.home: CheckGCForNative gc_urgency 0.382566 current_native_bytes is 132758351
12-18 15:23:22.020 13386 13386 I wm_on_application_create_called: [0,com.UCMobile,257]
12-18 15:23:22.609  3289  3289 I wm_on_resume_called: [0,180142162,com.miui.home.launcher.Launcher,RESUME_ACTIVITY,17]
12-18 15:23:22.616  3289  3289 I com.miui.home: CheckGCForNative adj_start_bytes: 42627751 NativeAllocationGcWatermark: 11567881 java_gc_start_bytes: 25275930 kNewNativeDiscountFactor: 2 kOldNativeDiscountFactor: 65536 old_native_bytes: 132290407 new_native_bytes: 297928 add_bytes_allowed: 34703643 is_gc_concurrent: 1 target_footprint_: 25434189 GetBytesAllocated: 16885853 HeapGrowthMultiplier: 3
12-18 15:23:22.616  3289  3289 I com.miui.home: CheckGCForNative gc_urgency 0.399665 current_native_bytes is 132588335
12-18 15:23:22.624  3289  3289 I wm_on_idle_called: com.miui.home.launcher.Launcher
12-18 15:23:22.829  3289  8424 I com.miui.home: CheckGCForNative adj_start_bytes: 42627751 NativeAllocationGcWatermark: 11567881 java_gc_start_bytes: 25275930 kNewNativeDiscountFactor: 2 kOldNativeDiscountFactor: 65536 old_native_bytes: 132290407 new_native_bytes: 11064452 add_bytes_allowed: 34703643 is_gc_concurrent: 1 target_footprint_: 25434189 GetBytesAllocated: 17763604 HeapGrowthMultiplier: 3
12-18 15:23:22.829  3289  8424 I com.miui.home: CheckGCForNative gc_urgency 0.546542 current_native_bytes is 143354859
12-18 15:23:22.832  3289  8424 I com.miui.home: CheckGCForNative adj_start_bytes: 42627751 NativeAllocationGcWatermark: 11567881 java_gc_start_bytes: 25275930 kNewNativeDiscountFactor: 2 kOldNativeDiscountFactor: 65536 old_native_bytes: 132290407 new_native_bytes: 21771396 add_bytes_allowed: 34703643 is_gc_concurrent: 1 target_footprint_: 25434189 GetBytesAllocated: 17763796 HeapGrowthMultiplier: 3
12-18 15:23:22.832  3289  8424 I com.miui.home: CheckGCForNative gc_urgency 0.672133 current_native_bytes is 154061803
12-18 15:23:22.875  3289  3371 I com.miui.home: CheckGCForNative adj_start_bytes: 42627751 NativeAllocationGcWatermark: 11567881 java_gc_start_bytes: 25275930 kNewNativeDiscountFactor: 2 kOldNativeDiscountFactor: 65536 old_native_bytes: 132290407 new_native_bytes: 21870100 add_bytes_allowed: 34703643 is_gc_concurrent: 1 target_footprint_: 25434189 GetBytesAllocated: 17820880 HeapGrowthMultiplier: 3
12-18 15:23:22.876  3289  3371 I com.miui.home: CheckGCForNative gc_urgency 0.67463 current_native_bytes is 154160507
12-18 15:23:23.039  3289  3759 I com.miui.home: CheckGCForNative adj_start_bytes: 42627751 NativeAllocationGcWatermark: 11567881 java_gc_start_bytes: 25275930 kNewNativeDiscountFactor: 2 kOldNativeDiscountFactor: 65536 old_native_bytes: 132290407 new_native_bytes: 11113444 add_bytes_allowed: 34703643 is_gc_concurrent: 1 target_footprint_: 25434189 GetBytesAllocated: 17892206 HeapGrowthMultiplier: 3
12-18 15:23:23.039  3289  3759 I com.miui.home: CheckGCForNative gc_urgency 0.550133 current_native_bytes is 143403851
12-18 15:23:23.076 13386 13386 I wm_on_create_called: [0,60377861,com.UCMobile.main.UCMobile,performCreate,1032]
12-18 15:23:23.104  3289  3289 I wm_on_top_resumed_gained_called: [180142162,com.miui.home.launcher.Launcher,topStateChangedWhenResumed]
12-18 15:23:23.580  3289  3289 I com.miui.home: CheckGCForNative adj_start_bytes: 42627751 NativeAllocationGcWatermark: 11567881 java_gc_start_bytes: 25275930 kNewNativeDiscountFactor: 2 kOldNativeDiscountFactor: 65536 old_native_bytes: 132290407 new_native_bytes: 11187956 add_bytes_allowed: 34703643 is_gc_concurrent: 1 target_footprint_: 25434189 GetBytesAllocated: 18322053 HeapGrowthMultiplier: 3
12-18 15:23:23.580  3289  3289 I com.miui.home: CheckGCForNative gc_urgency 0.561091 current_native_bytes is 143478363
12-18 15:23:23.622  3289  3998 I com.miui.home: CheckGCForNative adj_start_bytes: 42627751 NativeAllocationGcWatermark: 11567881 java_gc_start_bytes: 25275930 kNewNativeDiscountFactor: 2 kOldNativeDiscountFactor: 65536 old_native_bytes: 132290407 new_native_bytes: 11386420 add_bytes_allowed: 34703643 is_gc_concurrent: 1 target_footprint_: 25434189 GetBytesAllocated: 18511071 HeapGrowthMultiplier: 3
12-18 15:23:23.622  3289  3998 I com.miui.home: CheckGCForNative gc_urgency 0.567853 current_native_bytes is 143676827
12-18 15:23:23.636  3289  3289 I wm_on_top_resumed_lost_called: [180142162,com.miui.home.launcher.Launcher,topStateChangedWhenResumed]
12-18 15:23:23.850 13018 13018 I wm_on_destroy_called: [0,48750867,com.sina.weibo.SplashActivity,performDestroy,44]
12-18 15:23:23.864  3289  3289 I wm_on_paused_called: [0,180142162,com.miui.home.launcher.Launcher,performPause,3]
12-18 15:23:23.887  3289  3998 I com.miui.home: CheckGCForNative adj_start_bytes: 42627751 NativeAllocationGcWatermark: 11567881 java_gc_start_bytes: 25275930 kNewNativeDiscountFactor: 2 kOldNativeDiscountFactor: 65536 old_native_bytes: 132290407 new_native_bytes: 22472200 add_bytes_allowed: 34703643 is_gc_concurrent: 1 target_footprint_: 25434189 GetBytesAllocated: 19047033 HeapGrowthMultiplier: 3
12-18 15:23:23.887  3289  3998 I com.miui.home: CheckGCForNative gc_urgency 0.710456 current_native_bytes is 154762607
12-18 15:23:24.058 13386 13386 I wm_on_create_called: [0,266211553,com.uc.browser.InnerUCMobile,performCreate,538]
12-18 15:23:24.180 13386 13386 I wm_on_start_called: [0,266211553,com.uc.browser.InnerUCMobile,handleStartActivity,118]
12-18 15:23:24.271 13386 13386 I wm_on_resume_called: [0,266211553,com.uc.browser.InnerUCMobile,RESUME_ACTIVITY,75]
12-18 15:23:24.328  3289  3759 I com.miui.home: CheckGCForNative adj_start_bytes: 42627751 NativeAllocationGcWatermark: 11567881 java_gc_start_bytes: 25275930 kNewNativeDiscountFactor: 2 kOldNativeDiscountFactor: 65536 old_native_bytes: 132290407 new_native_bytes: 12186500 add_bytes_allowed: 34703643 is_gc_concurrent: 1 target_footprint_: 25434189 GetBytesAllocated: 20185714 HeapGrowthMultiplier: 3
12-18 15:23:24.328  3289  3759 I com.miui.home: CheckGCForNative gc_urgency 0.616523 current_native_bytes is 144476907
12-18 15:23:24.457 13386 13386 I wm_on_destroy_called: [0,60377861,com.UCMobile.main.UCMobile,performDestroy,1]
12-18 15:23:24.496 13386 13386 I wm_on_paused_called: [0,266211553,com.uc.browser.InnerUCMobile,performPause,37]
12-18 15:23:24.606  3289  3759 I com.miui.home: CheckGCForNative adj_start_bytes: 42627751 NativeAllocationGcWatermark: 11567881 java_gc_start_bytes: 25275930 kNewNativeDiscountFactor: 2 kOldNativeDiscountFactor: 65536 old_native_bytes: 132290407 new_native_bytes: 12395456 add_bytes_allowed: 34703643 is_gc_concurrent: 1 target_footprint_: 25434189 GetBytesAllocated: 20675241 HeapGrowthMultiplier: 3
12-18 15:23:24.606  3289  3759 I com.miui.home: CheckGCForNative gc_urgency 0.630458 current_native_bytes is 144685863
12-18 15:23:24.632 13386 13386 I wm_on_stop_called: [0,266211553,com.uc.browser.InnerUCMobile,STOP_ACTIVITY_ITEM,72]
12-18 15:23:24.739  3289  3759 I com.miui.home: CheckGCForNative adj_start_bytes: 42627751 NativeAllocationGcWatermark: 11567881 java_gc_start_bytes: 25275930 kNewNativeDiscountFactor: 2 kOldNativeDiscountFactor: 65536 old_native_bytes: 132290407 new_native_bytes: 12409488 add_bytes_allowed: 34703643 is_gc_concurrent: 1 target_footprint_: 25434189 GetBytesAllocated: 20717780 HeapGrowthMultiplier: 3
12-18 15:23:24.739  3289  3759 I com.miui.home: CheckGCForNative gc_urgency 0.63162 current_native_bytes is 144699895
12-18 15:23:25.092 13721 13721 I wm_on_create_called: [0,250154760,com.tencent.mtt.SplashActivity,performCreate,87]
12-18 15:23:25.474  3289  3289 I wm_on_resume_called: [0,180142162,com.miui.home.launcher.Launcher,RESUME_ACTIVITY,16]
12-18 15:23:25.487 13721 13721 I wm_on_start_called: [0,21192251,com.tencent.mtt.MainActivity,handleStartActivity,254]
12-18 15:23:25.620  3289  3289 I wm_on_idle_called: com.miui.home.launcher.Launcher
12-18 15:23:25.851  3289  3998 I com.miui.home: CheckGCForNative adj_start_bytes: 42627751 NativeAllocationGcWatermark: 11567881 java_gc_start_bytes: 25275930 kNewNativeDiscountFactor: 2 kOldNativeDiscountFactor: 65536 old_native_bytes: 132290407 new_native_bytes: 12713808 add_bytes_allowed: 34703643 is_gc_concurrent: 1 target_footprint_: 25434189 GetBytesAllocated: 23127097 HeapGrowthMultiplier: 3
12-18 15:23:25.851  3289  3998 I com.miui.home: CheckGCForNative gc_urgency 0.691709 current_native_bytes is 145004215
12-18 15:23:25.857  3289  3996 I com.miui.home: CheckGCForNative adj_start_bytes: 42627751 NativeAllocationGcWatermark: 11567881 java_gc_start_bytes: 25275930 kNewNativeDiscountFactor: 2 kOldNativeDiscountFactor: 65536 old_native_bytes: 132290407 new_native_bytes: 23492624 add_bytes_allowed: 34703643 is_gc_concurrent: 1 target_footprint_: 25434189 GetBytesAllocated: 23167215 HeapGrowthMultiplier: 3
12-18 15:23:25.857  3289  3996 I com.miui.home: CheckGCForNative gc_urgency 0.819192 current_native_bytes is 155783031
12-18 15:23:25.857  3289  3372 I com.miui.home: CheckGCForNative adj_start_bytes: 42627751 NativeAllocationGcWatermark: 11567881 java_gc_start_bytes: 25275930 kNewNativeDiscountFactor: 2 kOldNativeDiscountFactor: 65536 old_native_bytes: 132290407 new_native_bytes: 34198544 add_bytes_allowed: 34703643 is_gc_concurrent: 1 target_footprint_: 25434189 GetBytesAllocated: 23172000 HeapGrowthMultiplier: 3
12-18 15:23:25.857  3289  3372 I com.miui.home: CheckGCForNative gc_urgency 0.944767 current_native_bytes is 166488951
12-18 15:23:25.858  3289  3996 I com.miui.home: CheckGCForNative adj_start_bytes: 42627751 NativeAllocationGcWatermark: 11567881 java_gc_start_bytes: 25275930 kNewNativeDiscountFactor: 2 kOldNativeDiscountFactor: 65536 old_native_bytes: 132290407 new_native_bytes: 44905488 add_bytes_allowed: 34703643 is_gc_concurrent: 1 target_footprint_: 25434189 GetBytesAllocated: 23176163 HeapGrowthMultiplier: 3
12-18 15:23:25.858  3289  3996 I com.miui.home: CheckGCForNative gc_urgency 1.07045 current_native_bytes is 177195895
12-18 15:23:25.858  3289  3996 I com.miui.home: CheckGCForNative requested 1
12-18 15:23:25.859  3289  3289 I com.miui.home: CheckGCForNative adj_start_bytes: 42627751 NativeAllocationGcWatermark: 11567881 java_gc_start_bytes: 25275930 kNewNativeDiscountFactor: 2 kOldNativeDiscountFactor: 65536 old_native_bytes: 132290407 new_native_bytes: 44906704 add_bytes_allowed: 34703643 is_gc_concurrent: 1 target_footprint_: 25434189 GetBytesAllocated: 23176163 HeapGrowthMultiplier: 3
12-18 15:23:25.859  3289  3289 I com.miui.home: CheckGCForNative gc_urgency 1.07047 current_native_bytes is 177197111
12-18 15:23:25.859  3289  3289 I com.miui.home: CheckGCForNative requested 1
12-18 15:23:25.954  3289  3289 I wm_on_top_resumed_gained_called: [180142162,com.miui.home.launcher.Launcher,topStateChangedWhenResumed]
12-18 15:23:26.103  3289  3998 I com.miui.home: CheckGCForNative adj_start_bytes: 42627751 NativeAllocationGcWatermark: 11567881 java_gc_start_bytes: 25275930 kNewNativeDiscountFactor: 2 kOldNativeDiscountFactor: 65536 old_native_bytes: 132290407 new_native_bytes: 34535236 add_bytes_allowed: 34703643 is_gc_concurrent: 1 target_footprint_: 25434189 GetBytesAllocated: 23905506 HeapGrowthMultiplier: 3
12-18 15:23:26.104  3289  3998 I com.miui.home: CheckGCForNative gc_urgency 0.965923 current_native_bytes is 166825643
12-18 15:23:26.109  3289  3998 I com.miui.home: CheckGCForNative adj_start_bytes: 42627751 NativeAllocationGcWatermark: 11567881 java_gc_start_bytes: 25275930 kNewNativeDiscountFactor: 2 kOldNativeDiscountFactor: 65536 old_native_bytes: 132290407 new_native_bytes: 45243652 add_bytes_allowed: 34703643 is_gc_concurrent: 1 target_footprint_: 25434189 GetBytesAllocated: 23909236 HeapGrowthMultiplier: 3
12-18 15:23:26.109  3289  3998 I com.miui.home: CheckGCForNative gc_urgency 1.09161 current_native_bytes is 177534059
12-18 15:23:26.109  3289  3998 I com.miui.home: CheckGCForNative requested 1
12-18 15:23:26.162  3289  3759 I com.miui.home: CheckGCForNative adj_start_bytes: 42627751 NativeAllocationGcWatermark: 11567881 java_gc_start_bytes: 25275930 kNewNativeDiscountFactor: 2 kOldNativeDiscountFactor: 65536 old_native_bytes: 132290407 new_native_bytes: 34515124 add_bytes_allowed: 34703643 is_gc_concurrent: 1 target_footprint_: 25434189 GetBytesAllocated: 23928141 HeapGrowthMultiplier: 3
12-18 15:23:26.162  3289  3759 I com.miui.home: CheckGCForNative gc_urgency 0.966218 current_native_bytes is 166805531
12-18 15:23:26.198  3289  3363 I com.miui.home: NativeAlloc concurrent copying GC freed 228971(9932KB) AllocSpace objects, 28(784KB) LOS objects, 49% free, 12MB/24MB, paused 366us,116us total 339.061ms
12-18 15:23:26.370  3289  3755 I com.miui.home: CheckGCForNative adj_start_bytes: 42852790 NativeAllocationGcWatermark: 11630099 java_gc_start_bytes: 25407642 kNewNativeDiscountFactor: 2 kOldNativeDiscountFactor: 65536 old_native_bytes: 141639847 new_native_bytes: 10705920 add_bytes_allowed: 34890297 is_gc_concurrent: 1 target_footprint_: 25931930 GetBytesAllocated: 13117792 HeapGrowthMultiplier: 3
12-18 15:23:26.370  3289  3755 I com.miui.home: CheckGCForNative gc_urgency 0.431078 current_native_bytes is 152345767
12-18 15:23:26.371  3289  3372 I com.miui.home: CheckGCForNative gc_urgency 0 current_native_bytes is 141639847
12-18 15:23:26.373  3289  3755 I com.miui.home: CheckGCForNative adj_start_bytes: 42852790 NativeAllocationGcWatermark: 11630099 java_gc_start_bytes: 25407642 kNewNativeDiscountFactor: 2 kOldNativeDiscountFactor: 65536 old_native_bytes: 141639847 new_native_bytes: 32120256 add_bytes_allowed: 34890297 is_gc_concurrent: 1 target_footprint_: 25931930 GetBytesAllocated: 13118176 HeapGrowthMultiplier: 3
12-18 15:23:26.374  3289  3289 I com.miui.home: CheckGCForNative adj_start_bytes: 42852790 NativeAllocationGcWatermark: 11630099 java_gc_start_bytes: 25407642 kNewNativeDiscountFactor: 2 kOldNativeDiscountFactor: 65536 old_native_bytes: 141639847 new_native_bytes: 32120256 add_bytes_allowed: 34890297 is_gc_concurrent: 1 target_footprint_: 25931930 GetBytesAllocated: 13118176 HeapGrowthMultiplier: 3
12-18 15:23:26.374  3289  3289 I com.miui.home: CheckGCForNative gc_urgency 0.680947 current_native_bytes is 173760103
12-18 15:23:26.374  3289  3755 I com.miui.home: CheckGCForNative gc_urgency 0.680947 current_native_bytes is 173760103
12-18 15:23:26.604  3289  3289 I wm_on_top_resumed_lost_called: [180142162,com.miui.home.launcher.Launcher,topStateChangedWhenResumed]
12-18 15:23:26.984  3289  3289 I wm_on_paused_called: [0,180142162,com.miui.home.launcher.Launcher,performPause,3]
12-18 15:23:27.024  3289  3735 I com.miui.home: CheckGCForNative adj_start_bytes: 42852790 NativeAllocationGcWatermark: 11630099 java_gc_start_bytes: 25407642 kNewNativeDiscountFactor: 2 kOldNativeDiscountFactor: 65536 old_native_bytes: 141639847 new_native_bytes: 10856944 add_bytes_allowed: 34890297 is_gc_concurrent: 1 target_footprint_: 25931930 GetBytesAllocated: 14035604 HeapGrowthMultiplier: 3
12-18 15:23:27.024  3289  3735 I com.miui.home: CheckGCForNative gc_urgency 0.454258 current_native_bytes is 152496791
12-18 15:23:27.164  3289  3998 I com.miui.home: CheckGCForNative adj_start_bytes: 42852790 NativeAllocationGcWatermark: 11630099 java_gc_start_bytes: 25407642 kNewNativeDiscountFactor: 2 kOldNativeDiscountFactor: 65536 old_native_bytes: 141639847 new_native_bytes: 22227252 add_bytes_allowed: 34890297 is_gc_concurrent: 1 target_footprint_: 25931930 GetBytesAllocated: 14429238 HeapGrowthMultiplier: 3
12-18 15:23:27.164  3289  3998 I com.miui.home: CheckGCForNative gc_urgency 0.596111 current_native_bytes is 163867099
12-18 15:23:27.484  3289  3759 I com.miui.home: CheckGCForNative adj_start_bytes: 42852790 NativeAllocationGcWatermark: 11630099 java_gc_start_bytes: 25407642 kNewNativeDiscountFactor: 2 kOldNativeDiscountFactor: 65536 old_native_bytes: 141639847 new_native_bytes: 11890628 add_bytes_allowed: 34890297 is_gc_concurrent: 1 target_footprint_: 25931930 GetBytesAllocated: 15094402 HeapGrowthMultiplier: 3
12-18 15:23:27.484  3289  3759 I com.miui.home: CheckGCForNative gc_urgency 0.491027 current_native_bytes is 153530475
12-18 15:23:27.506  3289  3759 I com.miui.home: CheckGCForNative adj_start_bytes: 42852790 NativeAllocationGcWatermark: 11630099 java_gc_start_bytes: 25407642 kNewNativeDiscountFactor: 2 kOldNativeDiscountFactor: 65536 old_native_bytes: 141639847 new_native_bytes: 11968792 add_bytes_allowed: 34890297 is_gc_concurrent: 1 target_footprint_: 25931930 GetBytesAllocated: 15222806 HeapGrowthMultiplier: 3
12-18 15:23:27.506  3289  3759 I com.miui.home: CheckGCForNative gc_urgency 0.494935 current_native_bytes is 153608639
12-18 15:23:27.773  3289  3759 I com.miui.home: CheckGCForNative adj_start_bytes: 42852790 NativeAllocationGcWatermark: 11630099 java_gc_start_bytes: 25407642 kNewNativeDiscountFactor: 2 kOldNativeDiscountFactor: 65536 old_native_bytes: 141639847 new_native_bytes: 11991512 add_bytes_allowed: 34890297 is_gc_concurrent: 1 target_footprint_: 25931930 GetBytesAllocated: 15305006 HeapGrowthMultiplier: 3
12-18 15:23:27.773  3289  3759 I com.miui.home: CheckGCForNative gc_urgency 0.497119 current_native_bytes is 153631359
12-18 15:23:28.090 13721 13721 I wm_on_resume_called: [0,21192251,com.tencent.mtt.MainActivity,RESUME_ACTIVITY,2600]
12-18 15:23:28.118 13721 13721 I wm_on_top_resumed_gained_called: [21192251,com.tencent.mtt.MainActivity,topStateChangedWhenResumed]
12-18 15:23:28.136 13721 13721 I wm_on_top_resumed_lost_called: [21192251,com.tencent.mtt.MainActivity,topStateChangedWhenResumed]
12-18 15:23:28.146 14123 14123 I wm_on_application_create_called: [0,com.youku.phone,471]
12-18 15:23:28.251  3289  3289 I wm_on_resume_called: [0,180142162,com.miui.home.launcher.Launcher,RESUME_ACTIVITY,17]
12-18 15:23:28.268  3289  3289 I wm_on_idle_called: com.miui.home.launcher.Launcher
12-18 15:23:28.405  3289  3289 I wm_on_top_resumed_gained_called: [180142162,com.miui.home.launcher.Launcher,topStateChangedWhenResumed]
12-18 15:23:28.578  3289  3996 I com.miui.home: CheckGCForNative adj_start_bytes: 42852790 NativeAllocationGcWatermark: 11630099 java_gc_start_bytes: 25407642 kNewNativeDiscountFactor: 2 kOldNativeDiscountFactor: 65536 old_native_bytes: 141639847 new_native_bytes: 22632952 add_bytes_allowed: 34890297 is_gc_concurrent: 1 target_footprint_: 25931930 GetBytesAllocated: 17003593 HeapGrowthMultiplier: 3
12-18 15:23:28.578  3289  3996 I com.miui.home: CheckGCForNative gc_urgency 0.660919 current_native_bytes is 164272799
12-18 15:23:28.579  3289  3372 I com.miui.home: CheckGCForNative adj_start_bytes: 42852790 NativeAllocationGcWatermark: 11630099 java_gc_start_bytes: 25407642 kNewNativeDiscountFactor: 2 kOldNativeDiscountFactor: 65536 old_native_bytes: 141639847 new_native_bytes: 33339064 add_bytes_allowed: 34890297 is_gc_concurrent: 1 target_footprint_: 25931930 GetBytesAllocated: 17008706 HeapGrowthMultiplier: 3
12-18 15:23:28.579  3289  3372 I com.miui.home: CheckGCForNative gc_urgency 0.785956 current_native_bytes is 174978911
12-18 15:23:28.579  3289  3289 I com.miui.home: CheckGCForNative adj_start_bytes: 42852790 NativeAllocationGcWatermark: 11630099 java_gc_start_bytes: 25407642 kNewNativeDiscountFactor: 2 kOldNativeDiscountFactor: 65536 old_native_bytes: 141639847 new_native_bytes: 44046328 add_bytes_allowed: 34890297 is_gc_concurrent: 1 target_footprint_: 25931930 GetBytesAllocated: 17015408 HeapGrowthMultiplier: 3
12-18 15:23:28.579  3289  3289 I com.miui.home: CheckGCForNative gc_urgency 0.911043 current_native_bytes is 185686175
12-18 15:23:28.606  3289  3759 I com.miui.home: CheckGCForNative adj_start_bytes: 42852790 NativeAllocationGcWatermark: 11630099 java_gc_start_bytes: 25407642 kNewNativeDiscountFactor: 2 kOldNativeDiscountFactor: 65536 old_native_bytes: 141639847 new_native_bytes: 22680344 add_bytes_allowed: 34890297 is_gc_concurrent: 1 target_footprint_: 25931930 GetBytesAllocated: 17085990 HeapGrowthMultiplier: 3
12-18 15:23:28.606  3289  3759 I com.miui.home: CheckGCForNative gc_urgency 0.663395 current_native_bytes is 164320191
12-18 15:23:28.773  3289  3759 I com.miui.home: CheckGCForNative adj_start_bytes: 42852790 NativeAllocationGcWatermark: 11630099 java_gc_start_bytes: 25407642 kNewNativeDiscountFactor: 2 kOldNativeDiscountFactor: 65536 old_native_bytes: 141639847 new_native_bytes: 22735560 add_bytes_allowed: 34890297 is_gc_concurrent: 1 target_footprint_: 25931930 GetBytesAllocated: 17162247 HeapGrowthMultiplier: 3
12-18 15:23:28.773  3289  3759 I com.miui.home: CheckGCForNative gc_urgency 0.665819 current_native_bytes is 164375407
12-18 15:23:28.835 13721 13721 I wm_on_paused_called: [0,21192251,com.tencent.mtt.MainActivity,performPause,6]
12-18 15:23:28.864 13721 13721 I wm_on_destroy_called: [0,250154760,com.tencent.mtt.SplashActivity,performDestroy,7]
12-18 15:23:28.962 13721 13721 I wm_on_stop_called: [0,21192251,com.tencent.mtt.MainActivity,STOP_ACTIVITY_ITEM,77]
12-18 15:23:29.060 14123 14123 I wm_on_create_called: [0,267519356,com.youku.phone.ActivityWelcome,performCreate,333]
12-18 15:23:29.086  3289  3755 I com.miui.home: CheckGCForNative adj_start_bytes: 42852790 NativeAllocationGcWatermark: 11630099 java_gc_start_bytes: 25407642 kNewNativeDiscountFactor: 2 kOldNativeDiscountFactor: 65536 old_native_bytes: 141639847 new_native_bytes: 33365072 add_bytes_allowed: 34890297 is_gc_concurrent: 1 target_footprint_: 25931930 GetBytesAllocated: 17292634 HeapGrowthMultiplier: 3
12-18 15:23:29.086  3289  3755 I com.miui.home: CheckGCForNative gc_urgency 0.792885 current_native_bytes is 175004919
12-18 15:23:29.086  3289  3755 I com.miui.home: CheckGCForNative adj_start_bytes: 42852790 NativeAllocationGcWatermark: 11630099 java_gc_start_bytes: 25407642 kNewNativeDiscountFactor: 2 kOldNativeDiscountFactor: 65536 old_native_bytes: 141639847 new_native_bytes: 44072336 add_bytes_allowed: 34890297 is_gc_concurrent: 1 target_footprint_: 25931930 GetBytesAllocated: 17304800 HeapGrowthMultiplier: 3
12-18 15:23:29.086  3289  3755 I com.miui.home: CheckGCForNative gc_urgency 0.9181 current_native_bytes is 185712183
12-18 15:23:29.093  3289 11840 I com.miui.home: CheckGCForNative adj_start_bytes: 42852790 NativeAllocationGcWatermark: 11630099 java_gc_start_bytes: 25407642 kNewNativeDiscountFactor: 2 kOldNativeDiscountFactor: 65536 old_native_bytes: 141639847 new_native_bytes: 44072112 add_bytes_allowed: 34890297 is_gc_concurrent: 1 target_footprint_: 25931930 GetBytesAllocated: 17304800 HeapGrowthMultiplier: 3
12-18 15:23:29.093  3289 11840 I com.miui.home: CheckGCForNative gc_urgency 0.918097 current_native_bytes is 185711959
12-18 15:23:29.340  3289  3289 I wm_on_top_resumed_lost_called: [180142162,com.miui.home.launcher.Launcher,topStateChangedWhenResumed]
12-18 15:23:29.484  3289  3289 I wm_on_paused_called: [0,180142162,com.miui.home.launcher.Launcher,performPause,3]
12-18 15:23:29.521  3289  3735 I com.miui.home: CheckGCForNative adj_start_bytes: 42852790 NativeAllocationGcWatermark: 11630099 java_gc_start_bytes: 25407642 kNewNativeDiscountFactor: 2 kOldNativeDiscountFactor: 65536 old_native_bytes: 141639847 new_native_bytes: 33412080 add_bytes_allowed: 34890297 is_gc_concurrent: 1 target_footprint_: 25931930 GetBytesAllocated: 17690088 HeapGrowthMultiplier: 3
12-18 15:23:29.521  3289  3735 I com.miui.home: CheckGCForNative gc_urgency 0.802708 current_native_bytes is 175051927
12-18 15:23:29.731 14123 14123 I wm_on_destroy_called: [0,267519356,com.youku.phone.ActivityWelcome,performDestroy,18]
12-18 15:23:29.862  3289  3759 I com.miui.home: CheckGCForNative adj_start_bytes: 42852790 NativeAllocationGcWatermark: 11630099 java_gc_start_bytes: 25407642 kNewNativeDiscountFactor: 2 kOldNativeDiscountFactor: 65536 old_native_bytes: 141639847 new_native_bytes: 33707112 add_bytes_allowed: 34890297 is_gc_concurrent: 1 target_footprint_: 25931930 GetBytesAllocated: 18233867 HeapGrowthMultiplier: 3
12-18 15:23:29.862  3289  3759 I com.miui.home: CheckGCForNative gc_urgency 0.81884 current_native_bytes is 175346959
12-18 15:23:29.976  3289  3998 I com.miui.home: CheckGCForNative adj_start_bytes: 42852790 NativeAllocationGcWatermark: 11630099 java_gc_start_bytes: 25407642 kNewNativeDiscountFactor: 2 kOldNativeDiscountFactor: 65536 old_native_bytes: 141639847 new_native_bytes: 33821080 add_bytes_allowed: 34890297 is_gc_concurrent: 1 target_footprint_: 25931930 GetBytesAllocated: 18364177 HeapGrowthMultiplier: 3
12-18 15:23:29.976  3289  3998 I com.miui.home: CheckGCForNative gc_urgency 0.823211 current_native_bytes is 175460927
12-18 15:23:30.065 13721 13721 I wm_on_idle_called: com.tencent.mtt.MainActivity
12-18 15:23:30.363  3289  3998 I com.miui.home: CheckGCForNative adj_start_bytes: 42852790 NativeAllocationGcWatermark: 11630099 java_gc_start_bytes: 25407642 kNewNativeDiscountFactor: 2 kOldNativeDiscountFactor: 65536 old_native_bytes: 141639847 new_native_bytes: 44460108 add_bytes_allowed: 34890297 is_gc_concurrent: 1 target_footprint_: 25931930 GetBytesAllocated: 18691249 HeapGrowthMultiplier: 3
12-18 15:23:30.363  3289  3998 I com.miui.home: CheckGCForNative gc_urgency 0.954978 current_native_bytes is 186099955
12-18 15:23:30.457  3289  3998 I com.miui.home: CheckGCForNative adj_start_bytes: 42852790 NativeAllocationGcWatermark: 11630099 java_gc_start_bytes: 25407642 kNewNativeDiscountFactor: 2 kOldNativeDiscountFactor: 65536 old_native_bytes: 141639847 new_native_bytes: 33907212 add_bytes_allowed: 34890297 is_gc_concurrent: 1 target_footprint_: 25931930 GetBytesAllocated: 19088362 HeapGrowthMultiplier: 3
12-18 15:23:30.457  3289  3998 I com.miui.home: CheckGCForNative gc_urgency 0.841115 current_native_bytes is 175547059
12-18 15:23:30.497 14545 14545 I wm_on_application_create_called: [0,com.quark.browser,266]
12-18 15:23:30.598 14545 14545 I wm_on_create_called: [0,223014168,com.ucpro.MainActivity,performCreate,48]
12-18 15:23:31.235  3289  3289 I wm_on_resume_called: [0,180142162,com.miui.home.launcher.Launcher,RESUME_ACTIVITY,16]
12-18 15:23:31.251  3289  3289 I com.miui.home: CheckGCForNative adj_start_bytes: 42852790 NativeAllocationGcWatermark: 11630099 java_gc_start_bytes: 25407642 kNewNativeDiscountFactor: 2 kOldNativeDiscountFactor: 65536 old_native_bytes: 141639847 new_native_bytes: 34570692 add_bytes_allowed: 34890297 is_gc_concurrent: 1 target_footprint_: 25931930 GetBytesAllocated: 21041619 HeapGrowthMultiplier: 3
12-18 15:23:31.251  3289  3289 I com.miui.home: CheckGCForNative gc_urgency 0.894437 current_native_bytes is 176210539
12-18 15:23:31.254  3289  3289 I wm_on_idle_called: com.miui.home.launcher.Launcher
12-18 15:23:31.399  3289 11840 I com.miui.home: CheckGCForNative adj_start_bytes: 42852790 NativeAllocationGcWatermark: 11630099 java_gc_start_bytes: 25407642 kNewNativeDiscountFactor: 2 kOldNativeDiscountFactor: 65536 old_native_bytes: 141639847 new_native_bytes: 45505952 add_bytes_allowed: 34890297 is_gc_concurrent: 1 target_footprint_: 25931930 GetBytesAllocated: 21745376 HeapGrowthMultiplier: 3
12-18 15:23:31.399  3289 11840 I com.miui.home: CheckGCForNative gc_urgency 1.03883 current_native_bytes is 187145799
12-18 15:23:31.399  3289 11840 I com.miui.home: CheckGCForNative requested 1
12-18 15:23:31.403  3289 11840 I com.miui.home: CheckGCForNative adj_start_bytes: 42852790 NativeAllocationGcWatermark: 11630099 java_gc_start_bytes: 25407642 kNewNativeDiscountFactor: 2 kOldNativeDiscountFactor: 65536 old_native_bytes: 141639847 new_native_bytes: 56212896 add_bytes_allowed: 34890297 is_gc_concurrent: 1 target_footprint_: 25931930 GetBytesAllocated: 21798565 HeapGrowthMultiplier: 3
12-18 15:23:31.403  3289 11840 I com.miui.home: CheckGCForNative gc_urgency 1.16462 current_native_bytes is 197852743
12-18 15:23:31.403  3289 11840 I com.miui.home: CheckGCForNative requested 1
12-18 15:23:31.439  3289  3759 I com.miui.home: CheckGCForNative adj_start_bytes: 42852790 NativeAllocationGcWatermark: 11630099 java_gc_start_bytes: 25407642 kNewNativeDiscountFactor: 2 kOldNativeDiscountFactor: 65536 old_native_bytes: 141639847 new_native_bytes: 45647296 add_bytes_allowed: 34890297 is_gc_concurrent: 1 target_footprint_: 25931930 GetBytesAllocated: 22009446 HeapGrowthMultiplier: 3
12-18 15:23:31.439  3289  3759 I com.miui.home: CheckGCForNative gc_urgency 1.04626 current_native_bytes is 187287143
12-18 15:23:31.439  3289  3759 I com.miui.home: CheckGCForNative requested 1
12-18 15:23:31.516  3289  8424 I com.miui.home: CheckGCForNative adj_start_bytes: 42852790 NativeAllocationGcWatermark: 11630099 java_gc_start_bytes: 25407642 kNewNativeDiscountFactor: 2 kOldNativeDiscountFactor: 65536 old_native_bytes: 141639847 new_native_bytes: 56415456 add_bytes_allowed: 34890297 is_gc_concurrent: 1 target_footprint_: 25931930 GetBytesAllocated: 22229838 HeapGrowthMultiplier: 3
12-18 15:23:31.545  3289  8424 I com.miui.home: CheckGCForNative gc_urgency 1.17733 current_native_bytes is 198055303
12-18 15:23:31.545  3289  8424 I com.miui.home: CheckGCForNative requested 1
12-18 15:23:31.606  3289  3998 I com.miui.home: CheckGCForNative adj_start_bytes: 42852790 NativeAllocationGcWatermark: 11630099 java_gc_start_bytes: 25407642 kNewNativeDiscountFactor: 2 kOldNativeDiscountFactor: 65536 old_native_bytes: 141639847 new_native_bytes: 56552692 add_bytes_allowed: 34890297 is_gc_concurrent: 1 target_footprint_: 25931930 GetBytesAllocated: 22412613 HeapGrowthMultiplier: 3
12-18 15:23:31.606  3289  3998 I com.miui.home: CheckGCForNative gc_urgency 1.18291 current_native_bytes is 198192539
12-18 15:23:31.607  3289  3998 I com.miui.home: CheckGCForNative requested 1
12-18 15:23:31.645  3289  3289 I wm_on_top_resumed_gained_called: [180142162,com.miui.home.launcher.Launcher,topStateChangedWhenResumed]
12-18 15:23:31.728  3289  3759 I com.miui.home: CheckGCForNative adj_start_bytes: 42852790 NativeAllocationGcWatermark: 11630099 java_gc_start_bytes: 25407642 kNewNativeDiscountFactor: 2 kOldNativeDiscountFactor: 65536 old_native_bytes: 141639847 new_native_bytes: 45856756 add_bytes_allowed: 34890297 is_gc_concurrent: 1 target_footprint_: 25931930 GetBytesAllocated: 22510002 HeapGrowthMultiplier: 3
12-18 15:23:31.729  3289  3759 I com.miui.home: CheckGCForNative gc_urgency 1.06039 current_native_bytes is 187496603
12-18 15:23:31.729  3289  3759 I com.miui.home: CheckGCForNative requested 1
12-18 15:23:31.738  3289  3363 I com.miui.home: NativeAlloc concurrent copying GC freed 204729(8703KB) AllocSpace objects, 28(784KB) LOS objects, 49% free, 12MB/24MB, paused 66us,26us total 300.682ms
12-18 15:23:31.917  3289  3755 I com.miui.home: CheckGCForNative gc_urgency 0 current_native_bytes is 130872463
12-18 15:23:31.918  3289  3755 I com.miui.home: CheckGCForNative adj_start_bytes: 42468205 NativeAllocationGcWatermark: 11587355 java_gc_start_bytes: 25087173 kNewNativeDiscountFactor: 2 kOldNativeDiscountFactor: 65536 old_native_bytes: 130872463 new_native_bytes: 10706944 add_bytes_allowed: 34762065 is_gc_concurrent: 1 target_footprint_: 25589979 GetBytesAllocated: 12930408 HeapGrowthMultiplier: 3
12-18 15:23:31.918  3289  3755 I com.miui.home: CheckGCForNative gc_urgency 0.430578 current_native_bytes is 141579407
12-18 15:23:31.919  3289 11840 I com.miui.home: CheckGCForNative adj_start_bytes: 42468205 NativeAllocationGcWatermark: 11587355 java_gc_start_bytes: 25087173 kNewNativeDiscountFactor: 2 kOldNativeDiscountFactor: 65536 old_native_bytes: 130872463 new_native_bytes: 10706944 add_bytes_allowed: 34762065 is_gc_concurrent: 1 target_footprint_: 25589979 GetBytesAllocated: 12946792 HeapGrowthMultiplier: 3
12-18 15:23:31.919  3289 11840 I com.miui.home: CheckGCForNative gc_urgency 0.430964 current_native_bytes is 141579407
12-18 15:23:31.993  3289  3289 I com.miui.home: CheckGCForNative adj_start_bytes: 42468205 NativeAllocationGcWatermark: 11587355 java_gc_start_bytes: 25087173 kNewNativeDiscountFactor: 2 kOldNativeDiscountFactor: 65536 old_native_bytes: 130872463 new_native_bytes: 424 add_bytes_allowed: 34762065 is_gc_concurrent: 1 target_footprint_: 25589979 GetBytesAllocated: 12989639 HeapGrowthMultiplier: 3
12-18 15:23:31.993  3289  3289 I com.miui.home: CheckGCForNative gc_urgency 0.305919 current_native_bytes is 130872887
12-18 15:23:32.016 14545 14545 I wm_on_create_called: [0,76452096,com.ucpro.BrowserActivity,performCreate,1206]
12-18 15:23:32.024 14545 14545 I wm_on_start_called: [0,76452096,com.ucpro.BrowserActivity,handleStartActivity,4]
12-18 15:23:32.037 14545 14545 I wm_on_resume_called: [0,76452096,com.ucpro.BrowserActivity,RESUME_ACTIVITY,12]
12-18 15:23:32.244 14545 14545 I wm_on_top_resumed_gained_called: [76452096,com.ucpro.BrowserActivity,topStateChangedWhenResumed]
12-18 15:23:32.271 14545 14545 I wm_on_top_resumed_lost_called: [76452096,com.ucpro.BrowserActivity,topStateChangedWhenResumed]
12-18 15:23:32.346 14545 14545 I wm_on_paused_called: [0,76452096,com.ucpro.BrowserActivity,performPause,42]
12-18 15:23:32.349 14545 14545 I wm_on_destroy_called: [0,223014168,com.ucpro.MainActivity,performDestroy,0]
12-18 15:23:32.564  3289  3998 I com.miui.home: CheckGCForNative adj_start_bytes: 42468205 NativeAllocationGcWatermark: 11587355 java_gc_start_bytes: 25087173 kNewNativeDiscountFactor: 2 kOldNativeDiscountFactor: 65536 old_native_bytes: 130872463 new_native_bytes: 11478396 add_bytes_allowed: 34762065 is_gc_concurrent: 1 target_footprint_: 25589979 GetBytesAllocated: 13714332 HeapGrowthMultiplier: 3
12-18 15:23:32.564  3289  3998 I com.miui.home: CheckGCForNative gc_urgency 0.45812 current_native_bytes is 142350859
