12-18 15:23:01.611  3289  3998 I com.miui.home: CheckGCForNative adj_start_bytes: 42633598 NativeAllocationGcWatermark: 11607026 java_gc_start_bytes: 25223059 kNewNativeDiscountFactor: 2 kOldNativeDiscountFactor: 65536 old_native_bytes: 131883343 new_native_bytes: 11702044 add_bytes_allowed: 34821078 is_gc_concurrent: 1 target_footprint_: 25747347 GetBytesAllocated: 14324002 HeapGrowthMultiplier: 3
12-18 15:23:01.611  3289  3998 I com.miui.home: CheckGCForNative gc_urgency 0.473266 current_native_bytes is 143585387
12-18 15:23:01.643  9824  9824 I wm_on_idle_called: com.xunmeng.pinduoduo.ui.activity.HomeActivity
12-18 15:23:02.358  3289  3735 I com.miui.home: CheckGCForNative adj_start_bytes: 42633598 NativeAllocationGcWatermark: 11607026 java_gc_start_bytes: 25223059 kNewNativeDiscountFactor: 2 kOldNativeDiscountFactor: 65536 old_native_bytes: 131883343 new_native_bytes: 1202744 add_bytes_allowed: 34821078 is_gc_concurrent: 1 target_footprint_: 25747347 GetBytesAllocated: 15560348 HeapGrowthMultiplier: 3
12-18 15:23:02.358  3289  3735 I com.miui.home: CheckGCForNative gc_urgency 0.379131 current_native_bytes is 133086087
12-18 15:23:02.363  3289  3289 I wm_on_resume_called: [0,180142162,com.miui.home.launcher.Launcher,RESUME_ACTIVITY,20]
12-18 15:23:02.389  3289  3289 I wm_on_idle_called: com.miui.home.launcher.Launcher
12-18 15:23:02.590  3289  3371 I com.miui.home: CheckGCForNative adj_start_bytes: 42633598 NativeAllocationGcWatermark: 11607026 java_gc_start_bytes: 25223059 kNewNativeDiscountFactor: 2 kOldNativeDiscountFactor: 65536 old_native_bytes: 131883343 new_native_bytes: 11951396 add_bytes_allowed: 34821078 is_gc_concurrent: 1 target_footprint_: 25747347 GetBytesAllocated: 15965233 HeapGrowthMultiplier: 3
12-18 15:23:02.591  3289  3371 I com.miui.home: CheckGCForNative gc_urgency 0.514687 current_native_bytes is 143834739
12-18 15:23:02.594  3289  3371 I com.miui.home: CheckGCForNative adj_start_bytes: 42633598 NativeAllocationGcWatermark: 11607026 java_gc_start_bytes: 25223059 kNewNativeDiscountFactor: 2 kOldNativeDiscountFactor: 65536 old_native_bytes: 131883343 new_native_bytes: 22658340 add_bytes_allowed: 34821078 is_gc_concurrent: 1 target_footprint_: 25747347 GetBytesAllocated: 15973029 HeapGrowthMultiplier: 3
12-18 15:23:02.594  3289  3371 I com.miui.home: CheckGCForNative gc_urgency 0.640439 current_native_bytes is 154541683
12-18 15:23:02.633  3289  3759 I com.miui.home: CheckGCForNative adj_start_bytes: 42633598 NativeAllocationGcWatermark: 11607026 java_gc_start_bytes: 25223059 kNewNativeDiscountFactor: 2 kOldNativeDiscountFactor: 65536 old_native_bytes: 131883343 new_native_bytes: 12049732 add_bytes_allowed: 34821078 is_gc_concurrent: 1 target_footprint_: 25747347 GetBytesAllocated: 16010025 HeapGrowthMultiplier: 3
12-18 15:23:02.633  3289  3759 I com.miui.home: CheckGCForNative gc_urgency 0.516891 current_native_bytes is 143933075
12-18 15:23:02.781  3289  3289 I wm_on_top_resumed_gained_called: [180142162,com.miui.home.launcher.Launcher,topStateChangedWhenResumed]
12-18 15:23:02.787  3289  3371 I com.miui.home: CheckGCForNative adj_start_bytes: 42633598 NativeAllocationGcWatermark: 11607026 java_gc_start_bytes: 25223059 kNewNativeDiscountFactor: 2 kOldNativeDiscountFactor: 65536 old_native_bytes: 131883343 new_native_bytes: 22775316 add_bytes_allowed: 34821078 is_gc_concurrent: 1 target_footprint_: 25747347 GetBytesAllocated: 16062055 HeapGrowthMultiplier: 3
12-18 15:23:02.787  3289  3371 I com.miui.home: CheckGCForNative gc_urgency 0.643899 current_native_bytes is 154658659
12-18 15:23:02.844  3289  3759 I com.miui.home: CheckGCForNative adj_start_bytes: 42633598 NativeAllocationGcWatermark: 11607026 java_gc_start_bytes: 25223059 kNewNativeDiscountFactor: 2 kOldNativeDiscountFactor: 65536 old_native_bytes: 131883343 new_native_bytes: 12077588 add_bytes_allowed: 34821078 is_gc_concurrent: 1 target_footprint_: 25747347 GetBytesAllocated: 16140413 HeapGrowthMultiplier: 3
12-18 15:23:02.844  3289  3759 I com.miui.home: CheckGCForNative gc_urgency 0.520276 current_native_bytes is 143960931
12-18 15:23:03.076  3289  3755 I com.miui.home: CheckGCForNative adj_start_bytes: 42633598 NativeAllocationGcWatermark: 11607026 java_gc_start_bytes: 25223059 kNewNativeDiscountFactor: 2 kOldNativeDiscountFactor: 65536 old_native_bytes: 131883343 new_native_bytes: 22873908 add_bytes_allowed: 34821078 is_gc_concurrent: 1 target_footprint_: 25747347 GetBytesAllocated: 16564415 HeapGrowthMultiplier: 3
12-18 15:23:03.077  3289  3755 I com.miui.home: CheckGCForNative gc_urgency 0.656838 current_native_bytes is 154757251
12-18 15:23:03.079  3289  3755 I com.miui.home: CheckGCForNative adj_start_bytes: 42633598 NativeAllocationGcWatermark: 11607026 java_gc_start_bytes: 25223059 kNewNativeDiscountFactor: 2 kOldNativeDiscountFactor: 65536 old_native_bytes: 131883343 new_native_bytes: 33568564 add_bytes_allowed: 34821078 is_gc_concurrent: 1 target_footprint_: 25747347 GetBytesAllocated: 16567987 HeapGrowthMultiplier: 3
12-18 15:23:03.079  3289  3755 I com.miui.home: CheckGCForNative gc_urgency 0.782347 current_native_bytes is 165451907
12-18 15:23:03.087  3289  3371 I com.miui.home: CheckGCForNative adj_start_bytes: 42633598 NativeAllocationGcWatermark: 11607026 java_gc_start_bytes: 25223059 kNewNativeDiscountFactor: 2 kOldNativeDiscountFactor: 65536 old_native_bytes: 131883343 new_native_bytes: 33569588 add_bytes_allowed: 34821078 is_gc_concurrent: 1 target_footprint_: 25747347 GetBytesAllocated: 16583114 HeapGrowthMultiplier: 3
12-18 15:23:03.087  3289  3371 I com.miui.home: CheckGCForNative gc_urgency 0.782714 current_native_bytes is 165452931
12-18 15:23:03.285  3289  3289 I wm_on_top_resumed_lost_called: [180142162,com.miui.home.launcher.Launcher,topStateChangedWhenResumed]
12-18 15:23:03.598  3289  3289 I wm_on_paused_called: [0,180142162,com.miui.home.launcher.Launcher,performPause,3]
12-18 15:23:03.642  3289  3998 I com.miui.home: CheckGCForNative adj_start_bytes: 42633598 NativeAllocationGcWatermark: 11607026 java_gc_start_bytes: 25223059 kNewNativeDiscountFactor: 2 kOldNativeDiscountFactor: 65536 old_native_bytes: 131883343 new_native_bytes: 23625520 add_bytes_allowed: 34821078 is_gc_concurrent: 1 target_footprint_: 25747347 GetBytesAllocated: 17616892 HeapGrowthMultiplier: 3
12-18 15:23:03.643  3289  3998 I com.miui.home: CheckGCForNative gc_urgency 0.69034 current_native_bytes is 155508863
12-18 15:23:03.953  3289  3998 I com.miui.home: CheckGCForNative adj_start_bytes: 42633598 NativeAllocationGcWatermark: 11607026 java_gc_start_bytes: 25223059 kNewNativeDiscountFactor: 2 kOldNativeDiscountFactor: 65536 old_native_bytes: 131883343 new_native_bytes: 34321800 add_bytes_allowed: 34821078 is_gc_concurrent: 1 target_footprint_: 25747347 GetBytesAllocated: 17986505 HeapGrowthMultiplier: 3
12-18 15:23:03.953  3289  3998 I com.miui.home: CheckGCForNative gc_urgency 0.824453 current_native_bytes is 166205143
12-18 15:23:04.055  3289  3759 I com.miui.home: CheckGCForNative adj_start_bytes: 42633598 NativeAllocationGcWatermark: 11607026 java_gc_start_bytes: 25223059 kNewNativeDiscountFactor: 2 kOldNativeDiscountFactor: 65536 old_native_bytes: 131883343 new_native_bytes: 23750712 add_bytes_allowed: 34821078 is_gc_concurrent: 1 target_footprint_: 25747347 GetBytesAllocated: 18150838 HeapGrowthMultiplier: 3
12-18 15:23:04.055  3289  3759 I com.miui.home: CheckGCForNative gc_urgency 0.704332 current_native_bytes is 155634055
12-18 15:23:04.211  3289  3759 I com.miui.home: CheckGCForNative adj_start_bytes: 42633598 NativeAllocationGcWatermark: 11607026 java_gc_start_bytes: 25223059 kNewNativeDiscountFactor: 2 kOldNativeDiscountFactor: 65536 old_native_bytes: 131883343 new_native_bytes: 23738104 add_bytes_allowed: 34821078 is_gc_concurrent: 1 target_footprint_: 25747347 GetBytesAllocated: 18363818 HeapGrowthMultiplier: 3
12-18 15:23:04.211  3289  3759 I com.miui.home: CheckGCForNative gc_urgency 0.70918 current_native_bytes is 155621447
12-18 15:23:04.336 10559 10559 I wm_on_application_create_called: [0,com.xiaomi.mi_connect_service,542]
12-18 15:23:04.419  9369  9369 I wm_on_stop_called: [0,84974423,com.eg.android.AlipayGphone.AlipayLogin,STOP_ACTIVITY_ITEM,445]
12-18 15:23:04.512 10592 10592 I wm_on_application_create_called: [0,com.xunmeng.pinduoduo,285]
12-18 15:23:04.645  3289  3998 I com.miui.home: CheckGCForNative adj_start_bytes: 42633598 NativeAllocationGcWatermark: 11607026 java_gc_start_bytes: 25223059 kNewNativeDiscountFactor: 2 kOldNativeDiscountFactor: 65536 old_native_bytes: 131883343 new_native_bytes: 23418644 add_bytes_allowed: 34821078 is_gc_concurrent: 1 target_footprint_: 25747347 GetBytesAllocated: 18828746 HeapGrowthMultiplier: 3
12-18 15:23:04.645  3289  3998 I com.miui.home: CheckGCForNative gc_urgency 0.716338 current_native_bytes is 155301987
12-18 15:23:05.018  8558  8558 I wm_on_destroy_called: [0,212281080,fm.qingting.qtradio.WelcomeActivity,performDestroy,4]
12-18 15:23:05.197  3289  3289 I wm_on_resume_called: [0,180142162,com.miui.home.launcher.Launcher,RESUME_ACTIVITY,21]
12-18 15:23:05.215  3289  3289 I wm_on_idle_called: com.miui.home.launcher.Launcher
12-18 15:23:05.459  3289  3371 I com.miui.home: CheckGCForNative adj_start_bytes: 42633598 NativeAllocationGcWatermark: 11607026 java_gc_start_bytes: 25223059 kNewNativeDiscountFactor: 2 kOldNativeDiscountFactor: 65536 old_native_bytes: 131883343 new_native_bytes: 34412320 add_bytes_allowed: 34821078 is_gc_concurrent: 1 target_footprint_: 25747347 GetBytesAllocated: 20255022 HeapGrowthMultiplier: 3
12-18 15:23:05.459  3289  3371 I com.miui.home: CheckGCForNative gc_urgency 0.878725 current_native_bytes is 166295663
12-18 15:23:05.468  3289  3371 I com.miui.home: CheckGCForNative adj_start_bytes: 42633598 NativeAllocationGcWatermark: 11607026 java_gc_start_bytes: 25223059 kNewNativeDiscountFactor: 2 kOldNativeDiscountFactor: 65536 old_native_bytes: 131883343 new_native_bytes: 45119264 add_bytes_allowed: 34821078 is_gc_concurrent: 1 target_footprint_: 25747347 GetBytesAllocated: 20292763 HeapGrowthMultiplier: 3
12-18 15:23:05.468  3289  3371 I com.miui.home: CheckGCForNative gc_urgency 1.00518 current_native_bytes is 177002607
12-18 15:23:05.469  3289  3371 I com.miui.home: CheckGCForNative requested 1
12-18 15:23:05.478  3289  3371 I com.miui.home: CheckGCForNative adj_start_bytes: 42633598 NativeAllocationGcWatermark: 11607026 java_gc_start_bytes: 25223059 kNewNativeDiscountFactor: 2 kOldNativeDiscountFactor: 65536 old_native_bytes: 131883343 new_native_bytes: 45120768 add_bytes_allowed: 34821078 is_gc_concurrent: 1 target_footprint_: 25747347 GetBytesAllocated: 20345109 HeapGrowthMultiplier: 3
12-18 15:23:05.482  3289  3371 I com.miui.home: CheckGCForNative gc_urgency 1.0065 current_native_bytes is 177004111
12-18 15:23:05.482  3289  3371 I com.miui.home: CheckGCForNative requested 1
12-18 15:23:05.570  9369  9369 I wm_on_idle_called: com.eg.android.AlipayGphone.AlipayLogin
12-18 15:23:05.591  3289  3289 I wm_on_top_resumed_gained_called: [180142162,com.miui.home.launcher.Launcher,topStateChangedWhenResumed]
12-18 15:23:05.722  3289  3759 I com.miui.home: CheckGCForNative adj_start_bytes: 42633598 NativeAllocationGcWatermark: 11607026 java_gc_start_bytes: 25223059 kNewNativeDiscountFactor: 2 kOldNativeDiscountFactor: 65536 old_native_bytes: 131883343 new_native_bytes: 34503712 add_bytes_allowed: 34821078 is_gc_concurrent: 1 target_footprint_: 25747347 GetBytesAllocated: 20611920 HeapGrowthMultiplier: 3
12-18 15:23:05.722  3289  3759 I com.miui.home: CheckGCForNative gc_urgency 0.888168 current_native_bytes is 166387055
12-18 15:23:05.758 10771 10771 I wm_on_application_create_called: [0,com.eg.android.AlipayGphone,288]
12-18 15:23:05.861  3289  3363 I com.miui.home: NativeAlloc concurrent copying GC freed 164790(7028KB) AllocSpace objects, 24(672KB) LOS objects, 49% free, 12MB/24MB, paused 626us,71us total 392.395ms
12-18 15:23:05.963  3289  3755 I com.miui.home: CheckGCForNative gc_urgency 0 current_native_bytes is 141855855
12-18 15:23:05.965  3289  8424 I com.miui.home: CheckGCForNative adj_start_bytes: 42556268 NativeAllocationGcWatermark: 11582467 java_gc_start_bytes: 25182568 kNewNativeDiscountFactor: 2 kOldNativeDiscountFactor: 65536 old_native_bytes: 141855855 new_native_bytes: 10666600 add_bytes_allowed: 34747401 is_gc_concurrent: 1 target_footprint_: 25550877 GetBytesAllocated: 12914341 HeapGrowthMultiplier: 3
12-18 15:23:05.965  3289  8424 I com.miui.home: CheckGCForNative gc_urgency 0.428839 current_native_bytes is 152522455
12-18 15:23:05.966  3289  3755 I com.miui.home: CheckGCForNative adj_start_bytes: 42556268 NativeAllocationGcWatermark: 11582467 java_gc_start_bytes: 25182568 kNewNativeDiscountFactor: 2 kOldNativeDiscountFactor: 65536 old_native_bytes: 141855855 new_native_bytes: 21373864 add_bytes_allowed: 34747401 is_gc_concurrent: 1 target_footprint_: 25550877 GetBytesAllocated: 12914533 HeapGrowthMultiplier: 3
12-18 15:23:05.966  3289  3755 I com.miui.home: CheckGCForNative gc_urgency 0.554645 current_native_bytes is 163229719
12-18 15:23:06.276  3289  3289 I wm_on_top_resumed_lost_called: [180142162,com.miui.home.launcher.Launcher,topStateChangedWhenResumed]
12-18 15:23:06.479 11018 11018 I wm_on_application_create_called: [0,com.eg.android.AlipayGphone,272]
12-18 15:23:06.499  3289  3289 I wm_on_paused_called: [0,180142162,com.miui.home.launcher.Launcher,performPause,3]
12-18 15:23:06.735  3289  3998 I com.miui.home: CheckGCForNative adj_start_bytes: 42556268 NativeAllocationGcWatermark: 11582467 java_gc_start_bytes: 25182568 kNewNativeDiscountFactor: 2 kOldNativeDiscountFactor: 65536 old_native_bytes: 141855855 new_native_bytes: 719256 add_bytes_allowed: 34747401 is_gc_concurrent: 1 target_footprint_: 25550877 GetBytesAllocated: 13793629 HeapGrowthMultiplier: 3
12-18 15:23:06.735  3289  3998 I com.miui.home: CheckGCForNative gc_urgency 0.332628 current_native_bytes is 142575111
12-18 15:23:06.943  3289  3372 I com.miui.home: CheckGCForNative adj_start_bytes: 42556268 NativeAllocationGcWatermark: 11582467 java_gc_start_bytes: 25182568 kNewNativeDiscountFactor: 2 kOldNativeDiscountFactor: 65536 old_native_bytes: 141855855 new_native_bytes: 910724 add_bytes_allowed: 34747401 is_gc_concurrent: 1 target_footprint_: 25550877 GetBytesAllocated: 14039149 HeapGrowthMultiplier: 3
12-18 15:23:06.943  3289  3372 I com.miui.home: CheckGCForNative gc_urgency 0.340647 current_native_bytes is 142766579
12-18 15:23:07.322  3289  3759 I com.miui.home: CheckGCForNative adj_start_bytes: 42556268 NativeAllocationGcWatermark: 11582467 java_gc_start_bytes: 25182568 kNewNativeDiscountFactor: 2 kOldNativeDiscountFactor: 65536 old_native_bytes: 141855855 new_native_bytes: 1268404 add_bytes_allowed: 34747401 is_gc_concurrent: 1 target_footprint_: 25550877 GetBytesAllocated: 14237515 HeapGrowthMultiplier: 3
12-18 15:23:07.322  3289  3759 I com.miui.home: CheckGCForNative gc_urgency 0.349511 current_native_bytes is 143124259
12-18 15:23:07.333  3289  3998 I com.miui.home: CheckGCForNative adj_start_bytes: 42556268 NativeAllocationGcWatermark: 11582467 java_gc_start_bytes: 25182568 kNewNativeDiscountFactor: 2 kOldNativeDiscountFactor: 65536 old_native_bytes: 141855855 new_native_bytes: 11975092 add_bytes_allowed: 34747401 is_gc_concurrent: 1 target_footprint_: 25550877 GetBytesAllocated: 14245123 HeapGrowthMultiplier: 3
12-18 15:23:07.333  3289  3998 I com.miui.home: CheckGCForNative gc_urgency 0.475484 current_native_bytes is 153830947
12-18 15:23:07.336  3289  3998 I com.miui.home: CheckGCForNative adj_start_bytes: 42556268 NativeAllocationGcWatermark: 11582467 java_gc_start_bytes: 25182568 kNewNativeDiscountFactor: 2 kOldNativeDiscountFactor: 65536 old_native_bytes: 141855855 new_native_bytes: 22682548 add_bytes_allowed: 34747401 is_gc_concurrent: 1 target_footprint_: 25550877 GetBytesAllocated: 14251749 HeapGrowthMultiplier: 3
12-18 15:23:07.337  3289  3998 I com.miui.home: CheckGCForNative gc_urgency 0.601443 current_native_bytes is 164538403
12-18 15:23:07.338  3289  3998 I com.miui.home: CheckGCForNative adj_start_bytes: 42556268 NativeAllocationGcWatermark: 11582467 java_gc_start_bytes: 25182568 kNewNativeDiscountFactor: 2 kOldNativeDiscountFactor: 65536 old_native_bytes: 141855855 new_native_bytes: 22683572 add_bytes_allowed: 34747401 is_gc_concurrent: 1 target_footprint_: 25550877 GetBytesAllocated: 14251749 HeapGrowthMultiplier: 3
12-18 15:23:07.338  3289  3998 I com.miui.home: CheckGCForNative gc_urgency 0.601455 current_native_bytes is 164539427
12-18 15:23:07.338  3289  3998 I com.miui.home: CheckGCForNative adj_start_bytes: 42556268 NativeAllocationGcWatermark: 11582467 java_gc_start_bytes: 25182568 kNewNativeDiscountFactor: 2 kOldNativeDiscountFactor: 65536 old_native_bytes: 141855855 new_native_bytes: 33390708 add_bytes_allowed: 34747401 is_gc_concurrent: 1 target_footprint_: 25550877 GetBytesAllocated: 14260551 HeapGrowthMultiplier: 3
12-18 15:23:07.339  3289  3998 I com.miui.home: CheckGCForNative gc_urgency 0.727462 current_native_bytes is 175246563
12-18 15:23:07.341  3289  3998 I com.miui.home: CheckGCForNative adj_start_bytes: 42556268 NativeAllocationGcWatermark: 11582467 java_gc_start_bytes: 25182568 kNewNativeDiscountFactor: 2 kOldNativeDiscountFactor: 65536 old_native_bytes: 141855855 new_native_bytes: 33391092 add_bytes_allowed: 34747401 is_gc_concurrent: 1 target_footprint_: 25550877 GetBytesAllocated: 14261881 HeapGrowthMultiplier: 3
12-18 15:23:07.341  3289  3998 I com.miui.home: CheckGCForNative gc_urgency 0.727498 current_native_bytes is 175246947
12-18 15:23:07.341  3289  3998 I com.miui.home: CheckGCForNative adj_start_bytes: 42556268 NativeAllocationGcWatermark: 11582467 java_gc_start_bytes: 25182568 kNewNativeDiscountFactor: 2 kOldNativeDiscountFactor: 65536 old_native_bytes: 141855855 new_native_bytes: 44098036 add_bytes_allowed: 34747401 is_gc_concurrent: 1 target_footprint_: 25550877 GetBytesAllocated: 14269037 HeapGrowthMultiplier: 3
12-18 15:23:07.342  3289  3998 I com.miui.home: CheckGCForNative gc_urgency 0.853463 current_native_bytes is 185953891
12-18 15:23:07.548 11539 11539 I wm_on_create_called: [0,31944382,com.tencent.mobileqq.activity.SplashActivity,performCreate,86]
12-18 15:23:07.714 11539 11539 I wm_on_start_called: [0,31944382,com.tencent.mobileqq.activity.SplashActivity,handleStartActivity,165]
12-18 15:23:07.728 11539 11539 I wm_on_resume_called: [0,31944382,com.tencent.mobileqq.activity.SplashActivity,RESUME_ACTIVITY,10]
12-18 15:23:07.818 11539 11539 I wm_on_top_resumed_gained_called: [31944382,com.tencent.mobileqq.activity.SplashActivity,topStateChangedWhenResumed]
12-18 15:23:08.025  3289  3627 I com.miui.home: CheckGCForNative adj_start_bytes: 42556268 NativeAllocationGcWatermark: 11582467 java_gc_start_bytes: 25182568 kNewNativeDiscountFactor: 2 kOldNativeDiscountFactor: 65536 old_native_bytes: 141855855 new_native_bytes: 33238848 add_bytes_allowed: 34747401 is_gc_concurrent: 1 target_footprint_: 25550877 GetBytesAllocated: 15060075 HeapGrowthMultiplier: 3
12-18 15:23:08.025  3289  3627 I com.miui.home: CheckGCForNative gc_urgency 0.744465 current_native_bytes is 175094703
12-18 15:23:08.152  3289  3289 I com.miui.home: CheckGCForNative adj_start_bytes: 42556268 NativeAllocationGcWatermark: 11582467 java_gc_start_bytes: 25182568 kNewNativeDiscountFactor: 2 kOldNativeDiscountFactor: 65536 old_native_bytes: 141855855 new_native_bytes: 33300580 add_bytes_allowed: 34747401 is_gc_concurrent: 1 target_footprint_: 25550877 GetBytesAllocated: 15636702 HeapGrowthMultiplier: 3
12-18 15:23:08.152  3289  3289 I com.miui.home: CheckGCForNative gc_urgency 0.75874 current_native_bytes is 175156435
12-18 15:23:08.194  3289  3289 I wm_on_resume_called: [0,180142162,com.miui.home.launcher.Launcher,RESUME_ACTIVITY,18]
12-18 15:23:08.218  3289  3289 I wm_on_idle_called: com.miui.home.launcher.Launcher
12-18 15:23:08.328 11539 11539 I wm_on_top_resumed_lost_called: [31944382,com.tencent.mobileqq.activity.SplashActivity,topStateChangedWhenResumed]
12-18 15:23:08.331  3289  3289 I wm_on_top_resumed_gained_called: [180142162,com.miui.home.launcher.Launcher,topStateChangedWhenResumed]
12-18 15:23:08.349 11539 11539 I wm_on_paused_called: [0,31944382,com.tencent.mobileqq.activity.SplashActivity,performPause,2]
12-18 15:23:08.396  3289  3371 I com.miui.home: CheckGCForNative adj_start_bytes: 42556268 NativeAllocationGcWatermark: 11582467 java_gc_start_bytes: 25182568 kNewNativeDiscountFactor: 2 kOldNativeDiscountFactor: 65536 old_native_bytes: 141855855 new_native_bytes: 44085196 add_bytes_allowed: 34747401 is_gc_concurrent: 1 target_footprint_: 25550877 GetBytesAllocated: 16464015 HeapGrowthMultiplier: 3
12-18 15:23:08.396  3289  3371 I com.miui.home: CheckGCForNative gc_urgency 0.904891 current_native_bytes is 185941051
12-18 15:23:08.399  3289  3371 I com.miui.home: CheckGCForNative adj_start_bytes: 42556268 NativeAllocationGcWatermark: 11582467 java_gc_start_bytes: 25182568 kNewNativeDiscountFactor: 2 kOldNativeDiscountFactor: 65536 old_native_bytes: 141855855 new_native_bytes: 54792140 add_bytes_allowed: 34747401 is_gc_concurrent: 1 target_footprint_: 25550877 GetBytesAllocated: 16483933 HeapGrowthMultiplier: 3
12-18 15:23:08.400  3289  3371 I com.miui.home: CheckGCForNative gc_urgency 1.03116 current_native_bytes is 196647995
12-18 15:23:08.400  3289  3371 I com.miui.home: CheckGCForNative requested 1
12-18 15:23:08.414  3289  3383 I com.miui.home: CheckGCForNative adj_start_bytes: 42556268 NativeAllocationGcWatermark: 11582467 java_gc_start_bytes: 25182568 kNewNativeDiscountFactor: 2 kOldNativeDiscountFactor: 65536 old_native_bytes: 141855855 new_native_bytes: 54778036 add_bytes_allowed: 34747401 is_gc_concurrent: 1 target_footprint_: 25550877 GetBytesAllocated: 16519495 HeapGrowthMultiplier: 3
12-18 15:23:08.414  3289  3383 I com.miui.home: CheckGCForNative gc_urgency 1.03183 current_native_bytes is 196633891
12-18 15:23:08.414  3289  3383 I com.miui.home: CheckGCForNative requested 1
12-18 15:23:08.504 11539 11539 I wm_on_create_called: [0,255609843,com.tencent.mobileqq.activity.LoginActivity,performCreate,117]
12-18 15:23:08.575 11539 11539 I wm_on_start_called: [0,255609843,com.tencent.mobileqq.activity.LoginActivity,handleStartActivity,70]
12-18 15:23:08.591 11539 11539 I wm_on_resume_called: [0,255609843,com.tencent.mobileqq.activity.LoginActivity,RESUME_ACTIVITY,15]
12-18 15:23:08.614  3289  3363 I com.miui.home: NativeAlloc concurrent copying GC freed 85350(3713KB) AllocSpace objects, 12(336KB) LOS objects, 50% free, 12MB/24MB, paused 880us,725us total 214.193ms
12-18 15:23:08.627 11539 11539 I wm_on_stop_called: [0,31944382,com.tencent.mobileqq.activity.SplashActivity,LIFECYCLER_STOP_ACTIVITY,3]
12-18 15:23:08.637 11539 11539 I wm_on_destroy_called: [0,31944382,com.tencent.mobileqq.activity.SplashActivity,performDestroy,9]
12-18 15:23:08.651  3289  3759 I com.miui.home: CheckGCForNative gc_urgency 0 current_native_bytes is 132249403
12-18 15:23:08.800  3289  3759 I com.miui.home: CheckGCForNative gc_urgency 0 current_native_bytes is 131641323
12-18 15:23:08.869  3289  3998 I com.miui.home: CheckGCForNative adj_start_bytes: 42852441 NativeAllocationGcWatermark: 11630062 java_gc_start_bytes: 25407348 kNewNativeDiscountFactor: 2 kOldNativeDiscountFactor: 65536 old_native_bytes: 131641323 new_native_bytes: 97088 add_bytes_allowed: 34890186 is_gc_concurrent: 1 target_footprint_: 25931636 GetBytesAllocated: 13595326 HeapGrowthMultiplier: 3
12-18 15:23:08.869  3289  3998 I com.miui.home: CheckGCForNative gc_urgency 0.318439 current_native_bytes is 131738411
12-18 15:23:08.921 11539 11539 I wm_on_idle_called: com.tencent.mobileqq.activity.LoginActivity
12-18 15:23:08.941  3289  3755 I com.miui.home: CheckGCForNative adj_start_bytes: 42852441 NativeAllocationGcWatermark: 11630062 java_gc_start_bytes: 25407348 kNewNativeDiscountFactor: 2 kOldNativeDiscountFactor: 65536 old_native_bytes: 131641323 new_native_bytes: 10809056 add_bytes_allowed: 34890186 is_gc_concurrent: 1 target_footprint_: 25931636 GetBytesAllocated: 13785532 HeapGrowthMultiplier: 3
12-18 15:23:08.941  3289  3755 I com.miui.home: CheckGCForNative gc_urgency 0.447864 current_native_bytes is 142450379
12-18 15:23:08.942  3289  3755 I com.miui.home: CheckGCForNative adj_start_bytes: 42852441 NativeAllocationGcWatermark: 11630062 java_gc_start_bytes: 25407348 kNewNativeDiscountFactor: 2 kOldNativeDiscountFactor: 65536 old_native_bytes: 131641323 new_native_bytes: 21516000 add_bytes_allowed: 34890186 is_gc_concurrent: 1 target_footprint_: 25931636 GetBytesAllocated: 13785724 HeapGrowthMultiplier: 3
12-18 15:23:08.942  3289  3755 I com.miui.home: CheckGCForNative gc_urgency 0.572797 current_native_bytes is 153157323
12-18 15:23:08.978  3289  3383 I com.miui.home: CheckGCForNative adj_start_bytes: 42852441 NativeAllocationGcWatermark: 11630062 java_gc_start_bytes: 25407348 kNewNativeDiscountFactor: 2 kOldNativeDiscountFactor: 65536 old_native_bytes: 131641323 new_native_bytes: 21516000 add_bytes_allowed: 34890186 is_gc_concurrent: 1 target_footprint_: 25931636 GetBytesAllocated: 13785724 HeapGrowthMultiplier: 3
12-18 15:23:08.978  3289  3383 I com.miui.home: CheckGCForNative gc_urgency 0.572797 current_native_bytes is 153157323
12-18 15:23:08.993 11539 11539 I wm_on_paused_called: [0,255609843,com.tencent.mobileqq.activity.LoginActivity,performPause,7]
12-18 15:23:09.006  3289  3998 I com.miui.home: CheckGCForNative adj_start_bytes: 42852441 NativeAllocationGcWatermark: 11630062 java_gc_start_bytes: 25407348 kNewNativeDiscountFactor: 2 kOldNativeDiscountFactor: 65536 old_native_bytes: 131641323 new_native_bytes: 21516640 add_bytes_allowed: 34890186 is_gc_concurrent: 1 target_footprint_: 25931636 GetBytesAllocated: 13785948 HeapGrowthMultiplier: 3
12-18 15:23:09.006  3289  3998 I com.miui.home: CheckGCForNative gc_urgency 0.572809 current_native_bytes is 153157963
12-18 15:23:09.302  3289  3691 I com.miui.home: CheckGCForNative adj_start_bytes: 42852441 NativeAllocationGcWatermark: 11630062 java_gc_start_bytes: 25407348 kNewNativeDiscountFactor: 2 kOldNativeDiscountFactor: 65536 old_native_bytes: 131641323 new_native_bytes: 11440852 add_bytes_allowed: 34890186 is_gc_concurrent: 1 target_footprint_: 25931636 GetBytesAllocated: 14650872 HeapGrowthMultiplier: 3
12-18 15:23:09.302  3289  3691 I com.miui.home: CheckGCForNative gc_urgency 0.475429 current_native_bytes is 143082175
12-18 15:23:09.348  3289  3998 I com.miui.home: CheckGCForNative adj_start_bytes: 42852441 NativeAllocationGcWatermark: 11630062 java_gc_start_bytes: 25407348 kNewNativeDiscountFactor: 2 kOldNativeDiscountFactor: 65536 old_native_bytes: 131641323 new_native_bytes: 22228804 add_bytes_allowed: 34890186 is_gc_concurrent: 1 target_footprint_: 25931636 GetBytesAllocated: 14680944 HeapGrowthMultiplier: 3
12-18 15:23:09.348  3289  3998 I com.miui.home: CheckGCForNative gc_urgency 0.602004 current_native_bytes is 153870127
12-18 15:23:09.351  3289  3289 I wm_on_top_resumed_lost_called: [180142162,com.miui.home.launcher.Launcher,topStateChangedWhenResumed]
12-18 15:23:09.356  3289  3289 I wm_on_paused_called: [0,180142162,com.miui.home.launcher.Launcher,performPause,3]
12-18 15:23:09.580  3289 11840 I com.miui.home: CheckGCForNative adj_start_bytes: 42852441 NativeAllocationGcWatermark: 11630062 java_gc_start_bytes: 25407348 kNewNativeDiscountFactor: 2 kOldNativeDiscountFactor: 65536 old_native_bytes: 131641323 new_native_bytes: 11573820 add_bytes_allowed: 34890186 is_gc_concurrent: 1 target_footprint_: 25931636 GetBytesAllocated: 15161278 HeapGrowthMultiplier: 3
12-18 15:23:09.580  3289 11840 I com.miui.home: CheckGCForNative gc_urgency 0.488892 current_native_bytes is 143215143
12-18 15:23:09.809  3289  3998 I com.miui.home: CheckGCForNative adj_start_bytes: 42852441 NativeAllocationGcWatermark: 11630062 java_gc_start_bytes: 25407348 kNewNativeDiscountFactor: 2 kOldNativeDiscountFactor: 65536 old_native_bytes: 131641323 new_native_bytes: 12179128 add_bytes_allowed: 34890186 is_gc_concurrent: 1 target_footprint_: 25931636 GetBytesAllocated: 15563220 HeapGrowthMultiplier: 3
12-18 15:23:09.809  3289  3998 I com.miui.home: CheckGCForNative gc_urgency 0.505334 current_native_bytes is 143820451
12-18 15:23:10.114  3289  3998 I com.miui.home: CheckGCForNative adj_start_bytes: 42852441 NativeAllocationGcWatermark: 11630062 java_gc_start_bytes: 25407348 kNewNativeDiscountFactor: 2 kOldNativeDiscountFactor: 65536 old_native_bytes: 131641323 new_native_bytes: 12253264 add_bytes_allowed: 34890186 is_gc_concurrent: 1 target_footprint_: 25931636 GetBytesAllocated: 16236200 HeapGrowthMultiplier: 3
12-18 15:23:10.114  3289  3998 I com.miui.home: CheckGCForNative gc_urgency 0.521904 current_native_bytes is 143894587
12-18 15:23:10.718  3289  3691 I com.miui.home: CheckGCForNative adj_start_bytes: 42852441 NativeAllocationGcWatermark: 11630062 java_gc_start_bytes: 25407348 kNewNativeDiscountFactor: 2 kOldNativeDiscountFactor: 65536 old_native_bytes: 131641323 new_native_bytes: 12449204 add_bytes_allowed: 34890186 is_gc_concurrent: 1 target_footprint_: 25931636 GetBytesAllocated: 16594093 HeapGrowthMultiplier: 3
12-18 15:23:10.719  3289  3691 I com.miui.home: CheckGCForNative gc_urgency 0.532542 current_native_bytes is 144090527
12-18 15:23:10.726  3289  3691 I com.miui.home: CheckGCForNative adj_start_bytes: 42852441 NativeAllocationGcWatermark: 11630062 java_gc_start_bytes: 25407348 kNewNativeDiscountFactor: 2 kOldNativeDiscountFactor: 65536 old_native_bytes: 131641323 new_native_bytes: 12845556 add_bytes_allowed: 34890186 is_gc_concurrent: 1 target_footprint_: 25931636 GetBytesAllocated: 16594093 HeapGrowthMultiplier: 3
12-18 15:23:10.726  3289  3691 I com.miui.home: CheckGCForNative gc_urgency 0.537166 current_native_bytes is 144486879
12-18 15:23:10.805  3289  3289 I com.miui.home: CheckGCForNative adj_start_bytes: 42852441 NativeAllocationGcWatermark: 11630062 java_gc_start_bytes: 25407348 kNewNativeDiscountFactor: 2 kOldNativeDiscountFactor: 65536 old_native_bytes: 131641323 new_native_bytes: 13279844 add_bytes_allowed: 34890186 is_gc_concurrent: 1 target_footprint_: 25931636 GetBytesAllocated: 16713609 HeapGrowthMultiplier: 3
12-18 15:23:10.805  3289  3289 I com.miui.home: CheckGCForNative gc_urgency 0.545022 current_native_bytes is 144921167
12-18 15:23:11.046  3289  3289 I com.miui.home: CheckGCForNative adj_start_bytes: 42852441 NativeAllocationGcWatermark: 11630062 java_gc_start_bytes: 25407348 kNewNativeDiscountFactor: 2 kOldNativeDiscountFactor: 65536 old_native_bytes: 131641323 new_native_bytes: 13314848 add_bytes_allowed: 34890186 is_gc_concurrent: 1 target_footprint_: 25931636 GetBytesAllocated: 17331015 HeapGrowthMultiplier: 3
12-18 15:23:11.046  3289  3289 I com.miui.home: CheckGCForNative gc_urgency 0.559839 current_native_bytes is 144956171
12-18 15:23:11.097  3289  3289 I wm_on_resume_called: [0,180142162,com.miui.home.launcher.Launcher,RESUME_ACTIVITY,21]
12-18 15:23:11.116  3289  3289 I wm_on_idle_called: com.miui.home.launcher.Launcher
12-18 15:23:11.262  3289  8424 I com.miui.home: CheckGCForNative adj_start_bytes: 42852441 NativeAllocationGcWatermark: 11630062 java_gc_start_bytes: 25407348 kNewNativeDiscountFactor: 2 kOldNativeDiscountFactor: 65536 old_native_bytes: 131641323 new_native_bytes: 24255952 add_bytes_allowed: 34890186 is_gc_concurrent: 1 target_footprint_: 25931636 GetBytesAllocated: 18160783 HeapGrowthMultiplier: 3
12-18 15:23:11.262  3289  8424 I com.miui.home: CheckGCForNative gc_urgency 0.706862 current_native_bytes is 155897275
12-18 15:23:11.266  3289 11840 I com.miui.home: CheckGCForNative adj_start_bytes: 42852441 NativeAllocationGcWatermark: 11630062 java_gc_start_bytes: 25407348 kNewNativeDiscountFactor: 2 kOldNativeDiscountFactor: 65536 old_native_bytes: 131641323 new_native_bytes: 34961872 add_bytes_allowed: 34890186 is_gc_concurrent: 1 target_footprint_: 25931636 GetBytesAllocated: 18178150 HeapGrowthMultiplier: 3
12-18 15:23:11.266  3289 11840 I com.miui.home: CheckGCForNative gc_urgency 0.832184 current_native_bytes is 166603195
12-18 15:23:11.267  3289  3289 I com.miui.home: CheckGCForNative adj_start_bytes: 42852441 NativeAllocationGcWatermark: 11630062 java_gc_start_bytes: 25407348 kNewNativeDiscountFactor: 2 kOldNativeDiscountFactor: 65536 old_native_bytes: 131641323 new_native_bytes: 45669136 add_bytes_allowed: 34890186 is_gc_concurrent: 1 target_footprint_: 25931636 GetBytesAllocated: 18179678 HeapGrowthMultiplier: 3
12-18 15:23:11.267  3289  3289 I com.miui.home: CheckGCForNative gc_urgency 0.957151 current_native_bytes is 177310459
12-18 15:23:11.268  3289  8424 I com.miui.home: CheckGCForNative adj_start_bytes: 42852441 NativeAllocationGcWatermark: 11630062 java_gc_start_bytes: 25407348 kNewNativeDiscountFactor: 2 kOldNativeDiscountFactor: 65536 old_native_bytes: 131641323 new_native_bytes: 45670352 add_bytes_allowed: 34890186 is_gc_concurrent: 1 target_footprint_: 25931636 GetBytesAllocated: 18190362 HeapGrowthMultiplier: 3
12-18 15:23:11.268  3289  8424 I com.miui.home: CheckGCForNative gc_urgency 0.957414 current_native_bytes is 177311675
12-18 15:23:11.359 11965 11965 I wm_on_application_create_called: [0,com.dragon.read,1380]
12-18 15:23:11.406  3289  3759 I com.miui.home: CheckGCForNative adj_start_bytes: 42852441 NativeAllocationGcWatermark: 11630062 java_gc_start_bytes: 25407348 kNewNativeDiscountFactor: 2 kOldNativeDiscountFactor: 65536 old_native_bytes: 131641323 new_native_bytes: 35034528 add_bytes_allowed: 34890186 is_gc_concurrent: 1 target_footprint_: 25931636 GetBytesAllocated: 18527730 HeapGrowthMultiplier: 3
12-18 15:23:11.406  3289  3759 I com.miui.home: CheckGCForNative gc_urgency 0.841189 current_native_bytes is 166675851
12-18 15:23:11.498  3289  3289 I wm_on_top_resumed_gained_called: [180142162,com.miui.home.launcher.Launcher,topStateChangedWhenResumed]
12-18 15:23:11.752  3289  3848 I com.miui.home: CheckGCForNative adj_start_bytes: 42852441 NativeAllocationGcWatermark: 11630062 java_gc_start_bytes: 25407348 kNewNativeDiscountFactor: 2 kOldNativeDiscountFactor: 65536 old_native_bytes: 131641323 new_native_bytes: 35000704 add_bytes_allowed: 34890186 is_gc_concurrent: 1 target_footprint_: 25931636 GetBytesAllocated: 18701318 HeapGrowthMultiplier: 3
12-18 15:23:11.752  3289  3848 I com.miui.home: CheckGCForNative gc_urgency 0.844845 current_native_bytes is 166642027
12-18 15:23:11.785  3289  3755 I com.miui.home: CheckGCForNative adj_start_bytes: 42852441 NativeAllocationGcWatermark: 11630062 java_gc_start_bytes: 25407348 kNewNativeDiscountFactor: 2 kOldNativeDiscountFactor: 65536 old_native_bytes: 131641323 new_native_bytes: 45680800 add_bytes_allowed: 34890186 is_gc_concurrent: 1 target_footprint_: 25931636 GetBytesAllocated: 18701318 HeapGrowthMultiplier: 3
12-18 15:23:11.785  3289  3755 I com.miui.home: CheckGCForNative gc_urgency 0.96946 current_native_bytes is 177322123
12-18 15:23:11.786  3289  3755 I com.miui.home: CheckGCForNative adj_start_bytes: 42852441 NativeAllocationGcWatermark: 11630062 java_gc_start_bytes: 25407348 kNewNativeDiscountFactor: 2 kOldNativeDiscountFactor: 65536 old_native_bytes: 131641323 new_native_bytes: 56388064 add_bytes_allowed: 34890186 is_gc_concurrent: 1 target_footprint_: 25931636 GetBytesAllocated: 18713307 HeapGrowthMultiplier: 3
12-18 15:23:11.786  3289  3755 I com.miui.home: CheckGCForNative gc_urgency 1.09467 current_native_bytes is 188029387
12-18 15:23:11.786  3289  3755 I com.miui.home: CheckGCForNative requested 1
12-18 15:23:11.842  3289  3383 I com.miui.home: CheckGCForNative adj_start_bytes: 42852441 NativeAllocationGcWatermark: 11630062 java_gc_start_bytes: 25407348 kNewNativeDiscountFactor: 2 kOldNativeDiscountFactor: 65536 old_native_bytes: 131641323 new_native_bytes: 56387872 add_bytes_allowed: 34890186 is_gc_concurrent: 1 target_footprint_: 25931636 GetBytesAllocated: 18720489 HeapGrowthMultiplier: 3
12-18 15:23:11.843  3289  3383 I com.miui.home: CheckGCForNative gc_urgency 1.09484 current_native_bytes is 188029195
12-18 15:23:11.843  3289  3383 I com.miui.home: CheckGCForNative requested 1
12-18 15:23:11.907  3289  3289 I com.miui.home: CheckGCForNative adj_start_bytes: 42852441 NativeAllocationGcWatermark: 11630062 java_gc_start_bytes: 25407348 kNewNativeDiscountFactor: 2 kOldNativeDiscountFactor: 65536 old_native_bytes: 131641323 new_native_bytes: 45656856 add_bytes_allowed: 34890186 is_gc_concurrent: 1 target_footprint_: 25931636 GetBytesAllocated: 18777747 HeapGrowthMultiplier: 3
12-18 15:23:11.907  3289  3289 I com.miui.home: CheckGCForNative gc_urgency 0.970964 current_native_bytes is 177298179
12-18 15:23:12.056  3289  3289 I wm_on_top_resumed_lost_called: [180142162,com.miui.home.launcher.Launcher,topStateChangedWhenResumed]
12-18 15:23:12.308  3289  3363 I com.miui.home: NativeAlloc concurrent copying GC freed 130702(5679KB) AllocSpace objects, 14(400KB) LOS objects, 49% free, 12MB/25MB, paused 74.328ms,82us total 517.931ms
12-18 15:23:12.329  3289  3289 I wm_on_paused_called: [0,180142162,com.miui.home.launcher.Launcher,performPause,3]
12-18 15:23:12.598  3289  3998 I com.miui.home: CheckGCForNative gc_urgency 0 current_native_bytes is 141545323
12-18 15:23:12.683  3289  3759 I com.miui.home: CheckGCForNative gc_urgency 0 current_native_bytes is 130807227
12-18 15:23:12.961  3289  3759 I com.miui.home: CheckGCForNative adj_start_bytes: 43222655 NativeAllocationGcWatermark: 11669032 java_gc_start_bytes: 25719107 kNewNativeDiscountFactor: 2 kOldNativeDiscountFactor: 65536 old_native_bytes: 130807227 new_native_bytes: 119732 add_bytes_allowed: 35007096 is_gc_concurrent: 1 target_footprint_: 26243395 GetBytesAllocated: 14622619 HeapGrowthMultiplier: 3
12-18 15:23:12.961  3289  3759 I com.miui.home: CheckGCForNative gc_urgency 0.33974 current_native_bytes is 130926959
12-18 15:23:12.994  3289  3759 I com.miui.home: CheckGCForNative adj_start_bytes: 43222655 NativeAllocationGcWatermark: 11669032 java_gc_start_bytes: 25719107 kNewNativeDiscountFactor: 2 kOldNativeDiscountFactor: 65536 old_native_bytes: 130807227 new_native_bytes: 123652 add_bytes_allowed: 35007096 is_gc_concurrent: 1 target_footprint_: 26243395 GetBytesAllocated: 14639003 HeapGrowthMultiplier: 3
12-18 15:23:12.994  3289  3759 I com.miui.home: CheckGCForNative gc_urgency 0.340165 current_native_bytes is 130930879
12-18 15:23:13.422 12341 12341 I wm_on_application_create_called: [0,com.taobao.taobao,401]
12-18 15:23:13.548 12341 12341 I wm_on_create_called: [0,15897166,com.taobao.tao.welcome.Welcome,performCreate,96]
12-18 15:23:13.701  3289  3289 I wm_on_resume_called: [0,180142162,com.miui.home.launcher.Launcher,RESUME_ACTIVITY,27]
12-18 15:23:13.720  3289  3289 I wm_on_idle_called: com.miui.home.launcher.Launcher
12-18 15:23:13.734 12341 12341 I wm_on_start_called: [0,15897166,com.taobao.tao.welcome.Welcome,handleStartActivity,186]
12-18 15:23:13.794 12341 12341 I wm_on_resume_called: [0,15897166,com.taobao.tao.welcome.Welcome,RESUME_ACTIVITY,57]
12-18 15:23:13.906  3289  3383 I com.miui.home: CheckGCForNative adj_start_bytes: 43222655 NativeAllocationGcWatermark: 11669032 java_gc_start_bytes: 25719107 kNewNativeDiscountFactor: 2 kOldNativeDiscountFactor: 65536 old_native_bytes: 130807227 new_native_bytes: 10719960 add_bytes_allowed: 35007096 is_gc_concurrent: 1 target_footprint_: 26243395 GetBytesAllocated: 15924456 HeapGrowthMultiplier: 3
12-18 15:23:13.906  3289  3383 I com.miui.home: CheckGCForNative gc_urgency 0.492483 current_native_bytes is 141527187
12-18 15:23:13.907  3289  3371 I com.miui.home: CheckGCForNative adj_start_bytes: 43222655 NativeAllocationGcWatermark: 11669032 java_gc_start_bytes: 25719107 kNewNativeDiscountFactor: 2 kOldNativeDiscountFactor: 65536 old_native_bytes: 130807227 new_native_bytes: 21426520 add_bytes_allowed: 35007096 is_gc_concurrent: 1 target_footprint_: 26243395 GetBytesAllocated: 15924456 HeapGrowthMultiplier: 3
12-18 15:23:13.907  3289  3371 I com.miui.home: CheckGCForNative gc_urgency 0.616337 current_native_bytes is 152233747
12-18 15:23:13.908  3289  3289 I com.miui.home: CheckGCForNative adj_start_bytes: 43222655 NativeAllocationGcWatermark: 11669032 java_gc_start_bytes: 25719107 kNewNativeDiscountFactor: 2 kOldNativeDiscountFactor: 65536 old_native_bytes: 130807227 new_native_bytes: 32133848 add_bytes_allowed: 35007096 is_gc_concurrent: 1 target_footprint_: 26243395 GetBytesAllocated: 15941134 HeapGrowthMultiplier: 3
12-18 15:23:13.908  3289  3289 I com.miui.home: CheckGCForNative gc_urgency 0.740585 current_native_bytes is 162941075
12-18 15:23:13.998 12341 12341 I wm_on_top_resumed_gained_called: [15897166,com.taobao.tao.welcome.Welcome,topStateChangedWhenResumed]
12-18 15:23:14.012 12341 12341 I wm_on_top_resumed_lost_called: [15897166,com.taobao.tao.welcome.Welcome,topStateChangedWhenResumed]
12-18 15:23:14.016  3289  3289 I wm_on_top_resumed_gained_called: [180142162,com.miui.home.launcher.Launcher,topStateChangedWhenResumed]
12-18 15:23:14.017  3289  3759 I com.miui.home: CheckGCForNative adj_start_bytes: 43222655 NativeAllocationGcWatermark: 11669032 java_gc_start_bytes: 25719107 kNewNativeDiscountFactor: 2 kOldNativeDiscountFactor: 65536 old_native_bytes: 130807227 new_native_bytes: 10828104 add_bytes_allowed: 35007096 is_gc_concurrent: 1 target_footprint_: 26243395 GetBytesAllocated: 16462915 HeapGrowthMultiplier: 3
12-18 15:23:14.017  3289  3759 I com.miui.home: CheckGCForNative gc_urgency 0.506192 current_native_bytes is 141635331
12-18 15:23:14.250  3289  3759 I com.miui.home: CheckGCForNative adj_start_bytes: 43222655 NativeAllocationGcWatermark: 11669032 java_gc_start_bytes: 25719107 kNewNativeDiscountFactor: 2 kOldNativeDiscountFactor: 65536 old_native_bytes: 130807227 new_native_bytes: 10851976 add_bytes_allowed: 35007096 is_gc_concurrent: 1 target_footprint_: 26243395 GetBytesAllocated: 16585810 HeapGrowthMultiplier: 3
12-18 15:23:14.250  3289  3759 I com.miui.home: CheckGCForNative gc_urgency 0.509311 current_native_bytes is 141659203
12-18 15:23:14.361  3289  3759 I com.miui.home: CheckGCForNative adj_start_bytes: 43222655 NativeAllocationGcWatermark: 11669032 java_gc_start_bytes: 25719107 kNewNativeDiscountFactor: 2 kOldNativeDiscountFactor: 65536 old_native_bytes: 130807227 new_native_bytes: 10860760 add_bytes_allowed: 35007096 is_gc_concurrent: 1 target_footprint_: 26243395 GetBytesAllocated: 16666353 HeapGrowthMultiplier: 3
12-18 15:23:14.361  3289  3759 I com.miui.home: CheckGCForNative gc_urgency 0.511276 current_native_bytes is 141667987
12-18 15:23:14.397  3289  3755 I com.miui.home: CheckGCForNative adj_start_bytes: 43222655 NativeAllocationGcWatermark: 11669032 java_gc_start_bytes: 25719107 kNewNativeDiscountFactor: 2 kOldNativeDiscountFactor: 65536 old_native_bytes: 130807227 new_native_bytes: 32265848 add_bytes_allowed: 35007096 is_gc_concurrent: 1 target_footprint_: 26243395 GetBytesAllocated: 16681699 HeapGrowthMultiplier: 3
12-18 15:23:14.397  3289  3755 I com.miui.home: CheckGCForNative gc_urgency 0.759246 current_native_bytes is 163073075
12-18 15:23:14.397  3289  3371 I com.miui.home: CheckGCForNative adj_start_bytes: 43222655 NativeAllocationGcWatermark: 11669032 java_gc_start_bytes: 25719107 kNewNativeDiscountFactor: 2 kOldNativeDiscountFactor: 65536 old_native_bytes: 130807227 new_native_bytes: 32265848 add_bytes_allowed: 35007096 is_gc_concurrent: 1 target_footprint_: 26243395 GetBytesAllocated: 16681699 HeapGrowthMultiplier: 3
12-18 15:23:14.397  3289  3371 I com.miui.home: CheckGCForNative gc_urgency 0.759248 current_native_bytes is 163073075
12-18 15:23:14.397  3289  3289 I com.miui.home: CheckGCForNative adj_start_bytes: 43222655 NativeAllocationGcWatermark: 11669032 java_gc_start_bytes: 25719107 kNewNativeDiscountFactor: 2 kOldNativeDiscountFactor: 65536 old_native_bytes: 130807227 new_native_bytes: 42973048 add_bytes_allowed: 35007096 is_gc_concurrent: 1 target_footprint_: 26243395 GetBytesAllocated: 16690842 HeapGrowthMultiplier: 3
12-18 15:23:14.398  3289  3289 I com.miui.home: CheckGCForNative gc_urgency 0.883318 current_native_bytes is 173780275
12-18 15:23:14.779  3289  3289 I wm_on_top_resumed_lost_called: [180142162,com.miui.home.launcher.Launcher,topStateChangedWhenResumed]
12-18 15:23:14.923  3289  3289 I wm_on_paused_called: [0,180142162,com.miui.home.launcher.Launcher,performPause,3]
12-18 15:23:15.142  3289  3998 I com.miui.home: CheckGCForNative adj_start_bytes: 43222655 NativeAllocationGcWatermark: 11669032 java_gc_start_bytes: 25719107 kNewNativeDiscountFactor: 2 kOldNativeDiscountFactor: 65536 old_native_bytes: 130807227 new_native_bytes: 32868604 add_bytes_allowed: 35007096 is_gc_concurrent: 1 target_footprint_: 26243395 GetBytesAllocated: 17736631 HeapGrowthMultiplier: 3
12-18 15:23:15.142  3289  3998 I com.miui.home: CheckGCForNative gc_urgency 0.790625 current_native_bytes is 163675831
12-18 15:23:15.276  3289  3998 I com.miui.home: CheckGCForNative adj_start_bytes: 43222655 NativeAllocationGcWatermark: 11669032 java_gc_start_bytes: 25719107 kNewNativeDiscountFactor: 2 kOldNativeDiscountFactor: 65536 old_native_bytes: 130807227 new_native_bytes: 22511188 add_bytes_allowed: 35007096 is_gc_concurrent: 1 target_footprint_: 26243395 GetBytesAllocated: 18065892 HeapGrowthMultiplier: 3
12-18 15:23:15.276  3289  3998 I com.miui.home: CheckGCForNative gc_urgency 0.678428 current_native_bytes is 153318415
12-18 15:23:15.528  3289  3759 I com.miui.home: CheckGCForNative adj_start_bytes: 43222655 NativeAllocationGcWatermark: 11669032 java_gc_start_bytes: 25719107 kNewNativeDiscountFactor: 2 kOldNativeDiscountFactor: 65536 old_native_bytes: 130807227 new_native_bytes: 22642568 add_bytes_allowed: 35007096 is_gc_concurrent: 1 target_footprint_: 26243395 GetBytesAllocated: 18531847 HeapGrowthMultiplier: 3
12-18 15:23:15.528  3289  3759 I com.miui.home: CheckGCForNative gc_urgency 0.690729 current_native_bytes is 153449795
12-18 15:23:15.550  3289  3759 I com.miui.home: CheckGCForNative adj_start_bytes: 43222655 NativeAllocationGcWatermark: 11669032 java_gc_start_bytes: 25719107 kNewNativeDiscountFactor: 2 kOldNativeDiscountFactor: 65536 old_native_bytes: 130807227 new_native_bytes: 22643336 add_bytes_allowed: 35007096 is_gc_concurrent: 1 target_footprint_: 26243395 GetBytesAllocated: 18542442 HeapGrowthMultiplier: 3
12-18 15:23:15.550  3289  3759 I com.miui.home: CheckGCForNative gc_urgency 0.690983 current_native_bytes is 153450563
12-18 15:23:15.815 12784 12784 I wm_on_create_called: [0,147959277,com.tencent.mm.ui.LauncherUI,performCreate,58]
12-18 15:23:15.987 12784 12784 I wm_on_create_called: [0,19959906,com.tencent.mm.app.WeChatSplashActivity,performCreate,13]
12-18 15:23:16.017 12784 12784 I wm_on_start_called: [0,19959906,com.tencent.mm.app.WeChatSplashActivity,handleStartActivity,11]
12-18 15:23:16.026 12784 12784 I wm_on_resume_called: [0,19959906,com.tencent.mm.app.WeChatSplashActivity,RESUME_ACTIVITY,7]
12-18 15:23:16.047 12784 12784 I wm_on_top_resumed_gained_called: [19959906,com.tencent.mm.app.WeChatSplashActivity,topStateChangedWhenResumed]
12-18 15:23:16.261 12784 12784 I wm_on_top_resumed_lost_called: [19959906,com.tencent.mm.app.WeChatSplashActivity,topStateChangedWhenResumed]
12-18 15:23:16.285 12784 12784 I wm_on_paused_called: [0,19959906,com.tencent.mm.app.WeChatSplashActivity,performPause,6]
12-18 15:23:16.427  3289  3289 I wm_on_resume_called: [0,180142162,com.miui.home.launcher.Launcher,RESUME_ACTIVITY,19]
12-18 15:23:16.444  3289  3289 I wm_on_idle_called: com.miui.home.launcher.Launcher
12-18 15:23:16.600  3289  3372 I com.miui.home: CheckGCForNative adj_start_bytes: 43222655 NativeAllocationGcWatermark: 11669032 java_gc_start_bytes: 25719107 kNewNativeDiscountFactor: 2 kOldNativeDiscountFactor: 65536 old_native_bytes: 130807227 new_native_bytes: 33831416 add_bytes_allowed: 35007096 is_gc_concurrent: 1 target_footprint_: 26243395 GetBytesAllocated: 21190509 HeapGrowthMultiplier: 3
12-18 15:23:16.600  3289  3372 I com.miui.home: CheckGCForNative gc_urgency 0.881672 current_native_bytes is 164638643
12-18 15:23:16.601  3289  3371 I com.miui.home: CheckGCForNative adj_start_bytes: 43222655 NativeAllocationGcWatermark: 11669032 java_gc_start_bytes: 25719107 kNewNativeDiscountFactor: 2 kOldNativeDiscountFactor: 65536 old_native_bytes: 130807227 new_native_bytes: 44537336 add_bytes_allowed: 35007096 is_gc_concurrent: 1 target_footprint_: 26243395 GetBytesAllocated: 21190701 HeapGrowthMultiplier: 3
12-18 15:23:16.601  3289  3371 I com.miui.home: CheckGCForNative gc_urgency 1.00576 current_native_bytes is 175344563
12-18 15:23:16.602  3289  3289 I com.miui.home: CheckGCForNative adj_start_bytes: 43222655 NativeAllocationGcWatermark: 11669032 java_gc_start_bytes: 25719107 kNewNativeDiscountFactor: 2 kOldNativeDiscountFactor: 65536 old_native_bytes: 130807227 new_native_bytes: 55244280 add_bytes_allowed: 35007096 is_gc_concurrent: 1 target_footprint_: 26243395 GetBytesAllocated: 21201060 HeapGrowthMultiplier: 3
12-18 15:23:16.602  3289  3371 I com.miui.home: CheckGCForNative requested 1
12-18 15:23:16.602  3289  3289 I com.miui.home: CheckGCForNative gc_urgency 1.12962 current_native_bytes is 186051507
12-18 15:23:16.602  3289  3289 I com.miui.home: CheckGCForNative requested 1
12-18 15:23:16.622  3289  3759 I com.miui.home: CheckGCForNative adj_start_bytes: 43222655 NativeAllocationGcWatermark: 11669032 java_gc_start_bytes: 25719107 kNewNativeDiscountFactor: 2 kOldNativeDiscountFactor: 65536 old_native_bytes: 130807227 new_native_bytes: 33828408 add_bytes_allowed: 35007096 is_gc_concurrent: 1 target_footprint_: 26243395 GetBytesAllocated: 21291779 HeapGrowthMultiplier: 3
12-18 15:23:16.622  3289  3759 I com.miui.home: CheckGCForNative gc_urgency 0.88398 current_native_bytes is 164635635
12-18 15:23:16.731 12784 12784 I wm_on_create_called: [0,118485269,com.tencent.mm.ui.LauncherUI,performCreate,348]
