12-18 14:30:22.207  3342  3342 I com.miui.home: CheckGCForNative gc_urgency 0.75077 current_native_bytes is 155443243
12-18 14:30:22.224 12552 12552 I wm_on_paused_called: [0,239973218,com.tencent.mm.plugin.account.ui.WelcomeActivity,performPause,3]
12-18 14:30:22.275 12552 12552 I wm_on_stop_called: [0,12552048,com.tencent.mm.app.WeChatSplashActivity,LIFECYCLER_STOP_ACTIVITY,18]
12-18 14:30:22.290 12552 12552 I wm_on_destroy_called: [0,12552048,com.tencent.mm.app.WeChatSplashActivity,performDestroy,14]
12-18 14:30:22.334 12552 12552 I wm_on_stop_called: [0,39228536,com.tencent.mm.ui.LauncherUI,STOP_ACTIVITY_ITEM,6]
12-18 14:30:22.396 12552 12552 I wm_on_stop_called: [0,239973218,com.tencent.mm.plugin.account.ui.WelcomeActivity,STOP_ACTIVITY_ITEM,8]
12-18 14:30:22.409 12552 12552 I wm_on_idle_called: com.tencent.mm.ui.LauncherUI
12-18 14:30:22.410 12552 12552 I wm_on_idle_called: com.tencent.mm.plugin.account.ui.WelcomeActivity
12-18 14:30:22.411  3342  4008 I com.miui.home: CheckGCForNative adj_start_bytes: 42620949 NativeAllocationGcWatermark: 11564303 java_gc_start_bytes: 25274495 kNewNativeDiscountFactor: 2 kOldNativeDiscountFactor: 65536 old_native_bytes: 131752963 new_native_bytes: 23905948 add_bytes_allowed: 34692909 is_gc_concurrent: 1 target_footprint_: 25405567 GetBytesAllocated: 20813002 HeapGrowthMultiplier: 3
12-18 14:30:22.411  3342  4008 I com.miui.home: CheckGCForNative gc_urgency 0.768824 current_native_bytes is 155658911
12-18 14:30:22.475  3342  3342 I wm_on_top_resumed_lost_called: [16014311,com.miui.home.launcher.Launcher,topStateChangedWhenResumed]
12-18 14:30:22.480  3342  3342 I wm_on_paused_called: [0,16014311,com.miui.home.launcher.Launcher,performPause,3]
12-18 14:30:22.729  3342  4008 I com.miui.home: CheckGCForNative adj_start_bytes: 42620949 NativeAllocationGcWatermark: 11564303 java_gc_start_bytes: 25274495 kNewNativeDiscountFactor: 2 kOldNativeDiscountFactor: 65536 old_native_bytes: 131752963 new_native_bytes: 13944884 add_bytes_allowed: 34692909 is_gc_concurrent: 1 target_footprint_: 25405567 GetBytesAllocated: 21739720 HeapGrowthMultiplier: 3
12-18 14:30:22.729  3342  4008 I com.miui.home: CheckGCForNative gc_urgency 0.67371 current_native_bytes is 145697847
12-18 14:30:22.800  3342  4008 I com.miui.home: CheckGCForNative adj_start_bytes: 42620949 NativeAllocationGcWatermark: 11564303 java_gc_start_bytes: 25274495 kNewNativeDiscountFactor: 2 kOldNativeDiscountFactor: 65536 old_native_bytes: 131752963 new_native_bytes: 24770216 add_bytes_allowed: 34692909 is_gc_concurrent: 1 target_footprint_: 25405567 GetBytesAllocated: 21939991 HeapGrowthMultiplier: 3
12-18 14:30:22.800  3342  4008 I com.miui.home: CheckGCForNative gc_urgency 0.805405 current_native_bytes is 156523179
12-18 14:30:22.842  3342  3800 I com.miui.home: CheckGCForNative adj_start_bytes: 42620949 NativeAllocationGcWatermark: 11564303 java_gc_start_bytes: 25274495 kNewNativeDiscountFactor: 2 kOldNativeDiscountFactor: 65536 old_native_bytes: 131752963 new_native_bytes: 14013864 add_bytes_allowed: 34692909 is_gc_concurrent: 1 target_footprint_: 25405567 GetBytesAllocated: 22074133 HeapGrowthMultiplier: 3
12-18 14:30:22.842  3342  3800 I com.miui.home: CheckGCForNative gc_urgency 0.682366 current_native_bytes is 145766827
12-18 14:30:22.930  3342  3800 I com.miui.home: CheckGCForNative adj_start_bytes: 42620949 NativeAllocationGcWatermark: 11564303 java_gc_start_bytes: 25274495 kNewNativeDiscountFactor: 2 kOldNativeDiscountFactor: 65536 old_native_bytes: 131752963 new_native_bytes: 14218196 add_bytes_allowed: 34692909 is_gc_concurrent: 1 target_footprint_: 25405567 GetBytesAllocated: 22594834 HeapGrowthMultiplier: 3
12-18 14:30:22.930  3342  3800 I com.miui.home: CheckGCForNative gc_urgency 0.697189 current_native_bytes is 145971159
12-18 14:30:23.278 13006 13006 I wm_on_create_called: [0,249852393,com.sina.weibo.SplashActivity,performCreate,156]
12-18 14:30:23.283 13006 13006 I wm_on_start_called: [0,249852393,com.sina.weibo.SplashActivity,handleStartActivity,4]
12-18 14:30:23.294 13006 13006 I wm_on_resume_called: [0,249852393,com.sina.weibo.SplashActivity,RESUME_ACTIVITY,9]
12-18 14:30:23.301 13006 13006 I wm_on_top_resumed_gained_called: [249852393,com.sina.weibo.SplashActivity,topStateChangedWhenResumed]
12-18 14:30:23.534 13006 13006 I wm_on_idle_called: com.sina.weibo.SplashActivity
12-18 14:30:23.557  3342  3342 I wm_on_stop_called: [0,16014311,com.miui.home.launcher.Launcher,STOP_ACTIVITY_ITEM,7]
12-18 14:30:24.193 13006 13006 I wm_on_top_resumed_lost_called: [249852393,com.sina.weibo.SplashActivity,topStateChangedWhenResumed]
12-18 14:30:24.203  3342  3342 I wm_on_restart_called: [0,16014311,com.miui.home.launcher.Launcher,,0]
12-18 14:30:24.205  3342  3342 I wm_on_start_called: [0,16014311,com.miui.home.launcher.Launcher,handleStartActivity,1]
12-18 14:30:24.223  3342  3342 I wm_on_resume_called: [0,16014311,com.miui.home.launcher.Launcher,RESUME_ACTIVITY,16]
12-18 14:30:24.289  3342  3342 I wm_on_top_resumed_gained_called: [16014311,com.miui.home.launcher.Launcher,topStateChangedWhenResumed]
12-18 14:30:24.294  3342  3342 I wm_on_idle_called: com.miui.home.launcher.Launcher
12-18 14:30:24.372  3342  4104 I com.miui.home: CheckGCForNative adj_start_bytes: 42620949 NativeAllocationGcWatermark: 11564303 java_gc_start_bytes: 25274495 kNewNativeDiscountFactor: 2 kOldNativeDiscountFactor: 65536 old_native_bytes: 131752963 new_native_bytes: 35659288 add_bytes_allowed: 34692909 is_gc_concurrent: 1 target_footprint_: 25405567 GetBytesAllocated: 24374939 HeapGrowthMultiplier: 3
12-18 14:30:24.373  3342  4104 I com.miui.home: CheckGCForNative gc_urgency 0.990278 current_native_bytes is 167412251
12-18 14:30:24.373  3342  3414 I com.miui.home: CheckGCForNative adj_start_bytes: 42620949 NativeAllocationGcWatermark: 11564303 java_gc_start_bytes: 25274495 kNewNativeDiscountFactor: 2 kOldNativeDiscountFactor: 65536 old_native_bytes: 131752963 new_native_bytes: 24953368 add_bytes_allowed: 34692909 is_gc_concurrent: 1 target_footprint_: 25405567 GetBytesAllocated: 24374939 HeapGrowthMultiplier: 3
12-18 14:30:24.373  3342  3414 I com.miui.home: CheckGCForNative gc_urgency 0.864901 current_native_bytes is 156706331
12-18 14:30:24.373  3342  3342 I com.miui.home: CheckGCForNative adj_start_bytes: 42620949 NativeAllocationGcWatermark: 11564303 java_gc_start_bytes: 25274495 kNewNativeDiscountFactor: 2 kOldNativeDiscountFactor: 65536 old_native_bytes: 131752963 new_native_bytes: 46366936 add_bytes_allowed: 34692909 is_gc_concurrent: 1 target_footprint_: 25405567 GetBytesAllocated: 24384202 HeapGrowthMultiplier: 3
12-18 14:30:24.373  3342  3342 I com.miui.home: CheckGCForNative gc_urgency 1.11611 current_native_bytes is 178119899
12-18 14:30:24.374  3342  3342 I com.miui.home: CheckGCForNative requested 1
12-18 14:30:24.382  3342  8404 I com.miui.home: CheckGCForNative adj_start_bytes: 42620949 NativeAllocationGcWatermark: 11564303 java_gc_start_bytes: 25274495 kNewNativeDiscountFactor: 2 kOldNativeDiscountFactor: 65536 old_native_bytes: 131752963 new_native_bytes: 24956952 add_bytes_allowed: 34692909 is_gc_concurrent: 1 target_footprint_: 25405567 GetBytesAllocated: 24413464 HeapGrowthMultiplier: 3
12-18 14:30:24.383  3342  8404 I com.miui.home: CheckGCForNative gc_urgency 0.86563 current_native_bytes is 156709915
12-18 14:30:24.530  3342  3800 I com.miui.home: CheckGCForNative gc_urgency 0 current_native_bytes is 131714575
12-18 14:30:24.719  3342  3800 I com.miui.home: CheckGCForNative gc_urgency 0 current_native_bytes is 131674927
12-18 14:30:24.847  3342  3799 I com.miui.home: CheckGCForNative adj_start_bytes: 42804412 NativeAllocationGcWatermark: 11583615 java_gc_start_bytes: 25428990 kNewNativeDiscountFactor: 2 kOldNativeDiscountFactor: 65536 old_native_bytes: 131674927 new_native_bytes: 10667488 add_bytes_allowed: 34750845 is_gc_concurrent: 1 target_footprint_: 25560062 GetBytesAllocated: 13032708 HeapGrowthMultiplier: 3
12-18 14:30:24.847  3342  3799 I com.miui.home: CheckGCForNative gc_urgency 0.429125 current_native_bytes is 142342415
12-18 14:30:24.847  3342  4104 I com.miui.home: CheckGCForNative adj_start_bytes: 42804412 NativeAllocationGcWatermark: 11583615 java_gc_start_bytes: 25428990 kNewNativeDiscountFactor: 2 kOldNativeDiscountFactor: 65536 old_native_bytes: 131674927 new_native_bytes: 21374368 add_bytes_allowed: 34750845 is_gc_concurrent: 1 target_footprint_: 25560062 GetBytesAllocated: 13049284 HeapGrowthMultiplier: 3
12-18 14:30:24.848  3342  4104 I com.miui.home: CheckGCForNative gc_urgency 0.55458 current_native_bytes is 153049295
12-18 14:30:24.852  3342  3342 I com.miui.home: CheckGCForNative adj_start_bytes: 42804412 NativeAllocationGcWatermark: 11583615 java_gc_start_bytes: 25428990 kNewNativeDiscountFactor: 2 kOldNativeDiscountFactor: 65536 old_native_bytes: 131674927 new_native_bytes: 32074208 add_bytes_allowed: 34750845 is_gc_concurrent: 1 target_footprint_: 25560062 GetBytesAllocated: 13049476 HeapGrowthMultiplier: 3
12-18 14:30:24.852  3342  3342 I com.miui.home: CheckGCForNative gc_urgency 0.67957 current_native_bytes is 163749135
12-18 14:30:24.865 13006 13006 I wm_on_paused_called: [0,249852393,com.sina.weibo.SplashActivity,performPause,1]
12-18 14:30:24.944 13006 13006 I wm_on_stop_called: [0,249852393,com.sina.weibo.SplashActivity,STOP_ACTIVITY_ITEM,21]
12-18 14:30:25.159  3342  4008 I com.miui.home: CheckGCForNative adj_start_bytes: 42804412 NativeAllocationGcWatermark: 11583615 java_gc_start_bytes: 25428990 kNewNativeDiscountFactor: 2 kOldNativeDiscountFactor: 65536 old_native_bytes: 131674927 new_native_bytes: 22080108 add_bytes_allowed: 34750845 is_gc_concurrent: 1 target_footprint_: 25560062 GetBytesAllocated: 13814260 HeapGrowthMultiplier: 3
12-18 14:30:25.159  3342  4008 I com.miui.home: CheckGCForNative gc_urgency 0.580695 current_native_bytes is 153755035
12-18 14:30:25.324  3342  3778 I com.miui.home: CheckGCForNative adj_start_bytes: 42804412 NativeAllocationGcWatermark: 11583615 java_gc_start_bytes: 25428990 kNewNativeDiscountFactor: 2 kOldNativeDiscountFactor: 65536 old_native_bytes: 131674927 new_native_bytes: 11897128 add_bytes_allowed: 34750845 is_gc_concurrent: 1 target_footprint_: 25560062 GetBytesAllocated: 14622939 HeapGrowthMultiplier: 3
12-18 14:30:25.324  3342  3778 I com.miui.home: CheckGCForNative gc_urgency 0.48064 current_native_bytes is 143572055
12-18 14:30:25.390  3342  3342 I wm_on_top_resumed_lost_called: [16014311,com.miui.home.launcher.Launcher,topStateChangedWhenResumed]
12-18 14:30:25.398  3342  3342 I wm_on_paused_called: [0,16014311,com.miui.home.launcher.Launcher,performPause,4]
12-18 14:30:25.664  3342  3800 I com.miui.home: CheckGCForNative adj_start_bytes: 42804412 NativeAllocationGcWatermark: 11583615 java_gc_start_bytes: 25428990 kNewNativeDiscountFactor: 2 kOldNativeDiscountFactor: 65536 old_native_bytes: 131674927 new_native_bytes: 12348048 add_bytes_allowed: 34750845 is_gc_concurrent: 1 target_footprint_: 25560062 GetBytesAllocated: 15432009 HeapGrowthMultiplier: 3
12-18 14:30:25.664  3342  3800 I com.miui.home: CheckGCForNative gc_urgency 0.504809 current_native_bytes is 144022975
12-18 14:30:25.731  3342  3800 I com.miui.home: CheckGCForNative adj_start_bytes: 42804412 NativeAllocationGcWatermark: 11583615 java_gc_start_bytes: 25428990 kNewNativeDiscountFactor: 2 kOldNativeDiscountFactor: 65536 old_native_bytes: 131674927 new_native_bytes: 12557316 add_bytes_allowed: 34750845 is_gc_concurrent: 1 target_footprint_: 25560062 GetBytesAllocated: 15717524 HeapGrowthMultiplier: 3
12-18 14:30:25.731  3342  3800 I com.miui.home: CheckGCForNative gc_urgency 0.513923 current_native_bytes is 144232243
12-18 14:30:25.997  3342  3800 I com.miui.home: CheckGCForNative adj_start_bytes: 42804412 NativeAllocationGcWatermark: 11583615 java_gc_start_bytes: 25428990 kNewNativeDiscountFactor: 2 kOldNativeDiscountFactor: 65536 old_native_bytes: 131674927 new_native_bytes: 12988712 add_bytes_allowed: 34750845 is_gc_concurrent: 1 target_footprint_: 25560062 GetBytesAllocated: 16475768 HeapGrowthMultiplier: 3
12-18 14:30:25.997  3342  3800 I com.miui.home: CheckGCForNative gc_urgency 0.536677 current_native_bytes is 144663639
12-18 14:30:26.164 13186 13186 I wm_on_application_create_called: [0,com.UCMobile,235]
12-18 14:30:26.327 13186 13186 I wm_on_create_called: [0,142928771,com.UCMobile.main.UCMobile,performCreate,142]
12-18 14:30:26.449 13186 13186 I wm_on_create_called: [0,165647155,com.uc.browser.InnerUCMobile,performCreate,38]
12-18 14:30:26.486 13186 13186 I wm_on_start_called: [0,165647155,com.uc.browser.InnerUCMobile,handleStartActivity,37]
12-18 14:30:26.505 13186 13186 I wm_on_resume_called: [0,165647155,com.uc.browser.InnerUCMobile,RESUME_ACTIVITY,15]
12-18 14:30:26.654 13186 13186 I wm_on_top_resumed_gained_called: [165647155,com.uc.browser.InnerUCMobile,topStateChangedWhenResumed]
12-18 14:30:27.151 13186 13186 I wm_on_top_resumed_lost_called: [165647155,com.uc.browser.InnerUCMobile,topStateChangedWhenResumed]
12-18 14:30:27.211  3342  3342 I wm_on_resume_called: [0,16014311,com.miui.home.launcher.Launcher,RESUME_ACTIVITY,17]
12-18 14:30:27.219  3342  3342 I com.miui.home: CheckGCForNative adj_start_bytes: 42804412 NativeAllocationGcWatermark: 11583615 java_gc_start_bytes: 25428990 kNewNativeDiscountFactor: 2 kOldNativeDiscountFactor: 65536 old_native_bytes: 131674927 new_native_bytes: 13130456 add_bytes_allowed: 34750845 is_gc_concurrent: 1 target_footprint_: 25560062 GetBytesAllocated: 18662493 HeapGrowthMultiplier: 3
12-18 14:30:27.219  3342  3342 I com.miui.home: CheckGCForNative gc_urgency 0.589419 current_native_bytes is 144805383
12-18 14:30:27.222  3342  3342 I wm_on_top_resumed_gained_called: [16014311,com.miui.home.launcher.Launcher,topStateChangedWhenResumed]
12-18 14:30:27.235  3342  3342 I wm_on_idle_called: com.miui.home.launcher.Launcher
12-18 14:30:27.398  3342  3414 I com.miui.home: CheckGCForNative adj_start_bytes: 42804412 NativeAllocationGcWatermark: 11583615 java_gc_start_bytes: 25428990 kNewNativeDiscountFactor: 2 kOldNativeDiscountFactor: 65536 old_native_bytes: 131674927 new_native_bytes: 23952804 add_bytes_allowed: 34750845 is_gc_concurrent: 1 target_footprint_: 25560062 GetBytesAllocated: 19548104 HeapGrowthMultiplier: 3
12-18 14:30:27.398  3342  3414 I com.miui.home: CheckGCForNative gc_urgency 0.736525 current_native_bytes is 155627731
12-18 14:30:27.399  3342  3342 I com.miui.home: CheckGCForNative adj_start_bytes: 42804412 NativeAllocationGcWatermark: 11583615 java_gc_start_bytes: 25428990 kNewNativeDiscountFactor: 2 kOldNativeDiscountFactor: 65536 old_native_bytes: 131674927 new_native_bytes: 45366116 add_bytes_allowed: 34750845 is_gc_concurrent: 1 target_footprint_: 25560062 GetBytesAllocated: 19555457 HeapGrowthMultiplier: 3
12-18 14:30:27.400  3342  3342 I com.miui.home: CheckGCForNative gc_urgency 0.986826 current_native_bytes is 177041043
12-18 14:30:27.401  3342  3393 I com.miui.home: CheckGCForNative adj_start_bytes: 42804412 NativeAllocationGcWatermark: 11583615 java_gc_start_bytes: 25428990 kNewNativeDiscountFactor: 2 kOldNativeDiscountFactor: 65536 old_native_bytes: 131674927 new_native_bytes: 45366116 add_bytes_allowed: 34750845 is_gc_concurrent: 1 target_footprint_: 25560062 GetBytesAllocated: 19555457 HeapGrowthMultiplier: 3
12-18 14:30:27.401  3342  3393 I com.miui.home: CheckGCForNative gc_urgency 0.987136 current_native_bytes is 177041043
12-18 14:30:27.405  3342  3657 I com.miui.home: CheckGCForNative adj_start_bytes: 42804412 NativeAllocationGcWatermark: 11583615 java_gc_start_bytes: 25428990 kNewNativeDiscountFactor: 2 kOldNativeDiscountFactor: 65536 old_native_bytes: 131674927 new_native_bytes: 23955812 add_bytes_allowed: 34750845 is_gc_concurrent: 1 target_footprint_: 25560062 GetBytesAllocated: 19581951 HeapGrowthMultiplier: 3
12-18 14:30:27.405  3342  3657 I com.miui.home: CheckGCForNative gc_urgency 0.737351 current_native_bytes is 155630739
12-18 14:30:27.720  3342  3800 I com.miui.home: CheckGCForNative adj_start_bytes: 42804412 NativeAllocationGcWatermark: 11583615 java_gc_start_bytes: 25428990 kNewNativeDiscountFactor: 2 kOldNativeDiscountFactor: 65536 old_native_bytes: 131674927 new_native_bytes: 24052324 add_bytes_allowed: 34750845 is_gc_concurrent: 1 target_footprint_: 25560062 GetBytesAllocated: 19733800 HeapGrowthMultiplier: 3
12-18 14:30:27.720  3342  3800 I com.miui.home: CheckGCForNative gc_urgency 0.742026 current_native_bytes is 155727251
12-18 14:30:27.901  3342  3799 I com.miui.home: CheckGCForNative adj_start_bytes: 42804412 NativeAllocationGcWatermark: 11583615 java_gc_start_bytes: 25428990 kNewNativeDiscountFactor: 2 kOldNativeDiscountFactor: 65536 old_native_bytes: 131674927 new_native_bytes: 34630204 add_bytes_allowed: 34750845 is_gc_concurrent: 1 target_footprint_: 25560062 GetBytesAllocated: 19801274 HeapGrowthMultiplier: 3
12-18 14:30:27.901  3342  3799 I com.miui.home: CheckGCForNative gc_urgency 0.867163 current_native_bytes is 166305131
12-18 14:30:27.902  3342  3393 I com.miui.home: CheckGCForNative adj_start_bytes: 42804412 NativeAllocationGcWatermark: 11583615 java_gc_start_bytes: 25428990 kNewNativeDiscountFactor: 2 kOldNativeDiscountFactor: 65536 old_native_bytes: 131674927 new_native_bytes: 45336124 add_bytes_allowed: 34750845 is_gc_concurrent: 1 target_footprint_: 25560062 GetBytesAllocated: 19801466 HeapGrowthMultiplier: 3
12-18 14:30:27.902  3342  3393 I com.miui.home: CheckGCForNative gc_urgency 0.992223 current_native_bytes is 177011051
12-18 14:30:27.905  3342  3342 I com.miui.home: CheckGCForNative adj_start_bytes: 42804412 NativeAllocationGcWatermark: 11583615 java_gc_start_bytes: 25428990 kNewNativeDiscountFactor: 2 kOldNativeDiscountFactor: 65536 old_native_bytes: 131674927 new_native_bytes: 56043484 add_bytes_allowed: 34750845 is_gc_concurrent: 1 target_footprint_: 25560062 GetBytesAllocated: 19815976 HeapGrowthMultiplier: 3
12-18 14:30:27.905  3342  3342 I com.miui.home: CheckGCForNative gc_urgency 1.11764 current_native_bytes is 187718411
12-18 14:30:27.905  3342  3342 I com.miui.home: CheckGCForNative requested 1
12-18 14:30:28.045  3342 13615 I com.miui.home: CheckGCForNative gc_urgency 0 current_native_bytes is 133896739
12-18 14:30:28.284  3342 13615 I com.miui.home: CheckGCForNative gc_urgency 0 current_native_bytes is 131559171
12-18 14:30:28.305  3342  3342 I wm_on_top_resumed_lost_called: [16014311,com.miui.home.launcher.Launcher,topStateChangedWhenResumed]
12-18 14:30:28.441  3342  3342 I wm_on_paused_called: [0,16014311,com.miui.home.launcher.Launcher,performPause,3]
12-18 14:30:28.797  3342  3800 I com.miui.home: CheckGCForNative adj_start_bytes: 42654938 NativeAllocationGcWatermark: 11567881 java_gc_start_bytes: 25303117 kNewNativeDiscountFactor: 2 kOldNativeDiscountFactor: 65536 old_native_bytes: 131559171 new_native_bytes: 1029828 add_bytes_allowed: 34703643 is_gc_concurrent: 1 target_footprint_: 25434189 GetBytesAllocated: 14322559 HeapGrowthMultiplier: 3
12-18 14:30:28.797  3342  3800 I com.miui.home: CheckGCForNative gc_urgency 0.347896 current_native_bytes is 132588999
12-18 14:30:28.801  3342  4008 I com.miui.home: CheckGCForNative adj_start_bytes: 42654938 NativeAllocationGcWatermark: 11567881 java_gc_start_bytes: 25303117 kNewNativeDiscountFactor: 2 kOldNativeDiscountFactor: 65536 old_native_bytes: 131559171 new_native_bytes: 11726356 add_bytes_allowed: 34703643 is_gc_concurrent: 1 target_footprint_: 25434189 GetBytesAllocated: 14325901 HeapGrowthMultiplier: 3
12-18 14:30:28.801  3342  4008 I com.miui.home: CheckGCForNative gc_urgency 0.473359 current_native_bytes is 143285527
12-18 14:30:28.831  3342  3800 I com.miui.home: CheckGCForNative adj_start_bytes: 42654938 NativeAllocationGcWatermark: 11567881 java_gc_start_bytes: 25303117 kNewNativeDiscountFactor: 2 kOldNativeDiscountFactor: 65536 old_native_bytes: 131559171 new_native_bytes: 947380 add_bytes_allowed: 34703643 is_gc_concurrent: 1 target_footprint_: 25434189 GetBytesAllocated: 14375371 HeapGrowthMultiplier: 3
12-18 14:30:28.831  3342  3800 I com.miui.home: CheckGCForNative gc_urgency 0.348168 current_native_bytes is 132506551
12-18 14:30:29.075  3342  3800 I com.miui.home: CheckGCForNative adj_start_bytes: 42654938 NativeAllocationGcWatermark: 11567881 java_gc_start_bytes: 25303117 kNewNativeDiscountFactor: 2 kOldNativeDiscountFactor: 65536 old_native_bytes: 131559171 new_native_bytes: 1291336 add_bytes_allowed: 34703643 is_gc_concurrent: 1 target_footprint_: 25434189 GetBytesAllocated: 14967596 HeapGrowthMultiplier: 3
12-18 14:30:29.075  3342  3800 I com.miui.home: CheckGCForNative gc_urgency 0.366084 current_native_bytes is 132850507
12-18 14:30:29.402 13651 13651 I wm_on_create_called: [0,34952851,com.tencent.mtt.SplashActivity,performCreate,72]
12-18 14:30:29.538 13651 13651 I wm_on_create_called: [0,123073707,com.tencent.mtt.MainActivity,performCreate,107]
12-18 14:30:29.994 13814 13814 I wm_on_create_called: [0,86896751,com.tencent.mtt.BlockActivity,performCreate,125]
12-18 14:30:30.001 13814 13814 I wm_on_start_called: [0,86896751,com.tencent.mtt.BlockActivity,handleStartActivity,6]
12-18 14:30:30.013 13814 13814 I wm_on_resume_called: [0,86896751,com.tencent.mtt.BlockActivity,RESUME_ACTIVITY,11]
12-18 14:30:30.044 13814 13814 I wm_on_top_resumed_gained_called: [86896751,com.tencent.mtt.BlockActivity,topStateChangedWhenResumed]
12-18 14:30:30.188 13814 13814 I wm_on_idle_called: com.tencent.mtt.BlockActivity
12-18 14:30:30.222 13651 13651 I wm_on_destroy_called: [0,34952851,com.tencent.mtt.SplashActivity,performDestroy,2]
12-18 14:30:30.225 13651 13651 I wm_on_destroy_called: [0,123073707,com.tencent.mtt.MainActivity,performDestroy,2]
12-18 14:30:30.240  3342  3342 I wm_on_stop_called: [0,16014311,com.miui.home.launcher.Launcher,STOP_ACTIVITY_ITEM,19]
12-18 14:30:30.269 13814 13814 I wm_on_top_resumed_lost_called: [86896751,com.tencent.mtt.BlockActivity,topStateChangedWhenResumed]
12-18 14:30:30.280  3342  3342 I wm_on_restart_called: [0,16014311,com.miui.home.launcher.Launcher,,0]
12-18 14:30:30.282  3342  3342 I wm_on_start_called: [0,16014311,com.miui.home.launcher.Launcher,handleStartActivity,2]
12-18 14:30:30.300  3342  3342 I wm_on_resume_called: [0,16014311,com.miui.home.launcher.Launcher,RESUME_ACTIVITY,16]
12-18 14:30:30.385  3342  3342 I com.miui.home: CheckGCForNative gc_urgency 0.422304 current_native_bytes is 133092879
12-18 14:30:30.441  3342  3342 I wm_on_top_resumed_gained_called: [16014311,com.miui.home.launcher.Launcher,topStateChangedWhenResumed]
12-18 14:30:30.441  3342  3342 I wm_on_idle_called: com.miui.home.launcher.Launcher
12-18 14:30:30.641  3342  3414 I com.miui.home: CheckGCForNative adj_start_bytes: 42654938 NativeAllocationGcWatermark: 11567881 java_gc_start_bytes: 25303117 kNewNativeDiscountFactor: 2 kOldNativeDiscountFactor: 65536 old_native_bytes: 131559171 new_native_bytes: 12686324 add_bytes_allowed: 34703643 is_gc_concurrent: 1 target_footprint_: 25434189 GetBytesAllocated: 18083220 HeapGrowthMultiplier: 3
12-18 14:30:30.641  3342  3414 I com.miui.home: CheckGCForNative gc_urgency 0.572698 current_native_bytes is 144245495
12-18 14:30:30.642  3342  3414 I com.miui.home: CheckGCForNative adj_start_bytes: 42654938 NativeAllocationGcWatermark: 11567881 java_gc_start_bytes: 25303117 kNewNativeDiscountFactor: 2 kOldNativeDiscountFactor: 65536 old_native_bytes: 131559171 new_native_bytes: 23393268 add_bytes_allowed: 34703643 is_gc_concurrent: 1 target_footprint_: 25434189 GetBytesAllocated: 18105935 HeapGrowthMultiplier: 3
12-18 14:30:30.642  3342  3414 I com.miui.home: CheckGCForNative gc_urgency 0.698737 current_native_bytes is 154952439
12-18 14:30:30.646  3342  4008 I com.miui.home: CheckGCForNative adj_start_bytes: 42654938 NativeAllocationGcWatermark: 11567881 java_gc_start_bytes: 25303117 kNewNativeDiscountFactor: 2 kOldNativeDiscountFactor: 65536 old_native_bytes: 131559171 new_native_bytes: 23393268 add_bytes_allowed: 34703643 is_gc_concurrent: 1 target_footprint_: 25434189 GetBytesAllocated: 18131202 HeapGrowthMultiplier: 3
12-18 14:30:30.646  3342  4008 I com.miui.home: CheckGCForNative gc_urgency 0.699329 current_native_bytes is 154952439
12-18 14:30:30.648  3342  3800 I com.miui.home: CheckGCForNative adj_start_bytes: 42654938 NativeAllocationGcWatermark: 11567881 java_gc_start_bytes: 25303117 kNewNativeDiscountFactor: 2 kOldNativeDiscountFactor: 65536 old_native_bytes: 131559171 new_native_bytes: 12689620 add_bytes_allowed: 34703643 is_gc_concurrent: 1 target_footprint_: 25434189 GetBytesAllocated: 18154510 HeapGrowthMultiplier: 3
12-18 14:30:30.648  3342  3800 I com.miui.home: CheckGCForNative gc_urgency 0.574408 current_native_bytes is 144248791
12-18 14:30:30.768  3342 10122 I com.miui.home: CheckGCForNative adj_start_bytes: 42654938 NativeAllocationGcWatermark: 11567881 java_gc_start_bytes: 25303117 kNewNativeDiscountFactor: 2 kOldNativeDiscountFactor: 65536 old_native_bytes: 131559171 new_native_bytes: 23508788 add_bytes_allowed: 34703643 is_gc_concurrent: 1 target_footprint_: 25434189 GetBytesAllocated: 18263070 HeapGrowthMultiplier: 3
12-18 14:30:30.768  3342 10122 I com.miui.home: CheckGCForNative gc_urgency 0.703775 current_native_bytes is 155067959
12-18 14:30:30.785 13186 13186 I wm_on_paused_called: [0,165647155,com.uc.browser.InnerUCMobile,performPause,1290]
12-18 14:30:30.875  3342  3800 I com.miui.home: CheckGCForNative adj_start_bytes: 42654938 NativeAllocationGcWatermark: 11567881 java_gc_start_bytes: 25303117 kNewNativeDiscountFactor: 2 kOldNativeDiscountFactor: 65536 old_native_bytes: 131559171 new_native_bytes: 12811892 add_bytes_allowed: 34703643 is_gc_concurrent: 1 target_footprint_: 25434189 GetBytesAllocated: 18303203 HeapGrowthMultiplier: 3
12-18 14:30:30.875  3342  3800 I com.miui.home: CheckGCForNative gc_urgency 0.579327 current_native_bytes is 144371063
12-18 14:30:31.177 13814 13814 I wm_on_paused_called: [0,86896751,com.tencent.mtt.BlockActivity,performPause,0]
12-18 14:30:31.404 13814 13814 I wm_on_stop_called: [0,86896751,com.tencent.mtt.BlockActivity,STOP_ACTIVITY_ITEM,68]
12-18 14:30:31.451 13186 13186 I wm_on_destroy_called: [0,142928771,com.UCMobile.main.UCMobile,performDestroy,407]
12-18 14:30:31.576  3342  3342 I wm_on_top_resumed_lost_called: [16014311,com.miui.home.launcher.Launcher,topStateChangedWhenResumed]
12-18 14:30:31.581  3342  3342 I wm_on_paused_called: [0,16014311,com.miui.home.launcher.Launcher,performPause,3]
12-18 14:30:31.645  3342  3778 I com.miui.home: CheckGCForNative adj_start_bytes: 42654938 NativeAllocationGcWatermark: 11567881 java_gc_start_bytes: 25303117 kNewNativeDiscountFactor: 2 kOldNativeDiscountFactor: 65536 old_native_bytes: 131559171 new_native_bytes: 13212700 add_bytes_allowed: 34703643 is_gc_concurrent: 1 target_footprint_: 25434189 GetBytesAllocated: 19069987 HeapGrowthMultiplier: 3
12-18 14:30:31.645  3342  3778 I com.miui.home: CheckGCForNative gc_urgency 0.602002 current_native_bytes is 144771871
12-18 14:30:31.827  3342  4008 I com.miui.home: CheckGCForNative adj_start_bytes: 42654938 NativeAllocationGcWatermark: 11567881 java_gc_start_bytes: 25303117 kNewNativeDiscountFactor: 2 kOldNativeDiscountFactor: 65536 old_native_bytes: 131559171 new_native_bytes: 24095112 add_bytes_allowed: 34703643 is_gc_concurrent: 1 target_footprint_: 25434189 GetBytesAllocated: 19598022 HeapGrowthMultiplier: 3
12-18 14:30:31.827  3342  4008 I com.miui.home: CheckGCForNative gc_urgency 0.741944 current_native_bytes is 155654283
12-18 14:30:31.908  3342  3800 I com.miui.home: CheckGCForNative adj_start_bytes: 42654938 NativeAllocationGcWatermark: 11567881 java_gc_start_bytes: 25303117 kNewNativeDiscountFactor: 2 kOldNativeDiscountFactor: 65536 old_native_bytes: 131559171 new_native_bytes: 13487496 add_bytes_allowed: 34703643 is_gc_concurrent: 1 target_footprint_: 25434189 GetBytesAllocated: 19729969 HeapGrowthMultiplier: 3
12-18 14:30:31.909  3342  3800 I com.miui.home: CheckGCForNative gc_urgency 0.620695 current_native_bytes is 145046667
12-18 14:30:32.064  3342  3800 I com.miui.home: CheckGCForNative adj_start_bytes: 42654938 NativeAllocationGcWatermark: 11567881 java_gc_start_bytes: 25303117 kNewNativeDiscountFactor: 2 kOldNativeDiscountFactor: 65536 old_native_bytes: 131559171 new_native_bytes: 13591528 add_bytes_allowed: 34703643 is_gc_concurrent: 1 target_footprint_: 25434189 GetBytesAllocated: 20066156 HeapGrowthMultiplier: 3
12-18 14:30:32.064  3342  3800 I com.miui.home: CheckGCForNative gc_urgency 0.629796 current_native_bytes is 145150699
12-18 14:30:32.342  3342  3800 I com.miui.home: CheckGCForNative adj_start_bytes: 42654938 NativeAllocationGcWatermark: 11567881 java_gc_start_bytes: 25303117 kNewNativeDiscountFactor: 2 kOldNativeDiscountFactor: 65536 old_native_bytes: 131559171 new_native_bytes: 13692860 add_bytes_allowed: 34703643 is_gc_concurrent: 1 target_footprint_: 25434189 GetBytesAllocated: 20469094 HeapGrowthMultiplier: 3
12-18 14:30:32.342  3342  3800 I com.miui.home: CheckGCForNative gc_urgency 0.640431 current_native_bytes is 145252031
12-18 14:30:32.797 13186 13186 I wm_on_stop_called: [0,165647155,com.uc.browser.InnerUCMobile,STOP_ACTIVITY_ITEM,1296]
12-18 14:30:32.836 14058 14058 I wm_on_application_create_called: [0,com.UCMobile,380]
12-18 14:30:33.057 14013 14013 I wm_on_application_create_called: [0,com.youku.phone,831]
12-18 14:30:33.186 14013 14013 I wm_on_create_called: [0,216644093,com.youku.phone.ActivityWelcome,performCreate,97]
12-18 14:30:33.477  3342  3342 I wm_on_resume_called: [0,16014311,com.miui.home.launcher.Launcher,RESUME_ACTIVITY,17]
12-18 14:30:33.498  3342  3342 I com.miui.home: CheckGCForNative adj_start_bytes: 42654938 NativeAllocationGcWatermark: 11567881 java_gc_start_bytes: 25303117 kNewNativeDiscountFactor: 2 kOldNativeDiscountFactor: 65536 old_native_bytes: 131559171 new_native_bytes: 13351912 add_bytes_allowed: 34703643 is_gc_concurrent: 1 target_footprint_: 25434189 GetBytesAllocated: 21315485 HeapGrowthMultiplier: 3
12-18 14:30:33.498  3342  3342 I com.miui.home: CheckGCForNative gc_urgency 0.656277 current_native_bytes is 144911083
12-18 14:30:33.502  3342  3342 I wm_on_idle_called: com.miui.home.launcher.Launcher
12-18 14:30:33.698  3342  3889 I com.miui.home: CheckGCForNative adj_start_bytes: 42654938 NativeAllocationGcWatermark: 11567881 java_gc_start_bytes: 25303117 kNewNativeDiscountFactor: 2 kOldNativeDiscountFactor: 65536 old_native_bytes: 131559171 new_native_bytes: 24174840 add_bytes_allowed: 34703643 is_gc_concurrent: 1 target_footprint_: 25434189 GetBytesAllocated: 22222093 HeapGrowthMultiplier: 3
12-18 14:30:33.698  3342  3889 I com.miui.home: CheckGCForNative gc_urgency 0.804397 current_native_bytes is 155734011
12-18 14:30:33.699  3342  3392 I com.miui.home: CheckGCForNative adj_start_bytes: 42654938 NativeAllocationGcWatermark: 11567881 java_gc_start_bytes: 25303117 kNewNativeDiscountFactor: 2 kOldNativeDiscountFactor: 65536 old_native_bytes: 131559171 new_native_bytes: 34881208 add_bytes_allowed: 34703643 is_gc_concurrent: 1 target_footprint_: 25434189 GetBytesAllocated: 22224648 HeapGrowthMultiplier: 3
12-18 14:30:33.699  3342  3392 I com.miui.home: CheckGCForNative gc_urgency 0.929957 current_native_bytes is 166440379
12-18 14:30:33.700  3342  3342 I com.miui.home: CheckGCForNative adj_start_bytes: 42654938 NativeAllocationGcWatermark: 11567881 java_gc_start_bytes: 25303117 kNewNativeDiscountFactor: 2 kOldNativeDiscountFactor: 65536 old_native_bytes: 131559171 new_native_bytes: 45588472 add_bytes_allowed: 34703643 is_gc_concurrent: 1 target_footprint_: 25434189 GetBytesAllocated: 22229483 HeapGrowthMultiplier: 3
12-18 14:30:33.700  3342  3342 I com.miui.home: CheckGCForNative gc_urgency 1.05558 current_native_bytes is 177147643
12-18 14:30:33.700  3342  3342 I com.miui.home: CheckGCForNative requested 1
12-18 14:30:33.878  3342  3342 I wm_on_top_resumed_gained_called: [16014311,com.miui.home.launcher.Launcher,topStateChangedWhenResumed]
12-18 14:30:33.881  3342  4008 I com.miui.home: CheckGCForNative adj_start_bytes: 42654938 NativeAllocationGcWatermark: 11567881 java_gc_start_bytes: 25303117 kNewNativeDiscountFactor: 2 kOldNativeDiscountFactor: 65536 old_native_bytes: 131559171 new_native_bytes: 24271912 add_bytes_allowed: 34703643 is_gc_concurrent: 1 target_footprint_: 25434189 GetBytesAllocated: 22551810 HeapGrowthMultiplier: 3
12-18 14:30:33.881  3342  4008 I com.miui.home: CheckGCForNative gc_urgency 0.813265 current_native_bytes is 155831083
12-18 14:30:33.954  3342  3382 I com.miui.home: NativeAlloc concurrent copying GC freed 202010(8616KB) AllocSpace objects, 28(784KB) LOS objects, 50% free, 12MB/24MB, paused 2.460ms,405us total 253.488ms
12-18 14:30:34.164  3342  3800 I com.miui.home: CheckGCForNative gc_urgency 0 current_native_bytes is 132314411
12-18 14:30:34.165 14013 14013 I wm_on_create_called: [0,191956705,com.youku.v2.HomePageEntry,performCreate,559]
12-18 14:30:34.202  3342  3392 I com.miui.home: CheckGCForNative adj_start_bytes: 43147547 NativeAllocationGcWatermark: 11654379 java_gc_start_bytes: 25665979 kNewNativeDiscountFactor: 2 kOldNativeDiscountFactor: 65536 old_native_bytes: 132314411 new_native_bytes: 10729960 add_bytes_allowed: 34963137 is_gc_concurrent: 1 target_footprint_: 26126169 GetBytesAllocated: 13531651 HeapGrowthMultiplier: 3
12-18 14:30:34.202  3342  3392 I com.miui.home: CheckGCForNative gc_urgency 0.438001 current_native_bytes is 143044371
12-18 14:30:34.202  3342  3799 I com.miui.home: CheckGCForNative adj_start_bytes: 43147547 NativeAllocationGcWatermark: 11654379 java_gc_start_bytes: 25665979 kNewNativeDiscountFactor: 2 kOldNativeDiscountFactor: 65536 old_native_bytes: 132314411 new_native_bytes: 21436264 add_bytes_allowed: 34963137 is_gc_concurrent: 1 target_footprint_: 26126169 GetBytesAllocated: 13538601 HeapGrowthMultiplier: 3
12-18 14:30:34.202  3342  3799 I com.miui.home: CheckGCForNative gc_urgency 0.562228 current_native_bytes is 153750675
12-18 14:30:34.203  3342  3342 I com.miui.home: CheckGCForNative adj_start_bytes: 43147547 NativeAllocationGcWatermark: 11654379 java_gc_start_bytes: 25665979 kNewNativeDiscountFactor: 2 kOldNativeDiscountFactor: 65536 old_native_bytes: 132314411 new_native_bytes: 32143464 add_bytes_allowed: 34963137 is_gc_concurrent: 1 target_footprint_: 26126169 GetBytesAllocated: 13538793 HeapGrowthMultiplier: 3
12-18 14:30:34.203  3342  3342 I com.miui.home: CheckGCForNative gc_urgency 0.686309 current_native_bytes is 164457875
12-18 14:30:34.308  3342  3342 I com.miui.home: CheckGCForNative adj_start_bytes: 43147547 NativeAllocationGcWatermark: 11654379 java_gc_start_bytes: 25665979 kNewNativeDiscountFactor: 2 kOldNativeDiscountFactor: 65536 old_native_bytes: 132314411 new_native_bytes: 10734224 add_bytes_allowed: 34963137 is_gc_concurrent: 1 target_footprint_: 26126169 GetBytesAllocated: 13621793 HeapGrowthMultiplier: 3
12-18 14:30:34.308  3342  3342 I com.miui.home: CheckGCForNative gc_urgency 0.440139 current_native_bytes is 143048635
12-18 14:30:34.457  3342  3342 I wm_on_top_resumed_lost_called: [16014311,com.miui.home.launcher.Launcher,topStateChangedWhenResumed]
12-18 14:30:34.461  3342  4008 I com.miui.home: CheckGCForNative adj_start_bytes: 43147547 NativeAllocationGcWatermark: 11654379 java_gc_start_bytes: 25665979 kNewNativeDiscountFactor: 2 kOldNativeDiscountFactor: 65536 old_native_bytes: 132314411 new_native_bytes: 21331104 add_bytes_allowed: 34963137 is_gc_concurrent: 1 target_footprint_: 26126169 GetBytesAllocated: 13914939 HeapGrowthMultiplier: 3
12-18 14:30:34.461  3342  4008 I com.miui.home: CheckGCForNative gc_urgency 0.569731 current_native_bytes is 153645515
12-18 14:30:34.741  3342  3342 I wm_on_paused_called: [0,16014311,com.miui.home.launcher.Launcher,performPause,3]
12-18 14:30:35.065  3342  3800 I com.miui.home: CheckGCForNative adj_start_bytes: 43147547 NativeAllocationGcWatermark: 11654379 java_gc_start_bytes: 25665979 kNewNativeDiscountFactor: 2 kOldNativeDiscountFactor: 65536 old_native_bytes: 132314411 new_native_bytes: 10903312 add_bytes_allowed: 34963137 is_gc_concurrent: 1 target_footprint_: 26126169 GetBytesAllocated: 14944341 HeapGrowthMultiplier: 3
12-18 14:30:35.065  3342  3800 I com.miui.home: CheckGCForNative gc_urgency 0.47275 current_native_bytes is 143217723
12-18 14:30:35.364  3342  3800 I com.miui.home: CheckGCForNative adj_start_bytes: 43147547 NativeAllocationGcWatermark: 11654379 java_gc_start_bytes: 25665979 kNewNativeDiscountFactor: 2 kOldNativeDiscountFactor: 65536 old_native_bytes: 132314411 new_native_bytes: 10968484 add_bytes_allowed: 34963137 is_gc_concurrent: 1 target_footprint_: 26126169 GetBytesAllocated: 15167186 HeapGrowthMultiplier: 3
12-18 14:30:35.364  3342  3800 I com.miui.home: CheckGCForNative gc_urgency 0.47867 current_native_bytes is 143282895
12-18 14:30:35.384  3342  4008 I com.miui.home: CheckGCForNative adj_start_bytes: 43147547 NativeAllocationGcWatermark: 11654379 java_gc_start_bytes: 25665979 kNewNativeDiscountFactor: 2 kOldNativeDiscountFactor: 65536 old_native_bytes: 132314411 new_native_bytes: 21676132 add_bytes_allowed: 34963137 is_gc_concurrent: 1 target_footprint_: 26126169 GetBytesAllocated: 15174921 HeapGrowthMultiplier: 3
12-18 14:30:35.384  3342  4008 I com.miui.home: CheckGCForNative gc_urgency 0.602931 current_native_bytes is 153990543
12-18 14:30:35.478 14449 14449 I wm_on_application_create_called: [0,com.UCMobile,1095]
12-18 14:30:35.857 14013 14013 I wm_on_start_called: [0,191956705,com.youku.v2.HomePageEntry,handleStartActivity,1685]
12-18 14:30:36.108  3342  4008 I com.miui.home: CheckGCForNative adj_start_bytes: 43147547 NativeAllocationGcWatermark: 11654379 java_gc_start_bytes: 25665979 kNewNativeDiscountFactor: 2 kOldNativeDiscountFactor: 65536 old_native_bytes: 132314411 new_native_bytes: 10801944 add_bytes_allowed: 34963137 is_gc_concurrent: 1 target_footprint_: 26126169 GetBytesAllocated: 15766980 HeapGrowthMultiplier: 3
12-18 14:30:36.108  3342  4008 I com.miui.home: CheckGCForNative gc_urgency 0.490641 current_native_bytes is 143116355
12-18 14:30:36.328 14013 14013 I wm_on_resume_called: [0,191956705,com.youku.v2.HomePageEntry,RESUME_ACTIVITY,466]
12-18 14:30:36.495 14584 14584 I wm_on_application_create_called: [0,com.quark.browser,267]
12-18 14:30:36.584 14584 14584 I wm_on_create_called: [0,189547643,com.ucpro.MainActivity,performCreate,53]
12-18 14:30:37.255  3342  3342 I wm_on_resume_called: [0,16014311,com.miui.home.launcher.Launcher,RESUME_ACTIVITY,30]
12-18 14:30:37.272  3342  3342 I wm_on_idle_called: com.miui.home.launcher.Launcher
12-18 14:30:37.380  3342  3392 I com.miui.home: CheckGCForNative adj_start_bytes: 43147547 NativeAllocationGcWatermark: 11654379 java_gc_start_bytes: 25665979 kNewNativeDiscountFactor: 2 kOldNativeDiscountFactor: 65536 old_native_bytes: 132314411 new_native_bytes: 21824000 add_bytes_allowed: 34963137 is_gc_concurrent: 1 target_footprint_: 26126169 GetBytesAllocated: 16731490 HeapGrowthMultiplier: 3
12-18 14:30:37.380  3342  3392 I com.miui.home: CheckGCForNative gc_urgency 0.64072 current_native_bytes is 154138411
12-18 14:30:37.384  3342  3392 I com.miui.home: CheckGCForNative adj_start_bytes: 43147547 NativeAllocationGcWatermark: 11654379 java_gc_start_bytes: 25665979 kNewNativeDiscountFactor: 2 kOldNativeDiscountFactor: 65536 old_native_bytes: 132314411 new_native_bytes: 32530944 add_bytes_allowed: 34963137 is_gc_concurrent: 1 target_footprint_: 26126169 GetBytesAllocated: 16738133 HeapGrowthMultiplier: 3
12-18 14:30:37.384  3342  3392 I com.miui.home: CheckGCForNative gc_urgency 0.764948 current_native_bytes is 164845355
12-18 14:30:37.431  3342  3800 I com.miui.home: CheckGCForNative adj_start_bytes: 43147547 NativeAllocationGcWatermark: 11654379 java_gc_start_bytes: 25665979 kNewNativeDiscountFactor: 2 kOldNativeDiscountFactor: 65536 old_native_bytes: 132314411 new_native_bytes: 21986272 add_bytes_allowed: 34963137 is_gc_concurrent: 1 target_footprint_: 26126169 GetBytesAllocated: 16877429 HeapGrowthMultiplier: 3
12-18 14:30:37.431  3342  3800 I com.miui.home: CheckGCForNative gc_urgency 0.645983 current_native_bytes is 154300683
12-18 14:30:37.687  3342  3800 I com.miui.home: CheckGCForNative adj_start_bytes: 43147547 NativeAllocationGcWatermark: 11654379 java_gc_start_bytes: 25665979 kNewNativeDiscountFactor: 2 kOldNativeDiscountFactor: 65536 old_native_bytes: 132314411 new_native_bytes: 22022512 add_bytes_allowed: 34963137 is_gc_concurrent: 1 target_footprint_: 26126169 GetBytesAllocated: 16987104 HeapGrowthMultiplier: 3
12-18 14:30:37.687  3342  3800 I com.miui.home: CheckGCForNative gc_urgency 0.648945 current_native_bytes is 154336923
12-18 14:30:37.787  3342  3800 I com.miui.home: CheckGCForNative adj_start_bytes: 43147547 NativeAllocationGcWatermark: 11654379 java_gc_start_bytes: 25665979 kNewNativeDiscountFactor: 2 kOldNativeDiscountFactor: 65536 old_native_bytes: 132314411 new_native_bytes: 22098032 add_bytes_allowed: 34963137 is_gc_concurrent: 1 target_footprint_: 26126169 GetBytesAllocated: 17087492 HeapGrowthMultiplier: 3
12-18 14:30:37.787  3342  3800 I com.miui.home: CheckGCForNative gc_urgency 0.652147 current_native_bytes is 154412443
12-18 14:30:37.891  3342  3392 I com.miui.home: CheckGCForNative adj_start_bytes: 43147547 NativeAllocationGcWatermark: 11654379 java_gc_start_bytes: 25665979 kNewNativeDiscountFactor: 2 kOldNativeDiscountFactor: 65536 old_native_bytes: 132314411 new_native_bytes: 32650272 add_bytes_allowed: 34963137 is_gc_concurrent: 1 target_footprint_: 26126169 GetBytesAllocated: 17314535 HeapGrowthMultiplier: 3
12-18 14:30:37.894  3342  3342 I wm_on_top_resumed_gained_called: [16014311,com.miui.home.launcher.Launcher,topStateChangedWhenResumed]
12-18 14:30:37.901  3342  3392 I com.miui.home: CheckGCForNative gc_urgency 0.779689 current_native_bytes is 164964683
12-18 14:30:38.727  3342  4008 I com.miui.home: CheckGCForNative adj_start_bytes: 43147547 NativeAllocationGcWatermark: 11654379 java_gc_start_bytes: 25665979 kNewNativeDiscountFactor: 2 kOldNativeDiscountFactor: 65536 old_native_bytes: 132314411 new_native_bytes: 33046572 add_bytes_allowed: 34963137 is_gc_concurrent: 1 target_footprint_: 26126169 GetBytesAllocated: 18465868 HeapGrowthMultiplier: 3
12-18 14:30:38.727  3342  4008 I com.miui.home: CheckGCForNative gc_urgency 0.810965 current_native_bytes is 165360983
12-18 14:30:39.021 14787 14787 I wm_on_application_create_called: [0,com.UCMobile,1208]
12-18 14:30:39.112 15108 15108 I wm_on_application_create_called: [0,com.xiaomi.bluetooth,369]