12-18 15:25:53.228  3318  3996 I com.miui.home: CheckGCForNative adj_start_bytes: 42725229 NativeAllocationGcWatermark: 11616671 java_gc_start_bytes: 25300223 kNewNativeDiscountFactor: 2 kOldNativeDiscountFactor: 65536 old_native_bytes: 143562127 new_native_bytes: 840664 add_bytes_allowed: 34850013 is_gc_concurrent: 1 target_footprint_: 25824511 GetBytesAllocated: 15099590 HeapGrowthMultiplier: 3
12-18 15:25:53.228  3318  3996 I com.miui.home: CheckGCForNative gc_urgency 0.363301 current_native_bytes is 144402791
12-18 15:25:53.363  9763  9763 I wm_on_idle_called: com.xunmeng.pinduoduo.ui.activity.HomeActivity
12-18 15:25:53.377  3318  3318 I wm_on_stop_called: [0,173676112,com.miui.home.launcher.Launcher,STOP_ACTIVITY_ITEM,5]
12-18 15:25:53.908  3318  3318 I wm_on_restart_called: [0,173676112,com.miui.home.launcher.Launcher,,0]
12-18 15:25:53.910  3318  3318 I wm_on_start_called: [0,173676112,com.miui.home.launcher.Launcher,handleStartActivity,2]
12-18 15:25:53.937  3318  3318 I wm_on_resume_called: [0,173676112,com.miui.home.launcher.Launcher,RESUME_ACTIVITY,24]
12-18 15:25:53.984  3318  3318 I com.miui.home: CheckGCForNative adj_start_bytes: 42725229 NativeAllocationGcWatermark: 11616671 java_gc_start_bytes: 25300223 kNewNativeDiscountFactor: 2 kOldNativeDiscountFactor: 65536 old_native_bytes: 143562127 new_native_bytes: 912284 add_bytes_allowed: 34850013 is_gc_concurrent: 1 target_footprint_: 25824511 GetBytesAllocated: 16041563 HeapGrowthMultiplier: 3
12-18 15:25:53.984  3318  3318 I com.miui.home: CheckGCForNative gc_urgency 0.386186 current_native_bytes is 144474411
12-18 15:25:54.026 10213 10213 I wm_on_application_create_called: [0,com.xunmeng.pinduoduo,276]
12-18 15:25:54.032 10168 10168 I wm_on_application_create_called: [0,com.smile.gifmaker,665]
12-18 15:25:54.032  3318  3318 I wm_on_idle_called: com.miui.home.launcher.Launcher
12-18 15:25:54.229  3318  3388 I com.miui.home: CheckGCForNative adj_start_bytes: 42725229 NativeAllocationGcWatermark: 11616671 java_gc_start_bytes: 25300223 kNewNativeDiscountFactor: 2 kOldNativeDiscountFactor: 65536 old_native_bytes: 143562127 new_native_bytes: 11751660 add_bytes_allowed: 34850013 is_gc_concurrent: 1 target_footprint_: 25824511 GetBytesAllocated: 16105912 HeapGrowthMultiplier: 3
12-18 15:25:54.229  3318  3388 I com.miui.home: CheckGCForNative gc_urgency 0.514542 current_native_bytes is 155313787
12-18 15:25:54.230  3318  3318 I com.miui.home: CheckGCForNative adj_start_bytes: 42725229 NativeAllocationGcWatermark: 11616671 java_gc_start_bytes: 25300223 kNewNativeDiscountFactor: 2 kOldNativeDiscountFactor: 65536 old_native_bytes: 143562127 new_native_bytes: 22425836 add_bytes_allowed: 34850013 is_gc_concurrent: 1 target_footprint_: 25824511 GetBytesAllocated: 16114985 HeapGrowthMultiplier: 3
12-18 15:25:54.230  3318  3318 I com.miui.home: CheckGCForNative gc_urgency 0.639671 current_native_bytes is 165987963
12-18 15:25:54.233  3318  3373 I com.miui.home: CheckGCForNative adj_start_bytes: 42725229 NativeAllocationGcWatermark: 11616671 java_gc_start_bytes: 25300223 kNewNativeDiscountFactor: 2 kOldNativeDiscountFactor: 65536 old_native_bytes: 143562127 new_native_bytes: 22428268 add_bytes_allowed: 34850013 is_gc_concurrent: 1 target_footprint_: 25824511 GetBytesAllocated: 16114985 HeapGrowthMultiplier: 3
12-18 15:25:54.233  3318  3373 I com.miui.home: CheckGCForNative gc_urgency 0.6397 current_native_bytes is 165990395
12-18 15:25:54.401  3318  3318 I wm_on_top_resumed_gained_called: [173676112,com.miui.home.launcher.Launcher,topStateChangedWhenResumed]
12-18 15:25:54.433  3318  3768 I com.miui.home: CheckGCForNative adj_start_bytes: 42725229 NativeAllocationGcWatermark: 11616671 java_gc_start_bytes: 25300223 kNewNativeDiscountFactor: 2 kOldNativeDiscountFactor: 65536 old_native_bytes: 143562127 new_native_bytes: 11783148 add_bytes_allowed: 34850013 is_gc_concurrent: 1 target_footprint_: 25824511 GetBytesAllocated: 16232276 HeapGrowthMultiplier: 3
12-18 15:25:54.433  3318  3768 I com.miui.home: CheckGCForNative gc_urgency 0.517868 current_native_bytes is 155345275
12-18 15:25:54.613  9690  9690 I wm_on_application_create_called: [0,com.xiaomi.market,207]
12-18 15:25:54.655 10168 10168 I wm_on_create_called: [0,150518376,com.yxcorp.gifshow.HomeActivity,performCreate,569]
12-18 15:25:54.721  3318  3767 I com.miui.home: CheckGCForNative adj_start_bytes: 42725229 NativeAllocationGcWatermark: 11616671 java_gc_start_bytes: 25300223 kNewNativeDiscountFactor: 2 kOldNativeDiscountFactor: 65536 old_native_bytes: 143562127 new_native_bytes: 22506340 add_bytes_allowed: 34850013 is_gc_concurrent: 1 target_footprint_: 25824511 GetBytesAllocated: 16348505 HeapGrowthMultiplier: 3
12-18 15:25:54.721  3318  3767 I com.miui.home: CheckGCForNative gc_urgency 0.646079 current_native_bytes is 166068467
12-18 15:25:54.722  3318  3993 I com.miui.home: CheckGCForNative adj_start_bytes: 42725229 NativeAllocationGcWatermark: 11616671 java_gc_start_bytes: 25300223 kNewNativeDiscountFactor: 2 kOldNativeDiscountFactor: 65536 old_native_bytes: 143562127 new_native_bytes: 33211236 add_bytes_allowed: 34850013 is_gc_concurrent: 1 target_footprint_: 25824511 GetBytesAllocated: 16348697 HeapGrowthMultiplier: 3
12-18 15:25:54.722  3318  3993 I com.miui.home: CheckGCForNative gc_urgency 0.771359 current_native_bytes is 176773363
12-18 15:25:54.723  3318  3767 I com.miui.home: CheckGCForNative adj_start_bytes: 42725229 NativeAllocationGcWatermark: 11616671 java_gc_start_bytes: 25300223 kNewNativeDiscountFactor: 2 kOldNativeDiscountFactor: 65536 old_native_bytes: 143562127 new_native_bytes: 43918180 add_bytes_allowed: 34850013 is_gc_concurrent: 1 target_footprint_: 25824511 GetBytesAllocated: 16356636 HeapGrowthMultiplier: 3
12-18 15:25:54.723  3318  3767 I com.miui.home: CheckGCForNative gc_urgency 0.896845 current_native_bytes is 187480307
12-18 15:25:55.002  3318  3318 I wm_on_top_resumed_lost_called: [173676112,com.miui.home.launcher.Launcher,topStateChangedWhenResumed]
12-18 15:25:55.287  3318  3318 I wm_on_paused_called: [0,173676112,com.miui.home.launcher.Launcher,performPause,3]
12-18 15:25:55.406  3318  3763 I com.miui.home: CheckGCForNative adj_start_bytes: 42725229 NativeAllocationGcWatermark: 11616671 java_gc_start_bytes: 25300223 kNewNativeDiscountFactor: 2 kOldNativeDiscountFactor: 65536 old_native_bytes: 143562127 new_native_bytes: 22457740 add_bytes_allowed: 34850013 is_gc_concurrent: 1 target_footprint_: 25824511 GetBytesAllocated: 17040416 HeapGrowthMultiplier: 3
12-18 15:25:55.406  3318  3763 I com.miui.home: CheckGCForNative gc_urgency 0.661704 current_native_bytes is 166019867
12-18 15:25:55.450 10168 10168 I wm_on_start_called: [0,150518376,com.yxcorp.gifshow.HomeActivity,handleStartActivity,793]
12-18 15:25:55.461  3318  3994 I com.miui.home: CheckGCForNative adj_start_bytes: 42725229 NativeAllocationGcWatermark: 11616671 java_gc_start_bytes: 25300223 kNewNativeDiscountFactor: 2 kOldNativeDiscountFactor: 65536 old_native_bytes: 143562127 new_native_bytes: 22464796 add_bytes_allowed: 34850013 is_gc_concurrent: 1 target_footprint_: 25824511 GetBytesAllocated: 17080215 HeapGrowthMultiplier: 3
12-18 15:25:55.475  3318  3994 I com.miui.home: CheckGCForNative gc_urgency 0.663102 current_native_bytes is 166026923
12-18 15:25:55.820  3318  3996 I com.miui.home: CheckGCForNative adj_start_bytes: 42725229 NativeAllocationGcWatermark: 11616671 java_gc_start_bytes: 25300223 kNewNativeDiscountFactor: 2 kOldNativeDiscountFactor: 65536 old_native_bytes: 143562127 new_native_bytes: 22812536 add_bytes_allowed: 34850013 is_gc_concurrent: 1 target_footprint_: 25824511 GetBytesAllocated: 17442522 HeapGrowthMultiplier: 3
12-18 15:25:55.820  3318  3996 I com.miui.home: CheckGCForNative gc_urgency 0.675268 current_native_bytes is 166374663
12-18 15:25:55.930 10168 10168 I wm_on_resume_called: [0,150518376,com.yxcorp.gifshow.HomeActivity,RESUME_ACTIVITY,78]
12-18 15:25:55.979  3318  3996 I com.miui.home: CheckGCForNative adj_start_bytes: 42725229 NativeAllocationGcWatermark: 11616671 java_gc_start_bytes: 25300223 kNewNativeDiscountFactor: 2 kOldNativeDiscountFactor: 65536 old_native_bytes: 143562127 new_native_bytes: 33647224 add_bytes_allowed: 34850013 is_gc_concurrent: 1 target_footprint_: 25824511 GetBytesAllocated: 17703297 HeapGrowthMultiplier: 3
12-18 15:25:55.979  3318  3996 I com.miui.home: CheckGCForNative gc_urgency 0.808167 current_native_bytes is 177209351
12-18 15:25:56.072 10168 10168 I wm_on_top_resumed_gained_called: [150518376,com.yxcorp.gifshow.HomeActivity,topStateChangedWhenResumed]
12-18 15:25:56.141 10168 10168 I wm_on_top_resumed_lost_called: [150518376,com.yxcorp.gifshow.HomeActivity,topStateChangedWhenResumed]
12-18 15:25:56.160 10168 10168 I wm_on_paused_called: [0,150518376,com.yxcorp.gifshow.HomeActivity,performPause,10]
12-18 15:25:56.178  3318  3996 I com.miui.home: CheckGCForNative adj_start_bytes: 42725229 NativeAllocationGcWatermark: 11616671 java_gc_start_bytes: 25300223 kNewNativeDiscountFactor: 2 kOldNativeDiscountFactor: 65536 old_native_bytes: 143562127 new_native_bytes: 22566412 add_bytes_allowed: 34850013 is_gc_concurrent: 1 target_footprint_: 25824511 GetBytesAllocated: 18052883 HeapGrowthMultiplier: 3
12-18 15:25:56.178  3318  3996 I com.miui.home: CheckGCForNative gc_urgency 0.686673 current_native_bytes is 166128539
12-18 15:25:56.701  3318  3318 I com.miui.home: CheckGCForNative adj_start_bytes: 42725229 NativeAllocationGcWatermark: 11616671 java_gc_start_bytes: 25300223 kNewNativeDiscountFactor: 2 kOldNativeDiscountFactor: 65536 old_native_bytes: 143562127 new_native_bytes: 22838660 add_bytes_allowed: 34850013 is_gc_concurrent: 1 target_footprint_: 25824511 GetBytesAllocated: 18950601 HeapGrowthMultiplier: 3
12-18 15:25:56.701  3318  3318 I com.miui.home: CheckGCForNative gc_urgency 0.710871 current_native_bytes is 166400787
12-18 15:25:56.747  3318  3318 I wm_on_resume_called: [0,173676112,com.miui.home.launcher.Launcher,RESUME_ACTIVITY,19]
12-18 15:25:56.771  3318  3318 I wm_on_idle_called: com.miui.home.launcher.Launcher
12-18 15:25:56.907  3318  3372 I com.miui.home: CheckGCForNative adj_start_bytes: 42725229 NativeAllocationGcWatermark: 11616671 java_gc_start_bytes: 25300223 kNewNativeDiscountFactor: 2 kOldNativeDiscountFactor: 65536 old_native_bytes: 143562127 new_native_bytes: 33642416 add_bytes_allowed: 34850013 is_gc_concurrent: 1 target_footprint_: 25824511 GetBytesAllocated: 19382947 HeapGrowthMultiplier: 3
12-18 15:25:56.907  3318  3372 I com.miui.home: CheckGCForNative gc_urgency 0.847423 current_native_bytes is 177204543
12-18 15:25:56.908  3318  3372 I com.miui.home: CheckGCForNative adj_start_bytes: 42725229 NativeAllocationGcWatermark: 11616671 java_gc_start_bytes: 25300223 kNewNativeDiscountFactor: 2 kOldNativeDiscountFactor: 65536 old_native_bytes: 143562127 new_native_bytes: 44349360 add_bytes_allowed: 34850013 is_gc_concurrent: 1 target_footprint_: 25824511 GetBytesAllocated: 19383139 HeapGrowthMultiplier: 3
12-18 15:25:56.908  3318  3372 I com.miui.home: CheckGCForNative gc_urgency 0.972728 current_native_bytes is 187911487
12-18 15:25:56.916  3318  3992 I com.miui.home: CheckGCForNative adj_start_bytes: 42725229 NativeAllocationGcWatermark: 11616671 java_gc_start_bytes: 25300223 kNewNativeDiscountFactor: 2 kOldNativeDiscountFactor: 65536 old_native_bytes: 143562127 new_native_bytes: 44350832 add_bytes_allowed: 34850013 is_gc_concurrent: 1 target_footprint_: 25824511 GetBytesAllocated: 19383139 HeapGrowthMultiplier: 3
12-18 15:25:56.916  3318  3992 I com.miui.home: CheckGCForNative gc_urgency 0.972745 current_native_bytes is 187912959
12-18 15:25:57.100  3318  3768 I com.miui.home: CheckGCForNative adj_start_bytes: 42725229 NativeAllocationGcWatermark: 11616671 java_gc_start_bytes: 25300223 kNewNativeDiscountFactor: 2 kOldNativeDiscountFactor: 65536 old_native_bytes: 143562127 new_native_bytes: 33717232 add_bytes_allowed: 34850013 is_gc_concurrent: 1 target_footprint_: 25824511 GetBytesAllocated: 19487053 HeapGrowthMultiplier: 3
12-18 15:25:57.100  3318  3768 I com.miui.home: CheckGCForNative gc_urgency 0.850735 current_native_bytes is 177279359
12-18 15:25:57.155  3318  3318 I wm_on_top_resumed_gained_called: [173676112,com.miui.home.launcher.Launcher,topStateChangedWhenResumed]
12-18 15:25:57.594  3318  3318 I com.miui.home: CheckGCForNative adj_start_bytes: 42725229 NativeAllocationGcWatermark: 11616671 java_gc_start_bytes: 25300223 kNewNativeDiscountFactor: 2 kOldNativeDiscountFactor: 65536 old_native_bytes: 143562127 new_native_bytes: 33699212 add_bytes_allowed: 34850013 is_gc_concurrent: 1 target_footprint_: 25824511 GetBytesAllocated: 19734939 HeapGrowthMultiplier: 3
12-18 15:25:57.594  3318  3318 I com.miui.home: CheckGCForNative gc_urgency 0.856326 current_native_bytes is 177261339
12-18 15:25:57.647  3318  3318 I wm_on_top_resumed_lost_called: [173676112,com.miui.home.launcher.Launcher,topStateChangedWhenResumed]
12-18 15:25:57.681  3318  3758 I com.miui.home: CheckGCForNative adj_start_bytes: 42725229 NativeAllocationGcWatermark: 11616671 java_gc_start_bytes: 25300223 kNewNativeDiscountFactor: 2 kOldNativeDiscountFactor: 65536 old_native_bytes: 143562127 new_native_bytes: 33739992 add_bytes_allowed: 34850013 is_gc_concurrent: 1 target_footprint_: 25824511 GetBytesAllocated: 19854222 HeapGrowthMultiplier: 3
12-18 15:25:57.681  3318  3758 I com.miui.home: CheckGCForNative gc_urgency 0.859595 current_native_bytes is 177302119
12-18 15:25:58.073  3318  3318 I wm_on_paused_called: [0,173676112,com.miui.home.launcher.Launcher,performPause,4]
12-18 15:25:58.211  3318  3768 I com.miui.home: CheckGCForNative adj_start_bytes: 42725229 NativeAllocationGcWatermark: 11616671 java_gc_start_bytes: 25300223 kNewNativeDiscountFactor: 2 kOldNativeDiscountFactor: 65536 old_native_bytes: 143562127 new_native_bytes: 34746780 add_bytes_allowed: 34850013 is_gc_concurrent: 1 target_footprint_: 25824511 GetBytesAllocated: 20541689 HeapGrowthMultiplier: 3
12-18 15:25:58.211  3318  3768 I com.miui.home: CheckGCForNative gc_urgency 0.887468 current_native_bytes is 178308907
12-18 15:25:58.277  3318  3723 I com.miui.home: CheckGCForNative adj_start_bytes: 42725229 NativeAllocationGcWatermark: 11616671 java_gc_start_bytes: 25300223 kNewNativeDiscountFactor: 2 kOldNativeDiscountFactor: 65536 old_native_bytes: 143562127 new_native_bytes: 34923404 add_bytes_allowed: 34850013 is_gc_concurrent: 1 target_footprint_: 25824511 GetBytesAllocated: 20632229 HeapGrowthMultiplier: 3
12-18 15:25:58.277  3318  3723 I com.miui.home: CheckGCForNative gc_urgency 0.891654 current_native_bytes is 178485531
12-18 15:25:58.290  3318  3723 I com.miui.home: CheckGCForNative adj_start_bytes: 42725229 NativeAllocationGcWatermark: 11616671 java_gc_start_bytes: 25300223 kNewNativeDiscountFactor: 2 kOldNativeDiscountFactor: 65536 old_native_bytes: 143562127 new_native_bytes: 35342796 add_bytes_allowed: 34850013 is_gc_concurrent: 1 target_footprint_: 25824511 GetBytesAllocated: 20648818 HeapGrowthMultiplier: 3
12-18 15:25:58.290  3318  3723 I com.miui.home: CheckGCForNative gc_urgency 0.89695 current_native_bytes is 178904923
12-18 15:25:58.422  3318  3768 I com.miui.home: CheckGCForNative adj_start_bytes: 42725229 NativeAllocationGcWatermark: 11616671 java_gc_start_bytes: 25300223 kNewNativeDiscountFactor: 2 kOldNativeDiscountFactor: 65536 old_native_bytes: 143562127 new_native_bytes: 35813348 add_bytes_allowed: 34850013 is_gc_concurrent: 1 target_footprint_: 25824511 GetBytesAllocated: 20950762 HeapGrowthMultiplier: 3
12-18 15:25:58.422  3318  3768 I com.miui.home: CheckGCForNative gc_urgency 0.909524 current_native_bytes is 179375475
12-18 15:25:58.819  3318  3996 I com.miui.home: CheckGCForNative adj_start_bytes: 42725229 NativeAllocationGcWatermark: 11616671 java_gc_start_bytes: 25300223 kNewNativeDiscountFactor: 2 kOldNativeDiscountFactor: 65536 old_native_bytes: 143562127 new_native_bytes: 46256580 add_bytes_allowed: 34850013 is_gc_concurrent: 1 target_footprint_: 25824511 GetBytesAllocated: 21267189 HeapGrowthMultiplier: 3
12-18 15:25:58.819  3318  3996 I com.miui.home: CheckGCForNative gc_urgency 1.03914 current_native_bytes is 189818707
12-18 15:25:58.819  3318  3996 I com.miui.home: CheckGCForNative requested 1
12-18 15:25:58.979 10637 10637 I wm_on_application_create_called: [0,com.tencent.qqlive,1846]
12-18 15:25:58.990 11094 11094 I wm_on_create_called: [0,5974885,com.tencent.mobileqq.activity.SplashActivity,performCreate,190]
12-18 15:25:58.997  3318  3996 I com.miui.home: CheckGCForNative adj_start_bytes: 42725229 NativeAllocationGcWatermark: 11616671 java_gc_start_bytes: 25300223 kNewNativeDiscountFactor: 2 kOldNativeDiscountFactor: 65536 old_native_bytes: 143562127 new_native_bytes: 35648088 add_bytes_allowed: 34850013 is_gc_concurrent: 1 target_footprint_: 25824511 GetBytesAllocated: 21609506 HeapGrowthMultiplier: 3
12-18 15:25:58.997  3318  3996 I com.miui.home: CheckGCForNative gc_urgency 0.923008 current_native_bytes is 179210215
12-18 15:25:59.069  3318  3366 I com.miui.home: NativeAlloc concurrent copying GC freed 179084(7876KB) AllocSpace objects, 26(776KB) LOS objects, 49% free, 12MB/24MB, paused 637us,79us total 240.796ms
12-18 15:25:59.090 11094 11094 I wm_on_start_called: [0,5974885,com.tencent.mobileqq.activity.SplashActivity,handleStartActivity,100]
12-18 15:25:59.119 11094 11094 I wm_on_resume_called: [0,5974885,com.tencent.mobileqq.activity.SplashActivity,RESUME_ACTIVITY,27]
12-18 15:25:59.323  3318  3318 I wm_on_resume_called: [0,173676112,com.miui.home.launcher.Launcher,RESUME_ACTIVITY,19]
12-18 15:25:59.382  3318  3318 I com.miui.home: CheckGCForNative gc_urgency 0 current_native_bytes is 121287931
12-18 15:25:59.447  3318  3318 I wm_on_idle_called: com.miui.home.launcher.Launcher
12-18 15:25:59.473 11094 11094 I wm_on_top_resumed_gained_called: [5974885,com.tencent.mobileqq.activity.SplashActivity,topStateChangedWhenResumed]
12-18 15:25:59.482 11094 11094 I wm_on_top_resumed_lost_called: [5974885,com.tencent.mobileqq.activity.SplashActivity,topStateChangedWhenResumed]
12-18 15:25:59.579  3318  3318 I wm_on_top_resumed_gained_called: [173676112,com.miui.home.launcher.Launcher,topStateChangedWhenResumed]
12-18 15:25:59.729  3318  3372 I com.miui.home: CheckGCForNative adj_start_bytes: 42694618 NativeAllocationGcWatermark: 11605138 java_gc_start_bytes: 25286911 kNewNativeDiscountFactor: 2 kOldNativeDiscountFactor: 65536 old_native_bytes: 121287931 new_native_bytes: 10760984 add_bytes_allowed: 34815414 is_gc_concurrent: 1 target_footprint_: 25732244 GetBytesAllocated: 14132967 HeapGrowthMultiplier: 3
12-18 15:25:59.729  3318  3372 I com.miui.home: CheckGCForNative gc_urgency 0.457091 current_native_bytes is 132048915
12-18 15:25:59.730  3318  3993 I com.miui.home: CheckGCForNative adj_start_bytes: 42694618 NativeAllocationGcWatermark: 11605138 java_gc_start_bytes: 25286911 kNewNativeDiscountFactor: 2 kOldNativeDiscountFactor: 65536 old_native_bytes: 121287931 new_native_bytes: 21466904 add_bytes_allowed: 34815414 is_gc_concurrent: 1 target_footprint_: 25732244 GetBytesAllocated: 14133159 HeapGrowthMultiplier: 3
12-18 15:25:59.730  3318  3993 I com.miui.home: CheckGCForNative gc_urgency 0.582479 current_native_bytes is 142754835
12-18 15:25:59.731  3318  3318 I com.miui.home: CheckGCForNative adj_start_bytes: 42694618 NativeAllocationGcWatermark: 11605138 java_gc_start_bytes: 25286911 kNewNativeDiscountFactor: 2 kOldNativeDiscountFactor: 65536 old_native_bytes: 121287931 new_native_bytes: 32173848 add_bytes_allowed: 34815414 is_gc_concurrent: 1 target_footprint_: 25732244 GetBytesAllocated: 14138929 HeapGrowthMultiplier: 3
12-18 15:25:59.731  3318  3318 I com.miui.home: CheckGCForNative gc_urgency 0.707998 current_native_bytes is 153461779
12-18 15:25:59.858 10637 10637 I wm_on_create_called: [0,225610114,com.tencent.qqlive.ona.activity.SplashHomeActivity,performCreate,402]
12-18 15:25:59.922  3318  3768 I com.miui.home: CheckGCForNative adj_start_bytes: 42694618 NativeAllocationGcWatermark: 11605138 java_gc_start_bytes: 25286911 kNewNativeDiscountFactor: 2 kOldNativeDiscountFactor: 65536 old_native_bytes: 121287931 new_native_bytes: 10760408 add_bytes_allowed: 34815414 is_gc_concurrent: 1 target_footprint_: 25732244 GetBytesAllocated: 14266888 HeapGrowthMultiplier: 3
12-18 15:25:59.922  3318  3768 I com.miui.home: CheckGCForNative gc_urgency 0.460221 current_native_bytes is 132048339
12-18 15:26:00.047 11094 11094 I wm_on_idle_called: com.tencent.mobileqq.activity.SplashActivity
12-18 15:26:00.202  3318  3869 I com.miui.home: CheckGCForNative adj_start_bytes: 42694618 NativeAllocationGcWatermark: 11605138 java_gc_start_bytes: 25286911 kNewNativeDiscountFactor: 2 kOldNativeDiscountFactor: 65536 old_native_bytes: 121287931 new_native_bytes: 10771000 add_bytes_allowed: 34815414 is_gc_concurrent: 1 target_footprint_: 25732244 GetBytesAllocated: 14402737 HeapGrowthMultiplier: 3
12-18 15:26:00.202  3318  3869 I com.miui.home: CheckGCForNative gc_urgency 0.463527 current_native_bytes is 132058931
12-18 15:26:00.350  3318  3767 I com.miui.home: CheckGCForNative adj_start_bytes: 42694618 NativeAllocationGcWatermark: 11605138 java_gc_start_bytes: 25286911 kNewNativeDiscountFactor: 2 kOldNativeDiscountFactor: 65536 old_native_bytes: 121287931 new_native_bytes: 21361496 add_bytes_allowed: 34815414 is_gc_concurrent: 1 target_footprint_: 25732244 GetBytesAllocated: 14433365 HeapGrowthMultiplier: 3
12-18 15:26:00.350  3318  3767 I com.miui.home: CheckGCForNative gc_urgency 0.58827 current_native_bytes is 142649427
12-18 15:26:00.353  3318  3767 I com.miui.home: CheckGCForNative adj_start_bytes: 42694618 NativeAllocationGcWatermark: 11605138 java_gc_start_bytes: 25286911 kNewNativeDiscountFactor: 2 kOldNativeDiscountFactor: 65536 old_native_bytes: 121287931 new_native_bytes: 32068632 add_bytes_allowed: 34815414 is_gc_concurrent: 1 target_footprint_: 25732244 GetBytesAllocated: 14439631 HeapGrowthMultiplier: 3
12-18 15:26:00.354  3318  3767 I com.miui.home: CheckGCForNative gc_urgency 0.713809 current_native_bytes is 153356563
12-18 15:26:00.373 10637 10637 I wm_on_start_called: [0,225610114,com.tencent.qqlive.ona.activity.SplashHomeActivity,handleStartActivity,496]
12-18 15:26:00.379  3318  3993 I com.miui.home: CheckGCForNative adj_start_bytes: 42694618 NativeAllocationGcWatermark: 11605138 java_gc_start_bytes: 25286911 kNewNativeDiscountFactor: 2 kOldNativeDiscountFactor: 65536 old_native_bytes: 121287931 new_native_bytes: 32068632 add_bytes_allowed: 34815414 is_gc_concurrent: 1 target_footprint_: 25732244 GetBytesAllocated: 14447010 HeapGrowthMultiplier: 3
12-18 15:26:00.379  3318  3993 I com.miui.home: CheckGCForNative gc_urgency 0.713982 current_native_bytes is 153356563
12-18 15:26:00.435 11094 11094 I wm_on_paused_called: [0,5974885,com.tencent.mobileqq.activity.SplashActivity,performPause,10]
12-18 15:26:00.506 11094 11094 I wm_on_stop_called: [0,5974885,com.tencent.mobileqq.activity.SplashActivity,LIFECYCLER_STOP_ACTIVITY,36]
12-18 15:26:00.591 11094 11094 I wm_on_destroy_called: [0,5974885,com.tencent.mobileqq.activity.SplashActivity,performDestroy,81]
12-18 15:26:00.701  3318  3318 I wm_on_top_resumed_lost_called: [173676112,com.miui.home.launcher.Launcher,topStateChangedWhenResumed]
12-18 15:26:00.708  3318  3318 I wm_on_paused_called: [0,173676112,com.miui.home.launcher.Launcher,performPause,4]
12-18 15:26:00.736  3318  3318 I com.miui.home: CheckGCForNative adj_start_bytes: 42694618 NativeAllocationGcWatermark: 11605138 java_gc_start_bytes: 25286911 kNewNativeDiscountFactor: 2 kOldNativeDiscountFactor: 65536 old_native_bytes: 121287931 new_native_bytes: 21508912 add_bytes_allowed: 34815414 is_gc_concurrent: 1 target_footprint_: 25732244 GetBytesAllocated: 14730073 HeapGrowthMultiplier: 3
12-18 15:26:00.736  3318  3318 I com.miui.home: CheckGCForNative gc_urgency 0.596946 current_native_bytes is 142796843
12-18 15:26:01.322  3318  3768 I com.miui.home: CheckGCForNative adj_start_bytes: 42694618 NativeAllocationGcWatermark: 11605138 java_gc_start_bytes: 25286911 kNewNativeDiscountFactor: 2 kOldNativeDiscountFactor: 65536 old_native_bytes: 121287931 new_native_bytes: 21941668 add_bytes_allowed: 34815414 is_gc_concurrent: 1 target_footprint_: 25732244 GetBytesAllocated: 15467689 HeapGrowthMultiplier: 3
12-18 15:26:01.322  3318  3768 I com.miui.home: CheckGCForNative gc_urgency 0.619291 current_native_bytes is 143229599
12-18 15:26:01.445 10637 10637 I wm_on_resume_called: [0,225610114,com.tencent.qqlive.ona.activity.SplashHomeActivity,RESUME_ACTIVITY,1070]
12-18 15:26:01.613  3318  3996 I com.miui.home: CheckGCForNative adj_start_bytes: 42694618 NativeAllocationGcWatermark: 11605138 java_gc_start_bytes: 25286911 kNewNativeDiscountFactor: 2 kOldNativeDiscountFactor: 65536 old_native_bytes: 121287931 new_native_bytes: 32758188 add_bytes_allowed: 34815414 is_gc_concurrent: 1 target_footprint_: 25732244 GetBytesAllocated: 15821834 HeapGrowthMultiplier: 3
12-18 15:26:01.613  3318  3996 I com.miui.home: CheckGCForNative gc_urgency 0.754259 current_native_bytes is 154046119
12-18 15:26:01.633  3318  3768 I com.miui.home: CheckGCForNative adj_start_bytes: 42694618 NativeAllocationGcWatermark: 11605138 java_gc_start_bytes: 25286911 kNewNativeDiscountFactor: 2 kOldNativeDiscountFactor: 65536 old_native_bytes: 121287931 new_native_bytes: 22045868 add_bytes_allowed: 34815414 is_gc_concurrent: 1 target_footprint_: 25732244 GetBytesAllocated: 15829720 HeapGrowthMultiplier: 3
12-18 15:26:01.633  3318  3768 I com.miui.home: CheckGCForNative gc_urgency 0.62899 current_native_bytes is 143333799
12-18 15:26:01.699  3318  3373 I com.miui.home: CheckGCForNative adj_start_bytes: 42694618 NativeAllocationGcWatermark: 11605138 java_gc_start_bytes: 25286911 kNewNativeDiscountFactor: 2 kOldNativeDiscountFactor: 65536 old_native_bytes: 121287931 new_native_bytes: 21716780 add_bytes_allowed: 34815414 is_gc_concurrent: 1 target_footprint_: 25732244 GetBytesAllocated: 15896131 HeapGrowthMultiplier: 3
12-18 15:26:01.701  3318  3373 I com.miui.home: CheckGCForNative gc_urgency 0.626692 current_native_bytes is 143004711
12-18 15:26:01.988 10637 10637 I wm_on_top_resumed_gained_called: [225610114,com.tencent.qqlive.ona.activity.SplashHomeActivity,topStateChangedWhenResumed]
12-18 15:26:01.990 10637 10637 I wm_on_top_resumed_lost_called: [225610114,com.tencent.qqlive.ona.activity.SplashHomeActivity,topStateChangedWhenResumed]
12-18 15:26:02.045 10637 10637 I wm_on_paused_called: [0,225610114,com.tencent.qqlive.ona.activity.SplashHomeActivity,performPause,46]
12-18 15:26:02.208 10637 10637 I wm_on_stop_called: [0,225610114,com.tencent.qqlive.ona.activity.SplashHomeActivity,STOP_ACTIVITY_ITEM,138]
12-18 15:26:02.452  3318  3318 I wm_on_resume_called: [0,173676112,com.miui.home.launcher.Launcher,RESUME_ACTIVITY,19]
12-18 15:26:02.471  3318  3318 I wm_on_idle_called: com.miui.home.launcher.Launcher
12-18 15:26:02.705  3318 12063 I com.miui.home: CheckGCForNative adj_start_bytes: 42694618 NativeAllocationGcWatermark: 11605138 java_gc_start_bytes: 25286911 kNewNativeDiscountFactor: 2 kOldNativeDiscountFactor: 65536 old_native_bytes: 121287931 new_native_bytes: 33003140 add_bytes_allowed: 34815414 is_gc_concurrent: 1 target_footprint_: 25732244 GetBytesAllocated: 17558571 HeapGrowthMultiplier: 3
12-18 15:26:02.705  3318 12063 I com.miui.home: CheckGCForNative gc_urgency 0.797805 current_native_bytes is 154291071
12-18 15:26:02.706  3318 12063 I com.miui.home: CheckGCForNative adj_start_bytes: 42694618 NativeAllocationGcWatermark: 11605138 java_gc_start_bytes: 25286911 kNewNativeDiscountFactor: 2 kOldNativeDiscountFactor: 65536 old_native_bytes: 121287931 new_native_bytes: 43711364 add_bytes_allowed: 34815414 is_gc_concurrent: 1 target_footprint_: 25732244 GetBytesAllocated: 17561868 HeapGrowthMultiplier: 3
12-18 15:26:02.706  3318 12063 I com.miui.home: CheckGCForNative gc_urgency 0.923287 current_native_bytes is 164999295
12-18 15:26:02.833  3318  3768 I com.miui.home: CheckGCForNative adj_start_bytes: 42694618 NativeAllocationGcWatermark: 11605138 java_gc_start_bytes: 25286911 kNewNativeDiscountFactor: 2 kOldNativeDiscountFactor: 65536 old_native_bytes: 121287931 new_native_bytes: 33078724 add_bytes_allowed: 34815414 is_gc_concurrent: 1 target_footprint_: 25732244 GetBytesAllocated: 17674631 HeapGrowthMultiplier: 3
12-18 15:26:02.833  3318  3768 I com.miui.home: CheckGCForNative gc_urgency 0.801409 current_native_bytes is 154366655
12-18 15:26:02.877  3318 12063 I com.miui.home: CheckGCForNative adj_start_bytes: 42694618 NativeAllocationGcWatermark: 11605138 java_gc_start_bytes: 25286911 kNewNativeDiscountFactor: 2 kOldNativeDiscountFactor: 65536 old_native_bytes: 121287931 new_native_bytes: 43790212 add_bytes_allowed: 34815414 is_gc_concurrent: 1 target_footprint_: 25732244 GetBytesAllocated: 17701698 HeapGrowthMultiplier: 3
12-18 15:26:02.877  3318 12063 I com.miui.home: CheckGCForNative gc_urgency 0.927486 current_native_bytes is 165078143
12-18 15:26:02.925  3318  3318 I wm_on_top_resumed_gained_called: [173676112,com.miui.home.launcher.Launcher,topStateChangedWhenResumed]
12-18 15:26:03.067  3318  3768 I com.miui.home: CheckGCForNative adj_start_bytes: 42694618 NativeAllocationGcWatermark: 11605138 java_gc_start_bytes: 25286911 kNewNativeDiscountFactor: 2 kOldNativeDiscountFactor: 65536 old_native_bytes: 121287931 new_native_bytes: 33193812 add_bytes_allowed: 34815414 is_gc_concurrent: 1 target_footprint_: 25732244 GetBytesAllocated: 18032971 HeapGrowthMultiplier: 3
12-18 15:26:03.067  3318  3768 I com.miui.home: CheckGCForNative gc_urgency 0.81115 current_native_bytes is 154481743
12-18 15:26:03.230  3318  3767 I com.miui.home: CheckGCForNative adj_start_bytes: 42694618 NativeAllocationGcWatermark: 11605138 java_gc_start_bytes: 25286911 kNewNativeDiscountFactor: 2 kOldNativeDiscountFactor: 65536 old_native_bytes: 121287931 new_native_bytes: 43809460 add_bytes_allowed: 34815414 is_gc_concurrent: 1 target_footprint_: 25732244 GetBytesAllocated: 18152947 HeapGrowthMultiplier: 3
12-18 15:26:03.230  3318  3767 I com.miui.home: CheckGCForNative gc_urgency 0.938281 current_native_bytes is 165097391
12-18 15:26:03.231  3318  3994 I com.miui.home: CheckGCForNative adj_start_bytes: 42694618 NativeAllocationGcWatermark: 11605138 java_gc_start_bytes: 25286911 kNewNativeDiscountFactor: 2 kOldNativeDiscountFactor: 65536 old_native_bytes: 121287931 new_native_bytes: 54515732 add_bytes_allowed: 34815414 is_gc_concurrent: 1 target_footprint_: 25732244 GetBytesAllocated: 18169523 HeapGrowthMultiplier: 3
12-18 15:26:03.231  3318  3994 I com.miui.home: CheckGCForNative gc_urgency 1.06405 current_native_bytes is 175803663
12-18 15:26:03.231  3318  3994 I com.miui.home: CheckGCForNative requested 1
12-18 15:26:03.233  3318  3318 I com.miui.home: CheckGCForNative adj_start_bytes: 42694618 NativeAllocationGcWatermark: 11605138 java_gc_start_bytes: 25286911 kNewNativeDiscountFactor: 2 kOldNativeDiscountFactor: 65536 old_native_bytes: 121287931 new_native_bytes: 65222916 add_bytes_allowed: 34815414 is_gc_concurrent: 1 target_footprint_: 25732244 GetBytesAllocated: 18174775 HeapGrowthMultiplier: 3
12-18 15:26:03.233  3318  3318 I com.miui.home: CheckGCForNative gc_urgency 1.18957 current_native_bytes is 186510847
12-18 15:26:03.233  3318  3318 I com.miui.home: CheckGCForNative requested 1
12-18 15:26:03.347  3318  3318 I com.miui.home: CheckGCForNative adj_start_bytes: 42694618 NativeAllocationGcWatermark: 11605138 java_gc_start_bytes: 25286911 kNewNativeDiscountFactor: 2 kOldNativeDiscountFactor: 65536 old_native_bytes: 121287931 new_native_bytes: 43787588 add_bytes_allowed: 34815414 is_gc_concurrent: 1 target_footprint_: 25732244 GetBytesAllocated: 18293326 HeapGrowthMultiplier: 3
12-18 15:26:03.348  3318  3318 I com.miui.home: CheckGCForNative gc_urgency 0.941312 current_native_bytes is 165075519
12-18 15:26:03.532  3318  3366 I com.miui.home: NativeAlloc concurrent copying GC freed 111157(4879KB) AllocSpace objects, 24(632KB) LOS objects, 49% free, 12MB/24MB, paused 498us,27us total 265.748ms
12-18 15:26:03.716  3318  3318 I wm_on_top_resumed_lost_called: [173676112,com.miui.home.launcher.Launcher,topStateChangedWhenResumed]
12-18 15:26:03.769  3318  3318 I wm_on_paused_called: [0,173676112,com.miui.home.launcher.Launcher,performPause,3]
12-18 15:26:04.255  3318  3768 I com.miui.home: CheckGCForNative gc_urgency 0 current_native_bytes is 130059747
12-18 15:26:04.511  3318  3768 I com.miui.home: CheckGCForNative adj_start_bytes: 42773368 NativeAllocationGcWatermark: 11600387 java_gc_start_bytes: 25372788 kNewNativeDiscountFactor: 2 kOldNativeDiscountFactor: 65536 old_native_bytes: 130059747 new_native_bytes: 101456 add_bytes_allowed: 34801161 is_gc_concurrent: 1 target_footprint_: 25694235 GetBytesAllocated: 13885542 HeapGrowthMultiplier: 3
12-18 15:26:04.511  3318  3768 I com.miui.home: CheckGCForNative gc_urgency 0.325863 current_native_bytes is 130161203
12-18 15:26:04.636  3318  3996 I com.miui.home: CheckGCForNative adj_start_bytes: 42773368 NativeAllocationGcWatermark: 11600387 java_gc_start_bytes: 25372788 kNewNativeDiscountFactor: 2 kOldNativeDiscountFactor: 65536 old_native_bytes: 130059747 new_native_bytes: 469008 add_bytes_allowed: 34801161 is_gc_concurrent: 1 target_footprint_: 25694235 GetBytesAllocated: 13917885 HeapGrowthMultiplier: 3
12-18 15:26:04.636  3318  3996 I com.miui.home: CheckGCForNative gc_urgency 0.330916 current_native_bytes is 130528755
12-18 15:26:04.793  3318  3996 I com.miui.home: CheckGCForNative adj_start_bytes: 42773368 NativeAllocationGcWatermark: 11600387 java_gc_start_bytes: 25372788 kNewNativeDiscountFactor: 2 kOldNativeDiscountFactor: 65536 old_native_bytes: 130059747 new_native_bytes: 11292996 add_bytes_allowed: 34801161 is_gc_concurrent: 1 target_footprint_: 25694235 GetBytesAllocated: 14193911 HeapGrowthMultiplier: 3
12-18 15:26:04.793  3318  3996 I com.miui.home: CheckGCForNative gc_urgency 0.463896 current_native_bytes is 141352743
12-18 15:26:05.297  3318  3318 I wm_on_resume_called: [0,173676112,com.miui.home.launcher.Launcher,RESUME_ACTIVITY,19]
12-18 15:26:05.315  3318  3318 I wm_on_idle_called: com.miui.home.launcher.Launcher
12-18 15:26:05.531  3318 12063 I com.miui.home: CheckGCForNative adj_start_bytes: 42773368 NativeAllocationGcWatermark: 11600387 java_gc_start_bytes: 25372788 kNewNativeDiscountFactor: 2 kOldNativeDiscountFactor: 65536 old_native_bytes: 130059747 new_native_bytes: 11913868 add_bytes_allowed: 34801161 is_gc_concurrent: 1 target_footprint_: 25694235 GetBytesAllocated: 16436878 HeapGrowthMultiplier: 3
12-18 15:26:05.531  3318 12063 I com.miui.home: CheckGCForNative gc_urgency 0.523592 current_native_bytes is 141973615
12-18 15:26:05.533  3318 12063 I com.miui.home: CheckGCForNative adj_start_bytes: 42773368 NativeAllocationGcWatermark: 11600387 java_gc_start_bytes: 25372788 kNewNativeDiscountFactor: 2 kOldNativeDiscountFactor: 65536 old_native_bytes: 130059747 new_native_bytes: 22621004 add_bytes_allowed: 34801161 is_gc_concurrent: 1 target_footprint_: 25694235 GetBytesAllocated: 16445615 HeapGrowthMultiplier: 3
12-18 15:26:05.533  3318 12063 I com.miui.home: CheckGCForNative gc_urgency 0.649217 current_native_bytes is 152680751
12-18 15:26:05.590  3318 12063 I com.miui.home: CheckGCForNative adj_start_bytes: 42773368 NativeAllocationGcWatermark: 11600387 java_gc_start_bytes: 25372788 kNewNativeDiscountFactor: 2 kOldNativeDiscountFactor: 65536 old_native_bytes: 130059747 new_native_bytes: 22728332 add_bytes_allowed: 34801161 is_gc_concurrent: 1 target_footprint_: 25694235 GetBytesAllocated: 16531942 HeapGrowthMultiplier: 3
12-18 15:26:05.590  3318 12063 I com.miui.home: CheckGCForNative gc_urgency 0.65223 current_native_bytes is 152788079
12-18 15:26:05.611  3318  3768 I com.miui.home: CheckGCForNative adj_start_bytes: 42773368 NativeAllocationGcWatermark: 11600387 java_gc_start_bytes: 25372788 kNewNativeDiscountFactor: 2 kOldNativeDiscountFactor: 65536 old_native_bytes: 130059747 new_native_bytes: 12027308 add_bytes_allowed: 34801161 is_gc_concurrent: 1 target_footprint_: 25694235 GetBytesAllocated: 16532150 HeapGrowthMultiplier: 3
12-18 15:26:05.611  3318  3768 I com.miui.home: CheckGCForNative gc_urgency 0.527146 current_native_bytes is 142087055
12-18 15:26:05.685  3318  3318 I wm_on_top_resumed_gained_called: [173676112,com.miui.home.launcher.Launcher,topStateChangedWhenResumed]
12-18 15:26:05.745  3318  3768 I com.miui.home: CheckGCForNative adj_start_bytes: 42773368 NativeAllocationGcWatermark: 11600387 java_gc_start_bytes: 25372788 kNewNativeDiscountFactor: 2 kOldNativeDiscountFactor: 65536 old_native_bytes: 130059747 new_native_bytes: 12011628 add_bytes_allowed: 34801161 is_gc_concurrent: 1 target_footprint_: 25694235 GetBytesAllocated: 16584924 HeapGrowthMultiplier: 3
12-18 15:26:05.745  3318  3768 I com.miui.home: CheckGCForNative gc_urgency 0.528196 current_native_bytes is 142071375
12-18 15:26:05.967  3318  3768 I com.miui.home: CheckGCForNative adj_start_bytes: 42773368 NativeAllocationGcWatermark: 11600387 java_gc_start_bytes: 25372788 kNewNativeDiscountFactor: 2 kOldNativeDiscountFactor: 65536 old_native_bytes: 130059747 new_native_bytes: 11974860 add_bytes_allowed: 34801161 is_gc_concurrent: 1 target_footprint_: 25694235 GetBytesAllocated: 16675550 HeapGrowthMultiplier: 3
12-18 15:26:05.967  3318  3768 I com.miui.home: CheckGCForNative gc_urgency 0.529885 current_native_bytes is 142034607
12-18 15:26:06.026  3318  3994 I com.miui.home: CheckGCForNative adj_start_bytes: 42773368 NativeAllocationGcWatermark: 11600387 java_gc_start_bytes: 25372788 kNewNativeDiscountFactor: 2 kOldNativeDiscountFactor: 65536 old_native_bytes: 130059747 new_native_bytes: 22596492 add_bytes_allowed: 34801161 is_gc_concurrent: 1 target_footprint_: 25694235 GetBytesAllocated: 16702071 HeapGrowthMultiplier: 3
12-18 15:26:06.026  3318  3994 I com.miui.home: CheckGCForNative gc_urgency 0.654667 current_native_bytes is 152656239
12-18 15:26:06.027  3318  3318 I com.miui.home: CheckGCForNative adj_start_bytes: 42773368 NativeAllocationGcWatermark: 11600387 java_gc_start_bytes: 25372788 kNewNativeDiscountFactor: 2 kOldNativeDiscountFactor: 65536 old_native_bytes: 130059747 new_native_bytes: 33303436 add_bytes_allowed: 34801161 is_gc_concurrent: 1 target_footprint_: 25694235 GetBytesAllocated: 16709514 HeapGrowthMultiplier: 3
12-18 15:26:06.027  3318  3318 I com.miui.home: CheckGCForNative gc_urgency 0.78 current_native_bytes is 163363183
12-18 15:26:06.030  3318  3767 I com.miui.home: CheckGCForNative adj_start_bytes: 42773368 NativeAllocationGcWatermark: 11600387 java_gc_start_bytes: 25372788 kNewNativeDiscountFactor: 2 kOldNativeDiscountFactor: 65536 old_native_bytes: 130059747 new_native_bytes: 33303436 add_bytes_allowed: 34801161 is_gc_concurrent: 1 target_footprint_: 25694235 GetBytesAllocated: 16711004 HeapGrowthMultiplier: 3
12-18 15:26:06.030  3318  3767 I com.miui.home: CheckGCForNative gc_urgency 0.780035 current_native_bytes is 163363183
12-18 15:26:06.274  3318  3318 I wm_on_top_resumed_lost_called: [173676112,com.miui.home.launcher.Launcher,topStateChangedWhenResumed]
12-18 15:26:06.561  3318  3318 I wm_on_paused_called: [0,173676112,com.miui.home.launcher.Launcher,performPause,3]
12-18 15:26:06.626 12761 12761 I wm_on_application_create_called: [0,com.xiaomi.bluetooth,735]
12-18 15:26:06.833  3318  3768 I com.miui.home: CheckGCForNative adj_start_bytes: 42773368 NativeAllocationGcWatermark: 11600387 java_gc_start_bytes: 25372788 kNewNativeDiscountFactor: 2 kOldNativeDiscountFactor: 65536 old_native_bytes: 130059747 new_native_bytes: 23571424 add_bytes_allowed: 34801161 is_gc_concurrent: 1 target_footprint_: 25694235 GetBytesAllocated: 17699070 HeapGrowthMultiplier: 3
12-18 15:26:06.833  3318  3768 I com.miui.home: CheckGCForNative gc_urgency 0.689372 current_native_bytes is 153631171
12-18 15:26:06.953  3318  3996 I com.miui.home: CheckGCForNative adj_start_bytes: 42773368 NativeAllocationGcWatermark: 11600387 java_gc_start_bytes: 25372788 kNewNativeDiscountFactor: 2 kOldNativeDiscountFactor: 65536 old_native_bytes: 130059747 new_native_bytes: 34403616 add_bytes_allowed: 34801161 is_gc_concurrent: 1 target_footprint_: 25694235 GetBytesAllocated: 17936714 HeapGrowthMultiplier: 3
12-18 15:26:06.953  3318  3996 I com.miui.home: CheckGCForNative gc_urgency 0.821551 current_native_bytes is 164463363
12-18 15:26:06.978  3318  3768 I com.miui.home: CheckGCForNative adj_start_bytes: 42773368 NativeAllocationGcWatermark: 11600387 java_gc_start_bytes: 25372788 kNewNativeDiscountFactor: 2 kOldNativeDiscountFactor: 65536 old_native_bytes: 130059747 new_native_bytes: 23708576 add_bytes_allowed: 34801161 is_gc_concurrent: 1 target_footprint_: 25694235 GetBytesAllocated: 17993831 HeapGrowthMultiplier: 3
12-18 15:26:06.978  3318  3768 I com.miui.home: CheckGCForNative gc_urgency 0.697867 current_native_bytes is 153768323
12-18 15:26:07.156  3318  3768 I com.miui.home: CheckGCForNative adj_start_bytes: 42773368 NativeAllocationGcWatermark: 11600387 java_gc_start_bytes: 25372788 kNewNativeDiscountFactor: 2 kOldNativeDiscountFactor: 65536 old_native_bytes: 130059747 new_native_bytes: 23782336 add_bytes_allowed: 34801161 is_gc_concurrent: 1 target_footprint_: 25694235 GetBytesAllocated: 18258512 HeapGrowthMultiplier: 3
12-18 15:26:07.156  3318  3768 I com.miui.home: CheckGCForNative gc_urgency 0.704917 current_native_bytes is 153842083
12-18 15:26:07.520 11409 11409 I wm_on_create_called: [0,225818421,com.tencent.mm.ui.LauncherUI,performCreate,505]
12-18 15:26:07.578 11409 11409 I wm_on_start_called: [0,225818421,com.tencent.mm.ui.LauncherUI,handleStartActivity,53]
12-18 15:26:07.635 11409 11409 I wm_on_resume_called: [0,225818421,com.tencent.mm.ui.LauncherUI,RESUME_ACTIVITY,54]
12-18 15:26:07.671 11409 11409 I wm_on_top_resumed_gained_called: [225818421,com.tencent.mm.ui.LauncherUI,topStateChangedWhenResumed]
12-18 15:26:07.676 11409 11409 I wm_on_top_resumed_lost_called: [225818421,com.tencent.mm.ui.LauncherUI,topStateChangedWhenResumed]
12-18 15:26:07.682 11409 11409 I wm_on_paused_called: [0,225818421,com.tencent.mm.ui.LauncherUI,performPause,4]
12-18 15:26:07.785  3318  3318 I wm_on_stop_called: [0,173676112,com.miui.home.launcher.Launcher,STOP_ACTIVITY_ITEM,12]
12-18 15:26:07.825 11409 11409 I wm_on_create_called: [0,57189462,com.tencent.mm.plugin.account.ui.WelcomeActivity,performCreate,97]
12-18 15:26:07.827 11409 11409 I wm_on_start_called: [0,57189462,com.tencent.mm.plugin.account.ui.WelcomeActivity,handleStartActivity,2]
12-18 15:26:07.832 11409 11409 I wm_on_resume_called: [0,57189462,com.tencent.mm.plugin.account.ui.WelcomeActivity,RESUME_ACTIVITY,4]
12-18 15:26:07.841 11409 11409 I wm_on_top_resumed_gained_called: [57189462,com.tencent.mm.plugin.account.ui.WelcomeActivity,topStateChangedWhenResumed]
12-18 15:26:07.888 11409 11409 I wm_on_stop_called: [0,225818421,com.tencent.mm.ui.LauncherUI,STOP_ACTIVITY_ITEM,2]
12-18 15:26:08.011 11708 11708 I wm_on_application_create_called: [0,com.dragon.read,6609]
12-18 15:26:08.219 10637 10637 I wm_on_idle_called: com.tencent.qqlive.ona.activity.SplashHomeActivity
12-18 15:26:08.242  3318  3318 I wm_on_restart_called: [0,173676112,com.miui.home.launcher.Launcher,,0]
12-18 15:26:08.244  3318  3318 I wm_on_start_called: [0,173676112,com.miui.home.launcher.Launcher,handleStartActivity,2]
12-18 15:26:08.258 11409 11409 I wm_on_top_resumed_lost_called: [57189462,com.tencent.mm.plugin.account.ui.WelcomeActivity,topStateChangedWhenResumed]
12-18 15:26:08.276  3318  3318 I wm_on_resume_called: [0,173676112,com.miui.home.launcher.Launcher,RESUME_ACTIVITY,30]
12-18 15:26:08.411  3318  3318 I wm_on_top_resumed_gained_called: [173676112,com.miui.home.launcher.Launcher,topStateChangedWhenResumed]
12-18 15:26:08.416  3318  3318 I wm_on_idle_called: com.miui.home.launcher.Launcher
12-18 15:26:08.452 12389 12389 I wm_on_application_create_called: [0,com.taobao.taobao,3047]
12-18 15:26:08.666  3318 12216 I com.miui.home: CheckGCForNative adj_start_bytes: 42773368 NativeAllocationGcWatermark: 11600387 java_gc_start_bytes: 25372788 kNewNativeDiscountFactor: 2 kOldNativeDiscountFactor: 65536 old_native_bytes: 130059747 new_native_bytes: 35209276 add_bytes_allowed: 34801161 is_gc_concurrent: 1 target_footprint_: 25694235 GetBytesAllocated: 20729732 HeapGrowthMultiplier: 3
12-18 15:26:08.666  3318 12216 I com.miui.home: CheckGCForNative gc_urgency 0.896267 current_native_bytes is 165269023
12-18 15:26:08.668  3318  3318 I com.miui.home: CheckGCForNative adj_start_bytes: 42773368 NativeAllocationGcWatermark: 11600387 java_gc_start_bytes: 25372788 kNewNativeDiscountFactor: 2 kOldNativeDiscountFactor: 65536 old_native_bytes: 130059747 new_native_bytes: 45916540 add_bytes_allowed: 34801161 is_gc_concurrent: 1 target_footprint_: 25694235 GetBytesAllocated: 20750157 HeapGrowthMultiplier: 3
12-18 15:26:08.668  3318  3318 I com.miui.home: CheckGCForNative gc_urgency 1.02191 current_native_bytes is 175976287
12-18 15:26:08.668  3318  3318 I com.miui.home: CheckGCForNative requested 1
12-18 15:26:08.670  3318  3994 I com.miui.home: CheckGCForNative adj_start_bytes: 42773368 NativeAllocationGcWatermark: 11600387 java_gc_start_bytes: 25372788 kNewNativeDiscountFactor: 2 kOldNativeDiscountFactor: 65536 old_native_bytes: 130059747 new_native_bytes: 45918460 add_bytes_allowed: 34801161 is_gc_concurrent: 1 target_footprint_: 25694235 GetBytesAllocated: 20750157 HeapGrowthMultiplier: 3
12-18 15:26:08.670  3318  3994 I com.miui.home: CheckGCForNative gc_urgency 1.02193 current_native_bytes is 175978207
12-18 15:26:08.670  3318  3994 I com.miui.home: CheckGCForNative requested 1
12-18 15:26:08.707  3318  8004 I com.miui.home: CheckGCForNative adj_start_bytes: 42773368 NativeAllocationGcWatermark: 11600387 java_gc_start_bytes: 25372788 kNewNativeDiscountFactor: 2 kOldNativeDiscountFactor: 65536 old_native_bytes: 130059747 new_native_bytes: 35116156 add_bytes_allowed: 34801161 is_gc_concurrent: 1 target_footprint_: 25694235 GetBytesAllocated: 20785886 HeapGrowthMultiplier: 3
12-18 15:26:08.707  3318  8004 I com.miui.home: CheckGCForNative gc_urgency 0.896491 current_native_bytes is 165175903
12-18 15:26:08.900  3318  3768 I com.miui.home: CheckGCForNative adj_start_bytes: 42773368 NativeAllocationGcWatermark: 11600387 java_gc_start_bytes: 25372788 kNewNativeDiscountFactor: 2 kOldNativeDiscountFactor: 65536 old_native_bytes: 130059747 new_native_bytes: 35219068 add_bytes_allowed: 34801161 is_gc_concurrent: 1 target_footprint_: 25694235 GetBytesAllocated: 20993075 HeapGrowthMultiplier: 3
12-18 15:26:08.900  3318  3768 I com.miui.home: CheckGCForNative gc_urgency 0.902538 current_native_bytes is 165278815
12-18 15:26:09.045  3318  3768 I com.miui.home: CheckGCForNative adj_start_bytes: 42773368 NativeAllocationGcWatermark: 11600387 java_gc_start_bytes: 25372788 kNewNativeDiscountFactor: 2 kOldNativeDiscountFactor: 65536 old_native_bytes: 130059747 new_native_bytes: 35209404 add_bytes_allowed: 34801161 is_gc_concurrent: 1 target_footprint_: 25694235 GetBytesAllocated: 21140417 HeapGrowthMultiplier: 3
12-18 15:26:09.045  3318  3768 I com.miui.home: CheckGCForNative gc_urgency 0.905895 current_native_bytes is 165269151
12-18 15:26:09.170  3318  3767 I com.miui.home: CheckGCForNative adj_start_bytes: 42773368 NativeAllocationGcWatermark: 11600387 java_gc_start_bytes: 25372788 kNewNativeDiscountFactor: 2 kOldNativeDiscountFactor: 65536 old_native_bytes: 130059747 new_native_bytes: 45834028 add_bytes_allowed: 34801161 is_gc_concurrent: 1 target_footprint_: 25694235 GetBytesAllocated: 21296524 HeapGrowthMultiplier: 3
12-18 15:26:09.170  3318  3767 I com.miui.home: CheckGCForNative gc_urgency 1.03372 current_native_bytes is 175893775
12-18 15:26:09.170  3318  3767 I com.miui.home: CheckGCForNative requested 1
12-18 15:26:09.175  3318  3767 I com.miui.home: CheckGCForNative adj_start_bytes: 42773368 NativeAllocationGcWatermark: 11600387 java_gc_start_bytes: 25372788 kNewNativeDiscountFactor: 2 kOldNativeDiscountFactor: 65536 old_native_bytes: 130059747 new_native_bytes: 56541324 add_bytes_allowed: 34801161 is_gc_concurrent: 1 target_footprint_: 25694235 GetBytesAllocated: 21296716 HeapGrowthMultiplier: 3
12-18 15:26:09.175  3318  3767 I com.miui.home: CheckGCForNative gc_urgency 1.15888 current_native_bytes is 186601071
12-18 15:26:09.175  3318  3767 I com.miui.home: CheckGCForNative requested 1
12-18 15:26:09.175  3318  3994 I com.miui.home: CheckGCForNative adj_start_bytes: 42773368 NativeAllocationGcWatermark: 11600387 java_gc_start_bytes: 25372788 kNewNativeDiscountFactor: 2 kOldNativeDiscountFactor: 65536 old_native_bytes: 130059747 new_native_bytes: 56541260 add_bytes_allowed: 34801161 is_gc_concurrent: 1 target_footprint_: 25694235 GetBytesAllocated: 21296716 HeapGrowthMultiplier: 3
12-18 15:26:09.175  3318  3994 I com.miui.home: CheckGCForNative gc_urgency 1.15888 current_native_bytes is 186601007
12-18 15:26:09.175  3318  3994 I com.miui.home: CheckGCForNative requested 1
12-18 15:26:09.252 11409 11409 I wm_on_paused_called: [0,57189462,com.tencent.mm.plugin.account.ui.WelcomeActivity,performPause,21]
12-18 15:26:09.453 11409 11409 I wm_on_stop_called: [0,57189462,com.tencent.mm.plugin.account.ui.WelcomeActivity,STOP_ACTIVITY_ITEM,26]
12-18 15:26:09.482 12389 12389 I wm_on_create_called: [0,77894115,com.taobao.tao.welcome.Welcome,performCreate,914]
12-18 15:26:09.556 11409 11409 I wm_on_idle_called: com.tencent.mm.ui.LauncherUI
12-18 15:26:09.557 11409 11409 I wm_on_idle_called: com.tencent.mm.plugin.account.ui.WelcomeActivity
12-18 15:26:09.582  3318  3318 I wm_on_top_resumed_lost_called: [173676112,com.miui.home.launcher.Launcher,topStateChangedWhenResumed]
12-18 15:26:09.596  3318  3318 I wm_on_paused_called: [0,173676112,com.miui.home.launcher.Launcher,performPause,4]
