12-18 16:58:27.047  3336  3748 I com.miui.home: CheckGCForNative adj_start_bytes: 44140803 NativeAllocationGcWatermark: 11765679 java_gc_start_bytes: 26492285 kNewNativeDiscountFactor: 2 kOldNativeDiscountFactor: 65536 old_native_bytes: 154557119 new_native_bytes: 13764808 add_bytes_allowed: 35297037 is_gc_concurrent: 1 target_footprint_: 27016573 GetBytesAllocated: 19948212 HeapGrowthMultiplier: 3
12-18 16:58:27.047  3336  3748 I com.miui.home: CheckGCForNative gc_urgency 0.607895 current_native_bytes is 168321927
12-18 16:58:27.851  3336  3336 I wm_on_resume_called: [0,150629719,com.miui.home.launcher.Launcher,RESUME_ACTIVITY,26]
12-18 16:58:27.873  3336  3336 I wm_on_idle_called: com.miui.home.launcher.Launcher
12-18 16:58:27.992  3336  9640 I com.miui.home: CheckGCForNative adj_start_bytes: 44140803 NativeAllocationGcWatermark: 11765679 java_gc_start_bytes: 26492285 kNewNativeDiscountFactor: 2 kOldNativeDiscountFactor: 65536 old_native_bytes: 154557119 new_native_bytes: 24567844 add_bytes_allowed: 35297037 is_gc_concurrent: 1 target_footprint_: 27016573 GetBytesAllocated: 21885255 HeapGrowthMultiplier: 3
12-18 16:58:27.992  3336  9640 I com.miui.home: CheckGCForNative gc_urgency 0.774148 current_native_bytes is 179124963
12-18 16:58:27.993  3336  9640 I com.miui.home: CheckGCForNative adj_start_bytes: 44140803 NativeAllocationGcWatermark: 11765679 java_gc_start_bytes: 26492285 kNewNativeDiscountFactor: 2 kOldNativeDiscountFactor: 65536 old_native_bytes: 154557119 new_native_bytes: 35274788 add_bytes_allowed: 35297037 is_gc_concurrent: 1 target_footprint_: 27016573 GetBytesAllocated: 21886786 HeapGrowthMultiplier: 3
12-18 16:58:27.993  3336  9640 I com.miui.home: CheckGCForNative gc_urgency 0.895465 current_native_bytes is 189831907
12-18 16:58:28.006  3336  7977 I com.miui.home: CheckGCForNative adj_start_bytes: 44140803 NativeAllocationGcWatermark: 11765679 java_gc_start_bytes: 26492285 kNewNativeDiscountFactor: 2 kOldNativeDiscountFactor: 65536 old_native_bytes: 154557119 new_native_bytes: 24543332 add_bytes_allowed: 35297037 is_gc_concurrent: 1 target_footprint_: 27016573 GetBytesAllocated: 21913763 HeapGrowthMultiplier: 3
12-18 16:58:28.006  3336  7977 I com.miui.home: CheckGCForNative gc_urgency 0.774517 current_native_bytes is 179100451
12-18 16:58:28.042 11031 11031 I wm_on_create_called: [0,88438278,com.tencent.qqlive.ona.activity.SplashHomeActivity,performCreate,212]
12-18 16:58:28.069  3336  3748 I com.miui.home: CheckGCForNative adj_start_bytes: 44140803 NativeAllocationGcWatermark: 11765679 java_gc_start_bytes: 26492285 kNewNativeDiscountFactor: 2 kOldNativeDiscountFactor: 65536 old_native_bytes: 154557119 new_native_bytes: 24649572 add_bytes_allowed: 35297037 is_gc_concurrent: 1 target_footprint_: 27016573 GetBytesAllocated: 21938791 HeapGrowthMultiplier: 3
12-18 16:58:28.069  3336  3748 I com.miui.home: CheckGCForNative gc_urgency 0.776287 current_native_bytes is 179206691
12-18 16:58:28.127 11031 11031 I wm_on_start_called: [0,88438278,com.tencent.qqlive.ona.activity.SplashHomeActivity,handleStartActivity,66]
12-18 16:58:28.167 11031 11031 I wm_on_resume_called: [0,88438278,com.tencent.qqlive.ona.activity.SplashHomeActivity,RESUME_ACTIVITY,37]
12-18 16:58:28.255  3336  3336 I wm_on_top_resumed_gained_called: [150629719,com.miui.home.launcher.Launcher,topStateChangedWhenResumed]
12-18 16:58:28.336  3336  3748 I com.miui.home: CheckGCForNative adj_start_bytes: 44140803 NativeAllocationGcWatermark: 11765679 java_gc_start_bytes: 26492285 kNewNativeDiscountFactor: 2 kOldNativeDiscountFactor: 65536 old_native_bytes: 154557119 new_native_bytes: 24593540 add_bytes_allowed: 35297037 is_gc_concurrent: 1 target_footprint_: 27016573 GetBytesAllocated: 22058093 HeapGrowthMultiplier: 3
12-18 16:58:28.336  3336  3748 I com.miui.home: CheckGCForNative gc_urgency 0.778355 current_native_bytes is 179150659
12-18 16:58:28.535  3336  3747 I com.miui.home: CheckGCForNative adj_start_bytes: 44140803 NativeAllocationGcWatermark: 11765679 java_gc_start_bytes: 26492285 kNewNativeDiscountFactor: 2 kOldNativeDiscountFactor: 65536 old_native_bytes: 154557119 new_native_bytes: 35236420 add_bytes_allowed: 35297037 is_gc_concurrent: 1 target_footprint_: 27016573 GetBytesAllocated: 22134352 HeapGrowthMultiplier: 3
12-18 16:58:28.536  3336  3747 I com.miui.home: CheckGCForNative gc_urgency 0.900639 current_native_bytes is 189793539
12-18 16:58:28.537  3336  3747 I com.miui.home: CheckGCForNative adj_start_bytes: 44140803 NativeAllocationGcWatermark: 11765679 java_gc_start_bytes: 26492285 kNewNativeDiscountFactor: 2 kOldNativeDiscountFactor: 65536 old_native_bytes: 154557119 new_native_bytes: 45943364 add_bytes_allowed: 35297037 is_gc_concurrent: 1 target_footprint_: 27016573 GetBytesAllocated: 22134544 HeapGrowthMultiplier: 3
12-18 16:58:28.537  3336  3747 I com.miui.home: CheckGCForNative gc_urgency 1.02192 current_native_bytes is 200500483
12-18 16:58:28.537  3336  3747 I com.miui.home: CheckGCForNative requested 1
12-18 16:58:28.962  3336  3336 I wm_on_top_resumed_lost_called: [150629719,com.miui.home.launcher.Launcher,topStateChangedWhenResumed]
12-18 16:58:28.992 11031 11031 I wm_on_top_resumed_gained_called: [88438278,com.tencent.qqlive.ona.activity.SplashHomeActivity,topStateChangedWhenResumed]
12-18 16:58:29.043  3336  3385 I com.miui.home: NativeAlloc concurrent copying GC freed 205328(8511KB) AllocSpace objects, 24(672KB) LOS objects, 49% free, 12MB/25MB, paused 13.129ms,11.388ms total 504.356ms
12-18 16:58:29.060  3336  3336 I wm_on_paused_called: [0,150629719,com.miui.home.launcher.Launcher,performPause,3]
12-18 16:58:29.115 11031 11031 I wm_on_top_resumed_lost_called: [88438278,com.tencent.qqlive.ona.activity.SplashHomeActivity,topStateChangedWhenResumed]
12-18 16:58:29.369  3336  3748 I com.miui.home: CheckGCForNative gc_urgency 0 current_native_bytes is 134588959
12-18 16:58:29.480  3336  3748 I com.miui.home: CheckGCForNative gc_urgency 0 current_native_bytes is 132842627
12-18 16:58:29.706  3336  7962 I com.miui.home: CheckGCForNative adj_start_bytes: 43392897 NativeAllocationGcWatermark: 11675850 java_gc_start_bytes: 25879122 kNewNativeDiscountFactor: 2 kOldNativeDiscountFactor: 65536 old_native_bytes: 132842627 new_native_bytes: 785120 add_bytes_allowed: 35027550 is_gc_concurrent: 1 target_footprint_: 26297937 GetBytesAllocated: 13885771 HeapGrowthMultiplier: 3
12-18 16:58:29.706  3336  7962 I com.miui.home: CheckGCForNative gc_urgency 0.329094 current_native_bytes is 133627747
12-18 16:58:30.060  3336  7962 I com.miui.home: CheckGCForNative adj_start_bytes: 43392897 NativeAllocationGcWatermark: 11675850 java_gc_start_bytes: 25879122 kNewNativeDiscountFactor: 2 kOldNativeDiscountFactor: 65536 old_native_bytes: 132842627 new_native_bytes: 11311892 add_bytes_allowed: 35027550 is_gc_concurrent: 1 target_footprint_: 26297937 GetBytesAllocated: 14226752 HeapGrowthMultiplier: 3
12-18 16:58:30.060  3336  7962 I com.miui.home: CheckGCForNative gc_urgency 0.458248 current_native_bytes is 144154519
12-18 16:58:30.677  3336  3336 I wm_on_resume_called: [0,150629719,com.miui.home.launcher.Launcher,RESUME_ACTIVITY,19]
12-18 16:58:30.696  3336  3336 I wm_on_idle_called: com.miui.home.launcher.Launcher
12-18 16:58:30.860  3336  9640 I com.miui.home: CheckGCForNative adj_start_bytes: 43392897 NativeAllocationGcWatermark: 11675850 java_gc_start_bytes: 25879122 kNewNativeDiscountFactor: 2 kOldNativeDiscountFactor: 65536 old_native_bytes: 132842627 new_native_bytes: 11613116 add_bytes_allowed: 35027550 is_gc_concurrent: 1 target_footprint_: 26297937 GetBytesAllocated: 16036854 HeapGrowthMultiplier: 3
12-18 16:58:30.860  3336  9640 I com.miui.home: CheckGCForNative gc_urgency 0.503434 current_native_bytes is 144455743
12-18 16:58:30.869 11590 11590 I wm_on_create_called: [0,119061885,com.tencent.mobileqq.activity.SplashActivity,performCreate,101]
12-18 16:58:30.870  3336  9640 I com.miui.home: CheckGCForNative adj_start_bytes: 43392897 NativeAllocationGcWatermark: 11675850 java_gc_start_bytes: 25879122 kNewNativeDiscountFactor: 2 kOldNativeDiscountFactor: 65536 old_native_bytes: 132842627 new_native_bytes: 22320060 add_bytes_allowed: 35027550 is_gc_concurrent: 1 target_footprint_: 26297937 GetBytesAllocated: 16073086 HeapGrowthMultiplier: 3
12-18 16:58:30.871  3336  9640 I com.miui.home: CheckGCForNative gc_urgency 0.627641 current_native_bytes is 155162687
12-18 16:58:30.877  3336  3748 I com.miui.home: CheckGCForNative adj_start_bytes: 43392897 NativeAllocationGcWatermark: 11675850 java_gc_start_bytes: 25879122 kNewNativeDiscountFactor: 2 kOldNativeDiscountFactor: 65536 old_native_bytes: 132842627 new_native_bytes: 11614140 add_bytes_allowed: 35027550 is_gc_concurrent: 1 target_footprint_: 26297937 GetBytesAllocated: 16094328 HeapGrowthMultiplier: 3
12-18 16:58:30.877  3336  3748 I com.miui.home: CheckGCForNative gc_urgency 0.50477 current_native_bytes is 144456767
12-18 16:58:31.089  3336  3336 I wm_on_top_resumed_gained_called: [150629719,com.miui.home.launcher.Launcher,topStateChangedWhenResumed]
12-18 16:58:31.191  3336  3748 I com.miui.home: CheckGCForNative adj_start_bytes: 43392897 NativeAllocationGcWatermark: 11675850 java_gc_start_bytes: 25879122 kNewNativeDiscountFactor: 2 kOldNativeDiscountFactor: 65536 old_native_bytes: 132842627 new_native_bytes: 11734940 add_bytes_allowed: 35027550 is_gc_concurrent: 1 target_footprint_: 26297937 GetBytesAllocated: 16605015 HeapGrowthMultiplier: 3
12-18 16:58:31.191  3336  3748 I com.miui.home: CheckGCForNative gc_urgency 0.517931 current_native_bytes is 144577567
12-18 16:58:31.209 11590 11590 I wm_on_start_called: [0,119061885,com.tencent.mobileqq.activity.SplashActivity,handleStartActivity,339]
12-18 16:58:31.277 11590 11590 I wm_on_resume_called: [0,119061885,com.tencent.mobileqq.activity.SplashActivity,RESUME_ACTIVITY,65]
12-18 16:58:32.021  3336  3336 I wm_on_top_resumed_lost_called: [150629719,com.miui.home.launcher.Launcher,topStateChangedWhenResumed]
12-18 16:58:32.035  3336  3336 I wm_on_paused_called: [0,150629719,com.miui.home.launcher.Launcher,performPause,3]
12-18 16:58:32.202  3336  7962 I com.miui.home: CheckGCForNative adj_start_bytes: 43392897 NativeAllocationGcWatermark: 11675850 java_gc_start_bytes: 25879122 kNewNativeDiscountFactor: 2 kOldNativeDiscountFactor: 65536 old_native_bytes: 132842627 new_native_bytes: 22719016 add_bytes_allowed: 35027550 is_gc_concurrent: 1 target_footprint_: 26297937 GetBytesAllocated: 17740241 HeapGrowthMultiplier: 3
12-18 16:58:32.202  3336  7962 I com.miui.home: CheckGCForNative gc_urgency 0.670658 current_native_bytes is 155561643
12-18 16:58:32.286  3336  3336 I com.miui.home: CheckGCForNative adj_start_bytes: 43392897 NativeAllocationGcWatermark: 11675850 java_gc_start_bytes: 25879122 kNewNativeDiscountFactor: 2 kOldNativeDiscountFactor: 65536 old_native_bytes: 132842627 new_native_bytes: 12021960 add_bytes_allowed: 35027550 is_gc_concurrent: 1 target_footprint_: 26297937 GetBytesAllocated: 17966800 HeapGrowthMultiplier: 3
12-18 16:58:32.286  3336  3336 I com.miui.home: CheckGCForNative gc_urgency 0.552621 current_native_bytes is 144864587
12-18 16:58:32.336  3336  3748 I com.miui.home: CheckGCForNative adj_start_bytes: 43392897 NativeAllocationGcWatermark: 11675850 java_gc_start_bytes: 25879122 kNewNativeDiscountFactor: 2 kOldNativeDiscountFactor: 65536 old_native_bytes: 132842627 new_native_bytes: 12121480 add_bytes_allowed: 35027550 is_gc_concurrent: 1 target_footprint_: 26297937 GetBytesAllocated: 18041331 HeapGrowthMultiplier: 3
12-18 16:58:32.336  3336  3748 I com.miui.home: CheckGCForNative gc_urgency 0.555485 current_native_bytes is 144964107
12-18 16:58:32.364 11952 11952 I wm_on_application_create_called: [0,com.xiaomi.bluetooth,594]
12-18 16:58:32.589  3336  7962 I com.miui.home: CheckGCForNative adj_start_bytes: 43392897 NativeAllocationGcWatermark: 11675850 java_gc_start_bytes: 25879122 kNewNativeDiscountFactor: 2 kOldNativeDiscountFactor: 65536 old_native_bytes: 132842627 new_native_bytes: 12151296 add_bytes_allowed: 35027550 is_gc_concurrent: 1 target_footprint_: 26297937 GetBytesAllocated: 18387009 HeapGrowthMultiplier: 3
12-18 16:58:32.590  3336  7962 I com.miui.home: CheckGCForNative gc_urgency 0.563795 current_native_bytes is 144993923
12-18 16:58:33.214  3336  7962 I com.miui.home: CheckGCForNative adj_start_bytes: 43392897 NativeAllocationGcWatermark: 11675850 java_gc_start_bytes: 25879122 kNewNativeDiscountFactor: 2 kOldNativeDiscountFactor: 65536 old_native_bytes: 132842627 new_native_bytes: 12349544 add_bytes_allowed: 35027550 is_gc_concurrent: 1 target_footprint_: 26297937 GetBytesAllocated: 19270140 HeapGrowthMultiplier: 3
12-18 16:58:33.215  3336  7962 I com.miui.home: CheckGCForNative gc_urgency 0.586431 current_native_bytes is 145192171
12-18 16:58:33.280 11590 11590 I wm_on_destroy_called: [0,119061885,com.tencent.mobileqq.activity.SplashActivity,performDestroy,165]
12-18 16:58:33.646 11994 11994 I wm_on_application_create_called: [0,com.tencent.mobileqq,463]
12-18 16:58:34.034  3336  3336 I wm_on_resume_called: [0,150629719,com.miui.home.launcher.Launcher,RESUME_ACTIVITY,20]
12-18 16:58:34.047  3336  3336 I com.miui.home: CheckGCForNative adj_start_bytes: 43392897 NativeAllocationGcWatermark: 11675850 java_gc_start_bytes: 25879122 kNewNativeDiscountFactor: 2 kOldNativeDiscountFactor: 65536 old_native_bytes: 132842627 new_native_bytes: 12313260 add_bytes_allowed: 35027550 is_gc_concurrent: 1 target_footprint_: 26297937 GetBytesAllocated: 20114747 HeapGrowthMultiplier: 3
12-18 16:58:34.047  3336  3336 I com.miui.home: CheckGCForNative gc_urgency 0.605477 current_native_bytes is 145155887
12-18 16:58:34.051  3336  3336 I wm_on_idle_called: com.miui.home.launcher.Launcher
12-18 16:58:34.514  3336  3390 I com.miui.home: CheckGCForNative adj_start_bytes: 43392897 NativeAllocationGcWatermark: 11675850 java_gc_start_bytes: 25879122 kNewNativeDiscountFactor: 2 kOldNativeDiscountFactor: 65536 old_native_bytes: 132842627 new_native_bytes: 23170972 add_bytes_allowed: 35027550 is_gc_concurrent: 1 target_footprint_: 26297937 GetBytesAllocated: 20962833 HeapGrowthMultiplier: 3
12-18 16:58:34.514  3336  3390 I com.miui.home: CheckGCForNative gc_urgency 0.750131 current_native_bytes is 156013599
12-18 16:58:34.515  3336  3390 I com.miui.home: CheckGCForNative adj_start_bytes: 43392897 NativeAllocationGcWatermark: 11675850 java_gc_start_bytes: 25879122 kNewNativeDiscountFactor: 2 kOldNativeDiscountFactor: 65536 old_native_bytes: 132842627 new_native_bytes: 33878108 add_bytes_allowed: 35027550 is_gc_concurrent: 1 target_footprint_: 26297937 GetBytesAllocated: 20977132 HeapGrowthMultiplier: 3
12-18 16:58:34.515  3336  3390 I com.miui.home: CheckGCForNative gc_urgency 0.873835 current_native_bytes is 166720735
12-18 16:58:34.550  3336  3336 I wm_on_top_resumed_gained_called: [150629719,com.miui.home.launcher.Launcher,topStateChangedWhenResumed]
12-18 16:58:34.736  3336  3748 I com.miui.home: CheckGCForNative adj_start_bytes: 43392897 NativeAllocationGcWatermark: 11675850 java_gc_start_bytes: 25879122 kNewNativeDiscountFactor: 2 kOldNativeDiscountFactor: 65536 old_native_bytes: 132842627 new_native_bytes: 23295132 add_bytes_allowed: 35027550 is_gc_concurrent: 1 target_footprint_: 26297937 GetBytesAllocated: 21105028 HeapGrowthMultiplier: 3
12-18 16:58:34.736  3336  3748 I com.miui.home: CheckGCForNative gc_urgency 0.754838 current_native_bytes is 156137759
12-18 16:58:34.808 11031 11031 I wm_on_paused_called: [0,88438278,com.tencent.qqlive.ona.activity.SplashHomeActivity,performPause,1087]
12-18 16:58:35.384  3336  3336 I wm_on_top_resumed_lost_called: [150629719,com.miui.home.launcher.Launcher,topStateChangedWhenResumed]
12-18 16:58:35.724  3336  3336 I wm_on_paused_called: [0,150629719,com.miui.home.launcher.Launcher,performPause,4]
12-18 16:58:35.754  3336  3729 I com.miui.home: CheckGCForNative adj_start_bytes: 43392897 NativeAllocationGcWatermark: 11675850 java_gc_start_bytes: 25879122 kNewNativeDiscountFactor: 2 kOldNativeDiscountFactor: 65536 old_native_bytes: 132842627 new_native_bytes: 23447396 add_bytes_allowed: 35027550 is_gc_concurrent: 1 target_footprint_: 26297937 GetBytesAllocated: 21883511 HeapGrowthMultiplier: 3
12-18 16:58:35.754  3336  3729 I com.miui.home: CheckGCForNative gc_urgency 0.774533 current_native_bytes is 156290023
12-18 16:58:35.808 11031 11031 I wm_on_stop_called: [0,88438278,com.tencent.qqlive.ona.activity.SplashHomeActivity,STOP_ACTIVITY_ITEM,756]
12-18 16:58:35.880  3336  9640 I com.miui.home: CheckGCForNative adj_start_bytes: 43392897 NativeAllocationGcWatermark: 11675850 java_gc_start_bytes: 25879122 kNewNativeDiscountFactor: 2 kOldNativeDiscountFactor: 65536 old_native_bytes: 132842627 new_native_bytes: 23651264 add_bytes_allowed: 35027550 is_gc_concurrent: 1 target_footprint_: 26297937 GetBytesAllocated: 22217546 HeapGrowthMultiplier: 3
12-18 16:58:35.880  3336  9640 I com.miui.home: CheckGCForNative gc_urgency 0.78458 current_native_bytes is 156493891
12-18 16:58:36.078  3336  7962 I com.miui.home: CheckGCForNative adj_start_bytes: 43392897 NativeAllocationGcWatermark: 11675850 java_gc_start_bytes: 25879122 kNewNativeDiscountFactor: 2 kOldNativeDiscountFactor: 65536 old_native_bytes: 132842627 new_native_bytes: 34356552 add_bytes_allowed: 35027550 is_gc_concurrent: 1 target_footprint_: 26297937 GetBytesAllocated: 22388970 HeapGrowthMultiplier: 3
12-18 16:58:36.078  3336  7962 I com.miui.home: CheckGCForNative gc_urgency 0.911884 current_native_bytes is 167199179
12-18 16:58:36.191  3336  3748 I com.miui.home: CheckGCForNative adj_start_bytes: 43392897 NativeAllocationGcWatermark: 11675850 java_gc_start_bytes: 25879122 kNewNativeDiscountFactor: 2 kOldNativeDiscountFactor: 65536 old_native_bytes: 132842627 new_native_bytes: 23603464 add_bytes_allowed: 35027550 is_gc_concurrent: 1 target_footprint_: 26297937 GetBytesAllocated: 22566487 HeapGrowthMultiplier: 3
12-18 16:58:36.191  3336  3748 I com.miui.home: CheckGCForNative gc_urgency 0.792071 current_native_bytes is 156446091
12-18 16:58:36.458  3336  3748 I com.miui.home: CheckGCForNative adj_start_bytes: 43392897 NativeAllocationGcWatermark: 11675850 java_gc_start_bytes: 25879122 kNewNativeDiscountFactor: 2 kOldNativeDiscountFactor: 65536 old_native_bytes: 132842627 new_native_bytes: 23955452 add_bytes_allowed: 35027550 is_gc_concurrent: 1 target_footprint_: 26297937 GetBytesAllocated: 23148719 HeapGrowthMultiplier: 3
12-18 16:58:36.458  3336  3748 I com.miui.home: CheckGCForNative gc_urgency 0.809544 current_native_bytes is 156798079
12-18 16:58:37.048 12863 12863 I wm_on_application_create_called: [0,com.taobao.taobao,425]
12-18 16:58:37.342  3336  3336 I wm_on_resume_called: [0,150629719,com.miui.home.launcher.Launcher,RESUME_ACTIVITY,20]
12-18 16:58:37.359  3336  3336 I com.miui.home: CheckGCForNative adj_start_bytes: 43392897 NativeAllocationGcWatermark: 11675850 java_gc_start_bytes: 25879122 kNewNativeDiscountFactor: 2 kOldNativeDiscountFactor: 65536 old_native_bytes: 132842627 new_native_bytes: 23697212 add_bytes_allowed: 35027550 is_gc_concurrent: 1 target_footprint_: 26297937 GetBytesAllocated: 23932018 HeapGrowthMultiplier: 3
12-18 16:58:37.359  3336  3336 I com.miui.home: CheckGCForNative gc_urgency 0.82462 current_native_bytes is 156539839
12-18 16:58:37.370  3336  3336 I wm_on_idle_called: com.miui.home.launcher.Launcher
12-18 16:58:37.562 12863 12863 I wm_on_create_called: [0,61270092,com.taobao.tao.welcome.Welcome,performCreate,500]
12-18 16:58:37.602  3336  3391 I com.miui.home: CheckGCForNative adj_start_bytes: 43392897 NativeAllocationGcWatermark: 11675850 java_gc_start_bytes: 25879122 kNewNativeDiscountFactor: 2 kOldNativeDiscountFactor: 65536 old_native_bytes: 132842627 new_native_bytes: 34415168 add_bytes_allowed: 35027550 is_gc_concurrent: 1 target_footprint_: 26297937 GetBytesAllocated: 24137293 HeapGrowthMultiplier: 3
12-18 16:58:37.602  3336  3391 I com.miui.home: CheckGCForNative gc_urgency 0.95285 current_native_bytes is 167257795
12-18 16:58:37.603  3336  3391 I com.miui.home: CheckGCForNative adj_start_bytes: 43392897 NativeAllocationGcWatermark: 11675850 java_gc_start_bytes: 25879122 kNewNativeDiscountFactor: 2 kOldNativeDiscountFactor: 65536 old_native_bytes: 132842627 new_native_bytes: 45122112 add_bytes_allowed: 35027550 is_gc_concurrent: 1 target_footprint_: 26297937 GetBytesAllocated: 24148225 HeapGrowthMultiplier: 3
12-18 16:58:37.603  3336  3391 I com.miui.home: CheckGCForNative gc_urgency 1.07647 current_native_bytes is 177964739
12-18 16:58:37.603  3336  3391 I com.miui.home: CheckGCForNative requested 1
12-18 16:58:37.721  3336  3336 I wm_on_top_resumed_gained_called: [150629719,com.miui.home.launcher.Launcher,topStateChangedWhenResumed]
12-18 16:58:37.728  3336  3385 I com.miui.home: NativeAlloc concurrent copying GC freed 239082(10186KB) AllocSpace objects, 40(1128KB) LOS objects, 49% free, 12MB/25MB, paused 155us,31us total 125.094ms
12-18 16:58:37.791  3336  3748 I com.miui.home: CheckGCForNative gc_urgency 0 current_native_bytes is 130067007
12-18 16:58:37.817 12863 12863 I wm_on_start_called: [0,61270092,com.taobao.tao.welcome.Welcome,handleStartActivity,254]
12-18 16:58:37.945 12863 12863 I wm_on_resume_called: [0,61270092,com.taobao.tao.welcome.Welcome,RESUME_ACTIVITY,118]
12-18 16:58:38.101  3336  3747 I com.miui.home: CheckGCForNative adj_start_bytes: 43768525 NativeAllocationGcWatermark: 11726492 java_gc_start_bytes: 26178787 kNewNativeDiscountFactor: 2 kOldNativeDiscountFactor: 65536 old_native_bytes: 130067007 new_native_bytes: 10675760 add_bytes_allowed: 35179476 is_gc_concurrent: 1 target_footprint_: 26703075 GetBytesAllocated: 13578497 HeapGrowthMultiplier: 3
12-18 16:58:38.101  3336  3747 I com.miui.home: CheckGCForNative gc_urgency 0.432237 current_native_bytes is 140742767
12-18 16:58:38.104  3336  3747 I com.miui.home: CheckGCForNative adj_start_bytes: 43768525 NativeAllocationGcWatermark: 11726492 java_gc_start_bytes: 26178787 kNewNativeDiscountFactor: 2 kOldNativeDiscountFactor: 65536 old_native_bytes: 130067007 new_native_bytes: 21383024 add_bytes_allowed: 35179476 is_gc_concurrent: 1 target_footprint_: 26703075 GetBytesAllocated: 13578689 HeapGrowthMultiplier: 3
12-18 16:58:38.104  3336  3747 I com.miui.home: CheckGCForNative gc_urgency 0.554558 current_native_bytes is 151450031
12-18 16:58:38.110 12863 12863 I wm_on_top_resumed_gained_called: [61270092,com.taobao.tao.welcome.Welcome,topStateChangedWhenResumed]
12-18 16:58:38.131 12863 12863 I wm_on_top_resumed_lost_called: [61270092,com.taobao.tao.welcome.Welcome,topStateChangedWhenResumed]
12-18 16:58:38.478  3336  3336 I wm_on_top_resumed_lost_called: [150629719,com.miui.home.launcher.Launcher,topStateChangedWhenResumed]
12-18 16:58:38.534 11360 11360 I wm_on_application_create_called: [0,com.tencent.mm,2911]
12-18 16:58:38.627  3336  3336 I wm_on_paused_called: [0,150629719,com.miui.home.launcher.Launcher,performPause,3]
12-18 16:58:38.663  3336  3729 I com.miui.home: CheckGCForNative adj_start_bytes: 43768525 NativeAllocationGcWatermark: 11726492 java_gc_start_bytes: 26178787 kNewNativeDiscountFactor: 2 kOldNativeDiscountFactor: 65536 old_native_bytes: 130067007 new_native_bytes: 10657600 add_bytes_allowed: 35179476 is_gc_concurrent: 1 target_footprint_: 26703075 GetBytesAllocated: 14163336 HeapGrowthMultiplier: 3
12-18 16:58:38.666  3336  3729 I com.miui.home: CheckGCForNative gc_urgency 0.445391 current_native_bytes is 140724607
12-18 16:58:38.735  3336  3390 I com.miui.home: CheckGCForNative adj_start_bytes: 43768525 NativeAllocationGcWatermark: 11726492 java_gc_start_bytes: 26178787 kNewNativeDiscountFactor: 2 kOldNativeDiscountFactor: 65536 old_native_bytes: 130067007 new_native_bytes: 10774448 add_bytes_allowed: 35179476 is_gc_concurrent: 1 target_footprint_: 26703075 GetBytesAllocated: 14239856 HeapGrowthMultiplier: 3
12-18 16:58:38.735  3336  3390 I com.miui.home: CheckGCForNative gc_urgency 0.448474 current_native_bytes is 140841455
12-18 16:58:39.011 11360 11360 I wm_on_create_called: [0,185184207,com.tencent.mm.ui.LauncherUI,performCreate,224]
12-18 16:58:39.025  3336  3748 I com.miui.home: CheckGCForNative adj_start_bytes: 43768525 NativeAllocationGcWatermark: 11726492 java_gc_start_bytes: 26178787 kNewNativeDiscountFactor: 2 kOldNativeDiscountFactor: 65536 old_native_bytes: 130067007 new_native_bytes: 11563816 add_bytes_allowed: 35179476 is_gc_concurrent: 1 target_footprint_: 26703075 GetBytesAllocated: 14831289 HeapGrowthMultiplier: 3
12-18 16:58:39.025  3336  3748 I com.miui.home: CheckGCForNative gc_urgency 0.471005 current_native_bytes is 141630823
12-18 16:58:39.145  3336  7962 I com.miui.home: CheckGCForNative adj_start_bytes: 43768525 NativeAllocationGcWatermark: 11726492 java_gc_start_bytes: 26178787 kNewNativeDiscountFactor: 2 kOldNativeDiscountFactor: 65536 old_native_bytes: 130067007 new_native_bytes: 22341052 add_bytes_allowed: 35179476 is_gc_concurrent: 1 target_footprint_: 26703075 GetBytesAllocated: 15099338 HeapGrowthMultiplier: 3
12-18 16:58:39.145  3336  7962 I com.miui.home: CheckGCForNative gc_urgency 0.600245 current_native_bytes is 152408059
12-18 16:58:39.345  3336  7962 I com.miui.home: CheckGCForNative adj_start_bytes: 43768525 NativeAllocationGcWatermark: 11726492 java_gc_start_bytes: 26178787 kNewNativeDiscountFactor: 2 kOldNativeDiscountFactor: 65536 old_native_bytes: 130067007 new_native_bytes: 11532944 add_bytes_allowed: 35179476 is_gc_concurrent: 1 target_footprint_: 26703075 GetBytesAllocated: 15612285 HeapGrowthMultiplier: 3
12-18 16:58:39.345  3336  7962 I com.miui.home: CheckGCForNative gc_urgency 0.488496 current_native_bytes is 141599951
12-18 16:58:39.387 11360 11360 I wm_on_create_called: [0,226330380,com.tencent.mm.app.WeChatSplashActivity,performCreate,15]
12-18 16:58:39.427 11360 11360 I wm_on_start_called: [0,226330380,com.tencent.mm.app.WeChatSplashActivity,handleStartActivity,11]
12-18 16:58:39.462 11360 11360 I wm_on_resume_called: [0,226330380,com.tencent.mm.app.WeChatSplashActivity,RESUME_ACTIVITY,33]
12-18 16:58:39.484 11745 11745 I wm_on_application_create_called: [0,com.tencent.mm,1032]
12-18 16:58:39.569  3336  7962 I com.miui.home: CheckGCForNative adj_start_bytes: 43768525 NativeAllocationGcWatermark: 11726492 java_gc_start_bytes: 26178787 kNewNativeDiscountFactor: 2 kOldNativeDiscountFactor: 65536 old_native_bytes: 130067007 new_native_bytes: 11843652 add_bytes_allowed: 35179476 is_gc_concurrent: 1 target_footprint_: 26703075 GetBytesAllocated: 16246009 HeapGrowthMultiplier: 3
12-18 16:58:39.569  3336  7962 I com.miui.home: CheckGCForNative gc_urgency 0.506524 current_native_bytes is 141910659
12-18 16:58:39.570 11360 11360 I wm_on_top_resumed_gained_called: [226330380,com.tencent.mm.app.WeChatSplashActivity,topStateChangedWhenResumed]
12-18 16:58:39.644 12863 12863 I wm_on_paused_called: [0,61270092,com.taobao.tao.welcome.Welcome,performPause,47]
12-18 16:58:39.819 12863 12863 I wm_on_stop_called: [0,61270092,com.taobao.tao.welcome.Welcome,STOP_ACTIVITY_ITEM,132]
12-18 16:58:40.095 11360 11360 I wm_on_top_resumed_lost_called: [226330380,com.tencent.mm.app.WeChatSplashActivity,topStateChangedWhenResumed]
12-18 16:58:40.144 11360 11360 I wm_on_paused_called: [0,226330380,com.tencent.mm.app.WeChatSplashActivity,performPause,3]
12-18 16:58:40.338 12863 12863 I wm_on_idle_called: com.taobao.tao.welcome.Welcome
12-18 16:58:40.371  3336  3336 I wm_on_stop_called: [0,150629719,com.miui.home.launcher.Launcher,STOP_ACTIVITY_ITEM,9]
12-18 16:58:40.524  3336  3336 I wm_on_restart_called: [0,150629719,com.miui.home.launcher.Launcher,,0]
12-18 16:58:40.527  3336  3336 I wm_on_start_called: [0,150629719,com.miui.home.launcher.Launcher,handleStartActivity,2]
12-18 16:58:40.550  3336  3336 I wm_on_resume_called: [0,150629719,com.miui.home.launcher.Launcher,RESUME_ACTIVITY,20]
12-18 16:58:40.653  3336  3336 I wm_on_idle_called: com.miui.home.launcher.Launcher
12-18 16:58:40.820 11360 11360 I wm_on_create_called: [0,21390112,com.tencent.mm.ui.LauncherUI,performCreate,577]
12-18 16:58:40.862  3336  3390 I com.miui.home: CheckGCForNative gc_urgency 0 current_native_bytes is 130224299
12-18 16:58:40.872  3336  3390 I com.miui.home: CheckGCForNative adj_start_bytes: 43427925 NativeAllocationGcWatermark: 11690639 java_gc_start_bytes: 25891967 kNewNativeDiscountFactor: 2 kOldNativeDiscountFactor: 65536 old_native_bytes: 130224299 new_native_bytes: 10726976 add_bytes_allowed: 35071917 is_gc_concurrent: 1 target_footprint_: 26416255 GetBytesAllocated: 14066097 HeapGrowthMultiplier: 3
12-18 16:58:40.872  3336  3390 I com.miui.home: CheckGCForNative gc_urgency 0.447444 current_native_bytes is 140951275
12-18 16:58:40.890 11360 11360 I wm_on_start_called: [0,21390112,com.tencent.mm.ui.LauncherUI,handleStartActivity,27]
12-18 16:58:40.911  3336  3747 I com.miui.home: CheckGCForNative adj_start_bytes: 43427925 NativeAllocationGcWatermark: 11690639 java_gc_start_bytes: 25891967 kNewNativeDiscountFactor: 2 kOldNativeDiscountFactor: 65536 old_native_bytes: 130224299 new_native_bytes: 10711040 add_bytes_allowed: 35071917 is_gc_concurrent: 1 target_footprint_: 26416255 GetBytesAllocated: 14166349 HeapGrowthMultiplier: 3
12-18 16:58:40.911  3336  3747 I com.miui.home: CheckGCForNative gc_urgency 0.449569 current_native_bytes is 140935339
12-18 16:58:40.918  3336  3747 I com.miui.home: CheckGCForNative adj_start_bytes: 43427925 NativeAllocationGcWatermark: 11690639 java_gc_start_bytes: 25891967 kNewNativeDiscountFactor: 2 kOldNativeDiscountFactor: 65536 old_native_bytes: 130224299 new_native_bytes: 21417984 add_bytes_allowed: 35071917 is_gc_concurrent: 1 target_footprint_: 26416255 GetBytesAllocated: 14166557 HeapGrowthMultiplier: 3
12-18 16:58:40.918  3336  3747 I com.miui.home: CheckGCForNative gc_urgency 0.572847 current_native_bytes is 151642283
12-18 16:58:40.926  3336  3336 I wm_on_paused_called: [0,150629719,com.miui.home.launcher.Launcher,performPause,3]
12-18 16:58:40.972 11360 11360 I wm_on_resume_called: [0,21390112,com.tencent.mm.ui.LauncherUI,RESUME_ACTIVITY,80]
12-18 16:58:40.990 11360 11360 I wm_on_top_resumed_gained_called: [21390112,com.tencent.mm.ui.LauncherUI,topStateChangedWhenResumed]
12-18 16:58:40.996 11360 11360 I wm_on_destroy_called: [0,185184207,com.tencent.mm.ui.LauncherUI,performDestroy,3]
12-18 16:58:41.016 11360 11360 I wm_on_top_resumed_lost_called: [21390112,com.tencent.mm.ui.LauncherUI,topStateChangedWhenResumed]
12-18 16:58:41.050  3336  7962 I com.miui.home: CheckGCForNative adj_start_bytes: 43427925 NativeAllocationGcWatermark: 11690639 java_gc_start_bytes: 25891967 kNewNativeDiscountFactor: 2 kOldNativeDiscountFactor: 65536 old_native_bytes: 130224299 new_native_bytes: 22236684 add_bytes_allowed: 35071917 is_gc_concurrent: 1 target_footprint_: 26416255 GetBytesAllocated: 14574165 HeapGrowthMultiplier: 3
12-18 16:58:41.050  3336  7962 I com.miui.home: CheckGCForNative gc_urgency 0.591658 current_native_bytes is 152460983
12-18 16:58:41.070 11360 11360 I wm_on_paused_called: [0,21390112,com.tencent.mm.ui.LauncherUI,performPause,21]
12-18 16:58:41.151  3336  7962 I com.miui.home: CheckGCForNative adj_start_bytes: 43427925 NativeAllocationGcWatermark: 11690639 java_gc_start_bytes: 25891967 kNewNativeDiscountFactor: 2 kOldNativeDiscountFactor: 65536 old_native_bytes: 130224299 new_native_bytes: 11560012 add_bytes_allowed: 35071917 is_gc_concurrent: 1 target_footprint_: 26416255 GetBytesAllocated: 14809393 HeapGrowthMultiplier: 3
12-18 16:58:41.151  3336  7962 I com.miui.home: CheckGCForNative gc_urgency 0.474151 current_native_bytes is 141784311
12-18 16:58:41.282  3336  7962 I com.miui.home: CheckGCForNative adj_start_bytes: 43427925 NativeAllocationGcWatermark: 11690639 java_gc_start_bytes: 25891967 kNewNativeDiscountFactor: 2 kOldNativeDiscountFactor: 65536 old_native_bytes: 130224299 new_native_bytes: 22457748 add_bytes_allowed: 35071917 is_gc_concurrent: 1 target_footprint_: 26416255 GetBytesAllocated: 15709952 HeapGrowthMultiplier: 3
12-18 16:58:41.286  3336  7962 I com.miui.home: CheckGCForNative gc_urgency 0.620357 current_native_bytes is 152682047
12-18 16:58:41.306 11360 11360 I wm_on_create_called: [0,76581141,com.tencent.mm.plugin.account.ui.WelcomeActivity,performCreate,100]
12-18 16:58:41.310 11360 11360 I wm_on_start_called: [0,76581141,com.tencent.mm.plugin.account.ui.WelcomeActivity,handleStartActivity,4]
12-18 16:58:41.320 11360 11360 I wm_on_resume_called: [0,76581141,com.tencent.mm.plugin.account.ui.WelcomeActivity,RESUME_ACTIVITY,8]
12-18 16:58:41.342 11360 11360 I wm_on_top_resumed_gained_called: [76581141,com.tencent.mm.plugin.account.ui.WelcomeActivity,topStateChangedWhenResumed]
12-18 16:58:41.538  3336  7962 I com.miui.home: CheckGCForNative adj_start_bytes: 43427925 NativeAllocationGcWatermark: 11690639 java_gc_start_bytes: 25891967 kNewNativeDiscountFactor: 2 kOldNativeDiscountFactor: 65536 old_native_bytes: 130224299 new_native_bytes: 22867192 add_bytes_allowed: 35071917 is_gc_concurrent: 1 target_footprint_: 26416255 GetBytesAllocated: 16436591 HeapGrowthMultiplier: 3
12-18 16:58:41.538  3336  7962 I com.miui.home: CheckGCForNative gc_urgency 0.641803 current_native_bytes is 153091491
12-18 16:58:41.594  3336  3336 I wm_on_resume_called: [0,150629719,com.miui.home.launcher.Launcher,RESUME_ACTIVITY,18]
12-18 16:58:41.599  3336  3336 I wm_on_idle_called: com.miui.home.launcher.Launcher
12-18 16:58:41.621 11360 11360 I wm_on_top_resumed_lost_called: [76581141,com.tencent.mm.plugin.account.ui.WelcomeActivity,topStateChangedWhenResumed]
12-18 16:58:41.662  3336  3336 I wm_on_top_resumed_gained_called: [150629719,com.miui.home.launcher.Launcher,topStateChangedWhenResumed]
12-18 16:58:41.749  3336  3391 I com.miui.home: CheckGCForNative adj_start_bytes: 43427925 NativeAllocationGcWatermark: 11690639 java_gc_start_bytes: 25891967 kNewNativeDiscountFactor: 2 kOldNativeDiscountFactor: 65536 old_native_bytes: 130224299 new_native_bytes: 22860340 add_bytes_allowed: 35071917 is_gc_concurrent: 1 target_footprint_: 26416255 GetBytesAllocated: 17490352 HeapGrowthMultiplier: 3
12-18 16:58:41.749  3336  3391 I com.miui.home: CheckGCForNative gc_urgency 0.665989 current_native_bytes is 153084639
12-18 16:58:41.750  3336  3391 I com.miui.home: CheckGCForNative adj_start_bytes: 43427925 NativeAllocationGcWatermark: 11690639 java_gc_start_bytes: 25891967 kNewNativeDiscountFactor: 2 kOldNativeDiscountFactor: 65536 old_native_bytes: 130224299 new_native_bytes: 33560116 add_bytes_allowed: 35071917 is_gc_concurrent: 1 target_footprint_: 26416255 GetBytesAllocated: 17490544 HeapGrowthMultiplier: 3
12-18 16:58:41.750  3336  3391 I com.miui.home: CheckGCForNative gc_urgency 0.789183 current_native_bytes is 163784415
12-18 16:58:41.836  3336  3748 I com.miui.home: CheckGCForNative adj_start_bytes: 43427925 NativeAllocationGcWatermark: 11690639 java_gc_start_bytes: 25891967 kNewNativeDiscountFactor: 2 kOldNativeDiscountFactor: 65536 old_native_bytes: 130224299 new_native_bytes: 22876740 add_bytes_allowed: 35071917 is_gc_concurrent: 1 target_footprint_: 26416255 GetBytesAllocated: 17555582 HeapGrowthMultiplier: 3
12-18 16:58:41.836  3336  3748 I com.miui.home: CheckGCForNative gc_urgency 0.66768 current_native_bytes is 153101039
12-18 16:58:41.891  3336  3748 I com.miui.home: CheckGCForNative adj_start_bytes: 43427925 NativeAllocationGcWatermark: 11690639 java_gc_start_bytes: 25891967 kNewNativeDiscountFactor: 2 kOldNativeDiscountFactor: 65536 old_native_bytes: 130224299 new_native_bytes: 22881380 add_bytes_allowed: 35071917 is_gc_concurrent: 1 target_footprint_: 26416255 GetBytesAllocated: 17578029 HeapGrowthMultiplier: 3
12-18 16:58:41.891  3336  3748 I com.miui.home: CheckGCForNative gc_urgency 0.66825 current_native_bytes is 153105679
12-18 16:58:42.191  3336  3748 I com.miui.home: CheckGCForNative adj_start_bytes: 43427925 NativeAllocationGcWatermark: 11690639 java_gc_start_bytes: 25891967 kNewNativeDiscountFactor: 2 kOldNativeDiscountFactor: 65536 old_native_bytes: 130224299 new_native_bytes: 22876324 add_bytes_allowed: 35071917 is_gc_concurrent: 1 target_footprint_: 26416255 GetBytesAllocated: 17700854 HeapGrowthMultiplier: 3
12-18 16:58:42.191  3336  3748 I com.miui.home: CheckGCForNative gc_urgency 0.67102 current_native_bytes is 153100623
12-18 16:58:42.230  3336  3747 I com.miui.home: CheckGCForNative adj_start_bytes: 43427925 NativeAllocationGcWatermark: 11690639 java_gc_start_bytes: 25891967 kNewNativeDiscountFactor: 2 kOldNativeDiscountFactor: 65536 old_native_bytes: 130224299 new_native_bytes: 33520292 add_bytes_allowed: 35071917 is_gc_concurrent: 1 target_footprint_: 26416255 GetBytesAllocated: 17718129 HeapGrowthMultiplier: 3
12-18 16:58:42.230  3336  3747 I com.miui.home: CheckGCForNative gc_urgency 0.793965 current_native_bytes is 163744591
12-18 16:58:42.232  3336  3747 I com.miui.home: CheckGCForNative adj_start_bytes: 43427925 NativeAllocationGcWatermark: 11690639 java_gc_start_bytes: 25891967 kNewNativeDiscountFactor: 2 kOldNativeDiscountFactor: 65536 old_native_bytes: 130224299 new_native_bytes: 44226980 add_bytes_allowed: 35071917 is_gc_concurrent: 1 target_footprint_: 26416255 GetBytesAllocated: 17726804 HeapGrowthMultiplier: 3
12-18 16:58:42.232  3336  3747 I com.miui.home: CheckGCForNative gc_urgency 0.917435 current_native_bytes is 174451279
12-18 16:58:42.256 11360 11360 I wm_on_paused_called: [0,76581141,com.tencent.mm.plugin.account.ui.WelcomeActivity,performPause,5]
12-18 16:58:42.310 11360 11360 I wm_on_stop_called: [0,226330380,com.tencent.mm.app.WeChatSplashActivity,LIFECYCLER_STOP_ACTIVITY,6]
12-18 16:58:42.318 11360 11360 I wm_on_destroy_called: [0,226330380,com.tencent.mm.app.WeChatSplashActivity,performDestroy,7]
12-18 16:58:42.351 11360 11360 I wm_on_stop_called: [0,21390112,com.tencent.mm.ui.LauncherUI,STOP_ACTIVITY_ITEM,5]
12-18 16:58:42.360 11360 11360 I wm_on_stop_called: [0,76581141,com.tencent.mm.plugin.account.ui.WelcomeActivity,STOP_ACTIVITY_ITEM,5]
12-18 16:58:42.388 11360 11360 I wm_on_idle_called: com.tencent.mm.ui.LauncherUI
12-18 16:58:42.388 11360 11360 I wm_on_idle_called: com.tencent.mm.plugin.account.ui.WelcomeActivity
12-18 16:58:42.510  3336  7962 I com.miui.home: CheckGCForNative adj_start_bytes: 43427925 NativeAllocationGcWatermark: 11690639 java_gc_start_bytes: 25891967 kNewNativeDiscountFactor: 2 kOldNativeDiscountFactor: 65536 old_native_bytes: 130224299 new_native_bytes: 44277648 add_bytes_allowed: 35071917 is_gc_concurrent: 1 target_footprint_: 26416255 GetBytesAllocated: 18491918 HeapGrowthMultiplier: 3
12-18 16:58:42.510  3336  7962 I com.miui.home: CheckGCForNative gc_urgency 0.935636 current_native_bytes is 174501947
12-18 16:58:42.676  3336  3336 I wm_on_top_resumed_lost_called: [150629719,com.miui.home.launcher.Launcher,topStateChangedWhenResumed]
12-18 16:58:42.681  3336  3336 I wm_on_paused_called: [0,150629719,com.miui.home.launcher.Launcher,performPause,3]
12-18 16:58:42.902  3336  3748 I com.miui.home: CheckGCForNative adj_start_bytes: 43427925 NativeAllocationGcWatermark: 11690639 java_gc_start_bytes: 25891967 kNewNativeDiscountFactor: 2 kOldNativeDiscountFactor: 65536 old_native_bytes: 130224299 new_native_bytes: 34037480 add_bytes_allowed: 35071917 is_gc_concurrent: 1 target_footprint_: 26416255 GetBytesAllocated: 19259094 HeapGrowthMultiplier: 3
12-18 16:58:42.902  3336  3748 I com.miui.home: CheckGCForNative gc_urgency 0.835403 current_native_bytes is 164261779
12-18 16:58:42.995  3336  7962 I com.miui.home: CheckGCForNative adj_start_bytes: 43427925 NativeAllocationGcWatermark: 11690639 java_gc_start_bytes: 25891967 kNewNativeDiscountFactor: 2 kOldNativeDiscountFactor: 65536 old_native_bytes: 130224299 new_native_bytes: 34028392 add_bytes_allowed: 35071917 is_gc_concurrent: 1 target_footprint_: 26416255 GetBytesAllocated: 19578881 HeapGrowthMultiplier: 3
12-18 16:58:42.995  3336  7962 I com.miui.home: CheckGCForNative gc_urgency 0.842662 current_native_bytes is 164252691
12-18 16:58:43.169  3336  3748 I com.miui.home: CheckGCForNative adj_start_bytes: 43427925 NativeAllocationGcWatermark: 11690639 java_gc_start_bytes: 25891967 kNewNativeDiscountFactor: 2 kOldNativeDiscountFactor: 65536 old_native_bytes: 130224299 new_native_bytes: 34217652 add_bytes_allowed: 35071917 is_gc_concurrent: 1 target_footprint_: 26416255 GetBytesAllocated: 19984471 HeapGrowthMultiplier: 3
12-18 16:58:43.169  3336  3748 I com.miui.home: CheckGCForNative gc_urgency 0.85418 current_native_bytes is 164441951
12-18 16:58:43.372 13699 13699 I wm_on_application_create_called: [0,com.sina.weibo,256]
12-18 16:58:43.562 13699 13699 I wm_on_create_called: [0,55505028,com.sina.weibo.SplashActivity,performCreate,130]
12-18 16:58:43.589 13699 13699 I wm_on_start_called: [0,55505028,com.sina.weibo.SplashActivity,handleStartActivity,26]
12-18 16:58:43.602 13699 13699 I wm_on_resume_called: [0,55505028,com.sina.weibo.SplashActivity,RESUME_ACTIVITY,10]
12-18 16:58:43.652 13699 13699 I wm_on_top_resumed_gained_called: [55505028,com.sina.weibo.SplashActivity,topStateChangedWhenResumed]
12-18 16:58:43.870  3336  3336 I wm_on_stop_called: [0,150629719,com.miui.home.launcher.Launcher,STOP_ACTIVITY_ITEM,4]
12-18 16:58:44.009 13794 13794 I wm_on_application_create_called: [0,com.sina.weibo,389]
12-18 16:58:44.154 13699 13699 I wm_on_idle_called: com.sina.weibo.SplashActivity
12-18 16:58:45.257 13699 13699 I wm_on_top_resumed_lost_called: [55505028,com.sina.weibo.SplashActivity,topStateChangedWhenResumed]
12-18 16:58:45.265  3336  3336 I wm_on_restart_called: [0,150629719,com.miui.home.launcher.Launcher,,0]
12-18 16:58:45.267  3336  3336 I wm_on_start_called: [0,150629719,com.miui.home.launcher.Launcher,handleStartActivity,2]
12-18 16:58:45.288  3336  3336 I wm_on_resume_called: [0,150629719,com.miui.home.launcher.Launcher,RESUME_ACTIVITY,19]
12-18 16:58:45.379  3336  3336 I wm_on_top_resumed_gained_called: [150629719,com.miui.home.launcher.Launcher,topStateChangedWhenResumed]
12-18 16:58:45.386  3336  3336 I wm_on_idle_called: com.miui.home.launcher.Launcher
12-18 16:58:45.462  3336  3403 I com.miui.home: CheckGCForNative gc_urgency 0 current_native_bytes is 130131099
12-18 16:58:45.465  3336  3403 I com.miui.home: CheckGCForNative adj_start_bytes: 42816386 NativeAllocationGcWatermark: 11588400 java_gc_start_bytes: 25433786 kNewNativeDiscountFactor: 2 kOldNativeDiscountFactor: 65536 old_native_bytes: 130131099 new_native_bytes: 10663936 add_bytes_allowed: 34765200 is_gc_concurrent: 1 target_footprint_: 25598343 GetBytesAllocated: 14461731 HeapGrowthMultiplier: 3
12-18 16:58:45.465  3336  3403 I com.miui.home: CheckGCForNative gc_urgency 0.462339 current_native_bytes is 140795035
12-18 16:58:45.471  3336  3748 I com.miui.home: CheckGCForNative gc_urgency 0 current_native_bytes is 130089339
12-18 16:58:45.569  3336  3748 I com.miui.home: CheckGCForNative adj_start_bytes: 42816386 NativeAllocationGcWatermark: 11588400 java_gc_start_bytes: 25433786 kNewNativeDiscountFactor: 2 kOldNativeDiscountFactor: 65536 old_native_bytes: 130089339 new_native_bytes: 27712 add_bytes_allowed: 34765200 is_gc_concurrent: 1 target_footprint_: 25598343 GetBytesAllocated: 14534477 HeapGrowthMultiplier: 3
12-18 16:58:45.569  3336  3748 I com.miui.home: CheckGCForNative gc_urgency 0.339831 current_native_bytes is 130117051
12-18 16:58:45.780  3336  3748 I com.miui.home: CheckGCForNative adj_start_bytes: 42816386 NativeAllocationGcWatermark: 11588400 java_gc_start_bytes: 25433786 kNewNativeDiscountFactor: 2 kOldNativeDiscountFactor: 65536 old_native_bytes: 130089339 new_native_bytes: 44544 add_bytes_allowed: 34765200 is_gc_concurrent: 1 target_footprint_: 25598343 GetBytesAllocated: 14610411 HeapGrowthMultiplier: 3
12-18 16:58:45.780  3336  3748 I com.miui.home: CheckGCForNative gc_urgency 0.341801 current_native_bytes is 130133883
12-18 16:58:45.946  3336  3747 I com.miui.home: CheckGCForNative adj_start_bytes: 42816386 NativeAllocationGcWatermark: 11588400 java_gc_start_bytes: 25433786 kNewNativeDiscountFactor: 2 kOldNativeDiscountFactor: 65536 old_native_bytes: 130089339 new_native_bytes: 10653248 add_bytes_allowed: 34765200 is_gc_concurrent: 1 target_footprint_: 25598343 GetBytesAllocated: 14688611 HeapGrowthMultiplier: 3
12-18 16:58:45.946  3336  3747 I com.miui.home: CheckGCForNative gc_urgency 0.467513 current_native_bytes is 140742587
12-18 16:58:45.949  3336  3747 I com.miui.home: CheckGCForNative adj_start_bytes: 42816386 NativeAllocationGcWatermark: 11588400 java_gc_start_bytes: 25433786 kNewNativeDiscountFactor: 2 kOldNativeDiscountFactor: 65536 old_native_bytes: 130089339 new_native_bytes: 21360192 add_bytes_allowed: 34765200 is_gc_concurrent: 1 target_footprint_: 25598343 GetBytesAllocated: 14690981 HeapGrowthMultiplier: 3
12-18 16:58:45.950  3336  3747 I com.miui.home: CheckGCForNative gc_urgency 0.592602 current_native_bytes is 151449531
12-18 16:58:45.970 13699 13699 I wm_on_paused_called: [0,55505028,com.sina.weibo.SplashActivity,performPause,3]
12-18 16:58:46.088 13699 13699 I wm_on_stop_called: [0,55505028,com.sina.weibo.SplashActivity,STOP_ACTIVITY_ITEM,11]
12-18 16:58:46.326  3336  3336 I wm_on_top_resumed_lost_called: [150629719,com.miui.home.launcher.Launcher,topStateChangedWhenResumed]
12-18 16:58:46.332  3336  3336 I wm_on_paused_called: [0,150629719,com.miui.home.launcher.Launcher,performPause,3]
12-18 16:58:46.341  3336  7962 I com.miui.home: CheckGCForNative adj_start_bytes: 42816386 NativeAllocationGcWatermark: 11588400 java_gc_start_bytes: 25433786 kNewNativeDiscountFactor: 2 kOldNativeDiscountFactor: 65536 old_native_bytes: 130089339 new_native_bytes: 22342764 add_bytes_allowed: 34765200 is_gc_concurrent: 1 target_footprint_: 25598343 GetBytesAllocated: 15725796 HeapGrowthMultiplier: 3
12-18 16:58:46.341  3336  7962 I com.miui.home: CheckGCForNative gc_urgency 0.62825 current_native_bytes is 152432103
12-18 16:58:46.484  3336  3403 I com.miui.home: CheckGCForNative adj_start_bytes: 42816386 NativeAllocationGcWatermark: 11588400 java_gc_start_bytes: 25433786 kNewNativeDiscountFactor: 2 kOldNativeDiscountFactor: 65536 old_native_bytes: 130089339 new_native_bytes: 11705228 add_bytes_allowed: 34765200 is_gc_concurrent: 1 target_footprint_: 25598343 GetBytesAllocated: 16095841 HeapGrowthMultiplier: 3
12-18 16:58:46.485  3336  3403 I com.miui.home: CheckGCForNative gc_urgency 0.512664 current_native_bytes is 141794567
12-18 16:58:46.636  3336  3748 I com.miui.home: CheckGCForNative adj_start_bytes: 42816386 NativeAllocationGcWatermark: 11588400 java_gc_start_bytes: 25433786 kNewNativeDiscountFactor: 2 kOldNativeDiscountFactor: 65536 old_native_bytes: 130089339 new_native_bytes: 11873476 add_bytes_allowed: 34765200 is_gc_concurrent: 1 target_footprint_: 25598343 GetBytesAllocated: 16454785 HeapGrowthMultiplier: 3
12-18 16:58:46.636  3336  3748 I com.miui.home: CheckGCForNative gc_urgency 0.523013 current_native_bytes is 141962815
12-18 16:58:46.747  3336  3748 I com.miui.home: CheckGCForNative adj_start_bytes: 42816386 NativeAllocationGcWatermark: 11588400 java_gc_start_bytes: 25433786 kNewNativeDiscountFactor: 2 kOldNativeDiscountFactor: 65536 old_native_bytes: 130089339 new_native_bytes: 12015864 add_bytes_allowed: 34765200 is_gc_concurrent: 1 target_footprint_: 25598343 GetBytesAllocated: 16812064 HeapGrowthMultiplier: 3
12-18 16:58:46.747  3336  3748 I com.miui.home: CheckGCForNative gc_urgency 0.53302 current_native_bytes is 142105203
12-18 16:58:47.025  3336  3748 I com.miui.home: CheckGCForNative adj_start_bytes: 42816386 NativeAllocationGcWatermark: 11588400 java_gc_start_bytes: 25433786 kNewNativeDiscountFactor: 2 kOldNativeDiscountFactor: 65536 old_native_bytes: 130089339 new_native_bytes: 12283724 add_bytes_allowed: 34765200 is_gc_concurrent: 1 target_footprint_: 25598343 GetBytesAllocated: 17459093 HeapGrowthMultiplier: 3
12-18 16:58:47.025  3336  3748 I com.miui.home: CheckGCForNative gc_urgency 0.55126 current_native_bytes is 142373063
12-18 16:58:47.158 14065 14065 I wm_on_application_create_called: [0,com.UCMobile,275]
12-18 16:58:47.333 14065 14065 I wm_on_create_called: [0,108788733,com.UCMobile.main.UCMobile,performCreate,156]
12-18 16:58:47.463 14065 14065 I wm_on_create_called: [0,123165310,com.uc.browser.InnerUCMobile,performCreate,48]
12-18 16:58:47.488 14065 14065 I wm_on_start_called: [0,123165310,com.uc.browser.InnerUCMobile,handleStartActivity,25]
12-18 16:58:47.506 14065 14065 I wm_on_resume_called: [0,123165310,com.uc.browser.InnerUCMobile,RESUME_ACTIVITY,9]
12-18 16:58:47.668 14065 14065 I wm_on_top_resumed_gained_called: [123165310,com.uc.browser.InnerUCMobile,topStateChangedWhenResumed]
12-18 16:58:48.221  3336  3336 I wm_on_stop_called: [0,150629719,com.miui.home.launcher.Launcher,STOP_ACTIVITY_ITEM,37]
12-18 16:58:48.317  3336  3336 I wm_on_restart_called: [0,150629719,com.miui.home.launcher.Launcher,,0]
12-18 16:58:48.320  3336  3336 I wm_on_start_called: [0,150629719,com.miui.home.launcher.Launcher,handleStartActivity,3]
12-18 16:58:48.373  3336  3336 I wm_on_resume_called: [0,150629719,com.miui.home.launcher.Launcher,RESUME_ACTIVITY,49]
12-18 16:58:48.498  3336  3336 I wm_on_idle_called: com.miui.home.launcher.Launcher
12-18 16:58:48.591  3336  3391 I com.miui.home: CheckGCForNative adj_start_bytes: 42816386 NativeAllocationGcWatermark: 11588400 java_gc_start_bytes: 25433786 kNewNativeDiscountFactor: 2 kOldNativeDiscountFactor: 65536 old_native_bytes: 130089339 new_native_bytes: 23420880 add_bytes_allowed: 34765200 is_gc_concurrent: 1 target_footprint_: 25598343 GetBytesAllocated: 19348103 HeapGrowthMultiplier: 3
12-18 16:58:48.591  3336  3391 I com.miui.home: CheckGCForNative gc_urgency 0.725436 current_native_bytes is 153510219
