12-18 14:29:49.494  3342  3342 I wm_on_top_resumed_lost_called: [16014311,com.miui.home.launcher.Launcher,topStateChangedWhenResumed]
12-18 14:29:49.499  3342  3342 I wm_on_paused_called: [0,16014311,com.miui.home.launcher.Launcher,performPause,3]
12-18 14:29:49.602  3342  4008 I com.miui.home: CheckGCForNative adj_start_bytes: 41618148 NativeAllocationGcWatermark: 11458745 java_gc_start_bytes: 24430031 kNewNativeDiscountFactor: 2 kOldNativeDiscountFactor: 65536 old_native_bytes: 71217623 new_native_bytes: 388064 add_bytes_allowed: 34376235 is_gc_concurrent: 1 target_footprint_: 24561103 GetBytesAllocated: 13135486 HeapGrowthMultiplier: 3
12-18 14:29:49.602  3342  4008 I com.miui.home: CheckGCForNative gc_urgency 0.320307 current_native_bytes is 71605687
12-18 14:29:49.924  3342  3800 I com.miui.home: CheckGCForNative adj_start_bytes: 41618148 NativeAllocationGcWatermark: 11458745 java_gc_start_bytes: 24430031 kNewNativeDiscountFactor: 2 kOldNativeDiscountFactor: 65536 old_native_bytes: 71217623 new_native_bytes: 1937220 add_bytes_allowed: 34376235 is_gc_concurrent: 1 target_footprint_: 24561103 GetBytesAllocated: 13724672 HeapGrowthMultiplier: 3
12-18 14:29:49.924  3342  3800 I com.miui.home: CheckGCForNative gc_urgency 0.353076 current_native_bytes is 73154843
12-18 14:29:50.124  3342  3800 I com.miui.home: CheckGCForNative adj_start_bytes: 41618148 NativeAllocationGcWatermark: 11458745 java_gc_start_bytes: 24430031 kNewNativeDiscountFactor: 2 kOldNativeDiscountFactor: 65536 old_native_bytes: 71217623 new_native_bytes: 2809284 add_bytes_allowed: 34376235 is_gc_concurrent: 1 target_footprint_: 24561103 GetBytesAllocated: 14204274 HeapGrowthMultiplier: 3
12-18 14:29:50.124  3342  3800 I com.miui.home: CheckGCForNative gc_urgency 0.375077 current_native_bytes is 74026907
12-18 14:29:50.302  3342  3800 I com.miui.home: CheckGCForNative adj_start_bytes: 41618148 NativeAllocationGcWatermark: 11458745 java_gc_start_bytes: 24430031 kNewNativeDiscountFactor: 2 kOldNativeDiscountFactor: 65536 old_native_bytes: 71217623 new_native_bytes: 2827524 add_bytes_allowed: 34376235 is_gc_concurrent: 1 target_footprint_: 24561103 GetBytesAllocated: 14287353 HeapGrowthMultiplier: 3
12-18 14:29:50.302  3342  3800 I com.miui.home: CheckGCForNative gc_urgency 0.377292 current_native_bytes is 74045147
12-18 14:29:50.307  3342  4008 I com.miui.home: CheckGCForNative adj_start_bytes: 41618148 NativeAllocationGcWatermark: 11458745 java_gc_start_bytes: 24430031 kNewNativeDiscountFactor: 2 kOldNativeDiscountFactor: 65536 old_native_bytes: 71217623 new_native_bytes: 13532100 add_bytes_allowed: 34376235 is_gc_concurrent: 1 target_footprint_: 24561103 GetBytesAllocated: 14287353 HeapGrowthMultiplier: 3
12-18 14:29:50.307  3342  4008 I com.miui.home: CheckGCForNative gc_urgency 0.505897 current_native_bytes is 84749723
12-18 14:29:50.322  3342  4008 I com.miui.home: CheckGCForNative adj_start_bytes: 41618148 NativeAllocationGcWatermark: 11458745 java_gc_start_bytes: 24430031 kNewNativeDiscountFactor: 2 kOldNativeDiscountFactor: 65536 old_native_bytes: 71217623 new_native_bytes: 24321540 add_bytes_allowed: 34376235 is_gc_concurrent: 1 target_footprint_: 24561103 GetBytesAllocated: 14287545 HeapGrowthMultiplier: 3
12-18 14:29:50.322  3342  4008 I com.miui.home: CheckGCForNative gc_urgency 0.635526 current_native_bytes is 95539163
12-18 14:29:50.389  3342  4008 I com.miui.home: CheckGCForNative adj_start_bytes: 41618148 NativeAllocationGcWatermark: 11458745 java_gc_start_bytes: 24430031 kNewNativeDiscountFactor: 2 kOldNativeDiscountFactor: 65536 old_native_bytes: 71217623 new_native_bytes: 24047268 add_bytes_allowed: 34376235 is_gc_concurrent: 1 target_footprint_: 24561103 GetBytesAllocated: 14306548 HeapGrowthMultiplier: 3
12-18 14:29:50.390  3342  4008 I com.miui.home: CheckGCForNative gc_urgency 0.632687 current_native_bytes is 95264891
12-18 14:29:50.397  3342  4008 I com.miui.home: CheckGCForNative adj_start_bytes: 41618148 NativeAllocationGcWatermark: 11458745 java_gc_start_bytes: 24430031 kNewNativeDiscountFactor: 2 kOldNativeDiscountFactor: 65536 old_native_bytes: 71217623 new_native_bytes: 34744612 add_bytes_allowed: 34376235 is_gc_concurrent: 1 target_footprint_: 24561103 GetBytesAllocated: 14319958 HeapGrowthMultiplier: 3
12-18 14:29:50.397  3342  4008 I com.miui.home: CheckGCForNative gc_urgency 0.761527 current_native_bytes is 105962235
12-18 14:29:50.485  3342  3744 I com.miui.home: CheckGCForNative adj_start_bytes: 41618148 NativeAllocationGcWatermark: 11458745 java_gc_start_bytes: 24430031 kNewNativeDiscountFactor: 2 kOldNativeDiscountFactor: 65536 old_native_bytes: 71217623 new_native_bytes: 34712932 add_bytes_allowed: 34376235 is_gc_concurrent: 1 target_footprint_: 24561103 GetBytesAllocated: 14462077 HeapGrowthMultiplier: 3
12-18 14:29:50.485  3342  3744 I com.miui.home: CheckGCForNative gc_urgency 0.764561 current_native_bytes is 105930555
12-18 14:29:50.488  3342  3744 I com.miui.home: CheckGCForNative adj_start_bytes: 41618148 NativeAllocationGcWatermark: 11458745 java_gc_start_bytes: 24430031 kNewNativeDiscountFactor: 2 kOldNativeDiscountFactor: 65536 old_native_bytes: 71217623 new_native_bytes: 45419876 add_bytes_allowed: 34376235 is_gc_concurrent: 1 target_footprint_: 24561103 GetBytesAllocated: 14484481 HeapGrowthMultiplier: 3
12-18 14:29:50.488  3342  3744 I com.miui.home: CheckGCForNative gc_urgency 0.893733 current_native_bytes is 116637499
12-18 14:29:50.521  3342  3744 I com.miui.home: CheckGCForNative adj_start_bytes: 41618148 NativeAllocationGcWatermark: 11458745 java_gc_start_bytes: 24430031 kNewNativeDiscountFactor: 2 kOldNativeDiscountFactor: 65536 old_native_bytes: 71217623 new_native_bytes: 60029172 add_bytes_allowed: 34376235 is_gc_concurrent: 1 target_footprint_: 24561103 GetBytesAllocated: 14528935 HeapGrowthMultiplier: 3
12-18 14:29:50.521  3342  3744 I com.miui.home: CheckGCForNative gc_urgency 1.07041 current_native_bytes is 131246795
12-18 14:29:50.521  3342  3744 I com.miui.home: CheckGCForNative requested 1
12-18 14:29:50.524  3342  3744 I com.miui.home: CheckGCForNative adj_start_bytes: 41618148 NativeAllocationGcWatermark: 11458745 java_gc_start_bytes: 24430031 kNewNativeDiscountFactor: 2 kOldNativeDiscountFactor: 65536 old_native_bytes: 71217623 new_native_bytes: 48232884 add_bytes_allowed: 34376235 is_gc_concurrent: 1 target_footprint_: 24561103 GetBytesAllocated: 14535292 HeapGrowthMultiplier: 3
12-18 14:29:50.524  3342  3744 I com.miui.home: CheckGCForNative gc_urgency 0.928749 current_native_bytes is 119450507
12-18 14:29:50.547  3342  3744 I com.miui.home: CheckGCForNative adj_start_bytes: 41618148 NativeAllocationGcWatermark: 11458745 java_gc_start_bytes: 24430031 kNewNativeDiscountFactor: 2 kOldNativeDiscountFactor: 65536 old_native_bytes: 71217623 new_native_bytes: 49066932 add_bytes_allowed: 34376235 is_gc_concurrent: 1 target_footprint_: 24561103 GetBytesAllocated: 14568060 HeapGrowthMultiplier: 3
12-18 14:29:50.547  3342  3744 I com.miui.home: CheckGCForNative gc_urgency 0.939557 current_native_bytes is 120284555
12-18 14:29:50.656  3342  3382 I com.miui.home: NativeAlloc concurrent copying GC freed 41610(1902KB) AllocSpace objects, 7(204KB) LOS objects, 49% free, 12MB/24MB, paused 435us,91us total 133.807ms
12-18 14:29:50.796  8467  8467 I wm_on_application_create_called: [0,com.autonavi.minimap,476]
12-18 14:29:50.828  8373  8373 I wm_on_application_create_called: [0,com.autonavi.minimap,931]
12-18 14:29:50.916  3342  3342 I com.miui.home: CheckGCForNative gc_urgency 0 current_native_bytes is 106788979
12-18 14:29:50.982  3342  3342 I wm_on_resume_called: [0,16014311,com.miui.home.launcher.Launcher,RESUME_ACTIVITY,28]
12-18 14:29:51.006  3342  3342 I wm_on_idle_called: com.miui.home.launcher.Launcher
12-18 14:29:51.073  3342  3744 I com.miui.home: CheckGCForNative adj_start_bytes: 42283116 NativeAllocationGcWatermark: 11538423 java_gc_start_bytes: 24975482 kNewNativeDiscountFactor: 2 kOldNativeDiscountFactor: 65536 old_native_bytes: 106788979 new_native_bytes: 1913856 add_bytes_allowed: 34615269 is_gc_concurrent: 1 target_footprint_: 25198520 GetBytesAllocated: 13584985 HeapGrowthMultiplier: 3
12-18 14:29:51.073  3342  3744 I com.miui.home: CheckGCForNative gc_urgency 0.343956 current_native_bytes is 108702835
12-18 14:29:51.073  3342  3744 I com.miui.home: CheckGCForNative adj_start_bytes: 42283116 NativeAllocationGcWatermark: 11538423 java_gc_start_bytes: 24975482 kNewNativeDiscountFactor: 2 kOldNativeDiscountFactor: 65536 old_native_bytes: 106788979 new_native_bytes: 3365704 add_bytes_allowed: 34615269 is_gc_concurrent: 1 target_footprint_: 25198520 GetBytesAllocated: 13584985 HeapGrowthMultiplier: 3
12-18 14:29:51.073  3342  3744 I com.miui.home: CheckGCForNative gc_urgency 0.361124 current_native_bytes is 110154683
12-18 14:29:51.094  3342  3744 I com.miui.home: CheckGCForNative adj_start_bytes: 42283116 NativeAllocationGcWatermark: 11538423 java_gc_start_bytes: 24975482 kNewNativeDiscountFactor: 2 kOldNativeDiscountFactor: 65536 old_native_bytes: 106788979 new_native_bytes: 14380872 add_bytes_allowed: 34615269 is_gc_concurrent: 1 target_footprint_: 25198520 GetBytesAllocated: 13694066 HeapGrowthMultiplier: 3
12-18 14:29:51.094  3342  3744 I com.miui.home: CheckGCForNative gc_urgency 0.493959 current_native_bytes is 121169851
12-18 14:29:51.124  3342  3889 I com.miui.home: CheckGCForNative adj_start_bytes: 42283116 NativeAllocationGcWatermark: 11538423 java_gc_start_bytes: 24975482 kNewNativeDiscountFactor: 2 kOldNativeDiscountFactor: 65536 old_native_bytes: 106788979 new_native_bytes: 25087368 add_bytes_allowed: 34615269 is_gc_concurrent: 1 target_footprint_: 25198520 GetBytesAllocated: 13904637 HeapGrowthMultiplier: 3
12-18 14:29:51.125  3342  3889 I com.miui.home: CheckGCForNative gc_urgency 0.625544 current_native_bytes is 131876347
12-18 14:29:51.125  3342  3889 I com.miui.home: CheckGCForNative adj_start_bytes: 42283116 NativeAllocationGcWatermark: 11538423 java_gc_start_bytes: 24975482 kNewNativeDiscountFactor: 2 kOldNativeDiscountFactor: 65536 old_native_bytes: 106788979 new_native_bytes: 35795848 add_bytes_allowed: 34615269 is_gc_concurrent: 1 target_footprint_: 25198520 GetBytesAllocated: 13906581 HeapGrowthMultiplier: 3
12-18 14:29:51.125  3342  3889 I com.miui.home: CheckGCForNative gc_urgency 0.752218 current_native_bytes is 142584827
12-18 14:29:51.188  3342  3889 I com.miui.home: CheckGCForNative adj_start_bytes: 42283116 NativeAllocationGcWatermark: 11538423 java_gc_start_bytes: 24975482 kNewNativeDiscountFactor: 2 kOldNativeDiscountFactor: 65536 old_native_bytes: 106788979 new_native_bytes: 35903848 add_bytes_allowed: 34615269 is_gc_concurrent: 1 target_footprint_: 25198520 GetBytesAllocated: 14119882 HeapGrowthMultiplier: 3
12-18 14:29:51.189  3342  3889 I com.miui.home: CheckGCForNative gc_urgency 0.758601 current_native_bytes is 142692827
12-18 14:29:51.217  8373  8373 I wm_on_create_called: [0,42541962,com.autonavi.map.activity.SplashActivity,performCreate,248]
12-18 14:29:51.282  3342  3342 I wm_on_top_resumed_gained_called: [16014311,com.miui.home.launcher.Launcher,topStateChangedWhenResumed]
12-18 14:29:51.325  3342  3800 I com.miui.home: CheckGCForNative adj_start_bytes: 42283116 NativeAllocationGcWatermark: 11538423 java_gc_start_bytes: 24975482 kNewNativeDiscountFactor: 2 kOldNativeDiscountFactor: 65536 old_native_bytes: 106788979 new_native_bytes: 25201528 add_bytes_allowed: 34615269 is_gc_concurrent: 1 target_footprint_: 25198520 GetBytesAllocated: 14409074 HeapGrowthMultiplier: 3
12-18 14:29:51.325  3342  3800 I com.miui.home: CheckGCForNative gc_urgency 0.638824 current_native_bytes is 131990507
12-18 14:29:51.325  3342  3800 I com.miui.home: CheckGCForNative adj_start_bytes: 42283116 NativeAllocationGcWatermark: 11538423 java_gc_start_bytes: 24975482 kNewNativeDiscountFactor: 2 kOldNativeDiscountFactor: 65536 old_native_bytes: 106788979 new_native_bytes: 25202232 add_bytes_allowed: 34615269 is_gc_concurrent: 1 target_footprint_: 25198520 GetBytesAllocated: 14409074 HeapGrowthMultiplier: 3
12-18 14:29:51.325  3342  3800 I com.miui.home: CheckGCForNative gc_urgency 0.638832 current_native_bytes is 131991211
12-18 14:29:51.527  8373  8373 I wm_on_create_called: [0,217974276,com.autonavi.map.activity.NewMapActivity,performCreate,227]
12-18 14:29:51.536  8373  8373 I wm_on_start_called: [0,217974276,com.autonavi.map.activity.NewMapActivity,handleStartActivity,8]
12-18 14:29:51.547  8373  8373 I wm_on_resume_called: [0,217974276,com.autonavi.map.activity.NewMapActivity,RESUME_ACTIVITY,9]
12-18 14:29:51.614  3342  3799 I com.miui.home: CheckGCForNative adj_start_bytes: 42283116 NativeAllocationGcWatermark: 11538423 java_gc_start_bytes: 24975482 kNewNativeDiscountFactor: 2 kOldNativeDiscountFactor: 65536 old_native_bytes: 106788979 new_native_bytes: 36430380 add_bytes_allowed: 34615269 is_gc_concurrent: 1 target_footprint_: 25198520 GetBytesAllocated: 14864426 HeapGrowthMultiplier: 3
12-18 14:29:51.614  3342  3799 I com.miui.home: CheckGCForNative gc_urgency 0.782398 current_native_bytes is 143219359
12-18 14:29:51.615  3342  4104 I com.miui.home: CheckGCForNative adj_start_bytes: 42283116 NativeAllocationGcWatermark: 11538423 java_gc_start_bytes: 24975482 kNewNativeDiscountFactor: 2 kOldNativeDiscountFactor: 65536 old_native_bytes: 106788979 new_native_bytes: 47136492 add_bytes_allowed: 34615269 is_gc_concurrent: 1 target_footprint_: 25198520 GetBytesAllocated: 14865391 HeapGrowthMultiplier: 3
12-18 14:29:51.616  3342  4104 I com.miui.home: CheckGCForNative gc_urgency 0.909059 current_native_bytes is 153925471
12-18 14:29:51.617  3342  3342 I com.miui.home: CheckGCForNative adj_start_bytes: 42283116 NativeAllocationGcWatermark: 11538423 java_gc_start_bytes: 24975482 kNewNativeDiscountFactor: 2 kOldNativeDiscountFactor: 65536 old_native_bytes: 106788979 new_native_bytes: 57843436 add_bytes_allowed: 34615269 is_gc_concurrent: 1 target_footprint_: 25198520 GetBytesAllocated: 14874219 HeapGrowthMultiplier: 3
12-18 14:29:51.617  3342  3342 I com.miui.home: CheckGCForNative gc_urgency 1.03582 current_native_bytes is 164632415
12-18 14:29:51.617  3342  3342 I com.miui.home: CheckGCForNative requested 1
12-18 14:29:51.644  8373  8373 I wm_on_destroy_called: [0,42541962,com.autonavi.map.activity.SplashActivity,performDestroy,0]
12-18 14:29:51.712  3342  4008 I com.miui.home: CheckGCForNative adj_start_bytes: 42283116 NativeAllocationGcWatermark: 11538423 java_gc_start_bytes: 24975482 kNewNativeDiscountFactor: 2 kOldNativeDiscountFactor: 65536 old_native_bytes: 106788979 new_native_bytes: 36470436 add_bytes_allowed: 34615269 is_gc_concurrent: 1 target_footprint_: 25198520 GetBytesAllocated: 15001988 HeapGrowthMultiplier: 3
12-18 14:29:51.712  3342  4008 I com.miui.home: CheckGCForNative gc_urgency 0.786102 current_native_bytes is 143259415
12-18 14:29:51.715  8373  8373 I wm_on_paused_called: [0,217974276,com.autonavi.map.activity.NewMapActivity,performPause,2]
12-18 14:29:51.726  8373  8373 I wm_on_idle_called: com.autonavi.map.activity.NewMapActivity
12-18 14:29:51.795  8373  8373 I wm_on_stop_called: [0,217974276,com.autonavi.map.activity.NewMapActivity,STOP_ACTIVITY_ITEM,12]
12-18 14:29:51.867  3342  4008 I com.miui.home: CheckGCForNative adj_start_bytes: 42283116 NativeAllocationGcWatermark: 11538423 java_gc_start_bytes: 24975482 kNewNativeDiscountFactor: 2 kOldNativeDiscountFactor: 65536 old_native_bytes: 106788979 new_native_bytes: 47274388 add_bytes_allowed: 34615269 is_gc_concurrent: 1 target_footprint_: 25198520 GetBytesAllocated: 15283341 HeapGrowthMultiplier: 3
12-18 14:29:51.867  3342  4008 I com.miui.home: CheckGCForNative gc_urgency 0.920513 current_native_bytes is 154063367
12-18 14:29:51.889  3342  3382 I com.miui.home: NativeAlloc concurrent copying GC freed 53456(2330KB) AllocSpace objects, 2(104KB) LOS objects, 49% free, 12MB/24MB, paused 1.423ms,1.937ms total 272.149ms
12-18 14:29:51.988  3342  3342 I wm_on_top_resumed_lost_called: [16014311,com.miui.home.launcher.Launcher,topStateChangedWhenResumed]
12-18 14:29:51.996  3342  3342 I wm_on_paused_called: [0,16014311,com.miui.home.launcher.Launcher,performPause,3]
12-18 14:29:52.289  3342  4008 I com.miui.home: CheckGCForNative gc_urgency 0 current_native_bytes is 130169407
12-18 14:29:52.424  3342  3800 I com.miui.home: CheckGCForNative gc_urgency 0 current_native_bytes is 119849271
12-18 14:29:52.447  3342  3800 I com.miui.home: CheckGCForNative adj_start_bytes: 42664901 NativeAllocationGcWatermark: 11606828 java_gc_start_bytes: 25254659 kNewNativeDiscountFactor: 2 kOldNativeDiscountFactor: 65536 old_native_bytes: 119849271 new_native_bytes: 24208 add_bytes_allowed: 34820484 is_gc_concurrent: 1 target_footprint_: 25745767 GetBytesAllocated: 14174062 HeapGrowthMultiplier: 3
12-18 14:29:52.447  3342  3800 I com.miui.home: CheckGCForNative gc_urgency 0.332545 current_native_bytes is 119873479
12-18 14:29:52.691  3342  3800 I com.miui.home: CheckGCForNative adj_start_bytes: 42664901 NativeAllocationGcWatermark: 11606828 java_gc_start_bytes: 25254659 kNewNativeDiscountFactor: 2 kOldNativeDiscountFactor: 65536 old_native_bytes: 119849271 new_native_bytes: 325796 add_bytes_allowed: 34820484 is_gc_concurrent: 1 target_footprint_: 25745767 GetBytesAllocated: 14660859 HeapGrowthMultiplier: 3
12-18 14:29:52.691  3342  3800 I com.miui.home: CheckGCForNative gc_urgency 0.347489 current_native_bytes is 120175067
12-18 14:29:52.788  8853  8853 I wm_on_create_called: [0,243369764,fm.qingting.qtradio.WelcomeActivity,performCreate,92]
12-18 14:29:52.789  8853  8853 I wm_on_start_called: [0,243369764,fm.qingting.qtradio.WelcomeActivity,handleStartActivity,0]
12-18 14:29:52.795  8853  8853 I wm_on_resume_called: [0,243369764,fm.qingting.qtradio.WelcomeActivity,RESUME_ACTIVITY,4]
12-18 14:29:52.837  8853  8853 I wm_on_top_resumed_gained_called: [243369764,fm.qingting.qtradio.WelcomeActivity,topStateChangedWhenResumed]
12-18 14:29:53.054  3342  3342 I wm_on_stop_called: [0,16014311,com.miui.home.launcher.Launcher,STOP_ACTIVITY_ITEM,6]
12-18 14:29:53.468  8853  8853 I wm_on_idle_called: fm.qingting.qtradio.WelcomeActivity
12-18 14:29:53.704  8853  8853 I wm_on_top_resumed_lost_called: [243369764,fm.qingting.qtradio.WelcomeActivity,topStateChangedWhenResumed]
12-18 14:29:53.714  3342  3342 I wm_on_restart_called: [0,16014311,com.miui.home.launcher.Launcher,,0]
12-18 14:29:53.716  3342  3342 I wm_on_start_called: [0,16014311,com.miui.home.launcher.Launcher,handleStartActivity,2]
12-18 14:29:53.738  3342  3342 I wm_on_resume_called: [0,16014311,com.miui.home.launcher.Launcher,RESUME_ACTIVITY,20]
12-18 14:29:53.829  3342  3342 I wm_on_top_resumed_gained_called: [16014311,com.miui.home.launcher.Launcher,topStateChangedWhenResumed]
12-18 14:29:53.833  3342  3342 I wm_on_idle_called: com.miui.home.launcher.Launcher
12-18 14:29:53.917  3342  4104 I com.miui.home: CheckGCForNative adj_start_bytes: 42664901 NativeAllocationGcWatermark: 11606828 java_gc_start_bytes: 25254659 kNewNativeDiscountFactor: 2 kOldNativeDiscountFactor: 65536 old_native_bytes: 119849271 new_native_bytes: 11298112 add_bytes_allowed: 34820484 is_gc_concurrent: 1 target_footprint_: 25745767 GetBytesAllocated: 16066212 HeapGrowthMultiplier: 3
12-18 14:29:53.917  3342  4104 I com.miui.home: CheckGCForNative gc_urgency 0.509124 current_native_bytes is 131147383
12-18 14:29:53.917  3342  3414 I com.miui.home: CheckGCForNative adj_start_bytes: 42664901 NativeAllocationGcWatermark: 11606828 java_gc_start_bytes: 25254659 kNewNativeDiscountFactor: 2 kOldNativeDiscountFactor: 65536 old_native_bytes: 119849271 new_native_bytes: 22004032 add_bytes_allowed: 34820484 is_gc_concurrent: 1 target_footprint_: 25745767 GetBytesAllocated: 16071036 HeapGrowthMultiplier: 3
12-18 14:29:53.917  3342  3414 I com.miui.home: CheckGCForNative gc_urgency 0.634678 current_native_bytes is 141853303
12-18 14:29:53.918  3342  3342 I com.miui.home: CheckGCForNative adj_start_bytes: 42664901 NativeAllocationGcWatermark: 11606828 java_gc_start_bytes: 25254659 kNewNativeDiscountFactor: 2 kOldNativeDiscountFactor: 65536 old_native_bytes: 119849271 new_native_bytes: 32710976 add_bytes_allowed: 34820484 is_gc_concurrent: 1 target_footprint_: 25745767 GetBytesAllocated: 16095181 HeapGrowthMultiplier: 3
12-18 14:29:53.919  3342  3342 I com.miui.home: CheckGCForNative gc_urgency 0.760637 current_native_bytes is 152560247
12-18 14:29:54.030  3342  3800 I com.miui.home: CheckGCForNative adj_start_bytes: 42664901 NativeAllocationGcWatermark: 11606828 java_gc_start_bytes: 25254659 kNewNativeDiscountFactor: 2 kOldNativeDiscountFactor: 65536 old_native_bytes: 119849271 new_native_bytes: 11315520 add_bytes_allowed: 34820484 is_gc_concurrent: 1 target_footprint_: 25745767 GetBytesAllocated: 16185299 HeapGrowthMultiplier: 3
12-18 14:29:54.030  3342  3800 I com.miui.home: CheckGCForNative gc_urgency 0.512011 current_native_bytes is 131164791
12-18 14:29:54.041  3342  3800 I com.miui.home: CheckGCForNative adj_start_bytes: 42664901 NativeAllocationGcWatermark: 11606828 java_gc_start_bytes: 25254659 kNewNativeDiscountFactor: 2 kOldNativeDiscountFactor: 65536 old_native_bytes: 119849271 new_native_bytes: 11317376 add_bytes_allowed: 34820484 is_gc_concurrent: 1 target_footprint_: 25745767 GetBytesAllocated: 16191292 HeapGrowthMultiplier: 3
12-18 14:29:54.041  3342  3800 I com.miui.home: CheckGCForNative gc_urgency 0.512173 current_native_bytes is 131166647
12-18 14:29:54.329  9101  9101 I wm_on_application_create_called: [0,com.xiaomi.bluetooth,223]
12-18 14:29:54.386  3342  3800 I com.miui.home: CheckGCForNative adj_start_bytes: 42664901 NativeAllocationGcWatermark: 11606828 java_gc_start_bytes: 25254659 kNewNativeDiscountFactor: 2 kOldNativeDiscountFactor: 65536 old_native_bytes: 119849271 new_native_bytes: 11346264 add_bytes_allowed: 34820484 is_gc_concurrent: 1 target_footprint_: 25745767 GetBytesAllocated: 16341392 HeapGrowthMultiplier: 3
12-18 14:29:54.386  3342  3800 I com.miui.home: CheckGCForNative gc_urgency 0.51603 current_native_bytes is 131195535
12-18 14:29:54.424  8853  8853 I wm_on_paused_called: [0,243369764,fm.qingting.qtradio.WelcomeActivity,performPause,1]
12-18 14:29:54.557  8853  8853 I wm_on_stop_called: [0,243369764,fm.qingting.qtradio.WelcomeActivity,STOP_ACTIVITY_ITEM,3]
12-18 14:29:54.765  3342  3342 I wm_on_top_resumed_lost_called: [16014311,com.miui.home.launcher.Launcher,topStateChangedWhenResumed]
12-18 14:29:54.781  3342  4008 I com.miui.home: CheckGCForNative adj_start_bytes: 42664901 NativeAllocationGcWatermark: 11606828 java_gc_start_bytes: 25254659 kNewNativeDiscountFactor: 2 kOldNativeDiscountFactor: 65536 old_native_bytes: 119849271 new_native_bytes: 22497780 add_bytes_allowed: 34820484 is_gc_concurrent: 1 target_footprint_: 25745767 GetBytesAllocated: 17164208 HeapGrowthMultiplier: 3
12-18 14:29:54.781  3342  4008 I com.miui.home: CheckGCForNative gc_urgency 0.666002 current_native_bytes is 142347051
12-18 14:29:54.811  3342  3342 I wm_on_paused_called: [0,16014311,com.miui.home.launcher.Launcher,performPause,3]
12-18 14:29:55.041  3342  8404 I com.miui.home: CheckGCForNative adj_start_bytes: 42664901 NativeAllocationGcWatermark: 11606828 java_gc_start_bytes: 25254659 kNewNativeDiscountFactor: 2 kOldNativeDiscountFactor: 65536 old_native_bytes: 119849271 new_native_bytes: 12074304 add_bytes_allowed: 34820484 is_gc_concurrent: 1 target_footprint_: 25745767 GetBytesAllocated: 17851139 HeapGrowthMultiplier: 3
12-18 14:29:55.041  3342  8404 I com.miui.home: CheckGCForNative gc_urgency 0.559948 current_native_bytes is 131923575
12-18 14:29:55.108  3342  3800 I com.miui.home: CheckGCForNative adj_start_bytes: 42664901 NativeAllocationGcWatermark: 11606828 java_gc_start_bytes: 25254659 kNewNativeDiscountFactor: 2 kOldNativeDiscountFactor: 65536 old_native_bytes: 119849271 new_native_bytes: 13435384 add_bytes_allowed: 34820484 is_gc_concurrent: 1 target_footprint_: 25745767 GetBytesAllocated: 17931397 HeapGrowthMultiplier: 3
12-18 14:29:55.108  3342  3800 I com.miui.home: CheckGCForNative gc_urgency 0.57778 current_native_bytes is 133284655
12-18 14:29:55.328  3342  4008 I com.miui.home: CheckGCForNative adj_start_bytes: 42664901 NativeAllocationGcWatermark: 11606828 java_gc_start_bytes: 25254659 kNewNativeDiscountFactor: 2 kOldNativeDiscountFactor: 65536 old_native_bytes: 119849271 new_native_bytes: 13420332 add_bytes_allowed: 34820484 is_gc_concurrent: 1 target_footprint_: 25745767 GetBytesAllocated: 18379358 HeapGrowthMultiplier: 3
12-18 14:29:55.328  3342  4008 I com.miui.home: CheckGCForNative gc_urgency 0.588103 current_native_bytes is 133269603
12-18 14:29:56.443  9221  9221 I wm_on_application_create_called: [0,com.ss.android.ugc.aweme,351]
12-18 14:29:56.675  3342  3342 I wm_on_resume_called: [0,16014311,com.miui.home.launcher.Launcher,RESUME_ACTIVITY,20]
12-18 14:29:56.701  3342  3342 I wm_on_idle_called: com.miui.home.launcher.Launcher
12-18 14:29:56.796  3342  4104 I com.miui.home: CheckGCForNative adj_start_bytes: 42664901 NativeAllocationGcWatermark: 11606828 java_gc_start_bytes: 25254659 kNewNativeDiscountFactor: 2 kOldNativeDiscountFactor: 65536 old_native_bytes: 119849271 new_native_bytes: 34922536 add_bytes_allowed: 34820484 is_gc_concurrent: 1 target_footprint_: 25745767 GetBytesAllocated: 20178168 HeapGrowthMultiplier: 3
12-18 14:29:56.797  3342  4104 I com.miui.home: CheckGCForNative gc_urgency 0.882254 current_native_bytes is 154771807
12-18 14:29:56.800  3342  3889 I com.miui.home: CheckGCForNative adj_start_bytes: 42664901 NativeAllocationGcWatermark: 11606828 java_gc_start_bytes: 25254659 kNewNativeDiscountFactor: 2 kOldNativeDiscountFactor: 65536 old_native_bytes: 119849271 new_native_bytes: 34922536 add_bytes_allowed: 34820484 is_gc_concurrent: 1 target_footprint_: 25745767 GetBytesAllocated: 20178168 HeapGrowthMultiplier: 3
12-18 14:29:56.800  3342  3889 I com.miui.home: CheckGCForNative gc_urgency 0.884794 current_native_bytes is 154771807
12-18 14:29:56.801  3342  3342 I com.miui.home: CheckGCForNative adj_start_bytes: 42664901 NativeAllocationGcWatermark: 11606828 java_gc_start_bytes: 25254659 kNewNativeDiscountFactor: 2 kOldNativeDiscountFactor: 65536 old_native_bytes: 119849271 new_native_bytes: 45629864 add_bytes_allowed: 34820484 is_gc_concurrent: 1 target_footprint_: 25745767 GetBytesAllocated: 20289331 HeapGrowthMultiplier: 3
12-18 14:29:56.801  3342  3342 I com.miui.home: CheckGCForNative gc_urgency 1.01034 current_native_bytes is 165479135
12-18 14:29:56.801  3342  3342 I com.miui.home: CheckGCForNative requested 1
12-18 14:29:56.813  3342  3800 I com.miui.home: CheckGCForNative adj_start_bytes: 42664901 NativeAllocationGcWatermark: 11606828 java_gc_start_bytes: 25254659 kNewNativeDiscountFactor: 2 kOldNativeDiscountFactor: 65536 old_native_bytes: 119849271 new_native_bytes: 24216296 add_bytes_allowed: 34820484 is_gc_concurrent: 1 target_footprint_: 25745767 GetBytesAllocated: 20343891 HeapGrowthMultiplier: 3
12-18 14:29:56.813  3342  3800 I com.miui.home: CheckGCForNative gc_urgency 0.760669 current_native_bytes is 144065567
12-18 14:29:56.968  3342  3382 I com.miui.home: NativeAlloc concurrent copying GC freed 169997(7156KB) AllocSpace objects, 8(416KB) LOS objects, 49% free, 12MB/24MB, paused 207us,22us total 166.994ms
12-18 14:29:57.076  3342  3342 I wm_on_top_resumed_gained_called: [16014311,com.miui.home.launcher.Launcher,topStateChangedWhenResumed]
12-18 14:29:57.130  3342  3800 I com.miui.home: CheckGCForNative gc_urgency 0 current_native_bytes is 128704067
12-18 14:29:57.192  9221  9221 I wm_on_create_called: [0,116761109,com.ss.android.ugc.aweme.splash.SplashActivity,performCreate,709]
12-18 14:29:57.282  3342  3799 I com.miui.home: CheckGCForNative adj_start_bytes: 42568769 NativeAllocationGcWatermark: 11561418 java_gc_start_bytes: 25226642 kNewNativeDiscountFactor: 2 kOldNativeDiscountFactor: 65536 old_native_bytes: 128704067 new_native_bytes: 10607104 add_bytes_allowed: 34684254 is_gc_concurrent: 1 target_footprint_: 25382481 GetBytesAllocated: 12908434 HeapGrowthMultiplier: 3
12-18 14:29:57.282  3342  3799 I com.miui.home: CheckGCForNative gc_urgency 0.427871 current_native_bytes is 139311171
12-18 14:29:57.289  3342  3799 I com.miui.home: CheckGCForNative adj_start_bytes: 42568769 NativeAllocationGcWatermark: 11561418 java_gc_start_bytes: 25226642 kNewNativeDiscountFactor: 2 kOldNativeDiscountFactor: 65536 old_native_bytes: 128704067 new_native_bytes: 21308576 add_bytes_allowed: 34684254 is_gc_concurrent: 1 target_footprint_: 25382481 GetBytesAllocated: 12908626 HeapGrowthMultiplier: 3
12-18 14:29:57.289  3342  3799 I com.miui.home: CheckGCForNative gc_urgency 0.553572 current_native_bytes is 150012643
12-18 14:29:57.293  3342  3889 I com.miui.home: CheckGCForNative adj_start_bytes: 42568769 NativeAllocationGcWatermark: 11561418 java_gc_start_bytes: 25226642 kNewNativeDiscountFactor: 2 kOldNativeDiscountFactor: 65536 old_native_bytes: 128704067 new_native_bytes: 21294656 add_bytes_allowed: 34684254 is_gc_concurrent: 1 target_footprint_: 25382481 GetBytesAllocated: 12908626 HeapGrowthMultiplier: 3
12-18 14:29:57.296  3342  3889 I com.miui.home: CheckGCForNative gc_urgency 0.553408 current_native_bytes is 149998723
12-18 14:29:57.573  3342  3342 I wm_on_top_resumed_lost_called: [16014311,com.miui.home.launcher.Launcher,topStateChangedWhenResumed]
12-18 14:29:57.705  9221  9221 I wm_on_start_called: [0,116761109,com.ss.android.ugc.aweme.splash.SplashActivity,handleStartActivity,477]
12-18 14:29:57.809  3342  3342 I wm_on_paused_called: [0,16014311,com.miui.home.launcher.Launcher,performPause,3]
12-18 14:29:58.069  3342  4104 I com.miui.home: CheckGCForNative adj_start_bytes: 42568769 NativeAllocationGcWatermark: 11561418 java_gc_start_bytes: 25226642 kNewNativeDiscountFactor: 2 kOldNativeDiscountFactor: 65536 old_native_bytes: 128704067 new_native_bytes: 11880516 add_bytes_allowed: 34684254 is_gc_concurrent: 1 target_footprint_: 25382481 GetBytesAllocated: 14167491 HeapGrowthMultiplier: 3
12-18 14:29:58.069  3342  4104 I com.miui.home: CheckGCForNative gc_urgency 0.472405 current_native_bytes is 140584583
12-18 14:29:58.082  3342  4008 I com.miui.home: CheckGCForNative adj_start_bytes: 42568769 NativeAllocationGcWatermark: 11561418 java_gc_start_bytes: 25226642 kNewNativeDiscountFactor: 2 kOldNativeDiscountFactor: 65536 old_native_bytes: 128704067 new_native_bytes: 22593900 add_bytes_allowed: 34684254 is_gc_concurrent: 1 target_footprint_: 25382481 GetBytesAllocated: 14232148 HeapGrowthMultiplier: 3
12-18 14:29:58.082  3342  4008 I com.miui.home: CheckGCForNative gc_urgency 0.59976 current_native_bytes is 151297967
12-18 14:29:58.088  3342  4104 I com.miui.home: CheckGCForNative adj_start_bytes: 42568769 NativeAllocationGcWatermark: 11561418 java_gc_start_bytes: 25226642 kNewNativeDiscountFactor: 2 kOldNativeDiscountFactor: 65536 old_native_bytes: 128704067 new_native_bytes: 11908460 add_bytes_allowed: 34684254 is_gc_concurrent: 1 target_footprint_: 25382481 GetBytesAllocated: 14243097 HeapGrowthMultiplier: 3
12-18 14:29:58.088  3342  4104 I com.miui.home: CheckGCForNative gc_urgency 0.47451 current_native_bytes is 140612527
12-18 14:29:58.319  3342  3800 I com.miui.home: CheckGCForNative adj_start_bytes: 42568769 NativeAllocationGcWatermark: 11561418 java_gc_start_bytes: 25226642 kNewNativeDiscountFactor: 2 kOldNativeDiscountFactor: 65536 old_native_bytes: 128704067 new_native_bytes: 12510512 add_bytes_allowed: 34684254 is_gc_concurrent: 1 target_footprint_: 25382481 GetBytesAllocated: 15028303 HeapGrowthMultiplier: 3
12-18 14:29:58.319  3342  3800 I com.miui.home: CheckGCForNative gc_urgency 0.500027 current_native_bytes is 141214579
12-18 14:29:58.995  9468  9468 I wm_on_create_called: [0,224950843,com.eg.android.AlipayGphone.AlipayLogin,performCreate,113]
12-18 14:29:59.000  9468  9468 I wm_on_start_called: [0,224950843,com.eg.android.AlipayGphone.AlipayLogin,handleStartActivity,4]
12-18 14:29:59.006  9468  9468 I wm_on_resume_called: [0,224950843,com.eg.android.AlipayGphone.AlipayLogin,RESUME_ACTIVITY,4]
12-18 14:29:59.031  9468  9468 I wm_on_top_resumed_gained_called: [224950843,com.eg.android.AlipayGphone.AlipayLogin,topStateChangedWhenResumed]
12-18 14:29:59.220  3342  3342 I wm_on_resume_called: [0,16014311,com.miui.home.launcher.Launcher,RESUME_ACTIVITY,40]
12-18 14:29:59.227  3342  3342 I com.miui.home: CheckGCForNative adj_start_bytes: 42568769 NativeAllocationGcWatermark: 11561418 java_gc_start_bytes: 25226642 kNewNativeDiscountFactor: 2 kOldNativeDiscountFactor: 65536 old_native_bytes: 128704067 new_native_bytes: 12375432 add_bytes_allowed: 34684254 is_gc_concurrent: 1 target_footprint_: 25382481 GetBytesAllocated: 15794315 HeapGrowthMultiplier: 3
12-18 14:29:59.227  3342  3342 I com.miui.home: CheckGCForNative gc_urgency 0.516435 current_native_bytes is 141079499
12-18 14:29:59.255  3342  3342 I wm_on_idle_called: com.miui.home.launcher.Launcher
12-18 14:29:59.258  3342  3778 I com.miui.home: CheckGCForNative adj_start_bytes: 42568769 NativeAllocationGcWatermark: 11561418 java_gc_start_bytes: 25226642 kNewNativeDiscountFactor: 2 kOldNativeDiscountFactor: 65536 old_native_bytes: 128704067 new_native_bytes: 12396112 add_bytes_allowed: 34684254 is_gc_concurrent: 1 target_footprint_: 25382481 GetBytesAllocated: 15840432 HeapGrowthMultiplier: 3
12-18 14:29:59.258  3342  3778 I com.miui.home: CheckGCForNative gc_urgency 0.517761 current_native_bytes is 141100179
12-18 14:29:59.409  3342  4104 I com.miui.home: CheckGCForNative adj_start_bytes: 42568769 NativeAllocationGcWatermark: 11561418 java_gc_start_bytes: 25226642 kNewNativeDiscountFactor: 2 kOldNativeDiscountFactor: 65536 old_native_bytes: 128704067 new_native_bytes: 23185528 add_bytes_allowed: 34684254 is_gc_concurrent: 1 target_footprint_: 25382481 GetBytesAllocated: 16357405 HeapGrowthMultiplier: 3
12-18 14:29:59.409  3342  4104 I com.miui.home: CheckGCForNative gc_urgency 0.656635 current_native_bytes is 151889595
12-18 14:29:59.410  3342  4104 I com.miui.home: CheckGCForNative adj_start_bytes: 42568769 NativeAllocationGcWatermark: 11561418 java_gc_start_bytes: 25226642 kNewNativeDiscountFactor: 2 kOldNativeDiscountFactor: 65536 old_native_bytes: 128704067 new_native_bytes: 33892472 add_bytes_allowed: 34684254 is_gc_concurrent: 1 target_footprint_: 25382481 GetBytesAllocated: 16361212 HeapGrowthMultiplier: 3
12-18 14:29:59.411  3342  4104 I com.miui.home: CheckGCForNative gc_urgency 0.78287 current_native_bytes is 162596539
12-18 14:29:59.449  3342  3889 I com.miui.home: CheckGCForNative adj_start_bytes: 42568769 NativeAllocationGcWatermark: 11561418 java_gc_start_bytes: 25226642 kNewNativeDiscountFactor: 2 kOldNativeDiscountFactor: 65536 old_native_bytes: 128704067 new_native_bytes: 33983848 add_bytes_allowed: 34684254 is_gc_concurrent: 1 target_footprint_: 25382481 GetBytesAllocated: 16523449 HeapGrowthMultiplier: 3
12-18 14:29:59.449  3342  3889 I com.miui.home: CheckGCForNative gc_urgency 0.787369 current_native_bytes is 162687915
12-18 14:29:59.612  3342  3342 I wm_on_top_resumed_gained_called: [16014311,com.miui.home.launcher.Launcher,topStateChangedWhenResumed]
12-18 14:29:59.697  3342  3800 I com.miui.home: CheckGCForNative adj_start_bytes: 42568769 NativeAllocationGcWatermark: 11561418 java_gc_start_bytes: 25226642 kNewNativeDiscountFactor: 2 kOldNativeDiscountFactor: 65536 old_native_bytes: 128704067 new_native_bytes: 23321384 add_bytes_allowed: 34684254 is_gc_concurrent: 1 target_footprint_: 25382481 GetBytesAllocated: 16809800 HeapGrowthMultiplier: 3
12-18 14:29:59.697  3342  3800 I com.miui.home: CheckGCForNative gc_urgency 0.668858 current_native_bytes is 152025451
12-18 14:29:59.888  3342  3887 I com.miui.home: CheckGCForNative adj_start_bytes: 42568769 NativeAllocationGcWatermark: 11561418 java_gc_start_bytes: 25226642 kNewNativeDiscountFactor: 2 kOldNativeDiscountFactor: 65536 old_native_bytes: 128704067 new_native_bytes: 23304008 add_bytes_allowed: 34684254 is_gc_concurrent: 1 target_footprint_: 25382481 GetBytesAllocated: 16924524 HeapGrowthMultiplier: 3
12-18 14:29:59.888  3342  3887 I com.miui.home: CheckGCForNative gc_urgency 0.671349 current_native_bytes is 152008075
12-18 14:29:59.890  3342  8685 I com.miui.home: CheckGCForNative adj_start_bytes: 42568769 NativeAllocationGcWatermark: 11561418 java_gc_start_bytes: 25226642 kNewNativeDiscountFactor: 2 kOldNativeDiscountFactor: 65536 old_native_bytes: 128704067 new_native_bytes: 34009384 add_bytes_allowed: 34684254 is_gc_concurrent: 1 target_footprint_: 25382481 GetBytesAllocated: 16924524 HeapGrowthMultiplier: 3
12-18 14:29:59.890  3342  8685 I com.miui.home: CheckGCForNative gc_urgency 0.797091 current_native_bytes is 162713451
12-18 14:29:59.891  3342  3342 I com.miui.home: CheckGCForNative adj_start_bytes: 42568769 NativeAllocationGcWatermark: 11561418 java_gc_start_bytes: 25226642 kNewNativeDiscountFactor: 2 kOldNativeDiscountFactor: 65536 old_native_bytes: 128704067 new_native_bytes: 44713192 add_bytes_allowed: 34684254 is_gc_concurrent: 1 target_footprint_: 25382481 GetBytesAllocated: 16924716 HeapGrowthMultiplier: 3
12-18 14:29:59.891  3342  3342 I com.miui.home: CheckGCForNative gc_urgency 0.922819 current_native_bytes is 173417259
12-18 14:29:59.895  3342  3799 I com.miui.home: CheckGCForNative adj_start_bytes: 42568769 NativeAllocationGcWatermark: 11561418 java_gc_start_bytes: 25226642 kNewNativeDiscountFactor: 2 kOldNativeDiscountFactor: 65536 old_native_bytes: 128704067 new_native_bytes: 44714600 add_bytes_allowed: 34684254 is_gc_concurrent: 1 target_footprint_: 25382481 GetBytesAllocated: 16929472 HeapGrowthMultiplier: 3
12-18 14:29:59.895  3342  3799 I com.miui.home: CheckGCForNative gc_urgency 0.922947 current_native_bytes is 173418667
12-18 14:30:00.350  3342  3342 I wm_on_top_resumed_lost_called: [16014311,com.miui.home.launcher.Launcher,topStateChangedWhenResumed]
12-18 14:30:00.417  3342  3342 I wm_on_paused_called: [0,16014311,com.miui.home.launcher.Launcher,performPause,5]
12-18 14:30:00.618  9221  9221 I wm_on_top_resumed_gained_called: [116761109,com.ss.android.ugc.aweme.splash.SplashActivity,topStateChangedWhenResumed]
12-18 14:30:00.644  9221  9221 I wm_on_top_resumed_lost_called: [116761109,com.ss.android.ugc.aweme.splash.SplashActivity,topStateChangedWhenResumed]
12-18 14:30:00.671  3342  8404 I com.miui.home: CheckGCForNative adj_start_bytes: 42568769 NativeAllocationGcWatermark: 11561418 java_gc_start_bytes: 25226642 kNewNativeDiscountFactor: 2 kOldNativeDiscountFactor: 65536 old_native_bytes: 128704067 new_native_bytes: 34612744 add_bytes_allowed: 34684254 is_gc_concurrent: 1 target_footprint_: 25382481 GetBytesAllocated: 17657546 HeapGrowthMultiplier: 3
12-18 14:30:00.671  3342  8404 I com.miui.home: CheckGCForNative gc_urgency 0.821397 current_native_bytes is 163316811
12-18 14:30:00.890  3342  3744 I com.miui.home: CheckGCForNative adj_start_bytes: 42568769 NativeAllocationGcWatermark: 11561418 java_gc_start_bytes: 25226642 kNewNativeDiscountFactor: 2 kOldNativeDiscountFactor: 65536 old_native_bytes: 128704067 new_native_bytes: 45716948 add_bytes_allowed: 34684254 is_gc_concurrent: 1 target_footprint_: 25382481 GetBytesAllocated: 18245284 HeapGrowthMultiplier: 3
12-18 14:30:00.890  3342  3744 I com.miui.home: CheckGCForNative gc_urgency 0.965631 current_native_bytes is 174421015
12-18 14:30:00.919  3342  3744 I com.miui.home: CheckGCForNative adj_start_bytes: 42568769 NativeAllocationGcWatermark: 11561418 java_gc_start_bytes: 25226642 kNewNativeDiscountFactor: 2 kOldNativeDiscountFactor: 65536 old_native_bytes: 128704067 new_native_bytes: 60205428 add_bytes_allowed: 34684254 is_gc_concurrent: 1 target_footprint_: 25382481 GetBytesAllocated: 18294881 HeapGrowthMultiplier: 3
12-18 14:30:00.919  3342  3744 I com.miui.home: CheckGCForNative gc_urgency 1.13699 current_native_bytes is 188909495
12-18 14:30:00.919  3342  3800 I com.miui.home: CheckGCForNative adj_start_bytes: 42568769 NativeAllocationGcWatermark: 11561418 java_gc_start_bytes: 25226642 kNewNativeDiscountFactor: 2 kOldNativeDiscountFactor: 65536 old_native_bytes: 128704067 new_native_bytes: 60205620 add_bytes_allowed: 34684254 is_gc_concurrent: 1 target_footprint_: 25382481 GetBytesAllocated: 18295509 HeapGrowthMultiplier: 3
12-18 14:30:00.919  3342  3800 I com.miui.home: CheckGCForNative gc_urgency 1.13699 current_native_bytes is 188909687
12-18 14:30:00.920  3342  3800 I com.miui.home: CheckGCForNative requested 1
12-18 14:30:00.920  3342  3744 I com.miui.home: CheckGCForNative requested 1
12-18 14:30:00.921  3342  3744 I com.miui.home: CheckGCForNative adj_start_bytes: 42568769 NativeAllocationGcWatermark: 11561418 java_gc_start_bytes: 25226642 kNewNativeDiscountFactor: 2 kOldNativeDiscountFactor: 65536 old_native_bytes: 128704067 new_native_bytes: 48480692 add_bytes_allowed: 34684254 is_gc_concurrent: 1 target_footprint_: 25382481 GetBytesAllocated: 18300002 HeapGrowthMultiplier: 3
12-18 14:30:00.921  3342  3744 I com.miui.home: CheckGCForNative gc_urgency 0.999379 current_native_bytes is 177184759
12-18 14:30:00.950  3342  3744 I com.miui.home: CheckGCForNative adj_start_bytes: 42568769 NativeAllocationGcWatermark: 11561418 java_gc_start_bytes: 25226642 kNewNativeDiscountFactor: 2 kOldNativeDiscountFactor: 65536 old_native_bytes: 128704067 new_native_bytes: 49773236 add_bytes_allowed: 34684254 is_gc_concurrent: 1 target_footprint_: 25382481 GetBytesAllocated: 18325360 HeapGrowthMultiplier: 3
12-18 14:30:00.950  3342  3744 I com.miui.home: CheckGCForNative gc_urgency 1.01516 current_native_bytes is 178477303
12-18 14:30:00.950  3342  3744 I com.miui.home: CheckGCForNative requested 1
12-18 14:30:00.952  3342  3744 I com.miui.home: CheckGCForNative adj_start_bytes: 42568769 NativeAllocationGcWatermark: 11561418 java_gc_start_bytes: 25226642 kNewNativeDiscountFactor: 2 kOldNativeDiscountFactor: 65536 old_native_bytes: 128704067 new_native_bytes: 51223900 add_bytes_allowed: 34684254 is_gc_concurrent: 1 target_footprint_: 25382481 GetBytesAllocated: 18325408 HeapGrowthMultiplier: 3
12-18 14:30:00.953  3342  3744 I com.miui.home: CheckGCForNative gc_urgency 1.0322 current_native_bytes is 179927967
12-18 14:30:00.953  3342  3744 I com.miui.home: CheckGCForNative requested 1
12-18 14:30:00.953  3342  3744 I com.miui.home: CheckGCForNative adj_start_bytes: 42568769 NativeAllocationGcWatermark: 11561418 java_gc_start_bytes: 25226642 kNewNativeDiscountFactor: 2 kOldNativeDiscountFactor: 65536 old_native_bytes: 128704067 new_native_bytes: 52676772 add_bytes_allowed: 34684254 is_gc_concurrent: 1 target_footprint_: 25382481 GetBytesAllocated: 18330133 HeapGrowthMultiplier: 3
12-18 14:30:00.953  3342  3744 I com.miui.home: CheckGCForNative gc_urgency 1.04937 current_native_bytes is 181380839
12-18 14:30:00.953  3342  3744 I com.miui.home: CheckGCForNative requested 1
12-18 14:30:00.965  3342  3744 I com.miui.home: CheckGCForNative adj_start_bytes: 42568769 NativeAllocationGcWatermark: 11561418 java_gc_start_bytes: 25226642 kNewNativeDiscountFactor: 2 kOldNativeDiscountFactor: 65536 old_native_bytes: 128704067 new_native_bytes: 63687588 add_bytes_allowed: 34684254 is_gc_concurrent: 1 target_footprint_: 25382481 GetBytesAllocated: 18341504 HeapGrowthMultiplier: 3
12-18 14:30:00.965  3342  3744 I com.miui.home: CheckGCForNative gc_urgency 1.17897 current_native_bytes is 192391655
12-18 14:30:00.965  3342  3744 I com.miui.home: CheckGCForNative requested 1
12-18 14:30:01.077  3342  3382 I com.miui.home: NativeAlloc concurrent copying GC freed 121488(5215KB) AllocSpace objects, 8(344KB) LOS objects, 50% free, 12MB/24MB, paused 349us,413us total 157.280ms
12-18 14:30:01.130  3342  3800 I com.miui.home: CheckGCForNative gc_urgency 0 current_native_bytes is 145630531
12-18 14:30:01.268  3342  4008 I com.miui.home: CheckGCForNative gc_urgency 0 current_native_bytes is 144740403
12-18 14:30:01.358  9906  9906 I wm_on_create_called: [0,34516764,com.xunmeng.pinduoduo.ui.activity.MainFrameActivity,performCreate,70]
12-18 14:30:01.521  9906  9906 I wm_on_create_called: [0,213572378,com.xunmeng.pinduoduo.ui.activity.HomeActivity,performCreate,105]
12-18 14:30:01.556  9906  9906 I wm_on_start_called: [0,213572378,com.xunmeng.pinduoduo.ui.activity.HomeActivity,handleStartActivity,36]
12-18 14:30:01.563  9906  9906 I wm_on_resume_called: [0,213572378,com.xunmeng.pinduoduo.ui.activity.HomeActivity,RESUME_ACTIVITY,5]
12-18 14:30:01.593  9906  9906 I wm_on_top_resumed_gained_called: [213572378,com.xunmeng.pinduoduo.ui.activity.HomeActivity,topStateChangedWhenResumed]
12-18 14:30:01.993  3342  3342 I wm_on_resume_called: [0,16014311,com.miui.home.launcher.Launcher,RESUME_ACTIVITY,20]
12-18 14:30:02.012  3342  3342 I wm_on_idle_called: com.miui.home.launcher.Launcher
12-18 14:30:02.081  3342  4190 I com.miui.home: CheckGCForNative adj_start_bytes: 42819720 NativeAllocationGcWatermark: 11594865 java_gc_start_bytes: 25427423 kNewNativeDiscountFactor: 2 kOldNativeDiscountFactor: 65536 old_native_bytes: 144740403 new_native_bytes: 11846628 add_bytes_allowed: 34784595 is_gc_concurrent: 1 target_footprint_: 25650061 GetBytesAllocated: 15747495 HeapGrowthMultiplier: 3
12-18 14:30:02.081  3342  4190 I com.miui.home: CheckGCForNative gc_urgency 0.506146 current_native_bytes is 156587031
12-18 14:30:02.082  3342  4190 I com.miui.home: CheckGCForNative adj_start_bytes: 42819720 NativeAllocationGcWatermark: 11594865 java_gc_start_bytes: 25427423 kNewNativeDiscountFactor: 2 kOldNativeDiscountFactor: 65536 old_native_bytes: 144740403 new_native_bytes: 22553572 add_bytes_allowed: 34784595 is_gc_concurrent: 1 target_footprint_: 25650061 GetBytesAllocated: 15764387 HeapGrowthMultiplier: 3
12-18 14:30:02.082  3342  4190 I com.miui.home: CheckGCForNative gc_urgency 0.631564 current_native_bytes is 167293975
12-18 14:30:02.101  3342  3889 I com.miui.home: CheckGCForNative adj_start_bytes: 42819720 NativeAllocationGcWatermark: 11594865 java_gc_start_bytes: 25427423 kNewNativeDiscountFactor: 2 kOldNativeDiscountFactor: 65536 old_native_bytes: 144740403 new_native_bytes: 22571236 add_bytes_allowed: 34784595 is_gc_concurrent: 1 target_footprint_: 25650061 GetBytesAllocated: 15805194 HeapGrowthMultiplier: 3
12-18 14:30:02.101  3342  3889 I com.miui.home: CheckGCForNative gc_urgency 0.632723 current_native_bytes is 167311639
12-18 14:30:02.130  3342  3800 I com.miui.home: CheckGCForNative adj_start_bytes: 42819720 NativeAllocationGcWatermark: 11594865 java_gc_start_bytes: 25427423 kNewNativeDiscountFactor: 2 kOldNativeDiscountFactor: 65536 old_native_bytes: 144740403 new_native_bytes: 11914148 add_bytes_allowed: 34784595 is_gc_concurrent: 1 target_footprint_: 25650061 GetBytesAllocated: 15936728 HeapGrowthMultiplier: 3
12-18 14:30:02.130  3342  3800 I com.miui.home: CheckGCForNative gc_urgency 0.511353 current_native_bytes is 156654551
12-18 14:30:02.193  9906  9906 I wm_on_top_resumed_lost_called: [213572378,com.xunmeng.pinduoduo.ui.activity.HomeActivity,topStateChangedWhenResumed]
12-18 14:30:02.197  3342  3342 I wm_on_top_resumed_gained_called: [16014311,com.miui.home.launcher.Launcher,topStateChangedWhenResumed]
12-18 14:30:02.375  3342  3800 I com.miui.home: CheckGCForNative adj_start_bytes: 42819720 NativeAllocationGcWatermark: 11594865 java_gc_start_bytes: 25427423 kNewNativeDiscountFactor: 2 kOldNativeDiscountFactor: 65536 old_native_bytes: 144740403 new_native_bytes: 11915972 add_bytes_allowed: 34784595 is_gc_concurrent: 1 target_footprint_: 25650061 GetBytesAllocated: 16288819 HeapGrowthMultiplier: 3
12-18 14:30:02.375  3342  3800 I com.miui.home: CheckGCForNative gc_urgency 0.519597 current_native_bytes is 156656375
12-18 14:30:02.486  3342  3800 I com.miui.home: CheckGCForNative adj_start_bytes: 42819720 NativeAllocationGcWatermark: 11594865 java_gc_start_bytes: 25427423 kNewNativeDiscountFactor: 2 kOldNativeDiscountFactor: 65536 old_native_bytes: 144740403 new_native_bytes: 11845124 add_bytes_allowed: 34784595 is_gc_concurrent: 1 target_footprint_: 25650061 GetBytesAllocated: 16370406 HeapGrowthMultiplier: 3
12-18 14:30:02.486  3342  3800 I com.miui.home: CheckGCForNative gc_urgency 0.520675 current_native_bytes is 156585527
12-18 14:30:02.582  3342  8685 I com.miui.home: CheckGCForNative adj_start_bytes: 42819720 NativeAllocationGcWatermark: 11594865 java_gc_start_bytes: 25427423 kNewNativeDiscountFactor: 2 kOldNativeDiscountFactor: 65536 old_native_bytes: 144740403 new_native_bytes: 22504044 add_bytes_allowed: 34784595 is_gc_concurrent: 1 target_footprint_: 25650061 GetBytesAllocated: 16418702 HeapGrowthMultiplier: 3
12-18 14:30:02.582  3342  8685 I com.miui.home: CheckGCForNative gc_urgency 0.646266 current_native_bytes is 167244447
12-18 14:30:02.582  3342  3799 I com.miui.home: CheckGCForNative adj_start_bytes: 42819720 NativeAllocationGcWatermark: 11594865 java_gc_start_bytes: 25427423 kNewNativeDiscountFactor: 2 kOldNativeDiscountFactor: 65536 old_native_bytes: 144740403 new_native_bytes: 33210348 add_bytes_allowed: 34784595 is_gc_concurrent: 1 target_footprint_: 25650061 GetBytesAllocated: 16418910 HeapGrowthMultiplier: 3
12-18 14:30:02.583  3342  3799 I com.miui.home: CheckGCForNative gc_urgency 0.771287 current_native_bytes is 177950751
12-18 14:30:02.585  3342  3342 I com.miui.home: CheckGCForNative adj_start_bytes: 42819720 NativeAllocationGcWatermark: 11594865 java_gc_start_bytes: 25427423 kNewNativeDiscountFactor: 2 kOldNativeDiscountFactor: 65536 old_native_bytes: 144740403 new_native_bytes: 43917612 add_bytes_allowed: 34784595 is_gc_concurrent: 1 target_footprint_: 25650061 GetBytesAllocated: 16422375 HeapGrowthMultiplier: 3
12-18 14:30:02.585  3342  3342 I com.miui.home: CheckGCForNative gc_urgency 0.896395 current_native_bytes is 188658015
12-18 14:30:02.658  9906  9906 I wm_on_paused_called: [0,213572378,com.xunmeng.pinduoduo.ui.activity.HomeActivity,performPause,4]
