12-18 15:22:47.724  3289  3289 I wm_on_top_resumed_lost_called: [180142162,com.miui.home.launcher.Launcher,topStateChangedWhenResumed]
12-18 15:22:47.735  3289  3289 I wm_on_paused_called: [0,180142162,com.miui.home.launcher.Launcher,performPause,6]
12-18 15:22:47.924  3289  3998 I com.miui.home: CheckGCForNative adj_start_bytes: 41604012 NativeAllocationGcWatermark: 11457257 java_gc_start_bytes: 24418127 kNewNativeDiscountFactor: 2 kOldNativeDiscountFactor: 65536 old_native_bytes: 71185927 new_native_bytes: 494532 add_bytes_allowed: 34371771 is_gc_concurrent: 1 target_footprint_: 24549199 GetBytesAllocated: 12898764 HeapGrowthMultiplier: 3
12-18 15:22:47.924  3289  3998 I com.miui.home: CheckGCForNative gc_urgency 0.316006 current_native_bytes is 71680459
12-18 15:22:48.228  3289  3998 I com.miui.home: CheckGCForNative adj_start_bytes: 41604012 NativeAllocationGcWatermark: 11457257 java_gc_start_bytes: 24418127 kNewNativeDiscountFactor: 2 kOldNativeDiscountFactor: 65536 old_native_bytes: 71185927 new_native_bytes: 1667644 add_bytes_allowed: 34371771 is_gc_concurrent: 1 target_footprint_: 24549199 GetBytesAllocated: 13314344 HeapGrowthMultiplier: 3
12-18 15:22:48.228  3289  3998 I com.miui.home: CheckGCForNative gc_urgency 0.340093 current_native_bytes is 72853571
12-18 15:22:48.454  3289  3998 I com.miui.home: CheckGCForNative adj_start_bytes: 41604012 NativeAllocationGcWatermark: 11457257 java_gc_start_bytes: 24418127 kNewNativeDiscountFactor: 2 kOldNativeDiscountFactor: 65536 old_native_bytes: 71185927 new_native_bytes: 2241212 add_bytes_allowed: 34371771 is_gc_concurrent: 1 target_footprint_: 24549199 GetBytesAllocated: 13696285 HeapGrowthMultiplier: 3
12-18 15:22:48.454  3289  3998 I com.miui.home: CheckGCForNative gc_urgency 0.356167 current_native_bytes is 73427139
12-18 15:22:48.611  3289  3759 I com.miui.home: CheckGCForNative adj_start_bytes: 41604012 NativeAllocationGcWatermark: 11457257 java_gc_start_bytes: 24418127 kNewNativeDiscountFactor: 2 kOldNativeDiscountFactor: 65536 old_native_bytes: 71185927 new_native_bytes: 2927696 add_bytes_allowed: 34371771 is_gc_concurrent: 1 target_footprint_: 24549199 GetBytesAllocated: 13900859 HeapGrowthMultiplier: 3
12-18 15:22:48.611  3289  3759 I com.miui.home: CheckGCForNative gc_urgency 0.369334 current_native_bytes is 74113623
12-18 15:22:48.865  3289  3998 I com.miui.home: CheckGCForNative adj_start_bytes: 41604012 NativeAllocationGcWatermark: 11457257 java_gc_start_bytes: 24418127 kNewNativeDiscountFactor: 2 kOldNativeDiscountFactor: 65536 old_native_bytes: 71185927 new_native_bytes: 13409776 add_bytes_allowed: 34371771 is_gc_concurrent: 1 target_footprint_: 24549199 GetBytesAllocated: 13953302 HeapGrowthMultiplier: 3
12-18 15:22:48.865  3289  3998 I com.miui.home: CheckGCForNative gc_urgency 0.496569 current_native_bytes is 84595703
12-18 15:22:48.883  3289  3998 I com.miui.home: CheckGCForNative adj_start_bytes: 41604012 NativeAllocationGcWatermark: 11457257 java_gc_start_bytes: 24418127 kNewNativeDiscountFactor: 2 kOldNativeDiscountFactor: 65536 old_native_bytes: 71185927 new_native_bytes: 24198960 add_bytes_allowed: 34371771 is_gc_concurrent: 1 target_footprint_: 24549199 GetBytesAllocated: 13961595 HeapGrowthMultiplier: 3
12-18 15:22:48.884  3289  3998 I com.miui.home: CheckGCForNative gc_urgency 0.626434 current_native_bytes is 95384887
12-18 15:22:48.954  3289  3998 I com.miui.home: CheckGCForNative adj_start_bytes: 41604012 NativeAllocationGcWatermark: 11457257 java_gc_start_bytes: 24418127 kNewNativeDiscountFactor: 2 kOldNativeDiscountFactor: 65536 old_native_bytes: 71185927 new_native_bytes: 24191280 add_bytes_allowed: 34371771 is_gc_concurrent: 1 target_footprint_: 24549199 GetBytesAllocated: 13965988 HeapGrowthMultiplier: 3
12-18 15:22:48.954  3289  3998 I com.miui.home: CheckGCForNative gc_urgency 0.626447 current_native_bytes is 95377207
12-18 15:22:48.957  3289  3998 I com.miui.home: CheckGCForNative adj_start_bytes: 41604012 NativeAllocationGcWatermark: 11457257 java_gc_start_bytes: 24418127 kNewNativeDiscountFactor: 2 kOldNativeDiscountFactor: 65536 old_native_bytes: 71185927 new_native_bytes: 34898224 add_bytes_allowed: 34371771 is_gc_concurrent: 1 target_footprint_: 24549199 GetBytesAllocated: 13971591 HeapGrowthMultiplier: 3
12-18 15:22:48.957  3289  3998 I com.miui.home: CheckGCForNative gc_urgency 0.755259 current_native_bytes is 106084151
12-18 15:22:49.021  3289  3998 I com.miui.home: CheckGCForNative adj_start_bytes: 41604012 NativeAllocationGcWatermark: 11457257 java_gc_start_bytes: 24418127 kNewNativeDiscountFactor: 2 kOldNativeDiscountFactor: 65536 old_native_bytes: 71185927 new_native_bytes: 34898832 add_bytes_allowed: 34371771 is_gc_concurrent: 1 target_footprint_: 24549199 GetBytesAllocated: 13976209 HeapGrowthMultiplier: 3
12-18 15:22:49.021  3289  3998 I com.miui.home: CheckGCForNative gc_urgency 0.755377 current_native_bytes is 106084759
12-18 15:22:49.024  3289  3998 I com.miui.home: CheckGCForNative adj_start_bytes: 41604012 NativeAllocationGcWatermark: 11457257 java_gc_start_bytes: 24418127 kNewNativeDiscountFactor: 2 kOldNativeDiscountFactor: 65536 old_native_bytes: 71185927 new_native_bytes: 45605968 add_bytes_allowed: 34371771 is_gc_concurrent: 1 target_footprint_: 24549199 GetBytesAllocated: 13981041 HeapGrowthMultiplier: 3
12-18 15:22:49.024  3289  3998 I com.miui.home: CheckGCForNative gc_urgency 0.884172 current_native_bytes is 116791895
12-18 15:22:49.119  3289  3998 I com.miui.home: CheckGCForNative adj_start_bytes: 41604012 NativeAllocationGcWatermark: 11457257 java_gc_start_bytes: 24418127 kNewNativeDiscountFactor: 2 kOldNativeDiscountFactor: 65536 old_native_bytes: 71185927 new_native_bytes: 34794576 add_bytes_allowed: 34371771 is_gc_concurrent: 1 target_footprint_: 24549199 GetBytesAllocated: 14143635 HeapGrowthMultiplier: 3
12-18 15:22:49.119  3289  3998 I com.miui.home: CheckGCForNative gc_urgency 0.758148 current_native_bytes is 105980503
12-18 15:22:49.227  8198  8198 I wm_on_application_create_called: [0,com.autonavi.minimap,493]
12-18 15:22:49.342  8102  8102 I wm_on_application_create_called: [0,com.autonavi.minimap,1156]
12-18 15:22:49.543  3289  3289 I wm_on_resume_called: [0,180142162,com.miui.home.launcher.Launcher,RESUME_ACTIVITY,35]
12-18 15:22:49.591  3289  3289 I wm_on_idle_called: com.miui.home.launcher.Launcher
12-18 15:22:49.703  8102  8102 I wm_on_create_called: [0,2517789,com.autonavi.map.activity.SplashActivity,performCreate,321]
12-18 15:22:49.790  3289  8424 I com.miui.home: CheckGCForNative adj_start_bytes: 41604012 NativeAllocationGcWatermark: 11457257 java_gc_start_bytes: 24418127 kNewNativeDiscountFactor: 2 kOldNativeDiscountFactor: 65536 old_native_bytes: 71185927 new_native_bytes: 45899636 add_bytes_allowed: 34371771 is_gc_concurrent: 1 target_footprint_: 24549199 GetBytesAllocated: 15730304 HeapGrowthMultiplier: 3
12-18 15:22:49.791  3289  8424 I com.miui.home: CheckGCForNative gc_urgency 0.929747 current_native_bytes is 117085563
12-18 15:22:49.792  3289  3289 I wm_on_top_resumed_gained_called: [180142162,com.miui.home.launcher.Launcher,topStateChangedWhenResumed]
12-18 15:22:49.797  3289  8424 I com.miui.home: CheckGCForNative adj_start_bytes: 41604012 NativeAllocationGcWatermark: 11457257 java_gc_start_bytes: 24418127 kNewNativeDiscountFactor: 2 kOldNativeDiscountFactor: 65536 old_native_bytes: 71185927 new_native_bytes: 56606772 add_bytes_allowed: 34371771 is_gc_concurrent: 1 target_footprint_: 24549199 GetBytesAllocated: 15745787 HeapGrowthMultiplier: 3
12-18 15:22:49.797  3289  8424 I com.miui.home: CheckGCForNative gc_urgency 1.0588 current_native_bytes is 127792699
12-18 15:22:49.797  3289  8424 I com.miui.home: CheckGCForNative requested 1
12-18 15:22:49.850  3289  8424 I com.miui.home: CheckGCForNative adj_start_bytes: 41604012 NativeAllocationGcWatermark: 11457257 java_gc_start_bytes: 24418127 kNewNativeDiscountFactor: 2 kOldNativeDiscountFactor: 65536 old_native_bytes: 71185927 new_native_bytes: 56675572 add_bytes_allowed: 34371771 is_gc_concurrent: 1 target_footprint_: 24549199 GetBytesAllocated: 15904004 HeapGrowthMultiplier: 3
12-18 15:22:49.850  3289  8424 I com.miui.home: CheckGCForNative gc_urgency 1.06343 current_native_bytes is 127861499
12-18 15:22:49.850  3289  8424 I com.miui.home: CheckGCForNative requested 1
12-18 15:22:49.883  3289  3759 I com.miui.home: CheckGCForNative adj_start_bytes: 41604012 NativeAllocationGcWatermark: 11457257 java_gc_start_bytes: 24418127 kNewNativeDiscountFactor: 2 kOldNativeDiscountFactor: 65536 old_native_bytes: 71185927 new_native_bytes: 46058324 add_bytes_allowed: 34371771 is_gc_concurrent: 1 target_footprint_: 24549199 GetBytesAllocated: 15965156 HeapGrowthMultiplier: 3
12-18 15:22:49.883  3289  3759 I com.miui.home: CheckGCForNative gc_urgency 0.937299 current_native_bytes is 117244251
12-18 15:22:49.917  3289  3759 I com.miui.home: CheckGCForNative adj_start_bytes: 41604012 NativeAllocationGcWatermark: 11457257 java_gc_start_bytes: 24418127 kNewNativeDiscountFactor: 2 kOldNativeDiscountFactor: 65536 old_native_bytes: 71185927 new_native_bytes: 45968148 add_bytes_allowed: 34371771 is_gc_concurrent: 1 target_footprint_: 24549199 GetBytesAllocated: 16011820 HeapGrowthMultiplier: 3
12-18 15:22:49.917  3289  3759 I com.miui.home: CheckGCForNative gc_urgency 0.937337 current_native_bytes is 117154075
12-18 15:22:50.086  3289  3363 I com.miui.home: NativeAlloc concurrent copying GC freed 76206(3269KB) AllocSpace objects, 5(228KB) LOS objects, 49% free, 12MB/24MB, paused 675us,320us total 286.461ms
12-18 15:22:50.250  3289  3759 I com.miui.home: CheckGCForNative gc_urgency 0 current_native_bytes is 115665339
12-18 15:22:50.278  8102  8102 I wm_on_create_called: [0,224008484,com.autonavi.map.activity.NewMapActivity,performCreate,343]
12-18 15:22:50.298  8102  8102 I wm_on_start_called: [0,224008484,com.autonavi.map.activity.NewMapActivity,handleStartActivity,20]
12-18 15:22:50.307  8102  8102 I wm_on_resume_called: [0,224008484,com.autonavi.map.activity.NewMapActivity,RESUME_ACTIVITY,6]
12-18 15:22:50.313  3289  3755 I com.miui.home: CheckGCForNative adj_start_bytes: 42149786 NativeAllocationGcWatermark: 11551579 java_gc_start_bytes: 24822418 kNewNativeDiscountFactor: 2 kOldNativeDiscountFactor: 65536 old_native_bytes: 115665339 new_native_bytes: 10807648 add_bytes_allowed: 34654737 is_gc_concurrent: 1 target_footprint_: 25303771 GetBytesAllocated: 13060095 HeapGrowthMultiplier: 3
12-18 15:22:50.313  3289  3755 I com.miui.home: CheckGCForNative gc_urgency 0.438485 current_native_bytes is 126472987
12-18 15:22:50.313  3289  3371 I com.miui.home: CheckGCForNative adj_start_bytes: 42149786 NativeAllocationGcWatermark: 11551579 java_gc_start_bytes: 24822418 kNewNativeDiscountFactor: 2 kOldNativeDiscountFactor: 65536 old_native_bytes: 115665339 new_native_bytes: 21513568 add_bytes_allowed: 34654737 is_gc_concurrent: 1 target_footprint_: 25303771 GetBytesAllocated: 13076671 HeapGrowthMultiplier: 3
12-18 15:22:50.313  3289  3371 I com.miui.home: CheckGCForNative gc_urgency 0.565489 current_native_bytes is 137178907
12-18 15:22:50.314  3289  3755 I com.miui.home: CheckGCForNative adj_start_bytes: 42149786 NativeAllocationGcWatermark: 11551579 java_gc_start_bytes: 24822418 kNewNativeDiscountFactor: 2 kOldNativeDiscountFactor: 65536 old_native_bytes: 115665339 new_native_bytes: 32220896 add_bytes_allowed: 34654737 is_gc_concurrent: 1 target_footprint_: 25303771 GetBytesAllocated: 13076863 HeapGrowthMultiplier: 3
12-18 15:22:50.314  3289  3289 I com.miui.home: CheckGCForNative adj_start_bytes: 42149786 NativeAllocationGcWatermark: 11551579 java_gc_start_bytes: 24822418 kNewNativeDiscountFactor: 2 kOldNativeDiscountFactor: 65536 old_native_bytes: 115665339 new_native_bytes: 42925792 add_bytes_allowed: 34654737 is_gc_concurrent: 1 target_footprint_: 25303771 GetBytesAllocated: 13076863 HeapGrowthMultiplier: 3
12-18 15:22:50.314  3289  3289 I com.miui.home: CheckGCForNative gc_urgency 0.819495 current_native_bytes is 158591131
12-18 15:22:50.315  3289  3755 I com.miui.home: CheckGCForNative gc_urgency 0.692508 current_native_bytes is 147886235
12-18 15:22:50.435  8102  8102 I wm_on_destroy_called: [0,2517789,com.autonavi.map.activity.SplashActivity,performDestroy,0]
12-18 15:22:50.439  8102  8102 I wm_on_paused_called: [0,224008484,com.autonavi.map.activity.NewMapActivity,performPause,1]
12-18 15:22:50.526  3289  3998 I com.miui.home: CheckGCForNative adj_start_bytes: 42149786 NativeAllocationGcWatermark: 11551579 java_gc_start_bytes: 24822418 kNewNativeDiscountFactor: 2 kOldNativeDiscountFactor: 65536 old_native_bytes: 115665339 new_native_bytes: 32798324 add_bytes_allowed: 34654737 is_gc_concurrent: 1 target_footprint_: 25303771 GetBytesAllocated: 13395108 HeapGrowthMultiplier: 3
12-18 15:22:50.526  3289  3998 I com.miui.home: CheckGCForNative gc_urgency 0.706908 current_native_bytes is 148463663
12-18 15:22:50.742  3289  3289 I wm_on_top_resumed_lost_called: [180142162,com.miui.home.launcher.Launcher,topStateChangedWhenResumed]
12-18 15:22:50.753  3289  3289 I wm_on_paused_called: [0,180142162,com.miui.home.launcher.Launcher,performPause,3]
12-18 15:22:50.783  3289  3998 I com.miui.home: CheckGCForNative adj_start_bytes: 42149786 NativeAllocationGcWatermark: 11551579 java_gc_start_bytes: 24822418 kNewNativeDiscountFactor: 2 kOldNativeDiscountFactor: 65536 old_native_bytes: 115665339 new_native_bytes: 33315696 add_bytes_allowed: 34654737 is_gc_concurrent: 1 target_footprint_: 25303771 GetBytesAllocated: 14210543 HeapGrowthMultiplier: 3
12-18 15:22:50.783  3289  3998 I com.miui.home: CheckGCForNative gc_urgency 0.732392 current_native_bytes is 148981035
12-18 15:22:50.788  8102  8102 I wm_on_stop_called: [0,224008484,com.autonavi.map.activity.NewMapActivity,STOP_ACTIVITY_ITEM,6]
12-18 15:22:50.813  8102  8102 I wm_on_idle_called: com.autonavi.map.activity.NewMapActivity
12-18 15:22:51.068  3289  8139 I com.miui.home: CheckGCForNative adj_start_bytes: 42149786 NativeAllocationGcWatermark: 11551579 java_gc_start_bytes: 24822418 kNewNativeDiscountFactor: 2 kOldNativeDiscountFactor: 65536 old_native_bytes: 115665339 new_native_bytes: 23013128 add_bytes_allowed: 34654737 is_gc_concurrent: 1 target_footprint_: 25303771 GetBytesAllocated: 14862312 HeapGrowthMultiplier: 3
12-18 15:22:51.068  3289  8139 I com.miui.home: CheckGCForNative gc_urgency 0.625641 current_native_bytes is 138678467
12-18 15:22:51.072  3289  3759 I com.miui.home: CheckGCForNative adj_start_bytes: 42149786 NativeAllocationGcWatermark: 11551579 java_gc_start_bytes: 24822418 kNewNativeDiscountFactor: 2 kOldNativeDiscountFactor: 65536 old_native_bytes: 115665339 new_native_bytes: 23015240 add_bytes_allowed: 34654737 is_gc_concurrent: 1 target_footprint_: 25303771 GetBytesAllocated: 14870869 HeapGrowthMultiplier: 3
12-18 15:22:51.072  3289  3759 I com.miui.home: CheckGCForNative gc_urgency 0.625869 current_native_bytes is 138680579
12-18 15:22:51.339  3289  3759 I com.miui.home: CheckGCForNative adj_start_bytes: 42149786 NativeAllocationGcWatermark: 11551579 java_gc_start_bytes: 24822418 kNewNativeDiscountFactor: 2 kOldNativeDiscountFactor: 65536 old_native_bytes: 115665339 new_native_bytes: 23234596 add_bytes_allowed: 34654737 is_gc_concurrent: 1 target_footprint_: 25303771 GetBytesAllocated: 15337105 HeapGrowthMultiplier: 3
12-18 15:22:51.339  3289  3759 I com.miui.home: CheckGCForNative gc_urgency 0.639533 current_native_bytes is 138899935
12-18 15:22:51.437  8558  8558 I wm_on_create_called: [0,212281080,fm.qingting.qtradio.WelcomeActivity,performCreate,110]
12-18 15:22:51.441  8558  8558 I wm_on_start_called: [0,212281080,fm.qingting.qtradio.WelcomeActivity,handleStartActivity,3]
12-18 15:22:51.452  8558  8558 I wm_on_resume_called: [0,212281080,fm.qingting.qtradio.WelcomeActivity,RESUME_ACTIVITY,10]
12-18 15:22:51.490  8558  8558 I wm_on_top_resumed_gained_called: [212281080,fm.qingting.qtradio.WelcomeActivity,topStateChangedWhenResumed]
12-18 15:22:51.707  3289  3289 I wm_on_stop_called: [0,180142162,com.miui.home.launcher.Launcher,STOP_ACTIVITY_ITEM,5]
12-18 15:22:51.852  8558  8558 I wm_on_idle_called: fm.qingting.qtradio.WelcomeActivity
12-18 15:22:52.374  8558  8558 I wm_on_top_resumed_lost_called: [212281080,fm.qingting.qtradio.WelcomeActivity,topStateChangedWhenResumed]
12-18 15:22:52.384  3289  3289 I wm_on_restart_called: [0,180142162,com.miui.home.launcher.Launcher,,0]
12-18 15:22:52.386  3289  3289 I wm_on_start_called: [0,180142162,com.miui.home.launcher.Launcher,handleStartActivity,2]
12-18 15:22:52.409  3289  3289 I wm_on_resume_called: [0,180142162,com.miui.home.launcher.Launcher,RESUME_ACTIVITY,20]
12-18 15:22:52.436  3289  3735 I com.miui.home: CheckGCForNative adj_start_bytes: 42149786 NativeAllocationGcWatermark: 11551579 java_gc_start_bytes: 24822418 kNewNativeDiscountFactor: 2 kOldNativeDiscountFactor: 65536 old_native_bytes: 115665339 new_native_bytes: 23539760 add_bytes_allowed: 34654737 is_gc_concurrent: 1 target_footprint_: 25303771 GetBytesAllocated: 16527725 HeapGrowthMultiplier: 3
12-18 15:22:52.436  3289  3735 I com.miui.home: CheckGCForNative gc_urgency 0.6714 current_native_bytes is 139205099
12-18 15:22:52.441  3289  3289 I com.miui.home: CheckGCForNative adj_start_bytes: 42149786 NativeAllocationGcWatermark: 11551579 java_gc_start_bytes: 24822418 kNewNativeDiscountFactor: 2 kOldNativeDiscountFactor: 65536 old_native_bytes: 115665339 new_native_bytes: 23579852 add_bytes_allowed: 34654737 is_gc_concurrent: 1 target_footprint_: 25303771 GetBytesAllocated: 16535729 HeapGrowthMultiplier: 3
12-18 15:22:52.441  3289  3289 I com.miui.home: CheckGCForNative gc_urgency 0.672066 current_native_bytes is 139245191
12-18 15:22:52.485  3289  3289 I wm_on_top_resumed_gained_called: [180142162,com.miui.home.launcher.Launcher,topStateChangedWhenResumed]
12-18 15:22:52.491  3289  3289 I wm_on_idle_called: com.miui.home.launcher.Launcher
12-18 15:22:52.575  3289  3372 I com.miui.home: CheckGCForNative adj_start_bytes: 42149786 NativeAllocationGcWatermark: 11551579 java_gc_start_bytes: 24822418 kNewNativeDiscountFactor: 2 kOldNativeDiscountFactor: 65536 old_native_bytes: 115665339 new_native_bytes: 34469588 add_bytes_allowed: 34654737 is_gc_concurrent: 1 target_footprint_: 25303771 GetBytesAllocated: 17003980 HeapGrowthMultiplier: 3
12-18 15:22:52.576  3289  3372 I com.miui.home: CheckGCForNative gc_urgency 0.812354 current_native_bytes is 150134927
12-18 15:22:52.576  3289  8424 I com.miui.home: CheckGCForNative adj_start_bytes: 42149786 NativeAllocationGcWatermark: 11551579 java_gc_start_bytes: 24822418 kNewNativeDiscountFactor: 2 kOldNativeDiscountFactor: 65536 old_native_bytes: 115665339 new_native_bytes: 45175508 add_bytes_allowed: 34654737 is_gc_concurrent: 1 target_footprint_: 25303771 GetBytesAllocated: 17004172 HeapGrowthMultiplier: 3
12-18 15:22:52.576  3289  8424 I com.miui.home: CheckGCForNative gc_urgency 0.939357 current_native_bytes is 160840847
12-18 15:22:52.577  3289  3372 I com.miui.home: CheckGCForNative adj_start_bytes: 42149786 NativeAllocationGcWatermark: 11551579 java_gc_start_bytes: 24822418 kNewNativeDiscountFactor: 2 kOldNativeDiscountFactor: 65536 old_native_bytes: 115665339 new_native_bytes: 55882836 add_bytes_allowed: 34654737 is_gc_concurrent: 1 target_footprint_: 25303771 GetBytesAllocated: 17004364 HeapGrowthMultiplier: 3
12-18 15:22:52.577  3289  3372 I com.miui.home: CheckGCForNative gc_urgency 1.06638 current_native_bytes is 171548175
12-18 15:22:52.577  3289  3372 I com.miui.home: CheckGCForNative requested 1
12-18 15:22:52.707  3289  3363 I com.miui.home: NativeAlloc concurrent copying GC freed 96864(4218KB) AllocSpace objects, 4(208KB) LOS objects, 49% free, 12MB/24MB, paused 1.700ms,1.036ms total 129.920ms
12-18 15:22:52.845  8829  8829 I wm_on_application_create_called: [0,com.xiaomi.bluetooth,236]
12-18 15:22:52.855  3289  3759 I com.miui.home: CheckGCForNative gc_urgency 0 current_native_bytes is 127421703
12-18 15:22:53.083  3289  3372 I com.miui.home: CheckGCForNative adj_start_bytes: 42646216 NativeAllocationGcWatermark: 11587008 java_gc_start_bytes: 25265704 kNewNativeDiscountFactor: 2 kOldNativeDiscountFactor: 65536 old_native_bytes: 127421703 new_native_bytes: 10678168 add_bytes_allowed: 34761024 is_gc_concurrent: 1 target_footprint_: 25587200 GetBytesAllocated: 13022928 HeapGrowthMultiplier: 3
12-18 15:22:53.092  3289  3372 I com.miui.home: CheckGCForNative gc_urgency 0.430612 current_native_bytes is 138099871
12-18 15:22:53.092  3289  3755 I com.miui.home: CheckGCForNative adj_start_bytes: 42646216 NativeAllocationGcWatermark: 11587008 java_gc_start_bytes: 25265704 kNewNativeDiscountFactor: 2 kOldNativeDiscountFactor: 65536 old_native_bytes: 127421703 new_native_bytes: 21384088 add_bytes_allowed: 34761024 is_gc_concurrent: 1 target_footprint_: 25587200 GetBytesAllocated: 13022928 HeapGrowthMultiplier: 3
12-18 15:22:53.092  3289  3755 I com.miui.home: CheckGCForNative gc_urgency 0.556132 current_native_bytes is 148805791
12-18 15:22:53.094  3289  3289 I com.miui.home: CheckGCForNative adj_start_bytes: 42646216 NativeAllocationGcWatermark: 11587008 java_gc_start_bytes: 25265704 kNewNativeDiscountFactor: 2 kOldNativeDiscountFactor: 65536 old_native_bytes: 127421703 new_native_bytes: 32091608 add_bytes_allowed: 34761024 is_gc_concurrent: 1 target_footprint_: 25587200 GetBytesAllocated: 13023312 HeapGrowthMultiplier: 3
12-18 15:22:53.094  3289  3289 I com.miui.home: CheckGCForNative gc_urgency 0.68168 current_native_bytes is 159513311
12-18 15:22:53.228  8558  8558 I wm_on_paused_called: [0,212281080,fm.qingting.qtradio.WelcomeActivity,performPause,117]
12-18 15:22:53.297  8558  8558 I wm_on_stop_called: [0,212281080,fm.qingting.qtradio.WelcomeActivity,STOP_ACTIVITY_ITEM,34]
12-18 15:22:53.329  3289  3289 I wm_on_top_resumed_lost_called: [180142162,com.miui.home.launcher.Launcher,topStateChangedWhenResumed]
12-18 15:22:53.337  3289  3289 I wm_on_paused_called: [0,180142162,com.miui.home.launcher.Launcher,performPause,2]
12-18 15:22:53.588  3289  3998 I com.miui.home: CheckGCForNative adj_start_bytes: 42646216 NativeAllocationGcWatermark: 11587008 java_gc_start_bytes: 25265704 kNewNativeDiscountFactor: 2 kOldNativeDiscountFactor: 65536 old_native_bytes: 127421703 new_native_bytes: 11848496 add_bytes_allowed: 34761024 is_gc_concurrent: 1 target_footprint_: 25587200 GetBytesAllocated: 13835196 HeapGrowthMultiplier: 3
12-18 15:22:53.588  3289  3998 I com.miui.home: CheckGCForNative gc_urgency 0.46338 current_native_bytes is 139270199
12-18 15:22:53.596  3289  8139 I com.miui.home: CheckGCForNative adj_start_bytes: 42646216 NativeAllocationGcWatermark: 11587008 java_gc_start_bytes: 25265704 kNewNativeDiscountFactor: 2 kOldNativeDiscountFactor: 65536 old_native_bytes: 127421703 new_native_bytes: 11868336 add_bytes_allowed: 34761024 is_gc_concurrent: 1 target_footprint_: 25587200 GetBytesAllocated: 13861570 HeapGrowthMultiplier: 3
12-18 15:22:53.596  3289  8139 I com.miui.home: CheckGCForNative gc_urgency 0.464231 current_native_bytes is 139290039
12-18 15:22:53.866  3289  3759 I com.miui.home: CheckGCForNative adj_start_bytes: 42646216 NativeAllocationGcWatermark: 11587008 java_gc_start_bytes: 25265704 kNewNativeDiscountFactor: 2 kOldNativeDiscountFactor: 65536 old_native_bytes: 127421703 new_native_bytes: 13230236 add_bytes_allowed: 34761024 is_gc_concurrent: 1 target_footprint_: 25587200 GetBytesAllocated: 14215673 HeapGrowthMultiplier: 3
12-18 15:22:53.866  3289  3759 I com.miui.home: CheckGCForNative gc_urgency 0.488501 current_native_bytes is 140651939
12-18 15:22:53.945  3289  3998 I com.miui.home: CheckGCForNative adj_start_bytes: 42646216 NativeAllocationGcWatermark: 11587008 java_gc_start_bytes: 25265704 kNewNativeDiscountFactor: 2 kOldNativeDiscountFactor: 65536 old_native_bytes: 127421703 new_native_bytes: 23962604 add_bytes_allowed: 34761024 is_gc_concurrent: 1 target_footprint_: 25587200 GetBytesAllocated: 14441139 HeapGrowthMultiplier: 3
12-18 15:22:53.945  3289  3998 I com.miui.home: CheckGCForNative gc_urgency 0.619618 current_native_bytes is 151384307
12-18 15:22:54.659  3289  3289 I com.miui.home: CheckGCForNative adj_start_bytes: 42646216 NativeAllocationGcWatermark: 11587008 java_gc_start_bytes: 25265704 kNewNativeDiscountFactor: 2 kOldNativeDiscountFactor: 65536 old_native_bytes: 127421703 new_native_bytes: 13152772 add_bytes_allowed: 34761024 is_gc_concurrent: 1 target_footprint_: 25587200 GetBytesAllocated: 15381489 HeapGrowthMultiplier: 3
12-18 15:22:54.659  3289  3289 I com.miui.home: CheckGCForNative gc_urgency 0.51493 current_native_bytes is 140574475
12-18 15:22:54.663  3289  3289 I com.miui.home: CheckGCForNative adj_start_bytes: 42646216 NativeAllocationGcWatermark: 11587008 java_gc_start_bytes: 25265704 kNewNativeDiscountFactor: 2 kOldNativeDiscountFactor: 65536 old_native_bytes: 127421703 new_native_bytes: 13173768 add_bytes_allowed: 34761024 is_gc_concurrent: 1 target_footprint_: 25587200 GetBytesAllocated: 15395363 HeapGrowthMultiplier: 3
12-18 15:22:54.663  3289  3289 I com.miui.home: CheckGCForNative gc_urgency 0.515502 current_native_bytes is 140595471
12-18 15:22:54.713  3289  3289 I wm_on_resume_called: [0,180142162,com.miui.home.launcher.Launcher,RESUME_ACTIVITY,22]
12-18 15:22:54.738  3289  3289 I wm_on_idle_called: com.miui.home.launcher.Launcher
12-18 15:22:54.800  3289  8424 I com.miui.home: CheckGCForNative adj_start_bytes: 42646216 NativeAllocationGcWatermark: 11587008 java_gc_start_bytes: 25265704 kNewNativeDiscountFactor: 2 kOldNativeDiscountFactor: 65536 old_native_bytes: 127421703 new_native_bytes: 24054316 add_bytes_allowed: 34761024 is_gc_concurrent: 1 target_footprint_: 25587200 GetBytesAllocated: 16011022 HeapGrowthMultiplier: 3
12-18 15:22:54.800  3289  8424 I com.miui.home: CheckGCForNative gc_urgency 0.657506 current_native_bytes is 151476019
12-18 15:22:54.801  3289  4100 I com.miui.home: CheckGCForNative adj_start_bytes: 42646216 NativeAllocationGcWatermark: 11587008 java_gc_start_bytes: 25265704 kNewNativeDiscountFactor: 2 kOldNativeDiscountFactor: 65536 old_native_bytes: 127421703 new_native_bytes: 34760236 add_bytes_allowed: 34761024 is_gc_concurrent: 1 target_footprint_: 25587200 GetBytesAllocated: 16011022 HeapGrowthMultiplier: 3
12-18 15:22:54.802  3289  4100 I com.miui.home: CheckGCForNative gc_urgency 0.783026 current_native_bytes is 162181939
12-18 15:22:54.803  3289  3289 I com.miui.home: CheckGCForNative adj_start_bytes: 42646216 NativeAllocationGcWatermark: 11587008 java_gc_start_bytes: 25265704 kNewNativeDiscountFactor: 2 kOldNativeDiscountFactor: 65536 old_native_bytes: 127421703 new_native_bytes: 45467180 add_bytes_allowed: 34761024 is_gc_concurrent: 1 target_footprint_: 25587200 GetBytesAllocated: 16017349 HeapGrowthMultiplier: 3
12-18 15:22:54.803  3289  3289 I com.miui.home: CheckGCForNative gc_urgency 0.908706 current_native_bytes is 172888883
12-18 15:22:55.055  3289  3759 I com.miui.home: CheckGCForNative adj_start_bytes: 42646216 NativeAllocationGcWatermark: 11587008 java_gc_start_bytes: 25265704 kNewNativeDiscountFactor: 2 kOldNativeDiscountFactor: 65536 old_native_bytes: 127421703 new_native_bytes: 24107820 add_bytes_allowed: 34761024 is_gc_concurrent: 1 target_footprint_: 25587200 GetBytesAllocated: 16586830 HeapGrowthMultiplier: 3
12-18 15:22:55.055  3289  3759 I com.miui.home: CheckGCForNative gc_urgency 0.671635 current_native_bytes is 151529523
12-18 15:22:55.137  3289  3289 I wm_on_top_resumed_gained_called: [180142162,com.miui.home.launcher.Launcher,topStateChangedWhenResumed]
12-18 15:22:55.159  9023  9023 I wm_on_application_create_called: [0,com.ss.android.ugc.aweme,313]
12-18 15:22:55.277  3289  3759 I com.miui.home: CheckGCForNative adj_start_bytes: 42646216 NativeAllocationGcWatermark: 11587008 java_gc_start_bytes: 25265704 kNewNativeDiscountFactor: 2 kOldNativeDiscountFactor: 65536 old_native_bytes: 127421703 new_native_bytes: 24021164 add_bytes_allowed: 34761024 is_gc_concurrent: 1 target_footprint_: 25587200 GetBytesAllocated: 16724561 HeapGrowthMultiplier: 3
12-18 15:22:55.278  3289  3759 I com.miui.home: CheckGCForNative gc_urgency 0.673849 current_native_bytes is 151442867
12-18 15:22:55.542  3289  3289 I wm_on_top_resumed_lost_called: [180142162,com.miui.home.launcher.Launcher,topStateChangedWhenResumed]
12-18 15:22:55.703  3289  3998 I com.miui.home: CheckGCForNative adj_start_bytes: 42646216 NativeAllocationGcWatermark: 11587008 java_gc_start_bytes: 25265704 kNewNativeDiscountFactor: 2 kOldNativeDiscountFactor: 65536 old_native_bytes: 127421703 new_native_bytes: 24211600 add_bytes_allowed: 34761024 is_gc_concurrent: 1 target_footprint_: 25587200 GetBytesAllocated: 17241689 HeapGrowthMultiplier: 3
12-18 15:22:55.703  3289  3998 I com.miui.home: CheckGCForNative gc_urgency 0.688207 current_native_bytes is 151633303
12-18 15:22:55.816  3289  3289 I wm_on_paused_called: [0,180142162,com.miui.home.launcher.Launcher,performPause,3]
12-18 15:22:56.015  9023  9023 I wm_on_create_called: [0,70222823,com.ss.android.ugc.aweme.splash.SplashActivity,performCreate,811]
12-18 15:22:56.026  3289  3998 I com.miui.home: CheckGCForNative adj_start_bytes: 42646216 NativeAllocationGcWatermark: 11587008 java_gc_start_bytes: 25265704 kNewNativeDiscountFactor: 2 kOldNativeDiscountFactor: 65536 old_native_bytes: 127421703 new_native_bytes: 35178848 add_bytes_allowed: 34761024 is_gc_concurrent: 1 target_footprint_: 25587200 GetBytesAllocated: 17897321 HeapGrowthMultiplier: 3
12-18 15:22:56.026  3289  3998 I com.miui.home: CheckGCForNative gc_urgency 0.832165 current_native_bytes is 162600551
12-18 15:22:56.233  3289  3759 I com.miui.home: CheckGCForNative adj_start_bytes: 42646216 NativeAllocationGcWatermark: 11587008 java_gc_start_bytes: 25265704 kNewNativeDiscountFactor: 2 kOldNativeDiscountFactor: 65536 old_native_bytes: 127421703 new_native_bytes: 24769228 add_bytes_allowed: 34761024 is_gc_concurrent: 1 target_footprint_: 25587200 GetBytesAllocated: 18393791 HeapGrowthMultiplier: 3
12-18 15:22:56.233  3289  3759 I com.miui.home: CheckGCForNative gc_urgency 0.72176 current_native_bytes is 152190931
12-18 15:22:56.469  9023  9023 I wm_on_start_called: [0,70222823,com.ss.android.ugc.aweme.splash.SplashActivity,handleStartActivity,422]
12-18 15:22:56.566  3289  3759 I com.miui.home: CheckGCForNative adj_start_bytes: 42646216 NativeAllocationGcWatermark: 11587008 java_gc_start_bytes: 25265704 kNewNativeDiscountFactor: 2 kOldNativeDiscountFactor: 65536 old_native_bytes: 127421703 new_native_bytes: 24864604 add_bytes_allowed: 34761024 is_gc_concurrent: 1 target_footprint_: 25587200 GetBytesAllocated: 18817151 HeapGrowthMultiplier: 3
12-18 15:22:56.566  3289  3759 I com.miui.home: CheckGCForNative gc_urgency 0.732806 current_native_bytes is 152286307
12-18 15:22:56.575  9023  9023 I wm_on_resume_called: [0,70222823,com.ss.android.ugc.aweme.splash.SplashActivity,RESUME_ACTIVITY,79]
12-18 15:22:56.577  3289  3759 I com.miui.home: CheckGCForNative adj_start_bytes: 42646216 NativeAllocationGcWatermark: 11587008 java_gc_start_bytes: 25265704 kNewNativeDiscountFactor: 2 kOldNativeDiscountFactor: 65536 old_native_bytes: 127421703 new_native_bytes: 24867356 add_bytes_allowed: 34761024 is_gc_concurrent: 1 target_footprint_: 25587200 GetBytesAllocated: 18825059 HeapGrowthMultiplier: 3
12-18 15:22:56.577  3289  3759 I com.miui.home: CheckGCForNative gc_urgency 0.733024 current_native_bytes is 152289059
12-18 15:22:56.751  9023  9023 I wm_on_top_resumed_gained_called: [70222823,com.ss.android.ugc.aweme.splash.SplashActivity,topStateChangedWhenResumed]
12-18 15:22:56.907  9369  9369 I wm_on_create_called: [0,84974423,com.eg.android.AlipayGphone.AlipayLogin,performCreate,161]
12-18 15:22:56.913  9369  9369 I wm_on_start_called: [0,84974423,com.eg.android.AlipayGphone.AlipayLogin,handleStartActivity,4]
12-18 15:22:57.025  9369  9369 I wm_on_resume_called: [0,84974423,com.eg.android.AlipayGphone.AlipayLogin,RESUME_ACTIVITY,110]
12-18 15:22:57.060  3289  3289 I wm_on_resume_called: [0,180142162,com.miui.home.launcher.Launcher,RESUME_ACTIVITY,22]
12-18 15:22:57.083  3289  3289 I wm_on_idle_called: com.miui.home.launcher.Launcher
12-18 15:22:57.163  9369  9369 I wm_on_top_resumed_gained_called: [84974423,com.eg.android.AlipayGphone.AlipayLogin,topStateChangedWhenResumed]
12-18 15:22:57.186  3289  3371 I com.miui.home: CheckGCForNative adj_start_bytes: 42646216 NativeAllocationGcWatermark: 11587008 java_gc_start_bytes: 25265704 kNewNativeDiscountFactor: 2 kOldNativeDiscountFactor: 65536 old_native_bytes: 127421703 new_native_bytes: 35503624 add_bytes_allowed: 34761024 is_gc_concurrent: 1 target_footprint_: 25587200 GetBytesAllocated: 20123774 HeapGrowthMultiplier: 3
12-18 15:22:57.186  3289  3371 I com.miui.home: CheckGCForNative gc_urgency 0.88818 current_native_bytes is 162925327
12-18 15:22:57.187  3289  4100 I com.miui.home: CheckGCForNative adj_start_bytes: 42646216 NativeAllocationGcWatermark: 11587008 java_gc_start_bytes: 25265704 kNewNativeDiscountFactor: 2 kOldNativeDiscountFactor: 65536 old_native_bytes: 127421703 new_native_bytes: 46210312 add_bytes_allowed: 34761024 is_gc_concurrent: 1 target_footprint_: 25587200 GetBytesAllocated: 20135271 HeapGrowthMultiplier: 3
12-18 15:22:57.187  3289  4100 I com.miui.home: CheckGCForNative gc_urgency 1.01398 current_native_bytes is 173632015
12-18 15:22:57.187  3289  4100 I com.miui.home: CheckGCForNative requested 1
12-18 15:22:57.188  3289  4100 I com.miui.home: CheckGCForNative adj_start_bytes: 42646216 NativeAllocationGcWatermark: 11587008 java_gc_start_bytes: 25265704 kNewNativeDiscountFactor: 2 kOldNativeDiscountFactor: 65536 old_native_bytes: 127421703 new_native_bytes: 56917128 add_bytes_allowed: 34761024 is_gc_concurrent: 1 target_footprint_: 25587200 GetBytesAllocated: 20135463 HeapGrowthMultiplier: 3
12-18 15:22:57.188  3289  4100 I com.miui.home: CheckGCForNative gc_urgency 1.13951 current_native_bytes is 184338831
12-18 15:22:57.188  3289  4100 I com.miui.home: CheckGCForNative requested 1
12-18 15:22:57.321  9369  9369 I wm_on_top_resumed_lost_called: [84974423,com.eg.android.AlipayGphone.AlipayLogin,topStateChangedWhenResumed]
12-18 15:22:57.323  3289  3289 I wm_on_top_resumed_gained_called: [180142162,com.miui.home.launcher.Launcher,topStateChangedWhenResumed]
12-18 15:22:57.368  3289  3759 I com.miui.home: CheckGCForNative adj_start_bytes: 42646216 NativeAllocationGcWatermark: 11587008 java_gc_start_bytes: 25265704 kNewNativeDiscountFactor: 2 kOldNativeDiscountFactor: 65536 old_native_bytes: 127421703 new_native_bytes: 35581704 add_bytes_allowed: 34761024 is_gc_concurrent: 1 target_footprint_: 25587200 GetBytesAllocated: 20533773 HeapGrowthMultiplier: 3
12-18 15:22:57.368  3289  3759 I com.miui.home: CheckGCForNative gc_urgency 0.89871 current_native_bytes is 163003407
12-18 15:22:57.396  3289  3363 I com.miui.home: NativeAlloc concurrent copying GC freed 170325(7172KB) AllocSpace objects, 10(448KB) LOS objects, 49% free, 12MB/24MB, paused 9.352ms,75us total 208.506ms
12-18 15:22:57.589  3289  3759 I com.miui.home: CheckGCForNative gc_urgency 0 current_native_bytes is 128302307
12-18 15:22:57.671  3289  4100 I com.miui.home: CheckGCForNative adj_start_bytes: 42436793 NativeAllocationGcWatermark: 11574457 java_gc_start_bytes: 25075108 kNewNativeDiscountFactor: 2 kOldNativeDiscountFactor: 65536 old_native_bytes: 128302307 new_native_bytes: 10706688 add_bytes_allowed: 34723371 is_gc_concurrent: 1 target_footprint_: 25486797 GetBytesAllocated: 12924828 HeapGrowthMultiplier: 3
12-18 15:22:57.671  3289  4100 I com.miui.home: CheckGCForNative gc_urgency 0.430761 current_native_bytes is 139008995
12-18 15:22:57.674  3289  3289 I com.miui.home: CheckGCForNative adj_start_bytes: 42436793 NativeAllocationGcWatermark: 11574457 java_gc_start_bytes: 25075108 kNewNativeDiscountFactor: 2 kOldNativeDiscountFactor: 65536 old_native_bytes: 128302307 new_native_bytes: 21410304 add_bytes_allowed: 34723371 is_gc_concurrent: 1 target_footprint_: 25486797 GetBytesAllocated: 12930539 HeapGrowthMultiplier: 3
12-18 15:22:57.675  3289  3289 I com.miui.home: CheckGCForNative gc_urgency 0.557008 current_native_bytes is 149712611
12-18 15:22:57.676  3289  3755 I com.miui.home: CheckGCForNative adj_start_bytes: 42436793 NativeAllocationGcWatermark: 11574457 java_gc_start_bytes: 25075108 kNewNativeDiscountFactor: 2 kOldNativeDiscountFactor: 65536 old_native_bytes: 128302307 new_native_bytes: 21411840 add_bytes_allowed: 34723371 is_gc_concurrent: 1 target_footprint_: 25486797 GetBytesAllocated: 12934599 HeapGrowthMultiplier: 3
12-18 15:22:57.676  3289  3755 I com.miui.home: CheckGCForNative gc_urgency 0.557122 current_native_bytes is 149714147
12-18 15:22:58.071  3289  3289 I wm_on_top_resumed_lost_called: [180142162,com.miui.home.launcher.Launcher,topStateChangedWhenResumed]
12-18 15:22:58.171  3289  3998 I com.miui.home: CheckGCForNative adj_start_bytes: 42436793 NativeAllocationGcWatermark: 11574457 java_gc_start_bytes: 25075108 kNewNativeDiscountFactor: 2 kOldNativeDiscountFactor: 65536 old_native_bytes: 128302307 new_native_bytes: 11451776 add_bytes_allowed: 34723371 is_gc_concurrent: 1 target_footprint_: 25486797 GetBytesAllocated: 13374925 HeapGrowthMultiplier: 3
12-18 15:22:58.171  3289  3998 I com.miui.home: CheckGCForNative gc_urgency 0.450146 current_native_bytes is 139754083
12-18 15:22:58.199  3289  3289 I wm_on_paused_called: [0,180142162,com.miui.home.launcher.Launcher,performPause,3]
12-18 15:22:58.385  9640  9640 I wm_on_application_create_called: [0,com.eg.android.AlipayGphone,416]
12-18 15:22:58.547  3289  3700 I com.miui.home: CheckGCForNative adj_start_bytes: 42436793 NativeAllocationGcWatermark: 11574457 java_gc_start_bytes: 25075108 kNewNativeDiscountFactor: 2 kOldNativeDiscountFactor: 65536 old_native_bytes: 128302307 new_native_bytes: 22399076 add_bytes_allowed: 34723371 is_gc_concurrent: 1 target_footprint_: 25486797 GetBytesAllocated: 14022585 HeapGrowthMultiplier: 3
12-18 15:22:58.547  3289  3700 I com.miui.home: CheckGCForNative gc_urgency 0.594392 current_native_bytes is 150701383
12-18 15:22:58.686  3289  3700 I com.miui.home: CheckGCForNative adj_start_bytes: 42436793 NativeAllocationGcWatermark: 11574457 java_gc_start_bytes: 25075108 kNewNativeDiscountFactor: 2 kOldNativeDiscountFactor: 65536 old_native_bytes: 128302307 new_native_bytes: 37214212 add_bytes_allowed: 34723371 is_gc_concurrent: 1 target_footprint_: 25486797 GetBytesAllocated: 14178398 HeapGrowthMultiplier: 3
12-18 15:22:58.686  3289  3700 I com.miui.home: CheckGCForNative gc_urgency 0.774218 current_native_bytes is 165516519
12-18 15:22:58.701  3289  3700 I com.miui.home: CheckGCForNative adj_start_bytes: 42436793 NativeAllocationGcWatermark: 11574457 java_gc_start_bytes: 25075108 kNewNativeDiscountFactor: 2 kOldNativeDiscountFactor: 65536 old_native_bytes: 128302307 new_native_bytes: 25496184 add_bytes_allowed: 34723371 is_gc_concurrent: 1 target_footprint_: 25486797 GetBytesAllocated: 14295784 HeapGrowthMultiplier: 3
12-18 15:22:58.701  3289  3700 I com.miui.home: CheckGCForNative gc_urgency 0.63732 current_native_bytes is 153798491
12-18 15:22:58.755  3289  3759 I com.miui.home: CheckGCForNative adj_start_bytes: 42436793 NativeAllocationGcWatermark: 11574457 java_gc_start_bytes: 25075108 kNewNativeDiscountFactor: 2 kOldNativeDiscountFactor: 65536 old_native_bytes: 128302307 new_native_bytes: 25624312 add_bytes_allowed: 34723371 is_gc_concurrent: 1 target_footprint_: 25486797 GetBytesAllocated: 14428973 HeapGrowthMultiplier: 3
12-18 15:22:58.756  3289  3759 I com.miui.home: CheckGCForNative gc_urgency 0.641969 current_native_bytes is 153926619
12-18 15:22:58.815  3289  3700 I com.miui.home: CheckGCForNative adj_start_bytes: 42436793 NativeAllocationGcWatermark: 11574457 java_gc_start_bytes: 25075108 kNewNativeDiscountFactor: 2 kOldNativeDiscountFactor: 65536 old_native_bytes: 128302307 new_native_bytes: 26461344 add_bytes_allowed: 34723371 is_gc_concurrent: 1 target_footprint_: 25486797 GetBytesAllocated: 14528555 HeapGrowthMultiplier: 3
12-18 15:22:58.815  3289  3700 I com.miui.home: CheckGCForNative gc_urgency 0.654177 current_native_bytes is 154763651
12-18 15:22:58.977  3289  3759 I com.miui.home: CheckGCForNative adj_start_bytes: 42436793 NativeAllocationGcWatermark: 11574457 java_gc_start_bytes: 25075108 kNewNativeDiscountFactor: 2 kOldNativeDiscountFactor: 65536 old_native_bytes: 128302307 new_native_bytes: 26647408 add_bytes_allowed: 34723371 is_gc_concurrent: 1 target_footprint_: 25486797 GetBytesAllocated: 14771530 HeapGrowthMultiplier: 3
12-18 15:22:58.977  3289  3759 I com.miui.home: CheckGCForNative gc_urgency 0.662095 current_native_bytes is 154949715
12-18 15:22:59.078  3289  3759 I com.miui.home: CheckGCForNative adj_start_bytes: 42436793 NativeAllocationGcWatermark: 11574457 java_gc_start_bytes: 25075108 kNewNativeDiscountFactor: 2 kOldNativeDiscountFactor: 65536 old_native_bytes: 128302307 new_native_bytes: 26736816 add_bytes_allowed: 34723371 is_gc_concurrent: 1 target_footprint_: 25486797 GetBytesAllocated: 14850698 HeapGrowthMultiplier: 3
12-18 15:22:59.078  3289  3759 I com.miui.home: CheckGCForNative gc_urgency 0.665014 current_native_bytes is 155039123
12-18 15:22:59.119  9824  9824 I wm_on_create_called: [0,108009201,com.xunmeng.pinduoduo.ui.activity.MainFrameActivity,performCreate,58]
12-18 15:22:59.280  3289  3700 I com.miui.home: CheckGCForNative adj_start_bytes: 42436793 NativeAllocationGcWatermark: 11574457 java_gc_start_bytes: 25075108 kNewNativeDiscountFactor: 2 kOldNativeDiscountFactor: 65536 old_native_bytes: 128302307 new_native_bytes: 28059176 add_bytes_allowed: 34723371 is_gc_concurrent: 1 target_footprint_: 25486797 GetBytesAllocated: 14878498 HeapGrowthMultiplier: 3
12-18 15:22:59.280  3289  3700 I com.miui.home: CheckGCForNative gc_urgency 0.681249 current_native_bytes is 156361483
12-18 15:22:59.280  3289  3700 I com.miui.home: CheckGCForNative adj_start_bytes: 42436793 NativeAllocationGcWatermark: 11574457 java_gc_start_bytes: 25075108 kNewNativeDiscountFactor: 2 kOldNativeDiscountFactor: 65536 old_native_bytes: 128302307 new_native_bytes: 29510064 add_bytes_allowed: 34723371 is_gc_concurrent: 1 target_footprint_: 25486797 GetBytesAllocated: 14878498 HeapGrowthMultiplier: 3
12-18 15:22:59.280  3289  3700 I com.miui.home: CheckGCForNative gc_urgency 0.698344 current_native_bytes is 157812371
12-18 15:22:59.293  3289  3700 I com.miui.home: CheckGCForNative adj_start_bytes: 42436793 NativeAllocationGcWatermark: 11574457 java_gc_start_bytes: 25075108 kNewNativeDiscountFactor: 2 kOldNativeDiscountFactor: 65536 old_native_bytes: 128302307 new_native_bytes: 40535712 add_bytes_allowed: 34723371 is_gc_concurrent: 1 target_footprint_: 25486797 GetBytesAllocated: 14882949 HeapGrowthMultiplier: 3
12-18 15:22:59.293  3289  3700 I com.miui.home: CheckGCForNative gc_urgency 0.828356 current_native_bytes is 168838019
12-18 15:22:59.463  9824  9824 I wm_on_create_called: [0,37638011,com.xunmeng.pinduoduo.ui.activity.HomeActivity,performCreate,123]
12-18 15:22:59.547  9824  9824 I wm_on_start_called: [0,37638011,com.xunmeng.pinduoduo.ui.activity.HomeActivity,handleStartActivity,83]
12-18 15:22:59.565  9824  9824 I wm_on_resume_called: [0,37638011,com.xunmeng.pinduoduo.ui.activity.HomeActivity,RESUME_ACTIVITY,10]
12-18 15:22:59.611  9824  9824 I wm_on_top_resumed_gained_called: [37638011,com.xunmeng.pinduoduo.ui.activity.HomeActivity,topStateChangedWhenResumed]
12-18 15:22:59.902  3289  3289 I wm_on_resume_called: [0,180142162,com.miui.home.launcher.Launcher,RESUME_ACTIVITY,20]
12-18 15:22:59.926  3289  3289 I wm_on_idle_called: com.miui.home.launcher.Launcher
12-18 15:23:00.105  3289  3996 I com.miui.home: CheckGCForNative adj_start_bytes: 42436793 NativeAllocationGcWatermark: 11574457 java_gc_start_bytes: 25075108 kNewNativeDiscountFactor: 2 kOldNativeDiscountFactor: 65536 old_native_bytes: 128302307 new_native_bytes: 52063460 add_bytes_allowed: 34723371 is_gc_concurrent: 1 target_footprint_: 25486797 GetBytesAllocated: 17220093 HeapGrowthMultiplier: 3
12-18 15:23:00.105  3289  3371 I com.miui.home: CheckGCForNative adj_start_bytes: 42436793 NativeAllocationGcWatermark: 11574457 java_gc_start_bytes: 25075108 kNewNativeDiscountFactor: 2 kOldNativeDiscountFactor: 65536 old_native_bytes: 128302307 new_native_bytes: 62769380 add_bytes_allowed: 34723371 is_gc_concurrent: 1 target_footprint_: 25486797 GetBytesAllocated: 17220093 HeapGrowthMultiplier: 3
12-18 15:23:00.105  3289  3371 I com.miui.home: CheckGCForNative gc_urgency 1.14541 current_native_bytes is 191071687
12-18 15:23:00.105  3289  3371 I com.miui.home: CheckGCForNative requested 1
12-18 15:23:00.106  3289  3996 I com.miui.home: CheckGCForNative gc_urgency 1.01925 current_native_bytes is 180365767
12-18 15:23:00.106  3289  3996 I com.miui.home: CheckGCForNative requested 1
12-18 15:23:00.107  3289  3289 I com.miui.home: CheckGCForNative adj_start_bytes: 42436793 NativeAllocationGcWatermark: 11574457 java_gc_start_bytes: 25075108 kNewNativeDiscountFactor: 2 kOldNativeDiscountFactor: 65536 old_native_bytes: 128302307 new_native_bytes: 73466852 add_bytes_allowed: 34723371 is_gc_concurrent: 1 target_footprint_: 25486797 GetBytesAllocated: 17239738 HeapGrowthMultiplier: 3
12-18 15:23:00.107  3289  3289 I com.miui.home: CheckGCForNative gc_urgency 1.27189 current_native_bytes is 201769159
12-18 15:23:00.107  3289  3289 I com.miui.home: CheckGCForNative requested 1
12-18 15:23:00.120  3289  8139 I com.miui.home: CheckGCForNative adj_start_bytes: 42436793 NativeAllocationGcWatermark: 11574457 java_gc_start_bytes: 25075108 kNewNativeDiscountFactor: 2 kOldNativeDiscountFactor: 65536 old_native_bytes: 128302307 new_native_bytes: 52087332 add_bytes_allowed: 34723371 is_gc_concurrent: 1 target_footprint_: 25486797 GetBytesAllocated: 17306999 HeapGrowthMultiplier: 3
12-18 15:23:00.120  3289  8139 I com.miui.home: CheckGCForNative gc_urgency 1.02158 current_native_bytes is 180389639
12-18 15:23:00.120  3289  8139 I com.miui.home: CheckGCForNative requested 1
12-18 15:23:00.267  3289  3759 I com.miui.home: CheckGCForNative adj_start_bytes: 42436793 NativeAllocationGcWatermark: 11574457 java_gc_start_bytes: 25075108 kNewNativeDiscountFactor: 2 kOldNativeDiscountFactor: 65536 old_native_bytes: 128302307 new_native_bytes: 52265828 add_bytes_allowed: 34723371 is_gc_concurrent: 1 target_footprint_: 25486797 GetBytesAllocated: 17671551 HeapGrowthMultiplier: 3
12-18 15:23:00.267  3289  3759 I com.miui.home: CheckGCForNative gc_urgency 1.03227 current_native_bytes is 180568135
12-18 15:23:00.267  3289  3759 I com.miui.home: CheckGCForNative requested 1
12-18 15:23:00.310  3289  3289 I wm_on_top_resumed_gained_called: [180142162,com.miui.home.launcher.Launcher,topStateChangedWhenResumed]
12-18 15:23:00.359  3289  3998 I com.miui.home: CheckGCForNative adj_start_bytes: 42436793 NativeAllocationGcWatermark: 11574457 java_gc_start_bytes: 25075108 kNewNativeDiscountFactor: 2 kOldNativeDiscountFactor: 65536 old_native_bytes: 128302307 new_native_bytes: 62953444 add_bytes_allowed: 34723371 is_gc_concurrent: 1 target_footprint_: 25486797 GetBytesAllocated: 17857978 HeapGrowthMultiplier: 3
12-18 15:23:00.359  3289  3998 I com.miui.home: CheckGCForNative gc_urgency 1.16259 current_native_bytes is 191255751
12-18 15:23:00.359  3289  3998 I com.miui.home: CheckGCForNative requested 1
12-18 15:23:00.384  9824  9824 I wm_on_top_resumed_lost_called: [37638011,com.xunmeng.pinduoduo.ui.activity.HomeActivity,topStateChangedWhenResumed]
12-18 15:23:00.414  3289  3363 I com.miui.home: NativeAlloc concurrent copying GC freed 102838(4687KB) AllocSpace objects, 6(240KB) LOS objects, 49% free, 12MB/24MB, paused 358us,72us total 307.528ms
12-18 15:23:00.433  3289  3759 I com.miui.home: CheckGCForNative gc_urgency 0 current_native_bytes is 167060111
12-18 15:23:00.560  9949  9949 I wm_on_application_create_called: [0,com.xiaomi.market,503]
12-18 15:23:00.714  9824  9824 I wm_on_paused_called: [0,37638011,com.xunmeng.pinduoduo.ui.activity.HomeActivity,performPause,38]
12-18 15:23:00.794  9824  9824 I wm_on_destroy_called: [0,108009201,com.xunmeng.pinduoduo.ui.activity.MainFrameActivity,performDestroy,23]
12-18 15:23:01.001  3289  3289 I wm_on_top_resumed_lost_called: [180142162,com.miui.home.launcher.Launcher,topStateChangedWhenResumed]
12-18 15:23:01.027  3289  3289 I wm_on_paused_called: [0,180142162,com.miui.home.launcher.Launcher,performPause,3]
12-18 15:23:01.297  3289  8139 I com.miui.home: CheckGCForNative gc_urgency 0 current_native_bytes is 131883343
12-18 15:23:01.325  9824  9824 I wm_on_stop_called: [0,37638011,com.xunmeng.pinduoduo.ui.activity.HomeActivity,STOP_ACTIVITY_ITEM,81]
12-18 15:23:01.444  3289  3759 I com.miui.home: CheckGCForNative adj_start_bytes: 42633598 NativeAllocationGcWatermark: 11607026 java_gc_start_bytes: 25223059 kNewNativeDiscountFactor: 2 kOldNativeDiscountFactor: 65536 old_native_bytes: 131883343 new_native_bytes: 754268 add_bytes_allowed: 34821078 is_gc_concurrent: 1 target_footprint_: 25747347 GetBytesAllocated: 13965491 HeapGrowthMultiplier: 3
12-18 15:23:01.444  3289  3759 I com.miui.home: CheckGCForNative gc_urgency 0.336463 current_native_bytes is 132637611
12-18 15:23:01.566  3289  3759 I com.miui.home: CheckGCForNative adj_start_bytes: 42633598 NativeAllocationGcWatermark: 11607026 java_gc_start_bytes: 25223059 kNewNativeDiscountFactor: 2 kOldNativeDiscountFactor: 65536 old_native_bytes: 131883343 new_native_bytes: 949788 add_bytes_allowed: 34821078 is_gc_concurrent: 1 target_footprint_: 25747347 GetBytesAllocated: 14263722 HeapGrowthMultiplier: 3
12-18 15:23:01.566  3289  3759 I com.miui.home: CheckGCForNative gc_urgency 0.345751 current_native_bytes is 132833131
12-18 15:23:01.571  9369  9369 I wm_on_paused_called: [0,84974423,com.eg.android.AlipayGphone.AlipayLogin,performPause,35]
