12-18 16:50:59.167  3361  3361 I wm_on_top_resumed_lost_called: [82138556,com.miui.home.launcher.Launcher,topStateChangedWhenResumed]
12-18 16:50:59.175  3361  3361 I wm_on_paused_called: [0,82138556,com.miui.home.launcher.Launcher,performPause,5]
12-18 16:50:59.670  3361  3850 I com.miui.home: CheckGCForNative adj_start_bytes: 41640244 NativeAllocationGcWatermark: 11461071 java_gc_start_bytes: 24448638 kNewNativeDiscountFactor: 2 kOldNativeDiscountFactor: 65536 old_native_bytes: 70819639 new_native_bytes: 1669492 add_bytes_allowed: 34383213 is_gc_concurrent: 1 target_footprint_: 24579710 GetBytesAllocated: 13274632 HeapGrowthMultiplier: 3
12-18 16:50:59.670  3361  3850 I com.miui.home: CheckGCForNative gc_urgency 0.339037 current_native_bytes is 72489131
12-18 16:50:59.743  3361  3850 I com.miui.home: CheckGCForNative adj_start_bytes: 41640244 NativeAllocationGcWatermark: 11461071 java_gc_start_bytes: 24448638 kNewNativeDiscountFactor: 2 kOldNativeDiscountFactor: 65536 old_native_bytes: 70819639 new_native_bytes: 2013128 add_bytes_allowed: 34383213 is_gc_concurrent: 1 target_footprint_: 24579710 GetBytesAllocated: 13452403 HeapGrowthMultiplier: 3
12-18 16:50:59.743  3361  3850 I com.miui.home: CheckGCForNative gc_urgency 0.347261 current_native_bytes is 72832767
12-18 16:50:59.866  3361  3850 I com.miui.home: CheckGCForNative adj_start_bytes: 41640244 NativeAllocationGcWatermark: 11461071 java_gc_start_bytes: 24448638 kNewNativeDiscountFactor: 2 kOldNativeDiscountFactor: 65536 old_native_bytes: 70819639 new_native_bytes: 2524232 add_bytes_allowed: 34383213 is_gc_concurrent: 1 target_footprint_: 24579710 GetBytesAllocated: 13661849 HeapGrowthMultiplier: 3
12-18 16:50:59.866  3361  3850 I com.miui.home: CheckGCForNative gc_urgency 0.358428 current_native_bytes is 73343871
12-18 16:51:00.064  3361  8065 I com.miui.home: CheckGCForNative adj_start_bytes: 41640244 NativeAllocationGcWatermark: 11461071 java_gc_start_bytes: 24448638 kNewNativeDiscountFactor: 2 kOldNativeDiscountFactor: 65536 old_native_bytes: 70819639 new_native_bytes: 13471048 add_bytes_allowed: 34383213 is_gc_concurrent: 1 target_footprint_: 24579710 GetBytesAllocated: 13941169 HeapGrowthMultiplier: 3
12-18 16:51:00.064  3361  8065 I com.miui.home: CheckGCForNative gc_urgency 0.496581 current_native_bytes is 84290687
12-18 16:51:00.066  3361  8065 I com.miui.home: CheckGCForNative adj_start_bytes: 41640244 NativeAllocationGcWatermark: 11461071 java_gc_start_bytes: 24448638 kNewNativeDiscountFactor: 2 kOldNativeDiscountFactor: 65536 old_native_bytes: 70819639 new_native_bytes: 24180232 add_bytes_allowed: 34383213 is_gc_concurrent: 1 target_footprint_: 24579710 GetBytesAllocated: 13954322 HeapGrowthMultiplier: 3
12-18 16:51:00.066  3361  8065 I com.miui.home: CheckGCForNative gc_urgency 0.625489 current_native_bytes is 94999871
12-18 16:51:00.139  3361  8065 I com.miui.home: CheckGCForNative adj_start_bytes: 41640244 NativeAllocationGcWatermark: 11461071 java_gc_start_bytes: 24448638 kNewNativeDiscountFactor: 2 kOldNativeDiscountFactor: 65536 old_native_bytes: 70819639 new_native_bytes: 24214440 add_bytes_allowed: 34383213 is_gc_concurrent: 1 target_footprint_: 24579710 GetBytesAllocated: 14004045 HeapGrowthMultiplier: 3
12-18 16:51:00.139  3361  8065 I com.miui.home: CheckGCForNative gc_urgency 0.627094 current_native_bytes is 95034079
12-18 16:51:00.144  3361  8065 I com.miui.home: CheckGCForNative adj_start_bytes: 41640244 NativeAllocationGcWatermark: 11461071 java_gc_start_bytes: 24448638 kNewNativeDiscountFactor: 2 kOldNativeDiscountFactor: 65536 old_native_bytes: 70819639 new_native_bytes: 34921576 add_bytes_allowed: 34383213 is_gc_concurrent: 1 target_footprint_: 24579710 GetBytesAllocated: 14012933 HeapGrowthMultiplier: 3
12-18 16:51:00.144  3361  8065 I com.miui.home: CheckGCForNative gc_urgency 0.755875 current_native_bytes is 105741215
12-18 16:51:00.178  3361  3781 I com.miui.home: CheckGCForNative adj_start_bytes: 41640244 NativeAllocationGcWatermark: 11461071 java_gc_start_bytes: 24448638 kNewNativeDiscountFactor: 2 kOldNativeDiscountFactor: 65536 old_native_bytes: 70819639 new_native_bytes: 34931400 add_bytes_allowed: 34383213 is_gc_concurrent: 1 target_footprint_: 24579710 GetBytesAllocated: 14046386 HeapGrowthMultiplier: 3
12-18 16:51:00.178  3361  3781 I com.miui.home: CheckGCForNative gc_urgency 0.756796 current_native_bytes is 105751039
12-18 16:51:00.182  3361  3781 I com.miui.home: CheckGCForNative adj_start_bytes: 41640244 NativeAllocationGcWatermark: 11461071 java_gc_start_bytes: 24448638 kNewNativeDiscountFactor: 2 kOldNativeDiscountFactor: 65536 old_native_bytes: 70819639 new_native_bytes: 45629128 add_bytes_allowed: 34383213 is_gc_concurrent: 1 target_footprint_: 24579710 GetBytesAllocated: 14055375 HeapGrowthMultiplier: 3
12-18 16:51:00.182  3361  3781 I com.miui.home: CheckGCForNative gc_urgency 0.885466 current_native_bytes is 116448767
12-18 16:51:00.221  3361  3781 I com.miui.home: CheckGCForNative adj_start_bytes: 41640244 NativeAllocationGcWatermark: 11461071 java_gc_start_bytes: 24448638 kNewNativeDiscountFactor: 2 kOldNativeDiscountFactor: 65536 old_native_bytes: 70819639 new_native_bytes: 59998920 add_bytes_allowed: 34383213 is_gc_concurrent: 1 target_footprint_: 24579710 GetBytesAllocated: 14098232 HeapGrowthMultiplier: 3
12-18 16:51:00.221  3361  3781 I com.miui.home: CheckGCForNative gc_urgency 1.05904 current_native_bytes is 130818559
12-18 16:51:00.221  3361  3781 I com.miui.home: CheckGCForNative requested 1
12-18 16:51:00.230  3361  3781 I com.miui.home: CheckGCForNative adj_start_bytes: 41640244 NativeAllocationGcWatermark: 11461071 java_gc_start_bytes: 24448638 kNewNativeDiscountFactor: 2 kOldNativeDiscountFactor: 65536 old_native_bytes: 70819639 new_native_bytes: 48222536 add_bytes_allowed: 34383213 is_gc_concurrent: 1 target_footprint_: 24579710 GetBytesAllocated: 14118039 HeapGrowthMultiplier: 3
12-18 16:51:00.230  3361  3781 I com.miui.home: CheckGCForNative gc_urgency 0.918112 current_native_bytes is 119042175
12-18 16:51:00.243  3361  3781 I com.miui.home: CheckGCForNative adj_start_bytes: 41640244 NativeAllocationGcWatermark: 11461071 java_gc_start_bytes: 24448638 kNewNativeDiscountFactor: 2 kOldNativeDiscountFactor: 65536 old_native_bytes: 70819639 new_native_bytes: 49053384 add_bytes_allowed: 34383213 is_gc_concurrent: 1 target_footprint_: 24579710 GetBytesAllocated: 14133807 HeapGrowthMultiplier: 3
12-18 16:51:00.243  3361  3781 I com.miui.home: CheckGCForNative gc_urgency 0.928467 current_native_bytes is 119873023
12-18 16:51:00.349  3361  8065 I com.miui.home: CheckGCForNative adj_start_bytes: 41640244 NativeAllocationGcWatermark: 11461071 java_gc_start_bytes: 24448638 kNewNativeDiscountFactor: 2 kOldNativeDiscountFactor: 65536 old_native_bytes: 70819639 new_native_bytes: 49135036 add_bytes_allowed: 34383213 is_gc_concurrent: 1 target_footprint_: 24579710 GetBytesAllocated: 14281832 HeapGrowthMultiplier: 3
12-18 16:51:00.349  3361  8065 I com.miui.home: CheckGCForNative gc_urgency 0.933002 current_native_bytes is 119954675
12-18 16:51:00.356  3361  3387 I com.miui.home: NativeAlloc concurrent copying GC freed 34361(1591KB) AllocSpace objects, 3(124KB) LOS objects, 49% free, 11MB/23MB, paused 251us,85us total 134.364ms
12-18 16:51:00.548  8142  8142 I wm_on_application_create_called: [0,com.autonavi.minimap,498]
12-18 16:51:00.567  3361  3781 I com.miui.home: CheckGCForNative gc_urgency 0 current_native_bytes is 108046967
12-18 16:51:00.568  3361  3781 I com.miui.home: CheckGCForNative adj_start_bytes: 42145553 NativeAllocationGcWatermark: 11519791 java_gc_start_bytes: 24865867 kNewNativeDiscountFactor: 2 kOldNativeDiscountFactor: 65536 old_native_bytes: 108046967 new_native_bytes: 1450632 add_bytes_allowed: 34559373 is_gc_concurrent: 1 target_footprint_: 25049467 GetBytesAllocated: 12862680 HeapGrowthMultiplier: 3
12-18 16:51:00.568  3361  3781 I com.miui.home: CheckGCForNative gc_urgency 0.322446 current_native_bytes is 109497599
12-18 16:51:00.586  3361  3781 I com.miui.home: CheckGCForNative adj_start_bytes: 42145553 NativeAllocationGcWatermark: 11519791 java_gc_start_bytes: 24865867 kNewNativeDiscountFactor: 2 kOldNativeDiscountFactor: 65536 old_native_bytes: 108046967 new_native_bytes: 14038920 add_bytes_allowed: 34559373 is_gc_concurrent: 1 target_footprint_: 25049467 GetBytesAllocated: 12862728 HeapGrowthMultiplier: 3
12-18 16:51:00.586  3361  3781 I com.miui.home: CheckGCForNative gc_urgency 0.47179 current_native_bytes is 122085887
12-18 16:51:00.647  8046  8046 I wm_on_application_create_called: [0,com.autonavi.minimap,1082]
12-18 16:51:00.846  8046  8046 I wm_on_create_called: [0,234756031,com.autonavi.map.activity.SplashActivity,performCreate,175]
12-18 16:51:01.035  3361  3361 I wm_on_resume_called: [0,82138556,com.miui.home.launcher.Launcher,RESUME_ACTIVITY,34]
12-18 16:51:01.052  3361  3361 I com.miui.home: CheckGCForNative adj_start_bytes: 42145553 NativeAllocationGcWatermark: 11519791 java_gc_start_bytes: 24865867 kNewNativeDiscountFactor: 2 kOldNativeDiscountFactor: 65536 old_native_bytes: 108046967 new_native_bytes: 12684592 add_bytes_allowed: 34559373 is_gc_concurrent: 1 target_footprint_: 25049467 GetBytesAllocated: 13505397 HeapGrowthMultiplier: 3
12-18 16:51:01.052  3361  3361 I com.miui.home: CheckGCForNative gc_urgency 0.470971 current_native_bytes is 120731559
12-18 16:51:01.055  3361  3361 I wm_on_idle_called: com.miui.home.launcher.Launcher
12-18 16:51:01.136  3361  4184 I com.miui.home: CheckGCForNative adj_start_bytes: 42145553 NativeAllocationGcWatermark: 11519791 java_gc_start_bytes: 24865867 kNewNativeDiscountFactor: 2 kOldNativeDiscountFactor: 65536 old_native_bytes: 108046967 new_native_bytes: 23331212 add_bytes_allowed: 34559373 is_gc_concurrent: 1 target_footprint_: 25049467 GetBytesAllocated: 14122004 HeapGrowthMultiplier: 3
12-18 16:51:01.136  3361  4184 I com.miui.home: CheckGCForNative gc_urgency 0.611909 current_native_bytes is 131378179
12-18 16:51:01.140  3361  4184 I com.miui.home: CheckGCForNative adj_start_bytes: 42145553 NativeAllocationGcWatermark: 11519791 java_gc_start_bytes: 24865867 kNewNativeDiscountFactor: 2 kOldNativeDiscountFactor: 65536 old_native_bytes: 108046967 new_native_bytes: 34064524 add_bytes_allowed: 34559373 is_gc_concurrent: 1 target_footprint_: 25049467 GetBytesAllocated: 14158228 HeapGrowthMultiplier: 3
12-18 16:51:01.141  3361  4184 I com.miui.home: CheckGCForNative gc_urgency 0.740105 current_native_bytes is 142111491
12-18 16:51:01.252  3361  3850 I com.miui.home: CheckGCForNative adj_start_bytes: 42145553 NativeAllocationGcWatermark: 11519791 java_gc_start_bytes: 24865867 kNewNativeDiscountFactor: 2 kOldNativeDiscountFactor: 65536 old_native_bytes: 108046967 new_native_bytes: 24124152 add_bytes_allowed: 34559373 is_gc_concurrent: 1 target_footprint_: 25049467 GetBytesAllocated: 14603463 HeapGrowthMultiplier: 3
12-18 16:51:01.253  3361  3850 I com.miui.home: CheckGCForNative gc_urgency 0.63274 current_native_bytes is 132171119
12-18 16:51:01.310  8046  8046 I wm_on_create_called: [0,209396110,com.autonavi.map.activity.NewMapActivity,performCreate,323]
12-18 16:51:01.320  8046  8046 I wm_on_start_called: [0,209396110,com.autonavi.map.activity.NewMapActivity,handleStartActivity,9]
12-18 16:51:01.331  8046  8046 I wm_on_resume_called: [0,209396110,com.autonavi.map.activity.NewMapActivity,RESUME_ACTIVITY,7]
12-18 16:51:01.450  8046  8046 I wm_on_top_resumed_gained_called: [209396110,com.autonavi.map.activity.NewMapActivity,topStateChangedWhenResumed]
12-18 16:51:01.450  8046  8046 I wm_on_top_resumed_lost_called: [209396110,com.autonavi.map.activity.NewMapActivity,topStateChangedWhenResumed]
12-18 16:51:01.452  3361  3361 I wm_on_top_resumed_gained_called: [82138556,com.miui.home.launcher.Launcher,topStateChangedWhenResumed]
12-18 16:51:01.489  3361  8065 I com.miui.home: CheckGCForNative adj_start_bytes: 42145553 NativeAllocationGcWatermark: 11519791 java_gc_start_bytes: 24865867 kNewNativeDiscountFactor: 2 kOldNativeDiscountFactor: 65536 old_native_bytes: 108046967 new_native_bytes: 35043016 add_bytes_allowed: 34559373 is_gc_concurrent: 1 target_footprint_: 25049467 GetBytesAllocated: 15084227 HeapGrowthMultiplier: 3
12-18 16:51:01.489  3361  8065 I com.miui.home: CheckGCForNative gc_urgency 0.773685 current_native_bytes is 143089983
12-18 16:51:01.576  3361  3850 I com.miui.home: CheckGCForNative adj_start_bytes: 42145553 NativeAllocationGcWatermark: 11519791 java_gc_start_bytes: 24865867 kNewNativeDiscountFactor: 2 kOldNativeDiscountFactor: 65536 old_native_bytes: 108046967 new_native_bytes: 24322504 add_bytes_allowed: 34559373 is_gc_concurrent: 1 target_footprint_: 25049467 GetBytesAllocated: 15158184 HeapGrowthMultiplier: 3
12-18 16:51:01.576  3361  3850 I com.miui.home: CheckGCForNative gc_urgency 0.648255 current_native_bytes is 132369471
12-18 16:51:01.632  3361  3849 I com.miui.home: CheckGCForNative adj_start_bytes: 42145553 NativeAllocationGcWatermark: 11519791 java_gc_start_bytes: 24865867 kNewNativeDiscountFactor: 2 kOldNativeDiscountFactor: 65536 old_native_bytes: 108046967 new_native_bytes: 35094120 add_bytes_allowed: 34559373 is_gc_concurrent: 1 target_footprint_: 25049467 GetBytesAllocated: 15175843 HeapGrowthMultiplier: 3
12-18 16:51:01.633  3361  3849 I com.miui.home: CheckGCForNative gc_urgency 0.776465 current_native_bytes is 143141087
12-18 16:51:01.637  3361  3849 I com.miui.home: CheckGCForNative adj_start_bytes: 42145553 NativeAllocationGcWatermark: 11519791 java_gc_start_bytes: 24865867 kNewNativeDiscountFactor: 2 kOldNativeDiscountFactor: 65536 old_native_bytes: 108046967 new_native_bytes: 45800936 add_bytes_allowed: 34559373 is_gc_concurrent: 1 target_footprint_: 25049467 GetBytesAllocated: 15176035 HeapGrowthMultiplier: 3
12-18 16:51:01.637  3361  3849 I com.miui.home: CheckGCForNative gc_urgency 0.903492 current_native_bytes is 153847903
12-18 16:51:01.874  8046  8046 I wm_on_paused_called: [0,209396110,com.autonavi.map.activity.NewMapActivity,performPause,3]
12-18 16:51:01.900  8046  8046 I wm_on_destroy_called: [0,234756031,com.autonavi.map.activity.SplashActivity,performDestroy,0]
12-18 16:51:02.040  3361  8065 I com.miui.home: CheckGCForNative adj_start_bytes: 42145553 NativeAllocationGcWatermark: 11519791 java_gc_start_bytes: 24865867 kNewNativeDiscountFactor: 2 kOldNativeDiscountFactor: 65536 old_native_bytes: 108046967 new_native_bytes: 35015036 add_bytes_allowed: 34559373 is_gc_concurrent: 1 target_footprint_: 25049467 GetBytesAllocated: 15383351 HeapGrowthMultiplier: 3
12-18 16:51:02.040  3361  8065 I com.miui.home: CheckGCForNative gc_urgency 0.78045 current_native_bytes is 143062003
12-18 16:51:02.197  3361  3361 I wm_on_top_resumed_lost_called: [82138556,com.miui.home.launcher.Launcher,topStateChangedWhenResumed]
12-18 16:51:02.205  3361  3361 I wm_on_paused_called: [0,82138556,com.miui.home.launcher.Launcher,performPause,3]
12-18 16:51:02.262  3361  8065 I com.miui.home: CheckGCForNative adj_start_bytes: 42145553 NativeAllocationGcWatermark: 11519791 java_gc_start_bytes: 24865867 kNewNativeDiscountFactor: 2 kOldNativeDiscountFactor: 65536 old_native_bytes: 108046967 new_native_bytes: 46000036 add_bytes_allowed: 34559373 is_gc_concurrent: 1 target_footprint_: 25049467 GetBytesAllocated: 15987451 HeapGrowthMultiplier: 3
12-18 16:51:02.262  3361  8065 I com.miui.home: CheckGCForNative gc_urgency 0.925106 current_native_bytes is 154047003
12-18 16:51:02.499  3361  8085 I com.miui.home: CheckGCForNative adj_start_bytes: 42145553 NativeAllocationGcWatermark: 11519791 java_gc_start_bytes: 24865867 kNewNativeDiscountFactor: 2 kOldNativeDiscountFactor: 65536 old_native_bytes: 108046967 new_native_bytes: 35617032 add_bytes_allowed: 34559373 is_gc_concurrent: 1 target_footprint_: 25049467 GetBytesAllocated: 16622371 HeapGrowthMultiplier: 3
12-18 16:51:02.499  3361  8085 I com.miui.home: CheckGCForNative gc_urgency 0.816991 current_native_bytes is 143663999
12-18 16:51:02.668  8494  8494 I wm_on_application_create_called: [0,com.baidu.input_mi,275]
12-18 16:51:02.801  3361  3850 I com.miui.home: CheckGCForNative adj_start_bytes: 42145553 NativeAllocationGcWatermark: 11519791 java_gc_start_bytes: 24865867 kNewNativeDiscountFactor: 2 kOldNativeDiscountFactor: 65536 old_native_bytes: 108046967 new_native_bytes: 35907536 add_bytes_allowed: 34559373 is_gc_concurrent: 1 target_footprint_: 25049467 GetBytesAllocated: 17201244 HeapGrowthMultiplier: 3
12-18 16:51:02.801  3361  3850 I com.miui.home: CheckGCForNative gc_urgency 0.834172 current_native_bytes is 143954503
12-18 16:51:02.892  8561  8561 I wm_on_create_called: [0,229928536,fm.qingting.qtradio.WelcomeActivity,performCreate,127]
12-18 16:51:02.893  8561  8561 I wm_on_start_called: [0,229928536,fm.qingting.qtradio.WelcomeActivity,handleStartActivity,1]
12-18 16:51:02.900  8561  8561 I wm_on_resume_called: [0,229928536,fm.qingting.qtradio.WelcomeActivity,RESUME_ACTIVITY,6]
12-18 16:51:02.955  8561  8561 I wm_on_top_resumed_gained_called: [229928536,fm.qingting.qtradio.WelcomeActivity,topStateChangedWhenResumed]
12-18 16:51:03.292  8046  8046 I wm_on_stop_called: [0,209396110,com.autonavi.map.activity.NewMapActivity,STOP_ACTIVITY_ITEM,11]
12-18 16:51:03.326  3361  3361 I wm_on_stop_called: [0,82138556,com.miui.home.launcher.Launcher,STOP_ACTIVITY_ITEM,11]
12-18 16:51:03.407  3361  3404 I com.miui.home: CheckGCForNative adj_start_bytes: 42145553 NativeAllocationGcWatermark: 11519791 java_gc_start_bytes: 24865867 kNewNativeDiscountFactor: 2 kOldNativeDiscountFactor: 65536 old_native_bytes: 108046967 new_native_bytes: 36003628 add_bytes_allowed: 34559373 is_gc_concurrent: 1 target_footprint_: 25049467 GetBytesAllocated: 17741777 HeapGrowthMultiplier: 3
12-18 16:51:03.407  3361  3404 I com.miui.home: CheckGCForNative gc_urgency 0.848138 current_native_bytes is 144050595
12-18 16:51:03.714  8046  8046 I wm_on_idle_called: com.autonavi.map.activity.NewMapActivity
12-18 16:51:03.860  8561  8561 I wm_on_idle_called: fm.qingting.qtradio.WelcomeActivity
12-18 16:51:04.079  8561  8561 I wm_on_top_resumed_lost_called: [229928536,fm.qingting.qtradio.WelcomeActivity,topStateChangedWhenResumed]
12-18 16:51:04.103  3361  3361 I wm_on_restart_called: [0,82138556,com.miui.home.launcher.Launcher,,0]
12-18 16:51:04.105  3361  3361 I wm_on_start_called: [0,82138556,com.miui.home.launcher.Launcher,handleStartActivity,2]
12-18 16:51:04.128  3361  3361 I wm_on_resume_called: [0,82138556,com.miui.home.launcher.Launcher,RESUME_ACTIVITY,20]
12-18 16:51:04.201  3361  3361 I wm_on_top_resumed_gained_called: [82138556,com.miui.home.launcher.Launcher,topStateChangedWhenResumed]
12-18 16:51:04.206  3361  3361 I wm_on_idle_called: com.miui.home.launcher.Launcher
12-18 16:51:04.292  3361  3418 I com.miui.home: CheckGCForNative gc_urgency 0 current_native_bytes is 119445315
12-18 16:51:04.334  3361  3418 I com.miui.home: CheckGCForNative adj_start_bytes: 42562987 NativeAllocationGcWatermark: 11558841 java_gc_start_bytes: 25224726 kNewNativeDiscountFactor: 2 kOldNativeDiscountFactor: 65536 old_native_bytes: 119445315 new_native_bytes: 10706304 add_bytes_allowed: 34676523 is_gc_concurrent: 1 target_footprint_: 25361870 GetBytesAllocated: 13533529 HeapGrowthMultiplier: 3
12-18 16:51:04.334  3361  3418 I com.miui.home: CheckGCForNative gc_urgency 0.443778 current_native_bytes is 130151619
12-18 16:51:04.335  3361  3418 I com.miui.home: CheckGCForNative adj_start_bytes: 42562987 NativeAllocationGcWatermark: 11558841 java_gc_start_bytes: 25224726 kNewNativeDiscountFactor: 2 kOldNativeDiscountFactor: 65536 old_native_bytes: 119445315 new_native_bytes: 21413248 add_bytes_allowed: 34676523 is_gc_concurrent: 1 target_footprint_: 25361870 GetBytesAllocated: 13533721 HeapGrowthMultiplier: 3
12-18 16:51:04.335  3361  3418 I com.miui.home: CheckGCForNative gc_urgency 0.56956 current_native_bytes is 140858563
12-18 16:51:04.650  3361  3850 I com.miui.home: CheckGCForNative adj_start_bytes: 42562987 NativeAllocationGcWatermark: 11558841 java_gc_start_bytes: 25224726 kNewNativeDiscountFactor: 2 kOldNativeDiscountFactor: 65536 old_native_bytes: 119445315 new_native_bytes: 10709632 add_bytes_allowed: 34676523 is_gc_concurrent: 1 target_footprint_: 25361870 GetBytesAllocated: 14115124 HeapGrowthMultiplier: 3
12-18 16:51:04.650  3361  3850 I com.miui.home: CheckGCForNative gc_urgency 0.457481 current_native_bytes is 130154947
12-18 16:51:04.714  8910  8910 I wm_on_application_create_called: [0,com.xiaomi.bluetooth,287]
12-18 16:51:04.848  3361  3849 I com.miui.home: CheckGCForNative adj_start_bytes: 42562987 NativeAllocationGcWatermark: 11558841 java_gc_start_bytes: 25224726 kNewNativeDiscountFactor: 2 kOldNativeDiscountFactor: 65536 old_native_bytes: 119445315 new_native_bytes: 21158368 add_bytes_allowed: 34676523 is_gc_concurrent: 1 target_footprint_: 25361870 GetBytesAllocated: 14193929 HeapGrowthMultiplier: 3
12-18 16:51:04.848  3361  3849 I com.miui.home: CheckGCForNative gc_urgency 0.582077 current_native_bytes is 140603683
12-18 16:51:04.849  3361  3849 I com.miui.home: CheckGCForNative adj_start_bytes: 42562987 NativeAllocationGcWatermark: 11558841 java_gc_start_bytes: 25224726 kNewNativeDiscountFactor: 2 kOldNativeDiscountFactor: 65536 old_native_bytes: 119445315 new_native_bytes: 31865632 add_bytes_allowed: 34676523 is_gc_concurrent: 1 target_footprint_: 25361870 GetBytesAllocated: 14209025 HeapGrowthMultiplier: 3
12-18 16:51:04.849  3361  3849 I com.miui.home: CheckGCForNative gc_urgency 0.708213 current_native_bytes is 151310947
12-18 16:51:04.891  8561  8561 I wm_on_paused_called: [0,229928536,fm.qingting.qtradio.WelcomeActivity,performPause,13]
12-18 16:51:04.963  8561  8561 I wm_on_stop_called: [0,229928536,fm.qingting.qtradio.WelcomeActivity,STOP_ACTIVITY_ITEM,5]
12-18 16:51:05.043  3361  3361 I com.miui.home: CheckGCForNative adj_start_bytes: 42562987 NativeAllocationGcWatermark: 11558841 java_gc_start_bytes: 25224726 kNewNativeDiscountFactor: 2 kOldNativeDiscountFactor: 65536 old_native_bytes: 119445315 new_native_bytes: 21277148 add_bytes_allowed: 34676523 is_gc_concurrent: 1 target_footprint_: 25361870 GetBytesAllocated: 14363343 HeapGrowthMultiplier: 3
12-18 16:51:05.043  3361  3361 I com.miui.home: CheckGCForNative gc_urgency 0.587453 current_native_bytes is 140722463
12-18 16:51:05.091  3361  3361 I wm_on_top_resumed_lost_called: [82138556,com.miui.home.launcher.Launcher,topStateChangedWhenResumed]
12-18 16:51:05.105  3361  3361 I wm_on_paused_called: [0,82138556,com.miui.home.launcher.Launcher,performPause,3]
12-18 16:51:05.406  3361  3361 I com.miui.home: CheckGCForNative adj_start_bytes: 42562987 NativeAllocationGcWatermark: 11558841 java_gc_start_bytes: 25224726 kNewNativeDiscountFactor: 2 kOldNativeDiscountFactor: 65536 old_native_bytes: 119445315 new_native_bytes: 22520164 add_bytes_allowed: 34676523 is_gc_concurrent: 1 target_footprint_: 25361870 GetBytesAllocated: 15186377 HeapGrowthMultiplier: 3
12-18 16:51:05.406  3361  3361 I com.miui.home: CheckGCForNative gc_urgency 0.621392 current_native_bytes is 141965479
12-18 16:51:05.628  3361  8065 I com.miui.home: CheckGCForNative adj_start_bytes: 42562987 NativeAllocationGcWatermark: 11558841 java_gc_start_bytes: 25224726 kNewNativeDiscountFactor: 2 kOldNativeDiscountFactor: 65536 old_native_bytes: 119445315 new_native_bytes: 34590732 add_bytes_allowed: 34676523 is_gc_concurrent: 1 target_footprint_: 25361870 GetBytesAllocated: 15405056 HeapGrowthMultiplier: 3
12-18 16:51:05.632  3361  8065 I com.miui.home: CheckGCForNative gc_urgency 0.768409 current_native_bytes is 154036047
12-18 16:51:05.719  3361  3850 I com.miui.home: CheckGCForNative adj_start_bytes: 42562987 NativeAllocationGcWatermark: 11558841 java_gc_start_bytes: 25224726 kNewNativeDiscountFactor: 2 kOldNativeDiscountFactor: 65536 old_native_bytes: 119445315 new_native_bytes: 23883148 add_bytes_allowed: 34676523 is_gc_concurrent: 1 target_footprint_: 25361870 GetBytesAllocated: 15541070 HeapGrowthMultiplier: 3
12-18 16:51:05.719  3361  3850 I com.miui.home: CheckGCForNative gc_urgency 0.645736 current_native_bytes is 143328463
12-18 16:51:05.886  3361  3850 I com.miui.home: CheckGCForNative adj_start_bytes: 42562987 NativeAllocationGcWatermark: 11558841 java_gc_start_bytes: 25224726 kNewNativeDiscountFactor: 2 kOldNativeDiscountFactor: 65536 old_native_bytes: 119445315 new_native_bytes: 24039104 add_bytes_allowed: 34676523 is_gc_concurrent: 1 target_footprint_: 25361870 GetBytesAllocated: 15858227 HeapGrowthMultiplier: 3
12-18 16:51:05.886  3361  3850 I com.miui.home: CheckGCForNative gc_urgency 0.65502 current_native_bytes is 143484419
12-18 16:51:06.759  9128  9128 I wm_on_application_create_called: [0,com.ss.android.ugc.aweme,328]
12-18 16:51:06.881  3361  3361 I wm_on_resume_called: [0,82138556,com.miui.home.launcher.Launcher,RESUME_ACTIVITY,20]
12-18 16:51:06.913  3361  3361 I wm_on_idle_called: com.miui.home.launcher.Launcher
12-18 16:51:06.926  3361  3810 I com.miui.home: CheckGCForNative adj_start_bytes: 42562987 NativeAllocationGcWatermark: 11558841 java_gc_start_bytes: 25224726 kNewNativeDiscountFactor: 2 kOldNativeDiscountFactor: 65536 old_native_bytes: 119445315 new_native_bytes: 24306904 add_bytes_allowed: 34676523 is_gc_concurrent: 1 target_footprint_: 25361870 GetBytesAllocated: 16775956 HeapGrowthMultiplier: 3
12-18 16:51:06.926  3361  3810 I com.miui.home: CheckGCForNative gc_urgency 0.679727 current_native_bytes is 143752219
12-18 16:51:07.011  3361  4184 I com.miui.home: CheckGCForNative adj_start_bytes: 42562987 NativeAllocationGcWatermark: 11558841 java_gc_start_bytes: 25224726 kNewNativeDiscountFactor: 2 kOldNativeDiscountFactor: 65536 old_native_bytes: 119445315 new_native_bytes: 35019328 add_bytes_allowed: 34676523 is_gc_concurrent: 1 target_footprint_: 25361870 GetBytesAllocated: 17512375 HeapGrowthMultiplier: 3
12-18 16:51:07.011  3361  4184 I com.miui.home: CheckGCForNative gc_urgency 0.822871 current_native_bytes is 154464643
12-18 16:51:07.025  3361  4184 I com.miui.home: CheckGCForNative adj_start_bytes: 42562987 NativeAllocationGcWatermark: 11558841 java_gc_start_bytes: 25224726 kNewNativeDiscountFactor: 2 kOldNativeDiscountFactor: 65536 old_native_bytes: 119445315 new_native_bytes: 45726272 add_bytes_allowed: 34676523 is_gc_concurrent: 1 target_footprint_: 25361870 GetBytesAllocated: 17520317 HeapGrowthMultiplier: 3
12-18 16:51:07.025  3361  4184 I com.miui.home: CheckGCForNative gc_urgency 0.948836 current_native_bytes is 165171587
12-18 16:51:07.299  3361  3361 I wm_on_top_resumed_gained_called: [82138556,com.miui.home.launcher.Launcher,topStateChangedWhenResumed]
12-18 16:51:07.312  3361  3850 I com.miui.home: CheckGCForNative adj_start_bytes: 42562987 NativeAllocationGcWatermark: 11558841 java_gc_start_bytes: 25224726 kNewNativeDiscountFactor: 2 kOldNativeDiscountFactor: 65536 old_native_bytes: 119445315 new_native_bytes: 34961856 add_bytes_allowed: 34676523 is_gc_concurrent: 1 target_footprint_: 25361870 GetBytesAllocated: 17673107 HeapGrowthMultiplier: 3
12-18 16:51:07.312  3361  3850 I com.miui.home: CheckGCForNative gc_urgency 0.825972 current_native_bytes is 154407171
12-18 16:51:07.323  3361  3850 I com.miui.home: CheckGCForNative adj_start_bytes: 42562987 NativeAllocationGcWatermark: 11558841 java_gc_start_bytes: 25224726 kNewNativeDiscountFactor: 2 kOldNativeDiscountFactor: 65536 old_native_bytes: 119445315 new_native_bytes: 34962880 add_bytes_allowed: 34676523 is_gc_concurrent: 1 target_footprint_: 25361870 GetBytesAllocated: 17673107 HeapGrowthMultiplier: 3
12-18 16:51:07.323  3361  3850 I com.miui.home: CheckGCForNative gc_urgency 0.825984 current_native_bytes is 154408195
12-18 16:51:07.352  9128  9128 I wm_on_create_called: [0,178200026,com.ss.android.ugc.aweme.splash.SplashActivity,performCreate,358]
12-18 16:51:07.509  3361  3849 I com.miui.home: CheckGCForNative adj_start_bytes: 42562987 NativeAllocationGcWatermark: 11558841 java_gc_start_bytes: 25224726 kNewNativeDiscountFactor: 2 kOldNativeDiscountFactor: 65536 old_native_bytes: 119445315 new_native_bytes: 45646592 add_bytes_allowed: 34676523 is_gc_concurrent: 1 target_footprint_: 25361870 GetBytesAllocated: 17765662 HeapGrowthMultiplier: 3
12-18 16:51:07.510  3361  3849 I com.miui.home: CheckGCForNative gc_urgency 0.953664 current_native_bytes is 165091907
12-18 16:51:07.516  3361  3849 I com.miui.home: CheckGCForNative adj_start_bytes: 42562987 NativeAllocationGcWatermark: 11558841 java_gc_start_bytes: 25224726 kNewNativeDiscountFactor: 2 kOldNativeDiscountFactor: 65536 old_native_bytes: 119445315 new_native_bytes: 56355808 add_bytes_allowed: 34676523 is_gc_concurrent: 1 target_footprint_: 25361870 GetBytesAllocated: 17771039 HeapGrowthMultiplier: 3
12-18 16:51:07.516  3361  3849 I com.miui.home: CheckGCForNative gc_urgency 1.07959 current_native_bytes is 175801123
12-18 16:51:07.516  3361  3849 I com.miui.home: CheckGCForNative requested 1
12-18 16:51:07.706  3361  3387 I com.miui.home: NativeAlloc concurrent copying GC freed 111491(4632KB) AllocSpace objects, 6(312KB) LOS objects, 49% free, 12MB/24MB, paused 178us,106us total 188.901ms
12-18 16:51:07.744  3361  3361 I wm_on_top_resumed_lost_called: [82138556,com.miui.home.launcher.Launcher,topStateChangedWhenResumed]
12-18 16:51:07.870  9128  9128 I wm_on_start_called: [0,178200026,com.ss.android.ugc.aweme.splash.SplashActivity,handleStartActivity,497]
12-18 16:51:08.032  3361  3361 I wm_on_paused_called: [0,82138556,com.miui.home.launcher.Launcher,performPause,3]
12-18 16:51:08.042  9128  9128 I wm_on_resume_called: [0,178200026,com.ss.android.ugc.aweme.splash.SplashActivity,RESUME_ACTIVITY,141]
12-18 16:51:08.058  3361  3810 I com.miui.home: CheckGCForNative gc_urgency 0 current_native_bytes is 131410327
12-18 16:51:08.090  3361  8065 I com.miui.home: CheckGCForNative adj_start_bytes: 42994098 NativeAllocationGcWatermark: 11607343 java_gc_start_bytes: 25583084 kNewNativeDiscountFactor: 2 kOldNativeDiscountFactor: 65536 old_native_bytes: 131410327 new_native_bytes: 10733792 add_bytes_allowed: 34822029 is_gc_concurrent: 1 target_footprint_: 25749883 GetBytesAllocated: 13849042 HeapGrowthMultiplier: 3
12-18 16:51:08.090  3361  8065 I com.miui.home: CheckGCForNative gc_urgency 0.44699 current_native_bytes is 142144119
12-18 16:51:08.392  3361  8065 I com.miui.home: CheckGCForNative adj_start_bytes: 42994098 NativeAllocationGcWatermark: 11607343 java_gc_start_bytes: 25583084 kNewNativeDiscountFactor: 2 kOldNativeDiscountFactor: 65536 old_native_bytes: 131410327 new_native_bytes: 887072 add_bytes_allowed: 34822029 is_gc_concurrent: 1 target_footprint_: 25749883 GetBytesAllocated: 15131098 HeapGrowthMultiplier: 3
12-18 16:51:08.392  3361  8065 I com.miui.home: CheckGCForNative gc_urgency 0.362297 current_native_bytes is 132297399
12-18 16:51:08.492  3361  3850 I com.miui.home: CheckGCForNative adj_start_bytes: 42994098 NativeAllocationGcWatermark: 11607343 java_gc_start_bytes: 25583084 kNewNativeDiscountFactor: 2 kOldNativeDiscountFactor: 65536 old_native_bytes: 131410327 new_native_bytes: 1010464 add_bytes_allowed: 34822029 is_gc_concurrent: 1 target_footprint_: 25749883 GetBytesAllocated: 15435660 HeapGrowthMultiplier: 3
12-18 16:51:08.492  3361  3850 I com.miui.home: CheckGCForNative gc_urgency 0.370816 current_native_bytes is 132420791
12-18 16:51:08.726  3361  3850 I com.miui.home: CheckGCForNative adj_start_bytes: 42994098 NativeAllocationGcWatermark: 11607343 java_gc_start_bytes: 25583084 kNewNativeDiscountFactor: 2 kOldNativeDiscountFactor: 65536 old_native_bytes: 131410327 new_native_bytes: 1030504 add_bytes_allowed: 34822029 is_gc_concurrent: 1 target_footprint_: 25749883 GetBytesAllocated: 15510744 HeapGrowthMultiplier: 3
12-18 16:51:08.726  3361  3850 I com.miui.home: CheckGCForNative gc_urgency 0.372795 current_native_bytes is 132440831
12-18 16:51:08.991  9537  9537 I wm_on_create_called: [0,249058311,com.eg.android.AlipayGphone.AlipayLogin,performCreate,116]
12-18 16:51:08.994  9537  9537 I wm_on_start_called: [0,249058311,com.eg.android.AlipayGphone.AlipayLogin,handleStartActivity,3]
12-18 16:51:09.001  9537  9537 I wm_on_resume_called: [0,249058311,com.eg.android.AlipayGphone.AlipayLogin,RESUME_ACTIVITY,5]
12-18 16:51:09.027  9537  9537 I wm_on_top_resumed_gained_called: [249058311,com.eg.android.AlipayGphone.AlipayLogin,topStateChangedWhenResumed]
12-18 16:51:09.470  3361  3361 I wm_on_stop_called: [0,82138556,com.miui.home.launcher.Launcher,STOP_ACTIVITY_ITEM,8]
12-18 16:51:09.617  3361  3361 I wm_on_restart_called: [0,82138556,com.miui.home.launcher.Launcher,,0]
12-18 16:51:09.619  3361  3361 I wm_on_start_called: [0,82138556,com.miui.home.launcher.Launcher,handleStartActivity,2]
12-18 16:51:09.642  3361  3361 I wm_on_resume_called: [0,82138556,com.miui.home.launcher.Launcher,RESUME_ACTIVITY,21]
12-18 16:51:09.748  3361  3361 I wm_on_idle_called: com.miui.home.launcher.Launcher
12-18 16:51:09.837  3361  3404 I com.miui.home: CheckGCForNative gc_urgency 0 current_native_bytes is 128616279
12-18 16:51:09.840  3361  3404 I com.miui.home: CheckGCForNative adj_start_bytes: 42927142 NativeAllocationGcWatermark: 11625003 java_gc_start_bytes: 25489638 kNewNativeDiscountFactor: 2 kOldNativeDiscountFactor: 65536 old_native_bytes: 128616279 new_native_bytes: 10706944 add_bytes_allowed: 34875009 is_gc_concurrent: 1 target_footprint_: 25891165 GetBytesAllocated: 13813851 HeapGrowthMultiplier: 3
12-18 16:51:09.841  3361  3404 I com.miui.home: CheckGCForNative gc_urgency 0.446554 current_native_bytes is 139323223
12-18 16:51:10.001  3361  3850 I com.miui.home: CheckGCForNative adj_start_bytes: 42927142 NativeAllocationGcWatermark: 11625003 java_gc_start_bytes: 25489638 kNewNativeDiscountFactor: 2 kOldNativeDiscountFactor: 65536 old_native_bytes: 128616279 new_native_bytes: 24384 add_bytes_allowed: 34875009 is_gc_concurrent: 1 target_footprint_: 25891165 GetBytesAllocated: 14180299 HeapGrowthMultiplier: 3
12-18 16:51:10.001  3361  3850 I com.miui.home: CheckGCForNative gc_urgency 0.330664 current_native_bytes is 128640663
12-18 16:51:10.079  3361  3850 I com.miui.home: CheckGCForNative adj_start_bytes: 42927142 NativeAllocationGcWatermark: 11625003 java_gc_start_bytes: 25489638 kNewNativeDiscountFactor: 2 kOldNativeDiscountFactor: 65536 old_native_bytes: 128616279 new_native_bytes: 32320 add_bytes_allowed: 34875009 is_gc_concurrent: 1 target_footprint_: 25891165 GetBytesAllocated: 14213067 HeapGrowthMultiplier: 3
12-18 16:51:10.079  3361  3850 I com.miui.home: CheckGCForNative gc_urgency 0.33152 current_native_bytes is 128648599
12-18 16:51:10.112  3361  3361 I wm_on_top_resumed_gained_called: [82138556,com.miui.home.launcher.Launcher,topStateChangedWhenResumed]
12-18 16:51:10.233  9537  9537 I wm_on_top_resumed_lost_called: [249058311,com.eg.android.AlipayGphone.AlipayLogin,topStateChangedWhenResumed]
12-18 16:51:10.321  3361  3849 I com.miui.home: CheckGCForNative adj_start_bytes: 42927142 NativeAllocationGcWatermark: 11625003 java_gc_start_bytes: 25489638 kNewNativeDiscountFactor: 2 kOldNativeDiscountFactor: 65536 old_native_bytes: 128616279 new_native_bytes: 10766304 add_bytes_allowed: 34875009 is_gc_concurrent: 1 target_footprint_: 25891165 GetBytesAllocated: 14303509 HeapGrowthMultiplier: 3
12-18 16:51:10.321  3361  3849 I com.miui.home: CheckGCForNative gc_urgency 0.458652 current_native_bytes is 139382583
12-18 16:51:10.323  3361  3849 I com.miui.home: CheckGCForNative adj_start_bytes: 42927142 NativeAllocationGcWatermark: 11625003 java_gc_start_bytes: 25489638 kNewNativeDiscountFactor: 2 kOldNativeDiscountFactor: 65536 old_native_bytes: 128616279 new_native_bytes: 21473568 add_bytes_allowed: 34875009 is_gc_concurrent: 1 target_footprint_: 25891165 GetBytesAllocated: 14308060 HeapGrowthMultiplier: 3
12-18 16:51:10.323  3361  3849 I com.miui.home: CheckGCForNative gc_urgency 0.583472 current_native_bytes is 150089847
12-18 16:51:10.742  3361  3759 I com.miui.home: CheckGCForNative adj_start_bytes: 42927142 NativeAllocationGcWatermark: 11625003 java_gc_start_bytes: 25489638 kNewNativeDiscountFactor: 2 kOldNativeDiscountFactor: 65536 old_native_bytes: 128616279 new_native_bytes: 10870112 add_bytes_allowed: 34875009 is_gc_concurrent: 1 target_footprint_: 25891165 GetBytesAllocated: 14527997 HeapGrowthMultiplier: 3
12-18 16:51:10.744  3361  3759 I com.miui.home: CheckGCForNative gc_urgency 0.465091 current_native_bytes is 139486391
12-18 16:51:10.792  3361  3361 I wm_on_top_resumed_lost_called: [82138556,com.miui.home.launcher.Launcher,topStateChangedWhenResumed]
12-18 16:51:10.878  3361  3361 I wm_on_paused_called: [0,82138556,com.miui.home.launcher.Launcher,performPause,4]
12-18 16:51:11.252  3361  8065 I com.miui.home: CheckGCForNative adj_start_bytes: 42927142 NativeAllocationGcWatermark: 11625003 java_gc_start_bytes: 25489638 kNewNativeDiscountFactor: 2 kOldNativeDiscountFactor: 65536 old_native_bytes: 128616279 new_native_bytes: 12074548 add_bytes_allowed: 34875009 is_gc_concurrent: 1 target_footprint_: 25891165 GetBytesAllocated: 15573427 HeapGrowthMultiplier: 3
12-18 16:51:11.252  3361  8065 I com.miui.home: CheckGCForNative gc_urgency 0.503473 current_native_bytes is 140690827
12-18 16:51:11.350  3361  3850 I com.miui.home: CheckGCForNative adj_start_bytes: 42927142 NativeAllocationGcWatermark: 11625003 java_gc_start_bytes: 25489638 kNewNativeDiscountFactor: 2 kOldNativeDiscountFactor: 65536 old_native_bytes: 128616279 new_native_bytes: 12123700 add_bytes_allowed: 34875009 is_gc_concurrent: 1 target_footprint_: 25891165 GetBytesAllocated: 15654108 HeapGrowthMultiplier: 3
12-18 16:51:11.350  3361  3850 I com.miui.home: CheckGCForNative gc_urgency 0.505925 current_native_bytes is 140739979
12-18 16:51:11.512  3361  3781 I com.miui.home: CheckGCForNative adj_start_bytes: 42927142 NativeAllocationGcWatermark: 11625003 java_gc_start_bytes: 25489638 kNewNativeDiscountFactor: 2 kOldNativeDiscountFactor: 65536 old_native_bytes: 128616279 new_native_bytes: 22868436 add_bytes_allowed: 34875009 is_gc_concurrent: 1 target_footprint_: 25891165 GetBytesAllocated: 15892950 HeapGrowthMultiplier: 3
12-18 16:51:11.512  3361  3781 I com.miui.home: CheckGCForNative gc_urgency 0.63664 current_native_bytes is 151484715
12-18 16:51:11.586  3361  8065 I com.miui.home: CheckGCForNative adj_start_bytes: 42927142 NativeAllocationGcWatermark: 11625003 java_gc_start_bytes: 25489638 kNewNativeDiscountFactor: 2 kOldNativeDiscountFactor: 65536 old_native_bytes: 128616279 new_native_bytes: 37418120 add_bytes_allowed: 34875009 is_gc_concurrent: 1 target_footprint_: 25891165 GetBytesAllocated: 16019343 HeapGrowthMultiplier: 3
12-18 16:51:11.586  3361  8065 I com.miui.home: CheckGCForNative gc_urgency 0.809054 current_native_bytes is 166034399
12-18 16:51:11.642  3361  3781 I com.miui.home: CheckGCForNative adj_start_bytes: 42927142 NativeAllocationGcWatermark: 11625003 java_gc_start_bytes: 25489638 kNewNativeDiscountFactor: 2 kOldNativeDiscountFactor: 65536 old_native_bytes: 128616279 new_native_bytes: 37490480 add_bytes_allowed: 34875009 is_gc_concurrent: 1 target_footprint_: 25891165 GetBytesAllocated: 16101229 HeapGrowthMultiplier: 3
12-18 16:51:11.642  3361  3781 I com.miui.home: CheckGCForNative gc_urgency 0.811804 current_native_bytes is 166106759
12-18 16:51:11.643  3361  3781 I com.miui.home: CheckGCForNative adj_start_bytes: 42927142 NativeAllocationGcWatermark: 11625003 java_gc_start_bytes: 25489638 kNewNativeDiscountFactor: 2 kOldNativeDiscountFactor: 65536 old_native_bytes: 128616279 new_native_bytes: 25694000 add_bytes_allowed: 34875009 is_gc_concurrent: 1 target_footprint_: 25891165 GetBytesAllocated: 16101229 HeapGrowthMultiplier: 3
12-18 16:51:11.643  3361  3781 I com.miui.home: CheckGCForNative gc_urgency 0.674403 current_native_bytes is 154310279
12-18 16:51:11.668  3361  3781 I com.miui.home: CheckGCForNative adj_start_bytes: 42927142 NativeAllocationGcWatermark: 11625003 java_gc_start_bytes: 25489638 kNewNativeDiscountFactor: 2 kOldNativeDiscountFactor: 65536 old_native_bytes: 128616279 new_native_bytes: 26164688 add_bytes_allowed: 34875009 is_gc_concurrent: 1 target_footprint_: 25891165 GetBytesAllocated: 16103820 HeapGrowthMultiplier: 3
12-18 16:51:11.668  3361  3781 I com.miui.home: CheckGCForNative gc_urgency 0.679946 current_native_bytes is 154780967
12-18 16:51:11.689  3361  3781 I com.miui.home: CheckGCForNative adj_start_bytes: 42927142 NativeAllocationGcWatermark: 11625003 java_gc_start_bytes: 25489638 kNewNativeDiscountFactor: 2 kOldNativeDiscountFactor: 65536 old_native_bytes: 128616279 new_native_bytes: 27615320 add_bytes_allowed: 34875009 is_gc_concurrent: 1 target_footprint_: 25891165 GetBytesAllocated: 16134472 HeapGrowthMultiplier: 3
12-18 16:51:11.689  3361  3781 I com.miui.home: CheckGCForNative gc_urgency 0.697556 current_native_bytes is 156231599
12-18 16:51:11.690  3361  3781 I com.miui.home: CheckGCForNative adj_start_bytes: 42927142 NativeAllocationGcWatermark: 11625003 java_gc_start_bytes: 25489638 kNewNativeDiscountFactor: 2 kOldNativeDiscountFactor: 65536 old_native_bytes: 128616279 new_native_bytes: 29065952 add_bytes_allowed: 34875009 is_gc_concurrent: 1 target_footprint_: 25891165 GetBytesAllocated: 16134472 HeapGrowthMultiplier: 3
12-18 16:51:11.690  3361  3781 I com.miui.home: CheckGCForNative gc_urgency 0.714453 current_native_bytes is 157682231
12-18 16:51:11.760  9537  9537 I wm_on_paused_called: [0,249058311,com.eg.android.AlipayGphone.AlipayLogin,performPause,26]
12-18 16:51:11.766  3361  3781 I com.miui.home: CheckGCForNative adj_start_bytes: 42927142 NativeAllocationGcWatermark: 11625003 java_gc_start_bytes: 25489638 kNewNativeDiscountFactor: 2 kOldNativeDiscountFactor: 65536 old_native_bytes: 128616279 new_native_bytes: 40186272 add_bytes_allowed: 34875009 is_gc_concurrent: 1 target_footprint_: 25891165 GetBytesAllocated: 16324942 HeapGrowthMultiplier: 3
12-18 16:51:11.766  3361  3781 I com.miui.home: CheckGCForNative gc_urgency 0.848415 current_native_bytes is 168802551
12-18 16:51:11.913  9537  9537 I wm_on_stop_called: [0,249058311,com.eg.android.AlipayGphone.AlipayLogin,STOP_ACTIVITY_ITEM,73]
12-18 16:51:12.052 10125 10125 I wm_on_create_called: [0,230650071,com.xunmeng.pinduoduo.ui.activity.MainFrameActivity,performCreate,179]
12-18 16:51:12.109  9537  9537 I wm_on_idle_called: com.eg.android.AlipayGphone.AlipayLogin
12-18 16:51:12.142  3361  3361 I wm_on_stop_called: [0,82138556,com.miui.home.launcher.Launcher,STOP_ACTIVITY_ITEM,15]
12-18 16:51:12.326 10125 10125 I wm_on_create_called: [0,8707,com.xunmeng.pinduoduo.ui.activity.HomeActivity,performCreate,42]
12-18 16:51:12.403 10125 10125 I wm_on_start_called: [0,8707,com.xunmeng.pinduoduo.ui.activity.HomeActivity,handleStartActivity,76]
12-18 16:51:12.410 10125 10125 I wm_on_resume_called: [0,8707,com.xunmeng.pinduoduo.ui.activity.HomeActivity,RESUME_ACTIVITY,5]
12-18 16:51:12.505  3361  3361 I wm_on_restart_called: [0,82138556,com.miui.home.launcher.Launcher,,0]
12-18 16:51:12.507  3361  3361 I wm_on_start_called: [0,82138556,com.miui.home.launcher.Launcher,handleStartActivity,2]
12-18 16:51:12.528  3361  3361 I wm_on_resume_called: [0,82138556,com.miui.home.launcher.Launcher,RESUME_ACTIVITY,19]
12-18 16:51:12.566 10125 10125 I wm_on_top_resumed_gained_called: [8707,com.xunmeng.pinduoduo.ui.activity.HomeActivity,topStateChangedWhenResumed]
12-18 16:51:12.578 10125 10125 I wm_on_top_resumed_lost_called: [8707,com.xunmeng.pinduoduo.ui.activity.HomeActivity,topStateChangedWhenResumed]
12-18 16:51:12.674  3361  3361 I wm_on_top_resumed_gained_called: [82138556,com.miui.home.launcher.Launcher,topStateChangedWhenResumed]
12-18 16:51:12.676  3361  3361 I wm_on_idle_called: com.miui.home.launcher.Launcher
12-18 16:51:12.818  3361  9093 I com.miui.home: CheckGCForNative gc_urgency 0 current_native_bytes is 132835823
12-18 16:51:12.821  3361  9093 I com.miui.home: CheckGCForNative adj_start_bytes: 42404130 NativeAllocationGcWatermark: 11541480 java_gc_start_bytes: 25091910 kNewNativeDiscountFactor: 2 kOldNativeDiscountFactor: 65536 old_native_bytes: 132835823 new_native_bytes: 10708416 add_bytes_allowed: 34624440 is_gc_concurrent: 1 target_footprint_: 25222982 GetBytesAllocated: 14689660 HeapGrowthMultiplier: 3
12-18 16:51:12.821  3361  9093 I com.miui.home: CheckGCForNative gc_urgency 0.472734 current_native_bytes is 143544239
12-18 16:51:12.849  3361  8065 I com.miui.home: CheckGCForNative adj_start_bytes: 42404130 NativeAllocationGcWatermark: 11541480 java_gc_start_bytes: 25091910 kNewNativeDiscountFactor: 2 kOldNativeDiscountFactor: 65536 old_native_bytes: 132835823 new_native_bytes: 10716040 add_bytes_allowed: 34624440 is_gc_concurrent: 1 target_footprint_: 25222982 GetBytesAllocated: 14815851 HeapGrowthMultiplier: 3
12-18 16:51:12.849  3361  8065 I com.miui.home: CheckGCForNative gc_urgency 0.4758 current_native_bytes is 143551863
12-18 16:51:12.853  3361  3850 I com.miui.home: CheckGCForNative adj_start_bytes: 42404130 NativeAllocationGcWatermark: 11541480 java_gc_start_bytes: 25091910 kNewNativeDiscountFactor: 2 kOldNativeDiscountFactor: 65536 old_native_bytes: 132835823 new_native_bytes: 10120 add_bytes_allowed: 34624440 is_gc_concurrent: 1 target_footprint_: 25222982 GetBytesAllocated: 14844464 HeapGrowthMultiplier: 3
12-18 16:51:12.853  3361  3850 I com.miui.home: CheckGCForNative gc_urgency 0.350238 current_native_bytes is 132845943
12-18 16:51:12.931  3361  3850 I com.miui.home: CheckGCForNative adj_start_bytes: 42404130 NativeAllocationGcWatermark: 11541480 java_gc_start_bytes: 25091910 kNewNativeDiscountFactor: 2 kOldNativeDiscountFactor: 65536 old_native_bytes: 132835823 new_native_bytes: 55576 add_bytes_allowed: 34624440 is_gc_concurrent: 1 target_footprint_: 25222982 GetBytesAllocated: 14879735 HeapGrowthMultiplier: 3
12-18 16:51:12.931  3361  3850 I com.miui.home: CheckGCForNative gc_urgency 0.351606 current_native_bytes is 132891399
12-18 16:51:13.209  3361  3850 I com.miui.home: CheckGCForNative gc_urgency 0 current_native_bytes is 132795591
12-18 16:51:13.319  3361  3849 I com.miui.home: CheckGCForNative adj_start_bytes: 42404130 NativeAllocationGcWatermark: 11541480 java_gc_start_bytes: 25091910 kNewNativeDiscountFactor: 2 kOldNativeDiscountFactor: 65536 old_native_bytes: 132795591 new_native_bytes: 10658808 add_bytes_allowed: 34624440 is_gc_concurrent: 1 target_footprint_: 25222982 GetBytesAllocated: 15095389 HeapGrowthMultiplier: 3
12-18 16:51:13.319  3361  3849 I com.miui.home: CheckGCForNative gc_urgency 0.481718 current_native_bytes is 143454399
12-18 16:51:13.323  3361  3849 I com.miui.home: CheckGCForNative adj_start_bytes: 42404130 NativeAllocationGcWatermark: 11541480 java_gc_start_bytes: 25091910 kNewNativeDiscountFactor: 2 kOldNativeDiscountFactor: 65536 old_native_bytes: 132795591 new_native_bytes: 21363960 add_bytes_allowed: 34624440 is_gc_concurrent: 1 target_footprint_: 25222982 GetBytesAllocated: 15098336 HeapGrowthMultiplier: 3
12-18 16:51:13.323  3361  3849 I com.miui.home: CheckGCForNative gc_urgency 0.608015 current_native_bytes is 154159551
12-18 16:51:13.631  3361  3361 I wm_on_top_resumed_lost_called: [82138556,com.miui.home.launcher.Launcher,topStateChangedWhenResumed]
12-18 16:51:13.765 10125 10125 I wm_on_paused_called: [0,8707,com.xunmeng.pinduoduo.ui.activity.HomeActivity,performPause,16]
12-18 16:51:13.778  3361  3361 I wm_on_paused_called: [0,82138556,com.miui.home.launcher.Launcher,performPause,3]
12-18 16:51:13.819 10125 10125 I wm_on_destroy_called: [0,230650071,com.xunmeng.pinduoduo.ui.activity.MainFrameActivity,performDestroy,23]
12-18 16:51:13.966 10307 10307 I wm_on_application_create_called: [0,com.eg.android.AlipayGphone,540]
12-18 16:51:13.997  3361  3833 I com.miui.home: CheckGCForNative adj_start_bytes: 42404130 NativeAllocationGcWatermark: 11541480 java_gc_start_bytes: 25091910 kNewNativeDiscountFactor: 2 kOldNativeDiscountFactor: 65536 old_native_bytes: 132795591 new_native_bytes: 11226020 add_bytes_allowed: 34624440 is_gc_concurrent: 1 target_footprint_: 25222982 GetBytesAllocated: 16013679 HeapGrowthMultiplier: 3
12-18 16:51:13.998  3361  3833 I com.miui.home: CheckGCForNative gc_urgency 0.510062 current_native_bytes is 144021611
12-18 16:51:14.063 10125 10125 I wm_on_stop_called: [0,8707,com.xunmeng.pinduoduo.ui.activity.HomeActivity,STOP_ACTIVITY_ITEM,74]
12-18 16:51:14.100  3361  3850 I com.miui.home: CheckGCForNative adj_start_bytes: 42404130 NativeAllocationGcWatermark: 11541480 java_gc_start_bytes: 25091910 kNewNativeDiscountFactor: 2 kOldNativeDiscountFactor: 65536 old_native_bytes: 132795591 new_native_bytes: 11277828 add_bytes_allowed: 34624440 is_gc_concurrent: 1 target_footprint_: 25222982 GetBytesAllocated: 16093155 HeapGrowthMultiplier: 3
12-18 16:51:14.100  3361  3850 I com.miui.home: CheckGCForNative gc_urgency 0.512547 current_native_bytes is 144073419
12-18 16:51:14.323  3361  3850 I com.miui.home: CheckGCForNative adj_start_bytes: 42404130 NativeAllocationGcWatermark: 11541480 java_gc_start_bytes: 25091910 kNewNativeDiscountFactor: 2 kOldNativeDiscountFactor: 65536 old_native_bytes: 132795591 new_native_bytes: 11315492 add_bytes_allowed: 34624440 is_gc_concurrent: 1 target_footprint_: 25222982 GetBytesAllocated: 16232181 HeapGrowthMultiplier: 3
12-18 16:51:14.323  3361  3850 I com.miui.home: CheckGCForNative gc_urgency 0.516269 current_native_bytes is 144111083
12-18 16:51:14.410 10125 10125 I wm_on_idle_called: com.xunmeng.pinduoduo.ui.activity.HomeActivity
12-18 16:51:14.430  3361  8065 I com.miui.home: CheckGCForNative adj_start_bytes: 42404130 NativeAllocationGcWatermark: 11541480 java_gc_start_bytes: 25091910 kNewNativeDiscountFactor: 2 kOldNativeDiscountFactor: 65536 old_native_bytes: 132795591 new_native_bytes: 21982116 add_bytes_allowed: 34624440 is_gc_concurrent: 1 target_footprint_: 25222982 GetBytesAllocated: 16433570 HeapGrowthMultiplier: 3
