12-18 16:45:37.645  3317  7933 I com.miui.home: CheckGCForNative adj_start_bytes: 42551332 NativeAllocationGcWatermark: 11598366 java_gc_start_bytes: 25153783 kNewNativeDiscountFactor: 2 kOldNativeDiscountFactor: 65536 old_native_bytes: 137294591 new_native_bytes: 22779780 add_bytes_allowed: 34795098 is_gc_concurrent: 1 target_footprint_: 25678071 GetBytesAllocated: 17341067 HeapGrowthMultiplier: 3
12-18 16:45:37.645  3317  7933 I com.miui.home: CheckGCForNative gc_urgency 0.675256 current_native_bytes is 160074371
12-18 16:45:37.714 10336 10336 I wm_on_application_create_called: [0,com.smile.gifmaker,2112]
12-18 16:45:37.763  3317  3317 I wm_on_paused_called: [0,124850748,com.miui.home.launcher.Launcher,performPause,3]
12-18 16:45:38.054  9968  9968 I wm_on_idle_called: com.xunmeng.pinduoduo.ui.activity.HomeActivity
12-18 16:45:38.133  3317  7933 I com.miui.home: CheckGCForNative adj_start_bytes: 42551332 NativeAllocationGcWatermark: 11598366 java_gc_start_bytes: 25153783 kNewNativeDiscountFactor: 2 kOldNativeDiscountFactor: 65536 old_native_bytes: 137294591 new_native_bytes: 33742876 add_bytes_allowed: 34795098 is_gc_concurrent: 1 target_footprint_: 25678071 GetBytesAllocated: 17891271 HeapGrowthMultiplier: 3
12-18 16:45:38.133  3317  7933 I com.miui.home: CheckGCForNative gc_urgency 0.817009 current_native_bytes is 171037467
12-18 16:45:38.392  3317  7933 I com.miui.home: CheckGCForNative adj_start_bytes: 42551332 NativeAllocationGcWatermark: 11598366 java_gc_start_bytes: 25153783 kNewNativeDiscountFactor: 2 kOldNativeDiscountFactor: 65536 old_native_bytes: 137294591 new_native_bytes: 23273840 add_bytes_allowed: 34795098 is_gc_concurrent: 1 target_footprint_: 25678071 GetBytesAllocated: 18296718 HeapGrowthMultiplier: 3
12-18 16:45:38.392  3317  7933 I com.miui.home: CheckGCForNative gc_urgency 0.70352 current_native_bytes is 160568431
12-18 16:45:38.684  3317  3745 I com.miui.home: CheckGCForNative adj_start_bytes: 42551332 NativeAllocationGcWatermark: 11598366 java_gc_start_bytes: 25153783 kNewNativeDiscountFactor: 2 kOldNativeDiscountFactor: 65536 old_native_bytes: 137294591 new_native_bytes: 23387920 add_bytes_allowed: 34795098 is_gc_concurrent: 1 target_footprint_: 25678071 GetBytesAllocated: 18774917 HeapGrowthMultiplier: 3
12-18 16:45:38.684  3317  3745 I com.miui.home: CheckGCForNative gc_urgency 0.716099 current_native_bytes is 160682511
12-18 16:45:39.359  9342  9342 I wm_on_idle_called: com.eg.android.AlipayGphone.AlipayLogin
12-18 16:45:39.403  3317  3317 I wm_on_stop_called: [0,124850748,com.miui.home.launcher.Launcher,STOP_ACTIVITY_ITEM,28]
12-18 16:45:39.410  3317  3317 I wm_on_restart_called: [0,124850748,com.miui.home.launcher.Launcher,,0]
12-18 16:45:39.412  3317  3317 I wm_on_start_called: [0,124850748,com.miui.home.launcher.Launcher,handleStartActivity,2]
12-18 16:45:39.432  3317  3317 I wm_on_resume_called: [0,124850748,com.miui.home.launcher.Launcher,RESUME_ACTIVITY,18]
12-18 16:45:39.465  3317  3317 I com.miui.home: CheckGCForNative adj_start_bytes: 42551332 NativeAllocationGcWatermark: 11598366 java_gc_start_bytes: 25153783 kNewNativeDiscountFactor: 2 kOldNativeDiscountFactor: 65536 old_native_bytes: 137294591 new_native_bytes: 23092196 add_bytes_allowed: 34795098 is_gc_concurrent: 1 target_footprint_: 25678071 GetBytesAllocated: 19567427 HeapGrowthMultiplier: 3
12-18 16:45:39.465  3317  3317 I com.miui.home: CheckGCForNative gc_urgency 0.731249 current_native_bytes is 160386787
12-18 16:45:39.670  3317  3317 I wm_on_idle_called: com.miui.home.launcher.Launcher
12-18 16:45:39.741  3317 10373 I com.miui.home: CheckGCForNative adj_start_bytes: 42551332 NativeAllocationGcWatermark: 11598366 java_gc_start_bytes: 25153783 kNewNativeDiscountFactor: 2 kOldNativeDiscountFactor: 65536 old_native_bytes: 137294591 new_native_bytes: 34196328 add_bytes_allowed: 34795098 is_gc_concurrent: 1 target_footprint_: 25678071 GetBytesAllocated: 20324619 HeapGrowthMultiplier: 3
12-18 16:45:39.742  3317 10373 I com.miui.home: CheckGCForNative gc_urgency 0.879523 current_native_bytes is 171490919
12-18 16:45:39.743  3317 10373 I com.miui.home: CheckGCForNative adj_start_bytes: 42551332 NativeAllocationGcWatermark: 11598366 java_gc_start_bytes: 25153783 kNewNativeDiscountFactor: 2 kOldNativeDiscountFactor: 65536 old_native_bytes: 137294591 new_native_bytes: 44903464 add_bytes_allowed: 34795098 is_gc_concurrent: 1 target_footprint_: 25678071 GetBytesAllocated: 20331321 HeapGrowthMultiplier: 3
12-18 16:45:39.743  3317 10373 I com.miui.home: CheckGCForNative gc_urgency 1.00549 current_native_bytes is 182198055
12-18 16:45:39.743  3317 10373 I com.miui.home: CheckGCForNative requested 1
12-18 16:45:39.889  3317  3317 I wm_on_top_resumed_gained_called: [124850748,com.miui.home.launcher.Launcher,topStateChangedWhenResumed]
12-18 16:45:39.923  3317  3745 I com.miui.home: CheckGCForNative adj_start_bytes: 42551332 NativeAllocationGcWatermark: 11598366 java_gc_start_bytes: 25153783 kNewNativeDiscountFactor: 2 kOldNativeDiscountFactor: 65536 old_native_bytes: 137294591 new_native_bytes: 34207112 add_bytes_allowed: 34795098 is_gc_concurrent: 1 target_footprint_: 25678071 GetBytesAllocated: 20602012 HeapGrowthMultiplier: 3
12-18 16:45:39.923  3317  3745 I com.miui.home: CheckGCForNative gc_urgency 0.886169 current_native_bytes is 171501703
12-18 16:45:39.967  3317  3353 I com.miui.home: NativeAlloc concurrent copying GC freed 162762(6873KB) AllocSpace objects, 24(672KB) LOS objects, 49% free, 12MB/24MB, paused 222us,24us total 224.230ms
12-18 16:45:40.270  3317  3744 I com.miui.home: CheckGCForNative gc_urgency 0 current_native_bytes is 146699175
12-18 16:45:40.274  3317  3744 I com.miui.home: CheckGCForNative adj_start_bytes: 42901713 NativeAllocationGcWatermark: 11609362 java_gc_start_bytes: 25487670 kNewNativeDiscountFactor: 2 kOldNativeDiscountFactor: 65536 old_native_bytes: 146699175 new_native_bytes: 10707264 add_bytes_allowed: 34828086 is_gc_concurrent: 1 target_footprint_: 25766035 GetBytesAllocated: 13046702 HeapGrowthMultiplier: 3
12-18 16:45:40.274  3317  3744 I com.miui.home: CheckGCForNative gc_urgency 0.428947 current_native_bytes is 157406439
12-18 16:45:40.317  3317  3317 I com.miui.home: CheckGCForNative gc_urgency 0 current_native_bytes is 146631495
12-18 16:45:40.621  3317  3317 I wm_on_top_resumed_lost_called: [124850748,com.miui.home.launcher.Launcher,topStateChangedWhenResumed]
12-18 16:45:40.786  3317  3317 I wm_on_paused_called: [0,124850748,com.miui.home.launcher.Launcher,performPause,3]
12-18 16:45:40.844 10915 10915 I wm_on_application_create_called: [0,com.eg.android.AlipayGphone,993]
12-18 16:45:40.877 10800 10800 I wm_on_create_called: [0,16861851,com.tencent.qqlive.ona.activity.SplashHomeActivity,performCreate,854]
12-18 16:45:41.317  3317  3732 I com.miui.home: CheckGCForNative gc_urgency 0 current_native_bytes is 146542583
12-18 16:45:41.912  3317  3745 I com.miui.home: CheckGCForNative adj_start_bytes: 42901713 NativeAllocationGcWatermark: 11609362 java_gc_start_bytes: 25487670 kNewNativeDiscountFactor: 2 kOldNativeDiscountFactor: 65536 old_native_bytes: 146542583 new_native_bytes: 337392 add_bytes_allowed: 34828086 is_gc_concurrent: 1 target_footprint_: 25766035 GetBytesAllocated: 13890343 HeapGrowthMultiplier: 3
12-18 16:45:41.913  3317  3745 I com.miui.home: CheckGCForNative gc_urgency 0.327756 current_native_bytes is 146879975
12-18 16:45:42.077  6392  6392 I wm_on_create_called: [0,129434030,com.tencent.mobileqq.activity.SplashActivity,performCreate,109]
12-18 16:45:42.094  6392  6392 I wm_on_start_called: [0,129434030,com.tencent.mobileqq.activity.SplashActivity,handleStartActivity,9]
12-18 16:45:42.139  6392  6392 I wm_on_resume_called: [0,129434030,com.tencent.mobileqq.activity.SplashActivity,RESUME_ACTIVITY,30]
12-18 16:45:42.264  3317  7933 I com.miui.home: CheckGCForNative adj_start_bytes: 42901713 NativeAllocationGcWatermark: 11609362 java_gc_start_bytes: 25487670 kNewNativeDiscountFactor: 2 kOldNativeDiscountFactor: 65536 old_native_bytes: 146542583 new_native_bytes: 833132 add_bytes_allowed: 34828086 is_gc_concurrent: 1 target_footprint_: 25766035 GetBytesAllocated: 14053337 HeapGrowthMultiplier: 3
12-18 16:45:42.264  3317  7933 I com.miui.home: CheckGCForNative gc_urgency 0.337332 current_native_bytes is 147375715
12-18 16:45:42.310 10800 10800 I wm_on_start_called: [0,16861851,com.tencent.qqlive.ona.activity.SplashHomeActivity,handleStartActivity,1431]
12-18 16:45:42.368  6392  6392 I wm_on_top_resumed_gained_called: [129434030,com.tencent.mobileqq.activity.SplashActivity,topStateChangedWhenResumed]
12-18 16:45:42.552  3317  7933 I com.miui.home: CheckGCForNative adj_start_bytes: 42901713 NativeAllocationGcWatermark: 11609362 java_gc_start_bytes: 25487670 kNewNativeDiscountFactor: 2 kOldNativeDiscountFactor: 65536 old_native_bytes: 146542583 new_native_bytes: 11730188 add_bytes_allowed: 34828086 is_gc_concurrent: 1 target_footprint_: 25766035 GetBytesAllocated: 14443359 HeapGrowthMultiplier: 3
12-18 16:45:42.552  3317  7933 I com.miui.home: CheckGCForNative gc_urgency 0.473424 current_native_bytes is 158272771
12-18 16:45:42.751  3317  3317 I wm_on_resume_called: [0,124850748,com.miui.home.launcher.Launcher,RESUME_ACTIVITY,51]
12-18 16:45:42.771  3317  3317 I wm_on_idle_called: com.miui.home.launcher.Launcher
12-18 16:45:42.789  3317  3732 I com.miui.home: CheckGCForNative adj_start_bytes: 42901713 NativeAllocationGcWatermark: 11609362 java_gc_start_bytes: 25487670 kNewNativeDiscountFactor: 2 kOldNativeDiscountFactor: 65536 old_native_bytes: 146542583 new_native_bytes: 1171112 add_bytes_allowed: 34828086 is_gc_concurrent: 1 target_footprint_: 25766035 GetBytesAllocated: 15245507 HeapGrowthMultiplier: 3
12-18 16:45:42.789  3317  3732 I com.miui.home: CheckGCForNative gc_urgency 0.36906 current_native_bytes is 147713695
12-18 16:45:42.861  6392  6392 I wm_on_top_resumed_lost_called: [129434030,com.tencent.mobileqq.activity.SplashActivity,topStateChangedWhenResumed]
12-18 16:45:42.870  3317  3317 I wm_on_top_resumed_gained_called: [124850748,com.miui.home.launcher.Launcher,topStateChangedWhenResumed]
12-18 16:45:42.904  6392  6392 I wm_on_idle_called: com.tencent.mobileqq.activity.SplashActivity
12-18 16:45:42.948 10800 10800 I wm_on_resume_called: [0,16861851,com.tencent.qqlive.ona.activity.SplashHomeActivity,RESUME_ACTIVITY,560]
12-18 16:45:43.008  3317  3391 I com.miui.home: CheckGCForNative adj_start_bytes: 42901713 NativeAllocationGcWatermark: 11609362 java_gc_start_bytes: 25487670 kNewNativeDiscountFactor: 2 kOldNativeDiscountFactor: 65536 old_native_bytes: 146542583 new_native_bytes: 11885168 add_bytes_allowed: 34828086 is_gc_concurrent: 1 target_footprint_: 25766035 GetBytesAllocated: 15480545 HeapGrowthMultiplier: 3
12-18 16:45:43.009  3317  3391 I com.miui.home: CheckGCForNative gc_urgency 0.499406 current_native_bytes is 158427751
12-18 16:45:43.015  3317  3391 I com.miui.home: CheckGCForNative adj_start_bytes: 42901713 NativeAllocationGcWatermark: 11609362 java_gc_start_bytes: 25487670 kNewNativeDiscountFactor: 2 kOldNativeDiscountFactor: 65536 old_native_bytes: 146542583 new_native_bytes: 22592304 add_bytes_allowed: 34828086 is_gc_concurrent: 1 target_footprint_: 25766035 GetBytesAllocated: 15480737 HeapGrowthMultiplier: 3
12-18 16:45:43.015  3317  3391 I com.miui.home: CheckGCForNative gc_urgency 0.624197 current_native_bytes is 169134887
12-18 16:45:43.237  3317  7933 I com.miui.home: CheckGCForNative adj_start_bytes: 42901713 NativeAllocationGcWatermark: 11609362 java_gc_start_bytes: 25487670 kNewNativeDiscountFactor: 2 kOldNativeDiscountFactor: 65536 old_native_bytes: 146542583 new_native_bytes: 12127956 add_bytes_allowed: 34828086 is_gc_concurrent: 1 target_footprint_: 25766035 GetBytesAllocated: 15766876 HeapGrowthMultiplier: 3
12-18 16:45:43.238  3317  7933 I com.miui.home: CheckGCForNative gc_urgency 0.50891 current_native_bytes is 158670539
12-18 16:45:43.362 10800 10800 I wm_on_top_resumed_gained_called: [16861851,com.tencent.qqlive.ona.activity.SplashHomeActivity,topStateChangedWhenResumed]
12-18 16:45:43.401  3317  3745 I com.miui.home: CheckGCForNative adj_start_bytes: 42901713 NativeAllocationGcWatermark: 11609362 java_gc_start_bytes: 25487670 kNewNativeDiscountFactor: 2 kOldNativeDiscountFactor: 65536 old_native_bytes: 146542583 new_native_bytes: 12252500 add_bytes_allowed: 34828086 is_gc_concurrent: 1 target_footprint_: 25766035 GetBytesAllocated: 16025759 HeapGrowthMultiplier: 3
12-18 16:45:43.401  3317  3745 I com.miui.home: CheckGCForNative gc_urgency 0.516395 current_native_bytes is 158795083
12-18 16:45:43.418 10800 10800 I wm_on_top_resumed_lost_called: [16861851,com.tencent.qqlive.ona.activity.SplashHomeActivity,topStateChangedWhenResumed]
12-18 16:45:43.470 10800 10800 I wm_on_paused_called: [0,16861851,com.tencent.qqlive.ona.activity.SplashHomeActivity,performPause,10]
12-18 16:45:43.470  3317  7933 I com.miui.home: CheckGCForNative adj_start_bytes: 42901713 NativeAllocationGcWatermark: 11609362 java_gc_start_bytes: 25487670 kNewNativeDiscountFactor: 2 kOldNativeDiscountFactor: 65536 old_native_bytes: 146542583 new_native_bytes: 22915604 add_bytes_allowed: 34828086 is_gc_concurrent: 1 target_footprint_: 25766035 GetBytesAllocated: 16192517 HeapGrowthMultiplier: 3
12-18 16:45:43.470  3317  7933 I com.miui.home: CheckGCForNative gc_urgency 0.644556 current_native_bytes is 169458187
12-18 16:45:43.689  6392  6392 I wm_on_paused_called: [0,129434030,com.tencent.mobileqq.activity.SplashActivity,performPause,2]
12-18 16:45:43.706 10800 10800 I wm_on_stop_called: [0,16861851,com.tencent.qqlive.ona.activity.SplashHomeActivity,STOP_ACTIVITY_ITEM,216]
12-18 16:45:43.788  3317 11887 I com.miui.home: CheckGCForNative adj_start_bytes: 42901713 NativeAllocationGcWatermark: 11609362 java_gc_start_bytes: 25487670 kNewNativeDiscountFactor: 2 kOldNativeDiscountFactor: 65536 old_native_bytes: 146542583 new_native_bytes: 12142228 add_bytes_allowed: 34828086 is_gc_concurrent: 1 target_footprint_: 25766035 GetBytesAllocated: 16402225 HeapGrowthMultiplier: 3
12-18 16:45:43.788  3317 11887 I com.miui.home: CheckGCForNative gc_urgency 0.523885 current_native_bytes is 158684811
12-18 16:45:43.956  3317  3317 I wm_on_top_resumed_lost_called: [124850748,com.miui.home.launcher.Launcher,topStateChangedWhenResumed]
12-18 16:45:43.977  3317  3317 I wm_on_paused_called: [0,124850748,com.miui.home.launcher.Launcher,performPause,3]
12-18 16:45:44.334  3317  3745 I com.miui.home: CheckGCForNative adj_start_bytes: 42901713 NativeAllocationGcWatermark: 11609362 java_gc_start_bytes: 25487670 kNewNativeDiscountFactor: 2 kOldNativeDiscountFactor: 65536 old_native_bytes: 146542583 new_native_bytes: 12644716 add_bytes_allowed: 34828086 is_gc_concurrent: 1 target_footprint_: 25766035 GetBytesAllocated: 16906317 HeapGrowthMultiplier: 3
12-18 16:45:44.334  3317  3745 I com.miui.home: CheckGCForNative gc_urgency 0.541492 current_native_bytes is 159187299
12-18 16:45:44.446  3317  3745 I com.miui.home: CheckGCForNative adj_start_bytes: 42901713 NativeAllocationGcWatermark: 11609362 java_gc_start_bytes: 25487670 kNewNativeDiscountFactor: 2 kOldNativeDiscountFactor: 65536 old_native_bytes: 146542583 new_native_bytes: 12639724 add_bytes_allowed: 34828086 is_gc_concurrent: 1 target_footprint_: 25766035 GetBytesAllocated: 16961856 HeapGrowthMultiplier: 3
12-18 16:45:44.446  3317  3745 I com.miui.home: CheckGCForNative gc_urgency 0.542728 current_native_bytes is 159182307
12-18 16:45:44.542  8448  8448 I wm_on_destroy_called: [0,77824565,fm.qingting.qtradio.WelcomeActivity,performDestroy,67]
12-18 16:45:44.679  3317  3745 I com.miui.home: CheckGCForNative adj_start_bytes: 42901713 NativeAllocationGcWatermark: 11609362 java_gc_start_bytes: 25487670 kNewNativeDiscountFactor: 2 kOldNativeDiscountFactor: 65536 old_native_bytes: 146542583 new_native_bytes: 12582612 add_bytes_allowed: 34828086 is_gc_concurrent: 1 target_footprint_: 25766035 GetBytesAllocated: 17050493 HeapGrowthMultiplier: 3
12-18 16:45:44.683  3317  3745 I com.miui.home: CheckGCForNative gc_urgency 0.544128 current_native_bytes is 159125195
12-18 16:45:45.177 10800 10800 I wm_on_idle_called: com.tencent.qqlive.ona.activity.SplashHomeActivity
12-18 16:45:45.259  3317  3317 I wm_on_stop_called: [0,124850748,com.miui.home.launcher.Launcher,STOP_ACTIVITY_ITEM,38]
12-18 16:45:45.309  3317  7933 I com.miui.home: CheckGCForNative adj_start_bytes: 42901713 NativeAllocationGcWatermark: 11609362 java_gc_start_bytes: 25487670 kNewNativeDiscountFactor: 2 kOldNativeDiscountFactor: 65536 old_native_bytes: 146542583 new_native_bytes: 23378712 add_bytes_allowed: 34828086 is_gc_concurrent: 1 target_footprint_: 25766035 GetBytesAllocated: 17861685 HeapGrowthMultiplier: 3
12-18 16:45:45.309  3317  7933 I com.miui.home: CheckGCForNative gc_urgency 0.68886 current_native_bytes is 169921295
12-18 16:45:45.316  3317  7933 I com.miui.home: CheckGCForNative adj_start_bytes: 42901713 NativeAllocationGcWatermark: 11609362 java_gc_start_bytes: 25487670 kNewNativeDiscountFactor: 2 kOldNativeDiscountFactor: 65536 old_native_bytes: 146542583 new_native_bytes: 34086168 add_bytes_allowed: 34828086 is_gc_concurrent: 1 target_footprint_: 25766035 GetBytesAllocated: 17868042 HeapGrowthMultiplier: 3
12-18 16:45:45.316  3317  7933 I com.miui.home: CheckGCForNative gc_urgency 0.813799 current_native_bytes is 180628751
12-18 16:45:45.324 11914 11914 I wm_on_application_create_called: [0,com.android.permissioncontroller,435]
12-18 16:45:45.454  3317  7933 I com.miui.home: CheckGCForNative adj_start_bytes: 42901713 NativeAllocationGcWatermark: 11609362 java_gc_start_bytes: 25487670 kNewNativeDiscountFactor: 2 kOldNativeDiscountFactor: 65536 old_native_bytes: 146542583 new_native_bytes: 34112856 add_bytes_allowed: 34828086 is_gc_concurrent: 1 target_footprint_: 25766035 GetBytesAllocated: 17917194 HeapGrowthMultiplier: 3
12-18 16:45:45.454  3317  7933 I com.miui.home: CheckGCForNative gc_urgency 0.815255 current_native_bytes is 180655439
12-18 16:45:45.455  3317  7933 I com.miui.home: CheckGCForNative adj_start_bytes: 42901713 NativeAllocationGcWatermark: 11609362 java_gc_start_bytes: 25487670 kNewNativeDiscountFactor: 2 kOldNativeDiscountFactor: 65536 old_native_bytes: 146542583 new_native_bytes: 44819800 add_bytes_allowed: 34828086 is_gc_concurrent: 1 target_footprint_: 25766035 GetBytesAllocated: 17917386 HeapGrowthMultiplier: 3
12-18 16:45:45.455  3317  7933 I com.miui.home: CheckGCForNative gc_urgency 0.940045 current_native_bytes is 191362383
12-18 16:45:45.460  3317  7933 I com.miui.home: CheckGCForNative adj_start_bytes: 42901713 NativeAllocationGcWatermark: 11609362 java_gc_start_bytes: 25487670 kNewNativeDiscountFactor: 2 kOldNativeDiscountFactor: 65536 old_native_bytes: 146542583 new_native_bytes: 44820024 add_bytes_allowed: 34828086 is_gc_concurrent: 1 target_footprint_: 25766035 GetBytesAllocated: 17925473 HeapGrowthMultiplier: 3
12-18 16:45:45.460  3317  7933 I com.miui.home: CheckGCForNative gc_urgency 0.940236 current_native_bytes is 191362607
12-18 16:45:45.461  3317  7933 I com.miui.home: CheckGCForNative adj_start_bytes: 42901713 NativeAllocationGcWatermark: 11609362 java_gc_start_bytes: 25487670 kNewNativeDiscountFactor: 2 kOldNativeDiscountFactor: 65536 old_native_bytes: 146542583 new_native_bytes: 55527160 add_bytes_allowed: 34828086 is_gc_concurrent: 1 target_footprint_: 25766035 GetBytesAllocated: 17942387 HeapGrowthMultiplier: 3
12-18 16:45:45.461  3317  7933 I com.miui.home: CheckGCForNative gc_urgency 1.06542 current_native_bytes is 202069743
12-18 16:45:45.461  3317  7933 I com.miui.home: CheckGCForNative requested 1
12-18 16:45:45.533  3317  3317 I wm_on_restart_called: [0,124850748,com.miui.home.launcher.Launcher,,0]
12-18 16:45:45.536  3317  3317 I wm_on_start_called: [0,124850748,com.miui.home.launcher.Launcher,handleStartActivity,2]
12-18 16:45:45.614  3317  3317 I wm_on_resume_called: [0,124850748,com.miui.home.launcher.Launcher,RESUME_ACTIVITY,75]
12-18 16:45:45.719  3317  3317 I wm_on_idle_called: com.miui.home.launcher.Launcher
12-18 16:45:45.823  6392  6392 I wm_on_stop_called: [0,129434030,com.tencent.mobileqq.activity.SplashActivity,LIFECYCLER_STOP_ACTIVITY,53]
12-18 16:45:46.021  3317  3317 I wm_on_top_resumed_gained_called: [124850748,com.miui.home.launcher.Launcher,topStateChangedWhenResumed]
12-18 16:45:46.024  6392  6392 I wm_on_destroy_called: [0,129434030,com.tencent.mobileqq.activity.SplashActivity,performDestroy,199]
12-18 16:45:46.060 12115 12115 I wm_on_application_create_called: [0,com.miui.wmsvc,295]
12-18 16:45:46.144  3317  3361 I com.miui.home: CheckGCForNative adj_start_bytes: 42901713 NativeAllocationGcWatermark: 11609362 java_gc_start_bytes: 25487670 kNewNativeDiscountFactor: 2 kOldNativeDiscountFactor: 65536 old_native_bytes: 146542583 new_native_bytes: 56025660 add_bytes_allowed: 34828086 is_gc_concurrent: 1 target_footprint_: 25766035 GetBytesAllocated: 19532822 HeapGrowthMultiplier: 3
12-18 16:45:46.144  3317  3361 I com.miui.home: CheckGCForNative gc_urgency 1.1083 current_native_bytes is 202568243
12-18 16:45:46.144  3317  3361 I com.miui.home: CheckGCForNative requested 1
12-18 16:45:46.145  3317  3361 I com.miui.home: CheckGCForNative adj_start_bytes: 42901713 NativeAllocationGcWatermark: 11609362 java_gc_start_bytes: 25487670 kNewNativeDiscountFactor: 2 kOldNativeDiscountFactor: 65536 old_native_bytes: 146542583 new_native_bytes: 66732604 add_bytes_allowed: 34828086 is_gc_concurrent: 1 target_footprint_: 25766035 GetBytesAllocated: 19533014 HeapGrowthMultiplier: 3
12-18 16:45:46.145  3317  3361 I com.miui.home: CheckGCForNative gc_urgency 1.23309 current_native_bytes is 213275187
12-18 16:45:46.145  3317  3361 I com.miui.home: CheckGCForNative requested 1
12-18 16:45:46.190  3317  3745 I com.miui.home: CheckGCForNative adj_start_bytes: 42901713 NativeAllocationGcWatermark: 11609362 java_gc_start_bytes: 25487670 kNewNativeDiscountFactor: 2 kOldNativeDiscountFactor: 65536 old_native_bytes: 146542583 new_native_bytes: 56073084 add_bytes_allowed: 34828086 is_gc_concurrent: 1 target_footprint_: 25766035 GetBytesAllocated: 19572464 HeapGrowthMultiplier: 3
12-18 16:45:46.190  3317  3745 I com.miui.home: CheckGCForNative gc_urgency 1.10977 current_native_bytes is 202615667
12-18 16:45:46.190  3317  3745 I com.miui.home: CheckGCForNative requested 1
12-18 16:45:46.268  3317  3745 I com.miui.home: CheckGCForNative adj_start_bytes: 42901713 NativeAllocationGcWatermark: 11609362 java_gc_start_bytes: 25487670 kNewNativeDiscountFactor: 2 kOldNativeDiscountFactor: 65536 old_native_bytes: 146542583 new_native_bytes: 56095100 add_bytes_allowed: 34828086 is_gc_concurrent: 1 target_footprint_: 25766035 GetBytesAllocated: 19649441 HeapGrowthMultiplier: 3
12-18 16:45:46.268  3317  3745 I com.miui.home: CheckGCForNative gc_urgency 1.11183 current_native_bytes is 202637683
12-18 16:45:46.268  3317  3745 I com.miui.home: CheckGCForNative requested 1
12-18 16:45:46.530  3317  3745 I com.miui.home: CheckGCForNative adj_start_bytes: 42901713 NativeAllocationGcWatermark: 11609362 java_gc_start_bytes: 25487670 kNewNativeDiscountFactor: 2 kOldNativeDiscountFactor: 65536 old_native_bytes: 146542583 new_native_bytes: 56172944 add_bytes_allowed: 34828086 is_gc_concurrent: 1 target_footprint_: 25766035 GetBytesAllocated: 19886835 HeapGrowthMultiplier: 3
12-18 16:45:46.530  3317  3745 I com.miui.home: CheckGCForNative gc_urgency 1.11827 current_native_bytes is 202715527
12-18 16:45:46.530  3317  3745 I com.miui.home: CheckGCForNative requested 1
12-18 16:45:46.705  3317  3744 I com.miui.home: CheckGCForNative gc_urgency 0 current_native_bytes is 168522183
12-18 16:45:46.711  3317  3744 I com.miui.home: CheckGCForNative adj_start_bytes: 47072308 NativeAllocationGcWatermark: 12074259 java_gc_start_bytes: 28960920 kNewNativeDiscountFactor: 2 kOldNativeDiscountFactor: 65536 old_native_bytes: 168522183 new_native_bytes: 10707264 add_bytes_allowed: 36222777 is_gc_concurrent: 1 target_footprint_: 29485208 GetBytesAllocated: 14790015 HeapGrowthMultiplier: 3
12-18 16:45:46.711  3317  3744 I com.miui.home: CheckGCForNative gc_urgency 0.427985 current_native_bytes is 179229447
12-18 16:45:47.146  3317  7933 I com.miui.home: CheckGCForNative adj_start_bytes: 47072308 NativeAllocationGcWatermark: 12074259 java_gc_start_bytes: 28960920 kNewNativeDiscountFactor: 2 kOldNativeDiscountFactor: 65536 old_native_bytes: 168522183 new_native_bytes: 9471076 add_bytes_allowed: 36222777 is_gc_concurrent: 1 target_footprint_: 29485208 GetBytesAllocated: 15275696 HeapGrowthMultiplier: 3
12-18 16:45:47.146  3317  7933 I com.miui.home: CheckGCForNative gc_urgency 0.425171 current_native_bytes is 177993259
12-18 16:45:47.214  3317  3317 I wm_on_top_resumed_lost_called: [124850748,com.miui.home.launcher.Launcher,topStateChangedWhenResumed]
12-18 16:45:47.635  3317  3317 I wm_on_paused_called: [0,124850748,com.miui.home.launcher.Launcher,performPause,3]
12-18 16:45:47.846 11836 11836 I wm_on_application_create_called: [0,com.eg.android.AlipayGphone,2111]
12-18 16:45:48.101  3317  3745 I com.miui.home: CheckGCForNative gc_urgency 0 current_native_bytes is 167587855
12-18 16:45:48.201  3317  3745 I com.miui.home: CheckGCForNative adj_start_bytes: 47072308 NativeAllocationGcWatermark: 12074259 java_gc_start_bytes: 28960920 kNewNativeDiscountFactor: 2 kOldNativeDiscountFactor: 65536 old_native_bytes: 167587855 new_native_bytes: 79448 add_bytes_allowed: 36222777 is_gc_concurrent: 1 target_footprint_: 29485208 GetBytesAllocated: 16331577 HeapGrowthMultiplier: 3
12-18 16:45:48.201  3317  3745 I com.miui.home: CheckGCForNative gc_urgency 0.347845 current_native_bytes is 167667303
12-18 16:45:48.241  3317  7933 I com.miui.home: CheckGCForNative adj_start_bytes: 47072308 NativeAllocationGcWatermark: 12074259 java_gc_start_bytes: 28960920 kNewNativeDiscountFactor: 2 kOldNativeDiscountFactor: 65536 old_native_bytes: 167587855 new_native_bytes: 10752536 add_bytes_allowed: 36222777 is_gc_concurrent: 1 target_footprint_: 29485208 GetBytesAllocated: 16356715 HeapGrowthMultiplier: 3
12-18 16:45:48.241  3317  7933 I com.miui.home: CheckGCForNative gc_urgency 0.461748 current_native_bytes is 178340391
12-18 16:45:48.348 12036 12036 I wm_on_application_create_called: [0,com.tencent.mm,2227]
12-18 16:45:48.423  3317  3745 I com.miui.home: CheckGCForNative adj_start_bytes: 47072308 NativeAllocationGcWatermark: 12074259 java_gc_start_bytes: 28960920 kNewNativeDiscountFactor: 2 kOldNativeDiscountFactor: 65536 old_native_bytes: 167587855 new_native_bytes: 29376 add_bytes_allowed: 36222777 is_gc_concurrent: 1 target_footprint_: 29485208 GetBytesAllocated: 16476352 HeapGrowthMultiplier: 3
12-18 16:45:48.424  3317  3745 I com.miui.home: CheckGCForNative gc_urgency 0.350389 current_native_bytes is 167617231
12-18 16:45:48.797 12409 12409 I wm_on_application_create_called: [0,com.android.settings,997]
12-18 16:45:49.017  3317  3317 I wm_on_resume_called: [0,124850748,com.miui.home.launcher.Launcher,RESUME_ACTIVITY,19]
12-18 16:45:49.148  3317  3317 I wm_on_idle_called: com.miui.home.launcher.Launcher
12-18 16:45:49.224  3317  3317 I com.miui.home: CheckGCForNative adj_start_bytes: 47072308 NativeAllocationGcWatermark: 12074259 java_gc_start_bytes: 28960920 kNewNativeDiscountFactor: 2 kOldNativeDiscountFactor: 65536 old_native_bytes: 167587855 new_native_bytes: 277784 add_bytes_allowed: 36222777 is_gc_concurrent: 1 target_footprint_: 29485208 GetBytesAllocated: 18174731 HeapGrowthMultiplier: 3
12-18 16:45:49.224  3317  3317 I com.miui.home: CheckGCForNative gc_urgency 0.389107 current_native_bytes is 167865639
12-18 16:45:49.330  3317  4457 I com.miui.home: CheckGCForNative adj_start_bytes: 47072308 NativeAllocationGcWatermark: 12074259 java_gc_start_bytes: 28960920 kNewNativeDiscountFactor: 2 kOldNativeDiscountFactor: 65536 old_native_bytes: 167587855 new_native_bytes: 388508 add_bytes_allowed: 36222777 is_gc_concurrent: 1 target_footprint_: 29485208 GetBytesAllocated: 18634059 HeapGrowthMultiplier: 3
12-18 16:45:49.330  3317  4457 I com.miui.home: CheckGCForNative gc_urgency 0.400041 current_native_bytes is 167976363
12-18 16:45:49.406  3317  4457 I com.miui.home: CheckGCForNative adj_start_bytes: 47072308 NativeAllocationGcWatermark: 12074259 java_gc_start_bytes: 28960920 kNewNativeDiscountFactor: 2 kOldNativeDiscountFactor: 65536 old_native_bytes: 167587855 new_native_bytes: 11114780 add_bytes_allowed: 36222777 is_gc_concurrent: 1 target_footprint_: 29485208 GetBytesAllocated: 18746357 HeapGrowthMultiplier: 3
12-18 16:45:49.406  3317  4457 I com.miui.home: CheckGCForNative gc_urgency 0.516361 current_native_bytes is 178702635
12-18 16:45:49.407  3317  4457 I com.miui.home: CheckGCForNative adj_start_bytes: 47072308 NativeAllocationGcWatermark: 12074259 java_gc_start_bytes: 28960920 kNewNativeDiscountFactor: 2 kOldNativeDiscountFactor: 65536 old_native_bytes: 167587855 new_native_bytes: 21821724 add_bytes_allowed: 36222777 is_gc_concurrent: 1 target_footprint_: 29485208 GetBytesAllocated: 18754300 HeapGrowthMultiplier: 3
12-18 16:45:49.407  3317  4457 I com.miui.home: CheckGCForNative gc_urgency 0.630258 current_native_bytes is 189409579
12-18 16:45:49.488  3317  3317 I wm_on_top_resumed_gained_called: [124850748,com.miui.home.launcher.Launcher,topStateChangedWhenResumed]
12-18 16:45:49.701  3317  3745 I com.miui.home: CheckGCForNative adj_start_bytes: 47072308 NativeAllocationGcWatermark: 12074259 java_gc_start_bytes: 28960920 kNewNativeDiscountFactor: 2 kOldNativeDiscountFactor: 65536 old_native_bytes: 167587855 new_native_bytes: 11126860 add_bytes_allowed: 36222777 is_gc_concurrent: 1 target_footprint_: 29485208 GetBytesAllocated: 18903258 HeapGrowthMultiplier: 3
12-18 16:45:49.701  3317  3745 I com.miui.home: CheckGCForNative gc_urgency 0.519822 current_native_bytes is 178714715
12-18 16:45:49.892  3317  3744 I com.miui.home: CheckGCForNative adj_start_bytes: 47072308 NativeAllocationGcWatermark: 12074259 java_gc_start_bytes: 28960920 kNewNativeDiscountFactor: 2 kOldNativeDiscountFactor: 65536 old_native_bytes: 167587855 new_native_bytes: 21648572 add_bytes_allowed: 36222777 is_gc_concurrent: 1 target_footprint_: 29485208 GetBytesAllocated: 19007314 HeapGrowthMultiplier: 3
12-18 16:45:49.892  3317  3744 I com.miui.home: CheckGCForNative gc_urgency 0.633794 current_native_bytes is 189236427
12-18 16:45:49.894  3317  3744 I com.miui.home: CheckGCForNative adj_start_bytes: 47072308 NativeAllocationGcWatermark: 12074259 java_gc_start_bytes: 28960920 kNewNativeDiscountFactor: 2 kOldNativeDiscountFactor: 65536 old_native_bytes: 167587855 new_native_bytes: 32355516 add_bytes_allowed: 36222777 is_gc_concurrent: 1 target_footprint_: 29485208 GetBytesAllocated: 19010879 HeapGrowthMultiplier: 3
12-18 16:45:49.899  3317  3744 I com.miui.home: CheckGCForNative gc_urgency 0.747599 current_native_bytes is 199943371
12-18 16:45:50.141  3317  3317 I wm_on_top_resumed_lost_called: [124850748,com.miui.home.launcher.Launcher,topStateChangedWhenResumed]
12-18 16:45:50.408  3317  3317 I wm_on_paused_called: [0,124850748,com.miui.home.launcher.Launcher,performPause,3]
12-18 16:45:50.723  3317  3745 I com.miui.home: CheckGCForNative adj_start_bytes: 47072308 NativeAllocationGcWatermark: 12074259 java_gc_start_bytes: 28960920 kNewNativeDiscountFactor: 2 kOldNativeDiscountFactor: 65536 old_native_bytes: 167587855 new_native_bytes: 22356892 add_bytes_allowed: 36222777 is_gc_concurrent: 1 target_footprint_: 29485208 GetBytesAllocated: 19942733 HeapGrowthMultiplier: 3
12-18 16:45:50.723  3317  3745 I com.miui.home: CheckGCForNative gc_urgency 0.66119 current_native_bytes is 189944747
12-18 16:45:50.735  3317  3745 I com.miui.home: CheckGCForNative adj_start_bytes: 47072308 NativeAllocationGcWatermark: 12074259 java_gc_start_bytes: 28960920 kNewNativeDiscountFactor: 2 kOldNativeDiscountFactor: 65536 old_native_bytes: 167587855 new_native_bytes: 22474908 add_bytes_allowed: 36222777 is_gc_concurrent: 1 target_footprint_: 29485208 GetBytesAllocated: 19947741 HeapGrowthMultiplier: 3
12-18 16:45:50.735  3317  3745 I com.miui.home: CheckGCForNative gc_urgency 0.66255 current_native_bytes is 190062763
12-18 16:45:51.030 11460 11460 I wm_on_create_called: [0,103091866,com.tencent.mm.ui.LauncherUI,performCreate,433]
12-18 16:45:51.035  3317  3745 I com.miui.home: CheckGCForNative adj_start_bytes: 47072308 NativeAllocationGcWatermark: 12074259 java_gc_start_bytes: 28960920 kNewNativeDiscountFactor: 2 kOldNativeDiscountFactor: 65536 old_native_bytes: 167587855 new_native_bytes: 22486144 add_bytes_allowed: 36222777 is_gc_concurrent: 1 target_footprint_: 29485208 GetBytesAllocated: 20161464 HeapGrowthMultiplier: 3
12-18 16:45:51.035  3317  3745 I com.miui.home: CheckGCForNative gc_urgency 0.66721 current_native_bytes is 190073999
12-18 16:45:51.077 11460 11460 I wm_on_start_called: [0,103091866,com.tencent.mm.ui.LauncherUI,handleStartActivity,38]
12-18 16:45:51.185 11460 11460 I wm_on_resume_called: [0,103091866,com.tencent.mm.ui.LauncherUI,RESUME_ACTIVITY,105]
12-18 16:45:51.238 11460 11460 I wm_on_top_resumed_gained_called: [103091866,com.tencent.mm.ui.LauncherUI,topStateChangedWhenResumed]
12-18 16:45:51.264 11460 11460 I wm_on_top_resumed_lost_called: [103091866,com.tencent.mm.ui.LauncherUI,topStateChangedWhenResumed]
12-18 16:45:51.284  3317  7933 I com.miui.home: CheckGCForNative adj_start_bytes: 47072308 NativeAllocationGcWatermark: 12074259 java_gc_start_bytes: 28960920 kNewNativeDiscountFactor: 2 kOldNativeDiscountFactor: 65536 old_native_bytes: 167587855 new_native_bytes: 33093104 add_bytes_allowed: 36222777 is_gc_concurrent: 1 target_footprint_: 29485208 GetBytesAllocated: 20401801 HeapGrowthMultiplier: 3
12-18 16:45:51.284  3317  7933 I com.miui.home: CheckGCForNative gc_urgency 0.784982 current_native_bytes is 200680959
12-18 16:45:51.288 11460 11460 I wm_on_paused_called: [0,103091866,com.tencent.mm.ui.LauncherUI,performPause,20]
12-18 16:45:51.328  3317  3317 I wm_on_stop_called: [0,124850748,com.miui.home.launcher.Launcher,STOP_ACTIVITY_ITEM,8]
12-18 16:45:51.479 11460 11460 I wm_on_create_called: [0,261623790,com.tencent.mm.plugin.account.ui.WelcomeActivity,performCreate,70]
12-18 16:45:51.489 11460 11460 I wm_on_start_called: [0,261623790,com.tencent.mm.plugin.account.ui.WelcomeActivity,handleStartActivity,2]
12-18 16:45:51.495 11460 11460 I wm_on_resume_called: [0,261623790,com.tencent.mm.plugin.account.ui.WelcomeActivity,RESUME_ACTIVITY,4]
12-18 16:45:51.503 11460 11460 I wm_on_top_resumed_gained_called: [261623790,com.tencent.mm.plugin.account.ui.WelcomeActivity,topStateChangedWhenResumed]
12-18 16:45:51.621 12780 12780 I wm_on_application_create_called: [0,com.taobao.taobao,2675]
12-18 16:45:51.872 11460 11460 I wm_on_stop_called: [0,103091866,com.tencent.mm.ui.LauncherUI,STOP_ACTIVITY_ITEM,8]
12-18 16:45:52.121 12780 12780 I wm_on_create_called: [0,217612315,com.taobao.tao.welcome.Welcome,performCreate,422]
12-18 16:45:52.170  3317  3317 I wm_on_restart_called: [0,124850748,com.miui.home.launcher.Launcher,,0]
12-18 16:45:52.173  3317  3317 I wm_on_start_called: [0,124850748,com.miui.home.launcher.Launcher,handleStartActivity,2]
12-18 16:45:52.188 11460 11460 I wm_on_top_resumed_lost_called: [261623790,com.tencent.mm.plugin.account.ui.WelcomeActivity,topStateChangedWhenResumed]
12-18 16:45:52.195  3317  3317 I wm_on_resume_called: [0,124850748,com.miui.home.launcher.Launcher,RESUME_ACTIVITY,20]
12-18 16:45:52.217  3317  3732 I com.miui.home: CheckGCForNative gc_urgency 0 current_native_bytes is 124821523
12-18 16:45:52.243  3317  3317 I com.miui.home: CheckGCForNative adj_start_bytes: 43265418 NativeAllocationGcWatermark: 11673533 java_gc_start_bytes: 25755119 kNewNativeDiscountFactor: 2 kOldNativeDiscountFactor: 65536 old_native_bytes: 124821523 new_native_bytes: 45908 add_bytes_allowed: 35020599 is_gc_concurrent: 1 target_footprint_: 26279407 GetBytesAllocated: 14498217 HeapGrowthMultiplier: 3
12-18 16:45:52.243  3317  3317 I com.miui.home: CheckGCForNative gc_urgency 0.335674 current_native_bytes is 124867431
12-18 16:45:52.292  3317  3317 I wm_on_top_resumed_gained_called: [124850748,com.miui.home.launcher.Launcher,topStateChangedWhenResumed]
12-18 16:45:52.294  3317  3317 I wm_on_idle_called: com.miui.home.launcher.Launcher
12-18 16:45:52.443  3317  3361 I com.miui.home: CheckGCForNative adj_start_bytes: 43265418 NativeAllocationGcWatermark: 11673533 java_gc_start_bytes: 25755119 kNewNativeDiscountFactor: 2 kOldNativeDiscountFactor: 65536 old_native_bytes: 124821523 new_native_bytes: 11043984 add_bytes_allowed: 35020599 is_gc_concurrent: 1 target_footprint_: 26279407 GetBytesAllocated: 14819599 HeapGrowthMultiplier: 3
12-18 16:45:52.443  3317  3361 I com.miui.home: CheckGCForNative gc_urgency 0.470202 current_native_bytes is 135865507
12-18 16:45:52.444  3317  3361 I com.miui.home: CheckGCForNative adj_start_bytes: 43265418 NativeAllocationGcWatermark: 11673533 java_gc_start_bytes: 25755119 kNewNativeDiscountFactor: 2 kOldNativeDiscountFactor: 65536 old_native_bytes: 124821523 new_native_bytes: 21750928 add_bytes_allowed: 35020599 is_gc_concurrent: 1 target_footprint_: 26279407 GetBytesAllocated: 14819791 HeapGrowthMultiplier: 3
12-18 16:45:52.444  3317  3361 I com.miui.home: CheckGCForNative gc_urgency 0.593942 current_native_bytes is 146572451
12-18 16:45:52.497  3317  7933 I com.miui.home: CheckGCForNative adj_start_bytes: 43265418 NativeAllocationGcWatermark: 11673533 java_gc_start_bytes: 25755119 kNewNativeDiscountFactor: 2 kOldNativeDiscountFactor: 65536 old_native_bytes: 124821523 new_native_bytes: 21773888 add_bytes_allowed: 35020599 is_gc_concurrent: 1 target_footprint_: 26279407 GetBytesAllocated: 14915008 HeapGrowthMultiplier: 3
12-18 16:45:52.497  3317  7933 I com.miui.home: CheckGCForNative gc_urgency 0.596408 current_native_bytes is 146595411
12-18 16:45:52.646  3317  3745 I com.miui.home: CheckGCForNative adj_start_bytes: 43265418 NativeAllocationGcWatermark: 11673533 java_gc_start_bytes: 25755119 kNewNativeDiscountFactor: 2 kOldNativeDiscountFactor: 65536 old_native_bytes: 124821523 new_native_bytes: 11079712 add_bytes_allowed: 35020599 is_gc_concurrent: 1 target_footprint_: 26279407 GetBytesAllocated: 14978972 HeapGrowthMultiplier: 3
12-18 16:45:52.646  3317  3745 I com.miui.home: CheckGCForNative gc_urgency 0.474299 current_native_bytes is 135901235
12-18 16:45:52.660 12780 12780 I wm_on_start_called: [0,217612315,com.taobao.tao.welcome.Welcome,handleStartActivity,538]
12-18 16:45:52.779 12780 12780 I wm_on_resume_called: [0,217612315,com.taobao.tao.welcome.Welcome,RESUME_ACTIVITY,95]
12-18 16:45:52.920  3317  3744 I com.miui.home: CheckGCForNative adj_start_bytes: 43265418 NativeAllocationGcWatermark: 11673533 java_gc_start_bytes: 25755119 kNewNativeDiscountFactor: 2 kOldNativeDiscountFactor: 65536 old_native_bytes: 124821523 new_native_bytes: 21595000 add_bytes_allowed: 35020599 is_gc_concurrent: 1 target_footprint_: 26279407 GetBytesAllocated: 15102174 HeapGrowthMultiplier: 3
12-18 16:45:52.921  3317  3744 I com.miui.home: CheckGCForNative gc_urgency 0.598667 current_native_bytes is 146416523
12-18 16:45:52.923  3317  3744 I com.miui.home: CheckGCForNative adj_start_bytes: 43265418 NativeAllocationGcWatermark: 11673533 java_gc_start_bytes: 25755119 kNewNativeDiscountFactor: 2 kOldNativeDiscountFactor: 65536 old_native_bytes: 124821523 new_native_bytes: 32302264 add_bytes_allowed: 35020599 is_gc_concurrent: 1 target_footprint_: 26279407 GetBytesAllocated: 15113165 HeapGrowthMultiplier: 3
12-18 16:45:52.923  3317  3744 I com.miui.home: CheckGCForNative gc_urgency 0.72266 current_native_bytes is 157123787
12-18 16:45:52.980 11460 11460 I wm_on_paused_called: [0,261623790,com.tencent.mm.plugin.account.ui.WelcomeActivity,performPause,21]
12-18 16:45:53.105 11460 11460 I wm_on_stop_called: [0,261623790,com.tencent.mm.plugin.account.ui.WelcomeActivity,STOP_ACTIVITY_ITEM,15]
12-18 16:45:53.120 11460 11460 I wm_on_idle_called: com.tencent.mm.ui.LauncherUI
12-18 16:45:53.120 11460 11460 I wm_on_idle_called: com.tencent.mm.plugin.account.ui.WelcomeActivity
12-18 16:45:53.133 12780 12780 I wm_on_top_resumed_gained_called: [217612315,com.taobao.tao.welcome.Welcome,topStateChangedWhenResumed]
12-18 16:45:53.165 12780 12780 I wm_on_top_resumed_lost_called: [217612315,com.taobao.tao.welcome.Welcome,topStateChangedWhenResumed]
12-18 16:45:53.192 12780 12780 I wm_on_paused_called: [0,217612315,com.taobao.tao.welcome.Welcome,performPause,6]
12-18 16:45:53.244 12780 12780 I wm_on_stop_called: [0,217612315,com.taobao.tao.welcome.Welcome,STOP_ACTIVITY_ITEM,51]
12-18 16:45:53.277  3317  7933 I com.miui.home: CheckGCForNative adj_start_bytes: 43265418 NativeAllocationGcWatermark: 11673533 java_gc_start_bytes: 25755119 kNewNativeDiscountFactor: 2 kOldNativeDiscountFactor: 65536 old_native_bytes: 124821523 new_native_bytes: 21822204 add_bytes_allowed: 35020599 is_gc_concurrent: 1 target_footprint_: 26279407 GetBytesAllocated: 15684186 HeapGrowthMultiplier: 3
12-18 16:45:53.277  3317  7933 I com.miui.home: CheckGCForNative gc_urgency 0.614745 current_native_bytes is 146643727
12-18 16:45:53.319  3317  7933 I com.miui.home: CheckGCForNative adj_start_bytes: 43265418 NativeAllocationGcWatermark: 11673533 java_gc_start_bytes: 25755119 kNewNativeDiscountFactor: 2 kOldNativeDiscountFactor: 65536 old_native_bytes: 124821523 new_native_bytes: 32672508 add_bytes_allowed: 35020599 is_gc_concurrent: 1 target_footprint_: 26279407 GetBytesAllocated: 15878382 HeapGrowthMultiplier: 3
12-18 16:45:53.319  3317  7933 I com.miui.home: CheckGCForNative gc_urgency 0.744626 current_native_bytes is 157494031
12-18 16:45:53.650  3317  3317 I com.miui.home: CheckGCForNative adj_start_bytes: 43265418 NativeAllocationGcWatermark: 11673533 java_gc_start_bytes: 25755119 kNewNativeDiscountFactor: 2 kOldNativeDiscountFactor: 65536 old_native_bytes: 124821523 new_native_bytes: 22119328 add_bytes_allowed: 35020599 is_gc_concurrent: 1 target_footprint_: 26279407 GetBytesAllocated: 15987836 HeapGrowthMultiplier: 3
12-18 16:45:53.650  3317  3317 I com.miui.home: CheckGCForNative gc_urgency 0.625197 current_native_bytes is 146940851
12-18 16:45:53.693  3317  3317 I wm_on_top_resumed_lost_called: [124850748,com.miui.home.launcher.Launcher,topStateChangedWhenResumed]
12-18 16:45:53.699  3317  3317 I wm_on_paused_called: [0,124850748,com.miui.home.launcher.Launcher,performPause,4]
12-18 16:45:53.844 12780 12780 I wm_on_idle_called: com.taobao.tao.welcome.Welcome
12-18 16:45:53.911  3317  3677 I com.miui.home: CheckGCForNative adj_start_bytes: 43265418 NativeAllocationGcWatermark: 11673533 java_gc_start_bytes: 25755119 kNewNativeDiscountFactor: 2 kOldNativeDiscountFactor: 65536 old_native_bytes: 124821523 new_native_bytes: 22497876 add_bytes_allowed: 35020599 is_gc_concurrent: 1 target_footprint_: 26279407 GetBytesAllocated: 16429803 HeapGrowthMultiplier: 3
12-18 16:45:53.911  3317  3677 I com.miui.home: CheckGCForNative gc_urgency 0.639787 current_native_bytes is 147319399
12-18 16:45:53.914  3317  3677 I com.miui.home: CheckGCForNative adj_start_bytes: 43265418 NativeAllocationGcWatermark: 11673533 java_gc_start_bytes: 25755119 kNewNativeDiscountFactor: 2 kOldNativeDiscountFactor: 65536 old_native_bytes: 124821523 new_native_bytes: 22894228 add_bytes_allowed: 35020599 is_gc_concurrent: 1 target_footprint_: 26279407 GetBytesAllocated: 16429835 HeapGrowthMultiplier: 3
12-18 16:45:53.914  3317  3677 I com.miui.home: CheckGCForNative gc_urgency 0.644368 current_native_bytes is 147715751
12-18 16:45:54.057  3317  3745 I com.miui.home: CheckGCForNative adj_start_bytes: 43265418 NativeAllocationGcWatermark: 11673533 java_gc_start_bytes: 25755119 kNewNativeDiscountFactor: 2 kOldNativeDiscountFactor: 65536 old_native_bytes: 124821523 new_native_bytes: 23445484 add_bytes_allowed: 35020599 is_gc_concurrent: 1 target_footprint_: 26279407 GetBytesAllocated: 16923673 HeapGrowthMultiplier: 3
12-18 16:45:54.057  3317  3745 I com.miui.home: CheckGCForNative gc_urgency 0.662153 current_native_bytes is 148267007
12-18 16:45:54.152  3317  7933 I com.miui.home: CheckGCForNative adj_start_bytes: 43265418 NativeAllocationGcWatermark: 11673533 java_gc_start_bytes: 25755119 kNewNativeDiscountFactor: 2 kOldNativeDiscountFactor: 65536 old_native_bytes: 124821523 new_native_bytes: 23630272 add_bytes_allowed: 35020599 is_gc_concurrent: 1 target_footprint_: 26279407 GetBytesAllocated: 17294466 HeapGrowthMultiplier: 3
12-18 16:45:54.153  3317  7933 I com.miui.home: CheckGCForNative gc_urgency 0.672859 current_native_bytes is 148451795
12-18 16:45:54.423  3317  3745 I com.miui.home: CheckGCForNative adj_start_bytes: 43265418 NativeAllocationGcWatermark: 11673533 java_gc_start_bytes: 25755119 kNewNativeDiscountFactor: 2 kOldNativeDiscountFactor: 65536 old_native_bytes: 124821523 new_native_bytes: 23861236 add_bytes_allowed: 35020599 is_gc_concurrent: 1 target_footprint_: 26279407 GetBytesAllocated: 17957894 HeapGrowthMultiplier: 3
12-18 16:45:54.424  3317  3745 I com.miui.home: CheckGCForNative gc_urgency 0.690862 current_native_bytes is 148682759
12-18 16:45:54.461 13668 13668 I wm_on_application_create_called: [0,com.sina.weibo,249]
12-18 16:45:54.620 13668 13668 I wm_on_create_called: [0,14158751,com.sina.weibo.SplashActivity,performCreate,138]
12-18 16:45:54.671 13668 13668 I wm_on_start_called: [0,14158751,com.sina.weibo.SplashActivity,handleStartActivity,50]
12-18 16:45:54.683 13668 13668 I wm_on_resume_called: [0,14158751,com.sina.weibo.SplashActivity,RESUME_ACTIVITY,9]
12-18 16:45:54.735 13668 13668 I wm_on_top_resumed_gained_called: [14158751,com.sina.weibo.SplashActivity,topStateChangedWhenResumed]
12-18 16:45:54.983  3317  3317 I wm_on_stop_called: [0,124850748,com.miui.home.launcher.Launcher,STOP_ACTIVITY_ITEM,5]
12-18 16:45:55.183 13765 13765 I wm_on_application_create_called: [0,com.sina.weibo,378]
12-18 16:45:55.272 13668 13668 I wm_on_idle_called: com.sina.weibo.SplashActivity
12-18 16:45:56.608 13668 13668 I wm_on_top_resumed_lost_called: [14158751,com.sina.weibo.SplashActivity,topStateChangedWhenResumed]
12-18 16:45:56.617  3317  3317 I wm_on_restart_called: [0,124850748,com.miui.home.launcher.Launcher,,0]
12-18 16:45:56.619  3317  3317 I wm_on_start_called: [0,124850748,com.miui.home.launcher.Launcher,handleStartActivity,2]
12-18 16:45:56.620  3317  3618 I com.miui.home: CheckGCForNative gc_urgency 0 current_native_bytes is 123650775
12-18 16:45:56.642  3317  3317 I wm_on_resume_called: [0,124850748,com.miui.home.launcher.Launcher,RESUME_ACTIVITY,21]
12-18 16:45:56.760  3317  3317 I wm_on_top_resumed_gained_called: [124850748,com.miui.home.launcher.Launcher,topStateChangedWhenResumed]
12-18 16:45:56.766  3317  3317 I wm_on_idle_called: com.miui.home.launcher.Launcher
12-18 16:45:56.811  3317 13379 I com.miui.home: CheckGCForNative adj_start_bytes: 42759591 NativeAllocationGcWatermark: 11587927 java_gc_start_bytes: 25377701 kNewNativeDiscountFactor: 2 kOldNativeDiscountFactor: 65536 old_native_bytes: 123650775 new_native_bytes: 10939588 add_bytes_allowed: 34763781 is_gc_concurrent: 1 target_footprint_: 25594557 GetBytesAllocated: 14390898 HeapGrowthMultiplier: 3
12-18 16:45:56.811  3317 13379 I com.miui.home: CheckGCForNative gc_urgency 0.464517 current_native_bytes is 134590363
12-18 16:45:56.811  3317 13379 I com.miui.home: CheckGCForNative adj_start_bytes: 42759591 NativeAllocationGcWatermark: 11587927 java_gc_start_bytes: 25377701 kNewNativeDiscountFactor: 2 kOldNativeDiscountFactor: 65536 old_native_bytes: 123650775 new_native_bytes: 21646724 add_bytes_allowed: 34763781 is_gc_concurrent: 1 target_footprint_: 25594557 GetBytesAllocated: 14400244 HeapGrowthMultiplier: 3
12-18 16:45:56.811  3317 13379 I com.miui.home: CheckGCForNative gc_urgency 0.589938 current_native_bytes is 145297499
12-18 16:45:56.912  3317  3745 I com.miui.home: CheckGCForNative adj_start_bytes: 42759591 NativeAllocationGcWatermark: 11587927 java_gc_start_bytes: 25377701 kNewNativeDiscountFactor: 2 kOldNativeDiscountFactor: 65536 old_native_bytes: 123650775 new_native_bytes: 10930084 add_bytes_allowed: 34763781 is_gc_concurrent: 1 target_footprint_: 25594557 GetBytesAllocated: 14494101 HeapGrowthMultiplier: 3
12-18 16:45:56.912  3317  3745 I com.miui.home: CheckGCForNative gc_urgency 0.46682 current_native_bytes is 134580859
12-18 16:45:57.268  3317  3745 I com.miui.home: CheckGCForNative adj_start_bytes: 42759591 NativeAllocationGcWatermark: 11587927 java_gc_start_bytes: 25377701 kNewNativeDiscountFactor: 2 kOldNativeDiscountFactor: 65536 old_native_bytes: 123650775 new_native_bytes: 10892372 add_bytes_allowed: 34763781 is_gc_concurrent: 1 target_footprint_: 25594557 GetBytesAllocated: 14618776 HeapGrowthMultiplier: 3
12-18 16:45:57.268  3317  3745 I com.miui.home: CheckGCForNative gc_urgency 0.469295 current_native_bytes is 134543147
12-18 16:45:57.278 13668 13668 I wm_on_paused_called: [0,14158751,com.sina.weibo.SplashActivity,performPause,1]
12-18 16:45:57.405 13668 13668 I wm_on_stop_called: [0,14158751,com.sina.weibo.SplashActivity,STOP_ACTIVITY_ITEM,9]
12-18 16:45:57.605  3317  3317 I wm_on_top_resumed_lost_called: [124850748,com.miui.home.launcher.Launcher,topStateChangedWhenResumed]
12-18 16:45:57.612  3317  7933 I com.miui.home: CheckGCForNative adj_start_bytes: 42759591 NativeAllocationGcWatermark: 11587927 java_gc_start_bytes: 25377701 kNewNativeDiscountFactor: 2 kOldNativeDiscountFactor: 65536 old_native_bytes: 123650775 new_native_bytes: 12004300 add_bytes_allowed: 34763781 is_gc_concurrent: 1 target_footprint_: 25594557 GetBytesAllocated: 15436167 HeapGrowthMultiplier: 3
12-18 16:45:57.612  3317  7933 I com.miui.home: CheckGCForNative gc_urgency 0.501413 current_native_bytes is 135655075
12-18 16:45:57.617  3317  3317 I wm_on_paused_called: [0,124850748,com.miui.home.launcher.Launcher,performPause,3]
