12-18 14:54:00.755  3191  3507 I com.miui.home: CheckGCForNative adj_start_bytes: 45311605 NativeAllocationGcWatermark: 11854459 java_gc_start_bytes: 27529917 kNewNativeDiscountFactor: 2 kOldNativeDiscountFactor: 65536 old_native_bytes: 143046837 new_native_bytes: 17106476 add_bytes_allowed: 35563377 is_gc_concurrent: 1 target_footprint_: 27726813 GetBytesAllocated: 19785072 HeapGrowthMultiplier: 3
12-18 14:54:00.755  3191  3507 I com.miui.home: CheckGCForNative gc_urgency 0.625458 current_native_bytes is 160153313
12-18 14:54:00.766  3191  3507 I com.miui.home: CheckGCForNative adj_start_bytes: 45311605 NativeAllocationGcWatermark: 11854459 java_gc_start_bytes: 27529917 kNewNativeDiscountFactor: 2 kOldNativeDiscountFactor: 65536 old_native_bytes: 143046837 new_native_bytes: 17127004 add_bytes_allowed: 35563377 is_gc_concurrent: 1 target_footprint_: 27726813 GetBytesAllocated: 19801456 HeapGrowthMultiplier: 3
12-18 14:54:00.766  3191  3507 I com.miui.home: CheckGCForNative gc_urgency 0.626046 current_native_bytes is 160173841
12-18 14:54:01.475 11813 11813 I wm_on_application_create_called: [0,com.taobao.taobao,301]
12-18 14:54:01.677 11771 11771 I wm_on_application_create_called: [0,com.taobao.taobao,485]
12-18 14:54:01.784 11771 11771 I wm_on_create_called: [0,93090017,com.taobao.tao.welcome.Welcome,performCreate,93]
12-18 14:54:01.844 11771 11771 I wm_on_start_called: [0,93090017,com.taobao.tao.welcome.Welcome,handleStartActivity,59]
12-18 14:54:01.869 11771 11771 I wm_on_resume_called: [0,93090017,com.taobao.tao.welcome.Welcome,RESUME_ACTIVITY,24]
12-18 14:54:01.893 11771 11771 I wm_on_top_resumed_gained_called: [93090017,com.taobao.tao.welcome.Welcome,topStateChangedWhenResumed]
12-18 14:54:02.437  3191  3217 I com.miui.home: CheckGCForNative adj_start_bytes: 45311605 NativeAllocationGcWatermark: 11854459 java_gc_start_bytes: 27529917 kNewNativeDiscountFactor: 2 kOldNativeDiscountFactor: 65536 old_native_bytes: 143046837 new_native_bytes: 27655624 add_bytes_allowed: 35563377 is_gc_concurrent: 1 target_footprint_: 27726813 GetBytesAllocated: 20801584 HeapGrowthMultiplier: 3
12-18 14:54:02.438  3191  3210 I com.miui.home: CheckGCForNative adj_start_bytes: 45311605 NativeAllocationGcWatermark: 11854459 java_gc_start_bytes: 27529917 kNewNativeDiscountFactor: 2 kOldNativeDiscountFactor: 65536 old_native_bytes: 143046837 new_native_bytes: 38361544 add_bytes_allowed: 35563377 is_gc_concurrent: 1 target_footprint_: 27726813 GetBytesAllocated: 20801584 HeapGrowthMultiplier: 3
12-18 14:54:02.438  3191  3210 I com.miui.home: CheckGCForNative gc_urgency 0.882435 current_native_bytes is 181408381
12-18 14:54:02.439  3191  3217 I com.miui.home: CheckGCForNative gc_urgency 0.764302 current_native_bytes is 170702461
12-18 14:54:02.440  3191  3191 I com.miui.home: CheckGCForNative adj_start_bytes: 45311605 NativeAllocationGcWatermark: 11854459 java_gc_start_bytes: 27529917 kNewNativeDiscountFactor: 2 kOldNativeDiscountFactor: 65536 old_native_bytes: 143046837 new_native_bytes: 49067592 add_bytes_allowed: 35563377 is_gc_concurrent: 1 target_footprint_: 27726813 GetBytesAllocated: 20801776 HeapGrowthMultiplier: 3
12-18 14:54:02.440  3191  3191 I com.miui.home: CheckGCForNative gc_urgency 1.00058 current_native_bytes is 192114429
12-18 14:54:02.440  3191  3191 I com.miui.home: CheckGCForNative requested 1
12-18 14:54:02.473  3191  3507 I com.miui.home: CheckGCForNative adj_start_bytes: 45311605 NativeAllocationGcWatermark: 11854459 java_gc_start_bytes: 27529917 kNewNativeDiscountFactor: 2 kOldNativeDiscountFactor: 65536 old_native_bytes: 143046837 new_native_bytes: 27741896 add_bytes_allowed: 35563377 is_gc_concurrent: 1 target_footprint_: 27726813 GetBytesAllocated: 20867504 HeapGrowthMultiplier: 3
12-18 14:54:02.473  3191  3507 I com.miui.home: CheckGCForNative gc_urgency 0.766705 current_native_bytes is 170788733
12-18 14:54:02.660  3191  3204 I com.miui.home: NativeAlloc concurrent copying GC freed 130535(6616KB) AllocSpace objects, 14(432KB) LOS objects, 49% free, 13MB/26MB, paused 369us,595us total 219.726ms
12-18 14:54:02.796  3191  3507 I com.miui.home: CheckGCForNative gc_urgency 0 current_native_bytes is 143349153
12-18 14:54:02.829  3191  3507 I com.miui.home: CheckGCForNative adj_start_bytes: 45139557 NativeAllocationGcWatermark: 11838043 java_gc_start_bytes: 27382493 kNewNativeDiscountFactor: 2 kOldNativeDiscountFactor: 65536 old_native_bytes: 143349153 new_native_bytes: 1472 add_bytes_allowed: 35514129 is_gc_concurrent: 1 target_footprint_: 27595485 GetBytesAllocated: 13912432 HeapGrowthMultiplier: 3
12-18 14:54:02.829  3191  3507 I com.miui.home: CheckGCForNative gc_urgency 0.308274 current_native_bytes is 143350625
12-18 14:54:02.959  3191  3191 I wm_on_resume_called: [0,69200590,com.miui.home.launcher.Launcher,RESUME_ACTIVITY,5]
12-18 14:54:02.962  3191  3191 I wm_on_idle_called: com.miui.home.launcher.Launcher
12-18 14:54:03.166  3191  3674 I com.miui.home: CheckGCForNative adj_start_bytes: 45139557 NativeAllocationGcWatermark: 11838043 java_gc_start_bytes: 27382493 kNewNativeDiscountFactor: 2 kOldNativeDiscountFactor: 65536 old_native_bytes: 143349153 new_native_bytes: 541196 add_bytes_allowed: 35514129 is_gc_concurrent: 1 target_footprint_: 27595485 GetBytesAllocated: 15626096 HeapGrowthMultiplier: 3
12-18 14:54:03.166  3191  3674 I com.miui.home: CheckGCForNative gc_urgency 0.352216 current_native_bytes is 143890349
12-18 14:54:03.274  3191  3191 I wm_on_paused_called: [0,69200590,com.miui.home.launcher.Launcher,performPause,2]
12-18 14:54:03.338  3191  3674 I com.miui.home: CheckGCForNative adj_start_bytes: 45139557 NativeAllocationGcWatermark: 11838043 java_gc_start_bytes: 27382493 kNewNativeDiscountFactor: 2 kOldNativeDiscountFactor: 65536 old_native_bytes: 143349153 new_native_bytes: 11735928 add_bytes_allowed: 35514129 is_gc_concurrent: 1 target_footprint_: 27595485 GetBytesAllocated: 15970320 HeapGrowthMultiplier: 3
12-18 14:54:03.338  3191  3674 I com.miui.home: CheckGCForNative gc_urgency 0.483843 current_native_bytes is 155085081
12-18 14:54:03.567  3191  3674 I com.miui.home: CheckGCForNative adj_start_bytes: 45139557 NativeAllocationGcWatermark: 11838043 java_gc_start_bytes: 27382493 kNewNativeDiscountFactor: 2 kOldNativeDiscountFactor: 65536 old_native_bytes: 143349153 new_native_bytes: 1232656 add_bytes_allowed: 35514129 is_gc_concurrent: 1 target_footprint_: 27595485 GetBytesAllocated: 16470912 HeapGrowthMultiplier: 3
12-18 14:54:03.567  3191  3674 I com.miui.home: CheckGCForNative gc_urgency 0.378591 current_native_bytes is 144581809
12-18 14:54:03.606  3191  3674 I com.miui.home: CheckGCForNative adj_start_bytes: 45139557 NativeAllocationGcWatermark: 11838043 java_gc_start_bytes: 27382493 kNewNativeDiscountFactor: 2 kOldNativeDiscountFactor: 65536 old_native_bytes: 143349153 new_native_bytes: 1511204 add_bytes_allowed: 35514129 is_gc_concurrent: 1 target_footprint_: 27595485 GetBytesAllocated: 16716672 HeapGrowthMultiplier: 3
12-18 14:54:03.606  3191  3674 I com.miui.home: CheckGCForNative gc_urgency 0.387121 current_native_bytes is 144860357
12-18 14:54:03.780  7557  7557 I wm_on_create_called: [0,218653438,com.tencent.mm.ui.LauncherUI,performCreate,305]
12-18 14:54:03.823  7557  7557 I wm_on_start_called: [0,218653438,com.tencent.mm.ui.LauncherUI,handleStartActivity,28]
12-18 14:54:03.899  3191  3507 I com.miui.home: CheckGCForNative adj_start_bytes: 45139557 NativeAllocationGcWatermark: 11838043 java_gc_start_bytes: 27382493 kNewNativeDiscountFactor: 2 kOldNativeDiscountFactor: 65536 old_native_bytes: 143349153 new_native_bytes: 1537804 add_bytes_allowed: 35514129 is_gc_concurrent: 1 target_footprint_: 27595485 GetBytesAllocated: 16962496 HeapGrowthMultiplier: 3
12-18 14:54:03.899  3191  3507 I com.miui.home: CheckGCForNative gc_urgency 0.392861 current_native_bytes is 144886957
12-18 14:54:03.903  7557  7557 I wm_on_resume_called: [0,218653438,com.tencent.mm.ui.LauncherUI,RESUME_ACTIVITY,79]
12-18 14:54:03.931  7557  7557 I wm_on_top_resumed_gained_called: [218653438,com.tencent.mm.ui.LauncherUI,topStateChangedWhenResumed]
12-18 14:54:03.932  3191  3507 I com.miui.home: CheckGCForNative adj_start_bytes: 45139557 NativeAllocationGcWatermark: 11838043 java_gc_start_bytes: 27382493 kNewNativeDiscountFactor: 2 kOldNativeDiscountFactor: 65536 old_native_bytes: 143349153 new_native_bytes: 1539340 add_bytes_allowed: 35514129 is_gc_concurrent: 1 target_footprint_: 27595485 GetBytesAllocated: 16962496 HeapGrowthMultiplier: 3
12-18 14:54:03.932  3191  3507 I com.miui.home: CheckGCForNative gc_urgency 0.392878 current_native_bytes is 144888493
12-18 14:54:03.950  7557  7557 I wm_on_top_resumed_lost_called: [218653438,com.tencent.mm.ui.LauncherUI,topStateChangedWhenResumed]
12-18 14:54:03.962  7557  7557 I wm_on_paused_called: [0,218653438,com.tencent.mm.ui.LauncherUI,performPause,10]
12-18 14:54:04.134  3191  3674 I com.miui.home: CheckGCForNative adj_start_bytes: 45139557 NativeAllocationGcWatermark: 11838043 java_gc_start_bytes: 27382493 kNewNativeDiscountFactor: 2 kOldNativeDiscountFactor: 65536 old_native_bytes: 143349153 new_native_bytes: 1262608 add_bytes_allowed: 35514129 is_gc_concurrent: 1 target_footprint_: 27595485 GetBytesAllocated: 17421968 HeapGrowthMultiplier: 3
12-18 14:54:04.134  3191  3674 I com.miui.home: CheckGCForNative gc_urgency 0.399992 current_native_bytes is 144611761
12-18 14:54:04.156  7557  7557 I wm_on_create_called: [0,48423416,com.tencent.mm.plugin.account.ui.WelcomeActivity,performCreate,45]
12-18 14:54:04.159  7557  7557 I wm_on_start_called: [0,48423416,com.tencent.mm.plugin.account.ui.WelcomeActivity,handleStartActivity,2]
12-18 14:54:04.164  7557  7557 I wm_on_resume_called: [0,48423416,com.tencent.mm.plugin.account.ui.WelcomeActivity,RESUME_ACTIVITY,5]
12-18 14:54:04.172  7557  7557 I wm_on_top_resumed_gained_called: [48423416,com.tencent.mm.plugin.account.ui.WelcomeActivity,topStateChangedWhenResumed]
12-18 14:54:04.212  3191  3674 I com.miui.home: CheckGCForNative adj_start_bytes: 45139557 NativeAllocationGcWatermark: 11838043 java_gc_start_bytes: 27382493 kNewNativeDiscountFactor: 2 kOldNativeDiscountFactor: 65536 old_native_bytes: 143349153 new_native_bytes: 1713380 add_bytes_allowed: 35514129 is_gc_concurrent: 1 target_footprint_: 27595485 GetBytesAllocated: 17914016 HeapGrowthMultiplier: 3
12-18 14:54:04.212  3191  3674 I com.miui.home: CheckGCForNative gc_urgency 0.415886 current_native_bytes is 145062533
12-18 14:54:04.264  3191  3674 I com.miui.home: CheckGCForNative adj_start_bytes: 45139557 NativeAllocationGcWatermark: 11838043 java_gc_start_bytes: 27382493 kNewNativeDiscountFactor: 2 kOldNativeDiscountFactor: 65536 old_native_bytes: 143349153 new_native_bytes: 2005272 add_bytes_allowed: 35514129 is_gc_concurrent: 1 target_footprint_: 27595485 GetBytesAllocated: 18373280 HeapGrowthMultiplier: 3
12-18 14:54:04.264  3191  3674 I com.miui.home: CheckGCForNative gc_urgency 0.429293 current_native_bytes is 145354425
12-18 14:54:04.316  3191  3191 I wm_on_stop_called: [0,69200590,com.miui.home.launcher.Launcher,STOP_ACTIVITY_ITEM,4]
12-18 14:54:04.323  7557  7557 I wm_on_stop_called: [0,218653438,com.tencent.mm.ui.LauncherUI,STOP_ACTIVITY_ITEM,5]
12-18 14:54:05.032  3191  3191 I wm_on_restart_called: [0,69200590,com.miui.home.launcher.Launcher,performRestartActivity,0]
12-18 14:54:05.033  3191  3191 I wm_on_start_called: [0,69200590,com.miui.home.launcher.Launcher,handleStartActivity,1]
12-18 14:54:05.116  3191 11361 I com.miui.home: CheckGCForNative adj_start_bytes: 45139557 NativeAllocationGcWatermark: 11838043 java_gc_start_bytes: 27382493 kNewNativeDiscountFactor: 2 kOldNativeDiscountFactor: 65536 old_native_bytes: 143349153 new_native_bytes: 12939044 add_bytes_allowed: 35514129 is_gc_concurrent: 1 target_footprint_: 27595485 GetBytesAllocated: 19463280 HeapGrowthMultiplier: 3
12-18 14:54:05.116  3191 11361 I com.miui.home: CheckGCForNative gc_urgency 0.574551 current_native_bytes is 156288197
12-18 14:54:05.116  3191 11361 I com.miui.home: CheckGCForNative adj_start_bytes: 45139557 NativeAllocationGcWatermark: 11838043 java_gc_start_bytes: 27382493 kNewNativeDiscountFactor: 2 kOldNativeDiscountFactor: 65536 old_native_bytes: 143349153 new_native_bytes: 23644964 add_bytes_allowed: 35514129 is_gc_concurrent: 1 target_footprint_: 27595485 GetBytesAllocated: 19463472 HeapGrowthMultiplier: 3
12-18 14:54:05.116  3191 11361 I com.miui.home: CheckGCForNative gc_urgency 0.693142 current_native_bytes is 166994117
12-18 14:54:05.158  3191 11361 I com.miui.home: CheckGCForNative adj_start_bytes: 45139557 NativeAllocationGcWatermark: 11838043 java_gc_start_bytes: 27382493 kNewNativeDiscountFactor: 2 kOldNativeDiscountFactor: 65536 old_native_bytes: 143349153 new_native_bytes: 23718472 add_bytes_allowed: 35514129 is_gc_concurrent: 1 target_footprint_: 27595485 GetBytesAllocated: 19545392 HeapGrowthMultiplier: 3
12-18 14:54:05.159  3191 11361 I com.miui.home: CheckGCForNative gc_urgency 0.696134 current_native_bytes is 167067625
12-18 14:54:05.324  3191  3507 I com.miui.home: CheckGCForNative adj_start_bytes: 45139557 NativeAllocationGcWatermark: 11838043 java_gc_start_bytes: 27382493 kNewNativeDiscountFactor: 2 kOldNativeDiscountFactor: 65536 old_native_bytes: 143349153 new_native_bytes: 13064024 add_bytes_allowed: 35514129 is_gc_concurrent: 1 target_footprint_: 27595485 GetBytesAllocated: 19693056 HeapGrowthMultiplier: 3
12-18 14:54:05.324  3191  3507 I com.miui.home: CheckGCForNative gc_urgency 0.581026 current_native_bytes is 156413177
12-18 14:54:05.502  3191  3507 I com.miui.home: CheckGCForNative adj_start_bytes: 45139557 NativeAllocationGcWatermark: 11838043 java_gc_start_bytes: 27382493 kNewNativeDiscountFactor: 2 kOldNativeDiscountFactor: 65536 old_native_bytes: 143349153 new_native_bytes: 13078936 add_bytes_allowed: 35514129 is_gc_concurrent: 1 target_footprint_: 27595485 GetBytesAllocated: 19791360 HeapGrowthMultiplier: 3
12-18 14:54:05.502  3191  3507 I com.miui.home: CheckGCForNative gc_urgency 0.583369 current_native_bytes is 156428089
12-18 14:54:05.605  7557  7557 I wm_on_top_resumed_lost_called: [48423416,com.tencent.mm.plugin.account.ui.WelcomeActivity,topStateChangedWhenResumed]
12-18 14:54:05.619  3191  3191 I wm_on_resume_called: [0,69200590,com.miui.home.launcher.Launcher,RESUME_ACTIVITY,5]
12-18 14:54:05.621  3191  3191 I wm_on_idle_called: com.miui.home.launcher.Launcher
12-18 14:54:05.636  3191  3191 I wm_on_top_resumed_gained_called: [69200590,com.miui.home.launcher.Launcher,topStateChangedWhenResumed]
12-18 14:54:05.643  7557  7557 I wm_on_paused_called: [0,48423416,com.tencent.mm.plugin.account.ui.WelcomeActivity,performPause,8]
12-18 14:54:05.679  7557  7557 I wm_on_stop_called: [0,48423416,com.tencent.mm.plugin.account.ui.WelcomeActivity,STOP_ACTIVITY_ITEM,5]
12-18 14:54:05.682  7557  7557 I wm_on_idle_called: com.tencent.mm.plugin.account.ui.WelcomeActivity
12-18 14:54:05.682  7557  7557 I wm_on_idle_called: com.tencent.mm.ui.LauncherUI
12-18 14:54:05.769  3191  3674 I com.miui.home: CheckGCForNative adj_start_bytes: 45139557 NativeAllocationGcWatermark: 11838043 java_gc_start_bytes: 27382493 kNewNativeDiscountFactor: 2 kOldNativeDiscountFactor: 65536 old_native_bytes: 143349153 new_native_bytes: 13342940 add_bytes_allowed: 35514129 is_gc_concurrent: 1 target_footprint_: 27595485 GetBytesAllocated: 21119936 HeapGrowthMultiplier: 3
12-18 14:54:05.769  3191  3674 I com.miui.home: CheckGCForNative gc_urgency 0.615726 current_native_bytes is 156692093
12-18 14:54:05.835  3191  3674 I com.miui.home: CheckGCForNative adj_start_bytes: 45139557 NativeAllocationGcWatermark: 11838043 java_gc_start_bytes: 27382493 kNewNativeDiscountFactor: 2 kOldNativeDiscountFactor: 65536 old_native_bytes: 143349153 new_native_bytes: 24335920 add_bytes_allowed: 35514129 is_gc_concurrent: 1 target_footprint_: 27595485 GetBytesAllocated: 21414848 HeapGrowthMultiplier: 3
12-18 14:54:05.835  3191  3674 I com.miui.home: CheckGCForNative gc_urgency 0.744026 current_native_bytes is 167685073
12-18 14:54:05.835  3191  3191 I wm_on_top_resumed_lost_called: [69200590,com.miui.home.launcher.Launcher,topStateChangedWhenResumed]
12-18 14:54:05.838  3191  3191 I wm_on_paused_called: [0,69200590,com.miui.home.launcher.Launcher,performPause,1]
12-18 14:54:05.841  3191  3496 I com.miui.home: CheckGCForNative adj_start_bytes: 45139557 NativeAllocationGcWatermark: 11838043 java_gc_start_bytes: 27382493 kNewNativeDiscountFactor: 2 kOldNativeDiscountFactor: 65536 old_native_bytes: 143349153 new_native_bytes: 13657944 add_bytes_allowed: 35514129 is_gc_concurrent: 1 target_footprint_: 27595485 GetBytesAllocated: 21464256 HeapGrowthMultiplier: 3
12-18 14:54:05.841  3191  3496 I com.miui.home: CheckGCForNative gc_urgency 0.626843 current_native_bytes is 157007097
12-18 14:54:05.948  3191  3674 I com.miui.home: CheckGCForNative adj_start_bytes: 45139557 NativeAllocationGcWatermark: 11838043 java_gc_start_bytes: 27382493 kNewNativeDiscountFactor: 2 kOldNativeDiscountFactor: 65536 old_native_bytes: 143349153 new_native_bytes: 14157996 add_bytes_allowed: 35514129 is_gc_concurrent: 1 target_footprint_: 27595485 GetBytesAllocated: 22193936 HeapGrowthMultiplier: 3
12-18 14:54:05.948  3191  3674 I com.miui.home: CheckGCForNative gc_urgency 0.648547 current_native_bytes is 157507149
12-18 14:54:06.079  3191  3674 I com.miui.home: CheckGCForNative adj_start_bytes: 45139557 NativeAllocationGcWatermark: 11838043 java_gc_start_bytes: 27382493 kNewNativeDiscountFactor: 2 kOldNativeDiscountFactor: 65536 old_native_bytes: 143349153 new_native_bytes: 14323364 add_bytes_allowed: 35514129 is_gc_concurrent: 1 target_footprint_: 27595485 GetBytesAllocated: 22718832 HeapGrowthMultiplier: 3
12-18 14:54:06.079  3191  3674 I com.miui.home: CheckGCForNative gc_urgency 0.662007 current_native_bytes is 157672517
12-18 14:54:06.259  3191  3507 I com.miui.home: CheckGCForNative adj_start_bytes: 45139557 NativeAllocationGcWatermark: 11838043 java_gc_start_bytes: 27382493 kNewNativeDiscountFactor: 2 kOldNativeDiscountFactor: 65536 old_native_bytes: 143349153 new_native_bytes: 14529912 add_bytes_allowed: 35514129 is_gc_concurrent: 1 target_footprint_: 27595485 GetBytesAllocated: 22997360 HeapGrowthMultiplier: 3
12-18 14:54:06.260  3191  3507 I com.miui.home: CheckGCForNative gc_urgency 0.670465 current_native_bytes is 157879065
12-18 14:54:06.382  3191  3507 I com.miui.home: CheckGCForNative adj_start_bytes: 45139557 NativeAllocationGcWatermark: 11838043 java_gc_start_bytes: 27382493 kNewNativeDiscountFactor: 2 kOldNativeDiscountFactor: 65536 old_native_bytes: 143349153 new_native_bytes: 14519992 add_bytes_allowed: 35514129 is_gc_concurrent: 1 target_footprint_: 27595485 GetBytesAllocated: 23079280 HeapGrowthMultiplier: 3
12-18 14:54:06.382  3191  3507 I com.miui.home: CheckGCForNative gc_urgency 0.67217 current_native_bytes is 157869145
12-18 14:54:06.733 12448 12448 I wm_on_application_create_called: [0,com.sina.weibo,358]
12-18 14:54:06.845 12448 12448 I wm_on_create_called: [0,137232010,com.sina.weibo.SplashActivity,performCreate,97]
12-18 14:54:06.849 12448 12448 I wm_on_start_called: [0,137232010,com.sina.weibo.SplashActivity,handleStartActivity,4]
12-18 14:54:06.853 12448 12448 I wm_on_resume_called: [0,137232010,com.sina.weibo.SplashActivity,RESUME_ACTIVITY,3]
12-18 14:54:06.875 12448 12448 I wm_on_top_resumed_gained_called: [137232010,com.sina.weibo.SplashActivity,topStateChangedWhenResumed]
12-18 14:54:07.232  3191  3191 I wm_on_stop_called: [0,69200590,com.miui.home.launcher.Launcher,STOP_ACTIVITY_ITEM,3]
12-18 14:54:07.492 12448 12448 I wm_on_idle_called: com.sina.weibo.SplashActivity
12-18 14:54:07.752 12582 12582 I wm_on_application_create_called: [0,com.sina.weibo,596]
12-18 14:54:08.600  3191  3191 I wm_on_restart_called: [0,69200590,com.miui.home.launcher.Launcher,performRestartActivity,0]
12-18 14:54:08.602  3191  3191 I wm_on_start_called: [0,69200590,com.miui.home.launcher.Launcher,handleStartActivity,1]
12-18 14:54:08.726  3191  3210 I com.miui.home: CheckGCForNative adj_start_bytes: 45139557 NativeAllocationGcWatermark: 11838043 java_gc_start_bytes: 27382493 kNewNativeDiscountFactor: 2 kOldNativeDiscountFactor: 65536 old_native_bytes: 143349153 new_native_bytes: 25225372 add_bytes_allowed: 35514129 is_gc_concurrent: 1 target_footprint_: 27595485 GetBytesAllocated: 24235504 HeapGrowthMultiplier: 3
12-18 14:54:08.726  3191  3210 I com.miui.home: CheckGCForNative gc_urgency 0.816365 current_native_bytes is 168574525
12-18 14:54:08.727  3191  3210 I com.miui.home: CheckGCForNative adj_start_bytes: 45139557 NativeAllocationGcWatermark: 11838043 java_gc_start_bytes: 27382493 kNewNativeDiscountFactor: 2 kOldNativeDiscountFactor: 65536 old_native_bytes: 143349153 new_native_bytes: 35931932 add_bytes_allowed: 35514129 is_gc_concurrent: 1 target_footprint_: 27595485 GetBytesAllocated: 24252080 HeapGrowthMultiplier: 3
12-18 14:54:08.727  3191  3210 I com.miui.home: CheckGCForNative gc_urgency 0.935327 current_native_bytes is 179281085
12-18 14:54:08.821  3191  3507 I com.miui.home: CheckGCForNative adj_start_bytes: 45139557 NativeAllocationGcWatermark: 11838043 java_gc_start_bytes: 27382493 kNewNativeDiscountFactor: 2 kOldNativeDiscountFactor: 65536 old_native_bytes: 143349153 new_native_bytes: 25281820 add_bytes_allowed: 35514129 is_gc_concurrent: 1 target_footprint_: 27595485 GetBytesAllocated: 24350384 HeapGrowthMultiplier: 3
12-18 14:54:08.822  3191  3507 I com.miui.home: CheckGCForNative gc_urgency 0.819536 current_native_bytes is 168630973
12-18 14:54:08.824 12448 12448 I wm_on_top_resumed_lost_called: [137232010,com.sina.weibo.SplashActivity,topStateChangedWhenResumed]
12-18 14:54:08.848 12448 12448 I wm_on_paused_called: [0,137232010,com.sina.weibo.SplashActivity,performPause,4]
12-18 14:54:08.849  3191  3710 I com.miui.home: CheckGCForNative adj_start_bytes: 45139557 NativeAllocationGcWatermark: 11838043 java_gc_start_bytes: 27382493 kNewNativeDiscountFactor: 2 kOldNativeDiscountFactor: 65536 old_native_bytes: 143349153 new_native_bytes: 35991900 add_bytes_allowed: 35514129 is_gc_concurrent: 1 target_footprint_: 27595485 GetBytesAllocated: 24366768 HeapGrowthMultiplier: 3
12-18 14:54:08.872  3191  3710 I com.miui.home: CheckGCForNative gc_urgency 0.938532 current_native_bytes is 179341053
12-18 14:54:09.072  3191  3674 I com.miui.home: CheckGCForNative adj_start_bytes: 45139557 NativeAllocationGcWatermark: 11838043 java_gc_start_bytes: 27382493 kNewNativeDiscountFactor: 2 kOldNativeDiscountFactor: 65536 old_native_bytes: 143349153 new_native_bytes: 25470800 add_bytes_allowed: 35514129 is_gc_concurrent: 1 target_footprint_: 27595485 GetBytesAllocated: 24859216 HeapGrowthMultiplier: 3
12-18 14:54:09.072  3191  3674 I com.miui.home: CheckGCForNative gc_urgency 0.832901 current_native_bytes is 168819953
12-18 14:54:09.165  3191  3674 I com.miui.home: CheckGCForNative adj_start_bytes: 45139557 NativeAllocationGcWatermark: 11838043 java_gc_start_bytes: 27382493 kNewNativeDiscountFactor: 2 kOldNativeDiscountFactor: 65536 old_native_bytes: 143349153 new_native_bytes: 36511540 add_bytes_allowed: 35514129 is_gc_concurrent: 1 target_footprint_: 27595485 GetBytesAllocated: 25137744 HeapGrowthMultiplier: 3
12-18 14:54:09.165  3191  3674 I com.miui.home: CheckGCForNative gc_urgency 0.961367 current_native_bytes is 179860693
12-18 14:54:09.167  3191  3507 I com.miui.home: CheckGCForNative adj_start_bytes: 45139557 NativeAllocationGcWatermark: 11838043 java_gc_start_bytes: 27382493 kNewNativeDiscountFactor: 2 kOldNativeDiscountFactor: 65536 old_native_bytes: 143349153 new_native_bytes: 25805620 add_bytes_allowed: 35514129 is_gc_concurrent: 1 target_footprint_: 27595485 GetBytesAllocated: 25137936 HeapGrowthMultiplier: 3
12-18 14:54:09.167  3191  3507 I com.miui.home: CheckGCForNative gc_urgency 0.842785 current_native_bytes is 169154773
12-18 14:54:09.178  3191  3507 I com.miui.home: CheckGCForNative adj_start_bytes: 45139557 NativeAllocationGcWatermark: 11838043 java_gc_start_bytes: 27382493 kNewNativeDiscountFactor: 2 kOldNativeDiscountFactor: 65536 old_native_bytes: 143349153 new_native_bytes: 25808244 add_bytes_allowed: 35514129 is_gc_concurrent: 1 target_footprint_: 27595485 GetBytesAllocated: 25187248 HeapGrowthMultiplier: 3
12-18 14:54:09.178  3191  3507 I com.miui.home: CheckGCForNative gc_urgency 0.843906 current_native_bytes is 169157397
12-18 14:54:09.233  3191  3191 I wm_on_resume_called: [0,69200590,com.miui.home.launcher.Launcher,RESUME_ACTIVITY,4]
12-18 14:54:09.261  3191  3674 I com.miui.home: CheckGCForNative adj_start_bytes: 45139557 NativeAllocationGcWatermark: 11838043 java_gc_start_bytes: 27382493 kNewNativeDiscountFactor: 2 kOldNativeDiscountFactor: 65536 old_native_bytes: 143349153 new_native_bytes: 25949640 add_bytes_allowed: 35514129 is_gc_concurrent: 1 target_footprint_: 27595485 GetBytesAllocated: 25614352 HeapGrowthMultiplier: 3
12-18 14:54:09.261  3191  3674 I com.miui.home: CheckGCForNative gc_urgency 0.854934 current_native_bytes is 169298793
12-18 14:54:09.336  3191  3191 I wm_on_idle_called: com.miui.home.launcher.Launcher
12-18 14:54:09.338  9527  9527 I wm_on_create_called: [0,225045312,com.android.packageinstaller.permission.ui.GrantPermissionsActivity,performCreate,373]
12-18 14:54:09.339  9527  9527 I wm_on_start_called: [0,225045312,com.android.packageinstaller.permission.ui.GrantPermissionsActivity,handleStartActivity,0]
12-18 14:54:09.342  9527  9527 I wm_on_resume_called: [0,225045312,com.android.packageinstaller.permission.ui.GrantPermissionsActivity,RESUME_ACTIVITY,3]
12-18 14:54:09.387  9527  9527 I wm_on_top_resumed_gained_called: [225045312,com.android.packageinstaller.permission.ui.GrantPermissionsActivity,topStateChangedWhenResumed]
12-18 14:54:09.387  9527  9527 I wm_on_top_resumed_lost_called: [225045312,com.android.packageinstaller.permission.ui.GrantPermissionsActivity,topStateChangedWhenResumed]
12-18 14:54:09.394  3191  3191 I wm_on_top_resumed_gained_called: [69200590,com.miui.home.launcher.Launcher,topStateChangedWhenResumed]
12-18 14:54:09.395  9527  9527 I wm_on_paused_called: [0,225045312,com.android.packageinstaller.permission.ui.GrantPermissionsActivity,performPause,0]
12-18 14:54:09.575  3191  3674 I com.miui.home: CheckGCForNative adj_start_bytes: 45139557 NativeAllocationGcWatermark: 11838043 java_gc_start_bytes: 27382493 kNewNativeDiscountFactor: 2 kOldNativeDiscountFactor: 65536 old_native_bytes: 143349153 new_native_bytes: 26268216 add_bytes_allowed: 35514129 is_gc_concurrent: 1 target_footprint_: 27595485 GetBytesAllocated: 27138896 HeapGrowthMultiplier: 3
12-18 14:54:09.575  3191  3674 I com.miui.home: CheckGCForNative gc_urgency 0.892237 current_native_bytes is 169617369
12-18 14:54:09.612  3191  3191 I wm_on_top_resumed_lost_called: [69200590,com.miui.home.launcher.Launcher,topStateChangedWhenResumed]
12-18 14:54:09.622  3191  3674 I com.miui.home: CheckGCForNative adj_start_bytes: 45139557 NativeAllocationGcWatermark: 11838043 java_gc_start_bytes: 27382493 kNewNativeDiscountFactor: 2 kOldNativeDiscountFactor: 65536 old_native_bytes: 143349153 new_native_bytes: 37254992 add_bytes_allowed: 35514129 is_gc_concurrent: 1 target_footprint_: 27595485 GetBytesAllocated: 27302800 HeapGrowthMultiplier: 3
12-18 14:54:09.622  3191  3674 I com.miui.home: CheckGCForNative gc_urgency 1.01757 current_native_bytes is 180604145
12-18 14:54:09.622  3191  3674 I com.miui.home: CheckGCForNative requested 1
12-18 14:54:09.658  3191  3191 I wm_on_paused_called: [0,69200590,com.miui.home.launcher.Launcher,performPause,1]
12-18 14:54:09.698  9527  9527 I wm_on_stop_called: [0,225045312,com.android.packageinstaller.permission.ui.GrantPermissionsActivity,STOP_ACTIVITY_ITEM,33]
12-18 14:54:09.759  9527  9527 I wm_on_destroy_called: [0,225045312,com.android.packageinstaller.permission.ui.GrantPermissionsActivity,performDestroy,1]
12-18 14:54:09.861  3191  3204 I com.miui.home: NativeAlloc concurrent copying GC freed 264688(12MB) AllocSpace objects, 22(840KB) LOS objects, 49% free, 13MB/27MB, paused 150us,32us total 238.044ms
12-18 14:54:09.897  3191  3674 I com.miui.home: CheckGCForNative gc_urgency 0 current_native_bytes is 131205649
12-18 14:54:09.902  3191  3507 I com.miui.home: CheckGCForNative adj_start_bytes: 45994236 NativeAllocationGcWatermark: 11960777 java_gc_start_bytes: 28053071 kNewNativeDiscountFactor: 2 kOldNativeDiscountFactor: 65536 old_native_bytes: 131205649 new_native_bytes: 1420096 add_bytes_allowed: 35882331 is_gc_concurrent: 1 target_footprint_: 28577359 GetBytesAllocated: 14452760 HeapGrowthMultiplier: 3
12-18 14:54:09.902  3191  3507 I com.miui.home: CheckGCForNative gc_urgency 0.329711 current_native_bytes is 132625745
12-18 14:54:09.910  3191  3674 I com.miui.home: CheckGCForNative adj_start_bytes: 45994236 NativeAllocationGcWatermark: 11960777 java_gc_start_bytes: 28053071 kNewNativeDiscountFactor: 2 kOldNativeDiscountFactor: 65536 old_native_bytes: 131205649 new_native_bytes: 684608 add_bytes_allowed: 35882331 is_gc_concurrent: 1 target_footprint_: 28577359 GetBytesAllocated: 14469144 HeapGrowthMultiplier: 3
12-18 14:54:09.911  3191  3674 I com.miui.home: CheckGCForNative gc_urgency 0.322072 current_native_bytes is 131890257
12-18 14:54:09.965  3191  3674 I com.miui.home: CheckGCForNative adj_start_bytes: 45994236 NativeAllocationGcWatermark: 11960777 java_gc_start_bytes: 28053071 kNewNativeDiscountFactor: 2 kOldNativeDiscountFactor: 65536 old_native_bytes: 131205649 new_native_bytes: 1147224 add_bytes_allowed: 35882331 is_gc_concurrent: 1 target_footprint_: 28577359 GetBytesAllocated: 14534856 HeapGrowthMultiplier: 3
12-18 14:54:09.967  3191  3674 I com.miui.home: CheckGCForNative gc_urgency 0.32853 current_native_bytes is 132352873
12-18 14:54:10.033 12448 12448 I wm_on_create_called: [0,40209206,com.sina.weibo.VisitorMainTabActivity,performCreate,1100]
12-18 14:54:10.038  3191  3674 I com.miui.home: CheckGCForNative adj_start_bytes: 45994236 NativeAllocationGcWatermark: 11960777 java_gc_start_bytes: 28053071 kNewNativeDiscountFactor: 2 kOldNativeDiscountFactor: 65536 old_native_bytes: 131205649 new_native_bytes: 1549976 add_bytes_allowed: 35882331 is_gc_concurrent: 1 target_footprint_: 28577359 GetBytesAllocated: 14616808 HeapGrowthMultiplier: 3
12-18 14:54:10.038  3191  3674 I com.miui.home: CheckGCForNative gc_urgency 0.33469 current_native_bytes is 132755625
12-18 14:54:10.041 12448 12448 I wm_on_start_called: [0,40209206,com.sina.weibo.VisitorMainTabActivity,handleStartActivity,3]
12-18 14:54:10.089  3191  3674 I com.miui.home: CheckGCForNative adj_start_bytes: 45994236 NativeAllocationGcWatermark: 11960777 java_gc_start_bytes: 28053071 kNewNativeDiscountFactor: 2 kOldNativeDiscountFactor: 65536 old_native_bytes: 131205649 new_native_bytes: 2110616 add_bytes_allowed: 35882331 is_gc_concurrent: 1 target_footprint_: 28577359 GetBytesAllocated: 14715352 HeapGrowthMultiplier: 3
12-18 14:54:10.090  3191  3674 I com.miui.home: CheckGCForNative gc_urgency 0.342927 current_native_bytes is 133316265
12-18 14:54:10.109  3191  3674 I com.miui.home: CheckGCForNative adj_start_bytes: 45994236 NativeAllocationGcWatermark: 11960777 java_gc_start_bytes: 28053071 kNewNativeDiscountFactor: 2 kOldNativeDiscountFactor: 65536 old_native_bytes: 131205649 new_native_bytes: 2633272 add_bytes_allowed: 35882331 is_gc_concurrent: 1 target_footprint_: 28577359 GetBytesAllocated: 14748360 HeapGrowthMultiplier: 3
12-18 14:54:10.109  3191  3674 I com.miui.home: CheckGCForNative gc_urgency 0.349326 current_native_bytes is 133838921
12-18 14:54:10.115  3191  3674 I com.miui.home: CheckGCForNative adj_start_bytes: 45994236 NativeAllocationGcWatermark: 11960777 java_gc_start_bytes: 28053071 kNewNativeDiscountFactor: 2 kOldNativeDiscountFactor: 65536 old_native_bytes: 131205649 new_native_bytes: 3030104 add_bytes_allowed: 35882331 is_gc_concurrent: 1 target_footprint_: 28577359 GetBytesAllocated: 14764744 HeapGrowthMultiplier: 3
12-18 14:54:10.115  3191  3674 I com.miui.home: CheckGCForNative gc_urgency 0.353996 current_native_bytes is 134235753
12-18 14:54:10.115  3191  3674 I com.miui.home: CheckGCForNative adj_start_bytes: 45994236 NativeAllocationGcWatermark: 11960777 java_gc_start_bytes: 28053071 kNewNativeDiscountFactor: 2 kOldNativeDiscountFactor: 65536 old_native_bytes: 131205649 new_native_bytes: 3034584 add_bytes_allowed: 35882331 is_gc_concurrent: 1 target_footprint_: 28577359 GetBytesAllocated: 14764744 HeapGrowthMultiplier: 3
12-18 14:54:10.115  3191  3674 I com.miui.home: CheckGCForNative gc_urgency 0.354045 current_native_bytes is 134240233
12-18 14:54:10.244  3191  3674 I com.miui.home: CheckGCForNative adj_start_bytes: 45994236 NativeAllocationGcWatermark: 11960777 java_gc_start_bytes: 28053071 kNewNativeDiscountFactor: 2 kOldNativeDiscountFactor: 65536 old_native_bytes: 131205649 new_native_bytes: 4082892 add_bytes_allowed: 35882331 is_gc_concurrent: 1 target_footprint_: 28577359 GetBytesAllocated: 15256920 HeapGrowthMultiplier: 3
12-18 14:54:10.244  3191  3674 I com.miui.home: CheckGCForNative gc_urgency 0.376142 current_native_bytes is 135288541
12-18 14:54:10.325  3191  3507 I com.miui.home: CheckGCForNative adj_start_bytes: 45994236 NativeAllocationGcWatermark: 11960777 java_gc_start_bytes: 28053071 kNewNativeDiscountFactor: 2 kOldNativeDiscountFactor: 65536 old_native_bytes: 131205649 new_native_bytes: 4370816 add_bytes_allowed: 35882331 is_gc_concurrent: 1 target_footprint_: 28577359 GetBytesAllocated: 15535448 HeapGrowthMultiplier: 3
12-18 14:54:10.325  3191  3507 I com.miui.home: CheckGCForNative gc_urgency 0.385328 current_native_bytes is 135576465
12-18 14:54:10.347  3191  3507 I com.miui.home: CheckGCForNative adj_start_bytes: 45994236 NativeAllocationGcWatermark: 11960777 java_gc_start_bytes: 28053071 kNewNativeDiscountFactor: 2 kOldNativeDiscountFactor: 65536 old_native_bytes: 131205649 new_native_bytes: 4371584 add_bytes_allowed: 35882331 is_gc_concurrent: 1 target_footprint_: 28577359 GetBytesAllocated: 15535448 HeapGrowthMultiplier: 3
12-18 14:54:10.347  3191  3507 I com.miui.home: CheckGCForNative gc_urgency 0.385336 current_native_bytes is 135577233
12-18 14:54:10.611  3191  3191 I wm_on_stop_called: [0,69200590,com.miui.home.launcher.Launcher,STOP_ACTIVITY_ITEM,3]
12-18 14:54:10.616 12970 12970 I wm_on_application_create_called: [0,com.UCMobile,309]
12-18 14:54:10.960 13001 13001 I wm_on_application_create_called: [0,com.sina.weibo,595]
12-18 14:54:10.971 12448 12448 I wm_on_create_called: [0,0,com.sina.weibo.feed.visitor.VisitorHomeActivity,performCreate,457]
12-18 14:54:11.002 12448 12448 I wm_on_start_called: [0,0,com.sina.weibo.feed.visitor.VisitorHomeActivity,handleStartActivity,14]
12-18 14:54:11.117 12448 12448 I wm_on_resume_called: [0,0,com.sina.weibo.feed.visitor.VisitorHomeActivity,moveToState-INITIALIZING,104]
12-18 14:54:11.215 12448 12448 I wm_on_resume_called: [0,40209206,com.sina.weibo.VisitorMainTabActivity,LIFECYCLER_RESUME_ACTIVITY,1173]
12-18 14:54:11.270 12448 12448 I wm_on_paused_called: [0,0,com.sina.weibo.feed.visitor.VisitorHomeActivity,performPause,14]
12-18 14:54:11.284 12448 12448 I wm_on_paused_called: [0,40209206,com.sina.weibo.VisitorMainTabActivity,performPause,40]
12-18 14:54:11.339 12448 12448 I wm_on_stop_called: [0,0,com.sina.weibo.feed.visitor.VisitorHomeActivity,moveToState-STARTED,18]
12-18 14:54:11.339 12448 12448 I wm_on_stop_called: [0,40209206,com.sina.weibo.VisitorMainTabActivity,STOP_ACTIVITY_ITEM,34]
12-18 14:54:11.374 12448 12448 I wm_on_stop_called: [0,137232010,com.sina.weibo.SplashActivity,LIFECYCLER_STOP_ACTIVITY,26]
12-18 14:54:11.420 12448 12448 I wm_on_destroy_called: [0,137232010,com.sina.weibo.SplashActivity,performDestroy,46]
12-18 14:54:11.587  3191  3191 I wm_on_restart_called: [0,69200590,com.miui.home.launcher.Launcher,performRestartActivity,0]
12-18 14:54:11.589  3191  3191 I wm_on_start_called: [0,69200590,com.miui.home.launcher.Launcher,handleStartActivity,1]
12-18 14:54:11.710  3191  3217 I com.miui.home: CheckGCForNative adj_start_bytes: 45994236 NativeAllocationGcWatermark: 11960777 java_gc_start_bytes: 28053071 kNewNativeDiscountFactor: 2 kOldNativeDiscountFactor: 65536 old_native_bytes: 131205649 new_native_bytes: 14879848 add_bytes_allowed: 35882331 is_gc_concurrent: 1 target_footprint_: 28577359 GetBytesAllocated: 16576584 HeapGrowthMultiplier: 3
12-18 14:54:11.711  3191  3217 I com.miui.home: CheckGCForNative gc_urgency 0.522207 current_native_bytes is 146085497
12-18 14:54:11.711  3191  3217 I com.miui.home: CheckGCForNative adj_start_bytes: 45994236 NativeAllocationGcWatermark: 11960777 java_gc_start_bytes: 28053071 kNewNativeDiscountFactor: 2 kOldNativeDiscountFactor: 65536 old_native_bytes: 131205649 new_native_bytes: 25585768 add_bytes_allowed: 35882331 is_gc_concurrent: 1 target_footprint_: 28577359 GetBytesAllocated: 16593160 HeapGrowthMultiplier: 3
12-18 14:54:11.711  3191  3217 I com.miui.home: CheckGCForNative gc_urgency 0.638951 current_native_bytes is 156791417
12-18 14:54:11.729  3191  3217 I com.miui.home: CheckGCForNative adj_start_bytes: 45994236 NativeAllocationGcWatermark: 11960777 java_gc_start_bytes: 28053071 kNewNativeDiscountFactor: 2 kOldNativeDiscountFactor: 65536 old_native_bytes: 131205649 new_native_bytes: 25603752 add_bytes_allowed: 35882331 is_gc_concurrent: 1 target_footprint_: 28577359 GetBytesAllocated: 16642312 HeapGrowthMultiplier: 3
12-18 14:54:11.730  3191  3217 I com.miui.home: CheckGCForNative gc_urgency 0.640215 current_native_bytes is 156809401
12-18 14:54:11.982  3191  3507 I com.miui.home: CheckGCForNative adj_start_bytes: 45994236 NativeAllocationGcWatermark: 11960777 java_gc_start_bytes: 28053071 kNewNativeDiscountFactor: 2 kOldNativeDiscountFactor: 65536 old_native_bytes: 131205649 new_native_bytes: 15059288 add_bytes_allowed: 35882331 is_gc_concurrent: 1 target_footprint_: 28577359 GetBytesAllocated: 16806344 HeapGrowthMultiplier: 3
12-18 14:54:11.982  3191  3507 I com.miui.home: CheckGCForNative gc_urgency 0.529153 current_native_bytes is 146264937
12-18 14:54:12.207 12970 12970 I wm_on_create_called: [0,11147401,com.UCMobile.main.UCMobile,performCreate,1566]
12-18 14:54:12.471  3191  3191 I wm_on_resume_called: [0,69200590,com.miui.home.launcher.Launcher,RESUME_ACTIVITY,7]
12-18 14:54:12.472  3191  3191 I wm_on_top_resumed_gained_called: [69200590,com.miui.home.launcher.Launcher,topWhenResuming]
12-18 14:54:12.474  3191  3191 I wm_on_idle_called: com.miui.home.launcher.Launcher
12-18 14:54:12.536  3191  3674 I com.miui.home: CheckGCForNative adj_start_bytes: 45994236 NativeAllocationGcWatermark: 11960777 java_gc_start_bytes: 28053071 kNewNativeDiscountFactor: 2 kOldNativeDiscountFactor: 65536 old_native_bytes: 131205649 new_native_bytes: 15171448 add_bytes_allowed: 35882331 is_gc_concurrent: 1 target_footprint_: 28577359 GetBytesAllocated: 17840008 HeapGrowthMultiplier: 3
12-18 14:54:12.537  3191  3674 I com.miui.home: CheckGCForNative gc_urgency 0.552846 current_native_bytes is 146377097
12-18 14:54:12.619  3191  3674 I com.miui.home: CheckGCForNative adj_start_bytes: 45994236 NativeAllocationGcWatermark: 11960777 java_gc_start_bytes: 28053071 kNewNativeDiscountFactor: 2 kOldNativeDiscountFactor: 65536 old_native_bytes: 131205649 new_native_bytes: 26203372 add_bytes_allowed: 35882331 is_gc_concurrent: 1 target_footprint_: 28577359 GetBytesAllocated: 18347912 HeapGrowthMultiplier: 3
12-18 14:54:12.619  3191  3674 I com.miui.home: CheckGCForNative gc_urgency 0.683816 current_native_bytes is 157409021
12-18 14:54:12.656  3191  3674 I com.miui.home: CheckGCForNative adj_start_bytes: 45994236 NativeAllocationGcWatermark: 11960777 java_gc_start_bytes: 28053071 kNewNativeDiscountFactor: 2 kOldNativeDiscountFactor: 65536 old_native_bytes: 131205649 new_native_bytes: 15586796 add_bytes_allowed: 35882331 is_gc_concurrent: 1 target_footprint_: 28577359 GetBytesAllocated: 18578072 HeapGrowthMultiplier: 3
12-18 14:54:12.656  3191  3674 I com.miui.home: CheckGCForNative gc_urgency 0.573408 current_native_bytes is 146792445
12-18 14:54:12.727  3191  3674 I com.miui.home: CheckGCForNative adj_start_bytes: 45994236 NativeAllocationGcWatermark: 11960777 java_gc_start_bytes: 28053071 kNewNativeDiscountFactor: 2 kOldNativeDiscountFactor: 65536 old_native_bytes: 131205649 new_native_bytes: 15709760 add_bytes_allowed: 35882331 is_gc_concurrent: 1 target_footprint_: 28577359 GetBytesAllocated: 18807448 HeapGrowthMultiplier: 3
12-18 14:54:12.727  3191  3674 I com.miui.home: CheckGCForNative gc_urgency 0.579732 current_native_bytes is 146915409
12-18 14:54:12.812  3191  3191 I wm_on_top_resumed_lost_called: [69200590,com.miui.home.launcher.Launcher,topStateChangedWhenResumed]
12-18 14:54:12.829  3191  3191 I wm_on_paused_called: [0,69200590,com.miui.home.launcher.Launcher,performPause,1]
12-18 14:54:12.966  3191  3674 I com.miui.home: CheckGCForNative adj_start_bytes: 45994236 NativeAllocationGcWatermark: 11960777 java_gc_start_bytes: 28053071 kNewNativeDiscountFactor: 2 kOldNativeDiscountFactor: 65536 old_native_bytes: 131205649 new_native_bytes: 15887452 add_bytes_allowed: 35882331 is_gc_concurrent: 1 target_footprint_: 28577359 GetBytesAllocated: 19561784 HeapGrowthMultiplier: 3
12-18 14:54:12.966  3191  3674 I com.miui.home: CheckGCForNative gc_urgency 0.598064 current_native_bytes is 147093101
12-18 14:54:13.005 12970 12970 I wm_on_destroy_called: [0,11147401,com.UCMobile.main.UCMobile,performDestroy,31]
12-18 14:54:13.099  3191  3674 I com.miui.home: CheckGCForNative adj_start_bytes: 45994236 NativeAllocationGcWatermark: 11960777 java_gc_start_bytes: 28053071 kNewNativeDiscountFactor: 2 kOldNativeDiscountFactor: 65536 old_native_bytes: 131205649 new_native_bytes: 16204452 add_bytes_allowed: 35882331 is_gc_concurrent: 1 target_footprint_: 28577359 GetBytesAllocated: 19914136 HeapGrowthMultiplier: 3
12-18 14:54:13.099  3191  3674 I com.miui.home: CheckGCForNative gc_urgency 0.609171 current_native_bytes is 147410101
12-18 14:54:13.197 12448 12448 I wm_on_idle_called: com.sina.weibo.VisitorMainTabActivity
12-18 14:54:13.230  3191  3674 I com.miui.home: CheckGCForNative adj_start_bytes: 45994236 NativeAllocationGcWatermark: 11960777 java_gc_start_bytes: 28053071 kNewNativeDiscountFactor: 2 kOldNativeDiscountFactor: 65536 old_native_bytes: 131205649 new_native_bytes: 16475816 add_bytes_allowed: 35882331 is_gc_concurrent: 1 target_footprint_: 28577359 GetBytesAllocated: 20406296 HeapGrowthMultiplier: 3
12-18 14:54:13.230  3191  3674 I com.miui.home: CheckGCForNative gc_urgency 0.622822 current_native_bytes is 147681465
12-18 14:54:13.363  3191  3507 I com.miui.home: CheckGCForNative adj_start_bytes: 45994236 NativeAllocationGcWatermark: 11960777 java_gc_start_bytes: 28053071 kNewNativeDiscountFactor: 2 kOldNativeDiscountFactor: 65536 old_native_bytes: 131205649 new_native_bytes: 16611908 add_bytes_allowed: 35882331 is_gc_concurrent: 1 target_footprint_: 28577359 GetBytesAllocated: 20684824 HeapGrowthMultiplier: 3
12-18 14:54:13.363  3191  3507 I com.miui.home: CheckGCForNative gc_urgency 0.630357 current_native_bytes is 147817557
12-18 14:54:13.862 13374 13374 I wm_on_create_called: [0,160470746,com.tencent.mtt.SplashActivity,performCreate,80]
12-18 14:54:13.916 13374 13374 I wm_on_create_called: [0,214543363,com.tencent.mtt.MainActivity,performCreate,9]
12-18 14:54:13.920 13374 13374 I wm_on_start_called: [0,214543363,com.tencent.mtt.MainActivity,handleStartActivity,3]
12-18 14:54:14.035  3191  3674 I com.miui.home: CheckGCForNative adj_start_bytes: 45994236 NativeAllocationGcWatermark: 11960777 java_gc_start_bytes: 28053071 kNewNativeDiscountFactor: 2 kOldNativeDiscountFactor: 65536 old_native_bytes: 131205649 new_native_bytes: 16472372 add_bytes_allowed: 35882331 is_gc_concurrent: 1 target_footprint_: 28577359 GetBytesAllocated: 21111640 HeapGrowthMultiplier: 3
12-18 14:54:14.035  3191  3674 I com.miui.home: CheckGCForNative gc_urgency 0.63812 current_native_bytes is 147678021
12-18 14:54:14.137  3191  3674 I com.miui.home: CheckGCForNative adj_start_bytes: 45994236 NativeAllocationGcWatermark: 11960777 java_gc_start_bytes: 28053071 kNewNativeDiscountFactor: 2 kOldNativeDiscountFactor: 65536 old_native_bytes: 131205649 new_native_bytes: 16925864 add_bytes_allowed: 35882331 is_gc_concurrent: 1 target_footprint_: 28577359 GetBytesAllocated: 21587384 HeapGrowthMultiplier: 3
12-18 14:54:14.137  3191  3674 I com.miui.home: CheckGCForNative gc_urgency 0.653393 current_native_bytes is 148131513
12-18 14:54:14.153  3191  3674 I com.miui.home: CheckGCForNative adj_start_bytes: 45994236 NativeAllocationGcWatermark: 11960777 java_gc_start_bytes: 28053071 kNewNativeDiscountFactor: 2 kOldNativeDiscountFactor: 65536 old_native_bytes: 131205649 new_native_bytes: 17074592 add_bytes_allowed: 35882331 is_gc_concurrent: 1 target_footprint_: 28577359 GetBytesAllocated: 21652920 HeapGrowthMultiplier: 3
12-18 14:54:14.153  3191  3674 I com.miui.home: CheckGCForNative gc_urgency 0.656435 current_native_bytes is 148280241
12-18 14:54:14.260 13374 13374 I wm_on_resume_called: [0,214543363,com.tencent.mtt.MainActivity,RESUME_ACTIVITY,339]
12-18 14:54:14.276 13374 13374 I wm_on_top_resumed_gained_called: [214543363,com.tencent.mtt.MainActivity,topStateChangedWhenResumed]
12-18 14:54:14.532  3191  3191 I wm_on_stop_called: [0,69200590,com.miui.home.launcher.Launcher,STOP_ACTIVITY_ITEM,7]
12-18 14:54:14.668  3191  3191 I wm_on_restart_called: [0,69200590,com.miui.home.launcher.Launcher,performRestartActivity,0]
12-18 14:54:14.669  3191  3191 I wm_on_start_called: [0,69200590,com.miui.home.launcher.Launcher,handleStartActivity,1]
12-18 14:54:14.717 13374 13374 I wm_on_destroy_called: [0,160470746,com.tencent.mtt.SplashActivity,performDestroy,1]
12-18 14:54:14.764  3191  4028 I com.miui.home: CheckGCForNative adj_start_bytes: 45994236 NativeAllocationGcWatermark: 11960777 java_gc_start_bytes: 28053071 kNewNativeDiscountFactor: 2 kOldNativeDiscountFactor: 65536 old_native_bytes: 131205649 new_native_bytes: 28090440 add_bytes_allowed: 35882331 is_gc_concurrent: 1 target_footprint_: 28577359 GetBytesAllocated: 22693848 HeapGrowthMultiplier: 3
12-18 14:54:14.764  3191  4028 I com.miui.home: CheckGCForNative gc_urgency 0.798819 current_native_bytes is 159296089
12-18 14:54:14.764  3191  4028 I com.miui.home: CheckGCForNative adj_start_bytes: 45994236 NativeAllocationGcWatermark: 11960777 java_gc_start_bytes: 28053071 kNewNativeDiscountFactor: 2 kOldNativeDiscountFactor: 65536 old_native_bytes: 131205649 new_native_bytes: 38797000 add_bytes_allowed: 35882331 is_gc_concurrent: 1 target_footprint_: 28577359 GetBytesAllocated: 22710424 HeapGrowthMultiplier: 3
12-18 14:54:14.765  3191  4028 I com.miui.home: CheckGCForNative gc_urgency 0.91557 current_native_bytes is 170002649
12-18 14:54:14.836 13374 13374 I wm_on_idle_called: com.tencent.mtt.MainActivity
12-18 14:54:14.843  3191  3210 I com.miui.home: CheckGCForNative adj_start_bytes: 45994236 NativeAllocationGcWatermark: 11960777 java_gc_start_bytes: 28053071 kNewNativeDiscountFactor: 2 kOldNativeDiscountFactor: 65536 old_native_bytes: 131205649 new_native_bytes: 38880220 add_bytes_allowed: 35882331 is_gc_concurrent: 1 target_footprint_: 28577359 GetBytesAllocated: 22792376 HeapGrowthMultiplier: 3
12-18 14:54:14.843  3191  3210 I com.miui.home: CheckGCForNative gc_urgency 0.918256 current_native_bytes is 170085869
12-18 14:54:14.878  3191  3507 I com.miui.home: CheckGCForNative adj_start_bytes: 45994236 NativeAllocationGcWatermark: 11960777 java_gc_start_bytes: 28053071 kNewNativeDiscountFactor: 2 kOldNativeDiscountFactor: 65536 old_native_bytes: 131205649 new_native_bytes: 28177436 add_bytes_allowed: 35882331 is_gc_concurrent: 1 target_footprint_: 28577359 GetBytesAllocated: 22825336 HeapGrowthMultiplier: 3
12-18 14:54:14.878  3191  3507 I com.miui.home: CheckGCForNative gc_urgency 0.802624 current_native_bytes is 159383085
12-18 14:54:15.223  3191  3507 I com.miui.home: CheckGCForNative adj_start_bytes: 45994236 NativeAllocationGcWatermark: 11960777 java_gc_start_bytes: 28053071 kNewNativeDiscountFactor: 2 kOldNativeDiscountFactor: 65536 old_native_bytes: 131205649 new_native_bytes: 28211068 add_bytes_allowed: 35882331 is_gc_concurrent: 1 target_footprint_: 28577359 GetBytesAllocated: 23054712 HeapGrowthMultiplier: 3
12-18 14:54:15.223  3191  3507 I com.miui.home: CheckGCForNative gc_urgency 0.807976 current_native_bytes is 159416717
12-18 14:54:15.254 13374 13374 I wm_on_top_resumed_lost_called: [214543363,com.tencent.mtt.MainActivity,topStateChangedWhenResumed]
12-18 14:54:15.284  3191  3191 I wm_on_resume_called: [0,69200590,com.miui.home.launcher.Launcher,RESUME_ACTIVITY,15]
12-18 14:54:15.287  3191  3191 I wm_on_idle_called: com.miui.home.launcher.Launcher
12-18 14:54:15.291  3191  3191 I wm_on_top_resumed_gained_called: [69200590,com.miui.home.launcher.Launcher,topStateChangedWhenResumed]
12-18 14:54:15.300 13374 13374 I wm_on_paused_called: [0,214543363,com.tencent.mtt.MainActivity,performPause,6]
12-18 14:54:15.447 13374 13374 I wm_on_stop_called: [0,214543363,com.tencent.mtt.MainActivity,STOP_ACTIVITY_ITEM,86]
12-18 14:54:15.464  3191  3674 I com.miui.home: CheckGCForNative adj_start_bytes: 45994236 NativeAllocationGcWatermark: 11960777 java_gc_start_bytes: 28053071 kNewNativeDiscountFactor: 2 kOldNativeDiscountFactor: 65536 old_native_bytes: 131205649 new_native_bytes: 28248272 add_bytes_allowed: 35882331 is_gc_concurrent: 1 target_footprint_: 28577359 GetBytesAllocated: 24366824 HeapGrowthMultiplier: 3
12-18 14:54:15.464  3191  3674 I com.miui.home: CheckGCForNative gc_urgency 0.836908 current_native_bytes is 159453921
