12-15 14:55:26.363  3161  3687 I com.miui.home: CheckGCForNative adj_start_bytes: 43768547 NativeAllocationGcWatermark: 11685103 java_gc_start_bytes: 26240893 kNewNativeDiscountFactor: 2 kOldNativeDiscountFactor: 65536 old_native_bytes: 133432469 new_native_bytes: 12455444 add_bytes_allowed: 35055309 is_gc_concurrent: 1 target_footprint_: 26371965 GetBytesAllocated: 16809952 HeapGrowthMultiplier: 3
12-15 14:55:26.363  3161  3687 I com.miui.home: CheckGCForNative gc_urgency 0.526399 current_native_bytes is 145887913
12-15 14:55:26.547  8725  8725 I wm_on_stop_called: [0,6975242,com.xunmeng.pinduoduo.login.LoginActivity,STOP_ACTIVITY_ITEM,11]
12-15 14:55:26.588  8725  8725 I wm_on_stop_called: [0,152919199,com.xunmeng.pinduoduo.ui.activity.HomeActivity,STOP_ACTIVITY_ITEM,35]
12-15 14:55:26.661  3161  3161 I wm_on_top_resumed_lost_called: [213264645,com.miui.home.launcher.Launcher,topStateChangedWhenResumed]
12-15 14:55:26.670  3161  3161 I wm_on_paused_called: [0,213264645,com.miui.home.launcher.Launcher,performPause,1]
12-15 14:55:26.720  8725  8725 I wm_on_idle_called: com.xunmeng.pinduoduo.login.LoginActivity
12-15 14:55:26.720  8725  8725 I wm_on_idle_called: com.xunmeng.pinduoduo.ui.activity.HomeActivity
12-15 14:55:26.822  3161  3687 I com.miui.home: CheckGCForNative adj_start_bytes: 43768547 NativeAllocationGcWatermark: 11685103 java_gc_start_bytes: 26240893 kNewNativeDiscountFactor: 2 kOldNativeDiscountFactor: 65536 old_native_bytes: 133432469 new_native_bytes: 12972628 add_bytes_allowed: 35055309 is_gc_concurrent: 1 target_footprint_: 26371965 GetBytesAllocated: 17768864 HeapGrowthMultiplier: 3
12-15 14:55:26.822  3161  3687 I com.miui.home: CheckGCForNative gc_urgency 0.554216 current_native_bytes is 146405097
12-15 14:55:26.933  3161  3687 I com.miui.home: CheckGCForNative adj_start_bytes: 43768547 NativeAllocationGcWatermark: 11685103 java_gc_start_bytes: 26240893 kNewNativeDiscountFactor: 2 kOldNativeDiscountFactor: 65536 old_native_bytes: 133432469 new_native_bytes: 13161096 add_bytes_allowed: 35055309 is_gc_concurrent: 1 target_footprint_: 26371965 GetBytesAllocated: 18195168 HeapGrowthMultiplier: 3
12-15 14:55:26.933  3161  3687 I com.miui.home: CheckGCForNative gc_urgency 0.566109 current_native_bytes is 146593565
12-15 14:55:27.073  3161  3432 I com.miui.home: CheckGCForNative adj_start_bytes: 43768547 NativeAllocationGcWatermark: 11685103 java_gc_start_bytes: 26240893 kNewNativeDiscountFactor: 2 kOldNativeDiscountFactor: 65536 old_native_bytes: 133432469 new_native_bytes: 13419080 add_bytes_allowed: 35055309 is_gc_concurrent: 1 target_footprint_: 26371965 GetBytesAllocated: 18473696 HeapGrowthMultiplier: 3
12-15 14:55:27.073  3161  3432 I com.miui.home: CheckGCForNative gc_urgency 0.575419 current_native_bytes is 146851549
12-15 14:55:27.284  3161  3432 I com.miui.home: CheckGCForNative adj_start_bytes: 43768547 NativeAllocationGcWatermark: 11685103 java_gc_start_bytes: 26240893 kNewNativeDiscountFactor: 2 kOldNativeDiscountFactor: 65536 old_native_bytes: 133432469 new_native_bytes: 13368680 add_bytes_allowed: 35055309 is_gc_concurrent: 1 target_footprint_: 26371965 GetBytesAllocated: 18604768 HeapGrowthMultiplier: 3
12-15 14:55:27.284  3161  3432 I com.miui.home: CheckGCForNative gc_urgency 0.577838 current_native_bytes is 146801149
12-15 14:55:27.701  9016  9016 I wm_on_application_create_called: [0,com.smile.gifmaker,285]
12-15 14:55:27.880  9016  9016 I wm_on_create_called: [0,141313893,com.yxcorp.gifshow.HomeActivity,performCreate,150]
12-15 14:55:28.042  9016  9016 I wm_on_start_called: [0,141313893,com.yxcorp.gifshow.HomeActivity,handleStartActivity,162]
12-15 14:55:28.160  3161  3217 I com.miui.home: CheckGCForNative adj_start_bytes: 43768547 NativeAllocationGcWatermark: 11685103 java_gc_start_bytes: 26240893 kNewNativeDiscountFactor: 2 kOldNativeDiscountFactor: 65536 old_native_bytes: 133432469 new_native_bytes: 23850420 add_bytes_allowed: 35055309 is_gc_concurrent: 1 target_footprint_: 26371965 GetBytesAllocated: 19334528 HeapGrowthMultiplier: 3
12-15 14:55:28.160  3161  3217 I com.miui.home: CheckGCForNative gc_urgency 0.714252 current_native_bytes is 157282889
12-15 14:55:28.161  3161  3217 I com.miui.home: CheckGCForNative adj_start_bytes: 43768547 NativeAllocationGcWatermark: 11685103 java_gc_start_bytes: 26240893 kNewNativeDiscountFactor: 2 kOldNativeDiscountFactor: 65536 old_native_bytes: 133432469 new_native_bytes: 34556340 add_bytes_allowed: 35055309 is_gc_concurrent: 1 target_footprint_: 26371965 GetBytesAllocated: 19334720 HeapGrowthMultiplier: 3
12-15 14:55:28.162  3161  3217 I com.miui.home: CheckGCForNative gc_urgency 0.836558 current_native_bytes is 167988809
12-15 14:55:28.193  3161  3217 I com.miui.home: CheckGCForNative adj_start_bytes: 43768547 NativeAllocationGcWatermark: 11685103 java_gc_start_bytes: 26240893 kNewNativeDiscountFactor: 2 kOldNativeDiscountFactor: 65536 old_native_bytes: 133432469 new_native_bytes: 34657524 add_bytes_allowed: 35055309 is_gc_concurrent: 1 target_footprint_: 26371965 GetBytesAllocated: 19400256 HeapGrowthMultiplier: 3
12-15 14:55:28.193  3161  3217 I com.miui.home: CheckGCForNative gc_urgency 0.839211 current_native_bytes is 168089993
12-15 14:55:28.218  3161  3432 I com.miui.home: CheckGCForNative adj_start_bytes: 43768547 NativeAllocationGcWatermark: 11685103 java_gc_start_bytes: 26240893 kNewNativeDiscountFactor: 2 kOldNativeDiscountFactor: 65536 old_native_bytes: 133432469 new_native_bytes: 23970164 add_bytes_allowed: 35055309 is_gc_concurrent: 1 target_footprint_: 26371965 GetBytesAllocated: 19433216 HeapGrowthMultiplier: 3
12-15 14:55:28.218  3161  3432 I com.miui.home: CheckGCForNative gc_urgency 0.717875 current_native_bytes is 157402633
12-15 14:55:28.238  9016  9016 I wm_on_resume_called: [0,141313893,com.yxcorp.gifshow.HomeActivity,RESUME_ACTIVITY,12]
12-15 14:55:28.280  9016  9016 I wm_on_top_resumed_gained_called: [141313893,com.yxcorp.gifshow.HomeActivity,topStateChangedWhenResumed]
12-15 14:55:28.304  9148  9148 I wm_on_application_create_called: [0,com.xiaomi.market,205]
12-15 14:55:28.573  3161  3432 I com.miui.home: CheckGCForNative adj_start_bytes: 43768547 NativeAllocationGcWatermark: 11685103 java_gc_start_bytes: 26240893 kNewNativeDiscountFactor: 2 kOldNativeDiscountFactor: 65536 old_native_bytes: 133432469 new_native_bytes: 23925684 add_bytes_allowed: 35055309 is_gc_concurrent: 1 target_footprint_: 26371965 GetBytesAllocated: 19728336 HeapGrowthMultiplier: 3
12-15 14:55:28.574  3161  3432 I com.miui.home: CheckGCForNative gc_urgency 0.724109 current_native_bytes is 157358153
12-15 14:55:28.868  3161  3687 I com.miui.home: CheckGCForNative adj_start_bytes: 43768547 NativeAllocationGcWatermark: 11685103 java_gc_start_bytes: 26240893 kNewNativeDiscountFactor: 2 kOldNativeDiscountFactor: 65536 old_native_bytes: 133432469 new_native_bytes: 24695896 add_bytes_allowed: 35055309 is_gc_concurrent: 1 target_footprint_: 26371965 GetBytesAllocated: 20253136 HeapGrowthMultiplier: 3
12-15 14:55:28.869  3161  3687 I com.miui.home: CheckGCForNative gc_urgency 0.744898 current_native_bytes is 158128365
12-15 14:55:28.888  3161  3687 I com.miui.home: CheckGCForNative adj_start_bytes: 43768547 NativeAllocationGcWatermark: 11685103 java_gc_start_bytes: 26240893 kNewNativeDiscountFactor: 2 kOldNativeDiscountFactor: 65536 old_native_bytes: 133432469 new_native_bytes: 35491512 add_bytes_allowed: 35055309 is_gc_concurrent: 1 target_footprint_: 26371965 GetBytesAllocated: 20351440 HeapGrowthMultiplier: 3
12-15 14:55:28.888  3161  3687 I com.miui.home: CheckGCForNative gc_urgency 0.870471 current_native_bytes is 168923981
12-15 14:55:28.960  3161  3687 I com.miui.home: CheckGCForNative adj_start_bytes: 43768547 NativeAllocationGcWatermark: 11685103 java_gc_start_bytes: 26240893 kNewNativeDiscountFactor: 2 kOldNativeDiscountFactor: 65536 old_native_bytes: 133432469 new_native_bytes: 25013696 add_bytes_allowed: 35055309 is_gc_concurrent: 1 target_footprint_: 26371965 GetBytesAllocated: 20745152 HeapGrowthMultiplier: 3
12-15 14:55:28.960  3161  3687 I com.miui.home: CheckGCForNative gc_urgency 0.75977 current_native_bytes is 158446165
12-15 14:55:28.983  3161  3505 I com.miui.home: CheckGCForNative adj_start_bytes: 43768547 NativeAllocationGcWatermark: 11685103 java_gc_start_bytes: 26240893 kNewNativeDiscountFactor: 2 kOldNativeDiscountFactor: 65536 old_native_bytes: 133432469 new_native_bytes: 25138536 add_bytes_allowed: 35055309 is_gc_concurrent: 1 target_footprint_: 26371965 GetBytesAllocated: 20827104 HeapGrowthMultiplier: 3
12-15 14:55:28.986  3161  3505 I com.miui.home: CheckGCForNative gc_urgency 0.763443 current_native_bytes is 158571005
12-15 14:55:29.089  3161  3687 I com.miui.home: CheckGCForNative adj_start_bytes: 43768547 NativeAllocationGcWatermark: 11685103 java_gc_start_bytes: 26240893 kNewNativeDiscountFactor: 2 kOldNativeDiscountFactor: 65536 old_native_bytes: 133432469 new_native_bytes: 25559748 add_bytes_allowed: 35055309 is_gc_concurrent: 1 target_footprint_: 26371965 GetBytesAllocated: 21351744 HeapGrowthMultiplier: 3
12-15 14:55:29.089  3161  3687 I com.miui.home: CheckGCForNative gc_urgency 0.779867 current_native_bytes is 158992217
12-15 14:55:29.375  3161  3687 I com.miui.home: CheckGCForNative adj_start_bytes: 43768547 NativeAllocationGcWatermark: 11685103 java_gc_start_bytes: 26240893 kNewNativeDiscountFactor: 2 kOldNativeDiscountFactor: 65536 old_native_bytes: 133432469 new_native_bytes: 25704288 add_bytes_allowed: 35055309 is_gc_concurrent: 1 target_footprint_: 26371965 GetBytesAllocated: 21909200 HeapGrowthMultiplier: 3
12-15 14:55:29.376  3161  3687 I com.miui.home: CheckGCForNative gc_urgency 0.794255 current_native_bytes is 159136757
12-15 14:55:29.440  3161  3687 I com.miui.home: CheckGCForNative adj_start_bytes: 43768547 NativeAllocationGcWatermark: 11685103 java_gc_start_bytes: 26240893 kNewNativeDiscountFactor: 2 kOldNativeDiscountFactor: 65536 old_native_bytes: 133432469 new_native_bytes: 25989888 add_bytes_allowed: 35055309 is_gc_concurrent: 1 target_footprint_: 26371965 GetBytesAllocated: 22319120 HeapGrowthMultiplier: 3
12-15 14:55:29.440  3161  3687 I com.miui.home: CheckGCForNative gc_urgency 0.806883 current_native_bytes is 159422357
12-15 14:55:29.506  3161  3432 I com.miui.home: CheckGCForNative adj_start_bytes: 43768547 NativeAllocationGcWatermark: 11685103 java_gc_start_bytes: 26240893 kNewNativeDiscountFactor: 2 kOldNativeDiscountFactor: 65536 old_native_bytes: 133432469 new_native_bytes: 26383284 add_bytes_allowed: 35055309 is_gc_concurrent: 1 target_footprint_: 26371965 GetBytesAllocated: 22597648 HeapGrowthMultiplier: 3
12-15 14:55:29.506  3161  3432 I com.miui.home: CheckGCForNative gc_urgency 0.817741 current_native_bytes is 159815753
12-15 14:55:30.135  9354  9354 I wm_on_create_called: [0,23844612,com.tencent.qqlive.ona.activity.SplashHomeActivity,performCreate,115]
12-15 14:55:30.141  9354  9354 I wm_on_start_called: [0,23844612,com.tencent.qqlive.ona.activity.SplashHomeActivity,handleStartActivity,6]
12-15 14:55:30.231  9354  9354 I wm_on_resume_called: [0,23844612,com.tencent.qqlive.ona.activity.SplashHomeActivity,RESUME_ACTIVITY,89]
12-15 14:55:30.330  9354  9354 I wm_on_top_resumed_gained_called: [23844612,com.tencent.qqlive.ona.activity.SplashHomeActivity,topStateChangedWhenResumed]
12-15 14:55:31.029  3161  3217 I com.miui.home: CheckGCForNative adj_start_bytes: 43768547 NativeAllocationGcWatermark: 11685103 java_gc_start_bytes: 26240893 kNewNativeDiscountFactor: 2 kOldNativeDiscountFactor: 65536 old_native_bytes: 133432469 new_native_bytes: 36949560 add_bytes_allowed: 35055309 is_gc_concurrent: 1 target_footprint_: 26371965 GetBytesAllocated: 23548752 HeapGrowthMultiplier: 3
12-15 14:55:31.029  3161  3217 I com.miui.home: CheckGCForNative gc_urgency 0.960177 current_native_bytes is 170382029
12-15 14:55:31.030  3161  3217 I com.miui.home: CheckGCForNative adj_start_bytes: 43768547 NativeAllocationGcWatermark: 11685103 java_gc_start_bytes: 26240893 kNewNativeDiscountFactor: 2 kOldNativeDiscountFactor: 65536 old_native_bytes: 133432469 new_native_bytes: 47655480 add_bytes_allowed: 35055309 is_gc_concurrent: 1 target_footprint_: 26371965 GetBytesAllocated: 23548944 HeapGrowthMultiplier: 3
12-15 14:55:31.031  3161  3217 I com.miui.home: CheckGCForNative gc_urgency 1.08248 current_native_bytes is 181087949
12-15 14:55:31.031  3161  3217 I com.miui.home: CheckGCForNative requested 1
12-15 14:55:31.044  3161  7589 I com.miui.home: CheckGCForNative adj_start_bytes: 43768547 NativeAllocationGcWatermark: 11685103 java_gc_start_bytes: 26240893 kNewNativeDiscountFactor: 2 kOldNativeDiscountFactor: 65536 old_native_bytes: 133432469 new_native_bytes: 36947768 add_bytes_allowed: 35055309 is_gc_concurrent: 1 target_footprint_: 26371965 GetBytesAllocated: 23598096 HeapGrowthMultiplier: 3
12-15 14:55:31.044  3161  7589 I com.miui.home: CheckGCForNative gc_urgency 0.961284 current_native_bytes is 170380237
12-15 14:55:31.110  3161  3217 I com.miui.home: CheckGCForNative adj_start_bytes: 43768547 NativeAllocationGcWatermark: 11685103 java_gc_start_bytes: 26240893 kNewNativeDiscountFactor: 2 kOldNativeDiscountFactor: 65536 old_native_bytes: 133432469 new_native_bytes: 47726440 add_bytes_allowed: 35055309 is_gc_concurrent: 1 target_footprint_: 26371965 GetBytesAllocated: 23630864 HeapGrowthMultiplier: 3
12-15 14:55:31.111  3161  3217 I com.miui.home: CheckGCForNative gc_urgency 1.08517 current_native_bytes is 181158909
12-15 14:55:31.112  3161  3217 I com.miui.home: CheckGCForNative requested 1
12-15 14:55:31.344  3161  3209 I com.miui.home: NativeAlloc concurrent copying GC freed 194276(9732KB) AllocSpace objects, 10(256KB) LOS objects, 49% free, 12MB/25MB, paused 1.834ms,89us total 302.216ms
12-15 14:55:31.385  3161  3432 I com.miui.home: CheckGCForNative gc_urgency 0 current_native_bytes is 144563053
12-15 14:55:31.746  3161  8006 I com.miui.home: CheckGCForNative gc_urgency 0 current_native_bytes is 142599685
12-15 14:55:31.931  9554  9554 I wm_on_application_create_called: [0,com.tencent.mm,293]
12-15 14:55:32.035  3161  8006 I com.miui.home: CheckGCForNative adj_start_bytes: 44606326 NativeAllocationGcWatermark: 11780209 java_gc_start_bytes: 26936013 kNewNativeDiscountFactor: 2 kOldNativeDiscountFactor: 65536 old_native_bytes: 142599685 new_native_bytes: 512 add_bytes_allowed: 35340627 is_gc_concurrent: 1 target_footprint_: 27132813 GetBytesAllocated: 14304264 HeapGrowthMultiplier: 3
12-15 14:55:32.035  3161  8006 I com.miui.home: CheckGCForNative gc_urgency 0.320732 current_native_bytes is 142600197
12-15 14:55:32.437  3161  3687 I com.miui.home: CheckGCForNative adj_start_bytes: 44606326 NativeAllocationGcWatermark: 11780209 java_gc_start_bytes: 26936013 kNewNativeDiscountFactor: 2 kOldNativeDiscountFactor: 65536 old_native_bytes: 142599685 new_native_bytes: 79940 add_bytes_allowed: 35340627 is_gc_concurrent: 1 target_footprint_: 27132813 GetBytesAllocated: 14763432 HeapGrowthMultiplier: 3
12-15 14:55:32.437  3161  3687 I com.miui.home: CheckGCForNative gc_urgency 0.331917 current_native_bytes is 142679625
12-15 14:55:32.640  3161  3432 I com.miui.home: CheckGCForNative adj_start_bytes: 44606326 NativeAllocationGcWatermark: 11780209 java_gc_start_bytes: 26936013 kNewNativeDiscountFactor: 2 kOldNativeDiscountFactor: 65536 old_native_bytes: 142599685 new_native_bytes: 522764 add_bytes_allowed: 35340627 is_gc_concurrent: 1 target_footprint_: 27132813 GetBytesAllocated: 15189848 HeapGrowthMultiplier: 3
12-15 14:55:32.640  3161  3432 I com.miui.home: CheckGCForNative gc_urgency 0.34644 current_native_bytes is 143122449
12-15 14:55:32.729  3161  3432 I com.miui.home: CheckGCForNative adj_start_bytes: 44606326 NativeAllocationGcWatermark: 11780209 java_gc_start_bytes: 26936013 kNewNativeDiscountFactor: 2 kOldNativeDiscountFactor: 65536 old_native_bytes: 142599685 new_native_bytes: 614560 add_bytes_allowed: 35340627 is_gc_concurrent: 1 target_footprint_: 27132813 GetBytesAllocated: 15386456 HeapGrowthMultiplier: 3
12-15 14:55:32.729  3161  3432 I com.miui.home: CheckGCForNative gc_urgency 0.351876 current_native_bytes is 143214245
12-15 14:55:32.755  3161  3687 I com.miui.home: CheckGCForNative adj_start_bytes: 44606326 NativeAllocationGcWatermark: 11780209 java_gc_start_bytes: 26936013 kNewNativeDiscountFactor: 2 kOldNativeDiscountFactor: 65536 old_native_bytes: 142599685 new_native_bytes: 820192 add_bytes_allowed: 35340627 is_gc_concurrent: 1 target_footprint_: 27132813 GetBytesAllocated: 15451992 HeapGrowthMultiplier: 3
12-15 14:55:32.755  3161  3687 I com.miui.home: CheckGCForNative gc_urgency 0.355651 current_native_bytes is 143419877
12-15 14:55:32.785  3161  3687 I com.miui.home: CheckGCForNative adj_start_bytes: 44606326 NativeAllocationGcWatermark: 11780209 java_gc_start_bytes: 26936013 kNewNativeDiscountFactor: 2 kOldNativeDiscountFactor: 65536 old_native_bytes: 142599685 new_native_bytes: 11726880 add_bytes_allowed: 35340627 is_gc_concurrent: 1 target_footprint_: 27132813 GetBytesAllocated: 15566680 HeapGrowthMultiplier: 3
12-15 14:55:32.785  3161  3687 I com.miui.home: CheckGCForNative gc_urgency 0.480477 current_native_bytes is 154326565
12-15 14:55:33.237 10070 10070 I wm_on_create_called: [0,18795513,com.tencent.mobileqq.activity.SplashActivity,performCreate,146]
12-15 14:55:33.243 10070 10070 I wm_on_start_called: [0,18795513,com.tencent.mobileqq.activity.SplashActivity,handleStartActivity,5]
12-15 14:55:33.261 10070 10070 I wm_on_resume_called: [0,18795513,com.tencent.mobileqq.activity.SplashActivity,RESUME_ACTIVITY,11]
12-15 14:55:33.295  3161  3217 I com.miui.home: CheckGCForNative adj_start_bytes: 44606326 NativeAllocationGcWatermark: 11780209 java_gc_start_bytes: 26936013 kNewNativeDiscountFactor: 2 kOldNativeDiscountFactor: 65536 old_native_bytes: 142599685 new_native_bytes: 11468268 add_bytes_allowed: 35340627 is_gc_concurrent: 1 target_footprint_: 27132813 GetBytesAllocated: 16312856 HeapGrowthMultiplier: 3
12-15 14:55:33.295  3161  3217 I com.miui.home: CheckGCForNative gc_urgency 0.494306 current_native_bytes is 154067953
12-15 14:55:33.297  3161  3217 I com.miui.home: CheckGCForNative adj_start_bytes: 44606326 NativeAllocationGcWatermark: 11780209 java_gc_start_bytes: 26936013 kNewNativeDiscountFactor: 2 kOldNativeDiscountFactor: 65536 old_native_bytes: 142599685 new_native_bytes: 22174188 add_bytes_allowed: 35340627 is_gc_concurrent: 1 target_footprint_: 27132813 GetBytesAllocated: 16313048 HeapGrowthMultiplier: 3
12-15 14:55:33.297  3161  3217 I com.miui.home: CheckGCForNative gc_urgency 0.614315 current_native_bytes is 164773873
12-15 14:55:33.313  3161  3217 I com.miui.home: CheckGCForNative adj_start_bytes: 44606326 NativeAllocationGcWatermark: 11780209 java_gc_start_bytes: 26936013 kNewNativeDiscountFactor: 2 kOldNativeDiscountFactor: 65536 old_native_bytes: 142599685 new_native_bytes: 22211180 add_bytes_allowed: 35340627 is_gc_concurrent: 1 target_footprint_: 27132813 GetBytesAllocated: 16362200 HeapGrowthMultiplier: 3
12-15 14:55:33.313  3161  3217 I com.miui.home: CheckGCForNative gc_urgency 0.615831 current_native_bytes is 164810865
12-15 14:55:33.339 10070 10070 I wm_on_top_resumed_gained_called: [18795513,com.tencent.mobileqq.activity.SplashActivity,topStateChangedWhenResumed]
12-15 14:55:33.396  3161  3432 I com.miui.home: CheckGCForNative adj_start_bytes: 44606326 NativeAllocationGcWatermark: 11780209 java_gc_start_bytes: 26936013 kNewNativeDiscountFactor: 2 kOldNativeDiscountFactor: 65536 old_native_bytes: 142599685 new_native_bytes: 11503980 add_bytes_allowed: 35340627 is_gc_concurrent: 1 target_footprint_: 27132813 GetBytesAllocated: 16477080 HeapGrowthMultiplier: 3
12-15 14:55:33.396  3161  3432 I com.miui.home: CheckGCForNative gc_urgency 0.498388 current_native_bytes is 154103665
12-15 14:55:33.699 10070 10070 I wm_on_idle_called: com.tencent.mobileqq.activity.SplashActivity
12-15 14:55:33.751  3161  3432 I com.miui.home: CheckGCForNative adj_start_bytes: 44606326 NativeAllocationGcWatermark: 11780209 java_gc_start_bytes: 26936013 kNewNativeDiscountFactor: 2 kOldNativeDiscountFactor: 65536 old_native_bytes: 142599685 new_native_bytes: 11515836 add_bytes_allowed: 35340627 is_gc_concurrent: 1 target_footprint_: 27132813 GetBytesAllocated: 16870712 HeapGrowthMultiplier: 3
12-15 14:55:33.751  3161  3432 I com.miui.home: CheckGCForNative gc_urgency 0.507345 current_native_bytes is 154115521
12-15 14:55:33.764 10070 10070 I wm_on_top_resumed_lost_called: [18795513,com.tencent.mobileqq.activity.SplashActivity,topStateChangedWhenResumed]
12-15 14:55:33.781  3161  3161 I wm_on_resume_called: [0,213264645,com.miui.home.launcher.Launcher,RESUME_ACTIVITY,6]
12-15 14:55:33.784  3161  3161 I wm_on_idle_called: com.miui.home.launcher.Launcher
12-15 14:55:33.792  3161  8006 I com.miui.home: CheckGCForNative adj_start_bytes: 44606326 NativeAllocationGcWatermark: 11780209 java_gc_start_bytes: 26936013 kNewNativeDiscountFactor: 2 kOldNativeDiscountFactor: 65536 old_native_bytes: 142599685 new_native_bytes: 11677372 add_bytes_allowed: 35340627 is_gc_concurrent: 1 target_footprint_: 27132813 GetBytesAllocated: 17068056 HeapGrowthMultiplier: 3
12-15 14:55:33.793  3161  8006 I com.miui.home: CheckGCForNative gc_urgency 0.51358 current_native_bytes is 154277057
12-15 14:55:33.806  3161  3161 I wm_on_top_resumed_gained_called: [213264645,com.miui.home.launcher.Launcher,topStateChangedWhenResumed]
12-15 14:55:33.808 10070 10070 I wm_on_paused_called: [0,18795513,com.tencent.mobileqq.activity.SplashActivity,performPause,1]
12-15 14:55:33.840 10070 10070 I wm_on_stop_called: [0,18795513,com.tencent.mobileqq.activity.SplashActivity,STOP_ACTIVITY_ITEM,6]
12-15 14:55:33.952  3161  3687 I com.miui.home: CheckGCForNative adj_start_bytes: 44606326 NativeAllocationGcWatermark: 11780209 java_gc_start_bytes: 26936013 kNewNativeDiscountFactor: 2 kOldNativeDiscountFactor: 65536 old_native_bytes: 142599685 new_native_bytes: 11871952 add_bytes_allowed: 35340627 is_gc_concurrent: 1 target_footprint_: 27132813 GetBytesAllocated: 18338680 HeapGrowthMultiplier: 3
12-15 14:55:33.952  3161  3687 I com.miui.home: CheckGCForNative gc_urgency 0.544246 current_native_bytes is 154471637
12-15 14:55:33.966  3161  3687 I com.miui.home: CheckGCForNative adj_start_bytes: 44606326 NativeAllocationGcWatermark: 11780209 java_gc_start_bytes: 26936013 kNewNativeDiscountFactor: 2 kOldNativeDiscountFactor: 65536 old_native_bytes: 142599685 new_native_bytes: 22645400 add_bytes_allowed: 35340627 is_gc_concurrent: 1 target_footprint_: 27132813 GetBytesAllocated: 18469752 HeapGrowthMultiplier: 3
12-15 14:55:33.966  3161  3687 I com.miui.home: CheckGCForNative gc_urgency 0.667946 current_native_bytes is 165245085
12-15 14:55:34.001  3161  8006 I com.miui.home: CheckGCForNative adj_start_bytes: 44606326 NativeAllocationGcWatermark: 11780209 java_gc_start_bytes: 26936013 kNewNativeDiscountFactor: 2 kOldNativeDiscountFactor: 65536 old_native_bytes: 142599685 new_native_bytes: 12094380 add_bytes_allowed: 35340627 is_gc_concurrent: 1 target_footprint_: 27132813 GetBytesAllocated: 18814424 HeapGrowthMultiplier: 3
12-15 14:55:34.001  3161  8006 I com.miui.home: CheckGCForNative gc_urgency 0.557405 current_native_bytes is 154694065
12-15 14:55:34.032 10070 10070 I wm_on_destroy_called: [0,18795513,com.tencent.mobileqq.activity.SplashActivity,performDestroy,7]
12-15 14:55:34.239  3161  3161 I wm_on_top_resumed_lost_called: [213264645,com.miui.home.launcher.Launcher,topStateChangedWhenResumed]
12-15 14:55:34.245  3161  3161 I wm_on_paused_called: [0,213264645,com.miui.home.launcher.Launcher,performPause,1]
12-15 14:55:34.292  3161  8006 I com.miui.home: CheckGCForNative adj_start_bytes: 44606326 NativeAllocationGcWatermark: 11780209 java_gc_start_bytes: 26936013 kNewNativeDiscountFactor: 2 kOldNativeDiscountFactor: 65536 old_native_bytes: 142599685 new_native_bytes: 12518608 add_bytes_allowed: 35340627 is_gc_concurrent: 1 target_footprint_: 27132813 GetBytesAllocated: 19339000 HeapGrowthMultiplier: 3
12-15 14:55:34.292  3161  8006 I com.miui.home: CheckGCForNative gc_urgency 0.57392 current_native_bytes is 155118293
12-15 14:55:34.407  3161  3432 I com.miui.home: CheckGCForNative adj_start_bytes: 44606326 NativeAllocationGcWatermark: 11780209 java_gc_start_bytes: 26936013 kNewNativeDiscountFactor: 2 kOldNativeDiscountFactor: 65536 old_native_bytes: 142599685 new_native_bytes: 12891596 add_bytes_allowed: 35340627 is_gc_concurrent: 1 target_footprint_: 27132813 GetBytesAllocated: 19937352 HeapGrowthMultiplier: 3
12-15 14:55:34.407  3161  3432 I com.miui.home: CheckGCForNative gc_urgency 0.591515 current_native_bytes is 155491281
12-15 14:55:34.427  3161  3687 I com.miui.home: CheckGCForNative adj_start_bytes: 44606326 NativeAllocationGcWatermark: 11780209 java_gc_start_bytes: 26936013 kNewNativeDiscountFactor: 2 kOldNativeDiscountFactor: 65536 old_native_bytes: 142599685 new_native_bytes: 12921740 add_bytes_allowed: 35340627 is_gc_concurrent: 1 target_footprint_: 27132813 GetBytesAllocated: 19953736 HeapGrowthMultiplier: 3
12-15 14:55:34.427  3161  3687 I com.miui.home: CheckGCForNative gc_urgency 0.59222 current_native_bytes is 155521425
12-15 14:55:34.522  3161  3687 I com.miui.home: CheckGCForNative adj_start_bytes: 44606326 NativeAllocationGcWatermark: 11780209 java_gc_start_bytes: 26936013 kNewNativeDiscountFactor: 2 kOldNativeDiscountFactor: 65536 old_native_bytes: 142599685 new_native_bytes: 13035840 add_bytes_allowed: 35340627 is_gc_concurrent: 1 target_footprint_: 27132813 GetBytesAllocated: 20380104 HeapGrowthMultiplier: 3
12-15 14:55:34.522  3161  3687 I com.miui.home: CheckGCForNative gc_urgency 0.603058 current_native_bytes is 155635525
12-15 14:55:34.673  3161  3432 I com.miui.home: CheckGCForNative adj_start_bytes: 44606326 NativeAllocationGcWatermark: 11780209 java_gc_start_bytes: 26936013 kNewNativeDiscountFactor: 2 kOldNativeDiscountFactor: 65536 old_native_bytes: 142599685 new_native_bytes: 13231776 add_bytes_allowed: 35340627 is_gc_concurrent: 1 target_footprint_: 27132813 GetBytesAllocated: 20609480 HeapGrowthMultiplier: 3
12-15 14:55:34.673  3161  3432 I com.miui.home: CheckGCForNative gc_urgency 0.610396 current_native_bytes is 155831461
12-15 14:55:35.159 10263 10263 I wm_on_create_called: [0,54728946,com.tencent.mtt.SplashActivity,performCreate,120]
12-15 14:55:35.206 10263 10263 I wm_on_create_called: [0,227971502,com.tencent.mtt.MainActivity,performCreate,12]
12-15 14:55:35.211 10263 10263 I wm_on_start_called: [0,227971502,com.tencent.mtt.MainActivity,handleStartActivity,4]
12-15 14:55:35.358  3161  3687 I com.miui.home: CheckGCForNative adj_start_bytes: 44606326 NativeAllocationGcWatermark: 11780209 java_gc_start_bytes: 26936013 kNewNativeDiscountFactor: 2 kOldNativeDiscountFactor: 65536 old_native_bytes: 142599685 new_native_bytes: 13010876 add_bytes_allowed: 35340627 is_gc_concurrent: 1 target_footprint_: 27132813 GetBytesAllocated: 21118280 HeapGrowthMultiplier: 3
12-15 14:55:35.358  3161  3687 I com.miui.home: CheckGCForNative gc_urgency 0.619327 current_native_bytes is 155610561
12-15 14:55:35.519  3161  3687 I com.miui.home: CheckGCForNative adj_start_bytes: 44606326 NativeAllocationGcWatermark: 11780209 java_gc_start_bytes: 26936013 kNewNativeDiscountFactor: 2 kOldNativeDiscountFactor: 65536 old_native_bytes: 142599685 new_native_bytes: 13497008 add_bytes_allowed: 35340627 is_gc_concurrent: 1 target_footprint_: 27132813 GetBytesAllocated: 21544696 HeapGrowthMultiplier: 3
12-15 14:55:35.519  3161  3687 I com.miui.home: CheckGCForNative gc_urgency 0.634335 current_native_bytes is 156096693
12-15 14:55:35.528 10263 10263 I wm_on_resume_called: [0,227971502,com.tencent.mtt.MainActivity,RESUME_ACTIVITY,316]
12-15 14:55:35.538 10263 10263 I wm_on_top_resumed_gained_called: [227971502,com.tencent.mtt.MainActivity,topStateChangedWhenResumed]
12-15 14:55:35.799 10263 10263 I wm_on_top_resumed_lost_called: [227971502,com.tencent.mtt.MainActivity,pausing]
12-15 14:55:35.800 10263 10263 I wm_on_paused_called: [0,227971502,com.tencent.mtt.MainActivity,performPause,1]
12-15 14:55:35.802 10263 10263 I wm_on_resume_called: [0,227971502,com.tencent.mtt.MainActivity,LIFECYCLER_RESUME_ACTIVITY,1]
12-15 14:55:35.802 10263 10263 I wm_on_top_resumed_gained_called: [227971502,com.tencent.mtt.MainActivity,topWhenResuming]
12-15 14:55:35.854  3161  3161 I wm_on_stop_called: [0,213264645,com.miui.home.launcher.Launcher,STOP_ACTIVITY_ITEM,4]
12-15 14:55:35.984  3161  3161 I wm_on_restart_called: [0,213264645,com.miui.home.launcher.Launcher,performRestartActivity,0]
12-15 14:55:35.986  3161  3161 I wm_on_start_called: [0,213264645,com.miui.home.launcher.Launcher,handleStartActivity,1]
12-15 14:55:36.040 10263 10263 I wm_on_destroy_called: [0,54728946,com.tencent.mtt.SplashActivity,performDestroy,0]
12-15 14:55:36.079  3161  3682 I com.miui.home: CheckGCForNative gc_urgency 0 current_native_bytes is 145224357
12-15 14:55:36.080  3161  3682 I com.miui.home: CheckGCForNative adj_start_bytes: 46056195 NativeAllocationGcWatermark: 11967299 java_gc_start_bytes: 28105247 kNewNativeDiscountFactor: 2 kOldNativeDiscountFactor: 65536 old_native_bytes: 145224357 new_native_bytes: 10626744 add_bytes_allowed: 35901897 is_gc_concurrent: 1 target_footprint_: 28629535 GetBytesAllocated: 14347728 HeapGrowthMultiplier: 3
12-15 14:55:36.080  3161  3682 I com.miui.home: CheckGCForNative gc_urgency 0.426942 current_native_bytes is 155851101
12-15 14:55:36.082  3161  3528 I com.miui.home: CheckGCForNative adj_start_bytes: 46056195 NativeAllocationGcWatermark: 11967299 java_gc_start_bytes: 28105247 kNewNativeDiscountFactor: 2 kOldNativeDiscountFactor: 65536 old_native_bytes: 145224357 new_native_bytes: 10510072 add_bytes_allowed: 35901897 is_gc_concurrent: 1 target_footprint_: 28629535 GetBytesAllocated: 14347728 HeapGrowthMultiplier: 3
12-15 14:55:36.082  3161  3528 I com.miui.home: CheckGCForNative gc_urgency 0.425675 current_native_bytes is 155734429
12-15 14:55:36.107  3161  3432 I com.miui.home: CheckGCForNative gc_urgency 0 current_native_bytes is 145126957
12-15 14:55:36.133 10263 10263 I wm_on_idle_called: com.tencent.mtt.MainActivity
12-15 14:55:36.133 10263 10263 I wm_on_idle_called: com.tencent.mtt.MainActivity
12-15 14:55:36.196  3161  3432 I com.miui.home: CheckGCForNative gc_urgency 0 current_native_bytes is 142747013
12-15 14:55:36.548  3161  7589 I com.miui.home: CheckGCForNative gc_urgency 0 current_native_bytes is 142729845
12-15 14:55:36.570 10263 10263 I wm_on_top_resumed_lost_called: [227971502,com.tencent.mtt.MainActivity,topStateChangedWhenResumed]
12-15 14:55:36.593  3161  3161 I wm_on_resume_called: [0,213264645,com.miui.home.launcher.Launcher,RESUME_ACTIVITY,6]
12-15 14:55:36.596  3161  3161 I wm_on_idle_called: com.miui.home.launcher.Launcher
12-15 14:55:36.611 10263 10263 I wm_on_paused_called: [0,227971502,com.tencent.mtt.MainActivity,performPause,1]
12-15 14:55:36.617  3161  3161 I wm_on_top_resumed_gained_called: [213264645,com.miui.home.launcher.Launcher,topStateChangedWhenResumed]
12-15 14:55:36.777  3161  3687 I com.miui.home: CheckGCForNative adj_start_bytes: 46056195 NativeAllocationGcWatermark: 11967299 java_gc_start_bytes: 28105247 kNewNativeDiscountFactor: 2 kOldNativeDiscountFactor: 65536 old_native_bytes: 142729845 new_native_bytes: 305876 add_bytes_allowed: 35901897 is_gc_concurrent: 1 target_footprint_: 28629535 GetBytesAllocated: 16134960 HeapGrowthMultiplier: 3
12-15 14:55:36.777  3161  3687 I com.miui.home: CheckGCForNative gc_urgency 0.3537 current_native_bytes is 143035721
12-15 14:55:36.781 10263 10263 I wm_on_stop_called: [0,227971502,com.tencent.mtt.MainActivity,STOP_ACTIVITY_ITEM,126]
12-15 14:55:36.784  3161  3687 I com.miui.home: CheckGCForNative adj_start_bytes: 46056195 NativeAllocationGcWatermark: 11967299 java_gc_start_bytes: 28105247 kNewNativeDiscountFactor: 2 kOldNativeDiscountFactor: 65536 old_native_bytes: 142729845 new_native_bytes: 11393972 add_bytes_allowed: 35901897 is_gc_concurrent: 1 target_footprint_: 28629535 GetBytesAllocated: 16184176 HeapGrowthMultiplier: 3
12-15 14:55:36.784  3161  3687 I com.miui.home: CheckGCForNative gc_urgency 0.475144 current_native_bytes is 154123817
12-15 14:55:36.828  3161  3687 I com.miui.home: CheckGCForNative adj_start_bytes: 46056195 NativeAllocationGcWatermark: 11967299 java_gc_start_bytes: 28105247 kNewNativeDiscountFactor: 2 kOldNativeDiscountFactor: 65536 old_native_bytes: 142729845 new_native_bytes: 953512 add_bytes_allowed: 35901897 is_gc_concurrent: 1 target_footprint_: 28629535 GetBytesAllocated: 16578048 HeapGrowthMultiplier: 3
12-15 14:55:36.828  3161  3687 I com.miui.home: CheckGCForNative gc_urgency 0.370351 current_native_bytes is 143683357
12-15 14:55:37.084  3161  3161 I wm_on_top_resumed_lost_called: [213264645,com.miui.home.launcher.Launcher,topStateChangedWhenResumed]
12-15 14:55:37.092  3161  3161 I wm_on_paused_called: [0,213264645,com.miui.home.launcher.Launcher,performPause,1]
12-15 14:55:37.282  3161  3687 I com.miui.home: CheckGCForNative adj_start_bytes: 46056195 NativeAllocationGcWatermark: 11967299 java_gc_start_bytes: 28105247 kNewNativeDiscountFactor: 2 kOldNativeDiscountFactor: 65536 old_native_bytes: 142729845 new_native_bytes: 1215540 add_bytes_allowed: 35901897 is_gc_concurrent: 1 target_footprint_: 28629535 GetBytesAllocated: 17635408 HeapGrowthMultiplier: 3
12-15 14:55:37.282  3161  3687 I com.miui.home: CheckGCForNative gc_urgency 0.396154 current_native_bytes is 143945385
12-15 14:55:37.288  3161  3687 I com.miui.home: CheckGCForNative adj_start_bytes: 46056195 NativeAllocationGcWatermark: 11967299 java_gc_start_bytes: 28105247 kNewNativeDiscountFactor: 2 kOldNativeDiscountFactor: 65536 old_native_bytes: 142729845 new_native_bytes: 1290024 add_bytes_allowed: 35901897 is_gc_concurrent: 1 target_footprint_: 28629535 GetBytesAllocated: 17684560 HeapGrowthMultiplier: 3
12-15 14:55:37.288  3161  3687 I com.miui.home: CheckGCForNative gc_urgency 0.39803 current_native_bytes is 144019869
12-15 14:55:37.382  3161  3687 I com.miui.home: CheckGCForNative adj_start_bytes: 46056195 NativeAllocationGcWatermark: 11967299 java_gc_start_bytes: 28105247 kNewNativeDiscountFactor: 2 kOldNativeDiscountFactor: 65536 old_native_bytes: 142729845 new_native_bytes: 1486056 add_bytes_allowed: 35901897 is_gc_concurrent: 1 target_footprint_: 28629535 GetBytesAllocated: 18078208 HeapGrowthMultiplier: 3
12-15 14:55:37.382  3161  3687 I com.miui.home: CheckGCForNative gc_urgency 0.408705 current_native_bytes is 144215901
12-15 14:55:37.429  3161  3432 I com.miui.home: CheckGCForNative adj_start_bytes: 46056195 NativeAllocationGcWatermark: 11967299 java_gc_start_bytes: 28105247 kNewNativeDiscountFactor: 2 kOldNativeDiscountFactor: 65536 old_native_bytes: 142729845 new_native_bytes: 1778876 add_bytes_allowed: 35901897 is_gc_concurrent: 1 target_footprint_: 28629535 GetBytesAllocated: 18340352 HeapGrowthMultiplier: 3
12-15 14:55:37.429  3161  3432 I com.miui.home: CheckGCForNative gc_urgency 0.417576 current_native_bytes is 144508721
12-15 14:55:37.936 10687 10687 I wm_on_application_create_called: [0,com.taobao.taobao,249]
12-15 14:55:38.167 10658 10658 I wm_on_application_create_called: [0,com.taobao.taobao,336]
12-15 14:55:38.282 10658 10658 I wm_on_create_called: [0,221996661,com.taobao.tao.welcome.Welcome,performCreate,104]
12-15 14:55:38.328 10658 10658 I wm_on_start_called: [0,221996661,com.taobao.tao.welcome.Welcome,handleStartActivity,44]
12-15 14:55:38.355 10658 10658 I wm_on_resume_called: [0,221996661,com.taobao.tao.welcome.Welcome,RESUME_ACTIVITY,25]
12-15 14:55:38.395 10658 10658 I wm_on_top_resumed_gained_called: [221996661,com.taobao.tao.welcome.Welcome,topStateChangedWhenResumed]
12-15 14:55:38.951  3161  3161 I wm_on_stop_called: [0,213264645,com.miui.home.launcher.Launcher,STOP_ACTIVITY_ITEM,4]
12-15 14:55:38.982  3161  3161 I wm_on_restart_called: [0,213264645,com.miui.home.launcher.Launcher,performRestartActivity,0]
12-15 14:55:38.984  3161  3161 I wm_on_start_called: [0,213264645,com.miui.home.launcher.Launcher,handleStartActivity,2]
12-15 14:55:39.105  3161  3505 I com.miui.home: CheckGCForNative adj_start_bytes: 46056195 NativeAllocationGcWatermark: 11967299 java_gc_start_bytes: 28105247 kNewNativeDiscountFactor: 2 kOldNativeDiscountFactor: 65536 old_native_bytes: 142729845 new_native_bytes: 12332932 add_bytes_allowed: 35901897 is_gc_concurrent: 1 target_footprint_: 28629535 GetBytesAllocated: 19709216 HeapGrowthMultiplier: 3
12-15 14:55:39.106  3161  3505 I com.miui.home: CheckGCForNative gc_urgency 0.561876 current_native_bytes is 155062777
12-15 14:55:39.107  3161  3505 I com.miui.home: CheckGCForNative adj_start_bytes: 46056195 NativeAllocationGcWatermark: 11967299 java_gc_start_bytes: 28105247 kNewNativeDiscountFactor: 2 kOldNativeDiscountFactor: 65536 old_native_bytes: 142729845 new_native_bytes: 23039492 add_bytes_allowed: 35901897 is_gc_concurrent: 1 target_footprint_: 28629535 GetBytesAllocated: 19709408 HeapGrowthMultiplier: 3
12-15 14:55:39.107  3161  3505 I com.miui.home: CheckGCForNative gc_urgency 0.678114 current_native_bytes is 165769337
12-15 14:55:39.114  3161  3528 I com.miui.home: CheckGCForNative adj_start_bytes: 46056195 NativeAllocationGcWatermark: 11967299 java_gc_start_bytes: 28105247 kNewNativeDiscountFactor: 2 kOldNativeDiscountFactor: 65536 old_native_bytes: 142729845 new_native_bytes: 23044164 add_bytes_allowed: 35901897 is_gc_concurrent: 1 target_footprint_: 28629535 GetBytesAllocated: 19758560 HeapGrowthMultiplier: 3
12-15 14:55:39.114  3161  3528 I com.miui.home: CheckGCForNative gc_urgency 0.679232 current_native_bytes is 165774009
12-15 14:55:39.118  3161  3432 I com.miui.home: CheckGCForNative adj_start_bytes: 46056195 NativeAllocationGcWatermark: 11967299 java_gc_start_bytes: 28105247 kNewNativeDiscountFactor: 2 kOldNativeDiscountFactor: 65536 old_native_bytes: 142729845 new_native_bytes: 23076052 add_bytes_allowed: 35901897 is_gc_concurrent: 1 target_footprint_: 28629535 GetBytesAllocated: 19758752 HeapGrowthMultiplier: 3
12-15 14:55:39.118  3161  3432 I com.miui.home: CheckGCForNative gc_urgency 0.679582 current_native_bytes is 165805897
12-15 14:55:39.230  3161  3432 I com.miui.home: CheckGCForNative gc_urgency 0 current_native_bytes is 142235033
12-15 14:55:39.361 10658 10658 I wm_on_idle_called: com.taobao.tao.welcome.Welcome
12-15 14:55:39.463  3161  3432 I com.miui.home: CheckGCForNative adj_start_bytes: 44821974 NativeAllocationGcWatermark: 11837381 java_gc_start_bytes: 27065903 kNewNativeDiscountFactor: 2 kOldNativeDiscountFactor: 65536 old_native_bytes: 142235033 new_native_bytes: 18016 add_bytes_allowed: 35512143 is_gc_concurrent: 1 target_footprint_: 27590191 GetBytesAllocated: 14008088 HeapGrowthMultiplier: 3
12-15 14:55:39.463  3161  3432 I com.miui.home: CheckGCForNative gc_urgency 0.312777 current_native_bytes is 142253049
12-15 14:55:39.573 10658 10658 I wm_on_top_resumed_lost_called: [221996661,com.taobao.tao.welcome.Welcome,topStateChangedWhenResumed]
12-15 14:55:39.599  3161  3161 I wm_on_resume_called: [0,213264645,com.miui.home.launcher.Launcher,RESUME_ACTIVITY,8]
12-15 14:55:39.602  3161  3161 I wm_on_idle_called: com.miui.home.launcher.Launcher
12-15 14:55:39.616  3161  3161 I wm_on_top_resumed_gained_called: [213264645,com.miui.home.launcher.Launcher,topStateChangedWhenResumed]
12-15 14:55:39.643 10658 10658 I wm_on_paused_called: [0,221996661,com.taobao.tao.welcome.Welcome,performPause,24]
12-15 14:55:39.744 10658 10658 I wm_on_stop_called: [0,221996661,com.taobao.tao.welcome.Welcome,STOP_ACTIVITY_ITEM,38]
12-15 14:55:39.800  3161  3687 I com.miui.home: CheckGCForNative adj_start_bytes: 44821974 NativeAllocationGcWatermark: 11837381 java_gc_start_bytes: 27065903 kNewNativeDiscountFactor: 2 kOldNativeDiscountFactor: 65536 old_native_bytes: 142235033 new_native_bytes: 153524 add_bytes_allowed: 35512143 is_gc_concurrent: 1 target_footprint_: 27590191 GetBytesAllocated: 15352856 HeapGrowthMultiplier: 3
12-15 14:55:39.800  3161  3687 I com.miui.home: CheckGCForNative gc_urgency 0.344291 current_native_bytes is 142388557
12-15 14:55:39.821  3161  3687 I com.miui.home: CheckGCForNative adj_start_bytes: 44821974 NativeAllocationGcWatermark: 11837381 java_gc_start_bytes: 27065903 kNewNativeDiscountFactor: 2 kOldNativeDiscountFactor: 65536 old_native_bytes: 142235033 new_native_bytes: 11519572 add_bytes_allowed: 35512143 is_gc_concurrent: 1 target_footprint_: 27590191 GetBytesAllocated: 15500376 HeapGrowthMultiplier: 3
12-15 14:55:39.821  3161  3687 I com.miui.home: CheckGCForNative gc_urgency 0.474373 current_native_bytes is 153754605
12-15 14:55:39.853  3161  3687 I com.miui.home: CheckGCForNative adj_start_bytes: 44821974 NativeAllocationGcWatermark: 11837381 java_gc_start_bytes: 27065903 kNewNativeDiscountFactor: 2 kOldNativeDiscountFactor: 65536 old_native_bytes: 142235033 new_native_bytes: 1033416 add_bytes_allowed: 35512143 is_gc_concurrent: 1 target_footprint_: 27590191 GetBytesAllocated: 15861432 HeapGrowthMultiplier: 3
12-15 14:55:39.853  3161  3687 I com.miui.home: CheckGCForNative gc_urgency 0.365453 current_native_bytes is 143268449
12-15 14:55:39.999  3161  3161 I wm_on_top_resumed_lost_called: [213264645,com.miui.home.launcher.Launcher,topStateChangedWhenResumed]
12-15 14:55:40.015  3161  3161 I wm_on_paused_called: [0,213264645,com.miui.home.launcher.Launcher,performPause,1]
12-15 14:55:40.043  3161  3687 I com.miui.home: CheckGCForNative adj_start_bytes: 44821974 NativeAllocationGcWatermark: 11837381 java_gc_start_bytes: 27065903 kNewNativeDiscountFactor: 2 kOldNativeDiscountFactor: 65536 old_native_bytes: 142235033 new_native_bytes: 1328028 add_bytes_allowed: 35512143 is_gc_concurrent: 1 target_footprint_: 27590191 GetBytesAllocated: 16484536 HeapGrowthMultiplier: 3
12-15 14:55:40.043  3161  3687 I com.miui.home: CheckGCForNative gc_urgency 0.382641 current_native_bytes is 143563061
12-15 14:55:40.224  3161  3687 I com.miui.home: CheckGCForNative adj_start_bytes: 44821974 NativeAllocationGcWatermark: 11837381 java_gc_start_bytes: 27065903 kNewNativeDiscountFactor: 2 kOldNativeDiscountFactor: 65536 old_native_bytes: 142235033 new_native_bytes: 1684944 add_bytes_allowed: 35512143 is_gc_concurrent: 1 target_footprint_: 27590191 GetBytesAllocated: 17197832 HeapGrowthMultiplier: 3
12-15 14:55:40.224  3161  3687 I com.miui.home: CheckGCForNative gc_urgency 0.402536 current_native_bytes is 143919977
12-15 14:55:40.251  3161  3432 I com.miui.home: CheckGCForNative adj_start_bytes: 44821974 NativeAllocationGcWatermark: 11837381 java_gc_start_bytes: 27065903 kNewNativeDiscountFactor: 2 kOldNativeDiscountFactor: 65536 old_native_bytes: 142235033 new_native_bytes: 1901292 add_bytes_allowed: 35512143 is_gc_concurrent: 1 target_footprint_: 27590191 GetBytesAllocated: 17361672 HeapGrowthMultiplier: 3
12-15 14:55:40.251  3161  3432 I com.miui.home: CheckGCForNative gc_urgency 0.408605 current_native_bytes is 144136325
12-15 14:55:40.273  3161  3687 I com.miui.home: CheckGCForNative adj_start_bytes: 44821974 NativeAllocationGcWatermark: 11837381 java_gc_start_bytes: 27065903 kNewNativeDiscountFactor: 2 kOldNativeDiscountFactor: 65536 old_native_bytes: 142235033 new_native_bytes: 2008044 add_bytes_allowed: 35512143 is_gc_concurrent: 1 target_footprint_: 27590191 GetBytesAllocated: 17443592 HeapGrowthMultiplier: 3
12-15 14:55:40.273  3161  3687 I com.miui.home: CheckGCForNative gc_urgency 0.411624 current_native_bytes is 144243077
12-15 14:55:40.339  9554  9554 I wm_on_create_called: [0,16040143,com.tencent.mm.ui.LauncherUI,performCreate,153]
12-15 14:55:40.358  3161  3687 I com.miui.home: CheckGCForNative adj_start_bytes: 44821974 NativeAllocationGcWatermark: 11837381 java_gc_start_bytes: 27065903 kNewNativeDiscountFactor: 2 kOldNativeDiscountFactor: 65536 old_native_bytes: 142235033 new_native_bytes: 2255888 add_bytes_allowed: 35512143 is_gc_concurrent: 1 target_footprint_: 27590191 GetBytesAllocated: 17886472 HeapGrowthMultiplier: 3
12-15 14:55:40.358  3161  3687 I com.miui.home: CheckGCForNative gc_urgency 0.424269 current_native_bytes is 144490921
12-15 14:55:40.421  9554  9554 I wm_on_create_called: [0,166710338,com.tencent.mm.app.WeChatSplashActivity,performCreate,11]
12-15 14:55:40.450  9554  9554 I wm_on_start_called: [0,166710338,com.tencent.mm.app.WeChatSplashActivity,handleStartActivity,5]
12-15 14:55:40.455  9554  9554 I wm_on_resume_called: [0,166710338,com.tencent.mm.app.WeChatSplashActivity,RESUME_ACTIVITY,5]
12-15 14:55:40.483  9554  9554 I wm_on_top_resumed_gained_called: [166710338,com.tencent.mm.app.WeChatSplashActivity,topStateChangedWhenResumed]
12-15 14:55:40.518  3161  3432 I com.miui.home: CheckGCForNative adj_start_bytes: 44821974 NativeAllocationGcWatermark: 11837381 java_gc_start_bytes: 27065903 kNewNativeDiscountFactor: 2 kOldNativeDiscountFactor: 65536 old_native_bytes: 142235033 new_native_bytes: 2380976 add_bytes_allowed: 35512143 is_gc_concurrent: 1 target_footprint_: 27590191 GetBytesAllocated: 18362152 HeapGrowthMultiplier: 3
12-15 14:55:40.518  3161  3432 I com.miui.home: CheckGCForNative gc_urgency 0.436277 current_native_bytes is 144616009
12-15 14:55:40.596  3161  3432 I com.miui.home: CheckGCForNative adj_start_bytes: 44821974 NativeAllocationGcWatermark: 11837381 java_gc_start_bytes: 27065903 kNewNativeDiscountFactor: 2 kOldNativeDiscountFactor: 65536 old_native_bytes: 142235033 new_native_bytes: 2764772 add_bytes_allowed: 35512143 is_gc_concurrent: 1 target_footprint_: 27590191 GetBytesAllocated: 18640680 HeapGrowthMultiplier: 3
12-15 14:55:40.596  3161  3432 I com.miui.home: CheckGCForNative gc_urgency 0.446773 current_native_bytes is 144999805
12-15 14:55:40.678  3161  3687 I com.miui.home: CheckGCForNative adj_start_bytes: 44821974 NativeAllocationGcWatermark: 11837381 java_gc_start_bytes: 27065903 kNewNativeDiscountFactor: 2 kOldNativeDiscountFactor: 65536 old_native_bytes: 142235033 new_native_bytes: 2797656 add_bytes_allowed: 35512143 is_gc_concurrent: 1 target_footprint_: 27590191 GetBytesAllocated: 19067112 HeapGrowthMultiplier: 3
12-15 14:55:40.678  3161  3687 I com.miui.home: CheckGCForNative gc_urgency 0.456653 current_native_bytes is 145032689
12-15 14:55:40.746  9554  9554 I wm_on_top_resumed_lost_called: [166710338,com.tencent.mm.app.WeChatSplashActivity,topStateChangedWhenResumed]
12-15 14:55:40.749  9554  9554 I wm_on_paused_called: [0,166710338,com.tencent.mm.app.WeChatSplashActivity,performPause,2]
12-15 14:55:40.799  3161  3161 I wm_on_stop_called: [0,213264645,com.miui.home.launcher.Launcher,STOP_ACTIVITY_ITEM,6]
12-15 14:55:40.962  9554  9554 I wm_on_create_called: [0,45544698,com.tencent.mm.ui.LauncherUI,performCreate,147]
12-15 14:55:40.976  3161  3687 I com.miui.home: CheckGCForNative adj_start_bytes: 44821974 NativeAllocationGcWatermark: 11837381 java_gc_start_bytes: 27065903 kNewNativeDiscountFactor: 2 kOldNativeDiscountFactor: 65536 old_native_bytes: 142235033 new_native_bytes: 3070060 add_bytes_allowed: 35512143 is_gc_concurrent: 1 target_footprint_: 27590191 GetBytesAllocated: 19513176 HeapGrowthMultiplier: 3
12-15 14:55:40.977  3161  3687 I com.miui.home: CheckGCForNative gc_urgency 0.469644 current_native_bytes is 145305093
12-15 14:55:40.980  9554  9554 I wm_on_start_called: [0,45544698,com.tencent.mm.ui.LauncherUI,handleStartActivity,8]
12-15 14:55:41.028  9554  9554 I wm_on_resume_called: [0,45544698,com.tencent.mm.ui.LauncherUI,RESUME_ACTIVITY,48]
12-15 14:55:41.037  9554  9554 I wm_on_top_resumed_gained_called: [45544698,com.tencent.mm.ui.LauncherUI,topStateChangedWhenResumed]
12-15 14:55:41.039  9554  9554 I wm_on_destroy_called: [0,16040143,com.tencent.mm.ui.LauncherUI,performDestroy,1]
12-15 14:55:41.062  9554  9554 I wm_on_top_resumed_lost_called: [45544698,com.tencent.mm.ui.LauncherUI,topStateChangedWhenResumed]
12-15 14:55:41.071  9554  9554 I wm_on_paused_called: [0,45544698,com.tencent.mm.ui.LauncherUI,performPause,8]
12-15 14:55:41.142  3161  3687 I com.miui.home: CheckGCForNative gc_urgency 0 current_native_bytes is 132800941
12-15 14:55:41.164  9554  9554 I wm_on_stop_called: [0,166710338,com.tencent.mm.app.WeChatSplashActivity,LIFECYCLER_STOP_ACTIVITY,1]
12-15 14:55:41.166  9554  9554 I wm_on_destroy_called: [0,166710338,com.tencent.mm.app.WeChatSplashActivity,performDestroy,1]
12-15 14:55:41.251  9554  9554 I wm_on_create_called: [0,197261162,com.tencent.mm.plugin.account.ui.WelcomeActivity,performCreate,47]
12-15 14:55:41.254  9554  9554 I wm_on_start_called: [0,197261162,com.tencent.mm.plugin.account.ui.WelcomeActivity,handleStartActivity,1]
12-15 14:55:41.258  9554  9554 I wm_on_resume_called: [0,197261162,com.tencent.mm.plugin.account.ui.WelcomeActivity,RESUME_ACTIVITY,4]
12-15 14:55:41.265  3161  3687 I com.miui.home: CheckGCForNative adj_start_bytes: 44872115 NativeAllocationGcWatermark: 11834095 java_gc_start_bytes: 27120973 kNewNativeDiscountFactor: 2 kOldNativeDiscountFactor: 65536 old_native_bytes: 132800941 new_native_bytes: 354644 add_bytes_allowed: 35502285 is_gc_concurrent: 1 target_footprint_: 27563901 GetBytesAllocated: 14831728 HeapGrowthMultiplier: 3
12-15 14:55:41.265  3161  3687 I com.miui.home: CheckGCForNative gc_urgency 0.33453 current_native_bytes is 133155585
12-15 14:55:41.269  9554  9554 I wm_on_top_resumed_gained_called: [197261162,com.tencent.mm.plugin.account.ui.WelcomeActivity,topStateChangedWhenResumed]
12-15 14:55:41.365  3161  3687 I com.miui.home: CheckGCForNative adj_start_bytes: 44872115 NativeAllocationGcWatermark: 11834095 java_gc_start_bytes: 27120973 kNewNativeDiscountFactor: 2 kOldNativeDiscountFactor: 65536 old_native_bytes: 132800941 new_native_bytes: 632456 add_bytes_allowed: 35502285 is_gc_concurrent: 1 target_footprint_: 27563901 GetBytesAllocated: 15274544 HeapGrowthMultiplier: 3
12-15 14:55:41.365  3161  3687 I com.miui.home: CheckGCForNative gc_urgency 0.347494 current_native_bytes is 133433397
