12-15 14:55:41.405  9554  9554 I wm_on_stop_called: [0,45544698,com.tencent.mm.ui.LauncherUI,STOP_ACTIVITY_ITEM,1]
12-15 14:55:42.049  3161  3431 I com.miui.home: CheckGCForNative adj_start_bytes: 44872115 NativeAllocationGcWatermark: 11834095 java_gc_start_bytes: 27120973 kNewNativeDiscountFactor: 2 kOldNativeDiscountFactor: 65536 old_native_bytes: 132800941 new_native_bytes: 681116 add_bytes_allowed: 35502285 is_gc_concurrent: 1 target_footprint_: 27563901 GetBytesAllocated: 15946544 HeapGrowthMultiplier: 3
12-15 14:55:42.049  3161  3431 I com.miui.home: CheckGCForNative gc_urgency 0.363377 current_native_bytes is 133482057
12-15 14:55:42.067  3161  3161 I wm_on_restart_called: [0,213264645,com.miui.home.launcher.Launcher,performRestartActivity,0]
12-15 14:55:42.068  3161  3161 I wm_on_start_called: [0,213264645,com.miui.home.launcher.Launcher,handleStartActivity,1]
12-15 14:55:42.130  3161  3505 I com.miui.home: CheckGCForNative adj_start_bytes: 44872115 NativeAllocationGcWatermark: 11834095 java_gc_start_bytes: 27120973 kNewNativeDiscountFactor: 2 kOldNativeDiscountFactor: 65536 old_native_bytes: 132800941 new_native_bytes: 11498648 add_bytes_allowed: 35502285 is_gc_concurrent: 1 target_footprint_: 27563901 GetBytesAllocated: 16274384 HeapGrowthMultiplier: 3
12-15 14:55:42.131  3161  3505 I com.miui.home: CheckGCForNative gc_urgency 0.490856 current_native_bytes is 144299589
12-15 14:55:42.131  3161  3505 I com.miui.home: CheckGCForNative adj_start_bytes: 44872115 NativeAllocationGcWatermark: 11834095 java_gc_start_bytes: 27120973 kNewNativeDiscountFactor: 2 kOldNativeDiscountFactor: 65536 old_native_bytes: 132800941 new_native_bytes: 22203416 add_bytes_allowed: 35502285 is_gc_concurrent: 1 target_footprint_: 27563901 GetBytesAllocated: 16290992 HeapGrowthMultiplier: 3
12-15 14:55:42.131  3161  3505 I com.miui.home: CheckGCForNative gc_urgency 0.610507 current_native_bytes is 155004357
12-15 14:55:42.158  3161  3505 I com.miui.home: CheckGCForNative adj_start_bytes: 44872115 NativeAllocationGcWatermark: 11834095 java_gc_start_bytes: 27120973 kNewNativeDiscountFactor: 2 kOldNativeDiscountFactor: 65536 old_native_bytes: 132800941 new_native_bytes: 22274488 add_bytes_allowed: 35502285 is_gc_concurrent: 1 target_footprint_: 27563901 GetBytesAllocated: 16340144 HeapGrowthMultiplier: 3
12-15 14:55:42.158  3161  3505 I com.miui.home: CheckGCForNative gc_urgency 0.612394 current_native_bytes is 155075429
12-15 14:55:42.362  3161  3432 I com.miui.home: CheckGCForNative adj_start_bytes: 44872115 NativeAllocationGcWatermark: 11834095 java_gc_start_bytes: 27120973 kNewNativeDiscountFactor: 2 kOldNativeDiscountFactor: 65536 old_native_bytes: 132800941 new_native_bytes: 11562904 add_bytes_allowed: 35502285 is_gc_concurrent: 1 target_footprint_: 27563901 GetBytesAllocated: 16471408 HeapGrowthMultiplier: 3
12-15 14:55:42.362  3161  3432 I com.miui.home: CheckGCForNative gc_urgency 0.495962 current_native_bytes is 144363845
12-15 14:55:42.611  9554  9554 I wm_on_top_resumed_lost_called: [197261162,com.tencent.mm.plugin.account.ui.WelcomeActivity,topStateChangedWhenResumed]
12-15 14:55:42.623  3161  3161 I wm_on_resume_called: [0,213264645,com.miui.home.launcher.Launcher,RESUME_ACTIVITY,6]
12-15 14:55:42.627  3161  3161 I wm_on_idle_called: com.miui.home.launcher.Launcher
12-15 14:55:42.633  3161  3161 I wm_on_top_resumed_gained_called: [213264645,com.miui.home.launcher.Launcher,topStateChangedWhenResumed]
12-15 14:55:42.636  9554  9554 I wm_on_paused_called: [0,197261162,com.tencent.mm.plugin.account.ui.WelcomeActivity,performPause,5]
12-15 14:55:42.684  9554  9554 I wm_on_stop_called: [0,197261162,com.tencent.mm.plugin.account.ui.WelcomeActivity,STOP_ACTIVITY_ITEM,10]
12-15 14:55:42.685  9554  9554 I wm_on_idle_called: com.tencent.mm.plugin.account.ui.WelcomeActivity
12-15 14:55:42.686  9554  9554 I wm_on_idle_called: com.tencent.mm.ui.LauncherUI
12-15 14:55:42.771  3161  3687 I com.miui.home: CheckGCForNative adj_start_bytes: 44872115 NativeAllocationGcWatermark: 11834095 java_gc_start_bytes: 27120973 kNewNativeDiscountFactor: 2 kOldNativeDiscountFactor: 65536 old_native_bytes: 132800941 new_native_bytes: 11589432 add_bytes_allowed: 35502285 is_gc_concurrent: 1 target_footprint_: 27563901 GetBytesAllocated: 17734224 HeapGrowthMultiplier: 3
12-15 14:55:42.771  3161  3687 I com.miui.home: CheckGCForNative gc_urgency 0.524401 current_native_bytes is 144390373
12-15 14:55:42.790  3161  3687 I com.miui.home: CheckGCForNative adj_start_bytes: 44872115 NativeAllocationGcWatermark: 11834095 java_gc_start_bytes: 27120973 kNewNativeDiscountFactor: 2 kOldNativeDiscountFactor: 65536 old_native_bytes: 132800941 new_native_bytes: 22620332 add_bytes_allowed: 35502285 is_gc_concurrent: 1 target_footprint_: 27563901 GetBytesAllocated: 17979984 HeapGrowthMultiplier: 3
12-15 14:55:42.790  3161  3687 I com.miui.home: CheckGCForNative gc_urgency 0.652792 current_native_bytes is 155421273
12-15 14:55:42.805  3161  3687 I com.miui.home: CheckGCForNative adj_start_bytes: 44872115 NativeAllocationGcWatermark: 11834095 java_gc_start_bytes: 27120973 kNewNativeDiscountFactor: 2 kOldNativeDiscountFactor: 65536 old_native_bytes: 132800941 new_native_bytes: 11990188 add_bytes_allowed: 35502285 is_gc_concurrent: 1 target_footprint_: 27563901 GetBytesAllocated: 18193632 HeapGrowthMultiplier: 3
12-15 14:55:42.805  3161  3687 I com.miui.home: CheckGCForNative gc_urgency 0.539104 current_native_bytes is 144791129
12-15 14:55:42.941  3161  3161 I wm_on_top_resumed_lost_called: [213264645,com.miui.home.launcher.Launcher,topStateChangedWhenResumed]
12-15 14:55:42.944  3161  3161 I wm_on_paused_called: [0,213264645,com.miui.home.launcher.Launcher,performPause,1]
12-15 14:55:43.021  3161  3687 I com.miui.home: CheckGCForNative adj_start_bytes: 44872115 NativeAllocationGcWatermark: 11834095 java_gc_start_bytes: 27120973 kNewNativeDiscountFactor: 2 kOldNativeDiscountFactor: 65536 old_native_bytes: 132800941 new_native_bytes: 12600932 add_bytes_allowed: 35502285 is_gc_concurrent: 1 target_footprint_: 27563901 GetBytesAllocated: 19029776 HeapGrowthMultiplier: 3
12-15 14:55:43.022  3161  3687 I com.miui.home: CheckGCForNative gc_urgency 0.564544 current_native_bytes is 145401873
12-15 14:55:43.064  3161  3687 I com.miui.home: CheckGCForNative adj_start_bytes: 44872115 NativeAllocationGcWatermark: 11834095 java_gc_start_bytes: 27120973 kNewNativeDiscountFactor: 2 kOldNativeDiscountFactor: 65536 old_native_bytes: 132800941 new_native_bytes: 12810864 add_bytes_allowed: 35502285 is_gc_concurrent: 1 target_footprint_: 27563901 GetBytesAllocated: 19365680 HeapGrowthMultiplier: 3
12-15 14:55:43.064  3161  3687 I com.miui.home: CheckGCForNative gc_urgency 0.574369 current_native_bytes is 145611805
12-15 14:55:43.111  3161  7589 I com.miui.home: CheckGCForNative adj_start_bytes: 44872115 NativeAllocationGcWatermark: 11834095 java_gc_start_bytes: 27120973 kNewNativeDiscountFactor: 2 kOldNativeDiscountFactor: 65536 old_native_bytes: 132800941 new_native_bytes: 12895152 add_bytes_allowed: 35502285 is_gc_concurrent: 1 target_footprint_: 27563901 GetBytesAllocated: 19595120 HeapGrowthMultiplier: 3
12-15 14:55:43.111  3161  7589 I com.miui.home: CheckGCForNative gc_urgency 0.580421 current_native_bytes is 145696093
12-15 14:55:43.269  3161  3687 I com.miui.home: CheckGCForNative adj_start_bytes: 44872115 NativeAllocationGcWatermark: 11834095 java_gc_start_bytes: 27120973 kNewNativeDiscountFactor: 2 kOldNativeDiscountFactor: 65536 old_native_bytes: 132800941 new_native_bytes: 13188736 add_bytes_allowed: 35502285 is_gc_concurrent: 1 target_footprint_: 27563901 GetBytesAllocated: 19988816 HeapGrowthMultiplier: 3
12-15 14:55:43.270  3161  3687 I com.miui.home: CheckGCForNative gc_urgency 0.592466 current_native_bytes is 145989677
12-15 14:55:43.440  3161  3432 I com.miui.home: CheckGCForNative adj_start_bytes: 44872115 NativeAllocationGcWatermark: 11834095 java_gc_start_bytes: 27120973 kNewNativeDiscountFactor: 2 kOldNativeDiscountFactor: 65536 old_native_bytes: 132800941 new_native_bytes: 13400052 add_bytes_allowed: 35502285 is_gc_concurrent: 1 target_footprint_: 27563901 GetBytesAllocated: 20250960 HeapGrowthMultiplier: 3
12-15 14:55:43.441  3161  3432 I com.miui.home: CheckGCForNative gc_urgency 0.600663 current_native_bytes is 146200993
12-15 14:55:43.870 11424 11424 I wm_on_application_create_called: [0,com.kmxs.reader,572]
12-15 14:55:44.049 11424 11424 I wm_on_create_called: [0,23265501,com.km.app.home.view.LoadingActivity,performCreate,115]
12-15 14:55:44.054 11424 11424 I wm_on_start_called: [0,23265501,com.km.app.home.view.LoadingActivity,handleStartActivity,4]
12-15 14:55:44.067 11424 11424 I wm_on_resume_called: [0,23265501,com.km.app.home.view.LoadingActivity,RESUME_ACTIVITY,9]
12-15 14:55:44.145 11424 11424 I wm_on_top_resumed_gained_called: [23265501,com.km.app.home.view.LoadingActivity,topStateChangedWhenResumed]
12-15 14:55:44.590  3161  3161 I wm_on_stop_called: [0,213264645,com.miui.home.launcher.Launcher,STOP_ACTIVITY_ITEM,3]
12-15 14:55:45.118 11424 11424 I wm_on_top_resumed_lost_called: [23265501,com.km.app.home.view.LoadingActivity,topStateChangedWhenResumed]
12-15 14:55:45.124 11424 11424 I wm_on_paused_called: [0,23265501,com.km.app.home.view.LoadingActivity,performPause,6]
12-15 14:55:45.208 11424 11424 I wm_on_create_called: [0,28816992,com.kmxs.reader.home.ui.HomeActivity,performCreate,66]
12-15 14:55:45.213 11424 11424 I wm_on_start_called: [0,28816992,com.kmxs.reader.home.ui.HomeActivity,handleStartActivity,2]
12-15 14:55:45.246 11424 11424 I wm_on_resume_called: [0,28816992,com.kmxs.reader.home.ui.HomeActivity,RESUME_ACTIVITY,31]
12-15 14:55:45.284 11424 11424 I wm_on_top_resumed_gained_called: [28816992,com.kmxs.reader.home.ui.HomeActivity,topStateChangedWhenResumed]
12-15 14:55:45.357  3161  3687 I com.miui.home: CheckGCForNative gc_urgency 0 current_native_bytes is 128088729
12-15 14:55:45.406  3161  3687 I com.miui.home: CheckGCForNative adj_start_bytes: 44532497 NativeAllocationGcWatermark: 11773315 java_gc_start_bytes: 26872525 kNewNativeDiscountFactor: 2 kOldNativeDiscountFactor: 65536 old_native_bytes: 128088729 new_native_bytes: 1004832 add_bytes_allowed: 35319945 is_gc_concurrent: 1 target_footprint_: 27077661 GetBytesAllocated: 13834784 HeapGrowthMultiplier: 3
12-15 14:55:45.406  3161  3687 I com.miui.home: CheckGCForNative gc_urgency 0.321993 current_native_bytes is 129093561
12-15 14:55:45.410  3161  3687 I com.miui.home: CheckGCForNative adj_start_bytes: 44532497 NativeAllocationGcWatermark: 11773315 java_gc_start_bytes: 26872525 kNewNativeDiscountFactor: 2 kOldNativeDiscountFactor: 65536 old_native_bytes: 128088729 new_native_bytes: 1402080 add_bytes_allowed: 35319945 is_gc_concurrent: 1 target_footprint_: 27077661 GetBytesAllocated: 13851168 HeapGrowthMultiplier: 3
12-15 14:55:45.410  3161  3687 I com.miui.home: CheckGCForNative gc_urgency 0.326821 current_native_bytes is 129490809
12-15 14:55:45.418  3161  3687 I com.miui.home: CheckGCForNative adj_start_bytes: 44532497 NativeAllocationGcWatermark: 11773315 java_gc_start_bytes: 26872525 kNewNativeDiscountFactor: 2 kOldNativeDiscountFactor: 65536 old_native_bytes: 128088729 new_native_bytes: 2072832 add_bytes_allowed: 35319945 is_gc_concurrent: 1 target_footprint_: 27077661 GetBytesAllocated: 13884112 HeapGrowthMultiplier: 3
12-15 14:55:45.418  3161  3687 I com.miui.home: CheckGCForNative gc_urgency 0.335092 current_native_bytes is 130161561
12-15 14:55:45.421 11424 11424 I wm_on_idle_called: com.kmxs.reader.home.ui.HomeActivity
12-15 14:55:45.422  3161  3687 I com.miui.home: CheckGCForNative adj_start_bytes: 44532497 NativeAllocationGcWatermark: 11773315 java_gc_start_bytes: 26872525 kNewNativeDiscountFactor: 2 kOldNativeDiscountFactor: 65536 old_native_bytes: 128088729 new_native_bytes: 2533184 add_bytes_allowed: 35319945 is_gc_concurrent: 1 target_footprint_: 27077661 GetBytesAllocated: 13884112 HeapGrowthMultiplier: 3
12-15 14:55:45.422  3161  3687 I com.miui.home: CheckGCForNative gc_urgency 0.340261 current_native_bytes is 130621913
12-15 14:55:45.436  3161  3687 I com.miui.home: CheckGCForNative adj_start_bytes: 44532497 NativeAllocationGcWatermark: 11773315 java_gc_start_bytes: 26872525 kNewNativeDiscountFactor: 2 kOldNativeDiscountFactor: 65536 old_native_bytes: 128088729 new_native_bytes: 2939664 add_bytes_allowed: 35319945 is_gc_concurrent: 1 target_footprint_: 27077661 GetBytesAllocated: 13949888 HeapGrowthMultiplier: 3
12-15 14:55:45.436  3161  3687 I com.miui.home: CheckGCForNative gc_urgency 0.346302 current_native_bytes is 131028393
12-15 14:55:45.446  3161  3687 I com.miui.home: CheckGCForNative adj_start_bytes: 44532497 NativeAllocationGcWatermark: 11773315 java_gc_start_bytes: 26872525 kNewNativeDiscountFactor: 2 kOldNativeDiscountFactor: 65536 old_native_bytes: 128088729 new_native_bytes: 3582352 add_bytes_allowed: 35319945 is_gc_concurrent: 1 target_footprint_: 27077661 GetBytesAllocated: 13949888 HeapGrowthMultiplier: 3
12-15 14:55:45.446  3161  3687 I com.miui.home: CheckGCForNative gc_urgency 0.353518 current_native_bytes is 131671081
12-15 14:55:45.467  3161  3687 I com.miui.home: CheckGCForNative adj_start_bytes: 44532497 NativeAllocationGcWatermark: 11773315 java_gc_start_bytes: 26872525 kNewNativeDiscountFactor: 2 kOldNativeDiscountFactor: 65536 old_native_bytes: 128088729 new_native_bytes: 4092784 add_bytes_allowed: 35319945 is_gc_concurrent: 1 target_footprint_: 27077661 GetBytesAllocated: 13982752 HeapGrowthMultiplier: 3
12-15 14:55:45.467  3161  3687 I com.miui.home: CheckGCForNative gc_urgency 0.359987 current_native_bytes is 132181513
12-15 14:55:45.478  3161  3687 I com.miui.home: CheckGCForNative adj_start_bytes: 44532497 NativeAllocationGcWatermark: 11773315 java_gc_start_bytes: 26872525 kNewNativeDiscountFactor: 2 kOldNativeDiscountFactor: 65536 old_native_bytes: 128088729 new_native_bytes: 4088648 add_bytes_allowed: 35319945 is_gc_concurrent: 1 target_footprint_: 27077661 GetBytesAllocated: 13982880 HeapGrowthMultiplier: 3
12-15 14:55:45.478  3161  3687 I com.miui.home: CheckGCForNative gc_urgency 0.359943 current_native_bytes is 132177377
12-15 14:55:45.490  3161  3687 I com.miui.home: CheckGCForNative adj_start_bytes: 44532497 NativeAllocationGcWatermark: 11773315 java_gc_start_bytes: 26872525 kNewNativeDiscountFactor: 2 kOldNativeDiscountFactor: 65536 old_native_bytes: 128088729 new_native_bytes: 4485192 add_bytes_allowed: 35319945 is_gc_concurrent: 1 target_footprint_: 27077661 GetBytesAllocated: 13982880 HeapGrowthMultiplier: 3
12-15 14:55:45.491  3161  3687 I com.miui.home: CheckGCForNative gc_urgency 0.364395 current_native_bytes is 132573921
12-15 14:55:45.508  3161  3687 I com.miui.home: CheckGCForNative adj_start_bytes: 44532497 NativeAllocationGcWatermark: 11773315 java_gc_start_bytes: 26872525 kNewNativeDiscountFactor: 2 kOldNativeDiscountFactor: 65536 old_native_bytes: 128088729 new_native_bytes: 5029920 add_bytes_allowed: 35319945 is_gc_concurrent: 1 target_footprint_: 27077661 GetBytesAllocated: 14015840 HeapGrowthMultiplier: 3
12-15 14:55:45.508  3161  3687 I com.miui.home: CheckGCForNative gc_urgency 0.371251 current_native_bytes is 133118649
12-15 14:55:45.606 11424 11424 I wm_on_stop_called: [0,23265501,com.km.app.home.view.LoadingActivity,LIFECYCLER_STOP_ACTIVITY,2]
12-15 14:55:45.608 11424 11424 I wm_on_destroy_called: [0,23265501,com.km.app.home.view.LoadingActivity,performDestroy,0]
12-15 14:55:45.656  3161  3687 I com.miui.home: CheckGCForNative adj_start_bytes: 44532497 NativeAllocationGcWatermark: 11773315 java_gc_start_bytes: 26872525 kNewNativeDiscountFactor: 2 kOldNativeDiscountFactor: 65536 old_native_bytes: 128088729 new_native_bytes: 6162452 add_bytes_allowed: 35319945 is_gc_concurrent: 1 target_footprint_: 27077661 GetBytesAllocated: 14524608 HeapGrowthMultiplier: 3
12-15 14:55:45.658  3161  3687 I com.miui.home: CheckGCForNative gc_urgency 0.395392 current_native_bytes is 134251181
12-15 14:55:46.241  3161  3161 I wm_on_restart_called: [0,213264645,com.miui.home.launcher.Launcher,performRestartActivity,0]
12-15 14:55:46.242  3161  3161 I wm_on_start_called: [0,213264645,com.miui.home.launcher.Launcher,handleStartActivity,1]
12-15 14:55:46.302  3161  3951 I com.miui.home: CheckGCForNative adj_start_bytes: 44532497 NativeAllocationGcWatermark: 11773315 java_gc_start_bytes: 26872525 kNewNativeDiscountFactor: 2 kOldNativeDiscountFactor: 65536 old_native_bytes: 128088729 new_native_bytes: 17140216 add_bytes_allowed: 35319945 is_gc_concurrent: 1 target_footprint_: 27077661 GetBytesAllocated: 15557248 HeapGrowthMultiplier: 3
12-15 14:55:46.302  3161  3951 I com.miui.home: CheckGCForNative gc_urgency 0.541836 current_native_bytes is 145228945
12-15 14:55:46.306  3161  3951 I com.miui.home: CheckGCForNative adj_start_bytes: 44532497 NativeAllocationGcWatermark: 11773315 java_gc_start_bytes: 26872525 kNewNativeDiscountFactor: 2 kOldNativeDiscountFactor: 65536 old_native_bytes: 128088729 new_native_bytes: 27846328 add_bytes_allowed: 35319945 is_gc_concurrent: 1 target_footprint_: 27077661 GetBytesAllocated: 15573824 HeapGrowthMultiplier: 3
12-15 14:55:46.306  3161  3951 I com.miui.home: CheckGCForNative gc_urgency 0.662414 current_native_bytes is 155935057
12-15 14:55:46.327  3161  3951 I com.miui.home: CheckGCForNative adj_start_bytes: 44532497 NativeAllocationGcWatermark: 11773315 java_gc_start_bytes: 26872525 kNewNativeDiscountFactor: 2 kOldNativeDiscountFactor: 65536 old_native_bytes: 128088729 new_native_bytes: 27852728 add_bytes_allowed: 35319945 is_gc_concurrent: 1 target_footprint_: 27077661 GetBytesAllocated: 15672128 HeapGrowthMultiplier: 3
12-15 14:55:46.329  3161  3951 I com.miui.home: CheckGCForNative gc_urgency 0.664693 current_native_bytes is 155941457
12-15 14:55:46.374  3161  3432 I com.miui.home: CheckGCForNative adj_start_bytes: 44532497 NativeAllocationGcWatermark: 11773315 java_gc_start_bytes: 26872525 kNewNativeDiscountFactor: 2 kOldNativeDiscountFactor: 65536 old_native_bytes: 128088729 new_native_bytes: 17148088 add_bytes_allowed: 35319945 is_gc_concurrent: 1 target_footprint_: 27077661 GetBytesAllocated: 15737856 HeapGrowthMultiplier: 3
12-15 14:55:46.374  3161  3432 I com.miui.home: CheckGCForNative gc_urgency 0.54598 current_native_bytes is 145236817
12-15 14:55:46.729  3161  3432 I com.miui.home: CheckGCForNative adj_start_bytes: 44532497 NativeAllocationGcWatermark: 11773315 java_gc_start_bytes: 26872525 kNewNativeDiscountFactor: 2 kOldNativeDiscountFactor: 65536 old_native_bytes: 128088729 new_native_bytes: 17173944 add_bytes_allowed: 35319945 is_gc_concurrent: 1 target_footprint_: 27077661 GetBytesAllocated: 15967232 HeapGrowthMultiplier: 3
12-15 14:55:46.729  3161  3432 I com.miui.home: CheckGCForNative gc_urgency 0.551421 current_native_bytes is 145262673
12-15 14:55:46.770 11424 11424 I wm_on_top_resumed_lost_called: [28816992,com.kmxs.reader.home.ui.HomeActivity,topStateChangedWhenResumed]
12-15 14:55:46.797  3161  3161 I wm_on_resume_called: [0,213264645,com.miui.home.launcher.Launcher,RESUME_ACTIVITY,8]
12-15 14:55:46.799  3161  3161 I com.miui.home: CheckGCForNative adj_start_bytes: 44532497 NativeAllocationGcWatermark: 11773315 java_gc_start_bytes: 26872525 kNewNativeDiscountFactor: 2 kOldNativeDiscountFactor: 65536 old_native_bytes: 128088729 new_native_bytes: 17151800 add_bytes_allowed: 35319945 is_gc_concurrent: 1 target_footprint_: 27077661 GetBytesAllocated: 16066304 HeapGrowthMultiplier: 3
12-15 14:55:46.799  3161  3161 I com.miui.home: CheckGCForNative gc_urgency 0.553397 current_native_bytes is 145240529
12-15 14:55:46.805 11424 11424 I wm_on_paused_called: [0,28816992,com.kmxs.reader.home.ui.HomeActivity,performPause,1]
12-15 14:55:46.821  3161  3161 I wm_on_top_resumed_gained_called: [213264645,com.miui.home.launcher.Launcher,topStateChangedWhenResumed]
12-15 14:55:46.822  3161  3161 I wm_on_idle_called: com.miui.home.launcher.Launcher
12-15 14:55:46.833 11424 11424 I wm_on_stop_called: [0,28816992,com.kmxs.reader.home.ui.HomeActivity,STOP_ACTIVITY_ITEM,16]
12-15 14:55:46.994  3161  3687 I com.miui.home: CheckGCForNative adj_start_bytes: 44532497 NativeAllocationGcWatermark: 11773315 java_gc_start_bytes: 26872525 kNewNativeDiscountFactor: 2 kOldNativeDiscountFactor: 65536 old_native_bytes: 128088729 new_native_bytes: 17415052 add_bytes_allowed: 35319945 is_gc_concurrent: 1 target_footprint_: 27077661 GetBytesAllocated: 17361168 HeapGrowthMultiplier: 3
12-15 14:55:46.995  3161  3687 I com.miui.home: CheckGCForNative gc_urgency 0.58543 current_native_bytes is 145503781
12-15 14:55:47.003  3161  3687 I com.miui.home: CheckGCForNative adj_start_bytes: 44532497 NativeAllocationGcWatermark: 11773315 java_gc_start_bytes: 26872525 kNewNativeDiscountFactor: 2 kOldNativeDiscountFactor: 65536 old_native_bytes: 128088729 new_native_bytes: 28146508 add_bytes_allowed: 35319945 is_gc_concurrent: 1 target_footprint_: 27077661 GetBytesAllocated: 17426704 HeapGrowthMultiplier: 3
12-15 14:55:47.003  3161  3687 I com.miui.home: CheckGCForNative gc_urgency 0.707392 current_native_bytes is 156235237
12-15 14:55:47.041  3161  3687 I com.miui.home: CheckGCForNative adj_start_bytes: 44532497 NativeAllocationGcWatermark: 11773315 java_gc_start_bytes: 26872525 kNewNativeDiscountFactor: 2 kOldNativeDiscountFactor: 65536 old_native_bytes: 128088729 new_native_bytes: 17585472 add_bytes_allowed: 35319945 is_gc_concurrent: 1 target_footprint_: 27077661 GetBytesAllocated: 17820592 HeapGrowthMultiplier: 3
12-15 14:55:47.041  3161  3687 I com.miui.home: CheckGCForNative gc_urgency 0.59766 current_native_bytes is 145674201
12-15 14:55:47.210  3161  3161 I wm_on_top_resumed_lost_called: [213264645,com.miui.home.launcher.Launcher,topStateChangedWhenResumed]
12-15 14:55:47.222  3161  3161 I wm_on_paused_called: [0,213264645,com.miui.home.launcher.Launcher,performPause,1]
12-15 14:55:47.352  3161  3687 I com.miui.home: CheckGCForNative adj_start_bytes: 44532497 NativeAllocationGcWatermark: 11773315 java_gc_start_bytes: 26872525 kNewNativeDiscountFactor: 2 kOldNativeDiscountFactor: 65536 old_native_bytes: 128088729 new_native_bytes: 18215700 add_bytes_allowed: 35319945 is_gc_concurrent: 1 target_footprint_: 27077661 GetBytesAllocated: 18730560 HeapGrowthMultiplier: 3
12-15 14:55:47.352  3161  3687 I com.miui.home: CheckGCForNative gc_urgency 0.62517 current_native_bytes is 146304429
12-15 14:55:47.473 12126 12126 I wm_on_application_create_called: [0,com.xiaomi.account,344]
12-15 14:55:47.479  3161  3687 I com.miui.home: CheckGCForNative adj_start_bytes: 44532497 NativeAllocationGcWatermark: 11773315 java_gc_start_bytes: 26872525 kNewNativeDiscountFactor: 2 kOldNativeDiscountFactor: 65536 old_native_bytes: 128088729 new_native_bytes: 18349872 add_bytes_allowed: 35319945 is_gc_concurrent: 1 target_footprint_: 27077661 GetBytesAllocated: 19189840 HeapGrowthMultiplier: 3
12-15 14:55:47.479  3161  3687 I com.miui.home: CheckGCForNative gc_urgency 0.636989 current_native_bytes is 146438601
12-15 14:55:47.972 12183 12183 I wm_on_create_called: [0,199715584,com.android.packageinstaller.permission.ui.GrantPermissionsActivity,performCreate,296]
12-15 14:55:47.974 12183 12183 I wm_on_start_called: [0,199715584,com.android.packageinstaller.permission.ui.GrantPermissionsActivity,handleStartActivity,1]
12-15 14:55:47.975 12183 12183 I wm_on_resume_called: [0,199715584,com.android.packageinstaller.permission.ui.GrantPermissionsActivity,RESUME_ACTIVITY,1]
12-15 14:55:47.986 12183 12183 I wm_on_top_resumed_gained_called: [199715584,com.android.packageinstaller.permission.ui.GrantPermissionsActivity,topStateChangedWhenResumed]
12-15 14:55:48.191 12183 12183 I wm_on_idle_called: com.android.packageinstaller.permission.ui.GrantPermissionsActivity
12-15 14:55:48.244  3161  3161 I wm_on_stop_called: [0,213264645,com.miui.home.launcher.Launcher,STOP_ACTIVITY_ITEM,11]
12-15 14:55:48.319 12154 12154 I wm_on_application_create_called: [0,com.UCMobile,454]
12-15 14:55:48.536 12203 12203 I wm_on_application_create_called: [0,com.android.settings,366]
12-15 14:55:48.671 12154 12154 I wm_on_create_called: [0,153454838,com.UCMobile.main.UCMobile,performCreate,341]
12-15 14:55:48.713 12183 12183 I wm_on_top_resumed_lost_called: [199715584,com.android.packageinstaller.permission.ui.GrantPermissionsActivity,topStateChangedWhenResumed]
12-15 14:55:48.755 12183 12183 I wm_on_paused_called: [0,199715584,com.android.packageinstaller.permission.ui.GrantPermissionsActivity,performPause,0]
12-15 14:55:48.795 12183 12183 I wm_on_create_called: [0,102874106,com.android.packageinstaller.permission.ui.GrantPermissionsActivity,performCreate,13]
12-15 14:55:48.803 12279 12279 I wm_on_application_create_called: [0,com.android.providers.downloads.ui,381]
12-15 14:55:48.821 12183 12183 I wm_on_resume_called: [0,199715584,com.android.packageinstaller.permission.ui.GrantPermissionsActivity,RESUME_ACTIVITY,1]
12-15 14:55:48.821 12183 12183 I wm_on_top_resumed_gained_called: [199715584,com.android.packageinstaller.permission.ui.GrantPermissionsActivity,topWhenResuming]
12-15 14:55:48.852 12183 12183 I wm_on_idle_called: com.android.packageinstaller.permission.ui.GrantPermissionsActivity
12-15 14:55:48.880 12183 12183 I wm_on_destroy_called: [0,102874106,com.android.packageinstaller.permission.ui.GrantPermissionsActivity,performDestroy,0]
12-15 14:55:49.075  3161  3687 I com.miui.home: CheckGCForNative gc_urgency 0 current_native_bytes is 131965013
12-15 14:55:49.104 12154 12154 I wm_on_create_called: [0,89034165,com.uc.browser.InnerUCMobile,performCreate,114]
12-15 14:55:49.126 12154 12154 I wm_on_start_called: [0,89034165,com.uc.browser.InnerUCMobile,handleStartActivity,18]
12-15 14:55:49.140 12154 12154 I wm_on_resume_called: [0,89034165,com.uc.browser.InnerUCMobile,LIFECYCLER_RESUME_ACTIVITY,13]
12-15 14:55:49.192  3161  3687 I com.miui.home: CheckGCForNative adj_start_bytes: 44417492 NativeAllocationGcWatermark: 11753413 java_gc_start_bytes: 26787373 kNewNativeDiscountFactor: 2 kOldNativeDiscountFactor: 65536 old_native_bytes: 131965013 new_native_bytes: 677060 add_bytes_allowed: 35260239 is_gc_concurrent: 1 target_footprint_: 26918445 GetBytesAllocated: 14427304 HeapGrowthMultiplier: 3
12-15 14:55:49.192  3161  3687 I com.miui.home: CheckGCForNative gc_urgency 0.332478 current_native_bytes is 132642073
12-15 14:55:49.292 12154 12154 I wm_on_paused_called: [0,89034165,com.uc.browser.InnerUCMobile,performPause,7]
12-15 14:55:49.325  3161  3161 I wm_on_restart_called: [0,213264645,com.miui.home.launcher.Launcher,performRestartActivity,0]
12-15 14:55:49.326  3161  3161 I wm_on_start_called: [0,213264645,com.miui.home.launcher.Launcher,handleStartActivity,1]
12-15 14:55:49.350 12154 12154 I wm_on_destroy_called: [0,153454838,com.UCMobile.main.UCMobile,performDestroy,0]
12-15 14:55:49.410  3161  3951 I com.miui.home: CheckGCForNative adj_start_bytes: 44417492 NativeAllocationGcWatermark: 11753413 java_gc_start_bytes: 26787373 kNewNativeDiscountFactor: 2 kOldNativeDiscountFactor: 65536 old_native_bytes: 131965013 new_native_bytes: 11587056 add_bytes_allowed: 35260239 is_gc_concurrent: 1 target_footprint_: 26918445 GetBytesAllocated: 15312472 HeapGrowthMultiplier: 3
12-15 14:55:49.410  3161  3951 I com.miui.home: CheckGCForNative gc_urgency 0.475218 current_native_bytes is 143552069
12-15 14:55:49.410  3161  3161 I com.miui.home: CheckGCForNative adj_start_bytes: 44417492 NativeAllocationGcWatermark: 11753413 java_gc_start_bytes: 26787373 kNewNativeDiscountFactor: 2 kOldNativeDiscountFactor: 65536 old_native_bytes: 131965013 new_native_bytes: 22292720 add_bytes_allowed: 35260239 is_gc_concurrent: 1 target_footprint_: 26918445 GetBytesAllocated: 15329048 HeapGrowthMultiplier: 3
12-15 14:55:49.411  3161  3161 I com.miui.home: CheckGCForNative gc_urgency 0.596103 current_native_bytes is 154257733
12-15 14:55:49.422  3161  3218 I com.miui.home: CheckGCForNative adj_start_bytes: 44417492 NativeAllocationGcWatermark: 11753413 java_gc_start_bytes: 26787373 kNewNativeDiscountFactor: 2 kOldNativeDiscountFactor: 65536 old_native_bytes: 131965013 new_native_bytes: 22292720 add_bytes_allowed: 35260239 is_gc_concurrent: 1 target_footprint_: 26918445 GetBytesAllocated: 15329048 HeapGrowthMultiplier: 3
12-15 14:55:49.422  3161  3218 I com.miui.home: CheckGCForNative gc_urgency 0.596103 current_native_bytes is 154257733
12-15 14:55:49.563  3161  3432 I com.miui.home: CheckGCForNative adj_start_bytes: 44417492 NativeAllocationGcWatermark: 11753413 java_gc_start_bytes: 26787373 kNewNativeDiscountFactor: 2 kOldNativeDiscountFactor: 65536 old_native_bytes: 131965013 new_native_bytes: 11898304 add_bytes_allowed: 35260239 is_gc_concurrent: 1 target_footprint_: 26918445 GetBytesAllocated: 15493112 HeapGrowthMultiplier: 3
12-15 14:55:49.563  3161  3432 I com.miui.home: CheckGCForNative gc_urgency 0.482789 current_native_bytes is 143863317
12-15 14:55:49.718  3161  3432 I com.miui.home: CheckGCForNative adj_start_bytes: 44417492 NativeAllocationGcWatermark: 11753413 java_gc_start_bytes: 26787373 kNewNativeDiscountFactor: 2 kOldNativeDiscountFactor: 65536 old_native_bytes: 131965013 new_native_bytes: 11910976 add_bytes_allowed: 35260239 is_gc_concurrent: 1 target_footprint_: 26918445 GetBytesAllocated: 15591416 HeapGrowthMultiplier: 3
12-15 14:55:49.718  3161  3432 I com.miui.home: CheckGCForNative gc_urgency 0.485145 current_native_bytes is 143875989
12-15 14:55:49.916 12477 12477 I wm_on_application_create_called: [0,com.xunmeng.pinduoduo,264]
12-15 14:55:49.929 12183 12183 I wm_on_top_resumed_lost_called: [199715584,com.android.packageinstaller.permission.ui.GrantPermissionsActivity,topStateChangedWhenResumed]
12-15 14:55:49.986  3161  3406 I com.miui.home: CheckGCForNative adj_start_bytes: 44417492 NativeAllocationGcWatermark: 11753413 java_gc_start_bytes: 26787373 kNewNativeDiscountFactor: 2 kOldNativeDiscountFactor: 65536 old_native_bytes: 131965013 new_native_bytes: 11888672 add_bytes_allowed: 35260239 is_gc_concurrent: 1 target_footprint_: 26918445 GetBytesAllocated: 15738872 HeapGrowthMultiplier: 3
12-15 14:55:49.987  3161  3406 I com.miui.home: CheckGCForNative gc_urgency 0.488214 current_native_bytes is 143853685
12-15 14:55:49.994  3161  3161 I wm_on_resume_called: [0,213264645,com.miui.home.launcher.Launcher,RESUME_ACTIVITY,33]
12-15 14:55:49.997  3161  3161 I wm_on_idle_called: com.miui.home.launcher.Launcher
12-15 14:55:50.039  3161  3161 I wm_on_top_resumed_gained_called: [213264645,com.miui.home.launcher.Launcher,topStateChangedWhenResumed]
12-15 14:55:50.040 12183 12183 I wm_on_paused_called: [0,199715584,com.android.packageinstaller.permission.ui.GrantPermissionsActivity,performPause,0]
12-15 14:55:50.222 12183 12183 I wm_on_stop_called: [0,199715584,com.android.packageinstaller.permission.ui.GrantPermissionsActivity,STOP_ACTIVITY_ITEM,55]
12-15 14:55:50.276 12183 12183 I wm_on_destroy_called: [0,199715584,com.android.packageinstaller.permission.ui.GrantPermissionsActivity,performDestroy,1]
12-15 14:55:50.320  3161  3161 I wm_on_top_resumed_lost_called: [213264645,com.miui.home.launcher.Launcher,topStateChangedWhenResumed]
12-15 14:55:50.347  3161  3161 I wm_on_paused_called: [0,213264645,com.miui.home.launcher.Launcher,performPause,2]
12-15 14:55:50.554  3161  3687 I com.miui.home: CheckGCForNative adj_start_bytes: 44417492 NativeAllocationGcWatermark: 11753413 java_gc_start_bytes: 26787373 kNewNativeDiscountFactor: 2 kOldNativeDiscountFactor: 65536 old_native_bytes: 131965013 new_native_bytes: 12424168 add_bytes_allowed: 35260239 is_gc_concurrent: 1 target_footprint_: 26918445 GetBytesAllocated: 17501592 HeapGrowthMultiplier: 3
12-15 14:55:50.554  3161  3687 I com.miui.home: CheckGCForNative gc_urgency 0.533927 current_native_bytes is 144389181
12-15 14:55:50.738  3161  3687 I com.miui.home: CheckGCForNative adj_start_bytes: 44417492 NativeAllocationGcWatermark: 11753413 java_gc_start_bytes: 26787373 kNewNativeDiscountFactor: 2 kOldNativeDiscountFactor: 65536 old_native_bytes: 131965013 new_native_bytes: 12676768 add_bytes_allowed: 35260239 is_gc_concurrent: 1 target_footprint_: 26918445 GetBytesAllocated: 17977384 HeapGrowthMultiplier: 3
12-15 14:55:50.738  3161  3687 I com.miui.home: CheckGCForNative gc_urgency 0.547482 current_native_bytes is 144641781
12-15 14:55:50.841  3161  3432 I com.miui.home: CheckGCForNative adj_start_bytes: 44417492 NativeAllocationGcWatermark: 11753413 java_gc_start_bytes: 26787373 kNewNativeDiscountFactor: 2 kOldNativeDiscountFactor: 65536 old_native_bytes: 131965013 new_native_bytes: 12953460 add_bytes_allowed: 35260239 is_gc_concurrent: 1 target_footprint_: 26918445 GetBytesAllocated: 18223144 HeapGrowthMultiplier: 3
12-15 14:55:50.841  3161  3432 I com.miui.home: CheckGCForNative gc_urgency 0.55613 current_native_bytes is 144918473
12-15 14:55:50.974  3161  3432 I com.miui.home: CheckGCForNative adj_start_bytes: 44417492 NativeAllocationGcWatermark: 11753413 java_gc_start_bytes: 26787373 kNewNativeDiscountFactor: 2 kOldNativeDiscountFactor: 65536 old_native_bytes: 131965013 new_native_bytes: 12935092 add_bytes_allowed: 35260239 is_gc_concurrent: 1 target_footprint_: 26918445 GetBytesAllocated: 18321448 HeapGrowthMultiplier: 3
12-15 14:55:50.974  3161  3432 I com.miui.home: CheckGCForNative gc_urgency 0.558136 current_native_bytes is 144900105
12-15 14:55:51.057  3161  3687 I com.miui.home: CheckGCForNative adj_start_bytes: 44417492 NativeAllocationGcWatermark: 11753413 java_gc_start_bytes: 26787373 kNewNativeDiscountFactor: 2 kOldNativeDiscountFactor: 65536 old_native_bytes: 131965013 new_native_bytes: 23625396 add_bytes_allowed: 35260239 is_gc_concurrent: 1 target_footprint_: 26918445 GetBytesAllocated: 18354216 HeapGrowthMultiplier: 3
12-15 14:55:51.057  3161  3687 I com.miui.home: CheckGCForNative gc_urgency 0.679213 current_native_bytes is 155590409
12-15 14:55:51.173  3161  3687 I com.miui.home: CheckGCForNative adj_start_bytes: 44417492 NativeAllocationGcWatermark: 11753413 java_gc_start_bytes: 26787373 kNewNativeDiscountFactor: 2 kOldNativeDiscountFactor: 65536 old_native_bytes: 131965013 new_native_bytes: 12707316 add_bytes_allowed: 35260239 is_gc_concurrent: 1 target_footprint_: 26918445 GetBytesAllocated: 18633576 HeapGrowthMultiplier: 3
12-15 14:55:51.173  3161  3687 I com.miui.home: CheckGCForNative gc_urgency 0.562599 current_native_bytes is 144672329
12-15 14:55:52.397 12740 12740 I wm_on_application_create_called: [0,com.dragon.read,1076]
12-15 14:55:52.517 12740 12740 I wm_on_create_called: [0,129692441,com.dragon.read.pages.splash.SplashActivity,performCreate,76]
12-15 14:55:52.666 12740 12740 I wm_on_start_called: [0,129692441,com.dragon.read.pages.splash.SplashActivity,handleStartActivity,146]
12-15 14:55:52.679  3161  3682 I com.miui.home: CheckGCForNative adj_start_bytes: 44417492 NativeAllocationGcWatermark: 11753413 java_gc_start_bytes: 26787373 kNewNativeDiscountFactor: 2 kOldNativeDiscountFactor: 65536 old_native_bytes: 131965013 new_native_bytes: 23692028 add_bytes_allowed: 35260239 is_gc_concurrent: 1 target_footprint_: 26918445 GetBytesAllocated: 19535208 HeapGrowthMultiplier: 3
12-15 14:55:52.679  3161  3682 I com.miui.home: CheckGCForNative gc_urgency 0.706551 current_native_bytes is 155657041
12-15 14:55:52.679  3161  3682 I com.miui.home: CheckGCForNative adj_start_bytes: 44417492 NativeAllocationGcWatermark: 11753413 java_gc_start_bytes: 26787373 kNewNativeDiscountFactor: 2 kOldNativeDiscountFactor: 65536 old_native_bytes: 131965013 new_native_bytes: 34398140 add_bytes_allowed: 35260239 is_gc_concurrent: 1 target_footprint_: 26918445 GetBytesAllocated: 19551784 HeapGrowthMultiplier: 3
12-15 14:55:52.679  3161  3682 I com.miui.home: CheckGCForNative gc_urgency 0.827441 current_native_bytes is 166363153
12-15 14:55:52.732  3161  3682 I com.miui.home: CheckGCForNative adj_start_bytes: 44417492 NativeAllocationGcWatermark: 11753413 java_gc_start_bytes: 26787373 kNewNativeDiscountFactor: 2 kOldNativeDiscountFactor: 65536 old_native_bytes: 131965013 new_native_bytes: 34511228 add_bytes_allowed: 35260239 is_gc_concurrent: 1 target_footprint_: 26918445 GetBytesAllocated: 19650088 HeapGrowthMultiplier: 3
12-15 14:55:52.732  3161  3682 I com.miui.home: CheckGCForNative gc_urgency 0.830927 current_native_bytes is 166476241
12-15 14:55:52.740  3161  3432 I com.miui.home: CheckGCForNative adj_start_bytes: 44417492 NativeAllocationGcWatermark: 11753413 java_gc_start_bytes: 26787373 kNewNativeDiscountFactor: 2 kOldNativeDiscountFactor: 65536 old_native_bytes: 131965013 new_native_bytes: 34481444 add_bytes_allowed: 35260239 is_gc_concurrent: 1 target_footprint_: 26918445 GetBytesAllocated: 19650280 HeapGrowthMultiplier: 3
12-15 14:55:52.741  3161  3432 I com.miui.home: CheckGCForNative gc_urgency 0.830597 current_native_bytes is 166446457
12-15 14:55:52.951 12740 12740 I wm_on_resume_called: [0,129692441,com.dragon.read.pages.splash.SplashActivity,RESUME_ACTIVITY,284]
12-15 14:55:52.957 12740 12740 I wm_on_top_resumed_gained_called: [129692441,com.dragon.read.pages.splash.SplashActivity,topStateChangedWhenResumed]
12-15 14:55:53.096  3161  3432 I com.miui.home: CheckGCForNative adj_start_bytes: 44417492 NativeAllocationGcWatermark: 11753413 java_gc_start_bytes: 26787373 kNewNativeDiscountFactor: 2 kOldNativeDiscountFactor: 65536 old_native_bytes: 131965013 new_native_bytes: 23807812 add_bytes_allowed: 35260239 is_gc_concurrent: 1 target_footprint_: 26918445 GetBytesAllocated: 19912520 HeapGrowthMultiplier: 3
12-15 14:55:53.096  3161  3432 I com.miui.home: CheckGCForNative gc_urgency 0.716349 current_native_bytes is 155772825
12-15 14:55:53.141  3161  3524 I com.miui.home: CheckGCForNative adj_start_bytes: 44417492 NativeAllocationGcWatermark: 11753413 java_gc_start_bytes: 26787373 kNewNativeDiscountFactor: 2 kOldNativeDiscountFactor: 65536 old_native_bytes: 131965013 new_native_bytes: 23808004 add_bytes_allowed: 35260239 is_gc_concurrent: 1 target_footprint_: 26918445 GetBytesAllocated: 19961672 HeapGrowthMultiplier: 3
12-15 14:55:53.142  3161  3524 I com.miui.home: CheckGCForNative gc_urgency 0.717458 current_native_bytes is 155773017
12-15 14:55:53.366  3161  3687 I com.miui.home: CheckGCForNative adj_start_bytes: 44417492 NativeAllocationGcWatermark: 11753413 java_gc_start_bytes: 26787373 kNewNativeDiscountFactor: 2 kOldNativeDiscountFactor: 65536 old_native_bytes: 131965013 new_native_bytes: 24263448 add_bytes_allowed: 35260239 is_gc_concurrent: 1 target_footprint_: 26918445 GetBytesAllocated: 20371848 HeapGrowthMultiplier: 3
12-15 14:55:53.366  3161  3687 I com.miui.home: CheckGCForNative gc_urgency 0.731819 current_native_bytes is 156228461
12-15 14:55:53.372  3161  3687 I com.miui.home: CheckGCForNative adj_start_bytes: 44417492 NativeAllocationGcWatermark: 11753413 java_gc_start_bytes: 26787373 kNewNativeDiscountFactor: 2 kOldNativeDiscountFactor: 65536 old_native_bytes: 131965013 new_native_bytes: 34995416 add_bytes_allowed: 35260239 is_gc_concurrent: 1 target_footprint_: 26918445 GetBytesAllocated: 20421000 HeapGrowthMultiplier: 3
12-15 14:55:53.372  3161  3687 I com.miui.home: CheckGCForNative gc_urgency 0.853734 current_native_bytes is 166960429
12-15 14:55:53.419  3161  3687 I com.miui.home: CheckGCForNative adj_start_bytes: 44417492 NativeAllocationGcWatermark: 11753413 java_gc_start_bytes: 26787373 kNewNativeDiscountFactor: 2 kOldNativeDiscountFactor: 65536 old_native_bytes: 131965013 new_native_bytes: 24626508 add_bytes_allowed: 35260239 is_gc_concurrent: 1 target_footprint_: 26918445 GetBytesAllocated: 20831336 HeapGrowthMultiplier: 3
12-15 14:55:53.419  3161  3687 I com.miui.home: CheckGCForNative gc_urgency 0.746251 current_native_bytes is 156591521
12-15 14:55:53.433  3161  3161 I wm_on_resume_called: [0,213264645,com.miui.home.launcher.Launcher,RESUME_ACTIVITY,4]
12-15 14:55:53.434  3161  3161 I wm_on_top_resumed_gained_called: [213264645,com.miui.home.launcher.Launcher,topWhenResuming]
12-15 14:55:53.435  3161  3161 I wm_on_idle_called: com.miui.home.launcher.Launcher
12-15 14:55:53.576  3161  3161 I wm_on_top_resumed_lost_called: [213264645,com.miui.home.launcher.Launcher,topStateChangedWhenResumed]
12-15 14:55:53.597  3161  3161 I wm_on_paused_called: [0,213264645,com.miui.home.launcher.Launcher,performPause,2]
12-15 14:55:53.725  3161  3687 I com.miui.home: CheckGCForNative adj_start_bytes: 44417492 NativeAllocationGcWatermark: 11753413 java_gc_start_bytes: 26787373 kNewNativeDiscountFactor: 2 kOldNativeDiscountFactor: 65536 old_native_bytes: 131965013 new_native_bytes: 25115312 add_bytes_allowed: 35260239 is_gc_concurrent: 1 target_footprint_: 26918445 GetBytesAllocated: 22495752 HeapGrowthMultiplier: 3
12-15 14:55:53.725  3161  3687 I com.miui.home: CheckGCForNative gc_urgency 0.789226 current_native_bytes is 157080325
12-15 14:55:54.031  3161  3687 I com.miui.home: CheckGCForNative adj_start_bytes: 44417492 NativeAllocationGcWatermark: 11753413 java_gc_start_bytes: 26787373 kNewNativeDiscountFactor: 2 kOldNativeDiscountFactor: 65536 old_native_bytes: 131965013 new_native_bytes: 25513636 add_bytes_allowed: 35260239 is_gc_concurrent: 1 target_footprint_: 26918445 GetBytesAllocated: 23176392 HeapGrowthMultiplier: 3
12-15 14:55:54.031  3161  3687 I com.miui.home: CheckGCForNative gc_urgency 0.809033 current_native_bytes is 157478649
12-15 14:55:54.151  3161  3432 I com.miui.home: CheckGCForNative adj_start_bytes: 44417492 NativeAllocationGcWatermark: 11753413 java_gc_start_bytes: 26787373 kNewNativeDiscountFactor: 2 kOldNativeDiscountFactor: 65536 old_native_bytes: 131965013 new_native_bytes: 25676392 add_bytes_allowed: 35260239 is_gc_concurrent: 1 target_footprint_: 26918445 GetBytesAllocated: 23471304 HeapGrowthMultiplier: 3
12-15 14:55:54.151  3161  3432 I com.miui.home: CheckGCForNative gc_urgency 0.817505 current_native_bytes is 157641405
12-15 14:55:54.452  3161  3432 I com.miui.home: CheckGCForNative adj_start_bytes: 44417492 NativeAllocationGcWatermark: 11753413 java_gc_start_bytes: 26787373 kNewNativeDiscountFactor: 2 kOldNativeDiscountFactor: 65536 old_native_bytes: 131965013 new_native_bytes: 25701448 add_bytes_allowed: 35260239 is_gc_concurrent: 1 target_footprint_: 26918445 GetBytesAllocated: 23618760 HeapGrowthMultiplier: 3
12-15 14:55:54.452  3161  3432 I com.miui.home: CheckGCForNative gc_urgency 0.821107 current_native_bytes is 157666461
12-15 14:55:54.645 13156 13156 I wm_on_application_create_called: [0,com.youku.phone,403]
12-15 14:55:54.738 13156 13156 I wm_on_create_called: [0,159114949,com.youku.phone.ActivityWelcome,performCreate,80]
12-15 14:55:54.943 13156 13156 I wm_on_create_called: [0,181137261,com.youku.v2.HomePageEntry,performCreate,105]
12-15 14:55:54.963 13156 13156 I wm_on_start_called: [0,181137261,com.youku.v2.HomePageEntry,handleStartActivity,18]
12-15 14:55:54.965  3161  3687 I com.miui.home: CheckGCForNative adj_start_bytes: 44417492 NativeAllocationGcWatermark: 11753413 java_gc_start_bytes: 26787373 kNewNativeDiscountFactor: 2 kOldNativeDiscountFactor: 65536 old_native_bytes: 131965013 new_native_bytes: 25534920 add_bytes_allowed: 35260239 is_gc_concurrent: 1 target_footprint_: 26918445 GetBytesAllocated: 23914552 HeapGrowthMultiplier: 3
12-15 14:55:54.965  3161  3687 I com.miui.home: CheckGCForNative gc_urgency 0.825891 current_native_bytes is 157499933
12-15 14:55:55.009 13156 13156 I wm_on_resume_called: [0,181137261,com.youku.v2.HomePageEntry,RESUME_ACTIVITY,36]
12-15 14:55:55.015  3161  3687 I com.miui.home: CheckGCForNative adj_start_bytes: 44417492 NativeAllocationGcWatermark: 11753413 java_gc_start_bytes: 26787373 kNewNativeDiscountFactor: 2 kOldNativeDiscountFactor: 65536 old_native_bytes: 131965013 new_native_bytes: 25874876 add_bytes_allowed: 35260239 is_gc_concurrent: 1 target_footprint_: 26918445 GetBytesAllocated: 24357496 HeapGrowthMultiplier: 3
12-15 14:55:55.015  3161  3687 I com.miui.home: CheckGCForNative gc_urgency 0.839691 current_native_bytes is 157839889
12-15 14:55:55.102 13156 13156 I wm_on_top_resumed_gained_called: [181137261,com.youku.v2.HomePageEntry,topStateChangedWhenResumed]
12-15 14:55:55.586  3161  3505 I com.miui.home: CheckGCForNative adj_start_bytes: 44417492 NativeAllocationGcWatermark: 11753413 java_gc_start_bytes: 26787373 kNewNativeDiscountFactor: 2 kOldNativeDiscountFactor: 65536 old_native_bytes: 131965013 new_native_bytes: 36928300 add_bytes_allowed: 35260239 is_gc_concurrent: 1 target_footprint_: 26918445 GetBytesAllocated: 25390104 HeapGrowthMultiplier: 3
12-15 14:55:55.586  3161  3505 I com.miui.home: CheckGCForNative gc_urgency 0.987365 current_native_bytes is 168893313
12-15 14:55:55.587  3161  3505 I com.miui.home: CheckGCForNative adj_start_bytes: 44417492 NativeAllocationGcWatermark: 11753413 java_gc_start_bytes: 26787373 kNewNativeDiscountFactor: 2 kOldNativeDiscountFactor: 65536 old_native_bytes: 131965013 new_native_bytes: 47634220 add_bytes_allowed: 35260239 is_gc_concurrent: 1 target_footprint_: 26918445 GetBytesAllocated: 25406680 HeapGrowthMultiplier: 3
12-15 14:55:55.587  3161  3505 I com.miui.home: CheckGCForNative gc_urgency 1.10825 current_native_bytes is 179599233
12-15 14:55:55.587  3161  3505 I com.miui.home: CheckGCForNative requested 1
12-15 14:55:55.591  3161  3432 I com.miui.home: CheckGCForNative adj_start_bytes: 44417492 NativeAllocationGcWatermark: 11753413 java_gc_start_bytes: 26787373 kNewNativeDiscountFactor: 2 kOldNativeDiscountFactor: 65536 old_native_bytes: 131965013 new_native_bytes: 36928588 add_bytes_allowed: 35260239 is_gc_concurrent: 1 target_footprint_: 26918445 GetBytesAllocated: 25439448 HeapGrowthMultiplier: 3
12-15 14:55:55.591  3161  3432 I com.miui.home: CheckGCForNative gc_urgency 0.988479 current_native_bytes is 168893601
12-15 14:55:55.624  3161  3505 I com.miui.home: CheckGCForNative adj_start_bytes: 44417492 NativeAllocationGcWatermark: 11753413 java_gc_start_bytes: 26787373 kNewNativeDiscountFactor: 2 kOldNativeDiscountFactor: 65536 old_native_bytes: 131965013 new_native_bytes: 47678580 add_bytes_allowed: 35260239 is_gc_concurrent: 1 target_footprint_: 26918445 GetBytesAllocated: 25439448 HeapGrowthMultiplier: 3
12-15 14:55:55.624  3161  3505 I com.miui.home: CheckGCForNative gc_urgency 1.10949 current_native_bytes is 179643593
12-15 14:55:55.624  3161  3505 I com.miui.home: CheckGCForNative requested 1
12-15 14:55:55.747  3161  3209 I com.miui.home: NativeAlloc concurrent copying GC freed 218257(10MB) AllocSpace objects, 20(632KB) LOS objects, 49% free, 13MB/26MB, paused 51us,2.404ms total 157.667ms
12-15 14:55:55.918  3161  3432 I com.miui.home: CheckGCForNative gc_urgency 0 current_native_bytes is 139220273
12-15 14:55:56.151  3161  3161 I wm_on_resume_called: [0,213264645,com.miui.home.launcher.Launcher,RESUME_ACTIVITY,9]
12-15 14:55:56.155  3161  3161 I wm_on_idle_called: com.miui.home.launcher.Launcher
12-15 14:55:56.285  3161  3687 I com.miui.home: CheckGCForNative gc_urgency 0 current_native_bytes is 139191161
12-15 14:55:56.331  3161  3687 I com.miui.home: CheckGCForNative adj_start_bytes: 45087332 NativeAllocationGcWatermark: 11830841 java_gc_start_bytes: 27341071 kNewNativeDiscountFactor: 2 kOldNativeDiscountFactor: 65536 old_native_bytes: 139191161 new_native_bytes: 799648 add_bytes_allowed: 35492523 is_gc_concurrent: 1 target_footprint_: 27537871 GetBytesAllocated: 15351656 HeapGrowthMultiplier: 3
12-15 14:55:56.331  3161  3687 I com.miui.home: CheckGCForNative gc_urgency 0.349402 current_native_bytes is 139990809
12-15 14:55:56.348  3161  3687 I com.miui.home: CheckGCForNative adj_start_bytes: 45087332 NativeAllocationGcWatermark: 11830841 java_gc_start_bytes: 27341071 kNewNativeDiscountFactor: 2 kOldNativeDiscountFactor: 65536 old_native_bytes: 139191161 new_native_bytes: 1404784 add_bytes_allowed: 35492523 is_gc_concurrent: 1 target_footprint_: 27537871 GetBytesAllocated: 15417384 HeapGrowthMultiplier: 3
12-15 14:55:56.348  3161  3687 I com.miui.home: CheckGCForNative gc_urgency 0.35757 current_native_bytes is 140595945
12-15 14:55:56.350  3161  3687 I com.miui.home: CheckGCForNative adj_start_bytes: 45087332 NativeAllocationGcWatermark: 11830841 java_gc_start_bytes: 27341071 kNewNativeDiscountFactor: 2 kOldNativeDiscountFactor: 65536 old_native_bytes: 139191161 new_native_bytes: 1788432 add_bytes_allowed: 35492523 is_gc_concurrent: 1 target_footprint_: 27537871 GetBytesAllocated: 15417384 HeapGrowthMultiplier: 3
12-15 14:55:56.350  3161  3687 I com.miui.home: CheckGCForNative gc_urgency 0.361825 current_native_bytes is 140979593
12-15 14:55:56.362  3161  3687 I com.miui.home: CheckGCForNative adj_start_bytes: 45087332 NativeAllocationGcWatermark: 11830841 java_gc_start_bytes: 27341071 kNewNativeDiscountFactor: 2 kOldNativeDiscountFactor: 65536 old_native_bytes: 139191161 new_native_bytes: 2901904 add_bytes_allowed: 35492523 is_gc_concurrent: 1 target_footprint_: 27537871 GetBytesAllocated: 15466728 HeapGrowthMultiplier: 3
12-15 14:55:56.362  3161  3687 I com.miui.home: CheckGCForNative gc_urgency 0.375267 current_native_bytes is 142093065
12-15 14:55:56.367  3161  3687 I com.miui.home: CheckGCForNative adj_start_bytes: 45087332 NativeAllocationGcWatermark: 11830841 java_gc_start_bytes: 27341071 kNewNativeDiscountFactor: 2 kOldNativeDiscountFactor: 65536 old_native_bytes: 139191161 new_native_bytes: 3326800 add_bytes_allowed: 35492523 is_gc_concurrent: 1 target_footprint_: 27537871 GetBytesAllocated: 15466728 HeapGrowthMultiplier: 3
12-15 14:55:56.367  3161  3687 I com.miui.home: CheckGCForNative gc_urgency 0.379979 current_native_bytes is 142517961
12-15 14:55:56.373  3161  3687 I com.miui.home: CheckGCForNative adj_start_bytes: 45087332 NativeAllocationGcWatermark: 11830841 java_gc_start_bytes: 27341071 kNewNativeDiscountFactor: 2 kOldNativeDiscountFactor: 65536 old_native_bytes: 139191161 new_native_bytes: 3636272 add_bytes_allowed: 35492523 is_gc_concurrent: 1 target_footprint_: 27537871 GetBytesAllocated: 15515944 HeapGrowthMultiplier: 3
