12-15 15:20:16.639  3123  3680 I com.miui.home: CheckGCForNative adj_start_bytes: 44552329 NativeAllocationGcWatermark: 11782269 java_gc_start_bytes: 26878926 kNewNativeDiscountFactor: 2 kOldNativeDiscountFactor: 65536 old_native_bytes: 144954025 new_native_bytes: 668780 add_bytes_allowed: 35346807 is_gc_concurrent: 1 target_footprint_: 27149294 GetBytesAllocated: 15149256 HeapGrowthMultiplier: 3
12-15 15:20:16.639  3123  3680 I com.miui.home: CheckGCForNative gc_urgency 0.347588 current_native_bytes is 145622805
12-15 15:20:16.641  3123  3680 I com.miui.home: CheckGCForNative adj_start_bytes: 44552329 NativeAllocationGcWatermark: 11782269 java_gc_start_bytes: 26878926 kNewNativeDiscountFactor: 2 kOldNativeDiscountFactor: 65536 old_native_bytes: 144954025 new_native_bytes: 1065100 add_bytes_allowed: 35346807 is_gc_concurrent: 1 target_footprint_: 27149294 GetBytesAllocated: 15149256 HeapGrowthMultiplier: 3
12-15 15:20:16.641  3123  3680 I com.miui.home: CheckGCForNative gc_urgency 0.352036 current_native_bytes is 146019125
12-15 15:20:16.660  3123  3680 I com.miui.home: CheckGCForNative adj_start_bytes: 44552329 NativeAllocationGcWatermark: 11782269 java_gc_start_bytes: 26878926 kNewNativeDiscountFactor: 2 kOldNativeDiscountFactor: 65536 old_native_bytes: 144954025 new_native_bytes: 1863644 add_bytes_allowed: 35346807 is_gc_concurrent: 1 target_footprint_: 27149294 GetBytesAllocated: 15198584 HeapGrowthMultiplier: 3
12-15 15:20:16.660  3123  3680 I com.miui.home: CheckGCForNative gc_urgency 0.362105 current_native_bytes is 146817669
12-15 15:20:16.708  3123  3680 I com.miui.home: CheckGCForNative adj_start_bytes: 44552329 NativeAllocationGcWatermark: 11782269 java_gc_start_bytes: 26878926 kNewNativeDiscountFactor: 2 kOldNativeDiscountFactor: 65536 old_native_bytes: 144954025 new_native_bytes: 2386204 add_bytes_allowed: 35346807 is_gc_concurrent: 1 target_footprint_: 27149294 GetBytesAllocated: 15264184 HeapGrowthMultiplier: 3
12-15 15:20:16.708  3123  3680 I com.miui.home: CheckGCForNative gc_urgency 0.369442 current_native_bytes is 147340229
12-15 15:20:16.731  3123  3680 I com.miui.home: CheckGCForNative adj_start_bytes: 44552329 NativeAllocationGcWatermark: 11782269 java_gc_start_bytes: 26878926 kNewNativeDiscountFactor: 2 kOldNativeDiscountFactor: 65536 old_native_bytes: 144954025 new_native_bytes: 2479692 add_bytes_allowed: 35346807 is_gc_concurrent: 1 target_footprint_: 27149294 GetBytesAllocated: 15264312 HeapGrowthMultiplier: 3
12-15 15:20:16.731  3123  3680 I com.miui.home: CheckGCForNative gc_urgency 0.370494 current_native_bytes is 147433717
12-15 15:20:16.736  3123  3680 I com.miui.home: CheckGCForNative adj_start_bytes: 44552329 NativeAllocationGcWatermark: 11782269 java_gc_start_bytes: 26878926 kNewNativeDiscountFactor: 2 kOldNativeDiscountFactor: 65536 old_native_bytes: 144954025 new_native_bytes: 2863340 add_bytes_allowed: 35346807 is_gc_concurrent: 1 target_footprint_: 27149294 GetBytesAllocated: 15264312 HeapGrowthMultiplier: 3
12-15 15:20:16.736  3123  3680 I com.miui.home: CheckGCForNative gc_urgency 0.3748 current_native_bytes is 147817365
12-15 15:20:16.752  3123  3680 I com.miui.home: CheckGCForNative adj_start_bytes: 44552329 NativeAllocationGcWatermark: 11782269 java_gc_start_bytes: 26878926 kNewNativeDiscountFactor: 2 kOldNativeDiscountFactor: 65536 old_native_bytes: 144954025 new_native_bytes: 4093676 add_bytes_allowed: 35346807 is_gc_concurrent: 1 target_footprint_: 27149294 GetBytesAllocated: 15313656 HeapGrowthMultiplier: 3
12-15 15:20:16.752  3123  3680 I com.miui.home: CheckGCForNative gc_urgency 0.389715 current_native_bytes is 149047701
12-15 15:20:16.767  3123  3680 I com.miui.home: CheckGCForNative adj_start_bytes: 44552329 NativeAllocationGcWatermark: 11782269 java_gc_start_bytes: 26878926 kNewNativeDiscountFactor: 2 kOldNativeDiscountFactor: 65536 old_native_bytes: 144954025 new_native_bytes: 4500332 add_bytes_allowed: 35346807 is_gc_concurrent: 1 target_footprint_: 27149294 GetBytesAllocated: 15379192 HeapGrowthMultiplier: 3
12-15 15:20:16.767  3123  3680 I com.miui.home: CheckGCForNative gc_urgency 0.39575 current_native_bytes is 149454357
12-15 15:20:16.796  3123  3680 I com.miui.home: CheckGCForNative adj_start_bytes: 44552329 NativeAllocationGcWatermark: 11782269 java_gc_start_bytes: 26878926 kNewNativeDiscountFactor: 2 kOldNativeDiscountFactor: 65536 old_native_bytes: 144954025 new_native_bytes: 5293980 add_bytes_allowed: 35346807 is_gc_concurrent: 1 target_footprint_: 27149294 GetBytesAllocated: 15477736 HeapGrowthMultiplier: 3
12-15 15:20:16.796  3123  3680 I com.miui.home: CheckGCForNative gc_urgency 0.406868 current_native_bytes is 150248005
12-15 15:20:16.804  3123  3680 I com.miui.home: CheckGCForNative adj_start_bytes: 44552329 NativeAllocationGcWatermark: 11782269 java_gc_start_bytes: 26878926 kNewNativeDiscountFactor: 2 kOldNativeDiscountFactor: 65536 old_native_bytes: 144954025 new_native_bytes: 5753244 add_bytes_allowed: 35346807 is_gc_concurrent: 1 target_footprint_: 27149294 GetBytesAllocated: 15477736 HeapGrowthMultiplier: 3
12-15 15:20:16.804  3123  3680 I com.miui.home: CheckGCForNative gc_urgency 0.412023 current_native_bytes is 150707269
12-15 15:20:16.958  3123  3680 I com.miui.home: CheckGCForNative adj_start_bytes: 44552329 NativeAllocationGcWatermark: 11782269 java_gc_start_bytes: 26878926 kNewNativeDiscountFactor: 2 kOldNativeDiscountFactor: 65536 old_native_bytes: 144954025 new_native_bytes: 6305636 add_bytes_allowed: 35346807 is_gc_concurrent: 1 target_footprint_: 27149294 GetBytesAllocated: 16002808 HeapGrowthMultiplier: 3
12-15 15:20:16.958  3123  3680 I com.miui.home: CheckGCForNative gc_urgency 0.430008 current_native_bytes is 151259661
12-15 15:20:16.977 13935 13935 I wm_on_top_resumed_lost_called: [163669670,com.eg.android.AlipayGphone.AlipayLogin,topStateChangedWhenResumed]
12-15 15:20:17.026  3123  3384 I com.miui.home: CheckGCForNative adj_start_bytes: 44552329 NativeAllocationGcWatermark: 11782269 java_gc_start_bytes: 26878926 kNewNativeDiscountFactor: 2 kOldNativeDiscountFactor: 65536 old_native_bytes: 144954025 new_native_bytes: 6882340 add_bytes_allowed: 35346807 is_gc_concurrent: 1 target_footprint_: 27149294 GetBytesAllocated: 16297720 HeapGrowthMultiplier: 3
12-15 15:20:17.026  3123  3384 I com.miui.home: CheckGCForNative gc_urgency 0.443099 current_native_bytes is 151836365
12-15 15:20:17.030  3123  3384 I com.miui.home: CheckGCForNative adj_start_bytes: 44552329 NativeAllocationGcWatermark: 11782269 java_gc_start_bytes: 26878926 kNewNativeDiscountFactor: 2 kOldNativeDiscountFactor: 65536 old_native_bytes: 144954025 new_native_bytes: 17587620 add_bytes_allowed: 35346807 is_gc_concurrent: 1 target_footprint_: 27149294 GetBytesAllocated: 16297720 HeapGrowthMultiplier: 3
12-15 15:20:17.030  3123  3384 I com.miui.home: CheckGCForNative gc_urgency 0.563242 current_native_bytes is 162541645
12-15 15:20:17.122  3123  3384 I com.miui.home: CheckGCForNative adj_start_bytes: 44552329 NativeAllocationGcWatermark: 11782269 java_gc_start_bytes: 26878926 kNewNativeDiscountFactor: 2 kOldNativeDiscountFactor: 65536 old_native_bytes: 144954025 new_native_bytes: 32134404 add_bytes_allowed: 35346807 is_gc_concurrent: 1 target_footprint_: 27149294 GetBytesAllocated: 16363608 HeapGrowthMultiplier: 3
12-15 15:20:17.122  3123  3384 I com.miui.home: CheckGCForNative gc_urgency 0.727976 current_native_bytes is 177088429
12-15 15:20:17.122  3123  3384 I com.miui.home: CheckGCForNative adj_start_bytes: 44552329 NativeAllocationGcWatermark: 11782269 java_gc_start_bytes: 26878926 kNewNativeDiscountFactor: 2 kOldNativeDiscountFactor: 65536 old_native_bytes: 144954025 new_native_bytes: 20337924 add_bytes_allowed: 35346807 is_gc_concurrent: 1 target_footprint_: 27149294 GetBytesAllocated: 16363608 HeapGrowthMultiplier: 3
12-15 15:20:17.122  3123  3384 I com.miui.home: CheckGCForNative gc_urgency 0.595587 current_native_bytes is 165291949
12-15 15:20:17.151 13935 13935 I wm_on_paused_called: [0,163669670,com.eg.android.AlipayGphone.AlipayLogin,performPause,107]
12-15 15:20:17.178  3123  3384 I com.miui.home: CheckGCForNative adj_start_bytes: 44552329 NativeAllocationGcWatermark: 11782269 java_gc_start_bytes: 26878926 kNewNativeDiscountFactor: 2 kOldNativeDiscountFactor: 65536 old_native_bytes: 144954025 new_native_bytes: 21230872 add_bytes_allowed: 35346807 is_gc_concurrent: 1 target_footprint_: 27149294 GetBytesAllocated: 16577128 HeapGrowthMultiplier: 3
12-15 15:20:17.178  3123  3384 I com.miui.home: CheckGCForNative gc_urgency 0.610401 current_native_bytes is 166184897
12-15 15:20:17.183  3123  3384 I com.miui.home: CheckGCForNative adj_start_bytes: 44552329 NativeAllocationGcWatermark: 11782269 java_gc_start_bytes: 26878926 kNewNativeDiscountFactor: 2 kOldNativeDiscountFactor: 65536 old_native_bytes: 144954025 new_native_bytes: 22669728 add_bytes_allowed: 35346807 is_gc_concurrent: 1 target_footprint_: 27149294 GetBytesAllocated: 16593560 HeapGrowthMultiplier: 3
12-15 15:20:17.183  3123  3384 I com.miui.home: CheckGCForNative gc_urgency 0.626918 current_native_bytes is 167623753
12-15 15:20:17.183  3123  3384 I com.miui.home: CheckGCForNative adj_start_bytes: 44552329 NativeAllocationGcWatermark: 11782269 java_gc_start_bytes: 26878926 kNewNativeDiscountFactor: 2 kOldNativeDiscountFactor: 65536 old_native_bytes: 144954025 new_native_bytes: 24120616 add_bytes_allowed: 35346807 is_gc_concurrent: 1 target_footprint_: 27149294 GetBytesAllocated: 16609944 HeapGrowthMultiplier: 3
12-15 15:20:17.183  3123  3384 I com.miui.home: CheckGCForNative gc_urgency 0.643568 current_native_bytes is 169074641
12-15 15:20:17.291  3123  3384 I com.miui.home: CheckGCForNative adj_start_bytes: 44552329 NativeAllocationGcWatermark: 11782269 java_gc_start_bytes: 26878926 kNewNativeDiscountFactor: 2 kOldNativeDiscountFactor: 65536 old_native_bytes: 144954025 new_native_bytes: 35035368 add_bytes_allowed: 35346807 is_gc_concurrent: 1 target_footprint_: 27149294 GetBytesAllocated: 16806552 HeapGrowthMultiplier: 3
12-15 15:20:17.291  3123  3384 I com.miui.home: CheckGCForNative gc_urgency 0.770475 current_native_bytes is 179989393
12-15 15:20:17.396  3123  7801 I com.miui.home: CheckGCForNative adj_start_bytes: 44552329 NativeAllocationGcWatermark: 11782269 java_gc_start_bytes: 26878926 kNewNativeDiscountFactor: 2 kOldNativeDiscountFactor: 65536 old_native_bytes: 144954025 new_native_bytes: 35040976 add_bytes_allowed: 35346807 is_gc_concurrent: 1 target_footprint_: 27149294 GetBytesAllocated: 16888552 HeapGrowthMultiplier: 3
12-15 15:20:17.396  3123  7801 I com.miui.home: CheckGCForNative gc_urgency 0.772378 current_native_bytes is 179995001
12-15 15:20:17.570  3123  3680 I com.miui.home: CheckGCForNative adj_start_bytes: 44552329 NativeAllocationGcWatermark: 11782269 java_gc_start_bytes: 26878926 kNewNativeDiscountFactor: 2 kOldNativeDiscountFactor: 65536 old_native_bytes: 144954025 new_native_bytes: 36452308 add_bytes_allowed: 35346807 is_gc_concurrent: 1 target_footprint_: 27149294 GetBytesAllocated: 17266088 HeapGrowthMultiplier: 3
12-15 15:20:17.570  3123  3680 I com.miui.home: CheckGCForNative gc_urgency 0.796691 current_native_bytes is 181406333
12-15 15:20:17.621  3123  3432 I com.miui.home: CheckGCForNative adj_start_bytes: 44552329 NativeAllocationGcWatermark: 11782269 java_gc_start_bytes: 26878926 kNewNativeDiscountFactor: 2 kOldNativeDiscountFactor: 65536 old_native_bytes: 144954025 new_native_bytes: 36571028 add_bytes_allowed: 35346807 is_gc_concurrent: 1 target_footprint_: 27149294 GetBytesAllocated: 17348008 HeapGrowthMultiplier: 3
12-15 15:20:17.621  3123  3432 I com.miui.home: CheckGCForNative gc_urgency 0.799862 current_native_bytes is 181525053
12-15 15:20:17.725  3123  3680 I com.miui.home: CheckGCForNative adj_start_bytes: 44552329 NativeAllocationGcWatermark: 11782269 java_gc_start_bytes: 26878926 kNewNativeDiscountFactor: 2 kOldNativeDiscountFactor: 65536 old_native_bytes: 144954025 new_native_bytes: 36752164 add_bytes_allowed: 35346807 is_gc_concurrent: 1 target_footprint_: 27149294 GetBytesAllocated: 17561000 HeapGrowthMultiplier: 3
12-15 15:20:17.725  3123  3680 I com.miui.home: CheckGCForNative gc_urgency 0.806676 current_native_bytes is 181706189
12-15 15:20:18.526  3123 13367 I com.miui.home: CheckGCForNative adj_start_bytes: 44552329 NativeAllocationGcWatermark: 11782269 java_gc_start_bytes: 26878926 kNewNativeDiscountFactor: 2 kOldNativeDiscountFactor: 65536 old_native_bytes: 144954025 new_native_bytes: 47786032 add_bytes_allowed: 35346807 is_gc_concurrent: 1 target_footprint_: 27149294 GetBytesAllocated: 18372520 HeapGrowthMultiplier: 3
12-15 15:20:18.526  3123 13367 I com.miui.home: CheckGCForNative gc_urgency 0.948721 current_native_bytes is 192740057
12-15 15:20:18.527  3123 13367 I com.miui.home: CheckGCForNative adj_start_bytes: 44552329 NativeAllocationGcWatermark: 11782269 java_gc_start_bytes: 26878926 kNewNativeDiscountFactor: 2 kOldNativeDiscountFactor: 65536 old_native_bytes: 144954025 new_native_bytes: 58491952 add_bytes_allowed: 35346807 is_gc_concurrent: 1 target_footprint_: 27149294 GetBytesAllocated: 18389096 HeapGrowthMultiplier: 3
12-15 15:20:18.527  3123 13367 I com.miui.home: CheckGCForNative gc_urgency 1.06924 current_native_bytes is 203445977
12-15 15:20:18.528  3123 13367 I com.miui.home: CheckGCForNative requested 1
12-15 15:20:18.589  3123  3184 I com.miui.home: CheckGCForNative adj_start_bytes: 44552329 NativeAllocationGcWatermark: 11782269 java_gc_start_bytes: 26878926 kNewNativeDiscountFactor: 2 kOldNativeDiscountFactor: 65536 old_native_bytes: 144954025 new_native_bytes: 58598864 add_bytes_allowed: 35346807 is_gc_concurrent: 1 target_footprint_: 27149294 GetBytesAllocated: 18487400 HeapGrowthMultiplier: 3
12-15 15:20:18.589  3123  3184 I com.miui.home: CheckGCForNative gc_urgency 1.07265 current_native_bytes is 203552889
12-15 15:20:18.589  3123  3184 I com.miui.home: CheckGCForNative requested 1
12-15 15:20:18.590  3123  3432 I com.miui.home: CheckGCForNative adj_start_bytes: 44552329 NativeAllocationGcWatermark: 11782269 java_gc_start_bytes: 26878926 kNewNativeDiscountFactor: 2 kOldNativeDiscountFactor: 65536 old_native_bytes: 144954025 new_native_bytes: 58598800 add_bytes_allowed: 35346807 is_gc_concurrent: 1 target_footprint_: 27149294 GetBytesAllocated: 18487592 HeapGrowthMultiplier: 3
12-15 15:20:18.590  3123  3432 I com.miui.home: CheckGCForNative gc_urgency 1.07265 current_native_bytes is 203552825
12-15 15:20:18.590  3123  3432 I com.miui.home: CheckGCForNative requested 1
12-15 15:20:18.721  3123  3179 I com.miui.home: NativeAlloc concurrent copying GC freed 80889(4552KB) AllocSpace objects, 10(272KB) LOS objects, 49% free, 13MB/26MB, paused 180us,79us total 192.583ms
12-15 15:20:18.761 14335 14335 I wm_on_application_create_called: [0,com.ss.android.ugc.aweme,554]
12-15 15:20:18.880  3123  3432 I com.miui.home: CheckGCForNative gc_urgency 0 current_native_bytes is 151719921
12-15 15:20:18.947  3123  3432 I com.miui.home: CheckGCForNative adj_start_bytes: 44838591 NativeAllocationGcWatermark: 11808107 java_gc_start_bytes: 27126431 kNewNativeDiscountFactor: 2 kOldNativeDiscountFactor: 65536 old_native_bytes: 151719921 new_native_bytes: 4160 add_bytes_allowed: 35424321 is_gc_concurrent: 1 target_footprint_: 27355999 GetBytesAllocated: 13825520 HeapGrowthMultiplier: 3
12-15 15:20:18.947  3123  3432 I com.miui.home: CheckGCForNative gc_urgency 0.308438 current_native_bytes is 151724081
12-15 15:20:19.035  3123  3123 I wm_on_resume_called: [0,11486452,com.miui.home.launcher.Launcher,RESUME_ACTIVITY,5]
12-15 15:20:19.038  3123  3123 I wm_on_idle_called: com.miui.home.launcher.Launcher
12-15 15:20:19.231  3123  3680 I com.miui.home: CheckGCForNative adj_start_bytes: 44838591 NativeAllocationGcWatermark: 11808107 java_gc_start_bytes: 27126431 kNewNativeDiscountFactor: 2 kOldNativeDiscountFactor: 65536 old_native_bytes: 151719921 new_native_bytes: 297364 add_bytes_allowed: 35424321 is_gc_concurrent: 1 target_footprint_: 27355999 GetBytesAllocated: 15301616 HeapGrowthMultiplier: 3
12-15 15:20:19.232  3123  3680 I com.miui.home: CheckGCForNative gc_urgency 0.344628 current_native_bytes is 152017285
12-15 15:20:19.244  3123  3680 I com.miui.home: CheckGCForNative adj_start_bytes: 44838591 NativeAllocationGcWatermark: 11808107 java_gc_start_bytes: 27126431 kNewNativeDiscountFactor: 2 kOldNativeDiscountFactor: 65536 old_native_bytes: 151719921 new_native_bytes: 11399156 add_bytes_allowed: 35424321 is_gc_concurrent: 1 target_footprint_: 27355999 GetBytesAllocated: 15399984 HeapGrowthMultiplier: 3
12-15 15:20:19.244  3123  3680 I com.miui.home: CheckGCForNative gc_urgency 0.470619 current_native_bytes is 163119077
12-15 15:20:19.267  3123  3680 I com.miui.home: CheckGCForNative adj_start_bytes: 44838591 NativeAllocationGcWatermark: 11808107 java_gc_start_bytes: 27126431 kNewNativeDiscountFactor: 2 kOldNativeDiscountFactor: 65536 old_native_bytes: 151719921 new_native_bytes: 2603760 add_bytes_allowed: 35424321 is_gc_concurrent: 1 target_footprint_: 27355999 GetBytesAllocated: 15663408 HeapGrowthMultiplier: 3
12-15 15:20:19.267  3123  3680 I com.miui.home: CheckGCForNative gc_urgency 0.378415 current_native_bytes is 154323681
12-15 15:20:19.270  3123  3680 I com.miui.home: CheckGCForNative adj_start_bytes: 44838591 NativeAllocationGcWatermark: 11808107 java_gc_start_bytes: 27126431 kNewNativeDiscountFactor: 2 kOldNativeDiscountFactor: 65536 old_native_bytes: 151719921 new_native_bytes: 3006224 add_bytes_allowed: 35424321 is_gc_concurrent: 1 target_footprint_: 27355999 GetBytesAllocated: 15663408 HeapGrowthMultiplier: 3
12-15 15:20:19.270  3123  3680 I com.miui.home: CheckGCForNative gc_urgency 0.382903 current_native_bytes is 154726145
12-15 15:20:19.271  3123  3384 I com.miui.home: CheckGCForNative adj_start_bytes: 44838591 NativeAllocationGcWatermark: 11808107 java_gc_start_bytes: 27126431 kNewNativeDiscountFactor: 2 kOldNativeDiscountFactor: 65536 old_native_bytes: 151719921 new_native_bytes: 1858696 add_bytes_allowed: 35424321 is_gc_concurrent: 1 target_footprint_: 27355999 GetBytesAllocated: 15663408 HeapGrowthMultiplier: 3
12-15 15:20:19.271  3123  3384 I com.miui.home: CheckGCForNative gc_urgency 0.370472 current_native_bytes is 153578617
12-15 15:20:19.286  3123  3680 I com.miui.home: CheckGCForNative adj_start_bytes: 44838591 NativeAllocationGcWatermark: 11808107 java_gc_start_bytes: 27126431 kNewNativeDiscountFactor: 2 kOldNativeDiscountFactor: 65536 old_native_bytes: 151719921 new_native_bytes: 2653800 add_bytes_allowed: 35424321 is_gc_concurrent: 1 target_footprint_: 27355999 GetBytesAllocated: 15794480 HeapGrowthMultiplier: 3
12-15 15:20:19.286  3123  3680 I com.miui.home: CheckGCForNative gc_urgency 0.381896 current_native_bytes is 154373721
12-15 15:20:19.454 14335 14335 I wm_on_create_called: [0,152338456,com.ss.android.ugc.aweme.splash.SplashActivity,performCreate,516]
12-15 15:20:19.503  3123  3123 I wm_on_top_resumed_gained_called: [11486452,com.miui.home.launcher.Launcher,topStateChangedWhenResumed]
12-15 15:20:20.021 14335 14335 I wm_on_start_called: [0,152338456,com.ss.android.ugc.aweme.splash.SplashActivity,handleStartActivity,565]
12-15 15:20:20.063 14335 14335 I wm_on_resume_called: [0,152338456,com.ss.android.ugc.aweme.splash.SplashActivity,RESUME_ACTIVITY,38]
12-15 15:20:20.122 14335 14335 I wm_on_top_resumed_gained_called: [152338456,com.ss.android.ugc.aweme.splash.SplashActivity,topStateChangedWhenResumed]