12-15 15:05:29.161  3181  3463 I com.miui.home: CheckGCForNative gc_urgency 0.380818 current_native_bytes is 131735417
12-15 15:05:29.372  3181  3463 I com.miui.home: CheckGCForNative adj_start_bytes: 44819387 NativeAllocationGcWatermark: 11821641 java_gc_start_bytes: 27086926 kNewNativeDiscountFactor: 2 kOldNativeDiscountFactor: 65536 old_native_bytes: 130544069 new_native_bytes: 1206676 add_bytes_allowed: 35464923 is_gc_concurrent: 1 target_footprint_: 27464270 GetBytesAllocated: 16601416 HeapGrowthMultiplier: 3
12-15 15:05:29.373  3181  3463 I com.miui.home: CheckGCForNative gc_urgency 0.383913 current_native_bytes is 131750745
12-15 15:05:29.398  9317  9317 I wm_on_top_resumed_lost_called: [255214932,com.tencent.mm.plugin.account.ui.WelcomeActivity,topStateChangedWhenResumed]
12-15 15:05:29.410  3181  3181 I wm_on_resume_called: [0,50326762,com.miui.home.launcher.Launcher,RESUME_ACTIVITY,6]
12-15 15:05:29.412  3181  3181 I wm_on_idle_called: com.miui.home.launcher.Launcher
12-15 15:05:29.429  3181  3181 I wm_on_top_resumed_gained_called: [50326762,com.miui.home.launcher.Launcher,topStateChangedWhenResumed]
12-15 15:05:29.437  9317  9317 I wm_on_paused_called: [0,255214932,com.tencent.mm.plugin.account.ui.WelcomeActivity,performPause,8]
12-15 15:05:29.447  9317  9317 I wm_on_stop_called: [0,255214932,com.tencent.mm.plugin.account.ui.WelcomeActivity,STOP_ACTIVITY_ITEM,3]
12-15 15:05:29.452  9317  9317 I wm_on_stop_called: [0,38193499,com.tencent.mm.app.WeChatSplashActivity,LIFECYCLER_STOP_ACTIVITY,2]
12-15 15:05:29.453  9317  9317 I wm_on_destroy_called: [0,38193499,com.tencent.mm.app.WeChatSplashActivity,performDestroy,1]
12-15 15:05:29.478  9317  9317 I wm_on_idle_called: com.tencent.mm.plugin.account.ui.WelcomeActivity
12-15 15:05:29.479  9317  9317 I wm_on_idle_called: com.tencent.mm.ui.LauncherUI
12-15 15:05:29.567  3181  3669 I com.miui.home: CheckGCForNative adj_start_bytes: 44819387 NativeAllocationGcWatermark: 11821641 java_gc_start_bytes: 27086926 kNewNativeDiscountFactor: 2 kOldNativeDiscountFactor: 65536 old_native_bytes: 130544069 new_native_bytes: 1444104 add_bytes_allowed: 35464923 is_gc_concurrent: 1 target_footprint_: 27464270 GetBytesAllocated: 17897224 HeapGrowthMultiplier: 3
12-15 15:05:29.567  3181  3669 I com.miui.home: CheckGCForNative gc_urgency 0.415473 current_native_bytes is 131988173
12-15 15:05:29.603  3181  3669 I com.miui.home: CheckGCForNative adj_start_bytes: 44819387 NativeAllocationGcWatermark: 11821641 java_gc_start_bytes: 27086926 kNewNativeDiscountFactor: 2 kOldNativeDiscountFactor: 65536 old_native_bytes: 130544069 new_native_bytes: 1735420 add_bytes_allowed: 35464923 is_gc_concurrent: 1 target_footprint_: 27464270 GetBytesAllocated: 18340072 HeapGrowthMultiplier: 3
12-15 15:05:29.603  3181  3669 I com.miui.home: CheckGCForNative gc_urgency 0.428604 current_native_bytes is 132279489
12-15 15:05:29.869  3181  3181 I wm_on_top_resumed_lost_called: [50326762,com.miui.home.launcher.Launcher,topStateChangedWhenResumed]
12-15 15:05:29.872  3181  3181 I wm_on_paused_called: [0,50326762,com.miui.home.launcher.Launcher,performPause,2]
12-15 15:05:29.997  3181  3669 I com.miui.home: CheckGCForNative adj_start_bytes: 44819387 NativeAllocationGcWatermark: 11821641 java_gc_start_bytes: 27086926 kNewNativeDiscountFactor: 2 kOldNativeDiscountFactor: 65536 old_native_bytes: 130544069 new_native_bytes: 2448156 add_bytes_allowed: 35464923 is_gc_concurrent: 1 target_footprint_: 27464270 GetBytesAllocated: 19413800 HeapGrowthMultiplier: 3
12-15 15:05:29.997  3181  3669 I com.miui.home: CheckGCForNative gc_urgency 0.460512 current_native_bytes is 132992225
12-15 15:05:30.127  3181  3669 I com.miui.home: CheckGCForNative adj_start_bytes: 44819387 NativeAllocationGcWatermark: 11821641 java_gc_start_bytes: 27086926 kNewNativeDiscountFactor: 2 kOldNativeDiscountFactor: 65536 old_native_bytes: 130544069 new_native_bytes: 2721060 add_bytes_allowed: 35464923 is_gc_concurrent: 1 target_footprint_: 27464270 GetBytesAllocated: 19905880 HeapGrowthMultiplier: 3
12-15 15:05:30.127  3181  3669 I com.miui.home: CheckGCForNative gc_urgency 0.474536 current_native_bytes is 133265129
12-15 15:05:30.230  3181  3463 I com.miui.home: CheckGCForNative adj_start_bytes: 44819387 NativeAllocationGcWatermark: 11821641 java_gc_start_bytes: 27086926 kNewNativeDiscountFactor: 2 kOldNativeDiscountFactor: 65536 old_native_bytes: 130544069 new_native_bytes: 3026456 add_bytes_allowed: 35464923 is_gc_concurrent: 1 target_footprint_: 27464270 GetBytesAllocated: 20168024 HeapGrowthMultiplier: 3
12-15 15:05:30.230  3181  3463 I com.miui.home: CheckGCForNative gc_urgency 0.483792 current_native_bytes is 133570525
12-15 15:05:30.263  3181  3463 I com.miui.home: CheckGCForNative adj_start_bytes: 44819387 NativeAllocationGcWatermark: 11821641 java_gc_start_bytes: 27086926 kNewNativeDiscountFactor: 2 kOldNativeDiscountFactor: 65536 old_native_bytes: 130544069 new_native_bytes: 3029848 add_bytes_allowed: 35464923 is_gc_concurrent: 1 target_footprint_: 27464270 GetBytesAllocated: 20184408 HeapGrowthMultiplier: 3
12-15 15:05:30.263  3181  3463 I com.miui.home: CheckGCForNative gc_urgency 0.484195 current_native_bytes is 133573917
12-15 15:05:30.865 11243 11243 I wm_on_application_create_called: [0,com.kmxs.reader,645]
12-15 15:05:31.096 11243 11243 I wm_on_create_called: [0,28921222,com.km.app.home.view.LoadingActivity,performCreate,128]
12-15 15:05:31.101 11243 11243 I wm_on_start_called: [0,28921222,com.km.app.home.view.LoadingActivity,handleStartActivity,4]
12-15 15:05:31.112 11243 11243 I wm_on_resume_called: [0,28921222,com.km.app.home.view.LoadingActivity,RESUME_ACTIVITY,6]
12-15 15:05:31.160 11243 11243 I wm_on_top_resumed_gained_called: [28921222,com.km.app.home.view.LoadingActivity,topStateChangedWhenResumed]
12-15 15:05:31.451  3181  3181 I wm_on_stop_called: [0,50326762,com.miui.home.launcher.Launcher,STOP_ACTIVITY_ITEM,3]
12-15 15:05:31.815 11243 11243 I wm_on_top_resumed_lost_called: [28921222,com.km.app.home.view.LoadingActivity,topStateChangedWhenResumed]
12-15 15:05:31.816 11243 11243 I wm_on_paused_called: [0,28921222,com.km.app.home.view.LoadingActivity,performPause,1]
12-15 15:05:31.925 11243 11243 I wm_on_create_called: [0,173696023,com.kmxs.reader.home.ui.HomeActivity,performCreate,66]
12-15 15:05:31.930 11243 11243 I wm_on_start_called: [0,173696023,com.kmxs.reader.home.ui.HomeActivity,handleStartActivity,1]
12-15 15:05:31.956 11243 11243 I wm_on_resume_called: [0,173696023,com.kmxs.reader.home.ui.HomeActivity,RESUME_ACTIVITY,23]
12-15 15:05:31.985 11243 11243 I wm_on_top_resumed_gained_called: [173696023,com.kmxs.reader.home.ui.HomeActivity,topStateChangedWhenResumed]
12-15 15:05:32.059  3181  3669 I com.miui.home: CheckGCForNative gc_urgency 0 current_native_bytes is 126999509
12-15 15:05:32.065  3181  3669 I com.miui.home: CheckGCForNative adj_start_bytes: 44059381 NativeAllocationGcWatermark: 11715717 java_gc_start_bytes: 26485806 kNewNativeDiscountFactor: 2 kOldNativeDiscountFactor: 65536 old_native_bytes: 126999509 new_native_bytes: 396800 add_bytes_allowed: 35147151 is_gc_concurrent: 1 target_footprint_: 26616878 GetBytesAllocated: 13686616 HeapGrowthMultiplier: 3
12-15 15:05:32.065  3181  3669 I com.miui.home: CheckGCForNative gc_urgency 0.315187 current_native_bytes is 127396309
12-15 15:05:32.074  3181  3669 I com.miui.home: CheckGCForNative adj_start_bytes: 44059381 NativeAllocationGcWatermark: 11715717 java_gc_start_bytes: 26485806 kNewNativeDiscountFactor: 2 kOldNativeDiscountFactor: 65536 old_native_bytes: 126999509 new_native_bytes: 600992 add_bytes_allowed: 35147151 is_gc_concurrent: 1 target_footprint_: 26616878 GetBytesAllocated: 13719480 HeapGrowthMultiplier: 3
12-15 15:05:32.074  3181  3669 I com.miui.home: CheckGCForNative gc_urgency 0.31825 current_native_bytes is 127600501
12-15 15:05:32.076  3181  3669 I com.miui.home: CheckGCForNative adj_start_bytes: 44059381 NativeAllocationGcWatermark: 11715717 java_gc_start_bytes: 26485806 kNewNativeDiscountFactor: 2 kOldNativeDiscountFactor: 65536 old_native_bytes: 126999509 new_native_bytes: 1064128 add_bytes_allowed: 35147151 is_gc_concurrent: 1 target_footprint_: 26616878 GetBytesAllocated: 13719624 HeapGrowthMultiplier: 3
12-15 15:05:32.076  3181  3669 I com.miui.home: CheckGCForNative gc_urgency 0.323509 current_native_bytes is 128063637
12-15 15:05:32.077  3181  3669 I com.miui.home: CheckGCForNative adj_start_bytes: 44059381 NativeAllocationGcWatermark: 11715717 java_gc_start_bytes: 26485806 kNewNativeDiscountFactor: 2 kOldNativeDiscountFactor: 65536 old_native_bytes: 126999509 new_native_bytes: 1524800 add_bytes_allowed: 35147151 is_gc_concurrent: 1 target_footprint_: 26616878 GetBytesAllocated: 13719624 HeapGrowthMultiplier: 3
12-15 15:05:32.077  3181  3669 I com.miui.home: CheckGCForNative gc_urgency 0.328737 current_native_bytes is 128524309
12-15 15:05:32.099 11243 11243 I wm_on_idle_called: com.kmxs.reader.home.ui.HomeActivity
12-15 15:05:32.111  3181  3669 I com.miui.home: CheckGCForNative adj_start_bytes: 44059381 NativeAllocationGcWatermark: 11715717 java_gc_start_bytes: 26485806 kNewNativeDiscountFactor: 2 kOldNativeDiscountFactor: 65536 old_native_bytes: 126999509 new_native_bytes: 1949008 add_bytes_allowed: 35147151 is_gc_concurrent: 1 target_footprint_: 26616878 GetBytesAllocated: 13785400 HeapGrowthMultiplier: 3
12-15 15:05:32.111  3181  3669 I com.miui.home: CheckGCForNative gc_urgency 0.335044 current_native_bytes is 128948517
12-15 15:05:32.121  3181  3669 I com.miui.home: CheckGCForNative adj_start_bytes: 44059381 NativeAllocationGcWatermark: 11715717 java_gc_start_bytes: 26485806 kNewNativeDiscountFactor: 2 kOldNativeDiscountFactor: 65536 old_native_bytes: 126999509 new_native_bytes: 2599888 add_bytes_allowed: 35147151 is_gc_concurrent: 1 target_footprint_: 26616878 GetBytesAllocated: 13785400 HeapGrowthMultiplier: 3
12-15 15:05:32.121  3181  3669 I com.miui.home: CheckGCForNative gc_urgency 0.342431 current_native_bytes is 129599397
12-15 15:05:32.159  3181  3669 I com.miui.home: CheckGCForNative adj_start_bytes: 44059381 NativeAllocationGcWatermark: 11715717 java_gc_start_bytes: 26485806 kNewNativeDiscountFactor: 2 kOldNativeDiscountFactor: 65536 old_native_bytes: 126999509 new_native_bytes: 3098056 add_bytes_allowed: 35147151 is_gc_concurrent: 1 target_footprint_: 26616878 GetBytesAllocated: 13818376 HeapGrowthMultiplier: 3
12-15 15:05:32.159  3181  3669 I com.miui.home: CheckGCForNative gc_urgency 0.348832 current_native_bytes is 130097565
12-15 15:05:32.171  3181  3669 I com.miui.home: CheckGCForNative adj_start_bytes: 44059381 NativeAllocationGcWatermark: 11715717 java_gc_start_bytes: 26485806 kNewNativeDiscountFactor: 2 kOldNativeDiscountFactor: 65536 old_native_bytes: 126999509 new_native_bytes: 3494600 add_bytes_allowed: 35147151 is_gc_concurrent: 1 target_footprint_: 26616878 GetBytesAllocated: 13818376 HeapGrowthMultiplier: 3
12-15 15:05:32.171  3181  3669 I com.miui.home: CheckGCForNative gc_urgency 0.353333 current_native_bytes is 130494109
12-15 15:05:32.190  3181  3669 I com.miui.home: CheckGCForNative adj_start_bytes: 44059381 NativeAllocationGcWatermark: 11715717 java_gc_start_bytes: 26485806 kNewNativeDiscountFactor: 2 kOldNativeDiscountFactor: 65536 old_native_bytes: 126999509 new_native_bytes: 4039328 add_bytes_allowed: 35147151 is_gc_concurrent: 1 target_footprint_: 26616878 GetBytesAllocated: 13867720 HeapGrowthMultiplier: 3
12-15 15:05:32.190  3181  3669 I com.miui.home: CheckGCForNative gc_urgency 0.360634 current_native_bytes is 131038837
12-15 15:05:32.227  3181  3669 I com.miui.home: CheckGCForNative adj_start_bytes: 44059381 NativeAllocationGcWatermark: 11715717 java_gc_start_bytes: 26485806 kNewNativeDiscountFactor: 2 kOldNativeDiscountFactor: 65536 old_native_bytes: 126999509 new_native_bytes: 4874164 add_bytes_allowed: 35147151 is_gc_concurrent: 1 target_footprint_: 26616878 GetBytesAllocated: 14031624 HeapGrowthMultiplier: 3
12-15 15:05:32.227  3181  3669 I com.miui.home: CheckGCForNative gc_urgency 0.373828 current_native_bytes is 131873673
12-15 15:05:32.288  3181  3669 I com.miui.home: CheckGCForNative adj_start_bytes: 44059381 NativeAllocationGcWatermark: 11715717 java_gc_start_bytes: 26485806 kNewNativeDiscountFactor: 2 kOldNativeDiscountFactor: 65536 old_native_bytes: 126999509 new_native_bytes: 5243656 add_bytes_allowed: 35147151 is_gc_concurrent: 1 target_footprint_: 26616878 GetBytesAllocated: 14490856 HeapGrowthMultiplier: 3
12-15 15:05:32.288  3181  3669 I com.miui.home: CheckGCForNative gc_urgency 0.388444 current_native_bytes is 132243165
12-15 15:05:32.361 11243 11243 I wm_on_stop_called: [0,28921222,com.km.app.home.view.LoadingActivity,LIFECYCLER_STOP_ACTIVITY,4]
12-15 15:05:32.362 11243 11243 I wm_on_destroy_called: [0,28921222,com.km.app.home.view.LoadingActivity,performDestroy,1]
12-15 15:05:33.036  3181  3181 I wm_on_restart_called: [0,50326762,com.miui.home.launcher.Launcher,performRestartActivity,0]
12-15 15:05:33.038  3181  3181 I wm_on_start_called: [0,50326762,com.miui.home.launcher.Launcher,handleStartActivity,1]
12-15 15:05:33.069  3181  3587 I com.miui.home: CheckGCForNative adj_start_bytes: 44059381 NativeAllocationGcWatermark: 11715717 java_gc_start_bytes: 26485806 kNewNativeDiscountFactor: 2 kOldNativeDiscountFactor: 65536 old_native_bytes: 126999509 new_native_bytes: 15923408 add_bytes_allowed: 35147151 is_gc_concurrent: 1 target_footprint_: 26616878 GetBytesAllocated: 15228808 HeapGrowthMultiplier: 3
12-15 15:05:33.069  3181  3587 I com.miui.home: CheckGCForNative gc_urgency 0.526391 current_native_bytes is 142922917
12-15 15:05:33.070  3181  3587 I com.miui.home: CheckGCForNative adj_start_bytes: 44059381 NativeAllocationGcWatermark: 11715717 java_gc_start_bytes: 26485806 kNewNativeDiscountFactor: 2 kOldNativeDiscountFactor: 65536 old_native_bytes: 126999509 new_native_bytes: 26629328 add_bytes_allowed: 35147151 is_gc_concurrent: 1 target_footprint_: 26616878 GetBytesAllocated: 15229000 HeapGrowthMultiplier: 3
12-15 15:05:33.070  3181  3587 I com.miui.home: CheckGCForNative gc_urgency 0.647889 current_native_bytes is 153628837
12-15 15:05:33.114  3181  3587 I com.miui.home: CheckGCForNative adj_start_bytes: 44059381 NativeAllocationGcWatermark: 11715717 java_gc_start_bytes: 26485806 kNewNativeDiscountFactor: 2 kOldNativeDiscountFactor: 65536 old_native_bytes: 126999509 new_native_bytes: 26771928 add_bytes_allowed: 35147151 is_gc_concurrent: 1 target_footprint_: 26616878 GetBytesAllocated: 15458488 HeapGrowthMultiplier: 3
12-15 15:05:33.114  3181  3587 I com.miui.home: CheckGCForNative gc_urgency 0.654716 current_native_bytes is 153771437
12-15 15:05:33.154  3181  3463 I com.miui.home: CheckGCForNative adj_start_bytes: 44059381 NativeAllocationGcWatermark: 11715717 java_gc_start_bytes: 26485806 kNewNativeDiscountFactor: 2 kOldNativeDiscountFactor: 65536 old_native_bytes: 126999509 new_native_bytes: 16141576 add_bytes_allowed: 35147151 is_gc_concurrent: 1 target_footprint_: 26616878 GetBytesAllocated: 15540600 HeapGrowthMultiplier: 3
12-15 15:05:33.154  3181  3463 I com.miui.home: CheckGCForNative gc_urgency 0.535943 current_native_bytes is 143141085
12-15 15:05:33.244  3181  3181 I com.miui.home: CheckGCForNative adj_start_bytes: 44059381 NativeAllocationGcWatermark: 11715717 java_gc_start_bytes: 26485806 kNewNativeDiscountFactor: 2 kOldNativeDiscountFactor: 65536 old_native_bytes: 126999509 new_native_bytes: 16157192 add_bytes_allowed: 35147151 is_gc_concurrent: 1 target_footprint_: 26616878 GetBytesAllocated: 15638904 HeapGrowthMultiplier: 3
12-15 15:05:33.244  3181  3181 I com.miui.home: CheckGCForNative gc_urgency 0.538352 current_native_bytes is 143156701
12-15 15:05:33.532  3181  3463 I com.miui.home: CheckGCForNative adj_start_bytes: 44059381 NativeAllocationGcWatermark: 11715717 java_gc_start_bytes: 26485806 kNewNativeDiscountFactor: 2 kOldNativeDiscountFactor: 65536 old_native_bytes: 126999509 new_native_bytes: 16192392 add_bytes_allowed: 35147151 is_gc_concurrent: 1 target_footprint_: 26616878 GetBytesAllocated: 15868280 HeapGrowthMultiplier: 3
12-15 15:05:33.533  3181  3463 I com.miui.home: CheckGCForNative gc_urgency 0.543957 current_native_bytes is 143191901
12-15 15:05:33.572 11243 11243 I wm_on_top_resumed_lost_called: [173696023,com.kmxs.reader.home.ui.HomeActivity,topStateChangedWhenResumed]
12-15 15:05:33.601  3181  3181 I wm_on_resume_called: [0,50326762,com.miui.home.launcher.Launcher,RESUME_ACTIVITY,6]
12-15 15:05:33.614  3181  3181 I wm_on_idle_called: com.miui.home.launcher.Launcher
12-15 15:05:33.626  3181  3181 I wm_on_top_resumed_gained_called: [50326762,com.miui.home.launcher.Launcher,topStateChangedWhenResumed]
12-15 15:05:33.638 11243 11243 I wm_on_paused_called: [0,173696023,com.kmxs.reader.home.ui.HomeActivity,performPause,2]
12-15 15:05:33.710 11243 11243 I wm_on_stop_called: [0,173696023,com.kmxs.reader.home.ui.HomeActivity,STOP_ACTIVITY_ITEM,62]
12-15 15:05:33.790  3181  3669 I com.miui.home: CheckGCForNative adj_start_bytes: 44059381 NativeAllocationGcWatermark: 11715717 java_gc_start_bytes: 26485806 kNewNativeDiscountFactor: 2 kOldNativeDiscountFactor: 65536 old_native_bytes: 126999509 new_native_bytes: 16342684 add_bytes_allowed: 35147151 is_gc_concurrent: 1 target_footprint_: 26616878 GetBytesAllocated: 17311352 HeapGrowthMultiplier: 3
12-15 15:05:33.790  3181  3669 I com.miui.home: CheckGCForNative gc_urgency 0.578416 current_native_bytes is 143342193
12-15 15:05:33.807  3181  3669 I com.miui.home: CheckGCForNative adj_start_bytes: 44059381 NativeAllocationGcWatermark: 11715717 java_gc_start_bytes: 26485806 kNewNativeDiscountFactor: 2 kOldNativeDiscountFactor: 65536 old_native_bytes: 126999509 new_native_bytes: 27012444 add_bytes_allowed: 35147151 is_gc_concurrent: 1 target_footprint_: 26616878 GetBytesAllocated: 17376888 HeapGrowthMultiplier: 3
12-15 15:05:33.807  3181  3669 I com.miui.home: CheckGCForNative gc_urgency 0.700987 current_native_bytes is 154011953
12-15 15:05:33.861  3181  3669 I com.miui.home: CheckGCForNative adj_start_bytes: 44059381 NativeAllocationGcWatermark: 11715717 java_gc_start_bytes: 26485806 kNewNativeDiscountFactor: 2 kOldNativeDiscountFactor: 65536 old_native_bytes: 126999509 new_native_bytes: 16618256 add_bytes_allowed: 35147151 is_gc_concurrent: 1 target_footprint_: 26616878 GetBytesAllocated: 17770792 HeapGrowthMultiplier: 3
12-15 15:05:33.861  3181  3669 I com.miui.home: CheckGCForNative gc_urgency 0.591971 current_native_bytes is 143617765
12-15 15:05:34.199  3181  3181 I com.miui.home: CheckGCForNative adj_start_bytes: 44059381 NativeAllocationGcWatermark: 11715717 java_gc_start_bytes: 26485806 kNewNativeDiscountFactor: 2 kOldNativeDiscountFactor: 65536 old_native_bytes: 126999509 new_native_bytes: 16902196 add_bytes_allowed: 35147151 is_gc_concurrent: 1 target_footprint_: 26616878 GetBytesAllocated: 18000168 HeapGrowthMultiplier: 3
12-15 15:05:34.199  3181  3181 I com.miui.home: CheckGCForNative gc_urgency 0.600399 current_native_bytes is 143901705
12-15 15:05:34.257  3181  3181 I wm_on_top_resumed_lost_called: [50326762,com.miui.home.launcher.Launcher,topStateChangedWhenResumed]
12-15 15:05:34.261  3181  3181 I wm_on_paused_called: [0,50326762,com.miui.home.launcher.Launcher,performPause,1]
12-15 15:05:34.414  3181  3669 I com.miui.home: CheckGCForNative adj_start_bytes: 44059381 NativeAllocationGcWatermark: 11715717 java_gc_start_bytes: 26485806 kNewNativeDiscountFactor: 2 kOldNativeDiscountFactor: 65536 old_native_bytes: 126999509 new_native_bytes: 17056108 add_bytes_allowed: 35147151 is_gc_concurrent: 1 target_footprint_: 26616878 GetBytesAllocated: 18729912 HeapGrowthMultiplier: 3
12-15 15:05:34.415  3181  3669 I com.miui.home: CheckGCForNative gc_urgency 0.618708 current_native_bytes is 144055617
12-15 15:05:34.536  3181  3669 I com.miui.home: CheckGCForNative adj_start_bytes: 44059381 NativeAllocationGcWatermark: 11715717 java_gc_start_bytes: 26485806 kNewNativeDiscountFactor: 2 kOldNativeDiscountFactor: 65536 old_native_bytes: 126999509 new_native_bytes: 17324512 add_bytes_allowed: 35147151 is_gc_concurrent: 1 target_footprint_: 26616878 GetBytesAllocated: 19189176 HeapGrowthMultiplier: 3
12-15 15:05:34.537  3181  3669 I com.miui.home: CheckGCForNative gc_urgency 0.632178 current_native_bytes is 144324021
12-15 15:05:34.938 11883 11883 I wm_on_create_called: [0,180820531,com.android.packageinstaller.permission.ui.GrantPermissionsActivity,performCreate,267]
12-15 15:05:34.939 11883 11883 I wm_on_start_called: [0,180820531,com.android.packageinstaller.permission.ui.GrantPermissionsActivity,handleStartActivity,0]
12-15 15:05:34.943 11883 11883 I wm_on_resume_called: [0,180820531,com.android.packageinstaller.permission.ui.GrantPermissionsActivity,RESUME_ACTIVITY,3]
12-15 15:05:34.950 11883 11883 I wm_on_top_resumed_gained_called: [180820531,com.android.packageinstaller.permission.ui.GrantPermissionsActivity,topStateChangedWhenResumed]
12-15 15:05:35.167 11861 11861 I wm_on_application_create_called: [0,com.UCMobile,332]
12-15 15:05:35.168 11883 11883 I wm_on_idle_called: com.android.packageinstaller.permission.ui.GrantPermissionsActivity
12-15 15:05:35.192  3181  3181 I wm_on_stop_called: [0,50326762,com.miui.home.launcher.Launcher,STOP_ACTIVITY_ITEM,3]
12-15 15:05:35.717 11883 11883 I wm_on_top_resumed_lost_called: [180820531,com.android.packageinstaller.permission.ui.GrantPermissionsActivity,topStateChangedWhenResumed]
12-15 15:05:35.730 11883 11883 I wm_on_paused_called: [0,180820531,com.android.packageinstaller.permission.ui.GrantPermissionsActivity,performPause,0]
12-15 15:05:35.734 11861 11861 I wm_on_create_called: [0,239872505,com.UCMobile.main.UCMobile,performCreate,502]
12-15 15:05:35.761 11883 11883 I wm_on_create_called: [0,215608724,com.android.packageinstaller.permission.ui.GrantPermissionsActivity,performCreate,14]
12-15 15:05:35.787 11883 11883 I wm_on_resume_called: [0,180820531,com.android.packageinstaller.permission.ui.GrantPermissionsActivity,RESUME_ACTIVITY,1]
12-15 15:05:35.787 11883 11883 I wm_on_top_resumed_gained_called: [180820531,com.android.packageinstaller.permission.ui.GrantPermissionsActivity,topWhenResuming]
12-15 15:05:35.850 11883 11883 I wm_on_idle_called: com.android.packageinstaller.permission.ui.GrantPermissionsActivity
12-15 15:05:36.312 11883 11883 I wm_on_destroy_called: [0,215608724,com.android.packageinstaller.permission.ui.GrantPermissionsActivity,performDestroy,0]
12-15 15:05:36.336  3181  3220 I com.miui.home: CheckGCForNative adj_start_bytes: 44059381 NativeAllocationGcWatermark: 11715717 java_gc_start_bytes: 26485806 kNewNativeDiscountFactor: 2 kOldNativeDiscountFactor: 65536 old_native_bytes: 126999509 new_native_bytes: 39271880 add_bytes_allowed: 35147151 is_gc_concurrent: 1 target_footprint_: 26616878 GetBytesAllocated: 20984680 HeapGrowthMultiplier: 3
12-15 15:05:36.336  3181  3220 I com.miui.home: CheckGCForNative gc_urgency 0.921996 current_native_bytes is 166271389
12-15 15:05:36.356  3181  3669 I com.miui.home: CheckGCForNative adj_start_bytes: 44059381 NativeAllocationGcWatermark: 11715717 java_gc_start_bytes: 26485806 kNewNativeDiscountFactor: 2 kOldNativeDiscountFactor: 65536 old_native_bytes: 126999509 new_native_bytes: 28608700 add_bytes_allowed: 35147151 is_gc_concurrent: 1 target_footprint_: 26616878 GetBytesAllocated: 21034024 HeapGrowthMultiplier: 3
12-15 15:05:36.356  3181  3669 I com.miui.home: CheckGCForNative gc_urgency 0.802106 current_native_bytes is 155608209
12-15 15:05:36.480 11883 11883 I wm_on_top_resumed_lost_called: [180820531,com.android.packageinstaller.permission.ui.GrantPermissionsActivity,topStateChangedWhenResumed]
12-15 15:05:36.622  3181  3181 I wm_on_top_resumed_gained_called: [50326762,com.miui.home.launcher.Launcher,topStateChangedWhenResumed]
12-15 15:05:36.624 11883 11883 I wm_on_paused_called: [0,180820531,com.android.packageinstaller.permission.ui.GrantPermissionsActivity,performPause,0]
12-15 15:05:36.816  3181  3181 I wm_on_top_resumed_lost_called: [50326762,com.miui.home.launcher.Launcher,topStateChangedWhenResumed]
12-15 15:05:36.818  3181  3181 I wm_on_paused_called: [0,50326762,com.miui.home.launcher.Launcher,performPause,1]
12-15 15:05:37.036 11883 11883 I wm_on_stop_called: [0,180820531,com.android.packageinstaller.permission.ui.GrantPermissionsActivity,STOP_ACTIVITY_ITEM,43]
12-15 15:05:37.050  3181  3669 I com.miui.home: CheckGCForNative adj_start_bytes: 48408679 NativeAllocationGcWatermark: 12214929 java_gc_start_bytes: 30086286 kNewNativeDiscountFactor: 2 kOldNativeDiscountFactor: 65536 old_native_bytes: 141080637 new_native_bytes: 727552 add_bytes_allowed: 36644787 is_gc_concurrent: 1 target_footprint_: 30610574 GetBytesAllocated: 16789624 HeapGrowthMultiplier: 3
12-15 15:05:37.050  3181  3669 I com.miui.home: CheckGCForNative gc_urgency 0.35439 current_native_bytes is 141808189
12-15 15:05:37.254  3181  3669 I com.miui.home: CheckGCForNative adj_start_bytes: 48408679 NativeAllocationGcWatermark: 12214929 java_gc_start_bytes: 30086286 kNewNativeDiscountFactor: 2 kOldNativeDiscountFactor: 65536 old_native_bytes: 141080637 new_native_bytes: 1031080 add_bytes_allowed: 36644787 is_gc_concurrent: 1 target_footprint_: 30610574 GetBytesAllocated: 17461992 HeapGrowthMultiplier: 3
12-15 15:05:37.254  3181  3669 I com.miui.home: CheckGCForNative gc_urgency 0.371414 current_native_bytes is 142111717
12-15 15:05:37.567  3181  3669 I com.miui.home: CheckGCForNative adj_start_bytes: 48408679 NativeAllocationGcWatermark: 12214929 java_gc_start_bytes: 30086286 kNewNativeDiscountFactor: 2 kOldNativeDiscountFactor: 65536 old_native_bytes: 141080637 new_native_bytes: 11605000 add_bytes_allowed: 36644787 is_gc_concurrent: 1 target_footprint_: 30610574 GetBytesAllocated: 17675144 HeapGrowthMultiplier: 3
12-15 15:05:37.567  3181  3669 I com.miui.home: CheckGCForNative gc_urgency 0.485033 current_native_bytes is 152685637
12-15 15:05:37.567  3181  3669 I com.miui.home: CheckGCForNative adj_start_bytes: 48408679 NativeAllocationGcWatermark: 12214929 java_gc_start_bytes: 30086286 kNewNativeDiscountFactor: 2 kOldNativeDiscountFactor: 65536 old_native_bytes: 141080637 new_native_bytes: 22311112 add_bytes_allowed: 36644787 is_gc_concurrent: 1 target_footprint_: 30610574 GetBytesAllocated: 17675336 HeapGrowthMultiplier: 3
12-15 15:05:37.567  3181  3669 I com.miui.home: CheckGCForNative gc_urgency 0.595617 current_native_bytes is 163391749
12-15 15:05:37.592  3181  3669 I com.miui.home: CheckGCForNative adj_start_bytes: 48408679 NativeAllocationGcWatermark: 12214929 java_gc_start_bytes: 30086286 kNewNativeDiscountFactor: 2 kOldNativeDiscountFactor: 65536 old_native_bytes: 141080637 new_native_bytes: 22311496 add_bytes_allowed: 36644787 is_gc_concurrent: 1 target_footprint_: 30610574 GetBytesAllocated: 17691720 HeapGrowthMultiplier: 3
12-15 15:05:37.593  3181  3669 I com.miui.home: CheckGCForNative gc_urgency 0.59596 current_native_bytes is 163392133
12-15 15:05:37.593  3181  3669 I com.miui.home: CheckGCForNative adj_start_bytes: 48408679 NativeAllocationGcWatermark: 12214929 java_gc_start_bytes: 30086286 kNewNativeDiscountFactor: 2 kOldNativeDiscountFactor: 65536 old_native_bytes: 141080637 new_native_bytes: 33017416 add_bytes_allowed: 36644787 is_gc_concurrent: 1 target_footprint_: 30610574 GetBytesAllocated: 17691912 HeapGrowthMultiplier: 3
12-15 15:05:37.593  3181  3669 I com.miui.home: CheckGCForNative gc_urgency 0.706542 current_native_bytes is 174098053
12-15 15:05:38.524 12230 12230 I wm_on_application_create_called: [0,com.dragon.read,802]
12-15 15:05:38.697 12230 12230 I wm_on_create_called: [0,93975294,com.dragon.read.pages.splash.SplashActivity,performCreate,55]
12-15 15:05:38.783 12230 12230 I wm_on_start_called: [0,93975294,com.dragon.read.pages.splash.SplashActivity,handleStartActivity,85]
12-15 15:05:38.858  3181  3462 I com.miui.home: CheckGCForNative adj_start_bytes: 48408679 NativeAllocationGcWatermark: 12214929 java_gc_start_bytes: 30086286 kNewNativeDiscountFactor: 2 kOldNativeDiscountFactor: 65536 old_native_bytes: 141080637 new_native_bytes: 22342820 add_bytes_allowed: 36644787 is_gc_concurrent: 1 target_footprint_: 30610574 GetBytesAllocated: 18200184 HeapGrowthMultiplier: 3
12-15 15:05:38.859  3181  3462 I com.miui.home: CheckGCForNative gc_urgency 0.606787 current_native_bytes is 163423457
12-15 15:05:38.915 12230 12230 I wm_on_resume_called: [0,93975294,com.dragon.read.pages.splash.SplashActivity,RESUME_ACTIVITY,131]
12-15 15:05:38.917 12230 12230 I wm_on_top_resumed_gained_called: [93975294,com.dragon.read.pages.splash.SplashActivity,topStateChangedWhenResumed]
12-15 15:05:39.013  3181  3587 I com.miui.home: CheckGCForNative adj_start_bytes: 48408679 NativeAllocationGcWatermark: 12214929 java_gc_start_bytes: 30086286 kNewNativeDiscountFactor: 2 kOldNativeDiscountFactor: 65536 old_native_bytes: 141080637 new_native_bytes: 33177916 add_bytes_allowed: 36644787 is_gc_concurrent: 1 target_footprint_: 30610574 GetBytesAllocated: 18380616 HeapGrowthMultiplier: 3
12-15 15:05:39.014  3181  3587 I com.miui.home: CheckGCForNative gc_urgency 0.722427 current_native_bytes is 174258553
12-15 15:05:39.014  3181  3587 I com.miui.home: CheckGCForNative adj_start_bytes: 48408679 NativeAllocationGcWatermark: 12214929 java_gc_start_bytes: 30086286 kNewNativeDiscountFactor: 2 kOldNativeDiscountFactor: 65536 old_native_bytes: 141080637 new_native_bytes: 43883836 add_bytes_allowed: 36644787 is_gc_concurrent: 1 target_footprint_: 30610574 GetBytesAllocated: 18397192 HeapGrowthMultiplier: 3
12-15 15:05:39.014  3181  3587 I com.miui.home: CheckGCForNative gc_urgency 0.833348 current_native_bytes is 184964473
12-15 15:05:39.078  3181  3463 I com.miui.home: CheckGCForNative adj_start_bytes: 48408679 NativeAllocationGcWatermark: 12214929 java_gc_start_bytes: 30086286 kNewNativeDiscountFactor: 2 kOldNativeDiscountFactor: 65536 old_native_bytes: 141080637 new_native_bytes: 33166300 add_bytes_allowed: 36644787 is_gc_concurrent: 1 target_footprint_: 30610574 GetBytesAllocated: 18495496 HeapGrowthMultiplier: 3
12-15 15:05:39.078  3181  3463 I com.miui.home: CheckGCForNative gc_urgency 0.72468 current_native_bytes is 174246937
12-15 15:05:39.100  3181  3587 I com.miui.home: CheckGCForNative adj_start_bytes: 48408679 NativeAllocationGcWatermark: 12214929 java_gc_start_bytes: 30086286 kNewNativeDiscountFactor: 2 kOldNativeDiscountFactor: 65536 old_native_bytes: 141080637 new_native_bytes: 43876572 add_bytes_allowed: 36644787 is_gc_concurrent: 1 target_footprint_: 30610574 GetBytesAllocated: 18511880 HeapGrowthMultiplier: 3
12-15 15:05:39.100  3181  3587 I com.miui.home: CheckGCForNative gc_urgency 0.835642 current_native_bytes is 184957209
12-15 15:05:39.188 12230 12230 I wm_on_top_resumed_lost_called: [93975294,com.dragon.read.pages.splash.SplashActivity,topStateChangedWhenResumed]
12-15 15:05:39.216 12230 12230 I wm_on_paused_called: [0,93975294,com.dragon.read.pages.splash.SplashActivity,performPause,24]
12-15 15:05:39.382  3181  3669 I com.miui.home: CheckGCForNative adj_start_bytes: 48408679 NativeAllocationGcWatermark: 12214929 java_gc_start_bytes: 30086286 kNewNativeDiscountFactor: 2 kOldNativeDiscountFactor: 65536 old_native_bytes: 141080637 new_native_bytes: 33317948 add_bytes_allowed: 36644787 is_gc_concurrent: 1 target_footprint_: 30610574 GetBytesAllocated: 18971512 HeapGrowthMultiplier: 3
12-15 15:05:39.382  3181  3669 I com.miui.home: CheckGCForNative gc_urgency 0.73608 current_native_bytes is 174398585
12-15 15:05:39.500  3181  3181 I wm_on_resume_called: [0,50326762,com.miui.home.launcher.Launcher,RESUME_ACTIVITY,9]
12-15 15:05:39.532  3181  3669 I com.miui.home: CheckGCForNative adj_start_bytes: 48408679 NativeAllocationGcWatermark: 12214929 java_gc_start_bytes: 30086286 kNewNativeDiscountFactor: 2 kOldNativeDiscountFactor: 65536 old_native_bytes: 141080637 new_native_bytes: 33420976 add_bytes_allowed: 36644787 is_gc_concurrent: 1 target_footprint_: 30610574 GetBytesAllocated: 19267208 HeapGrowthMultiplier: 3
12-15 15:05:39.532  3181  3669 I com.miui.home: CheckGCForNative gc_urgency 0.743252 current_native_bytes is 174501613
12-15 15:05:39.546  3181  3181 I wm_on_idle_called: com.miui.home.launcher.Launcher
12-15 15:05:39.592  3181  3669 I com.miui.home: CheckGCForNative adj_start_bytes: 48408679 NativeAllocationGcWatermark: 12214929 java_gc_start_bytes: 30086286 kNewNativeDiscountFactor: 2 kOldNativeDiscountFactor: 65536 old_native_bytes: 141080637 new_native_bytes: 44329168 add_bytes_allowed: 36644787 is_gc_concurrent: 1 target_footprint_: 30610574 GetBytesAllocated: 19676904 HeapGrowthMultiplier: 3
12-15 15:05:39.592  3181  3669 I com.miui.home: CheckGCForNative gc_urgency 0.864383 current_native_bytes is 185409805
12-15 15:05:39.680  3181  3669 I com.miui.home: CheckGCForNative adj_start_bytes: 48408679 NativeAllocationGcWatermark: 12214929 java_gc_start_bytes: 30086286 kNewNativeDiscountFactor: 2 kOldNativeDiscountFactor: 65536 old_native_bytes: 141080637 new_native_bytes: 33860580 add_bytes_allowed: 36644787 is_gc_concurrent: 1 target_footprint_: 30610574 GetBytesAllocated: 20636216 HeapGrowthMultiplier: 3
12-15 15:05:39.683  3181  3669 I com.miui.home: CheckGCForNative gc_urgency 0.776073 current_native_bytes is 174941217
12-15 15:05:39.693  3181  3669 I com.miui.home: CheckGCForNative adj_start_bytes: 48408679 NativeAllocationGcWatermark: 12214929 java_gc_start_bytes: 30086286 kNewNativeDiscountFactor: 2 kOldNativeDiscountFactor: 65536 old_native_bytes: 141080637 new_native_bytes: 44605156 add_bytes_allowed: 36644787 is_gc_concurrent: 1 target_footprint_: 30610574 GetBytesAllocated: 20718136 HeapGrowthMultiplier: 3
12-15 15:05:39.693  3181  3669 I com.miui.home: CheckGCForNative gc_urgency 0.888743 current_native_bytes is 185685793
12-15 15:05:39.723  3181  3669 I com.miui.home: CheckGCForNative adj_start_bytes: 48408679 NativeAllocationGcWatermark: 12214929 java_gc_start_bytes: 30086286 kNewNativeDiscountFactor: 2 kOldNativeDiscountFactor: 65536 old_native_bytes: 141080637 new_native_bytes: 34164568 add_bytes_allowed: 36644787 is_gc_concurrent: 1 target_footprint_: 30610574 GetBytesAllocated: 21095704 HeapGrowthMultiplier: 3
12-15 15:05:39.723  3181  3669 I com.miui.home: CheckGCForNative gc_urgency 0.788704 current_native_bytes is 175245205
12-15 15:05:39.739 11883 11883 I wm_on_create_called: [0,224146467,com.android.packageinstaller.permission.ui.GrantPermissionsActivity,performCreate,494]
12-15 15:05:39.740 11883 11883 I wm_on_start_called: [0,224146467,com.android.packageinstaller.permission.ui.GrantPermissionsActivity,handleStartActivity,0]
12-15 15:05:39.760  3181  3669 I com.miui.home: CheckGCForNative adj_start_bytes: 48408679 NativeAllocationGcWatermark: 12214929 java_gc_start_bytes: 30086286 kNewNativeDiscountFactor: 2 kOldNativeDiscountFactor: 65536 old_native_bytes: 141080637 new_native_bytes: 34616400 add_bytes_allowed: 36644787 is_gc_concurrent: 1 target_footprint_: 30610574 GetBytesAllocated: 21538616 HeapGrowthMultiplier: 3
12-15 15:05:39.760  3181  3669 I com.miui.home: CheckGCForNative gc_urgency 0.802521 current_native_bytes is 175697037
12-15 15:05:39.763  3181  3669 I com.miui.home: CheckGCForNative adj_start_bytes: 48408679 NativeAllocationGcWatermark: 12214929 java_gc_start_bytes: 30086286 kNewNativeDiscountFactor: 2 kOldNativeDiscountFactor: 65536 old_native_bytes: 141080637 new_native_bytes: 34650764 add_bytes_allowed: 36644787 is_gc_concurrent: 1 target_footprint_: 30610574 GetBytesAllocated: 21555000 HeapGrowthMultiplier: 3
12-15 15:05:39.763  3181  3669 I com.miui.home: CheckGCForNative gc_urgency 0.803214 current_native_bytes is 175731401
12-15 15:05:39.783 11883 11883 I wm_on_resume_called: [0,224146467,com.android.packageinstaller.permission.ui.GrantPermissionsActivity,RESUME_ACTIVITY,42]
12-15 15:05:39.801 11883 11883 I wm_on_top_resumed_gained_called: [224146467,com.android.packageinstaller.permission.ui.GrantPermissionsActivity,topStateChangedWhenResumed]
12-15 15:05:39.802 11883 11883 I wm_on_top_resumed_lost_called: [224146467,com.android.packageinstaller.permission.ui.GrantPermissionsActivity,topStateChangedWhenResumed]
12-15 15:05:39.804  3181  3181 I wm_on_top_resumed_gained_called: [50326762,com.miui.home.launcher.Launcher,topStateChangedWhenResumed]
12-15 15:05:39.804 11883 11883 I wm_on_paused_called: [0,224146467,com.android.packageinstaller.permission.ui.GrantPermissionsActivity,performPause,0]
12-15 15:05:39.811 11883 11883 I wm_on_stop_called: [0,224146467,com.android.packageinstaller.permission.ui.GrantPermissionsActivity,STOP_ACTIVITY_ITEM,5]
12-15 15:05:39.840 11883 11883 I wm_on_destroy_called: [0,224146467,com.android.packageinstaller.permission.ui.GrantPermissionsActivity,performDestroy,0]
12-15 15:05:40.115  3181  3181 I wm_on_top_resumed_lost_called: [50326762,com.miui.home.launcher.Launcher,topStateChangedWhenResumed]
12-15 15:05:40.122  3181  3181 I wm_on_paused_called: [0,50326762,com.miui.home.launcher.Launcher,performPause,1]
12-15 15:05:40.248  3181  3669 I com.miui.home: CheckGCForNative adj_start_bytes: 48408679 NativeAllocationGcWatermark: 12214929 java_gc_start_bytes: 30086286 kNewNativeDiscountFactor: 2 kOldNativeDiscountFactor: 65536 old_native_bytes: 141080637 new_native_bytes: 35265520 add_bytes_allowed: 36644787 is_gc_concurrent: 1 target_footprint_: 30610574 GetBytesAllocated: 22407656 HeapGrowthMultiplier: 3
12-15 15:05:40.248  3181  3669 I com.miui.home: CheckGCForNative gc_urgency 0.827177 current_native_bytes is 176346157
12-15 15:05:40.380  3181  3669 I com.miui.home: CheckGCForNative adj_start_bytes: 48408679 NativeAllocationGcWatermark: 12214929 java_gc_start_bytes: 30086286 kNewNativeDiscountFactor: 2 kOldNativeDiscountFactor: 65536 old_native_bytes: 141080637 new_native_bytes: 35520876 add_bytes_allowed: 36644787 is_gc_concurrent: 1 target_footprint_: 30610574 GetBytesAllocated: 23055496 HeapGrowthMultiplier: 3
12-15 15:05:40.380  3181  3669 I com.miui.home: CheckGCForNative gc_urgency 0.843198 current_native_bytes is 176601513
12-15 15:05:40.484 11861 11861 I wm_on_create_called: [0,115817212,com.uc.browser.InnerUCMobile,performCreate,3513]
12-15 15:05:40.492  3181  3463 I com.miui.home: CheckGCForNative adj_start_bytes: 48408679 NativeAllocationGcWatermark: 12214929 java_gc_start_bytes: 30086286 kNewNativeDiscountFactor: 2 kOldNativeDiscountFactor: 65536 old_native_bytes: 141080637 new_native_bytes: 35682848 add_bytes_allowed: 36644787 is_gc_concurrent: 1 target_footprint_: 30610574 GetBytesAllocated: 23317640 HeapGrowthMultiplier: 3
12-15 15:05:40.492  3181  3463 I com.miui.home: CheckGCForNative gc_urgency 0.850286 current_native_bytes is 176763485
12-15 15:05:40.518 11861 11861 I wm_on_start_called: [0,115817212,com.uc.browser.InnerUCMobile,handleStartActivity,31]
12-15 15:05:40.641 11861 11861 I wm_on_resume_called: [0,115817212,com.uc.browser.InnerUCMobile,LIFECYCLER_RESUME_ACTIVITY,112]
12-15 15:05:41.123 12634 12634 I wm_on_application_create_called: [0,com.youku.phone,230]
12-15 15:05:41.287 12634 12634 I wm_on_create_called: [0,181181025,com.youku.phone.ActivityWelcome,performCreate,139]
12-15 15:05:41.450 12634 12634 I wm_on_create_called: [0,195664190,com.youku.v2.HomePageEntry,performCreate,94]
12-15 15:05:41.473  3181  3669 I com.miui.home: CheckGCForNative adj_start_bytes: 48408679 NativeAllocationGcWatermark: 12214929 java_gc_start_bytes: 30086286 kNewNativeDiscountFactor: 2 kOldNativeDiscountFactor: 65536 old_native_bytes: 141080637 new_native_bytes: 35492384 add_bytes_allowed: 36644787 is_gc_concurrent: 1 target_footprint_: 30610574 GetBytesAllocated: 23810104 HeapGrowthMultiplier: 3
12-15 15:05:41.473  3181  3669 I com.miui.home: CheckGCForNative gc_urgency 0.858492 current_native_bytes is 176573021
12-15 15:05:41.527  3181  3669 I com.miui.home: CheckGCForNative adj_start_bytes: 48408679 NativeAllocationGcWatermark: 12214929 java_gc_start_bytes: 30086286 kNewNativeDiscountFactor: 2 kOldNativeDiscountFactor: 65536 old_native_bytes: 141080637 new_native_bytes: 35783380 add_bytes_allowed: 36644787 is_gc_concurrent: 1 target_footprint_: 30610574 GetBytesAllocated: 24269432 HeapGrowthMultiplier: 3
12-15 15:05:41.527  3181  3669 I com.miui.home: CheckGCForNative gc_urgency 0.870986 current_native_bytes is 176864017
12-15 15:05:41.544 12634 12634 I wm_on_start_called: [0,195664190,com.youku.v2.HomePageEntry,handleStartActivity,91]
12-15 15:05:41.572  3181  3669 I com.miui.home: CheckGCForNative adj_start_bytes: 48408679 NativeAllocationGcWatermark: 12214929 java_gc_start_bytes: 30086286 kNewNativeDiscountFactor: 2 kOldNativeDiscountFactor: 65536 old_native_bytes: 141080637 new_native_bytes: 36072560 add_bytes_allowed: 36644787 is_gc_concurrent: 1 target_footprint_: 30610574 GetBytesAllocated: 24482712 HeapGrowthMultiplier: 3
12-15 15:05:41.572  3181  3669 I com.miui.home: CheckGCForNative gc_urgency 0.878379 current_native_bytes is 177153197
12-15 15:05:41.585 12634 12634 I wm_on_resume_called: [0,195664190,com.youku.v2.HomePageEntry,RESUME_ACTIVITY,39]
12-15 15:05:41.596 12634 12634 I wm_on_top_resumed_gained_called: [195664190,com.youku.v2.HomePageEntry,topStateChangedWhenResumed]
12-15 15:05:42.183  3181  3814 I com.miui.home: CheckGCForNative adj_start_bytes: 48408679 NativeAllocationGcWatermark: 12214929 java_gc_start_bytes: 30086286 kNewNativeDiscountFactor: 2 kOldNativeDiscountFactor: 65536 old_native_bytes: 141080637 new_native_bytes: 46844668 add_bytes_allowed: 36644787 is_gc_concurrent: 1 target_footprint_: 30610574 GetBytesAllocated: 25367880 HeapGrowthMultiplier: 3
12-15 15:05:42.183  3181  3814 I com.miui.home: CheckGCForNative gc_urgency 1.00793 current_native_bytes is 187925305
12-15 15:05:42.183  3181  3814 I com.miui.home: CheckGCForNative requested 1
12-15 15:05:42.184  3181  3814 I com.miui.home: CheckGCForNative adj_start_bytes: 48408679 NativeAllocationGcWatermark: 12214929 java_gc_start_bytes: 30086286 kNewNativeDiscountFactor: 2 kOldNativeDiscountFactor: 65536 old_native_bytes: 141080637 new_native_bytes: 57549628 add_bytes_allowed: 36644787 is_gc_concurrent: 1 target_footprint_: 30610574 GetBytesAllocated: 25368072 HeapGrowthMultiplier: 3
12-15 15:05:42.184  3181  3814 I com.miui.home: CheckGCForNative gc_urgency 1.1185 current_native_bytes is 198630265
12-15 15:05:42.184  3181  3814 I com.miui.home: CheckGCForNative requested 1
12-15 15:05:42.196  3181  3463 I com.miui.home: CheckGCForNative adj_start_bytes: 48408679 NativeAllocationGcWatermark: 12214929 java_gc_start_bytes: 30086286 kNewNativeDiscountFactor: 2 kOldNativeDiscountFactor: 65536 old_native_bytes: 141080637 new_native_bytes: 46835548 add_bytes_allowed: 36644787 is_gc_concurrent: 1 target_footprint_: 30610574 GetBytesAllocated: 25384456 HeapGrowthMultiplier: 3
12-15 15:05:42.196  3181  3463 I com.miui.home: CheckGCForNative gc_urgency 1.00817 current_native_bytes is 187916185
12-15 15:05:42.196  3181  3463 I com.miui.home: CheckGCForNative requested 1
12-15 15:05:42.282  3181  3814 I com.miui.home: CheckGCForNative adj_start_bytes: 48408679 NativeAllocationGcWatermark: 12214929 java_gc_start_bytes: 30086286 kNewNativeDiscountFactor: 2 kOldNativeDiscountFactor: 65536 old_native_bytes: 141080637 new_native_bytes: 57531100 add_bytes_allowed: 36644787 is_gc_concurrent: 1 target_footprint_: 30610574 GetBytesAllocated: 25417224 HeapGrowthMultiplier: 3
12-15 15:05:42.282  3181  3814 I com.miui.home: CheckGCForNative gc_urgency 1.11932 current_native_bytes is 198611737
12-15 15:05:42.282  3181  3814 I com.miui.home: CheckGCForNative requested 1
12-15 15:05:42.489  3181  3213 I com.miui.home: NativeAlloc concurrent copying GC freed 219834(10MB) AllocSpace objects, 20(632KB) LOS objects, 49% free, 13MB/26MB, paused 93us,32us total 305.697ms
12-15 15:05:42.542  3181  3463 I com.miui.home: CheckGCForNative gc_urgency 0 current_native_bytes is 137757465
12-15 15:05:42.710  3181  3181 I wm_on_resume_called: [0,50326762,com.miui.home.launcher.Launcher,RESUME_ACTIVITY,4]
12-15 15:05:42.713  3181  3181 I wm_on_idle_called: com.miui.home.launcher.Launcher
12-15 15:05:42.885  3181  8080 I com.miui.home: CheckGCForNative gc_urgency 0 current_native_bytes is 137734569
12-15 15:05:42.983  3181  3669 I com.miui.home: CheckGCForNative adj_start_bytes: 44961889 NativeAllocationGcWatermark: 11824535 java_gc_start_bytes: 27225087 kNewNativeDiscountFactor: 2 kOldNativeDiscountFactor: 65536 old_native_bytes: 137734569 new_native_bytes: 724224 add_bytes_allowed: 35473605 is_gc_concurrent: 1 target_footprint_: 27487423 GetBytesAllocated: 15539856 HeapGrowthMultiplier: 3
12-15 15:05:42.984  3181  3669 I com.miui.home: CheckGCForNative gc_urgency 0.353723 current_native_bytes is 138458793
12-15 15:05:43.009  3181  3403 I com.miui.home: CheckGCForNative adj_start_bytes: 44961889 NativeAllocationGcWatermark: 11824535 java_gc_start_bytes: 27225087 kNewNativeDiscountFactor: 2 kOldNativeDiscountFactor: 65536 old_native_bytes: 137734569 new_native_bytes: 1032756 add_bytes_allowed: 35473605 is_gc_concurrent: 1 target_footprint_: 27487423 GetBytesAllocated: 15703760 HeapGrowthMultiplier: 3
12-15 15:05:43.009  3181  3403 I com.miui.home: CheckGCForNative gc_urgency 0.3608 current_native_bytes is 138767325
12-15 15:05:43.022  3181  3669 I com.miui.home: CheckGCForNative adj_start_bytes: 44961889 NativeAllocationGcWatermark: 11824535 java_gc_start_bytes: 27225087 kNewNativeDiscountFactor: 2 kOldNativeDiscountFactor: 65536 old_native_bytes: 137734569 new_native_bytes: 1262244 add_bytes_allowed: 35473605 is_gc_concurrent: 1 target_footprint_: 27487423 GetBytesAllocated: 15720256 HeapGrowthMultiplier: 3
12-15 15:05:43.022  3181  3669 I com.miui.home: CheckGCForNative gc_urgency 0.363719 current_native_bytes is 138996813
12-15 15:05:43.024  3181  3669 I com.miui.home: CheckGCForNative adj_start_bytes: 44961889 NativeAllocationGcWatermark: 11824535 java_gc_start_bytes: 27225087 kNewNativeDiscountFactor: 2 kOldNativeDiscountFactor: 65536 old_native_bytes: 137734569 new_native_bytes: 1645892 add_bytes_allowed: 35473605 is_gc_concurrent: 1 target_footprint_: 27487423 GetBytesAllocated: 15720256 HeapGrowthMultiplier: 3
12-15 15:05:43.025  3181  3669 I com.miui.home: CheckGCForNative gc_urgency 0.367985 current_native_bytes is 139380461
12-15 15:05:43.053  3181  3669 I com.miui.home: CheckGCForNative adj_start_bytes: 44961889 NativeAllocationGcWatermark: 11824535 java_gc_start_bytes: 27225087 kNewNativeDiscountFactor: 2 kOldNativeDiscountFactor: 65536 old_native_bytes: 137734569 new_native_bytes: 2758788 add_bytes_allowed: 35473605 is_gc_concurrent: 1 target_footprint_: 27487423 GetBytesAllocated: 15769584 HeapGrowthMultiplier: 3
12-15 15:05:43.053  3181  3669 I com.miui.home: CheckGCForNative gc_urgency 0.381458 current_native_bytes is 140493357
12-15 15:05:43.057  3181  3669 I com.miui.home: CheckGCForNative adj_start_bytes: 44961889 NativeAllocationGcWatermark: 11824535 java_gc_start_bytes: 27225087 kNewNativeDiscountFactor: 2 kOldNativeDiscountFactor: 65536 old_native_bytes: 137734569 new_native_bytes: 3171012 add_bytes_allowed: 35473605 is_gc_concurrent: 1 target_footprint_: 27487423 GetBytesAllocated: 15785968 HeapGrowthMultiplier: 3
12-15 15:05:43.057  3181  3669 I com.miui.home: CheckGCForNative gc_urgency 0.386407 current_native_bytes is 140905581
12-15 15:05:43.063  3181  3669 I com.miui.home: CheckGCForNative adj_start_bytes: 44961889 NativeAllocationGcWatermark: 11824535 java_gc_start_bytes: 27225087 kNewNativeDiscountFactor: 2 kOldNativeDiscountFactor: 65536 old_native_bytes: 137734569 new_native_bytes: 3963140 add_bytes_allowed: 35473605 is_gc_concurrent: 1 target_footprint_: 27487423 GetBytesAllocated: 15818912 HeapGrowthMultiplier: 3
12-15 15:05:43.063  3181  3669 I com.miui.home: CheckGCForNative gc_urgency 0.395948 current_native_bytes is 141697709
12-15 15:05:43.064  3181  3669 I com.miui.home: CheckGCForNative adj_start_bytes: 44961889 NativeAllocationGcWatermark: 11824535 java_gc_start_bytes: 27225087 kNewNativeDiscountFactor: 2 kOldNativeDiscountFactor: 65536 old_native_bytes: 137734569 new_native_bytes: 4422276 add_bytes_allowed: 35473605 is_gc_concurrent: 1 target_footprint_: 27487423 GetBytesAllocated: 15818912 HeapGrowthMultiplier: 3
12-15 15:05:43.064  3181  3669 I com.miui.home: CheckGCForNative gc_urgency 0.401054 current_native_bytes is 142156845
12-15 15:05:43.071  3181  3181 I wm_on_paused_called: [0,50326762,com.miui.home.launcher.Launcher,performPause,2]
12-15 15:05:43.111  3181  3669 I com.miui.home: CheckGCForNative adj_start_bytes: 44961889 NativeAllocationGcWatermark: 11824535 java_gc_start_bytes: 27225087 kNewNativeDiscountFactor: 2 kOldNativeDiscountFactor: 65536 old_native_bytes: 137734569 new_native_bytes: 4817600 add_bytes_allowed: 35473605 is_gc_concurrent: 1 target_footprint_: 27487423 GetBytesAllocated: 16081120 HeapGrowthMultiplier: 3
12-15 15:05:43.111  3181  3669 I com.miui.home: CheckGCForNative gc_urgency 0.411282 current_native_bytes is 142552169
12-15 15:05:43.257  3181  3669 I com.miui.home: CheckGCForNative adj_start_bytes: 44961889 NativeAllocationGcWatermark: 11824535 java_gc_start_bytes: 27225087 kNewNativeDiscountFactor: 2 kOldNativeDiscountFactor: 65536 old_native_bytes: 137734569 new_native_bytes: 5165424 add_bytes_allowed: 35473605 is_gc_concurrent: 1 target_footprint_: 27487423 GetBytesAllocated: 16843680 HeapGrowthMultiplier: 3
12-15 15:05:43.257  3181  3669 I com.miui.home: CheckGCForNative gc_urgency 0.43211 current_native_bytes is 142899993
12-15 15:05:43.293  3181  3669 I com.miui.home: CheckGCForNative adj_start_bytes: 44961889 NativeAllocationGcWatermark: 11824535 java_gc_start_bytes: 27225087 kNewNativeDiscountFactor: 2 kOldNativeDiscountFactor: 65536 old_native_bytes: 137734569 new_native_bytes: 16187308 add_bytes_allowed: 35473605 is_gc_concurrent: 1 target_footprint_: 27487423 GetBytesAllocated: 17007584 HeapGrowthMultiplier: 3
