12-18 14:39:18.237  3268  3685 I com.miui.home: CheckGCForNative gc_urgency 0.326131 current_native_bytes is 132908605
12-18 14:39:18.252  3268  3685 I com.miui.home: CheckGCForNative adj_start_bytes: 45085634 NativeAllocationGcWatermark: 11842777 java_gc_start_bytes: 27321469 kNewNativeDiscountFactor: 2 kOldNativeDiscountFactor: 65536 old_native_bytes: 131368453 new_native_bytes: 2098040 add_bytes_allowed: 35528331 is_gc_concurrent: 1 target_footprint_: 27633357 GetBytesAllocated: 13964664 HeapGrowthMultiplier: 3
12-18 14:39:18.252  3268  3685 I com.miui.home: CheckGCForNative gc_urgency 0.333048 current_native_bytes is 133466493
12-18 14:39:18.259  3268  3685 I com.miui.home: CheckGCForNative adj_start_bytes: 45085634 NativeAllocationGcWatermark: 11842777 java_gc_start_bytes: 27321469 kNewNativeDiscountFactor: 2 kOldNativeDiscountFactor: 65536 old_native_bytes: 131368453 new_native_bytes: 2619416 add_bytes_allowed: 35528331 is_gc_concurrent: 1 target_footprint_: 27633357 GetBytesAllocated: 13997608 HeapGrowthMultiplier: 3
12-18 14:39:18.259  3268  3685 I com.miui.home: CheckGCForNative gc_urgency 0.339561 current_native_bytes is 133987869
12-18 14:39:18.261  3268  3685 I com.miui.home: CheckGCForNative adj_start_bytes: 45085634 NativeAllocationGcWatermark: 11842777 java_gc_start_bytes: 27321469 kNewNativeDiscountFactor: 2 kOldNativeDiscountFactor: 65536 old_native_bytes: 131368453 new_native_bytes: 3015736 add_bytes_allowed: 35528331 is_gc_concurrent: 1 target_footprint_: 27633357 GetBytesAllocated: 13997608 HeapGrowthMultiplier: 3
12-18 14:39:18.261  3268  3685 I com.miui.home: CheckGCForNative gc_urgency 0.343956 current_native_bytes is 134384189
12-18 14:39:18.296  3268  3685 I com.miui.home: CheckGCForNative adj_start_bytes: 45085634 NativeAllocationGcWatermark: 11842777 java_gc_start_bytes: 27321469 kNewNativeDiscountFactor: 2 kOldNativeDiscountFactor: 65536 old_native_bytes: 131368453 new_native_bytes: 4078924 add_bytes_allowed: 35528331 is_gc_concurrent: 1 target_footprint_: 27633357 GetBytesAllocated: 14113496 HeapGrowthMultiplier: 3
12-18 14:39:18.296  3268  3685 I com.miui.home: CheckGCForNative gc_urgency 0.358317 current_native_bytes is 135447377
12-18 14:39:18.324 12641 12641 I wm_on_idle_called: com.sina.weibo.VisitorMainTabActivity
12-18 14:39:18.725  3268  3268 I wm_on_top_resumed_lost_called: [65227351,com.miui.home.launcher.Launcher,topStateChangedWhenResumed]
12-18 14:39:18.748  3268  3268 I wm_on_paused_called: [0,65227351,com.miui.home.launcher.Launcher,performPause,1]
12-18 14:39:18.901  3268  3685 I com.miui.home: CheckGCForNative adj_start_bytes: 45085634 NativeAllocationGcWatermark: 11842777 java_gc_start_bytes: 27321469 kNewNativeDiscountFactor: 2 kOldNativeDiscountFactor: 65536 old_native_bytes: 131368453 new_native_bytes: 5076024 add_bytes_allowed: 35528331 is_gc_concurrent: 1 target_footprint_: 27633357 GetBytesAllocated: 15203848 HeapGrowthMultiplier: 3
12-18 14:39:18.902  3268  3685 I com.miui.home: CheckGCForNative gc_urgency 0.393559 current_native_bytes is 136444477
12-18 14:39:19.105  3268  3685 I com.miui.home: CheckGCForNative adj_start_bytes: 45085634 NativeAllocationGcWatermark: 11842777 java_gc_start_bytes: 27321469 kNewNativeDiscountFactor: 2 kOldNativeDiscountFactor: 65536 old_native_bytes: 131368453 new_native_bytes: 5128940 add_bytes_allowed: 35528331 is_gc_concurrent: 1 target_footprint_: 27633357 GetBytesAllocated: 15728776 HeapGrowthMultiplier: 3
12-18 14:39:19.105  3268  3685 I com.miui.home: CheckGCForNative gc_urgency 0.405789 current_native_bytes is 136497393
12-18 14:39:19.237 11843 11843 I wm_on_create_called: [0,261941847,com.android.packageinstaller.permission.ui.GrantPermissionsActivity,performCreate,245]
12-18 14:39:19.238 11843 11843 I wm_on_start_called: [0,261941847,com.android.packageinstaller.permission.ui.GrantPermissionsActivity,handleStartActivity,0]
12-18 14:39:19.244 11843 11843 I wm_on_resume_called: [0,261941847,com.android.packageinstaller.permission.ui.GrantPermissionsActivity,RESUME_ACTIVITY,3]
12-18 14:39:19.406 11843 11843 I wm_on_idle_called: com.android.packageinstaller.permission.ui.GrantPermissionsActivity
12-18 14:39:19.451  3268  3268 I wm_on_stop_called: [0,65227351,com.miui.home.launcher.Launcher,STOP_ACTIVITY_ITEM,16]
12-18 14:39:20.088 13142 13142 I wm_on_application_create_called: [0,com.UCMobile,741]
12-18 14:39:20.501 11843 11843 I wm_on_top_resumed_gained_called: [261941847,com.android.packageinstaller.permission.ui.GrantPermissionsActivity,topStateChangedWhenResumed]
12-18 14:39:20.513  3268  3268 I wm_on_restart_called: [0,65227351,com.miui.home.launcher.Launcher,performRestartActivity,0]
12-18 14:39:20.515  3268  3268 I wm_on_start_called: [0,65227351,com.miui.home.launcher.Launcher,handleStartActivity,1]
12-18 14:39:20.653  3268 10487 I com.miui.home: CheckGCForNative adj_start_bytes: 45085634 NativeAllocationGcWatermark: 11842777 java_gc_start_bytes: 27321469 kNewNativeDiscountFactor: 2 kOldNativeDiscountFactor: 65536 old_native_bytes: 131368453 new_native_bytes: 16116340 add_bytes_allowed: 35528331 is_gc_concurrent: 1 target_footprint_: 27633357 GetBytesAllocated: 16851656 HeapGrowthMultiplier: 3
12-18 14:39:20.653  3268 10487 I com.miui.home: CheckGCForNative gc_urgency 0.552545 current_native_bytes is 147484793
12-18 14:39:20.665  3268 10487 I com.miui.home: CheckGCForNative adj_start_bytes: 45085634 NativeAllocationGcWatermark: 11842777 java_gc_start_bytes: 27321469 kNewNativeDiscountFactor: 2 kOldNativeDiscountFactor: 65536 old_native_bytes: 131368453 new_native_bytes: 26822260 add_bytes_allowed: 35528331 is_gc_concurrent: 1 target_footprint_: 27633357 GetBytesAllocated: 16868232 HeapGrowthMultiplier: 3
12-18 14:39:20.665  3268 10487 I com.miui.home: CheckGCForNative gc_urgency 0.671641 current_native_bytes is 158190713
12-18 14:39:20.786  3268  3268 I wm_on_stop_called: [0,65227351,com.miui.home.launcher.Launcher,STOP_ACTIVITY_ITEM,3]
12-18 14:39:20.934  3268  8157 I com.miui.home: CheckGCForNative adj_start_bytes: 45085634 NativeAllocationGcWatermark: 11842777 java_gc_start_bytes: 27321469 kNewNativeDiscountFactor: 2 kOldNativeDiscountFactor: 65536 old_native_bytes: 131368453 new_native_bytes: 26621672 add_bytes_allowed: 35528331 is_gc_concurrent: 1 target_footprint_: 27633357 GetBytesAllocated: 16917384 HeapGrowthMultiplier: 3
12-18 14:39:20.934  3268  8157 I com.miui.home: CheckGCForNative gc_urgency 0.670507 current_native_bytes is 157990125
12-18 14:39:20.968  3268  3268 I com.miui.home: CheckGCForNative adj_start_bytes: 45085634 NativeAllocationGcWatermark: 11842777 java_gc_start_bytes: 27321469 kNewNativeDiscountFactor: 2 kOldNativeDiscountFactor: 65536 old_native_bytes: 131368453 new_native_bytes: 37348904 add_bytes_allowed: 35528331 is_gc_concurrent: 1 target_footprint_: 27633357 GetBytesAllocated: 16934056 HeapGrowthMultiplier: 3
12-18 14:39:20.968  3268  3268 I com.miui.home: CheckGCForNative gc_urgency 0.789842 current_native_bytes is 168717357
12-18 14:39:21.538  3268  3268 I wm_on_restart_called: [0,65227351,com.miui.home.launcher.Launcher,performRestartActivity,0]
12-18 14:39:21.539  3268  3268 I wm_on_start_called: [0,65227351,com.miui.home.launcher.Launcher,handleStartActivity,1]
12-18 14:39:21.620  3268  3292 I com.miui.home: CheckGCForNative adj_start_bytes: 45085634 NativeAllocationGcWatermark: 11842777 java_gc_start_bytes: 27321469 kNewNativeDiscountFactor: 2 kOldNativeDiscountFactor: 65536 old_native_bytes: 131368453 new_native_bytes: 37715356 add_bytes_allowed: 35528331 is_gc_concurrent: 1 target_footprint_: 27633357 GetBytesAllocated: 17622856 HeapGrowthMultiplier: 3
12-18 14:39:21.620  3268  3292 I com.miui.home: CheckGCForNative gc_urgency 0.809183 current_native_bytes is 169083809
12-18 14:39:21.620  3268  3292 I com.miui.home: CheckGCForNative adj_start_bytes: 45085634 NativeAllocationGcWatermark: 11842777 java_gc_start_bytes: 27321469 kNewNativeDiscountFactor: 2 kOldNativeDiscountFactor: 65536 old_native_bytes: 131368453 new_native_bytes: 48421276 add_bytes_allowed: 35528331 is_gc_concurrent: 1 target_footprint_: 27633357 GetBytesAllocated: 17623048 HeapGrowthMultiplier: 3
12-18 14:39:21.620  3268  3292 I com.miui.home: CheckGCForNative gc_urgency 0.927916 current_native_bytes is 179789729
12-18 14:39:21.634  3268 10487 I com.miui.home: CheckGCForNative adj_start_bytes: 45085634 NativeAllocationGcWatermark: 11842777 java_gc_start_bytes: 27321469 kNewNativeDiscountFactor: 2 kOldNativeDiscountFactor: 65536 old_native_bytes: 131368453 new_native_bytes: 48429644 add_bytes_allowed: 35528331 is_gc_concurrent: 1 target_footprint_: 27633357 GetBytesAllocated: 17639432 HeapGrowthMultiplier: 3
12-18 14:39:21.634  3268 10487 I com.miui.home: CheckGCForNative gc_urgency 0.928372 current_native_bytes is 179798097
12-18 14:39:21.715  3268  3268 I wm_on_stop_called: [0,65227351,com.miui.home.launcher.Launcher,STOP_ACTIVITY_ITEM,16]
12-18 14:39:22.313 11843 11843 I wm_on_top_resumed_lost_called: [261941847,com.android.packageinstaller.permission.ui.GrantPermissionsActivity,topStateChangedWhenResumed]
12-18 14:39:22.339  3268  3268 I wm_on_restart_called: [0,65227351,com.miui.home.launcher.Launcher,performRestartActivity,0]
12-18 14:39:22.341  3268  3268 I wm_on_start_called: [0,65227351,com.miui.home.launcher.Launcher,handleStartActivity,2]
12-18 14:39:22.403 11843 11843 I wm_on_paused_called: [0,261941847,com.android.packageinstaller.permission.ui.GrantPermissionsActivity,performPause,0]
12-18 14:39:22.416  3268 10487 I com.miui.home: CheckGCForNative adj_start_bytes: 45085634 NativeAllocationGcWatermark: 11842777 java_gc_start_bytes: 27321469 kNewNativeDiscountFactor: 2 kOldNativeDiscountFactor: 65536 old_native_bytes: 131368453 new_native_bytes: 48494068 add_bytes_allowed: 35528331 is_gc_concurrent: 1 target_footprint_: 27633357 GetBytesAllocated: 18295528 HeapGrowthMultiplier: 3
12-18 14:39:22.416  3268 10487 I com.miui.home: CheckGCForNative gc_urgency 0.943639 current_native_bytes is 179862521
12-18 14:39:22.416  3268 10487 I com.miui.home: CheckGCForNative adj_start_bytes: 45085634 NativeAllocationGcWatermark: 11842777 java_gc_start_bytes: 27321469 kNewNativeDiscountFactor: 2 kOldNativeDiscountFactor: 65536 old_native_bytes: 131368453 new_native_bytes: 59200628 add_bytes_allowed: 35528331 is_gc_concurrent: 1 target_footprint_: 27633357 GetBytesAllocated: 18312104 HeapGrowthMultiplier: 3
12-18 14:39:22.416  3268 10487 I com.miui.home: CheckGCForNative gc_urgency 1.06274 current_native_bytes is 190569081
12-18 14:39:22.416  3268 10487 I com.miui.home: CheckGCForNative requested 1
12-18 14:39:22.514 13142 13142 I wm_on_create_called: [0,18147432,com.UCMobile.main.UCMobile,performCreate,2409]
12-18 14:39:22.560 11843 11843 I wm_on_create_called: [0,139494708,com.android.packageinstaller.permission.ui.GrantPermissionsActivity,performCreate,43]
12-18 14:39:22.579  3268  3268 I wm_on_stop_called: [0,65227351,com.miui.home.launcher.Launcher,STOP_ACTIVITY_ITEM,29]
12-18 14:39:22.601 11843 11843 I wm_on_resume_called: [0,261941847,com.android.packageinstaller.permission.ui.GrantPermissionsActivity,RESUME_ACTIVITY,0]
12-18 14:39:22.601 11843 11843 I wm_on_top_resumed_gained_called: [261941847,com.android.packageinstaller.permission.ui.GrantPermissionsActivity,topWhenResuming]
12-18 14:39:22.637 11843 11843 I wm_on_idle_called: com.android.packageinstaller.permission.ui.GrantPermissionsActivity
12-18 14:39:22.645  3268  3292 I com.miui.home: CheckGCForNative adj_start_bytes: 45085634 NativeAllocationGcWatermark: 11842777 java_gc_start_bytes: 27321469 kNewNativeDiscountFactor: 2 kOldNativeDiscountFactor: 65536 old_native_bytes: 131368453 new_native_bytes: 59125816 add_bytes_allowed: 35528331 is_gc_concurrent: 1 target_footprint_: 27633357 GetBytesAllocated: 18476072 HeapGrowthMultiplier: 3
12-18 14:39:22.645  3268  3292 I com.miui.home: CheckGCForNative gc_urgency 1.06555 current_native_bytes is 190494269
12-18 14:39:22.645  3268  3292 I com.miui.home: CheckGCForNative requested 1
12-18 14:39:22.646  3268  3268 I com.miui.home: CheckGCForNative adj_start_bytes: 45085634 NativeAllocationGcWatermark: 11842777 java_gc_start_bytes: 27321469 kNewNativeDiscountFactor: 2 kOldNativeDiscountFactor: 65536 old_native_bytes: 131368453 new_native_bytes: 69832824 add_bytes_allowed: 35528331 is_gc_concurrent: 1 target_footprint_: 27633357 GetBytesAllocated: 18492664 HeapGrowthMultiplier: 3
12-18 14:39:22.646  3268  3268 I com.miui.home: CheckGCForNative gc_urgency 1.18466 current_native_bytes is 201201277
12-18 14:39:22.646  3268  3268 I com.miui.home: CheckGCForNative requested 1
12-18 14:39:22.706 11843 11843 I wm_on_destroy_called: [0,139494708,com.android.packageinstaller.permission.ui.GrantPermissionsActivity,performDestroy,0]
12-18 14:39:23.046  3268  3685 I com.miui.home: CheckGCForNative adj_start_bytes: 45085634 NativeAllocationGcWatermark: 11842777 java_gc_start_bytes: 27321469 kNewNativeDiscountFactor: 2 kOldNativeDiscountFactor: 65536 old_native_bytes: 131368453 new_native_bytes: 59217464 add_bytes_allowed: 35528331 is_gc_concurrent: 1 target_footprint_: 27633357 GetBytesAllocated: 18837384 HeapGrowthMultiplier: 3
12-18 14:39:23.047  3268  3685 I com.miui.home: CheckGCForNative gc_urgency 1.07458 current_native_bytes is 190585917
12-18 14:39:23.047  3268  3685 I com.miui.home: CheckGCForNative requested 1
12-18 14:39:23.302 11843 11843 I wm_on_top_resumed_lost_called: [261941847,com.android.packageinstaller.permission.ui.GrantPermissionsActivity,topStateChangedWhenResumed]
12-18 14:39:23.308 11843 11843 I wm_on_paused_called: [0,261941847,com.android.packageinstaller.permission.ui.GrantPermissionsActivity,performPause,0]
12-18 14:39:23.393  3268  3685 I com.miui.home: CheckGCForNative gc_urgency 0 current_native_bytes is 158388201
12-18 14:39:23.393  3268  3685 I com.miui.home: CheckGCForNative adj_start_bytes: 46272376 NativeAllocationGcWatermark: 11990055 java_gc_start_bytes: 28287294 kNewNativeDiscountFactor: 2 kOldNativeDiscountFactor: 65536 old_native_bytes: 158388201 new_native_bytes: 10641920 add_bytes_allowed: 35970165 is_gc_concurrent: 1 target_footprint_: 28811582 GetBytesAllocated: 14422368 HeapGrowthMultiplier: 3
12-18 14:39:23.393  3268  3685 I com.miui.home: CheckGCForNative gc_urgency 0.426729 current_native_bytes is 169030121
12-18 14:39:23.710  3268  3685 I com.miui.home: CheckGCForNative gc_urgency 0 current_native_bytes is 156165485
12-18 14:39:23.723  3268  3268 I wm_on_restart_called: [0,65227351,com.miui.home.launcher.Launcher,performRestartActivity,0]
12-18 14:39:23.724  3268  3268 I wm_on_start_called: [0,65227351,com.miui.home.launcher.Launcher,handleStartActivity,2]
12-18 14:39:23.858  3268  3292 I com.miui.home: CheckGCForNative adj_start_bytes: 46272376 NativeAllocationGcWatermark: 11990055 java_gc_start_bytes: 28287294 kNewNativeDiscountFactor: 2 kOldNativeDiscountFactor: 65536 old_native_bytes: 156165485 new_native_bytes: 10968308 add_bytes_allowed: 35970165 is_gc_concurrent: 1 target_footprint_: 28811582 GetBytesAllocated: 15750672 HeapGrowthMultiplier: 3
12-18 14:39:23.858  3268  3292 I com.miui.home: CheckGCForNative gc_urgency 0.458961 current_native_bytes is 167133793
12-18 14:39:23.861  3268  3292 I com.miui.home: CheckGCForNative adj_start_bytes: 46272376 NativeAllocationGcWatermark: 11990055 java_gc_start_bytes: 28287294 kNewNativeDiscountFactor: 2 kOldNativeDiscountFactor: 65536 old_native_bytes: 156165485 new_native_bytes: 21674228 add_bytes_allowed: 35970165 is_gc_concurrent: 1 target_footprint_: 28811582 GetBytesAllocated: 15750864 HeapGrowthMultiplier: 3
12-18 14:39:23.862  3268  3292 I com.miui.home: CheckGCForNative gc_urgency 0.574649 current_native_bytes is 177839713
12-18 14:39:23.868  3268  7628 I com.miui.home: CheckGCForNative adj_start_bytes: 46272376 NativeAllocationGcWatermark: 11990055 java_gc_start_bytes: 28287294 kNewNativeDiscountFactor: 2 kOldNativeDiscountFactor: 65536 old_native_bytes: 156165485 new_native_bytes: 10971892 add_bytes_allowed: 35970165 is_gc_concurrent: 1 target_footprint_: 28811582 GetBytesAllocated: 15800016 HeapGrowthMultiplier: 3
12-18 14:39:23.868  3268  7628 I com.miui.home: CheckGCForNative gc_urgency 0.460066 current_native_bytes is 167137377
12-18 14:39:23.869  3268  3292 I com.miui.home: CheckGCForNative adj_start_bytes: 46272376 NativeAllocationGcWatermark: 11990055 java_gc_start_bytes: 28287294 kNewNativeDiscountFactor: 2 kOldNativeDiscountFactor: 65536 old_native_bytes: 156165485 new_native_bytes: 21681396 add_bytes_allowed: 35970165 is_gc_concurrent: 1 target_footprint_: 28811582 GetBytesAllocated: 15800016 HeapGrowthMultiplier: 3
12-18 14:39:23.869  3268  3292 I com.miui.home: CheckGCForNative gc_urgency 0.575788 current_native_bytes is 177846881
12-18 14:39:23.946  3268  3685 I com.miui.home: CheckGCForNative adj_start_bytes: 46272376 NativeAllocationGcWatermark: 11990055 java_gc_start_bytes: 28287294 kNewNativeDiscountFactor: 2 kOldNativeDiscountFactor: 65536 old_native_bytes: 156165485 new_native_bytes: 21819928 add_bytes_allowed: 35970165 is_gc_concurrent: 1 target_footprint_: 28811582 GetBytesAllocated: 15849360 HeapGrowthMultiplier: 3
12-18 14:39:23.946  3268  3685 I com.miui.home: CheckGCForNative gc_urgency 0.578352 current_native_bytes is 177985413
12-18 14:39:23.946  3268  3685 I com.miui.home: CheckGCForNative adj_start_bytes: 46272376 NativeAllocationGcWatermark: 11990055 java_gc_start_bytes: 28287294 kNewNativeDiscountFactor: 2 kOldNativeDiscountFactor: 65536 old_native_bytes: 156165485 new_native_bytes: 32526040 add_bytes_allowed: 35970165 is_gc_concurrent: 1 target_footprint_: 28811582 GetBytesAllocated: 15849552 HeapGrowthMultiplier: 3
12-18 14:39:23.946  3268  3685 I com.miui.home: CheckGCForNative gc_urgency 0.694042 current_native_bytes is 188691525
12-18 14:39:23.948  3268  3530 I com.miui.home: CheckGCForNative adj_start_bytes: 46272376 NativeAllocationGcWatermark: 11990055 java_gc_start_bytes: 28287294 kNewNativeDiscountFactor: 2 kOldNativeDiscountFactor: 65536 old_native_bytes: 156165485 new_native_bytes: 21819800 add_bytes_allowed: 35970165 is_gc_concurrent: 1 target_footprint_: 28811582 GetBytesAllocated: 15849552 HeapGrowthMultiplier: 3
12-18 14:39:23.948  3268  3530 I com.miui.home: CheckGCForNative gc_urgency 0.578354 current_native_bytes is 177985285
12-18 14:39:24.059  3268  3685 I com.miui.home: CheckGCForNative adj_start_bytes: 46272376 NativeAllocationGcWatermark: 11990055 java_gc_start_bytes: 28287294 kNewNativeDiscountFactor: 2 kOldNativeDiscountFactor: 65536 old_native_bytes: 156165485 new_native_bytes: 21987224 add_bytes_allowed: 35970165 is_gc_concurrent: 1 target_footprint_: 28811582 GetBytesAllocated: 16276112 HeapGrowthMultiplier: 3
12-18 14:39:24.059  3268  3685 I com.miui.home: CheckGCForNative gc_urgency 0.589382 current_native_bytes is 178152709
12-18 14:39:24.236 13142 13142 I wm_on_create_called: [0,158923096,com.uc.browser.InnerUCMobile,performCreate,959]
12-18 14:39:24.247 13142 13142 I wm_on_start_called: [0,158923096,com.uc.browser.InnerUCMobile,handleStartActivity,10]
12-18 14:39:24.284 13142 13142 I wm_on_resume_called: [0,158923096,com.uc.browser.InnerUCMobile,LIFECYCLER_RESUME_ACTIVITY,31]
12-18 14:39:24.293  3268  3530 I com.miui.home: CheckGCForNative adj_start_bytes: 46272376 NativeAllocationGcWatermark: 11990055 java_gc_start_bytes: 28287294 kNewNativeDiscountFactor: 2 kOldNativeDiscountFactor: 65536 old_native_bytes: 156165485 new_native_bytes: 22166796 add_bytes_allowed: 35970165 is_gc_concurrent: 1 target_footprint_: 28811582 GetBytesAllocated: 16571056 HeapGrowthMultiplier: 3
12-18 14:39:24.293  3268  3530 I com.miui.home: CheckGCForNative gc_urgency 0.597696 current_native_bytes is 178332281
12-18 14:39:24.329 13142 13142 I wm_on_paused_called: [0,158923096,com.uc.browser.InnerUCMobile,performPause,4]
12-18 14:39:24.349 13142 13142 I wm_on_destroy_called: [0,18147432,com.UCMobile.main.UCMobile,performDestroy,19]
12-18 14:39:24.349  3268  3268 I wm_on_resume_called: [0,65227351,com.miui.home.launcher.Launcher,RESUME_ACTIVITY,9]
12-18 14:39:24.352  3268  3268 I wm_on_idle_called: com.miui.home.launcher.Launcher
12-18 14:39:24.412 13142 13142 I wm_on_resume_called: [0,158923096,com.uc.browser.InnerUCMobile,RESUME_ACTIVITY,19]
12-18 14:39:24.412 13142 13142 I wm_on_top_resumed_gained_called: [158923096,com.uc.browser.InnerUCMobile,topWhenResuming]
12-18 14:39:24.430 11843 11843 I wm_on_stop_called: [0,261941847,com.android.packageinstaller.permission.ui.GrantPermissionsActivity,LIFECYCLER_STOP_ACTIVITY,44]
12-18 14:39:24.435 11843 11843 I wm_on_destroy_called: [0,261941847,com.android.packageinstaller.permission.ui.GrantPermissionsActivity,performDestroy,0]
12-18 14:39:24.541  3268  3685 I com.miui.home: CheckGCForNative adj_start_bytes: 46272376 NativeAllocationGcWatermark: 11990055 java_gc_start_bytes: 28287294 kNewNativeDiscountFactor: 2 kOldNativeDiscountFactor: 65536 old_native_bytes: 156165485 new_native_bytes: 22521880 add_bytes_allowed: 35970165 is_gc_concurrent: 1 target_footprint_: 28811582 GetBytesAllocated: 17883216 HeapGrowthMultiplier: 3
12-18 14:39:24.541  3268  3685 I com.miui.home: CheckGCForNative gc_urgency 0.629891 current_native_bytes is 178687365
12-18 14:39:24.559 13142 13142 I wm_on_idle_called: com.uc.browser.InnerUCMobile
12-18 14:39:24.560 13142 13142 I wm_on_idle_called: com.uc.browser.InnerUCMobile
12-18 14:39:24.595  3268  3685 I com.miui.home: CheckGCForNative adj_start_bytes: 46272376 NativeAllocationGcWatermark: 11990055 java_gc_start_bytes: 28287294 kNewNativeDiscountFactor: 2 kOldNativeDiscountFactor: 65536 old_native_bytes: 156165485 new_native_bytes: 23081660 add_bytes_allowed: 35970165 is_gc_concurrent: 1 target_footprint_: 28811582 GetBytesAllocated: 18408080 HeapGrowthMultiplier: 3
12-18 14:39:24.596  3268  3685 I com.miui.home: CheckGCForNative gc_urgency 0.647282 current_native_bytes is 179247145
12-18 14:39:24.646  3268  3685 I com.miui.home: CheckGCForNative adj_start_bytes: 46272376 NativeAllocationGcWatermark: 11990055 java_gc_start_bytes: 28287294 kNewNativeDiscountFactor: 2 kOldNativeDiscountFactor: 65536 old_native_bytes: 156165485 new_native_bytes: 33880380 add_bytes_allowed: 35970165 is_gc_concurrent: 1 target_footprint_: 28811582 GetBytesAllocated: 18604688 HeapGrowthMultiplier: 3
12-18 14:39:24.646  3268  3685 I com.miui.home: CheckGCForNative gc_urgency 0.768218 current_native_bytes is 190045865
12-18 14:39:24.647  3268  3685 I com.miui.home: CheckGCForNative adj_start_bytes: 46272376 NativeAllocationGcWatermark: 11990055 java_gc_start_bytes: 28287294 kNewNativeDiscountFactor: 2 kOldNativeDiscountFactor: 65536 old_native_bytes: 156165485 new_native_bytes: 44586300 add_bytes_allowed: 35970165 is_gc_concurrent: 1 target_footprint_: 28811582 GetBytesAllocated: 18621264 HeapGrowthMultiplier: 3
12-18 14:39:24.647  3268  3685 I com.miui.home: CheckGCForNative gc_urgency 0.88426 current_native_bytes is 200751785
12-18 14:39:24.654  3268  3268 I com.miui.home: CheckGCForNative adj_start_bytes: 46272376 NativeAllocationGcWatermark: 11990055 java_gc_start_bytes: 28287294 kNewNativeDiscountFactor: 2 kOldNativeDiscountFactor: 65536 old_native_bytes: 156165485 new_native_bytes: 33882864 add_bytes_allowed: 35970165 is_gc_concurrent: 1 target_footprint_: 28811582 GetBytesAllocated: 18670416 HeapGrowthMultiplier: 3
12-18 14:39:24.654  3268  3268 I com.miui.home: CheckGCForNative gc_urgency 0.769665 current_native_bytes is 190048349
12-18 14:39:24.714  3268  3268 I wm_on_paused_called: [0,65227351,com.miui.home.launcher.Launcher,performPause,1]
12-18 14:39:24.833  3268  3685 I com.miui.home: CheckGCForNative adj_start_bytes: 46272376 NativeAllocationGcWatermark: 11990055 java_gc_start_bytes: 28287294 kNewNativeDiscountFactor: 2 kOldNativeDiscountFactor: 65536 old_native_bytes: 156165485 new_native_bytes: 34409832 add_bytes_allowed: 35970165 is_gc_concurrent: 1 target_footprint_: 28811582 GetBytesAllocated: 19310144 HeapGrowthMultiplier: 3
12-18 14:39:24.834  3268  3685 I com.miui.home: CheckGCForNative gc_urgency 0.789184 current_native_bytes is 190575317
12-18 14:39:24.971  3268  3530 I com.miui.home: CheckGCForNative adj_start_bytes: 46272376 NativeAllocationGcWatermark: 11990055 java_gc_start_bytes: 28287294 kNewNativeDiscountFactor: 2 kOldNativeDiscountFactor: 65536 old_native_bytes: 156165485 new_native_bytes: 34657340 add_bytes_allowed: 35970165 is_gc_concurrent: 1 target_footprint_: 28811582 GetBytesAllocated: 19908816 HeapGrowthMultiplier: 3
12-18 14:39:24.971  3268  3530 I com.miui.home: CheckGCForNative gc_urgency 0.804797 current_native_bytes is 190822825
12-18 14:39:25.035  3268  3685 I com.miui.home: CheckGCForNative adj_start_bytes: 46272376 NativeAllocationGcWatermark: 11990055 java_gc_start_bytes: 28287294 kNewNativeDiscountFactor: 2 kOldNativeDiscountFactor: 65536 old_native_bytes: 156165485 new_native_bytes: 34793904 add_bytes_allowed: 35970165 is_gc_concurrent: 1 target_footprint_: 28811582 GetBytesAllocated: 20154576 HeapGrowthMultiplier: 3
12-18 14:39:25.035  3268  3685 I com.miui.home: CheckGCForNative gc_urgency 0.811584 current_native_bytes is 190959389
12-18 14:39:25.609 13648 13648 I wm_on_create_called: [0,67143054,com.tencent.mtt.SplashActivity,performCreate,71]
12-18 14:39:25.666 13648 13648 I wm_on_create_called: [0,251261799,com.tencent.mtt.MainActivity,performCreate,18]
12-18 14:39:25.674 13648 13648 I wm_on_start_called: [0,251261799,com.tencent.mtt.MainActivity,handleStartActivity,7]
12-18 14:39:25.777  3268  3685 I com.miui.home: CheckGCForNative adj_start_bytes: 46272376 NativeAllocationGcWatermark: 11990055 java_gc_start_bytes: 28287294 kNewNativeDiscountFactor: 2 kOldNativeDiscountFactor: 65536 old_native_bytes: 156165485 new_native_bytes: 34624080 add_bytes_allowed: 35970165 is_gc_concurrent: 1 target_footprint_: 28811582 GetBytesAllocated: 20696080 HeapGrowthMultiplier: 3
12-18 14:39:25.777  3268  3685 I com.miui.home: CheckGCForNative gc_urgency 0.821451 current_native_bytes is 190789565
12-18 14:39:25.817  3268  3685 I com.miui.home: CheckGCForNative adj_start_bytes: 46272376 NativeAllocationGcWatermark: 11990055 java_gc_start_bytes: 28287294 kNewNativeDiscountFactor: 2 kOldNativeDiscountFactor: 65536 old_native_bytes: 156165485 new_native_bytes: 34998212 add_bytes_allowed: 35970165 is_gc_concurrent: 1 target_footprint_: 28811582 GetBytesAllocated: 20990992 HeapGrowthMultiplier: 3
12-18 14:39:25.817  3268  3685 I com.miui.home: CheckGCForNative gc_urgency 0.831867 current_native_bytes is 191163697
12-18 14:39:25.877  3268  3685 I com.miui.home: CheckGCForNative adj_start_bytes: 46272376 NativeAllocationGcWatermark: 11990055 java_gc_start_bytes: 28287294 kNewNativeDiscountFactor: 2 kOldNativeDiscountFactor: 65536 old_native_bytes: 156165485 new_native_bytes: 35226584 add_bytes_allowed: 35970165 is_gc_concurrent: 1 target_footprint_: 28811582 GetBytesAllocated: 21335664 HeapGrowthMultiplier: 3
12-18 14:39:25.890  3268  3685 I com.miui.home: CheckGCForNative adj_start_bytes: 46272376 NativeAllocationGcWatermark: 11990055 java_gc_start_bytes: 28287294 kNewNativeDiscountFactor: 2 kOldNativeDiscountFactor: 65536 old_native_bytes: 156165485 new_native_bytes: 35334776 add_bytes_allowed: 35970165 is_gc_concurrent: 1 target_footprint_: 28811582 GetBytesAllocated: 21450352 HeapGrowthMultiplier: 3
12-18 14:39:25.890  3268  3685 I com.miui.home: CheckGCForNative gc_urgency 0.845431 current_native_bytes is 191500261
12-18 14:39:26.018 13648 13648 I wm_on_resume_called: [0,251261799,com.tencent.mtt.MainActivity,RESUME_ACTIVITY,343]
12-18 14:39:26.036 13648 13648 I wm_on_top_resumed_gained_called: [251261799,com.tencent.mtt.MainActivity,topStateChangedWhenResumed]
12-18 14:39:26.338  3268  3268 I wm_on_stop_called: [0,65227351,com.miui.home.launcher.Launcher,STOP_ACTIVITY_ITEM,3]
12-18 14:39:26.491 13648 13648 I wm_on_destroy_called: [0,67143054,com.tencent.mtt.SplashActivity,performDestroy,0]
12-18 14:39:26.504  3268  3268 I wm_on_restart_called: [0,65227351,com.miui.home.launcher.Launcher,performRestartActivity,0]
12-18 14:39:26.505  3268  3268 I wm_on_start_called: [0,65227351,com.miui.home.launcher.Launcher,handleStartActivity,1]
12-18 14:39:26.573  3268  8157 I com.miui.home: CheckGCForNative adj_start_bytes: 46272376 NativeAllocationGcWatermark: 11990055 java_gc_start_bytes: 28287294 kNewNativeDiscountFactor: 2 kOldNativeDiscountFactor: 65536 old_native_bytes: 156165485 new_native_bytes: 46099688 add_bytes_allowed: 35970165 is_gc_concurrent: 1 target_footprint_: 28811582 GetBytesAllocated: 22327440 HeapGrowthMultiplier: 3
12-18 14:39:26.573  3268  8157 I com.miui.home: CheckGCForNative gc_urgency 0.980707 current_native_bytes is 202265173
12-18 14:39:26.573  3268  8157 I com.miui.home: CheckGCForNative adj_start_bytes: 46272376 NativeAllocationGcWatermark: 11990055 java_gc_start_bytes: 28287294 kNewNativeDiscountFactor: 2 kOldNativeDiscountFactor: 65536 old_native_bytes: 156165485 new_native_bytes: 56806248 add_bytes_allowed: 35970165 is_gc_concurrent: 1 target_footprint_: 28811582 GetBytesAllocated: 22344016 HeapGrowthMultiplier: 3
12-18 14:39:26.573  3268  8157 I com.miui.home: CheckGCForNative gc_urgency 1.09676 current_native_bytes is 212971733
12-18 14:39:26.573  3268  8157 I com.miui.home: CheckGCForNative requested 1
12-18 14:39:26.638  3268  8157 I com.miui.home: CheckGCForNative adj_start_bytes: 46272376 NativeAllocationGcWatermark: 11990055 java_gc_start_bytes: 28287294 kNewNativeDiscountFactor: 2 kOldNativeDiscountFactor: 65536 old_native_bytes: 156165485 new_native_bytes: 56953640 add_bytes_allowed: 35970165 is_gc_concurrent: 1 target_footprint_: 28811582 GetBytesAllocated: 22442448 HeapGrowthMultiplier: 3
12-18 14:39:26.638  3268  8157 I com.miui.home: CheckGCForNative gc_urgency 1.10048 current_native_bytes is 213119125
12-18 14:39:26.638  3268  8157 I com.miui.home: CheckGCForNative requested 1
12-18 14:39:26.663 13648 13648 I wm_on_idle_called: com.tencent.mtt.MainActivity
12-18 14:39:26.813  3268  3283 I com.miui.home: NativeAlloc concurrent copying GC freed 158821(7974KB) AllocSpace objects, 16(528KB) LOS objects, 49% free, 13MB/26MB, paused 4.504ms,82us total 238.970ms
12-18 14:39:26.859  3268  3530 I com.miui.home: CheckGCForNative gc_urgency 0 current_native_bytes is 145179081
12-18 14:39:27.076 13648 13648 I wm_on_top_resumed_lost_called: [251261799,com.tencent.mtt.MainActivity,topStateChangedWhenResumed]
12-18 14:39:27.099  3268  3268 I wm_on_resume_called: [0,65227351,com.miui.home.launcher.Launcher,RESUME_ACTIVITY,14]
12-18 14:39:27.103  3268  3268 I wm_on_idle_called: com.miui.home.launcher.Launcher
12-18 14:39:27.105 13648 13648 I wm_on_paused_called: [0,251261799,com.tencent.mtt.MainActivity,performPause,0]
12-18 14:39:27.110  3268  3268 I wm_on_top_resumed_gained_called: [65227351,com.miui.home.launcher.Launcher,topStateChangedWhenResumed]
12-18 14:39:27.287  3268  3685 I com.miui.home: CheckGCForNative gc_urgency 0 current_native_bytes is 145164201
12-18 14:39:27.294 13648 13648 I wm_on_stop_called: [0,251261799,com.tencent.mtt.MainActivity,STOP_ACTIVITY_ITEM,130]
12-18 14:39:27.340  3268  3685 I com.miui.home: CheckGCForNative adj_start_bytes: 45309389 NativeAllocationGcWatermark: 11859403 java_gc_start_bytes: 27520285 kNewNativeDiscountFactor: 2 kOldNativeDiscountFactor: 65536 old_native_bytes: 145164201 new_native_bytes: 11398228 add_bytes_allowed: 35578209 is_gc_concurrent: 1 target_footprint_: 27766365 GetBytesAllocated: 15719632 HeapGrowthMultiplier: 3
12-18 14:39:27.340  3268  3685 I com.miui.home: CheckGCForNative gc_urgency 0.472771 current_native_bytes is 156562429
12-18 14:39:27.387  3268  3685 I com.miui.home: CheckGCForNative adj_start_bytes: 45309389 NativeAllocationGcWatermark: 11859403 java_gc_start_bytes: 27520285 kNewNativeDiscountFactor: 2 kOldNativeDiscountFactor: 65536 old_native_bytes: 145164201 new_native_bytes: 780168 add_bytes_allowed: 35578209 is_gc_concurrent: 1 target_footprint_: 27766365 GetBytesAllocated: 16064496 HeapGrowthMultiplier: 3
12-18 14:39:27.387  3268  3685 I com.miui.home: CheckGCForNative gc_urgency 0.363209 current_native_bytes is 145944369
12-18 14:39:27.416  3268  3685 I com.miui.home: CheckGCForNative adj_start_bytes: 45309389 NativeAllocationGcWatermark: 11859403 java_gc_start_bytes: 27520285 kNewNativeDiscountFactor: 2 kOldNativeDiscountFactor: 65536 old_native_bytes: 145164201 new_native_bytes: 964732 add_bytes_allowed: 35578209 is_gc_concurrent: 1 target_footprint_: 27766365 GetBytesAllocated: 16179184 HeapGrowthMultiplier: 3
12-18 14:39:27.416  3268  3685 I com.miui.home: CheckGCForNative gc_urgency 0.367777 current_native_bytes is 146128933
12-18 14:39:27.422  3268  3268 I wm_on_top_resumed_lost_called: [65227351,com.miui.home.launcher.Launcher,topStateChangedWhenResumed]
12-18 14:39:27.431  3268  3268 I wm_on_paused_called: [0,65227351,com.miui.home.launcher.Launcher,performPause,1]
12-18 14:39:27.575  3268  3685 I com.miui.home: CheckGCForNative adj_start_bytes: 45309389 NativeAllocationGcWatermark: 11859403 java_gc_start_bytes: 27520285 kNewNativeDiscountFactor: 2 kOldNativeDiscountFactor: 65536 old_native_bytes: 145164201 new_native_bytes: 1462100 add_bytes_allowed: 35578209 is_gc_concurrent: 1 target_footprint_: 27766365 GetBytesAllocated: 16941776 HeapGrowthMultiplier: 3
12-18 14:39:27.575  3268  3685 I com.miui.home: CheckGCForNative gc_urgency 0.390097 current_native_bytes is 146626301
12-18 14:39:27.614  3268  3685 I com.miui.home: CheckGCForNative adj_start_bytes: 45309389 NativeAllocationGcWatermark: 11859403 java_gc_start_bytes: 27520285 kNewNativeDiscountFactor: 2 kOldNativeDiscountFactor: 65536 old_native_bytes: 145164201 new_native_bytes: 1585104 add_bytes_allowed: 35578209 is_gc_concurrent: 1 target_footprint_: 27766365 GetBytesAllocated: 17203984 HeapGrowthMultiplier: 3
12-18 14:39:27.614  3268  3685 I com.miui.home: CheckGCForNative gc_urgency 0.397241 current_native_bytes is 146749305
12-18 14:39:27.759  3268  3685 I com.miui.home: CheckGCForNative adj_start_bytes: 45309389 NativeAllocationGcWatermark: 11859403 java_gc_start_bytes: 27520285 kNewNativeDiscountFactor: 2 kOldNativeDiscountFactor: 65536 old_native_bytes: 145164201 new_native_bytes: 1737904 add_bytes_allowed: 35578209 is_gc_concurrent: 1 target_footprint_: 27766365 GetBytesAllocated: 17696176 HeapGrowthMultiplier: 3
12-18 14:39:27.759  3268  3685 I com.miui.home: CheckGCForNative gc_urgency 0.40979 current_native_bytes is 146902105
12-18 14:39:27.948  3268  3530 I com.miui.home: CheckGCForNative adj_start_bytes: 45309389 NativeAllocationGcWatermark: 11859403 java_gc_start_bytes: 27520285 kNewNativeDiscountFactor: 2 kOldNativeDiscountFactor: 65536 old_native_bytes: 145164201 new_native_bytes: 1875532 add_bytes_allowed: 35578209 is_gc_concurrent: 1 target_footprint_: 27766365 GetBytesAllocated: 17958320 HeapGrowthMultiplier: 3
12-18 14:39:27.948  3268  3530 I com.miui.home: CheckGCForNative gc_urgency 0.417095 current_native_bytes is 147039733
12-18 14:39:28.502 13988 13988 I wm_on_application_create_called: [0,com.youku.phone,430]
12-18 14:39:28.581 13988 13988 I wm_on_create_called: [0,104536232,com.youku.phone.ActivityWelcome,performCreate,52]
12-18 14:39:28.825  3268  3685 I com.miui.home: CheckGCForNative adj_start_bytes: 45309389 NativeAllocationGcWatermark: 11859403 java_gc_start_bytes: 27520285 kNewNativeDiscountFactor: 2 kOldNativeDiscountFactor: 65536 old_native_bytes: 145164201 new_native_bytes: 1914508 add_bytes_allowed: 35578209 is_gc_concurrent: 1 target_footprint_: 27766365 GetBytesAllocated: 18549072 HeapGrowthMultiplier: 3
12-18 14:39:28.825  3268  3685 I com.miui.home: CheckGCForNative gc_urgency 0.430563 current_native_bytes is 147078709
12-18 14:39:28.897  3268  3685 I com.miui.home: CheckGCForNative adj_start_bytes: 45309389 NativeAllocationGcWatermark: 11859403 java_gc_start_bytes: 27520285 kNewNativeDiscountFactor: 2 kOldNativeDiscountFactor: 65536 old_native_bytes: 145164201 new_native_bytes: 2259200 add_bytes_allowed: 35578209 is_gc_concurrent: 1 target_footprint_: 27766365 GetBytesAllocated: 19024848 HeapGrowthMultiplier: 3
12-18 14:39:28.897  3268  3685 I com.miui.home: CheckGCForNative gc_urgency 0.444867 current_native_bytes is 147423401
12-18 14:39:28.907  3268  3685 I com.miui.home: CheckGCForNative adj_start_bytes: 45309389 NativeAllocationGcWatermark: 11859403 java_gc_start_bytes: 27520285 kNewNativeDiscountFactor: 2 kOldNativeDiscountFactor: 65536 old_native_bytes: 145164201 new_native_bytes: 2298068 add_bytes_allowed: 35578209 is_gc_concurrent: 1 target_footprint_: 27766365 GetBytesAllocated: 19090432 HeapGrowthMultiplier: 3
12-18 14:39:28.908  3268  3685 I com.miui.home: CheckGCForNative gc_urgency 0.446744 current_native_bytes is 147462269
12-18 14:39:28.915 13988 13988 I wm_on_create_called: [0,188762945,com.youku.v2.HomePageEntry,performCreate,191]
12-18 14:39:29.023 13988 13988 I wm_on_start_called: [0,188762945,com.youku.v2.HomePageEntry,handleStartActivity,105]
12-18 14:39:29.081 13988 13988 I wm_on_resume_called: [0,188762945,com.youku.v2.HomePageEntry,RESUME_ACTIVITY,57]
12-18 14:39:29.091 13988 13988 I wm_on_top_resumed_gained_called: [188762945,com.youku.v2.HomePageEntry,topStateChangedWhenResumed]
12-18 14:39:29.596  3268  3592 I com.miui.home: CheckGCForNative adj_start_bytes: 45309389 NativeAllocationGcWatermark: 11859403 java_gc_start_bytes: 27520285 kNewNativeDiscountFactor: 2 kOldNativeDiscountFactor: 65536 old_native_bytes: 145164201 new_native_bytes: 13243776 add_bytes_allowed: 35578209 is_gc_concurrent: 1 target_footprint_: 27766365 GetBytesAllocated: 20090576 HeapGrowthMultiplier: 3
12-18 14:39:29.596  3268  3592 I com.miui.home: CheckGCForNative gc_urgency 0.589606 current_native_bytes is 158407977
12-18 14:39:29.597  3268  3592 I com.miui.home: CheckGCForNative adj_start_bytes: 45309389 NativeAllocationGcWatermark: 11859403 java_gc_start_bytes: 27520285 kNewNativeDiscountFactor: 2 kOldNativeDiscountFactor: 65536 old_native_bytes: 145164201 new_native_bytes: 23949696 add_bytes_allowed: 35578209 is_gc_concurrent: 1 target_footprint_: 27766365 GetBytesAllocated: 20107152 HeapGrowthMultiplier: 3
12-18 14:39:29.597  3268  3592 I com.miui.home: CheckGCForNative gc_urgency 0.708114 current_native_bytes is 169113897
12-18 14:39:29.635  3268  3592 I com.miui.home: CheckGCForNative adj_start_bytes: 45309389 NativeAllocationGcWatermark: 11859403 java_gc_start_bytes: 27520285 kNewNativeDiscountFactor: 2 kOldNativeDiscountFactor: 65536 old_native_bytes: 145164201 new_native_bytes: 24000672 add_bytes_allowed: 35578209 is_gc_concurrent: 1 target_footprint_: 27766365 GetBytesAllocated: 20139920 HeapGrowthMultiplier: 3
12-18 14:39:29.635  3268  3592 I com.miui.home: CheckGCForNative gc_urgency 0.7094 current_native_bytes is 169164873
12-18 14:39:29.759  3268  3268 I wm_on_stop_called: [0,65227351,com.miui.home.launcher.Launcher,STOP_ACTIVITY_ITEM,6]
12-18 14:39:30.539  3268  3268 I wm_on_restart_called: [0,65227351,com.miui.home.launcher.Launcher,performRestartActivity,0]
12-18 14:39:30.540  3268  3268 I wm_on_start_called: [0,65227351,com.miui.home.launcher.Launcher,handleStartActivity,2]
12-18 14:39:30.624  3268  3292 I com.miui.home: CheckGCForNative adj_start_bytes: 45309389 NativeAllocationGcWatermark: 11859403 java_gc_start_bytes: 27520285 kNewNativeDiscountFactor: 2 kOldNativeDiscountFactor: 65536 old_native_bytes: 145164201 new_native_bytes: 24071944 add_bytes_allowed: 35578209 is_gc_concurrent: 1 target_footprint_: 27766365 GetBytesAllocated: 21049984 HeapGrowthMultiplier: 3
12-18 14:39:30.624  3268  3292 I com.miui.home: CheckGCForNative gc_urgency 0.730272 current_native_bytes is 169236145
12-18 14:39:30.625  3268  3292 I com.miui.home: CheckGCForNative adj_start_bytes: 45309389 NativeAllocationGcWatermark: 11859403 java_gc_start_bytes: 27520285 kNewNativeDiscountFactor: 2 kOldNativeDiscountFactor: 65536 old_native_bytes: 145164201 new_native_bytes: 34777864 add_bytes_allowed: 35578209 is_gc_concurrent: 1 target_footprint_: 27766365 GetBytesAllocated: 21066560 HeapGrowthMultiplier: 3
12-18 14:39:30.628  3268  3292 I com.miui.home: CheckGCForNative gc_urgency 0.84878 current_native_bytes is 179942065
12-18 14:39:30.650  3268  3292 I com.miui.home: CheckGCForNative adj_start_bytes: 45309389 NativeAllocationGcWatermark: 11859403 java_gc_start_bytes: 27520285 kNewNativeDiscountFactor: 2 kOldNativeDiscountFactor: 65536 old_native_bytes: 145164201 new_native_bytes: 34819688 add_bytes_allowed: 35578209 is_gc_concurrent: 1 target_footprint_: 27766365 GetBytesAllocated: 21115712 HeapGrowthMultiplier: 3
12-18 14:39:30.650  3268  3292 I com.miui.home: CheckGCForNative gc_urgency 0.850326 current_native_bytes is 179983889
12-18 14:39:30.762  3268  3530 I com.miui.home: CheckGCForNative adj_start_bytes: 45309389 NativeAllocationGcWatermark: 11859403 java_gc_start_bytes: 27520285 kNewNativeDiscountFactor: 2 kOldNativeDiscountFactor: 65536 old_native_bytes: 145164201 new_native_bytes: 24134440 add_bytes_allowed: 35578209 is_gc_concurrent: 1 target_footprint_: 27766365 GetBytesAllocated: 21197824 HeapGrowthMultiplier: 3
12-18 14:39:30.762  3268  3530 I com.miui.home: CheckGCForNative gc_urgency 0.734224 current_native_bytes is 169298641
12-18 14:39:31.090 13988 13988 I wm_on_destroy_called: [0,104536232,com.youku.phone.ActivityWelcome,performDestroy,2]
12-18 14:39:31.099  3268  7628 I com.miui.home: CheckGCForNative adj_start_bytes: 45309389 NativeAllocationGcWatermark: 11859403 java_gc_start_bytes: 27520285 kNewNativeDiscountFactor: 2 kOldNativeDiscountFactor: 65536 old_native_bytes: 145164201 new_native_bytes: 24136072 add_bytes_allowed: 35578209 is_gc_concurrent: 1 target_footprint_: 27766365 GetBytesAllocated: 21410816 HeapGrowthMultiplier: 3
12-18 14:39:31.099  3268  7628 I com.miui.home: CheckGCForNative gc_urgency 0.738943 current_native_bytes is 169300273
12-18 14:39:31.150  3268  3268 I wm_on_resume_called: [0,65227351,com.miui.home.launcher.Launcher,RESUME_ACTIVITY,8]
12-18 14:39:31.153  3268  3268 I wm_on_idle_called: com.miui.home.launcher.Launcher
12-18 14:39:31.203  3268  8063 I com.miui.home: CheckGCForNative adj_start_bytes: 45309389 NativeAllocationGcWatermark: 11859403 java_gc_start_bytes: 27520285 kNewNativeDiscountFactor: 2 kOldNativeDiscountFactor: 65536 old_native_bytes: 145164201 new_native_bytes: 24099048 add_bytes_allowed: 35578209 is_gc_concurrent: 1 target_footprint_: 27766365 GetBytesAllocated: 22444176 HeapGrowthMultiplier: 3
12-18 14:39:31.203  3268  8063 I com.miui.home: CheckGCForNative gc_urgency 0.761341 current_native_bytes is 169263249
12-18 14:39:31.415  3268  3685 I com.miui.home: CheckGCForNative adj_start_bytes: 45309389 NativeAllocationGcWatermark: 11859403 java_gc_start_bytes: 27520285 kNewNativeDiscountFactor: 2 kOldNativeDiscountFactor: 65536 old_native_bytes: 145164201 new_native_bytes: 24291776 add_bytes_allowed: 35578209 is_gc_concurrent: 1 target_footprint_: 27766365 GetBytesAllocated: 22887216 HeapGrowthMultiplier: 3
12-18 14:39:31.415  3268  3685 I com.miui.home: CheckGCForNative gc_urgency 0.773246 current_native_bytes is 169455977
12-18 14:39:31.447  3268  3685 I com.miui.home: CheckGCForNative adj_start_bytes: 45309389 NativeAllocationGcWatermark: 11859403 java_gc_start_bytes: 27520285 kNewNativeDiscountFactor: 2 kOldNativeDiscountFactor: 65536 old_native_bytes: 145164201 new_native_bytes: 35082404 add_bytes_allowed: 35578209 is_gc_concurrent: 1 target_footprint_: 27766365 GetBytesAllocated: 23100208 HeapGrowthMultiplier: 3
12-18 14:39:31.447  3268  3685 I com.miui.home: CheckGCForNative gc_urgency 0.897024 current_native_bytes is 180246605
12-18 14:39:31.504  3268  3268 I wm_on_paused_called: [0,65227351,com.miui.home.launcher.Launcher,performPause,2]
12-18 14:39:31.510  3268  3685 I com.miui.home: CheckGCForNative adj_start_bytes: 45309389 NativeAllocationGcWatermark: 11859403 java_gc_start_bytes: 27520285 kNewNativeDiscountFactor: 2 kOldNativeDiscountFactor: 65536 old_native_bytes: 145164201 new_native_bytes: 24474936 add_bytes_allowed: 35578209 is_gc_concurrent: 1 target_footprint_: 27766365 GetBytesAllocated: 23445104 HeapGrowthMultiplier: 3
12-18 14:39:31.510  3268  3685 I com.miui.home: CheckGCForNative gc_urgency 0.78758 current_native_bytes is 169639137
12-18 14:39:31.672  3268  7628 I com.miui.home: CheckGCForNative adj_start_bytes: 45309389 NativeAllocationGcWatermark: 11859403 java_gc_start_bytes: 27520285 kNewNativeDiscountFactor: 2 kOldNativeDiscountFactor: 65536 old_native_bytes: 145164201 new_native_bytes: 24975820 add_bytes_allowed: 35578209 is_gc_concurrent: 1 target_footprint_: 27766365 GetBytesAllocated: 23936752 HeapGrowthMultiplier: 3
12-18 14:39:31.672  3268  7628 I com.miui.home: CheckGCForNative gc_urgency 0.803959 current_native_bytes is 170140021
12-18 14:39:31.795  3268  3530 I com.miui.home: CheckGCForNative adj_start_bytes: 45309389 NativeAllocationGcWatermark: 11859403 java_gc_start_bytes: 27520285 kNewNativeDiscountFactor: 2 kOldNativeDiscountFactor: 65536 old_native_bytes: 145164201 new_native_bytes: 25096780 add_bytes_allowed: 35578209 is_gc_concurrent: 1 target_footprint_: 27766365 GetBytesAllocated: 24240048 HeapGrowthMultiplier: 3
12-18 14:39:31.795  3268  3530 I com.miui.home: CheckGCForNative gc_urgency 0.811987 current_native_bytes is 170260981
12-18 14:39:31.837  3268  3685 I com.miui.home: CheckGCForNative adj_start_bytes: 45309389 NativeAllocationGcWatermark: 11859403 java_gc_start_bytes: 27520285 kNewNativeDiscountFactor: 2 kOldNativeDiscountFactor: 65536 old_native_bytes: 145164201 new_native_bytes: 25144156 add_bytes_allowed: 35578209 is_gc_concurrent: 1 target_footprint_: 27766365 GetBytesAllocated: 24502704 HeapGrowthMultiplier: 3
12-18 14:39:31.837  3268  3685 I com.miui.home: CheckGCForNative gc_urgency 0.818307 current_native_bytes is 170308357
12-18 14:39:31.973  3268  3530 I com.miui.home: CheckGCForNative adj_start_bytes: 45309389 NativeAllocationGcWatermark: 11859403 java_gc_start_bytes: 27520285 kNewNativeDiscountFactor: 2 kOldNativeDiscountFactor: 65536 old_native_bytes: 145164201 new_native_bytes: 25390544 add_bytes_allowed: 35578209 is_gc_concurrent: 1 target_footprint_: 27766365 GetBytesAllocated: 24781232 HeapGrowthMultiplier: 3
12-18 14:39:31.973  3268  3530 I com.miui.home: CheckGCForNative gc_urgency 0.827173 current_native_bytes is 170554745
12-18 14:39:32.374 14492 14492 I wm_on_create_called: [0,228924372,com.ucpro.MainActivity,performCreate,109]
12-18 14:39:32.569  3268  3685 I com.miui.home: CheckGCForNative adj_start_bytes: 45309389 NativeAllocationGcWatermark: 11859403 java_gc_start_bytes: 27520285 kNewNativeDiscountFactor: 2 kOldNativeDiscountFactor: 65536 old_native_bytes: 145164201 new_native_bytes: 25337288 add_bytes_allowed: 35578209 is_gc_concurrent: 1 target_footprint_: 27766365 GetBytesAllocated: 25273616 HeapGrowthMultiplier: 3
12-18 14:39:32.570  3268  3685 I com.miui.home: CheckGCForNative gc_urgency 0.837453 current_native_bytes is 170501489
12-18 14:39:32.625  3268  3685 I com.miui.home: CheckGCForNative adj_start_bytes: 45309389 NativeAllocationGcWatermark: 11859403 java_gc_start_bytes: 27520285 kNewNativeDiscountFactor: 2 kOldNativeDiscountFactor: 65536 old_native_bytes: 145164201 new_native_bytes: 25614876 add_bytes_allowed: 35578209 is_gc_concurrent: 1 target_footprint_: 27766365 GetBytesAllocated: 25765872 HeapGrowthMultiplier: 3
12-18 14:39:32.625  3268  3685 I com.miui.home: CheckGCForNative gc_urgency 0.85138 current_native_bytes is 170779077
12-18 14:39:33.002 14492 14492 I wm_on_create_called: [0,236042890,com.ucpro.BrowserActivity,performCreate,571]
12-18 14:39:33.012 14492 14492 I wm_on_start_called: [0,236042890,com.ucpro.BrowserActivity,handleStartActivity,8]
12-18 14:39:33.020 14492 14492 I wm_on_resume_called: [0,236042890,com.ucpro.BrowserActivity,RESUME_ACTIVITY,8]
12-18 14:39:33.039 14492 14492 I wm_on_top_resumed_gained_called: [236042890,com.ucpro.BrowserActivity,topStateChangedWhenResumed]
12-18 14:39:33.394  3268  3268 I wm_on_stop_called: [0,65227351,com.miui.home.launcher.Launcher,STOP_ACTIVITY_ITEM,4]
12-18 14:39:33.524 14492 14492 I wm_on_destroy_called: [0,228924372,com.ucpro.MainActivity,performDestroy,2]
12-18 14:39:33.613 14492 14492 I wm_on_idle_called: com.ucpro.BrowserActivity
12-18 14:39:34.060  3268  3268 I wm_on_restart_called: [0,65227351,com.miui.home.launcher.Launcher,performRestartActivity,0]
12-18 14:39:34.061  3268  3268 I wm_on_start_called: [0,65227351,com.miui.home.launcher.Launcher,handleStartActivity,1]
12-18 14:39:34.190  3268  3592 I com.miui.home: CheckGCForNative adj_start_bytes: 45309389 NativeAllocationGcWatermark: 11859403 java_gc_start_bytes: 27520285 kNewNativeDiscountFactor: 2 kOldNativeDiscountFactor: 65536 old_native_bytes: 145164201 new_native_bytes: 41810076 add_bytes_allowed: 35578209 is_gc_concurrent: 1 target_footprint_: 27766365 GetBytesAllocated: 26987040 HeapGrowthMultiplier: 3
12-18 14:39:34.190  3268  3592 I com.miui.home: CheckGCForNative gc_urgency 1.05705 current_native_bytes is 186974277
12-18 14:39:34.190  3268  3592 I com.miui.home: CheckGCForNative requested 1
12-18 14:39:34.191  3268  3592 I com.miui.home: CheckGCForNative adj_start_bytes: 45309389 NativeAllocationGcWatermark: 11859403 java_gc_start_bytes: 27520285 kNewNativeDiscountFactor: 2 kOldNativeDiscountFactor: 65536 old_native_bytes: 145164201 new_native_bytes: 47453212 add_bytes_allowed: 35578209 is_gc_concurrent: 1 target_footprint_: 27766365 GetBytesAllocated: 26987232 HeapGrowthMultiplier: 3
12-18 14:39:34.191  3268  3592 I com.miui.home: CheckGCForNative gc_urgency 1.11933 current_native_bytes is 192617413
12-18 14:39:34.191  3268  3592 I com.miui.home: CheckGCForNative requested 1
