12-18 14:38:50.731  3268  3268 I wm_on_start_called: [0,65227351,com.miui.home.launcher.Launcher,handleStartActivity,1]
12-18 14:38:50.862  3268  3592 I com.miui.home: CheckGCForNative adj_start_bytes: 44165424 NativeAllocationGcWatermark: 11740717 java_gc_start_bytes: 26554349 kNewNativeDiscountFactor: 2 kOldNativeDiscountFactor: 65536 old_native_bytes: 152677785 new_native_bytes: 28164860 add_bytes_allowed: 35222151 is_gc_concurrent: 1 target_footprint_: 26816877 GetBytesAllocated: 23531960 HeapGrowthMultiplier: 3
12-18 14:38:50.862  3268  3592 I com.miui.home: CheckGCForNative gc_urgency 0.851723 current_native_bytes is 180842645
12-18 14:38:50.863  3268  3592 I com.miui.home: CheckGCForNative adj_start_bytes: 44165424 NativeAllocationGcWatermark: 11740717 java_gc_start_bytes: 26554349 kNewNativeDiscountFactor: 2 kOldNativeDiscountFactor: 65536 old_native_bytes: 152677785 new_native_bytes: 38870780 add_bytes_allowed: 35222151 is_gc_concurrent: 1 target_footprint_: 26816877 GetBytesAllocated: 23548536 HeapGrowthMultiplier: 3
12-18 14:38:50.863  3268  3592 I com.miui.home: CheckGCForNative gc_urgency 0.973301 current_native_bytes is 191548565
12-18 14:38:50.932  3268  3292 I com.miui.home: CheckGCForNative adj_start_bytes: 44165424 NativeAllocationGcWatermark: 11740717 java_gc_start_bytes: 26554349 kNewNativeDiscountFactor: 2 kOldNativeDiscountFactor: 65536 old_native_bytes: 152677785 new_native_bytes: 38952860 add_bytes_allowed: 35222151 is_gc_concurrent: 1 target_footprint_: 26816877 GetBytesAllocated: 23597688 HeapGrowthMultiplier: 3
12-18 14:38:50.933  3268  3292 I com.miui.home: CheckGCForNative gc_urgency 0.975343 current_native_bytes is 191630645
12-18 14:38:50.946  8974  8974 I wm_on_idle_called: com.eg.android.AlipayGphone.AlipayLogin
12-18 14:38:51.084  3268  3530 I com.miui.home: CheckGCForNative adj_start_bytes: 44165424 NativeAllocationGcWatermark: 11740717 java_gc_start_bytes: 26554349 kNewNativeDiscountFactor: 2 kOldNativeDiscountFactor: 65536 old_native_bytes: 152677785 new_native_bytes: 28248860 add_bytes_allowed: 35222151 is_gc_concurrent: 1 target_footprint_: 26816877 GetBytesAllocated: 23728952 HeapGrowthMultiplier: 3
12-18 14:38:51.084  3268  3530 I com.miui.home: CheckGCForNative gc_urgency 0.857135 current_native_bytes is 180926645
12-18 14:38:51.150  3268  3530 I com.miui.home: CheckGCForNative adj_start_bytes: 44165424 NativeAllocationGcWatermark: 11740717 java_gc_start_bytes: 26554349 kNewNativeDiscountFactor: 2 kOldNativeDiscountFactor: 65536 old_native_bytes: 152677785 new_native_bytes: 28255324 add_bytes_allowed: 35222151 is_gc_concurrent: 1 target_footprint_: 26816877 GetBytesAllocated: 23778104 HeapGrowthMultiplier: 3
12-18 14:38:51.150  3268  3530 I com.miui.home: CheckGCForNative gc_urgency 0.858321 current_native_bytes is 180933109
12-18 14:38:51.457  8974  8974 I wm_on_top_resumed_lost_called: [124431,com.eg.android.AlipayGphone.AlipayLogin,topStateChangedWhenResumed]
12-18 14:38:51.556  3268  3685 I com.miui.home: CheckGCForNative adj_start_bytes: 44165424 NativeAllocationGcWatermark: 11740717 java_gc_start_bytes: 26554349 kNewNativeDiscountFactor: 2 kOldNativeDiscountFactor: 65536 old_native_bytes: 152677785 new_native_bytes: 28339080 add_bytes_allowed: 35222151 is_gc_concurrent: 1 target_footprint_: 26816877 GetBytesAllocated: 24286344 HeapGrowthMultiplier: 3
12-18 14:38:51.556  3268  3685 I com.miui.home: CheckGCForNative gc_urgency 0.870776 current_native_bytes is 181016865
12-18 14:38:51.568  8974  8974 I wm_on_paused_called: [0,124431,com.eg.android.AlipayGphone.AlipayLogin,performPause,93]
12-18 14:38:51.587  3268  3268 I wm_on_resume_called: [0,65227351,com.miui.home.launcher.Launcher,RESUME_ACTIVITY,4]
12-18 14:38:51.588  3268  3268 I wm_on_top_resumed_gained_called: [65227351,com.miui.home.launcher.Launcher,topWhenResuming]
12-18 14:38:51.590  3268  3268 I wm_on_idle_called: com.miui.home.launcher.Launcher
12-18 14:38:51.625  3268  3512 I com.miui.home: CheckGCForNative adj_start_bytes: 44165424 NativeAllocationGcWatermark: 11740717 java_gc_start_bytes: 26554349 kNewNativeDiscountFactor: 2 kOldNativeDiscountFactor: 65536 old_native_bytes: 152677785 new_native_bytes: 28996136 add_bytes_allowed: 35222151 is_gc_concurrent: 1 target_footprint_: 26816877 GetBytesAllocated: 25401368 HeapGrowthMultiplier: 3
12-18 14:38:51.626  3268  3512 I com.miui.home: CheckGCForNative gc_urgency 0.903462 current_native_bytes is 181673921
12-18 14:38:51.639  3268  3512 I com.miui.home: CheckGCForNative adj_start_bytes: 44165424 NativeAllocationGcWatermark: 11740717 java_gc_start_bytes: 26554349 kNewNativeDiscountFactor: 2 kOldNativeDiscountFactor: 65536 old_native_bytes: 152677785 new_native_bytes: 39705128 add_bytes_allowed: 35222151 is_gc_concurrent: 1 target_footprint_: 26816877 GetBytesAllocated: 25499816 HeapGrowthMultiplier: 3
12-18 14:38:51.639  3268  3512 I com.miui.home: CheckGCForNative gc_urgency 1.02693 current_native_bytes is 192382913
12-18 14:38:51.639  3268  3512 I com.miui.home: CheckGCForNative requested 1
12-18 14:38:51.681  3268  3512 I com.miui.home: CheckGCForNative adj_start_bytes: 44165424 NativeAllocationGcWatermark: 11740717 java_gc_start_bytes: 26554349 kNewNativeDiscountFactor: 2 kOldNativeDiscountFactor: 65536 old_native_bytes: 152677785 new_native_bytes: 54563564 add_bytes_allowed: 35222151 is_gc_concurrent: 1 target_footprint_: 26816877 GetBytesAllocated: 25598312 HeapGrowthMultiplier: 3
12-18 14:38:51.686  3268  3512 I com.miui.home: CheckGCForNative gc_urgency 1.19737 current_native_bytes is 207241349
12-18 14:38:51.686  3268  3512 I com.miui.home: CheckGCForNative requested 1
12-18 14:38:51.688  3268  3512 I com.miui.home: CheckGCForNative adj_start_bytes: 44165424 NativeAllocationGcWatermark: 11740717 java_gc_start_bytes: 26554349 kNewNativeDiscountFactor: 2 kOldNativeDiscountFactor: 65536 old_native_bytes: 152677785 new_native_bytes: 42767724 add_bytes_allowed: 35222151 is_gc_concurrent: 1 target_footprint_: 26816877 GetBytesAllocated: 25614696 HeapGrowthMultiplier: 3
12-18 14:38:51.688  3268  3512 I com.miui.home: CheckGCForNative gc_urgency 1.0642 current_native_bytes is 195445509
12-18 14:38:51.696  3268  3512 I com.miui.home: CheckGCForNative requested 1
12-18 14:38:51.699  9198  9198 I wm_on_application_create_called: [0,com.eg.android.AlipayGphone,361]
12-18 14:38:51.718  3268  3512 I com.miui.home: CheckGCForNative adj_start_bytes: 44165424 NativeAllocationGcWatermark: 11740717 java_gc_start_bytes: 26554349 kNewNativeDiscountFactor: 2 kOldNativeDiscountFactor: 65536 old_native_bytes: 152677785 new_native_bytes: 43778796 add_bytes_allowed: 35222151 is_gc_concurrent: 1 target_footprint_: 26816877 GetBytesAllocated: 25794920 HeapGrowthMultiplier: 3
12-18 14:38:51.718  3268  3512 I com.miui.home: CheckGCForNative gc_urgency 1.0801 current_native_bytes is 196456581
12-18 14:38:51.718  3268  3512 I com.miui.home: CheckGCForNative requested 1
12-18 14:38:51.748  3268  3685 I com.miui.home: CheckGCForNative adj_start_bytes: 44165424 NativeAllocationGcWatermark: 11740717 java_gc_start_bytes: 26554349 kNewNativeDiscountFactor: 2 kOldNativeDiscountFactor: 65536 old_native_bytes: 152677785 new_native_bytes: 43695212 add_bytes_allowed: 35222151 is_gc_concurrent: 1 target_footprint_: 26816877 GetBytesAllocated: 25959144 HeapGrowthMultiplier: 3
12-18 14:38:51.748  3268  3685 I com.miui.home: CheckGCForNative gc_urgency 1.0825 current_native_bytes is 196372997
12-18 14:38:51.748  3268  3685 I com.miui.home: CheckGCForNative requested 1
12-18 14:38:51.753  8974  8974 I wm_on_stop_called: [0,124431,com.eg.android.AlipayGphone.AlipayLogin,STOP_ACTIVITY_ITEM,88]
12-18 14:38:51.966  3268  3685 I com.miui.home: CheckGCForNative adj_start_bytes: 44165424 NativeAllocationGcWatermark: 11740717 java_gc_start_bytes: 26554349 kNewNativeDiscountFactor: 2 kOldNativeDiscountFactor: 65536 old_native_bytes: 152677785 new_native_bytes: 44073036 add_bytes_allowed: 35222151 is_gc_concurrent: 1 target_footprint_: 26816877 GetBytesAllocated: 26581736 HeapGrowthMultiplier: 3
12-18 14:38:51.966  3268  3685 I com.miui.home: CheckGCForNative gc_urgency 1.10087 current_native_bytes is 196750821
12-18 14:38:51.966  3268  3685 I com.miui.home: CheckGCForNative requested 1
12-18 14:38:52.046  3268  3268 I wm_on_top_resumed_lost_called: [65227351,com.miui.home.launcher.Launcher,topStateChangedWhenResumed]
12-18 14:38:52.089  3268  3268 I wm_on_paused_called: [0,65227351,com.miui.home.launcher.Launcher,performPause,2]
12-18 14:38:52.138  3268  3283 I com.miui.home: NativeAlloc concurrent copying GC freed 248853(11MB) AllocSpace objects, 12(488KB) LOS objects, 49% free, 13MB/27MB, paused 64us,14.590ms total 498.003ms
12-18 14:38:52.383  3268  3512 I com.miui.home: CheckGCForNative gc_urgency 0 current_native_bytes is 148544577
12-18 14:38:52.383  3268  3512 I com.miui.home: CheckGCForNative adj_start_bytes: 45743909 NativeAllocationGcWatermark: 11934427 java_gc_start_bytes: 27842269 kNewNativeDiscountFactor: 2 kOldNativeDiscountFactor: 65536 old_native_bytes: 148544577 new_native_bytes: 1450632 add_bytes_allowed: 35803281 is_gc_concurrent: 1 target_footprint_: 28366557 GetBytesAllocated: 14437312 HeapGrowthMultiplier: 3
12-18 14:38:52.383  3268  3512 I com.miui.home: CheckGCForNative gc_urgency 0.331517 current_native_bytes is 149995209
12-18 14:38:52.397  3268  3512 I com.miui.home: CheckGCForNative adj_start_bytes: 45743909 NativeAllocationGcWatermark: 11934427 java_gc_start_bytes: 27842269 kNewNativeDiscountFactor: 2 kOldNativeDiscountFactor: 65536 old_native_bytes: 148544577 new_native_bytes: 12465416 add_bytes_allowed: 35803281 is_gc_concurrent: 1 target_footprint_: 28366557 GetBytesAllocated: 14437360 HeapGrowthMultiplier: 3
12-18 14:38:52.397  3268  3512 I com.miui.home: CheckGCForNative gc_urgency 0.451914 current_native_bytes is 161009993
12-18 14:38:53.012  3268  3685 I com.miui.home: CheckGCForNative adj_start_bytes: 45743909 NativeAllocationGcWatermark: 11934427 java_gc_start_bytes: 27842269 kNewNativeDiscountFactor: 2 kOldNativeDiscountFactor: 65536 old_native_bytes: 148544577 new_native_bytes: 12773036 add_bytes_allowed: 35803281 is_gc_concurrent: 1 target_footprint_: 28366557 GetBytesAllocated: 14896528 HeapGrowthMultiplier: 3
12-18 14:38:53.012  3268  3685 I com.miui.home: CheckGCForNative gc_urgency 0.465315 current_native_bytes is 161317613
12-18 14:38:53.053  3268  3685 I com.miui.home: CheckGCForNative adj_start_bytes: 45743909 NativeAllocationGcWatermark: 11934427 java_gc_start_bytes: 27842269 kNewNativeDiscountFactor: 2 kOldNativeDiscountFactor: 65536 old_native_bytes: 148544577 new_native_bytes: 13389984 add_bytes_allowed: 35803281 is_gc_concurrent: 1 target_footprint_: 28366557 GetBytesAllocated: 15322864 HeapGrowthMultiplier: 3
12-18 14:38:53.053  3268  3685 I com.miui.home: CheckGCForNative gc_urgency 0.481378 current_native_bytes is 161934561
12-18 14:38:53.127  3268  3268 I wm_on_stop_called: [0,65227351,com.miui.home.launcher.Launcher,STOP_ACTIVITY_ITEM,8]
12-18 14:38:53.160  3268  3685 I com.miui.home: CheckGCForNative adj_start_bytes: 45743909 NativeAllocationGcWatermark: 11934427 java_gc_start_bytes: 27842269 kNewNativeDiscountFactor: 2 kOldNativeDiscountFactor: 65536 old_native_bytes: 148544577 new_native_bytes: 13967060 add_bytes_allowed: 35803281 is_gc_concurrent: 1 target_footprint_: 28366557 GetBytesAllocated: 16019728 HeapGrowthMultiplier: 3
12-18 14:38:53.160  3268  3685 I com.miui.home: CheckGCForNative gc_urgency 0.50292 current_native_bytes is 162511637
12-18 14:38:53.261  3268  3685 I com.miui.home: CheckGCForNative adj_start_bytes: 45743909 NativeAllocationGcWatermark: 11934427 java_gc_start_bytes: 27842269 kNewNativeDiscountFactor: 2 kOldNativeDiscountFactor: 65536 old_native_bytes: 148544577 new_native_bytes: 14800136 add_bytes_allowed: 35803281 is_gc_concurrent: 1 target_footprint_: 28366557 GetBytesAllocated: 16413264 HeapGrowthMultiplier: 3
12-18 14:38:53.261  3268  3685 I com.miui.home: CheckGCForNative gc_urgency 0.520629 current_native_bytes is 163344713
12-18 14:38:53.645  9543  9543 I wm_on_application_create_called: [0,com.xunmeng.pinduoduo,206]
12-18 14:38:53.720  9600  9600 I wm_on_create_called: [0,133730642,com.android.packageinstaller.permission.ui.GrantPermissionsActivity,performCreate,257]
12-18 14:38:53.721  9600  9600 I wm_on_start_called: [0,133730642,com.android.packageinstaller.permission.ui.GrantPermissionsActivity,handleStartActivity,0]
12-18 14:38:53.724  9600  9600 I wm_on_resume_called: [0,133730642,com.android.packageinstaller.permission.ui.GrantPermissionsActivity,RESUME_ACTIVITY,2]
12-18 14:38:53.731  9600  9600 I wm_on_top_resumed_gained_called: [133730642,com.android.packageinstaller.permission.ui.GrantPermissionsActivity,topStateChangedWhenResumed]
12-18 14:38:53.835  9543  9543 I wm_on_create_called: [0,42594028,com.xunmeng.pinduoduo.ui.activity.MainFrameActivity,performCreate,109]
12-18 14:38:53.942  9600  9600 I wm_on_top_resumed_lost_called: [133730642,com.android.packageinstaller.permission.ui.GrantPermissionsActivity,topStateChangedWhenResumed]
12-18 14:38:53.957  3268  3268 I wm_on_restart_called: [0,65227351,com.miui.home.launcher.Launcher,performRestartActivity,0]
12-18 14:38:53.959  3268  3268 I wm_on_start_called: [0,65227351,com.miui.home.launcher.Launcher,handleStartActivity,2]
12-18 14:38:53.984  9600  9600 I wm_on_paused_called: [0,133730642,com.android.packageinstaller.permission.ui.GrantPermissionsActivity,performPause,0]
12-18 14:38:54.072  3268  3293 I com.miui.home: CheckGCForNative adj_start_bytes: 45743909 NativeAllocationGcWatermark: 11934427 java_gc_start_bytes: 27842269 kNewNativeDiscountFactor: 2 kOldNativeDiscountFactor: 65536 old_native_bytes: 148544577 new_native_bytes: 26150944 add_bytes_allowed: 35803281 is_gc_concurrent: 1 target_footprint_: 28366557 GetBytesAllocated: 17445968 HeapGrowthMultiplier: 3
12-18 14:38:54.073  3268  3293 I com.miui.home: CheckGCForNative gc_urgency 0.667274 current_native_bytes is 174695521
12-18 14:38:54.074  3268  3293 I com.miui.home: CheckGCForNative adj_start_bytes: 45743909 NativeAllocationGcWatermark: 11934427 java_gc_start_bytes: 27842269 kNewNativeDiscountFactor: 2 kOldNativeDiscountFactor: 65536 old_native_bytes: 148544577 new_native_bytes: 36856864 add_bytes_allowed: 35803281 is_gc_concurrent: 1 target_footprint_: 28366557 GetBytesAllocated: 17446160 HeapGrowthMultiplier: 3
12-18 14:38:54.074  3268  3293 I com.miui.home: CheckGCForNative gc_urgency 0.784298 current_native_bytes is 185401441
12-18 14:38:54.084  3268  7628 I com.miui.home: CheckGCForNative adj_start_bytes: 45743909 NativeAllocationGcWatermark: 11934427 java_gc_start_bytes: 27842269 kNewNativeDiscountFactor: 2 kOldNativeDiscountFactor: 65536 old_native_bytes: 148544577 new_native_bytes: 26170912 add_bytes_allowed: 35803281 is_gc_concurrent: 1 target_footprint_: 28366557 GetBytesAllocated: 17495312 HeapGrowthMultiplier: 3
12-18 14:38:54.084  3268  7628 I com.miui.home: CheckGCForNative gc_urgency 0.668571 current_native_bytes is 174715489
12-18 14:38:54.115  9600  9600 I wm_on_create_called: [0,245218120,com.android.packageinstaller.permission.ui.GrantPermissionsActivity,performCreate,44]
12-18 14:38:54.118  3268  3530 I com.miui.home: CheckGCForNative adj_start_bytes: 45743909 NativeAllocationGcWatermark: 11934427 java_gc_start_bytes: 27842269 kNewNativeDiscountFactor: 2 kOldNativeDiscountFactor: 65536 old_native_bytes: 148544577 new_native_bytes: 26367744 add_bytes_allowed: 35803281 is_gc_concurrent: 1 target_footprint_: 28366557 GetBytesAllocated: 17544464 HeapGrowthMultiplier: 3
12-18 14:38:54.118  3268  3530 I com.miui.home: CheckGCForNative gc_urgency 0.671797 current_native_bytes is 174912321
12-18 14:38:54.124  3268  3293 I com.miui.home: CheckGCForNative adj_start_bytes: 45743909 NativeAllocationGcWatermark: 11934427 java_gc_start_bytes: 27842269 kNewNativeDiscountFactor: 2 kOldNativeDiscountFactor: 65536 old_native_bytes: 148544577 new_native_bytes: 37074112 add_bytes_allowed: 35803281 is_gc_concurrent: 1 target_footprint_: 28366557 GetBytesAllocated: 17544464 HeapGrowthMultiplier: 3
12-18 14:38:54.125  3268  3293 I com.miui.home: CheckGCForNative gc_urgency 0.788822 current_native_bytes is 185618689
12-18 14:38:54.139  9600  9600 I wm_on_resume_called: [0,133730642,com.android.packageinstaller.permission.ui.GrantPermissionsActivity,RESUME_ACTIVITY,0]
12-18 14:38:54.139  9600  9600 I wm_on_top_resumed_gained_called: [133730642,com.android.packageinstaller.permission.ui.GrantPermissionsActivity,topWhenResuming]
12-18 14:38:54.139  9600  9600 I wm_on_idle_called: com.android.packageinstaller.permission.ui.GrantPermissionsActivity
12-18 14:38:54.139  9600  9600 I wm_on_idle_called: com.android.packageinstaller.permission.ui.GrantPermissionsActivity
12-18 14:38:54.171  9543  9543 I wm_on_create_called: [0,97605168,com.xunmeng.pinduoduo.ui.activity.HomeActivity,performCreate,81]
12-18 14:38:54.217  9543  9543 I wm_on_start_called: [0,97605168,com.xunmeng.pinduoduo.ui.activity.HomeActivity,handleStartActivity,45]
12-18 14:38:54.228  9543  9543 I wm_on_resume_called: [0,97605168,com.xunmeng.pinduoduo.ui.activity.HomeActivity,LIFECYCLER_RESUME_ACTIVITY,8]
12-18 14:38:54.283  9543  9543 I wm_on_paused_called: [0,97605168,com.xunmeng.pinduoduo.ui.activity.HomeActivity,performPause,12]
12-18 14:38:54.311  3268  3685 I com.miui.home: CheckGCForNative adj_start_bytes: 45743909 NativeAllocationGcWatermark: 11934427 java_gc_start_bytes: 27842269 kNewNativeDiscountFactor: 2 kOldNativeDiscountFactor: 65536 old_native_bytes: 148544577 new_native_bytes: 26430604 add_bytes_allowed: 35803281 is_gc_concurrent: 1 target_footprint_: 28366557 GetBytesAllocated: 17971088 HeapGrowthMultiplier: 3
12-18 14:38:54.311  3268  3685 I com.miui.home: CheckGCForNative gc_urgency 0.68181 current_native_bytes is 174975181
12-18 14:38:54.452  3268  3530 I com.miui.home: CheckGCForNative adj_start_bytes: 45743909 NativeAllocationGcWatermark: 11934427 java_gc_start_bytes: 27842269 kNewNativeDiscountFactor: 2 kOldNativeDiscountFactor: 65536 old_native_bytes: 148544577 new_native_bytes: 26467148 add_bytes_allowed: 35803281 is_gc_concurrent: 1 target_footprint_: 28366557 GetBytesAllocated: 18216848 HeapGrowthMultiplier: 3
12-18 14:38:54.452  3268  3530 I com.miui.home: CheckGCForNative gc_urgency 0.687582 current_native_bytes is 175011725
12-18 14:38:54.471  3268  3685 I com.miui.home: CheckGCForNative adj_start_bytes: 45743909 NativeAllocationGcWatermark: 11934427 java_gc_start_bytes: 27842269 kNewNativeDiscountFactor: 2 kOldNativeDiscountFactor: 65536 old_native_bytes: 148544577 new_native_bytes: 37174604 add_bytes_allowed: 35803281 is_gc_concurrent: 1 target_footprint_: 28366557 GetBytesAllocated: 18249616 HeapGrowthMultiplier: 3
12-18 14:38:54.471  3268  3685 I com.miui.home: CheckGCForNative gc_urgency 0.805335 current_native_bytes is 185719181
12-18 14:38:54.548  9600  9600 I wm_on_top_resumed_lost_called: [133730642,com.android.packageinstaller.permission.ui.GrantPermissionsActivity,topStateChangedWhenResumed]
12-18 14:38:54.574  3268  3268 I wm_on_resume_called: [0,65227351,com.miui.home.launcher.Launcher,RESUME_ACTIVITY,4]
12-18 14:38:54.578  3268  3685 I com.miui.home: CheckGCForNative adj_start_bytes: 45743909 NativeAllocationGcWatermark: 11934427 java_gc_start_bytes: 27842269 kNewNativeDiscountFactor: 2 kOldNativeDiscountFactor: 65536 old_native_bytes: 148544577 new_native_bytes: 27150976 add_bytes_allowed: 35803281 is_gc_concurrent: 1 target_footprint_: 28366557 GetBytesAllocated: 18611312 HeapGrowthMultiplier: 3
12-18 14:38:54.580  3268  3685 I com.miui.home: CheckGCForNative gc_urgency 0.70368 current_native_bytes is 175695553
12-18 14:38:54.612  9600  9600 I wm_on_paused_called: [0,133730642,com.android.packageinstaller.permission.ui.GrantPermissionsActivity,performPause,0]
12-18 14:38:54.657  9600  9600 I wm_on_stop_called: [0,133730642,com.android.packageinstaller.permission.ui.GrantPermissionsActivity,STOP_ACTIVITY_ITEM,28]
12-18 14:38:54.662  9600  9600 I wm_on_destroy_called: [0,245218120,com.android.packageinstaller.permission.ui.GrantPermissionsActivity,performDestroy,0]
12-18 14:38:54.663  9600  9600 I wm_on_destroy_called: [0,133730642,com.android.packageinstaller.permission.ui.GrantPermissionsActivity,performDestroy,0]
12-18 14:38:54.671  3268  3268 I wm_on_top_resumed_gained_called: [65227351,com.miui.home.launcher.Launcher,topStateChangedWhenResumed]
12-18 14:38:54.686  3268  3268 I wm_on_idle_called: com.miui.home.launcher.Launcher
12-18 14:38:54.881  3268  3685 I com.miui.home: CheckGCForNative adj_start_bytes: 45743909 NativeAllocationGcWatermark: 11934427 java_gc_start_bytes: 27842269 kNewNativeDiscountFactor: 2 kOldNativeDiscountFactor: 65536 old_native_bytes: 148544577 new_native_bytes: 27781156 add_bytes_allowed: 35803281 is_gc_concurrent: 1 target_footprint_: 28366557 GetBytesAllocated: 19922544 HeapGrowthMultiplier: 3
12-18 14:38:54.881  3268  3685 I com.miui.home: CheckGCForNative gc_urgency 0.739233 current_native_bytes is 176325733
12-18 14:38:54.934  3268  3685 I com.miui.home: CheckGCForNative adj_start_bytes: 45743909 NativeAllocationGcWatermark: 11934427 java_gc_start_bytes: 27842269 kNewNativeDiscountFactor: 2 kOldNativeDiscountFactor: 65536 old_native_bytes: 148544577 new_native_bytes: 38789924 add_bytes_allowed: 35803281 is_gc_concurrent: 1 target_footprint_: 28366557 GetBytesAllocated: 20135536 HeapGrowthMultiplier: 3
12-18 14:38:54.934  3268  3685 I com.miui.home: CheckGCForNative gc_urgency 0.864219 current_native_bytes is 187334501
12-18 14:38:54.948  3268  3685 I com.miui.home: CheckGCForNative adj_start_bytes: 45743909 NativeAllocationGcWatermark: 11934427 java_gc_start_bytes: 27842269 kNewNativeDiscountFactor: 2 kOldNativeDiscountFactor: 65536 old_native_bytes: 148544577 new_native_bytes: 28471192 add_bytes_allowed: 35803281 is_gc_concurrent: 1 target_footprint_: 28366557 GetBytesAllocated: 20332672 HeapGrowthMultiplier: 3
12-18 14:38:54.948  3268  3685 I com.miui.home: CheckGCForNative gc_urgency 0.755741 current_native_bytes is 177015769
12-18 14:38:55.195  3268  3511 I com.miui.home: CheckGCForNative adj_start_bytes: 45743909 NativeAllocationGcWatermark: 11934427 java_gc_start_bytes: 27842269 kNewNativeDiscountFactor: 2 kOldNativeDiscountFactor: 65536 old_native_bytes: 148544577 new_native_bytes: 29178316 add_bytes_allowed: 35803281 is_gc_concurrent: 1 target_footprint_: 28366557 GetBytesAllocated: 20807808 HeapGrowthMultiplier: 3
12-18 14:38:55.195  3268  3511 I com.miui.home: CheckGCForNative gc_urgency 0.773857 current_native_bytes is 177722893
12-18 14:38:55.258  3268  3268 I wm_on_top_resumed_lost_called: [65227351,com.miui.home.launcher.Launcher,topStateChangedWhenResumed]
12-18 14:38:55.264  3268  3268 I wm_on_paused_called: [0,65227351,com.miui.home.launcher.Launcher,performPause,1]
12-18 14:38:55.349  3268  3685 I com.miui.home: CheckGCForNative adj_start_bytes: 45743909 NativeAllocationGcWatermark: 11934427 java_gc_start_bytes: 27842269 kNewNativeDiscountFactor: 2 kOldNativeDiscountFactor: 65536 old_native_bytes: 148544577 new_native_bytes: 29354408 add_bytes_allowed: 35803281 is_gc_concurrent: 1 target_footprint_: 28366557 GetBytesAllocated: 21201456 HeapGrowthMultiplier: 3
12-18 14:38:55.349  3268  3685 I com.miui.home: CheckGCForNative gc_urgency 0.784387 current_native_bytes is 177898985
12-18 14:38:55.519  3268  3685 I com.miui.home: CheckGCForNative adj_start_bytes: 45743909 NativeAllocationGcWatermark: 11934427 java_gc_start_bytes: 27842269 kNewNativeDiscountFactor: 2 kOldNativeDiscountFactor: 65536 old_native_bytes: 148544577 new_native_bytes: 29617840 add_bytes_allowed: 35803281 is_gc_concurrent: 1 target_footprint_: 28366557 GetBytesAllocated: 21619344 HeapGrowthMultiplier: 3
12-18 14:38:55.519  3268  3685 I com.miui.home: CheckGCForNative gc_urgency 0.796402 current_native_bytes is 178162417
12-18 14:38:55.698  3268  3685 I com.miui.home: CheckGCForNative adj_start_bytes: 45743909 NativeAllocationGcWatermark: 11934427 java_gc_start_bytes: 27842269 kNewNativeDiscountFactor: 2 kOldNativeDiscountFactor: 65536 old_native_bytes: 148544577 new_native_bytes: 29903204 add_bytes_allowed: 35803281 is_gc_concurrent: 1 target_footprint_: 28366557 GetBytesAllocated: 22094848 HeapGrowthMultiplier: 3
12-18 14:38:55.698  3268  3685 I com.miui.home: CheckGCForNative gc_urgency 0.809916 current_native_bytes is 178447781
12-18 14:38:55.795  3268  3685 I com.miui.home: CheckGCForNative adj_start_bytes: 45743909 NativeAllocationGcWatermark: 11934427 java_gc_start_bytes: 27842269 kNewNativeDiscountFactor: 2 kOldNativeDiscountFactor: 65536 old_native_bytes: 148544577 new_native_bytes: 30494436 add_bytes_allowed: 35803281 is_gc_concurrent: 1 target_footprint_: 28366557 GetBytesAllocated: 22340608 HeapGrowthMultiplier: 3
12-18 14:38:55.795  3268  3685 I com.miui.home: CheckGCForNative gc_urgency 0.821751 current_native_bytes is 179039013
12-18 14:38:56.194  3268  3268 I wm_on_stop_called: [0,65227351,com.miui.home.launcher.Launcher,STOP_ACTIVITY_ITEM,24]
12-18 14:38:56.672 10006 10006 I wm_on_application_create_called: [0,com.smile.gifmaker,654]
12-18 14:38:56.778 10169 10169 I wm_on_application_create_called: [0,com.xiaomi.account,274]
12-18 14:38:57.010 10006 10006 I wm_on_create_called: [0,224800165,com.yxcorp.gifshow.HomeActivity,performCreate,314]
12-18 14:38:57.250 10006 10006 I wm_on_start_called: [0,224800165,com.yxcorp.gifshow.HomeActivity,handleStartActivity,239]
12-18 14:38:57.353 10006 10006 I wm_on_resume_called: [0,224800165,com.yxcorp.gifshow.HomeActivity,RESUME_ACTIVITY,9]
12-18 14:38:57.379  3268  3268 I wm_on_restart_called: [0,65227351,com.miui.home.launcher.Launcher,performRestartActivity,0]
12-18 14:38:57.380  3268  3268 I wm_on_start_called: [0,65227351,com.miui.home.launcher.Launcher,handleStartActivity,1]
12-18 14:38:57.466 10006 10006 I wm_on_top_resumed_gained_called: [224800165,com.yxcorp.gifshow.HomeActivity,topStateChangedWhenResumed]
12-18 14:38:57.716  3268  3293 I com.miui.home: CheckGCForNative adj_start_bytes: 45743909 NativeAllocationGcWatermark: 11934427 java_gc_start_bytes: 27842269 kNewNativeDiscountFactor: 2 kOldNativeDiscountFactor: 65536 old_native_bytes: 148544577 new_native_bytes: 40992296 add_bytes_allowed: 35803281 is_gc_concurrent: 1 target_footprint_: 28366557 GetBytesAllocated: 23463824 HeapGrowthMultiplier: 3
12-18 14:38:57.716  3268  3293 I com.miui.home: CheckGCForNative gc_urgency 0.961051 current_native_bytes is 189536873
12-18 14:38:57.717  3268  3293 I com.miui.home: CheckGCForNative adj_start_bytes: 45743909 NativeAllocationGcWatermark: 11934427 java_gc_start_bytes: 27842269 kNewNativeDiscountFactor: 2 kOldNativeDiscountFactor: 65536 old_native_bytes: 148544577 new_native_bytes: 51699112 add_bytes_allowed: 35803281 is_gc_concurrent: 1 target_footprint_: 28366557 GetBytesAllocated: 23464016 HeapGrowthMultiplier: 3
12-18 14:38:57.717  3268  3293 I com.miui.home: CheckGCForNative gc_urgency 1.07809 current_native_bytes is 200243689
12-18 14:38:57.718  3268  3293 I com.miui.home: CheckGCForNative requested 1
12-18 14:38:57.733  3268  4113 I com.miui.home: CheckGCForNative adj_start_bytes: 45743909 NativeAllocationGcWatermark: 11934427 java_gc_start_bytes: 27842269 kNewNativeDiscountFactor: 2 kOldNativeDiscountFactor: 65536 old_native_bytes: 148544577 new_native_bytes: 51745192 add_bytes_allowed: 35803281 is_gc_concurrent: 1 target_footprint_: 28366557 GetBytesAllocated: 23496784 HeapGrowthMultiplier: 3
12-18 14:38:57.733  3268  4113 I com.miui.home: CheckGCForNative gc_urgency 1.07931 current_native_bytes is 200289769
12-18 14:38:57.734  3268  4113 I com.miui.home: CheckGCForNative requested 1
12-18 14:38:57.760  3268  3530 I com.miui.home: CheckGCForNative adj_start_bytes: 45743909 NativeAllocationGcWatermark: 11934427 java_gc_start_bytes: 27842269 kNewNativeDiscountFactor: 2 kOldNativeDiscountFactor: 65536 old_native_bytes: 148544577 new_native_bytes: 41204668 add_bytes_allowed: 35803281 is_gc_concurrent: 1 target_footprint_: 28366557 GetBytesAllocated: 23562512 HeapGrowthMultiplier: 3
12-18 14:38:57.760  3268  3530 I com.miui.home: CheckGCForNative gc_urgency 0.96553 current_native_bytes is 189749245
12-18 14:38:57.771  3268  3530 I com.miui.home: CheckGCForNative adj_start_bytes: 45743909 NativeAllocationGcWatermark: 11934427 java_gc_start_bytes: 27842269 kNewNativeDiscountFactor: 2 kOldNativeDiscountFactor: 65536 old_native_bytes: 148544577 new_native_bytes: 41253244 add_bytes_allowed: 35803281 is_gc_concurrent: 1 target_footprint_: 28366557 GetBytesAllocated: 23562512 HeapGrowthMultiplier: 3
12-18 14:38:57.771  3268  3530 I com.miui.home: CheckGCForNative gc_urgency 0.966061 current_native_bytes is 189797821
12-18 14:38:57.916  3268  3283 I com.miui.home: NativeAlloc concurrent copying GC freed 189880(9379KB) AllocSpace objects, 16(576KB) LOS objects, 49% free, 12MB/25MB, paused 150us,91us total 192.595ms
12-18 14:38:58.116  3268  3530 I com.miui.home: CheckGCForNative gc_urgency 0 current_native_bytes is 143595209
12-18 14:38:58.308  3268  3511 I com.miui.home: CheckGCForNative adj_start_bytes: 44474943 NativeAllocationGcWatermark: 11771553 java_gc_start_bytes: 26817614 kNewNativeDiscountFactor: 2 kOldNativeDiscountFactor: 65536 old_native_bytes: 143595209 new_native_bytes: 398512 add_bytes_allowed: 35314659 is_gc_concurrent: 1 target_footprint_: 27063566 GetBytesAllocated: 13925368 HeapGrowthMultiplier: 3
12-18 14:38:58.308  3268  3511 I com.miui.home: CheckGCForNative gc_urgency 0.317635 current_native_bytes is 143993721
12-18 14:38:58.313  3268  3511 I com.miui.home: CheckGCForNative adj_start_bytes: 44474943 NativeAllocationGcWatermark: 11771553 java_gc_start_bytes: 26817614 kNewNativeDiscountFactor: 2 kOldNativeDiscountFactor: 65536 old_native_bytes: 143595209 new_native_bytes: 794832 add_bytes_allowed: 35314659 is_gc_concurrent: 1 target_footprint_: 27063566 GetBytesAllocated: 13925368 HeapGrowthMultiplier: 3
12-18 14:38:58.314  3268  3511 I com.miui.home: CheckGCForNative gc_urgency 0.322091 current_native_bytes is 144390041
12-18 14:38:58.346  3268  3268 I com.miui.home: CheckGCForNative adj_start_bytes: 44474943 NativeAllocationGcWatermark: 11771553 java_gc_start_bytes: 26817614 kNewNativeDiscountFactor: 2 kOldNativeDiscountFactor: 65536 old_native_bytes: 143595209 new_native_bytes: 873296 add_bytes_allowed: 35314659 is_gc_concurrent: 1 target_footprint_: 27063566 GetBytesAllocated: 14072952 HeapGrowthMultiplier: 3
12-18 14:38:58.346  3268  3268 I com.miui.home: CheckGCForNative gc_urgency 0.326291 current_native_bytes is 144468505
12-18 14:38:58.421  3268  3685 I com.miui.home: CheckGCForNative adj_start_bytes: 44474943 NativeAllocationGcWatermark: 11771553 java_gc_start_bytes: 26817614 kNewNativeDiscountFactor: 2 kOldNativeDiscountFactor: 65536 old_native_bytes: 143595209 new_native_bytes: 1376592 add_bytes_allowed: 35314659 is_gc_concurrent: 1 target_footprint_: 27063566 GetBytesAllocated: 14352008 HeapGrowthMultiplier: 3
12-18 14:38:58.421  3268  3685 I com.miui.home: CheckGCForNative gc_urgency 0.338224 current_native_bytes is 144971801
12-18 14:38:58.426  3268  3268 I com.miui.home: CheckGCForNative adj_start_bytes: 44474943 NativeAllocationGcWatermark: 11771553 java_gc_start_bytes: 26817614 kNewNativeDiscountFactor: 2 kOldNativeDiscountFactor: 65536 old_native_bytes: 143595209 new_native_bytes: 2497488 add_bytes_allowed: 35314659 is_gc_concurrent: 1 target_footprint_: 27063566 GetBytesAllocated: 14384776 HeapGrowthMultiplier: 3
12-18 14:38:58.426  3268  3268 I com.miui.home: CheckGCForNative gc_urgency 0.351562 current_native_bytes is 146092697
12-18 14:38:58.428  3268  3685 I com.miui.home: CheckGCForNative adj_start_bytes: 44474943 NativeAllocationGcWatermark: 11771553 java_gc_start_bytes: 26817614 kNewNativeDiscountFactor: 2 kOldNativeDiscountFactor: 65536 old_native_bytes: 143595209 new_native_bytes: 1940752 add_bytes_allowed: 35314659 is_gc_concurrent: 1 target_footprint_: 27063566 GetBytesAllocated: 14384776 HeapGrowthMultiplier: 3
12-18 14:38:58.428  3268  3685 I com.miui.home: CheckGCForNative gc_urgency 0.345303 current_native_bytes is 145535961
12-18 14:38:58.459  3268  3685 I com.miui.home: CheckGCForNative adj_start_bytes: 44474943 NativeAllocationGcWatermark: 11771553 java_gc_start_bytes: 26817614 kNewNativeDiscountFactor: 2 kOldNativeDiscountFactor: 65536 old_native_bytes: 143595209 new_native_bytes: 2497104 add_bytes_allowed: 35314659 is_gc_concurrent: 1 target_footprint_: 27063566 GetBytesAllocated: 14417720 HeapGrowthMultiplier: 3
12-18 14:38:58.459  3268  3685 I com.miui.home: CheckGCForNative gc_urgency 0.352299 current_native_bytes is 146092313
12-18 14:38:58.494  3268  3685 I com.miui.home: CheckGCForNative adj_start_bytes: 44474943 NativeAllocationGcWatermark: 11771553 java_gc_start_bytes: 26817614 kNewNativeDiscountFactor: 2 kOldNativeDiscountFactor: 65536 old_native_bytes: 143595209 new_native_bytes: 3979564 add_bytes_allowed: 35314659 is_gc_concurrent: 1 target_footprint_: 27063566 GetBytesAllocated: 14550120 HeapGrowthMultiplier: 3
12-18 14:38:58.494  3268  3685 I com.miui.home: CheckGCForNative gc_urgency 0.371942 current_native_bytes is 147574773
12-18 14:38:58.598  3268  3685 I com.miui.home: CheckGCForNative adj_start_bytes: 44474943 NativeAllocationGcWatermark: 11771553 java_gc_start_bytes: 26817614 kNewNativeDiscountFactor: 2 kOldNativeDiscountFactor: 65536 old_native_bytes: 143595209 new_native_bytes: 4708740 add_bytes_allowed: 35314659 is_gc_concurrent: 1 target_footprint_: 27063566 GetBytesAllocated: 14829016 HeapGrowthMultiplier: 3
12-18 14:38:58.600  3268  3685 I com.miui.home: CheckGCForNative gc_urgency 0.38641 current_native_bytes is 148303949
12-18 14:38:58.606  3268  3685 I com.miui.home: CheckGCForNative adj_start_bytes: 44474943 NativeAllocationGcWatermark: 11771553 java_gc_start_bytes: 26817614 kNewNativeDiscountFactor: 2 kOldNativeDiscountFactor: 65536 old_native_bytes: 143595209 new_native_bytes: 5071160 add_bytes_allowed: 35314659 is_gc_concurrent: 1 target_footprint_: 27063566 GetBytesAllocated: 14845400 HeapGrowthMultiplier: 3
12-18 14:38:58.606  3268  3685 I com.miui.home: CheckGCForNative gc_urgency 0.390853 current_native_bytes is 148666369
12-18 14:38:58.663  3268  3685 I com.miui.home: CheckGCForNative adj_start_bytes: 44474943 NativeAllocationGcWatermark: 11771553 java_gc_start_bytes: 26817614 kNewNativeDiscountFactor: 2 kOldNativeDiscountFactor: 65536 old_native_bytes: 143595209 new_native_bytes: 5628184 add_bytes_allowed: 35314659 is_gc_concurrent: 1 target_footprint_: 27063566 GetBytesAllocated: 14992856 HeapGrowthMultiplier: 3
12-18 14:38:58.663  3268  3685 I com.miui.home: CheckGCForNative gc_urgency 0.400431 current_native_bytes is 149223393
12-18 14:38:58.733  3268  3685 I com.miui.home: CheckGCForNative adj_start_bytes: 44474943 NativeAllocationGcWatermark: 11771553 java_gc_start_bytes: 26817614 kNewNativeDiscountFactor: 2 kOldNativeDiscountFactor: 65536 old_native_bytes: 143595209 new_native_bytes: 16825816 add_bytes_allowed: 35314659 is_gc_concurrent: 1 target_footprint_: 27063566 GetBytesAllocated: 15058456 HeapGrowthMultiplier: 3
12-18 14:38:58.733  3268  3685 I com.miui.home: CheckGCForNative gc_urgency 0.527793 current_native_bytes is 160421025
12-18 14:38:58.817 10447 10447 I wm_on_application_create_called: [0,com.android.providers.downloads.ui,458]
12-18 14:38:58.930  3268  3685 I com.miui.home: CheckGCForNative adj_start_bytes: 44474943 NativeAllocationGcWatermark: 11771553 java_gc_start_bytes: 26817614 kNewNativeDiscountFactor: 2 kOldNativeDiscountFactor: 65536 old_native_bytes: 143595209 new_native_bytes: 6765228 add_bytes_allowed: 35314659 is_gc_concurrent: 1 target_footprint_: 27063566 GetBytesAllocated: 15714520 HeapGrowthMultiplier: 3
12-18 14:38:58.930  3268  3685 I com.miui.home: CheckGCForNative gc_urgency 0.42944 current_native_bytes is 150360437
12-18 14:38:59.060  3268  3530 I com.miui.home: CheckGCForNative adj_start_bytes: 44474943 NativeAllocationGcWatermark: 11771553 java_gc_start_bytes: 26817614 kNewNativeDiscountFactor: 2 kOldNativeDiscountFactor: 65536 old_native_bytes: 143595209 new_native_bytes: 7204716 add_bytes_allowed: 35314659 is_gc_concurrent: 1 target_footprint_: 27063566 GetBytesAllocated: 16108120 HeapGrowthMultiplier: 3
12-18 14:38:59.060  3268  3530 I com.miui.home: CheckGCForNative gc_urgency 0.443231 current_native_bytes is 150799925
12-18 14:38:59.098  3268  3685 I com.miui.home: CheckGCForNative adj_start_bytes: 44474943 NativeAllocationGcWatermark: 11771553 java_gc_start_bytes: 26817614 kNewNativeDiscountFactor: 2 kOldNativeDiscountFactor: 65536 old_native_bytes: 143595209 new_native_bytes: 7401168 add_bytes_allowed: 35314659 is_gc_concurrent: 1 target_footprint_: 27063566 GetBytesAllocated: 16370264 HeapGrowthMultiplier: 3
12-18 14:38:59.098  3268  3685 I com.miui.home: CheckGCForNative gc_urgency 0.451334 current_native_bytes is 150996377
12-18 14:38:59.382  3268  3530 I com.miui.home: CheckGCForNative adj_start_bytes: 44474943 NativeAllocationGcWatermark: 11771553 java_gc_start_bytes: 26817614 kNewNativeDiscountFactor: 2 kOldNativeDiscountFactor: 65536 old_native_bytes: 143595209 new_native_bytes: 7768656 add_bytes_allowed: 35314659 is_gc_concurrent: 1 target_footprint_: 27063566 GetBytesAllocated: 16599640 HeapGrowthMultiplier: 3
12-18 14:38:59.382  3268  3530 I com.miui.home: CheckGCForNative gc_urgency 0.460622 current_native_bytes is 151363865
12-18 14:39:00.098 10581 10581 I wm_on_create_called: [0,215450104,com.tencent.qqlive.ona.activity.SplashHomeActivity,performCreate,53]
12-18 14:39:00.104 10581 10581 I wm_on_start_called: [0,215450104,com.tencent.qqlive.ona.activity.SplashHomeActivity,handleStartActivity,6]
12-18 14:39:00.169 10581 10581 I wm_on_resume_called: [0,215450104,com.tencent.qqlive.ona.activity.SplashHomeActivity,RESUME_ACTIVITY,64]
12-18 14:39:00.253 10581 10581 I wm_on_top_resumed_gained_called: [215450104,com.tencent.qqlive.ona.activity.SplashHomeActivity,topStateChangedWhenResumed]
12-18 14:39:00.696  3268  3592 I com.miui.home: CheckGCForNative adj_start_bytes: 44474943 NativeAllocationGcWatermark: 11771553 java_gc_start_bytes: 26817614 kNewNativeDiscountFactor: 2 kOldNativeDiscountFactor: 65536 old_native_bytes: 143595209 new_native_bytes: 18435940 add_bytes_allowed: 35314659 is_gc_concurrent: 1 target_footprint_: 27063566 GetBytesAllocated: 17436120 HeapGrowthMultiplier: 3
12-18 14:39:00.696  3268  3592 I com.miui.home: CheckGCForNative gc_urgency 0.599355 current_native_bytes is 162031149
12-18 14:39:00.697  3268  3592 I com.miui.home: CheckGCForNative adj_start_bytes: 44474943 NativeAllocationGcWatermark: 11771553 java_gc_start_bytes: 26817614 kNewNativeDiscountFactor: 2 kOldNativeDiscountFactor: 65536 old_native_bytes: 143595209 new_native_bytes: 29141860 add_bytes_allowed: 35314659 is_gc_concurrent: 1 target_footprint_: 27063566 GetBytesAllocated: 17452696 HeapGrowthMultiplier: 3
12-18 14:39:00.697  3268  3592 I com.miui.home: CheckGCForNative gc_urgency 0.720087 current_native_bytes is 172737069
12-18 14:39:00.705  3268  3530 I com.miui.home: CheckGCForNative adj_start_bytes: 44474943 NativeAllocationGcWatermark: 11771553 java_gc_start_bytes: 26817614 kNewNativeDiscountFactor: 2 kOldNativeDiscountFactor: 65536 old_native_bytes: 143595209 new_native_bytes: 18439204 add_bytes_allowed: 35314659 is_gc_concurrent: 1 target_footprint_: 27063566 GetBytesAllocated: 17485464 HeapGrowthMultiplier: 3
12-18 14:39:00.705  3268  3530 I com.miui.home: CheckGCForNative gc_urgency 0.600501 current_native_bytes is 162034413
12-18 14:39:00.743  3268  3592 I com.miui.home: CheckGCForNative adj_start_bytes: 44474943 NativeAllocationGcWatermark: 11771553 java_gc_start_bytes: 26817614 kNewNativeDiscountFactor: 2 kOldNativeDiscountFactor: 65536 old_native_bytes: 143595209 new_native_bytes: 29183028 add_bytes_allowed: 35314659 is_gc_concurrent: 1 target_footprint_: 27063566 GetBytesAllocated: 17501848 HeapGrowthMultiplier: 3
12-18 14:39:00.743  3268  3592 I com.miui.home: CheckGCForNative gc_urgency 0.721655 current_native_bytes is 172778237
12-18 14:39:00.982  3268  3530 I com.miui.home: CheckGCForNative adj_start_bytes: 44474943 NativeAllocationGcWatermark: 11771553 java_gc_start_bytes: 26817614 kNewNativeDiscountFactor: 2 kOldNativeDiscountFactor: 65536 old_native_bytes: 143595209 new_native_bytes: 18488756 add_bytes_allowed: 35314659 is_gc_concurrent: 1 target_footprint_: 27063566 GetBytesAllocated: 17665880 HeapGrowthMultiplier: 3
12-18 14:39:00.982  3268  3530 I com.miui.home: CheckGCForNative gc_urgency 0.605115 current_native_bytes is 162083965
12-18 14:39:01.457  3268  8063 I com.miui.home: CheckGCForNative adj_start_bytes: 44474943 NativeAllocationGcWatermark: 11771553 java_gc_start_bytes: 26817614 kNewNativeDiscountFactor: 2 kOldNativeDiscountFactor: 65536 old_native_bytes: 143595209 new_native_bytes: 18620388 add_bytes_allowed: 35314659 is_gc_concurrent: 1 target_footprint_: 27063566 GetBytesAllocated: 18010360 HeapGrowthMultiplier: 3
12-18 14:39:01.457  3268  8063 I com.miui.home: CheckGCForNative gc_urgency 0.61434 current_native_bytes is 162215597
12-18 14:39:01.599  3268  8063 I com.miui.home: CheckGCForNative adj_start_bytes: 44474943 NativeAllocationGcWatermark: 11771553 java_gc_start_bytes: 26817614 kNewNativeDiscountFactor: 2 kOldNativeDiscountFactor: 65536 old_native_bytes: 143595209 new_native_bytes: 18636344 add_bytes_allowed: 35314659 is_gc_concurrent: 1 target_footprint_: 27063566 GetBytesAllocated: 18207128 HeapGrowthMultiplier: 3
12-18 14:39:01.599  3268  8063 I com.miui.home: CheckGCForNative gc_urgency 0.618944 current_native_bytes is 162231553
12-18 14:39:01.864  3268  3685 I com.miui.home: CheckGCForNative adj_start_bytes: 44474943 NativeAllocationGcWatermark: 11771553 java_gc_start_bytes: 26817614 kNewNativeDiscountFactor: 2 kOldNativeDiscountFactor: 65536 old_native_bytes: 143595209 new_native_bytes: 18841252 add_bytes_allowed: 35314659 is_gc_concurrent: 1 target_footprint_: 27063566 GetBytesAllocated: 18764472 HeapGrowthMultiplier: 3
12-18 14:39:01.864  3268  3685 I com.miui.home: CheckGCForNative gc_urgency 0.633779 current_native_bytes is 162436461
12-18 14:39:02.107  3268  3685 I com.miui.home: CheckGCForNative adj_start_bytes: 44474943 NativeAllocationGcWatermark: 11771553 java_gc_start_bytes: 26817614 kNewNativeDiscountFactor: 2 kOldNativeDiscountFactor: 65536 old_native_bytes: 143595209 new_native_bytes: 18736052 add_bytes_allowed: 35314659 is_gc_concurrent: 1 target_footprint_: 27063566 GetBytesAllocated: 19240088 HeapGrowthMultiplier: 3
12-18 14:39:02.107  3268  3685 I com.miui.home: CheckGCForNative gc_urgency 0.64329 current_native_bytes is 162331261
12-18 14:39:02.231  3268  3685 I com.miui.home: CheckGCForNative adj_start_bytes: 44474943 NativeAllocationGcWatermark: 11771553 java_gc_start_bytes: 26817614 kNewNativeDiscountFactor: 2 kOldNativeDiscountFactor: 65536 old_native_bytes: 143595209 new_native_bytes: 19146056 add_bytes_allowed: 35314659 is_gc_concurrent: 1 target_footprint_: 27063566 GetBytesAllocated: 19469464 HeapGrowthMultiplier: 3
12-18 14:39:02.231  3268  3685 I com.miui.home: CheckGCForNative gc_urgency 0.653057 current_native_bytes is 162741265
12-18 14:39:02.291  3268  3685 I com.miui.home: CheckGCForNative adj_start_bytes: 44474943 NativeAllocationGcWatermark: 11771553 java_gc_start_bytes: 26817614 kNewNativeDiscountFactor: 2 kOldNativeDiscountFactor: 65536 old_native_bytes: 143595209 new_native_bytes: 29883272 add_bytes_allowed: 35314659 is_gc_concurrent: 1 target_footprint_: 27063566 GetBytesAllocated: 19600536 HeapGrowthMultiplier: 3
12-18 14:39:02.291  3268  3685 I com.miui.home: CheckGCForNative gc_urgency 0.776715 current_native_bytes is 173478481
12-18 14:39:02.305  3268  3530 I com.miui.home: CheckGCForNative adj_start_bytes: 44474943 NativeAllocationGcWatermark: 11771553 java_gc_start_bytes: 26817614 kNewNativeDiscountFactor: 2 kOldNativeDiscountFactor: 65536 old_native_bytes: 143595209 new_native_bytes: 19179848 add_bytes_allowed: 35314659 is_gc_concurrent: 1 target_footprint_: 27063566 GetBytesAllocated: 19617112 HeapGrowthMultiplier: 3
12-18 14:39:02.305  3268  3530 I com.miui.home: CheckGCForNative gc_urgency 0.656757 current_native_bytes is 162775057
12-18 14:39:03.097 11176 11176 I wm_on_create_called: [0,191935735,com.tencent.mobileqq.activity.SplashActivity,performCreate,96]
12-18 14:39:03.100 11176 11176 I wm_on_start_called: [0,191935735,com.tencent.mobileqq.activity.SplashActivity,handleStartActivity,3]
12-18 14:39:03.119 11176 11176 I wm_on_resume_called: [0,191935735,com.tencent.mobileqq.activity.SplashActivity,RESUME_ACTIVITY,17]
12-18 14:39:03.141 11176 11176 I wm_on_top_resumed_gained_called: [191935735,com.tencent.mobileqq.activity.SplashActivity,topStateChangedWhenResumed]
12-18 14:39:03.378 11176 11176 I wm_on_idle_called: com.tencent.mobileqq.activity.SplashActivity
12-18 14:39:03.401  3268  3268 I wm_on_stop_called: [0,65227351,com.miui.home.launcher.Launcher,STOP_ACTIVITY_ITEM,3]
12-18 14:39:03.470 11176 11176 I wm_on_top_resumed_lost_called: [191935735,com.tencent.mobileqq.activity.SplashActivity,topStateChangedWhenResumed]
12-18 14:39:03.472 11176 11176 I wm_on_paused_called: [0,191935735,com.tencent.mobileqq.activity.SplashActivity,performPause,1]
12-18 14:39:03.541 11176 11176 I wm_on_create_called: [0,30293199,com.tencent.mobileqq.activity.LoginActivity,performCreate,43]
12-18 14:39:03.560  3268  3268 I wm_on_restart_called: [0,65227351,com.miui.home.launcher.Launcher,performRestartActivity,0]
12-18 14:39:03.561  3268  3268 I wm_on_start_called: [0,65227351,com.miui.home.launcher.Launcher,handleStartActivity,1]
12-18 14:39:03.583 11176 11176 I wm_on_start_called: [0,30293199,com.tencent.mobileqq.activity.LoginActivity,handleStartActivity,41]
12-18 14:39:03.608 11176 11176 I wm_on_resume_called: [0,30293199,com.tencent.mobileqq.activity.LoginActivity,RESUME_ACTIVITY,26]
12-18 14:39:03.628  3268  3717 I com.miui.home: CheckGCForNative adj_start_bytes: 44474943 NativeAllocationGcWatermark: 11771553 java_gc_start_bytes: 26817614 kNewNativeDiscountFactor: 2 kOldNativeDiscountFactor: 65536 old_native_bytes: 143595209 new_native_bytes: 29935948 add_bytes_allowed: 35314659 is_gc_concurrent: 1 target_footprint_: 27063566 GetBytesAllocated: 20535688 HeapGrowthMultiplier: 3
12-18 14:39:03.628  3268  3717 I com.miui.home: CheckGCForNative gc_urgency 0.798334 current_native_bytes is 173531157
12-18 14:39:03.630  3268  3717 I com.miui.home: CheckGCForNative adj_start_bytes: 44474943 NativeAllocationGcWatermark: 11771553 java_gc_start_bytes: 26817614 kNewNativeDiscountFactor: 2 kOldNativeDiscountFactor: 65536 old_native_bytes: 143595209 new_native_bytes: 40641868 add_bytes_allowed: 35314659 is_gc_concurrent: 1 target_footprint_: 27063566 GetBytesAllocated: 20535880 HeapGrowthMultiplier: 3
12-18 14:39:03.630  3268  3717 I com.miui.home: CheckGCForNative gc_urgency 0.918697 current_native_bytes is 184237077
12-18 14:39:03.630 11176 11176 I wm_on_top_resumed_gained_called: [30293199,com.tencent.mobileqq.activity.LoginActivity,topStateChangedWhenResumed]
12-18 14:39:03.694  3268  3530 I com.miui.home: CheckGCForNative adj_start_bytes: 44474943 NativeAllocationGcWatermark: 11771553 java_gc_start_bytes: 26817614 kNewNativeDiscountFactor: 2 kOldNativeDiscountFactor: 65536 old_native_bytes: 143595209 new_native_bytes: 29980272 add_bytes_allowed: 35314659 is_gc_concurrent: 1 target_footprint_: 27063566 GetBytesAllocated: 20683336 HeapGrowthMultiplier: 3
12-18 14:39:03.694  3268  3530 I com.miui.home: CheckGCForNative gc_urgency 0.802152 current_native_bytes is 173575481
12-18 14:39:03.736  3268 10487 I com.miui.home: CheckGCForNative adj_start_bytes: 44474943 NativeAllocationGcWatermark: 11771553 java_gc_start_bytes: 26817614 kNewNativeDiscountFactor: 2 kOldNativeDiscountFactor: 65536 old_native_bytes: 143595209 new_native_bytes: 40690096 add_bytes_allowed: 35314659 is_gc_concurrent: 1 target_footprint_: 27063566 GetBytesAllocated: 20847560 HeapGrowthMultiplier: 3
12-18 14:39:03.736  3268 10487 I com.miui.home: CheckGCForNative gc_urgency 0.926247 current_native_bytes is 184285305
12-18 14:39:03.752 11176 11176 I wm_on_idle_called: com.tencent.mobileqq.activity.LoginActivity
12-18 14:39:03.817  3268  3685 I com.miui.home: CheckGCForNative adj_start_bytes: 44474943 NativeAllocationGcWatermark: 11771553 java_gc_start_bytes: 26817614 kNewNativeDiscountFactor: 2 kOldNativeDiscountFactor: 65536 old_native_bytes: 143595209 new_native_bytes: 30312132 add_bytes_allowed: 35314659 is_gc_concurrent: 1 target_footprint_: 27063566 GetBytesAllocated: 21257768 HeapGrowthMultiplier: 3
12-18 14:39:03.817  3268  3685 I com.miui.home: CheckGCForNative gc_urgency 0.818799 current_native_bytes is 173907341
12-18 14:39:03.842  3268  3685 I com.miui.home: CheckGCForNative adj_start_bytes: 44474943 NativeAllocationGcWatermark: 11771553 java_gc_start_bytes: 26817614 kNewNativeDiscountFactor: 2 kOldNativeDiscountFactor: 65536 old_native_bytes: 143595209 new_native_bytes: 41086404 add_bytes_allowed: 35314659 is_gc_concurrent: 1 target_footprint_: 27063566 GetBytesAllocated: 21388840 HeapGrowthMultiplier: 3
12-18 14:39:03.842  3268  3685 I com.miui.home: CheckGCForNative gc_urgency 0.942873 current_native_bytes is 184681613
12-18 14:39:03.865  3268  3685 I com.miui.home: CheckGCForNative adj_start_bytes: 44474943 NativeAllocationGcWatermark: 11771553 java_gc_start_bytes: 26817614 kNewNativeDiscountFactor: 2 kOldNativeDiscountFactor: 65536 old_native_bytes: 143595209 new_native_bytes: 30424056 add_bytes_allowed: 35314659 is_gc_concurrent: 1 target_footprint_: 27063566 GetBytesAllocated: 21667976 HeapGrowthMultiplier: 3
12-18 14:39:03.865  3268  3685 I com.miui.home: CheckGCForNative gc_urgency 0.82928 current_native_bytes is 174019265
