12-18 15:00:09.126  3196  3196 I com.miui.home: CheckGCForNative adj_start_bytes: 42549032 NativeAllocationGcWatermark: 11556733 java_gc_start_bytes: 25213933 kNewNativeDiscountFactor: 2 kOldNativeDiscountFactor: 65536 old_native_bytes: 128152193 new_native_bytes: 26400 add_bytes_allowed: 34670199 is_gc_concurrent: 1 target_footprint_: 25345005 GetBytesAllocated: 13000184 HeapGrowthMultiplier: 3
12-18 15:00:09.126  3196  3196 I com.miui.home: CheckGCForNative gc_urgency 0.30589 current_native_bytes is 128178593
12-18 15:00:09.301  3196  3196 I wm_on_top_resumed_lost_called: [138447006,com.miui.home.launcher.Launcher,topStateChangedWhenResumed]
12-18 15:00:09.309  3196  3196 I wm_on_paused_called: [0,138447006,com.miui.home.launcher.Launcher,performPause,6]
12-18 15:00:09.573  3196  3665 I com.miui.home: CheckGCForNative adj_start_bytes: 42549032 NativeAllocationGcWatermark: 11556733 java_gc_start_bytes: 25213933 kNewNativeDiscountFactor: 2 kOldNativeDiscountFactor: 65536 old_native_bytes: 128152193 new_native_bytes: 432220 add_bytes_allowed: 34670199 is_gc_concurrent: 1 target_footprint_: 25345005 GetBytesAllocated: 13975976 HeapGrowthMultiplier: 3
12-18 15:00:09.573  3196  3665 I com.miui.home: CheckGCForNative gc_urgency 0.333593 current_native_bytes is 128584413
12-18 15:00:09.743  3196  3512 I com.miui.home: CheckGCForNative adj_start_bytes: 42549032 NativeAllocationGcWatermark: 11556733 java_gc_start_bytes: 25213933 kNewNativeDiscountFactor: 2 kOldNativeDiscountFactor: 65536 old_native_bytes: 128152193 new_native_bytes: 1309008 add_bytes_allowed: 34670199 is_gc_concurrent: 1 target_footprint_: 25345005 GetBytesAllocated: 14418504 HeapGrowthMultiplier: 3
12-18 15:00:09.743  3196  3512 I com.miui.home: CheckGCForNative gc_urgency 0.354296 current_native_bytes is 129461201
12-18 15:00:09.810  3196  3512 I com.miui.home: CheckGCForNative adj_start_bytes: 42549032 NativeAllocationGcWatermark: 11556733 java_gc_start_bytes: 25213933 kNewNativeDiscountFactor: 2 kOldNativeDiscountFactor: 65536 old_native_bytes: 128152193 new_native_bytes: 1550308 add_bytes_allowed: 34670199 is_gc_concurrent: 1 target_footprint_: 25345005 GetBytesAllocated: 14680648 HeapGrowthMultiplier: 3
12-18 15:00:09.810  3196  3512 I com.miui.home: CheckGCForNative gc_urgency 0.363293 current_native_bytes is 129702501
12-18 15:00:10.044  3196  3512 I com.miui.home: CheckGCForNative adj_start_bytes: 42549032 NativeAllocationGcWatermark: 11556733 java_gc_start_bytes: 25213933 kNewNativeDiscountFactor: 2 kOldNativeDiscountFactor: 65536 old_native_bytes: 128152193 new_native_bytes: 1562148 add_bytes_allowed: 34670199 is_gc_concurrent: 1 target_footprint_: 25345005 GetBytesAllocated: 14844488 HeapGrowthMultiplier: 3
12-18 15:00:10.044  3196  3512 I com.miui.home: CheckGCForNative gc_urgency 0.367283 current_native_bytes is 129714341
12-18 15:00:10.540  7856  7856 I wm_on_application_create_called: [0,com.autonavi.minimap,367]
12-18 15:00:10.697  7768  7768 I wm_on_application_create_called: [0,com.autonavi.minimap,971]
12-18 15:00:10.884  7768  7768 I wm_on_create_called: [0,23526956,com.autonavi.map.activity.SplashActivity,performCreate,169]
12-18 15:00:11.026  7768  7768 I wm_on_create_called: [0,96443032,com.autonavi.map.activity.NewMapActivity,performCreate,93]
12-18 15:00:11.065  7768  7768 I wm_on_start_called: [0,96443032,com.autonavi.map.activity.NewMapActivity,handleStartActivity,39]
12-18 15:00:11.070  7768  7768 I wm_on_resume_called: [0,96443032,com.autonavi.map.activity.NewMapActivity,RESUME_ACTIVITY,3]
12-18 15:00:11.099  3196  3665 I com.miui.home: CheckGCForNative adj_start_bytes: 42549032 NativeAllocationGcWatermark: 11556733 java_gc_start_bytes: 25213933 kNewNativeDiscountFactor: 2 kOldNativeDiscountFactor: 65536 old_native_bytes: 128152193 new_native_bytes: 1520688 add_bytes_allowed: 34670199 is_gc_concurrent: 1 target_footprint_: 25345005 GetBytesAllocated: 15352968 HeapGrowthMultiplier: 3
12-18 15:00:11.100  3196  3665 I com.miui.home: CheckGCForNative gc_urgency 0.378746 current_native_bytes is 129672881
12-18 15:00:11.176  7768  7768 I wm_on_top_resumed_gained_called: [96443032,com.autonavi.map.activity.NewMapActivity,topStateChangedWhenResumed]
12-18 15:00:11.225  3196  3665 I com.miui.home: CheckGCForNative adj_start_bytes: 42549032 NativeAllocationGcWatermark: 11556733 java_gc_start_bytes: 25213933 kNewNativeDiscountFactor: 2 kOldNativeDiscountFactor: 65536 old_native_bytes: 128152193 new_native_bytes: 12394124 add_bytes_allowed: 34670199 is_gc_concurrent: 1 target_footprint_: 25345005 GetBytesAllocated: 15779016 HeapGrowthMultiplier: 3
12-18 15:00:11.226  3196  3665 I com.miui.home: CheckGCForNative gc_urgency 0.516534 current_native_bytes is 140546317
12-18 15:00:11.226  3196  3665 I com.miui.home: CheckGCForNative adj_start_bytes: 42549032 NativeAllocationGcWatermark: 11556733 java_gc_start_bytes: 25213933 kNewNativeDiscountFactor: 2 kOldNativeDiscountFactor: 65536 old_native_bytes: 128152193 new_native_bytes: 23101580 add_bytes_allowed: 34670199 is_gc_concurrent: 1 target_footprint_: 25345005 GetBytesAllocated: 15779208 HeapGrowthMultiplier: 3
12-18 15:00:11.227  3196  3665 I com.miui.home: CheckGCForNative gc_urgency 0.642364 current_native_bytes is 151253773
12-18 15:00:11.243  3196  3250 I com.miui.home: CheckGCForNative adj_start_bytes: 42549032 NativeAllocationGcWatermark: 11556733 java_gc_start_bytes: 25213933 kNewNativeDiscountFactor: 2 kOldNativeDiscountFactor: 65536 old_native_bytes: 128152193 new_native_bytes: 23099244 add_bytes_allowed: 34670199 is_gc_concurrent: 1 target_footprint_: 25345005 GetBytesAllocated: 15779208 HeapGrowthMultiplier: 3
12-18 15:00:11.243  3196  3250 I com.miui.home: CheckGCForNative gc_urgency 0.642336 current_native_bytes is 151251437
12-18 15:00:11.252  3196  3452 I com.miui.home: CheckGCForNative adj_start_bytes: 42549032 NativeAllocationGcWatermark: 11556733 java_gc_start_bytes: 25213933 kNewNativeDiscountFactor: 2 kOldNativeDiscountFactor: 65536 old_native_bytes: 128152193 new_native_bytes: 12396140 add_bytes_allowed: 34670199 is_gc_concurrent: 1 target_footprint_: 25345005 GetBytesAllocated: 15844936 HeapGrowthMultiplier: 3
12-18 15:00:11.252  3196  3452 I com.miui.home: CheckGCForNative gc_urgency 0.518107 current_native_bytes is 140548333
12-18 15:00:11.272  3196  3250 I com.miui.home: CheckGCForNative adj_start_bytes: 42549032 NativeAllocationGcWatermark: 11556733 java_gc_start_bytes: 25213933 kNewNativeDiscountFactor: 2 kOldNativeDiscountFactor: 65536 old_native_bytes: 128152193 new_native_bytes: 23203836 add_bytes_allowed: 34670199 is_gc_concurrent: 1 target_footprint_: 25345005 GetBytesAllocated: 15910536 HeapGrowthMultiplier: 3
12-18 15:00:11.272  3196  3250 I com.miui.home: CheckGCForNative gc_urgency 0.646652 current_native_bytes is 151356029
12-18 15:00:11.414  3196  3512 I com.miui.home: CheckGCForNative adj_start_bytes: 42549032 NativeAllocationGcWatermark: 11556733 java_gc_start_bytes: 25213933 kNewNativeDiscountFactor: 2 kOldNativeDiscountFactor: 65536 old_native_bytes: 128152193 new_native_bytes: 12616940 add_bytes_allowed: 34670199 is_gc_concurrent: 1 target_footprint_: 25345005 GetBytesAllocated: 16337208 HeapGrowthMultiplier: 3
12-18 15:00:11.414  3196  3512 I com.miui.home: CheckGCForNative gc_urgency 0.532271 current_native_bytes is 140769133
12-18 15:00:11.570  3196  3512 I com.miui.home: CheckGCForNative adj_start_bytes: 42549032 NativeAllocationGcWatermark: 11556733 java_gc_start_bytes: 25213933 kNewNativeDiscountFactor: 2 kOldNativeDiscountFactor: 65536 old_native_bytes: 128152193 new_native_bytes: 12887072 add_bytes_allowed: 34670199 is_gc_concurrent: 1 target_footprint_: 25345005 GetBytesAllocated: 16648504 HeapGrowthMultiplier: 3
12-18 15:00:11.570  3196  3512 I com.miui.home: CheckGCForNative gc_urgency 0.542762 current_native_bytes is 141039265
12-18 15:00:11.703  3196  3512 I com.miui.home: CheckGCForNative adj_start_bytes: 42549032 NativeAllocationGcWatermark: 11556733 java_gc_start_bytes: 25213933 kNewNativeDiscountFactor: 2 kOldNativeDiscountFactor: 65536 old_native_bytes: 128152193 new_native_bytes: 12933872 add_bytes_allowed: 34670199 is_gc_concurrent: 1 target_footprint_: 25345005 GetBytesAllocated: 16730424 HeapGrowthMultiplier: 3
12-18 15:00:11.703  3196  3512 I com.miui.home: CheckGCForNative gc_urgency 0.545237 current_native_bytes is 141086065
12-18 15:00:11.845  7768  7768 I wm_on_top_resumed_lost_called: [96443032,com.autonavi.map.activity.NewMapActivity,topStateChangedWhenResumed]
12-18 15:00:11.852  7768  7768 I wm_on_paused_called: [0,96443032,com.autonavi.map.activity.NewMapActivity,performPause,4]
12-18 15:00:11.875  3196  3196 I wm_on_resume_called: [0,138447006,com.miui.home.launcher.Launcher,RESUME_ACTIVITY,8]
12-18 15:00:11.876  3196  3196 I wm_on_top_resumed_gained_called: [138447006,com.miui.home.launcher.Launcher,topWhenResuming]
12-18 15:00:11.880  3196  3196 I wm_on_idle_called: com.miui.home.launcher.Launcher
12-18 15:00:12.011  3196  3665 I com.miui.home: CheckGCForNative adj_start_bytes: 42549032 NativeAllocationGcWatermark: 11556733 java_gc_start_bytes: 25213933 kNewNativeDiscountFactor: 2 kOldNativeDiscountFactor: 65536 old_native_bytes: 128152193 new_native_bytes: 13347696 add_bytes_allowed: 34670199 is_gc_concurrent: 1 target_footprint_: 25345005 GetBytesAllocated: 18157176 HeapGrowthMultiplier: 3
12-18 15:00:12.011  3196  3665 I com.miui.home: CheckGCForNative gc_urgency 0.583632 current_native_bytes is 141499889
12-18 15:00:12.081  3196  3665 I com.miui.home: CheckGCForNative adj_start_bytes: 42549032 NativeAllocationGcWatermark: 11556733 java_gc_start_bytes: 25213933 kNewNativeDiscountFactor: 2 kOldNativeDiscountFactor: 65536 old_native_bytes: 128152193 new_native_bytes: 13396472 add_bytes_allowed: 34670199 is_gc_concurrent: 1 target_footprint_: 25345005 GetBytesAllocated: 18575016 HeapGrowthMultiplier: 3
12-18 15:00:12.081  3196  3665 I com.miui.home: CheckGCForNative gc_urgency 0.594025 current_native_bytes is 141548665
12-18 15:00:12.120  3196  3196 I wm_on_top_resumed_lost_called: [138447006,com.miui.home.launcher.Launcher,topStateChangedWhenResumed]
12-18 15:00:12.126  3196  3665 I com.miui.home: CheckGCForNative adj_start_bytes: 42549032 NativeAllocationGcWatermark: 11556733 java_gc_start_bytes: 25213933 kNewNativeDiscountFactor: 2 kOldNativeDiscountFactor: 65536 old_native_bytes: 128152193 new_native_bytes: 24241496 add_bytes_allowed: 34670199 is_gc_concurrent: 1 target_footprint_: 25345005 GetBytesAllocated: 18640552 HeapGrowthMultiplier: 3
12-18 15:00:12.126  3196  3665 I com.miui.home: CheckGCForNative gc_urgency 0.723007 current_native_bytes is 152393689
12-18 15:00:12.133  3196  3196 I wm_on_paused_called: [0,138447006,com.miui.home.launcher.Launcher,performPause,5]
12-18 15:00:12.283  3196  3665 I com.miui.home: CheckGCForNative adj_start_bytes: 42549032 NativeAllocationGcWatermark: 11556733 java_gc_start_bytes: 25213933 kNewNativeDiscountFactor: 2 kOldNativeDiscountFactor: 65536 old_native_bytes: 128152193 new_native_bytes: 13887696 add_bytes_allowed: 34670199 is_gc_concurrent: 1 target_footprint_: 25345005 GetBytesAllocated: 19402856 HeapGrowthMultiplier: 3
12-18 15:00:12.283  3196  3665 I com.miui.home: CheckGCForNative gc_urgency 0.619254 current_native_bytes is 142039889
12-18 15:00:12.450  3196  3665 I com.miui.home: CheckGCForNative adj_start_bytes: 42549032 NativeAllocationGcWatermark: 11556733 java_gc_start_bytes: 25213933 kNewNativeDiscountFactor: 2 kOldNativeDiscountFactor: 65536 old_native_bytes: 128152193 new_native_bytes: 14198204 add_bytes_allowed: 34670199 is_gc_concurrent: 1 target_footprint_: 25345005 GetBytesAllocated: 19812680 HeapGrowthMultiplier: 3
12-18 15:00:12.450  3196  3665 I com.miui.home: CheckGCForNative gc_urgency 0.632535 current_native_bytes is 142350397
12-18 15:00:12.487  3196  3665 I com.miui.home: CheckGCForNative adj_start_bytes: 42549032 NativeAllocationGcWatermark: 11556733 java_gc_start_bytes: 25213933 kNewNativeDiscountFactor: 2 kOldNativeDiscountFactor: 65536 old_native_bytes: 128152193 new_native_bytes: 14340500 add_bytes_allowed: 34670199 is_gc_concurrent: 1 target_footprint_: 25345005 GetBytesAllocated: 19992904 HeapGrowthMultiplier: 3
12-18 15:00:12.487  3196  3665 I com.miui.home: CheckGCForNative gc_urgency 0.638442 current_native_bytes is 142492693
12-18 15:00:12.605  3196  3512 I com.miui.home: CheckGCForNative adj_start_bytes: 42549032 NativeAllocationGcWatermark: 11556733 java_gc_start_bytes: 25213933 kNewNativeDiscountFactor: 2 kOldNativeDiscountFactor: 65536 old_native_bytes: 128152193 new_native_bytes: 14400400 add_bytes_allowed: 34670199 is_gc_concurrent: 1 target_footprint_: 25345005 GetBytesAllocated: 20074824 HeapGrowthMultiplier: 3
12-18 15:00:12.605  3196  3512 I com.miui.home: CheckGCForNative gc_urgency 0.641072 current_native_bytes is 142552593
12-18 15:00:12.727  8223  8223 I wm_on_create_called: [0,248929171,fm.qingting.qtradio.WelcomeActivity,performCreate,113]
12-18 15:00:12.728  8223  8223 I wm_on_start_called: [0,248929171,fm.qingting.qtradio.WelcomeActivity,handleStartActivity,0]
12-18 15:00:12.731  8223  8223 I wm_on_resume_called: [0,248929171,fm.qingting.qtradio.WelcomeActivity,RESUME_ACTIVITY,2]
12-18 15:00:12.753  8223  8223 I wm_on_top_resumed_gained_called: [248929171,fm.qingting.qtradio.WelcomeActivity,topStateChangedWhenResumed]
12-18 15:00:13.048  3196  3196 I wm_on_stop_called: [0,138447006,com.miui.home.launcher.Launcher,STOP_ACTIVITY_ITEM,6]
12-18 15:00:13.323  8223  8223 I wm_on_idle_called: fm.qingting.qtradio.WelcomeActivity
12-18 15:00:13.782  3196  3196 I wm_on_restart_called: [0,138447006,com.miui.home.launcher.Launcher,performRestartActivity,0]
12-18 15:00:13.784  3196  3196 I wm_on_start_called: [0,138447006,com.miui.home.launcher.Launcher,handleStartActivity,1]
12-18 15:00:13.840  3196  3683 I com.miui.home: CheckGCForNative adj_start_bytes: 42549032 NativeAllocationGcWatermark: 11556733 java_gc_start_bytes: 25213933 kNewNativeDiscountFactor: 2 kOldNativeDiscountFactor: 65536 old_native_bytes: 128152193 new_native_bytes: 25136212 add_bytes_allowed: 34670199 is_gc_concurrent: 1 target_footprint_: 25345005 GetBytesAllocated: 20837224 HeapGrowthMultiplier: 3
12-18 15:00:13.840  3196  3683 I com.miui.home: CheckGCForNative gc_urgency 0.785148 current_native_bytes is 153288405
12-18 15:00:13.840  3196  3683 I com.miui.home: CheckGCForNative adj_start_bytes: 42549032 NativeAllocationGcWatermark: 11556733 java_gc_start_bytes: 25213933 kNewNativeDiscountFactor: 2 kOldNativeDiscountFactor: 65536 old_native_bytes: 128152193 new_native_bytes: 35842132 add_bytes_allowed: 34670199 is_gc_concurrent: 1 target_footprint_: 25345005 GetBytesAllocated: 20837416 HeapGrowthMultiplier: 3
12-18 15:00:13.840  3196  3683 I com.miui.home: CheckGCForNative gc_urgency 0.910959 current_native_bytes is 163994325
12-18 15:00:13.853  3196  3196 I com.miui.home: CheckGCForNative adj_start_bytes: 42549032 NativeAllocationGcWatermark: 11556733 java_gc_start_bytes: 25213933 kNewNativeDiscountFactor: 2 kOldNativeDiscountFactor: 65536 old_native_bytes: 128152193 new_native_bytes: 25141908 add_bytes_allowed: 34670199 is_gc_concurrent: 1 target_footprint_: 25345005 GetBytesAllocated: 20870184 HeapGrowthMultiplier: 3
12-18 15:00:13.854  3196  3196 I com.miui.home: CheckGCForNative gc_urgency 0.785989 current_native_bytes is 153294101
12-18 15:00:13.892  3196  3667 I com.miui.home: CheckGCForNative adj_start_bytes: 42549032 NativeAllocationGcWatermark: 11556733 java_gc_start_bytes: 25213933 kNewNativeDiscountFactor: 2 kOldNativeDiscountFactor: 65536 old_native_bytes: 128152193 new_native_bytes: 35910720 add_bytes_allowed: 34670199 is_gc_concurrent: 1 target_footprint_: 25345005 GetBytesAllocated: 20952104 HeapGrowthMultiplier: 3
12-18 15:00:13.892  3196  3667 I com.miui.home: CheckGCForNative gc_urgency 0.914461 current_native_bytes is 164062913
12-18 15:00:13.992  3196  3512 I com.miui.home: CheckGCForNative adj_start_bytes: 42549032 NativeAllocationGcWatermark: 11556733 java_gc_start_bytes: 25213933 kNewNativeDiscountFactor: 2 kOldNativeDiscountFactor: 65536 old_native_bytes: 128152193 new_native_bytes: 25089696 add_bytes_allowed: 34670199 is_gc_concurrent: 1 target_footprint_: 25345005 GetBytesAllocated: 21066984 HeapGrowthMultiplier: 3
12-18 15:00:13.992  3196  3512 I com.miui.home: CheckGCForNative gc_urgency 0.790001 current_native_bytes is 153241889
12-18 15:00:14.181  3196  3512 I com.miui.home: CheckGCForNative adj_start_bytes: 42549032 NativeAllocationGcWatermark: 11556733 java_gc_start_bytes: 25213933 kNewNativeDiscountFactor: 2 kOldNativeDiscountFactor: 65536 old_native_bytes: 128152193 new_native_bytes: 25103680 add_bytes_allowed: 34670199 is_gc_concurrent: 1 target_footprint_: 25345005 GetBytesAllocated: 21181672 HeapGrowthMultiplier: 3
12-18 15:00:14.181  3196  3512 I com.miui.home: CheckGCForNative gc_urgency 0.792861 current_native_bytes is 153255873
12-18 15:00:14.331  8223  8223 I wm_on_top_resumed_lost_called: [248929171,fm.qingting.qtradio.WelcomeActivity,topStateChangedWhenResumed]
12-18 15:00:14.361  3196  3196 I wm_on_resume_called: [0,138447006,com.miui.home.launcher.Launcher,RESUME_ACTIVITY,13]
12-18 15:00:14.364  3196  3196 I wm_on_idle_called: com.miui.home.launcher.Launcher
12-18 15:00:14.373  3196  3196 I wm_on_top_resumed_gained_called: [138447006,com.miui.home.launcher.Launcher,topStateChangedWhenResumed]
12-18 15:00:14.429  8223  8223 I wm_on_paused_called: [0,248929171,fm.qingting.qtradio.WelcomeActivity,performPause,55]
12-18 15:00:14.440  8223  8223 I wm_on_stop_called: [0,248929171,fm.qingting.qtradio.WelcomeActivity,STOP_ACTIVITY_ITEM,5]
12-18 15:00:14.570  3196  3665 I com.miui.home: CheckGCForNative adj_start_bytes: 42549032 NativeAllocationGcWatermark: 11556733 java_gc_start_bytes: 25213933 kNewNativeDiscountFactor: 2 kOldNativeDiscountFactor: 65536 old_native_bytes: 128152193 new_native_bytes: 25569504 add_bytes_allowed: 34670199 is_gc_concurrent: 1 target_footprint_: 25345005 GetBytesAllocated: 22575336 HeapGrowthMultiplier: 3
12-18 15:00:14.570  3196  3665 I com.miui.home: CheckGCForNative gc_urgency 0.831089 current_native_bytes is 153721697
12-18 15:00:14.620  3196  3665 I com.miui.home: CheckGCForNative adj_start_bytes: 42549032 NativeAllocationGcWatermark: 11556733 java_gc_start_bytes: 25213933 kNewNativeDiscountFactor: 2 kOldNativeDiscountFactor: 65536 old_native_bytes: 128152193 new_native_bytes: 36467076 add_bytes_allowed: 34670199 is_gc_concurrent: 1 target_footprint_: 25345005 GetBytesAllocated: 22829288 HeapGrowthMultiplier: 3
12-18 15:00:14.620  3196  3665 I com.miui.home: CheckGCForNative gc_urgency 0.965117 current_native_bytes is 164619269
12-18 15:00:14.703  3196  3665 I com.miui.home: CheckGCForNative adj_start_bytes: 42549032 NativeAllocationGcWatermark: 11556733 java_gc_start_bytes: 25213933 kNewNativeDiscountFactor: 2 kOldNativeDiscountFactor: 65536 old_native_bytes: 128152193 new_native_bytes: 25887812 add_bytes_allowed: 34670199 is_gc_concurrent: 1 target_footprint_: 25345005 GetBytesAllocated: 23173720 HeapGrowthMultiplier: 3
12-18 15:00:14.703  3196  3665 I com.miui.home: CheckGCForNative gc_urgency 0.848893 current_native_bytes is 154040005
12-18 15:00:15.668  3196  3196 I wm_on_top_resumed_lost_called: [138447006,com.miui.home.launcher.Launcher,topStateChangedWhenResumed]
12-18 15:00:15.676  3196  3196 I wm_on_paused_called: [0,138447006,com.miui.home.launcher.Launcher,performPause,2]
12-18 15:00:15.773  3196  3665 I com.miui.home: CheckGCForNative adj_start_bytes: 42549032 NativeAllocationGcWatermark: 11556733 java_gc_start_bytes: 25213933 kNewNativeDiscountFactor: 2 kOldNativeDiscountFactor: 65536 old_native_bytes: 128152193 new_native_bytes: 26525764 add_bytes_allowed: 34670199 is_gc_concurrent: 1 target_footprint_: 25345005 GetBytesAllocated: 24491920 HeapGrowthMultiplier: 3
12-18 15:00:15.773  3196  3665 I com.miui.home: CheckGCForNative gc_urgency 0.887371 current_native_bytes is 154677957
12-18 15:00:15.852  3196  3512 I com.miui.home: CheckGCForNative adj_start_bytes: 42549032 NativeAllocationGcWatermark: 11556733 java_gc_start_bytes: 25213933 kNewNativeDiscountFactor: 2 kOldNativeDiscountFactor: 65536 old_native_bytes: 128152193 new_native_bytes: 28170204 add_bytes_allowed: 34670199 is_gc_concurrent: 1 target_footprint_: 25345005 GetBytesAllocated: 24942576 HeapGrowthMultiplier: 3
12-18 15:00:15.852  3196  3512 I com.miui.home: CheckGCForNative gc_urgency 0.917286 current_native_bytes is 156322397
12-18 15:00:15.941  3196  3665 I com.miui.home: CheckGCForNative adj_start_bytes: 42549032 NativeAllocationGcWatermark: 11556733 java_gc_start_bytes: 25213933 kNewNativeDiscountFactor: 2 kOldNativeDiscountFactor: 65536 old_native_bytes: 128152193 new_native_bytes: 28177056 add_bytes_allowed: 34670199 is_gc_concurrent: 1 target_footprint_: 25345005 GetBytesAllocated: 25188560 HeapGrowthMultiplier: 3
12-18 15:00:15.941  3196  3665 I com.miui.home: CheckGCForNative gc_urgency 0.923148 current_native_bytes is 156329249
12-18 15:00:16.020  3196  3665 I com.miui.home: CheckGCForNative adj_start_bytes: 42549032 NativeAllocationGcWatermark: 11556733 java_gc_start_bytes: 25213933 kNewNativeDiscountFactor: 2 kOldNativeDiscountFactor: 65536 old_native_bytes: 128152193 new_native_bytes: 28424664 add_bytes_allowed: 34670199 is_gc_concurrent: 1 target_footprint_: 25345005 GetBytesAllocated: 25401552 HeapGrowthMultiplier: 3
12-18 15:00:16.020  3196  3665 I com.miui.home: CheckGCForNative gc_urgency 0.931063 current_native_bytes is 156576857
12-18 15:00:16.085  8223  8223 I wm_on_destroy_called: [0,248929171,fm.qingting.qtradio.WelcomeActivity,performDestroy,4]
12-18 15:00:16.197  3196  3512 I com.miui.home: CheckGCForNative gc_urgency 0 current_native_bytes is 154419553
12-18 15:00:17.684  8704  8704 I wm_on_application_create_called: [0,com.ss.android.ugc.aweme,678]
12-18 15:00:18.247  3196  3250 I com.miui.home: CheckGCForNative adj_start_bytes: 42319560 NativeAllocationGcWatermark: 11556733 java_gc_start_bytes: 24984461 kNewNativeDiscountFactor: 2 kOldNativeDiscountFactor: 65536 old_native_bytes: 154419553 new_native_bytes: 10502228 add_bytes_allowed: 34670199 is_gc_concurrent: 1 target_footprint_: 25345005 GetBytesAllocated: 14761088 HeapGrowthMultiplier: 3
12-18 15:00:18.247  3196  3250 I com.miui.home: CheckGCForNative gc_urgency 0.472939 current_native_bytes is 164921781
12-18 15:00:18.247  3196  3250 I com.miui.home: CheckGCForNative adj_start_bytes: 42319560 NativeAllocationGcWatermark: 11556733 java_gc_start_bytes: 24984461 kNewNativeDiscountFactor: 2 kOldNativeDiscountFactor: 65536 old_native_bytes: 154419553 new_native_bytes: 21208148 add_bytes_allowed: 34670199 is_gc_concurrent: 1 target_footprint_: 25345005 GetBytesAllocated: 14777664 HeapGrowthMultiplier: 3
12-18 15:00:18.247  3196  3250 I com.miui.home: CheckGCForNative gc_urgency 0.599819 current_native_bytes is 175627701
12-18 15:00:18.275  3196  3238 I com.miui.home: CheckGCForNative adj_start_bytes: 42319560 NativeAllocationGcWatermark: 11556733 java_gc_start_bytes: 24984461 kNewNativeDiscountFactor: 2 kOldNativeDiscountFactor: 65536 old_native_bytes: 154419553 new_native_bytes: 21255284 add_bytes_allowed: 34670199 is_gc_concurrent: 1 target_footprint_: 25345005 GetBytesAllocated: 14859616 HeapGrowthMultiplier: 3
12-18 15:00:18.275  3196  3238 I com.miui.home: CheckGCForNative gc_urgency 0.602313 current_native_bytes is 175674837
12-18 15:00:18.425  3196  3512 I com.miui.home: CheckGCForNative adj_start_bytes: 42319560 NativeAllocationGcWatermark: 11556733 java_gc_start_bytes: 24984461 kNewNativeDiscountFactor: 2 kOldNativeDiscountFactor: 65536 old_native_bytes: 154419553 new_native_bytes: 10567124 add_bytes_allowed: 34670199 is_gc_concurrent: 1 target_footprint_: 25345005 GetBytesAllocated: 15072864 HeapGrowthMultiplier: 3
12-18 15:00:18.425  3196  3512 I com.miui.home: CheckGCForNative gc_urgency 0.481073 current_native_bytes is 164986677
12-18 15:00:18.436  3196  3512 I com.miui.home: CheckGCForNative adj_start_bytes: 42319560 NativeAllocationGcWatermark: 11556733 java_gc_start_bytes: 24984461 kNewNativeDiscountFactor: 2 kOldNativeDiscountFactor: 65536 old_native_bytes: 154419553 new_native_bytes: 10569236 add_bytes_allowed: 34670199 is_gc_concurrent: 1 target_footprint_: 25345005 GetBytesAllocated: 15072864 HeapGrowthMultiplier: 3
12-18 15:00:18.436  3196  3512 I com.miui.home: CheckGCForNative gc_urgency 0.481098 current_native_bytes is 164988789
12-18 15:00:18.535  8704  8704 I wm_on_create_called: [0,205828896,com.ss.android.ugc.aweme.splash.SplashActivity,performCreate,775]
12-18 15:00:18.741  3196  3196 I wm_on_resume_called: [0,138447006,com.miui.home.launcher.Launcher,RESUME_ACTIVITY,5]
12-18 15:00:18.744  3196  3196 I wm_on_idle_called: com.miui.home.launcher.Launcher
12-18 15:00:18.904  3196  3665 I com.miui.home: CheckGCForNative adj_start_bytes: 42319560 NativeAllocationGcWatermark: 11556733 java_gc_start_bytes: 24984461 kNewNativeDiscountFactor: 2 kOldNativeDiscountFactor: 65536 old_native_bytes: 154419553 new_native_bytes: 10508684 add_bytes_allowed: 34670199 is_gc_concurrent: 1 target_footprint_: 25345005 GetBytesAllocated: 16605824 HeapGrowthMultiplier: 3
12-18 15:00:18.904  3196  3665 I com.miui.home: CheckGCForNative gc_urgency 0.516606 current_native_bytes is 164928237
12-18 15:00:18.939  8704  8704 I wm_on_start_called: [0,205828896,com.ss.android.ugc.aweme.splash.SplashActivity,handleStartActivity,393]
12-18 15:00:19.067  3196  3665 I com.miui.home: CheckGCForNative adj_start_bytes: 42319560 NativeAllocationGcWatermark: 11556733 java_gc_start_bytes: 24984461 kNewNativeDiscountFactor: 2 kOldNativeDiscountFactor: 65536 old_native_bytes: 154419553 new_native_bytes: 11060452 add_bytes_allowed: 34670199 is_gc_concurrent: 1 target_footprint_: 25345005 GetBytesAllocated: 16982656 HeapGrowthMultiplier: 3
12-18 15:00:19.067  3196  3665 I com.miui.home: CheckGCForNative gc_urgency 0.532029 current_native_bytes is 165480005
12-18 15:00:19.113  8704  8704 I wm_on_resume_called: [0,205828896,com.ss.android.ugc.aweme.splash.SplashActivity,RESUME_ACTIVITY,151]
12-18 15:00:19.140  3196  3196 I wm_on_paused_called: [0,138447006,com.miui.home.launcher.Launcher,performPause,2]
12-18 15:00:19.146  3196  3665 I com.miui.home: CheckGCForNative adj_start_bytes: 42319560 NativeAllocationGcWatermark: 11556733 java_gc_start_bytes: 24984461 kNewNativeDiscountFactor: 2 kOldNativeDiscountFactor: 65536 old_native_bytes: 154419553 new_native_bytes: 21862724 add_bytes_allowed: 34670199 is_gc_concurrent: 1 target_footprint_: 25345005 GetBytesAllocated: 17130112 HeapGrowthMultiplier: 3
12-18 15:00:19.146  3196  3665 I com.miui.home: CheckGCForNative gc_urgency 0.663141 current_native_bytes is 176282277
12-18 15:00:19.318  8704  8704 I wm_on_top_resumed_gained_called: [205828896,com.ss.android.ugc.aweme.splash.SplashActivity,topStateChangedWhenResumed]
12-18 15:00:19.350  3196  3665 I com.miui.home: CheckGCForNative adj_start_bytes: 42319560 NativeAllocationGcWatermark: 11556733 java_gc_start_bytes: 24984461 kNewNativeDiscountFactor: 2 kOldNativeDiscountFactor: 65536 old_native_bytes: 154419553 new_native_bytes: 11498984 add_bytes_allowed: 34670199 is_gc_concurrent: 1 target_footprint_: 25345005 GetBytesAllocated: 17745104 HeapGrowthMultiplier: 3
12-18 15:00:19.350  3196  3665 I com.miui.home: CheckGCForNative gc_urgency 0.555227 current_native_bytes is 165918537
12-18 15:00:19.516  3196  3512 I com.miui.home: CheckGCForNative adj_start_bytes: 42319560 NativeAllocationGcWatermark: 11556733 java_gc_start_bytes: 24984461 kNewNativeDiscountFactor: 2 kOldNativeDiscountFactor: 65536 old_native_bytes: 154419553 new_native_bytes: 12188264 add_bytes_allowed: 34670199 is_gc_concurrent: 1 target_footprint_: 25345005 GetBytesAllocated: 18155104 HeapGrowthMultiplier: 3
12-18 15:00:19.516  3196  3512 I com.miui.home: CheckGCForNative gc_urgency 0.573446 current_native_bytes is 166607817
12-18 15:00:19.570  3196  3665 I com.miui.home: CheckGCForNative adj_start_bytes: 42319560 NativeAllocationGcWatermark: 11556733 java_gc_start_bytes: 24984461 kNewNativeDiscountFactor: 2 kOldNativeDiscountFactor: 65536 old_native_bytes: 154419553 new_native_bytes: 12378396 add_bytes_allowed: 34670199 is_gc_concurrent: 1 target_footprint_: 25345005 GetBytesAllocated: 18433632 HeapGrowthMultiplier: 3
12-18 15:00:19.571  3196  3665 I com.miui.home: CheckGCForNative gc_urgency 0.581887 current_native_bytes is 166797949
12-18 15:00:19.605  3196  3512 I com.miui.home: CheckGCForNative adj_start_bytes: 42319560 NativeAllocationGcWatermark: 11556733 java_gc_start_bytes: 24984461 kNewNativeDiscountFactor: 2 kOldNativeDiscountFactor: 65536 old_native_bytes: 154419553 new_native_bytes: 12732572 add_bytes_allowed: 34670199 is_gc_concurrent: 1 target_footprint_: 25345005 GetBytesAllocated: 18548320 HeapGrowthMultiplier: 3
12-18 15:00:19.605  3196  3512 I com.miui.home: CheckGCForNative gc_urgency 0.588781 current_native_bytes is 167152125
12-18 15:00:19.839  3196  3512 I com.miui.home: CheckGCForNative adj_start_bytes: 42319560 NativeAllocationGcWatermark: 11556733 java_gc_start_bytes: 24984461 kNewNativeDiscountFactor: 2 kOldNativeDiscountFactor: 65536 old_native_bytes: 154419553 new_native_bytes: 12750716 add_bytes_allowed: 34670199 is_gc_concurrent: 1 target_footprint_: 25345005 GetBytesAllocated: 18679392 HeapGrowthMultiplier: 3
12-18 15:00:19.839  3196  3512 I com.miui.home: CheckGCForNative gc_urgency 0.592093 current_native_bytes is 167170269
12-18 15:00:20.158  9015  9015 I wm_on_create_called: [0,88986665,com.eg.android.AlipayGphone.AlipayLogin,performCreate,131]
12-18 15:00:20.166  9015  9015 I wm_on_start_called: [0,88986665,com.eg.android.AlipayGphone.AlipayLogin,handleStartActivity,8]
12-18 15:00:20.170  9015  9015 I wm_on_resume_called: [0,88986665,com.eg.android.AlipayGphone.AlipayLogin,RESUME_ACTIVITY,3]
12-18 15:00:20.187  9015  9015 I wm_on_top_resumed_gained_called: [88986665,com.eg.android.AlipayGphone.AlipayLogin,topStateChangedWhenResumed]
12-18 15:00:20.562  3196  3196 I wm_on_stop_called: [0,138447006,com.miui.home.launcher.Launcher,STOP_ACTIVITY_ITEM,8]
12-18 15:00:20.655  3196  3196 I wm_on_restart_called: [0,138447006,com.miui.home.launcher.Launcher,performRestartActivity,0]
12-18 15:00:20.657  3196  3196 I wm_on_start_called: [0,138447006,com.miui.home.launcher.Launcher,handleStartActivity,1]
12-18 15:00:20.699  3196  3250 I com.miui.home: CheckGCForNative adj_start_bytes: 42319560 NativeAllocationGcWatermark: 11556733 java_gc_start_bytes: 24984461 kNewNativeDiscountFactor: 2 kOldNativeDiscountFactor: 65536 old_native_bytes: 154419553 new_native_bytes: 23276560 add_bytes_allowed: 34670199 is_gc_concurrent: 1 target_footprint_: 25345005 GetBytesAllocated: 19384384 HeapGrowthMultiplier: 3
12-18 15:00:20.699  3196  3250 I com.miui.home: CheckGCForNative gc_urgency 0.733113 current_native_bytes is 177696113
12-18 15:00:20.699  3196  3250 I com.miui.home: CheckGCForNative adj_start_bytes: 42319560 NativeAllocationGcWatermark: 11556733 java_gc_start_bytes: 24984461 kNewNativeDiscountFactor: 2 kOldNativeDiscountFactor: 65536 old_native_bytes: 154419553 new_native_bytes: 33982480 add_bytes_allowed: 34670199 is_gc_concurrent: 1 target_footprint_: 25345005 GetBytesAllocated: 19384576 HeapGrowthMultiplier: 3
12-18 15:00:20.700  3196  3250 I com.miui.home: CheckGCForNative gc_urgency 0.859607 current_native_bytes is 188402033
12-18 15:00:20.765  3196  3238 I com.miui.home: CheckGCForNative adj_start_bytes: 42319560 NativeAllocationGcWatermark: 11556733 java_gc_start_bytes: 24984461 kNewNativeDiscountFactor: 2 kOldNativeDiscountFactor: 65536 old_native_bytes: 154419553 new_native_bytes: 33981068 add_bytes_allowed: 34670199 is_gc_concurrent: 1 target_footprint_: 25345005 GetBytesAllocated: 19482976 HeapGrowthMultiplier: 3
12-18 15:00:20.765  3196  3238 I com.miui.home: CheckGCForNative gc_urgency 0.861915 current_native_bytes is 188400621
12-18 15:00:20.987  3196  3512 I com.miui.home: CheckGCForNative adj_start_bytes: 42319560 NativeAllocationGcWatermark: 11556733 java_gc_start_bytes: 24984461 kNewNativeDiscountFactor: 2 kOldNativeDiscountFactor: 65536 old_native_bytes: 154419553 new_native_bytes: 23400172 add_bytes_allowed: 34670199 is_gc_concurrent: 1 target_footprint_: 25345005 GetBytesAllocated: 19696272 HeapGrowthMultiplier: 3
12-18 15:00:20.987  3196  3512 I com.miui.home: CheckGCForNative gc_urgency 0.741943 current_native_bytes is 177819725
12-18 15:00:21.076  3196  3512 I com.miui.home: CheckGCForNative adj_start_bytes: 42319560 NativeAllocationGcWatermark: 11556733 java_gc_start_bytes: 24984461 kNewNativeDiscountFactor: 2 kOldNativeDiscountFactor: 65536 old_native_bytes: 154419553 new_native_bytes: 23408236 add_bytes_allowed: 34670199 is_gc_concurrent: 1 target_footprint_: 25345005 GetBytesAllocated: 19745424 HeapGrowthMultiplier: 3
12-18 15:00:21.076  3196  3512 I com.miui.home: CheckGCForNative gc_urgency 0.7432 current_native_bytes is 177827789
12-18 15:00:21.182  9015  9015 I wm_on_idle_called: com.eg.android.AlipayGphone.AlipayLogin
12-18 15:00:21.194  9015  9015 I wm_on_top_resumed_lost_called: [88986665,com.eg.android.AlipayGphone.AlipayLogin,topStateChangedWhenResumed]
12-18 15:00:21.242  9015  9015 I wm_on_paused_called: [0,88986665,com.eg.android.AlipayGphone.AlipayLogin,performPause,6]
12-18 15:00:21.261  3196  3196 I wm_on_resume_called: [0,138447006,com.miui.home.launcher.Launcher,RESUME_ACTIVITY,5]
12-18 15:00:21.262  3196  3196 I wm_on_top_resumed_gained_called: [138447006,com.miui.home.launcher.Launcher,topWhenResuming]
12-18 15:00:21.264  3196  3196 I wm_on_idle_called: com.miui.home.launcher.Launcher
12-18 15:00:21.402  3196  3665 I com.miui.home: CheckGCForNative adj_start_bytes: 42319560 NativeAllocationGcWatermark: 11556733 java_gc_start_bytes: 24984461 kNewNativeDiscountFactor: 2 kOldNativeDiscountFactor: 65536 old_native_bytes: 154419553 new_native_bytes: 23748552 add_bytes_allowed: 34670199 is_gc_concurrent: 1 target_footprint_: 25345005 GetBytesAllocated: 20958944 HeapGrowthMultiplier: 3
12-18 15:00:21.402  3196  3665 I com.miui.home: CheckGCForNative gc_urgency 0.775896 current_native_bytes is 178168105
12-18 15:00:21.447  3196  3665 I com.miui.home: CheckGCForNative adj_start_bytes: 42319560 NativeAllocationGcWatermark: 11556733 java_gc_start_bytes: 24984461 kNewNativeDiscountFactor: 2 kOldNativeDiscountFactor: 65536 old_native_bytes: 154419553 new_native_bytes: 24480476 add_bytes_allowed: 34670199 is_gc_concurrent: 1 target_footprint_: 25345005 GetBytesAllocated: 21401600 HeapGrowthMultiplier: 3
12-18 15:00:21.447  3196  3665 I com.miui.home: CheckGCForNative gc_urgency 0.795003 current_native_bytes is 178900029
12-18 15:00:21.480  3196  3487 I com.miui.home: CheckGCForNative adj_start_bytes: 42319560 NativeAllocationGcWatermark: 11556733 java_gc_start_bytes: 24984461 kNewNativeDiscountFactor: 2 kOldNativeDiscountFactor: 65536 old_native_bytes: 154419553 new_native_bytes: 35328188 add_bytes_allowed: 34670199 is_gc_concurrent: 1 target_footprint_: 25345005 GetBytesAllocated: 21581824 HeapGrowthMultiplier: 3
12-18 15:00:21.480  3196  3487 I com.miui.home: CheckGCForNative gc_urgency 0.927426 current_native_bytes is 189747741
12-18 15:00:21.515  3196  3487 I com.miui.home: CheckGCForNative adj_start_bytes: 42319560 NativeAllocationGcWatermark: 11556733 java_gc_start_bytes: 24984461 kNewNativeDiscountFactor: 2 kOldNativeDiscountFactor: 65536 old_native_bytes: 154419553 new_native_bytes: 50026036 add_bytes_allowed: 34670199 is_gc_concurrent: 1 target_footprint_: 25345005 GetBytesAllocated: 21680320 HeapGrowthMultiplier: 3
12-18 15:00:21.515  3196  3487 I com.miui.home: CheckGCForNative gc_urgency 1.10341 current_native_bytes is 204445589
12-18 15:00:21.515  3196  3487 I com.miui.home: CheckGCForNative requested 1
12-18 15:00:21.516  3196  3487 I com.miui.home: CheckGCForNative adj_start_bytes: 42319560 NativeAllocationGcWatermark: 11556733 java_gc_start_bytes: 24984461 kNewNativeDiscountFactor: 2 kOldNativeDiscountFactor: 65536 old_native_bytes: 154419553 new_native_bytes: 38230004 add_bytes_allowed: 34670199 is_gc_concurrent: 1 target_footprint_: 25345005 GetBytesAllocated: 21680320 HeapGrowthMultiplier: 3
12-18 15:00:21.516  3196  3487 I com.miui.home: CheckGCForNative gc_urgency 0.964038 current_native_bytes is 192649557
12-18 15:00:21.537  3196  3487 I com.miui.home: CheckGCForNative adj_start_bytes: 42319560 NativeAllocationGcWatermark: 11556733 java_gc_start_bytes: 24984461 kNewNativeDiscountFactor: 2 kOldNativeDiscountFactor: 65536 old_native_bytes: 154419553 new_native_bytes: 39051508 add_bytes_allowed: 34670199 is_gc_concurrent: 1 target_footprint_: 25345005 GetBytesAllocated: 21729472 HeapGrowthMultiplier: 3
12-18 15:00:21.537  3196  3487 I com.miui.home: CheckGCForNative gc_urgency 0.974906 current_native_bytes is 193471061
12-18 15:00:21.595  3196  3196 I wm_on_top_resumed_lost_called: [138447006,com.miui.home.launcher.Launcher,topStateChangedWhenResumed]
12-18 15:00:21.599  3196  3196 I wm_on_paused_called: [0,138447006,com.miui.home.launcher.Launcher,performPause,2]
12-18 15:00:21.632  3196  3501 I com.miui.home: CheckGCForNative adj_start_bytes: 42319560 NativeAllocationGcWatermark: 11556733 java_gc_start_bytes: 24984461 kNewNativeDiscountFactor: 2 kOldNativeDiscountFactor: 65536 old_native_bytes: 154419553 new_native_bytes: 39207184 add_bytes_allowed: 34670199 is_gc_concurrent: 1 target_footprint_: 25345005 GetBytesAllocated: 22040928 HeapGrowthMultiplier: 3
12-18 15:00:21.632  3196  3501 I com.miui.home: CheckGCForNative gc_urgency 0.984105 current_native_bytes is 193626737
12-18 15:00:21.718  3196  3231 I com.miui.home: NativeAlloc concurrent copying GC freed 163297(7816KB) AllocSpace objects, 11(404KB) LOS objects, 49% free, 13MB/26MB, paused 158us,194us total 202.408ms
12-18 15:00:21.845  3196  3487 I com.miui.home: CheckGCForNative gc_urgency 0 current_native_bytes is 146823369
12-18 15:00:21.845  3196  3487 I com.miui.home: CheckGCForNative adj_start_bytes: 44841639 NativeAllocationGcWatermark: 11839451 java_gc_start_bytes: 27082463 kNewNativeDiscountFactor: 2 kOldNativeDiscountFactor: 65536 old_native_bytes: 146823369 new_native_bytes: 1450632 add_bytes_allowed: 35518353 is_gc_concurrent: 1 target_footprint_: 27606751 GetBytesAllocated: 14304704 HeapGrowthMultiplier: 3
12-18 15:00:21.845  3196  3487 I com.miui.home: CheckGCForNative gc_urgency 0.33523 current_native_bytes is 148274001
12-18 15:00:21.859  3196  3487 I com.miui.home: CheckGCForNative adj_start_bytes: 44841639 NativeAllocationGcWatermark: 11839451 java_gc_start_bytes: 27082463 kNewNativeDiscountFactor: 2 kOldNativeDiscountFactor: 65536 old_native_bytes: 146823369 new_native_bytes: 12481784 add_bytes_allowed: 35518353 is_gc_concurrent: 1 target_footprint_: 27606751 GetBytesAllocated: 14321152 HeapGrowthMultiplier: 3
12-18 15:00:21.859  3196  3487 I com.miui.home: CheckGCForNative gc_urgency 0.458598 current_native_bytes is 159305153
12-18 15:00:21.876  3196  3665 I com.miui.home: CheckGCForNative adj_start_bytes: 44841639 NativeAllocationGcWatermark: 11839451 java_gc_start_bytes: 27082463 kNewNativeDiscountFactor: 2 kOldNativeDiscountFactor: 65536 old_native_bytes: 146823369 new_native_bytes: 12598144 add_bytes_allowed: 35518353 is_gc_concurrent: 1 target_footprint_: 27606751 GetBytesAllocated: 14337728 HeapGrowthMultiplier: 3
12-18 15:00:21.877  3196  3665 I com.miui.home: CheckGCForNative gc_urgency 0.460265 current_native_bytes is 159421513
12-18 15:00:21.959  3196  3665 I com.miui.home: CheckGCForNative adj_start_bytes: 44841639 NativeAllocationGcWatermark: 11839451 java_gc_start_bytes: 27082463 kNewNativeDiscountFactor: 2 kOldNativeDiscountFactor: 65536 old_native_bytes: 146823369 new_native_bytes: 13195888 add_bytes_allowed: 35518353 is_gc_concurrent: 1 target_footprint_: 27606751 GetBytesAllocated: 14419872 HeapGrowthMultiplier: 3
12-18 15:00:21.959  3196  3665 I com.miui.home: CheckGCForNative gc_urgency 0.468762 current_native_bytes is 160019257
12-18 15:00:21.966  3196  3665 I com.miui.home: CheckGCForNative adj_start_bytes: 44841639 NativeAllocationGcWatermark: 11839451 java_gc_start_bytes: 27082463 kNewNativeDiscountFactor: 2 kOldNativeDiscountFactor: 65536 old_native_bytes: 146823369 new_native_bytes: 13579536 add_bytes_allowed: 35518353 is_gc_concurrent: 1 target_footprint_: 27606751 GetBytesAllocated: 14419872 HeapGrowthMultiplier: 3
12-18 15:00:21.966  3196  3665 I com.miui.home: CheckGCForNative gc_urgency 0.47304 current_native_bytes is 160402905
12-18 15:00:22.048  3196  3665 I com.miui.home: CheckGCForNative adj_start_bytes: 44841639 NativeAllocationGcWatermark: 11839451 java_gc_start_bytes: 27082463 kNewNativeDiscountFactor: 2 kOldNativeDiscountFactor: 65536 old_native_bytes: 146823369 new_native_bytes: 14729360 add_bytes_allowed: 35518353 is_gc_concurrent: 1 target_footprint_: 27606751 GetBytesAllocated: 14452832 HeapGrowthMultiplier: 3
12-18 15:00:22.048  3196  3665 I com.miui.home: CheckGCForNative gc_urgency 0.486596 current_native_bytes is 161552729
12-18 15:00:22.103  3196  3665 I com.miui.home: CheckGCForNative adj_start_bytes: 44841639 NativeAllocationGcWatermark: 11839451 java_gc_start_bytes: 27082463 kNewNativeDiscountFactor: 2 kOldNativeDiscountFactor: 65536 old_native_bytes: 146823369 new_native_bytes: 15305584 add_bytes_allowed: 35518353 is_gc_concurrent: 1 target_footprint_: 27606751 GetBytesAllocated: 14502080 HeapGrowthMultiplier: 3
12-18 15:00:22.103  3196  3665 I com.miui.home: CheckGCForNative gc_urgency 0.494119 current_native_bytes is 162128953
12-18 15:00:22.146  3196  3665 I com.miui.home: CheckGCForNative adj_start_bytes: 44841639 NativeAllocationGcWatermark: 11839451 java_gc_start_bytes: 27082463 kNewNativeDiscountFactor: 2 kOldNativeDiscountFactor: 65536 old_native_bytes: 146823369 new_native_bytes: 16097072 add_bytes_allowed: 35518353 is_gc_concurrent: 1 target_footprint_: 27606751 GetBytesAllocated: 14551408 HeapGrowthMultiplier: 3
12-18 15:00:22.146  3196  3665 I com.miui.home: CheckGCForNative gc_urgency 0.504045 current_native_bytes is 162920441
12-18 15:00:22.146  3196  3665 I com.miui.home: CheckGCForNative adj_start_bytes: 44841639 NativeAllocationGcWatermark: 11839451 java_gc_start_bytes: 27082463 kNewNativeDiscountFactor: 2 kOldNativeDiscountFactor: 65536 old_native_bytes: 146823369 new_native_bytes: 16098992 add_bytes_allowed: 35518353 is_gc_concurrent: 1 target_footprint_: 27606751 GetBytesAllocated: 14551408 HeapGrowthMultiplier: 3
12-18 15:00:22.146  3196  3665 I com.miui.home: CheckGCForNative gc_urgency 0.504066 current_native_bytes is 162922361
12-18 15:00:22.147  3196  3665 I com.miui.home: CheckGCForNative adj_start_bytes: 44841639 NativeAllocationGcWatermark: 11839451 java_gc_start_bytes: 27082463 kNewNativeDiscountFactor: 2 kOldNativeDiscountFactor: 65536 old_native_bytes: 146823369 new_native_bytes: 16558512 add_bytes_allowed: 35518353 is_gc_concurrent: 1 target_footprint_: 27606751 GetBytesAllocated: 14551408 HeapGrowthMultiplier: 3
12-18 15:00:22.147  3196  3665 I com.miui.home: CheckGCForNative gc_urgency 0.50919 current_native_bytes is 163381881
12-18 15:00:22.256  9015  9015 I wm_on_stop_called: [0,88986665,com.eg.android.AlipayGphone.AlipayLogin,STOP_ACTIVITY_ITEM,109]
12-18 15:00:22.275  9264  9264 I wm_on_application_create_called: [0,com.eg.android.AlipayGphone,532]
12-18 15:00:22.454  9401  9401 I wm_on_application_create_called: [0,com.xunmeng.pinduoduo,271]
12-18 15:00:22.526  9439  9439 I wm_on_create_called: [0,101475778,com.android.packageinstaller.permission.ui.GrantPermissionsActivity,performCreate,317]
12-18 15:00:22.528  9439  9439 I wm_on_start_called: [0,101475778,com.android.packageinstaller.permission.ui.GrantPermissionsActivity,handleStartActivity,2]
12-18 15:00:22.531  9439  9439 I wm_on_resume_called: [0,101475778,com.android.packageinstaller.permission.ui.GrantPermissionsActivity,RESUME_ACTIVITY,1]
12-18 15:00:22.577  9439  9439 I wm_on_top_resumed_gained_called: [101475778,com.android.packageinstaller.permission.ui.GrantPermissionsActivity,topStateChangedWhenResumed]
12-18 15:00:22.706  3196  3665 I com.miui.home: CheckGCForNative adj_start_bytes: 44841639 NativeAllocationGcWatermark: 11839451 java_gc_start_bytes: 27082463 kNewNativeDiscountFactor: 2 kOldNativeDiscountFactor: 65536 old_native_bytes: 146823369 new_native_bytes: 17541444 add_bytes_allowed: 35518353 is_gc_concurrent: 1 target_footprint_: 27606751 GetBytesAllocated: 15092528 HeapGrowthMultiplier: 3
12-18 15:00:22.707  3196  3665 I com.miui.home: CheckGCForNative gc_urgency 0.532217 current_native_bytes is 164364813
12-18 15:00:22.813  9401  9401 I wm_on_create_called: [0,7001106,com.xunmeng.pinduoduo.ui.activity.MainFrameActivity,performCreate,315]
12-18 15:00:22.832  9439  9439 I wm_on_idle_called: com.android.packageinstaller.permission.ui.GrantPermissionsActivity
12-18 15:00:22.899  3196  3196 I wm_on_stop_called: [0,138447006,com.miui.home.launcher.Launcher,STOP_ACTIVITY_ITEM,8]
12-18 15:00:22.978  9439  9439 I wm_on_top_resumed_lost_called: [101475778,com.android.packageinstaller.permission.ui.GrantPermissionsActivity,topStateChangedWhenResumed]
12-18 15:00:22.989  9439  9439 I wm_on_paused_called: [0,101475778,com.android.packageinstaller.permission.ui.GrantPermissionsActivity,performPause,0]
12-18 15:00:23.036  9439  9439 I wm_on_create_called: [0,249836355,com.android.packageinstaller.permission.ui.GrantPermissionsActivity,performCreate,21]
12-18 15:00:23.048  9401  9401 I wm_on_create_called: [0,122230215,com.xunmeng.pinduoduo.ui.activity.HomeActivity,performCreate,139]
12-18 15:00:23.114  9439  9439 I wm_on_resume_called: [0,101475778,com.android.packageinstaller.permission.ui.GrantPermissionsActivity,RESUME_ACTIVITY,0]
12-18 15:00:23.114  9439  9439 I wm_on_top_resumed_gained_called: [101475778,com.android.packageinstaller.permission.ui.GrantPermissionsActivity,topWhenResuming]
12-18 15:00:23.125  9439  9439 I wm_on_idle_called: com.android.packageinstaller.permission.ui.GrantPermissionsActivity
12-18 15:00:23.139  9439  9439 I wm_on_destroy_called: [0,249836355,com.android.packageinstaller.permission.ui.GrantPermissionsActivity,performDestroy,0]
12-18 15:00:23.182  9401  9401 I wm_on_start_called: [0,122230215,com.xunmeng.pinduoduo.ui.activity.HomeActivity,handleStartActivity,132]
12-18 15:00:23.194  9401  9401 I wm_on_resume_called: [0,122230215,com.xunmeng.pinduoduo.ui.activity.HomeActivity,LIFECYCLER_RESUME_ACTIVITY,10]
12-18 15:00:23.223  9401  9401 I wm_on_paused_called: [0,122230215,com.xunmeng.pinduoduo.ui.activity.HomeActivity,performPause,2]
12-18 15:00:23.236  9401  9401 I wm_on_destroy_called: [0,7001106,com.xunmeng.pinduoduo.ui.activity.MainFrameActivity,performDestroy,6]
12-18 15:00:23.332  3196  3665 I com.miui.home: CheckGCForNative adj_start_bytes: 44841639 NativeAllocationGcWatermark: 11839451 java_gc_start_bytes: 27082463 kNewNativeDiscountFactor: 2 kOldNativeDiscountFactor: 65536 old_native_bytes: 146823369 new_native_bytes: 18062616 add_bytes_allowed: 35518353 is_gc_concurrent: 1 target_footprint_: 27606751 GetBytesAllocated: 15756736 HeapGrowthMultiplier: 3
12-18 15:00:23.332  3196  3665 I com.miui.home: CheckGCForNative gc_urgency 0.552841 current_native_bytes is 164885985
12-18 15:00:23.463  3196  3665 I com.miui.home: CheckGCForNative adj_start_bytes: 44841639 NativeAllocationGcWatermark: 11839451 java_gc_start_bytes: 27082463 kNewNativeDiscountFactor: 2 kOldNativeDiscountFactor: 65536 old_native_bytes: 146823369 new_native_bytes: 18332384 add_bytes_allowed: 35518353 is_gc_concurrent: 1 target_footprint_: 27606751 GetBytesAllocated: 16609248 HeapGrowthMultiplier: 3
12-18 15:00:23.463  3196  3665 I com.miui.home: CheckGCForNative gc_urgency 0.57486 current_native_bytes is 165155753
12-18 15:00:23.464  3196  3196 I wm_on_restart_called: [0,138447006,com.miui.home.launcher.Launcher,performRestartActivity,0]
12-18 15:00:23.465  3196  3196 I wm_on_start_called: [0,138447006,com.miui.home.launcher.Launcher,handleStartActivity,1]
12-18 15:00:23.615  3196  3238 I com.miui.home: CheckGCForNative adj_start_bytes: 44841639 NativeAllocationGcWatermark: 11839451 java_gc_start_bytes: 27082463 kNewNativeDiscountFactor: 2 kOldNativeDiscountFactor: 65536 old_native_bytes: 146823369 new_native_bytes: 29353148 add_bytes_allowed: 35518353 is_gc_concurrent: 1 target_footprint_: 27606751 GetBytesAllocated: 17019008 HeapGrowthMultiplier: 3
12-18 15:00:23.615  3196  3238 I com.miui.home: CheckGCForNative gc_urgency 0.706884 current_native_bytes is 176176517
12-18 15:00:23.615  3196  3250 I com.miui.home: CheckGCForNative adj_start_bytes: 44841639 NativeAllocationGcWatermark: 11839451 java_gc_start_bytes: 27082463 kNewNativeDiscountFactor: 2 kOldNativeDiscountFactor: 65536 old_native_bytes: 146823369 new_native_bytes: 40059804 add_bytes_allowed: 35518353 is_gc_concurrent: 1 target_footprint_: 27606751 GetBytesAllocated: 17019200 HeapGrowthMultiplier: 3
12-18 15:00:23.615  3196  3250 I com.miui.home: CheckGCForNative gc_urgency 0.826271 current_native_bytes is 186883173
12-18 15:00:23.616  3196  3238 I com.miui.home: CheckGCForNative adj_start_bytes: 44841639 NativeAllocationGcWatermark: 11839451 java_gc_start_bytes: 27082463 kNewNativeDiscountFactor: 2 kOldNativeDiscountFactor: 65536 old_native_bytes: 146823369 new_native_bytes: 50765724 add_bytes_allowed: 35518353 is_gc_concurrent: 1 target_footprint_: 27606751 GetBytesAllocated: 17052160 HeapGrowthMultiplier: 3
12-18 15:00:23.616  3196  3196 I com.miui.home: CheckGCForNative adj_start_bytes: 44841639 NativeAllocationGcWatermark: 11839451 java_gc_start_bytes: 27082463 kNewNativeDiscountFactor: 2 kOldNativeDiscountFactor: 65536 old_native_bytes: 146823369 new_native_bytes: 61472732 add_bytes_allowed: 35518353 is_gc_concurrent: 1 target_footprint_: 27606751 GetBytesAllocated: 17052160 HeapGrowthMultiplier: 3
