12-15 15:19:41.494  3123  4100 I com.miui.home: CheckGCForNative adj_start_bytes: 43452294 NativeAllocationGcWatermark: 11651813 java_gc_start_bytes: 25974575 kNewNativeDiscountFactor: 2 kOldNativeDiscountFactor: 65536 old_native_bytes: 150581489 new_native_bytes: 23937108 add_bytes_allowed: 34955439 is_gc_concurrent: 1 target_footprint_: 26105647 GetBytesAllocated: 19742808 HeapGrowthMultiplier: 3
12-15 15:19:41.494  3123  4100 I com.miui.home: CheckGCForNative gc_urgency 0.72985 current_native_bytes is 174518597
12-15 15:19:41.496  3123  3432 I com.miui.home: CheckGCForNative adj_start_bytes: 43452294 NativeAllocationGcWatermark: 11651813 java_gc_start_bytes: 25974575 kNewNativeDiscountFactor: 2 kOldNativeDiscountFactor: 65536 old_native_bytes: 150581489 new_native_bytes: 13232852 add_bytes_allowed: 34955439 is_gc_concurrent: 1 target_footprint_: 26105647 GetBytesAllocated: 19759384 HeapGrowthMultiplier: 3
12-15 15:19:41.496  3123  3432 I com.miui.home: CheckGCForNative gc_urgency 0.607059 current_native_bytes is 163814341
12-15 15:19:41.590  3123  3432 I com.miui.home: CheckGCForNative adj_start_bytes: 43452294 NativeAllocationGcWatermark: 11651813 java_gc_start_bytes: 25974575 kNewNativeDiscountFactor: 2 kOldNativeDiscountFactor: 65536 old_native_bytes: 150581489 new_native_bytes: 13318772 add_bytes_allowed: 34955439 is_gc_concurrent: 1 target_footprint_: 26105647 GetBytesAllocated: 19857688 HeapGrowthMultiplier: 3
12-15 15:19:41.590  3123  3432 I com.miui.home: CheckGCForNative gc_urgency 0.61031 current_native_bytes is 163900261
12-15 15:19:41.811  8909  8909 I wm_on_idle_called: com.yxcorp.gifshow.HomeActivity
12-15 15:19:41.947  3123  3432 I com.miui.home: CheckGCForNative adj_start_bytes: 43452294 NativeAllocationGcWatermark: 11651813 java_gc_start_bytes: 25974575 kNewNativeDiscountFactor: 2 kOldNativeDiscountFactor: 65536 old_native_bytes: 150581489 new_native_bytes: 13309236 add_bytes_allowed: 34955439 is_gc_concurrent: 1 target_footprint_: 26105647 GetBytesAllocated: 20119832 HeapGrowthMultiplier: 3
12-15 15:19:41.947  3123  3432 I com.miui.home: CheckGCForNative gc_urgency 0.616233 current_native_bytes is 163890725
12-15 15:19:41.956  8909  8909 I wm_on_top_resumed_lost_called: [241427980,com.yxcorp.gifshow.HomeActivity,topStateChangedWhenResumed]
12-15 15:19:42.067  8909  8909 I wm_on_paused_called: [0,241427980,com.yxcorp.gifshow.HomeActivity,performPause,2]
12-15 15:19:42.081  3123  3123 I wm_on_resume_called: [0,11486452,com.miui.home.launcher.Launcher,RESUME_ACTIVITY,5]
12-15 15:19:42.082  3123  3123 I wm_on_top_resumed_gained_called: [11486452,com.miui.home.launcher.Launcher,topWhenResuming]
12-15 15:19:42.085  3123  3123 I wm_on_idle_called: com.miui.home.launcher.Launcher
12-15 15:19:42.124  8909  8909 I wm_on_stop_called: [0,241427980,com.yxcorp.gifshow.HomeActivity,STOP_ACTIVITY_ITEM,12]
12-15 15:19:42.270  3123  3680 I com.miui.home: CheckGCForNative adj_start_bytes: 43452294 NativeAllocationGcWatermark: 11651813 java_gc_start_bytes: 25974575 kNewNativeDiscountFactor: 2 kOldNativeDiscountFactor: 65536 old_native_bytes: 150581489 new_native_bytes: 13634268 add_bytes_allowed: 34955439 is_gc_concurrent: 1 target_footprint_: 26105647 GetBytesAllocated: 21587304 HeapGrowthMultiplier: 3
12-15 15:19:42.270  3123  3680 I com.miui.home: CheckGCForNative gc_urgency 0.653745 current_native_bytes is 164215757
12-15 15:19:42.273  3123  3123 I wm_on_top_resumed_lost_called: [11486452,com.miui.home.launcher.Launcher,topStateChangedWhenResumed]
12-15 15:19:42.281  3123  3123 I wm_on_paused_called: [0,11486452,com.miui.home.launcher.Launcher,performPause,1]
12-15 15:19:42.478  3123  3680 I com.miui.home: CheckGCForNative adj_start_bytes: 43452294 NativeAllocationGcWatermark: 11651813 java_gc_start_bytes: 25974575 kNewNativeDiscountFactor: 2 kOldNativeDiscountFactor: 65536 old_native_bytes: 150581489 new_native_bytes: 14091192 add_bytes_allowed: 34955439 is_gc_concurrent: 1 target_footprint_: 26105647 GetBytesAllocated: 22365960 HeapGrowthMultiplier: 3
12-15 15:19:42.479  3123  3680 I com.miui.home: CheckGCForNative gc_urgency 0.676923 current_native_bytes is 164672681
12-15 15:19:42.554  3123  3680 I com.miui.home: CheckGCForNative adj_start_bytes: 43452294 NativeAllocationGcWatermark: 11651813 java_gc_start_bytes: 25974575 kNewNativeDiscountFactor: 2 kOldNativeDiscountFactor: 65536 old_native_bytes: 150581489 new_native_bytes: 25035848 add_bytes_allowed: 34955439 is_gc_concurrent: 1 target_footprint_: 26105647 GetBytesAllocated: 22579016 HeapGrowthMultiplier: 3
12-15 15:19:42.554  3123  3680 I com.miui.home: CheckGCForNative gc_urgency 0.807765 current_native_bytes is 175617337
12-15 15:19:42.559  3123  3432 I com.miui.home: CheckGCForNative adj_start_bytes: 43452294 NativeAllocationGcWatermark: 11651813 java_gc_start_bytes: 25974575 kNewNativeDiscountFactor: 2 kOldNativeDiscountFactor: 65536 old_native_bytes: 150581489 new_native_bytes: 14330632 add_bytes_allowed: 34955439 is_gc_concurrent: 1 target_footprint_: 26105647 GetBytesAllocated: 22595592 HeapGrowthMultiplier: 3
12-15 15:19:42.559  3123  3432 I com.miui.home: CheckGCForNative gc_urgency 0.684963 current_native_bytes is 164912121
12-15 15:19:42.594  3123  3680 I com.miui.home: CheckGCForNative adj_start_bytes: 43452294 NativeAllocationGcWatermark: 11651813 java_gc_start_bytes: 25974575 kNewNativeDiscountFactor: 2 kOldNativeDiscountFactor: 65536 old_native_bytes: 150581489 new_native_bytes: 14380936 add_bytes_allowed: 34955439 is_gc_concurrent: 1 target_footprint_: 26105647 GetBytesAllocated: 22808904 HeapGrowthMultiplier: 3
12-15 15:19:42.594  3123  3680 I com.miui.home: CheckGCForNative gc_urgency 0.690451 current_native_bytes is 164962425
12-15 15:19:42.693  3123  3432 I com.miui.home: CheckGCForNative adj_start_bytes: 43452294 NativeAllocationGcWatermark: 11651813 java_gc_start_bytes: 25974575 kNewNativeDiscountFactor: 2 kOldNativeDiscountFactor: 65536 old_native_bytes: 150581489 new_native_bytes: 14817724 add_bytes_allowed: 34955439 is_gc_concurrent: 1 target_footprint_: 26105647 GetBytesAllocated: 23087432 HeapGrowthMultiplier: 3
12-15 15:19:42.693  3123  3432 I com.miui.home: CheckGCForNative gc_urgency 0.701887 current_native_bytes is 165399213
12-15 15:19:43.239  9162  9162 I wm_on_create_called: [0,126012335,com.tencent.qqlive.ona.activity.SplashHomeActivity,performCreate,54]
12-15 15:19:43.246  9162  9162 I wm_on_start_called: [0,126012335,com.tencent.qqlive.ona.activity.SplashHomeActivity,handleStartActivity,7]
12-15 15:19:43.261  9162  9162 I wm_on_resume_called: [0,126012335,com.tencent.qqlive.ona.activity.SplashHomeActivity,RESUME_ACTIVITY,13]
12-15 15:19:43.302  9162  9162 I wm_on_top_resumed_gained_called: [126012335,com.tencent.qqlive.ona.activity.SplashHomeActivity,topStateChangedWhenResumed]
12-15 15:19:43.458  3123  3123 I wm_on_stop_called: [0,11486452,com.miui.home.launcher.Launcher,STOP_ACTIVITY_ITEM,3]
12-15 15:19:45.164  3123  3123 I wm_on_restart_called: [0,11486452,com.miui.home.launcher.Launcher,performRestartActivity,0]
12-15 15:19:45.165  3123  3123 I wm_on_start_called: [0,11486452,com.miui.home.launcher.Launcher,handleStartActivity,2]
12-15 15:19:45.253  3123  3491 I com.miui.home: CheckGCForNative gc_urgency 0 current_native_bytes is 148480381
12-15 15:19:45.254  3123  3491 I com.miui.home: CheckGCForNative adj_start_bytes: 44215735 NativeAllocationGcWatermark: 11739943 java_gc_start_bytes: 26605821 kNewNativeDiscountFactor: 2 kOldNativeDiscountFactor: 65536 old_native_bytes: 148480381 new_native_bytes: 10705792 add_bytes_allowed: 35219829 is_gc_concurrent: 1 target_footprint_: 26810685 GetBytesAllocated: 14307744 HeapGrowthMultiplier: 3
12-15 15:19:45.254  3123  3491 I com.miui.home: CheckGCForNative gc_urgency 0.444704 current_native_bytes is 159186173
12-15 15:19:45.270  3123  7801 I com.miui.home: CheckGCForNative adj_start_bytes: 44215735 NativeAllocationGcWatermark: 11739943 java_gc_start_bytes: 26605821 kNewNativeDiscountFactor: 2 kOldNativeDiscountFactor: 65536 old_native_bytes: 148480381 new_native_bytes: 5184 add_bytes_allowed: 35219829 is_gc_concurrent: 1 target_footprint_: 26810685 GetBytesAllocated: 14356896 HeapGrowthMultiplier: 3
12-15 15:19:45.271  3123  7801 I com.miui.home: CheckGCForNative gc_urgency 0.324811 current_native_bytes is 148485565
12-15 15:19:45.299  3123  4100 I com.miui.home: CheckGCForNative adj_start_bytes: 44215735 NativeAllocationGcWatermark: 11739943 java_gc_start_bytes: 26605821 kNewNativeDiscountFactor: 2 kOldNativeDiscountFactor: 65536 old_native_bytes: 148480381 new_native_bytes: 10723488 add_bytes_allowed: 35219829 is_gc_concurrent: 1 target_footprint_: 26810685 GetBytesAllocated: 14356896 HeapGrowthMultiplier: 3
12-15 15:19:45.299  3123  4100 I com.miui.home: CheckGCForNative gc_urgency 0.446016 current_native_bytes is 159203869
12-15 15:19:45.431  3123  3432 I com.miui.home: CheckGCForNative gc_urgency 0 current_native_bytes is 148442745
12-15 15:19:45.639  3123  3432 I com.miui.home: CheckGCForNative adj_start_bytes: 44215735 NativeAllocationGcWatermark: 11739943 java_gc_start_bytes: 26605821 kNewNativeDiscountFactor: 2 kOldNativeDiscountFactor: 65536 old_native_bytes: 148442745 new_native_bytes: 16176 add_bytes_allowed: 35219829 is_gc_concurrent: 1 target_footprint_: 26810685 GetBytesAllocated: 14586496 HeapGrowthMultiplier: 3
12-15 15:19:45.639  3123  3432 I com.miui.home: CheckGCForNative gc_urgency 0.330128 current_native_bytes is 148458921
12-15 15:19:46.093  3123  3680 I com.miui.home: CheckGCForNative adj_start_bytes: 44215735 NativeAllocationGcWatermark: 11739943 java_gc_start_bytes: 26605821 kNewNativeDiscountFactor: 2 kOldNativeDiscountFactor: 65536 old_native_bytes: 148442745 new_native_bytes: 88960 add_bytes_allowed: 35219829 is_gc_concurrent: 1 target_footprint_: 26810685 GetBytesAllocated: 15307840 HeapGrowthMultiplier: 3
12-15 15:19:46.093  3123  3680 I com.miui.home: CheckGCForNative gc_urgency 0.347265 current_native_bytes is 148531705
12-15 15:19:46.525  3123  3680 I com.miui.home: CheckGCForNative adj_start_bytes: 44215735 NativeAllocationGcWatermark: 11739943 java_gc_start_bytes: 26605821 kNewNativeDiscountFactor: 2 kOldNativeDiscountFactor: 65536 old_native_bytes: 148442745 new_native_bytes: 755992 add_bytes_allowed: 35219829 is_gc_concurrent: 1 target_footprint_: 26810685 GetBytesAllocated: 16045696 HeapGrowthMultiplier: 3
12-15 15:19:46.525  3123  3680 I com.miui.home: CheckGCForNative gc_urgency 0.371496 current_native_bytes is 149198737
12-15 15:19:46.664  3123  3680 I com.miui.home: CheckGCForNative adj_start_bytes: 44215735 NativeAllocationGcWatermark: 11739943 java_gc_start_bytes: 26605821 kNewNativeDiscountFactor: 2 kOldNativeDiscountFactor: 65536 old_native_bytes: 148442745 new_native_bytes: 841172 add_bytes_allowed: 35219829 is_gc_concurrent: 1 target_footprint_: 26810685 GetBytesAllocated: 16291456 HeapGrowthMultiplier: 3
12-15 15:19:46.664  3123  3680 I com.miui.home: CheckGCForNative gc_urgency 0.378017 current_native_bytes is 149283917
12-15 15:19:46.666  5542  5542 I wm_on_create_called: [0,45209551,com.tencent.mobileqq.activity.SplashActivity,performCreate,212]
12-15 15:19:46.677  5542  5542 I wm_on_start_called: [0,45209551,com.tencent.mobileqq.activity.SplashActivity,handleStartActivity,11]
12-15 15:19:46.686  3123  3432 I com.miui.home: CheckGCForNative adj_start_bytes: 44215735 NativeAllocationGcWatermark: 11739943 java_gc_start_bytes: 26605821 kNewNativeDiscountFactor: 2 kOldNativeDiscountFactor: 65536 old_native_bytes: 148442745 new_native_bytes: 775444 add_bytes_allowed: 35219829 is_gc_concurrent: 1 target_footprint_: 26810685 GetBytesAllocated: 16340608 HeapGrowthMultiplier: 3
12-15 15:19:46.686  3123  3432 I com.miui.home: CheckGCForNative gc_urgency 0.378386 current_native_bytes is 149218189
12-15 15:19:46.703  3123  3680 I com.miui.home: CheckGCForNative adj_start_bytes: 44215735 NativeAllocationGcWatermark: 11739943 java_gc_start_bytes: 26605821 kNewNativeDiscountFactor: 2 kOldNativeDiscountFactor: 65536 old_native_bytes: 148442745 new_native_bytes: 11495956 add_bytes_allowed: 35219829 is_gc_concurrent: 1 target_footprint_: 26810685 GetBytesAllocated: 16373376 HeapGrowthMultiplier: 3
12-15 15:19:46.703  3123  3680 I com.miui.home: CheckGCForNative gc_urgency 0.500356 current_native_bytes is 159938701
12-15 15:19:46.731  5542  5542 I wm_on_resume_called: [0,45209551,com.tencent.mobileqq.activity.SplashActivity,RESUME_ACTIVITY,53]
12-15 15:19:46.767  3123  3680 I com.miui.home: CheckGCForNative adj_start_bytes: 44215735 NativeAllocationGcWatermark: 11739943 java_gc_start_bytes: 26605821 kNewNativeDiscountFactor: 2 kOldNativeDiscountFactor: 65536 old_native_bytes: 148442745 new_native_bytes: 962664 add_bytes_allowed: 35219829 is_gc_concurrent: 1 target_footprint_: 26810685 GetBytesAllocated: 16685232 HeapGrowthMultiplier: 3
12-15 15:19:46.767  3123  3680 I com.miui.home: CheckGCForNative gc_urgency 0.388297 current_native_bytes is 149405409
12-15 15:19:46.821  5542  5542 I wm_on_top_resumed_gained_called: [45209551,com.tencent.mobileqq.activity.SplashActivity,topStateChangedWhenResumed]
12-15 15:19:46.953  3123  3432 I com.miui.home: CheckGCForNative adj_start_bytes: 44215735 NativeAllocationGcWatermark: 11739943 java_gc_start_bytes: 26605821 kNewNativeDiscountFactor: 2 kOldNativeDiscountFactor: 65536 old_native_bytes: 148442745 new_native_bytes: 1203560 add_bytes_allowed: 35219829 is_gc_concurrent: 1 target_footprint_: 26810685 GetBytesAllocated: 16980432 HeapGrowthMultiplier: 3
12-15 15:19:46.953  3123  3432 I com.miui.home: CheckGCForNative gc_urgency 0.397697 current_native_bytes is 149646305
12-15 15:19:47.077  3123  3123 I wm_on_stop_called: [0,11486452,com.miui.home.launcher.Launcher,STOP_ACTIVITY_ITEM,3]
12-15 15:19:47.150  5542  5542 I wm_on_top_resumed_lost_called: [45209551,com.tencent.mobileqq.activity.SplashActivity,topStateChangedWhenResumed]
12-15 15:19:47.151  5542  5542 I wm_on_paused_called: [0,45209551,com.tencent.mobileqq.activity.SplashActivity,performPause,1]
12-15 15:19:47.242  5542  5542 I wm_on_create_called: [0,63316755,com.tencent.mobileqq.activity.LoginActivity,performCreate,62]
12-15 15:19:47.287  5542  5542 I wm_on_start_called: [0,63316755,com.tencent.mobileqq.activity.LoginActivity,handleStartActivity,46]
12-15 15:19:47.292  5542  5542 I wm_on_resume_called: [0,63316755,com.tencent.mobileqq.activity.LoginActivity,RESUME_ACTIVITY,4]
12-15 15:19:47.301  5542  5542 I wm_on_top_resumed_gained_called: [63316755,com.tencent.mobileqq.activity.LoginActivity,topStateChangedWhenResumed]
12-15 15:19:47.370  3123  3680 I com.miui.home: CheckGCForNative gc_urgency 0 current_native_bytes is 137917753
12-15 15:19:47.389  5542  5542 I wm_on_idle_called: com.tencent.mobileqq.activity.LoginActivity
12-15 15:19:47.467  3123  3680 I com.miui.home: CheckGCForNative adj_start_bytes: 43739249 NativeAllocationGcWatermark: 11682019 java_gc_start_bytes: 26216221 kNewNativeDiscountFactor: 2 kOldNativeDiscountFactor: 65536 old_native_bytes: 137917753 new_native_bytes: 341716 add_bytes_allowed: 35046057 is_gc_concurrent: 1 target_footprint_: 26347293 GetBytesAllocated: 14125056 HeapGrowthMultiplier: 3
12-15 15:19:47.467  3123  3680 I com.miui.home: CheckGCForNative gc_urgency 0.326892 current_native_bytes is 138259469
12-15 15:19:47.778  3123  3123 I wm_on_restart_called: [0,11486452,com.miui.home.launcher.Launcher,performRestartActivity,0]
12-15 15:19:47.779  3123  3123 I wm_on_start_called: [0,11486452,com.miui.home.launcher.Launcher,handleStartActivity,1]
12-15 15:19:48.044  3123  3432 I com.miui.home: CheckGCForNative adj_start_bytes: 43739249 NativeAllocationGcWatermark: 11682019 java_gc_start_bytes: 26216221 kNewNativeDiscountFactor: 2 kOldNativeDiscountFactor: 65536 old_native_bytes: 137917753 new_native_bytes: 521764 add_bytes_allowed: 35046057 is_gc_concurrent: 1 target_footprint_: 26347293 GetBytesAllocated: 15116672 HeapGrowthMultiplier: 3
12-15 15:19:48.045  3123  3432 I com.miui.home: CheckGCForNative gc_urgency 0.351621 current_native_bytes is 138439517
12-15 15:19:48.100  3123  3432 I com.miui.home: CheckGCForNative adj_start_bytes: 43739249 NativeAllocationGcWatermark: 11682019 java_gc_start_bytes: 26216221 kNewNativeDiscountFactor: 2 kOldNativeDiscountFactor: 65536 old_native_bytes: 137917753 new_native_bytes: 525604 add_bytes_allowed: 35046057 is_gc_concurrent: 1 target_footprint_: 26347293 GetBytesAllocated: 15149440 HeapGrowthMultiplier: 3
12-15 15:19:48.100  3123  3432 I com.miui.home: CheckGCForNative gc_urgency 0.352415 current_native_bytes is 138443357
12-15 15:19:48.309  5542  5542 I wm_on_top_resumed_lost_called: [63316755,com.tencent.mobileqq.activity.LoginActivity,topStateChangedWhenResumed]
12-15 15:19:48.326  3123  3123 I wm_on_resume_called: [0,11486452,com.miui.home.launcher.Launcher,RESUME_ACTIVITY,7]
12-15 15:19:48.328  3123  3123 I wm_on_idle_called: com.miui.home.launcher.Launcher
12-15 15:19:48.337  3123  3123 I wm_on_top_resumed_gained_called: [11486452,com.miui.home.launcher.Launcher,topStateChangedWhenResumed]
12-15 15:19:48.338  5542  5542 I wm_on_paused_called: [0,63316755,com.tencent.mobileqq.activity.LoginActivity,performPause,3]
12-15 15:19:48.345  5542  5542 I wm_on_stop_called: [0,63316755,com.tencent.mobileqq.activity.LoginActivity,STOP_ACTIVITY_ITEM,2]
12-15 15:19:48.357  5542  5542 I wm_on_stop_called: [0,45209551,com.tencent.mobileqq.activity.SplashActivity,LIFECYCLER_STOP_ACTIVITY,12]
12-15 15:19:48.385  5542  5542 I wm_on_destroy_called: [0,45209551,com.tencent.mobileqq.activity.SplashActivity,performDestroy,26]
12-15 15:19:48.463  3123  3680 I com.miui.home: CheckGCForNative adj_start_bytes: 43739249 NativeAllocationGcWatermark: 11682019 java_gc_start_bytes: 26216221 kNewNativeDiscountFactor: 2 kOldNativeDiscountFactor: 65536 old_native_bytes: 137917753 new_native_bytes: 636164 add_bytes_allowed: 35046057 is_gc_concurrent: 1 target_footprint_: 26347293 GetBytesAllocated: 16412208 HeapGrowthMultiplier: 3
12-15 15:19:48.463  3123  3680 I com.miui.home: CheckGCForNative gc_urgency 0.382549 current_native_bytes is 138553917
12-15 15:19:48.506  3123  3680 I com.miui.home: CheckGCForNative adj_start_bytes: 43739249 NativeAllocationGcWatermark: 11682019 java_gc_start_bytes: 26216221 kNewNativeDiscountFactor: 2 kOldNativeDiscountFactor: 65536 old_native_bytes: 137917753 new_native_bytes: 957624 add_bytes_allowed: 35046057 is_gc_concurrent: 1 target_footprint_: 26347293 GetBytesAllocated: 16854944 HeapGrowthMultiplier: 3
12-15 15:19:48.506  3123  3680 I com.miui.home: CheckGCForNative gc_urgency 0.396346 current_native_bytes is 138875377
12-15 15:19:48.722  3123  3123 I wm_on_top_resumed_lost_called: [11486452,com.miui.home.launcher.Launcher,topStateChangedWhenResumed]
12-15 15:19:48.730  3123  3123 I wm_on_paused_called: [0,11486452,com.miui.home.launcher.Launcher,performPause,1]
12-15 15:19:48.830  3123  3680 I com.miui.home: CheckGCForNative adj_start_bytes: 43739249 NativeAllocationGcWatermark: 11682019 java_gc_start_bytes: 26216221 kNewNativeDiscountFactor: 2 kOldNativeDiscountFactor: 65536 old_native_bytes: 137917753 new_native_bytes: 1394512 add_bytes_allowed: 35046057 is_gc_concurrent: 1 target_footprint_: 26347293 GetBytesAllocated: 17707360 HeapGrowthMultiplier: 3
12-15 15:19:48.830  3123  3680 I com.miui.home: CheckGCForNative gc_urgency 0.420828 current_native_bytes is 139312265
12-15 15:19:48.913  3123  3680 I com.miui.home: CheckGCForNative adj_start_bytes: 43739249 NativeAllocationGcWatermark: 11682019 java_gc_start_bytes: 26216221 kNewNativeDiscountFactor: 2 kOldNativeDiscountFactor: 65536 old_native_bytes: 137917753 new_native_bytes: 1818156 add_bytes_allowed: 35046057 is_gc_concurrent: 1 target_footprint_: 26347293 GetBytesAllocated: 18190800 HeapGrowthMultiplier: 3
12-15 15:19:48.913  3123  3680 I com.miui.home: CheckGCForNative gc_urgency 0.436724 current_native_bytes is 139735909
12-15 15:19:48.993  3123  3680 I com.miui.home: CheckGCForNative adj_start_bytes: 43739249 NativeAllocationGcWatermark: 11682019 java_gc_start_bytes: 26216221 kNewNativeDiscountFactor: 2 kOldNativeDiscountFactor: 65536 old_native_bytes: 137917753 new_native_bytes: 1922848 add_bytes_allowed: 35046057 is_gc_concurrent: 1 target_footprint_: 26347293 GetBytesAllocated: 18633584 HeapGrowthMultiplier: 3
12-15 15:19:48.993  3123  3680 I com.miui.home: CheckGCForNative gc_urgency 0.448044 current_native_bytes is 139840601
12-15 15:19:49.036  3123  3432 I com.miui.home: CheckGCForNative adj_start_bytes: 43739249 NativeAllocationGcWatermark: 11682019 java_gc_start_bytes: 26216221 kNewNativeDiscountFactor: 2 kOldNativeDiscountFactor: 65536 old_native_bytes: 137917753 new_native_bytes: 2077856 add_bytes_allowed: 35046057 is_gc_concurrent: 1 target_footprint_: 26347293 GetBytesAllocated: 18764656 HeapGrowthMultiplier: 3
12-15 15:19:49.036  3123  3432 I com.miui.home: CheckGCForNative gc_urgency 0.452813 current_native_bytes is 139995609
12-15 15:19:49.214  3123  3432 I com.miui.home: CheckGCForNative adj_start_bytes: 43739249 NativeAllocationGcWatermark: 11682019 java_gc_start_bytes: 26216221 kNewNativeDiscountFactor: 2 kOldNativeDiscountFactor: 65536 old_native_bytes: 137917753 new_native_bytes: 2090464 add_bytes_allowed: 35046057 is_gc_concurrent: 1 target_footprint_: 26347293 GetBytesAllocated: 18862960 HeapGrowthMultiplier: 3
12-15 15:19:49.214  3123  3432 I com.miui.home: CheckGCForNative gc_urgency 0.455204 current_native_bytes is 140008217
12-15 15:19:49.605 10211 10211 I wm_on_create_called: [0,144478507,com.tencent.mtt.SplashActivity,performCreate,106]
12-15 15:19:49.662 10211 10211 I wm_on_create_called: [0,124838335,com.tencent.mtt.MainActivity,performCreate,12]
12-15 15:19:49.666 10211 10211 I wm_on_start_called: [0,124838335,com.tencent.mtt.MainActivity,handleStartActivity,4]
12-15 15:19:49.809  3123  3680 I com.miui.home: CheckGCForNative adj_start_bytes: 43739249 NativeAllocationGcWatermark: 11682019 java_gc_start_bytes: 26216221 kNewNativeDiscountFactor: 2 kOldNativeDiscountFactor: 65536 old_native_bytes: 137917753 new_native_bytes: 1893212 add_bytes_allowed: 35046057 is_gc_concurrent: 1 target_footprint_: 26347293 GetBytesAllocated: 19355392 HeapGrowthMultiplier: 3
12-15 15:19:49.810  3123  3680 I com.miui.home: CheckGCForNative gc_urgency 0.464208 current_native_bytes is 139810965
12-15 15:19:49.905  3123  3680 I com.miui.home: CheckGCForNative adj_start_bytes: 43739249 NativeAllocationGcWatermark: 11682019 java_gc_start_bytes: 26216221 kNewNativeDiscountFactor: 2 kOldNativeDiscountFactor: 65536 old_native_bytes: 137917753 new_native_bytes: 2417776 add_bytes_allowed: 35046057 is_gc_concurrent: 1 target_footprint_: 26347293 GetBytesAllocated: 19798144 HeapGrowthMultiplier: 3
12-15 15:19:49.905  3123  3680 I com.miui.home: CheckGCForNative gc_urgency 0.480327 current_native_bytes is 140335529
12-15 15:19:49.938 10211 10211 I wm_on_resume_called: [0,124838335,com.tencent.mtt.MainActivity,RESUME_ACTIVITY,271]
12-15 15:19:49.948 10211 10211 I wm_on_top_resumed_gained_called: [124838335,com.tencent.mtt.MainActivity,topStateChangedWhenResumed]
12-15 15:19:50.292  3123  3123 I wm_on_stop_called: [0,11486452,com.miui.home.launcher.Launcher,STOP_ACTIVITY_ITEM,5]
12-15 15:19:50.399  3123  3123 I wm_on_restart_called: [0,11486452,com.miui.home.launcher.Launcher,performRestartActivity,0]
12-15 15:19:50.401  3123  3123 I wm_on_start_called: [0,11486452,com.miui.home.launcher.Launcher,handleStartActivity,1]
12-15 15:19:50.490  3123  3184 I com.miui.home: CheckGCForNative adj_start_bytes: 43739249 NativeAllocationGcWatermark: 11682019 java_gc_start_bytes: 26216221 kNewNativeDiscountFactor: 2 kOldNativeDiscountFactor: 65536 old_native_bytes: 137917753 new_native_bytes: 24015044 add_bytes_allowed: 35046057 is_gc_concurrent: 1 target_footprint_: 26347293 GetBytesAllocated: 21085120 HeapGrowthMultiplier: 3
12-15 15:19:50.493  3123  3183 I com.miui.home: CheckGCForNative adj_start_bytes: 43739249 NativeAllocationGcWatermark: 11682019 java_gc_start_bytes: 26216221 kNewNativeDiscountFactor: 2 kOldNativeDiscountFactor: 65536 old_native_bytes: 137917753 new_native_bytes: 13309124 add_bytes_allowed: 35046057 is_gc_concurrent: 1 target_footprint_: 26347293 GetBytesAllocated: 21085120 HeapGrowthMultiplier: 3
12-15 15:19:50.493  3123  3183 I com.miui.home: CheckGCForNative gc_urgency 0.634254 current_native_bytes is 151226877
12-15 15:19:50.493  3123  3184 I com.miui.home: CheckGCForNative gc_urgency 0.756637 current_native_bytes is 161932797
12-15 15:19:50.494  3123  3184 I com.miui.home: CheckGCForNative adj_start_bytes: 43739249 NativeAllocationGcWatermark: 11682019 java_gc_start_bytes: 26216221 kNewNativeDiscountFactor: 2 kOldNativeDiscountFactor: 65536 old_native_bytes: 137917753 new_native_bytes: 34721784 add_bytes_allowed: 35046057 is_gc_concurrent: 1 target_footprint_: 26347293 GetBytesAllocated: 21085504 HeapGrowthMultiplier: 3
12-15 15:19:50.494  3123  3184 I com.miui.home: CheckGCForNative gc_urgency 0.879039 current_native_bytes is 172639537
12-15 15:19:50.621 10211 10211 I wm_on_destroy_called: [0,144478507,com.tencent.mtt.SplashActivity,performDestroy,1]
12-15 15:19:50.662  3123  3432 I com.miui.home: CheckGCForNative gc_urgency 0 current_native_bytes is 148306665
12-15 15:19:50.704 10211 10211 I wm_on_idle_called: com.tencent.mtt.MainActivity
12-15 15:19:50.718  3123  3432 I com.miui.home: CheckGCForNative adj_start_bytes: 46081275 NativeAllocationGcWatermark: 11969939 java_gc_start_bytes: 28126367 kNewNativeDiscountFactor: 2 kOldNativeDiscountFactor: 65536 old_native_bytes: 148306665 new_native_bytes: 6048 add_bytes_allowed: 35909817 is_gc_concurrent: 1 target_footprint_: 28650655 GetBytesAllocated: 14571120 HeapGrowthMultiplier: 3
12-15 15:19:50.718  3123  3432 I com.miui.home: CheckGCForNative gc_urgency 0.316319 current_native_bytes is 148312713
12-15 15:19:50.975 10211 10211 I wm_on_top_resumed_lost_called: [124838335,com.tencent.mtt.MainActivity,topStateChangedWhenResumed]
12-15 15:19:51.000 10211 10211 I wm_on_paused_called: [0,124838335,com.tencent.mtt.MainActivity,performPause,2]
12-15 15:19:51.022  3123  3123 I wm_on_resume_called: [0,11486452,com.miui.home.launcher.Launcher,RESUME_ACTIVITY,34]
12-15 15:19:51.030  3123  3123 I wm_on_top_resumed_gained_called: [11486452,com.miui.home.launcher.Launcher,topStateChangedWhenResumed]
12-15 15:19:51.034  3123  3123 I wm_on_idle_called: com.miui.home.launcher.Launcher
12-15 15:19:51.130  3123  3680 I com.miui.home: CheckGCForNative adj_start_bytes: 46081275 NativeAllocationGcWatermark: 11969939 java_gc_start_bytes: 28126367 kNewNativeDiscountFactor: 2 kOldNativeDiscountFactor: 65536 old_native_bytes: 148306665 new_native_bytes: 148640 add_bytes_allowed: 35909817 is_gc_concurrent: 1 target_footprint_: 28650655 GetBytesAllocated: 15882992 HeapGrowthMultiplier: 3
12-15 15:19:51.130  3123  3680 I com.miui.home: CheckGCForNative gc_urgency 0.346335 current_native_bytes is 148455305
12-15 15:19:51.167  3123  3680 I com.miui.home: CheckGCForNative adj_start_bytes: 46081275 NativeAllocationGcWatermark: 11969939 java_gc_start_bytes: 28126367 kNewNativeDiscountFactor: 2 kOldNativeDiscountFactor: 65536 old_native_bytes: 148306665 new_native_bytes: 11482684 add_bytes_allowed: 35909817 is_gc_concurrent: 1 target_footprint_: 28650655 GetBytesAllocated: 16145200 HeapGrowthMultiplier: 3
12-15 15:19:51.167  3123  3680 I com.miui.home: CheckGCForNative gc_urgency 0.475004 current_native_bytes is 159789349
12-15 15:19:51.183  3123  3680 I com.miui.home: CheckGCForNative adj_start_bytes: 46081275 NativeAllocationGcWatermark: 11969939 java_gc_start_bytes: 28126367 kNewNativeDiscountFactor: 2 kOldNativeDiscountFactor: 65536 old_native_bytes: 148306665 new_native_bytes: 819324 add_bytes_allowed: 35909817 is_gc_concurrent: 1 target_footprint_: 28650655 GetBytesAllocated: 16342432 HeapGrowthMultiplier: 3
12-15 15:19:51.183  3123  3680 I com.miui.home: CheckGCForNative gc_urgency 0.363583 current_native_bytes is 149125989
12-15 15:19:51.186 10211 10211 I wm_on_stop_called: [0,124838335,com.tencent.mtt.MainActivity,STOP_ACTIVITY_ITEM,125]
12-15 15:19:52.050  3123  3400 I com.miui.home: CheckGCForNative adj_start_bytes: 46081275 NativeAllocationGcWatermark: 11969939 java_gc_start_bytes: 28126367 kNewNativeDiscountFactor: 2 kOldNativeDiscountFactor: 65536 old_native_bytes: 148306665 new_native_bytes: 1260704 add_bytes_allowed: 35909817 is_gc_concurrent: 1 target_footprint_: 28650655 GetBytesAllocated: 17087904 HeapGrowthMultiplier: 3
12-15 15:19:52.050  3123  3400 I com.miui.home: CheckGCForNative gc_urgency 0.384549 current_native_bytes is 149567369
12-15 15:19:53.617  3123  3123 I wm_on_top_resumed_lost_called: [11486452,com.miui.home.launcher.Launcher,topStateChangedWhenResumed]
12-15 15:19:53.623  3123  3123 I wm_on_paused_called: [0,11486452,com.miui.home.launcher.Launcher,performPause,2]
12-15 15:19:53.779  3123  3680 I com.miui.home: CheckGCForNative adj_start_bytes: 46081275 NativeAllocationGcWatermark: 11969939 java_gc_start_bytes: 28126367 kNewNativeDiscountFactor: 2 kOldNativeDiscountFactor: 65536 old_native_bytes: 148306665 new_native_bytes: 1565392 add_bytes_allowed: 35909817 is_gc_concurrent: 1 target_footprint_: 28650655 GetBytesAllocated: 18014192 HeapGrowthMultiplier: 3
12-15 15:19:53.780  3123  3680 I com.miui.home: CheckGCForNative gc_urgency 0.407956 current_native_bytes is 149872057
12-15 15:19:53.957  3123  3680 I com.miui.home: CheckGCForNative gc_urgency 0.422693 current_native_bytes is 150115077
12-15 15:19:54.031  3123  3432 I com.miui.home: CheckGCForNative adj_start_bytes: 46081275 NativeAllocationGcWatermark: 11969939 java_gc_start_bytes: 28126367 kNewNativeDiscountFactor: 2 kOldNativeDiscountFactor: 65536 old_native_bytes: 148306665 new_native_bytes: 2049688 add_bytes_allowed: 35909817 is_gc_concurrent: 1 target_footprint_: 28650655 GetBytesAllocated: 18787640 HeapGrowthMultiplier: 3
12-15 15:19:54.031  3123  3432 I com.miui.home: CheckGCForNative gc_urgency 0.429996 current_native_bytes is 150356353
12-15 15:19:54.087  3123  3432 I com.miui.home: CheckGCForNative adj_start_bytes: 46081275 NativeAllocationGcWatermark: 11969939 java_gc_start_bytes: 28126367 kNewNativeDiscountFactor: 2 kOldNativeDiscountFactor: 65536 old_native_bytes: 148306665 new_native_bytes: 2050776 add_bytes_allowed: 35909817 is_gc_concurrent: 1 target_footprint_: 28650655 GetBytesAllocated: 18836792 HeapGrowthMultiplier: 3
12-15 15:19:54.087  3123  3432 I com.miui.home: CheckGCForNative gc_urgency 0.431074 current_native_bytes is 150357441
12-15 15:19:54.649 10696 10696 I wm_on_application_create_called: [0,com.taobao.taobao,302]
12-15 15:19:54.714 10696 10696 I wm_on_create_called: [0,190764662,com.taobao.tao.welcome.Welcome,performCreate,55]
12-15 15:19:54.767 10696 10696 I wm_on_start_called: [0,190764662,com.taobao.tao.welcome.Welcome,handleStartActivity,52]
12-15 15:19:54.796 10696 10696 I wm_on_resume_called: [0,190764662,com.taobao.tao.welcome.Welcome,RESUME_ACTIVITY,27]
12-15 15:19:54.847 10696 10696 I wm_on_top_resumed_gained_called: [190764662,com.taobao.tao.welcome.Welcome,topStateChangedWhenResumed]
12-15 15:19:54.869 10724 10724 I wm_on_application_create_called: [0,com.taobao.taobao,602]
12-15 15:19:55.129  3123  3491 I com.miui.home: CheckGCForNative adj_start_bytes: 46081275 NativeAllocationGcWatermark: 11969939 java_gc_start_bytes: 28126367 kNewNativeDiscountFactor: 2 kOldNativeDiscountFactor: 65536 old_native_bytes: 148306665 new_native_bytes: 12555820 add_bytes_allowed: 35909817 is_gc_concurrent: 1 target_footprint_: 28650655 GetBytesAllocated: 19886056 HeapGrowthMultiplier: 3
12-15 15:19:55.129  3123  3491 I com.miui.home: CheckGCForNative gc_urgency 0.567828 current_native_bytes is 160862485
12-15 15:19:55.130  3123  3491 I com.miui.home: CheckGCForNative adj_start_bytes: 46081275 NativeAllocationGcWatermark: 11969939 java_gc_start_bytes: 28126367 kNewNativeDiscountFactor: 2 kOldNativeDiscountFactor: 65536 old_native_bytes: 148306665 new_native_bytes: 23261740 add_bytes_allowed: 35909817 is_gc_concurrent: 1 target_footprint_: 28650655 GetBytesAllocated: 19902632 HeapGrowthMultiplier: 3
12-15 15:19:55.130  3123  3491 I com.miui.home: CheckGCForNative gc_urgency 0.684351 current_native_bytes is 171568405
12-15 15:19:55.134  3123  3184 I com.miui.home: CheckGCForNative adj_start_bytes: 46081275 NativeAllocationGcWatermark: 11969939 java_gc_start_bytes: 28126367 kNewNativeDiscountFactor: 2 kOldNativeDiscountFactor: 65536 old_native_bytes: 148306665 new_native_bytes: 23263276 add_bytes_allowed: 35909817 is_gc_concurrent: 1 target_footprint_: 28650655 GetBytesAllocated: 19951816 HeapGrowthMultiplier: 3
12-15 15:19:55.134  3123  3184 I com.miui.home: CheckGCForNative gc_urgency 0.685435 current_native_bytes is 171569941
12-15 15:19:55.167  3123  3432 I com.miui.home: CheckGCForNative adj_start_bytes: 46081275 NativeAllocationGcWatermark: 11969939 java_gc_start_bytes: 28126367 kNewNativeDiscountFactor: 2 kOldNativeDiscountFactor: 65536 old_native_bytes: 148306665 new_native_bytes: 12610668 add_bytes_allowed: 35909817 is_gc_concurrent: 1 target_footprint_: 28650655 GetBytesAllocated: 19968408 HeapGrowthMultiplier: 3
12-15 15:19:55.167  3123  3432 I com.miui.home: CheckGCForNative gc_urgency 0.57021 current_native_bytes is 160917333
12-15 15:19:55.446  3123  3432 I com.miui.home: CheckGCForNative adj_start_bytes: 46081275 NativeAllocationGcWatermark: 11969939 java_gc_start_bytes: 28126367 kNewNativeDiscountFactor: 2 kOldNativeDiscountFactor: 65536 old_native_bytes: 148306665 new_native_bytes: 12595180 add_bytes_allowed: 35909817 is_gc_concurrent: 1 target_footprint_: 28650655 GetBytesAllocated: 20197816 HeapGrowthMultiplier: 3
12-15 15:19:55.446  3123  3432 I com.miui.home: CheckGCForNative gc_urgency 0.57502 current_native_bytes is 160901845
12-15 15:19:55.524  3123  3432 I com.miui.home: CheckGCForNative adj_start_bytes: 46081275 NativeAllocationGcWatermark: 11969939 java_gc_start_bytes: 28126367 kNewNativeDiscountFactor: 2 kOldNativeDiscountFactor: 65536 old_native_bytes: 148306665 new_native_bytes: 12600620 add_bytes_allowed: 35909817 is_gc_concurrent: 1 target_footprint_: 28650655 GetBytesAllocated: 20246968 HeapGrowthMultiplier: 3
12-15 15:19:55.524  3123  3432 I com.miui.home: CheckGCForNative gc_urgency 0.576146 current_native_bytes is 160907285
12-15 15:19:55.635  3123  3123 I wm_on_resume_called: [0,11486452,com.miui.home.launcher.Launcher,RESUME_ACTIVITY,6]
12-15 15:19:55.637  3123  3123 I wm_on_idle_called: com.miui.home.launcher.Launcher
12-15 15:19:55.822  3123  3680 I com.miui.home: CheckGCForNative adj_start_bytes: 46081275 NativeAllocationGcWatermark: 11969939 java_gc_start_bytes: 28126367 kNewNativeDiscountFactor: 2 kOldNativeDiscountFactor: 65536 old_native_bytes: 148306665 new_native_bytes: 13038400 add_bytes_allowed: 35909817 is_gc_concurrent: 1 target_footprint_: 28650655 GetBytesAllocated: 21632632 HeapGrowthMultiplier: 3
12-15 15:19:55.822  3123  3680 I com.miui.home: CheckGCForNative gc_urgency 0.610966 current_native_bytes is 161345065
12-15 15:19:55.850  3123  3680 I com.miui.home: CheckGCForNative adj_start_bytes: 46081275 NativeAllocationGcWatermark: 11969939 java_gc_start_bytes: 28126367 kNewNativeDiscountFactor: 2 kOldNativeDiscountFactor: 65536 old_native_bytes: 148306665 new_native_bytes: 23842304 add_bytes_allowed: 35909817 is_gc_concurrent: 1 target_footprint_: 28650655 GetBytesAllocated: 21747320 HeapGrowthMultiplier: 3
12-15 15:19:55.850  3123  3680 I com.miui.home: CheckGCForNative gc_urgency 0.730681 current_native_bytes is 172148969
12-15 15:19:55.885 10696 10696 I wm_on_top_resumed_lost_called: [190764662,com.taobao.tao.welcome.Welcome,topStateChangedWhenResumed]
12-15 15:19:55.886  3123  3123 I wm_on_top_resumed_gained_called: [11486452,com.miui.home.launcher.Launcher,topStateChangedWhenResumed]
12-15 15:19:55.895  3123  3680 I com.miui.home: CheckGCForNative adj_start_bytes: 46081275 NativeAllocationGcWatermark: 11969939 java_gc_start_bytes: 28126367 kNewNativeDiscountFactor: 2 kOldNativeDiscountFactor: 65536 old_native_bytes: 148306665 new_native_bytes: 13435764 add_bytes_allowed: 35909817 is_gc_concurrent: 1 target_footprint_: 28650655 GetBytesAllocated: 22075608 HeapGrowthMultiplier: 3
12-15 15:19:55.895  3123  3680 I com.miui.home: CheckGCForNative gc_urgency 0.624891 current_native_bytes is 161742429
12-15 15:19:55.911 10696 10696 I wm_on_paused_called: [0,190764662,com.taobao.tao.welcome.Welcome,performPause,26]
12-15 15:19:55.932 10696 10696 I wm_on_stop_called: [0,190764662,com.taobao.tao.welcome.Welcome,STOP_ACTIVITY_ITEM,16]
12-15 15:19:56.037  3123  3123 I wm_on_top_resumed_lost_called: [11486452,com.miui.home.launcher.Launcher,topStateChangedWhenResumed]
12-15 15:19:56.066  3123  3123 I wm_on_paused_called: [0,11486452,com.miui.home.launcher.Launcher,performPause,2]
12-15 15:19:56.213  3123  3680 I com.miui.home: CheckGCForNative adj_start_bytes: 46081275 NativeAllocationGcWatermark: 11969939 java_gc_start_bytes: 28126367 kNewNativeDiscountFactor: 2 kOldNativeDiscountFactor: 65536 old_native_bytes: 148306665 new_native_bytes: 13676472 add_bytes_allowed: 35909817 is_gc_concurrent: 1 target_footprint_: 28650655 GetBytesAllocated: 22952744 HeapGrowthMultiplier: 3
12-15 15:19:56.213  3123  3680 I com.miui.home: CheckGCForNative gc_urgency 0.646537 current_native_bytes is 161983137
12-15 15:19:56.348  3123  3432 I com.miui.home: CheckGCForNative adj_start_bytes: 46081275 NativeAllocationGcWatermark: 11969939 java_gc_start_bytes: 28126367 kNewNativeDiscountFactor: 2 kOldNativeDiscountFactor: 65536 old_native_bytes: 148306665 new_native_bytes: 13956724 add_bytes_allowed: 35909817 is_gc_concurrent: 1 target_footprint_: 28650655 GetBytesAllocated: 23346216 HeapGrowthMultiplier: 3
12-15 15:19:56.348  3123  3432 I com.miui.home: CheckGCForNative gc_urgency 0.658116 current_native_bytes is 162263389
12-15 15:19:56.361 10696 10696 I wm_on_idle_called: com.taobao.tao.welcome.Welcome
12-15 15:19:56.470  3123  3432 I com.miui.home: CheckGCForNative adj_start_bytes: 46081275 NativeAllocationGcWatermark: 11969939 java_gc_start_bytes: 28126367 kNewNativeDiscountFactor: 2 kOldNativeDiscountFactor: 65536 old_native_bytes: 148306665 new_native_bytes: 14207344 add_bytes_allowed: 35909817 is_gc_concurrent: 1 target_footprint_: 28650655 GetBytesAllocated: 23706952 HeapGrowthMultiplier: 3
12-15 15:19:56.470  3123  3432 I com.miui.home: CheckGCForNative gc_urgency 0.668664 current_native_bytes is 162514009
12-15 15:19:56.515  3123  3432 I com.miui.home: CheckGCForNative adj_start_bytes: 46081275 NativeAllocationGcWatermark: 11969939 java_gc_start_bytes: 28126367 kNewNativeDiscountFactor: 2 kOldNativeDiscountFactor: 65536 old_native_bytes: 148306665 new_native_bytes: 14380080 add_bytes_allowed: 35909817 is_gc_concurrent: 1 target_footprint_: 28650655 GetBytesAllocated: 23805256 HeapGrowthMultiplier: 3
12-15 15:19:56.515  3123  3432 I com.miui.home: CheckGCForNative gc_urgency 0.672671 current_native_bytes is 162686745
12-15 15:19:56.567  9357  9357 I wm_on_create_called: [0,71376363,com.tencent.mm.ui.LauncherUI,performCreate,295]
12-15 15:19:56.622  9357  9357 I wm_on_start_called: [0,71376363,com.tencent.mm.ui.LauncherUI,handleStartActivity,32]
12-15 15:19:56.703  9357  9357 I wm_on_resume_called: [0,71376363,com.tencent.mm.ui.LauncherUI,RESUME_ACTIVITY,79]
12-15 15:19:56.704  3123  3432 I com.miui.home: CheckGCForNative adj_start_bytes: 46081275 NativeAllocationGcWatermark: 11969939 java_gc_start_bytes: 28126367 kNewNativeDiscountFactor: 2 kOldNativeDiscountFactor: 65536 old_native_bytes: 148306665 new_native_bytes: 14406432 add_bytes_allowed: 35909817 is_gc_concurrent: 1 target_footprint_: 28650655 GetBytesAllocated: 23952776 HeapGrowthMultiplier: 3
12-15 15:19:56.704  3123  3432 I com.miui.home: CheckGCForNative gc_urgency 0.676159 current_native_bytes is 162713097
12-15 15:19:56.736  9357  9357 I wm_on_top_resumed_gained_called: [71376363,com.tencent.mm.ui.LauncherUI,topStateChangedWhenResumed]
12-15 15:19:56.755  9357  9357 I wm_on_top_resumed_lost_called: [71376363,com.tencent.mm.ui.LauncherUI,topStateChangedWhenResumed]
12-15 15:19:56.777  9357  9357 I wm_on_paused_called: [0,71376363,com.tencent.mm.ui.LauncherUI,performPause,6]
12-15 15:19:56.817  3123  3123 I wm_on_stop_called: [0,11486452,com.miui.home.launcher.Launcher,STOP_ACTIVITY_ITEM,4]
12-15 15:19:56.978  3123  3680 I com.miui.home: CheckGCForNative adj_start_bytes: 46081275 NativeAllocationGcWatermark: 11969939 java_gc_start_bytes: 28126367 kNewNativeDiscountFactor: 2 kOldNativeDiscountFactor: 65536 old_native_bytes: 148306665 new_native_bytes: 14346260 add_bytes_allowed: 35909817 is_gc_concurrent: 1 target_footprint_: 28650655 GetBytesAllocated: 24649704 HeapGrowthMultiplier: 3
12-15 15:19:56.979  3123  3680 I com.miui.home: CheckGCForNative gc_urgency 0.69063 current_native_bytes is 162652925
12-15 15:19:57.046  9357  9357 I wm_on_create_called: [0,44811081,com.tencent.mm.plugin.account.ui.WelcomeActivity,performCreate,76]
12-15 15:19:57.048  9357  9357 I wm_on_start_called: [0,44811081,com.tencent.mm.plugin.account.ui.WelcomeActivity,handleStartActivity,2]
12-15 15:19:57.052  9357  9357 I wm_on_resume_called: [0,44811081,com.tencent.mm.plugin.account.ui.WelcomeActivity,RESUME_ACTIVITY,4]
12-15 15:19:57.063  9357  9357 I wm_on_top_resumed_gained_called: [44811081,com.tencent.mm.plugin.account.ui.WelcomeActivity,topStateChangedWhenResumed]
12-15 15:19:57.100  3123  3680 I com.miui.home: CheckGCForNative gc_urgency 0 current_native_bytes is 138539937
12-15 15:19:57.381  9357  9357 I wm_on_stop_called: [0,71376363,com.tencent.mm.ui.LauncherUI,STOP_ACTIVITY_ITEM,3]
12-15 15:19:57.881  3123  3123 I wm_on_restart_called: [0,11486452,com.miui.home.launcher.Launcher,performRestartActivity,0]
12-15 15:19:57.882  3123  3123 I wm_on_start_called: [0,11486452,com.miui.home.launcher.Launcher,handleStartActivity,2]
12-15 15:19:57.963  3123  3670 I com.miui.home: CheckGCForNative adj_start_bytes: 45220669 NativeAllocationGcWatermark: 11879349 java_gc_start_bytes: 27401646 kNewNativeDiscountFactor: 2 kOldNativeDiscountFactor: 65536 old_native_bytes: 138539937 new_native_bytes: 10808784 add_bytes_allowed: 35638047 is_gc_concurrent: 1 target_footprint_: 27925934 GetBytesAllocated: 15257720 HeapGrowthMultiplier: 3
12-15 15:19:57.963  3123  3670 I com.miui.home: CheckGCForNative gc_urgency 0.456964 current_native_bytes is 149348721
12-15 15:19:57.964  3123  3670 I com.miui.home: CheckGCForNative adj_start_bytes: 45220669 NativeAllocationGcWatermark: 11879349 java_gc_start_bytes: 27401646 kNewNativeDiscountFactor: 2 kOldNativeDiscountFactor: 65536 old_native_bytes: 138539937 new_native_bytes: 21515344 add_bytes_allowed: 35638047 is_gc_concurrent: 1 target_footprint_: 27925934 GetBytesAllocated: 15274296 HeapGrowthMultiplier: 3
12-15 15:19:57.964  3123  3670 I com.miui.home: CheckGCForNative gc_urgency 0.575712 current_native_bytes is 160055281
12-15 15:19:57.967  3123  3670 I com.miui.home: CheckGCForNative adj_start_bytes: 45220669 NativeAllocationGcWatermark: 11879349 java_gc_start_bytes: 27401646 kNewNativeDiscountFactor: 2 kOldNativeDiscountFactor: 65536 old_native_bytes: 138539937 new_native_bytes: 21516048 add_bytes_allowed: 35638047 is_gc_concurrent: 1 target_footprint_: 27925934 GetBytesAllocated: 15290680 HeapGrowthMultiplier: 3
12-15 15:19:57.967  3123  3670 I com.miui.home: CheckGCForNative gc_urgency 0.576082 current_native_bytes is 160055985
12-15 15:19:58.241  3123  3432 I com.miui.home: CheckGCForNative adj_start_bytes: 45220669 NativeAllocationGcWatermark: 11879349 java_gc_start_bytes: 27401646 kNewNativeDiscountFactor: 2 kOldNativeDiscountFactor: 65536 old_native_bytes: 138539937 new_native_bytes: 10885416 add_bytes_allowed: 35638047 is_gc_concurrent: 1 target_footprint_: 27925934 GetBytesAllocated: 15503864 HeapGrowthMultiplier: 3
12-15 15:19:58.241  3123  3432 I com.miui.home: CheckGCForNative gc_urgency 0.463255 current_native_bytes is 149425353
12-15 15:19:58.286  3123  3432 I com.miui.home: CheckGCForNative adj_start_bytes: 45220669 NativeAllocationGcWatermark: 11879349 java_gc_start_bytes: 27401646 kNewNativeDiscountFactor: 2 kOldNativeDiscountFactor: 65536 old_native_bytes: 138539937 new_native_bytes: 10889704 add_bytes_allowed: 35638047 is_gc_concurrent: 1 target_footprint_: 27925934 GetBytesAllocated: 15520248 HeapGrowthMultiplier: 3
12-15 15:19:58.286  3123  3432 I com.miui.home: CheckGCForNative gc_urgency 0.463664 current_native_bytes is 149429641
12-15 15:19:58.446  9357  9357 I wm_on_top_resumed_lost_called: [44811081,com.tencent.mm.plugin.account.ui.WelcomeActivity,topStateChangedWhenResumed]
12-15 15:19:58.465  3123  3123 I wm_on_resume_called: [0,11486452,com.miui.home.launcher.Launcher,RESUME_ACTIVITY,7]
12-15 15:19:58.469  3123  3123 I wm_on_idle_called: com.miui.home.launcher.Launcher
12-15 15:19:58.479  3123  3123 I wm_on_top_resumed_gained_called: [11486452,com.miui.home.launcher.Launcher,topStateChangedWhenResumed]
12-15 15:19:58.479  9357  9357 I wm_on_paused_called: [0,44811081,com.tencent.mm.plugin.account.ui.WelcomeActivity,performPause,3]
12-15 15:19:58.511  9357  9357 I wm_on_idle_called: com.tencent.mm.plugin.account.ui.WelcomeActivity
12-15 15:19:58.511  9357  9357 I wm_on_idle_called: com.tencent.mm.ui.LauncherUI
12-15 15:19:58.525  9357  9357 I wm_on_stop_called: [0,44811081,com.tencent.mm.plugin.account.ui.WelcomeActivity,STOP_ACTIVITY_ITEM,9]
12-15 15:19:58.651  3123  3680 I com.miui.home: CheckGCForNative adj_start_bytes: 45220669 NativeAllocationGcWatermark: 11879349 java_gc_start_bytes: 27401646 kNewNativeDiscountFactor: 2 kOldNativeDiscountFactor: 65536 old_native_bytes: 138539937 new_native_bytes: 10923128 add_bytes_allowed: 35638047 is_gc_concurrent: 1 target_footprint_: 27925934 GetBytesAllocated: 16815800 HeapGrowthMultiplier: 3
12-15 15:19:58.651  3123  3680 I com.miui.home: CheckGCForNative gc_urgency 0.492683 current_native_bytes is 149463065
12-15 15:19:58.680  3123  3680 I com.miui.home: CheckGCForNative adj_start_bytes: 45220669 NativeAllocationGcWatermark: 11879349 java_gc_start_bytes: 27401646 kNewNativeDiscountFactor: 2 kOldNativeDiscountFactor: 65536 old_native_bytes: 138539937 new_native_bytes: 21813228 add_bytes_allowed: 35638047 is_gc_concurrent: 1 target_footprint_: 27925934 GetBytesAllocated: 17061560 HeapGrowthMultiplier: 3
12-15 15:19:58.680  3123  3680 I com.miui.home: CheckGCForNative gc_urgency 0.618529 current_native_bytes is 160353165
12-15 15:19:58.730  3123  3680 I com.miui.home: CheckGCForNative adj_start_bytes: 45220669 NativeAllocationGcWatermark: 11879349 java_gc_start_bytes: 27401646 kNewNativeDiscountFactor: 2 kOldNativeDiscountFactor: 65536 old_native_bytes: 138539937 new_native_bytes: 11153080 add_bytes_allowed: 35638047 is_gc_concurrent: 1 target_footprint_: 27925934 GetBytesAllocated: 17389960 HeapGrowthMultiplier: 3
12-15 15:19:58.730  3123  3680 I com.miui.home: CheckGCForNative gc_urgency 0.507923 current_native_bytes is 149693017
12-15 15:19:58.781  3123  3123 I wm_on_top_resumed_lost_called: [11486452,com.miui.home.launcher.Launcher,topStateChangedWhenResumed]
12-15 15:19:58.801  3123  3123 I wm_on_paused_called: [0,11486452,com.miui.home.launcher.Launcher,performPause,1]
12-15 15:19:58.901  3123  3680 I com.miui.home: CheckGCForNative adj_start_bytes: 45220669 NativeAllocationGcWatermark: 11879349 java_gc_start_bytes: 27401646 kNewNativeDiscountFactor: 2 kOldNativeDiscountFactor: 65536 old_native_bytes: 138539937 new_native_bytes: 11519972 add_bytes_allowed: 35638047 is_gc_concurrent: 1 target_footprint_: 27925934 GetBytesAllocated: 18078648 HeapGrowthMultiplier: 3
12-15 15:19:58.905  3123  3680 I com.miui.home: CheckGCForNative gc_urgency 0.527209 current_native_bytes is 150059909
12-15 15:19:59.021  3123  3432 I com.miui.home: CheckGCForNative adj_start_bytes: 45220669 NativeAllocationGcWatermark: 11879349 java_gc_start_bytes: 27401646 kNewNativeDiscountFactor: 2 kOldNativeDiscountFactor: 65536 old_native_bytes: 138539937 new_native_bytes: 12090752 add_bytes_allowed: 35638047 is_gc_concurrent: 1 target_footprint_: 27925934 GetBytesAllocated: 18627784 HeapGrowthMultiplier: 3
12-15 15:19:59.021  3123  3432 I com.miui.home: CheckGCForNative gc_urgency 0.545664 current_native_bytes is 150630689
12-15 15:19:59.137  3123  3680 I com.miui.home: CheckGCForNative adj_start_bytes: 45220669 NativeAllocationGcWatermark: 11879349 java_gc_start_bytes: 27401646 kNewNativeDiscountFactor: 2 kOldNativeDiscountFactor: 65536 old_native_bytes: 138539937 new_native_bytes: 12278884 add_bytes_allowed: 35638047 is_gc_concurrent: 1 target_footprint_: 27925934 GetBytesAllocated: 19021320 HeapGrowthMultiplier: 3
12-15 15:19:59.137  3123  3680 I com.miui.home: CheckGCForNative gc_urgency 0.556446 current_native_bytes is 150818821
12-15 15:19:59.288  3123  3432 I com.miui.home: CheckGCForNative adj_start_bytes: 45220669 NativeAllocationGcWatermark: 11879349 java_gc_start_bytes: 27401646 kNewNativeDiscountFactor: 2 kOldNativeDiscountFactor: 65536 old_native_bytes: 138539937 new_native_bytes: 12350308 add_bytes_allowed: 35638047 is_gc_concurrent: 1 target_footprint_: 27925934 GetBytesAllocated: 19201544 HeapGrowthMultiplier: 3
12-15 15:19:59.288  3123  3432 I com.miui.home: CheckGCForNative gc_urgency 0.561222 current_native_bytes is 150890245
12-15 15:19:59.377  3123  3432 I com.miui.home: CheckGCForNative adj_start_bytes: 45220669 NativeAllocationGcWatermark: 11879349 java_gc_start_bytes: 27401646 kNewNativeDiscountFactor: 2 kOldNativeDiscountFactor: 65536 old_native_bytes: 138539937 new_native_bytes: 12356772 add_bytes_allowed: 35638047 is_gc_concurrent: 1 target_footprint_: 27925934 GetBytesAllocated: 19250696 HeapGrowthMultiplier: 3
12-15 15:19:59.377  3123  3432 I com.miui.home: CheckGCForNative gc_urgency 0.56238 current_native_bytes is 150896709
