12-15 14:14:29.148  3177  3671 I com.miui.home: CheckGCForNative gc_urgency 0.649282 current_native_bytes is 147256021
12-15 14:14:29.153 13234 13234 I wm_on_resume_called: [0,58890313,com.youku.v2.HomePageEntry,RESUME_ACTIVITY,31]
12-15 14:14:29.163 13234 13234 I wm_on_top_resumed_gained_called: [58890313,com.youku.v2.HomePageEntry,topStateChangedWhenResumed]
12-15 14:14:29.225  3177  3671 I com.miui.home: CheckGCForNative adj_start_bytes: 45161373 NativeAllocationGcWatermark: 11843851 java_gc_start_bytes: 27395597 kNewNativeDiscountFactor: 2 kOldNativeDiscountFactor: 65536 old_native_bytes: 129346561 new_native_bytes: 18323400 add_bytes_allowed: 35531553 is_gc_concurrent: 1 target_footprint_: 27641949 GetBytesAllocated: 20841504 HeapGrowthMultiplier: 3
12-15 14:14:29.225  3177  3671 I com.miui.home: CheckGCForNative gc_urgency 0.664399 current_native_bytes is 147669961
12-15 14:14:29.643  3177  3177 I com.miui.home: CheckGCForNative adj_start_bytes: 45161373 NativeAllocationGcWatermark: 11843851 java_gc_start_bytes: 27395597 kNewNativeDiscountFactor: 2 kOldNativeDiscountFactor: 65536 old_native_bytes: 129346561 new_native_bytes: 18414716 add_bytes_allowed: 35531553 is_gc_concurrent: 1 target_footprint_: 27641949 GetBytesAllocated: 21546720 HeapGrowthMultiplier: 3
12-15 14:14:29.643  3177  3177 I com.miui.home: CheckGCForNative gc_urgency 0.681026 current_native_bytes is 147761277
12-15 14:14:29.727  3177  9282 I com.miui.home: CheckGCForNative adj_start_bytes: 45161373 NativeAllocationGcWatermark: 11843851 java_gc_start_bytes: 27395597 kNewNativeDiscountFactor: 2 kOldNativeDiscountFactor: 65536 old_native_bytes: 129346561 new_native_bytes: 29131740 add_bytes_allowed: 35531553 is_gc_concurrent: 1 target_footprint_: 27641949 GetBytesAllocated: 21612256 HeapGrowthMultiplier: 3
12-15 14:14:29.727  3177  9282 I com.miui.home: CheckGCForNative gc_urgency 0.801129 current_native_bytes is 158478301
12-15 14:14:29.728  3177  3177 I com.miui.home: CheckGCForNative adj_start_bytes: 45161373 NativeAllocationGcWatermark: 11843851 java_gc_start_bytes: 27395597 kNewNativeDiscountFactor: 2 kOldNativeDiscountFactor: 65536 old_native_bytes: 129346561 new_native_bytes: 39838044 add_bytes_allowed: 35531553 is_gc_concurrent: 1 target_footprint_: 27641949 GetBytesAllocated: 21612448 HeapGrowthMultiplier: 3
12-15 14:14:29.728  3177  3177 I com.miui.home: CheckGCForNative gc_urgency 0.919667 current_native_bytes is 169184605
12-15 14:14:29.729  3177  3228 I com.miui.home: CheckGCForNative adj_start_bytes: 45161373 NativeAllocationGcWatermark: 11843851 java_gc_start_bytes: 27395597 kNewNativeDiscountFactor: 2 kOldNativeDiscountFactor: 65536 old_native_bytes: 129346561 new_native_bytes: 39840156 add_bytes_allowed: 35531553 is_gc_concurrent: 1 target_footprint_: 27641949 GetBytesAllocated: 21612448 HeapGrowthMultiplier: 3
12-15 14:14:29.729  3177  3228 I com.miui.home: CheckGCForNative gc_urgency 0.919691 current_native_bytes is 169186717
12-15 14:14:30.033  3177  3506 I com.miui.home: CheckGCForNative adj_start_bytes: 45161373 NativeAllocationGcWatermark: 11843851 java_gc_start_bytes: 27395597 kNewNativeDiscountFactor: 2 kOldNativeDiscountFactor: 65536 old_native_bytes: 129346561 new_native_bytes: 29166380 add_bytes_allowed: 35531553 is_gc_concurrent: 1 target_footprint_: 27641949 GetBytesAllocated: 21874784 HeapGrowthMultiplier: 3
12-15 14:14:30.033  3177  3506 I com.miui.home: CheckGCForNative gc_urgency 0.807326 current_native_bytes is 158512941
12-15 14:14:30.274  3177  3177 I wm_on_resume_called: [0,238601760,com.miui.home.launcher.Launcher,RESUME_ACTIVITY,17]
12-15 14:14:30.278  3177  3177 I wm_on_idle_called: com.miui.home.launcher.Launcher
12-15 14:14:30.447  3177  3671 I com.miui.home: CheckGCForNative adj_start_bytes: 45161373 NativeAllocationGcWatermark: 11843851 java_gc_start_bytes: 27395597 kNewNativeDiscountFactor: 2 kOldNativeDiscountFactor: 65536 old_native_bytes: 129346561 new_native_bytes: 29674948 add_bytes_allowed: 35531553 is_gc_concurrent: 1 target_footprint_: 27641949 GetBytesAllocated: 23244256 HeapGrowthMultiplier: 3
12-15 14:14:30.447  3177  3671 I com.miui.home: CheckGCForNative gc_urgency 0.84328 current_native_bytes is 159021509
12-15 14:14:30.494  3177  3671 I com.miui.home: CheckGCForNative adj_start_bytes: 45161373 NativeAllocationGcWatermark: 11843851 java_gc_start_bytes: 27395597 kNewNativeDiscountFactor: 2 kOldNativeDiscountFactor: 65536 old_native_bytes: 129346561 new_native_bytes: 40555944 add_bytes_allowed: 35531553 is_gc_concurrent: 1 target_footprint_: 27641949 GetBytesAllocated: 23506400 HeapGrowthMultiplier: 3
12-15 14:14:30.494  3177  3671 I com.miui.home: CheckGCForNative gc_urgency 0.969553 current_native_bytes is 169902505
12-15 14:14:30.557  3177  3671 I com.miui.home: CheckGCForNative adj_start_bytes: 45161373 NativeAllocationGcWatermark: 11843851 java_gc_start_bytes: 27395597 kNewNativeDiscountFactor: 2 kOldNativeDiscountFactor: 65536 old_native_bytes: 129346561 new_native_bytes: 29963084 add_bytes_allowed: 35531553 is_gc_concurrent: 1 target_footprint_: 27641949 GetBytesAllocated: 23834880 HeapGrowthMultiplier: 3
12-15 14:14:30.558  3177  3671 I com.miui.home: CheckGCForNative gc_urgency 0.859549 current_native_bytes is 159309645
12-15 14:14:30.602  3177  3177 I wm_on_paused_called: [0,238601760,com.miui.home.launcher.Launcher,performPause,1]
12-15 14:14:30.766  3177  3671 I com.miui.home: CheckGCForNative adj_start_bytes: 45161373 NativeAllocationGcWatermark: 11843851 java_gc_start_bytes: 27395597 kNewNativeDiscountFactor: 2 kOldNativeDiscountFactor: 65536 old_native_bytes: 129346561 new_native_bytes: 30282480 add_bytes_allowed: 35531553 is_gc_concurrent: 1 target_footprint_: 27641949 GetBytesAllocated: 24712160 HeapGrowthMultiplier: 3
12-15 14:14:30.766  3177  3671 I com.miui.home: CheckGCForNative gc_urgency 0.88251 current_native_bytes is 159629041
12-15 14:14:30.774  3177  7828 I com.miui.home: CheckGCForNative adj_start_bytes: 45161373 NativeAllocationGcWatermark: 11843851 java_gc_start_bytes: 27395597 kNewNativeDiscountFactor: 2 kOldNativeDiscountFactor: 65536 old_native_bytes: 129346561 new_native_bytes: 30319128 add_bytes_allowed: 35531553 is_gc_concurrent: 1 target_footprint_: 27641949 GetBytesAllocated: 24794144 HeapGrowthMultiplier: 3
12-15 14:14:30.774  3177  7828 I com.miui.home: CheckGCForNative gc_urgency 0.884731 current_native_bytes is 159665689
12-15 14:14:30.810  3177  3506 I com.miui.home: CheckGCForNative adj_start_bytes: 45161373 NativeAllocationGcWatermark: 11843851 java_gc_start_bytes: 27395597 kNewNativeDiscountFactor: 2 kOldNativeDiscountFactor: 65536 old_native_bytes: 129346561 new_native_bytes: 30633564 add_bytes_allowed: 35531553 is_gc_concurrent: 1 target_footprint_: 27641949 GetBytesAllocated: 25039904 HeapGrowthMultiplier: 3
12-15 14:14:30.810  3177  3506 I com.miui.home: CheckGCForNative gc_urgency 0.893654 current_native_bytes is 159980125
12-15 14:14:30.932  3177  3506 I com.miui.home: CheckGCForNative adj_start_bytes: 45161373 NativeAllocationGcWatermark: 11843851 java_gc_start_bytes: 27395597 kNewNativeDiscountFactor: 2 kOldNativeDiscountFactor: 65536 old_native_bytes: 129346561 new_native_bytes: 31002620 add_bytes_allowed: 35531553 is_gc_concurrent: 1 target_footprint_: 27641949 GetBytesAllocated: 25450144 HeapGrowthMultiplier: 3
12-15 14:14:30.932  3177  3506 I com.miui.home: CheckGCForNative gc_urgency 0.906824 current_native_bytes is 160349181
12-15 14:14:31.132  3177  3506 I com.miui.home: CheckGCForNative adj_start_bytes: 45161373 NativeAllocationGcWatermark: 11843851 java_gc_start_bytes: 27395597 kNewNativeDiscountFactor: 2 kOldNativeDiscountFactor: 65536 old_native_bytes: 129346561 new_native_bytes: 31128944 add_bytes_allowed: 35531553 is_gc_concurrent: 1 target_footprint_: 27641949 GetBytesAllocated: 25712288 HeapGrowthMultiplier: 3
12-15 14:14:31.132  3177  3506 I com.miui.home: CheckGCForNative gc_urgency 0.914027 current_native_bytes is 160475505
12-15 14:14:31.405 13645 13645 I wm_on_create_called: [0,228450604,com.ucpro.MainActivity,performCreate,64]
12-15 14:14:31.596  3177  3671 I com.miui.home: CheckGCForNative adj_start_bytes: 45161373 NativeAllocationGcWatermark: 11843851 java_gc_start_bytes: 27395597 kNewNativeDiscountFactor: 2 kOldNativeDiscountFactor: 65536 old_native_bytes: 129346561 new_native_bytes: 31030384 add_bytes_allowed: 35531553 is_gc_concurrent: 1 target_footprint_: 27641949 GetBytesAllocated: 26221088 HeapGrowthMultiplier: 3
12-15 14:14:31.596  3177  3671 I com.miui.home: CheckGCForNative gc_urgency 0.924203 current_native_bytes is 160376945
12-15 14:14:31.652  3177  3671 I com.miui.home: CheckGCForNative adj_start_bytes: 45161373 NativeAllocationGcWatermark: 11843851 java_gc_start_bytes: 27395597 kNewNativeDiscountFactor: 2 kOldNativeDiscountFactor: 65536 old_native_bytes: 129346561 new_native_bytes: 31426820 add_bytes_allowed: 35531553 is_gc_concurrent: 1 target_footprint_: 27641949 GetBytesAllocated: 26696880 HeapGrowthMultiplier: 3
12-15 14:14:31.652  3177  3671 I com.miui.home: CheckGCForNative gc_urgency 0.939127 current_native_bytes is 160773381
12-15 14:14:31.864 13645 13645 I wm_on_create_called: [0,155875123,com.ucpro.BrowserActivity,performCreate,414]
12-15 14:14:31.869 13645 13645 I wm_on_start_called: [0,155875123,com.ucpro.BrowserActivity,handleStartActivity,5]
12-15 14:14:31.874 13645 13645 I wm_on_resume_called: [0,155875123,com.ucpro.BrowserActivity,RESUME_ACTIVITY,4]
12-15 14:14:31.895 13645 13645 I wm_on_top_resumed_gained_called: [155875123,com.ucpro.BrowserActivity,topStateChangedWhenResumed]
12-15 14:14:32.413  3177  3177 I wm_on_stop_called: [0,238601760,com.miui.home.launcher.Launcher,STOP_ACTIVITY_ITEM,6]
12-15 14:14:32.919  3177  3177 I wm_on_restart_called: [0,238601760,com.miui.home.launcher.Launcher,performRestartActivity,0]
12-15 14:14:32.921  3177  3177 I wm_on_start_called: [0,238601760,com.miui.home.launcher.Launcher,handleStartActivity,2]
12-15 14:14:32.963  3177  3177 I com.miui.home: CheckGCForNative adj_start_bytes: 45161373 NativeAllocationGcWatermark: 11843851 java_gc_start_bytes: 27395597 kNewNativeDiscountFactor: 2 kOldNativeDiscountFactor: 65536 old_native_bytes: 129346561 new_native_bytes: 31758836 add_bytes_allowed: 35531553 is_gc_concurrent: 1 target_footprint_: 27641949 GetBytesAllocated: 27819696 HeapGrowthMultiplier: 3
12-15 14:14:32.963  3177  3177 I com.miui.home: CheckGCForNative gc_urgency 0.967665 current_native_bytes is 161105397
12-15 14:14:33.132  3177  3228 I com.miui.home: CheckGCForNative gc_urgency 0 current_native_bytes is 143740369
12-15 14:14:33.135  3177  3228 I com.miui.home: CheckGCForNative adj_start_bytes: 46541493 NativeAllocationGcWatermark: 12018383 java_gc_start_bytes: 28513919 kNewNativeDiscountFactor: 2 kOldNativeDiscountFactor: 65536 old_native_bytes: 143740369 new_native_bytes: 10706868 add_bytes_allowed: 36055149 is_gc_concurrent: 1 target_footprint_: 29038207 GetBytesAllocated: 14552064 HeapGrowthMultiplier: 3
12-15 14:14:33.135  3177  3228 I com.miui.home: CheckGCForNative gc_urgency 0.427741 current_native_bytes is 154447237
12-15 14:14:33.190  3177  3228 I com.miui.home: CheckGCForNative adj_start_bytes: 46541493 NativeAllocationGcWatermark: 12018383 java_gc_start_bytes: 28513919 kNewNativeDiscountFactor: 2 kOldNativeDiscountFactor: 65536 old_native_bytes: 143740369 new_native_bytes: 10731188 add_bytes_allowed: 36055149 is_gc_concurrent: 1 target_footprint_: 29038207 GetBytesAllocated: 14650368 HeapGrowthMultiplier: 3
12-15 14:14:33.191  3177  3228 I com.miui.home: CheckGCForNative gc_urgency 0.430114 current_native_bytes is 154471557
12-15 14:14:33.288  3177  3506 I com.miui.home: CheckGCForNative adj_start_bytes: 46541493 NativeAllocationGcWatermark: 12018383 java_gc_start_bytes: 28513919 kNewNativeDiscountFactor: 2 kOldNativeDiscountFactor: 65536 old_native_bytes: 143740369 new_native_bytes: 32436 add_bytes_allowed: 36055149 is_gc_concurrent: 1 target_footprint_: 29038207 GetBytesAllocated: 14699712 HeapGrowthMultiplier: 3
12-15 14:14:33.288  3177  3506 I com.miui.home: CheckGCForNative gc_urgency 0.316237 current_native_bytes is 143772805
12-15 14:14:33.294 13645 13645 I wm_on_destroy_called: [0,228450604,com.ucpro.MainActivity,performDestroy,113]
12-15 14:14:33.646  3177  3177 I wm_on_resume_called: [0,238601760,com.miui.home.launcher.Launcher,RESUME_ACTIVITY,5]
12-15 14:14:33.649  3177  3177 I wm_on_idle_called: com.miui.home.launcher.Launcher
12-15 14:14:33.800  3177  3177 I com.miui.home: CheckGCForNative adj_start_bytes: 46541493 NativeAllocationGcWatermark: 12018383 java_gc_start_bytes: 28513919 kNewNativeDiscountFactor: 2 kOldNativeDiscountFactor: 65536 old_native_bytes: 143740369 new_native_bytes: 60788 add_bytes_allowed: 36055149 is_gc_concurrent: 1 target_footprint_: 29038207 GetBytesAllocated: 15896672 HeapGrowthMultiplier: 3
12-15 14:14:33.800  3177  3177 I com.miui.home: CheckGCForNative gc_urgency 0.342259 current_native_bytes is 143801157
12-15 14:14:33.904  3177  3177 I wm_on_paused_called: [0,238601760,com.miui.home.launcher.Launcher,performPause,1]
12-15 14:14:33.918  3177  3671 I com.miui.home: CheckGCForNative adj_start_bytes: 46541493 NativeAllocationGcWatermark: 12018383 java_gc_start_bytes: 28513919 kNewNativeDiscountFactor: 2 kOldNativeDiscountFactor: 65536 old_native_bytes: 143740369 new_native_bytes: 627556 add_bytes_allowed: 36055149 is_gc_concurrent: 1 target_footprint_: 29038207 GetBytesAllocated: 16519968 HeapGrowthMultiplier: 3
12-15 14:14:33.918  3177  3671 I com.miui.home: CheckGCForNative gc_urgency 0.362092 current_native_bytes is 144367925
12-15 14:14:34.110  3177  3506 I com.miui.home: CheckGCForNative adj_start_bytes: 46541493 NativeAllocationGcWatermark: 12018383 java_gc_start_bytes: 28513919 kNewNativeDiscountFactor: 2 kOldNativeDiscountFactor: 65536 old_native_bytes: 143740369 new_native_bytes: 998124 add_bytes_allowed: 36055149 is_gc_concurrent: 1 target_footprint_: 29038207 GetBytesAllocated: 17266224 HeapGrowthMultiplier: 3
12-15 14:14:34.110  3177  3506 I com.miui.home: CheckGCForNative gc_urgency 0.381756 current_native_bytes is 144738493
12-15 14:14:34.144  3177  3506 I com.miui.home: CheckGCForNative adj_start_bytes: 46541493 NativeAllocationGcWatermark: 12018383 java_gc_start_bytes: 28513919 kNewNativeDiscountFactor: 2 kOldNativeDiscountFactor: 65536 old_native_bytes: 143740369 new_native_bytes: 1047724 add_bytes_allowed: 36055149 is_gc_concurrent: 1 target_footprint_: 29038207 GetBytesAllocated: 17348144 HeapGrowthMultiplier: 3
12-15 14:14:34.144  3177  3506 I com.miui.home: CheckGCForNative gc_urgency 0.384049 current_native_bytes is 144788093
12-15 14:14:34.245  3177  3671 I com.miui.home: CheckGCForNative adj_start_bytes: 46541493 NativeAllocationGcWatermark: 12018383 java_gc_start_bytes: 28513919 kNewNativeDiscountFactor: 2 kOldNativeDiscountFactor: 65536 old_native_bytes: 143740369 new_native_bytes: 11809184 add_bytes_allowed: 36055149 is_gc_concurrent: 1 target_footprint_: 29038207 GetBytesAllocated: 17479216 HeapGrowthMultiplier: 3
12-15 14:14:34.245  3177  3671 I com.miui.home: CheckGCForNative gc_urgency 0.502476 current_native_bytes is 155549553
12-15 14:14:34.277  3177  3506 I com.miui.home: CheckGCForNative adj_start_bytes: 46541493 NativeAllocationGcWatermark: 12018383 java_gc_start_bytes: 28513919 kNewNativeDiscountFactor: 2 kOldNativeDiscountFactor: 65536 old_native_bytes: 143740369 new_native_bytes: 1437568 add_bytes_allowed: 36055149 is_gc_concurrent: 1 target_footprint_: 29038207 GetBytesAllocated: 17561504 HeapGrowthMultiplier: 3
12-15 14:14:34.277  3177  3506 I com.miui.home: CheckGCForNative gc_urgency 0.392821 current_native_bytes is 145177937
12-15 14:14:34.364  3177  3671 I com.miui.home: CheckGCForNative adj_start_bytes: 46541493 NativeAllocationGcWatermark: 12018383 java_gc_start_bytes: 28513919 kNewNativeDiscountFactor: 2 kOldNativeDiscountFactor: 65536 old_native_bytes: 143740369 new_native_bytes: 1739840 add_bytes_allowed: 36055149 is_gc_concurrent: 1 target_footprint_: 29038207 GetBytesAllocated: 17988096 HeapGrowthMultiplier: 3
12-15 14:14:34.364  3177  3671 I com.miui.home: CheckGCForNative gc_urgency 0.405234 current_native_bytes is 145480209
12-15 14:14:34.566  3177  3506 I com.miui.home: CheckGCForNative adj_start_bytes: 46541493 NativeAllocationGcWatermark: 12018383 java_gc_start_bytes: 28513919 kNewNativeDiscountFactor: 2 kOldNativeDiscountFactor: 65536 old_native_bytes: 143740369 new_native_bytes: 2147764 add_bytes_allowed: 36055149 is_gc_concurrent: 1 target_footprint_: 29038207 GetBytesAllocated: 18233856 HeapGrowthMultiplier: 3
12-15 14:14:34.566  3177  3506 I com.miui.home: CheckGCForNative gc_urgency 0.414897 current_native_bytes is 145888133
12-15 14:14:35.017 14203 14203 I wm_on_create_called: [0,222572530,com.eg.android.AlipayGphone.AlipayLogin,performCreate,124]
12-15 14:14:35.026 14203 14203 I wm_on_start_called: [0,222572530,com.eg.android.AlipayGphone.AlipayLogin,handleStartActivity,9]
12-15 14:14:35.030 14203 14203 I wm_on_resume_called: [0,222572530,com.eg.android.AlipayGphone.AlipayLogin,RESUME_ACTIVITY,3]
12-15 14:14:35.051 14203 14203 I wm_on_top_resumed_gained_called: [222572530,com.eg.android.AlipayGphone.AlipayLogin,topStateChangedWhenResumed]
12-15 14:14:35.484  3177  3177 I wm_on_stop_called: [0,238601760,com.miui.home.launcher.Launcher,STOP_ACTIVITY_ITEM,12]
12-15 14:14:35.981  3177  3177 I wm_on_restart_called: [0,238601760,com.miui.home.launcher.Launcher,performRestartActivity,0]
12-15 14:14:35.982  3177  3177 I wm_on_start_called: [0,238601760,com.miui.home.launcher.Launcher,handleStartActivity,1]
12-15 14:14:36.035  3177  3228 I com.miui.home: CheckGCForNative gc_urgency 0 current_native_bytes is 139955749
12-15 14:14:36.035  3177  3228 I com.miui.home: CheckGCForNative adj_start_bytes: 44508618 NativeAllocationGcWatermark: 11763005 java_gc_start_bytes: 26864111 kNewNativeDiscountFactor: 2 kOldNativeDiscountFactor: 65536 old_native_bytes: 139955749 new_native_bytes: 10706560 add_bytes_allowed: 35289015 is_gc_concurrent: 1 target_footprint_: 26995183 GetBytesAllocated: 14219000 HeapGrowthMultiplier: 3
12-15 14:14:36.035  3177  3228 I com.miui.home: CheckGCForNative gc_urgency 0.439789 current_native_bytes is 150662309
12-15 14:14:36.077  3177  3506 I com.miui.home: CheckGCForNative adj_start_bytes: 44508618 NativeAllocationGcWatermark: 11763005 java_gc_start_bytes: 26864111 kNewNativeDiscountFactor: 2 kOldNativeDiscountFactor: 65536 old_native_bytes: 139955749 new_native_bytes: 150552 add_bytes_allowed: 35289015 is_gc_concurrent: 1 target_footprint_: 26995183 GetBytesAllocated: 14350168 HeapGrowthMultiplier: 3
12-15 14:14:36.077  3177  3506 I com.miui.home: CheckGCForNative gc_urgency 0.324152 current_native_bytes is 140106301
12-15 14:14:36.102  3177  3228 I com.miui.home: CheckGCForNative adj_start_bytes: 44508618 NativeAllocationGcWatermark: 11763005 java_gc_start_bytes: 26864111 kNewNativeDiscountFactor: 2 kOldNativeDiscountFactor: 65536 old_native_bytes: 139955749 new_native_bytes: 10865880 add_bytes_allowed: 35289015 is_gc_concurrent: 1 target_footprint_: 26995183 GetBytesAllocated: 14366552 HeapGrowthMultiplier: 3
12-15 14:14:36.102  3177  3228 I com.miui.home: CheckGCForNative gc_urgency 0.444894 current_native_bytes is 150821629
12-15 14:14:36.310  3177  3506 I com.miui.home: CheckGCForNative adj_start_bytes: 44508618 NativeAllocationGcWatermark: 11763005 java_gc_start_bytes: 26864111 kNewNativeDiscountFactor: 2 kOldNativeDiscountFactor: 65536 old_native_bytes: 139955749 new_native_bytes: 116792 add_bytes_allowed: 35289015 is_gc_concurrent: 1 target_footprint_: 26995183 GetBytesAllocated: 14514200 HeapGrowthMultiplier: 3
12-15 14:14:36.310  3177  3506 I com.miui.home: CheckGCForNative gc_urgency 0.327459 current_native_bytes is 140072541
12-15 14:14:36.546 14203 14203 I wm_on_top_resumed_lost_called: [222572530,com.eg.android.AlipayGphone.AlipayLogin,topStateChangedWhenResumed]
12-15 14:14:36.584 14203 14203 I wm_on_paused_called: [0,222572530,com.eg.android.AlipayGphone.AlipayLogin,performPause,20]
12-15 14:14:36.606  3177  3177 I wm_on_resume_called: [0,238601760,com.miui.home.launcher.Launcher,RESUME_ACTIVITY,5]
12-15 14:14:36.606  3177  3177 I wm_on_top_resumed_gained_called: [238601760,com.miui.home.launcher.Launcher,topWhenResuming]
12-15 14:14:36.613  3177  3177 I wm_on_idle_called: com.miui.home.launcher.Launcher
12-15 14:14:36.790 14447 14447 I wm_on_application_create_called: [0,com.eg.android.AlipayGphone,334]
12-15 14:14:36.798  3177  3671 I com.miui.home: CheckGCForNative adj_start_bytes: 44508618 NativeAllocationGcWatermark: 11763005 java_gc_start_bytes: 26864111 kNewNativeDiscountFactor: 2 kOldNativeDiscountFactor: 65536 old_native_bytes: 139955749 new_native_bytes: 642252 add_bytes_allowed: 35289015 is_gc_concurrent: 1 target_footprint_: 26995183 GetBytesAllocated: 16006856 HeapGrowthMultiplier: 3
12-15 14:14:36.798  3177  3671 I com.miui.home: CheckGCForNative gc_urgency 0.366898 current_native_bytes is 140598001
12-15 14:14:36.806  3177  3671 I com.miui.home: CheckGCForNative adj_start_bytes: 44508618 NativeAllocationGcWatermark: 11763005 java_gc_start_bytes: 26864111 kNewNativeDiscountFactor: 2 kOldNativeDiscountFactor: 65536 old_native_bytes: 139955749 new_native_bytes: 1038716 add_bytes_allowed: 35289015 is_gc_concurrent: 1 target_footprint_: 26995183 GetBytesAllocated: 16006856 HeapGrowthMultiplier: 3
12-15 14:14:36.806  3177  3671 I com.miui.home: CheckGCForNative gc_urgency 0.371352 current_native_bytes is 140994465
12-15 14:14:36.809  3177  3671 I com.miui.home: CheckGCForNative adj_start_bytes: 44508618 NativeAllocationGcWatermark: 11763005 java_gc_start_bytes: 26864111 kNewNativeDiscountFactor: 2 kOldNativeDiscountFactor: 65536 old_native_bytes: 139955749 new_native_bytes: 1052892 add_bytes_allowed: 35289015 is_gc_concurrent: 1 target_footprint_: 26995183 GetBytesAllocated: 16023240 HeapGrowthMultiplier: 3
12-15 14:14:36.809  3177  3671 I com.miui.home: CheckGCForNative gc_urgency 0.371879 current_native_bytes is 141008641
12-15 14:14:36.853  3177  3671 I com.miui.home: CheckGCForNative adj_start_bytes: 44508618 NativeAllocationGcWatermark: 11763005 java_gc_start_bytes: 26864111 kNewNativeDiscountFactor: 2 kOldNativeDiscountFactor: 65536 old_native_bytes: 139955749 new_native_bytes: 2221500 add_bytes_allowed: 35289015 is_gc_concurrent: 1 target_footprint_: 26995183 GetBytesAllocated: 16056184 HeapGrowthMultiplier: 3
12-15 14:14:36.855  3177  3671 I com.miui.home: CheckGCForNative gc_urgency 0.385747 current_native_bytes is 142177249
12-15 14:14:36.908  3177  3671 I com.miui.home: CheckGCForNative adj_start_bytes: 44508618 NativeAllocationGcWatermark: 11763005 java_gc_start_bytes: 26864111 kNewNativeDiscountFactor: 2 kOldNativeDiscountFactor: 65536 old_native_bytes: 139955749 new_native_bytes: 7690284 add_bytes_allowed: 35289015 is_gc_concurrent: 1 target_footprint_: 26995183 GetBytesAllocated: 16105512 HeapGrowthMultiplier: 3
12-15 14:14:36.908  3177  3671 I com.miui.home: CheckGCForNative gc_urgency 0.44829 current_native_bytes is 147646033
12-15 14:14:36.910  3177  3671 I com.miui.home: CheckGCForNative adj_start_bytes: 44508618 NativeAllocationGcWatermark: 11763005 java_gc_start_bytes: 26864111 kNewNativeDiscountFactor: 2 kOldNativeDiscountFactor: 65536 old_native_bytes: 139955749 new_native_bytes: 3023564 add_bytes_allowed: 35289015 is_gc_concurrent: 1 target_footprint_: 26995183 GetBytesAllocated: 16105512 HeapGrowthMultiplier: 3
12-15 14:14:36.910  3177  3671 I com.miui.home: CheckGCForNative gc_urgency 0.395866 current_native_bytes is 142979313
12-15 14:14:36.923  3177  3671 I com.miui.home: CheckGCForNative adj_start_bytes: 44508618 NativeAllocationGcWatermark: 11763005 java_gc_start_bytes: 26864111 kNewNativeDiscountFactor: 2 kOldNativeDiscountFactor: 65536 old_native_bytes: 139955749 new_native_bytes: 9222732 add_bytes_allowed: 35289015 is_gc_concurrent: 1 target_footprint_: 26995183 GetBytesAllocated: 16154840 HeapGrowthMultiplier: 3
12-15 14:14:36.923  3177  3671 I com.miui.home: CheckGCForNative gc_urgency 0.466614 current_native_bytes is 149178481
12-15 14:14:36.928  3177  3177 I wm_on_top_resumed_lost_called: [238601760,com.miui.home.launcher.Launcher,topStateChangedWhenResumed]
12-15 14:14:36.930  3177  3671 I com.miui.home: CheckGCForNative adj_start_bytes: 44508618 NativeAllocationGcWatermark: 11763005 java_gc_start_bytes: 26864111 kNewNativeDiscountFactor: 2 kOldNativeDiscountFactor: 65536 old_native_bytes: 139955749 new_native_bytes: 9644620 add_bytes_allowed: 35289015 is_gc_concurrent: 1 target_footprint_: 26995183 GetBytesAllocated: 16171224 HeapGrowthMultiplier: 3
12-15 14:14:36.930  3177  3671 I com.miui.home: CheckGCForNative gc_urgency 0.471721 current_native_bytes is 149600369
12-15 14:14:36.931  3177  3177 I wm_on_paused_called: [0,238601760,com.miui.home.launcher.Launcher,performPause,2]
12-15 14:14:36.937  3177  3671 I com.miui.home: CheckGCForNative adj_start_bytes: 44508618 NativeAllocationGcWatermark: 11763005 java_gc_start_bytes: 26864111 kNewNativeDiscountFactor: 2 kOldNativeDiscountFactor: 65536 old_native_bytes: 139955749 new_native_bytes: 10403188 add_bytes_allowed: 35289015 is_gc_concurrent: 1 target_footprint_: 26995183 GetBytesAllocated: 16269784 HeapGrowthMultiplier: 3
12-15 14:14:36.937  3177  3671 I com.miui.home: CheckGCForNative gc_urgency 0.482457 current_native_bytes is 150358937
12-15 14:14:36.938  3177  3671 I com.miui.home: CheckGCForNative adj_start_bytes: 44508618 NativeAllocationGcWatermark: 11763005 java_gc_start_bytes: 26864111 kNewNativeDiscountFactor: 2 kOldNativeDiscountFactor: 65536 old_native_bytes: 139955749 new_native_bytes: 10863988 add_bytes_allowed: 35289015 is_gc_concurrent: 1 target_footprint_: 26995183 GetBytesAllocated: 16269784 HeapGrowthMultiplier: 3
12-15 14:14:36.938  3177  3671 I com.miui.home: CheckGCForNative gc_urgency 0.487634 current_native_bytes is 150819737
12-15 14:14:37.007  3177  3671 I com.miui.home: CheckGCForNative adj_start_bytes: 44508618 NativeAllocationGcWatermark: 11763005 java_gc_start_bytes: 26864111 kNewNativeDiscountFactor: 2 kOldNativeDiscountFactor: 65536 old_native_bytes: 139955749 new_native_bytes: 6422092 add_bytes_allowed: 35289015 is_gc_concurrent: 1 target_footprint_: 26995183 GetBytesAllocated: 16515624 HeapGrowthMultiplier: 3
12-15 14:14:37.007  3177  3671 I com.miui.home: CheckGCForNative gc_urgency 0.443258 current_native_bytes is 146377841
12-15 14:14:37.037 14203 14203 I wm_on_stop_called: [0,222572530,com.eg.android.AlipayGphone.AlipayLogin,STOP_ACTIVITY_ITEM,157]
12-15 14:14:37.139  3177  7828 I com.miui.home: CheckGCForNative adj_start_bytes: 44508618 NativeAllocationGcWatermark: 11763005 java_gc_start_bytes: 26864111 kNewNativeDiscountFactor: 2 kOldNativeDiscountFactor: 65536 old_native_bytes: 139955749 new_native_bytes: 6739180 add_bytes_allowed: 35289015 is_gc_concurrent: 1 target_footprint_: 26995183 GetBytesAllocated: 16917832 HeapGrowthMultiplier: 3
12-15 14:14:37.139  3177  7828 I com.miui.home: CheckGCForNative gc_urgency 0.455857 current_native_bytes is 146694929
12-15 14:14:37.228  3177  3671 I com.miui.home: CheckGCForNative adj_start_bytes: 44508618 NativeAllocationGcWatermark: 11763005 java_gc_start_bytes: 26864111 kNewNativeDiscountFactor: 2 kOldNativeDiscountFactor: 65536 old_native_bytes: 139955749 new_native_bytes: 7810764 add_bytes_allowed: 35289015 is_gc_concurrent: 1 target_footprint_: 26995183 GetBytesAllocated: 17081672 HeapGrowthMultiplier: 3
12-15 14:14:37.228  3177  3671 I com.miui.home: CheckGCForNative gc_urgency 0.471576 current_native_bytes is 147766513
12-15 14:14:37.286  3177  3463 I com.miui.home: CheckGCForNative adj_start_bytes: 44508618 NativeAllocationGcWatermark: 11763005 java_gc_start_bytes: 26864111 kNewNativeDiscountFactor: 2 kOldNativeDiscountFactor: 65536 old_native_bytes: 139955749 new_native_bytes: 18931404 add_bytes_allowed: 35289015 is_gc_concurrent: 1 target_footprint_: 26995183 GetBytesAllocated: 17393128 HeapGrowthMultiplier: 3
12-15 14:14:37.286  3177  3463 I com.miui.home: CheckGCForNative gc_urgency 0.6035 current_native_bytes is 158887153
12-15 14:14:37.346  3177  3671 I com.miui.home: CheckGCForNative adj_start_bytes: 44508618 NativeAllocationGcWatermark: 11763005 java_gc_start_bytes: 26864111 kNewNativeDiscountFactor: 2 kOldNativeDiscountFactor: 65536 old_native_bytes: 139955749 new_native_bytes: 33473656 add_bytes_allowed: 35289015 is_gc_concurrent: 1 target_footprint_: 26995183 GetBytesAllocated: 17557704 HeapGrowthMultiplier: 3
12-15 14:14:37.346  3177  3671 I com.miui.home: CheckGCForNative gc_urgency 0.770562 current_native_bytes is 173429405
12-15 14:14:37.387  3177  3463 I com.miui.home: CheckGCForNative adj_start_bytes: 44508618 NativeAllocationGcWatermark: 11763005 java_gc_start_bytes: 26864111 kNewNativeDiscountFactor: 2 kOldNativeDiscountFactor: 65536 old_native_bytes: 139955749 new_native_bytes: 33521624 add_bytes_allowed: 35289015 is_gc_concurrent: 1 target_footprint_: 26995183 GetBytesAllocated: 17639624 HeapGrowthMultiplier: 3
12-15 14:14:37.387  3177  3463 I com.miui.home: CheckGCForNative gc_urgency 0.772942 current_native_bytes is 173477373
12-15 14:14:37.388  3177  3463 I com.miui.home: CheckGCForNative adj_start_bytes: 44508618 NativeAllocationGcWatermark: 11763005 java_gc_start_bytes: 26864111 kNewNativeDiscountFactor: 2 kOldNativeDiscountFactor: 65536 old_native_bytes: 139955749 new_native_bytes: 21725784 add_bytes_allowed: 35289015 is_gc_concurrent: 1 target_footprint_: 26995183 GetBytesAllocated: 17639624 HeapGrowthMultiplier: 3
12-15 14:14:37.388  3177  3463 I com.miui.home: CheckGCForNative gc_urgency 0.64043 current_native_bytes is 161681533
12-15 14:14:37.415  3177  3671 I com.miui.home: CheckGCForNative adj_start_bytes: 44508618 NativeAllocationGcWatermark: 11763005 java_gc_start_bytes: 26864111 kNewNativeDiscountFactor: 2 kOldNativeDiscountFactor: 65536 old_native_bytes: 139955749 new_native_bytes: 21756032 add_bytes_allowed: 35289015 is_gc_concurrent: 1 target_footprint_: 26995183 GetBytesAllocated: 17819848 HeapGrowthMultiplier: 3
12-15 14:14:37.415  3177  3671 I com.miui.home: CheckGCForNative gc_urgency 0.644819 current_native_bytes is 161711781
12-15 14:14:37.418  3177  3463 I com.miui.home: CheckGCForNative adj_start_bytes: 44508618 NativeAllocationGcWatermark: 11763005 java_gc_start_bytes: 26864111 kNewNativeDiscountFactor: 2 kOldNativeDiscountFactor: 65536 old_native_bytes: 139955749 new_native_bytes: 22532416 add_bytes_allowed: 35289015 is_gc_concurrent: 1 target_footprint_: 26995183 GetBytesAllocated: 17836232 HeapGrowthMultiplier: 3
12-15 14:14:37.418  3177  3463 I com.miui.home: CheckGCForNative gc_urgency 0.653909 current_native_bytes is 162488165
12-15 14:14:37.430  3177  3463 I com.miui.home: CheckGCForNative adj_start_bytes: 44508618 NativeAllocationGcWatermark: 11763005 java_gc_start_bytes: 26864111 kNewNativeDiscountFactor: 2 kOldNativeDiscountFactor: 65536 old_native_bytes: 139955749 new_native_bytes: 23987144 add_bytes_allowed: 35289015 is_gc_concurrent: 1 target_footprint_: 26995183 GetBytesAllocated: 17885432 HeapGrowthMultiplier: 3
12-15 14:14:37.430  3177  3463 I com.miui.home: CheckGCForNative gc_urgency 0.671356 current_native_bytes is 163942893
12-15 14:14:37.430  3177  3463 I com.miui.home: CheckGCForNative adj_start_bytes: 44508618 NativeAllocationGcWatermark: 11763005 java_gc_start_bytes: 26864111 kNewNativeDiscountFactor: 2 kOldNativeDiscountFactor: 65536 old_native_bytes: 139955749 new_native_bytes: 25437776 add_bytes_allowed: 35289015 is_gc_concurrent: 1 target_footprint_: 26995183 GetBytesAllocated: 17901816 HeapGrowthMultiplier: 3
12-15 14:14:37.430  3177  3463 I com.miui.home: CheckGCForNative gc_urgency 0.68802 current_native_bytes is 165393525
12-15 14:14:37.454  3177  3463 I com.miui.home: CheckGCForNative adj_start_bytes: 44508618 NativeAllocationGcWatermark: 11763005 java_gc_start_bytes: 26864111 kNewNativeDiscountFactor: 2 kOldNativeDiscountFactor: 65536 old_native_bytes: 139955749 new_native_bytes: 36449104 add_bytes_allowed: 35289015 is_gc_concurrent: 1 target_footprint_: 26995183 GetBytesAllocated: 17901816 HeapGrowthMultiplier: 3
12-15 14:14:37.454  3177  3463 I com.miui.home: CheckGCForNative gc_urgency 0.811719 current_native_bytes is 176404853
12-15 14:14:38.314 14684 14684 I wm_on_application_create_called: [0,com.ss.android.ugc.aweme,314]
12-15 14:14:38.876 14684 14684 I wm_on_create_called: [0,229884461,com.ss.android.ugc.aweme.splash.SplashActivity,performCreate,508]
12-15 14:14:38.911  3177  3177 I wm_on_stop_called: [0,238601760,com.miui.home.launcher.Launcher,STOP_ACTIVITY_ITEM,12]
12-15 14:14:39.156 14684 14684 I wm_on_start_called: [0,229884461,com.ss.android.ugc.aweme.splash.SplashActivity,handleStartActivity,279]
12-15 14:14:39.187 14684 14684 I wm_on_resume_called: [0,229884461,com.ss.android.ugc.aweme.splash.SplashActivity,RESUME_ACTIVITY,16]
12-15 14:14:39.238 14684 14684 I wm_on_top_resumed_gained_called: [229884461,com.ss.android.ugc.aweme.splash.SplashActivity,topStateChangedWhenResumed]
12-15 14:14:39.299  3177  3177 I wm_on_restart_called: [0,238601760,com.miui.home.launcher.Launcher,performRestartActivity,0]
12-15 14:14:39.301  3177  3177 I wm_on_start_called: [0,238601760,com.miui.home.launcher.Launcher,handleStartActivity,1]
12-15 14:14:39.483  3177  3228 I com.miui.home: CheckGCForNative gc_urgency 0 current_native_bytes is 143585101
12-15 14:14:39.496  3177  3228 I com.miui.home: CheckGCForNative adj_start_bytes: 44423517 NativeAllocationGcWatermark: 11754047 java_gc_start_bytes: 26792447 kNewNativeDiscountFactor: 2 kOldNativeDiscountFactor: 65536 old_native_bytes: 143585101 new_native_bytes: 10706304 add_bytes_allowed: 35262141 is_gc_concurrent: 1 target_footprint_: 26923519 GetBytesAllocated: 14322528 HeapGrowthMultiplier: 3
12-15 14:14:39.497  3177  3228 I com.miui.home: CheckGCForNative gc_urgency 0.442961 current_native_bytes is 154291405
12-15 14:14:39.502  3177  7828 I com.miui.home: CheckGCForNative adj_start_bytes: 44423517 NativeAllocationGcWatermark: 11754047 java_gc_start_bytes: 26792447 kNewNativeDiscountFactor: 2 kOldNativeDiscountFactor: 65536 old_native_bytes: 143585101 new_native_bytes: 2272 add_bytes_allowed: 35262141 is_gc_concurrent: 1 target_footprint_: 26923519 GetBytesAllocated: 14371680 HeapGrowthMultiplier: 3
12-15 14:14:39.502  3177  7828 I com.miui.home: CheckGCForNative gc_urgency 0.32359 current_native_bytes is 143587373
12-15 14:14:39.532  3177  3228 I com.miui.home: CheckGCForNative adj_start_bytes: 44423517 NativeAllocationGcWatermark: 11754047 java_gc_start_bytes: 26792447 kNewNativeDiscountFactor: 2 kOldNativeDiscountFactor: 65536 old_native_bytes: 143585101 new_native_bytes: 10744560 add_bytes_allowed: 35262141 is_gc_concurrent: 1 target_footprint_: 26923519 GetBytesAllocated: 14388064 HeapGrowthMultiplier: 3
12-15 14:14:39.532  3177  3228 I com.miui.home: CheckGCForNative gc_urgency 0.444867 current_native_bytes is 154329661
12-15 14:14:39.826  3177  3506 I com.miui.home: CheckGCForNative adj_start_bytes: 44423517 NativeAllocationGcWatermark: 11754047 java_gc_start_bytes: 26792447 kNewNativeDiscountFactor: 2 kOldNativeDiscountFactor: 65536 old_native_bytes: 143585101 new_native_bytes: 92528 add_bytes_allowed: 35262141 is_gc_concurrent: 1 target_footprint_: 26923519 GetBytesAllocated: 14683168 HeapGrowthMultiplier: 3
12-15 14:14:39.826  3177  3506 I com.miui.home: CheckGCForNative gc_urgency 0.331618 current_native_bytes is 143677629
12-15 14:14:40.026  3177  3177 I wm_on_resume_called: [0,238601760,com.miui.home.launcher.Launcher,RESUME_ACTIVITY,6]
12-15 14:14:40.028  3177  3177 I wm_on_idle_called: com.miui.home.launcher.Launcher
12-15 14:14:40.325  3177  3671 I com.miui.home: CheckGCForNative adj_start_bytes: 44423517 NativeAllocationGcWatermark: 11754047 java_gc_start_bytes: 26792447 kNewNativeDiscountFactor: 2 kOldNativeDiscountFactor: 65536 old_native_bytes: 143585101 new_native_bytes: 644552 add_bytes_allowed: 35262141 is_gc_concurrent: 1 target_footprint_: 26923519 GetBytesAllocated: 15898352 HeapGrowthMultiplier: 3
12-15 14:14:40.325  3177  3671 I com.miui.home: CheckGCForNative gc_urgency 0.365185 current_native_bytes is 144229653
12-15 14:14:40.352  3177  3671 I com.miui.home: CheckGCForNative adj_start_bytes: 44423517 NativeAllocationGcWatermark: 11754047 java_gc_start_bytes: 26792447 kNewNativeDiscountFactor: 2 kOldNativeDiscountFactor: 65536 old_native_bytes: 143585101 new_native_bytes: 1267180 add_bytes_allowed: 35262141 is_gc_concurrent: 1 target_footprint_: 26923519 GetBytesAllocated: 15964064 HeapGrowthMultiplier: 3
12-15 14:14:40.352  3177  3671 I com.miui.home: CheckGCForNative gc_urgency 0.373672 current_native_bytes is 144852281
12-15 14:14:40.362  3177  3671 I com.miui.home: CheckGCForNative adj_start_bytes: 44423517 NativeAllocationGcWatermark: 11754047 java_gc_start_bytes: 26792447 kNewNativeDiscountFactor: 2 kOldNativeDiscountFactor: 65536 old_native_bytes: 143585101 new_native_bytes: 1872316 add_bytes_allowed: 35262141 is_gc_concurrent: 1 target_footprint_: 26923519 GetBytesAllocated: 16013392 HeapGrowthMultiplier: 3
12-15 14:14:40.362  3177  3671 I com.miui.home: CheckGCForNative gc_urgency 0.381594 current_native_bytes is 145457417
12-15 14:14:40.364  3177  3671 I com.miui.home: CheckGCForNative adj_start_bytes: 44423517 NativeAllocationGcWatermark: 11754047 java_gc_start_bytes: 26792447 kNewNativeDiscountFactor: 2 kOldNativeDiscountFactor: 65536 old_native_bytes: 143585101 new_native_bytes: 2255964 add_bytes_allowed: 35262141 is_gc_concurrent: 1 target_footprint_: 26923519 GetBytesAllocated: 16013392 HeapGrowthMultiplier: 3
12-15 14:14:40.364  3177  3671 I com.miui.home: CheckGCForNative gc_urgency 0.385912 current_native_bytes is 145841065
12-15 14:14:40.372  3177  3671 I com.miui.home: CheckGCForNative adj_start_bytes: 44423517 NativeAllocationGcWatermark: 11754047 java_gc_start_bytes: 26792447 kNewNativeDiscountFactor: 2 kOldNativeDiscountFactor: 65536 old_native_bytes: 143585101 new_native_bytes: 2841116 add_bytes_allowed: 35262141 is_gc_concurrent: 1 target_footprint_: 26923519 GetBytesAllocated: 16078992 HeapGrowthMultiplier: 3
12-15 14:14:40.372  3177  3671 I com.miui.home: CheckGCForNative gc_urgency 0.393975 current_native_bytes is 146426217
12-15 14:14:40.374  3177  3671 I com.miui.home: CheckGCForNative adj_start_bytes: 44423517 NativeAllocationGcWatermark: 11754047 java_gc_start_bytes: 26792447 kNewNativeDiscountFactor: 2 kOldNativeDiscountFactor: 65536 old_native_bytes: 143585101 new_native_bytes: 3380828 add_bytes_allowed: 35262141 is_gc_concurrent: 1 target_footprint_: 26923519 GetBytesAllocated: 16079120 HeapGrowthMultiplier: 3
12-15 14:14:40.374  3177  3671 I com.miui.home: CheckGCForNative gc_urgency 0.400052 current_native_bytes is 146965929
12-15 14:14:40.376  3177  3671 I com.miui.home: CheckGCForNative adj_start_bytes: 44423517 NativeAllocationGcWatermark: 11754047 java_gc_start_bytes: 26792447 kNewNativeDiscountFactor: 2 kOldNativeDiscountFactor: 65536 old_native_bytes: 143585101 new_native_bytes: 3781788 add_bytes_allowed: 35262141 is_gc_concurrent: 1 target_footprint_: 26923519 GetBytesAllocated: 16079120 HeapGrowthMultiplier: 3
12-15 14:14:40.376  3177  3671 I com.miui.home: CheckGCForNative gc_urgency 0.404565 current_native_bytes is 147366889
12-15 14:14:40.383  3177  3671 I com.miui.home: CheckGCForNative adj_start_bytes: 44423517 NativeAllocationGcWatermark: 11754047 java_gc_start_bytes: 26792447 kNewNativeDiscountFactor: 2 kOldNativeDiscountFactor: 65536 old_native_bytes: 143585101 new_native_bytes: 4563740 add_bytes_allowed: 35262141 is_gc_concurrent: 1 target_footprint_: 26923519 GetBytesAllocated: 16112064 HeapGrowthMultiplier: 3
12-15 14:14:40.383  3177  3671 I com.miui.home: CheckGCForNative gc_urgency 0.414108 current_native_bytes is 148148841
12-15 14:14:40.384  3177  3671 I com.miui.home: CheckGCForNative adj_start_bytes: 44423517 NativeAllocationGcWatermark: 11754047 java_gc_start_bytes: 26792447 kNewNativeDiscountFactor: 2 kOldNativeDiscountFactor: 65536 old_native_bytes: 143585101 new_native_bytes: 5024540 add_bytes_allowed: 35262141 is_gc_concurrent: 1 target_footprint_: 26923519 GetBytesAllocated: 16112064 HeapGrowthMultiplier: 3
12-15 14:14:40.384  3177  3671 I com.miui.home: CheckGCForNative gc_urgency 0.419294 current_native_bytes is 148609641
12-15 14:14:40.419  3177  3671 I com.miui.home: CheckGCForNative adj_start_bytes: 44423517 NativeAllocationGcWatermark: 11754047 java_gc_start_bytes: 26792447 kNewNativeDiscountFactor: 2 kOldNativeDiscountFactor: 65536 old_native_bytes: 143585101 new_native_bytes: 16172444 add_bytes_allowed: 35262141 is_gc_concurrent: 1 target_footprint_: 26923519 GetBytesAllocated: 16292352 HeapGrowthMultiplier: 3
12-15 14:14:40.419  3177  3671 I com.miui.home: CheckGCForNative gc_urgency 0.548826 current_native_bytes is 159757545
12-15 14:14:40.446  3177  3463 I com.miui.home: CheckGCForNative adj_start_bytes: 44423517 NativeAllocationGcWatermark: 11754047 java_gc_start_bytes: 26792447 kNewNativeDiscountFactor: 2 kOldNativeDiscountFactor: 65536 old_native_bytes: 143585101 new_native_bytes: 5944820 add_bytes_allowed: 35262141 is_gc_concurrent: 1 target_footprint_: 26923519 GetBytesAllocated: 16473584 HeapGrowthMultiplier: 3
12-15 14:14:40.446  3177  3463 I com.miui.home: CheckGCForNative gc_urgency 0.43779 current_native_bytes is 149529921
12-15 14:14:40.450  3177  3463 I com.miui.home: CheckGCForNative adj_start_bytes: 44423517 NativeAllocationGcWatermark: 11754047 java_gc_start_bytes: 26792447 kNewNativeDiscountFactor: 2 kOldNativeDiscountFactor: 65536 old_native_bytes: 143585101 new_native_bytes: 6341140 add_bytes_allowed: 35262141 is_gc_concurrent: 1 target_footprint_: 26923519 GetBytesAllocated: 16522832 HeapGrowthMultiplier: 3
12-15 14:14:40.450  3177  3463 I com.miui.home: CheckGCForNative gc_urgency 0.44336 current_native_bytes is 149926241
12-15 14:14:40.463  3177  3671 I com.miui.home: CheckGCForNative adj_start_bytes: 44423517 NativeAllocationGcWatermark: 11754047 java_gc_start_bytes: 26792447 kNewNativeDiscountFactor: 2 kOldNativeDiscountFactor: 65536 old_native_bytes: 143585101 new_native_bytes: 6804936 add_bytes_allowed: 35262141 is_gc_concurrent: 1 target_footprint_: 26923519 GetBytesAllocated: 16571984 HeapGrowthMultiplier: 3
12-15 14:14:40.463  3177  3671 I com.miui.home: CheckGCForNative gc_urgency 0.449686 current_native_bytes is 150390037
12-15 14:14:40.491  3177  3177 I wm_on_top_resumed_gained_called: [238601760,com.miui.home.launcher.Launcher,topStateChangedWhenResumed]