12-18 14:56:46.681  3166  3436 I com.miui.home: CheckGCForNative adj_start_bytes: 43492354 NativeAllocationGcWatermark: 11666381 java_gc_start_bytes: 25992783 kNewNativeDiscountFactor: 2 kOldNativeDiscountFactor: 65536 old_native_bytes: 145824421 new_native_bytes: 42175224 add_bytes_allowed: 34999143 is_gc_concurrent: 1 target_footprint_: 26222191 GetBytesAllocated: 19860512 HeapGrowthMultiplier: 3
12-18 14:56:46.681  3166  3436 I com.miui.home: CheckGCForNative gc_urgency 0.941553 current_native_bytes is 187999645
12-18 14:56:46.713  9428  9428 I wm_on_top_resumed_lost_called: [26140740,com.android.packageinstaller.permission.ui.GrantPermissionsActivity,topStateChangedWhenResumed]
12-18 14:56:46.728  9428  9428 I wm_on_paused_called: [0,26140740,com.android.packageinstaller.permission.ui.GrantPermissionsActivity,performPause,1]
12-18 14:56:46.828  9428  9428 I wm_on_create_called: [0,8895159,com.android.packageinstaller.permission.ui.GrantPermissionsActivity,performCreate,41]
12-18 14:56:46.850  9428  9428 I wm_on_resume_called: [0,26140740,com.android.packageinstaller.permission.ui.GrantPermissionsActivity,RESUME_ACTIVITY,1]
12-18 14:56:46.850  9428  9428 I wm_on_top_resumed_gained_called: [26140740,com.android.packageinstaller.permission.ui.GrantPermissionsActivity,topWhenResuming]
12-18 14:56:46.855  9428  9428 I wm_on_idle_called: com.android.packageinstaller.permission.ui.GrantPermissionsActivity
12-18 14:56:46.925  9424  9424 I wm_on_create_called: [0,190810976,com.xunmeng.pinduoduo.ui.activity.HomeActivity,performCreate,202]
12-18 14:56:46.987  3166  3471 I com.miui.home: CheckGCForNative adj_start_bytes: 43492354 NativeAllocationGcWatermark: 11666381 java_gc_start_bytes: 25992783 kNewNativeDiscountFactor: 2 kOldNativeDiscountFactor: 65536 old_native_bytes: 145824421 new_native_bytes: 42177648 add_bytes_allowed: 34999143 is_gc_concurrent: 1 target_footprint_: 26222191 GetBytesAllocated: 20303392 HeapGrowthMultiplier: 3
12-18 14:56:46.988  3166  3471 I com.miui.home: CheckGCForNative gc_urgency 0.951764 current_native_bytes is 188002069
12-18 14:56:47.112  3166  3645 I com.miui.home: CheckGCForNative adj_start_bytes: 43492354 NativeAllocationGcWatermark: 11666381 java_gc_start_bytes: 25992783 kNewNativeDiscountFactor: 2 kOldNativeDiscountFactor: 65536 old_native_bytes: 145824421 new_native_bytes: 42080500 add_bytes_allowed: 34999143 is_gc_concurrent: 1 target_footprint_: 26222191 GetBytesAllocated: 20532768 HeapGrowthMultiplier: 3
12-18 14:56:47.112  3166  3645 I com.miui.home: CheckGCForNative gc_urgency 0.955921 current_native_bytes is 187904921
12-18 14:56:47.113  9424  9424 I wm_on_start_called: [0,190810976,com.xunmeng.pinduoduo.ui.activity.HomeActivity,handleStartActivity,186]
12-18 14:56:47.116  9428  9428 I wm_on_destroy_called: [0,8895159,com.android.packageinstaller.permission.ui.GrantPermissionsActivity,performDestroy,0]
12-18 14:56:47.131  9424  9424 I wm_on_resume_called: [0,190810976,com.xunmeng.pinduoduo.ui.activity.HomeActivity,LIFECYCLER_RESUME_ACTIVITY,7]
12-18 14:56:47.155  3166  3166 I wm_on_stop_called: [0,183980360,com.miui.home.launcher.Launcher,STOP_ACTIVITY_ITEM,8]
12-18 14:56:47.299  9424  9424 I wm_on_paused_called: [0,190810976,com.xunmeng.pinduoduo.ui.activity.HomeActivity,performPause,74]
12-18 14:56:47.313  9424  9424 I wm_on_destroy_called: [0,168457726,com.xunmeng.pinduoduo.ui.activity.MainFrameActivity,performDestroy,6]
12-18 14:56:47.343  3166  3645 I com.miui.home: CheckGCForNative adj_start_bytes: 43492354 NativeAllocationGcWatermark: 11666381 java_gc_start_bytes: 25992783 kNewNativeDiscountFactor: 2 kOldNativeDiscountFactor: 65536 old_native_bytes: 145824421 new_native_bytes: 48017320 add_bytes_allowed: 34999143 is_gc_concurrent: 1 target_footprint_: 26222191 GetBytesAllocated: 21131328 HeapGrowthMultiplier: 3
12-18 14:56:47.343  3166  3645 I com.miui.home: CheckGCForNative gc_urgency 1.03793 current_native_bytes is 193841741
12-18 14:56:47.344  3166  3645 I com.miui.home: CheckGCForNative requested 1
12-18 14:56:47.915  3166  3166 I wm_on_restart_called: [0,183980360,com.miui.home.launcher.Launcher,performRestartActivity,0]
12-18 14:56:47.917  3166  3166 I wm_on_start_called: [0,183980360,com.miui.home.launcher.Launcher,handleStartActivity,2]
12-18 14:56:47.965  3166  3166 I com.miui.home: CheckGCForNative gc_urgency 0 current_native_bytes is 136459649
12-18 14:56:48.020  3166  8897 I com.miui.home: CheckGCForNative adj_start_bytes: 44283542 NativeAllocationGcWatermark: 11739313 java_gc_start_bytes: 26674573 kNewNativeDiscountFactor: 2 kOldNativeDiscountFactor: 65536 old_native_bytes: 136459649 new_native_bytes: 10790168 add_bytes_allowed: 35217939 is_gc_concurrent: 1 target_footprint_: 26805645 GetBytesAllocated: 14246984 HeapGrowthMultiplier: 3
12-18 14:56:48.020  3166  8897 I com.miui.home: CheckGCForNative gc_urgency 0.443599 current_native_bytes is 147249817
12-18 14:56:48.021  3166  8897 I com.miui.home: CheckGCForNative adj_start_bytes: 44283542 NativeAllocationGcWatermark: 11739313 java_gc_start_bytes: 26674573 kNewNativeDiscountFactor: 2 kOldNativeDiscountFactor: 65536 old_native_bytes: 136459649 new_native_bytes: 21496088 add_bytes_allowed: 35217939 is_gc_concurrent: 1 target_footprint_: 26805645 GetBytesAllocated: 14247176 HeapGrowthMultiplier: 3
12-18 14:56:48.021  3166  8897 I com.miui.home: CheckGCForNative gc_urgency 0.564483 current_native_bytes is 157955737
12-18 14:56:48.085  3166  8897 I com.miui.home: CheckGCForNative adj_start_bytes: 44283542 NativeAllocationGcWatermark: 11739313 java_gc_start_bytes: 26674573 kNewNativeDiscountFactor: 2 kOldNativeDiscountFactor: 65536 old_native_bytes: 136459649 new_native_bytes: 21546632 add_bytes_allowed: 35217939 is_gc_concurrent: 1 target_footprint_: 26805645 GetBytesAllocated: 14263560 HeapGrowthMultiplier: 3
12-18 14:56:48.085  3166  8897 I com.miui.home: CheckGCForNative gc_urgency 0.565424 current_native_bytes is 158006281
12-18 14:56:48.213  3166  3166 I wm_on_stop_called: [0,183980360,com.miui.home.launcher.Launcher,STOP_ACTIVITY_ITEM,7]
12-18 14:56:48.791  3166  3166 I wm_on_restart_called: [0,183980360,com.miui.home.launcher.Launcher,performRestartActivity,0]
12-18 14:56:48.792  3166  3166 I wm_on_start_called: [0,183980360,com.miui.home.launcher.Launcher,handleStartActivity,2]
12-18 14:56:48.868  3166  8897 I com.miui.home: CheckGCForNative adj_start_bytes: 44283542 NativeAllocationGcWatermark: 11739313 java_gc_start_bytes: 26674573 kNewNativeDiscountFactor: 2 kOldNativeDiscountFactor: 65536 old_native_bytes: 136459649 new_native_bytes: 21595536 add_bytes_allowed: 35217939 is_gc_concurrent: 1 target_footprint_: 26805645 GetBytesAllocated: 14944232 HeapGrowthMultiplier: 3
12-18 14:56:48.868  3166  8897 I com.miui.home: CheckGCForNative gc_urgency 0.581346 current_native_bytes is 158055185
12-18 14:56:48.868  3166  8897 I com.miui.home: CheckGCForNative adj_start_bytes: 44283542 NativeAllocationGcWatermark: 11739313 java_gc_start_bytes: 26674573 kNewNativeDiscountFactor: 2 kOldNativeDiscountFactor: 65536 old_native_bytes: 136459649 new_native_bytes: 32301456 add_bytes_allowed: 35217939 is_gc_concurrent: 1 target_footprint_: 26805645 GetBytesAllocated: 14944424 HeapGrowthMultiplier: 3
12-18 14:56:48.868  3166  8897 I com.miui.home: CheckGCForNative gc_urgency 0.70223 current_native_bytes is 168761105
12-18 14:56:48.871  3166  3551 I com.miui.home: CheckGCForNative adj_start_bytes: 44283542 NativeAllocationGcWatermark: 11739313 java_gc_start_bytes: 26674573 kNewNativeDiscountFactor: 2 kOldNativeDiscountFactor: 65536 old_native_bytes: 136459649 new_native_bytes: 32301712 add_bytes_allowed: 35217939 is_gc_concurrent: 1 target_footprint_: 26805645 GetBytesAllocated: 14944424 HeapGrowthMultiplier: 3
12-18 14:56:48.871  3166  3551 I com.miui.home: CheckGCForNative gc_urgency 0.702233 current_native_bytes is 168761361
12-18 14:56:48.988  3166  3471 I com.miui.home: CheckGCForNative adj_start_bytes: 44283542 NativeAllocationGcWatermark: 11739313 java_gc_start_bytes: 26674573 kNewNativeDiscountFactor: 2 kOldNativeDiscountFactor: 65536 old_native_bytes: 136459649 new_native_bytes: 21635376 add_bytes_allowed: 35217939 is_gc_concurrent: 1 target_footprint_: 26805645 GetBytesAllocated: 15075688 HeapGrowthMultiplier: 3
12-18 14:56:48.988  3166  3471 I com.miui.home: CheckGCForNative gc_urgency 0.584765 current_native_bytes is 158095025
12-18 14:56:49.202  9428  9428 I wm_on_top_resumed_lost_called: [26140740,com.android.packageinstaller.permission.ui.GrantPermissionsActivity,topStateChangedWhenResumed]
12-18 14:56:49.225  9428  9428 I wm_on_paused_called: [0,26140740,com.android.packageinstaller.permission.ui.GrantPermissionsActivity,performPause,0]
12-18 14:56:49.296  9428  9428 I wm_on_create_called: [0,7221044,com.android.packageinstaller.permission.ui.GrantPermissionsActivity,performCreate,31]
12-18 14:56:49.335  9428  9428 I wm_on_resume_called: [0,26140740,com.android.packageinstaller.permission.ui.GrantPermissionsActivity,RESUME_ACTIVITY,9]
12-18 14:56:49.335  9428  9428 I wm_on_top_resumed_gained_called: [26140740,com.android.packageinstaller.permission.ui.GrantPermissionsActivity,topWhenResuming]
12-18 14:56:49.336  9428  9428 I wm_on_idle_called: com.android.packageinstaller.permission.ui.GrantPermissionsActivity
12-18 14:56:49.342  3166  7584 I com.miui.home: CheckGCForNative adj_start_bytes: 44283542 NativeAllocationGcWatermark: 11739313 java_gc_start_bytes: 26674573 kNewNativeDiscountFactor: 2 kOldNativeDiscountFactor: 65536 old_native_bytes: 136459649 new_native_bytes: 21646656 add_bytes_allowed: 35217939 is_gc_concurrent: 1 target_footprint_: 26805645 GetBytesAllocated: 15354312 HeapGrowthMultiplier: 3
12-18 14:56:49.342  3166  7584 I com.miui.home: CheckGCForNative gc_urgency 0.591184 current_native_bytes is 158106305
12-18 14:56:49.365  9428  9428 I wm_on_destroy_called: [0,7221044,com.android.packageinstaller.permission.ui.GrantPermissionsActivity,performDestroy,1]
12-18 14:56:49.387  9428  9428 I wm_on_top_resumed_lost_called: [26140740,com.android.packageinstaller.permission.ui.GrantPermissionsActivity,topStateChangedWhenResumed]
12-18 14:56:49.498  3166  3166 I wm_on_resume_called: [0,183980360,com.miui.home.launcher.Launcher,RESUME_ACTIVITY,4]
12-18 14:56:49.544  9428  9428 I wm_on_paused_called: [0,26140740,com.android.packageinstaller.permission.ui.GrantPermissionsActivity,performPause,1]
12-18 14:56:49.566  3166  3166 I wm_on_top_resumed_gained_called: [183980360,com.miui.home.launcher.Launcher,topStateChangedWhenResumed]
12-18 14:56:49.590  3166  3166 I wm_on_idle_called: com.miui.home.launcher.Launcher
12-18 14:56:49.651  9428  9428 I wm_on_stop_called: [0,26140740,com.android.packageinstaller.permission.ui.GrantPermissionsActivity,STOP_ACTIVITY_ITEM,41]
12-18 14:56:49.661  9428  9428 I wm_on_destroy_called: [0,26140740,com.android.packageinstaller.permission.ui.GrantPermissionsActivity,performDestroy,2]
12-18 14:56:49.897  3166  3166 I wm_on_top_resumed_lost_called: [183980360,com.miui.home.launcher.Launcher,topStateChangedWhenResumed]
12-18 14:56:49.917  3166  3166 I wm_on_paused_called: [0,183980360,com.miui.home.launcher.Launcher,performPause,1]
12-18 14:56:50.110  3166  3471 I com.miui.home: CheckGCForNative adj_start_bytes: 44283542 NativeAllocationGcWatermark: 11739313 java_gc_start_bytes: 26674573 kNewNativeDiscountFactor: 2 kOldNativeDiscountFactor: 65536 old_native_bytes: 136459649 new_native_bytes: 21925372 add_bytes_allowed: 35217939 is_gc_concurrent: 1 target_footprint_: 26805645 GetBytesAllocated: 16805336 HeapGrowthMultiplier: 3
12-18 14:56:50.110  3166  3471 I com.miui.home: CheckGCForNative gc_urgency 0.627098 current_native_bytes is 158385021
12-18 14:56:50.310  3166  3471 I com.miui.home: CheckGCForNative adj_start_bytes: 44283542 NativeAllocationGcWatermark: 11739313 java_gc_start_bytes: 26674573 kNewNativeDiscountFactor: 2 kOldNativeDiscountFactor: 65536 old_native_bytes: 136459649 new_native_bytes: 21897148 add_bytes_allowed: 35217939 is_gc_concurrent: 1 target_footprint_: 26805645 GetBytesAllocated: 17002200 HeapGrowthMultiplier: 3
12-18 14:56:50.310  3166  3471 I com.miui.home: CheckGCForNative gc_urgency 0.631224 current_native_bytes is 158356797
12-18 14:56:50.484  3166  3645 I com.miui.home: CheckGCForNative adj_start_bytes: 44283542 NativeAllocationGcWatermark: 11739313 java_gc_start_bytes: 26674573 kNewNativeDiscountFactor: 2 kOldNativeDiscountFactor: 65536 old_native_bytes: 136459649 new_native_bytes: 22432472 add_bytes_allowed: 35217939 is_gc_concurrent: 1 target_footprint_: 26805645 GetBytesAllocated: 17395720 HeapGrowthMultiplier: 3
12-18 14:56:50.484  3166  3645 I com.miui.home: CheckGCForNative gc_urgency 0.646155 current_native_bytes is 158892121
12-18 14:56:50.830  3166  3645 I com.miui.home: CheckGCForNative adj_start_bytes: 44283542 NativeAllocationGcWatermark: 11739313 java_gc_start_bytes: 26674573 kNewNativeDiscountFactor: 2 kOldNativeDiscountFactor: 65536 old_native_bytes: 136459649 new_native_bytes: 32933512 add_bytes_allowed: 35217939 is_gc_concurrent: 1 target_footprint_: 26805645 GetBytesAllocated: 17592424 HeapGrowthMultiplier: 3
12-18 14:56:50.830  3166  3645 I com.miui.home: CheckGCForNative gc_urgency 0.769163 current_native_bytes is 169393161
12-18 14:56:50.889  3166  3645 I com.miui.home: CheckGCForNative adj_start_bytes: 44283542 NativeAllocationGcWatermark: 11739313 java_gc_start_bytes: 26674573 kNewNativeDiscountFactor: 2 kOldNativeDiscountFactor: 65536 old_native_bytes: 136459649 new_native_bytes: 22471176 add_bytes_allowed: 35217939 is_gc_concurrent: 1 target_footprint_: 26805645 GetBytesAllocated: 17855224 HeapGrowthMultiplier: 3
12-18 14:56:50.889  3166  3645 I com.miui.home: CheckGCForNative gc_urgency 0.656969 current_native_bytes is 158930825
12-18 14:56:50.891  3166  3645 I com.miui.home: CheckGCForNative adj_start_bytes: 44283542 NativeAllocationGcWatermark: 11739313 java_gc_start_bytes: 26674573 kNewNativeDiscountFactor: 2 kOldNativeDiscountFactor: 65536 old_native_bytes: 136459649 new_native_bytes: 22663200 add_bytes_allowed: 35217939 is_gc_concurrent: 1 target_footprint_: 26805645 GetBytesAllocated: 17855352 HeapGrowthMultiplier: 3
12-18 14:56:50.891  3166  3645 I com.miui.home: CheckGCForNative gc_urgency 0.65914 current_native_bytes is 159122849
12-18 14:56:50.895  3166  3645 I com.miui.home: CheckGCForNative adj_start_bytes: 44283542 NativeAllocationGcWatermark: 11739313 java_gc_start_bytes: 26674573 kNewNativeDiscountFactor: 2 kOldNativeDiscountFactor: 65536 old_native_bytes: 136459649 new_native_bytes: 23060032 add_bytes_allowed: 35217939 is_gc_concurrent: 1 target_footprint_: 26805645 GetBytesAllocated: 17855464 HeapGrowthMultiplier: 3
12-18 14:56:50.896  3166  3645 I com.miui.home: CheckGCForNative gc_urgency 0.663623 current_native_bytes is 159519681
12-18 14:56:50.904  3166  3436 I com.miui.home: CheckGCForNative adj_start_bytes: 44283542 NativeAllocationGcWatermark: 11739313 java_gc_start_bytes: 26674573 kNewNativeDiscountFactor: 2 kOldNativeDiscountFactor: 65536 old_native_bytes: 136459649 new_native_bytes: 23438816 add_bytes_allowed: 35217939 is_gc_concurrent: 1 target_footprint_: 26805645 GetBytesAllocated: 17921000 HeapGrowthMultiplier: 3
12-18 14:56:50.904  3166  3436 I com.miui.home: CheckGCForNative gc_urgency 0.669379 current_native_bytes is 159898465
12-18 14:56:50.957  3166  3645 I com.miui.home: CheckGCForNative adj_start_bytes: 44283542 NativeAllocationGcWatermark: 11739313 java_gc_start_bytes: 26674573 kNewNativeDiscountFactor: 2 kOldNativeDiscountFactor: 65536 old_native_bytes: 136459649 new_native_bytes: 24316212 add_bytes_allowed: 35217939 is_gc_concurrent: 1 target_footprint_: 26805645 GetBytesAllocated: 18117608 HeapGrowthMultiplier: 3
12-18 14:56:50.957  3166  3645 I com.miui.home: CheckGCForNative gc_urgency 0.683726 current_native_bytes is 160775861
12-18 14:56:51.010  3166  3166 I wm_on_stop_called: [0,183980360,com.miui.home.launcher.Launcher,STOP_ACTIVITY_ITEM,24]
12-18 14:56:51.387  3166  3166 I wm_on_restart_called: [0,183980360,com.miui.home.launcher.Launcher,performRestartActivity,0]
12-18 14:56:51.388  3166  3166 I wm_on_start_called: [0,183980360,com.miui.home.launcher.Launcher,handleStartActivity,1]
12-18 14:56:51.524  3166  8897 I com.miui.home: CheckGCForNative adj_start_bytes: 44283542 NativeAllocationGcWatermark: 11739313 java_gc_start_bytes: 26674573 kNewNativeDiscountFactor: 2 kOldNativeDiscountFactor: 65536 old_native_bytes: 136459649 new_native_bytes: 35699940 add_bytes_allowed: 35217939 is_gc_concurrent: 1 target_footprint_: 26805645 GetBytesAllocated: 19166808 HeapGrowthMultiplier: 3
12-18 14:56:51.525  3166  8897 I com.miui.home: CheckGCForNative gc_urgency 0.835951 current_native_bytes is 172159589
12-18 14:56:51.525  3166  8897 I com.miui.home: CheckGCForNative adj_start_bytes: 44283542 NativeAllocationGcWatermark: 11739313 java_gc_start_bytes: 26674573 kNewNativeDiscountFactor: 2 kOldNativeDiscountFactor: 65536 old_native_bytes: 136459649 new_native_bytes: 46405860 add_bytes_allowed: 35217939 is_gc_concurrent: 1 target_footprint_: 26805645 GetBytesAllocated: 19183384 HeapGrowthMultiplier: 3
12-18 14:56:51.526  3166  8897 I com.miui.home: CheckGCForNative gc_urgency 0.957204 current_native_bytes is 182865509
12-18 14:56:51.565  3166  3471 I com.miui.home: CheckGCForNative adj_start_bytes: 44283542 NativeAllocationGcWatermark: 11739313 java_gc_start_bytes: 26674573 kNewNativeDiscountFactor: 2 kOldNativeDiscountFactor: 65536 old_native_bytes: 136459649 new_native_bytes: 35878516 add_bytes_allowed: 35217939 is_gc_concurrent: 1 target_footprint_: 26805645 GetBytesAllocated: 19232536 HeapGrowthMultiplier: 3
12-18 14:56:51.565  3166  3471 I com.miui.home: CheckGCForNative gc_urgency 0.839451 current_native_bytes is 172338165
12-18 14:56:51.581  3166  8897 I com.miui.home: CheckGCForNative adj_start_bytes: 44283542 NativeAllocationGcWatermark: 11739313 java_gc_start_bytes: 26674573 kNewNativeDiscountFactor: 2 kOldNativeDiscountFactor: 65536 old_native_bytes: 136459649 new_native_bytes: 46588772 add_bytes_allowed: 35217939 is_gc_concurrent: 1 target_footprint_: 26805645 GetBytesAllocated: 19298072 HeapGrowthMultiplier: 3
12-18 14:56:51.581  3166  8897 I com.miui.home: CheckGCForNative gc_urgency 0.961859 current_native_bytes is 183048421
12-18 14:56:51.707 10070 10070 I wm_on_application_create_called: [0,com.smile.gifmaker,661]
12-18 14:56:51.743  3166  3471 I com.miui.home: CheckGCForNative adj_start_bytes: 44283542 NativeAllocationGcWatermark: 11739313 java_gc_start_bytes: 26674573 kNewNativeDiscountFactor: 2 kOldNativeDiscountFactor: 65536 old_native_bytes: 136459649 new_native_bytes: 35839780 add_bytes_allowed: 35217939 is_gc_concurrent: 1 target_footprint_: 26805645 GetBytesAllocated: 19396568 HeapGrowthMultiplier: 3
12-18 14:56:51.743  3166  3471 I com.miui.home: CheckGCForNative gc_urgency 0.842718 current_native_bytes is 172299429
12-18 14:56:52.174  8657  8657 I wm_on_idle_called: com.xiaomi.market.ui.detail.AppDetailActivityInner
12-18 14:56:52.234 10070 10070 I wm_on_create_called: [0,240173730,com.yxcorp.gifshow.HomeActivity,performCreate,486]
12-18 14:56:52.252  3166  3645 I com.miui.home: CheckGCForNative adj_start_bytes: 44283542 NativeAllocationGcWatermark: 11739313 java_gc_start_bytes: 26674573 kNewNativeDiscountFactor: 2 kOldNativeDiscountFactor: 65536 old_native_bytes: 136459649 new_native_bytes: 35970192 add_bytes_allowed: 35217939 is_gc_concurrent: 1 target_footprint_: 26805645 GetBytesAllocated: 19937720 HeapGrowthMultiplier: 3
12-18 14:56:52.252  3166  3645 I com.miui.home: CheckGCForNative gc_urgency 0.856411 current_native_bytes is 172429841
12-18 14:56:52.532  3166  3645 I com.miui.home: CheckGCForNative adj_start_bytes: 44283542 NativeAllocationGcWatermark: 11739313 java_gc_start_bytes: 26674573 kNewNativeDiscountFactor: 2 kOldNativeDiscountFactor: 65536 old_native_bytes: 136459649 new_native_bytes: 36389892 add_bytes_allowed: 35217939 is_gc_concurrent: 1 target_footprint_: 26805645 GetBytesAllocated: 20659112 HeapGrowthMultiplier: 3
12-18 14:56:52.532  3166  3645 I com.miui.home: CheckGCForNative gc_urgency 0.87744 current_native_bytes is 172849541
12-18 14:56:52.629  3166  3645 I com.miui.home: CheckGCForNative adj_start_bytes: 44283542 NativeAllocationGcWatermark: 11739313 java_gc_start_bytes: 26674573 kNewNativeDiscountFactor: 2 kOldNativeDiscountFactor: 65536 old_native_bytes: 136459649 new_native_bytes: 47331928 add_bytes_allowed: 35217939 is_gc_concurrent: 1 target_footprint_: 26805645 GetBytesAllocated: 20921256 HeapGrowthMultiplier: 3
12-18 14:56:52.629  3166  3645 I com.miui.home: CheckGCForNative gc_urgency 1.0069 current_native_bytes is 183791577
12-18 14:56:52.629  3166  3645 I com.miui.home: CheckGCForNative requested 1
12-18 14:56:52.747  3166  3645 I com.miui.home: CheckGCForNative adj_start_bytes: 44283542 NativeAllocationGcWatermark: 11739313 java_gc_start_bytes: 26674573 kNewNativeDiscountFactor: 2 kOldNativeDiscountFactor: 65536 old_native_bytes: 136459649 new_native_bytes: 36850744 add_bytes_allowed: 35217939 is_gc_concurrent: 1 target_footprint_: 26805645 GetBytesAllocated: 21151240 HeapGrowthMultiplier: 3
12-18 14:56:52.747  3166  3645 I com.miui.home: CheckGCForNative gc_urgency 0.893756 current_native_bytes is 173310393
12-18 14:56:52.857  3166  3436 I com.miui.home: CheckGCForNative adj_start_bytes: 44283542 NativeAllocationGcWatermark: 11739313 java_gc_start_bytes: 26674573 kNewNativeDiscountFactor: 2 kOldNativeDiscountFactor: 65536 old_native_bytes: 136459649 new_native_bytes: 37309004 add_bytes_allowed: 35217939 is_gc_concurrent: 1 target_footprint_: 26805645 GetBytesAllocated: 21528328 HeapGrowthMultiplier: 3
12-18 14:56:52.857  3166  3436 I com.miui.home: CheckGCForNative gc_urgency 0.907446 current_native_bytes is 173768653
12-18 14:56:52.982  3166  3645 I com.miui.home: CheckGCForNative gc_urgency 0 current_native_bytes is 136825889
12-18 14:56:53.102  3166  3417 I com.miui.home: CheckGCForNative adj_start_bytes: 44755016 NativeAllocationGcWatermark: 11830333 java_gc_start_bytes: 27009517 kNewNativeDiscountFactor: 2 kOldNativeDiscountFactor: 65536 old_native_bytes: 136825889 new_native_bytes: 789712 add_bytes_allowed: 35490999 is_gc_concurrent: 1 target_footprint_: 27533805 GetBytesAllocated: 14143976 HeapGrowthMultiplier: 3
12-18 14:56:53.102  3166  3417 I com.miui.home: CheckGCForNative gc_urgency 0.3249 current_native_bytes is 137615601
12-18 14:56:53.110  3166  3417 I com.miui.home: CheckGCForNative adj_start_bytes: 44755016 NativeAllocationGcWatermark: 11830333 java_gc_start_bytes: 27009517 kNewNativeDiscountFactor: 2 kOldNativeDiscountFactor: 65536 old_native_bytes: 136825889 new_native_bytes: 1186032 add_bytes_allowed: 35490999 is_gc_concurrent: 1 target_footprint_: 27533805 GetBytesAllocated: 14143976 HeapGrowthMultiplier: 3
12-18 14:56:53.110  3166  3417 I com.miui.home: CheckGCForNative gc_urgency 0.329328 current_native_bytes is 138011921
12-18 14:56:53.151  3166  3166 I com.miui.home: CheckGCForNative adj_start_bytes: 44755016 NativeAllocationGcWatermark: 11830333 java_gc_start_bytes: 27009517 kNewNativeDiscountFactor: 2 kOldNativeDiscountFactor: 65536 old_native_bytes: 136825889 new_native_bytes: 1267120 add_bytes_allowed: 35490999 is_gc_concurrent: 1 target_footprint_: 27533805 GetBytesAllocated: 14307912 HeapGrowthMultiplier: 3
12-18 14:56:53.151  3166  3166 I com.miui.home: CheckGCForNative gc_urgency 0.333897 current_native_bytes is 138093009
12-18 14:56:53.324  3166  3417 I com.miui.home: CheckGCForNative adj_start_bytes: 44755016 NativeAllocationGcWatermark: 11830333 java_gc_start_bytes: 27009517 kNewNativeDiscountFactor: 2 kOldNativeDiscountFactor: 65536 old_native_bytes: 136825889 new_native_bytes: 1469552 add_bytes_allowed: 35490999 is_gc_concurrent: 1 target_footprint_: 27533805 GetBytesAllocated: 14422600 HeapGrowthMultiplier: 3
12-18 14:56:53.324  3166  3417 I com.miui.home: CheckGCForNative gc_urgency 0.338721 current_native_bytes is 138295441
12-18 14:56:53.371  3166  3166 I com.miui.home: CheckGCForNative adj_start_bytes: 44755016 NativeAllocationGcWatermark: 11830333 java_gc_start_bytes: 27009517 kNewNativeDiscountFactor: 2 kOldNativeDiscountFactor: 65536 old_native_bytes: 136825889 new_native_bytes: 1552112 add_bytes_allowed: 35490999 is_gc_concurrent: 1 target_footprint_: 27533805 GetBytesAllocated: 14586536 HeapGrowthMultiplier: 3
12-18 14:56:53.371  3166  3166 I com.miui.home: CheckGCForNative gc_urgency 0.343306 current_native_bytes is 138378001
12-18 14:56:53.819 10349 10349 I wm_on_create_called: [0,150923281,com.tencent.qqlive.ona.activity.SplashHomeActivity,performCreate,83]
12-18 14:56:53.846 10349 10349 I wm_on_start_called: [0,150923281,com.tencent.qqlive.ona.activity.SplashHomeActivity,handleStartActivity,27]
12-18 14:56:53.903 10349 10349 I wm_on_resume_called: [0,150923281,com.tencent.qqlive.ona.activity.SplashHomeActivity,RESUME_ACTIVITY,56]
12-18 14:56:53.922 10349 10349 I wm_on_top_resumed_gained_called: [150923281,com.tencent.qqlive.ona.activity.SplashHomeActivity,topStateChangedWhenResumed]
12-18 14:56:54.520  3166  3551 I com.miui.home: CheckGCForNative adj_start_bytes: 44755016 NativeAllocationGcWatermark: 11830333 java_gc_start_bytes: 27009517 kNewNativeDiscountFactor: 2 kOldNativeDiscountFactor: 65536 old_native_bytes: 136825889 new_native_bytes: 12565092 add_bytes_allowed: 35490999 is_gc_concurrent: 1 target_footprint_: 27533805 GetBytesAllocated: 15554072 HeapGrowthMultiplier: 3
12-18 14:56:54.520  3166  3551 I com.miui.home: CheckGCForNative gc_urgency 0.487961 current_native_bytes is 149390981
12-18 14:56:54.521  3166  3551 I com.miui.home: CheckGCForNative adj_start_bytes: 44755016 NativeAllocationGcWatermark: 11830333 java_gc_start_bytes: 27009517 kNewNativeDiscountFactor: 2 kOldNativeDiscountFactor: 65536 old_native_bytes: 136825889 new_native_bytes: 23271652 add_bytes_allowed: 35490999 is_gc_concurrent: 1 target_footprint_: 27533805 GetBytesAllocated: 15570648 HeapGrowthMultiplier: 3
12-18 14:56:54.521  3166  3551 I com.miui.home: CheckGCForNative gc_urgency 0.607944 current_native_bytes is 160097541
12-18 14:56:54.527  3166  3471 I com.miui.home: CheckGCForNative adj_start_bytes: 44755016 NativeAllocationGcWatermark: 11830333 java_gc_start_bytes: 27009517 kNewNativeDiscountFactor: 2 kOldNativeDiscountFactor: 65536 old_native_bytes: 136825889 new_native_bytes: 12566244 add_bytes_allowed: 35490999 is_gc_concurrent: 1 target_footprint_: 27533805 GetBytesAllocated: 15587032 HeapGrowthMultiplier: 3
12-18 14:56:54.527  3166  3471 I com.miui.home: CheckGCForNative gc_urgency 0.48871 current_native_bytes is 149392133
12-18 14:56:54.619  3166  3471 I com.miui.home: CheckGCForNative adj_start_bytes: 44755016 NativeAllocationGcWatermark: 11830333 java_gc_start_bytes: 27009517 kNewNativeDiscountFactor: 2 kOldNativeDiscountFactor: 65536 old_native_bytes: 136825889 new_native_bytes: 12611220 add_bytes_allowed: 35490999 is_gc_concurrent: 1 target_footprint_: 27533805 GetBytesAllocated: 15685336 HeapGrowthMultiplier: 3
12-18 14:56:54.620  3166  3471 I com.miui.home: CheckGCForNative gc_urgency 0.491409 current_native_bytes is 149437109
12-18 14:56:54.689  3166  3551 I com.miui.home: CheckGCForNative adj_start_bytes: 44755016 NativeAllocationGcWatermark: 11830333 java_gc_start_bytes: 27009517 kNewNativeDiscountFactor: 2 kOldNativeDiscountFactor: 65536 old_native_bytes: 136825889 new_native_bytes: 23322900 add_bytes_allowed: 35490999 is_gc_concurrent: 1 target_footprint_: 27533805 GetBytesAllocated: 15750872 HeapGrowthMultiplier: 3
12-18 14:56:54.689  3166  3551 I com.miui.home: CheckGCForNative gc_urgency 0.612544 current_native_bytes is 160148789
12-18 14:56:54.964  3166  3471 I com.miui.home: CheckGCForNative adj_start_bytes: 44755016 NativeAllocationGcWatermark: 11830333 java_gc_start_bytes: 27009517 kNewNativeDiscountFactor: 2 kOldNativeDiscountFactor: 65536 old_native_bytes: 136825889 new_native_bytes: 12594308 add_bytes_allowed: 35490999 is_gc_concurrent: 1 target_footprint_: 27533805 GetBytesAllocated: 15931288 HeapGrowthMultiplier: 3
12-18 14:56:54.964  3166  3471 I com.miui.home: CheckGCForNative gc_urgency 0.496716 current_native_bytes is 149420197
12-18 14:56:55.383  3166 10867 I com.miui.home: CheckGCForNative adj_start_bytes: 44755016 NativeAllocationGcWatermark: 11830333 java_gc_start_bytes: 27009517 kNewNativeDiscountFactor: 2 kOldNativeDiscountFactor: 65536 old_native_bytes: 136825889 new_native_bytes: 12475776 add_bytes_allowed: 35490999 is_gc_concurrent: 1 target_footprint_: 27533805 GetBytesAllocated: 16521672 HeapGrowthMultiplier: 3
12-18 14:56:55.383  3166 10867 I com.miui.home: CheckGCForNative gc_urgency 0.508583 current_native_bytes is 149301665
12-18 14:56:55.585  3166 10867 I com.miui.home: CheckGCForNative adj_start_bytes: 44755016 NativeAllocationGcWatermark: 11830333 java_gc_start_bytes: 27009517 kNewNativeDiscountFactor: 2 kOldNativeDiscountFactor: 65536 old_native_bytes: 136825889 new_native_bytes: 12573160 add_bytes_allowed: 35490999 is_gc_concurrent: 1 target_footprint_: 27533805 GetBytesAllocated: 16784296 HeapGrowthMultiplier: 3
12-18 14:56:55.585  3166 10867 I com.miui.home: CheckGCForNative gc_urgency 0.515539 current_native_bytes is 149399049
12-18 14:56:55.797  3166  3471 I com.miui.home: CheckGCForNative adj_start_bytes: 44755016 NativeAllocationGcWatermark: 11830333 java_gc_start_bytes: 27009517 kNewNativeDiscountFactor: 2 kOldNativeDiscountFactor: 65536 old_native_bytes: 136825889 new_native_bytes: 12841892 add_bytes_allowed: 35490999 is_gc_concurrent: 1 target_footprint_: 27533805 GetBytesAllocated: 17161224 HeapGrowthMultiplier: 3
12-18 14:56:55.797  3166  3471 I com.miui.home: CheckGCForNative gc_urgency 0.526963 current_native_bytes is 149667781
12-18 14:56:55.884  3166  3645 I com.miui.home: CheckGCForNative adj_start_bytes: 44755016 NativeAllocationGcWatermark: 11830333 java_gc_start_bytes: 27009517 kNewNativeDiscountFactor: 2 kOldNativeDiscountFactor: 65536 old_native_bytes: 136825889 new_native_bytes: 23571364 add_bytes_allowed: 35490999 is_gc_concurrent: 1 target_footprint_: 27533805 GetBytesAllocated: 17243144 HeapGrowthMultiplier: 3
12-18 14:56:55.884  3166  3645 I com.miui.home: CheckGCForNative gc_urgency 0.648663 current_native_bytes is 160397253
12-18 14:56:55.941  5740  5740 I wm_on_create_called: [0,267492637,com.tencent.mobileqq.activity.SplashActivity,performCreate,264]
12-18 14:56:55.947  5740  5740 I wm_on_start_called: [0,267492637,com.tencent.mobileqq.activity.SplashActivity,handleStartActivity,6]
12-18 14:56:55.983  5740  5740 I wm_on_resume_called: [0,267492637,com.tencent.mobileqq.activity.SplashActivity,RESUME_ACTIVITY,33]
12-18 14:56:55.997  3166  3471 I com.miui.home: CheckGCForNative adj_start_bytes: 44755016 NativeAllocationGcWatermark: 11830333 java_gc_start_bytes: 27009517 kNewNativeDiscountFactor: 2 kOldNativeDiscountFactor: 65536 old_native_bytes: 136825889 new_native_bytes: 13094436 add_bytes_allowed: 35490999 is_gc_concurrent: 1 target_footprint_: 27533805 GetBytesAllocated: 17571496 HeapGrowthMultiplier: 3
12-18 14:56:55.997  3166  3471 I com.miui.home: CheckGCForNative gc_urgency 0.538952 current_native_bytes is 149920325
12-18 14:56:56.098  5740  5740 I wm_on_top_resumed_gained_called: [267492637,com.tencent.mobileqq.activity.SplashActivity,topStateChangedWhenResumed]
12-18 14:56:56.120  3166  3471 I com.miui.home: CheckGCForNative adj_start_bytes: 44755016 NativeAllocationGcWatermark: 11830333 java_gc_start_bytes: 27009517 kNewNativeDiscountFactor: 2 kOldNativeDiscountFactor: 65536 old_native_bytes: 136825889 new_native_bytes: 13168408 add_bytes_allowed: 35490999 is_gc_concurrent: 1 target_footprint_: 27533805 GetBytesAllocated: 17768104 HeapGrowthMultiplier: 3
12-18 14:56:56.120  3166  3471 I com.miui.home: CheckGCForNative gc_urgency 0.544171 current_native_bytes is 149994297
12-18 14:56:56.173  3166  3645 I com.miui.home: CheckGCForNative adj_start_bytes: 44755016 NativeAllocationGcWatermark: 11830333 java_gc_start_bytes: 27009517 kNewNativeDiscountFactor: 2 kOldNativeDiscountFactor: 65536 old_native_bytes: 136825889 new_native_bytes: 13233944 add_bytes_allowed: 35490999 is_gc_concurrent: 1 target_footprint_: 27533805 GetBytesAllocated: 17833944 HeapGrowthMultiplier: 3
12-18 14:56:56.173  3166  3645 I com.miui.home: CheckGCForNative gc_urgency 0.546375 current_native_bytes is 150059833
12-18 14:56:56.371  5740  5740 I wm_on_idle_called: com.tencent.mobileqq.activity.SplashActivity
12-18 14:56:56.397  3166  3166 I wm_on_stop_called: [0,183980360,com.miui.home.launcher.Launcher,STOP_ACTIVITY_ITEM,8]
12-18 14:56:56.469  5740  5740 I wm_on_top_resumed_lost_called: [267492637,com.tencent.mobileqq.activity.SplashActivity,topStateChangedWhenResumed]
12-18 14:56:56.477  5740  5740 I wm_on_paused_called: [0,267492637,com.tencent.mobileqq.activity.SplashActivity,performPause,5]
12-18 14:56:56.550  5740  5740 I wm_on_create_called: [0,176796590,com.tencent.mobileqq.activity.LoginActivity,performCreate,50]
12-18 14:56:56.583  5740  5740 I wm_on_start_called: [0,176796590,com.tencent.mobileqq.activity.LoginActivity,handleStartActivity,32]
12-18 14:56:56.590  5740  5740 I wm_on_resume_called: [0,176796590,com.tencent.mobileqq.activity.LoginActivity,RESUME_ACTIVITY,7]
12-18 14:56:56.598  5740  5740 I wm_on_top_resumed_gained_called: [176796590,com.tencent.mobileqq.activity.LoginActivity,topStateChangedWhenResumed]
12-18 14:56:56.707  3166  3645 I com.miui.home: CheckGCForNative adj_start_bytes: 44755016 NativeAllocationGcWatermark: 11830333 java_gc_start_bytes: 27009517 kNewNativeDiscountFactor: 2 kOldNativeDiscountFactor: 65536 old_native_bytes: 136825889 new_native_bytes: 13545356 add_bytes_allowed: 35490999 is_gc_concurrent: 1 target_footprint_: 27533805 GetBytesAllocated: 18441128 HeapGrowthMultiplier: 3
12-18 14:56:56.707  3166  3645 I com.miui.home: CheckGCForNative gc_urgency 0.56342 current_native_bytes is 150371245
12-18 14:56:56.803  3166  3645 I com.miui.home: CheckGCForNative adj_start_bytes: 44755016 NativeAllocationGcWatermark: 11830333 java_gc_start_bytes: 27009517 kNewNativeDiscountFactor: 2 kOldNativeDiscountFactor: 65536 old_native_bytes: 136825889 new_native_bytes: 13830592 add_bytes_allowed: 35490999 is_gc_concurrent: 1 target_footprint_: 27533805 GetBytesAllocated: 18900328 HeapGrowthMultiplier: 3
12-18 14:56:56.803  3166  3645 I com.miui.home: CheckGCForNative gc_urgency 0.576867 current_native_bytes is 150656481
12-18 14:56:57.206  5740  5740 I wm_on_stop_called: [0,267492637,com.tencent.mobileqq.activity.SplashActivity,LIFECYCLER_STOP_ACTIVITY,1]
12-18 14:56:57.216  5740  5740 I wm_on_destroy_called: [0,267492637,com.tencent.mobileqq.activity.SplashActivity,performDestroy,10]
12-18 14:56:57.253  3166  3166 I wm_on_restart_called: [0,183980360,com.miui.home.launcher.Launcher,performRestartActivity,0]
12-18 14:56:57.254  3166  3166 I wm_on_start_called: [0,183980360,com.miui.home.launcher.Launcher,handleStartActivity,1]
12-18 14:56:57.296  3166  3557 I com.miui.home: CheckGCForNative adj_start_bytes: 44755016 NativeAllocationGcWatermark: 11830333 java_gc_start_bytes: 27009517 kNewNativeDiscountFactor: 2 kOldNativeDiscountFactor: 65536 old_native_bytes: 136825889 new_native_bytes: 24813204 add_bytes_allowed: 35490999 is_gc_concurrent: 1 target_footprint_: 27533805 GetBytesAllocated: 19711784 HeapGrowthMultiplier: 3
12-18 14:56:57.296  3166  3557 I com.miui.home: CheckGCForNative gc_urgency 0.717695 current_native_bytes is 161639093
12-18 14:56:57.298  3166  3557 I com.miui.home: CheckGCForNative adj_start_bytes: 44755016 NativeAllocationGcWatermark: 11830333 java_gc_start_bytes: 27009517 kNewNativeDiscountFactor: 2 kOldNativeDiscountFactor: 65536 old_native_bytes: 136825889 new_native_bytes: 35522404 add_bytes_allowed: 35490999 is_gc_concurrent: 1 target_footprint_: 27533805 GetBytesAllocated: 19744744 HeapGrowthMultiplier: 3
12-18 14:56:57.300  3166  3557 I com.miui.home: CheckGCForNative gc_urgency 0.838074 current_native_bytes is 172348293
12-18 14:56:57.312  3166  3231 I com.miui.home: CheckGCForNative adj_start_bytes: 44755016 NativeAllocationGcWatermark: 11830333 java_gc_start_bytes: 27009517 kNewNativeDiscountFactor: 2 kOldNativeDiscountFactor: 65536 old_native_bytes: 136825889 new_native_bytes: 35525604 add_bytes_allowed: 35490999 is_gc_concurrent: 1 target_footprint_: 27533805 GetBytesAllocated: 19761128 HeapGrowthMultiplier: 3
12-18 14:56:57.313  3166  3231 I com.miui.home: CheckGCForNative gc_urgency 0.838476 current_native_bytes is 172351493
12-18 14:56:57.542  3166  3471 I com.miui.home: CheckGCForNative adj_start_bytes: 44755016 NativeAllocationGcWatermark: 11830333 java_gc_start_bytes: 27009517 kNewNativeDiscountFactor: 2 kOldNativeDiscountFactor: 65536 old_native_bytes: 136825889 new_native_bytes: 24830952 add_bytes_allowed: 35490999 is_gc_concurrent: 1 target_footprint_: 27533805 GetBytesAllocated: 19990696 HeapGrowthMultiplier: 3
12-18 14:56:57.542  3166  3471 I com.miui.home: CheckGCForNative gc_urgency 0.724126 current_native_bytes is 161656841
12-18 14:56:57.775  3166  3471 I com.miui.home: CheckGCForNative adj_start_bytes: 44755016 NativeAllocationGcWatermark: 11830333 java_gc_start_bytes: 27009517 kNewNativeDiscountFactor: 2 kOldNativeDiscountFactor: 65536 old_native_bytes: 136825889 new_native_bytes: 24896520 add_bytes_allowed: 35490999 is_gc_concurrent: 1 target_footprint_: 27533805 GetBytesAllocated: 20121768 HeapGrowthMultiplier: 3
12-18 14:56:57.775  3166  3471 I com.miui.home: CheckGCForNative gc_urgency 0.727787 current_native_bytes is 161722409
12-18 14:56:57.803  5740  5740 I wm_on_top_resumed_lost_called: [176796590,com.tencent.mobileqq.activity.LoginActivity,topStateChangedWhenResumed]
12-18 14:56:57.824  3166  3166 I wm_on_resume_called: [0,183980360,com.miui.home.launcher.Launcher,RESUME_ACTIVITY,6]
12-18 14:56:57.827  3166  3166 I wm_on_idle_called: com.miui.home.launcher.Launcher
12-18 14:56:57.838  5740  5740 I wm_on_paused_called: [0,176796590,com.tencent.mobileqq.activity.LoginActivity,performPause,1]
12-18 14:56:57.842  3166  3166 I wm_on_top_resumed_gained_called: [183980360,com.miui.home.launcher.Launcher,topStateChangedWhenResumed]
12-18 14:56:57.866  5740  5740 I wm_on_stop_called: [0,176796590,com.tencent.mobileqq.activity.LoginActivity,STOP_ACTIVITY_ITEM,14]
12-18 14:56:57.970  3166  3645 I com.miui.home: CheckGCForNative adj_start_bytes: 44755016 NativeAllocationGcWatermark: 11830333 java_gc_start_bytes: 27009517 kNewNativeDiscountFactor: 2 kOldNativeDiscountFactor: 65536 old_native_bytes: 136825889 new_native_bytes: 24954824 add_bytes_allowed: 35490999 is_gc_concurrent: 1 target_footprint_: 27533805 GetBytesAllocated: 21286408 HeapGrowthMultiplier: 3
12-18 14:56:57.970  3166  3645 I com.miui.home: CheckGCForNative gc_urgency 0.754461 current_native_bytes is 161780713
12-18 14:56:58.002  3166  3645 I com.miui.home: CheckGCForNative adj_start_bytes: 44755016 NativeAllocationGcWatermark: 11830333 java_gc_start_bytes: 27009517 kNewNativeDiscountFactor: 2 kOldNativeDiscountFactor: 65536 old_native_bytes: 136825889 new_native_bytes: 35900060 add_bytes_allowed: 35490999 is_gc_concurrent: 1 target_footprint_: 27533805 GetBytesAllocated: 21564936 HeapGrowthMultiplier: 3
12-18 14:56:58.002  3166  3645 I com.miui.home: CheckGCForNative gc_urgency 0.882964 current_native_bytes is 172725949
12-18 14:56:58.014  3166  3645 I com.miui.home: CheckGCForNative adj_start_bytes: 44755016 NativeAllocationGcWatermark: 11830333 java_gc_start_bytes: 27009517 kNewNativeDiscountFactor: 2 kOldNativeDiscountFactor: 65536 old_native_bytes: 136825889 new_native_bytes: 25259420 add_bytes_allowed: 35490999 is_gc_concurrent: 1 target_footprint_: 27533805 GetBytesAllocated: 21778568 HeapGrowthMultiplier: 3
12-18 14:56:58.014  3166  3645 I com.miui.home: CheckGCForNative gc_urgency 0.768861 current_native_bytes is 162085309
12-18 14:56:58.265  3166  3166 I wm_on_top_resumed_lost_called: [183980360,com.miui.home.launcher.Launcher,topStateChangedWhenResumed]
12-18 14:56:58.272  3166  3166 I wm_on_paused_called: [0,183980360,com.miui.home.launcher.Launcher,performPause,2]
12-18 14:56:58.281  3166  3454 I com.miui.home: CheckGCForNative adj_start_bytes: 44755016 NativeAllocationGcWatermark: 11830333 java_gc_start_bytes: 27009517 kNewNativeDiscountFactor: 2 kOldNativeDiscountFactor: 65536 old_native_bytes: 136825889 new_native_bytes: 25836004 add_bytes_allowed: 35490999 is_gc_concurrent: 1 target_footprint_: 27533805 GetBytesAllocated: 22253768 HeapGrowthMultiplier: 3
12-18 14:56:58.281  3166  3454 I com.miui.home: CheckGCForNative gc_urgency 0.78592 current_native_bytes is 162661893
12-18 14:56:58.407  3166  3645 I com.miui.home: CheckGCForNative adj_start_bytes: 44755016 NativeAllocationGcWatermark: 11830333 java_gc_start_bytes: 27009517 kNewNativeDiscountFactor: 2 kOldNativeDiscountFactor: 65536 old_native_bytes: 136825889 new_native_bytes: 26469208 add_bytes_allowed: 35490999 is_gc_concurrent: 1 target_footprint_: 27533805 GetBytesAllocated: 23016136 HeapGrowthMultiplier: 3
12-18 14:56:58.407  3166  3645 I com.miui.home: CheckGCForNative gc_urgency 0.810028 current_native_bytes is 163295097
12-18 14:56:58.567  3166  3645 I com.miui.home: CheckGCForNative adj_start_bytes: 44755016 NativeAllocationGcWatermark: 11830333 java_gc_start_bytes: 27009517 kNewNativeDiscountFactor: 2 kOldNativeDiscountFactor: 65536 old_native_bytes: 136825889 new_native_bytes: 26857708 add_bytes_allowed: 35490999 is_gc_concurrent: 1 target_footprint_: 27533805 GetBytesAllocated: 23557368 HeapGrowthMultiplier: 3
12-18 14:56:58.567  3166  3645 I com.miui.home: CheckGCForNative gc_urgency 0.826462 current_native_bytes is 163683597
12-18 14:56:58.731  3166  3471 I com.miui.home: CheckGCForNative adj_start_bytes: 44755016 NativeAllocationGcWatermark: 11830333 java_gc_start_bytes: 27009517 kNewNativeDiscountFactor: 2 kOldNativeDiscountFactor: 65536 old_native_bytes: 136825889 new_native_bytes: 27060540 add_bytes_allowed: 35490999 is_gc_concurrent: 1 target_footprint_: 27533805 GetBytesAllocated: 23803128 HeapGrowthMultiplier: 3
12-18 14:56:58.731  3166  3471 I com.miui.home: CheckGCForNative gc_urgency 0.834219 current_native_bytes is 163886429
12-18 14:56:58.864  3166  3471 I com.miui.home: CheckGCForNative adj_start_bytes: 44755016 NativeAllocationGcWatermark: 11830333 java_gc_start_bytes: 27009517 kNewNativeDiscountFactor: 2 kOldNativeDiscountFactor: 65536 old_native_bytes: 136825889 new_native_bytes: 27072700 add_bytes_allowed: 35490999 is_gc_concurrent: 1 target_footprint_: 27533805 GetBytesAllocated: 23868664 HeapGrowthMultiplier: 3
12-18 14:56:58.864  3166  3471 I com.miui.home: CheckGCForNative gc_urgency 0.835819 current_native_bytes is 163898589
12-18 14:56:59.731 11161 11161 I wm_on_application_create_called: [0,com.dragon.read,765]
12-18 14:56:59.848 11161 11161 I wm_on_create_called: [0,259118181,com.dragon.read.pages.splash.SplashActivity,performCreate,63]
12-18 14:56:59.879 11161 11161 I wm_on_start_called: [0,259118181,com.dragon.read.pages.splash.SplashActivity,handleStartActivity,29]
12-18 14:56:59.999 11161 11161 I wm_on_resume_called: [0,259118181,com.dragon.read.pages.splash.SplashActivity,RESUME_ACTIVITY,118]
12-18 14:57:00.003 11161 11161 I wm_on_top_resumed_gained_called: [259118181,com.dragon.read.pages.splash.SplashActivity,topStateChangedWhenResumed]
12-18 14:57:00.142 11161 11161 I wm_on_top_resumed_lost_called: [259118181,com.dragon.read.pages.splash.SplashActivity,topStateChangedWhenResumed]
12-18 14:57:00.170 11161 11161 I wm_on_paused_called: [0,259118181,com.dragon.read.pages.splash.SplashActivity,performPause,24]
12-18 14:57:00.217  3166  4115 I com.miui.home: CheckGCForNative adj_start_bytes: 44755016 NativeAllocationGcWatermark: 11830333 java_gc_start_bytes: 27009517 kNewNativeDiscountFactor: 2 kOldNativeDiscountFactor: 65536 old_native_bytes: 136825889 new_native_bytes: 37144112 add_bytes_allowed: 35490999 is_gc_concurrent: 1 target_footprint_: 27533805 GetBytesAllocated: 24872888 HeapGrowthMultiplier: 3
12-18 14:57:00.217  3166  4115 I com.miui.home: CheckGCForNative gc_urgency 0.970775 current_native_bytes is 173970001
12-18 14:57:00.218  3166  4115 I com.miui.home: CheckGCForNative adj_start_bytes: 44755016 NativeAllocationGcWatermark: 11830333 java_gc_start_bytes: 27009517 kNewNativeDiscountFactor: 2 kOldNativeDiscountFactor: 65536 old_native_bytes: 136825889 new_native_bytes: 47850032 add_bytes_allowed: 35490999 is_gc_concurrent: 1 target_footprint_: 27533805 GetBytesAllocated: 24873080 HeapGrowthMultiplier: 3
12-18 14:57:00.218  3166  4115 I com.miui.home: CheckGCForNative gc_urgency 1.09038 current_native_bytes is 184675921
12-18 14:57:00.218  3166  4115 I com.miui.home: CheckGCForNative requested 1
12-18 14:57:00.309  3166  3471 I com.miui.home: CheckGCForNative adj_start_bytes: 44755016 NativeAllocationGcWatermark: 11830333 java_gc_start_bytes: 27009517 kNewNativeDiscountFactor: 2 kOldNativeDiscountFactor: 65536 old_native_bytes: 136825889 new_native_bytes: 37217904 add_bytes_allowed: 35490999 is_gc_concurrent: 1 target_footprint_: 27533805 GetBytesAllocated: 24955000 HeapGrowthMultiplier: 3
12-18 14:57:00.309  3166  3471 I com.miui.home: CheckGCForNative gc_urgency 0.973434 current_native_bytes is 174043793
12-18 14:57:00.322  3166  4115 I com.miui.home: CheckGCForNative adj_start_bytes: 44755016 NativeAllocationGcWatermark: 11830333 java_gc_start_bytes: 27009517 kNewNativeDiscountFactor: 2 kOldNativeDiscountFactor: 65536 old_native_bytes: 136825889 new_native_bytes: 47926128 add_bytes_allowed: 35490999 is_gc_concurrent: 1 target_footprint_: 27533805 GetBytesAllocated: 24971384 HeapGrowthMultiplier: 3
12-18 14:57:00.323  3166  4115 I com.miui.home: CheckGCForNative gc_urgency 1.09343 current_native_bytes is 184752017
12-18 14:57:00.323  3166  4115 I com.miui.home: CheckGCForNative requested 1
12-18 14:57:00.497  3166  3471 I com.miui.home: CheckGCForNative adj_start_bytes: 44755016 NativeAllocationGcWatermark: 11830333 java_gc_start_bytes: 27009517 kNewNativeDiscountFactor: 2 kOldNativeDiscountFactor: 65536 old_native_bytes: 136825889 new_native_bytes: 37646448 add_bytes_allowed: 35490999 is_gc_concurrent: 1 target_footprint_: 27533805 GetBytesAllocated: 24891464 HeapGrowthMultiplier: 3
12-18 14:57:00.497  3166  3471 I com.miui.home: CheckGCForNative gc_urgency 0.976802 current_native_bytes is 174472337
12-18 14:57:00.520  3166  3193 I com.miui.home: NativeAlloc concurrent copying GC freed 206979(10MB) AllocSpace objects, 18(548KB) LOS objects, 49% free, 13MB/26MB, paused 151us,162us total 300.762ms
12-18 14:57:00.622  3166  3645 I com.miui.home: CheckGCForNative gc_urgency 0 current_native_bytes is 146580989
12-18 14:57:00.687  3166  3541 I com.miui.home: CheckGCForNative adj_start_bytes: 45582277 NativeAllocationGcWatermark: 11917413 java_gc_start_bytes: 27706158 kNewNativeDiscountFactor: 2 kOldNativeDiscountFactor: 65536 old_native_bytes: 146580989 new_native_bytes: 292224 add_bytes_allowed: 35752239 is_gc_concurrent: 1 target_footprint_: 28230446 GetBytesAllocated: 15149032 HeapGrowthMultiplier: 3
12-18 14:57:00.687  3166  3541 I com.miui.home: CheckGCForNative gc_urgency 0.335599 current_native_bytes is 146873213
12-18 14:57:00.707  3166  3645 I com.miui.home: CheckGCForNative adj_start_bytes: 45582277 NativeAllocationGcWatermark: 11917413 java_gc_start_bytes: 27706158 kNewNativeDiscountFactor: 2 kOldNativeDiscountFactor: 65536 old_native_bytes: 146580989 new_native_bytes: 393556 add_bytes_allowed: 35752239 is_gc_concurrent: 1 target_footprint_: 28230446 GetBytesAllocated: 15230952 HeapGrowthMultiplier: 3
12-18 14:57:00.707  3166  3645 I com.miui.home: CheckGCForNative gc_urgency 0.338508 current_native_bytes is 146974545
12-18 14:57:00.757  3166  3166 I wm_on_resume_called: [0,183980360,com.miui.home.launcher.Launcher,RESUME_ACTIVITY,24]
12-18 14:57:00.810  3166  3166 I wm_on_idle_called: com.miui.home.launcher.Launcher
12-18 14:57:00.811  3166  3645 I com.miui.home: CheckGCForNative adj_start_bytes: 45582277 NativeAllocationGcWatermark: 11917413 java_gc_start_bytes: 27706158 kNewNativeDiscountFactor: 2 kOldNativeDiscountFactor: 65536 old_native_bytes: 146580989 new_native_bytes: 11220884 add_bytes_allowed: 35752239 is_gc_concurrent: 1 target_footprint_: 28230446 GetBytesAllocated: 16280392 HeapGrowthMultiplier: 3
12-18 14:57:00.811  3166  3645 I com.miui.home: CheckGCForNative gc_urgency 0.480298 current_native_bytes is 157801873
12-18 14:57:01.111  3166  3645 I com.miui.home: CheckGCForNative adj_start_bytes: 45582277 NativeAllocationGcWatermark: 11917413 java_gc_start_bytes: 27706158 kNewNativeDiscountFactor: 2 kOldNativeDiscountFactor: 65536 old_native_bytes: 146580989 new_native_bytes: 585864 add_bytes_allowed: 35752239 is_gc_concurrent: 1 target_footprint_: 28230446 GetBytesAllocated: 16830008 HeapGrowthMultiplier: 3
12-18 14:57:01.111  3166  3645 I com.miui.home: CheckGCForNative gc_urgency 0.375698 current_native_bytes is 147166853
12-18 14:57:01.128  3166  3645 I com.miui.home: CheckGCForNative adj_start_bytes: 45582277 NativeAllocationGcWatermark: 11917413 java_gc_start_bytes: 27706158 kNewNativeDiscountFactor: 2 kOldNativeDiscountFactor: 65536 old_native_bytes: 146580989 new_native_bytes: 11404296 add_bytes_allowed: 35752239 is_gc_concurrent: 1 target_footprint_: 28230446 GetBytesAllocated: 16928312 HeapGrowthMultiplier: 3
12-18 14:57:01.128  3166  3645 I com.miui.home: CheckGCForNative gc_urgency 0.496524 current_native_bytes is 157985285
12-18 14:57:01.167  3166  3645 I com.miui.home: CheckGCForNative adj_start_bytes: 45582277 NativeAllocationGcWatermark: 11917413 java_gc_start_bytes: 27706158 kNewNativeDiscountFactor: 2 kOldNativeDiscountFactor: 65536 old_native_bytes: 146580989 new_native_bytes: 817564 add_bytes_allowed: 35752239 is_gc_concurrent: 1 target_footprint_: 28230446 GetBytesAllocated: 17289432 HeapGrowthMultiplier: 3
