12-18 14:54:15.478  3191  3674 I com.miui.home: CheckGCForNative adj_start_bytes: 45994236 NativeAllocationGcWatermark: 11960777 java_gc_start_bytes: 28053071 kNewNativeDiscountFactor: 2 kOldNativeDiscountFactor: 65536 old_native_bytes: 131205649 new_native_bytes: 39041360 add_bytes_allowed: 35882331 is_gc_concurrent: 1 target_footprint_: 28577359 GetBytesAllocated: 24448744 HeapGrowthMultiplier: 3
12-18 14:54:15.478  3191  3674 I com.miui.home: CheckGCForNative gc_urgency 0.95602 current_native_bytes is 170247009
12-18 14:54:15.518  3191  3674 I com.miui.home: CheckGCForNative adj_start_bytes: 45994236 NativeAllocationGcWatermark: 11960777 java_gc_start_bytes: 28053071 kNewNativeDiscountFactor: 2 kOldNativeDiscountFactor: 65536 old_native_bytes: 131205649 new_native_bytes: 28528996 add_bytes_allowed: 35882331 is_gc_concurrent: 1 target_footprint_: 28577359 GetBytesAllocated: 24826376 HeapGrowthMultiplier: 3
12-18 14:54:15.518  3191  3674 I com.miui.home: CheckGCForNative gc_urgency 0.849952 current_native_bytes is 159734645
12-18 14:54:15.518  3191  3674 I com.miui.home: CheckGCForNative adj_start_bytes: 45994236 NativeAllocationGcWatermark: 11960777 java_gc_start_bytes: 28053071 kNewNativeDiscountFactor: 2 kOldNativeDiscountFactor: 65536 old_native_bytes: 131205649 new_native_bytes: 28533060 add_bytes_allowed: 35882331 is_gc_concurrent: 1 target_footprint_: 28577359 GetBytesAllocated: 24826376 HeapGrowthMultiplier: 3
12-18 14:54:15.518  3191  3674 I com.miui.home: CheckGCForNative gc_urgency 0.849996 current_native_bytes is 159738709
12-18 14:54:15.699  3191  3191 I wm_on_top_resumed_lost_called: [69200590,com.miui.home.launcher.Launcher,topStateChangedWhenResumed]
12-18 14:54:15.716  3191  3191 I wm_on_paused_called: [0,69200590,com.miui.home.launcher.Launcher,performPause,1]
12-18 14:54:15.868  3191  3674 I com.miui.home: CheckGCForNative adj_start_bytes: 45994236 NativeAllocationGcWatermark: 11960777 java_gc_start_bytes: 28053071 kNewNativeDiscountFactor: 2 kOldNativeDiscountFactor: 65536 old_native_bytes: 131205649 new_native_bytes: 29166600 add_bytes_allowed: 35882331 is_gc_concurrent: 1 target_footprint_: 28577359 GetBytesAllocated: 25785592 HeapGrowthMultiplier: 3
12-18 14:54:15.868  3191  3674 I com.miui.home: CheckGCForNative gc_urgency 0.877738 current_native_bytes is 160372249
12-18 14:54:15.971  3191  3674 I com.miui.home: CheckGCForNative adj_start_bytes: 45994236 NativeAllocationGcWatermark: 11960777 java_gc_start_bytes: 28053071 kNewNativeDiscountFactor: 2 kOldNativeDiscountFactor: 65536 old_native_bytes: 131205649 new_native_bytes: 29546132 add_bytes_allowed: 35882331 is_gc_concurrent: 1 target_footprint_: 28577359 GetBytesAllocated: 26294200 HeapGrowthMultiplier: 3
12-18 14:54:15.971  3191  3674 I com.miui.home: CheckGCForNative gc_urgency 0.892922 current_native_bytes is 160751781
12-18 14:54:16.058  3191  3507 I com.miui.home: CheckGCForNative adj_start_bytes: 45994236 NativeAllocationGcWatermark: 11960777 java_gc_start_bytes: 28053071 kNewNativeDiscountFactor: 2 kOldNativeDiscountFactor: 65536 old_native_bytes: 131205649 new_native_bytes: 29764296 add_bytes_allowed: 35882331 is_gc_concurrent: 1 target_footprint_: 28577359 GetBytesAllocated: 26572728 HeapGrowthMultiplier: 3
12-18 14:54:16.058  3191  3507 I com.miui.home: CheckGCForNative gc_urgency 0.901349 current_native_bytes is 160969945
12-18 14:54:16.140  3191  3674 I com.miui.home: CheckGCForNative adj_start_bytes: 45994236 NativeAllocationGcWatermark: 11960777 java_gc_start_bytes: 28053071 kNewNativeDiscountFactor: 2 kOldNativeDiscountFactor: 65536 old_native_bytes: 131205649 new_native_bytes: 30016840 add_bytes_allowed: 35882331 is_gc_concurrent: 1 target_footprint_: 28577359 GetBytesAllocated: 26982968 HeapGrowthMultiplier: 3
12-18 14:54:16.140  3191  3674 I com.miui.home: CheckGCForNative gc_urgency 0.913014 current_native_bytes is 161222489
12-18 14:54:16.626 13747 13747 I wm_on_application_create_called: [0,com.youku.phone,312]
12-18 14:54:16.905 13747 13747 I wm_on_create_called: [0,203177710,com.youku.phone.ActivityWelcome,performCreate,260]
12-18 14:54:17.101  3191  3674 I com.miui.home: CheckGCForNative adj_start_bytes: 45994236 NativeAllocationGcWatermark: 11960777 java_gc_start_bytes: 28053071 kNewNativeDiscountFactor: 2 kOldNativeDiscountFactor: 65536 old_native_bytes: 131205649 new_native_bytes: 29673804 add_bytes_allowed: 35882331 is_gc_concurrent: 1 target_footprint_: 28577359 GetBytesAllocated: 27606456 HeapGrowthMultiplier: 3
12-18 14:54:17.101  3191  3674 I com.miui.home: CheckGCForNative gc_urgency 0.922841 current_native_bytes is 160879453
12-18 14:54:17.135  3191  3674 I com.miui.home: CheckGCForNative adj_start_bytes: 45994236 NativeAllocationGcWatermark: 11960777 java_gc_start_bytes: 28053071 kNewNativeDiscountFactor: 2 kOldNativeDiscountFactor: 65536 old_native_bytes: 131205649 new_native_bytes: 30080708 add_bytes_allowed: 35882331 is_gc_concurrent: 1 target_footprint_: 28577359 GetBytesAllocated: 27803064 HeapGrowthMultiplier: 3
12-18 14:54:17.135  3191  3674 I com.miui.home: CheckGCForNative gc_urgency 0.931539 current_native_bytes is 161286357
12-18 14:54:17.166 13747 13747 I wm_on_create_called: [0,100972347,com.youku.v2.HomePageEntry,performCreate,171]
12-18 14:54:17.187  3191  3674 I com.miui.home: CheckGCForNative adj_start_bytes: 45994236 NativeAllocationGcWatermark: 11960777 java_gc_start_bytes: 28053071 kNewNativeDiscountFactor: 2 kOldNativeDiscountFactor: 65536 old_native_bytes: 131205649 new_native_bytes: 30188608 add_bytes_allowed: 35882331 is_gc_concurrent: 1 target_footprint_: 28577359 GetBytesAllocated: 28115032 HeapGrowthMultiplier: 3
12-18 14:54:17.187  3191  3674 I com.miui.home: CheckGCForNative gc_urgency 0.939495 current_native_bytes is 161394257
12-18 14:54:17.190 13747 13747 I wm_on_start_called: [0,100972347,com.youku.v2.HomePageEntry,handleStartActivity,23]
12-18 14:54:17.212 13747 13747 I wm_on_resume_called: [0,100972347,com.youku.v2.HomePageEntry,RESUME_ACTIVITY,20]
12-18 14:54:17.289 13747 13747 I wm_on_top_resumed_gained_called: [100972347,com.youku.v2.HomePageEntry,topStateChangedWhenResumed]
12-18 14:54:17.871  3191 11361 I com.miui.home: CheckGCForNative adj_start_bytes: 46076156 NativeAllocationGcWatermark: 11960777 java_gc_start_bytes: 28134991 kNewNativeDiscountFactor: 2 kOldNativeDiscountFactor: 65536 old_native_bytes: 161665029 new_native_bytes: 4452356 add_bytes_allowed: 35882331 is_gc_concurrent: 1 target_footprint_: 28577359 GetBytesAllocated: 15620064 HeapGrowthMultiplier: 3
12-18 14:54:17.871  3191 11361 I com.miui.home: CheckGCForNative gc_urgency 0.387374 current_native_bytes is 166117385
12-18 14:54:17.872  3191 11361 I com.miui.home: CheckGCForNative adj_start_bytes: 46076156 NativeAllocationGcWatermark: 11960777 java_gc_start_bytes: 28134991 kNewNativeDiscountFactor: 2 kOldNativeDiscountFactor: 65536 old_native_bytes: 161665029 new_native_bytes: 15158276 add_bytes_allowed: 35882331 is_gc_concurrent: 1 target_footprint_: 28577359 GetBytesAllocated: 15636640 HeapGrowthMultiplier: 3
12-18 14:54:17.872  3191 11361 I com.miui.home: CheckGCForNative gc_urgency 0.50391 current_native_bytes is 176823305
12-18 14:54:17.874  3191  3415 I com.miui.home: CheckGCForNative adj_start_bytes: 46076156 NativeAllocationGcWatermark: 11960777 java_gc_start_bytes: 28134991 kNewNativeDiscountFactor: 2 kOldNativeDiscountFactor: 65536 old_native_bytes: 161665029 new_native_bytes: 4452612 add_bytes_allowed: 35882331 is_gc_concurrent: 1 target_footprint_: 28577359 GetBytesAllocated: 15653024 HeapGrowthMultiplier: 3
12-18 14:54:17.874  3191  3415 I com.miui.home: CheckGCForNative gc_urgency 0.388092 current_native_bytes is 166117641
12-18 14:54:17.875  3191  4028 I com.miui.home: CheckGCForNative adj_start_bytes: 46076156 NativeAllocationGcWatermark: 11960777 java_gc_start_bytes: 28134991 kNewNativeDiscountFactor: 2 kOldNativeDiscountFactor: 65536 old_native_bytes: 161665029 new_native_bytes: 15159300 add_bytes_allowed: 35882331 is_gc_concurrent: 1 target_footprint_: 28577359 GetBytesAllocated: 15669408 HeapGrowthMultiplier: 3
12-18 14:54:17.875  3191  4028 I com.miui.home: CheckGCForNative gc_urgency 0.504632 current_native_bytes is 176824329
12-18 14:54:18.200  3191  3507 I com.miui.home: CheckGCForNative adj_start_bytes: 46076156 NativeAllocationGcWatermark: 11960777 java_gc_start_bytes: 28134991 kNewNativeDiscountFactor: 2 kOldNativeDiscountFactor: 65536 old_native_bytes: 161665029 new_native_bytes: 4600964 add_bytes_allowed: 35882331 is_gc_concurrent: 1 target_footprint_: 28577359 GetBytesAllocated: 15898976 HeapGrowthMultiplier: 3
12-18 14:54:18.200  3191  3507 I com.miui.home: CheckGCForNative gc_urgency 0.39504 current_native_bytes is 166265993
12-18 14:54:18.420  3191  3191 I wm_on_resume_called: [0,69200590,com.miui.home.launcher.Launcher,RESUME_ACTIVITY,5]
12-18 14:54:18.423  3191  3191 I wm_on_idle_called: com.miui.home.launcher.Launcher
12-18 14:54:18.452 13747 13747 I wm_on_top_resumed_lost_called: [100972347,com.youku.v2.HomePageEntry,topStateChangedWhenResumed]
12-18 14:54:18.484  3191  3191 I wm_on_top_resumed_gained_called: [69200590,com.miui.home.launcher.Launcher,topStateChangedWhenResumed]
12-18 14:54:18.679  3191  3191 I wm_on_top_resumed_lost_called: [69200590,com.miui.home.launcher.Launcher,topStateChangedWhenResumed]
12-18 14:54:18.696  3191  3191 I wm_on_paused_called: [0,69200590,com.miui.home.launcher.Launcher,performPause,2]
12-18 14:54:18.777  3191  3674 I com.miui.home: CheckGCForNative adj_start_bytes: 46076156 NativeAllocationGcWatermark: 11960777 java_gc_start_bytes: 28134991 kNewNativeDiscountFactor: 2 kOldNativeDiscountFactor: 65536 old_native_bytes: 161665029 new_native_bytes: 4921256 add_bytes_allowed: 35882331 is_gc_concurrent: 1 target_footprint_: 28577359 GetBytesAllocated: 17809408 HeapGrowthMultiplier: 3
12-18 14:54:18.777  3191  3674 I com.miui.home: CheckGCForNative gc_urgency 0.439978 current_native_bytes is 166586285
12-18 14:54:18.812  3191  3507 I com.miui.home: CheckGCForNative adj_start_bytes: 46076156 NativeAllocationGcWatermark: 11960777 java_gc_start_bytes: 28134991 kNewNativeDiscountFactor: 2 kOldNativeDiscountFactor: 65536 old_native_bytes: 161665029 new_native_bytes: 5106256 add_bytes_allowed: 35882331 is_gc_concurrent: 1 target_footprint_: 28577359 GetBytesAllocated: 17997920 HeapGrowthMultiplier: 3
12-18 14:54:18.812  3191  3507 I com.miui.home: CheckGCForNative gc_urgency 0.446077 current_native_bytes is 166771285
12-18 14:54:18.906  3191  3674 I com.miui.home: CheckGCForNative adj_start_bytes: 46076156 NativeAllocationGcWatermark: 11960777 java_gc_start_bytes: 28134991 kNewNativeDiscountFactor: 2 kOldNativeDiscountFactor: 65536 old_native_bytes: 161665029 new_native_bytes: 5214816 add_bytes_allowed: 35882331 is_gc_concurrent: 1 target_footprint_: 28577359 GetBytesAllocated: 18210912 HeapGrowthMultiplier: 3
12-18 14:54:18.906  3191  3674 I com.miui.home: CheckGCForNative gc_urgency 0.451878 current_native_bytes is 166879845
12-18 14:54:19.043  3191  3674 I com.miui.home: CheckGCForNative adj_start_bytes: 46076156 NativeAllocationGcWatermark: 11960777 java_gc_start_bytes: 28134991 kNewNativeDiscountFactor: 2 kOldNativeDiscountFactor: 65536 old_native_bytes: 161665029 new_native_bytes: 5599380 add_bytes_allowed: 35882331 is_gc_concurrent: 1 target_footprint_: 28577359 GetBytesAllocated: 18719520 HeapGrowthMultiplier: 3
12-18 14:54:19.043  3191  3674 I com.miui.home: CheckGCForNative gc_urgency 0.467089 current_native_bytes is 167264409
12-18 14:54:19.080  3191  3674 I com.miui.home: CheckGCForNative adj_start_bytes: 46076156 NativeAllocationGcWatermark: 11960777 java_gc_start_bytes: 28134991 kNewNativeDiscountFactor: 2 kOldNativeDiscountFactor: 65536 old_native_bytes: 161665029 new_native_bytes: 16436328 add_bytes_allowed: 35882331 is_gc_concurrent: 1 target_footprint_: 28577359 GetBytesAllocated: 18916128 HeapGrowthMultiplier: 3
12-18 14:54:19.080  3191  3674 I com.miui.home: CheckGCForNative gc_urgency 0.588954 current_native_bytes is 178101357
12-18 14:54:19.202  3191  3507 I com.miui.home: CheckGCForNative adj_start_bytes: 46076156 NativeAllocationGcWatermark: 11960777 java_gc_start_bytes: 28134991 kNewNativeDiscountFactor: 2 kOldNativeDiscountFactor: 65536 old_native_bytes: 161665029 new_native_bytes: 5740072 add_bytes_allowed: 35882331 is_gc_concurrent: 1 target_footprint_: 28577359 GetBytesAllocated: 18998240 HeapGrowthMultiplier: 3
12-18 14:54:19.202  3191  3507 I com.miui.home: CheckGCForNative gc_urgency 0.474665 current_native_bytes is 167405101
12-18 14:54:19.579 14233 14233 I wm_on_create_called: [0,268381718,com.ucpro.MainActivity,performCreate,100]
12-18 14:54:19.813  3191  3674 I com.miui.home: CheckGCForNative adj_start_bytes: 46076156 NativeAllocationGcWatermark: 11960777 java_gc_start_bytes: 28134991 kNewNativeDiscountFactor: 2 kOldNativeDiscountFactor: 65536 old_native_bytes: 161665029 new_native_bytes: 5738408 add_bytes_allowed: 35882331 is_gc_concurrent: 1 target_footprint_: 28577359 GetBytesAllocated: 19457952 HeapGrowthMultiplier: 3
12-18 14:54:19.813  3191  3674 I com.miui.home: CheckGCForNative gc_urgency 0.484624 current_native_bytes is 167403437
12-18 14:54:19.919  3191  3674 I com.miui.home: CheckGCForNative adj_start_bytes: 46076156 NativeAllocationGcWatermark: 11960777 java_gc_start_bytes: 28134991 kNewNativeDiscountFactor: 2 kOldNativeDiscountFactor: 65536 old_native_bytes: 161665029 new_native_bytes: 6077404 add_bytes_allowed: 35882331 is_gc_concurrent: 1 target_footprint_: 28577359 GetBytesAllocated: 19966592 HeapGrowthMultiplier: 3
12-18 14:54:19.919  3191  3674 I com.miui.home: CheckGCForNative gc_urgency 0.499342 current_native_bytes is 167742433
12-18 14:54:20.119 14233 14233 I wm_on_create_called: [0,55938119,com.ucpro.BrowserActivity,performCreate,459]
12-18 14:54:20.128 14233 14233 I wm_on_start_called: [0,55938119,com.ucpro.BrowserActivity,handleStartActivity,9]
12-18 14:54:20.135 14233 14233 I wm_on_resume_called: [0,55938119,com.ucpro.BrowserActivity,RESUME_ACTIVITY,7]
12-18 14:54:20.171 14233 14233 I wm_on_top_resumed_gained_called: [55938119,com.ucpro.BrowserActivity,topStateChangedWhenResumed]
12-18 14:54:20.588  3191  3191 I com.miui.home: CheckGCForNative adj_start_bytes: 46076156 NativeAllocationGcWatermark: 11960777 java_gc_start_bytes: 28134991 kNewNativeDiscountFactor: 2 kOldNativeDiscountFactor: 65536 old_native_bytes: 161665029 new_native_bytes: 6152684 add_bytes_allowed: 35882331 is_gc_concurrent: 1 target_footprint_: 28577359 GetBytesAllocated: 20786272 HeapGrowthMultiplier: 3
12-18 14:54:20.588  3191  3191 I com.miui.home: CheckGCForNative gc_urgency 0.517949 current_native_bytes is 167817713
12-18 14:54:20.687  3191  3673 I com.miui.home: CheckGCForNative adj_start_bytes: 46076156 NativeAllocationGcWatermark: 11960777 java_gc_start_bytes: 28134991 kNewNativeDiscountFactor: 2 kOldNativeDiscountFactor: 65536 old_native_bytes: 161665029 new_native_bytes: 16965988 add_bytes_allowed: 35882331 is_gc_concurrent: 1 target_footprint_: 28577359 GetBytesAllocated: 20884576 HeapGrowthMultiplier: 3
12-18 14:54:20.687  3191  3673 I com.miui.home: CheckGCForNative gc_urgency 0.637424 current_native_bytes is 178631017
12-18 14:54:20.687  3191  3673 I com.miui.home: CheckGCForNative adj_start_bytes: 46076156 NativeAllocationGcWatermark: 11960777 java_gc_start_bytes: 28134991 kNewNativeDiscountFactor: 2 kOldNativeDiscountFactor: 65536 old_native_bytes: 161665029 new_native_bytes: 27671908 add_bytes_allowed: 35882331 is_gc_concurrent: 1 target_footprint_: 28577359 GetBytesAllocated: 20901152 HeapGrowthMultiplier: 3
12-18 14:54:20.687  3191  3673 I com.miui.home: CheckGCForNative gc_urgency 0.75396 current_native_bytes is 189336937
12-18 14:54:20.695  3191 11361 I com.miui.home: CheckGCForNative adj_start_bytes: 46076156 NativeAllocationGcWatermark: 11960777 java_gc_start_bytes: 28134991 kNewNativeDiscountFactor: 2 kOldNativeDiscountFactor: 65536 old_native_bytes: 161665029 new_native_bytes: 27677188 add_bytes_allowed: 35882331 is_gc_concurrent: 1 target_footprint_: 28577359 GetBytesAllocated: 20917536 HeapGrowthMultiplier: 3
12-18 14:54:20.695  3191 11361 I com.miui.home: CheckGCForNative gc_urgency 0.754373 current_native_bytes is 189342217
12-18 14:54:20.877  3191  3507 I com.miui.home: CheckGCForNative adj_start_bytes: 46076156 NativeAllocationGcWatermark: 11960777 java_gc_start_bytes: 28134991 kNewNativeDiscountFactor: 2 kOldNativeDiscountFactor: 65536 old_native_bytes: 161665029 new_native_bytes: 17007028 add_bytes_allowed: 35882331 is_gc_concurrent: 1 target_footprint_: 28577359 GetBytesAllocated: 21032416 HeapGrowthMultiplier: 3
12-18 14:54:20.877  3191  3507 I com.miui.home: CheckGCForNative gc_urgency 0.641078 current_native_bytes is 178672057
12-18 14:54:21.270  3191  3191 I wm_on_resume_called: [0,69200590,com.miui.home.launcher.Launcher,RESUME_ACTIVITY,14]
12-18 14:54:21.272  3191  3191 I wm_on_idle_called: com.miui.home.launcher.Launcher
12-18 14:54:21.443  3191  3674 I com.miui.home: CheckGCForNative adj_start_bytes: 46076156 NativeAllocationGcWatermark: 11960777 java_gc_start_bytes: 28134991 kNewNativeDiscountFactor: 2 kOldNativeDiscountFactor: 65536 old_native_bytes: 161665029 new_native_bytes: 17212660 add_bytes_allowed: 35882331 is_gc_concurrent: 1 target_footprint_: 28577359 GetBytesAllocated: 22434752 HeapGrowthMultiplier: 3
12-18 14:54:21.443  3191  3674 I com.miui.home: CheckGCForNative gc_urgency 0.673744 current_native_bytes is 178877689
12-18 14:54:21.480  3191  3674 I com.miui.home: CheckGCForNative adj_start_bytes: 46076156 NativeAllocationGcWatermark: 11960777 java_gc_start_bytes: 28134991 kNewNativeDiscountFactor: 2 kOldNativeDiscountFactor: 65536 old_native_bytes: 161665029 new_native_bytes: 28349032 add_bytes_allowed: 35882331 is_gc_concurrent: 1 target_footprint_: 28577359 GetBytesAllocated: 22713280 HeapGrowthMultiplier: 3
12-18 14:54:21.480  3191  3674 I com.miui.home: CheckGCForNative gc_urgency 0.800637 current_native_bytes is 190014061
12-18 14:54:21.500  3191  3674 I com.miui.home: CheckGCForNative adj_start_bytes: 46076156 NativeAllocationGcWatermark: 11960777 java_gc_start_bytes: 28134991 kNewNativeDiscountFactor: 2 kOldNativeDiscountFactor: 65536 old_native_bytes: 161665029 new_native_bytes: 17705064 add_bytes_allowed: 35882331 is_gc_concurrent: 1 target_footprint_: 28577359 GetBytesAllocated: 22927136 HeapGrowthMultiplier: 3
12-18 14:54:21.500  3191  3674 I com.miui.home: CheckGCForNative gc_urgency 0.689774 current_native_bytes is 179370093
12-18 14:54:21.716  3191  3191 I wm_on_top_resumed_gained_called: [69200590,com.miui.home.launcher.Launcher,topStateChangedWhenResumed]
12-18 14:54:22.339  3191  3496 I com.miui.home: CheckGCForNative adj_start_bytes: 46076156 NativeAllocationGcWatermark: 11960777 java_gc_start_bytes: 28134991 kNewNativeDiscountFactor: 2 kOldNativeDiscountFactor: 65536 old_native_bytes: 161665029 new_native_bytes: 17929980 add_bytes_allowed: 35882331 is_gc_concurrent: 1 target_footprint_: 28577359 GetBytesAllocated: 23287584 HeapGrowthMultiplier: 3
12-18 14:54:22.339  3191  3496 I com.miui.home: CheckGCForNative gc_urgency 0.700038 current_native_bytes is 179595009
12-18 14:54:22.603 14233 14233 I wm_on_top_resumed_lost_called: [55938119,com.ucpro.BrowserActivity,topStateChangedWhenResumed]
12-18 14:54:22.805 14233 14233 I wm_on_paused_called: [0,55938119,com.ucpro.BrowserActivity,performPause,199]
12-18 14:54:22.939 14233 14233 I wm_on_stop_called: [0,55938119,com.ucpro.BrowserActivity,STOP_ACTIVITY_ITEM,73]
12-18 14:54:22.972 14233 14233 I wm_on_destroy_called: [0,268381718,com.ucpro.MainActivity,performDestroy,7]