12-15 14:14:16.104  3177  3671 I com.miui.home: CheckGCForNative adj_start_bytes: 46118553 NativeAllocationGcWatermark: 11973863 java_gc_start_bytes: 28157759 kNewNativeDiscountFactor: 2 kOldNativeDiscountFactor: 65536 old_native_bytes: 143445717 new_native_bytes: 2640004 add_bytes_allowed: 35921589 is_gc_concurrent: 1 target_footprint_: 28682047 GetBytesAllocated: 19449328 HeapGrowthMultiplier: 3
12-15 14:14:16.106  3177  3671 I com.miui.home: CheckGCForNative gc_urgency 0.450394 current_native_bytes is 146085721
12-15 14:14:16.254 11608 11608 I wm_on_create_called: [0,47377254,com.tencent.mm.ui.LauncherUI,performCreate,174]
12-15 14:14:16.270 11608 11608 I wm_on_start_called: [0,47377254,com.tencent.mm.ui.LauncherUI,handleStartActivity,9]
12-15 14:14:16.276  3177  3671 I com.miui.home: CheckGCForNative gc_urgency 0 current_native_bytes is 133654005
12-15 14:14:16.279  3177  3671 I com.miui.home: CheckGCForNative adj_start_bytes: 45077713 NativeAllocationGcWatermark: 11864301 java_gc_start_bytes: 27281262 kNewNativeDiscountFactor: 2 kOldNativeDiscountFactor: 65536 old_native_bytes: 133654005 new_native_bytes: 23328 add_bytes_allowed: 35592903 is_gc_concurrent: 1 target_footprint_: 27805550 GetBytesAllocated: 14083064 HeapGrowthMultiplier: 3
12-15 14:14:16.279  3177  3671 I com.miui.home: CheckGCForNative gc_urgency 0.312721 current_native_bytes is 133677333
12-15 14:14:16.323 11608 11608 I wm_on_resume_called: [0,47377254,com.tencent.mm.ui.LauncherUI,RESUME_ACTIVITY,51]
12-15 14:14:16.335 11608 11608 I wm_on_top_resumed_gained_called: [47377254,com.tencent.mm.ui.LauncherUI,topStateChangedWhenResumed]
12-15 14:14:16.346 11608 11608 I wm_on_top_resumed_lost_called: [47377254,com.tencent.mm.ui.LauncherUI,topStateChangedWhenResumed]
12-15 14:14:16.354 11608 11608 I wm_on_paused_called: [0,47377254,com.tencent.mm.ui.LauncherUI,performPause,3]
12-15 14:14:16.385  3177  3671 I com.miui.home: CheckGCForNative adj_start_bytes: 45077713 NativeAllocationGcWatermark: 11864301 java_gc_start_bytes: 27281262 kNewNativeDiscountFactor: 2 kOldNativeDiscountFactor: 65536 old_native_bytes: 133654005 new_native_bytes: 406484 add_bytes_allowed: 35592903 is_gc_concurrent: 1 target_footprint_: 27805550 GetBytesAllocated: 14575096 HeapGrowthMultiplier: 3
12-15 14:14:16.385  3177  3671 I com.miui.home: CheckGCForNative gc_urgency 0.327887 current_native_bytes is 134060489
12-15 14:14:16.475 11608 11608 I wm_on_create_called: [0,41148074,com.tencent.mm.plugin.account.ui.WelcomeActivity,performCreate,56]
12-15 14:14:16.478 11608 11608 I wm_on_start_called: [0,41148074,com.tencent.mm.plugin.account.ui.WelcomeActivity,handleStartActivity,2]
12-15 14:14:16.482 11608 11608 I wm_on_resume_called: [0,41148074,com.tencent.mm.plugin.account.ui.WelcomeActivity,RESUME_ACTIVITY,4]
12-15 14:14:16.491 11608 11608 I wm_on_top_resumed_gained_called: [41148074,com.tencent.mm.plugin.account.ui.WelcomeActivity,topStateChangedWhenResumed]
12-15 14:14:16.495 11608 11608 I wm_on_stop_called: [0,47377254,com.tencent.mm.ui.LauncherUI,STOP_ACTIVITY_ITEM,3]
12-15 14:14:16.555  3177  3671 I com.miui.home: CheckGCForNative adj_start_bytes: 45077713 NativeAllocationGcWatermark: 11864301 java_gc_start_bytes: 27281262 kNewNativeDiscountFactor: 2 kOldNativeDiscountFactor: 65536 old_native_bytes: 133654005 new_native_bytes: 673176 add_bytes_allowed: 35592903 is_gc_concurrent: 1 target_footprint_: 27805550 GetBytesAllocated: 15067192 HeapGrowthMultiplier: 3
12-15 14:14:16.555  3177  3671 I com.miui.home: CheckGCForNative gc_urgency 0.341761 current_native_bytes is 134327181
12-15 14:14:16.658  3177  3671 I com.miui.home: CheckGCForNative adj_start_bytes: 45077713 NativeAllocationGcWatermark: 11864301 java_gc_start_bytes: 27281262 kNewNativeDiscountFactor: 2 kOldNativeDiscountFactor: 65536 old_native_bytes: 133654005 new_native_bytes: 851212 add_bytes_allowed: 35592903 is_gc_concurrent: 1 target_footprint_: 27805550 GetBytesAllocated: 15526456 HeapGrowthMultiplier: 3
12-15 14:14:16.658  3177  3671 I com.miui.home: CheckGCForNative gc_urgency 0.353924 current_native_bytes is 134505217
12-15 14:14:16.818  3177  3177 I wm_on_restart_called: [0,238601760,com.miui.home.launcher.Launcher,performRestartActivity,0]
12-15 14:14:16.820  3177  3177 I wm_on_start_called: [0,238601760,com.miui.home.launcher.Launcher,handleStartActivity,2]
12-15 14:14:16.965  3177  3506 I com.miui.home: CheckGCForNative adj_start_bytes: 45077713 NativeAllocationGcWatermark: 11864301 java_gc_start_bytes: 27281262 kNewNativeDiscountFactor: 2 kOldNativeDiscountFactor: 65536 old_native_bytes: 133654005 new_native_bytes: 1301932 add_bytes_allowed: 35592903 is_gc_concurrent: 1 target_footprint_: 27805550 GetBytesAllocated: 16624600 HeapGrowthMultiplier: 3
12-15 14:14:16.965  3177  3506 I com.miui.home: CheckGCForNative gc_urgency 0.383285 current_native_bytes is 134955937
12-15 14:14:17.165  3177  3506 I com.miui.home: CheckGCForNative adj_start_bytes: 45077713 NativeAllocationGcWatermark: 11864301 java_gc_start_bytes: 27281262 kNewNativeDiscountFactor: 2 kOldNativeDiscountFactor: 65536 old_native_bytes: 133654005 new_native_bytes: 1309228 add_bytes_allowed: 35592903 is_gc_concurrent: 1 target_footprint_: 27805550 GetBytesAllocated: 16804824 HeapGrowthMultiplier: 3
12-15 14:14:17.165  3177  3506 I com.miui.home: CheckGCForNative gc_urgency 0.387364 current_native_bytes is 134963233
12-15 14:14:17.199  3177  3506 I com.miui.home: CheckGCForNative adj_start_bytes: 45077713 NativeAllocationGcWatermark: 11864301 java_gc_start_bytes: 27281262 kNewNativeDiscountFactor: 2 kOldNativeDiscountFactor: 65536 old_native_bytes: 133654005 new_native_bytes: 1311532 add_bytes_allowed: 35592903 is_gc_concurrent: 1 target_footprint_: 27805550 GetBytesAllocated: 16821208 HeapGrowthMultiplier: 3
12-15 14:14:17.199  3177  3506 I com.miui.home: CheckGCForNative gc_urgency 0.387753 current_native_bytes is 134965537
12-15 14:14:17.344 11608 11608 I wm_on_top_resumed_lost_called: [41148074,com.tencent.mm.plugin.account.ui.WelcomeActivity,topStateChangedWhenResumed]
12-15 14:14:17.360  3177  3177 I wm_on_resume_called: [0,238601760,com.miui.home.launcher.Launcher,RESUME_ACTIVITY,7]
12-15 14:14:17.363  3177  3177 I wm_on_idle_called: com.miui.home.launcher.Launcher
12-15 14:14:17.373  3177  3177 I wm_on_top_resumed_gained_called: [238601760,com.miui.home.launcher.Launcher,topStateChangedWhenResumed]
12-15 14:14:17.381 11608 11608 I wm_on_paused_called: [0,41148074,com.tencent.mm.plugin.account.ui.WelcomeActivity,performPause,5]
12-15 14:14:17.404 11608 11608 I wm_on_stop_called: [0,41148074,com.tencent.mm.plugin.account.ui.WelcomeActivity,STOP_ACTIVITY_ITEM,4]
12-15 14:14:17.412 11608 11608 I wm_on_stop_called: [0,8162075,com.tencent.mm.app.WeChatSplashActivity,LIFECYCLER_STOP_ACTIVITY,6]
12-15 14:14:17.418 11608 11608 I wm_on_destroy_called: [0,8162075,com.tencent.mm.app.WeChatSplashActivity,performDestroy,4]
12-15 14:14:17.439 11608 11608 I wm_on_idle_called: com.tencent.mm.plugin.account.ui.WelcomeActivity
12-15 14:14:17.440 11608 11608 I wm_on_idle_called: com.tencent.mm.ui.LauncherUI
12-15 14:14:17.509  3177  3671 I com.miui.home: CheckGCForNative adj_start_bytes: 45077713 NativeAllocationGcWatermark: 11864301 java_gc_start_bytes: 27281262 kNewNativeDiscountFactor: 2 kOldNativeDiscountFactor: 65536 old_native_bytes: 133654005 new_native_bytes: 1469932 add_bytes_allowed: 35592903 is_gc_concurrent: 1 target_footprint_: 27805550 GetBytesAllocated: 18116904 HeapGrowthMultiplier: 3
12-15 14:14:17.509  3177  3671 I com.miui.home: CheckGCForNative gc_urgency 0.418253 current_native_bytes is 135123937
12-15 14:14:17.546  3177  3671 I com.miui.home: CheckGCForNative adj_start_bytes: 45077713 NativeAllocationGcWatermark: 11864301 java_gc_start_bytes: 27281262 kNewNativeDiscountFactor: 2 kOldNativeDiscountFactor: 65536 old_native_bytes: 133654005 new_native_bytes: 1697056 add_bytes_allowed: 35592903 is_gc_concurrent: 1 target_footprint_: 27805550 GetBytesAllocated: 18576136 HeapGrowthMultiplier: 3
12-15 14:14:17.546  3177  3671 I com.miui.home: CheckGCForNative gc_urgency 0.43096 current_native_bytes is 135351061
12-15 14:14:17.869  3177  3177 I wm_on_top_resumed_lost_called: [238601760,com.miui.home.launcher.Launcher,topStateChangedWhenResumed]
12-15 14:14:17.875  3177  3177 I wm_on_paused_called: [0,238601760,com.miui.home.launcher.Launcher,performPause,2]
12-15 14:14:17.950  3177  3671 I com.miui.home: CheckGCForNative adj_start_bytes: 45077713 NativeAllocationGcWatermark: 11864301 java_gc_start_bytes: 27281262 kNewNativeDiscountFactor: 2 kOldNativeDiscountFactor: 65536 old_native_bytes: 133654005 new_native_bytes: 2184016 add_bytes_allowed: 35592903 is_gc_concurrent: 1 target_footprint_: 27805550 GetBytesAllocated: 19428680 HeapGrowthMultiplier: 3
12-15 14:14:17.950  3177  3671 I com.miui.home: CheckGCForNative gc_urgency 0.455274 current_native_bytes is 135838021
12-15 14:14:18.075  3177  3671 I com.miui.home: CheckGCForNative adj_start_bytes: 45077713 NativeAllocationGcWatermark: 11864301 java_gc_start_bytes: 27281262 kNewNativeDiscountFactor: 2 kOldNativeDiscountFactor: 65536 old_native_bytes: 133654005 new_native_bytes: 2742108 add_bytes_allowed: 35592903 is_gc_concurrent: 1 target_footprint_: 27805550 GetBytesAllocated: 20125608 HeapGrowthMultiplier: 3
12-15 14:14:18.075  3177  3671 I com.miui.home: CheckGCForNative gc_urgency 0.476925 current_native_bytes is 136396113
12-15 14:14:18.165  3177  3506 I com.miui.home: CheckGCForNative adj_start_bytes: 45077713 NativeAllocationGcWatermark: 11864301 java_gc_start_bytes: 27281262 kNewNativeDiscountFactor: 2 kOldNativeDiscountFactor: 65536 old_native_bytes: 133654005 new_native_bytes: 2956768 add_bytes_allowed: 35592903 is_gc_concurrent: 1 target_footprint_: 27805550 GetBytesAllocated: 20387752 HeapGrowthMultiplier: 3
12-15 14:14:18.165  3177  3506 I com.miui.home: CheckGCForNative gc_urgency 0.485122 current_native_bytes is 136610773
12-15 14:14:18.377  3177  3506 I com.miui.home: CheckGCForNative adj_start_bytes: 45077713 NativeAllocationGcWatermark: 11864301 java_gc_start_bytes: 27281262 kNewNativeDiscountFactor: 2 kOldNativeDiscountFactor: 65536 old_native_bytes: 133654005 new_native_bytes: 2944288 add_bytes_allowed: 35592903 is_gc_concurrent: 1 target_footprint_: 27805550 GetBytesAllocated: 20518824 HeapGrowthMultiplier: 3
12-15 14:14:18.377  3177  3506 I com.miui.home: CheckGCForNative gc_urgency 0.487891 current_native_bytes is 136598293
12-15 14:14:18.521  3177  3506 I com.miui.home: CheckGCForNative adj_start_bytes: 45077713 NativeAllocationGcWatermark: 11864301 java_gc_start_bytes: 27281262 kNewNativeDiscountFactor: 2 kOldNativeDiscountFactor: 65536 old_native_bytes: 133654005 new_native_bytes: 2954888 add_bytes_allowed: 35592903 is_gc_concurrent: 1 target_footprint_: 27805550 GetBytesAllocated: 20600744 HeapGrowthMultiplier: 3
12-15 14:14:18.521  3177  3506 I com.miui.home: CheckGCForNative gc_urgency 0.489826 current_native_bytes is 136608893
12-15 14:14:18.638 11873 11873 I wm_on_application_create_called: [0,com.kmxs.reader,432]
12-15 14:14:18.932 11873 11873 I wm_on_create_called: [0,114913948,com.km.app.home.view.LoadingActivity,performCreate,281]
12-15 14:14:18.940 11873 11873 I wm_on_start_called: [0,114913948,com.km.app.home.view.LoadingActivity,handleStartActivity,6]
12-15 14:14:18.965 11873 11873 I wm_on_resume_called: [0,114913948,com.km.app.home.view.LoadingActivity,RESUME_ACTIVITY,17]
12-15 14:14:19.083 11873 11873 I wm_on_top_resumed_gained_called: [114913948,com.km.app.home.view.LoadingActivity,topStateChangedWhenResumed]
12-15 14:14:19.541  3177  3177 I wm_on_stop_called: [0,238601760,com.miui.home.launcher.Launcher,STOP_ACTIVITY_ITEM,4]
12-15 14:14:19.912 11873 11873 I wm_on_top_resumed_lost_called: [114913948,com.km.app.home.view.LoadingActivity,topStateChangedWhenResumed]
12-15 14:14:19.914 11873 11873 I wm_on_paused_called: [0,114913948,com.km.app.home.view.LoadingActivity,performPause,2]
12-15 14:14:20.056 11873 11873 I wm_on_create_called: [0,29606162,com.kmxs.reader.home.ui.HomeActivity,performCreate,88]
12-15 14:14:20.060 11873 11873 I wm_on_start_called: [0,29606162,com.kmxs.reader.home.ui.HomeActivity,handleStartActivity,1]
12-15 14:14:20.094 11873 11873 I wm_on_resume_called: [0,29606162,com.kmxs.reader.home.ui.HomeActivity,RESUME_ACTIVITY,32]
12-15 14:14:20.127 11873 11873 I wm_on_top_resumed_gained_called: [29606162,com.kmxs.reader.home.ui.HomeActivity,topStateChangedWhenResumed]
12-15 14:14:20.136  3177  3671 I com.miui.home: CheckGCForNative gc_urgency 0 current_native_bytes is 129955857
12-15 14:14:20.149  3177  3671 I com.miui.home: CheckGCForNative adj_start_bytes: 44503418 NativeAllocationGcWatermark: 11771977 java_gc_start_bytes: 26845453 kNewNativeDiscountFactor: 2 kOldNativeDiscountFactor: 65536 old_native_bytes: 129955857 new_native_bytes: 396800 add_bytes_allowed: 35315931 is_gc_concurrent: 1 target_footprint_: 27066957 GetBytesAllocated: 13845912 HeapGrowthMultiplier: 3
12-15 14:14:20.149  3177  3671 I com.miui.home: CheckGCForNative gc_urgency 0.315623 current_native_bytes is 130352657
12-15 14:14:20.166  3177  3671 I com.miui.home: CheckGCForNative adj_start_bytes: 44503418 NativeAllocationGcWatermark: 11771977 java_gc_start_bytes: 26845453 kNewNativeDiscountFactor: 2 kOldNativeDiscountFactor: 65536 old_native_bytes: 129955857 new_native_bytes: 1122464 add_bytes_allowed: 35315931 is_gc_concurrent: 1 target_footprint_: 27066957 GetBytesAllocated: 13878856 HeapGrowthMultiplier: 3
12-15 14:14:20.166  3177  3671 I com.miui.home: CheckGCForNative gc_urgency 0.324516 current_native_bytes is 131078321
12-15 14:14:20.181  3177  3671 I com.miui.home: CheckGCForNative adj_start_bytes: 44503418 NativeAllocationGcWatermark: 11771977 java_gc_start_bytes: 26845453 kNewNativeDiscountFactor: 2 kOldNativeDiscountFactor: 65536 old_native_bytes: 129955857 new_native_bytes: 1582880 add_bytes_allowed: 35315931 is_gc_concurrent: 1 target_footprint_: 27066957 GetBytesAllocated: 13878856 HeapGrowthMultiplier: 3
12-15 14:14:20.181  3177  3671 I com.miui.home: CheckGCForNative gc_urgency 0.329689 current_native_bytes is 131538737
12-15 14:14:20.210  3177  3671 I com.miui.home: CheckGCForNative adj_start_bytes: 44503418 NativeAllocationGcWatermark: 11771977 java_gc_start_bytes: 26845453 kNewNativeDiscountFactor: 2 kOldNativeDiscountFactor: 65536 old_native_bytes: 129955857 new_native_bytes: 1989792 add_bytes_allowed: 35315931 is_gc_concurrent: 1 target_footprint_: 27066957 GetBytesAllocated: 13944584 HeapGrowthMultiplier: 3
12-15 14:14:20.210  3177  3671 I com.miui.home: CheckGCForNative gc_urgency 0.335737 current_native_bytes is 131945649
12-15 14:14:20.217  3177  3671 I com.miui.home: CheckGCForNative adj_start_bytes: 44503418 NativeAllocationGcWatermark: 11771977 java_gc_start_bytes: 26845453 kNewNativeDiscountFactor: 2 kOldNativeDiscountFactor: 65536 old_native_bytes: 129955857 new_native_bytes: 2641056 add_bytes_allowed: 35315931 is_gc_concurrent: 1 target_footprint_: 27066957 GetBytesAllocated: 13944584 HeapGrowthMultiplier: 3
12-15 14:14:20.217  3177  3671 I com.miui.home: CheckGCForNative gc_urgency 0.343054 current_native_bytes is 132596913
12-15 14:14:20.231  3177  3671 I com.miui.home: CheckGCForNative adj_start_bytes: 44503418 NativeAllocationGcWatermark: 11771977 java_gc_start_bytes: 26845453 kNewNativeDiscountFactor: 2 kOldNativeDiscountFactor: 65536 old_native_bytes: 129955857 new_native_bytes: 3138488 add_bytes_allowed: 35315931 is_gc_concurrent: 1 target_footprint_: 27066957 GetBytesAllocated: 13977544 HeapGrowthMultiplier: 3
12-15 14:14:20.231  3177  3671 I com.miui.home: CheckGCForNative gc_urgency 0.349384 current_native_bytes is 133094345
12-15 14:14:20.235  3177  3671 I com.miui.home: CheckGCForNative adj_start_bytes: 44503418 NativeAllocationGcWatermark: 11771977 java_gc_start_bytes: 26845453 kNewNativeDiscountFactor: 2 kOldNativeDiscountFactor: 65536 old_native_bytes: 129955857 new_native_bytes: 3535032 add_bytes_allowed: 35315931 is_gc_concurrent: 1 target_footprint_: 27066957 GetBytesAllocated: 13993928 HeapGrowthMultiplier: 3
12-15 14:14:20.235  3177  3671 I com.miui.home: CheckGCForNative gc_urgency 0.354207 current_native_bytes is 133490889
12-15 14:14:20.277 11873 11873 I wm_on_idle_called: com.kmxs.reader.home.ui.HomeActivity
12-15 14:14:20.311  3177  3671 I com.miui.home: CheckGCForNative adj_start_bytes: 44503418 NativeAllocationGcWatermark: 11771977 java_gc_start_bytes: 26845453 kNewNativeDiscountFactor: 2 kOldNativeDiscountFactor: 65536 old_native_bytes: 129955857 new_native_bytes: 4721568 add_bytes_allowed: 35315931 is_gc_concurrent: 1 target_footprint_: 27066957 GetBytesAllocated: 14440520 HeapGrowthMultiplier: 3
12-15 14:14:20.311  3177  3671 I com.miui.home: CheckGCForNative gc_urgency 0.377573 current_native_bytes is 134677425
12-15 14:14:20.319  3177  3671 I com.miui.home: CheckGCForNative adj_start_bytes: 44503418 NativeAllocationGcWatermark: 11771977 java_gc_start_bytes: 26845453 kNewNativeDiscountFactor: 2 kOldNativeDiscountFactor: 65536 old_native_bytes: 129955857 new_native_bytes: 4977512 add_bytes_allowed: 35315931 is_gc_concurrent: 1 target_footprint_: 27066957 GetBytesAllocated: 14440648 HeapGrowthMultiplier: 3
12-15 14:14:20.319  3177  3671 I com.miui.home: CheckGCForNative gc_urgency 0.380451 current_native_bytes is 134933369
12-15 14:14:20.459  3177  3671 I com.miui.home: CheckGCForNative adj_start_bytes: 44503418 NativeAllocationGcWatermark: 11771977 java_gc_start_bytes: 26845453 kNewNativeDiscountFactor: 2 kOldNativeDiscountFactor: 65536 old_native_bytes: 129955857 new_native_bytes: 5632476 add_bytes_allowed: 35315931 is_gc_concurrent: 1 target_footprint_: 27066957 GetBytesAllocated: 14883576 HeapGrowthMultiplier: 3
12-15 14:14:20.459  3177  3671 I com.miui.home: CheckGCForNative gc_urgency 0.397763 current_native_bytes is 135588333
12-15 14:14:20.626 11873 11873 I wm_on_stop_called: [0,114913948,com.km.app.home.view.LoadingActivity,LIFECYCLER_STOP_ACTIVITY,2]
12-15 14:14:20.627 11873 11873 I wm_on_destroy_called: [0,114913948,com.km.app.home.view.LoadingActivity,performDestroy,1]
12-15 14:14:21.110  3177  3177 I wm_on_restart_called: [0,238601760,com.miui.home.launcher.Launcher,performRestartActivity,0]
12-15 14:14:21.112  3177  3177 I wm_on_start_called: [0,238601760,com.miui.home.launcher.Launcher,handleStartActivity,2]
12-15 14:14:21.193  3177  4164 I com.miui.home: CheckGCForNative adj_start_bytes: 44503418 NativeAllocationGcWatermark: 11771977 java_gc_start_bytes: 26845453 kNewNativeDiscountFactor: 2 kOldNativeDiscountFactor: 65536 old_native_bytes: 129955857 new_native_bytes: 16689040 add_bytes_allowed: 35315931 is_gc_concurrent: 1 target_footprint_: 27066957 GetBytesAllocated: 15949288 HeapGrowthMultiplier: 3
12-15 14:14:21.193  3177  3582 I com.miui.home: CheckGCForNative adj_start_bytes: 44503418 NativeAllocationGcWatermark: 11771977 java_gc_start_bytes: 26845453 kNewNativeDiscountFactor: 2 kOldNativeDiscountFactor: 65536 old_native_bytes: 129955857 new_native_bytes: 27394960 add_bytes_allowed: 35315931 is_gc_concurrent: 1 target_footprint_: 27066957 GetBytesAllocated: 15949288 HeapGrowthMultiplier: 3
12-15 14:14:21.194  3177  4164 I com.miui.home: CheckGCForNative gc_urgency 0.545931 current_native_bytes is 146644897
12-15 14:14:21.195  3177  4164 I com.miui.home: CheckGCForNative adj_start_bytes: 44503418 NativeAllocationGcWatermark: 11771977 java_gc_start_bytes: 26845453 kNewNativeDiscountFactor: 2 kOldNativeDiscountFactor: 65536 old_native_bytes: 129955857 new_native_bytes: 38101264 add_bytes_allowed: 35315931 is_gc_concurrent: 1 target_footprint_: 27066957 GetBytesAllocated: 15949480 HeapGrowthMultiplier: 3
12-15 14:14:21.195  3177  4164 I com.miui.home: CheckGCForNative gc_urgency 0.786504 current_native_bytes is 168057121
12-15 14:14:21.196  3177  3582 I com.miui.home: CheckGCForNative gc_urgency 0.666217 current_native_bytes is 157350817
12-15 14:14:21.304  3177  3506 I com.miui.home: CheckGCForNative adj_start_bytes: 44503418 NativeAllocationGcWatermark: 11771977 java_gc_start_bytes: 26845453 kNewNativeDiscountFactor: 2 kOldNativeDiscountFactor: 65536 old_native_bytes: 129955857 new_native_bytes: 16736016 add_bytes_allowed: 35315931 is_gc_concurrent: 1 target_footprint_: 27066957 GetBytesAllocated: 16064360 HeapGrowthMultiplier: 3
12-15 14:14:21.304  3177  3506 I com.miui.home: CheckGCForNative gc_urgency 0.549044 current_native_bytes is 146691873
12-15 14:14:21.360  3177  3506 I com.miui.home: CheckGCForNative adj_start_bytes: 44503418 NativeAllocationGcWatermark: 11771977 java_gc_start_bytes: 26845453 kNewNativeDiscountFactor: 2 kOldNativeDiscountFactor: 65536 old_native_bytes: 129955857 new_native_bytes: 16741648 add_bytes_allowed: 35315931 is_gc_concurrent: 1 target_footprint_: 27066957 GetBytesAllocated: 16113512 HeapGrowthMultiplier: 3
12-15 14:14:21.360  3177  3506 I com.miui.home: CheckGCForNative gc_urgency 0.550212 current_native_bytes is 146697505
12-15 14:14:21.656 11873 11873 I wm_on_top_resumed_lost_called: [29606162,com.kmxs.reader.home.ui.HomeActivity,topStateChangedWhenResumed]
12-15 14:14:21.674  3177  7615 I com.miui.home: CheckGCForNative adj_start_bytes: 44503418 NativeAllocationGcWatermark: 11771977 java_gc_start_bytes: 26845453 kNewNativeDiscountFactor: 2 kOldNativeDiscountFactor: 65536 old_native_bytes: 129955857 new_native_bytes: 16745264 add_bytes_allowed: 35315931 is_gc_concurrent: 1 target_footprint_: 27066957 GetBytesAllocated: 16342888 HeapGrowthMultiplier: 3
12-15 14:14:21.674  3177  7615 I com.miui.home: CheckGCForNative gc_urgency 0.555407 current_native_bytes is 146701121
12-15 14:14:21.681  3177  3177 I wm_on_resume_called: [0,238601760,com.miui.home.launcher.Launcher,RESUME_ACTIVITY,10]
12-15 14:14:21.691 11873 11873 I wm_on_paused_called: [0,29606162,com.kmxs.reader.home.ui.HomeActivity,performPause,3]
12-15 14:14:21.699  3177  3177 I wm_on_top_resumed_gained_called: [238601760,com.miui.home.launcher.Launcher,topStateChangedWhenResumed]
12-15 14:14:21.706  3177  3177 I wm_on_idle_called: com.miui.home.launcher.Launcher
12-15 14:14:21.769 11873 11873 I wm_on_stop_called: [0,29606162,com.kmxs.reader.home.ui.HomeActivity,STOP_ACTIVITY_ITEM,22]
12-15 14:14:21.857  3177  3671 I com.miui.home: CheckGCForNative adj_start_bytes: 44503418 NativeAllocationGcWatermark: 11771977 java_gc_start_bytes: 26845453 kNewNativeDiscountFactor: 2 kOldNativeDiscountFactor: 65536 old_native_bytes: 129955857 new_native_bytes: 16982700 add_bytes_allowed: 35315931 is_gc_concurrent: 1 target_footprint_: 27066957 GetBytesAllocated: 17720424 HeapGrowthMultiplier: 3
12-15 14:14:21.857  3177  3671 I com.miui.home: CheckGCForNative gc_urgency 0.589028 current_native_bytes is 146938557
12-15 14:14:21.860  3177  3671 I com.miui.home: CheckGCForNative adj_start_bytes: 44503418 NativeAllocationGcWatermark: 11771977 java_gc_start_bytes: 26845453 kNewNativeDiscountFactor: 2 kOldNativeDiscountFactor: 65536 old_native_bytes: 129955857 new_native_bytes: 27632108 add_bytes_allowed: 35315931 is_gc_concurrent: 1 target_footprint_: 27066957 GetBytesAllocated: 17720424 HeapGrowthMultiplier: 3
12-15 14:14:21.860  3177  3671 I com.miui.home: CheckGCForNative gc_urgency 0.708675 current_native_bytes is 157587965
12-15 14:14:21.894  3177  3671 I com.miui.home: CheckGCForNative adj_start_bytes: 44503418 NativeAllocationGcWatermark: 11771977 java_gc_start_bytes: 26845453 kNewNativeDiscountFactor: 2 kOldNativeDiscountFactor: 65536 old_native_bytes: 129955857 new_native_bytes: 17283840 add_bytes_allowed: 35315931 is_gc_concurrent: 1 target_footprint_: 27066957 GetBytesAllocated: 18179880 HeapGrowthMultiplier: 3
12-15 14:14:21.894  3177  3671 I com.miui.home: CheckGCForNative gc_urgency 0.602735 current_native_bytes is 147239697
12-15 14:14:22.067  3177  3177 I wm_on_top_resumed_lost_called: [238601760,com.miui.home.launcher.Launcher,topStateChangedWhenResumed]
12-15 14:14:22.077  3177  3177 I wm_on_paused_called: [0,238601760,com.miui.home.launcher.Launcher,performPause,2]
12-15 14:14:22.171  3177  3671 I com.miui.home: CheckGCForNative adj_start_bytes: 44503418 NativeAllocationGcWatermark: 11771977 java_gc_start_bytes: 26845453 kNewNativeDiscountFactor: 2 kOldNativeDiscountFactor: 65536 old_native_bytes: 129955857 new_native_bytes: 17632760 add_bytes_allowed: 35315931 is_gc_concurrent: 1 target_footprint_: 27066957 GetBytesAllocated: 18983336 HeapGrowthMultiplier: 3
12-15 14:14:22.171  3177  3671 I com.miui.home: CheckGCForNative gc_urgency 0.625077 current_native_bytes is 147588617
12-15 14:14:22.305  3177  3506 I com.miui.home: CheckGCForNative adj_start_bytes: 44503418 NativeAllocationGcWatermark: 11771977 java_gc_start_bytes: 26845453 kNewNativeDiscountFactor: 2 kOldNativeDiscountFactor: 65536 old_native_bytes: 129955857 new_native_bytes: 17945840 add_bytes_allowed: 35315931 is_gc_concurrent: 1 target_footprint_: 27066957 GetBytesAllocated: 19631144 HeapGrowthMultiplier: 3
12-15 14:14:22.305  3177  3506 I com.miui.home: CheckGCForNative gc_urgency 0.642783 current_native_bytes is 147901697
12-15 14:14:22.338  3177  3506 I com.miui.home: CheckGCForNative adj_start_bytes: 44503418 NativeAllocationGcWatermark: 11771977 java_gc_start_bytes: 26845453 kNewNativeDiscountFactor: 2 kOldNativeDiscountFactor: 65536 old_native_bytes: 129955857 new_native_bytes: 18192212 add_bytes_allowed: 35315931 is_gc_concurrent: 1 target_footprint_: 27066957 GetBytesAllocated: 19844136 HeapGrowthMultiplier: 3
12-15 14:14:22.338  3177  3506 I com.miui.home: CheckGCForNative gc_urgency 0.650337 current_native_bytes is 148148069
12-15 14:14:22.369  3177  3671 I com.miui.home: CheckGCForNative adj_start_bytes: 44503418 NativeAllocationGcWatermark: 11771977 java_gc_start_bytes: 26845453 kNewNativeDiscountFactor: 2 kOldNativeDiscountFactor: 65536 old_native_bytes: 129955857 new_native_bytes: 18246228 add_bytes_allowed: 35315931 is_gc_concurrent: 1 target_footprint_: 27066957 GetBytesAllocated: 20090440 HeapGrowthMultiplier: 3
12-15 14:14:22.369  3177  3671 I com.miui.home: CheckGCForNative gc_urgency 0.656479 current_native_bytes is 148202085
12-15 14:14:22.415  3177  3506 I com.miui.home: CheckGCForNative adj_start_bytes: 44503418 NativeAllocationGcWatermark: 11771977 java_gc_start_bytes: 26845453 kNewNativeDiscountFactor: 2 kOldNativeDiscountFactor: 65536 old_native_bytes: 129955857 new_native_bytes: 18630248 add_bytes_allowed: 35315931 is_gc_concurrent: 1 target_footprint_: 27066957 GetBytesAllocated: 20368968 HeapGrowthMultiplier: 3
12-15 14:14:22.415  3177  3506 I com.miui.home: CheckGCForNative gc_urgency 0.667052 current_native_bytes is 148586105
12-15 14:14:22.799 12470 12470 I wm_on_application_create_called: [0,com.UCMobile,216]
12-15 14:14:22.957 12470 12470 I wm_on_create_called: [0,210030232,com.UCMobile.main.UCMobile,performCreate,147]
12-15 14:14:23.057 12470 12470 I wm_on_create_called: [0,185400497,com.uc.browser.InnerUCMobile,performCreate,24]
12-15 14:14:23.070 12470 12470 I wm_on_start_called: [0,185400497,com.uc.browser.InnerUCMobile,handleStartActivity,13]
12-15 14:14:23.078 12470 12470 I wm_on_resume_called: [0,185400497,com.uc.browser.InnerUCMobile,RESUME_ACTIVITY,8]
12-15 14:14:23.115 12470 12470 I wm_on_top_resumed_gained_called: [185400497,com.uc.browser.InnerUCMobile,topStateChangedWhenResumed]
12-15 14:14:23.182  3177  3671 I com.miui.home: CheckGCForNative adj_start_bytes: 44503418 NativeAllocationGcWatermark: 11771977 java_gc_start_bytes: 26845453 kNewNativeDiscountFactor: 2 kOldNativeDiscountFactor: 65536 old_native_bytes: 129955857 new_native_bytes: 18419176 add_bytes_allowed: 35315931 is_gc_concurrent: 1 target_footprint_: 27066957 GetBytesAllocated: 20845000 HeapGrowthMultiplier: 3
12-15 14:14:23.182  3177  3671 I com.miui.home: CheckGCForNative gc_urgency 0.675377 current_native_bytes is 148375033
12-15 14:14:23.279  3177  3671 I com.miui.home: CheckGCForNative adj_start_bytes: 44503418 NativeAllocationGcWatermark: 11771977 java_gc_start_bytes: 26845453 kNewNativeDiscountFactor: 2 kOldNativeDiscountFactor: 65536 old_native_bytes: 129955857 new_native_bytes: 18833724 add_bytes_allowed: 35315931 is_gc_concurrent: 1 target_footprint_: 27066957 GetBytesAllocated: 21320968 HeapGrowthMultiplier: 3
12-15 14:14:23.279  3177  3671 I com.miui.home: CheckGCForNative gc_urgency 0.690729 current_native_bytes is 148789581
12-15 14:14:23.741  3177  9282 I com.miui.home: CheckGCForNative adj_start_bytes: 44503418 NativeAllocationGcWatermark: 11771977 java_gc_start_bytes: 26845453 kNewNativeDiscountFactor: 2 kOldNativeDiscountFactor: 65536 old_native_bytes: 129955857 new_native_bytes: 29849540 add_bytes_allowed: 35315931 is_gc_concurrent: 1 target_footprint_: 27066957 GetBytesAllocated: 22337192 HeapGrowthMultiplier: 3
12-15 14:14:23.741  3177  9282 I com.miui.home: CheckGCForNative gc_urgency 0.837328 current_native_bytes is 159805397
12-15 14:14:23.748  3177  9282 I com.miui.home: CheckGCForNative adj_start_bytes: 44503418 NativeAllocationGcWatermark: 11771977 java_gc_start_bytes: 26845453 kNewNativeDiscountFactor: 2 kOldNativeDiscountFactor: 65536 old_native_bytes: 129955857 new_native_bytes: 40555012 add_bytes_allowed: 35315931 is_gc_concurrent: 1 target_footprint_: 27066957 GetBytesAllocated: 22353768 HeapGrowthMultiplier: 3
12-15 14:14:23.748  3177  9282 I com.miui.home: CheckGCForNative gc_urgency 0.957977 current_native_bytes is 170510869
12-15 14:14:23.787  3177  7828 I com.miui.home: CheckGCForNative adj_start_bytes: 44503418 NativeAllocationGcWatermark: 11771977 java_gc_start_bytes: 26845453 kNewNativeDiscountFactor: 2 kOldNativeDiscountFactor: 65536 old_native_bytes: 129955857 new_native_bytes: 29961572 add_bytes_allowed: 35315931 is_gc_concurrent: 1 target_footprint_: 27066957 GetBytesAllocated: 22419304 HeapGrowthMultiplier: 3
12-15 14:14:23.787  3177  7828 I com.miui.home: CheckGCForNative gc_urgency 0.840432 current_native_bytes is 159917429
12-15 14:14:23.827  3177  3584 I com.miui.home: CheckGCForNative adj_start_bytes: 44503418 NativeAllocationGcWatermark: 11771977 java_gc_start_bytes: 26845453 kNewNativeDiscountFactor: 2 kOldNativeDiscountFactor: 65536 old_native_bytes: 129955857 new_native_bytes: 40703076 add_bytes_allowed: 35315931 is_gc_concurrent: 1 target_footprint_: 27066957 GetBytesAllocated: 22435688 HeapGrowthMultiplier: 3
12-15 14:14:23.827  3177  3584 I com.miui.home: CheckGCForNative gc_urgency 0.961481 current_native_bytes is 170658933
12-15 14:14:23.893  3177  3506 I com.miui.home: CheckGCForNative adj_start_bytes: 44503418 NativeAllocationGcWatermark: 11771977 java_gc_start_bytes: 26845453 kNewNativeDiscountFactor: 2 kOldNativeDiscountFactor: 65536 old_native_bytes: 129955857 new_native_bytes: 30003556 add_bytes_allowed: 35315931 is_gc_concurrent: 1 target_footprint_: 27066957 GetBytesAllocated: 22485032 HeapGrowthMultiplier: 3
12-15 14:14:23.894  3177  3506 I com.miui.home: CheckGCForNative gc_urgency 0.84238 current_native_bytes is 159959413
12-15 14:14:24.127  3177  3506 I com.miui.home: CheckGCForNative adj_start_bytes: 44503418 NativeAllocationGcWatermark: 11771977 java_gc_start_bytes: 26845453 kNewNativeDiscountFactor: 2 kOldNativeDiscountFactor: 65536 old_native_bytes: 129955857 new_native_bytes: 30007716 add_bytes_allowed: 35315931 is_gc_concurrent: 1 target_footprint_: 27066957 GetBytesAllocated: 22632488 HeapGrowthMultiplier: 3
12-15 14:14:24.127  3177  3506 I com.miui.home: CheckGCForNative gc_urgency 0.84574 current_native_bytes is 159963573
12-15 14:14:24.262  3177  3177 I wm_on_resume_called: [0,238601760,com.miui.home.launcher.Launcher,RESUME_ACTIVITY,7]
12-15 14:14:24.264  3177  3177 I wm_on_idle_called: com.miui.home.launcher.Launcher
12-15 14:14:24.628  3177  7615 I com.miui.home: CheckGCForNative adj_start_bytes: 44503418 NativeAllocationGcWatermark: 11771977 java_gc_start_bytes: 26845453 kNewNativeDiscountFactor: 2 kOldNativeDiscountFactor: 65536 old_native_bytes: 129955857 new_native_bytes: 30096512 add_bytes_allowed: 35315931 is_gc_concurrent: 1 target_footprint_: 27066957 GetBytesAllocated: 24149736 HeapGrowthMultiplier: 3
12-15 14:14:24.628  3177  7615 I com.miui.home: CheckGCForNative gc_urgency 0.880831 current_native_bytes is 160052369
12-15 14:14:24.713  3177  3177 I wm_on_paused_called: [0,238601760,com.miui.home.launcher.Launcher,performPause,1]
12-15 14:14:24.774  3177  3671 I com.miui.home: CheckGCForNative adj_start_bytes: 44503418 NativeAllocationGcWatermark: 11771977 java_gc_start_bytes: 26845453 kNewNativeDiscountFactor: 2 kOldNativeDiscountFactor: 65536 old_native_bytes: 129955857 new_native_bytes: 30493604 add_bytes_allowed: 35315931 is_gc_concurrent: 1 target_footprint_: 27066957 GetBytesAllocated: 24559400 HeapGrowthMultiplier: 3
12-15 14:14:24.774  3177  3671 I com.miui.home: CheckGCForNative gc_urgency 0.894497 current_native_bytes is 160449461
12-15 14:14:24.856  3177  3671 I com.miui.home: CheckGCForNative adj_start_bytes: 44503418 NativeAllocationGcWatermark: 11771977 java_gc_start_bytes: 26845453 kNewNativeDiscountFactor: 2 kOldNativeDiscountFactor: 65536 old_native_bytes: 129955857 new_native_bytes: 30533692 add_bytes_allowed: 35315931 is_gc_concurrent: 1 target_footprint_: 27066957 GetBytesAllocated: 24690472 HeapGrowthMultiplier: 3
12-15 14:14:24.860  3177  3671 I com.miui.home: CheckGCForNative gc_urgency 0.900655 current_native_bytes is 160489549
12-15 14:14:24.898 12470 12470 I wm_on_top_resumed_lost_called: [185400497,com.uc.browser.InnerUCMobile,topStateChangedWhenResumed]
12-15 14:14:25.093  3177  3506 I com.miui.home: CheckGCForNative adj_start_bytes: 44503418 NativeAllocationGcWatermark: 11771977 java_gc_start_bytes: 26845453 kNewNativeDiscountFactor: 2 kOldNativeDiscountFactor: 65536 old_native_bytes: 129955857 new_native_bytes: 30820572 add_bytes_allowed: 35315931 is_gc_concurrent: 1 target_footprint_: 27066957 GetBytesAllocated: 25305544 HeapGrowthMultiplier: 3
12-15 14:14:25.093  3177  3506 I com.miui.home: CheckGCForNative gc_urgency 0.914937 current_native_bytes is 160776429
12-15 14:14:25.237  3177  3671 I com.miui.home: CheckGCForNative adj_start_bytes: 44503418 NativeAllocationGcWatermark: 11771977 java_gc_start_bytes: 26845453 kNewNativeDiscountFactor: 2 kOldNativeDiscountFactor: 65536 old_native_bytes: 129955857 new_native_bytes: 41808064 add_bytes_allowed: 35315931 is_gc_concurrent: 1 target_footprint_: 27066957 GetBytesAllocated: 25534920 HeapGrowthMultiplier: 3
12-15 14:14:25.237  3177  3671 I com.miui.home: CheckGCForNative gc_urgency 1.04354 current_native_bytes is 171763921
12-15 14:14:25.237  3177  3671 I com.miui.home: CheckGCForNative requested 1
12-15 14:14:25.249  3177  3506 I com.miui.home: CheckGCForNative adj_start_bytes: 44503418 NativeAllocationGcWatermark: 11771977 java_gc_start_bytes: 26845453 kNewNativeDiscountFactor: 2 kOldNativeDiscountFactor: 65536 old_native_bytes: 129955857 new_native_bytes: 31102656 add_bytes_allowed: 35315931 is_gc_concurrent: 1 target_footprint_: 27066957 GetBytesAllocated: 25551496 HeapGrowthMultiplier: 3
12-15 14:14:25.249  3177  3506 I com.miui.home: CheckGCForNative gc_urgency 0.924001 current_native_bytes is 161058513
12-15 14:14:25.332  3177  3671 I com.miui.home: CheckGCForNative gc_urgency 0 current_native_bytes is 130137745
12-15 14:14:25.338  3177  3671 I com.miui.home: CheckGCForNative gc_urgency 0 current_native_bytes is 129346561
12-15 14:14:25.363  3177  3671 I com.miui.home: CheckGCForNative adj_start_bytes: 45161373 NativeAllocationGcWatermark: 11843851 java_gc_start_bytes: 27395597 kNewNativeDiscountFactor: 2 kOldNativeDiscountFactor: 65536 old_native_bytes: 129346561 new_native_bytes: 1175424 add_bytes_allowed: 35531553 is_gc_concurrent: 1 target_footprint_: 27641949 GetBytesAllocated: 13952400 HeapGrowthMultiplier: 3
12-15 14:14:25.363  3177  3671 I com.miui.home: CheckGCForNative gc_urgency 0.322003 current_native_bytes is 130521985
12-15 14:14:25.375  3177  3671 I com.miui.home: CheckGCForNative adj_start_bytes: 45161373 NativeAllocationGcWatermark: 11843851 java_gc_start_bytes: 27395597 kNewNativeDiscountFactor: 2 kOldNativeDiscountFactor: 65536 old_native_bytes: 129346561 new_native_bytes: 1600192 add_bytes_allowed: 35531553 is_gc_concurrent: 1 target_footprint_: 27641949 GetBytesAllocated: 13952400 HeapGrowthMultiplier: 3
12-15 14:14:25.375  3177  3671 I com.miui.home: CheckGCForNative gc_urgency 0.326706 current_native_bytes is 130946753
12-15 14:14:25.386  3177  3671 I com.miui.home: CheckGCForNative adj_start_bytes: 45161373 NativeAllocationGcWatermark: 11843851 java_gc_start_bytes: 27395597 kNewNativeDiscountFactor: 2 kOldNativeDiscountFactor: 65536 old_native_bytes: 129346561 new_native_bytes: 2399808 add_bytes_allowed: 35531553 is_gc_concurrent: 1 target_footprint_: 27641949 GetBytesAllocated: 14018112 HeapGrowthMultiplier: 3
12-15 14:14:25.386  3177  3671 I com.miui.home: CheckGCForNative gc_urgency 0.337013 current_native_bytes is 131746369
12-15 14:14:25.389  3177  3671 I com.miui.home: CheckGCForNative adj_start_bytes: 45161373 NativeAllocationGcWatermark: 11843851 java_gc_start_bytes: 27395597 kNewNativeDiscountFactor: 2 kOldNativeDiscountFactor: 65536 old_native_bytes: 129346561 new_native_bytes: 2860480 add_bytes_allowed: 35531553 is_gc_concurrent: 1 target_footprint_: 27641949 GetBytesAllocated: 14018112 HeapGrowthMultiplier: 3
12-15 14:14:25.389  3177  3671 I com.miui.home: CheckGCForNative gc_urgency 0.342114 current_native_bytes is 132207041
12-15 14:14:25.417  3177  3671 I com.miui.home: CheckGCForNative adj_start_bytes: 45161373 NativeAllocationGcWatermark: 11843851 java_gc_start_bytes: 27395597 kNewNativeDiscountFactor: 2 kOldNativeDiscountFactor: 65536 old_native_bytes: 129346561 new_native_bytes: 3417632 add_bytes_allowed: 35531553 is_gc_concurrent: 1 target_footprint_: 27641949 GetBytesAllocated: 14100096 HeapGrowthMultiplier: 3
12-15 14:14:25.417  3177  3671 I com.miui.home: CheckGCForNative gc_urgency 0.350098 current_native_bytes is 132764193
12-15 14:14:25.423  3177  3671 I com.miui.home: CheckGCForNative adj_start_bytes: 45161373 NativeAllocationGcWatermark: 11843851 java_gc_start_bytes: 27395597 kNewNativeDiscountFactor: 2 kOldNativeDiscountFactor: 65536 old_native_bytes: 129346561 new_native_bytes: 3090792 add_bytes_allowed: 35531553 is_gc_concurrent: 1 target_footprint_: 27641949 GetBytesAllocated: 14100208 HeapGrowthMultiplier: 3
12-15 14:14:25.424  3177  3671 I com.miui.home: CheckGCForNative gc_urgency 0.346481 current_native_bytes is 132437353
12-15 14:14:25.438  3177  3671 I com.miui.home: CheckGCForNative adj_start_bytes: 45161373 NativeAllocationGcWatermark: 11843851 java_gc_start_bytes: 27395597 kNewNativeDiscountFactor: 2 kOldNativeDiscountFactor: 65536 old_native_bytes: 129346561 new_native_bytes: 3862248 add_bytes_allowed: 35531553 is_gc_concurrent: 1 target_footprint_: 27641949 GetBytesAllocated: 14100208 HeapGrowthMultiplier: 3
12-15 14:14:25.438  3177  3671 I com.miui.home: CheckGCForNative gc_urgency 0.355023 current_native_bytes is 133208809
12-15 14:14:25.458  3177  3671 I com.miui.home: CheckGCForNative adj_start_bytes: 45161373 NativeAllocationGcWatermark: 11843851 java_gc_start_bytes: 27395597 kNewNativeDiscountFactor: 2 kOldNativeDiscountFactor: 65536 old_native_bytes: 129346561 new_native_bytes: 4242592 add_bytes_allowed: 35531553 is_gc_concurrent: 1 target_footprint_: 27641949 GetBytesAllocated: 14182320 HeapGrowthMultiplier: 3
12-15 14:14:25.458  3177  3671 I com.miui.home: CheckGCForNative gc_urgency 0.361052 current_native_bytes is 133589153
12-15 14:14:25.464  3177  3671 I com.miui.home: CheckGCForNative adj_start_bytes: 45161373 NativeAllocationGcWatermark: 11843851 java_gc_start_bytes: 27395597 kNewNativeDiscountFactor: 2 kOldNativeDiscountFactor: 65536 old_native_bytes: 129346561 new_native_bytes: 4639648 add_bytes_allowed: 35531553 is_gc_concurrent: 1 target_footprint_: 27641949 GetBytesAllocated: 14215088 HeapGrowthMultiplier: 3
12-15 14:14:25.464  3177  3671 I com.miui.home: CheckGCForNative gc_urgency 0.366173 current_native_bytes is 133986209
12-15 14:14:26.325 12876 12876 I wm_on_application_create_called: [0,com.dragon.read,782]
12-15 14:14:26.488 12876 12876 I wm_on_create_called: [0,252327838,com.dragon.read.pages.splash.SplashActivity,performCreate,64]
12-15 14:14:26.596 12876 12876 I wm_on_start_called: [0,252327838,com.dragon.read.pages.splash.SplashActivity,handleStartActivity,106]
12-15 14:14:26.659  3177  9282 I com.miui.home: CheckGCForNative adj_start_bytes: 45161373 NativeAllocationGcWatermark: 11843851 java_gc_start_bytes: 27395597 kNewNativeDiscountFactor: 2 kOldNativeDiscountFactor: 65536 old_native_bytes: 129346561 new_native_bytes: 5217952 add_bytes_allowed: 35531553 is_gc_concurrent: 1 target_footprint_: 27641949 GetBytesAllocated: 15100496 HeapGrowthMultiplier: 3
12-15 14:14:26.660  3177  9282 I com.miui.home: CheckGCForNative gc_urgency 0.392181 current_native_bytes is 134564513
12-15 14:14:26.720  3177  9282 I com.miui.home: CheckGCForNative adj_start_bytes: 45161373 NativeAllocationGcWatermark: 11843851 java_gc_start_bytes: 27395597 kNewNativeDiscountFactor: 2 kOldNativeDiscountFactor: 65536 old_native_bytes: 129346561 new_native_bytes: 15906016 add_bytes_allowed: 35531553 is_gc_concurrent: 1 target_footprint_: 27641949 GetBytesAllocated: 15182480 HeapGrowthMultiplier: 3
12-15 14:14:26.720  3177  9282 I com.miui.home: CheckGCForNative gc_urgency 0.512329 current_native_bytes is 145252577
12-15 14:14:26.721  3177  9282 I com.miui.home: CheckGCForNative adj_start_bytes: 45161373 NativeAllocationGcWatermark: 11843851 java_gc_start_bytes: 27395597 kNewNativeDiscountFactor: 2 kOldNativeDiscountFactor: 65536 old_native_bytes: 129346561 new_native_bytes: 26611936 add_bytes_allowed: 35531553 is_gc_concurrent: 1 target_footprint_: 27641949 GetBytesAllocated: 15199088 HeapGrowthMultiplier: 3
12-15 14:14:26.721  3177  9282 I com.miui.home: CheckGCForNative gc_urgency 0.631226 current_native_bytes is 155958497
12-15 14:14:26.745  3177  3506 I com.miui.home: CheckGCForNative adj_start_bytes: 45161373 NativeAllocationGcWatermark: 11843851 java_gc_start_bytes: 27395597 kNewNativeDiscountFactor: 2 kOldNativeDiscountFactor: 65536 old_native_bytes: 129346561 new_native_bytes: 15972992 add_bytes_allowed: 35531553 is_gc_concurrent: 1 target_footprint_: 27641949 GetBytesAllocated: 15264624 HeapGrowthMultiplier: 3
12-15 14:14:26.745  3177  3506 I com.miui.home: CheckGCForNative gc_urgency 0.514889 current_native_bytes is 145319553
12-15 14:14:26.779  3177  9282 I com.miui.home: CheckGCForNative adj_start_bytes: 45161373 NativeAllocationGcWatermark: 11843851 java_gc_start_bytes: 27395597 kNewNativeDiscountFactor: 2 kOldNativeDiscountFactor: 65536 old_native_bytes: 129346561 new_native_bytes: 26750112 add_bytes_allowed: 35531553 is_gc_concurrent: 1 target_footprint_: 27641949 GetBytesAllocated: 15297392 HeapGrowthMultiplier: 3
12-15 14:14:26.779  3177  9282 I com.miui.home: CheckGCForNative gc_urgency 0.634932 current_native_bytes is 156096673
12-15 14:14:27.046 12876 12876 I wm_on_resume_called: [0,252327838,com.dragon.read.pages.splash.SplashActivity,RESUME_ACTIVITY,449]
12-15 14:14:27.051 12876 12876 I wm_on_top_resumed_gained_called: [252327838,com.dragon.read.pages.splash.SplashActivity,topStateChangedWhenResumed]
12-15 14:14:27.099  3177  3506 I com.miui.home: CheckGCForNative adj_start_bytes: 45161373 NativeAllocationGcWatermark: 11843851 java_gc_start_bytes: 27395597 kNewNativeDiscountFactor: 2 kOldNativeDiscountFactor: 65536 old_native_bytes: 129346561 new_native_bytes: 16000352 add_bytes_allowed: 35531553 is_gc_concurrent: 1 target_footprint_: 27641949 GetBytesAllocated: 15543456 HeapGrowthMultiplier: 3
12-15 14:14:27.099  3177  3506 I com.miui.home: CheckGCForNative gc_urgency 0.521366 current_native_bytes is 145346913
12-15 14:14:27.466  3177  3671 I com.miui.home: CheckGCForNative adj_start_bytes: 45161373 NativeAllocationGcWatermark: 11843851 java_gc_start_bytes: 27395597 kNewNativeDiscountFactor: 2 kOldNativeDiscountFactor: 65536 old_native_bytes: 129346561 new_native_bytes: 16290836 add_bytes_allowed: 35531553 is_gc_concurrent: 1 target_footprint_: 27641949 GetBytesAllocated: 16035616 HeapGrowthMultiplier: 3
12-15 14:14:27.467  3177  3671 I com.miui.home: CheckGCForNative gc_urgency 0.53548 current_native_bytes is 145637397
12-15 14:14:27.506  3177  3177 I wm_on_resume_called: [0,238601760,com.miui.home.launcher.Launcher,RESUME_ACTIVITY,6]
12-15 14:14:27.507  3177  3177 I wm_on_top_resumed_gained_called: [238601760,com.miui.home.launcher.Launcher,topWhenResuming]
12-15 14:14:27.508  3177  3177 I wm_on_idle_called: com.miui.home.launcher.Launcher
12-15 14:14:27.545  3177  3671 I com.miui.home: CheckGCForNative adj_start_bytes: 45161373 NativeAllocationGcWatermark: 11843851 java_gc_start_bytes: 27395597 kNewNativeDiscountFactor: 2 kOldNativeDiscountFactor: 65536 old_native_bytes: 129346561 new_native_bytes: 27321860 add_bytes_allowed: 35531553 is_gc_concurrent: 1 target_footprint_: 27641949 GetBytesAllocated: 17089024 HeapGrowthMultiplier: 3
12-15 14:14:27.545  3177  3671 I com.miui.home: CheckGCForNative gc_urgency 0.680934 current_native_bytes is 156668421
12-15 14:14:27.636  3177  3671 I com.miui.home: CheckGCForNative adj_start_bytes: 45161373 NativeAllocationGcWatermark: 11843851 java_gc_start_bytes: 27395597 kNewNativeDiscountFactor: 2 kOldNativeDiscountFactor: 65536 old_native_bytes: 129346561 new_native_bytes: 16534232 add_bytes_allowed: 35531553 is_gc_concurrent: 1 target_footprint_: 27641949 GetBytesAllocated: 17634608 HeapGrowthMultiplier: 3
12-15 14:14:27.636  3177  3671 I com.miui.home: CheckGCForNative gc_urgency 0.573581 current_native_bytes is 145880793
12-15 14:14:27.652  3177  3177 I wm_on_top_resumed_lost_called: [238601760,com.miui.home.launcher.Launcher,topStateChangedWhenResumed]
12-15 14:14:27.654  3177  3177 I wm_on_paused_called: [0,238601760,com.miui.home.launcher.Launcher,performPause,1]
12-15 14:14:27.862  3177  3506 I com.miui.home: CheckGCForNative adj_start_bytes: 45161373 NativeAllocationGcWatermark: 11843851 java_gc_start_bytes: 27395597 kNewNativeDiscountFactor: 2 kOldNativeDiscountFactor: 65536 old_native_bytes: 129346561 new_native_bytes: 16870556 add_bytes_allowed: 35531553 is_gc_concurrent: 1 target_footprint_: 27641949 GetBytesAllocated: 18315312 HeapGrowthMultiplier: 3
12-15 14:14:27.863  3177  3506 I com.miui.home: CheckGCForNative gc_urgency 0.592377 current_native_bytes is 146217117
12-15 14:14:27.879  3177  3671 I com.miui.home: CheckGCForNative adj_start_bytes: 45161373 NativeAllocationGcWatermark: 11843851 java_gc_start_bytes: 27395597 kNewNativeDiscountFactor: 2 kOldNativeDiscountFactor: 65536 old_native_bytes: 129346561 new_native_bytes: 16901276 add_bytes_allowed: 35531553 is_gc_concurrent: 1 target_footprint_: 27641949 GetBytesAllocated: 18364464 HeapGrowthMultiplier: 3
12-15 14:14:27.879  3177  3671 I com.miui.home: CheckGCForNative gc_urgency 0.593806 current_native_bytes is 146247837
12-15 14:14:27.943  3177  3506 I com.miui.home: CheckGCForNative adj_start_bytes: 45161373 NativeAllocationGcWatermark: 11843851 java_gc_start_bytes: 27395597 kNewNativeDiscountFactor: 2 kOldNativeDiscountFactor: 65536 old_native_bytes: 129346561 new_native_bytes: 17074160 add_bytes_allowed: 35531553 is_gc_concurrent: 1 target_footprint_: 27641949 GetBytesAllocated: 18708688 HeapGrowthMultiplier: 3
12-15 14:14:27.943  3177  3506 I com.miui.home: CheckGCForNative gc_urgency 0.603342 current_native_bytes is 146420721
12-15 14:14:27.988  3177  3506 I com.miui.home: CheckGCForNative adj_start_bytes: 45161373 NativeAllocationGcWatermark: 11843851 java_gc_start_bytes: 27395597 kNewNativeDiscountFactor: 2 kOldNativeDiscountFactor: 65536 old_native_bytes: 129346561 new_native_bytes: 17158980 add_bytes_allowed: 35531553 is_gc_concurrent: 1 target_footprint_: 27641949 GetBytesAllocated: 19118736 HeapGrowthMultiplier: 3
12-15 14:14:27.988  3177  3506 I com.miui.home: CheckGCForNative gc_urgency 0.61336 current_native_bytes is 146505541
12-15 14:14:28.299  3177  3506 I com.miui.home: CheckGCForNative adj_start_bytes: 45161373 NativeAllocationGcWatermark: 11843851 java_gc_start_bytes: 27395597 kNewNativeDiscountFactor: 2 kOldNativeDiscountFactor: 65536 old_native_bytes: 129346561 new_native_bytes: 17216908 add_bytes_allowed: 35531553 is_gc_concurrent: 1 target_footprint_: 27641949 GetBytesAllocated: 19348112 HeapGrowthMultiplier: 3
12-15 14:14:28.299  3177  3506 I com.miui.home: CheckGCForNative gc_urgency 0.619081 current_native_bytes is 146563469
12-15 14:14:28.641 13234 13234 I wm_on_application_create_called: [0,com.youku.phone,235]
12-15 14:14:28.846 13234 13234 I wm_on_create_called: [0,170814898,com.youku.phone.ActivityWelcome,performCreate,196]
12-15 14:14:29.004 13234 13234 I wm_on_create_called: [0,58890313,com.youku.v2.HomePageEntry,performCreate,78]
12-15 14:14:29.068  3177  3671 I com.miui.home: CheckGCForNative adj_start_bytes: 45161373 NativeAllocationGcWatermark: 11843851 java_gc_start_bytes: 27395597 kNewNativeDiscountFactor: 2 kOldNativeDiscountFactor: 65536 old_native_bytes: 129346561 new_native_bytes: 17624064 add_bytes_allowed: 35531553 is_gc_concurrent: 1 target_footprint_: 27641949 GetBytesAllocated: 19873312 HeapGrowthMultiplier: 3
12-15 14:14:29.068  3177  3671 I com.miui.home: CheckGCForNative gc_urgency 0.635218 current_native_bytes is 146970625
12-15 14:14:29.121 13234 13234 I wm_on_start_called: [0,58890313,com.youku.v2.HomePageEntry,handleStartActivity,117]
12-15 14:14:29.148  3177  3671 I com.miui.home: CheckGCForNative adj_start_bytes: 45161373 NativeAllocationGcWatermark: 11843851 java_gc_start_bytes: 27395597 kNewNativeDiscountFactor: 2 kOldNativeDiscountFactor: 65536 old_native_bytes: 129346561 new_native_bytes: 17909460 add_bytes_allowed: 35531553 is_gc_concurrent: 1 target_footprint_: 27641949 GetBytesAllocated: 20365744 HeapGrowthMultiplier: 3
