12-18 14:50:04.777  3187  3479 I com.miui.home: CheckGCForNative adj_start_bytes: 45928951 NativeAllocationGcWatermark: 11953905 java_gc_start_bytes: 27998094 kNewNativeDiscountFactor: 2 kOldNativeDiscountFactor: 65536 old_native_bytes: 144142305 new_native_bytes: 25067256 add_bytes_allowed: 35861715 is_gc_concurrent: 1 target_footprint_: 28522382 GetBytesAllocated: 21731240 HeapGrowthMultiplier: 3
12-18 14:50:04.777  3187  3479 I com.miui.home: CheckGCForNative gc_urgency 0.746089 current_native_bytes is 169209561
12-18 14:50:04.855  3187  3479 I com.miui.home: CheckGCForNative adj_start_bytes: 45928951 NativeAllocationGcWatermark: 11953905 java_gc_start_bytes: 27998094 kNewNativeDiscountFactor: 2 kOldNativeDiscountFactor: 65536 old_native_bytes: 144142305 new_native_bytes: 25281164 add_bytes_allowed: 35861715 is_gc_concurrent: 1 target_footprint_: 28522382 GetBytesAllocated: 22247816 HeapGrowthMultiplier: 3
12-18 14:50:04.855  3187  3479 I com.miui.home: CheckGCForNative gc_urgency 0.759665 current_native_bytes is 169423469
12-18 14:50:04.863 10898 10898 I wm_on_paused_called: [0,13213166,com.tencent.qqlive.ona.activity.SplashHomeActivity,performPause,637]
12-18 14:50:05.088  3187  3479 I com.miui.home: CheckGCForNative adj_start_bytes: 45928951 NativeAllocationGcWatermark: 11953905 java_gc_start_bytes: 27998094 kNewNativeDiscountFactor: 2 kOldNativeDiscountFactor: 65536 old_native_bytes: 144142305 new_native_bytes: 25437164 add_bytes_allowed: 35861715 is_gc_concurrent: 1 target_footprint_: 28522382 GetBytesAllocated: 22493576 HeapGrowthMultiplier: 3
12-18 14:50:05.088  3187  3479 I com.miui.home: CheckGCForNative gc_urgency 0.766714 current_native_bytes is 169579469
12-18 14:50:05.194 10898 10898 I wm_on_stop_called: [0,13213166,com.tencent.qqlive.ona.activity.SplashHomeActivity,STOP_ACTIVITY_ITEM,270]
12-18 14:50:06.393 12152 12152 I wm_on_application_create_called: [0,com.dragon.read,945]
12-18 14:50:06.502  3187  4082 I com.miui.home: CheckGCForNative adj_start_bytes: 45928951 NativeAllocationGcWatermark: 11953905 java_gc_start_bytes: 27998094 kNewNativeDiscountFactor: 2 kOldNativeDiscountFactor: 65536 old_native_bytes: 144142305 new_native_bytes: 35817888 add_bytes_allowed: 35861715 is_gc_concurrent: 1 target_footprint_: 28522382 GetBytesAllocated: 23485320 HeapGrowthMultiplier: 3
12-18 14:50:06.502  3187  4082 I com.miui.home: CheckGCForNative gc_urgency 0.901315 current_native_bytes is 179960193
12-18 14:50:06.502  3187  4082 I com.miui.home: CheckGCForNative adj_start_bytes: 45928951 NativeAllocationGcWatermark: 11953905 java_gc_start_bytes: 27998094 kNewNativeDiscountFactor: 2 kOldNativeDiscountFactor: 65536 old_native_bytes: 144142305 new_native_bytes: 57230112 add_bytes_allowed: 35861715 is_gc_concurrent: 1 target_footprint_: 28522382 GetBytesAllocated: 23501896 HeapGrowthMultiplier: 3
12-18 14:50:06.502  3187  4082 I com.miui.home: CheckGCForNative gc_urgency 1.13478 current_native_bytes is 201372417
12-18 14:50:06.502  3187  4082 I com.miui.home: CheckGCForNative requested 1
12-18 14:50:06.504  3187  3227 I com.miui.home: CheckGCForNative adj_start_bytes: 45928951 NativeAllocationGcWatermark: 11953905 java_gc_start_bytes: 27998094 kNewNativeDiscountFactor: 2 kOldNativeDiscountFactor: 65536 old_native_bytes: 144142305 new_native_bytes: 46523808 add_bytes_allowed: 35861715 is_gc_concurrent: 1 target_footprint_: 28522382 GetBytesAllocated: 23485320 HeapGrowthMultiplier: 3
12-18 14:50:06.504  3187  3227 I com.miui.home: CheckGCForNative gc_urgency 1.01822 current_native_bytes is 190666113
12-18 14:50:06.504  3187  3227 I com.miui.home: CheckGCForNative requested 1
12-18 14:50:06.588  3187  3479 I com.miui.home: CheckGCForNative adj_start_bytes: 45928951 NativeAllocationGcWatermark: 11953905 java_gc_start_bytes: 27998094 kNewNativeDiscountFactor: 2 kOldNativeDiscountFactor: 65536 old_native_bytes: 144142305 new_native_bytes: 35925664 add_bytes_allowed: 35861715 is_gc_concurrent: 1 target_footprint_: 28522382 GetBytesAllocated: 23633160 HeapGrowthMultiplier: 3
12-18 14:50:06.589  3187  3479 I com.miui.home: CheckGCForNative gc_urgency 0.905707 current_native_bytes is 180067969
12-18 14:50:06.622  3187  3479 I com.miui.home: CheckGCForNative adj_start_bytes: 45928951 NativeAllocationGcWatermark: 11953905 java_gc_start_bytes: 27998094 kNewNativeDiscountFactor: 2 kOldNativeDiscountFactor: 65536 old_native_bytes: 144142305 new_native_bytes: 35926688 add_bytes_allowed: 35861715 is_gc_concurrent: 1 target_footprint_: 28522382 GetBytesAllocated: 23665960 HeapGrowthMultiplier: 3
12-18 14:50:06.622  3187  3479 I com.miui.home: CheckGCForNative gc_urgency 0.906433 current_native_bytes is 180068993
12-18 14:50:06.724 12152 12152 I wm_on_create_called: [0,217513740,com.dragon.read.pages.splash.SplashActivity,performCreate,93]
12-18 14:50:06.790  3187  3202 I com.miui.home: NativeAlloc concurrent copying GC freed 184746(9295KB) AllocSpace objects, 18(568KB) LOS objects, 49% free, 13MB/26MB, paused 224us,126us total 287.314ms
12-18 14:50:06.859 12152 12152 I wm_on_start_called: [0,217513740,com.dragon.read.pages.splash.SplashActivity,handleStartActivity,118]
12-18 14:50:07.018  3187  3187 I wm_on_resume_called: [0,224715892,com.miui.home.launcher.Launcher,RESUME_ACTIVITY,5]
12-18 14:50:07.021  3187  3187 I wm_on_idle_called: com.miui.home.launcher.Launcher
12-18 14:50:07.034  3187  3456 I com.miui.home: CheckGCForNative gc_urgency 0 current_native_bytes is 138885445
12-18 14:50:07.160 12152 12152 I wm_on_resume_called: [0,217513740,com.dragon.read.pages.splash.SplashActivity,RESUME_ACTIVITY,298]
12-18 14:50:07.186  3187  3663 I com.miui.home: CheckGCForNative adj_start_bytes: 44840414 NativeAllocationGcWatermark: 11816929 java_gc_start_bytes: 27115021 kNewNativeDiscountFactor: 2 kOldNativeDiscountFactor: 65536 old_native_bytes: 138885445 new_native_bytes: 662136 add_bytes_allowed: 35450787 is_gc_concurrent: 1 target_footprint_: 27426573 GetBytesAllocated: 15246680 HeapGrowthMultiplier: 3
12-18 14:50:07.186  3187  3663 I com.miui.home: CheckGCForNative gc_urgency 0.347451 current_native_bytes is 139547581
12-18 14:50:07.195  3187  3663 I com.miui.home: CheckGCForNative adj_start_bytes: 44840414 NativeAllocationGcWatermark: 11816929 java_gc_start_bytes: 27115021 kNewNativeDiscountFactor: 2 kOldNativeDiscountFactor: 65536 old_native_bytes: 138885445 new_native_bytes: 1406968 add_bytes_allowed: 35450787 is_gc_concurrent: 1 target_footprint_: 27426573 GetBytesAllocated: 15246680 HeapGrowthMultiplier: 3
12-18 14:50:07.195  3187  3663 I com.miui.home: CheckGCForNative gc_urgency 0.355757 current_native_bytes is 140292413
12-18 14:50:07.200 12152 12152 I wm_on_top_resumed_gained_called: [217513740,com.dragon.read.pages.splash.SplashActivity,topStateChangedWhenResumed]
12-18 14:50:07.210  3187  3663 I com.miui.home: CheckGCForNative adj_start_bytes: 44840414 NativeAllocationGcWatermark: 11816929 java_gc_start_bytes: 27115021 kNewNativeDiscountFactor: 2 kOldNativeDiscountFactor: 65536 old_native_bytes: 138885445 new_native_bytes: 1811472 add_bytes_allowed: 35450787 is_gc_concurrent: 1 target_footprint_: 27426573 GetBytesAllocated: 15279672 HeapGrowthMultiplier: 3
12-18 14:50:07.210  3187  3663 I com.miui.home: CheckGCForNative gc_urgency 0.361003 current_native_bytes is 140696917
12-18 14:50:07.214  3187  3663 I com.miui.home: CheckGCForNative adj_start_bytes: 44840414 NativeAllocationGcWatermark: 11816929 java_gc_start_bytes: 27115021 kNewNativeDiscountFactor: 2 kOldNativeDiscountFactor: 65536 old_native_bytes: 138885445 new_native_bytes: 2208016 add_bytes_allowed: 35450787 is_gc_concurrent: 1 target_footprint_: 27426573 GetBytesAllocated: 15279672 HeapGrowthMultiplier: 3
12-18 14:50:07.214  3187  3663 I com.miui.home: CheckGCForNative gc_urgency 0.365425 current_native_bytes is 141093461
12-18 14:50:07.223  3187  3663 I com.miui.home: CheckGCForNative adj_start_bytes: 44840414 NativeAllocationGcWatermark: 11816929 java_gc_start_bytes: 27115021 kNewNativeDiscountFactor: 2 kOldNativeDiscountFactor: 65536 old_native_bytes: 138885445 new_native_bytes: 2765904 add_bytes_allowed: 35450787 is_gc_concurrent: 1 target_footprint_: 27426573 GetBytesAllocated: 15345400 HeapGrowthMultiplier: 3
12-18 14:50:07.223  3187  3663 I com.miui.home: CheckGCForNative gc_urgency 0.373111 current_native_bytes is 141651349
12-18 14:50:07.230  3187  3663 I com.miui.home: CheckGCForNative adj_start_bytes: 44840414 NativeAllocationGcWatermark: 11816929 java_gc_start_bytes: 27115021 kNewNativeDiscountFactor: 2 kOldNativeDiscountFactor: 65536 old_native_bytes: 138885445 new_native_bytes: 3287504 add_bytes_allowed: 35450787 is_gc_concurrent: 1 target_footprint_: 27426573 GetBytesAllocated: 15378360 HeapGrowthMultiplier: 3
12-18 14:50:07.230  3187  3663 I com.miui.home: CheckGCForNative gc_urgency 0.379663 current_native_bytes is 142172949
12-18 14:50:07.232  3187  3663 I com.miui.home: CheckGCForNative adj_start_bytes: 44840414 NativeAllocationGcWatermark: 11816929 java_gc_start_bytes: 27115021 kNewNativeDiscountFactor: 2 kOldNativeDiscountFactor: 65536 old_native_bytes: 138885445 new_native_bytes: 3683824 add_bytes_allowed: 35450787 is_gc_concurrent: 1 target_footprint_: 27426573 GetBytesAllocated: 15378360 HeapGrowthMultiplier: 3
12-18 14:50:07.232  3187  3663 I com.miui.home: CheckGCForNative gc_urgency 0.384082 current_native_bytes is 142569269
12-18 14:50:07.256  3187  3663 I com.miui.home: CheckGCForNative adj_start_bytes: 44840414 NativeAllocationGcWatermark: 11816929 java_gc_start_bytes: 27115021 kNewNativeDiscountFactor: 2 kOldNativeDiscountFactor: 65536 old_native_bytes: 138885445 new_native_bytes: 4801604 add_bytes_allowed: 35450787 is_gc_concurrent: 1 target_footprint_: 27426573 GetBytesAllocated: 15526952 HeapGrowthMultiplier: 3
12-18 14:50:07.256  3187  3663 I com.miui.home: CheckGCForNative gc_urgency 0.39986 current_native_bytes is 143687049
12-18 14:50:07.272  3187  3663 I com.miui.home: CheckGCForNative adj_start_bytes: 44840414 NativeAllocationGcWatermark: 11816929 java_gc_start_bytes: 27115021 kNewNativeDiscountFactor: 2 kOldNativeDiscountFactor: 65536 old_native_bytes: 138885445 new_native_bytes: 15920100 add_bytes_allowed: 35450787 is_gc_concurrent: 1 target_footprint_: 27426573 GetBytesAllocated: 15625320 HeapGrowthMultiplier: 3
12-18 14:50:07.272  3187  3663 I com.miui.home: CheckGCForNative gc_urgency 0.526032 current_native_bytes is 154805545
12-18 14:50:07.305  3187  3663 I com.miui.home: CheckGCForNative adj_start_bytes: 44840414 NativeAllocationGcWatermark: 11816929 java_gc_start_bytes: 27115021 kNewNativeDiscountFactor: 2 kOldNativeDiscountFactor: 65536 old_native_bytes: 138885445 new_native_bytes: 5617976 add_bytes_allowed: 35450787 is_gc_concurrent: 1 target_footprint_: 27426573 GetBytesAllocated: 15986456 HeapGrowthMultiplier: 3
12-18 14:50:07.305  3187  3663 I com.miui.home: CheckGCForNative gc_urgency 0.41921 current_native_bytes is 144503421
12-18 14:50:07.469  3187  3187 I com.miui.home: CheckGCForNative adj_start_bytes: 44840414 NativeAllocationGcWatermark: 11816929 java_gc_start_bytes: 27115021 kNewNativeDiscountFactor: 2 kOldNativeDiscountFactor: 65536 old_native_bytes: 138885445 new_native_bytes: 5834604 add_bytes_allowed: 35450787 is_gc_concurrent: 1 target_footprint_: 27426573 GetBytesAllocated: 16232264 HeapGrowthMultiplier: 3
12-18 14:50:07.469  3187  3187 I com.miui.home: CheckGCForNative gc_urgency 0.427108 current_native_bytes is 144720049
12-18 14:50:07.537  3187  3187 I wm_on_paused_called: [0,224715892,com.miui.home.launcher.Launcher,performPause,1]
12-18 14:50:07.686  3187  3663 I com.miui.home: CheckGCForNative adj_start_bytes: 44840414 NativeAllocationGcWatermark: 11816929 java_gc_start_bytes: 27115021 kNewNativeDiscountFactor: 2 kOldNativeDiscountFactor: 65536 old_native_bytes: 138885445 new_native_bytes: 5751376 add_bytes_allowed: 35450787 is_gc_concurrent: 1 target_footprint_: 27426573 GetBytesAllocated: 16896392 HeapGrowthMultiplier: 3
12-18 14:50:07.686  3187  3663 I com.miui.home: CheckGCForNative gc_urgency 0.440991 current_native_bytes is 144636821
12-18 14:50:07.944  3187  3479 I com.miui.home: CheckGCForNative adj_start_bytes: 44840414 NativeAllocationGcWatermark: 11816929 java_gc_start_bytes: 27115021 kNewNativeDiscountFactor: 2 kOldNativeDiscountFactor: 65536 old_native_bytes: 138885445 new_native_bytes: 6000376 add_bytes_allowed: 35450787 is_gc_concurrent: 1 target_footprint_: 27426573 GetBytesAllocated: 17289672 HeapGrowthMultiplier: 3
12-18 14:50:07.944  3187  3479 I com.miui.home: CheckGCForNative gc_urgency 0.452538 current_native_bytes is 144885821
12-18 14:50:08.127  3187  3663 I com.miui.home: CheckGCForNative adj_start_bytes: 44840414 NativeAllocationGcWatermark: 11816929 java_gc_start_bytes: 27115021 kNewNativeDiscountFactor: 2 kOldNativeDiscountFactor: 65536 old_native_bytes: 138885445 new_native_bytes: 6094008 add_bytes_allowed: 35450787 is_gc_concurrent: 1 target_footprint_: 27426573 GetBytesAllocated: 17667000 HeapGrowthMultiplier: 3
12-18 14:50:08.127  3187  3663 I com.miui.home: CheckGCForNative gc_urgency 0.461997 current_native_bytes is 144979453
12-18 14:50:08.224  3187  3663 I com.miui.home: CheckGCForNative adj_start_bytes: 44840414 NativeAllocationGcWatermark: 11816929 java_gc_start_bytes: 27115021 kNewNativeDiscountFactor: 2 kOldNativeDiscountFactor: 65536 old_native_bytes: 138885445 new_native_bytes: 6345004 add_bytes_allowed: 35450787 is_gc_concurrent: 1 target_footprint_: 27426573 GetBytesAllocated: 18142616 HeapGrowthMultiplier: 3
12-18 14:50:08.288  3187  3479 I com.miui.home: CheckGCForNative adj_start_bytes: 44840414 NativeAllocationGcWatermark: 11816929 java_gc_start_bytes: 27115021 kNewNativeDiscountFactor: 2 kOldNativeDiscountFactor: 65536 old_native_bytes: 138885445 new_native_bytes: 6645568 add_bytes_allowed: 35450787 is_gc_concurrent: 1 target_footprint_: 27426573 GetBytesAllocated: 18421144 HeapGrowthMultiplier: 3
12-18 14:50:08.289  3187  3479 I com.miui.home: CheckGCForNative gc_urgency 0.484965 current_native_bytes is 145531013
12-18 14:50:08.911 12564 12564 I wm_on_application_create_called: [0,com.taobao.taobao,383]
12-18 14:50:09.054 12536 12536 I wm_on_application_create_called: [0,com.taobao.taobao,542]
12-18 14:50:09.182 12536 12536 I wm_on_create_called: [0,100205930,com.taobao.tao.welcome.Welcome,performCreate,111]
12-18 14:50:09.245 12536 12536 I wm_on_start_called: [0,100205930,com.taobao.tao.welcome.Welcome,handleStartActivity,62]
12-18 14:50:09.274 12536 12536 I wm_on_resume_called: [0,100205930,com.taobao.tao.welcome.Welcome,RESUME_ACTIVITY,26]
12-18 14:50:09.300 12536 12536 I wm_on_top_resumed_gained_called: [100205930,com.taobao.tao.welcome.Welcome,topStateChangedWhenResumed]
12-18 14:50:09.607  3187  3227 I com.miui.home: CheckGCForNative adj_start_bytes: 44840414 NativeAllocationGcWatermark: 11816929 java_gc_start_bytes: 27115021 kNewNativeDiscountFactor: 2 kOldNativeDiscountFactor: 65536 old_native_bytes: 138885445 new_native_bytes: 17138964 add_bytes_allowed: 35450787 is_gc_concurrent: 1 target_footprint_: 27426573 GetBytesAllocated: 19257384 HeapGrowthMultiplier: 3
12-18 14:50:09.608  3187  3214 I com.miui.home: CheckGCForNative adj_start_bytes: 44840414 NativeAllocationGcWatermark: 11816929 java_gc_start_bytes: 27115021 kNewNativeDiscountFactor: 2 kOldNativeDiscountFactor: 65536 old_native_bytes: 138885445 new_native_bytes: 27844884 add_bytes_allowed: 35450787 is_gc_concurrent: 1 target_footprint_: 27426573 GetBytesAllocated: 19257384 HeapGrowthMultiplier: 3
12-18 14:50:09.608  3187  3227 I com.miui.home: CheckGCForNative gc_urgency 0.620623 current_native_bytes is 156024409
12-18 14:50:09.608  3187  3214 I com.miui.home: CheckGCForNative gc_urgency 0.740001 current_native_bytes is 166730329
12-18 14:50:09.608  3187  3187 I com.miui.home: CheckGCForNative adj_start_bytes: 44840414 NativeAllocationGcWatermark: 11816929 java_gc_start_bytes: 27115021 kNewNativeDiscountFactor: 2 kOldNativeDiscountFactor: 65536 old_native_bytes: 138885445 new_native_bytes: 38552148 add_bytes_allowed: 35450787 is_gc_concurrent: 1 target_footprint_: 27426573 GetBytesAllocated: 19274152 HeapGrowthMultiplier: 3
12-18 14:50:09.608  3187  3187 I com.miui.home: CheckGCForNative gc_urgency 0.859768 current_native_bytes is 177437593
12-18 14:50:09.674  3187  3187 I wm_on_stop_called: [0,224715892,com.miui.home.launcher.Launcher,STOP_ACTIVITY_ITEM,4]
12-18 14:50:10.432  3187  3187 I wm_on_restart_called: [0,224715892,com.miui.home.launcher.Launcher,performRestartActivity,0]
12-18 14:50:10.434  3187  3187 I wm_on_start_called: [0,224715892,com.miui.home.launcher.Launcher,handleStartActivity,1]
12-18 14:50:10.501  3187  3214 I com.miui.home: CheckGCForNative adj_start_bytes: 44840414 NativeAllocationGcWatermark: 11816929 java_gc_start_bytes: 27115021 kNewNativeDiscountFactor: 2 kOldNativeDiscountFactor: 65536 old_native_bytes: 138885445 new_native_bytes: 27827180 add_bytes_allowed: 35450787 is_gc_concurrent: 1 target_footprint_: 27426573 GetBytesAllocated: 20233224 HeapGrowthMultiplier: 3
12-18 14:50:10.501  3187  3214 I com.miui.home: CheckGCForNative gc_urgency 0.761566 current_native_bytes is 166712625
12-18 14:50:10.501  3187  3214 I com.miui.home: CheckGCForNative adj_start_bytes: 44840414 NativeAllocationGcWatermark: 11816929 java_gc_start_bytes: 27115021 kNewNativeDiscountFactor: 2 kOldNativeDiscountFactor: 65536 old_native_bytes: 138885445 new_native_bytes: 38533100 add_bytes_allowed: 35450787 is_gc_concurrent: 1 target_footprint_: 27426573 GetBytesAllocated: 20249800 HeapGrowthMultiplier: 3
12-18 14:50:10.501  3187  3214 I com.miui.home: CheckGCForNative gc_urgency 0.881314 current_native_bytes is 177418545
12-18 14:50:10.598  3187  3227 I com.miui.home: CheckGCForNative adj_start_bytes: 44840414 NativeAllocationGcWatermark: 11816929 java_gc_start_bytes: 27115021 kNewNativeDiscountFactor: 2 kOldNativeDiscountFactor: 65536 old_native_bytes: 138885445 new_native_bytes: 38706220 add_bytes_allowed: 35450787 is_gc_concurrent: 1 target_footprint_: 27426573 GetBytesAllocated: 20348104 HeapGrowthMultiplier: 3
12-18 14:50:10.598  3187  3227 I com.miui.home: CheckGCForNative gc_urgency 0.885436 current_native_bytes is 177591665
12-18 14:50:10.743 12536 12536 I wm_on_idle_called: com.taobao.tao.welcome.Welcome
12-18 14:50:10.766  3187  3479 I com.miui.home: CheckGCForNative adj_start_bytes: 44840414 NativeAllocationGcWatermark: 11816929 java_gc_start_bytes: 27115021 kNewNativeDiscountFactor: 2 kOldNativeDiscountFactor: 65536 old_native_bytes: 138885445 new_native_bytes: 28014124 add_bytes_allowed: 35450787 is_gc_concurrent: 1 target_footprint_: 27426573 GetBytesAllocated: 20462984 HeapGrowthMultiplier: 3
12-18 14:50:10.766  3187  3479 I com.miui.home: CheckGCForNative gc_urgency 0.768774 current_native_bytes is 166899569
12-18 14:50:10.985 12536 12536 I wm_on_top_resumed_lost_called: [100205930,com.taobao.tao.welcome.Welcome,topStateChangedWhenResumed]
12-18 14:50:11.002  3187  3187 I wm_on_resume_called: [0,224715892,com.miui.home.launcher.Launcher,RESUME_ACTIVITY,6]
12-18 14:50:11.004  3187  3187 I wm_on_idle_called: com.miui.home.launcher.Launcher
12-18 14:50:11.017  3187  3187 I wm_on_top_resumed_gained_called: [224715892,com.miui.home.launcher.Launcher,topStateChangedWhenResumed]
12-18 14:50:11.087 12536 12536 I wm_on_paused_called: [0,100205930,com.taobao.tao.welcome.Welcome,performPause,63]
12-18 14:50:11.173  3187  3663 I com.miui.home: CheckGCForNative adj_start_bytes: 44840414 NativeAllocationGcWatermark: 11816929 java_gc_start_bytes: 27115021 kNewNativeDiscountFactor: 2 kOldNativeDiscountFactor: 65536 old_native_bytes: 138885445 new_native_bytes: 28398020 add_bytes_allowed: 35450787 is_gc_concurrent: 1 target_footprint_: 27426573 GetBytesAllocated: 21791368 HeapGrowthMultiplier: 3
12-18 14:50:11.174  3187  3663 I com.miui.home: CheckGCForNative gc_urgency 0.80268 current_native_bytes is 167283465
12-18 14:50:11.218  3187  3663 I com.miui.home: CheckGCForNative adj_start_bytes: 44840414 NativeAllocationGcWatermark: 11816929 java_gc_start_bytes: 27115021 kNewNativeDiscountFactor: 2 kOldNativeDiscountFactor: 65536 old_native_bytes: 138885445 new_native_bytes: 39261176 add_bytes_allowed: 35450787 is_gc_concurrent: 1 target_footprint_: 27426573 GetBytesAllocated: 22086280 HeapGrowthMultiplier: 3
12-18 14:50:11.218  3187  3663 I com.miui.home: CheckGCForNative gc_urgency 0.930388 current_native_bytes is 178146621
12-18 14:50:11.306 12536 12536 I wm_on_stop_called: [0,100205930,com.taobao.tao.welcome.Welcome,STOP_ACTIVITY_ITEM,101]
12-18 14:50:11.357  3187  3187 I wm_on_top_resumed_lost_called: [224715892,com.miui.home.launcher.Launcher,topStateChangedWhenResumed]
12-18 14:50:11.368  3187  3187 I wm_on_paused_called: [0,224715892,com.miui.home.launcher.Launcher,performPause,2]
12-18 14:50:11.390  3187  3663 I com.miui.home: CheckGCForNative adj_start_bytes: 44840414 NativeAllocationGcWatermark: 11816929 java_gc_start_bytes: 27115021 kNewNativeDiscountFactor: 2 kOldNativeDiscountFactor: 65536 old_native_bytes: 138885445 new_native_bytes: 28598996 add_bytes_allowed: 35450787 is_gc_concurrent: 1 target_footprint_: 27426573 GetBytesAllocated: 22414728 HeapGrowthMultiplier: 3
12-18 14:50:11.390  3187  3663 I com.miui.home: CheckGCForNative gc_urgency 0.818823 current_native_bytes is 167484441
12-18 14:50:11.551  3187  3663 I com.miui.home: CheckGCForNative adj_start_bytes: 44840414 NativeAllocationGcWatermark: 11816929 java_gc_start_bytes: 27115021 kNewNativeDiscountFactor: 2 kOldNativeDiscountFactor: 65536 old_native_bytes: 138885445 new_native_bytes: 28781188 add_bytes_allowed: 35450787 is_gc_concurrent: 1 target_footprint_: 27426573 GetBytesAllocated: 22750632 HeapGrowthMultiplier: 3
12-18 14:50:11.551  3187  3663 I com.miui.home: CheckGCForNative gc_urgency 0.828345 current_native_bytes is 167666633
12-18 14:50:11.636  3187  7695 I com.miui.home: CheckGCForNative adj_start_bytes: 44840414 NativeAllocationGcWatermark: 11816929 java_gc_start_bytes: 27115021 kNewNativeDiscountFactor: 2 kOldNativeDiscountFactor: 65536 old_native_bytes: 138885445 new_native_bytes: 29087832 add_bytes_allowed: 35450787 is_gc_concurrent: 1 target_footprint_: 27426573 GetBytesAllocated: 22980072 HeapGrowthMultiplier: 3
12-18 14:50:11.636  3187  7695 I com.miui.home: CheckGCForNative gc_urgency 0.836881 current_native_bytes is 167973277
12-18 14:50:11.726  3187  3663 I com.miui.home: CheckGCForNative adj_start_bytes: 44840414 NativeAllocationGcWatermark: 11816929 java_gc_start_bytes: 27115021 kNewNativeDiscountFactor: 2 kOldNativeDiscountFactor: 65536 old_native_bytes: 138885445 new_native_bytes: 29522540 add_bytes_allowed: 35450787 is_gc_concurrent: 1 target_footprint_: 27426573 GetBytesAllocated: 23390248 HeapGrowthMultiplier: 3
12-18 14:50:11.727  3187  3663 I com.miui.home: CheckGCForNative gc_urgency 0.850876 current_native_bytes is 168407985
12-18 14:50:11.836  3187  3663 I com.miui.home: CheckGCForNative adj_start_bytes: 44840414 NativeAllocationGcWatermark: 11816929 java_gc_start_bytes: 27115021 kNewNativeDiscountFactor: 2 kOldNativeDiscountFactor: 65536 old_native_bytes: 138885445 new_native_bytes: 29774764 add_bytes_allowed: 35450787 is_gc_concurrent: 1 target_footprint_: 27426573 GetBytesAllocated: 23833128 HeapGrowthMultiplier: 3
12-18 14:50:11.836  3187  3663 I com.miui.home: CheckGCForNative gc_urgency 0.863565 current_native_bytes is 168660209
12-18 14:50:11.966  3187  3479 I com.miui.home: CheckGCForNative adj_start_bytes: 44840414 NativeAllocationGcWatermark: 11816929 java_gc_start_bytes: 27115021 kNewNativeDiscountFactor: 2 kOldNativeDiscountFactor: 65536 old_native_bytes: 138885445 new_native_bytes: 29963200 add_bytes_allowed: 35450787 is_gc_concurrent: 1 target_footprint_: 27426573 GetBytesAllocated: 24128040 HeapGrowthMultiplier: 3
12-18 14:50:11.966  3187  3479 I com.miui.home: CheckGCForNative gc_urgency 0.872243 current_native_bytes is 168848645
12-18 14:50:12.041  7200  7200 I wm_on_create_called: [0,223038244,com.tencent.mm.ui.LauncherUI,performCreate,400]
12-18 14:50:12.091  7200  7200 I wm_on_start_called: [0,223038244,com.tencent.mm.ui.LauncherUI,handleStartActivity,35]
12-18 14:50:12.201  7200  7200 I wm_on_resume_called: [0,223038244,com.tencent.mm.ui.LauncherUI,RESUME_ACTIVITY,109]
12-18 14:50:12.223  7200  7200 I wm_on_top_resumed_gained_called: [223038244,com.tencent.mm.ui.LauncherUI,topStateChangedWhenResumed]
12-18 14:50:12.225  7200  7200 I wm_on_top_resumed_lost_called: [223038244,com.tencent.mm.ui.LauncherUI,topStateChangedWhenResumed]
12-18 14:50:12.236  7200  7200 I wm_on_paused_called: [0,223038244,com.tencent.mm.ui.LauncherUI,performPause,10]
12-18 14:50:12.274  3187  3187 I wm_on_stop_called: [0,224715892,com.miui.home.launcher.Launcher,STOP_ACTIVITY_ITEM,4]
12-18 14:50:12.422  3187  3663 I com.miui.home: CheckGCForNative adj_start_bytes: 44840414 NativeAllocationGcWatermark: 11816929 java_gc_start_bytes: 27115021 kNewNativeDiscountFactor: 2 kOldNativeDiscountFactor: 65536 old_native_bytes: 138885445 new_native_bytes: 29862784 add_bytes_allowed: 35450787 is_gc_concurrent: 1 target_footprint_: 27426573 GetBytesAllocated: 24710376 HeapGrowthMultiplier: 3
12-18 14:50:12.422  3187  3663 I com.miui.home: CheckGCForNative gc_urgency 0.884111 current_native_bytes is 168748229
12-18 14:50:12.527  7200  7200 I wm_on_create_called: [0,154503323,com.tencent.mm.plugin.account.ui.WelcomeActivity,performCreate,74]
12-18 14:50:12.530  7200  7200 I wm_on_start_called: [0,154503323,com.tencent.mm.plugin.account.ui.WelcomeActivity,handleStartActivity,2]
12-18 14:50:12.536  7200  7200 I wm_on_resume_called: [0,154503323,com.tencent.mm.plugin.account.ui.WelcomeActivity,RESUME_ACTIVITY,5]
12-18 14:50:12.544  7200  7200 I wm_on_top_resumed_gained_called: [154503323,com.tencent.mm.plugin.account.ui.WelcomeActivity,topStateChangedWhenResumed]
12-18 14:50:12.586  3187  3663 I com.miui.home: CheckGCForNative adj_start_bytes: 44840414 NativeAllocationGcWatermark: 11816929 java_gc_start_bytes: 27115021 kNewNativeDiscountFactor: 2 kOldNativeDiscountFactor: 65536 old_native_bytes: 138885445 new_native_bytes: 30242868 add_bytes_allowed: 35450787 is_gc_concurrent: 1 target_footprint_: 27426573 GetBytesAllocated: 25169704 HeapGrowthMultiplier: 3
12-18 14:50:12.586  3187  3663 I com.miui.home: CheckGCForNative gc_urgency 0.898592 current_native_bytes is 169128313
12-18 14:50:12.605  3187  3663 I com.miui.home: CheckGCForNative adj_start_bytes: 44840414 NativeAllocationGcWatermark: 11816929 java_gc_start_bytes: 27115021 kNewNativeDiscountFactor: 2 kOldNativeDiscountFactor: 65536 old_native_bytes: 138885445 new_native_bytes: 30341064 add_bytes_allowed: 35450787 is_gc_concurrent: 1 target_footprint_: 27426573 GetBytesAllocated: 25218856 HeapGrowthMultiplier: 3
12-18 14:50:12.605  3187  3663 I com.miui.home: CheckGCForNative gc_urgency 0.900784 current_native_bytes is 169226509
12-18 14:50:12.791  7200  7200 I wm_on_stop_called: [0,223038244,com.tencent.mm.ui.LauncherUI,STOP_ACTIVITY_ITEM,5]
12-18 14:50:12.976  3187  3187 I wm_on_restart_called: [0,224715892,com.miui.home.launcher.Launcher,performRestartActivity,0]
12-18 14:50:12.977  3187  3187 I wm_on_start_called: [0,224715892,com.miui.home.launcher.Launcher,handleStartActivity,2]
12-18 14:50:13.045  3187  3537 I com.miui.home: CheckGCForNative adj_start_bytes: 44840414 NativeAllocationGcWatermark: 11816929 java_gc_start_bytes: 27115021 kNewNativeDiscountFactor: 2 kOldNativeDiscountFactor: 65536 old_native_bytes: 138885445 new_native_bytes: 41300728 add_bytes_allowed: 35450787 is_gc_concurrent: 1 target_footprint_: 27426573 GetBytesAllocated: 26202328 HeapGrowthMultiplier: 3
12-18 14:50:13.046  3187  3537 I com.miui.home: CheckGCForNative gc_urgency 1.04492 current_native_bytes is 180186173
12-18 14:50:13.046  3187  3537 I com.miui.home: CheckGCForNative requested 1
12-18 14:50:13.047  3187  3537 I com.miui.home: CheckGCForNative adj_start_bytes: 44840414 NativeAllocationGcWatermark: 11816929 java_gc_start_bytes: 27115021 kNewNativeDiscountFactor: 2 kOldNativeDiscountFactor: 65536 old_native_bytes: 138885445 new_native_bytes: 52006648 add_bytes_allowed: 35450787 is_gc_concurrent: 1 target_footprint_: 27426573 GetBytesAllocated: 26218904 HeapGrowthMultiplier: 3
12-18 14:50:13.048  3187  3537 I com.miui.home: CheckGCForNative gc_urgency 1.16467 current_native_bytes is 190892093
12-18 14:50:13.048  3187  3537 I com.miui.home: CheckGCForNative requested 1
12-18 14:50:13.052  3187  3537 I com.miui.home: CheckGCForNative adj_start_bytes: 44840414 NativeAllocationGcWatermark: 11816929 java_gc_start_bytes: 27115021 kNewNativeDiscountFactor: 2 kOldNativeDiscountFactor: 65536 old_native_bytes: 138885445 new_native_bytes: 52007096 add_bytes_allowed: 35450787 is_gc_concurrent: 1 target_footprint_: 27426573 GetBytesAllocated: 26235288 HeapGrowthMultiplier: 3
12-18 14:50:13.052  3187  3537 I com.miui.home: CheckGCForNative gc_urgency 1.16504 current_native_bytes is 190892541
12-18 14:50:13.052  3187  3537 I com.miui.home: CheckGCForNative requested 1
12-18 14:50:13.155  3187  3479 I com.miui.home: CheckGCForNative adj_start_bytes: 44840414 NativeAllocationGcWatermark: 11816929 java_gc_start_bytes: 27115021 kNewNativeDiscountFactor: 2 kOldNativeDiscountFactor: 65536 old_native_bytes: 138885445 new_native_bytes: 41366224 add_bytes_allowed: 35450787 is_gc_concurrent: 1 target_footprint_: 27426573 GetBytesAllocated: 26399320 HeapGrowthMultiplier: 3
12-18 14:50:13.155  3187  3479 I com.miui.home: CheckGCForNative gc_urgency 1.05005 current_native_bytes is 180251669
12-18 14:50:13.155  3187  3479 I com.miui.home: CheckGCForNative requested 1
12-18 14:50:13.252  3187  3202 I com.miui.home: NativeAlloc concurrent copying GC freed 231548(11MB) AllocSpace objects, 28(1000KB) LOS objects, 49% free, 13MB/26MB, paused 186us,84us total 205.101ms
12-18 14:50:13.511  3187  3479 I com.miui.home: CheckGCForNative gc_urgency 0 current_native_bytes is 141813901
12-18 14:50:13.538  7200  7200 I wm_on_top_resumed_lost_called: [154503323,com.tencent.mm.plugin.account.ui.WelcomeActivity,topStateChangedWhenResumed]
12-18 14:50:13.560  3187  3187 I wm_on_resume_called: [0,224715892,com.miui.home.launcher.Launcher,RESUME_ACTIVITY,5]
12-18 14:50:13.562  3187  3187 I wm_on_idle_called: com.miui.home.launcher.Launcher
12-18 14:50:13.569  3187  3187 I wm_on_top_resumed_gained_called: [224715892,com.miui.home.launcher.Launcher,topStateChangedWhenResumed]
12-18 14:50:13.590  7200  7200 I wm_on_paused_called: [0,154503323,com.tencent.mm.plugin.account.ui.WelcomeActivity,performPause,16]
12-18 14:50:13.633  7200  7200 I wm_on_stop_called: [0,154503323,com.tencent.mm.plugin.account.ui.WelcomeActivity,STOP_ACTIVITY_ITEM,10]
12-18 14:50:13.646  7200  7200 I wm_on_idle_called: com.tencent.mm.plugin.account.ui.WelcomeActivity
12-18 14:50:13.646  7200  7200 I wm_on_idle_called: com.tencent.mm.ui.LauncherUI
12-18 14:50:13.766  3187  3663 I com.miui.home: CheckGCForNative adj_start_bytes: 45174201 NativeAllocationGcWatermark: 11850333 java_gc_start_bytes: 27398702 kNewNativeDiscountFactor: 2 kOldNativeDiscountFactor: 65536 old_native_bytes: 141813901 new_native_bytes: 293628 add_bytes_allowed: 35550999 is_gc_concurrent: 1 target_footprint_: 27693806 GetBytesAllocated: 15601272 HeapGrowthMultiplier: 3
12-18 14:50:13.766  3187  3663 I com.miui.home: CheckGCForNative gc_urgency 0.348656 current_native_bytes is 142107529
12-18 14:50:13.820  3187  3187 I wm_on_top_resumed_lost_called: [224715892,com.miui.home.launcher.Launcher,topStateChangedWhenResumed]
12-18 14:50:13.824  3187  3663 I com.miui.home: CheckGCForNative adj_start_bytes: 45174201 NativeAllocationGcWatermark: 11850333 java_gc_start_bytes: 27398702 kNewNativeDiscountFactor: 2 kOldNativeDiscountFactor: 65536 old_native_bytes: 141813901 new_native_bytes: 11376056 add_bytes_allowed: 35550999 is_gc_concurrent: 1 target_footprint_: 27693806 GetBytesAllocated: 15814392 HeapGrowthMultiplier: 3
12-18 14:50:13.824  3187  3663 I com.miui.home: CheckGCForNative gc_urgency 0.476037 current_native_bytes is 153189957
12-18 14:50:13.825  3187  3187 I wm_on_paused_called: [0,224715892,com.miui.home.launcher.Launcher,performPause,2]
12-18 14:50:13.924  3187  3663 I com.miui.home: CheckGCForNative adj_start_bytes: 45174201 NativeAllocationGcWatermark: 11850333 java_gc_start_bytes: 27398702 kNewNativeDiscountFactor: 2 kOldNativeDiscountFactor: 65536 old_native_bytes: 141813901 new_native_bytes: 701736 add_bytes_allowed: 35550999 is_gc_concurrent: 1 target_footprint_: 27693806 GetBytesAllocated: 16421400 HeapGrowthMultiplier: 3
12-18 14:50:13.924  3187  3663 I com.miui.home: CheckGCForNative gc_urgency 0.371328 current_native_bytes is 142515637
12-18 14:50:14.054  3187  3663 I com.miui.home: CheckGCForNative adj_start_bytes: 45174201 NativeAllocationGcWatermark: 11850333 java_gc_start_bytes: 27398702 kNewNativeDiscountFactor: 2 kOldNativeDiscountFactor: 65536 old_native_bytes: 141813901 new_native_bytes: 1227276 add_bytes_allowed: 35550999 is_gc_concurrent: 1 target_footprint_: 27693806 GetBytesAllocated: 17101912 HeapGrowthMultiplier: 3
12-18 14:50:14.054  3187  3663 I com.miui.home: CheckGCForNative gc_urgency 0.392209 current_native_bytes is 143041177
12-18 14:50:14.109  3187  3663 I com.miui.home: CheckGCForNative adj_start_bytes: 45174201 NativeAllocationGcWatermark: 11850333 java_gc_start_bytes: 27398702 kNewNativeDiscountFactor: 2 kOldNativeDiscountFactor: 65536 old_native_bytes: 141813901 new_native_bytes: 1614304 add_bytes_allowed: 35550999 is_gc_concurrent: 1 target_footprint_: 27693806 GetBytesAllocated: 17331288 HeapGrowthMultiplier: 3
12-18 14:50:14.109  3187  3663 I com.miui.home: CheckGCForNative gc_urgency 0.40157 current_native_bytes is 143428205
12-18 14:50:14.699 13239 13239 I wm_on_application_create_called: [0,com.sina.weibo,307]
12-18 14:50:14.834 13239 13239 I wm_on_create_called: [0,50828681,com.sina.weibo.SplashActivity,performCreate,116]
12-18 14:50:14.839 13239 13239 I wm_on_start_called: [0,50828681,com.sina.weibo.SplashActivity,handleStartActivity,4]
12-18 14:50:14.844 13239 13239 I wm_on_resume_called: [0,50828681,com.sina.weibo.SplashActivity,RESUME_ACTIVITY,4]
12-18 14:50:14.889 13239 13239 I wm_on_top_resumed_gained_called: [50828681,com.sina.weibo.SplashActivity,topStateChangedWhenResumed]
12-18 14:50:15.350  3187  3214 I com.miui.home: CheckGCForNative adj_start_bytes: 45174201 NativeAllocationGcWatermark: 11850333 java_gc_start_bytes: 27398702 kNewNativeDiscountFactor: 2 kOldNativeDiscountFactor: 65536 old_native_bytes: 141813901 new_native_bytes: 12270852 add_bytes_allowed: 35550999 is_gc_concurrent: 1 target_footprint_: 27693806 GetBytesAllocated: 18495128 HeapGrowthMultiplier: 3
12-18 14:50:15.350  3187  3214 I com.miui.home: CheckGCForNative gc_urgency 0.545283 current_native_bytes is 154084753
12-18 14:50:15.351  3187  3214 I com.miui.home: CheckGCForNative adj_start_bytes: 45174201 NativeAllocationGcWatermark: 11850333 java_gc_start_bytes: 27398702 kNewNativeDiscountFactor: 2 kOldNativeDiscountFactor: 65536 old_native_bytes: 141813901 new_native_bytes: 22976772 add_bytes_allowed: 35550999 is_gc_concurrent: 1 target_footprint_: 27693806 GetBytesAllocated: 18511704 HeapGrowthMultiplier: 3
12-18 14:50:15.351  3187  3214 I com.miui.home: CheckGCForNative gc_urgency 0.664146 current_native_bytes is 164790673
12-18 14:50:15.355  3187  3479 I com.miui.home: CheckGCForNative adj_start_bytes: 45174201 NativeAllocationGcWatermark: 11850333 java_gc_start_bytes: 27398702 kNewNativeDiscountFactor: 2 kOldNativeDiscountFactor: 65536 old_native_bytes: 141813901 new_native_bytes: 12272068 add_bytes_allowed: 35550999 is_gc_concurrent: 1 target_footprint_: 27693806 GetBytesAllocated: 18528088 HeapGrowthMultiplier: 3
12-18 14:50:15.355  3187  3479 I com.miui.home: CheckGCForNative gc_urgency 0.546026 current_native_bytes is 154085969
12-18 14:50:15.377  3187  3479 I com.miui.home: CheckGCForNative adj_start_bytes: 45174201 NativeAllocationGcWatermark: 11850333 java_gc_start_bytes: 27398702 kNewNativeDiscountFactor: 2 kOldNativeDiscountFactor: 65536 old_native_bytes: 141813901 new_native_bytes: 12308052 add_bytes_allowed: 35550999 is_gc_concurrent: 1 target_footprint_: 27693806 GetBytesAllocated: 18577240 HeapGrowthMultiplier: 3
12-18 14:50:15.378  3187  3479 I com.miui.home: CheckGCForNative gc_urgency 0.547512 current_native_bytes is 154121953
12-18 14:50:15.407  3187  3214 I com.miui.home: CheckGCForNative adj_start_bytes: 45174201 NativeAllocationGcWatermark: 11850333 java_gc_start_bytes: 27398702 kNewNativeDiscountFactor: 2 kOldNativeDiscountFactor: 65536 old_native_bytes: 141813901 new_native_bytes: 23022212 add_bytes_allowed: 35550999 is_gc_concurrent: 1 target_footprint_: 27693806 GetBytesAllocated: 18577240 HeapGrowthMultiplier: 3
12-18 14:50:15.411  3187  3214 I com.miui.home: CheckGCForNative gc_urgency 0.666462 current_native_bytes is 164836113
12-18 14:50:15.458 13369 13369 I wm_on_application_create_called: [0,com.sina.weibo,531]
12-18 14:50:15.678  3187  3479 I com.miui.home: CheckGCForNative adj_start_bytes: 45174201 NativeAllocationGcWatermark: 11850333 java_gc_start_bytes: 27398702 kNewNativeDiscountFactor: 2 kOldNativeDiscountFactor: 65536 old_native_bytes: 141813901 new_native_bytes: 12339972 add_bytes_allowed: 35550999 is_gc_concurrent: 1 target_footprint_: 27693806 GetBytesAllocated: 18856392 HeapGrowthMultiplier: 3
12-18 14:50:15.678  3187  3479 I com.miui.home: CheckGCForNative gc_urgency 0.554045 current_native_bytes is 154153873
12-18 14:50:15.681 13239 13239 I wm_on_idle_called: com.sina.weibo.SplashActivity
12-18 14:50:15.837 13239 13239 I wm_on_top_resumed_lost_called: [50828681,com.sina.weibo.SplashActivity,topStateChangedWhenResumed]
12-18 14:50:15.863  3187  3187 I wm_on_resume_called: [0,224715892,com.miui.home.launcher.Launcher,RESUME_ACTIVITY,5]
12-18 14:50:15.865  3187  3187 I wm_on_idle_called: com.miui.home.launcher.Launcher
12-18 14:50:15.903  3187  3187 I wm_on_top_resumed_gained_called: [224715892,com.miui.home.launcher.Launcher,topStateChangedWhenResumed]
12-18 14:50:15.904 13239 13239 I wm_on_paused_called: [0,50828681,com.sina.weibo.SplashActivity,performPause,1]
12-18 14:50:16.085  3187  8096 I com.miui.home: CheckGCForNative adj_start_bytes: 45174201 NativeAllocationGcWatermark: 11850333 java_gc_start_bytes: 27398702 kNewNativeDiscountFactor: 2 kOldNativeDiscountFactor: 65536 old_native_bytes: 141813901 new_native_bytes: 12532144 add_bytes_allowed: 35550999 is_gc_concurrent: 1 target_footprint_: 27693806 GetBytesAllocated: 20258456 HeapGrowthMultiplier: 3
12-18 14:50:16.089  3187  8096 I com.miui.home: CheckGCForNative gc_urgency 0.587209 current_native_bytes is 154346045
12-18 14:50:16.160  3187  8096 I com.miui.home: CheckGCForNative adj_start_bytes: 45174201 NativeAllocationGcWatermark: 11850333 java_gc_start_bytes: 27398702 kNewNativeDiscountFactor: 2 kOldNativeDiscountFactor: 65536 old_native_bytes: 141813901 new_native_bytes: 12535632 add_bytes_allowed: 35550999 is_gc_concurrent: 1 target_footprint_: 27693806 GetBytesAllocated: 20307608 HeapGrowthMultiplier: 3
12-18 14:50:16.161  3187  8096 I com.miui.home: CheckGCForNative gc_urgency 0.588336 current_native_bytes is 154349533
12-18 14:50:16.182  3187  3187 I wm_on_top_resumed_lost_called: [224715892,com.miui.home.launcher.Launcher,topStateChangedWhenResumed]
12-18 14:50:16.190  3187  3187 I wm_on_paused_called: [0,224715892,com.miui.home.launcher.Launcher,performPause,2]
12-18 14:50:16.428  3187  3663 I com.miui.home: CheckGCForNative adj_start_bytes: 45174201 NativeAllocationGcWatermark: 11850333 java_gc_start_bytes: 27398702 kNewNativeDiscountFactor: 2 kOldNativeDiscountFactor: 65536 old_native_bytes: 141813901 new_native_bytes: 12726304 add_bytes_allowed: 35550999 is_gc_concurrent: 1 target_footprint_: 27693806 GetBytesAllocated: 20889928 HeapGrowthMultiplier: 3
12-18 14:50:16.428  3187  3663 I com.miui.home: CheckGCForNative gc_urgency 0.603337 current_native_bytes is 154540205
12-18 14:50:16.442 13239 13239 I wm_on_stop_called: [0,50828681,com.sina.weibo.SplashActivity,STOP_ACTIVITY_ITEM,80]
12-18 14:50:16.509  3187  3663 I com.miui.home: CheckGCForNative adj_start_bytes: 45174201 NativeAllocationGcWatermark: 11850333 java_gc_start_bytes: 27398702 kNewNativeDiscountFactor: 2 kOldNativeDiscountFactor: 65536 old_native_bytes: 141813901 new_native_bytes: 12942364 add_bytes_allowed: 35550999 is_gc_concurrent: 1 target_footprint_: 27693806 GetBytesAllocated: 21250440 HeapGrowthMultiplier: 3
12-18 14:50:16.509  3187  3663 I com.miui.home: CheckGCForNative gc_urgency 0.613708 current_native_bytes is 154756265
12-18 14:50:16.600  3187  3479 I com.miui.home: CheckGCForNative adj_start_bytes: 45174201 NativeAllocationGcWatermark: 11850333 java_gc_start_bytes: 27398702 kNewNativeDiscountFactor: 2 kOldNativeDiscountFactor: 65536 old_native_bytes: 141813901 new_native_bytes: 13042844 add_bytes_allowed: 35550999 is_gc_concurrent: 1 target_footprint_: 27693806 GetBytesAllocated: 21660616 HeapGrowthMultiplier: 3
12-18 14:50:16.600  3187  3479 I com.miui.home: CheckGCForNative gc_urgency 0.6239 current_native_bytes is 154856745
12-18 14:50:16.640  3187  3663 I com.miui.home: CheckGCForNative adj_start_bytes: 45174201 NativeAllocationGcWatermark: 11850333 java_gc_start_bytes: 27398702 kNewNativeDiscountFactor: 2 kOldNativeDiscountFactor: 65536 old_native_bytes: 141813901 new_native_bytes: 23911120 add_bytes_allowed: 35550999 is_gc_concurrent: 1 target_footprint_: 27693806 GetBytesAllocated: 21824456 HeapGrowthMultiplier: 3
12-18 14:50:16.641  3187  3663 I com.miui.home: CheckGCForNative gc_urgency 0.74782 current_native_bytes is 165725021
12-18 14:50:16.822  3187  3479 I com.miui.home: CheckGCForNative adj_start_bytes: 45174201 NativeAllocationGcWatermark: 11850333 java_gc_start_bytes: 27398702 kNewNativeDiscountFactor: 2 kOldNativeDiscountFactor: 65536 old_native_bytes: 141813901 new_native_bytes: 13296336 add_bytes_allowed: 35550999 is_gc_concurrent: 1 target_footprint_: 27693806 GetBytesAllocated: 22136520 HeapGrowthMultiplier: 3
12-18 14:50:16.822  3187  3479 I com.miui.home: CheckGCForNative gc_urgency 0.637241 current_native_bytes is 155110237
12-18 14:50:16.900  3187  3479 I com.miui.home: CheckGCForNative adj_start_bytes: 45174201 NativeAllocationGcWatermark: 11850333 java_gc_start_bytes: 27398702 kNewNativeDiscountFactor: 2 kOldNativeDiscountFactor: 65536 old_native_bytes: 141813901 new_native_bytes: 13286864 add_bytes_allowed: 35550999 is_gc_concurrent: 1 target_footprint_: 27693806 GetBytesAllocated: 22218440 HeapGrowthMultiplier: 3
12-18 14:50:16.900  3187  3479 I com.miui.home: CheckGCForNative gc_urgency 0.63895 current_native_bytes is 155100765
12-18 14:50:16.980  3187  3663 I com.miui.home: CheckGCForNative adj_start_bytes: 45174201 NativeAllocationGcWatermark: 11850333 java_gc_start_bytes: 27398702 kNewNativeDiscountFactor: 2 kOldNativeDiscountFactor: 65536 old_native_bytes: 141813901 new_native_bytes: 13336784 add_bytes_allowed: 35550999 is_gc_concurrent: 1 target_footprint_: 27693806 GetBytesAllocated: 22349512 HeapGrowthMultiplier: 3
12-18 14:50:16.980  3187  3663 I com.miui.home: CheckGCForNative gc_urgency 0.642404 current_native_bytes is 155150685
12-18 14:50:17.378 13594 13594 I wm_on_application_create_called: [0,com.UCMobile,314]
12-18 14:50:17.930  3187 11317 I com.miui.home: CheckGCForNative adj_start_bytes: 45174201 NativeAllocationGcWatermark: 11850333 java_gc_start_bytes: 27398702 kNewNativeDiscountFactor: 2 kOldNativeDiscountFactor: 65536 old_native_bytes: 141813901 new_native_bytes: 24099624 add_bytes_allowed: 35550999 is_gc_concurrent: 1 target_footprint_: 27693806 GetBytesAllocated: 23316744 HeapGrowthMultiplier: 3
12-18 14:50:17.930  3187 11317 I com.miui.home: CheckGCForNative gc_urgency 0.782941 current_native_bytes is 165913525
12-18 14:50:17.931  3187 11317 I com.miui.home: CheckGCForNative adj_start_bytes: 45174201 NativeAllocationGcWatermark: 11850333 java_gc_start_bytes: 27398702 kNewNativeDiscountFactor: 2 kOldNativeDiscountFactor: 65536 old_native_bytes: 141813901 new_native_bytes: 34806184 add_bytes_allowed: 35550999 is_gc_concurrent: 1 target_footprint_: 27693806 GetBytesAllocated: 23333320 HeapGrowthMultiplier: 3
12-18 14:50:17.931  3187 11317 I com.miui.home: CheckGCForNative gc_urgency 0.901811 current_native_bytes is 176620085
12-18 14:50:18.030  3187  3214 I com.miui.home: CheckGCForNative adj_start_bytes: 45174201 NativeAllocationGcWatermark: 11850333 java_gc_start_bytes: 27398702 kNewNativeDiscountFactor: 2 kOldNativeDiscountFactor: 65536 old_native_bytes: 141813901 new_native_bytes: 34822040 add_bytes_allowed: 35550999 is_gc_concurrent: 1 target_footprint_: 27693806 GetBytesAllocated: 23398856 HeapGrowthMultiplier: 3
12-18 14:50:18.036  3187  3214 I com.miui.home: CheckGCForNative gc_urgency 0.9038 current_native_bytes is 176635941
12-18 14:50:18.111  3187  3479 I com.miui.home: CheckGCForNative adj_start_bytes: 45174201 NativeAllocationGcWatermark: 11850333 java_gc_start_bytes: 27398702 kNewNativeDiscountFactor: 2 kOldNativeDiscountFactor: 65536 old_native_bytes: 141813901 new_native_bytes: 24124600 add_bytes_allowed: 35550999 is_gc_concurrent: 1 target_footprint_: 27693806 GetBytesAllocated: 23464648 HeapGrowthMultiplier: 3
12-18 14:50:18.111  3187  3479 I com.miui.home: CheckGCForNative gc_urgency 0.786491 current_native_bytes is 165938501
12-18 14:50:18.170 13239 13239 I wm_on_destroy_called: [0,50828681,com.sina.weibo.SplashActivity,performDestroy,84]
12-18 14:50:18.450  3187  3187 I wm_on_resume_called: [0,224715892,com.miui.home.launcher.Launcher,RESUME_ACTIVITY,6]
12-18 14:50:18.452  3187  3187 I wm_on_idle_called: com.miui.home.launcher.Launcher
12-18 14:50:18.578  3187  3187 I com.miui.home: CheckGCForNative adj_start_bytes: 45174201 NativeAllocationGcWatermark: 11850333 java_gc_start_bytes: 27398702 kNewNativeDiscountFactor: 2 kOldNativeDiscountFactor: 65536 old_native_bytes: 141813901 new_native_bytes: 24271384 add_bytes_allowed: 35550999 is_gc_concurrent: 1 target_footprint_: 27693806 GetBytesAllocated: 24751736 HeapGrowthMultiplier: 3
12-18 14:50:18.578  3187  3187 I com.miui.home: CheckGCForNative gc_urgency 0.816608 current_native_bytes is 166085285
12-18 14:50:18.717  3187  3187 I wm_on_paused_called: [0,224715892,com.miui.home.launcher.Launcher,performPause,2]
12-18 14:50:18.903  3187  3663 I com.miui.home: CheckGCForNative adj_start_bytes: 45174201 NativeAllocationGcWatermark: 11850333 java_gc_start_bytes: 27398702 kNewNativeDiscountFactor: 2 kOldNativeDiscountFactor: 65536 old_native_bytes: 141813901 new_native_bytes: 24794512 add_bytes_allowed: 35550999 is_gc_concurrent: 1 target_footprint_: 27693806 GetBytesAllocated: 25612616 HeapGrowthMultiplier: 3
12-18 14:50:18.903  3187  3663 I com.miui.home: CheckGCForNative gc_urgency 0.841455 current_native_bytes is 166608413
12-18 14:50:18.903  3187  3663 I com.miui.home: CheckGCForNative adj_start_bytes: 45174201 NativeAllocationGcWatermark: 11850333 java_gc_start_bytes: 27398702 kNewNativeDiscountFactor: 2 kOldNativeDiscountFactor: 65536 old_native_bytes: 141813901 new_native_bytes: 24807848 add_bytes_allowed: 35550999 is_gc_concurrent: 1 target_footprint_: 27693806 GetBytesAllocated: 25612616 HeapGrowthMultiplier: 3
12-18 14:50:18.903  3187  3663 I com.miui.home: CheckGCForNative gc_urgency 0.841602 current_native_bytes is 166621749
12-18 14:50:18.999  3187  3663 I com.miui.home: CheckGCForNative adj_start_bytes: 45174201 NativeAllocationGcWatermark: 11850333 java_gc_start_bytes: 27398702 kNewNativeDiscountFactor: 2 kOldNativeDiscountFactor: 65536 old_native_bytes: 141813901 new_native_bytes: 25241776 add_bytes_allowed: 35550999 is_gc_concurrent: 1 target_footprint_: 27693806 GetBytesAllocated: 26153960 HeapGrowthMultiplier: 3
12-18 14:50:18.999  3187  3663 I com.miui.home: CheckGCForNative gc_urgency 0.858388 current_native_bytes is 167055677
12-18 14:50:19.120  3187  3663 I com.miui.home: CheckGCForNative adj_start_bytes: 45174201 NativeAllocationGcWatermark: 11850333 java_gc_start_bytes: 27398702 kNewNativeDiscountFactor: 2 kOldNativeDiscountFactor: 65536 old_native_bytes: 141813901 new_native_bytes: 36196740 add_bytes_allowed: 35550999 is_gc_concurrent: 1 target_footprint_: 27693806 GetBytesAllocated: 26366952 HeapGrowthMultiplier: 3
12-18 14:50:19.120  3187  3663 I com.miui.home: CheckGCForNative gc_urgency 0.984356 current_native_bytes is 178010641
12-18 14:50:19.189  3187  3479 I com.miui.home: CheckGCForNative adj_start_bytes: 45174201 NativeAllocationGcWatermark: 11850333 java_gc_start_bytes: 27398702 kNewNativeDiscountFactor: 2 kOldNativeDiscountFactor: 65536 old_native_bytes: 141813901 new_native_bytes: 25470788 add_bytes_allowed: 35550999 is_gc_concurrent: 1 target_footprint_: 27693806 GetBytesAllocated: 26432680 HeapGrowthMultiplier: 3
12-18 14:50:19.189  3187  3479 I com.miui.home: CheckGCForNative gc_urgency 0.867093 current_native_bytes is 167284689
12-18 14:50:19.789 13881 13881 I wm_on_create_called: [0,131963851,com.tencent.mtt.SplashActivity,performCreate,111]
12-18 14:50:19.866 13881 13881 I wm_on_create_called: [0,121226081,com.tencent.mtt.MainActivity,performCreate,35]
12-18 14:50:19.871 13881 13881 I wm_on_start_called: [0,121226081,com.tencent.mtt.MainActivity,handleStartActivity,5]
12-18 14:50:19.981  3187  3663 I com.miui.home: CheckGCForNative adj_start_bytes: 45174201 NativeAllocationGcWatermark: 11850333 java_gc_start_bytes: 27398702 kNewNativeDiscountFactor: 2 kOldNativeDiscountFactor: 65536 old_native_bytes: 141813901 new_native_bytes: 25249444 add_bytes_allowed: 35550999 is_gc_concurrent: 1 target_footprint_: 27693806 GetBytesAllocated: 26876168 HeapGrowthMultiplier: 3
12-18 14:50:19.981  3187  3663 I com.miui.home: CheckGCForNative gc_urgency 0.87446 current_native_bytes is 167063345
