12-18 14:57:17.514  3166  3645 I com.miui.home: CheckGCForNative gc_urgency 0.68555 current_native_bytes is 212729669
12-18 14:57:17.684  3166  3645 I com.miui.home: CheckGCForNative adj_start_bytes: 45795109 NativeAllocationGcWatermark: 11917413 java_gc_start_bytes: 27918990 kNewNativeDiscountFactor: 2 kOldNativeDiscountFactor: 65536 old_native_bytes: 189905125 new_native_bytes: 12221760 add_bytes_allowed: 35752239 is_gc_concurrent: 1 target_footprint_: 28230446 GetBytesAllocated: 20291880 HeapGrowthMultiplier: 3
12-18 14:57:17.684  3166  3645 I com.miui.home: CheckGCForNative gc_urgency 0.576604 current_native_bytes is 202126885
12-18 14:57:17.743  3166  3645 I com.miui.home: CheckGCForNative adj_start_bytes: 45795109 NativeAllocationGcWatermark: 11917413 java_gc_start_bytes: 27918990 kNewNativeDiscountFactor: 2 kOldNativeDiscountFactor: 65536 old_native_bytes: 189905125 new_native_bytes: 12460672 add_bytes_allowed: 35752239 is_gc_concurrent: 1 target_footprint_: 28230446 GetBytesAllocated: 20521256 HeapGrowthMultiplier: 3
12-18 14:57:17.743  3166  3645 I com.miui.home: CheckGCForNative gc_urgency 0.584222 current_native_bytes is 202365797
12-18 14:57:17.974  3166  3471 I com.miui.home: CheckGCForNative adj_start_bytes: 45795109 NativeAllocationGcWatermark: 11917413 java_gc_start_bytes: 27918990 kNewNativeDiscountFactor: 2 kOldNativeDiscountFactor: 65536 old_native_bytes: 189905125 new_native_bytes: 12631924 add_bytes_allowed: 35752239 is_gc_concurrent: 1 target_footprint_: 28230446 GetBytesAllocated: 20734248 HeapGrowthMultiplier: 3
12-18 14:57:17.974  3166  3471 I com.miui.home: CheckGCForNative gc_urgency 0.590742 current_native_bytes is 202537049
12-18 14:57:18.261 13421 13421 I wm_on_application_create_called: [0,com.youku.phone,337]
12-18 14:57:18.425 13421 13421 I wm_on_create_called: [0,265018458,com.youku.phone.ActivityWelcome,performCreate,108]
12-18 14:57:18.704  3166  3645 I com.miui.home: CheckGCForNative adj_start_bytes: 45795109 NativeAllocationGcWatermark: 11917413 java_gc_start_bytes: 27918990 kNewNativeDiscountFactor: 2 kOldNativeDiscountFactor: 65536 old_native_bytes: 189905125 new_native_bytes: 12477652 add_bytes_allowed: 35752239 is_gc_concurrent: 1 target_footprint_: 28230446 GetBytesAllocated: 21046472 HeapGrowthMultiplier: 3
12-18 14:57:18.704  3166  3645 I com.miui.home: CheckGCForNative gc_urgency 0.595876 current_native_bytes is 202382777
12-18 14:57:18.762  3166  3645 I com.miui.home: CheckGCForNative adj_start_bytes: 45795109 NativeAllocationGcWatermark: 11917413 java_gc_start_bytes: 27918990 kNewNativeDiscountFactor: 2 kOldNativeDiscountFactor: 65536 old_native_bytes: 189905125 new_native_bytes: 12852392 add_bytes_allowed: 35752239 is_gc_concurrent: 1 target_footprint_: 28230446 GetBytesAllocated: 21538664 HeapGrowthMultiplier: 3
12-18 14:57:18.762  3166  3645 I com.miui.home: CheckGCForNative gc_urgency 0.610715 current_native_bytes is 202757517
12-18 14:57:18.903 13421 13421 I wm_on_create_called: [0,96177104,com.youku.v2.HomePageEntry,performCreate,310]
12-18 14:57:19.051 13421 13421 I wm_on_start_called: [0,96177104,com.youku.v2.HomePageEntry,handleStartActivity,136]
12-18 14:57:19.133 13421 13421 I wm_on_resume_called: [0,96177104,com.youku.v2.HomePageEntry,RESUME_ACTIVITY,81]
12-18 14:57:19.152 13421 13421 I wm_on_top_resumed_gained_called: [96177104,com.youku.v2.HomePageEntry,topStateChangedWhenResumed]
12-18 14:57:19.349  3166  3210 I com.miui.home: CheckGCForNative adj_start_bytes: 45795109 NativeAllocationGcWatermark: 11917413 java_gc_start_bytes: 27918990 kNewNativeDiscountFactor: 2 kOldNativeDiscountFactor: 65536 old_native_bytes: 189905125 new_native_bytes: 23914416 add_bytes_allowed: 35752239 is_gc_concurrent: 1 target_footprint_: 28230446 GetBytesAllocated: 22801080 HeapGrowthMultiplier: 3
12-18 14:57:19.350  3166  3210 I com.miui.home: CheckGCForNative gc_urgency 0.759059 current_native_bytes is 213819541
12-18 14:57:19.350  3166  3210 I com.miui.home: CheckGCForNative adj_start_bytes: 45795109 NativeAllocationGcWatermark: 11917413 java_gc_start_bytes: 27918990 kNewNativeDiscountFactor: 2 kOldNativeDiscountFactor: 65536 old_native_bytes: 189905125 new_native_bytes: 34620336 add_bytes_allowed: 35752239 is_gc_concurrent: 1 target_footprint_: 28230446 GetBytesAllocated: 22801272 HeapGrowthMultiplier: 3
12-18 14:57:19.350  3166  3210 I com.miui.home: CheckGCForNative gc_urgency 0.875952 current_native_bytes is 224525461
12-18 14:57:19.353  3166  3471 I com.miui.home: CheckGCForNative adj_start_bytes: 45795109 NativeAllocationGcWatermark: 11917413 java_gc_start_bytes: 27918990 kNewNativeDiscountFactor: 2 kOldNativeDiscountFactor: 65536 old_native_bytes: 189905125 new_native_bytes: 23914608 add_bytes_allowed: 35752239 is_gc_concurrent: 1 target_footprint_: 28230446 GetBytesAllocated: 22817656 HeapGrowthMultiplier: 3
12-18 14:57:19.353  3166  3471 I com.miui.home: CheckGCForNative gc_urgency 0.759423 current_native_bytes is 213819733
12-18 14:57:19.410  3166  8897 I com.miui.home: CheckGCForNative adj_start_bytes: 45795109 NativeAllocationGcWatermark: 11917413 java_gc_start_bytes: 27918990 kNewNativeDiscountFactor: 2 kOldNativeDiscountFactor: 65536 old_native_bytes: 189905125 new_native_bytes: 34701584 add_bytes_allowed: 35752239 is_gc_concurrent: 1 target_footprint_: 28230446 GetBytesAllocated: 22883192 HeapGrowthMultiplier: 3
12-18 14:57:19.410  3166  8897 I com.miui.home: CheckGCForNative gc_urgency 0.878628 current_native_bytes is 224606709
12-18 14:57:19.688  3166  3471 I com.miui.home: CheckGCForNative adj_start_bytes: 45795109 NativeAllocationGcWatermark: 11917413 java_gc_start_bytes: 27918990 kNewNativeDiscountFactor: 2 kOldNativeDiscountFactor: 65536 old_native_bytes: 189905125 new_native_bytes: 24007248 add_bytes_allowed: 35752239 is_gc_concurrent: 1 target_footprint_: 28230446 GetBytesAllocated: 23079992 HeapGrowthMultiplier: 3
12-18 14:57:19.688  3166  3471 I com.miui.home: CheckGCForNative gc_urgency 0.766163 current_native_bytes is 213912373
12-18 14:57:19.867  3166  3166 I wm_on_resume_called: [0,183980360,com.miui.home.launcher.Launcher,RESUME_ACTIVITY,7]
12-18 14:57:19.870  3166  3166 I wm_on_idle_called: com.miui.home.launcher.Launcher
12-18 14:57:19.883  3166 10867 I com.miui.home: CheckGCForNative adj_start_bytes: 45795109 NativeAllocationGcWatermark: 11917413 java_gc_start_bytes: 27918990 kNewNativeDiscountFactor: 2 kOldNativeDiscountFactor: 65536 old_native_bytes: 189905125 new_native_bytes: 24126928 add_bytes_allowed: 35752239 is_gc_concurrent: 1 target_footprint_: 28230446 GetBytesAllocated: 23375656 HeapGrowthMultiplier: 3
12-18 14:57:19.884  3166 10867 I com.miui.home: CheckGCForNative gc_urgency 0.773926 current_native_bytes is 214032053
12-18 14:57:20.115  3166  3166 I wm_on_paused_called: [0,183980360,com.miui.home.launcher.Launcher,performPause,2]
12-18 14:57:20.129  3166 10867 I com.miui.home: CheckGCForNative adj_start_bytes: 45795109 NativeAllocationGcWatermark: 11917413 java_gc_start_bytes: 27918990 kNewNativeDiscountFactor: 2 kOldNativeDiscountFactor: 65536 old_native_bytes: 189905125 new_native_bytes: 24171212 add_bytes_allowed: 35752239 is_gc_concurrent: 1 target_footprint_: 28230446 GetBytesAllocated: 24482024 HeapGrowthMultiplier: 3
12-18 14:57:20.129  3166 10867 I com.miui.home: CheckGCForNative gc_urgency 0.798568 current_native_bytes is 214076337
12-18 14:57:20.398  3166  3645 I com.miui.home: CheckGCForNative adj_start_bytes: 45795109 NativeAllocationGcWatermark: 11917413 java_gc_start_bytes: 27918990 kNewNativeDiscountFactor: 2 kOldNativeDiscountFactor: 65536 old_native_bytes: 189905125 new_native_bytes: 24383348 add_bytes_allowed: 35752239 is_gc_concurrent: 1 target_footprint_: 28230446 GetBytesAllocated: 25130072 HeapGrowthMultiplier: 3
12-18 14:57:20.398  3166  3645 I com.miui.home: CheckGCForNative gc_urgency 0.815036 current_native_bytes is 214288473
12-18 14:57:20.485  3166  3645 I com.miui.home: CheckGCForNative adj_start_bytes: 45795109 NativeAllocationGcWatermark: 11917413 java_gc_start_bytes: 27918990 kNewNativeDiscountFactor: 2 kOldNativeDiscountFactor: 65536 old_native_bytes: 189905125 new_native_bytes: 35346376 add_bytes_allowed: 35752239 is_gc_concurrent: 1 target_footprint_: 28230446 GetBytesAllocated: 25408600 HeapGrowthMultiplier: 3
12-18 14:57:20.485  3166  3645 I com.miui.home: CheckGCForNative gc_urgency 0.940814 current_native_bytes is 225251501
12-18 14:57:20.488  3166  3471 I com.miui.home: CheckGCForNative adj_start_bytes: 45795109 NativeAllocationGcWatermark: 11917413 java_gc_start_bytes: 27918990 kNewNativeDiscountFactor: 2 kOldNativeDiscountFactor: 65536 old_native_bytes: 189905125 new_native_bytes: 24640776 add_bytes_allowed: 35752239 is_gc_concurrent: 1 target_footprint_: 28230446 GetBytesAllocated: 25425176 HeapGrowthMultiplier: 3
12-18 14:57:20.488  3166  3471 I com.miui.home: CheckGCForNative gc_urgency 0.82429 current_native_bytes is 214545901
12-18 14:57:20.499  3166  3471 I com.miui.home: CheckGCForNative adj_start_bytes: 45795109 NativeAllocationGcWatermark: 11917413 java_gc_start_bytes: 27918990 kNewNativeDiscountFactor: 2 kOldNativeDiscountFactor: 65536 old_native_bytes: 189905125 new_native_bytes: 24641992 add_bytes_allowed: 35752239 is_gc_concurrent: 1 target_footprint_: 28230446 GetBytesAllocated: 25474488 HeapGrowthMultiplier: 3
12-18 14:57:20.499  3166  3471 I com.miui.home: CheckGCForNative gc_urgency 0.82538 current_native_bytes is 214547117
12-18 14:57:20.719  3166  3645 I com.miui.home: CheckGCForNative adj_start_bytes: 45795109 NativeAllocationGcWatermark: 11917413 java_gc_start_bytes: 27918990 kNewNativeDiscountFactor: 2 kOldNativeDiscountFactor: 65536 old_native_bytes: 189905125 new_native_bytes: 24814808 add_bytes_allowed: 35752239 is_gc_concurrent: 1 target_footprint_: 28230446 GetBytesAllocated: 25835480 HeapGrowthMultiplier: 3
12-18 14:57:20.719  3166  3645 I com.miui.home: CheckGCForNative gc_urgency 0.83515 current_native_bytes is 214719933
12-18 14:57:21.124 13887 13887 I wm_on_create_called: [0,263580162,com.ucpro.MainActivity,performCreate,86]
12-18 14:57:21.307  3166  3645 I com.miui.home: CheckGCForNative adj_start_bytes: 45795109 NativeAllocationGcWatermark: 11917413 java_gc_start_bytes: 27918990 kNewNativeDiscountFactor: 2 kOldNativeDiscountFactor: 65536 old_native_bytes: 189905125 new_native_bytes: 25012396 add_bytes_allowed: 35752239 is_gc_concurrent: 1 target_footprint_: 28230446 GetBytesAllocated: 26360696 HeapGrowthMultiplier: 3
12-18 14:57:21.307  3166  3645 I com.miui.home: CheckGCForNative gc_urgency 0.848776 current_native_bytes is 214917521
12-18 14:57:21.388  3166  3645 I com.miui.home: CheckGCForNative adj_start_bytes: 45795109 NativeAllocationGcWatermark: 11917413 java_gc_start_bytes: 27918990 kNewNativeDiscountFactor: 2 kOldNativeDiscountFactor: 65536 old_native_bytes: 189905125 new_native_bytes: 25260048 add_bytes_allowed: 35752239 is_gc_concurrent: 1 target_footprint_: 28230446 GetBytesAllocated: 26869368 HeapGrowthMultiplier: 3
12-18 14:57:21.388  3166  3645 I com.miui.home: CheckGCForNative gc_urgency 0.862588 current_native_bytes is 215165173
12-18 14:57:21.827 13887 13887 I wm_on_create_called: [0,5937086,com.ucpro.BrowserActivity,performCreate,662]
12-18 14:57:21.839 13887 13887 I wm_on_start_called: [0,5937086,com.ucpro.BrowserActivity,handleStartActivity,12]
12-18 14:57:21.847 13887 13887 I wm_on_resume_called: [0,5937086,com.ucpro.BrowserActivity,RESUME_ACTIVITY,6]
12-18 14:57:21.869 13887 13887 I wm_on_top_resumed_gained_called: [5937086,com.ucpro.BrowserActivity,topStateChangedWhenResumed]
12-18 14:57:22.187  3166  3166 I wm_on_stop_called: [0,183980360,com.miui.home.launcher.Launcher,STOP_ACTIVITY_ITEM,5]
12-18 14:57:22.268  3166  3166 I wm_on_restart_called: [0,183980360,com.miui.home.launcher.Launcher,performRestartActivity,0]
12-18 14:57:22.269  3166  3166 I wm_on_start_called: [0,183980360,com.miui.home.launcher.Launcher,handleStartActivity,1]
12-18 14:57:22.374  3166  3210 I com.miui.home: CheckGCForNative adj_start_bytes: 45795109 NativeAllocationGcWatermark: 11917413 java_gc_start_bytes: 27918990 kNewNativeDiscountFactor: 2 kOldNativeDiscountFactor: 65536 old_native_bytes: 189905125 new_native_bytes: 36393816 add_bytes_allowed: 35752239 is_gc_concurrent: 1 target_footprint_: 28230446 GetBytesAllocated: 28024952 HeapGrowthMultiplier: 3
12-18 14:57:22.374  3166  3210 I com.miui.home: CheckGCForNative gc_urgency 1.00938 current_native_bytes is 226298941
12-18 14:57:22.374  3166  3210 I com.miui.home: CheckGCForNative requested 1
12-18 14:57:22.394  3166  3210 I com.miui.home: CheckGCForNative adj_start_bytes: 45795109 NativeAllocationGcWatermark: 11917413 java_gc_start_bytes: 27918990 kNewNativeDiscountFactor: 2 kOldNativeDiscountFactor: 65536 old_native_bytes: 189905125 new_native_bytes: 47099928 add_bytes_allowed: 35752239 is_gc_concurrent: 1 target_footprint_: 28230446 GetBytesAllocated: 28025144 HeapGrowthMultiplier: 3
12-18 14:57:22.394  3166  3210 I com.miui.home: CheckGCForNative gc_urgency 1.12628 current_native_bytes is 237005053
12-18 14:57:22.394  3166  3210 I com.miui.home: CheckGCForNative requested 1
12-18 14:57:22.399  3166  7584 I com.miui.home: CheckGCForNative adj_start_bytes: 45795109 NativeAllocationGcWatermark: 11917413 java_gc_start_bytes: 27918990 kNewNativeDiscountFactor: 2 kOldNativeDiscountFactor: 65536 old_native_bytes: 189905125 new_native_bytes: 36397112 add_bytes_allowed: 35752239 is_gc_concurrent: 1 target_footprint_: 28230446 GetBytesAllocated: 28074296 HeapGrowthMultiplier: 3
12-18 14:57:22.399  3166  7584 I com.miui.home: CheckGCForNative gc_urgency 1.0105 current_native_bytes is 226302237
12-18 14:57:22.399  3166  7584 I com.miui.home: CheckGCForNative requested 1
12-18 14:57:22.458  3166  8897 I com.miui.home: CheckGCForNative adj_start_bytes: 45795109 NativeAllocationGcWatermark: 11917413 java_gc_start_bytes: 27918990 kNewNativeDiscountFactor: 2 kOldNativeDiscountFactor: 65536 old_native_bytes: 189905125 new_native_bytes: 47195528 add_bytes_allowed: 35752239 is_gc_concurrent: 1 target_footprint_: 28230446 GetBytesAllocated: 28156216 HeapGrowthMultiplier: 3
12-18 14:57:22.458  3166  8897 I com.miui.home: CheckGCForNative gc_urgency 1.13018 current_native_bytes is 237100653
12-18 14:57:22.458  3166  8897 I com.miui.home: CheckGCForNative requested 1
12-18 14:57:22.546 13887 13887 I wm_on_destroy_called: [0,263580162,com.ucpro.MainActivity,performDestroy,14]
12-18 14:57:22.587  3166  3471 I com.miui.home: CheckGCForNative adj_start_bytes: 45795109 NativeAllocationGcWatermark: 11917413 java_gc_start_bytes: 27918990 kNewNativeDiscountFactor: 2 kOldNativeDiscountFactor: 65536 old_native_bytes: 189905125 new_native_bytes: 36486012 add_bytes_allowed: 35752239 is_gc_concurrent: 1 target_footprint_: 28230446 GetBytesAllocated: 28254744 HeapGrowthMultiplier: 3
12-18 14:57:22.587  3166  3471 I com.miui.home: CheckGCForNative gc_urgency 1.01541 current_native_bytes is 226391137
12-18 14:57:22.587  3166  3471 I com.miui.home: CheckGCForNative requested 1
12-18 14:57:22.731  3166  3471 I com.miui.home: CheckGCForNative gc_urgency 0 current_native_bytes is 145130317
12-18 14:57:22.901  3166  3166 I wm_on_resume_called: [0,183980360,com.miui.home.launcher.Launcher,RESUME_ACTIVITY,4]
12-18 14:57:22.903  3166  3166 I wm_on_idle_called: com.miui.home.launcher.Launcher
12-18 14:57:23.143  3166  3645 I com.miui.home: CheckGCForNative adj_start_bytes: 45915084 NativeAllocationGcWatermark: 11933535 java_gc_start_bytes: 28014782 kNewNativeDiscountFactor: 2 kOldNativeDiscountFactor: 65536 old_native_bytes: 145130317 new_native_bytes: 457792 add_bytes_allowed: 35800605 is_gc_concurrent: 1 target_footprint_: 28359422 GetBytesAllocated: 15786976 HeapGrowthMultiplier: 3
12-18 14:57:23.143  3166  3645 I com.miui.home: CheckGCForNative gc_urgency 0.348863 current_native_bytes is 145588109
12-18 14:57:23.165  3166  3645 I com.miui.home: CheckGCForNative adj_start_bytes: 45915084 NativeAllocationGcWatermark: 11933535 java_gc_start_bytes: 28014782 kNewNativeDiscountFactor: 2 kOldNativeDiscountFactor: 65536 old_native_bytes: 145130317 new_native_bytes: 11768820 add_bytes_allowed: 35800605 is_gc_concurrent: 1 target_footprint_: 28359422 GetBytesAllocated: 15967264 HeapGrowthMultiplier: 3
12-18 14:57:23.165  3166  3645 I com.miui.home: CheckGCForNative gc_urgency 0.475963 current_native_bytes is 156899137
12-18 14:57:23.216  3166  3645 I com.miui.home: CheckGCForNative adj_start_bytes: 45915084 NativeAllocationGcWatermark: 11933535 java_gc_start_bytes: 28014782 kNewNativeDiscountFactor: 2 kOldNativeDiscountFactor: 65536 old_native_bytes: 145130317 new_native_bytes: 1184500 add_bytes_allowed: 35800605 is_gc_concurrent: 1 target_footprint_: 28359422 GetBytesAllocated: 16295840 HeapGrowthMultiplier: 3
12-18 14:57:23.216  3166  3645 I com.miui.home: CheckGCForNative gc_urgency 0.36786 current_native_bytes is 146314817
12-18 14:57:23.269  3166  3645 I com.miui.home: CheckGCForNative adj_start_bytes: 45915084 NativeAllocationGcWatermark: 11933535 java_gc_start_bytes: 28014782 kNewNativeDiscountFactor: 2 kOldNativeDiscountFactor: 65536 old_native_bytes: 145130317 new_native_bytes: 1476008 add_bytes_allowed: 35800605 is_gc_concurrent: 1 target_footprint_: 28359422 GetBytesAllocated: 16771680 HeapGrowthMultiplier: 3
12-18 14:57:23.269  3166  3645 I com.miui.home: CheckGCForNative gc_urgency 0.381397 current_native_bytes is 146606325
12-18 14:57:23.375  3166  3166 I wm_on_top_resumed_gained_called: [183980360,com.miui.home.launcher.Launcher,topStateChangedWhenResumed]
12-18 14:57:24.497 13887 13887 I wm_on_top_resumed_lost_called: [5937086,com.ucpro.BrowserActivity,topStateChangedWhenResumed]
12-18 14:57:24.754 13887 13887 I wm_on_paused_called: [0,5937086,com.ucpro.BrowserActivity,performPause,256]
12-18 14:57:24.823 13887 13887 I wm_on_stop_called: [0,5937086,com.ucpro.BrowserActivity,STOP_ACTIVITY_ITEM,33]