12-15 15:14:25.301  3140  3669 I com.miui.home: CheckGCForNative adj_start_bytes: 44589059 NativeAllocationGcWatermark: 11782713 java_gc_start_bytes: 26914990 kNewNativeDiscountFactor: 2 kOldNativeDiscountFactor: 65536 old_native_bytes: 131422513 new_native_bytes: 3383340 add_bytes_allowed: 35348139 is_gc_concurrent: 1 target_footprint_: 27152846 GetBytesAllocated: 19897736 HeapGrowthMultiplier: 3
12-15 15:14:25.301  3140  3669 I com.miui.home: CheckGCForNative gc_urgency 0.484231 current_native_bytes is 134805853
12-15 15:14:25.441  3140  3373 I com.miui.home: CheckGCForNative adj_start_bytes: 44589059 NativeAllocationGcWatermark: 11782713 java_gc_start_bytes: 26914990 kNewNativeDiscountFactor: 2 kOldNativeDiscountFactor: 65536 old_native_bytes: 131422513 new_native_bytes: 3621632 add_bytes_allowed: 35348139 is_gc_concurrent: 1 target_footprint_: 27152846 GetBytesAllocated: 20143496 HeapGrowthMultiplier: 3
12-15 15:14:25.441  3140  3373 I com.miui.home: CheckGCForNative gc_urgency 0.492415 current_native_bytes is 135044145
12-15 15:14:25.707 11396 11396 I wm_on_application_create_called: [0,com.kmxs.reader,451]
12-15 15:14:26.097 11396 11396 I wm_on_create_called: [0,37400331,com.km.app.home.view.LoadingActivity,performCreate,308]
12-15 15:14:26.105 11396 11396 I wm_on_start_called: [0,37400331,com.km.app.home.view.LoadingActivity,handleStartActivity,5]
12-15 15:14:26.125 11396 11396 I wm_on_resume_called: [0,37400331,com.km.app.home.view.LoadingActivity,RESUME_ACTIVITY,14]
12-15 15:14:26.192 11396 11396 I wm_on_top_resumed_gained_called: [37400331,com.km.app.home.view.LoadingActivity,topStateChangedWhenResumed]
12-15 15:14:26.677  3140  3140 I wm_on_stop_called: [0,63754831,com.miui.home.launcher.Launcher,STOP_ACTIVITY_ITEM,15]
12-15 15:14:27.282 11396 11396 I wm_on_top_resumed_lost_called: [37400331,com.km.app.home.view.LoadingActivity,topStateChangedWhenResumed]
12-15 15:14:27.287 11396 11396 I wm_on_paused_called: [0,37400331,com.km.app.home.view.LoadingActivity,performPause,2]
12-15 15:14:27.397  3140  3140 I wm_on_restart_called: [0,63754831,com.miui.home.launcher.Launcher,performRestartActivity,0]
12-15 15:14:27.398  3140  3140 I wm_on_start_called: [0,63754831,com.miui.home.launcher.Launcher,handleStartActivity,1]
12-15 15:14:27.457  3140  3184 I com.miui.home: CheckGCForNative adj_start_bytes: 44345977 NativeAllocationGcWatermark: 11745885 java_gc_start_bytes: 26727150 kNewNativeDiscountFactor: 2 kOldNativeDiscountFactor: 65536 old_native_bytes: 134805921 new_native_bytes: 3244184 add_bytes_allowed: 35237655 is_gc_concurrent: 1 target_footprint_: 26858222 GetBytesAllocated: 14248792 HeapGrowthMultiplier: 3
12-15 15:14:27.457  3140  3184 I com.miui.home: CheckGCForNative gc_urgency 0.357934 current_native_bytes is 138050105
12-15 15:14:27.458  3140  3184 I com.miui.home: CheckGCForNative adj_start_bytes: 44345977 NativeAllocationGcWatermark: 11745885 java_gc_start_bytes: 26727150 kNewNativeDiscountFactor: 2 kOldNativeDiscountFactor: 65536 old_native_bytes: 134805921 new_native_bytes: 13950936 add_bytes_allowed: 35237655 is_gc_concurrent: 1 target_footprint_: 26858222 GetBytesAllocated: 14298136 HeapGrowthMultiplier: 3
12-15 15:14:27.458  3140  3184 I com.miui.home: CheckGCForNative gc_urgency 0.479765 current_native_bytes is 148756857
12-15 15:14:27.465  3140 11395 I com.miui.home: CheckGCForNative adj_start_bytes: 44345977 NativeAllocationGcWatermark: 11745885 java_gc_start_bytes: 26727150 kNewNativeDiscountFactor: 2 kOldNativeDiscountFactor: 65536 old_native_bytes: 134805921 new_native_bytes: 13956088 add_bytes_allowed: 35237655 is_gc_concurrent: 1 target_footprint_: 26858222 GetBytesAllocated: 14347288 HeapGrowthMultiplier: 3
12-15 15:14:27.465  3140 11395 I com.miui.home: CheckGCForNative gc_urgency 0.480932 current_native_bytes is 148762009
12-15 15:14:27.562  3140  3669 I com.miui.home: CheckGCForNative adj_start_bytes: 44345977 NativeAllocationGcWatermark: 11745885 java_gc_start_bytes: 26727150 kNewNativeDiscountFactor: 2 kOldNativeDiscountFactor: 65536 old_native_bytes: 134805921 new_native_bytes: 3410208 add_bytes_allowed: 35237655 is_gc_concurrent: 1 target_footprint_: 26858222 GetBytesAllocated: 14577560 HeapGrowthMultiplier: 3
12-15 15:14:27.562  3140  3669 I com.miui.home: CheckGCForNative gc_urgency 0.36722 current_native_bytes is 138216129
12-15 15:14:27.564  3140  3373 I com.miui.home: CheckGCForNative adj_start_bytes: 44345977 NativeAllocationGcWatermark: 11745885 java_gc_start_bytes: 26727150 kNewNativeDiscountFactor: 2 kOldNativeDiscountFactor: 65536 old_native_bytes: 134805921 new_native_bytes: 3411296 add_bytes_allowed: 35237655 is_gc_concurrent: 1 target_footprint_: 26858222 GetBytesAllocated: 14577560 HeapGrowthMultiplier: 3
12-15 15:14:27.564  3140  3373 I com.miui.home: CheckGCForNative gc_urgency 0.367232 current_native_bytes is 138217217
12-15 15:14:27.627  3140  3669 I com.miui.home: CheckGCForNative adj_start_bytes: 44345977 NativeAllocationGcWatermark: 11745885 java_gc_start_bytes: 26727150 kNewNativeDiscountFactor: 2 kOldNativeDiscountFactor: 65536 old_native_bytes: 134805921 new_native_bytes: 4472384 add_bytes_allowed: 35237655 is_gc_concurrent: 1 target_footprint_: 26858222 GetBytesAllocated: 14708808 HeapGrowthMultiplier: 3
12-15 15:14:27.627  3140  3669 I com.miui.home: CheckGCForNative gc_urgency 0.382155 current_native_bytes is 139278305
12-15 15:14:27.642  3140  3669 I com.miui.home: CheckGCForNative adj_start_bytes: 44345977 NativeAllocationGcWatermark: 11745885 java_gc_start_bytes: 26727150 kNewNativeDiscountFactor: 2 kOldNativeDiscountFactor: 65536 old_native_bytes: 134805921 new_native_bytes: 4872128 add_bytes_allowed: 35237655 is_gc_concurrent: 1 target_footprint_: 26858222 GetBytesAllocated: 14725192 HeapGrowthMultiplier: 3
12-15 15:14:27.643  3140  3669 I com.miui.home: CheckGCForNative gc_urgency 0.387032 current_native_bytes is 139678049
12-15 15:14:27.655  3140  3669 I com.miui.home: CheckGCForNative adj_start_bytes: 44345977 NativeAllocationGcWatermark: 11745885 java_gc_start_bytes: 26727150 kNewNativeDiscountFactor: 2 kOldNativeDiscountFactor: 65536 old_native_bytes: 134805921 new_native_bytes: 5539968 add_bytes_allowed: 35237655 is_gc_concurrent: 1 target_footprint_: 26858222 GetBytesAllocated: 14790904 HeapGrowthMultiplier: 3
12-15 15:14:27.656  3140  3669 I com.miui.home: CheckGCForNative gc_urgency 0.396044 current_native_bytes is 140345889
12-15 15:14:27.661  3140  3669 I com.miui.home: CheckGCForNative adj_start_bytes: 44345977 NativeAllocationGcWatermark: 11745885 java_gc_start_bytes: 26727150 kNewNativeDiscountFactor: 2 kOldNativeDiscountFactor: 65536 old_native_bytes: 134805921 new_native_bytes: 6001024 add_bytes_allowed: 35237655 is_gc_concurrent: 1 target_footprint_: 26858222 GetBytesAllocated: 14790904 HeapGrowthMultiplier: 3
12-15 15:14:27.661  3140  3669 I com.miui.home: CheckGCForNative gc_urgency 0.401242 current_native_bytes is 140806945
12-15 15:14:27.691  3140  3669 I com.miui.home: CheckGCForNative adj_start_bytes: 44345977 NativeAllocationGcWatermark: 11745885 java_gc_start_bytes: 26727150 kNewNativeDiscountFactor: 2 kOldNativeDiscountFactor: 65536 old_native_bytes: 134805921 new_native_bytes: 6447136 add_bytes_allowed: 35237655 is_gc_concurrent: 1 target_footprint_: 26858222 GetBytesAllocated: 14873000 HeapGrowthMultiplier: 3
12-15 15:14:27.691  3140  3669 I com.miui.home: CheckGCForNative gc_urgency 0.408123 current_native_bytes is 141253057
12-15 15:14:27.703  3140  3669 I com.miui.home: CheckGCForNative adj_start_bytes: 44345977 NativeAllocationGcWatermark: 11745885 java_gc_start_bytes: 26727150 kNewNativeDiscountFactor: 2 kOldNativeDiscountFactor: 65536 old_native_bytes: 134805921 new_native_bytes: 7123168 add_bytes_allowed: 35237655 is_gc_concurrent: 1 target_footprint_: 26858222 GetBytesAllocated: 14873000 HeapGrowthMultiplier: 3
12-15 15:14:27.703  3140  3669 I com.miui.home: CheckGCForNative gc_urgency 0.415745 current_native_bytes is 141929089
12-15 15:14:27.719  3140  3669 I com.miui.home: CheckGCForNative adj_start_bytes: 44345977 NativeAllocationGcWatermark: 11745885 java_gc_start_bytes: 26727150 kNewNativeDiscountFactor: 2 kOldNativeDiscountFactor: 65536 old_native_bytes: 134805921 new_native_bytes: 7596936 add_bytes_allowed: 35237655 is_gc_concurrent: 1 target_footprint_: 26858222 GetBytesAllocated: 14905944 HeapGrowthMultiplier: 3
12-15 15:14:27.719  3140  3669 I com.miui.home: CheckGCForNative gc_urgency 0.42183 current_native_bytes is 142402857
12-15 15:14:27.724  3140  3669 I com.miui.home: CheckGCForNative adj_start_bytes: 44345977 NativeAllocationGcWatermark: 11745885 java_gc_start_bytes: 26727150 kNewNativeDiscountFactor: 2 kOldNativeDiscountFactor: 65536 old_native_bytes: 134805921 new_native_bytes: 7994056 add_bytes_allowed: 35237655 is_gc_concurrent: 1 target_footprint_: 26858222 GetBytesAllocated: 14922328 HeapGrowthMultiplier: 3
12-15 15:14:27.724  3140  3669 I com.miui.home: CheckGCForNative gc_urgency 0.426677 current_native_bytes is 142799977
12-15 15:14:27.724  3140  3669 I com.miui.home: CheckGCForNative adj_start_bytes: 44345977 NativeAllocationGcWatermark: 11745885 java_gc_start_bytes: 26727150 kNewNativeDiscountFactor: 2 kOldNativeDiscountFactor: 65536 old_native_bytes: 134805921 new_native_bytes: 7998536 add_bytes_allowed: 35237655 is_gc_concurrent: 1 target_footprint_: 26858222 GetBytesAllocated: 14922328 HeapGrowthMultiplier: 3
12-15 15:14:27.724  3140  3669 I com.miui.home: CheckGCForNative gc_urgency 0.426728 current_native_bytes is 142804457
12-15 15:14:27.734  3140  3669 I com.miui.home: CheckGCForNative adj_start_bytes: 44345977 NativeAllocationGcWatermark: 11745885 java_gc_start_bytes: 26727150 kNewNativeDiscountFactor: 2 kOldNativeDiscountFactor: 65536 old_native_bytes: 134805921 new_native_bytes: 8540384 add_bytes_allowed: 35237655 is_gc_concurrent: 1 target_footprint_: 26858222 GetBytesAllocated: 14955288 HeapGrowthMultiplier: 3
12-15 15:14:27.735  3140  3669 I com.miui.home: CheckGCForNative gc_urgency 0.43358 current_native_bytes is 143346305
12-15 15:14:27.779 11396 11396 I wm_on_create_called: [0,265683265,com.kmxs.reader.home.ui.HomeActivity,performCreate,442]
12-15 15:14:27.789  3140  3669 I com.miui.home: CheckGCForNative adj_start_bytes: 44345977 NativeAllocationGcWatermark: 11745885 java_gc_start_bytes: 26727150 kNewNativeDiscountFactor: 2 kOldNativeDiscountFactor: 65536 old_native_bytes: 134805921 new_native_bytes: 9500308 add_bytes_allowed: 35237655 is_gc_concurrent: 1 target_footprint_: 26858222 GetBytesAllocated: 15381864 HeapGrowthMultiplier: 3
12-15 15:14:27.789  3140  3669 I com.miui.home: CheckGCForNative gc_urgency 0.454023 current_native_bytes is 144306229
12-15 15:14:27.791 11396 11396 I wm_on_start_called: [0,265683265,com.kmxs.reader.home.ui.HomeActivity,handleStartActivity,4]
12-15 15:14:27.850  3140  3669 I com.miui.home: CheckGCForNative adj_start_bytes: 44345977 NativeAllocationGcWatermark: 11745885 java_gc_start_bytes: 26727150 kNewNativeDiscountFactor: 2 kOldNativeDiscountFactor: 65536 old_native_bytes: 134805921 new_native_bytes: 20555848 add_bytes_allowed: 35237655 is_gc_concurrent: 1 target_footprint_: 26858222 GetBytesAllocated: 15676776 HeapGrowthMultiplier: 3
12-15 15:14:27.850  3140  3669 I com.miui.home: CheckGCForNative gc_urgency 0.585324 current_native_bytes is 155361769
12-15 15:14:27.853  3140  3373 I com.miui.home: CheckGCForNative adj_start_bytes: 44345977 NativeAllocationGcWatermark: 11745885 java_gc_start_bytes: 26727150 kNewNativeDiscountFactor: 2 kOldNativeDiscountFactor: 65536 old_native_bytes: 134805921 new_native_bytes: 9849928 add_bytes_allowed: 35237655 is_gc_concurrent: 1 target_footprint_: 26858222 GetBytesAllocated: 15693352 HeapGrowthMultiplier: 3
12-15 15:14:27.853  3140  3373 I com.miui.home: CheckGCForNative gc_urgency 0.464989 current_native_bytes is 144655849
12-15 15:14:27.854 11396 11396 I wm_on_resume_called: [0,265683265,com.kmxs.reader.home.ui.HomeActivity,RESUME_ACTIVITY,55]
12-15 15:14:27.961  3140  3140 I wm_on_resume_called: [0,63754831,com.miui.home.launcher.Launcher,RESUME_ACTIVITY,14]
12-15 15:14:28.005 11396 11396 I wm_on_top_resumed_gained_called: [265683265,com.kmxs.reader.home.ui.HomeActivity,topStateChangedWhenResumed]
12-15 15:14:28.078  3140  3140 I wm_on_idle_called: com.miui.home.launcher.Launcher
12-15 15:14:28.097 11396 11396 I wm_on_top_resumed_lost_called: [265683265,com.kmxs.reader.home.ui.HomeActivity,topStateChangedWhenResumed]
12-15 15:14:28.105  3140  3140 I wm_on_top_resumed_gained_called: [63754831,com.miui.home.launcher.Launcher,topStateChangedWhenResumed]
12-15 15:14:28.107 11396 11396 I wm_on_paused_called: [0,265683265,com.kmxs.reader.home.ui.HomeActivity,performPause,6]
12-15 15:14:28.186  3140  3669 I com.miui.home: CheckGCForNative adj_start_bytes: 44345977 NativeAllocationGcWatermark: 11745885 java_gc_start_bytes: 26727150 kNewNativeDiscountFactor: 2 kOldNativeDiscountFactor: 65536 old_native_bytes: 134805921 new_native_bytes: 10026044 add_bytes_allowed: 35237655 is_gc_concurrent: 1 target_footprint_: 26858222 GetBytesAllocated: 17153064 HeapGrowthMultiplier: 3
12-15 15:14:28.187  3140  3669 I com.miui.home: CheckGCForNative gc_urgency 0.499891 current_native_bytes is 144831965
12-15 15:14:28.201  3140  3669 I com.miui.home: CheckGCForNative adj_start_bytes: 44345977 NativeAllocationGcWatermark: 11745885 java_gc_start_bytes: 26727150 kNewNativeDiscountFactor: 2 kOldNativeDiscountFactor: 65536 old_native_bytes: 134805921 new_native_bytes: 20804924 add_bytes_allowed: 35237655 is_gc_concurrent: 1 target_footprint_: 26858222 GetBytesAllocated: 17251368 HeapGrowthMultiplier: 3
12-15 15:14:28.201  3140  3669 I com.miui.home: CheckGCForNative gc_urgency 0.623639 current_native_bytes is 155610845
12-15 15:14:28.258  3140  3669 I com.miui.home: CheckGCForNative adj_start_bytes: 44345977 NativeAllocationGcWatermark: 11745885 java_gc_start_bytes: 26727150 kNewNativeDiscountFactor: 2 kOldNativeDiscountFactor: 65536 old_native_bytes: 134805921 new_native_bytes: 10181488 add_bytes_allowed: 35237655 is_gc_concurrent: 1 target_footprint_: 26858222 GetBytesAllocated: 17628888 HeapGrowthMultiplier: 3
12-15 15:14:28.258  3140  3669 I com.miui.home: CheckGCForNative gc_urgency 0.512373 current_native_bytes is 144987409
12-15 15:14:28.366 11396 11396 I wm_on_stop_called: [0,265683265,com.kmxs.reader.home.ui.HomeActivity,STOP_ACTIVITY_ITEM,15]
12-15 15:14:28.439 11396 11396 I wm_on_stop_called: [0,37400331,com.km.app.home.view.LoadingActivity,LIFECYCLER_STOP_ACTIVITY,56]
12-15 15:14:28.448 11396 11396 I wm_on_destroy_called: [0,37400331,com.km.app.home.view.LoadingActivity,performDestroy,2]
12-15 15:14:28.563 11396 11396 I wm_on_idle_called: com.kmxs.reader.home.ui.HomeActivity
12-15 15:14:28.784  3140  3140 I wm_on_top_resumed_lost_called: [63754831,com.miui.home.launcher.Launcher,topStateChangedWhenResumed]
12-15 15:14:28.824  3140  3140 I wm_on_paused_called: [0,63754831,com.miui.home.launcher.Launcher,performPause,2]
12-15 15:14:28.963  3140  3669 I com.miui.home: CheckGCForNative adj_start_bytes: 44345977 NativeAllocationGcWatermark: 11745885 java_gc_start_bytes: 26727150 kNewNativeDiscountFactor: 2 kOldNativeDiscountFactor: 65536 old_native_bytes: 134805921 new_native_bytes: 10724852 add_bytes_allowed: 35237655 is_gc_concurrent: 1 target_footprint_: 26858222 GetBytesAllocated: 18604408 HeapGrowthMultiplier: 3
12-15 15:14:28.963  3140  3669 I com.miui.home: CheckGCForNative gc_urgency 0.540498 current_native_bytes is 145530773
12-15 15:14:29.001  3140  3669 I com.miui.home: CheckGCForNative adj_start_bytes: 44345977 NativeAllocationGcWatermark: 11745885 java_gc_start_bytes: 26727150 kNewNativeDiscountFactor: 2 kOldNativeDiscountFactor: 65536 old_native_bytes: 134805921 new_native_bytes: 10678280 add_bytes_allowed: 35237655 is_gc_concurrent: 1 target_footprint_: 26858222 GetBytesAllocated: 18669944 HeapGrowthMultiplier: 3
12-15 15:14:29.003  3140  3669 I com.miui.home: CheckGCForNative gc_urgency 0.54145 current_native_bytes is 145484201
12-15 15:14:29.180  3140  3669 I com.miui.home: CheckGCForNative adj_start_bytes: 44345977 NativeAllocationGcWatermark: 11745885 java_gc_start_bytes: 26727150 kNewNativeDiscountFactor: 2 kOldNativeDiscountFactor: 65536 old_native_bytes: 134805921 new_native_bytes: 10880904 add_bytes_allowed: 35237655 is_gc_concurrent: 1 target_footprint_: 26858222 GetBytesAllocated: 19063704 HeapGrowthMultiplier: 3
12-15 15:14:29.180  3140  3669 I com.miui.home: CheckGCForNative gc_urgency 0.552614 current_native_bytes is 145686825
12-15 15:14:29.464 12017 12017 I wm_on_create_called: [0,65837452,com.android.packageinstaller.permission.ui.GrantPermissionsActivity,performCreate,321]
12-15 15:14:29.465 12017 12017 I wm_on_start_called: [0,65837452,com.android.packageinstaller.permission.ui.GrantPermissionsActivity,handleStartActivity,1]
12-15 15:14:29.468 12017 12017 I wm_on_resume_called: [0,65837452,com.android.packageinstaller.permission.ui.GrantPermissionsActivity,RESUME_ACTIVITY,3]
12-15 15:14:29.476 12017 12017 I wm_on_top_resumed_gained_called: [65837452,com.android.packageinstaller.permission.ui.GrantPermissionsActivity,topStateChangedWhenResumed]
12-15 15:14:29.676 11999 11999 I wm_on_application_create_called: [0,com.UCMobile,274]
12-15 15:14:29.722 12017 12017 I wm_on_idle_called: com.android.packageinstaller.permission.ui.GrantPermissionsActivity
12-15 15:14:29.930  3140  3373 I com.miui.home: CheckGCForNative adj_start_bytes: 44345977 NativeAllocationGcWatermark: 11745885 java_gc_start_bytes: 26727150 kNewNativeDiscountFactor: 2 kOldNativeDiscountFactor: 65536 old_native_bytes: 134805921 new_native_bytes: 11151012 add_bytes_allowed: 35237655 is_gc_concurrent: 1 target_footprint_: 26858222 GetBytesAllocated: 19457016 HeapGrowthMultiplier: 3
12-15 15:14:29.930  3140  3373 I com.miui.home: CheckGCForNative gc_urgency 0.564529 current_native_bytes is 145956933
12-15 15:14:30.031 12017 12017 I wm_on_top_resumed_lost_called: [65837452,com.android.packageinstaller.permission.ui.GrantPermissionsActivity,topStateChangedWhenResumed]
12-15 15:14:30.052 12017 12017 I wm_on_paused_called: [0,65837452,com.android.packageinstaller.permission.ui.GrantPermissionsActivity,performPause,0]
12-15 15:14:30.063 11999 11999 I wm_on_create_called: [0,108715463,com.UCMobile.main.UCMobile,performCreate,355]
12-15 15:14:30.141 12017 12017 I wm_on_create_called: [0,230022883,com.android.packageinstaller.permission.ui.GrantPermissionsActivity,performCreate,49]
12-15 15:14:30.185 12017 12017 I wm_on_resume_called: [0,65837452,com.android.packageinstaller.permission.ui.GrantPermissionsActivity,RESUME_ACTIVITY,0]
12-15 15:14:30.185 12017 12017 I wm_on_top_resumed_gained_called: [65837452,com.android.packageinstaller.permission.ui.GrantPermissionsActivity,topWhenResuming]
12-15 15:14:30.188 12017 12017 I wm_on_idle_called: com.android.packageinstaller.permission.ui.GrantPermissionsActivity
12-15 15:14:30.352 12017 12017 I wm_on_destroy_called: [0,230022883,com.android.packageinstaller.permission.ui.GrantPermissionsActivity,performDestroy,1]
12-15 15:14:30.362  3140  3140 I wm_on_stop_called: [0,63754831,com.miui.home.launcher.Launcher,STOP_ACTIVITY_ITEM,4]
12-15 15:14:30.464 11999 11999 I wm_on_create_called: [0,155397483,com.uc.browser.InnerUCMobile,performCreate,121]
12-15 15:14:30.481 11999 11999 I wm_on_start_called: [0,155397483,com.uc.browser.InnerUCMobile,handleStartActivity,16]
12-15 15:14:30.489 11999 11999 I wm_on_resume_called: [0,155397483,com.uc.browser.InnerUCMobile,LIFECYCLER_RESUME_ACTIVITY,7]
12-15 15:14:30.836 11999 11999 I wm_on_paused_called: [0,155397483,com.uc.browser.InnerUCMobile,performPause,5]
12-15 15:14:30.841 11999 11999 I wm_on_destroy_called: [0,108715463,com.UCMobile.main.UCMobile,performDestroy,0]
12-15 15:14:30.843  3140  3669 I com.miui.home: CheckGCForNative adj_start_bytes: 44345977 NativeAllocationGcWatermark: 11745885 java_gc_start_bytes: 26727150 kNewNativeDiscountFactor: 2 kOldNativeDiscountFactor: 65536 old_native_bytes: 134805921 new_native_bytes: 10894444 add_bytes_allowed: 35237655 is_gc_concurrent: 1 target_footprint_: 26858222 GetBytesAllocated: 20072376 HeapGrowthMultiplier: 3
12-15 15:14:30.843  3140  3669 I com.miui.home: CheckGCForNative gc_urgency 0.575512 current_native_bytes is 145700365
12-15 15:14:31.030  3140  3669 I com.miui.home: CheckGCForNative adj_start_bytes: 44345977 NativeAllocationGcWatermark: 11745885 java_gc_start_bytes: 26727150 kNewNativeDiscountFactor: 2 kOldNativeDiscountFactor: 65536 old_native_bytes: 134805921 new_native_bytes: 11315360 add_bytes_allowed: 35237655 is_gc_concurrent: 1 target_footprint_: 26858222 GetBytesAllocated: 20531688 HeapGrowthMultiplier: 3
12-15 15:14:31.030  3140  3669 I com.miui.home: CheckGCForNative gc_urgency 0.590616 current_native_bytes is 146121281
12-15 15:14:31.283 11085 11085 I wm_on_application_create_called: [0,com.android.providers.downloads.ui,543]
12-15 15:14:31.365  8114  8114 I wm_on_destroy_called: [0,240104044,fm.qingting.qtradio.WelcomeActivity,performDestroy,5]
12-15 15:14:31.866  3140  3140 I wm_on_restart_called: [0,63754831,com.miui.home.launcher.Launcher,performRestartActivity,0]
12-15 15:14:31.867  3140  3140 I wm_on_start_called: [0,63754831,com.miui.home.launcher.Launcher,handleStartActivity,1]
12-15 15:14:32.069  3140  3819 I com.miui.home: CheckGCForNative adj_start_bytes: 44345977 NativeAllocationGcWatermark: 11745885 java_gc_start_bytes: 26727150 kNewNativeDiscountFactor: 2 kOldNativeDiscountFactor: 65536 old_native_bytes: 134805921 new_native_bytes: 22470064 add_bytes_allowed: 35237655 is_gc_concurrent: 1 target_footprint_: 26858222 GetBytesAllocated: 21451368 HeapGrowthMultiplier: 3
12-15 15:14:32.069  3140  3819 I com.miui.home: CheckGCForNative gc_urgency 0.737123 current_native_bytes is 157275985
12-15 15:14:32.078  3140  3819 I com.miui.home: CheckGCForNative adj_start_bytes: 44345977 NativeAllocationGcWatermark: 11745885 java_gc_start_bytes: 26727150 kNewNativeDiscountFactor: 2 kOldNativeDiscountFactor: 65536 old_native_bytes: 134805921 new_native_bytes: 33176688 add_bytes_allowed: 35237655 is_gc_concurrent: 1 target_footprint_: 26858222 GetBytesAllocated: 21451560 HeapGrowthMultiplier: 3
12-15 15:14:32.078  3140  3819 I com.miui.home: CheckGCForNative gc_urgency 0.857845 current_native_bytes is 167982609
12-15 15:14:32.082  3140  3373 I com.miui.home: CheckGCForNative adj_start_bytes: 44345977 NativeAllocationGcWatermark: 11745885 java_gc_start_bytes: 26727150 kNewNativeDiscountFactor: 2 kOldNativeDiscountFactor: 65536 old_native_bytes: 134805921 new_native_bytes: 22470832 add_bytes_allowed: 35237655 is_gc_concurrent: 1 target_footprint_: 26858222 GetBytesAllocated: 21467944 HeapGrowthMultiplier: 3
12-15 15:14:32.082  3140  3373 I com.miui.home: CheckGCForNative gc_urgency 0.737506 current_native_bytes is 157276753
12-15 15:14:32.084  3140  7631 I com.miui.home: CheckGCForNative adj_start_bytes: 44345977 NativeAllocationGcWatermark: 11745885 java_gc_start_bytes: 26727150 kNewNativeDiscountFactor: 2 kOldNativeDiscountFactor: 65536 old_native_bytes: 134805921 new_native_bytes: 22471408 add_bytes_allowed: 35237655 is_gc_concurrent: 1 target_footprint_: 26858222 GetBytesAllocated: 21484328 HeapGrowthMultiplier: 3
12-15 15:14:32.084  3140  7631 I com.miui.home: CheckGCForNative gc_urgency 0.737882 current_native_bytes is 157277329
12-15 15:14:32.095  3140 11395 I com.miui.home: CheckGCForNative adj_start_bytes: 44345977 NativeAllocationGcWatermark: 11745885 java_gc_start_bytes: 26727150 kNewNativeDiscountFactor: 2 kOldNativeDiscountFactor: 65536 old_native_bytes: 134805921 new_native_bytes: 33398256 add_bytes_allowed: 35237655 is_gc_concurrent: 1 target_footprint_: 26858222 GetBytesAllocated: 21517096 HeapGrowthMultiplier: 3
12-15 15:14:32.095  3140 11395 I com.miui.home: CheckGCForNative gc_urgency 0.861821 current_native_bytes is 168204177
12-15 15:14:32.508  3140  3373 I com.miui.home: CheckGCForNative gc_urgency 0 current_native_bytes is 142861037
12-15 15:14:32.973  3140  3140 I wm_on_top_resumed_lost_called: [63754831,com.miui.home.launcher.Launcher,topStateChangedWhenResumed]
12-15 15:14:32.991  3140  3140 I wm_on_paused_called: [0,63754831,com.miui.home.launcher.Launcher,performPause,2]
12-15 15:14:33.386  3140  3373 I com.miui.home: CheckGCForNative adj_start_bytes: 48633735 NativeAllocationGcWatermark: 12238619 java_gc_start_bytes: 30275807 kNewNativeDiscountFactor: 2 kOldNativeDiscountFactor: 65536 old_native_bytes: 142861037 new_native_bytes: 731868 add_bytes_allowed: 36715857 is_gc_concurrent: 1 target_footprint_: 30800095 GetBytesAllocated: 17655232 HeapGrowthMultiplier: 3
12-15 15:14:33.386  3140  3373 I com.miui.home: CheckGCForNative gc_urgency 0.370593 current_native_bytes is 143592905
12-15 15:14:33.408  3140  3373 I com.miui.home: CheckGCForNative adj_start_bytes: 48633735 NativeAllocationGcWatermark: 12238619 java_gc_start_bytes: 30275807 kNewNativeDiscountFactor: 2 kOldNativeDiscountFactor: 65536 old_native_bytes: 142861037 new_native_bytes: 734684 add_bytes_allowed: 36715857 is_gc_concurrent: 1 target_footprint_: 30800095 GetBytesAllocated: 17671616 HeapGrowthMultiplier: 3
12-15 15:14:33.408  3140  3373 I com.miui.home: CheckGCForNative gc_urgency 0.370959 current_native_bytes is 143595721
12-15 15:14:33.543  3140  3669 I com.miui.home: CheckGCForNative adj_start_bytes: 48633735 NativeAllocationGcWatermark: 12238619 java_gc_start_bytes: 30275807 kNewNativeDiscountFactor: 2 kOldNativeDiscountFactor: 65536 old_native_bytes: 142861037 new_native_bytes: 11450876 add_bytes_allowed: 36715857 is_gc_concurrent: 1 target_footprint_: 30800095 GetBytesAllocated: 17737152 HeapGrowthMultiplier: 3
12-15 15:14:33.543  3140  3669 I com.miui.home: CheckGCForNative gc_urgency 0.482479 current_native_bytes is 154311913
12-15 15:14:33.544  3140  3669 I com.miui.home: CheckGCForNative adj_start_bytes: 48633735 NativeAllocationGcWatermark: 12238619 java_gc_start_bytes: 30275807 kNewNativeDiscountFactor: 2 kOldNativeDiscountFactor: 65536 old_native_bytes: 142861037 new_native_bytes: 22156796 add_bytes_allowed: 36715857 is_gc_concurrent: 1 target_footprint_: 30800095 GetBytesAllocated: 17737360 HeapGrowthMultiplier: 3
12-15 15:14:33.544  3140  3669 I com.miui.home: CheckGCForNative gc_urgency 0.59255 current_native_bytes is 165017833
12-15 15:14:33.672  3140  3669 I com.miui.home: CheckGCForNative adj_start_bytes: 48633735 NativeAllocationGcWatermark: 12238619 java_gc_start_bytes: 30275807 kNewNativeDiscountFactor: 2 kOldNativeDiscountFactor: 65536 old_native_bytes: 142861037 new_native_bytes: 22166460 add_bytes_allowed: 36715857 is_gc_concurrent: 1 target_footprint_: 30800095 GetBytesAllocated: 17802896 HeapGrowthMultiplier: 3
12-15 15:14:33.672  3140  3669 I com.miui.home: CheckGCForNative gc_urgency 0.593997 current_native_bytes is 165027497
12-15 15:14:33.673  3140  3669 I com.miui.home: CheckGCForNative adj_start_bytes: 48633735 NativeAllocationGcWatermark: 12238619 java_gc_start_bytes: 30275807 kNewNativeDiscountFactor: 2 kOldNativeDiscountFactor: 65536 old_native_bytes: 142861037 new_native_bytes: 32872380 add_bytes_allowed: 36715857 is_gc_concurrent: 1 target_footprint_: 30800095 GetBytesAllocated: 17803088 HeapGrowthMultiplier: 3
12-15 15:14:33.673  3140  3669 I com.miui.home: CheckGCForNative gc_urgency 0.704068 current_native_bytes is 175733417
12-15 15:14:35.188 12714 12714 I wm_on_application_create_called: [0,com.tencent.mtt,266]
12-15 15:14:35.396  3140  3185 I com.miui.home: CheckGCForNative adj_start_bytes: 48633735 NativeAllocationGcWatermark: 12238619 java_gc_start_bytes: 30275807 kNewNativeDiscountFactor: 2 kOldNativeDiscountFactor: 65536 old_native_bytes: 142861037 new_native_bytes: 33010852 add_bytes_allowed: 36715857 is_gc_concurrent: 1 target_footprint_: 30800095 GetBytesAllocated: 19000192 HeapGrowthMultiplier: 3
12-15 15:14:35.396  3140  3185 I com.miui.home: CheckGCForNative gc_urgency 0.730106 current_native_bytes is 175871889
12-15 15:14:35.396  3140  3185 I com.miui.home: CheckGCForNative adj_start_bytes: 48633735 NativeAllocationGcWatermark: 12238619 java_gc_start_bytes: 30275807 kNewNativeDiscountFactor: 2 kOldNativeDiscountFactor: 65536 old_native_bytes: 142861037 new_native_bytes: 43716772 add_bytes_allowed: 36715857 is_gc_concurrent: 1 target_footprint_: 30800095 GetBytesAllocated: 19016768 HeapGrowthMultiplier: 3
12-15 15:14:35.396  3140  3185 I com.miui.home: CheckGCForNative gc_urgency 0.840514 current_native_bytes is 186577809
12-15 15:14:35.409  3140  7631 I com.miui.home: CheckGCForNative adj_start_bytes: 48633735 NativeAllocationGcWatermark: 12238619 java_gc_start_bytes: 30275807 kNewNativeDiscountFactor: 2 kOldNativeDiscountFactor: 65536 old_native_bytes: 142861037 new_native_bytes: 33011556 add_bytes_allowed: 36715857 is_gc_concurrent: 1 target_footprint_: 30800095 GetBytesAllocated: 19065920 HeapGrowthMultiplier: 3
12-15 15:14:35.409  3140  7631 I com.miui.home: CheckGCForNative gc_urgency 0.731465 current_native_bytes is 175872593
12-15 15:14:35.458  3140  3644 I com.miui.home: CheckGCForNative adj_start_bytes: 48633735 NativeAllocationGcWatermark: 12238619 java_gc_start_bytes: 30275807 kNewNativeDiscountFactor: 2 kOldNativeDiscountFactor: 65536 old_native_bytes: 142861037 new_native_bytes: 43867140 add_bytes_allowed: 36715857 is_gc_concurrent: 1 target_footprint_: 30800095 GetBytesAllocated: 19098688 HeapGrowthMultiplier: 3
12-15 15:14:35.458  3140  3644 I com.miui.home: CheckGCForNative gc_urgency 0.844081 current_native_bytes is 186728177
12-15 15:14:35.644  3140  3373 I com.miui.home: CheckGCForNative adj_start_bytes: 48633735 NativeAllocationGcWatermark: 12238619 java_gc_start_bytes: 30275807 kNewNativeDiscountFactor: 2 kOldNativeDiscountFactor: 65536 old_native_bytes: 142861037 new_native_bytes: 33052516 add_bytes_allowed: 36715857 is_gc_concurrent: 1 target_footprint_: 30800095 GetBytesAllocated: 19262720 HeapGrowthMultiplier: 3
12-15 15:14:35.644  3140  3373 I com.miui.home: CheckGCForNative gc_urgency 0.73627 current_native_bytes is 175913553
12-15 15:14:35.744  3140  3373 I com.miui.home: CheckGCForNative adj_start_bytes: 48633735 NativeAllocationGcWatermark: 12238619 java_gc_start_bytes: 30275807 kNewNativeDiscountFactor: 2 kOldNativeDiscountFactor: 65536 old_native_bytes: 142861037 new_native_bytes: 33059780 add_bytes_allowed: 36715857 is_gc_concurrent: 1 target_footprint_: 30800095 GetBytesAllocated: 19328256 HeapGrowthMultiplier: 3
12-15 15:14:35.744  3140  3373 I com.miui.home: CheckGCForNative gc_urgency 0.737355 current_native_bytes is 175920817
12-15 15:14:35.886  3140  3140 I wm_on_resume_called: [0,63754831,com.miui.home.launcher.Launcher,RESUME_ACTIVITY,7]
12-15 15:14:35.892  3140  3140 I wm_on_idle_called: com.miui.home.launcher.Launcher
12-15 15:14:36.269  3140  3669 I com.miui.home: CheckGCForNative adj_start_bytes: 48633735 NativeAllocationGcWatermark: 12238619 java_gc_start_bytes: 30275807 kNewNativeDiscountFactor: 2 kOldNativeDiscountFactor: 65536 old_native_bytes: 142861037 new_native_bytes: 33642936 add_bytes_allowed: 36715857 is_gc_concurrent: 1 target_footprint_: 30800095 GetBytesAllocated: 20812352 HeapGrowthMultiplier: 3
12-15 15:14:36.269  3140  3669 I com.miui.home: CheckGCForNative gc_urgency 0.773866 current_native_bytes is 176503973
12-15 15:14:36.493  3140  3140 I wm_on_paused_called: [0,63754831,com.miui.home.launcher.Launcher,performPause,1]
12-15 15:14:36.499  3140  3669 I com.miui.home: CheckGCForNative adj_start_bytes: 48633735 NativeAllocationGcWatermark: 12238619 java_gc_start_bytes: 30275807 kNewNativeDiscountFactor: 2 kOldNativeDiscountFactor: 65536 old_native_bytes: 142861037 new_native_bytes: 44676268 add_bytes_allowed: 36715857 is_gc_concurrent: 1 target_footprint_: 30800095 GetBytesAllocated: 20976192 HeapGrowthMultiplier: 3
12-15 15:14:36.499  3140  3669 I com.miui.home: CheckGCForNative gc_urgency 0.890668 current_native_bytes is 187537305
12-15 15:14:36.782  3140  3669 I com.miui.home: CheckGCForNative adj_start_bytes: 48633735 NativeAllocationGcWatermark: 12238619 java_gc_start_bytes: 30275807 kNewNativeDiscountFactor: 2 kOldNativeDiscountFactor: 65536 old_native_bytes: 142861037 new_native_bytes: 34081940 add_bytes_allowed: 36715857 is_gc_concurrent: 1 target_footprint_: 30800095 GetBytesAllocated: 21509584 HeapGrowthMultiplier: 3
12-15 15:14:36.782  3140  3669 I com.miui.home: CheckGCForNative gc_urgency 0.792716 current_native_bytes is 176942977
12-15 15:14:37.111  3140  3373 I com.miui.home: CheckGCForNative adj_start_bytes: 48633735 NativeAllocationGcWatermark: 12238619 java_gc_start_bytes: 30275807 kNewNativeDiscountFactor: 2 kOldNativeDiscountFactor: 65536 old_native_bytes: 142861037 new_native_bytes: 34283632 add_bytes_allowed: 36715857 is_gc_concurrent: 1 target_footprint_: 30800095 GetBytesAllocated: 21952448 HeapGrowthMultiplier: 3
12-15 15:14:37.111  3140  3373 I com.miui.home: CheckGCForNative gc_urgency 0.803896 current_native_bytes is 177144669
12-15 15:14:37.344  3140  3373 I com.miui.home: CheckGCForNative adj_start_bytes: 48633735 NativeAllocationGcWatermark: 12238619 java_gc_start_bytes: 30275807 kNewNativeDiscountFactor: 2 kOldNativeDiscountFactor: 65536 old_native_bytes: 142861037 new_native_bytes: 34401936 add_bytes_allowed: 36715857 is_gc_concurrent: 1 target_footprint_: 30800095 GetBytesAllocated: 22247520 HeapGrowthMultiplier: 3
12-15 15:14:37.344  3140  3373 I com.miui.home: CheckGCForNative gc_urgency 0.811179 current_native_bytes is 177262973
12-15 15:14:37.378  3140  3373 I com.miui.home: CheckGCForNative adj_start_bytes: 48633735 NativeAllocationGcWatermark: 12238619 java_gc_start_bytes: 30275807 kNewNativeDiscountFactor: 2 kOldNativeDiscountFactor: 65536 old_native_bytes: 142861037 new_native_bytes: 34550224 add_bytes_allowed: 36715857 is_gc_concurrent: 1 target_footprint_: 30800095 GetBytesAllocated: 22313056 HeapGrowthMultiplier: 3
12-15 15:14:37.378  3140  3373 I com.miui.home: CheckGCForNative gc_urgency 0.814051 current_native_bytes is 177411261
12-15 15:14:37.538  3140  3669 I com.miui.home: CheckGCForNative adj_start_bytes: 48633735 NativeAllocationGcWatermark: 12238619 java_gc_start_bytes: 30275807 kNewNativeDiscountFactor: 2 kOldNativeDiscountFactor: 65536 old_native_bytes: 142861037 new_native_bytes: 34636748 add_bytes_allowed: 36715857 is_gc_concurrent: 1 target_footprint_: 30800095 GetBytesAllocated: 22493280 HeapGrowthMultiplier: 3
12-15 15:14:37.538  3140  3669 I com.miui.home: CheckGCForNative gc_urgency 0.818646 current_native_bytes is 177497785
12-15 15:14:37.844 13161 13161 I wm_on_application_create_called: [0,com.youku.phone,250]
12-15 15:14:38.098 13161 13161 I wm_on_create_called: [0,237258688,com.youku.phone.ActivityWelcome,performCreate,217]
12-15 15:14:38.253 13161 13161 I wm_on_create_called: [0,233477246,com.youku.v2.HomePageEntry,performCreate,92]
12-15 15:14:38.346  3140  3669 I com.miui.home: CheckGCForNative adj_start_bytes: 48633735 NativeAllocationGcWatermark: 12238619 java_gc_start_bytes: 30275807 kNewNativeDiscountFactor: 2 kOldNativeDiscountFactor: 65536 old_native_bytes: 142861037 new_native_bytes: 34813336 add_bytes_allowed: 36715857 is_gc_concurrent: 1 target_footprint_: 30800095 GetBytesAllocated: 23624896 HeapGrowthMultiplier: 3
12-15 15:14:38.346  3140  3669 I com.miui.home: CheckGCForNative gc_urgency 0.84373 current_native_bytes is 177674373
12-15 15:14:38.431  3140  3644 I com.miui.home: CheckGCForNative adj_start_bytes: 48633735 NativeAllocationGcWatermark: 12238619 java_gc_start_bytes: 30275807 kNewNativeDiscountFactor: 2 kOldNativeDiscountFactor: 65536 old_native_bytes: 142861037 new_native_bytes: 45739948 add_bytes_allowed: 36715857 is_gc_concurrent: 1 target_footprint_: 30800095 GetBytesAllocated: 23936800 HeapGrowthMultiplier: 3
12-15 15:14:38.431  3140  3644 I com.miui.home: CheckGCForNative gc_urgency 0.962479 current_native_bytes is 188600985
12-15 15:14:38.432  3140  3644 I com.miui.home: CheckGCForNative adj_start_bytes: 48633735 NativeAllocationGcWatermark: 12238619 java_gc_start_bytes: 30275807 kNewNativeDiscountFactor: 2 kOldNativeDiscountFactor: 65536 old_native_bytes: 142861037 new_native_bytes: 56445868 add_bytes_allowed: 36715857 is_gc_concurrent: 1 target_footprint_: 30800095 GetBytesAllocated: 23953376 HeapGrowthMultiplier: 3
12-15 15:14:38.432  3140  3644 I com.miui.home: CheckGCForNative gc_urgency 1.07289 current_native_bytes is 199306905
12-15 15:14:38.432  3140  3644 I com.miui.home: CheckGCForNative requested 1
12-15 15:14:38.432  3140 12606 I com.miui.home: CheckGCForNative adj_start_bytes: 48633735 NativeAllocationGcWatermark: 12238619 java_gc_start_bytes: 30275807 kNewNativeDiscountFactor: 2 kOldNativeDiscountFactor: 65536 old_native_bytes: 142861037 new_native_bytes: 56444716 add_bytes_allowed: 36715857 is_gc_concurrent: 1 target_footprint_: 30800095 GetBytesAllocated: 23953376 HeapGrowthMultiplier: 3
12-15 15:14:38.432  3140 12606 I com.miui.home: CheckGCForNative gc_urgency 1.07287 current_native_bytes is 199305753
12-15 15:14:38.433  3140 12606 I com.miui.home: CheckGCForNative requested 1
12-15 15:14:38.483  3140  3669 I com.miui.home: CheckGCForNative adj_start_bytes: 48633735 NativeAllocationGcWatermark: 12238619 java_gc_start_bytes: 30275807 kNewNativeDiscountFactor: 2 kOldNativeDiscountFactor: 65536 old_native_bytes: 142861037 new_native_bytes: 45940588 add_bytes_allowed: 36715857 is_gc_concurrent: 1 target_footprint_: 30800095 GetBytesAllocated: 24264992 HeapGrowthMultiplier: 3
12-15 15:14:38.483  3140  3669 I com.miui.home: CheckGCForNative gc_urgency 0.97129 current_native_bytes is 188801625
12-15 15:14:38.600 13161 13161 I wm_on_start_called: [0,233477246,com.youku.v2.HomePageEntry,handleStartActivity,345]
12-15 15:14:38.652  3140  3179 I com.miui.home: NativeAlloc concurrent copying GC freed 196476(9891KB) AllocSpace objects, 22(736KB) LOS objects, 49% free, 13MB/26MB, paused 104us,72us total 219.445ms
12-15 15:14:38.661  3140  3373 I com.miui.home: CheckGCForNative gc_urgency 0 current_native_bytes is 156122377
12-15 15:14:38.672 13161 13161 I wm_on_resume_called: [0,233477246,com.youku.v2.HomePageEntry,RESUME_ACTIVITY,71]
12-15 15:14:38.687 13161 13161 I wm_on_top_resumed_gained_called: [233477246,com.youku.v2.HomePageEntry,topStateChangedWhenResumed]
12-15 15:14:38.761  3140  3373 I com.miui.home: CheckGCForNative gc_urgency 0 current_native_bytes is 142289201
12-15 15:14:38.938  3140  3140 I wm_on_resume_called: [0,63754831,com.miui.home.launcher.Launcher,RESUME_ACTIVITY,9]
12-15 15:14:38.940  3140  3140 I wm_on_idle_called: com.miui.home.launcher.Launcher
12-15 15:14:39.060  3140  8080 I com.miui.home: CheckGCForNative adj_start_bytes: 45087802 NativeAllocationGcWatermark: 11865363 java_gc_start_bytes: 27289758 kNewNativeDiscountFactor: 2 kOldNativeDiscountFactor: 65536 old_native_bytes: 142289201 new_native_bytes: 253904 add_bytes_allowed: 35596089 is_gc_concurrent: 1 target_footprint_: 27814046 GetBytesAllocated: 15333584 HeapGrowthMultiplier: 3
12-15 15:14:39.060  3140  8080 I com.miui.home: CheckGCForNative gc_urgency 0.342947 current_native_bytes is 142543105
12-15 15:14:39.189  3140  3140 I wm_on_paused_called: [0,63754831,com.miui.home.launcher.Launcher,performPause,1]
12-15 15:14:39.468  3140  8080 I com.miui.home: CheckGCForNative adj_start_bytes: 45087802 NativeAllocationGcWatermark: 11865363 java_gc_start_bytes: 27289758 kNewNativeDiscountFactor: 2 kOldNativeDiscountFactor: 65536 old_native_bytes: 142289201 new_native_bytes: 560212 add_bytes_allowed: 35596089 is_gc_concurrent: 1 target_footprint_: 27814046 GetBytesAllocated: 16284928 HeapGrowthMultiplier: 3
12-15 15:14:39.468  3140  8080 I com.miui.home: CheckGCForNative gc_urgency 0.367443 current_native_bytes is 142849413
12-15 15:14:39.472  3140  3373 I com.miui.home: CheckGCForNative adj_start_bytes: 45087802 NativeAllocationGcWatermark: 11865363 java_gc_start_bytes: 27289758 kNewNativeDiscountFactor: 2 kOldNativeDiscountFactor: 65536 old_native_bytes: 142289201 new_native_bytes: 562452 add_bytes_allowed: 35596089 is_gc_concurrent: 1 target_footprint_: 27814046 GetBytesAllocated: 16284928 HeapGrowthMultiplier: 3
12-15 15:14:39.472  3140  3373 I com.miui.home: CheckGCForNative gc_urgency 0.367468 current_native_bytes is 142851653
12-15 15:14:39.503  3140  3669 I com.miui.home: CheckGCForNative adj_start_bytes: 45087802 NativeAllocationGcWatermark: 11865363 java_gc_start_bytes: 27289758 kNewNativeDiscountFactor: 2 kOldNativeDiscountFactor: 65536 old_native_bytes: 142289201 new_native_bytes: 1218916 add_bytes_allowed: 35596089 is_gc_concurrent: 1 target_footprint_: 27814046 GetBytesAllocated: 16334272 HeapGrowthMultiplier: 3
12-15 15:14:39.503  3140  3669 I com.miui.home: CheckGCForNative gc_urgency 0.375842 current_native_bytes is 143508117
12-15 15:14:39.526  3140  3669 I com.miui.home: CheckGCForNative adj_start_bytes: 45087802 NativeAllocationGcWatermark: 11865363 java_gc_start_bytes: 27289758 kNewNativeDiscountFactor: 2 kOldNativeDiscountFactor: 65536 old_native_bytes: 142289201 new_native_bytes: 1837044 add_bytes_allowed: 35596089 is_gc_concurrent: 1 target_footprint_: 27814046 GetBytesAllocated: 16400000 HeapGrowthMultiplier: 3
12-15 15:14:39.527  3140  3669 I com.miui.home: CheckGCForNative gc_urgency 0.384155 current_native_bytes is 144126245
12-15 15:14:39.534  3140  3669 I com.miui.home: CheckGCForNative adj_start_bytes: 45087802 NativeAllocationGcWatermark: 11865363 java_gc_start_bytes: 27289758 kNewNativeDiscountFactor: 2 kOldNativeDiscountFactor: 65536 old_native_bytes: 142289201 new_native_bytes: 2221268 add_bytes_allowed: 35596089 is_gc_concurrent: 1 target_footprint_: 27814046 GetBytesAllocated: 16416384 HeapGrowthMultiplier: 3
12-15 15:14:39.534  3140  3669 I com.miui.home: CheckGCForNative gc_urgency 0.388779 current_native_bytes is 144510469
12-15 15:14:39.646  3140  3669 I com.miui.home: CheckGCForNative adj_start_bytes: 45087802 NativeAllocationGcWatermark: 11865363 java_gc_start_bytes: 27289758 kNewNativeDiscountFactor: 2 kOldNativeDiscountFactor: 65536 old_native_bytes: 142289201 new_native_bytes: 3300052 add_bytes_allowed: 35596089 is_gc_concurrent: 1 target_footprint_: 27814046 GetBytesAllocated: 16547648 HeapGrowthMultiplier: 3
12-15 15:14:39.647  3140  3669 I com.miui.home: CheckGCForNative gc_urgency 0.403653 current_native_bytes is 145589253
12-15 15:14:39.669  3140  3669 I com.miui.home: CheckGCForNative adj_start_bytes: 45087802 NativeAllocationGcWatermark: 11865363 java_gc_start_bytes: 27289758 kNewNativeDiscountFactor: 2 kOldNativeDiscountFactor: 65536 old_native_bytes: 142289201 new_native_bytes: 3726612 add_bytes_allowed: 35596089 is_gc_concurrent: 1 target_footprint_: 27814046 GetBytesAllocated: 16547648 HeapGrowthMultiplier: 3
12-15 15:14:39.669  3140  3669 I com.miui.home: CheckGCForNative gc_urgency 0.408384 current_native_bytes is 146015813
12-15 15:14:39.672  3140  3373 I com.miui.home: CheckGCForNative adj_start_bytes: 45087802 NativeAllocationGcWatermark: 11865363 java_gc_start_bytes: 27289758 kNewNativeDiscountFactor: 2 kOldNativeDiscountFactor: 65536 old_native_bytes: 142289201 new_native_bytes: 3961300 add_bytes_allowed: 35596089 is_gc_concurrent: 1 target_footprint_: 27814046 GetBytesAllocated: 16564032 HeapGrowthMultiplier: 3
12-15 15:14:39.672  3140  3373 I com.miui.home: CheckGCForNative gc_urgency 0.41135 current_native_bytes is 146250501
12-15 15:14:39.677  3140  3669 I com.miui.home: CheckGCForNative adj_start_bytes: 45087802 NativeAllocationGcWatermark: 11865363 java_gc_start_bytes: 27289758 kNewNativeDiscountFactor: 2 kOldNativeDiscountFactor: 65536 old_native_bytes: 142289201 new_native_bytes: 4520020 add_bytes_allowed: 35596089 is_gc_concurrent: 1 target_footprint_: 27814046 GetBytesAllocated: 16596992 HeapGrowthMultiplier: 3
12-15 15:14:39.677  3140  3669 I com.miui.home: CheckGCForNative gc_urgency 0.418277 current_native_bytes is 146809221
12-15 15:14:39.682  3140  3669 I com.miui.home: CheckGCForNative adj_start_bytes: 45087802 NativeAllocationGcWatermark: 11865363 java_gc_start_bytes: 27289758 kNewNativeDiscountFactor: 2 kOldNativeDiscountFactor: 65536 old_native_bytes: 142289201 new_native_bytes: 4980692 add_bytes_allowed: 35596089 is_gc_concurrent: 1 target_footprint_: 27814046 GetBytesAllocated: 16596992 HeapGrowthMultiplier: 3
12-15 15:14:39.683  3140  3669 I com.miui.home: CheckGCForNative gc_urgency 0.423385 current_native_bytes is 147269893
12-15 15:14:39.729  3140  3669 I com.miui.home: CheckGCForNative adj_start_bytes: 45087802 NativeAllocationGcWatermark: 11865363 java_gc_start_bytes: 27289758 kNewNativeDiscountFactor: 2 kOldNativeDiscountFactor: 65536 old_native_bytes: 142289201 new_native_bytes: 16277544 add_bytes_allowed: 35596089 is_gc_concurrent: 1 target_footprint_: 27814046 GetBytesAllocated: 16793680 HeapGrowthMultiplier: 3
12-15 15:14:39.729  3140  3669 I com.miui.home: CheckGCForNative gc_urgency 0.553024 current_native_bytes is 158566745
12-15 15:14:39.772  3140  3373 I com.miui.home: CheckGCForNative adj_start_bytes: 45087802 NativeAllocationGcWatermark: 11865363 java_gc_start_bytes: 27289758 kNewNativeDiscountFactor: 2 kOldNativeDiscountFactor: 65536 old_native_bytes: 142289201 new_native_bytes: 5570536 add_bytes_allowed: 35596089 is_gc_concurrent: 1 target_footprint_: 27814046 GetBytesAllocated: 17023888 HeapGrowthMultiplier: 3
12-15 15:14:39.772  3140  3373 I com.miui.home: CheckGCForNative gc_urgency 0.439394 current_native_bytes is 147859737
12-15 15:14:39.810  3140  3669 I com.miui.home: CheckGCForNative adj_start_bytes: 45087802 NativeAllocationGcWatermark: 11865363 java_gc_start_bytes: 27289758 kNewNativeDiscountFactor: 2 kOldNativeDiscountFactor: 65536 old_native_bytes: 142289201 new_native_bytes: 5708508 add_bytes_allowed: 35596089 is_gc_concurrent: 1 target_footprint_: 27814046 GetBytesAllocated: 17302416 HeapGrowthMultiplier: 3
12-15 15:14:39.810  3140  3669 I com.miui.home: CheckGCForNative gc_urgency 0.447102 current_native_bytes is 147997709
12-15 15:14:40.180 13626 13626 I wm_on_create_called: [0,185755667,com.ucpro.MainActivity,performCreate,92]
12-15 15:14:40.360  3140  3669 I com.miui.home: CheckGCForNative adj_start_bytes: 45087802 NativeAllocationGcWatermark: 11865363 java_gc_start_bytes: 27289758 kNewNativeDiscountFactor: 2 kOldNativeDiscountFactor: 65536 old_native_bytes: 142289201 new_native_bytes: 5675580 add_bytes_allowed: 35596089 is_gc_concurrent: 1 target_footprint_: 27814046 GetBytesAllocated: 17811184 HeapGrowthMultiplier: 3
12-15 15:14:40.360  3140  3669 I com.miui.home: CheckGCForNative gc_urgency 0.458021 current_native_bytes is 147964781
12-15 15:14:40.414  3140  3669 I com.miui.home: CheckGCForNative adj_start_bytes: 45087802 NativeAllocationGcWatermark: 11865363 java_gc_start_bytes: 27289758 kNewNativeDiscountFactor: 2 kOldNativeDiscountFactor: 65536 old_native_bytes: 142289201 new_native_bytes: 5867376 add_bytes_allowed: 35596089 is_gc_concurrent: 1 target_footprint_: 27814046 GetBytesAllocated: 18270576 HeapGrowthMultiplier: 3
12-15 15:14:40.414  3140  3669 I com.miui.home: CheckGCForNative gc_urgency 0.470336 current_native_bytes is 148156577
12-15 15:14:40.563 13626 13626 I wm_on_create_called: [0,46476058,com.ucpro.BrowserActivity,performCreate,318]
12-15 15:14:40.567 13626 13626 I wm_on_start_called: [0,46476058,com.ucpro.BrowserActivity,handleStartActivity,2]
12-15 15:14:40.573 13626 13626 I wm_on_resume_called: [0,46476058,com.ucpro.BrowserActivity,RESUME_ACTIVITY,6]
12-15 15:14:40.591 13626 13626 I wm_on_top_resumed_gained_called: [46476058,com.ucpro.BrowserActivity,topStateChangedWhenResumed]
12-15 15:14:40.935  3140  3140 I wm_on_stop_called: [0,63754831,com.miui.home.launcher.Launcher,STOP_ACTIVITY_ITEM,16]
12-15 15:14:40.938  3140  3140 I wm_on_restart_called: [0,63754831,com.miui.home.launcher.Launcher,performRestartActivity,0]
12-15 15:14:40.940  3140  3140 I wm_on_start_called: [0,63754831,com.miui.home.launcher.Launcher,handleStartActivity,1]
12-15 15:14:41.100  3140  3185 I com.miui.home: CheckGCForNative adj_start_bytes: 45087802 NativeAllocationGcWatermark: 11865363 java_gc_start_bytes: 27289758 kNewNativeDiscountFactor: 2 kOldNativeDiscountFactor: 65536 old_native_bytes: 142289201 new_native_bytes: 16883900 add_bytes_allowed: 35596089 is_gc_concurrent: 1 target_footprint_: 27814046 GetBytesAllocated: 19262320 HeapGrowthMultiplier: 3
12-15 15:14:41.100  3140  3185 I com.miui.home: CheckGCForNative gc_urgency 0.6145 current_native_bytes is 159173101
12-15 15:14:41.101  3140  3185 I com.miui.home: CheckGCForNative adj_start_bytes: 45087802 NativeAllocationGcWatermark: 11865363 java_gc_start_bytes: 27289758 kNewNativeDiscountFactor: 2 kOldNativeDiscountFactor: 65536 old_native_bytes: 142289201 new_native_bytes: 27589820 add_bytes_allowed: 35596089 is_gc_concurrent: 1 target_footprint_: 27814046 GetBytesAllocated: 19278896 HeapGrowthMultiplier: 3
12-15 15:14:41.101  3140  3185 I com.miui.home: CheckGCForNative gc_urgency 0.73359 current_native_bytes is 169879021
12-15 15:14:41.101  3140  3644 I com.miui.home: CheckGCForNative adj_start_bytes: 45087802 NativeAllocationGcWatermark: 11865363 java_gc_start_bytes: 27289758 kNewNativeDiscountFactor: 2 kOldNativeDiscountFactor: 65536 old_native_bytes: 142289201 new_native_bytes: 27590268 add_bytes_allowed: 35596089 is_gc_concurrent: 1 target_footprint_: 27814046 GetBytesAllocated: 19278896 HeapGrowthMultiplier: 3
12-15 15:14:41.102  3140  3644 I com.miui.home: CheckGCForNative gc_urgency 0.733595 current_native_bytes is 169879469
12-15 15:14:41.139  3140  3373 I com.miui.home: CheckGCForNative adj_start_bytes: 45087802 NativeAllocationGcWatermark: 11865363 java_gc_start_bytes: 27289758 kNewNativeDiscountFactor: 2 kOldNativeDiscountFactor: 65536 old_native_bytes: 142289201 new_native_bytes: 16946076 add_bytes_allowed: 35596089 is_gc_concurrent: 1 target_footprint_: 27814046 GetBytesAllocated: 19344624 HeapGrowthMultiplier: 3
