12-18 14:39:04.038  3268  3530 I com.miui.home: CheckGCForNative adj_start_bytes: 44474943 NativeAllocationGcWatermark: 11771553 java_gc_start_bytes: 26817614 kNewNativeDiscountFactor: 2 kOldNativeDiscountFactor: 65536 old_native_bytes: 143595209 new_native_bytes: 30662968 add_bytes_allowed: 35314659 is_gc_concurrent: 1 target_footprint_: 27063566 GetBytesAllocated: 21979272 HeapGrowthMultiplier: 3
12-18 14:39:04.038  3268  3530 I com.miui.home: CheckGCForNative gc_urgency 0.838966 current_native_bytes is 174258177
12-18 14:39:04.038  3268  3530 I com.miui.home: CheckGCForNative adj_start_bytes: 44474943 NativeAllocationGcWatermark: 11771553 java_gc_start_bytes: 26817614 kNewNativeDiscountFactor: 2 kOldNativeDiscountFactor: 65536 old_native_bytes: 143595209 new_native_bytes: 30663480 add_bytes_allowed: 35314659 is_gc_concurrent: 1 target_footprint_: 27063566 GetBytesAllocated: 21979272 HeapGrowthMultiplier: 3
12-18 14:39:04.038  3268  3530 I com.miui.home: CheckGCForNative gc_urgency 0.838971 current_native_bytes is 174258689
12-18 14:39:04.089 11176 11176 I wm_on_top_resumed_lost_called: [30293199,com.tencent.mobileqq.activity.LoginActivity,topStateChangedWhenResumed]
12-18 14:39:04.110  3268  3268 I wm_on_resume_called: [0,65227351,com.miui.home.launcher.Launcher,RESUME_ACTIVITY,6]
12-18 14:39:04.119 11176 11176 I wm_on_paused_called: [0,30293199,com.tencent.mobileqq.activity.LoginActivity,performPause,1]
12-18 14:39:04.151 11176 11176 I wm_on_stop_called: [0,30293199,com.tencent.mobileqq.activity.LoginActivity,STOP_ACTIVITY_ITEM,2]
12-18 14:39:04.168 11176 11176 I wm_on_stop_called: [0,191935735,com.tencent.mobileqq.activity.SplashActivity,LIFECYCLER_STOP_ACTIVITY,15]
12-18 14:39:04.191  3268  3268 I wm_on_top_resumed_gained_called: [65227351,com.miui.home.launcher.Launcher,topStateChangedWhenResumed]
12-18 14:39:04.206  3268  3268 I wm_on_idle_called: com.miui.home.launcher.Launcher
12-18 14:39:04.210 11176 11176 I wm_on_destroy_called: [0,191935735,com.tencent.mobileqq.activity.SplashActivity,performDestroy,41]
12-18 14:39:04.322  3268  3685 I com.miui.home: CheckGCForNative adj_start_bytes: 44474943 NativeAllocationGcWatermark: 11771553 java_gc_start_bytes: 26817614 kNewNativeDiscountFactor: 2 kOldNativeDiscountFactor: 65536 old_native_bytes: 143595209 new_native_bytes: 30907580 add_bytes_allowed: 35314659 is_gc_concurrent: 1 target_footprint_: 27063566 GetBytesAllocated: 23274952 HeapGrowthMultiplier: 3
12-18 14:39:04.322  3268  3685 I com.miui.home: CheckGCForNative gc_urgency 0.870848 current_native_bytes is 174502789
12-18 14:39:04.336  3268  3685 I com.miui.home: CheckGCForNative adj_start_bytes: 44474943 NativeAllocationGcWatermark: 11771553 java_gc_start_bytes: 26817614 kNewNativeDiscountFactor: 2 kOldNativeDiscountFactor: 65536 old_native_bytes: 143595209 new_native_bytes: 41889660 add_bytes_allowed: 35314659 is_gc_concurrent: 1 target_footprint_: 27063566 GetBytesAllocated: 23373256 HeapGrowthMultiplier: 3
12-18 14:39:04.336  3268  3685 I com.miui.home: CheckGCForNative gc_urgency 0.996522 current_native_bytes is 185484869
12-18 14:39:04.380  3268  3685 I com.miui.home: CheckGCForNative adj_start_bytes: 44474943 NativeAllocationGcWatermark: 11771553 java_gc_start_bytes: 26817614 kNewNativeDiscountFactor: 2 kOldNativeDiscountFactor: 65536 old_native_bytes: 143595209 new_native_bytes: 31445744 add_bytes_allowed: 35314659 is_gc_concurrent: 1 target_footprint_: 27063566 GetBytesAllocated: 23734328 HeapGrowthMultiplier: 3
12-18 14:39:04.380  3268  3685 I com.miui.home: CheckGCForNative gc_urgency 0.887227 current_native_bytes is 175040953
12-18 14:39:04.980  3268  3268 I wm_on_top_resumed_lost_called: [65227351,com.miui.home.launcher.Launcher,topStateChangedWhenResumed]
12-18 14:39:04.988  3268  3268 I wm_on_paused_called: [0,65227351,com.miui.home.launcher.Launcher,performPause,1]
12-18 14:39:05.124  3268  3685 I com.miui.home: CheckGCForNative adj_start_bytes: 44474943 NativeAllocationGcWatermark: 11771553 java_gc_start_bytes: 26817614 kNewNativeDiscountFactor: 2 kOldNativeDiscountFactor: 65536 old_native_bytes: 143595209 new_native_bytes: 32169672 add_bytes_allowed: 35314659 is_gc_concurrent: 1 target_footprint_: 27063566 GetBytesAllocated: 24693368 HeapGrowthMultiplier: 3
12-18 14:39:05.124  3268  3685 I com.miui.home: CheckGCForNative gc_urgency 0.91693 current_native_bytes is 175764881
12-18 14:39:05.260  3268  3530 I com.miui.home: CheckGCForNative adj_start_bytes: 44474943 NativeAllocationGcWatermark: 11771553 java_gc_start_bytes: 26817614 kNewNativeDiscountFactor: 2 kOldNativeDiscountFactor: 65536 old_native_bytes: 143595209 new_native_bytes: 32447264 add_bytes_allowed: 35314659 is_gc_concurrent: 1 target_footprint_: 27063566 GetBytesAllocated: 25152616 HeapGrowthMultiplier: 3
12-18 14:39:05.260  3268  3530 I com.miui.home: CheckGCForNative gc_urgency 0.930376 current_native_bytes is 176042473
12-18 14:39:05.302  3268  3685 I com.miui.home: CheckGCForNative adj_start_bytes: 44474943 NativeAllocationGcWatermark: 11771553 java_gc_start_bytes: 26817614 kNewNativeDiscountFactor: 2 kOldNativeDiscountFactor: 65536 old_native_bytes: 143595209 new_native_bytes: 32847876 add_bytes_allowed: 35314659 is_gc_concurrent: 1 target_footprint_: 27063566 GetBytesAllocated: 25496712 HeapGrowthMultiplier: 3
12-18 14:39:05.302  3268  3685 I com.miui.home: CheckGCForNative gc_urgency 0.942617 current_native_bytes is 176443085
12-18 14:39:05.538  3268  3530 I com.miui.home: CheckGCForNative adj_start_bytes: 44474943 NativeAllocationGcWatermark: 11771553 java_gc_start_bytes: 26817614 kNewNativeDiscountFactor: 2 kOldNativeDiscountFactor: 65536 old_native_bytes: 143595209 new_native_bytes: 32824564 add_bytes_allowed: 35314659 is_gc_concurrent: 1 target_footprint_: 27063566 GetBytesAllocated: 25693320 HeapGrowthMultiplier: 3
12-18 14:39:05.538  3268  3530 I com.miui.home: CheckGCForNative gc_urgency 0.946776 current_native_bytes is 176419773
12-18 14:39:05.616  3268  3530 I com.miui.home: CheckGCForNative adj_start_bytes: 44474943 NativeAllocationGcWatermark: 11771553 java_gc_start_bytes: 26817614 kNewNativeDiscountFactor: 2 kOldNativeDiscountFactor: 65536 old_native_bytes: 143595209 new_native_bytes: 32830620 add_bytes_allowed: 35314659 is_gc_concurrent: 1 target_footprint_: 27063566 GetBytesAllocated: 25742472 HeapGrowthMultiplier: 3
12-18 14:39:05.616  3268  3530 I com.miui.home: CheckGCForNative gc_urgency 0.947949 current_native_bytes is 176425829
12-18 14:39:06.593 11516 11516 I wm_on_application_create_called: [0,com.dragon.read,950]
12-18 14:39:06.693 11516 11516 I wm_on_create_called: [0,137327774,com.dragon.read.pages.splash.SplashActivity,performCreate,74]
12-18 14:39:06.728 11516 11516 I wm_on_start_called: [0,137327774,com.dragon.read.pages.splash.SplashActivity,handleStartActivity,30]
12-18 14:39:06.854 11516 11516 I wm_on_resume_called: [0,137327774,com.dragon.read.pages.splash.SplashActivity,RESUME_ACTIVITY,125]
12-18 14:39:06.856 11516 11516 I wm_on_top_resumed_gained_called: [137327774,com.dragon.read.pages.splash.SplashActivity,topStateChangedWhenResumed]
12-18 14:39:06.926 11516 11516 I wm_on_top_resumed_lost_called: [137327774,com.dragon.read.pages.splash.SplashActivity,topStateChangedWhenResumed]
12-18 14:39:06.949 11516 11516 I wm_on_paused_called: [0,137327774,com.dragon.read.pages.splash.SplashActivity,performPause,22]
12-18 14:39:07.171  3268  3685 I com.miui.home: CheckGCForNative adj_start_bytes: 44474943 NativeAllocationGcWatermark: 11771553 java_gc_start_bytes: 26817614 kNewNativeDiscountFactor: 2 kOldNativeDiscountFactor: 65536 old_native_bytes: 143595209 new_native_bytes: 32936628 add_bytes_allowed: 35314659 is_gc_concurrent: 1 target_footprint_: 27063566 GetBytesAllocated: 27046152 HeapGrowthMultiplier: 3
12-18 14:39:07.171  3268  3685 I com.miui.home: CheckGCForNative gc_urgency 0.978453 current_native_bytes is 176531837
12-18 14:39:07.300  3268  3717 I com.miui.home: CheckGCForNative adj_start_bytes: 44343999 NativeAllocationGcWatermark: 11771553 java_gc_start_bytes: 26686670 kNewNativeDiscountFactor: 2 kOldNativeDiscountFactor: 65536 old_native_bytes: 176543781 new_native_bytes: 3481116 add_bytes_allowed: 35314659 is_gc_concurrent: 1 target_footprint_: 27063566 GetBytesAllocated: 14327992 HeapGrowthMultiplier: 3
12-18 14:39:07.301  3268  3717 I com.miui.home: CheckGCForNative gc_urgency 0.362422 current_native_bytes is 180024897
12-18 14:39:07.301  3268  3717 I com.miui.home: CheckGCForNative adj_start_bytes: 44343999 NativeAllocationGcWatermark: 11771553 java_gc_start_bytes: 26686670 kNewNativeDiscountFactor: 2 kOldNativeDiscountFactor: 65536 old_native_bytes: 176543781 new_native_bytes: 14187036 add_bytes_allowed: 35314659 is_gc_concurrent: 1 target_footprint_: 27063566 GetBytesAllocated: 14328184 HeapGrowthMultiplier: 3
12-18 14:39:07.301  3268  3717 I com.miui.home: CheckGCForNative gc_urgency 0.483141 current_native_bytes is 190730817
12-18 14:39:07.307  3268  3685 I com.miui.home: CheckGCForNative adj_start_bytes: 44343999 NativeAllocationGcWatermark: 11771553 java_gc_start_bytes: 26686670 kNewNativeDiscountFactor: 2 kOldNativeDiscountFactor: 65536 old_native_bytes: 176543781 new_native_bytes: 14172348 add_bytes_allowed: 35314659 is_gc_concurrent: 1 target_footprint_: 27063566 GetBytesAllocated: 14377336 HeapGrowthMultiplier: 3
12-18 14:39:07.307  3268  3685 I com.miui.home: CheckGCForNative gc_urgency 0.484084 current_native_bytes is 190716129
12-18 14:39:07.344  3268  3592 I com.miui.home: CheckGCForNative adj_start_bytes: 44343999 NativeAllocationGcWatermark: 11771553 java_gc_start_bytes: 26686670 kNewNativeDiscountFactor: 2 kOldNativeDiscountFactor: 65536 old_native_bytes: 176543781 new_native_bytes: 14246956 add_bytes_allowed: 35314659 is_gc_concurrent: 1 target_footprint_: 27063566 GetBytesAllocated: 14426680 HeapGrowthMultiplier: 3
12-18 14:39:07.345  3268  3592 I com.miui.home: CheckGCForNative gc_urgency 0.486038 current_native_bytes is 190790737
12-18 14:39:07.570  3268  3530 I com.miui.home: CheckGCForNative adj_start_bytes: 44343999 NativeAllocationGcWatermark: 11771553 java_gc_start_bytes: 26686670 kNewNativeDiscountFactor: 2 kOldNativeDiscountFactor: 65536 old_native_bytes: 176543781 new_native_bytes: 3555948 add_bytes_allowed: 35314659 is_gc_concurrent: 1 target_footprint_: 27063566 GetBytesAllocated: 14689512 HeapGrowthMultiplier: 3
12-18 14:39:07.570  3268  3530 I com.miui.home: CheckGCForNative gc_urgency 0.371418 current_native_bytes is 180099729
12-18 14:39:07.733  3268  3685 I com.miui.home: CheckGCForNative adj_start_bytes: 44343999 NativeAllocationGcWatermark: 11771553 java_gc_start_bytes: 26686670 kNewNativeDiscountFactor: 2 kOldNativeDiscountFactor: 65536 old_native_bytes: 176543781 new_native_bytes: 3877328 add_bytes_allowed: 35314659 is_gc_concurrent: 1 target_footprint_: 27063566 GetBytesAllocated: 14918888 HeapGrowthMultiplier: 3
12-18 14:39:07.733  3268  3685 I com.miui.home: CheckGCForNative gc_urgency 0.380215 current_native_bytes is 180421109
12-18 14:39:07.737  3268  3530 I com.miui.home: CheckGCForNative adj_start_bytes: 44343999 NativeAllocationGcWatermark: 11771553 java_gc_start_bytes: 26686670 kNewNativeDiscountFactor: 2 kOldNativeDiscountFactor: 65536 old_native_bytes: 176543781 new_native_bytes: 3902448 add_bytes_allowed: 35314659 is_gc_concurrent: 1 target_footprint_: 27063566 GetBytesAllocated: 14951656 HeapGrowthMultiplier: 3
12-18 14:39:07.737  3268  3530 I com.miui.home: CheckGCForNative gc_urgency 0.381237 current_native_bytes is 180446229
12-18 14:39:07.818  3268  3268 I wm_on_resume_called: [0,65227351,com.miui.home.launcher.Launcher,RESUME_ACTIVITY,5]
12-18 14:39:07.849 11516 11516 I wm_on_create_called: [0,83974214,com.dragon.read.pages.main.MainFragmentActivity,performCreate,842]
12-18 14:39:07.940  3268  3268 I wm_on_idle_called: com.miui.home.launcher.Launcher
12-18 14:39:08.039  3268  3685 I com.miui.home: CheckGCForNative adj_start_bytes: 44343999 NativeAllocationGcWatermark: 11771553 java_gc_start_bytes: 26686670 kNewNativeDiscountFactor: 2 kOldNativeDiscountFactor: 65536 old_native_bytes: 176543781 new_native_bytes: 14639584 add_bytes_allowed: 35314659 is_gc_concurrent: 1 target_footprint_: 27063566 GetBytesAllocated: 16271560 HeapGrowthMultiplier: 3
12-18 14:39:08.039  3268  3685 I com.miui.home: CheckGCForNative gc_urgency 0.532068 current_native_bytes is 191183365
12-18 14:39:08.096  3268  3685 I com.miui.home: CheckGCForNative adj_start_bytes: 44343999 NativeAllocationGcWatermark: 11771553 java_gc_start_bytes: 26686670 kNewNativeDiscountFactor: 2 kOldNativeDiscountFactor: 65536 old_native_bytes: 176543781 new_native_bytes: 3943712 add_bytes_allowed: 35314659 is_gc_concurrent: 1 target_footprint_: 27063566 GetBytesAllocated: 16517976 HeapGrowthMultiplier: 3
12-18 14:39:08.096  3268  3685 I com.miui.home: CheckGCForNative gc_urgency 0.417024 current_native_bytes is 180487493
12-18 14:39:08.133  3268  3685 I com.miui.home: CheckGCForNative adj_start_bytes: 44343999 NativeAllocationGcWatermark: 11771553 java_gc_start_bytes: 26686670 kNewNativeDiscountFactor: 2 kOldNativeDiscountFactor: 65536 old_native_bytes: 176543781 new_native_bytes: 14937588 add_bytes_allowed: 35314659 is_gc_concurrent: 1 target_footprint_: 27063566 GetBytesAllocated: 16763736 HeapGrowthMultiplier: 3
12-18 14:39:08.134  3268  3685 I com.miui.home: CheckGCForNative gc_urgency 0.546528 current_native_bytes is 191481369
12-18 14:39:08.291  3268  3268 I wm_on_top_resumed_gained_called: [65227351,com.miui.home.launcher.Launcher,topStateChangedWhenResumed]
12-18 14:39:08.384 11843 11843 I wm_on_create_called: [0,265342553,com.android.packageinstaller.permission.ui.GrantPermissionsActivity,performCreate,823]
12-18 14:39:08.386 11843 11843 I wm_on_start_called: [0,265342553,com.android.packageinstaller.permission.ui.GrantPermissionsActivity,handleStartActivity,1]
12-18 14:39:08.389 11843 11843 I wm_on_resume_called: [0,265342553,com.android.packageinstaller.permission.ui.GrantPermissionsActivity,RESUME_ACTIVITY,1]
12-18 14:39:08.395 11843 11843 I wm_on_top_resumed_gained_called: [265342553,com.android.packageinstaller.permission.ui.GrantPermissionsActivity,topStateChangedWhenResumed]
12-18 14:39:08.398 11843 11843 I wm_on_top_resumed_lost_called: [265342553,com.android.packageinstaller.permission.ui.GrantPermissionsActivity,topStateChangedWhenResumed]
12-18 14:39:08.399 11843 11843 I wm_on_paused_called: [0,265342553,com.android.packageinstaller.permission.ui.GrantPermissionsActivity,performPause,0]
12-18 14:39:08.405 11843 11843 I wm_on_stop_called: [0,265342553,com.android.packageinstaller.permission.ui.GrantPermissionsActivity,STOP_ACTIVITY_ITEM,4]
12-18 14:39:08.595  3268  3268 I wm_on_top_resumed_lost_called: [65227351,com.miui.home.launcher.Launcher,topStateChangedWhenResumed]
12-18 14:39:08.604  3268  3268 I wm_on_paused_called: [0,65227351,com.miui.home.launcher.Launcher,performPause,2]
12-18 14:39:08.774 11843 11843 I wm_on_destroy_called: [0,265342553,com.android.packageinstaller.permission.ui.GrantPermissionsActivity,performDestroy,0]
12-18 14:39:08.814  3268  7628 I com.miui.home: CheckGCForNative adj_start_bytes: 44343999 NativeAllocationGcWatermark: 11771553 java_gc_start_bytes: 26686670 kNewNativeDiscountFactor: 2 kOldNativeDiscountFactor: 65536 old_native_bytes: 176543781 new_native_bytes: 4313448 add_bytes_allowed: 35314659 is_gc_concurrent: 1 target_footprint_: 27063566 GetBytesAllocated: 17706680 HeapGrowthMultiplier: 3
12-18 14:39:08.814  3268  7628 I com.miui.home: CheckGCForNative gc_urgency 0.448 current_native_bytes is 180857229
12-18 14:39:08.867 11516 11516 I wm_on_start_called: [0,83974214,com.dragon.read.pages.main.MainFragmentActivity,handleStartActivity,895]
12-18 14:39:08.869  3268  3685 I com.miui.home: CheckGCForNative adj_start_bytes: 44343999 NativeAllocationGcWatermark: 11771553 java_gc_start_bytes: 26686670 kNewNativeDiscountFactor: 2 kOldNativeDiscountFactor: 65536 old_native_bytes: 176543781 new_native_bytes: 4654236 add_bytes_allowed: 35314659 is_gc_concurrent: 1 target_footprint_: 27063566 GetBytesAllocated: 17985208 HeapGrowthMultiplier: 3
12-18 14:39:08.873  3268  3685 I com.miui.home: CheckGCForNative gc_urgency 0.458123 current_native_bytes is 181198017
12-18 14:39:09.059  3268  3685 I com.miui.home: CheckGCForNative adj_start_bytes: 44343999 NativeAllocationGcWatermark: 11771553 java_gc_start_bytes: 26686670 kNewNativeDiscountFactor: 2 kOldNativeDiscountFactor: 65536 old_native_bytes: 176543781 new_native_bytes: 4922316 add_bytes_allowed: 35314659 is_gc_concurrent: 1 target_footprint_: 27063566 GetBytesAllocated: 18411720 HeapGrowthMultiplier: 3
12-18 14:39:09.059  3268  3685 I com.miui.home: CheckGCForNative gc_urgency 0.470764 current_native_bytes is 181466097
12-18 14:39:09.159  3268  3530 I com.miui.home: CheckGCForNative adj_start_bytes: 44343999 NativeAllocationGcWatermark: 11771553 java_gc_start_bytes: 26686670 kNewNativeDiscountFactor: 2 kOldNativeDiscountFactor: 65536 old_native_bytes: 176543781 new_native_bytes: 5222784 add_bytes_allowed: 35314659 is_gc_concurrent: 1 target_footprint_: 27063566 GetBytesAllocated: 18673864 HeapGrowthMultiplier: 3
12-18 14:39:09.159  3268  3530 I com.miui.home: CheckGCForNative gc_urgency 0.480064 current_native_bytes is 181766565
12-18 14:39:09.270  3268  3530 I com.miui.home: CheckGCForNative adj_start_bytes: 44343999 NativeAllocationGcWatermark: 11771553 java_gc_start_bytes: 26686670 kNewNativeDiscountFactor: 2 kOldNativeDiscountFactor: 65536 old_native_bytes: 176543781 new_native_bytes: 5226624 add_bytes_allowed: 35314659 is_gc_concurrent: 1 target_footprint_: 27063566 GetBytesAllocated: 18755784 HeapGrowthMultiplier: 3
12-18 14:39:09.270  3268  3530 I com.miui.home: CheckGCForNative gc_urgency 0.481954 current_native_bytes is 181770405
12-18 14:39:09.918 12005 12005 I wm_on_application_create_called: [0,com.taobao.taobao,415]
12-18 14:39:09.953 11960 11960 I wm_on_application_create_called: [0,com.taobao.taobao,452]
12-18 14:39:10.085 11960 11960 I wm_on_create_called: [0,36612903,com.taobao.tao.welcome.Welcome,performCreate,115]
12-18 14:39:10.138 11960 11960 I wm_on_start_called: [0,36612903,com.taobao.tao.welcome.Welcome,handleStartActivity,47]
12-18 14:39:10.158 11960 11960 I wm_on_resume_called: [0,36612903,com.taobao.tao.welcome.Welcome,RESUME_ACTIVITY,18]
12-18 14:39:10.193 11960 11960 I wm_on_top_resumed_gained_called: [36612903,com.taobao.tao.welcome.Welcome,topStateChangedWhenResumed]
12-18 14:39:10.536  3268 10487 I com.miui.home: CheckGCForNative adj_start_bytes: 44343999 NativeAllocationGcWatermark: 11771553 java_gc_start_bytes: 26686670 kNewNativeDiscountFactor: 2 kOldNativeDiscountFactor: 65536 old_native_bytes: 176543781 new_native_bytes: 15594724 add_bytes_allowed: 35314659 is_gc_concurrent: 1 target_footprint_: 27063566 GetBytesAllocated: 19592040 HeapGrowthMultiplier: 3
12-18 14:39:10.536  3268 10487 I com.miui.home: CheckGCForNative gc_urgency 0.617718 current_native_bytes is 192138505
12-18 14:39:10.538  3268 10487 I com.miui.home: CheckGCForNative adj_start_bytes: 44343999 NativeAllocationGcWatermark: 11771553 java_gc_start_bytes: 26686670 kNewNativeDiscountFactor: 2 kOldNativeDiscountFactor: 65536 old_native_bytes: 176543781 new_native_bytes: 26300516 add_bytes_allowed: 35314659 is_gc_concurrent: 1 target_footprint_: 27063566 GetBytesAllocated: 19592232 HeapGrowthMultiplier: 3
12-18 14:39:10.538  3268 10487 I com.miui.home: CheckGCForNative gc_urgency 0.738436 current_native_bytes is 202844297
12-18 14:39:10.629  3268 10487 I com.miui.home: CheckGCForNative adj_start_bytes: 44343999 NativeAllocationGcWatermark: 11771553 java_gc_start_bytes: 26686670 kNewNativeDiscountFactor: 2 kOldNativeDiscountFactor: 65536 old_native_bytes: 176543781 new_native_bytes: 26367876 add_bytes_allowed: 35314659 is_gc_concurrent: 1 target_footprint_: 27063566 GetBytesAllocated: 19805256 HeapGrowthMultiplier: 3
12-18 14:39:10.629  3268 10487 I com.miui.home: CheckGCForNative gc_urgency 0.743999 current_native_bytes is 202911657
12-18 14:39:10.681  3268  3530 I com.miui.home: CheckGCForNative adj_start_bytes: 44343999 NativeAllocationGcWatermark: 11771553 java_gc_start_bytes: 26686670 kNewNativeDiscountFactor: 2 kOldNativeDiscountFactor: 65536 old_native_bytes: 176543781 new_native_bytes: 15604836 add_bytes_allowed: 35314659 is_gc_concurrent: 1 target_footprint_: 27063566 GetBytesAllocated: 19821832 HeapGrowthMultiplier: 3
12-18 14:39:10.681  3268  3530 I com.miui.home: CheckGCForNative gc_urgency 0.623014 current_native_bytes is 192148617
12-18 14:39:11.052  3268  3268 I wm_on_resume_called: [0,65227351,com.miui.home.launcher.Launcher,RESUME_ACTIVITY,7]
12-18 14:39:11.054  3268  3268 I wm_on_idle_called: com.miui.home.launcher.Launcher
12-18 14:39:11.126  3268  3522 I com.miui.home: CheckGCForNative adj_start_bytes: 44343999 NativeAllocationGcWatermark: 11771553 java_gc_start_bytes: 26686670 kNewNativeDiscountFactor: 2 kOldNativeDiscountFactor: 65536 old_native_bytes: 176543781 new_native_bytes: 15721252 add_bytes_allowed: 35314659 is_gc_concurrent: 1 target_footprint_: 27063566 GetBytesAllocated: 20903976 HeapGrowthMultiplier: 3
12-18 14:39:11.126  3268  3522 I com.miui.home: CheckGCForNative gc_urgency 0.64873 current_native_bytes is 192265033
12-18 14:39:11.267  3268  3685 I com.miui.home: CheckGCForNative adj_start_bytes: 44343999 NativeAllocationGcWatermark: 11771553 java_gc_start_bytes: 26686670 kNewNativeDiscountFactor: 2 kOldNativeDiscountFactor: 65536 old_native_bytes: 176543781 new_native_bytes: 15862296 add_bytes_allowed: 35314659 is_gc_concurrent: 1 target_footprint_: 27063566 GetBytesAllocated: 21486152 HeapGrowthMultiplier: 3
12-18 14:39:11.268  3268  3685 I com.miui.home: CheckGCForNative gc_urgency 0.663449 current_native_bytes is 192406077
12-18 14:39:11.274  3268  3685 I com.miui.home: CheckGCForNative adj_start_bytes: 44343999 NativeAllocationGcWatermark: 11771553 java_gc_start_bytes: 26686670 kNewNativeDiscountFactor: 2 kOldNativeDiscountFactor: 65536 old_native_bytes: 176543781 new_native_bytes: 26594136 add_bytes_allowed: 35314659 is_gc_concurrent: 1 target_footprint_: 27063566 GetBytesAllocated: 21535304 HeapGrowthMultiplier: 3
12-18 14:39:11.274  3268  3685 I com.miui.home: CheckGCForNative gc_urgency 0.785564 current_native_bytes is 203137917
12-18 14:39:11.332  3268  3685 I com.miui.home: CheckGCForNative adj_start_bytes: 44343999 NativeAllocationGcWatermark: 11771553 java_gc_start_bytes: 26686670 kNewNativeDiscountFactor: 2 kOldNativeDiscountFactor: 65536 old_native_bytes: 176543781 new_native_bytes: 16274272 add_bytes_allowed: 35314659 is_gc_concurrent: 1 target_footprint_: 27063566 GetBytesAllocated: 21863656 HeapGrowthMultiplier: 3
12-18 14:39:11.332  3268  3685 I com.miui.home: CheckGCForNative gc_urgency 0.676608 current_native_bytes is 192818053
12-18 14:39:11.360  3268  3685 I com.miui.home: CheckGCForNative adj_start_bytes: 44343999 NativeAllocationGcWatermark: 11771553 java_gc_start_bytes: 26686670 kNewNativeDiscountFactor: 2 kOldNativeDiscountFactor: 65536 old_native_bytes: 176543781 new_native_bytes: 16434948 add_bytes_allowed: 35314659 is_gc_concurrent: 1 target_footprint_: 27063566 GetBytesAllocated: 22043880 HeapGrowthMultiplier: 3
12-18 14:39:11.360  3268  3685 I com.miui.home: CheckGCForNative gc_urgency 0.682483 current_native_bytes is 192978729
12-18 14:39:11.467  3268  3268 I wm_on_paused_called: [0,65227351,com.miui.home.launcher.Launcher,performPause,1]
12-18 14:39:11.631  3268  3685 I com.miui.home: CheckGCForNative adj_start_bytes: 44343999 NativeAllocationGcWatermark: 11771553 java_gc_start_bytes: 26686670 kNewNativeDiscountFactor: 2 kOldNativeDiscountFactor: 65536 old_native_bytes: 176543781 new_native_bytes: 16283412 add_bytes_allowed: 35314659 is_gc_concurrent: 1 target_footprint_: 27063566 GetBytesAllocated: 22871936 HeapGrowthMultiplier: 3
12-18 14:39:11.631  3268  3685 I com.miui.home: CheckGCForNative gc_urgency 0.699449 current_native_bytes is 192827193
12-18 14:39:11.728  3268  3685 I com.miui.home: CheckGCForNative adj_start_bytes: 44343999 NativeAllocationGcWatermark: 11771553 java_gc_start_bytes: 26686670 kNewNativeDiscountFactor: 2 kOldNativeDiscountFactor: 65536 old_native_bytes: 176543781 new_native_bytes: 16874092 add_bytes_allowed: 35314659 is_gc_concurrent: 1 target_footprint_: 27063566 GetBytesAllocated: 23429664 HeapGrowthMultiplier: 3
12-18 14:39:11.728  3268  3685 I com.miui.home: CheckGCForNative gc_urgency 0.718686 current_native_bytes is 193417873
12-18 14:39:11.848  3268  3530 I com.miui.home: CheckGCForNative adj_start_bytes: 44343999 NativeAllocationGcWatermark: 11771553 java_gc_start_bytes: 26686670 kNewNativeDiscountFactor: 2 kOldNativeDiscountFactor: 65536 old_native_bytes: 176543781 new_native_bytes: 17159200 add_bytes_allowed: 35314659 is_gc_concurrent: 1 target_footprint_: 27063566 GetBytesAllocated: 23708192 HeapGrowthMultiplier: 3
12-18 14:39:11.848  3268  3530 I com.miui.home: CheckGCForNative gc_urgency 0.728182 current_native_bytes is 193702981
12-18 14:39:11.946  7415  7415 I wm_on_create_called: [0,73371484,com.tencent.mm.ui.LauncherUI,performCreate,278]
12-18 14:39:11.984  7415  7415 I wm_on_start_called: [0,73371484,com.tencent.mm.ui.LauncherUI,handleStartActivity,24]
12-18 14:39:12.065  7415  7415 I wm_on_resume_called: [0,73371484,com.tencent.mm.ui.LauncherUI,RESUME_ACTIVITY,80]
12-18 14:39:12.096  7415  7415 I wm_on_top_resumed_gained_called: [73371484,com.tencent.mm.ui.LauncherUI,topStateChangedWhenResumed]
12-18 14:39:12.099  7415  7415 I wm_on_top_resumed_lost_called: [73371484,com.tencent.mm.ui.LauncherUI,topStateChangedWhenResumed]
12-18 14:39:12.114  7415  7415 I wm_on_paused_called: [0,73371484,com.tencent.mm.ui.LauncherUI,performPause,10]
12-18 14:39:12.240  7415  7415 I wm_on_create_called: [0,38597031,com.tencent.mm.plugin.account.ui.WelcomeActivity,performCreate,51]
12-18 14:39:12.243  7415  7415 I wm_on_start_called: [0,38597031,com.tencent.mm.plugin.account.ui.WelcomeActivity,handleStartActivity,3]
12-18 14:39:12.248  7415  7415 I wm_on_resume_called: [0,38597031,com.tencent.mm.plugin.account.ui.WelcomeActivity,RESUME_ACTIVITY,5]
12-18 14:39:12.256  7415  7415 I wm_on_top_resumed_gained_called: [38597031,com.tencent.mm.plugin.account.ui.WelcomeActivity,topStateChangedWhenResumed]
12-18 14:39:12.277  3268  3685 I com.miui.home: CheckGCForNative adj_start_bytes: 44343999 NativeAllocationGcWatermark: 11771553 java_gc_start_bytes: 26686670 kNewNativeDiscountFactor: 2 kOldNativeDiscountFactor: 65536 old_native_bytes: 176543781 new_native_bytes: 16860592 add_bytes_allowed: 35314659 is_gc_concurrent: 1 target_footprint_: 27063566 GetBytesAllocated: 24167680 HeapGrowthMultiplier: 3
12-18 14:39:12.277  3268  3685 I com.miui.home: CheckGCForNative gc_urgency 0.735177 current_native_bytes is 193404373
12-18 14:39:12.342  3268  3685 I com.miui.home: CheckGCForNative adj_start_bytes: 44343999 NativeAllocationGcWatermark: 11771553 java_gc_start_bytes: 26686670 kNewNativeDiscountFactor: 2 kOldNativeDiscountFactor: 65536 old_native_bytes: 176543781 new_native_bytes: 17223588 add_bytes_allowed: 35314659 is_gc_concurrent: 1 target_footprint_: 27063566 GetBytesAllocated: 24626944 HeapGrowthMultiplier: 3
12-18 14:39:12.342  3268  3685 I com.miui.home: CheckGCForNative gc_urgency 0.749626 current_native_bytes is 193767369
12-18 14:39:12.357  3268  3685 I com.miui.home: CheckGCForNative adj_start_bytes: 44343999 NativeAllocationGcWatermark: 11771553 java_gc_start_bytes: 26686670 kNewNativeDiscountFactor: 2 kOldNativeDiscountFactor: 65536 old_native_bytes: 176543781 new_native_bytes: 17346656 add_bytes_allowed: 35314659 is_gc_concurrent: 1 target_footprint_: 27063566 GetBytesAllocated: 24741632 HeapGrowthMultiplier: 3
12-18 14:39:12.357  3268  3685 I com.miui.home: CheckGCForNative gc_urgency 0.7536 current_native_bytes is 193890437
12-18 14:39:12.427  3268  3268 I wm_on_stop_called: [0,65227351,com.miui.home.launcher.Launcher,STOP_ACTIVITY_ITEM,9]
12-18 14:39:12.444  7415  7415 I wm_on_stop_called: [0,73371484,com.tencent.mm.ui.LauncherUI,STOP_ACTIVITY_ITEM,10]
12-18 14:39:13.205  3268  3268 I wm_on_restart_called: [0,65227351,com.miui.home.launcher.Launcher,performRestartActivity,0]
12-18 14:39:13.206  3268  3268 I wm_on_start_called: [0,65227351,com.miui.home.launcher.Launcher,handleStartActivity,1]
12-18 14:39:13.257  3268  8157 I com.miui.home: CheckGCForNative adj_start_bytes: 44343999 NativeAllocationGcWatermark: 11771553 java_gc_start_bytes: 26686670 kNewNativeDiscountFactor: 2 kOldNativeDiscountFactor: 65536 old_native_bytes: 176543781 new_native_bytes: 28371960 add_bytes_allowed: 35314659 is_gc_concurrent: 1 target_footprint_: 27063566 GetBytesAllocated: 25716928 HeapGrowthMultiplier: 3
12-18 14:39:13.257  3268  8157 I com.miui.home: CheckGCForNative gc_urgency 0.89991 current_native_bytes is 204915741
12-18 14:39:13.258  3268  8157 I com.miui.home: CheckGCForNative adj_start_bytes: 44343999 NativeAllocationGcWatermark: 11771553 java_gc_start_bytes: 26686670 kNewNativeDiscountFactor: 2 kOldNativeDiscountFactor: 65536 old_native_bytes: 176543781 new_native_bytes: 39075704 add_bytes_allowed: 35314659 is_gc_concurrent: 1 target_footprint_: 27063566 GetBytesAllocated: 25733504 HeapGrowthMultiplier: 3
12-18 14:39:13.258  3268  8157 I com.miui.home: CheckGCForNative gc_urgency 1.02097 current_native_bytes is 215619485
12-18 14:39:13.258  3268  8157 I com.miui.home: CheckGCForNative requested 1
12-18 14:39:13.263  3268  3292 I com.miui.home: CheckGCForNative adj_start_bytes: 44343999 NativeAllocationGcWatermark: 11771553 java_gc_start_bytes: 26686670 kNewNativeDiscountFactor: 2 kOldNativeDiscountFactor: 65536 old_native_bytes: 176543781 new_native_bytes: 39082504 add_bytes_allowed: 35314659 is_gc_concurrent: 1 target_footprint_: 27063566 GetBytesAllocated: 25766272 HeapGrowthMultiplier: 3
12-18 14:39:13.263  3268  3292 I com.miui.home: CheckGCForNative gc_urgency 1.02179 current_native_bytes is 215626285
12-18 14:39:13.263  3268  3292 I com.miui.home: CheckGCForNative requested 1
12-18 14:39:13.281  3268  3268 I com.miui.home: CheckGCForNative adj_start_bytes: 44343999 NativeAllocationGcWatermark: 11771553 java_gc_start_bytes: 26686670 kNewNativeDiscountFactor: 2 kOldNativeDiscountFactor: 65536 old_native_bytes: 176543781 new_native_bytes: 28375336 add_bytes_allowed: 35314659 is_gc_concurrent: 1 target_footprint_: 27063566 GetBytesAllocated: 25799232 HeapGrowthMultiplier: 3
12-18 14:39:13.281  3268  3268 I com.miui.home: CheckGCForNative gc_urgency 0.901804 current_native_bytes is 204919117
12-18 14:39:13.395  3268  3283 I com.miui.home: NativeAlloc concurrent copying GC freed 233897(10MB) AllocSpace objects, 22(840KB) LOS objects, 49% free, 13MB/26MB, paused 49us,74us total 136.197ms
12-18 14:39:13.592  3268  3530 I com.miui.home: CheckGCForNative gc_urgency 0 current_native_bytes is 143995013
12-18 14:39:13.776  7415  7415 I wm_on_top_resumed_lost_called: [38597031,com.tencent.mm.plugin.account.ui.WelcomeActivity,topStateChangedWhenResumed]
12-18 14:39:13.789  3268  3268 I wm_on_resume_called: [0,65227351,com.miui.home.launcher.Launcher,RESUME_ACTIVITY,9]
12-18 14:39:13.793  3268  3268 I wm_on_idle_called: com.miui.home.launcher.Launcher
12-18 14:39:13.808  3268  3268 I wm_on_top_resumed_gained_called: [65227351,com.miui.home.launcher.Launcher,topStateChangedWhenResumed]
12-18 14:39:13.814  7415  7415 I wm_on_paused_called: [0,38597031,com.tencent.mm.plugin.account.ui.WelcomeActivity,performPause,7]
12-18 14:39:13.847  7415  7415 I wm_on_idle_called: com.tencent.mm.plugin.account.ui.WelcomeActivity
12-18 14:39:13.848  7415  7415 I wm_on_idle_called: com.tencent.mm.ui.LauncherUI
12-18 14:39:13.872  7415  7415 I wm_on_stop_called: [0,38597031,com.tencent.mm.plugin.account.ui.WelcomeActivity,STOP_ACTIVITY_ITEM,12]
12-18 14:39:13.957  3268  3685 I com.miui.home: CheckGCForNative gc_urgency 0 current_native_bytes is 143994997
12-18 14:39:13.967  3268  3685 I com.miui.home: CheckGCForNative adj_start_bytes: 45076484 NativeAllocationGcWatermark: 11834873 java_gc_start_bytes: 27324175 kNewNativeDiscountFactor: 2 kOldNativeDiscountFactor: 65536 old_native_bytes: 143994997 new_native_bytes: 99924 add_bytes_allowed: 35504619 is_gc_concurrent: 1 target_footprint_: 27570127 GetBytesAllocated: 15424744 HeapGrowthMultiplier: 3
12-18 14:39:13.968  3268  3685 I com.miui.home: CheckGCForNative gc_urgency 0.343348 current_native_bytes is 144094921
12-18 14:39:14.000  3268  3685 I com.miui.home: CheckGCForNative adj_start_bytes: 45076484 NativeAllocationGcWatermark: 11834873 java_gc_start_bytes: 27324175 kNewNativeDiscountFactor: 2 kOldNativeDiscountFactor: 65536 old_native_bytes: 143994997 new_native_bytes: 11266708 add_bytes_allowed: 35504619 is_gc_concurrent: 1 target_footprint_: 27570127 GetBytesAllocated: 15621416 HeapGrowthMultiplier: 3
12-18 14:39:14.000  3268  3685 I com.miui.home: CheckGCForNative gc_urgency 0.471576 current_native_bytes is 155261705
12-18 14:39:14.202  3268  3268 I wm_on_top_resumed_lost_called: [65227351,com.miui.home.launcher.Launcher,topStateChangedWhenResumed]
12-18 14:39:14.213  3268  3268 I wm_on_paused_called: [0,65227351,com.miui.home.launcher.Launcher,performPause,1]
12-18 14:39:14.312  3268  3685 I com.miui.home: CheckGCForNative adj_start_bytes: 45076484 NativeAllocationGcWatermark: 11834873 java_gc_start_bytes: 27324175 kNewNativeDiscountFactor: 2 kOldNativeDiscountFactor: 65536 old_native_bytes: 143994997 new_native_bytes: 735808 add_bytes_allowed: 35504619 is_gc_concurrent: 1 target_footprint_: 27570127 GetBytesAllocated: 16244808 HeapGrowthMultiplier: 3
12-18 14:39:14.312  3268  3685 I com.miui.home: CheckGCForNative gc_urgency 0.368594 current_native_bytes is 144730805
12-18 14:39:14.422  3268  3685 I com.miui.home: CheckGCForNative adj_start_bytes: 45076484 NativeAllocationGcWatermark: 11834873 java_gc_start_bytes: 27324175 kNewNativeDiscountFactor: 2 kOldNativeDiscountFactor: 65536 old_native_bytes: 143994997 new_native_bytes: 1099100 add_bytes_allowed: 35504619 is_gc_concurrent: 1 target_footprint_: 27570127 GetBytesAllocated: 16679080 HeapGrowthMultiplier: 3
12-18 14:39:14.422  3268  3685 I com.miui.home: CheckGCForNative gc_urgency 0.382258 current_native_bytes is 145094097
12-18 14:39:14.511  3268  3685 I com.miui.home: CheckGCForNative adj_start_bytes: 45076484 NativeAllocationGcWatermark: 11834873 java_gc_start_bytes: 27324175 kNewNativeDiscountFactor: 2 kOldNativeDiscountFactor: 65536 old_native_bytes: 143994997 new_native_bytes: 1373212 add_bytes_allowed: 35504619 is_gc_concurrent: 1 target_footprint_: 27570127 GetBytesAllocated: 17122040 HeapGrowthMultiplier: 3
12-18 14:39:14.511  3268  3685 I com.miui.home: CheckGCForNative gc_urgency 0.395125 current_native_bytes is 145368209
12-18 14:39:14.714  3268  3530 I com.miui.home: CheckGCForNative adj_start_bytes: 45076484 NativeAllocationGcWatermark: 11834873 java_gc_start_bytes: 27324175 kNewNativeDiscountFactor: 2 kOldNativeDiscountFactor: 65536 old_native_bytes: 143994997 new_native_bytes: 1681848 add_bytes_allowed: 35504619 is_gc_concurrent: 1 target_footprint_: 27570127 GetBytesAllocated: 17400568 HeapGrowthMultiplier: 3
12-18 14:39:14.714  3268  3530 I com.miui.home: CheckGCForNative gc_urgency 0.404727 current_native_bytes is 145676845
12-18 14:39:15.141 12641 12641 I wm_on_application_create_called: [0,com.sina.weibo,324]
12-18 14:39:15.297 12641 12641 I wm_on_create_called: [0,95951352,com.sina.weibo.SplashActivity,performCreate,134]
12-18 14:39:15.301 12641 12641 I wm_on_start_called: [0,95951352,com.sina.weibo.SplashActivity,handleStartActivity,3]
12-18 14:39:15.312 12641 12641 I wm_on_resume_called: [0,95951352,com.sina.weibo.SplashActivity,RESUME_ACTIVITY,10]
12-18 14:39:15.352 12641 12641 I wm_on_top_resumed_gained_called: [95951352,com.sina.weibo.SplashActivity,topStateChangedWhenResumed]
12-18 14:39:15.885 12641 12641 I wm_on_top_resumed_lost_called: [95951352,com.sina.weibo.SplashActivity,topStateChangedWhenResumed]
12-18 14:39:15.903 12641 12641 I wm_on_paused_called: [0,95951352,com.sina.weibo.SplashActivity,performPause,1]
12-18 14:39:16.117 11843 11843 I wm_on_create_called: [0,24314851,com.android.packageinstaller.permission.ui.GrantPermissionsActivity,performCreate,172]
12-18 14:39:16.118 11843 11843 I wm_on_start_called: [0,24314851,com.android.packageinstaller.permission.ui.GrantPermissionsActivity,handleStartActivity,0]
12-18 14:39:16.121 11843 11843 I wm_on_resume_called: [0,24314851,com.android.packageinstaller.permission.ui.GrantPermissionsActivity,RESUME_ACTIVITY,2]
12-18 14:39:16.134  3268  3685 I com.miui.home: CheckGCForNative adj_start_bytes: 45076484 NativeAllocationGcWatermark: 11834873 java_gc_start_bytes: 27324175 kNewNativeDiscountFactor: 2 kOldNativeDiscountFactor: 65536 old_native_bytes: 143994997 new_native_bytes: 1470244 add_bytes_allowed: 35504619 is_gc_concurrent: 1 target_footprint_: 27570127 GetBytesAllocated: 18507656 HeapGrowthMultiplier: 3
12-18 14:39:16.134  3268  3685 I com.miui.home: CheckGCForNative gc_urgency 0.426941 current_native_bytes is 145465241
12-18 14:39:16.136 11843 11843 I wm_on_top_resumed_gained_called: [24314851,com.android.packageinstaller.permission.ui.GrantPermissionsActivity,topStateChangedWhenResumed]
12-18 14:39:16.159  3268 10487 I com.miui.home: CheckGCForNative adj_start_bytes: 45076484 NativeAllocationGcWatermark: 11834873 java_gc_start_bytes: 27324175 kNewNativeDiscountFactor: 2 kOldNativeDiscountFactor: 65536 old_native_bytes: 143994997 new_native_bytes: 1485824 add_bytes_allowed: 35504619 is_gc_concurrent: 1 target_footprint_: 27570127 GetBytesAllocated: 18589576 HeapGrowthMultiplier: 3
12-18 14:39:16.159  3268 10487 I com.miui.home: CheckGCForNative gc_urgency 0.428931 current_native_bytes is 145480821
12-18 14:39:16.264  3268 10487 I com.miui.home: CheckGCForNative adj_start_bytes: 45076484 NativeAllocationGcWatermark: 11834873 java_gc_start_bytes: 27324175 kNewNativeDiscountFactor: 2 kOldNativeDiscountFactor: 65536 old_native_bytes: 143994997 new_native_bytes: 12393848 add_bytes_allowed: 35504619 is_gc_concurrent: 1 target_footprint_: 27570127 GetBytesAllocated: 18950184 HeapGrowthMultiplier: 3
12-18 14:39:16.265  3268  4113 I com.miui.home: CheckGCForNative adj_start_bytes: 45076484 NativeAllocationGcWatermark: 11834873 java_gc_start_bytes: 27324175 kNewNativeDiscountFactor: 2 kOldNativeDiscountFactor: 65536 old_native_bytes: 143994997 new_native_bytes: 23100280 add_bytes_allowed: 35504619 is_gc_concurrent: 1 target_footprint_: 27570127 GetBytesAllocated: 18950184 HeapGrowthMultiplier: 3
12-18 14:39:16.265  3268  4113 I com.miui.home: CheckGCForNative gc_urgency 0.676684 current_native_bytes is 167095277
12-18 14:39:16.265  3268 10487 I com.miui.home: CheckGCForNative gc_urgency 0.557925 current_native_bytes is 156388845
12-18 14:39:16.266  3268  3268 I com.miui.home: CheckGCForNative adj_start_bytes: 45076484 NativeAllocationGcWatermark: 11834873 java_gc_start_bytes: 27324175 kNewNativeDiscountFactor: 2 kOldNativeDiscountFactor: 65536 old_native_bytes: 143994997 new_native_bytes: 33806648 add_bytes_allowed: 35504619 is_gc_concurrent: 1 target_footprint_: 27570127 GetBytesAllocated: 18950568 HeapGrowthMultiplier: 3
12-18 14:39:16.266  3268  3268 I com.miui.home: CheckGCForNative gc_urgency 0.79545 current_native_bytes is 177801645
12-18 14:39:16.317 12786 12786 I wm_on_application_create_called: [0,com.sina.weibo,747]
12-18 14:39:16.326  3268  3268 I wm_on_stop_called: [0,65227351,com.miui.home.launcher.Launcher,STOP_ACTIVITY_ITEM,4]
12-18 14:39:16.374  3268  3685 I com.miui.home: CheckGCForNative adj_start_bytes: 45076484 NativeAllocationGcWatermark: 11834873 java_gc_start_bytes: 27324175 kNewNativeDiscountFactor: 2 kOldNativeDiscountFactor: 65536 old_native_bytes: 143994997 new_native_bytes: 12348280 add_bytes_allowed: 35504619 is_gc_concurrent: 1 target_footprint_: 27570127 GetBytesAllocated: 19327976 HeapGrowthMultiplier: 3
12-18 14:39:16.375  3268  3685 I com.miui.home: CheckGCForNative gc_urgency 0.565801 current_native_bytes is 156343277
12-18 14:39:16.416  3268  3685 I com.miui.home: CheckGCForNative adj_start_bytes: 45076484 NativeAllocationGcWatermark: 11834873 java_gc_start_bytes: 27324175 kNewNativeDiscountFactor: 2 kOldNativeDiscountFactor: 65536 old_native_bytes: 143994997 new_native_bytes: 23268668 add_bytes_allowed: 35504619 is_gc_concurrent: 1 target_footprint_: 27570127 GetBytesAllocated: 19491912 HeapGrowthMultiplier: 3
12-18 14:39:16.416  3268  3685 I com.miui.home: CheckGCForNative gc_urgency 0.690569 current_native_bytes is 167263665
12-18 14:39:16.416  3268  3685 I com.miui.home: CheckGCForNative adj_start_bytes: 45076484 NativeAllocationGcWatermark: 11834873 java_gc_start_bytes: 27324175 kNewNativeDiscountFactor: 2 kOldNativeDiscountFactor: 65536 old_native_bytes: 143994997 new_native_bytes: 33974588 add_bytes_allowed: 35504619 is_gc_concurrent: 1 target_footprint_: 27570127 GetBytesAllocated: 19492120 HeapGrowthMultiplier: 3
12-18 14:39:16.416  3268  3685 I com.miui.home: CheckGCForNative gc_urgency 0.809327 current_native_bytes is 177969585
12-18 14:39:16.431 11843 11843 I wm_on_idle_called: com.android.packageinstaller.permission.ui.GrantPermissionsActivity
12-18 14:39:16.473 12641 12641 I wm_on_create_called: [0,66919767,com.sina.weibo.VisitorMainTabActivity,performCreate,543]
12-18 14:39:16.480 12641 12641 I wm_on_start_called: [0,66919767,com.sina.weibo.VisitorMainTabActivity,handleStartActivity,4]
12-18 14:39:16.690 12641 12641 I wm_on_create_called: [0,0,com.sina.weibo.feed.visitor.VisitorHomeActivity,performCreate,159]
12-18 14:39:16.695 12641 12641 I wm_on_start_called: [0,0,com.sina.weibo.feed.visitor.VisitorHomeActivity,handleStartActivity,2]
12-18 14:39:16.745 12641 12641 I wm_on_resume_called: [0,0,com.sina.weibo.feed.visitor.VisitorHomeActivity,moveToState-INITIALIZING,49]
12-18 14:39:16.783 12641 12641 I wm_on_resume_called: [0,66919767,com.sina.weibo.VisitorMainTabActivity,LIFECYCLER_RESUME_ACTIVITY,302]
12-18 14:39:16.805 12641 12641 I wm_on_paused_called: [0,0,com.sina.weibo.feed.visitor.VisitorHomeActivity,performPause,3]
12-18 14:39:16.814 12641 12641 I wm_on_paused_called: [0,66919767,com.sina.weibo.VisitorMainTabActivity,performPause,16]
12-18 14:39:17.247  3268  3268 I wm_on_restart_called: [0,65227351,com.miui.home.launcher.Launcher,performRestartActivity,0]
12-18 14:39:17.248  3268  3268 I wm_on_start_called: [0,65227351,com.miui.home.launcher.Launcher,handleStartActivity,1]
12-18 14:39:17.305  3268  4113 I com.miui.home: CheckGCForNative adj_start_bytes: 45076484 NativeAllocationGcWatermark: 11834873 java_gc_start_bytes: 27324175 kNewNativeDiscountFactor: 2 kOldNativeDiscountFactor: 65536 old_native_bytes: 143994997 new_native_bytes: 34112304 add_bytes_allowed: 35504619 is_gc_concurrent: 1 target_footprint_: 27570127 GetBytesAllocated: 20311896 HeapGrowthMultiplier: 3
12-18 14:39:17.305  3268  4113 I com.miui.home: CheckGCForNative gc_urgency 0.829041 current_native_bytes is 178107301
12-18 14:39:17.305  3268  4113 I com.miui.home: CheckGCForNative adj_start_bytes: 45076484 NativeAllocationGcWatermark: 11834873 java_gc_start_bytes: 27324175 kNewNativeDiscountFactor: 2 kOldNativeDiscountFactor: 65536 old_native_bytes: 143994997 new_native_bytes: 44818224 add_bytes_allowed: 35504619 is_gc_concurrent: 1 target_footprint_: 27570127 GetBytesAllocated: 20344856 HeapGrowthMultiplier: 3
12-18 14:39:17.305  3268  4113 I com.miui.home: CheckGCForNative gc_urgency 0.948525 current_native_bytes is 188813221
12-18 14:39:17.383  3268  4113 I com.miui.home: CheckGCForNative adj_start_bytes: 45076484 NativeAllocationGcWatermark: 11834873 java_gc_start_bytes: 27324175 kNewNativeDiscountFactor: 2 kOldNativeDiscountFactor: 65536 old_native_bytes: 143994997 new_native_bytes: 44931908 add_bytes_allowed: 35504619 is_gc_concurrent: 1 target_footprint_: 27570127 GetBytesAllocated: 20443160 HeapGrowthMultiplier: 3
12-18 14:39:17.383  3268  4113 I com.miui.home: CheckGCForNative gc_urgency 0.951967 current_native_bytes is 188926905
12-18 14:39:17.437  3268  3530 I com.miui.home: CheckGCForNative adj_start_bytes: 45076484 NativeAllocationGcWatermark: 11834873 java_gc_start_bytes: 27324175 kNewNativeDiscountFactor: 2 kOldNativeDiscountFactor: 65536 old_native_bytes: 143994997 new_native_bytes: 34230660 add_bytes_allowed: 35504619 is_gc_concurrent: 1 target_footprint_: 27570127 GetBytesAllocated: 20459736 HeapGrowthMultiplier: 3
12-18 14:39:17.437  3268  3530 I com.miui.home: CheckGCForNative gc_urgency 0.833633 current_native_bytes is 178225657
12-18 14:39:17.782 11843 11843 I wm_on_top_resumed_lost_called: [24314851,com.android.packageinstaller.permission.ui.GrantPermissionsActivity,topStateChangedWhenResumed]
12-18 14:39:17.810  3268  3268 I wm_on_resume_called: [0,65227351,com.miui.home.launcher.Launcher,RESUME_ACTIVITY,6]
12-18 14:39:17.817  3268  3522 I com.miui.home: CheckGCForNative gc_urgency 0.842668 current_native_bytes is 178350585
12-18 14:39:17.855 11843 11843 I wm_on_paused_called: [0,24314851,com.android.packageinstaller.permission.ui.GrantPermissionsActivity,performPause,1]
12-18 14:39:17.867  3268  3268 I com.miui.home: CheckGCForNative adj_start_bytes: 45076484 NativeAllocationGcWatermark: 11834873 java_gc_start_bytes: 27324175 kNewNativeDiscountFactor: 2 kOldNativeDiscountFactor: 65536 old_native_bytes: 143994997 new_native_bytes: 34362724 add_bytes_allowed: 35504619 is_gc_concurrent: 1 target_footprint_: 27570127 GetBytesAllocated: 21525560 HeapGrowthMultiplier: 3
12-18 14:39:17.867  3268  3268 I com.miui.home: CheckGCForNative gc_urgency 0.858743 current_native_bytes is 178357721
12-18 14:39:17.877  3268  3268 I wm_on_top_resumed_gained_called: [65227351,com.miui.home.launcher.Launcher,topStateChangedWhenResumed]
12-18 14:39:17.894  3268  3268 I wm_on_idle_called: com.miui.home.launcher.Launcher
12-18 14:39:17.925 11843 11843 I wm_on_stop_called: [0,24314851,com.android.packageinstaller.permission.ui.GrantPermissionsActivity,STOP_ACTIVITY_ITEM,30]
12-18 14:39:17.984 11843 11843 I wm_on_destroy_called: [0,24314851,com.android.packageinstaller.permission.ui.GrantPermissionsActivity,performDestroy,1]
12-18 14:39:18.078 12641 12641 I wm_on_stop_called: [0,0,com.sina.weibo.feed.visitor.VisitorHomeActivity,moveToState-STARTED,16]
12-18 14:39:18.079 12641 12641 I wm_on_stop_called: [0,66919767,com.sina.weibo.VisitorMainTabActivity,STOP_ACTIVITY_ITEM,18]
12-18 14:39:18.083  3268  3685 I com.miui.home: CheckGCForNative adj_start_bytes: 45076484 NativeAllocationGcWatermark: 11834873 java_gc_start_bytes: 27324175 kNewNativeDiscountFactor: 2 kOldNativeDiscountFactor: 65536 old_native_bytes: 143994997 new_native_bytes: 34625272 add_bytes_allowed: 35504619 is_gc_concurrent: 1 target_footprint_: 27570127 GetBytesAllocated: 22034072 HeapGrowthMultiplier: 3
12-18 14:39:18.083  3268  3685 I com.miui.home: CheckGCForNative gc_urgency 0.872936 current_native_bytes is 178620269
12-18 14:39:18.097 12641 12641 I wm_on_stop_called: [0,95951352,com.sina.weibo.SplashActivity,LIFECYCLER_STOP_ACTIVITY,14]
12-18 14:39:18.099 12641 12641 I wm_on_destroy_called: [0,95951352,com.sina.weibo.SplashActivity,performDestroy,2]
12-18 14:39:18.128  3268  3685 I com.miui.home: CheckGCForNative adj_start_bytes: 45076484 NativeAllocationGcWatermark: 11834873 java_gc_start_bytes: 27324175 kNewNativeDiscountFactor: 2 kOldNativeDiscountFactor: 65536 old_native_bytes: 143994997 new_native_bytes: 45355768 add_bytes_allowed: 35504619 is_gc_concurrent: 1 target_footprint_: 27570127 GetBytesAllocated: 22099608 HeapGrowthMultiplier: 3
12-18 14:39:18.128  3268  3685 I com.miui.home: CheckGCForNative gc_urgency 0.993416 current_native_bytes is 189350765
12-18 14:39:18.129  3268  3685 I com.miui.home: CheckGCForNative adj_start_bytes: 45076484 NativeAllocationGcWatermark: 11834873 java_gc_start_bytes: 27324175 kNewNativeDiscountFactor: 2 kOldNativeDiscountFactor: 65536 old_native_bytes: 143994997 new_native_bytes: 56061880 add_bytes_allowed: 35504619 is_gc_concurrent: 1 target_footprint_: 27570127 GetBytesAllocated: 22099800 HeapGrowthMultiplier: 3
12-18 14:39:18.129  3268  3685 I com.miui.home: CheckGCForNative gc_urgency 1.11217 current_native_bytes is 200056877
12-18 14:39:18.129  3268  3685 I com.miui.home: CheckGCForNative requested 1
12-18 14:39:18.215  3268  3685 I com.miui.home: CheckGCForNative gc_urgency 0 current_native_bytes is 131368453
12-18 14:39:18.221  3268  3685 I com.miui.home: CheckGCForNative adj_start_bytes: 45085634 NativeAllocationGcWatermark: 11842777 java_gc_start_bytes: 27321469 kNewNativeDiscountFactor: 2 kOldNativeDiscountFactor: 65536 old_native_bytes: 131368453 new_native_bytes: 668288 add_bytes_allowed: 35528331 is_gc_concurrent: 1 target_footprint_: 27633357 GetBytesAllocated: 13882392 HeapGrowthMultiplier: 3
12-18 14:39:18.221  3268  3685 I com.miui.home: CheckGCForNative gc_urgency 0.315367 current_native_bytes is 132036741
12-18 14:39:18.234  3268  3685 I com.miui.home: CheckGCForNative adj_start_bytes: 45085634 NativeAllocationGcWatermark: 11842777 java_gc_start_bytes: 27321469 kNewNativeDiscountFactor: 2 kOldNativeDiscountFactor: 65536 old_native_bytes: 131368453 new_native_bytes: 1143608 add_bytes_allowed: 35528331 is_gc_concurrent: 1 target_footprint_: 27633357 GetBytesAllocated: 13931720 HeapGrowthMultiplier: 3
12-18 14:39:18.234  3268  3685 I com.miui.home: CheckGCForNative gc_urgency 0.321733 current_native_bytes is 132512061
12-18 14:39:18.237  3268  3685 I com.miui.home: CheckGCForNative adj_start_bytes: 45085634 NativeAllocationGcWatermark: 11842777 java_gc_start_bytes: 27321469 kNewNativeDiscountFactor: 2 kOldNativeDiscountFactor: 65536 old_native_bytes: 131368453 new_native_bytes: 1540152 add_bytes_allowed: 35528331 is_gc_concurrent: 1 target_footprint_: 27633357 GetBytesAllocated: 13931720 HeapGrowthMultiplier: 3
