12-15 14:13:51.327  3177  3458 I com.miui.home: CheckGCForNative adj_start_bytes: 42082014 NativeAllocationGcWatermark: 11507573 java_gc_start_bytes: 24820655 kNewNativeDiscountFactor: 2 kOldNativeDiscountFactor: 65536 old_native_bytes: 80680201 new_native_bytes: 112184 add_bytes_allowed: 34522719 is_gc_concurrent: 1 target_footprint_: 24951727 GetBytesAllocated: 13052416 HeapGrowthMultiplier: 3
12-15 14:13:51.328  3177  3458 I com.miui.home: CheckGCForNative gc_urgency 0.311528 current_native_bytes is 80792385
12-15 14:13:51.462  3177  3177 I wm_on_top_resumed_lost_called: [238601760,com.miui.home.launcher.Launcher,topStateChangedWhenResumed]
12-15 14:13:51.470  3177  3177 I wm_on_paused_called: [0,238601760,com.miui.home.launcher.Launcher,performPause,5]
12-15 14:13:51.874  3177  3671 I com.miui.home: CheckGCForNative adj_start_bytes: 42082014 NativeAllocationGcWatermark: 11507573 java_gc_start_bytes: 24820655 kNewNativeDiscountFactor: 2 kOldNativeDiscountFactor: 65536 old_native_bytes: 80680201 new_native_bytes: 1200940 add_bytes_allowed: 34522719 is_gc_concurrent: 1 target_footprint_: 24951727 GetBytesAllocated: 13717536 HeapGrowthMultiplier: 3
12-15 14:13:51.874  3177  3671 I com.miui.home: CheckGCForNative gc_urgency 0.34027 current_native_bytes is 81881141
12-15 14:13:51.883  3177  3671 I com.miui.home: CheckGCForNative adj_start_bytes: 42082014 NativeAllocationGcWatermark: 11507573 java_gc_start_bytes: 24820655 kNewNativeDiscountFactor: 2 kOldNativeDiscountFactor: 65536 old_native_bytes: 80680201 new_native_bytes: 1597676 add_bytes_allowed: 34522719 is_gc_concurrent: 1 target_footprint_: 24951727 GetBytesAllocated: 13734368 HeapGrowthMultiplier: 3
12-15 14:13:51.884  3177  3671 I com.miui.home: CheckGCForNative gc_urgency 0.345384 current_native_bytes is 82277877
12-15 14:13:51.948  3177  3671 I com.miui.home: CheckGCForNative adj_start_bytes: 42082014 NativeAllocationGcWatermark: 11507573 java_gc_start_bytes: 24820655 kNewNativeDiscountFactor: 2 kOldNativeDiscountFactor: 65536 old_native_bytes: 80680201 new_native_bytes: 2791292 add_bytes_allowed: 34522719 is_gc_concurrent: 1 target_footprint_: 24951727 GetBytesAllocated: 13882240 HeapGrowthMultiplier: 3
12-15 14:13:51.948  3177  3671 I com.miui.home: CheckGCForNative gc_urgency 0.363079 current_native_bytes is 83471493
12-15 14:13:51.970  3177  3506 I com.miui.home: CheckGCForNative adj_start_bytes: 42082014 NativeAllocationGcWatermark: 11507573 java_gc_start_bytes: 24820655 kNewNativeDiscountFactor: 2 kOldNativeDiscountFactor: 65536 old_native_bytes: 80680201 new_native_bytes: 3077436 add_bytes_allowed: 34522719 is_gc_concurrent: 1 target_footprint_: 24951727 GetBytesAllocated: 13947776 HeapGrowthMultiplier: 3
12-15 14:13:51.971  3177  3506 I com.miui.home: CheckGCForNative gc_urgency 0.368037 current_native_bytes is 83757637
12-15 14:13:52.003  3177  3671 I com.miui.home: CheckGCForNative adj_start_bytes: 42082014 NativeAllocationGcWatermark: 11507573 java_gc_start_bytes: 24820655 kNewNativeDiscountFactor: 2 kOldNativeDiscountFactor: 65536 old_native_bytes: 80680201 new_native_bytes: 3135468 add_bytes_allowed: 34522719 is_gc_concurrent: 1 target_footprint_: 24951727 GetBytesAllocated: 13964352 HeapGrowthMultiplier: 3
12-15 14:13:52.003  3177  3671 I com.miui.home: CheckGCForNative gc_urgency 0.36912 current_native_bytes is 83815669
12-15 14:13:52.004  3177  3506 I com.miui.home: CheckGCForNative adj_start_bytes: 42082014 NativeAllocationGcWatermark: 11507573 java_gc_start_bytes: 24820655 kNewNativeDiscountFactor: 2 kOldNativeDiscountFactor: 65536 old_native_bytes: 80680201 new_native_bytes: 3227180 add_bytes_allowed: 34522719 is_gc_concurrent: 1 target_footprint_: 24951727 GetBytesAllocated: 13980736 HeapGrowthMultiplier: 3
12-15 14:13:52.004  3177  3506 I com.miui.home: CheckGCForNative gc_urgency 0.370599 current_native_bytes is 83907381
12-15 14:13:52.005  3177  3671 I com.miui.home: CheckGCForNative adj_start_bytes: 42082014 NativeAllocationGcWatermark: 11507573 java_gc_start_bytes: 24820655 kNewNativeDiscountFactor: 2 kOldNativeDiscountFactor: 65536 old_native_bytes: 80680201 new_native_bytes: 3499884 add_bytes_allowed: 34522719 is_gc_concurrent: 1 target_footprint_: 24951727 GetBytesAllocated: 13980736 HeapGrowthMultiplier: 3
12-15 14:13:52.006  3177  3671 I com.miui.home: CheckGCForNative gc_urgency 0.373839 current_native_bytes is 84180085
12-15 14:13:52.086  3177  3671 I com.miui.home: CheckGCForNative adj_start_bytes: 42082014 NativeAllocationGcWatermark: 11507573 java_gc_start_bytes: 24820655 kNewNativeDiscountFactor: 2 kOldNativeDiscountFactor: 65536 old_native_bytes: 80680201 new_native_bytes: 4750508 add_bytes_allowed: 34522719 is_gc_concurrent: 1 target_footprint_: 24951727 GetBytesAllocated: 14062848 HeapGrowthMultiplier: 3
12-15 14:13:52.086  3177  3671 I com.miui.home: CheckGCForNative gc_urgency 0.39065 current_native_bytes is 85430709
12-15 14:13:52.096  3177  3671 I com.miui.home: CheckGCForNative adj_start_bytes: 42082014 NativeAllocationGcWatermark: 11507573 java_gc_start_bytes: 24820655 kNewNativeDiscountFactor: 2 kOldNativeDiscountFactor: 65536 old_native_bytes: 80680201 new_native_bytes: 5175468 add_bytes_allowed: 34522719 is_gc_concurrent: 1 target_footprint_: 24951727 GetBytesAllocated: 14095616 HeapGrowthMultiplier: 3
12-15 14:13:52.096  3177  3671 I com.miui.home: CheckGCForNative gc_urgency 0.396478 current_native_bytes is 85855669
12-15 14:13:52.139  3177  3671 I com.miui.home: CheckGCForNative adj_start_bytes: 42082014 NativeAllocationGcWatermark: 11507573 java_gc_start_bytes: 24820655 kNewNativeDiscountFactor: 2 kOldNativeDiscountFactor: 65536 old_native_bytes: 80680201 new_native_bytes: 5961004 add_bytes_allowed: 34522719 is_gc_concurrent: 1 target_footprint_: 24951727 GetBytesAllocated: 14161344 HeapGrowthMultiplier: 3
12-15 14:13:52.139  3177  3671 I com.miui.home: CheckGCForNative gc_urgency 0.407373 current_native_bytes is 86641205
12-15 14:13:52.143  3177  3671 I com.miui.home: CheckGCForNative adj_start_bytes: 42082014 NativeAllocationGcWatermark: 11507573 java_gc_start_bytes: 24820655 kNewNativeDiscountFactor: 2 kOldNativeDiscountFactor: 65536 old_native_bytes: 80680201 new_native_bytes: 6421676 add_bytes_allowed: 34522719 is_gc_concurrent: 1 target_footprint_: 24951727 GetBytesAllocated: 14161344 HeapGrowthMultiplier: 3
12-15 14:13:52.143  3177  3671 I com.miui.home: CheckGCForNative gc_urgency 0.412846 current_native_bytes is 87101877
12-15 14:13:52.247  3177  3671 I com.miui.home: CheckGCForNative adj_start_bytes: 42082014 NativeAllocationGcWatermark: 11507573 java_gc_start_bytes: 24820655 kNewNativeDiscountFactor: 2 kOldNativeDiscountFactor: 65536 old_native_bytes: 80680201 new_native_bytes: 7149932 add_bytes_allowed: 34522719 is_gc_concurrent: 1 target_footprint_: 24951727 GetBytesAllocated: 14292544 HeapGrowthMultiplier: 3
12-15 14:13:52.247  3177  3671 I com.miui.home: CheckGCForNative gc_urgency 0.424617 current_native_bytes is 87830133
12-15 14:13:52.254  3177  3671 I com.miui.home: CheckGCForNative adj_start_bytes: 42082014 NativeAllocationGcWatermark: 11507573 java_gc_start_bytes: 24820655 kNewNativeDiscountFactor: 2 kOldNativeDiscountFactor: 65536 old_native_bytes: 80680201 new_native_bytes: 6782692 add_bytes_allowed: 34522719 is_gc_concurrent: 1 target_footprint_: 24951727 GetBytesAllocated: 14292672 HeapGrowthMultiplier: 3
12-15 14:13:52.254  3177  3671 I com.miui.home: CheckGCForNative gc_urgency 0.420257 current_native_bytes is 87462893
12-15 14:13:52.272  3177  3671 I com.miui.home: CheckGCForNative adj_start_bytes: 42082014 NativeAllocationGcWatermark: 11507573 java_gc_start_bytes: 24820655 kNewNativeDiscountFactor: 2 kOldNativeDiscountFactor: 65536 old_native_bytes: 80680201 new_native_bytes: 7552100 add_bytes_allowed: 34522719 is_gc_concurrent: 1 target_footprint_: 24951727 GetBytesAllocated: 14309056 HeapGrowthMultiplier: 3
12-15 14:13:52.272  3177  3671 I com.miui.home: CheckGCForNative gc_urgency 0.429788 current_native_bytes is 88232301
12-15 14:13:52.342  3177  3671 I com.miui.home: CheckGCForNative adj_start_bytes: 42082014 NativeAllocationGcWatermark: 11507573 java_gc_start_bytes: 24820655 kNewNativeDiscountFactor: 2 kOldNativeDiscountFactor: 65536 old_native_bytes: 80680201 new_native_bytes: 7938748 add_bytes_allowed: 34522719 is_gc_concurrent: 1 target_footprint_: 24951727 GetBytesAllocated: 14391168 HeapGrowthMultiplier: 3
12-15 14:13:52.342  3177  3671 I com.miui.home: CheckGCForNative gc_urgency 0.436333 current_native_bytes is 88618949
12-15 14:13:52.349  3177  3671 I com.miui.home: CheckGCForNative adj_start_bytes: 42082014 NativeAllocationGcWatermark: 11507573 java_gc_start_bytes: 24820655 kNewNativeDiscountFactor: 2 kOldNativeDiscountFactor: 65536 old_native_bytes: 80680201 new_native_bytes: 8337340 add_bytes_allowed: 34522719 is_gc_concurrent: 1 target_footprint_: 24951727 GetBytesAllocated: 14391168 HeapGrowthMultiplier: 3
12-15 14:13:52.349  3177  3671 I com.miui.home: CheckGCForNative gc_urgency 0.441069 current_native_bytes is 89017541
12-15 14:13:52.395  3177  3671 I com.miui.home: CheckGCForNative adj_start_bytes: 42082014 NativeAllocationGcWatermark: 11507573 java_gc_start_bytes: 24820655 kNewNativeDiscountFactor: 2 kOldNativeDiscountFactor: 65536 old_native_bytes: 80680201 new_native_bytes: 8883220 add_bytes_allowed: 34522719 is_gc_concurrent: 1 target_footprint_: 24951727 GetBytesAllocated: 14473280 HeapGrowthMultiplier: 3
12-15 14:13:52.395  3177  3671 I com.miui.home: CheckGCForNative gc_urgency 0.449506 current_native_bytes is 89563421
12-15 14:13:52.685  3177  3671 I com.miui.home: CheckGCForNative adj_start_bytes: 42082014 NativeAllocationGcWatermark: 11507573 java_gc_start_bytes: 24820655 kNewNativeDiscountFactor: 2 kOldNativeDiscountFactor: 65536 old_native_bytes: 80680201 new_native_bytes: 19418004 add_bytes_allowed: 34522719 is_gc_concurrent: 1 target_footprint_: 24951727 GetBytesAllocated: 14506160 HeapGrowthMultiplier: 3
12-15 14:13:52.686  3177  3671 I com.miui.home: CheckGCForNative gc_urgency 0.575457 current_native_bytes is 100098205
12-15 14:13:52.686  3177  3671 I com.miui.home: CheckGCForNative adj_start_bytes: 42082014 NativeAllocationGcWatermark: 11507573 java_gc_start_bytes: 24820655 kNewNativeDiscountFactor: 2 kOldNativeDiscountFactor: 65536 old_native_bytes: 80680201 new_native_bytes: 30123924 add_bytes_allowed: 34522719 is_gc_concurrent: 1 target_footprint_: 24951727 GetBytesAllocated: 14506352 HeapGrowthMultiplier: 3
12-15 14:13:52.686  3177  3671 I com.miui.home: CheckGCForNative gc_urgency 0.702665 current_native_bytes is 110804125
12-15 14:13:52.712  3177  3463 I com.miui.home: CheckGCForNative adj_start_bytes: 42082014 NativeAllocationGcWatermark: 11507573 java_gc_start_bytes: 24820655 kNewNativeDiscountFactor: 2 kOldNativeDiscountFactor: 65536 old_native_bytes: 80680201 new_native_bytes: 19873268 add_bytes_allowed: 34522719 is_gc_concurrent: 1 target_footprint_: 24951727 GetBytesAllocated: 14555504 HeapGrowthMultiplier: 3
12-15 14:13:52.712  3177  3463 I com.miui.home: CheckGCForNative gc_urgency 0.582039 current_native_bytes is 100553469
12-15 14:13:52.763  3177  3671 I com.miui.home: CheckGCForNative adj_start_bytes: 42082014 NativeAllocationGcWatermark: 11507573 java_gc_start_bytes: 24820655 kNewNativeDiscountFactor: 2 kOldNativeDiscountFactor: 65536 old_native_bytes: 80680201 new_native_bytes: 30606132 add_bytes_allowed: 34522719 is_gc_concurrent: 1 target_footprint_: 24951727 GetBytesAllocated: 14555504 HeapGrowthMultiplier: 3
12-15 14:13:52.763  3177  3671 I com.miui.home: CheckGCForNative gc_urgency 0.709562 current_native_bytes is 111286333
12-15 14:13:52.763  3177  3671 I com.miui.home: CheckGCForNative adj_start_bytes: 42082014 NativeAllocationGcWatermark: 11507573 java_gc_start_bytes: 24820655 kNewNativeDiscountFactor: 2 kOldNativeDiscountFactor: 65536 old_native_bytes: 80680201 new_native_bytes: 41312052 add_bytes_allowed: 34522719 is_gc_concurrent: 1 target_footprint_: 24951727 GetBytesAllocated: 14555696 HeapGrowthMultiplier: 3
12-15 14:13:52.763  3177  3671 I com.miui.home: CheckGCForNative gc_urgency 0.83677 current_native_bytes is 121992253
12-15 14:13:52.767  7884  7884 I wm_on_application_create_called: [0,com.autonavi.minimap,425]
12-15 14:13:52.790  3177  3463 I com.miui.home: CheckGCForNative adj_start_bytes: 42082014 NativeAllocationGcWatermark: 11507573 java_gc_start_bytes: 24820655 kNewNativeDiscountFactor: 2 kOldNativeDiscountFactor: 65536 old_native_bytes: 80680201 new_native_bytes: 41312180 add_bytes_allowed: 34522719 is_gc_concurrent: 1 target_footprint_: 24951727 GetBytesAllocated: 14572816 HeapGrowthMultiplier: 3
12-15 14:13:52.791  3177  3463 I com.miui.home: CheckGCForNative gc_urgency 0.837178 current_native_bytes is 121992381
12-15 14:13:52.792  3177  3463 I com.miui.home: CheckGCForNative adj_start_bytes: 42082014 NativeAllocationGcWatermark: 11507573 java_gc_start_bytes: 24820655 kNewNativeDiscountFactor: 2 kOldNativeDiscountFactor: 65536 old_native_bytes: 80680201 new_native_bytes: 52018100 add_bytes_allowed: 34522719 is_gc_concurrent: 1 target_footprint_: 24951727 GetBytesAllocated: 14573008 HeapGrowthMultiplier: 3
12-15 14:13:52.792  3177  3463 I com.miui.home: CheckGCForNative gc_urgency 0.964386 current_native_bytes is 132698301
12-15 14:13:52.830  3177  3463 I com.miui.home: CheckGCForNative adj_start_bytes: 42082014 NativeAllocationGcWatermark: 11507573 java_gc_start_bytes: 24820655 kNewNativeDiscountFactor: 2 kOldNativeDiscountFactor: 65536 old_native_bytes: 80680201 new_native_bytes: 66829736 add_bytes_allowed: 34522719 is_gc_concurrent: 1 target_footprint_: 24951727 GetBytesAllocated: 14704176 HeapGrowthMultiplier: 3
12-15 14:13:52.830  3177  3463 I com.miui.home: CheckGCForNative gc_urgency 1.14349 current_native_bytes is 147509937
12-15 14:13:52.830  3177  3463 I com.miui.home: CheckGCForNative requested 1
12-15 14:13:52.853  3177  3463 I com.miui.home: CheckGCForNative adj_start_bytes: 42082014 NativeAllocationGcWatermark: 11507573 java_gc_start_bytes: 24820655 kNewNativeDiscountFactor: 2 kOldNativeDiscountFactor: 65536 old_native_bytes: 80680201 new_native_bytes: 55085992 add_bytes_allowed: 34522719 is_gc_concurrent: 1 target_footprint_: 24951727 GetBytesAllocated: 14769712 HeapGrowthMultiplier: 3
12-15 14:13:52.854  3177  3463 I com.miui.home: CheckGCForNative gc_urgency 1.00551 current_native_bytes is 135766193
12-15 14:13:52.854  3177  3463 I com.miui.home: CheckGCForNative requested 1
12-15 14:13:52.877  3177  3463 I com.miui.home: CheckGCForNative adj_start_bytes: 42082014 NativeAllocationGcWatermark: 11507573 java_gc_start_bytes: 24820655 kNewNativeDiscountFactor: 2 kOldNativeDiscountFactor: 65536 old_native_bytes: 80680201 new_native_bytes: 56066024 add_bytes_allowed: 34522719 is_gc_concurrent: 1 target_footprint_: 24951727 GetBytesAllocated: 14818864 HeapGrowthMultiplier: 3
12-15 14:13:52.877  3177  3463 I com.miui.home: CheckGCForNative gc_urgency 1.01832 current_native_bytes is 136746225
12-15 14:13:52.877  3177  3463 I com.miui.home: CheckGCForNative requested 1
12-15 14:13:52.979  3177  3223 I com.miui.home: NativeAlloc concurrent copying GC freed 37851(1961KB) AllocSpace objects, 3(124KB) LOS objects, 49% free, 12MB/24MB, paused 163us,210us total 148.070ms
12-15 14:13:53.014  7796  7796 I wm_on_application_create_called: [0,com.autonavi.minimap,1131]
12-15 14:13:53.218  7796  7796 I wm_on_create_called: [0,1983733,com.autonavi.map.activity.SplashActivity,performCreate,179]
12-15 14:13:53.251  3177  3564 I com.miui.home: CheckGCForNative gc_urgency 0 current_native_bytes is 132206681
12-15 14:13:53.252  3177  3228 I com.miui.home: CheckGCForNative adj_start_bytes: 42928646 NativeAllocationGcWatermark: 11620849 java_gc_start_bytes: 25497373 kNewNativeDiscountFactor: 2 kOldNativeDiscountFactor: 65536 old_native_bytes: 132206681 new_native_bytes: 10705920 add_bytes_allowed: 34862547 is_gc_concurrent: 1 target_footprint_: 25857933 GetBytesAllocated: 13306376 HeapGrowthMultiplier: 3
12-15 14:13:53.252  3177  3228 I com.miui.home: CheckGCForNative gc_urgency 0.434706 current_native_bytes is 142912601
12-15 14:13:53.253  3177  3228 I com.miui.home: CheckGCForNative adj_start_bytes: 42928646 NativeAllocationGcWatermark: 11620849 java_gc_start_bytes: 25497373 kNewNativeDiscountFactor: 2 kOldNativeDiscountFactor: 65536 old_native_bytes: 132206681 new_native_bytes: 21411840 add_bytes_allowed: 34862547 is_gc_concurrent: 1 target_footprint_: 25857933 GetBytesAllocated: 13322952 HeapGrowthMultiplier: 3
12-15 14:13:53.253  3177  3228 I com.miui.home: CheckGCForNative gc_urgency 0.559787 current_native_bytes is 153618521
12-15 14:13:53.258  3177  3427 I com.miui.home: CheckGCForNative adj_start_bytes: 42928646 NativeAllocationGcWatermark: 11620849 java_gc_start_bytes: 25497373 kNewNativeDiscountFactor: 2 kOldNativeDiscountFactor: 65536 old_native_bytes: 132206681 new_native_bytes: 10705920 add_bytes_allowed: 34862547 is_gc_concurrent: 1 target_footprint_: 25857933 GetBytesAllocated: 13355720 HeapGrowthMultiplier: 3
12-15 14:13:53.258  3177  3427 I com.miui.home: CheckGCForNative gc_urgency 0.435856 current_native_bytes is 142912601
12-15 14:13:53.315  3177  3506 I com.miui.home: CheckGCForNative adj_start_bytes: 42928646 NativeAllocationGcWatermark: 11620849 java_gc_start_bytes: 25497373 kNewNativeDiscountFactor: 2 kOldNativeDiscountFactor: 65536 old_native_bytes: 132206681 new_native_bytes: 10718784 add_bytes_allowed: 34862547 is_gc_concurrent: 1 target_footprint_: 25857933 GetBytesAllocated: 13404904 HeapGrowthMultiplier: 3
12-15 14:13:53.315  3177  3506 I com.miui.home: CheckGCForNative gc_urgency 0.437151 current_native_bytes is 142925465
12-15 14:13:53.464  7796  7796 I wm_on_create_called: [0,190032975,com.autonavi.map.activity.NewMapActivity,performCreate,165]
12-15 14:13:53.472  7796  7796 I wm_on_start_called: [0,190032975,com.autonavi.map.activity.NewMapActivity,handleStartActivity,8]
12-15 14:13:53.480  7796  7796 I wm_on_resume_called: [0,190032975,com.autonavi.map.activity.NewMapActivity,RESUME_ACTIVITY,7]
12-15 14:13:53.501  3177  3671 I com.miui.home: CheckGCForNative adj_start_bytes: 42928646 NativeAllocationGcWatermark: 11620849 java_gc_start_bytes: 25497373 kNewNativeDiscountFactor: 2 kOldNativeDiscountFactor: 65536 old_native_bytes: 132206681 new_native_bytes: 371372 add_bytes_allowed: 34862547 is_gc_concurrent: 1 target_footprint_: 25857933 GetBytesAllocated: 13814632 HeapGrowthMultiplier: 3
12-15 14:13:53.501  3177  3671 I com.miui.home: CheckGCForNative gc_urgency 0.326177 current_native_bytes is 132578053
12-15 14:13:53.521  7796  7796 I wm_on_top_resumed_gained_called: [190032975,com.autonavi.map.activity.NewMapActivity,topStateChangedWhenResumed]
12-15 14:13:53.578  3177  3463 I com.miui.home: CheckGCForNative adj_start_bytes: 42928646 NativeAllocationGcWatermark: 11620849 java_gc_start_bytes: 25497373 kNewNativeDiscountFactor: 2 kOldNativeDiscountFactor: 65536 old_native_bytes: 132206681 new_native_bytes: 2078388 add_bytes_allowed: 34862547 is_gc_concurrent: 1 target_footprint_: 25857933 GetBytesAllocated: 13994904 HeapGrowthMultiplier: 3
12-15 14:13:53.578  3177  3463 I com.miui.home: CheckGCForNative gc_urgency 0.350258 current_native_bytes is 134285069
12-15 14:13:53.594  3177  3463 I com.miui.home: CheckGCForNative adj_start_bytes: 42928646 NativeAllocationGcWatermark: 11620849 java_gc_start_bytes: 25497373 kNewNativeDiscountFactor: 2 kOldNativeDiscountFactor: 65536 old_native_bytes: 132206681 new_native_bytes: 3546220 add_bytes_allowed: 34862547 is_gc_concurrent: 1 target_footprint_: 25857933 GetBytesAllocated: 14109640 HeapGrowthMultiplier: 3
12-15 14:13:53.594  3177  3463 I com.miui.home: CheckGCForNative gc_urgency 0.370027 current_native_bytes is 135752901
12-15 14:13:53.596  3177  3671 I com.miui.home: CheckGCForNative adj_start_bytes: 42928646 NativeAllocationGcWatermark: 11620849 java_gc_start_bytes: 25497373 kNewNativeDiscountFactor: 2 kOldNativeDiscountFactor: 65536 old_native_bytes: 132206681 new_native_bytes: 3550956 add_bytes_allowed: 34862547 is_gc_concurrent: 1 target_footprint_: 25857933 GetBytesAllocated: 14126232 HeapGrowthMultiplier: 3
12-15 14:13:53.596  3177  3671 I com.miui.home: CheckGCForNative gc_urgency 0.37047 current_native_bytes is 135757637
12-15 14:13:53.624  3177  3463 I com.miui.home: CheckGCForNative adj_start_bytes: 42928646 NativeAllocationGcWatermark: 11620849 java_gc_start_bytes: 25497373 kNewNativeDiscountFactor: 2 kOldNativeDiscountFactor: 65536 old_native_bytes: 132206681 new_native_bytes: 16139820 add_bytes_allowed: 34862547 is_gc_concurrent: 1 target_footprint_: 25857933 GetBytesAllocated: 14241160 HeapGrowthMultiplier: 3
12-15 14:13:53.624  3177  3463 I com.miui.home: CheckGCForNative gc_urgency 0.519772 current_native_bytes is 148346501
12-15 14:13:53.748  3177  3671 I com.miui.home: CheckGCForNative adj_start_bytes: 42928646 NativeAllocationGcWatermark: 11620849 java_gc_start_bytes: 25497373 kNewNativeDiscountFactor: 2 kOldNativeDiscountFactor: 65536 old_native_bytes: 132206681 new_native_bytes: 14850800 add_bytes_allowed: 34862547 is_gc_concurrent: 1 target_footprint_: 25857933 GetBytesAllocated: 14568952 HeapGrowthMultiplier: 3
12-15 14:13:53.748  3177  3671 I com.miui.home: CheckGCForNative gc_urgency 0.512394 current_native_bytes is 147057481
12-15 14:13:53.801  3177  3671 I com.miui.home: CheckGCForNative adj_start_bytes: 42928646 NativeAllocationGcWatermark: 11620849 java_gc_start_bytes: 25497373 kNewNativeDiscountFactor: 2 kOldNativeDiscountFactor: 65536 old_native_bytes: 132206681 new_native_bytes: 25672224 add_bytes_allowed: 34862547 is_gc_concurrent: 1 target_footprint_: 25857933 GetBytesAllocated: 14880696 HeapGrowthMultiplier: 3
12-15 14:13:53.801  3177  3671 I com.miui.home: CheckGCForNative gc_urgency 0.645695 current_native_bytes is 157878905
12-15 14:13:53.878  7796  7796 I wm_on_top_resumed_lost_called: [190032975,com.autonavi.map.activity.NewMapActivity,topStateChangedWhenResumed]
12-15 14:13:53.879  7796  7796 I wm_on_paused_called: [0,190032975,com.autonavi.map.activity.NewMapActivity,performPause,1]
12-15 14:13:53.910  3177  3177 I wm_on_resume_called: [0,238601760,com.miui.home.launcher.Launcher,RESUME_ACTIVITY,10]
12-15 14:13:53.911  3177  3177 I wm_on_top_resumed_gained_called: [238601760,com.miui.home.launcher.Launcher,topWhenResuming]
12-15 14:13:53.918  3177  3177 I wm_on_idle_called: com.miui.home.launcher.Launcher
12-15 14:13:53.979  3177  8243 I com.miui.home: CheckGCForNative adj_start_bytes: 42928646 NativeAllocationGcWatermark: 11620849 java_gc_start_bytes: 25497373 kNewNativeDiscountFactor: 2 kOldNativeDiscountFactor: 65536 old_native_bytes: 132206681 new_native_bytes: 15259360 add_bytes_allowed: 34862547 is_gc_concurrent: 1 target_footprint_: 25857933 GetBytesAllocated: 15881080 HeapGrowthMultiplier: 3
12-15 14:13:53.979  3177  8243 I com.miui.home: CheckGCForNative gc_urgency 0.547718 current_native_bytes is 147466041
12-15 14:13:53.987  3177  8243 I com.miui.home: CheckGCForNative adj_start_bytes: 42928646 NativeAllocationGcWatermark: 11620849 java_gc_start_bytes: 25497373 kNewNativeDiscountFactor: 2 kOldNativeDiscountFactor: 65536 old_native_bytes: 132206681 new_native_bytes: 15260768 add_bytes_allowed: 34862547 is_gc_concurrent: 1 target_footprint_: 25857933 GetBytesAllocated: 15881080 HeapGrowthMultiplier: 3
12-15 14:13:53.987  3177  8243 I com.miui.home: CheckGCForNative gc_urgency 0.547734 current_native_bytes is 147467449
12-15 14:13:54.055  3177  3671 I com.miui.home: CheckGCForNative adj_start_bytes: 42928646 NativeAllocationGcWatermark: 11620849 java_gc_start_bytes: 25497373 kNewNativeDiscountFactor: 2 kOldNativeDiscountFactor: 65536 old_native_bytes: 132206681 new_native_bytes: 15610420 add_bytes_allowed: 34862547 is_gc_concurrent: 1 target_footprint_: 25857933 GetBytesAllocated: 16364536 HeapGrowthMultiplier: 3
12-15 14:13:54.055  3177  3671 I com.miui.home: CheckGCForNative gc_urgency 0.563068 current_native_bytes is 147817101
12-15 14:13:54.057  3177  3671 I com.miui.home: CheckGCForNative adj_start_bytes: 42928646 NativeAllocationGcWatermark: 11620849 java_gc_start_bytes: 25497373 kNewNativeDiscountFactor: 2 kOldNativeDiscountFactor: 65536 old_native_bytes: 132206681 new_native_bytes: 26316468 add_bytes_allowed: 34862547 is_gc_concurrent: 1 target_footprint_: 25857933 GetBytesAllocated: 16364536 HeapGrowthMultiplier: 3
12-15 14:13:54.057  3177  3671 I com.miui.home: CheckGCForNative gc_urgency 0.687764 current_native_bytes is 158523149
12-15 14:13:54.103  3177  3671 I com.miui.home: CheckGCForNative adj_start_bytes: 42928646 NativeAllocationGcWatermark: 11620849 java_gc_start_bytes: 25497373 kNewNativeDiscountFactor: 2 kOldNativeDiscountFactor: 65536 old_native_bytes: 132206681 new_native_bytes: 16270504 add_bytes_allowed: 34862547 is_gc_concurrent: 1 target_footprint_: 25857933 GetBytesAllocated: 16725272 HeapGrowthMultiplier: 3
12-15 14:13:54.103  3177  3671 I com.miui.home: CheckGCForNative gc_urgency 0.57916 current_native_bytes is 148477185
12-15 14:13:54.391  3177  3177 I wm_on_top_resumed_lost_called: [238601760,com.miui.home.launcher.Launcher,topStateChangedWhenResumed]
12-15 14:13:54.395  3177  3177 I wm_on_paused_called: [0,238601760,com.miui.home.launcher.Launcher,performPause,2]
12-15 14:13:54.504  3177  3671 I com.miui.home: CheckGCForNative adj_start_bytes: 42928646 NativeAllocationGcWatermark: 11620849 java_gc_start_bytes: 25497373 kNewNativeDiscountFactor: 2 kOldNativeDiscountFactor: 65536 old_native_bytes: 132206681 new_native_bytes: 17120408 add_bytes_allowed: 34862547 is_gc_concurrent: 1 target_footprint_: 25857933 GetBytesAllocated: 17462776 HeapGrowthMultiplier: 3
12-15 14:13:54.504  3177  3671 I com.miui.home: CheckGCForNative gc_urgency 0.606238 current_native_bytes is 149327089
12-15 14:13:54.669  3177  3671 I com.miui.home: CheckGCForNative adj_start_bytes: 42928646 NativeAllocationGcWatermark: 11620849 java_gc_start_bytes: 25497373 kNewNativeDiscountFactor: 2 kOldNativeDiscountFactor: 65536 old_native_bytes: 132206681 new_native_bytes: 22631700 add_bytes_allowed: 34862547 is_gc_concurrent: 1 target_footprint_: 25857933 GetBytesAllocated: 17979144 HeapGrowthMultiplier: 3
12-15 14:13:54.670  3177  3671 I com.miui.home: CheckGCForNative gc_urgency 0.682458 current_native_bytes is 154838381
12-15 14:13:54.725  3177  3463 I com.miui.home: CheckGCForNative adj_start_bytes: 42928646 NativeAllocationGcWatermark: 11620849 java_gc_start_bytes: 25497373 kNewNativeDiscountFactor: 2 kOldNativeDiscountFactor: 65536 old_native_bytes: 132206681 new_native_bytes: 18279428 add_bytes_allowed: 34862547 is_gc_concurrent: 1 target_footprint_: 25857933 GetBytesAllocated: 18192136 HeapGrowthMultiplier: 3
12-15 14:13:54.725  3177  3463 I com.miui.home: CheckGCForNative gc_urgency 0.636728 current_native_bytes is 150486109
12-15 14:13:54.826  3177  3506 I com.miui.home: CheckGCForNative adj_start_bytes: 42928646 NativeAllocationGcWatermark: 11620849 java_gc_start_bytes: 25497373 kNewNativeDiscountFactor: 2 kOldNativeDiscountFactor: 65536 old_native_bytes: 132206681 new_native_bytes: 18447556 add_bytes_allowed: 34862547 is_gc_concurrent: 1 target_footprint_: 25857933 GetBytesAllocated: 18257672 HeapGrowthMultiplier: 3
12-15 14:13:54.826  3177  3506 I com.miui.home: CheckGCForNative gc_urgency 0.640213 current_native_bytes is 150654237
12-15 14:13:54.963  8290  8290 I wm_on_create_called: [0,228930109,fm.qingting.qtradio.WelcomeActivity,performCreate,112]
12-15 14:13:54.964  8290  8290 I wm_on_start_called: [0,228930109,fm.qingting.qtradio.WelcomeActivity,handleStartActivity,0]
12-15 14:13:54.968  8290  8290 I wm_on_resume_called: [0,228930109,fm.qingting.qtradio.WelcomeActivity,RESUME_ACTIVITY,3]
12-15 14:13:54.992  8290  8290 I wm_on_top_resumed_gained_called: [228930109,fm.qingting.qtradio.WelcomeActivity,topStateChangedWhenResumed]
12-15 14:13:55.048  3177  3506 I com.miui.home: CheckGCForNative adj_start_bytes: 42928646 NativeAllocationGcWatermark: 11620849 java_gc_start_bytes: 25497373 kNewNativeDiscountFactor: 2 kOldNativeDiscountFactor: 65536 old_native_bytes: 132206681 new_native_bytes: 18381860 add_bytes_allowed: 34862547 is_gc_concurrent: 1 target_footprint_: 25857933 GetBytesAllocated: 18454344 HeapGrowthMultiplier: 3
12-15 14:13:55.048  3177  3506 I com.miui.home: CheckGCForNative gc_urgency 0.644029 current_native_bytes is 150588541
12-15 14:13:55.277  3177  3177 I wm_on_stop_called: [0,238601760,com.miui.home.launcher.Launcher,STOP_ACTIVITY_ITEM,10]
12-15 14:13:55.558  8290  8290 I wm_on_idle_called: fm.qingting.qtradio.WelcomeActivity
12-15 14:13:55.999  3177  3177 I wm_on_restart_called: [0,238601760,com.miui.home.launcher.Launcher,performRestartActivity,0]
12-15 14:13:56.001  3177  3177 I wm_on_start_called: [0,238601760,com.miui.home.launcher.Launcher,handleStartActivity,2]
12-15 14:13:56.075  3177  3564 I com.miui.home: CheckGCForNative gc_urgency 0 current_native_bytes is 144683881
12-15 14:13:56.076  3177  3564 I com.miui.home: CheckGCForNative adj_start_bytes: 43289482 NativeAllocationGcWatermark: 11634675 java_gc_start_bytes: 25837470 kNewNativeDiscountFactor: 2 kOldNativeDiscountFactor: 65536 old_native_bytes: 144683881 new_native_bytes: 10707008 add_bytes_allowed: 34904025 is_gc_concurrent: 1 target_footprint_: 25968542 GetBytesAllocated: 13591024 HeapGrowthMultiplier: 3
12-15 14:13:56.076  3177  3564 I com.miui.home: CheckGCForNative gc_urgency 0.437675 current_native_bytes is 155390889
12-15 14:13:56.128  3177  3564 I com.miui.home: CheckGCForNative adj_start_bytes: 43289482 NativeAllocationGcWatermark: 11634675 java_gc_start_bytes: 25837470 kNewNativeDiscountFactor: 2 kOldNativeDiscountFactor: 65536 old_native_bytes: 144683881 new_native_bytes: 10819092 add_bytes_allowed: 34904025 is_gc_concurrent: 1 target_footprint_: 25968542 GetBytesAllocated: 13672944 HeapGrowthMultiplier: 3
12-15 14:13:56.128  3177  3564 I com.miui.home: CheckGCForNative gc_urgency 0.440862 current_native_bytes is 155502973
12-15 14:13:56.287  3177  3506 I com.miui.home: CheckGCForNative adj_start_bytes: 43289482 NativeAllocationGcWatermark: 11634675 java_gc_start_bytes: 25837470 kNewNativeDiscountFactor: 2 kOldNativeDiscountFactor: 65536 old_native_bytes: 144683881 new_native_bytes: 56652 add_bytes_allowed: 34904025 is_gc_concurrent: 1 target_footprint_: 25968542 GetBytesAllocated: 13787824 HeapGrowthMultiplier: 3
12-15 14:13:56.287  3177  3506 I com.miui.home: CheckGCForNative gc_urgency 0.319208 current_native_bytes is 144740533
12-15 14:13:56.376  3177  3506 I com.miui.home: CheckGCForNative adj_start_bytes: 43289482 NativeAllocationGcWatermark: 11634675 java_gc_start_bytes: 25837470 kNewNativeDiscountFactor: 2 kOldNativeDiscountFactor: 65536 old_native_bytes: 144683881 new_native_bytes: 54412 add_bytes_allowed: 34904025 is_gc_concurrent: 1 target_footprint_: 25968542 GetBytesAllocated: 13836976 HeapGrowthMultiplier: 3
12-15 14:13:56.376  3177  3506 I com.miui.home: CheckGCForNative gc_urgency 0.320318 current_native_bytes is 144738293
12-15 14:13:56.542  8290  8290 I wm_on_top_resumed_lost_called: [228930109,fm.qingting.qtradio.WelcomeActivity,topStateChangedWhenResumed]
12-15 14:13:56.564  3177  3177 I wm_on_resume_called: [0,238601760,com.miui.home.launcher.Launcher,RESUME_ACTIVITY,4]
12-15 14:13:56.567  3177  3177 I wm_on_idle_called: com.miui.home.launcher.Launcher
12-15 14:13:56.583  3177  3177 I wm_on_top_resumed_gained_called: [238601760,com.miui.home.launcher.Launcher,topStateChangedWhenResumed]
12-15 14:13:56.634  8290  8290 I wm_on_paused_called: [0,228930109,fm.qingting.qtradio.WelcomeActivity,performPause,50]
12-15 14:13:56.697  8290  8290 I wm_on_stop_called: [0,228930109,fm.qingting.qtradio.WelcomeActivity,STOP_ACTIVITY_ITEM,24]
12-15 14:13:56.778  3177  3671 I com.miui.home: CheckGCForNative adj_start_bytes: 43289482 NativeAllocationGcWatermark: 11634675 java_gc_start_bytes: 25837470 kNewNativeDiscountFactor: 2 kOldNativeDiscountFactor: 65536 old_native_bytes: 144683881 new_native_bytes: 218544 add_bytes_allowed: 34904025 is_gc_concurrent: 1 target_footprint_: 25968542 GetBytesAllocated: 15083232 HeapGrowthMultiplier: 3
12-15 14:13:56.778  3177  3671 I com.miui.home: CheckGCForNative gc_urgency 0.351002 current_native_bytes is 144902425
12-15 14:13:56.806  3177  3671 I com.miui.home: CheckGCForNative adj_start_bytes: 43289482 NativeAllocationGcWatermark: 11634675 java_gc_start_bytes: 25837470 kNewNativeDiscountFactor: 2 kOldNativeDiscountFactor: 65536 old_native_bytes: 144683881 new_native_bytes: 11042736 add_bytes_allowed: 34904025 is_gc_concurrent: 1 target_footprint_: 25968542 GetBytesAllocated: 15230688 HeapGrowthMultiplier: 3
12-15 14:13:56.806  3177  3671 I com.miui.home: CheckGCForNative gc_urgency 0.47943 current_native_bytes is 155726617
12-15 14:13:56.830  3177  3463 I com.miui.home: CheckGCForNative adj_start_bytes: 43289482 NativeAllocationGcWatermark: 11634675 java_gc_start_bytes: 25837470 kNewNativeDiscountFactor: 2 kOldNativeDiscountFactor: 65536 old_native_bytes: 144683881 new_native_bytes: 675240 add_bytes_allowed: 34904025 is_gc_concurrent: 1 target_footprint_: 25968542 GetBytesAllocated: 15460608 HeapGrowthMultiplier: 3
12-15 14:13:56.830  3177  3463 I com.miui.home: CheckGCForNative gc_urgency 0.364995 current_native_bytes is 145359121
12-15 14:13:56.836  3177  3463 I com.miui.home: CheckGCForNative adj_start_bytes: 43289482 NativeAllocationGcWatermark: 11634675 java_gc_start_bytes: 25837470 kNewNativeDiscountFactor: 2 kOldNativeDiscountFactor: 65536 old_native_bytes: 144683881 new_native_bytes: 1145544 add_bytes_allowed: 34904025 is_gc_concurrent: 1 target_footprint_: 25968542 GetBytesAllocated: 15476992 HeapGrowthMultiplier: 3
12-15 14:13:56.836  3177  3463 I com.miui.home: CheckGCForNative gc_urgency 0.370805 current_native_bytes is 145829425
12-15 14:13:56.840  3177  3671 I com.miui.home: CheckGCForNative adj_start_bytes: 43289482 NativeAllocationGcWatermark: 11634675 java_gc_start_bytes: 25837470 kNewNativeDiscountFactor: 2 kOldNativeDiscountFactor: 65536 old_native_bytes: 144683881 new_native_bytes: 1550460 add_bytes_allowed: 34904025 is_gc_concurrent: 1 target_footprint_: 25968542 GetBytesAllocated: 15493376 HeapGrowthMultiplier: 3
12-15 14:13:56.840  3177  3671 I com.miui.home: CheckGCForNative gc_urgency 0.375861 current_native_bytes is 146234341
12-15 14:13:56.895  3177  3463 I com.miui.home: CheckGCForNative adj_start_bytes: 43289482 NativeAllocationGcWatermark: 11634675 java_gc_start_bytes: 25837470 kNewNativeDiscountFactor: 2 kOldNativeDiscountFactor: 65536 old_native_bytes: 144683881 new_native_bytes: 1980844 add_bytes_allowed: 34904025 is_gc_concurrent: 1 target_footprint_: 25968542 GetBytesAllocated: 15804672 HeapGrowthMultiplier: 3
12-15 14:13:56.895  3177  3463 I com.miui.home: CheckGCForNative gc_urgency 0.388023 current_native_bytes is 146664725
12-15 14:13:56.943  3177  3177 I wm_on_top_resumed_lost_called: [238601760,com.miui.home.launcher.Launcher,topStateChangedWhenResumed]
12-15 14:13:56.952  3177  3177 I wm_on_paused_called: [0,238601760,com.miui.home.launcher.Launcher,performPause,1]
12-15 14:13:57.098  3177  3506 I com.miui.home: CheckGCForNative adj_start_bytes: 43289482 NativeAllocationGcWatermark: 11634675 java_gc_start_bytes: 25837470 kNewNativeDiscountFactor: 2 kOldNativeDiscountFactor: 65536 old_native_bytes: 144683881 new_native_bytes: 2784724 add_bytes_allowed: 34904025 is_gc_concurrent: 1 target_footprint_: 25968542 GetBytesAllocated: 16632464 HeapGrowthMultiplier: 3
12-15 14:13:57.098  3177  3506 I com.miui.home: CheckGCForNative gc_urgency 0.41643 current_native_bytes is 147468605
12-15 14:13:57.246  3177  3671 I com.miui.home: CheckGCForNative adj_start_bytes: 43289482 NativeAllocationGcWatermark: 11634675 java_gc_start_bytes: 25837470 kNewNativeDiscountFactor: 2 kOldNativeDiscountFactor: 65536 old_native_bytes: 144683881 new_native_bytes: 2852136 add_bytes_allowed: 34904025 is_gc_concurrent: 1 target_footprint_: 25968542 GetBytesAllocated: 17075408 HeapGrowthMultiplier: 3
12-15 14:13:57.246  3177  3671 I com.miui.home: CheckGCForNative gc_urgency 0.427441 current_native_bytes is 147536017
12-15 14:13:57.343  3177  3506 I com.miui.home: CheckGCForNative adj_start_bytes: 43289482 NativeAllocationGcWatermark: 11634675 java_gc_start_bytes: 25837470 kNewNativeDiscountFactor: 2 kOldNativeDiscountFactor: 65536 old_native_bytes: 144683881 new_native_bytes: 3020728 add_bytes_allowed: 34904025 is_gc_concurrent: 1 target_footprint_: 25968542 GetBytesAllocated: 17337552 HeapGrowthMultiplier: 3
12-15 14:13:57.343  3177  3506 I com.miui.home: CheckGCForNative gc_urgency 0.435444 current_native_bytes is 147704609
12-15 14:13:57.354  3177  3506 I com.miui.home: CheckGCForNative adj_start_bytes: 43289482 NativeAllocationGcWatermark: 11634675 java_gc_start_bytes: 25837470 kNewNativeDiscountFactor: 2 kOldNativeDiscountFactor: 65536 old_native_bytes: 144683881 new_native_bytes: 3103864 add_bytes_allowed: 34904025 is_gc_concurrent: 1 target_footprint_: 25968542 GetBytesAllocated: 17370320 HeapGrowthMultiplier: 3
12-15 14:13:57.354  3177  3506 I com.miui.home: CheckGCForNative gc_urgency 0.437161 current_native_bytes is 147787745
12-15 14:13:57.428  3177  3177 I com.miui.home: CheckGCForNative adj_start_bytes: 43289482 NativeAllocationGcWatermark: 11634675 java_gc_start_bytes: 25837470 kNewNativeDiscountFactor: 2 kOldNativeDiscountFactor: 65536 old_native_bytes: 144683881 new_native_bytes: 3438784 add_bytes_allowed: 34904025 is_gc_concurrent: 1 target_footprint_: 25968542 GetBytesAllocated: 18058608 HeapGrowthMultiplier: 3
12-15 14:13:57.428  3177  3177 I com.miui.home: CheckGCForNative gc_urgency 0.456929 current_native_bytes is 148122665
12-15 14:13:57.731  8707  8707 I wm_on_create_called: [0,212644377,com.xunmeng.pinduoduo.ui.activity.MainFrameActivity,performCreate,106]
12-15 14:13:57.779  8290  8290 I wm_on_destroy_called: [0,228930109,fm.qingting.qtradio.WelcomeActivity,performDestroy,5]
12-15 14:13:57.898  8707  8707 I wm_on_create_called: [0,228475808,com.xunmeng.pinduoduo.ui.activity.HomeActivity,performCreate,33]
12-15 14:13:57.926  8707  8707 I wm_on_start_called: [0,228475808,com.xunmeng.pinduoduo.ui.activity.HomeActivity,handleStartActivity,28]
12-15 14:13:57.931  8707  8707 I wm_on_resume_called: [0,228475808,com.xunmeng.pinduoduo.ui.activity.HomeActivity,RESUME_ACTIVITY,4]
12-15 14:13:57.957  8707  8707 I wm_on_top_resumed_gained_called: [228475808,com.xunmeng.pinduoduo.ui.activity.HomeActivity,topStateChangedWhenResumed]
12-15 14:13:58.013  3177  3671 I com.miui.home: CheckGCForNative adj_start_bytes: 43289482 NativeAllocationGcWatermark: 11634675 java_gc_start_bytes: 25837470 kNewNativeDiscountFactor: 2 kOldNativeDiscountFactor: 65536 old_native_bytes: 144683881 new_native_bytes: 3297604 add_bytes_allowed: 34904025 is_gc_concurrent: 1 target_footprint_: 25968542 GetBytesAllocated: 18517920 HeapGrowthMultiplier: 3
12-15 14:13:58.013  3177  3671 I com.miui.home: CheckGCForNative gc_urgency 0.465908 current_native_bytes is 147981485
12-15 14:13:58.109  3177  3671 I com.miui.home: CheckGCForNative adj_start_bytes: 43289482 NativeAllocationGcWatermark: 11634675 java_gc_start_bytes: 25837470 kNewNativeDiscountFactor: 2 kOldNativeDiscountFactor: 65536 old_native_bytes: 144683881 new_native_bytes: 3746968 add_bytes_allowed: 34904025 is_gc_concurrent: 1 target_footprint_: 25968542 GetBytesAllocated: 18894976 HeapGrowthMultiplier: 3
12-15 14:13:58.109  3177  3671 I com.miui.home: CheckGCForNative gc_urgency 0.479809 current_native_bytes is 148430849
12-15 14:13:58.223  3177  3671 I com.miui.home: CheckGCForNative adj_start_bytes: 43289482 NativeAllocationGcWatermark: 11634675 java_gc_start_bytes: 25837470 kNewNativeDiscountFactor: 2 kOldNativeDiscountFactor: 65536 old_native_bytes: 144683881 new_native_bytes: 4079756 add_bytes_allowed: 34904025 is_gc_concurrent: 1 target_footprint_: 25968542 GetBytesAllocated: 19272032 HeapGrowthMultiplier: 3
12-15 14:13:58.223  3177  3671 I com.miui.home: CheckGCForNative gc_urgency 0.492362 current_native_bytes is 148763637
12-15 14:13:58.405  3177  3177 I wm_on_stop_called: [0,238601760,com.miui.home.launcher.Launcher,STOP_ACTIVITY_ITEM,6]
12-15 14:13:58.409  8707  8707 I wm_on_destroy_called: [0,212644377,com.xunmeng.pinduoduo.ui.activity.MainFrameActivity,performDestroy,2]
12-15 14:13:58.499  8707  8707 I wm_on_idle_called: com.xunmeng.pinduoduo.ui.activity.HomeActivity
12-15 14:13:58.756  8707  8707 I wm_on_top_resumed_lost_called: [228475808,com.xunmeng.pinduoduo.ui.activity.HomeActivity,topStateChangedWhenResumed]
12-15 14:13:58.759  8707  8707 I wm_on_paused_called: [0,228475808,com.xunmeng.pinduoduo.ui.activity.HomeActivity,performPause,1]
12-15 14:13:58.917  8707  8707 I wm_on_create_called: [0,132216508,com.xunmeng.pinduoduo.login.LoginActivity,performCreate,50]
12-15 14:13:58.995  8707  8707 I wm_on_start_called: [0,132216508,com.xunmeng.pinduoduo.login.LoginActivity,handleStartActivity,40]
12-15 14:13:58.997  8707  8707 I wm_on_resume_called: [0,132216508,com.xunmeng.pinduoduo.login.LoginActivity,RESUME_ACTIVITY,1]
12-15 14:13:59.005  8707  8707 I wm_on_top_resumed_gained_called: [132216508,com.xunmeng.pinduoduo.login.LoginActivity,topStateChangedWhenResumed]
12-15 14:13:59.045  3177  3671 I com.miui.home: CheckGCForNative gc_urgency 0 current_native_bytes is 133858405
12-15 14:13:59.123  8707  8707 I wm_on_top_resumed_lost_called: [132216508,com.xunmeng.pinduoduo.login.LoginActivity,topStateChangedWhenResumed]
12-15 14:13:59.143  8707  8707 I wm_on_paused_called: [0,132216508,com.xunmeng.pinduoduo.login.LoginActivity,performPause,0]
12-15 14:13:59.165  8707  8707 I wm_on_idle_called: com.xunmeng.pinduoduo.login.LoginActivity
12-15 14:13:59.289  3177  3671 I com.miui.home: CheckGCForNative adj_start_bytes: 43897036 NativeAllocationGcWatermark: 11704671 java_gc_start_bytes: 26340030 kNewNativeDiscountFactor: 2 kOldNativeDiscountFactor: 65536 old_native_bytes: 133858405 new_native_bytes: 1074220 add_bytes_allowed: 35114013 is_gc_concurrent: 1 target_footprint_: 26528510 GetBytesAllocated: 14449168 HeapGrowthMultiplier: 3
12-15 14:13:59.289  3177  3671 I com.miui.home: CheckGCForNative gc_urgency 0.341443 current_native_bytes is 134932625
12-15 14:13:59.434  3177  3671 I com.miui.home: CheckGCForNative adj_start_bytes: 43897036 NativeAllocationGcWatermark: 11704671 java_gc_start_bytes: 26340030 kNewNativeDiscountFactor: 2 kOldNativeDiscountFactor: 65536 old_native_bytes: 133858405 new_native_bytes: 1569504 add_bytes_allowed: 35114013 is_gc_concurrent: 1 target_footprint_: 26528510 GetBytesAllocated: 14908240 HeapGrowthMultiplier: 3
12-15 14:13:59.434  3177  3671 I com.miui.home: CheckGCForNative gc_urgency 0.357542 current_native_bytes is 135427909
12-15 14:13:59.808  3177  3177 I wm_on_restart_called: [0,238601760,com.miui.home.launcher.Launcher,performRestartActivity,0]
12-15 14:13:59.809  3177  3177 I wm_on_start_called: [0,238601760,com.miui.home.launcher.Launcher,handleStartActivity,1]
12-15 14:13:59.976  3177  3506 I com.miui.home: CheckGCForNative adj_start_bytes: 43897036 NativeAllocationGcWatermark: 11704671 java_gc_start_bytes: 26340030 kNewNativeDiscountFactor: 2 kOldNativeDiscountFactor: 65536 old_native_bytes: 133858405 new_native_bytes: 1861832 add_bytes_allowed: 35114013 is_gc_concurrent: 1 target_footprint_: 26528510 GetBytesAllocated: 15867056 HeapGrowthMultiplier: 3
12-15 14:13:59.976  3177  3506 I com.miui.home: CheckGCForNative gc_urgency 0.382714 current_native_bytes is 135720237
12-15 14:14:00.005  8919  8919 I wm_on_create_called: [0,183462732,com.xiaomi.market.ui.JoinActivity,performCreate,296]
12-15 14:14:00.076  3177  3506 I com.miui.home: CheckGCForNative adj_start_bytes: 43897036 NativeAllocationGcWatermark: 11704671 java_gc_start_bytes: 26340030 kNewNativeDiscountFactor: 2 kOldNativeDiscountFactor: 65536 old_native_bytes: 133858405 new_native_bytes: 1872016 add_bytes_allowed: 35114013 is_gc_concurrent: 1 target_footprint_: 26528510 GetBytesAllocated: 16031184 HeapGrowthMultiplier: 3
12-15 14:14:00.076  3177  3506 I com.miui.home: CheckGCForNative gc_urgency 0.386569 current_native_bytes is 135730421
12-15 14:14:00.155  8919  8919 I wm_on_create_called: [0,231910094,com.xiaomi.market.ui.detail.AppDetailActivityInner,performCreate,84]
12-15 14:14:00.166  8919  8919 I wm_on_start_called: [0,231910094,com.xiaomi.market.ui.detail.AppDetailActivityInner,handleStartActivity,10]
12-15 14:14:00.170  8919  8919 I wm_on_resume_called: [0,231910094,com.xiaomi.market.ui.detail.AppDetailActivityInner,RESUME_ACTIVITY,3]
12-15 14:14:00.212  8919  8919 I wm_on_top_resumed_gained_called: [231910094,com.xiaomi.market.ui.detail.AppDetailActivityInner,topStateChangedWhenResumed]
12-15 14:14:00.218  8919  8919 I wm_on_destroy_called: [0,183462732,com.xiaomi.market.ui.JoinActivity,performDestroy,4]
12-15 14:14:00.254  3177  3671 I com.miui.home: CheckGCForNative adj_start_bytes: 43897036 NativeAllocationGcWatermark: 11704671 java_gc_start_bytes: 26340030 kNewNativeDiscountFactor: 2 kOldNativeDiscountFactor: 65536 old_native_bytes: 133858405 new_native_bytes: 1938516 add_bytes_allowed: 35114013 is_gc_concurrent: 1 target_footprint_: 26528510 GetBytesAllocated: 16375456 HeapGrowthMultiplier: 3
12-15 14:14:00.254  3177  3671 I com.miui.home: CheckGCForNative gc_urgency 0.395169 current_native_bytes is 135796921
12-15 14:14:00.291  8983  8983 I wm_on_application_create_called: [0,com.xunmeng.pinduoduo,232]
12-15 14:14:00.421  3177  3177 I wm_on_resume_called: [0,238601760,com.miui.home.launcher.Launcher,RESUME_ACTIVITY,7]
12-15 14:14:00.437  3177  7615 I com.miui.home: CheckGCForNative adj_start_bytes: 43897036 NativeAllocationGcWatermark: 11704671 java_gc_start_bytes: 26340030 kNewNativeDiscountFactor: 2 kOldNativeDiscountFactor: 65536 old_native_bytes: 133858405 new_native_bytes: 2317672 add_bytes_allowed: 35114013 is_gc_concurrent: 1 target_footprint_: 26528510 GetBytesAllocated: 16724352 HeapGrowthMultiplier: 3
12-15 14:14:00.437  3177  7615 I com.miui.home: CheckGCForNative gc_urgency 0.407436 current_native_bytes is 136176077
12-15 14:14:00.454  8919  8919 I wm_on_top_resumed_lost_called: [231910094,com.xiaomi.market.ui.detail.AppDetailActivityInner,topStateChangedWhenResumed]
12-15 14:14:00.498  8919  8919 I wm_on_paused_called: [0,231910094,com.xiaomi.market.ui.detail.AppDetailActivityInner,performPause,1]
12-15 14:14:00.514  3177  3177 I wm_on_top_resumed_gained_called: [238601760,com.miui.home.launcher.Launcher,topStateChangedWhenResumed]
12-15 14:14:00.522  3177  3177 I wm_on_idle_called: com.miui.home.launcher.Launcher
12-15 14:14:00.541  3177  3671 I com.miui.home: CheckGCForNative adj_start_bytes: 43897036 NativeAllocationGcWatermark: 11704671 java_gc_start_bytes: 26340030 kNewNativeDiscountFactor: 2 kOldNativeDiscountFactor: 65536 old_native_bytes: 133858405 new_native_bytes: 13039248 add_bytes_allowed: 35114013 is_gc_concurrent: 1 target_footprint_: 26528510 GetBytesAllocated: 17560080 HeapGrowthMultiplier: 3
12-15 14:14:00.541  3177  3671 I com.miui.home: CheckGCForNative gc_urgency 0.548596 current_native_bytes is 146897653
12-15 14:14:00.541  3177  3671 I com.miui.home: CheckGCForNative adj_start_bytes: 43897036 NativeAllocationGcWatermark: 11704671 java_gc_start_bytes: 26340030 kNewNativeDiscountFactor: 2 kOldNativeDiscountFactor: 65536 old_native_bytes: 133858405 new_native_bytes: 23746704 add_bytes_allowed: 35114013 is_gc_concurrent: 1 target_footprint_: 26528510 GetBytesAllocated: 17576656 HeapGrowthMultiplier: 3
12-15 14:14:00.541  3177  3671 I com.miui.home: CheckGCForNative gc_urgency 0.670935 current_native_bytes is 157605109
12-15 14:14:00.558  8919  8919 I wm_on_stop_called: [0,231910094,com.xiaomi.market.ui.detail.AppDetailActivityInner,STOP_ACTIVITY_ITEM,6]
12-15 14:14:00.584  3177  3228 I com.miui.home: CheckGCForNative adj_start_bytes: 43897036 NativeAllocationGcWatermark: 11704671 java_gc_start_bytes: 26340030 kNewNativeDiscountFactor: 2 kOldNativeDiscountFactor: 65536 old_native_bytes: 133858405 new_native_bytes: 23706960 add_bytes_allowed: 35114013 is_gc_concurrent: 1 target_footprint_: 26528510 GetBytesAllocated: 17625984 HeapGrowthMultiplier: 3
12-15 14:14:00.584  3177  3228 I com.miui.home: CheckGCForNative gc_urgency 0.671606 current_native_bytes is 157565365
12-15 14:14:00.631  8707  8707 I wm_on_stop_called: [0,132216508,com.xunmeng.pinduoduo.login.LoginActivity,STOP_ACTIVITY_ITEM,6]
12-15 14:14:00.646  8919  8919 I wm_on_idle_called: com.xiaomi.market.ui.detail.AppDetailActivityInner
12-15 14:14:00.740  3177  3671 I com.miui.home: CheckGCForNative adj_start_bytes: 43897036 NativeAllocationGcWatermark: 11704671 java_gc_start_bytes: 26340030 kNewNativeDiscountFactor: 2 kOldNativeDiscountFactor: 65536 old_native_bytes: 133858405 new_native_bytes: 13253796 add_bytes_allowed: 35114013 is_gc_concurrent: 1 target_footprint_: 26528510 GetBytesAllocated: 17970368 HeapGrowthMultiplier: 3
12-15 14:14:00.740  3177  3671 I com.miui.home: CheckGCForNative gc_urgency 0.560387 current_native_bytes is 147112201
12-15 14:14:00.755  3177  3671 I com.miui.home: CheckGCForNative adj_start_bytes: 43897036 NativeAllocationGcWatermark: 11704671 java_gc_start_bytes: 26340030 kNewNativeDiscountFactor: 2 kOldNativeDiscountFactor: 65536 old_native_bytes: 133858405 new_native_bytes: 23928036 add_bytes_allowed: 35114013 is_gc_concurrent: 1 target_footprint_: 26528510 GetBytesAllocated: 18035904 HeapGrowthMultiplier: 3
12-15 14:14:00.755  3177  3671 I com.miui.home: CheckGCForNative gc_urgency 0.683462 current_native_bytes is 157786441
12-15 14:14:00.793  8707  8707 I wm_on_stop_called: [0,228475808,com.xunmeng.pinduoduo.ui.activity.HomeActivity,STOP_ACTIVITY_ITEM,153]
