12-18 15:53:05.921  3183  3622 I com.miui.home: CheckGCForNative gc_urgency 0.710722 current_native_bytes is 142734997
12-18 15:53:05.944  3183  3425 I com.miui.home: CheckGCForNative adj_start_bytes: 43415319 NativeAllocationGcWatermark: 11654843 java_gc_start_bytes: 25933055 kNewNativeDiscountFactor: 2 kOldNativeDiscountFactor: 65536 old_native_bytes: 118343285 new_native_bytes: 35487252 add_bytes_allowed: 34964529 is_gc_concurrent: 1 target_footprint_: 26129887 GetBytesAllocated: 18888208 HeapGrowthMultiplier: 3
12-18 15:53:05.944  3183  3425 I com.miui.home: CheckGCForNative gc_urgency 0.843795 current_native_bytes is 153830537
12-18 15:53:05.972  8846  8846 I wm_on_stop_called: [0,60606475,com.eg.android.AlipayGphone.AlipayLogin,STOP_ACTIVITY_ITEM,62]
12-18 15:53:05.979  3183  3622 I com.miui.home: CheckGCForNative adj_start_bytes: 43415319 NativeAllocationGcWatermark: 11654843 java_gc_start_bytes: 25933055 kNewNativeDiscountFactor: 2 kOldNativeDiscountFactor: 65536 old_native_bytes: 118343285 new_native_bytes: 50289012 add_bytes_allowed: 34964529 is_gc_concurrent: 1 target_footprint_: 26129887 GetBytesAllocated: 19035856 HeapGrowthMultiplier: 3
12-18 15:53:05.979  3183  3622 I com.miui.home: CheckGCForNative gc_urgency 1.01766 current_native_bytes is 168632297
12-18 15:53:05.979  3183  3622 I com.miui.home: CheckGCForNative requested 1
12-18 15:53:05.986  3183  3425 I com.miui.home: CheckGCForNative adj_start_bytes: 43415319 NativeAllocationGcWatermark: 11654843 java_gc_start_bytes: 25933055 kNewNativeDiscountFactor: 2 kOldNativeDiscountFactor: 65536 old_native_bytes: 118343285 new_native_bytes: 50352500 add_bytes_allowed: 34964529 is_gc_concurrent: 1 target_footprint_: 26129887 GetBytesAllocated: 19035856 HeapGrowthMultiplier: 3
12-18 15:53:05.986  3183  3425 I com.miui.home: CheckGCForNative gc_urgency 1.01839 current_native_bytes is 168695785
12-18 15:53:05.987  3183  3425 I com.miui.home: CheckGCForNative requested 1
12-18 15:53:05.987  3183  3425 I com.miui.home: CheckGCForNative adj_start_bytes: 43415319 NativeAllocationGcWatermark: 11654843 java_gc_start_bytes: 25933055 kNewNativeDiscountFactor: 2 kOldNativeDiscountFactor: 65536 old_native_bytes: 118343285 new_native_bytes: 38556660 add_bytes_allowed: 34964529 is_gc_concurrent: 1 target_footprint_: 26129887 GetBytesAllocated: 19035856 HeapGrowthMultiplier: 3
12-18 15:53:05.987  3183  3425 I com.miui.home: CheckGCForNative gc_urgency 0.882545 current_native_bytes is 156899945
12-18 15:53:05.998  3183  3425 I com.miui.home: CheckGCForNative adj_start_bytes: 43415319 NativeAllocationGcWatermark: 11654843 java_gc_start_bytes: 25933055 kNewNativeDiscountFactor: 2 kOldNativeDiscountFactor: 65536 old_native_bytes: 118343285 new_native_bytes: 39343604 add_bytes_allowed: 34964529 is_gc_concurrent: 1 target_footprint_: 26129887 GetBytesAllocated: 19085008 HeapGrowthMultiplier: 3
12-18 15:53:05.998  3183  3425 I com.miui.home: CheckGCForNative gc_urgency 0.892741 current_native_bytes is 157686889
12-18 15:53:06.081  3183  3215 I com.miui.home: NativeAlloc concurrent copying GC freed 117649(5564KB) AllocSpace objects, 10(384KB) LOS objects, 49% free, 12MB/25MB, paused 39us,519us total 101.058ms
12-18 15:53:06.089  3183  3183 I wm_on_top_resumed_lost_called: [209285936,com.miui.home.launcher.Launcher,topStateChangedWhenResumed]
12-18 15:53:06.097  3183  3183 I wm_on_paused_called: [0,209285936,com.miui.home.launcher.Launcher,performPause,2]
12-18 15:53:06.139  3183  3425 I com.miui.home: CheckGCForNative gc_urgency 0 current_native_bytes is 144558285
12-18 15:53:06.142  3183  3425 I com.miui.home: CheckGCForNative gc_urgency 0 current_native_bytes is 135281941
12-18 15:53:06.206  3183  3425 I com.miui.home: CheckGCForNative adj_start_bytes: 43844248 NativeAllocationGcWatermark: 11718951 java_gc_start_bytes: 26265822 kNewNativeDiscountFactor: 2 kOldNativeDiscountFactor: 65536 old_native_bytes: 135281941 new_native_bytes: 5920128 add_bytes_allowed: 35156853 is_gc_concurrent: 1 target_footprint_: 26642750 GetBytesAllocated: 13813376 HeapGrowthMultiplier: 3
12-18 15:53:06.207  3183  3425 I com.miui.home: CheckGCForNative gc_urgency 0.382616 current_native_bytes is 141202069
12-18 15:53:06.254  3183  3622 I com.miui.home: CheckGCForNative adj_start_bytes: 43844248 NativeAllocationGcWatermark: 11718951 java_gc_start_bytes: 26265822 kNewNativeDiscountFactor: 2 kOldNativeDiscountFactor: 65536 old_native_bytes: 135281941 new_native_bytes: 4214880 add_bytes_allowed: 35156853 is_gc_concurrent: 1 target_footprint_: 26642750 GetBytesAllocated: 14083872 HeapGrowthMultiplier: 3
12-18 15:53:06.256  3183  3622 I com.miui.home: CheckGCForNative gc_urgency 0.369339 current_native_bytes is 139496821
12-18 15:53:06.350  3183  3622 I com.miui.home: CheckGCForNative adj_start_bytes: 43844248 NativeAllocationGcWatermark: 11718951 java_gc_start_bytes: 26265822 kNewNativeDiscountFactor: 2 kOldNativeDiscountFactor: 65536 old_native_bytes: 135281941 new_native_bytes: 6713584 add_bytes_allowed: 35156853 is_gc_concurrent: 1 target_footprint_: 26642750 GetBytesAllocated: 14329952 HeapGrowthMultiplier: 3
12-18 15:53:06.350  3183  3622 I com.miui.home: CheckGCForNative gc_urgency 0.403446 current_native_bytes is 141995525
12-18 15:53:06.370  3183  3622 I com.miui.home: CheckGCForNative adj_start_bytes: 43844248 NativeAllocationGcWatermark: 11718951 java_gc_start_bytes: 26265822 kNewNativeDiscountFactor: 2 kOldNativeDiscountFactor: 65536 old_native_bytes: 135281941 new_native_bytes: 7709000 add_bytes_allowed: 35156853 is_gc_concurrent: 1 target_footprint_: 26642750 GetBytesAllocated: 14428320 HeapGrowthMultiplier: 3
12-18 15:53:06.370  3183  3622 I com.miui.home: CheckGCForNative gc_urgency 0.417042 current_native_bytes is 142990941
12-18 15:53:06.384  3183  3622 I com.miui.home: CheckGCForNative adj_start_bytes: 43844248 NativeAllocationGcWatermark: 11718951 java_gc_start_bytes: 26265822 kNewNativeDiscountFactor: 2 kOldNativeDiscountFactor: 65536 old_native_bytes: 135281941 new_native_bytes: 8558176 add_bytes_allowed: 35156853 is_gc_concurrent: 1 target_footprint_: 26642750 GetBytesAllocated: 14510368 HeapGrowthMultiplier: 3
12-18 15:53:06.384  3183  3622 I com.miui.home: CheckGCForNative gc_urgency 0.428597 current_native_bytes is 143840117
12-18 15:53:06.492  3183  3622 I com.miui.home: CheckGCForNative adj_start_bytes: 43844248 NativeAllocationGcWatermark: 11718951 java_gc_start_bytes: 26265822 kNewNativeDiscountFactor: 2 kOldNativeDiscountFactor: 65536 old_native_bytes: 135281941 new_native_bytes: 9261588 add_bytes_allowed: 35156853 is_gc_concurrent: 1 target_footprint_: 26642750 GetBytesAllocated: 14838368 HeapGrowthMultiplier: 3
12-18 15:53:06.492  3183  3622 I com.miui.home: CheckGCForNative gc_urgency 0.4441 current_native_bytes is 144543529
12-18 15:53:06.849  9411  9411 I wm_on_create_called: [0,158883496,com.xunmeng.pinduoduo.ui.activity.MainFrameActivity,performCreate,114]
12-18 15:53:06.921  9411  9411 I wm_on_create_called: [0,47241582,com.xunmeng.pinduoduo.ui.activity.HomeActivity,performCreate,38]
12-18 15:53:06.957  9411  9411 I wm_on_start_called: [0,47241582,com.xunmeng.pinduoduo.ui.activity.HomeActivity,handleStartActivity,35]
12-18 15:53:06.962  9411  9411 I wm_on_resume_called: [0,47241582,com.xunmeng.pinduoduo.ui.activity.HomeActivity,RESUME_ACTIVITY,4]
12-18 15:53:06.984  9411  9411 I wm_on_top_resumed_gained_called: [47241582,com.xunmeng.pinduoduo.ui.activity.HomeActivity,topStateChangedWhenResumed]
12-18 15:53:07.065  3183  3622 I com.miui.home: CheckGCForNative adj_start_bytes: 43844248 NativeAllocationGcWatermark: 11718951 java_gc_start_bytes: 26265822 kNewNativeDiscountFactor: 2 kOldNativeDiscountFactor: 65536 old_native_bytes: 135281941 new_native_bytes: 9921192 add_bytes_allowed: 35156853 is_gc_concurrent: 1 target_footprint_: 26642750 GetBytesAllocated: 15281312 HeapGrowthMultiplier: 3
12-18 15:53:07.066  3183  3622 I com.miui.home: CheckGCForNative gc_urgency 0.461725 current_native_bytes is 145203133
12-18 15:53:07.364  3183  3183 I wm_on_stop_called: [0,209285936,com.miui.home.launcher.Launcher,STOP_ACTIVITY_ITEM,7]
12-18 15:53:07.502  9411  9411 I wm_on_destroy_called: [0,158883496,com.xunmeng.pinduoduo.ui.activity.MainFrameActivity,performDestroy,7]
12-18 15:53:07.580  9411  9411 I wm_on_idle_called: com.xunmeng.pinduoduo.ui.activity.HomeActivity
12-18 15:53:08.003  3183  3183 I wm_on_restart_called: [0,209285936,com.miui.home.launcher.Launcher,performRestartActivity,0]
12-18 15:53:08.005  3183  3183 I wm_on_start_called: [0,209285936,com.miui.home.launcher.Launcher,handleStartActivity,1]
12-18 15:53:08.074  3183  3684 I com.miui.home: CheckGCForNative adj_start_bytes: 43844248 NativeAllocationGcWatermark: 11718951 java_gc_start_bytes: 26265822 kNewNativeDiscountFactor: 2 kOldNativeDiscountFactor: 65536 old_native_bytes: 135281941 new_native_bytes: 21629020 add_bytes_allowed: 35156853 is_gc_concurrent: 1 target_footprint_: 26642750 GetBytesAllocated: 16240224 HeapGrowthMultiplier: 3
12-18 15:53:08.074  3183  3684 I com.miui.home: CheckGCForNative gc_urgency 0.617112 current_native_bytes is 156910961
12-18 15:53:08.074  3183  3684 I com.miui.home: CheckGCForNative adj_start_bytes: 43844248 NativeAllocationGcWatermark: 11718951 java_gc_start_bytes: 26265822 kNewNativeDiscountFactor: 2 kOldNativeDiscountFactor: 65536 old_native_bytes: 135281941 new_native_bytes: 32334940 add_bytes_allowed: 35156853 is_gc_concurrent: 1 target_footprint_: 26642750 GetBytesAllocated: 16240416 HeapGrowthMultiplier: 3
12-18 15:53:08.074  3183  3684 I com.miui.home: CheckGCForNative gc_urgency 0.739206 current_native_bytes is 167616881
12-18 15:53:08.082  3183  3471 I com.miui.home: CheckGCForNative adj_start_bytes: 43844248 NativeAllocationGcWatermark: 11718951 java_gc_start_bytes: 26265822 kNewNativeDiscountFactor: 2 kOldNativeDiscountFactor: 65536 old_native_bytes: 135281941 new_native_bytes: 21630608 add_bytes_allowed: 35156853 is_gc_concurrent: 1 target_footprint_: 26642750 GetBytesAllocated: 16273184 HeapGrowthMultiplier: 3
12-18 15:53:08.083  3183  3471 I com.miui.home: CheckGCForNative gc_urgency 0.617882 current_native_bytes is 156912549
12-18 15:53:08.099  9411  9411 I wm_on_top_resumed_lost_called: [47241582,com.xunmeng.pinduoduo.ui.activity.HomeActivity,topStateChangedWhenResumed]
12-18 15:53:08.140  9411  9411 I wm_on_paused_called: [0,47241582,com.xunmeng.pinduoduo.ui.activity.HomeActivity,performPause,5]
12-18 15:53:08.149  9586  9586 I wm_on_application_create_called: [0,com.xunmeng.pinduoduo,205]
12-18 15:53:08.225  3183  3684 I com.miui.home: CheckGCForNative adj_start_bytes: 43844248 NativeAllocationGcWatermark: 11718951 java_gc_start_bytes: 26265822 kNewNativeDiscountFactor: 2 kOldNativeDiscountFactor: 65536 old_native_bytes: 135281941 new_native_bytes: 32331152 add_bytes_allowed: 35156853 is_gc_concurrent: 1 target_footprint_: 26642750 GetBytesAllocated: 16355104 HeapGrowthMultiplier: 3
12-18 15:53:08.225  3183  3684 I com.miui.home: CheckGCForNative gc_urgency 0.741779 current_native_bytes is 167613093
12-18 15:53:08.260  9411  9411 I wm_on_create_called: [0,7201044,com.xunmeng.pinduoduo.login.LoginActivity,performCreate,21]
12-18 15:53:08.283  3183  3471 I com.miui.home: CheckGCForNative adj_start_bytes: 43844248 NativeAllocationGcWatermark: 11718951 java_gc_start_bytes: 26265822 kNewNativeDiscountFactor: 2 kOldNativeDiscountFactor: 65536 old_native_bytes: 135281941 new_native_bytes: 21631248 add_bytes_allowed: 35156853 is_gc_concurrent: 1 target_footprint_: 26642750 GetBytesAllocated: 16404512 HeapGrowthMultiplier: 3
12-18 15:53:08.283  3183  3471 I com.miui.home: CheckGCForNative gc_urgency 0.620884 current_native_bytes is 156913189
12-18 15:53:08.311  9411  9411 I wm_on_start_called: [0,7201044,com.xunmeng.pinduoduo.login.LoginActivity,handleStartActivity,44]
12-18 15:53:08.318  9411  9411 I wm_on_resume_called: [0,7201044,com.xunmeng.pinduoduo.login.LoginActivity,RESUME_ACTIVITY,4]
12-18 15:53:08.330  9411  9411 I wm_on_top_resumed_gained_called: [7201044,com.xunmeng.pinduoduo.login.LoginActivity,topStateChangedWhenResumed]
12-18 15:53:08.401  3183  3622 I com.miui.home: CheckGCForNative adj_start_bytes: 43844248 NativeAllocationGcWatermark: 11718951 java_gc_start_bytes: 26265822 kNewNativeDiscountFactor: 2 kOldNativeDiscountFactor: 65536 old_native_bytes: 135281941 new_native_bytes: 21648464 add_bytes_allowed: 35156853 is_gc_concurrent: 1 target_footprint_: 26642750 GetBytesAllocated: 16634240 HeapGrowthMultiplier: 3
12-18 15:53:08.401  3183  3622 I com.miui.home: CheckGCForNative gc_urgency 0.62632 current_native_bytes is 156930405
12-18 15:53:08.472  3183  3471 I com.miui.home: CheckGCForNative adj_start_bytes: 43844248 NativeAllocationGcWatermark: 11718951 java_gc_start_bytes: 26265822 kNewNativeDiscountFactor: 2 kOldNativeDiscountFactor: 65536 old_native_bytes: 135281941 new_native_bytes: 21795652 add_bytes_allowed: 35156853 is_gc_concurrent: 1 target_footprint_: 26642750 GetBytesAllocated: 16880000 HeapGrowthMultiplier: 3
12-18 15:53:08.472  3183  3471 I com.miui.home: CheckGCForNative gc_urgency 0.633604 current_native_bytes is 157077593
12-18 15:53:08.498  3183  3622 I com.miui.home: CheckGCForNative adj_start_bytes: 43844248 NativeAllocationGcWatermark: 11718951 java_gc_start_bytes: 26265822 kNewNativeDiscountFactor: 2 kOldNativeDiscountFactor: 65536 old_native_bytes: 135281941 new_native_bytes: 32520580 add_bytes_allowed: 35156853 is_gc_concurrent: 1 target_footprint_: 26642750 GetBytesAllocated: 16929152 HeapGrowthMultiplier: 3
12-18 15:53:08.498  3183  3622 I com.miui.home: CheckGCForNative gc_urgency 0.757032 current_native_bytes is 167802521
12-18 15:53:08.608  3183  3622 I com.miui.home: CheckGCForNative adj_start_bytes: 43844248 NativeAllocationGcWatermark: 11718951 java_gc_start_bytes: 26265822 kNewNativeDiscountFactor: 2 kOldNativeDiscountFactor: 65536 old_native_bytes: 135281941 new_native_bytes: 22279512 add_bytes_allowed: 35156853 is_gc_concurrent: 1 target_footprint_: 26642750 GetBytesAllocated: 17273728 HeapGrowthMultiplier: 3
12-18 15:53:08.608  3183  3622 I com.miui.home: CheckGCForNative gc_urgency 0.648102 current_native_bytes is 157561453
12-18 15:53:08.613  3183  3183 I wm_on_resume_called: [0,209285936,com.miui.home.launcher.Launcher,RESUME_ACTIVITY,5]
12-18 15:53:08.674  3183  3183 I wm_on_idle_called: com.miui.home.launcher.Launcher
12-18 15:53:08.794  3183  3622 I com.miui.home: CheckGCForNative adj_start_bytes: 43844248 NativeAllocationGcWatermark: 11718951 java_gc_start_bytes: 26265822 kNewNativeDiscountFactor: 2 kOldNativeDiscountFactor: 65536 old_native_bytes: 135281941 new_native_bytes: 22891340 add_bytes_allowed: 35156853 is_gc_concurrent: 1 target_footprint_: 26642750 GetBytesAllocated: 18536480 HeapGrowthMultiplier: 3
12-18 15:53:08.794  3183  3622 I com.miui.home: CheckGCForNative gc_urgency 0.68388 current_native_bytes is 158173281
12-18 15:53:08.819  3183  3622 I com.miui.home: CheckGCForNative adj_start_bytes: 43844248 NativeAllocationGcWatermark: 11718951 java_gc_start_bytes: 26265822 kNewNativeDiscountFactor: 2 kOldNativeDiscountFactor: 65536 old_native_bytes: 135281941 new_native_bytes: 33783116 add_bytes_allowed: 35156853 is_gc_concurrent: 1 target_footprint_: 26642750 GetBytesAllocated: 18700320 HeapGrowthMultiplier: 3
12-18 15:53:08.819  3183  3622 I com.miui.home: CheckGCForNative gc_urgency 0.811827 current_native_bytes is 169065057
12-18 15:53:08.835  3183  3622 I com.miui.home: CheckGCForNative adj_start_bytes: 43844248 NativeAllocationGcWatermark: 11718951 java_gc_start_bytes: 26265822 kNewNativeDiscountFactor: 2 kOldNativeDiscountFactor: 65536 old_native_bytes: 135281941 new_native_bytes: 23674560 add_bytes_allowed: 35156853 is_gc_concurrent: 1 target_footprint_: 26642750 GetBytesAllocated: 18962976 HeapGrowthMultiplier: 3
12-18 15:53:08.835  3183  3622 I com.miui.home: CheckGCForNative gc_urgency 0.70254 current_native_bytes is 158956501
12-18 15:53:08.902  3183  3416 I com.miui.home: CheckGCForNative adj_start_bytes: 43844248 NativeAllocationGcWatermark: 11718951 java_gc_start_bytes: 26265822 kNewNativeDiscountFactor: 2 kOldNativeDiscountFactor: 65536 old_native_bytes: 135281941 new_native_bytes: 24210896 add_bytes_allowed: 35156853 is_gc_concurrent: 1 target_footprint_: 26642750 GetBytesAllocated: 19192528 HeapGrowthMultiplier: 3
12-18 15:53:08.902  3183  3416 I com.miui.home: CheckGCForNative gc_urgency 0.713892 current_native_bytes is 159492837
12-18 15:53:08.904  3183  3416 I com.miui.home: CheckGCForNative adj_start_bytes: 43844248 NativeAllocationGcWatermark: 11718951 java_gc_start_bytes: 26265822 kNewNativeDiscountFactor: 2 kOldNativeDiscountFactor: 65536 old_native_bytes: 135281941 new_native_bytes: 24607216 add_bytes_allowed: 35156853 is_gc_concurrent: 1 target_footprint_: 26642750 GetBytesAllocated: 19192528 HeapGrowthMultiplier: 3
12-18 15:53:08.904  3183  3416 I com.miui.home: CheckGCForNative gc_urgency 0.718411 current_native_bytes is 159889157
12-18 15:53:08.905  3183  3416 I com.miui.home: CheckGCForNative adj_start_bytes: 43844248 NativeAllocationGcWatermark: 11718951 java_gc_start_bytes: 26265822 kNewNativeDiscountFactor: 2 kOldNativeDiscountFactor: 65536 old_native_bytes: 135281941 new_native_bytes: 24617328 add_bytes_allowed: 35156853 is_gc_concurrent: 1 target_footprint_: 26642750 GetBytesAllocated: 19192528 HeapGrowthMultiplier: 3
12-18 15:53:08.905  3183  3416 I com.miui.home: CheckGCForNative gc_urgency 0.718527 current_native_bytes is 159899269
12-18 15:53:08.923  3183  3183 I com.miui.home: CheckGCForNative adj_start_bytes: 43844248 NativeAllocationGcWatermark: 11718951 java_gc_start_bytes: 26265822 kNewNativeDiscountFactor: 2 kOldNativeDiscountFactor: 65536 old_native_bytes: 135281941 new_native_bytes: 24729904 add_bytes_allowed: 35156853 is_gc_concurrent: 1 target_footprint_: 26642750 GetBytesAllocated: 19356464 HeapGrowthMultiplier: 3
12-18 15:53:08.923  3183  3183 I com.miui.home: CheckGCForNative gc_urgency 0.723549 current_native_bytes is 160011845
12-18 15:53:09.086  3183  3183 I wm_on_top_resumed_gained_called: [209285936,com.miui.home.launcher.Launcher,topStateChangedWhenResumed]
12-18 15:53:09.166  3183  3183 I wm_on_top_resumed_lost_called: [209285936,com.miui.home.launcher.Launcher,topStateChangedWhenResumed]
12-18 15:53:09.184  3183  3183 I wm_on_paused_called: [0,209285936,com.miui.home.launcher.Launcher,performPause,2]
12-18 15:53:09.217  3183  3622 I com.miui.home: CheckGCForNative adj_start_bytes: 43844248 NativeAllocationGcWatermark: 11718951 java_gc_start_bytes: 26265822 kNewNativeDiscountFactor: 2 kOldNativeDiscountFactor: 65536 old_native_bytes: 135281941 new_native_bytes: 25271344 add_bytes_allowed: 35156853 is_gc_concurrent: 1 target_footprint_: 26642750 GetBytesAllocated: 19848400 HeapGrowthMultiplier: 3
12-18 15:53:09.217  3183  3622 I com.miui.home: CheckGCForNative gc_urgency 0.740944 current_native_bytes is 160553285
12-18 15:53:09.310  3183  3622 I com.miui.home: CheckGCForNative adj_start_bytes: 43844248 NativeAllocationGcWatermark: 11718951 java_gc_start_bytes: 26265822 kNewNativeDiscountFactor: 2 kOldNativeDiscountFactor: 65536 old_native_bytes: 135281941 new_native_bytes: 25777884 add_bytes_allowed: 35156853 is_gc_concurrent: 1 target_footprint_: 26642750 GetBytesAllocated: 20512336 HeapGrowthMultiplier: 3
12-18 15:53:09.310  3183  3622 I com.miui.home: CheckGCForNative gc_urgency 0.761864 current_native_bytes is 161059825
12-18 15:53:09.430  3183  3471 I com.miui.home: CheckGCForNative adj_start_bytes: 43844248 NativeAllocationGcWatermark: 11718951 java_gc_start_bytes: 26265822 kNewNativeDiscountFactor: 2 kOldNativeDiscountFactor: 65536 old_native_bytes: 135281941 new_native_bytes: 26342340 add_bytes_allowed: 35156853 is_gc_concurrent: 1 target_footprint_: 26642750 GetBytesAllocated: 20873008 HeapGrowthMultiplier: 3
12-18 15:53:09.430  3183  3471 I com.miui.home: CheckGCForNative gc_urgency 0.776527 current_native_bytes is 161624281
12-18 15:53:09.452  3183  3471 I com.miui.home: CheckGCForNative adj_start_bytes: 43844248 NativeAllocationGcWatermark: 11718951 java_gc_start_bytes: 26265822 kNewNativeDiscountFactor: 2 kOldNativeDiscountFactor: 65536 old_native_bytes: 135281941 new_native_bytes: 26396356 add_bytes_allowed: 35156853 is_gc_concurrent: 1 target_footprint_: 26642750 GetBytesAllocated: 21004272 HeapGrowthMultiplier: 3
12-18 15:53:09.452  3183  3471 I com.miui.home: CheckGCForNative gc_urgency 0.780137 current_native_bytes is 161678297
12-18 15:53:09.485  3183  3622 I com.miui.home: CheckGCForNative adj_start_bytes: 43844248 NativeAllocationGcWatermark: 11718951 java_gc_start_bytes: 26265822 kNewNativeDiscountFactor: 2 kOldNativeDiscountFactor: 65536 old_native_bytes: 135281941 new_native_bytes: 26646136 add_bytes_allowed: 35156853 is_gc_concurrent: 1 target_footprint_: 26642750 GetBytesAllocated: 21233648 HeapGrowthMultiplier: 3
12-18 15:53:09.485  3183  3622 I com.miui.home: CheckGCForNative gc_urgency 0.788217 current_native_bytes is 161928077
12-18 15:53:10.173  9802  9802 I wm_on_application_create_called: [0,com.smile.gifmaker,365]
12-18 15:53:10.414  9802  9802 I wm_on_create_called: [0,53902260,com.yxcorp.gifshow.HomeActivity,performCreate,215]
12-18 15:53:10.567  9802  9802 I wm_on_start_called: [0,53902260,com.yxcorp.gifshow.HomeActivity,handleStartActivity,151]
12-18 15:53:10.667  9802  9802 I wm_on_resume_called: [0,53902260,com.yxcorp.gifshow.HomeActivity,RESUME_ACTIVITY,17]
12-18 15:53:10.691  9802  9802 I wm_on_top_resumed_gained_called: [53902260,com.yxcorp.gifshow.HomeActivity,topStateChangedWhenResumed]
12-18 15:53:10.726  3183  3183 I wm_on_stop_called: [0,209285936,com.miui.home.launcher.Launcher,STOP_ACTIVITY_ITEM,4]
12-18 15:53:11.010  3183  3183 I wm_on_restart_called: [0,209285936,com.miui.home.launcher.Launcher,performRestartActivity,0]
12-18 15:53:11.011  3183  3183 I wm_on_start_called: [0,209285936,com.miui.home.launcher.Launcher,handleStartActivity,1]
12-18 15:53:11.135  3183  4190 I com.miui.home: CheckGCForNative adj_start_bytes: 43844248 NativeAllocationGcWatermark: 11718951 java_gc_start_bytes: 26265822 kNewNativeDiscountFactor: 2 kOldNativeDiscountFactor: 65536 old_native_bytes: 135281941 new_native_bytes: 37694304 add_bytes_allowed: 35156853 is_gc_concurrent: 1 target_footprint_: 26642750 GetBytesAllocated: 22225872 HeapGrowthMultiplier: 3
12-18 15:53:11.135  3183  4190 I com.miui.home: CheckGCForNative gc_urgency 0.936841 current_native_bytes is 172976245
12-18 15:53:11.138  3183  4190 I com.miui.home: CheckGCForNative adj_start_bytes: 43844248 NativeAllocationGcWatermark: 11718951 java_gc_start_bytes: 26265822 kNewNativeDiscountFactor: 2 kOldNativeDiscountFactor: 65536 old_native_bytes: 135281941 new_native_bytes: 48400224 add_bytes_allowed: 35156853 is_gc_concurrent: 1 target_footprint_: 26642750 GetBytesAllocated: 22242448 HeapGrowthMultiplier: 3
12-18 15:53:11.138  3183  4190 I com.miui.home: CheckGCForNative gc_urgency 1.05931 current_native_bytes is 183682165
12-18 15:53:11.138  3183  4190 I com.miui.home: CheckGCForNative requested 1
12-18 15:53:11.164  3183  4190 I com.miui.home: CheckGCForNative adj_start_bytes: 43844248 NativeAllocationGcWatermark: 11718951 java_gc_start_bytes: 26265822 kNewNativeDiscountFactor: 2 kOldNativeDiscountFactor: 65536 old_native_bytes: 135281941 new_native_bytes: 48412352 add_bytes_allowed: 35156853 is_gc_concurrent: 1 target_footprint_: 26642750 GetBytesAllocated: 22291728 HeapGrowthMultiplier: 3
12-18 15:53:11.166  3183  4190 I com.miui.home: CheckGCForNative gc_urgency 1.06095 current_native_bytes is 183694293
12-18 15:53:11.166  3183  4190 I com.miui.home: CheckGCForNative requested 1
12-18 15:53:11.311  3183  3471 I com.miui.home: CheckGCForNative adj_start_bytes: 43844248 NativeAllocationGcWatermark: 11718951 java_gc_start_bytes: 26265822 kNewNativeDiscountFactor: 2 kOldNativeDiscountFactor: 65536 old_native_bytes: 135281941 new_native_bytes: 37674448 add_bytes_allowed: 35156853 is_gc_concurrent: 1 target_footprint_: 26642750 GetBytesAllocated: 22422992 HeapGrowthMultiplier: 3
12-18 15:53:11.311  3183  3471 I com.miui.home: CheckGCForNative gc_urgency 0.94111 current_native_bytes is 172956389
12-18 15:53:11.487  3183  3215 I com.miui.home: NativeAlloc concurrent copying GC freed 168715(8436KB) AllocSpace objects, 16(576KB) LOS objects, 49% free, 12MB/25MB, paused 151us,83us total 340.051ms
12-18 15:53:11.623  3183  3471 I com.miui.home: CheckGCForNative gc_urgency 0 current_native_bytes is 120082961
12-18 15:53:11.883  3183  3622 I com.miui.home: CheckGCForNative adj_start_bytes: 43952734 NativeAllocationGcWatermark: 11720043 java_gc_start_bytes: 26372670 kNewNativeDiscountFactor: 2 kOldNativeDiscountFactor: 65536 old_native_bytes: 120082961 new_native_bytes: 473968 add_bytes_allowed: 35160129 is_gc_concurrent: 1 target_footprint_: 26651486 GetBytesAllocated: 13752176 HeapGrowthMultiplier: 3
12-18 15:53:11.883  3183  3622 I com.miui.home: CheckGCForNative gc_urgency 0.318319 current_native_bytes is 120556929
12-18 15:53:11.894  3183  3622 I com.miui.home: CheckGCForNative adj_start_bytes: 43952734 NativeAllocationGcWatermark: 11720043 java_gc_start_bytes: 26372670 kNewNativeDiscountFactor: 2 kOldNativeDiscountFactor: 65536 old_native_bytes: 120082961 new_native_bytes: 587840 add_bytes_allowed: 35160129 is_gc_concurrent: 1 target_footprint_: 26651486 GetBytesAllocated: 13752288 HeapGrowthMultiplier: 3
12-18 15:53:11.894  3183  3622 I com.miui.home: CheckGCForNative gc_urgency 0.319617 current_native_bytes is 120670801
12-18 15:53:11.902  3183  3622 I com.miui.home: CheckGCForNative adj_start_bytes: 43952734 NativeAllocationGcWatermark: 11720043 java_gc_start_bytes: 26372670 kNewNativeDiscountFactor: 2 kOldNativeDiscountFactor: 65536 old_native_bytes: 120082961 new_native_bytes: 984384 add_bytes_allowed: 35160129 is_gc_concurrent: 1 target_footprint_: 26651486 GetBytesAllocated: 13752288 HeapGrowthMultiplier: 3
12-18 15:53:11.902  3183  3622 I com.miui.home: CheckGCForNative gc_urgency 0.324128 current_native_bytes is 121067345
12-18 15:53:11.933  3183  3622 I com.miui.home: CheckGCForNative adj_start_bytes: 43952734 NativeAllocationGcWatermark: 11720043 java_gc_start_bytes: 26372670 kNewNativeDiscountFactor: 2 kOldNativeDiscountFactor: 65536 old_native_bytes: 120082961 new_native_bytes: 1542368 add_bytes_allowed: 35160129 is_gc_concurrent: 1 target_footprint_: 26651486 GetBytesAllocated: 13785232 HeapGrowthMultiplier: 3
12-18 15:53:11.933  3183  3622 I com.miui.home: CheckGCForNative gc_urgency 0.331225 current_native_bytes is 121625329
12-18 15:53:11.989  3183  3622 I com.miui.home: CheckGCForNative adj_start_bytes: 43952734 NativeAllocationGcWatermark: 11720043 java_gc_start_bytes: 26372670 kNewNativeDiscountFactor: 2 kOldNativeDiscountFactor: 65536 old_native_bytes: 120082961 new_native_bytes: 3808156 add_bytes_allowed: 35160129 is_gc_concurrent: 1 target_footprint_: 26651486 GetBytesAllocated: 13966960 HeapGrowthMultiplier: 3
12-18 15:53:11.989  3183  3622 I com.miui.home: CheckGCForNative gc_urgency 0.361135 current_native_bytes is 123891117
12-18 15:53:12.003  3183  3622 I com.miui.home: CheckGCForNative adj_start_bytes: 43952734 NativeAllocationGcWatermark: 11720043 java_gc_start_bytes: 26372670 kNewNativeDiscountFactor: 2 kOldNativeDiscountFactor: 65536 old_native_bytes: 120082961 new_native_bytes: 4706748 add_bytes_allowed: 35160129 is_gc_concurrent: 1 target_footprint_: 26651486 GetBytesAllocated: 14016352 HeapGrowthMultiplier: 3
12-18 15:53:12.003  3183  3622 I com.miui.home: CheckGCForNative gc_urgency 0.372481 current_native_bytes is 124789709
12-18 15:53:12.005  3183  3622 I com.miui.home: CheckGCForNative adj_start_bytes: 43952734 NativeAllocationGcWatermark: 11720043 java_gc_start_bytes: 26372670 kNewNativeDiscountFactor: 2 kOldNativeDiscountFactor: 65536 old_native_bytes: 120082961 new_native_bytes: 5090396 add_bytes_allowed: 35160129 is_gc_concurrent: 1 target_footprint_: 26651486 GetBytesAllocated: 14016352 HeapGrowthMultiplier: 3
12-18 15:53:12.005  3183  3622 I com.miui.home: CheckGCForNative gc_urgency 0.376845 current_native_bytes is 125173357
12-18 15:53:12.027  3183  3622 I com.miui.home: CheckGCForNative adj_start_bytes: 43952734 NativeAllocationGcWatermark: 11720043 java_gc_start_bytes: 26372670 kNewNativeDiscountFactor: 2 kOldNativeDiscountFactor: 65536 old_native_bytes: 120082961 new_native_bytes: 6770052 add_bytes_allowed: 35160129 is_gc_concurrent: 1 target_footprint_: 26651486 GetBytesAllocated: 14082128 HeapGrowthMultiplier: 3
12-18 15:53:12.027  3183  3622 I com.miui.home: CheckGCForNative gc_urgency 0.397449 current_native_bytes is 126853013
12-18 15:53:12.029  3183  3622 I com.miui.home: CheckGCForNative adj_start_bytes: 43952734 NativeAllocationGcWatermark: 11720043 java_gc_start_bytes: 26372670 kNewNativeDiscountFactor: 2 kOldNativeDiscountFactor: 65536 old_native_bytes: 120082961 new_native_bytes: 7201156 add_bytes_allowed: 35160129 is_gc_concurrent: 1 target_footprint_: 26651486 GetBytesAllocated: 14082128 HeapGrowthMultiplier: 3
12-18 15:53:12.030  3183  3622 I com.miui.home: CheckGCForNative gc_urgency 0.402354 current_native_bytes is 127284117
12-18 15:53:12.041  3183  3622 I com.miui.home: CheckGCForNative adj_start_bytes: 43952734 NativeAllocationGcWatermark: 11720043 java_gc_start_bytes: 26372670 kNewNativeDiscountFactor: 2 kOldNativeDiscountFactor: 65536 old_native_bytes: 120082961 new_native_bytes: 7965508 add_bytes_allowed: 35160129 is_gc_concurrent: 1 target_footprint_: 26651486 GetBytesAllocated: 14180608 HeapGrowthMultiplier: 3
12-18 15:53:12.041  3183  3622 I com.miui.home: CheckGCForNative gc_urgency 0.413289 current_native_bytes is 128048469
12-18 15:53:12.043  3183  3622 I com.miui.home: CheckGCForNative adj_start_bytes: 43952734 NativeAllocationGcWatermark: 11720043 java_gc_start_bytes: 26372670 kNewNativeDiscountFactor: 2 kOldNativeDiscountFactor: 65536 old_native_bytes: 120082961 new_native_bytes: 8424644 add_bytes_allowed: 35160129 is_gc_concurrent: 1 target_footprint_: 26651486 GetBytesAllocated: 14180608 HeapGrowthMultiplier: 3
12-18 15:53:12.043  3183  3622 I com.miui.home: CheckGCForNative gc_urgency 0.418512 current_native_bytes is 128507605
12-18 15:53:12.059  3183  3622 I com.miui.home: CheckGCForNative adj_start_bytes: 43952734 NativeAllocationGcWatermark: 11720043 java_gc_start_bytes: 26372670 kNewNativeDiscountFactor: 2 kOldNativeDiscountFactor: 65536 old_native_bytes: 120082961 new_native_bytes: 9445380 add_bytes_allowed: 35160129 is_gc_concurrent: 1 target_footprint_: 26651486 GetBytesAllocated: 14246208 HeapGrowthMultiplier: 3
12-18 15:53:12.059  3183  3622 I com.miui.home: CheckGCForNative gc_urgency 0.431617 current_native_bytes is 129528341
12-18 15:53:12.059  3183  3622 I com.miui.home: CheckGCForNative adj_start_bytes: 43952734 NativeAllocationGcWatermark: 11720043 java_gc_start_bytes: 26372670 kNewNativeDiscountFactor: 2 kOldNativeDiscountFactor: 65536 old_native_bytes: 120082961 new_native_bytes: 9445380 add_bytes_allowed: 35160129 is_gc_concurrent: 1 target_footprint_: 26651486 GetBytesAllocated: 14246208 HeapGrowthMultiplier: 3
12-18 15:53:12.059  3183  3622 I com.miui.home: CheckGCForNative gc_urgency 0.431617 current_native_bytes is 129528341
12-18 15:53:12.087  3183  3622 I com.miui.home: CheckGCForNative adj_start_bytes: 43952734 NativeAllocationGcWatermark: 11720043 java_gc_start_bytes: 26372670 kNewNativeDiscountFactor: 2 kOldNativeDiscountFactor: 65536 old_native_bytes: 120082961 new_native_bytes: 10433820 add_bytes_allowed: 35160129 is_gc_concurrent: 1 target_footprint_: 26651486 GetBytesAllocated: 14328368 HeapGrowthMultiplier: 3
12-18 15:53:12.087  3183  3622 I com.miui.home: CheckGCForNative gc_urgency 0.44473 current_native_bytes is 130516781
12-18 15:53:12.092  3183  3622 I com.miui.home: CheckGCForNative adj_start_bytes: 43952734 NativeAllocationGcWatermark: 11720043 java_gc_start_bytes: 26372670 kNewNativeDiscountFactor: 2 kOldNativeDiscountFactor: 65536 old_native_bytes: 120082961 new_native_bytes: 11092764 add_bytes_allowed: 35160129 is_gc_concurrent: 1 target_footprint_: 26651486 GetBytesAllocated: 14344752 HeapGrowthMultiplier: 3
12-18 15:53:12.092  3183  3622 I com.miui.home: CheckGCForNative gc_urgency 0.452599 current_native_bytes is 131175725
12-18 15:53:12.132  3183  3622 I com.miui.home: CheckGCForNative adj_start_bytes: 43952734 NativeAllocationGcWatermark: 11720043 java_gc_start_bytes: 26372670 kNewNativeDiscountFactor: 2 kOldNativeDiscountFactor: 65536 old_native_bytes: 120082961 new_native_bytes: 11785400 add_bytes_allowed: 35160129 is_gc_concurrent: 1 target_footprint_: 26651486 GetBytesAllocated: 14492336 HeapGrowthMultiplier: 3
12-18 15:53:12.132  3183  3622 I com.miui.home: CheckGCForNative gc_urgency 0.463836 current_native_bytes is 131868361
12-18 15:53:12.169  3183  3622 I com.miui.home: CheckGCForNative adj_start_bytes: 43952734 NativeAllocationGcWatermark: 11720043 java_gc_start_bytes: 26372670 kNewNativeDiscountFactor: 2 kOldNativeDiscountFactor: 65536 old_native_bytes: 120082961 new_native_bytes: 22533408 add_bytes_allowed: 35160129 is_gc_concurrent: 1 target_footprint_: 26651486 GetBytesAllocated: 14607088 HeapGrowthMultiplier: 3
12-18 15:53:12.169  3183  3622 I com.miui.home: CheckGCForNative gc_urgency 0.588715 current_native_bytes is 142616369
12-18 15:53:12.210  3183  3425 I com.miui.home: CheckGCForNative adj_start_bytes: 43952734 NativeAllocationGcWatermark: 11720043 java_gc_start_bytes: 26372670 kNewNativeDiscountFactor: 2 kOldNativeDiscountFactor: 65536 old_native_bytes: 120082961 new_native_bytes: 12223792 add_bytes_allowed: 35160129 is_gc_concurrent: 1 target_footprint_: 26651486 GetBytesAllocated: 14771456 HeapGrowthMultiplier: 3
12-18 15:53:12.210  3183  3425 I com.miui.home: CheckGCForNative gc_urgency 0.475174 current_native_bytes is 132306753
12-18 15:53:12.217  3183  3425 I com.miui.home: CheckGCForNative adj_start_bytes: 43952734 NativeAllocationGcWatermark: 11720043 java_gc_start_bytes: 26372670 kNewNativeDiscountFactor: 2 kOldNativeDiscountFactor: 65536 old_native_bytes: 120082961 new_native_bytes: 12636880 add_bytes_allowed: 35160129 is_gc_concurrent: 1 target_footprint_: 26651486 GetBytesAllocated: 14787872 HeapGrowthMultiplier: 3
12-18 15:53:12.217  3183  3425 I com.miui.home: CheckGCForNative gc_urgency 0.480246 current_native_bytes is 132719841
12-18 15:53:12.244  3183  3622 I com.miui.home: CheckGCForNative adj_start_bytes: 43952734 NativeAllocationGcWatermark: 11720043 java_gc_start_bytes: 26372670 kNewNativeDiscountFactor: 2 kOldNativeDiscountFactor: 65536 old_native_bytes: 120082961 new_native_bytes: 13196256 add_bytes_allowed: 35160129 is_gc_concurrent: 1 target_footprint_: 26651486 GetBytesAllocated: 14984672 HeapGrowthMultiplier: 3
12-18 15:53:12.244  3183  3622 I com.miui.home: CheckGCForNative gc_urgency 0.491087 current_native_bytes is 133279217
12-18 15:53:12.345  3183  3622 I com.miui.home: CheckGCForNative adj_start_bytes: 43952734 NativeAllocationGcWatermark: 11720043 java_gc_start_bytes: 26372670 kNewNativeDiscountFactor: 2 kOldNativeDiscountFactor: 65536 old_native_bytes: 120082961 new_native_bytes: 13755148 add_bytes_allowed: 35160129 is_gc_concurrent: 1 target_footprint_: 26651486 GetBytesAllocated: 15542176 HeapGrowthMultiplier: 3
12-18 15:53:12.345  3183  3622 I com.miui.home: CheckGCForNative gc_urgency 0.510129 current_native_bytes is 133838109
12-18 15:53:12.425  3183  3471 I com.miui.home: CheckGCForNative adj_start_bytes: 43952734 NativeAllocationGcWatermark: 11720043 java_gc_start_bytes: 26372670 kNewNativeDiscountFactor: 2 kOldNativeDiscountFactor: 65536 old_native_bytes: 120082961 new_native_bytes: 14025152 add_bytes_allowed: 35160129 is_gc_concurrent: 1 target_footprint_: 26651486 GetBytesAllocated: 15771552 HeapGrowthMultiplier: 3
12-18 15:53:12.425  3183  3471 I com.miui.home: CheckGCForNative gc_urgency 0.51842 current_native_bytes is 134108113
12-18 15:53:12.545  3183  3622 I com.miui.home: CheckGCForNative adj_start_bytes: 43952734 NativeAllocationGcWatermark: 11720043 java_gc_start_bytes: 26372670 kNewNativeDiscountFactor: 2 kOldNativeDiscountFactor: 65536 old_native_bytes: 120082961 new_native_bytes: 14107924 add_bytes_allowed: 35160129 is_gc_concurrent: 1 target_footprint_: 26651486 GetBytesAllocated: 16181632 HeapGrowthMultiplier: 3
12-18 15:53:12.545  3183  3622 I com.miui.home: CheckGCForNative gc_urgency 0.528691 current_native_bytes is 134190885
12-18 15:53:13.196 10188 10188 I wm_on_create_called: [0,260693873,com.tencent.qqlive.ona.activity.SplashHomeActivity,performCreate,112]
12-18 15:53:13.243 10188 10188 I wm_on_start_called: [0,260693873,com.tencent.qqlive.ona.activity.SplashHomeActivity,handleStartActivity,15]
12-18 15:53:13.256 10188 10188 I wm_on_resume_called: [0,260693873,com.tencent.qqlive.ona.activity.SplashHomeActivity,RESUME_ACTIVITY,12]
12-18 15:53:13.332 10188 10188 I wm_on_top_resumed_gained_called: [260693873,com.tencent.qqlive.ona.activity.SplashHomeActivity,topStateChangedWhenResumed]
12-18 15:53:14.057  3183  3183 I wm_on_stop_called: [0,209285936,com.miui.home.launcher.Launcher,STOP_ACTIVITY_ITEM,18]
12-18 15:53:14.155  3183  3183 I wm_on_restart_called: [0,209285936,com.miui.home.launcher.Launcher,performRestartActivity,0]
12-18 15:53:14.157  3183  3183 I wm_on_start_called: [0,209285936,com.miui.home.launcher.Launcher,handleStartActivity,2]
12-18 15:53:14.262  3183  4190 I com.miui.home: CheckGCForNative adj_start_bytes: 43952734 NativeAllocationGcWatermark: 11720043 java_gc_start_bytes: 26372670 kNewNativeDiscountFactor: 2 kOldNativeDiscountFactor: 65536 old_native_bytes: 120082961 new_native_bytes: 25018212 add_bytes_allowed: 35160129 is_gc_concurrent: 1 target_footprint_: 26651486 GetBytesAllocated: 16886848 HeapGrowthMultiplier: 3
12-18 15:53:14.262  3183  4190 I com.miui.home: CheckGCForNative gc_urgency 0.66885 current_native_bytes is 145101173
12-18 15:53:14.262  3183  4190 I com.miui.home: CheckGCForNative adj_start_bytes: 43952734 NativeAllocationGcWatermark: 11720043 java_gc_start_bytes: 26372670 kNewNativeDiscountFactor: 2 kOldNativeDiscountFactor: 65536 old_native_bytes: 120082961 new_native_bytes: 35724132 add_bytes_allowed: 35160129 is_gc_concurrent: 1 target_footprint_: 26651486 GetBytesAllocated: 16887040 HeapGrowthMultiplier: 3
12-18 15:53:14.262  3183  4190 I com.miui.home: CheckGCForNative gc_urgency 0.790643 current_native_bytes is 155807093
12-18 15:53:14.264  3183  3471 I com.miui.home: CheckGCForNative adj_start_bytes: 43952734 NativeAllocationGcWatermark: 11720043 java_gc_start_bytes: 26372670 kNewNativeDiscountFactor: 2 kOldNativeDiscountFactor: 65536 old_native_bytes: 120082961 new_native_bytes: 25018724 add_bytes_allowed: 35160129 is_gc_concurrent: 1 target_footprint_: 26651486 GetBytesAllocated: 16887040 HeapGrowthMultiplier: 3
12-18 15:53:14.264  3183  3471 I com.miui.home: CheckGCForNative gc_urgency 0.66886 current_native_bytes is 145101685
12-18 15:53:14.279  3183  4190 I com.miui.home: CheckGCForNative adj_start_bytes: 43952734 NativeAllocationGcWatermark: 11720043 java_gc_start_bytes: 26372670 kNewNativeDiscountFactor: 2 kOldNativeDiscountFactor: 65536 old_native_bytes: 120082961 new_native_bytes: 35727652 add_bytes_allowed: 35160129 is_gc_concurrent: 1 target_footprint_: 26651486 GetBytesAllocated: 16952576 HeapGrowthMultiplier: 3
12-18 15:53:14.279  3183  4190 I com.miui.home: CheckGCForNative gc_urgency 0.792174 current_native_bytes is 155810613
12-18 15:53:14.535  3183  3471 I com.miui.home: CheckGCForNative adj_start_bytes: 43952734 NativeAllocationGcWatermark: 11720043 java_gc_start_bytes: 26372670 kNewNativeDiscountFactor: 2 kOldNativeDiscountFactor: 65536 old_native_bytes: 120082961 new_native_bytes: 25169788 add_bytes_allowed: 35160129 is_gc_concurrent: 1 target_footprint_: 26651486 GetBytesAllocated: 17215104 HeapGrowthMultiplier: 3
12-18 15:53:14.535  3183  3471 I com.miui.home: CheckGCForNative gc_urgency 0.678043 current_native_bytes is 145252749
12-18 15:53:14.975  3183  8071 I com.miui.home: CheckGCForNative adj_start_bytes: 43952734 NativeAllocationGcWatermark: 11720043 java_gc_start_bytes: 26372670 kNewNativeDiscountFactor: 2 kOldNativeDiscountFactor: 65536 old_native_bytes: 120082961 new_native_bytes: 25223740 add_bytes_allowed: 35160129 is_gc_concurrent: 1 target_footprint_: 26651486 GetBytesAllocated: 17691072 HeapGrowthMultiplier: 3
12-18 15:53:14.975  3183  8071 I com.miui.home: CheckGCForNative gc_urgency 0.689485 current_native_bytes is 145306701
12-18 15:53:14.988  3183  3622 I com.miui.home: CheckGCForNative adj_start_bytes: 43952734 NativeAllocationGcWatermark: 11720043 java_gc_start_bytes: 26372670 kNewNativeDiscountFactor: 2 kOldNativeDiscountFactor: 65536 old_native_bytes: 120082961 new_native_bytes: 25228988 add_bytes_allowed: 35160129 is_gc_concurrent: 1 target_footprint_: 26651486 GetBytesAllocated: 17756608 HeapGrowthMultiplier: 3
12-18 15:53:14.989  3183  3622 I com.miui.home: CheckGCForNative gc_urgency 0.691036 current_native_bytes is 145311949
12-18 15:53:15.100  3183  3622 I com.miui.home: CheckGCForNative adj_start_bytes: 43952734 NativeAllocationGcWatermark: 11720043 java_gc_start_bytes: 26372670 kNewNativeDiscountFactor: 2 kOldNativeDiscountFactor: 65536 old_native_bytes: 120082961 new_native_bytes: 25618116 add_bytes_allowed: 35160129 is_gc_concurrent: 1 target_footprint_: 26651486 GetBytesAllocated: 18035136 HeapGrowthMultiplier: 3
12-18 15:53:15.100  3183  3622 I com.miui.home: CheckGCForNative gc_urgency 0.7018 current_native_bytes is 145701077
12-18 15:53:15.151  3183  3622 I com.miui.home: CheckGCForNative adj_start_bytes: 43952734 NativeAllocationGcWatermark: 11720043 java_gc_start_bytes: 26372670 kNewNativeDiscountFactor: 2 kOldNativeDiscountFactor: 65536 old_native_bytes: 120082961 new_native_bytes: 36329092 add_bytes_allowed: 35160129 is_gc_concurrent: 1 target_footprint_: 26651486 GetBytesAllocated: 18149824 HeapGrowthMultiplier: 3
12-18 15:53:15.152  3183  3622 I com.miui.home: CheckGCForNative gc_urgency 0.826256 current_native_bytes is 156412053
12-18 15:53:15.251  3183  3622 I com.miui.home: CheckGCForNative adj_start_bytes: 43952734 NativeAllocationGcWatermark: 11720043 java_gc_start_bytes: 26372670 kNewNativeDiscountFactor: 2 kOldNativeDiscountFactor: 65536 old_native_bytes: 120082961 new_native_bytes: 25760352 add_bytes_allowed: 35160129 is_gc_concurrent: 1 target_footprint_: 26651486 GetBytesAllocated: 18543712 HeapGrowthMultiplier: 3
12-18 15:53:15.251  3183  3622 I com.miui.home: CheckGCForNative gc_urgency 0.714989 current_native_bytes is 145843313
12-18 15:53:15.470  3183  3622 I com.miui.home: CheckGCForNative adj_start_bytes: 43952734 NativeAllocationGcWatermark: 11720043 java_gc_start_bytes: 26372670 kNewNativeDiscountFactor: 2 kOldNativeDiscountFactor: 65536 old_native_bytes: 120082961 new_native_bytes: 26048340 add_bytes_allowed: 35160129 is_gc_concurrent: 1 target_footprint_: 26651486 GetBytesAllocated: 18953728 HeapGrowthMultiplier: 3
12-18 15:53:15.470  3183  3622 I com.miui.home: CheckGCForNative gc_urgency 0.727594 current_native_bytes is 146131301
12-18 15:53:15.653  3183  3622 I com.miui.home: CheckGCForNative adj_start_bytes: 43952734 NativeAllocationGcWatermark: 11720043 java_gc_start_bytes: 26372670 kNewNativeDiscountFactor: 2 kOldNativeDiscountFactor: 65536 old_native_bytes: 120082961 new_native_bytes: 26251816 add_bytes_allowed: 35160129 is_gc_concurrent: 1 target_footprint_: 26651486 GetBytesAllocated: 19396512 HeapGrowthMultiplier: 3
12-18 15:53:15.653  3183  3622 I com.miui.home: CheckGCForNative gc_urgency 0.739982 current_native_bytes is 146334777
12-18 15:53:15.736  3183  3622 I com.miui.home: CheckGCForNative adj_start_bytes: 43952734 NativeAllocationGcWatermark: 11720043 java_gc_start_bytes: 26372670 kNewNativeDiscountFactor: 2 kOldNativeDiscountFactor: 65536 old_native_bytes: 120082961 new_native_bytes: 26498876 add_bytes_allowed: 35160129 is_gc_concurrent: 1 target_footprint_: 26651486 GetBytesAllocated: 19822944 HeapGrowthMultiplier: 3
12-18 15:53:15.736  3183  3622 I com.miui.home: CheckGCForNative gc_urgency 0.752495 current_native_bytes is 146581837
12-18 15:53:15.883  3183  3471 I com.miui.home: CheckGCForNative adj_start_bytes: 43952734 NativeAllocationGcWatermark: 11720043 java_gc_start_bytes: 26372670 kNewNativeDiscountFactor: 2 kOldNativeDiscountFactor: 65536 old_native_bytes: 120082961 new_native_bytes: 26856788 add_bytes_allowed: 35160129 is_gc_concurrent: 1 target_footprint_: 26651486 GetBytesAllocated: 20101536 HeapGrowthMultiplier: 3
12-18 15:53:15.883  3183  3471 I com.miui.home: CheckGCForNative gc_urgency 0.762905 current_native_bytes is 146939749
12-18 15:53:15.916  3183  3471 I com.miui.home: CheckGCForNative adj_start_bytes: 43952734 NativeAllocationGcWatermark: 11720043 java_gc_start_bytes: 26372670 kNewNativeDiscountFactor: 2 kOldNativeDiscountFactor: 65536 old_native_bytes: 120082961 new_native_bytes: 26859284 add_bytes_allowed: 35160129 is_gc_concurrent: 1 target_footprint_: 26651486 GetBytesAllocated: 20117920 HeapGrowthMultiplier: 3
12-18 15:53:15.916  3183  3471 I com.miui.home: CheckGCForNative gc_urgency 0.763306 current_native_bytes is 146942245
12-18 15:53:16.337 10931 10931 I wm_on_create_called: [0,260400059,com.tencent.mobileqq.activity.SplashActivity,performCreate,107]
12-18 15:53:16.343 10931 10931 I wm_on_start_called: [0,260400059,com.tencent.mobileqq.activity.SplashActivity,handleStartActivity,5]
12-18 15:53:16.379 10931 10931 I wm_on_resume_called: [0,260400059,com.tencent.mobileqq.activity.SplashActivity,RESUME_ACTIVITY,35]
12-18 15:53:16.415 10931 10931 I wm_on_top_resumed_gained_called: [260400059,com.tencent.mobileqq.activity.SplashActivity,topStateChangedWhenResumed]
12-18 15:53:16.583 10931 10931 I wm_on_idle_called: com.tencent.mobileqq.activity.SplashActivity
12-18 15:53:16.607  3183  3183 I wm_on_stop_called: [0,209285936,com.miui.home.launcher.Launcher,STOP_ACTIVITY_ITEM,4]
12-18 15:53:16.672 10931 10931 I wm_on_top_resumed_lost_called: [260400059,com.tencent.mobileqq.activity.SplashActivity,topStateChangedWhenResumed]
12-18 15:53:16.673 10931 10931 I wm_on_paused_called: [0,260400059,com.tencent.mobileqq.activity.SplashActivity,performPause,1]
12-18 15:53:16.732 10931 10931 I wm_on_create_called: [0,65182778,com.tencent.mobileqq.activity.LoginActivity,performCreate,24]
12-18 15:53:16.759 10931 10931 I wm_on_start_called: [0,65182778,com.tencent.mobileqq.activity.LoginActivity,handleStartActivity,27]
12-18 15:53:16.766 10931 10931 I wm_on_resume_called: [0,65182778,com.tencent.mobileqq.activity.LoginActivity,RESUME_ACTIVITY,7]
12-18 15:53:16.777 10931 10931 I wm_on_top_resumed_gained_called: [65182778,com.tencent.mobileqq.activity.LoginActivity,topStateChangedWhenResumed]
12-18 15:53:16.873  3183  3622 I com.miui.home: CheckGCForNative adj_start_bytes: 43952734 NativeAllocationGcWatermark: 11720043 java_gc_start_bytes: 26372670 kNewNativeDiscountFactor: 2 kOldNativeDiscountFactor: 65536 old_native_bytes: 120082961 new_native_bytes: 27096744 add_bytes_allowed: 35160129 is_gc_concurrent: 1 target_footprint_: 26651486 GetBytesAllocated: 20627136 HeapGrowthMultiplier: 3
12-18 15:53:16.873  3183  3622 I com.miui.home: CheckGCForNative gc_urgency 0.777593 current_native_bytes is 147179705
12-18 15:53:16.878 10931 10931 I wm_on_idle_called: com.tencent.mobileqq.activity.LoginActivity
12-18 15:53:16.971  3183  3622 I com.miui.home: CheckGCForNative adj_start_bytes: 43952734 NativeAllocationGcWatermark: 11720043 java_gc_start_bytes: 26372670 kNewNativeDiscountFactor: 2 kOldNativeDiscountFactor: 65536 old_native_bytes: 120082961 new_native_bytes: 27356764 add_bytes_allowed: 35160129 is_gc_concurrent: 1 target_footprint_: 26651486 GetBytesAllocated: 21053536 HeapGrowthMultiplier: 3
12-18 15:53:16.971  3183  3622 I com.miui.home: CheckGCForNative gc_urgency 0.790252 current_native_bytes is 147439725
12-18 15:53:17.169  3183  3183 I wm_on_restart_called: [0,209285936,com.miui.home.launcher.Launcher,performRestartActivity,0]
12-18 15:53:17.171  3183  3183 I wm_on_start_called: [0,209285936,com.miui.home.launcher.Launcher,handleStartActivity,1]
12-18 15:53:17.509  3183  3471 I com.miui.home: CheckGCForNative adj_start_bytes: 43952734 NativeAllocationGcWatermark: 11720043 java_gc_start_bytes: 26372670 kNewNativeDiscountFactor: 2 kOldNativeDiscountFactor: 65536 old_native_bytes: 120082961 new_native_bytes: 27789140 add_bytes_allowed: 35160129 is_gc_concurrent: 1 target_footprint_: 26651486 GetBytesAllocated: 22004240 HeapGrowthMultiplier: 3
12-18 15:53:17.509  3183  3471 I com.miui.home: CheckGCForNative gc_urgency 0.816801 current_native_bytes is 147872101
12-18 15:53:17.721  3183  3471 I com.miui.home: CheckGCForNative adj_start_bytes: 43952734 NativeAllocationGcWatermark: 11720043 java_gc_start_bytes: 26372670 kNewNativeDiscountFactor: 2 kOldNativeDiscountFactor: 65536 old_native_bytes: 120082961 new_native_bytes: 27766292 add_bytes_allowed: 35160129 is_gc_concurrent: 1 target_footprint_: 26651486 GetBytesAllocated: 22102544 HeapGrowthMultiplier: 3
12-18 15:53:17.721  3183  3471 I com.miui.home: CheckGCForNative gc_urgency 0.818778 current_native_bytes is 147849253
12-18 15:53:17.771 10931 10931 I wm_on_top_resumed_lost_called: [65182778,com.tencent.mobileqq.activity.LoginActivity,topStateChangedWhenResumed]
12-18 15:53:17.791  3183  3183 I wm_on_resume_called: [0,209285936,com.miui.home.launcher.Launcher,RESUME_ACTIVITY,6]
12-18 15:53:17.794  3183  3183 I wm_on_idle_called: com.miui.home.launcher.Launcher
12-18 15:53:17.795  3183  3183 I wm_on_top_resumed_gained_called: [209285936,com.miui.home.launcher.Launcher,topStateChangedWhenResumed]
12-18 15:53:17.798 10931 10931 I wm_on_paused_called: [0,65182778,com.tencent.mobileqq.activity.LoginActivity,performPause,3]
12-18 15:53:17.802 10931 10931 I wm_on_stop_called: [0,65182778,com.tencent.mobileqq.activity.LoginActivity,STOP_ACTIVITY_ITEM,3]
