12-18 15:58:09.446  3171  3666 I com.miui.home: CheckGCForNative gc_urgency 0.503419 current_native_bytes is 120462853
12-18 15:58:09.459  3171  3666 I com.miui.home: CheckGCForNative adj_start_bytes: 43507352 NativeAllocationGcWatermark: 11657629 java_gc_start_bytes: 26020909 kNewNativeDiscountFactor: 2 kOldNativeDiscountFactor: 65536 old_native_bytes: 108180293 new_native_bytes: 12701544 add_bytes_allowed: 34972887 is_gc_concurrent: 1 target_footprint_: 26152173 GetBytesAllocated: 15808728 HeapGrowthMultiplier: 3
12-18 15:58:09.459  3171  3666 I com.miui.home: CheckGCForNative gc_urgency 0.509366 current_native_bytes is 120881837
12-18 15:58:09.505  9299  9299 I wm_on_create_called: [0,193205499,com.xunmeng.pinduoduo.ui.activity.MainFrameActivity,performCreate,77]
12-18 15:58:09.590  3171  3666 I com.miui.home: CheckGCForNative adj_start_bytes: 43507352 NativeAllocationGcWatermark: 11657629 java_gc_start_bytes: 26020909 kNewNativeDiscountFactor: 2 kOldNativeDiscountFactor: 65536 old_native_bytes: 108180293 new_native_bytes: 13423196 add_bytes_allowed: 34972887 is_gc_concurrent: 1 target_footprint_: 26152173 GetBytesAllocated: 16202392 HeapGrowthMultiplier: 3
12-18 15:58:09.590  3171  3666 I com.miui.home: CheckGCForNative gc_urgency 0.526707 current_native_bytes is 121603489
12-18 15:58:09.611  3171  3436 I com.miui.home: CheckGCForNative adj_start_bytes: 43507352 NativeAllocationGcWatermark: 11657629 java_gc_start_bytes: 26020909 kNewNativeDiscountFactor: 2 kOldNativeDiscountFactor: 65536 old_native_bytes: 108180293 new_native_bytes: 24569500 add_bytes_allowed: 34972887 is_gc_concurrent: 1 target_footprint_: 26152173 GetBytesAllocated: 16267928 HeapGrowthMultiplier: 3
12-18 15:58:09.611  3171  3436 I com.miui.home: CheckGCForNative gc_urgency 0.65631 current_native_bytes is 132749793
12-18 15:58:09.618  9299  9299 I wm_on_create_called: [0,142609214,com.xunmeng.pinduoduo.ui.activity.HomeActivity,performCreate,68]
12-18 15:58:09.642  3171  3436 I com.miui.home: CheckGCForNative adj_start_bytes: 43507352 NativeAllocationGcWatermark: 11657629 java_gc_start_bytes: 26020909 kNewNativeDiscountFactor: 2 kOldNativeDiscountFactor: 65536 old_native_bytes: 108180293 new_native_bytes: 39272908 add_bytes_allowed: 34972887 is_gc_concurrent: 1 target_footprint_: 26152173 GetBytesAllocated: 16300952 HeapGrowthMultiplier: 3
12-18 15:58:09.642  3171  3436 I com.miui.home: CheckGCForNative gc_urgency 0.826046 current_native_bytes is 147453201
12-18 15:58:09.644  3171  3436 I com.miui.home: CheckGCForNative adj_start_bytes: 43507352 NativeAllocationGcWatermark: 11657629 java_gc_start_bytes: 26020909 kNewNativeDiscountFactor: 2 kOldNativeDiscountFactor: 65536 old_native_bytes: 108180293 new_native_bytes: 27477068 add_bytes_allowed: 34972887 is_gc_concurrent: 1 target_footprint_: 26152173 GetBytesAllocated: 16350232 HeapGrowthMultiplier: 3
12-18 15:58:09.644  3171  3436 I com.miui.home: CheckGCForNative gc_urgency 0.691617 current_native_bytes is 135657361
12-18 15:58:09.654  3171  3436 I com.miui.home: CheckGCForNative adj_start_bytes: 43507352 NativeAllocationGcWatermark: 11657629 java_gc_start_bytes: 26020909 kNewNativeDiscountFactor: 2 kOldNativeDiscountFactor: 65536 old_native_bytes: 108180293 new_native_bytes: 28263820 add_bytes_allowed: 34972887 is_gc_concurrent: 1 target_footprint_: 26152173 GetBytesAllocated: 16448712 HeapGrowthMultiplier: 3
12-18 15:58:09.654  3171  3436 I com.miui.home: CheckGCForNative gc_urgency 0.702922 current_native_bytes is 136444113
12-18 15:58:09.655  9299  9299 I wm_on_start_called: [0,142609214,com.xunmeng.pinduoduo.ui.activity.HomeActivity,handleStartActivity,36]
12-18 15:58:09.660  9299  9299 I wm_on_resume_called: [0,142609214,com.xunmeng.pinduoduo.ui.activity.HomeActivity,RESUME_ACTIVITY,3]
12-18 15:58:09.684  9299  9299 I wm_on_top_resumed_gained_called: [142609214,com.xunmeng.pinduoduo.ui.activity.HomeActivity,topStateChangedWhenResumed]
12-18 15:58:09.750  3171  3666 I com.miui.home: CheckGCForNative adj_start_bytes: 43507352 NativeAllocationGcWatermark: 11657629 java_gc_start_bytes: 26020909 kNewNativeDiscountFactor: 2 kOldNativeDiscountFactor: 65536 old_native_bytes: 108180293 new_native_bytes: 28460032 add_bytes_allowed: 34972887 is_gc_concurrent: 1 target_footprint_: 26152173 GetBytesAllocated: 16661800 HeapGrowthMultiplier: 3
12-18 15:58:09.750  3171  3666 I com.miui.home: CheckGCForNative gc_urgency 0.710075 current_native_bytes is 136640325
12-18 15:58:09.837  3171  3436 I com.miui.home: CheckGCForNative adj_start_bytes: 43507352 NativeAllocationGcWatermark: 11657629 java_gc_start_bytes: 26020909 kNewNativeDiscountFactor: 2 kOldNativeDiscountFactor: 65536 old_native_bytes: 108180293 new_native_bytes: 30397244 add_bytes_allowed: 34972887 is_gc_concurrent: 1 target_footprint_: 26152173 GetBytesAllocated: 17071800 HeapGrowthMultiplier: 3
12-18 15:58:09.837  3171  3436 I com.miui.home: CheckGCForNative gc_urgency 0.741761 current_native_bytes is 138577537
12-18 15:58:09.837  3171  3436 I com.miui.home: CheckGCForNative adj_start_bytes: 43507352 NativeAllocationGcWatermark: 11657629 java_gc_start_bytes: 26020909 kNewNativeDiscountFactor: 2 kOldNativeDiscountFactor: 65536 old_native_bytes: 108180293 new_native_bytes: 31847876 add_bytes_allowed: 34972887 is_gc_concurrent: 1 target_footprint_: 26152173 GetBytesAllocated: 17071800 HeapGrowthMultiplier: 3
12-18 15:58:09.837  3171  3436 I com.miui.home: CheckGCForNative gc_urgency 0.758432 current_native_bytes is 140028169
12-18 15:58:09.848  3171  3436 I com.miui.home: CheckGCForNative adj_start_bytes: 43507352 NativeAllocationGcWatermark: 11657629 java_gc_start_bytes: 26020909 kNewNativeDiscountFactor: 2 kOldNativeDiscountFactor: 65536 old_native_bytes: 108180293 new_native_bytes: 42863428 add_bytes_allowed: 34972887 is_gc_concurrent: 1 target_footprint_: 26152173 GetBytesAllocated: 17071848 HeapGrowthMultiplier: 3
12-18 15:58:09.848  3171  3436 I com.miui.home: CheckGCForNative gc_urgency 0.885028 current_native_bytes is 151043721
12-18 15:58:09.848  3171  3436 I com.miui.home: CheckGCForNative adj_start_bytes: 43507352 NativeAllocationGcWatermark: 11657629 java_gc_start_bytes: 26020909 kNewNativeDiscountFactor: 2 kOldNativeDiscountFactor: 65536 old_native_bytes: 108180293 new_native_bytes: 42863428 add_bytes_allowed: 34972887 is_gc_concurrent: 1 target_footprint_: 26152173 GetBytesAllocated: 17071848 HeapGrowthMultiplier: 3
12-18 15:58:09.848  3171  3436 I com.miui.home: CheckGCForNative gc_urgency 0.885028 current_native_bytes is 151043721
12-18 15:58:10.035  3171  3171 I wm_on_stop_called: [0,160021530,com.miui.home.launcher.Launcher,STOP_ACTIVITY_ITEM,9]
12-18 15:58:10.216  9299  9299 I wm_on_destroy_called: [0,193205499,com.xunmeng.pinduoduo.ui.activity.MainFrameActivity,performDestroy,12]
12-18 15:58:10.407  3171  3171 I wm_on_restart_called: [0,160021530,com.miui.home.launcher.Launcher,performRestartActivity,0]
12-18 15:58:10.409  3171  3171 I wm_on_start_called: [0,160021530,com.miui.home.launcher.Launcher,handleStartActivity,1]
12-18 15:58:10.465  9299  9299 I wm_on_idle_called: com.xunmeng.pinduoduo.ui.activity.HomeActivity
12-18 15:58:10.516  3171  3220 I com.miui.home: CheckGCForNative adj_start_bytes: 43507352 NativeAllocationGcWatermark: 11657629 java_gc_start_bytes: 26020909 kNewNativeDiscountFactor: 2 kOldNativeDiscountFactor: 65536 old_native_bytes: 108180293 new_native_bytes: 54041512 add_bytes_allowed: 34972887 is_gc_concurrent: 1 target_footprint_: 26152173 GetBytesAllocated: 17932424 HeapGrowthMultiplier: 3
12-18 15:58:10.516  3171  3220 I com.miui.home: CheckGCForNative gc_urgency 1.03327 current_native_bytes is 162221805
12-18 15:58:10.516  3171  3220 I com.miui.home: CheckGCForNative requested 1
12-18 15:58:10.516  3171  3220 I com.miui.home: CheckGCForNative adj_start_bytes: 43507352 NativeAllocationGcWatermark: 11657629 java_gc_start_bytes: 26020909 kNewNativeDiscountFactor: 2 kOldNativeDiscountFactor: 65536 old_native_bytes: 108180293 new_native_bytes: 64748072 add_bytes_allowed: 34972887 is_gc_concurrent: 1 target_footprint_: 26152173 GetBytesAllocated: 17932616 HeapGrowthMultiplier: 3
12-18 15:58:10.516  3171  3220 I com.miui.home: CheckGCForNative gc_urgency 1.15632 current_native_bytes is 172928365
12-18 15:58:10.516  3171  3220 I com.miui.home: CheckGCForNative requested 1
12-18 15:58:10.594  3171  3220 I com.miui.home: CheckGCForNative adj_start_bytes: 43507352 NativeAllocationGcWatermark: 11657629 java_gc_start_bytes: 26020909 kNewNativeDiscountFactor: 2 kOldNativeDiscountFactor: 65536 old_native_bytes: 108180293 new_native_bytes: 64776508 add_bytes_allowed: 34972887 is_gc_concurrent: 1 target_footprint_: 26152173 GetBytesAllocated: 18014536 HeapGrowthMultiplier: 3
12-18 15:58:10.594  3171  3220 I com.miui.home: CheckGCForNative gc_urgency 1.15853 current_native_bytes is 172956801
12-18 15:58:10.594  3171  3220 I com.miui.home: CheckGCForNative requested 1
12-18 15:58:10.596  3171  3475 I com.miui.home: CheckGCForNative adj_start_bytes: 43507352 NativeAllocationGcWatermark: 11657629 java_gc_start_bytes: 26020909 kNewNativeDiscountFactor: 2 kOldNativeDiscountFactor: 65536 old_native_bytes: 108180293 new_native_bytes: 64778044 add_bytes_allowed: 34972887 is_gc_concurrent: 1 target_footprint_: 26152173 GetBytesAllocated: 18014728 HeapGrowthMultiplier: 3
12-18 15:58:10.596  3171  3475 I com.miui.home: CheckGCForNative gc_urgency 1.15855 current_native_bytes is 172958337
12-18 15:58:10.596  3171  3475 I com.miui.home: CheckGCForNative requested 1
12-18 15:58:10.696  3171  3475 I com.miui.home: CheckGCForNative adj_start_bytes: 43507352 NativeAllocationGcWatermark: 11657629 java_gc_start_bytes: 26020909 kNewNativeDiscountFactor: 2 kOldNativeDiscountFactor: 65536 old_native_bytes: 108180293 new_native_bytes: 54059836 add_bytes_allowed: 34972887 is_gc_concurrent: 1 target_footprint_: 26152173 GetBytesAllocated: 17763560 HeapGrowthMultiplier: 3
12-18 15:58:10.696  3171  3475 I com.miui.home: CheckGCForNative gc_urgency 1.0296 current_native_bytes is 162240129
12-18 15:58:10.696  3171  3475 I com.miui.home: CheckGCForNative requested 1
12-18 15:58:10.701  3171  3205 I com.miui.home: NativeAlloc concurrent copying GC freed 91904(4562KB) AllocSpace objects, 8(288KB) LOS objects, 49% free, 12MB/25MB, paused 157us,83us total 184.797ms
12-18 15:58:11.131  9299  9299 I wm_on_top_resumed_lost_called: [142609214,com.xunmeng.pinduoduo.ui.activity.HomeActivity,topStateChangedWhenResumed]
12-18 15:58:11.168  9299  9299 I wm_on_paused_called: [0,142609214,com.xunmeng.pinduoduo.ui.activity.HomeActivity,performPause,16]
12-18 15:58:11.203  3171  3413 I com.miui.home: CheckGCForNative gc_urgency 0 current_native_bytes is 115290417
12-18 15:58:11.267  3171  3171 I wm_on_resume_called: [0,160021530,com.miui.home.launcher.Launcher,RESUME_ACTIVITY,5]
12-18 15:58:11.268  3171  3171 I wm_on_top_resumed_gained_called: [160021530,com.miui.home.launcher.Launcher,topWhenResuming]
12-18 15:58:11.271  3171  3171 I wm_on_top_resumed_lost_called: [160021530,com.miui.home.launcher.Launcher,topStateChangedWhenResumed]
12-18 15:58:11.275  3171  3171 I wm_on_paused_called: [0,160021530,com.miui.home.launcher.Launcher,performPause,1]
12-18 15:58:11.289  3171  3171 I wm_on_idle_called: com.miui.home.launcher.Launcher
12-18 15:58:11.430  3171  3666 I com.miui.home: CheckGCForNative adj_start_bytes: 43601257 NativeAllocationGcWatermark: 11670983 java_gc_start_bytes: 26094783 kNewNativeDiscountFactor: 2 kOldNativeDiscountFactor: 65536 old_native_bytes: 115290417 new_native_bytes: 1460452 add_bytes_allowed: 35012949 is_gc_concurrent: 1 target_footprint_: 26259007 GetBytesAllocated: 14597568 HeapGrowthMultiplier: 3
12-18 15:58:11.430  3171  3666 I com.miui.home: CheckGCForNative gc_urgency 0.351585 current_native_bytes is 116750869
12-18 15:58:11.443  3171  3666 I com.miui.home: CheckGCForNative adj_start_bytes: 43601257 NativeAllocationGcWatermark: 11670983 java_gc_start_bytes: 26094783 kNewNativeDiscountFactor: 2 kOldNativeDiscountFactor: 65536 old_native_bytes: 115290417 new_native_bytes: 2929668 add_bytes_allowed: 35012949 is_gc_concurrent: 1 target_footprint_: 26259007 GetBytesAllocated: 14663168 HeapGrowthMultiplier: 3
12-18 15:58:11.443  3171  3666 I com.miui.home: CheckGCForNative gc_urgency 0.369938 current_native_bytes is 118220085
12-18 15:58:11.508  3171  3666 I com.miui.home: CheckGCForNative adj_start_bytes: 43601257 NativeAllocationGcWatermark: 11670983 java_gc_start_bytes: 26094783 kNewNativeDiscountFactor: 2 kOldNativeDiscountFactor: 65536 old_native_bytes: 115290417 new_native_bytes: 4345260 add_bytes_allowed: 35012949 is_gc_concurrent: 1 target_footprint_: 26259007 GetBytesAllocated: 14794432 HeapGrowthMultiplier: 3
12-18 15:58:11.508  3171  3666 I com.miui.home: CheckGCForNative gc_urgency 0.389182 current_native_bytes is 119635677
12-18 15:58:11.510  3171  3666 I com.miui.home: CheckGCForNative adj_start_bytes: 43601257 NativeAllocationGcWatermark: 11670983 java_gc_start_bytes: 26094783 kNewNativeDiscountFactor: 2 kOldNativeDiscountFactor: 65536 old_native_bytes: 115290417 new_native_bytes: 15056652 add_bytes_allowed: 35012949 is_gc_concurrent: 1 target_footprint_: 26259007 GetBytesAllocated: 14810816 HeapGrowthMultiplier: 3
12-18 15:58:11.510  3171  3666 I com.miui.home: CheckGCForNative gc_urgency 0.512391 current_native_bytes is 130347069
12-18 15:58:11.531  3171  3436 I com.miui.home: CheckGCForNative adj_start_bytes: 43601257 NativeAllocationGcWatermark: 11670983 java_gc_start_bytes: 26094783 kNewNativeDiscountFactor: 2 kOldNativeDiscountFactor: 65536 old_native_bytes: 115290417 new_native_bytes: 4763388 add_bytes_allowed: 35012949 is_gc_concurrent: 1 target_footprint_: 26259007 GetBytesAllocated: 15008160 HeapGrowthMultiplier: 3
12-18 15:58:11.531  3171  3436 I com.miui.home: CheckGCForNative gc_urgency 0.398879 current_native_bytes is 120053805
12-18 15:58:11.534  3171  3666 I com.miui.home: CheckGCForNative adj_start_bytes: 43601257 NativeAllocationGcWatermark: 11670983 java_gc_start_bytes: 26094783 kNewNativeDiscountFactor: 2 kOldNativeDiscountFactor: 65536 old_native_bytes: 115290417 new_native_bytes: 6116828 add_bytes_allowed: 35012949 is_gc_concurrent: 1 target_footprint_: 26259007 GetBytesAllocated: 15040928 HeapGrowthMultiplier: 3
12-18 15:58:11.534  3171  3666 I com.miui.home: CheckGCForNative gc_urgency 0.415151 current_native_bytes is 121407245
12-18 15:58:11.536  3171  3666 I com.miui.home: CheckGCForNative adj_start_bytes: 43601257 NativeAllocationGcWatermark: 11670983 java_gc_start_bytes: 26094783 kNewNativeDiscountFactor: 2 kOldNativeDiscountFactor: 65536 old_native_bytes: 115290417 new_native_bytes: 6463292 add_bytes_allowed: 35012949 is_gc_concurrent: 1 target_footprint_: 26259007 GetBytesAllocated: 15041040 HeapGrowthMultiplier: 3
12-18 15:58:11.536  3171  3666 I com.miui.home: CheckGCForNative gc_urgency 0.419127 current_native_bytes is 121753709
12-18 15:58:11.537  3171  3436 I com.miui.home: CheckGCForNative adj_start_bytes: 43601257 NativeAllocationGcWatermark: 11670983 java_gc_start_bytes: 26094783 kNewNativeDiscountFactor: 2 kOldNativeDiscountFactor: 65536 old_native_bytes: 115290417 new_native_bytes: 5560924 add_bytes_allowed: 35012949 is_gc_concurrent: 1 target_footprint_: 26259007 GetBytesAllocated: 15041040 HeapGrowthMultiplier: 3
12-18 15:58:11.537  3171  3436 I com.miui.home: CheckGCForNative gc_urgency 0.408779 current_native_bytes is 120851341
12-18 15:58:11.554  3171  3475 I com.miui.home: CheckGCForNative adj_start_bytes: 43601257 NativeAllocationGcWatermark: 11670983 java_gc_start_bytes: 26094783 kNewNativeDiscountFactor: 2 kOldNativeDiscountFactor: 65536 old_native_bytes: 115290417 new_native_bytes: 6233296 add_bytes_allowed: 35012949 is_gc_concurrent: 1 target_footprint_: 26259007 GetBytesAllocated: 15139344 HeapGrowthMultiplier: 3
12-18 15:58:11.554  3171  3475 I com.miui.home: CheckGCForNative gc_urgency 0.418744 current_native_bytes is 121523713
12-18 15:58:11.583  3171  3666 I com.miui.home: CheckGCForNative adj_start_bytes: 43601257 NativeAllocationGcWatermark: 11670983 java_gc_start_bytes: 26094783 kNewNativeDiscountFactor: 2 kOldNativeDiscountFactor: 65536 old_native_bytes: 115290417 new_native_bytes: 6518864 add_bytes_allowed: 35012949 is_gc_concurrent: 1 target_footprint_: 26259007 GetBytesAllocated: 15286800 HeapGrowthMultiplier: 3
12-18 15:58:11.583  3171  3666 I com.miui.home: CheckGCForNative gc_urgency 0.4254 current_native_bytes is 121809281
12-18 15:58:12.283  9612  9612 I wm_on_application_create_called: [0,com.smile.gifmaker,390]
12-18 15:58:12.502  9612  9612 I wm_on_create_called: [0,102394614,com.yxcorp.gifshow.HomeActivity,performCreate,197]
12-18 15:58:12.680  3171  3220 I com.miui.home: CheckGCForNative adj_start_bytes: 43601257 NativeAllocationGcWatermark: 11670983 java_gc_start_bytes: 26094783 kNewNativeDiscountFactor: 2 kOldNativeDiscountFactor: 65536 old_native_bytes: 115290417 new_native_bytes: 17555732 add_bytes_allowed: 35012949 is_gc_concurrent: 1 target_footprint_: 26259007 GetBytesAllocated: 15975520 HeapGrowthMultiplier: 3
12-18 15:58:12.680  3171  3220 I com.miui.home: CheckGCForNative gc_urgency 0.567762 current_native_bytes is 132846149
12-18 15:58:12.681  3171  3212 I com.miui.home: CheckGCForNative adj_start_bytes: 43601257 NativeAllocationGcWatermark: 11670983 java_gc_start_bytes: 26094783 kNewNativeDiscountFactor: 2 kOldNativeDiscountFactor: 65536 old_native_bytes: 115290417 new_native_bytes: 28262100 add_bytes_allowed: 35012949 is_gc_concurrent: 1 target_footprint_: 26259007 GetBytesAllocated: 15975712 HeapGrowthMultiplier: 3
12-18 15:58:12.681  3171  3212 I com.miui.home: CheckGCForNative gc_urgency 0.690543 current_native_bytes is 143552517
12-18 15:58:12.682  3171  3212 I com.miui.home: CheckGCForNative adj_start_bytes: 43601257 NativeAllocationGcWatermark: 11670983 java_gc_start_bytes: 26094783 kNewNativeDiscountFactor: 2 kOldNativeDiscountFactor: 65536 old_native_bytes: 115290417 new_native_bytes: 38968020 add_bytes_allowed: 35012949 is_gc_concurrent: 1 target_footprint_: 26259007 GetBytesAllocated: 15992288 HeapGrowthMultiplier: 3
12-18 15:58:12.682  3171  3212 I com.miui.home: CheckGCForNative gc_urgency 0.813693 current_native_bytes is 154258437
12-18 15:58:12.773  9612  9612 I wm_on_start_called: [0,102394614,com.yxcorp.gifshow.HomeActivity,handleStartActivity,270]
12-18 15:58:12.885  9612  9612 I wm_on_resume_called: [0,102394614,com.yxcorp.gifshow.HomeActivity,RESUME_ACTIVITY,10]
12-18 15:58:12.918  9612  9612 I wm_on_top_resumed_gained_called: [102394614,com.yxcorp.gifshow.HomeActivity,topStateChangedWhenResumed]
12-18 15:58:12.936  3171  3475 I com.miui.home: CheckGCForNative adj_start_bytes: 43601257 NativeAllocationGcWatermark: 11670983 java_gc_start_bytes: 26094783 kNewNativeDiscountFactor: 2 kOldNativeDiscountFactor: 65536 old_native_bytes: 115290417 new_native_bytes: 17400788 add_bytes_allowed: 35012949 is_gc_concurrent: 1 target_footprint_: 26259007 GetBytesAllocated: 16205440 HeapGrowthMultiplier: 3
12-18 15:58:12.936  3171  3475 I com.miui.home: CheckGCForNative gc_urgency 0.571259 current_native_bytes is 132691205
12-18 15:58:13.433  3171  3666 I com.miui.home: CheckGCForNative adj_start_bytes: 43601257 NativeAllocationGcWatermark: 11670983 java_gc_start_bytes: 26094783 kNewNativeDiscountFactor: 2 kOldNativeDiscountFactor: 65536 old_native_bytes: 115290417 new_native_bytes: 17523176 add_bytes_allowed: 35012949 is_gc_concurrent: 1 target_footprint_: 26259007 GetBytesAllocated: 16697760 HeapGrowthMultiplier: 3
12-18 15:58:13.434  3171  3666 I com.miui.home: CheckGCForNative gc_urgency 0.583954 current_native_bytes is 132813593
12-18 15:58:13.622  3171  3666 I com.miui.home: CheckGCForNative adj_start_bytes: 43601257 NativeAllocationGcWatermark: 11670983 java_gc_start_bytes: 26094783 kNewNativeDiscountFactor: 2 kOldNativeDiscountFactor: 65536 old_native_bytes: 115290417 new_native_bytes: 17970284 add_bytes_allowed: 35012949 is_gc_concurrent: 1 target_footprint_: 26259007 GetBytesAllocated: 17337200 HeapGrowthMultiplier: 3
12-18 15:58:13.622  3171  3666 I com.miui.home: CheckGCForNative gc_urgency 0.603746 current_native_bytes is 133260701
12-18 15:58:13.630  3171  3666 I com.miui.home: CheckGCForNative adj_start_bytes: 43601257 NativeAllocationGcWatermark: 11670983 java_gc_start_bytes: 26094783 kNewNativeDiscountFactor: 2 kOldNativeDiscountFactor: 65536 old_native_bytes: 115290417 new_native_bytes: 18008808 add_bytes_allowed: 35012949 is_gc_concurrent: 1 target_footprint_: 26259007 GetBytesAllocated: 17386352 HeapGrowthMultiplier: 3
12-18 15:58:13.631  3171  3666 I com.miui.home: CheckGCForNative gc_urgency 0.605316 current_native_bytes is 133299225
12-18 15:58:13.666  3171  3666 I com.miui.home: CheckGCForNative adj_start_bytes: 43601257 NativeAllocationGcWatermark: 11670983 java_gc_start_bytes: 26094783 kNewNativeDiscountFactor: 2 kOldNativeDiscountFactor: 65536 old_native_bytes: 115290417 new_native_bytes: 28834120 add_bytes_allowed: 35012949 is_gc_concurrent: 1 target_footprint_: 26259007 GetBytesAllocated: 17632112 HeapGrowthMultiplier: 3
12-18 15:58:13.666  3171  3666 I com.miui.home: CheckGCForNative gc_urgency 0.735092 current_native_bytes is 144124537
12-18 15:58:13.857  3171  3666 I com.miui.home: CheckGCForNative adj_start_bytes: 43601257 NativeAllocationGcWatermark: 11670983 java_gc_start_bytes: 26094783 kNewNativeDiscountFactor: 2 kOldNativeDiscountFactor: 65536 old_native_bytes: 115290417 new_native_bytes: 17986736 add_bytes_allowed: 35012949 is_gc_concurrent: 1 target_footprint_: 26259007 GetBytesAllocated: 17911232 HeapGrowthMultiplier: 3
12-18 15:58:13.857  3171  3666 I com.miui.home: CheckGCForNative gc_urgency 0.617101 current_native_bytes is 133277153
12-18 15:58:13.998  3171  3666 I com.miui.home: CheckGCForNative adj_start_bytes: 43601257 NativeAllocationGcWatermark: 11670983 java_gc_start_bytes: 26094783 kNewNativeDiscountFactor: 2 kOldNativeDiscountFactor: 65536 old_native_bytes: 115290417 new_native_bytes: 18282412 add_bytes_allowed: 35012949 is_gc_concurrent: 1 target_footprint_: 26259007 GetBytesAllocated: 18189824 HeapGrowthMultiplier: 3
12-18 15:58:13.998  3171  3666 I com.miui.home: CheckGCForNative gc_urgency 0.626881 current_native_bytes is 133572829
12-18 15:58:14.075  3171  3666 I com.miui.home: CheckGCForNative adj_start_bytes: 43601257 NativeAllocationGcWatermark: 11670983 java_gc_start_bytes: 26094783 kNewNativeDiscountFactor: 2 kOldNativeDiscountFactor: 65536 old_native_bytes: 115290417 new_native_bytes: 18524640 add_bytes_allowed: 35012949 is_gc_concurrent: 1 target_footprint_: 26259007 GetBytesAllocated: 18583440 HeapGrowthMultiplier: 3
12-18 15:58:14.075  3171  3666 I com.miui.home: CheckGCForNative gc_urgency 0.638686 current_native_bytes is 133815057
12-18 15:58:14.693  9960  9960 I wm_on_create_called: [0,194593700,com.tencent.qqlive.ona.activity.SplashHomeActivity,performCreate,170]
12-18 15:58:14.722  9960  9960 I wm_on_start_called: [0,194593700,com.tencent.qqlive.ona.activity.SplashHomeActivity,handleStartActivity,28]
12-18 15:58:14.781  9960  9960 I wm_on_resume_called: [0,194593700,com.tencent.qqlive.ona.activity.SplashHomeActivity,RESUME_ACTIVITY,40]
12-18 15:58:14.809  9960  9960 I wm_on_top_resumed_gained_called: [194593700,com.tencent.qqlive.ona.activity.SplashHomeActivity,topStateChangedWhenResumed]
12-18 15:58:15.120  3171  3220 I com.miui.home: CheckGCForNative adj_start_bytes: 43601257 NativeAllocationGcWatermark: 11670983 java_gc_start_bytes: 26094783 kNewNativeDiscountFactor: 2 kOldNativeDiscountFactor: 65536 old_native_bytes: 115290417 new_native_bytes: 29580876 add_bytes_allowed: 35012949 is_gc_concurrent: 1 target_footprint_: 26259007 GetBytesAllocated: 19518224 HeapGrowthMultiplier: 3
12-18 15:58:15.120  3171  3220 I com.miui.home: CheckGCForNative gc_urgency 0.786914 current_native_bytes is 144871293
12-18 15:58:15.124  3171  3220 I com.miui.home: CheckGCForNative adj_start_bytes: 43601257 NativeAllocationGcWatermark: 11670983 java_gc_start_bytes: 26094783 kNewNativeDiscountFactor: 2 kOldNativeDiscountFactor: 65536 old_native_bytes: 115290417 new_native_bytes: 40286796 add_bytes_allowed: 35012949 is_gc_concurrent: 1 target_footprint_: 26259007 GetBytesAllocated: 19518416 HeapGrowthMultiplier: 3
12-18 15:58:15.124  3171  3220 I com.miui.home: CheckGCForNative gc_urgency 0.909689 current_native_bytes is 155577213
12-18 15:58:15.138  3171  3220 I com.miui.home: CheckGCForNative adj_start_bytes: 43601257 NativeAllocationGcWatermark: 11670983 java_gc_start_bytes: 26094783 kNewNativeDiscountFactor: 2 kOldNativeDiscountFactor: 65536 old_native_bytes: 115290417 new_native_bytes: 40290156 add_bytes_allowed: 35012949 is_gc_concurrent: 1 target_footprint_: 26259007 GetBytesAllocated: 19551184 HeapGrowthMultiplier: 3
12-18 15:58:15.139  3171  3220 I com.miui.home: CheckGCForNative gc_urgency 0.910479 current_native_bytes is 155580573
12-18 15:58:15.329  3171  3475 I com.miui.home: CheckGCForNative adj_start_bytes: 43601257 NativeAllocationGcWatermark: 11670983 java_gc_start_bytes: 26094783 kNewNativeDiscountFactor: 2 kOldNativeDiscountFactor: 65536 old_native_bytes: 115290417 new_native_bytes: 29574668 add_bytes_allowed: 35012949 is_gc_concurrent: 1 target_footprint_: 26259007 GetBytesAllocated: 19666064 HeapGrowthMultiplier: 3
12-18 15:58:15.329  3171  3475 I com.miui.home: CheckGCForNative gc_urgency 0.790233 current_native_bytes is 144865085
12-18 15:58:15.474  3171  3475 I com.miui.home: CheckGCForNative adj_start_bytes: 43601257 NativeAllocationGcWatermark: 11670983 java_gc_start_bytes: 26094783 kNewNativeDiscountFactor: 2 kOldNativeDiscountFactor: 65536 old_native_bytes: 115290417 new_native_bytes: 29586828 add_bytes_allowed: 35012949 is_gc_concurrent: 1 target_footprint_: 26259007 GetBytesAllocated: 19731600 HeapGrowthMultiplier: 3
12-18 15:58:15.475  3171  3475 I com.miui.home: CheckGCForNative gc_urgency 0.791876 current_native_bytes is 144877245
12-18 15:58:15.716  3171  3413 I com.miui.home: CheckGCForNative adj_start_bytes: 43601257 NativeAllocationGcWatermark: 11670983 java_gc_start_bytes: 26094783 kNewNativeDiscountFactor: 2 kOldNativeDiscountFactor: 65536 old_native_bytes: 115290417 new_native_bytes: 29600248 add_bytes_allowed: 35012949 is_gc_concurrent: 1 target_footprint_: 26259007 GetBytesAllocated: 20043280 HeapGrowthMultiplier: 3
12-18 15:58:15.717  3171  3413 I com.miui.home: CheckGCForNative gc_urgency 0.799178 current_native_bytes is 144890665
12-18 15:58:15.764 10086 10086 I wm_on_application_create_called: [0,com.tencent.qqlive,316]
12-18 15:58:16.388  3171  3475 I com.miui.home: CheckGCForNative adj_start_bytes: 43601257 NativeAllocationGcWatermark: 11670983 java_gc_start_bytes: 26094783 kNewNativeDiscountFactor: 2 kOldNativeDiscountFactor: 65536 old_native_bytes: 115290417 new_native_bytes: 29701496 add_bytes_allowed: 35012949 is_gc_concurrent: 1 target_footprint_: 26259007 GetBytesAllocated: 20486240 HeapGrowthMultiplier: 3
12-18 15:58:16.388  3171  3475 I com.miui.home: CheckGCForNative gc_urgency 0.810498 current_native_bytes is 144991913
12-18 15:58:16.412  3171  3666 I com.miui.home: CheckGCForNative adj_start_bytes: 43601257 NativeAllocationGcWatermark: 11670983 java_gc_start_bytes: 26094783 kNewNativeDiscountFactor: 2 kOldNativeDiscountFactor: 65536 old_native_bytes: 115290417 new_native_bytes: 29696888 add_bytes_allowed: 35012949 is_gc_concurrent: 1 target_footprint_: 26259007 GetBytesAllocated: 20535392 HeapGrowthMultiplier: 3
12-18 15:58:16.412  3171  3666 I com.miui.home: CheckGCForNative gc_urgency 0.811573 current_native_bytes is 144987305
12-18 15:58:16.546  3171  3666 I com.miui.home: CheckGCForNative adj_start_bytes: 43601257 NativeAllocationGcWatermark: 11670983 java_gc_start_bytes: 26094783 kNewNativeDiscountFactor: 2 kOldNativeDiscountFactor: 65536 old_native_bytes: 115290417 new_native_bytes: 29680940 add_bytes_allowed: 35012949 is_gc_concurrent: 1 target_footprint_: 26259007 GetBytesAllocated: 20748416 HeapGrowthMultiplier: 3
12-18 15:58:16.547  3171  3666 I com.miui.home: CheckGCForNative gc_urgency 0.816276 current_native_bytes is 144971357
12-18 15:58:16.596  3171  3666 I com.miui.home: CheckGCForNative adj_start_bytes: 43601257 NativeAllocationGcWatermark: 11670983 java_gc_start_bytes: 26094783 kNewNativeDiscountFactor: 2 kOldNativeDiscountFactor: 65536 old_native_bytes: 115290417 new_native_bytes: 40538924 add_bytes_allowed: 35012949 is_gc_concurrent: 1 target_footprint_: 26259007 GetBytesAllocated: 20830432 HeapGrowthMultiplier: 3
12-18 15:58:16.596  3171  3666 I com.miui.home: CheckGCForNative gc_urgency 0.942671 current_native_bytes is 155829341
12-18 15:58:16.652  3171  3666 I com.miui.home: CheckGCForNative adj_start_bytes: 43601257 NativeAllocationGcWatermark: 11670983 java_gc_start_bytes: 26094783 kNewNativeDiscountFactor: 2 kOldNativeDiscountFactor: 65536 old_native_bytes: 115290417 new_native_bytes: 30290240 add_bytes_allowed: 35012949 is_gc_concurrent: 1 target_footprint_: 26259007 GetBytesAllocated: 21191488 HeapGrowthMultiplier: 3
12-18 15:58:16.652  3171  3666 I com.miui.home: CheckGCForNative gc_urgency 0.833425 current_native_bytes is 145580657
12-18 15:58:16.752  5618  5618 I wm_on_create_called: [0,11326834,com.tencent.mobileqq.activity.SplashActivity,performCreate,244]
12-18 15:58:16.763  5618  5618 I wm_on_start_called: [0,11326834,com.tencent.mobileqq.activity.SplashActivity,handleStartActivity,10]
12-18 15:58:16.811  5618  5618 I wm_on_resume_called: [0,11326834,com.tencent.mobileqq.activity.SplashActivity,RESUME_ACTIVITY,47]
12-18 15:58:16.864  5618  5618 I wm_on_top_resumed_gained_called: [11326834,com.tencent.mobileqq.activity.SplashActivity,topStateChangedWhenResumed]
12-18 15:58:17.099  5618  5618 I wm_on_idle_called: com.tencent.mobileqq.activity.SplashActivity
12-18 15:58:17.136  3171  3171 I wm_on_stop_called: [0,160021530,com.miui.home.launcher.Launcher,STOP_ACTIVITY_ITEM,24]
12-18 15:58:17.149  3171  3171 I wm_on_restart_called: [0,160021530,com.miui.home.launcher.Launcher,performRestartActivity,0]
12-18 15:58:17.151  3171  3171 I wm_on_start_called: [0,160021530,com.miui.home.launcher.Launcher,handleStartActivity,1]
12-18 15:58:17.208  3171 10477 I com.miui.home: CheckGCForNative adj_start_bytes: 43601257 NativeAllocationGcWatermark: 11670983 java_gc_start_bytes: 26094783 kNewNativeDiscountFactor: 2 kOldNativeDiscountFactor: 65536 old_native_bytes: 115290417 new_native_bytes: 41305096 add_bytes_allowed: 35012949 is_gc_concurrent: 1 target_footprint_: 26259007 GetBytesAllocated: 22208080 HeapGrowthMultiplier: 3
12-18 15:58:17.209  3171 10477 I com.miui.home: CheckGCForNative gc_urgency 0.983054 current_native_bytes is 156595513
12-18 15:58:17.209  3171 10477 I com.miui.home: CheckGCForNative adj_start_bytes: 43601257 NativeAllocationGcWatermark: 11670983 java_gc_start_bytes: 26094783 kNewNativeDiscountFactor: 2 kOldNativeDiscountFactor: 65536 old_native_bytes: 115290417 new_native_bytes: 52011016 add_bytes_allowed: 35012949 is_gc_concurrent: 1 target_footprint_: 26259007 GetBytesAllocated: 22224656 HeapGrowthMultiplier: 3
12-18 15:58:17.209  3171 10477 I com.miui.home: CheckGCForNative gc_urgency 1.1062 current_native_bytes is 167301433
12-18 15:58:17.210  3171 10477 I com.miui.home: CheckGCForNative requested 1
12-18 15:58:17.271  5618  5618 I wm_on_top_resumed_lost_called: [11326834,com.tencent.mobileqq.activity.SplashActivity,topStateChangedWhenResumed]
12-18 15:58:17.274  3171 10477 I com.miui.home: CheckGCForNative adj_start_bytes: 43601257 NativeAllocationGcWatermark: 11670983 java_gc_start_bytes: 26094783 kNewNativeDiscountFactor: 2 kOldNativeDiscountFactor: 65536 old_native_bytes: 115290417 new_native_bytes: 52028248 add_bytes_allowed: 35012949 is_gc_concurrent: 1 target_footprint_: 26259007 GetBytesAllocated: 22306576 HeapGrowthMultiplier: 3
12-18 15:58:17.274  3171 10477 I com.miui.home: CheckGCForNative gc_urgency 1.10828 current_native_bytes is 167318665
12-18 15:58:17.274  3171 10477 I com.miui.home: CheckGCForNative requested 1
12-18 15:58:17.277  5618  5618 I wm_on_paused_called: [0,11326834,com.tencent.mobileqq.activity.SplashActivity,performPause,5]
12-18 15:58:17.317  3171  3205 I com.miui.home: NativeAlloc concurrent copying GC freed 160514(8239KB) AllocSpace objects, 18(552KB) LOS objects, 49% free, 12MB/25MB, paused 53us,28us total 106.405ms
12-18 15:58:17.375  5618  5618 I wm_on_create_called: [0,109589826,com.tencent.mobileqq.activity.LoginActivity,performCreate,67]
12-18 15:58:17.434  5618  5618 I wm_on_start_called: [0,109589826,com.tencent.mobileqq.activity.LoginActivity,handleStartActivity,58]
12-18 15:58:17.443  5618  5618 I wm_on_resume_called: [0,109589826,com.tencent.mobileqq.activity.LoginActivity,RESUME_ACTIVITY,9]
12-18 15:58:17.452  5618  5618 I wm_on_top_resumed_gained_called: [109589826,com.tencent.mobileqq.activity.LoginActivity,topStateChangedWhenResumed]
12-18 15:58:17.457  3171  3475 I com.miui.home: CheckGCForNative gc_urgency 0 current_native_bytes is 114132229
12-18 15:58:17.523  3171  3666 I com.miui.home: CheckGCForNative adj_start_bytes: 44189593 NativeAllocationGcWatermark: 11731175 java_gc_start_bytes: 26592831 kNewNativeDiscountFactor: 2 kOldNativeDiscountFactor: 65536 old_native_bytes: 114132229 new_native_bytes: 1240748 add_bytes_allowed: 35193525 is_gc_concurrent: 1 target_footprint_: 26740543 GetBytesAllocated: 14059680 HeapGrowthMultiplier: 3
12-18 15:58:17.524  3171  3666 I com.miui.home: CheckGCForNative gc_urgency 0.332246 current_native_bytes is 115372977
12-18 15:58:17.561  3171  3666 I com.miui.home: CheckGCForNative adj_start_bytes: 44189593 NativeAllocationGcWatermark: 11731175 java_gc_start_bytes: 26592831 kNewNativeDiscountFactor: 2 kOldNativeDiscountFactor: 65536 old_native_bytes: 114132229 new_native_bytes: 3071748 add_bytes_allowed: 35193525 is_gc_concurrent: 1 target_footprint_: 26740543 GetBytesAllocated: 14158112 HeapGrowthMultiplier: 3
12-18 15:58:17.561  3171  3666 I com.miui.home: CheckGCForNative gc_urgency 0.355191 current_native_bytes is 117203977
12-18 15:58:17.579  3171  3475 I com.miui.home: CheckGCForNative adj_start_bytes: 44189593 NativeAllocationGcWatermark: 11731175 java_gc_start_bytes: 26592831 kNewNativeDiscountFactor: 2 kOldNativeDiscountFactor: 65536 old_native_bytes: 114132229 new_native_bytes: 4751236 add_bytes_allowed: 35193525 is_gc_concurrent: 1 target_footprint_: 26740543 GetBytesAllocated: 14240160 HeapGrowthMultiplier: 3
12-18 15:58:17.579  3171  3475 I com.miui.home: CheckGCForNative gc_urgency 0.376051 current_native_bytes is 118883465
12-18 15:58:17.581  3171  3666 I com.miui.home: CheckGCForNative adj_start_bytes: 44189593 NativeAllocationGcWatermark: 11731175 java_gc_start_bytes: 26592831 kNewNativeDiscountFactor: 2 kOldNativeDiscountFactor: 65536 old_native_bytes: 114132229 new_native_bytes: 3515364 add_bytes_allowed: 35193525 is_gc_concurrent: 1 target_footprint_: 26740543 GetBytesAllocated: 14240160 HeapGrowthMultiplier: 3
12-18 15:58:17.581  3171  3666 I com.miui.home: CheckGCForNative gc_urgency 0.362067 current_native_bytes is 117647593
12-18 15:58:17.589  3171  3666 I com.miui.home: CheckGCForNative adj_start_bytes: 44189593 NativeAllocationGcWatermark: 11731175 java_gc_start_bytes: 26592831 kNewNativeDiscountFactor: 2 kOldNativeDiscountFactor: 65536 old_native_bytes: 114132229 new_native_bytes: 14227012 add_bytes_allowed: 35193525 is_gc_concurrent: 1 target_footprint_: 26740543 GetBytesAllocated: 14256544 HeapGrowthMultiplier: 3
12-18 15:58:17.589  3171  3666 I com.miui.home: CheckGCForNative gc_urgency 0.483639 current_native_bytes is 128359241
12-18 15:58:17.594  5618  5618 I wm_on_idle_called: com.tencent.mobileqq.activity.LoginActivity
12-18 15:58:17.634  3171  3666 I com.miui.home: CheckGCForNative adj_start_bytes: 44189593 NativeAllocationGcWatermark: 11731175 java_gc_start_bytes: 26592831 kNewNativeDiscountFactor: 2 kOldNativeDiscountFactor: 65536 old_native_bytes: 114132229 new_native_bytes: 3970084 add_bytes_allowed: 35193525 is_gc_concurrent: 1 target_footprint_: 26740543 GetBytesAllocated: 14486528 HeapGrowthMultiplier: 3
12-18 15:58:17.634  3171  3666 I com.miui.home: CheckGCForNative gc_urgency 0.372787 current_native_bytes is 118102313
12-18 15:58:17.712  5618  5618 I wm_on_top_resumed_lost_called: [109589826,com.tencent.mobileqq.activity.LoginActivity,topStateChangedWhenResumed]
12-18 15:58:17.731  3171  3171 I wm_on_resume_called: [0,160021530,com.miui.home.launcher.Launcher,RESUME_ACTIVITY,8]
12-18 15:58:17.745  5618  5618 I wm_on_paused_called: [0,109589826,com.tencent.mobileqq.activity.LoginActivity,performPause,1]
12-18 15:58:17.771  3171  3171 I wm_on_top_resumed_gained_called: [160021530,com.miui.home.launcher.Launcher,topStateChangedWhenResumed]
12-18 15:58:17.803  3171  3171 I wm_on_idle_called: com.miui.home.launcher.Launcher
12-18 15:58:17.894  3171  3666 I com.miui.home: CheckGCForNative adj_start_bytes: 44189593 NativeAllocationGcWatermark: 11731175 java_gc_start_bytes: 26592831 kNewNativeDiscountFactor: 2 kOldNativeDiscountFactor: 65536 old_native_bytes: 114132229 new_native_bytes: 4435960 add_bytes_allowed: 35193525 is_gc_concurrent: 1 target_footprint_: 26740543 GetBytesAllocated: 15880656 HeapGrowthMultiplier: 3
12-18 15:58:17.894  3171  3666 I com.miui.home: CheckGCForNative gc_urgency 0.409607 current_native_bytes is 118568189
12-18 15:58:17.916  3171  3666 I com.miui.home: CheckGCForNative adj_start_bytes: 44189593 NativeAllocationGcWatermark: 11731175 java_gc_start_bytes: 26592831 kNewNativeDiscountFactor: 2 kOldNativeDiscountFactor: 65536 old_native_bytes: 114132229 new_native_bytes: 15367052 add_bytes_allowed: 35193525 is_gc_concurrent: 1 target_footprint_: 26740543 GetBytesAllocated: 16142800 HeapGrowthMultiplier: 3
12-18 15:58:17.916  3171  3666 I com.miui.home: CheckGCForNative gc_urgency 0.539224 current_native_bytes is 129499281
12-18 15:58:17.925  3171  3666 I com.miui.home: CheckGCForNative adj_start_bytes: 44189593 NativeAllocationGcWatermark: 11731175 java_gc_start_bytes: 26592831 kNewNativeDiscountFactor: 2 kOldNativeDiscountFactor: 65536 old_native_bytes: 114132229 new_native_bytes: 4661644 add_bytes_allowed: 35193525 is_gc_concurrent: 1 target_footprint_: 26740543 GetBytesAllocated: 16323632 HeapGrowthMultiplier: 3
12-18 15:58:17.925  3171  3666 I com.miui.home: CheckGCForNative gc_urgency 0.422185 current_native_bytes is 118793873
12-18 15:58:17.969  5618  5618 I wm_on_stop_called: [0,109589826,com.tencent.mobileqq.activity.LoginActivity,STOP_ACTIVITY_ITEM,2]
12-18 15:58:17.978  5618  5618 I wm_on_stop_called: [0,11326834,com.tencent.mobileqq.activity.SplashActivity,LIFECYCLER_STOP_ACTIVITY,7]
12-18 15:58:17.984  5618  5618 I wm_on_destroy_called: [0,11326834,com.tencent.mobileqq.activity.SplashActivity,performDestroy,5]
12-18 15:58:18.192  3171  3171 I com.miui.home: CheckGCForNative adj_start_bytes: 44189593 NativeAllocationGcWatermark: 11731175 java_gc_start_bytes: 26592831 kNewNativeDiscountFactor: 2 kOldNativeDiscountFactor: 65536 old_native_bytes: 114132229 new_native_bytes: 4882608 add_bytes_allowed: 35193525 is_gc_concurrent: 1 target_footprint_: 26740543 GetBytesAllocated: 16700496 HeapGrowthMultiplier: 3
12-18 15:58:18.192  3171  3171 I com.miui.home: CheckGCForNative gc_urgency 0.433214 current_native_bytes is 119014837
12-18 15:58:18.239  3171  3171 I wm_on_top_resumed_lost_called: [160021530,com.miui.home.launcher.Launcher,topStateChangedWhenResumed]
12-18 15:58:18.247  3171  3171 I wm_on_paused_called: [0,160021530,com.miui.home.launcher.Launcher,performPause,2]
12-18 15:58:18.336  3171  3666 I com.miui.home: CheckGCForNative adj_start_bytes: 44189593 NativeAllocationGcWatermark: 11731175 java_gc_start_bytes: 26592831 kNewNativeDiscountFactor: 2 kOldNativeDiscountFactor: 65536 old_native_bytes: 114132229 new_native_bytes: 5418816 add_bytes_allowed: 35193525 is_gc_concurrent: 1 target_footprint_: 26740543 GetBytesAllocated: 17372784 HeapGrowthMultiplier: 3
12-18 15:58:18.336  3171  3666 I com.miui.home: CheckGCForNative gc_urgency 0.454495 current_native_bytes is 119551045
12-18 15:58:18.459  3171  3475 I com.miui.home: CheckGCForNative adj_start_bytes: 44189593 NativeAllocationGcWatermark: 11731175 java_gc_start_bytes: 26592831 kNewNativeDiscountFactor: 2 kOldNativeDiscountFactor: 65536 old_native_bytes: 114132229 new_native_bytes: 5967860 add_bytes_allowed: 35193525 is_gc_concurrent: 1 target_footprint_: 26740543 GetBytesAllocated: 18004144 HeapGrowthMultiplier: 3
12-18 15:58:18.459  3171  3475 I com.miui.home: CheckGCForNative gc_urgency 0.474995 current_native_bytes is 120100089
12-18 15:58:19.524 10604 10604 I wm_on_application_create_called: [0,com.dragon.read,759]
12-18 15:58:19.661 10604 10604 I wm_on_create_called: [0,142086523,com.dragon.read.pages.splash.SplashActivity,performCreate,116]
12-18 15:58:19.754  3171  3212 I com.miui.home: CheckGCForNative adj_start_bytes: 44189593 NativeAllocationGcWatermark: 11731175 java_gc_start_bytes: 26592831 kNewNativeDiscountFactor: 2 kOldNativeDiscountFactor: 65536 old_native_bytes: 114132229 new_native_bytes: 16589096 add_bytes_allowed: 35193525 is_gc_concurrent: 1 target_footprint_: 26740543 GetBytesAllocated: 18946800 HeapGrowthMultiplier: 3
12-18 15:58:19.754  3171  3212 I com.miui.home: CheckGCForNative gc_urgency 0.616505 current_native_bytes is 130721325
12-18 15:58:19.755  3171  3212 I com.miui.home: CheckGCForNative adj_start_bytes: 44189593 NativeAllocationGcWatermark: 11731175 java_gc_start_bytes: 26592831 kNewNativeDiscountFactor: 2 kOldNativeDiscountFactor: 65536 old_native_bytes: 114132229 new_native_bytes: 27295016 add_bytes_allowed: 35193525 is_gc_concurrent: 1 target_footprint_: 26740543 GetBytesAllocated: 18946992 HeapGrowthMultiplier: 3
12-18 15:58:19.755  3171  3212 I com.miui.home: CheckGCForNative gc_urgency 0.737645 current_native_bytes is 141427245
12-18 15:58:19.757  3171  3212 I com.miui.home: CheckGCForNative adj_start_bytes: 44189593 NativeAllocationGcWatermark: 11731175 java_gc_start_bytes: 26592831 kNewNativeDiscountFactor: 2 kOldNativeDiscountFactor: 65536 old_native_bytes: 114132229 new_native_bytes: 27299240 add_bytes_allowed: 35193525 is_gc_concurrent: 1 target_footprint_: 26740543 GetBytesAllocated: 18963376 HeapGrowthMultiplier: 3
12-18 15:58:19.757  3171  3212 I com.miui.home: CheckGCForNative gc_urgency 0.738064 current_native_bytes is 141431469
12-18 15:58:19.793  3171  3475 I com.miui.home: CheckGCForNative adj_start_bytes: 44189593 NativeAllocationGcWatermark: 11731175 java_gc_start_bytes: 26592831 kNewNativeDiscountFactor: 2 kOldNativeDiscountFactor: 65536 old_native_bytes: 114132229 new_native_bytes: 16636664 add_bytes_allowed: 35193525 is_gc_concurrent: 1 target_footprint_: 26740543 GetBytesAllocated: 19012720 HeapGrowthMultiplier: 3
12-18 15:58:19.793  3171  3475 I com.miui.home: CheckGCForNative gc_urgency 0.618535 current_native_bytes is 130768893
12-18 15:58:19.818 10604 10604 I wm_on_start_called: [0,142086523,com.dragon.read.pages.splash.SplashActivity,handleStartActivity,153]
12-18 15:58:19.837  3171  3475 I com.miui.home: CheckGCForNative adj_start_bytes: 44189593 NativeAllocationGcWatermark: 11731175 java_gc_start_bytes: 26592831 kNewNativeDiscountFactor: 2 kOldNativeDiscountFactor: 65536 old_native_bytes: 114132229 new_native_bytes: 16639960 add_bytes_allowed: 35193525 is_gc_concurrent: 1 target_footprint_: 26740543 GetBytesAllocated: 19045488 HeapGrowthMultiplier: 3
12-18 15:58:19.838  3171  3475 I com.miui.home: CheckGCForNative gc_urgency 0.619313 current_native_bytes is 130772189
12-18 15:58:19.957 10604 10604 I wm_on_resume_called: [0,142086523,com.dragon.read.pages.splash.SplashActivity,RESUME_ACTIVITY,138]
12-18 15:58:19.960 10604 10604 I wm_on_top_resumed_gained_called: [142086523,com.dragon.read.pages.splash.SplashActivity,topStateChangedWhenResumed]
12-18 15:58:20.069 10604 10604 I wm_on_top_resumed_lost_called: [142086523,com.dragon.read.pages.splash.SplashActivity,topStateChangedWhenResumed]
12-18 15:58:20.100 10604 10604 I wm_on_paused_called: [0,142086523,com.dragon.read.pages.splash.SplashActivity,performPause,27]
12-18 15:58:20.194  3171  3475 I com.miui.home: CheckGCForNative adj_start_bytes: 44189593 NativeAllocationGcWatermark: 11731175 java_gc_start_bytes: 26592831 kNewNativeDiscountFactor: 2 kOldNativeDiscountFactor: 65536 old_native_bytes: 114132229 new_native_bytes: 16544600 add_bytes_allowed: 35193525 is_gc_concurrent: 1 target_footprint_: 26740543 GetBytesAllocated: 19291472 HeapGrowthMultiplier: 3
12-18 15:58:20.194  3171  3475 I com.miui.home: CheckGCForNative gc_urgency 0.623801 current_native_bytes is 130676829
12-18 15:58:20.291  3171  3171 I wm_on_resume_called: [0,160021530,com.miui.home.launcher.Launcher,RESUME_ACTIVITY,12]
12-18 15:58:20.294  3171  3666 I com.miui.home: CheckGCForNative adj_start_bytes: 44189593 NativeAllocationGcWatermark: 11731175 java_gc_start_bytes: 26592831 kNewNativeDiscountFactor: 2 kOldNativeDiscountFactor: 65536 old_native_bytes: 114132229 new_native_bytes: 16766476 add_bytes_allowed: 35193525 is_gc_concurrent: 1 target_footprint_: 26740543 GetBytesAllocated: 19718656 HeapGrowthMultiplier: 3
12-18 15:58:20.294  3171  3666 I com.miui.home: CheckGCForNative gc_urgency 0.635979 current_native_bytes is 130898705
12-18 15:58:20.356  3171  3666 I com.miui.home: CheckGCForNative adj_start_bytes: 44189593 NativeAllocationGcWatermark: 11731175 java_gc_start_bytes: 26592831 kNewNativeDiscountFactor: 2 kOldNativeDiscountFactor: 65536 old_native_bytes: 114132229 new_native_bytes: 27621772 add_bytes_allowed: 35193525 is_gc_concurrent: 1 target_footprint_: 26740543 GetBytesAllocated: 20603520 HeapGrowthMultiplier: 3
12-18 15:58:20.359  3171  3666 I com.miui.home: CheckGCForNative gc_urgency 0.778829 current_native_bytes is 141754001
12-18 15:58:20.436  3171  3666 I com.miui.home: CheckGCForNative adj_start_bytes: 44189593 NativeAllocationGcWatermark: 11731175 java_gc_start_bytes: 26592831 kNewNativeDiscountFactor: 2 kOldNativeDiscountFactor: 65536 old_native_bytes: 114132229 new_native_bytes: 17283476 add_bytes_allowed: 35193525 is_gc_concurrent: 1 target_footprint_: 26740543 GetBytesAllocated: 21120320 HeapGrowthMultiplier: 3
12-18 15:58:20.436  3171  3666 I com.miui.home: CheckGCForNative gc_urgency 0.673548 current_native_bytes is 131415705
12-18 15:58:20.509  3171  3666 I com.miui.home: CheckGCForNative adj_start_bytes: 44189593 NativeAllocationGcWatermark: 11731175 java_gc_start_bytes: 26592831 kNewNativeDiscountFactor: 2 kOldNativeDiscountFactor: 65536 old_native_bytes: 114132229 new_native_bytes: 28288724 add_bytes_allowed: 35193525 is_gc_concurrent: 1 target_footprint_: 26740543 GetBytesAllocated: 21235008 HeapGrowthMultiplier: 3
12-18 15:58:20.509  3171  3666 I com.miui.home: CheckGCForNative gc_urgency 0.800666 current_native_bytes is 142420953
12-18 15:58:20.514  3171  3171 I wm_on_paused_called: [0,160021530,com.miui.home.launcher.Launcher,performPause,1]
12-18 15:58:20.532  3171  3171 I wm_on_idle_called: com.miui.home.launcher.Launcher
12-18 15:58:20.678  3171  3666 I com.miui.home: CheckGCForNative adj_start_bytes: 44189593 NativeAllocationGcWatermark: 11731175 java_gc_start_bytes: 26592831 kNewNativeDiscountFactor: 2 kOldNativeDiscountFactor: 65536 old_native_bytes: 114132229 new_native_bytes: 17662708 add_bytes_allowed: 35193525 is_gc_concurrent: 1 target_footprint_: 26740543 GetBytesAllocated: 21784736 HeapGrowthMultiplier: 3
12-18 15:58:20.678  3171  3666 I com.miui.home: CheckGCForNative gc_urgency 0.692874 current_native_bytes is 131794937
12-18 15:58:20.695  3171  3475 I com.miui.home: CheckGCForNative adj_start_bytes: 44189593 NativeAllocationGcWatermark: 11731175 java_gc_start_bytes: 26592831 kNewNativeDiscountFactor: 2 kOldNativeDiscountFactor: 65536 old_native_bytes: 114132229 new_native_bytes: 17789896 add_bytes_allowed: 35193525 is_gc_concurrent: 1 target_footprint_: 26740543 GetBytesAllocated: 21883040 HeapGrowthMultiplier: 3
12-18 15:58:20.695  3171  3475 I com.miui.home: CheckGCForNative gc_urgency 0.696538 current_native_bytes is 131922125
12-18 15:58:20.839  3171  3666 I com.miui.home: CheckGCForNative adj_start_bytes: 44189593 NativeAllocationGcWatermark: 11731175 java_gc_start_bytes: 26592831 kNewNativeDiscountFactor: 2 kOldNativeDiscountFactor: 65536 old_native_bytes: 114132229 new_native_bytes: 17734584 add_bytes_allowed: 35193525 is_gc_concurrent: 1 target_footprint_: 26740543 GetBytesAllocated: 22211200 HeapGrowthMultiplier: 3
12-18 15:58:20.839  3171  3666 I com.miui.home: CheckGCForNative gc_urgency 0.703338 current_native_bytes is 131866813
12-18 15:58:21.095  3171  3171 I wm_on_stop_called: [0,160021530,com.miui.home.launcher.Launcher,STOP_ACTIVITY_ITEM,3]
12-18 15:58:21.603 10980 10980 I wm_on_application_create_called: [0,com.taobao.taobao,361]
12-18 15:58:21.658  3171  3171 I wm_on_restart_called: [0,160021530,com.miui.home.launcher.Launcher,performRestartActivity,1]
12-18 15:58:21.660  3171  3171 I wm_on_start_called: [0,160021530,com.miui.home.launcher.Launcher,handleStartActivity,1]
12-18 15:58:21.697  3171  3171 I com.miui.home: CheckGCForNative adj_start_bytes: 44189593 NativeAllocationGcWatermark: 11731175 java_gc_start_bytes: 26592831 kNewNativeDiscountFactor: 2 kOldNativeDiscountFactor: 65536 old_native_bytes: 114132229 new_native_bytes: 18051360 add_bytes_allowed: 35193525 is_gc_concurrent: 1 target_footprint_: 26740543 GetBytesAllocated: 23186528 HeapGrowthMultiplier: 3
12-18 15:58:21.697  3171  3171 I com.miui.home: CheckGCForNative gc_urgency 0.728994 current_native_bytes is 132183589
