12-18 15:44:01.398  3174  3663 I com.miui.home: CheckGCForNative gc_urgency 0.802095 current_native_bytes is 150357853
12-18 15:44:01.429  3174  3663 I com.miui.home: CheckGCForNative adj_start_bytes: 44102902 NativeAllocationGcWatermark: 11727217 java_gc_start_bytes: 26512077 kNewNativeDiscountFactor: 2 kOldNativeDiscountFactor: 65536 old_native_bytes: 123859885 new_native_bytes: 26830692 add_bytes_allowed: 35181651 is_gc_concurrent: 1 target_footprint_: 26708877 GetBytesAllocated: 22533880 HeapGrowthMultiplier: 3
12-18 15:44:01.429  3174  3663 I com.miui.home: CheckGCForNative gc_urgency 0.815164 current_native_bytes is 150690577
12-18 15:44:01.440 11191 11191 I wm_on_stop_called: [0,106569260,com.tencent.mobileqq.activity.SplashActivity,LIFECYCLER_STOP_ACTIVITY,100]
12-18 15:44:01.449  3174  3663 I com.miui.home: CheckGCForNative adj_start_bytes: 44102902 NativeAllocationGcWatermark: 11727217 java_gc_start_bytes: 26512077 kNewNativeDiscountFactor: 2 kOldNativeDiscountFactor: 65536 old_native_bytes: 123859885 new_native_bytes: 27176088 add_bytes_allowed: 35181651 is_gc_concurrent: 1 target_footprint_: 26708877 GetBytesAllocated: 22779640 HeapGrowthMultiplier: 3
12-18 15:44:01.449  3174  3663 I com.miui.home: CheckGCForNative gc_urgency 0.824653 current_native_bytes is 151035973
12-18 15:44:01.455 11191 11191 I wm_on_destroy_called: [0,106569260,com.tencent.mobileqq.activity.SplashActivity,performDestroy,15]
12-18 15:44:01.787  3174  3174 I wm_on_top_resumed_lost_called: [7975822,com.miui.home.launcher.Launcher,topStateChangedWhenResumed]
12-18 15:44:01.794  3174  3174 I wm_on_paused_called: [0,7975822,com.miui.home.launcher.Launcher,performPause,2]
12-18 15:44:01.966  3174  3663 I com.miui.home: CheckGCForNative adj_start_bytes: 44102902 NativeAllocationGcWatermark: 11727217 java_gc_start_bytes: 26512077 kNewNativeDiscountFactor: 2 kOldNativeDiscountFactor: 65536 old_native_bytes: 123859885 new_native_bytes: 27316640 add_bytes_allowed: 35181651 is_gc_concurrent: 1 target_footprint_: 26708877 GetBytesAllocated: 23542136 HeapGrowthMultiplier: 3
12-18 15:44:01.967  3174  3663 I com.miui.home: CheckGCForNative gc_urgency 0.843535 current_native_bytes is 151176525
12-18 15:44:01.978  3174  3663 I com.miui.home: CheckGCForNative adj_start_bytes: 44102902 NativeAllocationGcWatermark: 11727217 java_gc_start_bytes: 26512077 kNewNativeDiscountFactor: 2 kOldNativeDiscountFactor: 65536 old_native_bytes: 123859885 new_native_bytes: 27369280 add_bytes_allowed: 35181651 is_gc_concurrent: 1 target_footprint_: 26708877 GetBytesAllocated: 23656824 HeapGrowthMultiplier: 3
12-18 15:44:01.978  3174  3663 I com.miui.home: CheckGCForNative gc_urgency 0.846732 current_native_bytes is 151229165
12-18 15:44:02.082  3174  3663 I com.miui.home: CheckGCForNative adj_start_bytes: 44102902 NativeAllocationGcWatermark: 11727217 java_gc_start_bytes: 26512077 kNewNativeDiscountFactor: 2 kOldNativeDiscountFactor: 65536 old_native_bytes: 123859885 new_native_bytes: 27507648 add_bytes_allowed: 35181651 is_gc_concurrent: 1 target_footprint_: 26708877 GetBytesAllocated: 24034104 HeapGrowthMultiplier: 3
12-18 15:44:02.082  3174  3663 I com.miui.home: CheckGCForNative gc_urgency 0.856856 current_native_bytes is 151367533
12-18 15:44:02.689  3174  3174 I wm_on_stop_called: [0,7975822,com.miui.home.launcher.Launcher,STOP_ACTIVITY_ITEM,3]
12-18 15:44:03.137 11703 11703 I wm_on_application_create_called: [0,com.dragon.read,738]
12-18 15:44:03.254 11703 11703 I wm_on_create_called: [0,93072389,com.dragon.read.pages.splash.SplashActivity,performCreate,77]
12-18 15:44:03.328 11703 11703 I wm_on_start_called: [0,93072389,com.dragon.read.pages.splash.SplashActivity,handleStartActivity,65]
12-18 15:44:03.454 11703 11703 I wm_on_resume_called: [0,93072389,com.dragon.read.pages.splash.SplashActivity,RESUME_ACTIVITY,125]
12-18 15:44:03.457 11703 11703 I wm_on_top_resumed_gained_called: [93072389,com.dragon.read.pages.splash.SplashActivity,topStateChangedWhenResumed]
12-18 15:44:03.547 11703 11703 I wm_on_top_resumed_lost_called: [93072389,com.dragon.read.pages.splash.SplashActivity,topStateChangedWhenResumed]
12-18 15:44:03.556 11703 11703 I wm_on_paused_called: [0,93072389,com.dragon.read.pages.splash.SplashActivity,performPause,9]
12-18 15:44:03.692  3174  3663 I com.miui.home: CheckGCForNative adj_start_bytes: 44102902 NativeAllocationGcWatermark: 11727217 java_gc_start_bytes: 26512077 kNewNativeDiscountFactor: 2 kOldNativeDiscountFactor: 65536 old_native_bytes: 123859885 new_native_bytes: 27728596 add_bytes_allowed: 35181651 is_gc_concurrent: 1 target_footprint_: 26708877 GetBytesAllocated: 24862424 HeapGrowthMultiplier: 3
12-18 15:44:03.692  3174  3663 I com.miui.home: CheckGCForNative gc_urgency 0.878142 current_native_bytes is 151588481
12-18 15:44:03.766  3174  3174 I wm_on_restart_called: [0,7975822,com.miui.home.launcher.Launcher,performRestartActivity,0]
12-18 15:44:03.767  3174  3174 I wm_on_start_called: [0,7975822,com.miui.home.launcher.Launcher,handleStartActivity,1]
12-18 15:44:03.810  3174  3663 I com.miui.home: CheckGCForNative adj_start_bytes: 44102902 NativeAllocationGcWatermark: 11727217 java_gc_start_bytes: 26512077 kNewNativeDiscountFactor: 2 kOldNativeDiscountFactor: 65536 old_native_bytes: 123859885 new_native_bytes: 28044700 add_bytes_allowed: 35181651 is_gc_concurrent: 1 target_footprint_: 26708877 GetBytesAllocated: 25887224 HeapGrowthMultiplier: 3
12-18 15:44:03.810  3174  3663 I com.miui.home: CheckGCForNative gc_urgency 0.904962 current_native_bytes is 151904585
12-18 15:44:03.893 11703 11703 I wm_on_create_called: [0,169052803,com.dragon.read.pages.main.MainFragmentActivity,performCreate,277]
12-18 15:44:03.899  3174  3503 I com.miui.home: CheckGCForNative adj_start_bytes: 44102902 NativeAllocationGcWatermark: 11727217 java_gc_start_bytes: 26512077 kNewNativeDiscountFactor: 2 kOldNativeDiscountFactor: 65536 old_native_bytes: 123859885 new_native_bytes: 39036652 add_bytes_allowed: 35181651 is_gc_concurrent: 1 target_footprint_: 26708877 GetBytesAllocated: 26182200 HeapGrowthMultiplier: 3
12-18 15:44:03.899  3174  3503 I com.miui.home: CheckGCForNative gc_urgency 1.03627 current_native_bytes is 162896537
12-18 15:44:03.899  3174  3503 I com.miui.home: CheckGCForNative requested 1
12-18 15:44:03.899  3174  3503 I com.miui.home: CheckGCForNative adj_start_bytes: 44102902 NativeAllocationGcWatermark: 11727217 java_gc_start_bytes: 26512077 kNewNativeDiscountFactor: 2 kOldNativeDiscountFactor: 65536 old_native_bytes: 123859885 new_native_bytes: 49742252 add_bytes_allowed: 35181651 is_gc_concurrent: 1 target_footprint_: 26708877 GetBytesAllocated: 26198776 HeapGrowthMultiplier: 3
12-18 15:44:03.899  3174  3503 I com.miui.home: CheckGCForNative gc_urgency 1.15801 current_native_bytes is 173602137
12-18 15:44:03.899  3174  3503 I com.miui.home: CheckGCForNative requested 1
12-18 15:44:03.946  3174  3449 I com.miui.home: CheckGCForNative adj_start_bytes: 44102902 NativeAllocationGcWatermark: 11727217 java_gc_start_bytes: 26512077 kNewNativeDiscountFactor: 2 kOldNativeDiscountFactor: 65536 old_native_bytes: 123859885 new_native_bytes: 39055916 add_bytes_allowed: 35181651 is_gc_concurrent: 1 target_footprint_: 26708877 GetBytesAllocated: 26247928 HeapGrowthMultiplier: 3
12-18 15:44:03.946  3174  3449 I com.miui.home: CheckGCForNative gc_urgency 1.03798 current_native_bytes is 162915801
12-18 15:44:03.946  3174  3449 I com.miui.home: CheckGCForNative requested 1
12-18 15:44:03.966  3174  3503 I com.miui.home: CheckGCForNative adj_start_bytes: 44102902 NativeAllocationGcWatermark: 11727217 java_gc_start_bytes: 26512077 kNewNativeDiscountFactor: 2 kOldNativeDiscountFactor: 65536 old_native_bytes: 123859885 new_native_bytes: 49772524 add_bytes_allowed: 35181651 is_gc_concurrent: 1 target_footprint_: 26708877 GetBytesAllocated: 26280696 HeapGrowthMultiplier: 3
12-18 15:44:03.966  3174  3503 I com.miui.home: CheckGCForNative gc_urgency 1.16021 current_native_bytes is 173632409
12-18 15:44:03.966  3174  3503 I com.miui.home: CheckGCForNative requested 1
12-18 15:44:04.072 11703 11703 I wm_on_start_called: [0,169052803,com.dragon.read.pages.main.MainFragmentActivity,handleStartActivity,178]
12-18 15:44:04.101  3174  3206 I com.miui.home: NativeAlloc concurrent copying GC freed 235570(11MB) AllocSpace objects, 20(672KB) LOS objects, 49% free, 13MB/26MB, paused 142us,238us total 202.135ms
12-18 15:44:04.224  3174  3449 I com.miui.home: CheckGCForNative gc_urgency 0 current_native_bytes is 125230093
12-18 15:44:04.291  3174  3449 I com.miui.home: CheckGCForNative adj_start_bytes: 44948390 NativeAllocationGcWatermark: 11826577 java_gc_start_bytes: 27208525 kNewNativeDiscountFactor: 2 kOldNativeDiscountFactor: 65536 old_native_bytes: 125230093 new_native_bytes: 2816 add_bytes_allowed: 35479731 is_gc_concurrent: 1 target_footprint_: 27503757 GetBytesAllocated: 13866696 HeapGrowthMultiplier: 3
12-18 15:44:04.291  3174  3449 I com.miui.home: CheckGCForNative gc_urgency 0.308576 current_native_bytes is 125232909
12-18 15:44:04.442  3174  3174 I wm_on_resume_called: [0,7975822,com.miui.home.launcher.Launcher,RESUME_ACTIVITY,21]
12-18 15:44:04.444  3174  3174 I wm_on_idle_called: com.miui.home.launcher.Launcher
12-18 15:44:04.481 11703 11703 I wm_on_resume_called: [0,169052803,com.dragon.read.pages.main.MainFragmentActivity,RESUME_ACTIVITY,409]
12-18 15:44:04.577  3174  3663 I com.miui.home: CheckGCForNative adj_start_bytes: 44948390 NativeAllocationGcWatermark: 11826577 java_gc_start_bytes: 27208525 kNewNativeDiscountFactor: 2 kOldNativeDiscountFactor: 65536 old_native_bytes: 125230093 new_native_bytes: 1147488 add_bytes_allowed: 35479731 is_gc_concurrent: 1 target_footprint_: 27503757 GetBytesAllocated: 15080568 HeapGrowthMultiplier: 3
12-18 15:44:04.577  3174  3663 I com.miui.home: CheckGCForNative gc_urgency 0.348316 current_native_bytes is 126377581
12-18 15:44:04.611  3174  3663 I com.miui.home: CheckGCForNative adj_start_bytes: 44948390 NativeAllocationGcWatermark: 11826577 java_gc_start_bytes: 27208525 kNewNativeDiscountFactor: 2 kOldNativeDiscountFactor: 65536 old_native_bytes: 125230093 new_native_bytes: 2494316 add_bytes_allowed: 35479731 is_gc_concurrent: 1 target_footprint_: 27503757 GetBytesAllocated: 15244600 HeapGrowthMultiplier: 3
12-18 15:44:04.611  3174  3663 I com.miui.home: CheckGCForNative gc_urgency 0.366947 current_native_bytes is 127724409
12-18 15:44:04.646  3174  3663 I com.miui.home: CheckGCForNative adj_start_bytes: 44948390 NativeAllocationGcWatermark: 11826577 java_gc_start_bytes: 27208525 kNewNativeDiscountFactor: 2 kOldNativeDiscountFactor: 65536 old_native_bytes: 125230093 new_native_bytes: 4656052 add_bytes_allowed: 35479731 is_gc_concurrent: 1 target_footprint_: 27503757 GetBytesAllocated: 15474296 HeapGrowthMultiplier: 3
12-18 15:44:04.646  3174  3663 I com.miui.home: CheckGCForNative gc_urgency 0.396104 current_native_bytes is 129886145
12-18 15:44:04.648  3174  3663 I com.miui.home: CheckGCForNative adj_start_bytes: 44948390 NativeAllocationGcWatermark: 11826577 java_gc_start_bytes: 27208525 kNewNativeDiscountFactor: 2 kOldNativeDiscountFactor: 65536 old_native_bytes: 125230093 new_native_bytes: 15367700 add_bytes_allowed: 35479731 is_gc_concurrent: 1 target_footprint_: 27503757 GetBytesAllocated: 15490680 HeapGrowthMultiplier: 3
12-18 15:44:04.648  3174  3663 I com.miui.home: CheckGCForNative gc_urgency 0.515623 current_native_bytes is 140597793
12-18 15:44:04.664  3174  3663 I com.miui.home: CheckGCForNative adj_start_bytes: 44948390 NativeAllocationGcWatermark: 11826577 java_gc_start_bytes: 27208525 kNewNativeDiscountFactor: 2 kOldNativeDiscountFactor: 65536 old_native_bytes: 125230093 new_native_bytes: 5107252 add_bytes_allowed: 35479731 is_gc_concurrent: 1 target_footprint_: 27503757 GetBytesAllocated: 15720728 HeapGrowthMultiplier: 3
12-18 15:44:04.664  3174  3663 I com.miui.home: CheckGCForNative gc_urgency 0.406606 current_native_bytes is 130337345
12-18 15:44:04.728 11703 11703 I wm_on_top_resumed_gained_called: [169052803,com.dragon.read.pages.main.MainFragmentActivity,topStateChangedWhenResumed]
12-18 15:44:04.900  3174  3174 I wm_on_top_resumed_gained_called: [7975822,com.miui.home.launcher.Launcher,topStateChangedWhenResumed]
12-18 15:44:05.178  3174  3174 I wm_on_top_resumed_lost_called: [7975822,com.miui.home.launcher.Launcher,topStateChangedWhenResumed]
12-18 15:44:05.205  3174  3174 I wm_on_paused_called: [0,7975822,com.miui.home.launcher.Launcher,performPause,11]
12-18 15:44:05.262  3174  3663 I com.miui.home: CheckGCForNative adj_start_bytes: 44948390 NativeAllocationGcWatermark: 11826577 java_gc_start_bytes: 27208525 kNewNativeDiscountFactor: 2 kOldNativeDiscountFactor: 65536 old_native_bytes: 125230093 new_native_bytes: 5511652 add_bytes_allowed: 35479731 is_gc_concurrent: 1 target_footprint_: 27503757 GetBytesAllocated: 16573256 HeapGrowthMultiplier: 3
12-18 15:44:05.262  3174  3663 I com.miui.home: CheckGCForNative gc_urgency 0.430071 current_native_bytes is 130741745
12-18 15:44:05.335  3174  3449 I com.miui.home: CheckGCForNative adj_start_bytes: 44948390 NativeAllocationGcWatermark: 11826577 java_gc_start_bytes: 27208525 kNewNativeDiscountFactor: 2 kOldNativeDiscountFactor: 65536 old_native_bytes: 125230093 new_native_bytes: 5777184 add_bytes_allowed: 35479731 is_gc_concurrent: 1 target_footprint_: 27503757 GetBytesAllocated: 17122520 HeapGrowthMultiplier: 3
12-18 15:44:05.335  3174  3449 I com.miui.home: CheckGCForNative gc_urgency 0.445244 current_native_bytes is 131007277
12-18 15:44:05.437  3174  3663 I com.miui.home: CheckGCForNative adj_start_bytes: 44948390 NativeAllocationGcWatermark: 11826577 java_gc_start_bytes: 27208525 kNewNativeDiscountFactor: 2 kOldNativeDiscountFactor: 65536 old_native_bytes: 125230093 new_native_bytes: 5765228 add_bytes_allowed: 35479731 is_gc_concurrent: 1 target_footprint_: 27503757 GetBytesAllocated: 17483176 HeapGrowthMultiplier: 3
12-18 15:44:05.437  3174  3663 I com.miui.home: CheckGCForNative gc_urgency 0.453135 current_native_bytes is 130995321
12-18 15:44:05.524  3174  3663 I com.miui.home: CheckGCForNative adj_start_bytes: 44948390 NativeAllocationGcWatermark: 11826577 java_gc_start_bytes: 27208525 kNewNativeDiscountFactor: 2 kOldNativeDiscountFactor: 65536 old_native_bytes: 125230093 new_native_bytes: 5874944 add_bytes_allowed: 35479731 is_gc_concurrent: 1 target_footprint_: 27503757 GetBytesAllocated: 17860584 HeapGrowthMultiplier: 3
12-18 15:44:05.524  3174  3663 I com.miui.home: CheckGCForNative gc_urgency 0.462752 current_native_bytes is 131105037
12-18 15:44:06.302 12191 12191 I wm_on_application_create_called: [0,com.taobao.taobao,388]
12-18 15:44:06.447 12159 12159 I wm_on_application_create_called: [0,com.taobao.taobao,588]
12-18 15:44:06.566 12159 12159 I wm_on_create_called: [0,103913905,com.taobao.tao.welcome.Welcome,performCreate,105]
12-18 15:44:06.621 12159 12159 I wm_on_start_called: [0,103913905,com.taobao.tao.welcome.Welcome,handleStartActivity,55]
12-18 15:44:06.659 12159 12159 I wm_on_resume_called: [0,103913905,com.taobao.tao.welcome.Welcome,RESUME_ACTIVITY,36]
12-18 15:44:06.687 12159 12159 I wm_on_top_resumed_gained_called: [103913905,com.taobao.tao.welcome.Welcome,topStateChangedWhenResumed]
12-18 15:44:07.060  3174  3503 I com.miui.home: CheckGCForNative adj_start_bytes: 44948390 NativeAllocationGcWatermark: 11826577 java_gc_start_bytes: 27208525 kNewNativeDiscountFactor: 2 kOldNativeDiscountFactor: 65536 old_native_bytes: 125230093 new_native_bytes: 16650628 add_bytes_allowed: 35479731 is_gc_concurrent: 1 target_footprint_: 27503757 GetBytesAllocated: 18729512 HeapGrowthMultiplier: 3
12-18 15:44:07.061  3174  3503 I com.miui.home: CheckGCForNative gc_urgency 0.601951 current_native_bytes is 141880721
12-18 15:44:07.061  3174  3503 I com.miui.home: CheckGCForNative adj_start_bytes: 44948390 NativeAllocationGcWatermark: 11826577 java_gc_start_bytes: 27208525 kNewNativeDiscountFactor: 2 kOldNativeDiscountFactor: 65536 old_native_bytes: 125230093 new_native_bytes: 27356548 add_bytes_allowed: 35479731 is_gc_concurrent: 1 target_footprint_: 27503757 GetBytesAllocated: 18746088 HeapGrowthMultiplier: 3
12-18 15:44:07.061  3174  3503 I com.miui.home: CheckGCForNative gc_urgency 0.721411 current_native_bytes is 152586641
12-18 15:44:07.072  3174  8063 I com.miui.home: CheckGCForNative adj_start_bytes: 44948390 NativeAllocationGcWatermark: 11826577 java_gc_start_bytes: 27208525 kNewNativeDiscountFactor: 2 kOldNativeDiscountFactor: 65536 old_native_bytes: 125230093 new_native_bytes: 27357060 add_bytes_allowed: 35479731 is_gc_concurrent: 1 target_footprint_: 27503757 GetBytesAllocated: 18762472 HeapGrowthMultiplier: 3
12-18 15:44:07.073  3174  8063 I com.miui.home: CheckGCForNative gc_urgency 0.721781 current_native_bytes is 152587153
12-18 15:44:07.083  3174  3449 I com.miui.home: CheckGCForNative adj_start_bytes: 44948390 NativeAllocationGcWatermark: 11826577 java_gc_start_bytes: 27208525 kNewNativeDiscountFactor: 2 kOldNativeDiscountFactor: 65536 old_native_bytes: 125230093 new_native_bytes: 16593348 add_bytes_allowed: 35479731 is_gc_concurrent: 1 target_footprint_: 27503757 GetBytesAllocated: 18811816 HeapGrowthMultiplier: 3
12-18 15:44:07.083  3174  3449 I com.miui.home: CheckGCForNative gc_urgency 0.603145 current_native_bytes is 141823441
12-18 15:44:07.238  3174  3449 I com.miui.home: CheckGCForNative adj_start_bytes: 44948390 NativeAllocationGcWatermark: 11826577 java_gc_start_bytes: 27208525 kNewNativeDiscountFactor: 2 kOldNativeDiscountFactor: 65536 old_native_bytes: 125230093 new_native_bytes: 16641428 add_bytes_allowed: 35479731 is_gc_concurrent: 1 target_footprint_: 27503757 GetBytesAllocated: 18942920 HeapGrowthMultiplier: 3
12-18 15:44:07.238  3174  3449 I com.miui.home: CheckGCForNative gc_urgency 0.606597 current_native_bytes is 141871521
12-18 15:44:07.599  3174  3174 I wm_on_resume_called: [0,7975822,com.miui.home.launcher.Launcher,RESUME_ACTIVITY,5]
12-18 15:44:07.601  3174  3174 I wm_on_idle_called: com.miui.home.launcher.Launcher
12-18 15:44:07.616  3174  3425 I com.miui.home: CheckGCForNative adj_start_bytes: 44948390 NativeAllocationGcWatermark: 11826577 java_gc_start_bytes: 27208525 kNewNativeDiscountFactor: 2 kOldNativeDiscountFactor: 65536 old_native_bytes: 125230093 new_native_bytes: 16641812 add_bytes_allowed: 35479731 is_gc_concurrent: 1 target_footprint_: 27503757 GetBytesAllocated: 19222184 HeapGrowthMultiplier: 3
12-18 15:44:07.616  3174  3425 I com.miui.home: CheckGCForNative gc_urgency 0.612814 current_native_bytes is 141871905
12-18 15:44:07.797  3174  3663 I com.miui.home: CheckGCForNative adj_start_bytes: 44948390 NativeAllocationGcWatermark: 11826577 java_gc_start_bytes: 27208525 kNewNativeDiscountFactor: 2 kOldNativeDiscountFactor: 65536 old_native_bytes: 125230093 new_native_bytes: 16959272 add_bytes_allowed: 35479731 is_gc_concurrent: 1 target_footprint_: 27503757 GetBytesAllocated: 20558200 HeapGrowthMultiplier: 3
12-18 15:44:07.798  3174  3663 I com.miui.home: CheckGCForNative gc_urgency 0.646069 current_native_bytes is 142189365
12-18 15:44:07.809  3174  3663 I com.miui.home: CheckGCForNative adj_start_bytes: 44948390 NativeAllocationGcWatermark: 11826577 java_gc_start_bytes: 27208525 kNewNativeDiscountFactor: 2 kOldNativeDiscountFactor: 65536 old_native_bytes: 125230093 new_native_bytes: 27687464 add_bytes_allowed: 35479731 is_gc_concurrent: 1 target_footprint_: 27503757 GetBytesAllocated: 20607352 HeapGrowthMultiplier: 3
12-18 15:44:07.809  3174  3663 I com.miui.home: CheckGCForNative gc_urgency 0.766501 current_native_bytes is 152917557
12-18 15:44:07.847  3174  3663 I com.miui.home: CheckGCForNative adj_start_bytes: 44948390 NativeAllocationGcWatermark: 11826577 java_gc_start_bytes: 27208525 kNewNativeDiscountFactor: 2 kOldNativeDiscountFactor: 65536 old_native_bytes: 125230093 new_native_bytes: 17404956 add_bytes_allowed: 35479731 is_gc_concurrent: 1 target_footprint_: 27503757 GetBytesAllocated: 21001240 HeapGrowthMultiplier: 3
12-18 15:44:07.847  3174  3663 I com.miui.home: CheckGCForNative gc_urgency 0.660883 current_native_bytes is 142635049
12-18 15:44:08.054 12159 12159 I wm_on_top_resumed_lost_called: [103913905,com.taobao.tao.welcome.Welcome,topStateChangedWhenResumed]
12-18 15:44:08.077 12159 12159 I wm_on_paused_called: [0,103913905,com.taobao.tao.welcome.Welcome,performPause,21]
12-18 15:44:08.125  3174  3174 I wm_on_top_resumed_gained_called: [7975822,com.miui.home.launcher.Launcher,topStateChangedWhenResumed]
12-18 15:44:08.127  3174  3174 I wm_on_top_resumed_lost_called: [7975822,com.miui.home.launcher.Launcher,topStateChangedWhenResumed]
12-18 15:44:08.130  3174  3174 I wm_on_paused_called: [0,7975822,com.miui.home.launcher.Launcher,performPause,2]
12-18 15:44:08.137 12159 12159 I wm_on_stop_called: [0,103913905,com.taobao.tao.welcome.Welcome,STOP_ACTIVITY_ITEM,59]
12-18 15:44:08.292  3174  3174 I com.miui.home: CheckGCForNative adj_start_bytes: 44948390 NativeAllocationGcWatermark: 11826577 java_gc_start_bytes: 27208525 kNewNativeDiscountFactor: 2 kOldNativeDiscountFactor: 65536 old_native_bytes: 125230093 new_native_bytes: 17780116 add_bytes_allowed: 35479731 is_gc_concurrent: 1 target_footprint_: 27503757 GetBytesAllocated: 21911240 HeapGrowthMultiplier: 3
12-18 15:44:08.292  3174  3174 I com.miui.home: CheckGCForNative gc_urgency 0.685302 current_native_bytes is 143010209
12-18 15:44:08.306  3174  3449 I com.miui.home: CheckGCForNative adj_start_bytes: 44948390 NativeAllocationGcWatermark: 11826577 java_gc_start_bytes: 27208525 kNewNativeDiscountFactor: 2 kOldNativeDiscountFactor: 65536 old_native_bytes: 125230093 new_native_bytes: 17813396 add_bytes_allowed: 35479731 is_gc_concurrent: 1 target_footprint_: 27503757 GetBytesAllocated: 21976840 HeapGrowthMultiplier: 3
12-18 15:44:08.306  3174  3449 I com.miui.home: CheckGCForNative gc_urgency 0.687496 current_native_bytes is 143043489
12-18 15:44:08.374  3174  3663 I com.miui.home: CheckGCForNative adj_start_bytes: 44948390 NativeAllocationGcWatermark: 11826577 java_gc_start_bytes: 27208525 kNewNativeDiscountFactor: 2 kOldNativeDiscountFactor: 65536 old_native_bytes: 125230093 new_native_bytes: 17969940 add_bytes_allowed: 35479731 is_gc_concurrent: 1 target_footprint_: 27503757 GetBytesAllocated: 22370568 HeapGrowthMultiplier: 3
12-18 15:44:08.374  3174  3663 I com.miui.home: CheckGCForNative gc_urgency 0.697632 current_native_bytes is 143200033
12-18 15:44:08.548  7334  7334 I wm_on_create_called: [0,266958621,com.tencent.mm.ui.LauncherUI,performCreate,289]
12-18 15:44:08.579  7334  7334 I wm_on_start_called: [0,266958621,com.tencent.mm.ui.LauncherUI,handleStartActivity,22]
12-18 15:44:08.643  7334  7334 I wm_on_resume_called: [0,266958621,com.tencent.mm.ui.LauncherUI,RESUME_ACTIVITY,63]
12-18 15:44:08.665  7334  7334 I wm_on_top_resumed_gained_called: [266958621,com.tencent.mm.ui.LauncherUI,topStateChangedWhenResumed]
12-18 15:44:08.670  7334  7334 I wm_on_top_resumed_lost_called: [266958621,com.tencent.mm.ui.LauncherUI,topStateChangedWhenResumed]
12-18 15:44:08.680  7334  7334 I wm_on_paused_called: [0,266958621,com.tencent.mm.ui.LauncherUI,performPause,7]
12-18 15:44:08.707  3174  3174 I wm_on_stop_called: [0,7975822,com.miui.home.launcher.Launcher,STOP_ACTIVITY_ITEM,3]
12-18 15:44:08.838  3174  3663 I com.miui.home: CheckGCForNative adj_start_bytes: 44948390 NativeAllocationGcWatermark: 11826577 java_gc_start_bytes: 27208525 kNewNativeDiscountFactor: 2 kOldNativeDiscountFactor: 65536 old_native_bytes: 125230093 new_native_bytes: 18120872 add_bytes_allowed: 35479731 is_gc_concurrent: 1 target_footprint_: 27503757 GetBytesAllocated: 22985736 HeapGrowthMultiplier: 3
12-18 15:44:08.838  3174  3663 I com.miui.home: CheckGCForNative gc_urgency 0.712997 current_native_bytes is 143350965
12-18 15:44:08.860  7334  7334 I wm_on_create_called: [0,90444714,com.tencent.mm.plugin.account.ui.WelcomeActivity,performCreate,55]
12-18 15:44:08.863  7334  7334 I wm_on_start_called: [0,90444714,com.tencent.mm.plugin.account.ui.WelcomeActivity,handleStartActivity,2]
12-18 15:44:08.869  7334  7334 I wm_on_resume_called: [0,90444714,com.tencent.mm.plugin.account.ui.WelcomeActivity,RESUME_ACTIVITY,6]
12-18 15:44:08.879  7334  7334 I wm_on_top_resumed_gained_called: [90444714,com.tencent.mm.plugin.account.ui.WelcomeActivity,topStateChangedWhenResumed]
12-18 15:44:08.927  3174  3663 I com.miui.home: CheckGCForNative adj_start_bytes: 44948390 NativeAllocationGcWatermark: 11826577 java_gc_start_bytes: 27208525 kNewNativeDiscountFactor: 2 kOldNativeDiscountFactor: 65536 old_native_bytes: 125230093 new_native_bytes: 18526236 add_bytes_allowed: 35479731 is_gc_concurrent: 1 target_footprint_: 27503757 GetBytesAllocated: 23428632 HeapGrowthMultiplier: 3
12-18 15:44:08.927  3174  3663 I com.miui.home: CheckGCForNative gc_urgency 0.72736 current_native_bytes is 143756329
12-18 15:44:09.062  7334  7334 I wm_on_stop_called: [0,266958621,com.tencent.mm.ui.LauncherUI,STOP_ACTIVITY_ITEM,5]
12-18 15:44:10.226  3174  3174 I wm_on_restart_called: [0,7975822,com.miui.home.launcher.Launcher,performRestartActivity,0]
12-18 15:44:10.227  3174  3174 I wm_on_start_called: [0,7975822,com.miui.home.launcher.Launcher,handleStartActivity,0]
12-18 15:44:10.285  3174  8063 I com.miui.home: CheckGCForNative adj_start_bytes: 44948390 NativeAllocationGcWatermark: 11826577 java_gc_start_bytes: 27208525 kNewNativeDiscountFactor: 2 kOldNativeDiscountFactor: 65536 old_native_bytes: 125230093 new_native_bytes: 29677192 add_bytes_allowed: 35479731 is_gc_concurrent: 1 target_footprint_: 27503757 GetBytesAllocated: 24395704 HeapGrowthMultiplier: 3
12-18 15:44:10.285  3174  8063 I com.miui.home: CheckGCForNative gc_urgency 0.872917 current_native_bytes is 154907285
12-18 15:44:10.286  3174  8063 I com.miui.home: CheckGCForNative adj_start_bytes: 44948390 NativeAllocationGcWatermark: 11826577 java_gc_start_bytes: 27208525 kNewNativeDiscountFactor: 2 kOldNativeDiscountFactor: 65536 old_native_bytes: 125230093 new_native_bytes: 40383112 add_bytes_allowed: 35479731 is_gc_concurrent: 1 target_footprint_: 27503757 GetBytesAllocated: 24395896 HeapGrowthMultiplier: 3
12-18 15:44:10.286  3174  8063 I com.miui.home: CheckGCForNative gc_urgency 0.992012 current_native_bytes is 165613205
12-18 15:44:10.316  3174  3449 I com.miui.home: CheckGCForNative adj_start_bytes: 44948390 NativeAllocationGcWatermark: 11826577 java_gc_start_bytes: 27208525 kNewNativeDiscountFactor: 2 kOldNativeDiscountFactor: 65536 old_native_bytes: 125230093 new_native_bytes: 29682504 add_bytes_allowed: 35479731 is_gc_concurrent: 1 target_footprint_: 27503757 GetBytesAllocated: 24445048 HeapGrowthMultiplier: 3
12-18 15:44:10.316  3174  3449 I com.miui.home: CheckGCForNative gc_urgency 0.874074 current_native_bytes is 154912597
12-18 15:44:10.322  3174  8063 I com.miui.home: CheckGCForNative adj_start_bytes: 44948390 NativeAllocationGcWatermark: 11826577 java_gc_start_bytes: 27208525 kNewNativeDiscountFactor: 2 kOldNativeDiscountFactor: 65536 old_native_bytes: 125230093 new_native_bytes: 40392296 add_bytes_allowed: 35479731 is_gc_concurrent: 1 target_footprint_: 27503757 GetBytesAllocated: 24461432 HeapGrowthMultiplier: 3
12-18 15:44:10.322  3174  8063 I com.miui.home: CheckGCForNative gc_urgency 0.993573 current_native_bytes is 165622389
12-18 15:44:10.616  3174  3449 I com.miui.home: CheckGCForNative adj_start_bytes: 44948390 NativeAllocationGcWatermark: 11826577 java_gc_start_bytes: 27208525 kNewNativeDiscountFactor: 2 kOldNativeDiscountFactor: 65536 old_native_bytes: 125230093 new_native_bytes: 29709864 add_bytes_allowed: 35479731 is_gc_concurrent: 1 target_footprint_: 27503757 GetBytesAllocated: 24609080 HeapGrowthMultiplier: 3
12-18 15:44:10.616  3174  3449 I com.miui.home: CheckGCForNative gc_urgency 0.878027 current_native_bytes is 154939957
12-18 15:44:10.671  3174  3449 I com.miui.home: CheckGCForNative adj_start_bytes: 44948390 NativeAllocationGcWatermark: 11826577 java_gc_start_bytes: 27208525 kNewNativeDiscountFactor: 2 kOldNativeDiscountFactor: 65536 old_native_bytes: 125230093 new_native_bytes: 29713512 add_bytes_allowed: 35479731 is_gc_concurrent: 1 target_footprint_: 27503757 GetBytesAllocated: 24625464 HeapGrowthMultiplier: 3
12-18 15:44:10.671  3174  3449 I com.miui.home: CheckGCForNative gc_urgency 0.878433 current_native_bytes is 154943605
12-18 15:44:10.807  7334  7334 I wm_on_top_resumed_lost_called: [90444714,com.tencent.mm.plugin.account.ui.WelcomeActivity,topStateChangedWhenResumed]
12-18 15:44:10.815  3174  3174 I wm_on_resume_called: [0,7975822,com.miui.home.launcher.Launcher,RESUME_ACTIVITY,4]
12-18 15:44:10.817  3174  3174 I wm_on_idle_called: com.miui.home.launcher.Launcher
12-18 15:44:10.828  3174  3174 I wm_on_top_resumed_gained_called: [7975822,com.miui.home.launcher.Launcher,topStateChangedWhenResumed]
12-18 15:44:10.839  7334  7334 I wm_on_paused_called: [0,90444714,com.tencent.mm.plugin.account.ui.WelcomeActivity,performPause,11]
12-18 15:44:10.883  7334  7334 I wm_on_stop_called: [0,90444714,com.tencent.mm.plugin.account.ui.WelcomeActivity,STOP_ACTIVITY_ITEM,10]
12-18 15:44:10.898  7334  7334 I wm_on_idle_called: com.tencent.mm.plugin.account.ui.WelcomeActivity
12-18 15:44:10.898  7334  7334 I wm_on_idle_called: com.tencent.mm.ui.LauncherUI
12-18 15:44:10.968  3174  3663 I com.miui.home: CheckGCForNative adj_start_bytes: 44948390 NativeAllocationGcWatermark: 11826577 java_gc_start_bytes: 27208525 kNewNativeDiscountFactor: 2 kOldNativeDiscountFactor: 65536 old_native_bytes: 125230093 new_native_bytes: 29912248 add_bytes_allowed: 35479731 is_gc_concurrent: 1 target_footprint_: 27503757 GetBytesAllocated: 25904856 HeapGrowthMultiplier: 3
12-18 15:44:10.968  3174  3663 I com.miui.home: CheckGCForNative gc_urgency 0.909107 current_native_bytes is 155142341
12-18 15:44:10.981  3174  3663 I com.miui.home: CheckGCForNative adj_start_bytes: 44948390 NativeAllocationGcWatermark: 11826577 java_gc_start_bytes: 27208525 kNewNativeDiscountFactor: 2 kOldNativeDiscountFactor: 65536 old_native_bytes: 125230093 new_native_bytes: 40783660 add_bytes_allowed: 35479731 is_gc_concurrent: 1 target_footprint_: 27503757 GetBytesAllocated: 26068696 HeapGrowthMultiplier: 3
12-18 15:44:10.981  3174  3663 I com.miui.home: CheckGCForNative gc_urgency 1.03368 current_native_bytes is 166013753
12-18 15:44:10.981  3174  3663 I com.miui.home: CheckGCForNative requested 1
12-18 15:44:10.998  3174  3663 I com.miui.home: CheckGCForNative adj_start_bytes: 44948390 NativeAllocationGcWatermark: 11826577 java_gc_start_bytes: 27208525 kNewNativeDiscountFactor: 2 kOldNativeDiscountFactor: 65536 old_native_bytes: 125230093 new_native_bytes: 30163948 add_bytes_allowed: 35479731 is_gc_concurrent: 1 target_footprint_: 27503757 GetBytesAllocated: 26347928 HeapGrowthMultiplier: 3
12-18 15:44:10.998  3174  3663 I com.miui.home: CheckGCForNative gc_urgency 0.921764 current_native_bytes is 155394041
12-18 15:44:11.283  3174  3174 I wm_on_top_resumed_lost_called: [7975822,com.miui.home.launcher.Launcher,topStateChangedWhenResumed]
12-18 15:44:11.287  3174  3174 I wm_on_paused_called: [0,7975822,com.miui.home.launcher.Launcher,performPause,2]
12-18 15:44:11.379  3174  3663 I com.miui.home: CheckGCForNative gc_urgency 0 current_native_bytes is 117261617
12-18 15:44:11.413  3174  3663 I com.miui.home: CheckGCForNative adj_start_bytes: 44726160 NativeAllocationGcWatermark: 11820471 java_gc_start_bytes: 26995454 kNewNativeDiscountFactor: 2 kOldNativeDiscountFactor: 65536 old_native_bytes: 117261617 new_native_bytes: 741464 add_bytes_allowed: 35461413 is_gc_concurrent: 1 target_footprint_: 27454910 GetBytesAllocated: 14817824 HeapGrowthMultiplier: 3
12-18 15:44:11.413  3174  3663 I com.miui.home: CheckGCForNative gc_urgency 0.33963 current_native_bytes is 118003081
12-18 15:44:11.472  3174  3663 I com.miui.home: CheckGCForNative adj_start_bytes: 44726160 NativeAllocationGcWatermark: 11820471 java_gc_start_bytes: 26995454 kNewNativeDiscountFactor: 2 kOldNativeDiscountFactor: 65536 old_native_bytes: 117261617 new_native_bytes: 1538892 add_bytes_allowed: 35461413 is_gc_concurrent: 1 target_footprint_: 27454910 GetBytesAllocated: 15096480 HeapGrowthMultiplier: 3
12-18 15:44:11.472  3174  3663 I com.miui.home: CheckGCForNative gc_urgency 0.354775 current_native_bytes is 118800509
12-18 15:44:11.528  3174  3663 I com.miui.home: CheckGCForNative adj_start_bytes: 44726160 NativeAllocationGcWatermark: 11820471 java_gc_start_bytes: 26995454 kNewNativeDiscountFactor: 2 kOldNativeDiscountFactor: 65536 old_native_bytes: 117261617 new_native_bytes: 2107520 add_bytes_allowed: 35461413 is_gc_concurrent: 1 target_footprint_: 27454910 GetBytesAllocated: 15506672 HeapGrowthMultiplier: 3
12-18 15:44:11.528  3174  3663 I com.miui.home: CheckGCForNative gc_urgency 0.370303 current_native_bytes is 119369137
12-18 15:44:12.184 12838 12838 I wm_on_create_called: [0,208953989,com.sina.weibo.SplashActivity,performCreate,99]
12-18 15:44:12.189 12838 12838 I wm_on_start_called: [0,208953989,com.sina.weibo.SplashActivity,handleStartActivity,4]
12-18 15:44:12.196 12838 12838 I wm_on_resume_called: [0,208953989,com.sina.weibo.SplashActivity,RESUME_ACTIVITY,6]
12-18 15:44:12.218 12838 12838 I wm_on_top_resumed_gained_called: [208953989,com.sina.weibo.SplashActivity,topStateChangedWhenResumed]
12-18 15:44:12.649  3174  3174 I wm_on_stop_called: [0,7975822,com.miui.home.launcher.Launcher,STOP_ACTIVITY_ITEM,4]
12-18 15:44:12.919 12964 12964 I wm_on_application_create_called: [0,com.sina.weibo,514]
12-18 15:44:12.964 12838 12838 I wm_on_idle_called: com.sina.weibo.SplashActivity
12-18 15:44:13.262 12838 12838 I wm_on_top_resumed_lost_called: [208953989,com.sina.weibo.SplashActivity,topStateChangedWhenResumed]
12-18 15:44:13.267 12838 12838 I wm_on_paused_called: [0,208953989,com.sina.weibo.SplashActivity,performPause,1]
12-18 15:44:13.360 12838 12838 I wm_on_create_called: [0,147403125,com.sina.weibo.mobileads.view.FlashAdActivity,performCreate,68]
12-18 15:44:13.378 12838 12838 I wm_on_start_called: [0,147403125,com.sina.weibo.mobileads.view.FlashAdActivity,handleStartActivity,1]
12-18 15:44:13.380 12838 12838 I wm_on_resume_called: [0,147403125,com.sina.weibo.mobileads.view.FlashAdActivity,RESUME_ACTIVITY,2]
12-18 15:44:13.387 12838 12838 I wm_on_top_resumed_gained_called: [147403125,com.sina.weibo.mobileads.view.FlashAdActivity,topStateChangedWhenResumed]
12-18 15:44:13.405 12838 12838 I wm_on_top_resumed_lost_called: [147403125,com.sina.weibo.mobileads.view.FlashAdActivity,topStateChangedWhenResumed]
12-18 15:44:13.409 12838 12838 I wm_on_paused_called: [0,147403125,com.sina.weibo.mobileads.view.FlashAdActivity,performPause,1]
12-18 15:44:13.492 12838 12838 I wm_on_create_called: [0,97836367,com.sina.weibo.activityproxy.ProxyActivity,performCreate,30]
12-18 15:44:13.540 12838 12838 I wm_on_create_called: [0,243820814,com.sina.weibo.page.searchv2.SearchActivityV2,performCreate,39]
12-18 15:44:13.652  3174  3663 I com.miui.home: CheckGCForNative adj_start_bytes: 44726160 NativeAllocationGcWatermark: 11820471 java_gc_start_bytes: 26995454 kNewNativeDiscountFactor: 2 kOldNativeDiscountFactor: 65536 old_native_bytes: 117261617 new_native_bytes: 2160468 add_bytes_allowed: 35461413 is_gc_concurrent: 1 target_footprint_: 27454910 GetBytesAllocated: 16221088 HeapGrowthMultiplier: 3
12-18 15:44:13.652  3174  3663 I com.miui.home: CheckGCForNative gc_urgency 0.386868 current_native_bytes is 119422085
12-18 15:44:13.659 12838 12838 I wm_on_start_called: [0,243820814,com.sina.weibo.page.searchv2.SearchActivityV2,handleStartActivity,117]
12-18 15:44:13.690 12838 12838 I wm_on_resume_called: [0,243820814,com.sina.weibo.page.searchv2.SearchActivityV2,LIFECYCLER_RESUME_ACTIVITY,30]
12-18 15:44:13.708 12838 12838 I wm_on_paused_called: [0,243820814,com.sina.weibo.page.searchv2.SearchActivityV2,performPause,2]
12-18 15:44:13.709 12838 12838 I wm_on_destroy_called: [0,97836367,com.sina.weibo.activityproxy.ProxyActivity,performDestroy,0]
12-18 15:44:13.710 12838 12838 I wm_on_stop_called: [0,147403125,com.sina.weibo.mobileads.view.FlashAdActivity,STOP_ACTIVITY_ITEM,1]
12-18 15:44:13.750  3174  3663 I com.miui.home: CheckGCForNative adj_start_bytes: 44726160 NativeAllocationGcWatermark: 11820471 java_gc_start_bytes: 26995454 kNewNativeDiscountFactor: 2 kOldNativeDiscountFactor: 65536 old_native_bytes: 117261617 new_native_bytes: 2616520 add_bytes_allowed: 35461413 is_gc_concurrent: 1 target_footprint_: 27454910 GetBytesAllocated: 16664048 HeapGrowthMultiplier: 3
12-18 15:44:13.750  3174  3663 I com.miui.home: CheckGCForNative gc_urgency 0.40187 current_native_bytes is 119878137
12-18 15:44:13.853  3174  3663 I com.miui.home: CheckGCForNative adj_start_bytes: 44726160 NativeAllocationGcWatermark: 11820471 java_gc_start_bytes: 26995454 kNewNativeDiscountFactor: 2 kOldNativeDiscountFactor: 65536 old_native_bytes: 117261617 new_native_bytes: 2949468 add_bytes_allowed: 35461413 is_gc_concurrent: 1 target_footprint_: 27454910 GetBytesAllocated: 17090592 HeapGrowthMultiplier: 3
12-18 15:44:13.853  3174  3663 I com.miui.home: CheckGCForNative gc_urgency 0.415129 current_native_bytes is 120211085
12-18 15:44:13.854  3174  3663 I com.miui.home: CheckGCForNative adj_start_bytes: 44726160 NativeAllocationGcWatermark: 11820471 java_gc_start_bytes: 26995454 kNewNativeDiscountFactor: 2 kOldNativeDiscountFactor: 65536 old_native_bytes: 117261617 new_native_bytes: 2956316 add_bytes_allowed: 35461413 is_gc_concurrent: 1 target_footprint_: 27454910 GetBytesAllocated: 17090592 HeapGrowthMultiplier: 3
12-18 15:44:13.854  3174  3663 I com.miui.home: CheckGCForNative gc_urgency 0.415205 current_native_bytes is 120217933
12-18 15:44:13.893  9388  9388 I wm_on_create_called: [0,55610056,com.android.packageinstaller.permission.ui.GrantPermissionsActivity,performCreate,431]
12-18 15:44:13.896  9388  9388 I wm_on_start_called: [0,55610056,com.android.packageinstaller.permission.ui.GrantPermissionsActivity,handleStartActivity,0]
12-18 15:44:13.901  9388  9388 I wm_on_resume_called: [0,55610056,com.android.packageinstaller.permission.ui.GrantPermissionsActivity,LIFECYCLER_RESUME_ACTIVITY,4]
12-18 15:44:13.916  9388  9388 I wm_on_paused_called: [0,55610056,com.android.packageinstaller.permission.ui.GrantPermissionsActivity,performPause,0]
12-18 15:44:13.930  9388  9388 I wm_on_create_called: [0,168553184,com.android.packageinstaller.permission.ui.GrantPermissionsActivity,performCreate,10]
12-18 15:44:14.130  9388  9388 I wm_on_create_called: [0,199662787,com.android.packageinstaller.permission.ui.GrantPermissionsActivity,performCreate,61]
12-18 15:44:14.183  3174  3663 I com.miui.home: CheckGCForNative adj_start_bytes: 44726160 NativeAllocationGcWatermark: 11820471 java_gc_start_bytes: 26995454 kNewNativeDiscountFactor: 2 kOldNativeDiscountFactor: 65536 old_native_bytes: 117261617 new_native_bytes: 3094800 add_bytes_allowed: 35461413 is_gc_concurrent: 1 target_footprint_: 27454910 GetBytesAllocated: 17582752 HeapGrowthMultiplier: 3
12-18 15:44:14.183  3174  3663 I com.miui.home: CheckGCForNative gc_urgency 0.427757 current_native_bytes is 120356417
12-18 15:44:14.234  9388  9388 I wm_on_resume_called: [0,55610056,com.android.packageinstaller.permission.ui.GrantPermissionsActivity,RESUME_ACTIVITY,1]
12-18 15:44:14.234  9388  9388 I wm_on_top_resumed_gained_called: [55610056,com.android.packageinstaller.permission.ui.GrantPermissionsActivity,topWhenResuming]
12-18 15:44:14.254  9388  9388 I wm_on_idle_called: com.android.packageinstaller.permission.ui.GrantPermissionsActivity
12-18 15:44:14.254  9388  9388 I wm_on_idle_called: com.android.packageinstaller.permission.ui.GrantPermissionsActivity
12-18 15:44:14.339  9388  9388 I wm_on_destroy_called: [0,199662787,com.android.packageinstaller.permission.ui.GrantPermissionsActivity,performDestroy,1]
12-18 15:44:14.339  9388  9388 I wm_on_destroy_called: [0,168553184,com.android.packageinstaller.permission.ui.GrantPermissionsActivity,performDestroy,0]
12-18 15:44:14.379  3174  3174 I wm_on_restart_called: [0,7975822,com.miui.home.launcher.Launcher,performRestartActivity,0]
12-18 15:44:14.380  3174  3174 I wm_on_start_called: [0,7975822,com.miui.home.launcher.Launcher,handleStartActivity,2]
12-18 15:44:14.538  3174  3663 I com.miui.home: CheckGCForNative adj_start_bytes: 44726160 NativeAllocationGcWatermark: 11820471 java_gc_start_bytes: 26995454 kNewNativeDiscountFactor: 2 kOldNativeDiscountFactor: 65536 old_native_bytes: 117261617 new_native_bytes: 3518052 add_bytes_allowed: 35461413 is_gc_concurrent: 1 target_footprint_: 27454910 GetBytesAllocated: 18723056 HeapGrowthMultiplier: 3
12-18 15:44:14.538  3174  3663 I com.miui.home: CheckGCForNative gc_urgency 0.457984 current_native_bytes is 120779669
12-18 15:44:14.649  3174  3449 I com.miui.home: CheckGCForNative adj_start_bytes: 44726160 NativeAllocationGcWatermark: 11820471 java_gc_start_bytes: 26995454 kNewNativeDiscountFactor: 2 kOldNativeDiscountFactor: 65536 old_native_bytes: 117261617 new_native_bytes: 3890124 add_bytes_allowed: 35461413 is_gc_concurrent: 1 target_footprint_: 27454910 GetBytesAllocated: 19001616 HeapGrowthMultiplier: 3
12-18 15:44:14.650  3174  3449 I com.miui.home: CheckGCForNative gc_urgency 0.468372 current_native_bytes is 121151741
12-18 15:44:14.969  9388  9388 I wm_on_top_resumed_lost_called: [55610056,com.android.packageinstaller.permission.ui.GrantPermissionsActivity,topStateChangedWhenResumed]
12-18 15:44:14.986  3174  3174 I wm_on_resume_called: [0,7975822,com.miui.home.launcher.Launcher,RESUME_ACTIVITY,4]
12-18 15:44:14.988  3174  3174 I wm_on_idle_called: com.miui.home.launcher.Launcher
12-18 15:44:15.035  3174  3174 I wm_on_top_resumed_gained_called: [7975822,com.miui.home.launcher.Launcher,topStateChangedWhenResumed]
12-18 15:44:15.035  9388  9388 I wm_on_paused_called: [0,55610056,com.android.packageinstaller.permission.ui.GrantPermissionsActivity,performPause,0]
12-18 15:44:15.087  9388  9388 I wm_on_stop_called: [0,55610056,com.android.packageinstaller.permission.ui.GrantPermissionsActivity,STOP_ACTIVITY_ITEM,47]
12-18 15:44:15.184  9388  9388 I wm_on_destroy_called: [0,55610056,com.android.packageinstaller.permission.ui.GrantPermissionsActivity,performDestroy,1]
12-18 15:44:15.255  3174  3663 I com.miui.home: CheckGCForNative adj_start_bytes: 44726160 NativeAllocationGcWatermark: 11820471 java_gc_start_bytes: 26995454 kNewNativeDiscountFactor: 2 kOldNativeDiscountFactor: 65536 old_native_bytes: 117261617 new_native_bytes: 4017004 add_bytes_allowed: 35461413 is_gc_concurrent: 1 target_footprint_: 27454910 GetBytesAllocated: 20264704 HeapGrowthMultiplier: 3
12-18 15:44:15.255  3174  3663 I com.miui.home: CheckGCForNative gc_urgency 0.498031 current_native_bytes is 121278621
12-18 15:44:15.269  3174  3663 I com.miui.home: CheckGCForNative adj_start_bytes: 44726160 NativeAllocationGcWatermark: 11820471 java_gc_start_bytes: 26995454 kNewNativeDiscountFactor: 2 kOldNativeDiscountFactor: 65536 old_native_bytes: 117261617 new_native_bytes: 4194048 add_bytes_allowed: 35461413 is_gc_concurrent: 1 target_footprint_: 27454910 GetBytesAllocated: 20379392 HeapGrowthMultiplier: 3
12-18 15:44:15.269  3174  3663 I com.miui.home: CheckGCForNative gc_urgency 0.502574 current_native_bytes is 121455665
12-18 15:44:15.296  3174  3663 I com.miui.home: CheckGCForNative adj_start_bytes: 44726160 NativeAllocationGcWatermark: 11820471 java_gc_start_bytes: 26995454 kNewNativeDiscountFactor: 2 kOldNativeDiscountFactor: 65536 old_native_bytes: 117261617 new_native_bytes: 4408416 add_bytes_allowed: 35461413 is_gc_concurrent: 1 target_footprint_: 27454910 GetBytesAllocated: 20707616 HeapGrowthMultiplier: 3
12-18 15:44:15.296  3174  3663 I com.miui.home: CheckGCForNative gc_urgency 0.512309 current_native_bytes is 121670033
12-18 15:44:15.618 12838 12838 I wm_on_stop_called: [0,243820814,com.sina.weibo.page.searchv2.SearchActivityV2,STOP_ACTIVITY_ITEM,10]
12-18 15:44:15.648 12838 12838 I wm_on_stop_called: [0,208953989,com.sina.weibo.SplashActivity,LIFECYCLER_STOP_ACTIVITY,12]
12-18 15:44:15.665 12838 12838 I wm_on_destroy_called: [0,208953989,com.sina.weibo.SplashActivity,performDestroy,16]
12-18 15:44:15.746  3174  3403 I com.miui.home: CheckGCForNative adj_start_bytes: 44726160 NativeAllocationGcWatermark: 11820471 java_gc_start_bytes: 26995454 kNewNativeDiscountFactor: 2 kOldNativeDiscountFactor: 65536 old_native_bytes: 117261617 new_native_bytes: 4683656 add_bytes_allowed: 35461413 is_gc_concurrent: 1 target_footprint_: 27454910 GetBytesAllocated: 21084512 HeapGrowthMultiplier: 3
12-18 15:44:15.746  3174  3403 I com.miui.home: CheckGCForNative gc_urgency 0.523813 current_native_bytes is 121945273
12-18 15:44:15.793  3174  3174 I wm_on_top_resumed_lost_called: [7975822,com.miui.home.launcher.Launcher,topStateChangedWhenResumed]
12-18 15:44:15.799  3174  3174 I wm_on_paused_called: [0,7975822,com.miui.home.launcher.Launcher,performPause,1]
12-18 15:44:15.915 12838 12838 I wm_on_idle_called: com.sina.weibo.page.searchv2.SearchActivityV2
12-18 15:44:15.915 12838 12838 I wm_on_idle_called: com.sina.weibo.mobileads.view.FlashAdActivity
12-18 15:44:15.919  3174  3174 I com.miui.home: CheckGCForNative adj_start_bytes: 44726160 NativeAllocationGcWatermark: 11820471 java_gc_start_bytes: 26995454 kNewNativeDiscountFactor: 2 kOldNativeDiscountFactor: 65536 old_native_bytes: 117261617 new_native_bytes: 5025924 add_bytes_allowed: 35461413 is_gc_concurrent: 1 target_footprint_: 27454910 GetBytesAllocated: 21863488 HeapGrowthMultiplier: 3
12-18 15:44:15.919  3174  3174 I com.miui.home: CheckGCForNative gc_urgency 0.545056 current_native_bytes is 122287541
12-18 15:44:16.012  3174  3663 I com.miui.home: CheckGCForNative adj_start_bytes: 44726160 NativeAllocationGcWatermark: 11820471 java_gc_start_bytes: 26995454 kNewNativeDiscountFactor: 2 kOldNativeDiscountFactor: 65536 old_native_bytes: 117261617 new_native_bytes: 5217620 add_bytes_allowed: 35461413 is_gc_concurrent: 1 target_footprint_: 27454910 GetBytesAllocated: 22290048 HeapGrowthMultiplier: 3
12-18 15:44:16.012  3174  3663 I com.miui.home: CheckGCForNative gc_urgency 0.556736 current_native_bytes is 122479237
12-18 15:44:16.113  3174  3663 I com.miui.home: CheckGCForNative adj_start_bytes: 44726160 NativeAllocationGcWatermark: 11820471 java_gc_start_bytes: 26995454 kNewNativeDiscountFactor: 2 kOldNativeDiscountFactor: 65536 old_native_bytes: 117261617 new_native_bytes: 5528392 add_bytes_allowed: 35461413 is_gc_concurrent: 1 target_footprint_: 27454910 GetBytesAllocated: 22765872 HeapGrowthMultiplier: 3
12-18 15:44:16.114  3174  3663 I com.miui.home: CheckGCForNative gc_urgency 0.570848 current_native_bytes is 122790009
12-18 15:44:16.508 13358 13358 I wm_on_application_create_called: [0,com.UCMobile,240]
12-18 15:44:17.392 13358 13358 I wm_on_create_called: [0,217657710,com.UCMobile.main.UCMobile,performCreate,872]
12-18 15:44:17.605  3174  3663 I com.miui.home: CheckGCForNative adj_start_bytes: 44726160 NativeAllocationGcWatermark: 11820471 java_gc_start_bytes: 26995454 kNewNativeDiscountFactor: 2 kOldNativeDiscountFactor: 65536 old_native_bytes: 117261617 new_native_bytes: 5865100 add_bytes_allowed: 35461413 is_gc_concurrent: 1 target_footprint_: 27454910 GetBytesAllocated: 23291056 HeapGrowthMultiplier: 3
12-18 15:44:17.605  3174  3663 I com.miui.home: CheckGCForNative gc_urgency 0.586355 current_native_bytes is 123126717
12-18 15:44:17.609 13358 13358 I wm_on_create_called: [0,261495719,com.uc.browser.InnerUCMobile,performCreate,75]
12-18 15:44:17.623 13358 13358 I wm_on_start_called: [0,261495719,com.uc.browser.InnerUCMobile,handleStartActivity,14]
12-18 15:44:17.635 13358 13358 I wm_on_resume_called: [0,261495719,com.uc.browser.InnerUCMobile,RESUME_ACTIVITY,10]
12-18 15:44:17.703 13358 13358 I wm_on_top_resumed_gained_called: [261495719,com.uc.browser.InnerUCMobile,topStateChangedWhenResumed]
12-18 15:44:17.732  3174  3663 I com.miui.home: CheckGCForNative adj_start_bytes: 44726160 NativeAllocationGcWatermark: 11820471 java_gc_start_bytes: 26995454 kNewNativeDiscountFactor: 2 kOldNativeDiscountFactor: 65536 old_native_bytes: 117261617 new_native_bytes: 6104032 add_bytes_allowed: 35461413 is_gc_concurrent: 1 target_footprint_: 27454910 GetBytesAllocated: 23750448 HeapGrowthMultiplier: 3
12-18 15:44:17.733  3174  3663 I com.miui.home: CheckGCForNative gc_urgency 0.599297 current_native_bytes is 123365649
12-18 15:44:17.914  3174  8063 I com.miui.home: CheckGCForNative adj_start_bytes: 44726160 NativeAllocationGcWatermark: 11820471 java_gc_start_bytes: 26995454 kNewNativeDiscountFactor: 2 kOldNativeDiscountFactor: 65536 old_native_bytes: 117261617 new_native_bytes: 17173240 add_bytes_allowed: 35461413 is_gc_concurrent: 1 target_footprint_: 27454910 GetBytesAllocated: 24602832 HeapGrowthMultiplier: 3
12-18 15:44:17.914  3174  8063 I com.miui.home: CheckGCForNative gc_urgency 0.742099 current_native_bytes is 134434857
12-18 15:44:17.915  3174  8063 I com.miui.home: CheckGCForNative adj_start_bytes: 44726160 NativeAllocationGcWatermark: 11820471 java_gc_start_bytes: 26995454 kNewNativeDiscountFactor: 2 kOldNativeDiscountFactor: 65536 old_native_bytes: 117261617 new_native_bytes: 27879160 add_bytes_allowed: 35461413 is_gc_concurrent: 1 target_footprint_: 27454910 GetBytesAllocated: 24619408 HeapGrowthMultiplier: 3
12-18 15:44:17.915  3174  8063 I com.miui.home: CheckGCForNative gc_urgency 0.862153 current_native_bytes is 145140777
12-18 15:44:17.986  3174  8063 I com.miui.home: CheckGCForNative adj_start_bytes: 44726160 NativeAllocationGcWatermark: 11820471 java_gc_start_bytes: 26995454 kNewNativeDiscountFactor: 2 kOldNativeDiscountFactor: 65536 old_native_bytes: 117261617 new_native_bytes: 27883752 add_bytes_allowed: 35461413 is_gc_concurrent: 1 target_footprint_: 27454910 GetBytesAllocated: 24701328 HeapGrowthMultiplier: 3
