12-18 15:58:21.767  3171  3715 I com.miui.home: CheckGCForNative adj_start_bytes: 44189593 NativeAllocationGcWatermark: 11731175 java_gc_start_bytes: 26592831 kNewNativeDiscountFactor: 2 kOldNativeDiscountFactor: 65536 old_native_bytes: 114132229 new_native_bytes: 28713988 add_bytes_allowed: 35193525 is_gc_concurrent: 1 target_footprint_: 26740543 GetBytesAllocated: 23301280 HeapGrowthMultiplier: 3
12-18 15:58:21.767  3171  3715 I com.miui.home: CheckGCForNative gc_urgency 0.852237 current_native_bytes is 142846217
12-18 15:58:21.768  3171  3715 I com.miui.home: CheckGCForNative adj_start_bytes: 44189593 NativeAllocationGcWatermark: 11731175 java_gc_start_bytes: 26592831 kNewNativeDiscountFactor: 2 kOldNativeDiscountFactor: 65536 old_native_bytes: 114132229 new_native_bytes: 39419908 add_bytes_allowed: 35193525 is_gc_concurrent: 1 target_footprint_: 26740543 GetBytesAllocated: 23301472 HeapGrowthMultiplier: 3
12-18 15:58:21.768  3171  3715 I com.miui.home: CheckGCForNative gc_urgency 0.973378 current_native_bytes is 153552137
12-18 15:58:21.773  3171  3715 I com.miui.home: CheckGCForNative adj_start_bytes: 44189593 NativeAllocationGcWatermark: 11731175 java_gc_start_bytes: 26592831 kNewNativeDiscountFactor: 2 kOldNativeDiscountFactor: 65536 old_native_bytes: 114132229 new_native_bytes: 39421060 add_bytes_allowed: 35193525 is_gc_concurrent: 1 target_footprint_: 26740543 GetBytesAllocated: 23301472 HeapGrowthMultiplier: 3
12-18 15:58:21.773  3171  3715 I com.miui.home: CheckGCForNative gc_urgency 0.973391 current_native_bytes is 153553289
12-18 15:58:22.002 10956 10956 I wm_on_application_create_called: [0,com.taobao.taobao,766]
12-18 15:58:22.110  3171  3475 I com.miui.home: CheckGCForNative adj_start_bytes: 44189593 NativeAllocationGcWatermark: 11731175 java_gc_start_bytes: 26592831 kNewNativeDiscountFactor: 2 kOldNativeDiscountFactor: 65536 old_native_bytes: 114132229 new_native_bytes: 28691844 add_bytes_allowed: 35193525 is_gc_concurrent: 1 target_footprint_: 26740543 GetBytesAllocated: 23531104 HeapGrowthMultiplier: 3
12-18 15:58:22.110  3171  3475 I com.miui.home: CheckGCForNative gc_urgency 0.857188 current_native_bytes is 142824073
12-18 15:58:22.174 10956 10956 I wm_on_create_called: [0,218791570,com.taobao.tao.welcome.Welcome,performCreate,153]
12-18 15:58:22.236 10956 10956 I wm_on_start_called: [0,218791570,com.taobao.tao.welcome.Welcome,handleStartActivity,58]
12-18 15:58:22.243  3171  3475 I com.miui.home: CheckGCForNative adj_start_bytes: 44189593 NativeAllocationGcWatermark: 11731175 java_gc_start_bytes: 26592831 kNewNativeDiscountFactor: 2 kOldNativeDiscountFactor: 65536 old_native_bytes: 114132229 new_native_bytes: 28690820 add_bytes_allowed: 35193525 is_gc_concurrent: 1 target_footprint_: 26740543 GetBytesAllocated: 23613056 HeapGrowthMultiplier: 3
12-18 15:58:22.243  3171  3475 I com.miui.home: CheckGCForNative gc_urgency 0.859031 current_native_bytes is 142823049
12-18 15:58:22.284  3171  3171 I wm_on_resume_called: [0,160021530,com.miui.home.launcher.Launcher,RESUME_ACTIVITY,9]
12-18 15:58:22.286  3171  3171 I wm_on_idle_called: com.miui.home.launcher.Launcher
12-18 15:58:22.289 10956 10956 I wm_on_resume_called: [0,218791570,com.taobao.tao.welcome.Welcome,RESUME_ACTIVITY,52]
12-18 15:58:22.487  3171  3171 I wm_on_paused_called: [0,160021530,com.miui.home.launcher.Launcher,performPause,3]
12-18 15:58:22.494 10956 10956 I wm_on_top_resumed_gained_called: [218791570,com.taobao.tao.welcome.Welcome,topStateChangedWhenResumed]
12-18 15:58:22.607  3171  3666 I com.miui.home: CheckGCForNative adj_start_bytes: 44189593 NativeAllocationGcWatermark: 11731175 java_gc_start_bytes: 26592831 kNewNativeDiscountFactor: 2 kOldNativeDiscountFactor: 65536 old_native_bytes: 114132229 new_native_bytes: 28970576 add_bytes_allowed: 35193525 is_gc_concurrent: 1 target_footprint_: 26740543 GetBytesAllocated: 25261200 HeapGrowthMultiplier: 3
12-18 15:58:22.607  3171  3666 I com.miui.home: CheckGCForNative gc_urgency 0.899493 current_native_bytes is 143102805
12-18 15:58:22.728  3171  3666 I com.miui.home: CheckGCForNative adj_start_bytes: 44189593 NativeAllocationGcWatermark: 11731175 java_gc_start_bytes: 26592831 kNewNativeDiscountFactor: 2 kOldNativeDiscountFactor: 65536 old_native_bytes: 114132229 new_native_bytes: 29463492 add_bytes_allowed: 35193525 is_gc_concurrent: 1 target_footprint_: 26740543 GetBytesAllocated: 25737024 HeapGrowthMultiplier: 3
12-18 15:58:22.728  3171  3666 I com.miui.home: CheckGCForNative gc_urgency 0.915838 current_native_bytes is 143595721
12-18 15:58:22.758  3171  3666 I com.miui.home: CheckGCForNative adj_start_bytes: 44189593 NativeAllocationGcWatermark: 11731175 java_gc_start_bytes: 26592831 kNewNativeDiscountFactor: 2 kOldNativeDiscountFactor: 65536 old_native_bytes: 114132229 new_native_bytes: 40352568 add_bytes_allowed: 35193525 is_gc_concurrent: 1 target_footprint_: 26740543 GetBytesAllocated: 25966400 HeapGrowthMultiplier: 3
12-18 15:58:22.758  3171  3666 I com.miui.home: CheckGCForNative gc_urgency 1.04424 current_native_bytes is 154484797
12-18 15:58:22.758  3171  3666 I com.miui.home: CheckGCForNative requested 1
12-18 15:58:22.800  3171  3475 I com.miui.home: CheckGCForNative adj_start_bytes: 44189593 NativeAllocationGcWatermark: 11731175 java_gc_start_bytes: 26592831 kNewNativeDiscountFactor: 2 kOldNativeDiscountFactor: 65536 old_native_bytes: 114132229 new_native_bytes: 29649592 add_bytes_allowed: 35193525 is_gc_concurrent: 1 target_footprint_: 26740543 GetBytesAllocated: 25982976 HeapGrowthMultiplier: 3
12-18 15:58:22.800  3171  3475 I com.miui.home: CheckGCForNative gc_urgency 0.92351 current_native_bytes is 143781821
12-18 15:58:22.891  3171  3205 I com.miui.home: NativeAlloc concurrent copying GC freed 240531(11MB) AllocSpace objects, 22(848KB) LOS objects, 49% free, 12MB/25MB, paused 114us,70us total 132.447ms
12-18 15:58:23.058  7131  7131 I wm_on_create_called: [0,210281022,com.tencent.mm.ui.LauncherUI,performCreate,344]
12-18 15:58:23.094  7131  7131 I wm_on_start_called: [0,210281022,com.tencent.mm.ui.LauncherUI,handleStartActivity,21]
12-18 15:58:23.163  7131  7131 I wm_on_resume_called: [0,210281022,com.tencent.mm.ui.LauncherUI,RESUME_ACTIVITY,68]
12-18 15:58:23.192  7131  7131 I wm_on_top_resumed_gained_called: [210281022,com.tencent.mm.ui.LauncherUI,topStateChangedWhenResumed]
12-18 15:58:23.200  7131  7131 I wm_on_top_resumed_lost_called: [210281022,com.tencent.mm.ui.LauncherUI,topStateChangedWhenResumed]
12-18 15:58:23.210  7131  7131 I wm_on_paused_called: [0,210281022,com.tencent.mm.ui.LauncherUI,performPause,8]
12-18 15:58:23.244  3171  3171 I wm_on_stop_called: [0,160021530,com.miui.home.launcher.Launcher,STOP_ACTIVITY_ITEM,4]
12-18 15:58:23.379  3171  3666 I com.miui.home: CheckGCForNative gc_urgency 0 current_native_bytes is 103480725
12-18 15:58:23.397  7131  7131 I wm_on_create_called: [0,79952181,com.tencent.mm.plugin.account.ui.WelcomeActivity,performCreate,46]
12-18 15:58:23.400  7131  7131 I wm_on_start_called: [0,79952181,com.tencent.mm.plugin.account.ui.WelcomeActivity,handleStartActivity,2]
12-18 15:58:23.406  7131  7131 I wm_on_resume_called: [0,79952181,com.tencent.mm.plugin.account.ui.WelcomeActivity,RESUME_ACTIVITY,5]
12-18 15:58:23.420  7131  7131 I wm_on_top_resumed_gained_called: [79952181,com.tencent.mm.plugin.account.ui.WelcomeActivity,topStateChangedWhenResumed]
12-18 15:58:23.433  3171  3666 I com.miui.home: CheckGCForNative adj_start_bytes: 44412362 NativeAllocationGcWatermark: 11752873 java_gc_start_bytes: 26783053 kNewNativeDiscountFactor: 2 kOldNativeDiscountFactor: 65536 old_native_bytes: 103480725 new_native_bytes: 1121628 add_bytes_allowed: 35258619 is_gc_concurrent: 1 target_footprint_: 26914125 GetBytesAllocated: 14121576 HeapGrowthMultiplier: 3
12-18 15:58:23.433  3171  3666 I com.miui.home: CheckGCForNative gc_urgency 0.330628 current_native_bytes is 104602353
12-18 15:58:23.505  3171  3666 I com.miui.home: CheckGCForNative adj_start_bytes: 44412362 NativeAllocationGcWatermark: 11752873 java_gc_start_bytes: 26783053 kNewNativeDiscountFactor: 2 kOldNativeDiscountFactor: 65536 old_native_bytes: 103480725 new_native_bytes: 3552468 add_bytes_allowed: 35258619 is_gc_concurrent: 1 target_footprint_: 26914125 GetBytesAllocated: 14351336 HeapGrowthMultiplier: 3
12-18 15:58:23.505  3171  3666 I com.miui.home: CheckGCForNative gc_urgency 0.363168 current_native_bytes is 107033193
12-18 15:58:23.583  7131  7131 I wm_on_stop_called: [0,210281022,com.tencent.mm.ui.LauncherUI,STOP_ACTIVITY_ITEM,5]
12-18 15:58:23.614  3171  3666 I com.miui.home: CheckGCForNative adj_start_bytes: 44412362 NativeAllocationGcWatermark: 11752873 java_gc_start_bytes: 26783053 kNewNativeDiscountFactor: 2 kOldNativeDiscountFactor: 65536 old_native_bytes: 103480725 new_native_bytes: 3932052 add_bytes_allowed: 35258619 is_gc_concurrent: 1 target_footprint_: 26914125 GetBytesAllocated: 14630376 HeapGrowthMultiplier: 3
12-18 15:58:23.615  3171  3666 I com.miui.home: CheckGCForNative gc_urgency 0.373724 current_native_bytes is 107412777
12-18 15:58:23.753  3171  3171 I wm_on_restart_called: [0,160021530,com.miui.home.launcher.Launcher,performRestartActivity,0]
12-18 15:58:23.754  3171  3171 I wm_on_start_called: [0,160021530,com.miui.home.launcher.Launcher,handleStartActivity,1]
12-18 15:58:23.809  3171 10477 I com.miui.home: CheckGCForNative adj_start_bytes: 44412362 NativeAllocationGcWatermark: 11752873 java_gc_start_bytes: 26783053 kNewNativeDiscountFactor: 2 kOldNativeDiscountFactor: 65536 old_native_bytes: 103480725 new_native_bytes: 14997152 add_bytes_allowed: 35258619 is_gc_concurrent: 1 target_footprint_: 26914125 GetBytesAllocated: 15499144 HeapGrowthMultiplier: 3
12-18 15:58:23.809  3171 10477 I com.miui.home: CheckGCForNative gc_urgency 0.517858 current_native_bytes is 118477877
12-18 15:58:23.826  3171 10477 I com.miui.home: CheckGCForNative adj_start_bytes: 44412362 NativeAllocationGcWatermark: 11752873 java_gc_start_bytes: 26783053 kNewNativeDiscountFactor: 2 kOldNativeDiscountFactor: 65536 old_native_bytes: 103480725 new_native_bytes: 36408992 add_bytes_allowed: 35258619 is_gc_concurrent: 1 target_footprint_: 26914125 GetBytesAllocated: 15515720 HeapGrowthMultiplier: 3
12-18 15:58:23.826  3171 10477 I com.miui.home: CheckGCForNative gc_urgency 0.759288 current_native_bytes is 139889717
12-18 15:58:23.826  3171  3213 I com.miui.home: CheckGCForNative adj_start_bytes: 44412362 NativeAllocationGcWatermark: 11752873 java_gc_start_bytes: 26783053 kNewNativeDiscountFactor: 2 kOldNativeDiscountFactor: 65536 old_native_bytes: 103480725 new_native_bytes: 25678496 add_bytes_allowed: 35258619 is_gc_concurrent: 1 target_footprint_: 26914125 GetBytesAllocated: 15515720 HeapGrowthMultiplier: 3
12-18 15:58:23.826  3171  3213 I com.miui.home: CheckGCForNative gc_urgency 0.638483 current_native_bytes is 129159221
12-18 15:58:23.992  3171  3475 I com.miui.home: CheckGCForNative adj_start_bytes: 44412362 NativeAllocationGcWatermark: 11752873 java_gc_start_bytes: 26783053 kNewNativeDiscountFactor: 2 kOldNativeDiscountFactor: 65536 old_native_bytes: 103480725 new_native_bytes: 14956912 add_bytes_allowed: 35258619 is_gc_concurrent: 1 target_footprint_: 26914125 GetBytesAllocated: 15646984 HeapGrowthMultiplier: 3
12-18 15:58:23.992  3171  3475 I com.miui.home: CheckGCForNative gc_urgency 0.520734 current_native_bytes is 118437637
12-18 15:58:24.059  3171  3475 I com.miui.home: CheckGCForNative adj_start_bytes: 44412362 NativeAllocationGcWatermark: 11752873 java_gc_start_bytes: 26783053 kNewNativeDiscountFactor: 2 kOldNativeDiscountFactor: 65536 old_native_bytes: 103480725 new_native_bytes: 14962288 add_bytes_allowed: 35258619 is_gc_concurrent: 1 target_footprint_: 26914125 GetBytesAllocated: 15679752 HeapGrowthMultiplier: 3
12-18 15:58:24.059  3171  3475 I com.miui.home: CheckGCForNative gc_urgency 0.521532 current_native_bytes is 118443013
12-18 15:58:24.350  7131  7131 I wm_on_top_resumed_lost_called: [79952181,com.tencent.mm.plugin.account.ui.WelcomeActivity,topStateChangedWhenResumed]
12-18 15:58:24.377  3171  7753 I com.miui.home: CheckGCForNative adj_start_bytes: 44412362 NativeAllocationGcWatermark: 11752873 java_gc_start_bytes: 26783053 kNewNativeDiscountFactor: 2 kOldNativeDiscountFactor: 65536 old_native_bytes: 103480725 new_native_bytes: 14998528 add_bytes_allowed: 35258619 is_gc_concurrent: 1 target_footprint_: 26914125 GetBytesAllocated: 15859976 HeapGrowthMultiplier: 3
12-18 15:58:24.377  3171  7753 I com.miui.home: CheckGCForNative gc_urgency 0.525998 current_native_bytes is 118479253
12-18 15:58:24.382  7131  7131 I wm_on_paused_called: [0,79952181,com.tencent.mm.plugin.account.ui.WelcomeActivity,performPause,8]
12-18 15:58:24.386  3171  3171 I wm_on_resume_called: [0,160021530,com.miui.home.launcher.Launcher,RESUME_ACTIVITY,14]
12-18 15:58:24.389  3171  3171 I wm_on_top_resumed_gained_called: [160021530,com.miui.home.launcher.Launcher,topStateChangedWhenResumed]
12-18 15:58:24.407  3171  3171 I wm_on_idle_called: com.miui.home.launcher.Launcher
12-18 15:58:24.416  7131  7131 I wm_on_stop_called: [0,79952181,com.tencent.mm.plugin.account.ui.WelcomeActivity,STOP_ACTIVITY_ITEM,4]
12-18 15:58:24.427  7131  7131 I wm_on_idle_called: com.tencent.mm.plugin.account.ui.WelcomeActivity
12-18 15:58:24.427  7131  7131 I wm_on_idle_called: com.tencent.mm.ui.LauncherUI
12-18 15:58:24.500  3171  3171 I wm_on_top_resumed_lost_called: [160021530,com.miui.home.launcher.Launcher,topStateChangedWhenResumed]
12-18 15:58:24.508  3171  3171 I wm_on_paused_called: [0,160021530,com.miui.home.launcher.Launcher,performPause,1]
12-18 15:58:24.611  3171  3666 I com.miui.home: CheckGCForNative adj_start_bytes: 44412362 NativeAllocationGcWatermark: 11752873 java_gc_start_bytes: 26783053 kNewNativeDiscountFactor: 2 kOldNativeDiscountFactor: 65536 old_native_bytes: 103480725 new_native_bytes: 15241000 add_bytes_allowed: 35258619 is_gc_concurrent: 1 target_footprint_: 26914125 GetBytesAllocated: 17495656 HeapGrowthMultiplier: 3
12-18 15:58:24.611  3171  3666 I com.miui.home: CheckGCForNative gc_urgency 0.565557 current_native_bytes is 118721725
12-18 15:58:24.670  3171  3666 I com.miui.home: CheckGCForNative adj_start_bytes: 44412362 NativeAllocationGcWatermark: 11752873 java_gc_start_bytes: 26783053 kNewNativeDiscountFactor: 2 kOldNativeDiscountFactor: 65536 old_native_bytes: 103480725 new_native_bytes: 15496396 add_bytes_allowed: 35258619 is_gc_concurrent: 1 target_footprint_: 26914125 GetBytesAllocated: 18094312 HeapGrowthMultiplier: 3
12-18 15:58:24.670  3171  3666 I com.miui.home: CheckGCForNative gc_urgency 0.581912 current_native_bytes is 118977121
12-18 15:58:24.722  3171  3666 I com.miui.home: CheckGCForNative adj_start_bytes: 44412362 NativeAllocationGcWatermark: 11752873 java_gc_start_bytes: 26783053 kNewNativeDiscountFactor: 2 kOldNativeDiscountFactor: 65536 old_native_bytes: 103480725 new_native_bytes: 26348076 add_bytes_allowed: 35258619 is_gc_concurrent: 1 target_footprint_: 26914125 GetBytesAllocated: 18258152 HeapGrowthMultiplier: 3
12-18 15:58:24.722  3171  3666 I com.miui.home: CheckGCForNative gc_urgency 0.707771 current_native_bytes is 129828801
12-18 15:58:24.780  3171  3666 I com.miui.home: CheckGCForNative adj_start_bytes: 44412362 NativeAllocationGcWatermark: 11752873 java_gc_start_bytes: 26783053 kNewNativeDiscountFactor: 2 kOldNativeDiscountFactor: 65536 old_native_bytes: 103480725 new_native_bytes: 15660908 add_bytes_allowed: 35258619 is_gc_concurrent: 1 target_footprint_: 26914125 GetBytesAllocated: 18553800 HeapGrowthMultiplier: 3
12-18 15:58:24.780  3171  3666 I com.miui.home: CheckGCForNative gc_urgency 0.59411 current_native_bytes is 119141633
12-18 15:58:25.268 11571 11571 I wm_on_application_create_called: [0,com.sina.weibo,246]
12-18 15:58:25.400 11571 11571 I wm_on_create_called: [0,76463069,com.sina.weibo.SplashActivity,performCreate,122]
12-18 15:58:25.406 11571 11571 I wm_on_start_called: [0,76463069,com.sina.weibo.SplashActivity,handleStartActivity,5]
12-18 15:58:25.410 11571 11571 I wm_on_resume_called: [0,76463069,com.sina.weibo.SplashActivity,RESUME_ACTIVITY,3]
12-18 15:58:25.445 11571 11571 I wm_on_top_resumed_gained_called: [76463069,com.sina.weibo.SplashActivity,topStateChangedWhenResumed]
12-18 15:58:25.847  3171 11487 I com.miui.home: CheckGCForNative adj_start_bytes: 44412362 NativeAllocationGcWatermark: 11752873 java_gc_start_bytes: 26783053 kNewNativeDiscountFactor: 2 kOldNativeDiscountFactor: 65536 old_native_bytes: 103480725 new_native_bytes: 26701780 add_bytes_allowed: 35258619 is_gc_concurrent: 1 target_footprint_: 26914125 GetBytesAllocated: 19455800 HeapGrowthMultiplier: 3
12-18 15:58:25.848  3171 11487 I com.miui.home: CheckGCForNative gc_urgency 0.738719 current_native_bytes is 130182505
12-18 15:58:25.848  3171 11487 I com.miui.home: CheckGCForNative adj_start_bytes: 44412362 NativeAllocationGcWatermark: 11752873 java_gc_start_bytes: 26783053 kNewNativeDiscountFactor: 2 kOldNativeDiscountFactor: 65536 old_native_bytes: 103480725 new_native_bytes: 37407252 add_bytes_allowed: 35258619 is_gc_concurrent: 1 target_footprint_: 26914125 GetBytesAllocated: 19488760 HeapGrowthMultiplier: 3
12-18 15:58:25.849  3171 11487 I com.miui.home: CheckGCForNative gc_urgency 0.859985 current_native_bytes is 140887977
12-18 15:58:25.850  3171  3475 I com.miui.home: CheckGCForNative adj_start_bytes: 44412362 NativeAllocationGcWatermark: 11752873 java_gc_start_bytes: 26783053 kNewNativeDiscountFactor: 2 kOldNativeDiscountFactor: 65536 old_native_bytes: 103480725 new_native_bytes: 26699412 add_bytes_allowed: 35258619 is_gc_concurrent: 1 target_footprint_: 26914125 GetBytesAllocated: 19488760 HeapGrowthMultiplier: 3
12-18 15:58:25.850  3171  3475 I com.miui.home: CheckGCForNative gc_urgency 0.739435 current_native_bytes is 130180137
12-18 15:58:25.892  3171 11487 I com.miui.home: CheckGCForNative adj_start_bytes: 44412362 NativeAllocationGcWatermark: 11752873 java_gc_start_bytes: 26783053 kNewNativeDiscountFactor: 2 kOldNativeDiscountFactor: 65536 old_native_bytes: 103480725 new_native_bytes: 37425908 add_bytes_allowed: 35258619 is_gc_concurrent: 1 target_footprint_: 26914125 GetBytesAllocated: 19537912 HeapGrowthMultiplier: 3
12-18 15:58:25.892  3171 11487 I com.miui.home: CheckGCForNative gc_urgency 0.861302 current_native_bytes is 140906633
12-18 15:58:25.908  3171  3475 I com.miui.home: CheckGCForNative adj_start_bytes: 44412362 NativeAllocationGcWatermark: 11752873 java_gc_start_bytes: 26783053 kNewNativeDiscountFactor: 2 kOldNativeDiscountFactor: 65536 old_native_bytes: 103480725 new_native_bytes: 26720692 add_bytes_allowed: 35258619 is_gc_concurrent: 1 target_footprint_: 26914125 GetBytesAllocated: 19554488 HeapGrowthMultiplier: 3
12-18 15:58:25.908  3171  3475 I com.miui.home: CheckGCForNative gc_urgency 0.741154 current_native_bytes is 130201417
12-18 15:58:26.101 11571 11571 I wm_on_top_resumed_lost_called: [76463069,com.sina.weibo.SplashActivity,topStateChangedWhenResumed]
12-18 15:58:26.135 11571 11571 I wm_on_paused_called: [0,76463069,com.sina.weibo.SplashActivity,performPause,1]
12-18 15:58:26.264  3171  3475 I com.miui.home: CheckGCForNative adj_start_bytes: 44412362 NativeAllocationGcWatermark: 11752873 java_gc_start_bytes: 26783053 kNewNativeDiscountFactor: 2 kOldNativeDiscountFactor: 65536 old_native_bytes: 103480725 new_native_bytes: 26749620 add_bytes_allowed: 35258619 is_gc_concurrent: 1 target_footprint_: 26914125 GetBytesAllocated: 19784056 HeapGrowthMultiplier: 3
12-18 15:58:26.264  3171  3475 I com.miui.home: CheckGCForNative gc_urgency 0.746649 current_native_bytes is 130230345
12-18 15:58:26.353  3171  3666 I com.miui.home: CheckGCForNative adj_start_bytes: 44412362 NativeAllocationGcWatermark: 11752873 java_gc_start_bytes: 26783053 kNewNativeDiscountFactor: 2 kOldNativeDiscountFactor: 65536 old_native_bytes: 103480725 new_native_bytes: 26892584 add_bytes_allowed: 35258619 is_gc_concurrent: 1 target_footprint_: 26914125 GetBytesAllocated: 20194216 HeapGrowthMultiplier: 3
12-18 15:58:26.353  3171  3666 I com.miui.home: CheckGCForNative gc_urgency 0.757494 current_native_bytes is 130373309
12-18 15:58:26.363 11571 11571 I wm_on_create_called: [0,113024746,com.sina.weibo.VisitorMainTabActivity,performCreate,158]
12-18 15:58:26.365 11571 11571 I wm_on_start_called: [0,113024746,com.sina.weibo.VisitorMainTabActivity,handleStartActivity,1]
12-18 15:58:26.384  3171  3171 I wm_on_resume_called: [0,160021530,com.miui.home.launcher.Launcher,RESUME_ACTIVITY,6]
12-18 15:58:26.384  3171  3171 I wm_on_top_resumed_gained_called: [160021530,com.miui.home.launcher.Launcher,topWhenResuming]
12-18 15:58:26.467  3171  3171 I wm_on_idle_called: com.miui.home.launcher.Launcher
12-18 15:58:26.484  3171  3666 I com.miui.home: CheckGCForNative adj_start_bytes: 44412362 NativeAllocationGcWatermark: 11752873 java_gc_start_bytes: 26783053 kNewNativeDiscountFactor: 2 kOldNativeDiscountFactor: 65536 old_native_bytes: 103480725 new_native_bytes: 37642664 add_bytes_allowed: 35258619 is_gc_concurrent: 1 target_footprint_: 26914125 GetBytesAllocated: 21326024 HeapGrowthMultiplier: 3
12-18 15:58:26.484  3171  3666 I com.miui.home: CheckGCForNative gc_urgency 0.904004 current_native_bytes is 141123389
12-18 15:58:26.689  3171  3171 I wm_on_top_resumed_lost_called: [160021530,com.miui.home.launcher.Launcher,topStateChangedWhenResumed]
12-18 15:58:26.717  3171  3171 I wm_on_paused_called: [0,160021530,com.miui.home.launcher.Launcher,performPause,2]
12-18 15:58:26.731 11695 11695 I wm_on_application_create_called: [0,com.sina.weibo,1102]
12-18 15:58:26.772  3171  3666 I com.miui.home: CheckGCForNative adj_start_bytes: 44412362 NativeAllocationGcWatermark: 11752873 java_gc_start_bytes: 26783053 kNewNativeDiscountFactor: 2 kOldNativeDiscountFactor: 65536 old_native_bytes: 103480725 new_native_bytes: 27306068 add_bytes_allowed: 35258619 is_gc_concurrent: 1 target_footprint_: 26914125 GetBytesAllocated: 21941384 HeapGrowthMultiplier: 3
12-18 15:58:26.772  3171  3666 I com.miui.home: CheckGCForNative gc_urgency 0.801489 current_native_bytes is 130786793
12-18 15:58:26.955  3171  3475 I com.miui.home: CheckGCForNative adj_start_bytes: 44412362 NativeAllocationGcWatermark: 11752873 java_gc_start_bytes: 26783053 kNewNativeDiscountFactor: 2 kOldNativeDiscountFactor: 65536 old_native_bytes: 103480725 new_native_bytes: 27510944 add_bytes_allowed: 35258619 is_gc_concurrent: 1 target_footprint_: 26914125 GetBytesAllocated: 22458216 HeapGrowthMultiplier: 3
12-18 15:58:26.955  3171  3475 I com.miui.home: CheckGCForNative gc_urgency 0.815432 current_native_bytes is 130991669
12-18 15:58:26.975  3171  3666 I com.miui.home: CheckGCForNative adj_start_bytes: 44412362 NativeAllocationGcWatermark: 11752873 java_gc_start_bytes: 26783053 kNewNativeDiscountFactor: 2 kOldNativeDiscountFactor: 65536 old_native_bytes: 103480725 new_native_bytes: 27544288 add_bytes_allowed: 35258619 is_gc_concurrent: 1 target_footprint_: 26914125 GetBytesAllocated: 22540136 HeapGrowthMultiplier: 3
12-18 15:58:26.975  3171  3666 I com.miui.home: CheckGCForNative gc_urgency 0.817652 current_native_bytes is 131025013
12-18 15:58:27.066  3171  3475 I com.miui.home: CheckGCForNative adj_start_bytes: 44412362 NativeAllocationGcWatermark: 11752873 java_gc_start_bytes: 26783053 kNewNativeDiscountFactor: 2 kOldNativeDiscountFactor: 65536 old_native_bytes: 103480725 new_native_bytes: 27974484 add_bytes_allowed: 35258619 is_gc_concurrent: 1 target_footprint_: 26914125 GetBytesAllocated: 22884360 HeapGrowthMultiplier: 3
12-18 15:58:27.066  3171  3475 I com.miui.home: CheckGCForNative gc_urgency 0.830246 current_native_bytes is 131455209
12-18 15:58:27.194  3171  3666 I com.miui.home: CheckGCForNative adj_start_bytes: 44412362 NativeAllocationGcWatermark: 11752873 java_gc_start_bytes: 26783053 kNewNativeDiscountFactor: 2 kOldNativeDiscountFactor: 65536 old_native_bytes: 103480725 new_native_bytes: 28121832 add_bytes_allowed: 35258619 is_gc_concurrent: 1 target_footprint_: 26914125 GetBytesAllocated: 23245336 HeapGrowthMultiplier: 3
12-18 15:58:27.194  3171  3666 I com.miui.home: CheckGCForNative gc_urgency 0.840033 current_native_bytes is 131602557
12-18 15:58:27.633 11900 11900 I wm_on_application_create_called: [0,com.UCMobile,231]
12-18 15:58:27.860  3171  3213 I com.miui.home: CheckGCForNative adj_start_bytes: 44412362 NativeAllocationGcWatermark: 11752873 java_gc_start_bytes: 26783053 kNewNativeDiscountFactor: 2 kOldNativeDiscountFactor: 65536 old_native_bytes: 103480725 new_native_bytes: 38934172 add_bytes_allowed: 35258619 is_gc_concurrent: 1 target_footprint_: 26914125 GetBytesAllocated: 23901160 HeapGrowthMultiplier: 3
12-18 15:58:27.861  3171  3213 I com.miui.home: CheckGCForNative gc_urgency 0.976526 current_native_bytes is 142414897
12-18 15:58:27.862  3171  3213 I com.miui.home: CheckGCForNative adj_start_bytes: 44412362 NativeAllocationGcWatermark: 11752873 java_gc_start_bytes: 26783053 kNewNativeDiscountFactor: 2 kOldNativeDiscountFactor: 65536 old_native_bytes: 103480725 new_native_bytes: 49640092 add_bytes_allowed: 35258619 is_gc_concurrent: 1 target_footprint_: 26914125 GetBytesAllocated: 23917736 HeapGrowthMultiplier: 3
12-18 15:58:27.862  3171  3213 I com.miui.home: CheckGCForNative gc_urgency 1.09743 current_native_bytes is 153120817
12-18 15:58:27.862  3171  3213 I com.miui.home: CheckGCForNative requested 1
12-18 15:58:27.885  3171  3213 I com.miui.home: CheckGCForNative adj_start_bytes: 44412362 NativeAllocationGcWatermark: 11752873 java_gc_start_bytes: 26783053 kNewNativeDiscountFactor: 2 kOldNativeDiscountFactor: 65536 old_native_bytes: 103480725 new_native_bytes: 49645980 add_bytes_allowed: 35258619 is_gc_concurrent: 1 target_footprint_: 26914125 GetBytesAllocated: 23950504 HeapGrowthMultiplier: 3
12-18 15:58:27.885  3171  3213 I com.miui.home: CheckGCForNative gc_urgency 1.09823 current_native_bytes is 153126705
12-18 15:58:27.885  3171  3213 I com.miui.home: CheckGCForNative requested 1
12-18 15:58:28.033 11900 11900 I wm_on_create_called: [0,117906841,com.UCMobile.main.UCMobile,performCreate,386]
12-18 15:58:28.052  3171  3205 I com.miui.home: NativeAlloc concurrent copying GC freed 191287(9468KB) AllocSpace objects, 26(896KB) LOS objects, 49% free, 12MB/25MB, paused 248us,118us total 188.789ms
12-18 15:58:28.180  3171  3475 I com.miui.home: CheckGCForNative gc_urgency 0 current_native_bytes is 113239841
12-18 15:58:28.249 11900 11900 I wm_on_create_called: [0,109288926,com.uc.browser.InnerUCMobile,performCreate,103]
12-18 15:58:28.265 11900 11900 I wm_on_start_called: [0,109288926,com.uc.browser.InnerUCMobile,handleStartActivity,16]
12-18 15:58:28.279 11900 11900 I wm_on_resume_called: [0,109288926,com.uc.browser.InnerUCMobile,RESUME_ACTIVITY,13]
12-18 15:58:28.291  3171  3475 I com.miui.home: CheckGCForNative adj_start_bytes: 44474892 NativeAllocationGcWatermark: 11768105 java_gc_start_bytes: 26822735 kNewNativeDiscountFactor: 2 kOldNativeDiscountFactor: 65536 old_native_bytes: 113239841 new_native_bytes: 2413656 add_bytes_allowed: 35304315 is_gc_concurrent: 1 target_footprint_: 27035983 GetBytesAllocated: 14010504 HeapGrowthMultiplier: 3
12-18 15:58:28.291  3171  3475 I com.miui.home: CheckGCForNative gc_urgency 0.342194 current_native_bytes is 115653497
12-18 15:58:28.296  3171  3666 I com.miui.home: CheckGCForNative adj_start_bytes: 44474892 NativeAllocationGcWatermark: 11768105 java_gc_start_bytes: 26822735 kNewNativeDiscountFactor: 2 kOldNativeDiscountFactor: 65536 old_native_bytes: 113239841 new_native_bytes: 1758360 add_bytes_allowed: 35304315 is_gc_concurrent: 1 target_footprint_: 27035983 GetBytesAllocated: 14010504 HeapGrowthMultiplier: 3
12-18 15:58:28.296  3171  3666 I com.miui.home: CheckGCForNative gc_urgency 0.334827 current_native_bytes is 114998201
12-18 15:58:28.320  3171  3666 I com.miui.home: CheckGCForNative adj_start_bytes: 44474892 NativeAllocationGcWatermark: 11768105 java_gc_start_bytes: 26822735 kNewNativeDiscountFactor: 2 kOldNativeDiscountFactor: 65536 old_native_bytes: 113239841 new_native_bytes: 2460200 add_bytes_allowed: 35304315 is_gc_concurrent: 1 target_footprint_: 27035983 GetBytesAllocated: 14076104 HeapGrowthMultiplier: 3
12-18 15:58:28.321  3171  3666 I com.miui.home: CheckGCForNative gc_urgency 0.344193 current_native_bytes is 115700041
12-18 15:58:28.438  3171  3171 I wm_on_resume_called: [0,160021530,com.miui.home.launcher.Launcher,RESUME_ACTIVITY,14]
12-18 15:58:28.484  3171  3666 I com.miui.home: CheckGCForNative adj_start_bytes: 44474892 NativeAllocationGcWatermark: 11768105 java_gc_start_bytes: 26822735 kNewNativeDiscountFactor: 2 kOldNativeDiscountFactor: 65536 old_native_bytes: 113239841 new_native_bytes: 4595692 add_bytes_allowed: 35304315 is_gc_concurrent: 1 target_footprint_: 27035983 GetBytesAllocated: 14667080 HeapGrowthMultiplier: 3
12-18 15:58:28.484  3171  3666 I com.miui.home: CheckGCForNative gc_urgency 0.381488 current_native_bytes is 117835533
12-18 15:58:28.531 11900 11900 I wm_on_top_resumed_gained_called: [109288926,com.uc.browser.InnerUCMobile,topStateChangedWhenResumed]
12-18 15:58:28.587  3171  3666 I com.miui.home: CheckGCForNative adj_start_bytes: 44474892 NativeAllocationGcWatermark: 11768105 java_gc_start_bytes: 26822735 kNewNativeDiscountFactor: 2 kOldNativeDiscountFactor: 65536 old_native_bytes: 113239841 new_native_bytes: 15335552 add_bytes_allowed: 35304315 is_gc_concurrent: 1 target_footprint_: 27035983 GetBytesAllocated: 15572456 HeapGrowthMultiplier: 3
12-18 15:58:28.587  3171  3666 I com.miui.home: CheckGCForNative gc_urgency 0.522954 current_native_bytes is 128575393
12-18 15:58:28.667  3171  3666 I com.miui.home: CheckGCForNative adj_start_bytes: 44474892 NativeAllocationGcWatermark: 11768105 java_gc_start_bytes: 26822735 kNewNativeDiscountFactor: 2 kOldNativeDiscountFactor: 65536 old_native_bytes: 113239841 new_native_bytes: 4732576 add_bytes_allowed: 35304315 is_gc_concurrent: 1 target_footprint_: 27035983 GetBytesAllocated: 15802600 HeapGrowthMultiplier: 3
12-18 15:58:28.668  3171  3666 I com.miui.home: CheckGCForNative gc_urgency 0.408559 current_native_bytes is 117972417
12-18 15:58:28.733 11900 11900 I wm_on_top_resumed_lost_called: [109288926,com.uc.browser.InnerUCMobile,topStateChangedWhenResumed]
12-18 15:58:28.745  3171  3171 I wm_on_paused_called: [0,160021530,com.miui.home.launcher.Launcher,performPause,1]
12-18 15:58:28.761  3171  3171 I wm_on_idle_called: com.miui.home.launcher.Launcher
12-18 15:58:28.772 11900 11900 I wm_on_paused_called: [0,109288926,com.uc.browser.InnerUCMobile,performPause,5]
12-18 15:58:28.848  3171  3666 I com.miui.home: CheckGCForNative adj_start_bytes: 44474892 NativeAllocationGcWatermark: 11768105 java_gc_start_bytes: 26822735 kNewNativeDiscountFactor: 2 kOldNativeDiscountFactor: 65536 old_native_bytes: 113239841 new_native_bytes: 5367868 add_bytes_allowed: 35304315 is_gc_concurrent: 1 target_footprint_: 27035983 GetBytesAllocated: 16245032 HeapGrowthMultiplier: 3
12-18 15:58:28.849  3171  3666 I com.miui.home: CheckGCForNative gc_urgency 0.425649 current_native_bytes is 118607709
12-18 15:58:29.007  3171  3666 I com.miui.home: CheckGCForNative adj_start_bytes: 44474892 NativeAllocationGcWatermark: 11768105 java_gc_start_bytes: 26822735 kNewNativeDiscountFactor: 2 kOldNativeDiscountFactor: 65536 old_native_bytes: 113239841 new_native_bytes: 5738576 add_bytes_allowed: 35304315 is_gc_concurrent: 1 target_footprint_: 27035983 GetBytesAllocated: 16942024 HeapGrowthMultiplier: 3
12-18 15:58:29.007  3171  3666 I com.miui.home: CheckGCForNative gc_urgency 0.445488 current_native_bytes is 118978417
12-18 15:58:29.061  3171  3666 I com.miui.home: CheckGCForNative adj_start_bytes: 44474892 NativeAllocationGcWatermark: 11768105 java_gc_start_bytes: 26822735 kNewNativeDiscountFactor: 2 kOldNativeDiscountFactor: 65536 old_native_bytes: 113239841 new_native_bytes: 16470808 add_bytes_allowed: 35304315 is_gc_concurrent: 1 target_footprint_: 27035983 GetBytesAllocated: 17024024 HeapGrowthMultiplier: 3
12-18 15:58:29.061  3171  3666 I com.miui.home: CheckGCForNative gc_urgency 0.567987 current_native_bytes is 129710649
12-18 15:58:29.160  3171  3475 I com.miui.home: CheckGCForNative adj_start_bytes: 44474892 NativeAllocationGcWatermark: 11768105 java_gc_start_bytes: 26822735 kNewNativeDiscountFactor: 2 kOldNativeDiscountFactor: 65536 old_native_bytes: 113239841 new_native_bytes: 5864728 add_bytes_allowed: 35304315 is_gc_concurrent: 1 target_footprint_: 27035983 GetBytesAllocated: 17385288 HeapGrowthMultiplier: 3
12-18 15:58:29.160  3171  3475 I com.miui.home: CheckGCForNative gc_urgency 0.456873 current_native_bytes is 119104569
12-18 15:58:29.213 11900 11900 I wm_on_stop_called: [0,109288926,com.uc.browser.InnerUCMobile,STOP_ACTIVITY_ITEM,154]
12-18 15:58:29.816 12214 12214 I wm_on_create_called: [0,17497018,com.tencent.mtt.SplashActivity,performCreate,89]
12-18 15:58:29.874 12214 12214 I wm_on_create_called: [0,233953269,com.tencent.mtt.MainActivity,performCreate,21]
12-18 15:58:29.878 12214 12214 I wm_on_start_called: [0,233953269,com.tencent.mtt.MainActivity,handleStartActivity,3]
12-18 15:58:30.012  3171  3666 I com.miui.home: CheckGCForNative adj_start_bytes: 44474892 NativeAllocationGcWatermark: 11768105 java_gc_start_bytes: 26822735 kNewNativeDiscountFactor: 2 kOldNativeDiscountFactor: 65536 old_native_bytes: 113239841 new_native_bytes: 5955404 add_bytes_allowed: 35304315 is_gc_concurrent: 1 target_footprint_: 27035983 GetBytesAllocated: 17910760 HeapGrowthMultiplier: 3
12-18 15:58:30.013  3171  3666 I com.miui.home: CheckGCForNative gc_urgency 0.469707 current_native_bytes is 119195245
12-18 15:58:30.117  3171  3171 I wm_on_stop_called: [0,160021530,com.miui.home.launcher.Launcher,STOP_ACTIVITY_ITEM,3]
12-18 15:58:30.119  3171  3666 I com.miui.home: CheckGCForNative adj_start_bytes: 44474892 NativeAllocationGcWatermark: 11768105 java_gc_start_bytes: 26822735 kNewNativeDiscountFactor: 2 kOldNativeDiscountFactor: 65536 old_native_bytes: 113239841 new_native_bytes: 6196832 add_bytes_allowed: 35304315 is_gc_concurrent: 1 target_footprint_: 27035983 GetBytesAllocated: 18402904 HeapGrowthMultiplier: 3
12-18 15:58:30.119  3171  3666 I com.miui.home: CheckGCForNative gc_urgency 0.485053 current_native_bytes is 119436673
12-18 15:58:30.285  3171  3171 I wm_on_restart_called: [0,160021530,com.miui.home.launcher.Launcher,performRestartActivity,0]
12-18 15:58:30.287  3171  3171 I wm_on_start_called: [0,160021530,com.miui.home.launcher.Launcher,handleStartActivity,1]
12-18 15:58:30.396  3171  3212 I com.miui.home: CheckGCForNative adj_start_bytes: 44474892 NativeAllocationGcWatermark: 11768105 java_gc_start_bytes: 26822735 kNewNativeDiscountFactor: 2 kOldNativeDiscountFactor: 65536 old_native_bytes: 113239841 new_native_bytes: 17210268 add_bytes_allowed: 35304315 is_gc_concurrent: 1 target_footprint_: 27035983 GetBytesAllocated: 19460248 HeapGrowthMultiplier: 3
12-18 15:58:30.396  3171  3212 I com.miui.home: CheckGCForNative gc_urgency 0.631078 current_native_bytes is 130450109
12-18 15:58:30.397  3171  3212 I com.miui.home: CheckGCForNative adj_start_bytes: 44474892 NativeAllocationGcWatermark: 11768105 java_gc_start_bytes: 26822735 kNewNativeDiscountFactor: 2 kOldNativeDiscountFactor: 65536 old_native_bytes: 113239841 new_native_bytes: 27916828 add_bytes_allowed: 35304315 is_gc_concurrent: 1 target_footprint_: 27035983 GetBytesAllocated: 19476824 HeapGrowthMultiplier: 3
12-18 15:58:30.397  3171  3212 I com.miui.home: CheckGCForNative gc_urgency 0.751817 current_native_bytes is 141156669
12-18 15:58:30.447  3171  3212 I com.miui.home: CheckGCForNative adj_start_bytes: 44474892 NativeAllocationGcWatermark: 11768105 java_gc_start_bytes: 26822735 kNewNativeDiscountFactor: 2 kOldNativeDiscountFactor: 65536 old_native_bytes: 113239841 new_native_bytes: 27924252 add_bytes_allowed: 35304315 is_gc_concurrent: 1 target_footprint_: 27035983 GetBytesAllocated: 19525976 HeapGrowthMultiplier: 3
12-18 15:58:30.447  3171  3212 I com.miui.home: CheckGCForNative gc_urgency 0.753005 current_native_bytes is 141164093
12-18 15:58:30.466  3171  3475 I com.miui.home: CheckGCForNative adj_start_bytes: 44474892 NativeAllocationGcWatermark: 11768105 java_gc_start_bytes: 26822735 kNewNativeDiscountFactor: 2 kOldNativeDiscountFactor: 65536 old_native_bytes: 113239841 new_native_bytes: 17220444 add_bytes_allowed: 35304315 is_gc_concurrent: 1 target_footprint_: 27035983 GetBytesAllocated: 19542584 HeapGrowthMultiplier: 3
12-18 15:58:30.466  3171  3475 I com.miui.home: CheckGCForNative gc_urgency 0.633043 current_native_bytes is 130460285
12-18 15:58:30.510  3171  3475 I com.miui.home: CheckGCForNative adj_start_bytes: 44474892 NativeAllocationGcWatermark: 11768105 java_gc_start_bytes: 26822735 kNewNativeDiscountFactor: 2 kOldNativeDiscountFactor: 65536 old_native_bytes: 113239841 new_native_bytes: 17222492 add_bytes_allowed: 35304315 is_gc_concurrent: 1 target_footprint_: 27035983 GetBytesAllocated: 19559000 HeapGrowthMultiplier: 3
12-18 15:58:30.510  3171  3475 I com.miui.home: CheckGCForNative gc_urgency 0.633435 current_native_bytes is 130462333
12-18 15:58:30.748 12214 12214 I wm_on_destroy_called: [0,17497018,com.tencent.mtt.SplashActivity,performDestroy,0]
12-18 15:58:30.867  3171  3475 I com.miui.home: CheckGCForNative adj_start_bytes: 44474892 NativeAllocationGcWatermark: 11768105 java_gc_start_bytes: 26822735 kNewNativeDiscountFactor: 2 kOldNativeDiscountFactor: 65536 old_native_bytes: 113239841 new_native_bytes: 17251612 add_bytes_allowed: 35304315 is_gc_concurrent: 1 target_footprint_: 27035983 GetBytesAllocated: 19887128 HeapGrowthMultiplier: 3
12-18 15:58:30.867  3171  3475 I com.miui.home: CheckGCForNative gc_urgency 0.641141 current_native_bytes is 130491453
12-18 15:58:31.043 12214 12214 I wm_on_top_resumed_lost_called: [233953269,com.tencent.mtt.MainActivity,topStateChangedWhenResumed]
12-18 15:58:31.047 12214 12214 I wm_on_paused_called: [0,233953269,com.tencent.mtt.MainActivity,performPause,2]
12-18 15:58:31.161  3171  3171 I wm_on_resume_called: [0,160021530,com.miui.home.launcher.Launcher,RESUME_ACTIVITY,5]
12-18 15:58:31.164  3171  3171 I wm_on_top_resumed_gained_called: [160021530,com.miui.home.launcher.Launcher,topStateChangedWhenResumed]
12-18 15:58:31.165  3171  3171 I wm_on_top_resumed_lost_called: [160021530,com.miui.home.launcher.Launcher,topStateChangedWhenResumed]
12-18 15:58:31.211  3171  3171 I wm_on_paused_called: [0,160021530,com.miui.home.launcher.Launcher,performPause,2]
12-18 15:58:31.296  3171  3666 I com.miui.home: CheckGCForNative adj_start_bytes: 44474892 NativeAllocationGcWatermark: 11768105 java_gc_start_bytes: 26822735 kNewNativeDiscountFactor: 2 kOldNativeDiscountFactor: 65536 old_native_bytes: 113239841 new_native_bytes: 17600504 add_bytes_allowed: 35304315 is_gc_concurrent: 1 target_footprint_: 27035983 GetBytesAllocated: 21363288 HeapGrowthMultiplier: 3
12-18 15:58:31.296  3171  3666 I com.miui.home: CheckGCForNative gc_urgency 0.678254 current_native_bytes is 130840345
12-18 15:58:31.302  3171  3171 I wm_on_idle_called: com.miui.home.launcher.Launcher
12-18 15:58:31.410 12214 12214 I wm_on_stop_called: [0,233953269,com.tencent.mtt.MainActivity,STOP_ACTIVITY_ITEM,270]
12-18 15:58:31.500  3171  3666 I com.miui.home: CheckGCForNative adj_start_bytes: 44474892 NativeAllocationGcWatermark: 11768105 java_gc_start_bytes: 26822735 kNewNativeDiscountFactor: 2 kOldNativeDiscountFactor: 65536 old_native_bytes: 113239841 new_native_bytes: 18076884 add_bytes_allowed: 35304315 is_gc_concurrent: 1 target_footprint_: 27035983 GetBytesAllocated: 21962040 HeapGrowthMultiplier: 3
12-18 15:58:31.500  3171  3666 I com.miui.home: CheckGCForNative gc_urgency 0.697072 current_native_bytes is 131316725
12-18 15:58:31.523  3171  3666 I com.miui.home: CheckGCForNative adj_start_bytes: 44474892 NativeAllocationGcWatermark: 11768105 java_gc_start_bytes: 26822735 kNewNativeDiscountFactor: 2 kOldNativeDiscountFactor: 65536 old_native_bytes: 113239841 new_native_bytes: 28956296 add_bytes_allowed: 35304315 is_gc_concurrent: 1 target_footprint_: 27035983 GetBytesAllocated: 22109496 HeapGrowthMultiplier: 3
12-18 15:58:31.523  3171  3666 I com.miui.home: CheckGCForNative gc_urgency 0.822697 current_native_bytes is 142196137
12-18 15:58:31.582  3171  3666 I com.miui.home: CheckGCForNative adj_start_bytes: 44474892 NativeAllocationGcWatermark: 11768105 java_gc_start_bytes: 26822735 kNewNativeDiscountFactor: 2 kOldNativeDiscountFactor: 65536 old_native_bytes: 113239841 new_native_bytes: 18378952 add_bytes_allowed: 35304315 is_gc_concurrent: 1 target_footprint_: 27035983 GetBytesAllocated: 22405240 HeapGrowthMultiplier: 3
12-18 15:58:31.582  3171  3666 I com.miui.home: CheckGCForNative gc_urgency 0.710433 current_native_bytes is 131618793
12-18 15:58:31.599  3171  3666 I com.miui.home: CheckGCForNative adj_start_bytes: 44474892 NativeAllocationGcWatermark: 11768105 java_gc_start_bytes: 26822735 kNewNativeDiscountFactor: 2 kOldNativeDiscountFactor: 65536 old_native_bytes: 113239841 new_native_bytes: 18475420 add_bytes_allowed: 35304315 is_gc_concurrent: 1 target_footprint_: 27035983 GetBytesAllocated: 22519928 HeapGrowthMultiplier: 3
12-18 15:58:31.599  3171  3666 I com.miui.home: CheckGCForNative gc_urgency 0.714096 current_native_bytes is 131715261
12-18 15:58:32.046 12517 12517 I wm_on_application_create_called: [0,com.youku.phone,290]
12-18 15:58:32.283 12517 12517 I wm_on_create_called: [0,204490837,com.youku.phone.ActivityWelcome,performCreate,226]
12-18 15:58:32.479  3171 10477 I com.miui.home: CheckGCForNative adj_start_bytes: 44474892 NativeAllocationGcWatermark: 11768105 java_gc_start_bytes: 26822735 kNewNativeDiscountFactor: 2 kOldNativeDiscountFactor: 65536 old_native_bytes: 113239841 new_native_bytes: 29245472 add_bytes_allowed: 35304315 is_gc_concurrent: 1 target_footprint_: 27035983 GetBytesAllocated: 23356120 HeapGrowthMultiplier: 3
12-18 15:58:32.479  3171 10477 I com.miui.home: CheckGCForNative gc_urgency 0.853978 current_native_bytes is 142485313
12-18 15:58:32.480  3171 10477 I com.miui.home: CheckGCForNative adj_start_bytes: 44474892 NativeAllocationGcWatermark: 11768105 java_gc_start_bytes: 26822735 kNewNativeDiscountFactor: 2 kOldNativeDiscountFactor: 65536 old_native_bytes: 113239841 new_native_bytes: 39955488 add_bytes_allowed: 35304315 is_gc_concurrent: 1 target_footprint_: 27035983 GetBytesAllocated: 23356312 HeapGrowthMultiplier: 3
12-18 15:58:32.480  3171 10477 I com.miui.home: CheckGCForNative gc_urgency 0.974388 current_native_bytes is 153195329
12-18 15:58:32.513  3171  3212 I com.miui.home: CheckGCForNative adj_start_bytes: 44474892 NativeAllocationGcWatermark: 11768105 java_gc_start_bytes: 26822735 kNewNativeDiscountFactor: 2 kOldNativeDiscountFactor: 65536 old_native_bytes: 113239841 new_native_bytes: 39967104 add_bytes_allowed: 35304315 is_gc_concurrent: 1 target_footprint_: 27035983 GetBytesAllocated: 23389080 HeapGrowthMultiplier: 3
12-18 15:58:32.513  3171  3212 I com.miui.home: CheckGCForNative gc_urgency 0.975255 current_native_bytes is 153206945
12-18 15:58:32.515  3171  3475 I com.miui.home: CheckGCForNative adj_start_bytes: 44474892 NativeAllocationGcWatermark: 11768105 java_gc_start_bytes: 26822735 kNewNativeDiscountFactor: 2 kOldNativeDiscountFactor: 65536 old_native_bytes: 113239841 new_native_bytes: 39967104 add_bytes_allowed: 35304315 is_gc_concurrent: 1 target_footprint_: 27035983 GetBytesAllocated: 23389272 HeapGrowthMultiplier: 3
12-18 15:58:32.515  3171  3475 I com.miui.home: CheckGCForNative gc_urgency 0.975259 current_native_bytes is 153206945
12-18 15:58:32.608  3171  3666 I com.miui.home: CheckGCForNative adj_start_bytes: 44474892 NativeAllocationGcWatermark: 11768105 java_gc_start_bytes: 26822735 kNewNativeDiscountFactor: 2 kOldNativeDiscountFactor: 65536 old_native_bytes: 113239841 new_native_bytes: 29427768 add_bytes_allowed: 35304315 is_gc_concurrent: 1 target_footprint_: 27035983 GetBytesAllocated: 23815928 HeapGrowthMultiplier: 3
12-18 15:58:32.608  3171  3666 I com.miui.home: CheckGCForNative gc_urgency 0.866366 current_native_bytes is 142667609
12-18 15:58:32.645  3171  3666 I com.miui.home: CheckGCForNative adj_start_bytes: 44474892 NativeAllocationGcWatermark: 11768105 java_gc_start_bytes: 26822735 kNewNativeDiscountFactor: 2 kOldNativeDiscountFactor: 65536 old_native_bytes: 113239841 new_native_bytes: 40239308 add_bytes_allowed: 35304315 is_gc_concurrent: 1 target_footprint_: 27035983 GetBytesAllocated: 23963416 HeapGrowthMultiplier: 3
12-18 15:58:32.646  3171  3666 I com.miui.home: CheckGCForNative gc_urgency 0.991229 current_native_bytes is 153479149
12-18 15:58:32.709  3171  3666 I com.miui.home: CheckGCForNative adj_start_bytes: 44474892 NativeAllocationGcWatermark: 11768105 java_gc_start_bytes: 26822735 kNewNativeDiscountFactor: 2 kOldNativeDiscountFactor: 65536 old_native_bytes: 113239841 new_native_bytes: 29716780 add_bytes_allowed: 35304315 is_gc_concurrent: 1 target_footprint_: 27035983 GetBytesAllocated: 24275544 HeapGrowthMultiplier: 3
12-18 15:58:32.709  3171  3666 I com.miui.home: CheckGCForNative gc_urgency 0.87995 current_native_bytes is 142956621
12-18 15:58:32.757 12517 12517 I wm_on_create_called: [0,116639632,com.youku.v2.HomePageEntry,performCreate,224]
12-18 15:58:32.860  3171  3475 I com.miui.home: CheckGCForNative adj_start_bytes: 44474892 NativeAllocationGcWatermark: 11768105 java_gc_start_bytes: 26822735 kNewNativeDiscountFactor: 2 kOldNativeDiscountFactor: 65536 old_native_bytes: 113239841 new_native_bytes: 30053024 add_bytes_allowed: 35304315 is_gc_concurrent: 1 target_footprint_: 27035983 GetBytesAllocated: 24554104 HeapGrowthMultiplier: 3
12-18 15:58:32.860  3171  3475 I com.miui.home: CheckGCForNative gc_urgency 0.889993 current_native_bytes is 143292865
12-18 15:58:32.881 12517 12517 I wm_on_start_called: [0,116639632,com.youku.v2.HomePageEntry,handleStartActivity,123]
12-18 15:58:32.938  3171  3475 I com.miui.home: CheckGCForNative adj_start_bytes: 44474892 NativeAllocationGcWatermark: 11768105 java_gc_start_bytes: 26822735 kNewNativeDiscountFactor: 2 kOldNativeDiscountFactor: 65536 old_native_bytes: 113239841 new_native_bytes: 30068512 add_bytes_allowed: 35304315 is_gc_concurrent: 1 target_footprint_: 27035983 GetBytesAllocated: 24701944 HeapGrowthMultiplier: 3
12-18 15:58:32.939  3171  3475 I com.miui.home: CheckGCForNative gc_urgency 0.893491 current_native_bytes is 143308353
12-18 15:58:32.952 12517 12517 I wm_on_resume_called: [0,116639632,com.youku.v2.HomePageEntry,RESUME_ACTIVITY,71]
12-18 15:58:32.964 12517 12517 I wm_on_top_resumed_gained_called: [116639632,com.youku.v2.HomePageEntry,topStateChangedWhenResumed]
12-18 15:58:33.019  3171  3171 I wm_on_resume_called: [0,160021530,com.miui.home.launcher.Launcher,RESUME_ACTIVITY,6]
12-18 15:58:33.023  3171  3171 I wm_on_idle_called: com.miui.home.launcher.Launcher
12-18 15:58:33.340  3171  3171 I wm_on_paused_called: [0,160021530,com.miui.home.launcher.Launcher,performPause,1]
12-18 15:58:33.377  3171  7753 I com.miui.home: CheckGCForNative adj_start_bytes: 44474892 NativeAllocationGcWatermark: 11768105 java_gc_start_bytes: 26822735 kNewNativeDiscountFactor: 2 kOldNativeDiscountFactor: 65536 old_native_bytes: 113239841 new_native_bytes: 30270740 add_bytes_allowed: 35304315 is_gc_concurrent: 1 target_footprint_: 27035983 GetBytesAllocated: 26268264 HeapGrowthMultiplier: 3
12-18 15:58:33.377  3171  7753 I com.miui.home: CheckGCForNative gc_urgency 0.930983 current_native_bytes is 143510581
12-18 15:58:33.511  3171  3666 I com.miui.home: CheckGCForNative adj_start_bytes: 44474892 NativeAllocationGcWatermark: 11768105 java_gc_start_bytes: 26822735 kNewNativeDiscountFactor: 2 kOldNativeDiscountFactor: 65536 old_native_bytes: 113239841 new_native_bytes: 30439076 add_bytes_allowed: 35304315 is_gc_concurrent: 1 target_footprint_: 27035983 GetBytesAllocated: 26833832 HeapGrowthMultiplier: 3
12-18 15:58:33.511  3171  3666 I com.miui.home: CheckGCForNative gc_urgency 0.945592 current_native_bytes is 143678917
12-18 15:58:33.605  3171  3666 I com.miui.home: CheckGCForNative adj_start_bytes: 44474892 NativeAllocationGcWatermark: 11768105 java_gc_start_bytes: 26822735 kNewNativeDiscountFactor: 2 kOldNativeDiscountFactor: 65536 old_native_bytes: 113239841 new_native_bytes: 30844064 add_bytes_allowed: 35304315 is_gc_concurrent: 1 target_footprint_: 27035983 GetBytesAllocated: 27473544 HeapGrowthMultiplier: 3
12-18 15:58:33.605  3171  3666 I com.miui.home: CheckGCForNative gc_urgency 0.964529 current_native_bytes is 144083905
12-18 15:58:33.674  3171  3475 I com.miui.home: CheckGCForNative adj_start_bytes: 44474892 NativeAllocationGcWatermark: 11768105 java_gc_start_bytes: 26822735 kNewNativeDiscountFactor: 2 kOldNativeDiscountFactor: 65536 old_native_bytes: 113239841 new_native_bytes: 30998236 add_bytes_allowed: 35304315 is_gc_concurrent: 1 target_footprint_: 27035983 GetBytesAllocated: 26594520 HeapGrowthMultiplier: 3
12-18 15:58:33.674  3171  3475 I com.miui.home: CheckGCForNative gc_urgency 0.946497 current_native_bytes is 144238077
12-18 15:58:33.727  3171  3666 I com.miui.home: CheckGCForNative adj_start_bytes: 44474892 NativeAllocationGcWatermark: 11768105 java_gc_start_bytes: 26822735 kNewNativeDiscountFactor: 2 kOldNativeDiscountFactor: 65536 old_native_bytes: 113239841 new_native_bytes: 41730460 add_bytes_allowed: 35304315 is_gc_concurrent: 1 target_footprint_: 27035983 GetBytesAllocated: 26643672 HeapGrowthMultiplier: 3
12-18 15:58:33.728  3171  3666 I com.miui.home: CheckGCForNative gc_urgency 1.06826 current_native_bytes is 154970301
12-18 15:58:33.728  3171  3666 I com.miui.home: CheckGCForNative requested 1
12-18 15:58:34.127 12908 12908 I wm_on_create_called: [0,44815951,com.ucpro.MainActivity,performCreate,72]
12-18 15:58:34.331  3171  3666 I com.miui.home: CheckGCForNative gc_urgency 0 current_native_bytes is 137198193
