12-18 15:43:35.046  3174  3174 I wm_on_top_resumed_lost_called: [7975822,com.miui.home.launcher.Launcher,topStateChangedWhenResumed]
12-18 15:43:35.051  3174  3174 I wm_on_paused_called: [0,7975822,com.miui.home.launcher.Launcher,performPause,2]
12-18 15:43:35.208  3174  3663 I com.miui.home: CheckGCForNative adj_start_bytes: 42094839 NativeAllocationGcWatermark: 11508923 java_gc_start_bytes: 24831455 kNewNativeDiscountFactor: 2 kOldNativeDiscountFactor: 65536 old_native_bytes: 75242641 new_native_bytes: 1446092 add_bytes_allowed: 34526769 is_gc_concurrent: 1 target_footprint_: 24962527 GetBytesAllocated: 13587504 HeapGrowthMultiplier: 3
12-18 15:43:35.208  3174  3663 I com.miui.home: CheckGCForNative gc_urgency 0.339987 current_native_bytes is 76688733
12-18 15:43:35.392  3174  3663 I com.miui.home: CheckGCForNative adj_start_bytes: 42094839 NativeAllocationGcWatermark: 11508923 java_gc_start_bytes: 24831455 kNewNativeDiscountFactor: 2 kOldNativeDiscountFactor: 65536 old_native_bytes: 75242641 new_native_bytes: 2165620 add_bytes_allowed: 34526769 is_gc_concurrent: 1 target_footprint_: 24962527 GetBytesAllocated: 13735696 HeapGrowthMultiplier: 3
12-18 15:43:35.392  3174  3663 I com.miui.home: CheckGCForNative gc_urgency 0.352054 current_native_bytes is 77408261
12-18 15:43:35.497  3174  3663 I com.miui.home: CheckGCForNative adj_start_bytes: 42094839 NativeAllocationGcWatermark: 11508923 java_gc_start_bytes: 24831455 kNewNativeDiscountFactor: 2 kOldNativeDiscountFactor: 65536 old_native_bytes: 75242641 new_native_bytes: 2871604 add_bytes_allowed: 34526769 is_gc_concurrent: 1 target_footprint_: 24962527 GetBytesAllocated: 13883424 HeapGrowthMultiplier: 3
12-18 15:43:35.497  3174  3663 I com.miui.home: CheckGCForNative gc_urgency 0.363949 current_native_bytes is 78114245
12-18 15:43:35.503  3174  3663 I com.miui.home: CheckGCForNative adj_start_bytes: 42094839 NativeAllocationGcWatermark: 11508923 java_gc_start_bytes: 24831455 kNewNativeDiscountFactor: 2 kOldNativeDiscountFactor: 65536 old_native_bytes: 75242641 new_native_bytes: 3073204 add_bytes_allowed: 34526769 is_gc_concurrent: 1 target_footprint_: 24962527 GetBytesAllocated: 13883536 HeapGrowthMultiplier: 3
12-18 15:43:35.503  3174  3663 I com.miui.home: CheckGCForNative gc_urgency 0.366346 current_native_bytes is 78315845
12-18 15:43:35.505  3174  3663 I com.miui.home: CheckGCForNative adj_start_bytes: 42094839 NativeAllocationGcWatermark: 11508923 java_gc_start_bytes: 24831455 kNewNativeDiscountFactor: 2 kOldNativeDiscountFactor: 65536 old_native_bytes: 75242641 new_native_bytes: 3456852 add_bytes_allowed: 34526769 is_gc_concurrent: 1 target_footprint_: 24962527 GetBytesAllocated: 13883536 HeapGrowthMultiplier: 3
12-18 15:43:35.506  3174  3663 I com.miui.home: CheckGCForNative gc_urgency 0.370903 current_native_bytes is 78699493
12-18 15:43:35.593  3174  3663 I com.miui.home: CheckGCForNative adj_start_bytes: 42094839 NativeAllocationGcWatermark: 11508923 java_gc_start_bytes: 24831455 kNewNativeDiscountFactor: 2 kOldNativeDiscountFactor: 65536 old_native_bytes: 75242641 new_native_bytes: 4345980 add_bytes_allowed: 34526769 is_gc_concurrent: 1 target_footprint_: 24962527 GetBytesAllocated: 13982160 HeapGrowthMultiplier: 3
12-18 15:43:35.593  3174  3663 I com.miui.home: CheckGCForNative gc_urgency 0.384197 current_native_bytes is 79588621
12-18 15:43:35.604  3174  3663 I com.miui.home: CheckGCForNative adj_start_bytes: 42094839 NativeAllocationGcWatermark: 11508923 java_gc_start_bytes: 24831455 kNewNativeDiscountFactor: 2 kOldNativeDiscountFactor: 65536 old_native_bytes: 75242641 new_native_bytes: 4769116 add_bytes_allowed: 34526769 is_gc_concurrent: 1 target_footprint_: 24962527 GetBytesAllocated: 13998592 HeapGrowthMultiplier: 3
12-18 15:43:35.604  3174  3663 I com.miui.home: CheckGCForNative gc_urgency 0.389223 current_native_bytes is 80011757
12-18 15:43:35.630  3174  3663 I com.miui.home: CheckGCForNative adj_start_bytes: 42094839 NativeAllocationGcWatermark: 11508923 java_gc_start_bytes: 24831455 kNewNativeDiscountFactor: 2 kOldNativeDiscountFactor: 65536 old_native_bytes: 75242641 new_native_bytes: 5533468 add_bytes_allowed: 34526769 is_gc_concurrent: 1 target_footprint_: 24962527 GetBytesAllocated: 14031536 HeapGrowthMultiplier: 3
12-18 15:43:35.630  3174  3663 I com.miui.home: CheckGCForNative gc_urgency 0.399085 current_native_bytes is 80776109
12-18 15:43:35.632  3174  3663 I com.miui.home: CheckGCForNative adj_start_bytes: 42094839 NativeAllocationGcWatermark: 11508923 java_gc_start_bytes: 24831455 kNewNativeDiscountFactor: 2 kOldNativeDiscountFactor: 65536 old_native_bytes: 75242641 new_native_bytes: 5992604 add_bytes_allowed: 34526769 is_gc_concurrent: 1 target_footprint_: 24962527 GetBytesAllocated: 14031536 HeapGrowthMultiplier: 3
12-18 15:43:35.632  3174  3663 I com.miui.home: CheckGCForNative gc_urgency 0.404539 current_native_bytes is 81235245
12-18 15:43:35.724  3174  3663 I com.miui.home: CheckGCForNative adj_start_bytes: 42094839 NativeAllocationGcWatermark: 11508923 java_gc_start_bytes: 24831455 kNewNativeDiscountFactor: 2 kOldNativeDiscountFactor: 65536 old_native_bytes: 75242641 new_native_bytes: 7111420 add_bytes_allowed: 34526769 is_gc_concurrent: 1 target_footprint_: 24962527 GetBytesAllocated: 14097328 HeapGrowthMultiplier: 3
12-18 15:43:35.724  3174  3663 I com.miui.home: CheckGCForNative gc_urgency 0.419391 current_native_bytes is 82354061
12-18 15:43:35.730  3174  3663 I com.miui.home: CheckGCForNative adj_start_bytes: 42094839 NativeAllocationGcWatermark: 11508923 java_gc_start_bytes: 24831455 kNewNativeDiscountFactor: 2 kOldNativeDiscountFactor: 65536 old_native_bytes: 75242641 new_native_bytes: 7880444 add_bytes_allowed: 34526769 is_gc_concurrent: 1 target_footprint_: 24962527 GetBytesAllocated: 14097328 HeapGrowthMultiplier: 3
12-18 15:43:35.730  3174  3663 I com.miui.home: CheckGCForNative gc_urgency 0.428525 current_native_bytes is 83123085
12-18 15:43:35.803  3174  3663 I com.miui.home: CheckGCForNative adj_start_bytes: 42094839 NativeAllocationGcWatermark: 11508923 java_gc_start_bytes: 24831455 kNewNativeDiscountFactor: 2 kOldNativeDiscountFactor: 65536 old_native_bytes: 75242641 new_native_bytes: 8260116 add_bytes_allowed: 34526769 is_gc_concurrent: 1 target_footprint_: 24962527 GetBytesAllocated: 14146656 HeapGrowthMultiplier: 3
12-18 15:43:35.803  3174  3663 I com.miui.home: CheckGCForNative gc_urgency 0.434207 current_native_bytes is 83502757
12-18 15:43:35.810  3174  3663 I com.miui.home: CheckGCForNative adj_start_bytes: 42094839 NativeAllocationGcWatermark: 11508923 java_gc_start_bytes: 24831455 kNewNativeDiscountFactor: 2 kOldNativeDiscountFactor: 65536 old_native_bytes: 75242641 new_native_bytes: 8656660 add_bytes_allowed: 34526769 is_gc_concurrent: 1 target_footprint_: 24962527 GetBytesAllocated: 14146656 HeapGrowthMultiplier: 3
12-18 15:43:35.810  3174  3663 I com.miui.home: CheckGCForNative gc_urgency 0.438917 current_native_bytes is 83899301
12-18 15:43:35.832  3174  3663 I com.miui.home: CheckGCForNative adj_start_bytes: 42094839 NativeAllocationGcWatermark: 11508923 java_gc_start_bytes: 24831455 kNewNativeDiscountFactor: 2 kOldNativeDiscountFactor: 65536 old_native_bytes: 75242641 new_native_bytes: 9035700 add_bytes_allowed: 34526769 is_gc_concurrent: 1 target_footprint_: 24962527 GetBytesAllocated: 14179600 HeapGrowthMultiplier: 3
12-18 15:43:35.832  3174  3663 I com.miui.home: CheckGCForNative gc_urgency 0.444202 current_native_bytes is 84278341
12-18 15:43:35.839  3174  3663 I com.miui.home: CheckGCForNative adj_start_bytes: 42094839 NativeAllocationGcWatermark: 11508923 java_gc_start_bytes: 24831455 kNewNativeDiscountFactor: 2 kOldNativeDiscountFactor: 65536 old_native_bytes: 75242641 new_native_bytes: 9214548 add_bytes_allowed: 34526769 is_gc_concurrent: 1 target_footprint_: 24962527 GetBytesAllocated: 14179600 HeapGrowthMultiplier: 3
12-18 15:43:35.839  3174  3663 I com.miui.home: CheckGCForNative gc_urgency 0.446326 current_native_bytes is 84457189
12-18 15:43:35.855  3174  3663 I com.miui.home: CheckGCForNative adj_start_bytes: 42094839 NativeAllocationGcWatermark: 11508923 java_gc_start_bytes: 24831455 kNewNativeDiscountFactor: 2 kOldNativeDiscountFactor: 65536 old_native_bytes: 75242641 new_native_bytes: 9735924 add_bytes_allowed: 34526769 is_gc_concurrent: 1 target_footprint_: 24962527 GetBytesAllocated: 14212544 HeapGrowthMultiplier: 3
12-18 15:43:35.855  3174  3663 I com.miui.home: CheckGCForNative gc_urgency 0.453301 current_native_bytes is 84978565
12-18 15:43:35.861  3174  3663 I com.miui.home: CheckGCForNative adj_start_bytes: 42094839 NativeAllocationGcWatermark: 11508923 java_gc_start_bytes: 24831455 kNewNativeDiscountFactor: 2 kOldNativeDiscountFactor: 65536 old_native_bytes: 75242641 new_native_bytes: 10132244 add_bytes_allowed: 34526769 is_gc_concurrent: 1 target_footprint_: 24962527 GetBytesAllocated: 14212544 HeapGrowthMultiplier: 3
12-18 15:43:35.861  3174  3663 I com.miui.home: CheckGCForNative gc_urgency 0.458009 current_native_bytes is 85374885
12-18 15:43:36.104  3174  3663 I com.miui.home: CheckGCForNative adj_start_bytes: 42094839 NativeAllocationGcWatermark: 11508923 java_gc_start_bytes: 24831455 kNewNativeDiscountFactor: 2 kOldNativeDiscountFactor: 65536 old_native_bytes: 75242641 new_native_bytes: 12002736 add_bytes_allowed: 34526769 is_gc_concurrent: 1 target_footprint_: 24962527 GetBytesAllocated: 14361360 HeapGrowthMultiplier: 3
12-18 15:43:36.104  3174  3663 I com.miui.home: CheckGCForNative gc_urgency 0.483762 current_native_bytes is 87245377
12-18 15:43:36.281  3174  3663 I com.miui.home: CheckGCForNative adj_start_bytes: 42094839 NativeAllocationGcWatermark: 11508923 java_gc_start_bytes: 24831455 kNewNativeDiscountFactor: 2 kOldNativeDiscountFactor: 65536 old_native_bytes: 75242641 new_native_bytes: 22714064 add_bytes_allowed: 34526769 is_gc_concurrent: 1 target_footprint_: 24962527 GetBytesAllocated: 14377744 HeapGrowthMultiplier: 3
12-18 15:43:36.281  3174  3663 I com.miui.home: CheckGCForNative gc_urgency 0.61138 current_native_bytes is 97956705
12-18 15:43:36.284  3174  3663 I com.miui.home: CheckGCForNative adj_start_bytes: 42094839 NativeAllocationGcWatermark: 11508923 java_gc_start_bytes: 24831455 kNewNativeDiscountFactor: 2 kOldNativeDiscountFactor: 65536 old_native_bytes: 75242641 new_native_bytes: 33419984 add_bytes_allowed: 34526769 is_gc_concurrent: 1 target_footprint_: 24962527 GetBytesAllocated: 14394320 HeapGrowthMultiplier: 3
12-18 15:43:36.285  3174  3663 I com.miui.home: CheckGCForNative gc_urgency 0.738938 current_native_bytes is 108662625
12-18 15:43:36.396  3174  3663 I com.miui.home: CheckGCForNative adj_start_bytes: 42094839 NativeAllocationGcWatermark: 11508923 java_gc_start_bytes: 24831455 kNewNativeDiscountFactor: 2 kOldNativeDiscountFactor: 65536 old_native_bytes: 75242641 new_native_bytes: 33421136 add_bytes_allowed: 34526769 is_gc_concurrent: 1 target_footprint_: 24962527 GetBytesAllocated: 14394320 HeapGrowthMultiplier: 3
12-18 15:43:36.396  3174  3663 I com.miui.home: CheckGCForNative gc_urgency 0.738951 current_native_bytes is 108663777
12-18 15:43:36.403  3174  3663 I com.miui.home: CheckGCForNative adj_start_bytes: 42094839 NativeAllocationGcWatermark: 11508923 java_gc_start_bytes: 24831455 kNewNativeDiscountFactor: 2 kOldNativeDiscountFactor: 65536 old_native_bytes: 75242641 new_native_bytes: 44127056 add_bytes_allowed: 34526769 is_gc_concurrent: 1 target_footprint_: 24962527 GetBytesAllocated: 14394528 HeapGrowthMultiplier: 3
12-18 15:43:36.403  3174  3663 I com.miui.home: CheckGCForNative gc_urgency 0.866121 current_native_bytes is 119369697
12-18 15:43:36.443  7541  7541 I wm_on_application_create_called: [0,com.autonavi.minimap,965]
12-18 15:43:36.553  7658  7658 I wm_on_application_create_called: [0,com.autonavi.minimap,594]
12-18 15:43:36.669  7541  7541 I wm_on_create_called: [0,120522929,com.autonavi.map.activity.SplashActivity,performCreate,213]
12-18 15:43:36.737  3174  3663 I com.miui.home: CheckGCForNative adj_start_bytes: 42094839 NativeAllocationGcWatermark: 11508923 java_gc_start_bytes: 24831455 kNewNativeDiscountFactor: 2 kOldNativeDiscountFactor: 65536 old_native_bytes: 75242641 new_native_bytes: 34144260 add_bytes_allowed: 34526769 is_gc_concurrent: 1 target_footprint_: 24962527 GetBytesAllocated: 14919872 HeapGrowthMultiplier: 3
12-18 15:43:36.737  3174  3663 I com.miui.home: CheckGCForNative gc_urgency 0.760025 current_native_bytes is 109386901
12-18 15:43:36.816  3174  3663 I com.miui.home: CheckGCForNative adj_start_bytes: 42094839 NativeAllocationGcWatermark: 11508923 java_gc_start_bytes: 24831455 kNewNativeDiscountFactor: 2 kOldNativeDiscountFactor: 65536 old_native_bytes: 75242641 new_native_bytes: 34450296 add_bytes_allowed: 34526769 is_gc_concurrent: 1 target_footprint_: 24962527 GetBytesAllocated: 15051104 HeapGrowthMultiplier: 3
12-18 15:43:36.816  3174  3663 I com.miui.home: CheckGCForNative gc_urgency 0.766778 current_native_bytes is 109692937
12-18 15:43:36.875  3174  4029 I com.miui.home: CheckGCForNative adj_start_bytes: 42094839 NativeAllocationGcWatermark: 11508923 java_gc_start_bytes: 24831455 kNewNativeDiscountFactor: 2 kOldNativeDiscountFactor: 65536 old_native_bytes: 75242641 new_native_bytes: 45234608 add_bytes_allowed: 34526769 is_gc_concurrent: 1 target_footprint_: 24962527 GetBytesAllocated: 15133024 HeapGrowthMultiplier: 3
12-18 15:43:36.876  3174  4029 I com.miui.home: CheckGCForNative gc_urgency 0.89682 current_native_bytes is 120477249
12-18 15:43:36.876  3174  4029 I com.miui.home: CheckGCForNative adj_start_bytes: 42094839 NativeAllocationGcWatermark: 11508923 java_gc_start_bytes: 24831455 kNewNativeDiscountFactor: 2 kOldNativeDiscountFactor: 65536 old_native_bytes: 75242641 new_native_bytes: 55940528 add_bytes_allowed: 34526769 is_gc_concurrent: 1 target_footprint_: 24962527 GetBytesAllocated: 15149600 HeapGrowthMultiplier: 3
12-18 15:43:36.876  3174  4029 I com.miui.home: CheckGCForNative gc_urgency 1.02438 current_native_bytes is 131183169
12-18 15:43:36.876  3174  4029 I com.miui.home: CheckGCForNative requested 1
12-18 15:43:36.926  3174  4029 I com.miui.home: CheckGCForNative adj_start_bytes: 42094839 NativeAllocationGcWatermark: 11508923 java_gc_start_bytes: 24831455 kNewNativeDiscountFactor: 2 kOldNativeDiscountFactor: 65536 old_native_bytes: 75242641 new_native_bytes: 55973040 add_bytes_allowed: 34526769 is_gc_concurrent: 1 target_footprint_: 24962527 GetBytesAllocated: 15215216 HeapGrowthMultiplier: 3
12-18 15:43:36.926  3174  4029 I com.miui.home: CheckGCForNative gc_urgency 1.02632 current_native_bytes is 131215681
12-18 15:43:36.927  3174  4029 I com.miui.home: CheckGCForNative requested 1
12-18 15:43:36.989  3174  3449 I com.miui.home: CheckGCForNative adj_start_bytes: 42094839 NativeAllocationGcWatermark: 11508923 java_gc_start_bytes: 24831455 kNewNativeDiscountFactor: 2 kOldNativeDiscountFactor: 65536 old_native_bytes: 75242641 new_native_bytes: 45455600 add_bytes_allowed: 34526769 is_gc_concurrent: 1 target_footprint_: 24962527 GetBytesAllocated: 15461296 HeapGrowthMultiplier: 3
12-18 15:43:36.989  3174  3449 I com.miui.home: CheckGCForNative gc_urgency 0.907243 current_native_bytes is 120698241
12-18 15:43:37.078  3174  3449 I com.miui.home: CheckGCForNative adj_start_bytes: 42094839 NativeAllocationGcWatermark: 11508923 java_gc_start_bytes: 24831455 kNewNativeDiscountFactor: 2 kOldNativeDiscountFactor: 65536 old_native_bytes: 75242641 new_native_bytes: 45554596 add_bytes_allowed: 34526769 is_gc_concurrent: 1 target_footprint_: 24962527 GetBytesAllocated: 15789072 HeapGrowthMultiplier: 3
12-18 15:43:37.078  3174  3449 I com.miui.home: CheckGCForNative gc_urgency 0.916205 current_native_bytes is 120797237
12-18 15:43:37.098  7541  7541 I wm_on_create_called: [0,99138740,com.autonavi.map.activity.NewMapActivity,performCreate,299]
12-18 15:43:37.106  7541  7541 I wm_on_start_called: [0,99138740,com.autonavi.map.activity.NewMapActivity,handleStartActivity,8]
12-18 15:43:37.113  3174  3206 I com.miui.home: NativeAlloc concurrent copying GC freed 46339(2434KB) AllocSpace objects, 3(124KB) LOS objects, 49% free, 12MB/25MB, paused 349us,84us total 234.939ms
12-18 15:43:37.113  7541  7541 I wm_on_resume_called: [0,99138740,com.autonavi.map.activity.NewMapActivity,RESUME_ACTIVITY,6]
12-18 15:43:37.154  3174  3663 I com.miui.home: CheckGCForNative gc_urgency 0 current_native_bytes is 119909169
12-18 15:43:37.164  7541  7541 I wm_on_top_resumed_gained_called: [99138740,com.autonavi.map.activity.NewMapActivity,topStateChangedWhenResumed]
12-18 15:43:37.269  3174  3663 I com.miui.home: CheckGCForNative gc_urgency 0 current_native_bytes is 115894521
12-18 15:43:37.322  3174  3663 I com.miui.home: CheckGCForNative adj_start_bytes: 43453136 NativeAllocationGcWatermark: 11693293 java_gc_start_bytes: 25913197 kNewNativeDiscountFactor: 2 kOldNativeDiscountFactor: 65536 old_native_bytes: 115894521 new_native_bytes: 11330228 add_bytes_allowed: 35079879 is_gc_concurrent: 1 target_footprint_: 26437485 GetBytesAllocated: 13825544 HeapGrowthMultiplier: 3
12-18 15:43:37.322  3174  3663 I com.miui.home: CheckGCForNative gc_urgency 0.448585 current_native_bytes is 127224749
12-18 15:43:37.389  3174  3449 I com.miui.home: CheckGCForNative adj_start_bytes: 43453136 NativeAllocationGcWatermark: 11693293 java_gc_start_bytes: 25913197 kNewNativeDiscountFactor: 2 kOldNativeDiscountFactor: 65536 old_native_bytes: 115894521 new_native_bytes: 1053300 add_bytes_allowed: 35079879 is_gc_concurrent: 1 target_footprint_: 26437485 GetBytesAllocated: 13874888 HeapGrowthMultiplier: 3
12-18 15:43:37.389  3174  3449 I com.miui.home: CheckGCForNative gc_urgency 0.331468 current_native_bytes is 116947821
12-18 15:43:37.479  3174  8018 I com.miui.home: CheckGCForNative adj_start_bytes: 43453136 NativeAllocationGcWatermark: 11693293 java_gc_start_bytes: 25913197 kNewNativeDiscountFactor: 2 kOldNativeDiscountFactor: 65536 old_native_bytes: 115894521 new_native_bytes: 1159396 add_bytes_allowed: 35079879 is_gc_concurrent: 1 target_footprint_: 26437485 GetBytesAllocated: 14121112 HeapGrowthMultiplier: 3
12-18 15:43:37.479  3174  8018 I com.miui.home: CheckGCForNative gc_urgency 0.338355 current_native_bytes is 117053917
12-18 15:43:37.533  7541  7541 I wm_on_top_resumed_lost_called: [99138740,com.autonavi.map.activity.NewMapActivity,topStateChangedWhenResumed]
12-18 15:43:37.541  7541  7541 I wm_on_paused_called: [0,99138740,com.autonavi.map.activity.NewMapActivity,performPause,1]
12-18 15:43:37.582  3174  3174 I wm_on_resume_called: [0,7975822,com.miui.home.launcher.Launcher,RESUME_ACTIVITY,7]
12-18 15:43:37.583  3174  3174 I wm_on_top_resumed_gained_called: [7975822,com.miui.home.launcher.Launcher,topWhenResuming]
12-18 15:43:37.586  3174  3174 I wm_on_idle_called: com.miui.home.launcher.Launcher
12-18 15:43:37.867  3174  3663 I com.miui.home: CheckGCForNative adj_start_bytes: 43453136 NativeAllocationGcWatermark: 11693293 java_gc_start_bytes: 25913197 kNewNativeDiscountFactor: 2 kOldNativeDiscountFactor: 65536 old_native_bytes: 115894521 new_native_bytes: 1348980 add_bytes_allowed: 35079879 is_gc_concurrent: 1 target_footprint_: 26437485 GetBytesAllocated: 15555672 HeapGrowthMultiplier: 3
12-18 15:43:37.867  3174  3663 I com.miui.home: CheckGCForNative gc_urgency 0.37355 current_native_bytes is 117243501
12-18 15:43:37.901  3174  3663 I com.miui.home: CheckGCForNative adj_start_bytes: 43453136 NativeAllocationGcWatermark: 11693293 java_gc_start_bytes: 25913197 kNewNativeDiscountFactor: 2 kOldNativeDiscountFactor: 65536 old_native_bytes: 115894521 new_native_bytes: 12121960 add_bytes_allowed: 35079879 is_gc_concurrent: 1 target_footprint_: 26437485 GetBytesAllocated: 15719512 HeapGrowthMultiplier: 3
12-18 15:43:37.901  3174  3663 I com.miui.home: CheckGCForNative gc_urgency 0.501282 current_native_bytes is 128016481
12-18 15:43:37.965  3174  3663 I com.miui.home: CheckGCForNative adj_start_bytes: 43453136 NativeAllocationGcWatermark: 11693293 java_gc_start_bytes: 25913197 kNewNativeDiscountFactor: 2 kOldNativeDiscountFactor: 65536 old_native_bytes: 115894521 new_native_bytes: 1661352 add_bytes_allowed: 35079879 is_gc_concurrent: 1 target_footprint_: 26437485 GetBytesAllocated: 16014712 HeapGrowthMultiplier: 3
12-18 15:43:37.965  3174  3663 I com.miui.home: CheckGCForNative gc_urgency 0.387709 current_native_bytes is 117555873
12-18 15:43:38.057  3174  3174 I wm_on_top_resumed_lost_called: [7975822,com.miui.home.launcher.Launcher,topStateChangedWhenResumed]
12-18 15:43:38.060  3174  3174 I wm_on_paused_called: [0,7975822,com.miui.home.launcher.Launcher,performPause,1]
12-18 15:43:38.084  3174  3403 I com.miui.home: CheckGCForNative adj_start_bytes: 43453136 NativeAllocationGcWatermark: 11693293 java_gc_start_bytes: 25913197 kNewNativeDiscountFactor: 2 kOldNativeDiscountFactor: 65536 old_native_bytes: 115894521 new_native_bytes: 1914488 add_bytes_allowed: 35079879 is_gc_concurrent: 1 target_footprint_: 26437485 GetBytesAllocated: 16473528 HeapGrowthMultiplier: 3
12-18 15:43:38.087  3174  3403 I com.miui.home: CheckGCForNative gc_urgency 0.40118 current_native_bytes is 117809009
12-18 15:43:38.255  3174  3663 I com.miui.home: CheckGCForNative adj_start_bytes: 43453136 NativeAllocationGcWatermark: 11693293 java_gc_start_bytes: 25913197 kNewNativeDiscountFactor: 2 kOldNativeDiscountFactor: 65536 old_native_bytes: 115894521 new_native_bytes: 2491244 add_bytes_allowed: 35079879 is_gc_concurrent: 1 target_footprint_: 26437485 GetBytesAllocated: 17120888 HeapGrowthMultiplier: 3
12-18 15:43:38.255  3174  3663 I com.miui.home: CheckGCForNative gc_urgency 0.422715 current_native_bytes is 118385765
12-18 15:43:38.378  3174  3449 I com.miui.home: CheckGCForNative adj_start_bytes: 43453136 NativeAllocationGcWatermark: 11693293 java_gc_start_bytes: 25913197 kNewNativeDiscountFactor: 2 kOldNativeDiscountFactor: 65536 old_native_bytes: 115894521 new_native_bytes: 2695700 add_bytes_allowed: 35079879 is_gc_concurrent: 1 target_footprint_: 26437485 GetBytesAllocated: 17481560 HeapGrowthMultiplier: 3
12-18 15:43:38.378  3174  3449 I com.miui.home: CheckGCForNative gc_urgency 0.433368 current_native_bytes is 118590221
12-18 15:43:38.425  3174  3663 I com.miui.home: CheckGCForNative adj_start_bytes: 43453136 NativeAllocationGcWatermark: 11693293 java_gc_start_bytes: 25913197 kNewNativeDiscountFactor: 2 kOldNativeDiscountFactor: 65536 old_native_bytes: 115894521 new_native_bytes: 2670100 add_bytes_allowed: 35079879 is_gc_concurrent: 1 target_footprint_: 26437485 GetBytesAllocated: 17547096 HeapGrowthMultiplier: 3
12-18 15:43:38.425  3174  3663 I com.miui.home: CheckGCForNative gc_urgency 0.434581 current_native_bytes is 118564621
12-18 15:43:38.747  8074  8074 I wm_on_create_called: [0,1909336,fm.qingting.qtradio.WelcomeActivity,performCreate,91]
12-18 15:43:38.748  8074  8074 I wm_on_start_called: [0,1909336,fm.qingting.qtradio.WelcomeActivity,handleStartActivity,1]
12-18 15:43:38.751  8074  8074 I wm_on_resume_called: [0,1909336,fm.qingting.qtradio.WelcomeActivity,RESUME_ACTIVITY,1]
12-18 15:43:38.770  8074  8074 I wm_on_top_resumed_gained_called: [1909336,fm.qingting.qtradio.WelcomeActivity,topStateChangedWhenResumed]
12-18 15:43:39.011  3174  3174 I wm_on_stop_called: [0,7975822,com.miui.home.launcher.Launcher,STOP_ACTIVITY_ITEM,5]
12-18 15:43:39.307  8074  8074 I wm_on_idle_called: fm.qingting.qtradio.WelcomeActivity
12-18 15:43:39.556  3174  3174 I wm_on_restart_called: [0,7975822,com.miui.home.launcher.Launcher,performRestartActivity,0]
12-18 15:43:39.558  3174  3174 I wm_on_start_called: [0,7975822,com.miui.home.launcher.Launcher,handleStartActivity,1]
12-18 15:43:39.622  3174  3218 I com.miui.home: CheckGCForNative adj_start_bytes: 43453136 NativeAllocationGcWatermark: 11693293 java_gc_start_bytes: 25913197 kNewNativeDiscountFactor: 2 kOldNativeDiscountFactor: 65536 old_native_bytes: 115894521 new_native_bytes: 13599168 add_bytes_allowed: 35079879 is_gc_concurrent: 1 target_footprint_: 26437485 GetBytesAllocated: 18194824 HeapGrowthMultiplier: 3
12-18 15:43:39.623  3174  3218 I com.miui.home: CheckGCForNative gc_urgency 0.575244 current_native_bytes is 129493689
12-18 15:43:39.626  3174  3218 I com.miui.home: CheckGCForNative adj_start_bytes: 43453136 NativeAllocationGcWatermark: 11693293 java_gc_start_bytes: 25913197 kNewNativeDiscountFactor: 2 kOldNativeDiscountFactor: 65536 old_native_bytes: 115894521 new_native_bytes: 24305088 add_bytes_allowed: 35079879 is_gc_concurrent: 1 target_footprint_: 26437485 GetBytesAllocated: 18195032 HeapGrowthMultiplier: 3
12-18 15:43:39.626  3174  3218 I com.miui.home: CheckGCForNative gc_urgency 0.698439 current_native_bytes is 140199609
12-18 15:43:39.641  3174  3226 I com.miui.home: CheckGCForNative adj_start_bytes: 43453136 NativeAllocationGcWatermark: 11693293 java_gc_start_bytes: 25913197 kNewNativeDiscountFactor: 2 kOldNativeDiscountFactor: 65536 old_native_bytes: 115894521 new_native_bytes: 24306784 add_bytes_allowed: 35079879 is_gc_concurrent: 1 target_footprint_: 26437485 GetBytesAllocated: 18227800 HeapGrowthMultiplier: 3
12-18 15:43:39.641  3174  3226 I com.miui.home: CheckGCForNative gc_urgency 0.699212 current_native_bytes is 140201305
12-18 15:43:39.745  3174  3449 I com.miui.home: CheckGCForNative adj_start_bytes: 43453136 NativeAllocationGcWatermark: 11693293 java_gc_start_bytes: 25913197 kNewNativeDiscountFactor: 2 kOldNativeDiscountFactor: 65536 old_native_bytes: 115894521 new_native_bytes: 13609824 add_bytes_allowed: 35079879 is_gc_concurrent: 1 target_footprint_: 26437485 GetBytesAllocated: 18309912 HeapGrowthMultiplier: 3
12-18 15:43:39.745  3174  3449 I com.miui.home: CheckGCForNative gc_urgency 0.578016 current_native_bytes is 129504345
12-18 15:43:39.982  3174  3174 I wm_on_stop_called: [0,7975822,com.miui.home.launcher.Launcher,STOP_ACTIVITY_ITEM,2]
12-18 15:43:40.095  8074  8074 I wm_on_top_resumed_lost_called: [1909336,fm.qingting.qtradio.WelcomeActivity,topStateChangedWhenResumed]
12-18 15:43:40.100  8074  8074 I wm_on_paused_called: [0,1909336,fm.qingting.qtradio.WelcomeActivity,performPause,5]
12-18 15:43:40.235  8074  8074 I wm_on_create_called: [0,80011665,fm.qingting.qtradio.QTRadioActivity,performCreate,116]
12-18 15:43:40.268  3174  3663 I com.miui.home: CheckGCForNative adj_start_bytes: 43453136 NativeAllocationGcWatermark: 11693293 java_gc_start_bytes: 25913197 kNewNativeDiscountFactor: 2 kOldNativeDiscountFactor: 65536 old_native_bytes: 115894521 new_native_bytes: 13704368 add_bytes_allowed: 35079879 is_gc_concurrent: 1 target_footprint_: 26437485 GetBytesAllocated: 18769336 HeapGrowthMultiplier: 3
12-18 15:43:40.268  3174  3663 I com.miui.home: CheckGCForNative gc_urgency 0.589676 current_native_bytes is 129598889
12-18 15:43:40.277  8074  8074 I wm_on_start_called: [0,80011665,fm.qingting.qtradio.QTRadioActivity,handleStartActivity,41]
12-18 15:43:40.280  8074  8074 I wm_on_resume_called: [0,80011665,fm.qingting.qtradio.QTRadioActivity,RESUME_ACTIVITY,2]
12-18 15:43:40.300  8074  8074 I wm_on_top_resumed_gained_called: [80011665,fm.qingting.qtradio.QTRadioActivity,topStateChangedWhenResumed]
12-18 15:43:40.318  3174  3663 I com.miui.home: CheckGCForNative adj_start_bytes: 43453136 NativeAllocationGcWatermark: 11693293 java_gc_start_bytes: 25913197 kNewNativeDiscountFactor: 2 kOldNativeDiscountFactor: 65536 old_native_bytes: 115894521 new_native_bytes: 24592740 add_bytes_allowed: 35079879 is_gc_concurrent: 1 target_footprint_: 26437485 GetBytesAllocated: 18916792 HeapGrowthMultiplier: 3
12-18 15:43:40.318  3174  3663 I com.miui.home: CheckGCForNative gc_urgency 0.718359 current_native_bytes is 140487261
12-18 15:43:40.319  3174  3663 I com.miui.home: CheckGCForNative adj_start_bytes: 43453136 NativeAllocationGcWatermark: 11693293 java_gc_start_bytes: 25913197 kNewNativeDiscountFactor: 2 kOldNativeDiscountFactor: 65536 old_native_bytes: 115894521 new_native_bytes: 35298276 add_bytes_allowed: 35079879 is_gc_concurrent: 1 target_footprint_: 26437485 GetBytesAllocated: 18916984 HeapGrowthMultiplier: 3
12-18 15:43:40.319  3174  3663 I com.miui.home: CheckGCForNative gc_urgency 0.841548 current_native_bytes is 151192797
12-18 15:43:40.374  3174  3663 I com.miui.home: CheckGCForNative adj_start_bytes: 43453136 NativeAllocationGcWatermark: 11693293 java_gc_start_bytes: 25913197 kNewNativeDiscountFactor: 2 kOldNativeDiscountFactor: 65536 old_native_bytes: 115894521 new_native_bytes: 24813796 add_bytes_allowed: 35079879 is_gc_concurrent: 1 target_footprint_: 26437485 GetBytesAllocated: 19195672 HeapGrowthMultiplier: 3
12-18 15:43:40.374  3174  3663 I com.miui.home: CheckGCForNative gc_urgency 0.72732 current_native_bytes is 140708317
12-18 15:43:40.451  3174  3174 I wm_on_restart_called: [0,7975822,com.miui.home.launcher.Launcher,performRestartActivity,0]
12-18 15:43:40.452  3174  3174 I wm_on_start_called: [0,7975822,com.miui.home.launcher.Launcher,handleStartActivity,1]
12-18 15:43:40.537  3174  3218 I com.miui.home: CheckGCForNative adj_start_bytes: 43453136 NativeAllocationGcWatermark: 11693293 java_gc_start_bytes: 25913197 kNewNativeDiscountFactor: 2 kOldNativeDiscountFactor: 65536 old_native_bytes: 115894521 new_native_bytes: 35825184 add_bytes_allowed: 35079879 is_gc_concurrent: 1 target_footprint_: 26437485 GetBytesAllocated: 19621912 HeapGrowthMultiplier: 3
12-18 15:43:40.537  3174  3218 I com.miui.home: CheckGCForNative gc_urgency 0.863833 current_native_bytes is 151719705
12-18 15:43:40.538  3174  3218 I com.miui.home: CheckGCForNative adj_start_bytes: 43453136 NativeAllocationGcWatermark: 11693293 java_gc_start_bytes: 25913197 kNewNativeDiscountFactor: 2 kOldNativeDiscountFactor: 65536 old_native_bytes: 115894521 new_native_bytes: 46531744 add_bytes_allowed: 35079879 is_gc_concurrent: 1 target_footprint_: 26437485 GetBytesAllocated: 19622104 HeapGrowthMultiplier: 3
12-18 15:43:40.538  3174  3218 I com.miui.home: CheckGCForNative gc_urgency 0.987034 current_native_bytes is 162426265
12-18 15:43:40.545  3174  3449 I com.miui.home: CheckGCForNative adj_start_bytes: 43453136 NativeAllocationGcWatermark: 11693293 java_gc_start_bytes: 25913197 kNewNativeDiscountFactor: 2 kOldNativeDiscountFactor: 65536 old_native_bytes: 115894521 new_native_bytes: 35828064 add_bytes_allowed: 35079879 is_gc_concurrent: 1 target_footprint_: 26437485 GetBytesAllocated: 19671256 HeapGrowthMultiplier: 3
12-18 15:43:40.545  3174  3449 I com.miui.home: CheckGCForNative gc_urgency 0.865002 current_native_bytes is 151722585
12-18 15:43:40.575  3174  3218 I com.miui.home: CheckGCForNative adj_start_bytes: 43453136 NativeAllocationGcWatermark: 11693293 java_gc_start_bytes: 25913197 kNewNativeDiscountFactor: 2 kOldNativeDiscountFactor: 65536 old_native_bytes: 115894521 new_native_bytes: 46541408 add_bytes_allowed: 35079879 is_gc_concurrent: 1 target_footprint_: 26437485 GetBytesAllocated: 19704024 HeapGrowthMultiplier: 3
12-18 15:43:40.575  3174  3218 I com.miui.home: CheckGCForNative gc_urgency 0.989031 current_native_bytes is 162435929
12-18 15:43:40.645  3174  3449 I com.miui.home: CheckGCForNative adj_start_bytes: 43453136 NativeAllocationGcWatermark: 11693293 java_gc_start_bytes: 25913197 kNewNativeDiscountFactor: 2 kOldNativeDiscountFactor: 65536 old_native_bytes: 115894521 new_native_bytes: 35840032 add_bytes_allowed: 35079879 is_gc_concurrent: 1 target_footprint_: 26437485 GetBytesAllocated: 19753368 HeapGrowthMultiplier: 3
12-18 15:43:40.645  3174  3449 I com.miui.home: CheckGCForNative gc_urgency 0.86703 current_native_bytes is 151734553
12-18 15:43:40.657  8074  8074 I wm_on_stop_called: [0,1909336,fm.qingting.qtradio.WelcomeActivity,LIFECYCLER_STOP_ACTIVITY,2]
12-18 15:43:40.658  8074  8074 I wm_on_destroy_called: [0,1909336,fm.qingting.qtradio.WelcomeActivity,performDestroy,0]
12-18 15:43:40.731  8074  8074 I wm_on_idle_called: fm.qingting.qtradio.QTRadioActivity
12-18 15:43:41.000  3174  3449 I com.miui.home: CheckGCForNative adj_start_bytes: 43453136 NativeAllocationGcWatermark: 11693293 java_gc_start_bytes: 25913197 kNewNativeDiscountFactor: 2 kOldNativeDiscountFactor: 65536 old_native_bytes: 115894521 new_native_bytes: 35843488 add_bytes_allowed: 35079879 is_gc_concurrent: 1 target_footprint_: 26437485 GetBytesAllocated: 19950008 HeapGrowthMultiplier: 3
12-18 15:43:41.000  3174  3449 I com.miui.home: CheckGCForNative gc_urgency 0.871595 current_native_bytes is 151738009
12-18 15:43:41.062  3174  3174 I wm_on_resume_called: [0,7975822,com.miui.home.launcher.Launcher,RESUME_ACTIVITY,6]
12-18 15:43:41.064  3174  3174 I wm_on_idle_called: com.miui.home.launcher.Launcher
12-18 15:43:41.234  3174  3174 I wm_on_paused_called: [0,7975822,com.miui.home.launcher.Launcher,performPause,2]
12-18 15:43:41.314  3174  3663 I com.miui.home: CheckGCForNative adj_start_bytes: 43453136 NativeAllocationGcWatermark: 11693293 java_gc_start_bytes: 25913197 kNewNativeDiscountFactor: 2 kOldNativeDiscountFactor: 65536 old_native_bytes: 115894521 new_native_bytes: 36387240 add_bytes_allowed: 35079879 is_gc_concurrent: 1 target_footprint_: 26437485 GetBytesAllocated: 21491160 HeapGrowthMultiplier: 3
12-18 15:43:41.314  3174  3663 I com.miui.home: CheckGCForNative gc_urgency 0.913318 current_native_bytes is 152281761
12-18 15:43:41.381  8074  8074 I wm_on_top_resumed_lost_called: [80011665,fm.qingting.qtradio.QTRadioActivity,topStateChangedWhenResumed]
12-18 15:43:41.385  8074  8074 I wm_on_paused_called: [0,80011665,fm.qingting.qtradio.QTRadioActivity,performPause,3]
12-18 15:43:41.437  8074  8074 I wm_on_stop_called: [0,80011665,fm.qingting.qtradio.QTRadioActivity,STOP_ACTIVITY_ITEM,10]
12-18 15:43:41.442  3174  3663 I com.miui.home: CheckGCForNative adj_start_bytes: 43453136 NativeAllocationGcWatermark: 11693293 java_gc_start_bytes: 25913197 kNewNativeDiscountFactor: 2 kOldNativeDiscountFactor: 65536 old_native_bytes: 115894521 new_native_bytes: 36594740 add_bytes_allowed: 35079879 is_gc_concurrent: 1 target_footprint_: 26437485 GetBytesAllocated: 22105880 HeapGrowthMultiplier: 3
12-18 15:43:41.442  3174  3663 I com.miui.home: CheckGCForNative gc_urgency 0.929853 current_native_bytes is 152489261
12-18 15:43:41.445  3174  3449 I com.miui.home: CheckGCForNative adj_start_bytes: 43453136 NativeAllocationGcWatermark: 11693293 java_gc_start_bytes: 25913197 kNewNativeDiscountFactor: 2 kOldNativeDiscountFactor: 65536 old_native_bytes: 115894521 new_native_bytes: 36596916 add_bytes_allowed: 35079879 is_gc_concurrent: 1 target_footprint_: 26437485 GetBytesAllocated: 22122264 HeapGrowthMultiplier: 3
12-18 15:43:41.445  3174  3449 I com.miui.home: CheckGCForNative gc_urgency 0.930255 current_native_bytes is 152491437
12-18 15:43:41.504  3174  3663 I com.miui.home: CheckGCForNative adj_start_bytes: 43453136 NativeAllocationGcWatermark: 11693293 java_gc_start_bytes: 25913197 kNewNativeDiscountFactor: 2 kOldNativeDiscountFactor: 65536 old_native_bytes: 115894521 new_native_bytes: 47338700 add_bytes_allowed: 35079879 is_gc_concurrent: 1 target_footprint_: 26437485 GetBytesAllocated: 22269720 HeapGrowthMultiplier: 3
12-18 15:43:41.504  3174  3663 I com.miui.home: CheckGCForNative gc_urgency 1.05725 current_native_bytes is 163233221
12-18 15:43:41.504  3174  3663 I com.miui.home: CheckGCForNative requested 1
12-18 15:43:41.559  3174  3663 I com.miui.home: CheckGCForNative adj_start_bytes: 43453136 NativeAllocationGcWatermark: 11693293 java_gc_start_bytes: 25913197 kNewNativeDiscountFactor: 2 kOldNativeDiscountFactor: 65536 old_native_bytes: 115894521 new_native_bytes: 36733952 add_bytes_allowed: 35079879 is_gc_concurrent: 1 target_footprint_: 26437485 GetBytesAllocated: 22466744 HeapGrowthMultiplier: 3
12-18 15:43:41.560  3174  3663 I com.miui.home: CheckGCForNative gc_urgency 0.939759 current_native_bytes is 152628473
12-18 15:43:41.635  3174  3206 I com.miui.home: NativeAlloc concurrent copying GC freed 185197(8825KB) AllocSpace objects, 8(416KB) LOS objects, 49% free, 12MB/25MB, paused 115us,27us total 128.352ms
12-18 15:43:42.928  8523  8523 I wm_on_application_create_called: [0,com.ss.android.ugc.aweme,535]
12-18 15:43:43.192  3174  3219 I com.miui.home: CheckGCForNative adj_start_bytes: 43647425 NativeAllocationGcWatermark: 11705155 java_gc_start_bytes: 26089693 kNewNativeDiscountFactor: 2 kOldNativeDiscountFactor: 65536 old_native_bytes: 127504305 new_native_bytes: 10706432 add_bytes_allowed: 35115465 is_gc_concurrent: 1 target_footprint_: 26532381 GetBytesAllocated: 13823600 HeapGrowthMultiplier: 3
12-18 15:43:43.192  3174  3219 I com.miui.home: CheckGCForNative gc_urgency 0.439402 current_native_bytes is 138210737
12-18 15:43:43.192  3174  3218 I com.miui.home: CheckGCForNative gc_urgency 0 current_native_bytes is 127504305
12-18 15:43:43.192  3174  3218 I com.miui.home: CheckGCForNative adj_start_bytes: 43647425 NativeAllocationGcWatermark: 11705155 java_gc_start_bytes: 26089693 kNewNativeDiscountFactor: 2 kOldNativeDiscountFactor: 65536 old_native_bytes: 127504305 new_native_bytes: 21412608 add_bytes_allowed: 35115465 is_gc_concurrent: 1 target_footprint_: 26532381 GetBytesAllocated: 13840368 HeapGrowthMultiplier: 3
12-18 15:43:43.192  3174  3218 I com.miui.home: CheckGCForNative gc_urgency 0.56243 current_native_bytes is 148916913
12-18 15:43:43.273  3174  3174 I wm_on_stop_called: [0,7975822,com.miui.home.launcher.Launcher,STOP_ACTIVITY_ITEM,11]
12-18 15:43:43.484  8523  8523 I wm_on_create_called: [0,146828156,com.ss.android.ugc.aweme.splash.SplashActivity,performCreate,498]
12-18 15:43:43.694  8523  8523 I wm_on_start_called: [0,146828156,com.ss.android.ugc.aweme.splash.SplashActivity,handleStartActivity,206]
12-18 15:43:43.753  8523  8523 I wm_on_resume_called: [0,146828156,com.ss.android.ugc.aweme.splash.SplashActivity,RESUME_ACTIVITY,51]
12-18 15:43:43.829  8523  8523 I wm_on_top_resumed_gained_called: [146828156,com.ss.android.ugc.aweme.splash.SplashActivity,topStateChangedWhenResumed]
12-18 15:43:44.055  3174  3174 I wm_on_restart_called: [0,7975822,com.miui.home.launcher.Launcher,performRestartActivity,0]
12-18 15:43:44.056  3174  3174 I wm_on_start_called: [0,7975822,com.miui.home.launcher.Launcher,handleStartActivity,1]
12-18 15:43:44.082  3174  3174 I com.miui.home: CheckGCForNative gc_urgency 0 current_native_bytes is 127493161
12-18 15:43:44.187  3174  3226 I com.miui.home: CheckGCForNative adj_start_bytes: 43647425 NativeAllocationGcWatermark: 11705155 java_gc_start_bytes: 26089693 kNewNativeDiscountFactor: 2 kOldNativeDiscountFactor: 65536 old_native_bytes: 127493161 new_native_bytes: 10810208 add_bytes_allowed: 35115465 is_gc_concurrent: 1 target_footprint_: 26532381 GetBytesAllocated: 14537248 HeapGrowthMultiplier: 3
12-18 15:43:44.187  3174  3226 I com.miui.home: CheckGCForNative gc_urgency 0.456941 current_native_bytes is 138303369
12-18 15:43:44.187  3174  3226 I com.miui.home: CheckGCForNative adj_start_bytes: 43647425 NativeAllocationGcWatermark: 11705155 java_gc_start_bytes: 26089693 kNewNativeDiscountFactor: 2 kOldNativeDiscountFactor: 65536 old_native_bytes: 127493161 new_native_bytes: 21516384 add_bytes_allowed: 35115465 is_gc_concurrent: 1 target_footprint_: 26532381 GetBytesAllocated: 14553824 HeapGrowthMultiplier: 3
12-18 15:43:44.188  3174  3226 I com.miui.home: CheckGCForNative gc_urgency 0.579965 current_native_bytes is 149009545
12-18 15:43:44.192  3174  3226 I com.miui.home: CheckGCForNative adj_start_bytes: 43647425 NativeAllocationGcWatermark: 11705155 java_gc_start_bytes: 26089693 kNewNativeDiscountFactor: 2 kOldNativeDiscountFactor: 65536 old_native_bytes: 127493161 new_native_bytes: 21515328 add_bytes_allowed: 35115465 is_gc_concurrent: 1 target_footprint_: 26532381 GetBytesAllocated: 14586592 HeapGrowthMultiplier: 3
12-18 15:43:44.192  3174  3226 I com.miui.home: CheckGCForNative gc_urgency 0.580703 current_native_bytes is 149008489
12-18 15:43:44.531  3174  3449 I com.miui.home: CheckGCForNative adj_start_bytes: 43647425 NativeAllocationGcWatermark: 11705155 java_gc_start_bytes: 26089693 kNewNativeDiscountFactor: 2 kOldNativeDiscountFactor: 65536 old_native_bytes: 127493161 new_native_bytes: 10854208 add_bytes_allowed: 35115465 is_gc_concurrent: 1 target_footprint_: 26532381 GetBytesAllocated: 14783392 HeapGrowthMultiplier: 3
12-18 15:43:44.531  3174  3449 I com.miui.home: CheckGCForNative gc_urgency 0.463084 current_native_bytes is 138347369
12-18 15:43:44.587  3174  3449 I com.miui.home: CheckGCForNative adj_start_bytes: 43647425 NativeAllocationGcWatermark: 11705155 java_gc_start_bytes: 26089693 kNewNativeDiscountFactor: 2 kOldNativeDiscountFactor: 65536 old_native_bytes: 127493161 new_native_bytes: 10860032 add_bytes_allowed: 35115465 is_gc_concurrent: 1 target_footprint_: 26532381 GetBytesAllocated: 14816160 HeapGrowthMultiplier: 3
12-18 15:43:44.587  3174  3449 I com.miui.home: CheckGCForNative gc_urgency 0.463902 current_native_bytes is 138353193
12-18 15:43:44.714  3174  3174 I wm_on_resume_called: [0,7975822,com.miui.home.launcher.Launcher,RESUME_ACTIVITY,6]
12-18 15:43:44.716  3174  3174 I wm_on_idle_called: com.miui.home.launcher.Launcher
12-18 15:43:44.943  3174  3174 I wm_on_paused_called: [0,7975822,com.miui.home.launcher.Launcher,performPause,2]
12-18 15:43:44.958  3174  3663 I com.miui.home: CheckGCForNative adj_start_bytes: 43647425 NativeAllocationGcWatermark: 11705155 java_gc_start_bytes: 26089693 kNewNativeDiscountFactor: 2 kOldNativeDiscountFactor: 65536 old_native_bytes: 127493161 new_native_bytes: 12526720 add_bytes_allowed: 35115465 is_gc_concurrent: 1 target_footprint_: 26532381 GetBytesAllocated: 16324944 HeapGrowthMultiplier: 3
12-18 15:43:44.958  3174  3663 I com.miui.home: CheckGCForNative gc_urgency 0.517562 current_native_bytes is 140019881
12-18 15:43:44.966  3174  3663 I com.miui.home: CheckGCForNative adj_start_bytes: 43647425 NativeAllocationGcWatermark: 11705155 java_gc_start_bytes: 26089693 kNewNativeDiscountFactor: 2 kOldNativeDiscountFactor: 65536 old_native_bytes: 127493161 new_native_bytes: 12558320 add_bytes_allowed: 35115465 is_gc_concurrent: 1 target_footprint_: 26532381 GetBytesAllocated: 16374160 HeapGrowthMultiplier: 3
12-18 15:43:44.966  3174  3663 I com.miui.home: CheckGCForNative gc_urgency 0.519052 current_native_bytes is 140051481
12-18 15:43:45.095  3174  3663 I com.miui.home: CheckGCForNative adj_start_bytes: 43647425 NativeAllocationGcWatermark: 11705155 java_gc_start_bytes: 26089693 kNewNativeDiscountFactor: 2 kOldNativeDiscountFactor: 65536 old_native_bytes: 127493161 new_native_bytes: 13487912 add_bytes_allowed: 35115465 is_gc_concurrent: 1 target_footprint_: 26532381 GetBytesAllocated: 17038160 HeapGrowthMultiplier: 3
12-18 15:43:45.095  3174  3663 I com.miui.home: CheckGCForNative gc_urgency 0.544913 current_native_bytes is 140981073
12-18 15:43:45.180  3174  3663 I com.miui.home: CheckGCForNative adj_start_bytes: 43647425 NativeAllocationGcWatermark: 11705155 java_gc_start_bytes: 26089693 kNewNativeDiscountFactor: 2 kOldNativeDiscountFactor: 65536 old_native_bytes: 127493161 new_native_bytes: 13743692 add_bytes_allowed: 35115465 is_gc_concurrent: 1 target_footprint_: 26532381 GetBytesAllocated: 17283920 HeapGrowthMultiplier: 3
12-18 15:43:45.180  3174  3663 I com.miui.home: CheckGCForNative gc_urgency 0.553474 current_native_bytes is 141236853
12-18 15:43:45.191  3174  3663 I com.miui.home: CheckGCForNative adj_start_bytes: 43647425 NativeAllocationGcWatermark: 11705155 java_gc_start_bytes: 26089693 kNewNativeDiscountFactor: 2 kOldNativeDiscountFactor: 65536 old_native_bytes: 127493161 new_native_bytes: 24477836 add_bytes_allowed: 35115465 is_gc_concurrent: 1 target_footprint_: 26532381 GetBytesAllocated: 17382224 HeapGrowthMultiplier: 3
12-18 15:43:45.191  3174  3663 I com.miui.home: CheckGCForNative gc_urgency 0.67869 current_native_bytes is 151970997
12-18 15:43:45.256  3174  3663 I com.miui.home: CheckGCForNative adj_start_bytes: 43647425 NativeAllocationGcWatermark: 11705155 java_gc_start_bytes: 26089693 kNewNativeDiscountFactor: 2 kOldNativeDiscountFactor: 65536 old_native_bytes: 127493161 new_native_bytes: 14335392 add_bytes_allowed: 35115465 is_gc_concurrent: 1 target_footprint_: 26532381 GetBytesAllocated: 17726784 HeapGrowthMultiplier: 3
12-18 15:43:45.257  3174  3663 I com.miui.home: CheckGCForNative gc_urgency 0.570398 current_native_bytes is 141828553
12-18 15:43:45.734  8856  8856 I wm_on_create_called: [0,48042675,com.eg.android.AlipayGphone.AlipayLogin,performCreate,119]
12-18 15:43:45.742  8856  8856 I wm_on_start_called: [0,48042675,com.eg.android.AlipayGphone.AlipayLogin,handleStartActivity,8]
12-18 15:43:45.746  8856  8856 I wm_on_resume_called: [0,48042675,com.eg.android.AlipayGphone.AlipayLogin,RESUME_ACTIVITY,3]
12-18 15:43:45.764  8856  8856 I wm_on_top_resumed_gained_called: [48042675,com.eg.android.AlipayGphone.AlipayLogin,topStateChangedWhenResumed]
12-18 15:43:46.042  3174  3174 I wm_on_stop_called: [0,7975822,com.miui.home.launcher.Launcher,STOP_ACTIVITY_ITEM,6]
12-18 15:43:46.655  3174  3174 I wm_on_restart_called: [0,7975822,com.miui.home.launcher.Launcher,performRestartActivity,0]
12-18 15:43:46.656  3174  3174 I wm_on_start_called: [0,7975822,com.miui.home.launcher.Launcher,handleStartActivity,1]
12-18 15:43:46.701  3174  9133 I com.miui.home: CheckGCForNative adj_start_bytes: 43647425 NativeAllocationGcWatermark: 11705155 java_gc_start_bytes: 26089693 kNewNativeDiscountFactor: 2 kOldNativeDiscountFactor: 65536 old_native_bytes: 127493161 new_native_bytes: 25551884 add_bytes_allowed: 35115465 is_gc_concurrent: 1 target_footprint_: 26532381 GetBytesAllocated: 18497296 HeapGrowthMultiplier: 3
12-18 15:43:46.701  3174  9133 I com.miui.home: CheckGCForNative gc_urgency 0.716541 current_native_bytes is 153045045
12-18 15:43:46.701  3174  9133 I com.miui.home: CheckGCForNative adj_start_bytes: 43647425 NativeAllocationGcWatermark: 11705155 java_gc_start_bytes: 26089693 kNewNativeDiscountFactor: 2 kOldNativeDiscountFactor: 65536 old_native_bytes: 127493161 new_native_bytes: 36259340 add_bytes_allowed: 35115465 is_gc_concurrent: 1 target_footprint_: 26532381 GetBytesAllocated: 18513872 HeapGrowthMultiplier: 3
12-18 15:43:46.701  3174  9133 I com.miui.home: CheckGCForNative gc_urgency 0.83958 current_native_bytes is 163752501
12-18 15:43:46.728  3174  9133 I com.miui.home: CheckGCForNative adj_start_bytes: 43647425 NativeAllocationGcWatermark: 11705155 java_gc_start_bytes: 26089693 kNewNativeDiscountFactor: 2 kOldNativeDiscountFactor: 65536 old_native_bytes: 127493161 new_native_bytes: 36260672 add_bytes_allowed: 35115465 is_gc_concurrent: 1 target_footprint_: 26532381 GetBytesAllocated: 18546640 HeapGrowthMultiplier: 3
12-18 15:43:46.729  3174  9133 I com.miui.home: CheckGCForNative gc_urgency 0.840346 current_native_bytes is 163753833
12-18 15:43:46.763  3174  3449 I com.miui.home: CheckGCForNative adj_start_bytes: 43647425 NativeAllocationGcWatermark: 11705155 java_gc_start_bytes: 26089693 kNewNativeDiscountFactor: 2 kOldNativeDiscountFactor: 65536 old_native_bytes: 127493161 new_native_bytes: 25664448 add_bytes_allowed: 35115465 is_gc_concurrent: 1 target_footprint_: 26532381 GetBytesAllocated: 18645232 HeapGrowthMultiplier: 3
12-18 15:43:46.763  3174  3449 I com.miui.home: CheckGCForNative gc_urgency 0.72122 current_native_bytes is 153157609
12-18 15:43:46.881  3174  3449 I com.miui.home: CheckGCForNative adj_start_bytes: 43647425 NativeAllocationGcWatermark: 11705155 java_gc_start_bytes: 26089693 kNewNativeDiscountFactor: 2 kOldNativeDiscountFactor: 65536 old_native_bytes: 127493161 new_native_bytes: 25663768 add_bytes_allowed: 35115465 is_gc_concurrent: 1 target_footprint_: 26532381 GetBytesAllocated: 18694384 HeapGrowthMultiplier: 3
12-18 15:43:46.881  3174  3449 I com.miui.home: CheckGCForNative gc_urgency 0.722338 current_native_bytes is 153156929
12-18 15:43:47.103  3174  3449 I com.miui.home: CheckGCForNative adj_start_bytes: 43647425 NativeAllocationGcWatermark: 11705155 java_gc_start_bytes: 26089693 kNewNativeDiscountFactor: 2 kOldNativeDiscountFactor: 65536 old_native_bytes: 127493161 new_native_bytes: 25664984 add_bytes_allowed: 35115465 is_gc_concurrent: 1 target_footprint_: 26532381 GetBytesAllocated: 18809072 HeapGrowthMultiplier: 3
12-18 15:43:47.103  3174  3449 I com.miui.home: CheckGCForNative gc_urgency 0.72498 current_native_bytes is 153158145
12-18 15:43:47.734  9087  9087 I wm_on_application_create_called: [0,com.eg.android.AlipayGphone,981]
12-18 15:43:47.786  3174  3663 I com.miui.home: CheckGCForNative adj_start_bytes: 43647425 NativeAllocationGcWatermark: 11705155 java_gc_start_bytes: 26089693 kNewNativeDiscountFactor: 2 kOldNativeDiscountFactor: 65536 old_native_bytes: 127493161 new_native_bytes: 25891800 add_bytes_allowed: 35115465 is_gc_concurrent: 1 target_footprint_: 26532381 GetBytesAllocated: 19399248 HeapGrowthMultiplier: 3
12-18 15:43:47.786  3174  3663 I com.miui.home: CheckGCForNative gc_urgency 0.7411 current_native_bytes is 153384961
12-18 15:43:47.819  8856  8856 I wm_on_top_resumed_lost_called: [48042675,com.eg.android.AlipayGphone.AlipayLogin,topStateChangedWhenResumed]
12-18 15:43:47.909  3174  3412 I com.miui.home: CheckGCForNative adj_start_bytes: 43647425 NativeAllocationGcWatermark: 11705155 java_gc_start_bytes: 26089693 kNewNativeDiscountFactor: 2 kOldNativeDiscountFactor: 65536 old_native_bytes: 127493161 new_native_bytes: 37084800 add_bytes_allowed: 35115465 is_gc_concurrent: 1 target_footprint_: 26532381 GetBytesAllocated: 19678000 HeapGrowthMultiplier: 3
12-18 15:43:47.909  3174  3412 I com.miui.home: CheckGCForNative gc_urgency 0.875707 current_native_bytes is 164577961
12-18 15:43:47.945  3174  3174 I wm_on_resume_called: [0,7975822,com.miui.home.launcher.Launcher,RESUME_ACTIVITY,67]
12-18 15:43:47.946  3174  3174 I wm_on_top_resumed_gained_called: [7975822,com.miui.home.launcher.Launcher,topWhenResuming]
