12-18 15:53:31.511 12762 12762 I wm_on_destroy_called: [0,15612427,com.android.packageinstaller.permission.ui.GrantPermissionsActivity,performDestroy,0]
12-18 15:53:31.529  3183  3622 I com.miui.home: CheckGCForNative adj_start_bytes: 44947581 NativeAllocationGcWatermark: 11819563 java_gc_start_bytes: 27218237 kNewNativeDiscountFactor: 2 kOldNativeDiscountFactor: 65536 old_native_bytes: 122590029 new_native_bytes: 5705784 add_bytes_allowed: 35458689 is_gc_concurrent: 1 target_footprint_: 27447645 GetBytesAllocated: 18292688 HeapGrowthMultiplier: 3
12-18 15:53:31.529  3183  3622 I com.miui.home: CheckGCForNative gc_urgency 0.470491 current_native_bytes is 128295813
12-18 15:53:31.881 12860 12860 I wm_on_application_create_called: [0,com.UCMobile,237]
12-18 15:53:32.149 12860 12860 I wm_on_create_called: [0,187466328,com.UCMobile.main.UCMobile,performCreate,253]
12-18 15:53:32.193  3183  3183 I wm_on_stop_called: [0,209285936,com.miui.home.launcher.Launcher,STOP_ACTIVITY_ITEM,4]
12-18 15:53:32.343 12860 12860 I wm_on_create_called: [0,168112504,com.uc.browser.InnerUCMobile,performCreate,86]
12-18 15:53:32.352 12860 12860 I wm_on_start_called: [0,168112504,com.uc.browser.InnerUCMobile,handleStartActivity,9]
12-18 15:53:32.364 12860 12860 I wm_on_resume_called: [0,168112504,com.uc.browser.InnerUCMobile,RESUME_ACTIVITY,12]
12-18 15:53:32.394  3183  3622 I com.miui.home: CheckGCForNative adj_start_bytes: 44947581 NativeAllocationGcWatermark: 11819563 java_gc_start_bytes: 27218237 kNewNativeDiscountFactor: 2 kOldNativeDiscountFactor: 65536 old_native_bytes: 122590029 new_native_bytes: 6280236 add_bytes_allowed: 35458689 is_gc_concurrent: 1 target_footprint_: 27447645 GetBytesAllocated: 18957168 HeapGrowthMultiplier: 3
12-18 15:53:32.394  3183  3622 I com.miui.home: CheckGCForNative gc_urgency 0.491665 current_native_bytes is 128870265
12-18 15:53:32.475  3183  3622 I com.miui.home: CheckGCForNative adj_start_bytes: 44947581 NativeAllocationGcWatermark: 11819563 java_gc_start_bytes: 27218237 kNewNativeDiscountFactor: 2 kOldNativeDiscountFactor: 65536 old_native_bytes: 122590029 new_native_bytes: 6517280 add_bytes_allowed: 35458689 is_gc_concurrent: 1 target_footprint_: 27447645 GetBytesAllocated: 19400112 HeapGrowthMultiplier: 3
12-18 15:53:32.475  3183  3622 I com.miui.home: CheckGCForNative gc_urgency 0.504157 current_native_bytes is 129107309
12-18 15:53:32.508 12860 12860 I wm_on_top_resumed_gained_called: [168112504,com.uc.browser.InnerUCMobile,topStateChangedWhenResumed]
12-18 15:53:32.591  3183  3183 I wm_on_restart_called: [0,209285936,com.miui.home.launcher.Launcher,performRestartActivity,0]
12-18 15:53:32.592  3183  3183 I wm_on_start_called: [0,209285936,com.miui.home.launcher.Launcher,handleStartActivity,1]
12-18 15:53:32.778  3183  3222 I com.miui.home: CheckGCForNative adj_start_bytes: 44947581 NativeAllocationGcWatermark: 11819563 java_gc_start_bytes: 27218237 kNewNativeDiscountFactor: 2 kOldNativeDiscountFactor: 65536 old_native_bytes: 122590029 new_native_bytes: 17837436 add_bytes_allowed: 35458689 is_gc_concurrent: 1 target_footprint_: 27447645 GetBytesAllocated: 20334416 HeapGrowthMultiplier: 3
12-18 15:53:32.778  3183  3222 I com.miui.home: CheckGCForNative gc_urgency 0.650869 current_native_bytes is 140427465
12-18 15:53:32.779  3183  3222 I com.miui.home: CheckGCForNative adj_start_bytes: 44947581 NativeAllocationGcWatermark: 11819563 java_gc_start_bytes: 27218237 kNewNativeDiscountFactor: 2 kOldNativeDiscountFactor: 65536 old_native_bytes: 122590029 new_native_bytes: 28540796 add_bytes_allowed: 35458689 is_gc_concurrent: 1 target_footprint_: 27447645 GetBytesAllocated: 20350992 HeapGrowthMultiplier: 3
12-18 15:53:32.779  3183  3222 I com.miui.home: CheckGCForNative gc_urgency 0.770303 current_native_bytes is 151130825
12-18 15:53:32.790  3183  3471 I com.miui.home: CheckGCForNative adj_start_bytes: 44947581 NativeAllocationGcWatermark: 11819563 java_gc_start_bytes: 27218237 kNewNativeDiscountFactor: 2 kOldNativeDiscountFactor: 65536 old_native_bytes: 122590029 new_native_bytes: 17838524 add_bytes_allowed: 35458689 is_gc_concurrent: 1 target_footprint_: 27447645 GetBytesAllocated: 20400240 HeapGrowthMultiplier: 3
12-18 15:53:32.790  3183  3471 I com.miui.home: CheckGCForNative gc_urgency 0.652346 current_native_bytes is 140428553
12-18 15:53:32.812  3183  3471 I com.miui.home: CheckGCForNative adj_start_bytes: 44947581 NativeAllocationGcWatermark: 11819563 java_gc_start_bytes: 27218237 kNewNativeDiscountFactor: 2 kOldNativeDiscountFactor: 65536 old_native_bytes: 122590029 new_native_bytes: 17853260 add_bytes_allowed: 35458689 is_gc_concurrent: 1 target_footprint_: 27447645 GetBytesAllocated: 20531536 HeapGrowthMultiplier: 3
12-18 15:53:32.812  3183  3471 I com.miui.home: CheckGCForNative gc_urgency 0.655431 current_native_bytes is 140443289
12-18 15:53:32.870  3183  3222 I com.miui.home: CheckGCForNative adj_start_bytes: 44947581 NativeAllocationGcWatermark: 11819563 java_gc_start_bytes: 27218237 kNewNativeDiscountFactor: 2 kOldNativeDiscountFactor: 65536 old_native_bytes: 122590029 new_native_bytes: 28568908 add_bytes_allowed: 35458689 is_gc_concurrent: 1 target_footprint_: 27447645 GetBytesAllocated: 20564368 HeapGrowthMultiplier: 3
12-18 15:53:32.870  3183  3222 I com.miui.home: CheckGCForNative gc_urgency 0.775363 current_native_bytes is 151158937
12-18 15:53:33.169  3183  3471 I com.miui.home: CheckGCForNative adj_start_bytes: 44947581 NativeAllocationGcWatermark: 11819563 java_gc_start_bytes: 27218237 kNewNativeDiscountFactor: 2 kOldNativeDiscountFactor: 65536 old_native_bytes: 122590029 new_native_bytes: 17842396 add_bytes_allowed: 35458689 is_gc_concurrent: 1 target_footprint_: 27447645 GetBytesAllocated: 20728400 HeapGrowthMultiplier: 3
12-18 15:53:33.169  3183  3471 I com.miui.home: CheckGCForNative gc_urgency 0.65969 current_native_bytes is 140432425
12-18 15:53:33.305  3183  3183 I wm_on_resume_called: [0,209285936,com.miui.home.launcher.Launcher,RESUME_ACTIVITY,5]
12-18 15:53:33.316  3183  3183 I wm_on_idle_called: com.miui.home.launcher.Launcher
12-18 15:53:33.545  3183  8071 I com.miui.home: CheckGCForNative adj_start_bytes: 44947581 NativeAllocationGcWatermark: 11819563 java_gc_start_bytes: 27218237 kNewNativeDiscountFactor: 2 kOldNativeDiscountFactor: 65536 old_native_bytes: 122590029 new_native_bytes: 17913832 add_bytes_allowed: 35458689 is_gc_concurrent: 1 target_footprint_: 27447645 GetBytesAllocated: 22024096 HeapGrowthMultiplier: 3
12-18 15:53:33.545  3183  8071 I com.miui.home: CheckGCForNative gc_urgency 0.689311 current_native_bytes is 140503861
12-18 15:53:33.562  3183  3183 I wm_on_paused_called: [0,209285936,com.miui.home.launcher.Launcher,performPause,1]
12-18 15:53:33.728  3183  3444 I com.miui.home: CheckGCForNative adj_start_bytes: 44947581 NativeAllocationGcWatermark: 11819563 java_gc_start_bytes: 27218237 kNewNativeDiscountFactor: 2 kOldNativeDiscountFactor: 65536 old_native_bytes: 122590029 new_native_bytes: 18059712 add_bytes_allowed: 35458689 is_gc_concurrent: 1 target_footprint_: 27447645 GetBytesAllocated: 22401616 HeapGrowthMultiplier: 3
12-18 15:53:33.728  3183  3444 I com.miui.home: CheckGCForNative gc_urgency 0.699333 current_native_bytes is 140649741
12-18 15:53:33.793  3183  3471 I com.miui.home: CheckGCForNative adj_start_bytes: 44947581 NativeAllocationGcWatermark: 11819563 java_gc_start_bytes: 27218237 kNewNativeDiscountFactor: 2 kOldNativeDiscountFactor: 65536 old_native_bytes: 122590029 new_native_bytes: 18213484 add_bytes_allowed: 35458689 is_gc_concurrent: 1 target_footprint_: 27447645 GetBytesAllocated: 22647440 HeapGrowthMultiplier: 3
12-18 15:53:33.793  3183  3471 I com.miui.home: CheckGCForNative gc_urgency 0.706513 current_native_bytes is 140803513
12-18 15:53:33.826  3183  3622 I com.miui.home: CheckGCForNative adj_start_bytes: 44947581 NativeAllocationGcWatermark: 11819563 java_gc_start_bytes: 27218237 kNewNativeDiscountFactor: 2 kOldNativeDiscountFactor: 65536 old_native_bytes: 122590029 new_native_bytes: 28981452 add_bytes_allowed: 35458689 is_gc_concurrent: 1 target_footprint_: 27447645 GetBytesAllocated: 22794896 HeapGrowthMultiplier: 3
12-18 15:53:33.826  3183  3622 I com.miui.home: CheckGCForNative gc_urgency 0.829577 current_native_bytes is 151571481
12-18 15:53:34.029  3183  3622 I com.miui.home: CheckGCForNative adj_start_bytes: 44947581 NativeAllocationGcWatermark: 11819563 java_gc_start_bytes: 27218237 kNewNativeDiscountFactor: 2 kOldNativeDiscountFactor: 65536 old_native_bytes: 122590029 new_native_bytes: 18253284 add_bytes_allowed: 35458689 is_gc_concurrent: 1 target_footprint_: 27447645 GetBytesAllocated: 23230000 HeapGrowthMultiplier: 3
12-18 15:53:34.029  3183  3622 I com.miui.home: CheckGCForNative gc_urgency 0.719917 current_native_bytes is 140843313
12-18 15:53:34.584 13175 13175 I wm_on_create_called: [0,247526966,com.tencent.mtt.SplashActivity,performCreate,143]
12-18 15:53:34.659 13175 13175 I wm_on_create_called: [0,120883604,com.tencent.mtt.MainActivity,performCreate,19]
12-18 15:53:34.663 13175 13175 I wm_on_start_called: [0,120883604,com.tencent.mtt.MainActivity,handleStartActivity,4]
12-18 15:53:34.783  3183  3622 I com.miui.home: CheckGCForNative adj_start_bytes: 44947581 NativeAllocationGcWatermark: 11819563 java_gc_start_bytes: 27218237 kNewNativeDiscountFactor: 2 kOldNativeDiscountFactor: 65536 old_native_bytes: 122590029 new_native_bytes: 18584664 add_bytes_allowed: 35458689 is_gc_concurrent: 1 target_footprint_: 27447645 GetBytesAllocated: 23705872 HeapGrowthMultiplier: 3
12-18 15:53:34.783  3183  3622 I com.miui.home: CheckGCForNative gc_urgency 0.73419 current_native_bytes is 141174693
12-18 15:53:34.951  3183  3622 I com.miui.home: CheckGCForNative adj_start_bytes: 44947581 NativeAllocationGcWatermark: 11819563 java_gc_start_bytes: 27218237 kNewNativeDiscountFactor: 2 kOldNativeDiscountFactor: 65536 old_native_bytes: 122590029 new_native_bytes: 18999516 add_bytes_allowed: 35458689 is_gc_concurrent: 1 target_footprint_: 27447645 GetBytesAllocated: 24214576 HeapGrowthMultiplier: 3
12-18 15:53:34.951  3183  3622 I com.miui.home: CheckGCForNative gc_urgency 0.750124 current_native_bytes is 141589545
12-18 15:53:35.072  3183  3222 I com.miui.home: CheckGCForNative adj_start_bytes: 44947581 NativeAllocationGcWatermark: 11819563 java_gc_start_bytes: 27218237 kNewNativeDiscountFactor: 2 kOldNativeDiscountFactor: 65536 old_native_bytes: 122590029 new_native_bytes: 29820820 add_bytes_allowed: 35458689 is_gc_concurrent: 1 target_footprint_: 27447645 GetBytesAllocated: 24935696 HeapGrowthMultiplier: 3
12-18 15:53:35.072  3183  3222 I com.miui.home: CheckGCForNative gc_urgency 0.886543 current_native_bytes is 152410849
12-18 15:53:35.072  3183  3222 I com.miui.home: CheckGCForNative adj_start_bytes: 44947581 NativeAllocationGcWatermark: 11819563 java_gc_start_bytes: 27218237 kNewNativeDiscountFactor: 2 kOldNativeDiscountFactor: 65536 old_native_bytes: 122590029 new_native_bytes: 40525588 add_bytes_allowed: 35458689 is_gc_concurrent: 1 target_footprint_: 27447645 GetBytesAllocated: 24952272 HeapGrowthMultiplier: 3
12-18 15:53:35.072  3183  3222 I com.miui.home: CheckGCForNative gc_urgency 1.00599 current_native_bytes is 163115617
12-18 15:53:35.072  3183  3222 I com.miui.home: CheckGCForNative requested 1
12-18 15:53:35.075  3183  3222 I com.miui.home: CheckGCForNative adj_start_bytes: 44947581 NativeAllocationGcWatermark: 11819563 java_gc_start_bytes: 27218237 kNewNativeDiscountFactor: 2 kOldNativeDiscountFactor: 65536 old_native_bytes: 122590029 new_native_bytes: 40526804 add_bytes_allowed: 35458689 is_gc_concurrent: 1 target_footprint_: 27447645 GetBytesAllocated: 24952272 HeapGrowthMultiplier: 3
12-18 15:53:35.075  3183  3222 I com.miui.home: CheckGCForNative gc_urgency 1.00601 current_native_bytes is 163116833
12-18 15:53:35.075  3183  3222 I com.miui.home: CheckGCForNative requested 1
12-18 15:53:35.097 13175 13175 I wm_on_resume_called: [0,120883604,com.tencent.mtt.MainActivity,RESUME_ACTIVITY,433]
12-18 15:53:35.105  3183  3471 I com.miui.home: CheckGCForNative adj_start_bytes: 44947581 NativeAllocationGcWatermark: 11819563 java_gc_start_bytes: 27218237 kNewNativeDiscountFactor: 2 kOldNativeDiscountFactor: 65536 old_native_bytes: 122590029 new_native_bytes: 29905908 add_bytes_allowed: 35458689 is_gc_concurrent: 1 target_footprint_: 27447645 GetBytesAllocated: 25034416 HeapGrowthMultiplier: 3
12-18 15:53:35.105  3183  3471 I com.miui.home: CheckGCForNative gc_urgency 0.889686 current_native_bytes is 152495937
12-18 15:53:35.161  3183  3471 I com.miui.home: CheckGCForNative adj_start_bytes: 44947581 NativeAllocationGcWatermark: 11819563 java_gc_start_bytes: 27218237 kNewNativeDiscountFactor: 2 kOldNativeDiscountFactor: 65536 old_native_bytes: 122590029 new_native_bytes: 29943044 add_bytes_allowed: 35458689 is_gc_concurrent: 1 target_footprint_: 27447645 GetBytesAllocated: 25083568 HeapGrowthMultiplier: 3
12-18 15:53:35.161  3183  3471 I com.miui.home: CheckGCForNative gc_urgency 0.891193 current_native_bytes is 152533073
12-18 15:53:35.184 13175 13175 I wm_on_top_resumed_gained_called: [120883604,com.tencent.mtt.MainActivity,topStateChangedWhenResumed]
12-18 15:53:35.188  3183  3622 I com.miui.home: CheckGCForNative adj_start_bytes: 44947581 NativeAllocationGcWatermark: 11819563 java_gc_start_bytes: 27218237 kNewNativeDiscountFactor: 2 kOldNativeDiscountFactor: 65536 old_native_bytes: 122590029 new_native_bytes: 40651844 add_bytes_allowed: 35458689 is_gc_concurrent: 1 target_footprint_: 27447645 GetBytesAllocated: 25116336 HeapGrowthMultiplier: 3
12-18 15:53:35.188  3183  3622 I com.miui.home: CheckGCForNative gc_urgency 1.01105 current_native_bytes is 163241873
12-18 15:53:35.188  3183  3622 I com.miui.home: CheckGCForNative requested 1
12-18 15:53:35.279  3183  3215 I com.miui.home: NativeAlloc concurrent copying GC freed 219203(10MB) AllocSpace objects, 18(632KB) LOS objects, 49% free, 13MB/26MB, paused 116us,75us total 206.786ms
12-18 15:53:35.518  3183  3471 I com.miui.home: CheckGCForNative gc_urgency 0 current_native_bytes is 111718809
12-18 15:53:35.639  3183  3183 I wm_on_resume_called: [0,209285936,com.miui.home.launcher.Launcher,RESUME_ACTIVITY,9]
12-18 15:53:35.700 13175 13175 I wm_on_top_resumed_lost_called: [120883604,com.tencent.mtt.MainActivity,topStateChangedWhenResumed]
12-18 15:53:35.775 13175 13175 I wm_on_paused_called: [0,120883604,com.tencent.mtt.MainActivity,performPause,2]
12-18 15:53:35.777  3183  3183 I wm_on_paused_called: [0,209285936,com.miui.home.launcher.Launcher,performPause,1]
12-18 15:53:35.880  3183  3183 I wm_on_idle_called: com.miui.home.launcher.Launcher
12-18 15:53:36.141  3183  3471 I com.miui.home: CheckGCForNative adj_start_bytes: 44967610 NativeAllocationGcWatermark: 11825161 java_gc_start_bytes: 27229869 kNewNativeDiscountFactor: 2 kOldNativeDiscountFactor: 65536 old_native_bytes: 111718809 new_native_bytes: 806068 add_bytes_allowed: 35475483 is_gc_concurrent: 1 target_footprint_: 27492429 GetBytesAllocated: 15796008 HeapGrowthMultiplier: 3
12-18 15:53:36.141  3183  3471 I com.miui.home: CheckGCForNative gc_urgency 0.360276 current_native_bytes is 112524877
12-18 15:53:36.189  3183  3622 I com.miui.home: CheckGCForNative adj_start_bytes: 44967610 NativeAllocationGcWatermark: 11825161 java_gc_start_bytes: 27229869 kNewNativeDiscountFactor: 2 kOldNativeDiscountFactor: 65536 old_native_bytes: 111718809 new_native_bytes: 2170644 add_bytes_allowed: 35475483 is_gc_concurrent: 1 target_footprint_: 27492429 GetBytesAllocated: 15894376 HeapGrowthMultiplier: 3
12-18 15:53:36.189  3183  3622 I com.miui.home: CheckGCForNative gc_urgency 0.377636 current_native_bytes is 113889453
12-18 15:53:36.246  3183  3622 I com.miui.home: CheckGCForNative adj_start_bytes: 44967610 NativeAllocationGcWatermark: 11825161 java_gc_start_bytes: 27229869 kNewNativeDiscountFactor: 2 kOldNativeDiscountFactor: 65536 old_native_bytes: 111718809 new_native_bytes: 2974880 add_bytes_allowed: 35475483 is_gc_concurrent: 1 target_footprint_: 27492429 GetBytesAllocated: 16009128 HeapGrowthMultiplier: 3
12-18 15:53:36.246  3183  3622 I com.miui.home: CheckGCForNative gc_urgency 0.389131 current_native_bytes is 114693689
12-18 15:53:36.256  3183  3622 I com.miui.home: CheckGCForNative adj_start_bytes: 44967610 NativeAllocationGcWatermark: 11825161 java_gc_start_bytes: 27229869 kNewNativeDiscountFactor: 2 kOldNativeDiscountFactor: 65536 old_native_bytes: 111718809 new_native_bytes: 2905000 add_bytes_allowed: 35475483 is_gc_concurrent: 1 target_footprint_: 27492429 GetBytesAllocated: 16042104 HeapGrowthMultiplier: 3
12-18 15:53:36.256  3183  3622 I com.miui.home: CheckGCForNative gc_urgency 0.389087 current_native_bytes is 114623809
12-18 15:53:36.288  3183  3622 I com.miui.home: CheckGCForNative adj_start_bytes: 44967610 NativeAllocationGcWatermark: 11825161 java_gc_start_bytes: 27229869 kNewNativeDiscountFactor: 2 kOldNativeDiscountFactor: 65536 old_native_bytes: 111718809 new_native_bytes: 4528312 add_bytes_allowed: 35475483 is_gc_concurrent: 1 target_footprint_: 27492429 GetBytesAllocated: 16189816 HeapGrowthMultiplier: 3
12-18 15:53:36.288  3183  3622 I com.miui.home: CheckGCForNative gc_urgency 0.410422 current_native_bytes is 116247121
12-18 15:53:36.290  3183  3622 I com.miui.home: CheckGCForNative adj_start_bytes: 44967610 NativeAllocationGcWatermark: 11825161 java_gc_start_bytes: 27229869 kNewNativeDiscountFactor: 2 kOldNativeDiscountFactor: 65536 old_native_bytes: 111718809 new_native_bytes: 15239640 add_bytes_allowed: 35475483 is_gc_concurrent: 1 target_footprint_: 27492429 GetBytesAllocated: 16189816 HeapGrowthMultiplier: 3
12-18 15:53:36.290  3183  3622 I com.miui.home: CheckGCForNative gc_urgency 0.529522 current_native_bytes is 126958449
12-18 15:53:36.329  3183  3622 I com.miui.home: CheckGCForNative adj_start_bytes: 44967610 NativeAllocationGcWatermark: 11825161 java_gc_start_bytes: 27229869 kNewNativeDiscountFactor: 2 kOldNativeDiscountFactor: 65536 old_native_bytes: 111718809 new_native_bytes: 5173304 add_bytes_allowed: 35475483 is_gc_concurrent: 1 target_footprint_: 27492429 GetBytesAllocated: 16551096 HeapGrowthMultiplier: 3
12-18 15:53:36.329  3183  3622 I com.miui.home: CheckGCForNative gc_urgency 0.425628 current_native_bytes is 116892113
12-18 15:53:36.770 13470 13470 I wm_on_application_create_called: [0,com.youku.phone,356]
12-18 15:53:37.110 13470 13470 I wm_on_create_called: [0,62955478,com.youku.phone.ActivityWelcome,performCreate,280]
12-18 15:53:37.351  3183  3622 I com.miui.home: CheckGCForNative adj_start_bytes: 44967610 NativeAllocationGcWatermark: 11825161 java_gc_start_bytes: 27229869 kNewNativeDiscountFactor: 2 kOldNativeDiscountFactor: 65536 old_native_bytes: 111718809 new_native_bytes: 5581856 add_bytes_allowed: 35475483 is_gc_concurrent: 1 target_footprint_: 27492429 GetBytesAllocated: 17633512 HeapGrowthMultiplier: 3
12-18 15:53:37.351  3183  3622 I com.miui.home: CheckGCForNative gc_urgency 0.454241 current_native_bytes is 117300665
12-18 15:53:37.464 13470 13470 I wm_on_create_called: [0,185486408,com.youku.v2.HomePageEntry,performCreate,278]
12-18 15:53:37.504  3183  3684 I com.miui.home: CheckGCForNative adj_start_bytes: 44967610 NativeAllocationGcWatermark: 11825161 java_gc_start_bytes: 27229869 kNewNativeDiscountFactor: 2 kOldNativeDiscountFactor: 65536 old_native_bytes: 111718809 new_native_bytes: 16513028 add_bytes_allowed: 35475483 is_gc_concurrent: 1 target_footprint_: 27492429 GetBytesAllocated: 17928808 HeapGrowthMultiplier: 3
12-18 15:53:37.504  3183  3684 I com.miui.home: CheckGCForNative gc_urgency 0.582353 current_native_bytes is 128231837
12-18 15:53:37.506  3183  3222 I com.miui.home: CheckGCForNative adj_start_bytes: 44967610 NativeAllocationGcWatermark: 11825161 java_gc_start_bytes: 27229869 kNewNativeDiscountFactor: 2 kOldNativeDiscountFactor: 65536 old_native_bytes: 111718809 new_native_bytes: 27218948 add_bytes_allowed: 35475483 is_gc_concurrent: 1 target_footprint_: 27492429 GetBytesAllocated: 17929000 HeapGrowthMultiplier: 3
12-18 15:53:37.506  3183  3222 I com.miui.home: CheckGCForNative gc_urgency 0.701398 current_native_bytes is 138937757
12-18 15:53:37.506  3183  3684 I com.miui.home: CheckGCForNative adj_start_bytes: 44967610 NativeAllocationGcWatermark: 11825161 java_gc_start_bytes: 27229869 kNewNativeDiscountFactor: 2 kOldNativeDiscountFactor: 65536 old_native_bytes: 111718809 new_native_bytes: 37924868 add_bytes_allowed: 35475483 is_gc_concurrent: 1 target_footprint_: 27492429 GetBytesAllocated: 17929000 HeapGrowthMultiplier: 3
12-18 15:53:37.506  3183  3684 I com.miui.home: CheckGCForNative gc_urgency 0.820807 current_native_bytes is 149643677
12-18 15:53:37.506  3183  3183 I com.miui.home: CheckGCForNative adj_start_bytes: 44967610 NativeAllocationGcWatermark: 11825161 java_gc_start_bytes: 27229869 kNewNativeDiscountFactor: 2 kOldNativeDiscountFactor: 65536 old_native_bytes: 111718809 new_native_bytes: 48631044 add_bytes_allowed: 35475483 is_gc_concurrent: 1 target_footprint_: 27492429 GetBytesAllocated: 17945576 HeapGrowthMultiplier: 3
12-18 15:53:37.506  3183  3183 I com.miui.home: CheckGCForNative gc_urgency 0.93985 current_native_bytes is 160349853
12-18 15:53:37.600  3183  3471 I com.miui.home: CheckGCForNative adj_start_bytes: 44967610 NativeAllocationGcWatermark: 11825161 java_gc_start_bytes: 27229869 kNewNativeDiscountFactor: 2 kOldNativeDiscountFactor: 65536 old_native_bytes: 111718809 new_native_bytes: 27349140 add_bytes_allowed: 35475483 is_gc_concurrent: 1 target_footprint_: 27492429 GetBytesAllocated: 18273880 HeapGrowthMultiplier: 3
12-18 15:53:37.600  3183  3471 I com.miui.home: CheckGCForNative gc_urgency 0.710515 current_native_bytes is 139067949
12-18 15:53:37.745  3183  3471 I com.miui.home: CheckGCForNative adj_start_bytes: 44967610 NativeAllocationGcWatermark: 11825161 java_gc_start_bytes: 27229869 kNewNativeDiscountFactor: 2 kOldNativeDiscountFactor: 65536 old_native_bytes: 111718809 new_native_bytes: 27455944 add_bytes_allowed: 35475483 is_gc_concurrent: 1 target_footprint_: 27492429 GetBytesAllocated: 18536024 HeapGrowthMultiplier: 3
12-18 15:53:37.745  3183  3471 I com.miui.home: CheckGCForNative gc_urgency 0.717532 current_native_bytes is 139174753
12-18 15:53:37.787  3183  3622 I com.miui.home: CheckGCForNative adj_start_bytes: 44967610 NativeAllocationGcWatermark: 11825161 java_gc_start_bytes: 27229869 kNewNativeDiscountFactor: 2 kOldNativeDiscountFactor: 65536 old_native_bytes: 111718809 new_native_bytes: 38165192 add_bytes_allowed: 35475483 is_gc_concurrent: 1 target_footprint_: 27492429 GetBytesAllocated: 18667480 HeapGrowthMultiplier: 3
12-18 15:53:37.787  3183  3622 I com.miui.home: CheckGCForNative gc_urgency 0.839533 current_native_bytes is 149884001
12-18 15:53:37.860 13470 13470 I wm_on_start_called: [0,185486408,com.youku.v2.HomePageEntry,handleStartActivity,395]
12-18 15:53:37.916 13470 13470 I wm_on_resume_called: [0,185486408,com.youku.v2.HomePageEntry,RESUME_ACTIVITY,53]
12-18 15:53:37.932 13470 13470 I wm_on_top_resumed_gained_called: [185486408,com.youku.v2.HomePageEntry,topStateChangedWhenResumed]
12-18 15:53:37.934  3183  3471 I com.miui.home: CheckGCForNative adj_start_bytes: 44967610 NativeAllocationGcWatermark: 11825161 java_gc_start_bytes: 27229869 kNewNativeDiscountFactor: 2 kOldNativeDiscountFactor: 65536 old_native_bytes: 111718809 new_native_bytes: 27472776 add_bytes_allowed: 35475483 is_gc_concurrent: 1 target_footprint_: 27492429 GetBytesAllocated: 18733208 HeapGrowthMultiplier: 3
12-18 15:53:37.934  3183  3471 I com.miui.home: CheckGCForNative gc_urgency 0.722104 current_native_bytes is 139191585
12-18 15:53:38.092  3183  3183 I wm_on_resume_called: [0,209285936,com.miui.home.launcher.Launcher,RESUME_ACTIVITY,26]
12-18 15:53:38.364  3183  8071 I com.miui.home: CheckGCForNative adj_start_bytes: 44967610 NativeAllocationGcWatermark: 11825161 java_gc_start_bytes: 27229869 kNewNativeDiscountFactor: 2 kOldNativeDiscountFactor: 65536 old_native_bytes: 111718809 new_native_bytes: 27548924 add_bytes_allowed: 35475483 is_gc_concurrent: 1 target_footprint_: 27492429 GetBytesAllocated: 20020584 HeapGrowthMultiplier: 3
12-18 15:53:38.364  3183  8071 I com.miui.home: CheckGCForNative gc_urgency 0.75158 current_native_bytes is 139267733
12-18 15:53:38.382  3183  3183 I wm_on_paused_called: [0,209285936,com.miui.home.launcher.Launcher,performPause,2]
12-18 15:53:38.438  3183  3183 I wm_on_idle_called: com.miui.home.launcher.Launcher
12-18 15:53:38.633  3183  3622 I com.miui.home: CheckGCForNative adj_start_bytes: 44967610 NativeAllocationGcWatermark: 11825161 java_gc_start_bytes: 27229869 kNewNativeDiscountFactor: 2 kOldNativeDiscountFactor: 65536 old_native_bytes: 111718809 new_native_bytes: 27769308 add_bytes_allowed: 35475483 is_gc_concurrent: 1 target_footprint_: 27492429 GetBytesAllocated: 20701368 HeapGrowthMultiplier: 3
12-18 15:53:38.634  3183  3622 I com.miui.home: CheckGCForNative gc_urgency 0.76917 current_native_bytes is 139488117
12-18 15:53:38.702  3183  3622 I com.miui.home: CheckGCForNative adj_start_bytes: 44967610 NativeAllocationGcWatermark: 11825161 java_gc_start_bytes: 27229869 kNewNativeDiscountFactor: 2 kOldNativeDiscountFactor: 65536 old_native_bytes: 111718809 new_native_bytes: 38647024 add_bytes_allowed: 35475483 is_gc_concurrent: 1 target_footprint_: 27492429 GetBytesAllocated: 20930744 HeapGrowthMultiplier: 3
12-18 15:53:38.702  3183  3622 I com.miui.home: CheckGCForNative gc_urgency 0.895221 current_native_bytes is 150365833
12-18 15:53:38.764  3183  8071 I com.miui.home: CheckGCForNative adj_start_bytes: 44967610 NativeAllocationGcWatermark: 11825161 java_gc_start_bytes: 27229869 kNewNativeDiscountFactor: 2 kOldNativeDiscountFactor: 65536 old_native_bytes: 111718809 new_native_bytes: 27817712 add_bytes_allowed: 35475483 is_gc_concurrent: 1 target_footprint_: 27492429 GetBytesAllocated: 21013016 HeapGrowthMultiplier: 3
12-18 15:53:38.764  3183  8071 I com.miui.home: CheckGCForNative gc_urgency 0.776639 current_native_bytes is 139536521
12-18 15:53:38.787  3183  8071 I com.miui.home: CheckGCForNative adj_start_bytes: 44967610 NativeAllocationGcWatermark: 11825161 java_gc_start_bytes: 27229869 kNewNativeDiscountFactor: 2 kOldNativeDiscountFactor: 65536 old_native_bytes: 111718809 new_native_bytes: 27818416 add_bytes_allowed: 35475483 is_gc_concurrent: 1 target_footprint_: 27492429 GetBytesAllocated: 21013016 HeapGrowthMultiplier: 3
12-18 15:53:38.787  3183  8071 I com.miui.home: CheckGCForNative gc_urgency 0.776646 current_native_bytes is 139537225
12-18 15:53:38.863  3183  3622 I com.miui.home: CheckGCForNative adj_start_bytes: 44967610 NativeAllocationGcWatermark: 11825161 java_gc_start_bytes: 27229869 kNewNativeDiscountFactor: 2 kOldNativeDiscountFactor: 65536 old_native_bytes: 111718809 new_native_bytes: 27971248 add_bytes_allowed: 35475483 is_gc_concurrent: 1 target_footprint_: 27492429 GetBytesAllocated: 21357688 HeapGrowthMultiplier: 3
12-18 15:53:38.863  3183  3622 I com.miui.home: CheckGCForNative gc_urgency 0.786011 current_native_bytes is 139690057
12-18 15:53:39.285 13907 13907 I wm_on_create_called: [0,160357986,com.ucpro.MainActivity,performCreate,88]
12-18 15:53:39.487  3183  3622 I com.miui.home: CheckGCForNative adj_start_bytes: 44967610 NativeAllocationGcWatermark: 11825161 java_gc_start_bytes: 27229869 kNewNativeDiscountFactor: 2 kOldNativeDiscountFactor: 65536 old_native_bytes: 111718809 new_native_bytes: 28274916 add_bytes_allowed: 35475483 is_gc_concurrent: 1 target_footprint_: 27492429 GetBytesAllocated: 21849976 HeapGrowthMultiplier: 3
12-18 15:53:39.487  3183  3622 I com.miui.home: CheckGCForNative gc_urgency 0.800335 current_native_bytes is 139993725
12-18 15:53:39.575  3183  3622 I com.miui.home: CheckGCForNative adj_start_bytes: 44967610 NativeAllocationGcWatermark: 11825161 java_gc_start_bytes: 27229869 kNewNativeDiscountFactor: 2 kOldNativeDiscountFactor: 65536 old_native_bytes: 111718809 new_native_bytes: 28668696 add_bytes_allowed: 35475483 is_gc_concurrent: 1 target_footprint_: 27492429 GetBytesAllocated: 22325864 HeapGrowthMultiplier: 3
12-18 15:53:39.575  3183  3622 I com.miui.home: CheckGCForNative gc_urgency 0.815296 current_native_bytes is 140387505
12-18 15:53:39.773 13907 13907 I wm_on_create_called: [0,4401694,com.ucpro.BrowserActivity,performCreate,419]
12-18 15:53:39.782 13907 13907 I wm_on_start_called: [0,4401694,com.ucpro.BrowserActivity,handleStartActivity,9]
12-18 15:53:39.790 13907 13907 I wm_on_resume_called: [0,4401694,com.ucpro.BrowserActivity,RESUME_ACTIVITY,6]
12-18 15:53:39.814 13907 13907 I wm_on_top_resumed_gained_called: [4401694,com.ucpro.BrowserActivity,topStateChangedWhenResumed]
12-18 15:53:40.086  3183  3222 I com.miui.home: CheckGCForNative adj_start_bytes: 44967610 NativeAllocationGcWatermark: 11825161 java_gc_start_bytes: 27229869 kNewNativeDiscountFactor: 2 kOldNativeDiscountFactor: 65536 old_native_bytes: 111718809 new_native_bytes: 39509928 add_bytes_allowed: 35475483 is_gc_concurrent: 1 target_footprint_: 27492429 GetBytesAllocated: 23030760 HeapGrowthMultiplier: 3
12-18 15:53:40.086  3183  3222 I com.miui.home: CheckGCForNative gc_urgency 0.951517 current_native_bytes is 151228737
12-18 15:53:40.104  3183  3222 I com.miui.home: CheckGCForNative adj_start_bytes: 44967610 NativeAllocationGcWatermark: 11825161 java_gc_start_bytes: 27229869 kNewNativeDiscountFactor: 2 kOldNativeDiscountFactor: 65536 old_native_bytes: 111718809 new_native_bytes: 50331960 add_bytes_allowed: 35475483 is_gc_concurrent: 1 target_footprint_: 27492429 GetBytesAllocated: 23063816 HeapGrowthMultiplier: 3
12-18 15:53:40.104  3183  3222 I com.miui.home: CheckGCForNative gc_urgency 1.07258 current_native_bytes is 162050769
12-18 15:53:40.104  3183  3222 I com.miui.home: CheckGCForNative requested 1
12-18 15:53:40.109  3183  3226 I com.miui.home: CheckGCForNative adj_start_bytes: 44967610 NativeAllocationGcWatermark: 11825161 java_gc_start_bytes: 27229869 kNewNativeDiscountFactor: 2 kOldNativeDiscountFactor: 65536 old_native_bytes: 111718809 new_native_bytes: 50333472 add_bytes_allowed: 35475483 is_gc_concurrent: 1 target_footprint_: 27492429 GetBytesAllocated: 23080200 HeapGrowthMultiplier: 3
12-18 15:53:40.109  3183  3226 I com.miui.home: CheckGCForNative gc_urgency 1.07296 current_native_bytes is 162052281
12-18 15:53:40.109  3183  3226 I com.miui.home: CheckGCForNative requested 1
12-18 15:53:40.338  3183  3215 I com.miui.home: NativeAlloc concurrent copying GC freed 176642(8545KB) AllocSpace objects, 20(736KB) LOS objects, 49% free, 13MB/26MB, paused 39us,32us total 233.344ms
12-18 15:53:40.363  3183  3471 I com.miui.home: CheckGCForNative gc_urgency 0 current_native_bytes is 126448605
12-18 15:53:40.530  3183  3471 I com.miui.home: CheckGCForNative gc_urgency 0 current_native_bytes is 123067757
12-18 15:53:40.625  3183  3183 I wm_on_resume_called: [0,209285936,com.miui.home.launcher.Launcher,RESUME_ACTIVITY,5]
12-18 15:53:40.627  3183  3183 I wm_on_idle_called: com.miui.home.launcher.Launcher
12-18 15:53:40.880  3183  3622 I com.miui.home: CheckGCForNative adj_start_bytes: 45013527 NativeAllocationGcWatermark: 11819623 java_gc_start_bytes: 27284093 kNewNativeDiscountFactor: 2 kOldNativeDiscountFactor: 65536 old_native_bytes: 123067757 new_native_bytes: 733776 add_bytes_allowed: 35458869 is_gc_concurrent: 1 target_footprint_: 27448125 GetBytesAllocated: 15372448 HeapGrowthMultiplier: 3
12-18 15:53:40.880  3183  3622 I com.miui.home: CheckGCForNative gc_urgency 0.3497 current_native_bytes is 123801533
12-18 15:53:40.898  3183  3622 I com.miui.home: CheckGCForNative adj_start_bytes: 45013527 NativeAllocationGcWatermark: 11819623 java_gc_start_bytes: 27284093 kNewNativeDiscountFactor: 2 kOldNativeDiscountFactor: 65536 old_native_bytes: 123067757 new_native_bytes: 2563848 add_bytes_allowed: 35458869 is_gc_concurrent: 1 target_footprint_: 27448125 GetBytesAllocated: 15454496 HeapGrowthMultiplier: 3
12-18 15:53:40.898  3183  3622 I com.miui.home: CheckGCForNative gc_urgency 0.37185 current_native_bytes is 125631605
12-18 15:53:40.940  3183  3622 I com.miui.home: CheckGCForNative adj_start_bytes: 45013527 NativeAllocationGcWatermark: 11819623 java_gc_start_bytes: 27284093 kNewNativeDiscountFactor: 2 kOldNativeDiscountFactor: 65536 old_native_bytes: 123067757 new_native_bytes: 4634820 add_bytes_allowed: 35458869 is_gc_concurrent: 1 target_footprint_: 27448125 GetBytesAllocated: 15700576 HeapGrowthMultiplier: 3
12-18 15:53:40.940  3183  3622 I com.miui.home: CheckGCForNative gc_urgency 0.400321 current_native_bytes is 127702577
12-18 15:53:40.942  3183  3622 I com.miui.home: CheckGCForNative adj_start_bytes: 45013527 NativeAllocationGcWatermark: 11819623 java_gc_start_bytes: 27284093 kNewNativeDiscountFactor: 2 kOldNativeDiscountFactor: 65536 old_native_bytes: 123067757 new_native_bytes: 15346020 add_bytes_allowed: 35458869 is_gc_concurrent: 1 target_footprint_: 27448125 GetBytesAllocated: 15716960 HeapGrowthMultiplier: 3
12-18 15:53:40.942  3183  3622 I com.miui.home: CheckGCForNative gc_urgency 0.519663 current_native_bytes is 138413777
12-18 15:53:40.963  3183  3622 I com.miui.home: CheckGCForNative adj_start_bytes: 45013527 NativeAllocationGcWatermark: 11819623 java_gc_start_bytes: 27284093 kNewNativeDiscountFactor: 2 kOldNativeDiscountFactor: 65536 old_native_bytes: 123067757 new_native_bytes: 4670948 add_bytes_allowed: 35458869 is_gc_concurrent: 1 target_footprint_: 27448125 GetBytesAllocated: 15930816 HeapGrowthMultiplier: 3
12-18 15:53:40.963  3183  3622 I com.miui.home: CheckGCForNative gc_urgency 0.405837 current_native_bytes is 127738705
12-18 15:53:41.079 13907 13907 I wm_on_top_resumed_lost_called: [4401694,com.ucpro.BrowserActivity,topStateChangedWhenResumed]
12-18 15:53:41.080  3183  3183 I wm_on_top_resumed_gained_called: [209285936,com.miui.home.launcher.Launcher,topStateChangedWhenResumed]
12-18 15:53:41.162 13907 13907 I wm_on_paused_called: [0,4401694,com.ucpro.BrowserActivity,performPause,82]
12-18 15:53:41.756  3183  3444 I com.miui.home: CheckGCForNative adj_start_bytes: 45013527 NativeAllocationGcWatermark: 11819623 java_gc_start_bytes: 27284093 kNewNativeDiscountFactor: 2 kOldNativeDiscountFactor: 65536 old_native_bytes: 123067757 new_native_bytes: 5370904 add_bytes_allowed: 35458869 is_gc_concurrent: 1 target_footprint_: 27448125 GetBytesAllocated: 16192960 HeapGrowthMultiplier: 3
12-18 15:53:41.756  3183  3444 I com.miui.home: CheckGCForNative gc_urgency 0.419436 current_native_bytes is 128438661
12-18 15:53:41.789 13907 13907 I wm_on_stop_called: [0,4401694,com.ucpro.BrowserActivity,STOP_ACTIVITY_ITEM,39]
12-18 15:53:41.799 13907 13907 I wm_on_destroy_called: [0,160357986,com.ucpro.MainActivity,performDestroy,5]
12-18 15:53:43.538 14398 14398 I wm_on_application_create_called: [0,com.quark.browser,310]
12-18 15:53:44.160 10157 10157 I wm_on_application_create_called: [0,com.xiaomi.account,31892]