12-18 16:01:49.201  3168  3168 I wm_on_top_resumed_lost_called: [141093280,com.miui.home.launcher.Launcher,topStateChangedWhenResumed]
12-18 16:01:49.205  3168  3168 I wm_on_paused_called: [0,141093280,com.miui.home.launcher.Launcher,performPause,1]
12-18 16:01:49.245  3168  3488 I com.miui.home: CheckGCForNative adj_start_bytes: 41800035 NativeAllocationGcWatermark: 11477891 java_gc_start_bytes: 24583199 kNewNativeDiscountFactor: 2 kOldNativeDiscountFactor: 65536 old_native_bytes: 75335925 new_native_bytes: 297116 add_bytes_allowed: 34433673 is_gc_concurrent: 1 target_footprint_: 24714271 GetBytesAllocated: 13144176 HeapGrowthMultiplier: 3
12-18 16:01:49.245  3168  3488 I com.miui.home: CheckGCForNative gc_urgency 0.318035 current_native_bytes is 75633041
12-18 16:01:49.482  3168  3654 I com.miui.home: CheckGCForNative adj_start_bytes: 41800035 NativeAllocationGcWatermark: 11477891 java_gc_start_bytes: 24583199 kNewNativeDiscountFactor: 2 kOldNativeDiscountFactor: 65536 old_native_bytes: 75335925 new_native_bytes: 1796420 add_bytes_allowed: 34433673 is_gc_concurrent: 1 target_footprint_: 24714271 GetBytesAllocated: 13677680 HeapGrowthMultiplier: 3
12-18 16:01:49.482  3168  3654 I com.miui.home: CheckGCForNative gc_urgency 0.348733 current_native_bytes is 77132345
12-18 16:01:49.544  3168  3654 I com.miui.home: CheckGCForNative adj_start_bytes: 41800035 NativeAllocationGcWatermark: 11477891 java_gc_start_bytes: 24583199 kNewNativeDiscountFactor: 2 kOldNativeDiscountFactor: 65536 old_native_bytes: 75335925 new_native_bytes: 2701092 add_bytes_allowed: 34433673 is_gc_concurrent: 1 target_footprint_: 24714271 GetBytesAllocated: 13776240 HeapGrowthMultiplier: 3
12-18 16:01:49.544  3168  3654 I com.miui.home: CheckGCForNative gc_urgency 0.361912 current_native_bytes is 78037017
12-18 16:01:49.548  3168  3654 I com.miui.home: CheckGCForNative adj_start_bytes: 41800035 NativeAllocationGcWatermark: 11477891 java_gc_start_bytes: 24583199 kNewNativeDiscountFactor: 2 kOldNativeDiscountFactor: 65536 old_native_bytes: 75335925 new_native_bytes: 3084740 add_bytes_allowed: 34433673 is_gc_concurrent: 1 target_footprint_: 24714271 GetBytesAllocated: 13776240 HeapGrowthMultiplier: 3
12-18 16:01:49.548  3168  3654 I com.miui.home: CheckGCForNative gc_urgency 0.366501 current_native_bytes is 78420665
12-18 16:01:49.574  3168  3497 I com.miui.home: CheckGCForNative adj_start_bytes: 41800035 NativeAllocationGcWatermark: 11477891 java_gc_start_bytes: 24583199 kNewNativeDiscountFactor: 2 kOldNativeDiscountFactor: 65536 old_native_bytes: 75335925 new_native_bytes: 3392932 add_bytes_allowed: 34433673 is_gc_concurrent: 1 target_footprint_: 24714271 GetBytesAllocated: 13776240 HeapGrowthMultiplier: 3
12-18 16:01:49.574  3168  3497 I com.miui.home: CheckGCForNative gc_urgency 0.370188 current_native_bytes is 78728857
12-18 16:01:49.650  3168  3654 I com.miui.home: CheckGCForNative adj_start_bytes: 41800035 NativeAllocationGcWatermark: 11477891 java_gc_start_bytes: 24583199 kNewNativeDiscountFactor: 2 kOldNativeDiscountFactor: 65536 old_native_bytes: 75335925 new_native_bytes: 3697836 add_bytes_allowed: 34433673 is_gc_concurrent: 1 target_footprint_: 24714271 GetBytesAllocated: 13891168 HeapGrowthMultiplier: 3
12-18 16:01:49.650  3168  3654 I com.miui.home: CheckGCForNative gc_urgency 0.376584 current_native_bytes is 79033761
12-18 16:01:49.653  3168  3654 I com.miui.home: CheckGCForNative adj_start_bytes: 41800035 NativeAllocationGcWatermark: 11477891 java_gc_start_bytes: 24583199 kNewNativeDiscountFactor: 2 kOldNativeDiscountFactor: 65536 old_native_bytes: 75335925 new_native_bytes: 4321004 add_bytes_allowed: 34433673 is_gc_concurrent: 1 target_footprint_: 24714271 GetBytesAllocated: 13891296 HeapGrowthMultiplier: 3
12-18 16:01:49.653  3168  3654 I com.miui.home: CheckGCForNative gc_urgency 0.384041 current_native_bytes is 79656929
12-18 16:01:49.656  3168  3654 I com.miui.home: CheckGCForNative adj_start_bytes: 41800035 NativeAllocationGcWatermark: 11477891 java_gc_start_bytes: 24583199 kNewNativeDiscountFactor: 2 kOldNativeDiscountFactor: 65536 old_native_bytes: 75335925 new_native_bytes: 4750572 add_bytes_allowed: 34433673 is_gc_concurrent: 1 target_footprint_: 24714271 GetBytesAllocated: 13891296 HeapGrowthMultiplier: 3
12-18 16:01:49.656  3168  3654 I com.miui.home: CheckGCForNative gc_urgency 0.38918 current_native_bytes is 80086497
12-18 16:01:49.672  3168  3654 I com.miui.home: CheckGCForNative adj_start_bytes: 41800035 NativeAllocationGcWatermark: 11477891 java_gc_start_bytes: 24583199 kNewNativeDiscountFactor: 2 kOldNativeDiscountFactor: 65536 old_native_bytes: 75335925 new_native_bytes: 5514924 add_bytes_allowed: 34433673 is_gc_concurrent: 1 target_footprint_: 24714271 GetBytesAllocated: 13924256 HeapGrowthMultiplier: 3
12-18 16:01:49.672  3168  3654 I com.miui.home: CheckGCForNative gc_urgency 0.399111 current_native_bytes is 80850849
12-18 16:01:49.673  3168  3654 I com.miui.home: CheckGCForNative adj_start_bytes: 41800035 NativeAllocationGcWatermark: 11477891 java_gc_start_bytes: 24583199 kNewNativeDiscountFactor: 2 kOldNativeDiscountFactor: 65536 old_native_bytes: 75335925 new_native_bytes: 5974060 add_bytes_allowed: 34433673 is_gc_concurrent: 1 target_footprint_: 24714271 GetBytesAllocated: 13924256 HeapGrowthMultiplier: 3
12-18 16:01:49.673  3168  3654 I com.miui.home: CheckGCForNative gc_urgency 0.404603 current_native_bytes is 81309985
12-18 16:01:49.698  3168  3654 I com.miui.home: CheckGCForNative adj_start_bytes: 41800035 NativeAllocationGcWatermark: 11477891 java_gc_start_bytes: 24583199 kNewNativeDiscountFactor: 2 kOldNativeDiscountFactor: 65536 old_native_bytes: 75335925 new_native_bytes: 6986604 add_bytes_allowed: 34433673 is_gc_concurrent: 1 target_footprint_: 24714271 GetBytesAllocated: 13957088 HeapGrowthMultiplier: 3
12-18 16:01:49.699  3168  3654 I com.miui.home: CheckGCForNative gc_urgency 0.417501 current_native_bytes is 82322529
12-18 16:01:49.785  3168  3654 I com.miui.home: CheckGCForNative adj_start_bytes: 41800035 NativeAllocationGcWatermark: 11477891 java_gc_start_bytes: 24583199 kNewNativeDiscountFactor: 2 kOldNativeDiscountFactor: 65536 old_native_bytes: 75335925 new_native_bytes: 7966036 add_bytes_allowed: 34433673 is_gc_concurrent: 1 target_footprint_: 24714271 GetBytesAllocated: 14022864 HeapGrowthMultiplier: 3
12-18 16:01:49.786  3168  3654 I com.miui.home: CheckGCForNative gc_urgency 0.43079 current_native_bytes is 83301961
12-18 16:01:49.794  3168  3654 I com.miui.home: CheckGCForNative adj_start_bytes: 41800035 NativeAllocationGcWatermark: 11477891 java_gc_start_bytes: 24583199 kNewNativeDiscountFactor: 2 kOldNativeDiscountFactor: 65536 old_native_bytes: 75335925 new_native_bytes: 8735060 add_bytes_allowed: 34433673 is_gc_concurrent: 1 target_footprint_: 24714271 GetBytesAllocated: 14022864 HeapGrowthMultiplier: 3
12-18 16:01:49.795  3168  3654 I com.miui.home: CheckGCForNative gc_urgency 0.439989 current_native_bytes is 84070985
12-18 16:01:49.844  3168  3654 I com.miui.home: CheckGCForNative adj_start_bytes: 41800035 NativeAllocationGcWatermark: 11477891 java_gc_start_bytes: 24583199 kNewNativeDiscountFactor: 2 kOldNativeDiscountFactor: 65536 old_native_bytes: 75335925 new_native_bytes: 9114732 add_bytes_allowed: 34433673 is_gc_concurrent: 1 target_footprint_: 24714271 GetBytesAllocated: 14072192 HeapGrowthMultiplier: 3
12-18 16:01:49.845  3168  3654 I com.miui.home: CheckGCForNative gc_urgency 0.44571 current_native_bytes is 84450657
12-18 16:01:49.851  3168  3654 I com.miui.home: CheckGCForNative adj_start_bytes: 41800035 NativeAllocationGcWatermark: 11477891 java_gc_start_bytes: 24583199 kNewNativeDiscountFactor: 2 kOldNativeDiscountFactor: 65536 old_native_bytes: 75335925 new_native_bytes: 9511276 add_bytes_allowed: 34433673 is_gc_concurrent: 1 target_footprint_: 24714271 GetBytesAllocated: 14072192 HeapGrowthMultiplier: 3
12-18 16:01:49.851  3168  3654 I com.miui.home: CheckGCForNative gc_urgency 0.450454 current_native_bytes is 84847201
12-18 16:01:49.891  3168  3654 I com.miui.home: CheckGCForNative adj_start_bytes: 41800035 NativeAllocationGcWatermark: 11477891 java_gc_start_bytes: 24583199 kNewNativeDiscountFactor: 2 kOldNativeDiscountFactor: 65536 old_native_bytes: 75335925 new_native_bytes: 10069068 add_bytes_allowed: 34433673 is_gc_concurrent: 1 target_footprint_: 24714271 GetBytesAllocated: 14105136 HeapGrowthMultiplier: 3
12-18 16:01:49.891  3168  3654 I com.miui.home: CheckGCForNative gc_urgency 0.457914 current_native_bytes is 85404993
12-18 16:01:49.912  3168  3654 I com.miui.home: CheckGCForNative adj_start_bytes: 41800035 NativeAllocationGcWatermark: 11477891 java_gc_start_bytes: 24583199 kNewNativeDiscountFactor: 2 kOldNativeDiscountFactor: 65536 old_native_bytes: 75335925 new_native_bytes: 10590444 add_bytes_allowed: 34433673 is_gc_concurrent: 1 target_footprint_: 24714271 GetBytesAllocated: 14138080 HeapGrowthMultiplier: 3
12-18 16:01:49.912  3168  3654 I com.miui.home: CheckGCForNative gc_urgency 0.464939 current_native_bytes is 85926369
12-18 16:01:49.918  3168  3654 I com.miui.home: CheckGCForNative adj_start_bytes: 41800035 NativeAllocationGcWatermark: 11477891 java_gc_start_bytes: 24583199 kNewNativeDiscountFactor: 2 kOldNativeDiscountFactor: 65536 old_native_bytes: 75335925 new_native_bytes: 10986764 add_bytes_allowed: 34433673 is_gc_concurrent: 1 target_footprint_: 24714271 GetBytesAllocated: 14138080 HeapGrowthMultiplier: 3
12-18 16:01:49.918  3168  3654 I com.miui.home: CheckGCForNative gc_urgency 0.469679 current_native_bytes is 86322689
12-18 16:01:50.061  3168  3654 I com.miui.home: CheckGCForNative adj_start_bytes: 41800035 NativeAllocationGcWatermark: 11477891 java_gc_start_bytes: 24583199 kNewNativeDiscountFactor: 2 kOldNativeDiscountFactor: 65536 old_native_bytes: 75335925 new_native_bytes: 12857256 add_bytes_allowed: 34433673 is_gc_concurrent: 1 target_footprint_: 24714271 GetBytesAllocated: 14286880 HeapGrowthMultiplier: 3
12-18 16:01:50.061  3168  3654 I com.miui.home: CheckGCForNative gc_urgency 0.495613 current_native_bytes is 88193181
12-18 16:01:50.134  3168  3654 I com.miui.home: CheckGCForNative adj_start_bytes: 41800035 NativeAllocationGcWatermark: 11477891 java_gc_start_bytes: 24583199 kNewNativeDiscountFactor: 2 kOldNativeDiscountFactor: 65536 old_native_bytes: 75335925 new_native_bytes: 23568584 add_bytes_allowed: 34433673 is_gc_concurrent: 1 target_footprint_: 24714271 GetBytesAllocated: 14303264 HeapGrowthMultiplier: 3
12-18 16:01:50.134  3168  3654 I com.miui.home: CheckGCForNative gc_urgency 0.624131 current_native_bytes is 98904509
12-18 16:01:50.136  3168  3654 I com.miui.home: CheckGCForNative adj_start_bytes: 41800035 NativeAllocationGcWatermark: 11477891 java_gc_start_bytes: 24583199 kNewNativeDiscountFactor: 2 kOldNativeDiscountFactor: 65536 old_native_bytes: 75335925 new_native_bytes: 34274504 add_bytes_allowed: 34433673 is_gc_concurrent: 1 target_footprint_: 24714271 GetBytesAllocated: 14319840 HeapGrowthMultiplier: 3
12-18 16:01:50.136  3168  3654 I com.miui.home: CheckGCForNative gc_urgency 0.752589 current_native_bytes is 109610429
12-18 16:01:50.190  3168  3654 I com.miui.home: CheckGCForNative adj_start_bytes: 41800035 NativeAllocationGcWatermark: 11477891 java_gc_start_bytes: 24583199 kNewNativeDiscountFactor: 2 kOldNativeDiscountFactor: 65536 old_native_bytes: 75335925 new_native_bytes: 34275656 add_bytes_allowed: 34433673 is_gc_concurrent: 1 target_footprint_: 24714271 GetBytesAllocated: 14319840 HeapGrowthMultiplier: 3
12-18 16:01:50.190  3168  3654 I com.miui.home: CheckGCForNative gc_urgency 0.752603 current_native_bytes is 109611581
12-18 16:01:50.191  3168  3654 I com.miui.home: CheckGCForNative adj_start_bytes: 41800035 NativeAllocationGcWatermark: 11477891 java_gc_start_bytes: 24583199 kNewNativeDiscountFactor: 2 kOldNativeDiscountFactor: 65536 old_native_bytes: 75335925 new_native_bytes: 44981576 add_bytes_allowed: 34433673 is_gc_concurrent: 1 target_footprint_: 24714271 GetBytesAllocated: 14320032 HeapGrowthMultiplier: 3
12-18 16:01:50.191  3168  3654 I com.miui.home: CheckGCForNative gc_urgency 0.880668 current_native_bytes is 120317501
12-18 16:01:50.214  3168  3654 I com.miui.home: CheckGCForNative adj_start_bytes: 41800035 NativeAllocationGcWatermark: 11477891 java_gc_start_bytes: 24583199 kNewNativeDiscountFactor: 2 kOldNativeDiscountFactor: 65536 old_native_bytes: 75335925 new_native_bytes: 34339272 add_bytes_allowed: 34433673 is_gc_concurrent: 1 target_footprint_: 24714271 GetBytesAllocated: 14451200 HeapGrowthMultiplier: 3
12-18 16:01:50.215  3168  3654 I com.miui.home: CheckGCForNative gc_urgency 0.756506 current_native_bytes is 109675197
12-18 16:01:50.272  3168  3654 I com.miui.home: CheckGCForNative adj_start_bytes: 41800035 NativeAllocationGcWatermark: 11477891 java_gc_start_bytes: 24583199 kNewNativeDiscountFactor: 2 kOldNativeDiscountFactor: 65536 old_native_bytes: 75335925 new_native_bytes: 35123292 add_bytes_allowed: 34433673 is_gc_concurrent: 1 target_footprint_: 24714271 GetBytesAllocated: 14713344 HeapGrowthMultiplier: 3
12-18 16:01:50.272  3168  3654 I com.miui.home: CheckGCForNative gc_urgency 0.772156 current_native_bytes is 110459217
12-18 16:01:50.313  7738  7738 I wm_on_application_create_called: [0,com.autonavi.minimap,376]
12-18 16:01:50.483  7648  7648 I wm_on_application_create_called: [0,com.autonavi.minimap,912]
12-18 16:01:50.690  7648  7648 I wm_on_create_called: [0,237055620,com.autonavi.map.activity.SplashActivity,performCreate,188]
12-18 16:01:50.828  7648  7648 I wm_on_create_called: [0,266600826,com.autonavi.map.activity.NewMapActivity,performCreate,94]
12-18 16:01:50.835  7648  7648 I wm_on_start_called: [0,266600826,com.autonavi.map.activity.NewMapActivity,handleStartActivity,7]
12-18 16:01:50.842  7648  7648 I wm_on_resume_called: [0,266600826,com.autonavi.map.activity.NewMapActivity,RESUME_ACTIVITY,6]
12-18 16:01:50.887  7648  7648 I wm_on_top_resumed_gained_called: [266600826,com.autonavi.map.activity.NewMapActivity,topStateChangedWhenResumed]
12-18 16:01:51.020  3168  3654 I com.miui.home: CheckGCForNative adj_start_bytes: 41800035 NativeAllocationGcWatermark: 11477891 java_gc_start_bytes: 24583199 kNewNativeDiscountFactor: 2 kOldNativeDiscountFactor: 65536 old_native_bytes: 75335925 new_native_bytes: 35550372 add_bytes_allowed: 34433673 is_gc_concurrent: 1 target_footprint_: 24714271 GetBytesAllocated: 15746480 HeapGrowthMultiplier: 3
12-18 16:01:51.020  3168  3654 I com.miui.home: CheckGCForNative gc_urgency 0.801981 current_native_bytes is 110886297
12-18 16:01:51.045  3168  7148 I com.miui.home: CheckGCForNative adj_start_bytes: 41800035 NativeAllocationGcWatermark: 11477891 java_gc_start_bytes: 24583199 kNewNativeDiscountFactor: 2 kOldNativeDiscountFactor: 65536 old_native_bytes: 75335925 new_native_bytes: 46260644 add_bytes_allowed: 34433673 is_gc_concurrent: 1 target_footprint_: 24714271 GetBytesAllocated: 15762864 HeapGrowthMultiplier: 3
12-18 16:01:51.045  3168  7148 I com.miui.home: CheckGCForNative gc_urgency 0.930486 current_native_bytes is 121596569
12-18 16:01:51.047  3168  7148 I com.miui.home: CheckGCForNative adj_start_bytes: 41800035 NativeAllocationGcWatermark: 11477891 java_gc_start_bytes: 24583199 kNewNativeDiscountFactor: 2 kOldNativeDiscountFactor: 65536 old_native_bytes: 75335925 new_native_bytes: 67672484 add_bytes_allowed: 34433673 is_gc_concurrent: 1 target_footprint_: 24714271 GetBytesAllocated: 15779456 HeapGrowthMultiplier: 3
12-18 16:01:51.047  3168  7148 I com.miui.home: CheckGCForNative gc_urgency 1.187 current_native_bytes is 143008409
12-18 16:01:51.047  3168  7148 I com.miui.home: CheckGCForNative requested 1
12-18 16:01:51.048  3168  3217 I com.miui.home: CheckGCForNative adj_start_bytes: 41800035 NativeAllocationGcWatermark: 11477891 java_gc_start_bytes: 24583199 kNewNativeDiscountFactor: 2 kOldNativeDiscountFactor: 65536 old_native_bytes: 75335925 new_native_bytes: 56965540 add_bytes_allowed: 34433673 is_gc_concurrent: 1 target_footprint_: 24714271 GetBytesAllocated: 15779456 HeapGrowthMultiplier: 3
12-18 16:01:51.048  3168  3217 I com.miui.home: CheckGCForNative gc_urgency 1.05893 current_native_bytes is 132301465
12-18 16:01:51.048  3168  3217 I com.miui.home: CheckGCForNative requested 1
12-18 16:01:51.102  3168  3654 I com.miui.home: CheckGCForNative adj_start_bytes: 41800035 NativeAllocationGcWatermark: 11477891 java_gc_start_bytes: 24583199 kNewNativeDiscountFactor: 2 kOldNativeDiscountFactor: 65536 old_native_bytes: 75335925 new_native_bytes: 56996820 add_bytes_allowed: 34433673 is_gc_concurrent: 1 target_footprint_: 24714271 GetBytesAllocated: 15910768 HeapGrowthMultiplier: 3
12-18 16:01:51.102  3168  3654 I com.miui.home: CheckGCForNative gc_urgency 1.06245 current_native_bytes is 132332745
12-18 16:01:51.102  3168  3654 I com.miui.home: CheckGCForNative requested 1
12-18 16:01:51.187  3168  3212 I com.miui.home: NativeAlloc concurrent copying GC freed 60029(3078KB) AllocSpace objects, 3(124KB) LOS objects, 49% free, 12MB/24MB, paused 149us,90us total 138.495ms
12-18 16:01:51.191  3168  3654 I com.miui.home: CheckGCForNative gc_urgency 0 current_native_bytes is 117228513
12-18 16:01:51.194  3168  3654 I com.miui.home: CheckGCForNative adj_start_bytes: 42946531 NativeAllocationGcWatermark: 11636579 java_gc_start_bytes: 25491663 kNewNativeDiscountFactor: 2 kOldNativeDiscountFactor: 65536 old_native_bytes: 117228513 new_native_bytes: 121208 add_bytes_allowed: 34909737 is_gc_concurrent: 1 target_footprint_: 25983775 GetBytesAllocated: 13008384 HeapGrowthMultiplier: 3
12-18 16:01:51.194  3168  3654 I com.miui.home: CheckGCForNative gc_urgency 0.30435 current_native_bytes is 117349721
12-18 16:01:51.220  3168  3497 I com.miui.home: CheckGCForNative gc_urgency 0 current_native_bytes is 112995933
12-18 16:01:51.224  3168  3654 I com.miui.home: CheckGCForNative gc_urgency 0 current_native_bytes is 112341277
12-18 16:01:51.257  3168  3654 I com.miui.home: CheckGCForNative adj_start_bytes: 42946531 NativeAllocationGcWatermark: 11636579 java_gc_start_bytes: 25491663 kNewNativeDiscountFactor: 2 kOldNativeDiscountFactor: 65536 old_native_bytes: 112341277 new_native_bytes: 1225320 add_bytes_allowed: 34909737 is_gc_concurrent: 1 target_footprint_: 25983775 GetBytesAllocated: 13139776 HeapGrowthMultiplier: 3
12-18 16:01:51.257  3168  3654 I com.miui.home: CheckGCForNative gc_urgency 0.320262 current_native_bytes is 113566597
12-18 16:01:51.262  3168  3654 I com.miui.home: CheckGCForNative adj_start_bytes: 42946531 NativeAllocationGcWatermark: 11636579 java_gc_start_bytes: 25491663 kNewNativeDiscountFactor: 2 kOldNativeDiscountFactor: 65536 old_native_bytes: 112341277 new_native_bytes: 1897704 add_bytes_allowed: 34909737 is_gc_concurrent: 1 target_footprint_: 25983775 GetBytesAllocated: 13139776 HeapGrowthMultiplier: 3
12-18 16:01:51.262  3168  3654 I com.miui.home: CheckGCForNative gc_urgency 0.32809 current_native_bytes is 114238981
12-18 16:01:51.272  3168  3654 I com.miui.home: CheckGCForNative adj_start_bytes: 42946531 NativeAllocationGcWatermark: 11636579 java_gc_start_bytes: 25491663 kNewNativeDiscountFactor: 2 kOldNativeDiscountFactor: 65536 old_native_bytes: 112341277 new_native_bytes: 2374720 add_bytes_allowed: 34909737 is_gc_concurrent: 1 target_footprint_: 25983775 GetBytesAllocated: 13172784 HeapGrowthMultiplier: 3
12-18 16:01:51.273  3168  3654 I com.miui.home: CheckGCForNative gc_urgency 0.334413 current_native_bytes is 114715997
12-18 16:01:51.275  3168  3654 I com.miui.home: CheckGCForNative adj_start_bytes: 42946531 NativeAllocationGcWatermark: 11636579 java_gc_start_bytes: 25491663 kNewNativeDiscountFactor: 2 kOldNativeDiscountFactor: 65536 old_native_bytes: 112341277 new_native_bytes: 2771264 add_bytes_allowed: 34909737 is_gc_concurrent: 1 target_footprint_: 25983775 GetBytesAllocated: 13172784 HeapGrowthMultiplier: 3
12-18 16:01:51.275  3168  3654 I com.miui.home: CheckGCForNative gc_urgency 0.339029 current_native_bytes is 115112541
12-18 16:01:51.283  3168  3654 I com.miui.home: CheckGCForNative adj_start_bytes: 42946531 NativeAllocationGcWatermark: 11636579 java_gc_start_bytes: 25491663 kNewNativeDiscountFactor: 2 kOldNativeDiscountFactor: 65536 old_native_bytes: 112341277 new_native_bytes: 3329728 add_bytes_allowed: 34909737 is_gc_concurrent: 1 target_footprint_: 25983775 GetBytesAllocated: 13205776 HeapGrowthMultiplier: 3
12-18 16:01:51.283  3168  3654 I com.miui.home: CheckGCForNative gc_urgency 0.346299 current_native_bytes is 115671005
12-18 16:01:51.290  3168  3654 I com.miui.home: CheckGCForNative adj_start_bytes: 42946531 NativeAllocationGcWatermark: 11636579 java_gc_start_bytes: 25491663 kNewNativeDiscountFactor: 2 kOldNativeDiscountFactor: 65536 old_native_bytes: 112341277 new_native_bytes: 3852832 add_bytes_allowed: 34909737 is_gc_concurrent: 1 target_footprint_: 25983775 GetBytesAllocated: 13255136 HeapGrowthMultiplier: 3
12-18 16:01:51.290  3168  3654 I com.miui.home: CheckGCForNative gc_urgency 0.353539 current_native_bytes is 116194109
12-18 16:01:51.294  3168  3654 I com.miui.home: CheckGCForNative adj_start_bytes: 42946531 NativeAllocationGcWatermark: 11636579 java_gc_start_bytes: 25491663 kNewNativeDiscountFactor: 2 kOldNativeDiscountFactor: 65536 old_native_bytes: 112341277 new_native_bytes: 4249152 add_bytes_allowed: 34909737 is_gc_concurrent: 1 target_footprint_: 25983775 GetBytesAllocated: 13255136 HeapGrowthMultiplier: 3
12-18 16:01:51.294  3168  3654 I com.miui.home: CheckGCForNative gc_urgency 0.358153 current_native_bytes is 116590429
12-18 16:01:51.308  3168  3654 I com.miui.home: CheckGCForNative adj_start_bytes: 42946531 NativeAllocationGcWatermark: 11636579 java_gc_start_bytes: 25491663 kNewNativeDiscountFactor: 2 kOldNativeDiscountFactor: 65536 old_native_bytes: 112341277 new_native_bytes: 5200084 add_bytes_allowed: 34909737 is_gc_concurrent: 1 target_footprint_: 25983775 GetBytesAllocated: 13305440 HeapGrowthMultiplier: 3
12-18 16:01:51.308  3168  3654 I com.miui.home: CheckGCForNative gc_urgency 0.370395 current_native_bytes is 117541361
12-18 16:01:51.323  3168  3654 I com.miui.home: CheckGCForNative adj_start_bytes: 42946531 NativeAllocationGcWatermark: 11636579 java_gc_start_bytes: 25491663 kNewNativeDiscountFactor: 2 kOldNativeDiscountFactor: 65536 old_native_bytes: 112341277 new_native_bytes: 5128548 add_bytes_allowed: 34909737 is_gc_concurrent: 1 target_footprint_: 25983775 GetBytesAllocated: 13354656 HeapGrowthMultiplier: 3
12-18 16:01:51.323  3168  3654 I com.miui.home: CheckGCForNative gc_urgency 0.370708 current_native_bytes is 117469825
12-18 16:01:51.349  3168  3654 I com.miui.home: CheckGCForNative adj_start_bytes: 42946531 NativeAllocationGcWatermark: 11636579 java_gc_start_bytes: 25491663 kNewNativeDiscountFactor: 2 kOldNativeDiscountFactor: 65536 old_native_bytes: 112341277 new_native_bytes: 6123804 add_bytes_allowed: 34909737 is_gc_concurrent: 1 target_footprint_: 25983775 GetBytesAllocated: 13420320 HeapGrowthMultiplier: 3
12-18 16:01:51.350  3168  3654 I com.miui.home: CheckGCForNative gc_urgency 0.383825 current_native_bytes is 118465081
12-18 16:01:51.749  3168  8103 I com.miui.home: CheckGCForNative adj_start_bytes: 42946531 NativeAllocationGcWatermark: 11636579 java_gc_start_bytes: 25491663 kNewNativeDiscountFactor: 2 kOldNativeDiscountFactor: 65536 old_native_bytes: 112341277 new_native_bytes: 6120300 add_bytes_allowed: 34909737 is_gc_concurrent: 1 target_footprint_: 25983775 GetBytesAllocated: 13928720 HeapGrowthMultiplier: 3
12-18 16:01:51.749  3168  8103 I com.miui.home: CheckGCForNative gc_urgency 0.395622 current_native_bytes is 118461577
12-18 16:01:51.852  3168  3654 I com.miui.home: CheckGCForNative adj_start_bytes: 42946531 NativeAllocationGcWatermark: 11636579 java_gc_start_bytes: 25491663 kNewNativeDiscountFactor: 2 kOldNativeDiscountFactor: 65536 old_native_bytes: 112341277 new_native_bytes: 6932428 add_bytes_allowed: 34909737 is_gc_concurrent: 1 target_footprint_: 25983775 GetBytesAllocated: 14256496 HeapGrowthMultiplier: 3
12-18 16:01:51.853  3168  3654 I com.miui.home: CheckGCForNative gc_urgency 0.412709 current_native_bytes is 119273705
12-18 16:01:51.873  3168  3654 I com.miui.home: CheckGCForNative adj_start_bytes: 42946531 NativeAllocationGcWatermark: 11636579 java_gc_start_bytes: 25491663 kNewNativeDiscountFactor: 2 kOldNativeDiscountFactor: 65536 old_native_bytes: 112341277 new_native_bytes: 17730368 add_bytes_allowed: 34909737 is_gc_concurrent: 1 target_footprint_: 25983775 GetBytesAllocated: 14387568 HeapGrowthMultiplier: 3
12-18 16:01:51.873  3168  3654 I com.miui.home: CheckGCForNative gc_urgency 0.541475 current_native_bytes is 130071645
12-18 16:01:51.996  3168  3654 I com.miui.home: CheckGCForNative adj_start_bytes: 42946531 NativeAllocationGcWatermark: 11636579 java_gc_start_bytes: 25491663 kNewNativeDiscountFactor: 2 kOldNativeDiscountFactor: 65536 old_native_bytes: 112341277 new_native_bytes: 7283668 add_bytes_allowed: 34909737 is_gc_concurrent: 1 target_footprint_: 25983775 GetBytesAllocated: 14846624 HeapGrowthMultiplier: 3
12-18 16:01:51.997  3168  3654 I com.miui.home: CheckGCForNative gc_urgency 0.430539 current_native_bytes is 119624945
12-18 16:01:52.018  3168  3654 I com.miui.home: CheckGCForNative adj_start_bytes: 42946531 NativeAllocationGcWatermark: 11636579 java_gc_start_bytes: 25491663 kNewNativeDiscountFactor: 2 kOldNativeDiscountFactor: 65536 old_native_bytes: 112341277 new_native_bytes: 7318920 add_bytes_allowed: 34909737 is_gc_concurrent: 1 target_footprint_: 25983775 GetBytesAllocated: 14895776 HeapGrowthMultiplier: 3
12-18 16:01:52.018  3168  3654 I com.miui.home: CheckGCForNative gc_urgency 0.432094 current_native_bytes is 119660197
12-18 16:01:52.089  7648  7648 I wm_on_top_resumed_lost_called: [266600826,com.autonavi.map.activity.NewMapActivity,topStateChangedWhenResumed]
12-18 16:01:52.096  7648  7648 I wm_on_paused_called: [0,266600826,com.autonavi.map.activity.NewMapActivity,performPause,7]
12-18 16:01:52.190  3168  3654 I com.miui.home: CheckGCForNative adj_start_bytes: 42946531 NativeAllocationGcWatermark: 11636579 java_gc_start_bytes: 25491663 kNewNativeDiscountFactor: 2 kOldNativeDiscountFactor: 65536 old_native_bytes: 112341277 new_native_bytes: 7596064 add_bytes_allowed: 34909737 is_gc_concurrent: 1 target_footprint_: 25983775 GetBytesAllocated: 15453088 HeapGrowthMultiplier: 3
12-18 16:01:52.190  3168  3654 I com.miui.home: CheckGCForNative gc_urgency 0.448298 current_native_bytes is 119937341
12-18 16:01:52.337  3168  3654 I com.miui.home: CheckGCForNative adj_start_bytes: 42946531 NativeAllocationGcWatermark: 11636579 java_gc_start_bytes: 25491663 kNewNativeDiscountFactor: 2 kOldNativeDiscountFactor: 65536 old_native_bytes: 112341277 new_native_bytes: 7901460 add_bytes_allowed: 34909737 is_gc_concurrent: 1 target_footprint_: 25983775 GetBytesAllocated: 15862848 HeapGrowthMultiplier: 3
12-18 16:01:52.337  3168  3654 I com.miui.home: CheckGCForNative gc_urgency 0.461394 current_native_bytes is 120242737
12-18 16:01:52.478  3168  3497 I com.miui.home: CheckGCForNative adj_start_bytes: 42946531 NativeAllocationGcWatermark: 11636579 java_gc_start_bytes: 25491663 kNewNativeDiscountFactor: 2 kOldNativeDiscountFactor: 65536 old_native_bytes: 112341277 new_native_bytes: 8010576 add_bytes_allowed: 34909737 is_gc_concurrent: 1 target_footprint_: 25983775 GetBytesAllocated: 16108688 HeapGrowthMultiplier: 3
12-18 16:01:52.478  3168  3497 I com.miui.home: CheckGCForNative gc_urgency 0.468389 current_native_bytes is 120351853
12-18 16:01:52.633  8141  8141 I wm_on_create_called: [0,118960818,fm.qingting.qtradio.WelcomeActivity,performCreate,90]
12-18 16:01:52.633  8141  8141 I wm_on_start_called: [0,118960818,fm.qingting.qtradio.WelcomeActivity,handleStartActivity,0]
12-18 16:01:52.636  8141  8141 I wm_on_resume_called: [0,118960818,fm.qingting.qtradio.WelcomeActivity,RESUME_ACTIVITY,2]
12-18 16:01:52.652  8141  8141 I wm_on_top_resumed_gained_called: [118960818,fm.qingting.qtradio.WelcomeActivity,topStateChangedWhenResumed]
12-18 16:01:52.855  3168  3168 I wm_on_stop_called: [0,141093280,com.miui.home.launcher.Launcher,STOP_ACTIVITY_ITEM,9]
12-18 16:01:53.130  8141  8141 I wm_on_idle_called: fm.qingting.qtradio.WelcomeActivity
12-18 16:01:53.534  3168  3168 I wm_on_restart_called: [0,141093280,com.miui.home.launcher.Launcher,performRestartActivity,0]
12-18 16:01:53.535  3168  3168 I wm_on_start_called: [0,141093280,com.miui.home.launcher.Launcher,handleStartActivity,1]
12-18 16:01:53.600  3168  7148 I com.miui.home: CheckGCForNative adj_start_bytes: 42946531 NativeAllocationGcWatermark: 11636579 java_gc_start_bytes: 25491663 kNewNativeDiscountFactor: 2 kOldNativeDiscountFactor: 65536 old_native_bytes: 112341277 new_native_bytes: 18924040 add_bytes_allowed: 34909737 is_gc_concurrent: 1 target_footprint_: 25983775 GetBytesAllocated: 16641712 HeapGrowthMultiplier: 3
12-18 16:01:53.600  3168  7148 I com.miui.home: CheckGCForNative gc_urgency 0.607859 current_native_bytes is 131265317
12-18 16:01:53.601  3168  7148 I com.miui.home: CheckGCForNative adj_start_bytes: 42946531 NativeAllocationGcWatermark: 11636579 java_gc_start_bytes: 25491663 kNewNativeDiscountFactor: 2 kOldNativeDiscountFactor: 65536 old_native_bytes: 112341277 new_native_bytes: 29631112 add_bytes_allowed: 34909737 is_gc_concurrent: 1 target_footprint_: 25983775 GetBytesAllocated: 16658288 HeapGrowthMultiplier: 3
12-18 16:01:53.601  3168  7148 I com.miui.home: CheckGCForNative gc_urgency 0.732901 current_native_bytes is 141972389
12-18 16:01:53.622  3168  7148 I com.miui.home: CheckGCForNative adj_start_bytes: 42946531 NativeAllocationGcWatermark: 11636579 java_gc_start_bytes: 25491663 kNewNativeDiscountFactor: 2 kOldNativeDiscountFactor: 65536 old_native_bytes: 112341277 new_native_bytes: 29663640 add_bytes_allowed: 34909737 is_gc_concurrent: 1 target_footprint_: 25983775 GetBytesAllocated: 16740208 HeapGrowthMultiplier: 3
12-18 16:01:53.622  3168  7148 I com.miui.home: CheckGCForNative gc_urgency 0.735187 current_native_bytes is 142004917
12-18 16:01:53.815  3168  3497 I com.miui.home: CheckGCForNative adj_start_bytes: 42946531 NativeAllocationGcWatermark: 11636579 java_gc_start_bytes: 25491663 kNewNativeDiscountFactor: 2 kOldNativeDiscountFactor: 65536 old_native_bytes: 112341277 new_native_bytes: 18875792 add_bytes_allowed: 34909737 is_gc_concurrent: 1 target_footprint_: 25983775 GetBytesAllocated: 16838704 HeapGrowthMultiplier: 3
12-18 16:01:53.815  3168  3497 I com.miui.home: CheckGCForNative gc_urgency 0.611884 current_native_bytes is 131217069
12-18 16:01:53.881  3168  3497 I com.miui.home: CheckGCForNative adj_start_bytes: 42946531 NativeAllocationGcWatermark: 11636579 java_gc_start_bytes: 25491663 kNewNativeDiscountFactor: 2 kOldNativeDiscountFactor: 65536 old_native_bytes: 112341277 new_native_bytes: 18879792 add_bytes_allowed: 34909737 is_gc_concurrent: 1 target_footprint_: 25983775 GetBytesAllocated: 16871472 HeapGrowthMultiplier: 3
12-18 16:01:53.881  3168  3497 I com.miui.home: CheckGCForNative gc_urgency 0.612694 current_native_bytes is 131221069
12-18 16:01:54.110  8141  8141 I wm_on_top_resumed_lost_called: [118960818,fm.qingting.qtradio.WelcomeActivity,topStateChangedWhenResumed]
12-18 16:01:54.136  3168  3168 I wm_on_resume_called: [0,141093280,com.miui.home.launcher.Launcher,RESUME_ACTIVITY,10]
12-18 16:01:54.138  3168  3168 I wm_on_idle_called: com.miui.home.launcher.Launcher
12-18 16:01:54.154  8141  8141 I wm_on_paused_called: [0,118960818,fm.qingting.qtradio.WelcomeActivity,performPause,0]
12-18 16:01:54.159  3168  3168 I wm_on_top_resumed_gained_called: [141093280,com.miui.home.launcher.Launcher,topStateChangedWhenResumed]
12-18 16:01:54.269  8141  8141 I wm_on_stop_called: [0,118960818,fm.qingting.qtradio.WelcomeActivity,STOP_ACTIVITY_ITEM,6]
12-18 16:01:54.302  3168  3654 I com.miui.home: CheckGCForNative adj_start_bytes: 42946531 NativeAllocationGcWatermark: 11636579 java_gc_start_bytes: 25491663 kNewNativeDiscountFactor: 2 kOldNativeDiscountFactor: 65536 old_native_bytes: 112341277 new_native_bytes: 19048052 add_bytes_allowed: 34909737 is_gc_concurrent: 1 target_footprint_: 25983775 GetBytesAllocated: 18326480 HeapGrowthMultiplier: 3
12-18 16:01:54.302  3168  3654 I com.miui.home: CheckGCForNative gc_urgency 0.648532 current_native_bytes is 131389329
12-18 16:01:54.340  3168  3168 I wm_on_top_resumed_lost_called: [141093280,com.miui.home.launcher.Launcher,topStateChangedWhenResumed]
12-18 16:01:54.349  3168  3168 I wm_on_paused_called: [0,141093280,com.miui.home.launcher.Launcher,performPause,2]
12-18 16:01:54.527  3168  3654 I com.miui.home: CheckGCForNative adj_start_bytes: 42946531 NativeAllocationGcWatermark: 11636579 java_gc_start_bytes: 25491663 kNewNativeDiscountFactor: 2 kOldNativeDiscountFactor: 65536 old_native_bytes: 112341277 new_native_bytes: 19545428 add_bytes_allowed: 34909737 is_gc_concurrent: 1 target_footprint_: 25983775 GetBytesAllocated: 18933056 HeapGrowthMultiplier: 3
12-18 16:01:54.527  3168  3654 I com.miui.home: CheckGCForNative gc_urgency 0.668447 current_native_bytes is 131886705
12-18 16:01:54.630  3168  3654 I com.miui.home: CheckGCForNative adj_start_bytes: 42946531 NativeAllocationGcWatermark: 11636579 java_gc_start_bytes: 25491663 kNewNativeDiscountFactor: 2 kOldNativeDiscountFactor: 65536 old_native_bytes: 112341277 new_native_bytes: 19870836 add_bytes_allowed: 34909737 is_gc_concurrent: 1 target_footprint_: 25983775 GetBytesAllocated: 19301728 HeapGrowthMultiplier: 3
12-18 16:01:54.630  3168  3654 I com.miui.home: CheckGCForNative gc_urgency 0.68082 current_native_bytes is 132212113
12-18 16:01:54.643  3168  3654 I com.miui.home: CheckGCForNative adj_start_bytes: 42946531 NativeAllocationGcWatermark: 11636579 java_gc_start_bytes: 25491663 kNewNativeDiscountFactor: 2 kOldNativeDiscountFactor: 65536 old_native_bytes: 112341277 new_native_bytes: 30625076 add_bytes_allowed: 34909737 is_gc_concurrent: 1 target_footprint_: 25983775 GetBytesAllocated: 19416416 HeapGrowthMultiplier: 3
12-18 16:01:54.643  3168  3654 I com.miui.home: CheckGCForNative gc_urgency 0.808695 current_native_bytes is 142966353
12-18 16:01:54.702  3168  3654 I com.miui.home: CheckGCForNative adj_start_bytes: 42946531 NativeAllocationGcWatermark: 11636579 java_gc_start_bytes: 25491663 kNewNativeDiscountFactor: 2 kOldNativeDiscountFactor: 65536 old_native_bytes: 112341277 new_native_bytes: 20089448 add_bytes_allowed: 34909737 is_gc_concurrent: 1 target_footprint_: 25983775 GetBytesAllocated: 19777296 HeapGrowthMultiplier: 3
12-18 16:01:54.702  3168  3654 I com.miui.home: CheckGCForNative gc_urgency 0.694439 current_native_bytes is 132430725
12-18 16:01:55.948  8502  8502 I wm_on_application_create_called: [0,com.ss.android.ugc.aweme,511]
12-18 16:01:56.062  3168  3657 I com.miui.home: CheckGCForNative adj_start_bytes: 42946531 NativeAllocationGcWatermark: 11636579 java_gc_start_bytes: 25491663 kNewNativeDiscountFactor: 2 kOldNativeDiscountFactor: 65536 old_native_bytes: 112341277 new_native_bytes: 31054284 add_bytes_allowed: 34909737 is_gc_concurrent: 1 target_footprint_: 25983775 GetBytesAllocated: 20318352 HeapGrowthMultiplier: 3
12-18 16:01:56.062  3168  3657 I com.miui.home: CheckGCForNative gc_urgency 0.834694 current_native_bytes is 143395561
12-18 16:01:56.063  3168  3657 I com.miui.home: CheckGCForNative adj_start_bytes: 42946531 NativeAllocationGcWatermark: 11636579 java_gc_start_bytes: 25491663 kNewNativeDiscountFactor: 2 kOldNativeDiscountFactor: 65536 old_native_bytes: 112341277 new_native_bytes: 41760844 add_bytes_allowed: 34909737 is_gc_concurrent: 1 target_footprint_: 25983775 GetBytesAllocated: 20334928 HeapGrowthMultiplier: 3
12-18 16:01:56.063  3168  3657 I com.miui.home: CheckGCForNative gc_urgency 0.95973 current_native_bytes is 154102121
12-18 16:01:56.067  3168  3657 I com.miui.home: CheckGCForNative adj_start_bytes: 42946531 NativeAllocationGcWatermark: 11636579 java_gc_start_bytes: 25491663 kNewNativeDiscountFactor: 2 kOldNativeDiscountFactor: 65536 old_native_bytes: 112341277 new_native_bytes: 41761292 add_bytes_allowed: 34909737 is_gc_concurrent: 1 target_footprint_: 25983775 GetBytesAllocated: 20334928 HeapGrowthMultiplier: 3
12-18 16:01:56.067  3168  3657 I com.miui.home: CheckGCForNative gc_urgency 0.960116 current_native_bytes is 154102569
12-18 16:01:56.238  3168  3497 I com.miui.home: CheckGCForNative adj_start_bytes: 42946531 NativeAllocationGcWatermark: 11636579 java_gc_start_bytes: 25491663 kNewNativeDiscountFactor: 2 kOldNativeDiscountFactor: 65536 old_native_bytes: 112341277 new_native_bytes: 31035932 add_bytes_allowed: 34909737 is_gc_concurrent: 1 target_footprint_: 25983775 GetBytesAllocated: 20515376 HeapGrowthMultiplier: 3
12-18 16:01:56.238  3168  3497 I com.miui.home: CheckGCForNative gc_urgency 0.839068 current_native_bytes is 143377209
12-18 16:01:56.455  8502  8502 I wm_on_create_called: [0,55138295,com.ss.android.ugc.aweme.splash.SplashActivity,performCreate,351]
12-18 16:01:56.594  3168  3168 I wm_on_resume_called: [0,141093280,com.miui.home.launcher.Launcher,RESUME_ACTIVITY,6]
12-18 16:01:56.596  3168  3168 I wm_on_idle_called: com.miui.home.launcher.Launcher
12-18 16:01:56.683  8502  8502 I wm_on_start_called: [0,55138295,com.ss.android.ugc.aweme.splash.SplashActivity,handleStartActivity,225]
12-18 16:01:56.728  3168  3168 I com.miui.home: CheckGCForNative adj_start_bytes: 42946531 NativeAllocationGcWatermark: 11636579 java_gc_start_bytes: 25491663 kNewNativeDiscountFactor: 2 kOldNativeDiscountFactor: 65536 old_native_bytes: 112341277 new_native_bytes: 31246396 add_bytes_allowed: 34909737 is_gc_concurrent: 1 target_footprint_: 25983775 GetBytesAllocated: 21835440 HeapGrowthMultiplier: 3
12-18 16:01:56.728  3168  3168 I com.miui.home: CheckGCForNative gc_urgency 0.872256 current_native_bytes is 143587673
12-18 16:01:56.784  3168  3654 I com.miui.home: CheckGCForNative adj_start_bytes: 42946531 NativeAllocationGcWatermark: 11636579 java_gc_start_bytes: 25491663 kNewNativeDiscountFactor: 2 kOldNativeDiscountFactor: 65536 old_native_bytes: 112341277 new_native_bytes: 31595012 add_bytes_allowed: 34909737 is_gc_concurrent: 1 target_footprint_: 25983775 GetBytesAllocated: 22245168 HeapGrowthMultiplier: 3
12-18 16:01:56.784  3168  3654 I com.miui.home: CheckGCForNative gc_urgency 0.885855 current_native_bytes is 143936289
12-18 16:01:56.789  3168  3168 I wm_on_paused_called: [0,141093280,com.miui.home.launcher.Launcher,performPause,1]
12-18 16:01:56.823  3168  3654 I com.miui.home: CheckGCForNative adj_start_bytes: 42946531 NativeAllocationGcWatermark: 11636579 java_gc_start_bytes: 25491663 kNewNativeDiscountFactor: 2 kOldNativeDiscountFactor: 65536 old_native_bytes: 112341277 new_native_bytes: 42406700 add_bytes_allowed: 34909737 is_gc_concurrent: 1 target_footprint_: 25983775 GetBytesAllocated: 22392688 HeapGrowthMultiplier: 3
12-18 16:01:56.824  3168  3654 I com.miui.home: CheckGCForNative gc_urgency 1.01516 current_native_bytes is 154747977
12-18 16:01:56.824  3168  3654 I com.miui.home: CheckGCForNative requested 1
12-18 16:01:56.933  8502  8502 I wm_on_resume_called: [0,55138295,com.ss.android.ugc.aweme.splash.SplashActivity,RESUME_ACTIVITY,239]
12-18 16:01:56.942  3168  3654 I com.miui.home: CheckGCForNative adj_start_bytes: 42946531 NativeAllocationGcWatermark: 11636579 java_gc_start_bytes: 25491663 kNewNativeDiscountFactor: 2 kOldNativeDiscountFactor: 65536 old_native_bytes: 112341277 new_native_bytes: 31899992 add_bytes_allowed: 34909737 is_gc_concurrent: 1 target_footprint_: 25983775 GetBytesAllocated: 23171504 HeapGrowthMultiplier: 3
12-18 16:01:56.942  3168  3654 I com.miui.home: CheckGCForNative gc_urgency 0.910975 current_native_bytes is 144241269
12-18 16:01:56.972  3168  3497 I com.miui.home: CheckGCForNative adj_start_bytes: 42946531 NativeAllocationGcWatermark: 11636579 java_gc_start_bytes: 25491663 kNewNativeDiscountFactor: 2 kOldNativeDiscountFactor: 65536 old_native_bytes: 112341277 new_native_bytes: 31942456 add_bytes_allowed: 34909737 is_gc_concurrent: 1 target_footprint_: 25983775 GetBytesAllocated: 23220656 HeapGrowthMultiplier: 3
12-18 16:01:56.972  3168  3497 I com.miui.home: CheckGCForNative gc_urgency 0.912614 current_native_bytes is 144283733
12-18 16:01:57.027  3168  3212 I com.miui.home: NativeAlloc concurrent copying GC freed 194710(9166KB) AllocSpace objects, 6(312KB) LOS objects, 49% free, 13MB/26MB, paused 204us,231us total 203.371ms
12-18 16:01:57.050  3168  3497 I com.miui.home: CheckGCForNative gc_urgency 0 current_native_bytes is 117394677
12-18 16:01:57.087  3168  3654 I com.miui.home: CheckGCForNative adj_start_bytes: 44858226 NativeAllocationGcWatermark: 11841197 java_gc_start_bytes: 27096431 kNewNativeDiscountFactor: 2 kOldNativeDiscountFactor: 65536 old_native_bytes: 117394677 new_native_bytes: 824432 add_bytes_allowed: 35523591 is_gc_concurrent: 1 target_footprint_: 27620719 GetBytesAllocated: 14203848 HeapGrowthMultiplier: 3
12-18 16:01:57.088  3168  3654 I com.miui.home: CheckGCForNative gc_urgency 0.325868 current_native_bytes is 118219109
12-18 16:01:57.598  8765  8765 I wm_on_create_called: [0,122737393,com.eg.android.AlipayGphone.AlipayLogin,performCreate,125]
12-18 16:01:57.606  8765  8765 I wm_on_start_called: [0,122737393,com.eg.android.AlipayGphone.AlipayLogin,handleStartActivity,8]
12-18 16:01:57.610  8765  8765 I wm_on_resume_called: [0,122737393,com.eg.android.AlipayGphone.AlipayLogin,RESUME_ACTIVITY,2]
12-18 16:01:57.629  8765  8765 I wm_on_top_resumed_gained_called: [122737393,com.eg.android.AlipayGphone.AlipayLogin,topStateChangedWhenResumed]
12-18 16:01:57.961  3168  3168 I wm_on_stop_called: [0,141093280,com.miui.home.launcher.Launcher,STOP_ACTIVITY_ITEM,6]
12-18 16:01:58.501  8765  8765 I wm_on_idle_called: com.eg.android.AlipayGphone.AlipayLogin
12-18 16:01:58.508  3168  3168 I wm_on_restart_called: [0,141093280,com.miui.home.launcher.Launcher,performRestartActivity,0]
12-18 16:01:58.510  3168  3168 I wm_on_start_called: [0,141093280,com.miui.home.launcher.Launcher,handleStartActivity,1]
12-18 16:01:58.616  3168  7148 I com.miui.home: CheckGCForNative adj_start_bytes: 44858226 NativeAllocationGcWatermark: 11841197 java_gc_start_bytes: 27096431 kNewNativeDiscountFactor: 2 kOldNativeDiscountFactor: 65536 old_native_bytes: 117394677 new_native_bytes: 12035352 add_bytes_allowed: 35523591 is_gc_concurrent: 1 target_footprint_: 27620719 GetBytesAllocated: 15121944 HeapGrowthMultiplier: 3
12-18 16:01:58.616  3168  7148 I com.miui.home: CheckGCForNative gc_urgency 0.471294 current_native_bytes is 129430029
12-18 16:01:58.616  3168  7148 I com.miui.home: CheckGCForNative adj_start_bytes: 44858226 NativeAllocationGcWatermark: 11841197 java_gc_start_bytes: 27096431 kNewNativeDiscountFactor: 2 kOldNativeDiscountFactor: 65536 old_native_bytes: 117394677 new_native_bytes: 22741272 add_bytes_allowed: 35523591 is_gc_concurrent: 1 target_footprint_: 27620719 GetBytesAllocated: 15122152 HeapGrowthMultiplier: 3
12-18 16:01:58.616  3168  7148 I com.miui.home: CheckGCForNative gc_urgency 0.590629 current_native_bytes is 140135949
12-18 16:01:58.684  3168  3217 I com.miui.home: CheckGCForNative adj_start_bytes: 44858226 NativeAllocationGcWatermark: 11841197 java_gc_start_bytes: 27096431 kNewNativeDiscountFactor: 2 kOldNativeDiscountFactor: 65536 old_native_bytes: 117394677 new_native_bytes: 22760808 add_bytes_allowed: 35523591 is_gc_concurrent: 1 target_footprint_: 27620719 GetBytesAllocated: 15187688 HeapGrowthMultiplier: 3
12-18 16:01:58.684  3168  3217 I com.miui.home: CheckGCForNative gc_urgency 0.592308 current_native_bytes is 140155485
12-18 16:01:58.866  3168  3497 I com.miui.home: CheckGCForNative adj_start_bytes: 44858226 NativeAllocationGcWatermark: 11841197 java_gc_start_bytes: 27096431 kNewNativeDiscountFactor: 2 kOldNativeDiscountFactor: 65536 old_native_bytes: 117394677 new_native_bytes: 12069352 add_bytes_allowed: 35523591 is_gc_concurrent: 1 target_footprint_: 27620719 GetBytesAllocated: 15286216 HeapGrowthMultiplier: 3
12-18 16:01:58.866  3168  3497 I com.miui.home: CheckGCForNative gc_urgency 0.475335 current_native_bytes is 129464029
12-18 16:01:59.078  3168  3497 I com.miui.home: CheckGCForNative adj_start_bytes: 44858226 NativeAllocationGcWatermark: 11841197 java_gc_start_bytes: 27096431 kNewNativeDiscountFactor: 2 kOldNativeDiscountFactor: 65536 old_native_bytes: 117394677 new_native_bytes: 12087584 add_bytes_allowed: 35523591 is_gc_concurrent: 1 target_footprint_: 27620719 GetBytesAllocated: 15384520 HeapGrowthMultiplier: 3
12-18 16:01:59.078  3168  3497 I com.miui.home: CheckGCForNative gc_urgency 0.47773 current_native_bytes is 129482261
12-18 16:01:59.126  8765  8765 I wm_on_top_resumed_lost_called: [122737393,com.eg.android.AlipayGphone.AlipayLogin,topStateChangedWhenResumed]
12-18 16:01:59.291  8765  8765 I wm_on_paused_called: [0,122737393,com.eg.android.AlipayGphone.AlipayLogin,performPause,119]
12-18 16:01:59.309  3168  3168 I wm_on_resume_called: [0,141093280,com.miui.home.launcher.Launcher,RESUME_ACTIVITY,7]
12-18 16:01:59.309  3168  3168 I wm_on_top_resumed_gained_called: [141093280,com.miui.home.launcher.Launcher,topWhenResuming]
12-18 16:01:59.311  3168  3168 I wm_on_idle_called: com.miui.home.launcher.Launcher
12-18 16:01:59.416  3168  3168 I com.miui.home: CheckGCForNative adj_start_bytes: 44858226 NativeAllocationGcWatermark: 11841197 java_gc_start_bytes: 27096431 kNewNativeDiscountFactor: 2 kOldNativeDiscountFactor: 65536 old_native_bytes: 117394677 new_native_bytes: 17649668 add_bytes_allowed: 35523591 is_gc_concurrent: 1 target_footprint_: 27620719 GetBytesAllocated: 16532488 HeapGrowthMultiplier: 3
12-18 16:01:59.416  3168  3168 I com.miui.home: CheckGCForNative gc_urgency 0.565682 current_native_bytes is 135044345
12-18 16:01:59.502  3168  3168 I wm_on_top_resumed_lost_called: [141093280,com.miui.home.launcher.Launcher,topStateChangedWhenResumed]
12-18 16:01:59.516  3168  3168 I wm_on_paused_called: [0,141093280,com.miui.home.launcher.Launcher,performPause,2]
12-18 16:01:59.544  3168  3481 I com.miui.home: CheckGCForNative adj_start_bytes: 44858226 NativeAllocationGcWatermark: 11841197 java_gc_start_bytes: 27096431 kNewNativeDiscountFactor: 2 kOldNativeDiscountFactor: 65536 old_native_bytes: 117394677 new_native_bytes: 12986816 add_bytes_allowed: 35523591 is_gc_concurrent: 1 target_footprint_: 27620719 GetBytesAllocated: 16991320 HeapGrowthMultiplier: 3
12-18 16:01:59.544  3168  3481 I com.miui.home: CheckGCForNative gc_urgency 0.523572 current_native_bytes is 130381493
12-18 16:01:59.554  3168  3481 I com.miui.home: CheckGCForNative adj_start_bytes: 44858226 NativeAllocationGcWatermark: 11841197 java_gc_start_bytes: 27096431 kNewNativeDiscountFactor: 2 kOldNativeDiscountFactor: 65536 old_native_bytes: 117394677 new_native_bytes: 23857344 add_bytes_allowed: 35523591 is_gc_concurrent: 1 target_footprint_: 27620719 GetBytesAllocated: 17040600 HeapGrowthMultiplier: 3
12-18 16:01:59.554  3168  3481 I com.miui.home: CheckGCForNative gc_urgency 0.645836 current_native_bytes is 141252021
12-18 16:01:59.598  8765  8765 I wm_on_stop_called: [0,122737393,com.eg.android.AlipayGphone.AlipayLogin,STOP_ACTIVITY_ITEM,137]
12-18 16:01:59.701  3168  3481 I com.miui.home: CheckGCForNative adj_start_bytes: 44858226 NativeAllocationGcWatermark: 11841197 java_gc_start_bytes: 27096431 kNewNativeDiscountFactor: 2 kOldNativeDiscountFactor: 65536 old_native_bytes: 117394677 new_native_bytes: 38730572 add_bytes_allowed: 35523591 is_gc_concurrent: 1 target_footprint_: 27620719 GetBytesAllocated: 17532520 HeapGrowthMultiplier: 3
12-18 16:01:59.701  3168  3481 I com.miui.home: CheckGCForNative gc_urgency 0.822583 current_native_bytes is 156125249
12-18 16:01:59.701  3168  3481 I com.miui.home: CheckGCForNative adj_start_bytes: 44858226 NativeAllocationGcWatermark: 11841197 java_gc_start_bytes: 27096431 kNewNativeDiscountFactor: 2 kOldNativeDiscountFactor: 65536 old_native_bytes: 117394677 new_native_bytes: 26934732 add_bytes_allowed: 35523591 is_gc_concurrent: 1 target_footprint_: 27620719 GetBytesAllocated: 17532520 HeapGrowthMultiplier: 3
12-18 16:01:59.701  3168  3481 I com.miui.home: CheckGCForNative gc_urgency 0.691104 current_native_bytes is 144329409
12-18 16:01:59.702  3168  3654 I com.miui.home: CheckGCForNative adj_start_bytes: 44858226 NativeAllocationGcWatermark: 11841197 java_gc_start_bytes: 27096431 kNewNativeDiscountFactor: 2 kOldNativeDiscountFactor: 65536 old_native_bytes: 117394677 new_native_bytes: 26934732 add_bytes_allowed: 35523591 is_gc_concurrent: 1 target_footprint_: 27620719 GetBytesAllocated: 17548904 HeapGrowthMultiplier: 3
12-18 16:01:59.702  3168  3654 I com.miui.home: CheckGCForNative gc_urgency 0.691469 current_native_bytes is 144329409
12-18 16:01:59.713  3168  3481 I com.miui.home: CheckGCForNative adj_start_bytes: 44858226 NativeAllocationGcWatermark: 11841197 java_gc_start_bytes: 27096431 kNewNativeDiscountFactor: 2 kOldNativeDiscountFactor: 65536 old_native_bytes: 117394677 new_native_bytes: 27743692 add_bytes_allowed: 35523591 is_gc_concurrent: 1 target_footprint_: 27620719 GetBytesAllocated: 17598056 HeapGrowthMultiplier: 3
12-18 16:01:59.713  3168  3481 I com.miui.home: CheckGCForNative gc_urgency 0.701581 current_native_bytes is 145138369
12-18 16:01:59.890  3168  3497 I com.miui.home: CheckGCForNative adj_start_bytes: 44858226 NativeAllocationGcWatermark: 11841197 java_gc_start_bytes: 27096431 kNewNativeDiscountFactor: 2 kOldNativeDiscountFactor: 65536 old_native_bytes: 117394677 new_native_bytes: 27906856 add_bytes_allowed: 35523591 is_gc_concurrent: 1 target_footprint_: 27620719 GetBytesAllocated: 18081928 HeapGrowthMultiplier: 3
12-18 16:01:59.891  3168  3497 I com.miui.home: CheckGCForNative gc_urgency 0.714187 current_native_bytes is 145301533
