12-21 16:46:44.538  3166  3658 I com.miui.home: CheckGCForNative adj_start_bytes: 40982193 NativeAllocationGcWatermark: 11403885 java_gc_start_bytes: 23876366 kNewNativeDiscountFactor: 2 kOldNativeDiscountFactor: 65536 old_native_bytes: 150328693 new_native_bytes: 24657976 add_bytes_allowed: 34211655 is_gc_concurrent: 1 target_footprint_: 24122222 GetBytesAllocated: 18505336 HeapGrowthMultiplier: 3
12-21 16:46:44.538  3166  3658 I com.miui.home: CheckGCForNative gc_urgency 0.752439 current_native_bytes is 174986669
12-21 16:46:44.582  3166  3658 I com.miui.home: CheckGCForNative adj_start_bytes: 40982193 NativeAllocationGcWatermark: 11403885 java_gc_start_bytes: 23876366 kNewNativeDiscountFactor: 2 kOldNativeDiscountFactor: 65536 old_native_bytes: 150328693 new_native_bytes: 24874764 add_bytes_allowed: 34211655 is_gc_concurrent: 1 target_footprint_: 24122222 GetBytesAllocated: 18783864 HeapGrowthMultiplier: 3
12-21 16:46:44.582  3166  3658 I com.miui.home: CheckGCForNative gc_urgency 0.761881 current_native_bytes is 175203457
12-21 16:46:44.660  3166  3208 D cccccc  : onTaskStackChangedBackground
12-21 16:46:44.666  3166  3206 D cccccc  : onTaskStackChangedBackground
12-21 16:46:44.667  3166  3208 D cccccc  : onTaskStackChangedBackground
12-21 16:46:44.706  3166  3658 I com.miui.home: CheckGCForNative adj_start_bytes: 40982193 NativeAllocationGcWatermark: 11403885 java_gc_start_bytes: 23876366 kNewNativeDiscountFactor: 2 kOldNativeDiscountFactor: 65536 old_native_bytes: 150328693 new_native_bytes: 25031240 add_bytes_allowed: 34211655 is_gc_concurrent: 1 target_footprint_: 24122222 GetBytesAllocated: 19382328 HeapGrowthMultiplier: 3
12-21 16:46:44.707  3166  3658 I com.miui.home: CheckGCForNative gc_urgency 0.778393 current_native_bytes is 175359933
12-21 16:46:44.760  3166  3658 I cccccc  : createTaskSnapshot:
12-21 16:46:44.760  3166  3658 I cccccc  : getTaskSnapshotInstance: 99
12-21 16:46:44.764  3166  3344 I com.miui.home: CheckGCForNative adj_start_bytes: 40982193 NativeAllocationGcWatermark: 11403885 java_gc_start_bytes: 23876366 kNewNativeDiscountFactor: 2 kOldNativeDiscountFactor: 65536 old_native_bytes: 150328693 new_native_bytes: 25226632 add_bytes_allowed: 34211655 is_gc_concurrent: 1 target_footprint_: 24122222 GetBytesAllocated: 19611800 HeapGrowthMultiplier: 3
12-21 16:46:44.765  3166  3344 I com.miui.home: CheckGCForNative gc_urgency 0.786776 current_native_bytes is 175555325
12-21 16:46:44.810  3166  3658 I com.miui.home: CheckGCForNative adj_start_bytes: 40982193 NativeAllocationGcWatermark: 11403885 java_gc_start_bytes: 23876366 kNewNativeDiscountFactor: 2 kOldNativeDiscountFactor: 65536 old_native_bytes: 150328693 new_native_bytes: 25435788 add_bytes_allowed: 34211655 is_gc_concurrent: 1 target_footprint_: 24122222 GetBytesAllocated: 19972600 HeapGrowthMultiplier: 3
12-21 16:46:44.811  3166  3658 I com.miui.home: CheckGCForNative gc_urgency 0.797732 current_native_bytes is 175764481
12-21 16:46:44.828  3166  3658 I cccccc  : createTaskSnapshot:
12-21 16:46:44.828  3166  3658 I cccccc  : getTaskSnapshotInstance: 99
12-21 16:46:45.337  9743  9743 I wm_on_application_create_called: [0,com.smile.gifmaker,270]
12-21 16:46:45.489  9743  9743 I wm_on_create_called: [0,58387730,com.yxcorp.gifshow.HomeActivity,performCreate,140]
12-21 16:46:45.618  9743  9743 I wm_on_start_called: [0,58387730,com.yxcorp.gifshow.HomeActivity,handleStartActivity,128]
12-21 16:46:45.663  9743  9743 I wm_on_resume_called: [0,58387730,com.yxcorp.gifshow.HomeActivity,RESUME_ACTIVITY,6]
12-21 16:46:45.681  9743  9743 I wm_on_top_resumed_gained_called: [58387730,com.yxcorp.gifshow.HomeActivity,topStateChangedWhenResumed]
12-21 16:46:46.136  3166  3166 I com.miui.home: CheckGCForNative adj_start_bytes: 40982193 NativeAllocationGcWatermark: 11403885 java_gc_start_bytes: 23876366 kNewNativeDiscountFactor: 2 kOldNativeDiscountFactor: 65536 old_native_bytes: 150328693 new_native_bytes: 25929224 add_bytes_allowed: 34211655 is_gc_concurrent: 1 target_footprint_: 24122222 GetBytesAllocated: 20792808 HeapGrowthMultiplier: 3
12-21 16:46:46.136  3166  3166 I com.miui.home: CheckGCForNative gc_urgency 0.823765 current_native_bytes is 176257917
12-21 16:46:46.181  3166  3206 I com.miui.home: CheckGCForNative adj_start_bytes: 40982193 NativeAllocationGcWatermark: 11403885 java_gc_start_bytes: 23876366 kNewNativeDiscountFactor: 2 kOldNativeDiscountFactor: 65536 old_native_bytes: 150328693 new_native_bytes: 36585184 add_bytes_allowed: 34211655 is_gc_concurrent: 1 target_footprint_: 24122222 GetBytesAllocated: 20841960 HeapGrowthMultiplier: 3
12-21 16:46:46.181  3166  3206 I com.miui.home: CheckGCForNative gc_urgency 0.954972 current_native_bytes is 186913877
12-21 16:46:46.181  3166  3206 I cccccc  : createTaskSnapshotCompat:
12-21 16:46:46.182  3166  3206 I com.miui.home: CheckGCForNative adj_start_bytes: 40982193 NativeAllocationGcWatermark: 11403885 java_gc_start_bytes: 23876366 kNewNativeDiscountFactor: 2 kOldNativeDiscountFactor: 65536 old_native_bytes: 150328693 new_native_bytes: 47291136 add_bytes_allowed: 34211655 is_gc_concurrent: 1 target_footprint_: 24122222 GetBytesAllocated: 20858536 HeapGrowthMultiplier: 3
12-21 16:46:46.182  3166  3206 I com.miui.home: CheckGCForNative gc_urgency 1.08599 current_native_bytes is 197619829
12-21 16:46:46.183  3166  3206 I com.miui.home: CheckGCForNative requested 1
12-21 16:46:46.185  3166  3206 I cccccc  : getTaskThumbnailInfo: 2460 1.0  10705920
12-21 16:46:46.259  3166  3206 I cccccc  : getTaskSnapshot:
12-21 16:46:46.260  3166  3206 I com.miui.home: CheckGCForNative adj_start_bytes: 40982193 NativeAllocationGcWatermark: 11403885 java_gc_start_bytes: 23876366 kNewNativeDiscountFactor: 2 kOldNativeDiscountFactor: 65536 old_native_bytes: 150328693 new_native_bytes: 47306912 add_bytes_allowed: 34211655 is_gc_concurrent: 1 target_footprint_: 24122222 GetBytesAllocated: 20973224 HeapGrowthMultiplier: 3
12-21 16:46:46.260  3166  3206 I com.miui.home: CheckGCForNative gc_urgency 1.08898 current_native_bytes is 197635605
12-21 16:46:46.260  3166  3206 I com.miui.home: CheckGCForNative requested 1
12-21 16:46:46.260  3166  3166 I cccccc  : createTaskSnapshotCompat:
12-21 16:46:46.261  3166  3166 I cccccc  : getTaskThumbnailInfo: 2460 1.0  10705920
12-21 16:46:46.296  3166  3378 I com.miui.home: CheckGCForNative adj_start_bytes: 40982193 NativeAllocationGcWatermark: 11403885 java_gc_start_bytes: 23876366 kNewNativeDiscountFactor: 2 kOldNativeDiscountFactor: 65536 old_native_bytes: 150328693 new_native_bytes: 36606048 add_bytes_allowed: 34211655 is_gc_concurrent: 1 target_footprint_: 24122222 GetBytesAllocated: 21038952 HeapGrowthMultiplier: 3
12-21 16:46:46.296  3166  3378 I com.miui.home: CheckGCForNative gc_urgency 0.960033 current_native_bytes is 186934741
12-21 16:46:46.316  9743  9743 I wm_on_idle_called: com.yxcorp.gifshow.HomeActivity
12-21 16:46:46.333  3166  3201 I com.miui.home: NativeAlloc concurrent copying GC freed 160256(8253KB) AllocSpace objects, 14(472KB) LOS objects, 49% free, 11MB/23MB, paused 105us,81us total 150.372ms
12-21 16:46:46.651  3166  3378 I com.miui.home: CheckGCForNative gc_urgency 0 current_native_bytes is 134219281
12-21 16:46:46.692  9743  9743 I wm_on_top_resumed_lost_called: [58387730,com.yxcorp.gifshow.HomeActivity,topStateChangedWhenResumed]
12-21 16:46:46.714  3166  3377 I cccccc  : createTaskSnapshotCompat:
12-21 16:46:46.721  9743  9743 I wm_on_paused_called: [0,58387730,com.yxcorp.gifshow.HomeActivity,performPause,9]
12-21 16:46:46.749  3166  3166 I wm_on_resume_called: [0,151440729,com.miui.home.launcher.Launcher,RESUME_ACTIVITY,8]
12-21 16:46:46.749  3166  3166 I wm_on_top_resumed_gained_called: [151440729,com.miui.home.launcher.Launcher,topWhenResuming]
12-21 16:46:46.753  3166  3166 I wm_on_idle_called: com.miui.home.launcher.Launcher
12-21 16:46:46.804  9743  9743 I wm_on_stop_called: [0,58387730,com.yxcorp.gifshow.HomeActivity,STOP_ACTIVITY_ITEM,13]
12-21 16:46:46.836  3166  3593 D cccccc  : onTaskStackChangedBackground
12-21 16:46:46.837  3166  3738 D cccccc  : onTaskStackChangedBackground
12-21 16:46:46.838  3166  3593 D cccccc  : onTaskStackChangedBackground
12-21 16:46:46.854  3166  3658 I com.miui.home: CheckGCForNative adj_start_bytes: 41172988 NativeAllocationGcWatermark: 11418805 java_gc_start_bytes: 24044781 kNewNativeDiscountFactor: 2 kOldNativeDiscountFactor: 65536 old_native_bytes: 134219281 new_native_bytes: 103848 add_bytes_allowed: 34256415 is_gc_concurrent: 1 target_footprint_: 24241581 GetBytesAllocated: 13473624 HeapGrowthMultiplier: 3
12-21 16:46:46.854  3166  3658 I com.miui.home: CheckGCForNative gc_urgency 0.328555 current_native_bytes is 134323129
12-21 16:46:46.866  3166  3658 I com.miui.home: CheckGCForNative adj_start_bytes: 41172988 NativeAllocationGcWatermark: 11418805 java_gc_start_bytes: 24044781 kNewNativeDiscountFactor: 2 kOldNativeDiscountFactor: 65536 old_native_bytes: 134219281 new_native_bytes: 811896 add_bytes_allowed: 34256415 is_gc_concurrent: 1 target_footprint_: 24241581 GetBytesAllocated: 13572152 HeapGrowthMultiplier: 3
12-21 16:46:46.866  3166  3658 I com.miui.home: CheckGCForNative gc_urgency 0.339547 current_native_bytes is 135031177
12-21 16:46:46.869  3166  3658 I com.miui.home: CheckGCForNative adj_start_bytes: 41172988 NativeAllocationGcWatermark: 11418805 java_gc_start_bytes: 24044781 kNewNativeDiscountFactor: 2 kOldNativeDiscountFactor: 65536 old_native_bytes: 134219281 new_native_bytes: 1208440 add_bytes_allowed: 34256415 is_gc_concurrent: 1 target_footprint_: 24241581 GetBytesAllocated: 13572152 HeapGrowthMultiplier: 3
12-21 16:46:46.869  3166  3658 I com.miui.home: CheckGCForNative gc_urgency 0.344362 current_native_bytes is 135427721
12-21 16:46:46.875  3166  3658 I com.miui.home: CheckGCForNative adj_start_bytes: 41172988 NativeAllocationGcWatermark: 11418805 java_gc_start_bytes: 24044781 kNewNativeDiscountFactor: 2 kOldNativeDiscountFactor: 65536 old_native_bytes: 134219281 new_native_bytes: 1753168 add_bytes_allowed: 34256415 is_gc_concurrent: 1 target_footprint_: 24241581 GetBytesAllocated: 13605128 HeapGrowthMultiplier: 3
12-21 16:46:46.875  3166  3658 I com.miui.home: CheckGCForNative gc_urgency 0.351778 current_native_bytes is 135972449
12-21 16:46:46.894  3166  3658 I com.miui.home: CheckGCForNative adj_start_bytes: 41172988 NativeAllocationGcWatermark: 11418805 java_gc_start_bytes: 24044781 kNewNativeDiscountFactor: 2 kOldNativeDiscountFactor: 65536 old_native_bytes: 134219281 new_native_bytes: 3140572 add_bytes_allowed: 34256415 is_gc_concurrent: 1 target_footprint_: 24241581 GetBytesAllocated: 13757992 HeapGrowthMultiplier: 3
12-21 16:46:46.894  3166  3658 I com.miui.home: CheckGCForNative gc_urgency 0.372339 current_native_bytes is 137359853
12-21 16:46:46.896  3166  3658 I com.miui.home: CheckGCForNative adj_start_bytes: 41172988 NativeAllocationGcWatermark: 11418805 java_gc_start_bytes: 24044781 kNewNativeDiscountFactor: 2 kOldNativeDiscountFactor: 65536 old_native_bytes: 134219281 new_native_bytes: 3602524 add_bytes_allowed: 34256415 is_gc_concurrent: 1 target_footprint_: 24241581 GetBytesAllocated: 13778472 HeapGrowthMultiplier: 3
12-21 16:46:46.896  3166  3658 I com.miui.home: CheckGCForNative gc_urgency 0.378447 current_native_bytes is 137821805
12-21 16:46:46.910  3166  3658 I com.miui.home: CheckGCForNative adj_start_bytes: 41172988 NativeAllocationGcWatermark: 11418805 java_gc_start_bytes: 24044781 kNewNativeDiscountFactor: 2 kOldNativeDiscountFactor: 65536 old_native_bytes: 134219281 new_native_bytes: 4689908 add_bytes_allowed: 34256415 is_gc_concurrent: 1 target_footprint_: 24241581 GetBytesAllocated: 13860648 HeapGrowthMultiplier: 3
12-21 16:46:46.910  3166  3658 I com.miui.home: CheckGCForNative gc_urgency 0.393648 current_native_bytes is 138909189
12-21 16:46:46.918  3166  3658 I com.miui.home: CheckGCForNative adj_start_bytes: 41172988 NativeAllocationGcWatermark: 11418805 java_gc_start_bytes: 24044781 kNewNativeDiscountFactor: 2 kOldNativeDiscountFactor: 65536 old_native_bytes: 134219281 new_native_bytes: 5473508 add_bytes_allowed: 34256415 is_gc_concurrent: 1 target_footprint_: 24241581 GetBytesAllocated: 13913976 HeapGrowthMultiplier: 3
12-21 16:46:46.918  3166  3658 I com.miui.home: CheckGCForNative gc_urgency 0.404459 current_native_bytes is 139692789
12-21 16:46:46.919  3166  3658 I com.miui.home: CheckGCForNative adj_start_bytes: 41172988 NativeAllocationGcWatermark: 11418805 java_gc_start_bytes: 24044781 kNewNativeDiscountFactor: 2 kOldNativeDiscountFactor: 65536 old_native_bytes: 134219281 new_native_bytes: 5935460 add_bytes_allowed: 34256415 is_gc_concurrent: 1 target_footprint_: 24241581 GetBytesAllocated: 13934456 HeapGrowthMultiplier: 3
12-21 16:46:46.919  3166  3658 I com.miui.home: CheckGCForNative gc_urgency 0.410566 current_native_bytes is 140154741
12-21 16:46:46.920  3166  3658 I com.miui.home: CheckGCForNative adj_start_bytes: 41172988 NativeAllocationGcWatermark: 11418805 java_gc_start_bytes: 24044781 kNewNativeDiscountFactor: 2 kOldNativeDiscountFactor: 65536 old_native_bytes: 134219281 new_native_bytes: 5976420 add_bytes_allowed: 34256415 is_gc_concurrent: 1 target_footprint_: 24241581 GetBytesAllocated: 13934456 HeapGrowthMultiplier: 3
12-21 16:46:46.920  3166  3658 I com.miui.home: CheckGCForNative gc_urgency 0.411064 current_native_bytes is 140195701
12-21 16:46:46.927  3166  3658 I com.miui.home: CheckGCForNative adj_start_bytes: 41172988 NativeAllocationGcWatermark: 11418805 java_gc_start_bytes: 24044781 kNewNativeDiscountFactor: 2 kOldNativeDiscountFactor: 65536 old_native_bytes: 134219281 new_native_bytes: 6513348 add_bytes_allowed: 34256415 is_gc_concurrent: 1 target_footprint_: 24241581 GetBytesAllocated: 13967416 HeapGrowthMultiplier: 3
12-21 16:46:46.927  3166  3658 I com.miui.home: CheckGCForNative gc_urgency 0.418384 current_native_bytes is 140732629
12-21 16:46:46.929  3166  3658 I com.miui.home: CheckGCForNative adj_start_bytes: 41172988 NativeAllocationGcWatermark: 11418805 java_gc_start_bytes: 24044781 kNewNativeDiscountFactor: 2 kOldNativeDiscountFactor: 65536 old_native_bytes: 134219281 new_native_bytes: 6896996 add_bytes_allowed: 34256415 is_gc_concurrent: 1 target_footprint_: 24241581 GetBytesAllocated: 13967416 HeapGrowthMultiplier: 3
12-21 16:46:46.929  3166  3658 I com.miui.home: CheckGCForNative gc_urgency 0.423043 current_native_bytes is 141116277
12-21 16:46:46.936  3166  3658 I com.miui.home: CheckGCForNative adj_start_bytes: 41172988 NativeAllocationGcWatermark: 11418805 java_gc_start_bytes: 24044781 kNewNativeDiscountFactor: 2 kOldNativeDiscountFactor: 65536 old_native_bytes: 134219281 new_native_bytes: 7663772 add_bytes_allowed: 34256415 is_gc_concurrent: 1 target_footprint_: 24241581 GetBytesAllocated: 14020728 HeapGrowthMultiplier: 3
12-21 16:46:46.936  3166  3658 I com.miui.home: CheckGCForNative gc_urgency 0.43365 current_native_bytes is 141883053
12-21 16:46:46.938  3166  3658 I com.miui.home: CheckGCForNative adj_start_bytes: 41172988 NativeAllocationGcWatermark: 11418805 java_gc_start_bytes: 24044781 kNewNativeDiscountFactor: 2 kOldNativeDiscountFactor: 65536 old_native_bytes: 134219281 new_native_bytes: 8125340 add_bytes_allowed: 34256415 is_gc_concurrent: 1 target_footprint_: 24241581 GetBytesAllocated: 14057592 HeapGrowthMultiplier: 3
12-21 16:46:46.938  3166  3658 I com.miui.home: CheckGCForNative gc_urgency 0.44015 current_native_bytes is 142344621
12-21 16:46:46.946  3166  3658 I com.miui.home: CheckGCForNative adj_start_bytes: 41172988 NativeAllocationGcWatermark: 11418805 java_gc_start_bytes: 24044781 kNewNativeDiscountFactor: 2 kOldNativeDiscountFactor: 65536 old_native_bytes: 134219281 new_native_bytes: 9268348 add_bytes_allowed: 34256415 is_gc_concurrent: 1 target_footprint_: 24241581 GetBytesAllocated: 14090536 HeapGrowthMultiplier: 3
12-21 16:46:46.946  3166  3658 I com.miui.home: CheckGCForNative gc_urgency 0.454831 current_native_bytes is 143487629
12-21 16:46:46.949  3166  3658 I com.miui.home: CheckGCForNative adj_start_bytes: 41172988 NativeAllocationGcWatermark: 11418805 java_gc_start_bytes: 24044781 kNewNativeDiscountFactor: 2 kOldNativeDiscountFactor: 65536 old_native_bytes: 134219281 new_native_bytes: 9694716 add_bytes_allowed: 34256415 is_gc_concurrent: 1 target_footprint_: 24241581 GetBytesAllocated: 14090536 HeapGrowthMultiplier: 3
12-21 16:46:46.949  3166  3658 I com.miui.home: CheckGCForNative gc_urgency 0.460009 current_native_bytes is 143913997
12-21 16:46:46.954  3166  3658 I com.miui.home: CheckGCForNative adj_start_bytes: 41172988 NativeAllocationGcWatermark: 11418805 java_gc_start_bytes: 24044781 kNewNativeDiscountFactor: 2 kOldNativeDiscountFactor: 65536 old_native_bytes: 134219281 new_native_bytes: 10456508 add_bytes_allowed: 34256415 is_gc_concurrent: 1 target_footprint_: 24241581 GetBytesAllocated: 14139864 HeapGrowthMultiplier: 3
12-21 16:46:46.954  3166  3658 I com.miui.home: CheckGCForNative gc_urgency 0.470458 current_native_bytes is 144675789
12-21 16:46:46.956  3166  3658 I com.miui.home: CheckGCForNative adj_start_bytes: 41172988 NativeAllocationGcWatermark: 11418805 java_gc_start_bytes: 24044781 kNewNativeDiscountFactor: 2 kOldNativeDiscountFactor: 65536 old_native_bytes: 134219281 new_native_bytes: 10915900 add_bytes_allowed: 34256415 is_gc_concurrent: 1 target_footprint_: 24241581 GetBytesAllocated: 14139864 HeapGrowthMultiplier: 3
12-21 16:46:46.956  3166  3658 I com.miui.home: CheckGCForNative gc_urgency 0.476037 current_native_bytes is 145135181
12-21 16:46:46.964  3166  3658 I com.miui.home: CheckGCForNative adj_start_bytes: 41172988 NativeAllocationGcWatermark: 11418805 java_gc_start_bytes: 24044781 kNewNativeDiscountFactor: 2 kOldNativeDiscountFactor: 65536 old_native_bytes: 134219281 new_native_bytes: 11857532 add_bytes_allowed: 34256415 is_gc_concurrent: 1 target_footprint_: 24241581 GetBytesAllocated: 14172696 HeapGrowthMultiplier: 3
12-21 16:46:46.964  3166  3658 I com.miui.home: CheckGCForNative gc_urgency 0.488269 current_native_bytes is 146076813
12-21 16:46:46.977  3166  3658 I com.miui.home: CheckGCForNative adj_start_bytes: 41172988 NativeAllocationGcWatermark: 11418805 java_gc_start_bytes: 24044781 kNewNativeDiscountFactor: 2 kOldNativeDiscountFactor: 65536 old_native_bytes: 134219281 new_native_bytes: 12727540 add_bytes_allowed: 34256415 is_gc_concurrent: 1 target_footprint_: 24241581 GetBytesAllocated: 14226008 HeapGrowthMultiplier: 3
12-21 16:46:46.978  3166  3658 I com.miui.home: CheckGCForNative gc_urgency 0.50013 current_native_bytes is 146946821
12-21 16:46:46.979  3166  3658 I com.miui.home: CheckGCForNative adj_start_bytes: 41172988 NativeAllocationGcWatermark: 11418805 java_gc_start_bytes: 24044781 kNewNativeDiscountFactor: 2 kOldNativeDiscountFactor: 65536 old_native_bytes: 134219281 new_native_bytes: 13189492 add_bytes_allowed: 34256415 is_gc_concurrent: 1 target_footprint_: 24241581 GetBytesAllocated: 14246488 HeapGrowthMultiplier: 3
12-21 16:46:46.979  3166  3658 I com.miui.home: CheckGCForNative gc_urgency 0.506237 current_native_bytes is 147408773
12-21 16:46:46.986  3166  3658 I com.miui.home: CheckGCForNative adj_start_bytes: 41172988 NativeAllocationGcWatermark: 11418805 java_gc_start_bytes: 24044781 kNewNativeDiscountFactor: 2 kOldNativeDiscountFactor: 65536 old_native_bytes: 134219281 new_native_bytes: 13932628 add_bytes_allowed: 34256415 is_gc_concurrent: 1 target_footprint_: 24241581 GetBytesAllocated: 14295816 HeapGrowthMultiplier: 3
12-21 16:46:46.986  3166  3658 I com.miui.home: CheckGCForNative gc_urgency 0.516459 current_native_bytes is 148151909
12-21 16:46:46.990  3166  3658 I com.miui.home: CheckGCForNative adj_start_bytes: 41172988 NativeAllocationGcWatermark: 11418805 java_gc_start_bytes: 24044781 kNewNativeDiscountFactor: 2 kOldNativeDiscountFactor: 65536 old_native_bytes: 134219281 new_native_bytes: 14592212 add_bytes_allowed: 34256415 is_gc_concurrent: 1 target_footprint_: 24241581 GetBytesAllocated: 14295816 HeapGrowthMultiplier: 3
12-21 16:46:46.990  3166  3658 I com.miui.home: CheckGCForNative gc_urgency 0.524469 current_native_bytes is 148811493
12-21 16:46:47.002  3166  3658 I com.miui.home: CheckGCForNative adj_start_bytes: 41172988 NativeAllocationGcWatermark: 11418805 java_gc_start_bytes: 24044781 kNewNativeDiscountFactor: 2 kOldNativeDiscountFactor: 65536 old_native_bytes: 134219281 new_native_bytes: 15563604 add_bytes_allowed: 34256415 is_gc_concurrent: 1 target_footprint_: 24241581 GetBytesAllocated: 14377864 HeapGrowthMultiplier: 3
12-21 16:46:47.002  3166  3658 I com.miui.home: CheckGCForNative gc_urgency 0.538259 current_native_bytes is 149782885
12-21 16:46:47.002  3166  3658 I cccccc  : createTaskSnapshot:
12-21 16:46:47.003  3166  3658 I cccccc  : getTaskSnapshotInstance: 99
12-21 16:46:47.003  3166  3658 I com.miui.home: CheckGCForNative adj_start_bytes: 41172988 NativeAllocationGcWatermark: 11418805 java_gc_start_bytes: 24044781 kNewNativeDiscountFactor: 2 kOldNativeDiscountFactor: 65536 old_native_bytes: 134219281 new_native_bytes: 26270100 add_bytes_allowed: 34256415 is_gc_concurrent: 1 target_footprint_: 24241581 GetBytesAllocated: 14377864 HeapGrowthMultiplier: 3
12-21 16:46:47.003  3166  3658 I com.miui.home: CheckGCForNative gc_urgency 0.668277 current_native_bytes is 160489381
12-21 16:46:47.004  3166  3658 I cccccc  : getTaskThumbnailInfo: 2460 1.0  10705920
12-21 16:46:47.014  3166  3344 I com.miui.home: CheckGCForNative adj_start_bytes: 41172988 NativeAllocationGcWatermark: 11418805 java_gc_start_bytes: 24044781 kNewNativeDiscountFactor: 2 kOldNativeDiscountFactor: 65536 old_native_bytes: 134219281 new_native_bytes: 16032132 add_bytes_allowed: 34256415 is_gc_concurrent: 1 target_footprint_: 24241581 GetBytesAllocated: 14591592 HeapGrowthMultiplier: 3
12-21 16:46:47.015  3166  3344 I com.miui.home: CheckGCForNative gc_urgency 0.549139 current_native_bytes is 150251413
12-21 16:46:47.018  3166  3344 I com.miui.home: CheckGCForNative adj_start_bytes: 41172988 NativeAllocationGcWatermark: 11418805 java_gc_start_bytes: 24044781 kNewNativeDiscountFactor: 2 kOldNativeDiscountFactor: 65536 old_native_bytes: 134219281 new_native_bytes: 17656772 add_bytes_allowed: 34256415 is_gc_concurrent: 1 target_footprint_: 24241581 GetBytesAllocated: 14624472 HeapGrowthMultiplier: 3
12-21 16:46:47.018  3166  3344 I com.miui.home: CheckGCForNative gc_urgency 0.569667 current_native_bytes is 151876053
12-21 16:46:47.020  3166  3658 I com.miui.home: CheckGCForNative adj_start_bytes: 41172988 NativeAllocationGcWatermark: 11418805 java_gc_start_bytes: 24044781 kNewNativeDiscountFactor: 2 kOldNativeDiscountFactor: 65536 old_native_bytes: 134219281 new_native_bytes: 16700828 add_bytes_allowed: 34256415 is_gc_concurrent: 1 target_footprint_: 24241581 GetBytesAllocated: 14624472 HeapGrowthMultiplier: 3
12-21 16:46:47.020  3166  3658 I com.miui.home: CheckGCForNative gc_urgency 0.558058 current_native_bytes is 150920109
12-21 16:46:47.033  3166  3658 I com.miui.home: CheckGCForNative adj_start_bytes: 41172988 NativeAllocationGcWatermark: 11418805 java_gc_start_bytes: 24044781 kNewNativeDiscountFactor: 2 kOldNativeDiscountFactor: 65536 old_native_bytes: 134219281 new_native_bytes: 16967760 add_bytes_allowed: 34256415 is_gc_concurrent: 1 target_footprint_: 24241581 GetBytesAllocated: 14755544 HeapGrowthMultiplier: 3
12-21 16:46:47.033  3166  3658 I com.miui.home: CheckGCForNative gc_urgency 0.564483 current_native_bytes is 151187041
12-21 16:46:47.130  3166  3166 I wm_on_top_resumed_lost_called: [151440729,com.miui.home.launcher.Launcher,topStateChangedWhenResumed]
12-21 16:46:47.140  3166  3166 I wm_on_paused_called: [0,151440729,com.miui.home.launcher.Launcher,performPause,1]
12-21 16:46:47.167  3166  9988 D cccccc  : onTaskStackChangedBackground
12-21 16:46:47.167  3166  3593 D cccccc  : onTaskStackChangedBackground
12-21 16:46:47.169  3166  9988 D cccccc  : onTaskStackChangedBackground
12-21 16:46:47.182  3166  3593 D cccccc  : onTaskStackChangedBackground
12-21 16:46:47.223  3166  3658 I com.miui.home: CheckGCForNative adj_start_bytes: 41172988 NativeAllocationGcWatermark: 11418805 java_gc_start_bytes: 24044781 kNewNativeDiscountFactor: 2 kOldNativeDiscountFactor: 65536 old_native_bytes: 134219281 new_native_bytes: 17877812 add_bytes_allowed: 34256415 is_gc_concurrent: 1 target_footprint_: 24241581 GetBytesAllocated: 15476888 HeapGrowthMultiplier: 3
12-21 16:46:47.223  3166  3658 I com.miui.home: CheckGCForNative gc_urgency 0.593055 current_native_bytes is 152097093
12-21 16:46:47.252  3166  3593 D cccccc  : onTaskStackChangedBackground
12-21 16:46:47.257  3166  9988 D cccccc  : onTaskStackChangedBackground
12-21 16:46:47.259  3166  3593 D cccccc  : onTaskStackChangedBackground
12-21 16:46:47.261  3166  3658 I com.miui.home: CheckGCForNative adj_start_bytes: 41172988 NativeAllocationGcWatermark: 11418805 java_gc_start_bytes: 24044781 kNewNativeDiscountFactor: 2 kOldNativeDiscountFactor: 65536 old_native_bytes: 134219281 new_native_bytes: 18157456 add_bytes_allowed: 34256415 is_gc_concurrent: 1 target_footprint_: 24241581 GetBytesAllocated: 15845624 HeapGrowthMultiplier: 3
12-21 16:46:47.261  3166  3658 I com.miui.home: CheckGCForNative gc_urgency 0.605407 current_native_bytes is 152376737
12-21 16:46:47.305  3166  3658 I cccccc  : createTaskSnapshot:
12-21 16:46:47.305  3166  3658 I cccccc  : getTaskSnapshotInstance: 100
12-21 16:46:47.362  3166  3658 I com.miui.home: CheckGCForNative adj_start_bytes: 41172988 NativeAllocationGcWatermark: 11418805 java_gc_start_bytes: 24044781 kNewNativeDiscountFactor: 2 kOldNativeDiscountFactor: 65536 old_native_bytes: 134219281 new_native_bytes: 18230180 add_bytes_allowed: 34256415 is_gc_concurrent: 1 target_footprint_: 24241581 GetBytesAllocated: 16288376 HeapGrowthMultiplier: 3
12-21 16:46:47.362  3166  3658 I com.miui.home: CheckGCForNative gc_urgency 0.617043 current_native_bytes is 152449461
12-21 16:46:47.407  3166  3378 I com.miui.home: CheckGCForNative adj_start_bytes: 41172988 NativeAllocationGcWatermark: 11418805 java_gc_start_bytes: 24044781 kNewNativeDiscountFactor: 2 kOldNativeDiscountFactor: 65536 old_native_bytes: 134219281 new_native_bytes: 18276260 add_bytes_allowed: 34256415 is_gc_concurrent: 1 target_footprint_: 24241581 GetBytesAllocated: 16534136 HeapGrowthMultiplier: 3
12-21 16:46:47.407  3166  3378 I com.miui.home: CheckGCForNative gc_urgency 0.623572 current_native_bytes is 152495541
12-21 16:46:47.410  3166  3658 I cccccc  : createTaskSnapshot:
12-21 16:46:47.410  3166  3658 I cccccc  : getTaskSnapshotInstance: 100
12-21 16:46:48.230 10098 10098 I wm_on_create_called: [0,246880607,com.tencent.qqlive.ona.activity.SplashHomeActivity,performCreate,185]
12-21 16:46:48.237 10098 10098 I wm_on_start_called: [0,246880607,com.tencent.qqlive.ona.activity.SplashHomeActivity,handleStartActivity,6]
12-21 16:46:48.255 10098 10098 I wm_on_resume_called: [0,246880607,com.tencent.qqlive.ona.activity.SplashHomeActivity,RESUME_ACTIVITY,17]
12-21 16:46:48.277 10098 10098 I wm_on_top_resumed_gained_called: [246880607,com.tencent.qqlive.ona.activity.SplashHomeActivity,topStateChangedWhenResumed]
12-21 16:46:48.845  3166  3593 I com.miui.home: CheckGCForNative adj_start_bytes: 41172988 NativeAllocationGcWatermark: 11418805 java_gc_start_bytes: 24044781 kNewNativeDiscountFactor: 2 kOldNativeDiscountFactor: 65536 old_native_bytes: 134219281 new_native_bytes: 29125096 add_bytes_allowed: 34256415 is_gc_concurrent: 1 target_footprint_: 24241581 GetBytesAllocated: 17321464 HeapGrowthMultiplier: 3
12-21 16:46:48.845  3166  3593 I com.miui.home: CheckGCForNative gc_urgency 0.774441 current_native_bytes is 163344377
12-21 16:46:48.845  3166  3593 I cccccc  : createTaskSnapshotCompat:
12-21 16:46:48.846  3166  3593 I com.miui.home: CheckGCForNative adj_start_bytes: 41172988 NativeAllocationGcWatermark: 11418805 java_gc_start_bytes: 24044781 kNewNativeDiscountFactor: 2 kOldNativeDiscountFactor: 65536 old_native_bytes: 134219281 new_native_bytes: 39831016 add_bytes_allowed: 34256415 is_gc_concurrent: 1 target_footprint_: 24241581 GetBytesAllocated: 17321656 HeapGrowthMultiplier: 3
12-21 16:46:48.846  3166  3593 I com.miui.home: CheckGCForNative gc_urgency 0.904457 current_native_bytes is 174050297
12-21 16:46:48.847  3166  3593 I cccccc  : getTaskThumbnailInfo: 2460 1.0  10705920
12-21 16:46:48.950  3166  3738 I cccccc  : getTaskSnapshot:
12-21 16:46:48.951  3166  3738 I com.miui.home: CheckGCForNative adj_start_bytes: 41172988 NativeAllocationGcWatermark: 11418805 java_gc_start_bytes: 24044781 kNewNativeDiscountFactor: 2 kOldNativeDiscountFactor: 65536 old_native_bytes: 134219281 new_native_bytes: 39838504 add_bytes_allowed: 34256415 is_gc_concurrent: 1 target_footprint_: 24241581 GetBytesAllocated: 17420120 HeapGrowthMultiplier: 3
12-21 16:46:48.951  3166  3738 I com.miui.home: CheckGCForNative gc_urgency 0.90694 current_native_bytes is 174057785
12-21 16:46:48.951  3166  3166 I cccccc  : createTaskSnapshotCompat:
12-21 16:46:48.951  3166  3166 I cccccc  : getTaskThumbnailInfo: 2460 1.0  10705920
12-21 16:46:49.047  3166  3378 I com.miui.home: CheckGCForNative adj_start_bytes: 41172988 NativeAllocationGcWatermark: 11418805 java_gc_start_bytes: 24044781 kNewNativeDiscountFactor: 2 kOldNativeDiscountFactor: 65536 old_native_bytes: 134219281 new_native_bytes: 29140968 add_bytes_allowed: 34256415 is_gc_concurrent: 1 target_footprint_: 24241581 GetBytesAllocated: 17485896 HeapGrowthMultiplier: 3
12-21 16:46:49.047  3166  3378 I com.miui.home: CheckGCForNative gc_urgency 0.778628 current_native_bytes is 163360249
12-21 16:46:49.256  3166  3166 I wm_on_stop_called: [0,151440729,com.miui.home.launcher.Launcher,STOP_ACTIVITY_ITEM,3]
12-21 16:46:50.551 10654 10654 I wm_on_application_create_called: [0,com.xiaomi.market,265]
12-21 16:46:50.785  3166  3166 I wm_on_restart_called: [0,151440729,com.miui.home.launcher.Launcher,performRestartActivity,0]
12-21 16:46:50.786  3166  3166 I wm_on_start_called: [0,151440729,com.miui.home.launcher.Launcher,handleStartActivity,1]
12-21 16:46:50.850  3166  3206 I com.miui.home: CheckGCForNative adj_start_bytes: 41172988 NativeAllocationGcWatermark: 11418805 java_gc_start_bytes: 24044781 kNewNativeDiscountFactor: 2 kOldNativeDiscountFactor: 65536 old_native_bytes: 134219281 new_native_bytes: 39780868 add_bytes_allowed: 34256415 is_gc_concurrent: 1 target_footprint_: 24241581 GetBytesAllocated: 18380008 HeapGrowthMultiplier: 3
12-21 16:46:50.850  3166  3206 I com.miui.home: CheckGCForNative gc_urgency 0.929553 current_native_bytes is 174000149
12-21 16:46:50.850  3166  3206 I cccccc  : createTaskSnapshotCompat:
12-21 16:46:50.851  3166  3206 I com.miui.home: CheckGCForNative adj_start_bytes: 41172988 NativeAllocationGcWatermark: 11418805 java_gc_start_bytes: 24044781 kNewNativeDiscountFactor: 2 kOldNativeDiscountFactor: 65536 old_native_bytes: 134219281 new_native_bytes: 50487428 add_bytes_allowed: 34256415 is_gc_concurrent: 1 target_footprint_: 24241581 GetBytesAllocated: 18380200 HeapGrowthMultiplier: 3
12-21 16:46:50.851  3166  3206 I com.miui.home: CheckGCForNative gc_urgency 1.05958 current_native_bytes is 184706709
12-21 16:46:50.851  3166  3206 I com.miui.home: CheckGCForNative requested 1
12-21 16:46:50.851  3166  3206 I cccccc  : getTaskThumbnailInfo: 2460 1.0  10705920
12-21 16:46:50.912  3166  3378 I com.miui.home: CheckGCForNative adj_start_bytes: 41172988 NativeAllocationGcWatermark: 11418805 java_gc_start_bytes: 24044781 kNewNativeDiscountFactor: 2 kOldNativeDiscountFactor: 65536 old_native_bytes: 134219281 new_native_bytes: 39883452 add_bytes_allowed: 34256415 is_gc_concurrent: 1 target_footprint_: 24241581 GetBytesAllocated: 18445832 HeapGrowthMultiplier: 3
12-21 16:46:50.912  3166  3378 I com.miui.home: CheckGCForNative gc_urgency 0.932398 current_native_bytes is 174102733
12-21 16:46:50.919  3166  3738 I cccccc  : getTaskSnapshot:
12-21 16:46:50.919  3166  3738 I com.miui.home: CheckGCForNative adj_start_bytes: 41172988 NativeAllocationGcWatermark: 11418805 java_gc_start_bytes: 24044781 kNewNativeDiscountFactor: 2 kOldNativeDiscountFactor: 65536 old_native_bytes: 134219281 new_native_bytes: 50590972 add_bytes_allowed: 34256415 is_gc_concurrent: 1 target_footprint_: 24241581 GetBytesAllocated: 18445832 HeapGrowthMultiplier: 3
12-21 16:46:50.919  3166  3738 I com.miui.home: CheckGCForNative gc_urgency 1.06243 current_native_bytes is 184810253
12-21 16:46:50.919  3166  3738 I com.miui.home: CheckGCForNative requested 1
12-21 16:46:50.936  3166  3166 I cccccc  : createTaskSnapshotCompat:
12-21 16:46:50.937  3166  3166 I cccccc  : getTaskThumbnailInfo: 2460 1.0  10705920
12-21 16:46:51.299  3166  3201 I com.miui.home: NativeAlloc concurrent copying GC freed 107949(5681KB) AllocSpace objects, 22(664KB) LOS objects, 49% free, 11MB/23MB, paused 117us,32us total 445.611ms
12-21 16:46:51.312  3166  3378 I com.miui.home: CheckGCForNative gc_urgency 0 current_native_bytes is 158862521
12-21 16:46:51.393  3166  3377 I cccccc  : createTaskSnapshotCompat:
12-21 16:46:51.494  3166  3738 D cccccc  : onTaskStackChangedBackground
12-21 16:46:51.495  3166  3206 D cccccc  : onTaskStackChangedBackground
12-21 16:46:51.498  3166  3593 D cccccc  : onTaskStackChangedBackground
12-21 16:46:51.547  3166  3658 I com.miui.home: CheckGCForNative gc_urgency 0 current_native_bytes is 133060673
12-21 16:46:51.575  3166  3658 I com.miui.home: CheckGCForNative adj_start_bytes: 41286383 NativeAllocationGcWatermark: 11441099 java_gc_start_bytes: 24124735 kNewNativeDiscountFactor: 2 kOldNativeDiscountFactor: 65536 old_native_bytes: 133060673 new_native_bytes: 700456 add_bytes_allowed: 34323297 is_gc_concurrent: 1 target_footprint_: 24419935 GetBytesAllocated: 12669312 HeapGrowthMultiplier: 3
12-21 16:46:51.575  3166  3658 I com.miui.home: CheckGCForNative gc_urgency 0.315396 current_native_bytes is 133761129
12-21 16:46:51.579  3166  3658 I com.miui.home: CheckGCForNative adj_start_bytes: 41286383 NativeAllocationGcWatermark: 11441099 java_gc_start_bytes: 24124735 kNewNativeDiscountFactor: 2 kOldNativeDiscountFactor: 65536 old_native_bytes: 133060673 new_native_bytes: 1427880 add_bytes_allowed: 34323297 is_gc_concurrent: 1 target_footprint_: 24419935 GetBytesAllocated: 12685696 HeapGrowthMultiplier: 3
12-21 16:46:51.579  3166  3658 I com.miui.home: CheckGCForNative gc_urgency 0.324603 current_native_bytes is 134488553
12-21 16:46:51.591  3166  3658 I com.miui.home: CheckGCForNative adj_start_bytes: 41286383 NativeAllocationGcWatermark: 11441099 java_gc_start_bytes: 24124735 kNewNativeDiscountFactor: 2 kOldNativeDiscountFactor: 65536 old_native_bytes: 133060673 new_native_bytes: 1849120 add_bytes_allowed: 34323297 is_gc_concurrent: 1 target_footprint_: 24419935 GetBytesAllocated: 12718640 HeapGrowthMultiplier: 3
12-21 16:46:51.591  3166  3658 I com.miui.home: CheckGCForNative gc_urgency 0.330502 current_native_bytes is 134909793
12-21 16:46:51.593  3166  3658 I com.miui.home: CheckGCForNative adj_start_bytes: 41286383 NativeAllocationGcWatermark: 11441099 java_gc_start_bytes: 24124735 kNewNativeDiscountFactor: 2 kOldNativeDiscountFactor: 65536 old_native_bytes: 133060673 new_native_bytes: 2245664 add_bytes_allowed: 34323297 is_gc_concurrent: 1 target_footprint_: 24419935 GetBytesAllocated: 12718640 HeapGrowthMultiplier: 3
12-21 16:46:51.593  3166  3658 I com.miui.home: CheckGCForNative gc_urgency 0.335304 current_native_bytes is 135306337
12-21 16:46:51.601  3166  3658 I com.miui.home: CheckGCForNative adj_start_bytes: 41286383 NativeAllocationGcWatermark: 11441099 java_gc_start_bytes: 24124735 kNewNativeDiscountFactor: 2 kOldNativeDiscountFactor: 65536 old_native_bytes: 133060673 new_native_bytes: 2790392 add_bytes_allowed: 34323297 is_gc_concurrent: 1 target_footprint_: 24419935 GetBytesAllocated: 12751584 HeapGrowthMultiplier: 3
12-21 16:46:51.601  3166  3658 I com.miui.home: CheckGCForNative gc_urgency 0.342699 current_native_bytes is 135851065
12-21 16:46:51.616  3166  3658 I com.miui.home: CheckGCForNative adj_start_bytes: 41286383 NativeAllocationGcWatermark: 11441099 java_gc_start_bytes: 24124735 kNewNativeDiscountFactor: 2 kOldNativeDiscountFactor: 65536 old_native_bytes: 133060673 new_native_bytes: 3321016 add_bytes_allowed: 34323297 is_gc_concurrent: 1 target_footprint_: 24419935 GetBytesAllocated: 12784544 HeapGrowthMultiplier: 3
12-21 16:46:51.617  3166  3658 I com.miui.home: CheckGCForNative gc_urgency 0.349924 current_native_bytes is 136381689
12-21 16:46:51.619  3166  3658 I com.miui.home: CheckGCForNative adj_start_bytes: 41286383 NativeAllocationGcWatermark: 11441099 java_gc_start_bytes: 24124735 kNewNativeDiscountFactor: 2 kOldNativeDiscountFactor: 65536 old_native_bytes: 133060673 new_native_bytes: 3717336 add_bytes_allowed: 34323297 is_gc_concurrent: 1 target_footprint_: 24419935 GetBytesAllocated: 12784544 HeapGrowthMultiplier: 3
12-21 16:46:51.619  3166  3658 I com.miui.home: CheckGCForNative gc_urgency 0.354723 current_native_bytes is 136778009
12-21 16:46:51.645  3166  3658 I com.miui.home: CheckGCForNative adj_start_bytes: 41286383 NativeAllocationGcWatermark: 11441099 java_gc_start_bytes: 24124735 kNewNativeDiscountFactor: 2 kOldNativeDiscountFactor: 65536 old_native_bytes: 133060673 new_native_bytes: 5115316 add_bytes_allowed: 34323297 is_gc_concurrent: 1 target_footprint_: 24419935 GetBytesAllocated: 12937408 HeapGrowthMultiplier: 3
12-21 16:46:51.645  3166  3658 I com.miui.home: CheckGCForNative gc_urgency 0.375356 current_native_bytes is 138175989
12-21 16:46:51.647  3166  3658 I com.miui.home: CheckGCForNative adj_start_bytes: 41286383 NativeAllocationGcWatermark: 11441099 java_gc_start_bytes: 24124735 kNewNativeDiscountFactor: 2 kOldNativeDiscountFactor: 65536 old_native_bytes: 133060673 new_native_bytes: 5577268 add_bytes_allowed: 34323297 is_gc_concurrent: 1 target_footprint_: 24419935 GetBytesAllocated: 12957888 HeapGrowthMultiplier: 3
12-21 16:46:51.647  3166  3658 I com.miui.home: CheckGCForNative gc_urgency 0.381447 current_native_bytes is 138637941
12-21 16:46:51.661  3166  3658 I com.miui.home: CheckGCForNative adj_start_bytes: 41286383 NativeAllocationGcWatermark: 11441099 java_gc_start_bytes: 24124735 kNewNativeDiscountFactor: 2 kOldNativeDiscountFactor: 65536 old_native_bytes: 133060673 new_native_bytes: 6400892 add_bytes_allowed: 34323297 is_gc_concurrent: 1 target_footprint_: 24419935 GetBytesAllocated: 13039952 HeapGrowthMultiplier: 3
12-21 16:46:51.661  3166  3658 I com.miui.home: CheckGCForNative gc_urgency 0.393409 current_native_bytes is 139461565
12-21 16:46:51.663  3166  3658 I com.miui.home: CheckGCForNative adj_start_bytes: 41286383 NativeAllocationGcWatermark: 11441099 java_gc_start_bytes: 24124735 kNewNativeDiscountFactor: 2 kOldNativeDiscountFactor: 65536 old_native_bytes: 133060673 new_native_bytes: 6656972 add_bytes_allowed: 34323297 is_gc_concurrent: 1 target_footprint_: 24419935 GetBytesAllocated: 13040080 HeapGrowthMultiplier: 3
12-21 16:46:51.663  3166  3658 I com.miui.home: CheckGCForNative gc_urgency 0.396513 current_native_bytes is 139717645
12-21 16:46:51.679  3166  3658 I com.miui.home: CheckGCForNative adj_start_bytes: 41286383 NativeAllocationGcWatermark: 11441099 java_gc_start_bytes: 24124735 kNewNativeDiscountFactor: 2 kOldNativeDiscountFactor: 65536 old_native_bytes: 133060673 new_native_bytes: 7440652 add_bytes_allowed: 34323297 is_gc_concurrent: 1 target_footprint_: 24419935 GetBytesAllocated: 13093392 HeapGrowthMultiplier: 3
12-21 16:46:51.679  3166  3658 I com.miui.home: CheckGCForNative gc_urgency 0.407295 current_native_bytes is 140501325
12-21 16:46:51.681  3166  3658 I com.miui.home: CheckGCForNative adj_start_bytes: 41286383 NativeAllocationGcWatermark: 11441099 java_gc_start_bytes: 24124735 kNewNativeDiscountFactor: 2 kOldNativeDiscountFactor: 65536 old_native_bytes: 133060673 new_native_bytes: 7902604 add_bytes_allowed: 34323297 is_gc_concurrent: 1 target_footprint_: 24419935 GetBytesAllocated: 13130256 HeapGrowthMultiplier: 3
12-21 16:46:51.681  3166  3658 I com.miui.home: CheckGCForNative gc_urgency 0.413783 current_native_bytes is 140963277
12-21 16:46:51.689  3166  3658 I com.miui.home: CheckGCForNative adj_start_bytes: 41286383 NativeAllocationGcWatermark: 11441099 java_gc_start_bytes: 24124735 kNewNativeDiscountFactor: 2 kOldNativeDiscountFactor: 65536 old_native_bytes: 133060673 new_native_bytes: 8480556 add_bytes_allowed: 34323297 is_gc_concurrent: 1 target_footprint_: 24419935 GetBytesAllocated: 13163216 HeapGrowthMultiplier: 3
12-21 16:46:51.689  3166  3658 I com.miui.home: CheckGCForNative gc_urgency 0.42158 current_native_bytes is 141541229
12-21 16:46:51.697  3166  3658 I com.miui.home: CheckGCForNative adj_start_bytes: 41286383 NativeAllocationGcWatermark: 11441099 java_gc_start_bytes: 24124735 kNewNativeDiscountFactor: 2 kOldNativeDiscountFactor: 65536 old_native_bytes: 133060673 new_native_bytes: 8864396 add_bytes_allowed: 34323297 is_gc_concurrent: 1 target_footprint_: 24419935 GetBytesAllocated: 13163216 HeapGrowthMultiplier: 3
12-21 16:46:51.697  3166  3658 I com.miui.home: CheckGCForNative gc_urgency 0.426229 current_native_bytes is 141925069
12-21 16:46:51.759  3166  3658 I com.miui.home: CheckGCForNative adj_start_bytes: 41286383 NativeAllocationGcWatermark: 11441099 java_gc_start_bytes: 24124735 kNewNativeDiscountFactor: 2 kOldNativeDiscountFactor: 65536 old_native_bytes: 133060673 new_native_bytes: 9739076 add_bytes_allowed: 34323297 is_gc_concurrent: 1 target_footprint_: 24419935 GetBytesAllocated: 13445904 HeapGrowthMultiplier: 3
12-21 16:46:51.759  3166  3658 I com.miui.home: CheckGCForNative gc_urgency 0.443669 current_native_bytes is 142799749
12-21 16:46:51.763  3166  3658 I com.miui.home: CheckGCForNative adj_start_bytes: 41286383 NativeAllocationGcWatermark: 11441099 java_gc_start_bytes: 24124735 kNewNativeDiscountFactor: 2 kOldNativeDiscountFactor: 65536 old_native_bytes: 133060673 new_native_bytes: 10200644 add_bytes_allowed: 34323297 is_gc_concurrent: 1 target_footprint_: 24419935 GetBytesAllocated: 13482768 HeapGrowthMultiplier: 3
12-21 16:46:51.763  3166  3658 I com.miui.home: CheckGCForNative gc_urgency 0.450151 current_native_bytes is 143261317
12-21 16:46:51.764  3166  3166 I wm_on_resume_called: [0,151440729,com.miui.home.launcher.Launcher,RESUME_ACTIVITY,15]
12-21 16:46:51.769  3166  3166 I wm_on_idle_called: com.miui.home.launcher.Launcher
12-21 16:46:51.803  3166  3658 I com.miui.home: CheckGCForNative adj_start_bytes: 41286383 NativeAllocationGcWatermark: 11441099 java_gc_start_bytes: 24124735 kNewNativeDiscountFactor: 2 kOldNativeDiscountFactor: 65536 old_native_bytes: 133060673 new_native_bytes: 11404696 add_bytes_allowed: 34323297 is_gc_concurrent: 1 target_footprint_: 24419935 GetBytesAllocated: 14319264 HeapGrowthMultiplier: 3
12-21 16:46:51.804  3166  3658 I com.miui.home: CheckGCForNative gc_urgency 0.484994 current_native_bytes is 144465369
12-21 16:46:51.807  3166  3658 I com.miui.home: CheckGCForNative adj_start_bytes: 41286383 NativeAllocationGcWatermark: 11441099 java_gc_start_bytes: 24124735 kNewNativeDiscountFactor: 2 kOldNativeDiscountFactor: 65536 old_native_bytes: 133060673 new_native_bytes: 11829336 add_bytes_allowed: 34323297 is_gc_concurrent: 1 target_footprint_: 24419935 GetBytesAllocated: 14319264 HeapGrowthMultiplier: 3
12-21 16:46:51.807  3166  3658 I com.miui.home: CheckGCForNative gc_urgency 0.490136 current_native_bytes is 144890009
12-21 16:46:51.847  3166  3658 I com.miui.home: CheckGCForNative adj_start_bytes: 41286383 NativeAllocationGcWatermark: 11441099 java_gc_start_bytes: 24124735 kNewNativeDiscountFactor: 2 kOldNativeDiscountFactor: 65536 old_native_bytes: 133060673 new_native_bytes: 12592536 add_bytes_allowed: 34323297 is_gc_concurrent: 1 target_footprint_: 24419935 GetBytesAllocated: 14368592 HeapGrowthMultiplier: 3
12-21 16:46:51.847  3166  3658 I com.miui.home: CheckGCForNative gc_urgency 0.500574 current_native_bytes is 145653209
12-21 16:46:51.850  3166  3658 I com.miui.home: CheckGCForNative adj_start_bytes: 41286383 NativeAllocationGcWatermark: 11441099 java_gc_start_bytes: 24124735 kNewNativeDiscountFactor: 2 kOldNativeDiscountFactor: 65536 old_native_bytes: 133060673 new_native_bytes: 13051928 add_bytes_allowed: 34323297 is_gc_concurrent: 1 target_footprint_: 24419935 GetBytesAllocated: 14368592 HeapGrowthMultiplier: 3
12-21 16:46:51.850  3166  3658 I com.miui.home: CheckGCForNative gc_urgency 0.506137 current_native_bytes is 146112601
12-21 16:46:51.887  3166  3658 I com.miui.home: CheckGCForNative adj_start_bytes: 41286383 NativeAllocationGcWatermark: 11441099 java_gc_start_bytes: 24124735 kNewNativeDiscountFactor: 2 kOldNativeDiscountFactor: 65536 old_native_bytes: 133060673 new_native_bytes: 13993560 add_bytes_allowed: 34323297 is_gc_concurrent: 1 target_footprint_: 24419935 GetBytesAllocated: 14401424 HeapGrowthMultiplier: 3
12-21 16:46:51.887  3166  3658 I com.miui.home: CheckGCForNative gc_urgency 0.518336 current_native_bytes is 147054233
12-21 16:46:51.890  3166  3658 I com.miui.home: CheckGCForNative adj_start_bytes: 41286383 NativeAllocationGcWatermark: 11441099 java_gc_start_bytes: 24124735 kNewNativeDiscountFactor: 2 kOldNativeDiscountFactor: 65536 old_native_bytes: 133060673 new_native_bytes: 13995064 add_bytes_allowed: 34323297 is_gc_concurrent: 1 target_footprint_: 24419935 GetBytesAllocated: 14417808 HeapGrowthMultiplier: 3
12-21 16:46:51.890  3166  3658 I com.miui.home: CheckGCForNative gc_urgency 0.518751 current_native_bytes is 147055737
12-21 16:46:51.923  3166  3166 I wm_on_paused_called: [0,151440729,com.miui.home.launcher.Launcher,performPause,2]
12-21 16:46:52.040  3166  3738 D cccccc  : onTaskStackChangedBackground
12-21 16:46:52.041  3166  3738 D cccccc  : onTaskStackChangedBackground
12-21 16:46:52.041  3166  9988 D cccccc  : onTaskStackChangedBackground
12-21 16:46:52.042  3166  9988 D cccccc  : onTaskStackChangedBackground
12-21 16:46:52.093  3166  9988 D cccccc  : onTaskStackChangedBackground
12-21 16:46:52.096  3166  3206 D cccccc  : onTaskStackChangedBackground
12-21 16:46:52.104  3166  9988 D cccccc  : onTaskStackChangedBackground
12-21 16:46:52.224  3166  3378 I com.miui.home: CheckGCForNative adj_start_bytes: 41286383 NativeAllocationGcWatermark: 11441099 java_gc_start_bytes: 24124735 kNewNativeDiscountFactor: 2 kOldNativeDiscountFactor: 65536 old_native_bytes: 133060673 new_native_bytes: 14453696 add_bytes_allowed: 34323297 is_gc_concurrent: 1 target_footprint_: 24419935 GetBytesAllocated: 15147632 HeapGrowthMultiplier: 3
12-21 16:46:52.224  3166  3378 I com.miui.home: CheckGCForNative gc_urgency 0.541983 current_native_bytes is 147514369
12-21 16:46:52.281  3166  3658 I com.miui.home: CheckGCForNative adj_start_bytes: 41286383 NativeAllocationGcWatermark: 11441099 java_gc_start_bytes: 24124735 kNewNativeDiscountFactor: 2 kOldNativeDiscountFactor: 65536 old_native_bytes: 133060673 new_native_bytes: 14462932 add_bytes_allowed: 34323297 is_gc_concurrent: 1 target_footprint_: 24419935 GetBytesAllocated: 15393392 HeapGrowthMultiplier: 3
12-21 16:46:52.281  3166  3658 I com.miui.home: CheckGCForNative gc_urgency 0.548047 current_native_bytes is 147523605
12-21 16:46:52.282  5607  5607 I wm_on_create_called: [0,114112453,com.tencent.mobileqq.activity.SplashActivity,performCreate,173]
12-21 16:46:52.286  3166  3658 I cccccc  : createTaskSnapshot:
12-21 16:46:52.286  3166  3658 I cccccc  : getTaskSnapshotInstance: 101
12-21 16:46:52.291  5607  5607 I wm_on_start_called: [0,114112453,com.tencent.mobileqq.activity.SplashActivity,handleStartActivity,8]
12-21 16:46:52.307  3166  3658 I cccccc  : createTaskSnapshot:
12-21 16:46:52.307  3166  3658 I cccccc  : getTaskSnapshotInstance: 100
12-21 16:46:52.310  5607  5607 I wm_on_resume_called: [0,114112453,com.tencent.mobileqq.activity.SplashActivity,RESUME_ACTIVITY,19]
12-21 16:46:52.320  3166  3658 I com.miui.home: CheckGCForNative adj_start_bytes: 41286383 NativeAllocationGcWatermark: 11441099 java_gc_start_bytes: 24124735 kNewNativeDiscountFactor: 2 kOldNativeDiscountFactor: 65536 old_native_bytes: 133060673 new_native_bytes: 25162036 add_bytes_allowed: 34323297 is_gc_concurrent: 1 target_footprint_: 24419935 GetBytesAllocated: 15442640 HeapGrowthMultiplier: 3
12-21 16:46:52.320  3166  3658 I com.miui.home: CheckGCForNative gc_urgency 0.678812 current_native_bytes is 158222709
12-21 16:46:52.321  3166  3658 I cccccc  : getTaskThumbnailInfo: 2460 1.0  10705920
12-21 16:46:52.342  5607  5607 I wm_on_top_resumed_gained_called: [114112453,com.tencent.mobileqq.activity.SplashActivity,topStateChangedWhenResumed]
12-21 16:46:52.557  3166  3166 I wm_on_stop_called: [0,151440729,com.miui.home.launcher.Launcher,STOP_ACTIVITY_ITEM,4]
12-21 16:46:52.602  5607  5607 I wm_on_top_resumed_lost_called: [114112453,com.tencent.mobileqq.activity.SplashActivity,topStateChangedWhenResumed]
12-21 16:46:52.605  5607  5607 I wm_on_paused_called: [0,114112453,com.tencent.mobileqq.activity.SplashActivity,performPause,1]
12-21 16:46:52.691  5607  5607 I wm_on_create_called: [0,62580524,com.tencent.mobileqq.activity.LoginActivity,performCreate,43]
12-21 16:46:52.716  3166  9988 D cccccc  : onTaskStackChangedBackground
12-21 16:46:52.726  3166  3593 D cccccc  : onTaskStackChangedBackground
12-21 16:46:52.726  3166  9988 D cccccc  : onTaskStackChangedBackground
12-21 16:46:52.734  5607  5607 I wm_on_start_called: [0,62580524,com.tencent.mobileqq.activity.LoginActivity,handleStartActivity,42]
12-21 16:46:52.742  5607  5607 I wm_on_resume_called: [0,62580524,com.tencent.mobileqq.activity.LoginActivity,RESUME_ACTIVITY,8]
12-21 16:46:52.749  5607  5607 I wm_on_top_resumed_gained_called: [62580524,com.tencent.mobileqq.activity.LoginActivity,topStateChangedWhenResumed]
