12-21 17:04:27.234  3178  3656 I com.miui.home: CheckGCForNative adj_start_bytes: 40509006 NativeAllocationGcWatermark: 11360981 java_gc_start_bytes: 23467535 kNewNativeDiscountFactor: 2 kOldNativeDiscountFactor: 65536 old_native_bytes: 118848313 new_native_bytes: 17664848 add_bytes_allowed: 34082943 is_gc_concurrent: 1 target_footprint_: 23778991 GetBytesAllocated: 12742952 HeapGrowthMultiplier: 3
12-21 17:04:27.234  3178  3656 I com.miui.home: CheckGCForNative gc_urgency 0.532652 current_native_bytes is 136513161
12-21 17:04:27.295  3178  3656 I com.miui.home: CheckGCForNative adj_start_bytes: 40509006 NativeAllocationGcWatermark: 11360981 java_gc_start_bytes: 23467535 kNewNativeDiscountFactor: 2 kOldNativeDiscountFactor: 65536 old_native_bytes: 118848313 new_native_bytes: 18172736 add_bytes_allowed: 34082943 is_gc_concurrent: 1 target_footprint_: 23778991 GetBytesAllocated: 12808680 HeapGrowthMultiplier: 3
12-21 17:04:27.295  3178  3656 I com.miui.home: CheckGCForNative gc_urgency 0.540543 current_native_bytes is 137021049
12-21 17:04:27.305  3178  3656 I com.miui.home: CheckGCForNative adj_start_bytes: 40509006 NativeAllocationGcWatermark: 11360981 java_gc_start_bytes: 23467535 kNewNativeDiscountFactor: 2 kOldNativeDiscountFactor: 65536 old_native_bytes: 118848313 new_native_bytes: 18569984 add_bytes_allowed: 34082943 is_gc_concurrent: 1 target_footprint_: 23778991 GetBytesAllocated: 12808680 HeapGrowthMultiplier: 3
12-21 17:04:27.305  3178  3656 I com.miui.home: CheckGCForNative gc_urgency 0.545446 current_native_bytes is 137418297
12-21 17:04:27.306  3178  3361 I com.miui.home: CheckGCForNative adj_start_bytes: 40509006 NativeAllocationGcWatermark: 11360981 java_gc_start_bytes: 23467535 kNewNativeDiscountFactor: 2 kOldNativeDiscountFactor: 65536 old_native_bytes: 118848313 new_native_bytes: 18574656 add_bytes_allowed: 34082943 is_gc_concurrent: 1 target_footprint_: 23778991 GetBytesAllocated: 12825064 HeapGrowthMultiplier: 3
12-21 17:04:27.306  3178  3361 I com.miui.home: CheckGCForNative gc_urgency 0.545908 current_native_bytes is 137422969
12-21 17:04:27.309  8317  8317 I wm_on_idle_called: fm.qingting.qtradio.QTRadioActivity
12-21 17:04:27.628  3178  3361 I com.miui.home: CheckGCForNative adj_start_bytes: 40509006 NativeAllocationGcWatermark: 11360981 java_gc_start_bytes: 23467535 kNewNativeDiscountFactor: 2 kOldNativeDiscountFactor: 65536 old_native_bytes: 118848313 new_native_bytes: 19808736 add_bytes_allowed: 34082943 is_gc_concurrent: 1 target_footprint_: 23778991 GetBytesAllocated: 13054568 HeapGrowthMultiplier: 3
12-21 17:04:27.628  3178  3361 I com.miui.home: CheckGCForNative gc_urgency 0.566806 current_native_bytes is 138657049
12-21 17:04:27.760  3178  3178 I wm_on_resume_called: [0,239115788,com.miui.home.launcher.Launcher,RESUME_ACTIVITY,8]
12-21 17:04:27.762  3178  3178 I wm_on_idle_called: com.miui.home.launcher.Launcher
12-21 17:04:27.782  3178  3360 I cccccc  : createTaskSnapshotCompat:
12-21 17:04:27.903  3178  3218 D cccccc  : onTaskStackChangedBackground
12-21 17:04:27.904  3178  3205 D cccccc  : onTaskStackChangedBackground
12-21 17:04:27.904  3178  3218 D cccccc  : onTaskStackChangedBackground
12-21 17:04:27.950  3178  3218 I com.miui.home: CheckGCForNative adj_start_bytes: 40509006 NativeAllocationGcWatermark: 11360981 java_gc_start_bytes: 23467535 kNewNativeDiscountFactor: 2 kOldNativeDiscountFactor: 65536 old_native_bytes: 118848313 new_native_bytes: 19643616 add_bytes_allowed: 34082943 is_gc_concurrent: 1 target_footprint_: 23778991 GetBytesAllocated: 14349928 HeapGrowthMultiplier: 3
12-21 17:04:27.951  3178  3218 I com.miui.home: CheckGCForNative gc_urgency 0.596745 current_native_bytes is 138491929
12-21 17:04:27.964  3178  3656 I com.miui.home: CheckGCForNative adj_start_bytes: 40509006 NativeAllocationGcWatermark: 11360981 java_gc_start_bytes: 23467535 kNewNativeDiscountFactor: 2 kOldNativeDiscountFactor: 65536 old_native_bytes: 118848313 new_native_bytes: 19890356 add_bytes_allowed: 34082943 is_gc_concurrent: 1 target_footprint_: 23778991 GetBytesAllocated: 14431848 HeapGrowthMultiplier: 3
12-21 17:04:27.964  3178  3656 I com.miui.home: CheckGCForNative gc_urgency 0.601813 current_native_bytes is 138738669
12-21 17:04:27.988  3178  3656 I cccccc  : createTaskSnapshot:
12-21 17:04:27.988  3178  3656 I cccccc  : getTaskSnapshotInstance: 148
12-21 17:04:28.031  3178  3178 I wm_on_paused_called: [0,239115788,com.miui.home.launcher.Launcher,performPause,7]
12-21 17:04:28.034  3178  3656 I com.miui.home: CheckGCForNative adj_start_bytes: 40509006 NativeAllocationGcWatermark: 11360981 java_gc_start_bytes: 23467535 kNewNativeDiscountFactor: 2 kOldNativeDiscountFactor: 65536 old_native_bytes: 118848313 new_native_bytes: 31029860 add_bytes_allowed: 34082943 is_gc_concurrent: 1 target_footprint_: 23778991 GetBytesAllocated: 14644888 HeapGrowthMultiplier: 3
12-21 17:04:28.034  3178  3656 I com.miui.home: CheckGCForNative gc_urgency 0.745375 current_native_bytes is 149878173
12-21 17:04:28.037  3178  3656 I cccccc  : getTaskThumbnailInfo: 2460 1.0  10705920
12-21 17:04:28.058  3178  8146 D cccccc  : onTaskStackChangedBackground
12-21 17:04:28.059  3178  8146 D cccccc  : onTaskStackChangedBackground
12-21 17:04:28.061  3178  3218 D cccccc  : onTaskStackChangedBackground
12-21 17:04:28.065  3178  3218 D cccccc  : onTaskStackChangedBackground
12-21 17:04:28.144  3178  3656 I com.miui.home: CheckGCForNative adj_start_bytes: 40509006 NativeAllocationGcWatermark: 11360981 java_gc_start_bytes: 23467535 kNewNativeDiscountFactor: 2 kOldNativeDiscountFactor: 65536 old_native_bytes: 118848313 new_native_bytes: 20588176 add_bytes_allowed: 34082943 is_gc_concurrent: 1 target_footprint_: 23778991 GetBytesAllocated: 15213336 HeapGrowthMultiplier: 3
12-21 17:04:28.144  3178  3656 I com.miui.home: CheckGCForNative gc_urgency 0.629718 current_native_bytes is 139436489
12-21 17:04:28.146  3178  3218 D cccccc  : onTaskStackChangedBackground
12-21 17:04:28.146  3178  3751 D cccccc  : onTaskStackChangedBackground
12-21 17:04:28.146  3178  3205 D cccccc  : onTaskStackChangedBackground
12-21 17:04:28.214  3178  3656 I com.miui.home: CheckGCForNative adj_start_bytes: 40509006 NativeAllocationGcWatermark: 11360981 java_gc_start_bytes: 23467535 kNewNativeDiscountFactor: 2 kOldNativeDiscountFactor: 65536 old_native_bytes: 118848313 new_native_bytes: 20767928 add_bytes_allowed: 34082943 is_gc_concurrent: 1 target_footprint_: 23778991 GetBytesAllocated: 15426408 HeapGrowthMultiplier: 3
12-21 17:04:28.214  3178  3656 I com.miui.home: CheckGCForNative gc_urgency 0.637196 current_native_bytes is 139616241
12-21 17:04:28.296  3178  3656 I com.miui.home: CheckGCForNative adj_start_bytes: 40509006 NativeAllocationGcWatermark: 11360981 java_gc_start_bytes: 23467535 kNewNativeDiscountFactor: 2 kOldNativeDiscountFactor: 65536 old_native_bytes: 118848313 new_native_bytes: 21029740 add_bytes_allowed: 34082943 is_gc_concurrent: 1 target_footprint_: 23778991 GetBytesAllocated: 15817256 HeapGrowthMultiplier: 3
12-21 17:04:28.296  3178  3656 I com.miui.home: CheckGCForNative gc_urgency 0.650076 current_native_bytes is 139878053
12-21 17:04:28.325  3178  3656 I cccccc  : createTaskSnapshot:
12-21 17:04:28.325  3178  3656 I cccccc  : getTaskSnapshotInstance: 149
12-21 17:04:28.362  3178  3361 I com.miui.home: CheckGCForNative adj_start_bytes: 40509006 NativeAllocationGcWatermark: 11360981 java_gc_start_bytes: 23467535 kNewNativeDiscountFactor: 2 kOldNativeDiscountFactor: 65536 old_native_bytes: 118848313 new_native_bytes: 21118380 add_bytes_allowed: 34082943 is_gc_concurrent: 1 target_footprint_: 23778991 GetBytesAllocated: 16030248 HeapGrowthMultiplier: 3
12-21 17:04:28.362  3178  3361 I com.miui.home: CheckGCForNative gc_urgency 0.656428 current_native_bytes is 139966693
12-21 17:04:28.961  8851  8851 I wm_on_application_create_called: [0,com.ss.android.ugc.aweme,256]
12-21 17:04:29.186  8851  8851 I wm_on_create_called: [0,18019844,com.ss.android.ugc.aweme.splash.SplashActivity,performCreate,174]
12-21 17:04:29.498  8851  8851 I wm_on_start_called: [0,18019844,com.ss.android.ugc.aweme.splash.SplashActivity,handleStartActivity,311]
12-21 17:04:29.508  8851  8851 I wm_on_resume_called: [0,18019844,com.ss.android.ugc.aweme.splash.SplashActivity,RESUME_ACTIVITY,7]
12-21 17:04:29.754  3178  3207 I com.miui.home: CheckGCForNative adj_start_bytes: 40509006 NativeAllocationGcWatermark: 11360981 java_gc_start_bytes: 23467535 kNewNativeDiscountFactor: 2 kOldNativeDiscountFactor: 65536 old_native_bytes: 118848313 new_native_bytes: 31818176 add_bytes_allowed: 34082943 is_gc_concurrent: 1 target_footprint_: 23778991 GetBytesAllocated: 16505976 HeapGrowthMultiplier: 3
12-21 17:04:29.754  3178  3207 I com.miui.home: CheckGCForNative gc_urgency 0.800239 current_native_bytes is 150666489
12-21 17:04:29.755  3178  3207 I cccccc  : createTaskSnapshotCompat:
12-21 17:04:29.755  3178  3207 I com.miui.home: CheckGCForNative adj_start_bytes: 40509006 NativeAllocationGcWatermark: 11360981 java_gc_start_bytes: 23467535 kNewNativeDiscountFactor: 2 kOldNativeDiscountFactor: 65536 old_native_bytes: 118848313 new_native_bytes: 42524096 add_bytes_allowed: 34082943 is_gc_concurrent: 1 target_footprint_: 23778991 GetBytesAllocated: 16522552 HeapGrowthMultiplier: 3
12-21 17:04:29.755  3178  3207 I com.miui.home: CheckGCForNative gc_urgency 0.93279 current_native_bytes is 161372409
12-21 17:04:29.755  3178  3207 I cccccc  : getTaskThumbnailInfo: 2460 1.0  10705920
12-21 17:04:29.834  3178  3207 I cccccc  : getTaskSnapshot:
12-21 17:04:29.835  3178  3207 I com.miui.home: CheckGCForNative adj_start_bytes: 40509006 NativeAllocationGcWatermark: 11360981 java_gc_start_bytes: 23467535 kNewNativeDiscountFactor: 2 kOldNativeDiscountFactor: 65536 old_native_bytes: 118848313 new_native_bytes: 42453872 add_bytes_allowed: 34082943 is_gc_concurrent: 1 target_footprint_: 23778991 GetBytesAllocated: 16555416 HeapGrowthMultiplier: 3
12-21 17:04:29.835  3178  3207 I com.miui.home: CheckGCForNative gc_urgency 0.932735 current_native_bytes is 161302185
12-21 17:04:29.836  3178  3178 I cccccc  : createTaskSnapshotCompat:
12-21 17:04:29.836  3178  3178 I cccccc  : getTaskThumbnailInfo: 2460 1.0  10705920
12-21 17:04:29.843  3178  3178 I wm_on_stop_called: [0,239115788,com.miui.home.launcher.Launcher,STOP_ACTIVITY_ITEM,3]
12-21 17:04:30.176  8851  8851 I wm_on_top_resumed_gained_called: [18019844,com.ss.android.ugc.aweme.splash.SplashActivity,topStateChangedWhenResumed]
12-21 17:04:30.539  3178  3178 I wm_on_restart_called: [0,239115788,com.miui.home.launcher.Launcher,performRestartActivity,0]
12-21 17:04:30.541  3178  3178 I wm_on_start_called: [0,239115788,com.miui.home.launcher.Launcher,handleStartActivity,1]
12-21 17:04:30.575  3178  3207 I com.miui.home: CheckGCForNative adj_start_bytes: 40509006 NativeAllocationGcWatermark: 11360981 java_gc_start_bytes: 23467535 kNewNativeDiscountFactor: 2 kOldNativeDiscountFactor: 65536 old_native_bytes: 118848313 new_native_bytes: 42515744 add_bytes_allowed: 34082943 is_gc_concurrent: 1 target_footprint_: 23778991 GetBytesAllocated: 17072056 HeapGrowthMultiplier: 3
12-21 17:04:30.575  3178  3207 I com.miui.home: CheckGCForNative gc_urgency 0.946252 current_native_bytes is 161364057
12-21 17:04:30.575  3178  3207 I cccccc  : createTaskSnapshotCompat:
12-21 17:04:30.575  3178  3207 I com.miui.home: CheckGCForNative adj_start_bytes: 40509006 NativeAllocationGcWatermark: 11360981 java_gc_start_bytes: 23467535 kNewNativeDiscountFactor: 2 kOldNativeDiscountFactor: 65536 old_native_bytes: 118848313 new_native_bytes: 53221664 add_bytes_allowed: 34082943 is_gc_concurrent: 1 target_footprint_: 23778991 GetBytesAllocated: 17088632 HeapGrowthMultiplier: 3
12-21 17:04:30.576  3178  3207 I com.miui.home: CheckGCForNative gc_urgency 1.0788 current_native_bytes is 172069977
12-21 17:04:30.576  3178  3207 I com.miui.home: CheckGCForNative requested 1
12-21 17:04:30.576  3178  3207 I cccccc  : getTaskThumbnailInfo: 2460 1.0  10705920
12-21 17:04:30.688  3178  3751 I cccccc  : getTaskSnapshot:
12-21 17:04:30.689  3178  3751 I com.miui.home: CheckGCForNative adj_start_bytes: 40509006 NativeAllocationGcWatermark: 11360981 java_gc_start_bytes: 23467535 kNewNativeDiscountFactor: 2 kOldNativeDiscountFactor: 65536 old_native_bytes: 118848313 new_native_bytes: 53367056 add_bytes_allowed: 34082943 is_gc_concurrent: 1 target_footprint_: 23778991 GetBytesAllocated: 17268984 HeapGrowthMultiplier: 3
12-21 17:04:30.689  3178  3751 I com.miui.home: CheckGCForNative gc_urgency 1.08505 current_native_bytes is 172215369
12-21 17:04:30.689  3178  3751 I com.miui.home: CheckGCForNative requested 1
12-21 17:04:30.691  3178  3178 I cccccc  : createTaskSnapshotCompat:
12-21 17:04:30.691  3178  3178 I cccccc  : getTaskThumbnailInfo: 2460 1.0  10705920
12-21 17:04:30.775  3178  3195 I com.miui.home: NativeAlloc concurrent copying GC freed 93050(4956KB) AllocSpace objects, 8(288KB) LOS objects, 49% free, 11MB/22MB, paused 8.578ms,1.278ms total 199.589ms
12-21 17:04:30.789  8851  8851 I wm_on_idle_called: com.ss.android.ugc.aweme.splash.SplashActivity
12-21 17:04:30.817  3178  3361 I com.miui.home: CheckGCForNative gc_urgency 0 current_native_bytes is 124159377
12-21 17:04:30.895  3178  3361 I com.miui.home: CheckGCForNative gc_urgency 0 current_native_bytes is 123959625
12-21 17:04:31.087  8851  8851 I wm_on_top_resumed_lost_called: [18019844,com.ss.android.ugc.aweme.splash.SplashActivity,topStateChangedWhenResumed]
12-21 17:04:31.098  3178  3178 I wm_on_resume_called: [0,239115788,com.miui.home.launcher.Launcher,RESUME_ACTIVITY,5]
12-21 17:04:31.102  3178  3178 I wm_on_idle_called: com.miui.home.launcher.Launcher
12-21 17:04:31.104  3178  3178 I wm_on_top_resumed_gained_called: [239115788,com.miui.home.launcher.Launcher,topStateChangedWhenResumed]
12-21 17:04:31.134  3178  3360 I cccccc  : createTaskSnapshotCompat:
12-21 17:04:31.148  8851  8851 I wm_on_paused_called: [0,18019844,com.ss.android.ugc.aweme.splash.SplashActivity,performPause,42]
12-21 17:04:31.208  3178  3218 D cccccc  : onTaskStackChangedBackground
12-21 17:04:31.208  3178  3207 D cccccc  : onTaskStackChangedBackground
12-21 17:04:31.209  3178  3751 D cccccc  : onTaskStackChangedBackground
12-21 17:04:31.267  3178  3656 I com.miui.home: CheckGCForNative adj_start_bytes: 40818609 NativeAllocationGcWatermark: 11391863 java_gc_start_bytes: 23730815 kNewNativeDiscountFactor: 2 kOldNativeDiscountFactor: 65536 old_native_bytes: 123959625 new_native_bytes: 1285132 add_bytes_allowed: 34175589 is_gc_concurrent: 1 target_footprint_: 24026047 GetBytesAllocated: 13395744 HeapGrowthMultiplier: 3
12-21 17:04:31.267  3178  3656 I com.miui.home: CheckGCForNative gc_urgency 0.343966 current_native_bytes is 125244757
12-21 17:04:31.269  3178  3656 I com.miui.home: CheckGCForNative adj_start_bytes: 40818609 NativeAllocationGcWatermark: 11391863 java_gc_start_bytes: 23730815 kNewNativeDiscountFactor: 2 kOldNativeDiscountFactor: 65536 old_native_bytes: 123959625 new_native_bytes: 1747084 add_bytes_allowed: 34175589 is_gc_concurrent: 1 target_footprint_: 24026047 GetBytesAllocated: 13416224 HeapGrowthMultiplier: 3
12-21 17:04:31.269  3178  3656 I com.miui.home: CheckGCForNative gc_urgency 0.350126 current_native_bytes is 125706709
12-21 17:04:31.290  3178  3656 I com.miui.home: CheckGCForNative adj_start_bytes: 40818609 NativeAllocationGcWatermark: 11391863 java_gc_start_bytes: 23730815 kNewNativeDiscountFactor: 2 kOldNativeDiscountFactor: 65536 old_native_bytes: 123959625 new_native_bytes: 2004236 add_bytes_allowed: 34175589 is_gc_concurrent: 1 target_footprint_: 24026047 GetBytesAllocated: 13481936 HeapGrowthMultiplier: 3
12-21 17:04:31.290  3178  3656 I com.miui.home: CheckGCForNative gc_urgency 0.354886 current_native_bytes is 125963861
12-21 17:04:31.294  3178  3656 I com.miui.home: CheckGCForNative adj_start_bytes: 40818609 NativeAllocationGcWatermark: 11391863 java_gc_start_bytes: 23730815 kNewNativeDiscountFactor: 2 kOldNativeDiscountFactor: 65536 old_native_bytes: 123959625 new_native_bytes: 2249700 add_bytes_allowed: 34175589 is_gc_concurrent: 1 target_footprint_: 24026047 GetBytesAllocated: 13481936 HeapGrowthMultiplier: 3
12-21 17:04:31.294  3178  3656 I com.miui.home: CheckGCForNative gc_urgency 0.357893 current_native_bytes is 126209325
12-21 17:04:31.310  3178  3656 I com.miui.home: CheckGCForNative adj_start_bytes: 40818609 NativeAllocationGcWatermark: 11391863 java_gc_start_bytes: 23730815 kNewNativeDiscountFactor: 2 kOldNativeDiscountFactor: 65536 old_native_bytes: 123959625 new_native_bytes: 2818692 add_bytes_allowed: 34175589 is_gc_concurrent: 1 target_footprint_: 24026047 GetBytesAllocated: 13547680 HeapGrowthMultiplier: 3
12-21 17:04:31.310  3178  3656 I com.miui.home: CheckGCForNative gc_urgency 0.366473 current_native_bytes is 126778317
12-21 17:04:31.314  3178  3656 I com.miui.home: CheckGCForNative adj_start_bytes: 40818609 NativeAllocationGcWatermark: 11391863 java_gc_start_bytes: 23730815 kNewNativeDiscountFactor: 2 kOldNativeDiscountFactor: 65536 old_native_bytes: 123959625 new_native_bytes: 3195204 add_bytes_allowed: 34175589 is_gc_concurrent: 1 target_footprint_: 24026047 GetBytesAllocated: 13547680 HeapGrowthMultiplier: 3
12-21 17:04:31.314  3178  3656 I com.miui.home: CheckGCForNative gc_urgency 0.371085 current_native_bytes is 127154829
12-21 17:04:31.366  3178  3656 I com.miui.home: CheckGCForNative adj_start_bytes: 40818609 NativeAllocationGcWatermark: 11391863 java_gc_start_bytes: 23730815 kNewNativeDiscountFactor: 2 kOldNativeDiscountFactor: 65536 old_native_bytes: 123959625 new_native_bytes: 4300496 add_bytes_allowed: 34175589 is_gc_concurrent: 1 target_footprint_: 24026047 GetBytesAllocated: 13728160 HeapGrowthMultiplier: 3
12-21 17:04:31.366  3178  3656 I com.miui.home: CheckGCForNative gc_urgency 0.389046 current_native_bytes is 128260121
12-21 17:04:31.384  3178  3178 I wm_on_top_resumed_lost_called: [239115788,com.miui.home.launcher.Launcher,topStateChangedWhenResumed]
12-21 17:04:31.393  3178  3178 I wm_on_paused_called: [0,239115788,com.miui.home.launcher.Launcher,performPause,3]
12-21 17:04:31.401  8851  8851 I wm_on_stop_called: [0,18019844,com.ss.android.ugc.aweme.splash.SplashActivity,STOP_ACTIVITY_ITEM,207]
12-21 17:04:31.404  3178  3218 D cccccc  : onTaskStackChangedBackground
12-21 17:04:31.405  3178  3207 D cccccc  : onTaskStackChangedBackground
12-21 17:04:31.405  3178  3218 D cccccc  : onTaskStackChangedBackground
12-21 17:04:31.407  3178  3207 D cccccc  : onTaskStackChangedBackground
12-21 17:04:31.459  3178  3656 I com.miui.home: CheckGCForNative adj_start_bytes: 40818609 NativeAllocationGcWatermark: 11391863 java_gc_start_bytes: 23730815 kNewNativeDiscountFactor: 2 kOldNativeDiscountFactor: 65536 old_native_bytes: 123959625 new_native_bytes: 5135424 add_bytes_allowed: 34175589 is_gc_concurrent: 1 target_footprint_: 24026047 GetBytesAllocated: 13994528 HeapGrowthMultiplier: 3
12-21 17:04:31.459  3178  3656 I com.miui.home: CheckGCForNative gc_urgency 0.405799 current_native_bytes is 129095049
12-21 17:04:31.464  3178  3656 I com.miui.home: CheckGCForNative adj_start_bytes: 40818609 NativeAllocationGcWatermark: 11391863 java_gc_start_bytes: 23730815 kNewNativeDiscountFactor: 2 kOldNativeDiscountFactor: 65536 old_native_bytes: 123959625 new_native_bytes: 5602496 add_bytes_allowed: 34175589 is_gc_concurrent: 1 target_footprint_: 24026047 GetBytesAllocated: 14031392 HeapGrowthMultiplier: 3
12-21 17:04:31.464  3178  3656 I com.miui.home: CheckGCForNative gc_urgency 0.412423 current_native_bytes is 129562121
12-21 17:04:31.499  3178  3205 D cccccc  : onTaskStackChangedBackground
12-21 17:04:31.499  3178  3207 D cccccc  : onTaskStackChangedBackground
12-21 17:04:31.501  3178  3205 D cccccc  : onTaskStackChangedBackground
12-21 17:04:31.513  3178  3656 I com.miui.home: CheckGCForNative adj_start_bytes: 40818609 NativeAllocationGcWatermark: 11391863 java_gc_start_bytes: 23730815 kNewNativeDiscountFactor: 2 kOldNativeDiscountFactor: 65536 old_native_bytes: 123959625 new_native_bytes: 6203840 add_bytes_allowed: 34175589 is_gc_concurrent: 1 target_footprint_: 24026047 GetBytesAllocated: 14146256 HeapGrowthMultiplier: 3
12-21 17:04:31.513  3178  3656 I com.miui.home: CheckGCForNative gc_urgency 0.422603 current_native_bytes is 130163465
12-21 17:04:31.516  3178  3656 I com.miui.home: CheckGCForNative adj_start_bytes: 40818609 NativeAllocationGcWatermark: 11391863 java_gc_start_bytes: 23730815 kNewNativeDiscountFactor: 2 kOldNativeDiscountFactor: 65536 old_native_bytes: 123959625 new_native_bytes: 6586592 add_bytes_allowed: 34175589 is_gc_concurrent: 1 target_footprint_: 24026047 GetBytesAllocated: 14252784 HeapGrowthMultiplier: 3
12-21 17:04:31.516  3178  3656 I com.miui.home: CheckGCForNative gc_urgency 0.429901 current_native_bytes is 130546217
12-21 17:04:31.537  3178  3656 I com.miui.home: CheckGCForNative adj_start_bytes: 40818609 NativeAllocationGcWatermark: 11391863 java_gc_start_bytes: 23730815 kNewNativeDiscountFactor: 2 kOldNativeDiscountFactor: 65536 old_native_bytes: 123959625 new_native_bytes: 7364320 add_bytes_allowed: 34175589 is_gc_concurrent: 1 target_footprint_: 24026047 GetBytesAllocated: 14355328 HeapGrowthMultiplier: 3
12-21 17:04:31.537  3178  3656 I com.miui.home: CheckGCForNative gc_urgency 0.44194 current_native_bytes is 131323945
12-21 17:04:31.544  3178  3656 I com.miui.home: CheckGCForNative adj_start_bytes: 40818609 NativeAllocationGcWatermark: 11391863 java_gc_start_bytes: 23730815 kNewNativeDiscountFactor: 2 kOldNativeDiscountFactor: 65536 old_native_bytes: 123959625 new_native_bytes: 7790240 add_bytes_allowed: 34175589 is_gc_concurrent: 1 target_footprint_: 24026047 GetBytesAllocated: 14424960 HeapGrowthMultiplier: 3
12-21 17:04:31.544  3178  3656 I com.miui.home: CheckGCForNative gc_urgency 0.448863 current_native_bytes is 131749865
12-21 17:04:31.554  3178  3656 I com.miui.home: CheckGCForNative adj_start_bytes: 40818609 NativeAllocationGcWatermark: 11391863 java_gc_start_bytes: 23730815 kNewNativeDiscountFactor: 2 kOldNativeDiscountFactor: 65536 old_native_bytes: 123959625 new_native_bytes: 8458720 add_bytes_allowed: 34175589 is_gc_concurrent: 1 target_footprint_: 24026047 GetBytesAllocated: 14474176 HeapGrowthMultiplier: 3
12-21 17:04:31.554  3178  3656 I com.miui.home: CheckGCForNative gc_urgency 0.458257 current_native_bytes is 132418345
12-21 17:04:31.559  3178  3656 I com.miui.home: CheckGCForNative adj_start_bytes: 40818609 NativeAllocationGcWatermark: 11391863 java_gc_start_bytes: 23730815 kNewNativeDiscountFactor: 2 kOldNativeDiscountFactor: 65536 old_native_bytes: 123959625 new_native_bytes: 8971456 add_bytes_allowed: 34175589 is_gc_concurrent: 1 target_footprint_: 24026047 GetBytesAllocated: 14490672 HeapGrowthMultiplier: 3
12-21 17:04:31.559  3178  3656 I com.miui.home: CheckGCForNative gc_urgency 0.464942 current_native_bytes is 132931081
12-21 17:04:31.580  3178  3656 I com.miui.home: CheckGCForNative adj_start_bytes: 40818609 NativeAllocationGcWatermark: 11391863 java_gc_start_bytes: 23730815 kNewNativeDiscountFactor: 2 kOldNativeDiscountFactor: 65536 old_native_bytes: 123959625 new_native_bytes: 9398560 add_bytes_allowed: 34175589 is_gc_concurrent: 1 target_footprint_: 24026047 GetBytesAllocated: 14507056 HeapGrowthMultiplier: 3
12-21 17:04:31.580  3178  3656 I com.miui.home: CheckGCForNative gc_urgency 0.470575 current_native_bytes is 133358185
12-21 17:04:31.615  3178  3656 I com.miui.home: CheckGCForNative adj_start_bytes: 40818609 NativeAllocationGcWatermark: 11391863 java_gc_start_bytes: 23730815 kNewNativeDiscountFactor: 2 kOldNativeDiscountFactor: 65536 old_native_bytes: 123959625 new_native_bytes: 10156736 add_bytes_allowed: 34175589 is_gc_concurrent: 1 target_footprint_: 24026047 GetBytesAllocated: 14556384 HeapGrowthMultiplier: 3
12-21 17:04:31.615  3178  3656 I com.miui.home: CheckGCForNative gc_urgency 0.481071 current_native_bytes is 134116361
12-21 17:04:31.617  3178  3656 I com.miui.home: CheckGCForNative adj_start_bytes: 40818609 NativeAllocationGcWatermark: 11391863 java_gc_start_bytes: 23730815 kNewNativeDiscountFactor: 2 kOldNativeDiscountFactor: 65536 old_native_bytes: 123959625 new_native_bytes: 10616128 add_bytes_allowed: 34175589 is_gc_concurrent: 1 target_footprint_: 24026047 GetBytesAllocated: 14556384 HeapGrowthMultiplier: 3
12-21 17:04:31.617  3178  3656 I com.miui.home: CheckGCForNative gc_urgency 0.486698 current_native_bytes is 134575753
12-21 17:04:31.637  3178  3656 I com.miui.home: CheckGCForNative adj_start_bytes: 40818609 NativeAllocationGcWatermark: 11391863 java_gc_start_bytes: 23730815 kNewNativeDiscountFactor: 2 kOldNativeDiscountFactor: 65536 old_native_bytes: 123959625 new_native_bytes: 11560576 add_bytes_allowed: 34175589 is_gc_concurrent: 1 target_footprint_: 24026047 GetBytesAllocated: 14589216 HeapGrowthMultiplier: 3
12-21 17:04:31.638  3178  3656 I com.miui.home: CheckGCForNative gc_urgency 0.499071 current_native_bytes is 135520201
12-21 17:04:31.651  3178  3361 I com.miui.home: CheckGCForNative adj_start_bytes: 40818609 NativeAllocationGcWatermark: 11391863 java_gc_start_bytes: 23730815 kNewNativeDiscountFactor: 2 kOldNativeDiscountFactor: 65536 old_native_bytes: 123959625 new_native_bytes: 12194496 add_bytes_allowed: 34175589 is_gc_concurrent: 1 target_footprint_: 24026047 GetBytesAllocated: 14621984 HeapGrowthMultiplier: 3
12-21 17:04:31.651  3178  3361 I com.miui.home: CheckGCForNative gc_urgency 0.507639 current_native_bytes is 136154121
12-21 17:04:31.658  3178  3656 I com.miui.home: CheckGCForNative adj_start_bytes: 40818609 NativeAllocationGcWatermark: 11391863 java_gc_start_bytes: 23730815 kNewNativeDiscountFactor: 2 kOldNativeDiscountFactor: 65536 old_native_bytes: 123959625 new_native_bytes: 12339128 add_bytes_allowed: 34175589 is_gc_concurrent: 1 target_footprint_: 24026047 GetBytesAllocated: 14658928 HeapGrowthMultiplier: 3
12-21 17:04:31.658  3178  3656 I com.miui.home: CheckGCForNative gc_urgency 0.510316 current_native_bytes is 136298753
12-21 17:04:31.660  3178  3656 I com.miui.home: CheckGCForNative adj_start_bytes: 40818609 NativeAllocationGcWatermark: 11391863 java_gc_start_bytes: 23730815 kNewNativeDiscountFactor: 2 kOldNativeDiscountFactor: 65536 old_native_bytes: 123959625 new_native_bytes: 12800440 add_bytes_allowed: 34175589 is_gc_concurrent: 1 target_footprint_: 24026047 GetBytesAllocated: 14695792 HeapGrowthMultiplier: 3
12-21 17:04:31.660  3178  3656 I com.miui.home: CheckGCForNative gc_urgency 0.51687 current_native_bytes is 136760065
12-21 17:04:31.672  3178  3656 I com.miui.home: CheckGCForNative adj_start_bytes: 40818609 NativeAllocationGcWatermark: 11391863 java_gc_start_bytes: 23730815 kNewNativeDiscountFactor: 2 kOldNativeDiscountFactor: 65536 old_native_bytes: 123959625 new_native_bytes: 13546008 add_bytes_allowed: 34175589 is_gc_concurrent: 1 target_footprint_: 24026047 GetBytesAllocated: 14728736 HeapGrowthMultiplier: 3
12-21 17:04:31.672  3178  3656 I com.miui.home: CheckGCForNative gc_urgency 0.52681 current_native_bytes is 137505633
12-21 17:04:31.676  3178  3656 I com.miui.home: CheckGCForNative adj_start_bytes: 40818609 NativeAllocationGcWatermark: 11391863 java_gc_start_bytes: 23730815 kNewNativeDiscountFactor: 2 kOldNativeDiscountFactor: 65536 old_native_bytes: 123959625 new_native_bytes: 14206104 add_bytes_allowed: 34175589 is_gc_concurrent: 1 target_footprint_: 24026047 GetBytesAllocated: 14745120 HeapGrowthMultiplier: 3
12-21 17:04:31.676  3178  3656 I com.miui.home: CheckGCForNative gc_urgency 0.535297 current_native_bytes is 138165729
12-21 17:04:31.684  3178  3361 I com.miui.home: CheckGCForNative adj_start_bytes: 40818609 NativeAllocationGcWatermark: 11391863 java_gc_start_bytes: 23730815 kNewNativeDiscountFactor: 2 kOldNativeDiscountFactor: 65536 old_native_bytes: 123959625 new_native_bytes: 14491352 add_bytes_allowed: 34175589 is_gc_concurrent: 1 target_footprint_: 24026047 GetBytesAllocated: 14794272 HeapGrowthMultiplier: 3
12-21 17:04:31.684  3178  3361 I com.miui.home: CheckGCForNative gc_urgency 0.539995 current_native_bytes is 138450977
12-21 17:04:31.742  3178  3656 I com.miui.home: CheckGCForNative adj_start_bytes: 40818609 NativeAllocationGcWatermark: 11391863 java_gc_start_bytes: 23730815 kNewNativeDiscountFactor: 2 kOldNativeDiscountFactor: 65536 old_native_bytes: 123959625 new_native_bytes: 15166380 add_bytes_allowed: 34175589 is_gc_concurrent: 1 target_footprint_: 24026047 GetBytesAllocated: 15188048 HeapGrowthMultiplier: 3
12-21 17:04:31.742  3178  3656 I com.miui.home: CheckGCForNative gc_urgency 0.55791 current_native_bytes is 139126005
12-21 17:04:31.755  3178  3656 I cccccc  : createTaskSnapshot:
12-21 17:04:31.756  3178  3656 I cccccc  : getTaskSnapshotInstance: 149
12-21 17:04:31.756  3178  3656 I com.miui.home: CheckGCForNative adj_start_bytes: 40818609 NativeAllocationGcWatermark: 11391863 java_gc_start_bytes: 23730815 kNewNativeDiscountFactor: 2 kOldNativeDiscountFactor: 65536 old_native_bytes: 123959625 new_native_bytes: 25969452 add_bytes_allowed: 34175589 is_gc_concurrent: 1 target_footprint_: 24026047 GetBytesAllocated: 15335504 HeapGrowthMultiplier: 3
12-21 17:04:31.756  3178  3656 I com.miui.home: CheckGCForNative gc_urgency 0.693853 current_native_bytes is 149929077
12-21 17:04:31.757  3178  3656 I cccccc  : getTaskThumbnailInfo: 2460 1.0  10705920
12-21 17:04:31.761  3178  3322 I cccccc  : createTaskSnapshot:
12-21 17:04:31.761  3178  3322 I cccccc  : getTaskSnapshotInstance: 150
12-21 17:04:32.161  9145  9145 I wm_on_create_called: [0,66678325,com.eg.android.AlipayGphone.AlipayLogin,performCreate,110]
12-21 17:04:32.165  9145  9145 I wm_on_start_called: [0,66678325,com.eg.android.AlipayGphone.AlipayLogin,handleStartActivity,3]
12-21 17:04:32.169  9145  9145 I wm_on_resume_called: [0,66678325,com.eg.android.AlipayGphone.AlipayLogin,RESUME_ACTIVITY,2]
12-21 17:04:32.191  9145  9145 I wm_on_top_resumed_gained_called: [66678325,com.eg.android.AlipayGphone.AlipayLogin,topStateChangedWhenResumed]
12-21 17:04:32.582  3178  3178 I wm_on_stop_called: [0,239115788,com.miui.home.launcher.Launcher,STOP_ACTIVITY_ITEM,3]
12-21 17:04:33.216  3178  3178 I wm_on_restart_called: [0,239115788,com.miui.home.launcher.Launcher,performRestartActivity,0]
12-21 17:04:33.217  3178  3178 I wm_on_start_called: [0,239115788,com.miui.home.launcher.Launcher,handleStartActivity,1]
12-21 17:04:33.309  3178  3205 I com.miui.home: CheckGCForNative adj_start_bytes: 40818609 NativeAllocationGcWatermark: 11391863 java_gc_start_bytes: 23730815 kNewNativeDiscountFactor: 2 kOldNativeDiscountFactor: 65536 old_native_bytes: 123959625 new_native_bytes: 26516148 add_bytes_allowed: 34175589 is_gc_concurrent: 1 target_footprint_: 24026047 GetBytesAllocated: 16204496 HeapGrowthMultiplier: 3
12-21 17:04:33.309  3178  3205 I com.miui.home: CheckGCForNative gc_urgency 0.721839 current_native_bytes is 150475773
12-21 17:04:33.309  3178  3205 I cccccc  : createTaskSnapshotCompat:
12-21 17:04:33.310  3178  3205 I com.miui.home: CheckGCForNative adj_start_bytes: 40818609 NativeAllocationGcWatermark: 11391863 java_gc_start_bytes: 23730815 kNewNativeDiscountFactor: 2 kOldNativeDiscountFactor: 65536 old_native_bytes: 123959625 new_native_bytes: 37222100 add_bytes_allowed: 34175589 is_gc_concurrent: 1 target_footprint_: 24026047 GetBytesAllocated: 16221072 HeapGrowthMultiplier: 3
12-21 17:04:33.310  3178  3205 I com.miui.home: CheckGCForNative gc_urgency 0.853386 current_native_bytes is 161181725
12-21 17:04:33.310  3178  3205 I cccccc  : getTaskThumbnailInfo: 2460 1.0  10705920
12-21 17:04:33.321  3178  3207 I cccccc  : getTaskSnapshot:
12-21 17:04:33.322  3178  3207 I com.miui.home: CheckGCForNative adj_start_bytes: 40818609 NativeAllocationGcWatermark: 11391863 java_gc_start_bytes: 23730815 kNewNativeDiscountFactor: 2 kOldNativeDiscountFactor: 65536 old_native_bytes: 123959625 new_native_bytes: 37224404 add_bytes_allowed: 34175589 is_gc_concurrent: 1 target_footprint_: 24026047 GetBytesAllocated: 16253840 HeapGrowthMultiplier: 3
12-21 17:04:33.322  3178  3207 I com.miui.home: CheckGCForNative gc_urgency 0.854217 current_native_bytes is 161184029
12-21 17:04:33.331  3178  3178 I cccccc  : createTaskSnapshotCompat:
12-21 17:04:33.331  3178  3178 I cccccc  : getTaskThumbnailInfo: 2460 1.0  10705920
12-21 17:04:33.396  3178  3361 I com.miui.home: CheckGCForNative adj_start_bytes: 40818609 NativeAllocationGcWatermark: 11391863 java_gc_start_bytes: 23730815 kNewNativeDiscountFactor: 2 kOldNativeDiscountFactor: 65536 old_native_bytes: 123959625 new_native_bytes: 26528876 add_bytes_allowed: 34175589 is_gc_concurrent: 1 target_footprint_: 24026047 GetBytesAllocated: 16303184 HeapGrowthMultiplier: 3
12-21 17:04:33.396  3178  3361 I com.miui.home: CheckGCForNative gc_urgency 0.724413 current_native_bytes is 150488501
12-21 17:04:33.532  9145  9145 I wm_on_idle_called: com.eg.android.AlipayGphone.AlipayLogin
12-21 17:04:33.751  3178  3361 I com.miui.home: CheckGCForNative adj_start_bytes: 40818609 NativeAllocationGcWatermark: 11391863 java_gc_start_bytes: 23730815 kNewNativeDiscountFactor: 2 kOldNativeDiscountFactor: 65536 old_native_bytes: 123959625 new_native_bytes: 26554796 add_bytes_allowed: 34175589 is_gc_concurrent: 1 target_footprint_: 24026047 GetBytesAllocated: 16467024 HeapGrowthMultiplier: 3
12-21 17:04:33.751  3178  3361 I com.miui.home: CheckGCForNative gc_urgency 0.728744 current_native_bytes is 150514421
12-21 17:04:33.816  9145  9145 I wm_on_top_resumed_lost_called: [66678325,com.eg.android.AlipayGphone.AlipayLogin,topStateChangedWhenResumed]
12-21 17:04:33.825  3178  3178 I com.miui.home: CheckGCForNative adj_start_bytes: 40818609 NativeAllocationGcWatermark: 11391863 java_gc_start_bytes: 23730815 kNewNativeDiscountFactor: 2 kOldNativeDiscountFactor: 65536 old_native_bytes: 123959625 new_native_bytes: 26562492 add_bytes_allowed: 34175589 is_gc_concurrent: 1 target_footprint_: 24026047 GetBytesAllocated: 16499792 HeapGrowthMultiplier: 3
12-21 17:04:33.825  3178  3178 I com.miui.home: CheckGCForNative gc_urgency 0.729641 current_native_bytes is 150522117
12-21 17:04:33.840  9145  9145 I wm_on_paused_called: [0,66678325,com.eg.android.AlipayGphone.AlipayLogin,performPause,6]
12-21 17:04:33.871  3178  3178 I wm_on_resume_called: [0,239115788,com.miui.home.launcher.Launcher,RESUME_ACTIVITY,7]
12-21 17:04:33.872  3178  3178 I wm_on_top_resumed_gained_called: [239115788,com.miui.home.launcher.Launcher,topWhenResuming]
12-21 17:04:33.875  3178  3178 I wm_on_idle_called: com.miui.home.launcher.Launcher
12-21 17:04:33.913  3178  3360 I cccccc  : createTaskSnapshotCompat:
12-21 17:04:33.981  3178  3218 D cccccc  : onTaskStackChangedBackground
12-21 17:04:33.981  3178  3218 D cccccc  : onTaskStackChangedBackground
12-21 17:04:33.982  3178  3205 D cccccc  : onTaskStackChangedBackground
12-21 17:04:34.052  3178  3656 I com.miui.home: CheckGCForNative adj_start_bytes: 40818609 NativeAllocationGcWatermark: 11391863 java_gc_start_bytes: 23730815 kNewNativeDiscountFactor: 2 kOldNativeDiscountFactor: 65536 old_native_bytes: 123959625 new_native_bytes: 26605584 add_bytes_allowed: 34175589 is_gc_concurrent: 1 target_footprint_: 24026047 GetBytesAllocated: 17762592 HeapGrowthMultiplier: 3
12-21 17:04:34.052  3178  3656 I com.miui.home: CheckGCForNative gc_urgency 0.761106 current_native_bytes is 150565209
12-21 17:04:34.082  3178  3322 I cccccc  : createTaskSnapshot:
12-21 17:04:34.082  3178  3322 I cccccc  : getTaskSnapshotInstance: 150
12-21 17:04:34.083  3178  3322 I com.miui.home: CheckGCForNative adj_start_bytes: 40818609 NativeAllocationGcWatermark: 11391863 java_gc_start_bytes: 23730815 kNewNativeDiscountFactor: 2 kOldNativeDiscountFactor: 65536 old_native_bytes: 123959625 new_native_bytes: 37777680 add_bytes_allowed: 34175589 is_gc_concurrent: 1 target_footprint_: 24026047 GetBytesAllocated: 17959360 HeapGrowthMultiplier: 3
12-21 17:04:34.083  3178  3322 I com.miui.home: CheckGCForNative gc_urgency 0.902777 current_native_bytes is 161737305
12-21 17:04:34.086  3178  3322 I cccccc  : getTaskThumbnailInfo: 2460 1.0  10705920
12-21 17:04:34.095  3178  3656 I com.miui.home: CheckGCForNative adj_start_bytes: 40818609 NativeAllocationGcWatermark: 11391863 java_gc_start_bytes: 23730815 kNewNativeDiscountFactor: 2 kOldNativeDiscountFactor: 65536 old_native_bytes: 123959625 new_native_bytes: 39713828 add_bytes_allowed: 34175589 is_gc_concurrent: 1 target_footprint_: 24026047 GetBytesAllocated: 18123520 HeapGrowthMultiplier: 3
12-21 17:04:34.095  3178  3656 I com.miui.home: CheckGCForNative gc_urgency 0.930515 current_native_bytes is 163673453
12-21 17:04:34.113  3178  3322 I com.miui.home: CheckGCForNative adj_start_bytes: 40818609 NativeAllocationGcWatermark: 11391863 java_gc_start_bytes: 23730815 kNewNativeDiscountFactor: 2 kOldNativeDiscountFactor: 65536 old_native_bytes: 123959625 new_native_bytes: 52436132 add_bytes_allowed: 34175589 is_gc_concurrent: 1 target_footprint_: 24026047 GetBytesAllocated: 18254592 HeapGrowthMultiplier: 3
12-21 17:04:34.113  3178  3322 I com.miui.home: CheckGCForNative gc_urgency 1.08957 current_native_bytes is 176395757
12-21 17:04:34.118  3178  3322 I com.miui.home: CheckGCForNative requested 1
12-21 17:04:34.119  3178  3322 I com.miui.home: CheckGCForNative adj_start_bytes: 40818609 NativeAllocationGcWatermark: 11391863 java_gc_start_bytes: 23730815 kNewNativeDiscountFactor: 2 kOldNativeDiscountFactor: 65536 old_native_bytes: 123959625 new_native_bytes: 40645156 add_bytes_allowed: 34175589 is_gc_concurrent: 1 target_footprint_: 24026047 GetBytesAllocated: 18303744 HeapGrowthMultiplier: 3
12-21 17:04:34.119  3178  3322 I com.miui.home: CheckGCForNative gc_urgency 0.946338 current_native_bytes is 164604781
12-21 17:04:34.162  3178  3178 I com.miui.home: CheckGCForNative adj_start_bytes: 40818609 NativeAllocationGcWatermark: 11391863 java_gc_start_bytes: 23730815 kNewNativeDiscountFactor: 2 kOldNativeDiscountFactor: 65536 old_native_bytes: 123959625 new_native_bytes: 40709252 add_bytes_allowed: 34175589 is_gc_concurrent: 1 target_footprint_: 24026047 GetBytesAllocated: 18402048 HeapGrowthMultiplier: 3
12-21 17:04:34.162  3178  3178 I com.miui.home: CheckGCForNative gc_urgency 0.949532 current_native_bytes is 164668877
12-21 17:04:34.181  3178  3322 I com.miui.home: CheckGCForNative adj_start_bytes: 40818609 NativeAllocationGcWatermark: 11391863 java_gc_start_bytes: 23730815 kNewNativeDiscountFactor: 2 kOldNativeDiscountFactor: 65536 old_native_bytes: 123959625 new_native_bytes: 41498948 add_bytes_allowed: 34175589 is_gc_concurrent: 1 target_footprint_: 24026047 GetBytesAllocated: 18418432 HeapGrowthMultiplier: 3
12-21 17:04:34.181  3178  3322 I com.miui.home: CheckGCForNative gc_urgency 0.959606 current_native_bytes is 165458573
12-21 17:04:34.184  3178  3322 I com.miui.home: CheckGCForNative adj_start_bytes: 40818609 NativeAllocationGcWatermark: 11391863 java_gc_start_bytes: 23730815 kNewNativeDiscountFactor: 2 kOldNativeDiscountFactor: 65536 old_native_bytes: 123959625 new_native_bytes: 42949836 add_bytes_allowed: 34175589 is_gc_concurrent: 1 target_footprint_: 24026047 GetBytesAllocated: 18418480 HeapGrowthMultiplier: 3
12-21 17:04:34.185  3178  3322 I com.miui.home: CheckGCForNative gc_urgency 0.97738 current_native_bytes is 166909461
12-21 17:04:34.186  3178  3322 I com.miui.home: CheckGCForNative adj_start_bytes: 40818609 NativeAllocationGcWatermark: 11391863 java_gc_start_bytes: 23730815 kNewNativeDiscountFactor: 2 kOldNativeDiscountFactor: 65536 old_native_bytes: 123959625 new_native_bytes: 44400980 add_bytes_allowed: 34175589 is_gc_concurrent: 1 target_footprint_: 24026047 GetBytesAllocated: 18434864 HeapGrowthMultiplier: 3
12-21 17:04:34.186  3178  3322 I com.miui.home: CheckGCForNative gc_urgency 0.995557 current_native_bytes is 168360605
12-21 17:04:34.204  3178  3322 I com.miui.home: CheckGCForNative adj_start_bytes: 40818609 NativeAllocationGcWatermark: 11391863 java_gc_start_bytes: 23730815 kNewNativeDiscountFactor: 2 kOldNativeDiscountFactor: 65536 old_native_bytes: 123959625 new_native_bytes: 55394292 add_bytes_allowed: 34175589 is_gc_concurrent: 1 target_footprint_: 24026047 GetBytesAllocated: 18533200 HeapGrowthMultiplier: 3
12-21 17:04:34.204  3178  3322 I com.miui.home: CheckGCForNative gc_urgency 1.13263 current_native_bytes is 179353917
12-21 17:04:34.204  3178  3322 I com.miui.home: CheckGCForNative requested 1
12-21 17:04:34.263  3178  3195 I com.miui.home: NativeAlloc concurrent copying GC freed 122454(5855KB) AllocSpace objects, 16(440KB) LOS objects, 49% free, 11MB/23MB, paused 613us,29us total 149.514ms
12-21 17:04:34.302  3178  3178 I wm_on_top_resumed_lost_called: [239115788,com.miui.home.launcher.Launcher,topStateChangedWhenResumed]
12-21 17:04:34.317  3178  3322 I com.miui.home: CheckGCForNative gc_urgency 0 current_native_bytes is 148114597
12-21 17:04:34.318  3178  3178 I wm_on_paused_called: [0,239115788,com.miui.home.launcher.Launcher,performPause,1]
12-21 17:04:34.324  3178  3322 I com.miui.home: CheckGCForNative adj_start_bytes: 41252037 NativeAllocationGcWatermark: 11451259 java_gc_start_bytes: 24075149 kNewNativeDiscountFactor: 2 kOldNativeDiscountFactor: 65536 old_native_bytes: 148114597 new_native_bytes: 396464 add_bytes_allowed: 34353777 is_gc_concurrent: 1 target_footprint_: 24501213 GetBytesAllocated: 12398304 HeapGrowthMultiplier: 3
12-21 17:04:34.324  3178  3322 I com.miui.home: CheckGCForNative gc_urgency 0.30541 current_native_bytes is 148511061
12-21 17:04:34.360  3178  3207 D cccccc  : onTaskStackChangedBackground
12-21 17:04:34.364  3178  3207 D cccccc  : onTaskStackChangedBackground
12-21 17:04:34.369  3178  3218 D cccccc  : onTaskStackChangedBackground
12-21 17:04:34.370  3178  3218 D cccccc  : onTaskStackChangedBackground
12-21 17:04:34.449  3178  3207 D cccccc  : onTaskStackChangedBackground
12-21 17:04:34.449  3178  3218 D cccccc  : onTaskStackChangedBackground
12-21 17:04:34.449  3178  3205 D cccccc  : onTaskStackChangedBackground
12-21 17:04:34.506  3178  3361 I com.miui.home: CheckGCForNative adj_start_bytes: 41252037 NativeAllocationGcWatermark: 11451259 java_gc_start_bytes: 24075149 kNewNativeDiscountFactor: 2 kOldNativeDiscountFactor: 65536 old_native_bytes: 148114597 new_native_bytes: 1124476 add_bytes_allowed: 34353777 is_gc_concurrent: 1 target_footprint_: 24501213 GetBytesAllocated: 13029568 HeapGrowthMultiplier: 3
12-21 17:04:34.506  3178  3361 I com.miui.home: CheckGCForNative gc_urgency 0.329537 current_native_bytes is 149239073
12-21 17:04:34.558  3178  3656 I com.miui.home: CheckGCForNative adj_start_bytes: 41252037 NativeAllocationGcWatermark: 11451259 java_gc_start_bytes: 24075149 kNewNativeDiscountFactor: 2 kOldNativeDiscountFactor: 65536 old_native_bytes: 148114597 new_native_bytes: 2624388 add_bytes_allowed: 34353777 is_gc_concurrent: 1 target_footprint_: 24501213 GetBytesAllocated: 13193584 HeapGrowthMultiplier: 3
12-21 17:04:34.559  3178  3656 I com.miui.home: CheckGCForNative gc_urgency 0.351693 current_native_bytes is 150738985
12-21 17:04:34.571  3178  3656 I com.miui.home: CheckGCForNative adj_start_bytes: 41252037 NativeAllocationGcWatermark: 11451259 java_gc_start_bytes: 24075149 kNewNativeDiscountFactor: 2 kOldNativeDiscountFactor: 65536 old_native_bytes: 148114597 new_native_bytes: 2668260 add_bytes_allowed: 34353777 is_gc_concurrent: 1 target_footprint_: 24501213 GetBytesAllocated: 13242736 HeapGrowthMultiplier: 3
12-21 17:04:34.571  3178  3656 I com.miui.home: CheckGCForNative gc_urgency 0.353416 current_native_bytes is 150782857
12-21 17:04:34.597  3178  3656 I cccccc  : createTaskSnapshot:
12-21 17:04:34.597  3178  3656 I cccccc  : getTaskSnapshotInstance: 151
12-21 17:04:34.647  3178  3656 I com.miui.home: CheckGCForNative adj_start_bytes: 41252037 NativeAllocationGcWatermark: 11451259 java_gc_start_bytes: 24075149 kNewNativeDiscountFactor: 2 kOldNativeDiscountFactor: 65536 old_native_bytes: 148114597 new_native_bytes: 3776488 add_bytes_allowed: 34353777 is_gc_concurrent: 1 target_footprint_: 24501213 GetBytesAllocated: 13669312 HeapGrowthMultiplier: 3
12-21 17:04:34.647  3178  3656 I com.miui.home: CheckGCForNative gc_urgency 0.377189 current_native_bytes is 151891085
12-21 17:04:34.666  3178  3656 I cccccc  : createTaskSnapshot:
12-21 17:04:34.666  3178  3656 I cccccc  : getTaskSnapshotInstance: 151
12-21 17:04:34.949  9763  9763 I wm_on_create_called: [0,3179111,com.xunmeng.pinduoduo.ui.activity.MainFrameActivity,performCreate,71]
12-21 17:04:35.032  9763  9763 I wm_on_create_called: [0,139576864,com.xunmeng.pinduoduo.ui.activity.HomeActivity,performCreate,35]
12-21 17:04:35.050  9763  9763 I wm_on_start_called: [0,139576864,com.xunmeng.pinduoduo.ui.activity.HomeActivity,handleStartActivity,18]
12-21 17:04:35.057  9763  9763 I wm_on_resume_called: [0,139576864,com.xunmeng.pinduoduo.ui.activity.HomeActivity,RESUME_ACTIVITY,6]
12-21 17:04:35.075  3178  3218 D cccccc  : onTaskStackChangedBackground
12-21 17:04:35.077  3178  3218 D cccccc  : onTaskStackChangedBackground
12-21 17:04:35.085  9763  9763 I wm_on_top_resumed_gained_called: [139576864,com.xunmeng.pinduoduo.ui.activity.HomeActivity,topStateChangedWhenResumed]
12-21 17:04:35.091  3178  3205 D cccccc  : onTaskStackChangedBackground
12-21 17:04:35.148  3178  3656 I com.miui.home: CheckGCForNative adj_start_bytes: 41252037 NativeAllocationGcWatermark: 11451259 java_gc_start_bytes: 24075149 kNewNativeDiscountFactor: 2 kOldNativeDiscountFactor: 65536 old_native_bytes: 148114597 new_native_bytes: 4126172 add_bytes_allowed: 34353777 is_gc_concurrent: 1 target_footprint_: 24501213 GetBytesAllocated: 14079392 HeapGrowthMultiplier: 3
12-21 17:04:35.148  3178  3656 I com.miui.home: CheckGCForNative gc_urgency 0.391368 current_native_bytes is 152240769
12-21 17:04:35.187  3178  3656 I com.miui.home: CheckGCForNative adj_start_bytes: 41252037 NativeAllocationGcWatermark: 11451259 java_gc_start_bytes: 24075149 kNewNativeDiscountFactor: 2 kOldNativeDiscountFactor: 65536 old_native_bytes: 148114597 new_native_bytes: 4462812 add_bytes_allowed: 34353777 is_gc_concurrent: 1 target_footprint_: 24501213 GetBytesAllocated: 14308768 HeapGrowthMultiplier: 3
12-21 17:04:35.187  3178  3656 I com.miui.home: CheckGCForNative gc_urgency 0.401009 current_native_bytes is 152577409
12-21 17:04:35.194  3178  3656 I cccccc  : createTaskSnapshot:
12-21 17:04:35.194  3178  3656 I cccccc  : getTaskSnapshotInstance: 151
12-21 17:04:35.267  3178  3656 I com.miui.home: CheckGCForNative adj_start_bytes: 41252037 NativeAllocationGcWatermark: 11451259 java_gc_start_bytes: 24075149 kNewNativeDiscountFactor: 2 kOldNativeDiscountFactor: 65536 old_native_bytes: 148114597 new_native_bytes: 4912336 add_bytes_allowed: 34353777 is_gc_concurrent: 1 target_footprint_: 24501213 GetBytesAllocated: 14702304 HeapGrowthMultiplier: 3
12-21 17:04:35.267  3178  3656 I com.miui.home: CheckGCForNative gc_urgency 0.415997 current_native_bytes is 153026933
12-21 17:04:35.287  3178  3656 I cccccc  : createTaskSnapshot:
12-21 17:04:35.287  3178  3656 I cccccc  : getTaskSnapshotInstance: 151
12-21 17:04:35.542  3178  3178 I wm_on_stop_called: [0,239115788,com.miui.home.launcher.Launcher,STOP_ACTIVITY_ITEM,3]
12-21 17:04:35.575  3178  3315 I com.miui.home: CheckGCForNative adj_start_bytes: 41252037 NativeAllocationGcWatermark: 11451259 java_gc_start_bytes: 24075149 kNewNativeDiscountFactor: 2 kOldNativeDiscountFactor: 65536 old_native_bytes: 148114597 new_native_bytes: 5394000 add_bytes_allowed: 34353777 is_gc_concurrent: 1 target_footprint_: 24501213 GetBytesAllocated: 15021824 HeapGrowthMultiplier: 3
12-21 17:04:35.575  3178  3315 I com.miui.home: CheckGCForNative gc_urgency 0.429581 current_native_bytes is 153508597
12-21 17:04:35.687  9763  9763 I wm_on_destroy_called: [0,3179111,com.xunmeng.pinduoduo.ui.activity.MainFrameActivity,performDestroy,3]
12-21 17:04:35.729  9763  9763 I wm_on_idle_called: com.xunmeng.pinduoduo.ui.activity.HomeActivity
12-21 17:04:35.829  3178  3178 I wm_on_restart_called: [0,239115788,com.miui.home.launcher.Launcher,performRestartActivity,0]
12-21 17:04:35.831  3178  3178 I wm_on_start_called: [0,239115788,com.miui.home.launcher.Launcher,handleStartActivity,1]
12-21 17:04:35.842  3178  3178 I com.miui.home: CheckGCForNative adj_start_bytes: 41252037 NativeAllocationGcWatermark: 11451259 java_gc_start_bytes: 24075149 kNewNativeDiscountFactor: 2 kOldNativeDiscountFactor: 65536 old_native_bytes: 148114597 new_native_bytes: 5620964 add_bytes_allowed: 34353777 is_gc_concurrent: 1 target_footprint_: 24501213 GetBytesAllocated: 15628368 HeapGrowthMultiplier: 3
12-21 17:04:35.842  3178  3178 I com.miui.home: CheckGCForNative gc_urgency 0.447035 current_native_bytes is 153735561
12-21 17:04:35.959  3178  3205 I com.miui.home: CheckGCForNative adj_start_bytes: 41252037 NativeAllocationGcWatermark: 11451259 java_gc_start_bytes: 24075149 kNewNativeDiscountFactor: 2 kOldNativeDiscountFactor: 65536 old_native_bytes: 148114597 new_native_bytes: 16461224 add_bytes_allowed: 34353777 is_gc_concurrent: 1 target_footprint_: 24501213 GetBytesAllocated: 15792464 HeapGrowthMultiplier: 3
12-21 17:04:35.959  3178  3205 I com.miui.home: CheckGCForNative gc_urgency 0.582404 current_native_bytes is 164575821
12-21 17:04:35.959  3178  3205 I cccccc  : createTaskSnapshotCompat:
12-21 17:04:35.960  3178  3205 I com.miui.home: CheckGCForNative adj_start_bytes: 41252037 NativeAllocationGcWatermark: 11451259 java_gc_start_bytes: 24075149 kNewNativeDiscountFactor: 2 kOldNativeDiscountFactor: 65536 old_native_bytes: 148114597 new_native_bytes: 27167016 add_bytes_allowed: 34353777 is_gc_concurrent: 1 target_footprint_: 24501213 GetBytesAllocated: 15792656 HeapGrowthMultiplier: 3
12-21 17:04:35.960  3178  3205 I com.miui.home: CheckGCForNative gc_urgency 0.712169 current_native_bytes is 175281613
12-21 17:04:35.960  3178  3205 I cccccc  : getTaskThumbnailInfo: 2460 1.0  10705920
