12-21 17:04:35.964  3178  3205 I cccccc  : getTaskSnapshot:
12-21 17:04:35.964  3178  3205 I com.miui.home: CheckGCForNative adj_start_bytes: 41252037 NativeAllocationGcWatermark: 11451259 java_gc_start_bytes: 24075149 kNewNativeDiscountFactor: 2 kOldNativeDiscountFactor: 65536 old_native_bytes: 148114597 new_native_bytes: 27193960 add_bytes_allowed: 34353777 is_gc_concurrent: 1 target_footprint_: 24501213 GetBytesAllocated: 15792656 HeapGrowthMultiplier: 3
12-21 17:04:35.964  3178  3205 I com.miui.home: CheckGCForNative gc_urgency 0.712496 current_native_bytes is 175308557
12-21 17:04:35.965  3178  3178 I cccccc  : createTaskSnapshotCompat:
12-21 17:04:35.965  3178  3178 I cccccc  : getTaskThumbnailInfo: 2460 1.0  10705920
12-21 17:04:36.071  9763  9763 I wm_on_top_resumed_lost_called: [139576864,com.xunmeng.pinduoduo.ui.activity.HomeActivity,topStateChangedWhenResumed]
12-21 17:04:36.074  9763  9763 I wm_on_paused_called: [0,139576864,com.xunmeng.pinduoduo.ui.activity.HomeActivity,performPause,1]
12-21 17:04:36.197  3178  3205 D cccccc  : onTaskStackChangedBackground
12-21 17:04:36.198  3178  3751 D cccccc  : onTaskStackChangedBackground
12-21 17:04:36.202  3178  3207 D cccccc  : onTaskStackChangedBackground
12-21 17:04:36.206  9763  9763 I wm_on_create_called: [0,160773104,com.xunmeng.pinduoduo.login.LoginActivity,performCreate,30]
12-21 17:04:36.299  9763  9763 I wm_on_start_called: [0,160773104,com.xunmeng.pinduoduo.login.LoginActivity,handleStartActivity,90]
12-21 17:04:36.300  3178  3656 I com.miui.home: CheckGCForNative adj_start_bytes: 41252037 NativeAllocationGcWatermark: 11451259 java_gc_start_bytes: 24075149 kNewNativeDiscountFactor: 2 kOldNativeDiscountFactor: 65536 old_native_bytes: 148114597 new_native_bytes: 16299116 add_bytes_allowed: 34353777 is_gc_concurrent: 1 target_footprint_: 24501213 GetBytesAllocated: 16170136 HeapGrowthMultiplier: 3
12-21 17:04:36.300  3178  3656 I com.miui.home: CheckGCForNative gc_urgency 0.589594 current_native_bytes is 164413713
12-21 17:04:36.302  9763  9763 I wm_on_resume_called: [0,160773104,com.xunmeng.pinduoduo.login.LoginActivity,RESUME_ACTIVITY,2]
12-21 17:04:36.309  9763  9763 I wm_on_top_resumed_gained_called: [160773104,com.xunmeng.pinduoduo.login.LoginActivity,topStateChangedWhenResumed]
12-21 17:04:36.349  3178  3656 I cccccc  : createTaskSnapshot:
12-21 17:04:36.350  3178  3656 I cccccc  : getTaskSnapshotInstance: 151
12-21 17:04:36.350  3178  3656 I com.miui.home: CheckGCForNative adj_start_bytes: 41252037 NativeAllocationGcWatermark: 11451259 java_gc_start_bytes: 24075149 kNewNativeDiscountFactor: 2 kOldNativeDiscountFactor: 65536 old_native_bytes: 148114597 new_native_bytes: 27208684 add_bytes_allowed: 34353777 is_gc_concurrent: 1 target_footprint_: 24501213 GetBytesAllocated: 16350392 HeapGrowthMultiplier: 3
12-21 17:04:36.351  3178  3656 I com.miui.home: CheckGCForNative gc_urgency 0.726194 current_native_bytes is 175323281
12-21 17:04:36.351  3178  3656 I cccccc  : getTaskThumbnailInfo: 2460 1.0  10705920
12-21 17:04:36.394  3178  3656 I com.miui.home: CheckGCForNative adj_start_bytes: 41252037 NativeAllocationGcWatermark: 11451259 java_gc_start_bytes: 24075149 kNewNativeDiscountFactor: 2 kOldNativeDiscountFactor: 65536 old_native_bytes: 148114597 new_native_bytes: 16928768 add_bytes_allowed: 34353777 is_gc_concurrent: 1 target_footprint_: 24501213 GetBytesAllocated: 16547512 HeapGrowthMultiplier: 3
12-21 17:04:36.394  3178  3656 I com.miui.home: CheckGCForNative gc_urgency 0.606374 current_native_bytes is 165043365
12-21 17:04:36.447  3178  3656 I com.miui.home: CheckGCForNative adj_start_bytes: 41252037 NativeAllocationGcWatermark: 11451259 java_gc_start_bytes: 24075149 kNewNativeDiscountFactor: 2 kOldNativeDiscountFactor: 65536 old_native_bytes: 148114597 new_native_bytes: 17188832 add_bytes_allowed: 34353777 is_gc_concurrent: 1 target_footprint_: 24501213 GetBytesAllocated: 16760504 HeapGrowthMultiplier: 3
12-21 17:04:36.447  3178  3656 I com.miui.home: CheckGCForNative gc_urgency 0.614689 current_native_bytes is 165303429
12-21 17:04:36.803  3178  3178 I wm_on_stop_called: [0,239115788,com.miui.home.launcher.Launcher,STOP_ACTIVITY_ITEM,7]
12-21 17:04:36.887  3178  3178 I wm_on_restart_called: [0,239115788,com.miui.home.launcher.Launcher,performRestartActivity,0]
12-21 17:04:36.889  3178  3178 I wm_on_start_called: [0,239115788,com.miui.home.launcher.Launcher,handleStartActivity,2]
12-21 17:04:36.910  3178  3205 I com.miui.home: CheckGCForNative adj_start_bytes: 41252037 NativeAllocationGcWatermark: 11451259 java_gc_start_bytes: 24075149 kNewNativeDiscountFactor: 2 kOldNativeDiscountFactor: 65536 old_native_bytes: 148114597 new_native_bytes: 17421488 add_bytes_allowed: 34353777 is_gc_concurrent: 1 target_footprint_: 24501213 GetBytesAllocated: 17268696 HeapGrowthMultiplier: 3
12-21 17:04:36.910  3178  3205 I com.miui.home: CheckGCForNative gc_urgency 0.629828 current_native_bytes is 165536085
12-21 17:04:36.972  3178  3205 I com.miui.home: CheckGCForNative adj_start_bytes: 41252037 NativeAllocationGcWatermark: 11451259 java_gc_start_bytes: 24075149 kNewNativeDiscountFactor: 2 kOldNativeDiscountFactor: 65536 old_native_bytes: 148114597 new_native_bytes: 28130416 add_bytes_allowed: 34353777 is_gc_concurrent: 1 target_footprint_: 24501213 GetBytesAllocated: 17317912 HeapGrowthMultiplier: 3
12-21 17:04:36.978  3178  3205 I com.miui.home: CheckGCForNative gc_urgency 0.76122 current_native_bytes is 176245013
12-21 17:04:36.979  3178  3205 I cccccc  : createTaskSnapshotCompat:
12-21 17:04:36.981  3178  3205 I com.miui.home: CheckGCForNative adj_start_bytes: 41252037 NativeAllocationGcWatermark: 11451259 java_gc_start_bytes: 24075149 kNewNativeDiscountFactor: 2 kOldNativeDiscountFactor: 65536 old_native_bytes: 148114597 new_native_bytes: 38858096 add_bytes_allowed: 34353777 is_gc_concurrent: 1 target_footprint_: 24501213 GetBytesAllocated: 17350968 HeapGrowthMultiplier: 3
12-21 17:04:36.982  3178  3205 I com.miui.home: CheckGCForNative gc_urgency 0.891648 current_native_bytes is 186972693
12-21 17:04:36.982  3178  3205 I cccccc  : getTaskThumbnailInfo: 2460 1.0  10705920
12-21 17:04:37.012  3178  3207 I cccccc  : getTaskSnapshot:
12-21 17:04:37.012  3178  3207 I com.miui.home: CheckGCForNative adj_start_bytes: 41252037 NativeAllocationGcWatermark: 11451259 java_gc_start_bytes: 24075149 kNewNativeDiscountFactor: 2 kOldNativeDiscountFactor: 65536 old_native_bytes: 148114597 new_native_bytes: 38963384 add_bytes_allowed: 34353777 is_gc_concurrent: 1 target_footprint_: 24501213 GetBytesAllocated: 17432888 HeapGrowthMultiplier: 3
12-21 17:04:37.012  3178  3207 I com.miui.home: CheckGCForNative gc_urgency 0.89491 current_native_bytes is 187077981
12-21 17:04:37.018  3178  3178 I cccccc  : createTaskSnapshotCompat:
12-21 17:04:37.019  3178  3178 I cccccc  : getTaskThumbnailInfo: 2460 1.0  10705920
12-21 17:04:37.034  9763  9763 I wm_on_stop_called: [0,139576864,com.xunmeng.pinduoduo.ui.activity.HomeActivity,STOP_ACTIVITY_ITEM,17]
12-21 17:04:37.125  9763  9763 I wm_on_idle_called: com.xunmeng.pinduoduo.login.LoginActivity
12-21 17:04:37.195  3178  3361 I com.miui.home: CheckGCForNative adj_start_bytes: 41252037 NativeAllocationGcWatermark: 11451259 java_gc_start_bytes: 24075149 kNewNativeDiscountFactor: 2 kOldNativeDiscountFactor: 65536 old_native_bytes: 148114597 new_native_bytes: 28272232 add_bytes_allowed: 34353777 is_gc_concurrent: 1 target_footprint_: 24501213 GetBytesAllocated: 17547768 HeapGrowthMultiplier: 3
12-21 17:04:37.195  3178  3361 I com.miui.home: CheckGCForNative gc_urgency 0.768111 current_native_bytes is 176386829
12-21 17:04:37.511  9763  9763 I wm_on_top_resumed_lost_called: [160773104,com.xunmeng.pinduoduo.login.LoginActivity,topStateChangedWhenResumed]
12-21 17:04:37.526  3178  3178 I wm_on_resume_called: [0,239115788,com.miui.home.launcher.Launcher,RESUME_ACTIVITY,13]
12-21 17:04:37.529  3178  3178 I wm_on_top_resumed_gained_called: [239115788,com.miui.home.launcher.Launcher,topStateChangedWhenResumed]
12-21 17:04:37.529  3178  3178 I wm_on_idle_called: com.miui.home.launcher.Launcher
12-21 17:04:37.531  9763  9763 I wm_on_paused_called: [0,160773104,com.xunmeng.pinduoduo.login.LoginActivity,performPause,2]
12-21 17:04:37.555  3178  3360 I cccccc  : createTaskSnapshotCompat:
12-21 17:04:37.581  9763  9763 I wm_on_stop_called: [0,160773104,com.xunmeng.pinduoduo.login.LoginActivity,STOP_ACTIVITY_ITEM,15]
12-21 17:04:37.685  3178  3207 D cccccc  : onTaskStackChangedBackground
12-21 17:04:37.688  3178  3205 D cccccc  : onTaskStackChangedBackground
12-21 17:04:37.688  3178  3207 D cccccc  : onTaskStackChangedBackground
12-21 17:04:37.699  3178  3656 I com.miui.home: CheckGCForNative adj_start_bytes: 41252037 NativeAllocationGcWatermark: 11451259 java_gc_start_bytes: 24075149 kNewNativeDiscountFactor: 2 kOldNativeDiscountFactor: 65536 old_native_bytes: 148114597 new_native_bytes: 28372400 add_bytes_allowed: 34353777 is_gc_concurrent: 1 target_footprint_: 24501213 GetBytesAllocated: 18695896 HeapGrowthMultiplier: 3
12-21 17:04:37.699  3178  3656 I com.miui.home: CheckGCForNative gc_urgency 0.797157 current_native_bytes is 176486997
12-21 17:04:37.726  3178  3656 I com.miui.home: CheckGCForNative adj_start_bytes: 41252037 NativeAllocationGcWatermark: 11451259 java_gc_start_bytes: 24075149 kNewNativeDiscountFactor: 2 kOldNativeDiscountFactor: 65536 old_native_bytes: 148114597 new_native_bytes: 28652836 add_bytes_allowed: 34353777 is_gc_concurrent: 1 target_footprint_: 24501213 GetBytesAllocated: 18925272 HeapGrowthMultiplier: 3
12-21 17:04:37.726  3178  3656 I com.miui.home: CheckGCForNative gc_urgency 0.806117 current_native_bytes is 176767433
12-21 17:04:37.732  3178  3656 I cccccc  : createTaskSnapshot:
12-21 17:04:37.732  3178  3656 I cccccc  : getTaskSnapshotInstance: 151
12-21 17:04:37.733  3178  3656 I com.miui.home: CheckGCForNative adj_start_bytes: 41252037 NativeAllocationGcWatermark: 11451259 java_gc_start_bytes: 24075149 kNewNativeDiscountFactor: 2 kOldNativeDiscountFactor: 65536 old_native_bytes: 148114597 new_native_bytes: 39397220 add_bytes_allowed: 34353777 is_gc_concurrent: 1 target_footprint_: 24501213 GetBytesAllocated: 18990808 HeapGrowthMultiplier: 3
12-21 17:04:37.733  3178  3656 I com.miui.home: CheckGCForNative gc_urgency 0.937934 current_native_bytes is 187511817
12-21 17:04:37.734  3178  3656 I cccccc  : getTaskThumbnailInfo: 2460 1.0  10705920
12-21 17:04:37.769  3178  3656 I com.miui.home: CheckGCForNative adj_start_bytes: 41252037 NativeAllocationGcWatermark: 11451259 java_gc_start_bytes: 24075149 kNewNativeDiscountFactor: 2 kOldNativeDiscountFactor: 65536 old_native_bytes: 148114597 new_native_bytes: 29181144 add_bytes_allowed: 34353777 is_gc_concurrent: 1 target_footprint_: 24501213 GetBytesAllocated: 19319000 HeapGrowthMultiplier: 3
12-21 17:04:37.769  3178  3656 I com.miui.home: CheckGCForNative gc_urgency 0.822064 current_native_bytes is 177295741
12-21 17:04:37.872  3178  3178 I com.miui.home: CheckGCForNative adj_start_bytes: 41252037 NativeAllocationGcWatermark: 11451259 java_gc_start_bytes: 24075149 kNewNativeDiscountFactor: 2 kOldNativeDiscountFactor: 65536 old_native_bytes: 148114597 new_native_bytes: 29695948 add_bytes_allowed: 34353777 is_gc_concurrent: 1 target_footprint_: 24501213 GetBytesAllocated: 19663064 HeapGrowthMultiplier: 3
12-21 17:04:37.872  3178  3178 I com.miui.home: CheckGCForNative gc_urgency 0.836645 current_native_bytes is 177810545
12-21 17:04:37.907  3178  3178 I wm_on_top_resumed_lost_called: [239115788,com.miui.home.launcher.Launcher,topStateChangedWhenResumed]
12-21 17:04:37.910  3178  3178 I wm_on_paused_called: [0,239115788,com.miui.home.launcher.Launcher,performPause,2]
12-21 17:04:37.930  3178  3207 D cccccc  : onTaskStackChangedBackground
12-21 17:04:37.930  3178  3205 D cccccc  : onTaskStackChangedBackground
12-21 17:04:37.930  3178  3205 D cccccc  : onTaskStackChangedBackground
12-21 17:04:37.931  3178  3207 D cccccc  : onTaskStackChangedBackground
12-21 17:04:37.995  3178  3656 I com.miui.home: CheckGCForNative adj_start_bytes: 41252037 NativeAllocationGcWatermark: 11451259 java_gc_start_bytes: 24075149 kNewNativeDiscountFactor: 2 kOldNativeDiscountFactor: 65536 old_native_bytes: 148114597 new_native_bytes: 29731220 add_bytes_allowed: 34353777 is_gc_concurrent: 1 target_footprint_: 24501213 GetBytesAllocated: 20040312 HeapGrowthMultiplier: 3
12-21 17:04:37.995  3178  3656 I com.miui.home: CheckGCForNative gc_urgency 0.846217 current_native_bytes is 177845817
12-21 17:04:38.015  3178  3207 D cccccc  : onTaskStackChangedBackground
12-21 17:04:38.025  3178  3207 D cccccc  : onTaskStackChangedBackground
12-21 17:04:38.025  3178  3205 D cccccc  : onTaskStackChangedBackground
12-21 17:04:38.034  3178  3656 I com.miui.home: CheckGCForNative adj_start_bytes: 41252037 NativeAllocationGcWatermark: 11451259 java_gc_start_bytes: 24075149 kNewNativeDiscountFactor: 2 kOldNativeDiscountFactor: 65536 old_native_bytes: 148114597 new_native_bytes: 29858056 add_bytes_allowed: 34353777 is_gc_concurrent: 1 target_footprint_: 24501213 GetBytesAllocated: 20425368 HeapGrowthMultiplier: 3
12-21 17:04:38.034  3178  3656 I com.miui.home: CheckGCForNative gc_urgency 0.857089 current_native_bytes is 177972653
12-21 17:04:38.050  3178  3656 I cccccc  : createTaskSnapshot:
12-21 17:04:38.051  3178  3656 I cccccc  : getTaskSnapshotInstance: 152
12-21 17:04:38.140  3178  3361 I com.miui.home: CheckGCForNative adj_start_bytes: 41252037 NativeAllocationGcWatermark: 11451259 java_gc_start_bytes: 24075149 kNewNativeDiscountFactor: 2 kOldNativeDiscountFactor: 65536 old_native_bytes: 148114597 new_native_bytes: 30177668 add_bytes_allowed: 34353777 is_gc_concurrent: 1 target_footprint_: 24501213 GetBytesAllocated: 20868168 HeapGrowthMultiplier: 3
12-21 17:04:38.140  3178  3361 I com.miui.home: CheckGCForNative gc_urgency 0.872094 current_native_bytes is 178292265
12-21 17:04:38.184  3178  3656 I com.miui.home: CheckGCForNative adj_start_bytes: 41252037 NativeAllocationGcWatermark: 11451259 java_gc_start_bytes: 24075149 kNewNativeDiscountFactor: 2 kOldNativeDiscountFactor: 65536 old_native_bytes: 148114597 new_native_bytes: 30410820 add_bytes_allowed: 34353777 is_gc_concurrent: 1 target_footprint_: 24501213 GetBytesAllocated: 21097544 HeapGrowthMultiplier: 3
12-21 17:04:38.184  3178  3656 I com.miui.home: CheckGCForNative gc_urgency 0.880083 current_native_bytes is 178525417
12-21 17:04:38.194  3178  3656 I cccccc  : createTaskSnapshot:
12-21 17:04:38.194  3178  3656 I cccccc  : getTaskSnapshotInstance: 152
12-21 17:04:38.724 10183 10183 I wm_on_application_create_called: [0,com.smile.gifmaker,234]
12-21 17:04:38.878 10183 10183 I wm_on_create_called: [0,224557031,com.yxcorp.gifshow.HomeActivity,performCreate,138]
12-21 17:04:38.990 10183 10183 I wm_on_start_called: [0,224557031,com.yxcorp.gifshow.HomeActivity,handleStartActivity,112]
12-21 17:04:39.038 10183 10183 I wm_on_resume_called: [0,224557031,com.yxcorp.gifshow.HomeActivity,RESUME_ACTIVITY,12]
12-21 17:04:39.064 10183 10183 I wm_on_top_resumed_gained_called: [224557031,com.yxcorp.gifshow.HomeActivity,topStateChangedWhenResumed]
12-21 17:04:39.491  3178  3207 I com.miui.home: CheckGCForNative adj_start_bytes: 41252037 NativeAllocationGcWatermark: 11451259 java_gc_start_bytes: 24075149 kNewNativeDiscountFactor: 2 kOldNativeDiscountFactor: 65536 old_native_bytes: 148114597 new_native_bytes: 41490072 add_bytes_allowed: 34353777 is_gc_concurrent: 1 target_footprint_: 24501213 GetBytesAllocated: 21966984 HeapGrowthMultiplier: 3
12-21 17:04:39.491  3178  3207 I com.miui.home: CheckGCForNative gc_urgency 1.03545 current_native_bytes is 189604669
12-21 17:04:39.491  3178  3207 I com.miui.home: CheckGCForNative requested 1
12-21 17:04:39.492  3178  3207 I cccccc  : createTaskSnapshotCompat:
12-21 17:04:39.492  3178  3751 I cccccc  : getTaskSnapshot:
12-21 17:04:39.493  3178  3207 I com.miui.home: CheckGCForNative adj_start_bytes: 41252037 NativeAllocationGcWatermark: 11451259 java_gc_start_bytes: 24075149 kNewNativeDiscountFactor: 2 kOldNativeDiscountFactor: 65536 old_native_bytes: 148114597 new_native_bytes: 52196440 add_bytes_allowed: 34353777 is_gc_concurrent: 1 target_footprint_: 24501213 GetBytesAllocated: 21967176 HeapGrowthMultiplier: 3
12-21 17:04:39.493  3178  3207 I com.miui.home: CheckGCForNative gc_urgency 1.16522 current_native_bytes is 200311037
12-21 17:04:39.493  3178  3207 I com.miui.home: CheckGCForNative requested 1
12-21 17:04:39.493  3178  3751 I com.miui.home: CheckGCForNative adj_start_bytes: 41252037 NativeAllocationGcWatermark: 11451259 java_gc_start_bytes: 24075149 kNewNativeDiscountFactor: 2 kOldNativeDiscountFactor: 65536 old_native_bytes: 148114597 new_native_bytes: 52196440 add_bytes_allowed: 34353777 is_gc_concurrent: 1 target_footprint_: 24501213 GetBytesAllocated: 21967176 HeapGrowthMultiplier: 3
12-21 17:04:39.493  3178  3751 I com.miui.home: CheckGCForNative gc_urgency 1.16522 current_native_bytes is 200311037
12-21 17:04:39.493  3178  3751 I com.miui.home: CheckGCForNative requested 1
12-21 17:04:39.493  3178  3178 I cccccc  : createTaskSnapshotCompat:
12-21 17:04:39.493  3178  3207 I cccccc  : getTaskThumbnailInfo: 2460 1.0  10705920
12-21 17:04:39.494  3178  3178 I cccccc  : getTaskThumbnailInfo: 2460 1.0  10705920
12-21 17:04:39.619  3178  3195 I com.miui.home: NativeAlloc concurrent copying GC freed 176169(9142KB) AllocSpace objects, 18(552KB) LOS objects, 49% free, 11MB/23MB, paused 207us,94us total 127.668ms
12-21 17:04:39.649  3178  3178 I wm_on_stop_called: [0,239115788,com.miui.home.launcher.Launcher,STOP_ACTIVITY_ITEM,16]
12-21 17:04:39.665 10183 10183 I wm_on_idle_called: com.yxcorp.gifshow.HomeActivity
12-21 17:04:40.383  3178  3178 I wm_on_restart_called: [0,239115788,com.miui.home.launcher.Launcher,performRestartActivity,0]
12-21 17:04:40.384  3178  3178 I wm_on_start_called: [0,239115788,com.miui.home.launcher.Launcher,handleStartActivity,1]
12-21 17:04:40.466  3178  3218 I com.miui.home: CheckGCForNative gc_urgency 0 current_native_bytes is 136446185
12-21 17:04:40.466  3178  3218 I cccccc  : createTaskSnapshotCompat:
12-21 17:04:40.467  3178  3218 I com.miui.home: CheckGCForNative adj_start_bytes: 41280802 NativeAllocationGcWatermark: 11423235 java_gc_start_bytes: 24145950 kNewNativeDiscountFactor: 2 kOldNativeDiscountFactor: 65536 old_native_bytes: 136446185 new_native_bytes: 10705920 add_bytes_allowed: 34269705 is_gc_concurrent: 1 target_footprint_: 24277022 GetBytesAllocated: 13081200 HeapGrowthMultiplier: 3
12-21 17:04:40.467  3178  3218 I com.miui.home: CheckGCForNative gc_urgency 0.446606 current_native_bytes is 147152105
12-21 17:04:40.467  3178  3218 I cccccc  : getTaskThumbnailInfo: 2460 1.0  10705920
12-21 17:04:40.496  3178  3218 I cccccc  : getTaskSnapshot:
12-21 17:04:40.497  3178  3218 I com.miui.home: CheckGCForNative adj_start_bytes: 41280802 NativeAllocationGcWatermark: 11423235 java_gc_start_bytes: 24145950 kNewNativeDiscountFactor: 2 kOldNativeDiscountFactor: 65536 old_native_bytes: 136446185 new_native_bytes: 10719136 add_bytes_allowed: 34269705 is_gc_concurrent: 1 target_footprint_: 24277022 GetBytesAllocated: 13113968 HeapGrowthMultiplier: 3
12-21 17:04:40.497  3178  3218 I com.miui.home: CheckGCForNative gc_urgency 0.44756 current_native_bytes is 147165321
12-21 17:04:40.498  3178  3178 I cccccc  : createTaskSnapshotCompat:
12-21 17:04:40.498  3178  3178 I cccccc  : getTaskThumbnailInfo: 2460 1.0  10705920
12-21 17:04:40.684  3178  3361 I com.miui.home: CheckGCForNative adj_start_bytes: 41280802 NativeAllocationGcWatermark: 11423235 java_gc_start_bytes: 24145950 kNewNativeDiscountFactor: 2 kOldNativeDiscountFactor: 65536 old_native_bytes: 136446185 new_native_bytes: 9844 add_bytes_allowed: 34269705 is_gc_concurrent: 1 target_footprint_: 24277022 GetBytesAllocated: 13245232 HeapGrowthMultiplier: 3
12-21 17:04:40.684  3178  3361 I com.miui.home: CheckGCForNative gc_urgency 0.321027 current_native_bytes is 136456029
12-21 17:04:40.718  3178  3361 I com.miui.home: CheckGCForNative adj_start_bytes: 41280802 NativeAllocationGcWatermark: 11423235 java_gc_start_bytes: 24145950 kNewNativeDiscountFactor: 2 kOldNativeDiscountFactor: 65536 old_native_bytes: 136446185 new_native_bytes: 13300 add_bytes_allowed: 34269705 is_gc_concurrent: 1 target_footprint_: 24277022 GetBytesAllocated: 13261616 HeapGrowthMultiplier: 3
12-21 17:04:40.718  3178  3361 I com.miui.home: CheckGCForNative gc_urgency 0.321465 current_native_bytes is 136459485
12-21 17:04:41.001 10183 10183 I wm_on_top_resumed_lost_called: [224557031,com.yxcorp.gifshow.HomeActivity,topStateChangedWhenResumed]
12-21 17:04:41.015  3178  3360 I cccccc  : createTaskSnapshotCompat:
12-21 17:04:41.038 10183 10183 I wm_on_paused_called: [0,224557031,com.yxcorp.gifshow.HomeActivity,performPause,12]
12-21 17:04:41.055  3178  3178 I wm_on_resume_called: [0,239115788,com.miui.home.launcher.Launcher,RESUME_ACTIVITY,5]
12-21 17:04:41.055  3178  3178 I wm_on_top_resumed_gained_called: [239115788,com.miui.home.launcher.Launcher,topWhenResuming]
12-21 17:04:41.058  3178  3178 I wm_on_idle_called: com.miui.home.launcher.Launcher
12-21 17:04:41.153  3178  3207 D cccccc  : onTaskStackChangedBackground
12-21 17:04:41.155  3178  3218 D cccccc  : onTaskStackChangedBackground
12-21 17:04:41.157  3178  3205 D cccccc  : onTaskStackChangedBackground
12-21 17:04:41.190  3178  3656 I com.miui.home: CheckGCForNative adj_start_bytes: 41280802 NativeAllocationGcWatermark: 11423235 java_gc_start_bytes: 24145950 kNewNativeDiscountFactor: 2 kOldNativeDiscountFactor: 65536 old_native_bytes: 136446185 new_native_bytes: 806692 add_bytes_allowed: 34269705 is_gc_concurrent: 1 target_footprint_: 24277022 GetBytesAllocated: 14573632 HeapGrowthMultiplier: 3
12-21 17:04:41.191  3178  3656 I com.miui.home: CheckGCForNative gc_urgency 0.362858 current_native_bytes is 137252877
12-21 17:04:41.193  3178  3656 I com.miui.home: CheckGCForNative adj_start_bytes: 41280802 NativeAllocationGcWatermark: 11423235 java_gc_start_bytes: 24145950 kNewNativeDiscountFactor: 2 kOldNativeDiscountFactor: 65536 old_native_bytes: 136446185 new_native_bytes: 1202084 add_bytes_allowed: 34269705 is_gc_concurrent: 1 target_footprint_: 24277022 GetBytesAllocated: 14573632 HeapGrowthMultiplier: 3
12-21 17:04:41.193  3178  3656 I com.miui.home: CheckGCForNative gc_urgency 0.367647 current_native_bytes is 137648269
12-21 17:04:41.193  3178  3656 I com.miui.home: CheckGCForNative adj_start_bytes: 41280802 NativeAllocationGcWatermark: 11423235 java_gc_start_bytes: 24145950 kNewNativeDiscountFactor: 2 kOldNativeDiscountFactor: 65536 old_native_bytes: 136446185 new_native_bytes: 1205828 add_bytes_allowed: 34269705 is_gc_concurrent: 1 target_footprint_: 24277022 GetBytesAllocated: 14573632 HeapGrowthMultiplier: 3
12-21 17:04:41.193  3178  3656 I com.miui.home: CheckGCForNative gc_urgency 0.367692 current_native_bytes is 137652013
12-21 17:04:41.209  3178  3656 I com.miui.home: CheckGCForNative adj_start_bytes: 41280802 NativeAllocationGcWatermark: 11423235 java_gc_start_bytes: 24145950 kNewNativeDiscountFactor: 2 kOldNativeDiscountFactor: 65536 old_native_bytes: 136446185 new_native_bytes: 1751184 add_bytes_allowed: 34269705 is_gc_concurrent: 1 target_footprint_: 24277022 GetBytesAllocated: 14672112 HeapGrowthMultiplier: 3
12-21 17:04:41.209  3178  3656 I com.miui.home: CheckGCForNative gc_urgency 0.376683 current_native_bytes is 138197369
12-21 17:04:41.231  3178  3656 I com.miui.home: CheckGCForNative adj_start_bytes: 41280802 NativeAllocationGcWatermark: 11423235 java_gc_start_bytes: 24145950 kNewNativeDiscountFactor: 2 kOldNativeDiscountFactor: 65536 old_native_bytes: 136446185 new_native_bytes: 3146300 add_bytes_allowed: 34269705 is_gc_concurrent: 1 target_footprint_: 24277022 GetBytesAllocated: 14824976 HeapGrowthMultiplier: 3
12-21 17:04:41.231  3178  3656 I com.miui.home: CheckGCForNative gc_urgency 0.397284 current_native_bytes is 139592485
12-21 17:04:41.233  3178  3656 I com.miui.home: CheckGCForNative adj_start_bytes: 41280802 NativeAllocationGcWatermark: 11423235 java_gc_start_bytes: 24145950 kNewNativeDiscountFactor: 2 kOldNativeDiscountFactor: 65536 old_native_bytes: 136446185 new_native_bytes: 3608252 add_bytes_allowed: 34269705 is_gc_concurrent: 1 target_footprint_: 24277022 GetBytesAllocated: 14845456 HeapGrowthMultiplier: 3
12-21 17:04:41.233  3178  3656 I com.miui.home: CheckGCForNative gc_urgency 0.403376 current_native_bytes is 140054437
12-21 17:04:41.248  3178  3656 I com.miui.home: CheckGCForNative adj_start_bytes: 41280802 NativeAllocationGcWatermark: 11423235 java_gc_start_bytes: 24145950 kNewNativeDiscountFactor: 2 kOldNativeDiscountFactor: 65536 old_native_bytes: 136446185 new_native_bytes: 4688276 add_bytes_allowed: 34269705 is_gc_concurrent: 1 target_footprint_: 24277022 GetBytesAllocated: 14927632 HeapGrowthMultiplier: 3
12-21 17:04:41.248  3178  3656 I com.miui.home: CheckGCForNative gc_urgency 0.418448 current_native_bytes is 141134461
12-21 17:04:41.254  3178  3178 I wm_on_top_resumed_lost_called: [239115788,com.miui.home.launcher.Launcher,topStateChangedWhenResumed]
12-21 17:04:41.257  3178  3656 I com.miui.home: CheckGCForNative adj_start_bytes: 41280802 NativeAllocationGcWatermark: 11423235 java_gc_start_bytes: 24145950 kNewNativeDiscountFactor: 2 kOldNativeDiscountFactor: 65536 old_native_bytes: 136446185 new_native_bytes: 5490836 add_bytes_allowed: 34269705 is_gc_concurrent: 1 target_footprint_: 24277022 GetBytesAllocated: 14997328 HeapGrowthMultiplier: 3
12-21 17:04:41.257  3178  3656 I com.miui.home: CheckGCForNative gc_urgency 0.429857 current_native_bytes is 141937021
12-21 17:04:41.259  3178  3656 I com.miui.home: CheckGCForNative adj_start_bytes: 41280802 NativeAllocationGcWatermark: 11423235 java_gc_start_bytes: 24145950 kNewNativeDiscountFactor: 2 kOldNativeDiscountFactor: 65536 old_native_bytes: 136446185 new_native_bytes: 5952788 add_bytes_allowed: 34269705 is_gc_concurrent: 1 target_footprint_: 24277022 GetBytesAllocated: 15017808 HeapGrowthMultiplier: 3
12-21 17:04:41.259  3178  3656 I com.miui.home: CheckGCForNative gc_urgency 0.435948 current_native_bytes is 142398973
12-21 17:04:41.268  3178  3656 I com.miui.home: CheckGCForNative adj_start_bytes: 41280802 NativeAllocationGcWatermark: 11423235 java_gc_start_bytes: 24145950 kNewNativeDiscountFactor: 2 kOldNativeDiscountFactor: 65536 old_native_bytes: 136446185 new_native_bytes: 6531932 add_bytes_allowed: 34269705 is_gc_concurrent: 1 target_footprint_: 24277022 GetBytesAllocated: 15050784 HeapGrowthMultiplier: 3
12-21 17:04:41.269  3178  3656 I com.miui.home: CheckGCForNative gc_urgency 0.443762 current_native_bytes is 142978117
12-21 17:04:41.271  3178  3656 I com.miui.home: CheckGCForNative adj_start_bytes: 41280802 NativeAllocationGcWatermark: 11423235 java_gc_start_bytes: 24145950 kNewNativeDiscountFactor: 2 kOldNativeDiscountFactor: 65536 old_native_bytes: 136446185 new_native_bytes: 6914556 add_bytes_allowed: 34269705 is_gc_concurrent: 1 target_footprint_: 24277022 GetBytesAllocated: 15067168 HeapGrowthMultiplier: 3
12-21 17:04:41.271  3178  3656 I com.miui.home: CheckGCForNative gc_urgency 0.448793 current_native_bytes is 143360741
12-21 17:04:41.274  3178  3178 I wm_on_paused_called: [0,239115788,com.miui.home.launcher.Launcher,performPause,1]
12-21 17:04:41.277  3178  3656 I com.miui.home: CheckGCForNative adj_start_bytes: 41280802 NativeAllocationGcWatermark: 11423235 java_gc_start_bytes: 24145950 kNewNativeDiscountFactor: 2 kOldNativeDiscountFactor: 65536 old_native_bytes: 136446185 new_native_bytes: 7206100 add_bytes_allowed: 34269705 is_gc_concurrent: 1 target_footprint_: 24277022 GetBytesAllocated: 15116432 HeapGrowthMultiplier: 3
12-21 17:04:41.277  3178  3656 I com.miui.home: CheckGCForNative gc_urgency 0.453517 current_native_bytes is 143652285
12-21 17:04:41.280  3178  3656 I com.miui.home: CheckGCForNative adj_start_bytes: 41280802 NativeAllocationGcWatermark: 11423235 java_gc_start_bytes: 24145950 kNewNativeDiscountFactor: 2 kOldNativeDiscountFactor: 65536 old_native_bytes: 136446185 new_native_bytes: 7684884 add_bytes_allowed: 34269705 is_gc_concurrent: 1 target_footprint_: 24277022 GetBytesAllocated: 15153296 HeapGrowthMultiplier: 3
12-21 17:04:41.280  3178  3656 I com.miui.home: CheckGCForNative gc_urgency 0.46021 current_native_bytes is 144131069
12-21 17:04:41.292  3178  3656 I com.miui.home: CheckGCForNative adj_start_bytes: 41280802 NativeAllocationGcWatermark: 11423235 java_gc_start_bytes: 24145950 kNewNativeDiscountFactor: 2 kOldNativeDiscountFactor: 65536 old_native_bytes: 136446185 new_native_bytes: 8152980 add_bytes_allowed: 34269705 is_gc_concurrent: 1 target_footprint_: 24277022 GetBytesAllocated: 15190160 HeapGrowthMultiplier: 3
12-21 17:04:41.293  3178  3656 I com.miui.home: CheckGCForNative gc_urgency 0.466772 current_native_bytes is 144599165
12-21 17:04:41.306  3178  3207 D cccccc  : onTaskStackChangedBackground
12-21 17:04:41.306  3178  3205 D cccccc  : onTaskStackChangedBackground
12-21 17:04:41.314  3178  3656 I com.miui.home: CheckGCForNative adj_start_bytes: 41280802 NativeAllocationGcWatermark: 11423235 java_gc_start_bytes: 24145950 kNewNativeDiscountFactor: 2 kOldNativeDiscountFactor: 65536 old_native_bytes: 136446185 new_native_bytes: 9396596 add_bytes_allowed: 34269705 is_gc_concurrent: 1 target_footprint_: 24277022 GetBytesAllocated: 15288656 HeapGrowthMultiplier: 3
12-21 17:04:41.314  3178  3656 I com.miui.home: CheckGCForNative gc_urgency 0.484221 current_native_bytes is 145842781
12-21 17:04:41.319  3178  3207 D cccccc  : onTaskStackChangedBackground
12-21 17:04:41.329  3178  3205 D cccccc  : onTaskStackChangedBackground
12-21 17:04:41.334  3178  3656 I com.miui.home: CheckGCForNative adj_start_bytes: 41280802 NativeAllocationGcWatermark: 11423235 java_gc_start_bytes: 24145950 kNewNativeDiscountFactor: 2 kOldNativeDiscountFactor: 65536 old_native_bytes: 136446185 new_native_bytes: 9834484 add_bytes_allowed: 34269705 is_gc_concurrent: 1 target_footprint_: 24277022 GetBytesAllocated: 15321424 HeapGrowthMultiplier: 3
12-21 17:04:41.334  3178  3656 I com.miui.home: CheckGCForNative gc_urgency 0.490319 current_native_bytes is 146280669
12-21 17:04:41.351  3178  3656 I com.miui.home: CheckGCForNative adj_start_bytes: 41280802 NativeAllocationGcWatermark: 11423235 java_gc_start_bytes: 24145950 kNewNativeDiscountFactor: 2 kOldNativeDiscountFactor: 65536 old_native_bytes: 136446185 new_native_bytes: 10596276 add_bytes_allowed: 34269705 is_gc_concurrent: 1 target_footprint_: 24277022 GetBytesAllocated: 15387136 HeapGrowthMultiplier: 3
12-21 17:04:41.351  3178  3656 I com.miui.home: CheckGCForNative gc_urgency 0.501137 current_native_bytes is 147042461
12-21 17:04:41.358  3178  3656 I com.miui.home: CheckGCForNative adj_start_bytes: 41280802 NativeAllocationGcWatermark: 11423235 java_gc_start_bytes: 24145950 kNewNativeDiscountFactor: 2 kOldNativeDiscountFactor: 65536 old_native_bytes: 136446185 new_native_bytes: 11056628 add_bytes_allowed: 34269705 is_gc_concurrent: 1 target_footprint_: 24277022 GetBytesAllocated: 15387136 HeapGrowthMultiplier: 3
12-21 17:04:41.358  3178  3656 I com.miui.home: CheckGCForNative gc_urgency 0.506713 current_native_bytes is 147502813
12-21 17:04:41.373  3178  3656 I com.miui.home: CheckGCForNative adj_start_bytes: 41280802 NativeAllocationGcWatermark: 11423235 java_gc_start_bytes: 24145950 kNewNativeDiscountFactor: 2 kOldNativeDiscountFactor: 65536 old_native_bytes: 136446185 new_native_bytes: 12142356 add_bytes_allowed: 34269705 is_gc_concurrent: 1 target_footprint_: 24277022 GetBytesAllocated: 15436352 HeapGrowthMultiplier: 3
12-21 17:04:41.373  3178  3656 I com.miui.home: CheckGCForNative gc_urgency 0.521056 current_native_bytes is 148588541
12-21 17:04:41.441  3178  3656 I com.miui.home: CheckGCForNative adj_start_bytes: 41280802 NativeAllocationGcWatermark: 11423235 java_gc_start_bytes: 24145950 kNewNativeDiscountFactor: 2 kOldNativeDiscountFactor: 65536 old_native_bytes: 136446185 new_native_bytes: 12840956 add_bytes_allowed: 34269705 is_gc_concurrent: 1 target_footprint_: 24277022 GetBytesAllocated: 15678128 HeapGrowthMultiplier: 3
12-21 17:04:41.442  3178  3656 I com.miui.home: CheckGCForNative gc_urgency 0.535375 current_native_bytes is 149287141
12-21 17:04:41.443  3178  3656 I com.miui.home: CheckGCForNative adj_start_bytes: 41280802 NativeAllocationGcWatermark: 11423235 java_gc_start_bytes: 24145950 kNewNativeDiscountFactor: 2 kOldNativeDiscountFactor: 65536 old_native_bytes: 136446185 new_native_bytes: 13302268 add_bytes_allowed: 34269705 is_gc_concurrent: 1 target_footprint_: 24277022 GetBytesAllocated: 15698608 HeapGrowthMultiplier: 3
12-21 17:04:41.443  3178  3656 I com.miui.home: CheckGCForNative gc_urgency 0.541458 current_native_bytes is 149748453
12-21 17:04:41.448  3178  3205 D cccccc  : onTaskStackChangedBackground
12-21 17:04:41.451  3178  3205 D cccccc  : onTaskStackChangedBackground
12-21 17:04:41.453  3178  3218 D cccccc  : onTaskStackChangedBackground
12-21 17:04:41.475  3178  3656 I com.miui.home: CheckGCForNative adj_start_bytes: 41280802 NativeAllocationGcWatermark: 11423235 java_gc_start_bytes: 24145950 kNewNativeDiscountFactor: 2 kOldNativeDiscountFactor: 65536 old_native_bytes: 136446185 new_native_bytes: 14049236 add_bytes_allowed: 34269705 is_gc_concurrent: 1 target_footprint_: 24277022 GetBytesAllocated: 15813552 HeapGrowthMultiplier: 3
12-21 17:04:41.475  3178  3656 I com.miui.home: CheckGCForNative gc_urgency 0.55329 current_native_bytes is 150495421
12-21 17:04:41.505  3178  3656 I com.miui.home: CheckGCForNative adj_start_bytes: 41280802 NativeAllocationGcWatermark: 11423235 java_gc_start_bytes: 24145950 kNewNativeDiscountFactor: 2 kOldNativeDiscountFactor: 65536 old_native_bytes: 136446185 new_native_bytes: 14704340 add_bytes_allowed: 34269705 is_gc_concurrent: 1 target_footprint_: 24277022 GetBytesAllocated: 15813552 HeapGrowthMultiplier: 3
12-21 17:04:41.505  3178  3656 I com.miui.home: CheckGCForNative gc_urgency 0.561225 current_native_bytes is 151150525
12-21 17:04:41.529  3178  3361 I com.miui.home: CheckGCForNative adj_start_bytes: 41280802 NativeAllocationGcWatermark: 11423235 java_gc_start_bytes: 24145950 kNewNativeDiscountFactor: 2 kOldNativeDiscountFactor: 65536 old_native_bytes: 136446185 new_native_bytes: 15276244 add_bytes_allowed: 34269705 is_gc_concurrent: 1 target_footprint_: 24277022 GetBytesAllocated: 15879152 HeapGrowthMultiplier: 3
12-21 17:04:41.529  3178  3361 I com.miui.home: CheckGCForNative gc_urgency 0.569741 current_native_bytes is 151722429
12-21 17:04:41.564 10183 10183 I wm_on_stop_called: [0,224557031,com.yxcorp.gifshow.HomeActivity,STOP_ACTIVITY_ITEM,130]
12-21 17:04:41.681  3178  3656 I com.miui.home: CheckGCForNative adj_start_bytes: 41280802 NativeAllocationGcWatermark: 11423235 java_gc_start_bytes: 24145950 kNewNativeDiscountFactor: 2 kOldNativeDiscountFactor: 65536 old_native_bytes: 136446185 new_native_bytes: 15583964 add_bytes_allowed: 34269705 is_gc_concurrent: 1 target_footprint_: 24277022 GetBytesAllocated: 16174704 HeapGrowthMultiplier: 3
12-21 17:04:41.681  3178  3656 I com.miui.home: CheckGCForNative gc_urgency 0.580628 current_native_bytes is 152030149
12-21 17:04:41.687  3178  3656 I com.miui.home: CheckGCForNative adj_start_bytes: 41280802 NativeAllocationGcWatermark: 11423235 java_gc_start_bytes: 24145950 kNewNativeDiscountFactor: 2 kOldNativeDiscountFactor: 65536 old_native_bytes: 136446185 new_native_bytes: 15980284 add_bytes_allowed: 34269705 is_gc_concurrent: 1 target_footprint_: 24277022 GetBytesAllocated: 16191088 HeapGrowthMultiplier: 3
12-21 17:04:41.687  3178  3656 I com.miui.home: CheckGCForNative gc_urgency 0.585825 current_native_bytes is 152426469
12-21 17:04:41.692  3178  3656 I com.miui.home: CheckGCForNative adj_start_bytes: 41280802 NativeAllocationGcWatermark: 11423235 java_gc_start_bytes: 24145950 kNewNativeDiscountFactor: 2 kOldNativeDiscountFactor: 65536 old_native_bytes: 136446185 new_native_bytes: 16133236 add_bytes_allowed: 34269705 is_gc_concurrent: 1 target_footprint_: 24277022 GetBytesAllocated: 16191088 HeapGrowthMultiplier: 3
12-21 17:04:41.692  3178  3656 I com.miui.home: CheckGCForNative gc_urgency 0.587677 current_native_bytes is 152579421
12-21 17:04:41.701  3178  3656 I com.miui.home: CheckGCForNative adj_start_bytes: 41280802 NativeAllocationGcWatermark: 11423235 java_gc_start_bytes: 24145950 kNewNativeDiscountFactor: 2 kOldNativeDiscountFactor: 65536 old_native_bytes: 136446185 new_native_bytes: 16257840 add_bytes_allowed: 34269705 is_gc_concurrent: 1 target_footprint_: 24277022 GetBytesAllocated: 16289392 HeapGrowthMultiplier: 3
12-21 17:04:41.701  3178  3656 I com.miui.home: CheckGCForNative gc_urgency 0.591568 current_native_bytes is 152704025
12-21 17:04:41.762  3178  3656 I cccccc  : createTaskSnapshot:
12-21 17:04:41.762  3178  3656 I cccccc  : getTaskSnapshotInstance: 153
12-21 17:04:41.763  3178  3656 I cccccc  : createTaskSnapshot:
12-21 17:04:41.763  3178  3656 I cccccc  : getTaskSnapshotInstance: 152
12-21 17:04:41.764  3178  3656 I com.miui.home: CheckGCForNative adj_start_bytes: 41280802 NativeAllocationGcWatermark: 11423235 java_gc_start_bytes: 24145950 kNewNativeDiscountFactor: 2 kOldNativeDiscountFactor: 65536 old_native_bytes: 136446185 new_native_bytes: 27236464 add_bytes_allowed: 34269705 is_gc_concurrent: 1 target_footprint_: 24277022 GetBytesAllocated: 16453344 HeapGrowthMultiplier: 3
12-21 17:04:41.764  3178  3656 I com.miui.home: CheckGCForNative gc_urgency 0.728514 current_native_bytes is 163682649
12-21 17:04:41.765  3178  3656 I cccccc  : getTaskThumbnailInfo: 2460 1.0  10705920
12-21 17:04:42.631 10569 10569 I wm_on_application_create_called: [0,com.smile.gifmaker,408]
12-21 17:04:42.759  3178  3218 I com.miui.home: CheckGCForNative adj_start_bytes: 41280802 NativeAllocationGcWatermark: 11423235 java_gc_start_bytes: 24145950 kNewNativeDiscountFactor: 2 kOldNativeDiscountFactor: 65536 old_native_bytes: 136446185 new_native_bytes: 27348996 add_bytes_allowed: 34269705 is_gc_concurrent: 1 target_footprint_: 24277022 GetBytesAllocated: 17060160 HeapGrowthMultiplier: 3
12-21 17:04:42.759  3178  3218 I com.miui.home: CheckGCForNative gc_urgency 0.744577 current_native_bytes is 163795181
12-21 17:04:42.759  3178  3218 I cccccc  : createTaskSnapshotCompat:
12-21 17:04:42.760  3178  3218 I com.miui.home: CheckGCForNative adj_start_bytes: 41280802 NativeAllocationGcWatermark: 11423235 java_gc_start_bytes: 24145950 kNewNativeDiscountFactor: 2 kOldNativeDiscountFactor: 65536 old_native_bytes: 136446185 new_native_bytes: 38054916 add_bytes_allowed: 34269705 is_gc_concurrent: 1 target_footprint_: 24277022 GetBytesAllocated: 17076736 HeapGrowthMultiplier: 3
12-21 17:04:42.760  3178  3218 I com.miui.home: CheckGCForNative gc_urgency 0.874651 current_native_bytes is 174501101
12-21 17:04:42.760  3178  3218 I cccccc  : getTaskThumbnailInfo: 2460 1.0  10705920
12-21 17:04:42.780  3178  3218 I cccccc  : getTaskSnapshot:
12-21 17:04:42.780  3178  3218 I com.miui.home: CheckGCForNative adj_start_bytes: 41280802 NativeAllocationGcWatermark: 11423235 java_gc_start_bytes: 24145950 kNewNativeDiscountFactor: 2 kOldNativeDiscountFactor: 65536 old_native_bytes: 136446185 new_native_bytes: 38057780 add_bytes_allowed: 34269705 is_gc_concurrent: 1 target_footprint_: 24277022 GetBytesAllocated: 17093120 HeapGrowthMultiplier: 3
12-21 17:04:42.780  3178  3218 I com.miui.home: CheckGCForNative gc_urgency 0.875082 current_native_bytes is 174503965
12-21 17:04:42.795  3178  3178 I cccccc  : createTaskSnapshotCompat:
12-21 17:04:42.795  3178  3178 I cccccc  : getTaskThumbnailInfo: 2460 1.0  10705920
12-21 17:04:42.850  3178  3361 I com.miui.home: CheckGCForNative adj_start_bytes: 41280802 NativeAllocationGcWatermark: 11423235 java_gc_start_bytes: 24145950 kNewNativeDiscountFactor: 2 kOldNativeDiscountFactor: 65536 old_native_bytes: 136446185 new_native_bytes: 27302100 add_bytes_allowed: 34269705 is_gc_concurrent: 1 target_footprint_: 24277022 GetBytesAllocated: 17191616 HeapGrowthMultiplier: 3
12-21 17:04:42.850  3178  3361 I com.miui.home: CheckGCForNative gc_urgency 0.747194 current_native_bytes is 163748285
12-21 17:04:43.227  3178  3361 I com.miui.home: CheckGCForNative adj_start_bytes: 41280802 NativeAllocationGcWatermark: 11423235 java_gc_start_bytes: 24145950 kNewNativeDiscountFactor: 2 kOldNativeDiscountFactor: 65536 old_native_bytes: 136446185 new_native_bytes: 27265620 add_bytes_allowed: 34269705 is_gc_concurrent: 1 target_footprint_: 24277022 GetBytesAllocated: 17371840 HeapGrowthMultiplier: 3
12-21 17:04:43.227  3178  3361 I com.miui.home: CheckGCForNative gc_urgency 0.751118 current_native_bytes is 163711805
12-21 17:04:43.303 10514 10514 I wm_on_application_create_called: [0,com.tencent.qqlive,345]
12-21 17:04:43.306  3178  3360 I cccccc  : createTaskSnapshotCompat:
12-21 17:04:43.419  3178  8146 D cccccc  : onTaskStackChangedBackground
12-21 17:04:43.421  3178  3207 D cccccc  : onTaskStackChangedBackground
12-21 17:04:43.426  3178  3218 D cccccc  : onTaskStackChangedBackground
12-21 17:04:43.641  3178  3656 I com.miui.home: CheckGCForNative adj_start_bytes: 41280802 NativeAllocationGcWatermark: 11423235 java_gc_start_bytes: 24145950 kNewNativeDiscountFactor: 2 kOldNativeDiscountFactor: 65536 old_native_bytes: 136446185 new_native_bytes: 27541724 add_bytes_allowed: 34269705 is_gc_concurrent: 1 target_footprint_: 24277022 GetBytesAllocated: 17880224 HeapGrowthMultiplier: 3
12-21 17:04:43.641  3178  3656 I com.miui.home: CheckGCForNative gc_urgency 0.766777 current_native_bytes is 163987909
12-21 17:04:43.745  3178  3656 I cccccc  : createTaskSnapshot:
12-21 17:04:43.745  3178  3656 I cccccc  : getTaskSnapshotInstance: 153
12-21 17:04:43.789  3178  8146 D cccccc  : onTaskStackChangedBackground
12-21 17:04:43.789  3178  8146 D cccccc  : onTaskStackChangedBackground
12-21 17:04:43.795  3178  3207 D cccccc  : onTaskStackChangedBackground
12-21 17:04:43.797  3178  3207 D cccccc  : onTaskStackChangedBackground
12-21 17:04:43.945  3178  3656 I com.miui.home: CheckGCForNative adj_start_bytes: 41280802 NativeAllocationGcWatermark: 11423235 java_gc_start_bytes: 24145950 kNewNativeDiscountFactor: 2 kOldNativeDiscountFactor: 65536 old_native_bytes: 136446185 new_native_bytes: 38352428 add_bytes_allowed: 34269705 is_gc_concurrent: 1 target_footprint_: 24277022 GetBytesAllocated: 18208032 HeapGrowthMultiplier: 3
12-21 17:04:43.949  3178  3656 I com.miui.home: CheckGCForNative gc_urgency 0.905659 current_native_bytes is 174798613
12-21 17:04:43.954  3178  3656 I cccccc  : getTaskThumbnailInfo: 2460 1.0  10705920
12-21 17:04:43.972  3178  3361 I com.miui.home: CheckGCForNative adj_start_bytes: 41280802 NativeAllocationGcWatermark: 11423235 java_gc_start_bytes: 24145950 kNewNativeDiscountFactor: 2 kOldNativeDiscountFactor: 65536 old_native_bytes: 136446185 new_native_bytes: 27649364 add_bytes_allowed: 34269705 is_gc_concurrent: 1 target_footprint_: 24277022 GetBytesAllocated: 18240992 HeapGrowthMultiplier: 3
12-21 17:04:43.972  3178  3361 I com.miui.home: CheckGCForNative gc_urgency 0.77682 current_native_bytes is 164095549
12-21 17:04:43.993  3178  3218 D cccccc  : onTaskStackChangedBackground
12-21 17:04:43.995  3178  3207 D cccccc  : onTaskStackChangedBackground
12-21 17:04:43.995  3178  3218 D cccccc  : onTaskStackChangedBackground
12-21 17:04:44.025  3178  3656 I com.miui.home: CheckGCForNative adj_start_bytes: 41280802 NativeAllocationGcWatermark: 11423235 java_gc_start_bytes: 24145950 kNewNativeDiscountFactor: 2 kOldNativeDiscountFactor: 65536 old_native_bytes: 136446185 new_native_bytes: 27639380 add_bytes_allowed: 34269705 is_gc_concurrent: 1 target_footprint_: 24277022 GetBytesAllocated: 18470832 HeapGrowthMultiplier: 3
12-21 17:04:44.026  3178  3656 I com.miui.home: CheckGCForNative gc_urgency 0.782267 current_native_bytes is 164085565
12-21 17:04:44.078  3178  3656 I com.miui.home: CheckGCForNative adj_start_bytes: 41280802 NativeAllocationGcWatermark: 11423235 java_gc_start_bytes: 24145950 kNewNativeDiscountFactor: 2 kOldNativeDiscountFactor: 65536 old_native_bytes: 136446185 new_native_bytes: 27897896 add_bytes_allowed: 34269705 is_gc_concurrent: 1 target_footprint_: 24277022 GetBytesAllocated: 18716624 HeapGrowthMultiplier: 3
12-21 17:04:44.078  3178  3656 I com.miui.home: CheckGCForNative gc_urgency 0.791352 current_native_bytes is 164344081
12-21 17:04:44.107  3178  3656 I cccccc  : createTaskSnapshot:
12-21 17:04:44.107  3178  3656 I cccccc  : getTaskSnapshotInstance: 154
12-21 17:04:44.164  5792  5792 I wm_on_create_called: [0,14779334,com.tencent.mobileqq.activity.SplashActivity,performCreate,222]
12-21 17:04:44.170  5792  5792 I wm_on_start_called: [0,14779334,com.tencent.mobileqq.activity.SplashActivity,handleStartActivity,6]
12-21 17:04:44.178  3178  3656 I com.miui.home: CheckGCForNative adj_start_bytes: 41280802 NativeAllocationGcWatermark: 11423235 java_gc_start_bytes: 24145950 kNewNativeDiscountFactor: 2 kOldNativeDiscountFactor: 65536 old_native_bytes: 136446185 new_native_bytes: 27742204 add_bytes_allowed: 34269705 is_gc_concurrent: 1 target_footprint_: 24277022 GetBytesAllocated: 19192272 HeapGrowthMultiplier: 3
12-21 17:04:44.179  3178  3656 I com.miui.home: CheckGCForNative gc_urgency 0.800989 current_native_bytes is 164188389
12-21 17:04:44.187  5792  5792 I wm_on_resume_called: [0,14779334,com.tencent.mobileqq.activity.SplashActivity,RESUME_ACTIVITY,16]
12-21 17:04:44.215  5792  5792 I wm_on_top_resumed_gained_called: [14779334,com.tencent.mobileqq.activity.SplashActivity,topStateChangedWhenResumed]
12-21 17:04:44.235  3178  3656 I cccccc  : createTaskSnapshot:
12-21 17:04:44.235  3178  3656 I cccccc  : getTaskSnapshotInstance: 154
12-21 17:04:44.444  3178  3178 I wm_on_stop_called: [0,239115788,com.miui.home.launcher.Launcher,STOP_ACTIVITY_ITEM,3]
12-21 17:04:44.512  5792  5792 I wm_on_top_resumed_lost_called: [14779334,com.tencent.mobileqq.activity.SplashActivity,topStateChangedWhenResumed]
12-21 17:04:44.514  5792  5792 I wm_on_paused_called: [0,14779334,com.tencent.mobileqq.activity.SplashActivity,performPause,1]
12-21 17:04:44.609  5792  5792 I wm_on_create_called: [0,241587981,com.tencent.mobileqq.activity.LoginActivity,performCreate,55]
12-21 17:04:44.639  3178  3218 D cccccc  : onTaskStackChangedBackground
12-21 17:04:44.641  5792  5792 I wm_on_start_called: [0,241587981,com.tencent.mobileqq.activity.LoginActivity,handleStartActivity,31]
12-21 17:04:44.644  3178  3751 D cccccc  : onTaskStackChangedBackground
12-21 17:04:44.644  3178  3207 D cccccc  : onTaskStackChangedBackground
12-21 17:04:44.647  5792  5792 I wm_on_resume_called: [0,241587981,com.tencent.mobileqq.activity.LoginActivity,RESUME_ACTIVITY,5]
12-21 17:04:44.657  5792  5792 I wm_on_top_resumed_gained_called: [241587981,com.tencent.mobileqq.activity.LoginActivity,topStateChangedWhenResumed]
12-21 17:04:44.704  3178  3656 I com.miui.home: CheckGCForNative adj_start_bytes: 41280802 NativeAllocationGcWatermark: 11423235 java_gc_start_bytes: 24145950 kNewNativeDiscountFactor: 2 kOldNativeDiscountFactor: 65536 old_native_bytes: 136446185 new_native_bytes: 28054940 add_bytes_allowed: 34269705 is_gc_concurrent: 1 target_footprint_: 24277022 GetBytesAllocated: 19856976 HeapGrowthMultiplier: 3
12-21 17:04:44.704  3178  3656 I com.miui.home: CheckGCForNative gc_urgency 0.820879 current_native_bytes is 164501125
12-21 17:04:44.736  3178  3656 I com.miui.home: CheckGCForNative adj_start_bytes: 41280802 NativeAllocationGcWatermark: 11423235 java_gc_start_bytes: 24145950 kNewNativeDiscountFactor: 2 kOldNativeDiscountFactor: 65536 old_native_bytes: 136446185 new_native_bytes: 28242704 add_bytes_allowed: 34269705 is_gc_concurrent: 1 target_footprint_: 24277022 GetBytesAllocated: 20069968 HeapGrowthMultiplier: 3
12-21 17:04:44.736  3178  3656 I com.miui.home: CheckGCForNative gc_urgency 0.828312 current_native_bytes is 164688889
12-21 17:04:44.747  3178  3656 I cccccc  : createTaskSnapshot:
12-21 17:04:44.747  3178  3656 I cccccc  : getTaskSnapshotInstance: 154
12-21 17:04:44.785  5792  5792 I wm_on_idle_called: com.tencent.mobileqq.activity.LoginActivity
12-21 17:04:44.825  3178  3656 I com.miui.home: CheckGCForNative adj_start_bytes: 41280802 NativeAllocationGcWatermark: 11423235 java_gc_start_bytes: 24145950 kNewNativeDiscountFactor: 2 kOldNativeDiscountFactor: 65536 old_native_bytes: 136446185 new_native_bytes: 28627012 add_bytes_allowed: 34269705 is_gc_concurrent: 1 target_footprint_: 24277022 GetBytesAllocated: 20479984 HeapGrowthMultiplier: 3
12-21 17:04:44.825  3178  3656 I com.miui.home: CheckGCForNative gc_urgency 0.8429 current_native_bytes is 165073197
12-21 17:04:44.840  3178  3656 I cccccc  : createTaskSnapshot:
12-21 17:04:44.840  3178  3656 I cccccc  : getTaskSnapshotInstance: 154
12-21 17:04:45.287  5792  5792 I wm_on_stop_called: [0,14779334,com.tencent.mobileqq.activity.SplashActivity,LIFECYCLER_STOP_ACTIVITY,1]
12-21 17:04:45.296  5792  5792 I wm_on_destroy_called: [0,14779334,com.tencent.mobileqq.activity.SplashActivity,performDestroy,9]
12-21 17:04:45.475  3178  3178 I wm_on_restart_called: [0,239115788,com.miui.home.launcher.Launcher,performRestartActivity,0]
12-21 17:04:45.477  3178  3178 I wm_on_start_called: [0,239115788,com.miui.home.launcher.Launcher,handleStartActivity,2]
12-21 17:04:45.540  3178  3207 I cccccc  : getTaskSnapshot:
12-21 17:04:45.540  3178  3207 I com.miui.home: CheckGCForNative adj_start_bytes: 41280802 NativeAllocationGcWatermark: 11423235 java_gc_start_bytes: 24145950 kNewNativeDiscountFactor: 2 kOldNativeDiscountFactor: 65536 old_native_bytes: 136446185 new_native_bytes: 39396988 add_bytes_allowed: 34269705 is_gc_concurrent: 1 target_footprint_: 24277022 GetBytesAllocated: 21299632 HeapGrowthMultiplier: 3
12-21 17:04:45.540  3178  3207 I com.miui.home: CheckGCForNative gc_urgency 0.993203 current_native_bytes is 175843173
