12-21 16:51:13.287  3175  3395 D cccccc  : onTaskStackChangedBackground
12-21 16:51:13.287  3175  3618 D cccccc  : onTaskStackChangedBackground
12-21 16:51:13.288  3175  3618 D cccccc  : onTaskStackChangedBackground
12-21 16:51:13.332  3175  3673 I com.miui.home: CheckGCForNative adj_start_bytes: 41714920 NativeAllocationGcWatermark: 11472401 java_gc_start_bytes: 24506319 kNewNativeDiscountFactor: 2 kOldNativeDiscountFactor: 65536 old_native_bytes: 140484985 new_native_bytes: 15427580 add_bytes_allowed: 34417203 is_gc_concurrent: 1 target_footprint_: 24670351 GetBytesAllocated: 20592792 HeapGrowthMultiplier: 3
12-21 16:51:13.333  3175  3673 I com.miui.home: CheckGCForNative gc_urgency 0.678623 current_native_bytes is 155912565
12-21 16:51:13.351  3175  3673 I cccccc  : createTaskSnapshot:
12-21 16:51:13.351  3175  3673 I cccccc  : getTaskSnapshotInstance: 122
12-21 16:51:13.424  3175  3673 I com.miui.home: CheckGCForNative adj_start_bytes: 41714920 NativeAllocationGcWatermark: 11472401 java_gc_start_bytes: 24506319 kNewNativeDiscountFactor: 2 kOldNativeDiscountFactor: 65536 old_native_bytes: 140484985 new_native_bytes: 15628700 add_bytes_allowed: 34417203 is_gc_concurrent: 1 target_footprint_: 24670351 GetBytesAllocated: 20986584 HeapGrowthMultiplier: 3
12-21 16:51:13.424  3175  3673 I com.miui.home: CheckGCForNative gc_urgency 0.690474 current_native_bytes is 156113685
12-21 16:51:13.474  3175  3673 I cccccc  : createTaskSnapshot:
12-21 16:51:13.474  3175  3673 I cccccc  : getTaskSnapshotInstance: 122
12-21 16:51:13.955 12278 12278 I wm_on_create_called: [0,241343251,com.UCMobile.main.UCMobile,performCreate,142]
12-21 16:51:14.054 12278 12278 I wm_on_create_called: [0,224278428,com.uc.browser.InnerUCMobile,performCreate,37]
12-21 16:51:14.057 12278 12278 I wm_on_start_called: [0,224278428,com.uc.browser.InnerUCMobile,handleStartActivity,3]
12-21 16:51:14.063 12278 12278 I wm_on_resume_called: [0,224278428,com.uc.browser.InnerUCMobile,RESUME_ACTIVITY,4]
12-21 16:51:14.098  3175  3654 D cccccc  : onTaskStackChangedBackground
12-21 16:51:14.101 12278 12278 I wm_on_top_resumed_gained_called: [224278428,com.uc.browser.InnerUCMobile,topStateChangedWhenResumed]
12-21 16:51:14.107  3175  3654 D cccccc  : onTaskStackChangedBackground
12-21 16:51:14.107  3175  3395 D cccccc  : onTaskStackChangedBackground
12-21 16:51:14.158  3175  3673 I com.miui.home: CheckGCForNative adj_start_bytes: 41714920 NativeAllocationGcWatermark: 11472401 java_gc_start_bytes: 24506319 kNewNativeDiscountFactor: 2 kOldNativeDiscountFactor: 65536 old_native_bytes: 140484985 new_native_bytes: 15761952 add_bytes_allowed: 34417203 is_gc_concurrent: 1 target_footprint_: 24670351 GetBytesAllocated: 21495288 HeapGrowthMultiplier: 3
12-21 16:51:14.158  3175  3673 I com.miui.home: CheckGCForNative gc_urgency 0.704266 current_native_bytes is 156246937
12-21 16:51:14.197  3175  3673 I com.miui.home: CheckGCForNative adj_start_bytes: 41714920 NativeAllocationGcWatermark: 11472401 java_gc_start_bytes: 24506319 kNewNativeDiscountFactor: 2 kOldNativeDiscountFactor: 65536 old_native_bytes: 140484985 new_native_bytes: 16013908 add_bytes_allowed: 34417203 is_gc_concurrent: 1 target_footprint_: 24670351 GetBytesAllocated: 21757720 HeapGrowthMultiplier: 3
12-21 16:51:14.197  3175  3673 I com.miui.home: CheckGCForNative gc_urgency 0.713577 current_native_bytes is 156498893
12-21 16:51:14.210  3175  3673 I cccccc  : createTaskSnapshot:
12-21 16:51:14.210  3175  3673 I cccccc  : getTaskSnapshotInstance: 122
12-21 16:51:14.248  3175  3673 I com.miui.home: CheckGCForNative adj_start_bytes: 41714920 NativeAllocationGcWatermark: 11472401 java_gc_start_bytes: 24506319 kNewNativeDiscountFactor: 2 kOldNativeDiscountFactor: 65536 old_native_bytes: 140484985 new_native_bytes: 16254484 add_bytes_allowed: 34417203 is_gc_concurrent: 1 target_footprint_: 24670351 GetBytesAllocated: 22135128 HeapGrowthMultiplier: 3
12-21 16:51:14.248  3175  3673 I com.miui.home: CheckGCForNative gc_urgency 0.725508 current_native_bytes is 156739469
12-21 16:51:14.263  3175  3673 I cccccc  : createTaskSnapshot:
12-21 16:51:14.263  3175  3673 I cccccc  : getTaskSnapshotInstance: 122
12-21 16:51:14.398  3175  3175 I wm_on_stop_called: [0,221963891,com.miui.home.launcher.Launcher,STOP_ACTIVITY_ITEM,7]
12-21 16:51:14.463 12278 12278 I wm_on_destroy_called: [0,241343251,com.UCMobile.main.UCMobile,performDestroy,0]
12-21 16:51:14.619  3175  3175 I wm_on_restart_called: [0,221963891,com.miui.home.launcher.Launcher,performRestartActivity,0]
12-21 16:51:14.620  3175  3175 I wm_on_start_called: [0,221963891,com.miui.home.launcher.Launcher,handleStartActivity,1]
12-21 16:51:14.718  3175  3392 I com.miui.home: CheckGCForNative adj_start_bytes: 41714920 NativeAllocationGcWatermark: 11472401 java_gc_start_bytes: 24506319 kNewNativeDiscountFactor: 2 kOldNativeDiscountFactor: 65536 old_native_bytes: 140484985 new_native_bytes: 27303776 add_bytes_allowed: 34417203 is_gc_concurrent: 1 target_footprint_: 24670351 GetBytesAllocated: 23192376 HeapGrowthMultiplier: 3
12-21 16:51:14.718  3175  3392 I com.miui.home: CheckGCForNative gc_urgency 0.883291 current_native_bytes is 167788761
12-21 16:51:14.719  3175  3392 I cccccc  : createTaskSnapshotCompat:
12-21 16:51:14.720  3175  3392 I com.miui.home: CheckGCForNative adj_start_bytes: 41714920 NativeAllocationGcWatermark: 11472401 java_gc_start_bytes: 24506319 kNewNativeDiscountFactor: 2 kOldNativeDiscountFactor: 65536 old_native_bytes: 140484985 new_native_bytes: 38009696 add_bytes_allowed: 34417203 is_gc_concurrent: 1 target_footprint_: 24670351 GetBytesAllocated: 23208952 HeapGrowthMultiplier: 3
12-21 16:51:14.720  3175  3392 I com.miui.home: CheckGCForNative gc_urgency 1.01201 current_native_bytes is 178494681
12-21 16:51:14.720  3175  3392 I com.miui.home: CheckGCForNative requested 1
12-21 16:51:14.720  3175  3392 I cccccc  : getTaskThumbnailInfo: 2460 1.0  10705920
12-21 16:51:14.809  3175  3392 I cccccc  : getTaskSnapshot:
12-21 16:51:14.810  3175  3392 I com.miui.home: CheckGCForNative adj_start_bytes: 41714920 NativeAllocationGcWatermark: 11472401 java_gc_start_bytes: 24506319 kNewNativeDiscountFactor: 2 kOldNativeDiscountFactor: 65536 old_native_bytes: 140484985 new_native_bytes: 37986816 add_bytes_allowed: 34417203 is_gc_concurrent: 1 target_footprint_: 24670351 GetBytesAllocated: 23274488 HeapGrowthMultiplier: 3
12-21 16:51:14.810  3175  3392 I com.miui.home: CheckGCForNative gc_urgency 1.01331 current_native_bytes is 178471801
12-21 16:51:14.810  3175  3392 I com.miui.home: CheckGCForNative requested 1
12-21 16:51:14.810  3175  3175 I cccccc  : createTaskSnapshotCompat:
12-21 16:51:14.811  3175  3175 I cccccc  : getTaskThumbnailInfo: 2460 1.0  10705920
12-21 16:51:14.853  3175  3342 I com.miui.home: CheckGCForNative adj_start_bytes: 41714920 NativeAllocationGcWatermark: 11472401 java_gc_start_bytes: 24506319 kNewNativeDiscountFactor: 2 kOldNativeDiscountFactor: 65536 old_native_bytes: 140484985 new_native_bytes: 27283136 add_bytes_allowed: 34417203 is_gc_concurrent: 1 target_footprint_: 24670351 GetBytesAllocated: 23307448 HeapGrowthMultiplier: 3
12-21 16:51:14.853  3175  3342 I com.miui.home: CheckGCForNative gc_urgency 0.885802 current_native_bytes is 167768121
12-21 16:51:14.878 12278 12278 I wm_on_idle_called: com.uc.browser.InnerUCMobile
12-21 16:51:14.899  3175  3209 I com.miui.home: NativeAlloc concurrent copying GC freed 202752(9985KB) AllocSpace objects, 20(736KB) LOS objects, 49% free, 11MB/23MB, paused 139us,77us total 171.597ms
12-21 16:51:14.964  3175  3342 I com.miui.home: CheckGCForNative gc_urgency 0 current_native_bytes is 140043893
12-21 16:51:15.208  3175  3342 I com.miui.home: CheckGCForNative adj_start_bytes: 41848464 NativeAllocationGcWatermark: 11483009 java_gc_start_bytes: 24623951 kNewNativeDiscountFactor: 2 kOldNativeDiscountFactor: 65536 old_native_bytes: 140043893 new_native_bytes: 19008 add_bytes_allowed: 34449027 is_gc_concurrent: 1 target_footprint_: 24755215 GetBytesAllocated: 12672904 HeapGrowthMultiplier: 3
12-21 16:51:15.208  3175  3342 I com.miui.home: CheckGCForNative gc_urgency 0.303107 current_native_bytes is 140062901
12-21 16:51:15.249  3175  3175 I wm_on_resume_called: [0,221963891,com.miui.home.launcher.Launcher,RESUME_ACTIVITY,4]
12-21 16:51:15.251  3175  3175 I wm_on_idle_called: com.miui.home.launcher.Launcher
12-21 16:51:15.295  3175  3341 I cccccc  : createTaskSnapshotCompat:
12-21 16:51:15.368  3175  3392 D cccccc  : onTaskStackChangedBackground
12-21 16:51:15.368  3175  3654 D cccccc  : onTaskStackChangedBackground
12-21 16:51:15.397  3175  3392 D cccccc  : onTaskStackChangedBackground
12-21 16:51:15.422  3175  3673 I com.miui.home: CheckGCForNative adj_start_bytes: 41848464 NativeAllocationGcWatermark: 11483009 java_gc_start_bytes: 24623951 kNewNativeDiscountFactor: 2 kOldNativeDiscountFactor: 65536 old_native_bytes: 140043893 new_native_bytes: 1071584 add_bytes_allowed: 34449027 is_gc_concurrent: 1 target_footprint_: 24755215 GetBytesAllocated: 13853992 HeapGrowthMultiplier: 3
12-21 16:51:15.422  3175  3673 I com.miui.home: CheckGCForNative gc_urgency 0.343906 current_native_bytes is 141115477
12-21 16:51:15.431  3175  3673 I com.miui.home: CheckGCForNative adj_start_bytes: 41848464 NativeAllocationGcWatermark: 11483009 java_gc_start_bytes: 24623951 kNewNativeDiscountFactor: 2 kOldNativeDiscountFactor: 65536 old_native_bytes: 140043893 new_native_bytes: 1145856 add_bytes_allowed: 34449027 is_gc_concurrent: 1 target_footprint_: 24755215 GetBytesAllocated: 13968680 HeapGrowthMultiplier: 3
12-21 16:51:15.432  3175  3673 I com.miui.home: CheckGCForNative gc_urgency 0.347534 current_native_bytes is 141189749
12-21 16:51:15.464  3175  3673 I cccccc  : createTaskSnapshot:
12-21 16:51:15.464  3175  3673 I cccccc  : getTaskSnapshotInstance: 122
12-21 16:51:15.466  3175  3673 I com.miui.home: CheckGCForNative adj_start_bytes: 41848464 NativeAllocationGcWatermark: 11483009 java_gc_start_bytes: 24623951 kNewNativeDiscountFactor: 2 kOldNativeDiscountFactor: 65536 old_native_bytes: 140043893 new_native_bytes: 13556588 add_bytes_allowed: 34449027 is_gc_concurrent: 1 target_footprint_: 24755215 GetBytesAllocated: 14198328 HeapGrowthMultiplier: 3
12-21 16:51:15.466  3175  3673 I com.miui.home: CheckGCForNative gc_urgency 0.501303 current_native_bytes is 153600481
12-21 16:51:15.466  3175  3673 I cccccc  : getTaskThumbnailInfo: 2460 1.0  10705920
12-21 16:51:15.496  3175  3673 I com.miui.home: CheckGCForNative adj_start_bytes: 41848464 NativeAllocationGcWatermark: 11483009 java_gc_start_bytes: 24623951 kNewNativeDiscountFactor: 2 kOldNativeDiscountFactor: 65536 old_native_bytes: 140043893 new_native_bytes: 2912844 add_bytes_allowed: 34449027 is_gc_concurrent: 1 target_footprint_: 24755215 GetBytesAllocated: 14461320 HeapGrowthMultiplier: 3
12-21 16:51:15.496  3175  3673 I com.miui.home: CheckGCForNative gc_urgency 0.380417 current_native_bytes is 142956737
12-21 16:51:15.617 12278 12278 I wm_on_top_resumed_lost_called: [224278428,com.uc.browser.InnerUCMobile,topStateChangedWhenResumed]
12-21 16:51:15.622  3175  3175 I wm_on_top_resumed_gained_called: [221963891,com.miui.home.launcher.Launcher,topStateChangedWhenResumed]
12-21 16:51:15.714 12278 12278 I wm_on_paused_called: [0,224278428,com.uc.browser.InnerUCMobile,performPause,89]
12-21 16:51:15.718  3175  3332 I com.miui.home: CheckGCForNative adj_start_bytes: 41848464 NativeAllocationGcWatermark: 11483009 java_gc_start_bytes: 24623951 kNewNativeDiscountFactor: 2 kOldNativeDiscountFactor: 65536 old_native_bytes: 140043893 new_native_bytes: 3260700 add_bytes_allowed: 34449027 is_gc_concurrent: 1 target_footprint_: 24755215 GetBytesAllocated: 14952840 HeapGrowthMultiplier: 3
12-21 16:51:15.718  3175  3332 I com.miui.home: CheckGCForNative gc_urgency 0.396319 current_native_bytes is 143304593
12-21 16:51:15.784  3175  3175 I wm_on_top_resumed_lost_called: [221963891,com.miui.home.launcher.Launcher,topStateChangedWhenResumed]
12-21 16:51:15.795  3175  3175 I wm_on_paused_called: [0,221963891,com.miui.home.launcher.Launcher,performPause,1]
12-21 16:51:15.797  3175  3654 D cccccc  : onTaskStackChangedBackground
12-21 16:51:15.798  3175  3213 D cccccc  : onTaskStackChangedBackground
12-21 16:51:15.798  3175  3654 D cccccc  : onTaskStackChangedBackground
12-21 16:51:15.799  3175  3213 D cccccc  : onTaskStackChangedBackground
12-21 16:51:15.916  3175  3213 D cccccc  : onTaskStackChangedBackground
12-21 16:51:15.917  3175  3213 D cccccc  : onTaskStackChangedBackground
12-21 16:51:15.917  3175  3392 D cccccc  : onTaskStackChangedBackground
12-21 16:51:15.918  3175  3673 I com.miui.home: CheckGCForNative adj_start_bytes: 41848464 NativeAllocationGcWatermark: 11483009 java_gc_start_bytes: 24623951 kNewNativeDiscountFactor: 2 kOldNativeDiscountFactor: 65536 old_native_bytes: 140043893 new_native_bytes: 3371436 add_bytes_allowed: 34449027 is_gc_concurrent: 1 target_footprint_: 24755215 GetBytesAllocated: 15592552 HeapGrowthMultiplier: 3
12-21 16:51:15.918  3175  3673 I com.miui.home: CheckGCForNative gc_urgency 0.412928 current_native_bytes is 143415329
12-21 16:51:15.922 12278 12278 I wm_on_stop_called: [0,224278428,com.uc.browser.InnerUCMobile,STOP_ACTIVITY_ITEM,201]
12-21 16:51:15.943  3175  3673 I cccccc  : createTaskSnapshot:
12-21 16:51:15.943  3175  3673 I cccccc  : getTaskSnapshotInstance: 123
12-21 16:51:16.024  3175  3673 I com.miui.home: CheckGCForNative adj_start_bytes: 41848464 NativeAllocationGcWatermark: 11483009 java_gc_start_bytes: 24623951 kNewNativeDiscountFactor: 2 kOldNativeDiscountFactor: 65536 old_native_bytes: 140043893 new_native_bytes: 3461440 add_bytes_allowed: 34449027 is_gc_concurrent: 1 target_footprint_: 24755215 GetBytesAllocated: 16142120 HeapGrowthMultiplier: 3
12-21 16:51:16.024  3175  3673 I com.miui.home: CheckGCForNative gc_urgency 0.427136 current_native_bytes is 143505333
12-21 16:51:16.052  3175  3342 I com.miui.home: CheckGCForNative adj_start_bytes: 41848464 NativeAllocationGcWatermark: 11483009 java_gc_start_bytes: 24623951 kNewNativeDiscountFactor: 2 kOldNativeDiscountFactor: 65536 old_native_bytes: 140043893 new_native_bytes: 3786676 add_bytes_allowed: 34449027 is_gc_concurrent: 1 target_footprint_: 24755215 GetBytesAllocated: 16387880 HeapGrowthMultiplier: 3
12-21 16:51:16.052  3175  3342 I com.miui.home: CheckGCForNative gc_urgency 0.436894 current_native_bytes is 143830569
12-21 16:51:16.057  3175  3673 I cccccc  : createTaskSnapshot:
12-21 16:51:16.057  3175  3673 I cccccc  : getTaskSnapshotInstance: 123
12-21 16:51:16.592 12614 12614 I wm_on_create_called: [0,180522499,com.tencent.mtt.SplashActivity,performCreate,110]
12-21 16:51:16.673 12614 12614 I wm_on_create_called: [0,102504570,com.tencent.mtt.MainActivity,performCreate,12]
12-21 16:51:16.678 12614 12614 I wm_on_start_called: [0,102504570,com.tencent.mtt.MainActivity,handleStartActivity,3]
12-21 16:51:16.720  3175  3654 D cccccc  : onTaskStackChangedBackground
12-21 16:51:16.721  3175  3392 D cccccc  : onTaskStackChangedBackground
12-21 16:51:16.722  3175  3654 D cccccc  : onTaskStackChangedBackground
12-21 16:51:16.771  3175  3673 I com.miui.home: CheckGCForNative adj_start_bytes: 41848464 NativeAllocationGcWatermark: 11483009 java_gc_start_bytes: 24623951 kNewNativeDiscountFactor: 2 kOldNativeDiscountFactor: 65536 old_native_bytes: 140043893 new_native_bytes: 3733748 add_bytes_allowed: 34449027 is_gc_concurrent: 1 target_footprint_: 24755215 GetBytesAllocated: 16831096 HeapGrowthMultiplier: 3
12-21 16:51:16.771  3175  3673 I com.miui.home: CheckGCForNative gc_urgency 0.446853 current_native_bytes is 143777641
12-21 16:51:16.780  3175  3673 I com.miui.home: CheckGCForNative adj_start_bytes: 41848464 NativeAllocationGcWatermark: 11483009 java_gc_start_bytes: 24623951 kNewNativeDiscountFactor: 2 kOldNativeDiscountFactor: 65536 old_native_bytes: 140043893 new_native_bytes: 3805576 add_bytes_allowed: 34449027 is_gc_concurrent: 1 target_footprint_: 24755215 GetBytesAllocated: 16896920 HeapGrowthMultiplier: 3
12-21 16:51:16.780  3175  3673 I com.miui.home: CheckGCForNative gc_urgency 0.449284 current_native_bytes is 143849469
12-21 16:51:16.798  3175  3673 I cccccc  : createTaskSnapshot:
12-21 16:51:16.799  3175  3673 I cccccc  : getTaskSnapshotInstance: 123
12-21 16:51:16.828  3175  3673 I com.miui.home: CheckGCForNative adj_start_bytes: 41848464 NativeAllocationGcWatermark: 11483009 java_gc_start_bytes: 24623951 kNewNativeDiscountFactor: 2 kOldNativeDiscountFactor: 65536 old_native_bytes: 140043893 new_native_bytes: 3964584 add_bytes_allowed: 34449027 is_gc_concurrent: 1 target_footprint_: 24755215 GetBytesAllocated: 17274360 HeapGrowthMultiplier: 3
12-21 16:51:16.828  3175  3673 I com.miui.home: CheckGCForNative gc_urgency 0.460203 current_native_bytes is 144008477
12-21 16:51:16.872  3175  3673 I cccccc  : createTaskSnapshot:
12-21 16:51:16.872  3175  3673 I cccccc  : getTaskSnapshotInstance: 123
12-21 16:51:16.987 12614 12614 I wm_on_resume_called: [0,102504570,com.tencent.mtt.MainActivity,RESUME_ACTIVITY,309]
12-21 16:51:16.994 12614 12614 I wm_on_top_resumed_gained_called: [102504570,com.tencent.mtt.MainActivity,topStateChangedWhenResumed]
12-21 16:51:17.310  3175  3654 I com.miui.home: CheckGCForNative adj_start_bytes: 41848464 NativeAllocationGcWatermark: 11483009 java_gc_start_bytes: 24623951 kNewNativeDiscountFactor: 2 kOldNativeDiscountFactor: 65536 old_native_bytes: 140043893 new_native_bytes: 14949136 add_bytes_allowed: 34449027 is_gc_concurrent: 1 target_footprint_: 24755215 GetBytesAllocated: 18307032 HeapGrowthMultiplier: 3
12-21 16:51:17.310  3175  3654 I com.miui.home: CheckGCForNative gc_urgency 0.616121 current_native_bytes is 154993029
12-21 16:51:17.310  3175  3654 I cccccc  : createTaskSnapshotCompat:
12-21 16:51:17.310  3175  3654 I com.miui.home: CheckGCForNative adj_start_bytes: 41848464 NativeAllocationGcWatermark: 11483009 java_gc_start_bytes: 24623951 kNewNativeDiscountFactor: 2 kOldNativeDiscountFactor: 65536 old_native_bytes: 140043893 new_native_bytes: 25655056 add_bytes_allowed: 34449027 is_gc_concurrent: 1 target_footprint_: 24755215 GetBytesAllocated: 18323608 HeapGrowthMultiplier: 3
12-21 16:51:17.310  3175  3654 I com.miui.home: CheckGCForNative gc_urgency 0.74443 current_native_bytes is 165698949
12-21 16:51:17.310  3175  3654 I cccccc  : getTaskThumbnailInfo: 2460 1.0  10705920
12-21 16:51:17.315  3175  3392 I cccccc  : getTaskSnapshot:
12-21 16:51:17.315  3175  3392 I com.miui.home: CheckGCForNative adj_start_bytes: 41848464 NativeAllocationGcWatermark: 11483009 java_gc_start_bytes: 24623951 kNewNativeDiscountFactor: 2 kOldNativeDiscountFactor: 65536 old_native_bytes: 140043893 new_native_bytes: 25655632 add_bytes_allowed: 34449027 is_gc_concurrent: 1 target_footprint_: 24755215 GetBytesAllocated: 18323640 HeapGrowthMultiplier: 3
12-21 16:51:17.315  3175  3392 I com.miui.home: CheckGCForNative gc_urgency 0.744438 current_native_bytes is 165699525
12-21 16:51:17.316  3175  3175 I cccccc  : createTaskSnapshotCompat:
12-21 16:51:17.316  3175  3175 I cccccc  : getTaskThumbnailInfo: 2460 1.0  10705920
12-21 16:51:17.501  3175  3175 I wm_on_stop_called: [0,221963891,com.miui.home.launcher.Launcher,STOP_ACTIVITY_ITEM,26]
12-21 16:51:17.585 12614 12614 I wm_on_destroy_called: [0,180522499,com.tencent.mtt.SplashActivity,performDestroy,1]
12-21 16:51:17.597 12614 12614 I wm_on_idle_called: com.tencent.mtt.MainActivity
12-21 16:51:18.144  3175  3175 I wm_on_restart_called: [0,221963891,com.miui.home.launcher.Launcher,performRestartActivity,0]
12-21 16:51:18.145  3175  3175 I wm_on_start_called: [0,221963891,com.miui.home.launcher.Launcher,handleStartActivity,1]
12-21 16:51:18.232  3175  3654 I com.miui.home: CheckGCForNative adj_start_bytes: 41848464 NativeAllocationGcWatermark: 11483009 java_gc_start_bytes: 24623951 kNewNativeDiscountFactor: 2 kOldNativeDiscountFactor: 65536 old_native_bytes: 140043893 new_native_bytes: 25767416 add_bytes_allowed: 34449027 is_gc_concurrent: 1 target_footprint_: 24755215 GetBytesAllocated: 19233736 HeapGrowthMultiplier: 3
12-21 16:51:18.232  3175  3654 I com.miui.home: CheckGCForNative gc_urgency 0.767521 current_native_bytes is 165811309
12-21 16:51:18.233  3175  3654 I cccccc  : createTaskSnapshotCompat:
12-21 16:51:18.233  3175  3654 I com.miui.home: CheckGCForNative adj_start_bytes: 41848464 NativeAllocationGcWatermark: 11483009 java_gc_start_bytes: 24623951 kNewNativeDiscountFactor: 2 kOldNativeDiscountFactor: 65536 old_native_bytes: 140043893 new_native_bytes: 36473336 add_bytes_allowed: 34449027 is_gc_concurrent: 1 target_footprint_: 24755215 GetBytesAllocated: 19250312 HeapGrowthMultiplier: 3
12-21 16:51:18.233  3175  3654 I com.miui.home: CheckGCForNative gc_urgency 0.89583 current_native_bytes is 176517229
12-21 16:51:18.233  3175  3654 I cccccc  : getTaskThumbnailInfo: 2460 1.0  10705920
12-21 16:51:18.236  3175  3392 I cccccc  : getTaskSnapshot:
12-21 16:51:18.236  3175  3392 I com.miui.home: CheckGCForNative adj_start_bytes: 41848464 NativeAllocationGcWatermark: 11483009 java_gc_start_bytes: 24623951 kNewNativeDiscountFactor: 2 kOldNativeDiscountFactor: 65536 old_native_bytes: 140043893 new_native_bytes: 36473784 add_bytes_allowed: 34449027 is_gc_concurrent: 1 target_footprint_: 24755215 GetBytesAllocated: 19250312 HeapGrowthMultiplier: 3
12-21 16:51:18.236  3175  3392 I com.miui.home: CheckGCForNative gc_urgency 0.895836 current_native_bytes is 176517677
12-21 16:51:18.237  3175  3175 I cccccc  : createTaskSnapshotCompat:
12-21 16:51:18.237  3175  3175 I cccccc  : getTaskThumbnailInfo: 2460 1.0  10705920
12-21 16:51:18.357  3175  3175 I wm_on_stop_called: [0,221963891,com.miui.home.launcher.Launcher,STOP_ACTIVITY_ITEM,3]
12-21 16:51:19.127  3175  3299 I com.miui.home: CheckGCForNative adj_start_bytes: 41848464 NativeAllocationGcWatermark: 11483009 java_gc_start_bytes: 24623951 kNewNativeDiscountFactor: 2 kOldNativeDiscountFactor: 65536 old_native_bytes: 140043893 new_native_bytes: 25735128 add_bytes_allowed: 34449027 is_gc_concurrent: 1 target_footprint_: 24755215 GetBytesAllocated: 19316168 HeapGrowthMultiplier: 3
12-21 16:51:19.128  3175  3299 I com.miui.home: CheckGCForNative gc_urgency 0.769105 current_native_bytes is 165779021
12-21 16:51:19.141  3175  3175 I wm_on_restart_called: [0,221963891,com.miui.home.launcher.Launcher,performRestartActivity,0]
12-21 16:51:19.142  3175  3175 I wm_on_start_called: [0,221963891,com.miui.home.launcher.Launcher,handleStartActivity,1]
12-21 16:51:19.243  3175  3395 I com.miui.home: CheckGCForNative adj_start_bytes: 41848464 NativeAllocationGcWatermark: 11483009 java_gc_start_bytes: 24623951 kNewNativeDiscountFactor: 2 kOldNativeDiscountFactor: 65536 old_native_bytes: 140043893 new_native_bytes: 36550576 add_bytes_allowed: 34449027 is_gc_concurrent: 1 target_footprint_: 24755215 GetBytesAllocated: 19939176 HeapGrowthMultiplier: 3
12-21 16:51:19.243  3175  3395 I com.miui.home: CheckGCForNative gc_urgency 0.913214 current_native_bytes is 176594469
12-21 16:51:19.243  3175  3395 I cccccc  : createTaskSnapshotCompat:
12-21 16:51:19.244  3175  3395 I com.miui.home: CheckGCForNative adj_start_bytes: 41848464 NativeAllocationGcWatermark: 11483009 java_gc_start_bytes: 24623951 kNewNativeDiscountFactor: 2 kOldNativeDiscountFactor: 65536 old_native_bytes: 140043893 new_native_bytes: 47256528 add_bytes_allowed: 34449027 is_gc_concurrent: 1 target_footprint_: 24755215 GetBytesAllocated: 19955752 HeapGrowthMultiplier: 3
12-21 16:51:19.244  3175  3395 I com.miui.home: CheckGCForNative gc_urgency 1.04152 current_native_bytes is 187300421
12-21 16:51:19.251  3175  3395 I com.miui.home: CheckGCForNative requested 1
12-21 16:51:19.251  3175  3395 I cccccc  : getTaskThumbnailInfo: 2460 1.0  10705920
12-21 16:51:19.278  3175  3395 I cccccc  : getTaskSnapshot:
12-21 16:51:19.278  3175  3395 I com.miui.home: CheckGCForNative adj_start_bytes: 41848464 NativeAllocationGcWatermark: 11483009 java_gc_start_bytes: 24623951 kNewNativeDiscountFactor: 2 kOldNativeDiscountFactor: 65536 old_native_bytes: 140043893 new_native_bytes: 47267056 add_bytes_allowed: 34449027 is_gc_concurrent: 1 target_footprint_: 24755215 GetBytesAllocated: 19988520 HeapGrowthMultiplier: 3
12-21 16:51:19.278  3175  3395 I com.miui.home: CheckGCForNative gc_urgency 1.04243 current_native_bytes is 187310949
12-21 16:51:19.278  3175  3395 I com.miui.home: CheckGCForNative requested 1
12-21 16:51:19.279  3175  3175 I cccccc  : createTaskSnapshotCompat:
12-21 16:51:19.279  3175  3175 I cccccc  : getTaskThumbnailInfo: 2460 1.0  10705920
12-21 16:51:19.442  3175  3209 I com.miui.home: NativeAlloc concurrent copying GC freed 129906(6894KB) AllocSpace objects, 22(688KB) LOS objects, 49% free, 11MB/23MB, paused 141us,92us total 190.364ms
12-21 16:51:19.582  3175  3342 I com.miui.home: CheckGCForNative gc_urgency 0 current_native_bytes is 140209285
12-21 16:51:19.682  3175  3342 I com.miui.home: CheckGCForNative adj_start_bytes: 41718814 NativeAllocationGcWatermark: 11469365 java_gc_start_bytes: 24514767 kNewNativeDiscountFactor: 2 kOldNativeDiscountFactor: 65536 old_native_bytes: 140209285 new_native_bytes: 9472 add_bytes_allowed: 34408095 is_gc_concurrent: 1 target_footprint_: 24646063 GetBytesAllocated: 12454104 HeapGrowthMultiplier: 3
12-21 16:51:19.682  3175  3342 I com.miui.home: CheckGCForNative gc_urgency 0.29869 current_native_bytes is 140218757
12-21 16:51:19.789  3175  3175 I wm_on_resume_called: [0,221963891,com.miui.home.launcher.Launcher,RESUME_ACTIVITY,8]
12-21 16:51:19.790  3175  3175 I wm_on_idle_called: com.miui.home.launcher.Launcher
12-21 16:51:19.831  3175  3341 I cccccc  : createTaskSnapshotCompat:
12-21 16:51:19.924  3175  3392 D cccccc  : onTaskStackChangedBackground
12-21 16:51:19.925  3175  3213 D cccccc  : onTaskStackChangedBackground
12-21 16:51:19.928  3175  3392 D cccccc  : onTaskStackChangedBackground
12-21 16:51:19.968  3175  3673 I com.miui.home: CheckGCForNative adj_start_bytes: 41718814 NativeAllocationGcWatermark: 11469365 java_gc_start_bytes: 24514767 kNewNativeDiscountFactor: 2 kOldNativeDiscountFactor: 65536 old_native_bytes: 140209285 new_native_bytes: 191840 add_bytes_allowed: 34408095 is_gc_concurrent: 1 target_footprint_: 24646063 GetBytesAllocated: 13897720 HeapGrowthMultiplier: 3
12-21 16:51:19.968  3175  3673 I com.miui.home: CheckGCForNative gc_urgency 0.335479 current_native_bytes is 140401125
12-21 16:51:19.990  3175  3673 I com.miui.home: CheckGCForNative adj_start_bytes: 41718814 NativeAllocationGcWatermark: 11469365 java_gc_start_bytes: 24514767 kNewNativeDiscountFactor: 2 kOldNativeDiscountFactor: 65536 old_native_bytes: 140209285 new_native_bytes: 1448392 add_bytes_allowed: 34408095 is_gc_concurrent: 1 target_footprint_: 24646063 GetBytesAllocated: 13979704 HeapGrowthMultiplier: 3
12-21 16:51:19.991  3175  3673 I com.miui.home: CheckGCForNative gc_urgency 0.352504 current_native_bytes is 141657677
12-21 16:51:20.033  3175  3673 I com.miui.home: CheckGCForNative adj_start_bytes: 41718814 NativeAllocationGcWatermark: 11469365 java_gc_start_bytes: 24514767 kNewNativeDiscountFactor: 2 kOldNativeDiscountFactor: 65536 old_native_bytes: 140209285 new_native_bytes: 1428860 add_bytes_allowed: 34408095 is_gc_concurrent: 1 target_footprint_: 24646063 GetBytesAllocated: 14209144 HeapGrowthMultiplier: 3
12-21 16:51:20.033  3175  3673 I com.miui.home: CheckGCForNative gc_urgency 0.357769 current_native_bytes is 141638145
12-21 16:51:20.069  3175  3673 I cccccc  : createTaskSnapshot:
12-21 16:51:20.069  3175  3673 I cccccc  : getTaskSnapshotInstance: 123
12-21 16:51:20.073  3175  3673 I com.miui.home: CheckGCForNative adj_start_bytes: 41718814 NativeAllocationGcWatermark: 11469365 java_gc_start_bytes: 24514767 kNewNativeDiscountFactor: 2 kOldNativeDiscountFactor: 65536 old_native_bytes: 140209285 new_native_bytes: 13703716 add_bytes_allowed: 34408095 is_gc_concurrent: 1 target_footprint_: 24646063 GetBytesAllocated: 14422344 HeapGrowthMultiplier: 3
12-21 16:51:20.073  3175  3673 I com.miui.home: CheckGCForNative gc_urgency 0.509994 current_native_bytes is 153913001
12-21 16:51:20.074  3175  3673 I cccccc  : getTaskThumbnailInfo: 2460 1.0  10705920
12-21 16:51:20.147 12614 12614 I wm_on_top_resumed_lost_called: [102504570,com.tencent.mtt.MainActivity,topStateChangedWhenResumed]
12-21 16:51:20.159 12614 12614 I wm_on_paused_called: [0,102504570,com.tencent.mtt.MainActivity,performPause,2]
12-21 16:51:20.160  3175  3175 I wm_on_paused_called: [0,221963891,com.miui.home.launcher.Launcher,performPause,1]
12-21 16:51:20.203  3175  3395 D cccccc  : onTaskStackChangedBackground
12-21 16:51:20.205  3175  3654 D cccccc  : onTaskStackChangedBackground
12-21 16:51:20.206  3175  3395 D cccccc  : onTaskStackChangedBackground
12-21 16:51:20.206  3175  3395 D cccccc  : onTaskStackChangedBackground
12-21 16:51:20.213  3175  3673 I com.miui.home: CheckGCForNative adj_start_bytes: 41718814 NativeAllocationGcWatermark: 11469365 java_gc_start_bytes: 24514767 kNewNativeDiscountFactor: 2 kOldNativeDiscountFactor: 65536 old_native_bytes: 140209285 new_native_bytes: 3083248 add_bytes_allowed: 34408095 is_gc_concurrent: 1 target_footprint_: 24646063 GetBytesAllocated: 14865672 HeapGrowthMultiplier: 3
12-21 16:51:20.213  3175  3673 I com.miui.home: CheckGCForNative gc_urgency 0.393334 current_native_bytes is 143292533
12-21 16:51:20.276  3175  3673 I com.miui.home: CheckGCForNative adj_start_bytes: 41718814 NativeAllocationGcWatermark: 11469365 java_gc_start_bytes: 24514767 kNewNativeDiscountFactor: 2 kOldNativeDiscountFactor: 65536 old_native_bytes: 140209285 new_native_bytes: 3415268 add_bytes_allowed: 34408095 is_gc_concurrent: 1 target_footprint_: 24646063 GetBytesAllocated: 15176968 HeapGrowthMultiplier: 3
12-21 16:51:20.276  3175  3673 I com.miui.home: CheckGCForNative gc_urgency 0.404775 current_native_bytes is 143624553
12-21 16:51:20.279  3175  3395 D cccccc  : onTaskStackChangedBackground
12-21 16:51:20.280  3175  3654 D cccccc  : onTaskStackChangedBackground
12-21 16:51:20.281  3175  3395 D cccccc  : onTaskStackChangedBackground
12-21 16:51:20.329  3175  3395 I com.miui.home: CheckGCForNative adj_start_bytes: 41718814 NativeAllocationGcWatermark: 11469365 java_gc_start_bytes: 24514767 kNewNativeDiscountFactor: 2 kOldNativeDiscountFactor: 65536 old_native_bytes: 140209285 new_native_bytes: 3353052 add_bytes_allowed: 34408095 is_gc_concurrent: 1 target_footprint_: 24646063 GetBytesAllocated: 15463960 HeapGrowthMultiplier: 3
12-21 16:51:20.329  3175  3395 I com.miui.home: CheckGCForNative gc_urgency 0.410909 current_native_bytes is 143562337
12-21 16:51:20.406  3175  3673 I com.miui.home: CheckGCForNative adj_start_bytes: 41718814 NativeAllocationGcWatermark: 11469365 java_gc_start_bytes: 24514767 kNewNativeDiscountFactor: 2 kOldNativeDiscountFactor: 65536 old_native_bytes: 140209285 new_native_bytes: 3448156 add_bytes_allowed: 34408095 is_gc_concurrent: 1 target_footprint_: 24646063 GetBytesAllocated: 15759352 HeapGrowthMultiplier: 3
12-21 16:51:20.406  3175  3673 I com.miui.home: CheckGCForNative gc_urgency 0.419129 current_native_bytes is 143657441
12-21 16:51:20.434  3175  3673 I cccccc  : createTaskSnapshot:
12-21 16:51:20.434  3175  3673 I cccccc  : getTaskSnapshotInstance: 124
12-21 16:51:20.482  3175  3342 I com.miui.home: CheckGCForNative adj_start_bytes: 41718814 NativeAllocationGcWatermark: 11469365 java_gc_start_bytes: 24514767 kNewNativeDiscountFactor: 2 kOldNativeDiscountFactor: 65536 old_native_bytes: 140209285 new_native_bytes: 3590256 add_bytes_allowed: 34408095 is_gc_concurrent: 1 target_footprint_: 24646063 GetBytesAllocated: 16037880 HeapGrowthMultiplier: 3
12-21 16:51:20.482  3175  3342 I com.miui.home: CheckGCForNative gc_urgency 0.427509 current_native_bytes is 143799541
12-21 16:51:20.936 13086 13086 I wm_on_application_create_called: [0,com.youku.phone,276]
12-21 16:51:21.132 13086 13086 I wm_on_create_called: [0,225061434,com.youku.phone.ActivityWelcome,performCreate,176]
12-21 16:51:21.281  3175  3395 D cccccc  : onTaskStackChangedBackground
12-21 16:51:21.290  3175  3395 D cccccc  : onTaskStackChangedBackground
12-21 16:51:21.290  3175  3654 D cccccc  : onTaskStackChangedBackground
12-21 16:51:21.303 13086 13086 I wm_on_create_called: [0,156211710,com.youku.v2.HomePageEntry,performCreate,98]
12-21 16:51:21.353  3175  3673 I com.miui.home: CheckGCForNative adj_start_bytes: 41718814 NativeAllocationGcWatermark: 11469365 java_gc_start_bytes: 24514767 kNewNativeDiscountFactor: 2 kOldNativeDiscountFactor: 65536 old_native_bytes: 140209285 new_native_bytes: 3614352 add_bytes_allowed: 34408095 is_gc_concurrent: 1 target_footprint_: 24646063 GetBytesAllocated: 16497608 HeapGrowthMultiplier: 3
12-21 16:51:21.353  3175  3673 I com.miui.home: CheckGCForNative gc_urgency 0.438817 current_native_bytes is 143823637
12-21 16:51:21.370  3175  3673 I cccccc  : createTaskSnapshot:
12-21 16:51:21.370  3175  3673 I cccccc  : getTaskSnapshotInstance: 124
12-21 16:51:21.429  3175  3673 I com.miui.home: CheckGCForNative adj_start_bytes: 41718814 NativeAllocationGcWatermark: 11469365 java_gc_start_bytes: 24514767 kNewNativeDiscountFactor: 2 kOldNativeDiscountFactor: 65536 old_native_bytes: 140209285 new_native_bytes: 3858628 add_bytes_allowed: 34408095 is_gc_concurrent: 1 target_footprint_: 24646063 GetBytesAllocated: 16940680 HeapGrowthMultiplier: 3
12-21 16:51:21.429  3175  3673 I com.miui.home: CheckGCForNative gc_urgency 0.452365 current_native_bytes is 144067913
12-21 16:51:21.461 13086 13086 I wm_on_start_called: [0,156211710,com.youku.v2.HomePageEntry,handleStartActivity,158]
12-21 16:51:21.470  3175  3673 I cccccc  : createTaskSnapshot:
12-21 16:51:21.470  3175  3673 I cccccc  : getTaskSnapshotInstance: 124
12-21 16:51:21.502 13086 13086 I wm_on_resume_called: [0,156211710,com.youku.v2.HomePageEntry,RESUME_ACTIVITY,39]
12-21 16:51:21.510 13086 13086 I wm_on_top_resumed_gained_called: [156211710,com.youku.v2.HomePageEntry,topStateChangedWhenResumed]
12-21 16:51:22.120  3175  3715 I com.miui.home: CheckGCForNative adj_start_bytes: 41718814 NativeAllocationGcWatermark: 11469365 java_gc_start_bytes: 24514767 kNewNativeDiscountFactor: 2 kOldNativeDiscountFactor: 65536 old_native_bytes: 140209285 new_native_bytes: 14794844 add_bytes_allowed: 34408095 is_gc_concurrent: 1 target_footprint_: 24646063 GetBytesAllocated: 17989976 HeapGrowthMultiplier: 3
12-21 16:51:22.121  3175  3715 I com.miui.home: CheckGCForNative gc_urgency 0.608587 current_native_bytes is 155004129
12-21 16:51:22.121  3175  3715 I cccccc  : createTaskSnapshotCompat:
12-21 16:51:22.121  3175  3715 I com.miui.home: CheckGCForNative adj_start_bytes: 41718814 NativeAllocationGcWatermark: 11469365 java_gc_start_bytes: 24514767 kNewNativeDiscountFactor: 2 kOldNativeDiscountFactor: 65536 old_native_bytes: 140209285 new_native_bytes: 25500764 add_bytes_allowed: 34408095 is_gc_concurrent: 1 target_footprint_: 24646063 GetBytesAllocated: 17990168 HeapGrowthMultiplier: 3
12-21 16:51:22.121  3175  3715 I com.miui.home: CheckGCForNative gc_urgency 0.736902 current_native_bytes is 165710049
12-21 16:51:22.121  3175  3715 I cccccc  : getTaskThumbnailInfo: 2460 1.0  10705920
12-21 16:51:22.138  3175  3715 I cccccc  : getTaskSnapshot:
12-21 16:51:22.141  3175  3715 I com.miui.home: CheckGCForNative adj_start_bytes: 41718814 NativeAllocationGcWatermark: 11469365 java_gc_start_bytes: 24514767 kNewNativeDiscountFactor: 2 kOldNativeDiscountFactor: 65536 old_native_bytes: 140209285 new_native_bytes: 25503772 add_bytes_allowed: 34408095 is_gc_concurrent: 1 target_footprint_: 24646063 GetBytesAllocated: 18039320 HeapGrowthMultiplier: 3
12-21 16:51:22.141  3175  3715 I com.miui.home: CheckGCForNative gc_urgency 0.738116 current_native_bytes is 165713057
12-21 16:51:22.143  3175  3175 I cccccc  : createTaskSnapshotCompat:
12-21 16:51:22.143  3175  3175 I cccccc  : getTaskThumbnailInfo: 2460 1.0  10705920
12-21 16:51:22.197  3175  3342 I com.miui.home: CheckGCForNative adj_start_bytes: 41718814 NativeAllocationGcWatermark: 11469365 java_gc_start_bytes: 24514767 kNewNativeDiscountFactor: 2 kOldNativeDiscountFactor: 65536 old_native_bytes: 140209285 new_native_bytes: 14807276 add_bytes_allowed: 34408095 is_gc_concurrent: 1 target_footprint_: 24646063 GetBytesAllocated: 18055896 HeapGrowthMultiplier: 3
12-21 16:51:22.197  3175  3342 I com.miui.home: CheckGCForNative gc_urgency 0.610316 current_native_bytes is 155016561
12-21 16:51:22.453  3175  3342 I com.miui.home: CheckGCForNative adj_start_bytes: 41718814 NativeAllocationGcWatermark: 11469365 java_gc_start_bytes: 24514767 kNewNativeDiscountFactor: 2 kOldNativeDiscountFactor: 65536 old_native_bytes: 140209285 new_native_bytes: 14787180 add_bytes_allowed: 34408095 is_gc_concurrent: 1 target_footprint_: 24646063 GetBytesAllocated: 18219736 HeapGrowthMultiplier: 3
12-21 16:51:22.453  3175  3342 I com.miui.home: CheckGCForNative gc_urgency 0.614003 current_native_bytes is 154996465
12-21 16:51:22.553  3175  3342 I com.miui.home: CheckGCForNative adj_start_bytes: 41718814 NativeAllocationGcWatermark: 11469365 java_gc_start_bytes: 24514767 kNewNativeDiscountFactor: 2 kOldNativeDiscountFactor: 65536 old_native_bytes: 140209285 new_native_bytes: 14794348 add_bytes_allowed: 34408095 is_gc_concurrent: 1 target_footprint_: 24646063 GetBytesAllocated: 18268888 HeapGrowthMultiplier: 3
12-21 16:51:22.553  3175  3342 I com.miui.home: CheckGCForNative gc_urgency 0.615267 current_native_bytes is 155003633
12-21 16:51:22.649  3175  3175 I wm_on_resume_called: [0,221963891,com.miui.home.launcher.Launcher,RESUME_ACTIVITY,5]
12-21 16:51:22.651  3175  3175 I wm_on_idle_called: com.miui.home.launcher.Launcher
12-21 16:51:22.706  3175  3341 I cccccc  : createTaskSnapshotCompat:
12-21 16:51:22.776  3175  3392 D cccccc  : onTaskStackChangedBackground
12-21 16:51:22.779  3175  3213 D cccccc  : onTaskStackChangedBackground
12-21 16:51:22.781  3175  3654 D cccccc  : onTaskStackChangedBackground
12-21 16:51:22.836  3175  3673 I com.miui.home: CheckGCForNative adj_start_bytes: 41718814 NativeAllocationGcWatermark: 11469365 java_gc_start_bytes: 24514767 kNewNativeDiscountFactor: 2 kOldNativeDiscountFactor: 65536 old_native_bytes: 140209285 new_native_bytes: 14925564 add_bytes_allowed: 34408095 is_gc_concurrent: 1 target_footprint_: 24646063 GetBytesAllocated: 19638792 HeapGrowthMultiplier: 3
12-21 16:51:22.836  3175  3673 I com.miui.home: CheckGCForNative gc_urgency 0.649676 current_native_bytes is 155134849
12-21 16:51:22.858  3175  3673 I cccccc  : createTaskSnapshot:
12-21 16:51:22.858  3175  3673 I cccccc  : getTaskSnapshotInstance: 124
12-21 16:51:22.859  3175  3673 I com.miui.home: CheckGCForNative adj_start_bytes: 41718814 NativeAllocationGcWatermark: 11469365 java_gc_start_bytes: 24514767 kNewNativeDiscountFactor: 2 kOldNativeDiscountFactor: 65536 old_native_bytes: 140209285 new_native_bytes: 25834448 add_bytes_allowed: 34408095 is_gc_concurrent: 1 target_footprint_: 24646063 GetBytesAllocated: 19884552 HeapGrowthMultiplier: 3
12-21 16:51:22.859  3175  3673 I com.miui.home: CheckGCForNative gc_urgency 0.78631 current_native_bytes is 166043733
12-21 16:51:22.859  3175  3673 I cccccc  : getTaskThumbnailInfo: 2460 1.0  10705920
12-21 16:51:22.872  3175  3673 I com.miui.home: CheckGCForNative adj_start_bytes: 41718814 NativeAllocationGcWatermark: 11469365 java_gc_start_bytes: 24514767 kNewNativeDiscountFactor: 2 kOldNativeDiscountFactor: 65536 old_native_bytes: 140209285 new_native_bytes: 15157456 add_bytes_allowed: 34408095 is_gc_concurrent: 1 target_footprint_: 24646063 GetBytesAllocated: 20098392 HeapGrowthMultiplier: 3
12-21 16:51:22.872  3175  3673 I com.miui.home: CheckGCForNative gc_urgency 0.663472 current_native_bytes is 155366741
12-21 16:51:22.889  3175  3673 I com.miui.home: CheckGCForNative adj_start_bytes: 41718814 NativeAllocationGcWatermark: 11469365 java_gc_start_bytes: 24514767 kNewNativeDiscountFactor: 2 kOldNativeDiscountFactor: 65536 old_native_bytes: 140209285 new_native_bytes: 15383248 add_bytes_allowed: 34408095 is_gc_concurrent: 1 target_footprint_: 24646063 GetBytesAllocated: 20278616 HeapGrowthMultiplier: 3
12-21 16:51:22.889  3175  3673 I com.miui.home: CheckGCForNative gc_urgency 0.670498 current_native_bytes is 155592533
12-21 16:51:23.092  3175  8196 I com.miui.home: CheckGCForNative adj_start_bytes: 41718814 NativeAllocationGcWatermark: 11469365 java_gc_start_bytes: 24514767 kNewNativeDiscountFactor: 2 kOldNativeDiscountFactor: 65536 old_native_bytes: 140209285 new_native_bytes: 15440068 add_bytes_allowed: 34408095 is_gc_concurrent: 1 target_footprint_: 24646063 GetBytesAllocated: 20458840 HeapGrowthMultiplier: 3
12-21 16:51:23.092  3175  8196 I com.miui.home: CheckGCForNative gc_urgency 0.675499 current_native_bytes is 155649353
12-21 16:51:23.131  3175  3175 I wm_on_top_resumed_gained_called: [221963891,com.miui.home.launcher.Launcher,topStateChangedWhenResumed]
12-21 16:51:23.284 13086 13086 I wm_on_top_resumed_lost_called: [156211710,com.youku.v2.HomePageEntry,topStateChangedWhenResumed]
12-21 16:51:23.319 13086 13086 I wm_on_paused_called: [0,156211710,com.youku.v2.HomePageEntry,performPause,29]
12-21 16:51:23.369 13086 13086 I wm_on_stop_called: [0,156211710,com.youku.v2.HomePageEntry,STOP_ACTIVITY_ITEM,14]
12-21 16:51:23.372 13086 13086 I wm_on_destroy_called: [0,225061434,com.youku.phone.ActivityWelcome,performDestroy,2]
12-21 16:51:23.468  3175  3175 I wm_on_top_resumed_lost_called: [221963891,com.miui.home.launcher.Launcher,topStateChangedWhenResumed]
12-21 16:51:23.479  3175  3392 D cccccc  : onTaskStackChangedBackground
12-21 16:51:23.480  3175  3654 D cccccc  : onTaskStackChangedBackground
12-21 16:51:23.480  3175  3392 D cccccc  : onTaskStackChangedBackground
12-21 16:51:23.481  3175  3654 D cccccc  : onTaskStackChangedBackground
12-21 16:51:23.501  3175  3175 I wm_on_paused_called: [0,221963891,com.miui.home.launcher.Launcher,performPause,2]
12-21 16:51:23.539  3175  3673 I com.miui.home: CheckGCForNative adj_start_bytes: 41718814 NativeAllocationGcWatermark: 11469365 java_gc_start_bytes: 24514767 kNewNativeDiscountFactor: 2 kOldNativeDiscountFactor: 65536 old_native_bytes: 140209285 new_native_bytes: 15608016 add_bytes_allowed: 34408095 is_gc_concurrent: 1 target_footprint_: 24646063 GetBytesAllocated: 20951128 HeapGrowthMultiplier: 3
12-21 16:51:23.539  3175  3673 I com.miui.home: CheckGCForNative gc_urgency 0.689312 current_native_bytes is 155817301
12-21 16:51:23.577  3175  3673 I com.miui.home: CheckGCForNative adj_start_bytes: 41718814 NativeAllocationGcWatermark: 11469365 java_gc_start_bytes: 24514767 kNewNativeDiscountFactor: 2 kOldNativeDiscountFactor: 65536 old_native_bytes: 140209285 new_native_bytes: 15861156 add_bytes_allowed: 34408095 is_gc_concurrent: 1 target_footprint_: 24646063 GetBytesAllocated: 21180504 HeapGrowthMultiplier: 3
12-21 16:51:23.577  3175  3673 I com.miui.home: CheckGCForNative gc_urgency 0.697844 current_native_bytes is 156070441
12-21 16:51:23.674 13086 13086 I wm_on_idle_called: com.youku.v2.HomePageEntry
12-21 16:51:23.679  3175  3654 D cccccc  : onTaskStackChangedBackground
12-21 16:51:23.688  3175  3392 D cccccc  : onTaskStackChangedBackground
12-21 16:51:23.689  3175  3392 D cccccc  : onTaskStackChangedBackground
12-21 16:51:23.712  3175  3673 I com.miui.home: CheckGCForNative adj_start_bytes: 41718814 NativeAllocationGcWatermark: 11469365 java_gc_start_bytes: 24514767 kNewNativeDiscountFactor: 2 kOldNativeDiscountFactor: 65536 old_native_bytes: 140209285 new_native_bytes: 16153156 add_bytes_allowed: 34408095 is_gc_concurrent: 1 target_footprint_: 24646063 GetBytesAllocated: 21812072 HeapGrowthMultiplier: 3
12-21 16:51:23.712  3175  3673 I com.miui.home: CheckGCForNative gc_urgency 0.716482 current_native_bytes is 156362441
12-21 16:51:23.748  3175  3673 I cccccc  : createTaskSnapshot:
12-21 16:51:23.748  3175  3673 I cccccc  : getTaskSnapshotInstance: 125
12-21 16:51:23.764  3175  3342 I com.miui.home: CheckGCForNative adj_start_bytes: 41718814 NativeAllocationGcWatermark: 11469365 java_gc_start_bytes: 24514767 kNewNativeDiscountFactor: 2 kOldNativeDiscountFactor: 65536 old_native_bytes: 140209285 new_native_bytes: 16428152 add_bytes_allowed: 34408095 is_gc_concurrent: 1 target_footprint_: 24646063 GetBytesAllocated: 22189576 HeapGrowthMultiplier: 3
12-21 16:51:23.764  3175  3342 I com.miui.home: CheckGCForNative gc_urgency 0.728827 current_native_bytes is 156637437
12-21 16:51:23.801  3175  3673 I com.miui.home: CheckGCForNative adj_start_bytes: 41718814 NativeAllocationGcWatermark: 11469365 java_gc_start_bytes: 24514767 kNewNativeDiscountFactor: 2 kOldNativeDiscountFactor: 65536 old_native_bytes: 140209285 new_native_bytes: 16461944 add_bytes_allowed: 34408095 is_gc_concurrent: 1 target_footprint_: 24646063 GetBytesAllocated: 22468200 HeapGrowthMultiplier: 3
12-21 16:51:23.801  3175  3673 I com.miui.home: CheckGCForNative gc_urgency 0.73591 current_native_bytes is 156671229
12-21 16:51:23.811  3175  3673 I cccccc  : createTaskSnapshot:
12-21 16:51:23.811  3175  3673 I cccccc  : getTaskSnapshotInstance: 125
12-21 16:51:24.096 13672 13672 I wm_on_create_called: [0,144636922,com.ucpro.MainActivity,performCreate,63]
12-21 16:51:24.221  3175  3392 D cccccc  : onTaskStackChangedBackground
12-21 16:51:24.224  3175  3392 D cccccc  : onTaskStackChangedBackground
12-21 16:51:24.224  3175  3392 D cccccc  : onTaskStackChangedBackground
12-21 16:51:24.271  3175  3673 I com.miui.home: CheckGCForNative adj_start_bytes: 41718814 NativeAllocationGcWatermark: 11469365 java_gc_start_bytes: 24514767 kNewNativeDiscountFactor: 2 kOldNativeDiscountFactor: 65536 old_native_bytes: 140209285 new_native_bytes: 16808748 add_bytes_allowed: 34408095 is_gc_concurrent: 1 target_footprint_: 24646063 GetBytesAllocated: 22960552 HeapGrowthMultiplier: 3
12-21 16:51:24.271  3175  3673 I com.miui.home: CheckGCForNative gc_urgency 0.751868 current_native_bytes is 157018033
12-21 16:51:24.285  3175  3673 I cccccc  : createTaskSnapshot:
12-21 16:51:24.286  3175  3673 I cccccc  : getTaskSnapshotInstance: 125
12-21 16:51:24.317  3175  3673 I com.miui.home: CheckGCForNative adj_start_bytes: 41718814 NativeAllocationGcWatermark: 11469365 java_gc_start_bytes: 24514767 kNewNativeDiscountFactor: 2 kOldNativeDiscountFactor: 65536 old_native_bytes: 140209285 new_native_bytes: 17027968 add_bytes_allowed: 34408095 is_gc_concurrent: 1 target_footprint_: 24646063 GetBytesAllocated: 23387208 HeapGrowthMultiplier: 3
12-21 16:51:24.317  3175  3673 I com.miui.home: CheckGCForNative gc_urgency 0.764723 current_native_bytes is 157237253
12-21 16:51:24.353  3175  3673 I cccccc  : createTaskSnapshot:
12-21 16:51:24.354  3175  3673 I cccccc  : getTaskSnapshotInstance: 125
12-21 16:51:24.440 13672 13672 I wm_on_create_called: [0,258749360,com.ucpro.BrowserActivity,performCreate,295]
12-21 16:51:24.444 13672 13672 I wm_on_start_called: [0,258749360,com.ucpro.BrowserActivity,handleStartActivity,3]
12-21 16:51:24.449 13672 13672 I wm_on_resume_called: [0,258749360,com.ucpro.BrowserActivity,RESUME_ACTIVITY,5]
12-21 16:51:24.470 13672 13672 I wm_on_top_resumed_gained_called: [258749360,com.ucpro.BrowserActivity,topStateChangedWhenResumed]
12-21 16:51:24.842  3175  3175 I wm_on_stop_called: [0,221963891,com.miui.home.launcher.Launcher,STOP_ACTIVITY_ITEM,4]
12-21 16:51:24.932  3175  3299 I com.miui.home: CheckGCForNative adj_start_bytes: 41718814 NativeAllocationGcWatermark: 11469365 java_gc_start_bytes: 24514767 kNewNativeDiscountFactor: 2 kOldNativeDiscountFactor: 65536 old_native_bytes: 140209285 new_native_bytes: 17279092 add_bytes_allowed: 34408095 is_gc_concurrent: 1 target_footprint_: 24646063 GetBytesAllocated: 23731336 HeapGrowthMultiplier: 3
12-21 16:51:24.932  3175  3299 I com.miui.home: CheckGCForNative gc_urgency 0.775981 current_native_bytes is 157488377
12-21 16:51:25.043  3175  3175 I wm_on_restart_called: [0,221963891,com.miui.home.launcher.Launcher,performRestartActivity,0]
12-21 16:51:25.045  3175  3175 I wm_on_start_called: [0,221963891,com.miui.home.launcher.Launcher,handleStartActivity,1]
12-21 16:51:25.106  3175  3654 I com.miui.home: CheckGCForNative adj_start_bytes: 41718814 NativeAllocationGcWatermark: 11469365 java_gc_start_bytes: 24514767 kNewNativeDiscountFactor: 2 kOldNativeDiscountFactor: 65536 old_native_bytes: 140209285 new_native_bytes: 28094040 add_bytes_allowed: 34408095 is_gc_concurrent: 1 target_footprint_: 24646063 GetBytesAllocated: 24460888 HeapGrowthMultiplier: 3
12-21 16:51:25.107  3175  3654 I com.miui.home: CheckGCForNative gc_urgency 0.923086 current_native_bytes is 168303325
12-21 16:51:25.109  3175  3654 I cccccc  : createTaskSnapshotCompat:
12-21 16:51:25.111  3175  3654 I com.miui.home: CheckGCForNative adj_start_bytes: 41718814 NativeAllocationGcWatermark: 11469365 java_gc_start_bytes: 24514767 kNewNativeDiscountFactor: 2 kOldNativeDiscountFactor: 65536 old_native_bytes: 140209285 new_native_bytes: 38799960 add_bytes_allowed: 34408095 is_gc_concurrent: 1 target_footprint_: 24646063 GetBytesAllocated: 24477464 HeapGrowthMultiplier: 3
12-21 16:51:25.111  3175  3654 I com.miui.home: CheckGCForNative gc_urgency 1.05179 current_native_bytes is 179009245
12-21 16:51:25.111  3175  3654 I com.miui.home: CheckGCForNative requested 1
12-21 16:51:25.114  3175  3654 I cccccc  : getTaskThumbnailInfo: 2460 1.0  10705920
12-21 16:51:25.186  3175  3654 I cccccc  : getTaskSnapshot:
12-21 16:51:25.186  3175  3654 I com.miui.home: CheckGCForNative adj_start_bytes: 41718814 NativeAllocationGcWatermark: 11469365 java_gc_start_bytes: 24514767 kNewNativeDiscountFactor: 2 kOldNativeDiscountFactor: 65536 old_native_bytes: 140209285 new_native_bytes: 38811704 add_bytes_allowed: 34408095 is_gc_concurrent: 1 target_footprint_: 24646063 GetBytesAllocated: 24526616 HeapGrowthMultiplier: 3
12-21 16:51:25.186  3175  3654 I com.miui.home: CheckGCForNative gc_urgency 1.05311 current_native_bytes is 179020989
