12-21 16:58:29.804  3157  3645 I com.miui.home: CheckGCForNative adj_start_bytes: 40710401 NativeAllocationGcWatermark: 11395991 java_gc_start_bytes: 23616415 kNewNativeDiscountFactor: 2 kOldNativeDiscountFactor: 65536 old_native_bytes: 130171293 new_native_bytes: 1255768 add_bytes_allowed: 34187973 is_gc_concurrent: 1 target_footprint_: 24059071 GetBytesAllocated: 13677312 HeapGrowthMultiplier: 3
12-21 16:58:29.804  3157  3645 I com.miui.home: CheckGCForNative gc_urgency 0.351438 current_native_bytes is 131427061
12-21 16:58:29.831  3157  3645 I com.miui.home: CheckGCForNative adj_start_bytes: 40710401 NativeAllocationGcWatermark: 11395991 java_gc_start_bytes: 23616415 kNewNativeDiscountFactor: 2 kOldNativeDiscountFactor: 65536 old_native_bytes: 130171293 new_native_bytes: 1370136 add_bytes_allowed: 34187973 is_gc_concurrent: 1 target_footprint_: 24059071 GetBytesAllocated: 13873920 HeapGrowthMultiplier: 3
12-21 16:58:29.831  3157  3645 I com.miui.home: CheckGCForNative gc_urgency 0.357672 current_native_bytes is 131541429
12-21 16:58:29.850  3157  3307 I cccccc  : createTaskSnapshot:
12-21 16:58:29.850  3157  3307 I cccccc  : getTaskSnapshotInstance: 129
12-21 16:58:30.314  8960  8960 I wm_on_create_called: [0,206424947,com.eg.android.AlipayGphone.AlipayLogin,performCreate,97]
12-21 16:58:30.318  8960  8960 I wm_on_start_called: [0,206424947,com.eg.android.AlipayGphone.AlipayLogin,handleStartActivity,3]
12-21 16:58:30.321  8960  8960 I wm_on_resume_called: [0,206424947,com.eg.android.AlipayGphone.AlipayLogin,RESUME_ACTIVITY,2]
12-21 16:58:30.339  8960  8960 I wm_on_top_resumed_gained_called: [206424947,com.eg.android.AlipayGphone.AlipayLogin,topStateChangedWhenResumed]
12-21 16:58:30.797  3157  3157 I wm_on_stop_called: [0,87734535,com.miui.home.launcher.Launcher,STOP_ACTIVITY_ITEM,10]
12-21 16:58:31.037  3157  3157 I wm_on_restart_called: [0,87734535,com.miui.home.launcher.Launcher,performRestartActivity,0]
12-21 16:58:31.038  3157  3157 I wm_on_start_called: [0,87734535,com.miui.home.launcher.Launcher,handleStartActivity,1]
12-21 16:58:31.079  3157  3347 I com.miui.home: CheckGCForNative adj_start_bytes: 40710401 NativeAllocationGcWatermark: 11395991 java_gc_start_bytes: 23616415 kNewNativeDiscountFactor: 2 kOldNativeDiscountFactor: 65536 old_native_bytes: 130171293 new_native_bytes: 12488712 add_bytes_allowed: 34187973 is_gc_concurrent: 1 target_footprint_: 24059071 GetBytesAllocated: 14628048 HeapGrowthMultiplier: 3
12-21 16:58:31.079  3157  3347 I com.miui.home: CheckGCForNative gc_urgency 0.512753 current_native_bytes is 142660005
12-21 16:58:31.079  3157  3347 I cccccc  : createTaskSnapshotCompat:
12-21 16:58:31.079  3157  3347 I com.miui.home: CheckGCForNative adj_start_bytes: 40710401 NativeAllocationGcWatermark: 11395991 java_gc_start_bytes: 23616415 kNewNativeDiscountFactor: 2 kOldNativeDiscountFactor: 65536 old_native_bytes: 130171293 new_native_bytes: 23194664 add_bytes_allowed: 34187973 is_gc_concurrent: 1 target_footprint_: 24059071 GetBytesAllocated: 14644624 HeapGrowthMultiplier: 3
12-21 16:58:31.079  3157  3347 I com.miui.home: CheckGCForNative gc_urgency 0.64465 current_native_bytes is 153365957
12-21 16:58:31.079  3157  3347 I cccccc  : getTaskThumbnailInfo: 2460 1.0  10705920
12-21 16:58:31.112  3157  3347 I cccccc  : getTaskSnapshot:
12-21 16:58:31.114  3157  3347 I com.miui.home: CheckGCForNative adj_start_bytes: 40710401 NativeAllocationGcWatermark: 11395991 java_gc_start_bytes: 23616415 kNewNativeDiscountFactor: 2 kOldNativeDiscountFactor: 65536 old_native_bytes: 130171293 new_native_bytes: 23289576 add_bytes_allowed: 34187973 is_gc_concurrent: 1 target_footprint_: 24059071 GetBytesAllocated: 14710304 HeapGrowthMultiplier: 3
12-21 16:58:31.114  3157  3347 I com.miui.home: CheckGCForNative gc_urgency 0.647429 current_native_bytes is 153460869
12-21 16:58:31.116  3157  3157 I cccccc  : createTaskSnapshotCompat:
12-21 16:58:31.116  3157  3157 I cccccc  : getTaskThumbnailInfo: 2460 1.0  10705920
12-21 16:58:31.231  3157  3344 I com.miui.home: CheckGCForNative adj_start_bytes: 40710401 NativeAllocationGcWatermark: 11395991 java_gc_start_bytes: 23616415 kNewNativeDiscountFactor: 2 kOldNativeDiscountFactor: 65536 old_native_bytes: 130171293 new_native_bytes: 12602040 add_bytes_allowed: 34187973 is_gc_concurrent: 1 target_footprint_: 24059071 GetBytesAllocated: 14874336 HeapGrowthMultiplier: 3
12-21 16:58:31.231  3157  3344 I com.miui.home: CheckGCForNative gc_urgency 0.520195 current_native_bytes is 142773333
12-21 16:58:31.332  9176  9176 I wm_on_application_create_called: [0,com.eg.android.AlipayGphone,225]
12-21 16:58:31.397  3157  3344 I com.miui.home: CheckGCForNative adj_start_bytes: 40710401 NativeAllocationGcWatermark: 11395991 java_gc_start_bytes: 23616415 kNewNativeDiscountFactor: 2 kOldNativeDiscountFactor: 65536 old_native_bytes: 130171293 new_native_bytes: 12616368 add_bytes_allowed: 34187973 is_gc_concurrent: 1 target_footprint_: 24059071 GetBytesAllocated: 14956256 HeapGrowthMultiplier: 3
12-21 16:58:31.397  3157  3344 I com.miui.home: CheckGCForNative gc_urgency 0.522383 current_native_bytes is 142787661
12-21 16:58:31.399  8960  8960 I wm_on_idle_called: com.eg.android.AlipayGphone.AlipayLogin
12-21 16:58:31.586  3157  3344 I com.miui.home: CheckGCForNative adj_start_bytes: 40710401 NativeAllocationGcWatermark: 11395991 java_gc_start_bytes: 23616415 kNewNativeDiscountFactor: 2 kOldNativeDiscountFactor: 65536 old_native_bytes: 130171293 new_native_bytes: 12630896 add_bytes_allowed: 34187973 is_gc_concurrent: 1 target_footprint_: 24059071 GetBytesAllocated: 15054560 HeapGrowthMultiplier: 3
12-21 16:58:31.586  3157  3344 I com.miui.home: CheckGCForNative gc_urgency 0.524976 current_native_bytes is 142802189
12-21 16:58:31.663  8960  8960 I wm_on_top_resumed_lost_called: [206424947,com.eg.android.AlipayGphone.AlipayLogin,topStateChangedWhenResumed]
12-21 16:58:31.717  8960  8960 I wm_on_paused_called: [0,206424947,com.eg.android.AlipayGphone.AlipayLogin,performPause,8]
12-21 16:58:31.751  3157  3157 I wm_on_resume_called: [0,87734535,com.miui.home.launcher.Launcher,RESUME_ACTIVITY,19]
12-21 16:58:31.751  3157  3157 I wm_on_top_resumed_gained_called: [87734535,com.miui.home.launcher.Launcher,topWhenResuming]
12-21 16:58:31.753  3157  3343 I cccccc  : createTaskSnapshotCompat:
12-21 16:58:31.773  3157  3157 I wm_on_idle_called: com.miui.home.launcher.Launcher
12-21 16:58:31.845  3157  3347 D cccccc  : onTaskStackChangedBackground
12-21 16:58:31.849  3157  3597 D cccccc  : onTaskStackChangedBackground
12-21 16:58:31.852  3157  3198 D cccccc  : onTaskStackChangedBackground
12-21 16:58:31.924  3157  3319 I com.miui.home: CheckGCForNative adj_start_bytes: 40710401 NativeAllocationGcWatermark: 11395991 java_gc_start_bytes: 23616415 kNewNativeDiscountFactor: 2 kOldNativeDiscountFactor: 65536 old_native_bytes: 130171293 new_native_bytes: 12902192 add_bytes_allowed: 34187973 is_gc_concurrent: 1 target_footprint_: 24059071 GetBytesAllocated: 16333568 HeapGrowthMultiplier: 3
12-21 16:58:31.924  3157  3319 I com.miui.home: CheckGCForNative gc_urgency 0.559726 current_native_bytes is 143073485
12-21 16:58:31.974  3157  3157 I wm_on_top_resumed_lost_called: [87734535,com.miui.home.launcher.Launcher,topStateChangedWhenResumed]
12-21 16:58:32.001  3157  3597 D cccccc  : onTaskStackChangedBackground
12-21 16:58:32.002  3157  3597 D cccccc  : onTaskStackChangedBackground
12-21 16:58:32.002  3157  3346 D cccccc  : onTaskStackChangedBackground
12-21 16:58:32.003  3157  3346 D cccccc  : onTaskStackChangedBackground
12-21 16:58:32.009  3157  3307 I cccccc  : createTaskSnapshot:
12-21 16:58:32.010  3157  3307 I cccccc  : getTaskSnapshotInstance: 129
12-21 16:58:32.021  3157  3307 I com.miui.home: CheckGCForNative adj_start_bytes: 40710401 NativeAllocationGcWatermark: 11395991 java_gc_start_bytes: 23616415 kNewNativeDiscountFactor: 2 kOldNativeDiscountFactor: 65536 old_native_bytes: 130171293 new_native_bytes: 24026648 add_bytes_allowed: 34187973 is_gc_concurrent: 1 target_footprint_: 24059071 GetBytesAllocated: 16661472 HeapGrowthMultiplier: 3
12-21 16:58:32.021  3157  3307 I com.miui.home: CheckGCForNative gc_urgency 0.704409 current_native_bytes is 154197941
12-21 16:58:32.022  3157  3307 I cccccc  : getTaskThumbnailInfo: 2460 1.0  10705920
12-21 16:58:32.026  3157  3157 I wm_on_paused_called: [0,87734535,com.miui.home.launcher.Launcher,performPause,1]
12-21 16:58:32.062  3157  3645 I com.miui.home: CheckGCForNative adj_start_bytes: 40710401 NativeAllocationGcWatermark: 11395991 java_gc_start_bytes: 23616415 kNewNativeDiscountFactor: 2 kOldNativeDiscountFactor: 65536 old_native_bytes: 130171293 new_native_bytes: 26126936 add_bytes_allowed: 34187973 is_gc_concurrent: 1 target_footprint_: 24059071 GetBytesAllocated: 16809296 HeapGrowthMultiplier: 3
12-21 16:58:32.062  3157  3645 I com.miui.home: CheckGCForNative gc_urgency 0.733836 current_native_bytes is 156298229
12-21 16:58:32.129  3157  3307 I com.miui.home: CheckGCForNative adj_start_bytes: 40710401 NativeAllocationGcWatermark: 11395991 java_gc_start_bytes: 23616415 kNewNativeDiscountFactor: 2 kOldNativeDiscountFactor: 65536 old_native_bytes: 130171293 new_native_bytes: 38945196 add_bytes_allowed: 34187973 is_gc_concurrent: 1 target_footprint_: 24059071 GetBytesAllocated: 17022288 HeapGrowthMultiplier: 3
12-21 16:58:32.130  3157  3307 I com.miui.home: CheckGCForNative gc_urgency 0.8965 current_native_bytes is 169116489
12-21 16:58:32.130  3157  3307 I com.miui.home: CheckGCForNative adj_start_bytes: 40710401 NativeAllocationGcWatermark: 11395991 java_gc_start_bytes: 23616415 kNewNativeDiscountFactor: 2 kOldNativeDiscountFactor: 65536 old_native_bytes: 130171293 new_native_bytes: 27149356 add_bytes_allowed: 34187973 is_gc_concurrent: 1 target_footprint_: 24059071 GetBytesAllocated: 17022288 HeapGrowthMultiplier: 3
12-21 16:58:32.130  3157  3307 I com.miui.home: CheckGCForNative gc_urgency 0.751625 current_native_bytes is 157320649
12-21 16:58:32.141  3157  3347 D cccccc  : onTaskStackChangedBackground
12-21 16:58:32.145  3157  3347 D cccccc  : onTaskStackChangedBackground
12-21 16:58:32.148  3157  3198 D cccccc  : onTaskStackChangedBackground
12-21 16:58:32.155  3157  3307 I com.miui.home: CheckGCForNative adj_start_bytes: 40710401 NativeAllocationGcWatermark: 11395991 java_gc_start_bytes: 23616415 kNewNativeDiscountFactor: 2 kOldNativeDiscountFactor: 65536 old_native_bytes: 130171293 new_native_bytes: 27869676 add_bytes_allowed: 34187973 is_gc_concurrent: 1 target_footprint_: 24059071 GetBytesAllocated: 17104208 HeapGrowthMultiplier: 3
12-21 16:58:32.155  3157  3307 I com.miui.home: CheckGCForNative gc_urgency 0.762484 current_native_bytes is 158040969
12-21 16:58:32.164  3157  3645 I com.miui.home: CheckGCForNative adj_start_bytes: 40710401 NativeAllocationGcWatermark: 11395991 java_gc_start_bytes: 23616415 kNewNativeDiscountFactor: 2 kOldNativeDiscountFactor: 65536 old_native_bytes: 130171293 new_native_bytes: 32868204 add_bytes_allowed: 34187973 is_gc_concurrent: 1 target_footprint_: 24059071 GetBytesAllocated: 17169840 HeapGrowthMultiplier: 3
12-21 16:58:32.164  3157  3645 I com.miui.home: CheckGCForNative gc_urgency 0.825488 current_native_bytes is 163039497
12-21 16:58:32.317  3157  3307 I com.miui.home: CheckGCForNative adj_start_bytes: 40710401 NativeAllocationGcWatermark: 11395991 java_gc_start_bytes: 23616415 kNewNativeDiscountFactor: 2 kOldNativeDiscountFactor: 65536 old_native_bytes: 130171293 new_native_bytes: 29546284 add_bytes_allowed: 34187973 is_gc_concurrent: 1 target_footprint_: 24059071 GetBytesAllocated: 17620896 HeapGrowthMultiplier: 3
12-21 16:58:32.317  3157  3307 I com.miui.home: CheckGCForNative gc_urgency 0.795768 current_native_bytes is 159717577
12-21 16:58:32.317  3157  3307 I com.miui.home: CheckGCForNative adj_start_bytes: 40710401 NativeAllocationGcWatermark: 11395991 java_gc_start_bytes: 23616415 kNewNativeDiscountFactor: 2 kOldNativeDiscountFactor: 65536 old_native_bytes: 130171293 new_native_bytes: 30997172 add_bytes_allowed: 34187973 is_gc_concurrent: 1 target_footprint_: 24059071 GetBytesAllocated: 17620896 HeapGrowthMultiplier: 3
12-21 16:58:32.318  3157  3307 I com.miui.home: CheckGCForNative gc_urgency 0.813587 current_native_bytes is 161168465
12-21 16:58:32.325  3157  3307 I com.miui.home: CheckGCForNative adj_start_bytes: 40710401 NativeAllocationGcWatermark: 11395991 java_gc_start_bytes: 23616415 kNewNativeDiscountFactor: 2 kOldNativeDiscountFactor: 65536 old_native_bytes: 130171293 new_native_bytes: 42064008 add_bytes_allowed: 34187973 is_gc_concurrent: 1 target_footprint_: 24059071 GetBytesAllocated: 17670096 HeapGrowthMultiplier: 3
12-21 16:58:32.325  3157  3307 I com.miui.home: CheckGCForNative gc_urgency 0.950717 current_native_bytes is 172235301
12-21 16:58:32.357  3157  3645 I com.miui.home: CheckGCForNative adj_start_bytes: 40710401 NativeAllocationGcWatermark: 11395991 java_gc_start_bytes: 23616415 kNewNativeDiscountFactor: 2 kOldNativeDiscountFactor: 65536 old_native_bytes: 130171293 new_native_bytes: 42161656 add_bytes_allowed: 34187973 is_gc_concurrent: 1 target_footprint_: 24059071 GetBytesAllocated: 17752016 HeapGrowthMultiplier: 3
12-21 16:58:32.363  3157  3645 I com.miui.home: CheckGCForNative gc_urgency 0.953929 current_native_bytes is 172332949
12-21 16:58:32.417  3157  3645 I com.miui.home: CheckGCForNative adj_start_bytes: 40710401 NativeAllocationGcWatermark: 11395991 java_gc_start_bytes: 23616415 kNewNativeDiscountFactor: 2 kOldNativeDiscountFactor: 65536 old_native_bytes: 130171293 new_native_bytes: 42377208 add_bytes_allowed: 34187973 is_gc_concurrent: 1 target_footprint_: 24059071 GetBytesAllocated: 17915856 HeapGrowthMultiplier: 3
12-21 16:58:32.417  3157  3645 I com.miui.home: CheckGCForNative gc_urgency 0.960601 current_native_bytes is 172548501
12-21 16:58:32.430  3157  3645 I cccccc  : createTaskSnapshot:
12-21 16:58:32.430  3157  3645 I cccccc  : getTaskSnapshotInstance: 130
12-21 16:58:32.743  9556  9556 I wm_on_create_called: [0,75180528,com.xunmeng.pinduoduo.ui.activity.MainFrameActivity,performCreate,112]
12-21 16:58:32.869  3157  3347 D cccccc  : onTaskStackChangedBackground
12-21 16:58:32.870  3157  3621 D cccccc  : onTaskStackChangedBackground
12-21 16:58:32.877  3157  3198 D cccccc  : onTaskStackChangedBackground
12-21 16:58:32.908  9556  9556 I wm_on_create_called: [0,110962671,com.xunmeng.pinduoduo.ui.activity.HomeActivity,performCreate,130]
12-21 16:58:32.928  9556  9556 I wm_on_start_called: [0,110962671,com.xunmeng.pinduoduo.ui.activity.HomeActivity,handleStartActivity,20]
12-21 16:58:32.933  9556  9556 I wm_on_resume_called: [0,110962671,com.xunmeng.pinduoduo.ui.activity.HomeActivity,RESUME_ACTIVITY,3]
12-21 16:58:32.962  9556  9556 I wm_on_top_resumed_gained_called: [110962671,com.xunmeng.pinduoduo.ui.activity.HomeActivity,topStateChangedWhenResumed]
12-21 16:58:33.062  3157  3645 I com.miui.home: CheckGCForNative adj_start_bytes: 40710401 NativeAllocationGcWatermark: 11395991 java_gc_start_bytes: 23616415 kNewNativeDiscountFactor: 2 kOldNativeDiscountFactor: 65536 old_native_bytes: 130171293 new_native_bytes: 42587996 add_bytes_allowed: 34187973 is_gc_concurrent: 1 target_footprint_: 24059071 GetBytesAllocated: 18375200 HeapGrowthMultiplier: 3
12-21 16:58:33.062  3157  3645 I com.miui.home: CheckGCForNative gc_urgency 0.974473 current_native_bytes is 172759289
12-21 16:58:33.106  3157  3645 I cccccc  : createTaskSnapshot:
12-21 16:58:33.106  3157  3645 I cccccc  : getTaskSnapshotInstance: 130
12-21 16:58:33.143  3157  3645 I com.miui.home: CheckGCForNative adj_start_bytes: 40710401 NativeAllocationGcWatermark: 11395991 java_gc_start_bytes: 23616415 kNewNativeDiscountFactor: 2 kOldNativeDiscountFactor: 65536 old_native_bytes: 130171293 new_native_bytes: 43153620 add_bytes_allowed: 34187973 is_gc_concurrent: 1 target_footprint_: 24059071 GetBytesAllocated: 18719600 HeapGrowthMultiplier: 3
12-21 16:58:33.144  3157  3645 I com.miui.home: CheckGCForNative gc_urgency 0.98988 current_native_bytes is 173324913
12-21 16:58:33.166  3157  3645 I com.miui.home: CheckGCForNative adj_start_bytes: 40710401 NativeAllocationGcWatermark: 11395991 java_gc_start_bytes: 23616415 kNewNativeDiscountFactor: 2 kOldNativeDiscountFactor: 65536 old_native_bytes: 130171293 new_native_bytes: 43271120 add_bytes_allowed: 34187973 is_gc_concurrent: 1 target_footprint_: 24059071 GetBytesAllocated: 18785136 HeapGrowthMultiplier: 3
12-21 16:58:33.166  3157  3645 I com.miui.home: CheckGCForNative gc_urgency 0.992932 current_native_bytes is 173442413
12-21 16:58:33.209  3157  3645 I cccccc  : createTaskSnapshot:
12-21 16:58:33.209  3157  3645 I cccccc  : getTaskSnapshotInstance: 130
12-21 16:58:33.212  3157  3307 I com.miui.home: CheckGCForNative adj_start_bytes: 40710401 NativeAllocationGcWatermark: 11395991 java_gc_start_bytes: 23616415 kNewNativeDiscountFactor: 2 kOldNativeDiscountFactor: 65536 old_native_bytes: 130171293 new_native_bytes: 43962960 add_bytes_allowed: 34187973 is_gc_concurrent: 1 target_footprint_: 24059071 GetBytesAllocated: 18998128 HeapGrowthMultiplier: 3
12-21 16:58:33.212  3157  3307 I com.miui.home: CheckGCForNative gc_urgency 1.00666 current_native_bytes is 174134253
12-21 16:58:33.221  3157  3307 I com.miui.home: CheckGCForNative requested 1
12-21 16:58:33.561  3157  3198 I com.miui.home: CheckGCForNative gc_urgency 0 current_native_bytes is 152301949
12-21 16:58:33.561  3157  3198 I cccccc  : createTaskSnapshotCompat:
12-21 16:58:33.562  3157  3198 I com.miui.home: CheckGCForNative adj_start_bytes: 40697672 NativeAllocationGcWatermark: 11361853 java_gc_start_bytes: 23654893 kNewNativeDiscountFactor: 2 kOldNativeDiscountFactor: 65536 old_native_bytes: 152301949 new_native_bytes: 10713600 add_bytes_allowed: 34085559 is_gc_concurrent: 1 target_footprint_: 23785965 GetBytesAllocated: 12532504 HeapGrowthMultiplier: 3
12-21 16:58:33.562  3157  3198 I com.miui.home: CheckGCForNative gc_urgency 0.439623 current_native_bytes is 163015549
12-21 16:58:33.562  3157  3198 I cccccc  : getTaskThumbnailInfo: 2460 1.0  10705920
12-21 16:58:33.601  3157  3198 I cccccc  : getTaskSnapshot:
12-21 16:58:33.601  3157  3198 I com.miui.home: CheckGCForNative adj_start_bytes: 40697672 NativeAllocationGcWatermark: 11361853 java_gc_start_bytes: 23654893 kNewNativeDiscountFactor: 2 kOldNativeDiscountFactor: 65536 old_native_bytes: 152301949 new_native_bytes: 10677120 add_bytes_allowed: 34085559 is_gc_concurrent: 1 target_footprint_: 23785965 GetBytesAllocated: 12581656 HeapGrowthMultiplier: 3
12-21 16:58:33.601  3157  3198 I com.miui.home: CheckGCForNative gc_urgency 0.440382 current_native_bytes is 162979069
12-21 16:58:33.601  3157  3157 I cccccc  : createTaskSnapshotCompat:
12-21 16:58:33.602  3157  3157 I cccccc  : getTaskThumbnailInfo: 2460 1.0  10705920
12-21 16:58:33.692  8960  8960 I wm_on_stop_called: [0,206424947,com.eg.android.AlipayGphone.AlipayLogin,STOP_ACTIVITY_ITEM,26]
12-21 16:58:33.716  3157  3157 I wm_on_stop_called: [0,87734535,com.miui.home.launcher.Launcher,STOP_ACTIVITY_ITEM,13]
12-21 16:58:33.876  9556  9556 I wm_on_destroy_called: [0,75180528,com.xunmeng.pinduoduo.ui.activity.MainFrameActivity,performDestroy,3]
12-21 16:58:33.995  9563  9563 I wm_on_application_create_called: [0,com.eg.android.AlipayGphone,455]
12-21 16:58:34.016  9556  9556 I wm_on_idle_called: com.xunmeng.pinduoduo.ui.activity.HomeActivity
12-21 16:58:34.228  9556  9556 I wm_on_top_resumed_lost_called: [110962671,com.xunmeng.pinduoduo.ui.activity.HomeActivity,topStateChangedWhenResumed]
12-21 16:58:34.246  9556  9556 I wm_on_paused_called: [0,110962671,com.xunmeng.pinduoduo.ui.activity.HomeActivity,performPause,11]
12-21 16:58:34.365  3157  3198 D cccccc  : onTaskStackChangedBackground
12-21 16:58:34.378  3157  3198 D cccccc  : onTaskStackChangedBackground
12-21 16:58:34.380  3157  3597 D cccccc  : onTaskStackChangedBackground
12-21 16:58:34.474  3157  3157 I wm_on_restart_called: [0,87734535,com.miui.home.launcher.Launcher,performRestartActivity,0]
12-21 16:58:34.475  3157  3157 I wm_on_start_called: [0,87734535,com.miui.home.launcher.Launcher,handleStartActivity,1]
12-21 16:58:34.497  3157  3645 I com.miui.home: CheckGCForNative adj_start_bytes: 40697672 NativeAllocationGcWatermark: 11361853 java_gc_start_bytes: 23654893 kNewNativeDiscountFactor: 2 kOldNativeDiscountFactor: 65536 old_native_bytes: 152301949 new_native_bytes: 516888 add_bytes_allowed: 34085559 is_gc_concurrent: 1 target_footprint_: 23785965 GetBytesAllocated: 13590488 HeapGrowthMultiplier: 3
12-21 16:58:34.497  3157  3645 I com.miui.home: CheckGCForNative gc_urgency 0.340345 current_native_bytes is 152818837
12-21 16:58:34.539  3157  3645 I com.miui.home: CheckGCForNative adj_start_bytes: 40697672 NativeAllocationGcWatermark: 11361853 java_gc_start_bytes: 23654893 kNewNativeDiscountFactor: 2 kOldNativeDiscountFactor: 65536 old_native_bytes: 152301949 new_native_bytes: 1705848 add_bytes_allowed: 34085559 is_gc_concurrent: 1 target_footprint_: 23785965 GetBytesAllocated: 13639720 HeapGrowthMultiplier: 3
12-21 16:58:34.542  3157  3645 I com.miui.home: CheckGCForNative gc_urgency 0.356162 current_native_bytes is 154007797
12-21 16:58:34.582  3157  3645 I cccccc  : createTaskSnapshot:
12-21 16:58:34.583  3157  3645 I cccccc  : getTaskSnapshotInstance: 130
12-21 16:58:34.583  3157  3597 I com.miui.home: CheckGCForNative adj_start_bytes: 40697672 NativeAllocationGcWatermark: 11361853 java_gc_start_bytes: 23654893 kNewNativeDiscountFactor: 2 kOldNativeDiscountFactor: 65536 old_native_bytes: 152301949 new_native_bytes: 13234220 add_bytes_allowed: 34085559 is_gc_concurrent: 1 target_footprint_: 23785965 GetBytesAllocated: 13836472 HeapGrowthMultiplier: 3
12-21 16:58:34.583  3157  3597 I com.miui.home: CheckGCForNative gc_urgency 0.502631 current_native_bytes is 165536169
12-21 16:58:34.583  3157  3597 I cccccc  : createTaskSnapshotCompat:
12-21 16:58:34.584  3157  3597 I com.miui.home: CheckGCForNative adj_start_bytes: 40697672 NativeAllocationGcWatermark: 11361853 java_gc_start_bytes: 23654893 kNewNativeDiscountFactor: 2 kOldNativeDiscountFactor: 65536 old_native_bytes: 152301949 new_native_bytes: 23940140 add_bytes_allowed: 34085559 is_gc_concurrent: 1 target_footprint_: 23785965 GetBytesAllocated: 13836664 HeapGrowthMultiplier: 3
12-21 16:58:34.584  3157  3597 I com.miui.home: CheckGCForNative gc_urgency 0.634165 current_native_bytes is 176242089
12-21 16:58:34.584  3157  3597 I cccccc  : getTaskThumbnailInfo: 2460 1.0  10705920
12-21 16:58:34.625  3157  3645 I com.miui.home: CheckGCForNative adj_start_bytes: 40697672 NativeAllocationGcWatermark: 11361853 java_gc_start_bytes: 23654893 kNewNativeDiscountFactor: 2 kOldNativeDiscountFactor: 65536 old_native_bytes: 152301949 new_native_bytes: 24060708 add_bytes_allowed: 34085559 is_gc_concurrent: 1 target_footprint_: 23785965 GetBytesAllocated: 13869528 HeapGrowthMultiplier: 3
12-21 16:58:34.625  3157  3645 I com.miui.home: CheckGCForNative gc_urgency 0.636454 current_native_bytes is 176362657
12-21 16:58:34.631  3157  3645 I cccccc  : getTaskThumbnailInfo: 2460 1.0  10705920
12-21 16:58:34.649  3157  3621 I cccccc  : getTaskSnapshot:
12-21 16:58:34.658  3157  3621 I com.miui.home: CheckGCForNative adj_start_bytes: 40697672 NativeAllocationGcWatermark: 11361853 java_gc_start_bytes: 23654893 kNewNativeDiscountFactor: 2 kOldNativeDiscountFactor: 65536 old_native_bytes: 152301949 new_native_bytes: 24119556 add_bytes_allowed: 34085559 is_gc_concurrent: 1 target_footprint_: 23785965 GetBytesAllocated: 13902488 HeapGrowthMultiplier: 3
12-21 16:58:34.658  3157  3621 I com.miui.home: CheckGCForNative gc_urgency 0.637987 current_native_bytes is 176421505
12-21 16:58:34.659  3157  3157 I cccccc  : createTaskSnapshotCompat:
12-21 16:58:34.659  3157  3157 I cccccc  : getTaskThumbnailInfo: 2460 1.0  10705920
12-21 16:58:34.680  3157  3307 I com.miui.home: CheckGCForNative adj_start_bytes: 40697672 NativeAllocationGcWatermark: 11361853 java_gc_start_bytes: 23654893 kNewNativeDiscountFactor: 2 kOldNativeDiscountFactor: 65536 old_native_bytes: 152301949 new_native_bytes: 13680756 add_bytes_allowed: 34085559 is_gc_concurrent: 1 target_footprint_: 23785965 GetBytesAllocated: 13919256 HeapGrowthMultiplier: 3
12-21 16:58:34.680  3157  3307 I com.miui.home: CheckGCForNative gc_urgency 0.510151 current_native_bytes is 165982705
12-21 16:58:34.690  3157  3307 I com.miui.home: CheckGCForNative adj_start_bytes: 40697672 NativeAllocationGcWatermark: 11361853 java_gc_start_bytes: 23654893 kNewNativeDiscountFactor: 2 kOldNativeDiscountFactor: 65536 old_native_bytes: 152301949 new_native_bytes: 14077076 add_bytes_allowed: 34085559 is_gc_concurrent: 1 target_footprint_: 23785965 GetBytesAllocated: 13935640 HeapGrowthMultiplier: 3
12-21 16:58:34.690  3157  3307 I com.miui.home: CheckGCForNative gc_urgency 0.515423 current_native_bytes is 166379025
12-21 16:58:34.734  3157  3645 I com.miui.home: CheckGCForNative adj_start_bytes: 40697672 NativeAllocationGcWatermark: 11361853 java_gc_start_bytes: 23654893 kNewNativeDiscountFactor: 2 kOldNativeDiscountFactor: 65536 old_native_bytes: 152301949 new_native_bytes: 14477608 add_bytes_allowed: 34085559 is_gc_concurrent: 1 target_footprint_: 23785965 GetBytesAllocated: 14165336 HeapGrowthMultiplier: 3
12-21 16:58:34.734  3157  3645 I com.miui.home: CheckGCForNative gc_urgency 0.525987 current_native_bytes is 166779557
12-21 16:58:34.767  3157  3157 I wm_on_stop_called: [0,87734535,com.miui.home.launcher.Launcher,STOP_ACTIVITY_ITEM,46]
12-21 16:58:34.802  3157  3645 I cccccc  : createTaskSnapshot:
12-21 16:58:34.802  3157  3645 I cccccc  : getTaskSnapshotInstance: 130
12-21 16:58:34.808  3157  3645 I com.miui.home: CheckGCForNative adj_start_bytes: 40697672 NativeAllocationGcWatermark: 11361853 java_gc_start_bytes: 23654893 kNewNativeDiscountFactor: 2 kOldNativeDiscountFactor: 65536 old_native_bytes: 152301949 new_native_bytes: 25014888 add_bytes_allowed: 34085559 is_gc_concurrent: 1 target_footprint_: 23785965 GetBytesAllocated: 14394808 HeapGrowthMultiplier: 3
12-21 16:58:34.808  3157  3645 I com.miui.home: CheckGCForNative gc_urgency 0.661084 current_native_bytes is 177316837
12-21 16:58:34.808  3157  3645 I com.miui.home: CheckGCForNative adj_start_bytes: 40697672 NativeAllocationGcWatermark: 11361853 java_gc_start_bytes: 23654893 kNewNativeDiscountFactor: 2 kOldNativeDiscountFactor: 65536 old_native_bytes: 152301949 new_native_bytes: 35722344 add_bytes_allowed: 34085559 is_gc_concurrent: 1 target_footprint_: 23785965 GetBytesAllocated: 14395000 HeapGrowthMultiplier: 3
12-21 16:58:34.808  3157  3645 I com.miui.home: CheckGCForNative gc_urgency 0.792637 current_native_bytes is 188024293
12-21 16:58:34.809  3157  3645 I cccccc  : getTaskThumbnailInfo: 2460 1.0  10705920
12-21 16:58:34.823  3157  3307 I com.miui.home: CheckGCForNative adj_start_bytes: 40697672 NativeAllocationGcWatermark: 11361853 java_gc_start_bytes: 23654893 kNewNativeDiscountFactor: 2 kOldNativeDiscountFactor: 65536 old_native_bytes: 152301949 new_native_bytes: 25081640 add_bytes_allowed: 34085559 is_gc_concurrent: 1 target_footprint_: 23785965 GetBytesAllocated: 14395032 HeapGrowthMultiplier: 3
12-21 16:58:34.823  3157  3307 I com.miui.home: CheckGCForNative gc_urgency 0.66191 current_native_bytes is 177383589
12-21 16:58:34.836  9556  9556 I wm_on_create_called: [0,21276057,com.xunmeng.pinduoduo.login.LoginActivity,performCreate,77]
12-21 16:58:34.942  9868  9868 I wm_on_application_create_called: [0,com.xunmeng.pinduoduo,202]
12-21 16:58:34.966  9556  9556 I wm_on_start_called: [0,21276057,com.xunmeng.pinduoduo.login.LoginActivity,handleStartActivity,122]
12-21 16:58:34.973  9556  9556 I wm_on_resume_called: [0,21276057,com.xunmeng.pinduoduo.login.LoginActivity,RESUME_ACTIVITY,3]
12-21 16:58:34.990  9556  9556 I wm_on_top_resumed_gained_called: [21276057,com.xunmeng.pinduoduo.login.LoginActivity,topStateChangedWhenResumed]
12-21 16:58:35.347  3157  3157 I wm_on_restart_called: [0,87734535,com.miui.home.launcher.Launcher,performRestartActivity,0]
12-21 16:58:35.349  3157  3157 I wm_on_start_called: [0,87734535,com.miui.home.launcher.Launcher,handleStartActivity,1]
12-21 16:58:35.478  3157  3621 I com.miui.home: CheckGCForNative adj_start_bytes: 40697672 NativeAllocationGcWatermark: 11361853 java_gc_start_bytes: 23654893 kNewNativeDiscountFactor: 2 kOldNativeDiscountFactor: 65536 old_native_bytes: 152301949 new_native_bytes: 36240240 add_bytes_allowed: 34085559 is_gc_concurrent: 1 target_footprint_: 23785965 GetBytesAllocated: 14936200 HeapGrowthMultiplier: 3
12-21 16:58:35.478  3157  3621 I com.miui.home: CheckGCForNative gc_urgency 0.812298 current_native_bytes is 188542189
12-21 16:58:35.478  3157  3621 I cccccc  : createTaskSnapshotCompat:
12-21 16:58:35.479  3157  3621 I com.miui.home: CheckGCForNative adj_start_bytes: 40697672 NativeAllocationGcWatermark: 11361853 java_gc_start_bytes: 23654893 kNewNativeDiscountFactor: 2 kOldNativeDiscountFactor: 65536 old_native_bytes: 152301949 new_native_bytes: 46946192 add_bytes_allowed: 34085559 is_gc_concurrent: 1 target_footprint_: 23785965 GetBytesAllocated: 14936392 HeapGrowthMultiplier: 3
12-21 16:58:35.479  3157  3621 I com.miui.home: CheckGCForNative gc_urgency 0.943833 current_native_bytes is 199248141
12-21 16:58:35.479  3157  3621 I cccccc  : getTaskThumbnailInfo: 2460 1.0  10705920
12-21 16:58:35.536  3157  3621 I cccccc  : getTaskSnapshot:
12-21 16:58:35.549  3157  3621 I com.miui.home: CheckGCForNative adj_start_bytes: 40697672 NativeAllocationGcWatermark: 11361853 java_gc_start_bytes: 23654893 kNewNativeDiscountFactor: 2 kOldNativeDiscountFactor: 65536 old_native_bytes: 152301949 new_native_bytes: 46963952 add_bytes_allowed: 34085559 is_gc_concurrent: 1 target_footprint_: 23785965 GetBytesAllocated: 15001928 HeapGrowthMultiplier: 3
12-21 16:58:35.549  3157  3621 I com.miui.home: CheckGCForNative gc_urgency 0.945662 current_native_bytes is 199265901
12-21 16:58:35.549  3157  3157 I cccccc  : createTaskSnapshotCompat:
12-21 16:58:35.549  3157  3157 I cccccc  : getTaskThumbnailInfo: 2460 1.0  10705920
12-21 16:58:35.770  3157  3344 I com.miui.home: CheckGCForNative adj_start_bytes: 40697672 NativeAllocationGcWatermark: 11361853 java_gc_start_bytes: 23654893 kNewNativeDiscountFactor: 2 kOldNativeDiscountFactor: 65536 old_native_bytes: 152301949 new_native_bytes: 36277104 add_bytes_allowed: 34085559 is_gc_concurrent: 1 target_footprint_: 23785965 GetBytesAllocated: 15116824 HeapGrowthMultiplier: 3
12-21 16:58:35.770  3157  3344 I com.miui.home: CheckGCForNative gc_urgency 0.817189 current_native_bytes is 188579053
12-21 16:58:35.814  3157  3344 I com.miui.home: CheckGCForNative adj_start_bytes: 40697672 NativeAllocationGcWatermark: 11361853 java_gc_start_bytes: 23654893 kNewNativeDiscountFactor: 2 kOldNativeDiscountFactor: 65536 old_native_bytes: 152301949 new_native_bytes: 36282160 add_bytes_allowed: 34085559 is_gc_concurrent: 1 target_footprint_: 23785965 GetBytesAllocated: 15133208 HeapGrowthMultiplier: 3
12-21 16:58:35.814  3157  3344 I com.miui.home: CheckGCForNative gc_urgency 0.817654 current_native_bytes is 188584109
12-21 16:58:35.857  9556  9556 I wm_on_stop_called: [0,110962671,com.xunmeng.pinduoduo.ui.activity.HomeActivity,STOP_ACTIVITY_ITEM,45]
12-21 16:58:35.889  9556  9556 I wm_on_idle_called: com.xunmeng.pinduoduo.login.LoginActivity
12-21 16:58:35.995  9556  9556 I wm_on_top_resumed_lost_called: [21276057,com.xunmeng.pinduoduo.login.LoginActivity,topStateChangedWhenResumed]
12-21 16:58:36.001  3157  3157 I wm_on_resume_called: [0,87734535,com.miui.home.launcher.Launcher,RESUME_ACTIVITY,5]
12-21 16:58:36.003  3157  3157 I wm_on_idle_called: com.miui.home.launcher.Launcher
12-21 16:58:36.022  3157  3157 I wm_on_top_resumed_gained_called: [87734535,com.miui.home.launcher.Launcher,topStateChangedWhenResumed]
12-21 16:58:36.023  9556  9556 I wm_on_paused_called: [0,21276057,com.xunmeng.pinduoduo.login.LoginActivity,performPause,0]
12-21 16:58:36.039  3157  3343 I cccccc  : createTaskSnapshotCompat:
12-21 16:58:36.133  3157  3347 D cccccc  : onTaskStackChangedBackground
12-21 16:58:36.139  3157  3621 D cccccc  : onTaskStackChangedBackground
12-21 16:58:36.139  3157  3347 D cccccc  : onTaskStackChangedBackground
12-21 16:58:36.160  9556  9556 I wm_on_stop_called: [0,21276057,com.xunmeng.pinduoduo.login.LoginActivity,STOP_ACTIVITY_ITEM,74]
12-21 16:58:36.170  3157  3645 I com.miui.home: CheckGCForNative adj_start_bytes: 40697672 NativeAllocationGcWatermark: 11361853 java_gc_start_bytes: 23654893 kNewNativeDiscountFactor: 2 kOldNativeDiscountFactor: 65536 old_native_bytes: 152301949 new_native_bytes: 36429588 add_bytes_allowed: 34085559 is_gc_concurrent: 1 target_footprint_: 23785965 GetBytesAllocated: 16412248 HeapGrowthMultiplier: 3
12-21 16:58:36.170  3157  3645 I com.miui.home: CheckGCForNative gc_urgency 0.850893 current_native_bytes is 188731537
12-21 16:58:36.194  3157  3645 I cccccc  : createTaskSnapshot:
12-21 16:58:36.194  3157  3645 I cccccc  : getTaskSnapshotInstance: 130
12-21 16:58:36.195  3157  3645 I com.miui.home: CheckGCForNative adj_start_bytes: 40697672 NativeAllocationGcWatermark: 11361853 java_gc_start_bytes: 23654893 kNewNativeDiscountFactor: 2 kOldNativeDiscountFactor: 65536 old_native_bytes: 152301949 new_native_bytes: 47409716 add_bytes_allowed: 34085559 is_gc_concurrent: 1 target_footprint_: 23785965 GetBytesAllocated: 16625240 HeapGrowthMultiplier: 3
12-21 16:58:36.195  3157  3645 I com.miui.home: CheckGCForNative gc_urgency 0.991025 current_native_bytes is 199711665
12-21 16:58:36.195  3157  3645 I cccccc  : getTaskThumbnailInfo: 2460 1.0  10705920
12-21 16:58:36.198  3157  3307 I com.miui.home: CheckGCForNative adj_start_bytes: 40697672 NativeAllocationGcWatermark: 11361853 java_gc_start_bytes: 23654893 kNewNativeDiscountFactor: 2 kOldNativeDiscountFactor: 65536 old_native_bytes: 152301949 new_native_bytes: 36723956 add_bytes_allowed: 34085559 is_gc_concurrent: 1 target_footprint_: 23785965 GetBytesAllocated: 16674744 HeapGrowthMultiplier: 3
12-21 16:58:36.198  3157  3307 I com.miui.home: CheckGCForNative gc_urgency 0.860959 current_native_bytes is 189025905
12-21 16:58:36.228  3157  3645 I com.miui.home: CheckGCForNative adj_start_bytes: 40697672 NativeAllocationGcWatermark: 11361853 java_gc_start_bytes: 23654893 kNewNativeDiscountFactor: 2 kOldNativeDiscountFactor: 65536 old_native_bytes: 152301949 new_native_bytes: 37261608 add_bytes_allowed: 34085559 is_gc_concurrent: 1 target_footprint_: 23785965 GetBytesAllocated: 16969816 HeapGrowthMultiplier: 3
12-21 16:58:36.228  3157  3645 I com.miui.home: CheckGCForNative gc_urgency 0.874815 current_native_bytes is 189563557
12-21 16:58:36.372  3157  3157 I wm_on_top_resumed_lost_called: [87734535,com.miui.home.launcher.Launcher,topStateChangedWhenResumed]
12-21 16:58:36.375  3157  3157 I wm_on_paused_called: [0,87734535,com.miui.home.launcher.Launcher,performPause,2]
12-21 16:58:36.385  3157  3597 D cccccc  : onTaskStackChangedBackground
12-21 16:58:36.386  3157  3621 D cccccc  : onTaskStackChangedBackground
12-21 16:58:36.386  3157  3621 D cccccc  : onTaskStackChangedBackground
12-21 16:58:36.387  3157  3597 D cccccc  : onTaskStackChangedBackground
12-21 16:58:36.468  3157  3645 I com.miui.home: CheckGCForNative adj_start_bytes: 40697672 NativeAllocationGcWatermark: 11361853 java_gc_start_bytes: 23654893 kNewNativeDiscountFactor: 2 kOldNativeDiscountFactor: 65536 old_native_bytes: 152301949 new_native_bytes: 37871192 add_bytes_allowed: 34085559 is_gc_concurrent: 1 target_footprint_: 23785965 GetBytesAllocated: 17674744 HeapGrowthMultiplier: 3
12-21 16:58:36.468  3157  3645 I com.miui.home: CheckGCForNative gc_urgency 0.899626 current_native_bytes is 190173141
12-21 16:58:36.503  3157  3198 D cccccc  : onTaskStackChangedBackground
12-21 16:58:36.505  3157  3621 D cccccc  : onTaskStackChangedBackground
12-21 16:58:36.505  3157  3347 D cccccc  : onTaskStackChangedBackground
12-21 16:58:36.634 10211 10211 I wm_on_application_create_called: [0,com.xunmeng.pinduoduo,261]
12-21 16:58:36.689  3157  3645 I com.miui.home: CheckGCForNative adj_start_bytes: 40697672 NativeAllocationGcWatermark: 11361853 java_gc_start_bytes: 23654893 kNewNativeDiscountFactor: 2 kOldNativeDiscountFactor: 65536 old_native_bytes: 152301949 new_native_bytes: 38017408 add_bytes_allowed: 34085559 is_gc_concurrent: 1 target_footprint_: 23785965 GetBytesAllocated: 18125400 HeapGrowthMultiplier: 3
12-21 16:58:36.689  3157  3645 I com.miui.home: CheckGCForNative gc_urgency 0.912495 current_native_bytes is 190319357
12-21 16:58:36.727  3157  3645 I cccccc  : createTaskSnapshot:
12-21 16:58:36.727  3157  3645 I cccccc  : getTaskSnapshotInstance: 131
12-21 16:58:36.803  3157  3645 I com.miui.home: CheckGCForNative adj_start_bytes: 40697672 NativeAllocationGcWatermark: 11361853 java_gc_start_bytes: 23654893 kNewNativeDiscountFactor: 2 kOldNativeDiscountFactor: 65536 old_native_bytes: 152301949 new_native_bytes: 38442484 add_bytes_allowed: 34085559 is_gc_concurrent: 1 target_footprint_: 23785965 GetBytesAllocated: 18502600 HeapGrowthMultiplier: 3
12-21 16:58:36.803  3157  3645 I com.miui.home: CheckGCForNative gc_urgency 0.926986 current_native_bytes is 190744433
12-21 16:58:36.846  3157  3645 I cccccc  : createTaskSnapshot:
12-21 16:58:36.846  3157  3645 I cccccc  : getTaskSnapshotInstance: 131
12-21 16:58:36.872  3157  3307 I com.miui.home: CheckGCForNative adj_start_bytes: 40697672 NativeAllocationGcWatermark: 11361853 java_gc_start_bytes: 23654893 kNewNativeDiscountFactor: 2 kOldNativeDiscountFactor: 65536 old_native_bytes: 152301949 new_native_bytes: 38825268 add_bytes_allowed: 34085559 is_gc_concurrent: 1 target_footprint_: 23785965 GetBytesAllocated: 18715688 HeapGrowthMultiplier: 3
12-21 16:58:36.872  3157  3307 I com.miui.home: CheckGCForNative gc_urgency 0.936924 current_native_bytes is 191127217
12-21 16:58:37.209  3157  3350 I com.miui.home: CheckGCForNative adj_start_bytes: 40697672 NativeAllocationGcWatermark: 11361853 java_gc_start_bytes: 23654893 kNewNativeDiscountFactor: 2 kOldNativeDiscountFactor: 65536 old_native_bytes: 152301949 new_native_bytes: 39123764 add_bytes_allowed: 34085559 is_gc_concurrent: 1 target_footprint_: 23785965 GetBytesAllocated: 18912392 HeapGrowthMultiplier: 3
12-21 16:58:37.209  3157  3350 I com.miui.home: CheckGCForNative gc_urgency 0.945425 current_native_bytes is 191425713
12-21 16:58:37.319 10247 10247 I wm_on_application_create_called: [0,com.smile.gifmaker,270]
12-21 16:58:37.475 10247 10247 I wm_on_create_called: [0,237950963,com.yxcorp.gifshow.HomeActivity,performCreate,139]
12-21 16:58:37.608 10247 10247 I wm_on_start_called: [0,237950963,com.yxcorp.gifshow.HomeActivity,handleStartActivity,132]
12-21 16:58:37.679 10247 10247 I wm_on_resume_called: [0,237950963,com.yxcorp.gifshow.HomeActivity,RESUME_ACTIVITY,15]
12-21 16:58:37.700 10247 10247 I wm_on_top_resumed_gained_called: [237950963,com.yxcorp.gifshow.HomeActivity,topStateChangedWhenResumed]
12-21 16:58:38.347 10247 10247 I wm_on_idle_called: com.yxcorp.gifshow.HomeActivity
12-21 16:58:38.375  3157  3157 I wm_on_stop_called: [0,87734535,com.miui.home.launcher.Launcher,STOP_ACTIVITY_ITEM,3]
12-21 16:58:38.484  3157  3157 I wm_on_restart_called: [0,87734535,com.miui.home.launcher.Launcher,performRestartActivity,0]
12-21 16:58:38.485  3157  3157 I wm_on_start_called: [0,87734535,com.miui.home.launcher.Launcher,handleStartActivity,1]
12-21 16:58:38.574  3157  3198 I com.miui.home: CheckGCForNative adj_start_bytes: 40697672 NativeAllocationGcWatermark: 11361853 java_gc_start_bytes: 23654893 kNewNativeDiscountFactor: 2 kOldNativeDiscountFactor: 65536 old_native_bytes: 152301949 new_native_bytes: 50037276 add_bytes_allowed: 34085559 is_gc_concurrent: 1 target_footprint_: 23785965 GetBytesAllocated: 19855496 HeapGrowthMultiplier: 3
12-21 16:58:38.574  3157  3198 I com.miui.home: CheckGCForNative gc_urgency 1.10268 current_native_bytes is 202339225
12-21 16:58:38.574  3157  3198 I com.miui.home: CheckGCForNative requested 1
12-21 16:58:38.574  3157  3198 I cccccc  : createTaskSnapshotCompat:
12-21 16:58:38.574  3157  3198 I com.miui.home: CheckGCForNative adj_start_bytes: 40697672 NativeAllocationGcWatermark: 11361853 java_gc_start_bytes: 23654893 kNewNativeDiscountFactor: 2 kOldNativeDiscountFactor: 65536 old_native_bytes: 152301949 new_native_bytes: 60751196 add_bytes_allowed: 34085559 is_gc_concurrent: 1 target_footprint_: 23785965 GetBytesAllocated: 19872072 HeapGrowthMultiplier: 3
12-21 16:58:38.574  3157  3198 I com.miui.home: CheckGCForNative gc_urgency 1.23471 current_native_bytes is 213053145
12-21 16:58:38.574  3157  3198 I com.miui.home: CheckGCForNative requested 1
12-21 16:58:38.574  3157  3198 I cccccc  : getTaskThumbnailInfo: 2460 1.0  10705920
12-21 16:58:38.645  3157  3344 I com.miui.home: CheckGCForNative adj_start_bytes: 40697672 NativeAllocationGcWatermark: 11361853 java_gc_start_bytes: 23654893 kNewNativeDiscountFactor: 2 kOldNativeDiscountFactor: 65536 old_native_bytes: 152301949 new_native_bytes: 50095452 add_bytes_allowed: 34085559 is_gc_concurrent: 1 target_footprint_: 23785965 GetBytesAllocated: 19937608 HeapGrowthMultiplier: 3
12-21 16:58:38.645  3157  3344 I com.miui.home: CheckGCForNative gc_urgency 1.10541 current_native_bytes is 202397401
12-21 16:58:38.645  3157  3344 I com.miui.home: CheckGCForNative requested 1
12-21 16:58:38.656  3157  3344 I com.miui.home: CheckGCForNative adj_start_bytes: 40697672 NativeAllocationGcWatermark: 11361853 java_gc_start_bytes: 23654893 kNewNativeDiscountFactor: 2 kOldNativeDiscountFactor: 65536 old_native_bytes: 152301949 new_native_bytes: 50095516 add_bytes_allowed: 34085559 is_gc_concurrent: 1 target_footprint_: 23785965 GetBytesAllocated: 19953992 HeapGrowthMultiplier: 3
12-21 16:58:38.656  3157  3344 I com.miui.home: CheckGCForNative gc_urgency 1.10581 current_native_bytes is 202397465
12-21 16:58:38.656  3157  3344 I com.miui.home: CheckGCForNative requested 1
12-21 16:58:38.682  3157  3597 I cccccc  : getTaskSnapshot:
12-21 16:58:38.683  3157  3597 I com.miui.home: CheckGCForNative adj_start_bytes: 40697672 NativeAllocationGcWatermark: 11361853 java_gc_start_bytes: 23654893 kNewNativeDiscountFactor: 2 kOldNativeDiscountFactor: 65536 old_native_bytes: 152301949 new_native_bytes: 60804316 add_bytes_allowed: 34085559 is_gc_concurrent: 1 target_footprint_: 23785965 GetBytesAllocated: 19986760 HeapGrowthMultiplier: 3
12-21 16:58:38.685  3157  3597 I com.miui.home: CheckGCForNative gc_urgency 1.23818 current_native_bytes is 213106265
12-21 16:58:38.685  3157  3597 I com.miui.home: CheckGCForNative requested 1
12-21 16:58:38.686  3157  3157 I cccccc  : createTaskSnapshotCompat:
12-21 16:58:38.686  3157  3157 I cccccc  : getTaskThumbnailInfo: 2460 1.0  10705920
12-21 16:58:38.784  3157  3178 I com.miui.home: NativeAlloc concurrent copying GC freed 132388(7192KB) AllocSpace objects, 22(632KB) LOS objects, 49% free, 11MB/23MB, paused 181us,90us total 209.511ms
12-21 16:58:39.011  3157  3344 I com.miui.home: CheckGCForNative gc_urgency 0 current_native_bytes is 132094661
12-21 16:58:39.145  3157  3343 I cccccc  : createTaskSnapshotCompat:
12-21 16:58:39.243  3157  3621 D cccccc  : onTaskStackChangedBackground
12-21 16:58:39.245  3157  3621 D cccccc  : onTaskStackChangedBackground
12-21 16:58:39.249  3157  3597 D cccccc  : onTaskStackChangedBackground
12-21 16:58:39.268 10247 10247 I wm_on_top_resumed_lost_called: [237950963,com.yxcorp.gifshow.HomeActivity,topStateChangedWhenResumed]
12-21 16:58:39.400  3157  3347 D cccccc  : onTaskStackChangedBackground
12-21 16:58:39.402  3157  3347 D cccccc  : onTaskStackChangedBackground
12-21 16:58:39.407  3157  3597 D cccccc  : onTaskStackChangedBackground
12-21 16:58:39.408  3157  3597 D cccccc  : onTaskStackChangedBackground
12-21 16:58:39.463  3157  3645 I com.miui.home: CheckGCForNative adj_start_bytes: 41048160 NativeAllocationGcWatermark: 11410839 java_gc_start_bytes: 23931902 kNewNativeDiscountFactor: 2 kOldNativeDiscountFactor: 65536 old_native_bytes: 132094661 new_native_bytes: 667604 add_bytes_allowed: 34232517 is_gc_concurrent: 1 target_footprint_: 24177854 GetBytesAllocated: 12876080 HeapGrowthMultiplier: 3
12-21 16:58:39.464  3157  3645 I com.miui.home: CheckGCForNative gc_urgency 0.321863 current_native_bytes is 132762265
12-21 16:58:39.475  3157  3645 I com.miui.home: CheckGCForNative adj_start_bytes: 41048160 NativeAllocationGcWatermark: 11410839 java_gc_start_bytes: 23931902 kNewNativeDiscountFactor: 2 kOldNativeDiscountFactor: 65536 old_native_bytes: 132094661 new_native_bytes: 1342836 add_bytes_allowed: 34232517 is_gc_concurrent: 1 target_footprint_: 24177854 GetBytesAllocated: 12892464 HeapGrowthMultiplier: 3
12-21 16:58:39.475  3157  3645 I com.miui.home: CheckGCForNative gc_urgency 0.330487 current_native_bytes is 133437497
12-21 16:58:39.497  3157  3645 I com.miui.home: CheckGCForNative adj_start_bytes: 41048160 NativeAllocationGcWatermark: 11410839 java_gc_start_bytes: 23931902 kNewNativeDiscountFactor: 2 kOldNativeDiscountFactor: 65536 old_native_bytes: 132094661 new_native_bytes: 1878060 add_bytes_allowed: 34232517 is_gc_concurrent: 1 target_footprint_: 24177854 GetBytesAllocated: 12958192 HeapGrowthMultiplier: 3
12-21 16:58:39.497  3157  3645 I com.miui.home: CheckGCForNative gc_urgency 0.338608 current_native_bytes is 133972721
12-21 16:58:39.500  3157  3645 I com.miui.home: CheckGCForNative adj_start_bytes: 41048160 NativeAllocationGcWatermark: 11410839 java_gc_start_bytes: 23931902 kNewNativeDiscountFactor: 2 kOldNativeDiscountFactor: 65536 old_native_bytes: 132094661 new_native_bytes: 2274604 add_bytes_allowed: 34232517 is_gc_concurrent: 1 target_footprint_: 24177854 GetBytesAllocated: 12958192 HeapGrowthMultiplier: 3
12-21 16:58:39.500  3157  3645 I com.miui.home: CheckGCForNative gc_urgency 0.343438 current_native_bytes is 134369265
12-21 16:58:39.511  3157  3645 I com.miui.home: CheckGCForNative adj_start_bytes: 41048160 NativeAllocationGcWatermark: 11410839 java_gc_start_bytes: 23931902 kNewNativeDiscountFactor: 2 kOldNativeDiscountFactor: 65536 old_native_bytes: 132094661 new_native_bytes: 2819204 add_bytes_allowed: 34232517 is_gc_concurrent: 1 target_footprint_: 24177854 GetBytesAllocated: 12991152 HeapGrowthMultiplier: 3
12-21 16:58:39.511  3157  3645 I com.miui.home: CheckGCForNative gc_urgency 0.350875 current_native_bytes is 134913865
12-21 16:58:39.532  3157  3645 I com.miui.home: CheckGCForNative adj_start_bytes: 41048160 NativeAllocationGcWatermark: 11410839 java_gc_start_bytes: 23931902 kNewNativeDiscountFactor: 2 kOldNativeDiscountFactor: 65536 old_native_bytes: 132094661 new_native_bytes: 3349828 add_bytes_allowed: 34232517 is_gc_concurrent: 1 target_footprint_: 24177854 GetBytesAllocated: 13024112 HeapGrowthMultiplier: 3
12-21 16:58:39.532  3157  3645 I com.miui.home: CheckGCForNative gc_urgency 0.358141 current_native_bytes is 135444489
12-21 16:58:39.537  3157  3645 I com.miui.home: CheckGCForNative adj_start_bytes: 41048160 NativeAllocationGcWatermark: 11410839 java_gc_start_bytes: 23931902 kNewNativeDiscountFactor: 2 kOldNativeDiscountFactor: 65536 old_native_bytes: 132094661 new_native_bytes: 3746148 add_bytes_allowed: 34232517 is_gc_concurrent: 1 target_footprint_: 24177854 GetBytesAllocated: 13024112 HeapGrowthMultiplier: 3
12-21 16:58:39.537  3157  3645 I com.miui.home: CheckGCForNative gc_urgency 0.362969 current_native_bytes is 135840809
12-21 16:58:39.539 10247 10247 I wm_on_paused_called: [0,237950963,com.yxcorp.gifshow.HomeActivity,performPause,17]
12-21 16:58:39.583  3157  3645 I com.miui.home: CheckGCForNative adj_start_bytes: 41048160 NativeAllocationGcWatermark: 11410839 java_gc_start_bytes: 23931902 kNewNativeDiscountFactor: 2 kOldNativeDiscountFactor: 65536 old_native_bytes: 132094661 new_native_bytes: 4611824 add_bytes_allowed: 34232517 is_gc_concurrent: 1 target_footprint_: 24177854 GetBytesAllocated: 13107280 HeapGrowthMultiplier: 3
12-21 16:58:39.584  3157  3645 I com.miui.home: CheckGCForNative gc_urgency 0.37554 current_native_bytes is 136706485
12-21 16:58:39.621  3157  3645 I com.miui.home: CheckGCForNative adj_start_bytes: 41048160 NativeAllocationGcWatermark: 11410839 java_gc_start_bytes: 23931902 kNewNativeDiscountFactor: 2 kOldNativeDiscountFactor: 65536 old_native_bytes: 132094661 new_native_bytes: 5046192 add_bytes_allowed: 34232517 is_gc_concurrent: 1 target_footprint_: 24177854 GetBytesAllocated: 13193360 HeapGrowthMultiplier: 3
12-21 16:58:39.621  3157  3645 I com.miui.home: CheckGCForNative gc_urgency 0.382928 current_native_bytes is 137140853
12-21 16:58:39.627  3157  3645 I com.miui.home: CheckGCForNative adj_start_bytes: 41048160 NativeAllocationGcWatermark: 11410839 java_gc_start_bytes: 23931902 kNewNativeDiscountFactor: 2 kOldNativeDiscountFactor: 65536 old_native_bytes: 132094661 new_native_bytes: 5511696 add_bytes_allowed: 34232517 is_gc_concurrent: 1 target_footprint_: 24177854 GetBytesAllocated: 13213840 HeapGrowthMultiplier: 3
12-21 16:58:39.627  3157  3645 I com.miui.home: CheckGCForNative gc_urgency 0.389097 current_native_bytes is 137606357
12-21 16:58:39.628  3157  3645 I com.miui.home: CheckGCForNative adj_start_bytes: 41048160 NativeAllocationGcWatermark: 11410839 java_gc_start_bytes: 23931902 kNewNativeDiscountFactor: 2 kOldNativeDiscountFactor: 65536 old_native_bytes: 132094661 new_native_bytes: 5552656 add_bytes_allowed: 34232517 is_gc_concurrent: 1 target_footprint_: 24177854 GetBytesAllocated: 13230224 HeapGrowthMultiplier: 3
12-21 16:58:39.628  3157  3645 I com.miui.home: CheckGCForNative gc_urgency 0.389995 current_native_bytes is 137647317
12-21 16:58:39.652  3157  3597 D cccccc  : onTaskStackChangedBackground
12-21 16:58:39.652  3157  3621 D cccccc  : onTaskStackChangedBackground
12-21 16:58:39.653  3157  3198 D cccccc  : onTaskStackChangedBackground
