12-21 16:42:11.047  3133  3133 I wm_on_top_resumed_lost_called: [95840754,com.miui.home.launcher.Launcher,topStateChangedWhenResumed]
12-21 16:42:11.066  3133  3133 I wm_on_paused_called: [0,95840754,com.miui.home.launcher.Launcher,performPause,2]
12-21 16:42:11.123  3133  3197 D cccccc  : onTaskStackChangedBackground
12-21 16:42:11.123  3133  3190 D cccccc  : onTaskStackChangedBackground
12-21 16:42:11.123  3133  3197 D cccccc  : onTaskStackChangedBackground
12-21 16:42:11.123  3133  3197 D cccccc  : onTaskStackChangedBackground
12-21 16:42:11.173  3133 10056 D cccccc  : onTaskStackChangedBackground
12-21 16:42:11.207  3133  3197 D cccccc  : onTaskStackChangedBackground
12-21 16:42:11.209  3133 10056 D cccccc  : onTaskStackChangedBackground
12-21 16:42:11.228  3133  3647 I com.miui.home: CheckGCForNative adj_start_bytes: 41779582 NativeAllocationGcWatermark: 11482657 java_gc_start_bytes: 24555597 kNewNativeDiscountFactor: 2 kOldNativeDiscountFactor: 65536 old_native_bytes: 138930105 new_native_bytes: 3520188 add_bytes_allowed: 34447971 is_gc_concurrent: 1 target_footprint_: 24752397 GetBytesAllocated: 15714136 HeapGrowthMultiplier: 3
12-21 16:42:11.228  3133  3647 I com.miui.home: CheckGCForNative gc_urgency 0.418299 current_native_bytes is 142450293
12-21 16:42:11.259  3133  3647 I cccccc  : createTaskSnapshot:
12-21 16:42:11.259  3133  3647 I cccccc  : getTaskSnapshotInstance: 92
12-21 16:42:11.315  3133  3361 I com.miui.home: CheckGCForNative adj_start_bytes: 41779582 NativeAllocationGcWatermark: 11482657 java_gc_start_bytes: 24555597 kNewNativeDiscountFactor: 2 kOldNativeDiscountFactor: 65536 old_native_bytes: 138930105 new_native_bytes: 3661504 add_bytes_allowed: 34447971 is_gc_concurrent: 1 target_footprint_: 24752397 GetBytesAllocated: 16124408 HeapGrowthMultiplier: 3
12-21 16:42:11.316  3133  3361 I com.miui.home: CheckGCForNative gc_urgency 0.42981 current_native_bytes is 142591609
12-21 16:42:11.375  3133  3647 I com.miui.home: CheckGCForNative adj_start_bytes: 41779582 NativeAllocationGcWatermark: 11482657 java_gc_start_bytes: 24555597 kNewNativeDiscountFactor: 2 kOldNativeDiscountFactor: 65536 old_native_bytes: 138930105 new_native_bytes: 3675072 add_bytes_allowed: 34447971 is_gc_concurrent: 1 target_footprint_: 24752397 GetBytesAllocated: 16370168 HeapGrowthMultiplier: 3
12-21 16:42:11.375  3133  3647 I com.miui.home: CheckGCForNative gc_urgency 0.435855 current_native_bytes is 142605177
12-21 16:42:11.412  3133  3647 I cccccc  : createTaskSnapshot:
12-21 16:42:11.412  3133  3647 I cccccc  : getTaskSnapshotInstance: 92
12-21 16:42:11.825 12830 12830 I wm_on_application_create_called: [0,com.youku.phone,252]
12-21 16:42:11.953 12830 12830 I wm_on_create_called: [0,96341697,com.youku.phone.ActivityWelcome,performCreate,95]
12-21 16:42:12.113  3133  3197 D cccccc  : onTaskStackChangedBackground
12-21 16:42:12.116  3133  3197 D cccccc  : onTaskStackChangedBackground
12-21 16:42:12.117  3133 10056 D cccccc  : onTaskStackChangedBackground
12-21 16:42:12.121 12830 12830 I wm_on_create_called: [0,49023860,com.youku.v2.HomePageEntry,performCreate,77]
12-21 16:42:12.148  3133  3647 I com.miui.home: CheckGCForNative adj_start_bytes: 41779582 NativeAllocationGcWatermark: 11482657 java_gc_start_bytes: 24555597 kNewNativeDiscountFactor: 2 kOldNativeDiscountFactor: 65536 old_native_bytes: 138930105 new_native_bytes: 3829780 add_bytes_allowed: 34447971 is_gc_concurrent: 1 target_footprint_: 24752397 GetBytesAllocated: 16879000 HeapGrowthMultiplier: 3
12-21 16:42:12.148  3133  3647 I com.miui.home: CheckGCForNative gc_urgency 0.449885 current_native_bytes is 142759885
12-21 16:42:12.171 12830 12830 I wm_on_start_called: [0,49023860,com.youku.v2.HomePageEntry,handleStartActivity,49]
12-21 16:42:12.184  3133  3647 I cccccc  : createTaskSnapshot:
12-21 16:42:12.184  3133  3647 I cccccc  : getTaskSnapshotInstance: 92
12-21 16:42:12.226  3133  3647 I com.miui.home: CheckGCForNative adj_start_bytes: 41779582 NativeAllocationGcWatermark: 11482657 java_gc_start_bytes: 24555597 kNewNativeDiscountFactor: 2 kOldNativeDiscountFactor: 65536 old_native_bytes: 138930105 new_native_bytes: 4088392 add_bytes_allowed: 34447971 is_gc_concurrent: 1 target_footprint_: 24752397 GetBytesAllocated: 17355064 HeapGrowthMultiplier: 3
12-21 16:42:12.226  3133  3647 I com.miui.home: CheckGCForNative gc_urgency 0.464375 current_native_bytes is 143018497
12-21 16:42:12.238 12830 12830 I wm_on_resume_called: [0,49023860,com.youku.v2.HomePageEntry,RESUME_ACTIVITY,67]
12-21 16:42:12.247 12830 12830 I wm_on_top_resumed_gained_called: [49023860,com.youku.v2.HomePageEntry,topStateChangedWhenResumed]
12-21 16:42:12.252  3133  3647 I com.miui.home: CheckGCForNative adj_start_bytes: 41779582 NativeAllocationGcWatermark: 11482657 java_gc_start_bytes: 24555597 kNewNativeDiscountFactor: 2 kOldNativeDiscountFactor: 65536 old_native_bytes: 138930105 new_native_bytes: 4250500 add_bytes_allowed: 34447971 is_gc_concurrent: 1 target_footprint_: 24752397 GetBytesAllocated: 17518904 HeapGrowthMultiplier: 3
12-21 16:42:12.252  3133  3647 I com.miui.home: CheckGCForNative gc_urgency 0.470236 current_native_bytes is 143180605
12-21 16:42:12.255  3133  3647 I com.miui.home: CheckGCForNative adj_start_bytes: 41779582 NativeAllocationGcWatermark: 11482657 java_gc_start_bytes: 24555597 kNewNativeDiscountFactor: 2 kOldNativeDiscountFactor: 65536 old_native_bytes: 138930105 new_native_bytes: 4287644 add_bytes_allowed: 34447971 is_gc_concurrent: 1 target_footprint_: 24752397 GetBytesAllocated: 17584440 HeapGrowthMultiplier: 3
12-21 16:42:12.255  3133  3647 I com.miui.home: CheckGCForNative gc_urgency 0.472249 current_native_bytes is 143217749
12-21 16:42:12.266  3133  3647 I cccccc  : createTaskSnapshot:
12-21 16:42:12.266  3133  3647 I cccccc  : getTaskSnapshotInstance: 92
12-21 16:42:12.623  3133  3445 I com.miui.home: CheckGCForNative adj_start_bytes: 41779582 NativeAllocationGcWatermark: 11482657 java_gc_start_bytes: 24555597 kNewNativeDiscountFactor: 2 kOldNativeDiscountFactor: 65536 old_native_bytes: 138930105 new_native_bytes: 15095136 add_bytes_allowed: 34447971 is_gc_concurrent: 1 target_footprint_: 24752397 GetBytesAllocated: 18420440 HeapGrowthMultiplier: 3
12-21 16:42:12.623  3133  3445 I com.miui.home: CheckGCForNative gc_urgency 0.621599 current_native_bytes is 154025241
12-21 16:42:12.624  3133  3445 I cccccc  : createTaskSnapshotCompat:
12-21 16:42:12.624  3133  3445 I com.miui.home: CheckGCForNative adj_start_bytes: 41779582 NativeAllocationGcWatermark: 11482657 java_gc_start_bytes: 24555597 kNewNativeDiscountFactor: 2 kOldNativeDiscountFactor: 65536 old_native_bytes: 138930105 new_native_bytes: 25801056 add_bytes_allowed: 34447971 is_gc_concurrent: 1 target_footprint_: 24752397 GetBytesAllocated: 18420632 HeapGrowthMultiplier: 3
12-21 16:42:12.627  3133  3445 I com.miui.home: CheckGCForNative gc_urgency 0.749727 current_native_bytes is 164731161
12-21 16:42:12.628  3133  3445 I cccccc  : getTaskThumbnailInfo: 2460 1.0  10705920
12-21 16:42:12.634  3133  3445 I cccccc  : getTaskSnapshot:
12-21 16:42:12.634  3133  3445 I com.miui.home: CheckGCForNative adj_start_bytes: 41779582 NativeAllocationGcWatermark: 11482657 java_gc_start_bytes: 24555597 kNewNativeDiscountFactor: 2 kOldNativeDiscountFactor: 65536 old_native_bytes: 138930105 new_native_bytes: 25803552 add_bytes_allowed: 34447971 is_gc_concurrent: 1 target_footprint_: 24752397 GetBytesAllocated: 18453400 HeapGrowthMultiplier: 3
12-21 16:42:12.635  3133  3445 I com.miui.home: CheckGCForNative gc_urgency 0.750541 current_native_bytes is 164733657
12-21 16:42:12.635  3133  3133 I cccccc  : createTaskSnapshotCompat:
12-21 16:42:12.635  3133  3133 I cccccc  : getTaskThumbnailInfo: 2460 1.0  10705920
12-21 16:42:12.920  3133  3361 I com.miui.home: CheckGCForNative adj_start_bytes: 41779582 NativeAllocationGcWatermark: 11482657 java_gc_start_bytes: 24555597 kNewNativeDiscountFactor: 2 kOldNativeDiscountFactor: 65536 old_native_bytes: 138930105 new_native_bytes: 15079136 add_bytes_allowed: 34447971 is_gc_concurrent: 1 target_footprint_: 24752397 GetBytesAllocated: 18601048 HeapGrowthMultiplier: 3
12-21 16:42:12.920  3133  3361 I com.miui.home: CheckGCForNative gc_urgency 0.62573 current_native_bytes is 154009241
12-21 16:42:13.178  3133  3133 I wm_on_resume_called: [0,95840754,com.miui.home.launcher.Launcher,RESUME_ACTIVITY,10]
12-21 16:42:13.180  3133  3133 I wm_on_idle_called: com.miui.home.launcher.Launcher
12-21 16:42:13.228  3133  3360 I cccccc  : createTaskSnapshotCompat:
12-21 16:42:13.241 12830 12830 I wm_on_top_resumed_lost_called: [49023860,com.youku.v2.HomePageEntry,topStateChangedWhenResumed]
12-21 16:42:13.270  3133 10604 I com.miui.home: CheckGCForNative adj_start_bytes: 41779582 NativeAllocationGcWatermark: 11482657 java_gc_start_bytes: 24555597 kNewNativeDiscountFactor: 2 kOldNativeDiscountFactor: 65536 old_native_bytes: 138930105 new_native_bytes: 15159200 add_bytes_allowed: 34447971 is_gc_concurrent: 1 target_footprint_: 24752397 GetBytesAllocated: 19355832 HeapGrowthMultiplier: 3
12-21 16:42:13.270  3133 10604 I com.miui.home: CheckGCForNative gc_urgency 0.644754 current_native_bytes is 154089305
12-21 16:42:13.302  3133  3133 I wm_on_top_resumed_gained_called: [95840754,com.miui.home.launcher.Launcher,topStateChangedWhenResumed]
12-21 16:42:13.392  3133 10604 I com.miui.home: CheckGCForNative adj_start_bytes: 41779582 NativeAllocationGcWatermark: 11482657 java_gc_start_bytes: 24555597 kNewNativeDiscountFactor: 2 kOldNativeDiscountFactor: 65536 old_native_bytes: 138930105 new_native_bytes: 15146376 add_bytes_allowed: 34447971 is_gc_concurrent: 1 target_footprint_: 24752397 GetBytesAllocated: 19822840 HeapGrowthMultiplier: 3
12-21 16:42:13.392  3133 10604 I com.miui.home: CheckGCForNative gc_urgency 0.655778 current_native_bytes is 154076481
12-21 16:42:13.572  3133  3190 D cccccc  : onTaskStackChangedBackground
12-21 16:42:13.573  3133  3197 D cccccc  : onTaskStackChangedBackground
12-21 16:42:13.573  3133  3445 D cccccc  : onTaskStackChangedBackground
12-21 16:42:13.581 12830 12830 I wm_on_paused_called: [0,49023860,com.youku.v2.HomePageEntry,performPause,276]
12-21 16:42:13.600  3133  3133 I wm_on_top_resumed_lost_called: [95840754,com.miui.home.launcher.Launcher,topStateChangedWhenResumed]
12-21 16:42:13.610  3133  3133 I wm_on_paused_called: [0,95840754,com.miui.home.launcher.Launcher,performPause,1]
12-21 16:42:13.612  3133 10056 D cccccc  : onTaskStackChangedBackground
12-21 16:42:13.612  3133 10056 D cccccc  : onTaskStackChangedBackground
12-21 16:42:13.613  3133  3197 D cccccc  : onTaskStackChangedBackground
12-21 16:42:13.615  3133  3197 D cccccc  : onTaskStackChangedBackground
12-21 16:42:13.719  3133  3647 I com.miui.home: CheckGCForNative adj_start_bytes: 41779582 NativeAllocationGcWatermark: 11482657 java_gc_start_bytes: 24555597 kNewNativeDiscountFactor: 2 kOldNativeDiscountFactor: 65536 old_native_bytes: 138930105 new_native_bytes: 15379020 add_bytes_allowed: 34447971 is_gc_concurrent: 1 target_footprint_: 24752397 GetBytesAllocated: 20544616 HeapGrowthMultiplier: 3
12-21 16:42:13.719  3133  3647 I com.miui.home: CheckGCForNative gc_urgency 0.675838 current_native_bytes is 154309125
12-21 16:42:13.737  3133  3707 D cccccc  : onTaskStackChangedBackground
12-21 16:42:13.741  3133  3707 D cccccc  : onTaskStackChangedBackground
12-21 16:42:13.741  3133  3445 D cccccc  : onTaskStackChangedBackground
12-21 16:42:13.797  3133  3361 I com.miui.home: CheckGCForNative adj_start_bytes: 41779582 NativeAllocationGcWatermark: 11482657 java_gc_start_bytes: 24555597 kNewNativeDiscountFactor: 2 kOldNativeDiscountFactor: 65536 old_native_bytes: 138930105 new_native_bytes: 15643240 add_bytes_allowed: 34447971 is_gc_concurrent: 1 target_footprint_: 24752397 GetBytesAllocated: 21011816 HeapGrowthMultiplier: 3
12-21 16:42:13.797  3133  3361 I com.miui.home: CheckGCForNative gc_urgency 0.690183 current_native_bytes is 154573345
12-21 16:42:13.888  3133  3647 I com.miui.home: CheckGCForNative adj_start_bytes: 41779582 NativeAllocationGcWatermark: 11482657 java_gc_start_bytes: 24555597 kNewNativeDiscountFactor: 2 kOldNativeDiscountFactor: 65536 old_native_bytes: 138930105 new_native_bytes: 16088168 add_bytes_allowed: 34447971 is_gc_concurrent: 1 target_footprint_: 24752397 GetBytesAllocated: 21372776 HeapGrowthMultiplier: 3
12-21 16:42:13.889  3133  3647 I com.miui.home: CheckGCForNative gc_urgency 0.704147 current_native_bytes is 155018273
12-21 16:42:13.911  3133  3647 I cccccc  : createTaskSnapshot:
12-21 16:42:13.911  3133  3647 I cccccc  : getTaskSnapshotInstance: 93
12-21 16:42:13.912  3133  3647 I cccccc  : createTaskSnapshot:
12-21 16:42:13.912  3133  3647 I cccccc  : getTaskSnapshotInstance: 92
12-21 16:42:13.913  3133  3647 I com.miui.home: CheckGCForNative adj_start_bytes: 41779582 NativeAllocationGcWatermark: 11482657 java_gc_start_bytes: 24555597 kNewNativeDiscountFactor: 2 kOldNativeDiscountFactor: 65536 old_native_bytes: 138930105 new_native_bytes: 26882652 add_bytes_allowed: 34447971 is_gc_concurrent: 1 target_footprint_: 24752397 GetBytesAllocated: 21553000 HeapGrowthMultiplier: 3
12-21 16:42:13.913  3133  3647 I com.miui.home: CheckGCForNative gc_urgency 0.837645 current_native_bytes is 165812757
12-21 16:42:13.913  3133  3647 I cccccc  : getTaskThumbnailInfo: 2460 1.0  10705920
12-21 16:42:14.284 13310 13310 I wm_on_create_called: [0,137600498,com.ucpro.MainActivity,performCreate,89]
12-21 16:42:14.414  3133  3445 D cccccc  : onTaskStackChangedBackground
12-21 16:42:14.416  3133  3445 D cccccc  : onTaskStackChangedBackground
12-21 16:42:14.416  3133  3445 D cccccc  : onTaskStackChangedBackground
12-21 16:42:14.440  3133  3647 I com.miui.home: CheckGCForNative adj_start_bytes: 41779582 NativeAllocationGcWatermark: 11482657 java_gc_start_bytes: 24555597 kNewNativeDiscountFactor: 2 kOldNativeDiscountFactor: 65536 old_native_bytes: 138930105 new_native_bytes: 16225692 add_bytes_allowed: 34447971 is_gc_concurrent: 1 target_footprint_: 24752397 GetBytesAllocated: 21832648 HeapGrowthMultiplier: 3
12-21 16:42:14.440  3133  3647 I com.miui.home: CheckGCForNative gc_urgency 0.7168 current_native_bytes is 155155797
12-21 16:42:14.454  3133  3647 I com.miui.home: CheckGCForNative adj_start_bytes: 41779582 NativeAllocationGcWatermark: 11482657 java_gc_start_bytes: 24555597 kNewNativeDiscountFactor: 2 kOldNativeDiscountFactor: 65536 old_native_bytes: 138930105 new_native_bytes: 16464152 add_bytes_allowed: 34447971 is_gc_concurrent: 1 target_footprint_: 24752397 GetBytesAllocated: 21996488 HeapGrowthMultiplier: 3
12-21 16:42:14.454  3133  3647 I com.miui.home: CheckGCForNative gc_urgency 0.723576 current_native_bytes is 155394257
12-21 16:42:14.459  3133  3647 I com.miui.home: CheckGCForNative adj_start_bytes: 41779582 NativeAllocationGcWatermark: 11482657 java_gc_start_bytes: 24555597 kNewNativeDiscountFactor: 2 kOldNativeDiscountFactor: 65536 old_native_bytes: 138930105 new_native_bytes: 16500176 add_bytes_allowed: 34447971 is_gc_concurrent: 1 target_footprint_: 24752397 GetBytesAllocated: 22045640 HeapGrowthMultiplier: 3
12-21 16:42:14.459  3133  3647 I com.miui.home: CheckGCForNative gc_urgency 0.725183 current_native_bytes is 155430281
12-21 16:42:14.464  3133  3647 I cccccc  : createTaskSnapshot:
12-21 16:42:14.465  3133  3647 I cccccc  : getTaskSnapshotInstance: 93
12-21 16:42:14.517  3133  3647 I com.miui.home: CheckGCForNative adj_start_bytes: 41779582 NativeAllocationGcWatermark: 11482657 java_gc_start_bytes: 24555597 kNewNativeDiscountFactor: 2 kOldNativeDiscountFactor: 65536 old_native_bytes: 138930105 new_native_bytes: 16662032 add_bytes_allowed: 34447971 is_gc_concurrent: 1 target_footprint_: 24752397 GetBytesAllocated: 22472312 HeapGrowthMultiplier: 3
12-21 16:42:14.517  3133  3647 I com.miui.home: CheckGCForNative gc_urgency 0.737333 current_native_bytes is 155592137
12-21 16:42:14.534  3133  3647 I cccccc  : createTaskSnapshot:
12-21 16:42:14.534  3133  3647 I cccccc  : getTaskSnapshotInstance: 93
12-21 16:42:14.578 13310 13310 I wm_on_create_called: [0,62851944,com.ucpro.BrowserActivity,performCreate,246]
12-21 16:42:14.582 13310 13310 I wm_on_start_called: [0,62851944,com.ucpro.BrowserActivity,handleStartActivity,3]
12-21 16:42:14.588 13310 13310 I wm_on_resume_called: [0,62851944,com.ucpro.BrowserActivity,RESUME_ACTIVITY,5]
12-21 16:42:14.608 13310 13310 I wm_on_top_resumed_gained_called: [62851944,com.ucpro.BrowserActivity,topStateChangedWhenResumed]
12-21 16:42:14.969  3133  3133 I wm_on_stop_called: [0,95840754,com.miui.home.launcher.Launcher,STOP_ACTIVITY_ITEM,12]
12-21 16:42:15.151  3133  3133 I wm_on_restart_called: [0,95840754,com.miui.home.launcher.Launcher,performRestartActivity,0]
12-21 16:42:15.152  3133  3133 I wm_on_start_called: [0,95840754,com.miui.home.launcher.Launcher,handleStartActivity,1]
12-21 16:42:15.201  3133  3445 I com.miui.home: CheckGCForNative adj_start_bytes: 41779582 NativeAllocationGcWatermark: 11482657 java_gc_start_bytes: 24555597 kNewNativeDiscountFactor: 2 kOldNativeDiscountFactor: 65536 old_native_bytes: 138930105 new_native_bytes: 27427252 add_bytes_allowed: 34447971 is_gc_concurrent: 1 target_footprint_: 24752397 GetBytesAllocated: 23382040 HeapGrowthMultiplier: 3
12-21 16:42:15.201  3133  3445 I com.miui.home: CheckGCForNative gc_urgency 0.88794 current_native_bytes is 166357357
12-21 16:42:15.202  3133  3445 I cccccc  : createTaskSnapshotCompat:
12-21 16:42:15.202  3133  3445 I com.miui.home: CheckGCForNative adj_start_bytes: 41779582 NativeAllocationGcWatermark: 11482657 java_gc_start_bytes: 24555597 kNewNativeDiscountFactor: 2 kOldNativeDiscountFactor: 65536 old_native_bytes: 138930105 new_native_bytes: 38133172 add_bytes_allowed: 34447971 is_gc_concurrent: 1 target_footprint_: 24752397 GetBytesAllocated: 23398616 HeapGrowthMultiplier: 3
12-21 16:42:15.202  3133  3445 I com.miui.home: CheckGCForNative gc_urgency 1.01646 current_native_bytes is 177063277
12-21 16:42:15.202  3133  3445 I com.miui.home: CheckGCForNative requested 1
12-21 16:42:15.205  3133  3445 I cccccc  : getTaskThumbnailInfo: 2460 1.0  10705920
12-21 16:42:15.261  3133  3445 I cccccc  : getTaskSnapshot:
12-21 16:42:15.261  3133  3445 I com.miui.home: CheckGCForNative adj_start_bytes: 41779582 NativeAllocationGcWatermark: 11482657 java_gc_start_bytes: 24555597 kNewNativeDiscountFactor: 2 kOldNativeDiscountFactor: 65536 old_native_bytes: 138930105 new_native_bytes: 38184236 add_bytes_allowed: 34447971 is_gc_concurrent: 1 target_footprint_: 24752397 GetBytesAllocated: 23497016 HeapGrowthMultiplier: 3
12-21 16:42:15.261  3133  3445 I com.miui.home: CheckGCForNative gc_urgency 1.01943 current_native_bytes is 177114341
12-21 16:42:15.261  3133  3445 I com.miui.home: CheckGCForNative requested 1
12-21 16:42:15.262  3133  3133 I cccccc  : createTaskSnapshotCompat:
12-21 16:42:15.262  3133  3133 I cccccc  : getTaskThumbnailInfo: 2460 1.0  10705920
12-21 16:42:15.375  3133  3361 I com.miui.home: CheckGCForNative adj_start_bytes: 41779582 NativeAllocationGcWatermark: 11482657 java_gc_start_bytes: 24555597 kNewNativeDiscountFactor: 2 kOldNativeDiscountFactor: 65536 old_native_bytes: 138930105 new_native_bytes: 27472204 add_bytes_allowed: 34447971 is_gc_concurrent: 1 target_footprint_: 24752397 GetBytesAllocated: 23579128 HeapGrowthMultiplier: 3
12-21 16:42:15.375  3133  3361 I com.miui.home: CheckGCForNative gc_urgency 0.893196 current_native_bytes is 166402309
12-21 16:42:15.402  3133  3185 I com.miui.home: NativeAlloc concurrent copying GC freed 204437(10066KB) AllocSpace objects, 20(736KB) LOS objects, 49% free, 11MB/23MB, paused 142us,86us total 199.524ms
12-21 16:42:15.773  3133  3133 I wm_on_resume_called: [0,95840754,com.miui.home.launcher.Launcher,RESUME_ACTIVITY,34]
12-21 16:42:15.774  3133  3133 I com.miui.home: CheckGCForNative gc_urgency 0 current_native_bytes is 138661853
12-21 16:42:15.776  3133  3133 I wm_on_idle_called: com.miui.home.launcher.Launcher
12-21 16:42:15.778  3133  3360 I cccccc  : createTaskSnapshotCompat:
12-21 16:42:15.782  3133  7834 I com.miui.home: CheckGCForNative adj_start_bytes: 42153520 NativeAllocationGcWatermark: 11522029 java_gc_start_bytes: 24870477 kNewNativeDiscountFactor: 2 kOldNativeDiscountFactor: 65536 old_native_bytes: 138661853 new_native_bytes: 3008 add_bytes_allowed: 34566087 is_gc_concurrent: 1 target_footprint_: 25067373 GetBytesAllocated: 12829368 HeapGrowthMultiplier: 3
12-21 16:42:15.782  3133  7834 I com.miui.home: CheckGCForNative gc_urgency 0.304435 current_native_bytes is 138664861
12-21 16:42:15.813 13310 13310 I wm_on_destroy_called: [0,137600498,com.ucpro.MainActivity,performDestroy,5]
12-21 16:42:15.880  3133  3445 D cccccc  : onTaskStackChangedBackground
12-21 16:42:15.880  3133  3605 D cccccc  : onTaskStackChangedBackground
12-21 16:42:15.884  3133  3707 D cccccc  : onTaskStackChangedBackground
12-21 16:42:16.103  3133  3647 I com.miui.home: CheckGCForNative adj_start_bytes: 42153520 NativeAllocationGcWatermark: 11522029 java_gc_start_bytes: 24870477 kNewNativeDiscountFactor: 2 kOldNativeDiscountFactor: 65536 old_native_bytes: 138661853 new_native_bytes: 1469688 add_bytes_allowed: 34566087 is_gc_concurrent: 1 target_footprint_: 25067373 GetBytesAllocated: 14042776 HeapGrowthMultiplier: 3
12-21 16:42:16.103  3133  3647 I com.miui.home: CheckGCForNative gc_urgency 0.350617 current_native_bytes is 140131541
12-21 16:42:16.111  3133  3647 I com.miui.home: CheckGCForNative adj_start_bytes: 42153520 NativeAllocationGcWatermark: 11522029 java_gc_start_bytes: 24870477 kNewNativeDiscountFactor: 2 kOldNativeDiscountFactor: 65536 old_native_bytes: 138661853 new_native_bytes: 1564568 add_bytes_allowed: 34566087 is_gc_concurrent: 1 target_footprint_: 25067373 GetBytesAllocated: 14124696 HeapGrowthMultiplier: 3
12-21 16:42:16.111  3133  3647 I com.miui.home: CheckGCForNative gc_urgency 0.353686 current_native_bytes is 140226421
12-21 16:42:16.166  3133  3647 I cccccc  : createTaskSnapshot:
12-21 16:42:16.166  3133  3647 I cccccc  : getTaskSnapshotInstance: 93
12-21 16:42:16.182  3133  3647 I com.miui.home: CheckGCForNative adj_start_bytes: 42153520 NativeAllocationGcWatermark: 11522029 java_gc_start_bytes: 24870477 kNewNativeDiscountFactor: 2 kOldNativeDiscountFactor: 65536 old_native_bytes: 138661853 new_native_bytes: 13441092 add_bytes_allowed: 34566087 is_gc_concurrent: 1 target_footprint_: 25067373 GetBytesAllocated: 14305112 HeapGrowthMultiplier: 3
12-21 16:42:16.182  3133  3647 I com.miui.home: CheckGCForNative gc_urgency 0.498838 current_native_bytes is 152102945
12-21 16:42:16.182  3133  3647 I cccccc  : getTaskThumbnailInfo: 2460 1.0  10705920
12-21 16:42:16.186 13611 13611 I wm_on_application_create_called: [0,com.quark.browser,512]
12-21 16:42:16.217  3133  3133 I wm_on_top_resumed_gained_called: [95840754,com.miui.home.launcher.Launcher,topStateChangedWhenResumed]
12-21 16:42:16.279  3133  3647 I com.miui.home: CheckGCForNative adj_start_bytes: 42153520 NativeAllocationGcWatermark: 11522029 java_gc_start_bytes: 24870477 kNewNativeDiscountFactor: 2 kOldNativeDiscountFactor: 65536 old_native_bytes: 138661853 new_native_bytes: 2872420 add_bytes_allowed: 34566087 is_gc_concurrent: 1 target_footprint_: 25067373 GetBytesAllocated: 14600888 HeapGrowthMultiplier: 3
12-21 16:42:16.279  3133  3647 I com.miui.home: CheckGCForNative gc_urgency 0.380495 current_native_bytes is 141534273
12-21 16:42:16.599 13310 13310 I wm_on_top_resumed_lost_called: [62851944,com.ucpro.BrowserActivity,topStateChangedWhenResumed]
12-21 16:42:16.629 13310 13310 I wm_on_paused_called: [0,62851944,com.ucpro.BrowserActivity,performPause,28]
12-21 16:42:16.682 13310 13310 I wm_on_stop_called: [0,62851944,com.ucpro.BrowserActivity,STOP_ACTIVITY_ITEM,19]
12-21 16:42:17.917 13310 13310 I wm_on_idle_called: com.ucpro.BrowserActivity