12-21 16:41:38.976  3133  3197 D cccccc  : onTaskStackChangedBackground
12-21 16:41:38.978  3133  4313 D cccccc  : onTaskStackChangedBackground
12-21 16:41:38.986  3133  3647 I com.miui.home: CheckGCForNative adj_start_bytes: 40346585 NativeAllocationGcWatermark: 11331815 java_gc_start_bytes: 23348863 kNewNativeDiscountFactor: 2 kOldNativeDiscountFactor: 65536 old_native_bytes: 138942373 new_native_bytes: 3411192 add_bytes_allowed: 33995445 is_gc_concurrent: 1 target_footprint_: 23545663 GetBytesAllocated: 14723968 HeapGrowthMultiplier: 3
12-21 16:41:39.011  3133  3647 I com.miui.home: CheckGCForNative gc_urgency 0.411528 current_native_bytes is 142353565
12-21 16:41:39.037  3133  3647 I cccccc  : createTaskSnapshot:
12-21 16:41:39.037  3133  3647 I cccccc  : getTaskSnapshotInstance: 80
12-21 16:41:39.088  3133  3647 I com.miui.home: CheckGCForNative adj_start_bytes: 40346585 NativeAllocationGcWatermark: 11331815 java_gc_start_bytes: 23348863 kNewNativeDiscountFactor: 2 kOldNativeDiscountFactor: 65536 old_native_bytes: 138942373 new_native_bytes: 3530796 add_bytes_allowed: 33995445 is_gc_concurrent: 1 target_footprint_: 23545663 GetBytesAllocated: 15273104 HeapGrowthMultiplier: 3
12-21 16:41:39.088  3133  3647 I com.miui.home: CheckGCForNative gc_urgency 0.422356 current_native_bytes is 142473169
12-21 16:41:39.123  3133  3647 I com.miui.home: CheckGCForNative adj_start_bytes: 40346585 NativeAllocationGcWatermark: 11331815 java_gc_start_bytes: 23348863 kNewNativeDiscountFactor: 2 kOldNativeDiscountFactor: 65536 old_native_bytes: 138942373 new_native_bytes: 3632164 add_bytes_allowed: 33995445 is_gc_concurrent: 1 target_footprint_: 23545663 GetBytesAllocated: 15469712 HeapGrowthMultiplier: 3
12-21 16:41:39.123  3133  3647 I com.miui.home: CheckGCForNative gc_urgency 0.428485 current_native_bytes is 142574537
12-21 16:41:39.137  3133  3647 I cccccc  : createTaskSnapshot:
12-21 16:41:39.137  3133  3647 I cccccc  : getTaskSnapshotInstance: 80
12-21 16:41:39.802  8642  8642 I wm_on_application_create_called: [0,com.ss.android.ugc.aweme,250]
12-21 16:41:40.084  8642  8642 I wm_on_create_called: [0,262123112,com.ss.android.ugc.aweme.splash.SplashActivity,performCreate,209]
12-21 16:41:40.442  3133  3197 I com.miui.home: CheckGCForNative adj_start_bytes: 40346585 NativeAllocationGcWatermark: 11331815 java_gc_start_bytes: 23348863 kNewNativeDiscountFactor: 2 kOldNativeDiscountFactor: 65536 old_native_bytes: 138942373 new_native_bytes: 14316376 add_bytes_allowed: 33995445 is_gc_concurrent: 1 target_footprint_: 23545663 GetBytesAllocated: 16109264 HeapGrowthMultiplier: 3
12-21 16:41:40.442  3133  3197 I com.miui.home: CheckGCForNative gc_urgency 0.576742 current_native_bytes is 153258749
12-21 16:41:40.442  3133  3197 I cccccc  : createTaskSnapshotCompat:
12-21 16:41:40.442  3133  3197 I com.miui.home: CheckGCForNative adj_start_bytes: 40346585 NativeAllocationGcWatermark: 11331815 java_gc_start_bytes: 23348863 kNewNativeDiscountFactor: 2 kOldNativeDiscountFactor: 65536 old_native_bytes: 138942373 new_native_bytes: 25022296 add_bytes_allowed: 33995445 is_gc_concurrent: 1 target_footprint_: 23545663 GetBytesAllocated: 16125840 HeapGrowthMultiplier: 3
12-21 16:41:40.442  3133  3197 I com.miui.home: CheckGCForNative gc_urgency 0.709827 current_native_bytes is 163964669
12-21 16:41:40.443  3133  3197 I cccccc  : getTaskThumbnailInfo: 2460 1.0  10705920
12-21 16:41:40.492  8642  8642 I wm_on_start_called: [0,262123112,com.ss.android.ugc.aweme.splash.SplashActivity,handleStartActivity,401]
12-21 16:41:40.508  8642  8642 I wm_on_resume_called: [0,262123112,com.ss.android.ugc.aweme.splash.SplashActivity,RESUME_ACTIVITY,11]
12-21 16:41:40.512  3133  3197 I cccccc  : getTaskSnapshot:
12-21 16:41:40.513  3133  3197 I com.miui.home: CheckGCForNative adj_start_bytes: 40346585 NativeAllocationGcWatermark: 11331815 java_gc_start_bytes: 23348863 kNewNativeDiscountFactor: 2 kOldNativeDiscountFactor: 65536 old_native_bytes: 138942373 new_native_bytes: 25094904 add_bytes_allowed: 33995445 is_gc_concurrent: 1 target_footprint_: 23545663 GetBytesAllocated: 16240528 HeapGrowthMultiplier: 3
12-21 16:41:40.513  3133  3197 I com.miui.home: CheckGCForNative gc_urgency 0.71357 current_native_bytes is 164037277
12-21 16:41:40.514  3133  3133 I cccccc  : createTaskSnapshotCompat:
12-21 16:41:40.515  3133  3133 I cccccc  : getTaskThumbnailInfo: 2460 1.0  10705920
12-21 16:41:40.667  3133  3361 I com.miui.home: CheckGCForNative adj_start_bytes: 40346585 NativeAllocationGcWatermark: 11331815 java_gc_start_bytes: 23348863 kNewNativeDiscountFactor: 2 kOldNativeDiscountFactor: 65536 old_native_bytes: 138942373 new_native_bytes: 14388104 add_bytes_allowed: 33995445 is_gc_concurrent: 1 target_footprint_: 23545663 GetBytesAllocated: 16355408 HeapGrowthMultiplier: 3
12-21 16:41:40.667  3133  3361 I com.miui.home: CheckGCForNative gc_urgency 0.583732 current_native_bytes is 153330477
12-21 16:41:40.700  3133  3361 I com.miui.home: CheckGCForNative adj_start_bytes: 40346585 NativeAllocationGcWatermark: 11331815 java_gc_start_bytes: 23348863 kNewNativeDiscountFactor: 2 kOldNativeDiscountFactor: 65536 old_native_bytes: 138942373 new_native_bytes: 14391176 add_bytes_allowed: 33995445 is_gc_concurrent: 1 target_footprint_: 23545663 GetBytesAllocated: 16371792 HeapGrowthMultiplier: 3
12-21 16:41:40.700  3133  3361 I com.miui.home: CheckGCForNative gc_urgency 0.584176 current_native_bytes is 153333549
12-21 16:41:40.974  3133  3133 I wm_on_resume_called: [0,95840754,com.miui.home.launcher.Launcher,RESUME_ACTIVITY,5]
12-21 16:41:40.976  3133  3133 I wm_on_idle_called: com.miui.home.launcher.Launcher
12-21 16:41:41.015  3133  3360 I cccccc  : createTaskSnapshotCompat:
12-21 16:41:41.101  3133  3197 D cccccc  : onTaskStackChangedBackground
12-21 16:41:41.103  3133  4313 D cccccc  : onTaskStackChangedBackground
12-21 16:41:41.103  3133  3706 D cccccc  : onTaskStackChangedBackground
12-21 16:41:41.153  3133  3647 I com.miui.home: CheckGCForNative adj_start_bytes: 40346585 NativeAllocationGcWatermark: 11331815 java_gc_start_bytes: 23348863 kNewNativeDiscountFactor: 2 kOldNativeDiscountFactor: 65536 old_native_bytes: 138942373 new_native_bytes: 14683444 add_bytes_allowed: 33995445 is_gc_concurrent: 1 target_footprint_: 23545663 GetBytesAllocated: 17691728 HeapGrowthMultiplier: 3
12-21 16:41:41.154  3133  3647 I com.miui.home: CheckGCForNative gc_urgency 0.620513 current_native_bytes is 153625817
12-21 16:41:41.164  8642  8642 I wm_on_top_resumed_gained_called: [262123112,com.ss.android.ugc.aweme.splash.SplashActivity,topStateChangedWhenResumed]
12-21 16:41:41.187  3133  3647 I com.miui.home: CheckGCForNative adj_start_bytes: 40346585 NativeAllocationGcWatermark: 11331815 java_gc_start_bytes: 23348863 kNewNativeDiscountFactor: 2 kOldNativeDiscountFactor: 65536 old_native_bytes: 138942373 new_native_bytes: 14952244 add_bytes_allowed: 33995445 is_gc_concurrent: 1 target_footprint_: 23545663 GetBytesAllocated: 17888336 HeapGrowthMultiplier: 3
12-21 16:41:41.187  3133  3647 I com.miui.home: CheckGCForNative gc_urgency 0.628717 current_native_bytes is 153894617
12-21 16:41:41.192  3133  3647 I cccccc  : createTaskSnapshot:
12-21 16:41:41.192  3133  3647 I cccccc  : getTaskSnapshotInstance: 80
12-21 16:41:41.193  3133  3647 I com.miui.home: CheckGCForNative adj_start_bytes: 40346585 NativeAllocationGcWatermark: 11331815 java_gc_start_bytes: 23348863 kNewNativeDiscountFactor: 2 kOldNativeDiscountFactor: 65536 old_native_bytes: 138942373 new_native_bytes: 25661812 add_bytes_allowed: 33995445 is_gc_concurrent: 1 target_footprint_: 23545663 GetBytesAllocated: 17953872 HeapGrowthMultiplier: 3
12-21 16:41:41.193  3133  3647 I com.miui.home: CheckGCForNative gc_urgency 0.763061 current_native_bytes is 164604185
12-21 16:41:41.193  3133  3647 I cccccc  : getTaskThumbnailInfo: 2460 1.0  10705920
12-21 16:41:41.247  3133  3647 I com.miui.home: CheckGCForNative adj_start_bytes: 40346585 NativeAllocationGcWatermark: 11331815 java_gc_start_bytes: 23348863 kNewNativeDiscountFactor: 2 kOldNativeDiscountFactor: 65536 old_native_bytes: 138942373 new_native_bytes: 15229576 add_bytes_allowed: 33995445 is_gc_concurrent: 1 target_footprint_: 23545663 GetBytesAllocated: 18363888 HeapGrowthMultiplier: 3
12-21 16:41:41.247  3133  3647 I com.miui.home: CheckGCForNative gc_urgency 0.64394 current_native_bytes is 154171949
12-21 16:41:41.356  3133  3133 I wm_on_paused_called: [0,95840754,com.miui.home.launcher.Launcher,performPause,5]
12-21 16:41:41.442  3133  3706 D cccccc  : onTaskStackChangedBackground
12-21 16:41:41.444  3133  4313 D cccccc  : onTaskStackChangedBackground
12-21 16:41:41.445  3133  4313 D cccccc  : onTaskStackChangedBackground
12-21 16:41:41.446  3133  3197 D cccccc  : onTaskStackChangedBackground
12-21 16:41:41.517  3133  3706 D cccccc  : onTaskStackChangedBackground
12-21 16:41:41.524  3133  3706 D cccccc  : onTaskStackChangedBackground
12-21 16:41:41.525  3133  4313 D cccccc  : onTaskStackChangedBackground
12-21 16:41:41.555  3133  3361 I com.miui.home: CheckGCForNative adj_start_bytes: 40346585 NativeAllocationGcWatermark: 11331815 java_gc_start_bytes: 23348863 kNewNativeDiscountFactor: 2 kOldNativeDiscountFactor: 65536 old_native_bytes: 138942373 new_native_bytes: 15396464 add_bytes_allowed: 33995445 is_gc_concurrent: 1 target_footprint_: 23545663 GetBytesAllocated: 19224528 HeapGrowthMultiplier: 3
12-21 16:41:41.555  3133  3361 I com.miui.home: CheckGCForNative gc_urgency 0.66734 current_native_bytes is 154338837
12-21 16:41:41.632  3133  3647 I com.miui.home: CheckGCForNative adj_start_bytes: 40346585 NativeAllocationGcWatermark: 11331815 java_gc_start_bytes: 23348863 kNewNativeDiscountFactor: 2 kOldNativeDiscountFactor: 65536 old_native_bytes: 138942373 new_native_bytes: 15553776 add_bytes_allowed: 33995445 is_gc_concurrent: 1 target_footprint_: 23545663 GetBytesAllocated: 19404752 HeapGrowthMultiplier: 3
12-21 16:41:41.632  3133  3647 I com.miui.home: CheckGCForNative gc_urgency 0.673756 current_native_bytes is 154496149
12-21 16:41:41.664  3133  3330 I cccccc  : createTaskSnapshot:
12-21 16:41:41.665  3133  3330 I cccccc  : getTaskSnapshotInstance: 81
12-21 16:41:41.714  3133  3647 I com.miui.home: CheckGCForNative adj_start_bytes: 40346585 NativeAllocationGcWatermark: 11331815 java_gc_start_bytes: 23348863 kNewNativeDiscountFactor: 2 kOldNativeDiscountFactor: 65536 old_native_bytes: 138942373 new_native_bytes: 16092580 add_bytes_allowed: 33995445 is_gc_concurrent: 1 target_footprint_: 23545663 GetBytesAllocated: 19831136 HeapGrowthMultiplier: 3
12-21 16:41:41.714  3133  3647 I com.miui.home: CheckGCForNative gc_urgency 0.691001 current_native_bytes is 155034953
12-21 16:41:41.747  3133  3330 I com.miui.home: CheckGCForNative adj_start_bytes: 40346585 NativeAllocationGcWatermark: 11331815 java_gc_start_bytes: 23348863 kNewNativeDiscountFactor: 2 kOldNativeDiscountFactor: 65536 old_native_bytes: 138942373 new_native_bytes: 16285412 add_bytes_allowed: 33995445 is_gc_concurrent: 1 target_footprint_: 23545663 GetBytesAllocated: 20060512 HeapGrowthMultiplier: 3
12-21 16:41:41.747  3133  3330 I com.miui.home: CheckGCForNative gc_urgency 0.699076 current_native_bytes is 155227785
12-21 16:41:41.755  3133  3330 I cccccc  : createTaskSnapshot:
12-21 16:41:41.755  3133  3330 I cccccc  : getTaskSnapshotInstance: 81
12-21 16:41:42.158  8910  8910 I wm_on_create_called: [0,209663158,com.eg.android.AlipayGphone.AlipayLogin,performCreate,116]
12-21 16:41:42.161  8910  8910 I wm_on_start_called: [0,209663158,com.eg.android.AlipayGphone.AlipayLogin,handleStartActivity,3]
12-21 16:41:42.166  8910  8910 I wm_on_resume_called: [0,209663158,com.eg.android.AlipayGphone.AlipayLogin,RESUME_ACTIVITY,3]
12-21 16:41:42.183  8910  8910 I wm_on_top_resumed_gained_called: [209663158,com.eg.android.AlipayGphone.AlipayLogin,topStateChangedWhenResumed]
12-21 16:41:42.580  3133  3133 I wm_on_stop_called: [0,95840754,com.miui.home.launcher.Launcher,STOP_ACTIVITY_ITEM,7]
12-21 16:41:42.652  3133  3133 I wm_on_restart_called: [0,95840754,com.miui.home.launcher.Launcher,performRestartActivity,0]
12-21 16:41:42.653  3133  3133 I wm_on_start_called: [0,95840754,com.miui.home.launcher.Launcher,handleStartActivity,1]
12-21 16:41:42.661  3133  3197 I com.miui.home: CheckGCForNative adj_start_bytes: 40346585 NativeAllocationGcWatermark: 11331815 java_gc_start_bytes: 23348863 kNewNativeDiscountFactor: 2 kOldNativeDiscountFactor: 65536 old_native_bytes: 138942373 new_native_bytes: 16644148 add_bytes_allowed: 33995445 is_gc_concurrent: 1 target_footprint_: 23545663 GetBytesAllocated: 20617824 HeapGrowthMultiplier: 3
12-21 16:41:42.661  3133  3197 I com.miui.home: CheckGCForNative gc_urgency 0.717335 current_native_bytes is 155586521
12-21 16:41:42.732  3133  3197 I com.miui.home: CheckGCForNative adj_start_bytes: 40346585 NativeAllocationGcWatermark: 11331815 java_gc_start_bytes: 23348863 kNewNativeDiscountFactor: 2 kOldNativeDiscountFactor: 65536 old_native_bytes: 138942373 new_native_bytes: 27424204 add_bytes_allowed: 33995445 is_gc_concurrent: 1 target_footprint_: 23545663 GetBytesAllocated: 20732672 HeapGrowthMultiplier: 3
12-21 16:41:42.732  3133  3197 I com.miui.home: CheckGCForNative gc_urgency 0.853775 current_native_bytes is 166366577
12-21 16:41:42.732  3133  3197 I cccccc  : createTaskSnapshotCompat:
12-21 16:41:42.732  3133  3197 I com.miui.home: CheckGCForNative adj_start_bytes: 40346585 NativeAllocationGcWatermark: 11331815 java_gc_start_bytes: 23348863 kNewNativeDiscountFactor: 2 kOldNativeDiscountFactor: 65536 old_native_bytes: 138942373 new_native_bytes: 38130124 add_bytes_allowed: 33995445 is_gc_concurrent: 1 target_footprint_: 23545663 GetBytesAllocated: 20732864 HeapGrowthMultiplier: 3
12-21 16:41:42.732  3133  3197 I com.miui.home: CheckGCForNative gc_urgency 0.986454 current_native_bytes is 177072497
12-21 16:41:42.733  3133  3197 I cccccc  : getTaskThumbnailInfo: 2460 1.0  10705920
12-21 16:41:42.735  3133  3197 I cccccc  : getTaskSnapshot:
12-21 16:41:42.736  3133  3197 I com.miui.home: CheckGCForNative adj_start_bytes: 40346585 NativeAllocationGcWatermark: 11331815 java_gc_start_bytes: 23348863 kNewNativeDiscountFactor: 2 kOldNativeDiscountFactor: 65536 old_native_bytes: 138942373 new_native_bytes: 38131372 add_bytes_allowed: 33995445 is_gc_concurrent: 1 target_footprint_: 23545663 GetBytesAllocated: 20749248 HeapGrowthMultiplier: 3
12-21 16:41:42.736  3133  3197 I com.miui.home: CheckGCForNative gc_urgency 0.986876 current_native_bytes is 177073745
12-21 16:41:42.736  3133  3133 I cccccc  : createTaskSnapshotCompat:
12-21 16:41:42.736  3133  3133 I cccccc  : getTaskThumbnailInfo: 2460 1.0  10705920
12-21 16:41:43.022  3133  3361 I com.miui.home: CheckGCForNative adj_start_bytes: 40346585 NativeAllocationGcWatermark: 11331815 java_gc_start_bytes: 23348863 kNewNativeDiscountFactor: 2 kOldNativeDiscountFactor: 65536 old_native_bytes: 138942373 new_native_bytes: 27441276 add_bytes_allowed: 33995445 is_gc_concurrent: 1 target_footprint_: 23545663 GetBytesAllocated: 20913312 HeapGrowthMultiplier: 3
12-21 16:41:43.022  3133  3361 I com.miui.home: CheckGCForNative gc_urgency 0.858464 current_native_bytes is 166383649
12-21 16:41:43.219  8910  8910 I wm_on_idle_called: com.eg.android.AlipayGphone.AlipayLogin
12-21 16:41:43.244  8910  8910 I wm_on_top_resumed_lost_called: [209663158,com.eg.android.AlipayGphone.AlipayLogin,topStateChangedWhenResumed]
12-21 16:41:43.268  8910  8910 I wm_on_paused_called: [0,209663158,com.eg.android.AlipayGphone.AlipayLogin,performPause,2]
12-21 16:41:43.286  3133  3133 I wm_on_resume_called: [0,95840754,com.miui.home.launcher.Launcher,RESUME_ACTIVITY,4]
12-21 16:41:43.286  3133  3133 I wm_on_top_resumed_gained_called: [95840754,com.miui.home.launcher.Launcher,topWhenResuming]
12-21 16:41:43.288  3133  3133 I wm_on_idle_called: com.miui.home.launcher.Launcher
12-21 16:41:43.311  3133  3360 I cccccc  : createTaskSnapshotCompat:
12-21 16:41:43.383  3133  3197 D cccccc  : onTaskStackChangedBackground
12-21 16:41:43.386  3133  3197 D cccccc  : onTaskStackChangedBackground
12-21 16:41:43.391  3133  3197 D cccccc  : onTaskStackChangedBackground
12-21 16:41:43.417  8910  8910 I wm_on_stop_called: [0,209663158,com.eg.android.AlipayGphone.AlipayLogin,STOP_ACTIVITY_ITEM,32]
12-21 16:41:43.499  3133  3647 I com.miui.home: CheckGCForNative adj_start_bytes: 40346585 NativeAllocationGcWatermark: 11331815 java_gc_start_bytes: 23348863 kNewNativeDiscountFactor: 2 kOldNativeDiscountFactor: 65536 old_native_bytes: 138942373 new_native_bytes: 27897296 add_bytes_allowed: 33995445 is_gc_concurrent: 1 target_footprint_: 23545663 GetBytesAllocated: 22208704 HeapGrowthMultiplier: 3
12-21 16:41:43.499  3133  3647 I com.miui.home: CheckGCForNative gc_urgency 0.896221 current_native_bytes is 166839669
12-21 16:41:43.556  3133  3647 I com.miui.home: CheckGCForNative adj_start_bytes: 40346585 NativeAllocationGcWatermark: 11331815 java_gc_start_bytes: 23348863 kNewNativeDiscountFactor: 2 kOldNativeDiscountFactor: 65536 old_native_bytes: 138942373 new_native_bytes: 28043604 add_bytes_allowed: 33995445 is_gc_concurrent: 1 target_footprint_: 23545663 GetBytesAllocated: 22438080 HeapGrowthMultiplier: 3
12-21 16:41:43.556  3133  3647 I com.miui.home: CheckGCForNative gc_urgency 0.90372 current_native_bytes is 166985977
12-21 16:41:43.563  3133  3197 D cccccc  : onTaskStackChangedBackground
12-21 16:41:43.563  3133  3197 D cccccc  : onTaskStackChangedBackground
12-21 16:41:43.571  3133  3706 D cccccc  : onTaskStackChangedBackground
12-21 16:41:43.571  3133  3706 D cccccc  : onTaskStackChangedBackground
12-21 16:41:43.572  3133  3133 I wm_on_top_resumed_lost_called: [95840754,com.miui.home.launcher.Launcher,topStateChangedWhenResumed]
12-21 16:41:43.575  3133  3133 I wm_on_paused_called: [0,95840754,com.miui.home.launcher.Launcher,performPause,1]
12-21 16:41:43.601  3133  3330 I cccccc  : createTaskSnapshot:
12-21 16:41:43.601  3133  3330 I cccccc  : getTaskSnapshotInstance: 81
12-21 16:41:43.603  3133  3330 I com.miui.home: CheckGCForNative adj_start_bytes: 40346585 NativeAllocationGcWatermark: 11331815 java_gc_start_bytes: 23348863 kNewNativeDiscountFactor: 2 kOldNativeDiscountFactor: 65536 old_native_bytes: 138942373 new_native_bytes: 39129884 add_bytes_allowed: 33995445 is_gc_concurrent: 1 target_footprint_: 23545663 GetBytesAllocated: 22634912 HeapGrowthMultiplier: 3
12-21 16:41:43.603  3133  3330 I com.miui.home: CheckGCForNative gc_urgency 1.04599 current_native_bytes is 178072257
12-21 16:41:43.603  3133  3330 I com.miui.home: CheckGCForNative requested 1
12-21 16:41:43.604  3133  3330 I cccccc  : getTaskThumbnailInfo: 2460 1.0  10705920
12-21 16:41:43.684  3133  3330 I com.miui.home: CheckGCForNative adj_start_bytes: 40346585 NativeAllocationGcWatermark: 11331815 java_gc_start_bytes: 23348863 kNewNativeDiscountFactor: 2 kOldNativeDiscountFactor: 65536 old_native_bytes: 138942373 new_native_bytes: 54581308 add_bytes_allowed: 33995445 is_gc_concurrent: 1 target_footprint_: 23545663 GetBytesAllocated: 22881024 HeapGrowthMultiplier: 3
12-21 16:41:43.685  3133  3330 I com.miui.home: CheckGCForNative gc_urgency 1.24357 current_native_bytes is 193523681
12-21 16:41:43.685  3133  3330 I com.miui.home: CheckGCForNative requested 1
12-21 16:41:43.685  3133  3330 I com.miui.home: CheckGCForNative adj_start_bytes: 40346585 NativeAllocationGcWatermark: 11331815 java_gc_start_bytes: 23348863 kNewNativeDiscountFactor: 2 kOldNativeDiscountFactor: 65536 old_native_bytes: 138942373 new_native_bytes: 42785468 add_bytes_allowed: 33995445 is_gc_concurrent: 1 target_footprint_: 23545663 GetBytesAllocated: 22881024 HeapGrowthMultiplier: 3
12-21 16:41:43.685  3133  3330 I com.miui.home: CheckGCForNative gc_urgency 1.09739 current_native_bytes is 181727841
12-21 16:41:43.685  3133  3330 I com.miui.home: CheckGCForNative requested 1
12-21 16:41:43.692  3133  3330 I com.miui.home: CheckGCForNative adj_start_bytes: 40346585 NativeAllocationGcWatermark: 11331815 java_gc_start_bytes: 23348863 kNewNativeDiscountFactor: 2 kOldNativeDiscountFactor: 65536 old_native_bytes: 138942373 new_native_bytes: 43589852 add_bytes_allowed: 33995445 is_gc_concurrent: 1 target_footprint_: 23545663 GetBytesAllocated: 22913792 HeapGrowthMultiplier: 3
12-21 16:41:43.692  3133  3330 I com.miui.home: CheckGCForNative gc_urgency 1.10817 current_native_bytes is 182532225
12-21 16:41:43.692  3133  3330 I com.miui.home: CheckGCForNative requested 1
12-21 16:41:43.696  3133  3192 D cccccc  : onTaskStackChangedBackground
12-21 16:41:43.704  3133  3192 D cccccc  : onTaskStackChangedBackground
12-21 16:41:43.705  3133  4313 D cccccc  : onTaskStackChangedBackground
12-21 16:41:43.718  3133  3647 I com.miui.home: CheckGCForNative adj_start_bytes: 40346585 NativeAllocationGcWatermark: 11331815 java_gc_start_bytes: 23348863 kNewNativeDiscountFactor: 2 kOldNativeDiscountFactor: 65536 old_native_bytes: 138942373 new_native_bytes: 43748240 add_bytes_allowed: 33995445 is_gc_concurrent: 1 target_footprint_: 23545663 GetBytesAllocated: 23184256 HeapGrowthMultiplier: 3
12-21 16:41:43.719  3133  3647 I com.miui.home: CheckGCForNative gc_urgency 1.11684 current_native_bytes is 182690613
12-21 16:41:43.719  3133  3647 I com.miui.home: CheckGCForNative requested 1
12-21 16:41:43.841  3133  4313 I com.miui.home: CheckGCForNative adj_start_bytes: 40346585 NativeAllocationGcWatermark: 11331815 java_gc_start_bytes: 23348863 kNewNativeDiscountFactor: 2 kOldNativeDiscountFactor: 65536 old_native_bytes: 138942373 new_native_bytes: 42987024 add_bytes_allowed: 33995445 is_gc_concurrent: 1 target_footprint_: 23545663 GetBytesAllocated: 23479232 HeapGrowthMultiplier: 3
12-21 16:41:43.841  3133  4313 I com.miui.home: CheckGCForNative gc_urgency 1.11471 current_native_bytes is 181929397
12-21 16:41:43.841  3133  4313 I com.miui.home: CheckGCForNative requested 1
12-21 16:41:43.866  3133  3185 I com.miui.home: NativeAlloc concurrent copying GC freed 218560(10MB) AllocSpace objects, 14(592KB) LOS objects, 49% free, 11MB/23MB, paused 781us,28us total 261.718ms
12-21 16:41:43.907  3133  3647 I com.miui.home: CheckGCForNative gc_urgency 0 current_native_bytes is 143388877
12-21 16:41:43.907  3133  3647 I com.miui.home: CheckGCForNative adj_start_bytes: 41254817 NativeAllocationGcWatermark: 11461891 java_gc_start_bytes: 24061981 kNewNativeDiscountFactor: 2 kOldNativeDiscountFactor: 65536 old_native_bytes: 143388877 new_native_bytes: 2624 add_bytes_allowed: 34385673 is_gc_concurrent: 1 target_footprint_: 24586269 GetBytesAllocated: 12457312 HeapGrowthMultiplier: 3
12-21 16:41:43.907  3133  3647 I com.miui.home: CheckGCForNative gc_urgency 0.302045 current_native_bytes is 143391501
12-21 16:41:43.913  3133  3647 I com.miui.home: CheckGCForNative adj_start_bytes: 41254817 NativeAllocationGcWatermark: 11461891 java_gc_start_bytes: 24061981 kNewNativeDiscountFactor: 2 kOldNativeDiscountFactor: 65536 old_native_bytes: 143388877 new_native_bytes: 397120 add_bytes_allowed: 34385673 is_gc_concurrent: 1 target_footprint_: 24586269 GetBytesAllocated: 12457312 HeapGrowthMultiplier: 3
12-21 16:41:43.913  3133  3647 I com.miui.home: CheckGCForNative gc_urgency 0.306826 current_native_bytes is 143785997
12-21 16:41:43.927  3133  3330 I com.miui.home: CheckGCForNative adj_start_bytes: 41254817 NativeAllocationGcWatermark: 11461891 java_gc_start_bytes: 24061981 kNewNativeDiscountFactor: 2 kOldNativeDiscountFactor: 65536 old_native_bytes: 143388877 new_native_bytes: 2268764 add_bytes_allowed: 34385673 is_gc_concurrent: 1 target_footprint_: 24586269 GetBytesAllocated: 12555664 HeapGrowthMultiplier: 3
12-21 16:41:43.928  3133  3330 I com.miui.home: CheckGCForNative gc_urgency 0.331894 current_native_bytes is 145657641
12-21 16:41:43.928  3133  3330 I com.miui.home: CheckGCForNative adj_start_bytes: 41254817 NativeAllocationGcWatermark: 11461891 java_gc_start_bytes: 24061981 kNewNativeDiscountFactor: 2 kOldNativeDiscountFactor: 65536 old_native_bytes: 143388877 new_native_bytes: 3719396 add_bytes_allowed: 34385673 is_gc_concurrent: 1 target_footprint_: 24586269 GetBytesAllocated: 12555664 HeapGrowthMultiplier: 3
12-21 16:41:43.929  3133  3330 I com.miui.home: CheckGCForNative gc_urgency 0.349476 current_native_bytes is 147108273
12-21 16:41:43.937  3133  3330 I com.miui.home: CheckGCForNative adj_start_bytes: 41254817 NativeAllocationGcWatermark: 11461891 java_gc_start_bytes: 24061981 kNewNativeDiscountFactor: 2 kOldNativeDiscountFactor: 65536 old_native_bytes: 143388877 new_native_bytes: 14921444 add_bytes_allowed: 34385673 is_gc_concurrent: 1 target_footprint_: 24586269 GetBytesAllocated: 12572160 HeapGrowthMultiplier: 3
12-21 16:41:43.938  3133  3330 I com.miui.home: CheckGCForNative gc_urgency 0.485642 current_native_bytes is 158310321
12-21 16:41:43.979  3133  3647 I com.miui.home: CheckGCForNative adj_start_bytes: 41254817 NativeAllocationGcWatermark: 11461891 java_gc_start_bytes: 24061981 kNewNativeDiscountFactor: 2 kOldNativeDiscountFactor: 65536 old_native_bytes: 143388877 new_native_bytes: 15310780 add_bytes_allowed: 34385673 is_gc_concurrent: 1 target_footprint_: 24586269 GetBytesAllocated: 12719680 HeapGrowthMultiplier: 3
12-21 16:41:43.979  3133  3647 I com.miui.home: CheckGCForNative gc_urgency 0.493936 current_native_bytes is 158699657
12-21 16:41:44.013  3133  3647 I cccccc  : createTaskSnapshot:
12-21 16:41:44.013  3133  3647 I cccccc  : getTaskSnapshotInstance: 82
12-21 16:41:44.223  9449  9449 I wm_on_create_called: [0,8482067,com.xunmeng.pinduoduo.ui.activity.MainFrameActivity,performCreate,84]
12-21 16:41:44.292  9449  9449 I wm_on_create_called: [0,139883836,com.xunmeng.pinduoduo.ui.activity.HomeActivity,performCreate,23]
12-21 16:41:44.312  9449  9449 I wm_on_start_called: [0,139883836,com.xunmeng.pinduoduo.ui.activity.HomeActivity,handleStartActivity,19]
12-21 16:41:44.317  9449  9449 I wm_on_resume_called: [0,139883836,com.xunmeng.pinduoduo.ui.activity.HomeActivity,RESUME_ACTIVITY,4]
12-21 16:41:44.338  9449  9449 I wm_on_top_resumed_gained_called: [139883836,com.xunmeng.pinduoduo.ui.activity.HomeActivity,topStateChangedWhenResumed]
12-21 16:41:44.348  3133  4313 D cccccc  : onTaskStackChangedBackground
12-21 16:41:44.351  3133  4313 D cccccc  : onTaskStackChangedBackground
12-21 16:41:44.352  3133  4313 D cccccc  : onTaskStackChangedBackground
12-21 16:41:44.398  3133  3647 I com.miui.home: CheckGCForNative adj_start_bytes: 41254817 NativeAllocationGcWatermark: 11461891 java_gc_start_bytes: 24061981 kNewNativeDiscountFactor: 2 kOldNativeDiscountFactor: 65536 old_native_bytes: 143388877 new_native_bytes: 16063016 add_bytes_allowed: 34385673 is_gc_concurrent: 1 target_footprint_: 24586269 GetBytesAllocated: 13211824 HeapGrowthMultiplier: 3
12-21 16:41:44.398  3133  3647 I com.miui.home: CheckGCForNative gc_urgency 0.514983 current_native_bytes is 159451893
12-21 16:41:44.511  3133  3647 I cccccc  : createTaskSnapshot:
12-21 16:41:44.511  3133  3647 I cccccc  : getTaskSnapshotInstance: 82
12-21 16:41:44.518  3133  3330 I com.miui.home: CheckGCForNative adj_start_bytes: 41254817 NativeAllocationGcWatermark: 11461891 java_gc_start_bytes: 24061981 kNewNativeDiscountFactor: 2 kOldNativeDiscountFactor: 65536 old_native_bytes: 143388877 new_native_bytes: 16215016 add_bytes_allowed: 34385673 is_gc_concurrent: 1 target_footprint_: 24586269 GetBytesAllocated: 13457680 HeapGrowthMultiplier: 3
12-21 16:41:44.518  3133  3330 I com.miui.home: CheckGCForNative gc_urgency 0.522784 current_native_bytes is 159603893
12-21 16:41:44.632  3133  3647 I com.miui.home: CheckGCForNative adj_start_bytes: 41254817 NativeAllocationGcWatermark: 11461891 java_gc_start_bytes: 24061981 kNewNativeDiscountFactor: 2 kOldNativeDiscountFactor: 65536 old_native_bytes: 143388877 new_native_bytes: 16700700 add_bytes_allowed: 34385673 is_gc_concurrent: 1 target_footprint_: 24586269 GetBytesAllocated: 13785584 HeapGrowthMultiplier: 3
12-21 16:41:44.632  3133  3647 I com.miui.home: CheckGCForNative gc_urgency 0.536619 current_native_bytes is 160089577
12-21 16:41:44.677  3133  3647 I cccccc  : createTaskSnapshot:
12-21 16:41:44.678  3133  3647 I cccccc  : getTaskSnapshotInstance: 82
12-21 16:41:44.781  9449  9449 I wm_on_idle_called: com.xunmeng.pinduoduo.ui.activity.HomeActivity
12-21 16:41:44.808  3133  3133 I wm_on_stop_called: [0,95840754,com.miui.home.launcher.Launcher,STOP_ACTIVITY_ITEM,8]
12-21 16:41:44.895  9449  9449 I wm_on_destroy_called: [0,8482067,com.xunmeng.pinduoduo.ui.activity.MainFrameActivity,performDestroy,25]
12-21 16:41:44.970  3133  3133 I wm_on_restart_called: [0,95840754,com.miui.home.launcher.Launcher,performRestartActivity,0]
12-21 16:41:44.971  3133  3133 I wm_on_start_called: [0,95840754,com.miui.home.launcher.Launcher,handleStartActivity,1]
12-21 16:41:45.015  3133  4313 I com.miui.home: CheckGCForNative adj_start_bytes: 41254817 NativeAllocationGcWatermark: 11461891 java_gc_start_bytes: 24061981 kNewNativeDiscountFactor: 2 kOldNativeDiscountFactor: 65536 old_native_bytes: 143388877 new_native_bytes: 27928324 add_bytes_allowed: 34385673 is_gc_concurrent: 1 target_footprint_: 24586269 GetBytesAllocated: 14629792 HeapGrowthMultiplier: 3
12-21 16:41:45.015  3133  4313 I com.miui.home: CheckGCForNative gc_urgency 0.693159 current_native_bytes is 171317201
12-21 16:41:45.015  3133  4313 I cccccc  : createTaskSnapshotCompat:
12-21 16:41:45.016  3133  4313 I com.miui.home: CheckGCForNative adj_start_bytes: 41254817 NativeAllocationGcWatermark: 11461891 java_gc_start_bytes: 24061981 kNewNativeDiscountFactor: 2 kOldNativeDiscountFactor: 65536 old_native_bytes: 143388877 new_native_bytes: 38655108 add_bytes_allowed: 34385673 is_gc_concurrent: 1 target_footprint_: 24586269 GetBytesAllocated: 14629984 HeapGrowthMultiplier: 3
12-21 16:41:45.016  3133  4313 I com.miui.home: CheckGCForNative gc_urgency 0.82317 current_native_bytes is 182043985
12-21 16:41:45.017  3133  4313 I cccccc  : getTaskThumbnailInfo: 2460 1.0  10705920
12-21 16:41:45.023  3133  3706 I cccccc  : getTaskSnapshot:
12-21 16:41:45.025  3133  3706 I com.miui.home: CheckGCForNative adj_start_bytes: 41254817 NativeAllocationGcWatermark: 11461891 java_gc_start_bytes: 24061981 kNewNativeDiscountFactor: 2 kOldNativeDiscountFactor: 65536 old_native_bytes: 143388877 new_native_bytes: 38686292 add_bytes_allowed: 34385673 is_gc_concurrent: 1 target_footprint_: 24586269 GetBytesAllocated: 14695520 HeapGrowthMultiplier: 3
12-21 16:41:45.026  3133  3706 I com.miui.home: CheckGCForNative gc_urgency 0.825136 current_native_bytes is 182075169
12-21 16:41:45.026  3133  3133 I cccccc  : createTaskSnapshotCompat:
12-21 16:41:45.027  3133  3133 I cccccc  : getTaskThumbnailInfo: 2460 1.0  10705920
12-21 16:41:45.155  3133  3361 I com.miui.home: CheckGCForNative adj_start_bytes: 41254817 NativeAllocationGcWatermark: 11461891 java_gc_start_bytes: 24061981 kNewNativeDiscountFactor: 2 kOldNativeDiscountFactor: 65536 old_native_bytes: 143388877 new_native_bytes: 28042116 add_bytes_allowed: 34385673 is_gc_concurrent: 1 target_footprint_: 24586269 GetBytesAllocated: 14777632 HeapGrowthMultiplier: 3
12-21 16:41:45.156  3133  3361 I com.miui.home: CheckGCForNative gc_urgency 0.698122 current_native_bytes is 171430993
12-21 16:41:45.322  3133  3361 I com.miui.home: CheckGCForNative adj_start_bytes: 41254817 NativeAllocationGcWatermark: 11461891 java_gc_start_bytes: 24061981 kNewNativeDiscountFactor: 2 kOldNativeDiscountFactor: 65536 old_native_bytes: 143388877 new_native_bytes: 28056452 add_bytes_allowed: 34385673 is_gc_concurrent: 1 target_footprint_: 24586269 GetBytesAllocated: 14859552 HeapGrowthMultiplier: 3
12-21 16:41:45.322  3133  3361 I com.miui.home: CheckGCForNative gc_urgency 0.700281 current_native_bytes is 171445329
12-21 16:41:45.511  3133  3361 I com.miui.home: CheckGCForNative adj_start_bytes: 41254817 NativeAllocationGcWatermark: 11461891 java_gc_start_bytes: 24061981 kNewNativeDiscountFactor: 2 kOldNativeDiscountFactor: 65536 old_native_bytes: 143388877 new_native_bytes: 28042884 add_bytes_allowed: 34385673 is_gc_concurrent: 1 target_footprint_: 24586269 GetBytesAllocated: 14941472 HeapGrowthMultiplier: 3
12-21 16:41:45.511  3133  3361 I com.miui.home: CheckGCForNative gc_urgency 0.702102 current_native_bytes is 171431761
12-21 16:41:45.539  9449  9449 I wm_on_top_resumed_lost_called: [139883836,com.xunmeng.pinduoduo.ui.activity.HomeActivity,topStateChangedWhenResumed]
12-21 16:41:45.562  3133  3133 I wm_on_resume_called: [0,95840754,com.miui.home.launcher.Launcher,RESUME_ACTIVITY,7]
12-21 16:41:45.563  3133  3133 I wm_on_idle_called: com.miui.home.launcher.Launcher
12-21 16:41:45.580  3133  3133 I wm_on_top_resumed_gained_called: [95840754,com.miui.home.launcher.Launcher,topStateChangedWhenResumed]
12-21 16:41:45.620  9449  9449 I wm_on_paused_called: [0,139883836,com.xunmeng.pinduoduo.ui.activity.HomeActivity,performPause,2]
12-21 16:41:45.621  3133  3360 I cccccc  : createTaskSnapshotCompat:
12-21 16:41:45.654  9449  9449 I wm_on_stop_called: [0,139883836,com.xunmeng.pinduoduo.ui.activity.HomeActivity,STOP_ACTIVITY_ITEM,28]
12-21 16:41:45.751  3133  3192 D cccccc  : onTaskStackChangedBackground
12-21 16:41:45.757  3133  4313 D cccccc  : onTaskStackChangedBackground
12-21 16:41:45.758  3133  3197 D cccccc  : onTaskStackChangedBackground
12-21 16:41:45.795  3133  3133 I wm_on_top_resumed_lost_called: [95840754,com.miui.home.launcher.Launcher,topStateChangedWhenResumed]
12-21 16:41:45.809  3133  3133 I wm_on_paused_called: [0,95840754,com.miui.home.launcher.Launcher,performPause,3]
12-21 16:41:45.913  3133  3192 D cccccc  : onTaskStackChangedBackground
12-21 16:41:45.915  3133  3707 D cccccc  : onTaskStackChangedBackground
12-21 16:41:45.916  3133  3706 D cccccc  : onTaskStackChangedBackground
12-21 16:41:45.916  3133  3707 D cccccc  : onTaskStackChangedBackground
12-21 16:41:45.916  3133  3706 D cccccc  : onTaskStackChangedBackground
12-21 16:41:45.917  3133  3706 D cccccc  : onTaskStackChangedBackground
12-21 16:41:45.918  3133  3197 D cccccc  : onTaskStackChangedBackground
12-21 16:41:45.953  3133  3647 I com.miui.home: CheckGCForNative adj_start_bytes: 41254817 NativeAllocationGcWatermark: 11461891 java_gc_start_bytes: 24061981 kNewNativeDiscountFactor: 2 kOldNativeDiscountFactor: 65536 old_native_bytes: 143388877 new_native_bytes: 28194932 add_bytes_allowed: 34385673 is_gc_concurrent: 1 target_footprint_: 24586269 GetBytesAllocated: 16753168 HeapGrowthMultiplier: 3
12-21 16:41:45.953  3133  3647 I com.miui.home: CheckGCForNative gc_urgency 0.74786 current_native_bytes is 171583809
12-21 16:41:46.059  3133  3647 I com.miui.home: CheckGCForNative adj_start_bytes: 41254817 NativeAllocationGcWatermark: 11461891 java_gc_start_bytes: 24061981 kNewNativeDiscountFactor: 2 kOldNativeDiscountFactor: 65536 old_native_bytes: 143388877 new_native_bytes: 28411836 add_bytes_allowed: 34385673 is_gc_concurrent: 1 target_footprint_: 24586269 GetBytesAllocated: 17179568 HeapGrowthMultiplier: 3
12-21 16:41:46.059  3133  3647 I com.miui.home: CheckGCForNative gc_urgency 0.760824 current_native_bytes is 171800713
12-21 16:41:46.085  9632  9632 I wm_on_application_create_called: [0,com.xunmeng.pinduoduo,278]
12-21 16:41:46.216  3133  3133 I wm_on_stop_called: [0,95840754,com.miui.home.launcher.Launcher,STOP_ACTIVITY_ITEM,3]
12-21 16:41:46.295  3133  3647 I com.miui.home: CheckGCForNative adj_start_bytes: 41254817 NativeAllocationGcWatermark: 11461891 java_gc_start_bytes: 24061981 kNewNativeDiscountFactor: 2 kOldNativeDiscountFactor: 65536 old_native_bytes: 143388877 new_native_bytes: 28451536 add_bytes_allowed: 34385673 is_gc_concurrent: 1 target_footprint_: 24586269 GetBytesAllocated: 17425424 HeapGrowthMultiplier: 3
12-21 16:41:46.296  3133  3647 I com.miui.home: CheckGCForNative gc_urgency 0.767265 current_native_bytes is 171840413
12-21 16:41:46.313  3133  3647 I cccccc  : createTaskSnapshot:
12-21 16:41:46.313  3133  3647 I cccccc  : getTaskSnapshotInstance: 83
12-21 16:41:46.314  3133  3647 I cccccc  : createTaskSnapshot:
12-21 16:41:46.314  3133  3647 I cccccc  : getTaskSnapshotInstance: 82
12-21 16:41:46.315  3133  3647 I com.miui.home: CheckGCForNative adj_start_bytes: 41254817 NativeAllocationGcWatermark: 11461891 java_gc_start_bytes: 24061981 kNewNativeDiscountFactor: 2 kOldNativeDiscountFactor: 65536 old_native_bytes: 143388877 new_native_bytes: 39225680 add_bytes_allowed: 34385673 is_gc_concurrent: 1 target_footprint_: 24586269 GetBytesAllocated: 17540112 HeapGrowthMultiplier: 3
12-21 16:41:46.315  3133  3647 I com.miui.home: CheckGCForNative gc_urgency 0.900626 current_native_bytes is 182614557
12-21 16:41:46.315  3133  3647 I com.miui.home: CheckGCForNative adj_start_bytes: 41254817 NativeAllocationGcWatermark: 11461891 java_gc_start_bytes: 24061981 kNewNativeDiscountFactor: 2 kOldNativeDiscountFactor: 65536 old_native_bytes: 143388877 new_native_bytes: 49931600 add_bytes_allowed: 34385673 is_gc_concurrent: 1 target_footprint_: 24586269 GetBytesAllocated: 17556688 HeapGrowthMultiplier: 3
12-21 16:41:46.315  3133  3647 I com.miui.home: CheckGCForNative gc_urgency 1.03078 current_native_bytes is 193320477
12-21 16:41:46.315  3133  3647 I com.miui.home: CheckGCForNative requested 1
12-21 16:41:46.316  3133  3647 I cccccc  : getTaskThumbnailInfo: 2460 1.0  10705920
12-21 16:41:46.923  3133  3312 I com.miui.home: CheckGCForNative gc_urgency 0 current_native_bytes is 132031729
12-21 16:41:46.931  3133  3312 I com.miui.home: CheckGCForNative adj_start_bytes: 40527889 NativeAllocationGcWatermark: 11343981 java_gc_start_bytes: 23511918 kNewNativeDiscountFactor: 2 kOldNativeDiscountFactor: 65536 old_native_bytes: 132031729 new_native_bytes: 396320 add_bytes_allowed: 34031943 is_gc_concurrent: 1 target_footprint_: 23642990 GetBytesAllocated: 11936360 HeapGrowthMultiplier: 3
12-21 16:41:46.931  3133  3312 I com.miui.home: CheckGCForNative gc_urgency 0.299461 current_native_bytes is 132428049
12-21 16:41:46.965  3133  3312 I com.miui.home: CheckGCForNative adj_start_bytes: 40527889 NativeAllocationGcWatermark: 11343981 java_gc_start_bytes: 23511918 kNewNativeDiscountFactor: 2 kOldNativeDiscountFactor: 65536 old_native_bytes: 132031729 new_native_bytes: 506272 add_bytes_allowed: 34031943 is_gc_concurrent: 1 target_footprint_: 23642990 GetBytesAllocated: 11969128 HeapGrowthMultiplier: 3
12-21 16:41:46.965  3133  3312 I com.miui.home: CheckGCForNative gc_urgency 0.301626 current_native_bytes is 132538001
12-21 16:41:46.969  9731  9731 I wm_on_application_create_called: [0,com.smile.gifmaker,389]
12-21 16:41:47.222  9731  9731 I wm_on_create_called: [0,108342071,com.yxcorp.gifshow.HomeActivity,performCreate,232]
12-21 16:41:47.285  3133  3133 I wm_on_restart_called: [0,95840754,com.miui.home.launcher.Launcher,performRestartActivity,0]
12-21 16:41:47.287  3133  3133 I wm_on_start_called: [0,95840754,com.miui.home.launcher.Launcher,handleStartActivity,1]
12-21 16:41:47.300  3133  3133 I com.miui.home: CheckGCForNative adj_start_bytes: 40527889 NativeAllocationGcWatermark: 11343981 java_gc_start_bytes: 23511918 kNewNativeDiscountFactor: 2 kOldNativeDiscountFactor: 65536 old_native_bytes: 132031729 new_native_bytes: 769288 add_bytes_allowed: 34031943 is_gc_concurrent: 1 target_footprint_: 23642990 GetBytesAllocated: 12674024 HeapGrowthMultiplier: 3
12-21 16:41:47.300  3133  3133 I com.miui.home: CheckGCForNative gc_urgency 0.322264 current_native_bytes is 132801017
12-21 16:41:47.394  3133  3197 I cccccc  : getTaskSnapshot:
12-21 16:41:47.394  3133  3197 I com.miui.home: CheckGCForNative adj_start_bytes: 40527889 NativeAllocationGcWatermark: 11343981 java_gc_start_bytes: 23511918 kNewNativeDiscountFactor: 2 kOldNativeDiscountFactor: 65536 old_native_bytes: 132031729 new_native_bytes: 11562984 add_bytes_allowed: 34031943 is_gc_concurrent: 1 target_footprint_: 23642990 GetBytesAllocated: 12887176 HeapGrowthMultiplier: 3
12-21 16:41:47.394  3133  3197 I com.miui.home: CheckGCForNative gc_urgency 0.460687 current_native_bytes is 143594713
12-21 16:41:47.394  3133  3706 I com.miui.home: CheckGCForNative adj_start_bytes: 40527889 NativeAllocationGcWatermark: 11343981 java_gc_start_bytes: 23511918 kNewNativeDiscountFactor: 2 kOldNativeDiscountFactor: 65536 old_native_bytes: 132031729 new_native_bytes: 22268904 add_bytes_allowed: 34031943 is_gc_concurrent: 1 target_footprint_: 23642990 GetBytesAllocated: 12887176 HeapGrowthMultiplier: 3
12-21 16:41:47.394  3133  3706 I com.miui.home: CheckGCForNative gc_urgency 0.592768 current_native_bytes is 154300633
12-21 16:41:47.394  3133  3706 I cccccc  : createTaskSnapshotCompat:
12-21 16:41:47.395  3133  3133 I cccccc  : createTaskSnapshotCompat:
12-21 16:41:47.395  3133  3133 I com.miui.home: CheckGCForNative adj_start_bytes: 40527889 NativeAllocationGcWatermark: 11343981 java_gc_start_bytes: 23511918 kNewNativeDiscountFactor: 2 kOldNativeDiscountFactor: 65536 old_native_bytes: 132031729 new_native_bytes: 32975304 add_bytes_allowed: 34031943 is_gc_concurrent: 1 target_footprint_: 23642990 GetBytesAllocated: 12920328 HeapGrowthMultiplier: 3
12-21 16:41:47.395  3133  3133 I com.miui.home: CheckGCForNative gc_urgency 0.725673 current_native_bytes is 165007033
12-21 16:41:47.395  3133  3706 I com.miui.home: CheckGCForNative adj_start_bytes: 40527889 NativeAllocationGcWatermark: 11343981 java_gc_start_bytes: 23511918 kNewNativeDiscountFactor: 2 kOldNativeDiscountFactor: 65536 old_native_bytes: 132031729 new_native_bytes: 43682760 add_bytes_allowed: 34031943 is_gc_concurrent: 1 target_footprint_: 23642990 GetBytesAllocated: 12920328 HeapGrowthMultiplier: 3
12-21 16:41:47.395  3133  3133 I cccccc  : getTaskThumbnailInfo: 2460 1.0  10705920
12-21 16:41:47.395  3133  3706 I com.miui.home: CheckGCForNative gc_urgency 0.857773 current_native_bytes is 175714489
12-21 16:41:47.395  3133  3706 I cccccc  : getTaskThumbnailInfo: 2460 1.0  10705920
12-21 16:41:47.472  3133  3361 I com.miui.home: CheckGCForNative adj_start_bytes: 40527889 NativeAllocationGcWatermark: 11343981 java_gc_start_bytes: 23511918 kNewNativeDiscountFactor: 2 kOldNativeDiscountFactor: 65536 old_native_bytes: 132031729 new_native_bytes: 22255528 add_bytes_allowed: 34031943 is_gc_concurrent: 1 target_footprint_: 23642990 GetBytesAllocated: 12985960 HeapGrowthMultiplier: 3
12-21 16:41:47.472  3133  3361 I com.miui.home: CheckGCForNative gc_urgency 0.595041 current_native_bytes is 154287257
12-21 16:41:47.476  9731  9731 I wm_on_start_called: [0,108342071,com.yxcorp.gifshow.HomeActivity,handleStartActivity,254]
12-21 16:41:47.516  3133  3361 I com.miui.home: CheckGCForNative adj_start_bytes: 40527889 NativeAllocationGcWatermark: 11343981 java_gc_start_bytes: 23511918 kNewNativeDiscountFactor: 2 kOldNativeDiscountFactor: 65536 old_native_bytes: 132031729 new_native_bytes: 22255560 add_bytes_allowed: 34031943 is_gc_concurrent: 1 target_footprint_: 23642990 GetBytesAllocated: 13051560 HeapGrowthMultiplier: 3
12-21 16:41:47.516  3133  3361 I com.miui.home: CheckGCForNative gc_urgency 0.59666 current_native_bytes is 154287289
12-21 16:41:47.620  9731  9731 I wm_on_resume_called: [0,108342071,com.yxcorp.gifshow.HomeActivity,RESUME_ACTIVITY,42]
12-21 16:41:47.646  9731  9731 I wm_on_top_resumed_gained_called: [108342071,com.yxcorp.gifshow.HomeActivity,topStateChangedWhenResumed]
12-21 16:41:47.872  3133  3361 I com.miui.home: CheckGCForNative adj_start_bytes: 40527889 NativeAllocationGcWatermark: 11343981 java_gc_start_bytes: 23511918 kNewNativeDiscountFactor: 2 kOldNativeDiscountFactor: 65536 old_native_bytes: 132031729 new_native_bytes: 22228056 add_bytes_allowed: 34031943 is_gc_concurrent: 1 target_footprint_: 23642990 GetBytesAllocated: 13248168 HeapGrowthMultiplier: 3
12-21 16:41:47.872  3133  3361 I com.miui.home: CheckGCForNative gc_urgency 0.601171 current_native_bytes is 154259785
12-21 16:41:47.947  3133  3360 I cccccc  : createTaskSnapshotCompat:
12-21 16:41:48.058  3133  3706 D cccccc  : onTaskStackChangedBackground
12-21 16:41:48.060  3133  3197 D cccccc  : onTaskStackChangedBackground
12-21 16:41:48.067  3133  3706 D cccccc  : onTaskStackChangedBackground
12-21 16:41:48.219  3133  3707 D cccccc  : onTaskStackChangedBackground
12-21 16:41:48.220  3133  4313 D cccccc  : onTaskStackChangedBackground
12-21 16:41:48.241  3133  3190 D cccccc  : onTaskStackChangedBackground
12-21 16:41:48.247  3133  3445 D cccccc  : onTaskStackChangedBackground
12-21 16:41:48.300  3133  3647 I com.miui.home: CheckGCForNative adj_start_bytes: 40527889 NativeAllocationGcWatermark: 11343981 java_gc_start_bytes: 23511918 kNewNativeDiscountFactor: 2 kOldNativeDiscountFactor: 65536 old_native_bytes: 132031729 new_native_bytes: 23457416 add_bytes_allowed: 34031943 is_gc_concurrent: 1 target_footprint_: 23642990 GetBytesAllocated: 14150072 HeapGrowthMultiplier: 3
12-21 16:41:48.300  3133  3647 I com.miui.home: CheckGCForNative gc_urgency 0.638592 current_native_bytes is 155489145
12-21 16:41:48.340  3133  3647 I com.miui.home: CheckGCForNative adj_start_bytes: 40527889 NativeAllocationGcWatermark: 11343981 java_gc_start_bytes: 23511918 kNewNativeDiscountFactor: 2 kOldNativeDiscountFactor: 65536 old_native_bytes: 132031729 new_native_bytes: 24778856 add_bytes_allowed: 34031943 is_gc_concurrent: 1 target_footprint_: 23642990 GetBytesAllocated: 14281208 HeapGrowthMultiplier: 3
12-21 16:41:48.340  3133  3647 I com.miui.home: CheckGCForNative gc_urgency 0.658131 current_native_bytes is 156810585
12-21 16:41:48.471  3133  3647 I com.miui.home: CheckGCForNative adj_start_bytes: 40527889 NativeAllocationGcWatermark: 11343981 java_gc_start_bytes: 23511918 kNewNativeDiscountFactor: 2 kOldNativeDiscountFactor: 65536 old_native_bytes: 132031729 new_native_bytes: 25593576 add_bytes_allowed: 34031943 is_gc_concurrent: 1 target_footprint_: 23642990 GetBytesAllocated: 14707704 HeapGrowthMultiplier: 3
12-21 16:41:48.471  3133  3647 I com.miui.home: CheckGCForNative gc_urgency 0.678706 current_native_bytes is 157625305
12-21 16:41:48.520  3133  3445 D cccccc  : onTaskStackChangedBackground
12-21 16:41:48.521  3133  3445 D cccccc  : onTaskStackChangedBackground
12-21 16:41:48.522  3133 10056 D cccccc  : onTaskStackChangedBackground
12-21 16:41:48.527  3133  3647 I cccccc  : createTaskSnapshot:
12-21 16:41:48.527  3133  3647 I cccccc  : getTaskSnapshotInstance: 84
12-21 16:41:48.528  3133  3647 I cccccc  : createTaskSnapshot:
12-21 16:41:48.528  3133  3647 I cccccc  : getTaskSnapshotInstance: 83
12-21 16:41:48.550  3133  3647 I com.miui.home: CheckGCForNative adj_start_bytes: 40527889 NativeAllocationGcWatermark: 11343981 java_gc_start_bytes: 23511918 kNewNativeDiscountFactor: 2 kOldNativeDiscountFactor: 65536 old_native_bytes: 132031729 new_native_bytes: 36369580 add_bytes_allowed: 34031943 is_gc_concurrent: 1 target_footprint_: 23642990 GetBytesAllocated: 14986232 HeapGrowthMultiplier: 3
12-21 16:41:48.550  3133  3647 I com.miui.home: CheckGCForNative gc_urgency 0.818524 current_native_bytes is 168401309
12-21 16:41:48.551  3133  3647 I cccccc  : getTaskThumbnailInfo: 2460 1.0  10705920
12-21 16:41:48.598  3133  3133 I com.miui.home: CheckGCForNative adj_start_bytes: 40527889 NativeAllocationGcWatermark: 11343981 java_gc_start_bytes: 23511918 kNewNativeDiscountFactor: 2 kOldNativeDiscountFactor: 65536 old_native_bytes: 132031729 new_native_bytes: 25667860 add_bytes_allowed: 34031943 is_gc_concurrent: 1 target_footprint_: 23642990 GetBytesAllocated: 15019288 HeapGrowthMultiplier: 3
12-21 16:41:48.598  3133  3133 I com.miui.home: CheckGCForNative gc_urgency 0.68731 current_native_bytes is 157699589
12-21 16:41:48.687  3133  3647 I com.miui.home: CheckGCForNative adj_start_bytes: 40527889 NativeAllocationGcWatermark: 11343981 java_gc_start_bytes: 23511918 kNewNativeDiscountFactor: 2 kOldNativeDiscountFactor: 65536 old_native_bytes: 132031729 new_native_bytes: 25809992 add_bytes_allowed: 34031943 is_gc_concurrent: 1 target_footprint_: 23642990 GetBytesAllocated: 15396552 HeapGrowthMultiplier: 3
12-21 16:41:48.688  3133  3647 I com.miui.home: CheckGCForNative gc_urgency 0.698372 current_native_bytes is 157841721
12-21 16:41:48.705  3133  3361 I com.miui.home: CheckGCForNative adj_start_bytes: 40527889 NativeAllocationGcWatermark: 11343981 java_gc_start_bytes: 23511918 kNewNativeDiscountFactor: 2 kOldNativeDiscountFactor: 65536 old_native_bytes: 132031729 new_native_bytes: 25915336 add_bytes_allowed: 34031943 is_gc_concurrent: 1 target_footprint_: 23642990 GetBytesAllocated: 15462088 HeapGrowthMultiplier: 3
12-21 16:41:48.705  3133  3361 I com.miui.home: CheckGCForNative gc_urgency 0.701289 current_native_bytes is 157947065
12-21 16:41:48.732  3133  3647 I cccccc  : createTaskSnapshot:
12-21 16:41:48.732  3133  3647 I cccccc  : getTaskSnapshotInstance: 84
12-21 16:41:48.992  3133  3133 I wm_on_stop_called: [0,95840754,com.miui.home.launcher.Launcher,STOP_ACTIVITY_ITEM,3]
12-21 16:41:49.720  3133  3133 I wm_on_restart_called: [0,95840754,com.miui.home.launcher.Launcher,performRestartActivity,0]
12-21 16:41:49.722  3133  3133 I wm_on_start_called: [0,95840754,com.miui.home.launcher.Launcher,handleStartActivity,1]
12-21 16:41:49.744 10073 10073 I wm_on_create_called: [0,68635259,com.tencent.qqlive.ona.activity.SplashHomeActivity,performCreate,351]
12-21 16:41:49.880 10073 10073 I wm_on_start_called: [0,68635259,com.tencent.qqlive.ona.activity.SplashHomeActivity,handleStartActivity,106]
12-21 16:41:49.911  3133  3445 I cccccc  : getTaskSnapshot:
12-21 16:41:49.913  3133  3445 I com.miui.home: CheckGCForNative adj_start_bytes: 40527889 NativeAllocationGcWatermark: 11343981 java_gc_start_bytes: 23511918 kNewNativeDiscountFactor: 2 kOldNativeDiscountFactor: 65536 old_native_bytes: 132031729 new_native_bytes: 36826672 add_bytes_allowed: 34031943 is_gc_concurrent: 1 target_footprint_: 23642990 GetBytesAllocated: 16249144 HeapGrowthMultiplier: 3
12-21 16:41:49.914  3133  3445 I com.miui.home: CheckGCForNative gc_urgency 0.855325 current_native_bytes is 168858401
