12-21 16:58:20.690  3157  3157 I wm_on_top_resumed_lost_called: [87734535,com.miui.home.launcher.Launcher,topStateChangedWhenResumed]
12-21 16:58:20.701  3157  3157 I wm_on_paused_called: [0,87734535,com.miui.home.launcher.Launcher,performPause,5]
12-21 16:58:20.709  3157  3597 D cccccc  : onTaskStackChangedBackground
12-21 16:58:20.710  3157  3347 D cccccc  : onTaskStackChangedBackground
12-21 16:58:20.712  3157  3597 D cccccc  : onTaskStackChangedBackground
12-21 16:58:20.712  3157  3621 D cccccc  : onTaskStackChangedBackground
12-21 16:58:20.810  3157  3347 D cccccc  : onTaskStackChangedBackground
12-21 16:58:20.811  3157  3347 D cccccc  : onTaskStackChangedBackground
12-21 16:58:20.811  3157  3597 D cccccc  : onTaskStackChangedBackground
12-21 16:58:20.942  3157  3645 I com.miui.home: CheckGCForNative adj_start_bytes: 38944201 NativeAllocationGcWatermark: 11177277 java_gc_start_bytes: 22178286 kNewNativeDiscountFactor: 2 kOldNativeDiscountFactor: 65536 old_native_bytes: 84314985 new_native_bytes: 1362332 add_bytes_allowed: 33531831 is_gc_concurrent: 1 target_footprint_: 22309358 GetBytesAllocated: 12084904 HeapGrowthMultiplier: 3
12-21 16:58:20.943  3157  3645 I com.miui.home: CheckGCForNative gc_urgency 0.327837 current_native_bytes is 85677317
12-21 16:58:20.954  3157  3645 I com.miui.home: CheckGCForNative adj_start_bytes: 38944201 NativeAllocationGcWatermark: 11177277 java_gc_start_bytes: 22178286 kNewNativeDiscountFactor: 2 kOldNativeDiscountFactor: 65536 old_native_bytes: 84314985 new_native_bytes: 1824284 add_bytes_allowed: 33531831 is_gc_concurrent: 1 target_footprint_: 22309358 GetBytesAllocated: 12105384 HeapGrowthMultiplier: 3
12-21 16:58:20.954  3157  3645 I com.miui.home: CheckGCForNative gc_urgency 0.334294 current_native_bytes is 86139269
12-21 16:58:21.047  3157  3344 I com.miui.home: CheckGCForNative adj_start_bytes: 38944201 NativeAllocationGcWatermark: 11177277 java_gc_start_bytes: 22178286 kNewNativeDiscountFactor: 2 kOldNativeDiscountFactor: 65536 old_native_bytes: 84314985 new_native_bytes: 3589948 add_bytes_allowed: 33531831 is_gc_concurrent: 1 target_footprint_: 22309358 GetBytesAllocated: 12302712 HeapGrowthMultiplier: 3
12-21 16:58:21.047  3157  3344 I com.miui.home: CheckGCForNative gc_urgency 0.36203 current_native_bytes is 87904933
12-21 16:58:21.049  3157  3645 I com.miui.home: CheckGCForNative adj_start_bytes: 38944201 NativeAllocationGcWatermark: 11177277 java_gc_start_bytes: 22178286 kNewNativeDiscountFactor: 2 kOldNativeDiscountFactor: 65536 old_native_bytes: 84314985 new_native_bytes: 2917708 add_bytes_allowed: 33531831 is_gc_concurrent: 1 target_footprint_: 22309358 GetBytesAllocated: 12302712 HeapGrowthMultiplier: 3
12-21 16:58:21.049  3157  3645 I com.miui.home: CheckGCForNative gc_urgency 0.353399 current_native_bytes is 87232693
12-21 16:58:21.069  3157  3344 I com.miui.home: CheckGCForNative adj_start_bytes: 38944201 NativeAllocationGcWatermark: 11177277 java_gc_start_bytes: 22178286 kNewNativeDiscountFactor: 2 kOldNativeDiscountFactor: 65536 old_native_bytes: 84314985 new_native_bytes: 3055660 add_bytes_allowed: 33531831 is_gc_concurrent: 1 target_footprint_: 22309358 GetBytesAllocated: 12319096 HeapGrowthMultiplier: 3
12-21 16:58:21.069  3157  3344 I com.miui.home: CheckGCForNative gc_urgency 0.355591 current_native_bytes is 87370645
12-21 16:58:21.113  3157  3645 I com.miui.home: CheckGCForNative adj_start_bytes: 38944201 NativeAllocationGcWatermark: 11177277 java_gc_start_bytes: 22178286 kNewNativeDiscountFactor: 2 kOldNativeDiscountFactor: 65536 old_native_bytes: 84314985 new_native_bytes: 3705548 add_bytes_allowed: 33531831 is_gc_concurrent: 1 target_footprint_: 22309358 GetBytesAllocated: 12388808 HeapGrowthMultiplier: 3
12-21 16:58:21.113  3157  3645 I com.miui.home: CheckGCForNative gc_urgency 0.365725 current_native_bytes is 88020533
12-21 16:58:21.116  3157  3645 I com.miui.home: CheckGCForNative adj_start_bytes: 38944201 NativeAllocationGcWatermark: 11177277 java_gc_start_bytes: 22178286 kNewNativeDiscountFactor: 2 kOldNativeDiscountFactor: 65536 old_native_bytes: 84314985 new_native_bytes: 4168204 add_bytes_allowed: 33531831 is_gc_concurrent: 1 target_footprint_: 22309358 GetBytesAllocated: 12409288 HeapGrowthMultiplier: 3
12-21 16:58:21.116  3157  3645 I com.miui.home: CheckGCForNative gc_urgency 0.372191 current_native_bytes is 88483189
12-21 16:58:21.153  3157  3645 I com.miui.home: CheckGCForNative adj_start_bytes: 38944201 NativeAllocationGcWatermark: 11177277 java_gc_start_bytes: 22178286 kNewNativeDiscountFactor: 2 kOldNativeDiscountFactor: 65536 old_native_bytes: 84314985 new_native_bytes: 4749068 add_bytes_allowed: 33531831 is_gc_concurrent: 1 target_footprint_: 22309358 GetBytesAllocated: 12458648 HeapGrowthMultiplier: 3
12-21 16:58:21.153  3157  3645 I com.miui.home: CheckGCForNative gc_urgency 0.380916 current_native_bytes is 89064053
12-21 16:58:21.156  3157  3645 I com.miui.home: CheckGCForNative adj_start_bytes: 38944201 NativeAllocationGcWatermark: 11177277 java_gc_start_bytes: 22178286 kNewNativeDiscountFactor: 2 kOldNativeDiscountFactor: 65536 old_native_bytes: 84314985 new_native_bytes: 5132716 add_bytes_allowed: 33531831 is_gc_concurrent: 1 target_footprint_: 22309358 GetBytesAllocated: 12458648 HeapGrowthMultiplier: 3
12-21 16:58:21.156  3157  3645 I com.miui.home: CheckGCForNative gc_urgency 0.385842 current_native_bytes is 89447701
12-21 16:58:21.213  3157  3645 I com.miui.home: CheckGCForNative adj_start_bytes: 38944201 NativeAllocationGcWatermark: 11177277 java_gc_start_bytes: 22178286 kNewNativeDiscountFactor: 2 kOldNativeDiscountFactor: 65536 old_native_bytes: 84314985 new_native_bytes: 5499652 add_bytes_allowed: 33531831 is_gc_concurrent: 1 target_footprint_: 22309358 GetBytesAllocated: 12561208 HeapGrowthMultiplier: 3
12-21 16:58:21.213  3157  3645 I com.miui.home: CheckGCForNative gc_urgency 0.393186 current_native_bytes is 89814637
12-21 16:58:21.216  3157  3645 I com.miui.home: CheckGCForNative adj_start_bytes: 38944201 NativeAllocationGcWatermark: 11177277 java_gc_start_bytes: 22178286 kNewNativeDiscountFactor: 2 kOldNativeDiscountFactor: 65536 old_native_bytes: 84314985 new_native_bytes: 5961220 add_bytes_allowed: 33531831 is_gc_concurrent: 1 target_footprint_: 22309358 GetBytesAllocated: 12581688 HeapGrowthMultiplier: 3
12-21 16:58:21.216  3157  3645 I com.miui.home: CheckGCForNative gc_urgency 0.399638 current_native_bytes is 90276205
12-21 16:58:21.237  3157  3645 I com.miui.home: CheckGCForNative adj_start_bytes: 38944201 NativeAllocationGcWatermark: 11177277 java_gc_start_bytes: 22178286 kNewNativeDiscountFactor: 2 kOldNativeDiscountFactor: 65536 old_native_bytes: 84314985 new_native_bytes: 7196388 add_bytes_allowed: 33531831 is_gc_concurrent: 1 target_footprint_: 22309358 GetBytesAllocated: 12614632 HeapGrowthMultiplier: 3
12-21 16:58:21.237  3157  3645 I com.miui.home: CheckGCForNative gc_urgency 0.416342 current_native_bytes is 91511373
12-21 16:58:21.240  3157  3645 I com.miui.home: CheckGCForNative adj_start_bytes: 38944201 NativeAllocationGcWatermark: 11177277 java_gc_start_bytes: 22178286 kNewNativeDiscountFactor: 2 kOldNativeDiscountFactor: 65536 old_native_bytes: 84314985 new_native_bytes: 7622756 add_bytes_allowed: 33531831 is_gc_concurrent: 1 target_footprint_: 22309358 GetBytesAllocated: 12614632 HeapGrowthMultiplier: 3
12-21 16:58:21.240  3157  3645 I com.miui.home: CheckGCForNative gc_urgency 0.421816 current_native_bytes is 91937741
12-21 16:58:21.257  3157  3645 I com.miui.home: CheckGCForNative adj_start_bytes: 38944201 NativeAllocationGcWatermark: 11177277 java_gc_start_bytes: 22178286 kNewNativeDiscountFactor: 2 kOldNativeDiscountFactor: 65536 old_native_bytes: 84314985 new_native_bytes: 8384484 add_bytes_allowed: 33531831 is_gc_concurrent: 1 target_footprint_: 22309358 GetBytesAllocated: 12663960 HeapGrowthMultiplier: 3
12-21 16:58:21.257  3157  3645 I com.miui.home: CheckGCForNative gc_urgency 0.432863 current_native_bytes is 92699469
12-21 16:58:21.259  3157  3645 I com.miui.home: CheckGCForNative adj_start_bytes: 38944201 NativeAllocationGcWatermark: 11177277 java_gc_start_bytes: 22178286 kNewNativeDiscountFactor: 2 kOldNativeDiscountFactor: 65536 old_native_bytes: 84314985 new_native_bytes: 8843876 add_bytes_allowed: 33531831 is_gc_concurrent: 1 target_footprint_: 22309358 GetBytesAllocated: 12663960 HeapGrowthMultiplier: 3
12-21 16:58:21.259  3157  3645 I com.miui.home: CheckGCForNative gc_urgency 0.438761 current_native_bytes is 93158861
12-21 16:58:21.279  3157  3645 I com.miui.home: CheckGCForNative adj_start_bytes: 38944201 NativeAllocationGcWatermark: 11177277 java_gc_start_bytes: 22178286 kNewNativeDiscountFactor: 2 kOldNativeDiscountFactor: 65536 old_native_bytes: 84314985 new_native_bytes: 9857188 add_bytes_allowed: 33531831 is_gc_concurrent: 1 target_footprint_: 22309358 GetBytesAllocated: 12696792 HeapGrowthMultiplier: 3
12-21 16:58:21.279  3157  3645 I com.miui.home: CheckGCForNative gc_urgency 0.452614 current_native_bytes is 94172173
12-21 16:58:21.279  3157  3645 I com.miui.home: CheckGCForNative adj_start_bytes: 38944201 NativeAllocationGcWatermark: 11177277 java_gc_start_bytes: 22178286 kNewNativeDiscountFactor: 2 kOldNativeDiscountFactor: 65536 old_native_bytes: 84314985 new_native_bytes: 9857188 add_bytes_allowed: 33531831 is_gc_concurrent: 1 target_footprint_: 22309358 GetBytesAllocated: 12696792 HeapGrowthMultiplier: 3
12-21 16:58:21.279  3157  3645 I com.miui.home: CheckGCForNative gc_urgency 0.452614 current_native_bytes is 94172173
12-21 16:58:21.329  3157  3645 I com.miui.home: CheckGCForNative adj_start_bytes: 38944201 NativeAllocationGcWatermark: 11177277 java_gc_start_bytes: 22178286 kNewNativeDiscountFactor: 2 kOldNativeDiscountFactor: 65536 old_native_bytes: 84314985 new_native_bytes: 10562812 add_bytes_allowed: 33531831 is_gc_concurrent: 1 target_footprint_: 22309358 GetBytesAllocated: 12750104 HeapGrowthMultiplier: 3
12-21 16:58:21.329  3157  3645 I com.miui.home: CheckGCForNative gc_urgency 0.463042 current_native_bytes is 94877797
12-21 16:58:21.332  3157  3645 I com.miui.home: CheckGCForNative adj_start_bytes: 38944201 NativeAllocationGcWatermark: 11177277 java_gc_start_bytes: 22178286 kNewNativeDiscountFactor: 2 kOldNativeDiscountFactor: 65536 old_native_bytes: 84314985 new_native_bytes: 11024124 add_bytes_allowed: 33531831 is_gc_concurrent: 1 target_footprint_: 22309358 GetBytesAllocated: 12786968 HeapGrowthMultiplier: 3
12-21 16:58:21.332  3157  3645 I com.miui.home: CheckGCForNative gc_urgency 0.469911 current_native_bytes is 95339109
12-21 16:58:21.371  3157  3645 I com.miui.home: CheckGCForNative adj_start_bytes: 38944201 NativeAllocationGcWatermark: 11177277 java_gc_start_bytes: 22178286 kNewNativeDiscountFactor: 2 kOldNativeDiscountFactor: 65536 old_native_bytes: 84314985 new_native_bytes: 11767852 add_bytes_allowed: 33531831 is_gc_concurrent: 1 target_footprint_: 22309358 GetBytesAllocated: 12819912 HeapGrowthMultiplier: 3
12-21 16:58:21.371  3157  3645 I com.miui.home: CheckGCForNative gc_urgency 0.480306 current_native_bytes is 96082837
12-21 16:58:21.378  3157  3645 I com.miui.home: CheckGCForNative adj_start_bytes: 38944201 NativeAllocationGcWatermark: 11177277 java_gc_start_bytes: 22178286 kNewNativeDiscountFactor: 2 kOldNativeDiscountFactor: 65536 old_native_bytes: 84314985 new_native_bytes: 12534316 add_bytes_allowed: 33531831 is_gc_concurrent: 1 target_footprint_: 22309358 GetBytesAllocated: 12819912 HeapGrowthMultiplier: 3
12-21 16:58:21.378  3157  3645 I com.miui.home: CheckGCForNative gc_urgency 0.490146 current_native_bytes is 96849301
12-21 16:58:21.428  3157  3645 I com.miui.home: CheckGCForNative adj_start_bytes: 38944201 NativeAllocationGcWatermark: 11177277 java_gc_start_bytes: 22178286 kNewNativeDiscountFactor: 2 kOldNativeDiscountFactor: 65536 old_native_bytes: 84314985 new_native_bytes: 12916548 add_bytes_allowed: 33531831 is_gc_concurrent: 1 target_footprint_: 22309358 GetBytesAllocated: 12869256 HeapGrowthMultiplier: 3
12-21 16:58:21.428  3157  3645 I com.miui.home: CheckGCForNative gc_urgency 0.496321 current_native_bytes is 97231533
12-21 16:58:21.431  3157  3645 I com.miui.home: CheckGCForNative adj_start_bytes: 38944201 NativeAllocationGcWatermark: 11177277 java_gc_start_bytes: 22178286 kNewNativeDiscountFactor: 2 kOldNativeDiscountFactor: 65536 old_native_bytes: 84314985 new_native_bytes: 13313092 add_bytes_allowed: 33531831 is_gc_concurrent: 1 target_footprint_: 22309358 GetBytesAllocated: 12869256 HeapGrowthMultiplier: 3
12-21 16:58:21.431  3157  3645 I com.miui.home: CheckGCForNative gc_urgency 0.501412 current_native_bytes is 97628077
12-21 16:58:21.451  3157  3645 I com.miui.home: CheckGCForNative adj_start_bytes: 38944201 NativeAllocationGcWatermark: 11177277 java_gc_start_bytes: 22178286 kNewNativeDiscountFactor: 2 kOldNativeDiscountFactor: 65536 old_native_bytes: 84314985 new_native_bytes: 13857820 add_bytes_allowed: 33531831 is_gc_concurrent: 1 target_footprint_: 22309358 GetBytesAllocated: 12902200 HeapGrowthMultiplier: 3
12-21 16:58:21.451  3157  3645 I com.miui.home: CheckGCForNative gc_urgency 0.509252 current_native_bytes is 98172805
12-21 16:58:21.481  3157  3645 I com.miui.home: CheckGCForNative adj_start_bytes: 38944201 NativeAllocationGcWatermark: 11177277 java_gc_start_bytes: 22178286 kNewNativeDiscountFactor: 2 kOldNativeDiscountFactor: 65536 old_native_bytes: 84314985 new_native_bytes: 14388444 add_bytes_allowed: 33531831 is_gc_concurrent: 1 target_footprint_: 22309358 GetBytesAllocated: 12935144 HeapGrowthMultiplier: 3
12-21 16:58:21.481  3157  3645 I com.miui.home: CheckGCForNative gc_urgency 0.51691 current_native_bytes is 98703429
12-21 16:58:21.487  3157  3645 I com.miui.home: CheckGCForNative adj_start_bytes: 38944201 NativeAllocationGcWatermark: 11177277 java_gc_start_bytes: 22178286 kNewNativeDiscountFactor: 2 kOldNativeDiscountFactor: 65536 old_native_bytes: 84314985 new_native_bytes: 14784764 add_bytes_allowed: 33531831 is_gc_concurrent: 1 target_footprint_: 22309358 GetBytesAllocated: 12951528 HeapGrowthMultiplier: 3
12-21 16:58:21.487  3157  3645 I com.miui.home: CheckGCForNative gc_urgency 0.522419 current_native_bytes is 99099749
12-21 16:58:21.704  3157  3645 I cccccc  : createTaskSnapshot:
12-21 16:58:21.704  3157  3645 I cccccc  : getTaskSnapshotInstance: 126
12-21 16:58:21.705  3157  3645 I cccccc  : createTaskSnapshot:
12-21 16:58:21.706  3157  3645 I cccccc  : getTaskSnapshotInstance: 125
12-21 16:58:21.854  7804  7804 I wm_on_application_create_called: [0,com.autonavi.minimap,337]
12-21 16:58:21.886  3157  3645 I com.miui.home: CheckGCForNative adj_start_bytes: 38944201 NativeAllocationGcWatermark: 11177277 java_gc_start_bytes: 22178286 kNewNativeDiscountFactor: 2 kOldNativeDiscountFactor: 65536 old_native_bytes: 84314985 new_native_bytes: 27354504 add_bytes_allowed: 33531831 is_gc_concurrent: 1 target_footprint_: 22309358 GetBytesAllocated: 13133112 HeapGrowthMultiplier: 3
12-21 16:58:21.886  3157  3645 I com.miui.home: CheckGCForNative gc_urgency 0.688463 current_native_bytes is 111669489
12-21 16:58:21.887  3157  3645 I com.miui.home: CheckGCForNative adj_start_bytes: 38944201 NativeAllocationGcWatermark: 11177277 java_gc_start_bytes: 22178286 kNewNativeDiscountFactor: 2 kOldNativeDiscountFactor: 65536 old_native_bytes: 84314985 new_native_bytes: 38060424 add_bytes_allowed: 33531831 is_gc_concurrent: 1 target_footprint_: 22309358 GetBytesAllocated: 13133304 HeapGrowthMultiplier: 3
12-21 16:58:21.888  3157  3645 I com.miui.home: CheckGCForNative gc_urgency 0.82592 current_native_bytes is 122375409
12-21 16:58:21.888  3157  3645 I cccccc  : getTaskThumbnailInfo: 2460 1.0  10705920
12-21 16:58:21.889  3157  3645 I cccccc  : createTaskSnapshot:
12-21 16:58:21.889  3157  3645 I cccccc  : getTaskSnapshotInstance: 124
12-21 16:58:21.942  3157  3645 I com.miui.home: CheckGCForNative adj_start_bytes: 38944201 NativeAllocationGcWatermark: 11177277 java_gc_start_bytes: 22178286 kNewNativeDiscountFactor: 2 kOldNativeDiscountFactor: 65536 old_native_bytes: 84314985 new_native_bytes: 38061704 add_bytes_allowed: 33531831 is_gc_concurrent: 1 target_footprint_: 22309358 GetBytesAllocated: 13133304 HeapGrowthMultiplier: 3
12-21 16:58:21.942  3157  3645 I com.miui.home: CheckGCForNative gc_urgency 0.825937 current_native_bytes is 122376689
12-21 16:58:21.942  3157  3645 I com.miui.home: CheckGCForNative adj_start_bytes: 38944201 NativeAllocationGcWatermark: 11177277 java_gc_start_bytes: 22178286 kNewNativeDiscountFactor: 2 kOldNativeDiscountFactor: 65536 old_native_bytes: 84314985 new_native_bytes: 48767624 add_bytes_allowed: 33531831 is_gc_concurrent: 1 target_footprint_: 22309358 GetBytesAllocated: 13149896 HeapGrowthMultiplier: 3
12-21 16:58:21.942  3157  3645 I com.miui.home: CheckGCForNative gc_urgency 0.963815 current_native_bytes is 133082609
12-21 16:58:21.942  3157  3645 I cccccc  : getTaskThumbnailInfo: 2460 1.0  10705920
12-21 16:58:22.004  3157  3645 I com.miui.home: CheckGCForNative adj_start_bytes: 38944201 NativeAllocationGcWatermark: 11177277 java_gc_start_bytes: 22178286 kNewNativeDiscountFactor: 2 kOldNativeDiscountFactor: 65536 old_native_bytes: 84314985 new_native_bytes: 38166568 add_bytes_allowed: 33531831 is_gc_concurrent: 1 target_footprint_: 22309358 GetBytesAllocated: 13314568 HeapGrowthMultiplier: 3
12-21 16:58:22.004  3157  3645 I com.miui.home: CheckGCForNative gc_urgency 0.831937 current_native_bytes is 122481553
12-21 16:58:22.044  3157  3645 I com.miui.home: CheckGCForNative adj_start_bytes: 38944201 NativeAllocationGcWatermark: 11177277 java_gc_start_bytes: 22178286 kNewNativeDiscountFactor: 2 kOldNativeDiscountFactor: 65536 old_native_bytes: 84314985 new_native_bytes: 38476520 add_bytes_allowed: 33531831 is_gc_concurrent: 1 target_footprint_: 22309358 GetBytesAllocated: 13511176 HeapGrowthMultiplier: 3
12-21 16:58:22.044  3157  3645 I com.miui.home: CheckGCForNative gc_urgency 0.840965 current_native_bytes is 122791505
12-21 16:58:22.071  3157  3645 I cccccc  : createTaskSnapshot:
12-21 16:58:22.071  3157  3645 I cccccc  : getTaskSnapshotInstance: 126
12-21 16:58:22.082  7706  7706 I wm_on_application_create_called: [0,com.autonavi.minimap,884]
12-21 16:58:22.232  7706  7706 I wm_on_create_called: [0,32785277,com.autonavi.map.activity.SplashActivity,performCreate,139]
12-21 16:58:22.358  3157  3346 D cccccc  : onTaskStackChangedBackground
12-21 16:58:22.359  3157  3347 D cccccc  : onTaskStackChangedBackground
12-21 16:58:22.360  3157  3346 D cccccc  : onTaskStackChangedBackground
12-21 16:58:22.431  3157  3346 I com.miui.home: CheckGCForNative adj_start_bytes: 38944201 NativeAllocationGcWatermark: 11177277 java_gc_start_bytes: 22178286 kNewNativeDiscountFactor: 2 kOldNativeDiscountFactor: 65536 old_native_bytes: 84314985 new_native_bytes: 49316144 add_bytes_allowed: 33531831 is_gc_concurrent: 1 target_footprint_: 22309358 GetBytesAllocated: 14035992 HeapGrowthMultiplier: 3
12-21 16:58:22.431  3157  3346 I com.miui.home: CheckGCForNative gc_urgency 0.99361 current_native_bytes is 133631129
12-21 16:58:22.431  3157  3346 I cccccc  : createTaskSnapshotCompat:
12-21 16:58:22.431  3157  3346 I com.miui.home: CheckGCForNative adj_start_bytes: 38944201 NativeAllocationGcWatermark: 11177277 java_gc_start_bytes: 22178286 kNewNativeDiscountFactor: 2 kOldNativeDiscountFactor: 65536 old_native_bytes: 84314985 new_native_bytes: 60022064 add_bytes_allowed: 33531831 is_gc_concurrent: 1 target_footprint_: 22309358 GetBytesAllocated: 14036184 HeapGrowthMultiplier: 3
12-21 16:58:22.431  3157  3346 I com.miui.home: CheckGCForNative gc_urgency 1.13107 current_native_bytes is 144337049
12-21 16:58:22.431  3157  3346 I com.miui.home: CheckGCForNative requested 1
12-21 16:58:22.431  3157  3346 I cccccc  : getTaskThumbnailInfo: 2460 1.0  10705920
12-21 16:58:22.473  3157  3346 I cccccc  : getTaskSnapshot:
12-21 16:58:22.476  3157  3346 I com.miui.home: CheckGCForNative adj_start_bytes: 38944201 NativeAllocationGcWatermark: 11177277 java_gc_start_bytes: 22178286 kNewNativeDiscountFactor: 2 kOldNativeDiscountFactor: 65536 old_native_bytes: 84314985 new_native_bytes: 60129312 add_bytes_allowed: 33531831 is_gc_concurrent: 1 target_footprint_: 22309358 GetBytesAllocated: 14249256 HeapGrowthMultiplier: 3
12-21 16:58:22.476  3157  3346 I com.miui.home: CheckGCForNative gc_urgency 1.13792 current_native_bytes is 144444297
12-21 16:58:22.477  3157  3346 I com.miui.home: CheckGCForNative requested 1
12-21 16:58:22.482  3157  3157 I cccccc  : createTaskSnapshotCompat:
12-21 16:58:22.490  3157  3157 I cccccc  : getTaskThumbnailInfo: 2460 1.0  10705920
12-21 16:58:22.496  7706  7706 I wm_on_create_called: [0,5326016,com.autonavi.map.activity.NewMapActivity,performCreate,227]
12-21 16:58:22.512  7706  7706 I wm_on_start_called: [0,5326016,com.autonavi.map.activity.NewMapActivity,handleStartActivity,13]
12-21 16:58:22.522  7706  7706 I wm_on_resume_called: [0,5326016,com.autonavi.map.activity.NewMapActivity,RESUME_ACTIVITY,10]
12-21 16:58:22.536  3157  3344 I com.miui.home: CheckGCForNative adj_start_bytes: 38944201 NativeAllocationGcWatermark: 11177277 java_gc_start_bytes: 22178286 kNewNativeDiscountFactor: 2 kOldNativeDiscountFactor: 65536 old_native_bytes: 84314985 new_native_bytes: 49117056 add_bytes_allowed: 33531831 is_gc_concurrent: 1 target_footprint_: 22309358 GetBytesAllocated: 14413288 HeapGrowthMultiplier: 3
12-21 16:58:22.536  3157  3344 I com.miui.home: CheckGCForNative gc_urgency 1.00074 current_native_bytes is 133432041
12-21 16:58:22.536  3157  3344 I com.miui.home: CheckGCForNative requested 1
12-21 16:58:22.564  7706  7706 I wm_on_top_resumed_gained_called: [5326016,com.autonavi.map.activity.NewMapActivity,topStateChangedWhenResumed]
12-21 16:58:22.606  3157  3645 I com.miui.home: CheckGCForNative adj_start_bytes: 38944201 NativeAllocationGcWatermark: 11177277 java_gc_start_bytes: 22178286 kNewNativeDiscountFactor: 2 kOldNativeDiscountFactor: 65536 old_native_bytes: 84314985 new_native_bytes: 49249492 add_bytes_allowed: 33531831 is_gc_concurrent: 1 target_footprint_: 22309358 GetBytesAllocated: 14659048 HeapGrowthMultiplier: 3
12-21 16:58:22.606  3157  3645 I com.miui.home: CheckGCForNative gc_urgency 1.00875 current_native_bytes is 133564477
12-21 16:58:22.606  3157  3645 I com.miui.home: CheckGCForNative requested 1
12-21 16:58:22.633  3157  3178 I com.miui.home: NativeAlloc concurrent copying GC freed 43561(2459KB) AllocSpace objects, 11(284KB) LOS objects, 49% free, 11MB/22MB, paused 372us,27us total 201.028ms
12-21 16:58:22.670  3157  3645 I cccccc  : createTaskSnapshot:
12-21 16:58:22.670  3157  3645 I cccccc  : getTaskSnapshotInstance: 126
12-21 16:58:22.684  3157  3645 I com.miui.home: CheckGCForNative adj_start_bytes: 40475419 NativeAllocationGcWatermark: 11379849 java_gc_start_bytes: 23405646 kNewNativeDiscountFactor: 2 kOldNativeDiscountFactor: 65536 old_native_bytes: 133890653 new_native_bytes: 4961124 add_bytes_allowed: 34139547 is_gc_concurrent: 1 target_footprint_: 23929934 GetBytesAllocated: 12210856 HeapGrowthMultiplier: 3
12-21 16:58:22.684  3157  3645 I com.miui.home: CheckGCForNative gc_urgency 0.363022 current_native_bytes is 138851777
12-21 16:58:22.685  3157  3645 I cccccc  : getTaskThumbnailInfo: 2460 1.0  10705920
12-21 16:58:22.692  3157  3344 I com.miui.home: CheckGCForNative gc_urgency 0 current_native_bytes is 128145089
12-21 16:58:22.757  3157  3645 I com.miui.home: CheckGCForNative adj_start_bytes: 40475419 NativeAllocationGcWatermark: 11379849 java_gc_start_bytes: 23405646 kNewNativeDiscountFactor: 2 kOldNativeDiscountFactor: 65536 old_native_bytes: 128145089 new_native_bytes: 240688 add_bytes_allowed: 34139547 is_gc_concurrent: 1 target_footprint_: 23929934 GetBytesAllocated: 12456968 HeapGrowthMultiplier: 3
12-21 16:58:22.757  3157  3645 I com.miui.home: CheckGCForNative gc_urgency 0.310788 current_native_bytes is 128385777
12-21 16:58:22.801  3157  3645 I com.miui.home: CheckGCForNative adj_start_bytes: 40475419 NativeAllocationGcWatermark: 11379849 java_gc_start_bytes: 23405646 kNewNativeDiscountFactor: 2 kOldNativeDiscountFactor: 65536 old_native_bytes: 128145089 new_native_bytes: 739300 add_bytes_allowed: 34139547 is_gc_concurrent: 1 target_footprint_: 23929934 GetBytesAllocated: 12637192 HeapGrowthMultiplier: 3
12-21 16:58:22.801  3157  3645 I com.miui.home: CheckGCForNative gc_urgency 0.3214 current_native_bytes is 128884389
12-21 16:58:23.030  3157  3343 I cccccc  : createTaskSnapshotCompat:
12-21 16:58:23.122  3157  3597 D cccccc  : onTaskStackChangedBackground
12-21 16:58:23.123  3157  3621 D cccccc  : onTaskStackChangedBackground
12-21 16:58:23.124  3157  3346 D cccccc  : onTaskStackChangedBackground
12-21 16:58:23.233  3157  3645 I com.miui.home: CheckGCForNative adj_start_bytes: 40475419 NativeAllocationGcWatermark: 11379849 java_gc_start_bytes: 23405646 kNewNativeDiscountFactor: 2 kOldNativeDiscountFactor: 65536 old_native_bytes: 128145089 new_native_bytes: 1199616 add_bytes_allowed: 34139547 is_gc_concurrent: 1 target_footprint_: 23929934 GetBytesAllocated: 13522984 HeapGrowthMultiplier: 3
12-21 16:58:23.233  3157  3645 I com.miui.home: CheckGCForNative gc_urgency 0.348971 current_native_bytes is 129344705
12-21 16:58:23.321  3157  8131 I com.miui.home: CheckGCForNative adj_start_bytes: 40475419 NativeAllocationGcWatermark: 11379849 java_gc_start_bytes: 23405646 kNewNativeDiscountFactor: 2 kOldNativeDiscountFactor: 65536 old_native_bytes: 128145089 new_native_bytes: 1284160 add_bytes_allowed: 34139547 is_gc_concurrent: 1 target_footprint_: 23929934 GetBytesAllocated: 13686824 HeapGrowthMultiplier: 3
12-21 16:58:23.321  3157  8131 I com.miui.home: CheckGCForNative gc_urgency 0.354063 current_native_bytes is 129429249
12-21 16:58:23.338  3157  3645 I cccccc  : createTaskSnapshot:
12-21 16:58:23.338  3157  3645 I cccccc  : getTaskSnapshotInstance: 126
12-21 16:58:23.357  3157  3645 I com.miui.home: CheckGCForNative adj_start_bytes: 40475419 NativeAllocationGcWatermark: 11379849 java_gc_start_bytes: 23405646 kNewNativeDiscountFactor: 2 kOldNativeDiscountFactor: 65536 old_native_bytes: 128145089 new_native_bytes: 12043292 add_bytes_allowed: 34139547 is_gc_concurrent: 1 target_footprint_: 23929934 GetBytesAllocated: 13834312 HeapGrowthMultiplier: 3
12-21 16:58:23.357  3157  3645 I com.miui.home: CheckGCForNative gc_urgency 0.490617 current_native_bytes is 140188381
12-21 16:58:23.362  3157  3645 I cccccc  : getTaskThumbnailInfo: 2460 1.0  10705920
12-21 16:58:23.380  3157  3621 D cccccc  : onTaskStackChangedBackground
12-21 16:58:23.380  3157  3346 D cccccc  : onTaskStackChangedBackground
12-21 16:58:23.384  3157  3347 D cccccc  : onTaskStackChangedBackground
12-21 16:58:23.387  3157  8131 I com.miui.home: CheckGCForNative adj_start_bytes: 40475419 NativeAllocationGcWatermark: 11379849 java_gc_start_bytes: 23405646 kNewNativeDiscountFactor: 2 kOldNativeDiscountFactor: 65536 old_native_bytes: 128145089 new_native_bytes: 1352156 add_bytes_allowed: 34139547 is_gc_concurrent: 1 target_footprint_: 23929934 GetBytesAllocated: 13982104 HeapGrowthMultiplier: 3
12-21 16:58:23.387  3157  8131 I com.miui.home: CheckGCForNative gc_urgency 0.362199 current_native_bytes is 129497245
12-21 16:58:23.389  3157  3346 D cccccc  : onTaskStackChangedBackground
12-21 16:58:23.442  7706  7706 I wm_on_top_resumed_lost_called: [5326016,com.autonavi.map.activity.NewMapActivity,topStateChangedWhenResumed]
12-21 16:58:23.450  3157  3645 I com.miui.home: CheckGCForNative adj_start_bytes: 40475419 NativeAllocationGcWatermark: 11379849 java_gc_start_bytes: 23405646 kNewNativeDiscountFactor: 2 kOldNativeDiscountFactor: 65536 old_native_bytes: 128145089 new_native_bytes: 1493148 add_bytes_allowed: 34139547 is_gc_concurrent: 1 target_footprint_: 23929934 GetBytesAllocated: 14260744 HeapGrowthMultiplier: 3
12-21 16:58:23.450  3157  3645 I com.miui.home: CheckGCForNative gc_urgency 0.370824 current_native_bytes is 129638237
12-21 16:58:23.453  7706  7706 I wm_on_paused_called: [0,5326016,com.autonavi.map.activity.NewMapActivity,performPause,6]
12-21 16:58:23.481  3157  3645 I cccccc  : createTaskSnapshot:
12-21 16:58:23.482  3157  3645 I cccccc  : getTaskSnapshotInstance: 127
12-21 16:58:23.558  3157  3344 I com.miui.home: CheckGCForNative adj_start_bytes: 40475419 NativeAllocationGcWatermark: 11379849 java_gc_start_bytes: 23405646 kNewNativeDiscountFactor: 2 kOldNativeDiscountFactor: 65536 old_native_bytes: 128145089 new_native_bytes: 1478488 add_bytes_allowed: 34139547 is_gc_concurrent: 1 target_footprint_: 23929934 GetBytesAllocated: 14539432 HeapGrowthMultiplier: 3
12-21 16:58:23.558  3157  3344 I com.miui.home: CheckGCForNative gc_urgency 0.377529 current_native_bytes is 129623577
12-21 16:58:23.564  3157  3198 D cccccc  : onTaskStackChangedBackground
12-21 16:58:23.569  3157  3346 D cccccc  : onTaskStackChangedBackground
12-21 16:58:23.576  3157  3198 D cccccc  : onTaskStackChangedBackground
12-21 16:58:23.618  3157  3645 I com.miui.home: CheckGCForNative adj_start_bytes: 40475419 NativeAllocationGcWatermark: 11379849 java_gc_start_bytes: 23405646 kNewNativeDiscountFactor: 2 kOldNativeDiscountFactor: 65536 old_native_bytes: 128145089 new_native_bytes: 1703000 add_bytes_allowed: 34139547 is_gc_concurrent: 1 target_footprint_: 23929934 GetBytesAllocated: 14867192 HeapGrowthMultiplier: 3
12-21 16:58:23.618  3157  3645 I com.miui.home: CheckGCForNative gc_urgency 0.3884 current_native_bytes is 129848089
12-21 16:58:23.635  3157  3645 I cccccc  : createTaskSnapshot:
12-21 16:58:23.635  3157  3645 I cccccc  : getTaskSnapshotInstance: 127
12-21 16:58:23.751  3157  3645 I com.miui.home: CheckGCForNative adj_start_bytes: 40475419 NativeAllocationGcWatermark: 11379849 java_gc_start_bytes: 23405646 kNewNativeDiscountFactor: 2 kOldNativeDiscountFactor: 65536 old_native_bytes: 128145089 new_native_bytes: 1787836 add_bytes_allowed: 34139547 is_gc_concurrent: 1 target_footprint_: 23929934 GetBytesAllocated: 15260664 HeapGrowthMultiplier: 3
12-21 16:58:23.751  3157  3645 I com.miui.home: CheckGCForNative gc_urgency 0.399169 current_native_bytes is 129932925
12-21 16:58:23.786  3157  3645 I com.miui.home: CheckGCForNative adj_start_bytes: 40475419 NativeAllocationGcWatermark: 11379849 java_gc_start_bytes: 23405646 kNewNativeDiscountFactor: 2 kOldNativeDiscountFactor: 65536 old_native_bytes: 128145089 new_native_bytes: 2085968 add_bytes_allowed: 34139547 is_gc_concurrent: 1 target_footprint_: 23929934 GetBytesAllocated: 15440888 HeapGrowthMultiplier: 3
12-21 16:58:23.786  3157  3645 I com.miui.home: CheckGCForNative gc_urgency 0.407305 current_native_bytes is 130231057
12-21 16:58:23.792  3157  3645 I cccccc  : createTaskSnapshot:
12-21 16:58:23.792  3157  3645 I cccccc  : getTaskSnapshotInstance: 127
12-21 16:58:24.014  8164  8164 I wm_on_create_called: [0,208505909,fm.qingting.qtradio.WelcomeActivity,performCreate,87]
12-21 16:58:24.015  8164  8164 I wm_on_start_called: [0,208505909,fm.qingting.qtradio.WelcomeActivity,handleStartActivity,0]
12-21 16:58:24.018  8164  8164 I wm_on_resume_called: [0,208505909,fm.qingting.qtradio.WelcomeActivity,RESUME_ACTIVITY,2]
12-21 16:58:24.032  8164  8164 I wm_on_top_resumed_gained_called: [208505909,fm.qingting.qtradio.WelcomeActivity,topStateChangedWhenResumed]
12-21 16:58:24.251  3157  3157 I wm_on_stop_called: [0,87734535,com.miui.home.launcher.Launcher,STOP_ACTIVITY_ITEM,5]
12-21 16:58:24.512  8164  8164 I wm_on_idle_called: fm.qingting.qtradio.WelcomeActivity
12-21 16:58:24.707  3157  3157 I wm_on_restart_called: [0,87734535,com.miui.home.launcher.Launcher,performRestartActivity,0]
12-21 16:58:24.708  3157  3157 I wm_on_start_called: [0,87734535,com.miui.home.launcher.Launcher,handleStartActivity,1]
12-21 16:58:24.761  3157  3347 I cccccc  : getTaskSnapshot:
12-21 16:58:24.762  3157  3347 I com.miui.home: CheckGCForNative adj_start_bytes: 40475419 NativeAllocationGcWatermark: 11379849 java_gc_start_bytes: 23405646 kNewNativeDiscountFactor: 2 kOldNativeDiscountFactor: 65536 old_native_bytes: 128145089 new_native_bytes: 13049272 add_bytes_allowed: 34139547 is_gc_concurrent: 1 target_footprint_: 23929934 GetBytesAllocated: 15973816 HeapGrowthMultiplier: 3
12-21 16:58:24.763  3157  3347 I com.miui.home: CheckGCForNative gc_urgency 0.555903 current_native_bytes is 141194361
12-21 16:58:24.766  3157  3157 I cccccc  : createTaskSnapshotCompat:
12-21 16:58:24.766  3157  3157 I com.miui.home: CheckGCForNative adj_start_bytes: 40475419 NativeAllocationGcWatermark: 11379849 java_gc_start_bytes: 23405646 kNewNativeDiscountFactor: 2 kOldNativeDiscountFactor: 65536 old_native_bytes: 128145089 new_native_bytes: 23760904 add_bytes_allowed: 34139547 is_gc_concurrent: 1 target_footprint_: 23929934 GetBytesAllocated: 16006776 HeapGrowthMultiplier: 3
12-21 16:58:24.766  3157  3157 I com.miui.home: CheckGCForNative gc_urgency 0.68904 current_native_bytes is 151905993
12-21 16:58:24.766  3157  3157 I cccccc  : getTaskThumbnailInfo: 2460 1.0  10705920
12-21 16:58:24.770  3157  3346 I com.miui.home: CheckGCForNative adj_start_bytes: 40475419 NativeAllocationGcWatermark: 11379849 java_gc_start_bytes: 23405646 kNewNativeDiscountFactor: 2 kOldNativeDiscountFactor: 65536 old_native_bytes: 128145089 new_native_bytes: 23762952 add_bytes_allowed: 34139547 is_gc_concurrent: 1 target_footprint_: 23929934 GetBytesAllocated: 16006776 HeapGrowthMultiplier: 3
12-21 16:58:24.770  3157  3346 I com.miui.home: CheckGCForNative gc_urgency 0.689065 current_native_bytes is 151908041
12-21 16:58:24.770  3157  3346 I cccccc  : createTaskSnapshotCompat:
12-21 16:58:24.771  3157  3346 I cccccc  : getTaskThumbnailInfo: 2460 1.0  10705920
12-21 16:58:24.947  3157  3344 I com.miui.home: CheckGCForNative adj_start_bytes: 40475419 NativeAllocationGcWatermark: 11379849 java_gc_start_bytes: 23405646 kNewNativeDiscountFactor: 2 kOldNativeDiscountFactor: 65536 old_native_bytes: 128145089 new_native_bytes: 13000712 add_bytes_allowed: 34139547 is_gc_concurrent: 1 target_footprint_: 23929934 GetBytesAllocated: 16170808 HeapGrowthMultiplier: 3
12-21 16:58:24.947  3157  3344 I com.miui.home: CheckGCForNative gc_urgency 0.56017 current_native_bytes is 141145801
12-21 16:58:25.047  3157  3344 I com.miui.home: CheckGCForNative adj_start_bytes: 40475419 NativeAllocationGcWatermark: 11379849 java_gc_start_bytes: 23405646 kNewNativeDiscountFactor: 2 kOldNativeDiscountFactor: 65536 old_native_bytes: 128145089 new_native_bytes: 13007592 add_bytes_allowed: 34139547 is_gc_concurrent: 1 target_footprint_: 23929934 GetBytesAllocated: 16219960 HeapGrowthMultiplier: 3
12-21 16:58:25.047  3157  3344 I com.miui.home: CheckGCForNative gc_urgency 0.561469 current_native_bytes is 141152681
12-21 16:58:25.279  8164  8164 I wm_on_top_resumed_lost_called: [208505909,fm.qingting.qtradio.WelcomeActivity,topStateChangedWhenResumed]
12-21 16:58:25.301  3157  3157 I wm_on_resume_called: [0,87734535,com.miui.home.launcher.Launcher,RESUME_ACTIVITY,13]
12-21 16:58:25.304  3157  3157 I wm_on_idle_called: com.miui.home.launcher.Launcher
12-21 16:58:25.313  3157  3157 I wm_on_top_resumed_gained_called: [87734535,com.miui.home.launcher.Launcher,topStateChangedWhenResumed]
12-21 16:58:25.314  3157  3343 I cccccc  : createTaskSnapshotCompat:
12-21 16:58:25.316  8164  8164 I wm_on_paused_called: [0,208505909,fm.qingting.qtradio.WelcomeActivity,performPause,11]
12-21 16:58:25.321  8164  8164 I wm_on_stop_called: [0,208505909,fm.qingting.qtradio.WelcomeActivity,STOP_ACTIVITY_ITEM,3]
12-21 16:58:25.397  3157  3198 D cccccc  : onTaskStackChangedBackground
12-21 16:58:25.399  3157  3347 D cccccc  : onTaskStackChangedBackground
12-21 16:58:25.399  3157  3198 D cccccc  : onTaskStackChangedBackground
12-21 16:58:25.438  3157  3645 I com.miui.home: CheckGCForNative adj_start_bytes: 40475419 NativeAllocationGcWatermark: 11379849 java_gc_start_bytes: 23405646 kNewNativeDiscountFactor: 2 kOldNativeDiscountFactor: 65536 old_native_bytes: 128145089 new_native_bytes: 13202232 add_bytes_allowed: 34139547 is_gc_concurrent: 1 target_footprint_: 23929934 GetBytesAllocated: 17384248 HeapGrowthMultiplier: 3
12-21 16:58:25.438  3157  3645 I com.miui.home: CheckGCForNative gc_urgency 0.592639 current_native_bytes is 141347321
12-21 16:58:25.463  3157  3645 I com.miui.home: CheckGCForNative adj_start_bytes: 40475419 NativeAllocationGcWatermark: 11379849 java_gc_start_bytes: 23405646 kNewNativeDiscountFactor: 2 kOldNativeDiscountFactor: 65536 old_native_bytes: 128145089 new_native_bytes: 13370508 add_bytes_allowed: 34139547 is_gc_concurrent: 1 target_footprint_: 23929934 GetBytesAllocated: 17580856 HeapGrowthMultiplier: 3
12-21 16:58:25.463  3157  3645 I com.miui.home: CheckGCForNative gc_urgency 0.599575 current_native_bytes is 141515597
12-21 16:58:25.465  3157  3645 I cccccc  : createTaskSnapshot:
12-21 16:58:25.465  3157  3645 I cccccc  : getTaskSnapshotInstance: 127
12-21 16:58:25.466  3157  3645 I com.miui.home: CheckGCForNative adj_start_bytes: 40475419 NativeAllocationGcWatermark: 11379849 java_gc_start_bytes: 23405646 kNewNativeDiscountFactor: 2 kOldNativeDiscountFactor: 65536 old_native_bytes: 128145089 new_native_bytes: 24079244 add_bytes_allowed: 34139547 is_gc_concurrent: 1 target_footprint_: 23929934 GetBytesAllocated: 17613624 HeapGrowthMultiplier: 3
12-21 16:58:25.466  3157  3645 I com.miui.home: CheckGCForNative gc_urgency 0.732672 current_native_bytes is 152224333
12-21 16:58:25.467  3157  3645 I cccccc  : getTaskThumbnailInfo: 2460 1.0  10705920
12-21 16:58:25.494  3157  3645 I com.miui.home: CheckGCForNative adj_start_bytes: 40475419 NativeAllocationGcWatermark: 11379849 java_gc_start_bytes: 23405646 kNewNativeDiscountFactor: 2 kOldNativeDiscountFactor: 65536 old_native_bytes: 128145089 new_native_bytes: 13870988 add_bytes_allowed: 34139547 is_gc_concurrent: 1 target_footprint_: 23929934 GetBytesAllocated: 17958040 HeapGrowthMultiplier: 3
12-21 16:58:25.495  3157  3645 I com.miui.home: CheckGCForNative gc_urgency 0.615077 current_native_bytes is 142016077
12-21 16:58:25.664  3157  3157 I wm_on_top_resumed_lost_called: [87734535,com.miui.home.launcher.Launcher,topStateChangedWhenResumed]
12-21 16:58:25.679  3157  3157 I wm_on_paused_called: [0,87734535,com.miui.home.launcher.Launcher,performPause,2]
12-21 16:58:25.703  3157  3597 D cccccc  : onTaskStackChangedBackground
12-21 16:58:25.703  3157  3347 D cccccc  : onTaskStackChangedBackground
12-21 16:58:25.704  3157  3347 D cccccc  : onTaskStackChangedBackground
12-21 16:58:25.704  3157  3597 D cccccc  : onTaskStackChangedBackground
12-21 16:58:25.799  3157  3198 D cccccc  : onTaskStackChangedBackground
12-21 16:58:25.799  3157  3597 D cccccc  : onTaskStackChangedBackground
12-21 16:58:25.800  3157  3198 D cccccc  : onTaskStackChangedBackground
12-21 16:58:25.803  3157  3344 I com.miui.home: CheckGCForNative adj_start_bytes: 40475419 NativeAllocationGcWatermark: 11379849 java_gc_start_bytes: 23405646 kNewNativeDiscountFactor: 2 kOldNativeDiscountFactor: 65536 old_native_bytes: 128145089 new_native_bytes: 14321344 add_bytes_allowed: 34139547 is_gc_concurrent: 1 target_footprint_: 23929934 GetBytesAllocated: 18916888 HeapGrowthMultiplier: 3
12-21 16:58:25.803  3157  3344 I com.miui.home: CheckGCForNative gc_urgency 0.64433 current_native_bytes is 142466433
12-21 16:58:25.879  3157  3645 I com.miui.home: CheckGCForNative adj_start_bytes: 40475419 NativeAllocationGcWatermark: 11379849 java_gc_start_bytes: 23405646 kNewNativeDiscountFactor: 2 kOldNativeDiscountFactor: 65536 old_native_bytes: 128145089 new_native_bytes: 14356112 add_bytes_allowed: 34139547 is_gc_concurrent: 1 target_footprint_: 23929934 GetBytesAllocated: 19211800 HeapGrowthMultiplier: 3
12-21 16:58:25.879  3157  3645 I com.miui.home: CheckGCForNative gc_urgency 0.652045 current_native_bytes is 142501201
12-21 16:58:25.888  3157  3645 I cccccc  : createTaskSnapshot:
12-21 16:58:25.890  3157  3645 I cccccc  : getTaskSnapshotInstance: 128
12-21 16:58:25.936  3157  3344 I com.miui.home: CheckGCForNative adj_start_bytes: 40475419 NativeAllocationGcWatermark: 11379849 java_gc_start_bytes: 23405646 kNewNativeDiscountFactor: 2 kOldNativeDiscountFactor: 65536 old_native_bytes: 128145089 new_native_bytes: 14518468 add_bytes_allowed: 34139547 is_gc_concurrent: 1 target_footprint_: 23929934 GetBytesAllocated: 19539704 HeapGrowthMultiplier: 3
12-21 16:58:25.937  3157  3344 I com.miui.home: CheckGCForNative gc_urgency 0.662152 current_native_bytes is 142663557
12-21 16:58:25.946  3157  3645 I com.miui.home: CheckGCForNative adj_start_bytes: 40475419 NativeAllocationGcWatermark: 11379849 java_gc_start_bytes: 23405646 kNewNativeDiscountFactor: 2 kOldNativeDiscountFactor: 65536 old_native_bytes: 128145089 new_native_bytes: 14522244 add_bytes_allowed: 34139547 is_gc_concurrent: 1 target_footprint_: 23929934 GetBytesAllocated: 19588856 HeapGrowthMultiplier: 3
12-21 16:58:25.946  3157  3645 I com.miui.home: CheckGCForNative gc_urgency 0.663413 current_native_bytes is 142667333
12-21 16:58:25.994  3157  3645 I cccccc  : createTaskSnapshot:
12-21 16:58:25.994  3157  3645 I cccccc  : getTaskSnapshotInstance: 128
12-21 16:58:26.704  8544  8544 I wm_on_application_create_called: [0,com.ss.android.ugc.aweme,274]
12-21 16:58:27.180  8544  8544 I wm_on_create_called: [0,97833565,com.ss.android.ugc.aweme.splash.SplashActivity,performCreate,371]
12-21 16:58:27.435  8544  8544 I wm_on_start_called: [0,97833565,com.ss.android.ugc.aweme.splash.SplashActivity,handleStartActivity,254]
12-21 16:58:27.453  8544  8544 I wm_on_resume_called: [0,97833565,com.ss.android.ugc.aweme.splash.SplashActivity,RESUME_ACTIVITY,17]
12-21 16:58:27.524  8544  8544 I wm_on_top_resumed_gained_called: [97833565,com.ss.android.ugc.aweme.splash.SplashActivity,topStateChangedWhenResumed]
12-21 16:58:27.544  8164  8164 I wm_on_destroy_called: [0,208505909,fm.qingting.qtradio.WelcomeActivity,performDestroy,2]
12-21 16:58:28.214  3157  3157 I wm_on_stop_called: [0,87734535,com.miui.home.launcher.Launcher,STOP_ACTIVITY_ITEM,7]
12-21 16:58:28.356  3157  3157 I wm_on_restart_called: [0,87734535,com.miui.home.launcher.Launcher,performRestartActivity,0]
12-21 16:58:28.358  3157  3157 I wm_on_start_called: [0,87734535,com.miui.home.launcher.Launcher,handleStartActivity,1]
12-21 16:58:28.405  3157  3198 I com.miui.home: CheckGCForNative adj_start_bytes: 40475419 NativeAllocationGcWatermark: 11379849 java_gc_start_bytes: 23405646 kNewNativeDiscountFactor: 2 kOldNativeDiscountFactor: 65536 old_native_bytes: 128145089 new_native_bytes: 25230364 add_bytes_allowed: 34139547 is_gc_concurrent: 1 target_footprint_: 23929934 GetBytesAllocated: 20502024 HeapGrowthMultiplier: 3
12-21 16:58:28.405  3157  3198 I com.miui.home: CheckGCForNative gc_urgency 0.818254 current_native_bytes is 153375453
12-21 16:58:28.408  3157  3198 I cccccc  : createTaskSnapshotCompat:
12-21 16:58:28.408  3157  3198 I com.miui.home: CheckGCForNative adj_start_bytes: 40475419 NativeAllocationGcWatermark: 11379849 java_gc_start_bytes: 23405646 kNewNativeDiscountFactor: 2 kOldNativeDiscountFactor: 65536 old_native_bytes: 128145089 new_native_bytes: 35936924 add_bytes_allowed: 34139547 is_gc_concurrent: 1 target_footprint_: 23929934 GetBytesAllocated: 20502216 HeapGrowthMultiplier: 3
12-21 16:58:28.408  3157  3198 I com.miui.home: CheckGCForNative gc_urgency 0.950518 current_native_bytes is 164082013
12-21 16:58:28.409  3157  3198 I cccccc  : getTaskThumbnailInfo: 2460 1.0  10705920
12-21 16:58:28.454  3157  3198 I cccccc  : getTaskSnapshot:
12-21 16:58:28.455  3157  3198 I com.miui.home: CheckGCForNative adj_start_bytes: 40475419 NativeAllocationGcWatermark: 11379849 java_gc_start_bytes: 23405646 kNewNativeDiscountFactor: 2 kOldNativeDiscountFactor: 65536 old_native_bytes: 128145089 new_native_bytes: 35988760 add_bytes_allowed: 34139547 is_gc_concurrent: 1 target_footprint_: 23929934 GetBytesAllocated: 20649784 HeapGrowthMultiplier: 3
12-21 16:58:28.456  3157  3198 I com.miui.home: CheckGCForNative gc_urgency 0.954805 current_native_bytes is 164133849
12-21 16:58:28.467  3157  3157 I cccccc  : createTaskSnapshotCompat:
12-21 16:58:28.468  3157  3157 I cccccc  : getTaskThumbnailInfo: 2460 1.0  10705920
12-21 16:58:28.519  3157  3344 I com.miui.home: CheckGCForNative adj_start_bytes: 40475419 NativeAllocationGcWatermark: 11379849 java_gc_start_bytes: 23405646 kNewNativeDiscountFactor: 2 kOldNativeDiscountFactor: 65536 old_native_bytes: 128145089 new_native_bytes: 25334024 add_bytes_allowed: 34139547 is_gc_concurrent: 1 target_footprint_: 23929934 GetBytesAllocated: 20699128 HeapGrowthMultiplier: 3
12-21 16:58:28.519  3157  3344 I com.miui.home: CheckGCForNative gc_urgency 0.824404 current_native_bytes is 153479113
12-21 16:58:28.875  3157  3344 I com.miui.home: CheckGCForNative adj_start_bytes: 40475419 NativeAllocationGcWatermark: 11379849 java_gc_start_bytes: 23405646 kNewNativeDiscountFactor: 2 kOldNativeDiscountFactor: 65536 old_native_bytes: 128145089 new_native_bytes: 25509120 add_bytes_allowed: 34139547 is_gc_concurrent: 1 target_footprint_: 23929934 GetBytesAllocated: 20912184 HeapGrowthMultiplier: 3
12-21 16:58:28.875  3157  3344 I com.miui.home: CheckGCForNative gc_urgency 0.831831 current_native_bytes is 153654209
12-21 16:58:28.933  3157  3157 I wm_on_resume_called: [0,87734535,com.miui.home.launcher.Launcher,RESUME_ACTIVITY,8]
12-21 16:58:28.945  3157  3157 I wm_on_idle_called: com.miui.home.launcher.Launcher
12-21 16:58:28.959  3157  3343 I cccccc  : createTaskSnapshotCompat:
12-21 16:58:29.042  3157  3198 D cccccc  : onTaskStackChangedBackground
12-21 16:58:29.044  3157  3198 D cccccc  : onTaskStackChangedBackground
12-21 16:58:29.046  3157  3347 D cccccc  : onTaskStackChangedBackground
12-21 16:58:29.083  3157  3645 I com.miui.home: CheckGCForNative adj_start_bytes: 40475419 NativeAllocationGcWatermark: 11379849 java_gc_start_bytes: 23405646 kNewNativeDiscountFactor: 2 kOldNativeDiscountFactor: 65536 old_native_bytes: 128145089 new_native_bytes: 25738852 add_bytes_allowed: 34139547 is_gc_concurrent: 1 target_footprint_: 23929934 GetBytesAllocated: 22174800 HeapGrowthMultiplier: 3
12-21 16:58:29.083  3157  3645 I com.miui.home: CheckGCForNative gc_urgency 0.865863 current_native_bytes is 153883941
12-21 16:58:29.092  3157  3645 I cccccc  : createTaskSnapshot:
12-21 16:58:29.092  3157  3645 I cccccc  : getTaskSnapshotInstance: 128
12-21 16:58:29.093  3157  3645 I com.miui.home: CheckGCForNative adj_start_bytes: 40475419 NativeAllocationGcWatermark: 11379849 java_gc_start_bytes: 23405646 kNewNativeDiscountFactor: 2 kOldNativeDiscountFactor: 65536 old_native_bytes: 128145089 new_native_bytes: 36451876 add_bytes_allowed: 34139547 is_gc_concurrent: 1 target_footprint_: 23929934 GetBytesAllocated: 22289432 HeapGrowthMultiplier: 3
12-21 16:58:29.093  3157  3645 I com.miui.home: CheckGCForNative gc_urgency 1.00104 current_native_bytes is 164596965
12-21 16:58:29.093  3157  3645 I com.miui.home: CheckGCForNative requested 1
12-21 16:58:29.093  3157  3645 I cccccc  : getTaskThumbnailInfo: 2460 1.0  10705920
12-21 16:58:29.105  3157  3645 I com.miui.home: CheckGCForNative adj_start_bytes: 40475419 NativeAllocationGcWatermark: 11379849 java_gc_start_bytes: 23405646 kNewNativeDiscountFactor: 2 kOldNativeDiscountFactor: 65536 old_native_bytes: 128145089 new_native_bytes: 25749980 add_bytes_allowed: 34139547 is_gc_concurrent: 1 target_footprint_: 23929934 GetBytesAllocated: 22453688 HeapGrowthMultiplier: 3
12-21 16:58:29.105  3157  3645 I com.miui.home: CheckGCForNative gc_urgency 0.872891 current_native_bytes is 153895069
12-21 16:58:29.114  3157  3645 I com.miui.home: CheckGCForNative adj_start_bytes: 40475419 NativeAllocationGcWatermark: 11379849 java_gc_start_bytes: 23405646 kNewNativeDiscountFactor: 2 kOldNativeDiscountFactor: 65536 old_native_bytes: 128145089 new_native_bytes: 25973400 add_bytes_allowed: 34139547 is_gc_concurrent: 1 target_footprint_: 23929934 GetBytesAllocated: 22551992 HeapGrowthMultiplier: 3
12-21 16:58:29.114  3157  3645 I com.miui.home: CheckGCForNative gc_urgency 0.87808 current_native_bytes is 154118489
12-21 16:58:29.137  3157  3645 I com.miui.home: CheckGCForNative gc_urgency 0 current_native_bytes is 154066089
12-21 16:58:29.139  3157  3645 I com.miui.home: CheckGCForNative gc_urgency 0 current_native_bytes is 153595861
12-21 16:58:29.418  3157  3157 I wm_on_top_resumed_gained_called: [87734535,com.miui.home.launcher.Launcher,topStateChangedWhenResumed]
12-21 16:58:29.548  3157  3302 I com.miui.home: CheckGCForNative gc_urgency 0 current_native_bytes is 130171293
12-21 16:58:29.575  3157  3157 I wm_on_top_resumed_lost_called: [87734535,com.miui.home.launcher.Launcher,topStateChangedWhenResumed]
12-21 16:58:29.585  3157  3157 I wm_on_paused_called: [0,87734535,com.miui.home.launcher.Launcher,performPause,2]
12-21 16:58:29.588  3157  3347 D cccccc  : onTaskStackChangedBackground
12-21 16:58:29.589  3157  3198 D cccccc  : onTaskStackChangedBackground
12-21 16:58:29.589  3157  3347 D cccccc  : onTaskStackChangedBackground
12-21 16:58:29.591  3157  3198 D cccccc  : onTaskStackChangedBackground
12-21 16:58:29.688  3157  3645 I com.miui.home: CheckGCForNative adj_start_bytes: 40710401 NativeAllocationGcWatermark: 11395991 java_gc_start_bytes: 23616415 kNewNativeDiscountFactor: 2 kOldNativeDiscountFactor: 65536 old_native_bytes: 130171293 new_native_bytes: 576308 add_bytes_allowed: 34187973 is_gc_concurrent: 1 target_footprint_: 24059071 GetBytesAllocated: 13046208 HeapGrowthMultiplier: 3
12-21 16:58:29.690  3157  3645 I com.miui.home: CheckGCForNative gc_urgency 0.327993 current_native_bytes is 130747601
12-21 16:58:29.696  3157  3597 D cccccc  : onTaskStackChangedBackground
12-21 16:58:29.700  3157  3597 D cccccc  : onTaskStackChangedBackground
12-21 16:58:29.700  3157  3347 D cccccc  : onTaskStackChangedBackground
