12-21 16:47:15.992  3166  3658 I com.miui.home: CheckGCForNative adj_start_bytes: 42191013 NativeAllocationGcWatermark: 11535451 java_gc_start_bytes: 24887837 kNewNativeDiscountFactor: 2 kOldNativeDiscountFactor: 65536 old_native_bytes: 151942053 new_native_bytes: 27027216 add_bytes_allowed: 34606353 is_gc_concurrent: 1 target_footprint_: 25174749 GetBytesAllocated: 24028688 HeapGrowthMultiplier: 3
12-21 16:47:15.992  3166  3658 I com.miui.home: CheckGCForNative gc_urgency 0.889872 current_native_bytes is 178969269
12-21 16:47:16.018  3166  3658 I cccccc  : createTaskSnapshot:
12-21 16:47:16.018  3166  3658 I cccccc  : getTaskSnapshotInstance: 109
12-21 16:47:16.043  3166  3658 I com.miui.home: CheckGCForNative adj_start_bytes: 42191013 NativeAllocationGcWatermark: 11535451 java_gc_start_bytes: 24887837 kNewNativeDiscountFactor: 2 kOldNativeDiscountFactor: 65536 old_native_bytes: 151942053 new_native_bytes: 27220068 add_bytes_allowed: 34606353 is_gc_concurrent: 1 target_footprint_: 25174749 GetBytesAllocated: 24488112 HeapGrowthMultiplier: 3
12-21 16:47:16.044  3166  3658 I com.miui.home: CheckGCForNative gc_urgency 0.903047 current_native_bytes is 179162121
12-21 16:47:16.071  3166  3658 I com.miui.home: CheckGCForNative adj_start_bytes: 42191013 NativeAllocationGcWatermark: 11535451 java_gc_start_bytes: 24887837 kNewNativeDiscountFactor: 2 kOldNativeDiscountFactor: 65536 old_native_bytes: 151942053 new_native_bytes: 27414500 add_bytes_allowed: 34606353 is_gc_concurrent: 1 target_footprint_: 25174749 GetBytesAllocated: 24668336 HeapGrowthMultiplier: 3
12-21 16:47:16.071  3166  3658 I com.miui.home: CheckGCForNative gc_urgency 0.909623 current_native_bytes is 179356553
12-21 16:47:16.090  3166  3658 I cccccc  : createTaskSnapshot:
12-21 16:47:16.090  3166  3658 I cccccc  : getTaskSnapshotInstance: 109
12-21 16:47:16.124 13768 13768 I wm_on_create_called: [0,64550654,com.ucpro.BrowserActivity,performCreate,245]
12-21 16:47:16.128 13768 13768 I wm_on_start_called: [0,64550654,com.ucpro.BrowserActivity,handleStartActivity,3]
12-21 16:47:16.133 13768 13768 I wm_on_resume_called: [0,64550654,com.ucpro.BrowserActivity,RESUME_ACTIVITY,5]
12-21 16:47:16.153 13768 13768 I wm_on_top_resumed_gained_called: [64550654,com.ucpro.BrowserActivity,topStateChangedWhenResumed]
12-21 16:47:16.531  3166  3166 I wm_on_stop_called: [0,151440729,com.miui.home.launcher.Launcher,STOP_ACTIVITY_ITEM,3]
12-21 16:47:17.087  3166  3166 I wm_on_restart_called: [0,151440729,com.miui.home.launcher.Launcher,performRestartActivity,0]
12-21 16:47:17.089  3166  3166 I wm_on_start_called: [0,151440729,com.miui.home.launcher.Launcher,handleStartActivity,1]
12-21 16:47:17.199  3166  3649 I com.miui.home: CheckGCForNative gc_urgency 0 current_native_bytes is 173076593
12-21 16:47:17.203  3166  3649 I cccccc  : createTaskSnapshotCompat:
12-21 16:47:17.204  3166  3649 I com.miui.home: CheckGCForNative adj_start_bytes: 42346853 NativeAllocationGcWatermark: 11535451 java_gc_start_bytes: 25043677 kNewNativeDiscountFactor: 2 kOldNativeDiscountFactor: 65536 old_native_bytes: 173076593 new_native_bytes: 10706560 add_bytes_allowed: 34606353 is_gc_concurrent: 1 target_footprint_: 25174749 GetBytesAllocated: 13586816 HeapGrowthMultiplier: 3
12-21 16:47:17.205  3166  3649 I com.miui.home: CheckGCForNative gc_urgency 0.447323 current_native_bytes is 183783153
12-21 16:47:17.205  3166  3649 I cccccc  : getTaskThumbnailInfo: 2460 1.0  10705920
12-21 16:47:17.372  3166  3738 I cccccc  : getTaskSnapshot:
12-21 16:47:17.374  3166  3738 I com.miui.home: CheckGCForNative adj_start_bytes: 42346853 NativeAllocationGcWatermark: 11535451 java_gc_start_bytes: 25043677 kNewNativeDiscountFactor: 2 kOldNativeDiscountFactor: 65536 old_native_bytes: 173076593 new_native_bytes: 10592512 add_bytes_allowed: 34606353 is_gc_concurrent: 1 target_footprint_: 25174749 GetBytesAllocated: 13619680 HeapGrowthMultiplier: 3
12-21 16:47:17.375  3166  3738 I com.miui.home: CheckGCForNative gc_urgency 0.446753 current_native_bytes is 183669105
12-21 16:47:17.375  3166  3166 I cccccc  : createTaskSnapshotCompat:
12-21 16:47:17.376  3166  3166 I cccccc  : getTaskThumbnailInfo: 2460 1.0  10705920
12-21 16:47:17.393  3166  3166 I wm_on_stop_called: [0,151440729,com.miui.home.launcher.Launcher,STOP_ACTIVITY_ITEM,4]
12-21 16:47:17.448 13768 13768 I wm_on_destroy_called: [0,237470139,com.ucpro.MainActivity,performDestroy,53]
12-21 16:47:17.551 14069 14069 I wm_on_application_create_called: [0,com.quark.browser,551]
12-21 16:47:18.174  3166  3166 I wm_on_restart_called: [0,151440729,com.miui.home.launcher.Launcher,performRestartActivity,0]
12-21 16:47:18.175  3166  3166 I wm_on_start_called: [0,151440729,com.miui.home.launcher.Launcher,handleStartActivity,1]
12-21 16:47:18.261  3166  3738 I com.miui.home: CheckGCForNative adj_start_bytes: 42346853 NativeAllocationGcWatermark: 11535451 java_gc_start_bytes: 25043677 kNewNativeDiscountFactor: 2 kOldNativeDiscountFactor: 65536 old_native_bytes: 173076593 new_native_bytes: 10763624 add_bytes_allowed: 34606353 is_gc_concurrent: 1 target_footprint_: 25174749 GetBytesAllocated: 14292064 HeapGrowthMultiplier: 3
12-21 16:47:18.261  3166  3738 I com.miui.home: CheckGCForNative gc_urgency 0.464651 current_native_bytes is 183840217
12-21 16:47:18.261  3166  3738 I cccccc  : createTaskSnapshotCompat:
12-21 16:47:18.262  3166  3738 I com.miui.home: CheckGCForNative adj_start_bytes: 42346853 NativeAllocationGcWatermark: 11535451 java_gc_start_bytes: 25043677 kNewNativeDiscountFactor: 2 kOldNativeDiscountFactor: 65536 old_native_bytes: 173076593 new_native_bytes: 21470184 add_bytes_allowed: 34606353 is_gc_concurrent: 1 target_footprint_: 25174749 GetBytesAllocated: 14292256 HeapGrowthMultiplier: 3
12-21 16:47:18.262  3166  3738 I com.miui.home: CheckGCForNative gc_urgency 0.591071 current_native_bytes is 194546777
12-21 16:47:18.262  3166  3738 I cccccc  : getTaskThumbnailInfo: 2460 1.0  10705920
12-21 16:47:18.264  3166  3738 I cccccc  : getTaskSnapshot:
12-21 16:47:18.265  3166  3738 I com.miui.home: CheckGCForNative adj_start_bytes: 42346853 NativeAllocationGcWatermark: 11535451 java_gc_start_bytes: 25043677 kNewNativeDiscountFactor: 2 kOldNativeDiscountFactor: 65536 old_native_bytes: 173076593 new_native_bytes: 21473320 add_bytes_allowed: 34606353 is_gc_concurrent: 1 target_footprint_: 25174749 GetBytesAllocated: 14292256 HeapGrowthMultiplier: 3
12-21 16:47:18.266  3166  3738 I com.miui.home: CheckGCForNative gc_urgency 0.591108 current_native_bytes is 194549913
12-21 16:47:18.271  3166  3166 I cccccc  : createTaskSnapshotCompat:
12-21 16:47:18.271  3166  3166 I cccccc  : getTaskThumbnailInfo: 2460 1.0  10705920
12-21 16:47:18.371  3166  3166 I wm_on_stop_called: [0,151440729,com.miui.home.launcher.Launcher,STOP_ACTIVITY_ITEM,4]
12-21 16:47:19.040  3166  3166 I wm_on_restart_called: [0,151440729,com.miui.home.launcher.Launcher,performRestartActivity,0]
12-21 16:47:19.041  3166  3166 I wm_on_start_called: [0,151440729,com.miui.home.launcher.Launcher,handleStartActivity,1]
12-21 16:47:19.114  3166  3208 I com.miui.home: CheckGCForNative adj_start_bytes: 42346853 NativeAllocationGcWatermark: 11535451 java_gc_start_bytes: 25043677 kNewNativeDiscountFactor: 2 kOldNativeDiscountFactor: 65536 old_native_bytes: 173076593 new_native_bytes: 21371080 add_bytes_allowed: 34606353 is_gc_concurrent: 1 target_footprint_: 25174749 GetBytesAllocated: 14899232 HeapGrowthMultiplier: 3
12-21 16:47:19.114  3166  3208 I com.miui.home: CheckGCForNative gc_urgency 0.604234 current_native_bytes is 194447673
12-21 16:47:19.114  3166  3208 I cccccc  : createTaskSnapshotCompat:
12-21 16:47:19.115  3166  3208 I com.miui.home: CheckGCForNative adj_start_bytes: 42346853 NativeAllocationGcWatermark: 11535451 java_gc_start_bytes: 25043677 kNewNativeDiscountFactor: 2 kOldNativeDiscountFactor: 65536 old_native_bytes: 173076593 new_native_bytes: 32077000 add_bytes_allowed: 34606353 is_gc_concurrent: 1 target_footprint_: 25174749 GetBytesAllocated: 14915808 HeapGrowthMultiplier: 3
12-21 16:47:19.115  3166  3208 I com.miui.home: CheckGCForNative gc_urgency 0.731033 current_native_bytes is 205153593
12-21 16:47:19.115  3166  3208 I cccccc  : getTaskThumbnailInfo: 2460 1.0  10705920
12-21 16:47:19.123  3166  3208 I cccccc  : getTaskSnapshot:
12-21 16:47:19.123  3166  3208 I com.miui.home: CheckGCForNative adj_start_bytes: 42346853 NativeAllocationGcWatermark: 11535451 java_gc_start_bytes: 25043677 kNewNativeDiscountFactor: 2 kOldNativeDiscountFactor: 65536 old_native_bytes: 173076593 new_native_bytes: 32078344 add_bytes_allowed: 34606353 is_gc_concurrent: 1 target_footprint_: 25174749 GetBytesAllocated: 14932192 HeapGrowthMultiplier: 3
12-21 16:47:19.123  3166  3208 I com.miui.home: CheckGCForNative gc_urgency 0.731436 current_native_bytes is 205154937
12-21 16:47:19.136  3166  3378 I com.miui.home: CheckGCForNative adj_start_bytes: 42346853 NativeAllocationGcWatermark: 11535451 java_gc_start_bytes: 25043677 kNewNativeDiscountFactor: 2 kOldNativeDiscountFactor: 65536 old_native_bytes: 173076593 new_native_bytes: 32080584 add_bytes_allowed: 34606353 is_gc_concurrent: 1 target_footprint_: 25174749 GetBytesAllocated: 14965152 HeapGrowthMultiplier: 3
12-21 16:47:19.137  3166  3378 I com.miui.home: CheckGCForNative gc_urgency 0.732241 current_native_bytes is 205157177
12-21 16:47:19.209  3166  3166 I cccccc  : createTaskSnapshotCompat:
12-21 16:47:19.209  3166  3166 I cccccc  : getTaskThumbnailInfo: 2460 1.0  10705920
12-21 16:47:19.314  3166  3378 I com.miui.home: CheckGCForNative adj_start_bytes: 42346853 NativeAllocationGcWatermark: 11535451 java_gc_start_bytes: 25043677 kNewNativeDiscountFactor: 2 kOldNativeDiscountFactor: 65536 old_native_bytes: 173076593 new_native_bytes: 21502816 add_bytes_allowed: 34606353 is_gc_concurrent: 1 target_footprint_: 25174749 GetBytesAllocated: 15129088 HeapGrowthMultiplier: 3
12-21 16:47:19.315  3166  3378 I com.miui.home: CheckGCForNative gc_urgency 0.611217 current_native_bytes is 194579409
12-21 16:47:19.436 13768 13768 I wm_on_idle_called: com.ucpro.BrowserActivity
12-21 16:47:19.648 13768 13768 I wm_on_top_resumed_lost_called: [64550654,com.ucpro.BrowserActivity,topStateChangedWhenResumed]
12-21 16:47:19.666  3166  3166 I wm_on_resume_called: [0,151440729,com.miui.home.launcher.Launcher,RESUME_ACTIVITY,6]
12-21 16:47:19.667  3166  3166 I wm_on_idle_called: com.miui.home.launcher.Launcher
12-21 16:47:19.684  3166  3377 I cccccc  : createTaskSnapshotCompat:
12-21 16:47:19.685  3166  3166 I wm_on_top_resumed_gained_called: [151440729,com.miui.home.launcher.Launcher,topStateChangedWhenResumed]
12-21 16:47:19.774 13768 13768 I wm_on_paused_called: [0,64550654,com.ucpro.BrowserActivity,performPause,72]
12-21 16:47:19.778  3166  3593 D cccccc  : onTaskStackChangedBackground
12-21 16:47:19.780  3166  3593 D cccccc  : onTaskStackChangedBackground
12-21 16:47:19.781  3166  3738 D cccccc  : onTaskStackChangedBackground
12-21 16:47:19.837  3166  3658 I com.miui.home: CheckGCForNative adj_start_bytes: 42346853 NativeAllocationGcWatermark: 11535451 java_gc_start_bytes: 25043677 kNewNativeDiscountFactor: 2 kOldNativeDiscountFactor: 65536 old_native_bytes: 173076593 new_native_bytes: 21773104 add_bytes_allowed: 34606353 is_gc_concurrent: 1 target_footprint_: 25174749 GetBytesAllocated: 16343008 HeapGrowthMultiplier: 3
12-21 16:47:19.837  3166  3658 I com.miui.home: CheckGCForNative gc_urgency 0.643075 current_native_bytes is 194849697
12-21 16:47:19.850 13768 13768 I wm_on_stop_called: [0,64550654,com.ucpro.BrowserActivity,STOP_ACTIVITY_ITEM,15]
12-21 16:47:19.873  3166  3658 I com.miui.home: CheckGCForNative adj_start_bytes: 42346853 NativeAllocationGcWatermark: 11535451 java_gc_start_bytes: 25043677 kNewNativeDiscountFactor: 2 kOldNativeDiscountFactor: 65536 old_native_bytes: 173076593 new_native_bytes: 23079216 add_bytes_allowed: 34606353 is_gc_concurrent: 1 target_footprint_: 25174749 GetBytesAllocated: 16441392 HeapGrowthMultiplier: 3
12-21 16:47:19.873  3166  3658 I com.miui.home: CheckGCForNative gc_urgency 0.66082 current_native_bytes is 196155809
12-21 16:47:19.886  3166  3658 I com.miui.home: CheckGCForNative adj_start_bytes: 42346853 NativeAllocationGcWatermark: 11535451 java_gc_start_bytes: 25043677 kNewNativeDiscountFactor: 2 kOldNativeDiscountFactor: 65536 old_native_bytes: 173076593 new_native_bytes: 23195472 add_bytes_allowed: 34606353 is_gc_concurrent: 1 target_footprint_: 25174749 GetBytesAllocated: 16539696 HeapGrowthMultiplier: 3
12-21 16:47:19.886  3166  3658 I com.miui.home: CheckGCForNative gc_urgency 0.664514 current_native_bytes is 196272065
12-21 16:47:19.918  3166  3658 I cccccc  : createTaskSnapshot:
12-21 16:47:19.918  3166  3658 I cccccc  : getTaskSnapshotInstance: 109
12-21 16:47:19.920  3166  3658 I com.miui.home: CheckGCForNative adj_start_bytes: 42346853 NativeAllocationGcWatermark: 11535451 java_gc_start_bytes: 25043677 kNewNativeDiscountFactor: 2 kOldNativeDiscountFactor: 65536 old_native_bytes: 173076593 new_native_bytes: 34980892 add_bytes_allowed: 34606353 is_gc_concurrent: 1 target_footprint_: 25174749 GetBytesAllocated: 16703728 HeapGrowthMultiplier: 3
12-21 16:47:19.920  3166  3658 I com.miui.home: CheckGCForNative gc_urgency 0.807541 current_native_bytes is 208057485
12-21 16:47:19.920  3166  3658 I cccccc  : getTaskThumbnailInfo: 2460 1.0  10705920
12-21 16:47:19.957  3166  3658 I com.miui.home: CheckGCForNative adj_start_bytes: 42346853 NativeAllocationGcWatermark: 11535451 java_gc_start_bytes: 25043677 kNewNativeDiscountFactor: 2 kOldNativeDiscountFactor: 65536 old_native_bytes: 173076593 new_native_bytes: 24413500 add_bytes_allowed: 34606353 is_gc_concurrent: 1 target_footprint_: 25174749 GetBytesAllocated: 17015904 HeapGrowthMultiplier: 3
12-21 16:47:19.957  3166  3658 I com.miui.home: CheckGCForNative gc_urgency 0.690141 current_native_bytes is 197490093
