12-21 17:04:56.757  3178  3361 I com.miui.home: CheckGCForNative adj_start_bytes: 41809804 NativeAllocationGcWatermark: 11482409 java_gc_start_bytes: 24586191 kNewNativeDiscountFactor: 2 kOldNativeDiscountFactor: 65536 old_native_bytes: 133677741 new_native_bytes: 25587980 add_bytes_allowed: 34447227 is_gc_concurrent: 1 target_footprint_: 24750415 GetBytesAllocated: 20296680 HeapGrowthMultiplier: 3
12-21 17:04:56.757  3178  3361 I com.miui.home: CheckGCForNative gc_urgency 0.791506 current_native_bytes is 159265721
12-21 17:04:57.046  3178  3361 I com.miui.home: CheckGCForNative adj_start_bytes: 41809804 NativeAllocationGcWatermark: 11482409 java_gc_start_bytes: 24586191 kNewNativeDiscountFactor: 2 kOldNativeDiscountFactor: 65536 old_native_bytes: 133677741 new_native_bytes: 25611404 add_bytes_allowed: 34447227 is_gc_concurrent: 1 target_footprint_: 24750415 GetBytesAllocated: 20444136 HeapGrowthMultiplier: 3
12-21 17:04:57.046  3178  3361 I com.miui.home: CheckGCForNative gc_urgency 0.795313 current_native_bytes is 159289145
12-21 17:04:57.112  3178  3361 I com.miui.home: CheckGCForNative adj_start_bytes: 41809804 NativeAllocationGcWatermark: 11482409 java_gc_start_bytes: 24586191 kNewNativeDiscountFactor: 2 kOldNativeDiscountFactor: 65536 old_native_bytes: 133677741 new_native_bytes: 25596300 add_bytes_allowed: 34447227 is_gc_concurrent: 1 target_footprint_: 24750415 GetBytesAllocated: 20460520 HeapGrowthMultiplier: 3
12-21 17:04:57.112  3178  3361 I com.miui.home: CheckGCForNative gc_urgency 0.795524 current_native_bytes is 159274041
12-21 17:04:57.149  7357  7357 I wm_on_top_resumed_lost_called: [144049359,com.tencent.mm.plugin.account.ui.WelcomeActivity,topStateChangedWhenResumed]
12-21 17:04:57.160  3178  3178 I wm_on_resume_called: [0,239115788,com.miui.home.launcher.Launcher,RESUME_ACTIVITY,6]
12-21 17:04:57.162  3178  3178 I wm_on_idle_called: com.miui.home.launcher.Launcher
12-21 17:04:57.172  3178  3178 I wm_on_top_resumed_gained_called: [239115788,com.miui.home.launcher.Launcher,topStateChangedWhenResumed]
12-21 17:04:57.176  7357  7357 I wm_on_paused_called: [0,144049359,com.tencent.mm.plugin.account.ui.WelcomeActivity,performPause,4]
12-21 17:04:57.181  3178  3360 I cccccc  : createTaskSnapshotCompat:
12-21 17:04:57.220  7357  7357 I wm_on_stop_called: [0,144049359,com.tencent.mm.plugin.account.ui.WelcomeActivity,STOP_ACTIVITY_ITEM,9]
12-21 17:04:57.227  7357  7357 I wm_on_idle_called: com.tencent.mm.plugin.account.ui.WelcomeActivity
12-21 17:04:57.227  7357  7357 I wm_on_idle_called: com.tencent.mm.ui.LauncherUI
12-21 17:04:57.275  3178  3207 D cccccc  : onTaskStackChangedBackground
12-21 17:04:57.276  3178  3218 D cccccc  : onTaskStackChangedBackground
12-21 17:04:57.277  3178  3751 D cccccc  : onTaskStackChangedBackground
12-21 17:04:57.318  3178  3656 I com.miui.home: CheckGCForNative adj_start_bytes: 41809804 NativeAllocationGcWatermark: 11482409 java_gc_start_bytes: 24586191 kNewNativeDiscountFactor: 2 kOldNativeDiscountFactor: 65536 old_native_bytes: 133677741 new_native_bytes: 25904672 add_bytes_allowed: 34447227 is_gc_concurrent: 1 target_footprint_: 24750415 GetBytesAllocated: 21674216 HeapGrowthMultiplier: 3
12-21 17:04:57.318  3178  3656 I com.miui.home: CheckGCForNative gc_urgency 0.828241 current_native_bytes is 159582413
12-21 17:04:57.330  3178  3656 I cccccc  : createTaskSnapshot:
12-21 17:04:57.330  3178  3656 I cccccc  : getTaskSnapshotInstance: 157
12-21 17:04:57.331  3178  3656 I com.miui.home: CheckGCForNative adj_start_bytes: 41809804 NativeAllocationGcWatermark: 11482409 java_gc_start_bytes: 24586191 kNewNativeDiscountFactor: 2 kOldNativeDiscountFactor: 65536 old_native_bytes: 133677741 new_native_bytes: 36697056 add_bytes_allowed: 34447227 is_gc_concurrent: 1 target_footprint_: 24750415 GetBytesAllocated: 21788904 HeapGrowthMultiplier: 3
12-21 17:04:57.331  3178  3656 I com.miui.home: CheckGCForNative gc_urgency 0.960049 current_native_bytes is 170374797
12-21 17:04:57.332  3178  3656 I cccccc  : getTaskThumbnailInfo: 2460 1.0  10705920
12-21 17:04:57.375  3178  3656 I com.miui.home: CheckGCForNative adj_start_bytes: 41809804 NativeAllocationGcWatermark: 11482409 java_gc_start_bytes: 24586191 kNewNativeDiscountFactor: 2 kOldNativeDiscountFactor: 65536 old_native_bytes: 133677741 new_native_bytes: 26265792 add_bytes_allowed: 34447227 is_gc_concurrent: 1 target_footprint_: 24750415 GetBytesAllocated: 22133688 HeapGrowthMultiplier: 3
12-21 17:04:57.375  3178  3656 I com.miui.home: CheckGCForNative gc_urgency 0.843549 current_native_bytes is 159943533
12-21 17:04:57.486  3178  3178 I wm_on_top_resumed_lost_called: [239115788,com.miui.home.launcher.Launcher,topStateChangedWhenResumed]
12-21 17:04:57.493  3178  3178 I wm_on_paused_called: [0,239115788,com.miui.home.launcher.Launcher,performPause,1]
12-21 17:04:57.515  3178  3207 D cccccc  : onTaskStackChangedBackground
12-21 17:04:57.517  3178  3205 D cccccc  : onTaskStackChangedBackground
12-21 17:04:57.519  3178  3218 D cccccc  : onTaskStackChangedBackground
12-21 17:04:57.521  3178  3218 D cccccc  : onTaskStackChangedBackground
12-21 17:04:57.580  3178  3656 I com.miui.home: CheckGCForNative adj_start_bytes: 41809804 NativeAllocationGcWatermark: 11482409 java_gc_start_bytes: 24586191 kNewNativeDiscountFactor: 2 kOldNativeDiscountFactor: 65536 old_native_bytes: 133677741 new_native_bytes: 26483920 add_bytes_allowed: 34447227 is_gc_concurrent: 1 target_footprint_: 24750415 GetBytesAllocated: 22822424 HeapGrowthMultiplier: 3
12-21 17:04:57.580  3178  3656 I com.miui.home: CheckGCForNative gc_urgency 0.862631 current_native_bytes is 160161661
12-21 17:04:57.606  3178  3218 D cccccc  : onTaskStackChangedBackground
12-21 17:04:57.610  3178  3207 D cccccc  : onTaskStackChangedBackground
12-21 17:04:57.610  3178  3218 D cccccc  : onTaskStackChangedBackground
12-21 17:04:57.616  3178  3656 I com.miui.home: CheckGCForNative adj_start_bytes: 41809804 NativeAllocationGcWatermark: 11482409 java_gc_start_bytes: 24586191 kNewNativeDiscountFactor: 2 kOldNativeDiscountFactor: 65536 old_native_bytes: 133677741 new_native_bytes: 26685324 add_bytes_allowed: 34447227 is_gc_concurrent: 1 target_footprint_: 24750415 GetBytesAllocated: 23240312 HeapGrowthMultiplier: 3
12-21 17:04:57.616  3178  3656 I com.miui.home: CheckGCForNative gc_urgency 0.875034 current_native_bytes is 160363065
12-21 17:04:57.637  3178  3656 I cccccc  : createTaskSnapshot:
12-21 17:04:57.637  3178  3656 I cccccc  : getTaskSnapshotInstance: 158
12-21 17:04:57.732  3178  3656 I com.miui.home: CheckGCForNative adj_start_bytes: 41809804 NativeAllocationGcWatermark: 11482409 java_gc_start_bytes: 24586191 kNewNativeDiscountFactor: 2 kOldNativeDiscountFactor: 65536 old_native_bytes: 133677741 new_native_bytes: 26850156 add_bytes_allowed: 34447227 is_gc_concurrent: 1 target_footprint_: 24750415 GetBytesAllocated: 23732376 HeapGrowthMultiplier: 3
12-21 17:04:57.732  3178  3656 I com.miui.home: CheckGCForNative gc_urgency 0.888775 current_native_bytes is 160527897
12-21 17:04:57.760  3178  3656 I com.miui.home: CheckGCForNative adj_start_bytes: 41809804 NativeAllocationGcWatermark: 11482409 java_gc_start_bytes: 24586191 kNewNativeDiscountFactor: 2 kOldNativeDiscountFactor: 65536 old_native_bytes: 133677741 new_native_bytes: 27143264 add_bytes_allowed: 34447227 is_gc_concurrent: 1 target_footprint_: 24750415 GetBytesAllocated: 23945368 HeapGrowthMultiplier: 3
12-21 17:04:57.760  3178  3656 I com.miui.home: CheckGCForNative gc_urgency 0.897374 current_native_bytes is 160821005
12-21 17:04:57.772  3178  3656 I cccccc  : createTaskSnapshot:
12-21 17:04:57.772  3178  3656 I cccccc  : getTaskSnapshotInstance: 158
12-21 17:04:58.174 12260 12260 I wm_on_create_called: [0,115710069,com.sina.weibo.SplashActivity,performCreate,108]
12-21 17:04:58.178 12260 12260 I wm_on_start_called: [0,115710069,com.sina.weibo.SplashActivity,handleStartActivity,4]
12-21 17:04:58.187 12260 12260 I wm_on_resume_called: [0,115710069,com.sina.weibo.SplashActivity,RESUME_ACTIVITY,8]
12-21 17:04:58.213 12260 12260 I wm_on_top_resumed_gained_called: [115710069,com.sina.weibo.SplashActivity,topStateChangedWhenResumed]
12-21 17:04:58.560 12260 12260 I wm_on_top_resumed_lost_called: [115710069,com.sina.weibo.SplashActivity,topStateChangedWhenResumed]
12-21 17:04:58.566 12260 12260 I wm_on_paused_called: [0,115710069,com.sina.weibo.SplashActivity,performPause,0]
12-21 17:04:58.680  3178  3218 D cccccc  : onTaskStackChangedBackground
12-21 17:04:58.683  3178  3207 D cccccc  : onTaskStackChangedBackground
12-21 17:04:58.688  3178  3218 D cccccc  : onTaskStackChangedBackground
12-21 17:04:58.693 12260 12260 I wm_on_create_called: [0,253238374,com.sina.weibo.VisitorMainTabActivity,performCreate,92]
12-21 17:04:58.694 12260 12260 I wm_on_start_called: [0,253238374,com.sina.weibo.VisitorMainTabActivity,handleStartActivity,1]
12-21 17:04:58.697 12350 12350 I wm_on_application_create_called: [0,com.sina.weibo,278]
12-21 17:04:58.827 12260 12260 I wm_on_create_called: [0,0,com.sina.weibo.feed.visitor.VisitorHomeActivity,performCreate,106]
12-21 17:04:58.829  3178  3656 I com.miui.home: CheckGCForNative adj_start_bytes: 41809804 NativeAllocationGcWatermark: 11482409 java_gc_start_bytes: 24586191 kNewNativeDiscountFactor: 2 kOldNativeDiscountFactor: 65536 old_native_bytes: 133677741 new_native_bytes: 27264564 add_bytes_allowed: 34447227 is_gc_concurrent: 1 target_footprint_: 24750415 GetBytesAllocated: 24470456 HeapGrowthMultiplier: 3
12-21 17:04:58.829  3178  3656 I com.miui.home: CheckGCForNative gc_urgency 0.911384 current_native_bytes is 160942305
12-21 17:04:58.831 12260 12260 I wm_on_start_called: [0,0,com.sina.weibo.feed.visitor.VisitorHomeActivity,handleStartActivity,4]
12-21 17:04:58.856 12260 12260 I wm_on_resume_called: [0,0,com.sina.weibo.feed.visitor.VisitorHomeActivity,moveToState-INITIALIZING,25]
12-21 17:04:58.867 12260 12260 I wm_on_resume_called: [0,253238374,com.sina.weibo.VisitorMainTabActivity,RESUME_ACTIVITY,172]
12-21 17:04:58.878 12260 12260 I wm_on_top_resumed_gained_called: [253238374,com.sina.weibo.VisitorMainTabActivity,topStateChangedWhenResumed]
12-21 17:04:58.886  3178  3656 I cccccc  : createTaskSnapshot:
12-21 17:04:58.886  3178  3656 I cccccc  : getTaskSnapshotInstance: 158
12-21 17:04:59.000  3178  3656 I com.miui.home: CheckGCForNative gc_urgency 0 current_native_bytes is 144368489
12-21 17:04:59.005  3178  3656 I com.miui.home: CheckGCForNative adj_start_bytes: 41645804 NativeAllocationGcWatermark: 11482409 java_gc_start_bytes: 24422191 kNewNativeDiscountFactor: 2 kOldNativeDiscountFactor: 65536 old_native_bytes: 144368489 new_native_bytes: 45024 add_bytes_allowed: 34447227 is_gc_concurrent: 1 target_footprint_: 24750415 GetBytesAllocated: 13168272 HeapGrowthMultiplier: 3
12-21 17:04:59.005  3178  3656 I com.miui.home: CheckGCForNative gc_urgency 0.31679 current_native_bytes is 144413513
12-21 17:04:59.069  3178  3656 I cccccc  : createTaskSnapshot:
12-21 17:04:59.069  3178  3656 I cccccc  : getTaskSnapshotInstance: 158
12-21 17:04:59.228 12260 12260 I wm_on_idle_called: com.sina.weibo.VisitorMainTabActivity
12-21 17:04:59.249  3178  3178 I wm_on_stop_called: [0,239115788,com.miui.home.launcher.Launcher,STOP_ACTIVITY_ITEM,4]
12-21 17:04:59.913 12260 12260 I wm_on_stop_called: [0,115710069,com.sina.weibo.SplashActivity,LIFECYCLER_STOP_ACTIVITY,1]
12-21 17:04:59.914 12260 12260 I wm_on_destroy_called: [0,115710069,com.sina.weibo.SplashActivity,performDestroy,0]
12-21 17:05:00.021  3178  3178 I wm_on_restart_called: [0,239115788,com.miui.home.launcher.Launcher,performRestartActivity,0]
12-21 17:05:00.022  3178  3178 I wm_on_start_called: [0,239115788,com.miui.home.launcher.Launcher,handleStartActivity,1]
12-21 17:05:00.097  3178  3207 I com.miui.home: CheckGCForNative adj_start_bytes: 41645804 NativeAllocationGcWatermark: 11482409 java_gc_start_bytes: 24422191 kNewNativeDiscountFactor: 2 kOldNativeDiscountFactor: 65536 old_native_bytes: 144368489 new_native_bytes: 11851552 add_bytes_allowed: 34447227 is_gc_concurrent: 1 target_footprint_: 24750415 GetBytesAllocated: 14422336 HeapGrowthMultiplier: 3
12-21 17:05:00.098  3178  3207 I com.miui.home: CheckGCForNative gc_urgency 0.488652 current_native_bytes is 156220041
12-21 17:05:00.106  3178  3207 I cccccc  : createTaskSnapshotCompat:
12-21 17:05:00.108  3178  3207 I com.miui.home: CheckGCForNative adj_start_bytes: 41645804 NativeAllocationGcWatermark: 11482409 java_gc_start_bytes: 24422191 kNewNativeDiscountFactor: 2 kOldNativeDiscountFactor: 65536 old_native_bytes: 144368489 new_native_bytes: 22558112 add_bytes_allowed: 34447227 is_gc_concurrent: 1 target_footprint_: 24750415 GetBytesAllocated: 14455296 HeapGrowthMultiplier: 3
12-21 17:05:00.108  3178  3207 I com.miui.home: CheckGCForNative gc_urgency 0.617987 current_native_bytes is 166926601
12-21 17:05:00.109  3178  3207 I cccccc  : getTaskThumbnailInfo: 2460 1.0  10705920
12-21 17:05:00.118  3178  3361 I com.miui.home: CheckGCForNative adj_start_bytes: 41645804 NativeAllocationGcWatermark: 11482409 java_gc_start_bytes: 24422191 kNewNativeDiscountFactor: 2 kOldNativeDiscountFactor: 65536 old_native_bytes: 144368489 new_native_bytes: 11852896 add_bytes_allowed: 34447227 is_gc_concurrent: 1 target_footprint_: 24750415 GetBytesAllocated: 14471680 HeapGrowthMultiplier: 3
12-21 17:05:00.118  3178  3361 I com.miui.home: CheckGCForNative gc_urgency 0.489853 current_native_bytes is 156221385
12-21 17:05:00.135  3178  3361 I com.miui.home: CheckGCForNative adj_start_bytes: 41645804 NativeAllocationGcWatermark: 11482409 java_gc_start_bytes: 24422191 kNewNativeDiscountFactor: 2 kOldNativeDiscountFactor: 65536 old_native_bytes: 144368489 new_native_bytes: 11857172 add_bytes_allowed: 34447227 is_gc_concurrent: 1 target_footprint_: 24750415 GetBytesAllocated: 14520832 HeapGrowthMultiplier: 3
12-21 17:05:00.135  3178  3361 I com.miui.home: CheckGCForNative gc_urgency 0.491085 current_native_bytes is 156225661
12-21 17:05:00.203  3178  3207 I cccccc  : getTaskSnapshot:
12-21 17:05:00.205  3178  3207 I com.miui.home: CheckGCForNative adj_start_bytes: 41645804 NativeAllocationGcWatermark: 11482409 java_gc_start_bytes: 24422191 kNewNativeDiscountFactor: 2 kOldNativeDiscountFactor: 65536 old_native_bytes: 144368489 new_native_bytes: 22580916 add_bytes_allowed: 34447227 is_gc_concurrent: 1 target_footprint_: 24750415 GetBytesAllocated: 14553600 HeapGrowthMultiplier: 3
12-21 17:05:00.216  3178  3207 I com.miui.home: CheckGCForNative gc_urgency 0.620621 current_native_bytes is 166949405
12-21 17:05:00.216  3178  3178 I cccccc  : createTaskSnapshotCompat:
12-21 17:05:00.217  3178  3178 I cccccc  : getTaskThumbnailInfo: 2460 1.0  10705920
12-21 17:05:00.457  3178  3361 I com.miui.home: CheckGCForNative adj_start_bytes: 41645804 NativeAllocationGcWatermark: 11482409 java_gc_start_bytes: 24422191 kNewNativeDiscountFactor: 2 kOldNativeDiscountFactor: 65536 old_native_bytes: 144368489 new_native_bytes: 11894676 add_bytes_allowed: 34447227 is_gc_concurrent: 1 target_footprint_: 24750415 GetBytesAllocated: 14684944 HeapGrowthMultiplier: 3
12-21 17:05:00.457  3178  3361 I com.miui.home: CheckGCForNative gc_urgency 0.495476 current_native_bytes is 156263165
12-21 17:05:00.657  3178  3178 I wm_on_resume_called: [0,239115788,com.miui.home.launcher.Launcher,RESUME_ACTIVITY,9]
12-21 17:05:00.659  3178  3178 I wm_on_idle_called: com.miui.home.launcher.Launcher
12-21 17:05:00.747  3178  3360 I cccccc  : createTaskSnapshotCompat:
12-21 17:05:00.811  3178  3205 D cccccc  : onTaskStackChangedBackground
12-21 17:05:00.813  3178  3218 D cccccc  : onTaskStackChangedBackground
12-21 17:05:00.814  3178  3207 D cccccc  : onTaskStackChangedBackground
12-21 17:05:00.859  3178  3656 I com.miui.home: CheckGCForNative adj_start_bytes: 41645804 NativeAllocationGcWatermark: 11482409 java_gc_start_bytes: 24422191 kNewNativeDiscountFactor: 2 kOldNativeDiscountFactor: 65536 old_native_bytes: 144368489 new_native_bytes: 12301492 add_bytes_allowed: 34447227 is_gc_concurrent: 1 target_footprint_: 24750415 GetBytesAllocated: 15898688 HeapGrowthMultiplier: 3
12-21 17:05:00.859  3178  3656 I com.miui.home: CheckGCForNative gc_urgency 0.529504 current_native_bytes is 156669981
12-21 17:05:00.894  3178  3656 I cccccc  : createTaskSnapshot:
12-21 17:05:00.894  3178  3656 I cccccc  : getTaskSnapshotInstance: 158
12-21 17:05:00.897  3178  3656 I com.miui.home: CheckGCForNative adj_start_bytes: 41645804 NativeAllocationGcWatermark: 11482409 java_gc_start_bytes: 24422191 kNewNativeDiscountFactor: 2 kOldNativeDiscountFactor: 65536 old_native_bytes: 144368489 new_native_bytes: 23198216 add_bytes_allowed: 34447227 is_gc_concurrent: 1 target_footprint_: 24750415 GetBytesAllocated: 16128064 HeapGrowthMultiplier: 3
12-21 17:05:00.897  3178  3656 I com.miui.home: CheckGCForNative gc_urgency 0.665838 current_native_bytes is 167566705
12-21 17:05:00.898  3178  3656 I cccccc  : getTaskThumbnailInfo: 2460 1.0  10705920
12-21 17:05:00.923  3178  3656 I com.miui.home: CheckGCForNative adj_start_bytes: 41645804 NativeAllocationGcWatermark: 11482409 java_gc_start_bytes: 24422191 kNewNativeDiscountFactor: 2 kOldNativeDiscountFactor: 65536 old_native_bytes: 144368489 new_native_bytes: 12494856 add_bytes_allowed: 34447227 is_gc_concurrent: 1 target_footprint_: 24750415 GetBytesAllocated: 16325408 HeapGrowthMultiplier: 3
12-21 17:05:00.923  3178  3656 I com.miui.home: CheckGCForNative gc_urgency 0.542072 current_native_bytes is 156863345
12-21 17:05:00.948  3178  3656 I com.miui.home: CheckGCForNative adj_start_bytes: 41645804 NativeAllocationGcWatermark: 11482409 java_gc_start_bytes: 24422191 kNewNativeDiscountFactor: 2 kOldNativeDiscountFactor: 65536 old_native_bytes: 144368489 new_native_bytes: 12685564 add_bytes_allowed: 34447227 is_gc_concurrent: 1 target_footprint_: 24750415 GetBytesAllocated: 16571168 HeapGrowthMultiplier: 3
12-21 17:05:00.948  3178  3656 I com.miui.home: CheckGCForNative gc_urgency 0.550263 current_native_bytes is 157054053
12-21 17:05:01.162  3178  3178 I wm_on_paused_called: [0,239115788,com.miui.home.launcher.Launcher,performPause,2]
12-21 17:05:01.165 12260 12260 I wm_on_top_resumed_lost_called: [253238374,com.sina.weibo.VisitorMainTabActivity,topStateChangedWhenResumed]
12-21 17:05:01.170  3178  3207 D cccccc  : onTaskStackChangedBackground
12-21 17:05:01.172  3178  3207 D cccccc  : onTaskStackChangedBackground
12-21 17:05:01.176  3178  3205 D cccccc  : onTaskStackChangedBackground
12-21 17:05:01.178  3178  3205 D cccccc  : onTaskStackChangedBackground
12-21 17:05:01.196 12260 12260 I wm_on_paused_called: [0,0,com.sina.weibo.feed.visitor.VisitorHomeActivity,performPause,14]
12-21 17:05:01.197 12260 12260 I wm_on_paused_called: [0,253238374,com.sina.weibo.VisitorMainTabActivity,performPause,19]
12-21 17:05:01.273  3178  3656 I com.miui.home: CheckGCForNative adj_start_bytes: 41645804 NativeAllocationGcWatermark: 11482409 java_gc_start_bytes: 24422191 kNewNativeDiscountFactor: 2 kOldNativeDiscountFactor: 65536 old_native_bytes: 144368489 new_native_bytes: 13047040 add_bytes_allowed: 34447227 is_gc_concurrent: 1 target_footprint_: 24750415 GetBytesAllocated: 17374672 HeapGrowthMultiplier: 3
12-21 17:05:01.273  3178  3656 I com.miui.home: CheckGCForNative gc_urgency 0.573897 current_native_bytes is 157415529
12-21 17:05:01.312  3178  3218 D cccccc  : onTaskStackChangedBackground
12-21 17:05:01.313  3178  3205 D cccccc  : onTaskStackChangedBackground
12-21 17:05:01.314  3178 12734 D cccccc  : onTaskStackChangedBackground
12-21 17:05:01.368  3178  3361 I com.miui.home: CheckGCForNative adj_start_bytes: 41645804 NativeAllocationGcWatermark: 11482409 java_gc_start_bytes: 24422191 kNewNativeDiscountFactor: 2 kOldNativeDiscountFactor: 65536 old_native_bytes: 144368489 new_native_bytes: 13242204 add_bytes_allowed: 34447227 is_gc_concurrent: 1 target_footprint_: 24750415 GetBytesAllocated: 17841872 HeapGrowthMultiplier: 3
12-21 17:05:01.368  3178  3361 I com.miui.home: CheckGCForNative gc_urgency 0.587458 current_native_bytes is 157610693
12-21 17:05:01.375 12260 12260 I wm_on_stop_called: [0,0,com.sina.weibo.feed.visitor.VisitorHomeActivity,moveToState-STARTED,152]
12-21 17:05:01.375 12260 12260 I wm_on_stop_called: [0,253238374,com.sina.weibo.VisitorMainTabActivity,STOP_ACTIVITY_ITEM,155]
12-21 17:05:01.423  3178  3361 I com.miui.home: CheckGCForNative adj_start_bytes: 41645804 NativeAllocationGcWatermark: 11482409 java_gc_start_bytes: 24422191 kNewNativeDiscountFactor: 2 kOldNativeDiscountFactor: 65536 old_native_bytes: 144368489 new_native_bytes: 13247196 add_bytes_allowed: 34447227 is_gc_concurrent: 1 target_footprint_: 24750415 GetBytesAllocated: 17874640 HeapGrowthMultiplier: 3
12-21 17:05:01.424  3178  3361 I com.miui.home: CheckGCForNative gc_urgency 0.588305 current_native_bytes is 157615685
12-21 17:05:01.545  3178  3656 I com.miui.home: CheckGCForNative adj_start_bytes: 41645804 NativeAllocationGcWatermark: 11482409 java_gc_start_bytes: 24422191 kNewNativeDiscountFactor: 2 kOldNativeDiscountFactor: 65536 old_native_bytes: 144368489 new_native_bytes: 13217020 add_bytes_allowed: 34447227 is_gc_concurrent: 1 target_footprint_: 24750415 GetBytesAllocated: 18202768 HeapGrowthMultiplier: 3
12-21 17:05:01.545  3178  3656 I com.miui.home: CheckGCForNative gc_urgency 0.595822 current_native_bytes is 157585509
12-21 17:05:01.588  3178  3656 I cccccc  : createTaskSnapshot:
12-21 17:05:01.588  3178  3656 I cccccc  : getTaskSnapshotInstance: 159
12-21 17:05:02.115 12735 12735 I wm_on_create_called: [0,138419771,com.UCMobile.main.UCMobile,performCreate,177]
12-21 17:05:02.214 12735 12735 I wm_on_create_called: [0,234362331,com.uc.browser.InnerUCMobile,performCreate,28]
12-21 17:05:02.218 12735 12735 I wm_on_start_called: [0,234362331,com.uc.browser.InnerUCMobile,handleStartActivity,3]
12-21 17:05:02.225 12735 12735 I wm_on_resume_called: [0,234362331,com.uc.browser.InnerUCMobile,RESUME_ACTIVITY,6]
12-21 17:05:02.259 12735 12735 I wm_on_top_resumed_gained_called: [234362331,com.uc.browser.InnerUCMobile,topStateChangedWhenResumed]
12-21 17:05:02.268  3178  3205 D cccccc  : onTaskStackChangedBackground
12-21 17:05:02.270  3178  3205 D cccccc  : onTaskStackChangedBackground
12-21 17:05:02.271  3178  3205 D cccccc  : onTaskStackChangedBackground
12-21 17:05:02.355  3178  3656 I com.miui.home: CheckGCForNative adj_start_bytes: 41645804 NativeAllocationGcWatermark: 11482409 java_gc_start_bytes: 24422191 kNewNativeDiscountFactor: 2 kOldNativeDiscountFactor: 65536 old_native_bytes: 144368489 new_native_bytes: 13507792 add_bytes_allowed: 34447227 is_gc_concurrent: 1 target_footprint_: 24750415 GetBytesAllocated: 18695104 HeapGrowthMultiplier: 3
12-21 17:05:02.355  3178  3656 I com.miui.home: CheckGCForNative gc_urgency 0.611135 current_native_bytes is 157876281
12-21 17:05:02.390  3178  3656 I cccccc  : createTaskSnapshot:
12-21 17:05:02.390  3178  3656 I cccccc  : getTaskSnapshotInstance: 159
12-21 17:05:02.431  3178  3656 I com.miui.home: CheckGCForNative adj_start_bytes: 41645804 NativeAllocationGcWatermark: 11482409 java_gc_start_bytes: 24422191 kNewNativeDiscountFactor: 2 kOldNativeDiscountFactor: 65536 old_native_bytes: 144368489 new_native_bytes: 13747172 add_bytes_allowed: 34447227 is_gc_concurrent: 1 target_footprint_: 24750415 GetBytesAllocated: 19138336 HeapGrowthMultiplier: 3
12-21 17:05:02.431  3178  3656 I com.miui.home: CheckGCForNative gc_urgency 0.624652 current_native_bytes is 158115661
12-21 17:05:02.459  3178  3656 I com.miui.home: CheckGCForNative adj_start_bytes: 41645804 NativeAllocationGcWatermark: 11482409 java_gc_start_bytes: 24422191 kNewNativeDiscountFactor: 2 kOldNativeDiscountFactor: 65536 old_native_bytes: 144368489 new_native_bytes: 14044440 add_bytes_allowed: 34447227 is_gc_concurrent: 1 target_footprint_: 24750415 GetBytesAllocated: 19367712 HeapGrowthMultiplier: 3
12-21 17:05:02.459  3178  3656 I com.miui.home: CheckGCForNative gc_urgency 0.633729 current_native_bytes is 158412929
12-21 17:05:02.478  3178  3656 I cccccc  : createTaskSnapshot:
12-21 17:05:02.478  3178  3656 I cccccc  : getTaskSnapshotInstance: 159
12-21 17:05:02.580  3178  3178 I wm_on_stop_called: [0,239115788,com.miui.home.launcher.Launcher,STOP_ACTIVITY_ITEM,3]
12-21 17:05:02.655 12735 12735 I wm_on_destroy_called: [0,138419771,com.UCMobile.main.UCMobile,performDestroy,0]
12-21 17:05:03.125  3178  3178 I wm_on_restart_called: [0,239115788,com.miui.home.launcher.Launcher,performRestartActivity,0]
12-21 17:05:03.126  3178  3178 I wm_on_start_called: [0,239115788,com.miui.home.launcher.Launcher,handleStartActivity,1]
12-21 17:05:03.198  3178 12734 I com.miui.home: CheckGCForNative adj_start_bytes: 41645804 NativeAllocationGcWatermark: 11482409 java_gc_start_bytes: 24422191 kNewNativeDiscountFactor: 2 kOldNativeDiscountFactor: 65536 old_native_bytes: 144368489 new_native_bytes: 24953360 add_bytes_allowed: 34447227 is_gc_concurrent: 1 target_footprint_: 24750415 GetBytesAllocated: 20343040 HeapGrowthMultiplier: 3
12-21 17:05:03.198  3178 12734 I com.miui.home: CheckGCForNative gc_urgency 0.788121 current_native_bytes is 169321849
12-21 17:05:03.198  3178 12734 I cccccc  : createTaskSnapshotCompat:
12-21 17:05:03.198  3178 12734 I com.miui.home: CheckGCForNative adj_start_bytes: 41645804 NativeAllocationGcWatermark: 11482409 java_gc_start_bytes: 24422191 kNewNativeDiscountFactor: 2 kOldNativeDiscountFactor: 65536 old_native_bytes: 144368489 new_native_bytes: 35659312 add_bytes_allowed: 34447227 is_gc_concurrent: 1 target_footprint_: 24750415 GetBytesAllocated: 20343232 HeapGrowthMultiplier: 3
12-21 17:05:03.198  3178 12734 I com.miui.home: CheckGCForNative gc_urgency 0.916661 current_native_bytes is 180027801
12-21 17:05:03.198  3178 12734 I cccccc  : getTaskThumbnailInfo: 2460 1.0  10705920
12-21 17:05:03.276  3178 12734 I cccccc  : getTaskSnapshot:
12-21 17:05:03.276  3178 12734 I com.miui.home: CheckGCForNative adj_start_bytes: 41645804 NativeAllocationGcWatermark: 11482409 java_gc_start_bytes: 24422191 kNewNativeDiscountFactor: 2 kOldNativeDiscountFactor: 65536 old_native_bytes: 144368489 new_native_bytes: 35649360 add_bytes_allowed: 34447227 is_gc_concurrent: 1 target_footprint_: 24750415 GetBytesAllocated: 20425152 HeapGrowthMultiplier: 3
12-21 17:05:03.276  3178 12734 I com.miui.home: CheckGCForNative gc_urgency 0.918509 current_native_bytes is 180017849
12-21 17:05:03.276  3178  3178 I cccccc  : createTaskSnapshotCompat:
12-21 17:05:03.277  3178  3178 I cccccc  : getTaskThumbnailInfo: 2460 1.0  10705920
12-21 17:05:03.424  3178  3361 I com.miui.home: CheckGCForNative adj_start_bytes: 41645804 NativeAllocationGcWatermark: 11482409 java_gc_start_bytes: 24422191 kNewNativeDiscountFactor: 2 kOldNativeDiscountFactor: 65536 old_native_bytes: 144368489 new_native_bytes: 24955664 add_bytes_allowed: 34447227 is_gc_concurrent: 1 target_footprint_: 24750415 GetBytesAllocated: 20655136 HeapGrowthMultiplier: 3
12-21 17:05:03.424  3178  3361 I com.miui.home: CheckGCForNative gc_urgency 0.795642 current_native_bytes is 169324153
12-21 17:05:03.524  3178  3361 I com.miui.home: CheckGCForNative adj_start_bytes: 41645804 NativeAllocationGcWatermark: 11482409 java_gc_start_bytes: 24422191 kNewNativeDiscountFactor: 2 kOldNativeDiscountFactor: 65536 old_native_bytes: 144368489 new_native_bytes: 24965136 add_bytes_allowed: 34447227 is_gc_concurrent: 1 target_footprint_: 24750415 GetBytesAllocated: 20704288 HeapGrowthMultiplier: 3
12-21 17:05:03.524  3178  3361 I com.miui.home: CheckGCForNative gc_urgency 0.796936 current_native_bytes is 169333625
12-21 17:05:03.769  3178  3178 I wm_on_resume_called: [0,239115788,com.miui.home.launcher.Launcher,RESUME_ACTIVITY,4]
12-21 17:05:03.771  3178  3178 I wm_on_idle_called: com.miui.home.launcher.Launcher
12-21 17:05:03.802  3178  3360 I cccccc  : createTaskSnapshotCompat:
12-21 17:05:03.902  3178  3218 D cccccc  : onTaskStackChangedBackground
12-21 17:05:03.904  3178 12734 D cccccc  : onTaskStackChangedBackground
12-21 17:05:03.912  3178  3218 D cccccc  : onTaskStackChangedBackground
12-21 17:05:03.942  3178  3656 I com.miui.home: CheckGCForNative adj_start_bytes: 41645804 NativeAllocationGcWatermark: 11482409 java_gc_start_bytes: 24422191 kNewNativeDiscountFactor: 2 kOldNativeDiscountFactor: 65536 old_native_bytes: 144368489 new_native_bytes: 25042976 add_bytes_allowed: 34447227 is_gc_concurrent: 1 target_footprint_: 24750415 GetBytesAllocated: 21803376 HeapGrowthMultiplier: 3
12-21 17:05:03.942  3178  3656 I com.miui.home: CheckGCForNative gc_urgency 0.824262 current_native_bytes is 169411465
12-21 17:05:03.978  3178  3656 I com.miui.home: CheckGCForNative adj_start_bytes: 41645804 NativeAllocationGcWatermark: 11482409 java_gc_start_bytes: 24422191 kNewNativeDiscountFactor: 2 kOldNativeDiscountFactor: 65536 old_native_bytes: 144368489 new_native_bytes: 25384980 add_bytes_allowed: 34447227 is_gc_concurrent: 1 target_footprint_: 24750415 GetBytesAllocated: 22016368 HeapGrowthMultiplier: 3
12-21 17:05:03.978  3178  3656 I com.miui.home: CheckGCForNative gc_urgency 0.833483 current_native_bytes is 169753469
12-21 17:05:03.995  3178  3656 I cccccc  : createTaskSnapshot:
12-21 17:05:03.995  3178  3656 I cccccc  : getTaskSnapshotInstance: 159
12-21 17:05:03.996  3178  3656 I com.miui.home: CheckGCForNative adj_start_bytes: 41645804 NativeAllocationGcWatermark: 11482409 java_gc_start_bytes: 24422191 kNewNativeDiscountFactor: 2 kOldNativeDiscountFactor: 65536 old_native_bytes: 144368489 new_native_bytes: 36179348 add_bytes_allowed: 34447227 is_gc_concurrent: 1 target_footprint_: 24750415 GetBytesAllocated: 22131056 HeapGrowthMultiplier: 3
12-21 17:05:03.997  3178  3656 I com.miui.home: CheckGCForNative gc_urgency 0.965834 current_native_bytes is 180547837
12-21 17:05:03.998  3178  3656 I cccccc  : getTaskThumbnailInfo: 2460 1.0  10705920
12-21 17:05:04.074  3178  3656 I com.miui.home: CheckGCForNative adj_start_bytes: 41645804 NativeAllocationGcWatermark: 11482409 java_gc_start_bytes: 24422191 kNewNativeDiscountFactor: 2 kOldNativeDiscountFactor: 65536 old_native_bytes: 144368489 new_native_bytes: 25583604 add_bytes_allowed: 34447227 is_gc_concurrent: 1 target_footprint_: 24750415 GetBytesAllocated: 22525040 HeapGrowthMultiplier: 3
12-21 17:05:04.074  3178  3656 I com.miui.home: CheckGCForNative gc_urgency 0.848082 current_native_bytes is 169952093
12-21 17:05:04.166  3178  3178 I wm_on_paused_called: [0,239115788,com.miui.home.launcher.Launcher,performPause,2]
12-21 17:05:04.173 12735 12735 I wm_on_top_resumed_lost_called: [234362331,com.uc.browser.InnerUCMobile,topStateChangedWhenResumed]
12-21 17:05:04.246  3178  3205 D cccccc  : onTaskStackChangedBackground
12-21 17:05:04.248  3178  3218 D cccccc  : onTaskStackChangedBackground
12-21 17:05:04.249  3178  3218 D cccccc  : onTaskStackChangedBackground
12-21 17:05:04.252  3178  3205 D cccccc  : onTaskStackChangedBackground
12-21 17:05:04.315  3178  3205 D cccccc  : onTaskStackChangedBackground
12-21 17:05:04.316  3178  3205 D cccccc  : onTaskStackChangedBackground
12-21 17:05:04.317  3178 12734 D cccccc  : onTaskStackChangedBackground
12-21 17:05:04.327 12735 12735 I wm_on_paused_called: [0,234362331,com.uc.browser.InnerUCMobile,performPause,151]
12-21 17:05:04.346  3178  3361 I com.miui.home: CheckGCForNative adj_start_bytes: 41645804 NativeAllocationGcWatermark: 11482409 java_gc_start_bytes: 24422191 kNewNativeDiscountFactor: 2 kOldNativeDiscountFactor: 65536 old_native_bytes: 144368489 new_native_bytes: 25931292 add_bytes_allowed: 34447227 is_gc_concurrent: 1 target_footprint_: 24750415 GetBytesAllocated: 23287216 HeapGrowthMultiplier: 3
12-21 17:05:04.346  3178  3361 I com.miui.home: CheckGCForNative gc_urgency 0.870557 current_native_bytes is 170299781
12-21 17:05:04.405  3178  3656 I com.miui.home: CheckGCForNative adj_start_bytes: 41645804 NativeAllocationGcWatermark: 11482409 java_gc_start_bytes: 24422191 kNewNativeDiscountFactor: 2 kOldNativeDiscountFactor: 65536 old_native_bytes: 144368489 new_native_bytes: 26028428 add_bytes_allowed: 34447227 is_gc_concurrent: 1 target_footprint_: 24750415 GetBytesAllocated: 23615344 HeapGrowthMultiplier: 3
12-21 17:05:04.405  3178  3656 I com.miui.home: CheckGCForNative gc_urgency 0.879603 current_native_bytes is 170396917
12-21 17:05:04.460  3178  3656 I cccccc  : createTaskSnapshot:
12-21 17:05:04.460  3178  3656 I cccccc  : getTaskSnapshotInstance: 160
12-21 17:05:04.567  3178  3656 I com.miui.home: CheckGCForNative adj_start_bytes: 41645804 NativeAllocationGcWatermark: 11482409 java_gc_start_bytes: 24422191 kNewNativeDiscountFactor: 2 kOldNativeDiscountFactor: 65536 old_native_bytes: 144368489 new_native_bytes: 26092832 add_bytes_allowed: 34447227 is_gc_concurrent: 1 target_footprint_: 24750415 GetBytesAllocated: 24042032 HeapGrowthMultiplier: 3
12-21 17:05:04.567  3178  3656 I com.miui.home: CheckGCForNative gc_urgency 0.890621 current_native_bytes is 170461321
12-21 17:05:04.614  3178  3656 I cccccc  : createTaskSnapshot:
12-21 17:05:04.615  3178  3656 I cccccc  : getTaskSnapshotInstance: 160
12-21 17:05:05.043 13127 13127 I wm_on_create_called: [0,51357686,com.tencent.mtt.SplashActivity,performCreate,101]
12-21 17:05:05.116 13127 13127 I wm_on_create_called: [0,212407202,com.tencent.mtt.MainActivity,performCreate,11]
12-21 17:05:05.122 13127 13127 I wm_on_start_called: [0,212407202,com.tencent.mtt.MainActivity,handleStartActivity,4]
12-21 17:05:05.163  3178 12734 D cccccc  : onTaskStackChangedBackground
12-21 17:05:05.164  3178  3218 D cccccc  : onTaskStackChangedBackground
12-21 17:05:05.166  3178  3205 D cccccc  : onTaskStackChangedBackground
12-21 17:05:05.220  3178  3656 I com.miui.home: CheckGCForNative adj_start_bytes: 41645804 NativeAllocationGcWatermark: 11482409 java_gc_start_bytes: 24422191 kNewNativeDiscountFactor: 2 kOldNativeDiscountFactor: 65536 old_native_bytes: 144368489 new_native_bytes: 26390100 add_bytes_allowed: 34447227 is_gc_concurrent: 1 target_footprint_: 24750415 GetBytesAllocated: 24550672 HeapGrowthMultiplier: 3
12-21 17:05:05.220  3178  3656 I com.miui.home: CheckGCForNative gc_urgency 0.906404 current_native_bytes is 170758589
12-21 17:05:05.249  3178  3656 I com.miui.home: CheckGCForNative adj_start_bytes: 41645804 NativeAllocationGcWatermark: 11482409 java_gc_start_bytes: 24422191 kNewNativeDiscountFactor: 2 kOldNativeDiscountFactor: 65536 old_native_bytes: 144368489 new_native_bytes: 26626824 add_bytes_allowed: 34447227 is_gc_concurrent: 1 target_footprint_: 24750415 GetBytesAllocated: 24813104 HeapGrowthMultiplier: 3
12-21 17:05:05.249  3178  3656 I com.miui.home: CheckGCForNative gc_urgency 0.915548 current_native_bytes is 170995313
12-21 17:05:05.268  3178  3656 I cccccc  : createTaskSnapshot:
12-21 17:05:05.269  3178  3656 I cccccc  : getTaskSnapshotInstance: 160
12-21 17:05:05.341  3178  3656 I com.miui.home: CheckGCForNative gc_urgency 0 current_native_bytes is 166114245
12-21 17:05:05.350  3178  3656 I com.miui.home: CheckGCForNative adj_start_bytes: 41449740 NativeAllocationGcWatermark: 11482409 java_gc_start_bytes: 24226127 kNewNativeDiscountFactor: 2 kOldNativeDiscountFactor: 65536 old_native_bytes: 166114245 new_native_bytes: 35220 add_bytes_allowed: 34447227 is_gc_concurrent: 1 target_footprint_: 24750415 GetBytesAllocated: 13919656 HeapGrowthMultiplier: 3
12-21 17:05:05.350  3178  3656 I com.miui.home: CheckGCForNative gc_urgency 0.336306 current_native_bytes is 166149465
12-21 17:05:05.375  3178  3656 I cccccc  : createTaskSnapshot:
12-21 17:05:05.375  3178  3656 I cccccc  : getTaskSnapshotInstance: 160
12-21 17:05:05.913  3178  3178 I wm_on_stop_called: [0,239115788,com.miui.home.launcher.Launcher,STOP_ACTIVITY_ITEM,15]
12-21 17:05:06.074 13127 13127 I wm_on_destroy_called: [0,51357686,com.tencent.mtt.SplashActivity,performDestroy,0]
12-21 17:05:06.145 13127 13127 I wm_on_idle_called: com.tencent.mtt.MainActivity
12-21 17:05:06.217  3178  3178 I wm_on_restart_called: [0,239115788,com.miui.home.launcher.Launcher,performRestartActivity,0]
12-21 17:05:06.218  3178  3178 I wm_on_start_called: [0,239115788,com.miui.home.launcher.Launcher,handleStartActivity,1]
12-21 17:05:06.319  3178 12734 I com.miui.home: CheckGCForNative adj_start_bytes: 41449740 NativeAllocationGcWatermark: 11482409 java_gc_start_bytes: 24226127 kNewNativeDiscountFactor: 2 kOldNativeDiscountFactor: 65536 old_native_bytes: 166114245 new_native_bytes: 10896004 add_bytes_allowed: 34447227 is_gc_concurrent: 1 target_footprint_: 24750415 GetBytesAllocated: 14927912 HeapGrowthMultiplier: 3
12-21 17:05:06.319  3178 12734 I com.miui.home: CheckGCForNative gc_urgency 0.491642 current_native_bytes is 177010249
12-21 17:05:06.319  3178 12734 I cccccc  : createTaskSnapshotCompat:
12-21 17:05:06.320  3178 12734 I com.miui.home: CheckGCForNative adj_start_bytes: 41449740 NativeAllocationGcWatermark: 11482409 java_gc_start_bytes: 24226127 kNewNativeDiscountFactor: 2 kOldNativeDiscountFactor: 65536 old_native_bytes: 166114245 new_native_bytes: 21601956 add_bytes_allowed: 34447227 is_gc_concurrent: 1 target_footprint_: 24750415 GetBytesAllocated: 14977256 HeapGrowthMultiplier: 3
12-21 17:05:06.320  3178 12734 I com.miui.home: CheckGCForNative gc_urgency 0.621977 current_native_bytes is 187716201
12-21 17:05:06.320  3178 12734 I cccccc  : getTaskThumbnailInfo: 2460 1.0  10705920
12-21 17:05:06.360  3178 12734 I cccccc  : getTaskSnapshot:
12-21 17:05:06.360  3178 12734 I com.miui.home: CheckGCForNative adj_start_bytes: 41449740 NativeAllocationGcWatermark: 11482409 java_gc_start_bytes: 24226127 kNewNativeDiscountFactor: 2 kOldNativeDiscountFactor: 65536 old_native_bytes: 166114245 new_native_bytes: 21702924 add_bytes_allowed: 34447227 is_gc_concurrent: 1 target_footprint_: 24750415 GetBytesAllocated: 15124712 HeapGrowthMultiplier: 3
12-21 17:05:06.360  3178 12734 I com.miui.home: CheckGCForNative gc_urgency 0.626752 current_native_bytes is 187817169
12-21 17:05:06.365  3178  3178 I cccccc  : createTaskSnapshotCompat:
12-21 17:05:06.365  3178  3178 I cccccc  : getTaskThumbnailInfo: 2460 1.0  10705920
12-21 17:05:06.403  3178  3361 I com.miui.home: CheckGCForNative adj_start_bytes: 41449740 NativeAllocationGcWatermark: 11482409 java_gc_start_bytes: 24226127 kNewNativeDiscountFactor: 2 kOldNativeDiscountFactor: 65536 old_native_bytes: 166114245 new_native_bytes: 11013324 add_bytes_allowed: 34447227 is_gc_concurrent: 1 target_footprint_: 24750415 GetBytesAllocated: 15190440 HeapGrowthMultiplier: 3
12-21 17:05:06.403  3178  3361 I com.miui.home: CheckGCForNative gc_urgency 0.499391 current_native_bytes is 177127569
12-21 17:05:06.758  3178  3361 I com.miui.home: CheckGCForNative adj_start_bytes: 41449740 NativeAllocationGcWatermark: 11482409 java_gc_start_bytes: 24226127 kNewNativeDiscountFactor: 2 kOldNativeDiscountFactor: 65536 old_native_bytes: 166114245 new_native_bytes: 11041996 add_bytes_allowed: 34447227 is_gc_concurrent: 1 target_footprint_: 24750415 GetBytesAllocated: 15354280 HeapGrowthMultiplier: 3
12-21 17:05:06.759  3178  3361 I com.miui.home: CheckGCForNative gc_urgency 0.50369 current_native_bytes is 177156241
12-21 17:05:06.854 13127 13127 I wm_on_top_resumed_lost_called: [212407202,com.tencent.mtt.MainActivity,topStateChangedWhenResumed]
12-21 17:05:06.889  3178  3178 I wm_on_resume_called: [0,239115788,com.miui.home.launcher.Launcher,RESUME_ACTIVITY,20]
12-21 17:05:06.890  3178  3178 I wm_on_idle_called: com.miui.home.launcher.Launcher
12-21 17:05:06.911  3178  3178 I wm_on_top_resumed_gained_called: [239115788,com.miui.home.launcher.Launcher,topStateChangedWhenResumed]
12-21 17:05:06.942  3178  3360 I cccccc  : createTaskSnapshotCompat:
12-21 17:05:06.955 13127 13127 I wm_on_paused_called: [0,212407202,com.tencent.mtt.MainActivity,performPause,42]
12-21 17:05:06.964  3178  8262 I com.miui.home: CheckGCForNative adj_start_bytes: 41449740 NativeAllocationGcWatermark: 11482409 java_gc_start_bytes: 24226127 kNewNativeDiscountFactor: 2 kOldNativeDiscountFactor: 65536 old_native_bytes: 166114245 new_native_bytes: 11045388 add_bytes_allowed: 34447227 is_gc_concurrent: 1 target_footprint_: 24750415 GetBytesAllocated: 16354872 HeapGrowthMultiplier: 3
12-21 17:05:06.965  3178  8262 I com.miui.home: CheckGCForNative gc_urgency 0.527871 current_native_bytes is 177159633
12-21 17:05:07.043  3178  3205 D cccccc  : onTaskStackChangedBackground
12-21 17:05:07.046  3178  3205 D cccccc  : onTaskStackChangedBackground
12-21 17:05:07.047  3178  3218 D cccccc  : onTaskStackChangedBackground
12-21 17:05:07.121  3178  3656 I com.miui.home: CheckGCForNative adj_start_bytes: 41449740 NativeAllocationGcWatermark: 11482409 java_gc_start_bytes: 24226127 kNewNativeDiscountFactor: 2 kOldNativeDiscountFactor: 65536 old_native_bytes: 166114245 new_native_bytes: 11201424 add_bytes_allowed: 34447227 is_gc_concurrent: 1 target_footprint_: 24750415 GetBytesAllocated: 16863544 HeapGrowthMultiplier: 3
12-21 17:05:07.121  3178  3656 I com.miui.home: CheckGCForNative gc_urgency 0.542025 current_native_bytes is 177315669
12-21 17:05:07.129 13127 13127 I wm_on_stop_called: [0,212407202,com.tencent.mtt.MainActivity,STOP_ACTIVITY_ITEM,151]
12-21 17:05:07.138  3178  3178 I wm_on_top_resumed_lost_called: [239115788,com.miui.home.launcher.Launcher,topStateChangedWhenResumed]
12-21 17:05:07.146  3178  3178 I wm_on_paused_called: [0,239115788,com.miui.home.launcher.Launcher,performPause,1]
12-21 17:05:07.161  3178  3205 D cccccc  : onTaskStackChangedBackground
12-21 17:05:07.162  3178 12734 D cccccc  : onTaskStackChangedBackground
12-21 17:05:07.162  3178 12734 D cccccc  : onTaskStackChangedBackground
12-21 17:05:07.164  3178  3205 D cccccc  : onTaskStackChangedBackground
12-21 17:05:07.185  3178  3656 I com.miui.home: CheckGCForNative adj_start_bytes: 41449740 NativeAllocationGcWatermark: 11482409 java_gc_start_bytes: 24226127 kNewNativeDiscountFactor: 2 kOldNativeDiscountFactor: 65536 old_native_bytes: 166114245 new_native_bytes: 11693196 add_bytes_allowed: 34447227 is_gc_concurrent: 1 target_footprint_: 24750415 GetBytesAllocated: 17207672 HeapGrowthMultiplier: 3
12-21 17:05:07.185  3178  3656 I com.miui.home: CheckGCForNative gc_urgency 0.556259 current_native_bytes is 177807441
12-21 17:05:07.296  3178 12734 D cccccc  : onTaskStackChangedBackground
12-21 17:05:07.297  3178  3205 D cccccc  : onTaskStackChangedBackground
12-21 17:05:07.297  3178  3218 D cccccc  : onTaskStackChangedBackground
12-21 17:05:07.336  3178  3656 I com.miui.home: CheckGCForNative adj_start_bytes: 41449740 NativeAllocationGcWatermark: 11482409 java_gc_start_bytes: 24226127 kNewNativeDiscountFactor: 2 kOldNativeDiscountFactor: 65536 old_native_bytes: 166114245 new_native_bytes: 11686652 add_bytes_allowed: 34447227 is_gc_concurrent: 1 target_footprint_: 24750415 GetBytesAllocated: 17781800 HeapGrowthMultiplier: 3
12-21 17:05:07.336  3178  3656 I com.miui.home: CheckGCForNative gc_urgency 0.570032 current_native_bytes is 177800897
12-21 17:05:07.373  3178  3656 I cccccc  : createTaskSnapshot:
12-21 17:05:07.373  3178  3656 I cccccc  : getTaskSnapshotInstance: 161
12-21 17:05:07.390  3178  3656 I cccccc  : createTaskSnapshot:
12-21 17:05:07.390  3178  3656 I cccccc  : getTaskSnapshotInstance: 160
12-21 17:05:07.418  3178  3656 I com.miui.home: CheckGCForNative adj_start_bytes: 41449740 NativeAllocationGcWatermark: 11482409 java_gc_start_bytes: 24226127 kNewNativeDiscountFactor: 2 kOldNativeDiscountFactor: 65536 old_native_bytes: 166114245 new_native_bytes: 22533784 add_bytes_allowed: 34447227 is_gc_concurrent: 1 target_footprint_: 24750415 GetBytesAllocated: 18166920 HeapGrowthMultiplier: 3
12-21 17:05:07.422  3178  3656 I com.miui.home: CheckGCForNative gc_urgency 0.71017 current_native_bytes is 188648029
12-21 17:05:07.423  3178  3656 I cccccc  : getTaskThumbnailInfo: 2460 1.0  10705920
12-21 17:05:07.436  3178  3361 I com.miui.home: CheckGCForNative adj_start_bytes: 41449740 NativeAllocationGcWatermark: 11482409 java_gc_start_bytes: 24226127 kNewNativeDiscountFactor: 2 kOldNativeDiscountFactor: 65536 old_native_bytes: 166114245 new_native_bytes: 11828632 add_bytes_allowed: 34447227 is_gc_concurrent: 1 target_footprint_: 24750415 GetBytesAllocated: 18216424 HeapGrowthMultiplier: 3
12-21 17:05:07.436  3178  3361 I com.miui.home: CheckGCForNative gc_urgency 0.58223 current_native_bytes is 177942877
12-21 17:05:07.512  3178  3656 I com.miui.home: CheckGCForNative adj_start_bytes: 41449740 NativeAllocationGcWatermark: 11482409 java_gc_start_bytes: 24226127 kNewNativeDiscountFactor: 2 kOldNativeDiscountFactor: 65536 old_native_bytes: 166114245 new_native_bytes: 12017880 add_bytes_allowed: 34447227 is_gc_concurrent: 1 target_footprint_: 24750415 GetBytesAllocated: 18561000 HeapGrowthMultiplier: 3
12-21 17:05:07.512  3178  3656 I com.miui.home: CheckGCForNative gc_urgency 0.592826 current_native_bytes is 178132125
12-21 17:05:07.525  3178  3656 I com.miui.home: CheckGCForNative adj_start_bytes: 41449740 NativeAllocationGcWatermark: 11482409 java_gc_start_bytes: 24226127 kNewNativeDiscountFactor: 2 kOldNativeDiscountFactor: 65536 old_native_bytes: 166114245 new_native_bytes: 12067408 add_bytes_allowed: 34447227 is_gc_concurrent: 1 target_footprint_: 24750415 GetBytesAllocated: 18610152 HeapGrowthMultiplier: 3
12-21 17:05:07.526  3178  3656 I com.miui.home: CheckGCForNative gc_urgency 0.594609 current_native_bytes is 178181653
12-21 17:05:07.549  3178  3656 I cccccc  : createTaskSnapshot:
12-21 17:05:07.549  3178  3656 I cccccc  : getTaskSnapshotInstance: 161
12-21 17:05:08.126 13514 13514 I wm_on_application_create_called: [0,com.youku.phone,398]
12-21 17:05:08.239 13514 13514 I wm_on_create_called: [0,263072199,com.youku.phone.ActivityWelcome,performCreate,96]
12-21 17:05:08.457  3178  3218 D cccccc  : onTaskStackChangedBackground
12-21 17:05:08.463  3178  3218 D cccccc  : onTaskStackChangedBackground
12-21 17:05:08.463  3178  3207 D cccccc  : onTaskStackChangedBackground
12-21 17:05:08.510  3178  3656 I com.miui.home: CheckGCForNative adj_start_bytes: 41449740 NativeAllocationGcWatermark: 11482409 java_gc_start_bytes: 24226127 kNewNativeDiscountFactor: 2 kOldNativeDiscountFactor: 65536 old_native_bytes: 166114245 new_native_bytes: 12138700 add_bytes_allowed: 34447227 is_gc_concurrent: 1 target_footprint_: 24750415 GetBytesAllocated: 19037048 HeapGrowthMultiplier: 3
12-21 17:05:08.510  3178  3656 I com.miui.home: CheckGCForNative gc_urgency 0.605768 current_native_bytes is 178252945
12-21 17:05:08.548 13514 13514 I wm_on_create_called: [0,240318287,com.youku.v2.HomePageEntry,performCreate,148]
12-21 17:05:08.558  3178  3656 I cccccc  : createTaskSnapshot:
12-21 17:05:08.558  3178  3656 I cccccc  : getTaskSnapshotInstance: 161
12-21 17:05:08.564 13514 13514 I wm_on_start_called: [0,240318287,com.youku.v2.HomePageEntry,handleStartActivity,15]
12-21 17:05:08.576  3178  3656 I com.miui.home: CheckGCForNative adj_start_bytes: 41449740 NativeAllocationGcWatermark: 11482409 java_gc_start_bytes: 24226127 kNewNativeDiscountFactor: 2 kOldNativeDiscountFactor: 65536 old_native_bytes: 166114245 new_native_bytes: 12545408 add_bytes_allowed: 34447227 is_gc_concurrent: 1 target_footprint_: 24750415 GetBytesAllocated: 19496472 HeapGrowthMultiplier: 3
12-21 17:05:08.576  3178  3656 I com.miui.home: CheckGCForNative gc_urgency 0.621758 current_native_bytes is 178659653
12-21 17:05:08.601  3178  3656 I com.miui.home: CheckGCForNative adj_start_bytes: 41449740 NativeAllocationGcWatermark: 11482409 java_gc_start_bytes: 24226127 kNewNativeDiscountFactor: 2 kOldNativeDiscountFactor: 65536 old_native_bytes: 166114245 new_native_bytes: 12668480 add_bytes_allowed: 34447227 is_gc_concurrent: 1 target_footprint_: 24750415 GetBytesAllocated: 19676696 HeapGrowthMultiplier: 3
12-21 17:05:08.601  3178  3656 I com.miui.home: CheckGCForNative gc_urgency 0.627591 current_native_bytes is 178782725
12-21 17:05:08.619 13514 13514 I wm_on_resume_called: [0,240318287,com.youku.v2.HomePageEntry,RESUME_ACTIVITY,52]
12-21 17:05:08.749 13514 13514 I wm_on_top_resumed_gained_called: [240318287,com.youku.v2.HomePageEntry,topStateChangedWhenResumed]
12-21 17:05:09.107  3178 13854 I com.miui.home: CheckGCForNative adj_start_bytes: 41449740 NativeAllocationGcWatermark: 11482409 java_gc_start_bytes: 24226127 kNewNativeDiscountFactor: 2 kOldNativeDiscountFactor: 65536 old_native_bytes: 166114245 new_native_bytes: 23671992 add_bytes_allowed: 34447227 is_gc_concurrent: 1 target_footprint_: 24750415 GetBytesAllocated: 20594616 HeapGrowthMultiplier: 3
12-21 17:05:09.107  3178 13854 I com.miui.home: CheckGCForNative gc_urgency 0.782469 current_native_bytes is 189786237
12-21 17:05:09.107  3178 13854 I cccccc  : createTaskSnapshotCompat:
12-21 17:05:09.108  3178 13854 I com.miui.home: CheckGCForNative adj_start_bytes: 41449740 NativeAllocationGcWatermark: 11482409 java_gc_start_bytes: 24226127 kNewNativeDiscountFactor: 2 kOldNativeDiscountFactor: 65536 old_native_bytes: 166114245 new_native_bytes: 34379448 add_bytes_allowed: 34447227 is_gc_concurrent: 1 target_footprint_: 24750415 GetBytesAllocated: 20594808 HeapGrowthMultiplier: 3
12-21 17:05:09.108  3178 13854 I com.miui.home: CheckGCForNative gc_urgency 0.911636 current_native_bytes is 200493693
12-21 17:05:09.109  3178 13854 I cccccc  : getTaskThumbnailInfo: 2460 1.0  10705920
12-21 17:05:09.114  3178 13854 I cccccc  : getTaskSnapshot:
12-21 17:05:09.114  3178 13854 I com.miui.home: CheckGCForNative adj_start_bytes: 41449740 NativeAllocationGcWatermark: 11482409 java_gc_start_bytes: 24226127 kNewNativeDiscountFactor: 2 kOldNativeDiscountFactor: 65536 old_native_bytes: 166114245 new_native_bytes: 34379448 add_bytes_allowed: 34447227 is_gc_concurrent: 1 target_footprint_: 24750415 GetBytesAllocated: 20594808 HeapGrowthMultiplier: 3
12-21 17:05:09.114  3178 13854 I com.miui.home: CheckGCForNative gc_urgency 0.911636 current_native_bytes is 200493693
12-21 17:05:09.125  3178  3178 I cccccc  : createTaskSnapshotCompat:
