12-21 16:46:37.042  3166  3649 D cccccc  : onTaskStackChangedBackground
12-21 16:46:37.099  3166  3658 I com.miui.home: CheckGCForNative adj_start_bytes: 39776713 NativeAllocationGcWatermark: 11306301 java_gc_start_bytes: 22817262 kNewNativeDiscountFactor: 2 kOldNativeDiscountFactor: 65536 old_native_bytes: 120980385 new_native_bytes: 27562200 add_bytes_allowed: 33918903 is_gc_concurrent: 1 target_footprint_: 23341550 GetBytesAllocated: 19994520 HeapGrowthMultiplier: 3
12-21 16:46:37.099  3166  3658 I com.miui.home: CheckGCForNative gc_urgency 0.849177 current_native_bytes is 148542585
12-21 16:46:37.145  3166  3649 D cccccc  : onTaskStackChangedBackground
12-21 16:46:37.145  3166  3208 D cccccc  : onTaskStackChangedBackground
12-21 16:46:37.146  3166  3738 D cccccc  : onTaskStackChangedBackground
12-21 16:46:37.164  3166  3658 I com.miui.home: CheckGCForNative adj_start_bytes: 39776713 NativeAllocationGcWatermark: 11306301 java_gc_start_bytes: 22817262 kNewNativeDiscountFactor: 2 kOldNativeDiscountFactor: 65536 old_native_bytes: 120980385 new_native_bytes: 27968256 add_bytes_allowed: 33918903 is_gc_concurrent: 1 target_footprint_: 23341550 GetBytesAllocated: 20428792 HeapGrowthMultiplier: 3
12-21 16:46:37.164  3166  3658 I com.miui.home: CheckGCForNative gc_urgency 0.865199 current_native_bytes is 148948641
12-21 16:46:37.201  3166  3658 I cccccc  : createTaskSnapshot:
12-21 16:46:37.201  3166  3658 I cccccc  : getTaskSnapshotInstance: 96
12-21 16:46:37.247  3166  3378 I com.miui.home: CheckGCForNative adj_start_bytes: 39776713 NativeAllocationGcWatermark: 11306301 java_gc_start_bytes: 22817262 kNewNativeDiscountFactor: 2 kOldNativeDiscountFactor: 65536 old_native_bytes: 120980385 new_native_bytes: 28103924 add_bytes_allowed: 33918903 is_gc_concurrent: 1 target_footprint_: 23341550 GetBytesAllocated: 20822232 HeapGrowthMultiplier: 3
12-21 16:46:37.247  3166  3378 I com.miui.home: CheckGCForNative gc_urgency 0.876795 current_native_bytes is 149084309
12-21 16:46:37.258  3166  3378 I com.miui.home: CheckGCForNative adj_start_bytes: 39776713 NativeAllocationGcWatermark: 11306301 java_gc_start_bytes: 22817262 kNewNativeDiscountFactor: 2 kOldNativeDiscountFactor: 65536 old_native_bytes: 120980385 new_native_bytes: 28166516 add_bytes_allowed: 33918903 is_gc_concurrent: 1 target_footprint_: 23341550 GetBytesAllocated: 20871384 HeapGrowthMultiplier: 3
12-21 16:46:37.258  3166  3378 I com.miui.home: CheckGCForNative gc_urgency 0.878818 current_native_bytes is 149146901
12-21 16:46:37.299  3166  3658 I cccccc  : createTaskSnapshot:
12-21 16:46:37.300  3166  3658 I cccccc  : getTaskSnapshotInstance: 96
12-21 16:46:38.306  8569  8569 I wm_on_create_called: [0,230337987,com.ss.android.ugc.aweme.splash.SplashActivity,performCreate,352]
12-21 16:46:38.489  8569  8569 I wm_on_start_called: [0,230337987,com.ss.android.ugc.aweme.splash.SplashActivity,handleStartActivity,183]
12-21 16:46:38.496  3166  3308 I com.miui.home: CheckGCForNative adj_start_bytes: 39776713 NativeAllocationGcWatermark: 11306301 java_gc_start_bytes: 22817262 kNewNativeDiscountFactor: 2 kOldNativeDiscountFactor: 65536 old_native_bytes: 120980385 new_native_bytes: 28128756 add_bytes_allowed: 33918903 is_gc_concurrent: 1 target_footprint_: 23341550 GetBytesAllocated: 21166584 HeapGrowthMultiplier: 3
12-21 16:46:38.496  3166  3308 I com.miui.home: CheckGCForNative gc_urgency 0.885765 current_native_bytes is 149109141
12-21 16:46:38.503  8569  8569 I wm_on_resume_called: [0,230337987,com.ss.android.ugc.aweme.splash.SplashActivity,RESUME_ACTIVITY,8]
12-21 16:46:38.569  8569  8569 I wm_on_top_resumed_gained_called: [230337987,com.ss.android.ugc.aweme.splash.SplashActivity,topStateChangedWhenResumed]
12-21 16:46:38.663  3166  3208 I com.miui.home: CheckGCForNative adj_start_bytes: 39776713 NativeAllocationGcWatermark: 11306301 java_gc_start_bytes: 22817262 kNewNativeDiscountFactor: 2 kOldNativeDiscountFactor: 65536 old_native_bytes: 120980385 new_native_bytes: 38915368 add_bytes_allowed: 33918903 is_gc_concurrent: 1 target_footprint_: 23341550 GetBytesAllocated: 21658392 HeapGrowthMultiplier: 3
12-21 16:46:38.663  3166  3208 I com.miui.home: CheckGCForNative gc_urgency 1.03372 current_native_bytes is 159895753
12-21 16:46:38.663  3166  3208 I com.miui.home: CheckGCForNative requested 1
12-21 16:46:38.664  3166  3208 I cccccc  : createTaskSnapshotCompat:
12-21 16:46:38.664  3166  3738 I cccccc  : getTaskSnapshot:
12-21 16:46:38.664  3166  3738 I com.miui.home: CheckGCForNative adj_start_bytes: 39776713 NativeAllocationGcWatermark: 11306301 java_gc_start_bytes: 22817262 kNewNativeDiscountFactor: 2 kOldNativeDiscountFactor: 65536 old_native_bytes: 120980385 new_native_bytes: 49621096 add_bytes_allowed: 33918903 is_gc_concurrent: 1 target_footprint_: 23341550 GetBytesAllocated: 21674968 HeapGrowthMultiplier: 3
12-21 16:46:38.664  3166  3738 I com.miui.home: CheckGCForNative gc_urgency 1.16912 current_native_bytes is 170601481
12-21 16:46:38.664  3166  3738 I com.miui.home: CheckGCForNative requested 1
12-21 16:46:38.665  3166  3208 I com.miui.home: CheckGCForNative adj_start_bytes: 39776713 NativeAllocationGcWatermark: 11306301 java_gc_start_bytes: 22817262 kNewNativeDiscountFactor: 2 kOldNativeDiscountFactor: 65536 old_native_bytes: 120980385 new_native_bytes: 60327016 add_bytes_allowed: 33918903 is_gc_concurrent: 1 target_footprint_: 23341550 GetBytesAllocated: 21691544 HeapGrowthMultiplier: 3
12-21 16:46:38.665  3166  3208 I com.miui.home: CheckGCForNative gc_urgency 1.3037 current_native_bytes is 181307401
12-21 16:46:38.665  3166  3208 I com.miui.home: CheckGCForNative requested 1
12-21 16:46:38.665  3166  3208 I cccccc  : getTaskThumbnailInfo: 2460 1.0  10705920
12-21 16:46:38.666  3166  3166 I cccccc  : createTaskSnapshotCompat:
12-21 16:46:38.666  3166  3166 I cccccc  : getTaskThumbnailInfo: 2460 1.0  10705920
12-21 16:46:38.889  3166  3201 I com.miui.home: NativeAlloc concurrent copying GC freed 185876(9121KB) AllocSpace objects, 16(576KB) LOS objects, 49% free, 11MB/22MB, paused 108us,76us total 224.552ms
12-21 16:46:38.997  3166  3378 I com.miui.home: CheckGCForNative gc_urgency 0 current_native_bytes is 131346821
12-21 16:46:39.191  3166  3166 I wm_on_resume_called: [0,151440729,com.miui.home.launcher.Launcher,RESUME_ACTIVITY,8]
12-21 16:46:39.193  3166  3166 I wm_on_idle_called: com.miui.home.launcher.Launcher
12-21 16:46:39.222  3166  3377 I cccccc  : createTaskSnapshotCompat:
12-21 16:46:39.312  3166  3208 D cccccc  : onTaskStackChangedBackground
12-21 16:46:39.313  3166  3649 D cccccc  : onTaskStackChangedBackground
12-21 16:46:39.313  3166  3738 D cccccc  : onTaskStackChangedBackground
12-21 16:46:39.328  3166  3658 I com.miui.home: CheckGCForNative adj_start_bytes: 40776156 NativeAllocationGcWatermark: 11382207 java_gc_start_bytes: 23702846 kNewNativeDiscountFactor: 2 kOldNativeDiscountFactor: 65536 old_native_bytes: 131346821 new_native_bytes: 47848 add_bytes_allowed: 34146621 is_gc_concurrent: 1 target_footprint_: 23948798 GetBytesAllocated: 13360000 HeapGrowthMultiplier: 3
12-21 16:46:39.328  3166  3658 I com.miui.home: CheckGCForNative gc_urgency 0.328278 current_native_bytes is 131394669
12-21 16:46:39.360  3166  3658 I com.miui.home: CheckGCForNative adj_start_bytes: 40776156 NativeAllocationGcWatermark: 11382207 java_gc_start_bytes: 23702846 kNewNativeDiscountFactor: 2 kOldNativeDiscountFactor: 65536 old_native_bytes: 131346821 new_native_bytes: 1273444 add_bytes_allowed: 34146621 is_gc_concurrent: 1 target_footprint_: 23948798 GetBytesAllocated: 13578352 HeapGrowthMultiplier: 3
12-21 16:46:39.360  3166  3658 I com.miui.home: CheckGCForNative gc_urgency 0.348662 current_native_bytes is 132620265
12-21 16:46:39.362  3166  3658 I com.miui.home: CheckGCForNative adj_start_bytes: 40776156 NativeAllocationGcWatermark: 11382207 java_gc_start_bytes: 23702846 kNewNativeDiscountFactor: 2 kOldNativeDiscountFactor: 65536 old_native_bytes: 131346821 new_native_bytes: 1735396 add_bytes_allowed: 34146621 is_gc_concurrent: 1 target_footprint_: 23948798 GetBytesAllocated: 13598832 HeapGrowthMultiplier: 3
12-21 16:46:39.362  3166  3658 I com.miui.home: CheckGCForNative gc_urgency 0.354828 current_native_bytes is 133082217
12-21 16:46:39.374  3166  3658 I com.miui.home: CheckGCForNative adj_start_bytes: 40776156 NativeAllocationGcWatermark: 11382207 java_gc_start_bytes: 23702846 kNewNativeDiscountFactor: 2 kOldNativeDiscountFactor: 65536 old_native_bytes: 131346821 new_native_bytes: 2572972 add_bytes_allowed: 34146621 is_gc_concurrent: 1 target_footprint_: 23948798 GetBytesAllocated: 13680992 HeapGrowthMultiplier: 3
12-21 16:46:39.374  3166  3658 I com.miui.home: CheckGCForNative gc_urgency 0.367114 current_native_bytes is 133919793
12-21 16:46:39.376  3166  3658 I com.miui.home: CheckGCForNative adj_start_bytes: 40776156 NativeAllocationGcWatermark: 11382207 java_gc_start_bytes: 23702846 kNewNativeDiscountFactor: 2 kOldNativeDiscountFactor: 65536 old_native_bytes: 131346821 new_native_bytes: 2822908 add_bytes_allowed: 34146621 is_gc_concurrent: 1 target_footprint_: 23948798 GetBytesAllocated: 13680992 HeapGrowthMultiplier: 3
12-21 16:46:39.376  3166  3658 I com.miui.home: CheckGCForNative gc_urgency 0.370178 current_native_bytes is 134169729
12-21 16:46:39.384  3166  3658 I com.miui.home: CheckGCForNative adj_start_bytes: 40776156 NativeAllocationGcWatermark: 11382207 java_gc_start_bytes: 23702846 kNewNativeDiscountFactor: 2 kOldNativeDiscountFactor: 65536 old_native_bytes: 131346821 new_native_bytes: 3606812 add_bytes_allowed: 34146621 is_gc_concurrent: 1 target_footprint_: 23948798 GetBytesAllocated: 13734304 HeapGrowthMultiplier: 3
12-21 16:46:39.384  3166  3658 I com.miui.home: CheckGCForNative gc_urgency 0.381098 current_native_bytes is 134953633
12-21 16:46:39.386  3166  3658 I com.miui.home: CheckGCForNative adj_start_bytes: 40776156 NativeAllocationGcWatermark: 11382207 java_gc_start_bytes: 23702846 kNewNativeDiscountFactor: 2 kOldNativeDiscountFactor: 65536 old_native_bytes: 131346821 new_native_bytes: 4068764 add_bytes_allowed: 34146621 is_gc_concurrent: 1 target_footprint_: 23948798 GetBytesAllocated: 13754784 HeapGrowthMultiplier: 3
12-21 16:46:39.386  3166  3658 I com.miui.home: CheckGCForNative gc_urgency 0.387265 current_native_bytes is 135415585
12-21 16:46:39.393  3166  3658 I com.miui.home: CheckGCForNative adj_start_bytes: 40776156 NativeAllocationGcWatermark: 11382207 java_gc_start_bytes: 23702846 kNewNativeDiscountFactor: 2 kOldNativeDiscountFactor: 65536 old_native_bytes: 131346821 new_native_bytes: 4646652 add_bytes_allowed: 34146621 is_gc_concurrent: 1 target_footprint_: 23948798 GetBytesAllocated: 13804112 HeapGrowthMultiplier: 3
12-21 16:46:39.393  3166  3658 I com.miui.home: CheckGCForNative gc_urgency 0.395561 current_native_bytes is 135993473
12-21 16:46:39.395  3166  3658 I com.miui.home: CheckGCForNative adj_start_bytes: 40776156 NativeAllocationGcWatermark: 11382207 java_gc_start_bytes: 23702846 kNewNativeDiscountFactor: 2 kOldNativeDiscountFactor: 65536 old_native_bytes: 131346821 new_native_bytes: 5030300 add_bytes_allowed: 34146621 is_gc_concurrent: 1 target_footprint_: 23948798 GetBytesAllocated: 13804112 HeapGrowthMultiplier: 3
12-21 16:46:39.395  3166  3658 I com.miui.home: CheckGCForNative gc_urgency 0.400265 current_native_bytes is 136377121
12-21 16:46:39.404  3166  3658 I com.miui.home: CheckGCForNative adj_start_bytes: 40776156 NativeAllocationGcWatermark: 11382207 java_gc_start_bytes: 23702846 kNewNativeDiscountFactor: 2 kOldNativeDiscountFactor: 65536 old_native_bytes: 131346821 new_native_bytes: 5797076 add_bytes_allowed: 34146621 is_gc_concurrent: 1 target_footprint_: 23948798 GetBytesAllocated: 13857424 HeapGrowthMultiplier: 3
12-21 16:46:39.404  3166  3658 I com.miui.home: CheckGCForNative gc_urgency 0.410975 current_native_bytes is 137143897
12-21 16:46:39.405  3166  3658 I com.miui.home: CheckGCForNative adj_start_bytes: 40776156 NativeAllocationGcWatermark: 11382207 java_gc_start_bytes: 23702846 kNewNativeDiscountFactor: 2 kOldNativeDiscountFactor: 65536 old_native_bytes: 131346821 new_native_bytes: 6258644 add_bytes_allowed: 34146621 is_gc_concurrent: 1 target_footprint_: 23948798 GetBytesAllocated: 13877904 HeapGrowthMultiplier: 3
12-21 16:46:39.406  3166  3658 I com.miui.home: CheckGCForNative gc_urgency 0.417137 current_native_bytes is 137605465
12-21 16:46:39.413  3166  3658 I com.miui.home: CheckGCForNative adj_start_bytes: 40776156 NativeAllocationGcWatermark: 11382207 java_gc_start_bytes: 23702846 kNewNativeDiscountFactor: 2 kOldNativeDiscountFactor: 65536 old_native_bytes: 131346821 new_native_bytes: 7345332 add_bytes_allowed: 34146621 is_gc_concurrent: 1 target_footprint_: 23948798 GetBytesAllocated: 13910848 HeapGrowthMultiplier: 3
12-21 16:46:39.413  3166  3658 I com.miui.home: CheckGCForNative gc_urgency 0.43127 current_native_bytes is 138692153
12-21 16:46:39.416  3166  3658 I com.miui.home: CheckGCForNative adj_start_bytes: 40776156 NativeAllocationGcWatermark: 11382207 java_gc_start_bytes: 23702846 kNewNativeDiscountFactor: 2 kOldNativeDiscountFactor: 65536 old_native_bytes: 131346821 new_native_bytes: 7771700 add_bytes_allowed: 34146621 is_gc_concurrent: 1 target_footprint_: 23948798 GetBytesAllocated: 13910848 HeapGrowthMultiplier: 3
12-21 16:46:39.416  3166  3658 I com.miui.home: CheckGCForNative gc_urgency 0.436498 current_native_bytes is 139118521
12-21 16:46:39.422  3166  3658 I com.miui.home: CheckGCForNative adj_start_bytes: 40776156 NativeAllocationGcWatermark: 11382207 java_gc_start_bytes: 23702846 kNewNativeDiscountFactor: 2 kOldNativeDiscountFactor: 65536 old_native_bytes: 131346821 new_native_bytes: 8533428 add_bytes_allowed: 34146621 is_gc_concurrent: 1 target_footprint_: 23948798 GetBytesAllocated: 13960176 HeapGrowthMultiplier: 3
12-21 16:46:39.422  3166  3658 I com.miui.home: CheckGCForNative gc_urgency 0.447048 current_native_bytes is 139880249
12-21 16:46:39.423  3166  3658 I com.miui.home: CheckGCForNative adj_start_bytes: 40776156 NativeAllocationGcWatermark: 11382207 java_gc_start_bytes: 23702846 kNewNativeDiscountFactor: 2 kOldNativeDiscountFactor: 65536 old_native_bytes: 131346821 new_native_bytes: 8992820 add_bytes_allowed: 34146621 is_gc_concurrent: 1 target_footprint_: 23948798 GetBytesAllocated: 13960176 HeapGrowthMultiplier: 3
12-21 16:46:39.423  3166  3658 I com.miui.home: CheckGCForNative gc_urgency 0.452681 current_native_bytes is 140339641
12-21 16:46:39.433  3166  3658 I com.miui.home: CheckGCForNative adj_start_bytes: 40776156 NativeAllocationGcWatermark: 11382207 java_gc_start_bytes: 23702846 kNewNativeDiscountFactor: 2 kOldNativeDiscountFactor: 65536 old_native_bytes: 131346821 new_native_bytes: 10006132 add_bytes_allowed: 34146621 is_gc_concurrent: 1 target_footprint_: 23948798 GetBytesAllocated: 13993008 HeapGrowthMultiplier: 3
12-21 16:46:39.433  3166  3658 I com.miui.home: CheckGCForNative gc_urgency 0.465911 current_native_bytes is 141352953
12-21 16:46:39.446  3166  3658 I com.miui.home: CheckGCForNative adj_start_bytes: 40776156 NativeAllocationGcWatermark: 11382207 java_gc_start_bytes: 23702846 kNewNativeDiscountFactor: 2 kOldNativeDiscountFactor: 65536 old_native_bytes: 131346821 new_native_bytes: 10860396 add_bytes_allowed: 34146621 is_gc_concurrent: 1 target_footprint_: 23948798 GetBytesAllocated: 14046320 HeapGrowthMultiplier: 3
12-21 16:46:39.446  3166  3658 I com.miui.home: CheckGCForNative gc_urgency 0.477694 current_native_bytes is 142207217
12-21 16:46:39.447  3166  3658 I com.miui.home: CheckGCForNative adj_start_bytes: 40776156 NativeAllocationGcWatermark: 11382207 java_gc_start_bytes: 23702846 kNewNativeDiscountFactor: 2 kOldNativeDiscountFactor: 65536 old_native_bytes: 131346821 new_native_bytes: 11322348 add_bytes_allowed: 34146621 is_gc_concurrent: 1 target_footprint_: 23948798 GetBytesAllocated: 14066800 HeapGrowthMultiplier: 3
12-21 16:46:39.447  3166  3658 I com.miui.home: CheckGCForNative gc_urgency 0.483861 current_native_bytes is 142669169
12-21 16:46:39.456  3166  3658 I com.miui.home: CheckGCForNative adj_start_bytes: 40776156 NativeAllocationGcWatermark: 11382207 java_gc_start_bytes: 23702846 kNewNativeDiscountFactor: 2 kOldNativeDiscountFactor: 65536 old_native_bytes: 131346821 new_native_bytes: 12065708 add_bytes_allowed: 34146621 is_gc_concurrent: 1 target_footprint_: 23948798 GetBytesAllocated: 14116128 HeapGrowthMultiplier: 3
12-21 16:46:39.456  3166  3658 I com.miui.home: CheckGCForNative gc_urgency 0.494186 current_native_bytes is 143412529
12-21 16:46:39.456  3166  3658 I com.miui.home: CheckGCForNative adj_start_bytes: 40776156 NativeAllocationGcWatermark: 11382207 java_gc_start_bytes: 23702846 kNewNativeDiscountFactor: 2 kOldNativeDiscountFactor: 65536 old_native_bytes: 131346821 new_native_bytes: 12070188 add_bytes_allowed: 34146621 is_gc_concurrent: 1 target_footprint_: 23948798 GetBytesAllocated: 14116128 HeapGrowthMultiplier: 3
12-21 16:46:39.456  3166  3658 I com.miui.home: CheckGCForNative gc_urgency 0.49424 current_native_bytes is 143417009
12-21 16:46:39.468  3166  3658 I com.miui.home: CheckGCForNative adj_start_bytes: 40776156 NativeAllocationGcWatermark: 11382207 java_gc_start_bytes: 23702846 kNewNativeDiscountFactor: 2 kOldNativeDiscountFactor: 65536 old_native_bytes: 131346821 new_native_bytes: 12754764 add_bytes_allowed: 34146621 is_gc_concurrent: 1 target_footprint_: 23948798 GetBytesAllocated: 14181664 HeapGrowthMultiplier: 3
12-21 16:46:39.468  3166  3658 I com.miui.home: CheckGCForNative gc_urgency 0.504242 current_native_bytes is 144101585
12-21 16:46:39.481  3166  3658 I com.miui.home: CheckGCForNative adj_start_bytes: 40776156 NativeAllocationGcWatermark: 11382207 java_gc_start_bytes: 23702846 kNewNativeDiscountFactor: 2 kOldNativeDiscountFactor: 65536 old_native_bytes: 131346821 new_native_bytes: 13279972 add_bytes_allowed: 34146621 is_gc_concurrent: 1 target_footprint_: 23948798 GetBytesAllocated: 14230992 HeapGrowthMultiplier: 3
12-21 16:46:39.481  3166  3658 I com.miui.home: CheckGCForNative gc_urgency 0.511892 current_native_bytes is 144626793
12-21 16:46:39.483  3166  3658 I com.miui.home: CheckGCForNative adj_start_bytes: 40776156 NativeAllocationGcWatermark: 11382207 java_gc_start_bytes: 23702846 kNewNativeDiscountFactor: 2 kOldNativeDiscountFactor: 65536 old_native_bytes: 131346821 new_native_bytes: 13676740 add_bytes_allowed: 34146621 is_gc_concurrent: 1 target_footprint_: 23948798 GetBytesAllocated: 14247376 HeapGrowthMultiplier: 3
12-21 16:46:39.483  3166  3658 I com.miui.home: CheckGCForNative gc_urgency 0.517159 current_native_bytes is 145023561
12-21 16:46:39.493  3166  3658 I com.miui.home: CheckGCForNative adj_start_bytes: 40776156 NativeAllocationGcWatermark: 11382207 java_gc_start_bytes: 23702846 kNewNativeDiscountFactor: 2 kOldNativeDiscountFactor: 65536 old_native_bytes: 131346821 new_native_bytes: 14235676 add_bytes_allowed: 34146621 is_gc_concurrent: 1 target_footprint_: 23948798 GetBytesAllocated: 14296704 HeapGrowthMultiplier: 3
12-21 16:46:39.493  3166  3658 I com.miui.home: CheckGCForNative gc_urgency 0.525222 current_native_bytes is 145582497
12-21 16:46:39.512  3166  3658 I cccccc  : createTaskSnapshot:
12-21 16:46:39.512  3166  3658 I cccccc  : getTaskSnapshotInstance: 96
12-21 16:46:39.515  3166  3658 I com.miui.home: CheckGCForNative adj_start_bytes: 40776156 NativeAllocationGcWatermark: 11382207 java_gc_start_bytes: 23702846 kNewNativeDiscountFactor: 2 kOldNativeDiscountFactor: 65536 old_native_bytes: 131346821 new_native_bytes: 26250108 add_bytes_allowed: 34146621 is_gc_concurrent: 1 target_footprint_: 23948798 GetBytesAllocated: 14411520 HeapGrowthMultiplier: 3
12-21 16:46:39.515  3166  3658 I com.miui.home: CheckGCForNative gc_urgency 0.67536 current_native_bytes is 157596929
12-21 16:46:39.515  3166  3658 I cccccc  : getTaskThumbnailInfo: 2460 1.0  10705920
12-21 16:46:39.572  3166  3658 I com.miui.home: CheckGCForNative adj_start_bytes: 40776156 NativeAllocationGcWatermark: 11382207 java_gc_start_bytes: 23702846 kNewNativeDiscountFactor: 2 kOldNativeDiscountFactor: 65536 old_native_bytes: 131346821 new_native_bytes: 15676932 add_bytes_allowed: 34146621 is_gc_concurrent: 1 target_footprint_: 23948798 GetBytesAllocated: 14756000 HeapGrowthMultiplier: 3
12-21 16:46:39.572  3166  3658 I com.miui.home: CheckGCForNative gc_urgency 0.554159 current_native_bytes is 147023753
12-21 16:46:39.586  3166  3166 I wm_on_paused_called: [0,151440729,com.miui.home.launcher.Launcher,performPause,1]
12-21 16:46:39.626  3166  3221 D cccccc  : onTaskStackChangedBackground
12-21 16:46:39.626  3166  3649 D cccccc  : onTaskStackChangedBackground
12-21 16:46:39.627  3166  3221 D cccccc  : onTaskStackChangedBackground
12-21 16:46:39.633  3166  3649 D cccccc  : onTaskStackChangedBackground
12-21 16:46:39.679  3166  3658 I com.miui.home: CheckGCForNative adj_start_bytes: 40776156 NativeAllocationGcWatermark: 11382207 java_gc_start_bytes: 23702846 kNewNativeDiscountFactor: 2 kOldNativeDiscountFactor: 65536 old_native_bytes: 131346821 new_native_bytes: 15985652 add_bytes_allowed: 34146621 is_gc_concurrent: 1 target_footprint_: 23948798 GetBytesAllocated: 15280640 HeapGrowthMultiplier: 3
12-21 16:46:39.679  3166  3658 I com.miui.home: CheckGCForNative gc_urgency 0.570811 current_native_bytes is 147332473
12-21 16:46:39.699  3166  3649 D cccccc  : onTaskStackChangedBackground
12-21 16:46:39.700  3166  3738 D cccccc  : onTaskStackChangedBackground
12-21 16:46:39.700  3166  3221 D cccccc  : onTaskStackChangedBackground
12-21 16:46:39.729  3166  3658 I com.miui.home: CheckGCForNative adj_start_bytes: 40776156 NativeAllocationGcWatermark: 11382207 java_gc_start_bytes: 23702846 kNewNativeDiscountFactor: 2 kOldNativeDiscountFactor: 65536 old_native_bytes: 131346821 new_native_bytes: 16376592 add_bytes_allowed: 34146621 is_gc_concurrent: 1 target_footprint_: 23948798 GetBytesAllocated: 15747680 HeapGrowthMultiplier: 3
12-21 16:46:39.729  3166  3658 I com.miui.home: CheckGCForNative gc_urgency 0.587058 current_native_bytes is 147723413
12-21 16:46:39.781  3166  3344 I cccccc  : createTaskSnapshot:
12-21 16:46:39.810  3166  3344 I cccccc  : getTaskSnapshotInstance: 97
12-21 16:46:39.821  3166  3658 I com.miui.home: CheckGCForNative adj_start_bytes: 40776156 NativeAllocationGcWatermark: 11382207 java_gc_start_bytes: 23702846 kNewNativeDiscountFactor: 2 kOldNativeDiscountFactor: 65536 old_native_bytes: 131346821 new_native_bytes: 16743204 add_bytes_allowed: 34146621 is_gc_concurrent: 1 target_footprint_: 23948798 GetBytesAllocated: 16124800 HeapGrowthMultiplier: 3
12-21 16:46:39.822  3166  3658 I com.miui.home: CheckGCForNative gc_urgency 0.600802 current_native_bytes is 148090025
12-21 16:46:39.863  3166  3658 I com.miui.home: CheckGCForNative adj_start_bytes: 40776156 NativeAllocationGcWatermark: 11382207 java_gc_start_bytes: 23702846 kNewNativeDiscountFactor: 2 kOldNativeDiscountFactor: 65536 old_native_bytes: 131346821 new_native_bytes: 16982020 add_bytes_allowed: 34146621 is_gc_concurrent: 1 target_footprint_: 23948798 GetBytesAllocated: 16354176 HeapGrowthMultiplier: 3
12-21 16:46:39.865  3166  3658 I com.miui.home: CheckGCForNative gc_urgency 0.609356 current_native_bytes is 148328841
12-21 16:46:39.892  3166  3344 I cccccc  : createTaskSnapshot:
12-21 16:46:39.892  3166  3344 I cccccc  : getTaskSnapshotInstance: 97
12-21 16:46:40.318  8842  8842 I wm_on_create_called: [0,99429231,com.eg.android.AlipayGphone.AlipayLogin,performCreate,77]
12-21 16:46:40.322  8842  8842 I wm_on_start_called: [0,99429231,com.eg.android.AlipayGphone.AlipayLogin,handleStartActivity,3]
12-21 16:46:40.327  8842  8842 I wm_on_resume_called: [0,99429231,com.eg.android.AlipayGphone.AlipayLogin,RESUME_ACTIVITY,4]
12-21 16:46:40.349  8842  8842 I wm_on_top_resumed_gained_called: [99429231,com.eg.android.AlipayGphone.AlipayLogin,topStateChangedWhenResumed]
12-21 16:46:40.673  3166  3166 I wm_on_stop_called: [0,151440729,com.miui.home.launcher.Launcher,STOP_ACTIVITY_ITEM,8]
12-21 16:46:41.090  3166  3166 I wm_on_restart_called: [0,151440729,com.miui.home.launcher.Launcher,performRestartActivity,0]
12-21 16:46:41.091  3166  3166 I wm_on_start_called: [0,151440729,com.miui.home.launcher.Launcher,handleStartActivity,1]
12-21 16:46:41.150  3166  3649 I com.miui.home: CheckGCForNative adj_start_bytes: 40776156 NativeAllocationGcWatermark: 11382207 java_gc_start_bytes: 23702846 kNewNativeDiscountFactor: 2 kOldNativeDiscountFactor: 65536 old_native_bytes: 131346821 new_native_bytes: 27997972 add_bytes_allowed: 34146621 is_gc_concurrent: 1 target_footprint_: 23948798 GetBytesAllocated: 17124768 HeapGrowthMultiplier: 3
12-21 16:46:41.150  3166  3649 I com.miui.home: CheckGCForNative gc_urgency 0.763332 current_native_bytes is 159344793
12-21 16:46:41.150  3166  3649 I cccccc  : createTaskSnapshotCompat:
12-21 16:46:41.151  3166  3649 I com.miui.home: CheckGCForNative adj_start_bytes: 40776156 NativeAllocationGcWatermark: 11382207 java_gc_start_bytes: 23702846 kNewNativeDiscountFactor: 2 kOldNativeDiscountFactor: 65536 old_native_bytes: 131346821 new_native_bytes: 38703892 add_bytes_allowed: 34146621 is_gc_concurrent: 1 target_footprint_: 23948798 GetBytesAllocated: 17124960 HeapGrowthMultiplier: 3
12-21 16:46:41.151  3166  3649 I com.miui.home: CheckGCForNative gc_urgency 0.894614 current_native_bytes is 170050713
12-21 16:46:41.151  3166  3649 I cccccc  : getTaskThumbnailInfo: 2460 1.0  10705920
12-21 16:46:41.155  3166  3221 I cccccc  : getTaskSnapshot:
12-21 16:46:41.156  3166  3221 I com.miui.home: CheckGCForNative adj_start_bytes: 40776156 NativeAllocationGcWatermark: 11382207 java_gc_start_bytes: 23702846 kNewNativeDiscountFactor: 2 kOldNativeDiscountFactor: 65536 old_native_bytes: 131346821 new_native_bytes: 38703892 add_bytes_allowed: 34146621 is_gc_concurrent: 1 target_footprint_: 23948798 GetBytesAllocated: 17124960 HeapGrowthMultiplier: 3
12-21 16:46:41.156  3166  3221 I com.miui.home: CheckGCForNative gc_urgency 0.894614 current_native_bytes is 170050713
12-21 16:46:41.201  3166  3166 I cccccc  : createTaskSnapshotCompat:
12-21 16:46:41.201  3166  3166 I cccccc  : getTaskThumbnailInfo: 2460 1.0  10705920
12-21 16:46:41.203  3166  3378 I com.miui.home: CheckGCForNative adj_start_bytes: 40776156 NativeAllocationGcWatermark: 11382207 java_gc_start_bytes: 23702846 kNewNativeDiscountFactor: 2 kOldNativeDiscountFactor: 65536 old_native_bytes: 131346821 new_native_bytes: 28107380 add_bytes_allowed: 34146621 is_gc_concurrent: 1 target_footprint_: 23948798 GetBytesAllocated: 17272608 HeapGrowthMultiplier: 3
12-21 16:46:41.203  3166  3378 I com.miui.home: CheckGCForNative gc_urgency 0.7683 current_native_bytes is 159454201
12-21 16:46:41.273  9043  9043 I wm_on_application_create_called: [0,com.eg.android.AlipayGphone,313]
12-21 16:46:41.291  3166  3378 I com.miui.home: CheckGCForNative adj_start_bytes: 40776156 NativeAllocationGcWatermark: 11382207 java_gc_start_bytes: 23702846 kNewNativeDiscountFactor: 2 kOldNativeDiscountFactor: 65536 old_native_bytes: 131346821 new_native_bytes: 27905556 add_bytes_allowed: 34146621 is_gc_concurrent: 1 target_footprint_: 23948798 GetBytesAllocated: 17354528 HeapGrowthMultiplier: 3
12-21 16:46:41.291  3166  3378 I com.miui.home: CheckGCForNative gc_urgency 0.767834 current_native_bytes is 159252377
12-21 16:46:41.421  8842  8842 I wm_on_idle_called: com.eg.android.AlipayGphone.AlipayLogin
12-21 16:46:41.647  3166  3378 I com.miui.home: CheckGCForNative adj_start_bytes: 40776156 NativeAllocationGcWatermark: 11382207 java_gc_start_bytes: 23702846 kNewNativeDiscountFactor: 2 kOldNativeDiscountFactor: 65536 old_native_bytes: 131346821 new_native_bytes: 27934132 add_bytes_allowed: 34146621 is_gc_concurrent: 1 target_footprint_: 23948798 GetBytesAllocated: 17502040 HeapGrowthMultiplier: 3
12-21 16:46:41.647  3166  3378 I com.miui.home: CheckGCForNative gc_urgency 0.771802 current_native_bytes is 159280953
12-21 16:46:41.689  8842  8842 I wm_on_top_resumed_lost_called: [99429231,com.eg.android.AlipayGphone.AlipayLogin,topStateChangedWhenResumed]
12-21 16:46:41.708  8842  8842 I wm_on_paused_called: [0,99429231,com.eg.android.AlipayGphone.AlipayLogin,performPause,3]
12-21 16:46:41.743  3166  3377 I cccccc  : createTaskSnapshotCompat:
12-21 16:46:41.746  3166  3166 I wm_on_resume_called: [0,151440729,com.miui.home.launcher.Launcher,RESUME_ACTIVITY,8]
12-21 16:46:41.747  3166  3166 I wm_on_top_resumed_gained_called: [151440729,com.miui.home.launcher.Launcher,topWhenResuming]
12-21 16:46:41.750  3166  3166 I wm_on_idle_called: com.miui.home.launcher.Launcher
12-21 16:46:41.827  3166  3221 D cccccc  : onTaskStackChangedBackground
12-21 16:46:41.827  3166  3738 D cccccc  : onTaskStackChangedBackground
12-21 16:46:41.827  3166  3649 D cccccc  : onTaskStackChangedBackground
12-21 16:46:41.861  3166  3658 I com.miui.home: CheckGCForNative adj_start_bytes: 40776156 NativeAllocationGcWatermark: 11382207 java_gc_start_bytes: 23702846 kNewNativeDiscountFactor: 2 kOldNativeDiscountFactor: 65536 old_native_bytes: 131346821 new_native_bytes: 28155464 add_bytes_allowed: 34146621 is_gc_concurrent: 1 target_footprint_: 23948798 GetBytesAllocated: 18781240 HeapGrowthMultiplier: 3
12-21 16:46:41.861  3166  3658 I com.miui.home: CheckGCForNative gc_urgency 0.805887 current_native_bytes is 159502285
12-21 16:46:41.878  3166  3344 I cccccc  : createTaskSnapshot:
12-21 16:46:41.878  3166  3344 I cccccc  : getTaskSnapshotInstance: 97
12-21 16:46:41.879  3166  3344 I com.miui.home: CheckGCForNative adj_start_bytes: 40776156 NativeAllocationGcWatermark: 11382207 java_gc_start_bytes: 23702846 kNewNativeDiscountFactor: 2 kOldNativeDiscountFactor: 65536 old_native_bytes: 131346821 new_native_bytes: 39263048 add_bytes_allowed: 34146621 is_gc_concurrent: 1 target_footprint_: 23948798 GetBytesAllocated: 18994520 HeapGrowthMultiplier: 3
12-21 16:46:41.879  3166  3344 I com.miui.home: CheckGCForNative gc_urgency 0.94732 current_native_bytes is 170609869
12-21 16:46:41.879  3166  3344 I cccccc  : getTaskThumbnailInfo: 2460 1.0  10705920
12-21 16:46:41.890  3166  3658 I com.miui.home: CheckGCForNative adj_start_bytes: 40776156 NativeAllocationGcWatermark: 11382207 java_gc_start_bytes: 23702846 kNewNativeDiscountFactor: 2 kOldNativeDiscountFactor: 65536 old_native_bytes: 131346821 new_native_bytes: 41612220 add_bytes_allowed: 34146621 is_gc_concurrent: 1 target_footprint_: 23948798 GetBytesAllocated: 19174936 HeapGrowthMultiplier: 3
12-21 16:46:41.890  3166  3658 I com.miui.home: CheckGCForNative gc_urgency 0.98055 current_native_bytes is 172959041
12-21 16:46:41.908  3166  3344 I com.miui.home: CheckGCForNative adj_start_bytes: 40776156 NativeAllocationGcWatermark: 11382207 java_gc_start_bytes: 23702846 kNewNativeDiscountFactor: 2 kOldNativeDiscountFactor: 65536 old_native_bytes: 131346821 new_native_bytes: 54370492 add_bytes_allowed: 34146621 is_gc_concurrent: 1 target_footprint_: 23948798 GetBytesAllocated: 19289624 HeapGrowthMultiplier: 3
12-21 16:46:41.908  3166  3344 I com.miui.home: CheckGCForNative gc_urgency 1.13981 current_native_bytes is 185717313
12-21 16:46:41.916  3166  3344 I com.miui.home: CheckGCForNative requested 1
12-21 16:46:41.919  3166  3344 I com.miui.home: CheckGCForNative adj_start_bytes: 40776156 NativeAllocationGcWatermark: 11382207 java_gc_start_bytes: 23702846 kNewNativeDiscountFactor: 2 kOldNativeDiscountFactor: 65536 old_native_bytes: 131346821 new_native_bytes: 42598652 add_bytes_allowed: 34146621 is_gc_concurrent: 1 target_footprint_: 23948798 GetBytesAllocated: 19387928 HeapGrowthMultiplier: 3
12-21 16:46:41.919  3166  3344 I com.miui.home: CheckGCForNative gc_urgency 0.997869 current_native_bytes is 173945473
12-21 16:46:41.924  3166  3344 I com.miui.home: CheckGCForNative adj_start_bytes: 40776156 NativeAllocationGcWatermark: 11382207 java_gc_start_bytes: 23702846 kNewNativeDiscountFactor: 2 kOldNativeDiscountFactor: 65536 old_native_bytes: 131346821 new_native_bytes: 43380796 add_bytes_allowed: 34146621 is_gc_concurrent: 1 target_footprint_: 23948798 GetBytesAllocated: 19387928 HeapGrowthMultiplier: 3
12-21 16:46:41.924  3166  3344 I com.miui.home: CheckGCForNative gc_urgency 1.00746 current_native_bytes is 174727617
12-21 16:46:41.924  3166  3344 I com.miui.home: CheckGCForNative requested 1
12-21 16:46:41.988  3166  3344 I com.miui.home: CheckGCForNative gc_urgency 0 current_native_bytes is 150328693
12-21 16:46:41.988  3166  3344 I com.miui.home: CheckGCForNative adj_start_bytes: 40982193 NativeAllocationGcWatermark: 11403885 java_gc_start_bytes: 23876366 kNewNativeDiscountFactor: 2 kOldNativeDiscountFactor: 65536 old_native_bytes: 150328693 new_native_bytes: 1449864 add_bytes_allowed: 34211655 is_gc_concurrent: 1 target_footprint_: 24122222 GetBytesAllocated: 12110312 HeapGrowthMultiplier: 3
12-21 16:46:41.988  3166  3344 I com.miui.home: CheckGCForNative gc_urgency 0.313247 current_native_bytes is 151778557
12-21 16:46:41.995  3166  3344 I com.miui.home: CheckGCForNative adj_start_bytes: 40982193 NativeAllocationGcWatermark: 11403885 java_gc_start_bytes: 23876366 kNewNativeDiscountFactor: 2 kOldNativeDiscountFactor: 65536 old_native_bytes: 150328693 new_native_bytes: 12132864 add_bytes_allowed: 34211655 is_gc_concurrent: 1 target_footprint_: 24122222 GetBytesAllocated: 12126744 HeapGrowthMultiplier: 3
12-21 16:46:41.995  3166  3344 I com.miui.home: CheckGCForNative gc_urgency 0.443985 current_native_bytes is 162461557
12-21 16:46:42.003  3166  3166 I com.miui.home: CheckGCForNative adj_start_bytes: 40982193 NativeAllocationGcWatermark: 11403885 java_gc_start_bytes: 23876366 kNewNativeDiscountFactor: 2 kOldNativeDiscountFactor: 65536 old_native_bytes: 150328693 new_native_bytes: 9900372 add_bytes_allowed: 34211655 is_gc_concurrent: 1 target_footprint_: 24122222 GetBytesAllocated: 12126744 HeapGrowthMultiplier: 3
12-21 16:46:42.003  3166  3166 I com.miui.home: CheckGCForNative gc_urgency 0.416747 current_native_bytes is 160229065
12-21 16:46:42.076  3166  3166 I wm_on_top_resumed_lost_called: [151440729,com.miui.home.launcher.Launcher,topStateChangedWhenResumed]
12-21 16:46:42.081  3166  3166 I wm_on_paused_called: [0,151440729,com.miui.home.launcher.Launcher,performPause,2]
12-21 16:46:42.087  3166  3221 D cccccc  : onTaskStackChangedBackground
12-21 16:46:42.087  3166  3221 D cccccc  : onTaskStackChangedBackground
12-21 16:46:42.087  3166  3738 D cccccc  : onTaskStackChangedBackground
12-21 16:46:42.090  3166  3206 D cccccc  : onTaskStackChangedBackground
12-21 16:46:42.123  3166  3344 I com.miui.home: CheckGCForNative adj_start_bytes: 40982193 NativeAllocationGcWatermark: 11403885 java_gc_start_bytes: 23876366 kNewNativeDiscountFactor: 2 kOldNativeDiscountFactor: 65536 old_native_bytes: 150328693 new_native_bytes: 6358020 add_bytes_allowed: 34211655 is_gc_concurrent: 1 target_footprint_: 24122222 GetBytesAllocated: 12585896 HeapGrowthMultiplier: 3
12-21 16:46:42.123  3166  3344 I com.miui.home: CheckGCForNative gc_urgency 0.384733 current_native_bytes is 156686713
12-21 16:46:42.129  3166  3344 I com.miui.home: CheckGCForNative adj_start_bytes: 40982193 NativeAllocationGcWatermark: 11403885 java_gc_start_bytes: 23876366 kNewNativeDiscountFactor: 2 kOldNativeDiscountFactor: 65536 old_native_bytes: 150328693 new_native_bytes: 6730100 add_bytes_allowed: 34211655 is_gc_concurrent: 1 target_footprint_: 24122222 GetBytesAllocated: 12585896 HeapGrowthMultiplier: 3
12-21 16:46:42.130  3166  3344 I com.miui.home: CheckGCForNative gc_urgency 0.389272 current_native_bytes is 157058793
12-21 16:46:42.189  3166  3208 D cccccc  : onTaskStackChangedBackground
12-21 16:46:42.190  3166  9449 D cccccc  : onTaskStackChangedBackground
12-21 16:46:42.190  3166  3206 D cccccc  : onTaskStackChangedBackground
12-21 16:46:42.221  3166  3658 I com.miui.home: CheckGCForNative adj_start_bytes: 40982193 NativeAllocationGcWatermark: 11403885 java_gc_start_bytes: 23876366 kNewNativeDiscountFactor: 2 kOldNativeDiscountFactor: 65536 old_native_bytes: 150328693 new_native_bytes: 7642136 add_bytes_allowed: 34211655 is_gc_concurrent: 1 target_footprint_: 24122222 GetBytesAllocated: 13028632 HeapGrowthMultiplier: 3
12-21 16:46:42.221  3166  3658 I com.miui.home: CheckGCForNative gc_urgency 0.411203 current_native_bytes is 157970829
12-21 16:46:42.225  3166  3378 I com.miui.home: CheckGCForNative adj_start_bytes: 40982193 NativeAllocationGcWatermark: 11403885 java_gc_start_bytes: 23876366 kNewNativeDiscountFactor: 2 kOldNativeDiscountFactor: 65536 old_native_bytes: 150328693 new_native_bytes: 7646104 add_bytes_allowed: 34211655 is_gc_concurrent: 1 target_footprint_: 24122222 GetBytesAllocated: 13061400 HeapGrowthMultiplier: 3
12-21 16:46:42.225  3166  3378 I com.miui.home: CheckGCForNative gc_urgency 0.412051 current_native_bytes is 157974797
12-21 16:46:42.281  3166  3658 I com.miui.home: CheckGCForNative adj_start_bytes: 40982193 NativeAllocationGcWatermark: 11403885 java_gc_start_bytes: 23876366 kNewNativeDiscountFactor: 2 kOldNativeDiscountFactor: 65536 old_native_bytes: 150328693 new_native_bytes: 8855000 add_bytes_allowed: 34211655 is_gc_concurrent: 1 target_footprint_: 24122222 GetBytesAllocated: 13282680 HeapGrowthMultiplier: 3
12-21 16:46:42.281  3166  3658 I com.miui.home: CheckGCForNative gc_urgency 0.432199 current_native_bytes is 159183693
12-21 16:46:42.325  3166  3378 I com.miui.home: CheckGCForNative adj_start_bytes: 40982193 NativeAllocationGcWatermark: 11403885 java_gc_start_bytes: 23876366 kNewNativeDiscountFactor: 2 kOldNativeDiscountFactor: 65536 old_native_bytes: 150328693 new_native_bytes: 9254296 add_bytes_allowed: 34211655 is_gc_concurrent: 1 target_footprint_: 24122222 GetBytesAllocated: 13397432 HeapGrowthMultiplier: 3
12-21 16:46:42.325  3166  3378 I com.miui.home: CheckGCForNative gc_urgency 0.439871 current_native_bytes is 159582989
12-21 16:46:42.339  3166  3658 I cccccc  : createTaskSnapshot:
12-21 16:46:42.339  3166  3658 I cccccc  : getTaskSnapshotInstance: 98
12-21 16:46:42.380  3166  3658 I com.miui.home: CheckGCForNative adj_start_bytes: 40982193 NativeAllocationGcWatermark: 11403885 java_gc_start_bytes: 23876366 kNewNativeDiscountFactor: 2 kOldNativeDiscountFactor: 65536 old_native_bytes: 150328693 new_native_bytes: 10261740 add_bytes_allowed: 34211655 is_gc_concurrent: 1 target_footprint_: 24122222 GetBytesAllocated: 13791032 HeapGrowthMultiplier: 3
12-21 16:46:42.381  3166  3658 I com.miui.home: CheckGCForNative gc_urgency 0.461766 current_native_bytes is 160590433
12-21 16:46:42.412  3166  3658 I cccccc  : createTaskSnapshot:
12-21 16:46:42.412  3166  3658 I cccccc  : getTaskSnapshotInstance: 98
12-21 16:46:42.733  9450  9450 I wm_on_create_called: [0,76774955,com.xunmeng.pinduoduo.ui.activity.MainFrameActivity,performCreate,64]
12-21 16:46:42.848  9450  9450 I wm_on_create_called: [0,40880495,com.xunmeng.pinduoduo.ui.activity.HomeActivity,performCreate,28]
12-21 16:46:42.864  9450  9450 I wm_on_start_called: [0,40880495,com.xunmeng.pinduoduo.ui.activity.HomeActivity,handleStartActivity,16]
12-21 16:46:42.868  9450  9450 I wm_on_resume_called: [0,40880495,com.xunmeng.pinduoduo.ui.activity.HomeActivity,RESUME_ACTIVITY,3]
12-21 16:46:42.876  3166  9449 D cccccc  : onTaskStackChangedBackground
12-21 16:46:42.878  3166  9449 D cccccc  : onTaskStackChangedBackground
12-21 16:46:42.878  3166  3206 D cccccc  : onTaskStackChangedBackground
12-21 16:46:42.894  9450  9450 I wm_on_top_resumed_gained_called: [40880495,com.xunmeng.pinduoduo.ui.activity.HomeActivity,topStateChangedWhenResumed]
12-21 16:46:42.915  3166  3658 I com.miui.home: CheckGCForNative adj_start_bytes: 40982193 NativeAllocationGcWatermark: 11403885 java_gc_start_bytes: 23876366 kNewNativeDiscountFactor: 2 kOldNativeDiscountFactor: 65536 old_native_bytes: 150328693 new_native_bytes: 10367584 add_bytes_allowed: 34211655 is_gc_concurrent: 1 target_footprint_: 24122222 GetBytesAllocated: 14184824 HeapGrowthMultiplier: 3
12-21 16:46:42.915  3166  3658 I com.miui.home: CheckGCForNative gc_urgency 0.472666 current_native_bytes is 160696277
12-21 16:46:42.973  3166  3658 I com.miui.home: CheckGCForNative adj_start_bytes: 40982193 NativeAllocationGcWatermark: 11403885 java_gc_start_bytes: 23876366 kNewNativeDiscountFactor: 2 kOldNativeDiscountFactor: 65536 old_native_bytes: 150328693 new_native_bytes: 10659936 add_bytes_allowed: 34211655 is_gc_concurrent: 1 target_footprint_: 24122222 GetBytesAllocated: 14430584 HeapGrowthMultiplier: 3
12-21 16:46:42.973  3166  3658 I com.miui.home: CheckGCForNative gc_urgency 0.48223 current_native_bytes is 160988629
12-21 16:46:42.979  3166  3658 I cccccc  : createTaskSnapshot:
12-21 16:46:42.980  3166  3658 I cccccc  : getTaskSnapshotInstance: 98
12-21 16:46:43.031  3166  3658 I com.miui.home: CheckGCForNative adj_start_bytes: 40982193 NativeAllocationGcWatermark: 11403885 java_gc_start_bytes: 23876366 kNewNativeDiscountFactor: 2 kOldNativeDiscountFactor: 65536 old_native_bytes: 150328693 new_native_bytes: 11182612 add_bytes_allowed: 34211655 is_gc_concurrent: 1 target_footprint_: 24122222 GetBytesAllocated: 14791352 HeapGrowthMultiplier: 3
12-21 16:46:43.031  3166  3658 I com.miui.home: CheckGCForNative gc_urgency 0.49741 current_native_bytes is 161511305
12-21 16:46:43.064  3166  3658 I cccccc  : createTaskSnapshot:
12-21 16:46:43.064  3166  3658 I cccccc  : getTaskSnapshotInstance: 98
12-21 16:46:43.307  3166  3166 I wm_on_stop_called: [0,151440729,com.miui.home.launcher.Launcher,STOP_ACTIVITY_ITEM,3]
12-21 16:46:43.390  9450  9450 I wm_on_destroy_called: [0,76774955,com.xunmeng.pinduoduo.ui.activity.MainFrameActivity,performDestroy,5]
12-21 16:46:43.426  9450  9450 I wm_on_idle_called: com.xunmeng.pinduoduo.ui.activity.HomeActivity
12-21 16:46:43.496  3166  3166 I wm_on_restart_called: [0,151440729,com.miui.home.launcher.Launcher,performRestartActivity,0]
12-21 16:46:43.498  3166  3166 I wm_on_start_called: [0,151440729,com.miui.home.launcher.Launcher,handleStartActivity,1]
12-21 16:46:43.536  3166  3208 I com.miui.home: CheckGCForNative adj_start_bytes: 40982193 NativeAllocationGcWatermark: 11403885 java_gc_start_bytes: 23876366 kNewNativeDiscountFactor: 2 kOldNativeDiscountFactor: 65536 old_native_bytes: 150328693 new_native_bytes: 22426800 add_bytes_allowed: 34211655 is_gc_concurrent: 1 target_footprint_: 24122222 GetBytesAllocated: 15569912 HeapGrowthMultiplier: 3
12-21 16:46:43.536  3166  3208 I com.miui.home: CheckGCForNative gc_urgency 0.653591 current_native_bytes is 172755493
12-21 16:46:43.536  3166  3208 I cccccc  : createTaskSnapshotCompat:
12-21 16:46:43.537  3166  3208 I com.miui.home: CheckGCForNative adj_start_bytes: 40982193 NativeAllocationGcWatermark: 11403885 java_gc_start_bytes: 23876366 kNewNativeDiscountFactor: 2 kOldNativeDiscountFactor: 65536 old_native_bytes: 150328693 new_native_bytes: 33132752 add_bytes_allowed: 34211655 is_gc_concurrent: 1 target_footprint_: 24122222 GetBytesAllocated: 15570104 HeapGrowthMultiplier: 3
12-21 16:46:43.537  3166  3208 I com.miui.home: CheckGCForNative gc_urgency 0.784213 current_native_bytes is 183461445
12-21 16:46:43.537  3166  3208 I cccccc  : getTaskThumbnailInfo: 2460 1.0  10705920
12-21 16:46:43.625  3166  3378 I com.miui.home: CheckGCForNative adj_start_bytes: 40982193 NativeAllocationGcWatermark: 11403885 java_gc_start_bytes: 23876366 kNewNativeDiscountFactor: 2 kOldNativeDiscountFactor: 65536 old_native_bytes: 150328693 new_native_bytes: 22569896 add_bytes_allowed: 34211655 is_gc_concurrent: 1 target_footprint_: 24122222 GetBytesAllocated: 15766824 HeapGrowthMultiplier: 3
12-21 16:46:43.625  3166  3378 I com.miui.home: CheckGCForNative gc_urgency 0.660142 current_native_bytes is 172898589
12-21 16:46:43.677  3166  3166 I com.miui.home: CheckGCForNative adj_start_bytes: 40982193 NativeAllocationGcWatermark: 11403885 java_gc_start_bytes: 23876366 kNewNativeDiscountFactor: 2 kOldNativeDiscountFactor: 65536 old_native_bytes: 150328693 new_native_bytes: 22630376 add_bytes_allowed: 34211655 is_gc_concurrent: 1 target_footprint_: 24122222 GetBytesAllocated: 15930760 HeapGrowthMultiplier: 3
12-21 16:46:43.677  3166  3166 I com.miui.home: CheckGCForNative gc_urgency 0.66488 current_native_bytes is 172959069
12-21 16:46:43.700  3166  3208 I cccccc  : getTaskSnapshot:
12-21 16:46:43.701  3166  3208 I com.miui.home: CheckGCForNative adj_start_bytes: 40982193 NativeAllocationGcWatermark: 11403885 java_gc_start_bytes: 23876366 kNewNativeDiscountFactor: 2 kOldNativeDiscountFactor: 65536 old_native_bytes: 150328693 new_native_bytes: 33555496 add_bytes_allowed: 34211655 is_gc_concurrent: 1 target_footprint_: 24122222 GetBytesAllocated: 15979912 HeapGrowthMultiplier: 3
12-21 16:46:43.701  3166  3208 I com.miui.home: CheckGCForNative gc_urgency 0.79937 current_native_bytes is 183884189
12-21 16:46:43.709  3166  3166 I cccccc  : createTaskSnapshotCompat:
12-21 16:46:43.710  3166  3166 I cccccc  : getTaskThumbnailInfo: 2460 1.0  10705920
12-21 16:46:43.747  3166  3378 I com.miui.home: CheckGCForNative adj_start_bytes: 40982193 NativeAllocationGcWatermark: 11403885 java_gc_start_bytes: 23876366 kNewNativeDiscountFactor: 2 kOldNativeDiscountFactor: 65536 old_native_bytes: 150328693 new_native_bytes: 22869484 add_bytes_allowed: 34211655 is_gc_concurrent: 1 target_footprint_: 24122222 GetBytesAllocated: 16029256 HeapGrowthMultiplier: 3
12-21 16:46:43.747  3166  3378 I com.miui.home: CheckGCForNative gc_urgency 0.670201 current_native_bytes is 173198177
12-21 16:46:43.858  3166  3378 I com.miui.home: CheckGCForNative adj_start_bytes: 40982193 NativeAllocationGcWatermark: 11403885 java_gc_start_bytes: 23876366 kNewNativeDiscountFactor: 2 kOldNativeDiscountFactor: 65536 old_native_bytes: 150328693 new_native_bytes: 22878636 add_bytes_allowed: 34211655 is_gc_concurrent: 1 target_footprint_: 24122222 GetBytesAllocated: 16094792 HeapGrowthMultiplier: 3
12-21 16:46:43.858  3166  3378 I com.miui.home: CheckGCForNative gc_urgency 0.671911 current_native_bytes is 173207329
12-21 16:46:44.093  9450  9450 I wm_on_top_resumed_lost_called: [40880495,com.xunmeng.pinduoduo.ui.activity.HomeActivity,topStateChangedWhenResumed]
12-21 16:46:44.118  3166  3166 I wm_on_resume_called: [0,151440729,com.miui.home.launcher.Launcher,RESUME_ACTIVITY,5]
12-21 16:46:44.120  3166  3166 I wm_on_idle_called: com.miui.home.launcher.Launcher
12-21 16:46:44.125  3166  3363 I com.miui.home: CheckGCForNative adj_start_bytes: 40982193 NativeAllocationGcWatermark: 11403885 java_gc_start_bytes: 23876366 kNewNativeDiscountFactor: 2 kOldNativeDiscountFactor: 65536 old_native_bytes: 150328693 new_native_bytes: 22928428 add_bytes_allowed: 34211655 is_gc_concurrent: 1 target_footprint_: 24122222 GetBytesAllocated: 16324952 HeapGrowthMultiplier: 3
12-21 16:46:44.125  3166  3363 I com.miui.home: CheckGCForNative gc_urgency 0.678135 current_native_bytes is 173257121
12-21 16:46:44.139  3166  3166 I wm_on_top_resumed_gained_called: [151440729,com.miui.home.launcher.Launcher,topStateChangedWhenResumed]
12-21 16:46:44.143  9450  9450 I wm_on_paused_called: [0,40880495,com.xunmeng.pinduoduo.ui.activity.HomeActivity,performPause,4]
12-21 16:46:44.171  3166  3377 I cccccc  : createTaskSnapshotCompat:
12-21 16:46:44.229  9450  9450 I wm_on_stop_called: [0,40880495,com.xunmeng.pinduoduo.ui.activity.HomeActivity,STOP_ACTIVITY_ITEM,52]
12-21 16:46:44.252  3166  3206 D cccccc  : onTaskStackChangedBackground
12-21 16:46:44.255  3166  3206 D cccccc  : onTaskStackChangedBackground
12-21 16:46:44.255  3166  3208 D cccccc  : onTaskStackChangedBackground
12-21 16:46:44.316  3166  3658 I com.miui.home: CheckGCForNative adj_start_bytes: 40982193 NativeAllocationGcWatermark: 11403885 java_gc_start_bytes: 23876366 kNewNativeDiscountFactor: 2 kOldNativeDiscountFactor: 65536 old_native_bytes: 150328693 new_native_bytes: 23263232 add_bytes_allowed: 34211655 is_gc_concurrent: 1 target_footprint_: 24122222 GetBytesAllocated: 17439448 HeapGrowthMultiplier: 3
12-21 16:46:44.316  3166  3658 I com.miui.home: CheckGCForNative gc_urgency 0.709414 current_native_bytes is 173591925
12-21 16:46:44.323  3166  3658 I cccccc  : createTaskSnapshot:
12-21 16:46:44.323  3166  3658 I cccccc  : getTaskSnapshotInstance: 98
12-21 16:46:44.324  3166  3658 I com.miui.home: CheckGCForNative adj_start_bytes: 40982193 NativeAllocationGcWatermark: 11403885 java_gc_start_bytes: 23876366 kNewNativeDiscountFactor: 2 kOldNativeDiscountFactor: 65536 old_native_bytes: 150328693 new_native_bytes: 33995456 add_bytes_allowed: 34211655 is_gc_concurrent: 1 target_footprint_: 24122222 GetBytesAllocated: 17521368 HeapGrowthMultiplier: 3
12-21 16:46:44.324  3166  3658 I com.miui.home: CheckGCForNative gc_urgency 0.842351 current_native_bytes is 184324149
12-21 16:46:44.324  3166  3658 I cccccc  : getTaskThumbnailInfo: 2460 1.0  10705920
12-21 16:46:44.344  3166  3658 I com.miui.home: CheckGCForNative adj_start_bytes: 40982193 NativeAllocationGcWatermark: 11403885 java_gc_start_bytes: 23876366 kNewNativeDiscountFactor: 2 kOldNativeDiscountFactor: 65536 old_native_bytes: 150328693 new_native_bytes: 23944564 add_bytes_allowed: 34211655 is_gc_concurrent: 1 target_footprint_: 24122222 GetBytesAllocated: 17816792 HeapGrowthMultiplier: 3
12-21 16:46:44.344  3166  3658 I com.miui.home: CheckGCForNative gc_urgency 0.726934 current_native_bytes is 174273257
12-21 16:46:44.478  3166  3166 I wm_on_top_resumed_lost_called: [151440729,com.miui.home.launcher.Launcher,topStateChangedWhenResumed]
12-21 16:46:44.485  3166  3738 D cccccc  : onTaskStackChangedBackground
12-21 16:46:44.487  3166  9449 D cccccc  : onTaskStackChangedBackground
12-21 16:46:44.488  3166  9449 D cccccc  : onTaskStackChangedBackground
12-21 16:46:44.496  3166  3206 D cccccc  : onTaskStackChangedBackground
12-21 16:46:44.501  3166  3166 I wm_on_paused_called: [0,151440729,com.miui.home.launcher.Launcher,performPause,2]
