12-21 16:41:33.168  3133  3133 I wm_on_top_resumed_lost_called: [95840754,com.miui.home.launcher.Launcher,topStateChangedWhenResumed]
12-21 16:41:33.174  3133  3133 I wm_on_paused_called: [0,95840754,com.miui.home.launcher.Launcher,performPause,2]
12-21 16:41:33.190  3133  3197 D cccccc  : onTaskStackChangedBackground
12-21 16:41:33.190  3133  4313 D cccccc  : onTaskStackChangedBackground
12-21 16:41:33.191  3133  3197 D cccccc  : onTaskStackChangedBackground
12-21 16:41:33.192  3133  4313 D cccccc  : onTaskStackChangedBackground
12-21 16:41:33.282  3133  3605 D cccccc  : onTaskStackChangedBackground
12-21 16:41:33.283  3133  4313 D cccccc  : onTaskStackChangedBackground
12-21 16:41:33.283  3133  3197 D cccccc  : onTaskStackChangedBackground
12-21 16:41:33.354  3133  3647 I com.miui.home: CheckGCForNative adj_start_bytes: 38967742 NativeAllocationGcWatermark: 11179755 java_gc_start_bytes: 22198110 kNewNativeDiscountFactor: 2 kOldNativeDiscountFactor: 65536 old_native_bytes: 85736361 new_native_bytes: 818468 add_bytes_allowed: 33539265 is_gc_concurrent: 1 target_footprint_: 22329182 GetBytesAllocated: 12259008 HeapGrowthMultiplier: 3
12-21 16:41:33.354  3133  3647 I com.miui.home: CheckGCForNative gc_urgency 0.325129 current_native_bytes is 86554829
12-21 16:41:33.359  3133  3647 I com.miui.home: CheckGCForNative adj_start_bytes: 38967742 NativeAllocationGcWatermark: 11179755 java_gc_start_bytes: 22198110 kNewNativeDiscountFactor: 2 kOldNativeDiscountFactor: 65536 old_native_bytes: 85736361 new_native_bytes: 1279972 add_bytes_allowed: 33539265 is_gc_concurrent: 1 target_footprint_: 22329182 GetBytesAllocated: 12279488 HeapGrowthMultiplier: 3
12-21 16:41:33.359  3133  3647 I com.miui.home: CheckGCForNative gc_urgency 0.331576 current_native_bytes is 87016333
12-21 16:41:33.522  3133  3361 I com.miui.home: CheckGCForNative adj_start_bytes: 38967742 NativeAllocationGcWatermark: 11179755 java_gc_start_bytes: 22198110 kNewNativeDiscountFactor: 2 kOldNativeDiscountFactor: 65536 old_native_bytes: 85736361 new_native_bytes: 1941396 add_bytes_allowed: 33539265 is_gc_concurrent: 1 target_footprint_: 22329182 GetBytesAllocated: 12493056 HeapGrowthMultiplier: 3
12-21 16:41:33.522  3133  3361 I com.miui.home: CheckGCForNative gc_urgency 0.345544 current_native_bytes is 87677757
12-21 16:41:33.540  3133  3647 I com.miui.home: CheckGCForNative adj_start_bytes: 38967742 NativeAllocationGcWatermark: 11179755 java_gc_start_bytes: 22198110 kNewNativeDiscountFactor: 2 kOldNativeDiscountFactor: 65536 old_native_bytes: 85736361 new_native_bytes: 2372804 add_bytes_allowed: 33539265 is_gc_concurrent: 1 target_footprint_: 22329182 GetBytesAllocated: 12542400 HeapGrowthMultiplier: 3
12-21 16:41:33.540  3133  3647 I com.miui.home: CheckGCForNative gc_urgency 0.352346 current_native_bytes is 88109165
12-21 16:41:33.566  3133  3361 I com.miui.home: CheckGCForNative adj_start_bytes: 38967742 NativeAllocationGcWatermark: 11179755 java_gc_start_bytes: 22198110 kNewNativeDiscountFactor: 2 kOldNativeDiscountFactor: 65536 old_native_bytes: 85736361 new_native_bytes: 2731620 add_bytes_allowed: 33539265 is_gc_concurrent: 1 target_footprint_: 22329182 GetBytesAllocated: 12542400 HeapGrowthMultiplier: 3
12-21 16:41:33.566  3133  3361 I com.miui.home: CheckGCForNative gc_urgency 0.35695 current_native_bytes is 88467981
12-21 16:41:33.587  3133  3647 I com.miui.home: CheckGCForNative adj_start_bytes: 38967742 NativeAllocationGcWatermark: 11179755 java_gc_start_bytes: 22198110 kNewNativeDiscountFactor: 2 kOldNativeDiscountFactor: 65536 old_native_bytes: 85736361 new_native_bytes: 3138564 add_bytes_allowed: 33539265 is_gc_concurrent: 1 target_footprint_: 22329182 GetBytesAllocated: 12612112 HeapGrowthMultiplier: 3
12-21 16:41:33.587  3133  3647 I com.miui.home: CheckGCForNative gc_urgency 0.36396 current_native_bytes is 88874925
12-21 16:41:33.592  3133  3647 I com.miui.home: CheckGCForNative adj_start_bytes: 38967742 NativeAllocationGcWatermark: 11179755 java_gc_start_bytes: 22198110 kNewNativeDiscountFactor: 2 kOldNativeDiscountFactor: 65536 old_native_bytes: 85736361 new_native_bytes: 3593092 add_bytes_allowed: 33539265 is_gc_concurrent: 1 target_footprint_: 22329182 GetBytesAllocated: 12632592 HeapGrowthMultiplier: 3
12-21 16:41:33.592  3133  3647 I com.miui.home: CheckGCForNative gc_urgency 0.370318 current_native_bytes is 89329453
12-21 16:41:33.643  3133  3647 I com.miui.home: CheckGCForNative adj_start_bytes: 38967742 NativeAllocationGcWatermark: 11179755 java_gc_start_bytes: 22198110 kNewNativeDiscountFactor: 2 kOldNativeDiscountFactor: 65536 old_native_bytes: 85736361 new_native_bytes: 3843028 add_bytes_allowed: 33539265 is_gc_concurrent: 1 target_footprint_: 22329182 GetBytesAllocated: 12681920 HeapGrowthMultiplier: 3
12-21 16:41:33.643  3133  3647 I com.miui.home: CheckGCForNative gc_urgency 0.374791 current_native_bytes is 89579389
12-21 16:41:33.650  3133  3647 I com.miui.home: CheckGCForNative adj_start_bytes: 38967742 NativeAllocationGcWatermark: 11179755 java_gc_start_bytes: 22198110 kNewNativeDiscountFactor: 2 kOldNativeDiscountFactor: 65536 old_native_bytes: 85736361 new_native_bytes: 4216596 add_bytes_allowed: 33539265 is_gc_concurrent: 1 target_footprint_: 22329182 GetBytesAllocated: 12682032 HeapGrowthMultiplier: 3
12-21 16:41:33.650  3133  3647 I com.miui.home: CheckGCForNative gc_urgency 0.379587 current_native_bytes is 89952957
12-21 16:41:33.682  3133  3647 I com.miui.home: CheckGCForNative adj_start_bytes: 38967742 NativeAllocationGcWatermark: 11179755 java_gc_start_bytes: 22198110 kNewNativeDiscountFactor: 2 kOldNativeDiscountFactor: 65536 old_native_bytes: 85736361 new_native_bytes: 4983468 add_bytes_allowed: 33539265 is_gc_concurrent: 1 target_footprint_: 22329182 GetBytesAllocated: 12751728 HeapGrowthMultiplier: 3
12-21 16:41:33.683  3133  3647 I com.miui.home: CheckGCForNative gc_urgency 0.391215 current_native_bytes is 90719829
12-21 16:41:33.686  3133  3647 I com.miui.home: CheckGCForNative adj_start_bytes: 38967742 NativeAllocationGcWatermark: 11179755 java_gc_start_bytes: 22198110 kNewNativeDiscountFactor: 2 kOldNativeDiscountFactor: 65536 old_native_bytes: 85736361 new_native_bytes: 5445036 add_bytes_allowed: 33539265 is_gc_concurrent: 1 target_footprint_: 22329182 GetBytesAllocated: 12772208 HeapGrowthMultiplier: 3
12-21 16:41:33.686  3133  3647 I com.miui.home: CheckGCForNative gc_urgency 0.397663 current_native_bytes is 91181397
12-21 16:41:33.714  3133  3647 I com.miui.home: CheckGCForNative adj_start_bytes: 38967742 NativeAllocationGcWatermark: 11179755 java_gc_start_bytes: 22198110 kNewNativeDiscountFactor: 2 kOldNativeDiscountFactor: 65536 old_native_bytes: 85736361 new_native_bytes: 6680204 add_bytes_allowed: 33539265 is_gc_concurrent: 1 target_footprint_: 22329182 GetBytesAllocated: 12805152 HeapGrowthMultiplier: 3
12-21 16:41:33.714  3133  3647 I com.miui.home: CheckGCForNative gc_urgency 0.414357 current_native_bytes is 92416565
12-21 16:41:33.725  3133  3647 I com.miui.home: CheckGCForNative adj_start_bytes: 38967742 NativeAllocationGcWatermark: 11179755 java_gc_start_bytes: 22198110 kNewNativeDiscountFactor: 2 kOldNativeDiscountFactor: 65536 old_native_bytes: 85736361 new_native_bytes: 7106572 add_bytes_allowed: 33539265 is_gc_concurrent: 1 target_footprint_: 22329182 GetBytesAllocated: 12805152 HeapGrowthMultiplier: 3
12-21 16:41:33.726  3133  3647 I com.miui.home: CheckGCForNative gc_urgency 0.419828 current_native_bytes is 92842933
12-21 16:41:33.747  3133  3647 I com.miui.home: CheckGCForNative adj_start_bytes: 38967742 NativeAllocationGcWatermark: 11179755 java_gc_start_bytes: 22198110 kNewNativeDiscountFactor: 2 kOldNativeDiscountFactor: 65536 old_native_bytes: 85736361 new_native_bytes: 7868300 add_bytes_allowed: 33539265 is_gc_concurrent: 1 target_footprint_: 22329182 GetBytesAllocated: 12854496 HeapGrowthMultiplier: 3
12-21 16:41:33.747  3133  3647 I com.miui.home: CheckGCForNative gc_urgency 0.430868 current_native_bytes is 93604661
12-21 16:41:33.748  3133  3647 I com.miui.home: CheckGCForNative adj_start_bytes: 38967742 NativeAllocationGcWatermark: 11179755 java_gc_start_bytes: 22198110 kNewNativeDiscountFactor: 2 kOldNativeDiscountFactor: 65536 old_native_bytes: 85736361 new_native_bytes: 8327692 add_bytes_allowed: 33539265 is_gc_concurrent: 1 target_footprint_: 22329182 GetBytesAllocated: 12854496 HeapGrowthMultiplier: 3
12-21 16:41:33.750  3133  3647 I com.miui.home: CheckGCForNative gc_urgency 0.436763 current_native_bytes is 94064053
12-21 16:41:33.795  3133  3647 I com.miui.home: CheckGCForNative adj_start_bytes: 38967742 NativeAllocationGcWatermark: 11179755 java_gc_start_bytes: 22198110 kNewNativeDiscountFactor: 2 kOldNativeDiscountFactor: 65536 old_native_bytes: 85736361 new_native_bytes: 9340876 add_bytes_allowed: 33539265 is_gc_concurrent: 1 target_footprint_: 22329182 GetBytesAllocated: 12887328 HeapGrowthMultiplier: 3
12-21 16:41:33.796  3133  3647 I com.miui.home: CheckGCForNative gc_urgency 0.450605 current_native_bytes is 95077237
12-21 16:41:33.875  3133  3647 I com.miui.home: CheckGCForNative adj_start_bytes: 38967742 NativeAllocationGcWatermark: 11179755 java_gc_start_bytes: 22198110 kNewNativeDiscountFactor: 2 kOldNativeDiscountFactor: 65536 old_native_bytes: 85736361 new_native_bytes: 10046660 add_bytes_allowed: 33539265 is_gc_concurrent: 1 target_footprint_: 22329182 GetBytesAllocated: 12940640 HeapGrowthMultiplier: 3
12-21 16:41:33.875  3133  3647 I com.miui.home: CheckGCForNative gc_urgency 0.461029 current_native_bytes is 95783021
12-21 16:41:33.878  3133  3647 I com.miui.home: CheckGCForNative adj_start_bytes: 38967742 NativeAllocationGcWatermark: 11179755 java_gc_start_bytes: 22198110 kNewNativeDiscountFactor: 2 kOldNativeDiscountFactor: 65536 old_native_bytes: 85736361 new_native_bytes: 10507972 add_bytes_allowed: 33539265 is_gc_concurrent: 1 target_footprint_: 22329182 GetBytesAllocated: 12977504 HeapGrowthMultiplier: 3
12-21 16:41:33.878  3133  3647 I com.miui.home: CheckGCForNative gc_urgency 0.467895 current_native_bytes is 96244333
12-21 16:41:33.880  3133  3647 I com.miui.home: CheckGCForNative adj_start_bytes: 38967742 NativeAllocationGcWatermark: 11179755 java_gc_start_bytes: 22198110 kNewNativeDiscountFactor: 2 kOldNativeDiscountFactor: 65536 old_native_bytes: 85736361 new_native_bytes: 10614948 add_bytes_allowed: 33539265 is_gc_concurrent: 1 target_footprint_: 22329182 GetBytesAllocated: 12977504 HeapGrowthMultiplier: 3
12-21 16:41:33.880  3133  3647 I com.miui.home: CheckGCForNative gc_urgency 0.469267 current_native_bytes is 96351309
12-21 16:41:33.929  3133  3647 I com.miui.home: CheckGCForNative adj_start_bytes: 38967742 NativeAllocationGcWatermark: 11179755 java_gc_start_bytes: 22198110 kNewNativeDiscountFactor: 2 kOldNativeDiscountFactor: 65536 old_native_bytes: 85736361 new_native_bytes: 11251748 add_bytes_allowed: 33539265 is_gc_concurrent: 1 target_footprint_: 22329182 GetBytesAllocated: 13010448 HeapGrowthMultiplier: 3
12-21 16:41:33.930  3133  3647 I com.miui.home: CheckGCForNative gc_urgency 0.478284 current_native_bytes is 96988109
12-21 16:41:33.937  3133  3647 I com.miui.home: CheckGCForNative adj_start_bytes: 38967742 NativeAllocationGcWatermark: 11179755 java_gc_start_bytes: 22198110 kNewNativeDiscountFactor: 2 kOldNativeDiscountFactor: 65536 old_native_bytes: 85736361 new_native_bytes: 12018212 add_bytes_allowed: 33539265 is_gc_concurrent: 1 target_footprint_: 22329182 GetBytesAllocated: 13010448 HeapGrowthMultiplier: 3
12-21 16:41:33.937  3133  3647 I com.miui.home: CheckGCForNative gc_urgency 0.488118 current_native_bytes is 97754573
12-21 16:41:33.989  3133  3647 I com.miui.home: CheckGCForNative adj_start_bytes: 38967742 NativeAllocationGcWatermark: 11179755 java_gc_start_bytes: 22198110 kNewNativeDiscountFactor: 2 kOldNativeDiscountFactor: 65536 old_native_bytes: 85736361 new_native_bytes: 12400444 add_bytes_allowed: 33539265 is_gc_concurrent: 1 target_footprint_: 22329182 GetBytesAllocated: 13059776 HeapGrowthMultiplier: 3
12-21 16:41:33.989  3133  3647 I com.miui.home: CheckGCForNative gc_urgency 0.494288 current_native_bytes is 98136805
12-21 16:41:33.995  3133  3647 I com.miui.home: CheckGCForNative adj_start_bytes: 38967742 NativeAllocationGcWatermark: 11179755 java_gc_start_bytes: 22198110 kNewNativeDiscountFactor: 2 kOldNativeDiscountFactor: 65536 old_native_bytes: 85736361 new_native_bytes: 12796988 add_bytes_allowed: 33539265 is_gc_concurrent: 1 target_footprint_: 22329182 GetBytesAllocated: 13059776 HeapGrowthMultiplier: 3
12-21 16:41:33.996  3133  3647 I com.miui.home: CheckGCForNative gc_urgency 0.499377 current_native_bytes is 98533349
12-21 16:41:34.021  3133  3647 I com.miui.home: CheckGCForNative adj_start_bytes: 38967742 NativeAllocationGcWatermark: 11179755 java_gc_start_bytes: 22198110 kNewNativeDiscountFactor: 2 kOldNativeDiscountFactor: 65536 old_native_bytes: 85736361 new_native_bytes: 13341716 add_bytes_allowed: 33539265 is_gc_concurrent: 1 target_footprint_: 22329182 GetBytesAllocated: 13092720 HeapGrowthMultiplier: 3
12-21 16:41:34.021  3133  3647 I com.miui.home: CheckGCForNative gc_urgency 0.507211 current_native_bytes is 99078077
12-21 16:41:34.065  3133  3647 I com.miui.home: CheckGCForNative adj_start_bytes: 38967742 NativeAllocationGcWatermark: 11179755 java_gc_start_bytes: 22198110 kNewNativeDiscountFactor: 2 kOldNativeDiscountFactor: 65536 old_native_bytes: 85736361 new_native_bytes: 13872340 add_bytes_allowed: 33539265 is_gc_concurrent: 1 target_footprint_: 22329182 GetBytesAllocated: 13125680 HeapGrowthMultiplier: 3
12-21 16:41:34.065  3133  3647 I com.miui.home: CheckGCForNative gc_urgency 0.514866 current_native_bytes is 99608701
12-21 16:41:34.073  3133  3647 I com.miui.home: CheckGCForNative adj_start_bytes: 38967742 NativeAllocationGcWatermark: 11179755 java_gc_start_bytes: 22198110 kNewNativeDiscountFactor: 2 kOldNativeDiscountFactor: 65536 old_native_bytes: 85736361 new_native_bytes: 14268660 add_bytes_allowed: 33539265 is_gc_concurrent: 1 target_footprint_: 22329182 GetBytesAllocated: 13142064 HeapGrowthMultiplier: 3
12-21 16:41:34.073  3133  3647 I com.miui.home: CheckGCForNative gc_urgency 0.520371 current_native_bytes is 100005021
12-21 16:41:34.303  3133  3647 I cccccc  : createTaskSnapshot:
12-21 16:41:34.303  3133  3647 I cccccc  : getTaskSnapshotInstance: 78
12-21 16:41:34.308  3133  3647 I cccccc  : createTaskSnapshot:
12-21 16:41:34.308  3133  3647 I cccccc  : getTaskSnapshotInstance: 77
12-21 16:41:34.364  7930  7930 I wm_on_application_create_called: [0,com.autonavi.minimap,391]
12-21 16:41:34.571  7844  7844 I wm_on_application_create_called: [0,com.autonavi.minimap,969]
12-21 16:41:34.589  3133  3197 I com.miui.home: CheckGCForNative adj_start_bytes: 38967742 NativeAllocationGcWatermark: 11179755 java_gc_start_bytes: 22198110 kNewNativeDiscountFactor: 2 kOldNativeDiscountFactor: 65536 old_native_bytes: 85736361 new_native_bytes: 27008796 add_bytes_allowed: 33539265 is_gc_concurrent: 1 target_footprint_: 22329182 GetBytesAllocated: 13700784 HeapGrowthMultiplier: 3
12-21 16:41:34.589  3133  3197 I com.miui.home: CheckGCForNative gc_urgency 0.69818 current_native_bytes is 112745157
12-21 16:41:34.589  3133  3197 I cccccc  : createTaskSnapshotCompat:
12-21 16:41:34.590  3133  3197 I com.miui.home: CheckGCForNative adj_start_bytes: 38967742 NativeAllocationGcWatermark: 11179755 java_gc_start_bytes: 22198110 kNewNativeDiscountFactor: 2 kOldNativeDiscountFactor: 65536 old_native_bytes: 85736361 new_native_bytes: 37712188 add_bytes_allowed: 33539265 is_gc_concurrent: 1 target_footprint_: 22329182 GetBytesAllocated: 13717360 HeapGrowthMultiplier: 3
12-21 16:41:34.590  3133  3197 I com.miui.home: CheckGCForNative gc_urgency 0.835942 current_native_bytes is 123448549
12-21 16:41:34.590  3133  3197 I cccccc  : getTaskThumbnailInfo: 2460 1.0  10705920
12-21 16:41:34.591  3133  3707 I cccccc  : getTaskSnapshot:
12-21 16:41:34.592  3133  3707 I com.miui.home: CheckGCForNative adj_start_bytes: 38967742 NativeAllocationGcWatermark: 11179755 java_gc_start_bytes: 22198110 kNewNativeDiscountFactor: 2 kOldNativeDiscountFactor: 65536 old_native_bytes: 85736361 new_native_bytes: 37712764 add_bytes_allowed: 33539265 is_gc_concurrent: 1 target_footprint_: 22329182 GetBytesAllocated: 13750128 HeapGrowthMultiplier: 3
12-21 16:41:34.592  3133  3707 I com.miui.home: CheckGCForNative gc_urgency 0.83679 current_native_bytes is 123449125
12-21 16:41:34.601  3133  3133 I cccccc  : createTaskSnapshotCompat:
12-21 16:41:34.601  3133  3133 I cccccc  : getTaskThumbnailInfo: 2460 1.0  10705920
12-21 16:41:34.653  3133  3133 I wm_on_stop_called: [0,95840754,com.miui.home.launcher.Launcher,STOP_ACTIVITY_ITEM,3]
12-21 16:41:34.771  3133  3647 I com.miui.home: CheckGCForNative adj_start_bytes: 38967742 NativeAllocationGcWatermark: 11179755 java_gc_start_bytes: 22198110 kNewNativeDiscountFactor: 2 kOldNativeDiscountFactor: 65536 old_native_bytes: 85736361 new_native_bytes: 37759860 add_bytes_allowed: 33539265 is_gc_concurrent: 1 target_footprint_: 22329182 GetBytesAllocated: 13938928 HeapGrowthMultiplier: 3
12-21 16:41:34.771  3133  3647 I com.miui.home: CheckGCForNative gc_urgency 0.842239 current_native_bytes is 123496221
12-21 16:41:34.772  3133  3647 I com.miui.home: CheckGCForNative adj_start_bytes: 38967742 NativeAllocationGcWatermark: 11179755 java_gc_start_bytes: 22198110 kNewNativeDiscountFactor: 2 kOldNativeDiscountFactor: 65536 old_native_bytes: 85736361 new_native_bytes: 48465780 add_bytes_allowed: 33539265 is_gc_concurrent: 1 target_footprint_: 22329182 GetBytesAllocated: 13939120 HeapGrowthMultiplier: 3
12-21 16:41:34.772  3133  3647 I com.miui.home: CheckGCForNative gc_urgency 0.979613 current_native_bytes is 134202141
12-21 16:41:34.772  3133  3647 I cccccc  : getTaskThumbnailInfo: 2460 1.0  10705920
12-21 16:41:34.772  3133  3647 I cccccc  : createTaskSnapshot:
12-21 16:41:34.772  3133  3647 I cccccc  : getTaskSnapshotInstance: 76
12-21 16:41:34.774  7844  7844 I wm_on_create_called: [0,114695430,com.autonavi.map.activity.SplashActivity,performCreate,160]
12-21 16:41:34.814  3133  3647 I com.miui.home: CheckGCForNative adj_start_bytes: 38967742 NativeAllocationGcWatermark: 11179755 java_gc_start_bytes: 22198110 kNewNativeDiscountFactor: 2 kOldNativeDiscountFactor: 65536 old_native_bytes: 85736361 new_native_bytes: 48467444 add_bytes_allowed: 33539265 is_gc_concurrent: 1 target_footprint_: 22329182 GetBytesAllocated: 13955504 HeapGrowthMultiplier: 3
12-21 16:41:34.814  3133  3647 I com.miui.home: CheckGCForNative gc_urgency 0.980055 current_native_bytes is 134203805
12-21 16:41:34.814  3133  3647 I com.miui.home: CheckGCForNative adj_start_bytes: 38967742 NativeAllocationGcWatermark: 11179755 java_gc_start_bytes: 22198110 kNewNativeDiscountFactor: 2 kOldNativeDiscountFactor: 65536 old_native_bytes: 85736361 new_native_bytes: 59173364 add_bytes_allowed: 33539265 is_gc_concurrent: 1 target_footprint_: 22329182 GetBytesAllocated: 13972096 HeapGrowthMultiplier: 3
12-21 16:41:34.814  3133  3647 I com.miui.home: CheckGCForNative gc_urgency 1.11785 current_native_bytes is 144909725
12-21 16:41:34.815  3133  3647 I com.miui.home: CheckGCForNative requested 1
12-21 16:41:34.815  3133  3647 I cccccc  : getTaskThumbnailInfo: 2460 1.0  10705920
12-21 16:41:34.914  3133  3706 D cccccc  : onTaskStackChangedBackground
12-21 16:41:34.915  3133  3707 D cccccc  : onTaskStackChangedBackground
12-21 16:41:34.917  3133  3197 D cccccc  : onTaskStackChangedBackground
12-21 16:41:34.927  3133  3647 I com.miui.home: CheckGCForNative adj_start_bytes: 38967742 NativeAllocationGcWatermark: 11179755 java_gc_start_bytes: 22198110 kNewNativeDiscountFactor: 2 kOldNativeDiscountFactor: 65536 old_native_bytes: 85736361 new_native_bytes: 48602964 add_bytes_allowed: 33539265 is_gc_concurrent: 1 target_footprint_: 22329182 GetBytesAllocated: 14251520 HeapGrowthMultiplier: 3
12-21 16:41:34.927  3133  3647 I com.miui.home: CheckGCForNative gc_urgency 0.98939 current_native_bytes is 134339325
12-21 16:41:34.939  7844  7844 I wm_on_create_called: [0,65878326,com.autonavi.map.activity.NewMapActivity,performCreate,104]
12-21 16:41:34.955  7844  7844 I wm_on_start_called: [0,65878326,com.autonavi.map.activity.NewMapActivity,handleStartActivity,16]
12-21 16:41:34.960  7844  7844 I wm_on_resume_called: [0,65878326,com.autonavi.map.activity.NewMapActivity,RESUME_ACTIVITY,5]
12-21 16:41:34.976  3133  3647 I com.miui.home: CheckGCForNative gc_urgency 0 current_native_bytes is 115102069
12-21 16:41:34.981  3133  3647 I com.miui.home: CheckGCForNative adj_start_bytes: 40016219 NativeAllocationGcWatermark: 11309193 java_gc_start_bytes: 23052430 kNewNativeDiscountFactor: 2 kOldNativeDiscountFactor: 65536 old_native_bytes: 115102069 new_native_bytes: 460416 add_bytes_allowed: 33927579 is_gc_concurrent: 1 target_footprint_: 23364686 GetBytesAllocated: 11723304 HeapGrowthMultiplier: 3
12-21 16:41:34.981  3133  3647 I com.miui.home: CheckGCForNative gc_urgency 0.298761 current_native_bytes is 115562485
12-21 16:41:34.998  7844  7844 I wm_on_top_resumed_gained_called: [65878326,com.autonavi.map.activity.NewMapActivity,topStateChangedWhenResumed]
12-21 16:41:35.020  3133  3647 I com.miui.home: CheckGCForNative gc_urgency 0 current_native_bytes is 112663929
12-21 16:41:35.026  3133  3647 I com.miui.home: CheckGCForNative gc_urgency 0 current_native_bytes is 111850233
12-21 16:41:35.056  3133  3647 I com.miui.home: CheckGCForNative gc_urgency 0 current_native_bytes is 111426081
12-21 16:41:35.060  3133  3647 I com.miui.home: CheckGCForNative adj_start_bytes: 40016219 NativeAllocationGcWatermark: 11309193 java_gc_start_bytes: 23052430 kNewNativeDiscountFactor: 2 kOldNativeDiscountFactor: 65536 old_native_bytes: 111426081 new_native_bytes: 460032 add_bytes_allowed: 33927579 is_gc_concurrent: 1 target_footprint_: 23364686 GetBytesAllocated: 11895672 HeapGrowthMultiplier: 3
12-21 16:41:35.061  3133  3647 I com.miui.home: CheckGCForNative gc_urgency 0.303063 current_native_bytes is 111886113
12-21 16:41:35.090  3133  3647 I com.miui.home: CheckGCForNative adj_start_bytes: 40016219 NativeAllocationGcWatermark: 11309193 java_gc_start_bytes: 23052430 kNewNativeDiscountFactor: 2 kOldNativeDiscountFactor: 65536 old_native_bytes: 111426081 new_native_bytes: 1696544 add_bytes_allowed: 33927579 is_gc_concurrent: 1 target_footprint_: 23364686 GetBytesAllocated: 11945208 HeapGrowthMultiplier: 3
12-21 16:41:35.091  3133  3647 I com.miui.home: CheckGCForNative gc_urgency 0.31975 current_native_bytes is 113122625
12-21 16:41:35.104  3133  3647 I com.miui.home: CheckGCForNative adj_start_bytes: 40016219 NativeAllocationGcWatermark: 11309193 java_gc_start_bytes: 23052430 kNewNativeDiscountFactor: 2 kOldNativeDiscountFactor: 65536 old_native_bytes: 111426081 new_native_bytes: 2123104 add_bytes_allowed: 33927579 is_gc_concurrent: 1 target_footprint_: 23364686 GetBytesAllocated: 11945208 HeapGrowthMultiplier: 3
12-21 16:41:35.108  3133  3647 I com.miui.home: CheckGCForNative gc_urgency 0.32508 current_native_bytes is 113549185
12-21 16:41:35.118  3133  3647 I com.miui.home: CheckGCForNative adj_start_bytes: 40016219 NativeAllocationGcWatermark: 11309193 java_gc_start_bytes: 23052430 kNewNativeDiscountFactor: 2 kOldNativeDiscountFactor: 65536 old_native_bytes: 111426081 new_native_bytes: 2884640 add_bytes_allowed: 33927579 is_gc_concurrent: 1 target_footprint_: 23364686 GetBytesAllocated: 11994600 HeapGrowthMultiplier: 3
12-21 16:41:35.118  3133  3647 I com.miui.home: CheckGCForNative gc_urgency 0.335829 current_native_bytes is 114310721
12-21 16:41:35.120  3133  3647 I com.miui.home: CheckGCForNative adj_start_bytes: 40016219 NativeAllocationGcWatermark: 11309193 java_gc_start_bytes: 23052430 kNewNativeDiscountFactor: 2 kOldNativeDiscountFactor: 65536 old_native_bytes: 111426081 new_native_bytes: 3344032 add_bytes_allowed: 33927579 is_gc_concurrent: 1 target_footprint_: 23364686 GetBytesAllocated: 11994600 HeapGrowthMultiplier: 3
12-21 16:41:35.120  3133  3647 I com.miui.home: CheckGCForNative gc_urgency 0.341569 current_native_bytes is 114770113
12-21 16:41:35.145  3133  3647 I com.miui.home: CheckGCForNative adj_start_bytes: 40016219 NativeAllocationGcWatermark: 11309193 java_gc_start_bytes: 23052430 kNewNativeDiscountFactor: 2 kOldNativeDiscountFactor: 65536 old_native_bytes: 111426081 new_native_bytes: 4357536 add_bytes_allowed: 33927579 is_gc_concurrent: 1 target_footprint_: 23364686 GetBytesAllocated: 12027432 HeapGrowthMultiplier: 3
12-21 16:41:35.145  3133  3647 I com.miui.home: CheckGCForNative gc_urgency 0.355054 current_native_bytes is 115783617
12-21 16:41:35.163  3133  3647 I com.miui.home: CheckGCForNative adj_start_bytes: 40016219 NativeAllocationGcWatermark: 11309193 java_gc_start_bytes: 23052430 kNewNativeDiscountFactor: 2 kOldNativeDiscountFactor: 65536 old_native_bytes: 111426081 new_native_bytes: 5063272 add_bytes_allowed: 33927579 is_gc_concurrent: 1 target_footprint_: 23364686 GetBytesAllocated: 12080744 HeapGrowthMultiplier: 3
12-21 16:41:35.163  3133  3647 I com.miui.home: CheckGCForNative gc_urgency 0.365204 current_native_bytes is 116489353
12-21 16:41:35.165  3133  3647 I com.miui.home: CheckGCForNative adj_start_bytes: 40016219 NativeAllocationGcWatermark: 11309193 java_gc_start_bytes: 23052430 kNewNativeDiscountFactor: 2 kOldNativeDiscountFactor: 65536 old_native_bytes: 111426081 new_native_bytes: 5524584 add_bytes_allowed: 33927579 is_gc_concurrent: 1 target_footprint_: 23364686 GetBytesAllocated: 12101224 HeapGrowthMultiplier: 3
12-21 16:41:35.165  3133  3647 I com.miui.home: CheckGCForNative gc_urgency 0.37148 current_native_bytes is 116950665
12-21 16:41:35.172  3133  3647 I com.miui.home: CheckGCForNative adj_start_bytes: 40016219 NativeAllocationGcWatermark: 11309193 java_gc_start_bytes: 23052430 kNewNativeDiscountFactor: 2 kOldNativeDiscountFactor: 65536 old_native_bytes: 111426081 new_native_bytes: 6106888 add_bytes_allowed: 33927579 is_gc_concurrent: 1 target_footprint_: 23364686 GetBytesAllocated: 12150440 HeapGrowthMultiplier: 3
12-21 16:41:35.172  3133  3647 I com.miui.home: CheckGCForNative gc_urgency 0.379986 current_native_bytes is 117532969
12-21 16:41:35.174  3133  3647 I com.miui.home: CheckGCForNative adj_start_bytes: 40016219 NativeAllocationGcWatermark: 11309193 java_gc_start_bytes: 23052430 kNewNativeDiscountFactor: 2 kOldNativeDiscountFactor: 65536 old_native_bytes: 111426081 new_native_bytes: 6268776 add_bytes_allowed: 33927579 is_gc_concurrent: 1 target_footprint_: 23364686 GetBytesAllocated: 12150568 HeapGrowthMultiplier: 3
12-21 16:41:35.174  3133  3647 I com.miui.home: CheckGCForNative gc_urgency 0.382012 current_native_bytes is 117694857
12-21 16:41:35.178  3133  3647 I com.miui.home: CheckGCForNative adj_start_bytes: 40016219 NativeAllocationGcWatermark: 11309193 java_gc_start_bytes: 23052430 kNewNativeDiscountFactor: 2 kOldNativeDiscountFactor: 65536 old_native_bytes: 111426081 new_native_bytes: 6922600 add_bytes_allowed: 33927579 is_gc_concurrent: 1 target_footprint_: 23364686 GetBytesAllocated: 12150568 HeapGrowthMultiplier: 3
12-21 16:41:35.178  3133  3647 I com.miui.home: CheckGCForNative gc_urgency 0.390181 current_native_bytes is 118348681
12-21 16:41:35.190  3133  3647 I com.miui.home: CheckGCForNative adj_start_bytes: 40016219 NativeAllocationGcWatermark: 11309193 java_gc_start_bytes: 23052430 kNewNativeDiscountFactor: 2 kOldNativeDiscountFactor: 65536 old_native_bytes: 111426081 new_native_bytes: 7417632 add_bytes_allowed: 33927579 is_gc_concurrent: 1 target_footprint_: 23364686 GetBytesAllocated: 12183512 HeapGrowthMultiplier: 3
12-21 16:41:35.190  3133  3647 I com.miui.home: CheckGCForNative gc_urgency 0.39719 current_native_bytes is 118843713
12-21 16:41:35.196  3133  3647 I com.miui.home: CheckGCForNative adj_start_bytes: 40016219 NativeAllocationGcWatermark: 11309193 java_gc_start_bytes: 23052430 kNewNativeDiscountFactor: 2 kOldNativeDiscountFactor: 65536 old_native_bytes: 111426081 new_native_bytes: 7814176 add_bytes_allowed: 33927579 is_gc_concurrent: 1 target_footprint_: 23364686 GetBytesAllocated: 12183512 HeapGrowthMultiplier: 3
12-21 16:41:35.196  3133  3647 I com.miui.home: CheckGCForNative gc_urgency 0.402144 current_native_bytes is 119240257
12-21 16:41:35.207  3133  3647 I com.miui.home: CheckGCForNative adj_start_bytes: 40016219 NativeAllocationGcWatermark: 11309193 java_gc_start_bytes: 23052430 kNewNativeDiscountFactor: 2 kOldNativeDiscountFactor: 65536 old_native_bytes: 111426081 new_native_bytes: 8354840 add_bytes_allowed: 33927579 is_gc_concurrent: 1 target_footprint_: 23364686 GetBytesAllocated: 12216472 HeapGrowthMultiplier: 3
12-21 16:41:35.207  3133  3647 I com.miui.home: CheckGCForNative gc_urgency 0.409724 current_native_bytes is 119780921
12-21 16:41:35.216  3133  3647 I com.miui.home: CheckGCForNative adj_start_bytes: 40016219 NativeAllocationGcWatermark: 11309193 java_gc_start_bytes: 23052430 kNewNativeDiscountFactor: 2 kOldNativeDiscountFactor: 65536 old_native_bytes: 111426081 new_native_bytes: 8885464 add_bytes_allowed: 33927579 is_gc_concurrent: 1 target_footprint_: 23364686 GetBytesAllocated: 12265800 HeapGrowthMultiplier: 3
12-21 16:41:35.216  3133  3647 I com.miui.home: CheckGCForNative gc_urgency 0.417586 current_native_bytes is 120311545
12-21 16:41:35.220  3133  3647 I com.miui.home: CheckGCForNative adj_start_bytes: 40016219 NativeAllocationGcWatermark: 11309193 java_gc_start_bytes: 23052430 kNewNativeDiscountFactor: 2 kOldNativeDiscountFactor: 65536 old_native_bytes: 111426081 new_native_bytes: 9281784 add_bytes_allowed: 33927579 is_gc_concurrent: 1 target_footprint_: 23364686 GetBytesAllocated: 12265800 HeapGrowthMultiplier: 3
12-21 16:41:35.220  3133  3647 I com.miui.home: CheckGCForNative gc_urgency 0.422538 current_native_bytes is 120707865
12-21 16:41:35.259  3133  3647 I cccccc  : createTaskSnapshot:
12-21 16:41:35.260  3133  3647 I cccccc  : getTaskSnapshotInstance: 78
12-21 16:41:35.265  3133  3647 I com.miui.home: CheckGCForNative adj_start_bytes: 40016219 NativeAllocationGcWatermark: 11309193 java_gc_start_bytes: 23052430 kNewNativeDiscountFactor: 2 kOldNativeDiscountFactor: 65536 old_native_bytes: 111426081 new_native_bytes: 21779876 add_bytes_allowed: 33927579 is_gc_concurrent: 1 target_footprint_: 23364686 GetBytesAllocated: 12431000 HeapGrowthMultiplier: 3
12-21 16:41:35.266  3133  3647 I com.miui.home: CheckGCForNative gc_urgency 0.58283 current_native_bytes is 133205957
12-21 16:41:35.267  3133  3647 I com.miui.home: CheckGCForNative adj_start_bytes: 40016219 NativeAllocationGcWatermark: 11309193 java_gc_start_bytes: 23052430 kNewNativeDiscountFactor: 2 kOldNativeDiscountFactor: 65536 old_native_bytes: 111426081 new_native_bytes: 32485796 add_bytes_allowed: 33927579 is_gc_concurrent: 1 target_footprint_: 23364686 GetBytesAllocated: 12431192 HeapGrowthMultiplier: 3
12-21 16:41:35.267  3133  3647 I com.miui.home: CheckGCForNative gc_urgency 0.716604 current_native_bytes is 143911877
12-21 16:41:35.267  3133  3647 I cccccc  : getTaskThumbnailInfo: 2460 1.0  10705920
12-21 16:41:35.302  3133  3647 I com.miui.home: CheckGCForNative adj_start_bytes: 40016219 NativeAllocationGcWatermark: 11309193 java_gc_start_bytes: 23052430 kNewNativeDiscountFactor: 2 kOldNativeDiscountFactor: 65536 old_native_bytes: 111426081 new_native_bytes: 21905924 add_bytes_allowed: 33927579 is_gc_concurrent: 1 target_footprint_: 23364686 GetBytesAllocated: 12627896 HeapGrowthMultiplier: 3
12-21 16:41:35.302  3133  3647 I com.miui.home: CheckGCForNative gc_urgency 0.589325 current_native_bytes is 133332005
12-21 16:41:35.499  3133  3133 I wm_on_restart_called: [0,95840754,com.miui.home.launcher.Launcher,performRestartActivity,0]
12-21 16:41:35.501  3133  3133 I wm_on_start_called: [0,95840754,com.miui.home.launcher.Launcher,handleStartActivity,1]
12-21 16:41:35.581  3133  3707 I com.miui.home: CheckGCForNative adj_start_bytes: 40016219 NativeAllocationGcWatermark: 11309193 java_gc_start_bytes: 23052430 kNewNativeDiscountFactor: 2 kOldNativeDiscountFactor: 65536 old_native_bytes: 111426081 new_native_bytes: 32810020 add_bytes_allowed: 33927579 is_gc_concurrent: 1 target_footprint_: 23364686 GetBytesAllocated: 13168808 HeapGrowthMultiplier: 3
12-21 16:41:35.581  3133  3707 I com.miui.home: CheckGCForNative gc_urgency 0.739088 current_native_bytes is 144236101
12-21 16:41:35.582  3133  3707 I cccccc  : createTaskSnapshotCompat:
12-21 16:41:35.582  3133  3707 I com.miui.home: CheckGCForNative adj_start_bytes: 40016219 NativeAllocationGcWatermark: 11309193 java_gc_start_bytes: 23052430 kNewNativeDiscountFactor: 2 kOldNativeDiscountFactor: 65536 old_native_bytes: 111426081 new_native_bytes: 43517540 add_bytes_allowed: 33927579 is_gc_concurrent: 1 target_footprint_: 23364686 GetBytesAllocated: 13169000 HeapGrowthMultiplier: 3
12-21 16:41:35.582  3133  3707 I com.miui.home: CheckGCForNative gc_urgency 0.872883 current_native_bytes is 154943621
12-21 16:41:35.585  3133  3707 I cccccc  : getTaskThumbnailInfo: 2460 1.0  10705920
12-21 16:41:35.586  3133  3197 I cccccc  : getTaskSnapshot:
12-21 16:41:35.586  3133  3197 I com.miui.home: CheckGCForNative adj_start_bytes: 40016219 NativeAllocationGcWatermark: 11309193 java_gc_start_bytes: 23052430 kNewNativeDiscountFactor: 2 kOldNativeDiscountFactor: 65536 old_native_bytes: 111426081 new_native_bytes: 43518276 add_bytes_allowed: 33927579 is_gc_concurrent: 1 target_footprint_: 23364686 GetBytesAllocated: 13169000 HeapGrowthMultiplier: 3
12-21 16:41:35.586  3133  3197 I com.miui.home: CheckGCForNative gc_urgency 0.872892 current_native_bytes is 154944357
12-21 16:41:35.590  3133  3361 I com.miui.home: CheckGCForNative adj_start_bytes: 40016219 NativeAllocationGcWatermark: 11309193 java_gc_start_bytes: 23052430 kNewNativeDiscountFactor: 2 kOldNativeDiscountFactor: 65536 old_native_bytes: 111426081 new_native_bytes: 43518276 add_bytes_allowed: 33927579 is_gc_concurrent: 1 target_footprint_: 23364686 GetBytesAllocated: 13169192 HeapGrowthMultiplier: 3
12-21 16:41:35.590  3133  3361 I com.miui.home: CheckGCForNative gc_urgency 0.872897 current_native_bytes is 154944357
12-21 16:41:35.637  3133  3133 I cccccc  : createTaskSnapshotCompat:
12-21 16:41:35.637  3133  3133 I cccccc  : getTaskThumbnailInfo: 2460 1.0  10705920
12-21 16:41:35.744  3133  3361 I com.miui.home: CheckGCForNative adj_start_bytes: 40016219 NativeAllocationGcWatermark: 11309193 java_gc_start_bytes: 23052430 kNewNativeDiscountFactor: 2 kOldNativeDiscountFactor: 65536 old_native_bytes: 111426081 new_native_bytes: 32929616 add_bytes_allowed: 33927579 is_gc_concurrent: 1 target_footprint_: 23364686 GetBytesAllocated: 13480632 HeapGrowthMultiplier: 3
12-21 16:41:35.744  3133  3361 I com.miui.home: CheckGCForNative gc_urgency 0.748375 current_native_bytes is 144355697
12-21 16:41:35.933  3133  3361 I com.miui.home: CheckGCForNative adj_start_bytes: 40016219 NativeAllocationGcWatermark: 11309193 java_gc_start_bytes: 23052430 kNewNativeDiscountFactor: 2 kOldNativeDiscountFactor: 65536 old_native_bytes: 111426081 new_native_bytes: 32934000 add_bytes_allowed: 33927579 is_gc_concurrent: 1 target_footprint_: 23364686 GetBytesAllocated: 13562552 HeapGrowthMultiplier: 3
12-21 16:41:35.933  3133  3361 I com.miui.home: CheckGCForNative gc_urgency 0.750477 current_native_bytes is 144360081
12-21 16:41:36.158  3133  3360 I cccccc  : createTaskSnapshotCompat:
12-21 16:41:36.265  3133  3707 D cccccc  : onTaskStackChangedBackground
12-21 16:41:36.279  3133  3707 D cccccc  : onTaskStackChangedBackground
12-21 16:41:36.281  3133  3707 D cccccc  : onTaskStackChangedBackground
12-21 16:41:36.295  7844  7844 I wm_on_top_resumed_lost_called: [65878326,com.autonavi.map.activity.NewMapActivity,topStateChangedWhenResumed]
12-21 16:41:36.302  7844  7844 I wm_on_paused_called: [0,65878326,com.autonavi.map.activity.NewMapActivity,performPause,7]
12-21 16:41:36.322  3133  3133 I wm_on_resume_called: [0,95840754,com.miui.home.launcher.Launcher,RESUME_ACTIVITY,8]
12-21 16:41:36.323  3133  3133 I wm_on_top_resumed_gained_called: [95840754,com.miui.home.launcher.Launcher,topWhenResuming]
12-21 16:41:36.325  3133  3133 I wm_on_idle_called: com.miui.home.launcher.Launcher
12-21 16:41:36.333  7844  7844 I wm_on_destroy_called: [0,114695430,com.autonavi.map.activity.SplashActivity,performDestroy,0]
12-21 16:41:36.381  3133  3647 I com.miui.home: CheckGCForNative adj_start_bytes: 40016219 NativeAllocationGcWatermark: 11309193 java_gc_start_bytes: 23052430 kNewNativeDiscountFactor: 2 kOldNativeDiscountFactor: 65536 old_native_bytes: 111426081 new_native_bytes: 33126832 add_bytes_allowed: 33927579 is_gc_concurrent: 1 target_footprint_: 23364686 GetBytesAllocated: 14268376 HeapGrowthMultiplier: 3
12-21 16:41:36.381  3133  3647 I com.miui.home: CheckGCForNative gc_urgency 0.770525 current_native_bytes is 144552913
12-21 16:41:36.426  3133  3605 D cccccc  : onTaskStackChangedBackground
12-21 16:41:36.428  7844  7844 I wm_on_stop_called: [0,65878326,com.autonavi.map.activity.NewMapActivity,STOP_ACTIVITY_ITEM,29]
12-21 16:41:36.430  3133  3706 D cccccc  : onTaskStackChangedBackground
12-21 16:41:36.430  3133  3707 D cccccc  : onTaskStackChangedBackground
12-21 16:41:36.437  3133  3647 I cccccc  : createTaskSnapshot:
12-21 16:41:36.437  3133  3647 I cccccc  : getTaskSnapshotInstance: 78
12-21 16:41:36.440  3133  3647 I com.miui.home: CheckGCForNative adj_start_bytes: 40016219 NativeAllocationGcWatermark: 11309193 java_gc_start_bytes: 23052430 kNewNativeDiscountFactor: 2 kOldNativeDiscountFactor: 65536 old_native_bytes: 111426081 new_native_bytes: 44155908 add_bytes_allowed: 33927579 is_gc_concurrent: 1 target_footprint_: 23364686 GetBytesAllocated: 15251448 HeapGrowthMultiplier: 3
12-21 16:41:36.440  3133  3647 I com.miui.home: CheckGCForNative gc_urgency 0.932899 current_native_bytes is 155581989
12-21 16:41:36.440  3133  3647 I cccccc  : getTaskThumbnailInfo: 2460 1.0  10705920
12-21 16:41:36.456  7844  7844 I wm_on_idle_called: com.autonavi.map.activity.NewMapActivity
12-21 16:41:36.488  3133  3647 I com.miui.home: CheckGCForNative adj_start_bytes: 40016219 NativeAllocationGcWatermark: 11309193 java_gc_start_bytes: 23052430 kNewNativeDiscountFactor: 2 kOldNativeDiscountFactor: 65536 old_native_bytes: 111426081 new_native_bytes: 33488664 add_bytes_allowed: 33927579 is_gc_concurrent: 1 target_footprint_: 23364686 GetBytesAllocated: 15513896 HeapGrowthMultiplier: 3
12-21 16:41:36.488  3133  3647 I com.miui.home: CheckGCForNative gc_urgency 0.806171 current_native_bytes is 144914745
12-21 16:41:36.522  3133  3133 I wm_on_top_resumed_lost_called: [95840754,com.miui.home.launcher.Launcher,topStateChangedWhenResumed]
12-21 16:41:36.530  3133  3133 I wm_on_paused_called: [0,95840754,com.miui.home.launcher.Launcher,performPause,1]
12-21 16:41:36.561  3133  3707 D cccccc  : onTaskStackChangedBackground
12-21 16:41:36.562  3133  3707 D cccccc  : onTaskStackChangedBackground
12-21 16:41:36.566  3133  3197 D cccccc  : onTaskStackChangedBackground
12-21 16:41:36.566  3133  3197 D cccccc  : onTaskStackChangedBackground
12-21 16:41:36.628  3133  3647 I com.miui.home: CheckGCForNative adj_start_bytes: 40016219 NativeAllocationGcWatermark: 11309193 java_gc_start_bytes: 23052430 kNewNativeDiscountFactor: 2 kOldNativeDiscountFactor: 65536 old_native_bytes: 111426081 new_native_bytes: 33718480 add_bytes_allowed: 33927579 is_gc_concurrent: 1 target_footprint_: 23364686 GetBytesAllocated: 15923560 HeapGrowthMultiplier: 3
12-21 16:41:36.628  3133  3647 I com.miui.home: CheckGCForNative gc_urgency 0.81928 current_native_bytes is 145144561
12-21 16:41:36.639  3133  3197 D cccccc  : onTaskStackChangedBackground
12-21 16:41:36.640  3133  3706 D cccccc  : onTaskStackChangedBackground
12-21 16:41:36.641  3133  4313 D cccccc  : onTaskStackChangedBackground
12-21 16:41:36.701  3133  3647 I com.miui.home: CheckGCForNative adj_start_bytes: 40016219 NativeAllocationGcWatermark: 11309193 java_gc_start_bytes: 23052430 kNewNativeDiscountFactor: 2 kOldNativeDiscountFactor: 65536 old_native_bytes: 111426081 new_native_bytes: 33957164 add_bytes_allowed: 33927579 is_gc_concurrent: 1 target_footprint_: 23364686 GetBytesAllocated: 16489064 HeapGrowthMultiplier: 3
12-21 16:41:36.701  3133  3647 I com.miui.home: CheckGCForNative gc_urgency 0.836394 current_native_bytes is 145383245
12-21 16:41:36.769  3133  3647 I cccccc  : createTaskSnapshot:
12-21 16:41:36.769  3133  3647 I cccccc  : getTaskSnapshotInstance: 79
12-21 16:41:36.799  3133  3361 I com.miui.home: CheckGCForNative adj_start_bytes: 40016219 NativeAllocationGcWatermark: 11309193 java_gc_start_bytes: 23052430 kNewNativeDiscountFactor: 2 kOldNativeDiscountFactor: 65536 old_native_bytes: 111426081 new_native_bytes: 33985664 add_bytes_allowed: 33927579 is_gc_concurrent: 1 target_footprint_: 23364686 GetBytesAllocated: 16718440 HeapGrowthMultiplier: 3
12-21 16:41:36.800  3133  3361 I com.miui.home: CheckGCForNative gc_urgency 0.842483 current_native_bytes is 145411745
12-21 16:41:36.855  3133  3361 I com.miui.home: CheckGCForNative adj_start_bytes: 40016219 NativeAllocationGcWatermark: 11309193 java_gc_start_bytes: 23052430 kNewNativeDiscountFactor: 2 kOldNativeDiscountFactor: 65536 old_native_bytes: 111426081 new_native_bytes: 33991488 add_bytes_allowed: 33927579 is_gc_concurrent: 1 target_footprint_: 23364686 GetBytesAllocated: 16734824 HeapGrowthMultiplier: 3
12-21 16:41:36.855  3133  3361 I com.miui.home: CheckGCForNative gc_urgency 0.842965 current_native_bytes is 145417569
12-21 16:41:37.095  8361  8361 I wm_on_create_called: [0,172365553,fm.qingting.qtradio.WelcomeActivity,performCreate,90]
12-21 16:41:37.097  8361  8361 I wm_on_start_called: [0,172365553,fm.qingting.qtradio.WelcomeActivity,handleStartActivity,0]
12-21 16:41:37.100  8361  8361 I wm_on_resume_called: [0,172365553,fm.qingting.qtradio.WelcomeActivity,RESUME_ACTIVITY,3]
12-21 16:41:37.117  8361  8361 I wm_on_top_resumed_gained_called: [172365553,fm.qingting.qtradio.WelcomeActivity,topStateChangedWhenResumed]
12-21 16:41:37.349  3133  3133 I wm_on_stop_called: [0,95840754,com.miui.home.launcher.Launcher,STOP_ACTIVITY_ITEM,3]
12-21 16:41:37.628  8361  8361 I wm_on_idle_called: fm.qingting.qtradio.WelcomeActivity
12-21 16:41:37.862  3133  3133 I wm_on_restart_called: [0,95840754,com.miui.home.launcher.Launcher,performRestartActivity,0]
12-21 16:41:37.864  3133  3133 I wm_on_start_called: [0,95840754,com.miui.home.launcher.Launcher,handleStartActivity,1]
12-21 16:41:37.911  3133  3197 I com.miui.home: CheckGCForNative adj_start_bytes: 40016219 NativeAllocationGcWatermark: 11309193 java_gc_start_bytes: 23052430 kNewNativeDiscountFactor: 2 kOldNativeDiscountFactor: 65536 old_native_bytes: 111426081 new_native_bytes: 44698288 add_bytes_allowed: 33927579 is_gc_concurrent: 1 target_footprint_: 23364686 GetBytesAllocated: 17447976 HeapGrowthMultiplier: 3
12-21 16:41:37.911  3133  3197 I com.miui.home: CheckGCForNative gc_urgency 0.994567 current_native_bytes is 156124369
12-21 16:41:37.912  3133  3197 I cccccc  : createTaskSnapshotCompat:
12-21 16:41:37.913  3133  3197 I com.miui.home: CheckGCForNative adj_start_bytes: 40016219 NativeAllocationGcWatermark: 11309193 java_gc_start_bytes: 23052430 kNewNativeDiscountFactor: 2 kOldNativeDiscountFactor: 65536 old_native_bytes: 111426081 new_native_bytes: 55404880 add_bytes_allowed: 33927579 is_gc_concurrent: 1 target_footprint_: 23364686 GetBytesAllocated: 17464552 HeapGrowthMultiplier: 3
12-21 16:41:37.913  3133  3197 I com.miui.home: CheckGCForNative gc_urgency 1.12876 current_native_bytes is 166830961
12-21 16:41:37.913  3133  3197 I com.miui.home: CheckGCForNative requested 1
12-21 16:41:37.916  3133  3197 I cccccc  : getTaskThumbnailInfo: 2460 1.0  10705920
12-21 16:41:37.928  3133  3197 I cccccc  : getTaskSnapshot:
12-21 16:41:37.939  3133  3197 I com.miui.home: CheckGCForNative adj_start_bytes: 40016219 NativeAllocationGcWatermark: 11309193 java_gc_start_bytes: 23052430 kNewNativeDiscountFactor: 2 kOldNativeDiscountFactor: 65536 old_native_bytes: 111426081 new_native_bytes: 55410464 add_bytes_allowed: 33927579 is_gc_concurrent: 1 target_footprint_: 23364686 GetBytesAllocated: 17480936 HeapGrowthMultiplier: 3
12-21 16:41:37.939  3133  3197 I com.miui.home: CheckGCForNative gc_urgency 1.12924 current_native_bytes is 166836545
12-21 16:41:37.939  3133  3197 I com.miui.home: CheckGCForNative requested 1
12-21 16:41:37.939  3133  3133 I cccccc  : createTaskSnapshotCompat:
12-21 16:41:37.940  3133  3133 I cccccc  : getTaskThumbnailInfo: 2460 1.0  10705920
12-21 16:41:38.074  3133  3185 I com.miui.home: NativeAlloc concurrent copying GC freed 108025(5422KB) AllocSpace objects, 10(328KB) LOS objects, 49% free, 11MB/22MB, paused 126us,58us total 159.643ms
12-21 16:41:38.155  3133  3361 I com.miui.home: CheckGCForNative gc_urgency 0 current_native_bytes is 138958757
12-21 16:41:38.506  8361  8361 I wm_on_top_resumed_lost_called: [172365553,fm.qingting.qtradio.WelcomeActivity,topStateChangedWhenResumed]
12-21 16:41:38.523  3133  7834 I com.miui.home: CheckGCForNative gc_urgency 0 current_native_bytes is 138942373
12-21 16:41:38.526  3133  3133 I wm_on_resume_called: [0,95840754,com.miui.home.launcher.Launcher,RESUME_ACTIVITY,8]
12-21 16:41:38.527  3133  3133 I com.miui.home: CheckGCForNative adj_start_bytes: 40346585 NativeAllocationGcWatermark: 11331815 java_gc_start_bytes: 23348863 kNewNativeDiscountFactor: 2 kOldNativeDiscountFactor: 65536 old_native_bytes: 138942373 new_native_bytes: 9664 add_bytes_allowed: 33995445 is_gc_concurrent: 1 target_footprint_: 23545663 GetBytesAllocated: 12117632 HeapGrowthMultiplier: 3
12-21 16:41:38.527  3133  3133 I com.miui.home: CheckGCForNative gc_urgency 0.300511 current_native_bytes is 138952037
12-21 16:41:38.530  3133  3133 I wm_on_idle_called: com.miui.home.launcher.Launcher
12-21 16:41:38.535  8361  8361 I wm_on_paused_called: [0,172365553,fm.qingting.qtradio.WelcomeActivity,performPause,1]
12-21 16:41:38.535  3133  3133 I wm_on_top_resumed_gained_called: [95840754,com.miui.home.launcher.Launcher,topStateChangedWhenResumed]
12-21 16:41:38.546  3133  3360 I cccccc  : createTaskSnapshotCompat:
12-21 16:41:38.576  8361  8361 I wm_on_stop_called: [0,172365553,fm.qingting.qtradio.WelcomeActivity,STOP_ACTIVITY_ITEM,3]
12-21 16:41:38.636  3133  4313 D cccccc  : onTaskStackChangedBackground
12-21 16:41:38.636  3133  3197 D cccccc  : onTaskStackChangedBackground
12-21 16:41:38.639  3133  3706 D cccccc  : onTaskStackChangedBackground
12-21 16:41:38.703  3133  3647 I com.miui.home: CheckGCForNative adj_start_bytes: 40346585 NativeAllocationGcWatermark: 11331815 java_gc_start_bytes: 23348863 kNewNativeDiscountFactor: 2 kOldNativeDiscountFactor: 65536 old_native_bytes: 138942373 new_native_bytes: 1824216 add_bytes_allowed: 33995445 is_gc_concurrent: 1 target_footprint_: 23545663 GetBytesAllocated: 13264896 HeapGrowthMultiplier: 3
12-21 16:41:38.703  3133  3647 I com.miui.home: CheckGCForNative gc_urgency 0.351433 current_native_bytes is 140766589
12-21 16:41:38.709  3133  3647 I com.miui.home: CheckGCForNative adj_start_bytes: 40346585 NativeAllocationGcWatermark: 11331815 java_gc_start_bytes: 23348863 kNewNativeDiscountFactor: 2 kOldNativeDiscountFactor: 65536 old_native_bytes: 138942373 new_native_bytes: 1867640 add_bytes_allowed: 33995445 is_gc_concurrent: 1 target_footprint_: 23545663 GetBytesAllocated: 13297664 HeapGrowthMultiplier: 3
12-21 16:41:38.709  3133  3647 I com.miui.home: CheckGCForNative gc_urgency 0.352783 current_native_bytes is 140810013
12-21 16:41:38.730  3133  3647 I cccccc  : createTaskSnapshot:
12-21 16:41:38.730  3133  3647 I cccccc  : getTaskSnapshotInstance: 79
12-21 16:41:38.731  3133  3647 I com.miui.home: CheckGCForNative adj_start_bytes: 40346585 NativeAllocationGcWatermark: 11331815 java_gc_start_bytes: 23348863 kNewNativeDiscountFactor: 2 kOldNativeDiscountFactor: 65536 old_native_bytes: 138942373 new_native_bytes: 13442380 add_bytes_allowed: 33995445 is_gc_concurrent: 1 target_footprint_: 23545663 GetBytesAllocated: 13461632 HeapGrowthMultiplier: 3
12-21 16:41:38.732  3133  3647 I com.miui.home: CheckGCForNative gc_urgency 0.500289 current_native_bytes is 152384753
12-21 16:41:38.732  3133  3647 I cccccc  : getTaskThumbnailInfo: 2460 1.0  10705920
12-21 16:41:38.771  3133  3647 I com.miui.home: CheckGCForNative adj_start_bytes: 40346585 NativeAllocationGcWatermark: 11331815 java_gc_start_bytes: 23348863 kNewNativeDiscountFactor: 2 kOldNativeDiscountFactor: 65536 old_native_bytes: 138942373 new_native_bytes: 2850508 add_bytes_allowed: 33995445 is_gc_concurrent: 1 target_footprint_: 23545663 GetBytesAllocated: 13773312 HeapGrowthMultiplier: 3
12-21 16:41:38.771  3133  3647 I com.miui.home: CheckGCForNative gc_urgency 0.376753 current_native_bytes is 141792881
12-21 16:41:38.858  3133  3133 I wm_on_top_resumed_lost_called: [95840754,com.miui.home.launcher.Launcher,topStateChangedWhenResumed]
12-21 16:41:38.860  3133  3133 I wm_on_paused_called: [0,95840754,com.miui.home.launcher.Launcher,performPause,2]
12-21 16:41:38.860  3133  3197 D cccccc  : onTaskStackChangedBackground
12-21 16:41:38.864  3133  3706 D cccccc  : onTaskStackChangedBackground
12-21 16:41:38.867  3133  4313 D cccccc  : onTaskStackChangedBackground
12-21 16:41:38.879  3133  4313 D cccccc  : onTaskStackChangedBackground
12-21 16:41:38.885  3133  7834 I com.miui.home: CheckGCForNative adj_start_bytes: 40346585 NativeAllocationGcWatermark: 11331815 java_gc_start_bytes: 23348863 kNewNativeDiscountFactor: 2 kOldNativeDiscountFactor: 65536 old_native_bytes: 138942373 new_native_bytes: 2870236 add_bytes_allowed: 33995445 is_gc_concurrent: 1 target_footprint_: 23545663 GetBytesAllocated: 14232288 HeapGrowthMultiplier: 3
12-21 16:41:38.885  3133  7834 I com.miui.home: CheckGCForNative gc_urgency 0.388373 current_native_bytes is 141812609
12-21 16:41:38.975  3133  3197 D cccccc  : onTaskStackChangedBackground
