12-13 19:13:26.448  3220  3220 I wm_on_top_resumed_lost_called: [241954343,com.miui.home.launcher.Launcher,topStateChangedWhenResumed]
12-13 19:13:26.460  3220  3220 I wm_on_paused_called: [0,241954343,com.miui.home.launcher.Launcher,performPause,2]
12-13 19:13:26.498  3220  3811 I com.miui.home: CheckGCForNative gc_urgency 0 current_native_bytes is 167815121
12-13 19:13:26.504  3220  3811 I com.miui.home: CheckGCForNative adj_start_bytes: 49069081 NativeAllocationGcWatermark: 12284445 java_gc_start_bytes: 30642414 kNewNativeDiscountFactor: 2 kOldNativeDiscountFactor: 65536 old_native_bytes: 167815121 new_native_bytes: 459168 add_bytes_allowed: 36853335 is_gc_concurrent: 1 target_footprint_: 31166702 GetBytesAllocated: 18978984 HeapGrowthMultiplier: 3
12-13 19:13:26.505  3220  3811 I com.miui.home: CheckGCForNative gc_urgency 0.391512 current_native_bytes is 168274289
12-13 19:13:26.600  3220  3363 I com.miui.home: CheckGCForNative adj_start_bytes: 49069081 NativeAllocationGcWatermark: 12284445 java_gc_start_bytes: 30642414 kNewNativeDiscountFactor: 2 kOldNativeDiscountFactor: 65536 old_native_bytes: 167815121 new_native_bytes: 424224 add_bytes_allowed: 36853335 is_gc_concurrent: 1 target_footprint_: 31166702 GetBytesAllocated: 19331496 HeapGrowthMultiplier: 3
12-13 19:13:26.600  3220  3363 I com.miui.home: CheckGCForNative gc_urgency 0.398674 current_native_bytes is 168239345
12-13 19:13:27.284 15065 15065 I wm_on_create_called: [0,241275537,com.ss.android.article.video.activity.SplashActivity,performCreate,95]
12-13 19:13:27.294 15065 15065 I wm_on_start_called: [0,241275537,com.ss.android.article.video.activity.SplashActivity,handleStartActivity,3]
12-13 19:13:27.317 15065 15065 I wm_on_resume_called: [0,241275537,com.ss.android.article.video.activity.SplashActivity,RESUME_ACTIVITY,18]
12-13 19:13:27.342 15065 15065 I wm_on_top_resumed_gained_called: [241275537,com.ss.android.article.video.activity.SplashActivity,topStateChangedWhenResumed]
12-13 19:13:27.605  3220  3220 I wm_on_stop_called: [0,241954343,com.miui.home.launcher.Launcher,STOP_ACTIVITY_ITEM,3]
12-13 19:13:27.796 15065 15065 I wm_on_idle_called: com.ss.android.article.video.activity.SplashActivity
12-13 19:13:28.004  3220  3220 I wm_on_restart_called: [0,241954343,com.miui.home.launcher.Launcher,performRestartActivity,0]
12-13 19:13:28.005  3220  3220 I wm_on_start_called: [0,241954343,com.miui.home.launcher.Launcher,handleStartActivity,0]
12-13 19:13:28.052  3220  3421 I com.miui.home: CheckGCForNative adj_start_bytes: 49069081 NativeAllocationGcWatermark: 12284445 java_gc_start_bytes: 30642414 kNewNativeDiscountFactor: 2 kOldNativeDiscountFactor: 65536 old_native_bytes: 167815121 new_native_bytes: 10148624 add_bytes_allowed: 36853335 is_gc_concurrent: 1 target_footprint_: 31166702 GetBytesAllocated: 19962952 HeapGrowthMultiplier: 3
12-13 19:13:28.052  3220  3421 I com.miui.home: CheckGCForNative gc_urgency 0.510297 current_native_bytes is 177963745
12-13 19:13:28.052  3220  3421 I com.miui.home: CheckGCForNative adj_start_bytes: 49069081 NativeAllocationGcWatermark: 12284445 java_gc_start_bytes: 30642414 kNewNativeDiscountFactor: 2 kOldNativeDiscountFactor: 65536 old_native_bytes: 167815121 new_native_bytes: 20854544 add_bytes_allowed: 36853335 is_gc_concurrent: 1 target_footprint_: 31166702 GetBytesAllocated: 19963144 HeapGrowthMultiplier: 3
12-13 19:13:28.052  3220  3421 I com.miui.home: CheckGCForNative gc_urgency 0.619392 current_native_bytes is 188669665
12-13 19:13:28.065  3220  3363 I com.miui.home: CheckGCForNative adj_start_bytes: 49069081 NativeAllocationGcWatermark: 12284445 java_gc_start_bytes: 30642414 kNewNativeDiscountFactor: 2 kOldNativeDiscountFactor: 65536 old_native_bytes: 167815121 new_native_bytes: 10149968 add_bytes_allowed: 36853335 is_gc_concurrent: 1 target_footprint_: 31166702 GetBytesAllocated: 19979528 HeapGrowthMultiplier: 3
12-13 19:13:28.065  3220  3363 I com.miui.home: CheckGCForNative gc_urgency 0.510649 current_native_bytes is 177965089
12-13 19:13:28.109  3220  3421 I com.miui.home: CheckGCForNative adj_start_bytes: 49069081 NativeAllocationGcWatermark: 12284445 java_gc_start_bytes: 30642414 kNewNativeDiscountFactor: 2 kOldNativeDiscountFactor: 65536 old_native_bytes: 167815121 new_native_bytes: 20866472 add_bytes_allowed: 36853335 is_gc_concurrent: 1 target_footprint_: 31166702 GetBytesAllocated: 20061448 HeapGrowthMultiplier: 3
12-13 19:13:28.110  3220  3421 I com.miui.home: CheckGCForNative gc_urgency 0.621517 current_native_bytes is 188681593
12-13 19:13:28.209  3220  3363 I com.miui.home: CheckGCForNative adj_start_bytes: 49069081 NativeAllocationGcWatermark: 12284445 java_gc_start_bytes: 30642414 kNewNativeDiscountFactor: 2 kOldNativeDiscountFactor: 65536 old_native_bytes: 167815121 new_native_bytes: 10168168 add_bytes_allowed: 36853335 is_gc_concurrent: 1 target_footprint_: 31166702 GetBytesAllocated: 20110792 HeapGrowthMultiplier: 3
12-13 19:13:28.209  3220  3363 I com.miui.home: CheckGCForNative gc_urgency 0.513509 current_native_bytes is 177983289
12-13 19:13:28.562 15065 15065 I wm_on_top_resumed_lost_called: [241275537,com.ss.android.article.video.activity.SplashActivity,topStateChangedWhenResumed]
12-13 19:13:28.588 15065 15065 I wm_on_paused_called: [0,241275537,com.ss.android.article.video.activity.SplashActivity,performPause,5]
12-13 19:13:28.605  3220  3220 I wm_on_resume_called: [0,241954343,com.miui.home.launcher.Launcher,RESUME_ACTIVITY,5]
12-13 19:13:28.605  3220  3220 I wm_on_top_resumed_gained_called: [241954343,com.miui.home.launcher.Launcher,topWhenResuming]
12-13 19:13:28.605  3220  8552 I com.miui.home: CheckGCForNative adj_start_bytes: 49069081 NativeAllocationGcWatermark: 12284445 java_gc_start_bytes: 30642414 kNewNativeDiscountFactor: 2 kOldNativeDiscountFactor: 65536 old_native_bytes: 167815121 new_native_bytes: 10194544 add_bytes_allowed: 36853335 is_gc_concurrent: 1 target_footprint_: 31166702 GetBytesAllocated: 20324568 HeapGrowthMultiplier: 3
12-13 19:13:28.605  3220  8552 I com.miui.home: CheckGCForNative gc_urgency 0.518135 current_native_bytes is 178009665
12-13 19:13:28.612  3220  3220 I wm_on_idle_called: com.miui.home.launcher.Launcher
12-13 19:13:28.684 15065 15065 I wm_on_stop_called: [0,241275537,com.ss.android.article.video.activity.SplashActivity,STOP_ACTIVITY_ITEM,26]
12-13 19:13:28.710  3220  3811 I com.miui.home: CheckGCForNative adj_start_bytes: 49069081 NativeAllocationGcWatermark: 12284445 java_gc_start_bytes: 30642414 kNewNativeDiscountFactor: 2 kOldNativeDiscountFactor: 65536 old_native_bytes: 167815121 new_native_bytes: 20970808 add_bytes_allowed: 36853335 is_gc_concurrent: 1 target_footprint_: 31166702 GetBytesAllocated: 21078344 HeapGrowthMultiplier: 3
12-13 19:13:28.710  3220  3811 I com.miui.home: CheckGCForNative gc_urgency 0.643303 current_native_bytes is 188785929
12-13 19:13:29.379  3220  3220 I wm_on_top_resumed_lost_called: [241954343,com.miui.home.launcher.Launcher,topStateChangedWhenResumed]
12-13 19:13:29.389  3220  3220 I wm_on_paused_called: [0,241954343,com.miui.home.launcher.Launcher,performPause,1]
12-13 19:13:29.579  3220  3363 I com.miui.home: CheckGCForNative adj_start_bytes: 49069081 NativeAllocationGcWatermark: 12284445 java_gc_start_bytes: 30642414 kNewNativeDiscountFactor: 2 kOldNativeDiscountFactor: 65536 old_native_bytes: 167815121 new_native_bytes: 10490740 add_bytes_allowed: 36853335 is_gc_concurrent: 1 target_footprint_: 31166702 GetBytesAllocated: 22070728 HeapGrowthMultiplier: 3
12-13 19:13:29.579  3220  3363 I com.miui.home: CheckGCForNative gc_urgency 0.556739 current_native_bytes is 178305861
12-13 19:13:29.954 15505 15505 I wm_on_create_called: [0,263807512,com.youku.phone.ActivityWelcome,performCreate,102]
12-13 19:13:30.073 15505 15505 I wm_on_create_called: [0,167711508,com.youku.v2.HomePageEntry,performCreate,55]
12-13 19:13:30.156 15505 15505 I wm_on_start_called: [0,167711508,com.youku.v2.HomePageEntry,handleStartActivity,75]
12-13 19:13:30.177 15505 15505 I wm_on_resume_called: [0,167711508,com.youku.v2.HomePageEntry,RESUME_ACTIVITY,20]
12-13 19:13:30.184 15505 15505 I wm_on_top_resumed_gained_called: [167711508,com.youku.v2.HomePageEntry,topStateChangedWhenResumed]
12-13 19:13:30.460  3220  3325 I com.miui.home: CheckGCForNative adj_start_bytes: 49069081 NativeAllocationGcWatermark: 12284445 java_gc_start_bytes: 30642414 kNewNativeDiscountFactor: 2 kOldNativeDiscountFactor: 65536 old_native_bytes: 167815121 new_native_bytes: 10425524 add_bytes_allowed: 36853335 is_gc_concurrent: 1 target_footprint_: 31166702 GetBytesAllocated: 22317400 HeapGrowthMultiplier: 3
12-13 19:13:30.460  3220  3325 I com.miui.home: CheckGCForNative gc_urgency 0.561101 current_native_bytes is 178240645
12-13 19:13:30.540  3220 14453 I com.miui.home: CheckGCForNative adj_start_bytes: 49069081 NativeAllocationGcWatermark: 12284445 java_gc_start_bytes: 30642414 kNewNativeDiscountFactor: 2 kOldNativeDiscountFactor: 65536 old_native_bytes: 167815121 new_native_bytes: 21254224 add_bytes_allowed: 36853335 is_gc_concurrent: 1 target_footprint_: 31166702 GetBytesAllocated: 22661720 HeapGrowthMultiplier: 3
12-13 19:13:30.540  3220 14453 I com.miui.home: CheckGCForNative gc_urgency 0.67846 current_native_bytes is 189069345
12-13 19:13:30.541  3220 14453 I com.miui.home: CheckGCForNative adj_start_bytes: 49069081 NativeAllocationGcWatermark: 12284445 java_gc_start_bytes: 30642414 kNewNativeDiscountFactor: 2 kOldNativeDiscountFactor: 65536 old_native_bytes: 167815121 new_native_bytes: 31960144 add_bytes_allowed: 36853335 is_gc_concurrent: 1 target_footprint_: 31166702 GetBytesAllocated: 22661912 HeapGrowthMultiplier: 3
12-13 19:13:30.541  3220 14453 I com.miui.home: CheckGCForNative gc_urgency 0.787554 current_native_bytes is 199775265
12-13 19:13:30.552  3220 14453 I com.miui.home: CheckGCForNative adj_start_bytes: 49069081 NativeAllocationGcWatermark: 12284445 java_gc_start_bytes: 30642414 kNewNativeDiscountFactor: 2 kOldNativeDiscountFactor: 65536 old_native_bytes: 167815121 new_native_bytes: 31961328 add_bytes_allowed: 36853335 is_gc_concurrent: 1 target_footprint_: 31166702 GetBytesAllocated: 22661912 HeapGrowthMultiplier: 3
12-13 19:13:30.552  3220 14453 I com.miui.home: CheckGCForNative gc_urgency 0.787566 current_native_bytes is 199776449
12-13 19:13:30.860  3220  3363 I com.miui.home: CheckGCForNative adj_start_bytes: 49069081 NativeAllocationGcWatermark: 12284445 java_gc_start_bytes: 30642414 kNewNativeDiscountFactor: 2 kOldNativeDiscountFactor: 65536 old_native_bytes: 167815121 new_native_bytes: 21288824 add_bytes_allowed: 36853335 is_gc_concurrent: 1 target_footprint_: 31166702 GetBytesAllocated: 22973800 HeapGrowthMultiplier: 3
12-13 19:13:30.860  3220  3363 I com.miui.home: CheckGCForNative gc_urgency 0.685172 current_native_bytes is 189103945
12-13 19:13:30.988 15505 15505 I wm_on_idle_called: com.youku.v2.HomePageEntry
12-13 19:13:31.147  3220  3220 I wm_on_resume_called: [0,241954343,com.miui.home.launcher.Launcher,RESUME_ACTIVITY,5]
12-13 19:13:31.148  3220  3220 I wm_on_idle_called: com.miui.home.launcher.Launcher
12-13 19:13:31.338  3220  3811 I com.miui.home: CheckGCForNative adj_start_bytes: 49069081 NativeAllocationGcWatermark: 12284445 java_gc_start_bytes: 30642414 kNewNativeDiscountFactor: 2 kOldNativeDiscountFactor: 65536 old_native_bytes: 167815121 new_native_bytes: 32215696 add_bytes_allowed: 36853335 is_gc_concurrent: 1 target_footprint_: 31166702 GetBytesAllocated: 24047928 HeapGrowthMultiplier: 3
12-13 19:13:31.338  3220  3811 I com.miui.home: CheckGCForNative gc_urgency 0.818404 current_native_bytes is 200030817
12-13 19:13:31.343 15505 15505 I wm_on_top_resumed_lost_called: [167711508,com.youku.v2.HomePageEntry,topStateChangedWhenResumed]
12-13 19:13:31.345  3220  3220 I wm_on_top_resumed_gained_called: [241954343,com.miui.home.launcher.Launcher,topStateChangedWhenResumed]
12-13 19:13:31.500 15505 15505 I wm_on_paused_called: [0,167711508,com.youku.v2.HomePageEntry,performPause,42]
12-13 19:13:31.562 15505 15505 I wm_on_stop_called: [0,167711508,com.youku.v2.HomePageEntry,STOP_ACTIVITY_ITEM,48]
12-13 19:13:31.565 15505 15505 I wm_on_destroy_called: [0,263807512,com.youku.phone.ActivityWelcome,performDestroy,1]
12-13 19:13:31.655  3220  3220 I wm_on_top_resumed_lost_called: [241954343,com.miui.home.launcher.Launcher,topStateChangedWhenResumed]
12-13 19:13:31.664  3220  3220 I wm_on_paused_called: [0,241954343,com.miui.home.launcher.Launcher,performPause,1]
12-13 19:13:31.691  3220  3811 I com.miui.home: CheckGCForNative adj_start_bytes: 49069081 NativeAllocationGcWatermark: 12284445 java_gc_start_bytes: 30642414 kNewNativeDiscountFactor: 2 kOldNativeDiscountFactor: 65536 old_native_bytes: 167815121 new_native_bytes: 21651420 add_bytes_allowed: 36853335 is_gc_concurrent: 1 target_footprint_: 31166702 GetBytesAllocated: 24523752 HeapGrowthMultiplier: 3
12-13 19:13:31.691  3220  3811 I com.miui.home: CheckGCForNative gc_urgency 0.720454 current_native_bytes is 189466541
12-13 19:13:32.221 15996 15996 I wm_on_create_called: [0,108689569,com.eg.android.AlipayGphone.AlipayLogin,performCreate,66]
12-13 19:13:32.227 15996 15996 I wm_on_start_called: [0,108689569,com.eg.android.AlipayGphone.AlipayLogin,handleStartActivity,5]
12-13 19:13:32.236 15996 15996 I wm_on_resume_called: [0,108689569,com.eg.android.AlipayGphone.AlipayLogin,RESUME_ACTIVITY,7]
12-13 19:13:32.255 15996 15996 I wm_on_top_resumed_gained_called: [108689569,com.eg.android.AlipayGphone.AlipayLogin,topStateChangedWhenResumed]
12-13 19:13:32.640 15996 15996 I wm_on_idle_called: com.eg.android.AlipayGphone.AlipayLogin
12-13 19:13:32.671  3220  3220 I wm_on_stop_called: [0,241954343,com.miui.home.launcher.Launcher,STOP_ACTIVITY_ITEM,7]
12-13 19:13:32.837  3220  3220 I wm_on_restart_called: [0,241954343,com.miui.home.launcher.Launcher,performRestartActivity,0]
12-13 19:13:32.839  3220  3220 I wm_on_start_called: [0,241954343,com.miui.home.launcher.Launcher,handleStartActivity,1]
12-13 19:13:32.911  3220  3254 I com.miui.home: CheckGCForNative adj_start_bytes: 49069081 NativeAllocationGcWatermark: 12284445 java_gc_start_bytes: 30642414 kNewNativeDiscountFactor: 2 kOldNativeDiscountFactor: 65536 old_native_bytes: 167815121 new_native_bytes: 32385404 add_bytes_allowed: 36853335 is_gc_concurrent: 1 target_footprint_: 31166702 GetBytesAllocated: 25802984 HeapGrowthMultiplier: 3
12-13 19:13:32.911  3220  3254 I com.miui.home: CheckGCForNative gc_urgency 0.8559 current_native_bytes is 200200525
12-13 19:13:32.911  3220  3254 I com.miui.home: CheckGCForNative adj_start_bytes: 49069081 NativeAllocationGcWatermark: 12284445 java_gc_start_bytes: 30642414 kNewNativeDiscountFactor: 2 kOldNativeDiscountFactor: 65536 old_native_bytes: 167815121 new_native_bytes: 43091324 add_bytes_allowed: 36853335 is_gc_concurrent: 1 target_footprint_: 31166702 GetBytesAllocated: 25819560 HeapGrowthMultiplier: 3
12-13 19:13:32.911  3220  3254 I com.miui.home: CheckGCForNative gc_urgency 0.965329 current_native_bytes is 210906445
12-13 19:13:32.956  3220  3254 I com.miui.home: CheckGCForNative adj_start_bytes: 49069081 NativeAllocationGcWatermark: 12284445 java_gc_start_bytes: 30642414 kNewNativeDiscountFactor: 2 kOldNativeDiscountFactor: 65536 old_native_bytes: 167815121 new_native_bytes: 43096156 add_bytes_allowed: 36853335 is_gc_concurrent: 1 target_footprint_: 31166702 GetBytesAllocated: 25868712 HeapGrowthMultiplier: 3
12-13 19:13:32.956  3220  3254 I com.miui.home: CheckGCForNative gc_urgency 0.966379 current_native_bytes is 210911277
12-13 19:13:32.976  3220  3363 I com.miui.home: CheckGCForNative adj_start_bytes: 49069081 NativeAllocationGcWatermark: 12284445 java_gc_start_bytes: 30642414 kNewNativeDiscountFactor: 2 kOldNativeDiscountFactor: 65536 old_native_bytes: 167815121 new_native_bytes: 32394748 add_bytes_allowed: 36853335 is_gc_concurrent: 1 target_footprint_: 31166702 GetBytesAllocated: 25868904 HeapGrowthMultiplier: 3
12-13 19:13:32.976  3220  3363 I com.miui.home: CheckGCForNative gc_urgency 0.857339 current_native_bytes is 200209869
12-13 19:13:33.319 16249 16249 I wm_on_application_create_called: [0,com.eg.android.AlipayGphone,209]
12-13 19:13:33.321  3220  3363 I com.miui.home: CheckGCForNative adj_start_bytes: 49069081 NativeAllocationGcWatermark: 12284445 java_gc_start_bytes: 30642414 kNewNativeDiscountFactor: 2 kOldNativeDiscountFactor: 65536 old_native_bytes: 167815121 new_native_bytes: 32420028 add_bytes_allowed: 36853335 is_gc_concurrent: 1 target_footprint_: 31166702 GetBytesAllocated: 26016360 HeapGrowthMultiplier: 3
12-13 19:13:33.321  3220  3363 I com.miui.home: CheckGCForNative gc_urgency 0.860602 current_native_bytes is 200235149
12-13 19:13:33.332  3220  3363 I com.miui.home: CheckGCForNative adj_start_bytes: 49069081 NativeAllocationGcWatermark: 12284445 java_gc_start_bytes: 30642414 kNewNativeDiscountFactor: 2 kOldNativeDiscountFactor: 65536 old_native_bytes: 167815121 new_native_bytes: 32420092 add_bytes_allowed: 36853335 is_gc_concurrent: 1 target_footprint_: 31166702 GetBytesAllocated: 26032744 HeapGrowthMultiplier: 3
12-13 19:13:33.333  3220  3363 I com.miui.home: CheckGCForNative gc_urgency 0.860936 current_native_bytes is 200235213
12-13 19:13:33.459 15996 15996 I wm_on_top_resumed_lost_called: [108689569,com.eg.android.AlipayGphone.AlipayLogin,topStateChangedWhenResumed]
12-13 19:13:33.475  3220  3220 I wm_on_resume_called: [0,241954343,com.miui.home.launcher.Launcher,RESUME_ACTIVITY,2]
12-13 19:13:33.477  3220  3220 I wm_on_idle_called: com.miui.home.launcher.Launcher
12-13 19:13:33.493  3220  3220 I wm_on_top_resumed_gained_called: [241954343,com.miui.home.launcher.Launcher,topStateChangedWhenResumed]
12-13 19:13:33.500 15996 15996 I wm_on_paused_called: [0,108689569,com.eg.android.AlipayGphone.AlipayLogin,performPause,4]
12-13 19:13:33.651  3220  3339 I com.miui.home: CheckGCForNative adj_start_bytes: 49069081 NativeAllocationGcWatermark: 12284445 java_gc_start_bytes: 30642414 kNewNativeDiscountFactor: 2 kOldNativeDiscountFactor: 65536 old_native_bytes: 167815121 new_native_bytes: 43131092 add_bytes_allowed: 36853335 is_gc_concurrent: 1 target_footprint_: 31166702 GetBytesAllocated: 27033448 HeapGrowthMultiplier: 3
12-13 19:13:33.651  3220  3339 I com.miui.home: CheckGCForNative gc_urgency 0.990472 current_native_bytes is 210946213
12-13 19:13:33.703  3220  3339 I com.miui.home: CheckGCForNative adj_start_bytes: 49069081 NativeAllocationGcWatermark: 12284445 java_gc_start_bytes: 30642414 kNewNativeDiscountFactor: 2 kOldNativeDiscountFactor: 65536 old_native_bytes: 167815121 new_native_bytes: 57646164 add_bytes_allowed: 36853335 is_gc_concurrent: 1 target_footprint_: 31166702 GetBytesAllocated: 27066504 HeapGrowthMultiplier: 3
12-13 19:13:33.703  3220  3339 I com.miui.home: CheckGCForNative gc_urgency 1.13905 current_native_bytes is 225461285
12-13 19:13:33.704  3220  3339 I com.miui.home: CheckGCForNative adj_start_bytes: 49069081 NativeAllocationGcWatermark: 12284445 java_gc_start_bytes: 30642414 kNewNativeDiscountFactor: 2 kOldNativeDiscountFactor: 65536 old_native_bytes: 167815121 new_native_bytes: 45849684 add_bytes_allowed: 36853335 is_gc_concurrent: 1 target_footprint_: 31166702 GetBytesAllocated: 27066504 HeapGrowthMultiplier: 3
12-13 19:13:33.704  3220  3339 I com.miui.home: CheckGCForNative gc_urgency 1.01885 current_native_bytes is 213664805
12-13 19:13:33.726  3220  3339 I com.miui.home: CheckGCForNative adj_start_bytes: 49069081 NativeAllocationGcWatermark: 12284445 java_gc_start_bytes: 30642414 kNewNativeDiscountFactor: 2 kOldNativeDiscountFactor: 65536 old_native_bytes: 167815121 new_native_bytes: 46636564 add_bytes_allowed: 36853335 is_gc_concurrent: 1 target_footprint_: 31166702 GetBytesAllocated: 27066504 HeapGrowthMultiplier: 3
12-13 19:13:33.728  3220  3339 I com.miui.home: CheckGCForNative gc_urgency 1.02687 current_native_bytes is 214451685
12-13 19:13:33.733  3220  3339 I com.miui.home: CheckGCForNative adj_start_bytes: 49069081 NativeAllocationGcWatermark: 12284445 java_gc_start_bytes: 30642414 kNewNativeDiscountFactor: 2 kOldNativeDiscountFactor: 65536 old_native_bytes: 167815121 new_native_bytes: 48090812 add_bytes_allowed: 36853335 is_gc_concurrent: 1 target_footprint_: 31166702 GetBytesAllocated: 27066552 HeapGrowthMultiplier: 3
12-13 19:13:33.733  3220  3339 I com.miui.home: CheckGCForNative gc_urgency 1.04168 current_native_bytes is 215905933
12-13 19:13:33.733  3220  3339 I com.miui.home: CheckGCForNative adj_start_bytes: 49069081 NativeAllocationGcWatermark: 12284445 java_gc_start_bytes: 30642414 kNewNativeDiscountFactor: 2 kOldNativeDiscountFactor: 65536 old_native_bytes: 167815121 new_native_bytes: 49541444 add_bytes_allowed: 36853335 is_gc_concurrent: 1 target_footprint_: 31166702 GetBytesAllocated: 27066552 HeapGrowthMultiplier: 3
12-13 19:13:33.733  3220  3339 I com.miui.home: CheckGCForNative gc_urgency 1.05647 current_native_bytes is 217356565
12-13 19:13:33.745 15996 15996 I wm_on_stop_called: [0,108689569,com.eg.android.AlipayGphone.AlipayLogin,STOP_ACTIVITY_ITEM,125]
12-13 19:13:33.768  3220  3339 I com.miui.home: CheckGCForNative adj_start_bytes: 49069081 NativeAllocationGcWatermark: 12284445 java_gc_start_bytes: 30642414 kNewNativeDiscountFactor: 2 kOldNativeDiscountFactor: 65536 old_native_bytes: 167815121 new_native_bytes: 62124612 add_bytes_allowed: 36853335 is_gc_concurrent: 1 target_footprint_: 31166702 GetBytesAllocated: 27066552 HeapGrowthMultiplier: 3
12-13 19:13:33.768  3220  3339 I com.miui.home: CheckGCForNative gc_urgency 1.18469 current_native_bytes is 229939733
12-13 19:13:33.940  3220  3220 I wm_on_top_resumed_lost_called: [241954343,com.miui.home.launcher.Launcher,topStateChangedWhenResumed]
12-13 19:13:33.943  3220  3220 I wm_on_paused_called: [0,241954343,com.miui.home.launcher.Launcher,performPause,1]
12-13 19:13:33.990  3220  3247 I com.miui.home: NativeAlloc concurrent copying GC freed 221308(10MB) AllocSpace objects, 14(664KB) LOS objects, 49% free, 14MB/29MB, paused 162us,10.974ms total 285.233ms
12-13 19:13:34.119  3220  3811 I com.miui.home: CheckGCForNative gc_urgency 0 current_native_bytes is 142055833
12-13 19:13:34.886  3220  3334 I com.miui.home: CheckGCForNative adj_start_bytes: 48992963 NativeAllocationGcWatermark: 12266195 java_gc_start_bytes: 30593671 kNewNativeDiscountFactor: 2 kOldNativeDiscountFactor: 65536 old_native_bytes: 142055833 new_native_bytes: 201784 add_bytes_allowed: 36798585 is_gc_concurrent: 1 target_footprint_: 31020703 GetBytesAllocated: 16326072 HeapGrowthMultiplier: 3
12-13 19:13:34.886  3220  3334 I com.miui.home: CheckGCForNative gc_urgency 0.335337 current_native_bytes is 142257617
12-13 19:13:34.892  3220  3334 I com.miui.home: CheckGCForNative adj_start_bytes: 48992963 NativeAllocationGcWatermark: 12266195 java_gc_start_bytes: 30593671 kNewNativeDiscountFactor: 2 kOldNativeDiscountFactor: 65536 old_native_bytes: 142055833 new_native_bytes: 598104 add_bytes_allowed: 36798585 is_gc_concurrent: 1 target_footprint_: 31020703 GetBytesAllocated: 16326072 HeapGrowthMultiplier: 3
12-13 19:13:34.892  3220  3334 I com.miui.home: CheckGCForNative gc_urgency 0.339381 current_native_bytes is 142653937
12-13 19:13:34.893  3220  3334 I com.miui.home: CheckGCForNative adj_start_bytes: 48992963 NativeAllocationGcWatermark: 12266195 java_gc_start_bytes: 30593671 kNewNativeDiscountFactor: 2 kOldNativeDiscountFactor: 65536 old_native_bytes: 142055833 new_native_bytes: 665496 add_bytes_allowed: 36798585 is_gc_concurrent: 1 target_footprint_: 31020703 GetBytesAllocated: 16326072 HeapGrowthMultiplier: 3
12-13 19:13:34.893  3220  3334 I com.miui.home: CheckGCForNative gc_urgency 0.340069 current_native_bytes is 142721329
12-13 19:13:34.910  3220  3433 I com.miui.home: CheckGCForNative adj_start_bytes: 48992963 NativeAllocationGcWatermark: 12266195 java_gc_start_bytes: 30593671 kNewNativeDiscountFactor: 2 kOldNativeDiscountFactor: 65536 old_native_bytes: 142055833 new_native_bytes: 863960 add_bytes_allowed: 36798585 is_gc_concurrent: 1 target_footprint_: 31020703 GetBytesAllocated: 16473624 HeapGrowthMultiplier: 3
12-13 19:13:34.911  3220  3433 I com.miui.home: CheckGCForNative gc_urgency 0.345106 current_native_bytes is 142919793
12-13 19:13:35.036 16684 16684 I wm_on_application_create_called: [0,com.ss.android.ugc.aweme,233]
12-13 19:13:35.247 16684 16684 I wm_on_create_called: [0,29719235,com.ss.android.ugc.aweme.splash.SplashActivity,performCreate,180]
12-13 19:13:35.415  3220  3621 I com.miui.home: CheckGCForNative adj_start_bytes: 48992963 NativeAllocationGcWatermark: 12266195 java_gc_start_bytes: 30593671 kNewNativeDiscountFactor: 2 kOldNativeDiscountFactor: 65536 old_native_bytes: 142055833 new_native_bytes: 11915148 add_bytes_allowed: 36798585 is_gc_concurrent: 1 target_footprint_: 31020703 GetBytesAllocated: 17080360 HeapGrowthMultiplier: 3
12-13 19:13:35.415  3220  3621 I com.miui.home: CheckGCForNative gc_urgency 0.470274 current_native_bytes is 153970981
12-13 19:13:35.416  3220  3621 I com.miui.home: CheckGCForNative adj_start_bytes: 48992963 NativeAllocationGcWatermark: 12266195 java_gc_start_bytes: 30593671 kNewNativeDiscountFactor: 2 kOldNativeDiscountFactor: 65536 old_native_bytes: 142055833 new_native_bytes: 22621068 add_bytes_allowed: 36798585 is_gc_concurrent: 1 target_footprint_: 31020703 GetBytesAllocated: 17096936 HeapGrowthMultiplier: 3
12-13 19:13:35.416  3220  3621 I com.miui.home: CheckGCForNative gc_urgency 0.579872 current_native_bytes is 164676901
12-13 19:13:35.441  3220  3621 I com.miui.home: CheckGCForNative adj_start_bytes: 48992963 NativeAllocationGcWatermark: 12266195 java_gc_start_bytes: 30593671 kNewNativeDiscountFactor: 2 kOldNativeDiscountFactor: 65536 old_native_bytes: 142055833 new_native_bytes: 22635756 add_bytes_allowed: 36798585 is_gc_concurrent: 1 target_footprint_: 31020703 GetBytesAllocated: 17162472 HeapGrowthMultiplier: 3
12-13 19:13:35.441  3220  3621 I com.miui.home: CheckGCForNative gc_urgency 0.581359 current_native_bytes is 164691589
12-13 19:13:35.504  3220  3363 I com.miui.home: CheckGCForNative adj_start_bytes: 48992963 NativeAllocationGcWatermark: 12266195 java_gc_start_bytes: 30593671 kNewNativeDiscountFactor: 2 kOldNativeDiscountFactor: 65536 old_native_bytes: 142055833 new_native_bytes: 11976908 add_bytes_allowed: 36798585 is_gc_concurrent: 1 target_footprint_: 31020703 GetBytesAllocated: 17228200 HeapGrowthMultiplier: 3
12-13 19:13:35.505  3220  3363 I com.miui.home: CheckGCForNative gc_urgency 0.473922 current_native_bytes is 154032741
12-13 19:13:35.560  3220  3363 I com.miui.home: CheckGCForNative adj_start_bytes: 48992963 NativeAllocationGcWatermark: 12266195 java_gc_start_bytes: 30593671 kNewNativeDiscountFactor: 2 kOldNativeDiscountFactor: 65536 old_native_bytes: 142055833 new_native_bytes: 11922476 add_bytes_allowed: 36798585 is_gc_concurrent: 1 target_footprint_: 31020703 GetBytesAllocated: 17260968 HeapGrowthMultiplier: 3
12-13 19:13:35.560  3220  3363 I com.miui.home: CheckGCForNative gc_urgency 0.474035 current_native_bytes is 153978309
12-13 19:13:35.764 16684 16684 I wm_on_start_called: [0,29719235,com.ss.android.ugc.aweme.splash.SplashActivity,handleStartActivity,509]
12-13 19:13:35.785 16684 16684 I wm_on_resume_called: [0,29719235,com.ss.android.ugc.aweme.splash.SplashActivity,RESUME_ACTIVITY,16]
12-13 19:13:35.916  3220  3363 I com.miui.home: CheckGCForNative adj_start_bytes: 48992963 NativeAllocationGcWatermark: 12266195 java_gc_start_bytes: 30593671 kNewNativeDiscountFactor: 2 kOldNativeDiscountFactor: 65536 old_native_bytes: 142055833 new_native_bytes: 11951884 add_bytes_allowed: 36798585 is_gc_concurrent: 1 target_footprint_: 31020703 GetBytesAllocated: 17441192 HeapGrowthMultiplier: 3
12-13 19:13:35.916  3220  3363 I com.miui.home: CheckGCForNative gc_urgency 0.478014 current_native_bytes is 154007717
12-13 19:13:35.946  3220  3220 I wm_on_resume_called: [0,241954343,com.miui.home.launcher.Launcher,RESUME_ACTIVITY,3]
12-13 19:13:35.948  3220  3220 I wm_on_idle_called: com.miui.home.launcher.Launcher
12-13 19:13:36.097  3220  3811 I com.miui.home: CheckGCForNative adj_start_bytes: 48992963 NativeAllocationGcWatermark: 12266195 java_gc_start_bytes: 30593671 kNewNativeDiscountFactor: 2 kOldNativeDiscountFactor: 65536 old_native_bytes: 142055833 new_native_bytes: 22718592 add_bytes_allowed: 36798585 is_gc_concurrent: 1 target_footprint_: 31020703 GetBytesAllocated: 18482696 HeapGrowthMultiplier: 3
12-13 19:13:36.097  3220  3811 I com.miui.home: CheckGCForNative gc_urgency 0.609152 current_native_bytes is 164774425
12-13 19:13:36.426  3220  3220 I wm_on_top_resumed_gained_called: [241954343,com.miui.home.launcher.Launcher,topStateChangedWhenResumed]
12-13 19:13:36.589  3220  3220 I wm_on_top_resumed_lost_called: [241954343,com.miui.home.launcher.Launcher,topStateChangedWhenResumed]
12-13 19:13:36.601  3220  3220 I wm_on_paused_called: [0,241954343,com.miui.home.launcher.Launcher,performPause,1]
12-13 19:13:36.672  3220  3811 I com.miui.home: CheckGCForNative adj_start_bytes: 48992963 NativeAllocationGcWatermark: 12266195 java_gc_start_bytes: 30593671 kNewNativeDiscountFactor: 2 kOldNativeDiscountFactor: 65536 old_native_bytes: 142055833 new_native_bytes: 13153072 add_bytes_allowed: 36798585 is_gc_concurrent: 1 target_footprint_: 31020703 GetBytesAllocated: 19130808 HeapGrowthMultiplier: 3
12-13 19:13:36.672  3220  3811 I com.miui.home: CheckGCForNative gc_urgency 0.524759 current_native_bytes is 155208905
12-13 19:13:36.673  3220  3811 I com.miui.home: CheckGCForNative adj_start_bytes: 48992963 NativeAllocationGcWatermark: 12266195 java_gc_start_bytes: 30593671 kNewNativeDiscountFactor: 2 kOldNativeDiscountFactor: 65536 old_native_bytes: 142055833 new_native_bytes: 13167824 add_bytes_allowed: 36798585 is_gc_concurrent: 1 target_footprint_: 31020703 GetBytesAllocated: 19130808 HeapGrowthMultiplier: 3
12-13 19:13:36.673  3220  3811 I com.miui.home: CheckGCForNative gc_urgency 0.52491 current_native_bytes is 155223657
12-13 19:13:36.774  3220  3363 I com.miui.home: CheckGCForNative adj_start_bytes: 48992963 NativeAllocationGcWatermark: 12266195 java_gc_start_bytes: 30593671 kNewNativeDiscountFactor: 2 kOldNativeDiscountFactor: 65536 old_native_bytes: 142055833 new_native_bytes: 13569268 add_bytes_allowed: 36798585 is_gc_concurrent: 1 target_footprint_: 31020703 GetBytesAllocated: 19696792 HeapGrowthMultiplier: 3
12-13 19:13:36.774  3220  3363 I com.miui.home: CheckGCForNative gc_urgency 0.540559 current_native_bytes is 155625101
12-13 19:13:36.785  3220  3363 I com.miui.home: CheckGCForNative adj_start_bytes: 48992963 NativeAllocationGcWatermark: 12266195 java_gc_start_bytes: 30593671 kNewNativeDiscountFactor: 2 kOldNativeDiscountFactor: 65536 old_native_bytes: 142055833 new_native_bytes: 13627828 add_bytes_allowed: 36798585 is_gc_concurrent: 1 target_footprint_: 31020703 GetBytesAllocated: 19811640 HeapGrowthMultiplier: 3
12-13 19:13:36.785  3220  3363 I com.miui.home: CheckGCForNative gc_urgency 0.543501 current_native_bytes is 155683661
12-13 19:13:36.919  3220  3363 I com.miui.home: CheckGCForNative adj_start_bytes: 48992963 NativeAllocationGcWatermark: 12266195 java_gc_start_bytes: 30593671 kNewNativeDiscountFactor: 2 kOldNativeDiscountFactor: 65536 old_native_bytes: 142055833 new_native_bytes: 13648328 add_bytes_allowed: 36798585 is_gc_concurrent: 1 target_footprint_: 31020703 GetBytesAllocated: 19975640 HeapGrowthMultiplier: 3
12-13 19:13:36.919  3220  3363 I com.miui.home: CheckGCForNative gc_urgency 0.547058 current_native_bytes is 155704161
12-13 19:13:37.276 17021 17021 I wm_on_create_called: [0,257467398,com.baidu.searchbox.SplashActivity,performCreate,79]
12-13 19:13:37.495 17021 17021 I wm_on_create_called: [0,194718742,com.baidu.searchbox.MainActivity,performCreate,133]
12-13 19:13:37.505 17021 17021 I wm_on_start_called: [0,194718742,com.baidu.searchbox.MainActivity,handleStartActivity,10]
12-13 19:13:37.510 17021 17021 I wm_on_resume_called: [0,194718742,com.baidu.searchbox.MainActivity,RESUME_ACTIVITY,4]
12-13 19:13:37.528 17021 17021 I wm_on_top_resumed_gained_called: [194718742,com.baidu.searchbox.MainActivity,topStateChangedWhenResumed]
12-13 19:13:37.827  3220  3421 I com.miui.home: CheckGCForNative adj_start_bytes: 48992963 NativeAllocationGcWatermark: 12266195 java_gc_start_bytes: 30593671 kNewNativeDiscountFactor: 2 kOldNativeDiscountFactor: 65536 old_native_bytes: 142055833 new_native_bytes: 24569564 add_bytes_allowed: 36798585 is_gc_concurrent: 1 target_footprint_: 31020703 GetBytesAllocated: 20771608 HeapGrowthMultiplier: 3
12-13 19:13:37.827  3220  3421 I com.miui.home: CheckGCForNative gc_urgency 0.675096 current_native_bytes is 166625397
12-13 19:13:37.833  3220  3421 I com.miui.home: CheckGCForNative adj_start_bytes: 48992963 NativeAllocationGcWatermark: 12266195 java_gc_start_bytes: 30593671 kNewNativeDiscountFactor: 2 kOldNativeDiscountFactor: 65536 old_native_bytes: 142055833 new_native_bytes: 35279452 add_bytes_allowed: 36798585 is_gc_concurrent: 1 target_footprint_: 31020703 GetBytesAllocated: 20804568 HeapGrowthMultiplier: 3
12-13 19:13:37.836  3220  3421 I com.miui.home: CheckGCForNative gc_urgency 0.785069 current_native_bytes is 177335285
12-13 19:13:37.866  3220  3363 I com.miui.home: CheckGCForNative adj_start_bytes: 48992963 NativeAllocationGcWatermark: 12266195 java_gc_start_bytes: 30593671 kNewNativeDiscountFactor: 2 kOldNativeDiscountFactor: 65536 old_native_bytes: 142055833 new_native_bytes: 24574436 add_bytes_allowed: 36798585 is_gc_concurrent: 1 target_footprint_: 31020703 GetBytesAllocated: 20870104 HeapGrowthMultiplier: 3
12-13 19:13:37.866  3220  3363 I com.miui.home: CheckGCForNative gc_urgency 0.676821 current_native_bytes is 166630269
12-13 19:13:37.876  3220  3421 I com.miui.home: CheckGCForNative adj_start_bytes: 48992963 NativeAllocationGcWatermark: 12266195 java_gc_start_bytes: 30593671 kNewNativeDiscountFactor: 2 kOldNativeDiscountFactor: 65536 old_native_bytes: 142055833 new_native_bytes: 35281892 add_bytes_allowed: 36798585 is_gc_concurrent: 1 target_footprint_: 31020703 GetBytesAllocated: 20870104 HeapGrowthMultiplier: 3
12-13 19:13:37.876  3220  3421 I com.miui.home: CheckGCForNative gc_urgency 0.786097 current_native_bytes is 177337725
12-13 19:13:38.188  3220  3363 I com.miui.home: CheckGCForNative adj_start_bytes: 48992963 NativeAllocationGcWatermark: 12266195 java_gc_start_bytes: 30593671 kNewNativeDiscountFactor: 2 kOldNativeDiscountFactor: 65536 old_native_bytes: 142055833 new_native_bytes: 24642132 add_bytes_allowed: 36798585 is_gc_concurrent: 1 target_footprint_: 31020703 GetBytesAllocated: 21034136 HeapGrowthMultiplier: 3
12-13 19:13:38.189  3220  3363 I com.miui.home: CheckGCForNative gc_urgency 0.68086 current_native_bytes is 166697965
12-13 19:13:38.222  3220  3363 I com.miui.home: CheckGCForNative adj_start_bytes: 48992963 NativeAllocationGcWatermark: 12266195 java_gc_start_bytes: 30593671 kNewNativeDiscountFactor: 2 kOldNativeDiscountFactor: 65536 old_native_bytes: 142055833 new_native_bytes: 24629140 add_bytes_allowed: 36798585 is_gc_concurrent: 1 target_footprint_: 31020703 GetBytesAllocated: 21034136 HeapGrowthMultiplier: 3
12-13 19:13:38.222  3220  3363 I com.miui.home: CheckGCForNative gc_urgency 0.680728 current_native_bytes is 166684973
12-13 19:13:38.359 17021 17021 I wm_on_top_resumed_lost_called: [194718742,com.baidu.searchbox.MainActivity,topStateChangedWhenResumed]
12-13 19:13:38.369  3220  3220 I wm_on_resume_called: [0,241954343,com.miui.home.launcher.Launcher,RESUME_ACTIVITY,5]
12-13 19:13:38.370  3220  3220 I wm_on_idle_called: com.miui.home.launcher.Launcher
12-13 19:13:38.382  3220  3220 I wm_on_top_resumed_gained_called: [241954343,com.miui.home.launcher.Launcher,topStateChangedWhenResumed]
12-13 19:13:38.404 17021 17021 I wm_on_paused_called: [0,194718742,com.baidu.searchbox.MainActivity,performPause,22]
12-13 19:13:38.481 17021 17021 I wm_on_stop_called: [0,194718742,com.baidu.searchbox.MainActivity,STOP_ACTIVITY_ITEM,72]
12-13 19:13:38.490 17021 17021 I wm_on_destroy_called: [0,257467398,com.baidu.searchbox.SplashActivity,performDestroy,1]
12-13 19:13:38.525 17021 17021 I wm_on_idle_called: com.baidu.searchbox.MainActivity
12-13 19:13:38.530  3220  3811 I com.miui.home: CheckGCForNative adj_start_bytes: 48992963 NativeAllocationGcWatermark: 12266195 java_gc_start_bytes: 30593671 kNewNativeDiscountFactor: 2 kOldNativeDiscountFactor: 65536 old_native_bytes: 142055833 new_native_bytes: 35426472 add_bytes_allowed: 36798585 is_gc_concurrent: 1 target_footprint_: 31020703 GetBytesAllocated: 22124824 HeapGrowthMultiplier: 3
12-13 19:13:38.530  3220  3811 I com.miui.home: CheckGCForNative gc_urgency 0.813183 current_native_bytes is 177482305
12-13 19:13:38.564  3220  3811 I com.miui.home: CheckGCForNative adj_start_bytes: 48992963 NativeAllocationGcWatermark: 12266195 java_gc_start_bytes: 30593671 kNewNativeDiscountFactor: 2 kOldNativeDiscountFactor: 65536 old_native_bytes: 142055833 new_native_bytes: 24859804 add_bytes_allowed: 36798585 is_gc_concurrent: 1 target_footprint_: 31020703 GetBytesAllocated: 22256408 HeapGrowthMultiplier: 3
12-13 19:13:38.564  3220  3811 I com.miui.home: CheckGCForNative gc_urgency 0.70803 current_native_bytes is 166915637
12-13 19:13:38.956  3220  3220 I wm_on_top_resumed_lost_called: [241954343,com.miui.home.launcher.Launcher,topStateChangedWhenResumed]
12-13 19:13:38.963  3220  3220 I wm_on_paused_called: [0,241954343,com.miui.home.launcher.Launcher,performPause,1]
12-13 19:13:39.039  3220  3811 I com.miui.home: CheckGCForNative adj_start_bytes: 48992963 NativeAllocationGcWatermark: 12266195 java_gc_start_bytes: 30593671 kNewNativeDiscountFactor: 2 kOldNativeDiscountFactor: 65536 old_native_bytes: 142055833 new_native_bytes: 25936976 add_bytes_allowed: 36798585 is_gc_concurrent: 1 target_footprint_: 31020703 GetBytesAllocated: 22785288 HeapGrowthMultiplier: 3
12-13 19:13:39.039  3220  3811 I com.miui.home: CheckGCForNative gc_urgency 0.729818 current_native_bytes is 167992809
12-13 19:13:39.045  3220  3811 I com.miui.home: CheckGCForNative adj_start_bytes: 48992963 NativeAllocationGcWatermark: 12266195 java_gc_start_bytes: 30593671 kNewNativeDiscountFactor: 2 kOldNativeDiscountFactor: 65536 old_native_bytes: 142055833 new_native_bytes: 26394320 add_bytes_allowed: 36798585 is_gc_concurrent: 1 target_footprint_: 31020703 GetBytesAllocated: 22805768 HeapGrowthMultiplier: 3
12-13 19:13:39.045  3220  3811 I com.miui.home: CheckGCForNative gc_urgency 0.734903 current_native_bytes is 168450153
12-13 19:13:39.130  3220  3811 I com.miui.home: CheckGCForNative adj_start_bytes: 48992963 NativeAllocationGcWatermark: 12266195 java_gc_start_bytes: 30593671 kNewNativeDiscountFactor: 2 kOldNativeDiscountFactor: 65536 old_native_bytes: 142055833 new_native_bytes: 26665508 add_bytes_allowed: 36798585 is_gc_concurrent: 1 target_footprint_: 31020703 GetBytesAllocated: 23207560 HeapGrowthMultiplier: 3
12-13 19:13:39.130  3220  3811 I com.miui.home: CheckGCForNative gc_urgency 0.745872 current_native_bytes is 168721341
12-13 19:13:39.198  3220  3811 I com.miui.home: CheckGCForNative adj_start_bytes: 48992963 NativeAllocationGcWatermark: 12266195 java_gc_start_bytes: 30593671 kNewNativeDiscountFactor: 2 kOldNativeDiscountFactor: 65536 old_native_bytes: 142055833 new_native_bytes: 26821716 add_bytes_allowed: 36798585 is_gc_concurrent: 1 target_footprint_: 31020703 GetBytesAllocated: 23470120 HeapGrowthMultiplier: 3
12-13 19:13:39.198  3220  3811 I com.miui.home: CheckGCForNative gc_urgency 0.752825 current_native_bytes is 168877549
12-13 19:13:40.145  3220 14453 I com.miui.home: CheckGCForNative adj_start_bytes: 48992963 NativeAllocationGcWatermark: 12266195 java_gc_start_bytes: 30593671 kNewNativeDiscountFactor: 2 kOldNativeDiscountFactor: 65536 old_native_bytes: 142055833 new_native_bytes: 37641320 add_bytes_allowed: 36798585 is_gc_concurrent: 1 target_footprint_: 31020703 GetBytesAllocated: 24085128 HeapGrowthMultiplier: 3
12-13 19:13:40.145  3220 14453 I com.miui.home: CheckGCForNative gc_urgency 0.875798 current_native_bytes is 179697153
12-13 19:13:40.145  3220 14453 I com.miui.home: CheckGCForNative adj_start_bytes: 48992963 NativeAllocationGcWatermark: 12266195 java_gc_start_bytes: 30593671 kNewNativeDiscountFactor: 2 kOldNativeDiscountFactor: 65536 old_native_bytes: 142055833 new_native_bytes: 48347240 add_bytes_allowed: 36798585 is_gc_concurrent: 1 target_footprint_: 31020703 GetBytesAllocated: 24101704 HeapGrowthMultiplier: 3
12-13 19:13:40.145  3220 14453 I com.miui.home: CheckGCForNative gc_urgency 0.985396 current_native_bytes is 190403073
12-13 19:13:40.170  3220 14453 I com.miui.home: CheckGCForNative adj_start_bytes: 48992963 NativeAllocationGcWatermark: 12266195 java_gc_start_bytes: 30593671 kNewNativeDiscountFactor: 2 kOldNativeDiscountFactor: 65536 old_native_bytes: 142055833 new_native_bytes: 48348616 add_bytes_allowed: 36798585 is_gc_concurrent: 1 target_footprint_: 31020703 GetBytesAllocated: 24118088 HeapGrowthMultiplier: 3
12-13 19:13:40.170  3220 14453 I com.miui.home: CheckGCForNative gc_urgency 0.985745 current_native_bytes is 190404449
12-13 19:13:40.173  3220  3363 I com.miui.home: CheckGCForNative adj_start_bytes: 48992963 NativeAllocationGcWatermark: 12266195 java_gc_start_bytes: 30593671 kNewNativeDiscountFactor: 2 kOldNativeDiscountFactor: 65536 old_native_bytes: 142055833 new_native_bytes: 37645768 add_bytes_allowed: 36798585 is_gc_concurrent: 1 target_footprint_: 31020703 GetBytesAllocated: 24151048 HeapGrowthMultiplier: 3
12-13 19:13:40.173  3220  3363 I com.miui.home: CheckGCForNative gc_urgency 0.877189 current_native_bytes is 179701601
12-13 19:13:40.238  3220  3363 I com.miui.home: CheckGCForNative adj_start_bytes: 48992963 NativeAllocationGcWatermark: 12266195 java_gc_start_bytes: 30593671 kNewNativeDiscountFactor: 2 kOldNativeDiscountFactor: 65536 old_native_bytes: 142055833 new_native_bytes: 37666760 add_bytes_allowed: 36798585 is_gc_concurrent: 1 target_footprint_: 31020703 GetBytesAllocated: 24216584 HeapGrowthMultiplier: 3
12-13 19:13:40.238  3220  3363 I com.miui.home: CheckGCForNative gc_urgency 0.878741 current_native_bytes is 179722593
12-13 19:13:40.312 17317 17317 I wm_on_create_called: [0,231956712,com.ss.android.article.news.activity.MainActivity,performCreate,324]
12-13 19:13:40.343 17317 17317 I wm_on_start_called: [0,231956712,com.ss.android.article.news.activity.MainActivity,handleStartActivity,17]
12-13 19:13:40.376 17317 17317 I wm_on_resume_called: [0,231956712,com.ss.android.article.news.activity.MainActivity,RESUME_ACTIVITY,31]
12-13 19:13:40.595  3220  3363 I com.miui.home: CheckGCForNative adj_start_bytes: 48992963 NativeAllocationGcWatermark: 12266195 java_gc_start_bytes: 30593671 kNewNativeDiscountFactor: 2 kOldNativeDiscountFactor: 65536 old_native_bytes: 142055833 new_native_bytes: 37681512 add_bytes_allowed: 36798585 is_gc_concurrent: 1 target_footprint_: 31020703 GetBytesAllocated: 24429640 HeapGrowthMultiplier: 3
12-13 19:13:40.595  3220  3363 I com.miui.home: CheckGCForNative gc_urgency 0.88324 current_native_bytes is 179737345
12-13 19:13:40.707  3220  3220 I wm_on_resume_called: [0,241954343,com.miui.home.launcher.Launcher,RESUME_ACTIVITY,5]
12-13 19:13:40.709  3220  3220 I wm_on_idle_called: com.miui.home.launcher.Launcher
12-13 19:13:40.882  3220  3811 I com.miui.home: CheckGCForNative adj_start_bytes: 48992963 NativeAllocationGcWatermark: 12266195 java_gc_start_bytes: 30593671 kNewNativeDiscountFactor: 2 kOldNativeDiscountFactor: 65536 old_native_bytes: 142055833 new_native_bytes: 37950668 add_bytes_allowed: 36798585 is_gc_concurrent: 1 target_footprint_: 31020703 GetBytesAllocated: 25898152 HeapGrowthMultiplier: 3
12-13 19:13:40.882  3220  3811 I com.miui.home: CheckGCForNative gc_urgency 0.915961 current_native_bytes is 180006501
12-13 19:13:40.884  3220  3811 I com.miui.home: CheckGCForNative adj_start_bytes: 48992963 NativeAllocationGcWatermark: 12266195 java_gc_start_bytes: 30593671 kNewNativeDiscountFactor: 2 kOldNativeDiscountFactor: 65536 old_native_bytes: 142055833 new_native_bytes: 48657996 add_bytes_allowed: 36798585 is_gc_concurrent: 1 target_footprint_: 31020703 GetBytesAllocated: 25898152 HeapGrowthMultiplier: 3
12-13 19:13:40.884  3220  3811 I com.miui.home: CheckGCForNative gc_urgency 1.02524 current_native_bytes is 190713829
12-13 19:13:40.901  3220 17602 I com.miui.home: CheckGCForNative adj_start_bytes: 48992963 NativeAllocationGcWatermark: 12266195 java_gc_start_bytes: 30593671 kNewNativeDiscountFactor: 2 kOldNativeDiscountFactor: 65536 old_native_bytes: 142055833 new_native_bytes: 37953292 add_bytes_allowed: 36798585 is_gc_concurrent: 1 target_footprint_: 31020703 GetBytesAllocated: 25947656 HeapGrowthMultiplier: 3
12-13 19:13:40.901  3220 17602 I com.miui.home: CheckGCForNative gc_urgency 0.916998 current_native_bytes is 180009125
12-13 19:13:40.999  3220  3247 I com.miui.home: NativeAlloc concurrent copying GC freed 188637(9552KB) AllocSpace objects, 28(944KB) LOS objects, 49% free, 14MB/29MB, paused 73us,2.343ms total 114.328ms
12-13 19:13:41.099 17317 17317 I wm_on_top_resumed_gained_called: [231956712,com.ss.android.article.news.activity.MainActivity,topStateChangedWhenResumed]
12-13 19:13:41.170  3220 17602 I com.miui.home: CheckGCForNative gc_urgency 0 current_native_bytes is 128383625
12-13 19:13:41.185  3220  3220 I wm_on_top_resumed_gained_called: [241954343,com.miui.home.launcher.Launcher,topStateChangedWhenResumed]
12-13 19:13:41.354 17317 17317 I wm_on_top_resumed_lost_called: [231956712,com.ss.android.article.news.activity.MainActivity,topStateChangedWhenResumed]
12-13 19:13:41.369  3220  3220 I wm_on_top_resumed_lost_called: [241954343,com.miui.home.launcher.Launcher,topStateChangedWhenResumed]
12-13 19:13:41.375  3220  3220 I wm_on_paused_called: [0,241954343,com.miui.home.launcher.Launcher,performPause,1]
12-13 19:13:41.407 17317 17317 I wm_on_paused_called: [0,231956712,com.ss.android.article.news.activity.MainActivity,performPause,36]
12-13 19:13:41.563  3220  3363 I com.miui.home: CheckGCForNative adj_start_bytes: 48856821 NativeAllocationGcWatermark: 12229391 java_gc_start_bytes: 30512735 kNewNativeDiscountFactor: 2 kOldNativeDiscountFactor: 65536 old_native_bytes: 128383625 new_native_bytes: 838744 add_bytes_allowed: 36688173 is_gc_concurrent: 1 target_footprint_: 30726271 GetBytesAllocated: 16568384 HeapGrowthMultiplier: 3
12-13 19:13:41.563  3220  3363 I com.miui.home: CheckGCForNative gc_urgency 0.347745 current_native_bytes is 129222369
12-13 19:13:42.117 17693 17693 I wm_on_create_called: [0,95005959,com.bytedance.ug.yz.PermissionActivity,performCreate,110]
12-13 19:13:42.119 17693 17693 I wm_on_start_called: [0,95005959,com.bytedance.ug.yz.PermissionActivity,handleStartActivity,1]
12-13 19:13:42.122 17693 17693 I wm_on_resume_called: [0,95005959,com.bytedance.ug.yz.PermissionActivity,RESUME_ACTIVITY,2]
12-13 19:13:42.288 17693 17693 I wm_on_idle_called: com.bytedance.ug.yz.PermissionActivity
12-13 19:13:42.304  3220  3220 I wm_on_stop_called: [0,241954343,com.miui.home.launcher.Launcher,STOP_ACTIVITY_ITEM,3]
12-13 19:13:42.331 17693 17693 I wm_on_top_resumed_gained_called: [95005959,com.bytedance.ug.yz.PermissionActivity,topStateChangedWhenResumed]
12-13 19:13:42.495  3220  3220 I wm_on_restart_called: [0,241954343,com.miui.home.launcher.Launcher,performRestartActivity,0]
12-13 19:13:42.497  3220  3220 I wm_on_start_called: [0,241954343,com.miui.home.launcher.Launcher,handleStartActivity,2]
12-13 19:13:42.523  3220  3220 I com.miui.home: CheckGCForNative adj_start_bytes: 48856821 NativeAllocationGcWatermark: 12229391 java_gc_start_bytes: 30512735 kNewNativeDiscountFactor: 2 kOldNativeDiscountFactor: 65536 old_native_bytes: 128383625 new_native_bytes: 1006108 add_bytes_allowed: 36688173 is_gc_concurrent: 1 target_footprint_: 30726271 GetBytesAllocated: 17412768 HeapGrowthMultiplier: 3
12-13 19:13:42.524  3220  3220 I com.miui.home: CheckGCForNative gc_urgency 0.366741 current_native_bytes is 129389733
12-13 19:13:42.537  3220  3591 I com.miui.home: CheckGCForNative adj_start_bytes: 48856821 NativeAllocationGcWatermark: 12229391 java_gc_start_bytes: 30512735 kNewNativeDiscountFactor: 2 kOldNativeDiscountFactor: 65536 old_native_bytes: 128383625 new_native_bytes: 11829724 add_bytes_allowed: 36688173 is_gc_concurrent: 1 target_footprint_: 30726271 GetBytesAllocated: 17576608 HeapGrowthMultiplier: 3
12-13 19:13:42.537  3220  3591 I com.miui.home: CheckGCForNative gc_urgency 0.480863 current_native_bytes is 140213349
12-13 19:13:42.538  3220  3591 I com.miui.home: CheckGCForNative adj_start_bytes: 48856821 NativeAllocationGcWatermark: 12229391 java_gc_start_bytes: 30512735 kNewNativeDiscountFactor: 2 kOldNativeDiscountFactor: 65536 old_native_bytes: 128383625 new_native_bytes: 22535644 add_bytes_allowed: 36688173 is_gc_concurrent: 1 target_footprint_: 30726271 GetBytesAllocated: 17593184 HeapGrowthMultiplier: 3
12-13 19:13:42.538  3220  3591 I com.miui.home: CheckGCForNative gc_urgency 0.590766 current_native_bytes is 150919269
12-13 19:13:42.556  3220  3591 I com.miui.home: CheckGCForNative adj_start_bytes: 48856821 NativeAllocationGcWatermark: 12229391 java_gc_start_bytes: 30512735 kNewNativeDiscountFactor: 2 kOldNativeDiscountFactor: 65536 old_native_bytes: 128383625 new_native_bytes: 22537372 add_bytes_allowed: 36688173 is_gc_concurrent: 1 target_footprint_: 30726271 GetBytesAllocated: 17593184 HeapGrowthMultiplier: 3
12-13 19:13:42.556  3220  3591 I com.miui.home: CheckGCForNative gc_urgency 0.590784 current_native_bytes is 150920997
