12-14 15:59:26.579  3220  3220 I com.miui.home: CheckGCForNative adj_start_bytes: 49055658 NativeAllocationGcWatermark: 12241661 java_gc_start_bytes: 30693167 kNewNativeDiscountFactor: 2 kOldNativeDiscountFactor: 65536 old_native_bytes: 139292017 new_native_bytes: 5024020 add_bytes_allowed: 36724983 is_gc_concurrent: 1 target_footprint_: 30824431 GetBytesAllocated: 18873192 HeapGrowthMultiplier: 3
12-14 15:59:26.580  3220  3220 I com.miui.home: CheckGCForNative gc_urgency 0.435981 current_native_bytes is 144316037
12-14 15:59:27.113  3220  3220 I wm_on_restart_called: [0,241954343,com.miui.home.launcher.Launcher,performRestartActivity,0]
12-14 15:59:27.114  3220  3220 I wm_on_start_called: [0,241954343,com.miui.home.launcher.Launcher,handleStartActivity,1]
12-14 15:59:27.140  3220  3253 I com.miui.home: CheckGCForNative adj_start_bytes: 49055658 NativeAllocationGcWatermark: 12241661 java_gc_start_bytes: 30693167 kNewNativeDiscountFactor: 2 kOldNativeDiscountFactor: 65536 old_native_bytes: 139292017 new_native_bytes: 15771568 add_bytes_allowed: 36724983 is_gc_concurrent: 1 target_footprint_: 30824431 GetBytesAllocated: 19348648 HeapGrowthMultiplier: 3
12-14 15:59:27.140  3220  3253 I com.miui.home: CheckGCForNative gc_urgency 0.555217 current_native_bytes is 155063585
12-14 15:59:27.141  3220  3253 I com.miui.home: CheckGCForNative adj_start_bytes: 49055658 NativeAllocationGcWatermark: 12241661 java_gc_start_bytes: 30693167 kNewNativeDiscountFactor: 2 kOldNativeDiscountFactor: 65536 old_native_bytes: 139292017 new_native_bytes: 26477488 add_bytes_allowed: 36724983 is_gc_concurrent: 1 target_footprint_: 30824431 GetBytesAllocated: 19365224 HeapGrowthMultiplier: 3
12-14 15:59:27.141  3220  3253 I com.miui.home: CheckGCForNative gc_urgency 0.664675 current_native_bytes is 165769505
12-14 15:59:27.155  3220  3253 I com.miui.home: CheckGCForNative adj_start_bytes: 49055658 NativeAllocationGcWatermark: 12241661 java_gc_start_bytes: 30693167 kNewNativeDiscountFactor: 2 kOldNativeDiscountFactor: 65536 old_native_bytes: 139292017 new_native_bytes: 26478756 add_bytes_allowed: 36724983 is_gc_concurrent: 1 target_footprint_: 30824431 GetBytesAllocated: 19381608 HeapGrowthMultiplier: 3
12-14 15:59:27.155  3220  3253 I com.miui.home: CheckGCForNative gc_urgency 0.665022 current_native_bytes is 165770773
12-14 15:59:27.311  3220  3363 I com.miui.home: CheckGCForNative adj_start_bytes: 49055658 NativeAllocationGcWatermark: 12241661 java_gc_start_bytes: 30693167 kNewNativeDiscountFactor: 2 kOldNativeDiscountFactor: 65536 old_native_bytes: 139292017 new_native_bytes: 15853756 add_bytes_allowed: 36724983 is_gc_concurrent: 1 target_footprint_: 30824431 GetBytesAllocated: 19578504 HeapGrowthMultiplier: 3
12-14 15:59:27.311  3220  3363 I com.miui.home: CheckGCForNative gc_urgency 0.560741 current_native_bytes is 155145773
12-14 15:59:27.322  3220  3363 I com.miui.home: CheckGCForNative adj_start_bytes: 49055658 NativeAllocationGcWatermark: 12241661 java_gc_start_bytes: 30693167 kNewNativeDiscountFactor: 2 kOldNativeDiscountFactor: 65536 old_native_bytes: 139292017 new_native_bytes: 15854012 add_bytes_allowed: 36724983 is_gc_concurrent: 1 target_footprint_: 30824431 GetBytesAllocated: 19578504 HeapGrowthMultiplier: 3
12-14 15:59:27.322  3220  3363 I com.miui.home: CheckGCForNative gc_urgency 0.560743 current_native_bytes is 155146029
12-14 15:59:27.679  3220  3363 I com.miui.home: CheckGCForNative adj_start_bytes: 49055658 NativeAllocationGcWatermark: 12241661 java_gc_start_bytes: 30693167 kNewNativeDiscountFactor: 2 kOldNativeDiscountFactor: 65536 old_native_bytes: 139292017 new_native_bytes: 15882684 add_bytes_allowed: 36724983 is_gc_concurrent: 1 target_footprint_: 30824431 GetBytesAllocated: 19725960 HeapGrowthMultiplier: 3
12-14 15:59:27.679  3220  3363 I com.miui.home: CheckGCForNative gc_urgency 0.564042 current_native_bytes is 155174701
12-14 15:59:27.697 20612 20612 I wm_on_top_resumed_lost_called: [247113882,com.eg.android.AlipayGphone.AlipayLogin,topStateChangedWhenResumed]
12-14 15:59:27.711  3220  3220 I wm_on_resume_called: [0,241954343,com.miui.home.launcher.Launcher,RESUME_ACTIVITY,5]
12-14 15:59:27.712  3220  3220 I wm_on_idle_called: com.miui.home.launcher.Launcher
12-14 15:59:27.733  3220  3220 I wm_on_top_resumed_gained_called: [241954343,com.miui.home.launcher.Launcher,topStateChangedWhenResumed]
12-14 15:59:27.737 20612 20612 I wm_on_paused_called: [0,247113882,com.eg.android.AlipayGphone.AlipayLogin,performPause,1]
12-14 15:59:27.867 20612 20612 I wm_on_stop_called: [0,247113882,com.eg.android.AlipayGphone.AlipayLogin,STOP_ACTIVITY_ITEM,127]
12-14 15:59:27.871  3220  3811 I com.miui.home: CheckGCForNative adj_start_bytes: 49055658 NativeAllocationGcWatermark: 12241661 java_gc_start_bytes: 30693167 kNewNativeDiscountFactor: 2 kOldNativeDiscountFactor: 65536 old_native_bytes: 139292017 new_native_bytes: 16690972 add_bytes_allowed: 36724983 is_gc_concurrent: 1 target_footprint_: 30824431 GetBytesAllocated: 20907208 HeapGrowthMultiplier: 3
12-14 15:59:27.871  3220  3811 I com.miui.home: CheckGCForNative gc_urgency 0.59636 current_native_bytes is 155982989
12-14 15:59:27.876  3220  3339 I com.miui.home: CheckGCForNative adj_start_bytes: 49055658 NativeAllocationGcWatermark: 12241661 java_gc_start_bytes: 30693167 kNewNativeDiscountFactor: 2 kOldNativeDiscountFactor: 65536 old_native_bytes: 139292017 new_native_bytes: 27425564 add_bytes_allowed: 36724983 is_gc_concurrent: 1 target_footprint_: 30824431 GetBytesAllocated: 20939976 HeapGrowthMultiplier: 3
12-14 15:59:27.876  3220  3339 I com.miui.home: CheckGCForNative gc_urgency 0.70644 current_native_bytes is 166717581
12-14 15:59:27.911  3220  3339 I com.miui.home: CheckGCForNative adj_start_bytes: 49055658 NativeAllocationGcWatermark: 12241661 java_gc_start_bytes: 30693167 kNewNativeDiscountFactor: 2 kOldNativeDiscountFactor: 65536 old_native_bytes: 139292017 new_native_bytes: 41948252 add_bytes_allowed: 36724983 is_gc_concurrent: 1 target_footprint_: 30824431 GetBytesAllocated: 20940168 HeapGrowthMultiplier: 3
12-14 15:59:27.912  3220  3339 I com.miui.home: CheckGCForNative gc_urgency 0.854467 current_native_bytes is 181240269
12-14 15:59:27.912  3220  3339 I com.miui.home: CheckGCForNative adj_start_bytes: 49055658 NativeAllocationGcWatermark: 12241661 java_gc_start_bytes: 30693167 kNewNativeDiscountFactor: 2 kOldNativeDiscountFactor: 65536 old_native_bytes: 139292017 new_native_bytes: 30151772 add_bytes_allowed: 36724983 is_gc_concurrent: 1 target_footprint_: 30824431 GetBytesAllocated: 20940168 HeapGrowthMultiplier: 3
12-14 15:59:27.912  3220  3339 I com.miui.home: CheckGCForNative gc_urgency 0.734231 current_native_bytes is 169443789
12-14 15:59:27.933  3220  3339 I com.miui.home: CheckGCForNative adj_start_bytes: 49055658 NativeAllocationGcWatermark: 12241661 java_gc_start_bytes: 30693167 kNewNativeDiscountFactor: 2 kOldNativeDiscountFactor: 65536 old_native_bytes: 139292017 new_native_bytes: 30938076 add_bytes_allowed: 36724983 is_gc_concurrent: 1 target_footprint_: 30824431 GetBytesAllocated: 20940168 HeapGrowthMultiplier: 3
12-14 15:59:27.933  3220  3339 I com.miui.home: CheckGCForNative gc_urgency 0.742245 current_native_bytes is 170230093
12-14 15:59:27.947  3220  3339 I com.miui.home: CheckGCForNative adj_start_bytes: 49055658 NativeAllocationGcWatermark: 12241661 java_gc_start_bytes: 30693167 kNewNativeDiscountFactor: 2 kOldNativeDiscountFactor: 65536 old_native_bytes: 139292017 new_native_bytes: 32389028 add_bytes_allowed: 36724983 is_gc_concurrent: 1 target_footprint_: 30824431 GetBytesAllocated: 20940216 HeapGrowthMultiplier: 3
12-14 15:59:27.947  3220  3339 I com.miui.home: CheckGCForNative gc_urgency 0.757035 current_native_bytes is 171681045
12-14 15:59:27.947  3220  3339 I com.miui.home: CheckGCForNative adj_start_bytes: 49055658 NativeAllocationGcWatermark: 12241661 java_gc_start_bytes: 30693167 kNewNativeDiscountFactor: 2 kOldNativeDiscountFactor: 65536 old_native_bytes: 139292017 new_native_bytes: 33839660 add_bytes_allowed: 36724983 is_gc_concurrent: 1 target_footprint_: 30824431 GetBytesAllocated: 20940216 HeapGrowthMultiplier: 3
12-14 15:59:27.947  3220  3339 I com.miui.home: CheckGCForNative gc_urgency 0.771821 current_native_bytes is 173131677
12-14 15:59:27.957  3220  3339 I com.miui.home: CheckGCForNative adj_start_bytes: 49055658 NativeAllocationGcWatermark: 12241661 java_gc_start_bytes: 30693167 kNewNativeDiscountFactor: 2 kOldNativeDiscountFactor: 65536 old_native_bytes: 139292017 new_native_bytes: 44845836 add_bytes_allowed: 36724983 is_gc_concurrent: 1 target_footprint_: 30824431 GetBytesAllocated: 20940216 HeapGrowthMultiplier: 3
12-14 15:59:27.957  3220  3339 I com.miui.home: CheckGCForNative gc_urgency 0.884001 current_native_bytes is 184137853
12-14 15:59:28.563 21500 21500 I wm_on_application_create_called: [0,com.eg.android.AlipayGphone,249]
12-14 15:59:29.742  3220  3220 I wm_on_top_resumed_lost_called: [241954343,com.miui.home.launcher.Launcher,topStateChangedWhenResumed]
12-14 15:59:29.748  3220  3220 I wm_on_paused_called: [0,241954343,com.miui.home.launcher.Launcher,performPause,1]
12-14 15:59:29.845 21577 21577 I wm_on_application_create_called: [0,com.tencent.mobileqq,623]
12-14 15:59:29.885  3220  3339 I com.miui.home: CheckGCForNative adj_start_bytes: 49055658 NativeAllocationGcWatermark: 12241661 java_gc_start_bytes: 30693167 kNewNativeDiscountFactor: 2 kOldNativeDiscountFactor: 65536 old_native_bytes: 139292017 new_native_bytes: 45510252 add_bytes_allowed: 36724983 is_gc_concurrent: 1 target_footprint_: 30824431 GetBytesAllocated: 22047864 HeapGrowthMultiplier: 3
12-14 15:59:29.885  3220  3339 I com.miui.home: CheckGCForNative gc_urgency 0.913353 current_native_bytes is 184802269
12-14 15:59:29.998  3220  3363 I com.miui.home: CheckGCForNative adj_start_bytes: 49055658 NativeAllocationGcWatermark: 12241661 java_gc_start_bytes: 30693167 kNewNativeDiscountFactor: 2 kOldNativeDiscountFactor: 65536 old_native_bytes: 139292017 new_native_bytes: 46105760 add_bytes_allowed: 36724983 is_gc_concurrent: 1 target_footprint_: 30824431 GetBytesAllocated: 22441912 HeapGrowthMultiplier: 3
12-14 15:59:29.998  3220  3363 I com.miui.home: CheckGCForNative gc_urgency 0.927455 current_native_bytes is 185397777
12-14 15:59:30.001  3220  3811 I com.miui.home: CheckGCForNative adj_start_bytes: 49055658 NativeAllocationGcWatermark: 12241661 java_gc_start_bytes: 30693167 kNewNativeDiscountFactor: 2 kOldNativeDiscountFactor: 65536 old_native_bytes: 139292017 new_native_bytes: 46119924 add_bytes_allowed: 36724983 is_gc_concurrent: 1 target_footprint_: 30824431 GetBytesAllocated: 22458296 HeapGrowthMultiplier: 3
12-14 15:59:30.001  3220  3811 I com.miui.home: CheckGCForNative gc_urgency 0.927933 current_native_bytes is 185411941
12-14 15:59:30.863 21822 21822 I wm_on_application_create_called: [0,com.ss.android.ugc.aweme,299]
12-14 15:59:31.217 21822 21822 I wm_on_create_called: [0,182160083,com.ss.android.ugc.aweme.splash.SplashActivity,performCreate,315]
12-14 15:59:31.724 21822 21822 I wm_on_start_called: [0,182160083,com.ss.android.ugc.aweme.splash.SplashActivity,handleStartActivity,503]
12-14 15:59:31.734 21822 21822 I wm_on_resume_called: [0,182160083,com.ss.android.ugc.aweme.splash.SplashActivity,RESUME_ACTIVITY,8]
12-14 15:59:32.322  3220  3220 I wm_on_stop_called: [0,241954343,com.miui.home.launcher.Launcher,STOP_ACTIVITY_ITEM,10]
12-14 15:59:32.581 21822 21822 I wm_on_top_resumed_gained_called: [182160083,com.ss.android.ugc.aweme.splash.SplashActivity,topStateChangedWhenResumed]
12-14 15:59:33.604  3220  3220 I wm_on_restart_called: [0,241954343,com.miui.home.launcher.Launcher,performRestartActivity,0]
12-14 15:59:33.605  3220  3220 I wm_on_start_called: [0,241954343,com.miui.home.launcher.Launcher,handleStartActivity,1]
12-14 15:59:33.663  3220  3426 I com.miui.home: CheckGCForNative adj_start_bytes: 49055658 NativeAllocationGcWatermark: 12241661 java_gc_start_bytes: 30693167 kNewNativeDiscountFactor: 2 kOldNativeDiscountFactor: 65536 old_native_bytes: 139292017 new_native_bytes: 57185488 add_bytes_allowed: 36724983 is_gc_concurrent: 1 target_footprint_: 30824431 GetBytesAllocated: 23343832 HeapGrowthMultiplier: 3
12-14 15:59:33.663  3220  3426 I com.miui.home: CheckGCForNative gc_urgency 1.05877 current_native_bytes is 196477505
12-14 15:59:33.663  3220  3426 I com.miui.home: CheckGCForNative requested 1
12-14 15:59:33.663  3220  3426 I com.miui.home: CheckGCForNative adj_start_bytes: 49055658 NativeAllocationGcWatermark: 12241661 java_gc_start_bytes: 30693167 kNewNativeDiscountFactor: 2 kOldNativeDiscountFactor: 65536 old_native_bytes: 139292017 new_native_bytes: 67890640 add_bytes_allowed: 36724983 is_gc_concurrent: 1 target_footprint_: 30824431 GetBytesAllocated: 23344024 HeapGrowthMultiplier: 3
12-14 15:59:33.664  3220  3426 I com.miui.home: CheckGCForNative gc_urgency 1.16789 current_native_bytes is 207182657
12-14 15:59:33.664  3220  3426 I com.miui.home: CheckGCForNative requested 1
12-14 15:59:33.754  3220  3363 I com.miui.home: CheckGCForNative adj_start_bytes: 49055658 NativeAllocationGcWatermark: 12241661 java_gc_start_bytes: 30693167 kNewNativeDiscountFactor: 2 kOldNativeDiscountFactor: 65536 old_native_bytes: 139292017 new_native_bytes: 57356648 add_bytes_allowed: 36724983 is_gc_concurrent: 1 target_footprint_: 30824431 GetBytesAllocated: 23442424 HeapGrowthMultiplier: 3
12-14 15:59:33.754  3220  3363 I com.miui.home: CheckGCForNative gc_urgency 1.06253 current_native_bytes is 196648665
12-14 15:59:33.754  3220  3363 I com.miui.home: CheckGCForNative requested 1
12-14 15:59:33.803  3220  3426 I com.miui.home: CheckGCForNative adj_start_bytes: 49055658 NativeAllocationGcWatermark: 12241661 java_gc_start_bytes: 30693167 kNewNativeDiscountFactor: 2 kOldNativeDiscountFactor: 65536 old_native_bytes: 139292017 new_native_bytes: 68067176 add_bytes_allowed: 36724983 is_gc_concurrent: 1 target_footprint_: 30824431 GetBytesAllocated: 23491576 HeapGrowthMultiplier: 3
12-14 15:59:33.803  3220  3426 I com.miui.home: CheckGCForNative gc_urgency 1.17269 current_native_bytes is 207359193
12-14 15:59:33.803  3220  3426 I com.miui.home: CheckGCForNative requested 1
12-14 15:59:33.879  3220  3247 I com.miui.home: NativeAlloc concurrent copying GC freed 142150(7347KB) AllocSpace objects, 16(584KB) LOS objects, 49% free, 14MB/29MB, paused 86us,32us total 215.209ms
12-14 15:59:34.100  3220  3363 I com.miui.home: CheckGCForNative gc_urgency 0 current_native_bytes is 141597953
12-14 15:59:34.225  3220  3220 I wm_on_resume_called: [0,241954343,com.miui.home.launcher.Launcher,RESUME_ACTIVITY,35]
12-14 15:59:34.245  3220  3220 I wm_on_idle_called: com.miui.home.launcher.Launcher
12-14 15:59:34.295 21822 21822 I wm_on_top_resumed_lost_called: [182160083,com.ss.android.ugc.aweme.splash.SplashActivity,topStateChangedWhenResumed]
12-14 15:59:34.331 21822 21822 I wm_on_paused_called: [0,182160083,com.ss.android.ugc.aweme.splash.SplashActivity,performPause,33]
12-14 15:59:34.382  3220  3220 I wm_on_top_resumed_gained_called: [241954343,com.miui.home.launcher.Launcher,topStateChangedWhenResumed]
12-14 15:59:34.443  3220  3811 I com.miui.home: CheckGCForNative adj_start_bytes: 49072732 NativeAllocationGcWatermark: 12255541 java_gc_start_bytes: 30689421 kNewNativeDiscountFactor: 2 kOldNativeDiscountFactor: 65536 old_native_bytes: 141597953 new_native_bytes: 114568 add_bytes_allowed: 36766623 is_gc_concurrent: 1 target_footprint_: 30935469 GetBytesAllocated: 16451656 HeapGrowthMultiplier: 3
12-14 15:59:34.443  3220  3811 I com.miui.home: CheckGCForNative gc_urgency 0.336462 current_native_bytes is 141712521
12-14 15:59:34.483  3220  3811 I com.miui.home: CheckGCForNative adj_start_bytes: 49072732 NativeAllocationGcWatermark: 12255541 java_gc_start_bytes: 30689421 kNewNativeDiscountFactor: 2 kOldNativeDiscountFactor: 65536 old_native_bytes: 141597953 new_native_bytes: 1413892 add_bytes_allowed: 36766623 is_gc_concurrent: 1 target_footprint_: 30935469 GetBytesAllocated: 16666408 HeapGrowthMultiplier: 3
12-14 15:59:34.483  3220  3811 I com.miui.home: CheckGCForNative gc_urgency 0.354077 current_native_bytes is 143011845
12-14 15:59:34.491  3220  3811 I com.miui.home: CheckGCForNative adj_start_bytes: 49072732 NativeAllocationGcWatermark: 12255541 java_gc_start_bytes: 30689421 kNewNativeDiscountFactor: 2 kOldNativeDiscountFactor: 65536 old_native_bytes: 141597953 new_native_bytes: 2590244 add_bytes_allowed: 36766623 is_gc_concurrent: 1 target_footprint_: 30935469 GetBytesAllocated: 16699240 HeapGrowthMultiplier: 3
12-14 15:59:34.491  3220  3811 I com.miui.home: CheckGCForNative gc_urgency 0.366732 current_native_bytes is 144188197
12-14 15:59:34.499  3220  3811 I com.miui.home: CheckGCForNative adj_start_bytes: 49072732 NativeAllocationGcWatermark: 12255541 java_gc_start_bytes: 30689421 kNewNativeDiscountFactor: 2 kOldNativeDiscountFactor: 65536 old_native_bytes: 141597953 new_native_bytes: 2873236 add_bytes_allowed: 36766623 is_gc_concurrent: 1 target_footprint_: 30935469 GetBytesAllocated: 16732184 HeapGrowthMultiplier: 3
12-14 15:59:34.499  3220  3811 I com.miui.home: CheckGCForNative gc_urgency 0.370286 current_native_bytes is 144471189
12-14 15:59:34.500  3220  3811 I com.miui.home: CheckGCForNative adj_start_bytes: 49072732 NativeAllocationGcWatermark: 12255541 java_gc_start_bytes: 30689421 kNewNativeDiscountFactor: 2 kOldNativeDiscountFactor: 65536 old_native_bytes: 141597953 new_native_bytes: 3256884 add_bytes_allowed: 36766623 is_gc_concurrent: 1 target_footprint_: 30935469 GetBytesAllocated: 16732184 HeapGrowthMultiplier: 3
12-14 15:59:34.500  3220  3811 I com.miui.home: CheckGCForNative gc_urgency 0.374195 current_native_bytes is 144854837
12-14 15:59:34.505  3220  3811 I com.miui.home: CheckGCForNative adj_start_bytes: 49072732 NativeAllocationGcWatermark: 12255541 java_gc_start_bytes: 30689421 kNewNativeDiscountFactor: 2 kOldNativeDiscountFactor: 65536 old_native_bytes: 141597953 new_native_bytes: 3941460 add_bytes_allowed: 36766623 is_gc_concurrent: 1 target_footprint_: 30935469 GetBytesAllocated: 16765016 HeapGrowthMultiplier: 3
12-14 15:59:34.505  3220  3811 I com.miui.home: CheckGCForNative gc_urgency 0.381839 current_native_bytes is 145539413
12-14 15:59:34.508  3220  3811 I com.miui.home: CheckGCForNative adj_start_bytes: 49072732 NativeAllocationGcWatermark: 12255541 java_gc_start_bytes: 30689421 kNewNativeDiscountFactor: 2 kOldNativeDiscountFactor: 65536 old_native_bytes: 141597953 new_native_bytes: 14758612 add_bytes_allowed: 36766623 is_gc_concurrent: 1 target_footprint_: 30935469 GetBytesAllocated: 16781400 HeapGrowthMultiplier: 3
12-14 15:59:34.508  3220  3811 I com.miui.home: CheckGCForNative gc_urgency 0.492389 current_native_bytes is 156356565
12-14 15:59:34.517  3220  3339 I com.miui.home: CheckGCForNative adj_start_bytes: 49072732 NativeAllocationGcWatermark: 12255541 java_gc_start_bytes: 30689421 kNewNativeDiscountFactor: 2 kOldNativeDiscountFactor: 65536 old_native_bytes: 141597953 new_native_bytes: 4479456 add_bytes_allowed: 36766623 is_gc_concurrent: 1 target_footprint_: 30935469 GetBytesAllocated: 16946072 HeapGrowthMultiplier: 3
12-14 15:59:34.517  3220  3339 I com.miui.home: CheckGCForNative gc_urgency 0.391011 current_native_bytes is 146077409
12-14 15:59:34.518  3220  3811 I com.miui.home: CheckGCForNative adj_start_bytes: 49072732 NativeAllocationGcWatermark: 12255541 java_gc_start_bytes: 30689421 kNewNativeDiscountFactor: 2 kOldNativeDiscountFactor: 65536 old_native_bytes: 141597953 new_native_bytes: 5744160 add_bytes_allowed: 36766623 is_gc_concurrent: 1 target_footprint_: 30935469 GetBytesAllocated: 16962456 HeapGrowthMultiplier: 3
12-14 15:59:34.518  3220  3811 I com.miui.home: CheckGCForNative gc_urgency 0.404231 current_native_bytes is 147342113
12-14 15:59:34.520  3220  3339 I com.miui.home: CheckGCForNative adj_start_bytes: 49072732 NativeAllocationGcWatermark: 12255541 java_gc_start_bytes: 30689421 kNewNativeDiscountFactor: 2 kOldNativeDiscountFactor: 65536 old_native_bytes: 141597953 new_native_bytes: 6237376 add_bytes_allowed: 36766623 is_gc_concurrent: 1 target_footprint_: 30935469 GetBytesAllocated: 16962568 HeapGrowthMultiplier: 3
12-14 15:59:34.520  3220  3339 I com.miui.home: CheckGCForNative gc_urgency 0.409258 current_native_bytes is 147835329
12-14 15:59:34.520  3220  3811 I com.miui.home: CheckGCForNative adj_start_bytes: 49072732 NativeAllocationGcWatermark: 12255541 java_gc_start_bytes: 30689421 kNewNativeDiscountFactor: 2 kOldNativeDiscountFactor: 65536 old_native_bytes: 141597953 new_native_bytes: 5489496 add_bytes_allowed: 36766623 is_gc_concurrent: 1 target_footprint_: 30935469 GetBytesAllocated: 16978952 HeapGrowthMultiplier: 3
12-14 15:59:34.520  3220  3811 I com.miui.home: CheckGCForNative gc_urgency 0.401972 current_native_bytes is 147087449
12-14 15:59:34.713 21822 21822 I wm_on_stop_called: [0,182160083,com.ss.android.ugc.aweme.splash.SplashActivity,STOP_ACTIVITY_ITEM,290]
12-14 15:59:34.887 21822 21822 I wm_on_idle_called: com.ss.android.ugc.aweme.splash.SplashActivity