12-14 18:46:06.867  3140  3140 I wm_on_top_resumed_lost_called: [142144482,com.miui.home.launcher.Launcher,topStateChangedWhenResumed]
12-14 18:46:06.906  3140  3140 I wm_on_paused_called: [0,142144482,com.miui.home.launcher.Launcher,performPause,2]
12-14 18:46:07.070  3140  3274 I com.miui.home: CheckGCForNative gc_urgency 0 current_native_bytes is 93103621
12-14 18:46:07.159  3140  3274 I com.miui.home: CheckGCForNative adj_start_bytes: 32700820 NativeAllocationGcWatermark: 10520079 java_gc_start_bytes: 16920702 kNewNativeDiscountFactor: 2 kOldNativeDiscountFactor: 65536 old_native_bytes: 93103621 new_native_bytes: 4864 add_bytes_allowed: 31560237 is_gc_concurrent: 1 target_footprint_: 17051774 GetBytesAllocated: 10943904 HeapGrowthMultiplier: 3
12-14 18:46:07.159  3140  3274 I com.miui.home: CheckGCForNative gc_urgency 0.334785 current_native_bytes is 93108485
12-14 18:46:07.267  3140  3140 I wm_on_stop_called: [0,142144482,com.miui.home.launcher.Launcher,STOP_ACTIVITY_ITEM,14]
12-14 18:46:07.283  3140  3674 I com.miui.home: CheckGCForNative adj_start_bytes: 32700820 NativeAllocationGcWatermark: 10520079 java_gc_start_bytes: 16920702 kNewNativeDiscountFactor: 2 kOldNativeDiscountFactor: 65536 old_native_bytes: 93103621 new_native_bytes: 626952 add_bytes_allowed: 31560237 is_gc_concurrent: 1 target_footprint_: 17051774 GetBytesAllocated: 11316928 HeapGrowthMultiplier: 3
12-14 18:46:07.283  3140  3674 I com.miui.home: CheckGCForNative gc_urgency 0.355704 current_native_bytes is 93730573
12-14 18:46:07.286  3140  3674 I com.miui.home: CheckGCForNative adj_start_bytes: 32700820 NativeAllocationGcWatermark: 10520079 java_gc_start_bytes: 16920702 kNewNativeDiscountFactor: 2 kOldNativeDiscountFactor: 65536 old_native_bytes: 93103621 new_native_bytes: 1088904 add_bytes_allowed: 31560237 is_gc_concurrent: 1 target_footprint_: 17051774 GetBytesAllocated: 11337408 HeapGrowthMultiplier: 3
12-14 18:46:07.286  3140  3674 I com.miui.home: CheckGCForNative gc_urgency 0.363394 current_native_bytes is 94192525
12-14 18:46:07.425  3140  3674 I com.miui.home: CheckGCForNative adj_start_bytes: 32700820 NativeAllocationGcWatermark: 10520079 java_gc_start_bytes: 16920702 kNewNativeDiscountFactor: 2 kOldNativeDiscountFactor: 65536 old_native_bytes: 93103621 new_native_bytes: 1993004 add_bytes_allowed: 31560237 is_gc_concurrent: 1 target_footprint_: 17051774 GetBytesAllocated: 11437040 HeapGrowthMultiplier: 3
12-14 18:46:07.426  3140  3674 I com.miui.home: CheckGCForNative gc_urgency 0.380265 current_native_bytes is 95096625
12-14 18:46:07.429  3140  3674 I com.miui.home: CheckGCForNative adj_start_bytes: 32700820 NativeAllocationGcWatermark: 10520079 java_gc_start_bytes: 16920702 kNewNativeDiscountFactor: 2 kOldNativeDiscountFactor: 65536 old_native_bytes: 93103621 new_native_bytes: 2389324 add_bytes_allowed: 31560237 is_gc_concurrent: 1 target_footprint_: 17051774 GetBytesAllocated: 11437040 HeapGrowthMultiplier: 3
12-14 18:46:07.429  3140  3674 I com.miui.home: CheckGCForNative gc_urgency 0.386324 current_native_bytes is 95492945
12-14 18:46:07.463  3140  3674 I com.miui.home: CheckGCForNative adj_start_bytes: 32700820 NativeAllocationGcWatermark: 10520079 java_gc_start_bytes: 16920702 kNewNativeDiscountFactor: 2 kOldNativeDiscountFactor: 65536 old_native_bytes: 93103621 new_native_bytes: 3477652 add_bytes_allowed: 31560237 is_gc_concurrent: 1 target_footprint_: 17051774 GetBytesAllocated: 11519200 HeapGrowthMultiplier: 3
12-14 18:46:07.463  3140  3674 I com.miui.home: CheckGCForNative gc_urgency 0.405477 current_native_bytes is 96581273
12-14 18:46:07.463  3140  3674 I com.miui.home: CheckGCForNative adj_start_bytes: 32700820 NativeAllocationGcWatermark: 10520079 java_gc_start_bytes: 16920702 kNewNativeDiscountFactor: 2 kOldNativeDiscountFactor: 65536 old_native_bytes: 93103621 new_native_bytes: 3482132 add_bytes_allowed: 31560237 is_gc_concurrent: 1 target_footprint_: 17051774 GetBytesAllocated: 11519200 HeapGrowthMultiplier: 3
12-14 18:46:07.463  3140  3674 I com.miui.home: CheckGCForNative gc_urgency 0.405546 current_native_bytes is 96585753
12-14 18:46:07.479  3140  3674 I com.miui.home: CheckGCForNative adj_start_bytes: 32700820 NativeAllocationGcWatermark: 10520079 java_gc_start_bytes: 16920702 kNewNativeDiscountFactor: 2 kOldNativeDiscountFactor: 65536 old_native_bytes: 93103621 new_native_bytes: 4677044 add_bytes_allowed: 31560237 is_gc_concurrent: 1 target_footprint_: 17051774 GetBytesAllocated: 11552048 HeapGrowthMultiplier: 3
12-14 18:46:07.479  3140  3674 I com.miui.home: CheckGCForNative gc_urgency 0.424821 current_native_bytes is 97780665
12-14 18:46:07.499  3140  3674 I com.miui.home: CheckGCForNative adj_start_bytes: 32700820 NativeAllocationGcWatermark: 10520079 java_gc_start_bytes: 16920702 kNewNativeDiscountFactor: 2 kOldNativeDiscountFactor: 65536 old_native_bytes: 93103621 new_native_bytes: 4936996 add_bytes_allowed: 31560237 is_gc_concurrent: 1 target_footprint_: 17051774 GetBytesAllocated: 11585008 HeapGrowthMultiplier: 3
12-14 18:46:07.499  3140  3674 I com.miui.home: CheckGCForNative gc_urgency 0.429803 current_native_bytes is 98040617
12-14 18:46:07.501  3140  3674 I com.miui.home: CheckGCForNative adj_start_bytes: 32700820 NativeAllocationGcWatermark: 10520079 java_gc_start_bytes: 16920702 kNewNativeDiscountFactor: 2 kOldNativeDiscountFactor: 65536 old_native_bytes: 93103621 new_native_bytes: 5320644 add_bytes_allowed: 31560237 is_gc_concurrent: 1 target_footprint_: 17051774 GetBytesAllocated: 11585008 HeapGrowthMultiplier: 3
12-14 18:46:07.501  3140  3674 I com.miui.home: CheckGCForNative gc_urgency 0.43567 current_native_bytes is 98424265
12-14 18:46:07.523  3140  3674 I com.miui.home: CheckGCForNative adj_start_bytes: 32700820 NativeAllocationGcWatermark: 10520079 java_gc_start_bytes: 16920702 kNewNativeDiscountFactor: 2 kOldNativeDiscountFactor: 65536 old_native_bytes: 93103621 new_native_bytes: 6005220 add_bytes_allowed: 31560237 is_gc_concurrent: 1 target_footprint_: 17051774 GetBytesAllocated: 11617840 HeapGrowthMultiplier: 3
12-14 18:46:07.523  3140  3674 I com.miui.home: CheckGCForNative gc_urgency 0.447141 current_native_bytes is 99108841
12-14 18:46:07.535  3140  3674 I com.miui.home: CheckGCForNative adj_start_bytes: 32700820 NativeAllocationGcWatermark: 10520079 java_gc_start_bytes: 16920702 kNewNativeDiscountFactor: 2 kOldNativeDiscountFactor: 65536 old_native_bytes: 93103621 new_native_bytes: 7256164 add_bytes_allowed: 31560237 is_gc_concurrent: 1 target_footprint_: 17051774 GetBytesAllocated: 11667184 HeapGrowthMultiplier: 3
12-14 18:46:07.535  3140  3674 I com.miui.home: CheckGCForNative gc_urgency 0.467777 current_native_bytes is 100359785
12-14 18:46:07.538  3140  3674 I com.miui.home: CheckGCForNative adj_start_bytes: 32700820 NativeAllocationGcWatermark: 10520079 java_gc_start_bytes: 16920702 kNewNativeDiscountFactor: 2 kOldNativeDiscountFactor: 65536 old_native_bytes: 93103621 new_native_bytes: 7682148 add_bytes_allowed: 31560237 is_gc_concurrent: 1 target_footprint_: 17051774 GetBytesAllocated: 11667184 HeapGrowthMultiplier: 3
12-14 18:46:07.538  3140  3674 I com.miui.home: CheckGCForNative gc_urgency 0.47429 current_native_bytes is 100785769
12-14 18:46:07.552  3140  3674 I com.miui.home: CheckGCForNative adj_start_bytes: 32700820 NativeAllocationGcWatermark: 10520079 java_gc_start_bytes: 16920702 kNewNativeDiscountFactor: 2 kOldNativeDiscountFactor: 65536 old_native_bytes: 93103621 new_native_bytes: 8443940 add_bytes_allowed: 31560237 is_gc_concurrent: 1 target_footprint_: 17051774 GetBytesAllocated: 11700144 HeapGrowthMultiplier: 3
12-14 18:46:07.552  3140  3674 I com.miui.home: CheckGCForNative gc_urgency 0.486946 current_native_bytes is 101547561
12-14 18:46:07.554  3140  3674 I com.miui.home: CheckGCForNative adj_start_bytes: 32700820 NativeAllocationGcWatermark: 10520079 java_gc_start_bytes: 16920702 kNewNativeDiscountFactor: 2 kOldNativeDiscountFactor: 65536 old_native_bytes: 93103621 new_native_bytes: 8903076 add_bytes_allowed: 31560237 is_gc_concurrent: 1 target_footprint_: 17051774 GetBytesAllocated: 11700144 HeapGrowthMultiplier: 3
12-14 18:46:07.554  3140  3674 I com.miui.home: CheckGCForNative gc_urgency 0.493966 current_native_bytes is 102006697
12-14 18:46:07.577  3140  3674 I com.miui.home: CheckGCForNative adj_start_bytes: 32700820 NativeAllocationGcWatermark: 10520079 java_gc_start_bytes: 16920702 kNewNativeDiscountFactor: 2 kOldNativeDiscountFactor: 65536 old_native_bytes: 93103621 new_native_bytes: 9079244 add_bytes_allowed: 31560237 is_gc_concurrent: 1 target_footprint_: 17051774 GetBytesAllocated: 11753456 HeapGrowthMultiplier: 3
12-14 18:46:07.577  3140  3674 I com.miui.home: CheckGCForNative gc_urgency 0.49829 current_native_bytes is 102182865
12-14 18:46:07.580  3140  3674 I com.miui.home: CheckGCForNative adj_start_bytes: 32700820 NativeAllocationGcWatermark: 10520079 java_gc_start_bytes: 16920702 kNewNativeDiscountFactor: 2 kOldNativeDiscountFactor: 65536 old_native_bytes: 93103621 new_native_bytes: 9541196 add_bytes_allowed: 31560237 is_gc_concurrent: 1 target_footprint_: 17051774 GetBytesAllocated: 11790320 HeapGrowthMultiplier: 3
12-14 18:46:07.580  3140  3674 I com.miui.home: CheckGCForNative gc_urgency 0.506481 current_native_bytes is 102644817
12-14 18:46:07.620  3140  3674 I com.miui.home: CheckGCForNative adj_start_bytes: 32700820 NativeAllocationGcWatermark: 10520079 java_gc_start_bytes: 16920702 kNewNativeDiscountFactor: 2 kOldNativeDiscountFactor: 65536 old_native_bytes: 93103621 new_native_bytes: 10978196 add_bytes_allowed: 31560237 is_gc_concurrent: 1 target_footprint_: 17051774 GetBytesAllocated: 11843632 HeapGrowthMultiplier: 3
12-14 18:46:07.620  3140  3674 I com.miui.home: CheckGCForNative gc_urgency 0.530083 current_native_bytes is 104081817
12-14 18:46:07.622  3140  3674 I com.miui.home: CheckGCForNative adj_start_bytes: 32700820 NativeAllocationGcWatermark: 10520079 java_gc_start_bytes: 16920702 kNewNativeDiscountFactor: 2 kOldNativeDiscountFactor: 65536 old_native_bytes: 93103621 new_native_bytes: 11440148 add_bytes_allowed: 31560237 is_gc_concurrent: 1 target_footprint_: 17051774 GetBytesAllocated: 11864112 HeapGrowthMultiplier: 3
12-14 18:46:07.622  3140  3674 I com.miui.home: CheckGCForNative gc_urgency 0.537773 current_native_bytes is 104543769
12-14 18:46:07.644  3140  3674 I com.miui.home: CheckGCForNative adj_start_bytes: 32700820 NativeAllocationGcWatermark: 10520079 java_gc_start_bytes: 16920702 kNewNativeDiscountFactor: 2 kOldNativeDiscountFactor: 65536 old_native_bytes: 93103621 new_native_bytes: 12183428 add_bytes_allowed: 31560237 is_gc_concurrent: 1 target_footprint_: 17051774 GetBytesAllocated: 11913440 HeapGrowthMultiplier: 3
12-14 18:46:07.644  3140  3674 I com.miui.home: CheckGCForNative gc_urgency 0.550646 current_native_bytes is 105287049
12-14 18:46:07.653  3140  3674 I com.miui.home: CheckGCForNative adj_start_bytes: 32700820 NativeAllocationGcWatermark: 10520079 java_gc_start_bytes: 16920702 kNewNativeDiscountFactor: 2 kOldNativeDiscountFactor: 65536 old_native_bytes: 93103621 new_native_bytes: 12955524 add_bytes_allowed: 31560237 is_gc_concurrent: 1 target_footprint_: 17051774 GetBytesAllocated: 11913440 HeapGrowthMultiplier: 3
12-14 18:46:07.653  3140  3674 I com.miui.home: CheckGCForNative gc_urgency 0.562451 current_native_bytes is 106059145
12-14 18:46:07.700  3140  3674 I com.miui.home: CheckGCForNative adj_start_bytes: 32700820 NativeAllocationGcWatermark: 10520079 java_gc_start_bytes: 16920702 kNewNativeDiscountFactor: 2 kOldNativeDiscountFactor: 65536 old_native_bytes: 93103621 new_native_bytes: 13332124 add_bytes_allowed: 31560237 is_gc_concurrent: 1 target_footprint_: 17051774 GetBytesAllocated: 11962784 HeapGrowthMultiplier: 3
12-14 18:46:07.700  3140  3674 I com.miui.home: CheckGCForNative gc_urgency 0.569719 current_native_bytes is 106435745
12-14 18:46:07.707  3140  3674 I com.miui.home: CheckGCForNative adj_start_bytes: 32700820 NativeAllocationGcWatermark: 10520079 java_gc_start_bytes: 16920702 kNewNativeDiscountFactor: 2 kOldNativeDiscountFactor: 65536 old_native_bytes: 93103621 new_native_bytes: 13728668 add_bytes_allowed: 31560237 is_gc_concurrent: 1 target_footprint_: 17051774 GetBytesAllocated: 11962784 HeapGrowthMultiplier: 3
12-14 18:46:07.707  3140  3674 I com.miui.home: CheckGCForNative gc_urgency 0.575782 current_native_bytes is 106832289
12-14 18:46:07.707  3140  3674 I com.miui.home: CheckGCForNative adj_start_bytes: 32700820 NativeAllocationGcWatermark: 10520079 java_gc_start_bytes: 16920702 kNewNativeDiscountFactor: 2 kOldNativeDiscountFactor: 65536 old_native_bytes: 93103621 new_native_bytes: 13733148 add_bytes_allowed: 31560237 is_gc_concurrent: 1 target_footprint_: 17051774 GetBytesAllocated: 11962784 HeapGrowthMultiplier: 3
12-14 18:46:07.707  3140  3674 I com.miui.home: CheckGCForNative gc_urgency 0.57585 current_native_bytes is 106836769
12-14 18:46:07.733  3140  3674 I com.miui.home: CheckGCForNative adj_start_bytes: 32700820 NativeAllocationGcWatermark: 10520079 java_gc_start_bytes: 16920702 kNewNativeDiscountFactor: 2 kOldNativeDiscountFactor: 65536 old_native_bytes: 93103621 new_native_bytes: 14273396 add_bytes_allowed: 31560237 is_gc_concurrent: 1 target_footprint_: 17051774 GetBytesAllocated: 11995728 HeapGrowthMultiplier: 3
12-14 18:46:07.733  3140  3674 I com.miui.home: CheckGCForNative gc_urgency 0.585118 current_native_bytes is 107377017
12-14 18:46:07.822  3140  3674 I com.miui.home: CheckGCForNative adj_start_bytes: 32700820 NativeAllocationGcWatermark: 10520079 java_gc_start_bytes: 16920702 kNewNativeDiscountFactor: 2 kOldNativeDiscountFactor: 65536 old_native_bytes: 93103621 new_native_bytes: 25254508 add_bytes_allowed: 31560237 is_gc_concurrent: 1 target_footprint_: 17051774 GetBytesAllocated: 12044944 HeapGrowthMultiplier: 3
12-14 18:46:07.822  3140  3674 I com.miui.home: CheckGCForNative gc_urgency 0.754526 current_native_bytes is 118358129
12-14 18:46:07.824  3140  3674 I com.miui.home: CheckGCForNative adj_start_bytes: 32700820 NativeAllocationGcWatermark: 10520079 java_gc_start_bytes: 16920702 kNewNativeDiscountFactor: 2 kOldNativeDiscountFactor: 65536 old_native_bytes: 93103621 new_native_bytes: 35968364 add_bytes_allowed: 31560237 is_gc_concurrent: 1 target_footprint_: 17051774 GetBytesAllocated: 12045152 HeapGrowthMultiplier: 3
12-14 18:46:07.824  3140  3674 I com.miui.home: CheckGCForNative gc_urgency 0.918349 current_native_bytes is 129071985
12-14 18:46:07.876  3140  3674 I com.miui.home: CheckGCForNative adj_start_bytes: 32700820 NativeAllocationGcWatermark: 10520079 java_gc_start_bytes: 16920702 kNewNativeDiscountFactor: 2 kOldNativeDiscountFactor: 65536 old_native_bytes: 93103621 new_native_bytes: 26266080 add_bytes_allowed: 31560237 is_gc_concurrent: 1 target_footprint_: 17051774 GetBytesAllocated: 12340160 HeapGrowthMultiplier: 3
12-14 18:46:07.876  3140  3250 I com.miui.home: CheckGCForNative adj_start_bytes: 32700820 NativeAllocationGcWatermark: 10520079 java_gc_start_bytes: 16920702 kNewNativeDiscountFactor: 2 kOldNativeDiscountFactor: 65536 old_native_bytes: 93103621 new_native_bytes: 36972000 add_bytes_allowed: 31560237 is_gc_concurrent: 1 target_footprint_: 17051774 GetBytesAllocated: 12340160 HeapGrowthMultiplier: 3
12-14 18:46:07.876  3140  3674 I com.miui.home: CheckGCForNative gc_urgency 0.779021 current_native_bytes is 119369701
12-14 18:46:07.876  3140  3250 I com.miui.home: CheckGCForNative gc_urgency 0.942716 current_native_bytes is 130075621
12-14 18:46:07.876  3140  3250 I com.miui.home: CheckGCForNative adj_start_bytes: 32700820 NativeAllocationGcWatermark: 10520079 java_gc_start_bytes: 16920702 kNewNativeDiscountFactor: 2 kOldNativeDiscountFactor: 65536 old_native_bytes: 93103621 new_native_bytes: 47678432 add_bytes_allowed: 31560237 is_gc_concurrent: 1 target_footprint_: 17051774 GetBytesAllocated: 12356736 HeapGrowthMultiplier: 3
12-14 18:46:07.877  3140  3250 I com.miui.home: CheckGCForNative gc_urgency 1.10693 current_native_bytes is 140782053
12-14 18:46:07.877  3140  3250 I com.miui.home: CheckGCForNative requested 1
12-14 18:46:07.915  3140  3250 I com.miui.home: CheckGCForNative adj_start_bytes: 32700820 NativeAllocationGcWatermark: 10520079 java_gc_start_bytes: 16920702 kNewNativeDiscountFactor: 2 kOldNativeDiscountFactor: 65536 old_native_bytes: 93103621 new_native_bytes: 62655104 add_bytes_allowed: 31560237 is_gc_concurrent: 1 target_footprint_: 17051774 GetBytesAllocated: 12455040 HeapGrowthMultiplier: 3
12-14 18:46:07.915  3140  3250 I com.miui.home: CheckGCForNative gc_urgency 1.33893 current_native_bytes is 155758725
12-14 18:46:07.915  3140  3250 I com.miui.home: CheckGCForNative requested 1
12-14 18:46:07.915  3140  3250 I com.miui.home: CheckGCForNative adj_start_bytes: 32700820 NativeAllocationGcWatermark: 10520079 java_gc_start_bytes: 16920702 kNewNativeDiscountFactor: 2 kOldNativeDiscountFactor: 65536 old_native_bytes: 93103621 new_native_bytes: 50858880 add_bytes_allowed: 31560237 is_gc_concurrent: 1 target_footprint_: 17051774 GetBytesAllocated: 12455040 HeapGrowthMultiplier: 3
12-14 18:46:07.916  3140  3250 I com.miui.home: CheckGCForNative gc_urgency 1.15856 current_native_bytes is 143962501
12-14 18:46:07.916  3140  3250 I com.miui.home: CheckGCForNative requested 1
12-14 18:46:07.937  3140  3250 I com.miui.home: CheckGCForNative adj_start_bytes: 32700820 NativeAllocationGcWatermark: 10520079 java_gc_start_bytes: 16920702 kNewNativeDiscountFactor: 2 kOldNativeDiscountFactor: 65536 old_native_bytes: 93103621 new_native_bytes: 51645312 add_bytes_allowed: 31560237 is_gc_concurrent: 1 target_footprint_: 17051774 GetBytesAllocated: 12455040 HeapGrowthMultiplier: 3
12-14 18:46:07.937  3140  3250 I com.miui.home: CheckGCForNative gc_urgency 1.17059 current_native_bytes is 144748933
12-14 18:46:07.937  3140  3250 I com.miui.home: CheckGCForNative requested 1
12-14 18:46:08.039  3140  3250 I com.miui.home: CheckGCForNative adj_start_bytes: 32700820 NativeAllocationGcWatermark: 10520079 java_gc_start_bytes: 16920702 kNewNativeDiscountFactor: 2 kOldNativeDiscountFactor: 65536 old_native_bytes: 93103621 new_native_bytes: 53369800 add_bytes_allowed: 31560237 is_gc_concurrent: 1 target_footprint_: 17051774 GetBytesAllocated: 12014240 HeapGrowthMultiplier: 3
12-14 18:46:08.039  3140  3250 I com.miui.home: CheckGCForNative gc_urgency 1.18347 current_native_bytes is 146473421
12-14 18:46:08.039  3140  3250 I com.miui.home: CheckGCForNative requested 1
12-14 18:46:08.039  3140  3250 I com.miui.home: CheckGCForNative adj_start_bytes: 32700820 NativeAllocationGcWatermark: 10520079 java_gc_start_bytes: 16920702 kNewNativeDiscountFactor: 2 kOldNativeDiscountFactor: 65536 old_native_bytes: 93103621 new_native_bytes: 54820560 add_bytes_allowed: 31560237 is_gc_concurrent: 1 target_footprint_: 17051774 GetBytesAllocated: 12014240 HeapGrowthMultiplier: 3
12-14 18:46:08.039  3140  3250 I com.miui.home: CheckGCForNative gc_urgency 1.20566 current_native_bytes is 147924181
12-14 18:46:08.039  3140  3250 I com.miui.home: CheckGCForNative requested 1
12-14 18:46:08.062  3140  3250 I com.miui.home: CheckGCForNative adj_start_bytes: 33567475 NativeAllocationGcWatermark: 10611321 java_gc_start_bytes: 17650494 kNewNativeDiscountFactor: 2 kOldNativeDiscountFactor: 65536 old_native_bytes: 147928789 new_native_bytes: 31764 add_bytes_allowed: 31833963 is_gc_concurrent: 1 target_footprint_: 17781710 GetBytesAllocated: 8940056 HeapGrowthMultiplier: 3
12-14 18:46:08.062  3140  3250 I com.miui.home: CheckGCForNative gc_urgency 0.266871 current_native_bytes is 147960553
12-14 18:46:08.104  3140  3140 I wm_on_restart_called: [0,142144482,com.miui.home.launcher.Launcher,performRestartActivity,0]
12-14 18:46:08.104  3140  3140 I wm_on_start_called: [0,142144482,com.miui.home.launcher.Launcher,handleStartActivity,1]
12-14 18:46:08.211  3140  3210 I com.miui.home: CheckGCForNative adj_start_bytes: 33567475 NativeAllocationGcWatermark: 10611321 java_gc_start_bytes: 17650494 kNewNativeDiscountFactor: 2 kOldNativeDiscountFactor: 65536 old_native_bytes: 147928789 new_native_bytes: 2548780 add_bytes_allowed: 31833963 is_gc_concurrent: 1 target_footprint_: 17781710 GetBytesAllocated: 9349976 HeapGrowthMultiplier: 3
12-14 18:46:08.211  3140  3210 I com.miui.home: CheckGCForNative gc_urgency 0.316575 current_native_bytes is 150477569
12-14 18:46:08.224  3140  3710 I com.miui.home: CheckGCForNative adj_start_bytes: 33567475 NativeAllocationGcWatermark: 10611321 java_gc_start_bytes: 17650494 kNewNativeDiscountFactor: 2 kOldNativeDiscountFactor: 65536 old_native_bytes: 147928789 new_native_bytes: 13259936 add_bytes_allowed: 31833963 is_gc_concurrent: 1 target_footprint_: 17781710 GetBytesAllocated: 9366552 HeapGrowthMultiplier: 3
12-14 18:46:08.224  3140  3710 I com.miui.home: CheckGCForNative gc_urgency 0.476615 current_native_bytes is 161188725
12-14 18:46:08.225  3140  3140 I com.miui.home: CheckGCForNative adj_start_bytes: 33567475 NativeAllocationGcWatermark: 10611321 java_gc_start_bytes: 17650494 kNewNativeDiscountFactor: 2 kOldNativeDiscountFactor: 65536 old_native_bytes: 147928789 new_native_bytes: 23968544 add_bytes_allowed: 31833963 is_gc_concurrent: 1 target_footprint_: 17781710 GetBytesAllocated: 9383144 HeapGrowthMultiplier: 3
12-14 18:46:08.225  3140  3140 I com.miui.home: CheckGCForNative gc_urgency 0.636618 current_native_bytes is 171897333
12-14 18:46:08.306  3140  3274 I com.miui.home: CheckGCForNative adj_start_bytes: 33567475 NativeAllocationGcWatermark: 10611321 java_gc_start_bytes: 17650494 kNewNativeDiscountFactor: 2 kOldNativeDiscountFactor: 65536 old_native_bytes: 147928789 new_native_bytes: 2948496 add_bytes_allowed: 31833963 is_gc_concurrent: 1 target_footprint_: 17781710 GetBytesAllocated: 9497880 HeapGrowthMultiplier: 3
12-14 18:46:08.306  3140  3274 I com.miui.home: CheckGCForNative gc_urgency 0.326935 current_native_bytes is 150877285
12-14 18:46:08.395  3140  3274 I com.miui.home: CheckGCForNative adj_start_bytes: 33567475 NativeAllocationGcWatermark: 10611321 java_gc_start_bytes: 17650494 kNewNativeDiscountFactor: 2 kOldNativeDiscountFactor: 65536 old_native_bytes: 147928789 new_native_bytes: 2880208 add_bytes_allowed: 31833963 is_gc_concurrent: 1 target_footprint_: 17781710 GetBytesAllocated: 9547032 HeapGrowthMultiplier: 3
12-14 18:46:08.396  3140  3274 I com.miui.home: CheckGCForNative gc_urgency 0.327382 current_native_bytes is 150808997
12-14 18:46:08.486  7914  7914 I wm_on_application_create_called: [0,com.autonavi.minimap,655]
12-14 18:46:08.498  7834  7834 I wm_on_application_create_called: [0,com.autonavi.minimap,987]
12-14 18:46:08.663  3140  3274 I com.miui.home: CheckGCForNative adj_start_bytes: 33567475 NativeAllocationGcWatermark: 10611321 java_gc_start_bytes: 17650494 kNewNativeDiscountFactor: 2 kOldNativeDiscountFactor: 65536 old_native_bytes: 147928789 new_native_bytes: 2900336 add_bytes_allowed: 31833963 is_gc_concurrent: 1 target_footprint_: 17781710 GetBytesAllocated: 9678168 HeapGrowthMultiplier: 3
12-14 18:46:08.663  3140  3274 I com.miui.home: CheckGCForNative gc_urgency 0.331589 current_native_bytes is 150829125
12-14 18:46:08.673  7834  7834 I wm_on_create_called: [0,266942294,com.autonavi.map.activity.SplashActivity,performCreate,148]
12-14 18:46:08.910  7834  7834 I wm_on_create_called: [0,117014941,com.autonavi.map.activity.NewMapActivity,performCreate,201]
12-14 18:46:08.920  7834  7834 I wm_on_start_called: [0,117014941,com.autonavi.map.activity.NewMapActivity,handleStartActivity,8]
12-14 18:46:08.926  3140  3674 I com.miui.home: CheckGCForNative adj_start_bytes: 33567475 NativeAllocationGcWatermark: 10611321 java_gc_start_bytes: 17650494 kNewNativeDiscountFactor: 2 kOldNativeDiscountFactor: 65536 old_native_bytes: 147928789 new_native_bytes: 4391884 add_bytes_allowed: 31833963 is_gc_concurrent: 1 target_footprint_: 17781710 GetBytesAllocated: 10071720 HeapGrowthMultiplier: 3
12-14 18:46:08.926  3140  3674 I com.miui.home: CheckGCForNative gc_urgency 0.36553 current_native_bytes is 152320673
12-14 18:46:08.953  7834  7834 I wm_on_resume_called: [0,117014941,com.autonavi.map.activity.NewMapActivity,RESUME_ACTIVITY,33]
12-14 18:46:08.955  3140  3674 I com.miui.home: CheckGCForNative adj_start_bytes: 33567475 NativeAllocationGcWatermark: 10611321 java_gc_start_bytes: 17650494 kNewNativeDiscountFactor: 2 kOldNativeDiscountFactor: 65536 old_native_bytes: 147928789 new_native_bytes: 4787164 add_bytes_allowed: 31833963 is_gc_concurrent: 1 target_footprint_: 17781710 GetBytesAllocated: 10170104 HeapGrowthMultiplier: 3
12-14 18:46:08.955  3140  3674 I com.miui.home: CheckGCForNative gc_urgency 0.374349 current_native_bytes is 152715953
12-14 18:46:08.975  3140  3674 I com.miui.home: CheckGCForNative adj_start_bytes: 33567475 NativeAllocationGcWatermark: 10611321 java_gc_start_bytes: 17650494 kNewNativeDiscountFactor: 2 kOldNativeDiscountFactor: 65536 old_native_bytes: 147928789 new_native_bytes: 5058704 add_bytes_allowed: 31833963 is_gc_concurrent: 1 target_footprint_: 17781710 GetBytesAllocated: 10284792 HeapGrowthMultiplier: 3
12-14 18:46:08.975  3140  3674 I com.miui.home: CheckGCForNative gc_urgency 0.38181 current_native_bytes is 152987493
12-14 18:46:09.056  7834  7834 I wm_on_top_resumed_gained_called: [117014941,com.autonavi.map.activity.NewMapActivity,topStateChangedWhenResumed]
12-14 18:46:09.056  7834  7834 I wm_on_top_resumed_lost_called: [117014941,com.autonavi.map.activity.NewMapActivity,topStateChangedWhenResumed]
12-14 18:46:09.060  3140  3674 I com.miui.home: CheckGCForNative adj_start_bytes: 33567475 NativeAllocationGcWatermark: 10611321 java_gc_start_bytes: 17650494 kNewNativeDiscountFactor: 2 kOldNativeDiscountFactor: 65536 old_native_bytes: 147928789 new_native_bytes: 15927320 add_bytes_allowed: 31833963 is_gc_concurrent: 1 target_footprint_: 17781710 GetBytesAllocated: 10448792 HeapGrowthMultiplier: 3
12-14 18:46:09.060  3140  3674 I com.miui.home: CheckGCForNative gc_urgency 0.548588 current_native_bytes is 163856109
12-14 18:46:09.060  7834  7834 I wm_on_paused_called: [0,117014941,com.autonavi.map.activity.NewMapActivity,performPause,1]
12-14 18:46:09.122  7834  7834 I wm_on_stop_called: [0,117014941,com.autonavi.map.activity.NewMapActivity,STOP_ACTIVITY_ITEM,4]
12-14 18:46:09.123  7834  7834 I wm_on_destroy_called: [0,266942294,com.autonavi.map.activity.SplashActivity,performDestroy,1]
12-14 18:46:09.146  3140  3674 I com.miui.home: CheckGCForNative adj_start_bytes: 33567475 NativeAllocationGcWatermark: 10611321 java_gc_start_bytes: 17650494 kNewNativeDiscountFactor: 2 kOldNativeDiscountFactor: 65536 old_native_bytes: 147928789 new_native_bytes: 6053148 add_bytes_allowed: 31833963 is_gc_concurrent: 1 target_footprint_: 17781710 GetBytesAllocated: 10826024 HeapGrowthMultiplier: 3
12-14 18:46:09.147  3140  3674 I com.miui.home: CheckGCForNative gc_urgency 0.412746 current_native_bytes is 153981937
12-14 18:46:09.148  7834  7834 I wm_on_idle_called: com.autonavi.map.activity.NewMapActivity
12-14 18:46:09.226  3140  3674 I com.miui.home: CheckGCForNative adj_start_bytes: 33567475 NativeAllocationGcWatermark: 10611321 java_gc_start_bytes: 17650494 kNewNativeDiscountFactor: 2 kOldNativeDiscountFactor: 65536 old_native_bytes: 147928789 new_native_bytes: 6346572 add_bytes_allowed: 31833963 is_gc_concurrent: 1 target_footprint_: 17781710 GetBytesAllocated: 11252168 HeapGrowthMultiplier: 3
12-14 18:46:09.226  3140  3674 I com.miui.home: CheckGCForNative gc_urgency 0.429812 current_native_bytes is 154275361
12-14 18:46:09.302  3140  3674 I com.miui.home: CheckGCForNative adj_start_bytes: 33567475 NativeAllocationGcWatermark: 10611321 java_gc_start_bytes: 17650494 kNewNativeDiscountFactor: 2 kOldNativeDiscountFactor: 65536 old_native_bytes: 147928789 new_native_bytes: 6549320 add_bytes_allowed: 31833963 is_gc_concurrent: 1 target_footprint_: 17781710 GetBytesAllocated: 11514376 HeapGrowthMultiplier: 3
12-14 18:46:09.302  3140  3674 I com.miui.home: CheckGCForNative gc_urgency 0.440644 current_native_bytes is 154478109
12-14 18:46:09.605  8239  8239 I wm_on_create_called: [0,193559067,fm.qingting.qtradio.WelcomeActivity,performCreate,90]
12-14 18:46:09.606  8239  8239 I wm_on_start_called: [0,193559067,fm.qingting.qtradio.WelcomeActivity,handleStartActivity,0]
12-14 18:46:09.609  8239  8239 I wm_on_resume_called: [0,193559067,fm.qingting.qtradio.WelcomeActivity,RESUME_ACTIVITY,2]
12-14 18:46:09.624  8239  8239 I wm_on_top_resumed_gained_called: [193559067,fm.qingting.qtradio.WelcomeActivity,topStateChangedWhenResumed]
12-14 18:46:09.852  3140  3140 I wm_on_stop_called: [0,142144482,com.miui.home.launcher.Launcher,STOP_ACTIVITY_ITEM,5]
12-14 18:46:10.146  8239  8239 I wm_on_idle_called: fm.qingting.qtradio.WelcomeActivity
12-14 18:46:10.468  3140  3140 I wm_on_restart_called: [0,142144482,com.miui.home.launcher.Launcher,performRestartActivity,0]
12-14 18:46:10.469  3140  3140 I wm_on_start_called: [0,142144482,com.miui.home.launcher.Launcher,handleStartActivity,0]
12-14 18:46:10.535  3140  8231 I com.miui.home: CheckGCForNative adj_start_bytes: 33567475 NativeAllocationGcWatermark: 10611321 java_gc_start_bytes: 17650494 kNewNativeDiscountFactor: 2 kOldNativeDiscountFactor: 65536 old_native_bytes: 147928789 new_native_bytes: 17275068 add_bytes_allowed: 31833963 is_gc_concurrent: 1 target_footprint_: 17781710 GetBytesAllocated: 11924488 HeapGrowthMultiplier: 3
12-14 18:46:10.535  3140  8231 I com.miui.home: CheckGCForNative gc_urgency 0.612625 current_native_bytes is 165203857
12-14 18:46:10.536  3140  8231 I com.miui.home: CheckGCForNative adj_start_bytes: 33567475 NativeAllocationGcWatermark: 10611321 java_gc_start_bytes: 17650494 kNewNativeDiscountFactor: 2 kOldNativeDiscountFactor: 65536 old_native_bytes: 147928789 new_native_bytes: 27982252 add_bytes_allowed: 31833963 is_gc_concurrent: 1 target_footprint_: 17781710 GetBytesAllocated: 11941064 HeapGrowthMultiplier: 3
12-14 18:46:10.536  3140  8231 I com.miui.home: CheckGCForNative gc_urgency 0.772606 current_native_bytes is 175911041
12-14 18:46:10.544  3140  3558 I com.miui.home: CheckGCForNative adj_start_bytes: 33567475 NativeAllocationGcWatermark: 10611321 java_gc_start_bytes: 17650494 kNewNativeDiscountFactor: 2 kOldNativeDiscountFactor: 65536 old_native_bytes: 147928789 new_native_bytes: 27987004 add_bytes_allowed: 31833963 is_gc_concurrent: 1 target_footprint_: 17781710 GetBytesAllocated: 11973832 HeapGrowthMultiplier: 3
12-14 18:46:10.544  3140  3558 I com.miui.home: CheckGCForNative gc_urgency 0.773653 current_native_bytes is 175915793
12-14 18:46:10.645  3140  3274 I com.miui.home: CheckGCForNative adj_start_bytes: 33567475 NativeAllocationGcWatermark: 10611321 java_gc_start_bytes: 17650494 kNewNativeDiscountFactor: 2 kOldNativeDiscountFactor: 65536 old_native_bytes: 147928789 new_native_bytes: 17278464 add_bytes_allowed: 31833963 is_gc_concurrent: 1 target_footprint_: 17781710 GetBytesAllocated: 12055944 HeapGrowthMultiplier: 3
12-14 18:46:10.646  3140  3274 I com.miui.home: CheckGCForNative gc_urgency 0.616592 current_native_bytes is 165207253
12-14 18:46:11.002  3140  3274 I com.miui.home: CheckGCForNative adj_start_bytes: 33567475 NativeAllocationGcWatermark: 10611321 java_gc_start_bytes: 17650494 kNewNativeDiscountFactor: 2 kOldNativeDiscountFactor: 65536 old_native_bytes: 147928789 new_native_bytes: 17303800 add_bytes_allowed: 31833963 is_gc_concurrent: 1 target_footprint_: 17781710 GetBytesAllocated: 12203400 HeapGrowthMultiplier: 3
12-14 18:46:11.002  3140  3274 I com.miui.home: CheckGCForNative gc_urgency 0.621362 current_native_bytes is 165232589
12-14 18:46:11.040  8239  8239 I wm_on_top_resumed_lost_called: [193559067,fm.qingting.qtradio.WelcomeActivity,topStateChangedWhenResumed]
12-14 18:46:11.063  3140  3140 I wm_on_resume_called: [0,142144482,com.miui.home.launcher.Launcher,RESUME_ACTIVITY,5]
12-14 18:46:11.064  3140  3140 I wm_on_idle_called: com.miui.home.launcher.Launcher
12-14 18:46:11.097  3140  3140 I wm_on_top_resumed_gained_called: [142144482,com.miui.home.launcher.Launcher,topStateChangedWhenResumed]
12-14 18:46:11.120  8239  8239 I wm_on_paused_called: [0,193559067,fm.qingting.qtradio.WelcomeActivity,performPause,24]
12-14 18:46:11.125  8239  8239 I wm_on_stop_called: [0,193559067,fm.qingting.qtradio.WelcomeActivity,STOP_ACTIVITY_ITEM,1]
12-14 18:46:11.255  3140  3140 I wm_on_top_resumed_lost_called: [142144482,com.miui.home.launcher.Launcher,topStateChangedWhenResumed]
12-14 18:46:11.290  3140  3140 I wm_on_paused_called: [0,142144482,com.miui.home.launcher.Launcher,performPause,1]
12-14 18:46:11.413  3140  3674 I com.miui.home: CheckGCForNative adj_start_bytes: 33567475 NativeAllocationGcWatermark: 10611321 java_gc_start_bytes: 17650494 kNewNativeDiscountFactor: 2 kOldNativeDiscountFactor: 65536 old_native_bytes: 147928789 new_native_bytes: 17635280 add_bytes_allowed: 31833963 is_gc_concurrent: 1 target_footprint_: 17781710 GetBytesAllocated: 13814344 HeapGrowthMultiplier: 3
12-14 18:46:11.413  3140  3674 I com.miui.home: CheckGCForNative gc_urgency 0.674291 current_native_bytes is 165564069
12-14 18:46:11.471  3140  3674 I com.miui.home: CheckGCForNative adj_start_bytes: 33567475 NativeAllocationGcWatermark: 10611321 java_gc_start_bytes: 17650494 kNewNativeDiscountFactor: 2 kOldNativeDiscountFactor: 65536 old_native_bytes: 147928789 new_native_bytes: 17629600 add_bytes_allowed: 31833963 is_gc_concurrent: 1 target_footprint_: 17781710 GetBytesAllocated: 14109512 HeapGrowthMultiplier: 3
12-14 18:46:11.471  3140  3674 I com.miui.home: CheckGCForNative gc_urgency 0.682999 current_native_bytes is 165558389
12-14 18:46:11.472  3140  3674 I com.miui.home: CheckGCForNative adj_start_bytes: 33567475 NativeAllocationGcWatermark: 10611321 java_gc_start_bytes: 17650494 kNewNativeDiscountFactor: 2 kOldNativeDiscountFactor: 65536 old_native_bytes: 147928789 new_native_bytes: 17640508 add_bytes_allowed: 31833963 is_gc_concurrent: 1 target_footprint_: 17781710 GetBytesAllocated: 14109512 HeapGrowthMultiplier: 3
12-14 18:46:11.472  3140  3674 I com.miui.home: CheckGCForNative gc_urgency 0.683162 current_native_bytes is 165569297
12-14 18:46:11.508  3140  3674 I com.miui.home: CheckGCForNative adj_start_bytes: 33567475 NativeAllocationGcWatermark: 10611321 java_gc_start_bytes: 17650494 kNewNativeDiscountFactor: 2 kOldNativeDiscountFactor: 65536 old_native_bytes: 147928789 new_native_bytes: 18033212 add_bytes_allowed: 31833963 is_gc_concurrent: 1 target_footprint_: 17781710 GetBytesAllocated: 14338888 HeapGrowthMultiplier: 3
12-14 18:46:11.508  3140  3674 I com.miui.home: CheckGCForNative gc_urgency 0.695845 current_native_bytes is 165962001
12-14 18:46:11.559  3140  3674 I com.miui.home: CheckGCForNative adj_start_bytes: 33567475 NativeAllocationGcWatermark: 10611321 java_gc_start_bytes: 17650494 kNewNativeDiscountFactor: 2 kOldNativeDiscountFactor: 65536 old_native_bytes: 147928789 new_native_bytes: 28743292 add_bytes_allowed: 31833963 is_gc_concurrent: 1 target_footprint_: 17781710 GetBytesAllocated: 14371656 HeapGrowthMultiplier: 3
12-14 18:46:11.559  3140  3674 I com.miui.home: CheckGCForNative gc_urgency 0.856352 current_native_bytes is 176672081
12-14 18:46:11.983  8723  8723 I wm_on_create_called: [0,252308658,com.xunmeng.pinduoduo.ui.activity.MainFrameActivity,performCreate,88]
12-14 18:46:12.109  8723  8723 I wm_on_create_called: [0,226522098,com.xunmeng.pinduoduo.ui.activity.HomeActivity,performCreate,46]
12-14 18:46:12.123  8723  8723 I wm_on_start_called: [0,226522098,com.xunmeng.pinduoduo.ui.activity.HomeActivity,handleStartActivity,14]
12-14 18:46:12.129  8723  8723 I wm_on_resume_called: [0,226522098,com.xunmeng.pinduoduo.ui.activity.HomeActivity,RESUME_ACTIVITY,5]
12-14 18:46:12.163  8723  8723 I wm_on_top_resumed_gained_called: [226522098,com.xunmeng.pinduoduo.ui.activity.HomeActivity,topStateChangedWhenResumed]
12-14 18:46:12.169  3140  3674 I com.miui.home: CheckGCForNative adj_start_bytes: 33567475 NativeAllocationGcWatermark: 10611321 java_gc_start_bytes: 17650494 kNewNativeDiscountFactor: 2 kOldNativeDiscountFactor: 65536 old_native_bytes: 147928789 new_native_bytes: 18046512 add_bytes_allowed: 31833963 is_gc_concurrent: 1 target_footprint_: 17781710 GetBytesAllocated: 14765544 HeapGrowthMultiplier: 3
12-14 18:46:12.169  3140  3674 I com.miui.home: CheckGCForNative gc_urgency 0.708753 current_native_bytes is 165975301
12-14 18:46:12.241  3140  3674 I com.miui.home: CheckGCForNative adj_start_bytes: 33567475 NativeAllocationGcWatermark: 10611321 java_gc_start_bytes: 17650494 kNewNativeDiscountFactor: 2 kOldNativeDiscountFactor: 65536 old_native_bytes: 147928789 new_native_bytes: 18252132 add_bytes_allowed: 31833963 is_gc_concurrent: 1 target_footprint_: 17781710 GetBytesAllocated: 15093448 HeapGrowthMultiplier: 3
12-14 18:46:12.241  3140  3674 I com.miui.home: CheckGCForNative gc_urgency 0.721585 current_native_bytes is 166180921
12-14 18:46:12.647  3140  3140 I wm_on_stop_called: [0,142144482,com.miui.home.launcher.Launcher,STOP_ACTIVITY_ITEM,11]
12-14 18:46:12.678  3140  3140 I wm_on_restart_called: [0,142144482,com.miui.home.launcher.Launcher,performRestartActivity,0]
12-14 18:46:12.679  3140  3140 I wm_on_start_called: [0,142144482,com.miui.home.launcher.Launcher,handleStartActivity,1]
12-14 18:46:12.741  8723  8723 I wm_on_destroy_called: [0,252308658,com.xunmeng.pinduoduo.ui.activity.MainFrameActivity,performDestroy,3]
12-14 18:46:12.745  3140  8231 I com.miui.home: CheckGCForNative adj_start_bytes: 33567475 NativeAllocationGcWatermark: 10611321 java_gc_start_bytes: 17650494 kNewNativeDiscountFactor: 2 kOldNativeDiscountFactor: 65536 old_native_bytes: 147928789 new_native_bytes: 29219156 add_bytes_allowed: 31833963 is_gc_concurrent: 1 target_footprint_: 17781710 GetBytesAllocated: 15650792 HeapGrowthMultiplier: 3
12-14 18:46:12.745  3140  8231 I com.miui.home: CheckGCForNative gc_urgency 0.901546 current_native_bytes is 177147945
12-14 18:46:12.749  3140  3558 I com.miui.home: CheckGCForNative adj_start_bytes: 33567475 NativeAllocationGcWatermark: 10611321 java_gc_start_bytes: 17650494 kNewNativeDiscountFactor: 2 kOldNativeDiscountFactor: 65536 old_native_bytes: 147928789 new_native_bytes: 39925076 add_bytes_allowed: 31833963 is_gc_concurrent: 1 target_footprint_: 17781710 GetBytesAllocated: 15650984 HeapGrowthMultiplier: 3
12-14 18:46:12.749  3140  3558 I com.miui.home: CheckGCForNative gc_urgency 1.06102 current_native_bytes is 187853865
12-14 18:46:12.756  3140  3558 I com.miui.home: CheckGCForNative requested 1
12-14 18:46:12.770  3140  8231 I com.miui.home: CheckGCForNative adj_start_bytes: 33567475 NativeAllocationGcWatermark: 10611321 java_gc_start_bytes: 17650494 kNewNativeDiscountFactor: 2 kOldNativeDiscountFactor: 65536 old_native_bytes: 147928789 new_native_bytes: 50630996 add_bytes_allowed: 31833963 is_gc_concurrent: 1 target_footprint_: 17781710 GetBytesAllocated: 15650984 HeapGrowthMultiplier: 3
12-14 18:46:12.770  3140  8231 I com.miui.home: CheckGCForNative gc_urgency 1.22367 current_native_bytes is 198559785
12-14 18:46:12.770  3140  8231 I com.miui.home: CheckGCForNative requested 1
12-14 18:46:12.839  3140  3274 I com.miui.home: CheckGCForNative adj_start_bytes: 33567475 NativeAllocationGcWatermark: 10611321 java_gc_start_bytes: 17650494 kNewNativeDiscountFactor: 2 kOldNativeDiscountFactor: 65536 old_native_bytes: 147928789 new_native_bytes: 29306156 add_bytes_allowed: 31833963 is_gc_concurrent: 1 target_footprint_: 17781710 GetBytesAllocated: 15921640 HeapGrowthMultiplier: 3
12-14 18:46:12.839  3140  3274 I com.miui.home: CheckGCForNative gc_urgency 0.910911 current_native_bytes is 177234945
12-14 18:46:13.027  8723  8723 I wm_on_top_resumed_lost_called: [226522098,com.xunmeng.pinduoduo.ui.activity.HomeActivity,topStateChangedWhenResumed]
12-14 18:46:13.031  8723  8723 I wm_on_paused_called: [0,226522098,com.xunmeng.pinduoduo.ui.activity.HomeActivity,performPause,2]
12-14 18:46:13.031  3140  3184 I com.miui.home: NativeAlloc concurrent copying GC freed 118253(6503KB) AllocSpace objects, 4(208KB) LOS objects, 49% free, 8981KB/17MB, paused 190us,88us total 273.842ms
12-14 18:46:13.083  8723  8723 I wm_on_create_called: [0,33854705,com.xunmeng.pinduoduo.login.LoginActivity,performCreate,14]
12-14 18:46:13.116  8723  8723 I wm_on_start_called: [0,33854705,com.xunmeng.pinduoduo.login.LoginActivity,handleStartActivity,29]
12-14 18:46:13.121  8723  8723 I wm_on_resume_called: [0,33854705,com.xunmeng.pinduoduo.login.LoginActivity,RESUME_ACTIVITY,1]
12-14 18:46:13.127  8723  8723 I wm_on_top_resumed_gained_called: [33854705,com.xunmeng.pinduoduo.login.LoginActivity,topStateChangedWhenResumed]
12-14 18:46:13.129  3140  3274 I com.miui.home: CheckGCForNative gc_urgency 0 current_native_bytes is 147583213
12-14 18:46:13.196  3140  3274 I com.miui.home: CheckGCForNative adj_start_bytes: 34006944 NativeAllocationGcWatermark: 10687767 java_gc_start_bytes: 17975294 kNewNativeDiscountFactor: 2 kOldNativeDiscountFactor: 65536 old_native_bytes: 147583213 new_native_bytes: 2496 add_bytes_allowed: 32063301 is_gc_concurrent: 1 target_footprint_: 18393278 GetBytesAllocated: 9442688 HeapGrowthMultiplier: 3
12-14 18:46:13.196  3140  3274 I com.miui.home: CheckGCForNative gc_urgency 0.278254 current_native_bytes is 147585709
12-14 18:46:13.295  3140  3674 I com.miui.home: CheckGCForNative adj_start_bytes: 34006944 NativeAllocationGcWatermark: 10687767 java_gc_start_bytes: 17975294 kNewNativeDiscountFactor: 2 kOldNativeDiscountFactor: 65536 old_native_bytes: 147583213 new_native_bytes: 1786876 add_bytes_allowed: 32063301 is_gc_concurrent: 1 target_footprint_: 18393278 GetBytesAllocated: 9705024 HeapGrowthMultiplier: 3
12-14 18:46:13.295  3140  3674 I com.miui.home: CheckGCForNative gc_urgency 0.311722 current_native_bytes is 149370089
12-14 18:46:13.303  3140  3674 I com.miui.home: CheckGCForNative adj_start_bytes: 34006944 NativeAllocationGcWatermark: 10687767 java_gc_start_bytes: 17975294 kNewNativeDiscountFactor: 2 kOldNativeDiscountFactor: 65536 old_native_bytes: 147583213 new_native_bytes: 2156012 add_bytes_allowed: 32063301 is_gc_concurrent: 1 target_footprint_: 18393278 GetBytesAllocated: 9754240 HeapGrowthMultiplier: 3
12-14 18:46:13.303  3140  3674 I com.miui.home: CheckGCForNative gc_urgency 0.318597 current_native_bytes is 149739225
12-14 18:46:13.305  3140  3674 I com.miui.home: CheckGCForNative adj_start_bytes: 34006944 NativeAllocationGcWatermark: 10687767 java_gc_start_bytes: 17975294 kNewNativeDiscountFactor: 2 kOldNativeDiscountFactor: 65536 old_native_bytes: 147583213 new_native_bytes: 2245804 add_bytes_allowed: 32063301 is_gc_concurrent: 1 target_footprint_: 18393278 GetBytesAllocated: 9770624 HeapGrowthMultiplier: 3
12-14 18:46:13.305  3140  3674 I com.miui.home: CheckGCForNative gc_urgency 0.320399 current_native_bytes is 149829017
12-14 18:46:13.315  3140  3140 I wm_on_resume_called: [0,142144482,com.miui.home.launcher.Launcher,RESUME_ACTIVITY,8]
12-14 18:46:13.350  3140  3674 I com.miui.home: CheckGCForNative adj_start_bytes: 34006944 NativeAllocationGcWatermark: 10687767 java_gc_start_bytes: 17975294 kNewNativeDiscountFactor: 2 kOldNativeDiscountFactor: 65536 old_native_bytes: 147583213 new_native_bytes: 13461100 add_bytes_allowed: 32063301 is_gc_concurrent: 1 target_footprint_: 18393278 GetBytesAllocated: 10590592 HeapGrowthMultiplier: 3
12-14 18:46:13.350  3140  3674 I com.miui.home: CheckGCForNative gc_urgency 0.509407 current_native_bytes is 161044313
12-14 18:46:13.378  3140  3140 I wm_on_idle_called: com.miui.home.launcher.Launcher
12-14 18:46:13.414  8723  8723 I wm_on_idle_called: com.xunmeng.pinduoduo.login.LoginActivity
12-14 18:46:13.415  8723  8723 I wm_on_idle_called: com.xunmeng.pinduoduo.ui.activity.HomeActivity
12-14 18:46:13.490  3140  3674 I com.miui.home: CheckGCForNative adj_start_bytes: 34006944 NativeAllocationGcWatermark: 10687767 java_gc_start_bytes: 17975294 kNewNativeDiscountFactor: 2 kOldNativeDiscountFactor: 65536 old_native_bytes: 147583213 new_native_bytes: 2919764 add_bytes_allowed: 32063301 is_gc_concurrent: 1 target_footprint_: 18393278 GetBytesAllocated: 11049936 HeapGrowthMultiplier: 3
12-14 18:46:13.490  3140  3674 I com.miui.home: CheckGCForNative gc_urgency 0.367927 current_native_bytes is 150502977
12-14 18:46:13.555  3140  3140 I wm_on_paused_called: [0,142144482,com.miui.home.launcher.Launcher,performPause,1]
12-14 18:46:13.581  3140  3674 I com.miui.home: CheckGCForNative adj_start_bytes: 34006944 NativeAllocationGcWatermark: 10687767 java_gc_start_bytes: 17975294 kNewNativeDiscountFactor: 2 kOldNativeDiscountFactor: 65536 old_native_bytes: 147583213 new_native_bytes: 13779388 add_bytes_allowed: 32063301 is_gc_concurrent: 1 target_footprint_: 18393278 GetBytesAllocated: 11295760 HeapGrowthMultiplier: 3
12-14 18:46:13.581  3140  3674 I com.miui.home: CheckGCForNative gc_urgency 0.534823 current_native_bytes is 161362601
12-14 18:46:13.607  8723  8723 I wm_on_top_resumed_lost_called: [33854705,com.xunmeng.pinduoduo.login.LoginActivity,topStateChangedWhenResumed]
12-14 18:46:13.620  8723  8723 I wm_on_paused_called: [0,33854705,com.xunmeng.pinduoduo.login.LoginActivity,performPause,8]
12-14 18:46:13.696  3140  3674 I com.miui.home: CheckGCForNative adj_start_bytes: 34006944 NativeAllocationGcWatermark: 10687767 java_gc_start_bytes: 17975294 kNewNativeDiscountFactor: 2 kOldNativeDiscountFactor: 65536 old_native_bytes: 147583213 new_native_bytes: 2956932 add_bytes_allowed: 32063301 is_gc_concurrent: 1 target_footprint_: 18393278 GetBytesAllocated: 11632176 HeapGrowthMultiplier: 3
12-14 18:46:13.696  3140  3674 I com.miui.home: CheckGCForNative gc_urgency 0.385595 current_native_bytes is 150540145
12-14 18:46:13.769  3140  3674 I com.miui.home: CheckGCForNative adj_start_bytes: 34006944 NativeAllocationGcWatermark: 10687767 java_gc_start_bytes: 17975294 kNewNativeDiscountFactor: 2 kOldNativeDiscountFactor: 65536 old_native_bytes: 147583213 new_native_bytes: 3263536 add_bytes_allowed: 32063301 is_gc_concurrent: 1 target_footprint_: 18393278 GetBytesAllocated: 11927152 HeapGrowthMultiplier: 3
12-14 18:46:13.769  3140  3674 I com.miui.home: CheckGCForNative gc_urgency 0.398777 current_native_bytes is 150846749
12-14 18:46:13.773  8723  8723 I wm_on_stop_called: [0,33854705,com.xunmeng.pinduoduo.login.LoginActivity,STOP_ACTIVITY_ITEM,58]
12-14 18:46:13.881  3140  3674 I com.miui.home: CheckGCForNative adj_start_bytes: 34006944 NativeAllocationGcWatermark: 10687767 java_gc_start_bytes: 17975294 kNewNativeDiscountFactor: 2 kOldNativeDiscountFactor: 65536 old_native_bytes: 147583213 new_native_bytes: 3244836 add_bytes_allowed: 32063301 is_gc_concurrent: 1 target_footprint_: 18393278 GetBytesAllocated: 12238752 HeapGrowthMultiplier: 3
12-14 18:46:13.881  3140  3674 I com.miui.home: CheckGCForNative gc_urgency 0.407664 current_native_bytes is 150828049
12-14 18:46:14.536  8951  8951 I wm_on_application_create_called: [0,com.smile.gifmaker,273]
12-14 18:46:14.759  8951  8951 I wm_on_create_called: [0,32878236,com.yxcorp.gifshow.HomeActivity,performCreate,204]
12-14 18:46:14.875  3140  3193 I com.miui.home: CheckGCForNative adj_start_bytes: 34006944 NativeAllocationGcWatermark: 10687767 java_gc_start_bytes: 17975294 kNewNativeDiscountFactor: 2 kOldNativeDiscountFactor: 65536 old_native_bytes: 147583213 new_native_bytes: 14134840 add_bytes_allowed: 32063301 is_gc_concurrent: 1 target_footprint_: 18393278 GetBytesAllocated: 12902784 HeapGrowthMultiplier: 3
12-14 18:46:14.875  3140  3193 I com.miui.home: CheckGCForNative gc_urgency 0.587305 current_native_bytes is 161718053
12-14 18:46:14.876  3140  3193 I com.miui.home: CheckGCForNative adj_start_bytes: 34006944 NativeAllocationGcWatermark: 10687767 java_gc_start_bytes: 17975294 kNewNativeDiscountFactor: 2 kOldNativeDiscountFactor: 65536 old_native_bytes: 147583213 new_native_bytes: 24841400 add_bytes_allowed: 32063301 is_gc_concurrent: 1 target_footprint_: 18393278 GetBytesAllocated: 12935744 HeapGrowthMultiplier: 3
12-14 18:46:14.876  3140  3193 I com.miui.home: CheckGCForNative gc_urgency 0.745692 current_native_bytes is 172424613
12-14 18:46:14.879  3140  3193 I com.miui.home: CheckGCForNative adj_start_bytes: 34006944 NativeAllocationGcWatermark: 10687767 java_gc_start_bytes: 17975294 kNewNativeDiscountFactor: 2 kOldNativeDiscountFactor: 65536 old_native_bytes: 147583213 new_native_bytes: 24843384 add_bytes_allowed: 32063301 is_gc_concurrent: 1 target_footprint_: 18393278 GetBytesAllocated: 12952128 HeapGrowthMultiplier: 3
12-14 18:46:14.879  3140  3193 I com.miui.home: CheckGCForNative gc_urgency 0.746203 current_native_bytes is 172426597
12-14 18:46:14.900  3140  3274 I com.miui.home: CheckGCForNative adj_start_bytes: 34006944 NativeAllocationGcWatermark: 10687767 java_gc_start_bytes: 17975294 kNewNativeDiscountFactor: 2 kOldNativeDiscountFactor: 65536 old_native_bytes: 147583213 new_native_bytes: 14138232 add_bytes_allowed: 32063301 is_gc_concurrent: 1 target_footprint_: 18393278 GetBytesAllocated: 12985104 HeapGrowthMultiplier: 3
12-14 18:46:14.900  3140  3274 I com.miui.home: CheckGCForNative gc_urgency 0.589776 current_native_bytes is 161721445
12-14 18:46:14.960  8951  8951 I wm_on_start_called: [0,32878236,com.yxcorp.gifshow.HomeActivity,handleStartActivity,201]
12-14 18:46:14.967  3140  3274 I com.miui.home: CheckGCForNative adj_start_bytes: 34006944 NativeAllocationGcWatermark: 10687767 java_gc_start_bytes: 17975294 kNewNativeDiscountFactor: 2 kOldNativeDiscountFactor: 65536 old_native_bytes: 147583213 new_native_bytes: 14118616 add_bytes_allowed: 32063301 is_gc_concurrent: 1 target_footprint_: 18393278 GetBytesAllocated: 13034416 HeapGrowthMultiplier: 3
12-14 18:46:14.967  3140  3274 I com.miui.home: CheckGCForNative gc_urgency 0.590937 current_native_bytes is 161701829
12-14 18:46:15.058  8951  8951 I wm_on_resume_called: [0,32878236,com.yxcorp.gifshow.HomeActivity,RESUME_ACTIVITY,8]
