12-14 18:35:55.435  3220  3811 I com.miui.home: CheckGCForNative gc_urgency 0.602655 current_native_bytes is 158094149
12-14 18:35:56.020  7295  7295 I wm_on_create_called: [0,150671022,com.tencent.mtt.SplashActivity,performCreate,93]
12-14 18:35:56.078  7295  7295 I wm_on_create_called: [0,46173217,com.tencent.mtt.MainActivity,performCreate,10]
12-14 18:35:56.084  7295  7295 I wm_on_start_called: [0,46173217,com.tencent.mtt.MainActivity,handleStartActivity,5]
12-14 18:35:56.223  3220  3811 I com.miui.home: CheckGCForNative gc_urgency 0.61191 current_native_bytes is 157961765
12-14 18:35:56.709  7295  7295 I wm_on_top_resumed_lost_called: [46173217,com.tencent.mtt.MainActivity,pausing]
12-14 18:35:56.710  7295  7295 I wm_on_paused_called: [0,46173217,com.tencent.mtt.MainActivity,performPause,1]
12-14 18:35:56.712  7295  7295 I wm_on_resume_called: [0,46173217,com.tencent.mtt.MainActivity,LIFECYCLER_RESUME_ACTIVITY,1]
12-14 18:35:56.712  7295  7295 I wm_on_top_resumed_gained_called: [46173217,com.tencent.mtt.MainActivity,topWhenResuming]
12-14 18:35:56.784  3220  3220 I wm_on_stop_called: [0,241954343,com.miui.home.launcher.Launcher,STOP_ACTIVITY_ITEM,3]
12-14 18:35:56.916  7295  7295 I wm_on_destroy_called: [0,150671022,com.tencent.mtt.SplashActivity,performDestroy,1]
12-14 18:35:56.995  7295  7295 I wm_on_idle_called: com.tencent.mtt.MainActivity
12-14 18:35:56.996  3220  3220 I wm_on_restart_called: [0,241954343,com.miui.home.launcher.Launcher,performRestartActivity,0]
12-14 18:35:56.996  7295  7295 I wm_on_idle_called: com.tencent.mtt.MainActivity
12-14 18:35:56.997  3220  3220 I wm_on_start_called: [0,241954343,com.miui.home.launcher.Launcher,handleStartActivity,1]
12-14 18:35:57.054  3220 14926 I com.miui.home: CheckGCForNative adj_start_bytes: 49641131 NativeAllocationGcWatermark: 12332649 java_gc_start_bytes: 31142158 kNewNativeDiscountFactor: 2 kOldNativeDiscountFactor: 65536 old_native_bytes: 140546669 new_native_bytes: 28322656 add_bytes_allowed: 36997947 is_gc_concurrent: 1 target_footprint_: 31552334 GetBytesAllocated: 22641944 HeapGrowthMultiplier: 3
12-14 18:35:57.055  3220 14926 I com.miui.home: CheckGCForNative gc_urgency 0.74143 current_native_bytes is 168869325
12-14 18:35:57.055  3220 14926 I com.miui.home: CheckGCForNative adj_start_bytes: 49641131 NativeAllocationGcWatermark: 12332649 java_gc_start_bytes: 31142158 kNewNativeDiscountFactor: 2 kOldNativeDiscountFactor: 65536 old_native_bytes: 140546669 new_native_bytes: 39028576 add_bytes_allowed: 36997947 is_gc_concurrent: 1 target_footprint_: 31552334 GetBytesAllocated: 22642136 HeapGrowthMultiplier: 3
12-14 18:35:57.055  3220 14926 I com.miui.home: CheckGCForNative gc_urgency 0.849267 current_native_bytes is 179575245
12-14 18:35:57.079  3220  3253 I com.miui.home: CheckGCForNative adj_start_bytes: 49641131 NativeAllocationGcWatermark: 12332649 java_gc_start_bytes: 31142158 kNewNativeDiscountFactor: 2 kOldNativeDiscountFactor: 65536 old_native_bytes: 140546669 new_native_bytes: 39031392 add_bytes_allowed: 36997947 is_gc_concurrent: 1 target_footprint_: 31552334 GetBytesAllocated: 22674904 HeapGrowthMultiplier: 3
12-14 18:35:57.080  3220  3253 I com.miui.home: CheckGCForNative gc_urgency 0.849955 current_native_bytes is 179578061
12-14 18:35:57.156  3220  3363 I com.miui.home: CheckGCForNative adj_start_bytes: 49641131 NativeAllocationGcWatermark: 12332649 java_gc_start_bytes: 31142158 kNewNativeDiscountFactor: 2 kOldNativeDiscountFactor: 65536 old_native_bytes: 140546669 new_native_bytes: 28301216 add_bytes_allowed: 36997947 is_gc_concurrent: 1 target_footprint_: 31552334 GetBytesAllocated: 22757016 HeapGrowthMultiplier: 3
12-14 18:35:57.156  3220  3363 I com.miui.home: CheckGCForNative gc_urgency 0.743532 current_native_bytes is 168847885
12-14 18:35:57.223  3220  3363 I com.miui.home: CheckGCForNative adj_start_bytes: 49641131 NativeAllocationGcWatermark: 12332649 java_gc_start_bytes: 31142158 kNewNativeDiscountFactor: 2 kOldNativeDiscountFactor: 65536 old_native_bytes: 140546669 new_native_bytes: 28305568 add_bytes_allowed: 36997947 is_gc_concurrent: 1 target_footprint_: 31552334 GetBytesAllocated: 22789784 HeapGrowthMultiplier: 3
12-14 18:35:57.223  3220  3363 I com.miui.home: CheckGCForNative gc_urgency 0.744236 current_native_bytes is 168852237
12-14 18:35:57.573  7295  7295 I wm_on_top_resumed_lost_called: [46173217,com.tencent.mtt.MainActivity,topStateChangedWhenResumed]
12-14 18:35:57.590  3220 32174 I com.miui.home: CheckGCForNative adj_start_bytes: 49641131 NativeAllocationGcWatermark: 12332649 java_gc_start_bytes: 31142158 kNewNativeDiscountFactor: 2 kOldNativeDiscountFactor: 65536 old_native_bytes: 140546669 new_native_bytes: 28323616 add_bytes_allowed: 36997947 is_gc_concurrent: 1 target_footprint_: 31552334 GetBytesAllocated: 22953624 HeapGrowthMultiplier: 3
12-14 18:35:57.591  3220 32174 I com.miui.home: CheckGCForNative gc_urgency 0.747718 current_native_bytes is 168870285
12-14 18:35:57.592  3220  3220 I wm_on_resume_called: [0,241954343,com.miui.home.launcher.Launcher,RESUME_ACTIVITY,5]
12-14 18:35:57.594  3220  3220 I wm_on_idle_called: com.miui.home.launcher.Launcher
12-14 18:35:57.605  3220  3220 I wm_on_top_resumed_gained_called: [241954343,com.miui.home.launcher.Launcher,topStateChangedWhenResumed]
12-14 18:35:57.608  7295  7295 I wm_on_paused_called: [0,46173217,com.tencent.mtt.MainActivity,performPause,2]
12-14 18:35:57.730  3220  3811 I com.miui.home: CheckGCForNative adj_start_bytes: 49641131 NativeAllocationGcWatermark: 12332649 java_gc_start_bytes: 31142158 kNewNativeDiscountFactor: 2 kOldNativeDiscountFactor: 65536 old_native_bytes: 140546669 new_native_bytes: 39142632 add_bytes_allowed: 36997947 is_gc_concurrent: 1 target_footprint_: 31552334 GetBytesAllocated: 23970584 HeapGrowthMultiplier: 3
12-14 18:35:57.730  3220  3811 I com.miui.home: CheckGCForNative gc_urgency 0.877177 current_native_bytes is 179689301
12-14 18:35:57.740  3220  3811 I com.miui.home: CheckGCForNative adj_start_bytes: 49641131 NativeAllocationGcWatermark: 12332649 java_gc_start_bytes: 31142158 kNewNativeDiscountFactor: 2 kOldNativeDiscountFactor: 65536 old_native_bytes: 140546669 new_native_bytes: 28584072 add_bytes_allowed: 36997947 is_gc_concurrent: 1 target_footprint_: 31552334 GetBytesAllocated: 24135000 HeapGrowthMultiplier: 3
12-14 18:35:57.740  3220  3811 I com.miui.home: CheckGCForNative gc_urgency 0.77414 current_native_bytes is 169130741
12-14 18:35:57.740  7295  7295 I wm_on_stop_called: [0,46173217,com.tencent.mtt.MainActivity,STOP_ACTIVITY_ITEM,100]
12-14 18:35:57.935  3220  3220 I wm_on_top_resumed_lost_called: [241954343,com.miui.home.launcher.Launcher,topStateChangedWhenResumed]
12-14 18:35:57.946  3220  3220 I wm_on_paused_called: [0,241954343,com.miui.home.launcher.Launcher,performPause,1]
12-14 18:35:57.999  3220  3811 I com.miui.home: CheckGCForNative adj_start_bytes: 49641131 NativeAllocationGcWatermark: 12332649 java_gc_start_bytes: 31142158 kNewNativeDiscountFactor: 2 kOldNativeDiscountFactor: 65536 old_native_bytes: 140546669 new_native_bytes: 29479364 add_bytes_allowed: 36997947 is_gc_concurrent: 1 target_footprint_: 31552334 GetBytesAllocated: 24610792 HeapGrowthMultiplier: 3
12-14 18:35:57.999  3220  3811 I com.miui.home: CheckGCForNative gc_urgency 0.792742 current_native_bytes is 170026033
12-14 18:35:58.000  3220  3811 I com.miui.home: CheckGCForNative adj_start_bytes: 49641131 NativeAllocationGcWatermark: 12332649 java_gc_start_bytes: 31142158 kNewNativeDiscountFactor: 2 kOldNativeDiscountFactor: 65536 old_native_bytes: 140546669 new_native_bytes: 29939140 add_bytes_allowed: 36997947 is_gc_concurrent: 1 target_footprint_: 31552334 GetBytesAllocated: 24610792 HeapGrowthMultiplier: 3
12-14 18:35:58.000  3220  3811 I com.miui.home: CheckGCForNative gc_urgency 0.797373 current_native_bytes is 170485809
12-14 18:35:58.012  3220  3811 I com.miui.home: CheckGCForNative adj_start_bytes: 49641131 NativeAllocationGcWatermark: 12332649 java_gc_start_bytes: 31142158 kNewNativeDiscountFactor: 2 kOldNativeDiscountFactor: 65536 old_native_bytes: 140546669 new_native_bytes: 29934020 add_bytes_allowed: 36997947 is_gc_concurrent: 1 target_footprint_: 31552334 GetBytesAllocated: 24741864 HeapGrowthMultiplier: 3
12-14 18:35:58.012  3220  3811 I com.miui.home: CheckGCForNative gc_urgency 0.799962 current_native_bytes is 170480689
12-14 18:35:58.124  3220  3811 I com.miui.home: CheckGCForNative adj_start_bytes: 49641131 NativeAllocationGcWatermark: 12332649 java_gc_start_bytes: 31142158 kNewNativeDiscountFactor: 2 kOldNativeDiscountFactor: 65536 old_native_bytes: 140546669 new_native_bytes: 30157924 add_bytes_allowed: 36997947 is_gc_concurrent: 1 target_footprint_: 31552334 GetBytesAllocated: 25422728 HeapGrowthMultiplier: 3
12-14 18:35:58.124  3220  3811 I com.miui.home: CheckGCForNative gc_urgency 0.815933 current_native_bytes is 170704593
12-14 18:35:58.765  7727  7727 I wm_on_application_create_called: [0,com.taobao.taobao,242]
12-14 18:35:58.862  7727  7727 I wm_on_create_called: [0,105658518,com.taobao.tao.welcome.Welcome,performCreate,61]
12-14 18:35:58.913  7727  7727 I wm_on_start_called: [0,105658518,com.taobao.tao.welcome.Welcome,handleStartActivity,49]
12-14 18:35:58.930  7727  7727 I wm_on_resume_called: [0,105658518,com.taobao.tao.welcome.Welcome,RESUME_ACTIVITY,17]
12-14 18:35:58.959  7727  7727 I wm_on_top_resumed_gained_called: [105658518,com.taobao.tao.welcome.Welcome,topStateChangedWhenResumed]
12-14 18:35:59.370  3220  3220 I wm_on_stop_called: [0,241954343,com.miui.home.launcher.Launcher,STOP_ACTIVITY_ITEM,2]
12-14 18:35:59.611  3220  3325 I com.miui.home: CheckGCForNative adj_start_bytes: 49641131 NativeAllocationGcWatermark: 12332649 java_gc_start_bytes: 31142158 kNewNativeDiscountFactor: 2 kOldNativeDiscountFactor: 65536 old_native_bytes: 140546669 new_native_bytes: 30194532 add_bytes_allowed: 36997947 is_gc_concurrent: 1 target_footprint_: 31552334 GetBytesAllocated: 25857256 HeapGrowthMultiplier: 3
12-14 18:35:59.611  3220  3325 I com.miui.home: CheckGCForNative gc_urgency 0.825385 current_native_bytes is 170741201
12-14 18:35:59.643  3220  3220 I wm_on_restart_called: [0,241954343,com.miui.home.launcher.Launcher,performRestartActivity,0]
12-14 18:35:59.644  3220  3220 I wm_on_start_called: [0,241954343,com.miui.home.launcher.Launcher,handleStartActivity,0]
12-14 18:35:59.719  3220  8631 I com.miui.home: CheckGCForNative adj_start_bytes: 49641131 NativeAllocationGcWatermark: 12332649 java_gc_start_bytes: 31142158 kNewNativeDiscountFactor: 2 kOldNativeDiscountFactor: 65536 old_native_bytes: 140546669 new_native_bytes: 41014396 add_bytes_allowed: 36997947 is_gc_concurrent: 1 target_footprint_: 31552334 GetBytesAllocated: 26529416 HeapGrowthMultiplier: 3
12-14 18:35:59.719  3220  8631 I com.miui.home: CheckGCForNative gc_urgency 0.947576 current_native_bytes is 181561065
12-14 18:35:59.719  3220  8631 I com.miui.home: CheckGCForNative adj_start_bytes: 49641131 NativeAllocationGcWatermark: 12332649 java_gc_start_bytes: 31142158 kNewNativeDiscountFactor: 2 kOldNativeDiscountFactor: 65536 old_native_bytes: 140546669 new_native_bytes: 51720316 add_bytes_allowed: 36997947 is_gc_concurrent: 1 target_footprint_: 31552334 GetBytesAllocated: 26529608 HeapGrowthMultiplier: 3
12-14 18:35:59.719  3220  8631 I com.miui.home: CheckGCForNative gc_urgency 1.05541 current_native_bytes is 192266985
12-14 18:35:59.719  3220  8631 I com.miui.home: CheckGCForNative requested 1
12-14 18:35:59.740  3220  8631 I com.miui.home: CheckGCForNative adj_start_bytes: 49641131 NativeAllocationGcWatermark: 12332649 java_gc_start_bytes: 31142158 kNewNativeDiscountFactor: 2 kOldNativeDiscountFactor: 65536 old_native_bytes: 140546669 new_native_bytes: 51721596 add_bytes_allowed: 36997947 is_gc_concurrent: 1 target_footprint_: 31552334 GetBytesAllocated: 26529608 HeapGrowthMultiplier: 3
12-14 18:35:59.740  3220  8631 I com.miui.home: CheckGCForNative gc_urgency 1.05543 current_native_bytes is 192268265
12-14 18:35:59.740  3220  8631 I com.miui.home: CheckGCForNative requested 1
12-14 18:35:59.823  7727  7727 I wm_on_idle_called: com.taobao.tao.welcome.Welcome
12-14 18:35:59.862  3220  3247 I com.miui.home: NativeAlloc concurrent copying GC freed 183963(9666KB) AllocSpace objects, 28(904KB) LOS objects, 49% free, 15MB/30MB, paused 154us,37us total 142.358ms
12-14 18:36:00.053  3220  3363 I com.miui.home: CheckGCForNative gc_urgency 0 current_native_bytes is 144572033
12-14 18:36:00.228  7727  7727 I wm_on_top_resumed_lost_called: [105658518,com.taobao.tao.welcome.Welcome,topStateChangedWhenResumed]
12-14 18:36:00.240  3220  3220 I wm_on_resume_called: [0,241954343,com.miui.home.launcher.Launcher,RESUME_ACTIVITY,2]
12-14 18:36:00.241  3220  3220 I wm_on_idle_called: com.miui.home.launcher.Launcher
12-14 18:36:00.255  3220  3220 I wm_on_top_resumed_gained_called: [241954343,com.miui.home.launcher.Launcher,topStateChangedWhenResumed]
12-14 18:36:00.322  7727  7727 I wm_on_paused_called: [0,105658518,com.taobao.tao.welcome.Welcome,performPause,43]
12-14 18:36:00.368  7727  7727 I wm_on_stop_called: [0,105658518,com.taobao.tao.welcome.Welcome,STOP_ACTIVITY_ITEM,38]
12-14 18:36:00.389  3220  3811 I com.miui.home: CheckGCForNative adj_start_bytes: 50063777 NativeAllocationGcWatermark: 12347779 java_gc_start_bytes: 31542109 kNewNativeDiscountFactor: 2 kOldNativeDiscountFactor: 65536 old_native_bytes: 144572033 new_native_bytes: 45824 add_bytes_allowed: 37043337 is_gc_concurrent: 1 target_footprint_: 31673373 GetBytesAllocated: 17148752 HeapGrowthMultiplier: 3
12-14 18:36:00.389  3220  3811 I com.miui.home: CheckGCForNative gc_urgency 0.34304 current_native_bytes is 144617857
12-14 18:36:00.402  3220  3811 I com.miui.home: CheckGCForNative adj_start_bytes: 50063777 NativeAllocationGcWatermark: 12347779 java_gc_start_bytes: 31542109 kNewNativeDiscountFactor: 2 kOldNativeDiscountFactor: 65536 old_native_bytes: 144572033 new_native_bytes: 10932696 add_bytes_allowed: 37043337 is_gc_concurrent: 1 target_footprint_: 31673373 GetBytesAllocated: 17230736 HeapGrowthMultiplier: 3
12-14 18:36:00.403  3220  3811 I com.miui.home: CheckGCForNative gc_urgency 0.453407 current_native_bytes is 155504729
12-14 18:36:00.799  3220 32174 I com.miui.home: CheckGCForNative adj_start_bytes: 50063777 NativeAllocationGcWatermark: 12347779 java_gc_start_bytes: 31542109 kNewNativeDiscountFactor: 2 kOldNativeDiscountFactor: 65536 old_native_bytes: 144572033 new_native_bytes: 559692 add_bytes_allowed: 37043337 is_gc_concurrent: 1 target_footprint_: 31673373 GetBytesAllocated: 17657376 HeapGrowthMultiplier: 3
12-14 18:36:00.800  3220 32174 I com.miui.home: CheckGCForNative gc_urgency 0.358332 current_native_bytes is 145131725
12-14 18:36:00.884  3220  3220 I wm_on_top_resumed_lost_called: [241954343,com.miui.home.launcher.Launcher,topStateChangedWhenResumed]
12-14 18:36:00.891  3220  3220 I wm_on_paused_called: [0,241954343,com.miui.home.launcher.Launcher,performPause,1]
12-14 18:36:00.939  3220  3811 I com.miui.home: CheckGCForNative adj_start_bytes: 50063777 NativeAllocationGcWatermark: 12347779 java_gc_start_bytes: 31542109 kNewNativeDiscountFactor: 2 kOldNativeDiscountFactor: 65536 old_native_bytes: 144572033 new_native_bytes: 1702980 add_bytes_allowed: 37043337 is_gc_concurrent: 1 target_footprint_: 31673373 GetBytesAllocated: 17969408 HeapGrowthMultiplier: 3
12-14 18:36:00.939  3220  3811 I com.miui.home: CheckGCForNative gc_urgency 0.375982 current_native_bytes is 146275013
12-14 18:36:00.954  3220  3811 I com.miui.home: CheckGCForNative adj_start_bytes: 50063777 NativeAllocationGcWatermark: 12347779 java_gc_start_bytes: 31542109 kNewNativeDiscountFactor: 2 kOldNativeDiscountFactor: 65536 old_native_bytes: 144572033 new_native_bytes: 2172132 add_bytes_allowed: 37043337 is_gc_concurrent: 1 target_footprint_: 31673373 GetBytesAllocated: 17985792 HeapGrowthMultiplier: 3
12-14 18:36:00.954  3220  3811 I com.miui.home: CheckGCForNative gc_urgency 0.380995 current_native_bytes is 146744165
12-14 18:36:01.005  3220  3220 I com.miui.home: CheckGCForNative adj_start_bytes: 50063777 NativeAllocationGcWatermark: 12347779 java_gc_start_bytes: 31542109 kNewNativeDiscountFactor: 2 kOldNativeDiscountFactor: 65536 old_native_bytes: 144572033 new_native_bytes: 2262604 add_bytes_allowed: 37043337 is_gc_concurrent: 1 target_footprint_: 31673373 GetBytesAllocated: 18354624 HeapGrowthMultiplier: 3
12-14 18:36:01.005  3220  3220 I com.miui.home: CheckGCForNative gc_urgency 0.389266 current_native_bytes is 146834637
12-14 18:36:01.066  3220  3811 I com.miui.home: CheckGCForNative adj_start_bytes: 50063777 NativeAllocationGcWatermark: 12347779 java_gc_start_bytes: 31542109 kNewNativeDiscountFactor: 2 kOldNativeDiscountFactor: 65536 old_native_bytes: 144572033 new_native_bytes: 2359308 add_bytes_allowed: 37043337 is_gc_concurrent: 1 target_footprint_: 31673373 GetBytesAllocated: 18765088 HeapGrowthMultiplier: 3
12-14 18:36:01.066  3220  3811 I com.miui.home: CheckGCForNative gc_urgency 0.398431 current_native_bytes is 146931341
12-14 18:36:01.122  3220  3363 I com.miui.home: CheckGCForNative adj_start_bytes: 50063777 NativeAllocationGcWatermark: 12347779 java_gc_start_bytes: 31542109 kNewNativeDiscountFactor: 2 kOldNativeDiscountFactor: 65536 old_native_bytes: 144572033 new_native_bytes: 2554892 add_bytes_allowed: 37043337 is_gc_concurrent: 1 target_footprint_: 31673373 GetBytesAllocated: 18961696 HeapGrowthMultiplier: 3
12-14 18:36:01.122  3220  3363 I com.miui.home: CheckGCForNative gc_urgency 0.404311 current_native_bytes is 147126925
12-14 18:36:01.156  3220  3363 I com.miui.home: CheckGCForNative adj_start_bytes: 50063777 NativeAllocationGcWatermark: 12347779 java_gc_start_bytes: 31542109 kNewNativeDiscountFactor: 2 kOldNativeDiscountFactor: 65536 old_native_bytes: 144572033 new_native_bytes: 2557388 add_bytes_allowed: 37043337 is_gc_concurrent: 1 target_footprint_: 31673373 GetBytesAllocated: 18978080 HeapGrowthMultiplier: 3
12-14 18:36:01.156  3220  3363 I com.miui.home: CheckGCForNative gc_urgency 0.404663 current_native_bytes is 147129421
12-14 18:36:01.219 13852 13852 I wm_on_create_called: [0,194902479,com.tencent.mm.ui.LauncherUI,performCreate,213]
12-14 18:36:01.237 13852 13852 I wm_on_start_called: [0,194902479,com.tencent.mm.ui.LauncherUI,handleStartActivity,11]
12-14 18:36:01.285 13852 13852 I wm_on_resume_called: [0,194902479,com.tencent.mm.ui.LauncherUI,RESUME_ACTIVITY,47]
12-14 18:36:01.296 13852 13852 I wm_on_top_resumed_gained_called: [194902479,com.tencent.mm.ui.LauncherUI,topStateChangedWhenResumed]
12-14 18:36:01.296 13852 13852 I wm_on_top_resumed_lost_called: [194902479,com.tencent.mm.ui.LauncherUI,topStateChangedWhenResumed]
12-14 18:36:01.303 13852 13852 I wm_on_paused_called: [0,194902479,com.tencent.mm.ui.LauncherUI,performPause,5]
12-14 18:36:01.324  3220  3220 I wm_on_stop_called: [0,241954343,com.miui.home.launcher.Launcher,STOP_ACTIVITY_ITEM,2]
12-14 18:36:01.468  3220  3811 I com.miui.home: CheckGCForNative adj_start_bytes: 50063777 NativeAllocationGcWatermark: 12347779 java_gc_start_bytes: 31542109 kNewNativeDiscountFactor: 2 kOldNativeDiscountFactor: 65536 old_native_bytes: 144572033 new_native_bytes: 2631820 add_bytes_allowed: 37043337 is_gc_concurrent: 1 target_footprint_: 31673373 GetBytesAllocated: 19593584 HeapGrowthMultiplier: 3
12-14 18:36:01.468  3220  3811 I com.miui.home: CheckGCForNative gc_urgency 0.417701 current_native_bytes is 147203853
12-14 18:36:01.532 13852 13852 I wm_on_create_called: [0,235942859,com.tencent.mm.plugin.account.ui.WelcomeActivity,performCreate,41]
12-14 18:36:01.535 13852 13852 I wm_on_start_called: [0,235942859,com.tencent.mm.plugin.account.ui.WelcomeActivity,handleStartActivity,1]
12-14 18:36:01.541 13852 13852 I wm_on_resume_called: [0,235942859,com.tencent.mm.plugin.account.ui.WelcomeActivity,RESUME_ACTIVITY,5]
12-14 18:36:01.549 13852 13852 I wm_on_top_resumed_gained_called: [235942859,com.tencent.mm.plugin.account.ui.WelcomeActivity,topStateChangedWhenResumed]
12-14 18:36:01.690 13852 13852 I wm_on_stop_called: [0,194902479,com.tencent.mm.ui.LauncherUI,STOP_ACTIVITY_ITEM,2]
12-14 18:36:02.555  3220  3220 I wm_on_restart_called: [0,241954343,com.miui.home.launcher.Launcher,performRestartActivity,0]
12-14 18:36:02.555  3220  3220 I wm_on_start_called: [0,241954343,com.miui.home.launcher.Launcher,handleStartActivity,1]
12-14 18:36:02.597  3220 19643 I com.miui.home: CheckGCForNative adj_start_bytes: 50063777 NativeAllocationGcWatermark: 12347779 java_gc_start_bytes: 31542109 kNewNativeDiscountFactor: 2 kOldNativeDiscountFactor: 65536 old_native_bytes: 144572033 new_native_bytes: 13471116 add_bytes_allowed: 37043337 is_gc_concurrent: 1 target_footprint_: 31673373 GetBytesAllocated: 20429648 HeapGrowthMultiplier: 3
12-14 18:36:02.597  3220 19643 I com.miui.home: CheckGCForNative gc_urgency 0.542656 current_native_bytes is 158043149
12-14 18:36:02.597  3220 19643 I com.miui.home: CheckGCForNative adj_start_bytes: 50063777 NativeAllocationGcWatermark: 12347779 java_gc_start_bytes: 31542109 kNewNativeDiscountFactor: 2 kOldNativeDiscountFactor: 65536 old_native_bytes: 144572033 new_native_bytes: 24177420 add_bytes_allowed: 37043337 is_gc_concurrent: 1 target_footprint_: 31673373 GetBytesAllocated: 20446224 HeapGrowthMultiplier: 3
12-14 18:36:02.598  3220 19643 I com.miui.home: CheckGCForNative gc_urgency 0.649914 current_native_bytes is 168749453
12-14 18:36:02.618  3220 19643 I com.miui.home: CheckGCForNative adj_start_bytes: 50063777 NativeAllocationGcWatermark: 12347779 java_gc_start_bytes: 31542109 kNewNativeDiscountFactor: 2 kOldNativeDiscountFactor: 65536 old_native_bytes: 144572033 new_native_bytes: 24168756 add_bytes_allowed: 37043337 is_gc_concurrent: 1 target_footprint_: 31673373 GetBytesAllocated: 20462608 HeapGrowthMultiplier: 3
12-14 18:36:02.619  3220 19643 I com.miui.home: CheckGCForNative gc_urgency 0.650155 current_native_bytes is 168740789
12-14 18:36:02.693  3220  3363 I com.miui.home: CheckGCForNative adj_start_bytes: 50063777 NativeAllocationGcWatermark: 12347779 java_gc_start_bytes: 31542109 kNewNativeDiscountFactor: 2 kOldNativeDiscountFactor: 65536 old_native_bytes: 144572033 new_native_bytes: 13477140 add_bytes_allowed: 37043337 is_gc_concurrent: 1 target_footprint_: 31673373 GetBytesAllocated: 20577488 HeapGrowthMultiplier: 3
12-14 18:36:02.693  3220  3363 I com.miui.home: CheckGCForNative gc_urgency 0.545669 current_native_bytes is 158049173
12-14 18:36:03.049  3220  3363 I com.miui.home: CheckGCForNative adj_start_bytes: 50063777 NativeAllocationGcWatermark: 12347779 java_gc_start_bytes: 31542109 kNewNativeDiscountFactor: 2 kOldNativeDiscountFactor: 65536 old_native_bytes: 144572033 new_native_bytes: 13505812 add_bytes_allowed: 37043337 is_gc_concurrent: 1 target_footprint_: 31673373 GetBytesAllocated: 20724944 HeapGrowthMultiplier: 3
12-14 18:36:03.049  3220  3363 I com.miui.home: CheckGCForNative gc_urgency 0.548901 current_native_bytes is 158077845
12-14 18:36:03.117 13852 13852 I wm_on_top_resumed_lost_called: [235942859,com.tencent.mm.plugin.account.ui.WelcomeActivity,topStateChangedWhenResumed]
12-14 18:36:03.128  3220  3220 I wm_on_resume_called: [0,241954343,com.miui.home.launcher.Launcher,RESUME_ACTIVITY,4]
12-14 18:36:03.129  3220  3220 I wm_on_idle_called: com.miui.home.launcher.Launcher
12-14 18:36:03.141  3220  3220 I wm_on_top_resumed_gained_called: [241954343,com.miui.home.launcher.Launcher,topStateChangedWhenResumed]
12-14 18:36:03.149 13852 13852 I wm_on_paused_called: [0,235942859,com.tencent.mm.plugin.account.ui.WelcomeActivity,performPause,8]
12-14 18:36:03.179 13852 13852 I wm_on_stop_called: [0,235942859,com.tencent.mm.plugin.account.ui.WelcomeActivity,STOP_ACTIVITY_ITEM,8]
12-14 18:36:03.182 13852 13852 I wm_on_idle_called: com.tencent.mm.plugin.account.ui.WelcomeActivity
12-14 18:36:03.182 13852 13852 I wm_on_idle_called: com.tencent.mm.ui.LauncherUI
12-14 18:36:03.253  3220  3811 I com.miui.home: CheckGCForNative adj_start_bytes: 50063777 NativeAllocationGcWatermark: 12347779 java_gc_start_bytes: 31542109 kNewNativeDiscountFactor: 2 kOldNativeDiscountFactor: 65536 old_native_bytes: 144572033 new_native_bytes: 13578356 add_bytes_allowed: 37043337 is_gc_concurrent: 1 target_footprint_: 31673373 GetBytesAllocated: 21774736 HeapGrowthMultiplier: 3
12-14 18:36:03.253  3220  3811 I com.miui.home: CheckGCForNative gc_urgency 0.570595 current_native_bytes is 158150389
12-14 18:36:03.254  3220  3811 I com.miui.home: CheckGCForNative adj_start_bytes: 50063777 NativeAllocationGcWatermark: 12347779 java_gc_start_bytes: 31542109 kNewNativeDiscountFactor: 2 kOldNativeDiscountFactor: 65536 old_native_bytes: 144572033 new_native_bytes: 24284788 add_bytes_allowed: 37043337 is_gc_concurrent: 1 target_footprint_: 31673373 GetBytesAllocated: 21774736 HeapGrowthMultiplier: 3
12-14 18:36:03.254  3220  3811 I com.miui.home: CheckGCForNative gc_urgency 0.677523 current_native_bytes is 168856821
12-14 18:36:03.527  3220  3220 I wm_on_top_resumed_lost_called: [241954343,com.miui.home.launcher.Launcher,topStateChangedWhenResumed]
12-14 18:36:03.529  3220  3253 I com.miui.home: CheckGCForNative adj_start_bytes: 50063777 NativeAllocationGcWatermark: 12347779 java_gc_start_bytes: 31542109 kNewNativeDiscountFactor: 2 kOldNativeDiscountFactor: 65536 old_native_bytes: 144572033 new_native_bytes: 13651368 add_bytes_allowed: 37043337 is_gc_concurrent: 1 target_footprint_: 31673373 GetBytesAllocated: 22185024 HeapGrowthMultiplier: 3
12-14 18:36:03.529  3220  3253 I com.miui.home: CheckGCForNative gc_urgency 0.579519 current_native_bytes is 158223401
12-14 18:36:03.533  3220  3220 I wm_on_paused_called: [0,241954343,com.miui.home.launcher.Launcher,performPause,1]
12-14 18:36:03.588  3220  3811 I com.miui.home: CheckGCForNative adj_start_bytes: 50063777 NativeAllocationGcWatermark: 12347779 java_gc_start_bytes: 31542109 kNewNativeDiscountFactor: 2 kOldNativeDiscountFactor: 65536 old_native_bytes: 144572033 new_native_bytes: 14200840 add_bytes_allowed: 37043337 is_gc_concurrent: 1 target_footprint_: 31673373 GetBytesAllocated: 22480512 HeapGrowthMultiplier: 3
12-14 18:36:03.588  3220  3811 I com.miui.home: CheckGCForNative gc_urgency 0.590909 current_native_bytes is 158772873
12-14 18:36:03.592  3220  3811 I com.miui.home: CheckGCForNative adj_start_bytes: 50063777 NativeAllocationGcWatermark: 12347779 java_gc_start_bytes: 31542109 kNewNativeDiscountFactor: 2 kOldNativeDiscountFactor: 65536 old_native_bytes: 144572033 new_native_bytes: 14218712 add_bytes_allowed: 37043337 is_gc_concurrent: 1 target_footprint_: 31673373 GetBytesAllocated: 22496896 HeapGrowthMultiplier: 3
12-14 18:36:03.593  3220  3811 I com.miui.home: CheckGCForNative gc_urgency 0.591415 current_native_bytes is 158790745
12-14 18:36:03.707  3220  3811 I com.miui.home: CheckGCForNative adj_start_bytes: 50063777 NativeAllocationGcWatermark: 12347779 java_gc_start_bytes: 31542109 kNewNativeDiscountFactor: 2 kOldNativeDiscountFactor: 65536 old_native_bytes: 144572033 new_native_bytes: 14673840 add_bytes_allowed: 37043337 is_gc_concurrent: 1 target_footprint_: 31673373 GetBytesAllocated: 23062736 HeapGrowthMultiplier: 3
12-14 18:36:03.707  3220  3811 I com.miui.home: CheckGCForNative gc_urgency 0.607263 current_native_bytes is 159245873
12-14 18:36:03.744  3220  3811 I com.miui.home: CheckGCForNative adj_start_bytes: 50063777 NativeAllocationGcWatermark: 12347779 java_gc_start_bytes: 31542109 kNewNativeDiscountFactor: 2 kOldNativeDiscountFactor: 65536 old_native_bytes: 144572033 new_native_bytes: 14789040 add_bytes_allowed: 37043337 is_gc_concurrent: 1 target_footprint_: 31673373 GetBytesAllocated: 23407280 HeapGrowthMultiplier: 3
12-14 18:36:03.745  3220  3811 I com.miui.home: CheckGCForNative gc_urgency 0.615295 current_native_bytes is 159361073
12-14 18:36:04.142  8298  8298 I wm_on_application_create_called: [0,com.kmxs.reader,313]
12-14 18:36:04.347  8298  8298 I wm_on_create_called: [0,38884337,com.km.app.home.view.LoadingActivity,performCreate,144]
12-14 18:36:04.351  8298  8298 I wm_on_start_called: [0,38884337,com.km.app.home.view.LoadingActivity,handleStartActivity,3]
12-14 18:36:04.375  8298  8298 I wm_on_resume_called: [0,38884337,com.km.app.home.view.LoadingActivity,RESUME_ACTIVITY,19]
12-14 18:36:04.457  8298  8298 I wm_on_top_resumed_gained_called: [38884337,com.km.app.home.view.LoadingActivity,topStateChangedWhenResumed]
12-14 18:36:04.998  3220  3220 I wm_on_stop_called: [0,241954343,com.miui.home.launcher.Launcher,STOP_ACTIVITY_ITEM,6]
12-14 18:36:05.365  8298  8298 I wm_on_top_resumed_lost_called: [38884337,com.km.app.home.view.LoadingActivity,topStateChangedWhenResumed]
12-14 18:36:05.377  8298  8298 I wm_on_paused_called: [0,38884337,com.km.app.home.view.LoadingActivity,performPause,1]
12-14 18:36:05.523  3220  3811 I com.miui.home: CheckGCForNative adj_start_bytes: 50063777 NativeAllocationGcWatermark: 12347779 java_gc_start_bytes: 31542109 kNewNativeDiscountFactor: 2 kOldNativeDiscountFactor: 65536 old_native_bytes: 144572033 new_native_bytes: 14829232 add_bytes_allowed: 37043337 is_gc_concurrent: 1 target_footprint_: 31673373 GetBytesAllocated: 24055824 HeapGrowthMultiplier: 3
12-14 18:36:05.523  3220  3811 I com.miui.home: CheckGCForNative gc_urgency 0.628651 current_native_bytes is 159401265
12-14 18:36:05.542  8298  8298 I wm_on_create_called: [0,71584105,com.kmxs.reader.home.ui.HomeActivity,performCreate,108]
12-14 18:36:05.547  8298  8298 I wm_on_start_called: [0,71584105,com.kmxs.reader.home.ui.HomeActivity,handleStartActivity,2]
12-14 18:36:05.575  3220  3811 I com.miui.home: CheckGCForNative adj_start_bytes: 50063777 NativeAllocationGcWatermark: 12347779 java_gc_start_bytes: 31542109 kNewNativeDiscountFactor: 2 kOldNativeDiscountFactor: 65536 old_native_bytes: 144572033 new_native_bytes: 15032240 add_bytes_allowed: 37043337 is_gc_concurrent: 1 target_footprint_: 31673373 GetBytesAllocated: 24384000 HeapGrowthMultiplier: 3
12-14 18:36:05.575  3220  3811 I com.miui.home: CheckGCForNative gc_urgency 0.637234 current_native_bytes is 159604273
12-14 18:36:05.620  8298  8298 I wm_on_resume_called: [0,71584105,com.kmxs.reader.home.ui.HomeActivity,RESUME_ACTIVITY,70]
12-14 18:36:05.656  8298  8298 I wm_on_top_resumed_gained_called: [71584105,com.kmxs.reader.home.ui.HomeActivity,topStateChangedWhenResumed]
12-14 18:36:06.039  8298  8298 I wm_on_stop_called: [0,38884337,com.km.app.home.view.LoadingActivity,LIFECYCLER_STOP_ACTIVITY,4]
12-14 18:36:06.040  8298  8298 I wm_on_destroy_called: [0,38884337,com.km.app.home.view.LoadingActivity,performDestroy,1]
12-14 18:36:06.083  8298  8298 I wm_on_idle_called: com.kmxs.reader.home.ui.HomeActivity
12-14 18:36:06.954  3220  3220 I wm_on_restart_called: [0,241954343,com.miui.home.launcher.Launcher,performRestartActivity,0]
12-14 18:36:06.955  3220  3220 I wm_on_start_called: [0,241954343,com.miui.home.launcher.Launcher,handleStartActivity,0]
12-14 18:36:06.978  3220  8631 I com.miui.home: CheckGCForNative adj_start_bytes: 50063777 NativeAllocationGcWatermark: 12347779 java_gc_start_bytes: 31542109 kNewNativeDiscountFactor: 2 kOldNativeDiscountFactor: 65536 old_native_bytes: 144572033 new_native_bytes: 25802336 add_bytes_allowed: 37043337 is_gc_concurrent: 1 target_footprint_: 31673373 GetBytesAllocated: 24991152 HeapGrowthMultiplier: 3
12-14 18:36:06.979  3220  8631 I com.miui.home: CheckGCForNative gc_urgency 0.756925 current_native_bytes is 170374369
12-14 18:36:06.982  3220  3253 I com.miui.home: CheckGCForNative adj_start_bytes: 50063777 NativeAllocationGcWatermark: 12347779 java_gc_start_bytes: 31542109 kNewNativeDiscountFactor: 2 kOldNativeDiscountFactor: 65536 old_native_bytes: 144572033 new_native_bytes: 36508512 add_bytes_allowed: 37043337 is_gc_concurrent: 1 target_footprint_: 31673373 GetBytesAllocated: 25024112 HeapGrowthMultiplier: 3
12-14 18:36:06.982  3220  3253 I com.miui.home: CheckGCForNative gc_urgency 0.864509 current_native_bytes is 181080545
12-14 18:36:06.982  3220  3253 I com.miui.home: CheckGCForNative adj_start_bytes: 50063777 NativeAllocationGcWatermark: 12347779 java_gc_start_bytes: 31542109 kNewNativeDiscountFactor: 2 kOldNativeDiscountFactor: 65536 old_native_bytes: 144572033 new_native_bytes: 47214432 add_bytes_allowed: 37043337 is_gc_concurrent: 1 target_footprint_: 31673373 GetBytesAllocated: 25024304 HeapGrowthMultiplier: 3
12-14 18:36:06.982  3220  3253 I com.miui.home: CheckGCForNative gc_urgency 0.971435 current_native_bytes is 191786465
12-14 18:36:07.142  3220  3363 I com.miui.home: CheckGCForNative adj_start_bytes: 50063777 NativeAllocationGcWatermark: 12347779 java_gc_start_bytes: 31542109 kNewNativeDiscountFactor: 2 kOldNativeDiscountFactor: 65536 old_native_bytes: 144572033 new_native_bytes: 25914520 add_bytes_allowed: 37043337 is_gc_concurrent: 1 target_footprint_: 31673373 GetBytesAllocated: 25286544 HeapGrowthMultiplier: 3
12-14 18:36:07.142  3220  3363 I com.miui.home: CheckGCForNative gc_urgency 0.763946 current_native_bytes is 170486553
12-14 18:36:07.410  3220  3363 I com.miui.home: CheckGCForNative adj_start_bytes: 50063777 NativeAllocationGcWatermark: 12347779 java_gc_start_bytes: 31542109 kNewNativeDiscountFactor: 2 kOldNativeDiscountFactor: 65536 old_native_bytes: 144572033 new_native_bytes: 25936536 add_bytes_allowed: 37043337 is_gc_concurrent: 1 target_footprint_: 31673373 GetBytesAllocated: 25401232 HeapGrowthMultiplier: 3
12-14 18:36:07.410  3220  3363 I com.miui.home: CheckGCForNative gc_urgency 0.766456 current_native_bytes is 170508569
12-14 18:36:07.499  3220  3363 I com.miui.home: CheckGCForNative adj_start_bytes: 50063777 NativeAllocationGcWatermark: 12347779 java_gc_start_bytes: 31542109 kNewNativeDiscountFactor: 2 kOldNativeDiscountFactor: 65536 old_native_bytes: 144572033 new_native_bytes: 25943192 add_bytes_allowed: 37043337 is_gc_concurrent: 1 target_footprint_: 31673373 GetBytesAllocated: 25450384 HeapGrowthMultiplier: 3
12-14 18:36:07.499  3220  3363 I com.miui.home: CheckGCForNative gc_urgency 0.767505 current_native_bytes is 170515225
12-14 18:36:07.563  3220  3220 I wm_on_resume_called: [0,241954343,com.miui.home.launcher.Launcher,RESUME_ACTIVITY,3]
12-14 18:36:07.564  3220  3220 I wm_on_idle_called: com.miui.home.launcher.Launcher
12-14 18:36:07.758  3220  3220 I wm_on_paused_called: [0,241954343,com.miui.home.launcher.Launcher,performPause,1]
12-14 18:36:07.761  3220  3811 I com.miui.home: CheckGCForNative adj_start_bytes: 50063777 NativeAllocationGcWatermark: 12347779 java_gc_start_bytes: 31542109 kNewNativeDiscountFactor: 2 kOldNativeDiscountFactor: 65536 old_native_bytes: 144572033 new_native_bytes: 26448292 add_bytes_allowed: 37043337 is_gc_concurrent: 1 target_footprint_: 31673373 GetBytesAllocated: 26860816 HeapGrowthMultiplier: 3
12-14 18:36:07.761  3220  3811 I com.miui.home: CheckGCForNative gc_urgency 0.800722 current_native_bytes is 171020325
12-14 18:36:07.801  3220  3811 I com.miui.home: CheckGCForNative adj_start_bytes: 50063777 NativeAllocationGcWatermark: 12347779 java_gc_start_bytes: 31542109 kNewNativeDiscountFactor: 2 kOldNativeDiscountFactor: 65536 old_native_bytes: 144572033 new_native_bytes: 37192396 add_bytes_allowed: 37043337 is_gc_concurrent: 1 target_footprint_: 31673373 GetBytesAllocated: 26959184 HeapGrowthMultiplier: 3
12-14 18:36:07.803  3220  3811 I com.miui.home: CheckGCForNative gc_urgency 0.909991 current_native_bytes is 181764429
12-14 18:36:07.904  3220  3811 I com.miui.home: CheckGCForNative adj_start_bytes: 50063777 NativeAllocationGcWatermark: 12347779 java_gc_start_bytes: 31542109 kNewNativeDiscountFactor: 2 kOldNativeDiscountFactor: 65536 old_native_bytes: 144572033 new_native_bytes: 26823836 add_bytes_allowed: 37043337 is_gc_concurrent: 1 target_footprint_: 31673373 GetBytesAllocated: 27394384 HeapGrowthMultiplier: 3
12-14 18:36:07.908  3220  3811 I com.miui.home: CheckGCForNative gc_urgency 0.81513 current_native_bytes is 171395869
12-14 18:36:07.915  3220  3811 I com.miui.home: CheckGCForNative adj_start_bytes: 50063777 NativeAllocationGcWatermark: 12347779 java_gc_start_bytes: 31542109 kNewNativeDiscountFactor: 2 kOldNativeDiscountFactor: 65536 old_native_bytes: 144572033 new_native_bytes: 27208060 add_bytes_allowed: 37043337 is_gc_concurrent: 1 target_footprint_: 31673373 GetBytesAllocated: 27394384 HeapGrowthMultiplier: 3
12-14 18:36:07.915  3220  3811 I com.miui.home: CheckGCForNative gc_urgency 0.818968 current_native_bytes is 171780093
12-14 18:36:07.932  3220  3811 I com.miui.home: CheckGCForNative adj_start_bytes: 50063777 NativeAllocationGcWatermark: 12347779 java_gc_start_bytes: 31542109 kNewNativeDiscountFactor: 2 kOldNativeDiscountFactor: 65536 old_native_bytes: 144572033 new_native_bytes: 27669908 add_bytes_allowed: 37043337 is_gc_concurrent: 1 target_footprint_: 31673373 GetBytesAllocated: 27558224 HeapGrowthMultiplier: 3
12-14 18:36:07.932  3220  3811 I com.miui.home: CheckGCForNative gc_urgency 0.826853 current_native_bytes is 172241941
12-14 18:36:07.945  8298  8298 I wm_on_top_resumed_lost_called: [71584105,com.kmxs.reader.home.ui.HomeActivity,topStateChangedWhenResumed]
12-14 18:36:07.951  8298  8298 I wm_on_paused_called: [0,71584105,com.kmxs.reader.home.ui.HomeActivity,performPause,4]
12-14 18:36:07.978  3220  3811 I com.miui.home: CheckGCForNative adj_start_bytes: 50063777 NativeAllocationGcWatermark: 12347779 java_gc_start_bytes: 31542109 kNewNativeDiscountFactor: 2 kOldNativeDiscountFactor: 65536 old_native_bytes: 144572033 new_native_bytes: 27818484 add_bytes_allowed: 37043337 is_gc_concurrent: 1 target_footprint_: 31673373 GetBytesAllocated: 27886416 HeapGrowthMultiplier: 3
12-14 18:36:07.978  3220  3811 I com.miui.home: CheckGCForNative gc_urgency 0.834892 current_native_bytes is 172390517
12-14 18:36:07.982  8298  8298 I wm_on_stop_called: [0,71584105,com.kmxs.reader.home.ui.HomeActivity,STOP_ACTIVITY_ITEM,16]
12-14 18:36:08.686  8908  8908 I wm_on_create_called: [0,197294681,com.UCMobile.main.UCMobile,performCreate,149]
12-14 18:36:08.791  8908  8908 I wm_on_create_called: [0,127184310,com.uc.browser.InnerUCMobile,performCreate,27]
12-14 18:36:08.805  8908  8908 I wm_on_start_called: [0,127184310,com.uc.browser.InnerUCMobile,handleStartActivity,14]
12-14 18:36:08.817  8908  8908 I wm_on_resume_called: [0,127184310,com.uc.browser.InnerUCMobile,RESUME_ACTIVITY,11]
12-14 18:36:08.890  3220  3811 I com.miui.home: CheckGCForNative adj_start_bytes: 50063777 NativeAllocationGcWatermark: 12347779 java_gc_start_bytes: 31542109 kNewNativeDiscountFactor: 2 kOldNativeDiscountFactor: 65536 old_native_bytes: 144572033 new_native_bytes: 27893748 add_bytes_allowed: 37043337 is_gc_concurrent: 1 target_footprint_: 31673373 GetBytesAllocated: 28280496 HeapGrowthMultiplier: 3
12-14 18:36:08.890  3220  3811 I com.miui.home: CheckGCForNative gc_urgency 0.843516 current_native_bytes is 172465781
12-14 18:36:08.897  8908  8908 I wm_on_top_resumed_gained_called: [127184310,com.uc.browser.InnerUCMobile,topStateChangedWhenResumed]
12-14 18:36:08.933  3220  3811 I com.miui.home: CheckGCForNative adj_start_bytes: 50063777 NativeAllocationGcWatermark: 12347779 java_gc_start_bytes: 31542109 kNewNativeDiscountFactor: 2 kOldNativeDiscountFactor: 65536 old_native_bytes: 144572033 new_native_bytes: 28208308 add_bytes_allowed: 37043337 is_gc_concurrent: 1 target_footprint_: 31673373 GetBytesAllocated: 28641456 HeapGrowthMultiplier: 3
12-14 18:36:08.933  3220  3811 I com.miui.home: CheckGCForNative gc_urgency 0.853867 current_native_bytes is 172780341
12-14 18:36:09.401  3220  3220 I wm_on_stop_called: [0,241954343,com.miui.home.launcher.Launcher,STOP_ACTIVITY_ITEM,2]
12-14 18:36:09.712  3220  3220 I wm_on_restart_called: [0,241954343,com.miui.home.launcher.Launcher,performRestartActivity,0]
12-14 18:36:09.713  3220  3220 I wm_on_start_called: [0,241954343,com.miui.home.launcher.Launcher,handleStartActivity,0]
12-14 18:36:09.795  3220  3253 I com.miui.home: CheckGCForNative adj_start_bytes: 50063777 NativeAllocationGcWatermark: 12347779 java_gc_start_bytes: 31542109 kNewNativeDiscountFactor: 2 kOldNativeDiscountFactor: 65536 old_native_bytes: 144572033 new_native_bytes: 39132012 add_bytes_allowed: 37043337 is_gc_concurrent: 1 target_footprint_: 31673373 GetBytesAllocated: 29535120 HeapGrowthMultiplier: 3
12-14 18:36:09.797  3220  3253 I com.miui.home: CheckGCForNative gc_urgency 0.980816 current_native_bytes is 183704045
12-14 18:36:09.798  3220  3253 I com.miui.home: CheckGCForNative adj_start_bytes: 50063777 NativeAllocationGcWatermark: 12347779 java_gc_start_bytes: 31542109 kNewNativeDiscountFactor: 2 kOldNativeDiscountFactor: 65536 old_native_bytes: 144572033 new_native_bytes: 49837932 add_bytes_allowed: 37043337 is_gc_concurrent: 1 target_footprint_: 31673373 GetBytesAllocated: 29535312 HeapGrowthMultiplier: 3
12-14 18:36:09.799  3220  3253 I com.miui.home: CheckGCForNative gc_urgency 1.08774 current_native_bytes is 194409965
12-14 18:36:09.804  3220  3253 I com.miui.home: CheckGCForNative requested 1
12-14 18:36:09.912  3220 19643 I com.miui.home: CheckGCForNative adj_start_bytes: 50063777 NativeAllocationGcWatermark: 12347779 java_gc_start_bytes: 31542109 kNewNativeDiscountFactor: 2 kOldNativeDiscountFactor: 65536 old_native_bytes: 144572033 new_native_bytes: 49854460 add_bytes_allowed: 37043337 is_gc_concurrent: 1 target_footprint_: 31673373 GetBytesAllocated: 29600848 HeapGrowthMultiplier: 3
12-14 18:36:09.912  3220 19643 I com.miui.home: CheckGCForNative gc_urgency 1.08922 current_native_bytes is 194426493
12-14 18:36:09.912  3220 19643 I com.miui.home: CheckGCForNative requested 1
12-14 18:36:09.985  8908  8908 I wm_on_destroy_called: [0,197294681,com.UCMobile.main.UCMobile,performDestroy,4]
12-14 18:36:10.065  3220  3363 I com.miui.home: CheckGCForNative adj_start_bytes: 50063777 NativeAllocationGcWatermark: 12347779 java_gc_start_bytes: 31542109 kNewNativeDiscountFactor: 2 kOldNativeDiscountFactor: 65536 old_native_bytes: 144572033 new_native_bytes: 39160892 add_bytes_allowed: 37043337 is_gc_concurrent: 1 target_footprint_: 31673373 GetBytesAllocated: 29732208 HeapGrowthMultiplier: 3
12-14 18:36:10.065  3220  3363 I com.miui.home: CheckGCForNative gc_urgency 0.985041 current_native_bytes is 183732925
12-14 18:36:10.076  3220  3363 I com.miui.home: CheckGCForNative adj_start_bytes: 50063777 NativeAllocationGcWatermark: 12347779 java_gc_start_bytes: 31542109 kNewNativeDiscountFactor: 2 kOldNativeDiscountFactor: 65536 old_native_bytes: 144572033 new_native_bytes: 39162940 add_bytes_allowed: 37043337 is_gc_concurrent: 1 target_footprint_: 31673373 GetBytesAllocated: 29732208 HeapGrowthMultiplier: 3
12-14 18:36:10.076  3220  3363 I com.miui.home: CheckGCForNative gc_urgency 0.985061 current_native_bytes is 183734973
12-14 18:36:10.165  3220  3247 I com.miui.home: NativeAlloc concurrent copying GC freed 239098(12MB) AllocSpace objects, 28(1024KB) LOS objects, 50% free, 15MB/30MB, paused 231us,99us total 365.232ms
12-14 18:36:10.323  3220  3220 I wm_on_resume_called: [0,241954343,com.miui.home.launcher.Launcher,RESUME_ACTIVITY,5]
12-14 18:36:10.324  3220  3220 I wm_on_idle_called: com.miui.home.launcher.Launcher
12-14 18:36:10.525  3220  3811 I com.miui.home: CheckGCForNative gc_urgency 0 current_native_bytes is 147251449
12-14 18:36:10.554  3220  3811 I com.miui.home: CheckGCForNative adj_start_bytes: 50217431 NativeAllocationGcWatermark: 12374311 java_gc_start_bytes: 31655965 kNewNativeDiscountFactor: 2 kOldNativeDiscountFactor: 65536 old_native_bytes: 147251449 new_native_bytes: 386256 add_bytes_allowed: 37122933 is_gc_concurrent: 1 target_footprint_: 31885629 GetBytesAllocated: 17238880 HeapGrowthMultiplier: 3
12-14 18:36:10.554  3220  3811 I com.miui.home: CheckGCForNative gc_urgency 0.347175 current_native_bytes is 147637705
12-14 18:36:10.585  3220  3811 I com.miui.home: CheckGCForNative adj_start_bytes: 50217431 NativeAllocationGcWatermark: 12374311 java_gc_start_bytes: 31655965 kNewNativeDiscountFactor: 2 kOldNativeDiscountFactor: 65536 old_native_bytes: 147251449 new_native_bytes: 791256 add_bytes_allowed: 37122933 is_gc_concurrent: 1 target_footprint_: 31885629 GetBytesAllocated: 17435552 HeapGrowthMultiplier: 3
12-14 18:36:10.585  3220  3811 I com.miui.home: CheckGCForNative gc_urgency 0.355124 current_native_bytes is 148042705
12-14 18:36:10.586  3220  3811 I com.miui.home: CheckGCForNative adj_start_bytes: 50217431 NativeAllocationGcWatermark: 12374311 java_gc_start_bytes: 31655965 kNewNativeDiscountFactor: 2 kOldNativeDiscountFactor: 65536 old_native_bytes: 147251449 new_native_bytes: 11500696 add_bytes_allowed: 37122933 is_gc_concurrent: 1 target_footprint_: 31885629 GetBytesAllocated: 17435552 HeapGrowthMultiplier: 3
12-14 18:36:10.586  3220  3811 I com.miui.home: CheckGCForNative gc_urgency 0.461755 current_native_bytes is 158752145
12-14 18:36:10.652  3220  3334 I com.miui.home: CheckGCForNative adj_start_bytes: 50217431 NativeAllocationGcWatermark: 12374311 java_gc_start_bytes: 31655965 kNewNativeDiscountFactor: 2 kOldNativeDiscountFactor: 65536 old_native_bytes: 147251449 new_native_bytes: 1166028 add_bytes_allowed: 37122933 is_gc_concurrent: 1 target_footprint_: 31885629 GetBytesAllocated: 17911440 HeapGrowthMultiplier: 3
12-14 18:36:10.652  3220  3334 I com.miui.home: CheckGCForNative gc_urgency 0.368332 current_native_bytes is 148417477
12-14 18:36:10.715  3220  3220 I wm_on_paused_called: [0,241954343,com.miui.home.launcher.Launcher,performPause,1]
12-14 18:36:10.839  3220 17602 I com.miui.home: CheckGCForNative adj_start_bytes: 50217431 NativeAllocationGcWatermark: 12374311 java_gc_start_bytes: 31655965 kNewNativeDiscountFactor: 2 kOldNativeDiscountFactor: 65536 old_native_bytes: 147251449 new_native_bytes: 1239188 add_bytes_allowed: 37122933 is_gc_concurrent: 1 target_footprint_: 31885629 GetBytesAllocated: 18312944 HeapGrowthMultiplier: 3
12-14 18:36:10.839  3220 17602 I com.miui.home: CheckGCForNative gc_urgency 0.377056 current_native_bytes is 148490637
12-14 18:36:10.914  3220  3811 I com.miui.home: CheckGCForNative adj_start_bytes: 50217431 NativeAllocationGcWatermark: 12374311 java_gc_start_bytes: 31655965 kNewNativeDiscountFactor: 2 kOldNativeDiscountFactor: 65536 old_native_bytes: 147251449 new_native_bytes: 2230940 add_bytes_allowed: 37122933 is_gc_concurrent: 1 target_footprint_: 31885629 GetBytesAllocated: 18543040 HeapGrowthMultiplier: 3
12-14 18:36:10.915  3220  3811 I com.miui.home: CheckGCForNative gc_urgency 0.391513 current_native_bytes is 149482389
12-14 18:36:10.926  3220  3811 I com.miui.home: CheckGCForNative adj_start_bytes: 50217431 NativeAllocationGcWatermark: 12374311 java_gc_start_bytes: 31655965 kNewNativeDiscountFactor: 2 kOldNativeDiscountFactor: 65536 old_native_bytes: 147251449 new_native_bytes: 2343612 add_bytes_allowed: 37122933 is_gc_concurrent: 1 target_footprint_: 31885629 GetBytesAllocated: 18657728 HeapGrowthMultiplier: 3
12-14 18:36:10.926  3220  3811 I com.miui.home: CheckGCForNative gc_urgency 0.394918 current_native_bytes is 149595061
12-14 18:36:11.067  3220  3811 I com.miui.home: CheckGCForNative adj_start_bytes: 50217431 NativeAllocationGcWatermark: 12374311 java_gc_start_bytes: 31655965 kNewNativeDiscountFactor: 2 kOldNativeDiscountFactor: 65536 old_native_bytes: 147251449 new_native_bytes: 2367228 add_bytes_allowed: 37122933 is_gc_concurrent: 1 target_footprint_: 31885629 GetBytesAllocated: 19018720 HeapGrowthMultiplier: 3
12-14 18:36:11.067  3220  3811 I com.miui.home: CheckGCForNative gc_urgency 0.402342 current_native_bytes is 149618677
12-14 18:36:12.171  9343  9343 I wm_on_application_create_called: [0,com.dragon.read,833]
12-14 18:36:12.515  3220  8631 I com.miui.home: CheckGCForNative adj_start_bytes: 50217431 NativeAllocationGcWatermark: 12374311 java_gc_start_bytes: 31655965 kNewNativeDiscountFactor: 2 kOldNativeDiscountFactor: 65536 old_native_bytes: 147251449 new_native_bytes: 13310032 add_bytes_allowed: 37122933 is_gc_concurrent: 1 target_footprint_: 31885629 GetBytesAllocated: 19805792 HeapGrowthMultiplier: 3
12-14 18:36:12.515  3220  8631 I com.miui.home: CheckGCForNative gc_urgency 0.526969 current_native_bytes is 160561481
12-14 18:36:12.515  3220  8631 I com.miui.home: CheckGCForNative adj_start_bytes: 50217431 NativeAllocationGcWatermark: 12374311 java_gc_start_bytes: 31655965 kNewNativeDiscountFactor: 2 kOldNativeDiscountFactor: 65536 old_native_bytes: 147251449 new_native_bytes: 24016592 add_bytes_allowed: 37122933 is_gc_concurrent: 1 target_footprint_: 31885629 GetBytesAllocated: 19805984 HeapGrowthMultiplier: 3
12-14 18:36:12.515  3220  8631 I com.miui.home: CheckGCForNative gc_urgency 0.633575 current_native_bytes is 171268041
12-14 18:36:12.527  3220  8631 I com.miui.home: CheckGCForNative adj_start_bytes: 50217431 NativeAllocationGcWatermark: 12374311 java_gc_start_bytes: 31655965 kNewNativeDiscountFactor: 2 kOldNativeDiscountFactor: 65536 old_native_bytes: 147251449 new_native_bytes: 24019088 add_bytes_allowed: 37122933 is_gc_concurrent: 1 target_footprint_: 31885629 GetBytesAllocated: 19838752 HeapGrowthMultiplier: 3
12-14 18:36:12.527  3220  8631 I com.miui.home: CheckGCForNative gc_urgency 0.634253 current_native_bytes is 171270537
12-14 18:36:12.605  3220  3363 I com.miui.home: CheckGCForNative adj_start_bytes: 50217431 NativeAllocationGcWatermark: 12374311 java_gc_start_bytes: 31655965 kNewNativeDiscountFactor: 2 kOldNativeDiscountFactor: 65536 old_native_bytes: 147251449 new_native_bytes: 13317520 add_bytes_allowed: 37122933 is_gc_concurrent: 1 target_footprint_: 31885629 GetBytesAllocated: 19871712 HeapGrowthMultiplier: 3
12-14 18:36:12.605  3220  3363 I com.miui.home: CheckGCForNative gc_urgency 0.528357 current_native_bytes is 160568969
12-14 18:36:12.624  9343  9343 I wm_on_create_called: [0,37334109,com.dragon.read.pages.splash.SplashActivity,performCreate,318]
