12-14 16:24:45.195  3220  3363 I com.miui.home: CheckGCForNative adj_start_bytes: 49113627 NativeAllocationGcWatermark: 12247763 java_gc_start_bytes: 30741983 kNewNativeDiscountFactor: 2 kOldNativeDiscountFactor: 65536 old_native_bytes: 141619213 new_native_bytes: 25760520 add_bytes_allowed: 36743289 is_gc_concurrent: 1 target_footprint_: 30873247 GetBytesAllocated: 23515664 HeapGrowthMultiplier: 3
12-14 16:24:45.195  3220  3363 I com.miui.home: CheckGCForNative gc_urgency 0.741099 current_native_bytes is 167379733
12-14 16:24:45.370 29401 29401 I wm_on_top_resumed_lost_called: [30253724,com.taobao.tao.welcome.Welcome,topStateChangedWhenResumed]
12-14 16:24:45.383  3220  3220 I wm_on_resume_called: [0,241954343,com.miui.home.launcher.Launcher,RESUME_ACTIVITY,3]
12-14 16:24:45.384  3220  3220 I wm_on_idle_called: com.miui.home.launcher.Launcher
12-14 16:24:45.397  3220  3220 I wm_on_top_resumed_gained_called: [241954343,com.miui.home.launcher.Launcher,topStateChangedWhenResumed]
12-14 16:24:45.440 29401 29401 I wm_on_paused_called: [0,30253724,com.taobao.tao.welcome.Welcome,performPause,36]
12-14 16:24:45.556  3220  3811 I com.miui.home: CheckGCForNative adj_start_bytes: 49113627 NativeAllocationGcWatermark: 12247763 java_gc_start_bytes: 30741983 kNewNativeDiscountFactor: 2 kOldNativeDiscountFactor: 65536 old_native_bytes: 141619213 new_native_bytes: 25914008 add_bytes_allowed: 36743289 is_gc_concurrent: 1 target_footprint_: 30873247 GetBytesAllocated: 24598352 HeapGrowthMultiplier: 3
12-14 16:24:45.556  3220  3811 I com.miui.home: CheckGCForNative gc_urgency 0.764707 current_native_bytes is 167533221
12-14 16:24:45.563  3220  3811 I com.miui.home: CheckGCForNative adj_start_bytes: 49113627 NativeAllocationGcWatermark: 12247763 java_gc_start_bytes: 30741983 kNewNativeDiscountFactor: 2 kOldNativeDiscountFactor: 65536 old_native_bytes: 141619213 new_native_bytes: 36644120 add_bytes_allowed: 36743289 is_gc_concurrent: 1 target_footprint_: 30873247 GetBytesAllocated: 24663888 HeapGrowthMultiplier: 3
12-14 16:24:45.563  3220  3811 I com.miui.home: CheckGCForNative gc_urgency 0.875279 current_native_bytes is 178263333
12-14 16:24:45.598  3220  3811 I com.miui.home: CheckGCForNative adj_start_bytes: 49113627 NativeAllocationGcWatermark: 12247763 java_gc_start_bytes: 30741983 kNewNativeDiscountFactor: 2 kOldNativeDiscountFactor: 65536 old_native_bytes: 141619213 new_native_bytes: 26121816 add_bytes_allowed: 36743289 is_gc_concurrent: 1 target_footprint_: 30873247 GetBytesAllocated: 25041760 HeapGrowthMultiplier: 3
12-14 16:24:45.598  3220  3811 I com.miui.home: CheckGCForNative gc_urgency 0.77585 current_native_bytes is 167741029
12-14 16:24:45.604 29401 29401 I wm_on_stop_called: [0,30253724,com.taobao.tao.welcome.Welcome,STOP_ACTIVITY_ITEM,72]
12-14 16:24:45.959  3220  3220 I wm_on_top_resumed_lost_called: [241954343,com.miui.home.launcher.Launcher,topStateChangedWhenResumed]
12-14 16:24:45.967  3220  3220 I wm_on_paused_called: [0,241954343,com.miui.home.launcher.Launcher,performPause,1]
12-14 16:24:46.071  3220  3811 I com.miui.home: CheckGCForNative adj_start_bytes: 49113627 NativeAllocationGcWatermark: 12247763 java_gc_start_bytes: 30741983 kNewNativeDiscountFactor: 2 kOldNativeDiscountFactor: 65536 old_native_bytes: 141619213 new_native_bytes: 27405436 add_bytes_allowed: 36743289 is_gc_concurrent: 1 target_footprint_: 30873247 GetBytesAllocated: 25746960 HeapGrowthMultiplier: 3
12-14 16:24:46.071  3220  3811 I com.miui.home: CheckGCForNative gc_urgency 0.803277 current_native_bytes is 169024649
12-14 16:24:46.090  3220  3811 I com.miui.home: CheckGCForNative adj_start_bytes: 49113627 NativeAllocationGcWatermark: 12247763 java_gc_start_bytes: 30741983 kNewNativeDiscountFactor: 2 kOldNativeDiscountFactor: 65536 old_native_bytes: 141619213 new_native_bytes: 27825308 add_bytes_allowed: 36743289 is_gc_concurrent: 1 target_footprint_: 30873247 GetBytesAllocated: 25869872 HeapGrowthMultiplier: 3
12-14 16:24:46.090  3220  3811 I com.miui.home: CheckGCForNative gc_urgency 0.810054 current_native_bytes is 169444521
12-14 16:24:46.106  3220  3811 I com.miui.home: CheckGCForNative adj_start_bytes: 49113627 NativeAllocationGcWatermark: 12247763 java_gc_start_bytes: 30741983 kNewNativeDiscountFactor: 2 kOldNativeDiscountFactor: 65536 old_native_bytes: 141619213 new_native_bytes: 27818428 add_bytes_allowed: 36743289 is_gc_concurrent: 1 target_footprint_: 30873247 GetBytesAllocated: 25919088 HeapGrowthMultiplier: 3
12-14 16:24:46.106  3220  3811 I com.miui.home: CheckGCForNative gc_urgency 0.810986 current_native_bytes is 169437641
12-14 16:24:46.141  3220  3811 I com.miui.home: CheckGCForNative adj_start_bytes: 49113627 NativeAllocationGcWatermark: 12247763 java_gc_start_bytes: 30741983 kNewNativeDiscountFactor: 2 kOldNativeDiscountFactor: 65536 old_native_bytes: 141619213 new_native_bytes: 27880612 add_bytes_allowed: 36743289 is_gc_concurrent: 1 target_footprint_: 30873247 GetBytesAllocated: 26247280 HeapGrowthMultiplier: 3
12-14 16:24:46.141  3220  3811 I com.miui.home: CheckGCForNative gc_urgency 0.818301 current_native_bytes is 169499825
12-14 16:24:46.351 13852 13852 I wm_on_create_called: [0,208884183,com.tencent.mm.ui.LauncherUI,performCreate,232]
12-14 16:24:46.373 13852 13852 I wm_on_start_called: [0,208884183,com.tencent.mm.ui.LauncherUI,handleStartActivity,14]
12-14 16:24:46.422 13852 13852 I wm_on_resume_called: [0,208884183,com.tencent.mm.ui.LauncherUI,RESUME_ACTIVITY,48]
12-14 16:24:46.439 13852 13852 I wm_on_top_resumed_gained_called: [208884183,com.tencent.mm.ui.LauncherUI,topStateChangedWhenResumed]
12-14 16:24:46.439 13852 13852 I wm_on_top_resumed_lost_called: [208884183,com.tencent.mm.ui.LauncherUI,topStateChangedWhenResumed]
12-14 16:24:46.454 13852 13852 I wm_on_paused_called: [0,208884183,com.tencent.mm.ui.LauncherUI,performPause,5]
12-14 16:24:46.485  3220  3220 I wm_on_stop_called: [0,241954343,com.miui.home.launcher.Launcher,STOP_ACTIVITY_ITEM,5]
12-14 16:24:46.598 13852 13852 I wm_on_create_called: [0,234941433,com.tencent.mm.plugin.account.ui.WelcomeActivity,performCreate,47]
12-14 16:24:46.602 13852 13852 I wm_on_start_called: [0,234941433,com.tencent.mm.plugin.account.ui.WelcomeActivity,handleStartActivity,3]
12-14 16:24:46.609 13852 13852 I wm_on_resume_called: [0,234941433,com.tencent.mm.plugin.account.ui.WelcomeActivity,RESUME_ACTIVITY,6]
12-14 16:24:46.618 13852 13852 I wm_on_top_resumed_gained_called: [234941433,com.tencent.mm.plugin.account.ui.WelcomeActivity,topStateChangedWhenResumed]
12-14 16:24:46.618  3220  3811 I com.miui.home: CheckGCForNative adj_start_bytes: 49113627 NativeAllocationGcWatermark: 12247763 java_gc_start_bytes: 30741983 kNewNativeDiscountFactor: 2 kOldNativeDiscountFactor: 65536 old_native_bytes: 141619213 new_native_bytes: 28101292 add_bytes_allowed: 36743289 is_gc_concurrent: 1 target_footprint_: 30873247 GetBytesAllocated: 26747696 HeapGrowthMultiplier: 3
12-14 16:24:46.618  3220  3811 I com.miui.home: CheckGCForNative gc_urgency 0.830737 current_native_bytes is 169720505
12-14 16:24:46.686  3220  3811 I com.miui.home: CheckGCForNative adj_start_bytes: 49113627 NativeAllocationGcWatermark: 12247763 java_gc_start_bytes: 30741983 kNewNativeDiscountFactor: 2 kOldNativeDiscountFactor: 65536 old_native_bytes: 141619213 new_native_bytes: 28120748 add_bytes_allowed: 36743289 is_gc_concurrent: 1 target_footprint_: 30873247 GetBytesAllocated: 27059440 HeapGrowthMultiplier: 3
12-14 16:24:46.686  3220  3811 I com.miui.home: CheckGCForNative gc_urgency 0.837282 current_native_bytes is 169739961
12-14 16:24:46.785 13852 13852 I wm_on_stop_called: [0,208884183,com.tencent.mm.ui.LauncherUI,STOP_ACTIVITY_ITEM,5]
12-14 16:24:48.726  3220  3220 I wm_on_restart_called: [0,241954343,com.miui.home.launcher.Launcher,performRestartActivity,0]
12-14 16:24:48.727  3220  3220 I wm_on_start_called: [0,241954343,com.miui.home.launcher.Launcher,handleStartActivity,1]
12-14 16:24:48.768  3220  3426 I com.miui.home: CheckGCForNative adj_start_bytes: 49113627 NativeAllocationGcWatermark: 12247763 java_gc_start_bytes: 30741983 kNewNativeDiscountFactor: 2 kOldNativeDiscountFactor: 65536 old_native_bytes: 141619213 new_native_bytes: 38965940 add_bytes_allowed: 36743289 is_gc_concurrent: 1 target_footprint_: 30873247 GetBytesAllocated: 27747984 HeapGrowthMultiplier: 3
12-14 16:24:48.768  3220  3426 I com.miui.home: CheckGCForNative gc_urgency 0.961711 current_native_bytes is 180585153
12-14 16:24:48.768  3220  3426 I com.miui.home: CheckGCForNative adj_start_bytes: 49113627 NativeAllocationGcWatermark: 12247763 java_gc_start_bytes: 30741983 kNewNativeDiscountFactor: 2 kOldNativeDiscountFactor: 65536 old_native_bytes: 141619213 new_native_bytes: 49672500 add_bytes_allowed: 36743289 is_gc_concurrent: 1 target_footprint_: 30873247 GetBytesAllocated: 27748176 HeapGrowthMultiplier: 3
12-14 16:24:48.768  3220  3426 I com.miui.home: CheckGCForNative gc_urgency 1.07071 current_native_bytes is 191291713
12-14 16:24:48.769  3220  3426 I com.miui.home: CheckGCForNative requested 1
12-14 16:24:48.774  3220  3591 I com.miui.home: CheckGCForNative adj_start_bytes: 49113627 NativeAllocationGcWatermark: 12247763 java_gc_start_bytes: 30741983 kNewNativeDiscountFactor: 2 kOldNativeDiscountFactor: 65536 old_native_bytes: 141619213 new_native_bytes: 49672948 add_bytes_allowed: 36743289 is_gc_concurrent: 1 target_footprint_: 30873247 GetBytesAllocated: 27764560 HeapGrowthMultiplier: 3
12-14 16:24:48.774  3220  3591 I com.miui.home: CheckGCForNative gc_urgency 1.07105 current_native_bytes is 191292161
12-14 16:24:48.774  3220  3591 I com.miui.home: CheckGCForNative requested 1
12-14 16:24:48.804  3220  3363 I com.miui.home: CheckGCForNative adj_start_bytes: 49113627 NativeAllocationGcWatermark: 12247763 java_gc_start_bytes: 30741983 kNewNativeDiscountFactor: 2 kOldNativeDiscountFactor: 65536 old_native_bytes: 141619213 new_native_bytes: 38971124 add_bytes_allowed: 36743289 is_gc_concurrent: 1 target_footprint_: 30873247 GetBytesAllocated: 27813904 HeapGrowthMultiplier: 3
12-14 16:24:48.804  3220  3363 I com.miui.home: CheckGCForNative gc_urgency 0.963106 current_native_bytes is 180590337
12-14 16:24:48.937  3220  3363 I com.miui.home: CheckGCForNative gc_urgency 0 current_native_bytes is 144594049
12-14 16:24:49.293  3220  3363 I com.miui.home: CheckGCForNative adj_start_bytes: 49676261 NativeAllocationGcWatermark: 12310437 java_gc_start_bytes: 31210606 kNewNativeDiscountFactor: 2 kOldNativeDiscountFactor: 65536 old_native_bytes: 144594049 new_native_bytes: 28672 add_bytes_allowed: 36931311 is_gc_concurrent: 1 target_footprint_: 31374638 GetBytesAllocated: 15900312 HeapGrowthMultiplier: 3
12-14 16:24:49.293  3220  3363 I com.miui.home: CheckGCForNative gc_urgency 0.320412 current_native_bytes is 144622721
12-14 16:24:49.309 13852 13852 I wm_on_top_resumed_lost_called: [234941433,com.tencent.mm.plugin.account.ui.WelcomeActivity,topStateChangedWhenResumed]
12-14 16:24:49.313  3220  3220 I wm_on_resume_called: [0,241954343,com.miui.home.launcher.Launcher,RESUME_ACTIVITY,8]
12-14 16:24:49.315  3220  3220 I wm_on_idle_called: com.miui.home.launcher.Launcher
12-14 16:24:49.323  3220  3220 I wm_on_top_resumed_gained_called: [241954343,com.miui.home.launcher.Launcher,topStateChangedWhenResumed]
12-14 16:24:49.337 13852 13852 I wm_on_paused_called: [0,234941433,com.tencent.mm.plugin.account.ui.WelcomeActivity,performPause,11]
12-14 16:24:49.357 13852 13852 I wm_on_stop_called: [0,234941433,com.tencent.mm.plugin.account.ui.WelcomeActivity,STOP_ACTIVITY_ITEM,9]
12-14 16:24:49.375 13852 13852 I wm_on_idle_called: com.tencent.mm.plugin.account.ui.WelcomeActivity
12-14 16:24:49.375 13852 13852 I wm_on_idle_called: com.tencent.mm.ui.LauncherUI
12-14 16:24:49.452  3220  3811 I com.miui.home: CheckGCForNative adj_start_bytes: 49676261 NativeAllocationGcWatermark: 12310437 java_gc_start_bytes: 31210606 kNewNativeDiscountFactor: 2 kOldNativeDiscountFactor: 65536 old_native_bytes: 144594049 new_native_bytes: 10795752 add_bytes_allowed: 36931311 is_gc_concurrent: 1 target_footprint_: 31374638 GetBytesAllocated: 17097832 HeapGrowthMultiplier: 3
12-14 16:24:49.452  3220  3811 I com.miui.home: CheckGCForNative gc_urgency 0.452891 current_native_bytes is 155389801
12-14 16:24:49.460  3220  3811 I com.miui.home: CheckGCForNative adj_start_bytes: 49676261 NativeAllocationGcWatermark: 12310437 java_gc_start_bytes: 31210606 kNewNativeDiscountFactor: 2 kOldNativeDiscountFactor: 65536 old_native_bytes: 144594049 new_native_bytes: 192072 add_bytes_allowed: 36931311 is_gc_concurrent: 1 target_footprint_: 31374638 GetBytesAllocated: 17245976 HeapGrowthMultiplier: 3
12-14 16:24:49.460  3220  3811 I com.miui.home: CheckGCForNative gc_urgency 0.349145 current_native_bytes is 144786121
12-14 16:24:49.820  3220  3220 I wm_on_top_resumed_lost_called: [241954343,com.miui.home.launcher.Launcher,topStateChangedWhenResumed]
12-14 16:24:49.823  3220  3220 I wm_on_paused_called: [0,241954343,com.miui.home.launcher.Launcher,performPause,1]
12-14 16:24:49.891  3220  3811 I com.miui.home: CheckGCForNative adj_start_bytes: 49676261 NativeAllocationGcWatermark: 12310437 java_gc_start_bytes: 31210606 kNewNativeDiscountFactor: 2 kOldNativeDiscountFactor: 65536 old_native_bytes: 144594049 new_native_bytes: 989460 add_bytes_allowed: 36931311 is_gc_concurrent: 1 target_footprint_: 31374638 GetBytesAllocated: 17934744 HeapGrowthMultiplier: 3
12-14 16:24:49.891  3220  3811 I com.miui.home: CheckGCForNative gc_urgency 0.371036 current_native_bytes is 145583509
12-14 16:24:49.897  3220  3811 I com.miui.home: CheckGCForNative adj_start_bytes: 49676261 NativeAllocationGcWatermark: 12310437 java_gc_start_bytes: 31210606 kNewNativeDiscountFactor: 2 kOldNativeDiscountFactor: 65536 old_native_bytes: 144594049 new_native_bytes: 1199148 add_bytes_allowed: 36931311 is_gc_concurrent: 1 target_footprint_: 31374638 GetBytesAllocated: 17983896 HeapGrowthMultiplier: 3
12-14 16:24:49.897  3220  3811 I com.miui.home: CheckGCForNative gc_urgency 0.374136 current_native_bytes is 145793197
12-14 16:24:49.970  3220  3811 I com.miui.home: CheckGCForNative adj_start_bytes: 49676261 NativeAllocationGcWatermark: 12310437 java_gc_start_bytes: 31210606 kNewNativeDiscountFactor: 2 kOldNativeDiscountFactor: 65536 old_native_bytes: 144594049 new_native_bytes: 1555460 add_bytes_allowed: 36931311 is_gc_concurrent: 1 target_footprint_: 31374638 GetBytesAllocated: 18533336 HeapGrowthMultiplier: 3
12-14 16:24:49.970  3220  3811 I com.miui.home: CheckGCForNative gc_urgency 0.388783 current_native_bytes is 146149509
12-14 16:24:50.030  3220  3811 I com.miui.home: CheckGCForNative adj_start_bytes: 49676261 NativeAllocationGcWatermark: 12310437 java_gc_start_bytes: 31210606 kNewNativeDiscountFactor: 2 kOldNativeDiscountFactor: 65536 old_native_bytes: 144594049 new_native_bytes: 1653252 add_bytes_allowed: 36931311 is_gc_concurrent: 1 target_footprint_: 31374638 GetBytesAllocated: 18910664 HeapGrowthMultiplier: 3
12-14 16:24:50.030  3220  3811 I com.miui.home: CheckGCForNative gc_urgency 0.397363 current_native_bytes is 146247301
12-14 16:24:50.095  3220  3363 I com.miui.home: CheckGCForNative adj_start_bytes: 49676261 NativeAllocationGcWatermark: 12310437 java_gc_start_bytes: 31210606 kNewNativeDiscountFactor: 2 kOldNativeDiscountFactor: 65536 old_native_bytes: 144594049 new_native_bytes: 1743364 add_bytes_allowed: 36931311 is_gc_concurrent: 1 target_footprint_: 31374638 GetBytesAllocated: 19025352 HeapGrowthMultiplier: 3
12-14 16:24:50.095  3220  3363 I com.miui.home: CheckGCForNative gc_urgency 0.400578 current_native_bytes is 146337413
12-14 16:24:50.650 29951 29951 I wm_on_application_create_called: [0,com.kmxs.reader,514]
12-14 16:24:50.875 29951 29951 I wm_on_create_called: [0,143832647,com.km.app.home.view.LoadingActivity,performCreate,107]
12-14 16:24:50.879 29951 29951 I wm_on_start_called: [0,143832647,com.km.app.home.view.LoadingActivity,handleStartActivity,4]
12-14 16:24:50.911 29951 29951 I wm_on_resume_called: [0,143832647,com.km.app.home.view.LoadingActivity,RESUME_ACTIVITY,14]
12-14 16:24:50.962 29951 29951 I wm_on_top_resumed_gained_called: [143832647,com.km.app.home.view.LoadingActivity,topStateChangedWhenResumed]
12-14 16:24:51.412  3220  3220 I wm_on_stop_called: [0,241954343,com.miui.home.launcher.Launcher,STOP_ACTIVITY_ITEM,2]
12-14 16:24:51.787 29951 29951 I wm_on_top_resumed_lost_called: [143832647,com.km.app.home.view.LoadingActivity,topStateChangedWhenResumed]
12-14 16:24:51.789 29951 29951 I wm_on_paused_called: [0,143832647,com.km.app.home.view.LoadingActivity,performPause,2]
12-14 16:24:51.945  3220  3811 I com.miui.home: CheckGCForNative adj_start_bytes: 49676261 NativeAllocationGcWatermark: 12310437 java_gc_start_bytes: 31210606 kNewNativeDiscountFactor: 2 kOldNativeDiscountFactor: 65536 old_native_bytes: 144594049 new_native_bytes: 1714740 add_bytes_allowed: 36931311 is_gc_concurrent: 1 target_footprint_: 31374638 GetBytesAllocated: 19558952 HeapGrowthMultiplier: 3
12-14 16:24:51.945  3220  3811 I com.miui.home: CheckGCForNative gc_urgency 0.411032 current_native_bytes is 146308789
12-14 16:24:52.025  3220  3811 I com.miui.home: CheckGCForNative adj_start_bytes: 49676261 NativeAllocationGcWatermark: 12310437 java_gc_start_bytes: 31210606 kNewNativeDiscountFactor: 2 kOldNativeDiscountFactor: 65536 old_native_bytes: 144594049 new_native_bytes: 1923668 add_bytes_allowed: 36931311 is_gc_concurrent: 1 target_footprint_: 31374638 GetBytesAllocated: 19903816 HeapGrowthMultiplier: 3
12-14 16:24:52.025  3220  3811 I com.miui.home: CheckGCForNative gc_urgency 0.420077 current_native_bytes is 146517717
12-14 16:24:52.053 29951 29951 I wm_on_create_called: [0,129428275,com.kmxs.reader.home.ui.HomeActivity,performCreate,233]
12-14 16:24:52.058 29951 29951 I wm_on_start_called: [0,129428275,com.kmxs.reader.home.ui.HomeActivity,handleStartActivity,3]
12-14 16:24:52.105 29951 29951 I wm_on_resume_called: [0,129428275,com.kmxs.reader.home.ui.HomeActivity,RESUME_ACTIVITY,43]
12-14 16:24:52.162 29951 29951 I wm_on_top_resumed_gained_called: [129428275,com.kmxs.reader.home.ui.HomeActivity,topStateChangedWhenResumed]
12-14 16:24:52.308 29951 29951 I wm_on_stop_called: [0,143832647,com.km.app.home.view.LoadingActivity,LIFECYCLER_STOP_ACTIVITY,3]
12-14 16:24:52.310 29951 29951 I wm_on_destroy_called: [0,143832647,com.km.app.home.view.LoadingActivity,performDestroy,1]
12-14 16:24:52.393 29951 29951 I wm_on_idle_called: com.kmxs.reader.home.ui.HomeActivity
12-14 16:24:53.766  3220  3220 I wm_on_restart_called: [0,241954343,com.miui.home.launcher.Launcher,performRestartActivity,0]
12-14 16:24:53.768  3220  3220 I wm_on_start_called: [0,241954343,com.miui.home.launcher.Launcher,handleStartActivity,1]
12-14 16:24:53.795  3220  3591 I com.miui.home: CheckGCForNative adj_start_bytes: 49676261 NativeAllocationGcWatermark: 12310437 java_gc_start_bytes: 31210606 kNewNativeDiscountFactor: 2 kOldNativeDiscountFactor: 65536 old_native_bytes: 144594049 new_native_bytes: 12685540 add_bytes_allowed: 36931311 is_gc_concurrent: 1 target_footprint_: 31374638 GetBytesAllocated: 20527336 HeapGrowthMultiplier: 3
12-14 16:24:53.795  3220  3591 I com.miui.home: CheckGCForNative gc_urgency 0.540949 current_native_bytes is 157279589
12-14 16:24:53.795  3220  3591 I com.miui.home: CheckGCForNative adj_start_bytes: 49676261 NativeAllocationGcWatermark: 12310437 java_gc_start_bytes: 31210606 kNewNativeDiscountFactor: 2 kOldNativeDiscountFactor: 65536 old_native_bytes: 144594049 new_native_bytes: 23391460 add_bytes_allowed: 36931311 is_gc_concurrent: 1 target_footprint_: 31374638 GetBytesAllocated: 20543912 HeapGrowthMultiplier: 3
12-14 16:24:53.796  3220  3591 I com.miui.home: CheckGCForNative gc_urgency 0.649039 current_native_bytes is 167985509
12-14 16:24:53.801  3220  3591 I com.miui.home: CheckGCForNative adj_start_bytes: 49676261 NativeAllocationGcWatermark: 12310437 java_gc_start_bytes: 31210606 kNewNativeDiscountFactor: 2 kOldNativeDiscountFactor: 65536 old_native_bytes: 144594049 new_native_bytes: 23393060 add_bytes_allowed: 36931311 is_gc_concurrent: 1 target_footprint_: 31374638 GetBytesAllocated: 20543912 HeapGrowthMultiplier: 3
12-14 16:24:53.801  3220  3591 I com.miui.home: CheckGCForNative gc_urgency 0.649055 current_native_bytes is 167987109
12-14 16:24:54.004  3220  3363 I com.miui.home: CheckGCForNative adj_start_bytes: 49676261 NativeAllocationGcWatermark: 12310437 java_gc_start_bytes: 31210606 kNewNativeDiscountFactor: 2 kOldNativeDiscountFactor: 65536 old_native_bytes: 144594049 new_native_bytes: 12755564 add_bytes_allowed: 36931311 is_gc_concurrent: 1 target_footprint_: 31374638 GetBytesAllocated: 20822728 HeapGrowthMultiplier: 3
12-14 16:24:54.004  3220  3363 I com.miui.home: CheckGCForNative gc_urgency 0.5476 current_native_bytes is 157349613
12-14 16:24:54.325 29951 29951 I wm_on_top_resumed_lost_called: [129428275,com.kmxs.reader.home.ui.HomeActivity,topStateChangedWhenResumed]
12-14 16:24:54.340  3220  3220 I wm_on_resume_called: [0,241954343,com.miui.home.launcher.Launcher,RESUME_ACTIVITY,4]
12-14 16:24:54.341  3220  3220 I wm_on_idle_called: com.miui.home.launcher.Launcher
12-14 16:24:54.351  3220  3220 I wm_on_top_resumed_gained_called: [241954343,com.miui.home.launcher.Launcher,topStateChangedWhenResumed]
12-14 16:24:54.354 29951 29951 I wm_on_paused_called: [0,129428275,com.kmxs.reader.home.ui.HomeActivity,performPause,3]
12-14 16:24:54.449 29951 29951 I wm_on_stop_called: [0,129428275,com.kmxs.reader.home.ui.HomeActivity,STOP_ACTIVITY_ITEM,18]
12-14 16:24:54.471  3220  3811 I com.miui.home: CheckGCForNative adj_start_bytes: 49676261 NativeAllocationGcWatermark: 12310437 java_gc_start_bytes: 31210606 kNewNativeDiscountFactor: 2 kOldNativeDiscountFactor: 65536 old_native_bytes: 144594049 new_native_bytes: 12866844 add_bytes_allowed: 36931311 is_gc_concurrent: 1 target_footprint_: 31374638 GetBytesAllocated: 21954520 HeapGrowthMultiplier: 3
12-14 16:24:54.472  3220  3811 I com.miui.home: CheckGCForNative gc_urgency 0.571503 current_native_bytes is 157460893
12-14 16:24:54.489  3220  3811 I com.miui.home: CheckGCForNative adj_start_bytes: 49676261 NativeAllocationGcWatermark: 12310437 java_gc_start_bytes: 31210606 kNewNativeDiscountFactor: 2 kOldNativeDiscountFactor: 65536 old_native_bytes: 144594049 new_native_bytes: 23608924 add_bytes_allowed: 36931311 is_gc_concurrent: 1 target_footprint_: 31374638 GetBytesAllocated: 22118360 HeapGrowthMultiplier: 3
12-14 16:24:54.489  3220  3811 I com.miui.home: CheckGCForNative gc_urgency 0.682922 current_native_bytes is 168202973
12-14 16:24:54.501  3220  3811 I com.miui.home: CheckGCForNative adj_start_bytes: 49676261 NativeAllocationGcWatermark: 12310437 java_gc_start_bytes: 31210606 kNewNativeDiscountFactor: 2 kOldNativeDiscountFactor: 65536 old_native_bytes: 144594049 new_native_bytes: 12893636 add_bytes_allowed: 36931311 is_gc_concurrent: 1 target_footprint_: 31374638 GetBytesAllocated: 22299256 HeapGrowthMultiplier: 3
12-14 16:24:54.501  3220  3811 I com.miui.home: CheckGCForNative gc_urgency 0.578713 current_native_bytes is 157487685
12-14 16:24:54.999  3220  3220 I wm_on_top_resumed_lost_called: [241954343,com.miui.home.launcher.Launcher,topStateChangedWhenResumed]
12-14 16:24:55.006  3220  3220 I wm_on_paused_called: [0,241954343,com.miui.home.launcher.Launcher,performPause,2]
12-14 16:24:55.114  3220  3591 I com.miui.home: CheckGCForNative adj_start_bytes: 49676261 NativeAllocationGcWatermark: 12310437 java_gc_start_bytes: 31210606 kNewNativeDiscountFactor: 2 kOldNativeDiscountFactor: 65536 old_native_bytes: 144594049 new_native_bytes: 13147504 add_bytes_allowed: 36931311 is_gc_concurrent: 1 target_footprint_: 31374638 GetBytesAllocated: 22930200 HeapGrowthMultiplier: 3
12-14 16:24:55.114  3220  3591 I com.miui.home: CheckGCForNative gc_urgency 0.593969 current_native_bytes is 157741553
12-14 16:24:55.158  3220  3811 I com.miui.home: CheckGCForNative adj_start_bytes: 49676261 NativeAllocationGcWatermark: 12310437 java_gc_start_bytes: 31210606 kNewNativeDiscountFactor: 2 kOldNativeDiscountFactor: 65536 old_native_bytes: 144594049 new_native_bytes: 13564952 add_bytes_allowed: 36931311 is_gc_concurrent: 1 target_footprint_: 31374638 GetBytesAllocated: 23176648 HeapGrowthMultiplier: 3
12-14 16:24:55.158  3220  3811 I com.miui.home: CheckGCForNative gc_urgency 0.603132 current_native_bytes is 158159001
12-14 16:24:55.174  3220  3363 I com.miui.home: CheckGCForNative adj_start_bytes: 49676261 NativeAllocationGcWatermark: 12310437 java_gc_start_bytes: 31210606 kNewNativeDiscountFactor: 2 kOldNativeDiscountFactor: 65536 old_native_bytes: 144594049 new_native_bytes: 14504024 add_bytes_allowed: 36931311 is_gc_concurrent: 1 target_footprint_: 31374638 GetBytesAllocated: 23193032 HeapGrowthMultiplier: 3
12-14 16:24:55.174  3220  3363 I com.miui.home: CheckGCForNative gc_urgency 0.612913 current_native_bytes is 159098073
12-14 16:24:55.196  3220  3811 I com.miui.home: CheckGCForNative adj_start_bytes: 49676261 NativeAllocationGcWatermark: 12310437 java_gc_start_bytes: 31210606 kNewNativeDiscountFactor: 2 kOldNativeDiscountFactor: 65536 old_native_bytes: 144594049 new_native_bytes: 13943544 add_bytes_allowed: 36931311 is_gc_concurrent: 1 target_footprint_: 31374638 GetBytesAllocated: 23193032 HeapGrowthMultiplier: 3
12-14 16:24:55.196  3220  3811 I com.miui.home: CheckGCForNative gc_urgency 0.607272 current_native_bytes is 158537593
12-14 16:24:55.241  3220  3363 I com.miui.home: CheckGCForNative adj_start_bytes: 49676261 NativeAllocationGcWatermark: 12310437 java_gc_start_bytes: 31210606 kNewNativeDiscountFactor: 2 kOldNativeDiscountFactor: 65536 old_native_bytes: 144594049 new_native_bytes: 14380360 add_bytes_allowed: 36931311 is_gc_concurrent: 1 target_footprint_: 31374638 GetBytesAllocated: 23438952 HeapGrowthMultiplier: 3
12-14 16:24:55.241  3220  3363 I com.miui.home: CheckGCForNative gc_urgency 0.616619 current_native_bytes is 158974409
12-14 16:24:55.392  3220  3811 I com.miui.home: CheckGCForNative adj_start_bytes: 49676261 NativeAllocationGcWatermark: 12310437 java_gc_start_bytes: 31210606 kNewNativeDiscountFactor: 2 kOldNativeDiscountFactor: 65536 old_native_bytes: 144594049 new_native_bytes: 14451944 add_bytes_allowed: 36931311 is_gc_concurrent: 1 target_footprint_: 31374638 GetBytesAllocated: 23750696 HeapGrowthMultiplier: 3
12-14 16:24:55.392  3220  3811 I com.miui.home: CheckGCForNative gc_urgency 0.623615 current_native_bytes is 159045993
12-14 16:24:55.732 30600 30600 I wm_on_application_create_called: [0,com.UCMobile,204]
12-14 16:24:55.931 30600 30600 I wm_on_create_called: [0,25442815,com.UCMobile.main.UCMobile,performCreate,187]
12-14 16:24:56.043 30600 30600 I wm_on_create_called: [0,29546127,com.uc.browser.InnerUCMobile,performCreate,27]
12-14 16:24:56.046 30600 30600 I wm_on_start_called: [0,29546127,com.uc.browser.InnerUCMobile,handleStartActivity,2]
12-14 16:24:56.052 30600 30600 I wm_on_resume_called: [0,29546127,com.uc.browser.InnerUCMobile,RESUME_ACTIVITY,5]
12-14 16:24:56.109 30600 30600 I wm_on_top_resumed_gained_called: [29546127,com.uc.browser.InnerUCMobile,topStateChangedWhenResumed]
12-14 16:24:56.146  3220  3811 I com.miui.home: CheckGCForNative adj_start_bytes: 49676261 NativeAllocationGcWatermark: 12310437 java_gc_start_bytes: 31210606 kNewNativeDiscountFactor: 2 kOldNativeDiscountFactor: 65536 old_native_bytes: 144594049 new_native_bytes: 14700776 add_bytes_allowed: 36931311 is_gc_concurrent: 1 target_footprint_: 31374638 GetBytesAllocated: 24292600 HeapGrowthMultiplier: 3
12-14 16:24:56.146  3220  3811 I com.miui.home: CheckGCForNative gc_urgency 0.637029 current_native_bytes is 159294825
12-14 16:24:57.053  3220  3220 I wm_on_stop_called: [0,241954343,com.miui.home.launcher.Launcher,STOP_ACTIVITY_ITEM,6]
12-14 16:24:57.818  3220  3220 I wm_on_restart_called: [0,241954343,com.miui.home.launcher.Launcher,performRestartActivity,0]
12-14 16:24:57.819  3220  3220 I wm_on_start_called: [0,241954343,com.miui.home.launcher.Launcher,handleStartActivity,1]
12-14 16:24:57.905  3220  3426 I com.miui.home: CheckGCForNative adj_start_bytes: 49676261 NativeAllocationGcWatermark: 12310437 java_gc_start_bytes: 31210606 kNewNativeDiscountFactor: 2 kOldNativeDiscountFactor: 65536 old_native_bytes: 144594049 new_native_bytes: 25754712 add_bytes_allowed: 36931311 is_gc_concurrent: 1 target_footprint_: 31374638 GetBytesAllocated: 25284568 HeapGrowthMultiplier: 3
12-14 16:24:57.905  3220  3426 I com.miui.home: CheckGCForNative gc_urgency 0.768257 current_native_bytes is 170348761
12-14 16:24:57.906  3220  3426 I com.miui.home: CheckGCForNative adj_start_bytes: 49676261 NativeAllocationGcWatermark: 12310437 java_gc_start_bytes: 31210606 kNewNativeDiscountFactor: 2 kOldNativeDiscountFactor: 65536 old_native_bytes: 144594049 new_native_bytes: 36460632 add_bytes_allowed: 36931311 is_gc_concurrent: 1 target_footprint_: 31374638 GetBytesAllocated: 25284760 HeapGrowthMultiplier: 3
12-14 16:24:57.906  3220  3426 I com.miui.home: CheckGCForNative gc_urgency 0.876018 current_native_bytes is 181054681
12-14 16:24:57.953  3220  3363 I com.miui.home: CheckGCForNative adj_start_bytes: 49676261 NativeAllocationGcWatermark: 12310437 java_gc_start_bytes: 31210606 kNewNativeDiscountFactor: 2 kOldNativeDiscountFactor: 65536 old_native_bytes: 144594049 new_native_bytes: 25745728 add_bytes_allowed: 36931311 is_gc_concurrent: 1 target_footprint_: 31374638 GetBytesAllocated: 25317528 HeapGrowthMultiplier: 3
12-14 16:24:57.953  3220  3363 I com.miui.home: CheckGCForNative gc_urgency 0.76883 current_native_bytes is 170339777
12-14 16:24:57.987  3220  3421 I com.miui.home: CheckGCForNative adj_start_bytes: 49676261 NativeAllocationGcWatermark: 12310437 java_gc_start_bytes: 31210606 kNewNativeDiscountFactor: 2 kOldNativeDiscountFactor: 65536 old_native_bytes: 144594049 new_native_bytes: 36455520 add_bytes_allowed: 36931311 is_gc_concurrent: 1 target_footprint_: 31374638 GetBytesAllocated: 25333912 HeapGrowthMultiplier: 3
12-14 16:24:57.987  3220  3421 I com.miui.home: CheckGCForNative gc_urgency 0.876956 current_native_bytes is 181049569
12-14 16:24:58.129 30600 30600 I wm_on_destroy_called: [0,25442815,com.UCMobile.main.UCMobile,performDestroy,43]
12-14 16:24:58.309  3220  3363 I com.miui.home: CheckGCForNative adj_start_bytes: 49676261 NativeAllocationGcWatermark: 12310437 java_gc_start_bytes: 31210606 kNewNativeDiscountFactor: 2 kOldNativeDiscountFactor: 65536 old_native_bytes: 144594049 new_native_bytes: 25774880 add_bytes_allowed: 36931311 is_gc_concurrent: 1 target_footprint_: 31374638 GetBytesAllocated: 25498040 HeapGrowthMultiplier: 3
12-14 16:24:58.309  3220  3363 I com.miui.home: CheckGCForNative gc_urgency 0.772757 current_native_bytes is 170368929
12-14 16:24:58.365  3220  3363 I com.miui.home: CheckGCForNative adj_start_bytes: 49676261 NativeAllocationGcWatermark: 12310437 java_gc_start_bytes: 31210606 kNewNativeDiscountFactor: 2 kOldNativeDiscountFactor: 65536 old_native_bytes: 144594049 new_native_bytes: 25780576 add_bytes_allowed: 36931311 is_gc_concurrent: 1 target_footprint_: 31374638 GetBytesAllocated: 25530808 HeapGrowthMultiplier: 3
12-14 16:24:58.365  3220  3363 I com.miui.home: CheckGCForNative gc_urgency 0.773474 current_native_bytes is 170374625
12-14 16:24:58.475  3220  3220 I wm_on_resume_called: [0,241954343,com.miui.home.launcher.Launcher,RESUME_ACTIVITY,10]
12-14 16:24:58.477  3220  3220 I wm_on_idle_called: com.miui.home.launcher.Launcher
12-14 16:24:58.714  3220  3811 I com.miui.home: CheckGCForNative adj_start_bytes: 49676261 NativeAllocationGcWatermark: 12310437 java_gc_start_bytes: 31210606 kNewNativeDiscountFactor: 2 kOldNativeDiscountFactor: 65536 old_native_bytes: 144594049 new_native_bytes: 25941184 add_bytes_allowed: 36931311 is_gc_concurrent: 1 target_footprint_: 31374638 GetBytesAllocated: 26712168 HeapGrowthMultiplier: 3
12-14 16:24:58.714  3220  3811 I com.miui.home: CheckGCForNative gc_urgency 0.798872 current_native_bytes is 170535233
12-14 16:24:58.729  3220  3811 I com.miui.home: CheckGCForNative adj_start_bytes: 49676261 NativeAllocationGcWatermark: 12310437 java_gc_start_bytes: 31210606 kNewNativeDiscountFactor: 2 kOldNativeDiscountFactor: 65536 old_native_bytes: 144594049 new_native_bytes: 36818616 add_bytes_allowed: 36931311 is_gc_concurrent: 1 target_footprint_: 31374638 GetBytesAllocated: 26843240 HeapGrowthMultiplier: 3
12-14 16:24:58.729  3220  3811 I com.miui.home: CheckGCForNative gc_urgency 0.910994 current_native_bytes is 181412665
12-14 16:24:58.760  3220  3811 I com.miui.home: CheckGCForNative adj_start_bytes: 49676261 NativeAllocationGcWatermark: 12310437 java_gc_start_bytes: 31210606 kNewNativeDiscountFactor: 2 kOldNativeDiscountFactor: 65536 old_native_bytes: 144594049 new_native_bytes: 26168088 add_bytes_allowed: 36931311 is_gc_concurrent: 1 target_footprint_: 31374638 GetBytesAllocated: 27073320 HeapGrowthMultiplier: 3
12-14 16:24:58.762  3220  3811 I com.miui.home: CheckGCForNative gc_urgency 0.808426 current_native_bytes is 170762137
12-14 16:24:59.046  3220  3220 I wm_on_top_resumed_gained_called: [241954343,com.miui.home.launcher.Launcher,topStateChangedWhenResumed]
12-14 16:24:59.046  3220  3220 I wm_on_top_resumed_lost_called: [241954343,com.miui.home.launcher.Launcher,topStateChangedWhenResumed]
12-14 16:24:59.049  3220  3220 I wm_on_paused_called: [0,241954343,com.miui.home.launcher.Launcher,performPause,1]
12-14 16:24:59.156  3220  3811 I com.miui.home: CheckGCForNative adj_start_bytes: 49676261 NativeAllocationGcWatermark: 12310437 java_gc_start_bytes: 31210606 kNewNativeDiscountFactor: 2 kOldNativeDiscountFactor: 65536 old_native_bytes: 144594049 new_native_bytes: 27332988 add_bytes_allowed: 36931311 is_gc_concurrent: 1 target_footprint_: 31374638 GetBytesAllocated: 27729352 HeapGrowthMultiplier: 3
12-14 16:24:59.160  3220  3811 I com.miui.home: CheckGCForNative gc_urgency 0.833687 current_native_bytes is 171927037
12-14 16:24:59.166  3220  3811 I com.miui.home: CheckGCForNative adj_start_bytes: 49676261 NativeAllocationGcWatermark: 12310437 java_gc_start_bytes: 31210606 kNewNativeDiscountFactor: 2 kOldNativeDiscountFactor: 65536 old_native_bytes: 144594049 new_native_bytes: 27354012 add_bytes_allowed: 36931311 is_gc_concurrent: 1 target_footprint_: 31374638 GetBytesAllocated: 27762120 HeapGrowthMultiplier: 3
12-14 16:24:59.166  3220  3811 I com.miui.home: CheckGCForNative gc_urgency 0.834228 current_native_bytes is 171948061
12-14 16:24:59.245  3220  3811 I com.miui.home: CheckGCForNative adj_start_bytes: 49676261 NativeAllocationGcWatermark: 12310437 java_gc_start_bytes: 31210606 kNewNativeDiscountFactor: 2 kOldNativeDiscountFactor: 65536 old_native_bytes: 144594049 new_native_bytes: 27674388 add_bytes_allowed: 36931311 is_gc_concurrent: 1 target_footprint_: 31374638 GetBytesAllocated: 28377160 HeapGrowthMultiplier: 3
12-14 16:24:59.245  3220  3811 I com.miui.home: CheckGCForNative gc_urgency 0.849834 current_native_bytes is 172268437
12-14 16:24:59.312  3220  3363 I com.miui.home: CheckGCForNative adj_start_bytes: 49676261 NativeAllocationGcWatermark: 12310437 java_gc_start_bytes: 31210606 kNewNativeDiscountFactor: 2 kOldNativeDiscountFactor: 65536 old_native_bytes: 144594049 new_native_bytes: 27768132 add_bytes_allowed: 36931311 is_gc_concurrent: 1 target_footprint_: 31374638 GetBytesAllocated: 28573768 HeapGrowthMultiplier: 3
12-14 16:24:59.312  3220  3363 I com.miui.home: CheckGCForNative gc_urgency 0.854735 current_native_bytes is 172362181
12-14 16:24:59.379  3220  3363 I com.miui.home: CheckGCForNative adj_start_bytes: 49676261 NativeAllocationGcWatermark: 12310437 java_gc_start_bytes: 31210606 kNewNativeDiscountFactor: 2 kOldNativeDiscountFactor: 65536 old_native_bytes: 144594049 new_native_bytes: 27774724 add_bytes_allowed: 36931311 is_gc_concurrent: 1 target_footprint_: 31374638 GetBytesAllocated: 28606536 HeapGrowthMultiplier: 3
12-14 16:24:59.379  3220  3363 I com.miui.home: CheckGCForNative gc_urgency 0.855461 current_native_bytes is 172368773
12-14 16:25:00.490 31363 31363 I wm_on_application_create_called: [0,com.dragon.read,821]
12-14 16:25:00.801 31363 31363 I wm_on_create_called: [0,116943691,com.dragon.read.pages.splash.SplashActivity,performCreate,193]
12-14 16:25:00.829 31363 31363 I wm_on_start_called: [0,116943691,com.dragon.read.pages.splash.SplashActivity,handleStartActivity,24]
12-14 16:25:00.858 31363 31363 I wm_on_resume_called: [0,116943691,com.dragon.read.pages.splash.SplashActivity,RESUME_ACTIVITY,27]
12-14 16:25:00.882 31363 31363 I wm_on_top_resumed_gained_called: [116943691,com.dragon.read.pages.splash.SplashActivity,topStateChangedWhenResumed]
12-14 16:25:01.209  3220  3220 I wm_on_stop_called: [0,241954343,com.miui.home.launcher.Launcher,STOP_ACTIVITY_ITEM,8]
12-14 16:25:01.356 31363 31363 I wm_on_top_resumed_lost_called: [116943691,com.dragon.read.pages.splash.SplashActivity,topStateChangedWhenResumed]
12-14 16:25:01.366 31363 31363 I wm_on_paused_called: [0,116943691,com.dragon.read.pages.splash.SplashActivity,performPause,5]
12-14 16:25:01.585  3220  3811 I com.miui.home: CheckGCForNative adj_start_bytes: 49676261 NativeAllocationGcWatermark: 12310437 java_gc_start_bytes: 31210606 kNewNativeDiscountFactor: 2 kOldNativeDiscountFactor: 65536 old_native_bytes: 144594049 new_native_bytes: 27806148 add_bytes_allowed: 36931311 is_gc_concurrent: 1 target_footprint_: 31374638 GetBytesAllocated: 29222280 HeapGrowthMultiplier: 3
12-14 16:25:01.585  3220  3811 I com.miui.home: CheckGCForNative gc_urgency 0.868172 current_native_bytes is 172400197
12-14 16:25:01.690  3220  3811 I com.miui.home: CheckGCForNative adj_start_bytes: 49676261 NativeAllocationGcWatermark: 12310437 java_gc_start_bytes: 31210606 kNewNativeDiscountFactor: 2 kOldNativeDiscountFactor: 65536 old_native_bytes: 144594049 new_native_bytes: 28054404 add_bytes_allowed: 36931311 is_gc_concurrent: 1 target_footprint_: 31374638 GetBytesAllocated: 29599656 HeapGrowthMultiplier: 3
12-14 16:25:01.690  3220  3811 I com.miui.home: CheckGCForNative gc_urgency 0.878268 current_native_bytes is 172648453
12-14 16:25:01.732  3220  3220 I wm_on_restart_called: [0,241954343,com.miui.home.launcher.Launcher,performRestartActivity,0]
12-14 16:25:01.733  3220  3220 I wm_on_start_called: [0,241954343,com.miui.home.launcher.Launcher,handleStartActivity,1]
12-14 16:25:01.861  3220  3621 I com.miui.home: CheckGCForNative adj_start_bytes: 49676261 NativeAllocationGcWatermark: 12310437 java_gc_start_bytes: 31210606 kNewNativeDiscountFactor: 2 kOldNativeDiscountFactor: 65536 old_native_bytes: 144594049 new_native_bytes: 38950684 add_bytes_allowed: 36931311 is_gc_concurrent: 1 target_footprint_: 31374638 GetBytesAllocated: 30189896 HeapGrowthMultiplier: 3
12-14 16:25:01.861  3220  3621 I com.miui.home: CheckGCForNative gc_urgency 0.999823 current_native_bytes is 183544733
12-14 16:25:01.861  3220  3621 I com.miui.home: CheckGCForNative adj_start_bytes: 49676261 NativeAllocationGcWatermark: 12310437 java_gc_start_bytes: 31210606 kNewNativeDiscountFactor: 2 kOldNativeDiscountFactor: 65536 old_native_bytes: 144594049 new_native_bytes: 49656604 add_bytes_allowed: 36931311 is_gc_concurrent: 1 target_footprint_: 31374638 GetBytesAllocated: 30190088 HeapGrowthMultiplier: 3
12-14 16:25:01.861  3220  3621 I com.miui.home: CheckGCForNative gc_urgency 1.10758 current_native_bytes is 194250653
12-14 16:25:01.861  3220  3621 I com.miui.home: CheckGCForNative requested 1
12-14 16:25:01.869  3220 13268 I com.miui.home: CheckGCForNative adj_start_bytes: 49676261 NativeAllocationGcWatermark: 12310437 java_gc_start_bytes: 31210606 kNewNativeDiscountFactor: 2 kOldNativeDiscountFactor: 65536 old_native_bytes: 144594049 new_native_bytes: 49656604 add_bytes_allowed: 36931311 is_gc_concurrent: 1 target_footprint_: 31374638 GetBytesAllocated: 30206472 HeapGrowthMultiplier: 3
12-14 16:25:01.869  3220 13268 I com.miui.home: CheckGCForNative gc_urgency 1.10791 current_native_bytes is 194250653
12-14 16:25:01.869  3220 13268 I com.miui.home: CheckGCForNative requested 1
12-14 16:25:02.036 31363 31363 I wm_on_create_called: [0,194399742,com.dragon.read.pages.main.MainFragmentActivity,performCreate,519]
12-14 16:25:02.102  3220  3247 I com.miui.home: NativeAlloc concurrent copying GC freed 263387(13MB) AllocSpace objects, 26(944KB) LOS objects, 49% free, 14MB/29MB, paused 65us,37us total 240.254ms
12-14 16:25:02.158 31363 31363 I wm_on_start_called: [0,194399742,com.dragon.read.pages.main.MainFragmentActivity,handleStartActivity,120]
12-14 16:25:02.164  3220  3363 I com.miui.home: CheckGCForNative gc_urgency 0 current_native_bytes is 139823345
12-14 16:25:02.412 31363 31363 I wm_on_resume_called: [0,194399742,com.dragon.read.pages.main.MainFragmentActivity,RESUME_ACTIVITY,253]
12-14 16:25:02.428  3220  3220 I wm_on_resume_called: [0,241954343,com.miui.home.launcher.Launcher,RESUME_ACTIVITY,3]
12-14 16:25:02.430  3220  3220 I wm_on_idle_called: com.miui.home.launcher.Launcher
12-14 16:25:02.560  3220 17602 I com.miui.home: CheckGCForNative adj_start_bytes: 49311340 NativeAllocationGcWatermark: 12270303 java_gc_start_bytes: 30905886 kNewNativeDiscountFactor: 2 kOldNativeDiscountFactor: 65536 old_native_bytes: 139823345 new_native_bytes: 16976 add_bytes_allowed: 36810909 is_gc_concurrent: 1 target_footprint_: 31053566 GetBytesAllocated: 16674912 HeapGrowthMultiplier: 3
12-14 16:25:02.560  3220 17602 I com.miui.home: CheckGCForNative gc_urgency 0.338371 current_native_bytes is 139840321
12-14 16:25:02.750 31363 31363 I wm_on_top_resumed_gained_called: [194399742,com.dragon.read.pages.main.MainFragmentActivity,topStateChangedWhenResumed]
12-14 16:25:02.758  3220  3811 I com.miui.home: CheckGCForNative adj_start_bytes: 49311340 NativeAllocationGcWatermark: 12270303 java_gc_start_bytes: 30905886 kNewNativeDiscountFactor: 2 kOldNativeDiscountFactor: 65536 old_native_bytes: 139823345 new_native_bytes: 956672 add_bytes_allowed: 36810909 is_gc_concurrent: 1 target_footprint_: 31053566 GetBytesAllocated: 16888512 HeapGrowthMultiplier: 3
12-14 16:25:02.758  3220  3811 I com.miui.home: CheckGCForNative gc_urgency 0.352231 current_native_bytes is 140780017
12-14 16:25:02.759  3220  3811 I com.miui.home: CheckGCForNative adj_start_bytes: 49311340 NativeAllocationGcWatermark: 12270303 java_gc_start_bytes: 30905886 kNewNativeDiscountFactor: 2 kOldNativeDiscountFactor: 65536 old_native_bytes: 139823345 new_native_bytes: 956992 add_bytes_allowed: 36810909 is_gc_concurrent: 1 target_footprint_: 31053566 GetBytesAllocated: 16888512 HeapGrowthMultiplier: 3
12-14 16:25:02.759  3220  3811 I com.miui.home: CheckGCForNative gc_urgency 0.352234 current_native_bytes is 140780337
12-14 16:25:02.767  3220  3811 I com.miui.home: CheckGCForNative adj_start_bytes: 49311340 NativeAllocationGcWatermark: 12270303 java_gc_start_bytes: 30905886 kNewNativeDiscountFactor: 2 kOldNativeDiscountFactor: 65536 old_native_bytes: 139823345 new_native_bytes: 1247640 add_bytes_allowed: 36810909 is_gc_concurrent: 1 target_footprint_: 31053566 GetBytesAllocated: 16921456 HeapGrowthMultiplier: 3
12-14 16:25:02.767  3220  3811 I com.miui.home: CheckGCForNative gc_urgency 0.355849 current_native_bytes is 141070985
12-14 16:25:02.769  3220  3811 I com.miui.home: CheckGCForNative adj_start_bytes: 49311340 NativeAllocationGcWatermark: 12270303 java_gc_start_bytes: 30905886 kNewNativeDiscountFactor: 2 kOldNativeDiscountFactor: 65536 old_native_bytes: 139823345 new_native_bytes: 1631288 add_bytes_allowed: 36810909 is_gc_concurrent: 1 target_footprint_: 31053566 GetBytesAllocated: 16921456 HeapGrowthMultiplier: 3
12-14 16:25:02.769  3220  3811 I com.miui.home: CheckGCForNative gc_urgency 0.359739 current_native_bytes is 141454633
12-14 16:25:02.774  3220  3811 I com.miui.home: CheckGCForNative adj_start_bytes: 49311340 NativeAllocationGcWatermark: 12270303 java_gc_start_bytes: 30905886 kNewNativeDiscountFactor: 2 kOldNativeDiscountFactor: 65536 old_native_bytes: 139823345 new_native_bytes: 2316504 add_bytes_allowed: 36810909 is_gc_concurrent: 1 target_footprint_: 31053566 GetBytesAllocated: 16970672 HeapGrowthMultiplier: 3
12-14 16:25:02.774  3220  3811 I com.miui.home: CheckGCForNative gc_urgency 0.367685 current_native_bytes is 142139849
12-14 16:25:02.786  3220  3811 I com.miui.home: CheckGCForNative adj_start_bytes: 49311340 NativeAllocationGcWatermark: 12270303 java_gc_start_bytes: 30905886 kNewNativeDiscountFactor: 2 kOldNativeDiscountFactor: 65536 old_native_bytes: 139823345 new_native_bytes: 3480952 add_bytes_allowed: 36810909 is_gc_concurrent: 1 target_footprint_: 31053566 GetBytesAllocated: 17003616 HeapGrowthMultiplier: 3
12-14 16:25:02.786  3220  3811 I com.miui.home: CheckGCForNative gc_urgency 0.380161 current_native_bytes is 143304297
12-14 16:25:02.791  3220  3811 I com.miui.home: CheckGCForNative adj_start_bytes: 49311340 NativeAllocationGcWatermark: 12270303 java_gc_start_bytes: 30905886 kNewNativeDiscountFactor: 2 kOldNativeDiscountFactor: 65536 old_native_bytes: 139823345 new_native_bytes: 3894136 add_bytes_allowed: 36810909 is_gc_concurrent: 1 target_footprint_: 31053566 GetBytesAllocated: 17003616 HeapGrowthMultiplier: 3
12-14 16:25:02.791  3220  3811 I com.miui.home: CheckGCForNative gc_urgency 0.38435 current_native_bytes is 143717481
12-14 16:25:02.796  3220  3811 I com.miui.home: CheckGCForNative adj_start_bytes: 49311340 NativeAllocationGcWatermark: 12270303 java_gc_start_bytes: 30905886 kNewNativeDiscountFactor: 2 kOldNativeDiscountFactor: 65536 old_native_bytes: 139823345 new_native_bytes: 4656856 add_bytes_allowed: 36810909 is_gc_concurrent: 1 target_footprint_: 31053566 GetBytesAllocated: 17052944 HeapGrowthMultiplier: 3
12-14 16:25:02.796  3220  3811 I com.miui.home: CheckGCForNative gc_urgency 0.393084 current_native_bytes is 144480201
12-14 16:25:02.799  3220  3811 I com.miui.home: CheckGCForNative adj_start_bytes: 49311340 NativeAllocationGcWatermark: 12270303 java_gc_start_bytes: 30905886 kNewNativeDiscountFactor: 2 kOldNativeDiscountFactor: 65536 old_native_bytes: 139823345 new_native_bytes: 5115992 add_bytes_allowed: 36810909 is_gc_concurrent: 1 target_footprint_: 31053566 GetBytesAllocated: 17052944 HeapGrowthMultiplier: 3
12-14 16:25:02.799  3220  3811 I com.miui.home: CheckGCForNative gc_urgency 0.39774 current_native_bytes is 144939337
12-14 16:25:02.809  3220  3811 I com.miui.home: CheckGCForNative adj_start_bytes: 49311340 NativeAllocationGcWatermark: 12270303 java_gc_start_bytes: 30905886 kNewNativeDiscountFactor: 2 kOldNativeDiscountFactor: 65536 old_native_bytes: 139823345 new_native_bytes: 5390112 add_bytes_allowed: 36810909 is_gc_concurrent: 1 target_footprint_: 31053566 GetBytesAllocated: 17106256 HeapGrowthMultiplier: 3
12-14 16:25:02.809  3220  3811 I com.miui.home: CheckGCForNative gc_urgency 0.4016 current_native_bytes is 145213457
12-14 16:25:02.811  3220  3811 I com.miui.home: CheckGCForNative adj_start_bytes: 49311340 NativeAllocationGcWatermark: 12270303 java_gc_start_bytes: 30905886 kNewNativeDiscountFactor: 2 kOldNativeDiscountFactor: 65536 old_native_bytes: 139823345 new_native_bytes: 5852064 add_bytes_allowed: 36810909 is_gc_concurrent: 1 target_footprint_: 31053566 GetBytesAllocated: 17143120 HeapGrowthMultiplier: 3
12-14 16:25:02.811  3220  3811 I com.miui.home: CheckGCForNative gc_urgency 0.407032 current_native_bytes is 145675409
12-14 16:25:02.859  3220  3811 I com.miui.home: CheckGCForNative adj_start_bytes: 49311340 NativeAllocationGcWatermark: 12270303 java_gc_start_bytes: 30905886 kNewNativeDiscountFactor: 2 kOldNativeDiscountFactor: 65536 old_native_bytes: 139823345 new_native_bytes: 7284344 add_bytes_allowed: 36810909 is_gc_concurrent: 1 target_footprint_: 31053566 GetBytesAllocated: 17294736 HeapGrowthMultiplier: 3
12-14 16:25:02.859  3220  3811 I com.miui.home: CheckGCForNative gc_urgency 0.424629 current_native_bytes is 147107689
12-14 16:25:02.863  3220  3811 I com.miui.home: CheckGCForNative adj_start_bytes: 49311340 NativeAllocationGcWatermark: 12270303 java_gc_start_bytes: 30905886 kNewNativeDiscountFactor: 2 kOldNativeDiscountFactor: 65536 old_native_bytes: 139823345 new_native_bytes: 7705272 add_bytes_allowed: 36810909 is_gc_concurrent: 1 target_footprint_: 31053566 GetBytesAllocated: 17315216 HeapGrowthMultiplier: 3
12-14 16:25:02.863  3220  3811 I com.miui.home: CheckGCForNative gc_urgency 0.429313 current_native_bytes is 147528617
12-14 16:25:02.874  3220  3811 I com.miui.home: CheckGCForNative adj_start_bytes: 49311340 NativeAllocationGcWatermark: 12270303 java_gc_start_bytes: 30905886 kNewNativeDiscountFactor: 2 kOldNativeDiscountFactor: 65536 old_native_bytes: 139823345 new_native_bytes: 8384792 add_bytes_allowed: 36810909 is_gc_concurrent: 1 target_footprint_: 31053566 GetBytesAllocated: 17364464 HeapGrowthMultiplier: 3
12-14 16:25:02.874  3220  3811 I com.miui.home: CheckGCForNative gc_urgency 0.437201 current_native_bytes is 148208137
12-14 16:25:02.878  3220  3811 I com.miui.home: CheckGCForNative adj_start_bytes: 49311340 NativeAllocationGcWatermark: 12270303 java_gc_start_bytes: 30905886 kNewNativeDiscountFactor: 2 kOldNativeDiscountFactor: 65536 old_native_bytes: 139823345 new_native_bytes: 8456280 add_bytes_allowed: 36810909 is_gc_concurrent: 1 target_footprint_: 31053566 GetBytesAllocated: 17380960 HeapGrowthMultiplier: 3
12-14 16:25:02.878  3220  3811 I com.miui.home: CheckGCForNative gc_urgency 0.438261 current_native_bytes is 148279625
12-14 16:25:02.892  3220  3811 I com.miui.home: CheckGCForNative adj_start_bytes: 49311340 NativeAllocationGcWatermark: 12270303 java_gc_start_bytes: 30905886 kNewNativeDiscountFactor: 2 kOldNativeDiscountFactor: 65536 old_native_bytes: 139823345 new_native_bytes: 9246712 add_bytes_allowed: 36810909 is_gc_concurrent: 1 target_footprint_: 31053566 GetBytesAllocated: 17413728 HeapGrowthMultiplier: 3
12-14 16:25:02.892  3220  3811 I com.miui.home: CheckGCForNative gc_urgency 0.44694 current_native_bytes is 149070057
