12-15 10:36:33.852  3164  8778 I com.miui.home: CheckGCForNative adj_start_bytes: 34591346 NativeAllocationGcWatermark: 10760473 java_gc_start_bytes: 18450637 kNewNativeDiscountFactor: 2 kOldNativeDiscountFactor: 65536 old_native_bytes: 131794405 new_native_bytes: 15633424 add_bytes_allowed: 32281419 is_gc_concurrent: 1 target_footprint_: 18974925 GetBytesAllocated: 14784600 HeapGrowthMultiplier: 3
12-15 10:36:33.852  3164  8778 I com.miui.home: CheckGCForNative gc_urgency 0.653439 current_native_bytes is 147427829
12-15 10:36:33.854  3164  8778 I com.miui.home: CheckGCForNative adj_start_bytes: 34591346 NativeAllocationGcWatermark: 10760473 java_gc_start_bytes: 18450637 kNewNativeDiscountFactor: 2 kOldNativeDiscountFactor: 65536 old_native_bytes: 131794405 new_native_bytes: 26339344 add_bytes_allowed: 32281419 is_gc_concurrent: 1 target_footprint_: 18974925 GetBytesAllocated: 14801176 HeapGrowthMultiplier: 3
12-15 10:36:33.854  3164  8778 I com.miui.home: CheckGCForNative gc_urgency 0.808666 current_native_bytes is 158133749
12-15 10:36:33.867  3164  3202 I com.miui.home: CheckGCForNative adj_start_bytes: 34591346 NativeAllocationGcWatermark: 10760473 java_gc_start_bytes: 18450637 kNewNativeDiscountFactor: 2 kOldNativeDiscountFactor: 65536 old_native_bytes: 131794405 new_native_bytes: 26339760 add_bytes_allowed: 32281419 is_gc_concurrent: 1 target_footprint_: 18974925 GetBytesAllocated: 14817560 HeapGrowthMultiplier: 3
12-15 10:36:33.867  3164  3202 I com.miui.home: CheckGCForNative gc_urgency 0.809146 current_native_bytes is 158134165
12-15 10:36:34.047  3164  3311 I com.miui.home: CheckGCForNative adj_start_bytes: 34591346 NativeAllocationGcWatermark: 10760473 java_gc_start_bytes: 18450637 kNewNativeDiscountFactor: 2 kOldNativeDiscountFactor: 65536 old_native_bytes: 131794405 new_native_bytes: 15579976 add_bytes_allowed: 32281419 is_gc_concurrent: 1 target_footprint_: 18974925 GetBytesAllocated: 14981592 HeapGrowthMultiplier: 3
12-15 10:36:34.047  3164  3311 I com.miui.home: CheckGCForNative gc_urgency 0.658361 current_native_bytes is 147374381
12-15 10:36:34.382  9032  9032 I wm_on_top_resumed_lost_called: [214214186,com.tencent.mm.plugin.account.ui.WelcomeActivity,topStateChangedWhenResumed]
12-15 10:36:34.392  3164  3164 I wm_on_resume_called: [0,231647695,com.miui.home.launcher.Launcher,RESUME_ACTIVITY,3]
12-15 10:36:34.393  3164  3164 I wm_on_idle_called: com.miui.home.launcher.Launcher
12-15 10:36:34.403  3164  3164 I wm_on_top_resumed_gained_called: [231647695,com.miui.home.launcher.Launcher,topStateChangedWhenResumed]
12-15 10:36:34.415  9032  9032 I wm_on_paused_called: [0,214214186,com.tencent.mm.plugin.account.ui.WelcomeActivity,performPause,10]
12-15 10:36:34.453  9032  9032 I wm_on_stop_called: [0,214214186,com.tencent.mm.plugin.account.ui.WelcomeActivity,STOP_ACTIVITY_ITEM,8]
12-15 10:36:34.460  9032  9032 I wm_on_idle_called: com.tencent.mm.plugin.account.ui.WelcomeActivity
12-15 10:36:34.461  9032  9032 I wm_on_idle_called: com.tencent.mm.ui.LauncherUI
12-15 10:36:34.526  3164  3679 I com.miui.home: CheckGCForNative adj_start_bytes: 34591346 NativeAllocationGcWatermark: 10760473 java_gc_start_bytes: 18450637 kNewNativeDiscountFactor: 2 kOldNativeDiscountFactor: 65536 old_native_bytes: 131794405 new_native_bytes: 15560984 add_bytes_allowed: 32281419 is_gc_concurrent: 1 target_footprint_: 18974925 GetBytesAllocated: 16064328 HeapGrowthMultiplier: 3
12-15 10:36:34.526  3164  3679 I com.miui.home: CheckGCForNative gc_urgency 0.689387 current_native_bytes is 147355389
12-15 10:36:34.537  3164  3679 I com.miui.home: CheckGCForNative adj_start_bytes: 34591346 NativeAllocationGcWatermark: 10760473 java_gc_start_bytes: 18450637 kNewNativeDiscountFactor: 2 kOldNativeDiscountFactor: 65536 old_native_bytes: 131794405 new_native_bytes: 15791412 add_bytes_allowed: 32281419 is_gc_concurrent: 1 target_footprint_: 18974925 GetBytesAllocated: 16228168 HeapGrowthMultiplier: 3
12-15 10:36:34.537  3164  3679 I com.miui.home: CheckGCForNative gc_urgency 0.697454 current_native_bytes is 147585817
12-15 10:36:34.542  3164  3679 I com.miui.home: CheckGCForNative adj_start_bytes: 34591346 NativeAllocationGcWatermark: 10760473 java_gc_start_bytes: 18450637 kNewNativeDiscountFactor: 2 kOldNativeDiscountFactor: 65536 old_native_bytes: 131794405 new_native_bytes: 15889356 add_bytes_allowed: 32281419 is_gc_concurrent: 1 target_footprint_: 18974925 GetBytesAllocated: 16277320 HeapGrowthMultiplier: 3
12-15 10:36:34.542  3164  3679 I com.miui.home: CheckGCForNative gc_urgency 0.700291 current_native_bytes is 147683761
12-15 10:36:34.547  3164  3679 I com.miui.home: CheckGCForNative adj_start_bytes: 34591346 NativeAllocationGcWatermark: 10760473 java_gc_start_bytes: 18450637 kNewNativeDiscountFactor: 2 kOldNativeDiscountFactor: 65536 old_native_bytes: 131794405 new_native_bytes: 26632012 add_bytes_allowed: 32281419 is_gc_concurrent: 1 target_footprint_: 18974925 GetBytesAllocated: 16342856 HeapGrowthMultiplier: 3
12-15 10:36:34.547  3164  3679 I com.miui.home: CheckGCForNative gc_urgency 0.857465 current_native_bytes is 158426417
12-15 10:36:34.561  3164  3679 I com.miui.home: CheckGCForNative adj_start_bytes: 34591346 NativeAllocationGcWatermark: 10760473 java_gc_start_bytes: 18450637 kNewNativeDiscountFactor: 2 kOldNativeDiscountFactor: 65536 old_native_bytes: 131794405 new_native_bytes: 16069088 add_bytes_allowed: 32281419 is_gc_concurrent: 1 target_footprint_: 18974925 GetBytesAllocated: 16638408 HeapGrowthMultiplier: 3
12-15 10:36:34.561  3164  3679 I com.miui.home: CheckGCForNative gc_urgency 0.713328 current_native_bytes is 147863493
12-15 10:36:34.754  3164  3164 I wm_on_top_resumed_lost_called: [231647695,com.miui.home.launcher.Launcher,topStateChangedWhenResumed]
12-15 10:36:34.770  3164  3164 I wm_on_paused_called: [0,231647695,com.miui.home.launcher.Launcher,performPause,0]
12-15 10:36:34.830  3164  3679 I com.miui.home: CheckGCForNative adj_start_bytes: 34591346 NativeAllocationGcWatermark: 10760473 java_gc_start_bytes: 18450637 kNewNativeDiscountFactor: 2 kOldNativeDiscountFactor: 65536 old_native_bytes: 131794405 new_native_bytes: 16459220 add_bytes_allowed: 32281419 is_gc_concurrent: 1 target_footprint_: 18974925 GetBytesAllocated: 17310712 HeapGrowthMultiplier: 3
12-15 10:36:34.830  3164  3679 I com.miui.home: CheckGCForNative gc_urgency 0.738402 current_native_bytes is 148253625
12-15 10:36:34.939  3164  3679 I com.miui.home: CheckGCForNative adj_start_bytes: 34591346 NativeAllocationGcWatermark: 10760473 java_gc_start_bytes: 18450637 kNewNativeDiscountFactor: 2 kOldNativeDiscountFactor: 65536 old_native_bytes: 131794405 new_native_bytes: 16762384 add_bytes_allowed: 32281419 is_gc_concurrent: 1 target_footprint_: 18974925 GetBytesAllocated: 17942072 HeapGrowthMultiplier: 3
12-15 10:36:34.939  3164  3679 I com.miui.home: CheckGCForNative gc_urgency 0.761037 current_native_bytes is 148556789
12-15 10:36:34.984  3164  3679 I com.miui.home: CheckGCForNative adj_start_bytes: 34591346 NativeAllocationGcWatermark: 10760473 java_gc_start_bytes: 18450637 kNewNativeDiscountFactor: 2 kOldNativeDiscountFactor: 65536 old_native_bytes: 131794405 new_native_bytes: 17064644 add_bytes_allowed: 32281419 is_gc_concurrent: 1 target_footprint_: 18974925 GetBytesAllocated: 18122296 HeapGrowthMultiplier: 3
12-15 10:36:34.984  3164  3679 I com.miui.home: CheckGCForNative gc_urgency 0.770616 current_native_bytes is 148859049
12-15 10:36:35.021  3164  3679 I com.miui.home: CheckGCForNative adj_start_bytes: 34591346 NativeAllocationGcWatermark: 10760473 java_gc_start_bytes: 18450637 kNewNativeDiscountFactor: 2 kOldNativeDiscountFactor: 65536 old_native_bytes: 131794405 new_native_bytes: 17250308 add_bytes_allowed: 32281419 is_gc_concurrent: 1 target_footprint_: 18974925 GetBytesAllocated: 18499624 HeapGrowthMultiplier: 3
12-15 10:36:35.022  3164  3679 I com.miui.home: CheckGCForNative gc_urgency 0.784207 current_native_bytes is 149044713
12-15 10:36:35.399 10936 10936 I wm_on_application_create_called: [0,com.kmxs.reader,313]
12-15 10:36:35.541 10936 10936 I wm_on_create_called: [0,84394200,com.km.app.home.view.LoadingActivity,performCreate,131]
12-15 10:36:35.547 10936 10936 I wm_on_start_called: [0,84394200,com.km.app.home.view.LoadingActivity,handleStartActivity,6]
12-15 10:36:35.566 10936 10936 I wm_on_resume_called: [0,84394200,com.km.app.home.view.LoadingActivity,RESUME_ACTIVITY,10]
12-15 10:36:35.654 10936 10936 I wm_on_top_resumed_gained_called: [84394200,com.km.app.home.view.LoadingActivity,topStateChangedWhenResumed]
12-15 10:36:36.205  3164  3164 I wm_on_stop_called: [0,231647695,com.miui.home.launcher.Launcher,STOP_ACTIVITY_ITEM,5]
12-15 10:36:36.560 10936 10936 I wm_on_top_resumed_lost_called: [84394200,com.km.app.home.view.LoadingActivity,topStateChangedWhenResumed]
12-15 10:36:36.562 10936 10936 I wm_on_paused_called: [0,84394200,com.km.app.home.view.LoadingActivity,performPause,1]
12-15 10:36:36.702 10936 10936 I wm_on_create_called: [0,66762330,com.kmxs.reader.home.ui.HomeActivity,performCreate,90]
12-15 10:36:36.707 10936 10936 I wm_on_start_called: [0,66762330,com.kmxs.reader.home.ui.HomeActivity,handleStartActivity,2]
12-15 10:36:36.728  3164  3679 I com.miui.home: CheckGCForNative gc_urgency 0 current_native_bytes is 144241297
12-15 10:36:36.734  3164  3679 I com.miui.home: CheckGCForNative adj_start_bytes: 34869874 NativeAllocationGcWatermark: 10760473 java_gc_start_bytes: 18729165 kNewNativeDiscountFactor: 2 kOldNativeDiscountFactor: 65536 old_native_bytes: 144241297 new_native_bytes: 248768 add_bytes_allowed: 32281419 is_gc_concurrent: 1 target_footprint_: 18974925 GetBytesAllocated: 10745024 HeapGrowthMultiplier: 3
12-15 10:36:36.734  3164  3679 I com.miui.home: CheckGCForNative gc_urgency 0.311777 current_native_bytes is 144490065
12-15 10:36:36.761 10936 10936 I wm_on_resume_called: [0,66762330,com.kmxs.reader.home.ui.HomeActivity,RESUME_ACTIVITY,51]
12-15 10:36:36.789  3164  3679 I com.miui.home: CheckGCForNative adj_start_bytes: 34869874 NativeAllocationGcWatermark: 10760473 java_gc_start_bytes: 18729165 kNewNativeDiscountFactor: 2 kOldNativeDiscountFactor: 65536 old_native_bytes: 144241297 new_native_bytes: 644532 add_bytes_allowed: 32281419 is_gc_concurrent: 1 target_footprint_: 18974925 GetBytesAllocated: 11106016 HeapGrowthMultiplier: 3
12-15 10:36:36.789  3164  3679 I com.miui.home: CheckGCForNative gc_urgency 0.327804 current_native_bytes is 144885829
12-15 10:36:36.800 10936 10936 I wm_on_top_resumed_gained_called: [66762330,com.kmxs.reader.home.ui.HomeActivity,topStateChangedWhenResumed]
12-15 10:36:36.831  3164  3679 I com.miui.home: CheckGCForNative adj_start_bytes: 34869874 NativeAllocationGcWatermark: 10760473 java_gc_start_bytes: 18729165 kNewNativeDiscountFactor: 2 kOldNativeDiscountFactor: 65536 old_native_bytes: 144241297 new_native_bytes: 833384 add_bytes_allowed: 32281419 is_gc_concurrent: 1 target_footprint_: 18974925 GetBytesAllocated: 11352064 HeapGrowthMultiplier: 3
12-15 10:36:36.831  3164  3679 I com.miui.home: CheckGCForNative gc_urgency 0.337568 current_native_bytes is 145074681
12-15 10:36:37.135 10936 10936 I wm_on_stop_called: [0,84394200,com.km.app.home.view.LoadingActivity,LIFECYCLER_STOP_ACTIVITY,4]
12-15 10:36:37.138 10936 10936 I wm_on_destroy_called: [0,84394200,com.km.app.home.view.LoadingActivity,performDestroy,1]
12-15 10:36:37.153 10936 10936 I wm_on_idle_called: com.kmxs.reader.home.ui.HomeActivity
12-15 10:36:38.239  3164  3164 I wm_on_restart_called: [0,231647695,com.miui.home.launcher.Launcher,performRestartActivity,0]
12-15 10:36:38.239  3164  3164 I wm_on_start_called: [0,231647695,com.miui.home.launcher.Launcher,handleStartActivity,1]
12-15 10:36:38.290  3164  3725 I com.miui.home: CheckGCForNative adj_start_bytes: 34869874 NativeAllocationGcWatermark: 10760473 java_gc_start_bytes: 18729165 kNewNativeDiscountFactor: 2 kOldNativeDiscountFactor: 65536 old_native_bytes: 144241297 new_native_bytes: 11533600 add_bytes_allowed: 32281419 is_gc_concurrent: 1 target_footprint_: 18974925 GetBytesAllocated: 12073728 HeapGrowthMultiplier: 3
12-15 10:36:38.290  3164  3725 I com.miui.home: CheckGCForNative gc_urgency 0.511695 current_native_bytes is 155774897
12-15 10:36:38.291  3164  8778 I com.miui.home: CheckGCForNative adj_start_bytes: 34869874 NativeAllocationGcWatermark: 10760473 java_gc_start_bytes: 18729165 kNewNativeDiscountFactor: 2 kOldNativeDiscountFactor: 65536 old_native_bytes: 144241297 new_native_bytes: 22239520 add_bytes_allowed: 32281419 is_gc_concurrent: 1 target_footprint_: 18974925 GetBytesAllocated: 12073920 HeapGrowthMultiplier: 3
12-15 10:36:38.291  3164  8778 I com.miui.home: CheckGCForNative gc_urgency 0.665213 current_native_bytes is 166480817
12-15 10:36:38.291  3164  3164 I com.miui.home: CheckGCForNative adj_start_bytes: 34869874 NativeAllocationGcWatermark: 10760473 java_gc_start_bytes: 18729165 kNewNativeDiscountFactor: 2 kOldNativeDiscountFactor: 65536 old_native_bytes: 144241297 new_native_bytes: 32945440 add_bytes_allowed: 32281419 is_gc_concurrent: 1 target_footprint_: 18974925 GetBytesAllocated: 12074112 HeapGrowthMultiplier: 3
12-15 10:36:38.291  3164  3164 I com.miui.home: CheckGCForNative gc_urgency 0.818731 current_native_bytes is 177186737
12-15 10:36:38.403  3164  3311 I com.miui.home: CheckGCForNative adj_start_bytes: 34869874 NativeAllocationGcWatermark: 10760473 java_gc_start_bytes: 18729165 kNewNativeDiscountFactor: 2 kOldNativeDiscountFactor: 65536 old_native_bytes: 144241297 new_native_bytes: 11594848 add_bytes_allowed: 32281419 is_gc_concurrent: 1 target_footprint_: 18974925 GetBytesAllocated: 12188800 HeapGrowthMultiplier: 3
12-15 10:36:38.403  3164  3311 I com.miui.home: CheckGCForNative gc_urgency 0.515873 current_native_bytes is 155836145
12-15 10:36:38.548  3164  3311 I com.miui.home: CheckGCForNative adj_start_bytes: 34869874 NativeAllocationGcWatermark: 10760473 java_gc_start_bytes: 18729165 kNewNativeDiscountFactor: 2 kOldNativeDiscountFactor: 65536 old_native_bytes: 144241297 new_native_bytes: 11605600 add_bytes_allowed: 32281419 is_gc_concurrent: 1 target_footprint_: 18974925 GetBytesAllocated: 12254336 HeapGrowthMultiplier: 3
12-15 10:36:38.548  3164  3311 I com.miui.home: CheckGCForNative gc_urgency 0.517907 current_native_bytes is 155846897
12-15 10:36:38.814  3164  3164 I wm_on_resume_called: [0,231647695,com.miui.home.launcher.Launcher,RESUME_ACTIVITY,2]
12-15 10:36:38.815  3164  3164 I wm_on_idle_called: com.miui.home.launcher.Launcher
12-15 10:36:38.976  3164  3679 I com.miui.home: CheckGCForNative adj_start_bytes: 34869874 NativeAllocationGcWatermark: 10760473 java_gc_start_bytes: 18729165 kNewNativeDiscountFactor: 2 kOldNativeDiscountFactor: 65536 old_native_bytes: 144241297 new_native_bytes: 11655152 add_bytes_allowed: 32281419 is_gc_concurrent: 1 target_footprint_: 18974925 GetBytesAllocated: 13451824 HeapGrowthMultiplier: 3
12-15 10:36:38.976  3164  3679 I com.miui.home: CheckGCForNative gc_urgency 0.552959 current_native_bytes is 155896449
12-15 10:36:38.992  3164  3679 I com.miui.home: CheckGCForNative adj_start_bytes: 34869874 NativeAllocationGcWatermark: 10760473 java_gc_start_bytes: 18729165 kNewNativeDiscountFactor: 2 kOldNativeDiscountFactor: 65536 old_native_bytes: 144241297 new_native_bytes: 22684644 add_bytes_allowed: 32281419 is_gc_concurrent: 1 target_footprint_: 18974925 GetBytesAllocated: 13681200 HeapGrowthMultiplier: 3
12-15 10:36:38.992  3164  3679 I com.miui.home: CheckGCForNative gc_urgency 0.717689 current_native_bytes is 166925941
12-15 10:36:39.003  3164  3679 I com.miui.home: CheckGCForNative adj_start_bytes: 34869874 NativeAllocationGcWatermark: 10760473 java_gc_start_bytes: 18729165 kNewNativeDiscountFactor: 2 kOldNativeDiscountFactor: 65536 old_native_bytes: 144241297 new_native_bytes: 11998244 add_bytes_allowed: 32281419 is_gc_concurrent: 1 target_footprint_: 18974925 GetBytesAllocated: 13845712 HeapGrowthMultiplier: 3
12-15 10:36:39.003  3164  3679 I com.miui.home: CheckGCForNative gc_urgency 0.569174 current_native_bytes is 156239541
12-15 10:36:39.019  3164  3679 I com.miui.home: CheckGCForNative adj_start_bytes: 34869874 NativeAllocationGcWatermark: 10760473 java_gc_start_bytes: 18729165 kNewNativeDiscountFactor: 2 kOldNativeDiscountFactor: 65536 old_native_bytes: 144241297 new_native_bytes: 12179576 add_bytes_allowed: 32281419 is_gc_concurrent: 1 target_footprint_: 18974925 GetBytesAllocated: 14058704 HeapGrowthMultiplier: 3
12-15 10:36:39.019  3164  3679 I com.miui.home: CheckGCForNative gc_urgency 0.577883 current_native_bytes is 156420873
12-15 10:36:39.180  3164  3164 I wm_on_paused_called: [0,231647695,com.miui.home.launcher.Launcher,performPause,1]
12-15 10:36:39.327 10936 10936 I wm_on_top_resumed_lost_called: [66762330,com.kmxs.reader.home.ui.HomeActivity,topStateChangedWhenResumed]
12-15 10:36:39.329  3164  3679 I com.miui.home: CheckGCForNative adj_start_bytes: 34869874 NativeAllocationGcWatermark: 10760473 java_gc_start_bytes: 18729165 kNewNativeDiscountFactor: 2 kOldNativeDiscountFactor: 65536 old_native_bytes: 144241297 new_native_bytes: 12602700 add_bytes_allowed: 32281419 is_gc_concurrent: 1 target_footprint_: 18974925 GetBytesAllocated: 14952304 HeapGrowthMultiplier: 3
12-15 10:36:39.330  3164  3679 I com.miui.home: CheckGCForNative gc_urgency 0.609576 current_native_bytes is 156843997
12-15 10:36:39.336 10936 10936 I wm_on_paused_called: [0,66762330,com.kmxs.reader.home.ui.HomeActivity,performPause,8]
12-15 10:36:39.395 10936 10936 I wm_on_stop_called: [0,66762330,com.kmxs.reader.home.ui.HomeActivity,STOP_ACTIVITY_ITEM,43]
12-15 10:36:39.414  3164  3311 I com.miui.home: CheckGCForNative adj_start_bytes: 34869874 NativeAllocationGcWatermark: 10760473 java_gc_start_bytes: 18729165 kNewNativeDiscountFactor: 2 kOldNativeDiscountFactor: 65536 old_native_bytes: 144241297 new_native_bytes: 12754624 add_bytes_allowed: 32281419 is_gc_concurrent: 1 target_footprint_: 18974925 GetBytesAllocated: 15329648 HeapGrowthMultiplier: 3
12-15 10:36:39.414  3164  3311 I com.miui.home: CheckGCForNative gc_urgency 0.622576 current_native_bytes is 156995921
12-15 10:36:39.419  3164  3679 I com.miui.home: CheckGCForNative adj_start_bytes: 34869874 NativeAllocationGcWatermark: 10760473 java_gc_start_bytes: 18729165 kNewNativeDiscountFactor: 2 kOldNativeDiscountFactor: 65536 old_native_bytes: 144241297 new_native_bytes: 12783296 add_bytes_allowed: 32281419 is_gc_concurrent: 1 target_footprint_: 18974925 GetBytesAllocated: 15362416 HeapGrowthMultiplier: 3
12-15 10:36:39.419  3164  3679 I com.miui.home: CheckGCForNative gc_urgency 0.623927 current_native_bytes is 157024593
12-15 10:36:39.466  3164  3679 I com.miui.home: CheckGCForNative adj_start_bytes: 34869874 NativeAllocationGcWatermark: 10760473 java_gc_start_bytes: 18729165 kNewNativeDiscountFactor: 2 kOldNativeDiscountFactor: 65536 old_native_bytes: 144241297 new_native_bytes: 13012372 add_bytes_allowed: 32281419 is_gc_concurrent: 1 target_footprint_: 18974925 GetBytesAllocated: 15575408 HeapGrowthMultiplier: 3
12-15 10:36:39.466  3164  3679 I com.miui.home: CheckGCForNative gc_urgency 0.63332 current_native_bytes is 157253669
12-15 10:36:40.004 11566 11566 I wm_on_create_called: [0,99727021,com.UCMobile.main.UCMobile,performCreate,146]
12-15 10:36:40.120 11566 11566 I wm_on_create_called: [0,228731279,com.uc.browser.InnerUCMobile,performCreate,26]
12-15 10:36:40.123 11566 11566 I wm_on_start_called: [0,228731279,com.uc.browser.InnerUCMobile,handleStartActivity,3]
12-15 10:36:40.129 11566 11566 I wm_on_resume_called: [0,228731279,com.uc.browser.InnerUCMobile,RESUME_ACTIVITY,5]
12-15 10:36:40.173 11566 11566 I wm_on_top_resumed_gained_called: [228731279,com.uc.browser.InnerUCMobile,topStateChangedWhenResumed]
12-15 10:36:40.214  3164  3679 I com.miui.home: CheckGCForNative adj_start_bytes: 34869874 NativeAllocationGcWatermark: 10760473 java_gc_start_bytes: 18729165 kNewNativeDiscountFactor: 2 kOldNativeDiscountFactor: 65536 old_native_bytes: 144241297 new_native_bytes: 13224628 add_bytes_allowed: 32281419 is_gc_concurrent: 1 target_footprint_: 18974925 GetBytesAllocated: 16002208 HeapGrowthMultiplier: 3
12-15 10:36:40.214  3164  3679 I com.miui.home: CheckGCForNative gc_urgency 0.648603 current_native_bytes is 157465925
12-15 10:36:40.248  3164  3679 I com.miui.home: CheckGCForNative adj_start_bytes: 34869874 NativeAllocationGcWatermark: 10760473 java_gc_start_bytes: 18729165 kNewNativeDiscountFactor: 2 kOldNativeDiscountFactor: 65536 old_native_bytes: 144241297 new_native_bytes: 13605928 add_bytes_allowed: 32281419 is_gc_concurrent: 1 target_footprint_: 18974925 GetBytesAllocated: 16363184 HeapGrowthMultiplier: 3
12-15 10:36:40.248  3164  3679 I com.miui.home: CheckGCForNative gc_urgency 0.664423 current_native_bytes is 157847225
12-15 10:36:40.517  3164  3164 I wm_on_stop_called: [0,231647695,com.miui.home.launcher.Launcher,STOP_ACTIVITY_ITEM,1]
12-15 10:36:40.819 11566 11566 I wm_on_destroy_called: [0,99727021,com.UCMobile.main.UCMobile,performDestroy,3]
12-15 10:36:41.170  3164  3164 I wm_on_restart_called: [0,231647695,com.miui.home.launcher.Launcher,performRestartActivity,0]
12-15 10:36:41.170  3164  3164 I wm_on_start_called: [0,231647695,com.miui.home.launcher.Launcher,handleStartActivity,1]
12-15 10:36:41.248  3164  3927 I com.miui.home: CheckGCForNative adj_start_bytes: 34869874 NativeAllocationGcWatermark: 10760473 java_gc_start_bytes: 18729165 kNewNativeDiscountFactor: 2 kOldNativeDiscountFactor: 65536 old_native_bytes: 144241297 new_native_bytes: 24732068 add_bytes_allowed: 32281419 is_gc_concurrent: 1 target_footprint_: 18974925 GetBytesAllocated: 17420784 HeapGrowthMultiplier: 3
12-15 10:36:41.248  3164  3927 I com.miui.home: CheckGCForNative gc_urgency 0.854291 current_native_bytes is 168973365
12-15 10:36:41.248  3164  3927 I com.miui.home: CheckGCForNative adj_start_bytes: 34869874 NativeAllocationGcWatermark: 10760473 java_gc_start_bytes: 18729165 kNewNativeDiscountFactor: 2 kOldNativeDiscountFactor: 65536 old_native_bytes: 144241297 new_native_bytes: 35437988 add_bytes_allowed: 32281419 is_gc_concurrent: 1 target_footprint_: 18974925 GetBytesAllocated: 17420976 HeapGrowthMultiplier: 3
12-15 10:36:41.248  3164  3927 I com.miui.home: CheckGCForNative gc_urgency 1.00781 current_native_bytes is 179679285
12-15 10:36:41.248  3164  3927 I com.miui.home: CheckGCForNative requested 1
12-15 10:36:41.301  3164  3201 I com.miui.home: CheckGCForNative adj_start_bytes: 34869874 NativeAllocationGcWatermark: 10760473 java_gc_start_bytes: 18729165 kNewNativeDiscountFactor: 2 kOldNativeDiscountFactor: 65536 old_native_bytes: 144241297 new_native_bytes: 35456356 add_bytes_allowed: 32281419 is_gc_concurrent: 1 target_footprint_: 18974925 GetBytesAllocated: 17453744 HeapGrowthMultiplier: 3
12-15 10:36:41.316  3164  3311 I com.miui.home: CheckGCForNative adj_start_bytes: 34869874 NativeAllocationGcWatermark: 10760473 java_gc_start_bytes: 18729165 kNewNativeDiscountFactor: 2 kOldNativeDiscountFactor: 65536 old_native_bytes: 144241297 new_native_bytes: 35457188 add_bytes_allowed: 32281419 is_gc_concurrent: 1 target_footprint_: 18974925 GetBytesAllocated: 17470128 HeapGrowthMultiplier: 3
12-15 10:36:41.316  3164  3311 I com.miui.home: CheckGCForNative gc_urgency 1.00949 current_native_bytes is 179698485
12-15 10:36:41.316  3164  3311 I com.miui.home: CheckGCForNative requested 1
12-15 10:36:41.317  3164  3201 I com.miui.home: CheckGCForNative gc_urgency 1.00901 current_native_bytes is 179697653
12-15 10:36:41.318  3164  3201 I com.miui.home: CheckGCForNative requested 1
12-15 10:36:41.582  3164  3193 I com.miui.home: NativeAlloc concurrent copying GC freed 134794(7318KB) AllocSpace objects, 16(552KB) LOS objects, 49% free, 9334KB/18MB, paused 175us,159us total 331.711ms
12-15 10:36:41.596 11566 11566 I wm_on_idle_called: com.uc.browser.InnerUCMobile
12-15 10:36:41.670  3164  3311 I com.miui.home: CheckGCForNative gc_urgency 0 current_native_bytes is 142722665
12-15 10:36:41.692  3164  3311 I com.miui.home: CheckGCForNative adj_start_bytes: 35102798 NativeAllocationGcWatermark: 10778113 java_gc_start_bytes: 18935629 kNewNativeDiscountFactor: 2 kOldNativeDiscountFactor: 65536 old_native_bytes: 142722665 new_native_bytes: 3008 add_bytes_allowed: 32334339 is_gc_concurrent: 1 target_footprint_: 19116045 GetBytesAllocated: 9639944 HeapGrowthMultiplier: 3
12-15 10:36:41.692  3164  3311 I com.miui.home: CheckGCForNative gc_urgency 0.274725 current_native_bytes is 142725673
12-15 10:36:41.787  3164  3164 I wm_on_resume_called: [0,231647695,com.miui.home.launcher.Launcher,RESUME_ACTIVITY,2]
12-15 10:36:41.788  3164  3164 I wm_on_idle_called: com.miui.home.launcher.Launcher
12-15 10:36:41.920 11566 11566 I wm_on_top_resumed_lost_called: [228731279,com.uc.browser.InnerUCMobile,topStateChangedWhenResumed]
12-15 10:36:41.921  3164  3164 I wm_on_top_resumed_gained_called: [231647695,com.miui.home.launcher.Launcher,topStateChangedWhenResumed]
12-15 10:36:42.065  3164  3679 I com.miui.home: CheckGCForNative adj_start_bytes: 35102798 NativeAllocationGcWatermark: 10778113 java_gc_start_bytes: 18935629 kNewNativeDiscountFactor: 2 kOldNativeDiscountFactor: 65536 old_native_bytes: 142722665 new_native_bytes: 477424 add_bytes_allowed: 32334339 is_gc_concurrent: 1 target_footprint_: 19116045 GetBytesAllocated: 10952664 HeapGrowthMultiplier: 3
12-15 10:36:42.066  3164  3679 I com.miui.home: CheckGCForNative gc_urgency 0.318879 current_native_bytes is 143200089
12-15 10:36:42.071  3164  3679 I com.miui.home: CheckGCForNative adj_start_bytes: 35102798 NativeAllocationGcWatermark: 10778113 java_gc_start_bytes: 18935629 kNewNativeDiscountFactor: 2 kOldNativeDiscountFactor: 65536 old_native_bytes: 142722665 new_native_bytes: 728752 add_bytes_allowed: 32334339 is_gc_concurrent: 1 target_footprint_: 19116045 GetBytesAllocated: 11001816 HeapGrowthMultiplier: 3
12-15 10:36:42.071  3164  3679 I com.miui.home: CheckGCForNative gc_urgency 0.323859 current_native_bytes is 143451417
12-15 10:36:42.083 11566 11566 I wm_on_paused_called: [0,228731279,com.uc.browser.InnerUCMobile,performPause,162]
12-15 10:36:42.156  3164  3679 I com.miui.home: CheckGCForNative adj_start_bytes: 35102798 NativeAllocationGcWatermark: 10778113 java_gc_start_bytes: 18935629 kNewNativeDiscountFactor: 2 kOldNativeDiscountFactor: 65536 old_native_bytes: 142722665 new_native_bytes: 1354332 add_bytes_allowed: 32334339 is_gc_concurrent: 1 target_footprint_: 19116045 GetBytesAllocated: 11264088 HeapGrowthMultiplier: 3
12-15 10:36:42.156  3164  3679 I com.miui.home: CheckGCForNative gc_urgency 0.340242 current_native_bytes is 144076997
12-15 10:36:42.309  3164  3679 I com.miui.home: CheckGCForNative adj_start_bytes: 35102798 NativeAllocationGcWatermark: 10778113 java_gc_start_bytes: 18935629 kNewNativeDiscountFactor: 2 kOldNativeDiscountFactor: 65536 old_native_bytes: 142722665 new_native_bytes: 2623152 add_bytes_allowed: 32334339 is_gc_concurrent: 1 target_footprint_: 19116045 GetBytesAllocated: 11477144 HeapGrowthMultiplier: 3
12-15 10:36:42.309  3164  3679 I com.miui.home: CheckGCForNative gc_urgency 0.364384 current_native_bytes is 145345817
12-15 10:36:42.315  3164  3164 I wm_on_top_resumed_lost_called: [231647695,com.miui.home.launcher.Launcher,topStateChangedWhenResumed]
12-15 10:36:42.336 11566 11566 I wm_on_stop_called: [0,228731279,com.uc.browser.InnerUCMobile,STOP_ACTIVITY_ITEM,233]
12-15 10:36:42.344  3164  3679 I com.miui.home: CheckGCForNative adj_start_bytes: 35102798 NativeAllocationGcWatermark: 10778113 java_gc_start_bytes: 18935629 kNewNativeDiscountFactor: 2 kOldNativeDiscountFactor: 65536 old_native_bytes: 142722665 new_native_bytes: 13336408 add_bytes_allowed: 32334339 is_gc_concurrent: 1 target_footprint_: 19116045 GetBytesAllocated: 11526360 HeapGrowthMultiplier: 3
12-15 10:36:42.344  3164  3679 I com.miui.home: CheckGCForNative gc_urgency 0.518384 current_native_bytes is 156059073
12-15 10:36:42.353  3164  3164 I wm_on_paused_called: [0,231647695,com.miui.home.launcher.Launcher,performPause,1]
12-15 10:36:42.453  3164  3679 I com.miui.home: CheckGCForNative adj_start_bytes: 35102798 NativeAllocationGcWatermark: 10778113 java_gc_start_bytes: 18935629 kNewNativeDiscountFactor: 2 kOldNativeDiscountFactor: 65536 old_native_bytes: 142722665 new_native_bytes: 2998520 add_bytes_allowed: 32334339 is_gc_concurrent: 1 target_footprint_: 19116045 GetBytesAllocated: 11903960 HeapGrowthMultiplier: 3
12-15 10:36:42.453  3164  3679 I com.miui.home: CheckGCForNative gc_urgency 0.38189 current_native_bytes is 145721185
12-15 10:36:42.570  3164  3311 I com.miui.home: CheckGCForNative adj_start_bytes: 35102798 NativeAllocationGcWatermark: 10778113 java_gc_start_bytes: 18935629 kNewNativeDiscountFactor: 2 kOldNativeDiscountFactor: 65536 old_native_bytes: 142722665 new_native_bytes: 3124220 add_bytes_allowed: 32334339 is_gc_concurrent: 1 target_footprint_: 19116045 GetBytesAllocated: 12289240 HeapGrowthMultiplier: 3
12-15 10:36:42.571  3164  3311 I com.miui.home: CheckGCForNative gc_urgency 0.394656 current_native_bytes is 145846885
12-15 10:36:42.637  3164  3311 I com.miui.home: CheckGCForNative adj_start_bytes: 35102798 NativeAllocationGcWatermark: 10778113 java_gc_start_bytes: 18935629 kNewNativeDiscountFactor: 2 kOldNativeDiscountFactor: 65536 old_native_bytes: 142722665 new_native_bytes: 3148604 add_bytes_allowed: 32334339 is_gc_concurrent: 1 target_footprint_: 19116045 GetBytesAllocated: 12322008 HeapGrowthMultiplier: 3
12-15 10:36:42.637  3164  3311 I com.miui.home: CheckGCForNative gc_urgency 0.395937 current_native_bytes is 145871269
12-15 10:36:42.713  3164  3679 I com.miui.home: CheckGCForNative adj_start_bytes: 35102798 NativeAllocationGcWatermark: 10778113 java_gc_start_bytes: 18935629 kNewNativeDiscountFactor: 2 kOldNativeDiscountFactor: 65536 old_native_bytes: 142722665 new_native_bytes: 3272316 add_bytes_allowed: 32334339 is_gc_concurrent: 1 target_footprint_: 19116045 GetBytesAllocated: 12633704 HeapGrowthMultiplier: 3
12-15 10:36:42.713  3164  3679 I com.miui.home: CheckGCForNative gc_urgency 0.406578 current_native_bytes is 145994981
12-15 10:36:42.863  3164  3679 I com.miui.home: CheckGCForNative adj_start_bytes: 35102798 NativeAllocationGcWatermark: 10778113 java_gc_start_bytes: 18935629 kNewNativeDiscountFactor: 2 kOldNativeDiscountFactor: 65536 old_native_bytes: 142722665 new_native_bytes: 3337872 add_bytes_allowed: 32334339 is_gc_concurrent: 1 target_footprint_: 19116045 GetBytesAllocated: 13027560 HeapGrowthMultiplier: 3
12-15 10:36:42.863  3164  3679 I com.miui.home: CheckGCForNative gc_urgency 0.418732 current_native_bytes is 146060537
12-15 10:36:43.929 12023 12023 I wm_on_application_create_called: [0,com.dragon.read,831]
12-15 10:36:44.214  3164  3725 I com.miui.home: CheckGCForNative adj_start_bytes: 35102798 NativeAllocationGcWatermark: 10778113 java_gc_start_bytes: 18935629 kNewNativeDiscountFactor: 2 kOldNativeDiscountFactor: 65536 old_native_bytes: 142722665 new_native_bytes: 14485496 add_bytes_allowed: 32334339 is_gc_concurrent: 1 target_footprint_: 19116045 GetBytesAllocated: 13781640 HeapGrowthMultiplier: 3
12-15 10:36:44.217  3164  3725 I com.miui.home: CheckGCForNative gc_urgency 0.599 current_native_bytes is 157208161
12-15 10:36:44.218  3164  3725 I com.miui.home: CheckGCForNative adj_start_bytes: 35102798 NativeAllocationGcWatermark: 10778113 java_gc_start_bytes: 18935629 kNewNativeDiscountFactor: 2 kOldNativeDiscountFactor: 65536 old_native_bytes: 142722665 new_native_bytes: 25193144 add_bytes_allowed: 32334339 is_gc_concurrent: 1 target_footprint_: 19116045 GetBytesAllocated: 13798216 HeapGrowthMultiplier: 3
12-15 10:36:44.220  3164  3725 I com.miui.home: CheckGCForNative gc_urgency 0.75199 current_native_bytes is 167915809
12-15 10:36:44.259  3164 12334 I com.miui.home: CheckGCForNative adj_start_bytes: 35102798 NativeAllocationGcWatermark: 10778113 java_gc_start_bytes: 18935629 kNewNativeDiscountFactor: 2 kOldNativeDiscountFactor: 65536 old_native_bytes: 142722665 new_native_bytes: 25201464 add_bytes_allowed: 32334339 is_gc_concurrent: 1 target_footprint_: 19116045 GetBytesAllocated: 13847432 HeapGrowthMultiplier: 3
12-15 10:36:44.261  3164 12334 I com.miui.home: CheckGCForNative gc_urgency 0.753511 current_native_bytes is 167924129
12-15 10:36:44.278 12023 12023 I wm_on_create_called: [0,121141254,com.dragon.read.pages.splash.SplashActivity,performCreate,151]
12-15 10:36:44.338  3164  3311 I com.miui.home: CheckGCForNative adj_start_bytes: 35102798 NativeAllocationGcWatermark: 10778113 java_gc_start_bytes: 18935629 kNewNativeDiscountFactor: 2 kOldNativeDiscountFactor: 65536 old_native_bytes: 142722665 new_native_bytes: 14471880 add_bytes_allowed: 32334339 is_gc_concurrent: 1 target_footprint_: 19116045 GetBytesAllocated: 13929576 HeapGrowthMultiplier: 3
12-15 10:36:44.338  3164  3311 I com.miui.home: CheckGCForNative gc_urgency 0.60302 current_native_bytes is 157194545
12-15 10:36:44.380 12023 12023 I wm_on_start_called: [0,121141254,com.dragon.read.pages.splash.SplashActivity,handleStartActivity,99]
12-15 10:36:44.558 12023 12023 I wm_on_resume_called: [0,121141254,com.dragon.read.pages.splash.SplashActivity,RESUME_ACTIVITY,167]
12-15 10:36:44.562 12023 12023 I wm_on_top_resumed_gained_called: [121141254,com.dragon.read.pages.splash.SplashActivity,topStateChangedWhenResumed]
12-15 10:36:44.638  3164  3311 I com.miui.home: CheckGCForNative adj_start_bytes: 35102798 NativeAllocationGcWatermark: 10778113 java_gc_start_bytes: 18935629 kNewNativeDiscountFactor: 2 kOldNativeDiscountFactor: 65536 old_native_bytes: 142722665 new_native_bytes: 14427656 add_bytes_allowed: 32334339 is_gc_concurrent: 1 target_footprint_: 19116045 GetBytesAllocated: 14109896 HeapGrowthMultiplier: 3
12-15 10:36:44.638  3164  3311 I com.miui.home: CheckGCForNative gc_urgency 0.607527 current_native_bytes is 157150321
12-15 10:36:44.694  3164  3311 I com.miui.home: CheckGCForNative adj_start_bytes: 35102798 NativeAllocationGcWatermark: 10778113 java_gc_start_bytes: 18935629 kNewNativeDiscountFactor: 2 kOldNativeDiscountFactor: 65536 old_native_bytes: 142722665 new_native_bytes: 14431304 add_bytes_allowed: 32334339 is_gc_concurrent: 1 target_footprint_: 19116045 GetBytesAllocated: 14126280 HeapGrowthMultiplier: 3
12-15 10:36:44.694  3164  3311 I com.miui.home: CheckGCForNative gc_urgency 0.608046 current_native_bytes is 157153969
12-15 10:36:44.887  3164  3679 I com.miui.home: CheckGCForNative adj_start_bytes: 35102798 NativeAllocationGcWatermark: 10778113 java_gc_start_bytes: 18935629 kNewNativeDiscountFactor: 2 kOldNativeDiscountFactor: 65536 old_native_bytes: 142722665 new_native_bytes: 14590504 add_bytes_allowed: 32334339 is_gc_concurrent: 1 target_footprint_: 19116045 GetBytesAllocated: 14520072 HeapGrowthMultiplier: 3
12-15 10:36:44.887  3164  3679 I com.miui.home: CheckGCForNative gc_urgency 0.621532 current_native_bytes is 157313169
12-15 10:36:44.892  3164  3679 I com.miui.home: CheckGCForNative adj_start_bytes: 35102798 NativeAllocationGcWatermark: 10778113 java_gc_start_bytes: 18935629 kNewNativeDiscountFactor: 2 kOldNativeDiscountFactor: 65536 old_native_bytes: 142722665 new_native_bytes: 25238876 add_bytes_allowed: 32334339 is_gc_concurrent: 1 target_footprint_: 19116045 GetBytesAllocated: 14569224 HeapGrowthMultiplier: 3
12-15 10:36:44.892  3164  3679 I com.miui.home: CheckGCForNative gc_urgency 0.774606 current_native_bytes is 167961541
12-15 10:36:44.920  3164  3679 I com.miui.home: CheckGCForNative adj_start_bytes: 35102798 NativeAllocationGcWatermark: 10778113 java_gc_start_bytes: 18935629 kNewNativeDiscountFactor: 2 kOldNativeDiscountFactor: 65536 old_native_bytes: 142722665 new_native_bytes: 14668892 add_bytes_allowed: 32334339 is_gc_concurrent: 1 target_footprint_: 19116045 GetBytesAllocated: 14881256 HeapGrowthMultiplier: 3
12-15 10:36:44.920  3164  3679 I com.miui.home: CheckGCForNative gc_urgency 0.632938 current_native_bytes is 157391557
12-15 10:36:45.082 12023 12023 I wm_on_top_resumed_lost_called: [121141254,com.dragon.read.pages.splash.SplashActivity,topStateChangedWhenResumed]
12-15 10:36:45.110  3164  3679 I com.miui.home: CheckGCForNative adj_start_bytes: 35102798 NativeAllocationGcWatermark: 10778113 java_gc_start_bytes: 18935629 kNewNativeDiscountFactor: 2 kOldNativeDiscountFactor: 65536 old_native_bytes: 142722665 new_native_bytes: 15121868 add_bytes_allowed: 32334339 is_gc_concurrent: 1 target_footprint_: 19116045 GetBytesAllocated: 15520904 HeapGrowthMultiplier: 3
12-15 10:36:45.110  3164  3679 I com.miui.home: CheckGCForNative gc_urgency 0.657612 current_native_bytes is 157844533
12-15 10:36:45.192  3164  3679 I com.miui.home: CheckGCForNative adj_start_bytes: 35102798 NativeAllocationGcWatermark: 10778113 java_gc_start_bytes: 18935629 kNewNativeDiscountFactor: 2 kOldNativeDiscountFactor: 65536 old_native_bytes: 142722665 new_native_bytes: 15469360 add_bytes_allowed: 32334339 is_gc_concurrent: 1 target_footprint_: 19116045 GetBytesAllocated: 15980232 HeapGrowthMultiplier: 3
12-15 10:36:45.192  3164  3679 I com.miui.home: CheckGCForNative gc_urgency 0.675647 current_native_bytes is 158192025
12-15 10:36:45.262  3164  3679 I com.miui.home: CheckGCForNative adj_start_bytes: 35102798 NativeAllocationGcWatermark: 10778113 java_gc_start_bytes: 18935629 kNewNativeDiscountFactor: 2 kOldNativeDiscountFactor: 65536 old_native_bytes: 142722665 new_native_bytes: 15538060 add_bytes_allowed: 32334339 is_gc_concurrent: 1 target_footprint_: 19116045 GetBytesAllocated: 16258824 HeapGrowthMultiplier: 3
12-15 10:36:45.262  3164  3679 I com.miui.home: CheckGCForNative gc_urgency 0.684562 current_native_bytes is 158260725
12-15 10:36:45.292 12023 12023 I wm_on_paused_called: [0,121141254,com.dragon.read.pages.splash.SplashActivity,performPause,206]
12-15 10:36:45.427  3164  3311 I com.miui.home: CheckGCForNative adj_start_bytes: 35102798 NativeAllocationGcWatermark: 10778113 java_gc_start_bytes: 18935629 kNewNativeDiscountFactor: 2 kOldNativeDiscountFactor: 65536 old_native_bytes: 142722665 new_native_bytes: 15690892 add_bytes_allowed: 32334339 is_gc_concurrent: 1 target_footprint_: 19116045 GetBytesAllocated: 16603464 HeapGrowthMultiplier: 3
12-15 10:36:45.427  3164  3311 I com.miui.home: CheckGCForNative gc_urgency 0.696557 current_native_bytes is 158413557
12-15 10:36:45.862 12395 12395 I wm_on_application_create_called: [0,com.youku.phone,204]
12-15 10:36:46.016 12395 12395 I wm_on_create_called: [0,242287906,com.youku.phone.ActivityWelcome,performCreate,137]
12-15 10:36:46.151 12395 12395 I wm_on_create_called: [0,82517636,com.youku.v2.HomePageEntry,performCreate,74]
12-15 10:36:46.196 12395 12395 I wm_on_start_called: [0,82517636,com.youku.v2.HomePageEntry,handleStartActivity,44]
12-15 10:36:46.202  3164  3679 I com.miui.home: CheckGCForNative adj_start_bytes: 35102798 NativeAllocationGcWatermark: 10778113 java_gc_start_bytes: 18935629 kNewNativeDiscountFactor: 2 kOldNativeDiscountFactor: 65536 old_native_bytes: 142722665 new_native_bytes: 15951520 add_bytes_allowed: 32334339 is_gc_concurrent: 1 target_footprint_: 19116045 GetBytesAllocated: 17063096 HeapGrowthMultiplier: 3
12-15 10:36:46.203  3164  3679 I com.miui.home: CheckGCForNative gc_urgency 0.713363 current_native_bytes is 158674185
12-15 10:36:46.226  3164  3679 I com.miui.home: CheckGCForNative adj_start_bytes: 35102798 NativeAllocationGcWatermark: 10778113 java_gc_start_bytes: 18935629 kNewNativeDiscountFactor: 2 kOldNativeDiscountFactor: 65536 old_native_bytes: 142722665 new_native_bytes: 16077972 add_bytes_allowed: 32334339 is_gc_concurrent: 1 target_footprint_: 19116045 GetBytesAllocated: 17341912 HeapGrowthMultiplier: 3
12-15 10:36:46.226  3164  3679 I com.miui.home: CheckGCForNative gc_urgency 0.723107 current_native_bytes is 158800637
12-15 10:36:46.233 12395 12395 I wm_on_resume_called: [0,82517636,com.youku.v2.HomePageEntry,RESUME_ACTIVITY,35]
12-15 10:36:46.244 12395 12395 I wm_on_top_resumed_gained_called: [82517636,com.youku.v2.HomePageEntry,topStateChangedWhenResumed]
12-15 10:36:46.274  3164  3679 I com.miui.home: CheckGCForNative adj_start_bytes: 35102798 NativeAllocationGcWatermark: 10778113 java_gc_start_bytes: 18935629 kNewNativeDiscountFactor: 2 kOldNativeDiscountFactor: 65536 old_native_bytes: 142722665 new_native_bytes: 16353108 add_bytes_allowed: 32334339 is_gc_concurrent: 1 target_footprint_: 19116045 GetBytesAllocated: 17735704 HeapGrowthMultiplier: 3
12-15 10:36:46.275  3164  3679 I com.miui.home: CheckGCForNative gc_urgency 0.738244 current_native_bytes is 159075773
12-15 10:36:47.115  3164  3725 I com.miui.home: CheckGCForNative adj_start_bytes: 35102798 NativeAllocationGcWatermark: 10778113 java_gc_start_bytes: 18935629 kNewNativeDiscountFactor: 2 kOldNativeDiscountFactor: 65536 old_native_bytes: 142722665 new_native_bytes: 27349556 add_bytes_allowed: 32334339 is_gc_concurrent: 1 target_footprint_: 19116045 GetBytesAllocated: 18457016 HeapGrowthMultiplier: 3
12-15 10:36:47.115  3164  3725 I com.miui.home: CheckGCForNative gc_urgency 0.915425 current_native_bytes is 170072221
12-15 10:36:47.160  3164  3725 I com.miui.home: CheckGCForNative adj_start_bytes: 35102798 NativeAllocationGcWatermark: 10778113 java_gc_start_bytes: 18935629 kNewNativeDiscountFactor: 2 kOldNativeDiscountFactor: 65536 old_native_bytes: 142722665 new_native_bytes: 38104956 add_bytes_allowed: 32334339 is_gc_concurrent: 1 target_footprint_: 19116045 GetBytesAllocated: 18473592 HeapGrowthMultiplier: 3
12-15 10:36:47.160  3164  3725 I com.miui.home: CheckGCForNative gc_urgency 1.0691 current_native_bytes is 180827621
12-15 10:36:47.160  3164  3725 I com.miui.home: CheckGCForNative requested 1
12-15 10:36:47.187  3164  3725 I com.miui.home: CheckGCForNative adj_start_bytes: 35102798 NativeAllocationGcWatermark: 10778113 java_gc_start_bytes: 18935629 kNewNativeDiscountFactor: 2 kOldNativeDiscountFactor: 65536 old_native_bytes: 142722665 new_native_bytes: 38156092 add_bytes_allowed: 32334339 is_gc_concurrent: 1 target_footprint_: 19116045 GetBytesAllocated: 18506360 HeapGrowthMultiplier: 3
12-15 10:36:47.187  3164  3725 I com.miui.home: CheckGCForNative gc_urgency 1.07076 current_native_bytes is 180878757
12-15 10:36:47.187  3164  3725 I com.miui.home: CheckGCForNative requested 1
12-15 10:36:47.195  3164  3311 I com.miui.home: CheckGCForNative adj_start_bytes: 35102798 NativeAllocationGcWatermark: 10778113 java_gc_start_bytes: 18935629 kNewNativeDiscountFactor: 2 kOldNativeDiscountFactor: 65536 old_native_bytes: 142722665 new_native_bytes: 27435420 add_bytes_allowed: 32334339 is_gc_concurrent: 1 target_footprint_: 19116045 GetBytesAllocated: 18522936 HeapGrowthMultiplier: 3
12-15 10:36:47.195  3164  3311 I com.miui.home: CheckGCForNative gc_urgency 0.918526 current_native_bytes is 170158085
12-15 10:36:47.377  3164  3193 I com.miui.home: NativeAlloc concurrent copying GC freed 153728(8421KB) AllocSpace objects, 12(344KB) LOS objects, 49% free, 9419KB/18MB, paused 156us,27us total 216.834ms
12-15 10:36:47.406  3164  3311 I com.miui.home: CheckGCForNative gc_urgency 0 current_native_bytes is 167780257
12-15 10:36:47.687  3164  3164 I wm_on_resume_called: [0,231647695,com.miui.home.launcher.Launcher,RESUME_ACTIVITY,3]
12-15 10:36:47.688  3164  3164 I wm_on_idle_called: com.miui.home.launcher.Launcher
12-15 10:36:47.811  3164  9541 I com.miui.home: CheckGCForNative gc_urgency 0 current_native_bytes is 142556053
12-15 10:36:47.897  3164  3679 I com.miui.home: CheckGCForNative adj_start_bytes: 35344015 NativeAllocationGcWatermark: 10800055 java_gc_start_bytes: 19143933 kNewNativeDiscountFactor: 2 kOldNativeDiscountFactor: 65536 old_native_bytes: 142556053 new_native_bytes: 977256 add_bytes_allowed: 32400165 is_gc_concurrent: 1 target_footprint_: 19291581 GetBytesAllocated: 11228832 HeapGrowthMultiplier: 3
12-15 10:36:47.898  3164  3679 I com.miui.home: CheckGCForNative gc_urgency 0.331588 current_native_bytes is 143533309
12-15 10:36:47.912  3164  9541 I com.miui.home: CheckGCForNative adj_start_bytes: 35344015 NativeAllocationGcWatermark: 10800055 java_gc_start_bytes: 19143933 kNewNativeDiscountFactor: 2 kOldNativeDiscountFactor: 65536 old_native_bytes: 142556053 new_native_bytes: 1165192 add_bytes_allowed: 32400165 is_gc_concurrent: 1 target_footprint_: 19291581 GetBytesAllocated: 11261664 HeapGrowthMultiplier: 3
12-15 10:36:47.912  3164  9541 I com.miui.home: CheckGCForNative gc_urgency 0.335175 current_native_bytes is 143721245
12-15 10:36:47.921  3164  3679 I com.miui.home: CheckGCForNative adj_start_bytes: 35344015 NativeAllocationGcWatermark: 10800055 java_gc_start_bytes: 19143933 kNewNativeDiscountFactor: 2 kOldNativeDiscountFactor: 65536 old_native_bytes: 142556053 new_native_bytes: 1543672 add_bytes_allowed: 32400165 is_gc_concurrent: 1 target_footprint_: 19291581 GetBytesAllocated: 11278048 HeapGrowthMultiplier: 3
12-15 10:36:47.921  3164  3679 I com.miui.home: CheckGCForNative gc_urgency 0.340993 current_native_bytes is 144099725
12-15 10:36:47.937  3164  3679 I com.miui.home: CheckGCForNative adj_start_bytes: 35344015 NativeAllocationGcWatermark: 10800055 java_gc_start_bytes: 19143933 kNewNativeDiscountFactor: 2 kOldNativeDiscountFactor: 65536 old_native_bytes: 142556053 new_native_bytes: 1988936 add_bytes_allowed: 32400165 is_gc_concurrent: 1 target_footprint_: 19291581 GetBytesAllocated: 11376352 HeapGrowthMultiplier: 3
12-15 10:36:47.938  3164  3679 I com.miui.home: CheckGCForNative gc_urgency 0.350073 current_native_bytes is 144544989
12-15 10:36:47.993  3164  3679 I com.miui.home: CheckGCForNative adj_start_bytes: 35344015 NativeAllocationGcWatermark: 10800055 java_gc_start_bytes: 19143933 kNewNativeDiscountFactor: 2 kOldNativeDiscountFactor: 65536 old_native_bytes: 142556053 new_native_bytes: 13110004 add_bytes_allowed: 32400165 is_gc_concurrent: 1 target_footprint_: 19291581 GetBytesAllocated: 11622240 HeapGrowthMultiplier: 3
12-15 10:36:47.993  3164  3679 I com.miui.home: CheckGCForNative gc_urgency 0.514356 current_native_bytes is 155666057
12-15 10:36:48.038  3164  3679 I com.miui.home: CheckGCForNative adj_start_bytes: 35344015 NativeAllocationGcWatermark: 10800055 java_gc_start_bytes: 19143933 kNewNativeDiscountFactor: 2 kOldNativeDiscountFactor: 65536 old_native_bytes: 142556053 new_native_bytes: 2749768 add_bytes_allowed: 32400165 is_gc_concurrent: 1 target_footprint_: 19291581 GetBytesAllocated: 11967120 HeapGrowthMultiplier: 3
12-15 10:36:48.039  3164  3679 I com.miui.home: CheckGCForNative gc_urgency 0.377551 current_native_bytes is 145305821
12-15 10:36:48.084  3164  3679 I com.miui.home: CheckGCForNative adj_start_bytes: 35344015 NativeAllocationGcWatermark: 10800055 java_gc_start_bytes: 19143933 kNewNativeDiscountFactor: 2 kOldNativeDiscountFactor: 65536 old_native_bytes: 142556053 new_native_bytes: 3137276 add_bytes_allowed: 32400165 is_gc_concurrent: 1 target_footprint_: 19291581 GetBytesAllocated: 12147344 HeapGrowthMultiplier: 3
12-15 10:36:48.085  3164  3679 I com.miui.home: CheckGCForNative gc_urgency 0.388132 current_native_bytes is 145693329
12-15 10:36:48.097  3164  3164 I wm_on_paused_called: [0,231647695,com.miui.home.launcher.Launcher,performPause,1]
12-15 10:36:48.251  3164  3679 I com.miui.home: CheckGCForNative adj_start_bytes: 35344015 NativeAllocationGcWatermark: 10800055 java_gc_start_bytes: 19143933 kNewNativeDiscountFactor: 2 kOldNativeDiscountFactor: 65536 old_native_bytes: 142556053 new_native_bytes: 3187476 add_bytes_allowed: 32400165 is_gc_concurrent: 1 target_footprint_: 19291581 GetBytesAllocated: 12844416 HeapGrowthMultiplier: 3
12-15 10:36:48.251  3164  3679 I com.miui.home: CheckGCForNative gc_urgency 0.408565 current_native_bytes is 145743529
12-15 10:36:48.352  3164  3679 I com.miui.home: CheckGCForNative adj_start_bytes: 35344015 NativeAllocationGcWatermark: 10800055 java_gc_start_bytes: 19143933 kNewNativeDiscountFactor: 2 kOldNativeDiscountFactor: 65536 old_native_bytes: 142556053 new_native_bytes: 3497072 add_bytes_allowed: 32400165 is_gc_concurrent: 1 target_footprint_: 19291581 GetBytesAllocated: 13303840 HeapGrowthMultiplier: 3
12-15 10:36:48.353  3164  3679 I com.miui.home: CheckGCForNative gc_urgency 0.425943 current_native_bytes is 146053125
12-15 10:36:48.373  3164  3311 I com.miui.home: CheckGCForNative adj_start_bytes: 35344015 NativeAllocationGcWatermark: 10800055 java_gc_start_bytes: 19143933 kNewNativeDiscountFactor: 2 kOldNativeDiscountFactor: 65536 old_native_bytes: 142556053 new_native_bytes: 3727844 add_bytes_allowed: 32400165 is_gc_concurrent: 1 target_footprint_: 19291581 GetBytesAllocated: 13484064 HeapGrowthMultiplier: 3
12-15 10:36:48.373  3164  3311 I com.miui.home: CheckGCForNative gc_urgency 0.434307 current_native_bytes is 146283897
12-15 10:36:48.799 12869 12869 I wm_on_create_called: [0,27337347,com.ucpro.MainActivity,performCreate,65]
12-15 10:36:48.980  3164  3679 I com.miui.home: CheckGCForNative adj_start_bytes: 35344015 NativeAllocationGcWatermark: 10800055 java_gc_start_bytes: 19143933 kNewNativeDiscountFactor: 2 kOldNativeDiscountFactor: 65536 old_native_bytes: 142556053 new_native_bytes: 3775876 add_bytes_allowed: 32400165 is_gc_concurrent: 1 target_footprint_: 19291581 GetBytesAllocated: 13927248 HeapGrowthMultiplier: 3
12-15 10:36:48.980  3164  3679 I com.miui.home: CheckGCForNative gc_urgency 0.447526 current_native_bytes is 146331929
12-15 10:36:48.988  3164  3679 I com.miui.home: CheckGCForNative adj_start_bytes: 35344015 NativeAllocationGcWatermark: 10800055 java_gc_start_bytes: 19143933 kNewNativeDiscountFactor: 2 kOldNativeDiscountFactor: 65536 old_native_bytes: 142556053 new_native_bytes: 3801980 add_bytes_allowed: 32400165 is_gc_concurrent: 1 target_footprint_: 19291581 GetBytesAllocated: 14009168 HeapGrowthMultiplier: 3
12-15 10:36:48.988  3164  3679 I com.miui.home: CheckGCForNative gc_urgency 0.450213 current_native_bytes is 146358033
