12-14 18:36:12.691  9343  9343 I wm_on_start_called: [0,37334109,com.dragon.read.pages.splash.SplashActivity,handleStartActivity,45]
12-14 18:36:12.732  9343  9343 I wm_on_resume_called: [0,37334109,com.dragon.read.pages.splash.SplashActivity,RESUME_ACTIVITY,34]
12-14 18:36:12.761  9343  9343 I wm_on_top_resumed_gained_called: [37334109,com.dragon.read.pages.splash.SplashActivity,topStateChangedWhenResumed]
12-14 18:36:12.959  3220  3363 I com.miui.home: CheckGCForNative adj_start_bytes: 50217431 NativeAllocationGcWatermark: 12374311 java_gc_start_bytes: 31655965 kNewNativeDiscountFactor: 2 kOldNativeDiscountFactor: 65536 old_native_bytes: 147251449 new_native_bytes: 13371312 add_bytes_allowed: 37122933 is_gc_concurrent: 1 target_footprint_: 31885629 GetBytesAllocated: 20068384 HeapGrowthMultiplier: 3
12-14 18:36:12.960  3220  3363 I com.miui.home: CheckGCForNative gc_urgency 0.532809 current_native_bytes is 160622761
12-14 18:36:12.960  3220  3363 I com.miui.home: CheckGCForNative adj_start_bytes: 50217431 NativeAllocationGcWatermark: 12374311 java_gc_start_bytes: 31655965 kNewNativeDiscountFactor: 2 kOldNativeDiscountFactor: 65536 old_native_bytes: 147251449 new_native_bytes: 13372848 add_bytes_allowed: 37122933 is_gc_concurrent: 1 target_footprint_: 31885629 GetBytesAllocated: 20068384 HeapGrowthMultiplier: 3
12-14 18:36:12.960  3220  3363 I com.miui.home: CheckGCForNative gc_urgency 0.532824 current_native_bytes is 160624297
12-14 18:36:13.229  9343  9343 I wm_on_top_resumed_lost_called: [37334109,com.dragon.read.pages.splash.SplashActivity,topStateChangedWhenResumed]
12-14 18:36:13.233  9343  9343 I wm_on_paused_called: [0,37334109,com.dragon.read.pages.splash.SplashActivity,performPause,3]
12-14 18:36:13.243  3220  3220 I wm_on_resume_called: [0,241954343,com.miui.home.launcher.Launcher,RESUME_ACTIVITY,4]
12-14 18:36:13.244  3220  3220 I wm_on_top_resumed_gained_called: [241954343,com.miui.home.launcher.Launcher,topWhenResuming]
12-14 18:36:13.245  3220  3220 I wm_on_idle_called: com.miui.home.launcher.Launcher
12-14 18:36:13.300  3220  3334 I com.miui.home: CheckGCForNative adj_start_bytes: 50217431 NativeAllocationGcWatermark: 12374311 java_gc_start_bytes: 31655965 kNewNativeDiscountFactor: 2 kOldNativeDiscountFactor: 65536 old_native_bytes: 147251449 new_native_bytes: 13526820 add_bytes_allowed: 37122933 is_gc_concurrent: 1 target_footprint_: 31885629 GetBytesAllocated: 21314944 HeapGrowthMultiplier: 3
12-14 18:36:13.300  3220  3334 I com.miui.home: CheckGCForNative gc_urgency 0.55918 current_native_bytes is 160778269
12-14 18:36:13.389  3220  3220 I wm_on_top_resumed_lost_called: [241954343,com.miui.home.launcher.Launcher,topStateChangedWhenResumed]
12-14 18:36:13.392  3220  3811 I com.miui.home: CheckGCForNative adj_start_bytes: 50217431 NativeAllocationGcWatermark: 12374311 java_gc_start_bytes: 31655965 kNewNativeDiscountFactor: 2 kOldNativeDiscountFactor: 65536 old_native_bytes: 147251449 new_native_bytes: 24259652 add_bytes_allowed: 37122933 is_gc_concurrent: 1 target_footprint_: 31885629 GetBytesAllocated: 21487008 HeapGrowthMultiplier: 3
12-14 18:36:13.392  3220  3811 I com.miui.home: CheckGCForNative gc_urgency 0.66947 current_native_bytes is 171511101
12-14 18:36:13.397  3220  3220 I wm_on_paused_called: [0,241954343,com.miui.home.launcher.Launcher,performPause,1]
12-14 18:36:13.478  3220  3811 I com.miui.home: CheckGCForNative adj_start_bytes: 50217431 NativeAllocationGcWatermark: 12374311 java_gc_start_bytes: 31655965 kNewNativeDiscountFactor: 2 kOldNativeDiscountFactor: 65536 old_native_bytes: 147251449 new_native_bytes: 14023340 add_bytes_allowed: 37122933 is_gc_concurrent: 1 target_footprint_: 31885629 GetBytesAllocated: 21799344 HeapGrowthMultiplier: 3
12-14 18:36:13.478  3220  3811 I com.miui.home: CheckGCForNative gc_urgency 0.57377 current_native_bytes is 161274789
12-14 18:36:13.505  3220  3811 I com.miui.home: CheckGCForNative adj_start_bytes: 50217431 NativeAllocationGcWatermark: 12374311 java_gc_start_bytes: 31655965 kNewNativeDiscountFactor: 2 kOldNativeDiscountFactor: 65536 old_native_bytes: 147251449 new_native_bytes: 14368652 add_bytes_allowed: 37122933 is_gc_concurrent: 1 target_footprint_: 31885629 GetBytesAllocated: 21979568 HeapGrowthMultiplier: 3
12-14 18:36:13.505  3220  3811 I com.miui.home: CheckGCForNative gc_urgency 0.580797 current_native_bytes is 161620101
12-14 18:36:13.592  3220  3811 I com.miui.home: CheckGCForNative adj_start_bytes: 50217431 NativeAllocationGcWatermark: 12374311 java_gc_start_bytes: 31655965 kNewNativeDiscountFactor: 2 kOldNativeDiscountFactor: 65536 old_native_bytes: 147251449 new_native_bytes: 14593652 add_bytes_allowed: 37122933 is_gc_concurrent: 1 target_footprint_: 31885629 GetBytesAllocated: 22496336 HeapGrowthMultiplier: 3
12-14 18:36:13.592  3220  3811 I com.miui.home: CheckGCForNative gc_urgency 0.593328 current_native_bytes is 161845101
12-14 18:36:13.698  3220  3811 I com.miui.home: CheckGCForNative adj_start_bytes: 50217431 NativeAllocationGcWatermark: 12374311 java_gc_start_bytes: 31655965 kNewNativeDiscountFactor: 2 kOldNativeDiscountFactor: 65536 old_native_bytes: 147251449 new_native_bytes: 14743732 add_bytes_allowed: 37122933 is_gc_concurrent: 1 target_footprint_: 31885629 GetBytesAllocated: 22857360 HeapGrowthMultiplier: 3
12-14 18:36:13.699  3220  3811 I com.miui.home: CheckGCForNative gc_urgency 0.602012 current_native_bytes is 161995181
12-14 18:36:14.221  9840  9840 I wm_on_application_create_called: [0,com.youku.phone,282]
12-14 18:36:14.385  9840  9840 I wm_on_create_called: [0,125483338,com.youku.phone.ActivityWelcome,performCreate,151]
12-14 18:36:14.524  9840  9840 I wm_on_create_called: [0,83416078,com.youku.v2.HomePageEntry,performCreate,69]
12-14 18:36:14.557  3220  3811 I com.miui.home: CheckGCForNative adj_start_bytes: 50217431 NativeAllocationGcWatermark: 12374311 java_gc_start_bytes: 31655965 kNewNativeDiscountFactor: 2 kOldNativeDiscountFactor: 65536 old_native_bytes: 147251449 new_native_bytes: 14943988 add_bytes_allowed: 37122933 is_gc_concurrent: 1 target_footprint_: 31885629 GetBytesAllocated: 23316976 HeapGrowthMultiplier: 3
12-14 18:36:14.557  3220  3811 I com.miui.home: CheckGCForNative gc_urgency 0.613158 current_native_bytes is 162195437
12-14 18:36:14.588  3220  3811 I com.miui.home: CheckGCForNative adj_start_bytes: 50217431 NativeAllocationGcWatermark: 12374311 java_gc_start_bytes: 31655965 kNewNativeDiscountFactor: 2 kOldNativeDiscountFactor: 65536 old_native_bytes: 147251449 new_native_bytes: 15176820 add_bytes_allowed: 37122933 is_gc_concurrent: 1 target_footprint_: 31885629 GetBytesAllocated: 23678016 HeapGrowthMultiplier: 3
12-14 18:36:14.588  3220  3811 I com.miui.home: CheckGCForNative gc_urgency 0.622666 current_native_bytes is 162428269
12-14 18:36:14.616  9840  9840 I wm_on_start_called: [0,83416078,com.youku.v2.HomePageEntry,handleStartActivity,87]
12-14 18:36:14.649  9840  9840 I wm_on_resume_called: [0,83416078,com.youku.v2.HomePageEntry,RESUME_ACTIVITY,32]
12-14 18:36:14.666  9840  9840 I wm_on_top_resumed_gained_called: [83416078,com.youku.v2.HomePageEntry,topStateChangedWhenResumed]
12-14 18:36:15.138  3220  3220 I wm_on_stop_called: [0,241954343,com.miui.home.launcher.Launcher,STOP_ACTIVITY_ITEM,4]
12-14 18:36:15.176  3220  3220 I wm_on_restart_called: [0,241954343,com.miui.home.launcher.Launcher,performRestartActivity,0]
12-14 18:36:15.177  3220  3220 I wm_on_start_called: [0,241954343,com.miui.home.launcher.Launcher,handleStartActivity,1]
12-14 18:36:15.261  3220  3253 I com.miui.home: CheckGCForNative adj_start_bytes: 50217431 NativeAllocationGcWatermark: 12374311 java_gc_start_bytes: 31655965 kNewNativeDiscountFactor: 2 kOldNativeDiscountFactor: 65536 old_native_bytes: 147251449 new_native_bytes: 26220732 add_bytes_allowed: 37122933 is_gc_concurrent: 1 target_footprint_: 31885629 GetBytesAllocated: 24686672 HeapGrowthMultiplier: 3
12-14 18:36:15.261  3220  3253 I com.miui.home: CheckGCForNative gc_urgency 0.752712 current_native_bytes is 173472181
12-14 18:36:15.262  3220  3253 I com.miui.home: CheckGCForNative adj_start_bytes: 50217431 NativeAllocationGcWatermark: 12374311 java_gc_start_bytes: 31655965 kNewNativeDiscountFactor: 2 kOldNativeDiscountFactor: 65536 old_native_bytes: 147251449 new_native_bytes: 36926204 add_bytes_allowed: 37122933 is_gc_concurrent: 1 target_footprint_: 31885629 GetBytesAllocated: 24703248 HeapGrowthMultiplier: 3
12-14 18:36:15.262  3220  3253 I com.miui.home: CheckGCForNative gc_urgency 0.859634 current_native_bytes is 184177653
12-14 18:36:15.297  3220  3363 I com.miui.home: CheckGCForNative adj_start_bytes: 50217431 NativeAllocationGcWatermark: 12374311 java_gc_start_bytes: 31655965 kNewNativeDiscountFactor: 2 kOldNativeDiscountFactor: 65536 old_native_bytes: 147251449 new_native_bytes: 26227228 add_bytes_allowed: 37122933 is_gc_concurrent: 1 target_footprint_: 31885629 GetBytesAllocated: 24719632 HeapGrowthMultiplier: 3
12-14 18:36:15.297  3220  3363 I com.miui.home: CheckGCForNative gc_urgency 0.753433 current_native_bytes is 173478677
12-14 18:36:15.384  3220  8631 I com.miui.home: CheckGCForNative adj_start_bytes: 50217431 NativeAllocationGcWatermark: 12374311 java_gc_start_bytes: 31655965 kNewNativeDiscountFactor: 2 kOldNativeDiscountFactor: 65536 old_native_bytes: 147251449 new_native_bytes: 36859900 add_bytes_allowed: 37122933 is_gc_concurrent: 1 target_footprint_: 31885629 GetBytesAllocated: 24752400 HeapGrowthMultiplier: 3
12-14 18:36:15.385  3220  8631 I com.miui.home: CheckGCForNative gc_urgency 0.859952 current_native_bytes is 184111349
12-14 18:36:15.388  9840  9840 I wm_on_destroy_called: [0,125483338,com.youku.phone.ActivityWelcome,performDestroy,0]
12-14 18:36:15.631  3220  3363 I com.miui.home: CheckGCForNative adj_start_bytes: 50217431 NativeAllocationGcWatermark: 12374311 java_gc_start_bytes: 31655965 kNewNativeDiscountFactor: 2 kOldNativeDiscountFactor: 65536 old_native_bytes: 147251449 new_native_bytes: 26174972 add_bytes_allowed: 37122933 is_gc_concurrent: 1 target_footprint_: 31885629 GetBytesAllocated: 24932864 HeapGrowthMultiplier: 3
12-14 18:36:15.631  3220  3363 I com.miui.home: CheckGCForNative gc_urgency 0.757159 current_native_bytes is 173426421
12-14 18:36:15.642  3220  3363 I com.miui.home: CheckGCForNative adj_start_bytes: 50217431 NativeAllocationGcWatermark: 12374311 java_gc_start_bytes: 31655965 kNewNativeDiscountFactor: 2 kOldNativeDiscountFactor: 65536 old_native_bytes: 147251449 new_native_bytes: 26175228 add_bytes_allowed: 37122933 is_gc_concurrent: 1 target_footprint_: 31885629 GetBytesAllocated: 24932864 HeapGrowthMultiplier: 3
12-14 18:36:15.642  3220  3363 I com.miui.home: CheckGCForNative gc_urgency 0.757162 current_native_bytes is 173426677
12-14 18:36:15.787  3220  3220 I wm_on_resume_called: [0,241954343,com.miui.home.launcher.Launcher,RESUME_ACTIVITY,3]
12-14 18:36:15.788  3220  3220 I wm_on_idle_called: com.miui.home.launcher.Launcher
12-14 18:36:15.971  3220  3811 I com.miui.home: CheckGCForNative adj_start_bytes: 50217431 NativeAllocationGcWatermark: 12374311 java_gc_start_bytes: 31655965 kNewNativeDiscountFactor: 2 kOldNativeDiscountFactor: 65536 old_native_bytes: 147251449 new_native_bytes: 26483316 add_bytes_allowed: 37122933 is_gc_concurrent: 1 target_footprint_: 31885629 GetBytesAllocated: 26015568 HeapGrowthMultiplier: 3
12-14 18:36:15.971  3220  3811 I com.miui.home: CheckGCForNative gc_urgency 0.78179 current_native_bytes is 173734765
12-14 18:36:15.978  3220  3811 I com.miui.home: CheckGCForNative adj_start_bytes: 50217431 NativeAllocationGcWatermark: 12374311 java_gc_start_bytes: 31655965 kNewNativeDiscountFactor: 2 kOldNativeDiscountFactor: 65536 old_native_bytes: 147251449 new_native_bytes: 37218964 add_bytes_allowed: 37122933 is_gc_concurrent: 1 target_footprint_: 31885629 GetBytesAllocated: 26097488 HeapGrowthMultiplier: 3
12-14 18:36:15.978  3220  3811 I com.miui.home: CheckGCForNative gc_urgency 0.890313 current_native_bytes is 184470413
12-14 18:36:15.993  3220  3811 I com.miui.home: CheckGCForNative adj_start_bytes: 50217431 NativeAllocationGcWatermark: 12374311 java_gc_start_bytes: 31655965 kNewNativeDiscountFactor: 2 kOldNativeDiscountFactor: 65536 old_native_bytes: 147251449 new_native_bytes: 26655572 add_bytes_allowed: 37122933 is_gc_concurrent: 1 target_footprint_: 31885629 GetBytesAllocated: 26376784 HeapGrowthMultiplier: 3
12-14 18:36:15.993  3220  3811 I com.miui.home: CheckGCForNative gc_urgency 0.790698 current_native_bytes is 173907021
12-14 18:36:16.163  3220  3220 I wm_on_paused_called: [0,241954343,com.miui.home.launcher.Launcher,performPause,1]
12-14 18:36:16.302  3220  3811 I com.miui.home: CheckGCForNative adj_start_bytes: 50217431 NativeAllocationGcWatermark: 12374311 java_gc_start_bytes: 31655965 kNewNativeDiscountFactor: 2 kOldNativeDiscountFactor: 65536 old_native_bytes: 147251449 new_native_bytes: 27336152 add_bytes_allowed: 37122933 is_gc_concurrent: 1 target_footprint_: 31885629 GetBytesAllocated: 27237712 HeapGrowthMultiplier: 3
12-14 18:36:16.302  3220  3811 I com.miui.home: CheckGCForNative gc_urgency 0.814618 current_native_bytes is 174587601
12-14 18:36:16.362  3220  3811 I com.miui.home: CheckGCForNative adj_start_bytes: 50217431 NativeAllocationGcWatermark: 12374311 java_gc_start_bytes: 31655965 kNewNativeDiscountFactor: 2 kOldNativeDiscountFactor: 65536 old_native_bytes: 147251449 new_native_bytes: 27711328 add_bytes_allowed: 37122933 is_gc_concurrent: 1 target_footprint_: 31885629 GetBytesAllocated: 27729904 HeapGrowthMultiplier: 3
12-14 18:36:16.362  3220  3811 I com.miui.home: CheckGCForNative gc_urgency 0.828155 current_native_bytes is 174962777
12-14 18:36:16.444  3220  3363 I com.miui.home: CheckGCForNative adj_start_bytes: 50217431 NativeAllocationGcWatermark: 12374311 java_gc_start_bytes: 31655965 kNewNativeDiscountFactor: 2 kOldNativeDiscountFactor: 65536 old_native_bytes: 147251449 new_native_bytes: 27750144 add_bytes_allowed: 37122933 is_gc_concurrent: 1 target_footprint_: 31885629 GetBytesAllocated: 27910128 HeapGrowthMultiplier: 3
12-14 18:36:16.444  3220  3363 I com.miui.home: CheckGCForNative gc_urgency 0.83213 current_native_bytes is 175001593
12-14 18:36:16.898 10303 10303 I wm_on_create_called: [0,204314523,com.ucpro.MainActivity,performCreate,90]
12-14 18:36:17.072  3220  3811 I com.miui.home: CheckGCForNative adj_start_bytes: 50217431 NativeAllocationGcWatermark: 12374311 java_gc_start_bytes: 31655965 kNewNativeDiscountFactor: 2 kOldNativeDiscountFactor: 65536 old_native_bytes: 147251449 new_native_bytes: 27975168 add_bytes_allowed: 37122933 is_gc_concurrent: 1 target_footprint_: 31885629 GetBytesAllocated: 28336992 HeapGrowthMultiplier: 3
12-14 18:36:17.072  3220  3811 I com.miui.home: CheckGCForNative gc_urgency 0.842871 current_native_bytes is 175226617
12-14 18:36:17.104  3220  3811 I com.miui.home: CheckGCForNative adj_start_bytes: 50217431 NativeAllocationGcWatermark: 12374311 java_gc_start_bytes: 31655965 kNewNativeDiscountFactor: 2 kOldNativeDiscountFactor: 65536 old_native_bytes: 147251449 new_native_bytes: 28251208 add_bytes_allowed: 37122933 is_gc_concurrent: 1 target_footprint_: 31885629 GetBytesAllocated: 28747200 HeapGrowthMultiplier: 3
12-14 18:36:17.104  3220  3811 I com.miui.home: CheckGCForNative gc_urgency 0.853788 current_native_bytes is 175502657
12-14 18:36:17.363 10303 10303 I wm_on_create_called: [0,138342928,com.ucpro.BrowserActivity,performCreate,404]
12-14 18:36:17.368 10303 10303 I wm_on_start_called: [0,138342928,com.ucpro.BrowserActivity,handleStartActivity,4]
12-14 18:36:17.373 10303 10303 I wm_on_resume_called: [0,138342928,com.ucpro.BrowserActivity,RESUME_ACTIVITY,4]
12-14 18:36:17.394 10303 10303 I wm_on_top_resumed_gained_called: [138342928,com.ucpro.BrowserActivity,topStateChangedWhenResumed]
12-14 18:36:17.717  3220  3220 I wm_on_stop_called: [0,241954343,com.miui.home.launcher.Launcher,STOP_ACTIVITY_ITEM,4]
12-14 18:36:17.953 10303 10303 I wm_on_destroy_called: [0,204314523,com.ucpro.MainActivity,performDestroy,0]
12-14 18:36:18.084  3220  3220 I wm_on_restart_called: [0,241954343,com.miui.home.launcher.Launcher,performRestartActivity,0]
12-14 18:36:18.085  3220  3220 I wm_on_start_called: [0,241954343,com.miui.home.launcher.Launcher,handleStartActivity,1]
12-14 18:36:18.112  3220 14453 I com.miui.home: CheckGCForNative adj_start_bytes: 50217431 NativeAllocationGcWatermark: 12374311 java_gc_start_bytes: 31655965 kNewNativeDiscountFactor: 2 kOldNativeDiscountFactor: 65536 old_native_bytes: 147251449 new_native_bytes: 39005976 add_bytes_allowed: 37122933 is_gc_concurrent: 1 target_footprint_: 31885629 GetBytesAllocated: 29542272 HeapGrowthMultiplier: 3
12-14 18:36:18.112  3220 14453 I com.miui.home: CheckGCForNative gc_urgency 0.976703 current_native_bytes is 186257425
12-14 18:36:18.113  3220 14453 I com.miui.home: CheckGCForNative adj_start_bytes: 50217431 NativeAllocationGcWatermark: 12374311 java_gc_start_bytes: 31655965 kNewNativeDiscountFactor: 2 kOldNativeDiscountFactor: 65536 old_native_bytes: 147251449 new_native_bytes: 49711896 add_bytes_allowed: 37122933 is_gc_concurrent: 1 target_footprint_: 31885629 GetBytesAllocated: 29542464 HeapGrowthMultiplier: 3
12-14 18:36:18.113  3220 14453 I com.miui.home: CheckGCForNative gc_urgency 1.0833 current_native_bytes is 196963345
12-14 18:36:18.113  3220 14453 I com.miui.home: CheckGCForNative requested 1
12-14 18:36:18.116  3220 14453 I com.miui.home: CheckGCForNative adj_start_bytes: 50217431 NativeAllocationGcWatermark: 12374311 java_gc_start_bytes: 31655965 kNewNativeDiscountFactor: 2 kOldNativeDiscountFactor: 65536 old_native_bytes: 147251449 new_native_bytes: 49714904 add_bytes_allowed: 37122933 is_gc_concurrent: 1 target_footprint_: 31885629 GetBytesAllocated: 29542464 HeapGrowthMultiplier: 3
12-14 18:36:18.116  3220 14453 I com.miui.home: CheckGCForNative gc_urgency 1.08333 current_native_bytes is 196966353
12-14 18:36:18.116  3220 14453 I com.miui.home: CheckGCForNative requested 1
12-14 18:36:18.335  3220  3247 I com.miui.home: NativeAlloc concurrent copying GC freed 238117(12MB) AllocSpace objects, 28(1024KB) LOS objects, 49% free, 15MB/30MB, paused 78us,148us total 221.380ms
12-14 18:36:18.347  3220  3363 I com.miui.home: CheckGCForNative gc_urgency 0 current_native_bytes is 151556437
12-14 18:36:18.358  3220  3363 I com.miui.home: CheckGCForNative gc_urgency 0 current_native_bytes is 149512917
12-14 18:36:18.662  3220  3220 I wm_on_resume_called: [0,241954343,com.miui.home.launcher.Launcher,RESUME_ACTIVITY,4]
12-14 18:36:18.663  3220  3220 I wm_on_idle_called: com.miui.home.launcher.Launcher
12-14 18:36:18.829  3220  3811 I com.miui.home: CheckGCForNative gc_urgency 0 current_native_bytes is 147375297
12-14 18:36:18.844  3220  3811 I com.miui.home: CheckGCForNative adj_start_bytes: 50283450 NativeAllocationGcWatermark: 12377811 java_gc_start_bytes: 31716734 kNewNativeDiscountFactor: 2 kOldNativeDiscountFactor: 65536 old_native_bytes: 147375297 new_native_bytes: 1251056 add_bytes_allowed: 37133433 is_gc_concurrent: 1 target_footprint_: 31913630 GetBytesAllocated: 17416496 HeapGrowthMultiplier: 3
12-14 18:36:18.844  3220  3811 I com.miui.home: CheckGCForNative gc_urgency 0.358851 current_native_bytes is 148626353
12-14 18:36:18.851  3220  3811 I com.miui.home: CheckGCForNative adj_start_bytes: 50283450 NativeAllocationGcWatermark: 12377811 java_gc_start_bytes: 31716734 kNewNativeDiscountFactor: 2 kOldNativeDiscountFactor: 65536 old_native_bytes: 147375297 new_native_bytes: 1624336 add_bytes_allowed: 37133433 is_gc_concurrent: 1 target_footprint_: 31913630 GetBytesAllocated: 17465712 HeapGrowthMultiplier: 3
12-14 18:36:18.851  3220  3811 I com.miui.home: CheckGCForNative gc_urgency 0.363542 current_native_bytes is 148999633
12-14 18:36:18.886  3220  3220 I wm_on_paused_called: [0,241954343,com.miui.home.launcher.Launcher,performPause,0]
12-14 18:36:18.901  3220 32174 I com.miui.home: CheckGCForNative adj_start_bytes: 50283450 NativeAllocationGcWatermark: 12377811 java_gc_start_bytes: 31716734 kNewNativeDiscountFactor: 2 kOldNativeDiscountFactor: 65536 old_native_bytes: 147375297 new_native_bytes: 2118256 add_bytes_allowed: 37133433 is_gc_concurrent: 1 target_footprint_: 31913630 GetBytesAllocated: 17646000 HeapGrowthMultiplier: 3
12-14 18:36:18.901  3220 32174 I com.miui.home: CheckGCForNative gc_urgency 0.372038 current_native_bytes is 149493553
12-14 18:36:19.037  3220  3811 I com.miui.home: CheckGCForNative adj_start_bytes: 50283450 NativeAllocationGcWatermark: 12377811 java_gc_start_bytes: 31716734 kNewNativeDiscountFactor: 2 kOldNativeDiscountFactor: 65536 old_native_bytes: 147375297 new_native_bytes: 2533920 add_bytes_allowed: 37133433 is_gc_concurrent: 1 target_footprint_: 31913630 GetBytesAllocated: 18195872 HeapGrowthMultiplier: 3
12-14 18:36:19.037  3220  3811 I com.miui.home: CheckGCForNative gc_urgency 0.387107 current_native_bytes is 149909217
12-14 18:36:19.040  3220  3811 I com.miui.home: CheckGCForNative adj_start_bytes: 50283450 NativeAllocationGcWatermark: 12377811 java_gc_start_bytes: 31716734 kNewNativeDiscountFactor: 2 kOldNativeDiscountFactor: 65536 old_native_bytes: 147375297 new_native_bytes: 2930752 add_bytes_allowed: 37133433 is_gc_concurrent: 1 target_footprint_: 31913630 GetBytesAllocated: 18195872 HeapGrowthMultiplier: 3
12-14 18:36:19.040  3220  3811 I com.miui.home: CheckGCForNative gc_urgency 0.391053 current_native_bytes is 150306049
12-14 18:36:19.061  3220  3811 I com.miui.home: CheckGCForNative adj_start_bytes: 50283450 NativeAllocationGcWatermark: 12377811 java_gc_start_bytes: 31716734 kNewNativeDiscountFactor: 2 kOldNativeDiscountFactor: 65536 old_native_bytes: 147375297 new_native_bytes: 3424448 add_bytes_allowed: 37133433 is_gc_concurrent: 1 target_footprint_: 31913630 GetBytesAllocated: 18359712 HeapGrowthMultiplier: 3
12-14 18:36:19.061  3220  3811 I com.miui.home: CheckGCForNative gc_urgency 0.399221 current_native_bytes is 150799745
12-14 18:36:19.084  3220  3811 I com.miui.home: CheckGCForNative adj_start_bytes: 50283450 NativeAllocationGcWatermark: 12377811 java_gc_start_bytes: 31716734 kNewNativeDiscountFactor: 2 kOldNativeDiscountFactor: 65536 old_native_bytes: 147375297 new_native_bytes: 14249248 add_bytes_allowed: 37133433 is_gc_concurrent: 1 target_footprint_: 31913630 GetBytesAllocated: 18474400 HeapGrowthMultiplier: 3
12-14 18:36:19.084  3220  3811 I com.miui.home: CheckGCForNative gc_urgency 0.509139 current_native_bytes is 161624545
12-14 18:36:19.107  3220  3811 I com.miui.home: CheckGCForNative adj_start_bytes: 50283450 NativeAllocationGcWatermark: 12377811 java_gc_start_bytes: 31716734 kNewNativeDiscountFactor: 2 kOldNativeDiscountFactor: 65536 old_native_bytes: 147375297 new_native_bytes: 4026560 add_bytes_allowed: 37133433 is_gc_concurrent: 1 target_footprint_: 31913630 GetBytesAllocated: 18721040 HeapGrowthMultiplier: 3
12-14 18:36:19.108  3220  3811 I com.miui.home: CheckGCForNative gc_urgency 0.412394 current_native_bytes is 151401857
12-14 18:36:19.130  3220  3339 I com.miui.home: CheckGCForNative adj_start_bytes: 50283450 NativeAllocationGcWatermark: 12377811 java_gc_start_bytes: 31716734 kNewNativeDiscountFactor: 2 kOldNativeDiscountFactor: 65536 old_native_bytes: 147375297 new_native_bytes: 4141760 add_bytes_allowed: 37133433 is_gc_concurrent: 1 target_footprint_: 31913630 GetBytesAllocated: 18950416 HeapGrowthMultiplier: 3
12-14 18:36:19.130  3220  3339 I com.miui.home: CheckGCForNative gc_urgency 0.418101 current_native_bytes is 151517057
12-14 18:36:19.727 10719 10719 I wm_on_create_called: [0,65917126,com.eg.android.AlipayGphone.AlipayLogin,performCreate,59]
12-14 18:36:19.730 10719 10719 I wm_on_start_called: [0,65917126,com.eg.android.AlipayGphone.AlipayLogin,handleStartActivity,2]
12-14 18:36:19.734 10719 10719 I wm_on_resume_called: [0,65917126,com.eg.android.AlipayGphone.AlipayLogin,RESUME_ACTIVITY,3]
12-14 18:36:19.759 10719 10719 I wm_on_top_resumed_gained_called: [65917126,com.eg.android.AlipayGphone.AlipayLogin,topStateChangedWhenResumed]
12-14 18:36:20.325 10719 10719 I wm_on_idle_called: com.eg.android.AlipayGphone.AlipayLogin
12-14 18:36:20.354  3220  3220 I wm_on_stop_called: [0,241954343,com.miui.home.launcher.Launcher,STOP_ACTIVITY_ITEM,8]
12-14 18:36:20.681  3220  3220 I wm_on_restart_called: [0,241954343,com.miui.home.launcher.Launcher,performRestartActivity,0]
12-14 18:36:20.682  3220  3220 I wm_on_start_called: [0,241954343,com.miui.home.launcher.Launcher,handleStartActivity,0]
12-14 18:36:20.764  3220 14453 I com.miui.home: CheckGCForNative adj_start_bytes: 50283450 NativeAllocationGcWatermark: 12377811 java_gc_start_bytes: 31716734 kNewNativeDiscountFactor: 2 kOldNativeDiscountFactor: 65536 old_native_bytes: 147375297 new_native_bytes: 15248920 add_bytes_allowed: 37133433 is_gc_concurrent: 1 target_footprint_: 31913630 GetBytesAllocated: 19794880 HeapGrowthMultiplier: 3
12-14 18:36:20.764  3220 14453 I com.miui.home: CheckGCForNative gc_urgency 0.54534 current_native_bytes is 162624217
12-14 18:36:20.767  3220 14453 I com.miui.home: CheckGCForNative adj_start_bytes: 50283450 NativeAllocationGcWatermark: 12377811 java_gc_start_bytes: 31716734 kNewNativeDiscountFactor: 2 kOldNativeDiscountFactor: 65536 old_native_bytes: 147375297 new_native_bytes: 25954840 add_bytes_allowed: 37133433 is_gc_concurrent: 1 target_footprint_: 31913630 GetBytesAllocated: 19811456 HeapGrowthMultiplier: 3
12-14 18:36:20.768  3220 14453 I com.miui.home: CheckGCForNative gc_urgency 0.652126 current_native_bytes is 173330137
12-14 18:36:20.844  3220 14453 I com.miui.home: CheckGCForNative adj_start_bytes: 50283450 NativeAllocationGcWatermark: 12377811 java_gc_start_bytes: 31716734 kNewNativeDiscountFactor: 2 kOldNativeDiscountFactor: 65536 old_native_bytes: 147375297 new_native_bytes: 26002456 add_bytes_allowed: 37133433 is_gc_concurrent: 1 target_footprint_: 31913630 GetBytesAllocated: 19860608 HeapGrowthMultiplier: 3
12-14 18:36:20.844  3220 14453 I com.miui.home: CheckGCForNative gc_urgency 0.653577 current_native_bytes is 173377753
12-14 18:36:20.882  3220  3363 I com.miui.home: CheckGCForNative adj_start_bytes: 50283450 NativeAllocationGcWatermark: 12377811 java_gc_start_bytes: 31716734 kNewNativeDiscountFactor: 2 kOldNativeDiscountFactor: 65536 old_native_bytes: 147375297 new_native_bytes: 15300248 add_bytes_allowed: 37133433 is_gc_concurrent: 1 target_footprint_: 31913630 GetBytesAllocated: 19909952 HeapGrowthMultiplier: 3
12-14 18:36:20.882  3220  3363 I com.miui.home: CheckGCForNative gc_urgency 0.548139 current_native_bytes is 162675545
12-14 18:36:20.983  3220  3363 I com.miui.home: CheckGCForNative adj_start_bytes: 50283450 NativeAllocationGcWatermark: 12377811 java_gc_start_bytes: 31716734 kNewNativeDiscountFactor: 2 kOldNativeDiscountFactor: 65536 old_native_bytes: 147375297 new_native_bytes: 15308760 add_bytes_allowed: 37133433 is_gc_concurrent: 1 target_footprint_: 31913630 GetBytesAllocated: 19975488 HeapGrowthMultiplier: 3
12-14 18:36:20.983  3220  3363 I com.miui.home: CheckGCForNative gc_urgency 0.549527 current_native_bytes is 162684057
12-14 18:36:20.997 11055 11055 I wm_on_application_create_called: [0,com.eg.android.AlipayGphone,374]
12-14 18:36:21.273 10719 10719 I wm_on_top_resumed_lost_called: [65917126,com.eg.android.AlipayGphone.AlipayLogin,topStateChangedWhenResumed]
12-14 18:36:21.292  3220  3220 I wm_on_resume_called: [0,241954343,com.miui.home.launcher.Launcher,RESUME_ACTIVITY,12]
12-14 18:36:21.293  3220  3220 I wm_on_idle_called: com.miui.home.launcher.Launcher
12-14 18:36:21.308  3220  3220 I wm_on_top_resumed_gained_called: [241954343,com.miui.home.launcher.Launcher,topStateChangedWhenResumed]
12-14 18:36:21.319 10719 10719 I wm_on_paused_called: [0,65917126,com.eg.android.AlipayGphone.AlipayLogin,performPause,1]
12-14 18:36:21.450  3220  3811 I com.miui.home: CheckGCForNative adj_start_bytes: 50283450 NativeAllocationGcWatermark: 12377811 java_gc_start_bytes: 31716734 kNewNativeDiscountFactor: 2 kOldNativeDiscountFactor: 65536 old_native_bytes: 147375297 new_native_bytes: 15545544 add_bytes_allowed: 37133433 is_gc_concurrent: 1 target_footprint_: 31913630 GetBytesAllocated: 21107600 HeapGrowthMultiplier: 3
12-14 18:36:21.450  3220  3811 I com.miui.home: CheckGCForNative gc_urgency 0.574396 current_native_bytes is 162920841
12-14 18:36:21.503  3220  3339 I com.miui.home: CheckGCForNative adj_start_bytes: 50283450 NativeAllocationGcWatermark: 12377811 java_gc_start_bytes: 31716734 kNewNativeDiscountFactor: 2 kOldNativeDiscountFactor: 65536 old_native_bytes: 147375297 new_native_bytes: 15786896 add_bytes_allowed: 37133433 is_gc_concurrent: 1 target_footprint_: 31913630 GetBytesAllocated: 21369904 HeapGrowthMultiplier: 3
12-14 18:36:21.503  3220  3339 I com.miui.home: CheckGCForNative gc_urgency 0.585606 current_native_bytes is 163162193
12-14 18:36:21.512  3220  3811 I com.miui.home: CheckGCForNative adj_start_bytes: 50283450 NativeAllocationGcWatermark: 12377811 java_gc_start_bytes: 31716734 kNewNativeDiscountFactor: 2 kOldNativeDiscountFactor: 65536 old_native_bytes: 147375297 new_native_bytes: 16242160 add_bytes_allowed: 37133433 is_gc_concurrent: 1 target_footprint_: 31913630 GetBytesAllocated: 21681680 HeapGrowthMultiplier: 3
12-14 18:36:21.512  3220  3811 I com.miui.home: CheckGCForNative gc_urgency 0.59274 current_native_bytes is 163617457
12-14 18:36:21.512  3220  3339 I com.miui.home: CheckGCForNative adj_start_bytes: 50283450 NativeAllocationGcWatermark: 12377811 java_gc_start_bytes: 31716734 kNewNativeDiscountFactor: 2 kOldNativeDiscountFactor: 65536 old_native_bytes: 147375297 new_native_bytes: 27004592 add_bytes_allowed: 37133433 is_gc_concurrent: 1 target_footprint_: 31913630 GetBytesAllocated: 21681680 HeapGrowthMultiplier: 3
12-14 18:36:21.512  3220  3339 I com.miui.home: CheckGCForNative gc_urgency 0.700083 current_native_bytes is 174379889
12-14 18:36:21.547  3220  3339 I com.miui.home: CheckGCForNative adj_start_bytes: 50283450 NativeAllocationGcWatermark: 12377811 java_gc_start_bytes: 31716734 kNewNativeDiscountFactor: 2 kOldNativeDiscountFactor: 65536 old_native_bytes: 147375297 new_native_bytes: 41549680 add_bytes_allowed: 37133433 is_gc_concurrent: 1 target_footprint_: 31913630 GetBytesAllocated: 21747424 HeapGrowthMultiplier: 3
12-14 18:36:21.548  3220  3339 I com.miui.home: CheckGCForNative gc_urgency 0.845696 current_native_bytes is 188924977
12-14 18:36:21.548  3220  3339 I com.miui.home: CheckGCForNative adj_start_bytes: 50283450 NativeAllocationGcWatermark: 12377811 java_gc_start_bytes: 31716734 kNewNativeDiscountFactor: 2 kOldNativeDiscountFactor: 65536 old_native_bytes: 147375297 new_native_bytes: 29753200 add_bytes_allowed: 37133433 is_gc_concurrent: 1 target_footprint_: 31913630 GetBytesAllocated: 21747424 HeapGrowthMultiplier: 3
12-14 18:36:21.548  3220  3339 I com.miui.home: CheckGCForNative gc_urgency 0.728396 current_native_bytes is 177128497
12-14 18:36:21.564 10719 10719 I wm_on_stop_called: [0,65917126,com.eg.android.AlipayGphone.AlipayLogin,STOP_ACTIVITY_ITEM,129]
12-14 18:36:21.569  3220  3339 I com.miui.home: CheckGCForNative adj_start_bytes: 50283450 NativeAllocationGcWatermark: 12377811 java_gc_start_bytes: 31716734 kNewNativeDiscountFactor: 2 kOldNativeDiscountFactor: 65536 old_native_bytes: 147375297 new_native_bytes: 30540272 add_bytes_allowed: 37133433 is_gc_concurrent: 1 target_footprint_: 31913630 GetBytesAllocated: 21747424 HeapGrowthMultiplier: 3
12-14 18:36:21.569  3220  3339 I com.miui.home: CheckGCForNative gc_urgency 0.736223 current_native_bytes is 177915569
12-14 18:36:21.579  3220  3339 I com.miui.home: CheckGCForNative adj_start_bytes: 50283450 NativeAllocationGcWatermark: 12377811 java_gc_start_bytes: 31716734 kNewNativeDiscountFactor: 2 kOldNativeDiscountFactor: 65536 old_native_bytes: 147375297 new_native_bytes: 32041560 add_bytes_allowed: 37133433 is_gc_concurrent: 1 target_footprint_: 31913630 GetBytesAllocated: 21763856 HeapGrowthMultiplier: 3
12-14 18:36:21.580  3220  3339 I com.miui.home: CheckGCForNative gc_urgency 0.751478 current_native_bytes is 179416857
12-14 18:36:21.580  3220  3339 I com.miui.home: CheckGCForNative adj_start_bytes: 50283450 NativeAllocationGcWatermark: 12377811 java_gc_start_bytes: 31716734 kNewNativeDiscountFactor: 2 kOldNativeDiscountFactor: 65536 old_native_bytes: 147375297 new_native_bytes: 33492192 add_bytes_allowed: 37133433 is_gc_concurrent: 1 target_footprint_: 31913630 GetBytesAllocated: 21763856 HeapGrowthMultiplier: 3
12-14 18:36:21.580  3220  3339 I com.miui.home: CheckGCForNative gc_urgency 0.765902 current_native_bytes is 180867489
12-14 18:36:21.589  3220  3339 I com.miui.home: CheckGCForNative adj_start_bytes: 50283450 NativeAllocationGcWatermark: 12377811 java_gc_start_bytes: 31716734 kNewNativeDiscountFactor: 2 kOldNativeDiscountFactor: 65536 old_native_bytes: 147375297 new_native_bytes: 44497984 add_bytes_allowed: 37133433 is_gc_concurrent: 1 target_footprint_: 31913630 GetBytesAllocated: 21780240 HeapGrowthMultiplier: 3
12-14 18:36:21.589  3220  3339 I com.miui.home: CheckGCForNative gc_urgency 0.875665 current_native_bytes is 191873281
12-14 18:36:21.760  3220  3220 I wm_on_top_resumed_lost_called: [241954343,com.miui.home.launcher.Launcher,topStateChangedWhenResumed]
12-14 18:36:21.776  3220  3220 I wm_on_paused_called: [0,241954343,com.miui.home.launcher.Launcher,performPause,2]
12-14 18:36:21.948  3220  3811 I com.miui.home: CheckGCForNative adj_start_bytes: 50283450 NativeAllocationGcWatermark: 12377811 java_gc_start_bytes: 31716734 kNewNativeDiscountFactor: 2 kOldNativeDiscountFactor: 65536 old_native_bytes: 147375297 new_native_bytes: 45432288 add_bytes_allowed: 37133433 is_gc_concurrent: 1 target_footprint_: 31913630 GetBytesAllocated: 22478496 HeapGrowthMultiplier: 3
12-14 18:36:21.948  3220  3811 I com.miui.home: CheckGCForNative gc_urgency 0.898842 current_native_bytes is 192807585
12-14 18:36:21.978  3220  3339 I com.miui.home: CheckGCForNative adj_start_bytes: 50283450 NativeAllocationGcWatermark: 12377811 java_gc_start_bytes: 31716734 kNewNativeDiscountFactor: 2 kOldNativeDiscountFactor: 65536 old_native_bytes: 147375297 new_native_bytes: 46076296 add_bytes_allowed: 37133433 is_gc_concurrent: 1 target_footprint_: 31913630 GetBytesAllocated: 22740880 HeapGrowthMultiplier: 3
12-14 18:36:21.978  3220  3339 I com.miui.home: CheckGCForNative gc_urgency 0.910464 current_native_bytes is 193451593
12-14 18:36:22.074  3220  3363 I com.miui.home: CheckGCForNative adj_start_bytes: 50283450 NativeAllocationGcWatermark: 12377811 java_gc_start_bytes: 31716734 kNewNativeDiscountFactor: 2 kOldNativeDiscountFactor: 65536 old_native_bytes: 147375297 new_native_bytes: 46132604 add_bytes_allowed: 37133433 is_gc_concurrent: 1 target_footprint_: 31913630 GetBytesAllocated: 22954400 HeapGrowthMultiplier: 3
12-14 18:36:22.074  3220  3363 I com.miui.home: CheckGCForNative gc_urgency 0.91527 current_native_bytes is 193507901
12-14 18:36:22.097  3220  3811 I com.miui.home: CheckGCForNative adj_start_bytes: 50283450 NativeAllocationGcWatermark: 12377811 java_gc_start_bytes: 31716734 kNewNativeDiscountFactor: 2 kOldNativeDiscountFactor: 65536 old_native_bytes: 147375297 new_native_bytes: 46226364 add_bytes_allowed: 37133433 is_gc_concurrent: 1 target_footprint_: 31913630 GetBytesAllocated: 23069088 HeapGrowthMultiplier: 3
12-14 18:36:22.097  3220  3811 I com.miui.home: CheckGCForNative gc_urgency 0.918484 current_native_bytes is 193601661
12-14 18:36:23.121  3220  3220 I wm_on_stop_called: [0,241954343,com.miui.home.launcher.Launcher,STOP_ACTIVITY_ITEM,5]
12-14 18:36:23.197 11473 11473 I wm_on_application_create_called: [0,com.ss.android.ugc.aweme,362]
12-14 18:36:23.309  3220  3334 I com.miui.home: CheckGCForNative adj_start_bytes: 50283450 NativeAllocationGcWatermark: 12377811 java_gc_start_bytes: 31716734 kNewNativeDiscountFactor: 2 kOldNativeDiscountFactor: 65536 old_native_bytes: 147375297 new_native_bytes: 46681948 add_bytes_allowed: 37133433 is_gc_concurrent: 1 target_footprint_: 31913630 GetBytesAllocated: 23405152 HeapGrowthMultiplier: 3
12-14 18:36:23.309  3220  3334 I com.miui.home: CheckGCForNative gc_urgency 0.929697 current_native_bytes is 194057245
12-14 18:36:23.361  3220  3220 I com.miui.home: CheckGCForNative adj_start_bytes: 50283450 NativeAllocationGcWatermark: 12377811 java_gc_start_bytes: 31716734 kNewNativeDiscountFactor: 2 kOldNativeDiscountFactor: 65536 old_native_bytes: 147375297 new_native_bytes: 47033932 add_bytes_allowed: 37133433 is_gc_concurrent: 1 target_footprint_: 31913630 GetBytesAllocated: 23585536 HeapGrowthMultiplier: 3
12-14 18:36:23.361  3220  3220 I com.miui.home: CheckGCForNative gc_urgency 0.936784 current_native_bytes is 194409229
12-14 18:36:23.731 11473 11473 I wm_on_create_called: [0,18814681,com.ss.android.ugc.aweme.splash.SplashActivity,performCreate,488]
12-14 18:36:23.840  3220  3220 I wm_on_restart_called: [0,241954343,com.miui.home.launcher.Launcher,performRestartActivity,0]
12-14 18:36:23.841  3220  3220 I wm_on_start_called: [0,241954343,com.miui.home.launcher.Launcher,handleStartActivity,0]
12-14 18:36:24.024  3220 14453 I com.miui.home: CheckGCForNative adj_start_bytes: 50283450 NativeAllocationGcWatermark: 12377811 java_gc_start_bytes: 31716734 kNewNativeDiscountFactor: 2 kOldNativeDiscountFactor: 65536 old_native_bytes: 147375297 new_native_bytes: 57839508 add_bytes_allowed: 37133433 is_gc_concurrent: 1 target_footprint_: 31913630 GetBytesAllocated: 24233216 HeapGrowthMultiplier: 3
12-14 18:36:24.024  3220 14453 I com.miui.home: CheckGCForNative gc_urgency 1.05711 current_native_bytes is 205214805
12-14 18:36:24.024  3220 14453 I com.miui.home: CheckGCForNative requested 1
12-14 18:36:24.025  3220 14453 I com.miui.home: CheckGCForNative adj_start_bytes: 50283450 NativeAllocationGcWatermark: 12377811 java_gc_start_bytes: 31716734 kNewNativeDiscountFactor: 2 kOldNativeDiscountFactor: 65536 old_native_bytes: 147375297 new_native_bytes: 68545236 add_bytes_allowed: 37133433 is_gc_concurrent: 1 target_footprint_: 31913630 GetBytesAllocated: 24249792 HeapGrowthMultiplier: 3
12-14 18:36:24.025  3220 14453 I com.miui.home: CheckGCForNative gc_urgency 1.1639 current_native_bytes is 215920533
12-14 18:36:24.025  3220 14453 I com.miui.home: CheckGCForNative requested 1
12-14 18:36:24.104  3220  3363 I com.miui.home: CheckGCForNative adj_start_bytes: 50283450 NativeAllocationGcWatermark: 12377811 java_gc_start_bytes: 31716734 kNewNativeDiscountFactor: 2 kOldNativeDiscountFactor: 65536 old_native_bytes: 147375297 new_native_bytes: 57856564 add_bytes_allowed: 37133433 is_gc_concurrent: 1 target_footprint_: 31913630 GetBytesAllocated: 24331712 HeapGrowthMultiplier: 3
12-14 18:36:24.104  3220  3363 I com.miui.home: CheckGCForNative gc_urgency 1.05924 current_native_bytes is 205231861
12-14 18:36:24.104  3220  3363 I com.miui.home: CheckGCForNative requested 1
12-14 18:36:24.105  3220 14453 I com.miui.home: CheckGCForNative adj_start_bytes: 50283450 NativeAllocationGcWatermark: 12377811 java_gc_start_bytes: 31716734 kNewNativeDiscountFactor: 2 kOldNativeDiscountFactor: 65536 old_native_bytes: 147375297 new_native_bytes: 68564020 add_bytes_allowed: 37133433 is_gc_concurrent: 1 target_footprint_: 31913630 GetBytesAllocated: 24331712 HeapGrowthMultiplier: 3
12-14 18:36:24.105  3220 14453 I com.miui.home: CheckGCForNative gc_urgency 1.16571 current_native_bytes is 215939317
12-14 18:36:24.105  3220 14453 I com.miui.home: CheckGCForNative requested 1
12-14 18:36:24.308  3220  3247 I com.miui.home: NativeAlloc concurrent copying GC freed 148804(7902KB) AllocSpace objects, 16(584KB) LOS objects, 49% free, 15MB/30MB, paused 212us,136us total 283.082ms
12-14 18:36:24.407 11473 11473 I wm_on_start_called: [0,18814681,com.ss.android.ugc.aweme.splash.SplashActivity,handleStartActivity,675]
12-14 18:36:24.433 11473 11473 I wm_on_resume_called: [0,18814681,com.ss.android.ugc.aweme.splash.SplashActivity,RESUME_ACTIVITY,21]
12-14 18:36:24.472  3220  3363 I com.miui.home: CheckGCForNative gc_urgency 0 current_native_bytes is 144033541
12-14 18:36:24.501 11473 11473 I wm_on_top_resumed_gained_called: [18814681,com.ss.android.ugc.aweme.splash.SplashActivity,topStateChangedWhenResumed]
12-14 18:36:24.585  3220  3220 I wm_on_resume_called: [0,241954343,com.miui.home.launcher.Launcher,RESUME_ACTIVITY,10]
12-14 18:36:24.587  3220  3220 I wm_on_idle_called: com.miui.home.launcher.Launcher
12-14 18:36:24.762  3220  3811 I com.miui.home: CheckGCForNative adj_start_bytes: 49970977 NativeAllocationGcWatermark: 12360451 java_gc_start_bytes: 31430301 kNewNativeDiscountFactor: 2 kOldNativeDiscountFactor: 65536 old_native_bytes: 144033541 new_native_bytes: 119672 add_bytes_allowed: 37081353 is_gc_concurrent: 1 target_footprint_: 31774749 GetBytesAllocated: 16937424 HeapGrowthMultiplier: 3
12-14 18:36:24.762  3220  3811 I com.miui.home: CheckGCForNative gc_urgency 0.340187 current_native_bytes is 144153213
12-14 18:36:24.795  3220  3811 I com.miui.home: CheckGCForNative adj_start_bytes: 49970977 NativeAllocationGcWatermark: 12360451 java_gc_start_bytes: 31430301 kNewNativeDiscountFactor: 2 kOldNativeDiscountFactor: 65536 old_native_bytes: 144033541 new_native_bytes: 1452948 add_bytes_allowed: 37081353 is_gc_concurrent: 1 target_footprint_: 31774749 GetBytesAllocated: 17135568 HeapGrowthMultiplier: 3
12-14 18:36:24.795  3220  3811 I com.miui.home: CheckGCForNative gc_urgency 0.357492 current_native_bytes is 145486489
12-14 18:36:24.804  3220  3811 I com.miui.home: CheckGCForNative adj_start_bytes: 49970977 NativeAllocationGcWatermark: 12360451 java_gc_start_bytes: 31430301 kNewNativeDiscountFactor: 2 kOldNativeDiscountFactor: 65536 old_native_bytes: 144033541 new_native_bytes: 2617012 add_bytes_allowed: 37081353 is_gc_concurrent: 1 target_footprint_: 31774749 GetBytesAllocated: 17168400 HeapGrowthMultiplier: 3
12-14 18:36:24.804  3220  3811 I com.miui.home: CheckGCForNative gc_urgency 0.369797 current_native_bytes is 146650553
12-14 18:36:24.813  3220  3811 I com.miui.home: CheckGCForNative adj_start_bytes: 49970977 NativeAllocationGcWatermark: 12360451 java_gc_start_bytes: 31430301 kNewNativeDiscountFactor: 2 kOldNativeDiscountFactor: 65536 old_native_bytes: 144033541 new_native_bytes: 2912292 add_bytes_allowed: 37081353 is_gc_concurrent: 1 target_footprint_: 31774749 GetBytesAllocated: 17201360 HeapGrowthMultiplier: 3
12-14 18:36:24.813  3220  3811 I com.miui.home: CheckGCForNative gc_urgency 0.373411 current_native_bytes is 146945833
12-14 18:36:24.815  3220  3811 I com.miui.home: CheckGCForNative adj_start_bytes: 49970977 NativeAllocationGcWatermark: 12360451 java_gc_start_bytes: 31430301 kNewNativeDiscountFactor: 2 kOldNativeDiscountFactor: 65536 old_native_bytes: 144033541 new_native_bytes: 3295940 add_bytes_allowed: 37081353 is_gc_concurrent: 1 target_footprint_: 31774749 GetBytesAllocated: 17201360 HeapGrowthMultiplier: 3
12-14 18:36:24.815  3220  3811 I com.miui.home: CheckGCForNative gc_urgency 0.37725 current_native_bytes is 147329481
12-14 18:36:24.821  3220  3811 I com.miui.home: CheckGCForNative adj_start_bytes: 49970977 NativeAllocationGcWatermark: 12360451 java_gc_start_bytes: 31430301 kNewNativeDiscountFactor: 2 kOldNativeDiscountFactor: 65536 old_native_bytes: 144033541 new_native_bytes: 3980516 add_bytes_allowed: 37081353 is_gc_concurrent: 1 target_footprint_: 31774749 GetBytesAllocated: 17250576 HeapGrowthMultiplier: 3
12-14 18:36:24.821  3220  3811 I com.miui.home: CheckGCForNative gc_urgency 0.385084 current_native_bytes is 148014057
12-14 18:36:24.829  3220  3811 I com.miui.home: CheckGCForNative adj_start_bytes: 49970977 NativeAllocationGcWatermark: 12360451 java_gc_start_bytes: 31430301 kNewNativeDiscountFactor: 2 kOldNativeDiscountFactor: 65536 old_native_bytes: 144033541 new_native_bytes: 5210980 add_bytes_allowed: 37081353 is_gc_concurrent: 1 target_footprint_: 31774749 GetBytesAllocated: 17283520 HeapGrowthMultiplier: 3
12-14 18:36:24.829  3220  3811 I com.miui.home: CheckGCForNative gc_urgency 0.398055 current_native_bytes is 149244521
12-14 18:36:24.831  3220  3811 I com.miui.home: CheckGCForNative adj_start_bytes: 49970977 NativeAllocationGcWatermark: 12360451 java_gc_start_bytes: 31430301 kNewNativeDiscountFactor: 2 kOldNativeDiscountFactor: 65536 old_native_bytes: 144033541 new_native_bytes: 5636964 add_bytes_allowed: 37081353 is_gc_concurrent: 1 target_footprint_: 31774749 GetBytesAllocated: 17283520 HeapGrowthMultiplier: 3
12-14 18:36:24.831  3220  3811 I com.miui.home: CheckGCForNative gc_urgency 0.402318 current_native_bytes is 149670505
12-14 18:36:24.836  3220  3811 I com.miui.home: CheckGCForNative adj_start_bytes: 49970977 NativeAllocationGcWatermark: 12360451 java_gc_start_bytes: 31430301 kNewNativeDiscountFactor: 2 kOldNativeDiscountFactor: 65536 old_native_bytes: 144033541 new_native_bytes: 6398756 add_bytes_allowed: 37081353 is_gc_concurrent: 1 target_footprint_: 31774749 GetBytesAllocated: 17316464 HeapGrowthMultiplier: 3
12-14 18:36:24.837  3220  3811 I com.miui.home: CheckGCForNative gc_urgency 0.410599 current_native_bytes is 150432297
12-14 18:36:24.838  3220  3811 I com.miui.home: CheckGCForNative adj_start_bytes: 49970977 NativeAllocationGcWatermark: 12360451 java_gc_start_bytes: 31430301 kNewNativeDiscountFactor: 2 kOldNativeDiscountFactor: 65536 old_native_bytes: 144033541 new_native_bytes: 6857892 add_bytes_allowed: 37081353 is_gc_concurrent: 1 target_footprint_: 31774749 GetBytesAllocated: 17316464 HeapGrowthMultiplier: 3
12-14 18:36:24.839  3220  3811 I com.miui.home: CheckGCForNative gc_urgency 0.415193 current_native_bytes is 150891433
12-14 18:36:24.856  3220  3811 I com.miui.home: CheckGCForNative adj_start_bytes: 49970977 NativeAllocationGcWatermark: 12360451 java_gc_start_bytes: 31430301 kNewNativeDiscountFactor: 2 kOldNativeDiscountFactor: 65536 old_native_bytes: 144033541 new_native_bytes: 7054540 add_bytes_allowed: 37081353 is_gc_concurrent: 1 target_footprint_: 31774749 GetBytesAllocated: 17369776 HeapGrowthMultiplier: 3
12-14 18:36:24.856  3220  3811 I com.miui.home: CheckGCForNative gc_urgency 0.418228 current_native_bytes is 151088081
12-14 18:36:24.857  3220  3811 I com.miui.home: CheckGCForNative adj_start_bytes: 49970977 NativeAllocationGcWatermark: 12360451 java_gc_start_bytes: 31430301 kNewNativeDiscountFactor: 2 kOldNativeDiscountFactor: 65536 old_native_bytes: 144033541 new_native_bytes: 7516492 add_bytes_allowed: 37081353 is_gc_concurrent: 1 target_footprint_: 31774749 GetBytesAllocated: 17406640 HeapGrowthMultiplier: 3
12-14 18:36:24.857  3220  3811 I com.miui.home: CheckGCForNative gc_urgency 0.423588 current_native_bytes is 151550033
12-14 18:36:24.858  3220  3811 I com.miui.home: CheckGCForNative adj_start_bytes: 49970977 NativeAllocationGcWatermark: 12360451 java_gc_start_bytes: 31430301 kNewNativeDiscountFactor: 2 kOldNativeDiscountFactor: 65536 old_native_bytes: 144033541 new_native_bytes: 7569388 add_bytes_allowed: 37081353 is_gc_concurrent: 1 target_footprint_: 31774749 GetBytesAllocated: 17406640 HeapGrowthMultiplier: 3
12-14 18:36:24.858  3220  3811 I com.miui.home: CheckGCForNative gc_urgency 0.424117 current_native_bytes is 151602929
12-14 18:36:24.878  3220  3811 I com.miui.home: CheckGCForNative adj_start_bytes: 49970977 NativeAllocationGcWatermark: 12360451 java_gc_start_bytes: 31430301 kNewNativeDiscountFactor: 2 kOldNativeDiscountFactor: 65536 old_native_bytes: 144033541 new_native_bytes: 8953444 add_bytes_allowed: 37081353 is_gc_concurrent: 1 target_footprint_: 31774749 GetBytesAllocated: 17459952 HeapGrowthMultiplier: 3
12-14 18:36:24.878  3220  3811 I com.miui.home: CheckGCForNative gc_urgency 0.439032 current_native_bytes is 152986985
12-14 18:36:24.880  3220  3811 I com.miui.home: CheckGCForNative adj_start_bytes: 49970977 NativeAllocationGcWatermark: 12360451 java_gc_start_bytes: 31430301 kNewNativeDiscountFactor: 2 kOldNativeDiscountFactor: 65536 old_native_bytes: 144033541 new_native_bytes: 9415396 add_bytes_allowed: 37081353 is_gc_concurrent: 1 target_footprint_: 31774749 GetBytesAllocated: 17480432 HeapGrowthMultiplier: 3
12-14 18:36:24.880  3220  3811 I com.miui.home: CheckGCForNative gc_urgency 0.444064 current_native_bytes is 153448937
12-14 18:36:24.902  3220  3811 I com.miui.home: CheckGCForNative adj_start_bytes: 49970977 NativeAllocationGcWatermark: 12360451 java_gc_start_bytes: 31430301 kNewNativeDiscountFactor: 2 kOldNativeDiscountFactor: 65536 old_native_bytes: 144033541 new_native_bytes: 10158724 add_bytes_allowed: 37081353 is_gc_concurrent: 1 target_footprint_: 31774749 GetBytesAllocated: 17529776 HeapGrowthMultiplier: 3
12-14 18:36:24.902  3220  3811 I com.miui.home: CheckGCForNative gc_urgency 0.452489 current_native_bytes is 154192265
12-14 18:36:24.908  3220  3811 I com.miui.home: CheckGCForNative adj_start_bytes: 49970977 NativeAllocationGcWatermark: 12360451 java_gc_start_bytes: 31430301 kNewNativeDiscountFactor: 2 kOldNativeDiscountFactor: 65536 old_native_bytes: 144033541 new_native_bytes: 10930820 add_bytes_allowed: 37081353 is_gc_concurrent: 1 target_footprint_: 31774749 GetBytesAllocated: 17529776 HeapGrowthMultiplier: 3
12-14 18:36:24.908  3220  3811 I com.miui.home: CheckGCForNative gc_urgency 0.460215 current_native_bytes is 154964361
12-14 18:36:24.917  3220  3811 I com.miui.home: CheckGCForNative adj_start_bytes: 49970977 NativeAllocationGcWatermark: 12360451 java_gc_start_bytes: 31430301 kNewNativeDiscountFactor: 2 kOldNativeDiscountFactor: 65536 old_native_bytes: 144033541 new_native_bytes: 11307324 add_bytes_allowed: 37081353 is_gc_concurrent: 1 target_footprint_: 31774749 GetBytesAllocated: 17562720 HeapGrowthMultiplier: 3
12-14 18:36:24.917  3220  3811 I com.miui.home: CheckGCForNative gc_urgency 0.464641 current_native_bytes is 155340865
