12-15 10:56:37.845  3179  3179 I wm_on_top_resumed_lost_called: [231357510,com.miui.home.launcher.Launcher,topStateChangedWhenResumed]
12-15 10:56:37.847  3179  3304 I com.miui.home: CheckGCForNative adj_start_bytes: 32781894 NativeAllocationGcWatermark: 10528613 java_gc_start_bytes: 16988975 kNewNativeDiscountFactor: 2 kOldNativeDiscountFactor: 65536 old_native_bytes: 81325417 new_native_bytes: 177228 add_bytes_allowed: 31585839 is_gc_concurrent: 1 target_footprint_: 17120047 GetBytesAllocated: 9035224 HeapGrowthMultiplier: 3
12-15 10:56:37.849  3179  3304 I com.miui.home: CheckGCForNative gc_urgency 0.278357 current_native_bytes is 81502645
12-15 10:56:37.852  3179  3179 I wm_on_paused_called: [0,231357510,com.miui.home.launcher.Launcher,performPause,2]
12-15 10:56:37.947  3179  3679 I com.miui.home: CheckGCForNative adj_start_bytes: 32781894 NativeAllocationGcWatermark: 10528613 java_gc_start_bytes: 16988975 kNewNativeDiscountFactor: 2 kOldNativeDiscountFactor: 65536 old_native_bytes: 81325417 new_native_bytes: 1013340 add_bytes_allowed: 31585839 is_gc_concurrent: 1 target_footprint_: 17120047 GetBytesAllocated: 9318008 HeapGrowthMultiplier: 3
12-15 10:56:37.947  3179  3679 I com.miui.home: CheckGCForNative gc_urgency 0.299736 current_native_bytes is 82338757
12-15 10:56:37.950  3179  3679 I com.miui.home: CheckGCForNative adj_start_bytes: 32781894 NativeAllocationGcWatermark: 10528613 java_gc_start_bytes: 16988975 kNewNativeDiscountFactor: 2 kOldNativeDiscountFactor: 65536 old_native_bytes: 81325417 new_native_bytes: 1434076 add_bytes_allowed: 31585839 is_gc_concurrent: 1 target_footprint_: 17120047 GetBytesAllocated: 9338488 HeapGrowthMultiplier: 3
12-15 10:56:37.950  3179  3679 I com.miui.home: CheckGCForNative gc_urgency 0.306778 current_native_bytes is 82759493
12-15 10:56:37.978  3179  3679 I com.miui.home: CheckGCForNative adj_start_bytes: 32781894 NativeAllocationGcWatermark: 10528613 java_gc_start_bytes: 16988975 kNewNativeDiscountFactor: 2 kOldNativeDiscountFactor: 65536 old_native_bytes: 81325417 new_native_bytes: 2148364 add_bytes_allowed: 31585839 is_gc_concurrent: 1 target_footprint_: 17120047 GetBytesAllocated: 9510616 HeapGrowthMultiplier: 3
12-15 10:56:37.978  3179  3679 I com.miui.home: CheckGCForNative gc_urgency 0.322923 current_native_bytes is 83473781
12-15 10:56:38.127  3179  3679 I com.miui.home: CheckGCForNative adj_start_bytes: 32781894 NativeAllocationGcWatermark: 10528613 java_gc_start_bytes: 16988975 kNewNativeDiscountFactor: 2 kOldNativeDiscountFactor: 65536 old_native_bytes: 81325417 new_native_bytes: 3384332 add_bytes_allowed: 31585839 is_gc_concurrent: 1 target_footprint_: 17120047 GetBytesAllocated: 9576328 HeapGrowthMultiplier: 3
12-15 10:56:38.127  3179  3679 I com.miui.home: CheckGCForNative gc_urgency 0.343779 current_native_bytes is 84709749
12-15 10:56:38.138  3179  3679 I com.miui.home: CheckGCForNative adj_start_bytes: 32781894 NativeAllocationGcWatermark: 10528613 java_gc_start_bytes: 16988975 kNewNativeDiscountFactor: 2 kOldNativeDiscountFactor: 65536 old_native_bytes: 81325417 new_native_bytes: 3810316 add_bytes_allowed: 31585839 is_gc_concurrent: 1 target_footprint_: 17120047 GetBytesAllocated: 9576328 HeapGrowthMultiplier: 3
12-15 10:56:38.138  3179  3679 I com.miui.home: CheckGCForNative gc_urgency 0.350276 current_native_bytes is 85135733
12-15 10:56:38.166  3179  3679 I com.miui.home: CheckGCForNative adj_start_bytes: 32781894 NativeAllocationGcWatermark: 10528613 java_gc_start_bytes: 16988975 kNewNativeDiscountFactor: 2 kOldNativeDiscountFactor: 65536 old_native_bytes: 81325417 new_native_bytes: 4575860 add_bytes_allowed: 31585839 is_gc_concurrent: 1 target_footprint_: 17120047 GetBytesAllocated: 9691640 HeapGrowthMultiplier: 3
12-15 10:56:38.166  3179  3679 I com.miui.home: CheckGCForNative gc_urgency 0.36547 current_native_bytes is 85901277
12-15 10:56:38.169  3179  3679 I com.miui.home: CheckGCForNative adj_start_bytes: 32781894 NativeAllocationGcWatermark: 10528613 java_gc_start_bytes: 16988975 kNewNativeDiscountFactor: 2 kOldNativeDiscountFactor: 65536 old_native_bytes: 81325417 new_native_bytes: 5034996 add_bytes_allowed: 31585839 is_gc_concurrent: 1 target_footprint_: 17120047 GetBytesAllocated: 9691640 HeapGrowthMultiplier: 3
12-15 10:56:38.169  3179  3679 I com.miui.home: CheckGCForNative gc_urgency 0.372473 current_native_bytes is 86360413
12-15 10:56:38.196  3179  3314 I com.miui.home: CheckGCForNative adj_start_bytes: 32781894 NativeAllocationGcWatermark: 10528613 java_gc_start_bytes: 16988975 kNewNativeDiscountFactor: 2 kOldNativeDiscountFactor: 65536 old_native_bytes: 81325417 new_native_bytes: 5236692 add_bytes_allowed: 31585839 is_gc_concurrent: 1 target_footprint_: 17120047 GetBytesAllocated: 9724488 HeapGrowthMultiplier: 3
12-15 10:56:38.196  3179  3314 I com.miui.home: CheckGCForNative gc_urgency 0.376552 current_native_bytes is 86562109
12-15 10:56:38.210  3179  3679 I com.miui.home: CheckGCForNative adj_start_bytes: 32781894 NativeAllocationGcWatermark: 10528613 java_gc_start_bytes: 16988975 kNewNativeDiscountFactor: 2 kOldNativeDiscountFactor: 65536 old_native_bytes: 81325417 new_native_bytes: 5209692 add_bytes_allowed: 31585839 is_gc_concurrent: 1 target_footprint_: 17120047 GetBytesAllocated: 9761352 HeapGrowthMultiplier: 3
12-15 10:56:38.210  3179  3679 I com.miui.home: CheckGCForNative gc_urgency 0.377264 current_native_bytes is 86535109
12-15 10:56:38.213  3179  3679 I com.miui.home: CheckGCForNative adj_start_bytes: 32781894 NativeAllocationGcWatermark: 10528613 java_gc_start_bytes: 16988975 kNewNativeDiscountFactor: 2 kOldNativeDiscountFactor: 65536 old_native_bytes: 81325417 new_native_bytes: 5671644 add_bytes_allowed: 31585839 is_gc_concurrent: 1 target_footprint_: 17120047 GetBytesAllocated: 9781832 HeapGrowthMultiplier: 3
12-15 10:56:38.213  3179  3679 I com.miui.home: CheckGCForNative gc_urgency 0.384935 current_native_bytes is 86997061
12-15 10:56:38.274  3179  3314 I com.miui.home: CheckGCForNative adj_start_bytes: 32781894 NativeAllocationGcWatermark: 10528613 java_gc_start_bytes: 16988975 kNewNativeDiscountFactor: 2 kOldNativeDiscountFactor: 65536 old_native_bytes: 81325417 new_native_bytes: 6872860 add_bytes_allowed: 31585839 is_gc_concurrent: 1 target_footprint_: 17120047 GetBytesAllocated: 9847432 HeapGrowthMultiplier: 3
12-15 10:56:38.274  3179  3314 I com.miui.home: CheckGCForNative gc_urgency 0.405257 current_native_bytes is 88198277
12-15 10:56:38.282  3179  3679 I com.miui.home: CheckGCForNative adj_start_bytes: 32781894 NativeAllocationGcWatermark: 10528613 java_gc_start_bytes: 16988975 kNewNativeDiscountFactor: 2 kOldNativeDiscountFactor: 65536 old_native_bytes: 81325417 new_native_bytes: 7109284 add_bytes_allowed: 31585839 is_gc_concurrent: 1 target_footprint_: 17120047 GetBytesAllocated: 9884296 HeapGrowthMultiplier: 3
12-15 10:56:38.282  3179  3679 I com.miui.home: CheckGCForNative gc_urgency 0.409988 current_native_bytes is 88434701
12-15 10:56:38.286  3179  3679 I com.miui.home: CheckGCForNative adj_start_bytes: 32781894 NativeAllocationGcWatermark: 10528613 java_gc_start_bytes: 16988975 kNewNativeDiscountFactor: 2 kOldNativeDiscountFactor: 65536 old_native_bytes: 81325417 new_native_bytes: 7559716 add_bytes_allowed: 31585839 is_gc_concurrent: 1 target_footprint_: 17120047 GetBytesAllocated: 9904776 HeapGrowthMultiplier: 3
12-15 10:56:38.286  3179  3679 I com.miui.home: CheckGCForNative gc_urgency 0.417483 current_native_bytes is 88885133
12-15 10:56:38.316  3179  3679 I com.miui.home: CheckGCForNative adj_start_bytes: 32781894 NativeAllocationGcWatermark: 10528613 java_gc_start_bytes: 16988975 kNewNativeDiscountFactor: 2 kOldNativeDiscountFactor: 65536 old_native_bytes: 81325417 new_native_bytes: 8298180 add_bytes_allowed: 31585839 is_gc_concurrent: 1 target_footprint_: 17120047 GetBytesAllocated: 9954120 HeapGrowthMultiplier: 3
12-15 10:56:38.316  3179  3679 I com.miui.home: CheckGCForNative gc_urgency 0.430251 current_native_bytes is 89623597
12-15 10:56:38.323  3179  3679 I com.miui.home: CheckGCForNative adj_start_bytes: 32781894 NativeAllocationGcWatermark: 10528613 java_gc_start_bytes: 16988975 kNewNativeDiscountFactor: 2 kOldNativeDiscountFactor: 65536 old_native_bytes: 81325417 new_native_bytes: 9046212 add_bytes_allowed: 31585839 is_gc_concurrent: 1 target_footprint_: 17120047 GetBytesAllocated: 9954120 HeapGrowthMultiplier: 3
12-15 10:56:38.324  3179  3679 I com.miui.home: CheckGCForNative gc_urgency 0.44166 current_native_bytes is 90371629
12-15 10:56:38.366  3179  3679 I com.miui.home: CheckGCForNative adj_start_bytes: 32781894 NativeAllocationGcWatermark: 10528613 java_gc_start_bytes: 16988975 kNewNativeDiscountFactor: 2 kOldNativeDiscountFactor: 65536 old_native_bytes: 81325417 new_native_bytes: 9038716 add_bytes_allowed: 31585839 is_gc_concurrent: 1 target_footprint_: 17120047 GetBytesAllocated: 10019848 HeapGrowthMultiplier: 3
12-15 10:56:38.366  3179  3679 I com.miui.home: CheckGCForNative gc_urgency 0.443551 current_native_bytes is 90364133
12-15 10:56:38.369  3179  3679 I com.miui.home: CheckGCForNative adj_start_bytes: 32781894 NativeAllocationGcWatermark: 10528613 java_gc_start_bytes: 16988975 kNewNativeDiscountFactor: 2 kOldNativeDiscountFactor: 65536 old_native_bytes: 81325417 new_native_bytes: 9427516 add_bytes_allowed: 31585839 is_gc_concurrent: 1 target_footprint_: 17120047 GetBytesAllocated: 10019944 HeapGrowthMultiplier: 3
12-15 10:56:38.370  3179  3679 I com.miui.home: CheckGCForNative gc_urgency 0.449484 current_native_bytes is 90752933
12-15 10:56:38.387  3179  3679 I com.miui.home: CheckGCForNative adj_start_bytes: 32781894 NativeAllocationGcWatermark: 10528613 java_gc_start_bytes: 16988975 kNewNativeDiscountFactor: 2 kOldNativeDiscountFactor: 65536 old_native_bytes: 81325417 new_native_bytes: 9972116 add_bytes_allowed: 31585839 is_gc_concurrent: 1 target_footprint_: 17120047 GetBytesAllocated: 10052888 HeapGrowthMultiplier: 3
12-15 10:56:38.387  3179  3679 I com.miui.home: CheckGCForNative gc_urgency 0.458796 current_native_bytes is 91297533
12-15 10:56:38.512  3179  3679 I com.miui.home: CheckGCForNative adj_start_bytes: 32781894 NativeAllocationGcWatermark: 10528613 java_gc_start_bytes: 16988975 kNewNativeDiscountFactor: 2 kOldNativeDiscountFactor: 65536 old_native_bytes: 81325417 new_native_bytes: 11121152 add_bytes_allowed: 31585839 is_gc_concurrent: 1 target_footprint_: 17120047 GetBytesAllocated: 10169000 HeapGrowthMultiplier: 3
12-15 10:56:38.512  3179  3679 I com.miui.home: CheckGCForNative gc_urgency 0.479863 current_native_bytes is 92446569
12-15 10:56:38.516  3179  3679 I com.miui.home: CheckGCForNative adj_start_bytes: 32781894 NativeAllocationGcWatermark: 10528613 java_gc_start_bytes: 16988975 kNewNativeDiscountFactor: 2 kOldNativeDiscountFactor: 65536 old_native_bytes: 81325417 new_native_bytes: 11517472 add_bytes_allowed: 31585839 is_gc_concurrent: 1 target_footprint_: 17120047 GetBytesAllocated: 10169000 HeapGrowthMultiplier: 3
12-15 10:56:38.516  3179  3679 I com.miui.home: CheckGCForNative gc_urgency 0.485908 current_native_bytes is 92842889
12-15 10:56:38.547  3179  3679 I com.miui.home: CheckGCForNative adj_start_bytes: 32781894 NativeAllocationGcWatermark: 10528613 java_gc_start_bytes: 16988975 kNewNativeDiscountFactor: 2 kOldNativeDiscountFactor: 65536 old_native_bytes: 81325417 new_native_bytes: 11839976 add_bytes_allowed: 31585839 is_gc_concurrent: 1 target_footprint_: 17120047 GetBytesAllocated: 10218232 HeapGrowthMultiplier: 3
12-15 10:56:38.547  3179  3679 I com.miui.home: CheckGCForNative gc_urgency 0.492328 current_native_bytes is 93165393
12-15 10:56:38.580  3179  3679 I com.miui.home: CheckGCForNative adj_start_bytes: 32781894 NativeAllocationGcWatermark: 10528613 java_gc_start_bytes: 16988975 kNewNativeDiscountFactor: 2 kOldNativeDiscountFactor: 65536 old_native_bytes: 81325417 new_native_bytes: 12605752 add_bytes_allowed: 31585839 is_gc_concurrent: 1 target_footprint_: 17120047 GetBytesAllocated: 10251176 HeapGrowthMultiplier: 3
12-15 10:56:38.581  3179  3679 I com.miui.home: CheckGCForNative gc_urgency 0.505013 current_native_bytes is 93931169
12-15 10:56:38.625  3179  3679 I com.miui.home: CheckGCForNative adj_start_bytes: 32781894 NativeAllocationGcWatermark: 10528613 java_gc_start_bytes: 16988975 kNewNativeDiscountFactor: 2 kOldNativeDiscountFactor: 65536 old_native_bytes: 81325417 new_native_bytes: 13846232 add_bytes_allowed: 31585839 is_gc_concurrent: 1 target_footprint_: 17120047 GetBytesAllocated: 10284008 HeapGrowthMultiplier: 3
12-15 10:56:38.625  3179  3679 I com.miui.home: CheckGCForNative gc_urgency 0.524935 current_native_bytes is 95171649
12-15 10:56:38.659  3179  3679 I com.miui.home: CheckGCForNative adj_start_bytes: 32781894 NativeAllocationGcWatermark: 10528613 java_gc_start_bytes: 16988975 kNewNativeDiscountFactor: 2 kOldNativeDiscountFactor: 65536 old_native_bytes: 81325417 new_native_bytes: 14069232 add_bytes_allowed: 31585839 is_gc_concurrent: 1 target_footprint_: 17120047 GetBytesAllocated: 10316968 HeapGrowthMultiplier: 3
12-15 10:56:38.659  3179  3679 I com.miui.home: CheckGCForNative gc_urgency 0.529342 current_native_bytes is 95394649
12-15 10:56:38.665  3179  3679 I com.miui.home: CheckGCForNative adj_start_bytes: 32781894 NativeAllocationGcWatermark: 10528613 java_gc_start_bytes: 16988975 kNewNativeDiscountFactor: 2 kOldNativeDiscountFactor: 65536 old_native_bytes: 81325417 new_native_bytes: 14452880 add_bytes_allowed: 31585839 is_gc_concurrent: 1 target_footprint_: 17120047 GetBytesAllocated: 10316968 HeapGrowthMultiplier: 3
12-15 10:56:38.665  3179  3679 I com.miui.home: CheckGCForNative gc_urgency 0.535193 current_native_bytes is 95778297
12-15 10:56:38.895  3179  3679 I com.miui.home: CheckGCForNative adj_start_bytes: 32781894 NativeAllocationGcWatermark: 10528613 java_gc_start_bytes: 16988975 kNewNativeDiscountFactor: 2 kOldNativeDiscountFactor: 65536 old_native_bytes: 81325417 new_native_bytes: 25164208 add_bytes_allowed: 31585839 is_gc_concurrent: 1 target_footprint_: 17120047 GetBytesAllocated: 10333352 HeapGrowthMultiplier: 3
12-15 10:56:38.896  3179  3679 I com.miui.home: CheckGCForNative gc_urgency 0.699066 current_native_bytes is 106489625
12-15 10:56:38.897  3179  3679 I com.miui.home: CheckGCForNative adj_start_bytes: 32781894 NativeAllocationGcWatermark: 10528613 java_gc_start_bytes: 16988975 kNewNativeDiscountFactor: 2 kOldNativeDiscountFactor: 65536 old_native_bytes: 81325417 new_native_bytes: 35870128 add_bytes_allowed: 31585839 is_gc_concurrent: 1 target_footprint_: 17120047 GetBytesAllocated: 10333544 HeapGrowthMultiplier: 3
12-15 10:56:38.897  3179  3679 I com.miui.home: CheckGCForNative gc_urgency 0.862362 current_native_bytes is 117195545
12-15 10:56:38.974  3179  3679 I com.miui.home: CheckGCForNative adj_start_bytes: 32781894 NativeAllocationGcWatermark: 10528613 java_gc_start_bytes: 16988975 kNewNativeDiscountFactor: 2 kOldNativeDiscountFactor: 65536 old_native_bytes: 81325417 new_native_bytes: 35871280 add_bytes_allowed: 31585839 is_gc_concurrent: 1 target_footprint_: 17120047 GetBytesAllocated: 10333544 HeapGrowthMultiplier: 3
12-15 10:56:38.974  3179  3679 I com.miui.home: CheckGCForNative gc_urgency 0.862379 current_native_bytes is 117196697
12-15 10:56:38.975  3179  3679 I com.miui.home: CheckGCForNative adj_start_bytes: 32781894 NativeAllocationGcWatermark: 10528613 java_gc_start_bytes: 16988975 kNewNativeDiscountFactor: 2 kOldNativeDiscountFactor: 65536 old_native_bytes: 81325417 new_native_bytes: 46577200 add_bytes_allowed: 31585839 is_gc_concurrent: 1 target_footprint_: 17120047 GetBytesAllocated: 10350120 HeapGrowthMultiplier: 3
12-15 10:56:38.975  3179  3679 I com.miui.home: CheckGCForNative gc_urgency 1.02618 current_native_bytes is 127902617
12-15 10:56:38.975  3179  3679 I com.miui.home: CheckGCForNative requested 1
12-15 10:56:39.029  7978  7978 I wm_on_application_create_called: [0,com.autonavi.minimap,399]
12-15 10:56:39.039  3179  3679 I com.miui.home: CheckGCForNative adj_start_bytes: 32781894 NativeAllocationGcWatermark: 10528613 java_gc_start_bytes: 16988975 kNewNativeDiscountFactor: 2 kOldNativeDiscountFactor: 65536 old_native_bytes: 81325417 new_native_bytes: 36477776 add_bytes_allowed: 31585839 is_gc_concurrent: 1 target_footprint_: 17120047 GetBytesAllocated: 10629480 HeapGrowthMultiplier: 3
12-15 10:56:39.039  3179  3679 I com.miui.home: CheckGCForNative gc_urgency 0.880657 current_native_bytes is 117803193
12-15 10:56:39.095  3179  3209 I com.miui.home: NativeAlloc concurrent copying GC freed 26075(1500KB) AllocSpace objects, 9(244KB) LOS objects, 49% free, 8779KB/17MB, paused 173us,71us total 119.343ms
12-15 10:56:39.244  7892  7892 I wm_on_application_create_called: [0,com.autonavi.minimap,1041]
12-15 10:56:39.246  3179  3565 I com.miui.home: CheckGCForNative adj_start_bytes: 33486448 NativeAllocationGcWatermark: 10632183 java_gc_start_bytes: 17538174 kNewNativeDiscountFactor: 2 kOldNativeDiscountFactor: 65536 old_native_bytes: 118002093 new_native_bytes: 5252748 add_bytes_allowed: 31896549 is_gc_concurrent: 1 target_footprint_: 17948606 GetBytesAllocated: 9417008 HeapGrowthMultiplier: 3
12-15 10:56:39.246  3179  3565 I com.miui.home: CheckGCForNative gc_urgency 0.359703 current_native_bytes is 123254841
12-15 10:56:39.247  3179  3565 I com.miui.home: CheckGCForNative adj_start_bytes: 33486448 NativeAllocationGcWatermark: 10632183 java_gc_start_bytes: 17538174 kNewNativeDiscountFactor: 2 kOldNativeDiscountFactor: 65536 old_native_bytes: 118002093 new_native_bytes: 15959308 add_bytes_allowed: 31896549 is_gc_concurrent: 1 target_footprint_: 17948606 GetBytesAllocated: 9433600 HeapGrowthMultiplier: 3
12-15 10:56:39.247  3179  3565 I com.miui.home: CheckGCForNative gc_urgency 0.520063 current_native_bytes is 133961401
12-15 10:56:39.269  3179  3565 I com.miui.home: CheckGCForNative adj_start_bytes: 33486448 NativeAllocationGcWatermark: 10632183 java_gc_start_bytes: 17538174 kNewNativeDiscountFactor: 2 kOldNativeDiscountFactor: 65536 old_native_bytes: 118002093 new_native_bytes: 15995836 add_bytes_allowed: 31896549 is_gc_concurrent: 1 target_footprint_: 17948606 GetBytesAllocated: 9482816 HeapGrowthMultiplier: 3
12-15 10:56:39.269  3179  3565 I com.miui.home: CheckGCForNative gc_urgency 0.522078 current_native_bytes is 133997929
12-15 10:56:39.407  3179  3314 I com.miui.home: CheckGCForNative adj_start_bytes: 33486448 NativeAllocationGcWatermark: 10632183 java_gc_start_bytes: 17538174 kNewNativeDiscountFactor: 2 kOldNativeDiscountFactor: 65536 old_native_bytes: 118002093 new_native_bytes: 5297276 add_bytes_allowed: 31896549 is_gc_concurrent: 1 target_footprint_: 17948606 GetBytesAllocated: 9614144 HeapGrowthMultiplier: 3
12-15 10:56:39.407  3179  3314 I com.miui.home: CheckGCForNative gc_urgency 0.366255 current_native_bytes is 123299369
12-15 10:56:39.478  7892  7892 I wm_on_create_called: [0,70837253,com.autonavi.map.activity.SplashActivity,performCreate,190]
12-15 10:56:39.563  3179  3314 I com.miui.home: CheckGCForNative adj_start_bytes: 33486448 NativeAllocationGcWatermark: 10632183 java_gc_start_bytes: 17538174 kNewNativeDiscountFactor: 2 kOldNativeDiscountFactor: 65536 old_native_bytes: 118002093 new_native_bytes: 5310204 add_bytes_allowed: 31896549 is_gc_concurrent: 1 target_footprint_: 17948606 GetBytesAllocated: 9712528 HeapGrowthMultiplier: 3
12-15 10:56:39.563  3179  3314 I com.miui.home: CheckGCForNative gc_urgency 0.369386 current_native_bytes is 123312297
12-15 10:56:39.637  7892  7892 I wm_on_create_called: [0,64056772,com.autonavi.map.activity.NewMapActivity,performCreate,109]
12-15 10:56:39.644  7892  7892 I wm_on_start_called: [0,64056772,com.autonavi.map.activity.NewMapActivity,handleStartActivity,6]
12-15 10:56:39.648  7892  7892 I wm_on_resume_called: [0,64056772,com.autonavi.map.activity.NewMapActivity,RESUME_ACTIVITY,3]
12-15 10:56:39.676  3179  3679 I com.miui.home: CheckGCForNative adj_start_bytes: 33486448 NativeAllocationGcWatermark: 10632183 java_gc_start_bytes: 17538174 kNewNativeDiscountFactor: 2 kOldNativeDiscountFactor: 65536 old_native_bytes: 118002093 new_native_bytes: 5693460 add_bytes_allowed: 31896549 is_gc_concurrent: 1 target_footprint_: 17948606 GetBytesAllocated: 9942064 HeapGrowthMultiplier: 3
12-15 10:56:39.676  3179  3679 I com.miui.home: CheckGCForNative gc_urgency 0.381963 current_native_bytes is 123695553
12-15 10:56:39.682  7892  7892 I wm_on_top_resumed_gained_called: [64056772,com.autonavi.map.activity.NewMapActivity,topStateChangedWhenResumed]
12-15 10:56:39.685  3179  3679 I com.miui.home: CheckGCForNative adj_start_bytes: 33486448 NativeAllocationGcWatermark: 10632183 java_gc_start_bytes: 17538174 kNewNativeDiscountFactor: 2 kOldNativeDiscountFactor: 65536 old_native_bytes: 118002093 new_native_bytes: 5909652 add_bytes_allowed: 31896549 is_gc_concurrent: 1 target_footprint_: 17948606 GetBytesAllocated: 9974832 HeapGrowthMultiplier: 3
12-15 10:56:39.685  3179  3679 I com.miui.home: CheckGCForNative gc_urgency 0.38617 current_native_bytes is 123911745
12-15 10:56:39.752  3179  3314 I com.miui.home: CheckGCForNative adj_start_bytes: 33486448 NativeAllocationGcWatermark: 10632183 java_gc_start_bytes: 17538174 kNewNativeDiscountFactor: 2 kOldNativeDiscountFactor: 65536 old_native_bytes: 118002093 new_native_bytes: 6259208 add_bytes_allowed: 31896549 is_gc_concurrent: 1 target_footprint_: 17948606 GetBytesAllocated: 10286528 HeapGrowthMultiplier: 3
12-15 10:56:39.752  3179  3314 I com.miui.home: CheckGCForNative gc_urgency 0.400697 current_native_bytes is 124261301
12-15 10:56:39.772  3179  3679 I com.miui.home: CheckGCForNative adj_start_bytes: 33486448 NativeAllocationGcWatermark: 10632183 java_gc_start_bytes: 17538174 kNewNativeDiscountFactor: 2 kOldNativeDiscountFactor: 65536 old_native_bytes: 118002093 new_native_bytes: 17089032 add_bytes_allowed: 31896549 is_gc_concurrent: 1 target_footprint_: 17948606 GetBytesAllocated: 10352064 HeapGrowthMultiplier: 3
12-15 10:56:39.772  3179  3679 I com.miui.home: CheckGCForNative gc_urgency 0.564359 current_native_bytes is 135091125
12-15 10:56:39.910  3179  3679 I com.miui.home: CheckGCForNative adj_start_bytes: 33486448 NativeAllocationGcWatermark: 10632183 java_gc_start_bytes: 17538174 kNewNativeDiscountFactor: 2 kOldNativeDiscountFactor: 65536 old_native_bytes: 118002093 new_native_bytes: 6644048 add_bytes_allowed: 31896549 is_gc_concurrent: 1 target_footprint_: 17948606 GetBytesAllocated: 10959024 HeapGrowthMultiplier: 3
12-15 10:56:39.910  3179  3679 I com.miui.home: CheckGCForNative gc_urgency 0.426526 current_native_bytes is 124646141
12-15 10:56:40.054  3179  3679 I com.miui.home: CheckGCForNative adj_start_bytes: 33486448 NativeAllocationGcWatermark: 10632183 java_gc_start_bytes: 17538174 kNewNativeDiscountFactor: 2 kOldNativeDiscountFactor: 65536 old_native_bytes: 118002093 new_native_bytes: 17611640 add_bytes_allowed: 31896549 is_gc_concurrent: 1 target_footprint_: 17948606 GetBytesAllocated: 11253936 HeapGrowthMultiplier: 3
12-15 10:56:40.054  3179  3679 I com.miui.home: CheckGCForNative gc_urgency 0.599095 current_native_bytes is 135613733
12-15 10:56:40.081  3179  8285 I com.miui.home: CheckGCForNative adj_start_bytes: 33486448 NativeAllocationGcWatermark: 10632183 java_gc_start_bytes: 17538174 kNewNativeDiscountFactor: 2 kOldNativeDiscountFactor: 65536 old_native_bytes: 118002093 new_native_bytes: 6910624 add_bytes_allowed: 31896549 is_gc_concurrent: 1 target_footprint_: 17948606 GetBytesAllocated: 11352592 HeapGrowthMultiplier: 3
12-15 10:56:40.081  3179  8285 I com.miui.home: CheckGCForNative gc_urgency 0.44226 current_native_bytes is 124912717
12-15 10:56:40.161  3179  3679 I com.miui.home: CheckGCForNative adj_start_bytes: 33486448 NativeAllocationGcWatermark: 10632183 java_gc_start_bytes: 17538174 kNewNativeDiscountFactor: 2 kOldNativeDiscountFactor: 65536 old_native_bytes: 118002093 new_native_bytes: 7160740 add_bytes_allowed: 31896549 is_gc_concurrent: 1 target_footprint_: 17948606 GetBytesAllocated: 11696720 HeapGrowthMultiplier: 3
12-15 10:56:40.161  3179  3679 I com.miui.home: CheckGCForNative gc_urgency 0.456271 current_native_bytes is 125162833
12-15 10:56:40.171  3179  3679 I com.miui.home: CheckGCForNative adj_start_bytes: 33486448 NativeAllocationGcWatermark: 10632183 java_gc_start_bytes: 17538174 kNewNativeDiscountFactor: 2 kOldNativeDiscountFactor: 65536 old_native_bytes: 118002093 new_native_bytes: 7185972 add_bytes_allowed: 31896549 is_gc_concurrent: 1 target_footprint_: 17948606 GetBytesAllocated: 11713104 HeapGrowthMultiplier: 3
12-15 10:56:40.171  3179  3679 I com.miui.home: CheckGCForNative gc_urgency 0.457137 current_native_bytes is 125188065
12-15 10:56:40.199  7892  7892 I wm_on_top_resumed_lost_called: [64056772,com.autonavi.map.activity.NewMapActivity,topStateChangedWhenResumed]
12-15 10:56:40.201  7892  7892 I wm_on_paused_called: [0,64056772,com.autonavi.map.activity.NewMapActivity,performPause,1]
12-15 10:56:40.237  3179  3679 I com.miui.home: CheckGCForNative adj_start_bytes: 33486448 NativeAllocationGcWatermark: 10632183 java_gc_start_bytes: 17538174 kNewNativeDiscountFactor: 2 kOldNativeDiscountFactor: 65536 old_native_bytes: 118002093 new_native_bytes: 7313908 add_bytes_allowed: 31896549 is_gc_concurrent: 1 target_footprint_: 17948606 GetBytesAllocated: 12040944 HeapGrowthMultiplier: 3
12-15 10:56:40.237  3179  3679 I com.miui.home: CheckGCForNative gc_urgency 0.468837 current_native_bytes is 125316001
12-15 10:56:40.354  3179  3679 I com.miui.home: CheckGCForNative adj_start_bytes: 33486448 NativeAllocationGcWatermark: 10632183 java_gc_start_bytes: 17538174 kNewNativeDiscountFactor: 2 kOldNativeDiscountFactor: 65536 old_native_bytes: 118002093 new_native_bytes: 7460200 add_bytes_allowed: 31896549 is_gc_concurrent: 1 target_footprint_: 17948606 GetBytesAllocated: 12417952 HeapGrowthMultiplier: 3
12-15 10:56:40.354  3179  3679 I com.miui.home: CheckGCForNative gc_urgency 0.48228 current_native_bytes is 125462293
12-15 10:56:40.408  3179  3314 I com.miui.home: CheckGCForNative adj_start_bytes: 33486448 NativeAllocationGcWatermark: 10632183 java_gc_start_bytes: 17538174 kNewNativeDiscountFactor: 2 kOldNativeDiscountFactor: 65536 old_native_bytes: 118002093 new_native_bytes: 7685972 add_bytes_allowed: 31896549 is_gc_concurrent: 1 target_footprint_: 17948606 GetBytesAllocated: 12631008 HeapGrowthMultiplier: 3
12-15 10:56:40.408  3179  3314 I com.miui.home: CheckGCForNative gc_urgency 0.492014 current_native_bytes is 125688065
12-15 10:56:40.478  3179  3679 I com.miui.home: CheckGCForNative adj_start_bytes: 33486448 NativeAllocationGcWatermark: 10632183 java_gc_start_bytes: 17538174 kNewNativeDiscountFactor: 2 kOldNativeDiscountFactor: 65536 old_native_bytes: 118002093 new_native_bytes: 7909972 add_bytes_allowed: 31896549 is_gc_concurrent: 1 target_footprint_: 17948606 GetBytesAllocated: 12975232 HeapGrowthMultiplier: 3
12-15 10:56:40.478  3179  3679 I com.miui.home: CheckGCForNative gc_urgency 0.505638 current_native_bytes is 125912065
12-15 10:56:40.761  8324  8324 I wm_on_create_called: [0,144347797,fm.qingting.qtradio.WelcomeActivity,performCreate,91]
12-15 10:56:40.762  8324  8324 I wm_on_start_called: [0,144347797,fm.qingting.qtradio.WelcomeActivity,handleStartActivity,0]
12-15 10:56:40.765  8324  8324 I wm_on_resume_called: [0,144347797,fm.qingting.qtradio.WelcomeActivity,RESUME_ACTIVITY,2]
12-15 10:56:40.784  8324  8324 I wm_on_top_resumed_gained_called: [144347797,fm.qingting.qtradio.WelcomeActivity,topStateChangedWhenResumed]
12-15 10:56:41.047  3179  3179 I wm_on_stop_called: [0,231357510,com.miui.home.launcher.Launcher,STOP_ACTIVITY_ITEM,2]
12-15 10:56:41.341  3179  3179 I wm_on_restart_called: [0,231357510,com.miui.home.launcher.Launcher,performRestartActivity,0]
12-15 10:56:41.342  3179  3179 I wm_on_start_called: [0,231357510,com.miui.home.launcher.Launcher,handleStartActivity,0]
12-15 10:56:41.372  3179  3214 I com.miui.home: CheckGCForNative adj_start_bytes: 33486448 NativeAllocationGcWatermark: 10632183 java_gc_start_bytes: 17538174 kNewNativeDiscountFactor: 2 kOldNativeDiscountFactor: 65536 old_native_bytes: 118002093 new_native_bytes: 18815112 add_bytes_allowed: 31896549 is_gc_concurrent: 1 target_footprint_: 17948606 GetBytesAllocated: 13540928 HeapGrowthMultiplier: 3
12-15 10:56:41.372  3179  3214 I com.miui.home: CheckGCForNative gc_urgency 0.68536 current_native_bytes is 136817205
12-15 10:56:41.373  3179  3214 I com.miui.home: CheckGCForNative adj_start_bytes: 33486448 NativeAllocationGcWatermark: 10632183 java_gc_start_bytes: 17538174 kNewNativeDiscountFactor: 2 kOldNativeDiscountFactor: 65536 old_native_bytes: 118002093 new_native_bytes: 29521032 add_bytes_allowed: 31896549 is_gc_concurrent: 1 target_footprint_: 17948606 GetBytesAllocated: 13541136 HeapGrowthMultiplier: 3
12-15 10:56:41.373  3179  3214 I com.miui.home: CheckGCForNative gc_urgency 0.845221 current_native_bytes is 147523125
12-15 10:56:41.441  3179  3314 I com.miui.home: CheckGCForNative adj_start_bytes: 33486448 NativeAllocationGcWatermark: 10632183 java_gc_start_bytes: 17538174 kNewNativeDiscountFactor: 2 kOldNativeDiscountFactor: 65536 old_native_bytes: 118002093 new_native_bytes: 18901056 add_bytes_allowed: 31896549 is_gc_concurrent: 1 target_footprint_: 17948606 GetBytesAllocated: 13721456 HeapGrowthMultiplier: 3
12-15 10:56:41.441  3179  3314 I com.miui.home: CheckGCForNative gc_urgency 0.692035 current_native_bytes is 136903149
12-15 10:56:41.442  8324  8324 I wm_on_idle_called: fm.qingting.qtradio.WelcomeActivity
12-15 10:56:41.456  3179  3215 I com.miui.home: CheckGCForNative adj_start_bytes: 33486448 NativeAllocationGcWatermark: 10632183 java_gc_start_bytes: 17538174 kNewNativeDiscountFactor: 2 kOldNativeDiscountFactor: 65536 old_native_bytes: 118002093 new_native_bytes: 29611264 add_bytes_allowed: 31896549 is_gc_concurrent: 1 target_footprint_: 17948606 GetBytesAllocated: 13721456 HeapGrowthMultiplier: 3
12-15 10:56:41.456  3179  3215 I com.miui.home: CheckGCForNative gc_urgency 0.851953 current_native_bytes is 147613357
12-15 10:56:41.496  3179  3314 I com.miui.home: CheckGCForNative adj_start_bytes: 33486448 NativeAllocationGcWatermark: 10632183 java_gc_start_bytes: 17538174 kNewNativeDiscountFactor: 2 kOldNativeDiscountFactor: 65536 old_native_bytes: 118002093 new_native_bytes: 18942304 add_bytes_allowed: 31896549 is_gc_concurrent: 1 target_footprint_: 17948606 GetBytesAllocated: 13869104 HeapGrowthMultiplier: 3
12-15 10:56:41.496  3179  3314 I com.miui.home: CheckGCForNative gc_urgency 0.69706 current_native_bytes is 136944397
12-15 10:56:41.796  3179  3314 I com.miui.home: CheckGCForNative adj_start_bytes: 33486448 NativeAllocationGcWatermark: 10632183 java_gc_start_bytes: 17538174 kNewNativeDiscountFactor: 2 kOldNativeDiscountFactor: 65536 old_native_bytes: 118002093 new_native_bytes: 18963128 add_bytes_allowed: 31896549 is_gc_concurrent: 1 target_footprint_: 17948606 GetBytesAllocated: 14016560 HeapGrowthMultiplier: 3
12-15 10:56:41.796  3179  3314 I com.miui.home: CheckGCForNative gc_urgency 0.701774 current_native_bytes is 136965221
12-15 10:56:41.931  8324  8324 I wm_on_top_resumed_lost_called: [144347797,fm.qingting.qtradio.WelcomeActivity,topStateChangedWhenResumed]
12-15 10:56:41.944  3179  3179 I wm_on_resume_called: [0,231357510,com.miui.home.launcher.Launcher,RESUME_ACTIVITY,4]
12-15 10:56:41.945  3179  3179 I wm_on_idle_called: com.miui.home.launcher.Launcher
12-15 10:56:41.961  8324  8324 I wm_on_paused_called: [0,144347797,fm.qingting.qtradio.WelcomeActivity,performPause,1]
12-15 10:56:41.964  3179  3179 I wm_on_top_resumed_gained_called: [231357510,com.miui.home.launcher.Launcher,topStateChangedWhenResumed]
12-15 10:56:41.994  8324  8324 I wm_on_stop_called: [0,144347797,fm.qingting.qtradio.WelcomeActivity,STOP_ACTIVITY_ITEM,2]
12-15 10:56:42.094  3179  3679 I com.miui.home: CheckGCForNative adj_start_bytes: 33486448 NativeAllocationGcWatermark: 10632183 java_gc_start_bytes: 17538174 kNewNativeDiscountFactor: 2 kOldNativeDiscountFactor: 65536 old_native_bytes: 118002093 new_native_bytes: 19325000 add_bytes_allowed: 31896549 is_gc_concurrent: 1 target_footprint_: 17948606 GetBytesAllocated: 15131696 HeapGrowthMultiplier: 3
12-15 10:56:42.095  3179  3679 I com.miui.home: CheckGCForNative gc_urgency 0.740479 current_native_bytes is 137327093
12-15 10:56:42.116  3179  3679 I com.miui.home: CheckGCForNative adj_start_bytes: 33486448 NativeAllocationGcWatermark: 10632183 java_gc_start_bytes: 17538174 kNewNativeDiscountFactor: 2 kOldNativeDiscountFactor: 65536 old_native_bytes: 118002093 new_native_bytes: 30312604 add_bytes_allowed: 31896549 is_gc_concurrent: 1 target_footprint_: 17948606 GetBytesAllocated: 15295536 HeapGrowthMultiplier: 3
12-15 10:56:42.116  3179  3679 I com.miui.home: CheckGCForNative gc_urgency 0.909432 current_native_bytes is 148314697
12-15 10:56:42.151  3179  3679 I com.miui.home: CheckGCForNative adj_start_bytes: 33486448 NativeAllocationGcWatermark: 10632183 java_gc_start_bytes: 17538174 kNewNativeDiscountFactor: 2 kOldNativeDiscountFactor: 65536 old_native_bytes: 118002093 new_native_bytes: 19577524 add_bytes_allowed: 31896549 is_gc_concurrent: 1 target_footprint_: 17948606 GetBytesAllocated: 15541648 HeapGrowthMultiplier: 3
12-15 10:56:42.151  3179  3679 I com.miui.home: CheckGCForNative gc_urgency 0.756491 current_native_bytes is 137579617
12-15 10:56:42.202  3179  3179 I wm_on_top_resumed_lost_called: [231357510,com.miui.home.launcher.Launcher,topStateChangedWhenResumed]
12-15 10:56:42.206  3179  3179 I wm_on_paused_called: [0,231357510,com.miui.home.launcher.Launcher,performPause,1]
12-15 10:56:42.209  3179  3304 I com.miui.home: CheckGCForNative adj_start_bytes: 33486448 NativeAllocationGcWatermark: 10632183 java_gc_start_bytes: 17538174 kNewNativeDiscountFactor: 2 kOldNativeDiscountFactor: 65536 old_native_bytes: 118002093 new_native_bytes: 19836100 add_bytes_allowed: 31896549 is_gc_concurrent: 1 target_footprint_: 17948606 GetBytesAllocated: 15820240 HeapGrowthMultiplier: 3
12-15 10:56:42.209  3179  3304 I com.miui.home: CheckGCForNative gc_urgency 0.768672 current_native_bytes is 137838193
12-15 10:56:42.298  3179  3679 I com.miui.home: CheckGCForNative adj_start_bytes: 33486448 NativeAllocationGcWatermark: 10632183 java_gc_start_bytes: 17538174 kNewNativeDiscountFactor: 2 kOldNativeDiscountFactor: 65536 old_native_bytes: 118002093 new_native_bytes: 20037080 add_bytes_allowed: 31896549 is_gc_concurrent: 1 target_footprint_: 17948606 GetBytesAllocated: 16361216 HeapGrowthMultiplier: 3
12-15 10:56:42.298  3179  3679 I com.miui.home: CheckGCForNative gc_urgency 0.787828 current_native_bytes is 138039173
12-15 10:56:42.374  3179  3314 I com.miui.home: CheckGCForNative adj_start_bytes: 33486448 NativeAllocationGcWatermark: 10632183 java_gc_start_bytes: 17538174 kNewNativeDiscountFactor: 2 kOldNativeDiscountFactor: 65536 old_native_bytes: 118002093 new_native_bytes: 20158192 add_bytes_allowed: 31896549 is_gc_concurrent: 1 target_footprint_: 17948606 GetBytesAllocated: 16877568 HeapGrowthMultiplier: 3
12-15 10:56:42.375  3179  3314 I com.miui.home: CheckGCForNative gc_urgency 0.805056 current_native_bytes is 138160285
12-15 10:56:42.388  3179  3679 I com.miui.home: CheckGCForNative adj_start_bytes: 33486448 NativeAllocationGcWatermark: 10632183 java_gc_start_bytes: 17538174 kNewNativeDiscountFactor: 2 kOldNativeDiscountFactor: 65536 old_native_bytes: 118002093 new_native_bytes: 20251808 add_bytes_allowed: 31896549 is_gc_concurrent: 1 target_footprint_: 17948606 GetBytesAllocated: 16910336 HeapGrowthMultiplier: 3
12-15 10:56:42.388  3179  3679 I com.miui.home: CheckGCForNative gc_urgency 0.807432 current_native_bytes is 138253901
12-15 10:56:42.450  3179  3679 I com.miui.home: CheckGCForNative adj_start_bytes: 33486448 NativeAllocationGcWatermark: 10632183 java_gc_start_bytes: 17538174 kNewNativeDiscountFactor: 2 kOldNativeDiscountFactor: 65536 old_native_bytes: 118002093 new_native_bytes: 20461780 add_bytes_allowed: 31896549 is_gc_concurrent: 1 target_footprint_: 17948606 GetBytesAllocated: 17205472 HeapGrowthMultiplier: 3
12-15 10:56:42.450  3179  3679 I com.miui.home: CheckGCForNative gc_urgency 0.819381 current_native_bytes is 138463873
12-15 10:56:42.488  3179  3679 I com.miui.home: CheckGCForNative adj_start_bytes: 33486448 NativeAllocationGcWatermark: 10632183 java_gc_start_bytes: 17538174 kNewNativeDiscountFactor: 2 kOldNativeDiscountFactor: 65536 old_native_bytes: 118002093 new_native_bytes: 20467528 add_bytes_allowed: 31896549 is_gc_concurrent: 1 target_footprint_: 17948606 GetBytesAllocated: 17467712 HeapGrowthMultiplier: 3
12-15 10:56:42.488  3179  3679 I com.miui.home: CheckGCForNative gc_urgency 0.827298 current_native_bytes is 138469621
12-15 10:56:42.814  8594  8594 I wm_on_create_called: [0,265384606,com.xunmeng.pinduoduo.ui.activity.MainFrameActivity,performCreate,88]
12-15 10:56:42.890  8594  8594 I wm_on_create_called: [0,95392884,com.xunmeng.pinduoduo.ui.activity.HomeActivity,performCreate,27]
12-15 10:56:42.905  8594  8594 I wm_on_start_called: [0,95392884,com.xunmeng.pinduoduo.ui.activity.HomeActivity,handleStartActivity,14]
12-15 10:56:42.911  8594  8594 I wm_on_resume_called: [0,95392884,com.xunmeng.pinduoduo.ui.activity.HomeActivity,RESUME_ACTIVITY,5]
12-15 10:56:42.939  8594  8594 I wm_on_top_resumed_gained_called: [95392884,com.xunmeng.pinduoduo.ui.activity.HomeActivity,topStateChangedWhenResumed]
12-15 10:56:42.988  3179  3679 I com.miui.home: CheckGCForNative gc_urgency 0 current_native_bytes is 135993305
12-15 10:56:43.009  3179  3679 I com.miui.home: CheckGCForNative adj_start_bytes: 33765808 NativeAllocationGcWatermark: 10632183 java_gc_start_bytes: 17817534 kNewNativeDiscountFactor: 2 kOldNativeDiscountFactor: 65536 old_native_bytes: 135993305 new_native_bytes: 437760 add_bytes_allowed: 31896549 is_gc_concurrent: 1 target_footprint_: 17948606 GetBytesAllocated: 9741184 HeapGrowthMultiplier: 3
12-15 10:56:43.009  3179  3679 I com.miui.home: CheckGCForNative gc_urgency 0.295036 current_native_bytes is 136431065
12-15 10:56:43.069  3179  3679 I com.miui.home: CheckGCForNative adj_start_bytes: 33765808 NativeAllocationGcWatermark: 10632183 java_gc_start_bytes: 17817534 kNewNativeDiscountFactor: 2 kOldNativeDiscountFactor: 65536 old_native_bytes: 135993305 new_native_bytes: 652404 add_bytes_allowed: 31896549 is_gc_concurrent: 1 target_footprint_: 17948606 GetBytesAllocated: 10101856 HeapGrowthMultiplier: 3
12-15 10:56:43.069  3179  3679 I com.miui.home: CheckGCForNative gc_urgency 0.308896 current_native_bytes is 136645709
12-15 10:56:43.304  3179  3179 I wm_on_stop_called: [0,231357510,com.miui.home.launcher.Launcher,STOP_ACTIVITY_ITEM,3]
12-15 10:56:43.394  3179  3179 I wm_on_restart_called: [0,231357510,com.miui.home.launcher.Launcher,performRestartActivity,0]
12-15 10:56:43.394  3179  3179 I wm_on_start_called: [0,231357510,com.miui.home.launcher.Launcher,handleStartActivity,1]
12-15 10:56:43.406  8594  8594 I wm_on_destroy_called: [0,265384606,com.xunmeng.pinduoduo.ui.activity.MainFrameActivity,performDestroy,5]
12-15 10:56:43.440  3179  3214 I com.miui.home: CheckGCForNative adj_start_bytes: 33765808 NativeAllocationGcWatermark: 10632183 java_gc_start_bytes: 17817534 kNewNativeDiscountFactor: 2 kOldNativeDiscountFactor: 65536 old_native_bytes: 135993305 new_native_bytes: 11636600 add_bytes_allowed: 31896549 is_gc_concurrent: 1 target_footprint_: 17948606 GetBytesAllocated: 10749248 HeapGrowthMultiplier: 3
12-15 10:56:43.440  3179  3214 I com.miui.home: CheckGCForNative gc_urgency 0.490722 current_native_bytes is 147629905
12-15 10:56:43.441  3179  3214 I com.miui.home: CheckGCForNative adj_start_bytes: 33765808 NativeAllocationGcWatermark: 10632183 java_gc_start_bytes: 17817534 kNewNativeDiscountFactor: 2 kOldNativeDiscountFactor: 65536 old_native_bytes: 135993305 new_native_bytes: 22342520 add_bytes_allowed: 31896549 is_gc_concurrent: 1 target_footprint_: 17948606 GetBytesAllocated: 10749440 HeapGrowthMultiplier: 3
12-15 10:56:43.441  3179  3214 I com.miui.home: CheckGCForNative gc_urgency 0.64926 current_native_bytes is 158335825
12-15 10:56:43.484  3179  3215 I com.miui.home: CheckGCForNative adj_start_bytes: 33765808 NativeAllocationGcWatermark: 10632183 java_gc_start_bytes: 17817534 kNewNativeDiscountFactor: 2 kOldNativeDiscountFactor: 65536 old_native_bytes: 135993305 new_native_bytes: 22495760 add_bytes_allowed: 31896549 is_gc_concurrent: 1 target_footprint_: 17948606 GetBytesAllocated: 10880608 HeapGrowthMultiplier: 3
12-15 10:56:43.484  3179  3215 I com.miui.home: CheckGCForNative gc_urgency 0.655413 current_native_bytes is 158489065
12-15 10:56:43.497  8594  8594 I wm_on_idle_called: com.xunmeng.pinduoduo.ui.activity.HomeActivity
12-15 10:56:43.541  3179  3314 I com.miui.home: CheckGCForNative adj_start_bytes: 33765808 NativeAllocationGcWatermark: 10632183 java_gc_start_bytes: 17817534 kNewNativeDiscountFactor: 2 kOldNativeDiscountFactor: 65536 old_native_bytes: 135993305 new_native_bytes: 11791664 add_bytes_allowed: 31896549 is_gc_concurrent: 1 target_footprint_: 17948606 GetBytesAllocated: 10913600 HeapGrowthMultiplier: 3
12-15 10:56:43.541  3179  3314 I com.miui.home: CheckGCForNative gc_urgency 0.497886 current_native_bytes is 147784969
12-15 10:56:43.808  3179  3314 I com.miui.home: CheckGCForNative gc_urgency 0.501623 current_native_bytes is 147808001
12-15 10:56:43.896  3179  3314 I com.miui.home: CheckGCForNative adj_start_bytes: 33765808 NativeAllocationGcWatermark: 10632183 java_gc_start_bytes: 17817534 kNewNativeDiscountFactor: 2 kOldNativeDiscountFactor: 65536 old_native_bytes: 135993305 new_native_bytes: 11820328 add_bytes_allowed: 31896549 is_gc_concurrent: 1 target_footprint_: 17948606 GetBytesAllocated: 11077440 HeapGrowthMultiplier: 3
12-15 10:56:43.897  3179  3314 I com.miui.home: CheckGCForNative gc_urgency 0.503162 current_native_bytes is 147813633
12-15 10:56:43.951  8594  8594 I wm_on_top_resumed_lost_called: [95392884,com.xunmeng.pinduoduo.ui.activity.HomeActivity,topStateChangedWhenResumed]
12-15 10:56:43.967  3179  3179 I wm_on_resume_called: [0,231357510,com.miui.home.launcher.Launcher,RESUME_ACTIVITY,3]
12-15 10:56:43.967  3179  3179 I wm_on_idle_called: com.miui.home.launcher.Launcher
12-15 10:56:43.978  3179  3179 I wm_on_top_resumed_gained_called: [231357510,com.miui.home.launcher.Launcher,topStateChangedWhenResumed]
12-15 10:56:43.984  8594  8594 I wm_on_paused_called: [0,95392884,com.xunmeng.pinduoduo.ui.activity.HomeActivity,performPause,1]
12-15 10:56:44.037  8594  8594 I wm_on_stop_called: [0,95392884,com.xunmeng.pinduoduo.ui.activity.HomeActivity,STOP_ACTIVITY_ITEM,21]
12-15 10:56:44.213  3179  3679 I com.miui.home: CheckGCForNative adj_start_bytes: 33765808 NativeAllocationGcWatermark: 10632183 java_gc_start_bytes: 17817534 kNewNativeDiscountFactor: 2 kOldNativeDiscountFactor: 65536 old_native_bytes: 135993305 new_native_bytes: 12050356 add_bytes_allowed: 31896549 is_gc_concurrent: 1 target_footprint_: 17948606 GetBytesAllocated: 12389328 HeapGrowthMultiplier: 3
12-15 10:56:44.214  3179  3679 I com.miui.home: CheckGCForNative gc_urgency 0.545421 current_native_bytes is 148043661
12-15 10:56:44.267  3179  3179 I wm_on_top_resumed_lost_called: [231357510,com.miui.home.launcher.Launcher,topStateChangedWhenResumed]
12-15 10:56:44.271  3179  3679 I com.miui.home: CheckGCForNative adj_start_bytes: 33765808 NativeAllocationGcWatermark: 10632183 java_gc_start_bytes: 17817534 kNewNativeDiscountFactor: 2 kOldNativeDiscountFactor: 65536 old_native_bytes: 135993305 new_native_bytes: 23069416 add_bytes_allowed: 31896549 is_gc_concurrent: 1 target_footprint_: 17948606 GetBytesAllocated: 12504016 HeapGrowthMultiplier: 3
12-15 10:56:44.272  3179  3679 I com.miui.home: CheckGCForNative gc_urgency 0.711987 current_native_bytes is 159062721
12-15 10:56:44.277  3179  3179 I wm_on_paused_called: [0,231357510,com.miui.home.launcher.Launcher,performPause,1]
12-15 10:56:44.315  3179  3679 I com.miui.home: CheckGCForNative adj_start_bytes: 33765808 NativeAllocationGcWatermark: 10632183 java_gc_start_bytes: 17817534 kNewNativeDiscountFactor: 2 kOldNativeDiscountFactor: 65536 old_native_bytes: 135993305 new_native_bytes: 12483248 add_bytes_allowed: 31896549 is_gc_concurrent: 1 target_footprint_: 17948606 GetBytesAllocated: 12865008 HeapGrowthMultiplier: 3
12-15 10:56:44.315  3179  3679 I com.miui.home: CheckGCForNative gc_urgency 0.565919 current_native_bytes is 148476553
12-15 10:56:44.405  3179  3679 I com.miui.home: CheckGCForNative adj_start_bytes: 33765808 NativeAllocationGcWatermark: 10632183 java_gc_start_bytes: 17817534 kNewNativeDiscountFactor: 2 kOldNativeDiscountFactor: 65536 old_native_bytes: 135993305 new_native_bytes: 12755380 add_bytes_allowed: 31896549 is_gc_concurrent: 1 target_footprint_: 17948606 GetBytesAllocated: 13397808 HeapGrowthMultiplier: 3
12-15 10:56:44.405  3179  3679 I com.miui.home: CheckGCForNative gc_urgency 0.585728 current_native_bytes is 148748685
12-15 10:56:44.461  3179  3679 I com.miui.home: CheckGCForNative adj_start_bytes: 33765808 NativeAllocationGcWatermark: 10632183 java_gc_start_bytes: 17817534 kNewNativeDiscountFactor: 2 kOldNativeDiscountFactor: 65536 old_native_bytes: 135993305 new_native_bytes: 13026472 add_bytes_allowed: 31896549 is_gc_concurrent: 1 target_footprint_: 17948606 GetBytesAllocated: 13659952 HeapGrowthMultiplier: 3
12-15 10:56:44.461  3179  3679 I com.miui.home: CheckGCForNative gc_urgency 0.597506 current_native_bytes is 149019777
12-15 10:56:44.541  3179  3679 I com.miui.home: CheckGCForNative adj_start_bytes: 33765808 NativeAllocationGcWatermark: 10632183 java_gc_start_bytes: 17817534 kNewNativeDiscountFactor: 2 kOldNativeDiscountFactor: 65536 old_native_bytes: 135993305 new_native_bytes: 13249680 add_bytes_allowed: 31896549 is_gc_concurrent: 1 target_footprint_: 17948606 GetBytesAllocated: 14020768 HeapGrowthMultiplier: 3
12-15 10:56:44.541  3179  3679 I com.miui.home: CheckGCForNative gc_urgency 0.611497 current_native_bytes is 149242985
12-15 10:56:45.184  8843  8843 I wm_on_application_create_called: [0,com.smile.gifmaker,312]
12-15 10:56:45.373  8843  8843 I wm_on_create_called: [0,34689980,com.yxcorp.gifshow.HomeActivity,performCreate,173]
12-15 10:56:45.527  3179  3214 I com.miui.home: CheckGCForNative adj_start_bytes: 33765808 NativeAllocationGcWatermark: 10632183 java_gc_start_bytes: 17817534 kNewNativeDiscountFactor: 2 kOldNativeDiscountFactor: 65536 old_native_bytes: 135993305 new_native_bytes: 24069288 add_bytes_allowed: 31896549 is_gc_concurrent: 1 target_footprint_: 17948606 GetBytesAllocated: 14766736 HeapGrowthMultiplier: 3
12-15 10:56:45.528  3179  3214 I com.miui.home: CheckGCForNative gc_urgency 0.793805 current_native_bytes is 160062593
12-15 10:56:45.529  3179  3214 I com.miui.home: CheckGCForNative adj_start_bytes: 33765808 NativeAllocationGcWatermark: 10632183 java_gc_start_bytes: 17817534 kNewNativeDiscountFactor: 2 kOldNativeDiscountFactor: 65536 old_native_bytes: 135993305 new_native_bytes: 34775848 add_bytes_allowed: 31896549 is_gc_concurrent: 1 target_footprint_: 17948606 GetBytesAllocated: 14766928 HeapGrowthMultiplier: 3
12-15 10:56:45.529  3179  3214 I com.miui.home: CheckGCForNative gc_urgency 0.952352 current_native_bytes is 170769153
12-15 10:56:45.532  3179  3214 I com.miui.home: CheckGCForNative adj_start_bytes: 33765808 NativeAllocationGcWatermark: 10632183 java_gc_start_bytes: 17817534 kNewNativeDiscountFactor: 2 kOldNativeDiscountFactor: 65536 old_native_bytes: 135993305 new_native_bytes: 34780840 add_bytes_allowed: 31896549 is_gc_concurrent: 1 target_footprint_: 17948606 GetBytesAllocated: 14783312 HeapGrowthMultiplier: 3
12-15 10:56:45.533  3179  3214 I com.miui.home: CheckGCForNative gc_urgency 0.952911 current_native_bytes is 170774145
12-15 10:56:45.578  8843  8843 I wm_on_start_called: [0,34689980,com.yxcorp.gifshow.HomeActivity,handleStartActivity,204]
12-15 10:56:45.597  3179  3314 I com.miui.home: CheckGCForNative adj_start_bytes: 33765808 NativeAllocationGcWatermark: 10632183 java_gc_start_bytes: 17817534 kNewNativeDiscountFactor: 2 kOldNativeDiscountFactor: 65536 old_native_bytes: 135993305 new_native_bytes: 24119000 add_bytes_allowed: 31896549 is_gc_concurrent: 1 target_footprint_: 17948606 GetBytesAllocated: 14865584 HeapGrowthMultiplier: 3
12-15 10:56:45.597  3179  3314 I com.miui.home: CheckGCForNative gc_urgency 0.797468 current_native_bytes is 160112305
12-15 10:56:45.619  3179  3314 I com.miui.home: CheckGCForNative adj_start_bytes: 33765808 NativeAllocationGcWatermark: 10632183 java_gc_start_bytes: 17817534 kNewNativeDiscountFactor: 2 kOldNativeDiscountFactor: 65536 old_native_bytes: 135993305 new_native_bytes: 24124312 add_bytes_allowed: 31896549 is_gc_concurrent: 1 target_footprint_: 17948606 GetBytesAllocated: 14881968 HeapGrowthMultiplier: 3
12-15 10:56:45.619  3179  3314 I com.miui.home: CheckGCForNative gc_urgency 0.798032 current_native_bytes is 160117617
12-15 10:56:45.692  8843  8843 I wm_on_resume_called: [0,34689980,com.yxcorp.gifshow.HomeActivity,RESUME_ACTIVITY,9]
12-15 10:56:45.716  8843  8843 I wm_on_top_resumed_gained_called: [34689980,com.yxcorp.gifshow.HomeActivity,topStateChangedWhenResumed]
12-15 10:56:45.952  3179  3314 I com.miui.home: CheckGCForNative adj_start_bytes: 33765808 NativeAllocationGcWatermark: 10632183 java_gc_start_bytes: 17817534 kNewNativeDiscountFactor: 2 kOldNativeDiscountFactor: 65536 old_native_bytes: 135993305 new_native_bytes: 24089040 add_bytes_allowed: 31896549 is_gc_concurrent: 1 target_footprint_: 17948606 GetBytesAllocated: 15078768 HeapGrowthMultiplier: 3
12-15 10:56:45.952  3179  3314 I com.miui.home: CheckGCForNative gc_urgency 0.803338 current_native_bytes is 160082345
