12-15 10:57:08.952  3179  3679 I com.miui.home: CheckGCForNative adj_start_bytes: 35566376 NativeAllocationGcWatermark: 10825169 java_gc_start_bytes: 19328623 kNewNativeDiscountFactor: 2 kOldNativeDiscountFactor: 65536 old_native_bytes: 134991929 new_native_bytes: 14525508 add_bytes_allowed: 32475507 is_gc_concurrent: 1 target_footprint_: 19492495 GetBytesAllocated: 12427480 HeapGrowthMultiplier: 3
12-15 10:57:08.952  3179  3679 I com.miui.home: CheckGCForNative gc_urgency 0.553677 current_native_bytes is 149517437
12-15 10:57:09.001  3179  3679 I com.miui.home: CheckGCForNative adj_start_bytes: 35566376 NativeAllocationGcWatermark: 10825169 java_gc_start_bytes: 19328623 kNewNativeDiscountFactor: 2 kOldNativeDiscountFactor: 65536 old_native_bytes: 134991929 new_native_bytes: 3821124 add_bytes_allowed: 32475507 is_gc_concurrent: 1 target_footprint_: 19492495 GetBytesAllocated: 12657736 HeapGrowthMultiplier: 3
12-15 10:57:09.001  3179  3679 I com.miui.home: CheckGCForNative gc_urgency 0.409667 current_native_bytes is 138813053
12-15 10:57:09.028  3179  3679 I com.miui.home: CheckGCForNative adj_start_bytes: 35566376 NativeAllocationGcWatermark: 10825169 java_gc_start_bytes: 19328623 kNewNativeDiscountFactor: 2 kOldNativeDiscountFactor: 65536 old_native_bytes: 134991929 new_native_bytes: 3963832 add_bytes_allowed: 32475507 is_gc_concurrent: 1 target_footprint_: 19492495 GetBytesAllocated: 12919976 HeapGrowthMultiplier: 3
12-15 10:57:09.028  3179  3679 I com.miui.home: CheckGCForNative gc_urgency 0.419046 current_native_bytes is 138955761
12-15 10:57:09.592 13176 13176 I wm_on_create_called: [0,38592067,com.eg.android.AlipayGphone.AlipayLogin,performCreate,139]
12-15 10:57:09.602 13176 13176 I wm_on_start_called: [0,38592067,com.eg.android.AlipayGphone.AlipayLogin,handleStartActivity,9]
12-15 10:57:09.607 13176 13176 I wm_on_resume_called: [0,38592067,com.eg.android.AlipayGphone.AlipayLogin,RESUME_ACTIVITY,3]
12-15 10:57:09.631 13176 13176 I wm_on_top_resumed_gained_called: [38592067,com.eg.android.AlipayGphone.AlipayLogin,topStateChangedWhenResumed]
12-15 10:57:10.013  3179  3179 I wm_on_stop_called: [0,231357510,com.miui.home.launcher.Launcher,STOP_ACTIVITY_ITEM,5]
12-15 10:57:10.316  3179  3179 I wm_on_restart_called: [0,231357510,com.miui.home.launcher.Launcher,performRestartActivity,0]
12-15 10:57:10.316  3179  3179 I wm_on_start_called: [0,231357510,com.miui.home.launcher.Launcher,handleStartActivity,0]
12-15 10:57:10.371  3179  9089 I com.miui.home: CheckGCForNative adj_start_bytes: 35566376 NativeAllocationGcWatermark: 10825169 java_gc_start_bytes: 19328623 kNewNativeDiscountFactor: 2 kOldNativeDiscountFactor: 65536 old_native_bytes: 134991929 new_native_bytes: 15172720 add_bytes_allowed: 32475507 is_gc_concurrent: 1 target_footprint_: 19492495 GetBytesAllocated: 13682376 HeapGrowthMultiplier: 3
12-15 10:57:10.371  3179  9089 I com.miui.home: CheckGCForNative gc_urgency 0.598059 current_native_bytes is 150164649
12-15 10:57:10.371  3179  9089 I com.miui.home: CheckGCForNative adj_start_bytes: 35566376 NativeAllocationGcWatermark: 10825169 java_gc_start_bytes: 19328623 kNewNativeDiscountFactor: 2 kOldNativeDiscountFactor: 65536 old_native_bytes: 134991929 new_native_bytes: 25878640 add_bytes_allowed: 32475507 is_gc_concurrent: 1 target_footprint_: 19492495 GetBytesAllocated: 13698952 HeapGrowthMultiplier: 3
12-15 10:57:10.371  3179  9089 I com.miui.home: CheckGCForNative gc_urgency 0.749031 current_native_bytes is 160870569
12-15 10:57:10.430  3179  3339 I com.miui.home: CheckGCForNative adj_start_bytes: 35566376 NativeAllocationGcWatermark: 10825169 java_gc_start_bytes: 19328623 kNewNativeDiscountFactor: 2 kOldNativeDiscountFactor: 65536 old_native_bytes: 134991929 new_native_bytes: 25870320 add_bytes_allowed: 32475507 is_gc_concurrent: 1 target_footprint_: 19492495 GetBytesAllocated: 13731720 HeapGrowthMultiplier: 3
12-15 10:57:10.431  3179  3339 I com.miui.home: CheckGCForNative gc_urgency 0.749836 current_native_bytes is 160862249
12-15 10:57:10.661  3179  3314 I com.miui.home: CheckGCForNative adj_start_bytes: 35566376 NativeAllocationGcWatermark: 10825169 java_gc_start_bytes: 19328623 kNewNativeDiscountFactor: 2 kOldNativeDiscountFactor: 65536 old_native_bytes: 134991929 new_native_bytes: 15182224 add_bytes_allowed: 32475507 is_gc_concurrent: 1 target_footprint_: 19492495 GetBytesAllocated: 13879368 HeapGrowthMultiplier: 3
12-15 10:57:10.661  3179  3314 I com.miui.home: CheckGCForNative gc_urgency 0.603731 current_native_bytes is 150174153
12-15 10:57:11.207 13393 13393 I wm_on_application_create_called: [0,com.eg.android.AlipayGphone,375]
12-15 10:57:11.226  3179  3679 I com.miui.home: CheckGCForNative adj_start_bytes: 35566376 NativeAllocationGcWatermark: 10825169 java_gc_start_bytes: 19328623 kNewNativeDiscountFactor: 2 kOldNativeDiscountFactor: 65536 old_native_bytes: 134991929 new_native_bytes: 15168248 add_bytes_allowed: 32475507 is_gc_concurrent: 1 target_footprint_: 19492495 GetBytesAllocated: 14404456 HeapGrowthMultiplier: 3
12-15 10:57:11.227  3179  3679 I com.miui.home: CheckGCForNative gc_urgency 0.618299 current_native_bytes is 150160177
12-15 10:57:11.246  3179  3679 I com.miui.home: CheckGCForNative adj_start_bytes: 35566376 NativeAllocationGcWatermark: 10825169 java_gc_start_bytes: 19328623 kNewNativeDiscountFactor: 2 kOldNativeDiscountFactor: 65536 old_native_bytes: 134991929 new_native_bytes: 15301520 add_bytes_allowed: 32475507 is_gc_concurrent: 1 target_footprint_: 19492495 GetBytesAllocated: 14486376 HeapGrowthMultiplier: 3
12-15 10:57:11.246  3179  3679 I com.miui.home: CheckGCForNative gc_urgency 0.622475 current_native_bytes is 150293449
12-15 10:57:11.302 13176 13176 I wm_on_top_resumed_lost_called: [38592067,com.eg.android.AlipayGphone.AlipayLogin,topStateChangedWhenResumed]
12-15 10:57:11.314  3179  3679 I com.miui.home: CheckGCForNative adj_start_bytes: 35566376 NativeAllocationGcWatermark: 10825169 java_gc_start_bytes: 19328623 kNewNativeDiscountFactor: 2 kOldNativeDiscountFactor: 65536 old_native_bytes: 134991929 new_native_bytes: 15429380 add_bytes_allowed: 32475507 is_gc_concurrent: 1 target_footprint_: 19492495 GetBytesAllocated: 14880264 HeapGrowthMultiplier: 3
12-15 10:57:11.314  3179  3679 I com.miui.home: CheckGCForNative gc_urgency 0.635348 current_native_bytes is 150421309
12-15 10:57:11.356  3179  3679 I com.miui.home: CheckGCForNative adj_start_bytes: 35566376 NativeAllocationGcWatermark: 10825169 java_gc_start_bytes: 19328623 kNewNativeDiscountFactor: 2 kOldNativeDiscountFactor: 65536 old_native_bytes: 134991929 new_native_bytes: 15742852 add_bytes_allowed: 32475507 is_gc_concurrent: 1 target_footprint_: 19492495 GetBytesAllocated: 15109672 HeapGrowthMultiplier: 3
12-15 10:57:11.356  3179  3679 I com.miui.home: CheckGCForNative gc_urgency 0.646205 current_native_bytes is 150734781
12-15 10:57:11.371 13176 13176 I wm_on_paused_called: [0,38592067,com.eg.android.AlipayGphone.AlipayLogin,performPause,54]
12-15 10:57:11.402  3179  3291 I com.miui.home: CheckGCForNative adj_start_bytes: 35566376 NativeAllocationGcWatermark: 10825169 java_gc_start_bytes: 19328623 kNewNativeDiscountFactor: 2 kOldNativeDiscountFactor: 65536 old_native_bytes: 134991929 new_native_bytes: 26880964 add_bytes_allowed: 32475507 is_gc_concurrent: 1 target_footprint_: 19492495 GetBytesAllocated: 15191592 HeapGrowthMultiplier: 3
12-15 10:57:11.410  3179  3291 I com.miui.home: CheckGCForNative gc_urgency 0.80509 current_native_bytes is 161872893
12-15 10:57:11.468  3179  3291 I com.miui.home: CheckGCForNative adj_start_bytes: 35566376 NativeAllocationGcWatermark: 10825169 java_gc_start_bytes: 19328623 kNewNativeDiscountFactor: 2 kOldNativeDiscountFactor: 65536 old_native_bytes: 134991929 new_native_bytes: 41623364 add_bytes_allowed: 32475507 is_gc_concurrent: 1 target_footprint_: 19492495 GetBytesAllocated: 15208168 HeapGrowthMultiplier: 3
12-15 10:57:11.469  3179  3291 I com.miui.home: CheckGCForNative gc_urgency 1.01281 current_native_bytes is 176615293
12-15 10:57:11.469  3179  3291 I com.miui.home: CheckGCForNative requested 1
12-15 10:57:11.470  3179  3291 I com.miui.home: CheckGCForNative adj_start_bytes: 35566376 NativeAllocationGcWatermark: 10825169 java_gc_start_bytes: 19328623 kNewNativeDiscountFactor: 2 kOldNativeDiscountFactor: 65536 old_native_bytes: 134991929 new_native_bytes: 29827124 add_bytes_allowed: 32475507 is_gc_concurrent: 1 target_footprint_: 19492495 GetBytesAllocated: 15208168 HeapGrowthMultiplier: 3
12-15 10:57:11.470  3179  3291 I com.miui.home: CheckGCForNative gc_urgency 0.846974 current_native_bytes is 164819053
12-15 10:57:11.499  3179  3291 I com.miui.home: CheckGCForNative adj_start_bytes: 35566376 NativeAllocationGcWatermark: 10825169 java_gc_start_bytes: 19328623 kNewNativeDiscountFactor: 2 kOldNativeDiscountFactor: 65536 old_native_bytes: 134991929 new_native_bytes: 30604628 add_bytes_allowed: 32475507 is_gc_concurrent: 1 target_footprint_: 19492495 GetBytesAllocated: 15208168 HeapGrowthMultiplier: 3
12-15 10:57:11.499  3179  3291 I com.miui.home: CheckGCForNative gc_urgency 0.857904 current_native_bytes is 165596557
12-15 10:57:11.759  3179  3679 I com.miui.home: CheckGCForNative adj_start_bytes: 35566376 NativeAllocationGcWatermark: 10825169 java_gc_start_bytes: 19328623 kNewNativeDiscountFactor: 2 kOldNativeDiscountFactor: 65536 old_native_bytes: 134991929 new_native_bytes: 30806992 add_bytes_allowed: 32475507 is_gc_concurrent: 1 target_footprint_: 19492495 GetBytesAllocated: 15553080 HeapGrowthMultiplier: 3
12-15 10:57:11.759  3179  3679 I com.miui.home: CheckGCForNative gc_urgency 0.870447 current_native_bytes is 165798921
12-15 10:57:11.794  3179  3209 I com.miui.home: NativeAlloc concurrent copying GC freed 101130(5341KB) AllocSpace objects, 8(288KB) LOS objects, 49% free, 9702KB/18MB, paused 245us,1.378ms total 324.380ms
12-15 10:57:11.814  3179  3679 I com.miui.home: CheckGCForNative gc_urgency 0 current_native_bytes is 139851061
12-15 10:57:11.821  3179  3291 I com.miui.home: CheckGCForNative adj_start_bytes: 35687610 NativeAllocationGcWatermark: 10872509 java_gc_start_bytes: 19378847 kNewNativeDiscountFactor: 2 kOldNativeDiscountFactor: 65536 old_native_bytes: 139851061 new_native_bytes: 827124 add_bytes_allowed: 32617527 is_gc_concurrent: 1 target_footprint_: 19871215 GetBytesAllocated: 10066904 HeapGrowthMultiplier: 3
12-15 10:57:11.821  3179  3291 I com.miui.home: CheckGCForNative gc_urgency 0.293732 current_native_bytes is 140678185
12-15 10:57:11.821  3179  3291 I com.miui.home: CheckGCForNative adj_start_bytes: 35687610 NativeAllocationGcWatermark: 10872509 java_gc_start_bytes: 19378847 kNewNativeDiscountFactor: 2 kOldNativeDiscountFactor: 65536 old_native_bytes: 139851061 new_native_bytes: 2277660 add_bytes_allowed: 32617527 is_gc_concurrent: 1 target_footprint_: 19871215 GetBytesAllocated: 10066968 HeapGrowthMultiplier: 3
12-15 10:57:11.822  3179  3291 I com.miui.home: CheckGCForNative gc_urgency 0.314057 current_native_bytes is 142128721
12-15 10:57:11.837  3179  3679 I com.miui.home: CheckGCForNative adj_start_bytes: 35687610 NativeAllocationGcWatermark: 10872509 java_gc_start_bytes: 19378847 kNewNativeDiscountFactor: 2 kOldNativeDiscountFactor: 65536 old_native_bytes: 139851061 new_native_bytes: 2156852 add_bytes_allowed: 32617527 is_gc_concurrent: 1 target_footprint_: 19871215 GetBytesAllocated: 10099784 HeapGrowthMultiplier: 3
12-15 10:57:11.837  3179  3679 I com.miui.home: CheckGCForNative gc_urgency 0.313284 current_native_bytes is 142007913
12-15 10:57:11.838  3179  3291 I com.miui.home: CheckGCForNative adj_start_bytes: 35687610 NativeAllocationGcWatermark: 10872509 java_gc_start_bytes: 19378847 kNewNativeDiscountFactor: 2 kOldNativeDiscountFactor: 65536 old_native_bytes: 139851061 new_native_bytes: 14797620 add_bytes_allowed: 32617527 is_gc_concurrent: 1 target_footprint_: 19871215 GetBytesAllocated: 10099784 HeapGrowthMultiplier: 3
12-15 10:57:11.838  3179  3291 I com.miui.home: CheckGCForNative gc_urgency 0.490387 current_native_bytes is 154648681
12-15 10:57:11.942  3179  3291 I com.miui.home: CheckGCForNative adj_start_bytes: 35687610 NativeAllocationGcWatermark: 10872509 java_gc_start_bytes: 19378847 kNewNativeDiscountFactor: 2 kOldNativeDiscountFactor: 65536 old_native_bytes: 139851061 new_native_bytes: 13577084 add_bytes_allowed: 32617527 is_gc_concurrent: 1 target_footprint_: 19871215 GetBytesAllocated: 10132824 HeapGrowthMultiplier: 3
12-15 10:57:11.942  3179  3291 I com.miui.home: CheckGCForNative gc_urgency 0.474212 current_native_bytes is 153428145
12-15 10:57:11.945  3179  3291 I com.miui.home: CheckGCForNative adj_start_bytes: 35687610 NativeAllocationGcWatermark: 10872509 java_gc_start_bytes: 19378847 kNewNativeDiscountFactor: 2 kOldNativeDiscountFactor: 65536 old_native_bytes: 139851061 new_native_bytes: 13973404 add_bytes_allowed: 32617527 is_gc_concurrent: 1 target_footprint_: 19871215 GetBytesAllocated: 10132824 HeapGrowthMultiplier: 3
12-15 10:57:11.945  3179  3291 I com.miui.home: CheckGCForNative gc_urgency 0.479765 current_native_bytes is 153824465
12-15 10:57:12.566 13620 13620 I wm_on_application_create_called: [0,com.ss.android.ugc.aweme,306]
12-15 10:57:13.010 13620 13620 I wm_on_create_called: [0,213001475,com.ss.android.ugc.aweme.splash.SplashActivity,performCreate,410]
12-15 10:57:13.141  3179  3215 I com.miui.home: CheckGCForNative adj_start_bytes: 35687610 NativeAllocationGcWatermark: 10872509 java_gc_start_bytes: 19378847 kNewNativeDiscountFactor: 2 kOldNativeDiscountFactor: 65536 old_native_bytes: 139851061 new_native_bytes: 25175360 add_bytes_allowed: 32617527 is_gc_concurrent: 1 target_footprint_: 19871215 GetBytesAllocated: 10829752 HeapGrowthMultiplier: 3
12-15 10:57:13.141  3179  3215 I com.miui.home: CheckGCForNative gc_urgency 0.656238 current_native_bytes is 165026421
12-15 10:57:13.142  3179  3215 I com.miui.home: CheckGCForNative adj_start_bytes: 35687610 NativeAllocationGcWatermark: 10872509 java_gc_start_bytes: 19378847 kNewNativeDiscountFactor: 2 kOldNativeDiscountFactor: 65536 old_native_bytes: 139851061 new_native_bytes: 35881920 add_bytes_allowed: 32617527 is_gc_concurrent: 1 target_footprint_: 19871215 GetBytesAllocated: 10846328 HeapGrowthMultiplier: 3
12-15 10:57:13.142  3179  3215 I com.miui.home: CheckGCForNative gc_urgency 0.806706 current_native_bytes is 175732981
12-15 10:57:13.156  3179  3215 I com.miui.home: CheckGCForNative adj_start_bytes: 35687610 NativeAllocationGcWatermark: 10872509 java_gc_start_bytes: 19378847 kNewNativeDiscountFactor: 2 kOldNativeDiscountFactor: 65536 old_native_bytes: 139851061 new_native_bytes: 35882560 add_bytes_allowed: 32617527 is_gc_concurrent: 1 target_footprint_: 19871215 GetBytesAllocated: 10879096 HeapGrowthMultiplier: 3
12-15 10:57:13.156  3179  3215 I com.miui.home: CheckGCForNative gc_urgency 0.807634 current_native_bytes is 175733621
12-15 10:57:13.266 13620 13620 I wm_on_start_called: [0,213001475,com.ss.android.ugc.aweme.splash.SplashActivity,handleStartActivity,256]
12-15 10:57:13.289 13620 13620 I wm_on_resume_called: [0,213001475,com.ss.android.ugc.aweme.splash.SplashActivity,RESUME_ACTIVITY,12]
12-15 10:57:13.340 13620 13620 I wm_on_top_resumed_gained_called: [213001475,com.ss.android.ugc.aweme.splash.SplashActivity,topStateChangedWhenResumed]
12-15 10:57:13.373  3179  3314 I com.miui.home: CheckGCForNative adj_start_bytes: 35687610 NativeAllocationGcWatermark: 10872509 java_gc_start_bytes: 19378847 kNewNativeDiscountFactor: 2 kOldNativeDiscountFactor: 65536 old_native_bytes: 139851061 new_native_bytes: 25138752 add_bytes_allowed: 32617527 is_gc_concurrent: 1 target_footprint_: 19871215 GetBytesAllocated: 11010376 HeapGrowthMultiplier: 3
12-15 10:57:13.373  3179  3314 I com.miui.home: CheckGCForNative gc_urgency 0.660786 current_native_bytes is 164989813
12-15 10:57:13.439  3179  3314 I com.miui.home: CheckGCForNative adj_start_bytes: 35687610 NativeAllocationGcWatermark: 10872509 java_gc_start_bytes: 19378847 kNewNativeDiscountFactor: 2 kOldNativeDiscountFactor: 65536 old_native_bytes: 139851061 new_native_bytes: 25145152 add_bytes_allowed: 32617527 is_gc_concurrent: 1 target_footprint_: 19871215 GetBytesAllocated: 11043144 HeapGrowthMultiplier: 3
12-15 10:57:13.439  3179  3314 I com.miui.home: CheckGCForNative gc_urgency 0.661794 current_native_bytes is 164996213
12-15 10:57:13.670  3179  3179 I wm_on_resume_called: [0,231357510,com.miui.home.launcher.Launcher,RESUME_ACTIVITY,2]
12-15 10:57:13.671  3179  3179 I wm_on_idle_called: com.miui.home.launcher.Launcher
12-15 10:57:13.852  3179  3679 I com.miui.home: CheckGCForNative adj_start_bytes: 35687610 NativeAllocationGcWatermark: 10872509 java_gc_start_bytes: 19378847 kNewNativeDiscountFactor: 2 kOldNativeDiscountFactor: 65536 old_native_bytes: 139851061 new_native_bytes: 25241716 add_bytes_allowed: 32617527 is_gc_concurrent: 1 target_footprint_: 19871215 GetBytesAllocated: 12191752 HeapGrowthMultiplier: 3
12-15 10:57:13.852  3179  3679 I com.miui.home: CheckGCForNative gc_urgency 0.695332 current_native_bytes is 165092777
12-15 10:57:13.871  3179  3679 I com.miui.home: CheckGCForNative adj_start_bytes: 35687610 NativeAllocationGcWatermark: 10872509 java_gc_start_bytes: 19378847 kNewNativeDiscountFactor: 2 kOldNativeDiscountFactor: 65536 old_native_bytes: 139851061 new_native_bytes: 36351732 add_bytes_allowed: 32617527 is_gc_concurrent: 1 target_footprint_: 19871215 GetBytesAllocated: 12404744 HeapGrowthMultiplier: 3
12-15 10:57:13.871  3179  3679 I com.miui.home: CheckGCForNative gc_urgency 0.856957 current_native_bytes is 176202793
12-15 10:57:13.873  3179  3291 I com.miui.home: CheckGCForNative adj_start_bytes: 35687610 NativeAllocationGcWatermark: 10872509 java_gc_start_bytes: 19378847 kNewNativeDiscountFactor: 2 kOldNativeDiscountFactor: 65536 old_native_bytes: 139851061 new_native_bytes: 25711092 add_bytes_allowed: 32617527 is_gc_concurrent: 1 target_footprint_: 19871215 GetBytesAllocated: 12421320 HeapGrowthMultiplier: 3
12-15 10:57:13.873  3179  3291 I com.miui.home: CheckGCForNative gc_urgency 0.708341 current_native_bytes is 165562153
12-15 10:57:14.147  3179  3179 I wm_on_top_resumed_gained_called: [231357510,com.miui.home.launcher.Launcher,topStateChangedWhenResumed]