12-15 09:28:25.924  3176  3708 I com.miui.home: CheckGCForNative gc_urgency 0.763049 current_native_bytes is 162877849
12-15 09:28:26.021  3176  3333 I com.miui.home: CheckGCForNative adj_start_bytes: 34393414 NativeAllocationGcWatermark: 10706907 java_gc_start_bytes: 18333054 kNewNativeDiscountFactor: 2 kOldNativeDiscountFactor: 65536 old_native_bytes: 138915953 new_native_bytes: 13305768 add_bytes_allowed: 32120721 is_gc_concurrent: 1 target_footprint_: 18546398 GetBytesAllocated: 14342912 HeapGrowthMultiplier: 3
12-15 09:28:26.021  3176  3333 I com.miui.home: CheckGCForNative gc_urgency 0.610521 current_native_bytes is 152221721
12-15 09:28:26.086 10315 10315 I wm_on_resume_called: [0,90511845,com.tencent.mtt.MainActivity,RESUME_ACTIVITY,521]
12-15 09:28:26.096 10315 10315 I wm_on_top_resumed_gained_called: [90511845,com.tencent.mtt.MainActivity,topStateChangedWhenResumed]
12-15 09:28:26.376  3176  3333 I com.miui.home: CheckGCForNative adj_start_bytes: 34393414 NativeAllocationGcWatermark: 10706907 java_gc_start_bytes: 18333054 kNewNativeDiscountFactor: 2 kOldNativeDiscountFactor: 65536 old_native_bytes: 138915953 new_native_bytes: 13249176 add_bytes_allowed: 32120721 is_gc_concurrent: 1 target_footprint_: 18546398 GetBytesAllocated: 14588816 HeapGrowthMultiplier: 3
12-15 09:28:26.376  3176  3333 I com.miui.home: CheckGCForNative gc_urgency 0.616848 current_native_bytes is 152165129
12-15 09:28:26.434  3176  3176 I wm_on_resume_called: [0,264623871,com.miui.home.launcher.Launcher,RESUME_ACTIVITY,4]
12-15 09:28:26.435  3176  3176 I wm_on_idle_called: com.miui.home.launcher.Launcher
12-15 09:28:26.441  3176  3176 I com.miui.home: CheckGCForNative adj_start_bytes: 34393414 NativeAllocationGcWatermark: 10706907 java_gc_start_bytes: 18333054 kNewNativeDiscountFactor: 2 kOldNativeDiscountFactor: 65536 old_native_bytes: 138915953 new_native_bytes: 13257688 add_bytes_allowed: 32120721 is_gc_concurrent: 1 target_footprint_: 18546398 GetBytesAllocated: 14671472 HeapGrowthMultiplier: 3
12-15 09:28:26.441  3176  3176 I com.miui.home: CheckGCForNative gc_urgency 0.619375 current_native_bytes is 152173641
12-15 09:28:26.533 10315 10315 I wm_on_top_resumed_lost_called: [90511845,com.tencent.mtt.MainActivity,pausing]
12-15 09:28:26.536 10315 10315 I wm_on_paused_called: [0,90511845,com.tencent.mtt.MainActivity,performPause,2]
12-15 09:28:26.540 10315 10315 I wm_on_resume_called: [0,90511845,com.tencent.mtt.MainActivity,LIFECYCLER_RESUME_ACTIVITY,2]
12-15 09:28:26.540 10315 10315 I wm_on_top_resumed_gained_called: [90511845,com.tencent.mtt.MainActivity,topWhenResuming]
12-15 09:28:26.676  3176  3176 I wm_on_paused_called: [0,264623871,com.miui.home.launcher.Launcher,performPause,1]
12-15 09:28:26.708 10315 10315 I wm_on_top_resumed_lost_called: [90511845,com.tencent.mtt.MainActivity,topStateChangedWhenResumed]
12-15 09:28:26.712 10315 10315 I wm_on_paused_called: [0,90511845,com.tencent.mtt.MainActivity,performPause,2]
12-15 09:28:26.796  3176  3661 I com.miui.home: CheckGCForNative adj_start_bytes: 34393414 NativeAllocationGcWatermark: 10706907 java_gc_start_bytes: 18333054 kNewNativeDiscountFactor: 2 kOldNativeDiscountFactor: 65536 old_native_bytes: 138915953 new_native_bytes: 14166612 add_bytes_allowed: 32120721 is_gc_concurrent: 1 target_footprint_: 18546398 GetBytesAllocated: 16294800 HeapGrowthMultiplier: 3
12-15 09:28:26.796  3176  3661 I com.miui.home: CheckGCForNative gc_urgency 0.679788 current_native_bytes is 153082565
12-15 09:28:26.796  3176  3661 I com.miui.home: CheckGCForNative adj_start_bytes: 34393414 NativeAllocationGcWatermark: 10706907 java_gc_start_bytes: 18333054 kNewNativeDiscountFactor: 2 kOldNativeDiscountFactor: 65536 old_native_bytes: 138915953 new_native_bytes: 14166612 add_bytes_allowed: 32120721 is_gc_concurrent: 1 target_footprint_: 18546398 GetBytesAllocated: 16294800 HeapGrowthMultiplier: 3
12-15 09:28:26.796  3176  3661 I com.miui.home: CheckGCForNative gc_urgency 0.679788 current_native_bytes is 153082565
12-15 09:28:26.797  3176  3661 I com.miui.home: CheckGCForNative adj_start_bytes: 34393414 NativeAllocationGcWatermark: 10706907 java_gc_start_bytes: 18333054 kNewNativeDiscountFactor: 2 kOldNativeDiscountFactor: 65536 old_native_bytes: 138915953 new_native_bytes: 14626004 add_bytes_allowed: 32120721 is_gc_concurrent: 1 target_footprint_: 18546398 GetBytesAllocated: 16294800 HeapGrowthMultiplier: 3
12-15 09:28:26.797  3176  3661 I com.miui.home: CheckGCForNative gc_urgency 0.686466 current_native_bytes is 153541957
12-15 09:28:26.911  3176  3661 I com.miui.home: CheckGCForNative adj_start_bytes: 34393414 NativeAllocationGcWatermark: 10706907 java_gc_start_bytes: 18333054 kNewNativeDiscountFactor: 2 kOldNativeDiscountFactor: 65536 old_native_bytes: 138915953 new_native_bytes: 25508604 add_bytes_allowed: 32120721 is_gc_concurrent: 1 target_footprint_: 18546398 GetBytesAllocated: 16589776 HeapGrowthMultiplier: 3
12-15 09:28:26.911  3176  3661 I com.miui.home: CheckGCForNative gc_urgency 0.85325 current_native_bytes is 164424557
12-15 09:28:26.927  3176  8273 I com.miui.home: CheckGCForNative adj_start_bytes: 34393414 NativeAllocationGcWatermark: 10706907 java_gc_start_bytes: 18333054 kNewNativeDiscountFactor: 2 kOldNativeDiscountFactor: 65536 old_native_bytes: 138915953 new_native_bytes: 14804668 add_bytes_allowed: 32120721 is_gc_concurrent: 1 target_footprint_: 18546398 GetBytesAllocated: 16606352 HeapGrowthMultiplier: 3
12-15 09:28:26.927  3176  8273 I com.miui.home: CheckGCForNative gc_urgency 0.698122 current_native_bytes is 153720621
12-15 09:28:26.987  3176  3333 I com.miui.home: CheckGCForNative adj_start_bytes: 34393414 NativeAllocationGcWatermark: 10706907 java_gc_start_bytes: 18333054 kNewNativeDiscountFactor: 2 kOldNativeDiscountFactor: 65536 old_native_bytes: 138915953 new_native_bytes: 14805884 add_bytes_allowed: 32120721 is_gc_concurrent: 1 target_footprint_: 18546398 GetBytesAllocated: 16688432 HeapGrowthMultiplier: 3
12-15 09:28:26.987  3176  3333 I com.miui.home: CheckGCForNative gc_urgency 0.700526 current_native_bytes is 153721837
12-15 09:28:27.030  3176  3661 I com.miui.home: CheckGCForNative adj_start_bytes: 34393414 NativeAllocationGcWatermark: 10706907 java_gc_start_bytes: 18333054 kNewNativeDiscountFactor: 2 kOldNativeDiscountFactor: 65536 old_native_bytes: 138915953 new_native_bytes: 14735476 add_bytes_allowed: 32120721 is_gc_concurrent: 1 target_footprint_: 18546398 GetBytesAllocated: 16918064 HeapGrowthMultiplier: 3
12-15 09:28:27.030  3176  3661 I com.miui.home: CheckGCForNative gc_urgency 0.706179 current_native_bytes is 153651429
12-15 09:28:27.688 10603 10603 I wm_on_application_create_called: [0,com.taobao.taobao,295]
12-15 09:28:27.853  3176  3708 I com.miui.home: CheckGCForNative adj_start_bytes: 34393414 NativeAllocationGcWatermark: 10706907 java_gc_start_bytes: 18333054 kNewNativeDiscountFactor: 2 kOldNativeDiscountFactor: 65536 old_native_bytes: 138915953 new_native_bytes: 25310232 add_bytes_allowed: 32120721 is_gc_concurrent: 1 target_footprint_: 18546398 GetBytesAllocated: 17541232 HeapGrowthMultiplier: 3
12-15 09:28:27.853  3176  3708 I com.miui.home: CheckGCForNative gc_urgency 0.87803 current_native_bytes is 164226185
12-15 09:28:27.855  3176  3708 I com.miui.home: CheckGCForNative adj_start_bytes: 34393414 NativeAllocationGcWatermark: 10706907 java_gc_start_bytes: 18333054 kNewNativeDiscountFactor: 2 kOldNativeDiscountFactor: 65536 old_native_bytes: 138915953 new_native_bytes: 36015896 add_bytes_allowed: 32120721 is_gc_concurrent: 1 target_footprint_: 18546398 GetBytesAllocated: 17557808 HeapGrowthMultiplier: 3
12-15 09:28:27.859  3176  3708 I com.miui.home: CheckGCForNative gc_urgency 1.03415 current_native_bytes is 174931849
12-15 09:28:27.859  3176  3708 I com.miui.home: CheckGCForNative requested 1
12-15 09:28:27.859  3176  3233 I com.miui.home: CheckGCForNative adj_start_bytes: 34393414 NativeAllocationGcWatermark: 10706907 java_gc_start_bytes: 18333054 kNewNativeDiscountFactor: 2 kOldNativeDiscountFactor: 65536 old_native_bytes: 138915953 new_native_bytes: 46718680 add_bytes_allowed: 32120721 is_gc_concurrent: 1 target_footprint_: 18546398 GetBytesAllocated: 17557808 HeapGrowthMultiplier: 3
12-15 09:28:27.859  3176  3233 I com.miui.home: CheckGCForNative gc_urgency 1.18974 current_native_bytes is 185634633
12-15 09:28:27.860  3176  3233 I com.miui.home: CheckGCForNative requested 1
12-15 09:28:27.947 10603 10603 I wm_on_create_called: [0,251994320,com.taobao.tao.welcome.Welcome,performCreate,237]
12-15 09:28:28.031  3176  3210 I com.miui.home: NativeAlloc concurrent copying GC freed 135088(7243KB) AllocSpace objects, 26(864KB) LOS objects, 49% free, 9263KB/18MB, paused 86us,25us total 171.289ms
12-15 09:28:28.044 10603 10603 I wm_on_start_called: [0,251994320,com.taobao.tao.welcome.Welcome,handleStartActivity,96]
12-15 09:28:28.078 10603 10603 I wm_on_resume_called: [0,251994320,com.taobao.tao.welcome.Welcome,RESUME_ACTIVITY,31]
12-15 09:28:28.143 10603 10603 I wm_on_top_resumed_gained_called: [251994320,com.taobao.tao.welcome.Welcome,topStateChangedWhenResumed]
12-15 09:28:28.165  3176  3333 I com.miui.home: CheckGCForNative gc_urgency 0 current_native_bytes is 140883457
12-15 09:28:28.375  3176  3176 I wm_on_resume_called: [0,264623871,com.miui.home.launcher.Launcher,RESUME_ACTIVITY,3]
12-15 09:28:28.376  3176  3176 I wm_on_idle_called: com.miui.home.launcher.Launcher
12-15 09:28:28.561  3176  3661 I com.miui.home: CheckGCForNative adj_start_bytes: 34881323 NativeAllocationGcWatermark: 10759977 java_gc_start_bytes: 18741358 kNewNativeDiscountFactor: 2 kOldNativeDiscountFactor: 65536 old_native_bytes: 140883457 new_native_bytes: 188992 add_bytes_allowed: 32279931 is_gc_concurrent: 1 target_footprint_: 18970958 GetBytesAllocated: 10855016 HeapGrowthMultiplier: 3
12-15 09:28:28.561  3176  3661 I com.miui.home: CheckGCForNative gc_urgency 0.313969 current_native_bytes is 141072449
12-15 09:28:28.583  3176  3661 I com.miui.home: CheckGCForNative adj_start_bytes: 34881323 NativeAllocationGcWatermark: 10759977 java_gc_start_bytes: 18741358 kNewNativeDiscountFactor: 2 kOldNativeDiscountFactor: 65536 old_native_bytes: 140883457 new_native_bytes: 11030640 add_bytes_allowed: 32279931 is_gc_concurrent: 1 target_footprint_: 18970958 GetBytesAllocated: 10937000 HeapGrowthMultiplier: 3
12-15 09:28:28.583  3176  3661 I com.miui.home: CheckGCForNative gc_urgency 0.471727 current_native_bytes is 151914097
12-15 09:28:28.633 10603 10603 I wm_on_top_resumed_lost_called: [251994320,com.taobao.tao.welcome.Welcome,topStateChangedWhenResumed]
12-15 09:28:28.635  3176  3176 I wm_on_top_resumed_gained_called: [264623871,com.miui.home.launcher.Launcher,topStateChangedWhenResumed]
12-15 09:28:28.652  3176  3661 I com.miui.home: CheckGCForNative adj_start_bytes: 34881323 NativeAllocationGcWatermark: 10759977 java_gc_start_bytes: 18741358 kNewNativeDiscountFactor: 2 kOldNativeDiscountFactor: 65536 old_native_bytes: 140883457 new_native_bytes: 577520 add_bytes_allowed: 32279931 is_gc_concurrent: 1 target_footprint_: 18970958 GetBytesAllocated: 11183368 HeapGrowthMultiplier: 3
12-15 09:28:28.652  3176  3661 I com.miui.home: CheckGCForNative gc_urgency 0.328952 current_native_bytes is 141460977
12-15 09:28:28.654 10603 10603 I wm_on_paused_called: [0,251994320,com.taobao.tao.welcome.Welcome,performPause,19]
12-15 09:28:28.801  3176  3176 I wm_on_top_resumed_lost_called: [264623871,com.miui.home.launcher.Launcher,topStateChangedWhenResumed]
12-15 09:28:28.815 10603 10603 I wm_on_stop_called: [0,251994320,com.taobao.tao.welcome.Welcome,STOP_ACTIVITY_ITEM,42]
12-15 09:28:28.830  3176  3176 I wm_on_paused_called: [0,264623871,com.miui.home.launcher.Launcher,performPause,1]
12-15 09:28:28.961  3176  3661 I com.miui.home: CheckGCForNative adj_start_bytes: 34881323 NativeAllocationGcWatermark: 10759977 java_gc_start_bytes: 18741358 kNewNativeDiscountFactor: 2 kOldNativeDiscountFactor: 65536 old_native_bytes: 140883457 new_native_bytes: 1739668 add_bytes_allowed: 32279931 is_gc_concurrent: 1 target_footprint_: 18970958 GetBytesAllocated: 11864024 HeapGrowthMultiplier: 3
12-15 09:28:28.961  3176  3661 I com.miui.home: CheckGCForNative gc_urgency 0.365124 current_native_bytes is 142623125
12-15 09:28:28.985 10603 10603 I wm_on_idle_called: com.taobao.tao.welcome.Welcome
12-15 09:28:28.996  3176  3661 I com.miui.home: CheckGCForNative adj_start_bytes: 34881323 NativeAllocationGcWatermark: 10759977 java_gc_start_bytes: 18741358 kNewNativeDiscountFactor: 2 kOldNativeDiscountFactor: 65536 old_native_bytes: 140883457 new_native_bytes: 2161140 add_bytes_allowed: 32279931 is_gc_concurrent: 1 target_footprint_: 18970958 GetBytesAllocated: 11896792 HeapGrowthMultiplier: 3
12-15 09:28:28.996  3176  3661 I com.miui.home: CheckGCForNative gc_urgency 0.372105 current_native_bytes is 143044597
12-15 09:28:29.054  3176  3333 I com.miui.home: CheckGCForNative adj_start_bytes: 34881323 NativeAllocationGcWatermark: 10759977 java_gc_start_bytes: 18741358 kNewNativeDiscountFactor: 2 kOldNativeDiscountFactor: 65536 old_native_bytes: 140883457 new_native_bytes: 2276636 add_bytes_allowed: 32279931 is_gc_concurrent: 1 target_footprint_: 18970958 GetBytesAllocated: 12093496 HeapGrowthMultiplier: 3
12-15 09:28:29.054  3176  3333 I com.miui.home: CheckGCForNative gc_urgency 0.3794 current_native_bytes is 143160093
12-15 09:28:29.054  3176  3333 I com.miui.home: CheckGCForNative adj_start_bytes: 34881323 NativeAllocationGcWatermark: 10759977 java_gc_start_bytes: 18741358 kNewNativeDiscountFactor: 2 kOldNativeDiscountFactor: 65536 old_native_bytes: 140883457 new_native_bytes: 2279132 add_bytes_allowed: 32279931 is_gc_concurrent: 1 target_footprint_: 18970958 GetBytesAllocated: 12093496 HeapGrowthMultiplier: 3
12-15 09:28:29.054  3176  3333 I com.miui.home: CheckGCForNative gc_urgency 0.379435 current_native_bytes is 143162589
12-15 09:28:29.096  3176  3661 I com.miui.home: CheckGCForNative adj_start_bytes: 34881323 NativeAllocationGcWatermark: 10759977 java_gc_start_bytes: 18741358 kNewNativeDiscountFactor: 2 kOldNativeDiscountFactor: 65536 old_native_bytes: 140883457 new_native_bytes: 2370716 add_bytes_allowed: 32279931 is_gc_concurrent: 1 target_footprint_: 18970958 GetBytesAllocated: 12405288 HeapGrowthMultiplier: 3
12-15 09:28:29.096  3176  3661 I com.miui.home: CheckGCForNative gc_urgency 0.389687 current_native_bytes is 143254173
12-15 09:28:29.332  9825  9825 I wm_on_create_called: [0,139926959,com.tencent.mm.ui.LauncherUI,performCreate,60]
12-15 09:28:29.535  9825  9825 I wm_on_create_called: [0,184201730,com.tencent.mm.app.WeChatSplashActivity,performCreate,2]
12-15 09:28:29.556  9825  9825 I wm_on_start_called: [0,184201730,com.tencent.mm.app.WeChatSplashActivity,handleStartActivity,5]
12-15 09:28:29.561  9825  9825 I wm_on_resume_called: [0,184201730,com.tencent.mm.app.WeChatSplashActivity,RESUME_ACTIVITY,4]
12-15 09:28:29.577  9825  9825 I wm_on_top_resumed_gained_called: [184201730,com.tencent.mm.app.WeChatSplashActivity,topStateChangedWhenResumed]
12-15 09:28:29.638  3176  3661 I com.miui.home: CheckGCForNative adj_start_bytes: 34881323 NativeAllocationGcWatermark: 10759977 java_gc_start_bytes: 18741358 kNewNativeDiscountFactor: 2 kOldNativeDiscountFactor: 65536 old_native_bytes: 140883457 new_native_bytes: 2391196 add_bytes_allowed: 32279931 is_gc_concurrent: 1 target_footprint_: 18970958 GetBytesAllocated: 12750056 HeapGrowthMultiplier: 3
12-15 09:28:29.638  3176  3661 I com.miui.home: CheckGCForNative gc_urgency 0.399864 current_native_bytes is 143274653
12-15 09:28:29.764  3176  3176 I wm_on_stop_called: [0,264623871,com.miui.home.launcher.Launcher,STOP_ACTIVITY_ITEM,5]
12-15 09:28:29.800  9825  9825 I wm_on_destroy_called: [0,139926959,com.tencent.mm.ui.LauncherUI,performDestroy,8]
12-15 09:28:29.801  9825  9825 I wm_on_top_resumed_lost_called: [184201730,com.tencent.mm.app.WeChatSplashActivity,topStateChangedWhenResumed]
12-15 09:28:29.804  9825  9825 I wm_on_paused_called: [0,184201730,com.tencent.mm.app.WeChatSplashActivity,performPause,1]
12-15 09:28:29.960  3176  3661 I com.miui.home: CheckGCForNative adj_start_bytes: 34881323 NativeAllocationGcWatermark: 10759977 java_gc_start_bytes: 18741358 kNewNativeDiscountFactor: 2 kOldNativeDiscountFactor: 65536 old_native_bytes: 140883457 new_native_bytes: 2464188 add_bytes_allowed: 32279931 is_gc_concurrent: 1 target_footprint_: 18970958 GetBytesAllocated: 13365544 HeapGrowthMultiplier: 3
12-15 09:28:29.961  3176  3661 I com.miui.home: CheckGCForNative gc_urgency 0.418556 current_native_bytes is 143347645
12-15 09:28:30.012  9825  9825 I wm_on_create_called: [0,106875688,com.tencent.mm.ui.LauncherUI,performCreate,147]
12-15 09:28:30.027  9825  9825 I wm_on_start_called: [0,106875688,com.tencent.mm.ui.LauncherUI,handleStartActivity,8]
12-15 09:28:30.055  3176  3176 I wm_on_restart_called: [0,264623871,com.miui.home.launcher.Launcher,performRestartActivity,0]
12-15 09:28:30.056  3176  3176 I wm_on_start_called: [0,264623871,com.miui.home.launcher.Launcher,handleStartActivity,0]
12-15 09:28:30.064  3176  3661 I com.miui.home: CheckGCForNative adj_start_bytes: 34881323 NativeAllocationGcWatermark: 10759977 java_gc_start_bytes: 18741358 kNewNativeDiscountFactor: 2 kOldNativeDiscountFactor: 65536 old_native_bytes: 140883457 new_native_bytes: 2793160 add_bytes_allowed: 32279931 is_gc_concurrent: 1 target_footprint_: 18970958 GetBytesAllocated: 14201880 HeapGrowthMultiplier: 3
12-15 09:28:30.064  3176  3661 I com.miui.home: CheckGCForNative gc_urgency 0.447248 current_native_bytes is 143676617
12-15 09:28:30.136  3176  3411 I com.miui.home: CheckGCForNative adj_start_bytes: 34881323 NativeAllocationGcWatermark: 10759977 java_gc_start_bytes: 18741358 kNewNativeDiscountFactor: 2 kOldNativeDiscountFactor: 65536 old_native_bytes: 140883457 new_native_bytes: 13727688 add_bytes_allowed: 32279931 is_gc_concurrent: 1 target_footprint_: 18970958 GetBytesAllocated: 14447800 HeapGrowthMultiplier: 3
12-15 09:28:30.136  3176  3411 I com.miui.home: CheckGCForNative gc_urgency 0.611037 current_native_bytes is 154611145
12-15 09:28:30.136  3176  3411 I com.miui.home: CheckGCForNative adj_start_bytes: 34881323 NativeAllocationGcWatermark: 10759977 java_gc_start_bytes: 18741358 kNewNativeDiscountFactor: 2 kOldNativeDiscountFactor: 65536 old_native_bytes: 140883457 new_native_bytes: 24433608 add_bytes_allowed: 32279931 is_gc_concurrent: 1 target_footprint_: 18970958 GetBytesAllocated: 14447992 HeapGrowthMultiplier: 3
12-15 09:28:30.136  3176  3411 I com.miui.home: CheckGCForNative gc_urgency 0.764505 current_native_bytes is 165317065
12-15 09:28:30.139  3176  3661 I com.miui.home: CheckGCForNative adj_start_bytes: 34881323 NativeAllocationGcWatermark: 10759977 java_gc_start_bytes: 18741358 kNewNativeDiscountFactor: 2 kOldNativeDiscountFactor: 65536 old_native_bytes: 140883457 new_native_bytes: 24430088 add_bytes_allowed: 32279931 is_gc_concurrent: 1 target_footprint_: 18970958 GetBytesAllocated: 14447992 HeapGrowthMultiplier: 3
12-15 09:28:30.139  3176  3661 I com.miui.home: CheckGCForNative gc_urgency 0.764454 current_native_bytes is 165313545
12-15 09:28:30.149  9825  9825 I wm_on_resume_called: [0,106875688,com.tencent.mm.ui.LauncherUI,RESUME_ACTIVITY,122]
12-15 09:28:30.163  9825  9825 I wm_on_top_resumed_gained_called: [106875688,com.tencent.mm.ui.LauncherUI,topStateChangedWhenResumed]
12-15 09:28:30.167  9825  9825 I wm_on_top_resumed_lost_called: [106875688,com.tencent.mm.ui.LauncherUI,topStateChangedWhenResumed]
12-15 09:28:30.175  9825  9825 I wm_on_paused_called: [0,106875688,com.tencent.mm.ui.LauncherUI,performPause,7]
12-15 09:28:30.221  3176  3411 I com.miui.home: CheckGCForNative adj_start_bytes: 34881323 NativeAllocationGcWatermark: 10759977 java_gc_start_bytes: 18741358 kNewNativeDiscountFactor: 2 kOldNativeDiscountFactor: 65536 old_native_bytes: 140883457 new_native_bytes: 24371996 add_bytes_allowed: 32279931 is_gc_concurrent: 1 target_footprint_: 18970958 GetBytesAllocated: 14595672 HeapGrowthMultiplier: 3
12-15 09:28:30.222  3176  3411 I com.miui.home: CheckGCForNative gc_urgency 0.767856 current_native_bytes is 165255453
12-15 09:28:30.276  3176  3333 I com.miui.home: CheckGCForNative adj_start_bytes: 34881323 NativeAllocationGcWatermark: 10759977 java_gc_start_bytes: 18741358 kNewNativeDiscountFactor: 2 kOldNativeDiscountFactor: 65536 old_native_bytes: 140883457 new_native_bytes: 13671260 add_bytes_allowed: 32279931 is_gc_concurrent: 1 target_footprint_: 18970958 GetBytesAllocated: 14645048 HeapGrowthMultiplier: 3
12-15 09:28:30.276  3176  3333 I com.miui.home: CheckGCForNative gc_urgency 0.615883 current_native_bytes is 154554717
12-15 09:28:30.338  9825  9825 I wm_on_create_called: [0,117665443,com.tencent.mm.plugin.account.ui.WelcomeActivity,performCreate,91]
12-15 09:28:30.342  9825  9825 I wm_on_start_called: [0,117665443,com.tencent.mm.plugin.account.ui.WelcomeActivity,handleStartActivity,1]
12-15 09:28:30.347  9825  9825 I wm_on_resume_called: [0,117665443,com.tencent.mm.plugin.account.ui.WelcomeActivity,RESUME_ACTIVITY,4]
12-15 09:28:30.354  3176  3661 I com.miui.home: CheckGCForNative adj_start_bytes: 34881323 NativeAllocationGcWatermark: 10759977 java_gc_start_bytes: 18741358 kNewNativeDiscountFactor: 2 kOldNativeDiscountFactor: 65536 old_native_bytes: 140883457 new_native_bytes: 13657180 add_bytes_allowed: 32279931 is_gc_concurrent: 1 target_footprint_: 18970958 GetBytesAllocated: 14940440 HeapGrowthMultiplier: 3
12-15 09:28:30.354  3176  3661 I com.miui.home: CheckGCForNative gc_urgency 0.62415 current_native_bytes is 154540637
12-15 09:28:30.355  3176  3661 I com.miui.home: CheckGCForNative adj_start_bytes: 34881323 NativeAllocationGcWatermark: 10759977 java_gc_start_bytes: 18741358 kNewNativeDiscountFactor: 2 kOldNativeDiscountFactor: 65536 old_native_bytes: 140883457 new_native_bytes: 24363164 add_bytes_allowed: 32279931 is_gc_concurrent: 1 target_footprint_: 18970958 GetBytesAllocated: 14940440 HeapGrowthMultiplier: 3
12-15 09:28:30.356  3176  3661 I com.miui.home: CheckGCForNative gc_urgency 0.777613 current_native_bytes is 165246621
12-15 09:28:30.364  9825  9825 I wm_on_top_resumed_gained_called: [117665443,com.tencent.mm.plugin.account.ui.WelcomeActivity,topStateChangedWhenResumed]
12-15 09:28:30.447  3176  3333 I com.miui.home: CheckGCForNative adj_start_bytes: 34881323 NativeAllocationGcWatermark: 10759977 java_gc_start_bytes: 18741358 kNewNativeDiscountFactor: 2 kOldNativeDiscountFactor: 65536 old_native_bytes: 140883457 new_native_bytes: 13751452 add_bytes_allowed: 32279931 is_gc_concurrent: 1 target_footprint_: 18970958 GetBytesAllocated: 15285144 HeapGrowthMultiplier: 3
12-15 09:28:30.447  3176  3333 I com.miui.home: CheckGCForNative gc_urgency 0.635384 current_native_bytes is 154634909
12-15 09:28:30.610  3176  3333 I com.miui.home: CheckGCForNative adj_start_bytes: 34881323 NativeAllocationGcWatermark: 10759977 java_gc_start_bytes: 18741358 kNewNativeDiscountFactor: 2 kOldNativeDiscountFactor: 65536 old_native_bytes: 140883457 new_native_bytes: 13765788 add_bytes_allowed: 32279931 is_gc_concurrent: 1 target_footprint_: 18970958 GetBytesAllocated: 15350680 HeapGrowthMultiplier: 3
12-15 09:28:30.610  3176  3333 I com.miui.home: CheckGCForNative gc_urgency 0.637468 current_native_bytes is 154649245
12-15 09:28:30.656  9825  9825 I wm_on_top_resumed_lost_called: [117665443,com.tencent.mm.plugin.account.ui.WelcomeActivity,topStateChangedWhenResumed]
12-15 09:28:30.669  3176  3176 I wm_on_resume_called: [0,264623871,com.miui.home.launcher.Launcher,RESUME_ACTIVITY,2]
12-15 09:28:30.702  9825  9825 I wm_on_paused_called: [0,117665443,com.tencent.mm.plugin.account.ui.WelcomeActivity,performPause,3]
12-15 09:28:30.758  3176  3176 I wm_on_top_resumed_gained_called: [264623871,com.miui.home.launcher.Launcher,topStateChangedWhenResumed]
12-15 09:28:30.777  3176  3176 I wm_on_idle_called: com.miui.home.launcher.Launcher
12-15 09:28:30.833  3176  3661 I com.miui.home: CheckGCForNative adj_start_bytes: 34881323 NativeAllocationGcWatermark: 10759977 java_gc_start_bytes: 18741358 kNewNativeDiscountFactor: 2 kOldNativeDiscountFactor: 65536 old_native_bytes: 140883457 new_native_bytes: 13880988 add_bytes_allowed: 32279931 is_gc_concurrent: 1 target_footprint_: 18970958 GetBytesAllocated: 16335032 HeapGrowthMultiplier: 3
12-15 09:28:30.833  3176  3661 I com.miui.home: CheckGCForNative gc_urgency 0.667339 current_native_bytes is 154764445
12-15 09:28:30.852  3176  3661 I com.miui.home: CheckGCForNative adj_start_bytes: 34881323 NativeAllocationGcWatermark: 10759977 java_gc_start_bytes: 18741358 kNewNativeDiscountFactor: 2 kOldNativeDiscountFactor: 65536 old_native_bytes: 140883457 new_native_bytes: 24689084 add_bytes_allowed: 32279931 is_gc_concurrent: 1 target_footprint_: 18970958 GetBytesAllocated: 16433336 HeapGrowthMultiplier: 3
12-15 09:28:30.852  3176  3661 I com.miui.home: CheckGCForNative gc_urgency 0.825084 current_native_bytes is 165572541
12-15 09:28:30.869  9825  9825 I wm_on_stop_called: [0,117665443,com.tencent.mm.plugin.account.ui.WelcomeActivity,STOP_ACTIVITY_ITEM,4]
12-15 09:28:30.874  3176  3661 I com.miui.home: CheckGCForNative adj_start_bytes: 34881323 NativeAllocationGcWatermark: 10759977 java_gc_start_bytes: 18741358 kNewNativeDiscountFactor: 2 kOldNativeDiscountFactor: 65536 old_native_bytes: 140883457 new_native_bytes: 14150556 add_bytes_allowed: 32279931 is_gc_concurrent: 1 target_footprint_: 18970958 GetBytesAllocated: 16646968 HeapGrowthMultiplier: 3
12-15 09:28:30.874  3176  3661 I com.miui.home: CheckGCForNative gc_urgency 0.680146 current_native_bytes is 155034013
12-15 09:28:30.876  9825  9825 I wm_on_stop_called: [0,106875688,com.tencent.mm.ui.LauncherUI,STOP_ACTIVITY_ITEM,3]
12-15 09:28:30.883  9825  9825 I wm_on_stop_called: [0,184201730,com.tencent.mm.app.WeChatSplashActivity,LIFECYCLER_STOP_ACTIVITY,3]
12-15 09:28:30.888  9825  9825 I wm_on_destroy_called: [0,184201730,com.tencent.mm.app.WeChatSplashActivity,performDestroy,4]
12-15 09:28:30.921  9825  9825 I wm_on_idle_called: com.tencent.mm.plugin.account.ui.WelcomeActivity
12-15 09:28:30.922  9825  9825 I wm_on_idle_called: com.tencent.mm.ui.LauncherUI
12-15 09:28:31.292  3176  3176 I wm_on_top_resumed_lost_called: [264623871,com.miui.home.launcher.Launcher,topStateChangedWhenResumed]
12-15 09:28:31.295  3176  3176 I wm_on_paused_called: [0,264623871,com.miui.home.launcher.Launcher,performPause,1]
12-15 09:28:31.359  3176  3661 I com.miui.home: CheckGCForNative adj_start_bytes: 34881323 NativeAllocationGcWatermark: 10759977 java_gc_start_bytes: 18741358 kNewNativeDiscountFactor: 2 kOldNativeDiscountFactor: 65536 old_native_bytes: 140883457 new_native_bytes: 15009824 add_bytes_allowed: 32279931 is_gc_concurrent: 1 target_footprint_: 18970958 GetBytesAllocated: 17155512 HeapGrowthMultiplier: 3
12-15 09:28:31.359  3176  3661 I com.miui.home: CheckGCForNative gc_urgency 0.707042 current_native_bytes is 155893281
12-15 09:28:31.380  3176  3661 I com.miui.home: CheckGCForNative adj_start_bytes: 34881323 NativeAllocationGcWatermark: 10759977 java_gc_start_bytes: 18741358 kNewNativeDiscountFactor: 2 kOldNativeDiscountFactor: 65536 old_native_bytes: 140883457 new_native_bytes: 15366736 add_bytes_allowed: 32279931 is_gc_concurrent: 1 target_footprint_: 18970958 GetBytesAllocated: 17286584 HeapGrowthMultiplier: 3
12-15 09:28:31.380  3176  3661 I com.miui.home: CheckGCForNative gc_urgency 0.715916 current_native_bytes is 156250193
12-15 09:28:31.445  3176  3176 I com.miui.home: CheckGCForNative adj_start_bytes: 34881323 NativeAllocationGcWatermark: 10759977 java_gc_start_bytes: 18741358 kNewNativeDiscountFactor: 2 kOldNativeDiscountFactor: 65536 old_native_bytes: 140883457 new_native_bytes: 15568648 add_bytes_allowed: 32279931 is_gc_concurrent: 1 target_footprint_: 18970958 GetBytesAllocated: 17836024 HeapGrowthMultiplier: 3
12-15 09:28:31.445  3176  3176 I com.miui.home: CheckGCForNative gc_urgency 0.734562 current_native_bytes is 156452105
12-15 09:28:31.542  3176  3661 I com.miui.home: CheckGCForNative adj_start_bytes: 34881323 NativeAllocationGcWatermark: 10759977 java_gc_start_bytes: 18741358 kNewNativeDiscountFactor: 2 kOldNativeDiscountFactor: 65536 old_native_bytes: 140883457 new_native_bytes: 15605432 add_bytes_allowed: 32279931 is_gc_concurrent: 1 target_footprint_: 18970958 GetBytesAllocated: 18229720 HeapGrowthMultiplier: 3
12-15 09:28:31.542  3176  3661 I com.miui.home: CheckGCForNative gc_urgency 0.746376 current_native_bytes is 156488889
12-15 09:28:31.976 11257 11257 I wm_on_application_create_called: [0,com.kmxs.reader,308]
12-15 09:28:32.082 11257 11257 I wm_on_create_called: [0,204727037,com.km.app.home.view.LoadingActivity,performCreate,92]
12-15 09:28:32.086 11257 11257 I wm_on_start_called: [0,204727037,com.km.app.home.view.LoadingActivity,handleStartActivity,3]
12-15 09:28:32.089  3176  3176 I wm_on_stop_called: [0,264623871,com.miui.home.launcher.Launcher,STOP_ACTIVITY_ITEM,1]
12-15 09:28:32.125 11257 11257 I wm_on_resume_called: [0,204727037,com.km.app.home.view.LoadingActivity,RESUME_ACTIVITY,28]
12-15 09:28:32.205 11257 11257 I wm_on_top_resumed_gained_called: [204727037,com.km.app.home.view.LoadingActivity,topStateChangedWhenResumed]
12-15 09:28:33.244 11257 11257 I wm_on_top_resumed_lost_called: [204727037,com.km.app.home.view.LoadingActivity,topStateChangedWhenResumed]
12-15 09:28:33.251 11257 11257 I wm_on_paused_called: [0,204727037,com.km.app.home.view.LoadingActivity,performPause,6]
12-15 09:28:33.397 11257 11257 I wm_on_create_called: [0,116022073,com.kmxs.reader.home.ui.HomeActivity,performCreate,81]
12-15 09:28:33.402 11257 11257 I wm_on_start_called: [0,116022073,com.kmxs.reader.home.ui.HomeActivity,handleStartActivity,3]
12-15 09:28:33.457  3176  3661 I com.miui.home: CheckGCForNative adj_start_bytes: 34881323 NativeAllocationGcWatermark: 10759977 java_gc_start_bytes: 18741358 kNewNativeDiscountFactor: 2 kOldNativeDiscountFactor: 65536 old_native_bytes: 140883457 new_native_bytes: 15749368 add_bytes_allowed: 32279931 is_gc_concurrent: 1 target_footprint_: 18970958 GetBytesAllocated: 18878264 HeapGrowthMultiplier: 3
12-15 09:28:33.457  3176  3661 I com.miui.home: CheckGCForNative gc_urgency 0.767032 current_native_bytes is 156632825
12-15 09:28:33.467 11257 11257 I wm_on_resume_called: [0,116022073,com.kmxs.reader.home.ui.HomeActivity,RESUME_ACTIVITY,54]
12-15 09:28:33.533  3176  3176 I wm_on_restart_called: [0,264623871,com.miui.home.launcher.Launcher,performRestartActivity,0]
12-15 09:28:33.533  3176  3176 I wm_on_start_called: [0,264623871,com.miui.home.launcher.Launcher,handleStartActivity,1]
12-15 09:28:33.587  3176  3411 I com.miui.home: CheckGCForNative adj_start_bytes: 34881323 NativeAllocationGcWatermark: 10759977 java_gc_start_bytes: 18741358 kNewNativeDiscountFactor: 2 kOldNativeDiscountFactor: 65536 old_native_bytes: 140883457 new_native_bytes: 26524476 add_bytes_allowed: 32279931 is_gc_concurrent: 1 target_footprint_: 18970958 GetBytesAllocated: 19763816 HeapGrowthMultiplier: 3
12-15 09:28:33.587  3176  3411 I com.miui.home: CheckGCForNative gc_urgency 0.946874 current_native_bytes is 167407933
12-15 09:28:33.589  3176  3411 I com.miui.home: CheckGCForNative adj_start_bytes: 34881323 NativeAllocationGcWatermark: 10759977 java_gc_start_bytes: 18741358 kNewNativeDiscountFactor: 2 kOldNativeDiscountFactor: 65536 old_native_bytes: 140883457 new_native_bytes: 37230396 add_bytes_allowed: 32279931 is_gc_concurrent: 1 target_footprint_: 18970958 GetBytesAllocated: 19796776 HeapGrowthMultiplier: 3
12-15 09:28:33.589  3176  3411 I com.miui.home: CheckGCForNative gc_urgency 1.10128 current_native_bytes is 178113853
12-15 09:28:33.589  3176  3411 I com.miui.home: CheckGCForNative requested 1
12-15 09:28:33.605  3176  3661 I com.miui.home: CheckGCForNative adj_start_bytes: 34881323 NativeAllocationGcWatermark: 10759977 java_gc_start_bytes: 18741358 kNewNativeDiscountFactor: 2 kOldNativeDiscountFactor: 65536 old_native_bytes: 140883457 new_native_bytes: 26588836 add_bytes_allowed: 32279931 is_gc_concurrent: 1 target_footprint_: 18970958 GetBytesAllocated: 19219560 HeapGrowthMultiplier: 3
12-15 09:28:33.605  3176  3661 I com.miui.home: CheckGCForNative gc_urgency 0.932193 current_native_bytes is 167472293
12-15 09:28:33.626  3176  3661 I com.miui.home: CheckGCForNative adj_start_bytes: 34586635 NativeAllocationGcWatermark: 10759977 java_gc_start_bytes: 18446670 kNewNativeDiscountFactor: 2 kOldNativeDiscountFactor: 65536 old_native_bytes: 167474421 new_native_bytes: 7807132 add_bytes_allowed: 32279931 is_gc_concurrent: 1 target_footprint_: 18970958 GetBytesAllocated: 10954976 HeapGrowthMultiplier: 3
12-15 09:28:33.626  3176  3661 I com.miui.home: CheckGCForNative gc_urgency 0.429677 current_native_bytes is 175281553
12-15 09:28:33.708  3176  3411 I com.miui.home: CheckGCForNative adj_start_bytes: 34586635 NativeAllocationGcWatermark: 10759977 java_gc_start_bytes: 18446670 kNewNativeDiscountFactor: 2 kOldNativeDiscountFactor: 65536 old_native_bytes: 167474421 new_native_bytes: 7613392 add_bytes_allowed: 32279931 is_gc_concurrent: 1 target_footprint_: 18970958 GetBytesAllocated: 11004320 HeapGrowthMultiplier: 3
12-15 09:28:33.708  3176  3411 I com.miui.home: CheckGCForNative gc_urgency 0.428303 current_native_bytes is 175087813
12-15 09:28:33.887 11257 11257 I wm_on_top_resumed_gained_called: [116022073,com.kmxs.reader.home.ui.HomeActivity,topStateChangedWhenResumed]
12-15 09:28:33.971  3176  3333 I com.miui.home: CheckGCForNative gc_urgency 0 current_native_bytes is 164402613
12-15 09:28:34.004  3176  3333 I com.miui.home: CheckGCForNative adj_start_bytes: 34586635 NativeAllocationGcWatermark: 10759977 java_gc_start_bytes: 18446670 kNewNativeDiscountFactor: 2 kOldNativeDiscountFactor: 65536 old_native_bytes: 164402613 new_native_bytes: 1280 add_bytes_allowed: 32279931 is_gc_concurrent: 1 target_footprint_: 18970958 GetBytesAllocated: 11185120 HeapGrowthMultiplier: 3
12-15 09:28:34.004  3176  3333 I com.miui.home: CheckGCForNative gc_urgency 0.323485 current_native_bytes is 164403893
12-15 09:28:34.142  3176  3176 I wm_on_resume_called: [0,264623871,com.miui.home.launcher.Launcher,RESUME_ACTIVITY,3]
12-15 09:28:34.227  3176  3176 I wm_on_idle_called: com.miui.home.launcher.Launcher
12-15 09:28:34.398  3176  3661 I com.miui.home: CheckGCForNative adj_start_bytes: 34586635 NativeAllocationGcWatermark: 10759977 java_gc_start_bytes: 18446670 kNewNativeDiscountFactor: 2 kOldNativeDiscountFactor: 65536 old_native_bytes: 164402613 new_native_bytes: 405408 add_bytes_allowed: 32279931 is_gc_concurrent: 1 target_footprint_: 18970958 GetBytesAllocated: 12415648 HeapGrowthMultiplier: 3
12-15 09:28:34.398  3176  3661 I com.miui.home: CheckGCForNative gc_urgency 0.364906 current_native_bytes is 164808021
12-15 09:28:34.402  3176  3661 I com.miui.home: CheckGCForNative adj_start_bytes: 34586635 NativeAllocationGcWatermark: 10759977 java_gc_start_bytes: 18446670 kNewNativeDiscountFactor: 2 kOldNativeDiscountFactor: 65536 old_native_bytes: 164402613 new_native_bytes: 11132896 add_bytes_allowed: 32279931 is_gc_concurrent: 1 target_footprint_: 18970958 GetBytesAllocated: 12432032 HeapGrowthMultiplier: 3
12-15 09:28:34.402  3176  3661 I com.miui.home: CheckGCForNative gc_urgency 0.520461 current_native_bytes is 175535509
12-15 09:28:34.455 11257 11257 I wm_on_top_resumed_lost_called: [116022073,com.kmxs.reader.home.ui.HomeActivity,topStateChangedWhenResumed]
12-15 09:28:34.456  3176  3176 I wm_on_top_resumed_gained_called: [264623871,com.miui.home.launcher.Launcher,topStateChangedWhenResumed]
12-15 09:28:34.464 11257 11257 I wm_on_paused_called: [0,116022073,com.kmxs.reader.home.ui.HomeActivity,performPause,5]
12-15 09:28:34.488 11257 11257 I wm_on_stop_called: [0,116022073,com.kmxs.reader.home.ui.HomeActivity,STOP_ACTIVITY_ITEM,10]
12-15 09:28:34.502 11257 11257 I wm_on_stop_called: [0,204727037,com.km.app.home.view.LoadingActivity,LIFECYCLER_STOP_ACTIVITY,8]
12-15 09:28:34.507 11257 11257 I wm_on_destroy_called: [0,204727037,com.km.app.home.view.LoadingActivity,performDestroy,2]
12-15 09:28:34.552 11257 11257 I wm_on_idle_called: com.kmxs.reader.home.ui.HomeActivity
12-15 09:28:34.726  3176  7740 I com.miui.home: CheckGCForNative adj_start_bytes: 34586635 NativeAllocationGcWatermark: 10759977 java_gc_start_bytes: 18446670 kNewNativeDiscountFactor: 2 kOldNativeDiscountFactor: 65536 old_native_bytes: 164402613 new_native_bytes: 632340 add_bytes_allowed: 32279931 is_gc_concurrent: 1 target_footprint_: 18970958 GetBytesAllocated: 12957120 HeapGrowthMultiplier: 3
12-15 09:28:34.726  3176  7740 I com.miui.home: CheckGCForNative gc_urgency 0.383842 current_native_bytes is 165034953
12-15 09:28:34.783  3176  3176 I wm_on_top_resumed_lost_called: [264623871,com.miui.home.launcher.Launcher,topStateChangedWhenResumed]
12-15 09:28:34.799  3176  3176 I wm_on_paused_called: [0,264623871,com.miui.home.launcher.Launcher,performPause,0]
12-15 09:28:34.899  3176  3661 I com.miui.home: CheckGCForNative adj_start_bytes: 34586635 NativeAllocationGcWatermark: 10759977 java_gc_start_bytes: 18446670 kNewNativeDiscountFactor: 2 kOldNativeDiscountFactor: 65536 old_native_bytes: 164402613 new_native_bytes: 935348 add_bytes_allowed: 32279931 is_gc_concurrent: 1 target_footprint_: 18970958 GetBytesAllocated: 13301984 HeapGrowthMultiplier: 3
12-15 09:28:34.899  3176  3661 I com.miui.home: CheckGCForNative gc_urgency 0.398193 current_native_bytes is 165337961
12-15 09:28:34.905  3176  3661 I com.miui.home: CheckGCForNative adj_start_bytes: 34586635 NativeAllocationGcWatermark: 10759977 java_gc_start_bytes: 18446670 kNewNativeDiscountFactor: 2 kOldNativeDiscountFactor: 65536 old_native_bytes: 164402613 new_native_bytes: 1316500 add_bytes_allowed: 32279931 is_gc_concurrent: 1 target_footprint_: 18970958 GetBytesAllocated: 13301984 HeapGrowthMultiplier: 3
12-15 09:28:34.905  3176  3661 I com.miui.home: CheckGCForNative gc_urgency 0.403703 current_native_bytes is 165719113
12-15 09:28:34.934  3176  3661 I com.miui.home: CheckGCForNative adj_start_bytes: 34586635 NativeAllocationGcWatermark: 10759977 java_gc_start_bytes: 18446670 kNewNativeDiscountFactor: 2 kOldNativeDiscountFactor: 65536 old_native_bytes: 164402613 new_native_bytes: 1773500 add_bytes_allowed: 32279931 is_gc_concurrent: 1 target_footprint_: 18970958 GetBytesAllocated: 13687104 HeapGrowthMultiplier: 3
12-15 09:28:34.934  3176  3661 I com.miui.home: CheckGCForNative gc_urgency 0.421445 current_native_bytes is 166176113
12-15 09:28:35.049  3176  3333 I com.miui.home: CheckGCForNative adj_start_bytes: 34586635 NativeAllocationGcWatermark: 10759977 java_gc_start_bytes: 18446670 kNewNativeDiscountFactor: 2 kOldNativeDiscountFactor: 65536 old_native_bytes: 164402613 new_native_bytes: 1957132 add_bytes_allowed: 32279931 is_gc_concurrent: 1 target_footprint_: 18970958 GetBytesAllocated: 14015296 HeapGrowthMultiplier: 3
12-15 09:28:35.049  3176  3333 I com.miui.home: CheckGCForNative gc_urgency 0.433589 current_native_bytes is 166359745
12-15 09:28:35.525  3176  3176 I wm_on_stop_called: [0,264623871,com.miui.home.launcher.Launcher,STOP_ACTIVITY_ITEM,2]
12-15 09:28:35.629 12034 12034 I wm_on_create_called: [0,240724138,com.UCMobile.main.UCMobile,performCreate,176]
12-15 09:28:35.765 12034 12034 I wm_on_create_called: [0,216901094,com.uc.browser.InnerUCMobile,performCreate,33]
12-15 09:28:35.778 12034 12034 I wm_on_start_called: [0,216901094,com.uc.browser.InnerUCMobile,handleStartActivity,13]
12-15 09:28:35.803 12034 12034 I wm_on_resume_called: [0,216901094,com.uc.browser.InnerUCMobile,RESUME_ACTIVITY,24]
12-15 09:28:35.816  3176  3661 I com.miui.home: CheckGCForNative adj_start_bytes: 34586635 NativeAllocationGcWatermark: 10759977 java_gc_start_bytes: 18446670 kNewNativeDiscountFactor: 2 kOldNativeDiscountFactor: 65536 old_native_bytes: 164402613 new_native_bytes: 2063724 add_bytes_allowed: 32279931 is_gc_concurrent: 1 target_footprint_: 18970958 GetBytesAllocated: 14630608 HeapGrowthMultiplier: 3
12-15 09:28:35.816  3176  3661 I com.miui.home: CheckGCForNative gc_urgency 0.45292 current_native_bytes is 166466337
12-15 09:28:35.855  3176  3661 I com.miui.home: CheckGCForNative adj_start_bytes: 34586635 NativeAllocationGcWatermark: 10759977 java_gc_start_bytes: 18446670 kNewNativeDiscountFactor: 2 kOldNativeDiscountFactor: 65536 old_native_bytes: 164402613 new_native_bytes: 2307468 add_bytes_allowed: 32279931 is_gc_concurrent: 1 target_footprint_: 18970958 GetBytesAllocated: 14958816 HeapGrowthMultiplier: 3
12-15 09:28:35.855  3176  3661 I com.miui.home: CheckGCForNative gc_urgency 0.465933 current_native_bytes is 166710081
12-15 09:28:35.868 12034 12034 I wm_on_top_resumed_gained_called: [216901094,com.uc.browser.InnerUCMobile,topStateChangedWhenResumed]
12-15 09:28:36.059  3176  3176 I wm_on_restart_called: [0,264623871,com.miui.home.launcher.Launcher,performRestartActivity,0]
12-15 09:28:36.059  3176  3176 I wm_on_start_called: [0,264623871,com.miui.home.launcher.Launcher,handleStartActivity,1]
12-15 09:28:36.149  3176  3411 I com.miui.home: CheckGCForNative adj_start_bytes: 34586635 NativeAllocationGcWatermark: 10759977 java_gc_start_bytes: 18446670 kNewNativeDiscountFactor: 2 kOldNativeDiscountFactor: 65536 old_native_bytes: 164402613 new_native_bytes: 13166468 add_bytes_allowed: 32279931 is_gc_concurrent: 1 target_footprint_: 18970958 GetBytesAllocated: 15713184 HeapGrowthMultiplier: 3
12-15 09:28:36.149  3176  3411 I com.miui.home: CheckGCForNative gc_urgency 0.644727 current_native_bytes is 177569081
12-15 09:28:36.154  3176  3411 I com.miui.home: CheckGCForNative adj_start_bytes: 34586635 NativeAllocationGcWatermark: 10759977 java_gc_start_bytes: 18446670 kNewNativeDiscountFactor: 2 kOldNativeDiscountFactor: 65536 old_native_bytes: 164402613 new_native_bytes: 23872388 add_bytes_allowed: 32279931 is_gc_concurrent: 1 target_footprint_: 18970958 GetBytesAllocated: 15713376 HeapGrowthMultiplier: 3
12-15 09:28:36.155  3176  3411 I com.miui.home: CheckGCForNative gc_urgency 0.799502 current_native_bytes is 188275001
12-15 09:28:36.164  3176  3411 I com.miui.home: CheckGCForNative adj_start_bytes: 34586635 NativeAllocationGcWatermark: 10759977 java_gc_start_bytes: 18446670 kNewNativeDiscountFactor: 2 kOldNativeDiscountFactor: 65536 old_native_bytes: 164402613 new_native_bytes: 23873796 add_bytes_allowed: 32279931 is_gc_concurrent: 1 target_footprint_: 18970958 GetBytesAllocated: 15729760 HeapGrowthMultiplier: 3
12-15 09:28:36.165  3176  3411 I com.miui.home: CheckGCForNative gc_urgency 0.799996 current_native_bytes is 188276409
12-15 09:28:36.438  3176  3333 I com.miui.home: CheckGCForNative adj_start_bytes: 34586635 NativeAllocationGcWatermark: 10759977 java_gc_start_bytes: 18446670 kNewNativeDiscountFactor: 2 kOldNativeDiscountFactor: 65536 old_native_bytes: 164402613 new_native_bytes: 13177860 add_bytes_allowed: 32279931 is_gc_concurrent: 1 target_footprint_: 18970958 GetBytesAllocated: 15893792 HeapGrowthMultiplier: 3
12-15 09:28:36.438  3176  3333 I com.miui.home: CheckGCForNative gc_urgency 0.650113 current_native_bytes is 177580473
12-15 09:28:36.449  3176  3333 I com.miui.home: CheckGCForNative adj_start_bytes: 34586635 NativeAllocationGcWatermark: 10759977 java_gc_start_bytes: 18446670 kNewNativeDiscountFactor: 2 kOldNativeDiscountFactor: 65536 old_native_bytes: 164402613 new_native_bytes: 13179908 add_bytes_allowed: 32279931 is_gc_concurrent: 1 target_footprint_: 18970958 GetBytesAllocated: 15893792 HeapGrowthMultiplier: 3
12-15 09:28:36.449  3176  3333 I com.miui.home: CheckGCForNative gc_urgency 0.650143 current_native_bytes is 177582521
12-15 09:28:36.720  3176  3176 I wm_on_resume_called: [0,264623871,com.miui.home.launcher.Launcher,RESUME_ACTIVITY,3]
12-15 09:28:36.721  3176  3176 I wm_on_idle_called: com.miui.home.launcher.Launcher
12-15 09:28:36.894  3176  3176 I com.miui.home: CheckGCForNative adj_start_bytes: 34586635 NativeAllocationGcWatermark: 10759977 java_gc_start_bytes: 18446670 kNewNativeDiscountFactor: 2 kOldNativeDiscountFactor: 65536 old_native_bytes: 164402613 new_native_bytes: 13362292 add_bytes_allowed: 32279931 is_gc_concurrent: 1 target_footprint_: 18970958 GetBytesAllocated: 17042016 HeapGrowthMultiplier: 3
12-15 09:28:36.894  3176  3176 I com.miui.home: CheckGCForNative gc_urgency 0.685978 current_native_bytes is 177764905
12-15 09:28:37.082  3176  3176 I wm_on_paused_called: [0,264623871,com.miui.home.launcher.Launcher,performPause,1]
12-15 09:28:37.193 12034 12034 I wm_on_top_resumed_lost_called: [216901094,com.uc.browser.InnerUCMobile,topStateChangedWhenResumed]
12-15 09:28:37.243  3176  8273 I com.miui.home: CheckGCForNative adj_start_bytes: 34586635 NativeAllocationGcWatermark: 10759977 java_gc_start_bytes: 18446670 kNewNativeDiscountFactor: 2 kOldNativeDiscountFactor: 65536 old_native_bytes: 164402613 new_native_bytes: 14922144 add_bytes_allowed: 32279931 is_gc_concurrent: 1 target_footprint_: 18970958 GetBytesAllocated: 17558816 HeapGrowthMultiplier: 3
12-15 09:28:37.243  3176  8273 I com.miui.home: CheckGCForNative gc_urgency 0.72347 current_native_bytes is 179324757
12-15 09:28:37.308  3176  3661 I com.miui.home: CheckGCForNative adj_start_bytes: 34586635 NativeAllocationGcWatermark: 10759977 java_gc_start_bytes: 18446670 kNewNativeDiscountFactor: 2 kOldNativeDiscountFactor: 65536 old_native_bytes: 164402613 new_native_bytes: 14262720 add_bytes_allowed: 32279931 is_gc_concurrent: 1 target_footprint_: 18970958 GetBytesAllocated: 17591584 HeapGrowthMultiplier: 3
12-15 09:28:37.308  3176  3661 I com.miui.home: CheckGCForNative gc_urgency 0.714885 current_native_bytes is 178665333
12-15 09:28:37.331  3176  3661 I com.miui.home: CheckGCForNative adj_start_bytes: 34586635 NativeAllocationGcWatermark: 10759977 java_gc_start_bytes: 18446670 kNewNativeDiscountFactor: 2 kOldNativeDiscountFactor: 65536 old_native_bytes: 164402613 new_native_bytes: 14372064 add_bytes_allowed: 32279931 is_gc_concurrent: 1 target_footprint_: 18970958 GetBytesAllocated: 17689888 HeapGrowthMultiplier: 3
12-15 09:28:37.331  3176  3661 I com.miui.home: CheckGCForNative gc_urgency 0.719308 current_native_bytes is 178774677
12-15 09:28:37.387  3176  3661 I com.miui.home: CheckGCForNative adj_start_bytes: 34586635 NativeAllocationGcWatermark: 10759977 java_gc_start_bytes: 18446670 kNewNativeDiscountFactor: 2 kOldNativeDiscountFactor: 65536 old_native_bytes: 164402613 new_native_bytes: 14603784 add_bytes_allowed: 32279931 is_gc_concurrent: 1 target_footprint_: 18970958 GetBytesAllocated: 18067328 HeapGrowthMultiplier: 3
12-15 09:28:37.387  3176  3661 I com.miui.home: CheckGCForNative gc_urgency 0.73357 current_native_bytes is 179006397
12-15 09:28:37.400  3176  3661 I com.miui.home: CheckGCForNative adj_start_bytes: 34586635 NativeAllocationGcWatermark: 10759977 java_gc_start_bytes: 18446670 kNewNativeDiscountFactor: 2 kOldNativeDiscountFactor: 65536 old_native_bytes: 164402613 new_native_bytes: 25395144 add_bytes_allowed: 32279931 is_gc_concurrent: 1 target_footprint_: 18970958 GetBytesAllocated: 18198400 HeapGrowthMultiplier: 3
12-15 09:28:37.400  3176  3661 I com.miui.home: CheckGCForNative gc_urgency 0.893365 current_native_bytes is 189797757
12-15 09:28:37.469  3176  3661 I com.miui.home: CheckGCForNative adj_start_bytes: 34586635 NativeAllocationGcWatermark: 10759977 java_gc_start_bytes: 18446670 kNewNativeDiscountFactor: 2 kOldNativeDiscountFactor: 65536 old_native_bytes: 164402613 new_native_bytes: 14747912 add_bytes_allowed: 32279931 is_gc_concurrent: 1 target_footprint_: 18970958 GetBytesAllocated: 18444896 HeapGrowthMultiplier: 3
12-15 09:28:37.469  3176  3661 I com.miui.home: CheckGCForNative gc_urgency 0.74657 current_native_bytes is 179150525
12-15 09:28:37.696  3176  3661 I com.miui.home: CheckGCForNative adj_start_bytes: 34586635 NativeAllocationGcWatermark: 10759977 java_gc_start_bytes: 18446670 kNewNativeDiscountFactor: 2 kOldNativeDiscountFactor: 65536 old_native_bytes: 164402613 new_native_bytes: 14956296 add_bytes_allowed: 32279931 is_gc_concurrent: 1 target_footprint_: 18970958 GetBytesAllocated: 18887904 HeapGrowthMultiplier: 3
12-15 09:28:37.696  3176  3661 I com.miui.home: CheckGCForNative gc_urgency 0.762392 current_native_bytes is 179358909
12-15 09:28:37.750  3176  3661 I com.miui.home: CheckGCForNative gc_urgency 0 current_native_bytes is 178528077
12-15 09:28:37.753  3176  3661 I com.miui.home: CheckGCForNative gc_urgency 0 current_native_bytes is 155780745
12-15 09:28:37.773  3176  3661 I com.miui.home: CheckGCForNative gc_urgency 0 current_native_bytes is 130903721
12-15 09:28:37.776  3176  3661 I com.miui.home: CheckGCForNative adj_start_bytes: 35329767 NativeAllocationGcWatermark: 10831377 java_gc_start_bytes: 19082702 kNewNativeDiscountFactor: 2 kOldNativeDiscountFactor: 65536 old_native_bytes: 130903721 new_native_bytes: 460416 add_bytes_allowed: 32494131 is_gc_concurrent: 1 target_footprint_: 19542158 GetBytesAllocated: 9877752 HeapGrowthMultiplier: 3
12-15 09:28:37.776  3176  3661 I com.miui.home: CheckGCForNative gc_urgency 0.28616 current_native_bytes is 131364137
12-15 09:28:37.822  3176  3661 I com.miui.home: CheckGCForNative adj_start_bytes: 35329767 NativeAllocationGcWatermark: 10831377 java_gc_start_bytes: 19082702 kNewNativeDiscountFactor: 2 kOldNativeDiscountFactor: 65536 old_native_bytes: 130903721 new_native_bytes: 1906536 add_bytes_allowed: 32494131 is_gc_concurrent: 1 target_footprint_: 19542158 GetBytesAllocated: 9931064 HeapGrowthMultiplier: 3
12-15 09:28:37.822  3176  3661 I com.miui.home: CheckGCForNative gc_urgency 0.308135 current_native_bytes is 132810257
