12-14 18:46:26.586  9432  9432 I wm_on_paused_called: [0,162535799,com.tencent.mm.plugin.account.ui.WelcomeActivity,performPause,2]
12-14 18:46:26.619  3140  3140 I wm_on_top_resumed_gained_called: [142144482,com.miui.home.launcher.Launcher,topStateChangedWhenResumed]
12-14 18:46:26.640  3140  3140 I wm_on_idle_called: com.miui.home.launcher.Launcher
12-14 18:46:26.694  9432  9432 I wm_on_stop_called: [0,162535799,com.tencent.mm.plugin.account.ui.WelcomeActivity,STOP_ACTIVITY_ITEM,2]
12-14 18:46:26.727  9432  9432 I wm_on_stop_called: [0,105553037,com.tencent.mm.ui.LauncherUI,STOP_ACTIVITY_ITEM,20]
12-14 18:46:26.735  9432  9432 I wm_on_stop_called: [0,55810506,com.tencent.mm.app.WeChatSplashActivity,LIFECYCLER_STOP_ACTIVITY,5]
12-14 18:46:26.758  9432  9432 I wm_on_destroy_called: [0,55810506,com.tencent.mm.app.WeChatSplashActivity,performDestroy,14]
12-14 18:46:26.776  3140  3674 I com.miui.home: CheckGCForNative adj_start_bytes: 34290007 NativeAllocationGcWatermark: 10728753 java_gc_start_bytes: 18196878 kNewNativeDiscountFactor: 2 kOldNativeDiscountFactor: 65536 old_native_bytes: 175692433 new_native_bytes: 6592584 add_bytes_allowed: 32186259 is_gc_concurrent: 1 target_footprint_: 18721166 GetBytesAllocated: 13761744 HeapGrowthMultiplier: 3
12-14 18:46:26.776  3140  3674 I com.miui.home: CheckGCForNative gc_urgency 0.497542 current_native_bytes is 182285017
12-14 18:46:26.820  3140  3674 I com.miui.home: CheckGCForNative adj_start_bytes: 34290007 NativeAllocationGcWatermark: 10728753 java_gc_start_bytes: 18196878 kNewNativeDiscountFactor: 2 kOldNativeDiscountFactor: 65536 old_native_bytes: 175692433 new_native_bytes: 17560572 add_bytes_allowed: 32186259 is_gc_concurrent: 1 target_footprint_: 18721166 GetBytesAllocated: 13974768 HeapGrowthMultiplier: 3
12-14 18:46:26.820  3140  3674 I com.miui.home: CheckGCForNative gc_urgency 0.663684 current_native_bytes is 193253005
12-14 18:46:26.843  9432  9432 I wm_on_idle_called: com.tencent.mm.plugin.account.ui.WelcomeActivity
12-14 18:46:26.843  9432  9432 I wm_on_idle_called: com.tencent.mm.ui.LauncherUI
12-14 18:46:26.843  3140  3674 I com.miui.home: CheckGCForNative adj_start_bytes: 34290007 NativeAllocationGcWatermark: 10728753 java_gc_start_bytes: 18196878 kNewNativeDiscountFactor: 2 kOldNativeDiscountFactor: 65536 old_native_bytes: 175692433 new_native_bytes: 6914236 add_bytes_allowed: 32186259 is_gc_concurrent: 1 target_footprint_: 18721166 GetBytesAllocated: 14155632 HeapGrowthMultiplier: 3
12-14 18:46:26.843  3140  3674 I com.miui.home: CheckGCForNative gc_urgency 0.513719 current_native_bytes is 182606669
12-14 18:46:26.872  3140  3674 I com.miui.home: CheckGCForNative adj_start_bytes: 34290007 NativeAllocationGcWatermark: 10728753 java_gc_start_bytes: 18196878 kNewNativeDiscountFactor: 2 kOldNativeDiscountFactor: 65536 old_native_bytes: 175692433 new_native_bytes: 7119216 add_bytes_allowed: 32186259 is_gc_concurrent: 1 target_footprint_: 18721166 GetBytesAllocated: 14368624 HeapGrowthMultiplier: 3
12-14 18:46:26.872  3140  3674 I com.miui.home: CheckGCForNative gc_urgency 0.522919 current_native_bytes is 182811649
12-14 18:46:27.204  3140  3140 I wm_on_top_resumed_lost_called: [142144482,com.miui.home.launcher.Launcher,topStateChangedWhenResumed]
12-14 18:46:27.210  3140  3140 I wm_on_paused_called: [0,142144482,com.miui.home.launcher.Launcher,performPause,1]
12-14 18:46:27.307  3140  3674 I com.miui.home: CheckGCForNative adj_start_bytes: 34290007 NativeAllocationGcWatermark: 10728753 java_gc_start_bytes: 18196878 kNewNativeDiscountFactor: 2 kOldNativeDiscountFactor: 65536 old_native_bytes: 175692433 new_native_bytes: 7568372 add_bytes_allowed: 32186259 is_gc_concurrent: 1 target_footprint_: 18721166 GetBytesAllocated: 15122832 HeapGrowthMultiplier: 3
12-14 18:46:27.307  3140  3674 I com.miui.home: CheckGCForNative gc_urgency 0.551464 current_native_bytes is 183260805
12-14 18:46:27.352  3140  3274 I com.miui.home: CheckGCForNative adj_start_bytes: 34290007 NativeAllocationGcWatermark: 10728753 java_gc_start_bytes: 18196878 kNewNativeDiscountFactor: 2 kOldNativeDiscountFactor: 65536 old_native_bytes: 175692433 new_native_bytes: 7848880 add_bytes_allowed: 32186259 is_gc_concurrent: 1 target_footprint_: 18721166 GetBytesAllocated: 15475344 HeapGrowthMultiplier: 3
12-14 18:46:27.352  3140  3274 I com.miui.home: CheckGCForNative gc_urgency 0.565834 current_native_bytes is 183541313
12-14 18:46:27.372  3140  3674 I com.miui.home: CheckGCForNative adj_start_bytes: 34290007 NativeAllocationGcWatermark: 10728753 java_gc_start_bytes: 18196878 kNewNativeDiscountFactor: 2 kOldNativeDiscountFactor: 65536 old_native_bytes: 175692433 new_native_bytes: 7984816 add_bytes_allowed: 32186259 is_gc_concurrent: 1 target_footprint_: 18721166 GetBytesAllocated: 15688656 HeapGrowthMultiplier: 3
12-14 18:46:27.372  3140  3674 I com.miui.home: CheckGCForNative gc_urgency 0.574037 current_native_bytes is 183677249
12-14 18:46:27.452  3140  3274 I com.miui.home: CheckGCForNative adj_start_bytes: 34290007 NativeAllocationGcWatermark: 10728753 java_gc_start_bytes: 18196878 kNewNativeDiscountFactor: 2 kOldNativeDiscountFactor: 65536 old_native_bytes: 175692433 new_native_bytes: 8184740 add_bytes_allowed: 32186259 is_gc_concurrent: 1 target_footprint_: 18721166 GetBytesAllocated: 15918032 HeapGrowthMultiplier: 3
12-14 18:46:27.452  3140  3274 I com.miui.home: CheckGCForNative gc_urgency 0.583642 current_native_bytes is 183877173
12-14 18:46:27.816 11214 11214 I wm_on_application_create_called: [0,com.kmxs.reader,262]
12-14 18:46:28.025 11214 11214 I wm_on_create_called: [0,104990880,com.km.app.home.view.LoadingActivity,performCreate,127]
12-14 18:46:28.033 11214 11214 I wm_on_start_called: [0,104990880,com.km.app.home.view.LoadingActivity,handleStartActivity,8]
12-14 18:46:28.043 11214 11214 I wm_on_resume_called: [0,104990880,com.km.app.home.view.LoadingActivity,RESUME_ACTIVITY,6]
12-14 18:46:28.074 11214 11214 I wm_on_top_resumed_gained_called: [104990880,com.km.app.home.view.LoadingActivity,topStateChangedWhenResumed]
12-14 18:46:28.840  3140  3140 I wm_on_stop_called: [0,142144482,com.miui.home.launcher.Launcher,STOP_ACTIVITY_ITEM,22]
12-14 18:46:29.261 11214 11214 I wm_on_top_resumed_lost_called: [104990880,com.km.app.home.view.LoadingActivity,topStateChangedWhenResumed]
12-14 18:46:29.263 11214 11214 I wm_on_paused_called: [0,104990880,com.km.app.home.view.LoadingActivity,performPause,2]
12-14 18:46:29.375 11214 11214 I wm_on_create_called: [0,161033242,com.kmxs.reader.home.ui.HomeActivity,performCreate,69]
12-14 18:46:29.382 11214 11214 I wm_on_start_called: [0,161033242,com.kmxs.reader.home.ui.HomeActivity,handleStartActivity,2]
12-14 18:46:29.428  3140  3674 I com.miui.home: CheckGCForNative adj_start_bytes: 34290007 NativeAllocationGcWatermark: 10728753 java_gc_start_bytes: 18196878 kNewNativeDiscountFactor: 2 kOldNativeDiscountFactor: 65536 old_native_bytes: 175692433 new_native_bytes: 8361816 add_bytes_allowed: 32186259 is_gc_concurrent: 1 target_footprint_: 18721166 GetBytesAllocated: 16566576 HeapGrowthMultiplier: 3
12-14 18:46:29.428  3140  3674 I com.miui.home: CheckGCForNative gc_urgency 0.605137 current_native_bytes is 184054249
12-14 18:46:29.436 11214 11214 I wm_on_resume_called: [0,161033242,com.kmxs.reader.home.ui.HomeActivity,RESUME_ACTIVITY,53]
12-14 18:46:29.503 11214 11214 I wm_on_top_resumed_gained_called: [161033242,com.kmxs.reader.home.ui.HomeActivity,topStateChangedWhenResumed]
12-14 18:46:29.664  3140  3140 I wm_on_restart_called: [0,142144482,com.miui.home.launcher.Launcher,performRestartActivity,0]
12-14 18:46:29.664  3140  3140 I wm_on_start_called: [0,142144482,com.miui.home.launcher.Launcher,handleStartActivity,1]
12-14 18:46:29.729  3140  3210 I com.miui.home: CheckGCForNative adj_start_bytes: 34290007 NativeAllocationGcWatermark: 10728753 java_gc_start_bytes: 18196878 kNewNativeDiscountFactor: 2 kOldNativeDiscountFactor: 65536 old_native_bytes: 175692433 new_native_bytes: 19163380 add_bytes_allowed: 32186259 is_gc_concurrent: 1 target_footprint_: 18721166 GetBytesAllocated: 17222928 HeapGrowthMultiplier: 3
12-14 18:46:29.729  3140  3210 I com.miui.home: CheckGCForNative gc_urgency 0.781782 current_native_bytes is 194855813
12-14 18:46:29.729  3140  3210 I com.miui.home: CheckGCForNative adj_start_bytes: 34290007 NativeAllocationGcWatermark: 10728753 java_gc_start_bytes: 18196878 kNewNativeDiscountFactor: 2 kOldNativeDiscountFactor: 65536 old_native_bytes: 175692433 new_native_bytes: 29869300 add_bytes_allowed: 32186259 is_gc_concurrent: 1 target_footprint_: 18721166 GetBytesAllocated: 17223120 HeapGrowthMultiplier: 3
12-14 18:46:29.729  3140  3210 I com.miui.home: CheckGCForNative gc_urgency 0.937896 current_native_bytes is 205561733
12-14 18:46:29.932  3140  3210 I com.miui.home: CheckGCForNative adj_start_bytes: 34290007 NativeAllocationGcWatermark: 10728753 java_gc_start_bytes: 18196878 kNewNativeDiscountFactor: 2 kOldNativeDiscountFactor: 65536 old_native_bytes: 175692433 new_native_bytes: 29998352 add_bytes_allowed: 32186259 is_gc_concurrent: 1 target_footprint_: 18721166 GetBytesAllocated: 17452592 HeapGrowthMultiplier: 3
12-14 18:46:29.932  3140  3210 I com.miui.home: CheckGCForNative gc_urgency 0.94647 current_native_bytes is 205690785
12-14 18:46:29.968  3140  3274 I com.miui.home: CheckGCForNative adj_start_bytes: 34290007 NativeAllocationGcWatermark: 10728753 java_gc_start_bytes: 18196878 kNewNativeDiscountFactor: 2 kOldNativeDiscountFactor: 65536 old_native_bytes: 175692433 new_native_bytes: 19295632 add_bytes_allowed: 32186259 is_gc_concurrent: 1 target_footprint_: 18721166 GetBytesAllocated: 17469168 HeapGrowthMultiplier: 3
12-14 18:46:29.968  3140  3274 I com.miui.home: CheckGCForNative gc_urgency 0.790891 current_native_bytes is 194988065
12-14 18:46:30.037 11214 11214 I wm_on_idle_called: com.kmxs.reader.home.ui.HomeActivity
12-14 18:46:30.157  3140  3274 I com.miui.home: CheckGCForNative adj_start_bytes: 34290007 NativeAllocationGcWatermark: 10728753 java_gc_start_bytes: 18196878 kNewNativeDiscountFactor: 2 kOldNativeDiscountFactor: 65536 old_native_bytes: 175692433 new_native_bytes: 19311664 add_bytes_allowed: 32186259 is_gc_concurrent: 1 target_footprint_: 18721166 GetBytesAllocated: 17567472 HeapGrowthMultiplier: 3
12-14 18:46:30.157  3140  3274 I com.miui.home: CheckGCForNative gc_urgency 0.793992 current_native_bytes is 195004097
12-14 18:46:30.241  3140  3140 I wm_on_resume_called: [0,142144482,com.miui.home.launcher.Launcher,RESUME_ACTIVITY,2]
12-14 18:46:30.291  3140  3140 I wm_on_idle_called: com.miui.home.launcher.Launcher
12-14 18:46:30.412  3140  3674 I com.miui.home: CheckGCForNative gc_urgency 0 current_native_bytes is 140964109
12-14 18:46:30.433  3140  3674 I com.miui.home: CheckGCForNative adj_start_bytes: 34975189 NativeAllocationGcWatermark: 10768123 java_gc_start_bytes: 18823005 kNewNativeDiscountFactor: 2 kOldNativeDiscountFactor: 65536 old_native_bytes: 140964109 new_native_bytes: 1168032 add_bytes_allowed: 32304369 is_gc_concurrent: 1 target_footprint_: 19036125 GetBytesAllocated: 9780928 HeapGrowthMultiplier: 3
12-14 18:46:30.433  3140  3674 I com.miui.home: CheckGCForNative gc_urgency 0.296413 current_native_bytes is 142132141
12-14 18:46:30.438  3140  3674 I com.miui.home: CheckGCForNative adj_start_bytes: 34975189 NativeAllocationGcWatermark: 10768123 java_gc_start_bytes: 18823005 kNewNativeDiscountFactor: 2 kOldNativeDiscountFactor: 65536 old_native_bytes: 140964109 new_native_bytes: 1593568 add_bytes_allowed: 32304369 is_gc_concurrent: 1 target_footprint_: 19036125 GetBytesAllocated: 9780928 HeapGrowthMultiplier: 3
12-14 18:46:30.438  3140  3674 I com.miui.home: CheckGCForNative gc_urgency 0.302496 current_native_bytes is 142557677
12-14 18:46:30.443  3140  3674 I com.miui.home: CheckGCForNative adj_start_bytes: 34975189 NativeAllocationGcWatermark: 10768123 java_gc_start_bytes: 18823005 kNewNativeDiscountFactor: 2 kOldNativeDiscountFactor: 65536 old_native_bytes: 140964109 new_native_bytes: 1903264 add_bytes_allowed: 32304369 is_gc_concurrent: 1 target_footprint_: 19036125 GetBytesAllocated: 9830144 HeapGrowthMultiplier: 3
12-14 18:46:30.443  3140  3674 I com.miui.home: CheckGCForNative gc_urgency 0.308331 current_native_bytes is 142867373
12-14 18:46:30.444  3140  3674 I com.miui.home: CheckGCForNative adj_start_bytes: 34975189 NativeAllocationGcWatermark: 10768123 java_gc_start_bytes: 18823005 kNewNativeDiscountFactor: 2 kOldNativeDiscountFactor: 65536 old_native_bytes: 140964109 new_native_bytes: 2364064 add_bytes_allowed: 32304369 is_gc_concurrent: 1 target_footprint_: 19036125 GetBytesAllocated: 9830256 HeapGrowthMultiplier: 3
12-14 18:46:30.444  3140  3674 I com.miui.home: CheckGCForNative gc_urgency 0.314921 current_native_bytes is 143328173
12-14 18:46:30.445  3140  3674 I com.miui.home: CheckGCForNative adj_start_bytes: 34975189 NativeAllocationGcWatermark: 10768123 java_gc_start_bytes: 18823005 kNewNativeDiscountFactor: 2 kOldNativeDiscountFactor: 65536 old_native_bytes: 140964109 new_native_bytes: 2823200 add_bytes_allowed: 32304369 is_gc_concurrent: 1 target_footprint_: 19036125 GetBytesAllocated: 9830256 HeapGrowthMultiplier: 3
12-14 18:46:30.445  3140  3674 I com.miui.home: CheckGCForNative gc_urgency 0.321485 current_native_bytes is 143787309
12-14 18:46:30.454  3140  3674 I com.miui.home: CheckGCForNative adj_start_bytes: 34975189 NativeAllocationGcWatermark: 10768123 java_gc_start_bytes: 18823005 kNewNativeDiscountFactor: 2 kOldNativeDiscountFactor: 65536 old_native_bytes: 140964109 new_native_bytes: 3072296 add_bytes_allowed: 32304369 is_gc_concurrent: 1 target_footprint_: 19036125 GetBytesAllocated: 9883568 HeapGrowthMultiplier: 3
12-14 18:46:30.454  3140  3674 I com.miui.home: CheckGCForNative gc_urgency 0.326571 current_native_bytes is 144036405
12-14 18:46:30.457  3140  3674 I com.miui.home: CheckGCForNative adj_start_bytes: 34975189 NativeAllocationGcWatermark: 10768123 java_gc_start_bytes: 18823005 kNewNativeDiscountFactor: 2 kOldNativeDiscountFactor: 65536 old_native_bytes: 140964109 new_native_bytes: 3534248 add_bytes_allowed: 32304369 is_gc_concurrent: 1 target_footprint_: 19036125 GetBytesAllocated: 9904048 HeapGrowthMultiplier: 3
12-14 18:46:30.457  3140  3674 I com.miui.home: CheckGCForNative gc_urgency 0.33376 current_native_bytes is 144498357
12-14 18:46:30.478  3140  3674 I com.miui.home: CheckGCForNative adj_start_bytes: 34975189 NativeAllocationGcWatermark: 10768123 java_gc_start_bytes: 18823005 kNewNativeDiscountFactor: 2 kOldNativeDiscountFactor: 65536 old_native_bytes: 140964109 new_native_bytes: 4971248 add_bytes_allowed: 32304369 is_gc_concurrent: 1 target_footprint_: 19036125 GetBytesAllocated: 9973744 HeapGrowthMultiplier: 3
12-14 18:46:30.478  3140  3674 I com.miui.home: CheckGCForNative gc_urgency 0.356296 current_native_bytes is 145935357
12-14 18:46:30.481  3140  3674 I com.miui.home: CheckGCForNative adj_start_bytes: 34975189 NativeAllocationGcWatermark: 10768123 java_gc_start_bytes: 18823005 kNewNativeDiscountFactor: 2 kOldNativeDiscountFactor: 65536 old_native_bytes: 140964109 new_native_bytes: 5433200 add_bytes_allowed: 32304369 is_gc_concurrent: 1 target_footprint_: 19036125 GetBytesAllocated: 9994224 HeapGrowthMultiplier: 3
12-14 18:46:30.481  3140  3674 I com.miui.home: CheckGCForNative gc_urgency 0.363486 current_native_bytes is 146397309
12-14 18:46:30.489  3140  3674 I com.miui.home: CheckGCForNative adj_start_bytes: 34975189 NativeAllocationGcWatermark: 10768123 java_gc_start_bytes: 18823005 kNewNativeDiscountFactor: 2 kOldNativeDiscountFactor: 65536 old_native_bytes: 140964109 new_native_bytes: 6176480 add_bytes_allowed: 32304369 is_gc_concurrent: 1 target_footprint_: 19036125 GetBytesAllocated: 10027168 HeapGrowthMultiplier: 3
12-14 18:46:30.490  3140  3674 I com.miui.home: CheckGCForNative gc_urgency 0.375053 current_native_bytes is 147140589
12-14 18:46:30.496  3140  3674 I com.miui.home: CheckGCForNative adj_start_bytes: 34975189 NativeAllocationGcWatermark: 10768123 java_gc_start_bytes: 18823005 kNewNativeDiscountFactor: 2 kOldNativeDiscountFactor: 65536 old_native_bytes: 140964109 new_native_bytes: 6948576 add_bytes_allowed: 32304369 is_gc_concurrent: 1 target_footprint_: 19036125 GetBytesAllocated: 10027168 HeapGrowthMultiplier: 3
12-14 18:46:30.496  3140  3674 I com.miui.home: CheckGCForNative gc_urgency 0.386091 current_native_bytes is 147912685
12-14 18:46:30.514  3140  3674 I com.miui.home: CheckGCForNative adj_start_bytes: 34975189 NativeAllocationGcWatermark: 10768123 java_gc_start_bytes: 18823005 kNewNativeDiscountFactor: 2 kOldNativeDiscountFactor: 65536 old_native_bytes: 140964109 new_native_bytes: 7325176 add_bytes_allowed: 32304369 is_gc_concurrent: 1 target_footprint_: 19036125 GetBytesAllocated: 10076496 HeapGrowthMultiplier: 3
12-14 18:46:30.514  3140  3674 I com.miui.home: CheckGCForNative gc_urgency 0.392885 current_native_bytes is 148289285
12-14 18:46:30.516  3140  3674 I com.miui.home: CheckGCForNative adj_start_bytes: 34975189 NativeAllocationGcWatermark: 10768123 java_gc_start_bytes: 18823005 kNewNativeDiscountFactor: 2 kOldNativeDiscountFactor: 65536 old_native_bytes: 140964109 new_native_bytes: 7721720 add_bytes_allowed: 32304369 is_gc_concurrent: 1 target_footprint_: 19036125 GetBytesAllocated: 10076496 HeapGrowthMultiplier: 3
12-14 18:46:30.516  3140  3674 I com.miui.home: CheckGCForNative gc_urgency 0.398554 current_native_bytes is 148685829
12-14 18:46:30.526  3140  3674 I com.miui.home: CheckGCForNative adj_start_bytes: 34975189 NativeAllocationGcWatermark: 10768123 java_gc_start_bytes: 18823005 kNewNativeDiscountFactor: 2 kOldNativeDiscountFactor: 65536 old_native_bytes: 140964109 new_native_bytes: 8266448 add_bytes_allowed: 32304369 is_gc_concurrent: 1 target_footprint_: 19036125 GetBytesAllocated: 10109440 HeapGrowthMultiplier: 3
12-14 18:46:30.526  3140  3674 I com.miui.home: CheckGCForNative gc_urgency 0.407283 current_native_bytes is 149230557
12-14 18:46:30.560  3140  3674 I com.miui.home: CheckGCForNative adj_start_bytes: 34975189 NativeAllocationGcWatermark: 10768123 java_gc_start_bytes: 18823005 kNewNativeDiscountFactor: 2 kOldNativeDiscountFactor: 65536 old_native_bytes: 140964109 new_native_bytes: 9281656 add_bytes_allowed: 32304369 is_gc_concurrent: 1 target_footprint_: 19036125 GetBytesAllocated: 10211968 HeapGrowthMultiplier: 3
12-14 18:46:30.560  3140  3674 I com.miui.home: CheckGCForNative gc_urgency 0.424728 current_native_bytes is 150245765
12-14 18:46:30.562  3140  3674 I com.miui.home: CheckGCForNative adj_start_bytes: 34975189 NativeAllocationGcWatermark: 10768123 java_gc_start_bytes: 18823005 kNewNativeDiscountFactor: 2 kOldNativeDiscountFactor: 65536 old_native_bytes: 140964109 new_native_bytes: 9743608 add_bytes_allowed: 32304369 is_gc_concurrent: 1 target_footprint_: 19036125 GetBytesAllocated: 10232448 HeapGrowthMultiplier: 3
12-14 18:46:30.562  3140  3674 I com.miui.home: CheckGCForNative gc_urgency 0.431918 current_native_bytes is 150707717
12-14 18:46:30.638 11214 11214 I wm_on_top_resumed_lost_called: [161033242,com.kmxs.reader.home.ui.HomeActivity,topStateChangedWhenResumed]
12-14 18:46:30.640  3140  3140 I wm_on_top_resumed_gained_called: [142144482,com.miui.home.launcher.Launcher,topStateChangedWhenResumed]
12-14 18:46:30.650 11214 11214 I wm_on_paused_called: [0,161033242,com.kmxs.reader.home.ui.HomeActivity,performPause,9]
12-14 18:46:30.656  3140  3674 I com.miui.home: CheckGCForNative adj_start_bytes: 34975189 NativeAllocationGcWatermark: 10768123 java_gc_start_bytes: 18823005 kNewNativeDiscountFactor: 2 kOldNativeDiscountFactor: 65536 old_native_bytes: 140964109 new_native_bytes: 10356120 add_bytes_allowed: 32304369 is_gc_concurrent: 1 target_footprint_: 19036125 GetBytesAllocated: 10281664 HeapGrowthMultiplier: 3
12-14 18:46:30.656  3140  3674 I com.miui.home: CheckGCForNative gc_urgency 0.442081 current_native_bytes is 151320229
12-14 18:46:30.667  3140  3674 I com.miui.home: CheckGCForNative adj_start_bytes: 34975189 NativeAllocationGcWatermark: 10768123 java_gc_start_bytes: 18823005 kNewNativeDiscountFactor: 2 kOldNativeDiscountFactor: 65536 old_native_bytes: 140964109 new_native_bytes: 10643932 add_bytes_allowed: 32304369 is_gc_concurrent: 1 target_footprint_: 19036125 GetBytesAllocated: 10332064 HeapGrowthMultiplier: 3
12-14 18:46:30.668  3140  3674 I com.miui.home: CheckGCForNative gc_urgency 0.447637 current_native_bytes is 151608041
12-14 18:46:30.669 11214 11214 I wm_on_stop_called: [0,161033242,com.kmxs.reader.home.ui.HomeActivity,STOP_ACTIVITY_ITEM,10]
12-14 18:46:30.670  3140  3674 I com.miui.home: CheckGCForNative adj_start_bytes: 34975189 NativeAllocationGcWatermark: 10768123 java_gc_start_bytes: 18823005 kNewNativeDiscountFactor: 2 kOldNativeDiscountFactor: 65536 old_native_bytes: 140964109 new_native_bytes: 11040252 add_bytes_allowed: 32304369 is_gc_concurrent: 1 target_footprint_: 19036125 GetBytesAllocated: 10332064 HeapGrowthMultiplier: 3
12-14 18:46:30.670  3140  3674 I com.miui.home: CheckGCForNative gc_urgency 0.453303 current_native_bytes is 152004361
12-14 18:46:30.683  3140  3674 I com.miui.home: CheckGCForNative adj_start_bytes: 34975189 NativeAllocationGcWatermark: 10768123 java_gc_start_bytes: 18823005 kNewNativeDiscountFactor: 2 kOldNativeDiscountFactor: 65536 old_native_bytes: 140964109 new_native_bytes: 12652052 add_bytes_allowed: 32304369 is_gc_concurrent: 1 target_footprint_: 19036125 GetBytesAllocated: 10414112 HeapGrowthMultiplier: 3
12-14 18:46:30.683 11214 11214 I wm_on_stop_called: [0,104990880,com.km.app.home.view.LoadingActivity,LIFECYCLER_STOP_ACTIVITY,10]
12-14 18:46:30.683  3140  3674 I com.miui.home: CheckGCForNative gc_urgency 0.47869 current_native_bytes is 153616161
12-14 18:46:30.686  3140  3674 I com.miui.home: CheckGCForNative adj_start_bytes: 34975189 NativeAllocationGcWatermark: 10768123 java_gc_start_bytes: 18823005 kNewNativeDiscountFactor: 2 kOldNativeDiscountFactor: 65536 old_native_bytes: 140964109 new_native_bytes: 23388468 add_bytes_allowed: 32304369 is_gc_concurrent: 1 target_footprint_: 19036125 GetBytesAllocated: 10430496 HeapGrowthMultiplier: 3
12-14 18:46:30.686  3140  3674 I com.miui.home: CheckGCForNative gc_urgency 0.632645 current_native_bytes is 164352577
12-14 18:46:30.688 11214 11214 I wm_on_destroy_called: [0,104990880,com.km.app.home.view.LoadingActivity,performDestroy,2]
12-14 18:46:30.699  3140  3674 I com.miui.home: CheckGCForNative adj_start_bytes: 34975189 NativeAllocationGcWatermark: 10768123 java_gc_start_bytes: 18823005 kNewNativeDiscountFactor: 2 kOldNativeDiscountFactor: 65536 old_native_bytes: 140964109 new_native_bytes: 13007156 add_bytes_allowed: 32304369 is_gc_concurrent: 1 target_footprint_: 19036125 GetBytesAllocated: 10693312 HeapGrowthMultiplier: 3
12-14 18:46:30.700  3140  3674 I com.miui.home: CheckGCForNative gc_urgency 0.49175 current_native_bytes is 153971265
12-14 18:46:30.955  3140  3140 I wm_on_top_resumed_lost_called: [142144482,com.miui.home.launcher.Launcher,topStateChangedWhenResumed]
12-14 18:46:30.968  3140  3140 I wm_on_paused_called: [0,142144482,com.miui.home.launcher.Launcher,performPause,1]
12-14 18:46:31.077  3140  3674 I com.miui.home: CheckGCForNative adj_start_bytes: 34975189 NativeAllocationGcWatermark: 10768123 java_gc_start_bytes: 18823005 kNewNativeDiscountFactor: 2 kOldNativeDiscountFactor: 65536 old_native_bytes: 140964109 new_native_bytes: 13177916 add_bytes_allowed: 32304369 is_gc_concurrent: 1 target_footprint_: 19036125 GetBytesAllocated: 11496800 HeapGrowthMultiplier: 3
12-14 18:46:31.077  3140  3674 I com.miui.home: CheckGCForNative gc_urgency 0.517164 current_native_bytes is 154142025
12-14 18:46:31.103  3140  3674 I com.miui.home: CheckGCForNative adj_start_bytes: 34975189 NativeAllocationGcWatermark: 10768123 java_gc_start_bytes: 18823005 kNewNativeDiscountFactor: 2 kOldNativeDiscountFactor: 65536 old_native_bytes: 140964109 new_native_bytes: 13304704 add_bytes_allowed: 32304369 is_gc_concurrent: 1 target_footprint_: 19036125 GetBytesAllocated: 11849088 HeapGrowthMultiplier: 3
12-14 18:46:31.103  3140  3674 I com.miui.home: CheckGCForNative gc_urgency 0.529049 current_native_bytes is 154268813
12-14 18:46:31.149  3140  3274 I com.miui.home: CheckGCForNative adj_start_bytes: 34975189 NativeAllocationGcWatermark: 10768123 java_gc_start_bytes: 18823005 kNewNativeDiscountFactor: 2 kOldNativeDiscountFactor: 65536 old_native_bytes: 140964109 new_native_bytes: 13585184 add_bytes_allowed: 32304369 is_gc_concurrent: 1 target_footprint_: 19036125 GetBytesAllocated: 12226496 HeapGrowthMultiplier: 3
12-14 18:46:31.149  3140  3274 I com.miui.home: CheckGCForNative gc_urgency 0.543849 current_native_bytes is 154549293
12-14 18:46:31.796 11834 11834 I wm_on_create_called: [0,8336107,com.UCMobile.main.UCMobile,performCreate,155]
12-14 18:46:31.896 11834 11834 I wm_on_create_called: [0,87510177,com.uc.browser.InnerUCMobile,performCreate,25]
12-14 18:46:31.899 11834 11834 I wm_on_start_called: [0,87510177,com.uc.browser.InnerUCMobile,handleStartActivity,3]
12-14 18:46:31.905 11834 11834 I wm_on_resume_called: [0,87510177,com.uc.browser.InnerUCMobile,RESUME_ACTIVITY,4]
12-14 18:46:31.949 11834 11834 I wm_on_top_resumed_gained_called: [87510177,com.uc.browser.InnerUCMobile,topStateChangedWhenResumed]
12-14 18:46:32.005  3140  3674 I com.miui.home: CheckGCForNative adj_start_bytes: 34975189 NativeAllocationGcWatermark: 10768123 java_gc_start_bytes: 18823005 kNewNativeDiscountFactor: 2 kOldNativeDiscountFactor: 65536 old_native_bytes: 140964109 new_native_bytes: 13390868 add_bytes_allowed: 32304369 is_gc_concurrent: 1 target_footprint_: 19036125 GetBytesAllocated: 12686096 HeapGrowthMultiplier: 3
12-14 18:46:32.005  3140  3674 I com.miui.home: CheckGCForNative gc_urgency 0.554212 current_native_bytes is 154354977
12-14 18:46:32.019  3140  3674 I com.miui.home: CheckGCForNative adj_start_bytes: 34975189 NativeAllocationGcWatermark: 10768123 java_gc_start_bytes: 18823005 kNewNativeDiscountFactor: 2 kOldNativeDiscountFactor: 65536 old_native_bytes: 140964109 new_native_bytes: 13471080 add_bytes_allowed: 32304369 is_gc_concurrent: 1 target_footprint_: 19036125 GetBytesAllocated: 12817168 HeapGrowthMultiplier: 3
12-14 18:46:32.019  3140  3674 I com.miui.home: CheckGCForNative gc_urgency 0.559107 current_native_bytes is 154435189
12-14 18:46:32.372  3140  3140 I wm_on_stop_called: [0,142144482,com.miui.home.launcher.Launcher,STOP_ACTIVITY_ITEM,3]
12-14 18:46:32.373  3140  3140 I com.miui.home: CheckGCForNative adj_start_bytes: 34975189 NativeAllocationGcWatermark: 10768123 java_gc_start_bytes: 18823005 kNewNativeDiscountFactor: 2 kOldNativeDiscountFactor: 65536 old_native_bytes: 140964109 new_native_bytes: 13693224 add_bytes_allowed: 32304369 is_gc_concurrent: 1 target_footprint_: 19036125 GetBytesAllocated: 13071440 HeapGrowthMultiplier: 3
12-14 18:46:32.373  3140  3140 I com.miui.home: CheckGCForNative gc_urgency 0.569552 current_native_bytes is 154657333
12-14 18:46:32.616 11834 11834 I wm_on_destroy_called: [0,8336107,com.UCMobile.main.UCMobile,performDestroy,0]
12-14 18:46:32.666  3140  3140 I wm_on_restart_called: [0,142144482,com.miui.home.launcher.Launcher,performRestartActivity,0]
12-14 18:46:32.667  3140  3140 I wm_on_start_called: [0,142144482,com.miui.home.launcher.Launcher,handleStartActivity,0]
12-14 18:46:32.723  3140  8231 I com.miui.home: CheckGCForNative adj_start_bytes: 34975189 NativeAllocationGcWatermark: 10768123 java_gc_start_bytes: 18823005 kNewNativeDiscountFactor: 2 kOldNativeDiscountFactor: 65536 old_native_bytes: 140964109 new_native_bytes: 24386680 add_bytes_allowed: 32304369 is_gc_concurrent: 1 target_footprint_: 19036125 GetBytesAllocated: 13678016 HeapGrowthMultiplier: 3
12-14 18:46:32.723  3140  8231 I com.miui.home: CheckGCForNative gc_urgency 0.739767 current_native_bytes is 165350789
12-14 18:46:32.724  3140  8231 I com.miui.home: CheckGCForNative adj_start_bytes: 34975189 NativeAllocationGcWatermark: 10768123 java_gc_start_bytes: 18823005 kNewNativeDiscountFactor: 2 kOldNativeDiscountFactor: 65536 old_native_bytes: 140964109 new_native_bytes: 35093240 add_bytes_allowed: 32304369 is_gc_concurrent: 1 target_footprint_: 19036125 GetBytesAllocated: 13694592 HeapGrowthMultiplier: 3
12-14 18:46:32.724  3140  8231 I com.miui.home: CheckGCForNative gc_urgency 0.893301 current_native_bytes is 176057349
12-14 18:46:32.795  3140  8231 I com.miui.home: CheckGCForNative adj_start_bytes: 34975189 NativeAllocationGcWatermark: 10768123 java_gc_start_bytes: 18823005 kNewNativeDiscountFactor: 2 kOldNativeDiscountFactor: 65536 old_native_bytes: 140964109 new_native_bytes: 35150064 add_bytes_allowed: 32304369 is_gc_concurrent: 1 target_footprint_: 19036125 GetBytesAllocated: 13924064 HeapGrowthMultiplier: 3
12-14 18:46:32.795  3140  8231 I com.miui.home: CheckGCForNative gc_urgency 0.900674 current_native_bytes is 176114173
12-14 18:46:33.038  3140  3274 I com.miui.home: CheckGCForNative adj_start_bytes: 34975189 NativeAllocationGcWatermark: 10768123 java_gc_start_bytes: 18823005 kNewNativeDiscountFactor: 2 kOldNativeDiscountFactor: 65536 old_native_bytes: 140964109 new_native_bytes: 24423056 add_bytes_allowed: 32304369 is_gc_concurrent: 1 target_footprint_: 19036125 GetBytesAllocated: 14055328 HeapGrowthMultiplier: 3
12-14 18:46:33.038  3140  3274 I com.miui.home: CheckGCForNative gc_urgency 0.751076 current_native_bytes is 165387165
12-14 18:46:33.262  3140  3140 I wm_on_resume_called: [0,142144482,com.miui.home.launcher.Launcher,RESUME_ACTIVITY,2]
12-14 18:46:33.262  3140  3140 I wm_on_idle_called: com.miui.home.launcher.Launcher
12-14 18:46:33.360  3140  9680 I com.miui.home: CheckGCForNative adj_start_bytes: 34975189 NativeAllocationGcWatermark: 10768123 java_gc_start_bytes: 18823005 kNewNativeDiscountFactor: 2 kOldNativeDiscountFactor: 65536 old_native_bytes: 140964109 new_native_bytes: 24456208 add_bytes_allowed: 32304369 is_gc_concurrent: 1 target_footprint_: 19036125 GetBytesAllocated: 15006768 HeapGrowthMultiplier: 3
12-14 18:46:33.360  3140  9680 I com.miui.home: CheckGCForNative gc_urgency 0.778753 current_native_bytes is 165420317
12-14 18:46:33.546  3140  9680 I com.miui.home: CheckGCForNative adj_start_bytes: 34975189 NativeAllocationGcWatermark: 10768123 java_gc_start_bytes: 18823005 kNewNativeDiscountFactor: 2 kOldNativeDiscountFactor: 65536 old_native_bytes: 140964109 new_native_bytes: 24563980 add_bytes_allowed: 32304369 is_gc_concurrent: 1 target_footprint_: 19036125 GetBytesAllocated: 15186992 HeapGrowthMultiplier: 3
12-14 18:46:33.546  3140  9680 I com.miui.home: CheckGCForNative gc_urgency 0.785446 current_native_bytes is 165528089
12-14 18:46:33.631  3140  3140 I wm_on_paused_called: [0,142144482,com.miui.home.launcher.Launcher,performPause,1]
12-14 18:46:33.847  3140  3674 I com.miui.home: CheckGCForNative adj_start_bytes: 34975189 NativeAllocationGcWatermark: 10768123 java_gc_start_bytes: 18823005 kNewNativeDiscountFactor: 2 kOldNativeDiscountFactor: 65536 old_native_bytes: 140964109 new_native_bytes: 24742532 add_bytes_allowed: 32304369 is_gc_concurrent: 1 target_footprint_: 19036125 GetBytesAllocated: 15613584 HeapGrowthMultiplier: 3
12-14 18:46:33.847  3140  3674 I com.miui.home: CheckGCForNative gc_urgency 0.800196 current_native_bytes is 165706641
12-14 18:46:34.040  3140  3274 I com.miui.home: CheckGCForNative adj_start_bytes: 34975189 NativeAllocationGcWatermark: 10768123 java_gc_start_bytes: 18823005 kNewNativeDiscountFactor: 2 kOldNativeDiscountFactor: 65536 old_native_bytes: 140964109 new_native_bytes: 24898128 add_bytes_allowed: 32304369 is_gc_concurrent: 1 target_footprint_: 19036125 GetBytesAllocated: 15998864 HeapGrowthMultiplier: 3
12-14 18:46:34.040  3140  3274 I com.miui.home: CheckGCForNative gc_urgency 0.813436 current_native_bytes is 165862237
12-14 18:46:34.140  3140  3674 I com.miui.home: CheckGCForNative adj_start_bytes: 34975189 NativeAllocationGcWatermark: 10768123 java_gc_start_bytes: 18823005 kNewNativeDiscountFactor: 2 kOldNativeDiscountFactor: 65536 old_native_bytes: 140964109 new_native_bytes: 24996240 add_bytes_allowed: 32304369 is_gc_concurrent: 1 target_footprint_: 19036125 GetBytesAllocated: 16359696 HeapGrowthMultiplier: 3
12-14 18:46:34.141  3140  3674 I com.miui.home: CheckGCForNative gc_urgency 0.825155 current_native_bytes is 165960349
12-14 18:46:34.161  3140  3674 I com.miui.home: CheckGCForNative adj_start_bytes: 34975189 NativeAllocationGcWatermark: 10768123 java_gc_start_bytes: 18823005 kNewNativeDiscountFactor: 2 kOldNativeDiscountFactor: 65536 old_native_bytes: 140964109 new_native_bytes: 35776932 add_bytes_allowed: 32304369 is_gc_concurrent: 1 target_footprint_: 19036125 GetBytesAllocated: 16441712 HeapGrowthMultiplier: 3
12-14 18:46:34.161  3140  3674 I com.miui.home: CheckGCForNative gc_urgency 0.98162 current_native_bytes is 176741041
12-14 18:46:34.617 12257 12257 I wm_on_application_create_called: [0,com.UCMobile,247]
12-14 18:46:35.277  3140  8231 I com.miui.home: CheckGCForNative adj_start_bytes: 34975189 NativeAllocationGcWatermark: 10768123 java_gc_start_bytes: 18823005 kNewNativeDiscountFactor: 2 kOldNativeDiscountFactor: 65536 old_native_bytes: 140964109 new_native_bytes: 35842808 add_bytes_allowed: 32304369 is_gc_concurrent: 1 target_footprint_: 19036125 GetBytesAllocated: 16999376 HeapGrowthMultiplier: 3
12-14 18:46:35.277  3140  8231 I com.miui.home: CheckGCForNative gc_urgency 0.998506 current_native_bytes is 176806917
12-14 18:46:35.278  3140  8231 I com.miui.home: CheckGCForNative adj_start_bytes: 34975189 NativeAllocationGcWatermark: 10768123 java_gc_start_bytes: 18823005 kNewNativeDiscountFactor: 2 kOldNativeDiscountFactor: 65536 old_native_bytes: 140964109 new_native_bytes: 46548728 add_bytes_allowed: 32304369 is_gc_concurrent: 1 target_footprint_: 19036125 GetBytesAllocated: 17015952 HeapGrowthMultiplier: 3
12-14 18:46:35.278  3140  8231 I com.miui.home: CheckGCForNative gc_urgency 1.15203 current_native_bytes is 187512837
12-14 18:46:35.278  3140  8231 I com.miui.home: CheckGCForNative requested 1
12-14 18:46:35.282  3140  3274 I com.miui.home: CheckGCForNative adj_start_bytes: 34975189 NativeAllocationGcWatermark: 10768123 java_gc_start_bytes: 18823005 kNewNativeDiscountFactor: 2 kOldNativeDiscountFactor: 65536 old_native_bytes: 140964109 new_native_bytes: 35843832 add_bytes_allowed: 32304369 is_gc_concurrent: 1 target_footprint_: 19036125 GetBytesAllocated: 17015952 HeapGrowthMultiplier: 3
12-14 18:46:35.282  3140  3274 I com.miui.home: CheckGCForNative gc_urgency 0.998994 current_native_bytes is 176807941
12-14 18:46:35.314  3140  8231 I com.miui.home: CheckGCForNative adj_start_bytes: 34975189 NativeAllocationGcWatermark: 10768123 java_gc_start_bytes: 18823005 kNewNativeDiscountFactor: 2 kOldNativeDiscountFactor: 65536 old_native_bytes: 140964109 new_native_bytes: 46553272 add_bytes_allowed: 32304369 is_gc_concurrent: 1 target_footprint_: 19036125 GetBytesAllocated: 17048720 HeapGrowthMultiplier: 3
12-14 18:46:35.314  3140  8231 I com.miui.home: CheckGCForNative gc_urgency 1.15303 current_native_bytes is 187517381
12-14 18:46:35.314  3140  8231 I com.miui.home: CheckGCForNative requested 1
12-14 18:46:35.494  3140  3274 I com.miui.home: CheckGCForNative adj_start_bytes: 34975189 NativeAllocationGcWatermark: 10768123 java_gc_start_bytes: 18823005 kNewNativeDiscountFactor: 2 kOldNativeDiscountFactor: 65536 old_native_bytes: 140964109 new_native_bytes: 35819136 add_bytes_allowed: 32304369 is_gc_concurrent: 1 target_footprint_: 19036125 GetBytesAllocated: 17196368 HeapGrowthMultiplier: 3
12-14 18:46:35.494  3140  3274 I com.miui.home: CheckGCForNative gc_urgency 1.0038 current_native_bytes is 176783245
12-14 18:46:35.494  3140  3274 I com.miui.home: CheckGCForNative requested 1
12-14 18:46:35.503  3140  3184 I com.miui.home: NativeAlloc concurrent copying GC freed 123963(6702KB) AllocSpace objects, 22(672KB) LOS objects, 49% free, 9418KB/18MB, paused 264us,82us total 224.119ms
12-14 18:46:35.553 12225 12225 I wm_on_application_create_called: [0,com.dragon.read,1190]
12-14 18:46:35.782  3140  3140 I wm_on_resume_called: [0,142144482,com.miui.home.launcher.Launcher,RESUME_ACTIVITY,7]
12-14 18:46:35.782  3140  3140 I wm_on_idle_called: com.miui.home.launcher.Launcher
12-14 18:46:35.930 12225 12225 I wm_on_create_called: [0,14784509,com.dragon.read.pages.splash.SplashActivity,performCreate,263]
12-14 18:46:35.972  3140  3674 I com.miui.home: CheckGCForNative gc_urgency 0 current_native_bytes is 146714329
12-14 18:46:35.984  3140  3140 I com.miui.home: CheckGCForNative adj_start_bytes: 35308531 NativeAllocationGcWatermark: 10799769 java_gc_start_bytes: 19108878 kNewNativeDiscountFactor: 2 kOldNativeDiscountFactor: 65536 old_native_bytes: 146714329 new_native_bytes: 1377760 add_bytes_allowed: 32399307 is_gc_concurrent: 1 target_footprint_: 19289294 GetBytesAllocated: 11161992 HeapGrowthMultiplier: 3
12-14 18:46:35.984  3140  3140 I com.miui.home: CheckGCForNative gc_urgency 0.335701 current_native_bytes is 148092089
12-14 18:46:35.995  3140  3674 I com.miui.home: CheckGCForNative adj_start_bytes: 35308531 NativeAllocationGcWatermark: 10799769 java_gc_start_bytes: 19108878 kNewNativeDiscountFactor: 2 kOldNativeDiscountFactor: 65536 old_native_bytes: 146714329 new_native_bytes: 526612 add_bytes_allowed: 32399307 is_gc_concurrent: 1 target_footprint_: 19289294 GetBytesAllocated: 11260296 HeapGrowthMultiplier: 3
12-14 18:46:35.995  3140  3674 I com.miui.home: CheckGCForNative gc_urgency 0.326432 current_native_bytes is 147240941
12-14 18:46:36.014  3140  3674 I com.miui.home: CheckGCForNative adj_start_bytes: 35308531 NativeAllocationGcWatermark: 10799769 java_gc_start_bytes: 19108878 kNewNativeDiscountFactor: 2 kOldNativeDiscountFactor: 65536 old_native_bytes: 146714329 new_native_bytes: 1078992 add_bytes_allowed: 32399307 is_gc_concurrent: 1 target_footprint_: 19289294 GetBytesAllocated: 11456968 HeapGrowthMultiplier: 3
12-14 18:46:36.014  3140  3674 I com.miui.home: CheckGCForNative gc_urgency 0.339824 current_native_bytes is 147793321
12-14 18:46:36.038  3140  3140 I wm_on_paused_called: [0,142144482,com.miui.home.launcher.Launcher,performPause,1]
12-14 18:46:36.081  3140  3674 I com.miui.home: CheckGCForNative adj_start_bytes: 35308531 NativeAllocationGcWatermark: 10799769 java_gc_start_bytes: 19108878 kNewNativeDiscountFactor: 2 kOldNativeDiscountFactor: 65536 old_native_bytes: 146714329 new_native_bytes: 12213032 add_bytes_allowed: 32399307 is_gc_concurrent: 1 target_footprint_: 19289294 GetBytesAllocated: 11653704 HeapGrowthMultiplier: 3
12-14 18:46:36.081  3140  3674 I com.miui.home: CheckGCForNative gc_urgency 0.503064 current_native_bytes is 158927361
12-14 18:46:36.176  3140  3674 I com.miui.home: CheckGCForNative adj_start_bytes: 35308531 NativeAllocationGcWatermark: 10799769 java_gc_start_bytes: 19108878 kNewNativeDiscountFactor: 2 kOldNativeDiscountFactor: 65536 old_native_bytes: 146714329 new_native_bytes: 1879288 add_bytes_allowed: 32399307 is_gc_concurrent: 1 target_footprint_: 19289294 GetBytesAllocated: 12170632 HeapGrowthMultiplier: 3
12-14 18:46:36.176  3140  3674 I com.miui.home: CheckGCForNative gc_urgency 0.37137 current_native_bytes is 148593617
12-14 18:46:36.256 12225 12225 I wm_on_start_called: [0,14784509,com.dragon.read.pages.splash.SplashActivity,handleStartActivity,315]
12-14 18:46:36.285  3140  3674 I com.miui.home: CheckGCForNative adj_start_bytes: 35308531 NativeAllocationGcWatermark: 10799769 java_gc_start_bytes: 19108878 kNewNativeDiscountFactor: 2 kOldNativeDiscountFactor: 65536 old_native_bytes: 146714329 new_native_bytes: 2146300 add_bytes_allowed: 32399307 is_gc_concurrent: 1 target_footprint_: 19289294 GetBytesAllocated: 12646440 HeapGrowthMultiplier: 3
12-14 18:46:36.285  3140  3674 I com.miui.home: CheckGCForNative gc_urgency 0.388626 current_native_bytes is 148860629
12-14 18:46:36.307  3140  3274 I com.miui.home: CheckGCForNative adj_start_bytes: 35308531 NativeAllocationGcWatermark: 10799769 java_gc_start_bytes: 19108878 kNewNativeDiscountFactor: 2 kOldNativeDiscountFactor: 65536 old_native_bytes: 146714329 new_native_bytes: 2147900 add_bytes_allowed: 32399307 is_gc_concurrent: 1 target_footprint_: 19289294 GetBytesAllocated: 12662824 HeapGrowthMultiplier: 3
12-14 18:46:36.307  3140  3274 I com.miui.home: CheckGCForNative gc_urgency 0.389113 current_native_bytes is 148862229
12-14 18:46:36.340  3140  3674 I com.miui.home: CheckGCForNative adj_start_bytes: 35308531 NativeAllocationGcWatermark: 10799769 java_gc_start_bytes: 19108878 kNewNativeDiscountFactor: 2 kOldNativeDiscountFactor: 65536 old_native_bytes: 146714329 new_native_bytes: 2255024 add_bytes_allowed: 32399307 is_gc_concurrent: 1 target_footprint_: 19289294 GetBytesAllocated: 12843048 HeapGrowthMultiplier: 3
12-14 18:46:36.340  3140  3674 I com.miui.home: CheckGCForNative gc_urgency 0.395734 current_native_bytes is 148969353
12-14 18:46:36.798 12717 12717 I wm_on_application_create_called: [0,com.youku.phone,203]
12-14 18:46:36.968 12717 12717 I wm_on_create_called: [0,173948332,com.youku.phone.ActivityWelcome,performCreate,159]
12-14 18:46:37.112 12717 12717 I wm_on_create_called: [0,159557072,com.youku.v2.HomePageEntry,performCreate,68]
12-14 18:46:37.152  3140  3674 I com.miui.home: CheckGCForNative adj_start_bytes: 35308531 NativeAllocationGcWatermark: 10799769 java_gc_start_bytes: 19108878 kNewNativeDiscountFactor: 2 kOldNativeDiscountFactor: 65536 old_native_bytes: 146714329 new_native_bytes: 2462096 add_bytes_allowed: 32399307 is_gc_concurrent: 1 target_footprint_: 19289294 GetBytesAllocated: 13302664 HeapGrowthMultiplier: 3
12-14 18:46:37.152  3140  3674 I com.miui.home: CheckGCForNative gc_urgency 0.411684 current_native_bytes is 149176425
12-14 18:46:37.180 12717 12717 I wm_on_start_called: [0,159557072,com.youku.v2.HomePageEntry,handleStartActivity,68]
12-14 18:46:37.211 12717 12717 I wm_on_resume_called: [0,159557072,com.youku.v2.HomePageEntry,RESUME_ACTIVITY,29]
12-14 18:46:37.212  3140  3674 I com.miui.home: CheckGCForNative adj_start_bytes: 35308531 NativeAllocationGcWatermark: 10799769 java_gc_start_bytes: 19108878 kNewNativeDiscountFactor: 2 kOldNativeDiscountFactor: 65536 old_native_bytes: 146714329 new_native_bytes: 2581828 add_bytes_allowed: 32399307 is_gc_concurrent: 1 target_footprint_: 19289294 GetBytesAllocated: 13696776 HeapGrowthMultiplier: 3
12-14 18:46:37.212  3140  3674 I com.miui.home: CheckGCForNative gc_urgency 0.424541 current_native_bytes is 149296157
12-14 18:46:37.221 12717 12717 I wm_on_top_resumed_gained_called: [159557072,com.youku.v2.HomePageEntry,topStateChangedWhenResumed]
12-14 18:46:37.975  3140  3558 I com.miui.home: CheckGCForNative adj_start_bytes: 35308531 NativeAllocationGcWatermark: 10799769 java_gc_start_bytes: 19108878 kNewNativeDiscountFactor: 2 kOldNativeDiscountFactor: 65536 old_native_bytes: 146714329 new_native_bytes: 13534844 add_bytes_allowed: 32399307 is_gc_concurrent: 1 target_footprint_: 19289294 GetBytesAllocated: 14615000 HeapGrowthMultiplier: 3
12-14 18:46:37.976  3140  3558 I com.miui.home: CheckGCForNative gc_urgency 0.605651 current_native_bytes is 160249173
12-14 18:46:37.976  3140  3558 I com.miui.home: CheckGCForNative adj_start_bytes: 35308531 NativeAllocationGcWatermark: 10799769 java_gc_start_bytes: 19108878 kNewNativeDiscountFactor: 2 kOldNativeDiscountFactor: 65536 old_native_bytes: 146714329 new_native_bytes: 24241404 add_bytes_allowed: 32399307 is_gc_concurrent: 1 target_footprint_: 19289294 GetBytesAllocated: 14631576 HeapGrowthMultiplier: 3
12-14 18:46:37.976  3140  3558 I com.miui.home: CheckGCForNative gc_urgency 0.757735 current_native_bytes is 170955733
12-14 18:46:37.996  3140  3558 I com.miui.home: CheckGCForNative adj_start_bytes: 35308531 NativeAllocationGcWatermark: 10799769 java_gc_start_bytes: 19108878 kNewNativeDiscountFactor: 2 kOldNativeDiscountFactor: 65536 old_native_bytes: 146714329 new_native_bytes: 24244028 add_bytes_allowed: 32399307 is_gc_concurrent: 1 target_footprint_: 19289294 GetBytesAllocated: 14664344 HeapGrowthMultiplier: 3
12-14 18:46:37.996  3140  3558 I com.miui.home: CheckGCForNative gc_urgency 0.7587 current_native_bytes is 170958357
12-14 18:46:38.069  3140  3274 I com.miui.home: CheckGCForNative adj_start_bytes: 35308531 NativeAllocationGcWatermark: 10799769 java_gc_start_bytes: 19108878 kNewNativeDiscountFactor: 2 kOldNativeDiscountFactor: 65536 old_native_bytes: 146714329 new_native_bytes: 13549708 add_bytes_allowed: 32399307 is_gc_concurrent: 1 target_footprint_: 19289294 GetBytesAllocated: 14697304 HeapGrowthMultiplier: 3
12-14 18:46:38.070  3140  3274 I com.miui.home: CheckGCForNative gc_urgency 0.608193 current_native_bytes is 160264037
12-14 18:46:38.404  3140  3274 I com.miui.home: CheckGCForNative adj_start_bytes: 35308531 NativeAllocationGcWatermark: 10799769 java_gc_start_bytes: 19108878 kNewNativeDiscountFactor: 2 kOldNativeDiscountFactor: 65536 old_native_bytes: 146714329 new_native_bytes: 13612684 add_bytes_allowed: 32399307 is_gc_concurrent: 1 target_footprint_: 19289294 GetBytesAllocated: 14877528 HeapGrowthMultiplier: 3
12-14 18:46:38.404  3140  3274 I com.miui.home: CheckGCForNative gc_urgency 0.614189 current_native_bytes is 160327013
12-14 18:46:38.415  3140  3274 I com.miui.home: CheckGCForNative adj_start_bytes: 35308531 NativeAllocationGcWatermark: 10799769 java_gc_start_bytes: 19108878 kNewNativeDiscountFactor: 2 kOldNativeDiscountFactor: 65536 old_native_bytes: 146714329 new_native_bytes: 13612876 add_bytes_allowed: 32399307 is_gc_concurrent: 1 target_footprint_: 19289294 GetBytesAllocated: 14877528 HeapGrowthMultiplier: 3
12-14 18:46:38.415  3140  3274 I com.miui.home: CheckGCForNative gc_urgency 0.614192 current_native_bytes is 160327205
12-14 18:46:38.526  3140  3140 I wm_on_resume_called: [0,142144482,com.miui.home.launcher.Launcher,RESUME_ACTIVITY,11]
12-14 18:46:38.527  3140  3140 I wm_on_idle_called: com.miui.home.launcher.Launcher
12-14 18:46:38.704  3140  3140 I wm_on_paused_called: [0,142144482,com.miui.home.launcher.Launcher,performPause,1]
12-14 18:46:38.894  3140  3274 I com.miui.home: CheckGCForNative adj_start_bytes: 35308531 NativeAllocationGcWatermark: 10799769 java_gc_start_bytes: 19108878 kNewNativeDiscountFactor: 2 kOldNativeDiscountFactor: 65536 old_native_bytes: 146714329 new_native_bytes: 14183648 add_bytes_allowed: 32399307 is_gc_concurrent: 1 target_footprint_: 19289294 GetBytesAllocated: 16681528 HeapGrowthMultiplier: 3
12-14 18:46:38.894  3140  3274 I com.miui.home: CheckGCForNative gc_urgency 0.673367 current_native_bytes is 160897977
12-14 18:46:39.005  3140  3274 I com.miui.home: CheckGCForNative adj_start_bytes: 35308531 NativeAllocationGcWatermark: 10799769 java_gc_start_bytes: 19108878 kNewNativeDiscountFactor: 2 kOldNativeDiscountFactor: 65536 old_native_bytes: 146714329 new_native_bytes: 14339028 add_bytes_allowed: 32399307 is_gc_concurrent: 1 target_footprint_: 19289294 GetBytesAllocated: 16927288 HeapGrowthMultiplier: 3
12-14 18:46:39.005  3140  3274 I com.miui.home: CheckGCForNative gc_urgency 0.682527 current_native_bytes is 161053357
12-14 18:46:39.014  3140  3674 I com.miui.home: CheckGCForNative adj_start_bytes: 35308531 NativeAllocationGcWatermark: 10799769 java_gc_start_bytes: 19108878 kNewNativeDiscountFactor: 2 kOldNativeDiscountFactor: 65536 old_native_bytes: 146714329 new_native_bytes: 25045524 add_bytes_allowed: 32399307 is_gc_concurrent: 1 target_footprint_: 19289294 GetBytesAllocated: 16927288 HeapGrowthMultiplier: 3
12-14 18:46:39.014  3140  3674 I com.miui.home: CheckGCForNative gc_urgency 0.834141 current_native_bytes is 171759853
12-14 18:46:39.110  3140  3674 I com.miui.home: CheckGCForNative adj_start_bytes: 35308531 NativeAllocationGcWatermark: 10799769 java_gc_start_bytes: 19108878 kNewNativeDiscountFactor: 2 kOldNativeDiscountFactor: 65536 old_native_bytes: 146714329 new_native_bytes: 14329748 add_bytes_allowed: 32399307 is_gc_concurrent: 1 target_footprint_: 19289294 GetBytesAllocated: 17304920 HeapGrowthMultiplier: 3
12-14 18:46:39.110  3140  3674 I com.miui.home: CheckGCForNative gc_urgency 0.693091 current_native_bytes is 161044077
12-14 18:46:39.676 13143 13143 I wm_on_create_called: [0,77267732,com.ucpro.MainActivity,performCreate,67]
12-14 18:46:39.955  3140  3674 I com.miui.home: CheckGCForNative adj_start_bytes: 35308531 NativeAllocationGcWatermark: 10799769 java_gc_start_bytes: 19108878 kNewNativeDiscountFactor: 2 kOldNativeDiscountFactor: 65536 old_native_bytes: 146714329 new_native_bytes: 14921288 add_bytes_allowed: 32399307 is_gc_concurrent: 1 target_footprint_: 19289294 GetBytesAllocated: 17780920 HeapGrowthMultiplier: 3
12-14 18:46:39.955  3140  3674 I com.miui.home: CheckGCForNative gc_urgency 0.714949 current_native_bytes is 161635617
12-14 18:46:40.586  3140  3710 I com.miui.home: CheckGCForNative adj_start_bytes: 35308531 NativeAllocationGcWatermark: 10799769 java_gc_start_bytes: 19108878 kNewNativeDiscountFactor: 2 kOldNativeDiscountFactor: 65536 old_native_bytes: 146714329 new_native_bytes: 25813968 add_bytes_allowed: 32399307 is_gc_concurrent: 1 target_footprint_: 19289294 GetBytesAllocated: 18518616 HeapGrowthMultiplier: 3
12-14 18:46:40.586  3140  3710 I com.miui.home: CheckGCForNative gc_urgency 0.890092 current_native_bytes is 172528297
12-14 18:46:40.587  3140  3710 I com.miui.home: CheckGCForNative adj_start_bytes: 35308531 NativeAllocationGcWatermark: 10799769 java_gc_start_bytes: 19108878 kNewNativeDiscountFactor: 2 kOldNativeDiscountFactor: 65536 old_native_bytes: 146714329 new_native_bytes: 41515088 add_bytes_allowed: 32399307 is_gc_concurrent: 1 target_footprint_: 19289294 GetBytesAllocated: 18518808 HeapGrowthMultiplier: 3
12-14 18:46:40.587  3140  3710 I com.miui.home: CheckGCForNative gc_urgency 1.11244 current_native_bytes is 188229417
12-14 18:46:40.587  3140  3710 I com.miui.home: CheckGCForNative requested 1
