12-15 10:56:56.529  3179  3679 I com.miui.home: CheckGCForNative adj_start_bytes: 35789898 NativeAllocationGcWatermark: 10845245 java_gc_start_bytes: 19522031 kNewNativeDiscountFactor: 2 kOldNativeDiscountFactor: 65536 old_native_bytes: 169601025 new_native_bytes: 11895380 add_bytes_allowed: 32535735 is_gc_concurrent: 1 target_footprint_: 19653103 GetBytesAllocated: 12779320 HeapGrowthMultiplier: 3
12-15 10:56:56.529  3179  3679 I com.miui.home: CheckGCForNative gc_urgency 0.523321 current_native_bytes is 181496405
12-15 10:56:56.558  9286  9286 I wm_on_top_resumed_lost_called: [120458789,com.tencent.mm.plugin.account.ui.WelcomeActivity,topStateChangedWhenResumed]
12-15 10:56:56.566  3179  3179 I wm_on_resume_called: [0,231357510,com.miui.home.launcher.Launcher,RESUME_ACTIVITY,3]
12-15 10:56:56.593  3179  3679 I com.miui.home: CheckGCForNative adj_start_bytes: 35789898 NativeAllocationGcWatermark: 10845245 java_gc_start_bytes: 19522031 kNewNativeDiscountFactor: 2 kOldNativeDiscountFactor: 65536 old_native_bytes: 169601025 new_native_bytes: 12316232 add_bytes_allowed: 32535735 is_gc_concurrent: 1 target_footprint_: 19653103 GetBytesAllocated: 13746712 HeapGrowthMultiplier: 3
12-15 10:56:56.594  9286  9286 I wm_on_paused_called: [0,120458789,com.tencent.mm.plugin.account.ui.WelcomeActivity,performPause,5]
12-15 10:56:56.598  3179  3679 I com.miui.home: CheckGCForNative gc_urgency 0.556231 current_native_bytes is 181917257
12-15 10:56:56.630  3179  3179 I wm_on_top_resumed_gained_called: [231357510,com.miui.home.launcher.Launcher,topStateChangedWhenResumed]
12-15 10:56:56.630  3179  3179 I wm_on_idle_called: com.miui.home.launcher.Launcher
12-15 10:56:56.712  9286  9286 I wm_on_stop_called: [0,120458789,com.tencent.mm.plugin.account.ui.WelcomeActivity,STOP_ACTIVITY_ITEM,5]
12-15 10:56:56.725  9286  9286 I wm_on_stop_called: [0,237962554,com.tencent.mm.ui.LauncherUI,STOP_ACTIVITY_ITEM,8]
12-15 10:56:56.734  9286  9286 I wm_on_stop_called: [0,250094089,com.tencent.mm.app.WeChatSplashActivity,LIFECYCLER_STOP_ACTIVITY,5]
12-15 10:56:56.745  9286  9286 I wm_on_destroy_called: [0,250094089,com.tencent.mm.app.WeChatSplashActivity,performDestroy,10]
12-15 10:56:56.767  3179  3679 I com.miui.home: CheckGCForNative adj_start_bytes: 35789898 NativeAllocationGcWatermark: 10845245 java_gc_start_bytes: 19522031 kNewNativeDiscountFactor: 2 kOldNativeDiscountFactor: 65536 old_native_bytes: 169601025 new_native_bytes: 12454828 add_bytes_allowed: 32535735 is_gc_concurrent: 1 target_footprint_: 19653103 GetBytesAllocated: 14156904 HeapGrowthMultiplier: 3
12-15 10:56:56.767  3179  3679 I com.miui.home: CheckGCForNative gc_urgency 0.569627 current_native_bytes is 182055853
12-15 10:56:56.790  3179  3679 I com.miui.home: CheckGCForNative adj_start_bytes: 35789898 NativeAllocationGcWatermark: 10845245 java_gc_start_bytes: 19522031 kNewNativeDiscountFactor: 2 kOldNativeDiscountFactor: 65536 old_native_bytes: 169601025 new_native_bytes: 23255340 add_bytes_allowed: 32535735 is_gc_concurrent: 1 target_footprint_: 19653103 GetBytesAllocated: 14222472 HeapGrowthMultiplier: 3
12-15 10:56:56.790  3179  3679 I com.miui.home: CheckGCForNative gc_urgency 0.722347 current_native_bytes is 192856365
12-15 10:56:56.812  9286  9286 I wm_on_idle_called: com.tencent.mm.plugin.account.ui.WelcomeActivity
12-15 10:56:56.812  9286  9286 I wm_on_idle_called: com.tencent.mm.ui.LauncherUI
12-15 10:56:56.829  3179  3679 I com.miui.home: CheckGCForNative adj_start_bytes: 35789898 NativeAllocationGcWatermark: 10845245 java_gc_start_bytes: 19522031 kNewNativeDiscountFactor: 2 kOldNativeDiscountFactor: 65536 old_native_bytes: 169601025 new_native_bytes: 12746764 add_bytes_allowed: 32535735 is_gc_concurrent: 1 target_footprint_: 19653103 GetBytesAllocated: 14518040 HeapGrowthMultiplier: 3
12-15 10:56:56.830  3179  3679 I com.miui.home: CheckGCForNative gc_urgency 0.583796 current_native_bytes is 182347789
12-15 10:56:57.128  3179  3179 I wm_on_top_resumed_lost_called: [231357510,com.miui.home.launcher.Launcher,topStateChangedWhenResumed]
12-15 10:56:57.131  3179  3179 I wm_on_paused_called: [0,231357510,com.miui.home.launcher.Launcher,performPause,0]
12-15 10:56:57.135  3179  3421 I com.miui.home: CheckGCForNative adj_start_bytes: 35789898 NativeAllocationGcWatermark: 10845245 java_gc_start_bytes: 19522031 kNewNativeDiscountFactor: 2 kOldNativeDiscountFactor: 65536 old_native_bytes: 169601025 new_native_bytes: 12909724 add_bytes_allowed: 32535735 is_gc_concurrent: 1 target_footprint_: 19653103 GetBytesAllocated: 14927672 HeapGrowthMultiplier: 3
12-15 10:56:57.139  3179  3421 I com.miui.home: CheckGCForNative gc_urgency 0.597518 current_native_bytes is 182510749
12-15 10:56:57.212  3179  3679 I com.miui.home: CheckGCForNative adj_start_bytes: 35789898 NativeAllocationGcWatermark: 10845245 java_gc_start_bytes: 19522031 kNewNativeDiscountFactor: 2 kOldNativeDiscountFactor: 65536 old_native_bytes: 169601025 new_native_bytes: 13250068 add_bytes_allowed: 32535735 is_gc_concurrent: 1 target_footprint_: 19653103 GetBytesAllocated: 15288632 HeapGrowthMultiplier: 3
12-15 10:56:57.213  3179  3679 I com.miui.home: CheckGCForNative gc_urgency 0.612359 current_native_bytes is 182851093
12-15 10:56:57.297  3179  3314 I com.miui.home: CheckGCForNative adj_start_bytes: 35789898 NativeAllocationGcWatermark: 10845245 java_gc_start_bytes: 19522031 kNewNativeDiscountFactor: 2 kOldNativeDiscountFactor: 65536 old_native_bytes: 169601025 new_native_bytes: 13502224 add_bytes_allowed: 32535735 is_gc_concurrent: 1 target_footprint_: 19653103 GetBytesAllocated: 15772216 HeapGrowthMultiplier: 3
12-15 10:56:57.297  3179  3314 I com.miui.home: CheckGCForNative gc_urgency 0.629851 current_native_bytes is 183103249
12-15 10:56:57.364  3179  3314 I com.miui.home: CheckGCForNative adj_start_bytes: 35789898 NativeAllocationGcWatermark: 10845245 java_gc_start_bytes: 19522031 kNewNativeDiscountFactor: 2 kOldNativeDiscountFactor: 65536 old_native_bytes: 169601025 new_native_bytes: 13563056 add_bytes_allowed: 32535735 is_gc_concurrent: 1 target_footprint_: 19653103 GetBytesAllocated: 16116600 HeapGrowthMultiplier: 3
12-15 10:56:57.364  3179  3314 I com.miui.home: CheckGCForNative gc_urgency 0.639865 current_native_bytes is 183164081
12-15 10:56:57.788 11160 11160 I wm_on_application_create_called: [0,com.kmxs.reader,313]
12-15 10:56:57.970 11160 11160 I wm_on_create_called: [0,173231730,com.km.app.home.view.LoadingActivity,performCreate,147]
12-15 10:56:57.974 11160 11160 I wm_on_start_called: [0,173231730,com.km.app.home.view.LoadingActivity,handleStartActivity,4]
12-15 10:56:57.995 11160 11160 I wm_on_resume_called: [0,173231730,com.km.app.home.view.LoadingActivity,RESUME_ACTIVITY,11]
12-15 10:56:58.055 11160 11160 I wm_on_top_resumed_gained_called: [173231730,com.km.app.home.view.LoadingActivity,topStateChangedWhenResumed]
12-15 10:56:58.285  3179  3215 I com.miui.home: CheckGCForNative adj_start_bytes: 35789898 NativeAllocationGcWatermark: 10845245 java_gc_start_bytes: 19522031 kNewNativeDiscountFactor: 2 kOldNativeDiscountFactor: 65536 old_native_bytes: 169601025 new_native_bytes: 24411400 add_bytes_allowed: 32535735 is_gc_concurrent: 1 target_footprint_: 19653103 GetBytesAllocated: 16920312 HeapGrowthMultiplier: 3
12-15 10:56:58.285  3179  3215 I com.miui.home: CheckGCForNative gc_urgency 0.813878 current_native_bytes is 194012425
12-15 10:56:58.285  3179  3215 I com.miui.home: CheckGCForNative adj_start_bytes: 35789898 NativeAllocationGcWatermark: 10845245 java_gc_start_bytes: 19522031 kNewNativeDiscountFactor: 2 kOldNativeDiscountFactor: 65536 old_native_bytes: 169601025 new_native_bytes: 35117960 add_bytes_allowed: 32535735 is_gc_concurrent: 1 target_footprint_: 19653103 GetBytesAllocated: 16936888 HeapGrowthMultiplier: 3
12-15 10:56:58.285  3179  3215 I com.miui.home: CheckGCForNative gc_urgency 0.963916 current_native_bytes is 204718985
12-15 10:56:58.308  3179  3215 I com.miui.home: CheckGCForNative adj_start_bytes: 35789898 NativeAllocationGcWatermark: 10845245 java_gc_start_bytes: 19522031 kNewNativeDiscountFactor: 2 kOldNativeDiscountFactor: 65536 old_native_bytes: 169601025 new_native_bytes: 35046664 add_bytes_allowed: 32535735 is_gc_concurrent: 1 target_footprint_: 19653103 GetBytesAllocated: 16953272 HeapGrowthMultiplier: 3
12-15 10:56:58.308  3179  3215 I com.miui.home: CheckGCForNative gc_urgency 0.963378 current_native_bytes is 204647689
12-15 10:56:58.397  3179  3314 I com.miui.home: CheckGCForNative adj_start_bytes: 35789898 NativeAllocationGcWatermark: 10845245 java_gc_start_bytes: 19522031 kNewNativeDiscountFactor: 2 kOldNativeDiscountFactor: 65536 old_native_bytes: 169601025 new_native_bytes: 24353224 add_bytes_allowed: 32535735 is_gc_concurrent: 1 target_footprint_: 19653103 GetBytesAllocated: 17068536 HeapGrowthMultiplier: 3
12-15 10:56:58.397  3179  3314 I com.miui.home: CheckGCForNative gc_urgency 0.817207 current_native_bytes is 193954249
12-15 10:56:58.630  3179  3314 I com.miui.home: CheckGCForNative adj_start_bytes: 35789898 NativeAllocationGcWatermark: 10845245 java_gc_start_bytes: 19522031 kNewNativeDiscountFactor: 2 kOldNativeDiscountFactor: 65536 old_native_bytes: 169601025 new_native_bytes: 24371720 add_bytes_allowed: 32535735 is_gc_concurrent: 1 target_footprint_: 19653103 GetBytesAllocated: 17166840 HeapGrowthMultiplier: 3
12-15 10:56:58.630  3179  3314 I com.miui.home: CheckGCForNative gc_urgency 0.820212 current_native_bytes is 193972745
12-15 10:56:58.752  3179  3314 I com.miui.home: CheckGCForNative adj_start_bytes: 35789898 NativeAllocationGcWatermark: 10845245 java_gc_start_bytes: 19522031 kNewNativeDiscountFactor: 2 kOldNativeDiscountFactor: 65536 old_native_bytes: 169601025 new_native_bytes: 24380488 add_bytes_allowed: 32535735 is_gc_concurrent: 1 target_footprint_: 19653103 GetBytesAllocated: 17215992 HeapGrowthMultiplier: 3
12-15 10:56:58.752  3179  3314 I com.miui.home: CheckGCForNative gc_urgency 0.821707 current_native_bytes is 193981513
12-15 10:56:58.824  3179  3179 I wm_on_resume_called: [0,231357510,com.miui.home.launcher.Launcher,RESUME_ACTIVITY,3]
12-15 10:56:58.825  3179  3179 I wm_on_idle_called: com.miui.home.launcher.Launcher
12-15 10:56:59.038  3179  3679 I com.miui.home: CheckGCForNative adj_start_bytes: 35789898 NativeAllocationGcWatermark: 10845245 java_gc_start_bytes: 19522031 kNewNativeDiscountFactor: 2 kOldNativeDiscountFactor: 65536 old_native_bytes: 169601025 new_native_bytes: 24710796 add_bytes_allowed: 32535735 is_gc_concurrent: 1 target_footprint_: 19653103 GetBytesAllocated: 18585496 HeapGrowthMultiplier: 3
12-15 10:56:59.038  3179  3679 I com.miui.home: CheckGCForNative gc_urgency 0.864587 current_native_bytes is 194311821
12-15 10:56:59.047  3179  3679 I com.miui.home: CheckGCForNative adj_start_bytes: 35789898 NativeAllocationGcWatermark: 10845245 java_gc_start_bytes: 19522031 kNewNativeDiscountFactor: 2 kOldNativeDiscountFactor: 65536 old_native_bytes: 169601025 new_native_bytes: 35677900 add_bytes_allowed: 32535735 is_gc_concurrent: 1 target_footprint_: 19653103 GetBytesAllocated: 18667416 HeapGrowthMultiplier: 3
12-15 10:56:59.047  3179  3679 I com.miui.home: CheckGCForNative gc_urgency 1.02009 current_native_bytes is 205278925
12-15 10:56:59.047  3179  3679 I com.miui.home: CheckGCForNative requested 1
12-15 10:56:59.067  3179  3679 I com.miui.home: CheckGCForNative adj_start_bytes: 35789898 NativeAllocationGcWatermark: 10845245 java_gc_start_bytes: 19522031 kNewNativeDiscountFactor: 2 kOldNativeDiscountFactor: 65536 old_native_bytes: 169601025 new_native_bytes: 25065932 add_bytes_allowed: 32535735 is_gc_concurrent: 1 target_footprint_: 19653103 GetBytesAllocated: 18946632 HeapGrowthMultiplier: 3
12-15 10:56:59.067  3179  3679 I com.miui.home: CheckGCForNative gc_urgency 0.879639 current_native_bytes is 194666957
12-15 10:56:59.119 11160 11160 I wm_on_top_resumed_lost_called: [173231730,com.km.app.home.view.LoadingActivity,topStateChangedWhenResumed]
12-15 10:56:59.120  3179  3179 I wm_on_top_resumed_gained_called: [231357510,com.miui.home.launcher.Launcher,topStateChangedWhenResumed]
12-15 10:56:59.125 11160 11160 I wm_on_paused_called: [0,173231730,com.km.app.home.view.LoadingActivity,performPause,4]
12-15 10:56:59.136 11160 11160 I wm_on_stop_called: [0,173231730,com.km.app.home.view.LoadingActivity,STOP_ACTIVITY_ITEM,6]
12-15 10:56:59.223 11160 11160 I wm_on_destroy_called: [0,173231730,com.km.app.home.view.LoadingActivity,performDestroy,2]
12-15 10:56:59.337  3179  3179 I wm_on_top_resumed_lost_called: [231357510,com.miui.home.launcher.Launcher,topStateChangedWhenResumed]
12-15 10:56:59.342  3179  3179 I wm_on_paused_called: [0,231357510,com.miui.home.launcher.Launcher,performPause,1]
12-15 10:56:59.444  3179  3679 I com.miui.home: CheckGCForNative gc_urgency 0 current_native_bytes is 125548761
12-15 10:56:59.460  3179  3679 I com.miui.home: CheckGCForNative adj_start_bytes: 34753270 NativeAllocationGcWatermark: 10763761 java_gc_start_bytes: 18607629 kNewNativeDiscountFactor: 2 kOldNativeDiscountFactor: 65536 old_native_bytes: 125548761 new_native_bytes: 222496 add_bytes_allowed: 32291283 is_gc_concurrent: 1 target_footprint_: 19001229 GetBytesAllocated: 10304136 HeapGrowthMultiplier: 3
12-15 10:56:59.460  3179  3679 I com.miui.home: CheckGCForNative gc_urgency 0.29975 current_native_bytes is 125771257
12-15 10:56:59.508  3179  3314 I com.miui.home: CheckGCForNative adj_start_bytes: 34753270 NativeAllocationGcWatermark: 10763761 java_gc_start_bytes: 18607629 kNewNativeDiscountFactor: 2 kOldNativeDiscountFactor: 65536 old_native_bytes: 125548761 new_native_bytes: 840868 add_bytes_allowed: 32291283 is_gc_concurrent: 1 target_footprint_: 19001229 GetBytesAllocated: 10722088 HeapGrowthMultiplier: 3
12-15 10:56:59.508  3179  3314 I com.miui.home: CheckGCForNative gc_urgency 0.320673 current_native_bytes is 126389629
12-15 10:56:59.646  3179  3679 I com.miui.home: CheckGCForNative adj_start_bytes: 34753270 NativeAllocationGcWatermark: 10763761 java_gc_start_bytes: 18607629 kNewNativeDiscountFactor: 2 kOldNativeDiscountFactor: 65536 old_native_bytes: 125548761 new_native_bytes: 2025684 add_bytes_allowed: 32291283 is_gc_concurrent: 1 target_footprint_: 19001229 GetBytesAllocated: 10853288 HeapGrowthMultiplier: 3
12-15 10:56:59.646  3179  3679 I com.miui.home: CheckGCForNative gc_urgency 0.341494 current_native_bytes is 127574445
12-15 10:56:59.728  3179  3679 I com.miui.home: CheckGCForNative adj_start_bytes: 34753270 NativeAllocationGcWatermark: 10763761 java_gc_start_bytes: 18607629 kNewNativeDiscountFactor: 2 kOldNativeDiscountFactor: 65536 old_native_bytes: 125548761 new_native_bytes: 2178932 add_bytes_allowed: 32291283 is_gc_concurrent: 1 target_footprint_: 19001229 GetBytesAllocated: 11132424 HeapGrowthMultiplier: 3
12-15 10:56:59.728  3179  3679 I com.miui.home: CheckGCForNative gc_urgency 0.351731 current_native_bytes is 127727693
12-15 10:57:00.200 11581 11581 I wm_on_create_called: [0,90942580,com.UCMobile.main.UCMobile,performCreate,150]
12-15 10:57:00.302 11581 11581 I wm_on_create_called: [0,36653018,com.uc.browser.InnerUCMobile,performCreate,25]
12-15 10:57:00.314 11581 11581 I wm_on_start_called: [0,36653018,com.uc.browser.InnerUCMobile,handleStartActivity,12]
12-15 10:57:00.323 11581 11581 I wm_on_resume_called: [0,36653018,com.uc.browser.InnerUCMobile,RESUME_ACTIVITY,8]
12-15 10:57:00.388  3179  3679 I com.miui.home: CheckGCForNative adj_start_bytes: 34753270 NativeAllocationGcWatermark: 10763761 java_gc_start_bytes: 18607629 kNewNativeDiscountFactor: 2 kOldNativeDiscountFactor: 65536 old_native_bytes: 125548761 new_native_bytes: 2487208 add_bytes_allowed: 32291283 is_gc_concurrent: 1 target_footprint_: 19001229 GetBytesAllocated: 11591944 HeapGrowthMultiplier: 3
12-15 10:57:00.388  3179  3679 I com.miui.home: CheckGCForNative gc_urgency 0.369389 current_native_bytes is 128035969
12-15 10:57:00.397 11581 11581 I wm_on_top_resumed_gained_called: [36653018,com.uc.browser.InnerUCMobile,topStateChangedWhenResumed]
12-15 10:57:00.409  3179  3679 I com.miui.home: CheckGCForNative adj_start_bytes: 34753270 NativeAllocationGcWatermark: 10763761 java_gc_start_bytes: 18607629 kNewNativeDiscountFactor: 2 kOldNativeDiscountFactor: 65536 old_native_bytes: 125548761 new_native_bytes: 2604764 add_bytes_allowed: 32291283 is_gc_concurrent: 1 target_footprint_: 19001229 GetBytesAllocated: 11804936 HeapGrowthMultiplier: 3
12-15 10:57:00.410  3179  3679 I com.miui.home: CheckGCForNative gc_urgency 0.377209 current_native_bytes is 128153525
12-15 10:57:00.454  3179  3679 I com.miui.home: CheckGCForNative adj_start_bytes: 34753270 NativeAllocationGcWatermark: 10763761 java_gc_start_bytes: 18607629 kNewNativeDiscountFactor: 2 kOldNativeDiscountFactor: 65536 old_native_bytes: 125548761 new_native_bytes: 2956976 add_bytes_allowed: 32291283 is_gc_concurrent: 1 target_footprint_: 19001229 GetBytesAllocated: 12165896 HeapGrowthMultiplier: 3
12-15 10:57:00.454  3179  3679 I com.miui.home: CheckGCForNative gc_urgency 0.392662 current_native_bytes is 128505737
12-15 10:57:00.750  3179  3215 I com.miui.home: CheckGCForNative adj_start_bytes: 34753270 NativeAllocationGcWatermark: 10763761 java_gc_start_bytes: 18607629 kNewNativeDiscountFactor: 2 kOldNativeDiscountFactor: 65536 old_native_bytes: 125548761 new_native_bytes: 13695580 add_bytes_allowed: 32291283 is_gc_concurrent: 1 target_footprint_: 19001229 GetBytesAllocated: 12969416 HeapGrowthMultiplier: 3
12-15 10:57:00.751  3179  3215 I com.miui.home: CheckGCForNative gc_urgency 0.570281 current_native_bytes is 139244341
12-15 10:57:00.760  3179  3215 I com.miui.home: CheckGCForNative adj_start_bytes: 34753270 NativeAllocationGcWatermark: 10763761 java_gc_start_bytes: 18607629 kNewNativeDiscountFactor: 2 kOldNativeDiscountFactor: 65536 old_native_bytes: 125548761 new_native_bytes: 24401500 add_bytes_allowed: 32291283 is_gc_concurrent: 1 target_footprint_: 19001229 GetBytesAllocated: 13002376 HeapGrowthMultiplier: 3
12-15 10:57:00.762  3179  3215 I com.miui.home: CheckGCForNative gc_urgency 0.725257 current_native_bytes is 149950261
12-15 10:57:00.763  3179 10882 I com.miui.home: CheckGCForNative adj_start_bytes: 34753270 NativeAllocationGcWatermark: 10763761 java_gc_start_bytes: 18607629 kNewNativeDiscountFactor: 2 kOldNativeDiscountFactor: 65536 old_native_bytes: 125548761 new_native_bytes: 35107420 add_bytes_allowed: 32291283 is_gc_concurrent: 1 target_footprint_: 19001229 GetBytesAllocated: 13002376 HeapGrowthMultiplier: 3
12-15 10:57:00.763  3179 10882 I com.miui.home: CheckGCForNative gc_urgency 0.879284 current_native_bytes is 160656181
12-15 10:57:01.019  3179  3314 I com.miui.home: CheckGCForNative adj_start_bytes: 34753270 NativeAllocationGcWatermark: 10763761 java_gc_start_bytes: 18607629 kNewNativeDiscountFactor: 2 kOldNativeDiscountFactor: 65536 old_native_bytes: 125548761 new_native_bytes: 13681948 add_bytes_allowed: 32291283 is_gc_concurrent: 1 target_footprint_: 19001229 GetBytesAllocated: 13166408 HeapGrowthMultiplier: 3
12-15 10:57:01.019  3179  3314 I com.miui.home: CheckGCForNative gc_urgency 0.575753 current_native_bytes is 139230709
12-15 10:57:01.290  3179  3179 I wm_on_resume_called: [0,231357510,com.miui.home.launcher.Launcher,RESUME_ACTIVITY,4]
12-15 10:57:01.291  3179  3179 I wm_on_idle_called: com.miui.home.launcher.Launcher
12-15 10:57:01.416  3179  3289 I com.miui.home: CheckGCForNative adj_start_bytes: 34753270 NativeAllocationGcWatermark: 10763761 java_gc_start_bytes: 18607629 kNewNativeDiscountFactor: 2 kOldNativeDiscountFactor: 65536 old_native_bytes: 125548761 new_native_bytes: 13752632 add_bytes_allowed: 32291283 is_gc_concurrent: 1 target_footprint_: 19001229 GetBytesAllocated: 14470296 HeapGrowthMultiplier: 3
12-15 10:57:01.416  3179  3289 I com.miui.home: CheckGCForNative gc_urgency 0.614288 current_native_bytes is 139301393
12-15 10:57:01.469  3179  3179 I wm_on_paused_called: [0,231357510,com.miui.home.launcher.Launcher,performPause,1]
12-15 10:57:01.485  3179  8285 I com.miui.home: CheckGCForNative adj_start_bytes: 34753270 NativeAllocationGcWatermark: 10763761 java_gc_start_bytes: 18607629 kNewNativeDiscountFactor: 2 kOldNativeDiscountFactor: 65536 old_native_bytes: 125548761 new_native_bytes: 13772008 add_bytes_allowed: 32291283 is_gc_concurrent: 1 target_footprint_: 19001229 GetBytesAllocated: 14552216 HeapGrowthMultiplier: 3
12-15 10:57:01.485  3179  8285 I com.miui.home: CheckGCForNative gc_urgency 0.616924 current_native_bytes is 139320769
12-15 10:57:01.819  3179  3314 I com.miui.home: CheckGCForNative adj_start_bytes: 34753270 NativeAllocationGcWatermark: 10763761 java_gc_start_bytes: 18607629 kNewNativeDiscountFactor: 2 kOldNativeDiscountFactor: 65536 old_native_bytes: 125548761 new_native_bytes: 13717224 add_bytes_allowed: 32291283 is_gc_concurrent: 1 target_footprint_: 19001229 GetBytesAllocated: 14970328 HeapGrowthMultiplier: 3
12-15 10:57:01.819  3179  3314 I com.miui.home: CheckGCForNative gc_urgency 0.628167 current_native_bytes is 139265985
12-15 10:57:01.878  3179  3679 I com.miui.home: CheckGCForNative adj_start_bytes: 34753270 NativeAllocationGcWatermark: 10763761 java_gc_start_bytes: 18607629 kNewNativeDiscountFactor: 2 kOldNativeDiscountFactor: 65536 old_native_bytes: 125548761 new_native_bytes: 13751464 add_bytes_allowed: 32291283 is_gc_concurrent: 1 target_footprint_: 19001229 GetBytesAllocated: 15314808 HeapGrowthMultiplier: 3
12-15 10:57:01.878  3179  3679 I com.miui.home: CheckGCForNative gc_urgency 0.638572 current_native_bytes is 139300225
12-15 10:57:01.910  3179  3679 I com.miui.home: CheckGCForNative adj_start_bytes: 34753270 NativeAllocationGcWatermark: 10763761 java_gc_start_bytes: 18607629 kNewNativeDiscountFactor: 2 kOldNativeDiscountFactor: 65536 old_native_bytes: 125548761 new_native_bytes: 24470748 add_bytes_allowed: 32291283 is_gc_concurrent: 1 target_footprint_: 19001229 GetBytesAllocated: 15413208 HeapGrowthMultiplier: 3
12-15 10:57:01.910  3179  3679 I com.miui.home: CheckGCForNative gc_urgency 0.795623 current_native_bytes is 150019509
12-15 10:57:01.943  3179  3679 I com.miui.home: CheckGCForNative adj_start_bytes: 34753270 NativeAllocationGcWatermark: 10763761 java_gc_start_bytes: 18607629 kNewNativeDiscountFactor: 2 kOldNativeDiscountFactor: 65536 old_native_bytes: 125548761 new_native_bytes: 14059868 add_bytes_allowed: 32291283 is_gc_concurrent: 1 target_footprint_: 19001229 GetBytesAllocated: 15708872 HeapGrowthMultiplier: 3
12-15 10:57:01.943  3179  3679 I com.miui.home: CheckGCForNative gc_urgency 0.654348 current_native_bytes is 139608629
12-15 10:57:02.878 11986 11986 I wm_on_application_create_called: [0,com.dragon.read,761]
12-15 10:57:03.015 11986 11986 I wm_on_create_called: [0,167549885,com.dragon.read.pages.splash.SplashActivity,performCreate,76]
12-15 10:57:03.083 11986 11986 I wm_on_start_called: [0,167549885,com.dragon.read.pages.splash.SplashActivity,handleStartActivity,67]
12-15 10:57:03.103  3179 10882 I com.miui.home: CheckGCForNative adj_start_bytes: 34753270 NativeAllocationGcWatermark: 10763761 java_gc_start_bytes: 18607629 kNewNativeDiscountFactor: 2 kOldNativeDiscountFactor: 65536 old_native_bytes: 125548761 new_native_bytes: 24956188 add_bytes_allowed: 32291283 is_gc_concurrent: 1 target_footprint_: 19001229 GetBytesAllocated: 16413880 HeapGrowthMultiplier: 3
12-15 10:57:03.103  3179 10882 I com.miui.home: CheckGCForNative gc_urgency 0.831401 current_native_bytes is 150504949
12-15 10:57:03.103  3179 10882 I com.miui.home: CheckGCForNative adj_start_bytes: 34753270 NativeAllocationGcWatermark: 10763761 java_gc_start_bytes: 18607629 kNewNativeDiscountFactor: 2 kOldNativeDiscountFactor: 65536 old_native_bytes: 125548761 new_native_bytes: 35662108 add_bytes_allowed: 32291283 is_gc_concurrent: 1 target_footprint_: 19001229 GetBytesAllocated: 16414072 HeapGrowthMultiplier: 3
12-15 10:57:03.103  3179 10882 I com.miui.home: CheckGCForNative gc_urgency 0.985434 current_native_bytes is 161210869
12-15 10:57:03.116  3179  3421 I com.miui.home: CheckGCForNative adj_start_bytes: 34753270 NativeAllocationGcWatermark: 10763761 java_gc_start_bytes: 18607629 kNewNativeDiscountFactor: 2 kOldNativeDiscountFactor: 65536 old_native_bytes: 125548761 new_native_bytes: 35668572 add_bytes_allowed: 32291283 is_gc_concurrent: 1 target_footprint_: 19001229 GetBytesAllocated: 16446840 HeapGrowthMultiplier: 3
12-15 10:57:03.116  3179  3421 I com.miui.home: CheckGCForNative gc_urgency 0.986469 current_native_bytes is 161217333
12-15 10:57:03.173  3179  3314 I com.miui.home: CheckGCForNative adj_start_bytes: 34753270 NativeAllocationGcWatermark: 10763761 java_gc_start_bytes: 18607629 kNewNativeDiscountFactor: 2 kOldNativeDiscountFactor: 65536 old_native_bytes: 125548761 new_native_bytes: 24995684 add_bytes_allowed: 32291283 is_gc_concurrent: 1 target_footprint_: 19001229 GetBytesAllocated: 16512568 HeapGrowthMultiplier: 3
12-15 10:57:03.173  3179  3314 I com.miui.home: CheckGCForNative gc_urgency 0.834808 current_native_bytes is 150544445
12-15 10:57:03.207  3179  3314 I com.miui.home: CheckGCForNative adj_start_bytes: 34753270 NativeAllocationGcWatermark: 10763761 java_gc_start_bytes: 18607629 kNewNativeDiscountFactor: 2 kOldNativeDiscountFactor: 65536 old_native_bytes: 125548761 new_native_bytes: 24956804 add_bytes_allowed: 32291283 is_gc_concurrent: 1 target_footprint_: 19001229 GetBytesAllocated: 16528952 HeapGrowthMultiplier: 3
12-15 10:57:03.207  3179  3314 I com.miui.home: CheckGCForNative gc_urgency 0.83472 current_native_bytes is 150505565
12-15 10:57:03.331 11986 11986 I wm_on_resume_called: [0,167549885,com.dragon.read.pages.splash.SplashActivity,RESUME_ACTIVITY,236]
12-15 10:57:03.336 11986 11986 I wm_on_top_resumed_gained_called: [167549885,com.dragon.read.pages.splash.SplashActivity,topStateChangedWhenResumed]
12-15 10:57:03.469 11986 11986 I wm_on_top_resumed_lost_called: [167549885,com.dragon.read.pages.splash.SplashActivity,topStateChangedWhenResumed]
12-15 10:57:03.481 11986 11986 I wm_on_paused_called: [0,167549885,com.dragon.read.pages.splash.SplashActivity,performPause,11]
12-15 10:57:03.562  3179  3314 I com.miui.home: CheckGCForNative adj_start_bytes: 34753270 NativeAllocationGcWatermark: 10763761 java_gc_start_bytes: 18607629 kNewNativeDiscountFactor: 2 kOldNativeDiscountFactor: 65536 old_native_bytes: 125548761 new_native_bytes: 24958628 add_bytes_allowed: 32291283 is_gc_concurrent: 1 target_footprint_: 19001229 GetBytesAllocated: 16742168 HeapGrowthMultiplier: 3
12-15 10:57:03.562  3179  3314 I com.miui.home: CheckGCForNative gc_urgency 0.840882 current_native_bytes is 150507389
12-15 10:57:03.667 11986 11986 I wm_on_create_called: [0,204813563,com.dragon.read.pages.main.MainFragmentActivity,performCreate,113]
12-15 10:57:03.678  3179  3179 I wm_on_resume_called: [0,231357510,com.miui.home.launcher.Launcher,RESUME_ACTIVITY,12]
12-15 10:57:03.678  3179  3179 I wm_on_top_resumed_gained_called: [231357510,com.miui.home.launcher.Launcher,topWhenResuming]
12-15 10:57:03.679  3179  3304 I com.miui.home: CheckGCForNative adj_start_bytes: 34753270 NativeAllocationGcWatermark: 10763761 java_gc_start_bytes: 18607629 kNewNativeDiscountFactor: 2 kOldNativeDiscountFactor: 65536 old_native_bytes: 125548761 new_native_bytes: 25192420 add_bytes_allowed: 32291283 is_gc_concurrent: 1 target_footprint_: 19001229 GetBytesAllocated: 17185864 HeapGrowthMultiplier: 3
12-15 10:57:03.679  3179  3304 I com.miui.home: CheckGCForNative gc_urgency 0.857013 current_native_bytes is 150741181
12-15 10:57:03.725  3179  3679 I com.miui.home: CheckGCForNative adj_start_bytes: 34753270 NativeAllocationGcWatermark: 10763761 java_gc_start_bytes: 18607629 kNewNativeDiscountFactor: 2 kOldNativeDiscountFactor: 65536 old_native_bytes: 125548761 new_native_bytes: 36121944 add_bytes_allowed: 32291283 is_gc_concurrent: 1 target_footprint_: 19001229 GetBytesAllocated: 17939672 HeapGrowthMultiplier: 3
12-15 10:57:03.725  3179  3679 I com.miui.home: CheckGCForNative gc_urgency 1.03595 current_native_bytes is 161670705
12-15 10:57:03.725  3179  3679 I com.miui.home: CheckGCForNative requested 1
12-15 10:57:03.740  3179  3179 I wm_on_idle_called: com.miui.home.launcher.Launcher
12-15 10:57:03.827  3179  3679 I com.miui.home: CheckGCForNative adj_start_bytes: 34753270 NativeAllocationGcWatermark: 10763761 java_gc_start_bytes: 18607629 kNewNativeDiscountFactor: 2 kOldNativeDiscountFactor: 65536 old_native_bytes: 125548761 new_native_bytes: 25598056 add_bytes_allowed: 32291283 is_gc_concurrent: 1 target_footprint_: 19001229 GetBytesAllocated: 18538488 HeapGrowthMultiplier: 3
12-15 10:57:03.827  3179  3679 I com.miui.home: CheckGCForNative gc_urgency 0.901769 current_native_bytes is 151146817
12-15 10:57:03.892  3179  3679 I com.miui.home: CheckGCForNative adj_start_bytes: 34753270 NativeAllocationGcWatermark: 10763761 java_gc_start_bytes: 18607629 kNewNativeDiscountFactor: 2 kOldNativeDiscountFactor: 65536 old_native_bytes: 125548761 new_native_bytes: 25843488 add_bytes_allowed: 32291283 is_gc_concurrent: 1 target_footprint_: 19001229 GetBytesAllocated: 18348856 HeapGrowthMultiplier: 3
12-15 10:57:03.892  3179  3679 I com.miui.home: CheckGCForNative gc_urgency 0.899844 current_native_bytes is 151392249
12-15 10:57:03.894 11986 11986 I wm_on_start_called: [0,204813563,com.dragon.read.pages.main.MainFragmentActivity,handleStartActivity,226]
12-15 10:57:03.900  3179  3209 I com.miui.home: NativeAlloc concurrent copying GC freed 150097(7907KB) AllocSpace objects, 18(656KB) LOS objects, 49% free, 10117KB/19MB, paused 149us,75us total 173.306ms
12-15 10:57:03.906  3179  3179 I wm_on_top_resumed_lost_called: [231357510,com.miui.home.launcher.Launcher,topStateChangedWhenResumed]
12-15 10:57:03.911  3179  3179 I wm_on_paused_called: [0,231357510,com.miui.home.launcher.Launcher,performPause,1]
12-15 10:57:04.026  3179  3679 I com.miui.home: CheckGCForNative gc_urgency 0 current_native_bytes is 125954153
12-15 10:57:04.075  3179  3679 I com.miui.home: CheckGCForNative adj_start_bytes: 36664285 NativeAllocationGcWatermark: 10978677 java_gc_start_bytes: 20196270 kNewNativeDiscountFactor: 2 kOldNativeDiscountFactor: 65536 old_native_bytes: 125954153 new_native_bytes: 273216 add_bytes_allowed: 32936031 is_gc_concurrent: 1 target_footprint_: 20720558 GetBytesAllocated: 11319416 HeapGrowthMultiplier: 3
12-15 10:57:04.076  3179  3679 I com.miui.home: CheckGCForNative gc_urgency 0.31251 current_native_bytes is 126227369
12-15 10:57:04.209  3179  3679 I com.miui.home: CheckGCForNative adj_start_bytes: 36664285 NativeAllocationGcWatermark: 10978677 java_gc_start_bytes: 20196270 kNewNativeDiscountFactor: 2 kOldNativeDiscountFactor: 65536 old_native_bytes: 125954153 new_native_bytes: 534524 add_bytes_allowed: 32936031 is_gc_concurrent: 1 target_footprint_: 20720558 GetBytesAllocated: 11729672 HeapGrowthMultiplier: 3
12-15 10:57:04.209  3179  3679 I com.miui.home: CheckGCForNative gc_urgency 0.327263 current_native_bytes is 126488677
12-15 10:57:04.221  3179  3679 I com.miui.home: CheckGCForNative adj_start_bytes: 36664285 NativeAllocationGcWatermark: 10978677 java_gc_start_bytes: 20196270 kNewNativeDiscountFactor: 2 kOldNativeDiscountFactor: 65536 old_native_bytes: 125954153 new_native_bytes: 571320 add_bytes_allowed: 32936031 is_gc_concurrent: 1 target_footprint_: 20720558 GetBytesAllocated: 11827976 HeapGrowthMultiplier: 3
12-15 10:57:04.221  3179  3679 I com.miui.home: CheckGCForNative gc_urgency 0.330446 current_native_bytes is 126525473
12-15 10:57:04.623 12370 12370 I wm_on_application_create_called: [0,com.youku.phone,214]
12-15 10:57:04.771 12370 12370 I wm_on_create_called: [0,233476973,com.youku.phone.ActivityWelcome,performCreate,114]
12-15 10:57:04.923 12370 12370 I wm_on_create_called: [0,182483668,com.youku.v2.HomePageEntry,performCreate,82]
12-15 10:57:04.937  3179  3679 I com.miui.home: CheckGCForNative adj_start_bytes: 36664285 NativeAllocationGcWatermark: 10978677 java_gc_start_bytes: 20196270 kNewNativeDiscountFactor: 2 kOldNativeDiscountFactor: 65536 old_native_bytes: 125954153 new_native_bytes: 624176 add_bytes_allowed: 32936031 is_gc_concurrent: 1 target_footprint_: 20720558 GetBytesAllocated: 12172952 HeapGrowthMultiplier: 3
12-15 10:57:04.937  3179  3679 I com.miui.home: CheckGCForNative gc_urgency 0.340576 current_native_bytes is 126578329
12-15 10:57:04.958  3179  3679 I com.miui.home: CheckGCForNative adj_start_bytes: 36664285 NativeAllocationGcWatermark: 10978677 java_gc_start_bytes: 20196270 kNewNativeDiscountFactor: 2 kOldNativeDiscountFactor: 65536 old_native_bytes: 125954153 new_native_bytes: 838980 add_bytes_allowed: 32936031 is_gc_concurrent: 1 target_footprint_: 20720558 GetBytesAllocated: 12402328 HeapGrowthMultiplier: 3
12-15 10:57:04.959  3179  3679 I com.miui.home: CheckGCForNative gc_urgency 0.349761 current_native_bytes is 126793133
12-15 10:57:05.001  3179  3679 I com.miui.home: CheckGCForNative adj_start_bytes: 36664285 NativeAllocationGcWatermark: 10978677 java_gc_start_bytes: 20196270 kNewNativeDiscountFactor: 2 kOldNativeDiscountFactor: 65536 old_native_bytes: 125954153 new_native_bytes: 1115652 add_bytes_allowed: 32936031 is_gc_concurrent: 1 target_footprint_: 20720558 GetBytesAllocated: 12763368 HeapGrowthMultiplier: 3
12-15 10:57:05.001  3179  3679 I com.miui.home: CheckGCForNative gc_urgency 0.363381 current_native_bytes is 127069805
12-15 10:57:05.027 12370 12370 I wm_on_start_called: [0,182483668,com.youku.v2.HomePageEntry,handleStartActivity,103]
12-15 10:57:05.071 12370 12370 I wm_on_resume_called: [0,182483668,com.youku.v2.HomePageEntry,RESUME_ACTIVITY,42]
12-15 10:57:05.080 12370 12370 I wm_on_top_resumed_gained_called: [182483668,com.youku.v2.HomePageEntry,topStateChangedWhenResumed]
12-15 10:57:05.448  3179  3421 I com.miui.home: CheckGCForNative adj_start_bytes: 36664285 NativeAllocationGcWatermark: 10978677 java_gc_start_bytes: 20196270 kNewNativeDiscountFactor: 2 kOldNativeDiscountFactor: 65536 old_native_bytes: 125954153 new_native_bytes: 12027916 add_bytes_allowed: 32936031 is_gc_concurrent: 1 target_footprint_: 20720558 GetBytesAllocated: 13632440 HeapGrowthMultiplier: 3
12-15 10:57:05.453  3179  3421 I com.miui.home: CheckGCForNative gc_urgency 0.535898 current_native_bytes is 137982069
12-15 10:57:05.456  3179  3215 I com.miui.home: CheckGCForNative adj_start_bytes: 36664285 NativeAllocationGcWatermark: 10978677 java_gc_start_bytes: 20196270 kNewNativeDiscountFactor: 2 kOldNativeDiscountFactor: 65536 old_native_bytes: 125954153 new_native_bytes: 22733836 add_bytes_allowed: 32936031 is_gc_concurrent: 1 target_footprint_: 20720558 GetBytesAllocated: 13632440 HeapGrowthMultiplier: 3
12-15 10:57:05.456  3179  3215 I com.miui.home: CheckGCForNative gc_urgency 0.681903 current_native_bytes is 148687989
12-15 10:57:05.456  3179  3179 I com.miui.home: CheckGCForNative adj_start_bytes: 36664285 NativeAllocationGcWatermark: 10978677 java_gc_start_bytes: 20196270 kNewNativeDiscountFactor: 2 kOldNativeDiscountFactor: 65536 old_native_bytes: 125954153 new_native_bytes: 33440396 add_bytes_allowed: 32936031 is_gc_concurrent: 1 target_footprint_: 20720558 GetBytesAllocated: 13649208 HeapGrowthMultiplier: 3
12-15 10:57:05.456  3179  3179 I com.miui.home: CheckGCForNative gc_urgency 0.828363 current_native_bytes is 159394549
12-15 10:57:05.666  3179  3314 I com.miui.home: CheckGCForNative adj_start_bytes: 36664285 NativeAllocationGcWatermark: 10978677 java_gc_start_bytes: 20196270 kNewNativeDiscountFactor: 2 kOldNativeDiscountFactor: 65536 old_native_bytes: 125954153 new_native_bytes: 12066140 add_bytes_allowed: 32936031 is_gc_concurrent: 1 target_footprint_: 20720558 GetBytesAllocated: 13763896 HeapGrowthMultiplier: 3
12-15 10:57:05.666  3179  3314 I com.miui.home: CheckGCForNative gc_urgency 0.540005 current_native_bytes is 138020293
12-15 10:57:05.866  3179  3314 I com.miui.home: CheckGCForNative adj_start_bytes: 36664285 NativeAllocationGcWatermark: 10978677 java_gc_start_bytes: 20196270 kNewNativeDiscountFactor: 2 kOldNativeDiscountFactor: 65536 old_native_bytes: 125954153 new_native_bytes: 12083356 add_bytes_allowed: 32936031 is_gc_concurrent: 1 target_footprint_: 20720558 GetBytesAllocated: 13845816 HeapGrowthMultiplier: 3
12-15 10:57:05.867  3179  3314 I com.miui.home: CheckGCForNative gc_urgency 0.542474 current_native_bytes is 138037509
12-15 10:57:05.983  3179  3179 I wm_on_resume_called: [0,231357510,com.miui.home.launcher.Launcher,RESUME_ACTIVITY,3]
12-15 10:57:05.996 12370 12370 I wm_on_top_resumed_lost_called: [182483668,com.youku.v2.HomePageEntry,topStateChangedWhenResumed]
12-15 10:57:06.023 12370 12370 I wm_on_paused_called: [0,182483668,com.youku.v2.HomePageEntry,performPause,2]
12-15 10:57:06.027  3179  3179 I wm_on_top_resumed_gained_called: [231357510,com.miui.home.launcher.Launcher,topStateChangedWhenResumed]
12-15 10:57:06.033  3179  3179 I wm_on_idle_called: com.miui.home.launcher.Launcher
12-15 10:57:06.166  3179  3679 I com.miui.home: CheckGCForNative adj_start_bytes: 36664285 NativeAllocationGcWatermark: 10978677 java_gc_start_bytes: 20196270 kNewNativeDiscountFactor: 2 kOldNativeDiscountFactor: 65536 old_native_bytes: 125954153 new_native_bytes: 12246556 add_bytes_allowed: 32936031 is_gc_concurrent: 1 target_footprint_: 20720558 GetBytesAllocated: 15117480 HeapGrowthMultiplier: 3
12-15 10:57:06.166  3179  3679 I com.miui.home: CheckGCForNative gc_urgency 0.579383 current_native_bytes is 138200709
12-15 10:57:06.194  3179  3679 I com.miui.home: CheckGCForNative adj_start_bytes: 36664285 NativeAllocationGcWatermark: 10978677 java_gc_start_bytes: 20196270 kNewNativeDiscountFactor: 2 kOldNativeDiscountFactor: 65536 old_native_bytes: 125954153 new_native_bytes: 12504144 add_bytes_allowed: 32936031 is_gc_concurrent: 1 target_footprint_: 20720558 GetBytesAllocated: 15379624 HeapGrowthMultiplier: 3
12-15 10:57:06.194  3179  3679 I com.miui.home: CheckGCForNative gc_urgency 0.590046 current_native_bytes is 138458297
12-15 10:57:06.197  3179  3679 I com.miui.home: CheckGCForNative adj_start_bytes: 36664285 NativeAllocationGcWatermark: 10978677 java_gc_start_bytes: 20196270 kNewNativeDiscountFactor: 2 kOldNativeDiscountFactor: 65536 old_native_bytes: 125954153 new_native_bytes: 23243408 add_bytes_allowed: 32936031 is_gc_concurrent: 1 target_footprint_: 20720558 GetBytesAllocated: 15396008 HeapGrowthMultiplier: 3
12-15 10:57:06.197  3179  3679 I com.miui.home: CheckGCForNative gc_urgency 0.736947 current_native_bytes is 149197561
12-15 10:57:06.225  3179  3679 I com.miui.home: CheckGCForNative adj_start_bytes: 36664285 NativeAllocationGcWatermark: 10978677 java_gc_start_bytes: 20196270 kNewNativeDiscountFactor: 2 kOldNativeDiscountFactor: 65536 old_native_bytes: 125954153 new_native_bytes: 12919888 add_bytes_allowed: 32936031 is_gc_concurrent: 1 target_footprint_: 20720558 GetBytesAllocated: 15773608 HeapGrowthMultiplier: 3
12-15 10:57:06.225  3179  3679 I com.miui.home: CheckGCForNative gc_urgency 0.606461 current_native_bytes is 138874041
12-15 10:57:06.284  3179  3179 I wm_on_top_resumed_lost_called: [231357510,com.miui.home.launcher.Launcher,topStateChangedWhenResumed]
12-15 10:57:06.299  3179  3179 I wm_on_paused_called: [0,231357510,com.miui.home.launcher.Launcher,performPause,0]
12-15 10:57:06.424 12370 12370 I wm_on_stop_called: [0,182483668,com.youku.v2.HomePageEntry,STOP_ACTIVITY_ITEM,65]
12-15 10:57:06.427 12370 12370 I wm_on_destroy_called: [0,233476973,com.youku.phone.ActivityWelcome,performDestroy,2]
12-15 10:57:06.447  3179  3679 I com.miui.home: CheckGCForNative adj_start_bytes: 36664285 NativeAllocationGcWatermark: 10978677 java_gc_start_bytes: 20196270 kNewNativeDiscountFactor: 2 kOldNativeDiscountFactor: 65536 old_native_bytes: 125954153 new_native_bytes: 13142576 add_bytes_allowed: 32936031 is_gc_concurrent: 1 target_footprint_: 20720558 GetBytesAllocated: 16585432 HeapGrowthMultiplier: 3
12-15 10:57:06.447  3179  3679 I com.miui.home: CheckGCForNative gc_urgency 0.63164 current_native_bytes is 139096729
12-15 10:57:06.481  3179  3679 I com.miui.home: CheckGCForNative adj_start_bytes: 36664285 NativeAllocationGcWatermark: 10978677 java_gc_start_bytes: 20196270 kNewNativeDiscountFactor: 2 kOldNativeDiscountFactor: 65536 old_native_bytes: 125954153 new_native_bytes: 13268740 add_bytes_allowed: 32936031 is_gc_concurrent: 1 target_footprint_: 20720558 GetBytesAllocated: 16798424 HeapGrowthMultiplier: 3
12-15 10:57:06.481  3179  3679 I com.miui.home: CheckGCForNative gc_urgency 0.63917 current_native_bytes is 139222893
12-15 10:57:06.586  3179  3679 I com.miui.home: CheckGCForNative adj_start_bytes: 36664285 NativeAllocationGcWatermark: 10978677 java_gc_start_bytes: 20196270 kNewNativeDiscountFactor: 2 kOldNativeDiscountFactor: 65536 old_native_bytes: 125954153 new_native_bytes: 13463364 add_bytes_allowed: 32936031 is_gc_concurrent: 1 target_footprint_: 20720558 GetBytesAllocated: 17175960 HeapGrowthMultiplier: 3
12-15 10:57:06.592  3179  3679 I com.miui.home: CheckGCForNative gc_urgency 0.652121 current_native_bytes is 139417517
12-15 10:57:06.961 12773 12773 I wm_on_create_called: [0,63900096,com.ucpro.MainActivity,performCreate,72]
12-15 10:57:07.128  3179  3679 I com.miui.home: CheckGCForNative adj_start_bytes: 36664285 NativeAllocationGcWatermark: 10978677 java_gc_start_bytes: 20196270 kNewNativeDiscountFactor: 2 kOldNativeDiscountFactor: 65536 old_native_bytes: 125954153 new_native_bytes: 13807416 add_bytes_allowed: 32936031 is_gc_concurrent: 1 target_footprint_: 20720558 GetBytesAllocated: 17602648 HeapGrowthMultiplier: 3
12-15 10:57:07.128  3179  3679 I com.miui.home: CheckGCForNative gc_urgency 0.668451 current_native_bytes is 139761569
12-15 10:57:07.166  3179  3679 I com.miui.home: CheckGCForNative adj_start_bytes: 36664285 NativeAllocationGcWatermark: 10978677 java_gc_start_bytes: 20196270 kNewNativeDiscountFactor: 2 kOldNativeDiscountFactor: 65536 old_native_bytes: 125954153 new_native_bytes: 14034156 add_bytes_allowed: 32936031 is_gc_concurrent: 1 target_footprint_: 20720558 GetBytesAllocated: 18029304 HeapGrowthMultiplier: 3
12-15 10:57:07.166  3179  3679 I com.miui.home: CheckGCForNative gc_urgency 0.68318 current_native_bytes is 139988309
12-15 10:57:07.381 12773 12773 I wm_on_create_called: [0,167358718,com.ucpro.BrowserActivity,performCreate,358]
12-15 10:57:07.385 12773 12773 I wm_on_start_called: [0,167358718,com.ucpro.BrowserActivity,handleStartActivity,4]
12-15 10:57:07.391 12773 12773 I wm_on_resume_called: [0,167358718,com.ucpro.BrowserActivity,RESUME_ACTIVITY,5]
12-15 10:57:07.412 12773 12773 I wm_on_top_resumed_gained_called: [167358718,com.ucpro.BrowserActivity,topStateChangedWhenResumed]
12-15 10:57:07.752  3179  3179 I wm_on_stop_called: [0,231357510,com.miui.home.launcher.Launcher,STOP_ACTIVITY_ITEM,5]
12-15 10:57:07.831  3179  3179 I wm_on_restart_called: [0,231357510,com.miui.home.launcher.Launcher,performRestartActivity,0]
12-15 10:57:07.832  3179  3179 I wm_on_start_called: [0,231357510,com.miui.home.launcher.Launcher,handleStartActivity,1]
12-15 10:57:07.922  3179  3339 I com.miui.home: CheckGCForNative adj_start_bytes: 36664285 NativeAllocationGcWatermark: 10978677 java_gc_start_bytes: 20196270 kNewNativeDiscountFactor: 2 kOldNativeDiscountFactor: 65536 old_native_bytes: 125954153 new_native_bytes: 25122568 add_bytes_allowed: 32936031 is_gc_concurrent: 1 target_footprint_: 20720558 GetBytesAllocated: 18971912 HeapGrowthMultiplier: 3
12-15 10:57:07.922  3179  3339 I com.miui.home: CheckGCForNative gc_urgency 0.860105 current_native_bytes is 151076721
12-15 10:57:07.922  3179  3421 I com.miui.home: CheckGCForNative adj_start_bytes: 36664285 NativeAllocationGcWatermark: 10978677 java_gc_start_bytes: 20196270 kNewNativeDiscountFactor: 2 kOldNativeDiscountFactor: 65536 old_native_bytes: 125954153 new_native_bytes: 35828488 add_bytes_allowed: 32936031 is_gc_concurrent: 1 target_footprint_: 20720558 GetBytesAllocated: 18988488 HeapGrowthMultiplier: 3
12-15 10:57:07.922  3179  3421 I com.miui.home: CheckGCForNative gc_urgency 1.00656 current_native_bytes is 161782641
12-15 10:57:07.922  3179  3179 I com.miui.home: CheckGCForNative adj_start_bytes: 36664285 NativeAllocationGcWatermark: 10978677 java_gc_start_bytes: 20196270 kNewNativeDiscountFactor: 2 kOldNativeDiscountFactor: 65536 old_native_bytes: 125954153 new_native_bytes: 46535048 add_bytes_allowed: 32936031 is_gc_concurrent: 1 target_footprint_: 20720558 GetBytesAllocated: 18988488 HeapGrowthMultiplier: 3
12-15 10:57:07.922  3179  3179 I com.miui.home: CheckGCForNative gc_urgency 1.15256 current_native_bytes is 172489201
12-15 10:57:07.922  3179  3179 I com.miui.home: CheckGCForNative requested 1
12-15 10:57:07.922  3179  3421 I com.miui.home: CheckGCForNative requested 1
12-15 10:57:07.950  3179  3314 I com.miui.home: CheckGCForNative adj_start_bytes: 36664285 NativeAllocationGcWatermark: 10978677 java_gc_start_bytes: 20196270 kNewNativeDiscountFactor: 2 kOldNativeDiscountFactor: 65536 old_native_bytes: 125954153 new_native_bytes: 25128648 add_bytes_allowed: 32936031 is_gc_concurrent: 1 target_footprint_: 20720558 GetBytesAllocated: 19021448 HeapGrowthMultiplier: 3
12-15 10:57:07.950  3179  3314 I com.miui.home: CheckGCForNative gc_urgency 0.861538 current_native_bytes is 151082801
12-15 10:57:07.972  3179  3314 I com.miui.home: CheckGCForNative adj_start_bytes: 36664285 NativeAllocationGcWatermark: 10978677 java_gc_start_bytes: 20196270 kNewNativeDiscountFactor: 2 kOldNativeDiscountFactor: 65536 old_native_bytes: 125954153 new_native_bytes: 25142312 add_bytes_allowed: 32936031 is_gc_concurrent: 1 target_footprint_: 20720558 GetBytesAllocated: 19037832 HeapGrowthMultiplier: 3
12-15 10:57:07.972  3179  3314 I com.miui.home: CheckGCForNative gc_urgency 0.862172 current_native_bytes is 151096465
12-15 10:57:08.091 12773 12773 I wm_on_destroy_called: [0,63900096,com.ucpro.MainActivity,performDestroy,2]
12-15 10:57:08.150  3179  3209 I com.miui.home: NativeAlloc concurrent copying GC freed 156030(8465KB) AllocSpace objects, 20(736KB) LOS objects, 49% free, 9517KB/18MB, paused 59us,81us total 227.324ms
12-15 10:57:08.242 12773 12773 I wm_on_idle_called: com.ucpro.BrowserActivity
12-15 10:57:08.305  3179  3314 I com.miui.home: CheckGCForNative gc_urgency 0 current_native_bytes is 134991929
12-15 10:57:08.458  3179  3179 I wm_on_resume_called: [0,231357510,com.miui.home.launcher.Launcher,RESUME_ACTIVITY,3]
12-15 10:57:08.458  3179  3179 I wm_on_idle_called: com.miui.home.launcher.Launcher
12-15 10:57:08.684  3179  3679 I com.miui.home: CheckGCForNative adj_start_bytes: 35566376 NativeAllocationGcWatermark: 10825169 java_gc_start_bytes: 19328623 kNewNativeDiscountFactor: 2 kOldNativeDiscountFactor: 65536 old_native_bytes: 134991929 new_native_bytes: 1637380 add_bytes_allowed: 32475507 is_gc_concurrent: 1 target_footprint_: 19492495 GetBytesAllocated: 11222312 HeapGrowthMultiplier: 3
12-15 10:57:08.684  3179  3679 I com.miui.home: CheckGCForNative gc_urgency 0.338608 current_native_bytes is 136629309
12-15 10:57:08.690  3179  3679 I com.miui.home: CheckGCForNative adj_start_bytes: 35566376 NativeAllocationGcWatermark: 10825169 java_gc_start_bytes: 19328623 kNewNativeDiscountFactor: 2 kOldNativeDiscountFactor: 65536 old_native_bytes: 134991929 new_native_bytes: 2171548 add_bytes_allowed: 32475507 is_gc_concurrent: 1 target_footprint_: 19492495 GetBytesAllocated: 11271528 HeapGrowthMultiplier: 3
12-15 10:57:08.690  3179  3679 I com.miui.home: CheckGCForNative gc_urgency 0.347501 current_native_bytes is 137163477
12-15 10:57:08.699  3179  3679 I com.miui.home: CheckGCForNative adj_start_bytes: 35566376 NativeAllocationGcWatermark: 10825169 java_gc_start_bytes: 19328623 kNewNativeDiscountFactor: 2 kOldNativeDiscountFactor: 65536 old_native_bytes: 134991929 new_native_bytes: 2406172 add_bytes_allowed: 32475507 is_gc_concurrent: 1 target_footprint_: 19492495 GetBytesAllocated: 11320680 HeapGrowthMultiplier: 3
12-15 10:57:08.699  3179  3679 I com.miui.home: CheckGCForNative gc_urgency 0.352642 current_native_bytes is 137398101
12-15 10:57:08.699  3179  3179 I wm_on_paused_called: [0,231357510,com.miui.home.launcher.Launcher,performPause,5]
12-15 10:57:08.828  3179  3314 I com.miui.home: CheckGCForNative adj_start_bytes: 35566376 NativeAllocationGcWatermark: 10825169 java_gc_start_bytes: 19328623 kNewNativeDiscountFactor: 2 kOldNativeDiscountFactor: 65536 old_native_bytes: 134991929 new_native_bytes: 2831824 add_bytes_allowed: 32475507 is_gc_concurrent: 1 target_footprint_: 19492495 GetBytesAllocated: 11902696 HeapGrowthMultiplier: 3
12-15 10:57:08.828  3179  3314 I com.miui.home: CheckGCForNative gc_urgency 0.37453 current_native_bytes is 137823753
12-15 10:57:08.904  3179  3679 I com.miui.home: CheckGCForNative adj_start_bytes: 35566376 NativeAllocationGcWatermark: 10825169 java_gc_start_bytes: 19328623 kNewNativeDiscountFactor: 2 kOldNativeDiscountFactor: 65536 old_native_bytes: 134991929 new_native_bytes: 3284144 add_bytes_allowed: 32475507 is_gc_concurrent: 1 target_footprint_: 19492495 GetBytesAllocated: 12263640 HeapGrowthMultiplier: 3
12-15 10:57:08.904  3179  3679 I com.miui.home: CheckGCForNative gc_urgency 0.391037 current_native_bytes is 138276073
12-15 10:57:08.916  3179  3314 I com.miui.home: CheckGCForNative adj_start_bytes: 35566376 NativeAllocationGcWatermark: 10825169 java_gc_start_bytes: 19328623 kNewNativeDiscountFactor: 2 kOldNativeDiscountFactor: 65536 old_native_bytes: 134991929 new_native_bytes: 3335204 add_bytes_allowed: 32475507 is_gc_concurrent: 1 target_footprint_: 19492495 GetBytesAllocated: 12378328 HeapGrowthMultiplier: 3
12-15 10:57:08.917  3179  3314 I com.miui.home: CheckGCForNative gc_urgency 0.394979 current_native_bytes is 138327133
