12-15 10:36:21.510  8496  8496 I wm_on_paused_called: [0,180080618,com.yxcorp.gifshow.HomeActivity,performPause,4]
12-15 10:36:21.523  3164  3164 I wm_on_resume_called: [0,231647695,com.miui.home.launcher.Launcher,RESUME_ACTIVITY,3]
12-15 10:36:21.523  3164  3164 I wm_on_top_resumed_gained_called: [231647695,com.miui.home.launcher.Launcher,topWhenResuming]
12-15 10:36:21.524  3164  3164 I wm_on_idle_called: com.miui.home.launcher.Launcher
12-15 10:36:21.668  3164  3164 I wm_on_top_resumed_lost_called: [231647695,com.miui.home.launcher.Launcher,topStateChangedWhenResumed]
12-15 10:36:21.674  3164  3164 I wm_on_paused_called: [0,231647695,com.miui.home.launcher.Launcher,performPause,1]
12-15 10:36:21.762  3164  3679 I com.miui.home: CheckGCForNative adj_start_bytes: 33538472 NativeAllocationGcWatermark: 10608253 java_gc_start_bytes: 17626093 kNewNativeDiscountFactor: 2 kOldNativeDiscountFactor: 65536 old_native_bytes: 146273329 new_native_bytes: 22241544 add_bytes_allowed: 31824759 is_gc_concurrent: 1 target_footprint_: 17757165 GetBytesAllocated: 16533352 HeapGrowthMultiplier: 3
12-15 10:36:21.762  3164  3679 I com.miui.home: CheckGCForNative gc_urgency 0.824616 current_native_bytes is 168514873
12-15 10:36:21.824  3164  3311 I com.miui.home: CheckGCForNative adj_start_bytes: 33538472 NativeAllocationGcWatermark: 10608253 java_gc_start_bytes: 17626093 kNewNativeDiscountFactor: 2 kOldNativeDiscountFactor: 65536 old_native_bytes: 146273329 new_native_bytes: 22588676 add_bytes_allowed: 31824759 is_gc_concurrent: 1 target_footprint_: 17757165 GetBytesAllocated: 17000392 HeapGrowthMultiplier: 3
12-15 10:36:21.824  3164  3311 I com.miui.home: CheckGCForNative gc_urgency 0.843716 current_native_bytes is 168862005
12-15 10:36:21.879  3164  3679 I com.miui.home: CheckGCForNative adj_start_bytes: 33538472 NativeAllocationGcWatermark: 10608253 java_gc_start_bytes: 17626093 kNewNativeDiscountFactor: 2 kOldNativeDiscountFactor: 65536 old_native_bytes: 146273329 new_native_bytes: 22731224 add_bytes_allowed: 31824759 is_gc_concurrent: 1 target_footprint_: 17757165 GetBytesAllocated: 17312008 HeapGrowthMultiplier: 3
12-15 10:36:21.879  3164  3679 I com.miui.home: CheckGCForNative gc_urgency 0.855133 current_native_bytes is 169004553
12-15 10:36:21.902  3164  3311 I com.miui.home: CheckGCForNative adj_start_bytes: 33538472 NativeAllocationGcWatermark: 10608253 java_gc_start_bytes: 17626093 kNewNativeDiscountFactor: 2 kOldNativeDiscountFactor: 65536 old_native_bytes: 146273329 new_native_bytes: 22869592 add_bytes_allowed: 31824759 is_gc_concurrent: 1 target_footprint_: 17757165 GetBytesAllocated: 17443080 HeapGrowthMultiplier: 3
12-15 10:36:21.902  3164  3311 I com.miui.home: CheckGCForNative gc_urgency 0.861104 current_native_bytes is 169142921
12-15 10:36:21.912  3164  3679 I com.miui.home: CheckGCForNative adj_start_bytes: 33538472 NativeAllocationGcWatermark: 10608253 java_gc_start_bytes: 17626093 kNewNativeDiscountFactor: 2 kOldNativeDiscountFactor: 65536 old_native_bytes: 146273329 new_native_bytes: 38907448 add_bytes_allowed: 31824759 is_gc_concurrent: 1 target_footprint_: 17757165 GetBytesAllocated: 17443080 HeapGrowthMultiplier: 3
12-15 10:36:21.912  3164  3679 I com.miui.home: CheckGCForNative gc_urgency 1.1002 current_native_bytes is 185180777
12-15 10:36:21.912  3164  3679 I com.miui.home: CheckGCForNative requested 1
12-15 10:36:22.559  8851  8851 I wm_on_create_called: [0,96759069,com.tencent.qqlive.ona.activity.SplashHomeActivity,performCreate,54]
12-15 10:36:22.566  8851  8851 I wm_on_start_called: [0,96759069,com.tencent.qqlive.ona.activity.SplashHomeActivity,handleStartActivity,6]
12-15 10:36:22.596  8851  8851 I wm_on_resume_called: [0,96759069,com.tencent.qqlive.ona.activity.SplashHomeActivity,RESUME_ACTIVITY,29]
12-15 10:36:22.616  8851  8851 I wm_on_top_resumed_gained_called: [96759069,com.tencent.qqlive.ona.activity.SplashHomeActivity,topStateChangedWhenResumed]
12-15 10:36:23.037  3164  3164 I wm_on_stop_called: [0,231647695,com.miui.home.launcher.Launcher,STOP_ACTIVITY_ITEM,14]
12-15 10:36:23.276  3164  3164 I wm_on_restart_called: [0,231647695,com.miui.home.launcher.Launcher,performRestartActivity,0]
12-15 10:36:23.276  3164  3164 I wm_on_start_called: [0,231647695,com.miui.home.launcher.Launcher,handleStartActivity,0]
12-15 10:36:23.351  3164  3534 I com.miui.home: CheckGCForNative gc_urgency 0 current_native_bytes is 142724913
12-15 10:36:23.351  3164  3534 I com.miui.home: CheckGCForNative adj_start_bytes: 34260719 NativeAllocationGcWatermark: 10684279 java_gc_start_bytes: 18234301 kNewNativeDiscountFactor: 2 kOldNativeDiscountFactor: 65536 old_native_bytes: 142724913 new_native_bytes: 10705920 add_bytes_allowed: 32052837 is_gc_concurrent: 1 target_footprint_: 18365373 GetBytesAllocated: 10027456 HeapGrowthMultiplier: 3
12-15 10:36:23.351  3164  3534 I com.miui.home: CheckGCForNative gc_urgency 0.448986 current_native_bytes is 153430833
12-15 10:36:23.446  3164  3311 I com.miui.home: CheckGCForNative adj_start_bytes: 34260719 NativeAllocationGcWatermark: 10684279 java_gc_start_bytes: 18234301 kNewNativeDiscountFactor: 2 kOldNativeDiscountFactor: 65536 old_native_bytes: 142724913 new_native_bytes: 118520 add_bytes_allowed: 32052837 is_gc_concurrent: 1 target_footprint_: 18365373 GetBytesAllocated: 10355664 HeapGrowthMultiplier: 3
12-15 10:36:23.446  3164  3311 I com.miui.home: CheckGCForNative gc_urgency 0.304054 current_native_bytes is 142843433
12-15 10:36:23.459  3164  3534 I com.miui.home: CheckGCForNative adj_start_bytes: 34260719 NativeAllocationGcWatermark: 10684279 java_gc_start_bytes: 18234301 kNewNativeDiscountFactor: 2 kOldNativeDiscountFactor: 65536 old_native_bytes: 142724913 new_native_bytes: 10819576 add_bytes_allowed: 32052837 is_gc_concurrent: 1 target_footprint_: 18365373 GetBytesAllocated: 10388464 HeapGrowthMultiplier: 3
12-15 10:36:23.459  3164  3534 I com.miui.home: CheckGCForNative gc_urgency 0.461182 current_native_bytes is 153544489
12-15 10:36:23.790  3164  3311 I com.miui.home: CheckGCForNative adj_start_bytes: 34260719 NativeAllocationGcWatermark: 10684279 java_gc_start_bytes: 18234301 kNewNativeDiscountFactor: 2 kOldNativeDiscountFactor: 65536 old_native_bytes: 142724913 new_native_bytes: 139704 add_bytes_allowed: 32052837 is_gc_concurrent: 1 target_footprint_: 18365373 GetBytesAllocated: 10667632 HeapGrowthMultiplier: 3
12-15 10:36:23.791  3164  3311 I com.miui.home: CheckGCForNative gc_urgency 0.313469 current_native_bytes is 142864617
12-15 10:36:23.885  3164  9541 I com.miui.home: CheckGCForNative adj_start_bytes: 34260719 NativeAllocationGcWatermark: 10684279 java_gc_start_bytes: 18234301 kNewNativeDiscountFactor: 2 kOldNativeDiscountFactor: 65536 old_native_bytes: 142724913 new_native_bytes: 212712 add_bytes_allowed: 32052837 is_gc_concurrent: 1 target_footprint_: 18365373 GetBytesAllocated: 10897440 HeapGrowthMultiplier: 3
12-15 10:36:23.885  3164  9541 I com.miui.home: CheckGCForNative gc_urgency 0.321242 current_native_bytes is 142937625
12-15 10:36:24.266  3164  3164 I wm_on_resume_called: [0,231647695,com.miui.home.launcher.Launcher,RESUME_ACTIVITY,3]
12-15 10:36:24.267  3164  3164 I wm_on_paused_called: [0,231647695,com.miui.home.launcher.Launcher,performPause,1]
12-15 10:36:24.291  3164  3679 I com.miui.home: CheckGCForNative adj_start_bytes: 34260719 NativeAllocationGcWatermark: 10684279 java_gc_start_bytes: 18234301 kNewNativeDiscountFactor: 2 kOldNativeDiscountFactor: 65536 old_native_bytes: 142724913 new_native_bytes: 269092 add_bytes_allowed: 32052837 is_gc_concurrent: 1 target_footprint_: 18365373 GetBytesAllocated: 11521184 HeapGrowthMultiplier: 3
12-15 10:36:24.291  3164  3679 I com.miui.home: CheckGCForNative gc_urgency 0.34027 current_native_bytes is 142994005
12-15 10:36:24.314  3164  3164 I wm_on_idle_called: com.miui.home.launcher.Launcher
12-15 10:36:24.417  3164  9541 I com.miui.home: CheckGCForNative adj_start_bytes: 34260719 NativeAllocationGcWatermark: 10684279 java_gc_start_bytes: 18234301 kNewNativeDiscountFactor: 2 kOldNativeDiscountFactor: 65536 old_native_bytes: 142724913 new_native_bytes: 838456 add_bytes_allowed: 32052837 is_gc_concurrent: 1 target_footprint_: 18365373 GetBytesAllocated: 11849088 HeapGrowthMultiplier: 3
12-15 10:36:24.417  3164  9541 I com.miui.home: CheckGCForNative gc_urgency 0.365086 current_native_bytes is 143563369
12-15 10:36:24.493  3164  3679 I com.miui.home: CheckGCForNative adj_start_bytes: 34260719 NativeAllocationGcWatermark: 10684279 java_gc_start_bytes: 18234301 kNewNativeDiscountFactor: 2 kOldNativeDiscountFactor: 65536 old_native_bytes: 142724913 new_native_bytes: 2138464 add_bytes_allowed: 32052837 is_gc_concurrent: 1 target_footprint_: 18365373 GetBytesAllocated: 12234320 HeapGrowthMultiplier: 3
12-15 10:36:24.493  3164  3679 I com.miui.home: CheckGCForNative gc_urgency 0.388367 current_native_bytes is 144863377
12-15 10:36:24.525  3164  3679 I com.miui.home: CheckGCForNative adj_start_bytes: 34260719 NativeAllocationGcWatermark: 10684279 java_gc_start_bytes: 18234301 kNewNativeDiscountFactor: 2 kOldNativeDiscountFactor: 65536 old_native_bytes: 142724913 new_native_bytes: 2429432 add_bytes_allowed: 32052837 is_gc_concurrent: 1 target_footprint_: 18365373 GetBytesAllocated: 12299920 HeapGrowthMultiplier: 3
12-15 10:36:24.526  3164  3679 I com.miui.home: CheckGCForNative gc_urgency 0.394528 current_native_bytes is 145154345
12-15 10:36:24.559  3164  3679 I com.miui.home: CheckGCForNative adj_start_bytes: 34260719 NativeAllocationGcWatermark: 10684279 java_gc_start_bytes: 18234301 kNewNativeDiscountFactor: 2 kOldNativeDiscountFactor: 65536 old_native_bytes: 142724913 new_native_bytes: 2883960 add_bytes_allowed: 32052837 is_gc_concurrent: 1 target_footprint_: 18365373 GetBytesAllocated: 12546032 HeapGrowthMultiplier: 3
12-15 10:36:24.559  3164  3679 I com.miui.home: CheckGCForNative gc_urgency 0.408345 current_native_bytes is 145608873
12-15 10:36:24.584  3164  3679 I com.miui.home: CheckGCForNative adj_start_bytes: 34260719 NativeAllocationGcWatermark: 10684279 java_gc_start_bytes: 18234301 kNewNativeDiscountFactor: 2 kOldNativeDiscountFactor: 65536 old_native_bytes: 142724913 new_native_bytes: 13844012 add_bytes_allowed: 32052837 is_gc_concurrent: 1 target_footprint_: 18365373 GetBytesAllocated: 12726256 HeapGrowthMultiplier: 3
12-15 10:36:24.585  3164  3679 I com.miui.home: CheckGCForNative gc_urgency 0.573556 current_native_bytes is 156568925
12-15 10:36:24.646  3164  3311 I com.miui.home: CheckGCForNative adj_start_bytes: 34260719 NativeAllocationGcWatermark: 10684279 java_gc_start_bytes: 18234301 kNewNativeDiscountFactor: 2 kOldNativeDiscountFactor: 65536 old_native_bytes: 142724913 new_native_bytes: 3143276 add_bytes_allowed: 32052837 is_gc_concurrent: 1 target_footprint_: 18365373 GetBytesAllocated: 12759216 HeapGrowthMultiplier: 3
12-15 10:36:24.646  3164  3311 I com.miui.home: CheckGCForNative gc_urgency 0.418352 current_native_bytes is 145868189
12-15 10:36:24.660  5721  5721 I wm_on_create_called: [0,206906848,com.tencent.mobileqq.activity.SplashActivity,performCreate,171]
12-15 10:36:24.668  5721  5721 I wm_on_start_called: [0,206906848,com.tencent.mobileqq.activity.SplashActivity,handleStartActivity,7]
12-15 10:36:24.701  5721  5721 I wm_on_resume_called: [0,206906848,com.tencent.mobileqq.activity.SplashActivity,RESUME_ACTIVITY,30]
12-15 10:36:24.741  5721  5721 I wm_on_top_resumed_gained_called: [206906848,com.tencent.mobileqq.activity.SplashActivity,topStateChangedWhenResumed]
12-15 10:36:24.880  3164  3164 I wm_on_stop_called: [0,231647695,com.miui.home.launcher.Launcher,STOP_ACTIVITY_ITEM,3]
12-15 10:36:24.957  5721  5721 I wm_on_top_resumed_lost_called: [206906848,com.tencent.mobileqq.activity.SplashActivity,topStateChangedWhenResumed]
12-15 10:36:24.959  5721  5721 I wm_on_paused_called: [0,206906848,com.tencent.mobileqq.activity.SplashActivity,performPause,1]
12-15 10:36:25.028  5721  5721 I wm_on_create_called: [0,117479919,com.tencent.mobileqq.activity.LoginActivity,performCreate,40]
12-15 10:36:25.065  5721  5721 I wm_on_start_called: [0,117479919,com.tencent.mobileqq.activity.LoginActivity,handleStartActivity,35]
12-15 10:36:25.070  5721  5721 I wm_on_resume_called: [0,117479919,com.tencent.mobileqq.activity.LoginActivity,RESUME_ACTIVITY,4]
12-15 10:36:25.076  5721  5721 I wm_on_top_resumed_gained_called: [117479919,com.tencent.mobileqq.activity.LoginActivity,topStateChangedWhenResumed]
12-15 10:36:25.121  3164  3679 I com.miui.home: CheckGCForNative adj_start_bytes: 34260719 NativeAllocationGcWatermark: 10684279 java_gc_start_bytes: 18234301 kNewNativeDiscountFactor: 2 kOldNativeDiscountFactor: 65536 old_native_bytes: 142724913 new_native_bytes: 3086224 add_bytes_allowed: 32052837 is_gc_concurrent: 1 target_footprint_: 18365373 GetBytesAllocated: 13358416 HeapGrowthMultiplier: 3
12-15 10:36:25.122  3164  3679 I com.miui.home: CheckGCForNative gc_urgency 0.435009 current_native_bytes is 145811137
12-15 10:36:25.126  3164  3679 I com.miui.home: CheckGCForNative adj_start_bytes: 34260719 NativeAllocationGcWatermark: 10684279 java_gc_start_bytes: 18234301 kNewNativeDiscountFactor: 2 kOldNativeDiscountFactor: 65536 old_native_bytes: 142724913 new_native_bytes: 3176264 add_bytes_allowed: 32052837 is_gc_concurrent: 1 target_footprint_: 18365373 GetBytesAllocated: 13374800 HeapGrowthMultiplier: 3
12-15 10:36:25.126  3164  3679 I com.miui.home: CheckGCForNative gc_urgency 0.436801 current_native_bytes is 145901177
12-15 10:36:25.158  5721  5721 I wm_on_idle_called: com.tencent.mobileqq.activity.LoginActivity
12-15 10:36:25.201  3164  3679 I com.miui.home: CheckGCForNative adj_start_bytes: 34260719 NativeAllocationGcWatermark: 10684279 java_gc_start_bytes: 18234301 kNewNativeDiscountFactor: 2 kOldNativeDiscountFactor: 65536 old_native_bytes: 142724913 new_native_bytes: 3466760 add_bytes_allowed: 32052837 is_gc_concurrent: 1 target_footprint_: 18365373 GetBytesAllocated: 13735600 HeapGrowthMultiplier: 3
12-15 10:36:25.201  3164  3679 I com.miui.home: CheckGCForNative gc_urgency 0.451571 current_native_bytes is 146191673
12-15 10:36:25.674  5721  5721 I wm_on_stop_called: [0,206906848,com.tencent.mobileqq.activity.SplashActivity,LIFECYCLER_STOP_ACTIVITY,1]
12-15 10:36:25.679  5721  5721 I wm_on_destroy_called: [0,206906848,com.tencent.mobileqq.activity.SplashActivity,performDestroy,3]
12-15 10:36:25.755  3164  3164 I wm_on_restart_called: [0,231647695,com.miui.home.launcher.Launcher,performRestartActivity,0]
12-15 10:36:25.756  3164  3164 I wm_on_start_called: [0,231647695,com.miui.home.launcher.Launcher,handleStartActivity,1]
12-15 10:36:25.782  3164  3201 I com.miui.home: CheckGCForNative adj_start_bytes: 34260719 NativeAllocationGcWatermark: 10684279 java_gc_start_bytes: 18234301 kNewNativeDiscountFactor: 2 kOldNativeDiscountFactor: 65536 old_native_bytes: 142724913 new_native_bytes: 14318156 add_bytes_allowed: 32052837 is_gc_concurrent: 1 target_footprint_: 18365373 GetBytesAllocated: 14350336 HeapGrowthMultiplier: 3
12-15 10:36:25.783  3164  3201 I com.miui.home: CheckGCForNative gc_urgency 0.627879 current_native_bytes is 157043069
12-15 10:36:25.783  3164  3201 I com.miui.home: CheckGCForNative adj_start_bytes: 34260719 NativeAllocationGcWatermark: 10684279 java_gc_start_bytes: 18234301 kNewNativeDiscountFactor: 2 kOldNativeDiscountFactor: 65536 old_native_bytes: 142724913 new_native_bytes: 25024716 add_bytes_allowed: 32052837 is_gc_concurrent: 1 target_footprint_: 18365373 GetBytesAllocated: 14366912 HeapGrowthMultiplier: 3
12-15 10:36:25.783  3164  3201 I com.miui.home: CheckGCForNative gc_urgency 0.784614 current_native_bytes is 167749629
12-15 10:36:25.829  3164  3201 I com.miui.home: CheckGCForNative adj_start_bytes: 34260719 NativeAllocationGcWatermark: 10684279 java_gc_start_bytes: 18234301 kNewNativeDiscountFactor: 2 kOldNativeDiscountFactor: 65536 old_native_bytes: 142724913 new_native_bytes: 25152644 add_bytes_allowed: 32052837 is_gc_concurrent: 1 target_footprint_: 18365373 GetBytesAllocated: 14432544 HeapGrowthMultiplier: 3
12-15 10:36:25.829  3164  3201 I com.miui.home: CheckGCForNative gc_urgency 0.788397 current_native_bytes is 167877557
12-15 10:36:25.935  3164  3311 I com.miui.home: CheckGCForNative adj_start_bytes: 34260719 NativeAllocationGcWatermark: 10684279 java_gc_start_bytes: 18234301 kNewNativeDiscountFactor: 2 kOldNativeDiscountFactor: 65536 old_native_bytes: 142724913 new_native_bytes: 14511940 add_bytes_allowed: 32052837 is_gc_concurrent: 1 target_footprint_: 18365373 GetBytesAllocated: 14514656 HeapGrowthMultiplier: 3
12-15 10:36:25.935  3164  3311 I com.miui.home: CheckGCForNative gc_urgency 0.635503 current_native_bytes is 157236853
12-15 10:36:26.290  3164  3311 I com.miui.home: CheckGCForNative adj_start_bytes: 34260719 NativeAllocationGcWatermark: 10684279 java_gc_start_bytes: 18234301 kNewNativeDiscountFactor: 2 kOldNativeDiscountFactor: 65536 old_native_bytes: 142724913 new_native_bytes: 14523460 add_bytes_allowed: 32052837 is_gc_concurrent: 1 target_footprint_: 18365373 GetBytesAllocated: 14662112 HeapGrowthMultiplier: 3
12-15 10:36:26.290  3164  3311 I com.miui.home: CheckGCForNative gc_urgency 0.639975 current_native_bytes is 157248373
12-15 10:36:26.313  3164  3311 I com.miui.home: CheckGCForNative adj_start_bytes: 34260719 NativeAllocationGcWatermark: 10684279 java_gc_start_bytes: 18234301 kNewNativeDiscountFactor: 2 kOldNativeDiscountFactor: 65536 old_native_bytes: 142724913 new_native_bytes: 14525252 add_bytes_allowed: 32052837 is_gc_concurrent: 1 target_footprint_: 18365373 GetBytesAllocated: 14678496 HeapGrowthMultiplier: 3
12-15 10:36:26.313  3164  3311 I com.miui.home: CheckGCForNative gc_urgency 0.64048 current_native_bytes is 157250165
12-15 10:36:26.331  5721  5721 I wm_on_top_resumed_lost_called: [117479919,com.tencent.mobileqq.activity.LoginActivity,topStateChangedWhenResumed]
12-15 10:36:26.343  3164  3164 I wm_on_resume_called: [0,231647695,com.miui.home.launcher.Launcher,RESUME_ACTIVITY,2]
12-15 10:36:26.344  3164  3164 I wm_on_idle_called: com.miui.home.launcher.Launcher
12-15 10:36:26.356  3164  3164 I wm_on_top_resumed_gained_called: [231647695,com.miui.home.launcher.Launcher,topStateChangedWhenResumed]
12-15 10:36:26.357  5721  5721 I wm_on_paused_called: [0,117479919,com.tencent.mobileqq.activity.LoginActivity,performPause,1]
12-15 10:36:26.397  5721  5721 I wm_on_stop_called: [0,117479919,com.tencent.mobileqq.activity.LoginActivity,STOP_ACTIVITY_ITEM,11]
12-15 10:36:26.484  3164  3679 I com.miui.home: CheckGCForNative adj_start_bytes: 34260719 NativeAllocationGcWatermark: 10684279 java_gc_start_bytes: 18234301 kNewNativeDiscountFactor: 2 kOldNativeDiscountFactor: 65536 old_native_bytes: 142724913 new_native_bytes: 14783832 add_bytes_allowed: 32052837 is_gc_concurrent: 1 target_footprint_: 18365373 GetBytesAllocated: 15793888 HeapGrowthMultiplier: 3
12-15 10:36:26.484  3164  3679 I com.miui.home: CheckGCForNative gc_urgency 0.676809 current_native_bytes is 157508745
12-15 10:36:26.493  3164  3679 I com.miui.home: CheckGCForNative adj_start_bytes: 34260719 NativeAllocationGcWatermark: 10684279 java_gc_start_bytes: 18234301 kNewNativeDiscountFactor: 2 kOldNativeDiscountFactor: 65536 old_native_bytes: 142724913 new_native_bytes: 25590776 add_bytes_allowed: 32052837 is_gc_concurrent: 1 target_footprint_: 18365373 GetBytesAllocated: 15908576 HeapGrowthMultiplier: 3
12-15 10:36:26.493  3164  3679 I com.miui.home: CheckGCForNative gc_urgency 0.837873 current_native_bytes is 168315689
12-15 10:36:26.509  3164  3679 I com.miui.home: CheckGCForNative adj_start_bytes: 34260719 NativeAllocationGcWatermark: 10684279 java_gc_start_bytes: 18234301 kNewNativeDiscountFactor: 2 kOldNativeDiscountFactor: 65536 old_native_bytes: 142724913 new_native_bytes: 15119704 add_bytes_allowed: 32052837 is_gc_concurrent: 1 target_footprint_: 18365373 GetBytesAllocated: 16171280 HeapGrowthMultiplier: 3
12-15 10:36:26.509  3164  3679 I com.miui.home: CheckGCForNative gc_urgency 0.692726 current_native_bytes is 157844617
12-15 10:36:26.689  3164  3164 I wm_on_top_resumed_lost_called: [231647695,com.miui.home.launcher.Launcher,topStateChangedWhenResumed]
12-15 10:36:26.698  3164  3164 I wm_on_paused_called: [0,231647695,com.miui.home.launcher.Launcher,performPause,1]
12-15 10:36:26.756  3164  3679 I com.miui.home: CheckGCForNative adj_start_bytes: 34260719 NativeAllocationGcWatermark: 10684279 java_gc_start_bytes: 18234301 kNewNativeDiscountFactor: 2 kOldNativeDiscountFactor: 65536 old_native_bytes: 142724913 new_native_bytes: 15428104 add_bytes_allowed: 32052837 is_gc_concurrent: 1 target_footprint_: 18365373 GetBytesAllocated: 16745168 HeapGrowthMultiplier: 3
12-15 10:36:26.756  3164  3679 I com.miui.home: CheckGCForNative gc_urgency 0.713978 current_native_bytes is 158153017
12-15 10:36:26.800  3164  3308 I com.miui.home: CheckGCForNative adj_start_bytes: 34260719 NativeAllocationGcWatermark: 10684279 java_gc_start_bytes: 18234301 kNewNativeDiscountFactor: 2 kOldNativeDiscountFactor: 65536 old_native_bytes: 142724913 new_native_bytes: 15802244 add_bytes_allowed: 32052837 is_gc_concurrent: 1 target_footprint_: 18365373 GetBytesAllocated: 17097520 HeapGrowthMultiplier: 3
12-15 10:36:26.800  3164  3308 I com.miui.home: CheckGCForNative gc_urgency 0.730201 current_native_bytes is 158527157
12-15 10:36:26.860  3164  3679 I com.miui.home: CheckGCForNative adj_start_bytes: 34260719 NativeAllocationGcWatermark: 10684279 java_gc_start_bytes: 18234301 kNewNativeDiscountFactor: 2 kOldNativeDiscountFactor: 65536 old_native_bytes: 142724913 new_native_bytes: 16019456 add_bytes_allowed: 32052837 is_gc_concurrent: 1 target_footprint_: 18365373 GetBytesAllocated: 17540288 HeapGrowthMultiplier: 3
12-15 10:36:26.860  3164  3679 I com.miui.home: CheckGCForNative gc_urgency 0.745816 current_native_bytes is 158744369
12-15 10:36:26.917  3164  3679 I com.miui.home: CheckGCForNative adj_start_bytes: 34260719 NativeAllocationGcWatermark: 10684279 java_gc_start_bytes: 18234301 kNewNativeDiscountFactor: 2 kOldNativeDiscountFactor: 65536 old_native_bytes: 142724913 new_native_bytes: 16394848 add_bytes_allowed: 32052837 is_gc_concurrent: 1 target_footprint_: 18365373 GetBytesAllocated: 17884736 HeapGrowthMultiplier: 3
12-15 10:36:26.917  3164  3679 I com.miui.home: CheckGCForNative gc_urgency 0.761348 current_native_bytes is 159119761
12-15 10:36:27.424  9729  9729 I wm_on_create_called: [0,229192453,com.tencent.mtt.SplashActivity,performCreate,94]
12-15 10:36:27.484  9729  9729 I wm_on_create_called: [0,32980594,com.tencent.mtt.MainActivity,performCreate,12]
12-15 10:36:27.488  9729  9729 I wm_on_start_called: [0,32980594,com.tencent.mtt.MainActivity,handleStartActivity,3]
12-15 10:36:27.568  3164  3679 I com.miui.home: CheckGCForNative adj_start_bytes: 34260719 NativeAllocationGcWatermark: 10684279 java_gc_start_bytes: 18234301 kNewNativeDiscountFactor: 2 kOldNativeDiscountFactor: 65536 old_native_bytes: 142724913 new_native_bytes: 16587572 add_bytes_allowed: 32052837 is_gc_concurrent: 1 target_footprint_: 18365373 GetBytesAllocated: 18344384 HeapGrowthMultiplier: 3
12-15 10:36:27.568  3164  3679 I com.miui.home: CheckGCForNative gc_urgency 0.777577 current_native_bytes is 159312485
12-15 10:36:27.602  3164  3679 I com.miui.home: CheckGCForNative adj_start_bytes: 34260719 NativeAllocationGcWatermark: 10684279 java_gc_start_bytes: 18234301 kNewNativeDiscountFactor: 2 kOldNativeDiscountFactor: 65536 old_native_bytes: 142724913 new_native_bytes: 16780840 add_bytes_allowed: 32052837 is_gc_concurrent: 1 target_footprint_: 18365373 GetBytesAllocated: 18557376 HeapGrowthMultiplier: 3
12-15 10:36:27.602  3164  3679 I com.miui.home: CheckGCForNative gc_urgency 0.786614 current_native_bytes is 159505753
12-15 10:36:27.639  3164  3679 I com.miui.home: CheckGCForNative gc_urgency 0 current_native_bytes is 155976909
12-15 10:36:27.761  9729  9729 I wm_on_resume_called: [0,32980594,com.tencent.mtt.MainActivity,RESUME_ACTIVITY,272]
12-15 10:36:27.768  9729  9729 I wm_on_top_resumed_gained_called: [32980594,com.tencent.mtt.MainActivity,topStateChangedWhenResumed]
12-15 10:36:28.072  3164  3164 I wm_on_stop_called: [0,231647695,com.miui.home.launcher.Launcher,STOP_ACTIVITY_ITEM,2]
12-15 10:36:28.183  9729  9729 I wm_on_destroy_called: [0,229192453,com.tencent.mtt.SplashActivity,performDestroy,4]
12-15 10:36:28.215  9729  9729 I wm_on_idle_called: com.tencent.mtt.MainActivity
12-15 10:36:28.231  3164  3164 I wm_on_restart_called: [0,231647695,com.miui.home.launcher.Launcher,performRestartActivity,0]
12-15 10:36:28.232  3164  3164 I wm_on_start_called: [0,231647695,com.miui.home.launcher.Launcher,handleStartActivity,1]
12-15 10:36:28.293  3164  3534 I com.miui.home: CheckGCForNative adj_start_bytes: 33867503 NativeAllocationGcWatermark: 10684279 java_gc_start_bytes: 17841085 kNewNativeDiscountFactor: 2 kOldNativeDiscountFactor: 65536 old_native_bytes: 155976909 new_native_bytes: 10036172 add_bytes_allowed: 32052837 is_gc_concurrent: 1 target_footprint_: 18365373 GetBytesAllocated: 11227512 HeapGrowthMultiplier: 3
12-15 10:36:28.293  3164  3534 I com.miui.home: CheckGCForNative gc_urgency 0.479751 current_native_bytes is 166013081
12-15 10:36:28.294  3164  3534 I com.miui.home: CheckGCForNative adj_start_bytes: 33867503 NativeAllocationGcWatermark: 10684279 java_gc_start_bytes: 17841085 kNewNativeDiscountFactor: 2 kOldNativeDiscountFactor: 65536 old_native_bytes: 155976909 new_native_bytes: 20742092 add_bytes_allowed: 32052837 is_gc_concurrent: 1 target_footprint_: 18365373 GetBytesAllocated: 11227704 HeapGrowthMultiplier: 3
12-15 10:36:28.294  3164  3534 I com.miui.home: CheckGCForNative gc_urgency 0.637813 current_native_bytes is 176719001
12-15 10:36:28.314  3164  3534 I com.miui.home: CheckGCForNative adj_start_bytes: 33867503 NativeAllocationGcWatermark: 10684279 java_gc_start_bytes: 17841085 kNewNativeDiscountFactor: 2 kOldNativeDiscountFactor: 65536 old_native_bytes: 155976909 new_native_bytes: 20745996 add_bytes_allowed: 32052837 is_gc_concurrent: 1 target_footprint_: 18365373 GetBytesAllocated: 11309624 HeapGrowthMultiplier: 3
12-15 10:36:28.314  3164  3534 I com.miui.home: CheckGCForNative gc_urgency 0.640289 current_native_bytes is 176722905
12-15 10:36:28.357  3164  3311 I com.miui.home: CheckGCForNative adj_start_bytes: 33867503 NativeAllocationGcWatermark: 10684279 java_gc_start_bytes: 17841085 kNewNativeDiscountFactor: 2 kOldNativeDiscountFactor: 65536 old_native_bytes: 155976909 new_native_bytes: 10159236 add_bytes_allowed: 32052837 is_gc_concurrent: 1 target_footprint_: 18365373 GetBytesAllocated: 11457368 HeapGrowthMultiplier: 3
12-15 10:36:28.357  3164  3311 I com.miui.home: CheckGCForNative gc_urgency 0.488355 current_native_bytes is 166136145
12-15 10:36:28.479  3164  3311 I com.miui.home: CheckGCForNative adj_start_bytes: 33867503 NativeAllocationGcWatermark: 10684279 java_gc_start_bytes: 17841085 kNewNativeDiscountFactor: 2 kOldNativeDiscountFactor: 65536 old_native_bytes: 155976909 new_native_bytes: 10168964 add_bytes_allowed: 32052837 is_gc_concurrent: 1 target_footprint_: 18365373 GetBytesAllocated: 11506520 HeapGrowthMultiplier: 3
12-15 10:36:28.479  3164  3311 I com.miui.home: CheckGCForNative gc_urgency 0.48995 current_native_bytes is 166145873
12-15 10:36:28.823  9729  9729 I wm_on_top_resumed_lost_called: [32980594,com.tencent.mtt.MainActivity,topStateChangedWhenResumed]
12-15 10:36:28.842  3164  3164 I wm_on_resume_called: [0,231647695,com.miui.home.launcher.Launcher,RESUME_ACTIVITY,4]
12-15 10:36:28.843  3164  3164 I wm_on_idle_called: com.miui.home.launcher.Launcher
12-15 10:36:28.861  3164  3164 I wm_on_top_resumed_gained_called: [231647695,com.miui.home.launcher.Launcher,topStateChangedWhenResumed]
12-15 10:36:28.864  9729  9729 I wm_on_paused_called: [0,32980594,com.tencent.mtt.MainActivity,performPause,3]
12-15 10:36:28.980  3164  3679 I com.miui.home: CheckGCForNative adj_start_bytes: 33867503 NativeAllocationGcWatermark: 10684279 java_gc_start_bytes: 17841085 kNewNativeDiscountFactor: 2 kOldNativeDiscountFactor: 65536 old_native_bytes: 155976909 new_native_bytes: 10265444 add_bytes_allowed: 32052837 is_gc_concurrent: 1 target_footprint_: 18365373 GetBytesAllocated: 12572856 HeapGrowthMultiplier: 3
12-15 10:36:28.980  3164  3679 I com.miui.home: CheckGCForNative gc_urgency 0.52286 current_native_bytes is 166242353
12-15 10:36:29.003  3164  3679 I com.miui.home: CheckGCForNative adj_start_bytes: 33867503 NativeAllocationGcWatermark: 10684279 java_gc_start_bytes: 17841085 kNewNativeDiscountFactor: 2 kOldNativeDiscountFactor: 65536 old_native_bytes: 155976909 new_native_bytes: 10552376 add_bytes_allowed: 32052837 is_gc_concurrent: 1 target_footprint_: 18365373 GetBytesAllocated: 12785848 HeapGrowthMultiplier: 3
12-15 10:36:29.003  3164  3679 I com.miui.home: CheckGCForNative gc_urgency 0.533385 current_native_bytes is 166529285
12-15 10:36:29.009  3164  3679 I com.miui.home: CheckGCForNative adj_start_bytes: 33867503 NativeAllocationGcWatermark: 10684279 java_gc_start_bytes: 17841085 kNewNativeDiscountFactor: 2 kOldNativeDiscountFactor: 65536 old_native_bytes: 155976909 new_native_bytes: 21359864 add_bytes_allowed: 32052837 is_gc_concurrent: 1 target_footprint_: 18365373 GetBytesAllocated: 12851384 HeapGrowthMultiplier: 3
12-15 10:36:29.009  3164  3679 I com.miui.home: CheckGCForNative gc_urgency 0.694875 current_native_bytes is 177336773
12-15 10:36:29.029  3164  3679 I com.miui.home: CheckGCForNative adj_start_bytes: 33867503 NativeAllocationGcWatermark: 10684279 java_gc_start_bytes: 17841085 kNewNativeDiscountFactor: 2 kOldNativeDiscountFactor: 65536 old_native_bytes: 155976909 new_native_bytes: 10739148 add_bytes_allowed: 32052837 is_gc_concurrent: 1 target_footprint_: 18365373 GetBytesAllocated: 13146888 HeapGrowthMultiplier: 3
12-15 10:36:29.029  3164  3679 I com.miui.home: CheckGCForNative gc_urgency 0.546803 current_native_bytes is 166716057
12-15 10:36:29.063  9729  9729 I wm_on_stop_called: [0,32980594,com.tencent.mtt.MainActivity,STOP_ACTIVITY_ITEM,164]
12-15 10:36:29.289  3164  3164 I wm_on_top_resumed_lost_called: [231647695,com.miui.home.launcher.Launcher,topStateChangedWhenResumed]
12-15 10:36:29.319  3164  3164 I wm_on_paused_called: [0,231647695,com.miui.home.launcher.Launcher,performPause,1]
12-15 10:36:29.364  3164  3679 I com.miui.home: CheckGCForNative adj_start_bytes: 33867503 NativeAllocationGcWatermark: 10684279 java_gc_start_bytes: 17841085 kNewNativeDiscountFactor: 2 kOldNativeDiscountFactor: 65536 old_native_bytes: 155976909 new_native_bytes: 11049768 add_bytes_allowed: 32052837 is_gc_concurrent: 1 target_footprint_: 18365373 GetBytesAllocated: 13753656 HeapGrowthMultiplier: 3
12-15 10:36:29.365  3164  3679 I com.miui.home: CheckGCForNative gc_urgency 0.569304 current_native_bytes is 167026677
12-15 10:36:29.505  3164  3679 I com.miui.home: CheckGCForNative adj_start_bytes: 33867503 NativeAllocationGcWatermark: 10684279 java_gc_start_bytes: 17841085 kNewNativeDiscountFactor: 2 kOldNativeDiscountFactor: 65536 old_native_bytes: 155976909 new_native_bytes: 11353052 add_bytes_allowed: 32052837 is_gc_concurrent: 1 target_footprint_: 18365373 GetBytesAllocated: 14368584 HeapGrowthMultiplier: 3
12-15 10:36:29.505  3164  3679 I com.miui.home: CheckGCForNative gc_urgency 0.591939 current_native_bytes is 167329961
12-15 10:36:29.535  3164  3311 I com.miui.home: CheckGCForNative adj_start_bytes: 33867503 NativeAllocationGcWatermark: 10684279 java_gc_start_bytes: 17841085 kNewNativeDiscountFactor: 2 kOldNativeDiscountFactor: 65536 old_native_bytes: 155976909 new_native_bytes: 11498652 add_bytes_allowed: 32052837 is_gc_concurrent: 1 target_footprint_: 18365373 GetBytesAllocated: 14466888 HeapGrowthMultiplier: 3
12-15 10:36:29.535  3164  3311 I com.miui.home: CheckGCForNative gc_urgency 0.596991 current_native_bytes is 167475561
12-15 10:36:29.546  3164  3311 I com.miui.home: CheckGCForNative adj_start_bytes: 33867503 NativeAllocationGcWatermark: 10684279 java_gc_start_bytes: 17841085 kNewNativeDiscountFactor: 2 kOldNativeDiscountFactor: 65536 old_native_bytes: 155976909 new_native_bytes: 11561424 add_bytes_allowed: 32052837 is_gc_concurrent: 1 target_footprint_: 18365373 GetBytesAllocated: 14548808 HeapGrowthMultiplier: 3
12-15 10:36:29.546  3164  3311 I com.miui.home: CheckGCForNative gc_urgency 0.600337 current_native_bytes is 167538333
12-15 10:36:29.584  3164  3679 I com.miui.home: CheckGCForNative adj_start_bytes: 33867503 NativeAllocationGcWatermark: 10684279 java_gc_start_bytes: 17841085 kNewNativeDiscountFactor: 2 kOldNativeDiscountFactor: 65536 old_native_bytes: 155976909 new_native_bytes: 11870416 add_bytes_allowed: 32052837 is_gc_concurrent: 1 target_footprint_: 18365373 GetBytesAllocated: 14942456 HeapGrowthMultiplier: 3
12-15 10:36:29.584  3164  3679 I com.miui.home: CheckGCForNative gc_urgency 0.616521 current_native_bytes is 167847325
12-15 10:36:30.156 10093 10093 I wm_on_application_create_called: [0,com.taobao.taobao,304]
12-15 10:36:30.245 10093 10093 I wm_on_create_called: [0,107413002,com.taobao.tao.welcome.Welcome,performCreate,70]
12-15 10:36:30.282 10093 10093 I wm_on_start_called: [0,107413002,com.taobao.tao.welcome.Welcome,handleStartActivity,37]
12-15 10:36:30.299 10093 10093 I wm_on_resume_called: [0,107413002,com.taobao.tao.welcome.Welcome,RESUME_ACTIVITY,15]
12-15 10:36:30.320 10093 10093 I wm_on_top_resumed_gained_called: [107413002,com.taobao.tao.welcome.Welcome,topStateChangedWhenResumed]
12-15 10:36:30.379 10146 10146 I wm_on_application_create_called: [0,com.taobao.taobao,541]
12-15 10:36:30.796  3164  3164 I wm_on_stop_called: [0,231647695,com.miui.home.launcher.Launcher,STOP_ACTIVITY_ITEM,3]
12-15 10:36:30.846 10093 10093 I wm_on_idle_called: com.taobao.tao.welcome.Welcome
12-15 10:36:30.979  3164  3164 I wm_on_restart_called: [0,231647695,com.miui.home.launcher.Launcher,performRestartActivity,0]
12-15 10:36:30.980  3164  3164 I wm_on_start_called: [0,231647695,com.miui.home.launcher.Launcher,handleStartActivity,1]
12-15 10:36:31.032  3164  3534 I com.miui.home: CheckGCForNative adj_start_bytes: 33867503 NativeAllocationGcWatermark: 10684279 java_gc_start_bytes: 17841085 kNewNativeDiscountFactor: 2 kOldNativeDiscountFactor: 65536 old_native_bytes: 155976909 new_native_bytes: 22649948 add_bytes_allowed: 32052837 is_gc_concurrent: 1 target_footprint_: 18365373 GetBytesAllocated: 16131032 HeapGrowthMultiplier: 3
12-15 10:36:31.032  3164  3534 I com.miui.home: CheckGCForNative gc_urgency 0.810759 current_native_bytes is 178626857
12-15 10:36:31.033  3164  3534 I com.miui.home: CheckGCForNative adj_start_bytes: 33867503 NativeAllocationGcWatermark: 10684279 java_gc_start_bytes: 17841085 kNewNativeDiscountFactor: 2 kOldNativeDiscountFactor: 65536 old_native_bytes: 155976909 new_native_bytes: 33355868 add_bytes_allowed: 32052837 is_gc_concurrent: 1 target_footprint_: 18365373 GetBytesAllocated: 16131224 HeapGrowthMultiplier: 3
12-15 10:36:31.033  3164  3534 I com.miui.home: CheckGCForNative gc_urgency 0.968821 current_native_bytes is 189332777
12-15 10:36:31.036  3164  3725 I com.miui.home: CheckGCForNative adj_start_bytes: 33867503 NativeAllocationGcWatermark: 10684279 java_gc_start_bytes: 17841085 kNewNativeDiscountFactor: 2 kOldNativeDiscountFactor: 65536 old_native_bytes: 155976909 new_native_bytes: 33356316 add_bytes_allowed: 32052837 is_gc_concurrent: 1 target_footprint_: 18365373 GetBytesAllocated: 16131224 HeapGrowthMultiplier: 3
12-15 10:36:31.037  3164  3725 I com.miui.home: CheckGCForNative gc_urgency 0.968827 current_native_bytes is 189333225
12-15 10:36:31.081  3164  3311 I com.miui.home: CheckGCForNative adj_start_bytes: 33867503 NativeAllocationGcWatermark: 10684279 java_gc_start_bytes: 17841085 kNewNativeDiscountFactor: 2 kOldNativeDiscountFactor: 65536 old_native_bytes: 155976909 new_native_bytes: 22649116 add_bytes_allowed: 32052837 is_gc_concurrent: 1 target_footprint_: 18365373 GetBytesAllocated: 16229720 HeapGrowthMultiplier: 3
12-15 10:36:31.081  3164  3311 I com.miui.home: CheckGCForNative gc_urgency 0.813661 current_native_bytes is 178626025
12-15 10:36:31.436  3164  3311 I com.miui.home: CheckGCForNative adj_start_bytes: 33867503 NativeAllocationGcWatermark: 10684279 java_gc_start_bytes: 17841085 kNewNativeDiscountFactor: 2 kOldNativeDiscountFactor: 65536 old_native_bytes: 155976909 new_native_bytes: 22626108 add_bytes_allowed: 32052837 is_gc_concurrent: 1 target_footprint_: 18365373 GetBytesAllocated: 16377176 HeapGrowthMultiplier: 3
12-15 10:36:31.436  3164  3311 I com.miui.home: CheckGCForNative gc_urgency 0.817675 current_native_bytes is 178603017
12-15 10:36:31.447  3164  3311 I com.miui.home: CheckGCForNative adj_start_bytes: 33867503 NativeAllocationGcWatermark: 10684279 java_gc_start_bytes: 17841085 kNewNativeDiscountFactor: 2 kOldNativeDiscountFactor: 65536 old_native_bytes: 155976909 new_native_bytes: 22628412 add_bytes_allowed: 32052837 is_gc_concurrent: 1 target_footprint_: 18365373 GetBytesAllocated: 16393560 HeapGrowthMultiplier: 3
12-15 10:36:31.447  3164  3311 I com.miui.home: CheckGCForNative gc_urgency 0.818193 current_native_bytes is 178605321
12-15 10:36:31.542 10093 10093 I wm_on_top_resumed_lost_called: [107413002,com.taobao.tao.welcome.Welcome,topStateChangedWhenResumed]
12-15 10:36:31.561  3164  3164 I wm_on_resume_called: [0,231647695,com.miui.home.launcher.Launcher,RESUME_ACTIVITY,4]
12-15 10:36:31.561  3164  3164 I wm_on_idle_called: com.miui.home.launcher.Launcher
12-15 10:36:31.569  3164  3164 I wm_on_top_resumed_gained_called: [231647695,com.miui.home.launcher.Launcher,topStateChangedWhenResumed]
12-15 10:36:31.613 10093 10093 I wm_on_paused_called: [0,107413002,com.taobao.tao.welcome.Welcome,performPause,41]
12-15 10:36:31.679 10093 10093 I wm_on_stop_called: [0,107413002,com.taobao.tao.welcome.Welcome,STOP_ACTIVITY_ITEM,28]
12-15 10:36:31.715  3164  3679 I com.miui.home: CheckGCForNative adj_start_bytes: 33867503 NativeAllocationGcWatermark: 10684279 java_gc_start_bytes: 17841085 kNewNativeDiscountFactor: 2 kOldNativeDiscountFactor: 65536 old_native_bytes: 155976909 new_native_bytes: 22846892 add_bytes_allowed: 32052837 is_gc_concurrent: 1 target_footprint_: 18365373 GetBytesAllocated: 17476088 HeapGrowthMultiplier: 3
12-15 10:36:31.716  3164  3679 I com.miui.home: CheckGCForNative gc_urgency 0.853382 current_native_bytes is 178823801
12-15 10:36:31.735  3164  3679 I com.miui.home: CheckGCForNative adj_start_bytes: 33867503 NativeAllocationGcWatermark: 10684279 java_gc_start_bytes: 17841085 kNewNativeDiscountFactor: 2 kOldNativeDiscountFactor: 65536 old_native_bytes: 155976909 new_native_bytes: 33835648 add_bytes_allowed: 32052837 is_gc_concurrent: 1 target_footprint_: 18365373 GetBytesAllocated: 17623544 HeapGrowthMultiplier: 3
12-15 10:36:31.735  3164  3679 I com.miui.home: CheckGCForNative gc_urgency 1.01997 current_native_bytes is 189812557
12-15 10:36:31.735  3164  3679 I com.miui.home: CheckGCForNative requested 1
12-15 10:36:31.750  3164  3679 I com.miui.home: CheckGCForNative adj_start_bytes: 33867503 NativeAllocationGcWatermark: 10684279 java_gc_start_bytes: 17841085 kNewNativeDiscountFactor: 2 kOldNativeDiscountFactor: 65536 old_native_bytes: 155976909 new_native_bytes: 23139072 add_bytes_allowed: 32052837 is_gc_concurrent: 1 target_footprint_: 18365373 GetBytesAllocated: 17837144 HeapGrowthMultiplier: 3
12-15 10:36:31.750  3164  3679 I com.miui.home: CheckGCForNative gc_urgency 0.868356 current_native_bytes is 179115981
12-15 10:36:31.881  3164  3193 I com.miui.home: NativeAlloc concurrent copying GC freed 143860(7825KB) AllocSpace objects, 18(632KB) LOS objects, 49% free, 9265KB/18MB, paused 139us,301us total 145.552ms
12-15 10:36:31.980  3164  3164 I wm_on_top_resumed_lost_called: [231647695,com.miui.home.launcher.Launcher,topStateChangedWhenResumed]
12-15 10:36:32.012  3164  3164 I wm_on_paused_called: [0,231647695,com.miui.home.launcher.Launcher,performPause,1]
12-15 10:36:32.109  3164  3679 I com.miui.home: CheckGCForNative gc_urgency 0 current_native_bytes is 131794405
12-15 10:36:32.153  3164  3679 I com.miui.home: CheckGCForNative adj_start_bytes: 34591346 NativeAllocationGcWatermark: 10760473 java_gc_start_bytes: 18450637 kNewNativeDiscountFactor: 2 kOldNativeDiscountFactor: 65536 old_native_bytes: 131794405 new_native_bytes: 414612 add_bytes_allowed: 32281419 is_gc_concurrent: 1 target_footprint_: 18974925 GetBytesAllocated: 10397528 HeapGrowthMultiplier: 3
12-15 10:36:32.153  3164  3679 I com.miui.home: CheckGCForNative gc_urgency 0.306633 current_native_bytes is 132209017
12-15 10:36:32.193  3164  3679 I com.miui.home: CheckGCForNative adj_start_bytes: 34591346 NativeAllocationGcWatermark: 10760473 java_gc_start_bytes: 18450637 kNewNativeDiscountFactor: 2 kOldNativeDiscountFactor: 65536 old_native_bytes: 131794405 new_native_bytes: 1935460 add_bytes_allowed: 32281419 is_gc_concurrent: 1 target_footprint_: 18974925 GetBytesAllocated: 10545112 HeapGrowthMultiplier: 3
12-15 10:36:32.193  3164  3679 I com.miui.home: CheckGCForNative gc_urgency 0.332882 current_native_bytes is 133729865
12-15 10:36:32.202  3164  3679 I com.miui.home: CheckGCForNative adj_start_bytes: 34591346 NativeAllocationGcWatermark: 10760473 java_gc_start_bytes: 18450637 kNewNativeDiscountFactor: 2 kOldNativeDiscountFactor: 65536 old_native_bytes: 131794405 new_native_bytes: 2269468 add_bytes_allowed: 32281419 is_gc_concurrent: 1 target_footprint_: 18974925 GetBytesAllocated: 10594328 HeapGrowthMultiplier: 3
12-15 10:36:32.202  3164  3679 I com.miui.home: CheckGCForNative gc_urgency 0.339133 current_native_bytes is 134063873
12-15 10:36:32.245  3164  3679 I com.miui.home: CheckGCForNative adj_start_bytes: 34591346 NativeAllocationGcWatermark: 10760473 java_gc_start_bytes: 18450637 kNewNativeDiscountFactor: 2 kOldNativeDiscountFactor: 65536 old_native_bytes: 131794405 new_native_bytes: 2667588 add_bytes_allowed: 32281419 is_gc_concurrent: 1 target_footprint_: 18974925 GetBytesAllocated: 10889704 HeapGrowthMultiplier: 3
12-15 10:36:32.245  3164  3679 I com.miui.home: CheckGCForNative gc_urgency 0.353427 current_native_bytes is 134461993
12-15 10:36:32.292  3164  3311 I com.miui.home: CheckGCForNative adj_start_bytes: 34591346 NativeAllocationGcWatermark: 10760473 java_gc_start_bytes: 18450637 kNewNativeDiscountFactor: 2 kOldNativeDiscountFactor: 65536 old_native_bytes: 131794405 new_native_bytes: 2962984 add_bytes_allowed: 32281419 is_gc_concurrent: 1 target_footprint_: 18974925 GetBytesAllocated: 11168264 HeapGrowthMultiplier: 3
12-15 10:36:32.292  3164  3311 I com.miui.home: CheckGCForNative gc_urgency 0.36575 current_native_bytes is 134757389
12-15 10:36:32.359  9032  9032 I wm_on_create_called: [0,197104504,com.tencent.mm.ui.LauncherUI,performCreate,68]
12-15 10:36:32.523  9032  9032 I wm_on_create_called: [0,31580132,com.tencent.mm.app.WeChatSplashActivity,performCreate,5]
12-15 10:36:32.549  9032  9032 I wm_on_start_called: [0,31580132,com.tencent.mm.app.WeChatSplashActivity,handleStartActivity,4]
12-15 10:36:32.559  9032  9032 I wm_on_resume_called: [0,31580132,com.tencent.mm.app.WeChatSplashActivity,RESUME_ACTIVITY,10]
12-15 10:36:32.578  9032  9032 I wm_on_top_resumed_gained_called: [31580132,com.tencent.mm.app.WeChatSplashActivity,topStateChangedWhenResumed]
12-15 10:36:32.657  3164  3679 I com.miui.home: CheckGCForNative adj_start_bytes: 34591346 NativeAllocationGcWatermark: 10760473 java_gc_start_bytes: 18450637 kNewNativeDiscountFactor: 2 kOldNativeDiscountFactor: 65536 old_native_bytes: 131794405 new_native_bytes: 2988956 add_bytes_allowed: 32281419 is_gc_concurrent: 1 target_footprint_: 18974925 GetBytesAllocated: 11660456 HeapGrowthMultiplier: 3
12-15 10:36:32.658  3164  3679 I com.miui.home: CheckGCForNative gc_urgency 0.380354 current_native_bytes is 134783361
12-15 10:36:32.706  3164  3679 I com.miui.home: CheckGCForNative adj_start_bytes: 34591346 NativeAllocationGcWatermark: 10760473 java_gc_start_bytes: 18450637 kNewNativeDiscountFactor: 2 kOldNativeDiscountFactor: 65536 old_native_bytes: 131794405 new_native_bytes: 3232412 add_bytes_allowed: 32281419 is_gc_concurrent: 1 target_footprint_: 18974925 GetBytesAllocated: 12004968 HeapGrowthMultiplier: 3
12-15 10:36:32.706  3164  3679 I com.miui.home: CheckGCForNative gc_urgency 0.393832 current_native_bytes is 135026817
12-15 10:36:32.795  3164  3164 I wm_on_stop_called: [0,231647695,com.miui.home.launcher.Launcher,STOP_ACTIVITY_ITEM,6]
12-15 10:36:32.858  9032  9032 I wm_on_destroy_called: [0,197104504,com.tencent.mm.ui.LauncherUI,performDestroy,2]
12-15 10:36:32.879  9032  9032 I wm_on_top_resumed_lost_called: [31580132,com.tencent.mm.app.WeChatSplashActivity,topStateChangedWhenResumed]
12-15 10:36:32.881  9032  9032 I wm_on_paused_called: [0,31580132,com.tencent.mm.app.WeChatSplashActivity,performPause,1]
12-15 10:36:33.018  3164  3679 I com.miui.home: CheckGCForNative adj_start_bytes: 34591346 NativeAllocationGcWatermark: 10760473 java_gc_start_bytes: 18450637 kNewNativeDiscountFactor: 2 kOldNativeDiscountFactor: 65536 old_native_bytes: 131794405 new_native_bytes: 3562192 add_bytes_allowed: 32281419 is_gc_concurrent: 1 target_footprint_: 18974925 GetBytesAllocated: 12538056 HeapGrowthMultiplier: 3
12-15 10:36:33.018  3164  3679 I com.miui.home: CheckGCForNative gc_urgency 0.41401 current_native_bytes is 135356597
12-15 10:36:33.061  9032  9032 I wm_on_create_called: [0,231675201,com.tencent.mm.ui.LauncherUI,performCreate,137]
12-15 10:36:33.078  9032  9032 I wm_on_start_called: [0,231675201,com.tencent.mm.ui.LauncherUI,handleStartActivity,8]
12-15 10:36:33.094  3164  3679 I com.miui.home: CheckGCForNative adj_start_bytes: 34591346 NativeAllocationGcWatermark: 10760473 java_gc_start_bytes: 18450637 kNewNativeDiscountFactor: 2 kOldNativeDiscountFactor: 65536 old_native_bytes: 131794405 new_native_bytes: 3782500 add_bytes_allowed: 32281419 is_gc_concurrent: 1 target_footprint_: 18974925 GetBytesAllocated: 12931768 HeapGrowthMultiplier: 3
12-15 10:36:33.094  3164  3679 I com.miui.home: CheckGCForNative gc_urgency 0.428576 current_native_bytes is 135576905
12-15 10:36:33.119  9032  9032 I wm_on_resume_called: [0,231675201,com.tencent.mm.ui.LauncherUI,RESUME_ACTIVITY,41]
12-15 10:36:33.129  9032  9032 I wm_on_top_resumed_gained_called: [231675201,com.tencent.mm.ui.LauncherUI,topStateChangedWhenResumed]
12-15 10:36:33.136  9032  9032 I wm_on_top_resumed_lost_called: [231675201,com.tencent.mm.ui.LauncherUI,topStateChangedWhenResumed]
12-15 10:36:33.141  9032  9032 I wm_on_paused_called: [0,231675201,com.tencent.mm.ui.LauncherUI,performPause,4]
12-15 10:36:33.246  9032  9032 I wm_on_create_called: [0,214214186,com.tencent.mm.plugin.account.ui.WelcomeActivity,performCreate,59]
12-15 10:36:33.248  9032  9032 I wm_on_start_called: [0,214214186,com.tencent.mm.plugin.account.ui.WelcomeActivity,handleStartActivity,1]
12-15 10:36:33.252  9032  9032 I wm_on_resume_called: [0,214214186,com.tencent.mm.plugin.account.ui.WelcomeActivity,RESUME_ACTIVITY,4]
12-15 10:36:33.260  9032  9032 I wm_on_top_resumed_gained_called: [214214186,com.tencent.mm.plugin.account.ui.WelcomeActivity,topStateChangedWhenResumed]
12-15 10:36:33.280  3164  3679 I com.miui.home: CheckGCForNative adj_start_bytes: 34591346 NativeAllocationGcWatermark: 10760473 java_gc_start_bytes: 18450637 kNewNativeDiscountFactor: 2 kOldNativeDiscountFactor: 65536 old_native_bytes: 131794405 new_native_bytes: 4104664 add_bytes_allowed: 32281419 is_gc_concurrent: 1 target_footprint_: 18974925 GetBytesAllocated: 13374680 HeapGrowthMultiplier: 3
12-15 10:36:33.280  3164  3679 I com.miui.home: CheckGCForNative gc_urgency 0.446037 current_native_bytes is 135899069
12-15 10:36:33.282  9032  9032 I wm_on_stop_called: [0,231675201,com.tencent.mm.ui.LauncherUI,STOP_ACTIVITY_ITEM,2]
12-15 10:36:33.295  3164  3679 I com.miui.home: CheckGCForNative adj_start_bytes: 34591346 NativeAllocationGcWatermark: 10760473 java_gc_start_bytes: 18450637 kNewNativeDiscountFactor: 2 kOldNativeDiscountFactor: 65536 old_native_bytes: 131794405 new_native_bytes: 4192812 add_bytes_allowed: 32281419 is_gc_concurrent: 1 target_footprint_: 18974925 GetBytesAllocated: 13505752 HeapGrowthMultiplier: 3
12-15 10:36:33.295  3164  3679 I com.miui.home: CheckGCForNative gc_urgency 0.4511 current_native_bytes is 135987217
12-15 10:36:33.303  3164  3679 I com.miui.home: CheckGCForNative adj_start_bytes: 34591346 NativeAllocationGcWatermark: 10760473 java_gc_start_bytes: 18450637 kNewNativeDiscountFactor: 2 kOldNativeDiscountFactor: 65536 old_native_bytes: 131794405 new_native_bytes: 4333900 add_bytes_allowed: 32281419 is_gc_concurrent: 1 target_footprint_: 18974925 GetBytesAllocated: 13571288 HeapGrowthMultiplier: 3
12-15 10:36:33.303  3164  3679 I com.miui.home: CheckGCForNative gc_urgency 0.455034 current_native_bytes is 136128305
12-15 10:36:33.367  3164  3679 I com.miui.home: CheckGCForNative adj_start_bytes: 34591346 NativeAllocationGcWatermark: 10760473 java_gc_start_bytes: 18450637 kNewNativeDiscountFactor: 2 kOldNativeDiscountFactor: 65536 old_native_bytes: 131794405 new_native_bytes: 4689152 add_bytes_allowed: 32281419 is_gc_concurrent: 1 target_footprint_: 18974925 GetBytesAllocated: 13948568 HeapGrowthMultiplier: 3
12-15 10:36:33.367  3164  3679 I com.miui.home: CheckGCForNative gc_urgency 0.471076 current_native_bytes is 136483557
12-15 10:36:33.707  9032  9032 I wm_on_stop_called: [0,31580132,com.tencent.mm.app.WeChatSplashActivity,LIFECYCLER_STOP_ACTIVITY,1]
12-15 10:36:33.713  9032  9032 I wm_on_destroy_called: [0,31580132,com.tencent.mm.app.WeChatSplashActivity,performDestroy,5]
12-15 10:36:33.803  3164  3164 I wm_on_restart_called: [0,231647695,com.miui.home.launcher.Launcher,performRestartActivity,0]
12-15 10:36:33.803  3164  3164 I wm_on_start_called: [0,231647695,com.miui.home.launcher.Launcher,handleStartActivity,0]
