12-14 16:24:16.040  3220  3220 I wm_on_top_resumed_lost_called: [241954343,com.miui.home.launcher.Launcher,topStateChangedWhenResumed]
12-14 16:24:16.045  3220  3220 I wm_on_paused_called: [0,241954343,com.miui.home.launcher.Launcher,performPause,1]
12-14 16:24:16.109  3220  3811 I com.miui.home: CheckGCForNative adj_start_bytes: 49186977 NativeAllocationGcWatermark: 12258957 java_gc_start_bytes: 30798542 kNewNativeDiscountFactor: 2 kOldNativeDiscountFactor: 65536 old_native_bytes: 107286997 new_native_bytes: 1023488 add_bytes_allowed: 36776871 is_gc_concurrent: 1 target_footprint_: 30962798 GetBytesAllocated: 21392528 HeapGrowthMultiplier: 3
12-14 16:24:16.110  3220  3811 I com.miui.home: CheckGCForNative gc_urgency 0.44536 current_native_bytes is 108310485
12-14 16:24:16.112  3220  3811 I com.miui.home: CheckGCForNative adj_start_bytes: 49186977 NativeAllocationGcWatermark: 12258957 java_gc_start_bytes: 30798542 kNewNativeDiscountFactor: 2 kOldNativeDiscountFactor: 65536 old_native_bytes: 107286997 new_native_bytes: 1558528 add_bytes_allowed: 36776871 is_gc_concurrent: 1 target_footprint_: 30962798 GetBytesAllocated: 21429392 HeapGrowthMultiplier: 3
12-14 16:24:16.113  3220  3811 I com.miui.home: CheckGCForNative gc_urgency 0.451548 current_native_bytes is 108845525
12-14 16:24:16.288  3220  3363 I com.miui.home: CheckGCForNative adj_start_bytes: 49186977 NativeAllocationGcWatermark: 12258957 java_gc_start_bytes: 30798542 kNewNativeDiscountFactor: 2 kOldNativeDiscountFactor: 65536 old_native_bytes: 107286997 new_native_bytes: 1622648 add_bytes_allowed: 36776871 is_gc_concurrent: 1 target_footprint_: 30962798 GetBytesAllocated: 21978656 HeapGrowthMultiplier: 3
12-14 16:24:16.288  3220  3363 I com.miui.home: CheckGCForNative gc_urgency 0.463367 current_native_bytes is 108909645
12-14 16:24:16.601 25497 25497 I wm_on_application_create_called: [0,com.autonavi.minimap,341]
12-14 16:24:16.712 25582 25582 I wm_on_application_create_called: [0,com.autonavi.minimap,263]
12-14 16:24:16.745 25497 25497 I wm_on_create_called: [0,57792318,com.autonavi.map.activity.SplashActivity,performCreate,137]
12-14 16:24:16.854 25497 25497 I wm_on_create_called: [0,83605733,com.autonavi.map.activity.NewMapActivity,performCreate,75]
12-14 16:24:16.856 25497 25497 I wm_on_start_called: [0,83605733,com.autonavi.map.activity.NewMapActivity,handleStartActivity,2]
12-14 16:24:16.859 25497 25497 I wm_on_resume_called: [0,83605733,com.autonavi.map.activity.NewMapActivity,RESUME_ACTIVITY,2]
12-14 16:24:16.885 25497 25497 I wm_on_top_resumed_gained_called: [83605733,com.autonavi.map.activity.NewMapActivity,topStateChangedWhenResumed]
12-14 16:24:17.428  3220  3220 I wm_on_stop_called: [0,241954343,com.miui.home.launcher.Launcher,STOP_ACTIVITY_ITEM,6]
12-14 16:24:17.450 25497 25497 I wm_on_destroy_called: [0,57792318,com.autonavi.map.activity.SplashActivity,performDestroy,0]
12-14 16:24:17.469 25497 25497 I wm_on_idle_called: com.autonavi.map.activity.NewMapActivity
12-14 16:24:18.251  3220  3220 I wm_on_restart_called: [0,241954343,com.miui.home.launcher.Launcher,performRestartActivity,0]
12-14 16:24:18.252  3220  3220 I wm_on_start_called: [0,241954343,com.miui.home.launcher.Launcher,handleStartActivity,1]
12-14 16:24:18.292  3220  3591 I com.miui.home: CheckGCForNative adj_start_bytes: 49186977 NativeAllocationGcWatermark: 12258957 java_gc_start_bytes: 30798542 kNewNativeDiscountFactor: 2 kOldNativeDiscountFactor: 65536 old_native_bytes: 107286997 new_native_bytes: 11400760 add_bytes_allowed: 36776871 is_gc_concurrent: 1 target_footprint_: 30962798 GetBytesAllocated: 22545168 HeapGrowthMultiplier: 3
12-14 16:24:18.294  3220  3591 I com.miui.home: CheckGCForNative gc_urgency 0.574282 current_native_bytes is 118687757
12-14 16:24:18.299  3220  3591 I com.miui.home: CheckGCForNative adj_start_bytes: 49186977 NativeAllocationGcWatermark: 12258957 java_gc_start_bytes: 30798542 kNewNativeDiscountFactor: 2 kOldNativeDiscountFactor: 65536 old_native_bytes: 107286997 new_native_bytes: 22107320 add_bytes_allowed: 36776871 is_gc_concurrent: 1 target_footprint_: 30962798 GetBytesAllocated: 22545360 HeapGrowthMultiplier: 3
12-14 16:24:18.302  3220  3591 I com.miui.home: CheckGCForNative gc_urgency 0.683121 current_native_bytes is 129394317
12-14 16:24:18.321  3220  3363 I com.miui.home: CheckGCForNative adj_start_bytes: 49186977 NativeAllocationGcWatermark: 12258957 java_gc_start_bytes: 30798542 kNewNativeDiscountFactor: 2 kOldNativeDiscountFactor: 65536 old_native_bytes: 107286997 new_native_bytes: 11404216 add_bytes_allowed: 36776871 is_gc_concurrent: 1 target_footprint_: 30962798 GetBytesAllocated: 22578224 HeapGrowthMultiplier: 3
12-14 16:24:18.321  3220  3363 I com.miui.home: CheckGCForNative gc_urgency 0.574989 current_native_bytes is 118691213
12-14 16:24:18.343  3220  3591 I com.miui.home: CheckGCForNative adj_start_bytes: 49186977 NativeAllocationGcWatermark: 12258957 java_gc_start_bytes: 30798542 kNewNativeDiscountFactor: 2 kOldNativeDiscountFactor: 65536 old_native_bytes: 107286997 new_native_bytes: 22197408 add_bytes_allowed: 36776871 is_gc_concurrent: 1 target_footprint_: 30962798 GetBytesAllocated: 22660240 HeapGrowthMultiplier: 3
12-14 16:24:18.343  3220  3591 I com.miui.home: CheckGCForNative gc_urgency 0.686372 current_native_bytes is 129484405
12-14 16:24:18.582  3220  3363 I com.miui.home: CheckGCForNative adj_start_bytes: 49186977 NativeAllocationGcWatermark: 12258957 java_gc_start_bytes: 30798542 kNewNativeDiscountFactor: 2 kOldNativeDiscountFactor: 65536 old_native_bytes: 107286997 new_native_bytes: 11468496 add_bytes_allowed: 36776871 is_gc_concurrent: 1 target_footprint_: 30962798 GetBytesAllocated: 22775120 HeapGrowthMultiplier: 3
12-14 16:24:18.582  3220  3363 I com.miui.home: CheckGCForNative gc_urgency 0.579645 current_native_bytes is 118755493
12-14 16:24:18.831 25497 25497 I wm_on_top_resumed_lost_called: [83605733,com.autonavi.map.activity.NewMapActivity,topStateChangedWhenResumed]
12-14 16:24:18.877 25497 25497 I wm_on_paused_called: [0,83605733,com.autonavi.map.activity.NewMapActivity,performPause,25]
12-14 16:24:18.888  3220  3220 I wm_on_resume_called: [0,241954343,com.miui.home.launcher.Launcher,RESUME_ACTIVITY,6]
12-14 16:24:18.888  3220  3220 I wm_on_top_resumed_gained_called: [241954343,com.miui.home.launcher.Launcher,topWhenResuming]
12-14 16:24:18.890  3220  3220 I wm_on_idle_called: com.miui.home.launcher.Launcher
12-14 16:24:18.996  3220  3811 I com.miui.home: CheckGCForNative adj_start_bytes: 49186977 NativeAllocationGcWatermark: 12258957 java_gc_start_bytes: 30798542 kNewNativeDiscountFactor: 2 kOldNativeDiscountFactor: 65536 old_native_bytes: 107286997 new_native_bytes: 22232920 add_bytes_allowed: 36776871 is_gc_concurrent: 1 target_footprint_: 30962798 GetBytesAllocated: 23709872 HeapGrowthMultiplier: 3
12-14 16:24:18.997  3220  3811 I com.miui.home: CheckGCForNative gc_urgency 0.708073 current_native_bytes is 129519917
12-14 16:24:19.124 25497 25497 I wm_on_stop_called: [0,83605733,com.autonavi.map.activity.NewMapActivity,STOP_ACTIVITY_ITEM,69]
12-14 16:24:19.310  3220  3220 I wm_on_top_resumed_lost_called: [241954343,com.miui.home.launcher.Launcher,topStateChangedWhenResumed]
12-14 16:24:19.319  3220  3220 I wm_on_paused_called: [0,241954343,com.miui.home.launcher.Launcher,performPause,1]
12-14 16:24:19.529  3220  3220 I com.miui.home: CheckGCForNative adj_start_bytes: 49186977 NativeAllocationGcWatermark: 12258957 java_gc_start_bytes: 30798542 kNewNativeDiscountFactor: 2 kOldNativeDiscountFactor: 65536 old_native_bytes: 107286997 new_native_bytes: 11837972 add_bytes_allowed: 36776871 is_gc_concurrent: 1 target_footprint_: 30962798 GetBytesAllocated: 24538256 HeapGrowthMultiplier: 3
12-14 16:24:19.529  3220  3220 I com.miui.home: CheckGCForNative gc_urgency 0.619247 current_native_bytes is 119124969
12-14 16:24:19.662  3220  3363 I com.miui.home: CheckGCForNative adj_start_bytes: 49186977 NativeAllocationGcWatermark: 12258957 java_gc_start_bytes: 30798542 kNewNativeDiscountFactor: 2 kOldNativeDiscountFactor: 65536 old_native_bytes: 107286997 new_native_bytes: 11947476 add_bytes_allowed: 36776871 is_gc_concurrent: 1 target_footprint_: 30962798 GetBytesAllocated: 24702320 HeapGrowthMultiplier: 3
12-14 16:24:19.662  3220  3363 I com.miui.home: CheckGCForNative gc_urgency 0.623695 current_native_bytes is 119234473
12-14 16:24:19.831 26259 26259 I wm_on_create_called: [0,207814806,fm.qingting.qtradio.WelcomeActivity,performCreate,93]
12-14 16:24:19.831 26259 26259 I wm_on_start_called: [0,207814806,fm.qingting.qtradio.WelcomeActivity,handleStartActivity,0]
12-14 16:24:19.834 26259 26259 I wm_on_resume_called: [0,207814806,fm.qingting.qtradio.WelcomeActivity,RESUME_ACTIVITY,2]
12-14 16:24:19.854 26259 26259 I wm_on_top_resumed_gained_called: [207814806,fm.qingting.qtradio.WelcomeActivity,topStateChangedWhenResumed]
12-14 16:24:20.095  3220  3220 I wm_on_stop_called: [0,241954343,com.miui.home.launcher.Launcher,STOP_ACTIVITY_ITEM,3]
12-14 16:24:20.432 26259 26259 I wm_on_idle_called: fm.qingting.qtradio.WelcomeActivity
12-14 16:24:20.671 26259 26259 I wm_on_top_resumed_lost_called: [207814806,fm.qingting.qtradio.WelcomeActivity,topStateChangedWhenResumed]
12-14 16:24:20.672 26259 26259 I wm_on_paused_called: [0,207814806,fm.qingting.qtradio.WelcomeActivity,performPause,0]
12-14 16:24:20.805 26259 26259 I wm_on_create_called: [0,248495587,fm.qingting.qtradio.QTRadioActivity,performCreate,111]
12-14 16:24:20.843 26259 26259 I wm_on_start_called: [0,248495587,fm.qingting.qtradio.QTRadioActivity,handleStartActivity,38]
12-14 16:24:20.847 26259 26259 I wm_on_resume_called: [0,248495587,fm.qingting.qtradio.QTRadioActivity,RESUME_ACTIVITY,4]
12-14 16:24:20.873 26259 26259 I wm_on_top_resumed_gained_called: [248495587,fm.qingting.qtradio.QTRadioActivity,topStateChangedWhenResumed]
12-14 16:24:21.037 26259 26259 I wm_on_stop_called: [0,207814806,fm.qingting.qtradio.WelcomeActivity,LIFECYCLER_STOP_ACTIVITY,1]
12-14 16:24:21.038 26259 26259 I wm_on_destroy_called: [0,207814806,fm.qingting.qtradio.WelcomeActivity,performDestroy,1]
12-14 16:24:21.083 26259 26259 I wm_on_idle_called: fm.qingting.qtradio.QTRadioActivity
12-14 16:24:21.880  3220  3220 I wm_on_restart_called: [0,241954343,com.miui.home.launcher.Launcher,performRestartActivity,0]
12-14 16:24:21.881  3220  3220 I wm_on_start_called: [0,241954343,com.miui.home.launcher.Launcher,handleStartActivity,1]
12-14 16:24:21.938  3220  3253 I com.miui.home: CheckGCForNative adj_start_bytes: 49186977 NativeAllocationGcWatermark: 12258957 java_gc_start_bytes: 30798542 kNewNativeDiscountFactor: 2 kOldNativeDiscountFactor: 65536 old_native_bytes: 107286997 new_native_bytes: 22708484 add_bytes_allowed: 36776871 is_gc_concurrent: 1 target_footprint_: 30962798 GetBytesAllocated: 25366768 HeapGrowthMultiplier: 3
12-14 16:24:21.938  3220  3253 I com.miui.home: CheckGCForNative gc_urgency 0.746593 current_native_bytes is 129995481
12-14 16:24:21.940  3220  3253 I com.miui.home: CheckGCForNative adj_start_bytes: 49186977 NativeAllocationGcWatermark: 12258957 java_gc_start_bytes: 30798542 kNewNativeDiscountFactor: 2 kOldNativeDiscountFactor: 65536 old_native_bytes: 107286997 new_native_bytes: 33414404 add_bytes_allowed: 36776871 is_gc_concurrent: 1 target_footprint_: 30962798 GetBytesAllocated: 25366960 HeapGrowthMultiplier: 3
12-14 16:24:21.940  3220  3253 I com.miui.home: CheckGCForNative gc_urgency 0.855426 current_native_bytes is 140701401
12-14 16:24:22.006  3220  3253 I com.miui.home: CheckGCForNative adj_start_bytes: 49186977 NativeAllocationGcWatermark: 12258957 java_gc_start_bytes: 30798542 kNewNativeDiscountFactor: 2 kOldNativeDiscountFactor: 65536 old_native_bytes: 107286997 new_native_bytes: 33419108 add_bytes_allowed: 36776871 is_gc_concurrent: 1 target_footprint_: 30962798 GetBytesAllocated: 25416112 HeapGrowthMultiplier: 3
12-14 16:24:22.006  3220  3253 I com.miui.home: CheckGCForNative gc_urgency 0.856473 current_native_bytes is 140706105
12-14 16:24:22.102  3220  3363 I com.miui.home: CheckGCForNative adj_start_bytes: 49186977 NativeAllocationGcWatermark: 12258957 java_gc_start_bytes: 30798542 kNewNativeDiscountFactor: 2 kOldNativeDiscountFactor: 65536 old_native_bytes: 107286997 new_native_bytes: 22731180 add_bytes_allowed: 36776871 is_gc_concurrent: 1 target_footprint_: 30962798 GetBytesAllocated: 25498224 HeapGrowthMultiplier: 3
12-14 16:24:22.102  3220  3363 I com.miui.home: CheckGCForNative gc_urgency 0.749496 current_native_bytes is 130018177
12-14 16:24:22.458  3220  3363 I com.miui.home: CheckGCForNative adj_start_bytes: 49186977 NativeAllocationGcWatermark: 12258957 java_gc_start_bytes: 30798542 kNewNativeDiscountFactor: 2 kOldNativeDiscountFactor: 65536 old_native_bytes: 107286997 new_native_bytes: 22759852 add_bytes_allowed: 36776871 is_gc_concurrent: 1 target_footprint_: 30962798 GetBytesAllocated: 25645680 HeapGrowthMultiplier: 3
12-14 16:24:22.458  3220  3363 I com.miui.home: CheckGCForNative gc_urgency 0.752786 current_native_bytes is 130046849
12-14 16:24:22.515 26259 26259 I wm_on_top_resumed_lost_called: [248495587,fm.qingting.qtradio.QTRadioActivity,topStateChangedWhenResumed]
12-14 16:24:22.535  3220  3220 I wm_on_resume_called: [0,241954343,com.miui.home.launcher.Launcher,RESUME_ACTIVITY,20]
12-14 16:24:22.536  3220  3220 I wm_on_top_resumed_gained_called: [241954343,com.miui.home.launcher.Launcher,topStateChangedWhenResumed]
12-14 16:24:22.537  3220  3220 I wm_on_idle_called: com.miui.home.launcher.Launcher
12-14 16:24:22.621 26259 26259 I wm_on_paused_called: [0,248495587,fm.qingting.qtradio.QTRadioActivity,performPause,89]
12-14 16:24:22.701 26259 26259 I wm_on_stop_called: [0,248495587,fm.qingting.qtradio.QTRadioActivity,STOP_ACTIVITY_ITEM,71]
12-14 16:24:22.702  3220  3811 I com.miui.home: CheckGCForNative adj_start_bytes: 49186977 NativeAllocationGcWatermark: 12258957 java_gc_start_bytes: 30798542 kNewNativeDiscountFactor: 2 kOldNativeDiscountFactor: 65536 old_native_bytes: 107286997 new_native_bytes: 33474396 add_bytes_allowed: 36776871 is_gc_concurrent: 1 target_footprint_: 30962798 GetBytesAllocated: 26564320 HeapGrowthMultiplier: 3
12-14 16:24:22.702  3220  3811 I com.miui.home: CheckGCForNative gc_urgency 0.880378 current_native_bytes is 140761393
12-14 16:24:23.063  3220  3220 I wm_on_top_resumed_lost_called: [241954343,com.miui.home.launcher.Launcher,topStateChangedWhenResumed]
12-14 16:24:23.068  3220  3220 I wm_on_paused_called: [0,241954343,com.miui.home.launcher.Launcher,performPause,1]
12-14 16:24:23.147  3220  3811 I com.miui.home: CheckGCForNative adj_start_bytes: 49186977 NativeAllocationGcWatermark: 12258957 java_gc_start_bytes: 30798542 kNewNativeDiscountFactor: 2 kOldNativeDiscountFactor: 65536 old_native_bytes: 107286997 new_native_bytes: 23286256 add_bytes_allowed: 36776871 is_gc_concurrent: 1 target_footprint_: 30962798 GetBytesAllocated: 27056656 HeapGrowthMultiplier: 3
12-14 16:24:23.147  3220  3811 I com.miui.home: CheckGCForNative gc_urgency 0.786822 current_native_bytes is 130573253
12-14 16:24:23.171  3220  3621 I com.miui.home: CheckGCForNative adj_start_bytes: 49186977 NativeAllocationGcWatermark: 12258957 java_gc_start_bytes: 30798542 kNewNativeDiscountFactor: 2 kOldNativeDiscountFactor: 65536 old_native_bytes: 107286997 new_native_bytes: 23295288 add_bytes_allowed: 36776871 is_gc_concurrent: 1 target_footprint_: 30962798 GetBytesAllocated: 27138656 HeapGrowthMultiplier: 3
12-14 16:24:23.171  3220  3621 I com.miui.home: CheckGCForNative gc_urgency 0.788581 current_native_bytes is 130582285
12-14 16:24:23.338  3220  3363 I com.miui.home: CheckGCForNative adj_start_bytes: 49186977 NativeAllocationGcWatermark: 12258957 java_gc_start_bytes: 30798542 kNewNativeDiscountFactor: 2 kOldNativeDiscountFactor: 65536 old_native_bytes: 107286997 new_native_bytes: 23420744 add_bytes_allowed: 36776871 is_gc_concurrent: 1 target_footprint_: 30962798 GetBytesAllocated: 27540544 HeapGrowthMultiplier: 3
12-14 16:24:23.338  3220  3363 I com.miui.home: CheckGCForNative gc_urgency 0.798027 current_native_bytes is 130707741
12-14 16:24:23.692 26773 26773 I wm_on_create_called: [0,232598547,com.xunmeng.pinduoduo.ui.activity.MainFrameActivity,performCreate,90]
12-14 16:24:23.778 26773 26773 I wm_on_create_called: [0,63452681,com.xunmeng.pinduoduo.ui.activity.HomeActivity,performCreate,27]
12-14 16:24:23.794 26773 26773 I wm_on_start_called: [0,63452681,com.xunmeng.pinduoduo.ui.activity.HomeActivity,handleStartActivity,16]
12-14 16:24:23.799 26773 26773 I wm_on_resume_called: [0,63452681,com.xunmeng.pinduoduo.ui.activity.HomeActivity,RESUME_ACTIVITY,3]
12-14 16:24:23.828 26773 26773 I wm_on_top_resumed_gained_called: [63452681,com.xunmeng.pinduoduo.ui.activity.HomeActivity,topStateChangedWhenResumed]
12-14 16:24:24.200 26773 26773 I wm_on_idle_called: com.xunmeng.pinduoduo.ui.activity.HomeActivity
12-14 16:24:24.216  3220  3220 I wm_on_stop_called: [0,241954343,com.miui.home.launcher.Launcher,STOP_ACTIVITY_ITEM,8]
12-14 16:24:24.296 26773 26773 I wm_on_destroy_called: [0,232598547,com.xunmeng.pinduoduo.ui.activity.MainFrameActivity,performDestroy,2]
12-14 16:24:24.764 26773 26773 I wm_on_top_resumed_lost_called: [63452681,com.xunmeng.pinduoduo.ui.activity.HomeActivity,topStateChangedWhenResumed]
12-14 16:24:24.767 26773 26773 I wm_on_paused_called: [0,63452681,com.xunmeng.pinduoduo.ui.activity.HomeActivity,performPause,1]
12-14 16:24:24.791 26773 26773 I wm_on_create_called: [0,200978825,com.xunmeng.pinduoduo.login.LoginActivity,performCreate,9]
12-14 16:24:24.814 26773 26773 I wm_on_start_called: [0,200978825,com.xunmeng.pinduoduo.login.LoginActivity,handleStartActivity,18]
12-14 16:24:24.816 26773 26773 I wm_on_resume_called: [0,200978825,com.xunmeng.pinduoduo.login.LoginActivity,RESUME_ACTIVITY,2]
12-14 16:24:24.825 26773 26773 I wm_on_top_resumed_gained_called: [200978825,com.xunmeng.pinduoduo.login.LoginActivity,topStateChangedWhenResumed]
12-14 16:24:24.871 26773 26773 I wm_on_idle_called: com.xunmeng.pinduoduo.login.LoginActivity
12-14 16:24:25.211 26773 26773 I wm_on_stop_called: [0,63452681,com.xunmeng.pinduoduo.ui.activity.HomeActivity,STOP_ACTIVITY_ITEM,5]
12-14 16:24:25.608  3220  3220 I wm_on_restart_called: [0,241954343,com.miui.home.launcher.Launcher,performRestartActivity,0]
12-14 16:24:25.609  3220  3220 I wm_on_start_called: [0,241954343,com.miui.home.launcher.Launcher,handleStartActivity,1]
12-14 16:24:25.648  3220  3253 I com.miui.home: CheckGCForNative adj_start_bytes: 49186977 NativeAllocationGcWatermark: 12258957 java_gc_start_bytes: 30798542 kNewNativeDiscountFactor: 2 kOldNativeDiscountFactor: 65536 old_native_bytes: 107286997 new_native_bytes: 34142800 add_bytes_allowed: 36776871 is_gc_concurrent: 1 target_footprint_: 30962798 GetBytesAllocated: 28336544 HeapGrowthMultiplier: 3
12-14 16:24:25.648  3220  3253 I com.miui.home: CheckGCForNative gc_urgency 0.923203 current_native_bytes is 141429797
12-14 16:24:25.648  3220  3253 I com.miui.home: CheckGCForNative adj_start_bytes: 49186977 NativeAllocationGcWatermark: 12258957 java_gc_start_bytes: 30798542 kNewNativeDiscountFactor: 2 kOldNativeDiscountFactor: 65536 old_native_bytes: 107286997 new_native_bytes: 44848720 add_bytes_allowed: 36776871 is_gc_concurrent: 1 target_footprint_: 30962798 GetBytesAllocated: 28336736 HeapGrowthMultiplier: 3
12-14 16:24:25.648  3220  3253 I com.miui.home: CheckGCForNative gc_urgency 1.03204 current_native_bytes is 152135717
12-14 16:24:25.648  3220  3253 I com.miui.home: CheckGCForNative requested 1
12-14 16:24:25.697  3220  3591 I com.miui.home: CheckGCForNative adj_start_bytes: 49186977 NativeAllocationGcWatermark: 12258957 java_gc_start_bytes: 30798542 kNewNativeDiscountFactor: 2 kOldNativeDiscountFactor: 65536 old_native_bytes: 107286997 new_native_bytes: 44902800 add_bytes_allowed: 36776871 is_gc_concurrent: 1 target_footprint_: 30962798 GetBytesAllocated: 28402272 HeapGrowthMultiplier: 3
12-14 16:24:25.698  3220  3591 I com.miui.home: CheckGCForNative gc_urgency 1.03392 current_native_bytes is 152189797
12-14 16:24:25.699  3220  3591 I com.miui.home: CheckGCForNative requested 1
12-14 16:24:25.783  3220  3247 I com.miui.home: NativeAlloc concurrent copying GC freed 237791(11MB) AllocSpace objects, 14(664KB) LOS objects, 49% free, 14MB/29MB, paused 68us,32us total 134.848ms
12-14 16:24:25.878  3220  3363 I com.miui.home: CheckGCForNative gc_urgency 0 current_native_bytes is 128860921
12-14 16:24:26.089  3220  3363 I com.miui.home: CheckGCForNative adj_start_bytes: 49000189 NativeAllocationGcWatermark: 12237547 java_gc_start_bytes: 30643869 kNewNativeDiscountFactor: 2 kOldNativeDiscountFactor: 65536 old_native_bytes: 128860921 new_native_bytes: 17856 add_bytes_allowed: 36712641 is_gc_concurrent: 1 target_footprint_: 30791517 GetBytesAllocated: 15559600 HeapGrowthMultiplier: 3
12-14 16:24:26.089  3220  3363 I com.miui.home: CheckGCForNative gc_urgency 0.317764 current_native_bytes is 128878777
12-14 16:24:26.170 26773 26773 I wm_on_top_resumed_lost_called: [200978825,com.xunmeng.pinduoduo.login.LoginActivity,topStateChangedWhenResumed]
12-14 16:24:26.184  3220  3220 I wm_on_resume_called: [0,241954343,com.miui.home.launcher.Launcher,RESUME_ACTIVITY,12]
12-14 16:24:26.186  3220  3220 I wm_on_idle_called: com.miui.home.launcher.Launcher
12-14 16:24:26.190  3220  3220 I wm_on_top_resumed_gained_called: [241954343,com.miui.home.launcher.Launcher,topStateChangedWhenResumed]
12-14 16:24:26.192 26773 26773 I wm_on_paused_called: [0,200978825,com.xunmeng.pinduoduo.login.LoginActivity,performPause,4]
12-14 16:24:26.328  3220  3811 I com.miui.home: CheckGCForNative adj_start_bytes: 49000189 NativeAllocationGcWatermark: 12237547 java_gc_start_bytes: 30643869 kNewNativeDiscountFactor: 2 kOldNativeDiscountFactor: 65536 old_native_bytes: 128860921 new_native_bytes: 10805440 add_bytes_allowed: 36712641 is_gc_concurrent: 1 target_footprint_: 30791517 GetBytesAllocated: 16576528 HeapGrowthMultiplier: 3
12-14 16:24:26.329  3220  3811 I com.miui.home: CheckGCForNative gc_urgency 0.448594 current_native_bytes is 139666361
12-14 16:24:26.448 26773 26773 I wm_on_stop_called: [0,200978825,com.xunmeng.pinduoduo.login.LoginActivity,STOP_ACTIVITY_ITEM,219]
12-14 16:24:26.579  3220 23583 I com.miui.home: CheckGCForNative adj_start_bytes: 49000189 NativeAllocationGcWatermark: 12237547 java_gc_start_bytes: 30643869 kNewNativeDiscountFactor: 2 kOldNativeDiscountFactor: 65536 old_native_bytes: 128860921 new_native_bytes: 120788 add_bytes_allowed: 36712641 is_gc_concurrent: 1 target_footprint_: 30791517 GetBytesAllocated: 16839088 HeapGrowthMultiplier: 3
12-14 16:24:26.579  3220 23583 I com.miui.home: CheckGCForNative gc_urgency 0.344926 current_native_bytes is 128981709
12-14 16:24:26.617  3220  3220 I wm_on_top_resumed_lost_called: [241954343,com.miui.home.launcher.Launcher,topStateChangedWhenResumed]
12-14 16:24:26.645  3220  3220 I wm_on_paused_called: [0,241954343,com.miui.home.launcher.Launcher,performPause,1]
12-14 16:24:26.654  3220  3811 I com.miui.home: CheckGCForNative adj_start_bytes: 49000189 NativeAllocationGcWatermark: 12237547 java_gc_start_bytes: 30643869 kNewNativeDiscountFactor: 2 kOldNativeDiscountFactor: 65536 old_native_bytes: 128860921 new_native_bytes: 740468 add_bytes_allowed: 36712641 is_gc_concurrent: 1 target_footprint_: 30791517 GetBytesAllocated: 17069024 HeapGrowthMultiplier: 3
12-14 16:24:26.654  3220  3811 I com.miui.home: CheckGCForNative gc_urgency 0.355942 current_native_bytes is 129601389
12-14 16:24:26.658  3220  3811 I com.miui.home: CheckGCForNative adj_start_bytes: 49000189 NativeAllocationGcWatermark: 12237547 java_gc_start_bytes: 30643869 kNewNativeDiscountFactor: 2 kOldNativeDiscountFactor: 65536 old_native_bytes: 128860921 new_native_bytes: 1137012 add_bytes_allowed: 36712641 is_gc_concurrent: 1 target_footprint_: 30791517 GetBytesAllocated: 17069024 HeapGrowthMultiplier: 3
12-14 16:24:26.658  3220  3811 I com.miui.home: CheckGCForNative gc_urgency 0.359988 current_native_bytes is 129997933
12-14 16:24:26.791  3220  3363 I com.miui.home: CheckGCForNative adj_start_bytes: 49000189 NativeAllocationGcWatermark: 12237547 java_gc_start_bytes: 30643869 kNewNativeDiscountFactor: 2 kOldNativeDiscountFactor: 65536 old_native_bytes: 128860921 new_native_bytes: 1653476 add_bytes_allowed: 36712641 is_gc_concurrent: 1 target_footprint_: 30791517 GetBytesAllocated: 17700480 HeapGrowthMultiplier: 3
12-14 16:24:26.791  3220  3363 I com.miui.home: CheckGCForNative gc_urgency 0.37848 current_native_bytes is 130514397
12-14 16:24:27.712 27169 27169 I wm_on_application_create_called: [0,com.smile.gifmaker,373]
12-14 16:24:27.892  3220  3334 I com.miui.home: CheckGCForNative adj_start_bytes: 49000189 NativeAllocationGcWatermark: 12237547 java_gc_start_bytes: 30643869 kNewNativeDiscountFactor: 2 kOldNativeDiscountFactor: 65536 old_native_bytes: 128860921 new_native_bytes: 1817348 add_bytes_allowed: 36712641 is_gc_concurrent: 1 target_footprint_: 30791517 GetBytesAllocated: 18028640 HeapGrowthMultiplier: 3
12-14 16:24:27.892  3220  3334 I com.miui.home: CheckGCForNative gc_urgency 0.386514 current_native_bytes is 130678269
12-14 16:24:27.905 27169 27169 I wm_on_create_called: [0,252582670,com.yxcorp.gifshow.HomeActivity,performCreate,165]
12-14 16:24:27.906  3220  3334 I com.miui.home: CheckGCForNative adj_start_bytes: 49000189 NativeAllocationGcWatermark: 12237547 java_gc_start_bytes: 30643869 kNewNativeDiscountFactor: 2 kOldNativeDiscountFactor: 65536 old_native_bytes: 128860921 new_native_bytes: 1926724 add_bytes_allowed: 36712641 is_gc_concurrent: 1 target_footprint_: 30791517 GetBytesAllocated: 18045024 HeapGrowthMultiplier: 3
12-14 16:24:27.907  3220  3334 I com.miui.home: CheckGCForNative gc_urgency 0.387965 current_native_bytes is 130787645
12-14 16:24:27.938  3220  3220 I com.miui.home: CheckGCForNative adj_start_bytes: 49000189 NativeAllocationGcWatermark: 12237547 java_gc_start_bytes: 30643869 kNewNativeDiscountFactor: 2 kOldNativeDiscountFactor: 65536 old_native_bytes: 128860921 new_native_bytes: 1986308 add_bytes_allowed: 36712641 is_gc_concurrent: 1 target_footprint_: 30791517 GetBytesAllocated: 18176208 HeapGrowthMultiplier: 3
12-14 16:24:27.938  3220  3220 I com.miui.home: CheckGCForNative gc_urgency 0.39125 current_native_bytes is 130847229
12-14 16:24:28.075 27169 27169 I wm_on_start_called: [0,252582670,com.yxcorp.gifshow.HomeActivity,handleStartActivity,169]
12-14 16:24:28.136 27169 27169 I wm_on_resume_called: [0,252582670,com.yxcorp.gifshow.HomeActivity,RESUME_ACTIVITY,6]
12-14 16:24:28.167 27169 27169 I wm_on_top_resumed_gained_called: [252582670,com.yxcorp.gifshow.HomeActivity,topStateChangedWhenResumed]
12-14 16:24:28.862  3220  3220 I wm_on_stop_called: [0,241954343,com.miui.home.launcher.Launcher,STOP_ACTIVITY_ITEM,9]
12-14 16:24:28.946 27169 27169 I wm_on_idle_called: com.yxcorp.gifshow.HomeActivity
12-14 16:24:29.069  3220  3220 I wm_on_restart_called: [0,241954343,com.miui.home.launcher.Launcher,performRestartActivity,0]
12-14 16:24:29.069  3220  3220 I wm_on_start_called: [0,241954343,com.miui.home.launcher.Launcher,handleStartActivity,1]
12-14 16:24:29.125  3220 13268 I com.miui.home: CheckGCForNative adj_start_bytes: 49000189 NativeAllocationGcWatermark: 12237547 java_gc_start_bytes: 30643869 kNewNativeDiscountFactor: 2 kOldNativeDiscountFactor: 65536 old_native_bytes: 128860921 new_native_bytes: 13035380 add_bytes_allowed: 36712641 is_gc_concurrent: 1 target_footprint_: 30791517 GetBytesAllocated: 18963552 HeapGrowthMultiplier: 3
12-14 16:24:29.125  3220 13268 I com.miui.home: CheckGCForNative gc_urgency 0.520063 current_native_bytes is 141896301
12-14 16:24:29.125  3220 13268 I com.miui.home: CheckGCForNative adj_start_bytes: 49000189 NativeAllocationGcWatermark: 12237547 java_gc_start_bytes: 30643869 kNewNativeDiscountFactor: 2 kOldNativeDiscountFactor: 65536 old_native_bytes: 128860921 new_native_bytes: 23741940 add_bytes_allowed: 36712641 is_gc_concurrent: 1 target_footprint_: 30791517 GetBytesAllocated: 18980128 HeapGrowthMultiplier: 3
12-14 16:24:29.125  3220 13268 I com.miui.home: CheckGCForNative gc_urgency 0.629652 current_native_bytes is 152602861
12-14 16:24:29.167  3220 13268 I com.miui.home: CheckGCForNative adj_start_bytes: 49000189 NativeAllocationGcWatermark: 12237547 java_gc_start_bytes: 30643869 kNewNativeDiscountFactor: 2 kOldNativeDiscountFactor: 65536 old_native_bytes: 128860921 new_native_bytes: 23739700 add_bytes_allowed: 36712641 is_gc_concurrent: 1 target_footprint_: 30791517 GetBytesAllocated: 19062048 HeapGrowthMultiplier: 3
12-14 16:24:29.168  3220 13268 I com.miui.home: CheckGCForNative gc_urgency 0.631301 current_native_bytes is 152600621
12-14 16:24:29.348  3220  3363 I com.miui.home: CheckGCForNative adj_start_bytes: 49000189 NativeAllocationGcWatermark: 12237547 java_gc_start_bytes: 30643869 kNewNativeDiscountFactor: 2 kOldNativeDiscountFactor: 65536 old_native_bytes: 128860921 new_native_bytes: 13097484 add_bytes_allowed: 36712641 is_gc_concurrent: 1 target_footprint_: 30791517 GetBytesAllocated: 19160544 HeapGrowthMultiplier: 3
12-14 16:24:29.348  3220  3363 I com.miui.home: CheckGCForNative gc_urgency 0.524717 current_native_bytes is 141958405
12-14 16:24:29.437  3220  3363 I com.miui.home: CheckGCForNative adj_start_bytes: 49000189 NativeAllocationGcWatermark: 12237547 java_gc_start_bytes: 30643869 kNewNativeDiscountFactor: 2 kOldNativeDiscountFactor: 65536 old_native_bytes: 128860921 new_native_bytes: 13105356 add_bytes_allowed: 36712641 is_gc_concurrent: 1 target_footprint_: 30791517 GetBytesAllocated: 19209696 HeapGrowthMultiplier: 3
12-14 16:24:29.438  3220  3363 I com.miui.home: CheckGCForNative gc_urgency 0.525801 current_native_bytes is 141966277
12-14 16:24:29.809  3220  3811 I com.miui.home: CheckGCForNative adj_start_bytes: 49000189 NativeAllocationGcWatermark: 12237547 java_gc_start_bytes: 30643869 kNewNativeDiscountFactor: 2 kOldNativeDiscountFactor: 65536 old_native_bytes: 128860921 new_native_bytes: 13123740 add_bytes_allowed: 36712641 is_gc_concurrent: 1 target_footprint_: 30791517 GetBytesAllocated: 19439408 HeapGrowthMultiplier: 3
12-14 16:24:29.809  3220  3811 I com.miui.home: CheckGCForNative gc_urgency 0.530676 current_native_bytes is 141984661
12-14 16:24:29.822  3220  3811 I com.miui.home: CheckGCForNative adj_start_bytes: 49000189 NativeAllocationGcWatermark: 12237547 java_gc_start_bytes: 30643869 kNewNativeDiscountFactor: 2 kOldNativeDiscountFactor: 65536 old_native_bytes: 128860921 new_native_bytes: 23851228 add_bytes_allowed: 36712641 is_gc_concurrent: 1 target_footprint_: 30791517 GetBytesAllocated: 19488560 HeapGrowthMultiplier: 3
12-14 16:24:29.822  3220  3811 I com.miui.home: CheckGCForNative gc_urgency 0.641143 current_native_bytes is 152712149
12-14 16:24:30.125 27169 27169 I wm_on_top_resumed_lost_called: [252582670,com.yxcorp.gifshow.HomeActivity,topStateChangedWhenResumed]
12-14 16:24:30.137 27169 27169 I wm_on_paused_called: [0,252582670,com.yxcorp.gifshow.HomeActivity,performPause,11]
12-14 16:24:30.151  3220  3220 I wm_on_resume_called: [0,241954343,com.miui.home.launcher.Launcher,RESUME_ACTIVITY,4]
12-14 16:24:30.152  3220  3220 I wm_on_top_resumed_gained_called: [241954343,com.miui.home.launcher.Launcher,topWhenResuming]
12-14 16:24:30.153  3220  3220 I wm_on_idle_called: com.miui.home.launcher.Launcher
12-14 16:24:30.268  3220  3220 I wm_on_top_resumed_lost_called: [241954343,com.miui.home.launcher.Launcher,topStateChangedWhenResumed]
12-14 16:24:30.271  3220  3220 I wm_on_paused_called: [0,241954343,com.miui.home.launcher.Launcher,performPause,1]
12-14 16:24:30.416  3220  3811 I com.miui.home: CheckGCForNative adj_start_bytes: 49000189 NativeAllocationGcWatermark: 12237547 java_gc_start_bytes: 30643869 kNewNativeDiscountFactor: 2 kOldNativeDiscountFactor: 65536 old_native_bytes: 128860921 new_native_bytes: 13974776 add_bytes_allowed: 36712641 is_gc_concurrent: 1 target_footprint_: 30791517 GetBytesAllocated: 20989536 HeapGrowthMultiplier: 3
12-14 16:24:30.442  3220  3811 I com.miui.home: CheckGCForNative gc_urgency 0.571999 current_native_bytes is 142835697
12-14 16:24:30.466  3220  3811 I com.miui.home: CheckGCForNative adj_start_bytes: 49000189 NativeAllocationGcWatermark: 12237547 java_gc_start_bytes: 30643869 kNewNativeDiscountFactor: 2 kOldNativeDiscountFactor: 65536 old_native_bytes: 128860921 new_native_bytes: 14724088 add_bytes_allowed: 36712641 is_gc_concurrent: 1 target_footprint_: 30791517 GetBytesAllocated: 21055072 HeapGrowthMultiplier: 3
12-14 16:24:30.466  3220  3811 I com.miui.home: CheckGCForNative gc_urgency 0.579979 current_native_bytes is 143585009
12-14 16:24:30.476  3220  3811 I com.miui.home: CheckGCForNative adj_start_bytes: 49000189 NativeAllocationGcWatermark: 12237547 java_gc_start_bytes: 30643869 kNewNativeDiscountFactor: 2 kOldNativeDiscountFactor: 65536 old_native_bytes: 128860921 new_native_bytes: 14918200 add_bytes_allowed: 36712641 is_gc_concurrent: 1 target_footprint_: 30791517 GetBytesAllocated: 21104224 HeapGrowthMultiplier: 3
12-14 16:24:30.476  3220  3811 I com.miui.home: CheckGCForNative gc_urgency 0.582963 current_native_bytes is 143779121
12-14 16:24:30.580 27169 27169 I wm_on_stop_called: [0,252582670,com.yxcorp.gifshow.HomeActivity,STOP_ACTIVITY_ITEM,24]
12-14 16:24:30.707  3220  3363 I com.miui.home: CheckGCForNative adj_start_bytes: 49000189 NativeAllocationGcWatermark: 12237547 java_gc_start_bytes: 30643869 kNewNativeDiscountFactor: 2 kOldNativeDiscountFactor: 65536 old_native_bytes: 128860921 new_native_bytes: 15024232 add_bytes_allowed: 36712641 is_gc_concurrent: 1 target_footprint_: 30791517 GetBytesAllocated: 21530608 HeapGrowthMultiplier: 3
12-14 16:24:30.707  3220  3363 I com.miui.home: CheckGCForNative gc_urgency 0.592746 current_native_bytes is 143885153
12-14 16:24:31.781 27723 27723 I wm_on_application_create_called: [0,com.tencent.qqlive,346]
12-14 16:24:32.713 27723 27723 I wm_on_create_called: [0,72566046,com.tencent.qqlive.ona.activity.SplashHomeActivity,performCreate,881]
12-14 16:24:32.843 27723 27723 I wm_on_start_called: [0,72566046,com.tencent.qqlive.ona.activity.SplashHomeActivity,handleStartActivity,129]
12-14 16:24:32.961 27723 27723 I wm_on_resume_called: [0,72566046,com.tencent.qqlive.ona.activity.SplashHomeActivity,RESUME_ACTIVITY,109]
12-14 16:24:33.253 27723 27723 I wm_on_top_resumed_gained_called: [72566046,com.tencent.qqlive.ona.activity.SplashHomeActivity,topStateChangedWhenResumed]
12-14 16:24:33.572  3220  3591 I com.miui.home: CheckGCForNative adj_start_bytes: 49000189 NativeAllocationGcWatermark: 12237547 java_gc_start_bytes: 30643869 kNewNativeDiscountFactor: 2 kOldNativeDiscountFactor: 65536 old_native_bytes: 128860921 new_native_bytes: 25643788 add_bytes_allowed: 36712641 is_gc_concurrent: 1 target_footprint_: 30791517 GetBytesAllocated: 22153744 HeapGrowthMultiplier: 3
12-14 16:24:33.572  3220  3591 I com.miui.home: CheckGCForNative gc_urgency 0.713826 current_native_bytes is 154504709
12-14 16:24:33.573  3220  3591 I com.miui.home: CheckGCForNative adj_start_bytes: 49000189 NativeAllocationGcWatermark: 12237547 java_gc_start_bytes: 30643869 kNewNativeDiscountFactor: 2 kOldNativeDiscountFactor: 65536 old_native_bytes: 128860921 new_native_bytes: 36349708 add_bytes_allowed: 36712641 is_gc_concurrent: 1 target_footprint_: 30791517 GetBytesAllocated: 22170320 HeapGrowthMultiplier: 3
12-14 16:24:33.573  3220  3591 I com.miui.home: CheckGCForNative gc_urgency 0.823408 current_native_bytes is 165210629
12-14 16:24:33.662  3220  3591 I com.miui.home: CheckGCForNative adj_start_bytes: 49000189 NativeAllocationGcWatermark: 12237547 java_gc_start_bytes: 30643869 kNewNativeDiscountFactor: 2 kOldNativeDiscountFactor: 65536 old_native_bytes: 128860921 new_native_bytes: 36346412 add_bytes_allowed: 36712641 is_gc_concurrent: 1 target_footprint_: 30791517 GetBytesAllocated: 22219472 HeapGrowthMultiplier: 3
12-14 16:24:33.663  3220  3591 I com.miui.home: CheckGCForNative gc_urgency 0.824377 current_native_bytes is 165207333
12-14 16:24:33.770  3220  3363 I com.miui.home: CheckGCForNative adj_start_bytes: 49000189 NativeAllocationGcWatermark: 12237547 java_gc_start_bytes: 30643869 kNewNativeDiscountFactor: 2 kOldNativeDiscountFactor: 65536 old_native_bytes: 128860921 new_native_bytes: 25637996 add_bytes_allowed: 36712641 is_gc_concurrent: 1 target_footprint_: 30791517 GetBytesAllocated: 22269200 HeapGrowthMultiplier: 3
12-14 16:24:33.770  3220  3363 I com.miui.home: CheckGCForNative gc_urgency 0.716123 current_native_bytes is 154498917
12-14 16:24:33.904  3220  3363 I com.miui.home: CheckGCForNative adj_start_bytes: 49000189 NativeAllocationGcWatermark: 12237547 java_gc_start_bytes: 30643869 kNewNativeDiscountFactor: 2 kOldNativeDiscountFactor: 65536 old_native_bytes: 128860921 new_native_bytes: 25644140 add_bytes_allowed: 36712641 is_gc_concurrent: 1 target_footprint_: 30791517 GetBytesAllocated: 22334736 HeapGrowthMultiplier: 3
12-14 16:24:33.904  3220  3363 I com.miui.home: CheckGCForNative gc_urgency 0.717523 current_native_bytes is 154505061
12-14 16:24:39.302 28957 28957 I wm_on_create_called: [0,146760884,com.tencent.mtt.SplashActivity,performCreate,115]
12-14 16:24:39.378 28957 28957 I wm_on_create_called: [0,227984187,com.tencent.mtt.MainActivity,performCreate,22]
12-14 16:24:39.382 28957 28957 I wm_on_start_called: [0,227984187,com.tencent.mtt.MainActivity,handleStartActivity,4]
12-14 16:24:39.503  3220  3811 I com.miui.home: CheckGCForNative adj_start_bytes: 49113627 NativeAllocationGcWatermark: 12247763 java_gc_start_bytes: 30741983 kNewNativeDiscountFactor: 2 kOldNativeDiscountFactor: 65536 old_native_bytes: 141619213 new_native_bytes: 2133956 add_bytes_allowed: 36743289 is_gc_concurrent: 1 target_footprint_: 30873247 GetBytesAllocated: 18570096 HeapGrowthMultiplier: 3
12-14 16:24:39.503  3220  3811 I com.miui.home: CheckGCForNative gc_urgency 0.399873 current_native_bytes is 143753169
12-14 16:24:39.713  3220  3220 I wm_on_stop_called: [0,241954343,com.miui.home.launcher.Launcher,STOP_ACTIVITY_ITEM,4]
12-14 16:24:39.898 28957 28957 I wm_on_resume_called: [0,227984187,com.tencent.mtt.MainActivity,RESUME_ACTIVITY,515]
12-14 16:24:39.906 28957 28957 I wm_on_top_resumed_gained_called: [227984187,com.tencent.mtt.MainActivity,topStateChangedWhenResumed]
12-14 16:24:40.248 28957 28957 I wm_on_destroy_called: [0,146760884,com.tencent.mtt.SplashActivity,performDestroy,3]
12-14 16:24:40.652 28957 28957 I wm_on_idle_called: com.tencent.mtt.MainActivity
12-14 16:24:41.125  3220  3220 I wm_on_restart_called: [0,241954343,com.miui.home.launcher.Launcher,performRestartActivity,0]
12-14 16:24:41.126  3220  3220 I wm_on_start_called: [0,241954343,com.miui.home.launcher.Launcher,handleStartActivity,1]
12-14 16:24:41.211  3220 13268 I com.miui.home: CheckGCForNative adj_start_bytes: 49113627 NativeAllocationGcWatermark: 12247763 java_gc_start_bytes: 30741983 kNewNativeDiscountFactor: 2 kOldNativeDiscountFactor: 65536 old_native_bytes: 141619213 new_native_bytes: 13063324 add_bytes_allowed: 36743289 is_gc_concurrent: 1 target_footprint_: 30873247 GetBytesAllocated: 19496688 HeapGrowthMultiplier: 3
12-14 16:24:41.211  3220 13268 I com.miui.home: CheckGCForNative gc_urgency 0.530006 current_native_bytes is 154682537
12-14 16:24:41.211  3220 13268 I com.miui.home: CheckGCForNative adj_start_bytes: 49113627 NativeAllocationGcWatermark: 12247763 java_gc_start_bytes: 30741983 kNewNativeDiscountFactor: 2 kOldNativeDiscountFactor: 65536 old_native_bytes: 141619213 new_native_bytes: 23769244 add_bytes_allowed: 36743289 is_gc_concurrent: 1 target_footprint_: 30873247 GetBytesAllocated: 19513264 HeapGrowthMultiplier: 3
12-14 16:24:41.212  3220 13268 I com.miui.home: CheckGCForNative gc_urgency 0.639335 current_native_bytes is 165388457
12-14 16:24:41.229  3220 13268 I com.miui.home: CheckGCForNative adj_start_bytes: 49113627 NativeAllocationGcWatermark: 12247763 java_gc_start_bytes: 30741983 kNewNativeDiscountFactor: 2 kOldNativeDiscountFactor: 65536 old_native_bytes: 141619213 new_native_bytes: 23772892 add_bytes_allowed: 36743289 is_gc_concurrent: 1 target_footprint_: 30873247 GetBytesAllocated: 19562416 HeapGrowthMultiplier: 3
12-14 16:24:41.229  3220 13268 I com.miui.home: CheckGCForNative gc_urgency 0.640373 current_native_bytes is 165392105
12-14 16:24:41.384  3220  3363 I com.miui.home: CheckGCForNative adj_start_bytes: 49113627 NativeAllocationGcWatermark: 12247763 java_gc_start_bytes: 30741983 kNewNativeDiscountFactor: 2 kOldNativeDiscountFactor: 65536 old_native_bytes: 141619213 new_native_bytes: 13126060 add_bytes_allowed: 36743289 is_gc_concurrent: 1 target_footprint_: 30873247 GetBytesAllocated: 19660912 HeapGrowthMultiplier: 3
12-14 16:24:41.384  3220  3363 I com.miui.home: CheckGCForNative gc_urgency 0.533988 current_native_bytes is 154745273
12-14 16:24:41.386 29258 29258 I wm_on_application_create_called: [0,com.tencent.mtt,325]
12-14 16:24:41.496  3220  3363 I com.miui.home: CheckGCForNative adj_start_bytes: 49113627 NativeAllocationGcWatermark: 12247763 java_gc_start_bytes: 30741983 kNewNativeDiscountFactor: 2 kOldNativeDiscountFactor: 65536 old_native_bytes: 141619213 new_native_bytes: 13136044 add_bytes_allowed: 36743289 is_gc_concurrent: 1 target_footprint_: 30873247 GetBytesAllocated: 19710064 HeapGrowthMultiplier: 3
12-14 16:24:41.496  3220  3363 I com.miui.home: CheckGCForNative gc_urgency 0.535091 current_native_bytes is 154755257
12-14 16:24:41.704 28957 28957 I wm_on_top_resumed_lost_called: [227984187,com.tencent.mtt.MainActivity,topStateChangedWhenResumed]
12-14 16:24:41.717  3220  3220 I wm_on_resume_called: [0,241954343,com.miui.home.launcher.Launcher,RESUME_ACTIVITY,4]
12-14 16:24:41.718  3220  3220 I wm_on_idle_called: com.miui.home.launcher.Launcher
12-14 16:24:41.733  3220  3220 I wm_on_top_resumed_gained_called: [241954343,com.miui.home.launcher.Launcher,topStateChangedWhenResumed]
12-14 16:24:41.737 28957 28957 I wm_on_paused_called: [0,227984187,com.tencent.mtt.MainActivity,performPause,3]
12-14 16:24:41.857 28957 28957 I wm_on_stop_called: [0,227984187,com.tencent.mtt.MainActivity,STOP_ACTIVITY_ITEM,91]
12-14 16:24:41.877  3220  3811 I com.miui.home: CheckGCForNative adj_start_bytes: 49113627 NativeAllocationGcWatermark: 12247763 java_gc_start_bytes: 30741983 kNewNativeDiscountFactor: 2 kOldNativeDiscountFactor: 65536 old_native_bytes: 141619213 new_native_bytes: 13046124 add_bytes_allowed: 36743289 is_gc_concurrent: 1 target_footprint_: 30873247 GetBytesAllocated: 20645184 HeapGrowthMultiplier: 3
12-14 16:24:41.877  3220  3811 I com.miui.home: CheckGCForNative gc_urgency 0.553215 current_native_bytes is 154665337
12-14 16:24:41.887  3220  3811 I com.miui.home: CheckGCForNative adj_start_bytes: 49113627 NativeAllocationGcWatermark: 12247763 java_gc_start_bytes: 30741983 kNewNativeDiscountFactor: 2 kOldNativeDiscountFactor: 65536 old_native_bytes: 141619213 new_native_bytes: 23730508 add_bytes_allowed: 36743289 is_gc_concurrent: 1 target_footprint_: 30873247 GetBytesAllocated: 20776256 HeapGrowthMultiplier: 3
12-14 16:24:41.887  3220  3811 I com.miui.home: CheckGCForNative gc_urgency 0.664656 current_native_bytes is 165349721
12-14 16:24:41.902  3220  3811 I com.miui.home: CheckGCForNative adj_start_bytes: 49113627 NativeAllocationGcWatermark: 12247763 java_gc_start_bytes: 30741983 kNewNativeDiscountFactor: 2 kOldNativeDiscountFactor: 65536 old_native_bytes: 141619213 new_native_bytes: 13156172 add_bytes_allowed: 36743289 is_gc_concurrent: 1 target_footprint_: 30873247 GetBytesAllocated: 20957056 HeapGrowthMultiplier: 3
12-14 16:24:41.902  3220  3811 I com.miui.home: CheckGCForNative gc_urgency 0.560686 current_native_bytes is 154775385
12-14 16:24:42.168  3220  3220 I wm_on_top_resumed_lost_called: [241954343,com.miui.home.launcher.Launcher,topStateChangedWhenResumed]
12-14 16:24:42.176  3220  3220 I wm_on_paused_called: [0,241954343,com.miui.home.launcher.Launcher,performPause,2]
12-14 16:24:42.259  3220  3811 I com.miui.home: CheckGCForNative adj_start_bytes: 49113627 NativeAllocationGcWatermark: 12247763 java_gc_start_bytes: 30741983 kNewNativeDiscountFactor: 2 kOldNativeDiscountFactor: 65536 old_native_bytes: 141619213 new_native_bytes: 14134160 add_bytes_allowed: 36743289 is_gc_concurrent: 1 target_footprint_: 30873247 GetBytesAllocated: 21531152 HeapGrowthMultiplier: 3
12-14 16:24:42.259  3220  3811 I com.miui.home: CheckGCForNative gc_urgency 0.582331 current_native_bytes is 155753373
12-14 16:24:42.260  3220  3811 I com.miui.home: CheckGCForNative adj_start_bytes: 49113627 NativeAllocationGcWatermark: 12247763 java_gc_start_bytes: 30741983 kNewNativeDiscountFactor: 2 kOldNativeDiscountFactor: 65536 old_native_bytes: 141619213 new_native_bytes: 14591728 add_bytes_allowed: 36743289 is_gc_concurrent: 1 target_footprint_: 30873247 GetBytesAllocated: 21531152 HeapGrowthMultiplier: 3
12-14 16:24:42.260  3220  3811 I com.miui.home: CheckGCForNative gc_urgency 0.586989 current_native_bytes is 156210941
12-14 16:24:42.291  3220  3357 I com.miui.home: CheckGCForNative adj_start_bytes: 49113627 NativeAllocationGcWatermark: 12247763 java_gc_start_bytes: 30741983 kNewNativeDiscountFactor: 2 kOldNativeDiscountFactor: 65536 old_native_bytes: 141619213 new_native_bytes: 14737840 add_bytes_allowed: 36743289 is_gc_concurrent: 1 target_footprint_: 30873247 GetBytesAllocated: 21834288 HeapGrowthMultiplier: 3
12-14 16:24:42.291  3220  3357 I com.miui.home: CheckGCForNative gc_urgency 0.594649 current_native_bytes is 156357053
12-14 16:24:42.399  3220  3811 I com.miui.home: CheckGCForNative adj_start_bytes: 49113627 NativeAllocationGcWatermark: 12247763 java_gc_start_bytes: 30741983 kNewNativeDiscountFactor: 2 kOldNativeDiscountFactor: 65536 old_native_bytes: 141619213 new_native_bytes: 14839264 add_bytes_allowed: 36743289 is_gc_concurrent: 1 target_footprint_: 30873247 GetBytesAllocated: 22359472 HeapGrowthMultiplier: 3
12-14 16:24:42.399  3220  3811 I com.miui.home: CheckGCForNative gc_urgency 0.606375 current_native_bytes is 156458477
12-14 16:24:43.138 29401 29401 I wm_on_application_create_called: [0,com.taobao.taobao,413]
12-14 16:24:43.238 29401 29401 I wm_on_create_called: [0,30253724,com.taobao.tao.welcome.Welcome,performCreate,85]
12-14 16:24:43.320 29401 29401 I wm_on_start_called: [0,30253724,com.taobao.tao.welcome.Welcome,handleStartActivity,82]
12-14 16:24:43.378 29401 29401 I wm_on_resume_called: [0,30253724,com.taobao.tao.welcome.Welcome,RESUME_ACTIVITY,52]
12-14 16:24:43.411 29401 29401 I wm_on_top_resumed_gained_called: [30253724,com.taobao.tao.welcome.Welcome,topStateChangedWhenResumed]
12-14 16:24:44.540  3220  3220 I wm_on_stop_called: [0,241954343,com.miui.home.launcher.Launcher,STOP_ACTIVITY_ITEM,6]
12-14 16:24:44.719 29401 29401 I wm_on_idle_called: com.taobao.tao.welcome.Welcome
12-14 16:24:44.783  3220  3220 I wm_on_restart_called: [0,241954343,com.miui.home.launcher.Launcher,performRestartActivity,0]
12-14 16:24:44.783  3220  3220 I wm_on_start_called: [0,241954343,com.miui.home.launcher.Launcher,handleStartActivity,1]
12-14 16:24:44.831  3220  3426 I com.miui.home: CheckGCForNative adj_start_bytes: 49113627 NativeAllocationGcWatermark: 12247763 java_gc_start_bytes: 30741983 kNewNativeDiscountFactor: 2 kOldNativeDiscountFactor: 65536 old_native_bytes: 141619213 new_native_bytes: 25735672 add_bytes_allowed: 36743289 is_gc_concurrent: 1 target_footprint_: 30873247 GetBytesAllocated: 23302288 HeapGrowthMultiplier: 3
12-14 16:24:44.831  3220  3426 I com.miui.home: CheckGCForNative gc_urgency 0.736502 current_native_bytes is 167354885
12-14 16:24:44.836  3220  3591 I com.miui.home: CheckGCForNative adj_start_bytes: 49113627 NativeAllocationGcWatermark: 12247763 java_gc_start_bytes: 30741983 kNewNativeDiscountFactor: 2 kOldNativeDiscountFactor: 65536 old_native_bytes: 141619213 new_native_bytes: 36441592 add_bytes_allowed: 36743289 is_gc_concurrent: 1 target_footprint_: 30873247 GetBytesAllocated: 23302480 HeapGrowthMultiplier: 3
12-14 16:24:44.836  3220  3591 I com.miui.home: CheckGCForNative gc_urgency 0.845497 current_native_bytes is 178060805
12-14 16:24:44.838  3220  3220 I com.miui.home: CheckGCForNative adj_start_bytes: 49113627 NativeAllocationGcWatermark: 12247763 java_gc_start_bytes: 30741983 kNewNativeDiscountFactor: 2 kOldNativeDiscountFactor: 65536 old_native_bytes: 141619213 new_native_bytes: 47147896 add_bytes_allowed: 36743289 is_gc_concurrent: 1 target_footprint_: 30873247 GetBytesAllocated: 23319056 HeapGrowthMultiplier: 3
12-14 16:24:44.838  3220  3220 I com.miui.home: CheckGCForNative gc_urgency 0.95483 current_native_bytes is 188767109
12-14 16:24:44.861  3220  3363 I com.miui.home: CheckGCForNative adj_start_bytes: 49113627 NativeAllocationGcWatermark: 12247763 java_gc_start_bytes: 30741983 kNewNativeDiscountFactor: 2 kOldNativeDiscountFactor: 65536 old_native_bytes: 141619213 new_native_bytes: 25738872 add_bytes_allowed: 36743289 is_gc_concurrent: 1 target_footprint_: 30873247 GetBytesAllocated: 23335440 HeapGrowthMultiplier: 3
12-14 16:24:44.861  3220  3363 I com.miui.home: CheckGCForNative gc_urgency 0.73721 current_native_bytes is 167358085
12-14 16:24:45.005  3220  3363 I com.miui.home: CheckGCForNative adj_start_bytes: 49113627 NativeAllocationGcWatermark: 12247763 java_gc_start_bytes: 30741983 kNewNativeDiscountFactor: 2 kOldNativeDiscountFactor: 65536 old_native_bytes: 141619213 new_native_bytes: 25746120 add_bytes_allowed: 36743289 is_gc_concurrent: 1 target_footprint_: 30873247 GetBytesAllocated: 23433744 HeapGrowthMultiplier: 3
12-14 16:24:45.005  3220  3363 I com.miui.home: CheckGCForNative gc_urgency 0.739285 current_native_bytes is 167365333
