12-14 18:35:37.590  3220  3220 I wm_on_top_resumed_lost_called: [241954343,com.miui.home.launcher.Launcher,topStateChangedWhenResumed]
12-14 18:35:37.596  3220  3220 I wm_on_paused_called: [0,241954343,com.miui.home.launcher.Launcher,performPause,1]
12-14 18:35:37.729  3220  3363 I com.miui.home: CheckGCForNative adj_start_bytes: 49948913 NativeAllocationGcWatermark: 12377059 java_gc_start_bytes: 31383325 kNewNativeDiscountFactor: 2 kOldNativeDiscountFactor: 65536 old_native_bytes: 132512253 new_native_bytes: 30453276 add_bytes_allowed: 37131177 is_gc_concurrent: 1 target_footprint_: 31907613 GetBytesAllocated: 25977776 HeapGrowthMultiplier: 3
12-14 18:35:37.729  3220  3363 I com.miui.home: CheckGCForNative gc_urgency 0.824972 current_native_bytes is 162965529
12-14 18:35:37.740  3220  3363 I com.miui.home: CheckGCForNative adj_start_bytes: 49948913 NativeAllocationGcWatermark: 12377059 java_gc_start_bytes: 31383325 kNewNativeDiscountFactor: 2 kOldNativeDiscountFactor: 65536 old_native_bytes: 132512253 new_native_bytes: 30445948 add_bytes_allowed: 37131177 is_gc_concurrent: 1 target_footprint_: 31907613 GetBytesAllocated: 26010544 HeapGrowthMultiplier: 3
12-14 18:35:37.740  3220  3363 I com.miui.home: CheckGCForNative gc_urgency 0.825554 current_native_bytes is 162958201
12-14 18:35:38.162  4047  4047 I wm_on_application_create_called: [0,com.autonavi.minimap,356]
12-14 18:35:38.289  4047  4047 I wm_on_create_called: [0,155743017,com.autonavi.map.activity.SplashActivity,performCreate,114]
12-14 18:35:38.378  4140  4140 I wm_on_application_create_called: [0,com.autonavi.minimap,281]
12-14 18:35:38.421  4047  4047 I wm_on_create_called: [0,102208764,com.autonavi.map.activity.NewMapActivity,performCreate,91]
12-14 18:35:38.423  4047  4047 I wm_on_start_called: [0,102208764,com.autonavi.map.activity.NewMapActivity,handleStartActivity,2]
12-14 18:35:38.428  4047  4047 I wm_on_resume_called: [0,102208764,com.autonavi.map.activity.NewMapActivity,RESUME_ACTIVITY,4]
12-14 18:35:38.451  4047  4047 I wm_on_top_resumed_gained_called: [102208764,com.autonavi.map.activity.NewMapActivity,topStateChangedWhenResumed]
12-14 18:35:39.003  3220  3220 I wm_on_stop_called: [0,241954343,com.miui.home.launcher.Launcher,STOP_ACTIVITY_ITEM,2]
12-14 18:35:39.071  4047  4047 I wm_on_destroy_called: [0,155743017,com.autonavi.map.activity.SplashActivity,performDestroy,0]
12-14 18:35:39.105  4047  4047 I wm_on_idle_called: com.autonavi.map.activity.NewMapActivity
12-14 18:35:39.979  3220  3220 I wm_on_restart_called: [0,241954343,com.miui.home.launcher.Launcher,performRestartActivity,0]
12-14 18:35:39.980  3220  3220 I wm_on_start_called: [0,241954343,com.miui.home.launcher.Launcher,handleStartActivity,1]
12-14 18:35:40.046  3220 20177 I com.miui.home: CheckGCForNative adj_start_bytes: 49948913 NativeAllocationGcWatermark: 12377059 java_gc_start_bytes: 31383325 kNewNativeDiscountFactor: 2 kOldNativeDiscountFactor: 65536 old_native_bytes: 132512253 new_native_bytes: 40314404 add_bytes_allowed: 37131177 is_gc_concurrent: 1 target_footprint_: 31907613 GetBytesAllocated: 26773872 HeapGrowthMultiplier: 3
12-14 18:35:40.046  3220 20177 I com.miui.home: CheckGCForNative gc_urgency 0.939622 current_native_bytes is 172826657
12-14 18:35:40.046  3220 20177 I com.miui.home: CheckGCForNative adj_start_bytes: 49948913 NativeAllocationGcWatermark: 12377059 java_gc_start_bytes: 31383325 kNewNativeDiscountFactor: 2 kOldNativeDiscountFactor: 65536 old_native_bytes: 132512253 new_native_bytes: 51020964 add_bytes_allowed: 37131177 is_gc_concurrent: 1 target_footprint_: 31907613 GetBytesAllocated: 26774064 HeapGrowthMultiplier: 3
12-14 18:35:40.046  3220 20177 I com.miui.home: CheckGCForNative gc_urgency 1.0468 current_native_bytes is 183533217
12-14 18:35:40.047  3220 20177 I com.miui.home: CheckGCForNative requested 1
12-14 18:35:40.064  3220 20177 I com.miui.home: CheckGCForNative adj_start_bytes: 49948913 NativeAllocationGcWatermark: 12377059 java_gc_start_bytes: 31383325 kNewNativeDiscountFactor: 2 kOldNativeDiscountFactor: 65536 old_native_bytes: 132512253 new_native_bytes: 51051140 add_bytes_allowed: 37131177 is_gc_concurrent: 1 target_footprint_: 31907613 GetBytesAllocated: 26790448 HeapGrowthMultiplier: 3
12-14 18:35:40.065  3220 20177 I com.miui.home: CheckGCForNative gc_urgency 1.04743 current_native_bytes is 183563393
12-14 18:35:40.065  3220 20177 I com.miui.home: CheckGCForNative requested 1
12-14 18:35:40.116  4986  4986 I wm_on_application_create_called: [0,com.autonavi.minimap,237]
12-14 18:35:40.163  3220  3247 I com.miui.home: NativeAlloc concurrent copying GC freed 196010(10MB) AllocSpace objects, 10(456KB) LOS objects, 49% free, 14MB/29MB, paused 67us,40us total 115.414ms
12-14 18:35:40.196  3220  3363 I com.miui.home: CheckGCForNative gc_urgency 0 current_native_bytes is 120873733
12-14 18:35:40.545  4047  4047 I wm_on_top_resumed_lost_called: [102208764,com.autonavi.map.activity.NewMapActivity,topStateChangedWhenResumed]
12-14 18:35:40.572  3220  3220 I com.miui.home: CheckGCForNative adj_start_bytes: 49520924 NativeAllocationGcWatermark: 12292361 java_gc_start_bytes: 31082383 kNewNativeDiscountFactor: 2 kOldNativeDiscountFactor: 65536 old_native_bytes: 120873733 new_native_bytes: 32504 add_bytes_allowed: 36877083 is_gc_concurrent: 1 target_footprint_: 31230031 GetBytesAllocated: 15828008 HeapGrowthMultiplier: 3
12-14 18:35:40.572  3220  3220 I com.miui.home: CheckGCForNative gc_urgency 0.319988 current_native_bytes is 120906237
12-14 18:35:40.593  4047  4047 I wm_on_paused_called: [0,102208764,com.autonavi.map.activity.NewMapActivity,performPause,15]
12-14 18:35:40.620  3220  3220 I wm_on_resume_called: [0,241954343,com.miui.home.launcher.Launcher,RESUME_ACTIVITY,12]
12-14 18:35:40.620  3220  3220 I wm_on_top_resumed_gained_called: [241954343,com.miui.home.launcher.Launcher,topWhenResuming]
12-14 18:35:40.628  3220 32174 I com.miui.home: CheckGCForNative adj_start_bytes: 49520924 NativeAllocationGcWatermark: 12292361 java_gc_start_bytes: 31082383 kNewNativeDiscountFactor: 2 kOldNativeDiscountFactor: 65536 old_native_bytes: 120873733 new_native_bytes: 64952 add_bytes_allowed: 36877083 is_gc_concurrent: 1 target_footprint_: 31230031 GetBytesAllocated: 15959848 HeapGrowthMultiplier: 3
12-14 18:35:40.628  3220 32174 I com.miui.home: CheckGCForNative gc_urgency 0.322978 current_native_bytes is 120938685
12-14 18:35:40.647  3220  3220 I wm_on_idle_called: com.miui.home.launcher.Launcher
12-14 18:35:40.739  3220  3811 I com.miui.home: CheckGCForNative adj_start_bytes: 49520924 NativeAllocationGcWatermark: 12292361 java_gc_start_bytes: 31082383 kNewNativeDiscountFactor: 2 kOldNativeDiscountFactor: 65536 old_native_bytes: 120873733 new_native_bytes: 10779608 add_bytes_allowed: 36877083 is_gc_concurrent: 1 target_footprint_: 31230031 GetBytesAllocated: 16729992 HeapGrowthMultiplier: 3
12-14 18:35:40.740  3220  3811 I com.miui.home: CheckGCForNative gc_urgency 0.446713 current_native_bytes is 131653341
12-14 18:35:40.987  4047  4047 I wm_on_stop_called: [0,102208764,com.autonavi.map.activity.NewMapActivity,STOP_ACTIVITY_ITEM,72]
12-14 18:35:41.172  3220  3220 I wm_on_top_resumed_lost_called: [241954343,com.miui.home.launcher.Launcher,topStateChangedWhenResumed]
12-14 18:35:41.196  3220  3220 I wm_on_paused_called: [0,241954343,com.miui.home.launcher.Launcher,performPause,11]
12-14 18:35:41.630  5329  5329 I wm_on_create_called: [0,147328293,fm.qingting.qtradio.WelcomeActivity,performCreate,97]
12-14 18:35:41.631  5329  5329 I wm_on_start_called: [0,147328293,fm.qingting.qtradio.WelcomeActivity,handleStartActivity,1]
12-14 18:35:41.633  5329  5329 I wm_on_resume_called: [0,147328293,fm.qingting.qtradio.WelcomeActivity,RESUME_ACTIVITY,2]
12-14 18:35:41.651  5329  5329 I wm_on_top_resumed_gained_called: [147328293,fm.qingting.qtradio.WelcomeActivity,topStateChangedWhenResumed]
12-14 18:35:41.869  3220  3220 I wm_on_stop_called: [0,241954343,com.miui.home.launcher.Launcher,STOP_ACTIVITY_ITEM,2]
12-14 18:35:42.098  5329  5329 I wm_on_idle_called: fm.qingting.qtradio.WelcomeActivity
12-14 18:35:42.182  5329  5329 I wm_on_top_resumed_lost_called: [147328293,fm.qingting.qtradio.WelcomeActivity,topStateChangedWhenResumed]
12-14 18:35:42.183  5329  5329 I wm_on_paused_called: [0,147328293,fm.qingting.qtradio.WelcomeActivity,performPause,1]
12-14 18:35:42.309  5329  5329 I wm_on_create_called: [0,100266810,fm.qingting.qtradio.QTRadioActivity,performCreate,111]
12-14 18:35:42.348  5329  5329 I wm_on_start_called: [0,100266810,fm.qingting.qtradio.QTRadioActivity,handleStartActivity,40]
12-14 18:35:42.352  5329  5329 I wm_on_resume_called: [0,100266810,fm.qingting.qtradio.QTRadioActivity,RESUME_ACTIVITY,3]
12-14 18:35:42.378  5329  5329 I wm_on_top_resumed_gained_called: [100266810,fm.qingting.qtradio.QTRadioActivity,topStateChangedWhenResumed]
12-14 18:35:42.560  5329  5329 I wm_on_stop_called: [0,147328293,fm.qingting.qtradio.WelcomeActivity,LIFECYCLER_STOP_ACTIVITY,1]
12-14 18:35:42.561  5329  5329 I wm_on_destroy_called: [0,147328293,fm.qingting.qtradio.WelcomeActivity,performDestroy,0]
12-14 18:35:42.608  5329  5329 I wm_on_idle_called: fm.qingting.qtradio.QTRadioActivity
12-14 18:35:43.159  3220  3220 I wm_on_restart_called: [0,241954343,com.miui.home.launcher.Launcher,performRestartActivity,0]
12-14 18:35:43.160  3220  3220 I wm_on_start_called: [0,241954343,com.miui.home.launcher.Launcher,handleStartActivity,0]
12-14 18:35:43.222  3220 18291 I com.miui.home: CheckGCForNative adj_start_bytes: 49520924 NativeAllocationGcWatermark: 12292361 java_gc_start_bytes: 31082383 kNewNativeDiscountFactor: 2 kOldNativeDiscountFactor: 65536 old_native_bytes: 120873733 new_native_bytes: 11150924 add_bytes_allowed: 36877083 is_gc_concurrent: 1 target_footprint_: 31230031 GetBytesAllocated: 18599960 HeapGrowthMultiplier: 3
12-14 18:35:43.222  3220 18291 I com.miui.home: CheckGCForNative gc_urgency 0.488223 current_native_bytes is 132024657
12-14 18:35:43.223  3220 18291 I com.miui.home: CheckGCForNative adj_start_bytes: 49520924 NativeAllocationGcWatermark: 12292361 java_gc_start_bytes: 31082383 kNewNativeDiscountFactor: 2 kOldNativeDiscountFactor: 65536 old_native_bytes: 120873733 new_native_bytes: 21856844 add_bytes_allowed: 36877083 is_gc_concurrent: 1 target_footprint_: 31230031 GetBytesAllocated: 18616536 HeapGrowthMultiplier: 3
12-14 18:35:43.223  3220 18291 I com.miui.home: CheckGCForNative gc_urgency 0.596653 current_native_bytes is 142730577
12-14 18:35:43.228  3220 18291 I com.miui.home: CheckGCForNative adj_start_bytes: 49520924 NativeAllocationGcWatermark: 12292361 java_gc_start_bytes: 31082383 kNewNativeDiscountFactor: 2 kOldNativeDiscountFactor: 65536 old_native_bytes: 120873733 new_native_bytes: 21858700 add_bytes_allowed: 36877083 is_gc_concurrent: 1 target_footprint_: 31230031 GetBytesAllocated: 18665688 HeapGrowthMultiplier: 3
12-14 18:35:43.228  3220 18291 I com.miui.home: CheckGCForNative gc_urgency 0.597664 current_native_bytes is 142732433
12-14 18:35:43.269  3220  3325 I com.miui.home: CheckGCForNative adj_start_bytes: 49520924 NativeAllocationGcWatermark: 12292361 java_gc_start_bytes: 31082383 kNewNativeDiscountFactor: 2 kOldNativeDiscountFactor: 65536 old_native_bytes: 120873733 new_native_bytes: 11166156 add_bytes_allowed: 36877083 is_gc_concurrent: 1 target_footprint_: 31230031 GetBytesAllocated: 18682264 HeapGrowthMultiplier: 3
12-14 18:35:43.270  3220  3325 I com.miui.home: CheckGCForNative gc_urgency 0.490039 current_native_bytes is 132039889
12-14 18:35:43.615  3220  3363 I com.miui.home: CheckGCForNative adj_start_bytes: 49520924 NativeAllocationGcWatermark: 12292361 java_gc_start_bytes: 31082383 kNewNativeDiscountFactor: 2 kOldNativeDiscountFactor: 65536 old_native_bytes: 120873733 new_native_bytes: 11195012 add_bytes_allowed: 36877083 is_gc_concurrent: 1 target_footprint_: 31230031 GetBytesAllocated: 18846104 HeapGrowthMultiplier: 3
12-14 18:35:43.615  3220  3363 I com.miui.home: CheckGCForNative gc_urgency 0.493639 current_native_bytes is 132068745
12-14 18:35:43.637  3220  3363 I com.miui.home: CheckGCForNative adj_start_bytes: 49520924 NativeAllocationGcWatermark: 12292361 java_gc_start_bytes: 31082383 kNewNativeDiscountFactor: 2 kOldNativeDiscountFactor: 65536 old_native_bytes: 120873733 new_native_bytes: 11196804 add_bytes_allowed: 36877083 is_gc_concurrent: 1 target_footprint_: 31230031 GetBytesAllocated: 18862488 HeapGrowthMultiplier: 3
12-14 18:35:43.637  3220  3363 I com.miui.home: CheckGCForNative gc_urgency 0.493988 current_native_bytes is 132070537
12-14 18:35:43.725  5329  5329 I wm_on_top_resumed_lost_called: [100266810,fm.qingting.qtradio.QTRadioActivity,topStateChangedWhenResumed]
12-14 18:35:43.741  3220  3220 I wm_on_resume_called: [0,241954343,com.miui.home.launcher.Launcher,RESUME_ACTIVITY,4]
12-14 18:35:43.743  3220  3220 I wm_on_idle_called: com.miui.home.launcher.Launcher
12-14 18:35:43.749  3220  3220 I wm_on_top_resumed_gained_called: [241954343,com.miui.home.launcher.Launcher,topStateChangedWhenResumed]
12-14 18:35:43.778  5329  5329 I wm_on_paused_called: [0,100266810,fm.qingting.qtradio.QTRadioActivity,performPause,29]
12-14 18:35:43.812  5329  5329 I wm_on_stop_called: [0,100266810,fm.qingting.qtradio.QTRadioActivity,STOP_ACTIVITY_ITEM,27]
12-14 18:35:43.862  3220  3811 I com.miui.home: CheckGCForNative adj_start_bytes: 49520924 NativeAllocationGcWatermark: 12292361 java_gc_start_bytes: 31082383 kNewNativeDiscountFactor: 2 kOldNativeDiscountFactor: 65536 old_native_bytes: 120873733 new_native_bytes: 21910940 add_bytes_allowed: 36877083 is_gc_concurrent: 1 target_footprint_: 31230031 GetBytesAllocated: 19748296 HeapGrowthMultiplier: 3
12-14 18:35:43.862  3220  3811 I com.miui.home: CheckGCForNative gc_urgency 0.620053 current_native_bytes is 142784673
12-14 18:35:44.146  3220  3220 I wm_on_top_resumed_lost_called: [241954343,com.miui.home.launcher.Launcher,topStateChangedWhenResumed]
12-14 18:35:44.153  3220  3220 I wm_on_paused_called: [0,241954343,com.miui.home.launcher.Launcher,performPause,1]
12-14 18:35:44.225  3220  3811 I com.miui.home: CheckGCForNative adj_start_bytes: 49520924 NativeAllocationGcWatermark: 12292361 java_gc_start_bytes: 31082383 kNewNativeDiscountFactor: 2 kOldNativeDiscountFactor: 65536 old_native_bytes: 120873733 new_native_bytes: 11809488 add_bytes_allowed: 36877083 is_gc_concurrent: 1 target_footprint_: 31230031 GetBytesAllocated: 20224264 HeapGrowthMultiplier: 3
12-14 18:35:44.225  3220  3811 I com.miui.home: CheckGCForNative gc_urgency 0.527673 current_native_bytes is 132683221
12-14 18:35:44.373  3220  3363 I com.miui.home: CheckGCForNative adj_start_bytes: 49520924 NativeAllocationGcWatermark: 12292361 java_gc_start_bytes: 31082383 kNewNativeDiscountFactor: 2 kOldNativeDiscountFactor: 65536 old_native_bytes: 120873733 new_native_bytes: 11739368 add_bytes_allowed: 36877083 is_gc_concurrent: 1 target_footprint_: 31230031 GetBytesAllocated: 20675368 HeapGrowthMultiplier: 3
12-14 18:35:44.373  3220  3363 I com.miui.home: CheckGCForNative gc_urgency 0.536074 current_native_bytes is 132613101
12-14 18:35:44.769  5828  5828 I wm_on_create_called: [0,207403268,com.xunmeng.pinduoduo.ui.activity.MainFrameActivity,performCreate,87]
12-14 18:35:44.859  5828  5828 I wm_on_create_called: [0,71455584,com.xunmeng.pinduoduo.ui.activity.HomeActivity,performCreate,53]
12-14 18:35:44.876  5828  5828 I wm_on_start_called: [0,71455584,com.xunmeng.pinduoduo.ui.activity.HomeActivity,handleStartActivity,16]
12-14 18:35:44.880  5828  5828 I wm_on_resume_called: [0,71455584,com.xunmeng.pinduoduo.ui.activity.HomeActivity,RESUME_ACTIVITY,3]
12-14 18:35:44.910  5828  5828 I wm_on_top_resumed_gained_called: [71455584,com.xunmeng.pinduoduo.ui.activity.HomeActivity,topStateChangedWhenResumed]
12-14 18:35:45.233  5828  5828 I wm_on_idle_called: com.xunmeng.pinduoduo.ui.activity.HomeActivity
12-14 18:35:45.243  3220  3220 I wm_on_stop_called: [0,241954343,com.miui.home.launcher.Launcher,STOP_ACTIVITY_ITEM,2]
12-14 18:35:45.332  5828  5828 I wm_on_destroy_called: [0,207403268,com.xunmeng.pinduoduo.ui.activity.MainFrameActivity,performDestroy,3]
12-14 18:35:45.798  5828  5828 I wm_on_top_resumed_lost_called: [71455584,com.xunmeng.pinduoduo.ui.activity.HomeActivity,topStateChangedWhenResumed]
12-14 18:35:45.801  5828  5828 I wm_on_paused_called: [0,71455584,com.xunmeng.pinduoduo.ui.activity.HomeActivity,performPause,1]
12-14 18:35:45.865  5828  5828 I wm_on_create_called: [0,117657678,com.xunmeng.pinduoduo.login.LoginActivity,performCreate,14]
12-14 18:35:45.896  3220  3220 I wm_on_restart_called: [0,241954343,com.miui.home.launcher.Launcher,performRestartActivity,0]
12-14 18:35:45.897  3220  3220 I wm_on_start_called: [0,241954343,com.miui.home.launcher.Launcher,handleStartActivity,1]
12-14 18:35:45.906  5828  5828 I wm_on_start_called: [0,117657678,com.xunmeng.pinduoduo.login.LoginActivity,handleStartActivity,34]
12-14 18:35:45.919  5828  5828 I wm_on_resume_called: [0,117657678,com.xunmeng.pinduoduo.login.LoginActivity,RESUME_ACTIVITY,1]
12-14 18:35:45.935  5828  5828 I wm_on_top_resumed_gained_called: [117657678,com.xunmeng.pinduoduo.login.LoginActivity,topStateChangedWhenResumed]
12-14 18:35:45.986  3220 14926 I com.miui.home: CheckGCForNative adj_start_bytes: 49520924 NativeAllocationGcWatermark: 12292361 java_gc_start_bytes: 31082383 kNewNativeDiscountFactor: 2 kOldNativeDiscountFactor: 65536 old_native_bytes: 120873733 new_native_bytes: 22523648 add_bytes_allowed: 36877083 is_gc_concurrent: 1 target_footprint_: 31230031 GetBytesAllocated: 21389208 HeapGrowthMultiplier: 3
12-14 18:35:45.986  3220 14926 I com.miui.home: CheckGCForNative gc_urgency 0.659375 current_native_bytes is 143397381
12-14 18:35:45.986  3220 14926 I com.miui.home: CheckGCForNative adj_start_bytes: 49520924 NativeAllocationGcWatermark: 12292361 java_gc_start_bytes: 31082383 kNewNativeDiscountFactor: 2 kOldNativeDiscountFactor: 65536 old_native_bytes: 120873733 new_native_bytes: 33230208 add_bytes_allowed: 36877083 is_gc_concurrent: 1 target_footprint_: 31230031 GetBytesAllocated: 21405784 HeapGrowthMultiplier: 3
12-14 18:35:45.987  3220 14926 I com.miui.home: CheckGCForNative gc_urgency 0.767811 current_native_bytes is 154103941
12-14 18:35:46.058  3220 14926 I com.miui.home: CheckGCForNative adj_start_bytes: 49520924 NativeAllocationGcWatermark: 12292361 java_gc_start_bytes: 31082383 kNewNativeDiscountFactor: 2 kOldNativeDiscountFactor: 65536 old_native_bytes: 120873733 new_native_bytes: 33241056 add_bytes_allowed: 36877083 is_gc_concurrent: 1 target_footprint_: 31230031 GetBytesAllocated: 21471352 HeapGrowthMultiplier: 3
12-14 18:35:46.058  3220 14926 I com.miui.home: CheckGCForNative gc_urgency 0.769245 current_native_bytes is 154114789
12-14 18:35:46.148  3220  3811 I com.miui.home: CheckGCForNative adj_start_bytes: 49520924 NativeAllocationGcWatermark: 12292361 java_gc_start_bytes: 31082383 kNewNativeDiscountFactor: 2 kOldNativeDiscountFactor: 65536 old_native_bytes: 120873733 new_native_bytes: 33249952 add_bytes_allowed: 36877083 is_gc_concurrent: 1 target_footprint_: 31230031 GetBytesAllocated: 21602856 HeapGrowthMultiplier: 3
12-14 18:35:46.148  3220  3811 I com.miui.home: CheckGCForNative gc_urgency 0.77199 current_native_bytes is 154123685
12-14 18:35:46.188  3220  3363 I com.miui.home: CheckGCForNative adj_start_bytes: 49520924 NativeAllocationGcWatermark: 12292361 java_gc_start_bytes: 31082383 kNewNativeDiscountFactor: 2 kOldNativeDiscountFactor: 65536 old_native_bytes: 120873733 new_native_bytes: 22546080 add_bytes_allowed: 36877083 is_gc_concurrent: 1 target_footprint_: 31230031 GetBytesAllocated: 21685192 HeapGrowthMultiplier: 3
12-14 18:35:46.188  3220  3363 I com.miui.home: CheckGCForNative gc_urgency 0.665579 current_native_bytes is 143419813
12-14 18:35:46.233  5828  5828 I wm_on_idle_called: com.xunmeng.pinduoduo.login.LoginActivity
12-14 18:35:46.288  3220  3363 I com.miui.home: CheckGCForNative adj_start_bytes: 49520924 NativeAllocationGcWatermark: 12292361 java_gc_start_bytes: 31082383 kNewNativeDiscountFactor: 2 kOldNativeDiscountFactor: 65536 old_native_bytes: 120873733 new_native_bytes: 22534816 add_bytes_allowed: 36877083 is_gc_concurrent: 1 target_footprint_: 31230031 GetBytesAllocated: 21734344 HeapGrowthMultiplier: 3
12-14 18:35:46.288  3220  3363 I com.miui.home: CheckGCForNative gc_urgency 0.666458 current_native_bytes is 143408549
12-14 18:35:46.505  3220  3220 I wm_on_resume_called: [0,241954343,com.miui.home.launcher.Launcher,RESUME_ACTIVITY,11]
12-14 18:35:46.574  3220  3220 I wm_on_idle_called: com.miui.home.launcher.Launcher
12-14 18:35:46.681  3220  3811 I com.miui.home: CheckGCForNative adj_start_bytes: 49520924 NativeAllocationGcWatermark: 12292361 java_gc_start_bytes: 31082383 kNewNativeDiscountFactor: 2 kOldNativeDiscountFactor: 65536 old_native_bytes: 120873733 new_native_bytes: 33352504 add_bytes_allowed: 36877083 is_gc_concurrent: 1 target_footprint_: 31230031 GetBytesAllocated: 22685720 HeapGrowthMultiplier: 3
12-14 18:35:46.681  3220  3811 I com.miui.home: CheckGCForNative gc_urgency 0.794893 current_native_bytes is 154226237
12-14 18:35:46.988  3220  3220 I wm_on_top_resumed_gained_called: [241954343,com.miui.home.launcher.Launcher,topStateChangedWhenResumed]
12-14 18:35:47.014  5828  5828 I wm_on_top_resumed_lost_called: [117657678,com.xunmeng.pinduoduo.login.LoginActivity,topStateChangedWhenResumed]
12-14 18:35:47.018  5828  5828 I wm_on_paused_called: [0,117657678,com.xunmeng.pinduoduo.login.LoginActivity,performPause,2]
12-14 18:35:47.044  5828  5828 I wm_on_stop_called: [0,117657678,com.xunmeng.pinduoduo.login.LoginActivity,STOP_ACTIVITY_ITEM,16]
12-14 18:35:47.086  3220  3334 I com.miui.home: CheckGCForNative adj_start_bytes: 49520924 NativeAllocationGcWatermark: 12292361 java_gc_start_bytes: 31082383 kNewNativeDiscountFactor: 2 kOldNativeDiscountFactor: 65536 old_native_bytes: 120873733 new_native_bytes: 22654652 add_bytes_allowed: 36877083 is_gc_concurrent: 1 target_footprint_: 31230031 GetBytesAllocated: 22882744 HeapGrowthMultiplier: 3
12-14 18:35:47.086  3220  3334 I com.miui.home: CheckGCForNative gc_urgency 0.690858 current_native_bytes is 143528385
12-14 18:35:47.107  5828  5828 I wm_on_stop_called: [0,71455584,com.xunmeng.pinduoduo.ui.activity.HomeActivity,STOP_ACTIVITY_ITEM,48]
12-14 18:35:47.136  3220  3220 I wm_on_top_resumed_lost_called: [241954343,com.miui.home.launcher.Launcher,topStateChangedWhenResumed]
12-14 18:35:47.138  3220  3220 I wm_on_paused_called: [0,241954343,com.miui.home.launcher.Launcher,performPause,1]
12-14 18:35:47.318  3220  3811 I com.miui.home: CheckGCForNative adj_start_bytes: 49520924 NativeAllocationGcWatermark: 12292361 java_gc_start_bytes: 31082383 kNewNativeDiscountFactor: 2 kOldNativeDiscountFactor: 65536 old_native_bytes: 120873733 new_native_bytes: 23345540 add_bytes_allowed: 36877083 is_gc_concurrent: 1 target_footprint_: 31230031 GetBytesAllocated: 23514184 HeapGrowthMultiplier: 3
12-14 18:35:47.318  3220  3811 I com.miui.home: CheckGCForNative gc_urgency 0.710584 current_native_bytes is 144219273
12-14 18:35:47.333  3220  3811 I com.miui.home: CheckGCForNative adj_start_bytes: 49520924 NativeAllocationGcWatermark: 12292361 java_gc_start_bytes: 31082383 kNewNativeDiscountFactor: 2 kOldNativeDiscountFactor: 65536 old_native_bytes: 120873733 new_native_bytes: 23742852 add_bytes_allowed: 36877083 is_gc_concurrent: 1 target_footprint_: 31230031 GetBytesAllocated: 23530568 HeapGrowthMultiplier: 3
12-14 18:35:47.339  3220  3811 I com.miui.home: CheckGCForNative gc_urgency 0.714927 current_native_bytes is 144616585
12-14 18:35:47.371  6197  6197 I wm_on_application_create_called: [0,com.xunmeng.pinduoduo,278]
12-14 18:35:47.410  3220  3811 I com.miui.home: CheckGCForNative adj_start_bytes: 49520924 NativeAllocationGcWatermark: 12292361 java_gc_start_bytes: 31082383 kNewNativeDiscountFactor: 2 kOldNativeDiscountFactor: 65536 old_native_bytes: 120873733 new_native_bytes: 23988356 add_bytes_allowed: 36877083 is_gc_concurrent: 1 target_footprint_: 31230031 GetBytesAllocated: 23727464 HeapGrowthMultiplier: 3
12-14 18:35:47.410  3220  3811 I com.miui.home: CheckGCForNative gc_urgency 0.721382 current_native_bytes is 144862089
12-14 18:35:47.969  6270  6270 I wm_on_application_create_called: [0,com.smile.gifmaker,254]
12-14 18:35:48.134  6270  6270 I wm_on_create_called: [0,4738148,com.yxcorp.gifshow.HomeActivity,performCreate,146]
12-14 18:35:48.262  6270  6270 I wm_on_start_called: [0,4738148,com.yxcorp.gifshow.HomeActivity,handleStartActivity,127]
12-14 18:35:48.331  6270  6270 I wm_on_resume_called: [0,4738148,com.yxcorp.gifshow.HomeActivity,RESUME_ACTIVITY,6]
12-14 18:35:48.352  6270  6270 I wm_on_top_resumed_gained_called: [4738148,com.yxcorp.gifshow.HomeActivity,topStateChangedWhenResumed]
12-14 18:35:48.850  3220  3253 I com.miui.home: CheckGCForNative adj_start_bytes: 49520924 NativeAllocationGcWatermark: 12292361 java_gc_start_bytes: 31082383 kNewNativeDiscountFactor: 2 kOldNativeDiscountFactor: 65536 old_native_bytes: 120873733 new_native_bytes: 34734008 add_bytes_allowed: 36877083 is_gc_concurrent: 1 target_footprint_: 31230031 GetBytesAllocated: 24473960 HeapGrowthMultiplier: 3
12-14 18:35:48.850  3220  3253 I com.miui.home: CheckGCForNative gc_urgency 0.844952 current_native_bytes is 155607741
12-14 18:35:48.850  3220  3253 I com.miui.home: CheckGCForNative adj_start_bytes: 49520924 NativeAllocationGcWatermark: 12292361 java_gc_start_bytes: 31082383 kNewNativeDiscountFactor: 2 kOldNativeDiscountFactor: 65536 old_native_bytes: 120873733 new_native_bytes: 45439928 add_bytes_allowed: 36877083 is_gc_concurrent: 1 target_footprint_: 31230031 GetBytesAllocated: 24474152 HeapGrowthMultiplier: 3
12-14 18:35:48.850  3220  3253 I com.miui.home: CheckGCForNative gc_urgency 0.953051 current_native_bytes is 166313661
12-14 18:35:48.860  3220  3253 I com.miui.home: CheckGCForNative adj_start_bytes: 49520924 NativeAllocationGcWatermark: 12292361 java_gc_start_bytes: 31082383 kNewNativeDiscountFactor: 2 kOldNativeDiscountFactor: 65536 old_native_bytes: 120873733 new_native_bytes: 45411576 add_bytes_allowed: 36877083 is_gc_concurrent: 1 target_footprint_: 31230031 GetBytesAllocated: 24506920 HeapGrowthMultiplier: 3
12-14 18:35:48.860  3220  3253 I com.miui.home: CheckGCForNative gc_urgency 0.953426 current_native_bytes is 166285309
12-14 18:35:49.059  3220  3363 I com.miui.home: CheckGCForNative adj_start_bytes: 49520924 NativeAllocationGcWatermark: 12292361 java_gc_start_bytes: 31082383 kNewNativeDiscountFactor: 2 kOldNativeDiscountFactor: 65536 old_native_bytes: 120873733 new_native_bytes: 34730200 add_bytes_allowed: 36877083 is_gc_concurrent: 1 target_footprint_: 31230031 GetBytesAllocated: 24589032 HeapGrowthMultiplier: 3
12-14 18:35:49.059  3220  3363 I com.miui.home: CheckGCForNative gc_urgency 0.847237 current_native_bytes is 155603933
12-14 18:35:49.081  3220  3363 I com.miui.home: CheckGCForNative adj_start_bytes: 49520924 NativeAllocationGcWatermark: 12292361 java_gc_start_bytes: 31082383 kNewNativeDiscountFactor: 2 kOldNativeDiscountFactor: 65536 old_native_bytes: 120873733 new_native_bytes: 34730968 add_bytes_allowed: 36877083 is_gc_concurrent: 1 target_footprint_: 31230031 GetBytesAllocated: 24605416 HeapGrowthMultiplier: 3
12-14 18:35:49.081  3220  3363 I com.miui.home: CheckGCForNative gc_urgency 0.847576 current_native_bytes is 155604701
12-14 18:35:49.159  6270  6270 I wm_on_idle_called: com.yxcorp.gifshow.HomeActivity
12-14 18:35:49.440  6270  6270 I wm_on_top_resumed_lost_called: [4738148,com.yxcorp.gifshow.HomeActivity,topStateChangedWhenResumed]
12-14 18:35:49.448  6270  6270 I wm_on_paused_called: [0,4738148,com.yxcorp.gifshow.HomeActivity,performPause,5]
12-14 18:35:49.461  3220  3220 I wm_on_resume_called: [0,241954343,com.miui.home.launcher.Launcher,RESUME_ACTIVITY,3]
12-14 18:35:49.462  3220  3220 I wm_on_top_resumed_gained_called: [241954343,com.miui.home.launcher.Launcher,topWhenResuming]
12-14 18:35:49.464  3220  3220 I wm_on_idle_called: com.miui.home.launcher.Launcher
12-14 18:35:49.519  6270  6270 I wm_on_stop_called: [0,4738148,com.yxcorp.gifshow.HomeActivity,STOP_ACTIVITY_ITEM,8]
12-14 18:35:49.578  3220  3811 I com.miui.home: CheckGCForNative adj_start_bytes: 49520924 NativeAllocationGcWatermark: 12292361 java_gc_start_bytes: 31082383 kNewNativeDiscountFactor: 2 kOldNativeDiscountFactor: 65536 old_native_bytes: 120873733 new_native_bytes: 34925568 add_bytes_allowed: 36877083 is_gc_concurrent: 1 target_footprint_: 31230031 GetBytesAllocated: 25712424 HeapGrowthMultiplier: 3
12-14 18:35:49.578  3220  3811 I com.miui.home: CheckGCForNative gc_urgency 0.871895 current_native_bytes is 155799301
12-14 18:35:49.582  3220  3811 I com.miui.home: CheckGCForNative adj_start_bytes: 49520924 NativeAllocationGcWatermark: 12292361 java_gc_start_bytes: 31082383 kNewNativeDiscountFactor: 2 kOldNativeDiscountFactor: 65536 old_native_bytes: 120873733 new_native_bytes: 45654016 add_bytes_allowed: 36877083 is_gc_concurrent: 1 target_footprint_: 31230031 GetBytesAllocated: 25761576 HeapGrowthMultiplier: 3
12-14 18:35:49.582  3220  3811 I com.miui.home: CheckGCForNative gc_urgency 0.98121 current_native_bytes is 166527749
12-14 18:35:49.813  3220  3220 I wm_on_top_resumed_lost_called: [241954343,com.miui.home.launcher.Launcher,topStateChangedWhenResumed]
12-14 18:35:49.814  3220  3220 I wm_on_paused_called: [0,241954343,com.miui.home.launcher.Launcher,performPause,0]
12-14 18:35:49.892  3220  3811 I com.miui.home: CheckGCForNative adj_start_bytes: 49520924 NativeAllocationGcWatermark: 12292361 java_gc_start_bytes: 31082383 kNewNativeDiscountFactor: 2 kOldNativeDiscountFactor: 65536 old_native_bytes: 120873733 new_native_bytes: 35670500 add_bytes_allowed: 36877083 is_gc_concurrent: 1 target_footprint_: 31230031 GetBytesAllocated: 26352440 HeapGrowthMultiplier: 3
12-14 18:35:49.892  3220  3811 I com.miui.home: CheckGCForNative gc_urgency 0.892341 current_native_bytes is 156544233
12-14 18:35:49.898  3220  3811 I com.miui.home: CheckGCForNative adj_start_bytes: 49520924 NativeAllocationGcWatermark: 12292361 java_gc_start_bytes: 31082383 kNewNativeDiscountFactor: 2 kOldNativeDiscountFactor: 65536 old_native_bytes: 120873733 new_native_bytes: 36412260 add_bytes_allowed: 36877083 is_gc_concurrent: 1 target_footprint_: 31230031 GetBytesAllocated: 26352440 HeapGrowthMultiplier: 3
12-14 18:35:49.898  3220  3811 I com.miui.home: CheckGCForNative gc_urgency 0.89983 current_native_bytes is 157285993
12-14 18:35:49.905  3220  3811 I com.miui.home: CheckGCForNative adj_start_bytes: 49520924 NativeAllocationGcWatermark: 12292361 java_gc_start_bytes: 31082383 kNewNativeDiscountFactor: 2 kOldNativeDiscountFactor: 65536 old_native_bytes: 120873733 new_native_bytes: 36680996 add_bytes_allowed: 36877083 is_gc_concurrent: 1 target_footprint_: 31230031 GetBytesAllocated: 26450744 HeapGrowthMultiplier: 3
12-14 18:35:49.905  3220  3811 I com.miui.home: CheckGCForNative gc_urgency 0.904528 current_native_bytes is 157554729
12-14 18:35:50.005  3220  3811 I com.miui.home: CheckGCForNative adj_start_bytes: 49520924 NativeAllocationGcWatermark: 12292361 java_gc_start_bytes: 31082383 kNewNativeDiscountFactor: 2 kOldNativeDiscountFactor: 65536 old_native_bytes: 120873733 new_native_bytes: 36687404 add_bytes_allowed: 36877083 is_gc_concurrent: 1 target_footprint_: 31230031 GetBytesAllocated: 27098648 HeapGrowthMultiplier: 3
12-14 18:35:50.005  3220  3811 I com.miui.home: CheckGCForNative gc_urgency 0.917677 current_native_bytes is 157561137
12-14 18:35:50.577  3220  3220 I wm_on_stop_called: [0,241954343,com.miui.home.launcher.Launcher,STOP_ACTIVITY_ITEM,16]
12-14 18:35:51.192  6582  6582 I wm_on_create_called: [0,266480029,com.tencent.qqlive.ona.activity.SplashHomeActivity,performCreate,286]
12-14 18:35:51.258  6582  6582 I wm_on_start_called: [0,266480029,com.tencent.qqlive.ona.activity.SplashHomeActivity,handleStartActivity,33]
12-14 18:35:51.296  6582  6582 I wm_on_resume_called: [0,266480029,com.tencent.qqlive.ona.activity.SplashHomeActivity,RESUME_ACTIVITY,37]
12-14 18:35:51.419  3220  3220 I wm_on_restart_called: [0,241954343,com.miui.home.launcher.Launcher,performRestartActivity,0]
12-14 18:35:51.420  3220  3220 I wm_on_start_called: [0,241954343,com.miui.home.launcher.Launcher,handleStartActivity,1]
12-14 18:35:51.502  3220 14453 I com.miui.home: CheckGCForNative adj_start_bytes: 49520924 NativeAllocationGcWatermark: 12292361 java_gc_start_bytes: 31082383 kNewNativeDiscountFactor: 2 kOldNativeDiscountFactor: 65536 old_native_bytes: 120873733 new_native_bytes: 47450396 add_bytes_allowed: 36877083 is_gc_concurrent: 1 target_footprint_: 31230031 GetBytesAllocated: 27779160 HeapGrowthMultiplier: 3
12-14 18:35:51.502  3220 14453 I com.miui.home: CheckGCForNative gc_urgency 1.04009 current_native_bytes is 168324129
12-14 18:35:51.502  3220 14453 I com.miui.home: CheckGCForNative requested 1
12-14 18:35:51.502  3220 14453 I com.miui.home: CheckGCForNative adj_start_bytes: 49520924 NativeAllocationGcWatermark: 12292361 java_gc_start_bytes: 31082383 kNewNativeDiscountFactor: 2 kOldNativeDiscountFactor: 65536 old_native_bytes: 120873733 new_native_bytes: 58156316 add_bytes_allowed: 36877083 is_gc_concurrent: 1 target_footprint_: 31230031 GetBytesAllocated: 27795736 HeapGrowthMultiplier: 3
12-14 18:35:51.502  3220 14453 I com.miui.home: CheckGCForNative gc_urgency 1.14852 current_native_bytes is 179030049
12-14 18:35:51.503  3220 14453 I com.miui.home: CheckGCForNative requested 1
12-14 18:35:51.520  6582  6582 I wm_on_top_resumed_gained_called: [266480029,com.tencent.qqlive.ona.activity.SplashHomeActivity,topStateChangedWhenResumed]
12-14 18:35:51.520  3220 14453 I com.miui.home: CheckGCForNative adj_start_bytes: 49520924 NativeAllocationGcWatermark: 12292361 java_gc_start_bytes: 31082383 kNewNativeDiscountFactor: 2 kOldNativeDiscountFactor: 65536 old_native_bytes: 120873733 new_native_bytes: 58160668 add_bytes_allowed: 36877083 is_gc_concurrent: 1 target_footprint_: 31230031 GetBytesAllocated: 27812120 HeapGrowthMultiplier: 3
12-14 18:35:51.520  3220 14453 I com.miui.home: CheckGCForNative gc_urgency 1.14889 current_native_bytes is 179034401
12-14 18:35:51.520  3220 14453 I com.miui.home: CheckGCForNative requested 1
12-14 18:35:51.611  3220  3363 I com.miui.home: CheckGCForNative adj_start_bytes: 49520924 NativeAllocationGcWatermark: 12292361 java_gc_start_bytes: 31082383 kNewNativeDiscountFactor: 2 kOldNativeDiscountFactor: 65536 old_native_bytes: 120873733 new_native_bytes: 47502980 add_bytes_allowed: 36877083 is_gc_concurrent: 1 target_footprint_: 31230031 GetBytesAllocated: 27894232 HeapGrowthMultiplier: 3
12-14 18:35:51.611  3220  3363 I com.miui.home: CheckGCForNative gc_urgency 1.04294 current_native_bytes is 168376713
12-14 18:35:51.611  3220  3363 I com.miui.home: CheckGCForNative requested 1
12-14 18:35:51.711  3220  3363 I com.miui.home: CheckGCForNative adj_start_bytes: 49520924 NativeAllocationGcWatermark: 12292361 java_gc_start_bytes: 31082383 kNewNativeDiscountFactor: 2 kOldNativeDiscountFactor: 65536 old_native_bytes: 120873733 new_native_bytes: 47508260 add_bytes_allowed: 36877083 is_gc_concurrent: 1 target_footprint_: 31230031 GetBytesAllocated: 28107608 HeapGrowthMultiplier: 3
12-14 18:35:51.711  3220  3363 I com.miui.home: CheckGCForNative gc_urgency 1.04731 current_native_bytes is 168381993
12-14 18:35:51.711  3220  3363 I com.miui.home: CheckGCForNative requested 1
12-14 18:35:51.928  3220  3247 I com.miui.home: NativeAlloc concurrent copying GC freed 225133(10MB) AllocSpace objects, 24(984KB) LOS objects, 50% free, 15MB/30MB, paused 91us,39us total 425.354ms
12-14 18:35:52.151  3220 17602 I com.miui.home: CheckGCForNative gc_urgency 0 current_native_bytes is 140546669
12-14 18:35:52.297  3220  3811 I com.miui.home: CheckGCForNative adj_start_bytes: 49641131 NativeAllocationGcWatermark: 12332649 java_gc_start_bytes: 31142158 kNewNativeDiscountFactor: 2 kOldNativeDiscountFactor: 65536 old_native_bytes: 140546669 new_native_bytes: 291720 add_bytes_allowed: 36997947 is_gc_concurrent: 1 target_footprint_: 31552334 GetBytesAllocated: 16284984 HeapGrowthMultiplier: 3
12-14 18:35:52.297  3220  3811 I com.miui.home: CheckGCForNative gc_urgency 0.331036 current_native_bytes is 140838389
12-14 18:35:52.301  3220  3811 I com.miui.home: CheckGCForNative adj_start_bytes: 49641131 NativeAllocationGcWatermark: 12332649 java_gc_start_bytes: 31142158 kNewNativeDiscountFactor: 2 kOldNativeDiscountFactor: 65536 old_native_bytes: 140546669 new_native_bytes: 1063176 add_bytes_allowed: 36997947 is_gc_concurrent: 1 target_footprint_: 31552334 GetBytesAllocated: 16284984 HeapGrowthMultiplier: 3
12-14 18:35:52.301  3220  3811 I com.miui.home: CheckGCForNative gc_urgency 0.338806 current_native_bytes is 141609845
12-14 18:35:52.331  3220  3811 I com.miui.home: CheckGCForNative adj_start_bytes: 49641131 NativeAllocationGcWatermark: 12332649 java_gc_start_bytes: 31142158 kNewNativeDiscountFactor: 2 kOldNativeDiscountFactor: 65536 old_native_bytes: 140546669 new_native_bytes: 1441120 add_bytes_allowed: 36997947 is_gc_concurrent: 1 target_footprint_: 31552334 GetBytesAllocated: 16350696 HeapGrowthMultiplier: 3
12-14 18:35:52.331  3220  3811 I com.miui.home: CheckGCForNative gc_urgency 0.343937 current_native_bytes is 141987789
12-14 18:35:52.333  3220  3811 I com.miui.home: CheckGCForNative adj_start_bytes: 49641131 NativeAllocationGcWatermark: 12332649 java_gc_start_bytes: 31142158 kNewNativeDiscountFactor: 2 kOldNativeDiscountFactor: 65536 old_native_bytes: 140546669 new_native_bytes: 1837152 add_bytes_allowed: 36997947 is_gc_concurrent: 1 target_footprint_: 31552334 GetBytesAllocated: 16350696 HeapGrowthMultiplier: 3
12-14 18:35:52.333  3220  3811 I com.miui.home: CheckGCForNative gc_urgency 0.347926 current_native_bytes is 142383821
12-14 18:35:52.367  3220 17602 I com.miui.home: CheckGCForNative adj_start_bytes: 49641131 NativeAllocationGcWatermark: 12332649 java_gc_start_bytes: 31142158 kNewNativeDiscountFactor: 2 kOldNativeDiscountFactor: 65536 old_native_bytes: 140546669 new_native_bytes: 2155896 add_bytes_allowed: 36997947 is_gc_concurrent: 1 target_footprint_: 31552334 GetBytesAllocated: 16481832 HeapGrowthMultiplier: 3
12-14 18:35:52.370  3220 17602 I com.miui.home: CheckGCForNative gc_urgency 0.354108 current_native_bytes is 142702565
12-14 18:35:52.404  3220  3811 I com.miui.home: CheckGCForNative adj_start_bytes: 49641131 NativeAllocationGcWatermark: 12332649 java_gc_start_bytes: 31142158 kNewNativeDiscountFactor: 2 kOldNativeDiscountFactor: 65536 old_native_bytes: 140546669 new_native_bytes: 13001804 add_bytes_allowed: 36997947 is_gc_concurrent: 1 target_footprint_: 31552334 GetBytesAllocated: 16645672 HeapGrowthMultiplier: 3
12-14 18:35:52.404  3220  3811 I com.miui.home: CheckGCForNative gc_urgency 0.466321 current_native_bytes is 153548473
12-14 18:35:52.542  3220 17602 I com.miui.home: CheckGCForNative adj_start_bytes: 49641131 NativeAllocationGcWatermark: 12332649 java_gc_start_bytes: 31142158 kNewNativeDiscountFactor: 2 kOldNativeDiscountFactor: 65536 old_native_bytes: 140546669 new_native_bytes: 2298700 add_bytes_allowed: 36997947 is_gc_concurrent: 1 target_footprint_: 31552334 GetBytesAllocated: 16678632 HeapGrowthMultiplier: 3
12-14 18:35:52.542  3220 17602 I com.miui.home: CheckGCForNative gc_urgency 0.35918 current_native_bytes is 142845369
12-14 18:35:52.684  3220  3811 I com.miui.home: CheckGCForNative adj_start_bytes: 49641131 NativeAllocationGcWatermark: 12332649 java_gc_start_bytes: 31142158 kNewNativeDiscountFactor: 2 kOldNativeDiscountFactor: 65536 old_native_bytes: 140546669 new_native_bytes: 3567332 add_bytes_allowed: 36997947 is_gc_concurrent: 1 target_footprint_: 31552334 GetBytesAllocated: 16978200 HeapGrowthMultiplier: 3
12-14 18:35:52.684  3220  3811 I com.miui.home: CheckGCForNative gc_urgency 0.377993 current_native_bytes is 144114001
12-14 18:35:52.689  3220  3811 I com.miui.home: CheckGCForNative adj_start_bytes: 49641131 NativeAllocationGcWatermark: 12332649 java_gc_start_bytes: 31142158 kNewNativeDiscountFactor: 2 kOldNativeDiscountFactor: 65536 old_native_bytes: 140546669 new_native_bytes: 4028548 add_bytes_allowed: 36997947 is_gc_concurrent: 1 target_footprint_: 31552334 GetBytesAllocated: 16998680 HeapGrowthMultiplier: 3
12-14 18:35:52.689  3220  3811 I com.miui.home: CheckGCForNative gc_urgency 0.383051 current_native_bytes is 144575217
12-14 18:35:52.715 21573 21573 I wm_on_create_called: [0,218519346,com.tencent.mobileqq.activity.SplashActivity,performCreate,106]
12-14 18:35:52.805 21573 21573 I wm_on_create_called: [0,85220424,com.tencent.mobileqq.activity.LoginActivity,performCreate,39]
12-14 18:35:52.818  3220  3811 I com.miui.home: CheckGCForNative adj_start_bytes: 49641131 NativeAllocationGcWatermark: 12332649 java_gc_start_bytes: 31142158 kNewNativeDiscountFactor: 2 kOldNativeDiscountFactor: 65536 old_native_bytes: 140546669 new_native_bytes: 4509740 add_bytes_allowed: 36997947 is_gc_concurrent: 1 target_footprint_: 31552334 GetBytesAllocated: 17343288 HeapGrowthMultiplier: 3
12-14 18:35:52.818  3220  3811 I com.miui.home: CheckGCForNative gc_urgency 0.39484 current_native_bytes is 145056409
12-14 18:35:52.901 21573 21573 I wm_on_start_called: [0,85220424,com.tencent.mobileqq.activity.LoginActivity,handleStartActivity,95]
12-14 18:35:52.903  3220  3363 I com.miui.home: CheckGCForNative adj_start_bytes: 49641131 NativeAllocationGcWatermark: 12332649 java_gc_start_bytes: 31142158 kNewNativeDiscountFactor: 2 kOldNativeDiscountFactor: 65536 old_native_bytes: 140546669 new_native_bytes: 4626156 add_bytes_allowed: 36997947 is_gc_concurrent: 1 target_footprint_: 31552334 GetBytesAllocated: 17654952 HeapGrowthMultiplier: 3
12-14 18:35:52.903  3220  3363 I com.miui.home: CheckGCForNative gc_urgency 0.402291 current_native_bytes is 145172825
12-14 18:35:52.912 21573 21573 I wm_on_resume_called: [0,85220424,com.tencent.mobileqq.activity.LoginActivity,RESUME_ACTIVITY,11]
12-14 18:35:52.927 21573 21573 I wm_on_top_resumed_gained_called: [85220424,com.tencent.mobileqq.activity.LoginActivity,topStateChangedWhenResumed]
12-14 18:35:53.085 21573 21573 I wm_on_idle_called: com.tencent.mobileqq.activity.LoginActivity
12-14 18:35:53.117  3220  3220 I wm_on_stop_called: [0,241954343,com.miui.home.launcher.Launcher,STOP_ACTIVITY_ITEM,3]
12-14 18:35:53.129 21573 21573 I wm_on_destroy_called: [0,218519346,com.tencent.mobileqq.activity.SplashActivity,performDestroy,26]
12-14 18:35:54.264  3220  3220 I wm_on_restart_called: [0,241954343,com.miui.home.launcher.Launcher,performRestartActivity,0]
12-14 18:35:54.265  3220  3220 I wm_on_start_called: [0,241954343,com.miui.home.launcher.Launcher,handleStartActivity,1]
12-14 18:35:54.315  3220 14453 I com.miui.home: CheckGCForNative adj_start_bytes: 49641131 NativeAllocationGcWatermark: 12332649 java_gc_start_bytes: 31142158 kNewNativeDiscountFactor: 2 kOldNativeDiscountFactor: 65536 old_native_bytes: 140546669 new_native_bytes: 26134580 add_bytes_allowed: 36997947 is_gc_concurrent: 1 target_footprint_: 31552334 GetBytesAllocated: 18319064 HeapGrowthMultiplier: 3
12-14 18:35:54.315  3220 14453 I com.miui.home: CheckGCForNative gc_urgency 0.632308 current_native_bytes is 166681249
12-14 18:35:54.316  3220 14453 I com.miui.home: CheckGCForNative adj_start_bytes: 49641131 NativeAllocationGcWatermark: 12332649 java_gc_start_bytes: 31142158 kNewNativeDiscountFactor: 2 kOldNativeDiscountFactor: 65536 old_native_bytes: 140546669 new_native_bytes: 36840500 add_bytes_allowed: 36997947 is_gc_concurrent: 1 target_footprint_: 31552334 GetBytesAllocated: 18335656 HeapGrowthMultiplier: 3
12-14 18:35:54.316  3220 14453 I com.miui.home: CheckGCForNative gc_urgency 0.740476 current_native_bytes is 177387169
12-14 18:35:54.317  3220 20177 I com.miui.home: CheckGCForNative adj_start_bytes: 49641131 NativeAllocationGcWatermark: 12332649 java_gc_start_bytes: 31142158 kNewNativeDiscountFactor: 2 kOldNativeDiscountFactor: 65536 old_native_bytes: 140546669 new_native_bytes: 26134580 add_bytes_allowed: 36997947 is_gc_concurrent: 1 target_footprint_: 31552334 GetBytesAllocated: 18335656 HeapGrowthMultiplier: 3
12-14 18:35:54.317  3220 20177 I com.miui.home: CheckGCForNative gc_urgency 0.632643 current_native_bytes is 166681249
12-14 18:35:54.583  3220  3363 I com.miui.home: CheckGCForNative adj_start_bytes: 49641131 NativeAllocationGcWatermark: 12332649 java_gc_start_bytes: 31142158 kNewNativeDiscountFactor: 2 kOldNativeDiscountFactor: 65536 old_native_bytes: 140546669 new_native_bytes: 15469508 add_bytes_allowed: 36997947 is_gc_concurrent: 1 target_footprint_: 31552334 GetBytesAllocated: 18532456 HeapGrowthMultiplier: 3
12-14 18:35:54.583  3220  3363 I com.miui.home: CheckGCForNative gc_urgency 0.529185 current_native_bytes is 156016177
12-14 18:35:54.616  3220  3363 I com.miui.home: CheckGCForNative adj_start_bytes: 49641131 NativeAllocationGcWatermark: 12332649 java_gc_start_bytes: 31142158 kNewNativeDiscountFactor: 2 kOldNativeDiscountFactor: 65536 old_native_bytes: 140546669 new_native_bytes: 15471812 add_bytes_allowed: 36997947 is_gc_concurrent: 1 target_footprint_: 31552334 GetBytesAllocated: 18532456 HeapGrowthMultiplier: 3
12-14 18:35:54.617  3220  3363 I com.miui.home: CheckGCForNative gc_urgency 0.529208 current_native_bytes is 156018481
12-14 18:35:54.858 21573 21573 I wm_on_top_resumed_lost_called: [85220424,com.tencent.mobileqq.activity.LoginActivity,topStateChangedWhenResumed]
12-14 18:35:54.876  3220  3220 I wm_on_resume_called: [0,241954343,com.miui.home.launcher.Launcher,RESUME_ACTIVITY,10]
12-14 18:35:54.881  3220  3220 I wm_on_idle_called: com.miui.home.launcher.Launcher
12-14 18:35:54.886  3220  3220 I wm_on_top_resumed_gained_called: [241954343,com.miui.home.launcher.Launcher,topStateChangedWhenResumed]
12-14 18:35:54.888 21573 21573 I wm_on_paused_called: [0,85220424,com.tencent.mobileqq.activity.LoginActivity,performPause,1]
12-14 18:35:54.895 21573 21573 I wm_on_stop_called: [0,85220424,com.tencent.mobileqq.activity.LoginActivity,STOP_ACTIVITY_ITEM,5]
12-14 18:35:54.992  3220  3811 I com.miui.home: CheckGCForNative adj_start_bytes: 49641131 NativeAllocationGcWatermark: 12332649 java_gc_start_bytes: 31142158 kNewNativeDiscountFactor: 2 kOldNativeDiscountFactor: 65536 old_native_bytes: 140546669 new_native_bytes: 15562356 add_bytes_allowed: 36997947 is_gc_concurrent: 1 target_footprint_: 31552334 GetBytesAllocated: 19533048 HeapGrowthMultiplier: 3
12-14 18:35:54.992  3220  3811 I com.miui.home: CheckGCForNative gc_urgency 0.550277 current_native_bytes is 156109025
12-14 18:35:54.997  3220  3811 I com.miui.home: CheckGCForNative adj_start_bytes: 49641131 NativeAllocationGcWatermark: 12332649 java_gc_start_bytes: 31142158 kNewNativeDiscountFactor: 2 kOldNativeDiscountFactor: 65536 old_native_bytes: 140546669 new_native_bytes: 26310324 add_bytes_allowed: 36997947 is_gc_concurrent: 1 target_footprint_: 31552334 GetBytesAllocated: 19598584 HeapGrowthMultiplier: 3
12-14 18:35:54.997  3220  3811 I com.miui.home: CheckGCForNative gc_urgency 0.659854 current_native_bytes is 166856993
12-14 18:35:55.238  3220  3220 I wm_on_top_resumed_lost_called: [241954343,com.miui.home.launcher.Launcher,topStateChangedWhenResumed]
12-14 18:35:55.256  3220  3220 I wm_on_paused_called: [0,241954343,com.miui.home.launcher.Launcher,performPause,1]
12-14 18:35:55.322  3220  3811 I com.miui.home: CheckGCForNative adj_start_bytes: 49641131 NativeAllocationGcWatermark: 12332649 java_gc_start_bytes: 31142158 kNewNativeDiscountFactor: 2 kOldNativeDiscountFactor: 65536 old_native_bytes: 140546669 new_native_bytes: 16446864 add_bytes_allowed: 36997947 is_gc_concurrent: 1 target_footprint_: 31552334 GetBytesAllocated: 20259112 HeapGrowthMultiplier: 3
12-14 18:35:55.322  3220  3811 I com.miui.home: CheckGCForNative gc_urgency 0.573812 current_native_bytes is 156993533
12-14 18:35:55.325  3220  3811 I com.miui.home: CheckGCForNative adj_start_bytes: 49641131 NativeAllocationGcWatermark: 12332649 java_gc_start_bytes: 31142158 kNewNativeDiscountFactor: 2 kOldNativeDiscountFactor: 65536 old_native_bytes: 140546669 new_native_bytes: 16906448 add_bytes_allowed: 36997947 is_gc_concurrent: 1 target_footprint_: 31552334 GetBytesAllocated: 20279592 HeapGrowthMultiplier: 3
12-14 18:35:55.325  3220  3811 I com.miui.home: CheckGCForNative gc_urgency 0.578854 current_native_bytes is 157453117
12-14 18:35:55.326  3220  3811 I com.miui.home: CheckGCForNative adj_start_bytes: 49641131 NativeAllocationGcWatermark: 12332649 java_gc_start_bytes: 31142158 kNewNativeDiscountFactor: 2 kOldNativeDiscountFactor: 65536 old_native_bytes: 140546669 new_native_bytes: 16938864 add_bytes_allowed: 36997947 is_gc_concurrent: 1 target_footprint_: 31552334 GetBytesAllocated: 20295976 HeapGrowthMultiplier: 3
12-14 18:35:55.326  3220  3811 I com.miui.home: CheckGCForNative gc_urgency 0.57951 current_native_bytes is 157485533
12-14 18:35:55.360  3220  3811 I com.miui.home: CheckGCForNative adj_start_bytes: 49641131 NativeAllocationGcWatermark: 12332649 java_gc_start_bytes: 31142158 kNewNativeDiscountFactor: 2 kOldNativeDiscountFactor: 65536 old_native_bytes: 140546669 new_native_bytes: 17368664 add_bytes_allowed: 36997947 is_gc_concurrent: 1 target_footprint_: 31552334 GetBytesAllocated: 20763400 HeapGrowthMultiplier: 3
12-14 18:35:55.360  3220  3811 I com.miui.home: CheckGCForNative gc_urgency 0.593256 current_native_bytes is 157915333
12-14 18:35:55.435  3220  3811 I com.miui.home: CheckGCForNative adj_start_bytes: 49641131 NativeAllocationGcWatermark: 12332649 java_gc_start_bytes: 31142158 kNewNativeDiscountFactor: 2 kOldNativeDiscountFactor: 65536 old_native_bytes: 140546669 new_native_bytes: 17547480 add_bytes_allowed: 36997947 is_gc_concurrent: 1 target_footprint_: 31552334 GetBytesAllocated: 21140616 HeapGrowthMultiplier: 3
