12-14 18:46:40.589  3140  3558 I com.miui.home: CheckGCForNative adj_start_bytes: 35308531 NativeAllocationGcWatermark: 10799769 java_gc_start_bytes: 19108878 kNewNativeDiscountFactor: 2 kOldNativeDiscountFactor: 65536 old_native_bytes: 146714329 new_native_bytes: 41517584 add_bytes_allowed: 32399307 is_gc_concurrent: 1 target_footprint_: 19289294 GetBytesAllocated: 18518808 HeapGrowthMultiplier: 3
12-14 18:46:40.589  3140  3558 I com.miui.home: CheckGCForNative gc_urgency 1.11247 current_native_bytes is 188231913
12-14 18:46:40.589  3140  3558 I com.miui.home: CheckGCForNative requested 1
12-14 18:46:40.635 13143 13143 I wm_on_create_called: [0,146742950,com.ucpro.BrowserActivity,performCreate,908]
12-14 18:46:40.639 13143 13143 I wm_on_start_called: [0,146742950,com.ucpro.BrowserActivity,handleStartActivity,4]
12-14 18:46:40.647 13143 13143 I wm_on_resume_called: [0,146742950,com.ucpro.BrowserActivity,RESUME_ACTIVITY,6]
12-14 18:46:40.697 13143 13143 I wm_on_top_resumed_gained_called: [146742950,com.ucpro.BrowserActivity,topStateChangedWhenResumed]
12-14 18:46:40.722  3140  3274 I com.miui.home: CheckGCForNative adj_start_bytes: 35308531 NativeAllocationGcWatermark: 10799769 java_gc_start_bytes: 19108878 kNewNativeDiscountFactor: 2 kOldNativeDiscountFactor: 65536 old_native_bytes: 146714329 new_native_bytes: 25683936 add_bytes_allowed: 32399307 is_gc_concurrent: 1 target_footprint_: 19289294 GetBytesAllocated: 18650072 HeapGrowthMultiplier: 3
12-14 18:46:40.722  3140  3274 I com.miui.home: CheckGCForNative gc_urgency 0.891974 current_native_bytes is 172398265
12-14 18:46:40.790  3140  3274 I com.miui.home: CheckGCForNative adj_start_bytes: 35308531 NativeAllocationGcWatermark: 10799769 java_gc_start_bytes: 19108878 kNewNativeDiscountFactor: 2 kOldNativeDiscountFactor: 65536 old_native_bytes: 146714329 new_native_bytes: 25689088 add_bytes_allowed: 32399307 is_gc_concurrent: 1 target_footprint_: 19289294 GetBytesAllocated: 18699288 HeapGrowthMultiplier: 3
12-14 18:46:40.790  3140  3274 I com.miui.home: CheckGCForNative gc_urgency 0.89344 current_native_bytes is 172403417
12-14 18:46:40.892 13127 13127 I wm_on_application_create_called: [0,com.tencent.mm,1436]
12-14 18:46:41.123  3140  3140 I wm_on_resume_called: [0,142144482,com.miui.home.launcher.Launcher,RESUME_ACTIVITY,6]
12-14 18:46:41.125  3140  3140 I wm_on_idle_called: com.miui.home.launcher.Launcher
12-14 18:46:41.150  3140  3260 I com.miui.home: CheckGCForNative adj_start_bytes: 35308531 NativeAllocationGcWatermark: 10862109 java_gc_start_bytes: 19108878 kNewNativeDiscountFactor: 2 kOldNativeDiscountFactor: 65536 old_native_bytes: 146714329 new_native_bytes: 25681704 add_bytes_allowed: 32399307 is_gc_concurrent: 1 target_footprint_: 19788014 GetBytesAllocated: 9894008 HeapGrowthMultiplier: 3
12-14 18:46:41.150  3140  3260 I com.miui.home: CheckGCForNative gc_urgency 0.643955 current_native_bytes is 172396033
12-14 18:46:41.150  3140  3184 I com.miui.home: NativeAlloc concurrent copying GC freed 157370(8231KB) AllocSpace objects, 20(736KB) LOS objects, 49% free, 9662KB/18MB, paused 163us,83us total 561.363ms
12-14 18:46:41.268 13143 13143 I wm_on_top_resumed_lost_called: [146742950,com.ucpro.BrowserActivity,topStateChangedWhenResumed]
12-14 18:46:41.408  3140  3140 I wm_on_top_resumed_gained_called: [142144482,com.miui.home.launcher.Launcher,topStateChangedWhenResumed]
12-14 18:46:41.408  3140  3140 I wm_on_top_resumed_lost_called: [142144482,com.miui.home.launcher.Launcher,topStateChangedWhenResumed]
12-14 18:46:41.423  3140  3140 I wm_on_paused_called: [0,142144482,com.miui.home.launcher.Launcher,performPause,1]
12-14 18:46:41.675 13143 13143 I wm_on_paused_called: [0,146742950,com.ucpro.BrowserActivity,performPause,407]
12-14 18:46:41.696  3140  3674 I com.miui.home: CheckGCForNative gc_urgency 0 current_native_bytes is 148304297
12-14 18:46:41.735  3140  3274 I com.miui.home: CheckGCForNative adj_start_bytes: 35556889 NativeAllocationGcWatermark: 10862109 java_gc_start_bytes: 19263726 kNewNativeDiscountFactor: 2 kOldNativeDiscountFactor: 65536 old_native_bytes: 148304297 new_native_bytes: 1366016 add_bytes_allowed: 32586327 is_gc_concurrent: 1 target_footprint_: 19788014 GetBytesAllocated: 11697352 HeapGrowthMultiplier: 3
12-14 18:46:41.735  3140  3274 I com.miui.home: CheckGCForNative gc_urgency 0.348248 current_native_bytes is 149670313
12-14 18:46:41.868  3140  3140 I wm_on_stop_called: [0,142144482,com.miui.home.launcher.Launcher,STOP_ACTIVITY_ITEM,1]
12-14 18:46:41.902  3140  3674 I com.miui.home: CheckGCForNative adj_start_bytes: 35556889 NativeAllocationGcWatermark: 10862109 java_gc_start_bytes: 19263726 kNewNativeDiscountFactor: 2 kOldNativeDiscountFactor: 65536 old_native_bytes: 148304297 new_native_bytes: 355888 add_bytes_allowed: 32586327 is_gc_concurrent: 1 target_footprint_: 19788014 GetBytesAllocated: 11779368 HeapGrowthMultiplier: 3
12-14 18:46:41.902  3140  3674 I com.miui.home: CheckGCForNative gc_urgency 0.33635 current_native_bytes is 148660185
12-14 18:46:41.965  3140  3674 I com.miui.home: CheckGCForNative adj_start_bytes: 35556889 NativeAllocationGcWatermark: 10862109 java_gc_start_bytes: 19263726 kNewNativeDiscountFactor: 2 kOldNativeDiscountFactor: 65536 old_native_bytes: 148304297 new_native_bytes: 927020 add_bytes_allowed: 32586327 is_gc_concurrent: 1 target_footprint_: 19788014 GetBytesAllocated: 11976056 HeapGrowthMultiplier: 3
12-14 18:46:41.965  3140  3674 I com.miui.home: CheckGCForNative gc_urgency 0.349913 current_native_bytes is 149231317
12-14 18:46:41.968  3140  3674 I com.miui.home: CheckGCForNative adj_start_bytes: 35556889 NativeAllocationGcWatermark: 10862109 java_gc_start_bytes: 19263726 kNewNativeDiscountFactor: 2 kOldNativeDiscountFactor: 65536 old_native_bytes: 148304297 new_native_bytes: 11635692 add_bytes_allowed: 32586327 is_gc_concurrent: 1 target_footprint_: 19788014 GetBytesAllocated: 11976056 HeapGrowthMultiplier: 3
12-14 18:46:41.968  3140  3674 I com.miui.home: CheckGCForNative gc_urgency 0.500498 current_native_bytes is 159939989
12-14 18:46:41.969  3140  3674 I com.miui.home: CheckGCForNative adj_start_bytes: 35556889 NativeAllocationGcWatermark: 10862109 java_gc_start_bytes: 19263726 kNewNativeDiscountFactor: 2 kOldNativeDiscountFactor: 65536 old_native_bytes: 148304297 new_native_bytes: 22342124 add_bytes_allowed: 32586327 is_gc_concurrent: 1 target_footprint_: 19788014 GetBytesAllocated: 12009032 HeapGrowthMultiplier: 3
12-14 18:46:41.969  3140  3674 I com.miui.home: CheckGCForNative gc_urgency 0.651979 current_native_bytes is 170646421
12-14 18:46:42.045  3140  3674 I com.miui.home: CheckGCForNative adj_start_bytes: 35556889 NativeAllocationGcWatermark: 10862109 java_gc_start_bytes: 19263726 kNewNativeDiscountFactor: 2 kOldNativeDiscountFactor: 65536 old_native_bytes: 148304297 new_native_bytes: 12422316 add_bytes_allowed: 32586327 is_gc_concurrent: 1 target_footprint_: 19788014 GetBytesAllocated: 12476664 HeapGrowthMultiplier: 3
12-14 18:46:42.045  3140  3674 I com.miui.home: CheckGCForNative gc_urgency 0.525639 current_native_bytes is 160726613
12-14 18:46:42.317 13651 13651 I wm_on_create_called: [0,211307378,com.eg.android.AlipayGphone.AlipayLogin,performCreate,56]
12-14 18:46:42.320 13651 13651 I wm_on_start_called: [0,211307378,com.eg.android.AlipayGphone.AlipayLogin,handleStartActivity,3]
12-14 18:46:42.324 13651 13651 I wm_on_resume_called: [0,211307378,com.eg.android.AlipayGphone.AlipayLogin,RESUME_ACTIVITY,2]
12-14 18:46:42.349 13651 13651 I wm_on_top_resumed_gained_called: [211307378,com.eg.android.AlipayGphone.AlipayLogin,topStateChangedWhenResumed]
12-14 18:46:42.994 13651 13651 I wm_on_idle_called: com.eg.android.AlipayGphone.AlipayLogin
12-14 18:46:43.243  3140  3140 I wm_on_restart_called: [0,142144482,com.miui.home.launcher.Launcher,performRestartActivity,0]
12-14 18:46:43.244  3140  3140 I wm_on_start_called: [0,142144482,com.miui.home.launcher.Launcher,handleStartActivity,1]
12-14 18:46:43.283  3140  3550 I com.miui.home: CheckGCForNative adj_start_bytes: 35556889 NativeAllocationGcWatermark: 10862109 java_gc_start_bytes: 19263726 kNewNativeDiscountFactor: 2 kOldNativeDiscountFactor: 65536 old_native_bytes: 148304297 new_native_bytes: 23558096 add_bytes_allowed: 32586327 is_gc_concurrent: 1 target_footprint_: 19788014 GetBytesAllocated: 13148840 HeapGrowthMultiplier: 3
12-14 18:46:43.283  3140  3550 I com.miui.home: CheckGCForNative gc_urgency 0.701134 current_native_bytes is 171862393
12-14 18:46:43.283  3140  3550 I com.miui.home: CheckGCForNative adj_start_bytes: 35556889 NativeAllocationGcWatermark: 10862109 java_gc_start_bytes: 19263726 kNewNativeDiscountFactor: 2 kOldNativeDiscountFactor: 65536 old_native_bytes: 148304297 new_native_bytes: 34264016 add_bytes_allowed: 32586327 is_gc_concurrent: 1 target_footprint_: 19788014 GetBytesAllocated: 13165416 HeapGrowthMultiplier: 3
12-14 18:46:43.283  3140  3550 I com.miui.home: CheckGCForNative gc_urgency 0.852147 current_native_bytes is 182568313
12-14 18:46:43.324  3140  3274 I com.miui.home: CheckGCForNative adj_start_bytes: 35556889 NativeAllocationGcWatermark: 10862109 java_gc_start_bytes: 19263726 kNewNativeDiscountFactor: 2 kOldNativeDiscountFactor: 65536 old_native_bytes: 148304297 new_native_bytes: 23668568 add_bytes_allowed: 32586327 is_gc_concurrent: 1 target_footprint_: 19788014 GetBytesAllocated: 13231048 HeapGrowthMultiplier: 3
12-14 18:46:43.324  3140  3274 I com.miui.home: CheckGCForNative gc_urgency 0.705 current_native_bytes is 171972865
12-14 18:46:43.358  3140  3550 I com.miui.home: CheckGCForNative adj_start_bytes: 35556889 NativeAllocationGcWatermark: 10862109 java_gc_start_bytes: 19263726 kNewNativeDiscountFactor: 2 kOldNativeDiscountFactor: 65536 old_native_bytes: 148304297 new_native_bytes: 34372136 add_bytes_allowed: 32586327 is_gc_concurrent: 1 target_footprint_: 19788014 GetBytesAllocated: 13280200 HeapGrowthMultiplier: 3
12-14 18:46:43.358  3140  3550 I com.miui.home: CheckGCForNative gc_urgency 0.856895 current_native_bytes is 182676433
12-14 18:46:43.400  3140  3274 I com.miui.home: CheckGCForNative adj_start_bytes: 35556889 NativeAllocationGcWatermark: 10862109 java_gc_start_bytes: 19263726 kNewNativeDiscountFactor: 2 kOldNativeDiscountFactor: 65536 old_native_bytes: 148304297 new_native_bytes: 23671304 add_bytes_allowed: 32586327 is_gc_concurrent: 1 target_footprint_: 19788014 GetBytesAllocated: 13329544 HeapGrowthMultiplier: 3
12-14 18:46:43.400  3140  3274 I com.miui.home: CheckGCForNative gc_urgency 0.707808 current_native_bytes is 171975601
12-14 18:46:43.474 13939 13939 I wm_on_application_create_called: [0,com.eg.android.AlipayGphone,287]
12-14 18:46:43.751  3140  3274 I com.miui.home: CheckGCForNative adj_start_bytes: 35556889 NativeAllocationGcWatermark: 10862109 java_gc_start_bytes: 19263726 kNewNativeDiscountFactor: 2 kOldNativeDiscountFactor: 65536 old_native_bytes: 148304297 new_native_bytes: 23700232 add_bytes_allowed: 32586327 is_gc_concurrent: 1 target_footprint_: 19788014 GetBytesAllocated: 13493416 HeapGrowthMultiplier: 3
12-14 18:46:43.751  3140  3274 I com.miui.home: CheckGCForNative gc_urgency 0.712824 current_native_bytes is 172004529
12-14 18:46:43.830 13651 13651 I wm_on_top_resumed_lost_called: [211307378,com.eg.android.AlipayGphone.AlipayLogin,topStateChangedWhenResumed]
12-14 18:46:43.871  3140  3140 I wm_on_resume_called: [0,142144482,com.miui.home.launcher.Launcher,RESUME_ACTIVITY,4]
12-14 18:46:43.871  3140  3140 I wm_on_idle_called: com.miui.home.launcher.Launcher
12-14 18:46:43.922  3140  3140 I wm_on_top_resumed_gained_called: [142144482,com.miui.home.launcher.Launcher,topStateChangedWhenResumed]
12-14 18:46:43.923 13651 13651 I wm_on_paused_called: [0,211307378,com.eg.android.AlipayGphone.AlipayLogin,performPause,0]
12-14 18:46:44.083  3140  3140 I wm_on_top_resumed_lost_called: [142144482,com.miui.home.launcher.Launcher,topStateChangedWhenResumed]
12-14 18:46:44.089  3140  3140 I wm_on_paused_called: [0,142144482,com.miui.home.launcher.Launcher,performPause,0]
12-14 18:46:44.277  3140  3674 I com.miui.home: CheckGCForNative adj_start_bytes: 35556889 NativeAllocationGcWatermark: 10862109 java_gc_start_bytes: 19263726 kNewNativeDiscountFactor: 2 kOldNativeDiscountFactor: 65536 old_native_bytes: 148304297 new_native_bytes: 24118200 add_bytes_allowed: 32586327 is_gc_concurrent: 1 target_footprint_: 19788014 GetBytesAllocated: 15071928 HeapGrowthMultiplier: 3
12-14 18:46:44.277  3140  3674 I com.miui.home: CheckGCForNative gc_urgency 0.763095 current_native_bytes is 172422497
12-14 18:46:44.352  3140  3250 I com.miui.home: CheckGCForNative adj_start_bytes: 35556889 NativeAllocationGcWatermark: 10862109 java_gc_start_bytes: 19263726 kNewNativeDiscountFactor: 2 kOldNativeDiscountFactor: 65536 old_native_bytes: 148304297 new_native_bytes: 35249696 add_bytes_allowed: 32586327 is_gc_concurrent: 1 target_footprint_: 19788014 GetBytesAllocated: 15334296 HeapGrowthMultiplier: 3
12-14 18:46:44.352  3140  3250 I com.miui.home: CheckGCForNative gc_urgency 0.927005 current_native_bytes is 183553993
12-14 18:46:44.353  3140  3274 I com.miui.home: CheckGCForNative adj_start_bytes: 35556889 NativeAllocationGcWatermark: 10862109 java_gc_start_bytes: 19263726 kNewNativeDiscountFactor: 2 kOldNativeDiscountFactor: 65536 old_native_bytes: 148304297 new_native_bytes: 35249888 add_bytes_allowed: 32586327 is_gc_concurrent: 1 target_footprint_: 19788014 GetBytesAllocated: 15350872 HeapGrowthMultiplier: 3
12-14 18:46:44.353  3140  3274 I com.miui.home: CheckGCForNative gc_urgency 0.927474 current_native_bytes is 183554185
12-14 18:46:44.386  3140  3274 I com.miui.home: CheckGCForNative adj_start_bytes: 35556889 NativeAllocationGcWatermark: 10862109 java_gc_start_bytes: 19263726 kNewNativeDiscountFactor: 2 kOldNativeDiscountFactor: 65536 old_native_bytes: 148304297 new_native_bytes: 37187488 add_bytes_allowed: 32586327 is_gc_concurrent: 1 target_footprint_: 19788014 GetBytesAllocated: 15350872 HeapGrowthMultiplier: 3
12-14 18:46:44.386  3140  3274 I com.miui.home: CheckGCForNative gc_urgency 0.95472 current_native_bytes is 185491785
12-14 18:46:44.437  3140  3250 I com.miui.home: CheckGCForNative adj_start_bytes: 35556889 NativeAllocationGcWatermark: 10862109 java_gc_start_bytes: 19263726 kNewNativeDiscountFactor: 2 kOldNativeDiscountFactor: 65536 old_native_bytes: 148304297 new_native_bytes: 49773984 add_bytes_allowed: 32586327 is_gc_concurrent: 1 target_footprint_: 19788014 GetBytesAllocated: 15383640 HeapGrowthMultiplier: 3
12-14 18:46:44.438  3140  3250 I com.miui.home: CheckGCForNative gc_urgency 1.13263 current_native_bytes is 198078281
12-14 18:46:44.438  3140  3250 I com.miui.home: CheckGCForNative requested 1
12-14 18:46:44.445  3140  3250 I com.miui.home: CheckGCForNative adj_start_bytes: 35556889 NativeAllocationGcWatermark: 10862109 java_gc_start_bytes: 19263726 kNewNativeDiscountFactor: 2 kOldNativeDiscountFactor: 65536 old_native_bytes: 148304297 new_native_bytes: 37978272 add_bytes_allowed: 32586327 is_gc_concurrent: 1 target_footprint_: 19788014 GetBytesAllocated: 15383640 HeapGrowthMultiplier: 3
12-14 18:46:44.446  3140  3250 I com.miui.home: CheckGCForNative gc_urgency 0.966762 current_native_bytes is 186282569
12-14 18:46:44.493  3140  3250 I com.miui.home: CheckGCForNative adj_start_bytes: 35556889 NativeAllocationGcWatermark: 10862109 java_gc_start_bytes: 19263726 kNewNativeDiscountFactor: 2 kOldNativeDiscountFactor: 65536 old_native_bytes: 148304297 new_native_bytes: 38833012 add_bytes_allowed: 32586327 is_gc_concurrent: 1 target_footprint_: 19788014 GetBytesAllocated: 15597144 HeapGrowthMultiplier: 3
12-14 18:46:44.493  3140  3250 I com.miui.home: CheckGCForNative gc_urgency 0.984786 current_native_bytes is 187137309
12-14 18:46:44.505  3140  3674 I com.miui.home: CheckGCForNative adj_start_bytes: 35556889 NativeAllocationGcWatermark: 10862109 java_gc_start_bytes: 19263726 kNewNativeDiscountFactor: 2 kOldNativeDiscountFactor: 65536 old_native_bytes: 148304297 new_native_bytes: 38944884 add_bytes_allowed: 32586327 is_gc_concurrent: 1 target_footprint_: 19788014 GetBytesAllocated: 15695496 HeapGrowthMultiplier: 3
12-14 18:46:44.505  3140  3674 I com.miui.home: CheckGCForNative gc_urgency 0.989125 current_native_bytes is 187249181
12-14 18:46:44.528  3140  3250 I com.miui.home: CheckGCForNative adj_start_bytes: 35556889 NativeAllocationGcWatermark: 10862109 java_gc_start_bytes: 19263726 kNewNativeDiscountFactor: 2 kOldNativeDiscountFactor: 65536 old_native_bytes: 148304297 new_native_bytes: 40424252 add_bytes_allowed: 32586327 is_gc_concurrent: 1 target_footprint_: 19788014 GetBytesAllocated: 15843224 HeapGrowthMultiplier: 3
12-14 18:46:44.528  3140  3250 I com.miui.home: CheckGCForNative gc_urgency 1.01408 current_native_bytes is 188728549
12-14 18:46:44.528  3140  3250 I com.miui.home: CheckGCForNative requested 1
12-14 18:46:44.528  3140  3250 I com.miui.home: CheckGCForNative adj_start_bytes: 35556889 NativeAllocationGcWatermark: 10862109 java_gc_start_bytes: 19263726 kNewNativeDiscountFactor: 2 kOldNativeDiscountFactor: 65536 old_native_bytes: 148304297 new_native_bytes: 41874884 add_bytes_allowed: 32586327 is_gc_concurrent: 1 target_footprint_: 19788014 GetBytesAllocated: 15843224 HeapGrowthMultiplier: 3
12-14 18:46:44.528  3140  3250 I com.miui.home: CheckGCForNative gc_urgency 1.03448 current_native_bytes is 190179181
12-14 18:46:44.528  3140  3250 I com.miui.home: CheckGCForNative requested 1
12-14 18:46:44.572  3140  3250 I com.miui.home: CheckGCForNative adj_start_bytes: 35556889 NativeAllocationGcWatermark: 10862109 java_gc_start_bytes: 19263726 kNewNativeDiscountFactor: 2 kOldNativeDiscountFactor: 65536 old_native_bytes: 148304297 new_native_bytes: 53073656 add_bytes_allowed: 32586327 is_gc_concurrent: 1 target_footprint_: 19788014 GetBytesAllocated: 16089496 HeapGrowthMultiplier: 3
12-14 18:46:44.572  3140  3250 I com.miui.home: CheckGCForNative gc_urgency 1.19888 current_native_bytes is 201377953
12-14 18:46:44.572  3140  3250 I com.miui.home: CheckGCForNative requested 1
12-14 18:46:44.573  3140  3674 I com.miui.home: CheckGCForNative adj_start_bytes: 35556889 NativeAllocationGcWatermark: 10862109 java_gc_start_bytes: 19263726 kNewNativeDiscountFactor: 2 kOldNativeDiscountFactor: 65536 old_native_bytes: 148304297 new_native_bytes: 53073656 add_bytes_allowed: 32586327 is_gc_concurrent: 1 target_footprint_: 19788014 GetBytesAllocated: 16089496 HeapGrowthMultiplier: 3
12-14 18:46:44.573  3140  3674 I com.miui.home: CheckGCForNative gc_urgency 1.19888 current_native_bytes is 201377953
12-14 18:46:44.573  3140  3674 I com.miui.home: CheckGCForNative requested 1
12-14 18:46:44.692  3140  3184 I com.miui.home: NativeAlloc concurrent copying GC freed 114563(5907KB) AllocSpace objects, 12(496KB) LOS objects, 49% free, 9484KB/18MB, paused 168us,97us total 252.680ms
12-14 18:46:45.727 14363 14363 I wm_on_application_create_called: [0,com.UCMobile,573]
12-14 18:46:46.017 14330 14330 I wm_on_application_create_called: [0,com.ss.android.ugc.aweme,705]
12-14 18:46:46.075  3140  3550 I com.miui.home: CheckGCForNative gc_urgency 0 current_native_bytes is 172339689
12-14 18:46:46.076  3140  3550 I com.miui.home: CheckGCForNative adj_start_bytes: 35125590 NativeAllocationGcWatermark: 10816709 java_gc_start_bytes: 18900527 kNewNativeDiscountFactor: 2 kOldNativeDiscountFactor: 65536 old_native_bytes: 172339689 new_native_bytes: 10706560 add_bytes_allowed: 32450127 is_gc_concurrent: 1 target_footprint_: 19424815 GetBytesAllocated: 10442104 HeapGrowthMultiplier: 3
12-14 18:46:46.076  3140  3550 I com.miui.home: CheckGCForNative gc_urgency 0.449758 current_native_bytes is 183046249
12-14 18:46:46.085  3140  3274 I com.miui.home: CheckGCForNative adj_start_bytes: 35125590 NativeAllocationGcWatermark: 10816709 java_gc_start_bytes: 18900527 kNewNativeDiscountFactor: 2 kOldNativeDiscountFactor: 65536 old_native_bytes: 172339689 new_native_bytes: 3712 add_bytes_allowed: 32450127 is_gc_concurrent: 1 target_footprint_: 19424815 GetBytesAllocated: 10474872 HeapGrowthMultiplier: 3
12-14 18:46:46.085  3140  3274 I com.miui.home: CheckGCForNative gc_urgency 0.29834 current_native_bytes is 172343401
12-14 18:46:46.101  3140  3550 I com.miui.home: CheckGCForNative adj_start_bytes: 35125590 NativeAllocationGcWatermark: 10816709 java_gc_start_bytes: 18900527 kNewNativeDiscountFactor: 2 kOldNativeDiscountFactor: 65536 old_native_bytes: 172339689 new_native_bytes: 10710400 add_bytes_allowed: 32450127 is_gc_concurrent: 1 target_footprint_: 19424815 GetBytesAllocated: 10474872 HeapGrowthMultiplier: 3
12-14 18:46:46.101  3140  3550 I com.miui.home: CheckGCForNative gc_urgency 0.450745 current_native_bytes is 183050089
12-14 18:46:46.463  3140  3274 I com.miui.home: CheckGCForNative adj_start_bytes: 35125590 NativeAllocationGcWatermark: 10816709 java_gc_start_bytes: 18900527 kNewNativeDiscountFactor: 2 kOldNativeDiscountFactor: 65536 old_native_bytes: 172339689 new_native_bytes: 48384 add_bytes_allowed: 32450127 is_gc_concurrent: 1 target_footprint_: 19424815 GetBytesAllocated: 10688184 HeapGrowthMultiplier: 3
12-14 18:46:46.463  3140  3274 I com.miui.home: CheckGCForNative gc_urgency 0.305048 current_native_bytes is 172388073
12-14 18:46:46.541  3140  3274 I com.miui.home: CheckGCForNative adj_start_bytes: 35125590 NativeAllocationGcWatermark: 10816709 java_gc_start_bytes: 18900527 kNewNativeDiscountFactor: 2 kOldNativeDiscountFactor: 65536 old_native_bytes: 172339689 new_native_bytes: 185984 add_bytes_allowed: 32450127 is_gc_concurrent: 1 target_footprint_: 19424815 GetBytesAllocated: 10770168 HeapGrowthMultiplier: 3
12-14 18:46:46.541  3140  3274 I com.miui.home: CheckGCForNative gc_urgency 0.309341 current_native_bytes is 172525673
12-14 18:46:46.549  3140  3247 I com.miui.home: CheckGCForNative adj_start_bytes: 35125590 NativeAllocationGcWatermark: 10816709 java_gc_start_bytes: 18900527 kNewNativeDiscountFactor: 2 kOldNativeDiscountFactor: 65536 old_native_bytes: 172339689 new_native_bytes: 130240 add_bytes_allowed: 32450127 is_gc_concurrent: 1 target_footprint_: 19424815 GetBytesAllocated: 10786664 HeapGrowthMultiplier: 3
12-14 18:46:46.549  3140  3247 I com.miui.home: CheckGCForNative gc_urgency 0.309017 current_native_bytes is 172469929
12-14 18:46:46.554  3140  3247 I com.miui.home: CheckGCForNative adj_start_bytes: 35125590 NativeAllocationGcWatermark: 10816709 java_gc_start_bytes: 18900527 kNewNativeDiscountFactor: 2 kOldNativeDiscountFactor: 65536 old_native_bytes: 172339689 new_native_bytes: 527328 add_bytes_allowed: 32450127 is_gc_concurrent: 1 target_footprint_: 19424815 GetBytesAllocated: 10786664 HeapGrowthMultiplier: 3
12-14 18:46:46.554  3140  3247 I com.miui.home: CheckGCForNative gc_urgency 0.31467 current_native_bytes is 172867017
12-14 18:46:46.587  3140  3140 I com.miui.home: CheckGCForNative adj_start_bytes: 35125590 NativeAllocationGcWatermark: 10816709 java_gc_start_bytes: 18900527 kNewNativeDiscountFactor: 2 kOldNativeDiscountFactor: 65536 old_native_bytes: 172339689 new_native_bytes: 712800 add_bytes_allowed: 32450127 is_gc_concurrent: 1 target_footprint_: 19424815 GetBytesAllocated: 10901464 HeapGrowthMultiplier: 3
12-14 18:46:46.587  3140  3140 I com.miui.home: CheckGCForNative gc_urgency 0.320578 current_native_bytes is 173052489
12-14 18:46:46.622  3140  3140 I com.miui.home: CheckGCForNative adj_start_bytes: 35125590 NativeAllocationGcWatermark: 10816709 java_gc_start_bytes: 18900527 kNewNativeDiscountFactor: 2 kOldNativeDiscountFactor: 65536 old_native_bytes: 172339689 new_native_bytes: 942400 add_bytes_allowed: 32450127 is_gc_concurrent: 1 target_footprint_: 19424815 GetBytesAllocated: 10967000 HeapGrowthMultiplier: 3
12-14 18:46:46.622  3140  3140 I com.miui.home: CheckGCForNative gc_urgency 0.325712 current_native_bytes is 173282089
12-14 18:46:46.626  3140  3140 I wm_on_resume_called: [0,142144482,com.miui.home.launcher.Launcher,RESUME_ACTIVITY,3]
12-14 18:46:46.627  3140  3140 I wm_on_idle_called: com.miui.home.launcher.Launcher
12-14 18:46:46.829  3140  3674 I com.miui.home: CheckGCForNative adj_start_bytes: 35125590 NativeAllocationGcWatermark: 10816709 java_gc_start_bytes: 18900527 kNewNativeDiscountFactor: 2 kOldNativeDiscountFactor: 65536 old_native_bytes: 172339689 new_native_bytes: 2429948 add_bytes_allowed: 32450127 is_gc_concurrent: 1 target_footprint_: 19424815 GetBytesAllocated: 12156536 HeapGrowthMultiplier: 3
12-14 18:46:46.829  3140  3674 I com.miui.home: CheckGCForNative gc_urgency 0.380752 current_native_bytes is 174769637
12-14 18:46:46.837  3140  3674 I com.miui.home: CheckGCForNative adj_start_bytes: 35125590 NativeAllocationGcWatermark: 10816709 java_gc_start_bytes: 18900527 kNewNativeDiscountFactor: 2 kOldNativeDiscountFactor: 65536 old_native_bytes: 172339689 new_native_bytes: 2790860 add_bytes_allowed: 32450127 is_gc_concurrent: 1 target_footprint_: 19424815 GetBytesAllocated: 12222136 HeapGrowthMultiplier: 3
12-14 18:46:46.837  3140  3674 I com.miui.home: CheckGCForNative gc_urgency 0.387757 current_native_bytes is 175130549
12-14 18:46:46.846  3140  3674 I com.miui.home: CheckGCForNative adj_start_bytes: 35125590 NativeAllocationGcWatermark: 10816709 java_gc_start_bytes: 18900527 kNewNativeDiscountFactor: 2 kOldNativeDiscountFactor: 65536 old_native_bytes: 172339689 new_native_bytes: 3212364 add_bytes_allowed: 32450127 is_gc_concurrent: 1 target_footprint_: 19424815 GetBytesAllocated: 12320440 HeapGrowthMultiplier: 3
12-14 18:46:46.846  3140  3674 I com.miui.home: CheckGCForNative gc_urgency 0.396556 current_native_bytes is 175552053
12-14 18:46:46.854  3140  3674 I com.miui.home: CheckGCForNative adj_start_bytes: 35125590 NativeAllocationGcWatermark: 10816709 java_gc_start_bytes: 18900527 kNewNativeDiscountFactor: 2 kOldNativeDiscountFactor: 65536 old_native_bytes: 172339689 new_native_bytes: 13975284 add_bytes_allowed: 32450127 is_gc_concurrent: 1 target_footprint_: 19424815 GetBytesAllocated: 12402424 HeapGrowthMultiplier: 3
12-14 18:46:46.854  3140  3674 I com.miui.home: CheckGCForNative gc_urgency 0.552096 current_native_bytes is 186314973
12-14 18:46:46.883  3140  3674 I com.miui.home: CheckGCForNative adj_start_bytes: 35125590 NativeAllocationGcWatermark: 10816709 java_gc_start_bytes: 18900527 kNewNativeDiscountFactor: 2 kOldNativeDiscountFactor: 65536 old_native_bytes: 172339689 new_native_bytes: 3861992 add_bytes_allowed: 32450127 is_gc_concurrent: 1 target_footprint_: 19424815 GetBytesAllocated: 12714600 HeapGrowthMultiplier: 3
12-14 18:46:46.883  3140  3674 I com.miui.home: CheckGCForNative gc_urgency 0.417024 current_native_bytes is 176201681
12-14 18:46:47.033 14330 14330 I wm_on_create_called: [0,128845041,com.ss.android.ugc.aweme.splash.SplashActivity,performCreate,857]
12-14 18:46:47.083  3140  3140 I wm_on_top_resumed_gained_called: [142144482,com.miui.home.launcher.Launcher,topStateChangedWhenResumed]
12-14 18:46:47.235 14330 14330 I wm_on_start_called: [0,128845041,com.ss.android.ugc.aweme.splash.SplashActivity,handleStartActivity,195]
12-14 18:46:47.282 14330 14330 I wm_on_resume_called: [0,128845041,com.ss.android.ugc.aweme.splash.SplashActivity,RESUME_ACTIVITY,43]
12-14 18:46:47.348 14330 14330 I wm_on_top_resumed_gained_called: [128845041,com.ss.android.ugc.aweme.splash.SplashActivity,topStateChangedWhenResumed]
12-14 18:46:48.465 14330 14330 I wm_on_top_resumed_lost_called: [128845041,com.ss.android.ugc.aweme.splash.SplashActivity,topStateChangedWhenResumed]
12-14 18:46:48.512 14330 14330 I wm_on_paused_called: [0,128845041,com.ss.android.ugc.aweme.splash.SplashActivity,performPause,42]
12-14 18:46:48.733 14330 14330 I wm_on_stop_called: [0,128845041,com.ss.android.ugc.aweme.splash.SplashActivity,STOP_ACTIVITY_ITEM,202]