12-15 09:57:00.982  3190  3208 I com.miui.home: CheckGCForNative adj_start_bytes: 33473738 NativeAllocationGcWatermark: 10609203 java_gc_start_bytes: 17559934 kNewNativeDiscountFactor: 2 kOldNativeDiscountFactor: 65536 old_native_bytes: 138252953 new_native_bytes: 53493172 add_bytes_allowed: 31827609 is_gc_concurrent: 1 target_footprint_: 17764766 GetBytesAllocated: 14818672 HeapGrowthMultiplier: 3
12-15 09:57:00.982  3190  3208 I com.miui.home: CheckGCForNative gc_urgency 1.24179 current_native_bytes is 191746125
12-15 09:57:00.982  3190  3208 I com.miui.home: CheckGCForNative requested 1
12-15 09:57:01.030  3190  3323 I com.miui.home: CheckGCForNative adj_start_bytes: 33473738 NativeAllocationGcWatermark: 10609203 java_gc_start_bytes: 17559934 kNewNativeDiscountFactor: 2 kOldNativeDiscountFactor: 65536 old_native_bytes: 138252953 new_native_bytes: 32062212 add_bytes_allowed: 31827609 is_gc_concurrent: 1 target_footprint_: 17764766 GetBytesAllocated: 14867824 HeapGrowthMultiplier: 3
12-15 09:57:01.030  3190  3323 I com.miui.home: CheckGCForNative gc_urgency 0.923143 current_native_bytes is 170315165
12-15 09:57:01.050  8586  8586 I wm_on_resume_called: [0,248410590,com.yxcorp.gifshow.HomeActivity,RESUME_ACTIVITY,52]
12-15 09:57:01.090  8586  8586 I wm_on_top_resumed_gained_called: [248410590,com.yxcorp.gifshow.HomeActivity,topStateChangedWhenResumed]
12-15 09:57:01.167  3190  3202 I com.miui.home: NativeAlloc concurrent copying GC freed 95692(5270KB) AllocSpace objects, 8(280KB) LOS objects, 49% free, 9096KB/17MB, paused 189us,73us total 184.790ms
12-15 09:57:01.185  3190  3323 I com.miui.home: CheckGCForNative gc_urgency 0 current_native_bytes is 133580781
12-15 09:57:01.385  3190  3323 I com.miui.home: CheckGCForNative adj_start_bytes: 34526227 NativeAllocationGcWatermark: 10717401 java_gc_start_bytes: 18450126 kNewNativeDiscountFactor: 2 kOldNativeDiscountFactor: 65536 old_native_bytes: 133580781 new_native_bytes: 15136 add_bytes_allowed: 32152203 is_gc_concurrent: 1 target_footprint_: 18630350 GetBytesAllocated: 9446440 HeapGrowthMultiplier: 3
12-15 09:57:01.385  3190  3323 I com.miui.home: CheckGCForNative gc_urgency 0.27388 current_native_bytes is 133595917
12-15 09:57:01.783  3190  3660 I com.miui.home: CheckGCForNative adj_start_bytes: 34526227 NativeAllocationGcWatermark: 10717401 java_gc_start_bytes: 18450126 kNewNativeDiscountFactor: 2 kOldNativeDiscountFactor: 65536 old_native_bytes: 133580781 new_native_bytes: 660656 add_bytes_allowed: 32152203 is_gc_concurrent: 1 target_footprint_: 18630350 GetBytesAllocated: 10217160 HeapGrowthMultiplier: 3
12-15 09:57:01.783  3190  3660 I com.miui.home: CheckGCForNative gc_urgency 0.305551 current_native_bytes is 134241437
12-15 09:57:01.889  3190  3660 I com.miui.home: CheckGCForNative adj_start_bytes: 34526227 NativeAllocationGcWatermark: 10717401 java_gc_start_bytes: 18450126 kNewNativeDiscountFactor: 2 kOldNativeDiscountFactor: 65536 old_native_bytes: 133580781 new_native_bytes: 2136296 add_bytes_allowed: 32152203 is_gc_concurrent: 1 target_footprint_: 18630350 GetBytesAllocated: 10397512 HeapGrowthMultiplier: 3
12-15 09:57:01.892  3190  3660 I com.miui.home: CheckGCForNative gc_urgency 0.332145 current_native_bytes is 135717077
12-15 09:57:01.912  3190  3660 I com.miui.home: CheckGCForNative adj_start_bytes: 34526227 NativeAllocationGcWatermark: 10717401 java_gc_start_bytes: 18450126 kNewNativeDiscountFactor: 2 kOldNativeDiscountFactor: 65536 old_native_bytes: 133580781 new_native_bytes: 2634496 add_bytes_allowed: 32152203 is_gc_concurrent: 1 target_footprint_: 18630350 GetBytesAllocated: 10463112 HeapGrowthMultiplier: 3
12-15 09:57:01.912  3190  3660 I com.miui.home: CheckGCForNative gc_urgency 0.341259 current_native_bytes is 136215277
12-15 09:57:01.966  3190  3660 I com.miui.home: CheckGCForNative adj_start_bytes: 34526227 NativeAllocationGcWatermark: 10717401 java_gc_start_bytes: 18450126 kNewNativeDiscountFactor: 2 kOldNativeDiscountFactor: 65536 old_native_bytes: 133580781 new_native_bytes: 3382336 add_bytes_allowed: 32152203 is_gc_concurrent: 1 target_footprint_: 18630350 GetBytesAllocated: 10692808 HeapGrowthMultiplier: 3
12-15 09:57:01.966  3190  3660 I com.miui.home: CheckGCForNative gc_urgency 0.358742 current_native_bytes is 136963117
12-15 09:57:02.045  3190  3660 I com.miui.home: CheckGCForNative adj_start_bytes: 34526227 NativeAllocationGcWatermark: 10717401 java_gc_start_bytes: 18450126 kNewNativeDiscountFactor: 2 kOldNativeDiscountFactor: 65536 old_native_bytes: 133580781 new_native_bytes: 14160532 add_bytes_allowed: 32152203 is_gc_concurrent: 1 target_footprint_: 18630350 GetBytesAllocated: 10922184 HeapGrowthMultiplier: 3
12-15 09:57:02.046  3190  3660 I com.miui.home: CheckGCForNative gc_urgency 0.521473 current_native_bytes is 147741313
12-15 09:57:02.089  8586  8586 I wm_on_top_resumed_lost_called: [248410590,com.yxcorp.gifshow.HomeActivity,topStateChangedWhenResumed]
12-15 09:57:02.123  8586  8586 I wm_on_paused_called: [0,248410590,com.yxcorp.gifshow.HomeActivity,performPause,30]
12-15 09:57:02.165  3190  3660 I com.miui.home: CheckGCForNative adj_start_bytes: 34526227 NativeAllocationGcWatermark: 10717401 java_gc_start_bytes: 18450126 kNewNativeDiscountFactor: 2 kOldNativeDiscountFactor: 65536 old_native_bytes: 133580781 new_native_bytes: 3325044 add_bytes_allowed: 32152203 is_gc_concurrent: 1 target_footprint_: 18630350 GetBytesAllocated: 11070280 HeapGrowthMultiplier: 3
12-15 09:57:02.165  3190  3660 I com.miui.home: CheckGCForNative gc_urgency 0.368845 current_native_bytes is 136905825
12-15 09:57:02.219  3190  3660 I com.miui.home: CheckGCForNative adj_start_bytes: 34526227 NativeAllocationGcWatermark: 10717401 java_gc_start_bytes: 18450126 kNewNativeDiscountFactor: 2 kOldNativeDiscountFactor: 65536 old_native_bytes: 133580781 new_native_bytes: 3566312 add_bytes_allowed: 32152203 is_gc_concurrent: 1 target_footprint_: 18630350 GetBytesAllocated: 11316040 HeapGrowthMultiplier: 3
12-15 09:57:02.219  3190  3660 I com.miui.home: CheckGCForNative gc_urgency 0.379457 current_native_bytes is 137147093
12-15 09:57:02.298  3190  3660 I com.miui.home: CheckGCForNative adj_start_bytes: 34526227 NativeAllocationGcWatermark: 10717401 java_gc_start_bytes: 18450126 kNewNativeDiscountFactor: 2 kOldNativeDiscountFactor: 65536 old_native_bytes: 133580781 new_native_bytes: 3886428 add_bytes_allowed: 32152203 is_gc_concurrent: 1 target_footprint_: 18630350 GetBytesAllocated: 11676824 HeapGrowthMultiplier: 3
12-15 09:57:02.298  3190  3660 I com.miui.home: CheckGCForNative gc_urgency 0.394543 current_native_bytes is 137467209
12-15 09:57:02.809  8916  8916 I wm_on_create_called: [0,22360741,com.tencent.qqlive.ona.activity.SplashHomeActivity,performCreate,86]
12-15 09:57:02.814  8916  8916 I wm_on_start_called: [0,22360741,com.tencent.qqlive.ona.activity.SplashHomeActivity,handleStartActivity,5]
12-15 09:57:02.827  8916  8916 I wm_on_resume_called: [0,22360741,com.tencent.qqlive.ona.activity.SplashHomeActivity,RESUME_ACTIVITY,11]
12-15 09:57:02.845  8916  8916 I wm_on_top_resumed_gained_called: [22360741,com.tencent.qqlive.ona.activity.SplashHomeActivity,topStateChangedWhenResumed]
12-15 09:57:03.128  3190  3346 I com.miui.home: CheckGCForNative adj_start_bytes: 34526227 NativeAllocationGcWatermark: 10717401 java_gc_start_bytes: 18450126 kNewNativeDiscountFactor: 2 kOldNativeDiscountFactor: 65536 old_native_bytes: 133580781 new_native_bytes: 14645952 add_bytes_allowed: 32152203 is_gc_concurrent: 1 target_footprint_: 18630350 GetBytesAllocated: 12414856 HeapGrowthMultiplier: 3
12-15 09:57:03.128  3190  3346 I com.miui.home: CheckGCForNative gc_urgency 0.571736 current_native_bytes is 148226733
12-15 09:57:03.128  3190  3346 I com.miui.home: CheckGCForNative adj_start_bytes: 34526227 NativeAllocationGcWatermark: 10717401 java_gc_start_bytes: 18450126 kNewNativeDiscountFactor: 2 kOldNativeDiscountFactor: 65536 old_native_bytes: 133580781 new_native_bytes: 25352512 add_bytes_allowed: 32152203 is_gc_concurrent: 1 target_footprint_: 18630350 GetBytesAllocated: 12431432 HeapGrowthMultiplier: 3
12-15 09:57:03.129  3190  3346 I com.miui.home: CheckGCForNative gc_urgency 0.727265 current_native_bytes is 158933293
12-15 09:57:03.134  3190  3346 I com.miui.home: CheckGCForNative adj_start_bytes: 34526227 NativeAllocationGcWatermark: 10717401 java_gc_start_bytes: 18450126 kNewNativeDiscountFactor: 2 kOldNativeDiscountFactor: 65536 old_native_bytes: 133580781 new_native_bytes: 25355584 add_bytes_allowed: 32152203 is_gc_concurrent: 1 target_footprint_: 18630350 GetBytesAllocated: 12447816 HeapGrowthMultiplier: 3
12-15 09:57:03.134  3190  3346 I com.miui.home: CheckGCForNative gc_urgency 0.727784 current_native_bytes is 158936365
12-15 09:57:03.263  3190  3323 I com.miui.home: CheckGCForNative adj_start_bytes: 34526227 NativeAllocationGcWatermark: 10717401 java_gc_start_bytes: 18450126 kNewNativeDiscountFactor: 2 kOldNativeDiscountFactor: 65536 old_native_bytes: 133580781 new_native_bytes: 14676016 add_bytes_allowed: 32152203 is_gc_concurrent: 1 target_footprint_: 18630350 GetBytesAllocated: 12546312 HeapGrowthMultiplier: 3
12-15 09:57:03.263  3190  3323 I com.miui.home: CheckGCForNative gc_urgency 0.575978 current_native_bytes is 148256797
12-15 09:57:03.330  3190  3323 I com.miui.home: CheckGCForNative adj_start_bytes: 34526227 NativeAllocationGcWatermark: 10717401 java_gc_start_bytes: 18450126 kNewNativeDiscountFactor: 2 kOldNativeDiscountFactor: 65536 old_native_bytes: 133580781 new_native_bytes: 14681392 add_bytes_allowed: 32152203 is_gc_concurrent: 1 target_footprint_: 18630350 GetBytesAllocated: 12562696 HeapGrowthMultiplier: 3
12-15 09:57:03.330  3190  3323 I com.miui.home: CheckGCForNative gc_urgency 0.576531 current_native_bytes is 148262173
12-15 09:57:03.784  3190  7946 I com.miui.home: CheckGCForNative adj_start_bytes: 34526227 NativeAllocationGcWatermark: 10717401 java_gc_start_bytes: 18450126 kNewNativeDiscountFactor: 2 kOldNativeDiscountFactor: 65536 old_native_bytes: 133580781 new_native_bytes: 14650960 add_bytes_allowed: 32152203 is_gc_concurrent: 1 target_footprint_: 18630350 GetBytesAllocated: 12939944 HeapGrowthMultiplier: 3
12-15 09:57:03.796  3190  7946 I com.miui.home: CheckGCForNative gc_urgency 0.587016 current_native_bytes is 148231741
12-15 09:57:03.999  9057  9057 I wm_on_application_create_called: [0,com.tencent.qqlive,204]
12-15 09:57:04.039  3190  7946 I com.miui.home: CheckGCForNative adj_start_bytes: 34526227 NativeAllocationGcWatermark: 10717401 java_gc_start_bytes: 18450126 kNewNativeDiscountFactor: 2 kOldNativeDiscountFactor: 65536 old_native_bytes: 133580781 new_native_bytes: 14671756 add_bytes_allowed: 32152203 is_gc_concurrent: 1 target_footprint_: 18630350 GetBytesAllocated: 13169544 HeapGrowthMultiplier: 3
12-15 09:57:04.039  3190  7946 I com.miui.home: CheckGCForNative gc_urgency 0.593968 current_native_bytes is 148252537
12-15 09:57:04.219  3190  3323 I com.miui.home: CheckGCForNative adj_start_bytes: 34526227 NativeAllocationGcWatermark: 10717401 java_gc_start_bytes: 18450126 kNewNativeDiscountFactor: 2 kOldNativeDiscountFactor: 65536 old_native_bytes: 133580781 new_native_bytes: 14782084 add_bytes_allowed: 32152203 is_gc_concurrent: 1 target_footprint_: 18630350 GetBytesAllocated: 13399176 HeapGrowthMultiplier: 3
12-15 09:57:04.219  3190  3323 I com.miui.home: CheckGCForNative gc_urgency 0.602216 current_native_bytes is 148362865
12-15 09:57:04.399  3190  3660 I com.miui.home: CheckGCForNative adj_start_bytes: 34526227 NativeAllocationGcWatermark: 10717401 java_gc_start_bytes: 18450126 kNewNativeDiscountFactor: 2 kOldNativeDiscountFactor: 65536 old_native_bytes: 133580781 new_native_bytes: 14758736 add_bytes_allowed: 32152203 is_gc_concurrent: 1 target_footprint_: 18630350 GetBytesAllocated: 13644968 HeapGrowthMultiplier: 3
12-15 09:57:04.399  3190  3660 I com.miui.home: CheckGCForNative gc_urgency 0.608997 current_native_bytes is 148339517
12-15 09:57:04.425  3190  3660 I com.miui.home: CheckGCForNative adj_start_bytes: 34526227 NativeAllocationGcWatermark: 10717401 java_gc_start_bytes: 18450126 kNewNativeDiscountFactor: 2 kOldNativeDiscountFactor: 65536 old_native_bytes: 133580781 new_native_bytes: 25553008 add_bytes_allowed: 32152203 is_gc_concurrent: 1 target_footprint_: 18630350 GetBytesAllocated: 13694216 HeapGrowthMultiplier: 3
12-15 09:57:04.426  3190  3660 I com.miui.home: CheckGCForNative gc_urgency 0.766743 current_native_bytes is 159133789
12-15 09:57:04.474  3190  3660 I com.miui.home: CheckGCForNative adj_start_bytes: 34526227 NativeAllocationGcWatermark: 10717401 java_gc_start_bytes: 18450126 kNewNativeDiscountFactor: 2 kOldNativeDiscountFactor: 65536 old_native_bytes: 133580781 new_native_bytes: 14976164 add_bytes_allowed: 32152203 is_gc_concurrent: 1 target_footprint_: 18630350 GetBytesAllocated: 14006056 HeapGrowthMultiplier: 3
12-15 09:57:04.474  3190  3660 I com.miui.home: CheckGCForNative gc_urgency 0.622604 current_native_bytes is 148556945
12-15 09:57:04.484  5546  5546 I wm_on_create_called: [0,120127445,com.tencent.mobileqq.activity.SplashActivity,performCreate,167]
12-15 09:57:04.491  5546  5546 I wm_on_start_called: [0,120127445,com.tencent.mobileqq.activity.SplashActivity,handleStartActivity,6]
12-15 09:57:04.521  5546  5546 I wm_on_resume_called: [0,120127445,com.tencent.mobileqq.activity.SplashActivity,RESUME_ACTIVITY,29]
12-15 09:57:04.565  5546  5546 I wm_on_top_resumed_gained_called: [120127445,com.tencent.mobileqq.activity.SplashActivity,topStateChangedWhenResumed]
12-15 09:57:04.789  3190  3190 I wm_on_stop_called: [0,38498034,com.miui.home.launcher.Launcher,STOP_ACTIVITY_ITEM,6]
12-15 09:57:04.855  5546  5546 I wm_on_top_resumed_lost_called: [120127445,com.tencent.mobileqq.activity.SplashActivity,topStateChangedWhenResumed]
12-15 09:57:04.856  5546  5546 I wm_on_paused_called: [0,120127445,com.tencent.mobileqq.activity.SplashActivity,performPause,1]
12-15 09:57:04.922  5546  5546 I wm_on_create_called: [0,194532736,com.tencent.mobileqq.activity.LoginActivity,performCreate,38]
12-15 09:57:04.962  5546  5546 I wm_on_start_called: [0,194532736,com.tencent.mobileqq.activity.LoginActivity,handleStartActivity,39]
12-15 09:57:04.967  5546  5546 I wm_on_resume_called: [0,194532736,com.tencent.mobileqq.activity.LoginActivity,RESUME_ACTIVITY,4]
12-15 09:57:04.975  5546  5546 I wm_on_top_resumed_gained_called: [194532736,com.tencent.mobileqq.activity.LoginActivity,topStateChangedWhenResumed]
12-15 09:57:05.030  3190  3660 I com.miui.home: CheckGCForNative adj_start_bytes: 34526227 NativeAllocationGcWatermark: 10717401 java_gc_start_bytes: 18450126 kNewNativeDiscountFactor: 2 kOldNativeDiscountFactor: 65536 old_native_bytes: 133580781 new_native_bytes: 15417028 add_bytes_allowed: 32152203 is_gc_concurrent: 1 target_footprint_: 18630350 GetBytesAllocated: 14621544 HeapGrowthMultiplier: 3
12-15 09:57:05.030  3190  3660 I com.miui.home: CheckGCForNative gc_urgency 0.646815 current_native_bytes is 148997809
12-15 09:57:05.042  5546  5546 I wm_on_idle_called: com.tencent.mobileqq.activity.LoginActivity
12-15 09:57:05.098  3190  3660 I com.miui.home: CheckGCForNative adj_start_bytes: 34526227 NativeAllocationGcWatermark: 10717401 java_gc_start_bytes: 18450126 kNewNativeDiscountFactor: 2 kOldNativeDiscountFactor: 65536 old_native_bytes: 133580781 new_native_bytes: 15708664 add_bytes_allowed: 32152203 is_gc_concurrent: 1 target_footprint_: 18630350 GetBytesAllocated: 14966008 HeapGrowthMultiplier: 3
12-15 09:57:05.098  3190  3660 I com.miui.home: CheckGCForNative gc_urgency 0.661016 current_native_bytes is 149289445
12-15 09:57:05.384  3190  3190 I wm_on_restart_called: [0,38498034,com.miui.home.launcher.Launcher,performRestartActivity,0]
12-15 09:57:05.385  3190  3190 I wm_on_start_called: [0,38498034,com.miui.home.launcher.Launcher,handleStartActivity,1]
12-15 09:57:05.440  3190  3323 I com.miui.home: CheckGCForNative adj_start_bytes: 34526227 NativeAllocationGcWatermark: 10717401 java_gc_start_bytes: 18450126 kNewNativeDiscountFactor: 2 kOldNativeDiscountFactor: 65536 old_native_bytes: 133580781 new_native_bytes: 16050260 add_bytes_allowed: 32152203 is_gc_concurrent: 1 target_footprint_: 18630350 GetBytesAllocated: 15777416 HeapGrowthMultiplier: 3
12-15 09:57:05.440  3190  3323 I com.miui.home: CheckGCForNative gc_urgency 0.689464 current_native_bytes is 149631041
12-15 09:57:05.630  3190  3323 I com.miui.home: CheckGCForNative adj_start_bytes: 34526227 NativeAllocationGcWatermark: 10717401 java_gc_start_bytes: 18450126 kNewNativeDiscountFactor: 2 kOldNativeDiscountFactor: 65536 old_native_bytes: 133580781 new_native_bytes: 16090036 add_bytes_allowed: 32152203 is_gc_concurrent: 1 target_footprint_: 18630350 GetBytesAllocated: 15908488 HeapGrowthMultiplier: 3
12-15 09:57:05.630  3190  3323 I com.miui.home: CheckGCForNative gc_urgency 0.693836 current_native_bytes is 149670817
12-15 09:57:05.785  3190  3323 I com.miui.home: CheckGCForNative adj_start_bytes: 34526227 NativeAllocationGcWatermark: 10717401 java_gc_start_bytes: 18450126 kNewNativeDiscountFactor: 2 kOldNativeDiscountFactor: 65536 old_native_bytes: 133580781 new_native_bytes: 16101556 add_bytes_allowed: 32152203 is_gc_concurrent: 1 target_footprint_: 18630350 GetBytesAllocated: 15974024 HeapGrowthMultiplier: 3
12-15 09:57:05.785  3190  3323 I com.miui.home: CheckGCForNative gc_urgency 0.695901 current_native_bytes is 149682337
12-15 09:57:05.950  5546  5546 I wm_on_top_resumed_lost_called: [194532736,com.tencent.mobileqq.activity.LoginActivity,topStateChangedWhenResumed]
12-15 09:57:05.968  3190  3190 I wm_on_resume_called: [0,38498034,com.miui.home.launcher.Launcher,RESUME_ACTIVITY,3]
12-15 09:57:05.969  3190  3190 I wm_on_idle_called: com.miui.home.launcher.Launcher
12-15 09:57:05.988  3190  3190 I wm_on_top_resumed_gained_called: [38498034,com.miui.home.launcher.Launcher,topStateChangedWhenResumed]
12-15 09:57:05.988  5546  5546 I wm_on_paused_called: [0,194532736,com.tencent.mobileqq.activity.LoginActivity,performPause,1]
12-15 09:57:05.990  5546  5546 I wm_on_stop_called: [0,194532736,com.tencent.mobileqq.activity.LoginActivity,STOP_ACTIVITY_ITEM,1]
12-15 09:57:06.016  5546  5546 I wm_on_stop_called: [0,120127445,com.tencent.mobileqq.activity.SplashActivity,LIFECYCLER_STOP_ACTIVITY,12]
12-15 09:57:06.025  5546  5546 I wm_on_destroy_called: [0,120127445,com.tencent.mobileqq.activity.SplashActivity,performDestroy,8]
12-15 09:57:06.143  3190  3660 I com.miui.home: CheckGCForNative adj_start_bytes: 34526227 NativeAllocationGcWatermark: 10717401 java_gc_start_bytes: 18450126 kNewNativeDiscountFactor: 2 kOldNativeDiscountFactor: 65536 old_native_bytes: 133580781 new_native_bytes: 16421588 add_bytes_allowed: 32152203 is_gc_concurrent: 1 target_footprint_: 18630350 GetBytesAllocated: 17122216 HeapGrowthMultiplier: 3
12-15 09:57:06.143  3190  3660 I com.miui.home: CheckGCForNative gc_urgency 0.733791 current_native_bytes is 150002369
12-15 09:57:06.195  3190  3310 I com.miui.home: CheckGCForNative adj_start_bytes: 34526227 NativeAllocationGcWatermark: 10717401 java_gc_start_bytes: 18450126 kNewNativeDiscountFactor: 2 kOldNativeDiscountFactor: 65536 old_native_bytes: 133580781 new_native_bytes: 16732148 add_bytes_allowed: 32152203 is_gc_concurrent: 1 target_footprint_: 18630350 GetBytesAllocated: 17532168 HeapGrowthMultiplier: 3
12-15 09:57:06.195  3190  3310 I com.miui.home: CheckGCForNative gc_urgency 0.750162 current_native_bytes is 150312929
12-15 09:57:06.238  3190  3190 I wm_on_top_resumed_lost_called: [38498034,com.miui.home.launcher.Launcher,topStateChangedWhenResumed]
12-15 09:57:06.239  3190  3660 I com.miui.home: CheckGCForNative adj_start_bytes: 34526227 NativeAllocationGcWatermark: 10717401 java_gc_start_bytes: 18450126 kNewNativeDiscountFactor: 2 kOldNativeDiscountFactor: 65536 old_native_bytes: 133580781 new_native_bytes: 17015496 add_bytes_allowed: 32152203 is_gc_concurrent: 1 target_footprint_: 18630350 GetBytesAllocated: 17827080 HeapGrowthMultiplier: 3
12-15 09:57:06.239  3190  3660 I com.miui.home: CheckGCForNative gc_urgency 0.762807 current_native_bytes is 150596277
12-15 09:57:06.244  3190  3190 I wm_on_paused_called: [0,38498034,com.miui.home.launcher.Launcher,performPause,2]
12-15 09:57:06.338  3190  3660 I com.miui.home: CheckGCForNative adj_start_bytes: 34526227 NativeAllocationGcWatermark: 10717401 java_gc_start_bytes: 18450126 kNewNativeDiscountFactor: 2 kOldNativeDiscountFactor: 65536 old_native_bytes: 133580781 new_native_bytes: 17316660 add_bytes_allowed: 32152203 is_gc_concurrent: 1 target_footprint_: 18630350 GetBytesAllocated: 18286280 HeapGrowthMultiplier: 3
12-15 09:57:06.338  3190  3660 I com.miui.home: CheckGCForNative gc_urgency 0.780469 current_native_bytes is 150897441
12-15 09:57:06.396  3190  3660 I com.miui.home: CheckGCForNative adj_start_bytes: 34526227 NativeAllocationGcWatermark: 10717401 java_gc_start_bytes: 18450126 kNewNativeDiscountFactor: 2 kOldNativeDiscountFactor: 65536 old_native_bytes: 133580781 new_native_bytes: 17457916 add_bytes_allowed: 32152203 is_gc_concurrent: 1 target_footprint_: 18630350 GetBytesAllocated: 18950312 HeapGrowthMultiplier: 3
12-15 09:57:06.396  3190  3660 I com.miui.home: CheckGCForNative gc_urgency 0.801747 current_native_bytes is 151038697
12-15 09:57:06.458  3190  3660 I com.miui.home: CheckGCForNative gc_urgency 0 current_native_bytes is 149297037
12-15 09:57:06.481  3190  3660 I com.miui.home: CheckGCForNative gc_urgency 0 current_native_bytes is 146690493
12-15 09:57:06.519  3190  3323 I com.miui.home: CheckGCForNative adj_start_bytes: 34182163 NativeAllocationGcWatermark: 10717401 java_gc_start_bytes: 18106062 kNewNativeDiscountFactor: 2 kOldNativeDiscountFactor: 65536 old_native_bytes: 146690493 new_native_bytes: 78816 add_bytes_allowed: 32152203 is_gc_concurrent: 1 target_footprint_: 18630350 GetBytesAllocated: 10559104 HeapGrowthMultiplier: 3
12-15 09:57:06.519  3190  3323 I com.miui.home: CheckGCForNative gc_urgency 0.310125 current_native_bytes is 146769309
12-15 09:57:06.552  3190  3660 I com.miui.home: CheckGCForNative adj_start_bytes: 34182163 NativeAllocationGcWatermark: 10717401 java_gc_start_bytes: 18106062 kNewNativeDiscountFactor: 2 kOldNativeDiscountFactor: 65536 old_native_bytes: 146690493 new_native_bytes: 59316 add_bytes_allowed: 32152203 is_gc_concurrent: 1 target_footprint_: 18630350 GetBytesAllocated: 10821344 HeapGrowthMultiplier: 3
12-15 09:57:06.553  3190  3660 I com.miui.home: CheckGCForNative gc_urgency 0.317512 current_native_bytes is 146749809
12-15 09:57:07.058  9633  9633 I wm_on_create_called: [0,261726850,com.tencent.mtt.SplashActivity,performCreate,86]
12-15 09:57:07.115  9633  9633 I wm_on_create_called: [0,95828673,com.tencent.mtt.MainActivity,performCreate,10]
12-15 09:57:07.120  9633  9633 I wm_on_start_called: [0,95828673,com.tencent.mtt.MainActivity,handleStartActivity,5]
12-15 09:57:07.250  3190  3660 I com.miui.home: CheckGCForNative adj_start_bytes: 34182163 NativeAllocationGcWatermark: 10717401 java_gc_start_bytes: 18106062 kNewNativeDiscountFactor: 2 kOldNativeDiscountFactor: 65536 old_native_bytes: 146690493 new_native_bytes: 201076 add_bytes_allowed: 32152203 is_gc_concurrent: 1 target_footprint_: 18630350 GetBytesAllocated: 11231744 HeapGrowthMultiplier: 3
12-15 09:57:07.250  3190  3660 I com.miui.home: CheckGCForNative gc_urgency 0.331592 current_native_bytes is 146891569
12-15 09:57:07.293  3190  3660 I com.miui.home: CheckGCForNative adj_start_bytes: 34182163 NativeAllocationGcWatermark: 10717401 java_gc_start_bytes: 18106062 kNewNativeDiscountFactor: 2 kOldNativeDiscountFactor: 65536 old_native_bytes: 146690493 new_native_bytes: 417896 add_bytes_allowed: 32152203 is_gc_concurrent: 1 target_footprint_: 18630350 GetBytesAllocated: 11576192 HeapGrowthMultiplier: 3
12-15 09:57:07.293  3190  3660 I com.miui.home: CheckGCForNative gc_urgency 0.34484 current_native_bytes is 147108389
12-15 09:57:07.453  9633  9633 I wm_on_resume_called: [0,95828673,com.tencent.mtt.MainActivity,RESUME_ACTIVITY,333]
12-15 09:57:07.474  9633  9633 I wm_on_top_resumed_gained_called: [95828673,com.tencent.mtt.MainActivity,topStateChangedWhenResumed]
12-15 09:57:07.553  3190  3207 I com.miui.home: CheckGCForNative adj_start_bytes: 34182163 NativeAllocationGcWatermark: 10717401 java_gc_start_bytes: 18106062 kNewNativeDiscountFactor: 2 kOldNativeDiscountFactor: 65536 old_native_bytes: 146690493 new_native_bytes: 11503776 add_bytes_allowed: 32152203 is_gc_concurrent: 1 target_footprint_: 18630350 GetBytesAllocated: 12526912 HeapGrowthMultiplier: 3
12-15 09:57:07.553  3190  3207 I com.miui.home: CheckGCForNative gc_urgency 0.534812 current_native_bytes is 158194269
12-15 09:57:07.554  3190  3207 I com.miui.home: CheckGCForNative adj_start_bytes: 34182163 NativeAllocationGcWatermark: 10717401 java_gc_start_bytes: 18106062 kNewNativeDiscountFactor: 2 kOldNativeDiscountFactor: 65536 old_native_bytes: 146690493 new_native_bytes: 22210336 add_bytes_allowed: 32152203 is_gc_concurrent: 1 target_footprint_: 18630350 GetBytesAllocated: 12543488 HeapGrowthMultiplier: 3
12-15 09:57:07.554  3190  3207 I com.miui.home: CheckGCForNative gc_urgency 0.691907 current_native_bytes is 168900829
12-15 09:57:07.557  3190  3208 I com.miui.home: CheckGCForNative adj_start_bytes: 34182163 NativeAllocationGcWatermark: 10717401 java_gc_start_bytes: 18106062 kNewNativeDiscountFactor: 2 kOldNativeDiscountFactor: 65536 old_native_bytes: 146690493 new_native_bytes: 22212128 add_bytes_allowed: 32152203 is_gc_concurrent: 1 target_footprint_: 18630350 GetBytesAllocated: 12576256 HeapGrowthMultiplier: 3
12-15 09:57:07.557  3190  3208 I com.miui.home: CheckGCForNative gc_urgency 0.692892 current_native_bytes is 168902621
12-15 09:57:07.585  3190  3323 I com.miui.home: CheckGCForNative adj_start_bytes: 34182163 NativeAllocationGcWatermark: 10717401 java_gc_start_bytes: 18106062 kNewNativeDiscountFactor: 2 kOldNativeDiscountFactor: 65536 old_native_bytes: 146690493 new_native_bytes: 11512448 add_bytes_allowed: 32152203 is_gc_concurrent: 1 target_footprint_: 18630350 GetBytesAllocated: 12592832 HeapGrowthMultiplier: 3
12-15 09:57:07.585  3190  3323 I com.miui.home: CheckGCForNative gc_urgency 0.536868 current_native_bytes is 158202941
12-15 09:57:07.941  3190  3323 I com.miui.home: CheckGCForNative adj_start_bytes: 34182163 NativeAllocationGcWatermark: 10717401 java_gc_start_bytes: 18106062 kNewNativeDiscountFactor: 2 kOldNativeDiscountFactor: 65536 old_native_bytes: 146690493 new_native_bytes: 11581712 add_bytes_allowed: 32152203 is_gc_concurrent: 1 target_footprint_: 18630350 GetBytesAllocated: 12888208 HeapGrowthMultiplier: 3
12-15 09:57:07.941  3190  3323 I com.miui.home: CheckGCForNative gc_urgency 0.546522 current_native_bytes is 158272205
12-15 09:57:08.100  3190  3190 I wm_on_resume_called: [0,38498034,com.miui.home.launcher.Launcher,RESUME_ACTIVITY,7]
12-15 09:57:08.100  3190  3190 I wm_on_idle_called: com.miui.home.launcher.Launcher
12-15 09:57:08.105  3190  3190 I com.miui.home: CheckGCForNative adj_start_bytes: 34182163 NativeAllocationGcWatermark: 10717401 java_gc_start_bytes: 18106062 kNewNativeDiscountFactor: 2 kOldNativeDiscountFactor: 65536 old_native_bytes: 146690493 new_native_bytes: 11596176 add_bytes_allowed: 32152203 is_gc_concurrent: 1 target_footprint_: 18630350 GetBytesAllocated: 13069168 HeapGrowthMultiplier: 3
12-15 09:57:08.105  3190  3190 I com.miui.home: CheckGCForNative gc_urgency 0.552027 current_native_bytes is 158286669
12-15 09:57:08.118  9633  9633 I wm_on_top_resumed_lost_called: [95828673,com.tencent.mtt.MainActivity,topStateChangedWhenResumed]
12-15 09:57:08.121  3190  3190 I wm_on_top_resumed_gained_called: [38498034,com.miui.home.launcher.Launcher,topStateChangedWhenResumed]
12-15 09:57:08.123  9633  9633 I wm_on_paused_called: [0,95828673,com.tencent.mtt.MainActivity,performPause,1]
12-15 09:57:08.278  3190  3660 I com.miui.home: CheckGCForNative adj_start_bytes: 34182163 NativeAllocationGcWatermark: 10717401 java_gc_start_bytes: 18106062 kNewNativeDiscountFactor: 2 kOldNativeDiscountFactor: 65536 old_native_bytes: 146690493 new_native_bytes: 11825892 add_bytes_allowed: 32152203 is_gc_concurrent: 1 target_footprint_: 18630350 GetBytesAllocated: 14323024 HeapGrowthMultiplier: 3
12-15 09:57:08.278  3190  3660 I com.miui.home: CheckGCForNative gc_urgency 0.592069 current_native_bytes is 158516385
12-15 09:57:08.333  9633  9633 I wm_on_stop_called: [0,95828673,com.tencent.mtt.MainActivity,STOP_ACTIVITY_ITEM,174]
12-15 09:57:08.340  3190  3190 I wm_on_top_resumed_lost_called: [38498034,com.miui.home.launcher.Launcher,topStateChangedWhenResumed]
12-15 09:57:08.340  9633  9633 I wm_on_destroy_called: [0,261726850,com.tencent.mtt.SplashActivity,performDestroy,3]
12-15 09:57:08.350  3190  3660 I com.miui.home: CheckGCForNative adj_start_bytes: 34182163 NativeAllocationGcWatermark: 10717401 java_gc_start_bytes: 18106062 kNewNativeDiscountFactor: 2 kOldNativeDiscountFactor: 65536 old_native_bytes: 146690493 new_native_bytes: 22826824 add_bytes_allowed: 32152203 is_gc_concurrent: 1 target_footprint_: 18630350 GetBytesAllocated: 14536080 HeapGrowthMultiplier: 3
12-15 09:57:08.350  3190  3660 I com.miui.home: CheckGCForNative gc_urgency 0.759218 current_native_bytes is 169517317
12-15 09:57:08.351  3190  3190 I wm_on_paused_called: [0,38498034,com.miui.home.launcher.Launcher,performPause,1]
12-15 09:57:08.397  9633  9633 I wm_on_idle_called: com.tencent.mtt.MainActivity
12-15 09:57:08.409  3190  3660 I com.miui.home: CheckGCForNative adj_start_bytes: 34182163 NativeAllocationGcWatermark: 10717401 java_gc_start_bytes: 18106062 kNewNativeDiscountFactor: 2 kOldNativeDiscountFactor: 65536 old_native_bytes: 146690493 new_native_bytes: 12210480 add_bytes_allowed: 32152203 is_gc_concurrent: 1 target_footprint_: 18630350 GetBytesAllocated: 14815248 HeapGrowthMultiplier: 3
12-15 09:57:08.409  3190  3660 I com.miui.home: CheckGCForNative gc_urgency 0.612095 current_native_bytes is 158900973
12-15 09:57:08.501  3190  3660 I com.miui.home: CheckGCForNative adj_start_bytes: 34182163 NativeAllocationGcWatermark: 10717401 java_gc_start_bytes: 18106062 kNewNativeDiscountFactor: 2 kOldNativeDiscountFactor: 65536 old_native_bytes: 146690493 new_native_bytes: 12530404 add_bytes_allowed: 32152203 is_gc_concurrent: 1 target_footprint_: 18630350 GetBytesAllocated: 15380944 HeapGrowthMultiplier: 3
12-15 09:57:08.501  3190  3660 I com.miui.home: CheckGCForNative gc_urgency 0.633324 current_native_bytes is 159220897
12-15 09:57:08.531  3190  3660 I com.miui.home: CheckGCForNative adj_start_bytes: 34182163 NativeAllocationGcWatermark: 10717401 java_gc_start_bytes: 18106062 kNewNativeDiscountFactor: 2 kOldNativeDiscountFactor: 65536 old_native_bytes: 146690493 new_native_bytes: 12754456 add_bytes_allowed: 32152203 is_gc_concurrent: 1 target_footprint_: 18630350 GetBytesAllocated: 15593936 HeapGrowthMultiplier: 3
12-15 09:57:08.531  3190  3660 I com.miui.home: CheckGCForNative gc_urgency 0.642832 current_native_bytes is 159444949
12-15 09:57:08.631  3190  3660 I com.miui.home: CheckGCForNative adj_start_bytes: 34182163 NativeAllocationGcWatermark: 10717401 java_gc_start_bytes: 18106062 kNewNativeDiscountFactor: 2 kOldNativeDiscountFactor: 65536 old_native_bytes: 146690493 new_native_bytes: 13028832 add_bytes_allowed: 32152203 is_gc_concurrent: 1 target_footprint_: 18630350 GetBytesAllocated: 15938480 HeapGrowthMultiplier: 3
12-15 09:57:08.631  3190  3660 I com.miui.home: CheckGCForNative gc_urgency 0.656925 current_native_bytes is 159719325
12-15 09:57:09.322  9933  9933 I wm_on_application_create_called: [0,com.taobao.taobao,282]
12-15 09:57:09.419  9933  9933 I wm_on_create_called: [0,162976672,com.taobao.tao.welcome.Welcome,performCreate,67]
12-15 09:57:09.504  9933  9933 I wm_on_start_called: [0,162976672,com.taobao.tao.welcome.Welcome,handleStartActivity,85]
12-15 09:57:09.566  9933  9933 I wm_on_resume_called: [0,162976672,com.taobao.tao.welcome.Welcome,RESUME_ACTIVITY,46]
12-15 09:57:09.600  9933  9933 I wm_on_top_resumed_gained_called: [162976672,com.taobao.tao.welcome.Welcome,topStateChangedWhenResumed]
12-15 09:57:09.736  3190  3754 I com.miui.home: CheckGCForNative adj_start_bytes: 34182163 NativeAllocationGcWatermark: 10717401 java_gc_start_bytes: 18106062 kNewNativeDiscountFactor: 2 kOldNativeDiscountFactor: 65536 old_native_bytes: 146690493 new_native_bytes: 23874680 add_bytes_allowed: 32152203 is_gc_concurrent: 1 target_footprint_: 18630350 GetBytesAllocated: 16856624 HeapGrowthMultiplier: 3
12-15 09:57:09.736  3190  3754 I com.miui.home: CheckGCForNative gc_urgency 0.842434 current_native_bytes is 170565173
12-15 09:57:09.736  3190  3754 I com.miui.home: CheckGCForNative adj_start_bytes: 34182163 NativeAllocationGcWatermark: 10717401 java_gc_start_bytes: 18106062 kNewNativeDiscountFactor: 2 kOldNativeDiscountFactor: 65536 old_native_bytes: 146690493 new_native_bytes: 34580600 add_bytes_allowed: 32152203 is_gc_concurrent: 1 target_footprint_: 18630350 GetBytesAllocated: 16856816 HeapGrowthMultiplier: 3
12-15 09:57:09.736  3190  3754 I com.miui.home: CheckGCForNative gc_urgency 0.99904 current_native_bytes is 181271093
12-15 09:57:09.741  3190  3323 I com.miui.home: CheckGCForNative adj_start_bytes: 34182163 NativeAllocationGcWatermark: 10717401 java_gc_start_bytes: 18106062 kNewNativeDiscountFactor: 2 kOldNativeDiscountFactor: 65536 old_native_bytes: 146690493 new_native_bytes: 23875384 add_bytes_allowed: 32152203 is_gc_concurrent: 1 target_footprint_: 18630350 GetBytesAllocated: 16856816 HeapGrowthMultiplier: 3
12-15 09:57:09.741  3190  3323 I com.miui.home: CheckGCForNative gc_urgency 0.842449 current_native_bytes is 170565877
12-15 09:57:09.773  3190  3522 I com.miui.home: CheckGCForNative adj_start_bytes: 34182163 NativeAllocationGcWatermark: 10717401 java_gc_start_bytes: 18106062 kNewNativeDiscountFactor: 2 kOldNativeDiscountFactor: 65536 old_native_bytes: 146690493 new_native_bytes: 34532280 add_bytes_allowed: 32152203 is_gc_concurrent: 1 target_footprint_: 18630350 GetBytesAllocated: 16889584 HeapGrowthMultiplier: 3
12-15 09:57:09.773  3190  3522 I com.miui.home: CheckGCForNative gc_urgency 0.999292 current_native_bytes is 181222773
12-15 09:57:09.963  3190  3323 I com.miui.home: CheckGCForNative adj_start_bytes: 34182163 NativeAllocationGcWatermark: 10717401 java_gc_start_bytes: 18106062 kNewNativeDiscountFactor: 2 kOldNativeDiscountFactor: 65536 old_native_bytes: 146690493 new_native_bytes: 23715176 add_bytes_allowed: 32152203 is_gc_concurrent: 1 target_footprint_: 18630350 GetBytesAllocated: 17020912 HeapGrowthMultiplier: 3
12-15 09:57:09.963  3190  3323 I com.miui.home: CheckGCForNative gc_urgency 0.844907 current_native_bytes is 170405669
12-15 09:57:10.097  3190  3323 I com.miui.home: CheckGCForNative adj_start_bytes: 34182163 NativeAllocationGcWatermark: 10717401 java_gc_start_bytes: 18106062 kNewNativeDiscountFactor: 2 kOldNativeDiscountFactor: 65536 old_native_bytes: 146690493 new_native_bytes: 23720168 add_bytes_allowed: 32152203 is_gc_concurrent: 1 target_footprint_: 18630350 GetBytesAllocated: 17102832 HeapGrowthMultiplier: 3
12-15 09:57:10.097  3190  3323 I com.miui.home: CheckGCForNative gc_urgency 0.847376 current_native_bytes is 170410661
12-15 09:57:10.253  3190  3190 I wm_on_resume_called: [0,38498034,com.miui.home.launcher.Launcher,RESUME_ACTIVITY,7]
12-15 09:57:10.253  3190  3190 I wm_on_idle_called: com.miui.home.launcher.Launcher
12-15 09:57:10.439  3190  3660 I com.miui.home: CheckGCForNative adj_start_bytes: 34182163 NativeAllocationGcWatermark: 10717401 java_gc_start_bytes: 18106062 kNewNativeDiscountFactor: 2 kOldNativeDiscountFactor: 65536 old_native_bytes: 146690493 new_native_bytes: 24172104 add_bytes_allowed: 32152203 is_gc_concurrent: 1 target_footprint_: 18630350 GetBytesAllocated: 18291936 HeapGrowthMultiplier: 3
12-15 09:57:10.439  3190  3660 I com.miui.home: CheckGCForNative gc_urgency 0.888774 current_native_bytes is 170862597
12-15 09:57:10.470  3190  3660 I com.miui.home: CheckGCForNative adj_start_bytes: 34182163 NativeAllocationGcWatermark: 10717401 java_gc_start_bytes: 18106062 kNewNativeDiscountFactor: 2 kOldNativeDiscountFactor: 65536 old_native_bytes: 146690493 new_native_bytes: 35028188 add_bytes_allowed: 32152203 is_gc_concurrent: 1 target_footprint_: 18630350 GetBytesAllocated: 18488544 HeapGrowthMultiplier: 3
12-15 09:57:10.470  3190  3660 I com.miui.home: CheckGCForNative gc_urgency 1.05332 current_native_bytes is 181718681
12-15 09:57:10.470  3190  3660 I com.miui.home: CheckGCForNative requested 1
12-15 09:57:10.502  3190  3660 I com.miui.home: CheckGCForNative adj_start_bytes: 34182163 NativeAllocationGcWatermark: 10717401 java_gc_start_bytes: 18106062 kNewNativeDiscountFactor: 2 kOldNativeDiscountFactor: 65536 old_native_bytes: 146690493 new_native_bytes: 24434948 add_bytes_allowed: 32152203 is_gc_concurrent: 1 target_footprint_: 18630350 GetBytesAllocated: 18702160 HeapGrowthMultiplier: 3
12-15 09:57:10.502  3190  3660 I com.miui.home: CheckGCForNative gc_urgency 0.90462 current_native_bytes is 171125441
12-15 09:57:10.582  3190  3190 I wm_on_paused_called: [0,38498034,com.miui.home.launcher.Launcher,performPause,1]
12-15 09:57:10.599  3190  3660 I com.miui.home: CheckGCForNative adj_start_bytes: 34182163 NativeAllocationGcWatermark: 10717401 java_gc_start_bytes: 18106062 kNewNativeDiscountFactor: 2 kOldNativeDiscountFactor: 65536 old_native_bytes: 146690493 new_native_bytes: 24804164 add_bytes_allowed: 32152203 is_gc_concurrent: 1 target_footprint_: 18630350 GetBytesAllocated: 19242896 HeapGrowthMultiplier: 3
12-15 09:57:10.599  3190  3660 I com.miui.home: CheckGCForNative gc_urgency 0.92584 current_native_bytes is 171494657
12-15 09:57:10.736  3190  3660 I com.miui.home: CheckGCForNative adj_start_bytes: 34182163 NativeAllocationGcWatermark: 10717401 java_gc_start_bytes: 18106062 kNewNativeDiscountFactor: 2 kOldNativeDiscountFactor: 65536 old_native_bytes: 146690493 new_native_bytes: 25113000 add_bytes_allowed: 32152203 is_gc_concurrent: 1 target_footprint_: 18630350 GetBytesAllocated: 19167904 HeapGrowthMultiplier: 3
12-15 09:57:10.737  3190  3660 I com.miui.home: CheckGCForNative gc_urgency 0.928164 current_native_bytes is 171803493
12-15 09:57:10.907  3190  3660 I com.miui.home: CheckGCForNative gc_urgency 0 current_native_bytes is 125731969
12-15 09:57:10.986  9111  9111 I wm_on_create_called: [0,152091079,com.tencent.mm.ui.LauncherUI,performCreate,78]
12-15 09:57:11.101  9111  9111 I wm_on_create_called: [0,267701822,com.tencent.mm.app.WeChatSplashActivity,performCreate,5]
12-15 09:57:11.123  9111  9111 I wm_on_start_called: [0,267701822,com.tencent.mm.app.WeChatSplashActivity,handleStartActivity,6]
12-15 09:57:11.127  9111  9111 I wm_on_resume_called: [0,267701822,com.tencent.mm.app.WeChatSplashActivity,RESUME_ACTIVITY,3]
12-15 09:57:11.145  9111  9111 I wm_on_top_resumed_gained_called: [267701822,com.tencent.mm.app.WeChatSplashActivity,topStateChangedWhenResumed]
12-15 09:57:11.197  3190  3660 I com.miui.home: CheckGCForNative adj_start_bytes: 37174073 NativeAllocationGcWatermark: 11032339 java_gc_start_bytes: 20625565 kNewNativeDiscountFactor: 2 kOldNativeDiscountFactor: 65536 old_native_bytes: 125731969 new_native_bytes: 103892 add_bytes_allowed: 33097017 is_gc_concurrent: 1 target_footprint_: 21149853 GetBytesAllocated: 11313392 HeapGrowthMultiplier: 3
12-15 09:57:11.197  3190  3660 I com.miui.home: CheckGCForNative gc_urgency 0.305785 current_native_bytes is 125835861
12-15 09:57:11.210  3190  3660 I com.miui.home: CheckGCForNative adj_start_bytes: 37174073 NativeAllocationGcWatermark: 11032339 java_gc_start_bytes: 20625565 kNewNativeDiscountFactor: 2 kOldNativeDiscountFactor: 65536 old_native_bytes: 125731969 new_native_bytes: 383208 add_bytes_allowed: 33097017 is_gc_concurrent: 1 target_footprint_: 21149853 GetBytesAllocated: 11477232 HeapGrowthMultiplier: 3
12-15 09:57:11.210  3190  3660 I com.miui.home: CheckGCForNative gc_urgency 0.313949 current_native_bytes is 126115177
12-15 09:57:11.216  3190  3660 I com.miui.home: CheckGCForNative adj_start_bytes: 37174073 NativeAllocationGcWatermark: 11032339 java_gc_start_bytes: 20625565 kNewNativeDiscountFactor: 2 kOldNativeDiscountFactor: 65536 old_native_bytes: 125731969 new_native_bytes: 471176 add_bytes_allowed: 33097017 is_gc_concurrent: 1 target_footprint_: 21149853 GetBytesAllocated: 11526384 HeapGrowthMultiplier: 3
12-15 09:57:11.216  3190  3660 I com.miui.home: CheckGCForNative gc_urgency 0.316454 current_native_bytes is 126203145
12-15 09:57:11.245  3190  3660 I com.miui.home: CheckGCForNative adj_start_bytes: 37174073 NativeAllocationGcWatermark: 11032339 java_gc_start_bytes: 20625565 kNewNativeDiscountFactor: 2 kOldNativeDiscountFactor: 65536 old_native_bytes: 125731969 new_native_bytes: 837000 add_bytes_allowed: 33097017 is_gc_concurrent: 1 target_footprint_: 21149853 GetBytesAllocated: 11887296 HeapGrowthMultiplier: 3
12-15 09:57:11.245  3190  3660 I com.miui.home: CheckGCForNative gc_urgency 0.331083 current_native_bytes is 126568969
12-15 09:57:11.366  9111  9111 I wm_on_idle_called: com.tencent.mm.app.WeChatSplashActivity
12-15 09:57:11.389  3190  3190 I wm_on_stop_called: [0,38498034,com.miui.home.launcher.Launcher,STOP_ACTIVITY_ITEM,3]
12-15 09:57:11.400  9111  9111 I wm_on_destroy_called: [0,152091079,com.tencent.mm.ui.LauncherUI,performDestroy,1]
12-15 09:57:11.482  9111  9111 I wm_on_top_resumed_lost_called: [267701822,com.tencent.mm.app.WeChatSplashActivity,topStateChangedWhenResumed]
12-15 09:57:11.486  9111  9111 I wm_on_paused_called: [0,267701822,com.tencent.mm.app.WeChatSplashActivity,performPause,2]
12-15 09:57:11.635  3190  3660 I com.miui.home: CheckGCForNative adj_start_bytes: 37174073 NativeAllocationGcWatermark: 11032339 java_gc_start_bytes: 20625565 kNewNativeDiscountFactor: 2 kOldNativeDiscountFactor: 65536 old_native_bytes: 125731969 new_native_bytes: 1090348 add_bytes_allowed: 33097017 is_gc_concurrent: 1 target_footprint_: 21149853 GetBytesAllocated: 12404000 HeapGrowthMultiplier: 3
12-15 09:57:11.635  3190  3660 I com.miui.home: CheckGCForNative gc_urgency 0.34839 current_native_bytes is 126822317
12-15 09:57:11.681  9111  9111 I wm_on_create_called: [0,72582991,com.tencent.mm.ui.LauncherUI,performCreate,149]
12-15 09:57:11.709  9111  9111 I wm_on_start_called: [0,72582991,com.tencent.mm.ui.LauncherUI,handleStartActivity,10]
12-15 09:57:11.719  3190  3660 I com.miui.home: CheckGCForNative adj_start_bytes: 37174073 NativeAllocationGcWatermark: 11032339 java_gc_start_bytes: 20625565 kNewNativeDiscountFactor: 2 kOldNativeDiscountFactor: 65536 old_native_bytes: 125731969 new_native_bytes: 1452768 add_bytes_allowed: 33097017 is_gc_concurrent: 1 target_footprint_: 21149853 GetBytesAllocated: 12814112 HeapGrowthMultiplier: 3
12-15 09:57:11.719  3190  3660 I com.miui.home: CheckGCForNative gc_urgency 0.364297 current_native_bytes is 127184737
12-15 09:57:11.765  9111  9111 I wm_on_resume_called: [0,72582991,com.tencent.mm.ui.LauncherUI,RESUME_ACTIVITY,55]
12-15 09:57:11.776  9111  9111 I wm_on_top_resumed_gained_called: [72582991,com.tencent.mm.ui.LauncherUI,topStateChangedWhenResumed]
12-15 09:57:11.799  9111  9111 I wm_on_top_resumed_lost_called: [72582991,com.tencent.mm.ui.LauncherUI,topStateChangedWhenResumed]
12-15 09:57:11.807  9111  9111 I wm_on_paused_called: [0,72582991,com.tencent.mm.ui.LauncherUI,performPause,7]
12-15 09:57:11.927  9111  9111 I wm_on_create_called: [0,76000108,com.tencent.mm.plugin.account.ui.WelcomeActivity,performCreate,54]
12-15 09:57:11.930  9111  9111 I wm_on_start_called: [0,76000108,com.tencent.mm.plugin.account.ui.WelcomeActivity,handleStartActivity,2]
12-15 09:57:11.935  9111  9111 I wm_on_resume_called: [0,76000108,com.tencent.mm.plugin.account.ui.WelcomeActivity,RESUME_ACTIVITY,4]
12-15 09:57:11.946  9111  9111 I wm_on_top_resumed_gained_called: [76000108,com.tencent.mm.plugin.account.ui.WelcomeActivity,topStateChangedWhenResumed]
12-15 09:57:11.947  3190  3660 I com.miui.home: CheckGCForNative adj_start_bytes: 37174073 NativeAllocationGcWatermark: 11032339 java_gc_start_bytes: 20625565 kNewNativeDiscountFactor: 2 kOldNativeDiscountFactor: 65536 old_native_bytes: 125731969 new_native_bytes: 1728372 add_bytes_allowed: 33097017 is_gc_concurrent: 1 target_footprint_: 21149853 GetBytesAllocated: 13224256 HeapGrowthMultiplier: 3
12-15 09:57:11.947  3190  3660 I com.miui.home: CheckGCForNative gc_urgency 0.379037 current_native_bytes is 127460341
12-15 09:57:11.967  9111  9111 I wm_on_stop_called: [0,72582991,com.tencent.mm.ui.LauncherUI,STOP_ACTIVITY_ITEM,2]
12-15 09:57:11.989  3190  3660 I com.miui.home: CheckGCForNative adj_start_bytes: 37174073 NativeAllocationGcWatermark: 11032339 java_gc_start_bytes: 20625565 kNewNativeDiscountFactor: 2 kOldNativeDiscountFactor: 65536 old_native_bytes: 125731969 new_native_bytes: 1935144 add_bytes_allowed: 33097017 is_gc_concurrent: 1 target_footprint_: 21149853 GetBytesAllocated: 13453632 HeapGrowthMultiplier: 3
12-15 09:57:11.989  3190  3660 I com.miui.home: CheckGCForNative gc_urgency 0.387989 current_native_bytes is 127667113
12-15 09:57:12.070  3190  3660 I com.miui.home: CheckGCForNative adj_start_bytes: 37174073 NativeAllocationGcWatermark: 11032339 java_gc_start_bytes: 20625565 kNewNativeDiscountFactor: 2 kOldNativeDiscountFactor: 65536 old_native_bytes: 125731969 new_native_bytes: 2184604 add_bytes_allowed: 33097017 is_gc_concurrent: 1 target_footprint_: 21149853 GetBytesAllocated: 13798144 HeapGrowthMultiplier: 3
12-15 09:57:12.070  3190  3660 I com.miui.home: CheckGCForNative gc_urgency 0.400612 current_native_bytes is 127916573
12-15 09:57:12.194  3190  3190 I wm_on_restart_called: [0,38498034,com.miui.home.launcher.Launcher,performRestartActivity,0]
12-15 09:57:12.195  3190  3190 I wm_on_start_called: [0,38498034,com.miui.home.launcher.Launcher,handleStartActivity,1]
12-15 09:57:12.282  3190 10392 I com.miui.home: CheckGCForNative adj_start_bytes: 37174073 NativeAllocationGcWatermark: 11032339 java_gc_start_bytes: 20625565 kNewNativeDiscountFactor: 2 kOldNativeDiscountFactor: 65536 old_native_bytes: 125731969 new_native_bytes: 13074292 add_bytes_allowed: 33097017 is_gc_concurrent: 1 target_footprint_: 21149853 GetBytesAllocated: 14666928 HeapGrowthMultiplier: 3
12-15 09:57:12.282  3190 10392 I com.miui.home: CheckGCForNative gc_urgency 0.570451 current_native_bytes is 138806261
12-15 09:57:12.283  3190 10392 I com.miui.home: CheckGCForNative adj_start_bytes: 37174073 NativeAllocationGcWatermark: 11032339 java_gc_start_bytes: 20625565 kNewNativeDiscountFactor: 2 kOldNativeDiscountFactor: 65536 old_native_bytes: 125731969 new_native_bytes: 23780212 add_bytes_allowed: 33097017 is_gc_concurrent: 1 target_footprint_: 21149853 GetBytesAllocated: 14667120 HeapGrowthMultiplier: 3
12-15 09:57:12.283  3190 10392 I com.miui.home: CheckGCForNative gc_urgency 0.714453 current_native_bytes is 149512181
12-15 09:57:12.299  3190  3346 I com.miui.home: CheckGCForNative adj_start_bytes: 37174073 NativeAllocationGcWatermark: 11032339 java_gc_start_bytes: 20625565 kNewNativeDiscountFactor: 2 kOldNativeDiscountFactor: 65536 old_native_bytes: 125731969 new_native_bytes: 23784244 add_bytes_allowed: 33097017 is_gc_concurrent: 1 target_footprint_: 21149853 GetBytesAllocated: 14699888 HeapGrowthMultiplier: 3
12-15 09:57:12.299  3190  3346 I com.miui.home: CheckGCForNative gc_urgency 0.715389 current_native_bytes is 149516213
12-15 09:57:12.496  3190  3323 I com.miui.home: CheckGCForNative adj_start_bytes: 37174073 NativeAllocationGcWatermark: 11032339 java_gc_start_bytes: 20625565 kNewNativeDiscountFactor: 2 kOldNativeDiscountFactor: 65536 old_native_bytes: 125731969 new_native_bytes: 13142132 add_bytes_allowed: 33097017 is_gc_concurrent: 1 target_footprint_: 21149853 GetBytesAllocated: 14782000 HeapGrowthMultiplier: 3
12-15 09:57:12.496  3190  3323 I com.miui.home: CheckGCForNative gc_urgency 0.574459 current_native_bytes is 138874101
12-15 09:57:12.674  3190  3323 I com.miui.home: CheckGCForNative adj_start_bytes: 37174073 NativeAllocationGcWatermark: 11032339 java_gc_start_bytes: 20625565 kNewNativeDiscountFactor: 2 kOldNativeDiscountFactor: 65536 old_native_bytes: 125731969 new_native_bytes: 13157172 add_bytes_allowed: 33097017 is_gc_concurrent: 1 target_footprint_: 21149853 GetBytesAllocated: 14863920 HeapGrowthMultiplier: 3
12-15 09:57:12.674  3190  3323 I com.miui.home: CheckGCForNative gc_urgency 0.576865 current_native_bytes is 138889141
12-15 09:57:12.799  9111  9111 I wm_on_top_resumed_lost_called: [76000108,com.tencent.mm.plugin.account.ui.WelcomeActivity,topStateChangedWhenResumed]
12-15 09:57:12.803  3190  3190 I wm_on_resume_called: [0,38498034,com.miui.home.launcher.Launcher,RESUME_ACTIVITY,4]
12-15 09:57:12.823  9111  9111 I wm_on_paused_called: [0,76000108,com.tencent.mm.plugin.account.ui.WelcomeActivity,performPause,4]
12-15 09:57:12.832  3190  3190 I wm_on_top_resumed_gained_called: [38498034,com.miui.home.launcher.Launcher,topStateChangedWhenResumed]
12-15 09:57:12.832  3190  3190 I wm_on_idle_called: com.miui.home.launcher.Launcher
12-15 09:57:12.887  9111  9111 I wm_on_stop_called: [0,76000108,com.tencent.mm.plugin.account.ui.WelcomeActivity,STOP_ACTIVITY_ITEM,6]
12-15 09:57:12.904  9111  9111 I wm_on_stop_called: [0,267701822,com.tencent.mm.app.WeChatSplashActivity,LIFECYCLER_STOP_ACTIVITY,7]
12-15 09:57:12.916  9111  9111 I wm_on_destroy_called: [0,267701822,com.tencent.mm.app.WeChatSplashActivity,performDestroy,10]
12-15 09:57:12.954  9111  9111 I wm_on_idle_called: com.tencent.mm.plugin.account.ui.WelcomeActivity
12-15 09:57:12.955  9111  9111 I wm_on_idle_called: com.tencent.mm.ui.LauncherUI
