12-19 20:35:09.988  3137  3648 I com.miui.home: CheckGCForNative adj_start_bytes: 44555121 NativeAllocationGcWatermark: 11769645 java_gc_start_bytes: 26900654 kNewNativeDiscountFactor: 2 kOldNativeDiscountFactor: 65536 old_native_bytes: 114083553 new_native_bytes: 4449324 add_bytes_allowed: 35308935 is_gc_concurrent: 1 target_footprint_: 27048302 GetBytesAllocated: 16615512 HeapGrowthMultiplier: 3
12-19 20:35:09.988  3137  3648 I com.miui.home: CheckGCForNative gc_urgency 0.42289 current_native_bytes is 118532877
12-19 20:35:09.997  3137  3648 I cccccc  : getTaskSnapshotInstance: 408
12-19 20:35:10.176  3137  3648 I com.miui.home: CheckGCForNative adj_start_bytes: 44555121 NativeAllocationGcWatermark: 11769645 java_gc_start_bytes: 26900654 kNewNativeDiscountFactor: 2 kOldNativeDiscountFactor: 65536 old_native_bytes: 114083553 new_native_bytes: 4667680 add_bytes_allowed: 35308935 is_gc_concurrent: 1 target_footprint_: 27048302 GetBytesAllocated: 17042008 HeapGrowthMultiplier: 3
12-19 20:35:10.177  3137  3648 I com.miui.home: CheckGCForNative gc_urgency 0.434913 current_native_bytes is 118751233
12-19 20:35:10.192  3137  3648 I cccccc  : getTaskSnapshotInstance: 408
12-19 20:35:10.244  7144  7144 I wm_on_create_called: [0,45960120,com.tencent.mm.ui.LauncherUI,performCreate,266]
12-19 20:35:10.258  3137  3137 I wm_on_stop_called: [0,259069323,com.miui.home.launcher.Launcher,STOP_ACTIVITY_ITEM,4]
12-19 20:35:10.284  7144  7144 I wm_on_start_called: [0,45960120,com.tencent.mm.ui.LauncherUI,handleStartActivity,26]
12-19 20:35:10.354  7144  7144 I wm_on_resume_called: [0,45960120,com.tencent.mm.ui.LauncherUI,RESUME_ACTIVITY,68]
12-19 20:35:10.376  7144  7144 I wm_on_top_resumed_gained_called: [45960120,com.tencent.mm.ui.LauncherUI,topStateChangedWhenResumed]
12-19 20:35:10.381  7144  7144 I wm_on_top_resumed_lost_called: [45960120,com.tencent.mm.ui.LauncherUI,topStateChangedWhenResumed]
12-19 20:35:10.393  7144  7144 I wm_on_paused_called: [0,45960120,com.tencent.mm.ui.LauncherUI,performPause,9]
12-19 20:35:10.501  3137  4157 D cccccc  : onTaskStackChangedBackground
12-19 20:35:10.503  3137  3646 D cccccc  : onTaskStackChangedBackground
12-19 20:35:10.504  3137  3187 D cccccc  : onTaskStackChangedBackground
12-19 20:35:10.564  3137  3648 I com.miui.home: CheckGCForNative adj_start_bytes: 44555121 NativeAllocationGcWatermark: 11769645 java_gc_start_bytes: 26900654 kNewNativeDiscountFactor: 2 kOldNativeDiscountFactor: 65536 old_native_bytes: 114083553 new_native_bytes: 5035668 add_bytes_allowed: 35308935 is_gc_concurrent: 1 target_footprint_: 27048302 GetBytesAllocated: 17640696 HeapGrowthMultiplier: 3
12-19 20:35:10.564  3137  3648 I com.miui.home: CheckGCForNative gc_urgency 0.452479 current_native_bytes is 119119221
12-19 20:35:10.569  3137  3648 I cccccc  : getTaskSnapshotInstance: 408
12-19 20:35:10.584  7144  7144 I wm_on_create_called: [0,12122390,com.tencent.mm.plugin.account.ui.WelcomeActivity,performCreate,46]
12-19 20:35:10.587  7144  7144 I wm_on_start_called: [0,12122390,com.tencent.mm.plugin.account.ui.WelcomeActivity,handleStartActivity,2]
12-19 20:35:10.594  7144  7144 I wm_on_resume_called: [0,12122390,com.tencent.mm.plugin.account.ui.WelcomeActivity,RESUME_ACTIVITY,6]
12-19 20:35:10.604  7144  7144 I wm_on_top_resumed_gained_called: [12122390,com.tencent.mm.plugin.account.ui.WelcomeActivity,topStateChangedWhenResumed]
12-19 20:35:10.642  3137  3648 I com.miui.home: CheckGCForNative adj_start_bytes: 44555121 NativeAllocationGcWatermark: 11769645 java_gc_start_bytes: 26900654 kNewNativeDiscountFactor: 2 kOldNativeDiscountFactor: 65536 old_native_bytes: 114083553 new_native_bytes: 5269704 add_bytes_allowed: 35308935 is_gc_concurrent: 1 target_footprint_: 27048302 GetBytesAllocated: 18067288 HeapGrowthMultiplier: 3
12-19 20:35:10.642  3137  3648 I com.miui.home: CheckGCForNative gc_urgency 0.46468 current_native_bytes is 119353257
12-19 20:35:10.651  3137  3648 I cccccc  : getTaskSnapshotInstance: 408
12-19 20:35:10.772  7144  7144 I wm_on_stop_called: [0,45960120,com.tencent.mm.ui.LauncherUI,STOP_ACTIVITY_ITEM,9]
12-19 20:35:11.628  3137  3137 I wm_on_restart_called: [0,259069323,com.miui.home.launcher.Launcher,performRestartActivity,0]
12-19 20:35:11.630  3137  3137 I wm_on_start_called: [0,259069323,com.miui.home.launcher.Launcher,handleStartActivity,1]
12-19 20:35:11.687  3137  3187 I com.miui.home: CheckGCForNative adj_start_bytes: 44555121 NativeAllocationGcWatermark: 11769645 java_gc_start_bytes: 26900654 kNewNativeDiscountFactor: 2 kOldNativeDiscountFactor: 65536 old_native_bytes: 114083553 new_native_bytes: 16044584 add_bytes_allowed: 35308935 is_gc_concurrent: 1 target_footprint_: 27048302 GetBytesAllocated: 18821368 HeapGrowthMultiplier: 3
12-19 20:35:11.688  3137  3187 I com.miui.home: CheckGCForNative gc_urgency 0.602521 current_native_bytes is 130128137
12-19 20:35:11.692  3137  3646 I com.miui.home: CheckGCForNative adj_start_bytes: 44555121 NativeAllocationGcWatermark: 11769645 java_gc_start_bytes: 26900654 kNewNativeDiscountFactor: 2 kOldNativeDiscountFactor: 65536 old_native_bytes: 114083553 new_native_bytes: 26798128 add_bytes_allowed: 35308935 is_gc_concurrent: 1 target_footprint_: 27048302 GetBytesAllocated: 18821576 HeapGrowthMultiplier: 3
12-19 20:35:11.692  3137  3646 I com.miui.home: CheckGCForNative gc_urgency 0.723203 current_native_bytes is 140881681
12-19 20:35:11.693  3137  3646 I com.miui.home: CheckGCForNative adj_start_bytes: 44555121 NativeAllocationGcWatermark: 11769645 java_gc_start_bytes: 26900654 kNewNativeDiscountFactor: 2 kOldNativeDiscountFactor: 65536 old_native_bytes: 114083553 new_native_bytes: 37504048 add_bytes_allowed: 35308935 is_gc_concurrent: 1 target_footprint_: 27048302 GetBytesAllocated: 18821784 HeapGrowthMultiplier: 3
12-19 20:35:11.693  3137  3646 I com.miui.home: CheckGCForNative gc_urgency 0.84335 current_native_bytes is 151587601
12-19 20:35:11.705  3137  3137 I cccccc  : getTaskThumbnailInfo: 2460 1.0  10705920
12-19 20:35:11.706  3137  3646 I cccccc  : getTaskThumbnailInfo: 2460 1.0  10705920
12-19 20:35:11.915  3137  3454 I com.miui.home: CheckGCForNative adj_start_bytes: 44555121 NativeAllocationGcWatermark: 11769645 java_gc_start_bytes: 26900654 kNewNativeDiscountFactor: 2 kOldNativeDiscountFactor: 65536 old_native_bytes: 114083553 new_native_bytes: 16116944 add_bytes_allowed: 35308935 is_gc_concurrent: 1 target_footprint_: 27048302 GetBytesAllocated: 19051160 HeapGrowthMultiplier: 3
12-19 20:35:11.915  3137  3454 I com.miui.home: CheckGCForNative gc_urgency 0.608491 current_native_bytes is 130200497
12-19 20:35:11.982  3137  3454 I com.miui.home: CheckGCForNative adj_start_bytes: 44555121 NativeAllocationGcWatermark: 11769645 java_gc_start_bytes: 26900654 kNewNativeDiscountFactor: 2 kOldNativeDiscountFactor: 65536 old_native_bytes: 114083553 new_native_bytes: 16123088 add_bytes_allowed: 35308935 is_gc_concurrent: 1 target_footprint_: 27048302 GetBytesAllocated: 19083928 HeapGrowthMultiplier: 3
12-19 20:35:11.982  3137  3454 I com.miui.home: CheckGCForNative gc_urgency 0.609295 current_native_bytes is 130206641
12-19 20:35:12.251  7144  7144 I wm_on_top_resumed_lost_called: [12122390,com.tencent.mm.plugin.account.ui.WelcomeActivity,topStateChangedWhenResumed]
12-19 20:35:12.264  3137  3137 I wm_on_resume_called: [0,259069323,com.miui.home.launcher.Launcher,RESUME_ACTIVITY,6]
12-19 20:35:12.267  3137  3137 I wm_on_top_resumed_gained_called: [259069323,com.miui.home.launcher.Launcher,topStateChangedWhenResumed]
12-19 20:35:12.267  3137  3137 I wm_on_idle_called: com.miui.home.launcher.Launcher
12-19 20:35:12.280  7144  7144 I wm_on_paused_called: [0,12122390,com.tencent.mm.plugin.account.ui.WelcomeActivity,performPause,12]
12-19 20:35:12.309  7144  7144 I wm_on_stop_called: [0,12122390,com.tencent.mm.plugin.account.ui.WelcomeActivity,STOP_ACTIVITY_ITEM,18]
12-19 20:35:12.341  7144  7144 I wm_on_idle_called: com.tencent.mm.plugin.account.ui.WelcomeActivity
12-19 20:35:12.341  7144  7144 I wm_on_idle_called: com.tencent.mm.ui.LauncherUI
12-19 20:35:12.368  3137  3185 D cccccc  : onTaskStackChangedBackground
12-19 20:35:12.369  3137  3187 D cccccc  : onTaskStackChangedBackground
12-19 20:35:12.369  3137  4157 D cccccc  : onTaskStackChangedBackground
12-19 20:35:12.396  3137  3648 I com.miui.home: CheckGCForNative adj_start_bytes: 44555121 NativeAllocationGcWatermark: 11769645 java_gc_start_bytes: 26900654 kNewNativeDiscountFactor: 2 kOldNativeDiscountFactor: 65536 old_native_bytes: 114083553 new_native_bytes: 16078624 add_bytes_allowed: 35308935 is_gc_concurrent: 1 target_footprint_: 27048302 GetBytesAllocated: 20281320 HeapGrowthMultiplier: 3
12-19 20:35:12.396  3137  3648 I com.miui.home: CheckGCForNative gc_urgency 0.63567 current_native_bytes is 130162177
12-19 20:35:12.414  3137  3648 I cccccc  : getTaskSnapshotInstance: 408
12-19 20:35:12.415  3137  3648 I com.miui.home: CheckGCForNative adj_start_bytes: 44555121 NativeAllocationGcWatermark: 11769645 java_gc_start_bytes: 26900654 kNewNativeDiscountFactor: 2 kOldNativeDiscountFactor: 65536 old_native_bytes: 114083553 new_native_bytes: 27101172 add_bytes_allowed: 35308935 is_gc_concurrent: 1 target_footprint_: 27048302 GetBytesAllocated: 20494312 HeapGrowthMultiplier: 3
12-19 20:35:12.415  3137  3648 I com.miui.home: CheckGCForNative gc_urgency 0.764147 current_native_bytes is 141184725
12-19 20:35:12.416  3137  3648 I cccccc  : getTaskThumbnailInfo: 2460 1.0  10705920
12-19 20:35:12.431  3137  3648 I com.miui.home: CheckGCForNative adj_start_bytes: 44555121 NativeAllocationGcWatermark: 11769645 java_gc_start_bytes: 26900654 kNewNativeDiscountFactor: 2 kOldNativeDiscountFactor: 65536 old_native_bytes: 114083553 new_native_bytes: 16401012 add_bytes_allowed: 35308935 is_gc_concurrent: 1 target_footprint_: 27048302 GetBytesAllocated: 20708008 HeapGrowthMultiplier: 3
12-19 20:35:12.431  3137  3648 I com.miui.home: CheckGCForNative gc_urgency 0.648865 current_native_bytes is 130484565
12-19 20:35:12.601  3137  3137 I wm_on_top_resumed_lost_called: [259069323,com.miui.home.launcher.Launcher,topStateChangedWhenResumed]
12-19 20:35:12.605  3137  3137 I wm_on_paused_called: [0,259069323,com.miui.home.launcher.Launcher,performPause,1]
12-19 20:35:12.613  3137  3185 D cccccc  : onTaskStackChangedBackground
12-19 20:35:12.613  3137  3646 D cccccc  : onTaskStackChangedBackground
12-19 20:35:12.614  3137  3185 D cccccc  : onTaskStackChangedBackground
12-19 20:35:12.615  3137  3646 D cccccc  : onTaskStackChangedBackground
12-19 20:35:12.723  3137  3646 D cccccc  : onTaskStackChangedBackground
12-19 20:35:12.726  3137  3185 D cccccc  : onTaskStackChangedBackground
12-19 20:35:12.727  3137  3646 D cccccc  : onTaskStackChangedBackground
12-19 20:35:12.735  3137  3648 I com.miui.home: CheckGCForNative adj_start_bytes: 44555121 NativeAllocationGcWatermark: 11769645 java_gc_start_bytes: 26900654 kNewNativeDiscountFactor: 2 kOldNativeDiscountFactor: 65536 old_native_bytes: 114083553 new_native_bytes: 16714644 add_bytes_allowed: 35308935 is_gc_concurrent: 1 target_footprint_: 27048302 GetBytesAllocated: 21585192 HeapGrowthMultiplier: 3
12-19 20:35:12.735  3137  3648 I com.miui.home: CheckGCForNative gc_urgency 0.672072 current_native_bytes is 130798197
12-19 20:35:12.871  3137  3648 I cccccc  : getTaskSnapshotInstance: 409
12-19 20:35:12.882  3137  3454 I com.miui.home: CheckGCForNative adj_start_bytes: 44555121 NativeAllocationGcWatermark: 11769645 java_gc_start_bytes: 26900654 kNewNativeDiscountFactor: 2 kOldNativeDiscountFactor: 65536 old_native_bytes: 114083553 new_native_bytes: 17055264 add_bytes_allowed: 35308935 is_gc_concurrent: 1 target_footprint_: 27048302 GetBytesAllocated: 21863784 HeapGrowthMultiplier: 3
12-19 20:35:12.882  3137  3454 I com.miui.home: CheckGCForNative gc_urgency 0.682147 current_native_bytes is 131138817
12-19 20:35:13.038  3137  3648 I com.miui.home: CheckGCForNative adj_start_bytes: 44555121 NativeAllocationGcWatermark: 11769645 java_gc_start_bytes: 26900654 kNewNativeDiscountFactor: 2 kOldNativeDiscountFactor: 65536 old_native_bytes: 114083553 new_native_bytes: 17102048 add_bytes_allowed: 35308935 is_gc_concurrent: 1 target_footprint_: 27048302 GetBytesAllocated: 22241160 HeapGrowthMultiplier: 3
12-19 20:35:13.038  3137  3648 I com.miui.home: CheckGCForNative gc_urgency 0.691142 current_native_bytes is 131185601
12-19 20:35:13.042  3137  3648 I com.miui.home: CheckGCForNative adj_start_bytes: 44555121 NativeAllocationGcWatermark: 11769645 java_gc_start_bytes: 26900654 kNewNativeDiscountFactor: 2 kOldNativeDiscountFactor: 65536 old_native_bytes: 114083553 new_native_bytes: 17158104 add_bytes_allowed: 35308935 is_gc_concurrent: 1 target_footprint_: 27048302 GetBytesAllocated: 22273928 HeapGrowthMultiplier: 3
12-19 20:35:13.042  3137  3648 I com.miui.home: CheckGCForNative gc_urgency 0.692507 current_native_bytes is 131241657
12-19 20:35:13.075  3137  3648 I cccccc  : getTaskSnapshotInstance: 409
12-19 20:35:13.503 13537 13537 I wm_on_application_create_called: [0,com.sina.weibo,293]
12-19 20:35:13.590 13537 13537 I wm_on_create_called: [0,78259314,com.sina.weibo.SplashActivity,performCreate,77]
12-19 20:35:13.595 13537 13537 I wm_on_start_called: [0,78259314,com.sina.weibo.SplashActivity,handleStartActivity,4]
12-19 20:35:13.600 13537 13537 I wm_on_resume_called: [0,78259314,com.sina.weibo.SplashActivity,RESUME_ACTIVITY,5]
12-19 20:35:13.627 13537 13537 I wm_on_top_resumed_gained_called: [78259314,com.sina.weibo.SplashActivity,topStateChangedWhenResumed]
12-19 20:35:14.017 13537 13537 I wm_on_top_resumed_lost_called: [78259314,com.sina.weibo.SplashActivity,topStateChangedWhenResumed]
12-19 20:35:14.045 13537 13537 I wm_on_paused_called: [0,78259314,com.sina.weibo.SplashActivity,performPause,1]
12-19 20:35:14.152  3137  3185 D cccccc  : onTaskStackChangedBackground
12-19 20:35:14.155  3137  4157 D cccccc  : onTaskStackChangedBackground
12-19 20:35:14.157  3137  3185 D cccccc  : onTaskStackChangedBackground
12-19 20:35:14.204 13537 13537 I wm_on_create_called: [0,143812949,com.sina.weibo.VisitorMainTabActivity,performCreate,138]
12-19 20:35:14.206 13537 13537 I wm_on_start_called: [0,143812949,com.sina.weibo.VisitorMainTabActivity,handleStartActivity,1]
12-19 20:35:14.276 13699 13699 I wm_on_application_create_called: [0,com.sina.weibo,407]
12-19 20:35:14.277  3137  3648 I com.miui.home: CheckGCForNative adj_start_bytes: 44555121 NativeAllocationGcWatermark: 11769645 java_gc_start_bytes: 26900654 kNewNativeDiscountFactor: 2 kOldNativeDiscountFactor: 65536 old_native_bytes: 114083553 new_native_bytes: 17389748 add_bytes_allowed: 35308935 is_gc_concurrent: 1 target_footprint_: 27048302 GetBytesAllocated: 22749896 HeapGrowthMultiplier: 3
12-19 20:35:14.278  3137  3648 I com.miui.home: CheckGCForNative gc_urgency 0.705789 current_native_bytes is 131473301
12-19 20:35:14.283  3137  3137 I wm_on_stop_called: [0,259069323,com.miui.home.launcher.Launcher,STOP_ACTIVITY_ITEM,3]
12-19 20:35:14.295  3137  3648 I cccccc  : getTaskSnapshotInstance: 409
12-19 20:35:14.409  3137  3648 I com.miui.home: CheckGCForNative adj_start_bytes: 44555121 NativeAllocationGcWatermark: 11769645 java_gc_start_bytes: 26900654 kNewNativeDiscountFactor: 2 kOldNativeDiscountFactor: 65536 old_native_bytes: 114083553 new_native_bytes: 17762120 add_bytes_allowed: 35308935 is_gc_concurrent: 1 target_footprint_: 27048302 GetBytesAllocated: 23299336 HeapGrowthMultiplier: 3
12-19 20:35:14.409  3137  3648 I com.miui.home: CheckGCForNative gc_urgency 0.722299 current_native_bytes is 131845673
12-19 20:35:14.441 13537 13537 I wm_on_create_called: [0,0,com.sina.weibo.feed.visitor.VisitorHomeActivity,performCreate,176]
12-19 20:35:14.447 13537 13537 I wm_on_start_called: [0,0,com.sina.weibo.feed.visitor.VisitorHomeActivity,handleStartActivity,4]
12-19 20:35:14.521 13537 13537 I wm_on_resume_called: [0,0,com.sina.weibo.feed.visitor.VisitorHomeActivity,moveToState-INITIALIZING,72]
12-19 20:35:14.544  3137  3648 I cccccc  : getTaskSnapshotInstance: 409
12-19 20:35:14.559 13537 13537 I wm_on_resume_called: [0,143812949,com.sina.weibo.VisitorMainTabActivity,LIFECYCLER_RESUME_ACTIVITY,353]
12-19 20:35:14.576 13537 13537 I wm_on_paused_called: [0,0,com.sina.weibo.feed.visitor.VisitorHomeActivity,performPause,2]
12-19 20:35:14.586 13537 13537 I wm_on_paused_called: [0,143812949,com.sina.weibo.VisitorMainTabActivity,performPause,14]
12-19 20:35:14.735 13803 13803 I wm_on_create_called: [0,51906330,com.android.packageinstaller.permission.ui.GrantPermissionsActivity,performCreate,318]
12-19 20:35:14.736 13803 13803 I wm_on_start_called: [0,51906330,com.android.packageinstaller.permission.ui.GrantPermissionsActivity,handleStartActivity,1]
12-19 20:35:14.738 13803 13803 I wm_on_resume_called: [0,51906330,com.android.packageinstaller.permission.ui.GrantPermissionsActivity,RESUME_ACTIVITY,2]
12-19 20:35:14.745 13803 13803 I wm_on_top_resumed_gained_called: [51906330,com.android.packageinstaller.permission.ui.GrantPermissionsActivity,topStateChangedWhenResumed]
12-19 20:35:15.018 13803 13803 I wm_on_idle_called: com.android.packageinstaller.permission.ui.GrantPermissionsActivity
12-19 20:35:15.167  3137  3137 I wm_on_restart_called: [0,259069323,com.miui.home.launcher.Launcher,performRestartActivity,0]
12-19 20:35:15.168  3137  3137 I wm_on_start_called: [0,259069323,com.miui.home.launcher.Launcher,handleStartActivity,1]
12-19 20:35:15.483  3137  3454 I com.miui.home: CheckGCForNative adj_start_bytes: 44555121 NativeAllocationGcWatermark: 11769645 java_gc_start_bytes: 26900654 kNewNativeDiscountFactor: 2 kOldNativeDiscountFactor: 65536 old_native_bytes: 114083553 new_native_bytes: 18226644 add_bytes_allowed: 35308935 is_gc_concurrent: 1 target_footprint_: 27048302 GetBytesAllocated: 24127224 HeapGrowthMultiplier: 3
12-19 20:35:15.483  3137  3454 I com.miui.home: CheckGCForNative gc_urgency 0.746094 current_native_bytes is 132310197
12-19 20:35:15.838 13803 13803 I wm_on_top_resumed_lost_called: [51906330,com.android.packageinstaller.permission.ui.GrantPermissionsActivity,topStateChangedWhenResumed]
12-19 20:35:15.853  3137  3137 I wm_on_resume_called: [0,259069323,com.miui.home.launcher.Launcher,RESUME_ACTIVITY,4]
12-19 20:35:15.855  3137  3137 I wm_on_idle_called: com.miui.home.launcher.Launcher
12-19 20:35:15.882 13803 13803 I wm_on_paused_called: [0,51906330,com.android.packageinstaller.permission.ui.GrantPermissionsActivity,performPause,0]
12-19 20:35:15.884  3137  3137 I wm_on_top_resumed_gained_called: [259069323,com.miui.home.launcher.Launcher,topStateChangedWhenResumed]
12-19 20:35:15.949 13803 13803 I wm_on_stop_called: [0,51906330,com.android.packageinstaller.permission.ui.GrantPermissionsActivity,STOP_ACTIVITY_ITEM,7]
12-19 20:35:15.954 13803 13803 I wm_on_destroy_called: [0,51906330,com.android.packageinstaller.permission.ui.GrantPermissionsActivity,performDestroy,1]
12-19 20:35:15.961  3137  3426 I com.miui.home: CheckGCForNative adj_start_bytes: 44555121 NativeAllocationGcWatermark: 11769645 java_gc_start_bytes: 26900654 kNewNativeDiscountFactor: 2 kOldNativeDiscountFactor: 65536 old_native_bytes: 114083553 new_native_bytes: 18208436 add_bytes_allowed: 35308935 is_gc_concurrent: 1 target_footprint_: 27048302 GetBytesAllocated: 25258488 HeapGrowthMultiplier: 3
12-19 20:35:15.976  3137  3426 I com.miui.home: CheckGCForNative gc_urgency 0.771647 current_native_bytes is 132291989
12-19 20:35:16.023  3137  4157 D cccccc  : onTaskStackChangedBackground
12-19 20:35:16.024  3137  3185 D cccccc  : onTaskStackChangedBackground
12-19 20:35:16.024  3137  4157 D cccccc  : onTaskStackChangedBackground
12-19 20:35:16.075  3137  3648 I com.miui.home: CheckGCForNative adj_start_bytes: 44555121 NativeAllocationGcWatermark: 11769645 java_gc_start_bytes: 26900654 kNewNativeDiscountFactor: 2 kOldNativeDiscountFactor: 65536 old_native_bytes: 114083553 new_native_bytes: 18314348 add_bytes_allowed: 35308935 is_gc_concurrent: 1 target_footprint_: 27048302 GetBytesAllocated: 25586760 HeapGrowthMultiplier: 3
12-19 20:35:16.075  3137  3648 I com.miui.home: CheckGCForNative gc_urgency 0.779836 current_native_bytes is 132397901
12-19 20:35:16.083  3137  3648 I com.miui.home: CheckGCForNative adj_start_bytes: 44555121 NativeAllocationGcWatermark: 11769645 java_gc_start_bytes: 26900654 kNewNativeDiscountFactor: 2 kOldNativeDiscountFactor: 65536 old_native_bytes: 114083553 new_native_bytes: 18442408 add_bytes_allowed: 35308935 is_gc_concurrent: 1 target_footprint_: 27048302 GetBytesAllocated: 25668680 HeapGrowthMultiplier: 3
12-19 20:35:16.083  3137  3648 I com.miui.home: CheckGCForNative gc_urgency 0.783111 current_native_bytes is 132525961
12-19 20:35:16.085  3137  3648 I cccccc  : getTaskSnapshotInstance: 409
12-19 20:35:16.119  3137  3648 I com.miui.home: CheckGCForNative adj_start_bytes: 44555121 NativeAllocationGcWatermark: 11769645 java_gc_start_bytes: 26900654 kNewNativeDiscountFactor: 2 kOldNativeDiscountFactor: 65536 old_native_bytes: 114083553 new_native_bytes: 18829340 add_bytes_allowed: 35308935 is_gc_concurrent: 1 target_footprint_: 27048302 GetBytesAllocated: 26078824 HeapGrowthMultiplier: 3
12-19 20:35:16.119  3137  3648 I com.miui.home: CheckGCForNative gc_urgency 0.796659 current_native_bytes is 132912893
12-19 20:35:16.122  3137  3648 I cccccc  : getTaskSnapshotInstance: 409
12-19 20:35:16.418 13537 13537 I wm_on_stop_called: [0,0,com.sina.weibo.feed.visitor.VisitorHomeActivity,moveToState-STARTED,19]
12-19 20:35:16.418 13537 13537 I wm_on_stop_called: [0,143812949,com.sina.weibo.VisitorMainTabActivity,STOP_ACTIVITY_ITEM,22]
12-19 20:35:16.431 13537 13537 I wm_on_stop_called: [0,78259314,com.sina.weibo.SplashActivity,LIFECYCLER_STOP_ACTIVITY,10]
12-19 20:35:16.432 13537 13537 I wm_on_destroy_called: [0,78259314,com.sina.weibo.SplashActivity,performDestroy,1]
12-19 20:35:16.529  3137  3137 I wm_on_top_resumed_lost_called: [259069323,com.miui.home.launcher.Launcher,topStateChangedWhenResumed]
12-19 20:35:16.571  3137  3137 I wm_on_paused_called: [0,259069323,com.miui.home.launcher.Launcher,performPause,2]
12-19 20:35:16.626  3137  3187 D cccccc  : onTaskStackChangedBackground
12-19 20:35:16.627  3137  3187 D cccccc  : onTaskStackChangedBackground
12-19 20:35:16.639  3137  3492 D cccccc  : onTaskStackChangedBackground
12-19 20:35:16.639  3137  3492 D cccccc  : onTaskStackChangedBackground
12-19 20:35:16.722 13537 13537 I wm_on_idle_called: com.sina.weibo.VisitorMainTabActivity
12-19 20:35:16.817  3137  3646 D cccccc  : onTaskStackChangedBackground
12-19 20:35:16.817  3137  3492 D cccccc  : onTaskStackChangedBackground
12-19 20:35:16.819  3137  3648 I com.miui.home: CheckGCForNative adj_start_bytes: 44555121 NativeAllocationGcWatermark: 11769645 java_gc_start_bytes: 26900654 kNewNativeDiscountFactor: 2 kOldNativeDiscountFactor: 65536 old_native_bytes: 114083553 new_native_bytes: 19009288 add_bytes_allowed: 35308935 is_gc_concurrent: 1 target_footprint_: 27048302 GetBytesAllocated: 27054456 HeapGrowthMultiplier: 3
12-19 20:35:16.820  3137  3648 I com.miui.home: CheckGCForNative gc_urgency 0.820575 current_native_bytes is 133092841
12-19 20:35:16.903  3137  3185 D cccccc  : onTaskStackChangedBackground
12-19 20:35:17.003  3137  3648 I com.miui.home: CheckGCForNative gc_urgency 0 current_native_bytes is 127139033
12-19 20:35:17.032  3137  3648 I cccccc  : getTaskSnapshotInstance: 410
12-19 20:35:17.033  3137  3648 I cccccc  : getTaskSnapshotInstance: 409
12-19 20:35:17.074  3137  3648 I com.miui.home: CheckGCForNative adj_start_bytes: 44489777 NativeAllocationGcWatermark: 11769645 java_gc_start_bytes: 26835310 kNewNativeDiscountFactor: 2 kOldNativeDiscountFactor: 65536 old_native_bytes: 127139033 new_native_bytes: 1145216 add_bytes_allowed: 35308935 is_gc_concurrent: 1 target_footprint_: 27048302 GetBytesAllocated: 14629080 HeapGrowthMultiplier: 3
12-19 20:35:17.074  3137  3648 I com.miui.home: CheckGCForNative gc_urgency 0.341733 current_native_bytes is 128284249
12-19 20:35:17.102  3137  3648 I cccccc  : getTaskSnapshotInstance: 410
12-19 20:35:17.103  3137  3648 I cccccc  : getTaskSnapshotInstance: 409
12-19 20:35:17.480 14103 14103 I wm_on_application_create_called: [0,com.UCMobile,245]
12-19 20:35:17.732 14103 14103 I wm_on_create_called: [0,201056095,com.UCMobile.main.UCMobile,performCreate,238]
12-19 20:35:17.885  3137  3185 D cccccc  : onTaskStackChangedBackground
12-19 20:35:17.887  3137  3492 D cccccc  : onTaskStackChangedBackground
12-19 20:35:17.891  3137  3185 D cccccc  : onTaskStackChangedBackground
12-19 20:35:17.895 14103 14103 I wm_on_create_called: [0,106578994,com.uc.browser.InnerUCMobile,performCreate,77]
12-19 20:35:17.907 14103 14103 I wm_on_start_called: [0,106578994,com.uc.browser.InnerUCMobile,handleStartActivity,12]
12-19 20:35:17.914  3137  3648 I com.miui.home: CheckGCForNative adj_start_bytes: 44489777 NativeAllocationGcWatermark: 11769645 java_gc_start_bytes: 26835310 kNewNativeDiscountFactor: 2 kOldNativeDiscountFactor: 65536 old_native_bytes: 127139033 new_native_bytes: 1851540 add_bytes_allowed: 35308935 is_gc_concurrent: 1 target_footprint_: 27048302 GetBytesAllocated: 15105112 HeapGrowthMultiplier: 3
12-19 20:35:17.915  3137  3648 I com.miui.home: CheckGCForNative gc_urgency 0.360371 current_native_bytes is 128990573
12-19 20:35:17.924 14103 14103 I wm_on_resume_called: [0,106578994,com.uc.browser.InnerUCMobile,RESUME_ACTIVITY,16]
12-19 20:35:17.944  3137  3648 I cccccc  : getTaskSnapshotInstance: 410
12-19 20:35:17.947  3137  3648 I cccccc  : getTaskSnapshotInstance: 409
12-19 20:35:17.967  3137  3648 I com.miui.home: CheckGCForNative adj_start_bytes: 44489777 NativeAllocationGcWatermark: 11769645 java_gc_start_bytes: 26835310 kNewNativeDiscountFactor: 2 kOldNativeDiscountFactor: 65536 old_native_bytes: 127139033 new_native_bytes: 2071176 add_bytes_allowed: 35308935 is_gc_concurrent: 1 target_footprint_: 27048302 GetBytesAllocated: 15531672 HeapGrowthMultiplier: 3
12-19 20:35:17.968  3137  3648 I com.miui.home: CheckGCForNative gc_urgency 0.372427 current_native_bytes is 129210209
12-19 20:35:17.998  3137  3648 I cccccc  : getTaskSnapshotInstance: 410
12-19 20:35:18.000 14103 14103 I wm_on_top_resumed_gained_called: [106578994,com.uc.browser.InnerUCMobile,topStateChangedWhenResumed]
12-19 20:35:18.001  3137  3648 I cccccc  : getTaskSnapshotInstance: 409
12-19 20:35:18.484  3137  3137 I wm_on_stop_called: [0,259069323,com.miui.home.launcher.Launcher,STOP_ACTIVITY_ITEM,3]
12-19 20:35:18.607  3137  3137 I wm_on_restart_called: [0,259069323,com.miui.home.launcher.Launcher,performRestartActivity,0]
12-19 20:35:18.608  3137  3137 I wm_on_start_called: [0,259069323,com.miui.home.launcher.Launcher,handleStartActivity,1]
12-19 20:35:18.711  3137  3646 I com.miui.home: CheckGCForNative adj_start_bytes: 44489777 NativeAllocationGcWatermark: 11769645 java_gc_start_bytes: 26835310 kNewNativeDiscountFactor: 2 kOldNativeDiscountFactor: 65536 old_native_bytes: 127139033 new_native_bytes: 13246680 add_bytes_allowed: 35308935 is_gc_concurrent: 1 target_footprint_: 27048302 GetBytesAllocated: 16654632 HeapGrowthMultiplier: 3
12-19 20:35:18.711  3137  3646 I com.miui.home: CheckGCForNative gc_urgency 0.523264 current_native_bytes is 140385713
12-19 20:35:18.712  3137  3646 I com.miui.home: CheckGCForNative adj_start_bytes: 44489777 NativeAllocationGcWatermark: 11769645 java_gc_start_bytes: 26835310 kNewNativeDiscountFactor: 2 kOldNativeDiscountFactor: 65536 old_native_bytes: 127139033 new_native_bytes: 23952600 add_bytes_allowed: 35308935 is_gc_concurrent: 1 target_footprint_: 27048302 GetBytesAllocated: 16654840 HeapGrowthMultiplier: 3
12-19 20:35:18.718  3137  3646 I com.miui.home: CheckGCForNative gc_urgency 0.643956 current_native_bytes is 151091633
12-19 20:35:18.718  3137  3646 I cccccc  : getTaskThumbnailInfo: 2460 1.0  10705920
12-19 20:35:18.748  3137  3454 I com.miui.home: CheckGCForNative adj_start_bytes: 44489777 NativeAllocationGcWatermark: 11769645 java_gc_start_bytes: 26835310 kNewNativeDiscountFactor: 2 kOldNativeDiscountFactor: 65536 old_native_bytes: 127139033 new_native_bytes: 13247192 add_bytes_allowed: 35308935 is_gc_concurrent: 1 target_footprint_: 27048302 GetBytesAllocated: 16703992 HeapGrowthMultiplier: 3
12-19 20:35:18.748  3137  3454 I com.miui.home: CheckGCForNative gc_urgency 0.52438 current_native_bytes is 140386225
12-19 20:35:18.780  3137  3646 I com.miui.home: CheckGCForNative adj_start_bytes: 44489777 NativeAllocationGcWatermark: 11769645 java_gc_start_bytes: 26835310 kNewNativeDiscountFactor: 2 kOldNativeDiscountFactor: 65536 old_native_bytes: 127139033 new_native_bytes: 23987240 add_bytes_allowed: 35308935 is_gc_concurrent: 1 target_footprint_: 27048302 GetBytesAllocated: 16835176 HeapGrowthMultiplier: 3
12-19 20:35:18.781  3137  3646 I com.miui.home: CheckGCForNative gc_urgency 0.648031 current_native_bytes is 151126273
12-19 20:35:18.802  3137  3137 I cccccc  : getTaskThumbnailInfo: 2460 1.0  10705920
12-19 20:35:18.848  3137  3454 I com.miui.home: CheckGCForNative adj_start_bytes: 44489777 NativeAllocationGcWatermark: 11769645 java_gc_start_bytes: 26835310 kNewNativeDiscountFactor: 2 kOldNativeDiscountFactor: 65536 old_native_bytes: 127139033 new_native_bytes: 13397300 add_bytes_allowed: 35308935 is_gc_concurrent: 1 target_footprint_: 27048302 GetBytesAllocated: 16917288 HeapGrowthMultiplier: 3
12-19 20:35:18.848  3137  3454 I com.miui.home: CheckGCForNative gc_urgency 0.530861 current_native_bytes is 140536333
12-19 20:35:19.092  3137  3454 I com.miui.home: CheckGCForNative adj_start_bytes: 44489777 NativeAllocationGcWatermark: 11769645 java_gc_start_bytes: 26835310 kNewNativeDiscountFactor: 2 kOldNativeDiscountFactor: 65536 old_native_bytes: 127139033 new_native_bytes: 13375220 add_bytes_allowed: 35308935 is_gc_concurrent: 1 target_footprint_: 27048302 GetBytesAllocated: 17048360 HeapGrowthMultiplier: 3
12-19 20:35:19.092  3137  3454 I com.miui.home: CheckGCForNative gc_urgency 0.533559 current_native_bytes is 140514253
12-19 20:35:19.254  3137  3137 I wm_on_resume_called: [0,259069323,com.miui.home.launcher.Launcher,RESUME_ACTIVITY,5]
12-19 20:35:19.256  3137  3137 I wm_on_idle_called: com.miui.home.launcher.Launcher
12-19 20:35:19.346 14103 14103 I wm_on_destroy_called: [0,201056095,com.UCMobile.main.UCMobile,performDestroy,133]
12-19 20:35:19.446  3137  3185 D cccccc  : onTaskStackChangedBackground
12-19 20:35:19.447  3137  3492 D cccccc  : onTaskStackChangedBackground
12-19 20:35:19.459  3137  3646 D cccccc  : onTaskStackChangedBackground
12-19 20:35:19.529  3137  3648 I com.miui.home: CheckGCForNative adj_start_bytes: 44489777 NativeAllocationGcWatermark: 11769645 java_gc_start_bytes: 26835310 kNewNativeDiscountFactor: 2 kOldNativeDiscountFactor: 65536 old_native_bytes: 127139033 new_native_bytes: 13672952 add_bytes_allowed: 35308935 is_gc_concurrent: 1 target_footprint_: 27048302 GetBytesAllocated: 18606824 HeapGrowthMultiplier: 3
12-19 20:35:19.529  3137  3648 I com.miui.home: CheckGCForNative gc_urgency 0.571935 current_native_bytes is 140811985
12-19 20:35:19.547  3137  3648 I cccccc  : getTaskSnapshotInstance: 410
12-19 20:35:19.578  3137  7785 I com.miui.home: CheckGCForNative adj_start_bytes: 44489777 NativeAllocationGcWatermark: 11769645 java_gc_start_bytes: 26835310 kNewNativeDiscountFactor: 2 kOldNativeDiscountFactor: 65536 old_native_bytes: 127139033 new_native_bytes: 13919884 add_bytes_allowed: 35308935 is_gc_concurrent: 1 target_footprint_: 27048302 GetBytesAllocated: 18836200 HeapGrowthMultiplier: 3
12-19 20:35:19.578  3137  7785 I com.miui.home: CheckGCForNative gc_urgency 0.579865 current_native_bytes is 141058917
12-19 20:35:19.589  3137  3648 I com.miui.home: CheckGCForNative adj_start_bytes: 44489777 NativeAllocationGcWatermark: 11769645 java_gc_start_bytes: 26835310 kNewNativeDiscountFactor: 2 kOldNativeDiscountFactor: 65536 old_native_bytes: 127139033 new_native_bytes: 24625292 add_bytes_allowed: 35308935 is_gc_concurrent: 1 target_footprint_: 27048302 GetBytesAllocated: 18836200 HeapGrowthMultiplier: 3
12-19 20:35:19.589  3137  3648 I com.miui.home: CheckGCForNative gc_urgency 0.700179 current_native_bytes is 151764325
12-19 20:35:19.590  3137  3648 I cccccc  : getTaskThumbnailInfo: 2460 1.0  10705920
12-19 20:35:19.590  3137  3648 I cccccc  : getTaskSnapshotInstance: 409
12-19 20:35:19.606  3137  3137 I wm_on_paused_called: [0,259069323,com.miui.home.launcher.Launcher,performPause,1]
12-19 20:35:19.620  3137  3646 D cccccc  : onTaskStackChangedBackground
12-19 20:35:19.621  3137  3646 D cccccc  : onTaskStackChangedBackground
12-19 20:35:19.631  3137  3492 D cccccc  : onTaskStackChangedBackground
12-19 20:35:19.655  3137  3492 D cccccc  : onTaskStackChangedBackground
12-19 20:35:19.677  3137  7785 I com.miui.home: CheckGCForNative adj_start_bytes: 44489777 NativeAllocationGcWatermark: 11769645 java_gc_start_bytes: 26835310 kNewNativeDiscountFactor: 2 kOldNativeDiscountFactor: 65536 old_native_bytes: 127139033 new_native_bytes: 13958172 add_bytes_allowed: 35308935 is_gc_concurrent: 1 target_footprint_: 27048302 GetBytesAllocated: 19065992 HeapGrowthMultiplier: 3
12-19 20:35:19.677  3137  7785 I com.miui.home: CheckGCForNative gc_urgency 0.585829 current_native_bytes is 141097205
12-19 20:35:19.794  3137  7785 I com.miui.home: CheckGCForNative adj_start_bytes: 44489777 NativeAllocationGcWatermark: 11769645 java_gc_start_bytes: 26835310 kNewNativeDiscountFactor: 2 kOldNativeDiscountFactor: 65536 old_native_bytes: 127139033 new_native_bytes: 14211992 add_bytes_allowed: 35308935 is_gc_concurrent: 1 target_footprint_: 27048302 GetBytesAllocated: 19598968 HeapGrowthMultiplier: 3
12-19 20:35:19.794  3137  7785 I com.miui.home: CheckGCForNative gc_urgency 0.600293 current_native_bytes is 141351025
12-19 20:35:19.803  3137  3492 D cccccc  : onTaskStackChangedBackground
12-19 20:35:19.806  3137  3646 D cccccc  : onTaskStackChangedBackground
12-19 20:35:19.807  3137  3492 D cccccc  : onTaskStackChangedBackground
12-19 20:35:19.967  3137  3648 I com.miui.home: CheckGCForNative adj_start_bytes: 44489777 NativeAllocationGcWatermark: 11769645 java_gc_start_bytes: 26835310 kNewNativeDiscountFactor: 2 kOldNativeDiscountFactor: 65536 old_native_bytes: 127139033 new_native_bytes: 14235600 add_bytes_allowed: 35308935 is_gc_concurrent: 1 target_footprint_: 27048302 GetBytesAllocated: 20042008 HeapGrowthMultiplier: 3
12-19 20:35:19.967  3137  3648 I com.miui.home: CheckGCForNative gc_urgency 0.610517 current_native_bytes is 141374633
12-19 20:35:20.022  3137  3648 I cccccc  : getTaskSnapshotInstance: 411
12-19 20:35:20.031  3137  3648 I cccccc  : getTaskSnapshotInstance: 409
12-19 20:35:20.526 14514 14514 I wm_on_create_called: [0,182524824,com.tencent.mtt.SplashActivity,performCreate,104]
12-19 20:35:20.599 14514 14514 I wm_on_create_called: [0,119373089,com.tencent.mtt.MainActivity,performCreate,27]
12-19 20:35:20.603 14514 14514 I wm_on_start_called: [0,119373089,com.tencent.mtt.MainActivity,handleStartActivity,3]
12-19 20:35:20.653  3137  3492 D cccccc  : onTaskStackChangedBackground
12-19 20:35:20.662  3137  3646 D cccccc  : onTaskStackChangedBackground
12-19 20:35:20.663  3137  3492 D cccccc  : onTaskStackChangedBackground
12-19 20:35:20.756  3137  3648 I com.miui.home: CheckGCForNative adj_start_bytes: 44489777 NativeAllocationGcWatermark: 11769645 java_gc_start_bytes: 26835310 kNewNativeDiscountFactor: 2 kOldNativeDiscountFactor: 65536 old_native_bytes: 127139033 new_native_bytes: 14401860 add_bytes_allowed: 35308935 is_gc_concurrent: 1 target_footprint_: 27048302 GetBytesAllocated: 20551032 HeapGrowthMultiplier: 3
12-19 20:35:20.756  3137  3648 I com.miui.home: CheckGCForNative gc_urgency 0.623826 current_native_bytes is 141540893
12-19 20:35:20.794  3137  3648 I cccccc  : getTaskSnapshotInstance: 411
12-19 20:35:20.795  3137  3648 I cccccc  : getTaskSnapshotInstance: 409
12-19 20:35:20.860  3137  3648 I com.miui.home: CheckGCForNative adj_start_bytes: 44489777 NativeAllocationGcWatermark: 11769645 java_gc_start_bytes: 26835310 kNewNativeDiscountFactor: 2 kOldNativeDiscountFactor: 65536 old_native_bytes: 127139033 new_native_bytes: 14806392 add_bytes_allowed: 35308935 is_gc_concurrent: 1 target_footprint_: 27048302 GetBytesAllocated: 20977624 HeapGrowthMultiplier: 3
12-19 20:35:20.860  3137  3648 I com.miui.home: CheckGCForNative gc_urgency 0.637961 current_native_bytes is 141945425
12-19 20:35:20.883  3137  3648 I cccccc  : getTaskSnapshotInstance: 411
12-19 20:35:20.884  3137  3648 I cccccc  : getTaskSnapshotInstance: 409
12-19 20:35:21.428  3137  3137 I wm_on_stop_called: [0,259069323,com.miui.home.launcher.Launcher,STOP_ACTIVITY_ITEM,3]
12-19 20:35:21.607 14514 14514 I wm_on_destroy_called: [0,182524824,com.tencent.mtt.SplashActivity,performDestroy,13]
12-19 20:35:21.652 14514 14514 I wm_on_idle_called: com.tencent.mtt.MainActivity
12-19 20:35:21.864  3137  3137 I wm_on_restart_called: [0,259069323,com.miui.home.launcher.Launcher,performRestartActivity,0]
12-19 20:35:21.865  3137  3137 I wm_on_start_called: [0,259069323,com.miui.home.launcher.Launcher,handleStartActivity,1]
12-19 20:35:21.950  3137  3646 I com.miui.home: CheckGCForNative adj_start_bytes: 44489777 NativeAllocationGcWatermark: 11769645 java_gc_start_bytes: 26835310 kNewNativeDiscountFactor: 2 kOldNativeDiscountFactor: 65536 old_native_bytes: 127139033 new_native_bytes: 25871412 add_bytes_allowed: 35308935 is_gc_concurrent: 1 target_footprint_: 27048302 GetBytesAllocated: 21969720 HeapGrowthMultiplier: 3
12-19 20:35:21.950  3137  3646 I com.miui.home: CheckGCForNative gc_urgency 0.784615 current_native_bytes is 153010445
12-19 20:35:21.952  3137  3646 I com.miui.home: CheckGCForNative adj_start_bytes: 44489777 NativeAllocationGcWatermark: 11769645 java_gc_start_bytes: 26835310 kNewNativeDiscountFactor: 2 kOldNativeDiscountFactor: 65536 old_native_bytes: 127139033 new_native_bytes: 36577332 add_bytes_allowed: 35308935 is_gc_concurrent: 1 target_footprint_: 27048302 GetBytesAllocated: 21986296 HeapGrowthMultiplier: 3
12-19 20:35:21.952  3137  3646 I com.miui.home: CheckGCForNative gc_urgency 0.905307 current_native_bytes is 163716365
12-19 20:35:21.953  3137  3646 I cccccc  : getTaskThumbnailInfo: 2460 1.0  10705920
12-19 20:35:22.001  3137  3646 I com.miui.home: CheckGCForNative adj_start_bytes: 44489777 NativeAllocationGcWatermark: 11769645 java_gc_start_bytes: 26835310 kNewNativeDiscountFactor: 2 kOldNativeDiscountFactor: 65536 old_native_bytes: 127139033 new_native_bytes: 36572276 add_bytes_allowed: 35308935 is_gc_concurrent: 1 target_footprint_: 27048302 GetBytesAllocated: 22035448 HeapGrowthMultiplier: 3
12-19 20:35:22.001  3137  3646 I com.miui.home: CheckGCForNative gc_urgency 0.906723 current_native_bytes is 163711309
12-19 20:35:22.003  3137  3137 I cccccc  : getTaskThumbnailInfo: 2460 1.0  10705920
12-19 20:35:22.059  3137  3454 I com.miui.home: CheckGCForNative adj_start_bytes: 44489777 NativeAllocationGcWatermark: 11769645 java_gc_start_bytes: 26835310 kNewNativeDiscountFactor: 2 kOldNativeDiscountFactor: 65536 old_native_bytes: 127139033 new_native_bytes: 25887316 add_bytes_allowed: 35308935 is_gc_concurrent: 1 target_footprint_: 27048302 GetBytesAllocated: 22101176 HeapGrowthMultiplier: 3
12-19 20:35:22.059  3137  3454 I com.miui.home: CheckGCForNative gc_urgency 0.787749 current_native_bytes is 153026349
12-19 20:35:22.103  3137  3454 I com.miui.home: CheckGCForNative adj_start_bytes: 44489777 NativeAllocationGcWatermark: 11769645 java_gc_start_bytes: 26835310 kNewNativeDiscountFactor: 2 kOldNativeDiscountFactor: 65536 old_native_bytes: 127139033 new_native_bytes: 25892692 add_bytes_allowed: 35308935 is_gc_concurrent: 1 target_footprint_: 27048302 GetBytesAllocated: 22117560 HeapGrowthMultiplier: 3
12-19 20:35:22.103  3137  3454 I com.miui.home: CheckGCForNative gc_urgency 0.788178 current_native_bytes is 153031725
12-19 20:35:22.403  3137  3454 I com.miui.home: CheckGCForNative adj_start_bytes: 44489777 NativeAllocationGcWatermark: 11769645 java_gc_start_bytes: 26835310 kNewNativeDiscountFactor: 2 kOldNativeDiscountFactor: 65536 old_native_bytes: 127139033 new_native_bytes: 25905428 add_bytes_allowed: 35308935 is_gc_concurrent: 1 target_footprint_: 27048302 GetBytesAllocated: 22265016 HeapGrowthMultiplier: 3
12-19 20:35:22.404  3137  3454 I com.miui.home: CheckGCForNative gc_urgency 0.791635 current_native_bytes is 153044461
12-19 20:35:22.501 14514 14514 I wm_on_top_resumed_lost_called: [119373089,com.tencent.mtt.MainActivity,topStateChangedWhenResumed]
12-19 20:35:22.522  3137  3137 I wm_on_resume_called: [0,259069323,com.miui.home.launcher.Launcher,RESUME_ACTIVITY,8]
12-19 20:35:22.524  3137  3137 I wm_on_idle_called: com.miui.home.launcher.Launcher
12-19 20:35:22.546  3137  3137 I wm_on_top_resumed_gained_called: [259069323,com.miui.home.launcher.Launcher,topStateChangedWhenResumed]
12-19 20:35:22.549 14514 14514 I wm_on_paused_called: [0,119373089,com.tencent.mtt.MainActivity,performPause,4]
12-19 20:35:22.648  3137  3646 D cccccc  : onTaskStackChangedBackground
12-19 20:35:22.656  3137  3492 D cccccc  : onTaskStackChangedBackground
12-19 20:35:22.657  3137  3492 D cccccc  : onTaskStackChangedBackground
12-19 20:35:22.722  3137  3137 I wm_on_top_resumed_lost_called: [259069323,com.miui.home.launcher.Launcher,topStateChangedWhenResumed]
12-19 20:35:22.734  3137  3137 I wm_on_paused_called: [0,259069323,com.miui.home.launcher.Launcher,performPause,2]
12-19 20:35:22.760  3137  3646 D cccccc  : onTaskStackChangedBackground
12-19 20:35:22.761  3137  3767 D cccccc  : onTaskStackChangedBackground
12-19 20:35:22.765  3137  3646 D cccccc  : onTaskStackChangedBackground
12-19 20:35:22.770  3137  3767 D cccccc  : onTaskStackChangedBackground
12-19 20:35:22.815  3137  3648 I com.miui.home: CheckGCForNative adj_start_bytes: 44489777 NativeAllocationGcWatermark: 11769645 java_gc_start_bytes: 26835310 kNewNativeDiscountFactor: 2 kOldNativeDiscountFactor: 65536 old_native_bytes: 127139033 new_native_bytes: 26163464 add_bytes_allowed: 35308935 is_gc_concurrent: 1 target_footprint_: 27048302 GetBytesAllocated: 23884568 HeapGrowthMultiplier: 3
12-19 20:35:22.815  3137  3648 I com.miui.home: CheckGCForNative gc_urgency 0.830938 current_native_bytes is 153302497
12-19 20:35:22.843  3137  3767 D cccccc  : onTaskStackChangedBackground
12-19 20:35:22.844  3137  3646 D cccccc  : onTaskStackChangedBackground
12-19 20:35:22.845  3137  3492 D cccccc  : onTaskStackChangedBackground
12-19 20:35:22.945  3137  3648 I com.miui.home: CheckGCForNative adj_start_bytes: 44489777 NativeAllocationGcWatermark: 11769645 java_gc_start_bytes: 26835310 kNewNativeDiscountFactor: 2 kOldNativeDiscountFactor: 65536 old_native_bytes: 127139033 new_native_bytes: 26594804 add_bytes_allowed: 35308935 is_gc_concurrent: 1 target_footprint_: 27048302 GetBytesAllocated: 24548856 HeapGrowthMultiplier: 3
12-19 20:35:22.945  3137  3648 I com.miui.home: CheckGCForNative gc_urgency 0.850717 current_native_bytes is 153733837
12-19 20:35:22.960  3137  3648 I cccccc  : getTaskSnapshotInstance: 412
12-19 20:35:22.964 14514 14514 I wm_on_stop_called: [0,119373089,com.tencent.mtt.MainActivity,STOP_ACTIVITY_ITEM,368]
12-19 20:35:23.021  3137  3648 I cccccc  : getTaskSnapshotInstance: 411
12-19 20:35:23.024  3137  3648 I com.miui.home: CheckGCForNative adj_start_bytes: 44489777 NativeAllocationGcWatermark: 11769645 java_gc_start_bytes: 26835310 kNewNativeDiscountFactor: 2 kOldNativeDiscountFactor: 65536 old_native_bytes: 127139033 new_native_bytes: 37550888 add_bytes_allowed: 35308935 is_gc_concurrent: 1 target_footprint_: 27048302 GetBytesAllocated: 24745464 HeapGrowthMultiplier: 3
12-19 20:35:23.024  3137  3648 I com.miui.home: CheckGCForNative gc_urgency 0.978266 current_native_bytes is 164689921
12-19 20:35:23.025  3137  3648 I cccccc  : getTaskThumbnailInfo: 2460 1.0  10705920
12-19 20:35:23.076  3137  3648 I com.miui.home: CheckGCForNative adj_start_bytes: 44489777 NativeAllocationGcWatermark: 11769645 java_gc_start_bytes: 26835310 kNewNativeDiscountFactor: 2 kOldNativeDiscountFactor: 65536 old_native_bytes: 127139033 new_native_bytes: 26936680 add_bytes_allowed: 35308935 is_gc_concurrent: 1 target_footprint_: 27048302 GetBytesAllocated: 24959288 HeapGrowthMultiplier: 3
12-19 20:35:23.076  3137  3648 I com.miui.home: CheckGCForNative gc_urgency 0.863784 current_native_bytes is 154075713
12-19 20:35:23.092  3137  3454 I com.miui.home: CheckGCForNative adj_start_bytes: 44489777 NativeAllocationGcWatermark: 11769645 java_gc_start_bytes: 26835310 kNewNativeDiscountFactor: 2 kOldNativeDiscountFactor: 65536 old_native_bytes: 127139033 new_native_bytes: 27132264 add_bytes_allowed: 35308935 is_gc_concurrent: 1 target_footprint_: 27048302 GetBytesAllocated: 25041208 HeapGrowthMultiplier: 3
12-19 20:35:23.092  3137  3454 I com.miui.home: CheckGCForNative gc_urgency 0.867824 current_native_bytes is 154271297
12-19 20:35:23.132  3137  3648 I cccccc  : getTaskSnapshotInstance: 412
12-19 20:35:23.603 14926 14926 I wm_on_application_create_called: [0,com.youku.phone,305]
12-19 20:35:23.966 14926 14926 I wm_on_create_called: [0,88842527,com.youku.phone.ActivityWelcome,performCreate,284]
12-19 20:35:24.160  3137  3492 D cccccc  : onTaskStackChangedBackground
12-19 20:35:24.161  3137  3185 D cccccc  : onTaskStackChangedBackground
12-19 20:35:24.163  3137  3646 D cccccc  : onTaskStackChangedBackground
12-19 20:35:24.212  3137  3648 I com.miui.home: CheckGCForNative adj_start_bytes: 44489777 NativeAllocationGcWatermark: 11769645 java_gc_start_bytes: 26835310 kNewNativeDiscountFactor: 2 kOldNativeDiscountFactor: 65536 old_native_bytes: 127139033 new_native_bytes: 27189596 add_bytes_allowed: 35308935 is_gc_concurrent: 1 target_footprint_: 27048302 GetBytesAllocated: 25484472 HeapGrowthMultiplier: 3
12-19 20:35:24.212  3137  3648 I com.miui.home: CheckGCForNative gc_urgency 0.878431 current_native_bytes is 154328629
12-19 20:35:24.251  3137  3648 I cccccc  : getTaskSnapshotInstance: 412
12-19 20:35:24.301  3137  3648 I com.miui.home: CheckGCForNative adj_start_bytes: 44489777 NativeAllocationGcWatermark: 11769645 java_gc_start_bytes: 26835310 kNewNativeDiscountFactor: 2 kOldNativeDiscountFactor: 65536 old_native_bytes: 127139033 new_native_bytes: 27502896 add_bytes_allowed: 35308935 is_gc_concurrent: 1 target_footprint_: 27048302 GetBytesAllocated: 25927496 HeapGrowthMultiplier: 3
12-19 20:35:24.301  3137  3648 I com.miui.home: CheckGCForNative gc_urgency 0.89191 current_native_bytes is 154641929
12-19 20:35:24.317 14926 14926 I wm_on_create_called: [0,206039124,com.youku.v2.HomePageEntry,performCreate,215]
12-19 20:35:24.408 14926 14926 I wm_on_start_called: [0,206039124,com.youku.v2.HomePageEntry,handleStartActivity,89]
12-19 20:35:24.462 14926 14926 I wm_on_resume_called: [0,206039124,com.youku.v2.HomePageEntry,RESUME_ACTIVITY,54]
12-19 20:35:24.473 14926 14926 I wm_on_top_resumed_gained_called: [206039124,com.youku.v2.HomePageEntry,topStateChangedWhenResumed]
12-19 20:35:24.794  3137  3362 I com.miui.home: CheckGCForNative adj_start_bytes: 44489777 NativeAllocationGcWatermark: 11769645 java_gc_start_bytes: 26835310 kNewNativeDiscountFactor: 2 kOldNativeDiscountFactor: 65536 old_native_bytes: 127139033 new_native_bytes: 27782068 add_bytes_allowed: 35308935 is_gc_concurrent: 1 target_footprint_: 27048302 GetBytesAllocated: 26255496 HeapGrowthMultiplier: 3
12-19 20:35:24.794  3137  3362 I com.miui.home: CheckGCForNative gc_urgency 0.90242 current_native_bytes is 154921101
12-19 20:35:25.061  3137  3646 I com.miui.home: CheckGCForNative adj_start_bytes: 44489777 NativeAllocationGcWatermark: 11769645 java_gc_start_bytes: 26835310 kNewNativeDiscountFactor: 2 kOldNativeDiscountFactor: 65536 old_native_bytes: 127139033 new_native_bytes: 38635560 add_bytes_allowed: 35308935 is_gc_concurrent: 1 target_footprint_: 27048302 GetBytesAllocated: 26063512 HeapGrowthMultiplier: 3
12-19 20:35:25.061  3137  3646 I com.miui.home: CheckGCForNative gc_urgency 1.02008 current_native_bytes is 165774593
12-19 20:35:25.061  3137  3646 I com.miui.home: CheckGCForNative requested 1
12-19 20:35:25.061  3137  3646 I com.miui.home: CheckGCForNative adj_start_bytes: 44489777 NativeAllocationGcWatermark: 11769645 java_gc_start_bytes: 26835310 kNewNativeDiscountFactor: 2 kOldNativeDiscountFactor: 65536 old_native_bytes: 127139033 new_native_bytes: 49341480 add_bytes_allowed: 35308935 is_gc_concurrent: 1 target_footprint_: 27048302 GetBytesAllocated: 26063704 HeapGrowthMultiplier: 3
12-19 20:35:25.061  3137  3646 I com.miui.home: CheckGCForNative gc_urgency 1.14041 current_native_bytes is 176480513
12-19 20:35:25.061  3137  3646 I com.miui.home: CheckGCForNative requested 1
12-19 20:35:25.061  3137  3646 I cccccc  : getTaskThumbnailInfo: 2460 1.0  10705920
12-19 20:35:25.089  3137 15222 I com.miui.home: CheckGCForNative gc_urgency 0.435662 current_native_bytes is 175767813
12-19 20:35:25.089  3137  3137 I cccccc  : getTaskThumbnailInfo: 2460 1.0  10705920
12-19 20:35:25.420  3137  3454 I com.miui.home: CheckGCForNative gc_urgency 0 current_native_bytes is 158357429
12-19 20:35:25.617  3137  3137 I wm_on_resume_called: [0,259069323,com.miui.home.launcher.Launcher,RESUME_ACTIVITY,26]
12-19 20:35:25.622  3137  7785 I com.miui.home: CheckGCForNative adj_start_bytes: 44522289 NativeAllocationGcWatermark: 11769645 java_gc_start_bytes: 26867822 kNewNativeDiscountFactor: 2 kOldNativeDiscountFactor: 65536 old_native_bytes: 158357429 new_native_bytes: 73152 add_bytes_allowed: 35308935 is_gc_concurrent: 1 target_footprint_: 27048302 GetBytesAllocated: 14807624 HeapGrowthMultiplier: 3
12-19 20:35:25.622  3137  7785 I com.miui.home: CheckGCForNative gc_urgency 0.333465 current_native_bytes is 158430581
12-19 20:35:25.640  3137  3137 I wm_on_idle_called: com.miui.home.launcher.Launcher
12-19 20:35:25.825  3137  3492 D cccccc  : onTaskStackChangedBackground
12-19 20:35:25.826  3137 15222 D cccccc  : onTaskStackChangedBackground
