12-19 20:34:29.859  3137  3137 I com.miui.home: CheckGCForNative adj_start_bytes: 41765131 NativeAllocationGcWatermark: 11474217 java_gc_start_bytes: 24553806 kNewNativeDiscountFactor: 2 kOldNativeDiscountFactor: 65536 old_native_bytes: 63034981 new_native_bytes: 208616 add_bytes_allowed: 34422651 is_gc_concurrent: 1 target_footprint_: 24684878 GetBytesAllocated: 12719704 HeapGrowthMultiplier: 3
12-19 20:34:29.859  3137  3137 I com.miui.home: CheckGCForNative gc_urgency 0.307074 current_native_bytes is 63243597
12-19 20:34:29.998  3137  3137 I wm_on_top_resumed_lost_called: [259069323,com.miui.home.launcher.Launcher,topStateChangedWhenResumed]
12-19 20:34:30.013  3137  3137 I wm_on_paused_called: [0,259069323,com.miui.home.launcher.Launcher,performPause,2]
12-19 20:34:30.015  3137  3767 D cccccc  : onTaskStackChangedBackground
12-19 20:34:30.020  3137  4157 D cccccc  : onTaskStackChangedBackground
12-19 20:34:30.022  3137  4157 D cccccc  : onTaskStackChangedBackground
12-19 20:34:30.023  3137  3767 D cccccc  : onTaskStackChangedBackground
12-19 20:34:30.135  3137  3767 D cccccc  : onTaskStackChangedBackground
12-19 20:34:30.139  3137  3767 D cccccc  : onTaskStackChangedBackground
12-19 20:34:30.139  3137  3187 D cccccc  : onTaskStackChangedBackground
12-19 20:34:30.188  3137  3648 I com.miui.home: CheckGCForNative adj_start_bytes: 41765131 NativeAllocationGcWatermark: 11474217 java_gc_start_bytes: 24553806 kNewNativeDiscountFactor: 2 kOldNativeDiscountFactor: 65536 old_native_bytes: 63034981 new_native_bytes: 1862828 add_bytes_allowed: 34422651 is_gc_concurrent: 1 target_footprint_: 24684878 GetBytesAllocated: 13532056 HeapGrowthMultiplier: 3
12-19 20:34:30.188  3137  3648 I com.miui.home: CheckGCForNative gc_urgency 0.346328 current_native_bytes is 64897809
12-19 20:34:30.323  3137  3648 I com.miui.home: CheckGCForNative adj_start_bytes: 41765131 NativeAllocationGcWatermark: 11474217 java_gc_start_bytes: 24553806 kNewNativeDiscountFactor: 2 kOldNativeDiscountFactor: 65536 old_native_bytes: 63034981 new_native_bytes: 2772460 add_bytes_allowed: 34422651 is_gc_concurrent: 1 target_footprint_: 24684878 GetBytesAllocated: 13696152 HeapGrowthMultiplier: 3
12-19 20:34:30.323  3137  3648 I com.miui.home: CheckGCForNative gc_urgency 0.361147 current_native_bytes is 65807441
12-19 20:34:30.327  3137  3648 I com.miui.home: CheckGCForNative adj_start_bytes: 41765131 NativeAllocationGcWatermark: 11474217 java_gc_start_bytes: 24553806 kNewNativeDiscountFactor: 2 kOldNativeDiscountFactor: 65536 old_native_bytes: 63034981 new_native_bytes: 3156812 add_bytes_allowed: 34422651 is_gc_concurrent: 1 target_footprint_: 24684878 GetBytesAllocated: 13696152 HeapGrowthMultiplier: 3
12-19 20:34:30.327  3137  3648 I com.miui.home: CheckGCForNative gc_urgency 0.365748 current_native_bytes is 66191793
12-19 20:34:30.327  3137  3648 I com.miui.home: CheckGCForNative adj_start_bytes: 41765131 NativeAllocationGcWatermark: 11474217 java_gc_start_bytes: 24553806 kNewNativeDiscountFactor: 2 kOldNativeDiscountFactor: 65536 old_native_bytes: 63034981 new_native_bytes: 3161292 add_bytes_allowed: 34422651 is_gc_concurrent: 1 target_footprint_: 24684878 GetBytesAllocated: 13696152 HeapGrowthMultiplier: 3
12-19 20:34:30.327  3137  3648 I com.miui.home: CheckGCForNative gc_urgency 0.365802 current_native_bytes is 66196273
12-19 20:34:30.394  3137  3648 I com.miui.home: CheckGCForNative adj_start_bytes: 41765131 NativeAllocationGcWatermark: 11474217 java_gc_start_bytes: 24553806 kNewNativeDiscountFactor: 2 kOldNativeDiscountFactor: 65536 old_native_bytes: 63034981 new_native_bytes: 4538340 add_bytes_allowed: 34422651 is_gc_concurrent: 1 target_footprint_: 24684878 GetBytesAllocated: 13827640 HeapGrowthMultiplier: 3
12-19 20:34:30.394  3137  3648 I com.miui.home: CheckGCForNative gc_urgency 0.385436 current_native_bytes is 67573321
12-19 20:34:30.398  3137  3648 I com.miui.home: CheckGCForNative adj_start_bytes: 41765131 NativeAllocationGcWatermark: 11474217 java_gc_start_bytes: 24553806 kNewNativeDiscountFactor: 2 kOldNativeDiscountFactor: 65536 old_native_bytes: 63034981 new_native_bytes: 4942052 add_bytes_allowed: 34422651 is_gc_concurrent: 1 target_footprint_: 24684878 GetBytesAllocated: 13827640 HeapGrowthMultiplier: 3
12-19 20:34:30.398  3137  3648 I com.miui.home: CheckGCForNative gc_urgency 0.390269 current_native_bytes is 67977033
12-19 20:34:30.411  3137  3648 I com.miui.home: CheckGCForNative adj_start_bytes: 41765131 NativeAllocationGcWatermark: 11474217 java_gc_start_bytes: 24553806 kNewNativeDiscountFactor: 2 kOldNativeDiscountFactor: 65536 old_native_bytes: 63034981 new_native_bytes: 5705060 add_bytes_allowed: 34422651 is_gc_concurrent: 1 target_footprint_: 24684878 GetBytesAllocated: 13860600 HeapGrowthMultiplier: 3
12-19 20:34:30.412  3137  3648 I com.miui.home: CheckGCForNative gc_urgency 0.400192 current_native_bytes is 68740041
12-19 20:34:30.414  3137  3648 I com.miui.home: CheckGCForNative adj_start_bytes: 41765131 NativeAllocationGcWatermark: 11474217 java_gc_start_bytes: 24553806 kNewNativeDiscountFactor: 2 kOldNativeDiscountFactor: 65536 old_native_bytes: 63034981 new_native_bytes: 6165412 add_bytes_allowed: 34422651 is_gc_concurrent: 1 target_footprint_: 24684878 GetBytesAllocated: 13860600 HeapGrowthMultiplier: 3
12-19 20:34:30.414  3137  3648 I com.miui.home: CheckGCForNative gc_urgency 0.405704 current_native_bytes is 69200393
12-19 20:34:30.438  3137  3648 I com.miui.home: CheckGCForNative adj_start_bytes: 41765131 NativeAllocationGcWatermark: 11474217 java_gc_start_bytes: 24553806 kNewNativeDiscountFactor: 2 kOldNativeDiscountFactor: 65536 old_native_bytes: 63034981 new_native_bytes: 7181188 add_bytes_allowed: 34422651 is_gc_concurrent: 1 target_footprint_: 24684878 GetBytesAllocated: 13893432 HeapGrowthMultiplier: 3
12-19 20:34:30.438  3137  3648 I com.miui.home: CheckGCForNative gc_urgency 0.41865 current_native_bytes is 70216169
12-19 20:34:30.475  3137  3648 I com.miui.home: CheckGCForNative adj_start_bytes: 41765131 NativeAllocationGcWatermark: 11474217 java_gc_start_bytes: 24553806 kNewNativeDiscountFactor: 2 kOldNativeDiscountFactor: 65536 old_native_bytes: 63034981 new_native_bytes: 8209140 add_bytes_allowed: 34422651 is_gc_concurrent: 1 target_footprint_: 24684878 GetBytesAllocated: 13959224 HeapGrowthMultiplier: 3
12-19 20:34:30.475  3137  3648 I com.miui.home: CheckGCForNative gc_urgency 0.432532 current_native_bytes is 71244121
12-19 20:34:30.480  3137  3648 I com.miui.home: CheckGCForNative adj_start_bytes: 41765131 NativeAllocationGcWatermark: 11474217 java_gc_start_bytes: 24553806 kNewNativeDiscountFactor: 2 kOldNativeDiscountFactor: 65536 old_native_bytes: 63034981 new_native_bytes: 8898804 add_bytes_allowed: 34422651 is_gc_concurrent: 1 target_footprint_: 24684878 GetBytesAllocated: 13959224 HeapGrowthMultiplier: 3
12-19 20:34:30.480  3137  3648 I com.miui.home: CheckGCForNative gc_urgency 0.440788 current_native_bytes is 71933785
12-19 20:34:30.513  3137  3648 I com.miui.home: CheckGCForNative adj_start_bytes: 41765131 NativeAllocationGcWatermark: 11474217 java_gc_start_bytes: 24553806 kNewNativeDiscountFactor: 2 kOldNativeDiscountFactor: 65536 old_native_bytes: 63034981 new_native_bytes: 9357580 add_bytes_allowed: 34422651 is_gc_concurrent: 1 target_footprint_: 24684878 GetBytesAllocated: 14008552 HeapGrowthMultiplier: 3
12-19 20:34:30.514  3137  3648 I com.miui.home: CheckGCForNative gc_urgency 0.447462 current_native_bytes is 72392561
12-19 20:34:30.516  3137  3648 I com.miui.home: CheckGCForNative adj_start_bytes: 41765131 NativeAllocationGcWatermark: 11474217 java_gc_start_bytes: 24553806 kNewNativeDiscountFactor: 2 kOldNativeDiscountFactor: 65536 old_native_bytes: 63034981 new_native_bytes: 9754124 add_bytes_allowed: 34422651 is_gc_concurrent: 1 target_footprint_: 24684878 GetBytesAllocated: 14008552 HeapGrowthMultiplier: 3
12-19 20:34:30.516  3137  3648 I com.miui.home: CheckGCForNative gc_urgency 0.452209 current_native_bytes is 72789105
12-19 20:34:30.533  3137  3648 I com.miui.home: CheckGCForNative adj_start_bytes: 41765131 NativeAllocationGcWatermark: 11474217 java_gc_start_bytes: 24553806 kNewNativeDiscountFactor: 2 kOldNativeDiscountFactor: 65536 old_native_bytes: 63034981 new_native_bytes: 10291564 add_bytes_allowed: 34422651 is_gc_concurrent: 1 target_footprint_: 24684878 GetBytesAllocated: 14041512 HeapGrowthMultiplier: 3
12-19 20:34:30.533  3137  3648 I com.miui.home: CheckGCForNative gc_urgency 0.459432 current_native_bytes is 73326545
12-19 20:34:30.545  3137  3648 I com.miui.home: CheckGCForNative adj_start_bytes: 41765131 NativeAllocationGcWatermark: 11474217 java_gc_start_bytes: 24553806 kNewNativeDiscountFactor: 2 kOldNativeDiscountFactor: 65536 old_native_bytes: 63034981 new_native_bytes: 10812684 add_bytes_allowed: 34422651 is_gc_concurrent: 1 target_footprint_: 24684878 GetBytesAllocated: 14074472 HeapGrowthMultiplier: 3
12-19 20:34:30.545  3137  3648 I com.miui.home: CheckGCForNative gc_urgency 0.46646 current_native_bytes is 73847665
12-19 20:34:30.548  3137  3648 I com.miui.home: CheckGCForNative adj_start_bytes: 41765131 NativeAllocationGcWatermark: 11474217 java_gc_start_bytes: 24553806 kNewNativeDiscountFactor: 2 kOldNativeDiscountFactor: 65536 old_native_bytes: 63034981 new_native_bytes: 11209004 add_bytes_allowed: 34422651 is_gc_concurrent: 1 target_footprint_: 24684878 GetBytesAllocated: 14074472 HeapGrowthMultiplier: 3
12-19 20:34:30.548  3137  3648 I com.miui.home: CheckGCForNative gc_urgency 0.471205 current_native_bytes is 74243985
12-19 20:34:30.603  3137  3648 I com.miui.home: CheckGCForNative adj_start_bytes: 41765131 NativeAllocationGcWatermark: 11474217 java_gc_start_bytes: 24553806 kNewNativeDiscountFactor: 2 kOldNativeDiscountFactor: 65536 old_native_bytes: 63034981 new_native_bytes: 12022636 add_bytes_allowed: 34422651 is_gc_concurrent: 1 target_footprint_: 24684878 GetBytesAllocated: 14107304 HeapGrowthMultiplier: 3
12-19 20:34:30.603  3137  3648 I com.miui.home: CheckGCForNative gc_urgency 0.481732 current_native_bytes is 75057617
12-19 20:34:30.607  3137  3648 I com.miui.home: CheckGCForNative adj_start_bytes: 41765131 NativeAllocationGcWatermark: 11474217 java_gc_start_bytes: 24553806 kNewNativeDiscountFactor: 2 kOldNativeDiscountFactor: 65536 old_native_bytes: 63034981 new_native_bytes: 12085316 add_bytes_allowed: 34422651 is_gc_concurrent: 1 target_footprint_: 24684878 GetBytesAllocated: 14108376 HeapGrowthMultiplier: 3
12-19 20:34:30.607  3137  3648 I com.miui.home: CheckGCForNative gc_urgency 0.482508 current_native_bytes is 75120297
12-19 20:34:30.696  3137  3648 I com.miui.home: CheckGCForNative adj_start_bytes: 41765131 NativeAllocationGcWatermark: 11474217 java_gc_start_bytes: 24553806 kNewNativeDiscountFactor: 2 kOldNativeDiscountFactor: 65536 old_native_bytes: 63034981 new_native_bytes: 12775760 add_bytes_allowed: 34422651 is_gc_concurrent: 1 target_footprint_: 24684878 GetBytesAllocated: 14485400 HeapGrowthMultiplier: 3
12-19 20:34:30.696  3137  3648 I com.miui.home: CheckGCForNative gc_urgency 0.499801 current_native_bytes is 75810741
12-19 20:34:30.703  3137  3648 I cccccc  : getTaskSnapshotInstance: 398
12-19 20:34:30.708  3137  3648 I cccccc  : getTaskSnapshotInstance: 397
12-19 20:34:30.862  3137  3648 I com.miui.home: CheckGCForNative adj_start_bytes: 41765131 NativeAllocationGcWatermark: 11474217 java_gc_start_bytes: 24553806 kNewNativeDiscountFactor: 2 kOldNativeDiscountFactor: 65536 old_native_bytes: 63034981 new_native_bytes: 23619140 add_bytes_allowed: 34422651 is_gc_concurrent: 1 target_footprint_: 24684878 GetBytesAllocated: 14534552 HeapGrowthMultiplier: 3
12-19 20:34:30.862  3137  3648 I com.miui.home: CheckGCForNative gc_urgency 0.630791 current_native_bytes is 86654121
12-19 20:34:30.864  3137  3648 I com.miui.home: CheckGCForNative adj_start_bytes: 41765131 NativeAllocationGcWatermark: 11474217 java_gc_start_bytes: 24553806 kNewNativeDiscountFactor: 2 kOldNativeDiscountFactor: 65536 old_native_bytes: 63034981 new_native_bytes: 34325380 add_bytes_allowed: 34422651 is_gc_concurrent: 1 target_footprint_: 24684878 GetBytesAllocated: 14534760 HeapGrowthMultiplier: 3
12-19 20:34:30.864  3137  3648 I com.miui.home: CheckGCForNative gc_urgency 0.758968 current_native_bytes is 97360361
12-19 20:34:30.865  3137  3648 I cccccc  : getTaskThumbnailInfo: 2460 1.0  10705920
12-19 20:34:30.865  3137  3648 I cccccc  : getTaskSnapshotInstance: 396
12-19 20:34:30.919  3137  3648 I com.miui.home: CheckGCForNative adj_start_bytes: 41765131 NativeAllocationGcWatermark: 11474217 java_gc_start_bytes: 24553806 kNewNativeDiscountFactor: 2 kOldNativeDiscountFactor: 65536 old_native_bytes: 63034981 new_native_bytes: 34326212 add_bytes_allowed: 34422651 is_gc_concurrent: 1 target_footprint_: 24684878 GetBytesAllocated: 14534760 HeapGrowthMultiplier: 3
12-19 20:34:30.919  3137  3648 I com.miui.home: CheckGCForNative gc_urgency 0.758978 current_native_bytes is 97361193
12-19 20:34:30.920  3137  3648 I com.miui.home: CheckGCForNative adj_start_bytes: 41765131 NativeAllocationGcWatermark: 11474217 java_gc_start_bytes: 24553806 kNewNativeDiscountFactor: 2 kOldNativeDiscountFactor: 65536 old_native_bytes: 63034981 new_native_bytes: 45032964 add_bytes_allowed: 34422651 is_gc_concurrent: 1 target_footprint_: 24684878 GetBytesAllocated: 14551352 HeapGrowthMultiplier: 3
12-19 20:34:30.920  3137  3648 I com.miui.home: CheckGCForNative gc_urgency 0.887554 current_native_bytes is 108067945
12-19 20:34:30.921  3137  3648 I cccccc  : getTaskThumbnailInfo: 2460 1.0  10705920
12-19 20:34:31.071  7452  7452 I wm_on_application_create_called: [0,com.autonavi.minimap,313]
12-19 20:34:31.201  7362  7362 I wm_on_application_create_called: [0,com.autonavi.minimap,776]
12-19 20:34:31.359  7362  7362 I wm_on_create_called: [0,13911258,com.autonavi.map.activity.SplashActivity,performCreate,145]
12-19 20:34:31.466  3137  3185 I com.miui.home: CheckGCForNative adj_start_bytes: 41765131 NativeAllocationGcWatermark: 11474217 java_gc_start_bytes: 24553806 kNewNativeDiscountFactor: 2 kOldNativeDiscountFactor: 65536 old_native_bytes: 63034981 new_native_bytes: 45236440 add_bytes_allowed: 34422651 is_gc_concurrent: 1 target_footprint_: 24684878 GetBytesAllocated: 14879416 HeapGrowthMultiplier: 3
12-19 20:34:31.466  3137  3185 I com.miui.home: CheckGCForNative gc_urgency 0.897845 current_native_bytes is 108271421
12-19 20:34:31.469  3137  3185 I com.miui.home: CheckGCForNative adj_start_bytes: 41765131 NativeAllocationGcWatermark: 11474217 java_gc_start_bytes: 24553806 kNewNativeDiscountFactor: 2 kOldNativeDiscountFactor: 65536 old_native_bytes: 63034981 new_native_bytes: 55943896 add_bytes_allowed: 34422651 is_gc_concurrent: 1 target_footprint_: 24684878 GetBytesAllocated: 14895992 HeapGrowthMultiplier: 3
12-19 20:34:31.472  3137  3185 I com.miui.home: CheckGCForNative gc_urgency 1.02643 current_native_bytes is 118978877
12-19 20:34:31.473  3137  3185 I com.miui.home: CheckGCForNative requested 1
12-19 20:34:31.473  3137  3185 I cccccc  : getTaskThumbnailInfo: 2460 1.0  10705920
12-19 20:34:31.475  3137  4157 I com.miui.home: CheckGCForNative adj_start_bytes: 41765131 NativeAllocationGcWatermark: 11474217 java_gc_start_bytes: 24553806 kNewNativeDiscountFactor: 2 kOldNativeDiscountFactor: 65536 old_native_bytes: 63034981 new_native_bytes: 66649816 add_bytes_allowed: 34422651 is_gc_concurrent: 1 target_footprint_: 24684878 GetBytesAllocated: 14895992 HeapGrowthMultiplier: 3
12-19 20:34:31.476  3137  4157 I com.miui.home: CheckGCForNative gc_urgency 1.15499 current_native_bytes is 129684797
12-19 20:34:31.477  3137  4157 I com.miui.home: CheckGCForNative requested 1
12-19 20:34:31.478  3137  3137 I cccccc  : getTaskThumbnailInfo: 2460 1.0  10705920
12-19 20:34:31.621  3137  3185 D cccccc  : onTaskStackChangedBackground
12-19 20:34:31.626  3137  3185 D cccccc  : onTaskStackChangedBackground
12-19 20:34:31.629  3137  3168 I com.miui.home: NativeAlloc concurrent copying GC freed 39122(2144KB) AllocSpace objects, 3(124KB) LOS objects, 49% free, 12MB/24MB, paused 131us,800us total 155.029ms
12-19 20:34:31.629  3137  4157 D cccccc  : onTaskStackChangedBackground
12-19 20:34:31.699  7362  7362 I wm_on_create_called: [0,122217994,com.autonavi.map.activity.NewMapActivity,performCreate,163]
12-19 20:34:31.708  7362  7362 I wm_on_start_called: [0,122217994,com.autonavi.map.activity.NewMapActivity,handleStartActivity,7]
12-19 20:34:31.713  7362  7362 I wm_on_resume_called: [0,122217994,com.autonavi.map.activity.NewMapActivity,RESUME_ACTIVITY,3]
12-19 20:34:31.713  3137  3454 I com.miui.home: CheckGCForNative gc_urgency 0 current_native_bytes is 102173301
12-19 20:34:31.763  7362  7362 I wm_on_top_resumed_gained_called: [122217994,com.autonavi.map.activity.NewMapActivity,topStateChangedWhenResumed]
12-19 20:34:31.831  3137  3648 I com.miui.home: CheckGCForNative adj_start_bytes: 42713968 NativeAllocationGcWatermark: 11581025 java_gc_start_bytes: 25342431 kNewNativeDiscountFactor: 2 kOldNativeDiscountFactor: 65536 old_native_bytes: 102173301 new_native_bytes: 2541064 add_bytes_allowed: 34743075 is_gc_concurrent: 1 target_footprint_: 25539343 GetBytesAllocated: 13261672 HeapGrowthMultiplier: 3
12-19 20:34:31.831  3137  3648 I com.miui.home: CheckGCForNative gc_urgency 0.340258 current_native_bytes is 104714365
12-19 20:34:31.879  3137  3648 I com.miui.home: CheckGCForNative adj_start_bytes: 42713968 NativeAllocationGcWatermark: 11581025 java_gc_start_bytes: 25342431 kNewNativeDiscountFactor: 2 kOldNativeDiscountFactor: 65536 old_native_bytes: 102173301 new_native_bytes: 3005152 add_bytes_allowed: 34743075 is_gc_concurrent: 1 target_footprint_: 25539343 GetBytesAllocated: 13442456 HeapGrowthMultiplier: 3
12-19 20:34:31.879  3137  3648 I com.miui.home: CheckGCForNative gc_urgency 0.349923 current_native_bytes is 105178453
12-19 20:34:31.906  3137  3648 I cccccc  : getTaskSnapshotInstance: 398
12-19 20:34:31.907  3137  3648 I com.miui.home: CheckGCForNative adj_start_bytes: 42713968 NativeAllocationGcWatermark: 11581025 java_gc_start_bytes: 25342431 kNewNativeDiscountFactor: 2 kOldNativeDiscountFactor: 65536 old_native_bytes: 102173301 new_native_bytes: 13964100 add_bytes_allowed: 34743075 is_gc_concurrent: 1 target_footprint_: 25539343 GetBytesAllocated: 13557224 HeapGrowthMultiplier: 3
12-19 20:34:31.907  3137  3648 I com.miui.home: CheckGCForNative gc_urgency 0.480893 current_native_bytes is 116137401
12-19 20:34:31.907  3137  3648 I cccccc  : getTaskThumbnailInfo: 2460 1.0  10705920
12-19 20:34:31.947  3137  3454 I com.miui.home: CheckGCForNative adj_start_bytes: 42713968 NativeAllocationGcWatermark: 11581025 java_gc_start_bytes: 25342431 kNewNativeDiscountFactor: 2 kOldNativeDiscountFactor: 65536 old_native_bytes: 102173301 new_native_bytes: 3507364 add_bytes_allowed: 34743075 is_gc_concurrent: 1 target_footprint_: 25539343 GetBytesAllocated: 13786888 HeapGrowthMultiplier: 3
12-19 20:34:31.947  3137  3454 I com.miui.home: CheckGCForNative gc_urgency 0.363865 current_native_bytes is 105680665
12-19 20:34:31.949  3137  3648 I com.miui.home: CheckGCForNative adj_start_bytes: 42713968 NativeAllocationGcWatermark: 11581025 java_gc_start_bytes: 25342431 kNewNativeDiscountFactor: 2 kOldNativeDiscountFactor: 65536 old_native_bytes: 102173301 new_native_bytes: 3508388 add_bytes_allowed: 34743075 is_gc_concurrent: 1 target_footprint_: 25539343 GetBytesAllocated: 13803272 HeapGrowthMultiplier: 3
12-19 20:34:31.949  3137  3648 I com.miui.home: CheckGCForNative gc_urgency 0.364261 current_native_bytes is 105681689
12-19 20:34:32.160  3137  7785 I com.miui.home: CheckGCForNative adj_start_bytes: 42713968 NativeAllocationGcWatermark: 11581025 java_gc_start_bytes: 25342431 kNewNativeDiscountFactor: 2 kOldNativeDiscountFactor: 65536 old_native_bytes: 102173301 new_native_bytes: 4160472 add_bytes_allowed: 34743075 is_gc_concurrent: 1 target_footprint_: 25539343 GetBytesAllocated: 14295288 HeapGrowthMultiplier: 3
12-19 20:34:32.161  3137  7785 I com.miui.home: CheckGCForNative gc_urgency 0.383413 current_native_bytes is 106333773
12-19 20:34:32.193  3137  3185 D cccccc  : onTaskStackChangedBackground
12-19 20:34:32.194  3137  4157 D cccccc  : onTaskStackChangedBackground
12-19 20:34:32.194  3137  3767 D cccccc  : onTaskStackChangedBackground
12-19 20:34:32.274  3137  3648 I com.miui.home: CheckGCForNative adj_start_bytes: 42713968 NativeAllocationGcWatermark: 11581025 java_gc_start_bytes: 25342431 kNewNativeDiscountFactor: 2 kOldNativeDiscountFactor: 65536 old_native_bytes: 102173301 new_native_bytes: 4395096 add_bytes_allowed: 34743075 is_gc_concurrent: 1 target_footprint_: 25539343 GetBytesAllocated: 14655832 HeapGrowthMultiplier: 3
12-19 20:34:32.274  3137  3648 I com.miui.home: CheckGCForNative gc_urgency 0.3946 current_native_bytes is 106568397
12-19 20:34:32.282  3137  3648 I cccccc  : getTaskSnapshotInstance: 398
12-19 20:34:32.283  3137  3648 I com.miui.home: CheckGCForNative adj_start_bytes: 42713968 NativeAllocationGcWatermark: 11581025 java_gc_start_bytes: 25342431 kNewNativeDiscountFactor: 2 kOldNativeDiscountFactor: 65536 old_native_bytes: 102173301 new_native_bytes: 15117260 add_bytes_allowed: 34743075 is_gc_concurrent: 1 target_footprint_: 25539343 GetBytesAllocated: 14688600 HeapGrowthMultiplier: 3
12-19 20:34:32.283  3137  3648 I com.miui.home: CheckGCForNative gc_urgency 0.520878 current_native_bytes is 117290561
12-19 20:34:32.283  3137  3648 I cccccc  : getTaskThumbnailInfo: 2460 1.0  10705920
12-19 20:34:32.388  3137  3648 I com.miui.home: CheckGCForNative adj_start_bytes: 42713968 NativeAllocationGcWatermark: 11581025 java_gc_start_bytes: 25342431 kNewNativeDiscountFactor: 2 kOldNativeDiscountFactor: 65536 old_native_bytes: 102173301 new_native_bytes: 4617484 add_bytes_allowed: 34743075 is_gc_concurrent: 1 target_footprint_: 25539343 GetBytesAllocated: 15016584 HeapGrowthMultiplier: 3
12-19 20:34:32.388  3137  3648 I com.miui.home: CheckGCForNative gc_urgency 0.405649 current_native_bytes is 106790785
12-19 20:34:32.582  3137  4157 I com.miui.home: CheckGCForNative adj_start_bytes: 42713968 NativeAllocationGcWatermark: 11581025 java_gc_start_bytes: 25342431 kNewNativeDiscountFactor: 2 kOldNativeDiscountFactor: 65536 old_native_bytes: 102173301 new_native_bytes: 4769132 add_bytes_allowed: 34743075 is_gc_concurrent: 1 target_footprint_: 25539343 GetBytesAllocated: 15426216 HeapGrowthMultiplier: 3
12-19 20:34:32.582  3137  4157 I com.miui.home: CheckGCForNative gc_urgency 0.417014 current_native_bytes is 106942433
12-19 20:34:32.596  3137  3767 D cccccc  : onTaskStackChangedBackground
12-19 20:34:32.596  3137  3185 D cccccc  : onTaskStackChangedBackground
12-19 20:34:32.597  3137  3767 D cccccc  : onTaskStackChangedBackground
12-19 20:34:32.599  3137  3185 D cccccc  : onTaskStackChangedBackground
12-19 20:34:32.634  7362  7362 I wm_on_top_resumed_lost_called: [122217994,com.autonavi.map.activity.NewMapActivity,topStateChangedWhenResumed]
12-19 20:34:32.650  7362  7362 I wm_on_paused_called: [0,122217994,com.autonavi.map.activity.NewMapActivity,performPause,14]
12-19 20:34:32.681  3137  3185 D cccccc  : onTaskStackChangedBackground
12-19 20:34:32.684  3137  3648 I com.miui.home: CheckGCForNative adj_start_bytes: 42713968 NativeAllocationGcWatermark: 11581025 java_gc_start_bytes: 25342431 kNewNativeDiscountFactor: 2 kOldNativeDiscountFactor: 65536 old_native_bytes: 102173301 new_native_bytes: 4965220 add_bytes_allowed: 34743075 is_gc_concurrent: 1 target_footprint_: 25539343 GetBytesAllocated: 15803272 HeapGrowthMultiplier: 3
12-19 20:34:32.684  3137  3648 I com.miui.home: CheckGCForNative gc_urgency 0.428137 current_native_bytes is 107138521
12-19 20:34:32.697  3137  3185 D cccccc  : onTaskStackChangedBackground
12-19 20:34:32.697  3137  4157 D cccccc  : onTaskStackChangedBackground
12-19 20:34:32.725  3137  3648 I cccccc  : getTaskSnapshotInstance: 399
12-19 20:34:32.776  3137  3648 I com.miui.home: CheckGCForNative adj_start_bytes: 42713968 NativeAllocationGcWatermark: 11581025 java_gc_start_bytes: 25342431 kNewNativeDiscountFactor: 2 kOldNativeDiscountFactor: 65536 old_native_bytes: 102173301 new_native_bytes: 5163424 add_bytes_allowed: 34743075 is_gc_concurrent: 1 target_footprint_: 25539343 GetBytesAllocated: 16196712 HeapGrowthMultiplier: 3
12-19 20:34:32.777  3137  3648 I com.miui.home: CheckGCForNative gc_urgency 0.439668 current_native_bytes is 107336725
12-19 20:34:32.839  3137  3648 I cccccc  : getTaskSnapshotInstance: 399
12-19 20:34:32.847  3137  3454 I com.miui.home: CheckGCForNative adj_start_bytes: 42713968 NativeAllocationGcWatermark: 11581025 java_gc_start_bytes: 25342431 kNewNativeDiscountFactor: 2 kOldNativeDiscountFactor: 65536 old_native_bytes: 102173301 new_native_bytes: 5402836 add_bytes_allowed: 34743075 is_gc_concurrent: 1 target_footprint_: 25539343 GetBytesAllocated: 16393320 HeapGrowthMultiplier: 3
12-19 20:34:32.847  3137  3454 I com.miui.home: CheckGCForNative gc_urgency 0.447074 current_native_bytes is 107576137
12-19 20:34:33.145  7362  7362 I wm_on_stop_called: [0,122217994,com.autonavi.map.activity.NewMapActivity,STOP_ACTIVITY_ITEM,17]
12-19 20:34:33.160  7822  7822 I wm_on_create_called: [0,258944507,fm.qingting.qtradio.WelcomeActivity,performCreate,100]
12-19 20:34:33.161  7822  7822 I wm_on_start_called: [0,258944507,fm.qingting.qtradio.WelcomeActivity,handleStartActivity,0]
12-19 20:34:33.164  7822  7822 I wm_on_resume_called: [0,258944507,fm.qingting.qtradio.WelcomeActivity,RESUME_ACTIVITY,3]
12-19 20:34:33.188  7822  7822 I wm_on_top_resumed_gained_called: [258944507,fm.qingting.qtradio.WelcomeActivity,topStateChangedWhenResumed]
12-19 20:34:33.197  7362  7362 I wm_on_destroy_called: [0,13911258,com.autonavi.map.activity.SplashActivity,performDestroy,0]
12-19 20:34:33.333  7362  7362 I wm_on_idle_called: com.autonavi.map.activity.NewMapActivity
12-19 20:34:33.346  3137  3137 I wm_on_stop_called: [0,259069323,com.miui.home.launcher.Launcher,STOP_ACTIVITY_ITEM,3]
12-19 20:34:33.872  7822  7822 I wm_on_idle_called: fm.qingting.qtradio.WelcomeActivity
12-19 20:34:34.164  3137  3137 I wm_on_restart_called: [0,259069323,com.miui.home.launcher.Launcher,performRestartActivity,0]
12-19 20:34:34.168  3137  3137 I wm_on_start_called: [0,259069323,com.miui.home.launcher.Launcher,handleStartActivity,4]
12-19 20:34:34.331  3137  4157 I com.miui.home: CheckGCForNative adj_start_bytes: 42713968 NativeAllocationGcWatermark: 11581025 java_gc_start_bytes: 25342431 kNewNativeDiscountFactor: 2 kOldNativeDiscountFactor: 65536 old_native_bytes: 102173301 new_native_bytes: 15908988 add_bytes_allowed: 34743075 is_gc_concurrent: 1 target_footprint_: 25539343 GetBytesAllocated: 17041096 HeapGrowthMultiplier: 3
12-19 20:34:34.331  3137  4157 I com.miui.home: CheckGCForNative gc_urgency 0.585222 current_native_bytes is 118082289
12-19 20:34:34.332  3137  4157 I com.miui.home: CheckGCForNative adj_start_bytes: 42713968 NativeAllocationGcWatermark: 11581025 java_gc_start_bytes: 25342431 kNewNativeDiscountFactor: 2 kOldNativeDiscountFactor: 65536 old_native_bytes: 102173301 new_native_bytes: 26614908 add_bytes_allowed: 34743075 is_gc_concurrent: 1 target_footprint_: 25539343 GetBytesAllocated: 17057672 HeapGrowthMultiplier: 3
12-19 20:34:34.332  3137  4157 I com.miui.home: CheckGCForNative gc_urgency 0.710931 current_native_bytes is 128788209
12-19 20:34:34.332  3137  4157 I cccccc  : getTaskThumbnailInfo: 2460 1.0  10705920
12-19 20:34:34.340  3137  3492 I com.miui.home: CheckGCForNative adj_start_bytes: 42713968 NativeAllocationGcWatermark: 11581025 java_gc_start_bytes: 25342431 kNewNativeDiscountFactor: 2 kOldNativeDiscountFactor: 65536 old_native_bytes: 102173301 new_native_bytes: 26616188 add_bytes_allowed: 34743075 is_gc_concurrent: 1 target_footprint_: 25539343 GetBytesAllocated: 17123208 HeapGrowthMultiplier: 3
12-19 20:34:34.340  3137  3492 I com.miui.home: CheckGCForNative gc_urgency 0.71248 current_native_bytes is 128789489
12-19 20:34:34.348  3137  3137 I cccccc  : getTaskThumbnailInfo: 2460 1.0  10705920
12-19 20:34:34.591  3137  3454 I com.miui.home: CheckGCForNative adj_start_bytes: 42713968 NativeAllocationGcWatermark: 11581025 java_gc_start_bytes: 25342431 kNewNativeDiscountFactor: 2 kOldNativeDiscountFactor: 65536 old_native_bytes: 102173301 new_native_bytes: 15964924 add_bytes_allowed: 34743075 is_gc_concurrent: 1 target_footprint_: 25539343 GetBytesAllocated: 17238088 HeapGrowthMultiplier: 3
12-19 20:34:34.591  3137  3454 I com.miui.home: CheckGCForNative gc_urgency 0.590489 current_native_bytes is 118138225
12-19 20:34:34.680  3137  3454 I com.miui.home: CheckGCForNative adj_start_bytes: 42713968 NativeAllocationGcWatermark: 11581025 java_gc_start_bytes: 25342431 kNewNativeDiscountFactor: 2 kOldNativeDiscountFactor: 65536 old_native_bytes: 102173301 new_native_bytes: 15972044 add_bytes_allowed: 34743075 is_gc_concurrent: 1 target_footprint_: 25539343 GetBytesAllocated: 17287240 HeapGrowthMultiplier: 3
12-19 20:34:34.680  3137  3454 I com.miui.home: CheckGCForNative gc_urgency 0.591723 current_native_bytes is 118145345
12-19 20:34:34.832  7822  7822 I wm_on_top_resumed_lost_called: [258944507,fm.qingting.qtradio.WelcomeActivity,topStateChangedWhenResumed]
12-19 20:34:34.863  3137  3137 I wm_on_resume_called: [0,259069323,com.miui.home.launcher.Launcher,RESUME_ACTIVITY,23]
12-19 20:34:34.867  3137  3137 I wm_on_idle_called: com.miui.home.launcher.Launcher
12-19 20:34:34.911  7822  7822 I wm_on_paused_called: [0,258944507,fm.qingting.qtradio.WelcomeActivity,performPause,31]
12-19 20:34:34.915  3137  3137 I wm_on_top_resumed_gained_called: [259069323,com.miui.home.launcher.Launcher,topStateChangedWhenResumed]
12-19 20:34:35.054  7822  7822 I wm_on_stop_called: [0,258944507,fm.qingting.qtradio.WelcomeActivity,STOP_ACTIVITY_ITEM,26]
12-19 20:34:35.058  3137  4157 D cccccc  : onTaskStackChangedBackground
12-19 20:34:35.058  3137  3492 D cccccc  : onTaskStackChangedBackground
12-19 20:34:35.058  3137  3767 D cccccc  : onTaskStackChangedBackground
12-19 20:34:35.112  3137  3648 I com.miui.home: CheckGCForNative adj_start_bytes: 42713968 NativeAllocationGcWatermark: 11581025 java_gc_start_bytes: 25342431 kNewNativeDiscountFactor: 2 kOldNativeDiscountFactor: 65536 old_native_bytes: 102173301 new_native_bytes: 15995516 add_bytes_allowed: 34743075 is_gc_concurrent: 1 target_footprint_: 25539343 GetBytesAllocated: 18623576 HeapGrowthMultiplier: 3
12-19 20:34:35.112  3137  3648 I com.miui.home: CheckGCForNative gc_urgency 0.623283 current_native_bytes is 118168817
12-19 20:34:35.138  3137  3648 I cccccc  : getTaskSnapshotInstance: 399
12-19 20:34:35.169  3137  3137 I wm_on_top_resumed_lost_called: [259069323,com.miui.home.launcher.Launcher,topStateChangedWhenResumed]
12-19 20:34:35.172  3137  3648 I com.miui.home: CheckGCForNative adj_start_bytes: 42713968 NativeAllocationGcWatermark: 11581025 java_gc_start_bytes: 25342431 kNewNativeDiscountFactor: 2 kOldNativeDiscountFactor: 65536 old_native_bytes: 102173301 new_native_bytes: 26805124 add_bytes_allowed: 34743075 is_gc_concurrent: 1 target_footprint_: 25539343 GetBytesAllocated: 18828376 HeapGrowthMultiplier: 3
12-19 20:34:35.172  3137  3648 I com.miui.home: CheckGCForNative gc_urgency 0.754613 current_native_bytes is 128978425
12-19 20:34:35.172  3137  3648 I cccccc  : getTaskThumbnailInfo: 2460 1.0  10705920
12-19 20:34:35.182  3137  3137 I wm_on_paused_called: [0,259069323,com.miui.home.launcher.Launcher,performPause,2]
12-19 20:34:35.359  3137  3185 D cccccc  : onTaskStackChangedBackground
12-19 20:34:35.360  3137  3187 D cccccc  : onTaskStackChangedBackground
12-19 20:34:35.361  3137  3187 D cccccc  : onTaskStackChangedBackground
12-19 20:34:35.362  3137  3185 D cccccc  : onTaskStackChangedBackground
12-19 20:34:35.369  3137  3454 I com.miui.home: CheckGCForNative adj_start_bytes: 42713968 NativeAllocationGcWatermark: 11581025 java_gc_start_bytes: 25342431 kNewNativeDiscountFactor: 2 kOldNativeDiscountFactor: 65536 old_native_bytes: 102173301 new_native_bytes: 16160476 add_bytes_allowed: 34743075 is_gc_concurrent: 1 target_footprint_: 25539343 GetBytesAllocated: 19262920 HeapGrowthMultiplier: 3
12-19 20:34:35.369  3137  3454 I com.miui.home: CheckGCForNative gc_urgency 0.640182 current_native_bytes is 118333777
12-19 20:34:35.381  3137  4157 D cccccc  : onTaskStackChangedBackground
12-19 20:34:35.382  3137  3185 D cccccc  : onTaskStackChangedBackground
12-19 20:34:35.382  3137  3187 D cccccc  : onTaskStackChangedBackground
12-19 20:34:35.456  3137  3648 I com.miui.home: CheckGCForNative adj_start_bytes: 42713968 NativeAllocationGcWatermark: 11581025 java_gc_start_bytes: 25342431 kNewNativeDiscountFactor: 2 kOldNativeDiscountFactor: 65536 old_native_bytes: 102173301 new_native_bytes: 16552656 add_bytes_allowed: 34743075 is_gc_concurrent: 1 target_footprint_: 25539343 GetBytesAllocated: 19656360 HeapGrowthMultiplier: 3
12-19 20:34:35.456  3137  3648 I com.miui.home: CheckGCForNative gc_urgency 0.653984 current_native_bytes is 118725957
12-19 20:34:35.461  3137  3648 I cccccc  : getTaskSnapshotInstance: 400
12-19 20:34:35.579  3137  3648 I com.miui.home: CheckGCForNative adj_start_bytes: 42713968 NativeAllocationGcWatermark: 11581025 java_gc_start_bytes: 25342431 kNewNativeDiscountFactor: 2 kOldNativeDiscountFactor: 65536 old_native_bytes: 102173301 new_native_bytes: 16526660 add_bytes_allowed: 34743075 is_gc_concurrent: 1 target_footprint_: 25539343 GetBytesAllocated: 20033512 HeapGrowthMultiplier: 3
12-19 20:34:35.579  3137  3648 I com.miui.home: CheckGCForNative gc_urgency 0.662509 current_native_bytes is 118699961
12-19 20:34:35.606  3137  3648 I cccccc  : getTaskSnapshotInstance: 400
12-19 20:34:35.951  8232  8232 I wm_on_application_create_called: [0,com.autonavi.minimap,560]
12-19 20:34:36.943  3137  3492 I com.miui.home: CheckGCForNative adj_start_bytes: 42713968 NativeAllocationGcWatermark: 11581025 java_gc_start_bytes: 25342431 kNewNativeDiscountFactor: 2 kOldNativeDiscountFactor: 65536 old_native_bytes: 102173301 new_native_bytes: 27487400 add_bytes_allowed: 34743075 is_gc_concurrent: 1 target_footprint_: 25539343 GetBytesAllocated: 20640008 HeapGrowthMultiplier: 3
12-19 20:34:36.943  3137  3492 I com.miui.home: CheckGCForNative gc_urgency 0.805012 current_native_bytes is 129660701
12-19 20:34:36.945  3137  3492 I com.miui.home: CheckGCForNative adj_start_bytes: 42713968 NativeAllocationGcWatermark: 11581025 java_gc_start_bytes: 25342431 kNewNativeDiscountFactor: 2 kOldNativeDiscountFactor: 65536 old_native_bytes: 102173301 new_native_bytes: 38193960 add_bytes_allowed: 34743075 is_gc_concurrent: 1 target_footprint_: 25539343 GetBytesAllocated: 20640200 HeapGrowthMultiplier: 3
12-19 20:34:36.945  3137  3492 I com.miui.home: CheckGCForNative gc_urgency 0.930345 current_native_bytes is 140367261
12-19 20:34:36.946  3137  3492 I cccccc  : getTaskThumbnailInfo: 2460 1.0  10705920
12-19 20:34:37.003  3137  3187 I com.miui.home: CheckGCForNative adj_start_bytes: 42713968 NativeAllocationGcWatermark: 11581025 java_gc_start_bytes: 25342431 kNewNativeDiscountFactor: 2 kOldNativeDiscountFactor: 65536 old_native_bytes: 102173301 new_native_bytes: 38211480 add_bytes_allowed: 34743075 is_gc_concurrent: 1 target_footprint_: 25539343 GetBytesAllocated: 20640200 HeapGrowthMultiplier: 3
12-19 20:34:37.003  3137  3187 I com.miui.home: CheckGCForNative gc_urgency 0.93055 current_native_bytes is 140384781
12-19 20:34:37.004  3137  3137 I cccccc  : getTaskThumbnailInfo: 2460 1.0  10705920
12-19 20:34:37.024  3137  3137 I wm_on_stop_called: [0,259069323,com.miui.home.launcher.Launcher,STOP_ACTIVITY_ITEM,14]
12-19 20:34:37.606  7822  7822 I wm_on_destroy_called: [0,258944507,fm.qingting.qtradio.WelcomeActivity,performDestroy,17]
12-19 20:34:37.700  8422  8422 I wm_on_application_create_called: [0,com.ss.android.ugc.aweme,1138]
12-19 20:34:38.043  3137  3137 I wm_on_restart_called: [0,259069323,com.miui.home.launcher.Launcher,performRestartActivity,0]
12-19 20:34:38.044  3137  3137 I wm_on_start_called: [0,259069323,com.miui.home.launcher.Launcher,handleStartActivity,1]
12-19 20:34:38.153  3137  3492 I com.miui.home: CheckGCForNative adj_start_bytes: 42713968 NativeAllocationGcWatermark: 11581025 java_gc_start_bytes: 25342431 kNewNativeDiscountFactor: 2 kOldNativeDiscountFactor: 65536 old_native_bytes: 102173301 new_native_bytes: 38656384 add_bytes_allowed: 34743075 is_gc_concurrent: 1 target_footprint_: 25539343 GetBytesAllocated: 21320968 HeapGrowthMultiplier: 3
12-19 20:34:38.153  3137  3492 I com.miui.home: CheckGCForNative gc_urgency 0.951696 current_native_bytes is 140829685
12-19 20:34:38.154  3137  3492 I com.miui.home: CheckGCForNative adj_start_bytes: 42713968 NativeAllocationGcWatermark: 11581025 java_gc_start_bytes: 25342431 kNewNativeDiscountFactor: 2 kOldNativeDiscountFactor: 65536 old_native_bytes: 102173301 new_native_bytes: 49362944 add_bytes_allowed: 34743075 is_gc_concurrent: 1 target_footprint_: 25539343 GetBytesAllocated: 21321160 HeapGrowthMultiplier: 3
12-19 20:34:38.154  3137  3492 I com.miui.home: CheckGCForNative gc_urgency 1.07703 current_native_bytes is 151536245
12-19 20:34:38.154  3137  3492 I com.miui.home: CheckGCForNative requested 1
12-19 20:34:38.154  3137  3492 I cccccc  : getTaskThumbnailInfo: 2460 1.0  10705920
12-19 20:34:38.176  3137  3187 I com.miui.home: CheckGCForNative adj_start_bytes: 42713968 NativeAllocationGcWatermark: 11581025 java_gc_start_bytes: 25342431 kNewNativeDiscountFactor: 2 kOldNativeDiscountFactor: 65536 old_native_bytes: 102173301 new_native_bytes: 49375264 add_bytes_allowed: 34743075 is_gc_concurrent: 1 target_footprint_: 25539343 GetBytesAllocated: 21386728 HeapGrowthMultiplier: 3
12-19 20:34:38.176  3137  3187 I com.miui.home: CheckGCForNative gc_urgency 1.07871 current_native_bytes is 151548565
12-19 20:34:38.176  3137  3187 I com.miui.home: CheckGCForNative requested 1
12-19 20:34:38.177  3137  3137 I cccccc  : getTaskThumbnailInfo: 2460 1.0  10705920
12-19 20:34:38.191  3137  3454 I com.miui.home: CheckGCForNative adj_start_bytes: 42713968 NativeAllocationGcWatermark: 11581025 java_gc_start_bytes: 25342431 kNewNativeDiscountFactor: 2 kOldNativeDiscountFactor: 65536 old_native_bytes: 102173301 new_native_bytes: 38671968 add_bytes_allowed: 34743075 is_gc_concurrent: 1 target_footprint_: 25539343 GetBytesAllocated: 21403304 HeapGrowthMultiplier: 3
12-19 20:34:38.192  3137  3454 I com.miui.home: CheckGCForNative gc_urgency 0.953806 current_native_bytes is 140845269
12-19 20:34:38.314  3137  3454 I com.miui.home: CheckGCForNative adj_start_bytes: 42713968 NativeAllocationGcWatermark: 11581025 java_gc_start_bytes: 25342431 kNewNativeDiscountFactor: 2 kOldNativeDiscountFactor: 65536 old_native_bytes: 102173301 new_native_bytes: 38652640 add_bytes_allowed: 34743075 is_gc_concurrent: 1 target_footprint_: 25539343 GetBytesAllocated: 21534376 HeapGrowthMultiplier: 3
12-19 20:34:38.314  3137  3454 I com.miui.home: CheckGCForNative gc_urgency 0.956649 current_native_bytes is 140825941
12-19 20:34:38.398  3137  3168 I com.miui.home: NativeAlloc concurrent copying GC freed 162054(8017KB) AllocSpace objects, 6(312KB) LOS objects, 49% free, 12MB/24MB, paused 140us,30us total 241.188ms
12-19 20:34:38.673  3137  3137 I wm_on_resume_called: [0,259069323,com.miui.home.launcher.Launcher,RESUME_ACTIVITY,5]
12-19 20:34:38.675  3137  3137 I wm_on_idle_called: com.miui.home.launcher.Launcher
12-19 20:34:38.694  3137  3426 I com.miui.home: CheckGCForNative gc_urgency 0 current_native_bytes is 110469313
12-19 20:34:38.790  3137  3492 D cccccc  : onTaskStackChangedBackground
12-19 20:34:38.794  3137  3492 D cccccc  : onTaskStackChangedBackground
12-19 20:34:38.795  3137  3185 D cccccc  : onTaskStackChangedBackground
12-19 20:34:38.842  3137  3648 I com.miui.home: CheckGCForNative adj_start_bytes: 43357260 NativeAllocationGcWatermark: 11652181 java_gc_start_bytes: 25878989 kNewNativeDiscountFactor: 2 kOldNativeDiscountFactor: 65536 old_native_bytes: 110469313 new_native_bytes: 884188 add_bytes_allowed: 34956543 is_gc_concurrent: 1 target_footprint_: 26108589 GetBytesAllocated: 14350904 HeapGrowthMultiplier: 3
12-19 20:34:38.842  3137  3648 I com.miui.home: CheckGCForNative gc_urgency 0.341227 current_native_bytes is 111353501
12-19 20:34:38.872  3137  3648 I com.miui.home: CheckGCForNative adj_start_bytes: 43357260 NativeAllocationGcWatermark: 11652181 java_gc_start_bytes: 25878989 kNewNativeDiscountFactor: 2 kOldNativeDiscountFactor: 65536 old_native_bytes: 110469313 new_native_bytes: 2099660 add_bytes_allowed: 34956543 is_gc_concurrent: 1 target_footprint_: 26108589 GetBytesAllocated: 14465896 HeapGrowthMultiplier: 3
12-19 20:34:38.872  3137  3648 I com.miui.home: CheckGCForNative gc_urgency 0.357896 current_native_bytes is 112568973
12-19 20:34:38.895  3137  3648 I com.miui.home: CheckGCForNative adj_start_bytes: 43357260 NativeAllocationGcWatermark: 11652181 java_gc_start_bytes: 25878989 kNewNativeDiscountFactor: 2 kOldNativeDiscountFactor: 65536 old_native_bytes: 110469313 new_native_bytes: 2998252 add_bytes_allowed: 34956543 is_gc_concurrent: 1 target_footprint_: 26108589 GetBytesAllocated: 14564536 HeapGrowthMultiplier: 3
12-19 20:34:38.895  3137  3648 I com.miui.home: CheckGCForNative gc_urgency 0.370534 current_native_bytes is 113467565
12-19 20:34:38.897  3137  3648 I com.miui.home: CheckGCForNative adj_start_bytes: 43357260 NativeAllocationGcWatermark: 11652181 java_gc_start_bytes: 25878989 kNewNativeDiscountFactor: 2 kOldNativeDiscountFactor: 65536 old_native_bytes: 110469313 new_native_bytes: 3381900 add_bytes_allowed: 34956543 is_gc_concurrent: 1 target_footprint_: 26108589 GetBytesAllocated: 14564536 HeapGrowthMultiplier: 3
12-19 20:34:38.897  3137  3648 I com.miui.home: CheckGCForNative gc_urgency 0.374958 current_native_bytes is 113851213
12-19 20:34:38.904  8422  8422 I wm_on_create_called: [0,14522706,com.ss.android.ugc.aweme.splash.SplashActivity,performCreate,1168]
12-19 20:34:38.916  3137  3648 I com.miui.home: CheckGCForNative adj_start_bytes: 43357260 NativeAllocationGcWatermark: 11652181 java_gc_start_bytes: 25878989 kNewNativeDiscountFactor: 2 kOldNativeDiscountFactor: 65536 old_native_bytes: 110469313 new_native_bytes: 5342772 add_bytes_allowed: 34956543 is_gc_concurrent: 1 target_footprint_: 26108589 GetBytesAllocated: 14663192 HeapGrowthMultiplier: 3
12-19 20:34:38.916  3137  3648 I com.miui.home: CheckGCForNative gc_urgency 0.399847 current_native_bytes is 115812085
12-19 20:34:38.919  3137  3648 I com.miui.home: CheckGCForNative adj_start_bytes: 43357260 NativeAllocationGcWatermark: 11652181 java_gc_start_bytes: 25878989 kNewNativeDiscountFactor: 2 kOldNativeDiscountFactor: 65536 old_native_bytes: 110469313 new_native_bytes: 5746484 add_bytes_allowed: 34956543 is_gc_concurrent: 1 target_footprint_: 26108589 GetBytesAllocated: 14663192 HeapGrowthMultiplier: 3
12-19 20:34:38.919  3137  3648 I com.miui.home: CheckGCForNative gc_urgency 0.404503 current_native_bytes is 116215797
12-19 20:34:38.931  3137  3648 I com.miui.home: CheckGCForNative adj_start_bytes: 43357260 NativeAllocationGcWatermark: 11652181 java_gc_start_bytes: 25878989 kNewNativeDiscountFactor: 2 kOldNativeDiscountFactor: 65536 old_native_bytes: 110469313 new_native_bytes: 6509492 add_bytes_allowed: 34956543 is_gc_concurrent: 1 target_footprint_: 26108589 GetBytesAllocated: 14696152 HeapGrowthMultiplier: 3
12-19 20:34:38.931  3137  3648 I com.miui.home: CheckGCForNative gc_urgency 0.414062 current_native_bytes is 116978805
12-19 20:34:38.932  3137  3648 I com.miui.home: CheckGCForNative adj_start_bytes: 43357260 NativeAllocationGcWatermark: 11652181 java_gc_start_bytes: 25878989 kNewNativeDiscountFactor: 2 kOldNativeDiscountFactor: 65536 old_native_bytes: 110469313 new_native_bytes: 6969844 add_bytes_allowed: 34956543 is_gc_concurrent: 1 target_footprint_: 26108589 GetBytesAllocated: 14696152 HeapGrowthMultiplier: 3
12-19 20:34:38.932  3137  3648 I com.miui.home: CheckGCForNative gc_urgency 0.419371 current_native_bytes is 117439157
12-19 20:34:38.945  3137  3648 I com.miui.home: CheckGCForNative adj_start_bytes: 43357260 NativeAllocationGcWatermark: 11652181 java_gc_start_bytes: 25878989 kNewNativeDiscountFactor: 2 kOldNativeDiscountFactor: 65536 old_native_bytes: 110469313 new_native_bytes: 7985236 add_bytes_allowed: 34956543 is_gc_concurrent: 1 target_footprint_: 26108589 GetBytesAllocated: 14778136 HeapGrowthMultiplier: 3
12-19 20:34:38.945  3137  3648 I com.miui.home: CheckGCForNative gc_urgency 0.432971 current_native_bytes is 118454549
12-19 20:34:38.981  3137  3137 I com.miui.home: CheckGCForNative adj_start_bytes: 43357260 NativeAllocationGcWatermark: 11652181 java_gc_start_bytes: 25878989 kNewNativeDiscountFactor: 2 kOldNativeDiscountFactor: 65536 old_native_bytes: 110469313 new_native_bytes: 8671588 add_bytes_allowed: 34956543 is_gc_concurrent: 1 target_footprint_: 26108589 GetBytesAllocated: 14860120 HeapGrowthMultiplier: 3
12-19 20:34:38.981  3137  3137 I com.miui.home: CheckGCForNative gc_urgency 0.442777 current_native_bytes is 119140901
12-19 20:34:38.998  3137  3648 I com.miui.home: CheckGCForNative adj_start_bytes: 43357260 NativeAllocationGcWatermark: 11652181 java_gc_start_bytes: 25878989 kNewNativeDiscountFactor: 2 kOldNativeDiscountFactor: 65536 old_native_bytes: 110469313 new_native_bytes: 9151964 add_bytes_allowed: 34956543 is_gc_concurrent: 1 target_footprint_: 26108589 GetBytesAllocated: 14925832 HeapGrowthMultiplier: 3
12-19 20:34:38.998  3137  3648 I com.miui.home: CheckGCForNative gc_urgency 0.449832 current_native_bytes is 119621277
12-19 20:34:39.013  3137  3648 I com.miui.home: CheckGCForNative adj_start_bytes: 43357260 NativeAllocationGcWatermark: 11652181 java_gc_start_bytes: 25878989 kNewNativeDiscountFactor: 2 kOldNativeDiscountFactor: 65536 old_native_bytes: 110469313 new_native_bytes: 9826432 add_bytes_allowed: 34956543 is_gc_concurrent: 1 target_footprint_: 26108589 GetBytesAllocated: 14991368 HeapGrowthMultiplier: 3
12-19 20:34:39.013  3137  3648 I com.miui.home: CheckGCForNative gc_urgency 0.459122 current_native_bytes is 120295745
12-19 20:34:39.020  3137  3648 I cccccc  : getTaskSnapshotInstance: 400
12-19 20:34:39.049  3137  3137 I wm_on_paused_called: [0,259069323,com.miui.home.launcher.Launcher,performPause,2]
12-19 20:34:39.062  3137  3648 I com.miui.home: CheckGCForNative adj_start_bytes: 43357260 NativeAllocationGcWatermark: 11652181 java_gc_start_bytes: 25878989 kNewNativeDiscountFactor: 2 kOldNativeDiscountFactor: 65536 old_native_bytes: 110469313 new_native_bytes: 20575272 add_bytes_allowed: 34956543 is_gc_concurrent: 1 target_footprint_: 26108589 GetBytesAllocated: 15089736 HeapGrowthMultiplier: 3
12-19 20:34:39.069  3137  3648 I com.miui.home: CheckGCForNative gc_urgency 0.585725 current_native_bytes is 131044585
12-19 20:34:39.070  3137  3648 I cccccc  : getTaskThumbnailInfo: 2460 1.0  10705920
12-19 20:34:39.079  3137  4157 D cccccc  : onTaskStackChangedBackground
12-19 20:34:39.080  3137  3767 D cccccc  : onTaskStackChangedBackground
12-19 20:34:39.082  3137  4157 D cccccc  : onTaskStackChangedBackground
12-19 20:34:39.089  3137  3767 D cccccc  : onTaskStackChangedBackground
12-19 20:34:39.145  3137  3648 I com.miui.home: CheckGCForNative adj_start_bytes: 43357260 NativeAllocationGcWatermark: 11652181 java_gc_start_bytes: 25878989 kNewNativeDiscountFactor: 2 kOldNativeDiscountFactor: 65536 old_native_bytes: 110469313 new_native_bytes: 10381212 add_bytes_allowed: 34956543 is_gc_concurrent: 1 target_footprint_: 26108589 GetBytesAllocated: 15532632 HeapGrowthMultiplier: 3
12-19 20:34:39.145  3137  3648 I com.miui.home: CheckGCForNative gc_urgency 0.478004 current_native_bytes is 120850525
12-19 20:34:39.195  3137  4157 D cccccc  : onTaskStackChangedBackground
12-19 20:34:39.209  3137  3415 I cccccc  : getTaskSnapshotInstance: 401
12-19 20:34:39.211  3137  4157 D cccccc  : onTaskStackChangedBackground
12-19 20:34:39.213  3137  3767 D cccccc  : onTaskStackChangedBackground
12-19 20:34:39.230  3137  3648 I com.miui.home: CheckGCForNative adj_start_bytes: 43357260 NativeAllocationGcWatermark: 11652181 java_gc_start_bytes: 25878989 kNewNativeDiscountFactor: 2 kOldNativeDiscountFactor: 65536 old_native_bytes: 110469313 new_native_bytes: 11071672 add_bytes_allowed: 34956543 is_gc_concurrent: 1 target_footprint_: 26108589 GetBytesAllocated: 16163832 HeapGrowthMultiplier: 3
12-19 20:34:39.230  3137  3648 I com.miui.home: CheckGCForNative gc_urgency 0.500524 current_native_bytes is 121540985
12-19 20:34:39.303  3137  3454 I com.miui.home: CheckGCForNative adj_start_bytes: 43357260 NativeAllocationGcWatermark: 11652181 java_gc_start_bytes: 25878989 kNewNativeDiscountFactor: 2 kOldNativeDiscountFactor: 65536 old_native_bytes: 110469313 new_native_bytes: 11252344 add_bytes_allowed: 34956543 is_gc_concurrent: 1 target_footprint_: 26108589 GetBytesAllocated: 16393208 HeapGrowthMultiplier: 3
12-19 20:34:39.303  3137  3454 I com.miui.home: CheckGCForNative gc_urgency 0.507898 current_native_bytes is 121721657
12-19 20:34:39.326  3137  3415 I cccccc  : getTaskSnapshotInstance: 401
12-19 20:34:39.418  3137  3648 I com.miui.home: CheckGCForNative adj_start_bytes: 43357260 NativeAllocationGcWatermark: 11652181 java_gc_start_bytes: 25878989 kNewNativeDiscountFactor: 2 kOldNativeDiscountFactor: 65536 old_native_bytes: 110469313 new_native_bytes: 11776500 add_bytes_allowed: 34956543 is_gc_concurrent: 1 target_footprint_: 26108589 GetBytesAllocated: 16786808 HeapGrowthMultiplier: 3
12-19 20:34:39.418  3137  3648 I com.miui.home: CheckGCForNative gc_urgency 0.523021 current_native_bytes is 122245813
12-19 20:34:39.433  3137  3415 I cccccc  : getTaskSnapshotInstance: 401
12-19 20:34:39.915  8900  8900 I wm_on_create_called: [0,100488965,com.eg.android.AlipayGphone.AlipayLogin,performCreate,135]
