12-19 20:46:45.849  3155  3155 I wm_on_top_resumed_lost_called: [4314700,com.miui.home.launcher.Launcher,topStateChangedWhenResumed]
12-19 20:46:45.869  3155  3155 I wm_on_paused_called: [0,4314700,com.miui.home.launcher.Launcher,performPause,11]
12-19 20:46:45.921  3155  7120 D cccccc  : onTaskStackChangedBackground
12-19 20:46:45.922  3155  7119 D cccccc  : onTaskStackChangedBackground
12-19 20:46:45.925  3155  7119 D cccccc  : onTaskStackChangedBackground
12-19 20:46:45.926  3155  7120 D cccccc  : onTaskStackChangedBackground
12-19 20:46:45.979  3155  3519 I com.miui.home: CheckGCForNative adj_start_bytes: 41897998 NativeAllocationGcWatermark: 11488203 java_gc_start_bytes: 24665694 kNewNativeDiscountFactor: 2 kOldNativeDiscountFactor: 65536 old_native_bytes: 70066749 new_native_bytes: 336268 add_bytes_allowed: 34464609 is_gc_concurrent: 1 target_footprint_: 24796766 GetBytesAllocated: 13258752 HeapGrowthMultiplier: 3
12-19 20:46:45.983  3155  3519 I com.miui.home: CheckGCForNative gc_urgency 0.320492 current_native_bytes is 70403017
12-19 20:46:45.999  3155  7119 D cccccc  : onTaskStackChangedBackground
12-19 20:46:46.006  3155  3210 D cccccc  : onTaskStackChangedBackground
12-19 20:46:46.006  3155  4295 D cccccc  : onTaskStackChangedBackground
12-19 20:46:46.243  3155  3621 I com.miui.home: CheckGCForNative adj_start_bytes: 41897998 NativeAllocationGcWatermark: 11488203 java_gc_start_bytes: 24665694 kNewNativeDiscountFactor: 2 kOldNativeDiscountFactor: 65536 old_native_bytes: 70066749 new_native_bytes: 1764780 add_bytes_allowed: 34464609 is_gc_concurrent: 1 target_footprint_: 24796766 GetBytesAllocated: 13587344 HeapGrowthMultiplier: 3
12-19 20:46:46.243  3155  3621 I com.miui.home: CheckGCForNative gc_urgency 0.345382 current_native_bytes is 71831529
12-19 20:46:46.305  3155  3621 I com.miui.home: CheckGCForNative adj_start_bytes: 41897998 NativeAllocationGcWatermark: 11488203 java_gc_start_bytes: 24665694 kNewNativeDiscountFactor: 2 kOldNativeDiscountFactor: 65536 old_native_bytes: 70066749 new_native_bytes: 2667820 add_bytes_allowed: 34464609 is_gc_concurrent: 1 target_footprint_: 24796766 GetBytesAllocated: 13685888 HeapGrowthMultiplier: 3
12-19 20:46:46.305  3155  3621 I com.miui.home: CheckGCForNative gc_urgency 0.35851 current_native_bytes is 72734569
12-19 20:46:46.310  3155  3621 I com.miui.home: CheckGCForNative adj_start_bytes: 41897998 NativeAllocationGcWatermark: 11488203 java_gc_start_bytes: 24665694 kNewNativeDiscountFactor: 2 kOldNativeDiscountFactor: 65536 old_native_bytes: 70066749 new_native_bytes: 3051468 add_bytes_allowed: 34464609 is_gc_concurrent: 1 target_footprint_: 24796766 GetBytesAllocated: 13685888 HeapGrowthMultiplier: 3
12-19 20:46:46.310  3155  3621 I com.miui.home: CheckGCForNative gc_urgency 0.363089 current_native_bytes is 73118217
12-19 20:46:46.390  3155  3621 I com.miui.home: CheckGCForNative adj_start_bytes: 41897998 NativeAllocationGcWatermark: 11488203 java_gc_start_bytes: 24665694 kNewNativeDiscountFactor: 2 kOldNativeDiscountFactor: 65536 old_native_bytes: 70066749 new_native_bytes: 4093396 add_bytes_allowed: 34464609 is_gc_concurrent: 1 target_footprint_: 24796766 GetBytesAllocated: 13784320 HeapGrowthMultiplier: 3
12-19 20:46:46.390  3155  3621 I com.miui.home: CheckGCForNative gc_urgency 0.377872 current_native_bytes is 74160145
12-19 20:46:46.393  3155  3621 I com.miui.home: CheckGCForNative adj_start_bytes: 41897998 NativeAllocationGcWatermark: 11488203 java_gc_start_bytes: 24665694 kNewNativeDiscountFactor: 2 kOldNativeDiscountFactor: 65536 old_native_bytes: 70066749 new_native_bytes: 4716564 add_bytes_allowed: 34464609 is_gc_concurrent: 1 target_footprint_: 24796766 GetBytesAllocated: 13784432 HeapGrowthMultiplier: 3
12-19 20:46:46.393  3155  3621 I com.miui.home: CheckGCForNative gc_urgency 0.385312 current_native_bytes is 74783313
12-19 20:46:46.401  3155  3621 I com.miui.home: CheckGCForNative adj_start_bytes: 41897998 NativeAllocationGcWatermark: 11488203 java_gc_start_bytes: 24665694 kNewNativeDiscountFactor: 2 kOldNativeDiscountFactor: 65536 old_native_bytes: 70066749 new_native_bytes: 4801836 add_bytes_allowed: 34464609 is_gc_concurrent: 1 target_footprint_: 24796766 GetBytesAllocated: 13784432 HeapGrowthMultiplier: 3
12-19 20:46:46.401  3155  3621 I com.miui.home: CheckGCForNative gc_urgency 0.386329 current_native_bytes is 74868585
12-19 20:46:46.429  3155  3621 I com.miui.home: CheckGCForNative adj_start_bytes: 41897998 NativeAllocationGcWatermark: 11488203 java_gc_start_bytes: 24665694 kNewNativeDiscountFactor: 2 kOldNativeDiscountFactor: 65536 old_native_bytes: 70066749 new_native_bytes: 5556428 add_bytes_allowed: 34464609 is_gc_concurrent: 1 target_footprint_: 24796766 GetBytesAllocated: 13833856 HeapGrowthMultiplier: 3
12-19 20:46:46.429  3155  3621 I com.miui.home: CheckGCForNative gc_urgency 0.396514 current_native_bytes is 75623177
12-19 20:46:46.431  3155  3621 I com.miui.home: CheckGCForNative adj_start_bytes: 41897998 NativeAllocationGcWatermark: 11488203 java_gc_start_bytes: 24665694 kNewNativeDiscountFactor: 2 kOldNativeDiscountFactor: 65536 old_native_bytes: 70066749 new_native_bytes: 6015564 add_bytes_allowed: 34464609 is_gc_concurrent: 1 target_footprint_: 24796766 GetBytesAllocated: 13833856 HeapGrowthMultiplier: 3
12-19 20:46:46.431  3155  3621 I com.miui.home: CheckGCForNative gc_urgency 0.401993 current_native_bytes is 76082313
12-19 20:46:46.473  3155  3621 I com.miui.home: CheckGCForNative adj_start_bytes: 41897998 NativeAllocationGcWatermark: 11488203 java_gc_start_bytes: 24665694 kNewNativeDiscountFactor: 2 kOldNativeDiscountFactor: 65536 old_native_bytes: 70066749 new_native_bytes: 7027404 add_bytes_allowed: 34464609 is_gc_concurrent: 1 target_footprint_: 24796766 GetBytesAllocated: 13866688 HeapGrowthMultiplier: 3
12-19 20:46:46.473  3155  3621 I com.miui.home: CheckGCForNative gc_urgency 0.414852 current_native_bytes is 77094153
12-19 20:46:46.569  3155  3621 I com.miui.home: CheckGCForNative adj_start_bytes: 41897998 NativeAllocationGcWatermark: 11488203 java_gc_start_bytes: 24665694 kNewNativeDiscountFactor: 2 kOldNativeDiscountFactor: 65536 old_native_bytes: 70066749 new_native_bytes: 8007188 add_bytes_allowed: 34464609 is_gc_concurrent: 1 target_footprint_: 24796766 GetBytesAllocated: 13932464 HeapGrowthMultiplier: 3
12-19 20:46:46.569  3155  3621 I com.miui.home: CheckGCForNative gc_urgency 0.428114 current_native_bytes is 78073937
12-19 20:46:46.585  3155  3621 I com.miui.home: CheckGCForNative adj_start_bytes: 41897998 NativeAllocationGcWatermark: 11488203 java_gc_start_bytes: 24665694 kNewNativeDiscountFactor: 2 kOldNativeDiscountFactor: 65536 old_native_bytes: 70066749 new_native_bytes: 8776212 add_bytes_allowed: 34464609 is_gc_concurrent: 1 target_footprint_: 24796766 GetBytesAllocated: 13932464 HeapGrowthMultiplier: 3
12-19 20:46:46.585  3155  3621 I com.miui.home: CheckGCForNative gc_urgency 0.437292 current_native_bytes is 78842961
12-19 20:46:46.633  3155  3621 I com.miui.home: CheckGCForNative adj_start_bytes: 41897998 NativeAllocationGcWatermark: 11488203 java_gc_start_bytes: 24665694 kNewNativeDiscountFactor: 2 kOldNativeDiscountFactor: 65536 old_native_bytes: 70066749 new_native_bytes: 9155884 add_bytes_allowed: 34464609 is_gc_concurrent: 1 target_footprint_: 24796766 GetBytesAllocated: 13965408 HeapGrowthMultiplier: 3
12-19 20:46:46.633  3155  3621 I com.miui.home: CheckGCForNative gc_urgency 0.442609 current_native_bytes is 79222633
12-19 20:46:46.636  3155  3621 I com.miui.home: CheckGCForNative adj_start_bytes: 41897998 NativeAllocationGcWatermark: 11488203 java_gc_start_bytes: 24665694 kNewNativeDiscountFactor: 2 kOldNativeDiscountFactor: 65536 old_native_bytes: 70066749 new_native_bytes: 9552428 add_bytes_allowed: 34464609 is_gc_concurrent: 1 target_footprint_: 24796766 GetBytesAllocated: 13981792 HeapGrowthMultiplier: 3
12-19 20:46:46.636  3155  3621 I com.miui.home: CheckGCForNative gc_urgency 0.447732 current_native_bytes is 79619177
12-19 20:46:46.673  3155  3621 I com.miui.home: CheckGCForNative adj_start_bytes: 41897998 NativeAllocationGcWatermark: 11488203 java_gc_start_bytes: 24665694 kNewNativeDiscountFactor: 2 kOldNativeDiscountFactor: 65536 old_native_bytes: 70066749 new_native_bytes: 10110412 add_bytes_allowed: 34464609 is_gc_concurrent: 1 target_footprint_: 24796766 GetBytesAllocated: 14014736 HeapGrowthMultiplier: 3
12-19 20:46:46.673  3155  3621 I com.miui.home: CheckGCForNative gc_urgency 0.455177 current_native_bytes is 80177161
12-19 20:46:46.700  3155  3621 I com.miui.home: CheckGCForNative adj_start_bytes: 41897998 NativeAllocationGcWatermark: 11488203 java_gc_start_bytes: 24665694 kNewNativeDiscountFactor: 2 kOldNativeDiscountFactor: 65536 old_native_bytes: 70066749 new_native_bytes: 10632012 add_bytes_allowed: 34464609 is_gc_concurrent: 1 target_footprint_: 24796766 GetBytesAllocated: 14047680 HeapGrowthMultiplier: 3
12-19 20:46:46.700  3155  3621 I com.miui.home: CheckGCForNative gc_urgency 0.462188 current_native_bytes is 80698761
12-19 20:46:46.704  3155  3621 I com.miui.home: CheckGCForNative adj_start_bytes: 41897998 NativeAllocationGcWatermark: 11488203 java_gc_start_bytes: 24665694 kNewNativeDiscountFactor: 2 kOldNativeDiscountFactor: 65536 old_native_bytes: 70066749 new_native_bytes: 11028332 add_bytes_allowed: 34464609 is_gc_concurrent: 1 target_footprint_: 24796766 GetBytesAllocated: 14047680 HeapGrowthMultiplier: 3
12-19 20:46:46.705  3155  3621 I com.miui.home: CheckGCForNative gc_urgency 0.466918 current_native_bytes is 81095081
12-19 20:46:46.839  3155  3621 I cccccc  : getTaskSnapshotInstance: 430
12-19 20:46:46.841  3155  3621 I cccccc  : getTaskSnapshotInstance: 429
12-19 20:46:46.943  3155  3621 I com.miui.home: CheckGCForNative adj_start_bytes: 41897998 NativeAllocationGcWatermark: 11488203 java_gc_start_bytes: 24665694 kNewNativeDiscountFactor: 2 kOldNativeDiscountFactor: 65536 old_native_bytes: 70066749 new_native_bytes: 23169680 add_bytes_allowed: 34464609 is_gc_concurrent: 1 target_footprint_: 24796766 GetBytesAllocated: 14163632 HeapGrowthMultiplier: 3
12-19 20:46:46.943  3155  3621 I com.miui.home: CheckGCForNative gc_urgency 0.614577 current_native_bytes is 93236429
12-19 20:46:46.945  3155  3621 I com.miui.home: CheckGCForNative adj_start_bytes: 41897998 NativeAllocationGcWatermark: 11488203 java_gc_start_bytes: 24665694 kNewNativeDiscountFactor: 2 kOldNativeDiscountFactor: 65536 old_native_bytes: 70066749 new_native_bytes: 33875600 add_bytes_allowed: 34464609 is_gc_concurrent: 1 target_footprint_: 24796766 GetBytesAllocated: 14180208 HeapGrowthMultiplier: 3
12-19 20:46:46.945  3155  3621 I com.miui.home: CheckGCForNative gc_urgency 0.742734 current_native_bytes is 103942349
12-19 20:46:46.945  3155  3621 I cccccc  : getTaskThumbnailInfo: 2460 1.0  10705920
12-19 20:46:46.945  3155  3621 I cccccc  : getTaskSnapshotInstance: 428
12-19 20:46:46.967  7722  7722 I wm_on_application_create_called: [0,com.autonavi.minimap,346]
12-19 20:46:46.993  3155  3621 I com.miui.home: CheckGCForNative adj_start_bytes: 41897998 NativeAllocationGcWatermark: 11488203 java_gc_start_bytes: 24665694 kNewNativeDiscountFactor: 2 kOldNativeDiscountFactor: 65536 old_native_bytes: 70066749 new_native_bytes: 33875984 add_bytes_allowed: 34464609 is_gc_concurrent: 1 target_footprint_: 24796766 GetBytesAllocated: 14180208 HeapGrowthMultiplier: 3
12-19 20:46:46.993  3155  3621 I com.miui.home: CheckGCForNative gc_urgency 0.742739 current_native_bytes is 103942733
12-19 20:46:46.994  3155  3621 I com.miui.home: CheckGCForNative adj_start_bytes: 41897998 NativeAllocationGcWatermark: 11488203 java_gc_start_bytes: 24665694 kNewNativeDiscountFactor: 2 kOldNativeDiscountFactor: 65536 old_native_bytes: 70066749 new_native_bytes: 44581904 add_bytes_allowed: 34464609 is_gc_concurrent: 1 target_footprint_: 24796766 GetBytesAllocated: 14196784 HeapGrowthMultiplier: 3
12-19 20:46:46.994  3155  3621 I com.miui.home: CheckGCForNative gc_urgency 0.870896 current_native_bytes is 114648653
12-19 20:46:46.995  3155  3621 I cccccc  : getTaskThumbnailInfo: 2460 1.0  10705920
12-19 20:46:47.052  3155  3621 I com.miui.home: CheckGCForNative adj_start_bytes: 41897998 NativeAllocationGcWatermark: 11488203 java_gc_start_bytes: 24665694 kNewNativeDiscountFactor: 2 kOldNativeDiscountFactor: 65536 old_native_bytes: 70066749 new_native_bytes: 33969104 add_bytes_allowed: 34464609 is_gc_concurrent: 1 target_footprint_: 24796766 GetBytesAllocated: 14361456 HeapGrowthMultiplier: 3
12-19 20:46:47.052  3155  3621 I com.miui.home: CheckGCForNative gc_urgency 0.748176 current_native_bytes is 104035853
12-19 20:46:47.110  3155  3621 I cccccc  : getTaskSnapshotInstance: 430
12-19 20:46:47.293  7638  7638 I wm_on_application_create_called: [0,com.autonavi.minimap,1071]
12-19 20:46:47.381  3155  3477 I com.miui.home: CheckGCForNative adj_start_bytes: 41897998 NativeAllocationGcWatermark: 11488203 java_gc_start_bytes: 24665694 kNewNativeDiscountFactor: 2 kOldNativeDiscountFactor: 65536 old_native_bytes: 70066749 new_native_bytes: 34514508 add_bytes_allowed: 34464609 is_gc_concurrent: 1 target_footprint_: 24796766 GetBytesAllocated: 14640048 HeapGrowthMultiplier: 3
12-19 20:46:47.381  3155  3477 I com.miui.home: CheckGCForNative gc_urgency 0.761334 current_native_bytes is 104581257
12-19 20:46:47.509  3155  4295 I com.miui.home: CheckGCForNative adj_start_bytes: 41897998 NativeAllocationGcWatermark: 11488203 java_gc_start_bytes: 24665694 kNewNativeDiscountFactor: 2 kOldNativeDiscountFactor: 65536 old_native_bytes: 70066749 new_native_bytes: 45463088 add_bytes_allowed: 34464609 is_gc_concurrent: 1 target_footprint_: 24796766 GetBytesAllocated: 14935280 HeapGrowthMultiplier: 3
12-19 20:46:47.509  3155  4295 I com.miui.home: CheckGCForNative gc_urgency 0.899038 current_native_bytes is 115529837
12-19 20:46:47.510  3155  4295 I com.miui.home: CheckGCForNative adj_start_bytes: 41897998 NativeAllocationGcWatermark: 11488203 java_gc_start_bytes: 24665694 kNewNativeDiscountFactor: 2 kOldNativeDiscountFactor: 65536 old_native_bytes: 70066749 new_native_bytes: 56169008 add_bytes_allowed: 34464609 is_gc_concurrent: 1 target_footprint_: 24796766 GetBytesAllocated: 14935472 HeapGrowthMultiplier: 3
12-19 20:46:47.510  3155  4295 I com.miui.home: CheckGCForNative gc_urgency 1.0268 current_native_bytes is 126235757
12-19 20:46:47.510  3155  4295 I com.miui.home: CheckGCForNative requested 1
12-19 20:46:47.511  3155  4295 I cccccc  : getTaskThumbnailInfo: 2460 1.0  10705920
12-19 20:46:47.515  3155  3525 I com.miui.home: CheckGCForNative adj_start_bytes: 41897998 NativeAllocationGcWatermark: 11488203 java_gc_start_bytes: 24665694 kNewNativeDiscountFactor: 2 kOldNativeDiscountFactor: 65536 old_native_bytes: 70066749 new_native_bytes: 45433648 add_bytes_allowed: 34464609 is_gc_concurrent: 1 target_footprint_: 24796766 GetBytesAllocated: 14935472 HeapGrowthMultiplier: 3
12-19 20:46:47.515  3155  3525 I com.miui.home: CheckGCForNative gc_urgency 0.898691 current_native_bytes is 115500397
12-19 20:46:47.526  3155  3210 I com.miui.home: CheckGCForNative adj_start_bytes: 41897998 NativeAllocationGcWatermark: 11488203 java_gc_start_bytes: 24665694 kNewNativeDiscountFactor: 2 kOldNativeDiscountFactor: 65536 old_native_bytes: 70066749 new_native_bytes: 56141744 add_bytes_allowed: 34464609 is_gc_concurrent: 1 target_footprint_: 24796766 GetBytesAllocated: 14951904 HeapGrowthMultiplier: 3
12-19 20:46:47.527  3155  3210 I com.miui.home: CheckGCForNative gc_urgency 1.02687 current_native_bytes is 126208493
12-19 20:46:47.528  7638  7638 I wm_on_create_called: [0,120625368,com.autonavi.map.activity.SplashActivity,performCreate,214]
12-19 20:46:47.528  3155  3210 I com.miui.home: CheckGCForNative requested 1
12-19 20:46:47.532  3155  3155 I cccccc  : getTaskThumbnailInfo: 2460 1.0  10705920
12-19 20:46:47.658  3155  3198 I com.miui.home: NativeAlloc concurrent copying GC freed 40399(2161KB) AllocSpace objects, 3(124KB) LOS objects, 49% free, 12MB/24MB, paused 52us,277us total 145.108ms
12-19 20:46:47.686  3155  4295 D cccccc  : onTaskStackChangedBackground
12-19 20:46:47.686  3155  7119 D cccccc  : onTaskStackChangedBackground
12-19 20:46:47.686  3155  3210 D cccccc  : onTaskStackChangedBackground
12-19 20:46:47.721  7638  7638 I wm_on_create_called: [0,195008326,com.autonavi.map.activity.NewMapActivity,performCreate,122]
12-19 20:46:47.727  7638  7638 I wm_on_start_called: [0,195008326,com.autonavi.map.activity.NewMapActivity,handleStartActivity,6]
12-19 20:46:47.733  7638  7638 I wm_on_resume_called: [0,195008326,com.autonavi.map.activity.NewMapActivity,RESUME_ACTIVITY,5]
12-19 20:46:47.766  7638  7638 I wm_on_top_resumed_gained_called: [195008326,com.autonavi.map.activity.NewMapActivity,topStateChangedWhenResumed]
12-19 20:46:47.796  3155  3621 I com.miui.home: CheckGCForNative gc_urgency 0 current_native_bytes is 103876297
12-19 20:46:47.803  3155  3621 I com.miui.home: CheckGCForNative adj_start_bytes: 42721827 NativeAllocationGcWatermark: 11578403 java_gc_start_bytes: 25354223 kNewNativeDiscountFactor: 2 kOldNativeDiscountFactor: 65536 old_native_bytes: 103876297 new_native_bytes: 309792 add_bytes_allowed: 34735209 is_gc_concurrent: 1 target_footprint_: 25518367 GetBytesAllocated: 13152864 HeapGrowthMultiplier: 3
12-19 20:46:47.803  3155  3621 I com.miui.home: CheckGCForNative gc_urgency 0.311535 current_native_bytes is 104186089
12-19 20:46:47.814  3155  3621 I com.miui.home: CheckGCForNative adj_start_bytes: 42721827 NativeAllocationGcWatermark: 11578403 java_gc_start_bytes: 25354223 kNewNativeDiscountFactor: 2 kOldNativeDiscountFactor: 65536 old_native_bytes: 103876297 new_native_bytes: 900640 add_bytes_allowed: 34735209 is_gc_concurrent: 1 target_footprint_: 25518367 GetBytesAllocated: 13185808 HeapGrowthMultiplier: 3
12-19 20:46:47.814  3155  3621 I com.miui.home: CheckGCForNative gc_urgency 0.319221 current_native_bytes is 104776937
12-19 20:46:47.820  3155  3621 I com.miui.home: CheckGCForNative adj_start_bytes: 42721827 NativeAllocationGcWatermark: 11578403 java_gc_start_bytes: 25354223 kNewNativeDiscountFactor: 2 kOldNativeDiscountFactor: 65536 old_native_bytes: 103876297 new_native_bytes: 1284288 add_bytes_allowed: 34735209 is_gc_concurrent: 1 target_footprint_: 25518367 GetBytesAllocated: 13185808 HeapGrowthMultiplier: 3
12-19 20:46:47.820  3155  3621 I com.miui.home: CheckGCForNative gc_urgency 0.323711 current_native_bytes is 105160585
12-19 20:46:47.854  3155  3621 I com.miui.home: CheckGCForNative adj_start_bytes: 42721827 NativeAllocationGcWatermark: 11578403 java_gc_start_bytes: 25354223 kNewNativeDiscountFactor: 2 kOldNativeDiscountFactor: 65536 old_native_bytes: 103876297 new_native_bytes: 2966024 add_bytes_allowed: 34735209 is_gc_concurrent: 1 target_footprint_: 25518367 GetBytesAllocated: 13366656 HeapGrowthMultiplier: 3
12-19 20:46:47.854  3155  3621 I com.miui.home: CheckGCForNative gc_urgency 0.347627 current_native_bytes is 106842321
12-19 20:46:47.857  3155  3621 I com.miui.home: CheckGCForNative adj_start_bytes: 42721827 NativeAllocationGcWatermark: 11578403 java_gc_start_bytes: 25354223 kNewNativeDiscountFactor: 2 kOldNativeDiscountFactor: 65536 old_native_bytes: 103876297 new_native_bytes: 3398664 add_bytes_allowed: 34735209 is_gc_concurrent: 1 target_footprint_: 25518367 GetBytesAllocated: 13383040 HeapGrowthMultiplier: 3
12-19 20:46:47.857  3155  3621 I com.miui.home: CheckGCForNative gc_urgency 0.353074 current_native_bytes is 107274961
12-19 20:46:47.877  3155  3621 I com.miui.home: CheckGCForNative adj_start_bytes: 42721827 NativeAllocationGcWatermark: 11578403 java_gc_start_bytes: 25354223 kNewNativeDiscountFactor: 2 kOldNativeDiscountFactor: 65536 old_native_bytes: 103876297 new_native_bytes: 4164296 add_bytes_allowed: 34735209 is_gc_concurrent: 1 target_footprint_: 25518367 GetBytesAllocated: 13415984 HeapGrowthMultiplier: 3
12-19 20:46:47.877  3155  3621 I com.miui.home: CheckGCForNative gc_urgency 0.362806 current_native_bytes is 108040593
12-19 20:46:47.881  3155  3621 I com.miui.home: CheckGCForNative adj_start_bytes: 42721827 NativeAllocationGcWatermark: 11578403 java_gc_start_bytes: 25354223 kNewNativeDiscountFactor: 2 kOldNativeDiscountFactor: 65536 old_native_bytes: 103876297 new_native_bytes: 4623944 add_bytes_allowed: 34735209 is_gc_concurrent: 1 target_footprint_: 25518367 GetBytesAllocated: 13415984 HeapGrowthMultiplier: 3
12-19 20:46:47.881  3155  3621 I com.miui.home: CheckGCForNative gc_urgency 0.368185 current_native_bytes is 108500241
12-19 20:46:47.912  3155  3621 I com.miui.home: CheckGCForNative adj_start_bytes: 42721827 NativeAllocationGcWatermark: 11578403 java_gc_start_bytes: 25354223 kNewNativeDiscountFactor: 2 kOldNativeDiscountFactor: 65536 old_native_bytes: 103876297 new_native_bytes: 5638984 add_bytes_allowed: 34735209 is_gc_concurrent: 1 target_footprint_: 25518367 GetBytesAllocated: 13465200 HeapGrowthMultiplier: 3
12-19 20:46:47.912  3155  3621 I com.miui.home: CheckGCForNative gc_urgency 0.381217 current_native_bytes is 109515281
12-19 20:46:47.957  3155  3621 I com.miui.home: CheckGCForNative adj_start_bytes: 42721827 NativeAllocationGcWatermark: 11578403 java_gc_start_bytes: 25354223 kNewNativeDiscountFactor: 2 kOldNativeDiscountFactor: 65536 old_native_bytes: 103876297 new_native_bytes: 6420320 add_bytes_allowed: 34735209 is_gc_concurrent: 1 target_footprint_: 25518367 GetBytesAllocated: 13563632 HeapGrowthMultiplier: 3
12-19 20:46:47.957  3155  3621 I com.miui.home: CheckGCForNative gc_urgency 0.392665 current_native_bytes is 110296617
12-19 20:46:47.959  3155  3621 I com.miui.home: CheckGCForNative adj_start_bytes: 42721827 NativeAllocationGcWatermark: 11578403 java_gc_start_bytes: 25354223 kNewNativeDiscountFactor: 2 kOldNativeDiscountFactor: 65536 old_native_bytes: 103876297 new_native_bytes: 6581408 add_bytes_allowed: 34735209 is_gc_concurrent: 1 target_footprint_: 25518367 GetBytesAllocated: 13563744 HeapGrowthMultiplier: 3
12-19 20:46:47.960  3155  3621 I com.miui.home: CheckGCForNative gc_urgency 0.394553 current_native_bytes is 110457705
12-19 20:46:47.974  3155  3621 I com.miui.home: CheckGCForNative adj_start_bytes: 42721827 NativeAllocationGcWatermark: 11578403 java_gc_start_bytes: 25354223 kNewNativeDiscountFactor: 2 kOldNativeDiscountFactor: 65536 old_native_bytes: 103876297 new_native_bytes: 7292064 add_bytes_allowed: 34735209 is_gc_concurrent: 1 target_footprint_: 25518367 GetBytesAllocated: 13563744 HeapGrowthMultiplier: 3
12-19 20:46:47.974  3155  3621 I com.miui.home: CheckGCForNative gc_urgency 0.40287 current_native_bytes is 111168361
12-19 20:46:47.989  3155  3525 I com.miui.home: CheckGCForNative adj_start_bytes: 42721827 NativeAllocationGcWatermark: 11578403 java_gc_start_bytes: 25354223 kNewNativeDiscountFactor: 2 kOldNativeDiscountFactor: 65536 old_native_bytes: 103876297 new_native_bytes: 7739104 add_bytes_allowed: 34735209 is_gc_concurrent: 1 target_footprint_: 25518367 GetBytesAllocated: 13596576 HeapGrowthMultiplier: 3
12-19 20:46:47.989  3155  3525 I com.miui.home: CheckGCForNative gc_urgency 0.408871 current_native_bytes is 111615401
12-19 20:46:47.997  3155  3621 I com.miui.home: CheckGCForNative adj_start_bytes: 42721827 NativeAllocationGcWatermark: 11578403 java_gc_start_bytes: 25354223 kNewNativeDiscountFactor: 2 kOldNativeDiscountFactor: 65536 old_native_bytes: 103876297 new_native_bytes: 7732152 add_bytes_allowed: 34735209 is_gc_concurrent: 1 target_footprint_: 25518367 GetBytesAllocated: 13613072 HeapGrowthMultiplier: 3
12-19 20:46:47.997  3155  3621 I com.miui.home: CheckGCForNative gc_urgency 0.409176 current_native_bytes is 111608449
12-19 20:46:48.002  3155  3621 I com.miui.home: CheckGCForNative adj_start_bytes: 42721827 NativeAllocationGcWatermark: 11578403 java_gc_start_bytes: 25354223 kNewNativeDiscountFactor: 2 kOldNativeDiscountFactor: 65536 old_native_bytes: 103876297 new_native_bytes: 8129464 add_bytes_allowed: 34735209 is_gc_concurrent: 1 target_footprint_: 25518367 GetBytesAllocated: 13613072 HeapGrowthMultiplier: 3
12-19 20:46:48.003  3155  3621 I com.miui.home: CheckGCForNative gc_urgency 0.413826 current_native_bytes is 112005761
12-19 20:46:48.014  3155  3621 I com.miui.home: CheckGCForNative adj_start_bytes: 42721827 NativeAllocationGcWatermark: 11578403 java_gc_start_bytes: 25354223 kNewNativeDiscountFactor: 2 kOldNativeDiscountFactor: 65536 old_native_bytes: 103876297 new_native_bytes: 8687864 add_bytes_allowed: 34735209 is_gc_concurrent: 1 target_footprint_: 25518367 GetBytesAllocated: 13646016 HeapGrowthMultiplier: 3
12-19 20:46:48.014  3155  3621 I com.miui.home: CheckGCForNative gc_urgency 0.421132 current_native_bytes is 112564161
12-19 20:46:48.045  3155  3621 I com.miui.home: CheckGCForNative adj_start_bytes: 42721827 NativeAllocationGcWatermark: 11578403 java_gc_start_bytes: 25354223 kNewNativeDiscountFactor: 2 kOldNativeDiscountFactor: 65536 old_native_bytes: 103876297 new_native_bytes: 9210424 add_bytes_allowed: 34735209 is_gc_concurrent: 1 target_footprint_: 25518367 GetBytesAllocated: 13695344 HeapGrowthMultiplier: 3
12-19 20:46:48.045  3155  3621 I com.miui.home: CheckGCForNative gc_urgency 0.428403 current_native_bytes is 113086721
12-19 20:46:48.052  3155  3621 I com.miui.home: CheckGCForNative adj_start_bytes: 42721827 NativeAllocationGcWatermark: 11578403 java_gc_start_bytes: 25354223 kNewNativeDiscountFactor: 2 kOldNativeDiscountFactor: 65536 old_native_bytes: 103876297 new_native_bytes: 9607896 add_bytes_allowed: 34735209 is_gc_concurrent: 1 target_footprint_: 25518367 GetBytesAllocated: 13711728 HeapGrowthMultiplier: 3
12-19 20:46:48.052  3155  3621 I com.miui.home: CheckGCForNative gc_urgency 0.433438 current_native_bytes is 113484193
12-19 20:46:48.095  3155  3621 I cccccc  : getTaskSnapshotInstance: 430
12-19 20:46:48.131  3155  3621 I com.miui.home: CheckGCForNative adj_start_bytes: 42721827 NativeAllocationGcWatermark: 11578403 java_gc_start_bytes: 25354223 kNewNativeDiscountFactor: 2 kOldNativeDiscountFactor: 65536 old_native_bytes: 103876297 new_native_bytes: 21231116 add_bytes_allowed: 34735209 is_gc_concurrent: 1 target_footprint_: 25518367 GetBytesAllocated: 14072736 HeapGrowthMultiplier: 3
12-19 20:46:48.131  3155  3621 I com.miui.home: CheckGCForNative gc_urgency 0.577922 current_native_bytes is 125107413
12-19 20:46:48.132  3155  3621 I cccccc  : getTaskThumbnailInfo: 2460 1.0  10705920
12-19 20:46:48.141  3155  8054 I com.miui.home: CheckGCForNative adj_start_bytes: 42721827 NativeAllocationGcWatermark: 11578403 java_gc_start_bytes: 25354223 kNewNativeDiscountFactor: 2 kOldNativeDiscountFactor: 65536 old_native_bytes: 103876297 new_native_bytes: 10527828 add_bytes_allowed: 34735209 is_gc_concurrent: 1 target_footprint_: 25518367 GetBytesAllocated: 14105696 HeapGrowthMultiplier: 3
12-19 20:46:48.141  3155  8054 I com.miui.home: CheckGCForNative gc_urgency 0.453426 current_native_bytes is 114404125
12-19 20:46:48.210  3155  7119 D cccccc  : onTaskStackChangedBackground
12-19 20:46:48.212  3155  7120 D cccccc  : onTaskStackChangedBackground
12-19 20:46:48.215  3155  3210 D cccccc  : onTaskStackChangedBackground
12-19 20:46:48.247  3155  3621 I com.miui.home: CheckGCForNative adj_start_bytes: 42721827 NativeAllocationGcWatermark: 11578403 java_gc_start_bytes: 25354223 kNewNativeDiscountFactor: 2 kOldNativeDiscountFactor: 65536 old_native_bytes: 103876297 new_native_bytes: 11019100 add_bytes_allowed: 34735209 is_gc_concurrent: 1 target_footprint_: 25518367 GetBytesAllocated: 14482656 HeapGrowthMultiplier: 3
12-19 20:46:48.247  3155  3621 I com.miui.home: CheckGCForNative gc_urgency 0.467999 current_native_bytes is 114895397
12-19 20:46:48.258  3155  3621 I cccccc  : getTaskSnapshotInstance: 430
12-19 20:46:48.259  3155  3621 I com.miui.home: CheckGCForNative adj_start_bytes: 42721827 NativeAllocationGcWatermark: 11578403 java_gc_start_bytes: 25354223 kNewNativeDiscountFactor: 2 kOldNativeDiscountFactor: 65536 old_native_bytes: 103876297 new_native_bytes: 21742352 add_bytes_allowed: 34735209 is_gc_concurrent: 1 target_footprint_: 25518367 GetBytesAllocated: 14531808 HeapGrowthMultiplier: 3
12-19 20:46:48.259  3155  3621 I com.miui.home: CheckGCForNative gc_urgency 0.594651 current_native_bytes is 125618649
12-19 20:46:48.259  3155  3621 I cccccc  : getTaskThumbnailInfo: 2460 1.0  10705920
12-19 20:46:48.322  3155  3621 I com.miui.home: CheckGCForNative adj_start_bytes: 42721827 NativeAllocationGcWatermark: 11578403 java_gc_start_bytes: 25354223 kNewNativeDiscountFactor: 2 kOldNativeDiscountFactor: 65536 old_native_bytes: 103876297 new_native_bytes: 11154384 add_bytes_allowed: 34735209 is_gc_concurrent: 1 target_footprint_: 25518367 GetBytesAllocated: 14827008 HeapGrowthMultiplier: 3
12-19 20:46:48.322  3155  3621 I com.miui.home: CheckGCForNative gc_urgency 0.477643 current_native_bytes is 115030681
12-19 20:46:48.401  7638  7638 I wm_on_top_resumed_lost_called: [195008326,com.autonavi.map.activity.NewMapActivity,topStateChangedWhenResumed]
12-19 20:46:48.403  7638  7638 I wm_on_paused_called: [0,195008326,com.autonavi.map.activity.NewMapActivity,performPause,1]
12-19 20:46:48.422  3155  3155 I wm_on_resume_called: [0,4314700,com.miui.home.launcher.Launcher,RESUME_ACTIVITY,11]
12-19 20:46:48.422  3155  3155 I wm_on_top_resumed_gained_called: [4314700,com.miui.home.launcher.Launcher,topWhenResuming]
12-19 20:46:48.424  3155  3155 I wm_on_idle_called: com.miui.home.launcher.Launcher
12-19 20:46:48.479  7638  7638 I wm_on_stop_called: [0,195008326,com.autonavi.map.activity.NewMapActivity,STOP_ACTIVITY_ITEM,3]
12-19 20:46:48.527  3155  3210 D cccccc  : onTaskStackChangedBackground
12-19 20:46:48.527  3155  7120 D cccccc  : onTaskStackChangedBackground
12-19 20:46:48.527  3155  4295 D cccccc  : onTaskStackChangedBackground
12-19 20:46:48.556  3155  3621 I com.miui.home: CheckGCForNative adj_start_bytes: 42721827 NativeAllocationGcWatermark: 11578403 java_gc_start_bytes: 25354223 kNewNativeDiscountFactor: 2 kOldNativeDiscountFactor: 65536 old_native_bytes: 103876297 new_native_bytes: 11465860 add_bytes_allowed: 34735209 is_gc_concurrent: 1 target_footprint_: 25518367 GetBytesAllocated: 16228704 HeapGrowthMultiplier: 3
12-19 20:46:48.556  3155  3621 I com.miui.home: CheckGCForNative gc_urgency 0.514098 current_native_bytes is 115342157
12-19 20:46:48.563  3155  8054 I com.miui.home: CheckGCForNative adj_start_bytes: 42721827 NativeAllocationGcWatermark: 11578403 java_gc_start_bytes: 25354223 kNewNativeDiscountFactor: 2 kOldNativeDiscountFactor: 65536 old_native_bytes: 103876297 new_native_bytes: 11533076 add_bytes_allowed: 34735209 is_gc_concurrent: 1 target_footprint_: 25518367 GetBytesAllocated: 16261472 HeapGrowthMultiplier: 3
12-19 20:46:48.563  3155  8054 I com.miui.home: CheckGCForNative gc_urgency 0.515652 current_native_bytes is 115409373
12-19 20:46:48.609  3155  3621 I com.miui.home: CheckGCForNative adj_start_bytes: 42721827 NativeAllocationGcWatermark: 11578403 java_gc_start_bytes: 25354223 kNewNativeDiscountFactor: 2 kOldNativeDiscountFactor: 65536 old_native_bytes: 103876297 new_native_bytes: 11715208 add_bytes_allowed: 34735209 is_gc_concurrent: 1 target_footprint_: 25518367 GetBytesAllocated: 16622016 HeapGrowthMultiplier: 3
12-19 20:46:48.609  3155  3621 I com.miui.home: CheckGCForNative gc_urgency 0.526223 current_native_bytes is 115591505
12-19 20:46:48.653  3155  3155 I wm_on_top_resumed_lost_called: [4314700,com.miui.home.launcher.Launcher,topStateChangedWhenResumed]
12-19 20:46:48.660  3155  3155 I wm_on_paused_called: [0,4314700,com.miui.home.launcher.Launcher,performPause,2]
12-19 20:46:48.660  3155  3210 D cccccc  : onTaskStackChangedBackground
12-19 20:46:48.661  3155  7120 D cccccc  : onTaskStackChangedBackground
12-19 20:46:48.662  3155  3682 D cccccc  : onTaskStackChangedBackground
12-19 20:46:48.668  3155  3210 D cccccc  : onTaskStackChangedBackground
12-19 20:46:48.734  3155  3621 I com.miui.home: CheckGCForNative adj_start_bytes: 42721827 NativeAllocationGcWatermark: 11578403 java_gc_start_bytes: 25354223 kNewNativeDiscountFactor: 2 kOldNativeDiscountFactor: 65536 old_native_bytes: 103876297 new_native_bytes: 11970392 add_bytes_allowed: 34735209 is_gc_concurrent: 1 target_footprint_: 25518367 GetBytesAllocated: 17277600 HeapGrowthMultiplier: 3
12-19 20:46:48.734  3155  3621 I com.miui.home: CheckGCForNative gc_urgency 0.544555 current_native_bytes is 115846689
12-19 20:46:48.764  3155  3621 I cccccc  : getTaskSnapshotInstance: 431
12-19 20:46:48.766  3155  4295 D cccccc  : onTaskStackChangedBackground
12-19 20:46:48.771  3155  3682 D cccccc  : onTaskStackChangedBackground
12-19 20:46:48.777  3155  3210 D cccccc  : onTaskStackChangedBackground
12-19 20:46:48.852  3155  3621 I com.miui.home: CheckGCForNative adj_start_bytes: 42721827 NativeAllocationGcWatermark: 11578403 java_gc_start_bytes: 25354223 kNewNativeDiscountFactor: 2 kOldNativeDiscountFactor: 65536 old_native_bytes: 103876297 new_native_bytes: 12549948 add_bytes_allowed: 34735209 is_gc_concurrent: 1 target_footprint_: 25518367 GetBytesAllocated: 17875808 HeapGrowthMultiplier: 3
12-19 20:46:48.852  3155  3621 I com.miui.home: CheckGCForNative gc_urgency 0.56534 current_native_bytes is 116426245
12-19 20:46:48.893  3155  3621 I cccccc  : getTaskSnapshotInstance: 431
12-19 20:46:48.903  3155  3525 I com.miui.home: CheckGCForNative adj_start_bytes: 42721827 NativeAllocationGcWatermark: 11578403 java_gc_start_bytes: 25354223 kNewNativeDiscountFactor: 2 kOldNativeDiscountFactor: 65536 old_native_bytes: 103876297 new_native_bytes: 12733976 add_bytes_allowed: 34735209 is_gc_concurrent: 1 target_footprint_: 25518367 GetBytesAllocated: 18187328 HeapGrowthMultiplier: 3
12-19 20:46:48.903  3155  3525 I com.miui.home: CheckGCForNative gc_urgency 0.574786 current_native_bytes is 116610273
12-19 20:46:48.950  3155  3621 I com.miui.home: CheckGCForNative adj_start_bytes: 42721827 NativeAllocationGcWatermark: 11578403 java_gc_start_bytes: 25354223 kNewNativeDiscountFactor: 2 kOldNativeDiscountFactor: 65536 old_native_bytes: 103876297 new_native_bytes: 13209368 add_bytes_allowed: 34735209 is_gc_concurrent: 1 target_footprint_: 25518367 GetBytesAllocated: 18465856 HeapGrowthMultiplier: 3
12-19 20:46:48.950  3155  3621 I com.miui.home: CheckGCForNative gc_urgency 0.586869 current_native_bytes is 117085665
12-19 20:46:48.960  3155  3621 I cccccc  : getTaskSnapshotInstance: 431
12-19 20:46:49.168  8093  8093 I wm_on_create_called: [0,124012372,fm.qingting.qtradio.WelcomeActivity,performCreate,89]
12-19 20:46:49.169  8093  8093 I wm_on_start_called: [0,124012372,fm.qingting.qtradio.WelcomeActivity,handleStartActivity,0]
12-19 20:46:49.172  8093  8093 I wm_on_resume_called: [0,124012372,fm.qingting.qtradio.WelcomeActivity,RESUME_ACTIVITY,2]
12-19 20:46:49.187  8093  8093 I wm_on_top_resumed_gained_called: [124012372,fm.qingting.qtradio.WelcomeActivity,topStateChangedWhenResumed]
12-19 20:46:49.403  3155  3155 I wm_on_stop_called: [0,4314700,com.miui.home.launcher.Launcher,STOP_ACTIVITY_ITEM,4]
12-19 20:46:49.695  8093  8093 I wm_on_idle_called: fm.qingting.qtradio.WelcomeActivity
12-19 20:46:50.320  3155  3155 I wm_on_restart_called: [0,4314700,com.miui.home.launcher.Launcher,performRestartActivity,0]
12-19 20:46:50.322  3155  3155 I wm_on_start_called: [0,4314700,com.miui.home.launcher.Launcher,handleStartActivity,2]
12-19 20:46:50.383  3155  3631 I com.miui.home: CheckGCForNative adj_start_bytes: 42721827 NativeAllocationGcWatermark: 11578403 java_gc_start_bytes: 25354223 kNewNativeDiscountFactor: 2 kOldNativeDiscountFactor: 65536 old_native_bytes: 103876297 new_native_bytes: 24142532 add_bytes_allowed: 34735209 is_gc_concurrent: 1 target_footprint_: 25518367 GetBytesAllocated: 19064416 HeapGrowthMultiplier: 3
12-19 20:46:50.383  3155  3631 I com.miui.home: CheckGCForNative gc_urgency 0.728837 current_native_bytes is 128018829
12-19 20:46:50.383  3155  3631 I com.miui.home: CheckGCForNative adj_start_bytes: 42721827 NativeAllocationGcWatermark: 11578403 java_gc_start_bytes: 25354223 kNewNativeDiscountFactor: 2 kOldNativeDiscountFactor: 65536 old_native_bytes: 103876297 new_native_bytes: 34848708 add_bytes_allowed: 34735209 is_gc_concurrent: 1 target_footprint_: 25518367 GetBytesAllocated: 19080992 HeapGrowthMultiplier: 3
12-19 20:46:50.383  3155  3631 I com.miui.home: CheckGCForNative gc_urgency 0.854526 current_native_bytes is 138725005
12-19 20:46:50.383  3155  3631 I cccccc  : getTaskThumbnailInfo: 2460 1.0  10705920
12-19 20:46:50.410  3155  3631 I com.miui.home: CheckGCForNative adj_start_bytes: 42721827 NativeAllocationGcWatermark: 11578403 java_gc_start_bytes: 25354223 kNewNativeDiscountFactor: 2 kOldNativeDiscountFactor: 65536 old_native_bytes: 103876297 new_native_bytes: 34857060 add_bytes_allowed: 34735209 is_gc_concurrent: 1 target_footprint_: 25518367 GetBytesAllocated: 19080992 HeapGrowthMultiplier: 3
12-19 20:46:50.412  3155  3631 I com.miui.home: CheckGCForNative gc_urgency 0.855008 current_native_bytes is 138733357
12-19 20:46:50.417  3155  3155 I cccccc  : getTaskThumbnailInfo: 2460 1.0  10705920
12-19 20:46:50.475  3155  3155 I wm_on_stop_called: [0,4314700,com.miui.home.launcher.Launcher,STOP_ACTIVITY_ITEM,5]
12-19 20:46:50.613  8093  8093 I wm_on_top_resumed_lost_called: [124012372,fm.qingting.qtradio.WelcomeActivity,topStateChangedWhenResumed]
12-19 20:46:50.618  8093  8093 I wm_on_paused_called: [0,124012372,fm.qingting.qtradio.WelcomeActivity,performPause,4]
12-19 20:46:50.732  3155  3210 D cccccc  : onTaskStackChangedBackground
12-19 20:46:50.733  3155  4295 D cccccc  : onTaskStackChangedBackground
12-19 20:46:50.733  3155  3631 D cccccc  : onTaskStackChangedBackground
12-19 20:46:50.782  3155  3621 I com.miui.home: CheckGCForNative adj_start_bytes: 42721827 NativeAllocationGcWatermark: 11578403 java_gc_start_bytes: 25354223 kNewNativeDiscountFactor: 2 kOldNativeDiscountFactor: 65536 old_native_bytes: 103876297 new_native_bytes: 24248836 add_bytes_allowed: 34735209 is_gc_concurrent: 1 target_footprint_: 25518367 GetBytesAllocated: 19491200 HeapGrowthMultiplier: 3
12-19 20:46:50.782  3155  3621 I com.miui.home: CheckGCForNative gc_urgency 0.740071 current_native_bytes is 128125133
12-19 20:46:50.801  3155  3621 I cccccc  : getTaskSnapshotInstance: 431
12-19 20:46:50.802  3155  3621 I com.miui.home: CheckGCForNative adj_start_bytes: 42721827 NativeAllocationGcWatermark: 11578403 java_gc_start_bytes: 25354223 kNewNativeDiscountFactor: 2 kOldNativeDiscountFactor: 65536 old_native_bytes: 103876297 new_native_bytes: 35055416 add_bytes_allowed: 34735209 is_gc_concurrent: 1 target_footprint_: 25518367 GetBytesAllocated: 19589504 HeapGrowthMultiplier: 3
12-19 20:46:50.802  3155  3621 I com.miui.home: CheckGCForNative gc_urgency 0.868849 current_native_bytes is 138931713
12-19 20:46:50.803  3155  3621 I com.miui.home: CheckGCForNative adj_start_bytes: 42721827 NativeAllocationGcWatermark: 11578403 java_gc_start_bytes: 25354223 kNewNativeDiscountFactor: 2 kOldNativeDiscountFactor: 65536 old_native_bytes: 103876297 new_native_bytes: 45761336 add_bytes_allowed: 34735209 is_gc_concurrent: 1 target_footprint_: 25518367 GetBytesAllocated: 19589696 HeapGrowthMultiplier: 3
12-19 20:46:50.803  3155  3621 I com.miui.home: CheckGCForNative gc_urgency 0.994151 current_native_bytes is 149637633
12-19 20:46:50.803  3155  3621 I cccccc  : getTaskThumbnailInfo: 2460 1.0  10705920
12-19 20:46:50.841  3155  3621 I com.miui.home: CheckGCForNative adj_start_bytes: 42721827 NativeAllocationGcWatermark: 11578403 java_gc_start_bytes: 25354223 kNewNativeDiscountFactor: 2 kOldNativeDiscountFactor: 65536 old_native_bytes: 103876297 new_native_bytes: 35202552 add_bytes_allowed: 34735209 is_gc_concurrent: 1 target_footprint_: 25518367 GetBytesAllocated: 19868384 HeapGrowthMultiplier: 3
12-19 20:46:50.841  3155  3621 I com.miui.home: CheckGCForNative gc_urgency 0.877098 current_native_bytes is 139078849
12-19 20:46:50.894  8093  8093 I wm_on_create_called: [0,21590363,fm.qingting.qtradio.QTRadioActivity,performCreate,246]
12-19 20:46:50.932  8093  8093 I wm_on_start_called: [0,21590363,fm.qingting.qtradio.QTRadioActivity,handleStartActivity,38]
12-19 20:46:50.935  8093  8093 I wm_on_resume_called: [0,21590363,fm.qingting.qtradio.QTRadioActivity,RESUME_ACTIVITY,3]
12-19 20:46:50.986  8093  8093 I wm_on_top_resumed_gained_called: [21590363,fm.qingting.qtradio.QTRadioActivity,topStateChangedWhenResumed]
12-19 20:46:51.168  8093  8093 I wm_on_stop_called: [0,124012372,fm.qingting.qtradio.WelcomeActivity,LIFECYCLER_STOP_ACTIVITY,2]
12-19 20:46:51.169  8093  8093 I wm_on_destroy_called: [0,124012372,fm.qingting.qtradio.WelcomeActivity,performDestroy,1]
12-19 20:46:51.210  8093  8093 I wm_on_idle_called: fm.qingting.qtradio.QTRadioActivity
12-19 20:46:51.829  3155  3155 I wm_on_restart_called: [0,4314700,com.miui.home.launcher.Launcher,performRestartActivity,0]
12-19 20:46:51.831  3155  3155 I wm_on_start_called: [0,4314700,com.miui.home.launcher.Launcher,handleStartActivity,2]
12-19 20:46:51.858  3155  3210 I com.miui.home: CheckGCForNative adj_start_bytes: 42721827 NativeAllocationGcWatermark: 11578403 java_gc_start_bytes: 25354223 kNewNativeDiscountFactor: 2 kOldNativeDiscountFactor: 65536 old_native_bytes: 103876297 new_native_bytes: 35310232 add_bytes_allowed: 34735209 is_gc_concurrent: 1 target_footprint_: 25518367 GetBytesAllocated: 20248168 HeapGrowthMultiplier: 3
12-19 20:46:51.858  3155  3210 I com.miui.home: CheckGCForNative gc_urgency 0.887248 current_native_bytes is 139186529
12-19 20:46:51.900  3155  3210 I com.miui.home: CheckGCForNative adj_start_bytes: 42721827 NativeAllocationGcWatermark: 11578403 java_gc_start_bytes: 25354223 kNewNativeDiscountFactor: 2 kOldNativeDiscountFactor: 65536 old_native_bytes: 103876297 new_native_bytes: 45995056 add_bytes_allowed: 34735209 is_gc_concurrent: 1 target_footprint_: 25518367 GetBytesAllocated: 20428552 HeapGrowthMultiplier: 3
12-19 20:46:51.900  3155  3210 I com.miui.home: CheckGCForNative gc_urgency 1.01652 current_native_bytes is 149871353
12-19 20:46:51.900  3155  3210 I com.miui.home: CheckGCForNative requested 1
12-19 20:46:51.901  3155  3210 I com.miui.home: CheckGCForNative adj_start_bytes: 42721827 NativeAllocationGcWatermark: 11578403 java_gc_start_bytes: 25354223 kNewNativeDiscountFactor: 2 kOldNativeDiscountFactor: 65536 old_native_bytes: 103876297 new_native_bytes: 56700976 add_bytes_allowed: 34735209 is_gc_concurrent: 1 target_footprint_: 25518367 GetBytesAllocated: 20445128 HeapGrowthMultiplier: 3
12-19 20:46:51.901  3155  3210 I com.miui.home: CheckGCForNative gc_urgency 1.14221 current_native_bytes is 160577273
12-19 20:46:51.901  3155  3210 I com.miui.home: CheckGCForNative requested 1
12-19 20:46:51.901  3155  3210 I cccccc  : getTaskThumbnailInfo: 2460 1.0  10705920
12-19 20:46:51.912  3155  3210 I com.miui.home: CheckGCForNative adj_start_bytes: 42721827 NativeAllocationGcWatermark: 11578403 java_gc_start_bytes: 25354223 kNewNativeDiscountFactor: 2 kOldNativeDiscountFactor: 65536 old_native_bytes: 103876297 new_native_bytes: 56703280 add_bytes_allowed: 34735209 is_gc_concurrent: 1 target_footprint_: 25518367 GetBytesAllocated: 20477896 HeapGrowthMultiplier: 3
12-19 20:46:51.913  3155  3210 I com.miui.home: CheckGCForNative gc_urgency 1.143 current_native_bytes is 160579577
12-19 20:46:51.913  3155  3210 I com.miui.home: CheckGCForNative requested 1
12-19 20:46:51.921  3155  3155 I cccccc  : getTaskThumbnailInfo: 2460 1.0  10705920
12-19 20:46:52.060  3155  3525 I com.miui.home: CheckGCForNative adj_start_bytes: 42721827 NativeAllocationGcWatermark: 11578403 java_gc_start_bytes: 25354223 kNewNativeDiscountFactor: 2 kOldNativeDiscountFactor: 65536 old_native_bytes: 103876297 new_native_bytes: 46013768 add_bytes_allowed: 34735209 is_gc_concurrent: 1 target_footprint_: 25518367 GetBytesAllocated: 20641928 HeapGrowthMultiplier: 3
12-19 20:46:52.060  3155  3525 I com.miui.home: CheckGCForNative gc_urgency 1.02174 current_native_bytes is 149890065
12-19 20:46:52.060  3155  3525 I com.miui.home: CheckGCForNative requested 1
12-19 20:46:52.109  3155  3198 I com.miui.home: NativeAlloc concurrent copying GC freed 141092(7043KB) AllocSpace objects, 6(312KB) LOS objects, 49% free, 12MB/25MB, paused 259us,97us total 206.994ms
12-19 20:46:52.434  3155  3155 I wm_on_resume_called: [0,4314700,com.miui.home.launcher.Launcher,RESUME_ACTIVITY,5]
12-19 20:46:52.436  3155  3155 I wm_on_idle_called: com.miui.home.launcher.Launcher
12-19 20:46:52.436  3155  7630 I com.miui.home: CheckGCForNative gc_urgency 0 current_native_bytes is 119666117
12-19 20:46:52.536  8093  8093 I wm_on_top_resumed_lost_called: [21590363,fm.qingting.qtradio.QTRadioActivity,topStateChangedWhenResumed]
12-19 20:46:52.539  8093  8093 I wm_on_paused_called: [0,21590363,fm.qingting.qtradio.QTRadioActivity,performPause,2]
12-19 20:46:52.540  3155  3155 I wm_on_top_resumed_gained_called: [4314700,com.miui.home.launcher.Launcher,topStateChangedWhenResumed]
12-19 20:46:52.554  3155  3210 D cccccc  : onTaskStackChangedBackground
12-19 20:46:52.558  3155  3210 D cccccc  : onTaskStackChangedBackground
12-19 20:46:52.562  3155  3210 D cccccc  : onTaskStackChangedBackground
12-19 20:46:52.569  8093  8093 I wm_on_stop_called: [0,21590363,fm.qingting.qtradio.QTRadioActivity,STOP_ACTIVITY_ITEM,17]
12-19 20:46:52.647  3155  3621 I com.miui.home: CheckGCForNative adj_start_bytes: 43567585 NativeAllocationGcWatermark: 11674317 java_gc_start_bytes: 26056110 kNewNativeDiscountFactor: 2 kOldNativeDiscountFactor: 65536 old_native_bytes: 119666117 new_native_bytes: 3059432 add_bytes_allowed: 35022951 is_gc_concurrent: 1 target_footprint_: 26285678 GetBytesAllocated: 14667960 HeapGrowthMultiplier: 3
12-19 20:46:52.647  3155  3621 I com.miui.home: CheckGCForNative gc_urgency 0.371825 current_native_bytes is 122725549
12-19 20:46:52.672  3155  3621 I com.miui.home: CheckGCForNative adj_start_bytes: 43567585 NativeAllocationGcWatermark: 11674317 java_gc_start_bytes: 26056110 kNewNativeDiscountFactor: 2 kOldNativeDiscountFactor: 65536 old_native_bytes: 119666117 new_native_bytes: 3720344 add_bytes_allowed: 35022951 is_gc_concurrent: 1 target_footprint_: 26285678 GetBytesAllocated: 14799096 HeapGrowthMultiplier: 3
12-19 20:46:52.672  3155  3621 I com.miui.home: CheckGCForNative gc_urgency 0.382419 current_native_bytes is 123386461
12-19 20:46:52.685  3155  3621 I cccccc  : getTaskSnapshotInstance: 431
12-19 20:46:52.686  3155  3621 I com.miui.home: CheckGCForNative adj_start_bytes: 43567585 NativeAllocationGcWatermark: 11674317 java_gc_start_bytes: 26056110 kNewNativeDiscountFactor: 2 kOldNativeDiscountFactor: 65536 old_native_bytes: 119666117 new_native_bytes: 14979884 add_bytes_allowed: 35022951 is_gc_concurrent: 1 target_footprint_: 26285678 GetBytesAllocated: 14881080 HeapGrowthMultiplier: 3
12-19 20:46:52.686  3155  3621 I com.miui.home: CheckGCForNative gc_urgency 0.513521 current_native_bytes is 134646001
12-19 20:46:52.686  3155  3621 I cccccc  : getTaskThumbnailInfo: 2460 1.0  10705920
12-19 20:46:52.730  3155  3621 I com.miui.home: CheckGCForNative adj_start_bytes: 43567585 NativeAllocationGcWatermark: 11674317 java_gc_start_bytes: 26056110 kNewNativeDiscountFactor: 2 kOldNativeDiscountFactor: 65536 old_native_bytes: 119666117 new_native_bytes: 4563404 add_bytes_allowed: 35022951 is_gc_concurrent: 1 target_footprint_: 26285678 GetBytesAllocated: 15258264 HeapGrowthMultiplier: 3
12-19 20:46:52.730  3155  3621 I com.miui.home: CheckGCForNative gc_urgency 0.402634 current_native_bytes is 124229521
12-19 20:46:52.788  3155  3155 I wm_on_top_resumed_lost_called: [4314700,com.miui.home.launcher.Launcher,topStateChangedWhenResumed]
12-19 20:46:52.793  3155  3631 I com.miui.home: CheckGCForNative adj_start_bytes: 43567585 NativeAllocationGcWatermark: 11674317 java_gc_start_bytes: 26056110 kNewNativeDiscountFactor: 2 kOldNativeDiscountFactor: 65536 old_native_bytes: 119666117 new_native_bytes: 4636828 add_bytes_allowed: 35022951 is_gc_concurrent: 1 target_footprint_: 26285678 GetBytesAllocated: 15438520 HeapGrowthMultiplier: 3
12-19 20:46:52.793  3155  3631 I com.miui.home: CheckGCForNative gc_urgency 0.407614 current_native_bytes is 124302945
12-19 20:46:52.797  3155  3155 I wm_on_paused_called: [0,4314700,com.miui.home.launcher.Launcher,performPause,2]
12-19 20:46:52.798  3155  3631 D cccccc  : onTaskStackChangedBackground
12-19 20:46:52.799  3155  4295 D cccccc  : onTaskStackChangedBackground
12-19 20:46:52.802  3155  3631 D cccccc  : onTaskStackChangedBackground
12-19 20:46:52.817  3155  4295 D cccccc  : onTaskStackChangedBackground
12-19 20:46:52.904  3155  4295 D cccccc  : onTaskStackChangedBackground
12-19 20:46:52.906  3155  4295 D cccccc  : onTaskStackChangedBackground
12-19 20:46:52.908  3155  3631 D cccccc  : onTaskStackChangedBackground
12-19 20:46:52.909  3155  3621 I com.miui.home: CheckGCForNative adj_start_bytes: 43567585 NativeAllocationGcWatermark: 11674317 java_gc_start_bytes: 26056110 kNewNativeDiscountFactor: 2 kOldNativeDiscountFactor: 65536 old_native_bytes: 119666117 new_native_bytes: 4847560 add_bytes_allowed: 35022951 is_gc_concurrent: 1 target_footprint_: 26285678 GetBytesAllocated: 15913912 HeapGrowthMultiplier: 3
12-19 20:46:52.909  3155  3621 I com.miui.home: CheckGCForNative gc_urgency 0.420944 current_native_bytes is 124513677
12-19 20:46:52.939  3155  3621 I cccccc  : getTaskSnapshotInstance: 432
12-19 20:46:53.074  3155  3525 I com.miui.home: CheckGCForNative adj_start_bytes: 43567585 NativeAllocationGcWatermark: 11674317 java_gc_start_bytes: 26056110 kNewNativeDiscountFactor: 2 kOldNativeDiscountFactor: 65536 old_native_bytes: 119666117 new_native_bytes: 5135268 add_bytes_allowed: 35022951 is_gc_concurrent: 1 target_footprint_: 26285678 GetBytesAllocated: 16561400 HeapGrowthMultiplier: 3
12-19 20:46:53.074  3155  3525 I com.miui.home: CheckGCForNative gc_urgency 0.439108 current_native_bytes is 124801385
