12-21 10:06:11.176  3179  3179 I wm_on_stop_called: [0,60733737,com.miui.home.launcher.Launcher,STOP_ACTIVITY_ITEM,3]
12-21 10:06:11.872  9080  9080 I wm_on_idle_called: com.eg.android.AlipayGphone.AlipayLogin
12-21 10:06:11.913  3179  3179 I wm_on_restart_called: [0,60733737,com.miui.home.launcher.Launcher,performRestartActivity,0]
12-21 10:06:11.913  3179  3179 I wm_on_start_called: [0,60733737,com.miui.home.launcher.Launcher,handleStartActivity,1]
12-21 10:06:11.971  3179  3208 I com.miui.home: CheckGCForNative adj_start_bytes: 33977691 NativeAllocationGcWatermark: 10666569 java_gc_start_bytes: 17977838 kNewNativeDiscountFactor: 2 kOldNativeDiscountFactor: 65536 old_native_bytes: 135496249 new_native_bytes: 1385992 add_bytes_allowed: 31999707 is_gc_concurrent: 1 target_footprint_: 18223694 GetBytesAllocated: 10529520 HeapGrowthMultiplier: 3
12-21 10:06:11.971  3179  3208 I com.miui.home: CheckGCForNative gc_urgency 0.330352 current_native_bytes is 136882241
12-21 10:06:11.971  3179  3208 I com.miui.home: CheckGCForNative adj_start_bytes: 33977691 NativeAllocationGcWatermark: 10666569 java_gc_start_bytes: 17977838 kNewNativeDiscountFactor: 2 kOldNativeDiscountFactor: 65536 old_native_bytes: 135496249 new_native_bytes: 12091912 add_bytes_allowed: 31999707 is_gc_concurrent: 1 target_footprint_: 18223694 GetBytesAllocated: 10546096 HeapGrowthMultiplier: 3
12-21 10:06:11.971  3179  3208 I com.miui.home: CheckGCForNative gc_urgency 0.488383 current_native_bytes is 147588161
12-21 10:06:12.005  9364  9364 I wm_on_application_create_called: [0,com.eg.android.AlipayGphone,244]
12-21 10:06:12.011  3179  3208 I com.miui.home: CheckGCForNative adj_start_bytes: 33977691 NativeAllocationGcWatermark: 10666569 java_gc_start_bytes: 17977838 kNewNativeDiscountFactor: 2 kOldNativeDiscountFactor: 65536 old_native_bytes: 135496249 new_native_bytes: 12095944 add_bytes_allowed: 31999707 is_gc_concurrent: 1 target_footprint_: 18223694 GetBytesAllocated: 10578864 HeapGrowthMultiplier: 3
12-21 10:06:12.011  3179  3208 I com.miui.home: CheckGCForNative gc_urgency 0.489406 current_native_bytes is 147592193
12-21 10:06:12.108  3179  3312 I com.miui.home: CheckGCForNative adj_start_bytes: 33977691 NativeAllocationGcWatermark: 10666569 java_gc_start_bytes: 17977838 kNewNativeDiscountFactor: 2 kOldNativeDiscountFactor: 65536 old_native_bytes: 135496249 new_native_bytes: 1394344 add_bytes_allowed: 31999707 is_gc_concurrent: 1 target_footprint_: 18223694 GetBytesAllocated: 10677488 HeapGrowthMultiplier: 3
12-21 10:06:12.108  3179  3312 I com.miui.home: CheckGCForNative gc_urgency 0.334829 current_native_bytes is 136890593
12-21 10:06:12.411  3179  3179 I wm_on_stop_called: [0,60733737,com.miui.home.launcher.Launcher,STOP_ACTIVITY_ITEM,2]
12-21 10:06:12.882  3179  3179 I wm_on_restart_called: [0,60733737,com.miui.home.launcher.Launcher,performRestartActivity,0]
12-21 10:06:12.882  3179  3179 I wm_on_start_called: [0,60733737,com.miui.home.launcher.Launcher,handleStartActivity,1]
12-21 10:06:12.916  3179  3546 I com.miui.home: CheckGCForNative adj_start_bytes: 33977691 NativeAllocationGcWatermark: 10666569 java_gc_start_bytes: 17977838 kNewNativeDiscountFactor: 2 kOldNativeDiscountFactor: 65536 old_native_bytes: 135496249 new_native_bytes: 12049128 add_bytes_allowed: 31999707 is_gc_concurrent: 1 target_footprint_: 18223694 GetBytesAllocated: 11243184 HeapGrowthMultiplier: 3
12-21 10:06:12.916  3179  3546 I com.miui.home: CheckGCForNative gc_urgency 0.508269 current_native_bytes is 147545377
12-21 10:06:12.916  3179  3546 I com.miui.home: CheckGCForNative adj_start_bytes: 33977691 NativeAllocationGcWatermark: 10666569 java_gc_start_bytes: 17977838 kNewNativeDiscountFactor: 2 kOldNativeDiscountFactor: 65536 old_native_bytes: 135496249 new_native_bytes: 22755048 add_bytes_allowed: 31999707 is_gc_concurrent: 1 target_footprint_: 18223694 GetBytesAllocated: 11259760 HeapGrowthMultiplier: 3
12-21 10:06:12.918  3179  3546 I com.miui.home: CheckGCForNative gc_urgency 0.6663 current_native_bytes is 158251297
12-21 10:06:12.920  3179  3374 I com.miui.home: CheckGCForNative adj_start_bytes: 33977691 NativeAllocationGcWatermark: 10666569 java_gc_start_bytes: 17977838 kNewNativeDiscountFactor: 2 kOldNativeDiscountFactor: 65536 old_native_bytes: 135496249 new_native_bytes: 22755176 add_bytes_allowed: 31999707 is_gc_concurrent: 1 target_footprint_: 18223694 GetBytesAllocated: 11259760 HeapGrowthMultiplier: 3
12-21 10:06:12.921  3179  3374 I com.miui.home: CheckGCForNative gc_urgency 0.666302 current_native_bytes is 158251425
12-21 10:06:13.057  3179  3312 I com.miui.home: CheckGCForNative adj_start_bytes: 33977691 NativeAllocationGcWatermark: 10666569 java_gc_start_bytes: 17977838 kNewNativeDiscountFactor: 2 kOldNativeDiscountFactor: 65536 old_native_bytes: 135496249 new_native_bytes: 12086008 add_bytes_allowed: 31999707 is_gc_concurrent: 1 target_footprint_: 18223694 GetBytesAllocated: 11423888 HeapGrowthMultiplier: 3
12-21 10:06:13.057  3179  3312 I com.miui.home: CheckGCForNative gc_urgency 0.51413 current_native_bytes is 147582257
12-21 10:06:13.146  3179  3312 I com.miui.home: CheckGCForNative adj_start_bytes: 33977691 NativeAllocationGcWatermark: 10666569 java_gc_start_bytes: 17977838 kNewNativeDiscountFactor: 2 kOldNativeDiscountFactor: 65536 old_native_bytes: 135496249 new_native_bytes: 12093688 add_bytes_allowed: 31999707 is_gc_concurrent: 1 target_footprint_: 18223694 GetBytesAllocated: 11456656 HeapGrowthMultiplier: 3
12-21 10:06:13.146  3179  3312 I com.miui.home: CheckGCForNative gc_urgency 0.515208 current_native_bytes is 147589937
12-21 10:06:13.413  3179  3312 I com.miui.home: CheckGCForNative adj_start_bytes: 33977691 NativeAllocationGcWatermark: 10666569 java_gc_start_bytes: 17977838 kNewNativeDiscountFactor: 2 kOldNativeDiscountFactor: 65536 old_native_bytes: 135496249 new_native_bytes: 12430360 add_bytes_allowed: 31999707 is_gc_concurrent: 1 target_footprint_: 18223694 GetBytesAllocated: 11571344 HeapGrowthMultiplier: 3
12-21 10:06:13.413  3179  3312 I com.miui.home: CheckGCForNative gc_urgency 0.523537 current_native_bytes is 147926609
12-21 10:06:13.444  9080  9080 I wm_on_top_resumed_lost_called: [172418706,com.eg.android.AlipayGphone.AlipayLogin,topStateChangedWhenResumed]
12-21 10:06:13.489  9080  9080 I wm_on_paused_called: [0,172418706,com.eg.android.AlipayGphone.AlipayLogin,performPause,8]
12-21 10:06:13.514  3179  3179 I wm_on_resume_called: [0,60733737,com.miui.home.launcher.Launcher,RESUME_ACTIVITY,8]
12-21 10:06:13.514  3179  3179 I wm_on_top_resumed_gained_called: [60733737,com.miui.home.launcher.Launcher,topWhenResuming]
12-21 10:06:13.516  3179  3179 I wm_on_idle_called: com.miui.home.launcher.Launcher
12-21 10:06:13.636  9080  9080 I wm_on_stop_called: [0,172418706,com.eg.android.AlipayGphone.AlipayLogin,STOP_ACTIVITY_ITEM,8]
12-21 10:06:13.686  3179  3663 I com.miui.home: CheckGCForNative adj_start_bytes: 33977691 NativeAllocationGcWatermark: 10666569 java_gc_start_bytes: 17977838 kNewNativeDiscountFactor: 2 kOldNativeDiscountFactor: 65536 old_native_bytes: 135496249 new_native_bytes: 14020716 add_bytes_allowed: 31999707 is_gc_concurrent: 1 target_footprint_: 18223694 GetBytesAllocated: 12752336 HeapGrowthMultiplier: 3
12-21 10:06:13.687  3179  3663 I com.miui.home: CheckGCForNative gc_urgency 0.581698 current_native_bytes is 149516965
12-21 10:06:13.696  3179  3283 I com.miui.home: CheckGCForNative adj_start_bytes: 33977691 NativeAllocationGcWatermark: 10666569 java_gc_start_bytes: 17977838 kNewNativeDiscountFactor: 2 kOldNativeDiscountFactor: 65536 old_native_bytes: 135496249 new_native_bytes: 25090220 add_bytes_allowed: 31999707 is_gc_concurrent: 1 target_footprint_: 18223694 GetBytesAllocated: 12867184 HeapGrowthMultiplier: 3
12-21 10:06:13.696  3179  3283 I com.miui.home: CheckGCForNative gc_urgency 0.747972 current_native_bytes is 160586469
12-21 10:06:13.714  3179  3663 I com.miui.home: CheckGCForNative adj_start_bytes: 33977691 NativeAllocationGcWatermark: 10666569 java_gc_start_bytes: 17977838 kNewNativeDiscountFactor: 2 kOldNativeDiscountFactor: 65536 old_native_bytes: 135496249 new_native_bytes: 27491568 add_bytes_allowed: 31999707 is_gc_concurrent: 1 target_footprint_: 18223694 GetBytesAllocated: 13129680 HeapGrowthMultiplier: 3
12-21 10:06:13.714  3179  3663 I com.miui.home: CheckGCForNative gc_urgency 0.791035 current_native_bytes is 162987817
12-21 10:06:13.724  3179  3283 I com.miui.home: CheckGCForNative adj_start_bytes: 33977691 NativeAllocationGcWatermark: 10666569 java_gc_start_bytes: 17977838 kNewNativeDiscountFactor: 2 kOldNativeDiscountFactor: 65536 old_native_bytes: 135496249 new_native_bytes: 40082544 add_bytes_allowed: 31999707 is_gc_concurrent: 1 target_footprint_: 18223694 GetBytesAllocated: 13211600 HeapGrowthMultiplier: 3
12-21 10:06:13.724  3179  3283 I com.miui.home: CheckGCForNative gc_urgency 0.978729 current_native_bytes is 175578793
12-21 10:06:13.724  3179  3283 I com.miui.home: CheckGCForNative adj_start_bytes: 33977691 NativeAllocationGcWatermark: 10666569 java_gc_start_bytes: 17977838 kNewNativeDiscountFactor: 2 kOldNativeDiscountFactor: 65536 old_native_bytes: 135496249 new_native_bytes: 28286704 add_bytes_allowed: 31999707 is_gc_concurrent: 1 target_footprint_: 18223694 GetBytesAllocated: 13211600 HeapGrowthMultiplier: 3
12-21 10:06:13.724  3179  3283 I com.miui.home: CheckGCForNative gc_urgency 0.805147 current_native_bytes is 163782953
12-21 10:06:13.731  3179  3283 I com.miui.home: CheckGCForNative adj_start_bytes: 33977691 NativeAllocationGcWatermark: 10666569 java_gc_start_bytes: 17977838 kNewNativeDiscountFactor: 2 kOldNativeDiscountFactor: 65536 old_native_bytes: 135496249 new_native_bytes: 29073136 add_bytes_allowed: 31999707 is_gc_concurrent: 1 target_footprint_: 18223694 GetBytesAllocated: 13211600 HeapGrowthMultiplier: 3
12-21 10:06:13.731  3179  3283 I com.miui.home: CheckGCForNative gc_urgency 0.816719 current_native_bytes is 164569385
12-21 10:06:13.761  3179  3283 I com.miui.home: CheckGCForNative adj_start_bytes: 33977691 NativeAllocationGcWatermark: 10666569 java_gc_start_bytes: 17977838 kNewNativeDiscountFactor: 2 kOldNativeDiscountFactor: 65536 old_native_bytes: 135496249 new_native_bytes: 30772824 add_bytes_allowed: 31999707 is_gc_concurrent: 1 target_footprint_: 18223694 GetBytesAllocated: 13228128 HeapGrowthMultiplier: 3
12-21 10:06:13.761  3179  3283 I com.miui.home: CheckGCForNative gc_urgency 0.842218 current_native_bytes is 166269073
12-21 10:06:13.761  3179  3283 I com.miui.home: CheckGCForNative adj_start_bytes: 33977691 NativeAllocationGcWatermark: 10666569 java_gc_start_bytes: 17977838 kNewNativeDiscountFactor: 2 kOldNativeDiscountFactor: 65536 old_native_bytes: 135496249 new_native_bytes: 32223456 add_bytes_allowed: 31999707 is_gc_concurrent: 1 target_footprint_: 18223694 GetBytesAllocated: 13228128 HeapGrowthMultiplier: 3
12-21 10:06:13.761  3179  3283 I com.miui.home: CheckGCForNative gc_urgency 0.863564 current_native_bytes is 167719705
12-21 10:06:13.767  3179  3283 I com.miui.home: CheckGCForNative adj_start_bytes: 33977691 NativeAllocationGcWatermark: 10666569 java_gc_start_bytes: 17977838 kNewNativeDiscountFactor: 2 kOldNativeDiscountFactor: 65536 old_native_bytes: 135496249 new_native_bytes: 43238112 add_bytes_allowed: 31999707 is_gc_concurrent: 1 target_footprint_: 18223694 GetBytesAllocated: 13228176 HeapGrowthMultiplier: 3
12-21 10:06:13.767  3179  3283 I com.miui.home: CheckGCForNative gc_urgency 1.02565 current_native_bytes is 178734361
12-21 10:06:13.767  3179  3283 I com.miui.home: CheckGCForNative requested 1
12-21 10:06:13.851  3179  3283 I com.miui.home: CheckGCForNative gc_urgency 0 current_native_bytes is 140752217
12-21 10:06:13.853  3179  3283 I com.miui.home: CheckGCForNative adj_start_bytes: 34142826 NativeAllocationGcWatermark: 10671869 java_gc_start_bytes: 18135023 kNewNativeDiscountFactor: 2 kOldNativeDiscountFactor: 65536 old_native_bytes: 140752217 new_native_bytes: 396320 add_bytes_allowed: 32015607 is_gc_concurrent: 1 target_footprint_: 18266095 GetBytesAllocated: 9215144 HeapGrowthMultiplier: 3
12-21 10:06:13.854  3179  3283 I com.miui.home: CheckGCForNative gc_urgency 0.275767 current_native_bytes is 141148537
12-21 10:06:14.077  3179  3179 I wm_on_top_resumed_lost_called: [60733737,com.miui.home.launcher.Launcher,topStateChangedWhenResumed]
12-21 10:06:14.093  3179  3179 I wm_on_paused_called: [0,60733737,com.miui.home.launcher.Launcher,performPause,1]
12-21 10:06:14.164  3179  3663 I com.miui.home: CheckGCForNative adj_start_bytes: 34142826 NativeAllocationGcWatermark: 10671869 java_gc_start_bytes: 18135023 kNewNativeDiscountFactor: 2 kOldNativeDiscountFactor: 65536 old_native_bytes: 140752217 new_native_bytes: 896884 add_bytes_allowed: 32015607 is_gc_concurrent: 1 target_footprint_: 18266095 GetBytesAllocated: 9887448 HeapGrowthMultiplier: 3
12-21 10:06:14.164  3179  3663 I com.miui.home: CheckGCForNative gc_urgency 0.302788 current_native_bytes is 141649101
12-21 10:06:14.216  3179  3663 I com.miui.home: CheckGCForNative adj_start_bytes: 34142826 NativeAllocationGcWatermark: 10671869 java_gc_start_bytes: 18135023 kNewNativeDiscountFactor: 2 kOldNativeDiscountFactor: 65536 old_native_bytes: 140752217 new_native_bytes: 3783312 add_bytes_allowed: 32015607 is_gc_concurrent: 1 target_footprint_: 18266095 GetBytesAllocated: 10322040 HeapGrowthMultiplier: 3
12-21 10:06:14.216  3179  3663 I com.miui.home: CheckGCForNative gc_urgency 0.358266 current_native_bytes is 144535529
12-21 10:06:14.259  3179  3282 I com.miui.home: CheckGCForNative adj_start_bytes: 34142826 NativeAllocationGcWatermark: 10671869 java_gc_start_bytes: 18135023 kNewNativeDiscountFactor: 2 kOldNativeDiscountFactor: 65536 old_native_bytes: 140752217 new_native_bytes: 4294944 add_bytes_allowed: 32015607 is_gc_concurrent: 1 target_footprint_: 18266095 GetBytesAllocated: 10453176 HeapGrowthMultiplier: 3
12-21 10:06:14.259  3179  3282 I com.miui.home: CheckGCForNative gc_urgency 0.36912 current_native_bytes is 145047161
12-21 10:06:14.292  3179  3282 I com.miui.home: CheckGCForNative adj_start_bytes: 34142826 NativeAllocationGcWatermark: 10671869 java_gc_start_bytes: 18135023 kNewNativeDiscountFactor: 2 kOldNativeDiscountFactor: 65536 old_native_bytes: 140752217 new_native_bytes: 5353856 add_bytes_allowed: 32015607 is_gc_concurrent: 1 target_footprint_: 18266095 GetBytesAllocated: 10567928 HeapGrowthMultiplier: 3
12-21 10:06:14.292  3179  3282 I com.miui.home: CheckGCForNative gc_urgency 0.387988 current_native_bytes is 146106073
12-21 10:06:14.327  3179  3663 I com.miui.home: CheckGCForNative adj_start_bytes: 34142826 NativeAllocationGcWatermark: 10671869 java_gc_start_bytes: 18135023 kNewNativeDiscountFactor: 2 kOldNativeDiscountFactor: 65536 old_native_bytes: 140752217 new_native_bytes: 5442528 add_bytes_allowed: 32015607 is_gc_concurrent: 1 target_footprint_: 18266095 GetBytesAllocated: 10912472 HeapGrowthMultiplier: 3
12-21 10:06:14.328  3179  3663 I com.miui.home: CheckGCForNative gc_urgency 0.399378 current_native_bytes is 146194745
12-21 10:06:14.338  3179  3312 I com.miui.home: CheckGCForNative adj_start_bytes: 34142826 NativeAllocationGcWatermark: 10671869 java_gc_start_bytes: 18135023 kNewNativeDiscountFactor: 2 kOldNativeDiscountFactor: 65536 old_native_bytes: 140752217 new_native_bytes: 5701172 add_bytes_allowed: 32015607 is_gc_concurrent: 1 target_footprint_: 18266095 GetBytesAllocated: 10994392 HeapGrowthMultiplier: 3
12-21 10:06:14.338  3179  3312 I com.miui.home: CheckGCForNative gc_urgency 0.405565 current_native_bytes is 146453389
12-21 10:06:14.352  3179  3663 I com.miui.home: CheckGCForNative adj_start_bytes: 34142826 NativeAllocationGcWatermark: 10671869 java_gc_start_bytes: 18135023 kNewNativeDiscountFactor: 2 kOldNativeDiscountFactor: 65536 old_native_bytes: 140752217 new_native_bytes: 5843620 add_bytes_allowed: 32015607 is_gc_concurrent: 1 target_footprint_: 18266095 GetBytesAllocated: 11059928 HeapGrowthMultiplier: 3
12-21 10:06:14.352  3179  3663 I com.miui.home: CheckGCForNative gc_urgency 0.40957 current_native_bytes is 146595837
12-21 10:06:14.573  9818  9818 I wm_on_create_called: [0,259700116,com.xunmeng.pinduoduo.ui.activity.MainFrameActivity,performCreate,72]
12-21 10:06:14.690  9818  9818 I wm_on_create_called: [0,140371277,com.xunmeng.pinduoduo.ui.activity.HomeActivity,performCreate,61]
12-21 10:06:14.720  9818  9818 I wm_on_start_called: [0,140371277,com.xunmeng.pinduoduo.ui.activity.HomeActivity,handleStartActivity,29]
12-21 10:06:14.726  9818  9818 I wm_on_resume_called: [0,140371277,com.xunmeng.pinduoduo.ui.activity.HomeActivity,RESUME_ACTIVITY,6]
12-21 10:06:14.747  9818  9818 I wm_on_top_resumed_gained_called: [140371277,com.xunmeng.pinduoduo.ui.activity.HomeActivity,topStateChangedWhenResumed]
12-21 10:06:14.747  3179  3663 I com.miui.home: CheckGCForNative adj_start_bytes: 34142826 NativeAllocationGcWatermark: 10671869 java_gc_start_bytes: 18135023 kNewNativeDiscountFactor: 2 kOldNativeDiscountFactor: 65536 old_native_bytes: 140752217 new_native_bytes: 6288760 add_bytes_allowed: 32015607 is_gc_concurrent: 1 target_footprint_: 18266095 GetBytesAllocated: 11617592 HeapGrowthMultiplier: 3
12-21 10:06:14.747  3179  3663 I com.miui.home: CheckGCForNative gc_urgency 0.432422 current_native_bytes is 147040977
12-21 10:06:14.813  3179  3663 I com.miui.home: CheckGCForNative adj_start_bytes: 34142826 NativeAllocationGcWatermark: 10671869 java_gc_start_bytes: 18135023 kNewNativeDiscountFactor: 2 kOldNativeDiscountFactor: 65536 old_native_bytes: 140752217 new_native_bytes: 6932012 add_bytes_allowed: 32015607 is_gc_concurrent: 1 target_footprint_: 18266095 GetBytesAllocated: 11994824 HeapGrowthMultiplier: 3
12-21 10:06:14.813  3179  3663 I com.miui.home: CheckGCForNative gc_urgency 0.452891 current_native_bytes is 147684229
12-21 10:06:15.139  3179  3179 I wm_on_stop_called: [0,60733737,com.miui.home.launcher.Launcher,STOP_ACTIVITY_ITEM,5]
12-21 10:06:15.251  9818  9818 I wm_on_destroy_called: [0,259700116,com.xunmeng.pinduoduo.ui.activity.MainFrameActivity,performDestroy,12]
12-21 10:06:15.371  9818  9818 I wm_on_idle_called: com.xunmeng.pinduoduo.ui.activity.HomeActivity
12-21 10:06:15.517  3179  3179 I wm_on_restart_called: [0,60733737,com.miui.home.launcher.Launcher,performRestartActivity,0]
12-21 10:06:15.518  3179  3179 I wm_on_start_called: [0,60733737,com.miui.home.launcher.Launcher,handleStartActivity,0]
12-21 10:06:15.605  3179  3208 I com.miui.home: CheckGCForNative adj_start_bytes: 34142826 NativeAllocationGcWatermark: 10671869 java_gc_start_bytes: 18135023 kNewNativeDiscountFactor: 2 kOldNativeDiscountFactor: 65536 old_native_bytes: 140752217 new_native_bytes: 18438116 add_bytes_allowed: 32015607 is_gc_concurrent: 1 target_footprint_: 18266095 GetBytesAllocated: 12945560 HeapGrowthMultiplier: 3
12-21 10:06:15.605  3179  3208 I com.miui.home: CheckGCForNative gc_urgency 0.649236 current_native_bytes is 159190333
12-21 10:06:15.605  3179  3208 I com.miui.home: CheckGCForNative adj_start_bytes: 34142826 NativeAllocationGcWatermark: 10671869 java_gc_start_bytes: 18135023 kNewNativeDiscountFactor: 2 kOldNativeDiscountFactor: 65536 old_native_bytes: 140752217 new_native_bytes: 29144676 add_bytes_allowed: 32015607 is_gc_concurrent: 1 target_footprint_: 18266095 GetBytesAllocated: 12945752 HeapGrowthMultiplier: 3
12-21 10:06:15.605  3179  3208 I com.miui.home: CheckGCForNative gc_urgency 0.806033 current_native_bytes is 169896893
12-21 10:06:15.651  3179  3208 I com.miui.home: CheckGCForNative adj_start_bytes: 34142826 NativeAllocationGcWatermark: 10671869 java_gc_start_bytes: 18135023 kNewNativeDiscountFactor: 2 kOldNativeDiscountFactor: 65536 old_native_bytes: 140752217 new_native_bytes: 29159492 add_bytes_allowed: 32015607 is_gc_concurrent: 1 target_footprint_: 18266095 GetBytesAllocated: 12994904 HeapGrowthMultiplier: 3
12-21 10:06:15.651  3179  3208 I com.miui.home: CheckGCForNative gc_urgency 0.807689 current_native_bytes is 169911709
12-21 10:06:15.697  3179  3312 I com.miui.home: CheckGCForNative adj_start_bytes: 34142826 NativeAllocationGcWatermark: 10671869 java_gc_start_bytes: 18135023 kNewNativeDiscountFactor: 2 kOldNativeDiscountFactor: 65536 old_native_bytes: 140752217 new_native_bytes: 18448964 add_bytes_allowed: 32015607 is_gc_concurrent: 1 target_footprint_: 18266095 GetBytesAllocated: 13044248 HeapGrowthMultiplier: 3
12-21 10:06:15.697  3179  3312 I com.miui.home: CheckGCForNative gc_urgency 0.652286 current_native_bytes is 159201181
12-21 10:06:15.850  9818  9818 I wm_on_top_resumed_lost_called: [140371277,com.xunmeng.pinduoduo.ui.activity.HomeActivity,topStateChangedWhenResumed]
12-21 10:06:15.856  9818  9818 I wm_on_paused_called: [0,140371277,com.xunmeng.pinduoduo.ui.activity.HomeActivity,performPause,5]
12-21 10:06:15.998  3179  3663 I com.miui.home: CheckGCForNative adj_start_bytes: 34142826 NativeAllocationGcWatermark: 10671869 java_gc_start_bytes: 18135023 kNewNativeDiscountFactor: 2 kOldNativeDiscountFactor: 65536 old_native_bytes: 140752217 new_native_bytes: 18424484 add_bytes_allowed: 32015607 is_gc_concurrent: 1 target_footprint_: 18266095 GetBytesAllocated: 13372312 HeapGrowthMultiplier: 3
12-21 10:06:15.998  3179  3663 I com.miui.home: CheckGCForNative gc_urgency 0.661536 current_native_bytes is 159176701
12-21 10:06:16.045  3179  3663 I com.miui.home: CheckGCForNative adj_start_bytes: 34142826 NativeAllocationGcWatermark: 10671869 java_gc_start_bytes: 18135023 kNewNativeDiscountFactor: 2 kOldNativeDiscountFactor: 65536 old_native_bytes: 140752217 new_native_bytes: 29313208 add_bytes_allowed: 32015607 is_gc_concurrent: 1 target_footprint_: 18266095 GetBytesAllocated: 13601688 HeapGrowthMultiplier: 3
12-21 10:06:16.045  3179  3663 I com.miui.home: CheckGCForNative gc_urgency 0.827712 current_native_bytes is 170065425
12-21 10:06:16.046  3179  3283 I com.miui.home: CheckGCForNative adj_start_bytes: 34142826 NativeAllocationGcWatermark: 10671869 java_gc_start_bytes: 18135023 kNewNativeDiscountFactor: 2 kOldNativeDiscountFactor: 65536 old_native_bytes: 140752217 new_native_bytes: 18632248 add_bytes_allowed: 32015607 is_gc_concurrent: 1 target_footprint_: 18266095 GetBytesAllocated: 13634648 HeapGrowthMultiplier: 3
12-21 10:06:16.046  3179  3283 I com.miui.home: CheckGCForNative gc_urgency 0.672262 current_native_bytes is 159384465
12-21 10:06:16.053  3179  3312 I com.miui.home: CheckGCForNative adj_start_bytes: 34142826 NativeAllocationGcWatermark: 10671869 java_gc_start_bytes: 18135023 kNewNativeDiscountFactor: 2 kOldNativeDiscountFactor: 65536 old_native_bytes: 140752217 new_native_bytes: 19017272 add_bytes_allowed: 32015607 is_gc_concurrent: 1 target_footprint_: 18266095 GetBytesAllocated: 13683960 HeapGrowthMultiplier: 3
12-21 10:06:16.053  3179  3312 I com.miui.home: CheckGCForNative gc_urgency 0.679345 current_native_bytes is 159769489
12-21 10:06:16.092  9818  9818 I wm_on_create_called: [0,209011983,com.xunmeng.pinduoduo.login.LoginActivity,performCreate,20]
12-21 10:06:16.135  3179  3663 I com.miui.home: CheckGCForNative adj_start_bytes: 34142826 NativeAllocationGcWatermark: 10671869 java_gc_start_bytes: 18135023 kNewNativeDiscountFactor: 2 kOldNativeDiscountFactor: 65536 old_native_bytes: 140752217 new_native_bytes: 19165164 add_bytes_allowed: 32015607 is_gc_concurrent: 1 target_footprint_: 18266095 GetBytesAllocated: 13962744 HeapGrowthMultiplier: 3
12-21 10:06:16.135  3179  3663 I com.miui.home: CheckGCForNative gc_urgency 0.689676 current_native_bytes is 159917381
12-21 10:06:16.157  3179  3179 I wm_on_resume_called: [0,60733737,com.miui.home.launcher.Launcher,RESUME_ACTIVITY,9]
12-21 10:06:16.158  9818  9818 I wm_on_start_called: [0,209011983,com.xunmeng.pinduoduo.login.LoginActivity,handleStartActivity,62]
12-21 10:06:16.189  9818  9818 I wm_on_resume_called: [0,209011983,com.xunmeng.pinduoduo.login.LoginActivity,RESUME_ACTIVITY,3]
12-21 10:06:16.217  9818  9818 I wm_on_top_resumed_gained_called: [209011983,com.xunmeng.pinduoduo.login.LoginActivity,topStateChangedWhenResumed]
12-21 10:06:16.254  3179  3179 I wm_on_idle_called: com.miui.home.launcher.Launcher
12-21 10:06:16.354  3179  3663 I com.miui.home: CheckGCForNative adj_start_bytes: 34142826 NativeAllocationGcWatermark: 10671869 java_gc_start_bytes: 18135023 kNewNativeDiscountFactor: 2 kOldNativeDiscountFactor: 65536 old_native_bytes: 140752217 new_native_bytes: 19976976 add_bytes_allowed: 32015607 is_gc_concurrent: 1 target_footprint_: 18266095 GetBytesAllocated: 15160040 HeapGrowthMultiplier: 3
12-21 10:06:16.354  3179  3663 I com.miui.home: CheckGCForNative gc_urgency 0.736631 current_native_bytes is 160729193
12-21 10:06:16.376  3179  3663 I com.miui.home: CheckGCForNative adj_start_bytes: 34142826 NativeAllocationGcWatermark: 10671869 java_gc_start_bytes: 18135023 kNewNativeDiscountFactor: 2 kOldNativeDiscountFactor: 65536 old_native_bytes: 140752217 new_native_bytes: 30734576 add_bytes_allowed: 32015607 is_gc_concurrent: 1 target_footprint_: 18266095 GetBytesAllocated: 15307496 HeapGrowthMultiplier: 3
12-21 10:06:16.376  3179  3663 I com.miui.home: CheckGCForNative gc_urgency 0.898488 current_native_bytes is 171486793
12-21 10:06:16.408  3179  3663 I com.miui.home: CheckGCForNative adj_start_bytes: 34142826 NativeAllocationGcWatermark: 10671869 java_gc_start_bytes: 18135023 kNewNativeDiscountFactor: 2 kOldNativeDiscountFactor: 65536 old_native_bytes: 140752217 new_native_bytes: 20512580 add_bytes_allowed: 32015607 is_gc_concurrent: 1 target_footprint_: 18266095 GetBytesAllocated: 15635720 HeapGrowthMultiplier: 3
12-21 10:06:16.408  3179  3663 I com.miui.home: CheckGCForNative gc_urgency 0.758407 current_native_bytes is 161264797
12-21 10:06:16.455  3179  3179 I wm_on_paused_called: [0,60733737,com.miui.home.launcher.Launcher,performPause,1]
12-21 10:06:16.512  3179  3663 I com.miui.home: CheckGCForNative adj_start_bytes: 34142826 NativeAllocationGcWatermark: 10671869 java_gc_start_bytes: 18135023 kNewNativeDiscountFactor: 2 kOldNativeDiscountFactor: 65536 old_native_bytes: 140752217 new_native_bytes: 21101048 add_bytes_allowed: 32015607 is_gc_concurrent: 1 target_footprint_: 18266095 GetBytesAllocated: 16144072 HeapGrowthMultiplier: 3
12-21 10:06:16.512  3179  3663 I com.miui.home: CheckGCForNative gc_urgency 0.781914 current_native_bytes is 161853265
12-21 10:06:16.599  3179  3312 I com.miui.home: CheckGCForNative adj_start_bytes: 34142826 NativeAllocationGcWatermark: 10671869 java_gc_start_bytes: 18135023 kNewNativeDiscountFactor: 2 kOldNativeDiscountFactor: 65536 old_native_bytes: 140752217 new_native_bytes: 21390556 add_bytes_allowed: 32015607 is_gc_concurrent: 1 target_footprint_: 18266095 GetBytesAllocated: 16775352 HeapGrowthMultiplier: 3
12-21 10:06:16.599  3179  3312 I com.miui.home: CheckGCForNative gc_urgency 0.804643 current_native_bytes is 162142773
12-21 10:06:16.667  3179  3663 I com.miui.home: CheckGCForNative adj_start_bytes: 34142826 NativeAllocationGcWatermark: 10671869 java_gc_start_bytes: 18135023 kNewNativeDiscountFactor: 2 kOldNativeDiscountFactor: 65536 old_native_bytes: 140752217 new_native_bytes: 21654112 add_bytes_allowed: 32015607 is_gc_concurrent: 1 target_footprint_: 18266095 GetBytesAllocated: 17053880 HeapGrowthMultiplier: 3
12-21 10:06:16.667  3179  3663 I com.miui.home: CheckGCForNative gc_urgency 0.81666 current_native_bytes is 162406329
12-21 10:06:16.723  3179  3663 I com.miui.home: CheckGCForNative adj_start_bytes: 34142826 NativeAllocationGcWatermark: 10671869 java_gc_start_bytes: 18135023 kNewNativeDiscountFactor: 2 kOldNativeDiscountFactor: 65536 old_native_bytes: 140752217 new_native_bytes: 22448852 add_bytes_allowed: 32015607 is_gc_concurrent: 1 target_footprint_: 18266095 GetBytesAllocated: 17431096 HeapGrowthMultiplier: 3
12-21 10:06:16.723  3179  3663 I com.miui.home: CheckGCForNative gc_urgency 0.839347 current_native_bytes is 163201069
12-21 10:06:16.770  3179  3179 I wm_on_stop_called: [0,60733737,com.miui.home.launcher.Launcher,STOP_ACTIVITY_ITEM,3]
12-21 10:06:17.441 10122 10122 I wm_on_application_create_called: [0,com.smile.gifmaker,397]
12-21 10:06:17.701 10122 10122 I wm_on_create_called: [0,152335662,com.yxcorp.gifshow.HomeActivity,performCreate,242]
12-21 10:06:17.842 10122 10122 I wm_on_start_called: [0,152335662,com.yxcorp.gifshow.HomeActivity,handleStartActivity,140]
12-21 10:06:17.941  3179  3179 I wm_on_restart_called: [0,60733737,com.miui.home.launcher.Launcher,performRestartActivity,0]
12-21 10:06:17.942  3179  3179 I wm_on_start_called: [0,60733737,com.miui.home.launcher.Launcher,handleStartActivity,1]
12-21 10:06:17.977 10122 10122 I wm_on_resume_called: [0,152335662,com.yxcorp.gifshow.HomeActivity,RESUME_ACTIVITY,40]
12-21 10:06:18.115  3179  3225 I com.miui.home: CheckGCForNative adj_start_bytes: 33864138 NativeAllocationGcWatermark: 10671869 java_gc_start_bytes: 17856335 kNewNativeDiscountFactor: 2 kOldNativeDiscountFactor: 65536 old_native_bytes: 163782437 new_native_bytes: 8424616 add_bytes_allowed: 32015607 is_gc_concurrent: 1 target_footprint_: 18266095 GetBytesAllocated: 9931040 HeapGrowthMultiplier: 3
12-21 10:06:18.115  3179  3225 I com.miui.home: CheckGCForNative gc_urgency 0.417724 current_native_bytes is 172207053
12-21 10:06:18.115  3179  3225 I com.miui.home: CheckGCForNative adj_start_bytes: 33864138 NativeAllocationGcWatermark: 10671869 java_gc_start_bytes: 17856335 kNewNativeDiscountFactor: 2 kOldNativeDiscountFactor: 65536 old_native_bytes: 163782437 new_native_bytes: 18891656 add_bytes_allowed: 32015607 is_gc_concurrent: 1 target_footprint_: 18266095 GetBytesAllocated: 9947616 HeapGrowthMultiplier: 3
12-21 10:06:18.115  3179  3225 I com.miui.home: CheckGCForNative gc_urgency 0.572758 current_native_bytes is 182674093
12-21 10:06:18.131 10122 10122 I wm_on_top_resumed_gained_called: [152335662,com.yxcorp.gifshow.HomeActivity,topStateChangedWhenResumed]
12-21 10:06:18.158  3179  3225 I com.miui.home: CheckGCForNative adj_start_bytes: 33864138 NativeAllocationGcWatermark: 10671869 java_gc_start_bytes: 17856335 kNewNativeDiscountFactor: 2 kOldNativeDiscountFactor: 65536 old_native_bytes: 163782437 new_native_bytes: 9799360 add_bytes_allowed: 32015607 is_gc_concurrent: 1 target_footprint_: 18266095 GetBytesAllocated: 9964000 HeapGrowthMultiplier: 3
12-21 10:06:18.158  3179  3225 I com.miui.home: CheckGCForNative gc_urgency 0.438995 current_native_bytes is 173581797
12-21 10:06:18.256  3179  3179 I wm_on_stop_called: [0,60733737,com.miui.home.launcher.Launcher,STOP_ACTIVITY_ITEM,10]
12-21 10:06:18.553 10321 10321 I wm_on_application_create_called: [0,com.android.providers.downloads.ui,413]
12-21 10:06:18.943  3179  3179 I wm_on_restart_called: [0,60733737,com.miui.home.launcher.Launcher,performRestartActivity,0]
12-21 10:06:18.944  3179  3179 I wm_on_start_called: [0,60733737,com.miui.home.launcher.Launcher,handleStartActivity,0]
12-21 10:06:19.016  3179  9432 I com.miui.home: CheckGCForNative adj_start_bytes: 33864138 NativeAllocationGcWatermark: 10671869 java_gc_start_bytes: 17856335 kNewNativeDiscountFactor: 2 kOldNativeDiscountFactor: 65536 old_native_bytes: 163782437 new_native_bytes: 9757640 add_bytes_allowed: 32015607 is_gc_concurrent: 1 target_footprint_: 18266095 GetBytesAllocated: 10792512 HeapGrowthMultiplier: 3
12-21 10:06:19.016  3179  9432 I com.miui.home: CheckGCForNative gc_urgency 0.462845 current_native_bytes is 173540077
12-21 10:06:19.016  3179  9432 I com.miui.home: CheckGCForNative adj_start_bytes: 33864138 NativeAllocationGcWatermark: 10671869 java_gc_start_bytes: 17856335 kNewNativeDiscountFactor: 2 kOldNativeDiscountFactor: 65536 old_native_bytes: 163782437 new_native_bytes: 20465736 add_bytes_allowed: 32015607 is_gc_concurrent: 1 target_footprint_: 18266095 GetBytesAllocated: 10809088 HeapGrowthMultiplier: 3
12-21 10:06:19.016  3179  9432 I com.miui.home: CheckGCForNative gc_urgency 0.621438 current_native_bytes is 184248173
12-21 10:06:19.046  3179  3312 I com.miui.home: CheckGCForNative adj_start_bytes: 33864138 NativeAllocationGcWatermark: 10671869 java_gc_start_bytes: 17856335 kNewNativeDiscountFactor: 2 kOldNativeDiscountFactor: 65536 old_native_bytes: 163782437 new_native_bytes: 9762696 add_bytes_allowed: 32015607 is_gc_concurrent: 1 target_footprint_: 18266095 GetBytesAllocated: 10841856 HeapGrowthMultiplier: 3
12-21 10:06:19.046  3179  3312 I com.miui.home: CheckGCForNative gc_urgency 0.464376 current_native_bytes is 173545133
12-21 10:06:19.063  3179  3312 I com.miui.home: CheckGCForNative adj_start_bytes: 33864138 NativeAllocationGcWatermark: 10671869 java_gc_start_bytes: 17856335 kNewNativeDiscountFactor: 2 kOldNativeDiscountFactor: 65536 old_native_bytes: 163782437 new_native_bytes: 9778792 add_bytes_allowed: 32015607 is_gc_concurrent: 1 target_footprint_: 18266095 GetBytesAllocated: 10841856 HeapGrowthMultiplier: 3
12-21 10:06:19.063  3179  3312 I com.miui.home: CheckGCForNative gc_urgency 0.464614 current_native_bytes is 173561229
12-21 10:06:19.165  3179  3546 I com.miui.home: CheckGCForNative adj_start_bytes: 33864138 NativeAllocationGcWatermark: 10671869 java_gc_start_bytes: 17856335 kNewNativeDiscountFactor: 2 kOldNativeDiscountFactor: 65536 old_native_bytes: 163782437 new_native_bytes: 20450056 add_bytes_allowed: 32015607 is_gc_concurrent: 1 target_footprint_: 18266095 GetBytesAllocated: 10874624 HeapGrowthMultiplier: 3
12-21 10:06:19.165  3179  3546 I com.miui.home: CheckGCForNative gc_urgency 0.623142 current_native_bytes is 184232493
12-21 10:06:19.453  3179  3312 I com.miui.home: CheckGCForNative adj_start_bytes: 33864138 NativeAllocationGcWatermark: 10671869 java_gc_start_bytes: 17856335 kNewNativeDiscountFactor: 2 kOldNativeDiscountFactor: 65536 old_native_bytes: 163782437 new_native_bytes: 9761832 add_bytes_allowed: 32015607 is_gc_concurrent: 1 target_footprint_: 18266095 GetBytesAllocated: 11038656 HeapGrowthMultiplier: 3
12-21 10:06:19.453  3179  3312 I com.miui.home: CheckGCForNative gc_urgency 0.470175 current_native_bytes is 173544269
12-21 10:06:19.640 10122 10122 I wm_on_top_resumed_lost_called: [152335662,com.yxcorp.gifshow.HomeActivity,topStateChangedWhenResumed]
12-21 10:06:19.687 10122 10122 I wm_on_paused_called: [0,152335662,com.yxcorp.gifshow.HomeActivity,performPause,19]
12-21 10:06:19.701  3179  3179 I wm_on_resume_called: [0,60733737,com.miui.home.launcher.Launcher,RESUME_ACTIVITY,2]
12-21 10:06:19.701  3179  3179 I wm_on_top_resumed_gained_called: [60733737,com.miui.home.launcher.Launcher,topWhenResuming]
12-21 10:06:19.701  3179  3179 I wm_on_idle_called: com.miui.home.launcher.Launcher
12-21 10:06:19.875  3179  3663 I com.miui.home: CheckGCForNative adj_start_bytes: 33864138 NativeAllocationGcWatermark: 10671869 java_gc_start_bytes: 17856335 kNewNativeDiscountFactor: 2 kOldNativeDiscountFactor: 65536 old_native_bytes: 163782437 new_native_bytes: 11514384 add_bytes_allowed: 32015607 is_gc_concurrent: 1 target_footprint_: 18266095 GetBytesAllocated: 12449248 HeapGrowthMultiplier: 3
12-21 10:06:19.876  3179  3663 I com.miui.home: CheckGCForNative gc_urgency 0.537706 current_native_bytes is 175296821
12-21 10:06:19.897  3179  3663 I com.miui.home: CheckGCForNative adj_start_bytes: 33864138 NativeAllocationGcWatermark: 10671869 java_gc_start_bytes: 17856335 kNewNativeDiscountFactor: 2 kOldNativeDiscountFactor: 65536 old_native_bytes: 163782437 new_native_bytes: 13386120 add_bytes_allowed: 32015607 is_gc_concurrent: 1 target_footprint_: 18266095 GetBytesAllocated: 12531296 HeapGrowthMultiplier: 3
12-21 10:06:19.897  3179  3663 I com.miui.home: CheckGCForNative gc_urgency 0.567765 current_native_bytes is 177168557
12-21 10:06:19.913  3179  3179 I wm_on_top_resumed_lost_called: [60733737,com.miui.home.launcher.Launcher,topStateChangedWhenResumed]
12-21 10:06:19.926  3179  3179 I wm_on_paused_called: [0,60733737,com.miui.home.launcher.Launcher,performPause,1]
12-21 10:06:19.939 10122 10122 I wm_on_stop_called: [0,152335662,com.yxcorp.gifshow.HomeActivity,STOP_ACTIVITY_ITEM,61]
12-21 10:06:20.025  3179  3663 I com.miui.home: CheckGCForNative adj_start_bytes: 33864138 NativeAllocationGcWatermark: 10671869 java_gc_start_bytes: 17856335 kNewNativeDiscountFactor: 2 kOldNativeDiscountFactor: 65536 old_native_bytes: 163782437 new_native_bytes: 14783304 add_bytes_allowed: 32015607 is_gc_concurrent: 1 target_footprint_: 18266095 GetBytesAllocated: 13039984 HeapGrowthMultiplier: 3
12-21 10:06:20.025  3179  3663 I com.miui.home: CheckGCForNative gc_urgency 0.603415 current_native_bytes is 178565741
12-21 10:06:20.029  3179  3663 I com.miui.home: CheckGCForNative adj_start_bytes: 33864138 NativeAllocationGcWatermark: 10671869 java_gc_start_bytes: 17856335 kNewNativeDiscountFactor: 2 kOldNativeDiscountFactor: 65536 old_native_bytes: 163782437 new_native_bytes: 15177320 add_bytes_allowed: 32015607 is_gc_concurrent: 1 target_footprint_: 18266095 GetBytesAllocated: 13039984 HeapGrowthMultiplier: 3
12-21 10:06:20.029  3179  3663 I com.miui.home: CheckGCForNative gc_urgency 0.609233 current_native_bytes is 178959757
12-21 10:06:20.031  3179  3663 I com.miui.home: CheckGCForNative adj_start_bytes: 33864138 NativeAllocationGcWatermark: 10671869 java_gc_start_bytes: 17856335 kNewNativeDiscountFactor: 2 kOldNativeDiscountFactor: 65536 old_native_bytes: 163782437 new_native_bytes: 15181160 add_bytes_allowed: 32015607 is_gc_concurrent: 1 target_footprint_: 18266095 GetBytesAllocated: 13039984 HeapGrowthMultiplier: 3
12-21 10:06:20.041  3179  3663 I com.miui.home: CheckGCForNative gc_urgency 0.60929 current_native_bytes is 178963597
12-21 10:06:20.109  3179  3663 I com.miui.home: CheckGCForNative adj_start_bytes: 33864138 NativeAllocationGcWatermark: 10671869 java_gc_start_bytes: 17856335 kNewNativeDiscountFactor: 2 kOldNativeDiscountFactor: 65536 old_native_bytes: 163782437 new_native_bytes: 26561852 add_bytes_allowed: 32015607 is_gc_concurrent: 1 target_footprint_: 18266095 GetBytesAllocated: 13392272 HeapGrowthMultiplier: 3
12-21 10:06:20.109  3179  3663 I com.miui.home: CheckGCForNative gc_urgency 0.787727 current_native_bytes is 190344289
12-21 10:06:20.200  3179  3663 I com.miui.home: CheckGCForNative adj_start_bytes: 33864138 NativeAllocationGcWatermark: 10671869 java_gc_start_bytes: 17856335 kNewNativeDiscountFactor: 2 kOldNativeDiscountFactor: 65536 old_native_bytes: 163782437 new_native_bytes: 15994596 add_bytes_allowed: 32015607 is_gc_concurrent: 1 target_footprint_: 18266095 GetBytesAllocated: 13655120 HeapGrowthMultiplier: 3
12-21 10:06:20.200  3179  3663 I com.miui.home: CheckGCForNative gc_urgency 0.639465 current_native_bytes is 179777033
12-21 10:06:20.255  3179  3312 I com.miui.home: CheckGCForNative adj_start_bytes: 33864138 NativeAllocationGcWatermark: 10671869 java_gc_start_bytes: 17856335 kNewNativeDiscountFactor: 2 kOldNativeDiscountFactor: 65536 old_native_bytes: 163782437 new_native_bytes: 16193048 add_bytes_allowed: 32015607 is_gc_concurrent: 1 target_footprint_: 18266095 GetBytesAllocated: 13884496 HeapGrowthMultiplier: 3
12-21 10:06:20.255  3179  3312 I com.miui.home: CheckGCForNative gc_urgency 0.649168 current_native_bytes is 179975485
12-21 10:06:20.299  3179  3312 I com.miui.home: CheckGCForNative adj_start_bytes: 33864138 NativeAllocationGcWatermark: 10671869 java_gc_start_bytes: 17856335 kNewNativeDiscountFactor: 2 kOldNativeDiscountFactor: 65536 old_native_bytes: 163782437 new_native_bytes: 16195928 add_bytes_allowed: 32015607 is_gc_concurrent: 1 target_footprint_: 18266095 GetBytesAllocated: 13900880 HeapGrowthMultiplier: 3
12-21 10:06:20.299  3179  3312 I com.miui.home: CheckGCForNative gc_urgency 0.649695 current_native_bytes is 179978365
12-21 10:06:21.164 10516 10516 I wm_on_application_create_called: [0,com.tencent.qqlive,311]
12-21 10:06:21.319 10516 10516 I wm_on_create_called: [0,49923898,com.tencent.qqlive.ona.activity.SplashHomeActivity,performCreate,128]
12-21 10:06:21.374 10516 10516 I wm_on_start_called: [0,49923898,com.tencent.qqlive.ona.activity.SplashHomeActivity,handleStartActivity,55]
12-21 10:06:21.442 10516 10516 I wm_on_resume_called: [0,49923898,com.tencent.qqlive.ona.activity.SplashHomeActivity,RESUME_ACTIVITY,65]
12-21 10:06:21.607  3179  3546 I com.miui.home: CheckGCForNative adj_start_bytes: 33864138 NativeAllocationGcWatermark: 10671869 java_gc_start_bytes: 17856335 kNewNativeDiscountFactor: 2 kOldNativeDiscountFactor: 65536 old_native_bytes: 163782437 new_native_bytes: 26868172 add_bytes_allowed: 32015607 is_gc_concurrent: 1 target_footprint_: 18266095 GetBytesAllocated: 14556880 HeapGrowthMultiplier: 3
12-21 10:06:21.607  3179  3546 I com.miui.home: CheckGCForNative gc_urgency 0.82664 current_native_bytes is 190650609
12-21 10:06:21.608  3179  3546 I com.miui.home: CheckGCForNative adj_start_bytes: 33864138 NativeAllocationGcWatermark: 10671869 java_gc_start_bytes: 17856335 kNewNativeDiscountFactor: 2 kOldNativeDiscountFactor: 65536 old_native_bytes: 163782437 new_native_bytes: 37574092 add_bytes_allowed: 32015607 is_gc_concurrent: 1 target_footprint_: 18266095 GetBytesAllocated: 14573456 HeapGrowthMultiplier: 3
12-21 10:06:21.608  3179  3546 I com.miui.home: CheckGCForNative gc_urgency 0.985202 current_native_bytes is 201356529
12-21 10:06:21.615 10516 10516 I wm_on_top_resumed_gained_called: [49923898,com.tencent.qqlive.ona.activity.SplashHomeActivity,topStateChangedWhenResumed]
12-21 10:06:21.817  3179  3207 I com.miui.home: CheckGCForNative adj_start_bytes: 33864138 NativeAllocationGcWatermark: 10671869 java_gc_start_bytes: 17856335 kNewNativeDiscountFactor: 2 kOldNativeDiscountFactor: 65536 old_native_bytes: 163782437 new_native_bytes: 37466460 add_bytes_allowed: 32015607 is_gc_concurrent: 1 target_footprint_: 18266095 GetBytesAllocated: 14819600 HeapGrowthMultiplier: 3
12-21 10:06:21.817  3179  3207 I com.miui.home: CheckGCForNative gc_urgency 0.990881 current_native_bytes is 201248897
12-21 10:06:21.928  3179  3312 I com.miui.home: CheckGCForNative adj_start_bytes: 33864138 NativeAllocationGcWatermark: 10671869 java_gc_start_bytes: 17856335 kNewNativeDiscountFactor: 2 kOldNativeDiscountFactor: 65536 old_native_bytes: 163782437 new_native_bytes: 26769756 add_bytes_allowed: 32015607 is_gc_concurrent: 1 target_footprint_: 18266095 GetBytesAllocated: 14885328 HeapGrowthMultiplier: 3
12-21 10:06:21.928  3179  3312 I com.miui.home: CheckGCForNative gc_urgency 0.834886 current_native_bytes is 190552193
12-21 10:06:22.245  3179 10951 I com.miui.home: CheckGCForNative adj_start_bytes: 33864138 NativeAllocationGcWatermark: 10671869 java_gc_start_bytes: 17856335 kNewNativeDiscountFactor: 2 kOldNativeDiscountFactor: 65536 old_native_bytes: 163782437 new_native_bytes: 26767212 add_bytes_allowed: 32015607 is_gc_concurrent: 1 target_footprint_: 18266095 GetBytesAllocated: 15229872 HeapGrowthMultiplier: 3
12-21 10:06:22.245  3179 10951 I com.miui.home: CheckGCForNative gc_urgency 0.845023 current_native_bytes is 190549649
12-21 10:06:22.384  3179  3663 I com.miui.home: CheckGCForNative adj_start_bytes: 33864138 NativeAllocationGcWatermark: 10671869 java_gc_start_bytes: 17856335 kNewNativeDiscountFactor: 2 kOldNativeDiscountFactor: 65536 old_native_bytes: 163782437 new_native_bytes: 26794580 add_bytes_allowed: 32015607 is_gc_concurrent: 1 target_footprint_: 18266095 GetBytesAllocated: 15426896 HeapGrowthMultiplier: 3
12-21 10:06:22.384  3179  3663 I com.miui.home: CheckGCForNative gc_urgency 0.851245 current_native_bytes is 190577017
12-21 10:06:22.531  3179  3663 I com.miui.home: CheckGCForNative adj_start_bytes: 33864138 NativeAllocationGcWatermark: 10671869 java_gc_start_bytes: 17856335 kNewNativeDiscountFactor: 2 kOldNativeDiscountFactor: 65536 old_native_bytes: 163782437 new_native_bytes: 27029436 add_bytes_allowed: 32015607 is_gc_concurrent: 1 target_footprint_: 18266095 GetBytesAllocated: 15754576 HeapGrowthMultiplier: 3
12-21 10:06:22.531  3179  3663 I com.miui.home: CheckGCForNative gc_urgency 0.864389 current_native_bytes is 190811873
12-21 10:06:22.671  3179  3663 I com.miui.home: CheckGCForNative adj_start_bytes: 33864138 NativeAllocationGcWatermark: 10671869 java_gc_start_bytes: 17856335 kNewNativeDiscountFactor: 2 kOldNativeDiscountFactor: 65536 old_native_bytes: 163782437 new_native_bytes: 37810444 add_bytes_allowed: 32015607 is_gc_concurrent: 1 target_footprint_: 18266095 GetBytesAllocated: 15852880 HeapGrowthMultiplier: 3
12-21 10:06:22.671  3179  3663 I com.miui.home: CheckGCForNative gc_urgency 1.02647 current_native_bytes is 201592881
12-21 10:06:22.671  3179  3663 I com.miui.home: CheckGCForNative requested 1
12-21 10:06:22.747  3179  3663 I com.miui.home: CheckGCForNative adj_start_bytes: 33864138 NativeAllocationGcWatermark: 10671869 java_gc_start_bytes: 17856335 kNewNativeDiscountFactor: 2 kOldNativeDiscountFactor: 65536 old_native_bytes: 163782437 new_native_bytes: 27293480 add_bytes_allowed: 32015607 is_gc_concurrent: 1 target_footprint_: 18266095 GetBytesAllocated: 16230416 HeapGrowthMultiplier: 3
12-21 10:06:22.747  3179  3663 I com.miui.home: CheckGCForNative gc_urgency 0.882339 current_native_bytes is 191075917
12-21 10:06:22.955  3179  3663 I com.miui.home: CheckGCForNative adj_start_bytes: 33864138 NativeAllocationGcWatermark: 10671869 java_gc_start_bytes: 17856335 kNewNativeDiscountFactor: 2 kOldNativeDiscountFactor: 65536 old_native_bytes: 163782437 new_native_bytes: 27421664 add_bytes_allowed: 32015607 is_gc_concurrent: 1 target_footprint_: 18266095 GetBytesAllocated: 16607760 HeapGrowthMultiplier: 3
12-21 10:06:22.955  3179  3663 I com.miui.home: CheckGCForNative gc_urgency 0.895375 current_native_bytes is 191204101
12-21 10:06:23.126  3179  3663 I com.miui.home: CheckGCForNative adj_start_bytes: 33864138 NativeAllocationGcWatermark: 10671869 java_gc_start_bytes: 17856335 kNewNativeDiscountFactor: 2 kOldNativeDiscountFactor: 65536 old_native_bytes: 163782437 new_native_bytes: 27498004 add_bytes_allowed: 32015607 is_gc_concurrent: 1 target_footprint_: 18266095 GetBytesAllocated: 17050672 HeapGrowthMultiplier: 3
12-21 10:06:23.127  3179  3663 I com.miui.home: CheckGCForNative gc_urgency 0.909581 current_native_bytes is 191280441
12-21 10:06:23.141  3179  3663 I com.miui.home: CheckGCForNative adj_start_bytes: 33864138 NativeAllocationGcWatermark: 10671869 java_gc_start_bytes: 17856335 kNewNativeDiscountFactor: 2 kOldNativeDiscountFactor: 65536 old_native_bytes: 163782437 new_native_bytes: 27588620 add_bytes_allowed: 32015607 is_gc_concurrent: 1 target_footprint_: 18266095 GetBytesAllocated: 17116208 HeapGrowthMultiplier: 3
12-21 10:06:23.142  3179  3663 I com.miui.home: CheckGCForNative gc_urgency 0.912854 current_native_bytes is 191371057
12-21 10:06:23.220  3179  3203 I com.miui.home: NativeAlloc concurrent copying GC freed 136236(7154KB) AllocSpace objects, 12(368KB) LOS objects, 49% free, 9336KB/18MB, paused 123us,28us total 546.788ms
12-21 10:06:23.460  3179  3179 I wm_on_stop_called: [0,60733737,com.miui.home.launcher.Launcher,STOP_ACTIVITY_ITEM,2]
12-21 10:06:23.559 11019 11019 I wm_on_create_called: [0,160886258,com.tencent.mobileqq.activity.SplashActivity,performCreate,84]
12-21 10:06:23.563 11019 11019 I wm_on_start_called: [0,160886258,com.tencent.mobileqq.activity.SplashActivity,handleStartActivity,4]
12-21 10:06:23.577 11019 11019 I wm_on_resume_called: [0,160886258,com.tencent.mobileqq.activity.SplashActivity,RESUME_ACTIVITY,12]
12-21 10:06:23.601 11019 11019 I wm_on_top_resumed_gained_called: [160886258,com.tencent.mobileqq.activity.SplashActivity,topStateChangedWhenResumed]
12-21 10:06:23.791 11019 11019 I wm_on_idle_called: com.tencent.mobileqq.activity.SplashActivity
12-21 10:06:23.872 11019 11019 I wm_on_top_resumed_lost_called: [160886258,com.tencent.mobileqq.activity.SplashActivity,topStateChangedWhenResumed]
12-21 10:06:23.875 11019 11019 I wm_on_paused_called: [0,160886258,com.tencent.mobileqq.activity.SplashActivity,performPause,1]
12-21 10:06:23.924 11019 11019 I wm_on_create_called: [0,211787146,com.tencent.mobileqq.activity.LoginActivity,performCreate,23]
12-21 10:06:23.952 11019 11019 I wm_on_start_called: [0,211787146,com.tencent.mobileqq.activity.LoginActivity,handleStartActivity,27]
12-21 10:06:23.955 11019 11019 I wm_on_resume_called: [0,211787146,com.tencent.mobileqq.activity.LoginActivity,RESUME_ACTIVITY,4]
12-21 10:06:23.964 11019 11019 I wm_on_top_resumed_gained_called: [211787146,com.tencent.mobileqq.activity.LoginActivity,topStateChangedWhenResumed]
12-21 10:06:24.047 11019 11019 I wm_on_idle_called: com.tencent.mobileqq.activity.LoginActivity
12-21 10:06:24.051  3179  3663 I com.miui.home: CheckGCForNative gc_urgency 0 current_native_bytes is 116108673
12-21 10:06:24.101  3179  3663 I com.miui.home: CheckGCForNative adj_start_bytes: 34765253 NativeAllocationGcWatermark: 10778779 java_gc_start_bytes: 18597085 kNewNativeDiscountFactor: 2 kOldNativeDiscountFactor: 65536 old_native_bytes: 116108673 new_native_bytes: 2123884 add_bytes_allowed: 32336337 is_gc_concurrent: 1 target_footprint_: 19121373 GetBytesAllocated: 10455280 HeapGrowthMultiplier: 3
12-21 10:06:24.101  3179  3663 I com.miui.home: CheckGCForNative gc_urgency 0.331336 current_native_bytes is 118232557
12-21 10:06:24.143  3179  3663 I com.miui.home: CheckGCForNative adj_start_bytes: 34765253 NativeAllocationGcWatermark: 10778779 java_gc_start_bytes: 18597085 kNewNativeDiscountFactor: 2 kOldNativeDiscountFactor: 65536 old_native_bytes: 116108673 new_native_bytes: 2601632 add_bytes_allowed: 32336337 is_gc_concurrent: 1 target_footprint_: 19121373 GetBytesAllocated: 10848944 HeapGrowthMultiplier: 3
12-21 10:06:24.143  3179  3663 I com.miui.home: CheckGCForNative gc_urgency 0.349531 current_native_bytes is 118710305
12-21 10:06:24.289  3179  3179 I wm_on_restart_called: [0,60733737,com.miui.home.launcher.Launcher,performRestartActivity,0]
12-21 10:06:24.289  3179  3179 I wm_on_start_called: [0,60733737,com.miui.home.launcher.Launcher,handleStartActivity,1]
