12-21 16:14:38.244  3148  3670 I com.miui.home: CheckGCForNative adj_start_bytes: 35777692 NativeAllocationGcWatermark: 10877631 java_gc_start_bytes: 19461246 kNewNativeDiscountFactor: 2 kOldNativeDiscountFactor: 65536 old_native_bytes: 152219369 new_native_bytes: 8509600 add_bytes_allowed: 32632893 is_gc_concurrent: 1 target_footprint_: 19912190 GetBytesAllocated: 11286056 HeapGrowthMultiplier: 3
12-21 16:14:38.244  3148  3670 I com.miui.home: CheckGCForNative gc_urgency 0.434438 current_native_bytes is 160728969
12-21 16:14:38.244  3148  3670 I com.miui.home: CheckGCForNative adj_start_bytes: 35777692 NativeAllocationGcWatermark: 10877631 java_gc_start_bytes: 19461246 kNewNativeDiscountFactor: 2 kOldNativeDiscountFactor: 65536 old_native_bytes: 152219369 new_native_bytes: 8542016 add_bytes_allowed: 32632893 is_gc_concurrent: 1 target_footprint_: 19912190 GetBytesAllocated: 11286056 HeapGrowthMultiplier: 3
12-21 16:14:38.244  3148  3670 I com.miui.home: CheckGCForNative gc_urgency 0.434891 current_native_bytes is 160761385
12-21 16:14:38.256  3148  3670 I com.miui.home: CheckGCForNative adj_start_bytes: 35777692 NativeAllocationGcWatermark: 10877631 java_gc_start_bytes: 19461246 kNewNativeDiscountFactor: 2 kOldNativeDiscountFactor: 65536 old_native_bytes: 152219369 new_native_bytes: 9253536 add_bytes_allowed: 32632893 is_gc_concurrent: 1 target_footprint_: 19912190 GetBytesAllocated: 11319016 HeapGrowthMultiplier: 3
12-21 16:14:38.256  3148  3670 I com.miui.home: CheckGCForNative gc_urgency 0.445756 current_native_bytes is 161472905
12-21 16:14:38.263  3148  3670 I com.miui.home: CheckGCForNative adj_start_bytes: 35777692 NativeAllocationGcWatermark: 10877631 java_gc_start_bytes: 19461246 kNewNativeDiscountFactor: 2 kOldNativeDiscountFactor: 65536 old_native_bytes: 152219369 new_native_bytes: 9910304 add_bytes_allowed: 32632893 is_gc_concurrent: 1 target_footprint_: 19912190 GetBytesAllocated: 11319016 HeapGrowthMultiplier: 3
12-21 16:14:38.263  3148  3670 I com.miui.home: CheckGCForNative gc_urgency 0.454934 current_native_bytes is 162129673
12-21 16:14:38.350 13660 13660 I wm_on_start_called: [0,155673907,com.youku.v2.HomePageEntry,handleStartActivity,125]
12-21 16:14:38.379  3148  3670 I com.miui.home: CheckGCForNative adj_start_bytes: 35777692 NativeAllocationGcWatermark: 10877631 java_gc_start_bytes: 19461246 kNewNativeDiscountFactor: 2 kOldNativeDiscountFactor: 65536 old_native_bytes: 152219369 new_native_bytes: 10404792 add_bytes_allowed: 32632893 is_gc_concurrent: 1 target_footprint_: 19912190 GetBytesAllocated: 11433896 HeapGrowthMultiplier: 3
12-21 16:14:38.379  3148  3670 I com.miui.home: CheckGCForNative gc_urgency 0.465056 current_native_bytes is 162624161
12-21 16:14:38.383  3148  3148 I wm_on_resume_called: [0,201178947,com.miui.home.launcher.Launcher,RESUME_ACTIVITY,7]
12-21 16:14:38.393  3148  3670 I com.miui.home: CheckGCForNative adj_start_bytes: 35777692 NativeAllocationGcWatermark: 10877631 java_gc_start_bytes: 19461246 kNewNativeDiscountFactor: 2 kOldNativeDiscountFactor: 65536 old_native_bytes: 152219369 new_native_bytes: 10802232 add_bytes_allowed: 32632893 is_gc_concurrent: 1 target_footprint_: 19912190 GetBytesAllocated: 11483784 HeapGrowthMultiplier: 3
12-21 16:14:38.393  3148  3670 I com.miui.home: CheckGCForNative gc_urgency 0.472004 current_native_bytes is 163021601
12-21 16:14:38.442  3148  3670 I com.miui.home: CheckGCForNative adj_start_bytes: 35777692 NativeAllocationGcWatermark: 10877631 java_gc_start_bytes: 19461246 kNewNativeDiscountFactor: 2 kOldNativeDiscountFactor: 65536 old_native_bytes: 152219369 new_native_bytes: 11381200 add_bytes_allowed: 32632893 is_gc_concurrent: 1 target_footprint_: 19912190 GetBytesAllocated: 12172104 HeapGrowthMultiplier: 3
12-21 16:14:38.442  3148  3670 I com.miui.home: CheckGCForNative gc_urgency 0.499334 current_native_bytes is 163600569
12-21 16:14:38.484  3148  3670 I com.miui.home: CheckGCForNative adj_start_bytes: 35777692 NativeAllocationGcWatermark: 10877631 java_gc_start_bytes: 19461246 kNewNativeDiscountFactor: 2 kOldNativeDiscountFactor: 65536 old_native_bytes: 152219369 new_native_bytes: 11911312 add_bytes_allowed: 32632893 is_gc_concurrent: 1 target_footprint_: 19912190 GetBytesAllocated: 12221528 HeapGrowthMultiplier: 3
12-21 16:14:38.484  3148  3670 I com.miui.home: CheckGCForNative gc_urgency 0.508124 current_native_bytes is 164130681
12-21 16:14:38.502  3148  3670 I com.miui.home: CheckGCForNative adj_start_bytes: 35777692 NativeAllocationGcWatermark: 10877631 java_gc_start_bytes: 19461246 kNewNativeDiscountFactor: 2 kOldNativeDiscountFactor: 65536 old_native_bytes: 152219369 new_native_bytes: 12308144 add_bytes_allowed: 32632893 is_gc_concurrent: 1 target_footprint_: 19912190 GetBytesAllocated: 12221528 HeapGrowthMultiplier: 3
12-21 16:14:38.507  3148  3670 I com.miui.home: CheckGCForNative gc_urgency 0.513671 current_native_bytes is 164527513
12-21 16:14:38.515  3148  3148 I wm_on_idle_called: com.miui.home.launcher.Launcher
12-21 16:14:38.570  3148  3670 I com.miui.home: CheckGCForNative adj_start_bytes: 35777692 NativeAllocationGcWatermark: 10877631 java_gc_start_bytes: 19461246 kNewNativeDiscountFactor: 2 kOldNativeDiscountFactor: 65536 old_native_bytes: 152219369 new_native_bytes: 12786736 add_bytes_allowed: 32632893 is_gc_concurrent: 1 target_footprint_: 19912190 GetBytesAllocated: 12303704 HeapGrowthMultiplier: 3
12-21 16:14:38.570  3148  3670 I com.miui.home: CheckGCForNative gc_urgency 0.522655 current_native_bytes is 165006105
12-21 16:14:38.621  3148  3670 I com.miui.home: CheckGCForNative adj_start_bytes: 35777692 NativeAllocationGcWatermark: 10877631 java_gc_start_bytes: 19461246 kNewNativeDiscountFactor: 2 kOldNativeDiscountFactor: 65536 old_native_bytes: 152219369 new_native_bytes: 13620332 add_bytes_allowed: 32632893 is_gc_concurrent: 1 target_footprint_: 19912190 GetBytesAllocated: 12407304 HeapGrowthMultiplier: 3
12-21 16:14:38.621  3148  3670 I com.miui.home: CheckGCForNative gc_urgency 0.5372 current_native_bytes is 165839701
12-21 16:14:38.627  3148  3670 I com.miui.home: CheckGCForNative adj_start_bytes: 35777692 NativeAllocationGcWatermark: 10877631 java_gc_start_bytes: 19461246 kNewNativeDiscountFactor: 2 kOldNativeDiscountFactor: 65536 old_native_bytes: 152219369 new_native_bytes: 14082284 add_bytes_allowed: 32632893 is_gc_concurrent: 1 target_footprint_: 19912190 GetBytesAllocated: 12427784 HeapGrowthMultiplier: 3
12-21 16:14:38.627  3148  3670 I com.miui.home: CheckGCForNative gc_urgency 0.544229 current_native_bytes is 166301653
12-21 16:14:38.657 13660 13660 I wm_on_resume_called: [0,155673907,com.youku.v2.HomePageEntry,RESUME_ACTIVITY,224]
12-21 16:14:38.707  3148  3670 I com.miui.home: CheckGCForNative adj_start_bytes: 35777692 NativeAllocationGcWatermark: 10877631 java_gc_start_bytes: 19461246 kNewNativeDiscountFactor: 2 kOldNativeDiscountFactor: 65536 old_native_bytes: 152219369 new_native_bytes: 26239700 add_bytes_allowed: 32632893 is_gc_concurrent: 1 target_footprint_: 19912190 GetBytesAllocated: 12575432 HeapGrowthMultiplier: 3
12-21 16:14:38.707  3148  3670 I com.miui.home: CheckGCForNative gc_urgency 0.718258 current_native_bytes is 178459069
12-21 16:14:38.753  3148  3670 I com.miui.home: CheckGCForNative adj_start_bytes: 35777692 NativeAllocationGcWatermark: 10877631 java_gc_start_bytes: 19461246 kNewNativeDiscountFactor: 2 kOldNativeDiscountFactor: 65536 old_native_bytes: 152219369 new_native_bytes: 15797364 add_bytes_allowed: 32632893 is_gc_concurrent: 1 target_footprint_: 19912190 GetBytesAllocated: 12871192 HeapGrowthMultiplier: 3
12-21 16:14:38.753  3148  3670 I com.miui.home: CheckGCForNative gc_urgency 0.580591 current_native_bytes is 168016733
12-21 16:14:38.768  3148  3670 I com.miui.home: CheckGCForNative adj_start_bytes: 35777692 NativeAllocationGcWatermark: 10877631 java_gc_start_bytes: 19461246 kNewNativeDiscountFactor: 2 kOldNativeDiscountFactor: 65536 old_native_bytes: 152219369 new_native_bytes: 26717672 add_bytes_allowed: 32632893 is_gc_concurrent: 1 target_footprint_: 19912190 GetBytesAllocated: 13067800 HeapGrowthMultiplier: 3
12-21 16:14:38.768  3148  3670 I com.miui.home: CheckGCForNative gc_urgency 0.738699 current_native_bytes is 178937041
12-21 16:14:38.867  3148  3148 I wm_on_top_resumed_gained_called: [201178947,com.miui.home.launcher.Launcher,topStateChangedWhenResumed]
12-21 16:14:38.872 13660 13660 I wm_on_top_resumed_gained_called: [155673907,com.youku.v2.HomePageEntry,topStateChangedWhenResumed]
12-21 16:14:39.032 13660 13660 I wm_on_top_resumed_lost_called: [155673907,com.youku.v2.HomePageEntry,topStateChangedWhenResumed]
12-21 16:14:39.062  3148  3148 I wm_on_top_resumed_lost_called: [201178947,com.miui.home.launcher.Launcher,topStateChangedWhenResumed]
12-21 16:14:39.081  3148  3148 I wm_on_paused_called: [0,201178947,com.miui.home.launcher.Launcher,performPause,0]
12-21 16:14:39.148  3148  3670 I com.miui.home: CheckGCForNative adj_start_bytes: 35777692 NativeAllocationGcWatermark: 10877631 java_gc_start_bytes: 19461246 kNewNativeDiscountFactor: 2 kOldNativeDiscountFactor: 65536 old_native_bytes: 152219369 new_native_bytes: 16148660 add_bytes_allowed: 32632893 is_gc_concurrent: 1 target_footprint_: 19912190 GetBytesAllocated: 13625784 HeapGrowthMultiplier: 3
12-21 16:14:39.148  3148  3670 I com.miui.home: CheckGCForNative gc_urgency 0.606591 current_native_bytes is 168368029
12-21 16:14:39.199  3148  3670 I com.miui.home: CheckGCForNative adj_start_bytes: 35777692 NativeAllocationGcWatermark: 10877631 java_gc_start_bytes: 19461246 kNewNativeDiscountFactor: 2 kOldNativeDiscountFactor: 65536 old_native_bytes: 152219369 new_native_bytes: 16095528 add_bytes_allowed: 32632893 is_gc_concurrent: 1 target_footprint_: 19912190 GetBytesAllocated: 13806008 HeapGrowthMultiplier: 3
12-21 16:14:39.199  3148  3670 I com.miui.home: CheckGCForNative gc_urgency 0.610886 current_native_bytes is 168314897
12-21 16:14:39.251 13660 13660 I wm_on_paused_called: [0,155673907,com.youku.v2.HomePageEntry,performPause,30]
12-21 16:14:39.269  3148  3310 I com.miui.home: CheckGCForNative adj_start_bytes: 35777692 NativeAllocationGcWatermark: 10877631 java_gc_start_bytes: 19461246 kNewNativeDiscountFactor: 2 kOldNativeDiscountFactor: 65536 old_native_bytes: 152219369 new_native_bytes: 16237904 add_bytes_allowed: 32632893 is_gc_concurrent: 1 target_footprint_: 19912190 GetBytesAllocated: 14339256 HeapGrowthMultiplier: 3
12-21 16:14:39.269  3148  3310 I com.miui.home: CheckGCForNative gc_urgency 0.62778 current_native_bytes is 168457273
12-21 16:14:39.335 13660 13660 I wm_on_stop_called: [0,155673907,com.youku.v2.HomePageEntry,STOP_ACTIVITY_ITEM,78]
12-21 16:14:39.337 13660 13660 I wm_on_destroy_called: [0,250456005,com.youku.phone.ActivityWelcome,performDestroy,1]
12-21 16:14:39.369  3148  3310 I com.miui.home: CheckGCForNative adj_start_bytes: 35777692 NativeAllocationGcWatermark: 10877631 java_gc_start_bytes: 19461246 kNewNativeDiscountFactor: 2 kOldNativeDiscountFactor: 65536 old_native_bytes: 152219369 new_native_bytes: 16405444 add_bytes_allowed: 32632893 is_gc_concurrent: 1 target_footprint_: 19912190 GetBytesAllocated: 14601432 HeapGrowthMultiplier: 3
12-21 16:14:39.369  3148  3310 I com.miui.home: CheckGCForNative gc_urgency 0.63745 current_native_bytes is 168624813
12-21 16:14:39.487  3148  3670 I com.miui.home: CheckGCForNative adj_start_bytes: 35777692 NativeAllocationGcWatermark: 10877631 java_gc_start_bytes: 19461246 kNewNativeDiscountFactor: 2 kOldNativeDiscountFactor: 65536 old_native_bytes: 152219369 new_native_bytes: 16526980 add_bytes_allowed: 32632893 is_gc_concurrent: 1 target_footprint_: 19912190 GetBytesAllocated: 14962648 HeapGrowthMultiplier: 3
12-21 16:14:39.487  3148  3670 I com.miui.home: CheckGCForNative gc_urgency 0.649244 current_native_bytes is 168746349
12-21 16:14:39.872 14233 14233 I wm_on_application_create_called: [0,com.quark.browser,246]
12-21 16:14:40.008 14233 14233 I wm_on_create_called: [0,209020890,com.ucpro.MainActivity,performCreate,76]
12-21 16:14:40.221  3148  3670 I com.miui.home: CheckGCForNative adj_start_bytes: 35777692 NativeAllocationGcWatermark: 10877631 java_gc_start_bytes: 19461246 kNewNativeDiscountFactor: 2 kOldNativeDiscountFactor: 65536 old_native_bytes: 152219369 new_native_bytes: 16919736 add_bytes_allowed: 32632893 is_gc_concurrent: 1 target_footprint_: 19912190 GetBytesAllocated: 15471384 HeapGrowthMultiplier: 3
12-21 16:14:40.221  3148  3670 I com.miui.home: CheckGCForNative gc_urgency 0.668952 current_native_bytes is 169139105
12-21 16:14:40.268  3148  3670 I com.miui.home: CheckGCForNative adj_start_bytes: 35777692 NativeAllocationGcWatermark: 10877631 java_gc_start_bytes: 19461246 kNewNativeDiscountFactor: 2 kOldNativeDiscountFactor: 65536 old_native_bytes: 152219369 new_native_bytes: 17241836 add_bytes_allowed: 32632893 is_gc_concurrent: 1 target_footprint_: 19912190 GetBytesAllocated: 15881656 HeapGrowthMultiplier: 3
12-21 16:14:40.268  3148  3670 I com.miui.home: CheckGCForNative gc_urgency 0.684921 current_native_bytes is 169461205
12-21 16:14:40.284  3148  3670 I com.miui.home: CheckGCForNative adj_start_bytes: 35777692 NativeAllocationGcWatermark: 10877631 java_gc_start_bytes: 19461246 kNewNativeDiscountFactor: 2 kOldNativeDiscountFactor: 65536 old_native_bytes: 152219369 new_native_bytes: 17392384 add_bytes_allowed: 32632893 is_gc_concurrent: 1 target_footprint_: 19912190 GetBytesAllocated: 16029112 HeapGrowthMultiplier: 3
12-21 16:14:40.284  3148  3670 I com.miui.home: CheckGCForNative gc_urgency 0.691146 current_native_bytes is 169611753
12-21 16:14:40.296  3148  3670 I com.miui.home: CheckGCForNative adj_start_bytes: 35777692 NativeAllocationGcWatermark: 10877631 java_gc_start_bytes: 19461246 kNewNativeDiscountFactor: 2 kOldNativeDiscountFactor: 65536 old_native_bytes: 152219369 new_native_bytes: 17418368 add_bytes_allowed: 32632893 is_gc_concurrent: 1 target_footprint_: 19912190 GetBytesAllocated: 16111032 HeapGrowthMultiplier: 3
12-21 16:14:40.296  3148  3670 I com.miui.home: CheckGCForNative gc_urgency 0.693799 current_native_bytes is 169637737
12-21 16:14:40.395 14233 14233 I wm_on_create_called: [0,208423842,com.ucpro.BrowserActivity,performCreate,310]
12-21 16:14:40.399 14233 14233 I wm_on_start_called: [0,208423842,com.ucpro.BrowserActivity,handleStartActivity,4]
12-21 16:14:40.406 14233 14233 I wm_on_resume_called: [0,208423842,com.ucpro.BrowserActivity,RESUME_ACTIVITY,4]
12-21 16:14:40.430 14233 14233 I wm_on_top_resumed_gained_called: [208423842,com.ucpro.BrowserActivity,topStateChangedWhenResumed]
12-21 16:14:41.054  3148  3193 I com.miui.home: CheckGCForNative adj_start_bytes: 35777692 NativeAllocationGcWatermark: 10877631 java_gc_start_bytes: 19461246 kNewNativeDiscountFactor: 2 kOldNativeDiscountFactor: 65536 old_native_bytes: 152219369 new_native_bytes: 28257796 add_bytes_allowed: 32632893 is_gc_concurrent: 1 target_footprint_: 19912190 GetBytesAllocated: 16717720 HeapGrowthMultiplier: 3
12-21 16:14:41.054  3148  3193 I com.miui.home: CheckGCForNative gc_urgency 0.86224 current_native_bytes is 180477165
12-21 16:14:41.054  3148  3193 I com.miui.home: CheckGCForNative adj_start_bytes: 35777692 NativeAllocationGcWatermark: 10877631 java_gc_start_bytes: 19461246 kNewNativeDiscountFactor: 2 kOldNativeDiscountFactor: 65536 old_native_bytes: 152219369 new_native_bytes: 38963716 add_bytes_allowed: 32632893 is_gc_concurrent: 1 target_footprint_: 19912190 GetBytesAllocated: 16734296 HeapGrowthMultiplier: 3
12-21 16:14:41.054  3148  3193 I com.miui.home: CheckGCForNative gc_urgency 1.01232 current_native_bytes is 191183085
12-21 16:14:41.054  3148  3193 I com.miui.home: CheckGCForNative requested 1
12-21 16:14:41.055  3148  3194 I com.miui.home: CheckGCForNative adj_start_bytes: 35777692 NativeAllocationGcWatermark: 10877631 java_gc_start_bytes: 19461246 kNewNativeDiscountFactor: 2 kOldNativeDiscountFactor: 65536 old_native_bytes: 152219369 new_native_bytes: 38963716 add_bytes_allowed: 32632893 is_gc_concurrent: 1 target_footprint_: 19912190 GetBytesAllocated: 16734296 HeapGrowthMultiplier: 3
12-21 16:14:41.056  3148  3194 I com.miui.home: CheckGCForNative gc_urgency 1.01232 current_native_bytes is 191183085
12-21 16:14:41.067  3148  3194 I com.miui.home: CheckGCForNative requested 1
12-21 16:14:41.275  3148  3187 I com.miui.home: NativeAlloc concurrent copying GC freed 116086(6262KB) AllocSpace objects, 18(528KB) LOS objects, 49% free, 9664KB/18MB, paused 170us,82us total 216.183ms
12-21 16:14:41.390  3148  3310 I com.miui.home: CheckGCForNative gc_urgency 0 current_native_bytes is 128297305
12-21 16:14:41.610  3148  3148 I wm_on_resume_called: [0,201178947,com.miui.home.launcher.Launcher,RESUME_ACTIVITY,8]
12-21 16:14:41.612  3148  3148 I wm_on_idle_called: com.miui.home.launcher.Launcher
12-21 16:14:41.801  3148  3286 I com.miui.home: CheckGCForNative adj_start_bytes: 35955141 NativeAllocationGcWatermark: 10862639 java_gc_start_bytes: 19661183 kNewNativeDiscountFactor: 2 kOldNativeDiscountFactor: 65536 old_native_bytes: 128297305 new_native_bytes: 301072 add_bytes_allowed: 32587917 is_gc_concurrent: 1 target_footprint_: 19792255 GetBytesAllocated: 10659280 HeapGrowthMultiplier: 3
12-21 16:14:41.801  3148  3286 I com.miui.home: CheckGCForNative gc_urgency 0.300702 current_native_bytes is 128598377
12-21 16:14:41.822  3148  3670 I com.miui.home: CheckGCForNative adj_start_bytes: 35955141 NativeAllocationGcWatermark: 10862639 java_gc_start_bytes: 19661183 kNewNativeDiscountFactor: 2 kOldNativeDiscountFactor: 65536 old_native_bytes: 128297305 new_native_bytes: 708408 add_bytes_allowed: 32587917 is_gc_concurrent: 1 target_footprint_: 19792255 GetBytesAllocated: 10856464 HeapGrowthMultiplier: 3
12-21 16:14:41.822  3148  3670 I com.miui.home: CheckGCForNative gc_urgency 0.31185 current_native_bytes is 129005713
12-21 16:14:41.835  3148  3670 I com.miui.home: CheckGCForNative adj_start_bytes: 35955141 NativeAllocationGcWatermark: 10862639 java_gc_start_bytes: 19661183 kNewNativeDiscountFactor: 2 kOldNativeDiscountFactor: 65536 old_native_bytes: 128297305 new_native_bytes: 1976216 add_bytes_allowed: 32587917 is_gc_concurrent: 1 target_footprint_: 19792255 GetBytesAllocated: 10938448 HeapGrowthMultiplier: 3
12-21 16:14:41.835  3148  3670 I com.miui.home: CheckGCForNative gc_urgency 0.331761 current_native_bytes is 130273521
12-21 16:14:41.842  3148  3670 I com.miui.home: CheckGCForNative adj_start_bytes: 35955141 NativeAllocationGcWatermark: 10862639 java_gc_start_bytes: 19661183 kNewNativeDiscountFactor: 2 kOldNativeDiscountFactor: 65536 old_native_bytes: 128297305 new_native_bytes: 2164076 add_bytes_allowed: 32587917 is_gc_concurrent: 1 target_footprint_: 19792255 GetBytesAllocated: 11036752 HeapGrowthMultiplier: 3
12-21 16:14:41.842  3148  3670 I com.miui.home: CheckGCForNative gc_urgency 0.337107 current_native_bytes is 130461381
12-21 16:14:41.860  3148  3670 I com.miui.home: CheckGCForNative adj_start_bytes: 35955141 NativeAllocationGcWatermark: 10862639 java_gc_start_bytes: 19661183 kNewNativeDiscountFactor: 2 kOldNativeDiscountFactor: 65536 old_native_bytes: 128297305 new_native_bytes: 13836036 add_bytes_allowed: 32587917 is_gc_concurrent: 1 target_footprint_: 19792255 GetBytesAllocated: 11184400 HeapGrowthMultiplier: 3
12-21 16:14:41.860  3148  3670 I com.miui.home: CheckGCForNative gc_urgency 0.503527 current_native_bytes is 142133341
12-21 16:14:41.874 14491 14491 I wm_on_application_create_called: [0,com.quark.browser,545]
12-21 16:14:41.902  3148  3148 I com.miui.home: CheckGCForNative adj_start_bytes: 35955141 NativeAllocationGcWatermark: 10862639 java_gc_start_bytes: 19661183 kNewNativeDiscountFactor: 2 kOldNativeDiscountFactor: 65536 old_native_bytes: 128297305 new_native_bytes: 3243396 add_bytes_allowed: 32587917 is_gc_concurrent: 1 target_footprint_: 19792255 GetBytesAllocated: 11315776 HeapGrowthMultiplier: 3
12-21 16:14:41.902  3148  3148 I com.miui.home: CheckGCForNative gc_urgency 0.359877 current_native_bytes is 131540701
12-21 16:14:42.095  3148  3148 I wm_on_top_resumed_gained_called: [201178947,com.miui.home.launcher.Launcher,topStateChangedWhenResumed]
12-21 16:14:43.683 14708 14708 I wm_on_application_create_called: [0,com.tencent.mobileqq,613]
12-21 16:14:43.786 14333 14333 I wm_on_application_create_called: [0,com.tencent.mm,2243]
12-21 16:14:44.625 13198 13198 I wm_on_application_create_called: [0,com.UCMobile,11314]
12-21 16:14:45.503 15046 15046 I wm_on_application_create_called: [0,com.UCMobile,493]
12-21 16:14:46.991 14233 14233 I wm_on_paused_called: [0,208423842,com.ucpro.BrowserActivity,performPause,488]
12-21 16:14:47.144 11957 11957 I wm_on_start_called: [0,159354027,com.taobao.tao.TBMainActivity,handleStartActivity,21846]
