12-21 16:14:25.642  3148  3670 I com.miui.home: CheckGCForNative adj_start_bytes: 36717788 NativeAllocationGcWatermark: 10984309 java_gc_start_bytes: 20241325 kNewNativeDiscountFactor: 2 kOldNativeDiscountFactor: 65536 old_native_bytes: 120430357 new_native_bytes: 13057964 add_bytes_allowed: 32952927 is_gc_concurrent: 1 target_footprint_: 20765613 GetBytesAllocated: 16959640 HeapGrowthMultiplier: 3
12-21 16:14:25.642  3148  3670 I com.miui.home: CheckGCForNative gc_urgency 0.639757 current_native_bytes is 133488321
12-21 16:14:25.794  7263  7263 I wm_on_create_called: [0,207724906,com.tencent.mm.ui.LauncherUI,performCreate,290]
12-21 16:14:25.816  7263  7263 I wm_on_start_called: [0,207724906,com.tencent.mm.ui.LauncherUI,handleStartActivity,13]
12-21 16:14:25.867  7263  7263 I wm_on_resume_called: [0,207724906,com.tencent.mm.ui.LauncherUI,RESUME_ACTIVITY,51]
12-21 16:14:25.887  7263  7263 I wm_on_top_resumed_gained_called: [207724906,com.tencent.mm.ui.LauncherUI,topStateChangedWhenResumed]
12-21 16:14:25.890  7263  7263 I wm_on_top_resumed_lost_called: [207724906,com.tencent.mm.ui.LauncherUI,topStateChangedWhenResumed]
12-21 16:14:25.897  7263  7263 I wm_on_paused_called: [0,207724906,com.tencent.mm.ui.LauncherUI,performPause,5]
12-21 16:14:25.936  3148  3148 I wm_on_stop_called: [0,201178947,com.miui.home.launcher.Launcher,STOP_ACTIVITY_ITEM,3]
12-21 16:14:26.039  3148  3670 I com.miui.home: CheckGCForNative adj_start_bytes: 36717788 NativeAllocationGcWatermark: 10984309 java_gc_start_bytes: 20241325 kNewNativeDiscountFactor: 2 kOldNativeDiscountFactor: 65536 old_native_bytes: 120430357 new_native_bytes: 13433708 add_bytes_allowed: 32952927 is_gc_concurrent: 1 target_footprint_: 20765613 GetBytesAllocated: 17541880 HeapGrowthMultiplier: 3
12-21 16:14:26.039  3148  3670 I com.miui.home: CheckGCForNative gc_urgency 0.660731 current_native_bytes is 133864065
12-21 16:14:26.043  3148  3670 I com.miui.home: CheckGCForNative adj_start_bytes: 36717788 NativeAllocationGcWatermark: 10984309 java_gc_start_bytes: 20241325 kNewNativeDiscountFactor: 2 kOldNativeDiscountFactor: 65536 old_native_bytes: 120430357 new_native_bytes: 13471616 add_bytes_allowed: 32952927 is_gc_concurrent: 1 target_footprint_: 20765613 GetBytesAllocated: 17591032 HeapGrowthMultiplier: 3
12-21 16:14:26.043  3148  3670 I com.miui.home: CheckGCForNative gc_urgency 0.662586 current_native_bytes is 133901973
12-21 16:14:26.070  3148  3670 I com.miui.home: CheckGCForNative adj_start_bytes: 36717788 NativeAllocationGcWatermark: 10984309 java_gc_start_bytes: 20241325 kNewNativeDiscountFactor: 2 kOldNativeDiscountFactor: 65536 old_native_bytes: 120430357 new_native_bytes: 13687776 add_bytes_allowed: 32952927 is_gc_concurrent: 1 target_footprint_: 20765613 GetBytesAllocated: 17919240 HeapGrowthMultiplier: 3
12-21 16:14:26.070  3148  3670 I com.miui.home: CheckGCForNative gc_urgency 0.674468 current_native_bytes is 134118133
12-21 16:14:26.085  3148  3670 I com.miui.home: CheckGCForNative adj_start_bytes: 36717788 NativeAllocationGcWatermark: 10984309 java_gc_start_bytes: 20241325 kNewNativeDiscountFactor: 2 kOldNativeDiscountFactor: 65536 old_native_bytes: 120430357 new_native_bytes: 13917428 add_bytes_allowed: 32952927 is_gc_concurrent: 1 target_footprint_: 20765613 GetBytesAllocated: 18148616 HeapGrowthMultiplier: 3
12-21 16:14:26.085  3148  3670 I com.miui.home: CheckGCForNative gc_urgency 0.683842 current_native_bytes is 134347785
12-21 16:14:26.149  7263  7263 I wm_on_create_called: [0,255846861,com.tencent.mm.plugin.account.ui.WelcomeActivity,performCreate,43]
12-21 16:14:26.152  7263  7263 I wm_on_start_called: [0,255846861,com.tencent.mm.plugin.account.ui.WelcomeActivity,handleStartActivity,1]
12-21 16:14:26.156  7263  7263 I wm_on_resume_called: [0,255846861,com.tencent.mm.plugin.account.ui.WelcomeActivity,RESUME_ACTIVITY,4]
12-21 16:14:26.163  7263  7263 I wm_on_top_resumed_gained_called: [255846861,com.tencent.mm.plugin.account.ui.WelcomeActivity,topStateChangedWhenResumed]
12-21 16:14:26.307  7263  7263 I wm_on_stop_called: [0,207724906,com.tencent.mm.ui.LauncherUI,STOP_ACTIVITY_ITEM,2]
12-21 16:14:26.665  3148  3148 I wm_on_restart_called: [0,201178947,com.miui.home.launcher.Launcher,performRestartActivity,0]
12-21 16:14:26.666  3148  3148 I wm_on_start_called: [0,201178947,com.miui.home.launcher.Launcher,handleStartActivity,0]
12-21 16:14:26.717  3148  3194 I com.miui.home: CheckGCForNative adj_start_bytes: 36717788 NativeAllocationGcWatermark: 10984309 java_gc_start_bytes: 20241325 kNewNativeDiscountFactor: 2 kOldNativeDiscountFactor: 65536 old_native_bytes: 120430357 new_native_bytes: 24792796 add_bytes_allowed: 32952927 is_gc_concurrent: 1 target_footprint_: 20765613 GetBytesAllocated: 18820840 HeapGrowthMultiplier: 3
12-21 16:14:26.717  3148  3194 I com.miui.home: CheckGCForNative gc_urgency 0.850244 current_native_bytes is 145223153
12-21 16:14:26.718  3148  3194 I com.miui.home: CheckGCForNative adj_start_bytes: 36717788 NativeAllocationGcWatermark: 10984309 java_gc_start_bytes: 20241325 kNewNativeDiscountFactor: 2 kOldNativeDiscountFactor: 65536 old_native_bytes: 120430357 new_native_bytes: 35498716 add_bytes_allowed: 32952927 is_gc_concurrent: 1 target_footprint_: 20765613 GetBytesAllocated: 18821032 HeapGrowthMultiplier: 3
12-21 16:14:26.721  3148  3194 I com.miui.home: CheckGCForNative gc_urgency 0.996036 current_native_bytes is 155929073
12-21 16:14:26.722  3148  3193 I com.miui.home: CheckGCForNative adj_start_bytes: 36717788 NativeAllocationGcWatermark: 10984309 java_gc_start_bytes: 20241325 kNewNativeDiscountFactor: 2 kOldNativeDiscountFactor: 65536 old_native_bytes: 120430357 new_native_bytes: 46204636 add_bytes_allowed: 32952927 is_gc_concurrent: 1 target_footprint_: 20765613 GetBytesAllocated: 18821032 HeapGrowthMultiplier: 3
12-21 16:14:26.722  3148  3193 I com.miui.home: CheckGCForNative gc_urgency 1.14182 current_native_bytes is 166634993
12-21 16:14:26.722  3148  3193 I com.miui.home: CheckGCForNative requested 1
12-21 16:14:26.826  3148  3187 I com.miui.home: NativeAlloc concurrent copying GC freed 150303(8299KB) AllocSpace objects, 20(736KB) LOS objects, 49% free, 9568KB/18MB, paused 86us,26us total 103.698ms
12-21 16:14:26.960  3148  3310 I com.miui.home: CheckGCForNative gc_urgency 0 current_native_bytes is 129670113
12-21 16:14:27.294  3148  3310 I com.miui.home: CheckGCForNative gc_urgency 0 current_native_bytes is 129667297
12-21 16:14:27.330  7263  7263 I wm_on_top_resumed_lost_called: [255846861,com.tencent.mm.plugin.account.ui.WelcomeActivity,topStateChangedWhenResumed]
12-21 16:14:27.331  3148  3297 I com.miui.home: CheckGCForNative adj_start_bytes: 35625150 NativeAllocationGcWatermark: 10838261 java_gc_start_bytes: 19367759 kNewNativeDiscountFactor: 2 kOldNativeDiscountFactor: 65536 old_native_bytes: 129667297 new_native_bytes: 1024 add_bytes_allowed: 32514783 is_gc_concurrent: 1 target_footprint_: 19597231 GetBytesAllocated: 10093528 HeapGrowthMultiplier: 3
12-21 16:14:27.331  3148  3297 I com.miui.home: CheckGCForNative gc_urgency 0.283396 current_native_bytes is 129668321
12-21 16:14:27.333  3148  3148 I wm_on_resume_called: [0,201178947,com.miui.home.launcher.Launcher,RESUME_ACTIVITY,4]
12-21 16:14:27.334  3148  3148 I wm_on_idle_called: com.miui.home.launcher.Launcher
12-21 16:14:27.343  3148  3148 I wm_on_top_resumed_gained_called: [201178947,com.miui.home.launcher.Launcher,topStateChangedWhenResumed]
12-21 16:14:27.348  7263  7263 I wm_on_paused_called: [0,255846861,com.tencent.mm.plugin.account.ui.WelcomeActivity,performPause,4]
12-21 16:14:27.385  7263  7263 I wm_on_stop_called: [0,255846861,com.tencent.mm.plugin.account.ui.WelcomeActivity,STOP_ACTIVITY_ITEM,3]
12-21 16:14:27.398  7263  7263 I wm_on_idle_called: com.tencent.mm.plugin.account.ui.WelcomeActivity
12-21 16:14:27.398  7263  7263 I wm_on_idle_called: com.tencent.mm.ui.LauncherUI
12-21 16:14:27.501  3148  3148 I wm_on_top_resumed_lost_called: [201178947,com.miui.home.launcher.Launcher,topStateChangedWhenResumed]
12-21 16:14:27.509  3148  3148 I wm_on_paused_called: [0,201178947,com.miui.home.launcher.Launcher,performPause,1]
12-21 16:14:27.576  3148  3670 I com.miui.home: CheckGCForNative adj_start_bytes: 35625150 NativeAllocationGcWatermark: 10838261 java_gc_start_bytes: 19367759 kNewNativeDiscountFactor: 2 kOldNativeDiscountFactor: 65536 old_native_bytes: 129667297 new_native_bytes: 1067892 add_bytes_allowed: 32514783 is_gc_concurrent: 1 target_footprint_: 19597231 GetBytesAllocated: 11438456 HeapGrowthMultiplier: 3
12-21 16:14:27.576  3148  3670 I com.miui.home: CheckGCForNative gc_urgency 0.336121 current_native_bytes is 130735189
12-21 16:14:27.585  3148  3670 I com.miui.home: CheckGCForNative adj_start_bytes: 35625150 NativeAllocationGcWatermark: 10838261 java_gc_start_bytes: 19367759 kNewNativeDiscountFactor: 2 kOldNativeDiscountFactor: 65536 old_native_bytes: 129667297 new_native_bytes: 1168916 add_bytes_allowed: 32514783 is_gc_concurrent: 1 target_footprint_: 19597231 GetBytesAllocated: 11536760 HeapGrowthMultiplier: 3
12-21 16:14:27.585  3148  3670 I com.miui.home: CheckGCForNative gc_urgency 0.340299 current_native_bytes is 130836213
12-21 16:14:27.694  3148  3310 I com.miui.home: CheckGCForNative adj_start_bytes: 35625150 NativeAllocationGcWatermark: 10838261 java_gc_start_bytes: 19367759 kNewNativeDiscountFactor: 2 kOldNativeDiscountFactor: 65536 old_native_bytes: 129667297 new_native_bytes: 2881016 add_bytes_allowed: 32514783 is_gc_concurrent: 1 target_footprint_: 19597231 GetBytesAllocated: 12217592 HeapGrowthMultiplier: 3
12-21 16:14:27.694  3148  3310 I com.miui.home: CheckGCForNative gc_urgency 0.383439 current_native_bytes is 132548313
12-21 16:14:27.736  3148  3670 I com.miui.home: CheckGCForNative adj_start_bytes: 35625150 NativeAllocationGcWatermark: 10838261 java_gc_start_bytes: 19367759 kNewNativeDiscountFactor: 2 kOldNativeDiscountFactor: 65536 old_native_bytes: 129667297 new_native_bytes: 3058348 add_bytes_allowed: 32514783 is_gc_concurrent: 1 target_footprint_: 19597231 GetBytesAllocated: 12446968 HeapGrowthMultiplier: 3
12-21 16:14:27.736  3148  3670 I com.miui.home: CheckGCForNative gc_urgency 0.392367 current_native_bytes is 132725645
12-21 16:14:27.762  3148  3670 I com.miui.home: CheckGCForNative adj_start_bytes: 35625150 NativeAllocationGcWatermark: 10838261 java_gc_start_bytes: 19367759 kNewNativeDiscountFactor: 2 kOldNativeDiscountFactor: 65536 old_native_bytes: 129667297 new_native_bytes: 13831148 add_bytes_allowed: 32514783 is_gc_concurrent: 1 target_footprint_: 19597231 GetBytesAllocated: 12545272 HeapGrowthMultiplier: 3
12-21 16:14:27.763  3148  3670 I com.miui.home: CheckGCForNative gc_urgency 0.546323 current_native_bytes is 143498445
12-21 16:14:28.125 12517 12517 I wm_on_create_called: [0,173271626,com.sina.weibo.SplashActivity,performCreate,78]
12-21 16:14:28.129 12517 12517 I wm_on_start_called: [0,173271626,com.sina.weibo.SplashActivity,handleStartActivity,4]
12-21 16:14:28.135 12517 12517 I wm_on_resume_called: [0,173271626,com.sina.weibo.SplashActivity,RESUME_ACTIVITY,5]
12-21 16:14:28.162 12517 12517 I wm_on_top_resumed_gained_called: [173271626,com.sina.weibo.SplashActivity,topStateChangedWhenResumed]
12-21 16:14:28.533  3148  3148 I wm_on_stop_called: [0,201178947,com.miui.home.launcher.Launcher,STOP_ACTIVITY_ITEM,2]
12-21 16:14:28.618 12604 12604 I wm_on_application_create_called: [0,com.sina.weibo,305]
12-21 16:14:28.980 12517 12517 I wm_on_idle_called: com.sina.weibo.SplashActivity
12-21 16:14:29.772  3148  3148 I wm_on_restart_called: [0,201178947,com.miui.home.launcher.Launcher,performRestartActivity,0]
12-21 16:14:29.773  3148  3148 I wm_on_start_called: [0,201178947,com.miui.home.launcher.Launcher,handleStartActivity,0]
12-21 16:14:29.852  3148  3372 I com.miui.home: CheckGCForNative adj_start_bytes: 35625150 NativeAllocationGcWatermark: 10838261 java_gc_start_bytes: 19367759 kNewNativeDiscountFactor: 2 kOldNativeDiscountFactor: 65536 old_native_bytes: 129667297 new_native_bytes: 13834692 add_bytes_allowed: 32514783 is_gc_concurrent: 1 target_footprint_: 19597231 GetBytesAllocated: 13554280 HeapGrowthMultiplier: 3
12-21 16:14:29.852  3148  3372 I com.miui.home: CheckGCForNative gc_urgency 0.574695 current_native_bytes is 143501989
12-21 16:14:29.852  3148  3372 I com.miui.home: CheckGCForNative adj_start_bytes: 35625150 NativeAllocationGcWatermark: 10838261 java_gc_start_bytes: 19367759 kNewNativeDiscountFactor: 2 kOldNativeDiscountFactor: 65536 old_native_bytes: 129667297 new_native_bytes: 24540612 add_bytes_allowed: 32514783 is_gc_concurrent: 1 target_footprint_: 19597231 GetBytesAllocated: 13554488 HeapGrowthMultiplier: 3
12-21 16:14:29.852  3148  3372 I com.miui.home: CheckGCForNative gc_urgency 0.724959 current_native_bytes is 154207909
12-21 16:14:29.878  3148  3372 I com.miui.home: CheckGCForNative adj_start_bytes: 35625150 NativeAllocationGcWatermark: 10838261 java_gc_start_bytes: 19367759 kNewNativeDiscountFactor: 2 kOldNativeDiscountFactor: 65536 old_native_bytes: 129667297 new_native_bytes: 24557140 add_bytes_allowed: 32514783 is_gc_concurrent: 1 target_footprint_: 19597231 GetBytesAllocated: 13587256 HeapGrowthMultiplier: 3
12-21 16:14:29.878  3148  3372 I com.miui.home: CheckGCForNative gc_urgency 0.726111 current_native_bytes is 154224437
12-21 16:14:29.983  3148  3310 I com.miui.home: CheckGCForNative adj_start_bytes: 35625150 NativeAllocationGcWatermark: 10838261 java_gc_start_bytes: 19367759 kNewNativeDiscountFactor: 2 kOldNativeDiscountFactor: 65536 old_native_bytes: 129667297 new_native_bytes: 13859572 add_bytes_allowed: 32514783 is_gc_concurrent: 1 target_footprint_: 19597231 GetBytesAllocated: 13652984 HeapGrowthMultiplier: 3
12-21 16:14:29.983  3148  3310 I com.miui.home: CheckGCForNative gc_urgency 0.577815 current_native_bytes is 143526869
12-21 16:14:30.127  3148  3310 I com.miui.home: CheckGCForNative adj_start_bytes: 35625150 NativeAllocationGcWatermark: 10838261 java_gc_start_bytes: 19367759 kNewNativeDiscountFactor: 2 kOldNativeDiscountFactor: 65536 old_native_bytes: 129667297 new_native_bytes: 13871796 add_bytes_allowed: 32514783 is_gc_concurrent: 1 target_footprint_: 19597231 GetBytesAllocated: 13718520 HeapGrowthMultiplier: 3
12-21 16:14:30.127  3148  3310 I com.miui.home: CheckGCForNative gc_urgency 0.579826 current_native_bytes is 143539093
12-21 16:14:30.338  3148  3310 I com.miui.home: CheckGCForNative adj_start_bytes: 35625150 NativeAllocationGcWatermark: 10838261 java_gc_start_bytes: 19367759 kNewNativeDiscountFactor: 2 kOldNativeDiscountFactor: 65536 old_native_bytes: 129667297 new_native_bytes: 13888436 add_bytes_allowed: 32514783 is_gc_concurrent: 1 target_footprint_: 19597231 GetBytesAllocated: 13800440 HeapGrowthMultiplier: 3
12-21 16:14:30.338  3148  3310 I com.miui.home: CheckGCForNative gc_urgency 0.582359 current_native_bytes is 143555733
12-21 16:14:30.361 12517 12517 I wm_on_top_resumed_lost_called: [173271626,com.sina.weibo.SplashActivity,topStateChangedWhenResumed]
12-21 16:14:30.376  3148  3148 I wm_on_resume_called: [0,201178947,com.miui.home.launcher.Launcher,RESUME_ACTIVITY,5]
12-21 16:14:30.376  3148  3148 I wm_on_idle_called: com.miui.home.launcher.Launcher
12-21 16:14:30.397  3148  3148 I wm_on_top_resumed_gained_called: [201178947,com.miui.home.launcher.Launcher,topStateChangedWhenResumed]
12-21 16:14:30.413 12517 12517 I wm_on_paused_called: [0,173271626,com.sina.weibo.SplashActivity,performPause,2]
12-21 16:14:30.435 12517 12517 I wm_on_stop_called: [0,173271626,com.sina.weibo.SplashActivity,STOP_ACTIVITY_ITEM,18]
12-21 16:14:30.556  3148  3670 I com.miui.home: CheckGCForNative adj_start_bytes: 35625150 NativeAllocationGcWatermark: 10838261 java_gc_start_bytes: 19367759 kNewNativeDiscountFactor: 2 kOldNativeDiscountFactor: 65536 old_native_bytes: 129667297 new_native_bytes: 13905576 add_bytes_allowed: 32514783 is_gc_concurrent: 1 target_footprint_: 19597231 GetBytesAllocated: 15030616 HeapGrowthMultiplier: 3
12-21 16:14:30.556  3148  3670 I com.miui.home: CheckGCForNative gc_urgency 0.617131 current_native_bytes is 143572873
12-21 16:14:30.569  3148  3670 I com.miui.home: CheckGCForNative adj_start_bytes: 35625150 NativeAllocationGcWatermark: 10838261 java_gc_start_bytes: 19367759 kNewNativeDiscountFactor: 2 kOldNativeDiscountFactor: 65536 old_native_bytes: 129667297 new_native_bytes: 24541992 add_bytes_allowed: 32514783 is_gc_concurrent: 1 target_footprint_: 19597231 GetBytesAllocated: 15161688 HeapGrowthMultiplier: 3
12-21 16:14:30.569  3148  3670 I com.miui.home: CheckGCForNative gc_urgency 0.770092 current_native_bytes is 154209289
12-21 16:14:30.602  3148  3670 I com.miui.home: CheckGCForNative adj_start_bytes: 35625150 NativeAllocationGcWatermark: 10838261 java_gc_start_bytes: 19367759 kNewNativeDiscountFactor: 2 kOldNativeDiscountFactor: 65536 old_native_bytes: 129667297 new_native_bytes: 13980456 add_bytes_allowed: 32514783 is_gc_concurrent: 1 target_footprint_: 19597231 GetBytesAllocated: 15440968 HeapGrowthMultiplier: 3
12-21 16:14:30.602  3148  3670 I com.miui.home: CheckGCForNative gc_urgency 0.6297 current_native_bytes is 143647753
12-21 16:14:30.762  3148  3148 I wm_on_top_resumed_lost_called: [201178947,com.miui.home.launcher.Launcher,topStateChangedWhenResumed]
12-21 16:14:30.780  3148  3148 I wm_on_paused_called: [0,201178947,com.miui.home.launcher.Launcher,performPause,0]
12-21 16:14:30.882  3148  3302 I com.miui.home: CheckGCForNative adj_start_bytes: 35625150 NativeAllocationGcWatermark: 10838261 java_gc_start_bytes: 19367759 kNewNativeDiscountFactor: 2 kOldNativeDiscountFactor: 65536 old_native_bytes: 129667297 new_native_bytes: 14255744 add_bytes_allowed: 32514783 is_gc_concurrent: 1 target_footprint_: 19597231 GetBytesAllocated: 16186792 HeapGrowthMultiplier: 3
12-21 16:14:30.882  3148  3302 I com.miui.home: CheckGCForNative gc_urgency 0.654499 current_native_bytes is 143923041
12-21 16:14:30.924  3148  3670 I com.miui.home: CheckGCForNative adj_start_bytes: 35625150 NativeAllocationGcWatermark: 10838261 java_gc_start_bytes: 19367759 kNewNativeDiscountFactor: 2 kOldNativeDiscountFactor: 65536 old_native_bytes: 129667297 new_native_bytes: 14414776 add_bytes_allowed: 32514783 is_gc_concurrent: 1 target_footprint_: 19597231 GetBytesAllocated: 16531272 HeapGrowthMultiplier: 3
12-21 16:14:30.924  3148  3670 I com.miui.home: CheckGCForNative gc_urgency 0.666401 current_native_bytes is 144082073
12-21 16:14:31.001  3148  3670 I com.miui.home: CheckGCForNative adj_start_bytes: 35625150 NativeAllocationGcWatermark: 10838261 java_gc_start_bytes: 19367759 kNewNativeDiscountFactor: 2 kOldNativeDiscountFactor: 65536 old_native_bytes: 129667297 new_native_bytes: 14646796 add_bytes_allowed: 32514783 is_gc_concurrent: 1 target_footprint_: 19597231 GetBytesAllocated: 16941448 HeapGrowthMultiplier: 3
12-21 16:14:31.002  3148  3670 I com.miui.home: CheckGCForNative gc_urgency 0.681171 current_native_bytes is 144314093
12-21 16:14:31.034  3148  3670 I com.miui.home: CheckGCForNative adj_start_bytes: 35625150 NativeAllocationGcWatermark: 10838261 java_gc_start_bytes: 19367759 kNewNativeDiscountFactor: 2 kOldNativeDiscountFactor: 65536 old_native_bytes: 129667297 new_native_bytes: 15055360 add_bytes_allowed: 32514783 is_gc_concurrent: 1 target_footprint_: 19597231 GetBytesAllocated: 17138056 HeapGrowthMultiplier: 3
12-21 16:14:31.034  3148  3670 I com.miui.home: CheckGCForNative gc_urgency 0.692424 current_native_bytes is 144722657
12-21 16:14:31.519 12859 12859 I wm_on_create_called: [0,71501029,com.UCMobile.main.UCMobile,performCreate,140]
12-21 16:14:31.613 12859 12859 I wm_on_create_called: [0,147357320,com.uc.browser.InnerUCMobile,performCreate,31]
12-21 16:14:31.617 12859 12859 I wm_on_start_called: [0,147357320,com.uc.browser.InnerUCMobile,handleStartActivity,4]
12-21 16:14:31.623 12859 12859 I wm_on_resume_called: [0,147357320,com.uc.browser.InnerUCMobile,RESUME_ACTIVITY,5]
12-21 16:14:31.660 12859 12859 I wm_on_top_resumed_gained_called: [147357320,com.uc.browser.InnerUCMobile,topStateChangedWhenResumed]
12-21 16:14:31.725  3148  3670 I com.miui.home: CheckGCForNative adj_start_bytes: 35625150 NativeAllocationGcWatermark: 10838261 java_gc_start_bytes: 19367759 kNewNativeDiscountFactor: 2 kOldNativeDiscountFactor: 65536 old_native_bytes: 129667297 new_native_bytes: 15265556 add_bytes_allowed: 32514783 is_gc_concurrent: 1 target_footprint_: 19597231 GetBytesAllocated: 17696200 HeapGrowthMultiplier: 3
12-21 16:14:31.725  3148  3670 I com.miui.home: CheckGCForNative gc_urgency 0.711041 current_native_bytes is 144932853
12-21 16:14:31.772  3148  3670 I com.miui.home: CheckGCForNative adj_start_bytes: 35625150 NativeAllocationGcWatermark: 10838261 java_gc_start_bytes: 19367759 kNewNativeDiscountFactor: 2 kOldNativeDiscountFactor: 65536 old_native_bytes: 129667297 new_native_bytes: 15475732 add_bytes_allowed: 32514783 is_gc_concurrent: 1 target_footprint_: 19597231 GetBytesAllocated: 18089992 HeapGrowthMultiplier: 3
12-21 16:14:31.772  3148  3670 I com.miui.home: CheckGCForNative gc_urgency 0.725045 current_native_bytes is 145143029
12-21 16:14:31.779  3148  3670 I com.miui.home: CheckGCForNative adj_start_bytes: 35625150 NativeAllocationGcWatermark: 10838261 java_gc_start_bytes: 19367759 kNewNativeDiscountFactor: 2 kOldNativeDiscountFactor: 65536 old_native_bytes: 129667297 new_native_bytes: 15513320 add_bytes_allowed: 32514783 is_gc_concurrent: 1 target_footprint_: 19597231 GetBytesAllocated: 18155528 HeapGrowthMultiplier: 3
12-21 16:14:31.780  3148  3670 I com.miui.home: CheckGCForNative gc_urgency 0.727412 current_native_bytes is 145180617
12-21 16:14:31.926  3148  3148 I wm_on_stop_called: [0,201178947,com.miui.home.launcher.Launcher,STOP_ACTIVITY_ITEM,1]
12-21 16:14:31.986 12859 12859 I wm_on_destroy_called: [0,71501029,com.UCMobile.main.UCMobile,performDestroy,0]
12-21 16:14:32.254 12859 12859 I wm_on_idle_called: com.uc.browser.InnerUCMobile
12-21 16:14:32.332  3148  3148 I wm_on_restart_called: [0,201178947,com.miui.home.launcher.Launcher,performRestartActivity,0]
12-21 16:14:32.333  3148  3148 I wm_on_start_called: [0,201178947,com.miui.home.launcher.Launcher,handleStartActivity,0]
12-21 16:14:32.388  3148  3372 I com.miui.home: CheckGCForNative adj_start_bytes: 35625150 NativeAllocationGcWatermark: 10838261 java_gc_start_bytes: 19367759 kNewNativeDiscountFactor: 2 kOldNativeDiscountFactor: 65536 old_native_bytes: 129667297 new_native_bytes: 26422872 add_bytes_allowed: 32514783 is_gc_concurrent: 1 target_footprint_: 19597231 GetBytesAllocated: 19114472 HeapGrowthMultiplier: 3
12-21 16:14:32.388  3148  3372 I com.miui.home: CheckGCForNative gc_urgency 0.907446 current_native_bytes is 156090169
12-21 16:14:32.388  3148  3372 I com.miui.home: CheckGCForNative adj_start_bytes: 35625150 NativeAllocationGcWatermark: 10838261 java_gc_start_bytes: 19367759 kNewNativeDiscountFactor: 2 kOldNativeDiscountFactor: 65536 old_native_bytes: 129667297 new_native_bytes: 37128984 add_bytes_allowed: 32514783 is_gc_concurrent: 1 target_footprint_: 19597231 GetBytesAllocated: 19114664 HeapGrowthMultiplier: 3
12-21 16:14:32.388  3148  3372 I com.miui.home: CheckGCForNative gc_urgency 1.05771 current_native_bytes is 166796281
12-21 16:14:32.388  3148  3372 I com.miui.home: CheckGCForNative requested 1
12-21 16:14:32.410  3148  3372 I com.miui.home: CheckGCForNative adj_start_bytes: 35625150 NativeAllocationGcWatermark: 10838261 java_gc_start_bytes: 19367759 kNewNativeDiscountFactor: 2 kOldNativeDiscountFactor: 65536 old_native_bytes: 129667297 new_native_bytes: 37130648 add_bytes_allowed: 32514783 is_gc_concurrent: 1 target_footprint_: 19597231 GetBytesAllocated: 19131048 HeapGrowthMultiplier: 3
12-21 16:14:32.410  3148  3372 I com.miui.home: CheckGCForNative gc_urgency 1.05819 current_native_bytes is 166797945
12-21 16:14:32.410  3148  3372 I com.miui.home: CheckGCForNative requested 1
12-21 16:14:32.449  3148  3310 I com.miui.home: CheckGCForNative adj_start_bytes: 35625150 NativeAllocationGcWatermark: 10838261 java_gc_start_bytes: 19367759 kNewNativeDiscountFactor: 2 kOldNativeDiscountFactor: 65536 old_native_bytes: 129667297 new_native_bytes: 26517328 add_bytes_allowed: 32514783 is_gc_concurrent: 1 target_footprint_: 19597231 GetBytesAllocated: 19229656 HeapGrowthMultiplier: 3
12-21 16:14:32.450  3148  3310 I com.miui.home: CheckGCForNative gc_urgency 0.912004 current_native_bytes is 156184625
12-21 16:14:32.684  3148  3187 I com.miui.home: NativeAlloc concurrent copying GC freed 164443(8608KB) AllocSpace objects, 20(736KB) LOS objects, 49% free, 9722KB/18MB, paused 160us,102us total 295.375ms
12-21 16:14:32.794  3148  3310 I com.miui.home: CheckGCForNative gc_urgency 0 current_native_bytes is 128828185
12-21 16:14:32.969  3148  3148 I wm_on_resume_called: [0,201178947,com.miui.home.launcher.Launcher,RESUME_ACTIVITY,27]
12-21 16:14:32.971  3148  3148 I wm_on_idle_called: com.miui.home.launcher.Launcher
12-21 16:14:33.114  3148  3670 I com.miui.home: CheckGCForNative adj_start_bytes: 35818348 NativeAllocationGcWatermark: 10877631 java_gc_start_bytes: 19501902 kNewNativeDiscountFactor: 2 kOldNativeDiscountFactor: 65536 old_native_bytes: 128828185 new_native_bytes: 1086336 add_bytes_allowed: 32632893 is_gc_concurrent: 1 target_footprint_: 19912190 GetBytesAllocated: 11235648 HeapGrowthMultiplier: 3
12-21 16:14:33.114  3148  3670 I com.miui.home: CheckGCForNative gc_urgency 0.328904 current_native_bytes is 129914521
12-21 16:14:33.119  3148  3670 I com.miui.home: CheckGCForNative adj_start_bytes: 35818348 NativeAllocationGcWatermark: 10877631 java_gc_start_bytes: 19501902 kNewNativeDiscountFactor: 2 kOldNativeDiscountFactor: 65536 old_native_bytes: 128828185 new_native_bytes: 1107200 add_bytes_allowed: 32632893 is_gc_concurrent: 1 target_footprint_: 19912190 GetBytesAllocated: 11252032 HeapGrowthMultiplier: 3
12-21 16:14:33.119  3148  3670 I com.miui.home: CheckGCForNative gc_urgency 0.329652 current_native_bytes is 129935385
12-21 16:14:33.185  3148  3670 I com.miui.home: CheckGCForNative adj_start_bytes: 35818348 NativeAllocationGcWatermark: 10877631 java_gc_start_bytes: 19501902 kNewNativeDiscountFactor: 2 kOldNativeDiscountFactor: 65536 old_native_bytes: 128828185 new_native_bytes: 13428652 add_bytes_allowed: 32632893 is_gc_concurrent: 1 target_footprint_: 19912190 GetBytesAllocated: 11530816 HeapGrowthMultiplier: 3
12-21 16:14:33.186  3148  3670 I com.miui.home: CheckGCForNative gc_urgency 0.509435 current_native_bytes is 142256837
12-21 16:14:33.205  3148  3670 I com.miui.home: CheckGCForNative adj_start_bytes: 35818348 NativeAllocationGcWatermark: 10877631 java_gc_start_bytes: 19501902 kNewNativeDiscountFactor: 2 kOldNativeDiscountFactor: 65536 old_native_bytes: 128828185 new_native_bytes: 2780236 add_bytes_allowed: 32632893 is_gc_concurrent: 1 target_footprint_: 19912190 GetBytesAllocated: 11728192 HeapGrowthMultiplier: 3
12-21 16:14:33.205  3148  3670 I com.miui.home: CheckGCForNative gc_urgency 0.3663 current_native_bytes is 131608421
12-21 16:14:33.229  3148  3670 I com.miui.home: CheckGCForNative adj_start_bytes: 35818348 NativeAllocationGcWatermark: 10877631 java_gc_start_bytes: 19501902 kNewNativeDiscountFactor: 2 kOldNativeDiscountFactor: 65536 old_native_bytes: 128828185 new_native_bytes: 3027136 add_bytes_allowed: 32632893 is_gc_concurrent: 1 target_footprint_: 19912190 GetBytesAllocated: 11957568 HeapGrowthMultiplier: 3
12-21 16:14:33.229  3148  3670 I com.miui.home: CheckGCForNative gc_urgency 0.376151 current_native_bytes is 131855321
12-21 16:14:33.373 12859 12859 I wm_on_top_resumed_lost_called: [147357320,com.uc.browser.InnerUCMobile,topStateChangedWhenResumed]
12-21 16:14:33.391  3148  3148 I wm_on_paused_called: [0,201178947,com.miui.home.launcher.Launcher,performPause,0]
12-21 16:14:33.540  3148  3670 I com.miui.home: CheckGCForNative adj_start_bytes: 35818348 NativeAllocationGcWatermark: 10877631 java_gc_start_bytes: 19501902 kNewNativeDiscountFactor: 2 kOldNativeDiscountFactor: 65536 old_native_bytes: 128828185 new_native_bytes: 3381084 add_bytes_allowed: 32632893 is_gc_concurrent: 1 target_footprint_: 19912190 GetBytesAllocated: 12884048 HeapGrowthMultiplier: 3
12-21 16:14:33.540  3148  3670 I com.miui.home: CheckGCForNative gc_urgency 0.406958 current_native_bytes is 132209269
12-21 16:14:33.606 12859 12859 I wm_on_paused_called: [0,147357320,com.uc.browser.InnerUCMobile,performPause,216]
12-21 16:14:33.616  3148  3310 I com.miui.home: CheckGCForNative adj_start_bytes: 35818348 NativeAllocationGcWatermark: 10877631 java_gc_start_bytes: 19501902 kNewNativeDiscountFactor: 2 kOldNativeDiscountFactor: 65536 old_native_bytes: 128828185 new_native_bytes: 3459600 add_bytes_allowed: 32632893 is_gc_concurrent: 1 target_footprint_: 19912190 GetBytesAllocated: 13162576 HeapGrowthMultiplier: 3
12-21 16:14:33.616  3148  3310 I com.miui.home: CheckGCForNative gc_urgency 0.41583 current_native_bytes is 132287785
12-21 16:14:33.662  3148  3670 I com.miui.home: CheckGCForNative adj_start_bytes: 35818348 NativeAllocationGcWatermark: 10877631 java_gc_start_bytes: 19501902 kNewNativeDiscountFactor: 2 kOldNativeDiscountFactor: 65536 old_native_bytes: 128828185 new_native_bytes: 3683152 add_bytes_allowed: 32632893 is_gc_concurrent: 1 target_footprint_: 19912190 GetBytesAllocated: 13507280 HeapGrowthMultiplier: 3
12-21 16:14:33.662  3148  3670 I com.miui.home: CheckGCForNative gc_urgency 0.428574 current_native_bytes is 132511337
12-21 16:14:34.216  3148  3148 I wm_on_stop_called: [0,201178947,com.miui.home.launcher.Launcher,STOP_ACTIVITY_ITEM,4]
12-21 16:14:34.307 13296 13296 I wm_on_create_called: [0,223220498,com.tencent.mtt.SplashActivity,performCreate,104]
12-21 16:14:34.416 13296 13296 I wm_on_create_called: [0,211429012,com.tencent.mtt.MainActivity,performCreate,32]
12-21 16:14:34.421 13296 13296 I wm_on_start_called: [0,211429012,com.tencent.mtt.MainActivity,handleStartActivity,4]
12-21 16:14:34.468  3148  3670 I com.miui.home: CheckGCForNative adj_start_bytes: 35818348 NativeAllocationGcWatermark: 10877631 java_gc_start_bytes: 19501902 kNewNativeDiscountFactor: 2 kOldNativeDiscountFactor: 65536 old_native_bytes: 128828185 new_native_bytes: 3886532 add_bytes_allowed: 32632893 is_gc_concurrent: 1 target_footprint_: 19912190 GetBytesAllocated: 14106176 HeapGrowthMultiplier: 3
12-21 16:14:34.469  3148  3670 I com.miui.home: CheckGCForNative gc_urgency 0.448134 current_native_bytes is 132714717
12-21 16:14:34.517  3148  3670 I com.miui.home: CheckGCForNative adj_start_bytes: 35818348 NativeAllocationGcWatermark: 10877631 java_gc_start_bytes: 19501902 kNewNativeDiscountFactor: 2 kOldNativeDiscountFactor: 65536 old_native_bytes: 128828185 new_native_bytes: 4121912 add_bytes_allowed: 32632893 is_gc_concurrent: 1 target_footprint_: 19912190 GetBytesAllocated: 14532784 HeapGrowthMultiplier: 3
12-21 16:14:34.517  3148  3670 I com.miui.home: CheckGCForNative gc_urgency 0.46333 current_native_bytes is 132950097
12-21 16:14:34.553  3148  3670 I com.miui.home: CheckGCForNative adj_start_bytes: 35818348 NativeAllocationGcWatermark: 10877631 java_gc_start_bytes: 19501902 kNewNativeDiscountFactor: 2 kOldNativeDiscountFactor: 65536 old_native_bytes: 128828185 new_native_bytes: 4292716 add_bytes_allowed: 32632893 is_gc_concurrent: 1 target_footprint_: 19912190 GetBytesAllocated: 14729392 HeapGrowthMultiplier: 3
12-21 16:14:34.553  3148  3670 I com.miui.home: CheckGCForNative gc_urgency 0.471203 current_native_bytes is 133120901
12-21 16:14:34.796 13296 13296 I wm_on_resume_called: [0,211429012,com.tencent.mtt.MainActivity,RESUME_ACTIVITY,373]
12-21 16:14:34.804 13296 13296 I wm_on_top_resumed_gained_called: [211429012,com.tencent.mtt.MainActivity,topStateChangedWhenResumed]
12-21 16:14:34.908  3148  3148 I wm_on_restart_called: [0,201178947,com.miui.home.launcher.Launcher,performRestartActivity,0]
12-21 16:14:34.909  3148  3148 I wm_on_start_called: [0,201178947,com.miui.home.launcher.Launcher,handleStartActivity,0]
12-21 16:14:35.155  3148 11897 I com.miui.home: CheckGCForNative adj_start_bytes: 35818348 NativeAllocationGcWatermark: 10877631 java_gc_start_bytes: 19501902 kNewNativeDiscountFactor: 2 kOldNativeDiscountFactor: 65536 old_native_bytes: 128828185 new_native_bytes: 15238692 add_bytes_allowed: 32632893 is_gc_concurrent: 1 target_footprint_: 19912190 GetBytesAllocated: 15614976 HeapGrowthMultiplier: 3
12-21 16:14:35.155  3148 11897 I com.miui.home: CheckGCForNative gc_urgency 0.648726 current_native_bytes is 144066877
12-21 16:14:35.156  3148 11897 I com.miui.home: CheckGCForNative adj_start_bytes: 35818348 NativeAllocationGcWatermark: 10877631 java_gc_start_bytes: 19501902 kNewNativeDiscountFactor: 2 kOldNativeDiscountFactor: 65536 old_native_bytes: 128828185 new_native_bytes: 25945252 add_bytes_allowed: 32632893 is_gc_concurrent: 1 target_footprint_: 19912190 GetBytesAllocated: 15615168 HeapGrowthMultiplier: 3
12-21 16:14:35.156  3148 11897 I com.miui.home: CheckGCForNative gc_urgency 0.798188 current_native_bytes is 154773437
12-21 16:14:35.205  3148 11897 I com.miui.home: CheckGCForNative adj_start_bytes: 35818348 NativeAllocationGcWatermark: 10877631 java_gc_start_bytes: 19501902 kNewNativeDiscountFactor: 2 kOldNativeDiscountFactor: 65536 old_native_bytes: 128828185 new_native_bytes: 25939844 add_bytes_allowed: 32632893 is_gc_concurrent: 1 target_footprint_: 19912190 GetBytesAllocated: 15664320 HeapGrowthMultiplier: 3
12-21 16:14:35.205  3148 11897 I com.miui.home: CheckGCForNative gc_urgency 0.799484 current_native_bytes is 154768029
12-21 16:14:35.347  3148  3310 I com.miui.home: CheckGCForNative adj_start_bytes: 35818348 NativeAllocationGcWatermark: 10877631 java_gc_start_bytes: 19501902 kNewNativeDiscountFactor: 2 kOldNativeDiscountFactor: 65536 old_native_bytes: 128828185 new_native_bytes: 15244036 add_bytes_allowed: 32632893 is_gc_concurrent: 1 target_footprint_: 19912190 GetBytesAllocated: 15730112 HeapGrowthMultiplier: 3
12-21 16:14:35.347  3148  3310 I com.miui.home: CheckGCForNative gc_urgency 0.652015 current_native_bytes is 144072221
12-21 16:14:35.402  3148  3310 I com.miui.home: CheckGCForNative adj_start_bytes: 35818348 NativeAllocationGcWatermark: 10877631 java_gc_start_bytes: 19501902 kNewNativeDiscountFactor: 2 kOldNativeDiscountFactor: 65536 old_native_bytes: 128828185 new_native_bytes: 15247620 add_bytes_allowed: 32632893 is_gc_concurrent: 1 target_footprint_: 19912190 GetBytesAllocated: 15762880 HeapGrowthMultiplier: 3
12-21 16:14:35.402  3148  3310 I com.miui.home: CheckGCForNative gc_urgency 0.65298 current_native_bytes is 144075805
12-21 16:14:35.693  3148  3148 I wm_on_resume_called: [0,201178947,com.miui.home.launcher.Launcher,RESUME_ACTIVITY,21]
12-21 16:14:35.704  3148  3148 I wm_on_idle_called: com.miui.home.launcher.Launcher
12-21 16:14:35.767 13296 13296 I wm_on_top_resumed_lost_called: [211429012,com.tencent.mtt.MainActivity,topStateChangedWhenResumed]
12-21 16:14:35.774  3148  3148 I wm_on_top_resumed_gained_called: [201178947,com.miui.home.launcher.Launcher,topStateChangedWhenResumed]
12-21 16:14:35.780 13296 13296 I wm_on_paused_called: [0,211429012,com.tencent.mtt.MainActivity,performPause,5]
12-21 16:14:35.892  3148  3148 I com.miui.home: CheckGCForNative adj_start_bytes: 35818348 NativeAllocationGcWatermark: 10877631 java_gc_start_bytes: 19501902 kNewNativeDiscountFactor: 2 kOldNativeDiscountFactor: 65536 old_native_bytes: 128828185 new_native_bytes: 15397108 add_bytes_allowed: 32632893 is_gc_concurrent: 1 target_footprint_: 19912190 GetBytesAllocated: 16911072 HeapGrowthMultiplier: 3
12-21 16:14:35.892  3148  3148 I com.miui.home: CheckGCForNative gc_urgency 0.687122 current_native_bytes is 144225293
12-21 16:14:36.007  3148  3148 I wm_on_top_resumed_lost_called: [201178947,com.miui.home.launcher.Launcher,topStateChangedWhenResumed]
12-21 16:14:36.029  3148  3148 I wm_on_paused_called: [0,201178947,com.miui.home.launcher.Launcher,performPause,1]
12-21 16:14:36.134  3148  3670 I com.miui.home: CheckGCForNative adj_start_bytes: 35818348 NativeAllocationGcWatermark: 10877631 java_gc_start_bytes: 19501902 kNewNativeDiscountFactor: 2 kOldNativeDiscountFactor: 65536 old_native_bytes: 128828185 new_native_bytes: 15688424 add_bytes_allowed: 32632893 is_gc_concurrent: 1 target_footprint_: 19912190 GetBytesAllocated: 17518032 HeapGrowthMultiplier: 3
12-21 16:14:36.134  3148  3670 I com.miui.home: CheckGCForNative gc_urgency 0.708134 current_native_bytes is 144516609
12-21 16:14:36.216  3148  3670 I com.miui.home: CheckGCForNative adj_start_bytes: 35818348 NativeAllocationGcWatermark: 10877631 java_gc_start_bytes: 19501902 kNewNativeDiscountFactor: 2 kOldNativeDiscountFactor: 65536 old_native_bytes: 128828185 new_native_bytes: 15915468 add_bytes_allowed: 32632893 is_gc_concurrent: 1 target_footprint_: 19912190 GetBytesAllocated: 17928272 HeapGrowthMultiplier: 3
12-21 16:14:36.217  3148  3670 I com.miui.home: CheckGCForNative gc_urgency 0.722757 current_native_bytes is 144743653
12-21 16:14:36.229  3148  3670 I com.miui.home: CheckGCForNative adj_start_bytes: 35818348 NativeAllocationGcWatermark: 10877631 java_gc_start_bytes: 19501902 kNewNativeDiscountFactor: 2 kOldNativeDiscountFactor: 65536 old_native_bytes: 128828185 new_native_bytes: 16104836 add_bytes_allowed: 32632893 is_gc_concurrent: 1 target_footprint_: 19912190 GetBytesAllocated: 18198640 HeapGrowthMultiplier: 3
12-21 16:14:36.229  3148  3670 I com.miui.home: CheckGCForNative gc_urgency 0.732949 current_native_bytes is 144933021
12-21 16:14:36.232  3148  3670 I com.miui.home: CheckGCForNative adj_start_bytes: 35818348 NativeAllocationGcWatermark: 10877631 java_gc_start_bytes: 19501902 kNewNativeDiscountFactor: 2 kOldNativeDiscountFactor: 65536 old_native_bytes: 128828185 new_native_bytes: 16141312 add_bytes_allowed: 32632893 is_gc_concurrent: 1 target_footprint_: 19912190 GetBytesAllocated: 18247792 HeapGrowthMultiplier: 3
12-21 16:14:36.232  3148  3670 I com.miui.home: CheckGCForNative gc_urgency 0.73483 current_native_bytes is 144969497
12-21 16:14:36.246  3148  3670 I com.miui.home: CheckGCForNative adj_start_bytes: 35818348 NativeAllocationGcWatermark: 10877631 java_gc_start_bytes: 19501902 kNewNativeDiscountFactor: 2 kOldNativeDiscountFactor: 65536 old_native_bytes: 128828185 new_native_bytes: 26902464 add_bytes_allowed: 32632893 is_gc_concurrent: 1 target_footprint_: 19912190 GetBytesAllocated: 18313328 HeapGrowthMultiplier: 3
12-21 16:14:36.246  3148  3670 I com.miui.home: CheckGCForNative gc_urgency 0.886879 current_native_bytes is 155730649
12-21 16:14:36.385  3148  3670 I com.miui.home: CheckGCForNative adj_start_bytes: 35818348 NativeAllocationGcWatermark: 10877631 java_gc_start_bytes: 19501902 kNewNativeDiscountFactor: 2 kOldNativeDiscountFactor: 65536 old_native_bytes: 128828185 new_native_bytes: 16385472 add_bytes_allowed: 32632893 is_gc_concurrent: 1 target_footprint_: 19912190 GetBytesAllocated: 18658224 HeapGrowthMultiplier: 3
12-21 16:14:36.385  3148  3670 I com.miui.home: CheckGCForNative gc_urgency 0.749697 current_native_bytes is 145213657
12-21 16:14:37.156 13660 13660 I wm_on_application_create_called: [0,com.youku.phone,516]
12-21 16:14:37.291 13296 13296 I wm_on_stop_called: [0,211429012,com.tencent.mtt.MainActivity,STOP_ACTIVITY_ITEM,94]
12-21 16:14:37.316 13296 13296 I wm_on_destroy_called: [0,223220498,com.tencent.mtt.SplashActivity,performDestroy,5]
12-21 16:14:37.627 13696 13696 I wm_on_application_create_called: [0,com.tencent.mtt,412]
12-21 16:14:37.637 13660 13660 I wm_on_create_called: [0,250456005,com.youku.phone.ActivityWelcome,performCreate,347]
12-21 16:14:37.670 13296 13296 I wm_on_idle_called: com.tencent.mtt.MainActivity
12-21 16:14:37.675  3148  3148 I wm_on_stop_called: [0,201178947,com.miui.home.launcher.Launcher,STOP_ACTIVITY_ITEM,1]
12-21 16:14:37.745  3148  3148 I wm_on_restart_called: [0,201178947,com.miui.home.launcher.Launcher,performRestartActivity,0]
12-21 16:14:37.745  3148  3148 I wm_on_start_called: [0,201178947,com.miui.home.launcher.Launcher,handleStartActivity,1]
12-21 16:14:37.844  3148 11897 I com.miui.home: CheckGCForNative adj_start_bytes: 35818348 NativeAllocationGcWatermark: 10877631 java_gc_start_bytes: 19501902 kNewNativeDiscountFactor: 2 kOldNativeDiscountFactor: 65536 old_native_bytes: 128828185 new_native_bytes: 27333348 add_bytes_allowed: 32632893 is_gc_concurrent: 1 target_footprint_: 19912190 GetBytesAllocated: 19895952 HeapGrowthMultiplier: 3
12-21 16:14:37.844  3148 11897 I com.miui.home: CheckGCForNative gc_urgency 0.937078 current_native_bytes is 156161533
12-21 16:14:37.844  3148 11897 I com.miui.home: CheckGCForNative adj_start_bytes: 35818348 NativeAllocationGcWatermark: 10877631 java_gc_start_bytes: 19501902 kNewNativeDiscountFactor: 2 kOldNativeDiscountFactor: 65536 old_native_bytes: 128828185 new_native_bytes: 38039268 add_bytes_allowed: 32632893 is_gc_concurrent: 1 target_footprint_: 19912190 GetBytesAllocated: 19912528 HeapGrowthMultiplier: 3
12-21 16:14:37.844  3148 11897 I com.miui.home: CheckGCForNative gc_urgency 1.08699 current_native_bytes is 166867453
12-21 16:14:37.844  3148 11897 I com.miui.home: CheckGCForNative requested 1
12-21 16:14:37.869  3148  3310 I com.miui.home: CheckGCForNative adj_start_bytes: 35818348 NativeAllocationGcWatermark: 10877631 java_gc_start_bytes: 19501902 kNewNativeDiscountFactor: 2 kOldNativeDiscountFactor: 65536 old_native_bytes: 128828185 new_native_bytes: 27335908 add_bytes_allowed: 32632893 is_gc_concurrent: 1 target_footprint_: 19912190 GetBytesAllocated: 19945296 HeapGrowthMultiplier: 3
12-21 16:14:37.869  3148  3310 I com.miui.home: CheckGCForNative gc_urgency 0.938492 current_native_bytes is 156164093
12-21 16:14:37.953  3148 11897 I com.miui.home: CheckGCForNative adj_start_bytes: 35777692 NativeAllocationGcWatermark: 10877631 java_gc_start_bytes: 19461246 kNewNativeDiscountFactor: 2 kOldNativeDiscountFactor: 65536 old_native_bytes: 156173565 new_native_bytes: 6050092 add_bytes_allowed: 32632893 is_gc_concurrent: 1 target_footprint_: 19912190 GetBytesAllocated: 10473112 HeapGrowthMultiplier: 3
12-21 16:14:37.953  3148 11897 I com.miui.home: CheckGCForNative gc_urgency 0.377345 current_native_bytes is 162223657
12-21 16:14:38.101  3148  3670 I com.miui.home: CheckGCForNative gc_urgency 0 current_native_bytes is 152219369
12-21 16:14:38.113  3148  3670 I com.miui.home: CheckGCForNative adj_start_bytes: 35777692 NativeAllocationGcWatermark: 10877631 java_gc_start_bytes: 19461246 kNewNativeDiscountFactor: 2 kOldNativeDiscountFactor: 65536 old_native_bytes: 152219369 new_native_bytes: 784000 add_bytes_allowed: 32632893 is_gc_concurrent: 1 target_footprint_: 19912190 GetBytesAllocated: 10887960 HeapGrowthMultiplier: 3
12-21 16:14:38.113  3148  3670 I com.miui.home: CheckGCForNative gc_urgency 0.315344 current_native_bytes is 153003369
12-21 16:14:38.116  3148  3670 I com.miui.home: CheckGCForNative adj_start_bytes: 35777692 NativeAllocationGcWatermark: 10877631 java_gc_start_bytes: 19461246 kNewNativeDiscountFactor: 2 kOldNativeDiscountFactor: 65536 old_native_bytes: 152219369 new_native_bytes: 1247744 add_bytes_allowed: 32632893 is_gc_concurrent: 1 target_footprint_: 19912190 GetBytesAllocated: 10924824 HeapGrowthMultiplier: 3
12-21 16:14:38.116  3148  3670 I com.miui.home: CheckGCForNative gc_urgency 0.322855 current_native_bytes is 153467113
12-21 16:14:38.124  3148  3670 I com.miui.home: CheckGCForNative adj_start_bytes: 35777692 NativeAllocationGcWatermark: 10877631 java_gc_start_bytes: 19461246 kNewNativeDiscountFactor: 2 kOldNativeDiscountFactor: 65536 old_native_bytes: 152219369 new_native_bytes: 1593088 add_bytes_allowed: 32632893 is_gc_concurrent: 1 target_footprint_: 19912190 GetBytesAllocated: 10957656 HeapGrowthMultiplier: 3
12-21 16:14:38.124  3148  3670 I com.miui.home: CheckGCForNative gc_urgency 0.328599 current_native_bytes is 153812457
12-21 16:14:38.127  3148  3670 I com.miui.home: CheckGCForNative adj_start_bytes: 35777692 NativeAllocationGcWatermark: 10877631 java_gc_start_bytes: 19461246 kNewNativeDiscountFactor: 2 kOldNativeDiscountFactor: 65536 old_native_bytes: 152219369 new_native_bytes: 1826336 add_bytes_allowed: 32632893 is_gc_concurrent: 1 target_footprint_: 19912190 GetBytesAllocated: 10957784 HeapGrowthMultiplier: 3
12-21 16:14:38.127  3148  3670 I com.miui.home: CheckGCForNative gc_urgency 0.331862 current_native_bytes is 154045705
12-21 16:14:38.132  3148  3670 I com.miui.home: CheckGCForNative adj_start_bytes: 35777692 NativeAllocationGcWatermark: 10877631 java_gc_start_bytes: 19461246 kNewNativeDiscountFactor: 2 kOldNativeDiscountFactor: 65536 old_native_bytes: 152219369 new_native_bytes: 2209984 add_bytes_allowed: 32632893 is_gc_concurrent: 1 target_footprint_: 19912190 GetBytesAllocated: 10957784 HeapGrowthMultiplier: 3
12-21 16:14:38.132  3148  3670 I com.miui.home: CheckGCForNative gc_urgency 0.337224 current_native_bytes is 154429353
12-21 16:14:38.143  3148  3670 I com.miui.home: CheckGCForNative adj_start_bytes: 35777692 NativeAllocationGcWatermark: 10877631 java_gc_start_bytes: 19461246 kNewNativeDiscountFactor: 2 kOldNativeDiscountFactor: 65536 old_native_bytes: 152219369 new_native_bytes: 2977464 add_bytes_allowed: 32632893 is_gc_concurrent: 1 target_footprint_: 19912190 GetBytesAllocated: 11011096 HeapGrowthMultiplier: 3
12-21 16:14:38.143  3148  3670 I com.miui.home: CheckGCForNative gc_urgency 0.34944 current_native_bytes is 155196833
12-21 16:14:38.145  3148  3670 I com.miui.home: CheckGCForNative adj_start_bytes: 35777692 NativeAllocationGcWatermark: 10877631 java_gc_start_bytes: 19461246 kNewNativeDiscountFactor: 2 kOldNativeDiscountFactor: 65536 old_native_bytes: 152219369 new_native_bytes: 3439032 add_bytes_allowed: 32632893 is_gc_concurrent: 1 target_footprint_: 19912190 GetBytesAllocated: 11047960 HeapGrowthMultiplier: 3
12-21 16:14:38.145  3148  3670 I com.miui.home: CheckGCForNative gc_urgency 0.356921 current_native_bytes is 155658401
12-21 16:14:38.161  3148  3670 I com.miui.home: CheckGCForNative adj_start_bytes: 35777692 NativeAllocationGcWatermark: 10877631 java_gc_start_bytes: 19461246 kNewNativeDiscountFactor: 2 kOldNativeDiscountFactor: 65536 old_native_bytes: 152219369 new_native_bytes: 4621080 add_bytes_allowed: 32632893 is_gc_concurrent: 1 target_footprint_: 19912190 GetBytesAllocated: 11097288 HeapGrowthMultiplier: 3
12-21 16:14:38.161  3148  3670 I com.miui.home: CheckGCForNative gc_urgency 0.374819 current_native_bytes is 156840449
12-21 16:14:38.164  3148  3670 I com.miui.home: CheckGCForNative adj_start_bytes: 35777692 NativeAllocationGcWatermark: 10877631 java_gc_start_bytes: 19461246 kNewNativeDiscountFactor: 2 kOldNativeDiscountFactor: 65536 old_native_bytes: 152219369 new_native_bytes: 5050200 add_bytes_allowed: 32632893 is_gc_concurrent: 1 target_footprint_: 19912190 GetBytesAllocated: 11097288 HeapGrowthMultiplier: 3
12-21 16:14:38.164  3148  3670 I com.miui.home: CheckGCForNative gc_urgency 0.380816 current_native_bytes is 157269569
12-21 16:14:38.172  3148  3670 I com.miui.home: CheckGCForNative adj_start_bytes: 35777692 NativeAllocationGcWatermark: 10877631 java_gc_start_bytes: 19461246 kNewNativeDiscountFactor: 2 kOldNativeDiscountFactor: 65536 old_native_bytes: 152219369 new_native_bytes: 5812248 add_bytes_allowed: 32632893 is_gc_concurrent: 1 target_footprint_: 19912190 GetBytesAllocated: 11130248 HeapGrowthMultiplier: 3
12-21 16:14:38.172  3148  3670 I com.miui.home: CheckGCForNative gc_urgency 0.392387 current_native_bytes is 158031617
12-21 16:14:38.173  3148  3670 I com.miui.home: CheckGCForNative adj_start_bytes: 35777692 NativeAllocationGcWatermark: 10877631 java_gc_start_bytes: 19461246 kNewNativeDiscountFactor: 2 kOldNativeDiscountFactor: 65536 old_native_bytes: 152219369 new_native_bytes: 6271640 add_bytes_allowed: 32632893 is_gc_concurrent: 1 target_footprint_: 19912190 GetBytesAllocated: 11130248 HeapGrowthMultiplier: 3
12-21 16:14:38.173  3148  3670 I com.miui.home: CheckGCForNative gc_urgency 0.398807 current_native_bytes is 158491009
12-21 16:14:38.206  3148  3670 I com.miui.home: CheckGCForNative adj_start_bytes: 35777692 NativeAllocationGcWatermark: 10877631 java_gc_start_bytes: 19461246 kNewNativeDiscountFactor: 2 kOldNativeDiscountFactor: 65536 old_native_bytes: 152219369 new_native_bytes: 7288216 add_bytes_allowed: 32632893 is_gc_concurrent: 1 target_footprint_: 19912190 GetBytesAllocated: 11179464 HeapGrowthMultiplier: 3
12-21 16:14:38.206  3148  3670 I com.miui.home: CheckGCForNative gc_urgency 0.414389 current_native_bytes is 159507585
12-21 16:14:38.213  3148  3310 I com.miui.home: CheckGCForNative adj_start_bytes: 35777692 NativeAllocationGcWatermark: 10877631 java_gc_start_bytes: 19461246 kNewNativeDiscountFactor: 2 kOldNativeDiscountFactor: 65536 old_native_bytes: 152219369 new_native_bytes: 7813464 add_bytes_allowed: 32632893 is_gc_concurrent: 1 target_footprint_: 19912190 GetBytesAllocated: 11195848 HeapGrowthMultiplier: 3
12-21 16:14:38.213  3148  3310 I com.miui.home: CheckGCForNative gc_urgency 0.422188 current_native_bytes is 160032833
12-21 16:14:38.224 13660 13660 I wm_on_create_called: [0,155673907,com.youku.v2.HomePageEntry,performCreate,201]
12-21 16:14:38.234  3148  3670 I com.miui.home: CheckGCForNative adj_start_bytes: 35777692 NativeAllocationGcWatermark: 10877631 java_gc_start_bytes: 19461246 kNewNativeDiscountFactor: 2 kOldNativeDiscountFactor: 65536 old_native_bytes: 152219369 new_native_bytes: 8047776 add_bytes_allowed: 32632893 is_gc_concurrent: 1 target_footprint_: 19912190 GetBytesAllocated: 11249192 HeapGrowthMultiplier: 3
12-21 16:14:38.242  3148  3670 I com.miui.home: CheckGCForNative gc_urgency 0.426953 current_native_bytes is 160267145
