12-21 09:56:32.041  3176  3655 I com.miui.home: CheckGCForNative adj_start_bytes: 35402980 NativeAllocationGcWatermark: 10813167 java_gc_start_bytes: 19183230 kNewNativeDiscountFactor: 2 kOldNativeDiscountFactor: 65536 old_native_bytes: 117987237 new_native_bytes: 2316296 add_bytes_allowed: 32439501 is_gc_concurrent: 1 target_footprint_: 19396478 GetBytesAllocated: 10157824 HeapGrowthMultiplier: 3
12-21 09:56:32.041  3176  3655 I com.miui.home: CheckGCForNative gc_urgency 0.319684 current_native_bytes is 120303533
12-21 09:56:32.083  3176  3655 I com.miui.home: CheckGCForNative adj_start_bytes: 35402980 NativeAllocationGcWatermark: 10813167 java_gc_start_bytes: 19183230 kNewNativeDiscountFactor: 2 kOldNativeDiscountFactor: 65536 old_native_bytes: 117987237 new_native_bytes: 14827540 add_bytes_allowed: 32439501 is_gc_concurrent: 1 target_footprint_: 19396478 GetBytesAllocated: 10453088 HeapGrowthMultiplier: 3
12-21 09:56:32.083  3176  3655 I com.miui.home: CheckGCForNative gc_urgency 0.504722 current_native_bytes is 132814777
12-21 09:56:32.125  3176  3297 I com.miui.home: CheckGCForNative adj_start_bytes: 35402980 NativeAllocationGcWatermark: 10813167 java_gc_start_bytes: 19183230 kNewNativeDiscountFactor: 2 kOldNativeDiscountFactor: 65536 old_native_bytes: 117987237 new_native_bytes: 4304564 add_bytes_allowed: 32439501 is_gc_concurrent: 1 target_footprint_: 19396478 GetBytesAllocated: 10683216 HeapGrowthMultiplier: 3
12-21 09:56:32.125  3176  3297 I com.miui.home: CheckGCForNative gc_urgency 0.362605 current_native_bytes is 122291801
12-21 09:56:32.161  3176  3655 I com.miui.home: CheckGCForNative adj_start_bytes: 35402980 NativeAllocationGcWatermark: 10813167 java_gc_start_bytes: 19183230 kNewNativeDiscountFactor: 2 kOldNativeDiscountFactor: 65536 old_native_bytes: 117987237 new_native_bytes: 15370856 add_bytes_allowed: 32439501 is_gc_concurrent: 1 target_footprint_: 19396478 GetBytesAllocated: 10928976 HeapGrowthMultiplier: 3
12-21 09:56:32.161  3176  3655 I com.miui.home: CheckGCForNative gc_urgency 0.525837 current_native_bytes is 133358093
12-21 09:56:32.197  3176  3176 I wm_on_resume_called: [0,77262500,com.miui.home.launcher.Launcher,RESUME_ACTIVITY,3]
12-21 09:56:32.223 12257 12257 I wm_on_create_called: [0,80561248,com.sina.weibo.VisitorMainTabActivity,performCreate,310]
12-21 09:56:32.227 12257 12257 I wm_on_start_called: [0,80561248,com.sina.weibo.VisitorMainTabActivity,handleStartActivity,3]
12-21 09:56:32.251  3176  3176 I wm_on_idle_called: com.miui.home.launcher.Launcher
12-21 09:56:32.357  3176  3655 I com.miui.home: CheckGCForNative adj_start_bytes: 35402980 NativeAllocationGcWatermark: 10813167 java_gc_start_bytes: 19183230 kNewNativeDiscountFactor: 2 kOldNativeDiscountFactor: 65536 old_native_bytes: 117987237 new_native_bytes: 4826696 add_bytes_allowed: 32439501 is_gc_concurrent: 1 target_footprint_: 19396478 GetBytesAllocated: 11995632 HeapGrowthMultiplier: 3
12-21 09:56:32.357  3176  3655 I com.miui.home: CheckGCForNative gc_urgency 0.40705 current_native_bytes is 122813933
12-21 09:56:32.381  3176  3655 I com.miui.home: CheckGCForNative adj_start_bytes: 35402980 NativeAllocationGcWatermark: 10813167 java_gc_start_bytes: 19183230 kNewNativeDiscountFactor: 2 kOldNativeDiscountFactor: 65536 old_native_bytes: 117987237 new_native_bytes: 15781820 add_bytes_allowed: 32439501 is_gc_concurrent: 1 target_footprint_: 19396478 GetBytesAllocated: 12208624 HeapGrowthMultiplier: 3
12-21 09:56:32.381  3176  3655 I com.miui.home: CheckGCForNative gc_urgency 0.567787 current_native_bytes is 133769057
12-21 09:56:32.395  3176  3655 I com.miui.home: CheckGCForNative adj_start_bytes: 35402980 NativeAllocationGcWatermark: 10813167 java_gc_start_bytes: 19183230 kNewNativeDiscountFactor: 2 kOldNativeDiscountFactor: 65536 old_native_bytes: 117987237 new_native_bytes: 5077692 add_bytes_allowed: 32439501 is_gc_concurrent: 1 target_footprint_: 19396478 GetBytesAllocated: 12373200 HeapGrowthMultiplier: 3
12-21 09:56:32.395  3176  3655 I com.miui.home: CheckGCForNative gc_urgency 0.42126 current_native_bytes is 123064929
12-21 09:56:32.506 12257 12257 I wm_on_create_called: [0,0,com.sina.weibo.feed.visitor.VisitorHomeActivity,performCreate,143]
12-21 09:56:32.521 12257 12257 I wm_on_start_called: [0,0,com.sina.weibo.feed.visitor.VisitorHomeActivity,handleStartActivity,5]
12-21 09:56:32.560 12257 12257 I wm_on_resume_called: [0,0,com.sina.weibo.feed.visitor.VisitorHomeActivity,moveToState-INITIALIZING,39]
12-21 09:56:32.595 12257 12257 I wm_on_resume_called: [0,80561248,com.sina.weibo.VisitorMainTabActivity,LIFECYCLER_RESUME_ACTIVITY,368]
12-21 09:56:32.613 12257 12257 I wm_on_paused_called: [0,0,com.sina.weibo.feed.visitor.VisitorHomeActivity,performPause,1]
12-21 09:56:32.614 12257 12257 I wm_on_paused_called: [0,80561248,com.sina.weibo.VisitorMainTabActivity,performPause,5]
12-21 09:56:32.659 12257 12257 I wm_on_stop_called: [0,0,com.sina.weibo.feed.visitor.VisitorHomeActivity,moveToState-STARTED,14]
12-21 09:56:32.660 12257 12257 I wm_on_stop_called: [0,80561248,com.sina.weibo.VisitorMainTabActivity,STOP_ACTIVITY_ITEM,17]
12-21 09:56:32.674 12257 12257 I wm_on_stop_called: [0,156511245,com.sina.weibo.SplashActivity,LIFECYCLER_STOP_ACTIVITY,11]
12-21 09:56:32.679  3176  3176 I wm_on_top_resumed_gained_called: [77262500,com.miui.home.launcher.Launcher,topStateChangedWhenResumed]
12-21 09:56:32.695 12257 12257 I wm_on_destroy_called: [0,156511245,com.sina.weibo.SplashActivity,performDestroy,20]
12-21 09:56:32.830 12647 12647 I wm_on_create_called: [0,243541943,com.android.packageinstaller.permission.ui.GrantPermissionsActivity,performCreate,577]
12-21 09:56:32.832 12647 12647 I wm_on_start_called: [0,243541943,com.android.packageinstaller.permission.ui.GrantPermissionsActivity,handleStartActivity,1]
12-21 09:56:32.835 12647 12647 I wm_on_resume_called: [0,243541943,com.android.packageinstaller.permission.ui.GrantPermissionsActivity,RESUME_ACTIVITY,1]
12-21 09:56:32.843 12647 12647 I wm_on_top_resumed_gained_called: [243541943,com.android.packageinstaller.permission.ui.GrantPermissionsActivity,topStateChangedWhenResumed]
12-21 09:56:32.845 12647 12647 I wm_on_top_resumed_lost_called: [243541943,com.android.packageinstaller.permission.ui.GrantPermissionsActivity,topStateChangedWhenResumed]
12-21 09:56:32.846 12647 12647 I wm_on_paused_called: [0,243541943,com.android.packageinstaller.permission.ui.GrantPermissionsActivity,performPause,1]
12-21 09:56:32.857 12647 12647 I wm_on_stop_called: [0,243541943,com.android.packageinstaller.permission.ui.GrantPermissionsActivity,STOP_ACTIVITY_ITEM,10]
12-21 09:56:32.886 12257 12257 I wm_on_idle_called: com.sina.weibo.VisitorMainTabActivity
12-21 09:56:32.962 12647 12647 I wm_on_destroy_called: [0,243541943,com.android.packageinstaller.permission.ui.GrantPermissionsActivity,performDestroy,0]
12-21 09:56:33.261  3176  3289 I com.miui.home: CheckGCForNative adj_start_bytes: 35402980 NativeAllocationGcWatermark: 10813167 java_gc_start_bytes: 19183230 kNewNativeDiscountFactor: 2 kOldNativeDiscountFactor: 65536 old_native_bytes: 117987237 new_native_bytes: 5302704 add_bytes_allowed: 32439501 is_gc_concurrent: 1 target_footprint_: 19396478 GetBytesAllocated: 12668208 HeapGrowthMultiplier: 3
12-21 09:56:33.261  3176  3289 I com.miui.home: CheckGCForNative gc_urgency 0.43277 current_native_bytes is 123289941
12-21 09:56:33.651  3176  3176 I wm_on_top_resumed_lost_called: [77262500,com.miui.home.launcher.Launcher,topStateChangedWhenResumed]
12-21 09:56:33.658  3176  3176 I wm_on_paused_called: [0,77262500,com.miui.home.launcher.Launcher,performPause,1]
12-21 09:56:33.714  3176  3655 I com.miui.home: CheckGCForNative adj_start_bytes: 35402980 NativeAllocationGcWatermark: 10813167 java_gc_start_bytes: 19183230 kNewNativeDiscountFactor: 2 kOldNativeDiscountFactor: 65536 old_native_bytes: 117987237 new_native_bytes: 5450776 add_bytes_allowed: 32439501 is_gc_concurrent: 1 target_footprint_: 19396478 GetBytesAllocated: 13373360 HeapGrowthMultiplier: 3
12-21 09:56:33.714  3176  3655 I com.miui.home: CheckGCForNative gc_urgency 0.454779 current_native_bytes is 123438013
12-21 09:56:33.849  3176  3655 I com.miui.home: CheckGCForNative adj_start_bytes: 35402980 NativeAllocationGcWatermark: 10813167 java_gc_start_bytes: 19183230 kNewNativeDiscountFactor: 2 kOldNativeDiscountFactor: 65536 old_native_bytes: 117987237 new_native_bytes: 5732560 add_bytes_allowed: 32439501 is_gc_concurrent: 1 target_footprint_: 19396478 GetBytesAllocated: 14119504 HeapGrowthMultiplier: 3
12-21 09:56:33.849  3176  3655 I com.miui.home: CheckGCForNative gc_urgency 0.479835 current_native_bytes is 123719797
12-21 09:56:33.881  3176  3297 I com.miui.home: CheckGCForNative adj_start_bytes: 35402980 NativeAllocationGcWatermark: 10813167 java_gc_start_bytes: 19183230 kNewNativeDiscountFactor: 2 kOldNativeDiscountFactor: 65536 old_native_bytes: 117987237 new_native_bytes: 5860036 add_bytes_allowed: 32439501 is_gc_concurrent: 1 target_footprint_: 19396478 GetBytesAllocated: 14266960 HeapGrowthMultiplier: 3
12-21 09:56:33.881  3176  3297 I com.miui.home: CheckGCForNative gc_urgency 0.4858 current_native_bytes is 123847273
12-21 09:56:33.922  3176  3655 I com.miui.home: CheckGCForNative adj_start_bytes: 35402980 NativeAllocationGcWatermark: 10813167 java_gc_start_bytes: 19183230 kNewNativeDiscountFactor: 2 kOldNativeDiscountFactor: 65536 old_native_bytes: 117987237 new_native_bytes: 5765444 add_bytes_allowed: 32439501 is_gc_concurrent: 1 target_footprint_: 19396478 GetBytesAllocated: 14480528 HeapGrowthMultiplier: 3
12-21 09:56:33.922  3176  3655 I com.miui.home: CheckGCForNative gc_urgency 0.490497 current_native_bytes is 123752681
12-21 09:56:35.006 12741 12741 I wm_on_create_called: [0,235350418,com.UCMobile.main.UCMobile,performCreate,744]
12-21 09:56:35.130 12741 12741 I wm_on_create_called: [0,213669975,com.uc.browser.InnerUCMobile,performCreate,61]
12-21 09:56:35.238  3176  3655 I com.miui.home: CheckGCForNative adj_start_bytes: 35402980 NativeAllocationGcWatermark: 10813167 java_gc_start_bytes: 19183230 kNewNativeDiscountFactor: 2 kOldNativeDiscountFactor: 65536 old_native_bytes: 117987237 new_native_bytes: 6232596 add_bytes_allowed: 32439501 is_gc_concurrent: 1 target_footprint_: 19396478 GetBytesAllocated: 15563312 HeapGrowthMultiplier: 3
12-21 09:56:35.238  3176  3655 I com.miui.home: CheckGCForNative gc_urgency 0.527679 current_native_bytes is 124219833
12-21 09:56:35.267 12741 12741 I wm_on_start_called: [0,213669975,com.uc.browser.InnerUCMobile,handleStartActivity,137]
12-21 09:56:35.280 12741 12741 I wm_on_resume_called: [0,213669975,com.uc.browser.InnerUCMobile,RESUME_ACTIVITY,12]
12-21 09:56:35.336  3176  3682 I com.miui.home: CheckGCForNative adj_start_bytes: 35402980 NativeAllocationGcWatermark: 10813167 java_gc_start_bytes: 19183230 kNewNativeDiscountFactor: 2 kOldNativeDiscountFactor: 65536 old_native_bytes: 117987237 new_native_bytes: 17371056 add_bytes_allowed: 32439501 is_gc_concurrent: 1 target_footprint_: 19396478 GetBytesAllocated: 15825520 HeapGrowthMultiplier: 3
12-21 09:56:35.336  3176  3682 I com.miui.home: CheckGCForNative gc_urgency 0.692395 current_native_bytes is 135358293
12-21 09:56:35.336  3176  3682 I com.miui.home: CheckGCForNative adj_start_bytes: 35402980 NativeAllocationGcWatermark: 10813167 java_gc_start_bytes: 19183230 kNewNativeDiscountFactor: 2 kOldNativeDiscountFactor: 65536 old_native_bytes: 117987237 new_native_bytes: 28079536 add_bytes_allowed: 32439501 is_gc_concurrent: 1 target_footprint_: 19396478 GetBytesAllocated: 15842096 HeapGrowthMultiplier: 3
12-21 09:56:35.336  3176  3682 I com.miui.home: CheckGCForNative gc_urgency 0.8441 current_native_bytes is 146066773
12-21 09:56:35.347  3176  3682 I com.miui.home: CheckGCForNative adj_start_bytes: 35402980 NativeAllocationGcWatermark: 10813167 java_gc_start_bytes: 19183230 kNewNativeDiscountFactor: 2 kOldNativeDiscountFactor: 65536 old_native_bytes: 117987237 new_native_bytes: 28079504 add_bytes_allowed: 32439501 is_gc_concurrent: 1 target_footprint_: 19396478 GetBytesAllocated: 15858480 HeapGrowthMultiplier: 3
12-21 09:56:35.347  3176  3682 I com.miui.home: CheckGCForNative gc_urgency 0.844563 current_native_bytes is 146066741
12-21 09:56:35.374  3176  3655 I com.miui.home: CheckGCForNative adj_start_bytes: 35402980 NativeAllocationGcWatermark: 10813167 java_gc_start_bytes: 19183230 kNewNativeDiscountFactor: 2 kOldNativeDiscountFactor: 65536 old_native_bytes: 117987237 new_native_bytes: 17359920 add_bytes_allowed: 32439501 is_gc_concurrent: 1 target_footprint_: 19396478 GetBytesAllocated: 16055856 HeapGrowthMultiplier: 3
12-21 09:56:35.375  3176  3655 I com.miui.home: CheckGCForNative gc_urgency 0.698744 current_native_bytes is 135347157
12-21 09:56:35.414  3176  3655 I com.miui.home: CheckGCForNative adj_start_bytes: 35402980 NativeAllocationGcWatermark: 10813167 java_gc_start_bytes: 19183230 kNewNativeDiscountFactor: 2 kOldNativeDiscountFactor: 65536 old_native_bytes: 117987237 new_native_bytes: 17424612 add_bytes_allowed: 32439501 is_gc_concurrent: 1 target_footprint_: 19396478 GetBytesAllocated: 16285232 HeapGrowthMultiplier: 3
12-21 09:56:35.417  3176  3655 I com.miui.home: CheckGCForNative gc_urgency 0.706137 current_native_bytes is 135411849
12-21 09:56:35.422  3176  3655 I com.miui.home: CheckGCForNative adj_start_bytes: 35402980 NativeAllocationGcWatermark: 10813167 java_gc_start_bytes: 19183230 kNewNativeDiscountFactor: 2 kOldNativeDiscountFactor: 65536 old_native_bytes: 117987237 new_native_bytes: 28130340 add_bytes_allowed: 32439501 is_gc_concurrent: 1 target_footprint_: 19396478 GetBytesAllocated: 16301616 HeapGrowthMultiplier: 3
12-21 09:56:35.422  3176  3655 I com.miui.home: CheckGCForNative gc_urgency 0.857797 current_native_bytes is 146117577
12-21 09:56:35.512 12741 12741 I wm_on_top_resumed_gained_called: [213669975,com.uc.browser.InnerUCMobile,topStateChangedWhenResumed]
12-21 09:56:35.765  3176  3297 I com.miui.home: CheckGCForNative adj_start_bytes: 35402980 NativeAllocationGcWatermark: 10813167 java_gc_start_bytes: 19183230 kNewNativeDiscountFactor: 2 kOldNativeDiscountFactor: 65536 old_native_bytes: 117987237 new_native_bytes: 17417236 add_bytes_allowed: 32439501 is_gc_concurrent: 1 target_footprint_: 19396478 GetBytesAllocated: 16629872 HeapGrowthMultiplier: 3
12-21 09:56:35.766  3176  3297 I com.miui.home: CheckGCForNative gc_urgency 0.715767 current_native_bytes is 135404473
12-21 09:56:35.799  3176  3297 I com.miui.home: CheckGCForNative adj_start_bytes: 35402980 NativeAllocationGcWatermark: 10813167 java_gc_start_bytes: 19183230 kNewNativeDiscountFactor: 2 kOldNativeDiscountFactor: 65536 old_native_bytes: 117987237 new_native_bytes: 17411380 add_bytes_allowed: 32439501 is_gc_concurrent: 1 target_footprint_: 19396478 GetBytesAllocated: 16646256 HeapGrowthMultiplier: 3
12-21 09:56:35.799  3176  3297 I com.miui.home: CheckGCForNative gc_urgency 0.716147 current_native_bytes is 135398617
12-21 09:56:35.869  3176  3176 I wm_on_resume_called: [0,77262500,com.miui.home.launcher.Launcher,RESUME_ACTIVITY,3]
12-21 09:56:35.870  3176  3176 I wm_on_idle_called: com.miui.home.launcher.Launcher
12-21 09:56:36.141  3176  3655 I com.miui.home: CheckGCForNative adj_start_bytes: 35402980 NativeAllocationGcWatermark: 10813167 java_gc_start_bytes: 19183230 kNewNativeDiscountFactor: 2 kOldNativeDiscountFactor: 65536 old_native_bytes: 117987237 new_native_bytes: 17619308 add_bytes_allowed: 32439501 is_gc_concurrent: 1 target_footprint_: 19396478 GetBytesAllocated: 18049024 HeapGrowthMultiplier: 3
12-21 09:56:36.141  3176  3655 I com.miui.home: CheckGCForNative gc_urgency 0.758707 current_native_bytes is 135606545
12-21 09:56:36.157  3176  3655 I com.miui.home: CheckGCForNative adj_start_bytes: 35402980 NativeAllocationGcWatermark: 10813167 java_gc_start_bytes: 19183230 kNewNativeDiscountFactor: 2 kOldNativeDiscountFactor: 65536 old_native_bytes: 117987237 new_native_bytes: 28507680 add_bytes_allowed: 32439501 is_gc_concurrent: 1 target_footprint_: 19396478 GetBytesAllocated: 18196480 HeapGrowthMultiplier: 3
12-21 09:56:36.157  3176  3655 I com.miui.home: CheckGCForNative gc_urgency 0.916649 current_native_bytes is 146494917
12-21 09:56:36.179  3176  3655 I com.miui.home: CheckGCForNative adj_start_bytes: 35402980 NativeAllocationGcWatermark: 10813167 java_gc_start_bytes: 19183230 kNewNativeDiscountFactor: 2 kOldNativeDiscountFactor: 65536 old_native_bytes: 117987237 new_native_bytes: 18030560 add_bytes_allowed: 32439501 is_gc_concurrent: 1 target_footprint_: 19396478 GetBytesAllocated: 18426640 HeapGrowthMultiplier: 3
12-21 09:56:36.179  3176  3655 I com.miui.home: CheckGCForNative gc_urgency 0.775181 current_native_bytes is 136017797
12-21 09:56:36.347  3176  3176 I wm_on_top_resumed_gained_called: [77262500,com.miui.home.launcher.Launcher,topStateChangedWhenResumed]
12-21 09:56:36.395  3176 10495 I com.miui.home: CheckGCForNative adj_start_bytes: 35402980 NativeAllocationGcWatermark: 10813167 java_gc_start_bytes: 19183230 kNewNativeDiscountFactor: 2 kOldNativeDiscountFactor: 65536 old_native_bytes: 117987237 new_native_bytes: 18326404 add_bytes_allowed: 32439501 is_gc_concurrent: 1 target_footprint_: 19396478 GetBytesAllocated: 18623248 HeapGrowthMultiplier: 3
12-21 09:56:36.396  3176 10495 I com.miui.home: CheckGCForNative gc_urgency 0.784913 current_native_bytes is 136313641
12-21 09:56:36.529  3176  3176 I wm_on_top_resumed_lost_called: [77262500,com.miui.home.launcher.Launcher,topStateChangedWhenResumed]
12-21 09:56:36.536  3176  3176 I wm_on_paused_called: [0,77262500,com.miui.home.launcher.Launcher,performPause,1]
12-21 09:56:36.649  3176  3655 I com.miui.home: CheckGCForNative adj_start_bytes: 35402980 NativeAllocationGcWatermark: 10813167 java_gc_start_bytes: 19183230 kNewNativeDiscountFactor: 2 kOldNativeDiscountFactor: 65536 old_native_bytes: 117987237 new_native_bytes: 23794932 add_bytes_allowed: 32439501 is_gc_concurrent: 1 target_footprint_: 19396478 GetBytesAllocated: 19312048 HeapGrowthMultiplier: 3
12-21 09:56:36.649  3176  3655 I com.miui.home: CheckGCForNative gc_urgency 0.881601 current_native_bytes is 141782169
12-21 09:56:36.649  3176  3655 I com.miui.home: CheckGCForNative adj_start_bytes: 35402980 NativeAllocationGcWatermark: 10813167 java_gc_start_bytes: 19183230 kNewNativeDiscountFactor: 2 kOldNativeDiscountFactor: 65536 old_native_bytes: 117987237 new_native_bytes: 23799892 add_bytes_allowed: 32439501 is_gc_concurrent: 1 target_footprint_: 19396478 GetBytesAllocated: 19312048 HeapGrowthMultiplier: 3
12-21 09:56:36.649  3176  3655 I com.miui.home: CheckGCForNative gc_urgency 0.881671 current_native_bytes is 141787129
12-21 09:56:36.963  3176  3655 I com.miui.home: CheckGCForNative gc_urgency 0 current_native_bytes is 130908845
12-21 09:56:36.965  3176  3297 I com.miui.home: CheckGCForNative adj_start_bytes: 35091940 NativeAllocationGcWatermark: 10813167 java_gc_start_bytes: 18872190 kNewNativeDiscountFactor: 2 kOldNativeDiscountFactor: 65536 old_native_bytes: 130908845 new_native_bytes: 1216 add_bytes_allowed: 32439501 is_gc_concurrent: 1 target_footprint_: 19396478 GetBytesAllocated: 10543832 HeapGrowthMultiplier: 3
12-21 09:56:36.965  3176  3297 I com.miui.home: CheckGCForNative gc_urgency 0.300537 current_native_bytes is 130910061
12-21 09:56:37.418 13180 13180 I wm_on_create_called: [0,73131314,com.tencent.mtt.SplashActivity,performCreate,113]
12-21 09:56:37.501 13180 13180 I wm_on_create_called: [0,69167667,com.tencent.mtt.MainActivity,performCreate,20]
12-21 09:56:37.505 13180 13180 I wm_on_start_called: [0,69167667,com.tencent.mtt.MainActivity,handleStartActivity,4]
12-21 09:56:37.569  3176  3655 I com.miui.home: CheckGCForNative adj_start_bytes: 35091940 NativeAllocationGcWatermark: 10813167 java_gc_start_bytes: 18872190 kNewNativeDiscountFactor: 2 kOldNativeDiscountFactor: 65536 old_native_bytes: 130908845 new_native_bytes: 2057708 add_bytes_allowed: 32439501 is_gc_concurrent: 1 target_footprint_: 19396478 GetBytesAllocated: 11052904 HeapGrowthMultiplier: 3
12-21 09:56:37.569  3176  3655 I com.miui.home: CheckGCForNative gc_urgency 0.344346 current_native_bytes is 132966553
12-21 09:56:37.701  3176  3655 I com.miui.home: CheckGCForNative adj_start_bytes: 35091940 NativeAllocationGcWatermark: 10813167 java_gc_start_bytes: 18872190 kNewNativeDiscountFactor: 2 kOldNativeDiscountFactor: 65536 old_native_bytes: 130908845 new_native_bytes: 2493152 add_bytes_allowed: 32439501 is_gc_concurrent: 1 target_footprint_: 19396478 GetBytesAllocated: 11463448 HeapGrowthMultiplier: 3
12-21 09:56:37.702  3176  3655 I com.miui.home: CheckGCForNative gc_urgency 0.362249 current_native_bytes is 133401997
12-21 09:56:37.874 13180 13180 I wm_on_resume_called: [0,69167667,com.tencent.mtt.MainActivity,RESUME_ACTIVITY,365]
12-21 09:56:37.881 13180 13180 I wm_on_top_resumed_gained_called: [69167667,com.tencent.mtt.MainActivity,topStateChangedWhenResumed]
12-21 09:56:38.328  3176  3176 I wm_on_stop_called: [0,77262500,com.miui.home.launcher.Launcher,STOP_ACTIVITY_ITEM,6]
12-21 09:56:38.346  3176  3176 I wm_on_restart_called: [0,77262500,com.miui.home.launcher.Launcher,performRestartActivity,0]
12-21 09:56:38.347  3176  3176 I wm_on_start_called: [0,77262500,com.miui.home.launcher.Launcher,handleStartActivity,0]
12-21 09:56:38.422  3176  3550 I com.miui.home: CheckGCForNative adj_start_bytes: 35091940 NativeAllocationGcWatermark: 10813167 java_gc_start_bytes: 18872190 kNewNativeDiscountFactor: 2 kOldNativeDiscountFactor: 65536 old_native_bytes: 130908845 new_native_bytes: 13546808 add_bytes_allowed: 32439501 is_gc_concurrent: 1 target_footprint_: 19396478 GetBytesAllocated: 12553832 HeapGrowthMultiplier: 3
12-21 09:56:38.422  3176  3550 I com.miui.home: CheckGCForNative gc_urgency 0.550817 current_native_bytes is 144455653
12-21 09:56:38.431  3176  3550 I com.miui.home: CheckGCForNative adj_start_bytes: 35091940 NativeAllocationGcWatermark: 10813167 java_gc_start_bytes: 18872190 kNewNativeDiscountFactor: 2 kOldNativeDiscountFactor: 65536 old_native_bytes: 130908845 new_native_bytes: 24252728 add_bytes_allowed: 32439501 is_gc_concurrent: 1 target_footprint_: 19396478 GetBytesAllocated: 12586792 HeapGrowthMultiplier: 3
12-21 09:56:38.431  3176  3550 I com.miui.home: CheckGCForNative gc_urgency 0.704297 current_native_bytes is 155161573
12-21 09:56:38.442  3176  3297 I com.miui.home: CheckGCForNative adj_start_bytes: 35091940 NativeAllocationGcWatermark: 10813167 java_gc_start_bytes: 18872190 kNewNativeDiscountFactor: 2 kOldNativeDiscountFactor: 65536 old_native_bytes: 130908845 new_native_bytes: 13547884 add_bytes_allowed: 32439501 is_gc_concurrent: 1 target_footprint_: 19396478 GetBytesAllocated: 12603176 HeapGrowthMultiplier: 3
12-21 09:56:38.442  3176  3297 I com.miui.home: CheckGCForNative gc_urgency 0.552238 current_native_bytes is 144456729
12-21 09:56:38.468  3176  3550 I com.miui.home: CheckGCForNative adj_start_bytes: 35091940 NativeAllocationGcWatermark: 10813167 java_gc_start_bytes: 18872190 kNewNativeDiscountFactor: 2 kOldNativeDiscountFactor: 65536 old_native_bytes: 130908845 new_native_bytes: 24265596 add_bytes_allowed: 32439501 is_gc_concurrent: 1 target_footprint_: 19396478 GetBytesAllocated: 12635944 HeapGrowthMultiplier: 3
12-21 09:56:38.468  3176  3550 I com.miui.home: CheckGCForNative gc_urgency 0.705881 current_native_bytes is 155174441
12-21 09:56:38.542 13180 13180 I wm_on_destroy_called: [0,73131314,com.tencent.mtt.SplashActivity,performDestroy,0]
12-21 09:56:38.588 13180 13180 I wm_on_idle_called: com.tencent.mtt.MainActivity
12-21 09:56:38.742  3176  3297 I com.miui.home: CheckGCForNative adj_start_bytes: 35091940 NativeAllocationGcWatermark: 10813167 java_gc_start_bytes: 18872190 kNewNativeDiscountFactor: 2 kOldNativeDiscountFactor: 65536 old_native_bytes: 130908845 new_native_bytes: 13623548 add_bytes_allowed: 32439501 is_gc_concurrent: 1 target_footprint_: 19396478 GetBytesAllocated: 12767240 HeapGrowthMultiplier: 3
12-21 09:56:38.742  3176  3297 I com.miui.home: CheckGCForNative gc_urgency 0.557992 current_native_bytes is 144532393
12-21 09:56:38.786  3176  3297 I com.miui.home: CheckGCForNative adj_start_bytes: 35091940 NativeAllocationGcWatermark: 10813167 java_gc_start_bytes: 18872190 kNewNativeDiscountFactor: 2 kOldNativeDiscountFactor: 65536 old_native_bytes: 130908845 new_native_bytes: 13626620 add_bytes_allowed: 32439501 is_gc_concurrent: 1 target_footprint_: 19396478 GetBytesAllocated: 12783624 HeapGrowthMultiplier: 3
12-21 09:56:38.786  3176  3297 I com.miui.home: CheckGCForNative gc_urgency 0.558502 current_native_bytes is 144535465
12-21 09:56:38.976 13180 13180 I wm_on_top_resumed_lost_called: [69167667,com.tencent.mtt.MainActivity,topStateChangedWhenResumed]
12-21 09:56:39.017  3176  3176 I wm_on_resume_called: [0,77262500,com.miui.home.launcher.Launcher,RESUME_ACTIVITY,5]
12-21 09:56:39.017  3176  3176 I wm_on_idle_called: com.miui.home.launcher.Launcher
12-21 09:56:39.054  3176  3176 I wm_on_top_resumed_gained_called: [77262500,com.miui.home.launcher.Launcher,topStateChangedWhenResumed]
12-21 09:56:39.056 13180 13180 I wm_on_paused_called: [0,69167667,com.tencent.mtt.MainActivity,performPause,1]
12-21 09:56:39.198 13180 13180 I wm_on_stop_called: [0,69167667,com.tencent.mtt.MainActivity,STOP_ACTIVITY_ITEM,119]
12-21 09:56:39.203  3176  3655 I com.miui.home: CheckGCForNative adj_start_bytes: 35091940 NativeAllocationGcWatermark: 10813167 java_gc_start_bytes: 18872190 kNewNativeDiscountFactor: 2 kOldNativeDiscountFactor: 65536 old_native_bytes: 130908845 new_native_bytes: 13830124 add_bytes_allowed: 32439501 is_gc_concurrent: 1 target_footprint_: 19396478 GetBytesAllocated: 13931928 HeapGrowthMultiplier: 3
12-21 09:56:39.203  3176  3655 I com.miui.home: CheckGCForNative gc_urgency 0.594125 current_native_bytes is 144738969
12-21 09:56:39.214  3176  3655 I com.miui.home: CheckGCForNative adj_start_bytes: 35091940 NativeAllocationGcWatermark: 10813167 java_gc_start_bytes: 18872190 kNewNativeDiscountFactor: 2 kOldNativeDiscountFactor: 65536 old_native_bytes: 130908845 new_native_bytes: 24651392 add_bytes_allowed: 32439501 is_gc_concurrent: 1 target_footprint_: 19396478 GetBytesAllocated: 14046616 HeapGrowthMultiplier: 3
12-21 09:56:39.214  3176  3655 I com.miui.home: CheckGCForNative gc_urgency 0.751577 current_native_bytes is 155560237
12-21 09:56:39.248  3176  3655 I com.miui.home: CheckGCForNative adj_start_bytes: 35091940 NativeAllocationGcWatermark: 10813167 java_gc_start_bytes: 18872190 kNewNativeDiscountFactor: 2 kOldNativeDiscountFactor: 65536 old_native_bytes: 130908845 new_native_bytes: 13963200 add_bytes_allowed: 32439501 is_gc_concurrent: 1 target_footprint_: 19396478 GetBytesAllocated: 14325944 HeapGrowthMultiplier: 3
12-21 09:56:39.248  3176  3655 I com.miui.home: CheckGCForNative gc_urgency 0.607249 current_native_bytes is 144872045
12-21 09:56:39.890  3176  3176 I wm_on_top_resumed_lost_called: [77262500,com.miui.home.launcher.Launcher,topStateChangedWhenResumed]
12-21 09:56:39.895  3176  3176 I wm_on_paused_called: [0,77262500,com.miui.home.launcher.Launcher,performPause,2]
12-21 09:56:39.948  3176  3655 I com.miui.home: CheckGCForNative adj_start_bytes: 35091940 NativeAllocationGcWatermark: 10813167 java_gc_start_bytes: 18872190 kNewNativeDiscountFactor: 2 kOldNativeDiscountFactor: 65536 old_native_bytes: 130908845 new_native_bytes: 14170592 add_bytes_allowed: 32439501 is_gc_concurrent: 1 target_footprint_: 19396478 GetBytesAllocated: 15031160 HeapGrowthMultiplier: 3
12-21 09:56:39.948  3176  3655 I com.miui.home: CheckGCForNative gc_urgency 0.6303 current_native_bytes is 145079437
12-21 09:56:40.007  3176  3655 I com.miui.home: CheckGCForNative adj_start_bytes: 35091940 NativeAllocationGcWatermark: 10813167 java_gc_start_bytes: 18872190 kNewNativeDiscountFactor: 2 kOldNativeDiscountFactor: 65536 old_native_bytes: 130908845 new_native_bytes: 14567788 add_bytes_allowed: 32439501 is_gc_concurrent: 1 target_footprint_: 19396478 GetBytesAllocated: 15646248 HeapGrowthMultiplier: 3
12-21 09:56:40.007  3176  3655 I com.miui.home: CheckGCForNative gc_urgency 0.653487 current_native_bytes is 145476633
12-21 09:56:40.131  3176  3297 I com.miui.home: CheckGCForNative adj_start_bytes: 35091940 NativeAllocationGcWatermark: 10813167 java_gc_start_bytes: 18872190 kNewNativeDiscountFactor: 2 kOldNativeDiscountFactor: 65536 old_native_bytes: 130908845 new_native_bytes: 14810504 add_bytes_allowed: 32439501 is_gc_concurrent: 1 target_footprint_: 19396478 GetBytesAllocated: 16105704 HeapGrowthMultiplier: 3
12-21 09:56:40.131  3176  3297 I com.miui.home: CheckGCForNative gc_urgency 0.670039 current_native_bytes is 145719349
12-21 09:56:40.175  3176  3297 I com.miui.home: CheckGCForNative adj_start_bytes: 35091940 NativeAllocationGcWatermark: 10813167 java_gc_start_bytes: 18872190 kNewNativeDiscountFactor: 2 kOldNativeDiscountFactor: 65536 old_native_bytes: 130908845 new_native_bytes: 15323516 add_bytes_allowed: 32439501 is_gc_concurrent: 1 target_footprint_: 19396478 GetBytesAllocated: 16335080 HeapGrowthMultiplier: 3
12-21 09:56:40.175  3176  3297 I com.miui.home: CheckGCForNative gc_urgency 0.683885 current_native_bytes is 146232361
12-21 09:56:40.798 13590 13590 I wm_on_application_create_called: [0,com.youku.phone,392]
12-21 09:56:41.064 13590 13590 I wm_on_create_called: [0,42781289,com.youku.phone.ActivityWelcome,performCreate,222]
12-21 09:56:41.260  3176  3655 I com.miui.home: CheckGCForNative adj_start_bytes: 35091940 NativeAllocationGcWatermark: 10813167 java_gc_start_bytes: 18872190 kNewNativeDiscountFactor: 2 kOldNativeDiscountFactor: 65536 old_native_bytes: 130908845 new_native_bytes: 15398568 add_bytes_allowed: 32439501 is_gc_concurrent: 1 target_footprint_: 19396478 GetBytesAllocated: 16761960 HeapGrowthMultiplier: 3
12-21 09:56:41.260  3176  3655 I com.miui.home: CheckGCForNative gc_urgency 0.697118 current_native_bytes is 146307413
12-21 09:56:41.317  3176  3655 I com.miui.home: CheckGCForNative adj_start_bytes: 35091940 NativeAllocationGcWatermark: 10813167 java_gc_start_bytes: 18872190 kNewNativeDiscountFactor: 2 kOldNativeDiscountFactor: 65536 old_native_bytes: 130908845 new_native_bytes: 15614716 add_bytes_allowed: 32439501 is_gc_concurrent: 1 target_footprint_: 19396478 GetBytesAllocated: 17155816 HeapGrowthMultiplier: 3
12-21 09:56:41.317  3176  3655 I com.miui.home: CheckGCForNative gc_urgency 0.711422 current_native_bytes is 146523561
12-21 09:56:41.317  3176  3655 I com.miui.home: CheckGCForNative adj_start_bytes: 35091940 NativeAllocationGcWatermark: 10813167 java_gc_start_bytes: 18872190 kNewNativeDiscountFactor: 2 kOldNativeDiscountFactor: 65536 old_native_bytes: 130908845 new_native_bytes: 15619036 add_bytes_allowed: 32439501 is_gc_concurrent: 1 target_footprint_: 19396478 GetBytesAllocated: 17155816 HeapGrowthMultiplier: 3
12-21 09:56:41.317  3176  3655 I com.miui.home: CheckGCForNative gc_urgency 0.711483 current_native_bytes is 146527881
12-21 09:56:41.384 13590 13590 I wm_on_create_called: [0,130262332,com.youku.v2.HomePageEntry,performCreate,196]
12-21 09:56:41.639  3176  3410 I com.miui.home: CheckGCForNative adj_start_bytes: 35091940 NativeAllocationGcWatermark: 10813167 java_gc_start_bytes: 18872190 kNewNativeDiscountFactor: 2 kOldNativeDiscountFactor: 65536 old_native_bytes: 130908845 new_native_bytes: 26502144 add_bytes_allowed: 32439501 is_gc_concurrent: 1 target_footprint_: 19396478 GetBytesAllocated: 17991944 HeapGrowthMultiplier: 3
12-21 09:56:41.639  3176  3410 I com.miui.home: CheckGCForNative gc_urgency 0.890376 current_native_bytes is 157410989
12-21 09:56:41.639  3176  3410 I com.miui.home: CheckGCForNative adj_start_bytes: 35091940 NativeAllocationGcWatermark: 10813167 java_gc_start_bytes: 18872190 kNewNativeDiscountFactor: 2 kOldNativeDiscountFactor: 65536 old_native_bytes: 130908845 new_native_bytes: 37208064 add_bytes_allowed: 32439501 is_gc_concurrent: 1 target_footprint_: 19396478 GetBytesAllocated: 18008520 HeapGrowthMultiplier: 3
12-21 09:56:41.639  3176  3410 I com.miui.home: CheckGCForNative gc_urgency 1.04339 current_native_bytes is 168116909
12-21 09:56:41.639  3176  3410 I com.miui.home: CheckGCForNative requested 1
12-21 09:56:41.640  3176 11194 I com.miui.home: CheckGCForNative adj_start_bytes: 35091940 NativeAllocationGcWatermark: 10813167 java_gc_start_bytes: 18872190 kNewNativeDiscountFactor: 2 kOldNativeDiscountFactor: 65536 old_native_bytes: 130908845 new_native_bytes: 37212224 add_bytes_allowed: 32439501 is_gc_concurrent: 1 target_footprint_: 19396478 GetBytesAllocated: 18024904 HeapGrowthMultiplier: 3
12-21 09:56:41.641  3176 11194 I com.miui.home: CheckGCForNative gc_urgency 1.04392 current_native_bytes is 168121069
12-21 09:56:41.641  3176 11194 I com.miui.home: CheckGCForNative requested 1
12-21 09:56:41.739 13590 13590 I wm_on_start_called: [0,130262332,com.youku.v2.HomePageEntry,handleStartActivity,355]
12-21 09:56:41.799 13590 13590 I wm_on_resume_called: [0,130262332,com.youku.v2.HomePageEntry,RESUME_ACTIVITY,59]
12-21 09:56:41.807  3176  3196 I com.miui.home: NativeAlloc concurrent copying GC freed 151786(7842KB) AllocSpace objects, 16(528KB) LOS objects, 49% free, 9488KB/18MB, paused 136us,80us total 166.772ms
12-21 09:56:41.812 13590 13590 I wm_on_top_resumed_gained_called: [130262332,com.youku.v2.HomePageEntry,topStateChangedWhenResumed]
12-21 09:56:41.927  3176  3297 I com.miui.home: CheckGCForNative gc_urgency 0 current_native_bytes is 111830801
12-21 09:56:42.175  3176  3176 I wm_on_resume_called: [0,77262500,com.miui.home.launcher.Launcher,RESUME_ACTIVITY,3]
12-21 09:56:42.175  3176  3176 I wm_on_idle_called: com.miui.home.launcher.Launcher
12-21 09:56:42.274  3176 10495 I com.miui.home: CheckGCForNative gc_urgency 0 current_native_bytes is 111829737
12-21 09:56:42.390  3176 10495 I com.miui.home: CheckGCForNative adj_start_bytes: 35378942 NativeAllocationGcWatermark: 10817569 java_gc_start_bytes: 19152589 kNewNativeDiscountFactor: 2 kOldNativeDiscountFactor: 65536 old_native_bytes: 111829737 new_native_bytes: 36296 add_bytes_allowed: 32452707 is_gc_concurrent: 1 target_footprint_: 19431693 GetBytesAllocated: 11117864 HeapGrowthMultiplier: 3
12-21 09:56:42.390  3176 10495 I com.miui.home: CheckGCForNative gc_urgency 0.314814 current_native_bytes is 111866033
12-21 09:56:42.417  3176  3655 I com.miui.home: CheckGCForNative adj_start_bytes: 35378942 NativeAllocationGcWatermark: 10817569 java_gc_start_bytes: 19152589 kNewNativeDiscountFactor: 2 kOldNativeDiscountFactor: 65536 old_native_bytes: 111829737 new_native_bytes: 764304 add_bytes_allowed: 32452707 is_gc_concurrent: 1 target_footprint_: 19431693 GetBytesAllocated: 11331672 HeapGrowthMultiplier: 3
12-21 09:56:42.417  3176  3655 I com.miui.home: CheckGCForNative gc_urgency 0.331144 current_native_bytes is 112594041
12-21 09:56:42.436  3176  3655 I com.miui.home: CheckGCForNative adj_start_bytes: 35378942 NativeAllocationGcWatermark: 10817569 java_gc_start_bytes: 19152589 kNewNativeDiscountFactor: 2 kOldNativeDiscountFactor: 65536 old_native_bytes: 111829737 new_native_bytes: 1662864 add_bytes_allowed: 32452707 is_gc_concurrent: 1 target_footprint_: 19431693 GetBytesAllocated: 11381064 HeapGrowthMultiplier: 3
12-21 09:56:42.436  3176  3655 I com.miui.home: CheckGCForNative gc_urgency 0.345239 current_native_bytes is 113492601
12-21 09:56:42.439  3176  3655 I com.miui.home: CheckGCForNative adj_start_bytes: 35378942 NativeAllocationGcWatermark: 10817569 java_gc_start_bytes: 19152589 kNewNativeDiscountFactor: 2 kOldNativeDiscountFactor: 65536 old_native_bytes: 111829737 new_native_bytes: 2046512 add_bytes_allowed: 32452707 is_gc_concurrent: 1 target_footprint_: 19431693 GetBytesAllocated: 11381064 HeapGrowthMultiplier: 3
12-21 09:56:42.439  3176  3655 I com.miui.home: CheckGCForNative gc_urgency 0.350661 current_native_bytes is 113876249
12-21 09:56:42.456  3176  3655 I com.miui.home: CheckGCForNative adj_start_bytes: 35378942 NativeAllocationGcWatermark: 10817569 java_gc_start_bytes: 19152589 kNewNativeDiscountFactor: 2 kOldNativeDiscountFactor: 65536 old_native_bytes: 111829737 new_native_bytes: 3660792 add_bytes_allowed: 32452707 is_gc_concurrent: 1 target_footprint_: 19431693 GetBytesAllocated: 11446840 HeapGrowthMultiplier: 3
12-21 09:56:42.457  3176  3655 I com.miui.home: CheckGCForNative gc_urgency 0.375335 current_native_bytes is 115490529
12-21 09:56:42.459  3176  3655 I com.miui.home: CheckGCForNative adj_start_bytes: 35378942 NativeAllocationGcWatermark: 10817569 java_gc_start_bytes: 19152589 kNewNativeDiscountFactor: 2 kOldNativeDiscountFactor: 65536 old_native_bytes: 111829737 new_native_bytes: 4087800 add_bytes_allowed: 32452707 is_gc_concurrent: 1 target_footprint_: 19431693 GetBytesAllocated: 11446840 HeapGrowthMultiplier: 3
12-21 09:56:42.459  3176  3655 I com.miui.home: CheckGCForNative gc_urgency 0.381369 current_native_bytes is 115917537
12-21 09:56:42.463  3176  3655 I com.miui.home: CheckGCForNative adj_start_bytes: 35378942 NativeAllocationGcWatermark: 10817569 java_gc_start_bytes: 19152589 kNewNativeDiscountFactor: 2 kOldNativeDiscountFactor: 65536 old_native_bytes: 111829737 new_native_bytes: 4857272 add_bytes_allowed: 32452707 is_gc_concurrent: 1 target_footprint_: 19431693 GetBytesAllocated: 11479784 HeapGrowthMultiplier: 3
12-21 09:56:42.463  3176  3655 I com.miui.home: CheckGCForNative gc_urgency 0.393175 current_native_bytes is 116687009
12-21 09:56:42.470  3176  3655 I com.miui.home: CheckGCForNative adj_start_bytes: 35378942 NativeAllocationGcWatermark: 10817569 java_gc_start_bytes: 19152589 kNewNativeDiscountFactor: 2 kOldNativeDiscountFactor: 65536 old_native_bytes: 111829737 new_native_bytes: 5316120 add_bytes_allowed: 32452707 is_gc_concurrent: 1 target_footprint_: 19431693 GetBytesAllocated: 11496168 HeapGrowthMultiplier: 3
12-21 09:56:42.470  3176  3655 I com.miui.home: CheckGCForNative gc_urgency 0.400123 current_native_bytes is 117145857
12-21 09:56:42.479  3176  3655 I com.miui.home: CheckGCForNative adj_start_bytes: 35378942 NativeAllocationGcWatermark: 10817569 java_gc_start_bytes: 19152589 kNewNativeDiscountFactor: 2 kOldNativeDiscountFactor: 65536 old_native_bytes: 111829737 new_native_bytes: 6331032 add_bytes_allowed: 32452707 is_gc_concurrent: 1 target_footprint_: 19431693 GetBytesAllocated: 11529000 HeapGrowthMultiplier: 3
12-21 09:56:42.479  3176  3655 I com.miui.home: CheckGCForNative gc_urgency 0.415395 current_native_bytes is 118160769
12-21 09:56:42.502  3176  3655 I com.miui.home: CheckGCForNative adj_start_bytes: 35378942 NativeAllocationGcWatermark: 10817569 java_gc_start_bytes: 19152589 kNewNativeDiscountFactor: 2 kOldNativeDiscountFactor: 65536 old_native_bytes: 111829737 new_native_bytes: 7371392 add_bytes_allowed: 32452707 is_gc_concurrent: 1 target_footprint_: 19431693 GetBytesAllocated: 11594776 HeapGrowthMultiplier: 3
12-21 09:56:42.502  3176  3655 I com.miui.home: CheckGCForNative gc_urgency 0.431957 current_native_bytes is 119201129
12-21 09:56:42.506  3176  3655 I com.miui.home: CheckGCForNative adj_start_bytes: 35378942 NativeAllocationGcWatermark: 10817569 java_gc_start_bytes: 19152589 kNewNativeDiscountFactor: 2 kOldNativeDiscountFactor: 65536 old_native_bytes: 111829737 new_native_bytes: 8137216 add_bytes_allowed: 32452707 is_gc_concurrent: 1 target_footprint_: 19431693 GetBytesAllocated: 11594776 HeapGrowthMultiplier: 3
12-21 09:56:42.506  3176  3655 I com.miui.home: CheckGCForNative gc_urgency 0.44278 current_native_bytes is 119966953
12-21 09:56:42.512  3176  3655 I com.miui.home: CheckGCForNative adj_start_bytes: 35378942 NativeAllocationGcWatermark: 10817569 java_gc_start_bytes: 19152589 kNewNativeDiscountFactor: 2 kOldNativeDiscountFactor: 65536 old_native_bytes: 111829737 new_native_bytes: 8604096 add_bytes_allowed: 32452707 is_gc_concurrent: 1 target_footprint_: 19431693 GetBytesAllocated: 11627608 HeapGrowthMultiplier: 3
12-21 09:56:42.512  3176  3655 I com.miui.home: CheckGCForNative gc_urgency 0.450306 current_native_bytes is 120433833
12-21 09:56:42.515  3176  3655 I com.miui.home: CheckGCForNative adj_start_bytes: 35378942 NativeAllocationGcWatermark: 10817569 java_gc_start_bytes: 19152589 kNewNativeDiscountFactor: 2 kOldNativeDiscountFactor: 65536 old_native_bytes: 111829737 new_native_bytes: 8519832 add_bytes_allowed: 32452707 is_gc_concurrent: 1 target_footprint_: 19431693 GetBytesAllocated: 11627720 HeapGrowthMultiplier: 3
12-21 09:56:42.515  3176  3655 I com.miui.home: CheckGCForNative gc_urgency 0.449119 current_native_bytes is 120349569
12-21 09:56:42.516  3176  3655 I com.miui.home: CheckGCForNative adj_start_bytes: 35378942 NativeAllocationGcWatermark: 10817569 java_gc_start_bytes: 19152589 kNewNativeDiscountFactor: 2 kOldNativeDiscountFactor: 65536 old_native_bytes: 111829737 new_native_bytes: 8916376 add_bytes_allowed: 32452707 is_gc_concurrent: 1 target_footprint_: 19431693 GetBytesAllocated: 11627720 HeapGrowthMultiplier: 3
12-21 09:56:42.516  3176  3655 I com.miui.home: CheckGCForNative gc_urgency 0.454723 current_native_bytes is 120746113
12-21 09:56:42.530  3176  3655 I com.miui.home: CheckGCForNative adj_start_bytes: 35378942 NativeAllocationGcWatermark: 10817569 java_gc_start_bytes: 19152589 kNewNativeDiscountFactor: 2 kOldNativeDiscountFactor: 65536 old_native_bytes: 111829737 new_native_bytes: 9465048 add_bytes_allowed: 32452707 is_gc_concurrent: 1 target_footprint_: 19431693 GetBytesAllocated: 11660664 HeapGrowthMultiplier: 3
12-21 09:56:42.530  3176  3655 I com.miui.home: CheckGCForNative gc_urgency 0.463408 current_native_bytes is 121294785
12-21 09:56:42.541  3176  3655 I com.miui.home: CheckGCForNative adj_start_bytes: 35378942 NativeAllocationGcWatermark: 10817569 java_gc_start_bytes: 19152589 kNewNativeDiscountFactor: 2 kOldNativeDiscountFactor: 65536 old_native_bytes: 111829737 new_native_bytes: 9995640 add_bytes_allowed: 32452707 is_gc_concurrent: 1 target_footprint_: 19431693 GetBytesAllocated: 11693608 HeapGrowthMultiplier: 3
12-21 09:56:42.541  3176  3655 I com.miui.home: CheckGCForNative gc_urgency 0.471838 current_native_bytes is 121825377
12-21 09:56:42.546  3176  3655 I com.miui.home: CheckGCForNative adj_start_bytes: 35378942 NativeAllocationGcWatermark: 10817569 java_gc_start_bytes: 19152589 kNewNativeDiscountFactor: 2 kOldNativeDiscountFactor: 65536 old_native_bytes: 111829737 new_native_bytes: 10391960 add_bytes_allowed: 32452707 is_gc_concurrent: 1 target_footprint_: 19431693 GetBytesAllocated: 11693608 HeapGrowthMultiplier: 3
12-21 09:56:42.546  3176  3655 I com.miui.home: CheckGCForNative gc_urgency 0.477439 current_native_bytes is 122221697
12-21 09:56:42.582  3176  3655 I com.miui.home: CheckGCForNative adj_start_bytes: 35378942 NativeAllocationGcWatermark: 10817569 java_gc_start_bytes: 19152589 kNewNativeDiscountFactor: 2 kOldNativeDiscountFactor: 65536 old_native_bytes: 111829737 new_native_bytes: 23192004 add_bytes_allowed: 32452707 is_gc_concurrent: 1 target_footprint_: 19431693 GetBytesAllocated: 11908008 HeapGrowthMultiplier: 3
12-21 09:56:42.582  3176  3655 I com.miui.home: CheckGCForNative gc_urgency 0.664398 current_native_bytes is 135021741
12-21 09:56:42.609  3176 10495 I com.miui.home: CheckGCForNative adj_start_bytes: 35378942 NativeAllocationGcWatermark: 10817569 java_gc_start_bytes: 19152589 kNewNativeDiscountFactor: 2 kOldNativeDiscountFactor: 65536 old_native_bytes: 111829737 new_native_bytes: 12633028 add_bytes_allowed: 32452707 is_gc_concurrent: 1 target_footprint_: 19431693 GetBytesAllocated: 12121832 HeapGrowthMultiplier: 3
12-21 09:56:42.644  3176  3176 I wm_on_top_resumed_gained_called: [77262500,com.miui.home.launcher.Launcher,topStateChangedWhenResumed]
12-21 09:56:42.665  3176 10495 I com.miui.home: CheckGCForNative adj_start_bytes: 35378942 NativeAllocationGcWatermark: 10817569 java_gc_start_bytes: 19152589 kNewNativeDiscountFactor: 2 kOldNativeDiscountFactor: 65536 old_native_bytes: 111829737 new_native_bytes: 13032552 add_bytes_allowed: 32452707 is_gc_concurrent: 1 target_footprint_: 19431693 GetBytesAllocated: 12400360 HeapGrowthMultiplier: 3
12-21 09:56:42.665  3176 10495 I com.miui.home: CheckGCForNative gc_urgency 0.534734 current_native_bytes is 124862289
12-21 09:56:42.761  3176  3176 I wm_on_top_resumed_lost_called: [77262500,com.miui.home.launcher.Launcher,topStateChangedWhenResumed]
12-21 09:56:42.769  3176  3289 I com.miui.home: CheckGCForNative adj_start_bytes: 35378942 NativeAllocationGcWatermark: 10817569 java_gc_start_bytes: 19152589 kNewNativeDiscountFactor: 2 kOldNativeDiscountFactor: 65536 old_native_bytes: 111829737 new_native_bytes: 13095076 add_bytes_allowed: 32452707 is_gc_concurrent: 1 target_footprint_: 19431693 GetBytesAllocated: 12564264 HeapGrowthMultiplier: 3
12-21 09:56:42.769  3176  3289 I com.miui.home: CheckGCForNative gc_urgency 0.540251 current_native_bytes is 124924813
12-21 09:56:42.777  3176  3176 I wm_on_paused_called: [0,77262500,com.miui.home.launcher.Launcher,performPause,1]
12-21 09:56:42.804  3176  3655 I com.miui.home: CheckGCForNative adj_start_bytes: 35378942 NativeAllocationGcWatermark: 10817569 java_gc_start_bytes: 19152589 kNewNativeDiscountFactor: 2 kOldNativeDiscountFactor: 65536 old_native_bytes: 111829737 new_native_bytes: 13291416 add_bytes_allowed: 32452707 is_gc_concurrent: 1 target_footprint_: 19431693 GetBytesAllocated: 12958200 HeapGrowthMultiplier: 3
12-21 09:56:42.804  3176  3655 I com.miui.home: CheckGCForNative gc_urgency 0.554161 current_native_bytes is 125121153
12-21 09:56:42.880  3176  3655 I com.miui.home: CheckGCForNative adj_start_bytes: 35378942 NativeAllocationGcWatermark: 10817569 java_gc_start_bytes: 19152589 kNewNativeDiscountFactor: 2 kOldNativeDiscountFactor: 65536 old_native_bytes: 111829737 new_native_bytes: 13610924 add_bytes_allowed: 32452707 is_gc_concurrent: 1 target_footprint_: 19431693 GetBytesAllocated: 13450424 HeapGrowthMultiplier: 3
12-21 09:56:42.880  3176  3655 I com.miui.home: CheckGCForNative gc_urgency 0.572589 current_native_bytes is 125440661
12-21 09:56:42.958  3176  3655 I com.miui.home: CheckGCForNative adj_start_bytes: 35378942 NativeAllocationGcWatermark: 10817569 java_gc_start_bytes: 19152589 kNewNativeDiscountFactor: 2 kOldNativeDiscountFactor: 65536 old_native_bytes: 111829737 new_native_bytes: 13861620 add_bytes_allowed: 32452707 is_gc_concurrent: 1 target_footprint_: 19431693 GetBytesAllocated: 14114760 HeapGrowthMultiplier: 3
12-21 09:56:42.958  3176  3655 I com.miui.home: CheckGCForNative gc_urgency 0.59491 current_native_bytes is 125691357
12-21 09:56:43.454 14071 14071 I wm_on_create_called: [0,5381425,com.ucpro.MainActivity,performCreate,76]
12-21 09:56:43.644  3176  3655 I com.miui.home: CheckGCForNative adj_start_bytes: 35378942 NativeAllocationGcWatermark: 10817569 java_gc_start_bytes: 19152589 kNewNativeDiscountFactor: 2 kOldNativeDiscountFactor: 65536 old_native_bytes: 111829737 new_native_bytes: 13864072 add_bytes_allowed: 32452707 is_gc_concurrent: 1 target_footprint_: 19431693 GetBytesAllocated: 14574440 HeapGrowthMultiplier: 3
12-21 09:56:43.644  3176  3655 I com.miui.home: CheckGCForNative gc_urgency 0.607937 current_native_bytes is 125693809
12-21 09:56:43.683  3176  3655 I com.miui.home: CheckGCForNative adj_start_bytes: 35378942 NativeAllocationGcWatermark: 10817569 java_gc_start_bytes: 19152589 kNewNativeDiscountFactor: 2 kOldNativeDiscountFactor: 65536 old_native_bytes: 111829737 new_native_bytes: 14217916 add_bytes_allowed: 32452707 is_gc_concurrent: 1 target_footprint_: 19431693 GetBytesAllocated: 14984712 HeapGrowthMultiplier: 3
12-21 09:56:43.683  3176  3655 I com.miui.home: CheckGCForNative gc_urgency 0.624535 current_native_bytes is 126047653
12-21 09:56:43.996 14071 14071 I wm_on_create_called: [0,91960761,com.ucpro.BrowserActivity,performCreate,504]
12-21 09:56:44.000 14071 14071 I wm_on_start_called: [0,91960761,com.ucpro.BrowserActivity,handleStartActivity,4]
12-21 09:56:44.007 14071 14071 I wm_on_resume_called: [0,91960761,com.ucpro.BrowserActivity,RESUME_ACTIVITY,7]
12-21 09:56:44.027 14071 14071 I wm_on_top_resumed_gained_called: [91960761,com.ucpro.BrowserActivity,topStateChangedWhenResumed]
12-21 09:56:44.352  3176  3176 I wm_on_stop_called: [0,77262500,com.miui.home.launcher.Launcher,STOP_ACTIVITY_ITEM,2]
12-21 09:56:44.554 14071 14071 I wm_on_destroy_called: [0,5381425,com.ucpro.MainActivity,performDestroy,1]
12-21 09:56:44.559  3176  3176 I wm_on_restart_called: [0,77262500,com.miui.home.launcher.Launcher,performRestartActivity,0]
12-21 09:56:44.559  3176  3176 I wm_on_start_called: [0,77262500,com.miui.home.launcher.Launcher,handleStartActivity,1]
12-21 09:56:44.628  3176  3300 I com.miui.home: CheckGCForNative adj_start_bytes: 35378942 NativeAllocationGcWatermark: 10817569 java_gc_start_bytes: 19152589 kNewNativeDiscountFactor: 2 kOldNativeDiscountFactor: 65536 old_native_bytes: 111829737 new_native_bytes: 25253640 add_bytes_allowed: 32452707 is_gc_concurrent: 1 target_footprint_: 19431693 GetBytesAllocated: 15910936 HeapGrowthMultiplier: 3
12-21 09:56:44.628  3176  3300 I com.miui.home: CheckGCForNative gc_urgency 0.806679 current_native_bytes is 137083377
12-21 09:56:44.632  3176  3300 I com.miui.home: CheckGCForNative adj_start_bytes: 35378942 NativeAllocationGcWatermark: 10817569 java_gc_start_bytes: 19152589 kNewNativeDiscountFactor: 2 kOldNativeDiscountFactor: 65536 old_native_bytes: 111829737 new_native_bytes: 35959560 add_bytes_allowed: 32452707 is_gc_concurrent: 1 target_footprint_: 19431693 GetBytesAllocated: 15927512 HeapGrowthMultiplier: 3
12-21 09:56:44.632  3176  3300 I com.miui.home: CheckGCForNative gc_urgency 0.958451 current_native_bytes is 147789297
