12-19 20:47:33.317 13746 13746 I wm_on_resume_called: [0,216739395,com.tencent.mtt.MainActivity,RESUME_ACTIVITY,314]
12-19 20:47:33.326 13746 13746 I wm_on_top_resumed_gained_called: [216739395,com.tencent.mtt.MainActivity,topStateChangedWhenResumed]
12-19 20:47:33.329  3155  3621 I com.miui.home: CheckGCForNative adj_start_bytes: 44628132 NativeAllocationGcWatermark: 11811877 java_gc_start_bytes: 26910317 kNewNativeDiscountFactor: 2 kOldNativeDiscountFactor: 65536 old_native_bytes: 109440553 new_native_bytes: 4381464 add_bytes_allowed: 35435631 is_gc_concurrent: 1 target_footprint_: 27386157 GetBytesAllocated: 14711064 HeapGrowthMultiplier: 3
12-19 20:47:33.329  3155  3621 I com.miui.home: CheckGCForNative gc_urgency 0.378763 current_native_bytes is 113822017
12-19 20:47:33.343  3155  3621 I cccccc  : getTaskSnapshotInstance: 443
12-19 20:47:33.721  3155  3205 I com.miui.home: CheckGCForNative adj_start_bytes: 44628132 NativeAllocationGcWatermark: 11811877 java_gc_start_bytes: 26910317 kNewNativeDiscountFactor: 2 kOldNativeDiscountFactor: 65536 old_native_bytes: 109440553 new_native_bytes: 15199340 add_bytes_allowed: 35435631 is_gc_concurrent: 1 target_footprint_: 27386157 GetBytesAllocated: 15629048 HeapGrowthMultiplier: 3
12-19 20:47:33.721  3155  3205 I com.miui.home: CheckGCForNative gc_urgency 0.520532 current_native_bytes is 124639893
12-19 20:47:33.721  3155  3205 I com.miui.home: CheckGCForNative adj_start_bytes: 44628132 NativeAllocationGcWatermark: 11811877 java_gc_start_bytes: 26910317 kNewNativeDiscountFactor: 2 kOldNativeDiscountFactor: 65536 old_native_bytes: 109440553 new_native_bytes: 25905260 add_bytes_allowed: 35435631 is_gc_concurrent: 1 target_footprint_: 27386157 GetBytesAllocated: 15629240 HeapGrowthMultiplier: 3
12-19 20:47:33.721  3155  3205 I com.miui.home: CheckGCForNative gc_urgency 0.640483 current_native_bytes is 135345813
12-19 20:47:33.721  3155  3205 I cccccc  : getTaskThumbnailInfo: 2460 1.0  10705920
12-19 20:47:33.979  3155  7120 I com.miui.home: CheckGCForNative adj_start_bytes: 44628132 NativeAllocationGcWatermark: 11811877 java_gc_start_bytes: 26910317 kNewNativeDiscountFactor: 2 kOldNativeDiscountFactor: 65536 old_native_bytes: 109440553 new_native_bytes: 25800460 add_bytes_allowed: 35435631 is_gc_concurrent: 1 target_footprint_: 27386157 GetBytesAllocated: 15793560 HeapGrowthMultiplier: 3
12-19 20:47:33.979  3155  7120 I com.miui.home: CheckGCForNative gc_urgency 0.64299 current_native_bytes is 135241013
12-19 20:47:33.982  3155  3155 I cccccc  : getTaskThumbnailInfo: 2460 1.0  10705920
12-19 20:47:34.021  3155  3155 I wm_on_stop_called: [0,4314700,com.miui.home.launcher.Launcher,STOP_ACTIVITY_ITEM,9]
12-19 20:47:34.314 13746 13746 I wm_on_destroy_called: [0,175068423,com.tencent.mtt.SplashActivity,performDestroy,1]
12-19 20:47:34.386 13746 13746 I wm_on_idle_called: com.tencent.mtt.MainActivity
12-19 20:47:34.835  3155  3155 I wm_on_restart_called: [0,4314700,com.miui.home.launcher.Launcher,performRestartActivity,0]
12-19 20:47:34.837  3155  3155 I wm_on_start_called: [0,4314700,com.miui.home.launcher.Launcher,handleStartActivity,2]
12-19 20:47:34.895  3155  3210 I com.miui.home: CheckGCForNative adj_start_bytes: 44628132 NativeAllocationGcWatermark: 11811877 java_gc_start_bytes: 26910317 kNewNativeDiscountFactor: 2 kOldNativeDiscountFactor: 65536 old_native_bytes: 109440553 new_native_bytes: 26010708 add_bytes_allowed: 35435631 is_gc_concurrent: 1 target_footprint_: 27386157 GetBytesAllocated: 16605240 HeapGrowthMultiplier: 3
12-19 20:47:34.895  3155  3210 I com.miui.home: CheckGCForNative gc_urgency 0.663534 current_native_bytes is 135451261
12-19 20:47:34.896  3155  3210 I com.miui.home: CheckGCForNative adj_start_bytes: 44628132 NativeAllocationGcWatermark: 11811877 java_gc_start_bytes: 26910317 kNewNativeDiscountFactor: 2 kOldNativeDiscountFactor: 65536 old_native_bytes: 109440553 new_native_bytes: 36717268 add_bytes_allowed: 35435631 is_gc_concurrent: 1 target_footprint_: 27386157 GetBytesAllocated: 16605432 HeapGrowthMultiplier: 3
12-19 20:47:34.896  3155  3210 I com.miui.home: CheckGCForNative gc_urgency 0.783491 current_native_bytes is 146157821
12-19 20:47:34.897  3155  3210 I cccccc  : getTaskThumbnailInfo: 2460 1.0  10705920
12-19 20:47:34.951  3155  3210 I com.miui.home: CheckGCForNative adj_start_bytes: 44628132 NativeAllocationGcWatermark: 11811877 java_gc_start_bytes: 26910317 kNewNativeDiscountFactor: 2 kOldNativeDiscountFactor: 65536 old_native_bytes: 109440553 new_native_bytes: 36734292 add_bytes_allowed: 35435631 is_gc_concurrent: 1 target_footprint_: 27386157 GetBytesAllocated: 16736504 HeapGrowthMultiplier: 3
12-19 20:47:34.951  3155  3210 I com.miui.home: CheckGCForNative gc_urgency 0.786619 current_native_bytes is 146174845
12-19 20:47:34.953  3155  3155 I cccccc  : getTaskThumbnailInfo: 2460 1.0  10705920
12-19 20:47:35.021 14050 14050 I wm_on_application_create_called: [0,com.tencent.mtt,266]
12-19 20:47:35.113  3155  3525 I com.miui.home: CheckGCForNative adj_start_bytes: 44628132 NativeAllocationGcWatermark: 11811877 java_gc_start_bytes: 26910317 kNewNativeDiscountFactor: 2 kOldNativeDiscountFactor: 65536 old_native_bytes: 109440553 new_native_bytes: 26043028 add_bytes_allowed: 35435631 is_gc_concurrent: 1 target_footprint_: 27386157 GetBytesAllocated: 16835000 HeapGrowthMultiplier: 3
12-19 20:47:35.113  3155  3525 I com.miui.home: CheckGCForNative gc_urgency 0.669044 current_native_bytes is 135483581
12-19 20:47:35.359  3155  3525 I com.miui.home: CheckGCForNative adj_start_bytes: 44628132 NativeAllocationGcWatermark: 11811877 java_gc_start_bytes: 26910317 kNewNativeDiscountFactor: 2 kOldNativeDiscountFactor: 65536 old_native_bytes: 109440553 new_native_bytes: 26062932 add_bytes_allowed: 35435631 is_gc_concurrent: 1 target_footprint_: 27386157 GetBytesAllocated: 16966104 HeapGrowthMultiplier: 3
12-19 20:47:35.359  3155  3525 I com.miui.home: CheckGCForNative gc_urgency 0.672205 current_native_bytes is 135503485
12-19 20:47:35.437 13746 13746 I wm_on_top_resumed_lost_called: [216739395,com.tencent.mtt.MainActivity,topStateChangedWhenResumed]
12-19 20:47:35.461  3155  3155 I wm_on_resume_called: [0,4314700,com.miui.home.launcher.Launcher,RESUME_ACTIVITY,6]
12-19 20:47:35.463  3155  3155 I wm_on_idle_called: com.miui.home.launcher.Launcher
12-19 20:47:35.486  3155  3155 I wm_on_top_resumed_gained_called: [4314700,com.miui.home.launcher.Launcher,topStateChangedWhenResumed]
12-19 20:47:35.496 13746 13746 I wm_on_paused_called: [0,216739395,com.tencent.mtt.MainActivity,performPause,8]
12-19 20:47:35.594  3155  7120 D cccccc  : onTaskStackChangedBackground
12-19 20:47:35.613  3155  7120 D cccccc  : onTaskStackChangedBackground
12-19 20:47:35.614  3155  3205 D cccccc  : onTaskStackChangedBackground
12-19 20:47:35.645  3155  3621 I com.miui.home: CheckGCForNative adj_start_bytes: 44628132 NativeAllocationGcWatermark: 11811877 java_gc_start_bytes: 26910317 kNewNativeDiscountFactor: 2 kOldNativeDiscountFactor: 65536 old_native_bytes: 109440553 new_native_bytes: 26218276 add_bytes_allowed: 35435631 is_gc_concurrent: 1 target_footprint_: 27386157 GetBytesAllocated: 18229208 HeapGrowthMultiplier: 3
12-19 20:47:35.645  3155  3621 I com.miui.home: CheckGCForNative gc_urgency 0.70234 current_native_bytes is 135658829
12-19 20:47:35.672  3155  3621 I com.miui.home: CheckGCForNative adj_start_bytes: 44628132 NativeAllocationGcWatermark: 11811877 java_gc_start_bytes: 26910317 kNewNativeDiscountFactor: 2 kOldNativeDiscountFactor: 65536 old_native_bytes: 109440553 new_native_bytes: 26416972 add_bytes_allowed: 35435631 is_gc_concurrent: 1 target_footprint_: 27386157 GetBytesAllocated: 18507736 HeapGrowthMultiplier: 3
12-19 20:47:35.672  3155  3621 I com.miui.home: CheckGCForNative gc_urgency 0.710715 current_native_bytes is 135857525
12-19 20:47:35.674  3155  3621 I cccccc  : getTaskSnapshotInstance: 443
12-19 20:47:35.711  3155  3155 I wm_on_top_resumed_lost_called: [4314700,com.miui.home.launcher.Launcher,topStateChangedWhenResumed]
12-19 20:47:35.717  3155  3621 I com.miui.home: CheckGCForNative adj_start_bytes: 44628132 NativeAllocationGcWatermark: 11811877 java_gc_start_bytes: 26910317 kNewNativeDiscountFactor: 2 kOldNativeDiscountFactor: 65536 old_native_bytes: 109440553 new_native_bytes: 37127052 add_bytes_allowed: 35435631 is_gc_concurrent: 1 target_footprint_: 27386157 GetBytesAllocated: 18556888 HeapGrowthMultiplier: 3
12-19 20:47:35.717  3155  3621 I com.miui.home: CheckGCForNative gc_urgency 0.831809 current_native_bytes is 146567605
12-19 20:47:35.717  3155  3621 I cccccc  : getTaskThumbnailInfo: 2460 1.0  10705920
12-19 20:47:35.722 13746 13746 I wm_on_stop_called: [0,216739395,com.tencent.mtt.MainActivity,STOP_ACTIVITY_ITEM,66]
12-19 20:47:35.729  3155  3155 I wm_on_paused_called: [0,4314700,com.miui.home.launcher.Launcher,performPause,2]
12-19 20:47:35.729  3155  3210 D cccccc  : onTaskStackChangedBackground
12-19 20:47:35.730  3155  3210 D cccccc  : onTaskStackChangedBackground
12-19 20:47:35.731  3155  3205 D cccccc  : onTaskStackChangedBackground
12-19 20:47:35.732  3155  3205 D cccccc  : onTaskStackChangedBackground
12-19 20:47:35.822  3155  3621 I com.miui.home: CheckGCForNative adj_start_bytes: 44628132 NativeAllocationGcWatermark: 11811877 java_gc_start_bytes: 26910317 kNewNativeDiscountFactor: 2 kOldNativeDiscountFactor: 65536 old_native_bytes: 109440553 new_native_bytes: 26720008 add_bytes_allowed: 35435631 is_gc_concurrent: 1 target_footprint_: 27386157 GetBytesAllocated: 19082072 HeapGrowthMultiplier: 3
12-19 20:47:35.822  3155  3621 I com.miui.home: CheckGCForNative gc_urgency 0.72698 current_native_bytes is 136160561
12-19 20:47:35.842  3155  3205 D cccccc  : onTaskStackChangedBackground
12-19 20:47:35.855  3155  3205 D cccccc  : onTaskStackChangedBackground
12-19 20:47:35.857  3155  3205 D cccccc  : onTaskStackChangedBackground
12-19 20:47:35.905  3155  3621 I com.miui.home: CheckGCForNative adj_start_bytes: 44628132 NativeAllocationGcWatermark: 11811877 java_gc_start_bytes: 26910317 kNewNativeDiscountFactor: 2 kOldNativeDiscountFactor: 65536 old_native_bytes: 109440553 new_native_bytes: 27065556 add_bytes_allowed: 35435631 is_gc_concurrent: 1 target_footprint_: 27386157 GetBytesAllocated: 19729912 HeapGrowthMultiplier: 3
12-19 20:47:35.905  3155  3621 I com.miui.home: CheckGCForNative gc_urgency 0.745368 current_native_bytes is 136506109
12-19 20:47:35.930  3155  3621 I cccccc  : getTaskSnapshotInstance: 444
12-19 20:47:36.031  3155  3621 I com.miui.home: CheckGCForNative adj_start_bytes: 44628132 NativeAllocationGcWatermark: 11811877 java_gc_start_bytes: 26910317 kNewNativeDiscountFactor: 2 kOldNativeDiscountFactor: 65536 old_native_bytes: 109440553 new_native_bytes: 27145340 add_bytes_allowed: 35435631 is_gc_concurrent: 1 target_footprint_: 27386157 GetBytesAllocated: 20189368 HeapGrowthMultiplier: 3
12-19 20:47:36.031  3155  3621 I com.miui.home: CheckGCForNative gc_urgency 0.756557 current_native_bytes is 136585893
12-19 20:47:36.047  3155  3621 I cccccc  : getTaskSnapshotInstance: 444
12-19 20:47:36.527 14200 14200 I wm_on_application_create_called: [0,com.youku.phone,288]
12-19 20:47:36.850 14200 14200 I wm_on_create_called: [0,57864430,com.youku.phone.ActivityWelcome,performCreate,312]
12-19 20:47:37.004  3155  3205 D cccccc  : onTaskStackChangedBackground
12-19 20:47:37.005  3155  3210 D cccccc  : onTaskStackChangedBackground
12-19 20:47:37.005  3155  3205 D cccccc  : onTaskStackChangedBackground
12-19 20:47:37.044  3155  3621 I com.miui.home: CheckGCForNative adj_start_bytes: 44628132 NativeAllocationGcWatermark: 11811877 java_gc_start_bytes: 26910317 kNewNativeDiscountFactor: 2 kOldNativeDiscountFactor: 65536 old_native_bytes: 109440553 new_native_bytes: 27307888 add_bytes_allowed: 35435631 is_gc_concurrent: 1 target_footprint_: 27386157 GetBytesAllocated: 20681752 HeapGrowthMultiplier: 3
12-19 20:47:37.044  3155  3621 I com.miui.home: CheckGCForNative gc_urgency 0.769411 current_native_bytes is 136748441
12-19 20:47:37.066  3155  3621 I cccccc  : getTaskSnapshotInstance: 444
12-19 20:47:37.086  3155  3621 I com.miui.home: CheckGCForNative adj_start_bytes: 44628132 NativeAllocationGcWatermark: 11811877 java_gc_start_bytes: 26910317 kNewNativeDiscountFactor: 2 kOldNativeDiscountFactor: 65536 old_native_bytes: 109440553 new_native_bytes: 27637156 add_bytes_allowed: 35435631 is_gc_concurrent: 1 target_footprint_: 27386157 GetBytesAllocated: 21124792 HeapGrowthMultiplier: 3
12-19 20:47:37.086  3155  3621 I com.miui.home: CheckGCForNative gc_urgency 0.783027 current_native_bytes is 137077709
12-19 20:47:37.103  3155  3621 I cccccc  : getTaskSnapshotInstance: 444
12-19 20:47:37.269 14200 14200 I wm_on_create_called: [0,38048724,com.youku.v2.HomePageEntry,performCreate,298]
12-19 20:47:37.419 14200 14200 I wm_on_start_called: [0,38048724,com.youku.v2.HomePageEntry,handleStartActivity,150]
12-19 20:47:37.451 14200 14200 I wm_on_resume_called: [0,38048724,com.youku.v2.HomePageEntry,RESUME_ACTIVITY,31]
12-19 20:47:37.464 14200 14200 I wm_on_top_resumed_gained_called: [38048724,com.youku.v2.HomePageEntry,topStateChangedWhenResumed]
12-19 20:47:37.958  3155  3204 I com.miui.home: CheckGCForNative adj_start_bytes: 44628132 NativeAllocationGcWatermark: 11811877 java_gc_start_bytes: 26910317 kNewNativeDiscountFactor: 2 kOldNativeDiscountFactor: 65536 old_native_bytes: 109440553 new_native_bytes: 38702588 add_bytes_allowed: 35435631 is_gc_concurrent: 1 target_footprint_: 27386157 GetBytesAllocated: 22108664 HeapGrowthMultiplier: 3
12-19 20:47:37.958  3155  3204 I com.miui.home: CheckGCForNative gc_urgency 0.929047 current_native_bytes is 148143141
12-19 20:47:37.959  3155  3204 I com.miui.home: CheckGCForNative adj_start_bytes: 44628132 NativeAllocationGcWatermark: 11811877 java_gc_start_bytes: 26910317 kNewNativeDiscountFactor: 2 kOldNativeDiscountFactor: 65536 old_native_bytes: 109440553 new_native_bytes: 49408508 add_bytes_allowed: 35435631 is_gc_concurrent: 1 target_footprint_: 27386157 GetBytesAllocated: 22125240 HeapGrowthMultiplier: 3
12-19 20:47:37.959  3155  3204 I com.miui.home: CheckGCForNative gc_urgency 1.04936 current_native_bytes is 158849061
12-19 20:47:37.959  3155  3204 I com.miui.home: CheckGCForNative requested 1
12-19 20:47:37.960  3155  3204 I cccccc  : getTaskThumbnailInfo: 2460 1.0  10705920
12-19 20:47:37.968  3155  3205 I com.miui.home: CheckGCForNative adj_start_bytes: 44628132 NativeAllocationGcWatermark: 11811877 java_gc_start_bytes: 26910317 kNewNativeDiscountFactor: 2 kOldNativeDiscountFactor: 65536 old_native_bytes: 109440553 new_native_bytes: 49410684 add_bytes_allowed: 35435631 is_gc_concurrent: 1 target_footprint_: 27386157 GetBytesAllocated: 22141624 HeapGrowthMultiplier: 3
12-19 20:47:37.968  3155  3205 I com.miui.home: CheckGCForNative gc_urgency 1.04976 current_native_bytes is 158851237
12-19 20:47:37.968  3155  3205 I com.miui.home: CheckGCForNative requested 1
12-19 20:47:37.970  3155  3155 I cccccc  : getTaskThumbnailInfo: 2460 1.0  10705920
12-19 20:47:38.023  3155  3525 I com.miui.home: CheckGCForNative adj_start_bytes: 44628132 NativeAllocationGcWatermark: 11811877 java_gc_start_bytes: 26910317 kNewNativeDiscountFactor: 2 kOldNativeDiscountFactor: 65536 old_native_bytes: 109440553 new_native_bytes: 38723548 add_bytes_allowed: 35435631 is_gc_concurrent: 1 target_footprint_: 27386157 GetBytesAllocated: 22174584 HeapGrowthMultiplier: 3
12-19 20:47:38.023  3155  3525 I com.miui.home: CheckGCForNative gc_urgency 0.930759 current_native_bytes is 148164101
12-19 20:47:38.067  3155  3525 I com.miui.home: CheckGCForNative adj_start_bytes: 44628132 NativeAllocationGcWatermark: 11811877 java_gc_start_bytes: 26910317 kNewNativeDiscountFactor: 2 kOldNativeDiscountFactor: 65536 old_native_bytes: 109440553 new_native_bytes: 38726620 add_bytes_allowed: 35435631 is_gc_concurrent: 1 target_footprint_: 27386157 GetBytesAllocated: 22223736 HeapGrowthMultiplier: 3
12-19 20:47:38.067  3155  3525 I com.miui.home: CheckGCForNative gc_urgency 0.931895 current_native_bytes is 148167173
12-19 20:47:38.144  3155  3198 I com.miui.home: NativeAlloc concurrent copying GC freed 149796(7718KB) AllocSpace objects, 22(688KB) LOS objects, 49% free, 13MB/26MB, paused 150us,119us total 184.325ms
12-19 20:47:38.423  3155  3525 I com.miui.home: CheckGCForNative gc_urgency 0 current_native_bytes is 114096357
12-19 20:47:38.486  3155  3155 I wm_on_resume_called: [0,4314700,com.miui.home.launcher.Launcher,RESUME_ACTIVITY,4]
12-19 20:47:38.488  3155  3155 I wm_on_idle_called: com.miui.home.launcher.Launcher
12-19 20:47:38.642  3155  3205 D cccccc  : onTaskStackChangedBackground
12-19 20:47:38.643  3155  7120 D cccccc  : onTaskStackChangedBackground
12-19 20:47:38.648  3155  3204 D cccccc  : onTaskStackChangedBackground
12-19 20:47:38.681  3155  3621 I com.miui.home: CheckGCForNative adj_start_bytes: 44867164 NativeAllocationGcWatermark: 11800767 java_gc_start_bytes: 27166014 kNewNativeDiscountFactor: 2 kOldNativeDiscountFactor: 65536 old_native_bytes: 114096357 new_native_bytes: 127644 add_bytes_allowed: 35402301 is_gc_concurrent: 1 target_footprint_: 27297278 GetBytesAllocated: 15444480 HeapGrowthMultiplier: 3
12-19 20:47:38.681  3155  3621 I com.miui.home: CheckGCForNative gc_urgency 0.345688 current_native_bytes is 114224001
12-19 20:47:38.722  3155  3621 I com.miui.home: CheckGCForNative adj_start_bytes: 44867164 NativeAllocationGcWatermark: 11800767 java_gc_start_bytes: 27166014 kNewNativeDiscountFactor: 2 kOldNativeDiscountFactor: 65536 old_native_bytes: 114096357 new_native_bytes: 739436 add_bytes_allowed: 35402301 is_gc_concurrent: 1 target_footprint_: 27297278 GetBytesAllocated: 15608688 HeapGrowthMultiplier: 3
12-19 20:47:38.722  3155  3621 I com.miui.home: CheckGCForNative gc_urgency 0.356166 current_native_bytes is 114835793
12-19 20:47:38.739  3155  3155 I wm_on_paused_called: [0,4314700,com.miui.home.launcher.Launcher,performPause,2]
12-19 20:47:38.762  3155  8054 I com.miui.home: CheckGCForNative adj_start_bytes: 44867164 NativeAllocationGcWatermark: 11800767 java_gc_start_bytes: 27166014 kNewNativeDiscountFactor: 2 kOldNativeDiscountFactor: 65536 old_native_bytes: 114096357 new_native_bytes: 1367172 add_bytes_allowed: 35402301 is_gc_concurrent: 1 target_footprint_: 27297278 GetBytesAllocated: 15772832 HeapGrowthMultiplier: 3
12-19 20:47:38.762  3155  8054 I com.miui.home: CheckGCForNative gc_urgency 0.36682 current_native_bytes is 115463529
12-19 20:47:38.778  3155  3621 I com.miui.home: CheckGCForNative adj_start_bytes: 44867164 NativeAllocationGcWatermark: 11800767 java_gc_start_bytes: 27166014 kNewNativeDiscountFactor: 2 kOldNativeDiscountFactor: 65536 old_native_bytes: 114096357 new_native_bytes: 1617828 add_bytes_allowed: 35402301 is_gc_concurrent: 1 target_footprint_: 27297278 GetBytesAllocated: 15789216 HeapGrowthMultiplier: 3
12-19 20:47:38.778  3155  3621 I com.miui.home: CheckGCForNative gc_urgency 0.369978 current_native_bytes is 115714185
12-19 20:47:38.781  3155  3621 I com.miui.home: CheckGCForNative adj_start_bytes: 44867164 NativeAllocationGcWatermark: 11800767 java_gc_start_bytes: 27166014 kNewNativeDiscountFactor: 2 kOldNativeDiscountFactor: 65536 old_native_bytes: 114096357 new_native_bytes: 2011588 add_bytes_allowed: 35402301 is_gc_concurrent: 1 target_footprint_: 27297278 GetBytesAllocated: 15805600 HeapGrowthMultiplier: 3
12-19 20:47:38.782  3155  3621 I com.miui.home: CheckGCForNative gc_urgency 0.374731 current_native_bytes is 116107945
12-19 20:47:38.799  3155  3204 D cccccc  : onTaskStackChangedBackground
12-19 20:47:38.800  3155  3682 D cccccc  : onTaskStackChangedBackground
12-19 20:47:38.801  3155  3204 D cccccc  : onTaskStackChangedBackground
12-19 20:47:38.802  3155  3682 D cccccc  : onTaskStackChangedBackground
12-19 20:47:38.836  3155  3621 I com.miui.home: CheckGCForNative adj_start_bytes: 44867164 NativeAllocationGcWatermark: 11800767 java_gc_start_bytes: 27166014 kNewNativeDiscountFactor: 2 kOldNativeDiscountFactor: 65536 old_native_bytes: 114096357 new_native_bytes: 3554412 add_bytes_allowed: 35402301 is_gc_concurrent: 1 target_footprint_: 27297278 GetBytesAllocated: 15953296 HeapGrowthMultiplier: 3
12-19 20:47:38.836  3155  3621 I com.miui.home: CheckGCForNative gc_urgency 0.395216 current_native_bytes is 117650769
12-19 20:47:38.848  3155  3204 D cccccc  : onTaskStackChangedBackground
12-19 20:47:38.848  3155  3204 D cccccc  : onTaskStackChangedBackground
12-19 20:47:38.848  3155  7120 D cccccc  : onTaskStackChangedBackground
12-19 20:47:38.849  3155  3621 I com.miui.home: CheckGCForNative adj_start_bytes: 44867164 NativeAllocationGcWatermark: 11800767 java_gc_start_bytes: 27166014 kNewNativeDiscountFactor: 2 kOldNativeDiscountFactor: 65536 old_native_bytes: 114096357 new_native_bytes: 3994892 add_bytes_allowed: 35402301 is_gc_concurrent: 1 target_footprint_: 27297278 GetBytesAllocated: 15969680 HeapGrowthMultiplier: 3
12-19 20:47:38.849  3155  3621 I com.miui.home: CheckGCForNative gc_urgency 0.40049 current_native_bytes is 118091249
12-19 20:47:38.865  3155  3621 I com.miui.home: CheckGCForNative adj_start_bytes: 44867164 NativeAllocationGcWatermark: 11800767 java_gc_start_bytes: 27166014 kNewNativeDiscountFactor: 2 kOldNativeDiscountFactor: 65536 old_native_bytes: 114096357 new_native_bytes: 4764316 add_bytes_allowed: 35402301 is_gc_concurrent: 1 target_footprint_: 27297278 GetBytesAllocated: 16141920 HeapGrowthMultiplier: 3
12-19 20:47:38.865  3155  3621 I com.miui.home: CheckGCForNative gc_urgency 0.412904 current_native_bytes is 118860673
12-19 20:47:38.868  3155  3621 I com.miui.home: CheckGCForNative adj_start_bytes: 44867164 NativeAllocationGcWatermark: 11800767 java_gc_start_bytes: 27166014 kNewNativeDiscountFactor: 2 kOldNativeDiscountFactor: 65536 old_native_bytes: 114096357 new_native_bytes: 5222940 add_bytes_allowed: 35402301 is_gc_concurrent: 1 target_footprint_: 27297278 GetBytesAllocated: 16141920 HeapGrowthMultiplier: 3
12-19 20:47:38.868  3155  3621 I com.miui.home: CheckGCForNative gc_urgency 0.418015 current_native_bytes is 119319297
12-19 20:47:38.898  3155  3621 I com.miui.home: CheckGCForNative adj_start_bytes: 44867164 NativeAllocationGcWatermark: 11800767 java_gc_start_bytes: 27166014 kNewNativeDiscountFactor: 2 kOldNativeDiscountFactor: 65536 old_native_bytes: 114096357 new_native_bytes: 6229524 add_bytes_allowed: 35402301 is_gc_concurrent: 1 target_footprint_: 27297278 GetBytesAllocated: 16240352 HeapGrowthMultiplier: 3
12-19 20:47:38.898  3155  3621 I com.miui.home: CheckGCForNative gc_urgency 0.431426 current_native_bytes is 120325881
12-19 20:47:38.925  3155  3621 I com.miui.home: CheckGCForNative adj_start_bytes: 44867164 NativeAllocationGcWatermark: 11800767 java_gc_start_bytes: 27166014 kNewNativeDiscountFactor: 2 kOldNativeDiscountFactor: 65536 old_native_bytes: 114096357 new_native_bytes: 7336764 add_bytes_allowed: 35402301 is_gc_concurrent: 1 target_footprint_: 27297278 GetBytesAllocated: 16322512 HeapGrowthMultiplier: 3
12-19 20:47:38.925  3155  3621 I com.miui.home: CheckGCForNative gc_urgency 0.445596 current_native_bytes is 121433121
12-19 20:47:38.929  3155  3621 I com.miui.home: CheckGCForNative adj_start_bytes: 44867164 NativeAllocationGcWatermark: 11800767 java_gc_start_bytes: 27166014 kNewNativeDiscountFactor: 2 kOldNativeDiscountFactor: 65536 old_native_bytes: 114096357 new_native_bytes: 8102716 add_bytes_allowed: 35402301 is_gc_concurrent: 1 target_footprint_: 27297278 GetBytesAllocated: 16322512 HeapGrowthMultiplier: 3
12-19 20:47:38.929  3155  3621 I com.miui.home: CheckGCForNative gc_urgency 0.454132 current_native_bytes is 122199073
12-19 20:47:38.938  3155  3621 I com.miui.home: CheckGCForNative adj_start_bytes: 44867164 NativeAllocationGcWatermark: 11800767 java_gc_start_bytes: 27166014 kNewNativeDiscountFactor: 2 kOldNativeDiscountFactor: 65536 old_native_bytes: 114096357 new_native_bytes: 8592284 add_bytes_allowed: 35402301 is_gc_concurrent: 1 target_footprint_: 27297278 GetBytesAllocated: 16371728 HeapGrowthMultiplier: 3
12-19 20:47:38.938  3155  3621 I com.miui.home: CheckGCForNative gc_urgency 0.460685 current_native_bytes is 122688641
12-19 20:47:38.943  3155  3621 I com.miui.home: CheckGCForNative adj_start_bytes: 44867164 NativeAllocationGcWatermark: 11800767 java_gc_start_bytes: 27166014 kNewNativeDiscountFactor: 2 kOldNativeDiscountFactor: 65536 old_native_bytes: 114096357 new_native_bytes: 8486484 add_bytes_allowed: 35402301 is_gc_concurrent: 1 target_footprint_: 27297278 GetBytesAllocated: 16371840 HeapGrowthMultiplier: 3
12-19 20:47:38.943  3155  3621 I com.miui.home: CheckGCForNative gc_urgency 0.459508 current_native_bytes is 122582841
12-19 20:47:38.945  3155  3621 I com.miui.home: CheckGCForNative adj_start_bytes: 44867164 NativeAllocationGcWatermark: 11800767 java_gc_start_bytes: 27166014 kNewNativeDiscountFactor: 2 kOldNativeDiscountFactor: 65536 old_native_bytes: 114096357 new_native_bytes: 8883028 add_bytes_allowed: 35402301 is_gc_concurrent: 1 target_footprint_: 27297278 GetBytesAllocated: 16371840 HeapGrowthMultiplier: 3
12-19 20:47:38.945  3155  3621 I com.miui.home: CheckGCForNative gc_urgency 0.463927 current_native_bytes is 122979385
12-19 20:47:38.994  3155  3621 I com.miui.home: CheckGCForNative adj_start_bytes: 44867164 NativeAllocationGcWatermark: 11800767 java_gc_start_bytes: 27166014 kNewNativeDiscountFactor: 2 kOldNativeDiscountFactor: 65536 old_native_bytes: 114096357 new_native_bytes: 9446452 add_bytes_allowed: 35402301 is_gc_concurrent: 1 target_footprint_: 27297278 GetBytesAllocated: 16421168 HeapGrowthMultiplier: 3
12-19 20:47:38.994  3155  3621 I com.miui.home: CheckGCForNative gc_urgency 0.471305 current_native_bytes is 123542809
12-19 20:47:39.005  3155  3621 I com.miui.home: CheckGCForNative adj_start_bytes: 44867164 NativeAllocationGcWatermark: 11800767 java_gc_start_bytes: 27166014 kNewNativeDiscountFactor: 2 kOldNativeDiscountFactor: 65536 old_native_bytes: 114096357 new_native_bytes: 9968596 add_bytes_allowed: 35402301 is_gc_concurrent: 1 target_footprint_: 27297278 GetBytesAllocated: 16470496 HeapGrowthMultiplier: 3
12-19 20:47:39.005  3155  3621 I com.miui.home: CheckGCForNative gc_urgency 0.478224 current_native_bytes is 124064953
12-19 20:47:39.010  3155  3621 I com.miui.home: CheckGCForNative adj_start_bytes: 44867164 NativeAllocationGcWatermark: 11800767 java_gc_start_bytes: 27166014 kNewNativeDiscountFactor: 2 kOldNativeDiscountFactor: 65536 old_native_bytes: 114096357 new_native_bytes: 10364916 add_bytes_allowed: 35402301 is_gc_concurrent: 1 target_footprint_: 27297278 GetBytesAllocated: 16486880 HeapGrowthMultiplier: 3
12-19 20:47:39.010  3155  3621 I com.miui.home: CheckGCForNative gc_urgency 0.483005 current_native_bytes is 124461273
12-19 20:47:39.053  3155  3621 I com.miui.home: CheckGCForNative adj_start_bytes: 44867164 NativeAllocationGcWatermark: 11800767 java_gc_start_bytes: 27166014 kNewNativeDiscountFactor: 2 kOldNativeDiscountFactor: 65536 old_native_bytes: 114096357 new_native_bytes: 12412336 add_bytes_allowed: 35402301 is_gc_concurrent: 1 target_footprint_: 27297278 GetBytesAllocated: 16684880 HeapGrowthMultiplier: 3
12-19 20:47:39.053  3155  3621 I com.miui.home: CheckGCForNative gc_urgency 0.510235 current_native_bytes is 126508693
12-19 20:47:39.108  3155  3621 I com.miui.home: CheckGCForNative adj_start_bytes: 44867164 NativeAllocationGcWatermark: 11800767 java_gc_start_bytes: 27166014 kNewNativeDiscountFactor: 2 kOldNativeDiscountFactor: 65536 old_native_bytes: 114096357 new_native_bytes: 12865932 add_bytes_allowed: 35402301 is_gc_concurrent: 1 target_footprint_: 27297278 GetBytesAllocated: 17062480 HeapGrowthMultiplier: 3
12-19 20:47:39.108  3155  3621 I com.miui.home: CheckGCForNative gc_urgency 0.523706 current_native_bytes is 126962289
12-19 20:47:39.109  3155  3621 I com.miui.home: CheckGCForNative adj_start_bytes: 44867164 NativeAllocationGcWatermark: 11800767 java_gc_start_bytes: 27166014 kNewNativeDiscountFactor: 2 kOldNativeDiscountFactor: 65536 old_native_bytes: 114096357 new_native_bytes: 12880100 add_bytes_allowed: 35402301 is_gc_concurrent: 1 target_footprint_: 27297278 GetBytesAllocated: 17078864 HeapGrowthMultiplier: 3
12-19 20:47:39.109  3155  3621 I com.miui.home: CheckGCForNative gc_urgency 0.524229 current_native_bytes is 126976457
12-19 20:47:39.112  3155  3621 I cccccc  : getTaskSnapshotInstance: 445
12-19 20:47:39.113  3155  3621 I cccccc  : getTaskSnapshotInstance: 444
12-19 20:47:39.114  3155  3621 I com.miui.home: CheckGCForNative adj_start_bytes: 44867164 NativeAllocationGcWatermark: 11800767 java_gc_start_bytes: 27166014 kNewNativeDiscountFactor: 2 kOldNativeDiscountFactor: 65536 old_native_bytes: 114096357 new_native_bytes: 23608292 add_bytes_allowed: 35402301 is_gc_concurrent: 1 target_footprint_: 27297278 GetBytesAllocated: 17128016 HeapGrowthMultiplier: 3
12-19 20:47:39.114  3155  3621 I com.miui.home: CheckGCForNative gc_urgency 0.644879 current_native_bytes is 137704649
12-19 20:47:39.114  3155  3621 I cccccc  : getTaskThumbnailInfo: 2460 1.0  10705920
12-19 20:47:39.452 14687 14687 I wm_on_create_called: [0,41889573,com.ucpro.MainActivity,performCreate,98]
12-19 20:47:39.588  3155  7120 D cccccc  : onTaskStackChangedBackground
12-19 20:47:39.590  3155  3204 D cccccc  : onTaskStackChangedBackground
12-19 20:47:39.590  3155  3205 D cccccc  : onTaskStackChangedBackground
12-19 20:47:39.688  3155  3621 I com.miui.home: CheckGCForNative adj_start_bytes: 44867164 NativeAllocationGcWatermark: 11800767 java_gc_start_bytes: 27166014 kNewNativeDiscountFactor: 2 kOldNativeDiscountFactor: 65536 old_native_bytes: 114096357 new_native_bytes: 13133112 add_bytes_allowed: 35402301 is_gc_concurrent: 1 target_footprint_: 27297278 GetBytesAllocated: 17571408 HeapGrowthMultiplier: 3
12-19 20:47:39.688  3155  3621 I com.miui.home: CheckGCForNative gc_urgency 0.538026 current_native_bytes is 127229469
12-19 20:47:39.704  3155  3621 I cccccc  : getTaskSnapshotInstance: 445
12-19 20:47:39.746  3155  3621 I com.miui.home: CheckGCForNative adj_start_bytes: 44867164 NativeAllocationGcWatermark: 11800767 java_gc_start_bytes: 27166014 kNewNativeDiscountFactor: 2 kOldNativeDiscountFactor: 65536 old_native_bytes: 114096357 new_native_bytes: 13352492 add_bytes_allowed: 35402301 is_gc_concurrent: 1 target_footprint_: 27297278 GetBytesAllocated: 18014448 HeapGrowthMultiplier: 3
12-19 20:47:39.746  3155  3621 I com.miui.home: CheckGCForNative gc_urgency 0.550345 current_native_bytes is 127448849
12-19 20:47:39.756  3155  3621 I cccccc  : getTaskSnapshotInstance: 445
12-19 20:47:39.818  3155  3621 I com.miui.home: CheckGCForNative adj_start_bytes: 44867164 NativeAllocationGcWatermark: 11800767 java_gc_start_bytes: 27166014 kNewNativeDiscountFactor: 2 kOldNativeDiscountFactor: 65536 old_native_bytes: 114096357 new_native_bytes: 13740128 add_bytes_allowed: 35402301 is_gc_concurrent: 1 target_footprint_: 27297278 GetBytesAllocated: 18441104 HeapGrowthMultiplier: 3
12-19 20:47:39.818  3155  3621 I com.miui.home: CheckGCForNative gc_urgency 0.564174 current_native_bytes is 127836485
12-19 20:47:39.824  3155  3621 I cccccc  : getTaskSnapshotInstance: 445
12-19 20:47:40.002 14687 14687 I wm_on_create_called: [0,158949340,com.ucpro.BrowserActivity,performCreate,500]
12-19 20:47:40.012 14687 14687 I wm_on_start_called: [0,158949340,com.ucpro.BrowserActivity,handleStartActivity,10]
12-19 20:47:40.020 14687 14687 I wm_on_resume_called: [0,158949340,com.ucpro.BrowserActivity,RESUME_ACTIVITY,7]
12-19 20:47:40.039 14687 14687 I wm_on_top_resumed_gained_called: [158949340,com.ucpro.BrowserActivity,topStateChangedWhenResumed]
12-19 20:47:40.389  3155  3155 I wm_on_stop_called: [0,4314700,com.miui.home.launcher.Launcher,STOP_ACTIVITY_ITEM,11]
12-19 20:47:40.599 14687 14687 I wm_on_destroy_called: [0,41889573,com.ucpro.MainActivity,performDestroy,1]
12-19 20:47:40.788  3155  3155 I wm_on_restart_called: [0,4314700,com.miui.home.launcher.Launcher,performRestartActivity,0]
12-19 20:47:40.789  3155  3155 I wm_on_start_called: [0,4314700,com.miui.home.launcher.Launcher,handleStartActivity,1]
12-19 20:47:40.934  3155  3205 I com.miui.home: CheckGCForNative adj_start_bytes: 44867164 NativeAllocationGcWatermark: 11800767 java_gc_start_bytes: 27166014 kNewNativeDiscountFactor: 2 kOldNativeDiscountFactor: 65536 old_native_bytes: 114096357 new_native_bytes: 24634888 add_bytes_allowed: 35402301 is_gc_concurrent: 1 target_footprint_: 27297278 GetBytesAllocated: 19432880 HeapGrowthMultiplier: 3
12-19 20:47:40.934  3155  3205 I com.miui.home: CheckGCForNative gc_urgency 0.70769 current_native_bytes is 138731245
12-19 20:47:40.934  3155  3205 I com.miui.home: CheckGCForNative adj_start_bytes: 44867164 NativeAllocationGcWatermark: 11800767 java_gc_start_bytes: 27166014 kNewNativeDiscountFactor: 2 kOldNativeDiscountFactor: 65536 old_native_bytes: 114096357 new_native_bytes: 35340808 add_bytes_allowed: 35402301 is_gc_concurrent: 1 target_footprint_: 27297278 GetBytesAllocated: 19449456 HeapGrowthMultiplier: 3
12-19 20:47:40.934  3155  3205 I com.miui.home: CheckGCForNative gc_urgency 0.827367 current_native_bytes is 149437165
12-19 20:47:40.934  3155  3205 I cccccc  : getTaskThumbnailInfo: 2460 1.0  10705920
12-19 20:47:40.942  3155  3205 I com.miui.home: CheckGCForNative adj_start_bytes: 44867164 NativeAllocationGcWatermark: 11800767 java_gc_start_bytes: 27166014 kNewNativeDiscountFactor: 2 kOldNativeDiscountFactor: 65536 old_native_bytes: 114096357 new_native_bytes: 35341128 add_bytes_allowed: 35402301 is_gc_concurrent: 1 target_footprint_: 27297278 GetBytesAllocated: 19465840 HeapGrowthMultiplier: 3
12-19 20:47:40.944  3155  3205 I com.miui.home: CheckGCForNative gc_urgency 0.827735 current_native_bytes is 149437485
12-19 20:47:40.945  3155  3155 I cccccc  : getTaskThumbnailInfo: 2460 1.0  10705920
12-19 20:47:40.997  3155  3155 I wm_on_stop_called: [0,4314700,com.miui.home.launcher.Launcher,STOP_ACTIVITY_ITEM,4]
12-19 20:47:41.822  3155  3155 I wm_on_restart_called: [0,4314700,com.miui.home.launcher.Launcher,performRestartActivity,0]
12-19 20:47:41.823  3155  3155 I wm_on_start_called: [0,4314700,com.miui.home.launcher.Launcher,handleStartActivity,1]
12-19 20:47:41.939  3155  3204 I com.miui.home: CheckGCForNative adj_start_bytes: 44867164 NativeAllocationGcWatermark: 11800767 java_gc_start_bytes: 27166014 kNewNativeDiscountFactor: 2 kOldNativeDiscountFactor: 65536 old_native_bytes: 114096357 new_native_bytes: 35415888 add_bytes_allowed: 35402301 is_gc_concurrent: 1 target_footprint_: 27297278 GetBytesAllocated: 20138320 HeapGrowthMultiplier: 3
12-19 20:47:41.939  3155  3204 I com.miui.home: CheckGCForNative gc_urgency 0.843557 current_native_bytes is 149512245
12-19 20:47:41.940  3155  3204 I com.miui.home: CheckGCForNative adj_start_bytes: 44867164 NativeAllocationGcWatermark: 11800767 java_gc_start_bytes: 27166014 kNewNativeDiscountFactor: 2 kOldNativeDiscountFactor: 65536 old_native_bytes: 114096357 new_native_bytes: 46122448 add_bytes_allowed: 35402301 is_gc_concurrent: 1 target_footprint_: 27297278 GetBytesAllocated: 20138512 HeapGrowthMultiplier: 3
12-19 20:47:41.941  3155  3204 I com.miui.home: CheckGCForNative gc_urgency 0.962875 current_native_bytes is 160218805
12-19 20:47:41.941  3155  3204 I cccccc  : getTaskThumbnailInfo: 2460 1.0  10705920
12-19 20:47:41.949  3155  3204 I com.miui.home: CheckGCForNative adj_start_bytes: 44867164 NativeAllocationGcWatermark: 11800767 java_gc_start_bytes: 27166014 kNewNativeDiscountFactor: 2 kOldNativeDiscountFactor: 65536 old_native_bytes: 114096357 new_native_bytes: 46132272 add_bytes_allowed: 35402301 is_gc_concurrent: 1 target_footprint_: 27297278 GetBytesAllocated: 20138512 HeapGrowthMultiplier: 3
12-19 20:47:41.949  3155  3204 I com.miui.home: CheckGCForNative gc_urgency 0.962985 current_native_bytes is 160228629
12-19 20:47:41.950  3155  3155 I cccccc  : getTaskThumbnailInfo: 2460 1.0  10705920
12-19 20:47:42.042  3155  3155 I wm_on_stop_called: [0,4314700,com.miui.home.launcher.Launcher,STOP_ACTIVITY_ITEM,4]
12-19 20:47:42.813  3155  3155 I wm_on_restart_called: [0,4314700,com.miui.home.launcher.Launcher,performRestartActivity,0]
12-19 20:47:42.814  3155  3155 I wm_on_start_called: [0,4314700,com.miui.home.launcher.Launcher,handleStartActivity,1]
12-19 20:47:42.893  3155  3204 I com.miui.home: CheckGCForNative adj_start_bytes: 44867164 NativeAllocationGcWatermark: 11800767 java_gc_start_bytes: 27166014 kNewNativeDiscountFactor: 2 kOldNativeDiscountFactor: 65536 old_native_bytes: 114096357 new_native_bytes: 46194968 add_bytes_allowed: 35402301 is_gc_concurrent: 1 target_footprint_: 27297278 GetBytesAllocated: 20778192 HeapGrowthMultiplier: 3
12-19 20:47:42.893  3155  3204 I com.miui.home: CheckGCForNative gc_urgency 0.97794 current_native_bytes is 160291325
12-19 20:47:42.897  3155  3204 I com.miui.home: CheckGCForNative adj_start_bytes: 44867164 NativeAllocationGcWatermark: 11800767 java_gc_start_bytes: 27166014 kNewNativeDiscountFactor: 2 kOldNativeDiscountFactor: 65536 old_native_bytes: 114096357 new_native_bytes: 56903736 add_bytes_allowed: 35402301 is_gc_concurrent: 1 target_footprint_: 27297278 GetBytesAllocated: 20794768 HeapGrowthMultiplier: 3
12-19 20:47:42.897  3155  3204 I com.miui.home: CheckGCForNative gc_urgency 1.09765 current_native_bytes is 171000093
12-19 20:47:42.897  3155  3204 I com.miui.home: CheckGCForNative requested 1
12-19 20:47:42.897  3155  3204 I cccccc  : getTaskThumbnailInfo: 2460 1.0  10705920
12-19 20:47:42.993  3155  3204 I com.miui.home: CheckGCForNative adj_start_bytes: 44867164 NativeAllocationGcWatermark: 11800767 java_gc_start_bytes: 27166014 kNewNativeDiscountFactor: 2 kOldNativeDiscountFactor: 65536 old_native_bytes: 114096357 new_native_bytes: 56911976 add_bytes_allowed: 35402301 is_gc_concurrent: 1 target_footprint_: 27297278 GetBytesAllocated: 20138624 HeapGrowthMultiplier: 3
12-19 20:47:42.994  3155  3204 I com.miui.home: CheckGCForNative gc_urgency 1.08312 current_native_bytes is 171008333
12-19 20:47:42.994  3155  3204 I com.miui.home: CheckGCForNative requested 1
12-19 20:47:42.994  3155  3155 I cccccc  : getTaskThumbnailInfo: 2460 1.0  10705920
12-19 20:47:42.999  3155  3198 I com.miui.home: NativeAlloc concurrent copying GC freed 120530(6232KB) AllocSpace objects, 24(792KB) LOS objects, 49% free, 13MB/26MB, paused 59us,32us total 100.789ms
12-19 20:47:43.099 14687 14687 I wm_on_idle_called: com.ucpro.BrowserActivity
12-19 20:47:43.192  3155  3525 I com.miui.home: CheckGCForNative gc_urgency 0 current_native_bytes is 119415509
12-19 20:47:43.203  3155  3525 I com.miui.home: CheckGCForNative adj_start_bytes: 45136109 NativeAllocationGcWatermark: 11834251 java_gc_start_bytes: 27384733 kNewNativeDiscountFactor: 2 kOldNativeDiscountFactor: 65536 old_native_bytes: 119415509 new_native_bytes: 2112 add_bytes_allowed: 35502753 is_gc_concurrent: 1 target_footprint_: 27565149 GetBytesAllocated: 13913648 HeapGrowthMultiplier: 3
12-19 20:47:43.203  3155  3525 I com.miui.home: CheckGCForNative gc_urgency 0.308324 current_native_bytes is 119417621
12-19 20:47:43.266  3155  3155 I wm_on_stop_called: [0,4314700,com.miui.home.launcher.Launcher,STOP_ACTIVITY_ITEM,4]
12-19 20:47:43.696  3155  3155 I wm_on_restart_called: [0,4314700,com.miui.home.launcher.Launcher,performRestartActivity,0]
12-19 20:47:43.697  3155  3155 I wm_on_start_called: [0,4314700,com.miui.home.launcher.Launcher,handleStartActivity,1]
12-19 20:47:43.741  3155  3204 I com.miui.home: CheckGCForNative adj_start_bytes: 45136109 NativeAllocationGcWatermark: 11834251 java_gc_start_bytes: 27384733 kNewNativeDiscountFactor: 2 kOldNativeDiscountFactor: 65536 old_native_bytes: 119415509 new_native_bytes: 10754936 add_bytes_allowed: 35502753 is_gc_concurrent: 1 target_footprint_: 27565149 GetBytesAllocated: 14667824 HeapGrowthMultiplier: 3
12-19 20:47:43.741  3155  3204 I com.miui.home: CheckGCForNative gc_urgency 0.444148 current_native_bytes is 130170445
12-19 20:47:43.744  3155  3204 I com.miui.home: CheckGCForNative adj_start_bytes: 45136109 NativeAllocationGcWatermark: 11834251 java_gc_start_bytes: 27384733 kNewNativeDiscountFactor: 2 kOldNativeDiscountFactor: 65536 old_native_bytes: 119415509 new_native_bytes: 21463288 add_bytes_allowed: 35502753 is_gc_concurrent: 1 target_footprint_: 27565149 GetBytesAllocated: 14684400 HeapGrowthMultiplier: 3
12-19 20:47:43.744  3155  3204 I com.miui.home: CheckGCForNative gc_urgency 0.563138 current_native_bytes is 140878797
12-19 20:47:43.744  3155  3204 I cccccc  : getTaskThumbnailInfo: 2460 1.0  10705920
12-19 20:47:43.754  3155  3204 I com.miui.home: CheckGCForNative adj_start_bytes: 45136109 NativeAllocationGcWatermark: 11834251 java_gc_start_bytes: 27384733 kNewNativeDiscountFactor: 2 kOldNativeDiscountFactor: 65536 old_native_bytes: 119415509 new_native_bytes: 21463800 add_bytes_allowed: 35502753 is_gc_concurrent: 1 target_footprint_: 27565149 GetBytesAllocated: 14684400 HeapGrowthMultiplier: 3
12-19 20:47:43.754  3155  3204 I com.miui.home: CheckGCForNative gc_urgency 0.563144 current_native_bytes is 140879309
12-19 20:47:43.754  3155  3155 I cccccc  : getTaskThumbnailInfo: 2460 1.0  10705920
12-19 20:47:44.027  3155  3525 I com.miui.home: CheckGCForNative adj_start_bytes: 45136109 NativeAllocationGcWatermark: 11834251 java_gc_start_bytes: 27384733 kNewNativeDiscountFactor: 2 kOldNativeDiscountFactor: 65536 old_native_bytes: 119415509 new_native_bytes: 10789080 add_bytes_allowed: 35502753 is_gc_concurrent: 1 target_footprint_: 27565149 GetBytesAllocated: 14897584 HeapGrowthMultiplier: 3
12-19 20:47:44.027  3155  3525 I com.miui.home: CheckGCForNative gc_urgency 0.449617 current_native_bytes is 130204589
12-19 20:47:44.348 14687 14687 I wm_on_top_resumed_lost_called: [158949340,com.ucpro.BrowserActivity,topStateChangedWhenResumed]
12-19 20:47:44.382  3155  3155 I wm_on_resume_called: [0,4314700,com.miui.home.launcher.Launcher,RESUME_ACTIVITY,8]
12-19 20:47:44.383  3155  3155 I wm_on_top_resumed_gained_called: [4314700,com.miui.home.launcher.Launcher,topStateChangedWhenResumed]
12-19 20:47:44.385  3155  3155 I wm_on_idle_called: com.miui.home.launcher.Launcher
12-19 20:47:44.470 14687 14687 I wm_on_paused_called: [0,158949340,com.ucpro.BrowserActivity,performPause,121]
12-19 20:47:44.496  3155  3210 D cccccc  : onTaskStackChangedBackground
12-19 20:47:44.497  3155  3210 D cccccc  : onTaskStackChangedBackground
12-19 20:47:44.497  3155  3204 D cccccc  : onTaskStackChangedBackground
12-19 20:47:44.686  3155  3621 I com.miui.home: CheckGCForNative adj_start_bytes: 45136109 NativeAllocationGcWatermark: 11834251 java_gc_start_bytes: 27384733 kNewNativeDiscountFactor: 2 kOldNativeDiscountFactor: 65536 old_native_bytes: 119415509 new_native_bytes: 11123384 add_bytes_allowed: 35502753 is_gc_concurrent: 1 target_footprint_: 27565149 GetBytesAllocated: 16160720 HeapGrowthMultiplier: 3
12-19 20:47:44.686  3155  3621 I com.miui.home: CheckGCForNative gc_urgency 0.481305 current_native_bytes is 130538893
12-19 20:47:44.749 15354 15354 I wm_on_application_create_called: [0,com.quark.browser,843]
12-19 20:47:44.764  3155  3621 I com.miui.home: CheckGCForNative adj_start_bytes: 45136109 NativeAllocationGcWatermark: 11834251 java_gc_start_bytes: 27384733 kNewNativeDiscountFactor: 2 kOldNativeDiscountFactor: 65536 old_native_bytes: 119415509 new_native_bytes: 12910128 add_bytes_allowed: 35502753 is_gc_concurrent: 1 target_footprint_: 27565149 GetBytesAllocated: 16259152 HeapGrowthMultiplier: 3
12-19 20:47:44.764  3155  3621 I com.miui.home: CheckGCForNative gc_urgency 0.503279 current_native_bytes is 132325637
12-19 20:47:44.936 14687 14687 I wm_on_stop_called: [0,158949340,com.ucpro.BrowserActivity,STOP_ACTIVITY_ITEM,165]
12-19 20:47:45.014  3155  3621 I com.miui.home: CheckGCForNative adj_start_bytes: 45136109 NativeAllocationGcWatermark: 11834251 java_gc_start_bytes: 27384733 kNewNativeDiscountFactor: 2 kOldNativeDiscountFactor: 65536 old_native_bytes: 119415509 new_native_bytes: 13833500 add_bytes_allowed: 35502753 is_gc_concurrent: 1 target_footprint_: 27565149 GetBytesAllocated: 16390288 HeapGrowthMultiplier: 3
12-19 20:47:45.014  3155  3621 I com.miui.home: CheckGCForNative gc_urgency 0.516413 current_native_bytes is 133249009
12-19 20:47:45.029  3155  3621 I com.miui.home: CheckGCForNative adj_start_bytes: 45136109 NativeAllocationGcWatermark: 11834251 java_gc_start_bytes: 27384733 kNewNativeDiscountFactor: 2 kOldNativeDiscountFactor: 65536 old_native_bytes: 119415509 new_native_bytes: 14122356 add_bytes_allowed: 35502753 is_gc_concurrent: 1 target_footprint_: 27565149 GetBytesAllocated: 16455952 HeapGrowthMultiplier: 3
12-19 20:47:45.029  3155  3621 I com.miui.home: CheckGCForNative gc_urgency 0.521067 current_native_bytes is 133537865
12-19 20:47:45.036  3155  3621 I cccccc  : getTaskSnapshotInstance: 445
12-19 20:47:45.037  3155  3621 I com.miui.home: CheckGCForNative adj_start_bytes: 45136109 NativeAllocationGcWatermark: 11834251 java_gc_start_bytes: 27384733 kNewNativeDiscountFactor: 2 kOldNativeDiscountFactor: 65536 old_native_bytes: 119415509 new_native_bytes: 25359988 add_bytes_allowed: 35502753 is_gc_concurrent: 1 target_footprint_: 27565149 GetBytesAllocated: 16505168 HeapGrowthMultiplier: 3
12-19 20:47:45.037  3155  3621 I com.miui.home: CheckGCForNative gc_urgency 0.646644 current_native_bytes is 144775497
12-19 20:47:45.037  3155  3621 I cccccc  : getTaskThumbnailInfo: 2460 1.0  10705920
12-19 20:47:45.375 11413 11413 I wm_on_application_create_called: [0,com.xiaomi.market,30911]
12-19 20:47:45.998 12241 12241 I wm_on_top_resumed_lost_called: [53339059,com.taobao.tao.welcome.Welcome,topStateChangedWhenResumed]
12-19 20:47:46.195 12241 12241 I wm_on_paused_called: [0,53339059,com.taobao.tao.welcome.Welcome,performPause,193]
