12-19 20:39:14.310  3131 10094 I com.miui.home: CheckGCForNative adj_start_bytes: 43737343 NativeAllocationGcWatermark: 11693911 java_gc_start_bytes: 26196477 kNewNativeDiscountFactor: 2 kOldNativeDiscountFactor: 65536 old_native_bytes: 111647909 new_native_bytes: 22275064 add_bytes_allowed: 35081733 is_gc_concurrent: 1 target_footprint_: 26442429 GetBytesAllocated: 16430224 HeapGrowthMultiplier: 3
12-19 20:39:14.310  3131 10094 I com.miui.home: CheckGCForNative gc_urgency 0.630341 current_native_bytes is 133922973
12-19 20:39:14.313  3131 10094 I com.miui.home: CheckGCForNative adj_start_bytes: 43737343 NativeAllocationGcWatermark: 11693911 java_gc_start_bytes: 26196477 kNewNativeDiscountFactor: 2 kOldNativeDiscountFactor: 65536 old_native_bytes: 111647909 new_native_bytes: 43689080 add_bytes_allowed: 35081733 is_gc_concurrent: 1 target_footprint_: 26442429 GetBytesAllocated: 16430416 HeapGrowthMultiplier: 3
12-19 20:39:14.313  3131  3746 I com.miui.home: CheckGCForNative adj_start_bytes: 43737343 NativeAllocationGcWatermark: 11693911 java_gc_start_bytes: 26196477 kNewNativeDiscountFactor: 2 kOldNativeDiscountFactor: 65536 old_native_bytes: 111647909 new_native_bytes: 43689080 add_bytes_allowed: 35081733 is_gc_concurrent: 1 target_footprint_: 26442429 GetBytesAllocated: 16430416 HeapGrowthMultiplier: 3
12-19 20:39:14.313  3131  3746 I com.miui.home: CheckGCForNative gc_urgency 0.875148 current_native_bytes is 155336989
12-19 20:39:14.315  3131  3131 I com.miui.home: CheckGCForNative adj_start_bytes: 43737343 NativeAllocationGcWatermark: 11693911 java_gc_start_bytes: 26196477 kNewNativeDiscountFactor: 2 kOldNativeDiscountFactor: 65536 old_native_bytes: 111647909 new_native_bytes: 54395768 add_bytes_allowed: 35081733 is_gc_concurrent: 1 target_footprint_: 26442429 GetBytesAllocated: 16430608 HeapGrowthMultiplier: 3
12-19 20:39:14.315  3131  3131 I com.miui.home: CheckGCForNative gc_urgency 0.99755 current_native_bytes is 166043677
12-19 20:39:14.315  3131  3131 I cccccc  : getTaskThumbnailInfo: 2460 1.0  10705920
12-19 20:39:14.316  3131 10094 I com.miui.home: CheckGCForNative gc_urgency 0.875148 current_native_bytes is 155336989
12-19 20:39:14.316  3131 10094 I cccccc  : getTaskThumbnailInfo: 2460 1.0  10705920
12-19 20:39:14.611  3131  3459 I com.miui.home: CheckGCForNative adj_start_bytes: 43737343 NativeAllocationGcWatermark: 11693911 java_gc_start_bytes: 26196477 kNewNativeDiscountFactor: 2 kOldNativeDiscountFactor: 65536 old_native_bytes: 111647909 new_native_bytes: 32968088 add_bytes_allowed: 35081733 is_gc_concurrent: 1 target_footprint_: 26442429 GetBytesAllocated: 16610832 HeapGrowthMultiplier: 3
12-19 20:39:14.611  3131  3459 I com.miui.home: CheckGCForNative gc_urgency 0.756712 current_native_bytes is 144615997
12-19 20:39:14.837  3131  7812 I com.miui.home: CheckGCForNative adj_start_bytes: 43737343 NativeAllocationGcWatermark: 11693911 java_gc_start_bytes: 26196477 kNewNativeDiscountFactor: 2 kOldNativeDiscountFactor: 65536 old_native_bytes: 111647909 new_native_bytes: 32937848 add_bytes_allowed: 35081733 is_gc_concurrent: 1 target_footprint_: 26442429 GetBytesAllocated: 16758288 HeapGrowthMultiplier: 3
12-19 20:39:14.837  3131  7812 I com.miui.home: CheckGCForNative gc_urgency 0.759738 current_native_bytes is 144585757
12-19 20:39:14.984  3131  3181 D cccccc  : onTaskStackChangedBackground
12-19 20:39:14.986  3131  3181 D cccccc  : onTaskStackChangedBackground
12-19 20:39:15.011  3131 10094 D cccccc  : onTaskStackChangedBackground
12-19 20:39:15.069  3131  3397 I com.miui.home: CheckGCForNative adj_start_bytes: 43737343 NativeAllocationGcWatermark: 11693911 java_gc_start_bytes: 26196477 kNewNativeDiscountFactor: 2 kOldNativeDiscountFactor: 65536 old_native_bytes: 111647909 new_native_bytes: 32971596 add_bytes_allowed: 35081733 is_gc_concurrent: 1 target_footprint_: 26442429 GetBytesAllocated: 17217872 HeapGrowthMultiplier: 3
12-19 20:39:15.069  3131  3397 I com.miui.home: CheckGCForNative gc_urgency 0.770631 current_native_bytes is 144619505
12-19 20:39:15.157  3131  3651 I com.miui.home: CheckGCForNative adj_start_bytes: 43737343 NativeAllocationGcWatermark: 11693911 java_gc_start_bytes: 26196477 kNewNativeDiscountFactor: 2 kOldNativeDiscountFactor: 65536 old_native_bytes: 111647909 new_native_bytes: 33190912 add_bytes_allowed: 35081733 is_gc_concurrent: 1 target_footprint_: 26442429 GetBytesAllocated: 17430864 HeapGrowthMultiplier: 3
12-19 20:39:15.158  3131  3651 I com.miui.home: CheckGCForNative gc_urgency 0.778008 current_native_bytes is 144838821
12-19 20:39:15.238  3131  3181 D cccccc  : onTaskStackChangedBackground
12-19 20:39:15.238  3131  3181 D cccccc  : onTaskStackChangedBackground
12-19 20:39:15.239  3131 10094 D cccccc  : onTaskStackChangedBackground
12-19 20:39:15.239  3131 10094 D cccccc  : onTaskStackChangedBackground
12-19 20:39:15.446  3131  3189 D cccccc  : onTaskStackChangedBackground
12-19 20:39:15.446  3131  3797 D cccccc  : onTaskStackChangedBackground
12-19 20:39:15.450  3131  3180 D cccccc  : onTaskStackChangedBackground
12-19 20:39:15.519  3131  3651 I com.miui.home: CheckGCForNative adj_start_bytes: 43737343 NativeAllocationGcWatermark: 11693911 java_gc_start_bytes: 26196477 kNewNativeDiscountFactor: 2 kOldNativeDiscountFactor: 65536 old_native_bytes: 111647909 new_native_bytes: 33496580 add_bytes_allowed: 35081733 is_gc_concurrent: 1 target_footprint_: 26442429 GetBytesAllocated: 17972064 HeapGrowthMultiplier: 3
12-19 20:39:15.519  3131  3651 I com.miui.home: CheckGCForNative gc_urgency 0.793877 current_native_bytes is 145144489
12-19 20:39:15.532  3131  3651 I cccccc  : getTaskSnapshotInstance: 421
12-19 20:39:15.541  3131  3651 I cccccc  : getTaskSnapshotInstance: 420
12-19 20:39:15.544  3131  3651 I com.miui.home: CheckGCForNative adj_start_bytes: 43737343 NativeAllocationGcWatermark: 11693911 java_gc_start_bytes: 26196477 kNewNativeDiscountFactor: 2 kOldNativeDiscountFactor: 65536 old_native_bytes: 111647909 new_native_bytes: 44376228 add_bytes_allowed: 35081733 is_gc_concurrent: 1 target_footprint_: 26442429 GetBytesAllocated: 18054016 HeapGrowthMultiplier: 3
12-19 20:39:15.544  3131  3651 I com.miui.home: CheckGCForNative gc_urgency 0.920125 current_native_bytes is 156024137
12-19 20:39:15.545  3131  3651 I cccccc  : getTaskThumbnailInfo: 2460 1.0  10705920
12-19 20:39:15.615  3131  3651 I com.miui.home: CheckGCForNative adj_start_bytes: 43737343 NativeAllocationGcWatermark: 11693911 java_gc_start_bytes: 26196477 kNewNativeDiscountFactor: 2 kOldNativeDiscountFactor: 65536 old_native_bytes: 111647909 new_native_bytes: 33774656 add_bytes_allowed: 35081733 is_gc_concurrent: 1 target_footprint_: 26442429 GetBytesAllocated: 18431504 HeapGrowthMultiplier: 3
12-19 20:39:15.616  3131  3651 I com.miui.home: CheckGCForNative gc_urgency 0.80756 current_native_bytes is 145422565
12-19 20:39:15.642  3131  3651 I cccccc  : getTaskSnapshotInstance: 421
12-19 20:39:15.662  5466  5466 I wm_on_create_called: [0,209686021,com.tencent.mobileqq.activity.SplashActivity,performCreate,190]
12-19 20:39:15.670  5466  5466 I wm_on_start_called: [0,209686021,com.tencent.mobileqq.activity.SplashActivity,handleStartActivity,7]
12-19 20:39:15.705  5466  5466 I wm_on_resume_called: [0,209686021,com.tencent.mobileqq.activity.SplashActivity,RESUME_ACTIVITY,33]
12-19 20:39:15.774  5466  5466 I wm_on_top_resumed_gained_called: [209686021,com.tencent.mobileqq.activity.SplashActivity,topStateChangedWhenResumed]
12-19 20:39:15.963  3131  3131 I wm_on_stop_called: [0,188963741,com.miui.home.launcher.Launcher,STOP_ACTIVITY_ITEM,3]
12-19 20:39:16.013  5466  5466 I wm_on_top_resumed_lost_called: [209686021,com.tencent.mobileqq.activity.SplashActivity,topStateChangedWhenResumed]
12-19 20:39:16.015  5466  5466 I wm_on_paused_called: [0,209686021,com.tencent.mobileqq.activity.SplashActivity,performPause,0]
12-19 20:39:16.084  5466  5466 I wm_on_create_called: [0,233129096,com.tencent.mobileqq.activity.LoginActivity,performCreate,41]
12-19 20:39:16.119  5466  5466 I wm_on_start_called: [0,233129096,com.tencent.mobileqq.activity.LoginActivity,handleStartActivity,35]
12-19 20:39:16.126  5466  5466 I wm_on_resume_called: [0,233129096,com.tencent.mobileqq.activity.LoginActivity,RESUME_ACTIVITY,7]
12-19 20:39:16.133  3131  3797 D cccccc  : onTaskStackChangedBackground
12-19 20:39:16.133  5466  5466 I wm_on_top_resumed_gained_called: [233129096,com.tencent.mobileqq.activity.LoginActivity,topStateChangedWhenResumed]
12-19 20:39:16.135  3131  3189 D cccccc  : onTaskStackChangedBackground
12-19 20:39:16.135  3131  3180 D cccccc  : onTaskStackChangedBackground
12-19 20:39:16.185  3131  3651 I com.miui.home: CheckGCForNative adj_start_bytes: 43737343 NativeAllocationGcWatermark: 11693911 java_gc_start_bytes: 26196477 kNewNativeDiscountFactor: 2 kOldNativeDiscountFactor: 65536 old_native_bytes: 111647909 new_native_bytes: 33757024 add_bytes_allowed: 35081733 is_gc_concurrent: 1 target_footprint_: 26442429 GetBytesAllocated: 18891488 HeapGrowthMultiplier: 3
12-19 20:39:16.185  3131  3651 I com.miui.home: CheckGCForNative gc_urgency 0.817876 current_native_bytes is 145404933
12-19 20:39:16.190  3131  3651 I com.miui.home: CheckGCForNative adj_start_bytes: 43737343 NativeAllocationGcWatermark: 11693911 java_gc_start_bytes: 26196477 kNewNativeDiscountFactor: 2 kOldNativeDiscountFactor: 65536 old_native_bytes: 111647909 new_native_bytes: 33845080 add_bytes_allowed: 35081733 is_gc_concurrent: 1 target_footprint_: 26442429 GetBytesAllocated: 18940640 HeapGrowthMultiplier: 3
12-19 20:39:16.190  3131  3651 I com.miui.home: CheckGCForNative gc_urgency 0.820006 current_native_bytes is 145492989
12-19 20:39:16.218  3131  3651 I cccccc  : getTaskSnapshotInstance: 421
12-19 20:39:16.247  5466  5466 I wm_on_idle_called: com.tencent.mobileqq.activity.LoginActivity
12-19 20:39:16.276  3131  3651 I com.miui.home: CheckGCForNative adj_start_bytes: 43737343 NativeAllocationGcWatermark: 11693911 java_gc_start_bytes: 26196477 kNewNativeDiscountFactor: 2 kOldNativeDiscountFactor: 65536 old_native_bytes: 111647909 new_native_bytes: 34105940 add_bytes_allowed: 35081733 is_gc_concurrent: 1 target_footprint_: 26442429 GetBytesAllocated: 19301504 HeapGrowthMultiplier: 3
12-19 20:39:16.276  3131  3651 I com.miui.home: CheckGCForNative gc_urgency 0.831239 current_native_bytes is 145753849
12-19 20:39:16.309  3131  3651 I cccccc  : getTaskSnapshotInstance: 421
12-19 20:39:16.768  5466  5466 I wm_on_stop_called: [0,209686021,com.tencent.mobileqq.activity.SplashActivity,LIFECYCLER_STOP_ACTIVITY,2]
12-19 20:39:16.770  5466  5466 I wm_on_destroy_called: [0,209686021,com.tencent.mobileqq.activity.SplashActivity,performDestroy,2]
12-19 20:39:17.097  3131  3131 I wm_on_restart_called: [0,188963741,com.miui.home.launcher.Launcher,performRestartActivity,0]
12-19 20:39:17.098  3131  3131 I wm_on_start_called: [0,188963741,com.miui.home.launcher.Launcher,handleStartActivity,1]
12-19 20:39:17.154  3131  3180 I com.miui.home: CheckGCForNative adj_start_bytes: 43737343 NativeAllocationGcWatermark: 11693911 java_gc_start_bytes: 26196477 kNewNativeDiscountFactor: 2 kOldNativeDiscountFactor: 65536 old_native_bytes: 111647909 new_native_bytes: 45216080 add_bytes_allowed: 35081733 is_gc_concurrent: 1 target_footprint_: 26442429 GetBytesAllocated: 20186688 HeapGrowthMultiplier: 3
12-19 20:39:17.154  3131  3180 I com.miui.home: CheckGCForNative gc_urgency 0.978487 current_native_bytes is 156863989
12-19 20:39:17.154  3131  3180 I com.miui.home: CheckGCForNative adj_start_bytes: 43737343 NativeAllocationGcWatermark: 11693911 java_gc_start_bytes: 26196477 kNewNativeDiscountFactor: 2 kOldNativeDiscountFactor: 65536 old_native_bytes: 111647909 new_native_bytes: 55922640 add_bytes_allowed: 35081733 is_gc_concurrent: 1 target_footprint_: 26442429 GetBytesAllocated: 20186880 HeapGrowthMultiplier: 3
12-19 20:39:17.154  3131  3180 I com.miui.home: CheckGCForNative gc_urgency 1.10089 current_native_bytes is 167570549
12-19 20:39:17.154  3131  3180 I com.miui.home: CheckGCForNative requested 1
12-19 20:39:17.154  3131  3180 I cccccc  : getTaskThumbnailInfo: 2460 1.0  10705920
12-19 20:39:17.163  3131  3180 I com.miui.home: CheckGCForNative adj_start_bytes: 43737343 NativeAllocationGcWatermark: 11693911 java_gc_start_bytes: 26196477 kNewNativeDiscountFactor: 2 kOldNativeDiscountFactor: 65536 old_native_bytes: 111647909 new_native_bytes: 55920080 add_bytes_allowed: 35081733 is_gc_concurrent: 1 target_footprint_: 26442429 GetBytesAllocated: 20203264 HeapGrowthMultiplier: 3
12-19 20:39:17.163  3131  3180 I com.miui.home: CheckGCForNative gc_urgency 1.10123 current_native_bytes is 167567989
12-19 20:39:17.164  3131  3180 I com.miui.home: CheckGCForNative requested 1
12-19 20:39:17.164  3131  3131 I cccccc  : getTaskThumbnailInfo: 2460 1.0  10705920
12-19 20:39:17.211  3131  3459 I com.miui.home: CheckGCForNative adj_start_bytes: 43737343 NativeAllocationGcWatermark: 11693911 java_gc_start_bytes: 26196477 kNewNativeDiscountFactor: 2 kOldNativeDiscountFactor: 65536 old_native_bytes: 111647909 new_native_bytes: 45211600 add_bytes_allowed: 35081733 is_gc_concurrent: 1 target_footprint_: 26442429 GetBytesAllocated: 20334528 HeapGrowthMultiplier: 3
12-19 20:39:17.211  3131  3459 I com.miui.home: CheckGCForNative gc_urgency 0.981816 current_native_bytes is 156859509
12-19 20:39:17.566  3131  3459 I com.miui.home: CheckGCForNative gc_urgency 0 current_native_bytes is 113353509
12-19 20:39:17.687  5466  5466 I wm_on_top_resumed_lost_called: [233129096,com.tencent.mobileqq.activity.LoginActivity,topStateChangedWhenResumed]
12-19 20:39:17.709  3131  3131 I wm_on_resume_called: [0,188963741,com.miui.home.launcher.Launcher,RESUME_ACTIVITY,7]
12-19 20:39:17.712  3131  3131 I wm_on_idle_called: com.miui.home.launcher.Launcher
12-19 20:39:17.719  3131  3131 I com.miui.home: CheckGCForNative adj_start_bytes: 44050666 NativeAllocationGcWatermark: 11718269 java_gc_start_bytes: 26473263 kNewNativeDiscountFactor: 2 kOldNativeDiscountFactor: 65536 old_native_bytes: 113353509 new_native_bytes: 177696 add_bytes_allowed: 35154807 is_gc_concurrent: 1 target_footprint_: 26637295 GetBytesAllocated: 13761752 HeapGrowthMultiplier: 3
12-19 20:39:17.719  3131  3131 I com.miui.home: CheckGCForNative gc_urgency 0.314836 current_native_bytes is 113531205
12-19 20:39:17.730  3131  3131 I wm_on_top_resumed_gained_called: [188963741,com.miui.home.launcher.Launcher,topStateChangedWhenResumed]
12-19 20:39:17.731  5466  5466 I wm_on_paused_called: [0,233129096,com.tencent.mobileqq.activity.LoginActivity,performPause,2]
12-19 20:39:17.764  5466  5466 I wm_on_stop_called: [0,233129096,com.tencent.mobileqq.activity.LoginActivity,STOP_ACTIVITY_ITEM,11]
12-19 20:39:17.839  3131  3180 D cccccc  : onTaskStackChangedBackground
12-19 20:39:17.840  3131  3797 D cccccc  : onTaskStackChangedBackground
12-19 20:39:17.840  3131 10094 D cccccc  : onTaskStackChangedBackground
12-19 20:39:17.930  3131  3651 I com.miui.home: CheckGCForNative adj_start_bytes: 44050666 NativeAllocationGcWatermark: 11718269 java_gc_start_bytes: 26473263 kNewNativeDiscountFactor: 2 kOldNativeDiscountFactor: 65536 old_native_bytes: 113353509 new_native_bytes: 1643124 add_bytes_allowed: 35154807 is_gc_concurrent: 1 target_footprint_: 26637295 GetBytesAllocated: 14860120 HeapGrowthMultiplier: 3
12-19 20:39:17.930  3131  3651 I com.miui.home: CheckGCForNative gc_urgency 0.356031 current_native_bytes is 114996633
12-19 20:39:18.068  3131  3651 I com.miui.home: CheckGCForNative adj_start_bytes: 44050666 NativeAllocationGcWatermark: 11718269 java_gc_start_bytes: 26473263 kNewNativeDiscountFactor: 2 kOldNativeDiscountFactor: 65536 old_native_bytes: 113353509 new_native_bytes: 4252900 add_bytes_allowed: 35154807 is_gc_concurrent: 1 target_footprint_: 26637295 GetBytesAllocated: 15024216 HeapGrowthMultiplier: 3
12-19 20:39:18.068  3131  3651 I com.miui.home: CheckGCForNative gc_urgency 0.389379 current_native_bytes is 117606409
12-19 20:39:18.082  3131  3651 I cccccc  : getTaskSnapshotInstance: 421
12-19 20:39:18.084  3131  3651 I com.miui.home: CheckGCForNative adj_start_bytes: 44050666 NativeAllocationGcWatermark: 11718269 java_gc_start_bytes: 26473263 kNewNativeDiscountFactor: 2 kOldNativeDiscountFactor: 65536 old_native_bytes: 113353509 new_native_bytes: 15302692 add_bytes_allowed: 35154807 is_gc_concurrent: 1 target_footprint_: 26637295 GetBytesAllocated: 15073432 HeapGrowthMultiplier: 3
12-19 20:39:18.084  3131  3651 I com.miui.home: CheckGCForNative gc_urgency 0.515917 current_native_bytes is 128656201
12-19 20:39:18.085  3131  3651 I cccccc  : getTaskThumbnailInfo: 2460 1.0  10705920
12-19 20:39:18.100  3131  3651 I com.miui.home: CheckGCForNative adj_start_bytes: 44050666 NativeAllocationGcWatermark: 11718269 java_gc_start_bytes: 26473263 kNewNativeDiscountFactor: 2 kOldNativeDiscountFactor: 65536 old_native_bytes: 113353509 new_native_bytes: 4747012 add_bytes_allowed: 35154807 is_gc_concurrent: 1 target_footprint_: 26637295 GetBytesAllocated: 15287032 HeapGrowthMultiplier: 3
12-19 20:39:18.100  3131  3651 I com.miui.home: CheckGCForNative gc_urgency 0.400954 current_native_bytes is 118100521
12-19 20:39:18.303  3131  3131 I wm_on_top_resumed_lost_called: [188963741,com.miui.home.launcher.Launcher,topStateChangedWhenResumed]
12-19 20:39:18.315  3131  3131 I wm_on_paused_called: [0,188963741,com.miui.home.launcher.Launcher,performPause,1]
12-19 20:39:18.318  3131  3797 D cccccc  : onTaskStackChangedBackground
12-19 20:39:18.319  3131 10094 D cccccc  : onTaskStackChangedBackground
12-19 20:39:18.319  3131  3189 D cccccc  : onTaskStackChangedBackground
12-19 20:39:18.320  3131 10094 D cccccc  : onTaskStackChangedBackground
12-19 20:39:18.396  3131  3651 I com.miui.home: CheckGCForNative adj_start_bytes: 44050666 NativeAllocationGcWatermark: 11718269 java_gc_start_bytes: 26473263 kNewNativeDiscountFactor: 2 kOldNativeDiscountFactor: 65536 old_native_bytes: 113353509 new_native_bytes: 4988468 add_bytes_allowed: 35154807 is_gc_concurrent: 1 target_footprint_: 26637295 GetBytesAllocated: 16057608 HeapGrowthMultiplier: 3
12-19 20:39:18.396  3131  3651 I com.miui.home: CheckGCForNative gc_urgency 0.421187 current_native_bytes is 118341977
12-19 20:39:18.473  3131 10094 D cccccc  : onTaskStackChangedBackground
12-19 20:39:18.475  3131  3180 D cccccc  : onTaskStackChangedBackground
12-19 20:39:18.476  3131  3189 D cccccc  : onTaskStackChangedBackground
12-19 20:39:18.511  3131  3459 I com.miui.home: CheckGCForNative adj_start_bytes: 44050666 NativeAllocationGcWatermark: 11718269 java_gc_start_bytes: 26473263 kNewNativeDiscountFactor: 2 kOldNativeDiscountFactor: 65536 old_native_bytes: 113353509 new_native_bytes: 5188096 add_bytes_allowed: 35154807 is_gc_concurrent: 1 target_footprint_: 26637295 GetBytesAllocated: 16573960 HeapGrowthMultiplier: 3
12-19 20:39:18.511  3131  3459 I com.miui.home: CheckGCForNative gc_urgency 0.435175 current_native_bytes is 118541605
12-19 20:39:18.551  3131  3651 I com.miui.home: CheckGCForNative adj_start_bytes: 44050666 NativeAllocationGcWatermark: 11718269 java_gc_start_bytes: 26473263 kNewNativeDiscountFactor: 2 kOldNativeDiscountFactor: 65536 old_native_bytes: 113353509 new_native_bytes: 5533044 add_bytes_allowed: 35154807 is_gc_concurrent: 1 target_footprint_: 26637295 GetBytesAllocated: 16901944 HeapGrowthMultiplier: 3
12-19 20:39:18.552  3131  3651 I com.miui.home: CheckGCForNative gc_urgency 0.446536 current_native_bytes is 118886553
12-19 20:39:18.556  3131  3651 I cccccc  : getTaskSnapshotInstance: 422
12-19 20:39:19.567 11061 11061 I wm_on_application_create_called: [0,com.dragon.read,734]
12-19 20:39:19.701 11061 11061 I wm_on_create_called: [0,57574562,com.dragon.read.pages.splash.SplashActivity,performCreate,109]
12-19 20:39:19.748 11061 11061 I wm_on_start_called: [0,57574562,com.dragon.read.pages.splash.SplashActivity,handleStartActivity,37]
12-19 20:39:19.836 11061 11061 I wm_on_resume_called: [0,57574562,com.dragon.read.pages.splash.SplashActivity,RESUME_ACTIVITY,87]
12-19 20:39:19.839 11061 11061 I wm_on_top_resumed_gained_called: [57574562,com.dragon.read.pages.splash.SplashActivity,topStateChangedWhenResumed]
12-19 20:39:19.958 11061 11061 I wm_on_top_resumed_lost_called: [57574562,com.dragon.read.pages.splash.SplashActivity,topStateChangedWhenResumed]
12-19 20:39:19.985 11061 11061 I wm_on_paused_called: [0,57574562,com.dragon.read.pages.splash.SplashActivity,performPause,25]
12-19 20:39:20.111  3131  3180 D cccccc  : onTaskStackChangedBackground
12-19 20:39:20.116  3131  3180 D cccccc  : onTaskStackChangedBackground
12-19 20:39:20.116  3131  3180 D cccccc  : onTaskStackChangedBackground
12-19 20:39:20.189  3131  3180 I com.miui.home: CheckGCForNative adj_start_bytes: 44050666 NativeAllocationGcWatermark: 11718269 java_gc_start_bytes: 26473263 kNewNativeDiscountFactor: 2 kOldNativeDiscountFactor: 65536 old_native_bytes: 113353509 new_native_bytes: 15969784 add_bytes_allowed: 35154807 is_gc_concurrent: 1 target_footprint_: 26637295 GetBytesAllocated: 18009048 HeapGrowthMultiplier: 3
12-19 20:39:20.189  3131  3180 I com.miui.home: CheckGCForNative gc_urgency 0.590131 current_native_bytes is 129323293
12-19 20:39:20.189  3131  3180 I com.miui.home: CheckGCForNative adj_start_bytes: 44050666 NativeAllocationGcWatermark: 11718269 java_gc_start_bytes: 26473263 kNewNativeDiscountFactor: 2 kOldNativeDiscountFactor: 65536 old_native_bytes: 113353509 new_native_bytes: 26675704 add_bytes_allowed: 35154807 is_gc_concurrent: 1 target_footprint_: 26637295 GetBytesAllocated: 18025656 HeapGrowthMultiplier: 3
12-19 20:39:20.189  3131  3180 I com.miui.home: CheckGCForNative gc_urgency 0.712026 current_native_bytes is 140029213
12-19 20:39:20.189  3131  3180 I cccccc  : getTaskThumbnailInfo: 2460 1.0  10705920
12-19 20:39:20.234  3131  3180 I com.miui.home: CheckGCForNative adj_start_bytes: 44050666 NativeAllocationGcWatermark: 11718269 java_gc_start_bytes: 26473263 kNewNativeDiscountFactor: 2 kOldNativeDiscountFactor: 65536 old_native_bytes: 113353509 new_native_bytes: 26750296 add_bytes_allowed: 35154807 is_gc_concurrent: 1 target_footprint_: 26637295 GetBytesAllocated: 18189560 HeapGrowthMultiplier: 3
12-19 20:39:20.234  3131  3180 I com.miui.home: CheckGCForNative gc_urgency 0.716594 current_native_bytes is 140103805
12-19 20:39:20.250  3131  3651 I com.miui.home: CheckGCForNative adj_start_bytes: 44050666 NativeAllocationGcWatermark: 11718269 java_gc_start_bytes: 26473263 kNewNativeDiscountFactor: 2 kOldNativeDiscountFactor: 65536 old_native_bytes: 113353509 new_native_bytes: 26838988 add_bytes_allowed: 35154807 is_gc_concurrent: 1 target_footprint_: 26637295 GetBytesAllocated: 18271672 HeapGrowthMultiplier: 3
12-19 20:39:20.250  3131  3651 I com.miui.home: CheckGCForNative gc_urgency 0.719465 current_native_bytes is 140192497
12-19 20:39:20.257  3131  3131 I cccccc  : getTaskThumbnailInfo: 2460 1.0  10705920
12-19 20:39:20.338  3131  3651 I com.miui.home: CheckGCForNative adj_start_bytes: 44050666 NativeAllocationGcWatermark: 11718269 java_gc_start_bytes: 26473263 kNewNativeDiscountFactor: 2 kOldNativeDiscountFactor: 65536 old_native_bytes: 113353509 new_native_bytes: 16163884 add_bytes_allowed: 35154807 is_gc_concurrent: 1 target_footprint_: 26637295 GetBytesAllocated: 18698120 HeapGrowthMultiplier: 3
12-19 20:39:20.338  3131  3651 I com.miui.home: CheckGCForNative gc_urgency 0.607977 current_native_bytes is 129517393
12-19 20:39:20.350  3131  3651 I com.miui.home: CheckGCForNative adj_start_bytes: 44050666 NativeAllocationGcWatermark: 11718269 java_gc_start_bytes: 26473263 kNewNativeDiscountFactor: 2 kOldNativeDiscountFactor: 65536 old_native_bytes: 113353509 new_native_bytes: 16306464 add_bytes_allowed: 35154807 is_gc_concurrent: 1 target_footprint_: 26637295 GetBytesAllocated: 18763656 HeapGrowthMultiplier: 3
12-19 20:39:20.350  3131  3651 I com.miui.home: CheckGCForNative gc_urgency 0.611083 current_native_bytes is 129659973
12-19 20:39:20.389  3131  3651 I cccccc  : getTaskSnapshotInstance: 422
12-19 20:39:20.390  3131  3651 I com.miui.home: CheckGCForNative adj_start_bytes: 44050666 NativeAllocationGcWatermark: 11718269 java_gc_start_bytes: 26473263 kNewNativeDiscountFactor: 2 kOldNativeDiscountFactor: 65536 old_native_bytes: 113353509 new_native_bytes: 27061408 add_bytes_allowed: 35154807 is_gc_concurrent: 1 target_footprint_: 26637295 GetBytesAllocated: 18927496 HeapGrowthMultiplier: 3
12-19 20:39:20.390  3131  3651 I com.miui.home: CheckGCForNative gc_urgency 0.736877 current_native_bytes is 140414917
12-19 20:39:20.390  3131  3651 I cccccc  : getTaskThumbnailInfo: 2460 1.0  10705920
12-19 20:39:20.409  3131  3459 I com.miui.home: CheckGCForNative adj_start_bytes: 44050666 NativeAllocationGcWatermark: 11718269 java_gc_start_bytes: 26473263 kNewNativeDiscountFactor: 2 kOldNativeDiscountFactor: 65536 old_native_bytes: 113353509 new_native_bytes: 16356192 add_bytes_allowed: 35154807 is_gc_concurrent: 1 target_footprint_: 26637295 GetBytesAllocated: 18944072 HeapGrowthMultiplier: 3
12-19 20:39:20.409  3131  3459 I com.miui.home: CheckGCForNative gc_urgency 0.615743 current_native_bytes is 129709701
12-19 20:39:20.707  3131  3131 I wm_on_resume_called: [0,188963741,com.miui.home.launcher.Launcher,RESUME_ACTIVITY,4]
12-19 20:39:20.708  3131  3131 I wm_on_idle_called: com.miui.home.launcher.Launcher
12-19 20:39:20.868  3131 10094 D cccccc  : onTaskStackChangedBackground
12-19 20:39:20.869  3131 10094 D cccccc  : onTaskStackChangedBackground
12-19 20:39:20.869  3131  3181 D cccccc  : onTaskStackChangedBackground
12-19 20:39:20.885  3131  3651 I com.miui.home: CheckGCForNative adj_start_bytes: 44050666 NativeAllocationGcWatermark: 11718269 java_gc_start_bytes: 26473263 kNewNativeDiscountFactor: 2 kOldNativeDiscountFactor: 65536 old_native_bytes: 113353509 new_native_bytes: 16603392 add_bytes_allowed: 35154807 is_gc_concurrent: 1 target_footprint_: 26637295 GetBytesAllocated: 20280696 HeapGrowthMultiplier: 3
12-19 20:39:20.885  3131  3651 I com.miui.home: CheckGCForNative gc_urgency 0.648892 current_native_bytes is 129956901
12-19 20:39:20.901  3131  3651 I cccccc  : getTaskSnapshotInstance: 422
12-19 20:39:20.902  3131  3651 I com.miui.home: CheckGCForNative adj_start_bytes: 44050666 NativeAllocationGcWatermark: 11718269 java_gc_start_bytes: 26473263 kNewNativeDiscountFactor: 2 kOldNativeDiscountFactor: 65536 old_native_bytes: 113353509 new_native_bytes: 27626484 add_bytes_allowed: 35154807 is_gc_concurrent: 1 target_footprint_: 26637295 GetBytesAllocated: 20477304 HeapGrowthMultiplier: 3
12-19 20:39:20.902  3131  3651 I com.miui.home: CheckGCForNative gc_urgency 0.778474 current_native_bytes is 140979993
12-19 20:39:20.902  3131  3651 I cccccc  : getTaskThumbnailInfo: 2460 1.0  10705920
12-19 20:39:20.915  3131  3651 I com.miui.home: CheckGCForNative adj_start_bytes: 44050666 NativeAllocationGcWatermark: 11718269 java_gc_start_bytes: 26473263 kNewNativeDiscountFactor: 2 kOldNativeDiscountFactor: 65536 old_native_bytes: 113353509 new_native_bytes: 16917172 add_bytes_allowed: 35154807 is_gc_concurrent: 1 target_footprint_: 26637295 GetBytesAllocated: 20690936 HeapGrowthMultiplier: 3
12-19 20:39:20.915  3131  3651 I com.miui.home: CheckGCForNative gc_urgency 0.661766 current_native_bytes is 130270681
12-19 20:39:21.033 11061 11061 I wm_on_create_called: [0,238941914,com.dragon.read.pages.main.MainFragmentActivity,performCreate,858]
12-19 20:39:21.170  3131  3131 I wm_on_paused_called: [0,188963741,com.miui.home.launcher.Launcher,performPause,1]
12-19 20:39:21.177  3131  3416 I com.miui.home: CheckGCForNative adj_start_bytes: 44050666 NativeAllocationGcWatermark: 11718269 java_gc_start_bytes: 26473263 kNewNativeDiscountFactor: 2 kOldNativeDiscountFactor: 65536 old_native_bytes: 113353509 new_native_bytes: 17233780 add_bytes_allowed: 35154807 is_gc_concurrent: 1 target_footprint_: 26637295 GetBytesAllocated: 21100632 HeapGrowthMultiplier: 3
12-19 20:39:21.177  3131  3416 I com.miui.home: CheckGCForNative gc_urgency 0.674661 current_native_bytes is 130587289
12-19 20:39:21.196  3131 10094 D cccccc  : onTaskStackChangedBackground
12-19 20:39:21.198  3131  3189 D cccccc  : onTaskStackChangedBackground
12-19 20:39:21.214  3131 10094 D cccccc  : onTaskStackChangedBackground
12-19 20:39:21.214  3131  3181 D cccccc  : onTaskStackChangedBackground
12-19 20:39:21.284  3131  3181 D cccccc  : onTaskStackChangedBackground
12-19 20:39:21.286  3131  3651 I com.miui.home: CheckGCForNative adj_start_bytes: 44050666 NativeAllocationGcWatermark: 11718269 java_gc_start_bytes: 26473263 kNewNativeDiscountFactor: 2 kOldNativeDiscountFactor: 65536 old_native_bytes: 113353509 new_native_bytes: 17550424 add_bytes_allowed: 35154807 is_gc_concurrent: 1 target_footprint_: 26637295 GetBytesAllocated: 21641848 HeapGrowthMultiplier: 3
12-19 20:39:21.286  3131  3651 I com.miui.home: CheckGCForNative gc_urgency 0.690541 current_native_bytes is 130903933
12-19 20:39:21.288  3131  3189 D cccccc  : onTaskStackChangedBackground
12-19 20:39:21.288  3131  3181 D cccccc  : onTaskStackChangedBackground
12-19 20:39:21.292  3131  3651 I cccccc  : getTaskSnapshotInstance: 423
12-19 20:39:21.473  3131  3651 I com.miui.home: CheckGCForNative adj_start_bytes: 44050666 NativeAllocationGcWatermark: 11718269 java_gc_start_bytes: 26473263 kNewNativeDiscountFactor: 2 kOldNativeDiscountFactor: 65536 old_native_bytes: 113353509 new_native_bytes: 17601396 add_bytes_allowed: 35154807 is_gc_concurrent: 1 target_footprint_: 26637295 GetBytesAllocated: 22256840 HeapGrowthMultiplier: 3
12-19 20:39:21.473  3131  3651 I com.miui.home: CheckGCForNative gc_urgency 0.705081 current_native_bytes is 130954905
12-19 20:39:21.490  3131  3651 I cccccc  : getTaskSnapshotInstance: 423
12-19 20:39:21.498  3131  3459 I com.miui.home: CheckGCForNative adj_start_bytes: 44050666 NativeAllocationGcWatermark: 11718269 java_gc_start_bytes: 26473263 kNewNativeDiscountFactor: 2 kOldNativeDiscountFactor: 65536 old_native_bytes: 113353509 new_native_bytes: 17511924 add_bytes_allowed: 35154807 is_gc_concurrent: 1 target_footprint_: 26637295 GetBytesAllocated: 22338816 HeapGrowthMultiplier: 3
12-19 20:39:21.498  3131  3459 I com.miui.home: CheckGCForNative gc_urgency 0.705926 current_native_bytes is 130865433
12-19 20:39:21.919  3131  3131 I wm_on_stop_called: [0,188963741,com.miui.home.launcher.Launcher,STOP_ACTIVITY_ITEM,3]
12-19 20:39:22.213 11534 11534 I wm_on_application_create_called: [0,com.taobao.taobao,359]
12-19 20:39:22.412 11500 11500 I wm_on_application_create_called: [0,com.taobao.taobao,548]
12-19 20:39:22.519 11500 11500 I wm_on_create_called: [0,129590965,com.taobao.tao.welcome.Welcome,performCreate,91]
12-19 20:39:22.563 11500 11500 I wm_on_start_called: [0,129590965,com.taobao.tao.welcome.Welcome,handleStartActivity,44]
12-19 20:39:22.589 11500 11500 I wm_on_resume_called: [0,129590965,com.taobao.tao.welcome.Welcome,RESUME_ACTIVITY,24]
12-19 20:39:22.617 11500 11500 I wm_on_top_resumed_gained_called: [129590965,com.taobao.tao.welcome.Welcome,topStateChangedWhenResumed]
12-19 20:39:23.150  3131  3131 I wm_on_restart_called: [0,188963741,com.miui.home.launcher.Launcher,performRestartActivity,0]
12-19 20:39:23.151  3131  3131 I wm_on_start_called: [0,188963741,com.miui.home.launcher.Launcher,handleStartActivity,1]
12-19 20:39:23.237  3131  3181 I com.miui.home: CheckGCForNative adj_start_bytes: 44050666 NativeAllocationGcWatermark: 11718269 java_gc_start_bytes: 26473263 kNewNativeDiscountFactor: 2 kOldNativeDiscountFactor: 65536 old_native_bytes: 113353509 new_native_bytes: 28303756 add_bytes_allowed: 35154807 is_gc_concurrent: 1 target_footprint_: 26637295 GetBytesAllocated: 23232496 HeapGrowthMultiplier: 3
12-19 20:39:23.238  3131  3181 I com.miui.home: CheckGCForNative gc_urgency 0.848707 current_native_bytes is 141657265
12-19 20:39:23.238  3131  3181 I com.miui.home: CheckGCForNative adj_start_bytes: 44050666 NativeAllocationGcWatermark: 11718269 java_gc_start_bytes: 26473263 kNewNativeDiscountFactor: 2 kOldNativeDiscountFactor: 65536 old_native_bytes: 113353509 new_native_bytes: 39009676 add_bytes_allowed: 35154807 is_gc_concurrent: 1 target_footprint_: 26637295 GetBytesAllocated: 23249072 HeapGrowthMultiplier: 3
12-19 20:39:23.238  3131  3181 I com.miui.home: CheckGCForNative gc_urgency 0.970601 current_native_bytes is 152363185
12-19 20:39:23.238  3131  3181 I cccccc  : getTaskThumbnailInfo: 2460 1.0  10705920
12-19 20:39:23.304  3131  3181 I com.miui.home: CheckGCForNative adj_start_bytes: 44050666 NativeAllocationGcWatermark: 11718269 java_gc_start_bytes: 26473263 kNewNativeDiscountFactor: 2 kOldNativeDiscountFactor: 65536 old_native_bytes: 113353509 new_native_bytes: 38961868 add_bytes_allowed: 35154807 is_gc_concurrent: 1 target_footprint_: 26637295 GetBytesAllocated: 23298224 HeapGrowthMultiplier: 3
12-19 20:39:23.307  3131  3181 I com.miui.home: CheckGCForNative gc_urgency 0.971175 current_native_bytes is 152315377
12-19 20:39:23.309  3131  3131 I cccccc  : getTaskThumbnailInfo: 2460 1.0  10705920
12-19 20:39:23.368  3131  3459 I com.miui.home: CheckGCForNative adj_start_bytes: 44050666 NativeAllocationGcWatermark: 11718269 java_gc_start_bytes: 26473263 kNewNativeDiscountFactor: 2 kOldNativeDiscountFactor: 65536 old_native_bytes: 113353509 new_native_bytes: 28260108 add_bytes_allowed: 35154807 is_gc_concurrent: 1 target_footprint_: 26637295 GetBytesAllocated: 23347568 HeapGrowthMultiplier: 3
12-19 20:39:23.368  3131  3459 I com.miui.home: CheckGCForNative gc_urgency 0.850824 current_native_bytes is 141613617
12-19 20:39:23.734  3131  3459 I com.miui.home: CheckGCForNative adj_start_bytes: 44050666 NativeAllocationGcWatermark: 11718269 java_gc_start_bytes: 26473263 kNewNativeDiscountFactor: 2 kOldNativeDiscountFactor: 65536 old_native_bytes: 113353509 new_native_bytes: 28276252 add_bytes_allowed: 35154807 is_gc_concurrent: 1 target_footprint_: 26637295 GetBytesAllocated: 23527792 HeapGrowthMultiplier: 3
12-19 20:39:23.734  3131  3459 I com.miui.home: CheckGCForNative gc_urgency 0.855098 current_native_bytes is 141629761
12-19 20:39:23.770  3131  3131 I wm_on_resume_called: [0,188963741,com.miui.home.launcher.Launcher,RESUME_ACTIVITY,9]
12-19 20:39:23.773  3131  3131 I wm_on_idle_called: com.miui.home.launcher.Launcher
12-19 20:39:23.886  3131  3181 D cccccc  : onTaskStackChangedBackground
12-19 20:39:23.891  3131  3181 D cccccc  : onTaskStackChangedBackground
12-19 20:39:23.894  3131  3189 D cccccc  : onTaskStackChangedBackground
12-19 20:39:23.953  3131  3651 I com.miui.home: CheckGCForNative adj_start_bytes: 44050666 NativeAllocationGcWatermark: 11718269 java_gc_start_bytes: 26473263 kNewNativeDiscountFactor: 2 kOldNativeDiscountFactor: 65536 old_native_bytes: 113353509 new_native_bytes: 28729720 add_bytes_allowed: 35154807 is_gc_concurrent: 1 target_footprint_: 26637295 GetBytesAllocated: 24806968 HeapGrowthMultiplier: 3
12-19 20:39:23.953  3131  3651 I com.miui.home: CheckGCForNative gc_urgency 0.889284 current_native_bytes is 142083229
12-19 20:39:23.956  3131  3651 I cccccc  : getTaskSnapshotInstance: 423
12-19 20:39:23.957  3131  3651 I com.miui.home: CheckGCForNative adj_start_bytes: 44050666 NativeAllocationGcWatermark: 11718269 java_gc_start_bytes: 26473263 kNewNativeDiscountFactor: 2 kOldNativeDiscountFactor: 65536 old_native_bytes: 113353509 new_native_bytes: 39438008 add_bytes_allowed: 35154807 is_gc_concurrent: 1 target_footprint_: 26637295 GetBytesAllocated: 24839736 HeapGrowthMultiplier: 3
12-19 20:39:23.957  3131  3651 I com.miui.home: CheckGCForNative gc_urgency 1.01157 current_native_bytes is 152791517
12-19 20:39:23.957  3131  3651 I com.miui.home: CheckGCForNative requested 1
12-19 20:39:23.960  3131  3651 I cccccc  : getTaskThumbnailInfo: 2460 1.0  10705920
12-19 20:39:24.008  3131  3651 I com.miui.home: CheckGCForNative adj_start_bytes: 44050666 NativeAllocationGcWatermark: 11718269 java_gc_start_bytes: 26473263 kNewNativeDiscountFactor: 2 kOldNativeDiscountFactor: 65536 old_native_bytes: 113353509 new_native_bytes: 28778420 add_bytes_allowed: 35154807 is_gc_concurrent: 1 target_footprint_: 26637295 GetBytesAllocated: 25168088 HeapGrowthMultiplier: 3
12-19 20:39:24.008  3131  3651 I com.miui.home: CheckGCForNative gc_urgency 0.898035 current_native_bytes is 142131929
12-19 20:39:24.037  3131  3651 I com.miui.home: CheckGCForNative adj_start_bytes: 44050666 NativeAllocationGcWatermark: 11718269 java_gc_start_bytes: 26473263 kNewNativeDiscountFactor: 2 kOldNativeDiscountFactor: 65536 old_native_bytes: 113353509 new_native_bytes: 28947468 add_bytes_allowed: 35154807 is_gc_concurrent: 1 target_footprint_: 26637295 GetBytesAllocated: 25397464 HeapGrowthMultiplier: 3
12-19 20:39:24.038  3131  3651 I com.miui.home: CheckGCForNative gc_urgency 0.905161 current_native_bytes is 142300977
12-19 20:39:24.064 11500 11500 I wm_on_top_resumed_lost_called: [129590965,com.taobao.tao.welcome.Welcome,topStateChangedWhenResumed]
12-19 20:39:24.087  3131  3168 I com.miui.home: NativeAlloc concurrent copying GC freed 227033(10MB) AllocSpace objects, 20(744KB) LOS objects, 49% free, 13MB/26MB, paused 660us,177us total 129.145ms
12-19 20:39:24.107  3131  3131 I wm_on_paused_called: [0,188963741,com.miui.home.launcher.Launcher,performPause,4]
12-19 20:39:24.109  3131  3189 D cccccc  : onTaskStackChangedBackground
12-19 20:39:24.110  3131  3746 D cccccc  : onTaskStackChangedBackground
12-19 20:39:24.110  3131  3746 D cccccc  : onTaskStackChangedBackground
12-19 20:39:24.110  3131  3189 D cccccc  : onTaskStackChangedBackground
12-19 20:39:24.203  3131  3651 I com.miui.home: CheckGCForNative gc_urgency 0 current_native_bytes is 103910089
12-19 20:39:24.211 11500 11500 I wm_on_paused_called: [0,129590965,com.taobao.tao.welcome.Welcome,performPause,110]
12-19 20:39:24.234  3131  3797 D cccccc  : onTaskStackChangedBackground
12-19 20:39:24.237  3131  3797 D cccccc  : onTaskStackChangedBackground
12-19 20:39:24.239  3131  3189 D cccccc  : onTaskStackChangedBackground
12-19 20:39:24.292  3131  3651 I com.miui.home: CheckGCForNative adj_start_bytes: 44624050 NativeAllocationGcWatermark: 11816547 java_gc_start_bytes: 26899230 kNewNativeDiscountFactor: 2 kOldNativeDiscountFactor: 65536 old_native_bytes: 103910089 new_native_bytes: 1061792 add_bytes_allowed: 35449641 is_gc_concurrent: 1 target_footprint_: 27423518 GetBytesAllocated: 14605552 HeapGrowthMultiplier: 3
12-19 20:39:24.292  3131  3651 I com.miui.home: CheckGCForNative gc_urgency 0.339235 current_native_bytes is 104971881
12-19 20:39:24.378  3131  3651 I com.miui.home: CheckGCForNative adj_start_bytes: 44624050 NativeAllocationGcWatermark: 11816547 java_gc_start_bytes: 26899230 kNewNativeDiscountFactor: 2 kOldNativeDiscountFactor: 65536 old_native_bytes: 103910089 new_native_bytes: 2295028 add_bytes_allowed: 35449641 is_gc_concurrent: 1 target_footprint_: 27423518 GetBytesAllocated: 15065120 HeapGrowthMultiplier: 3
12-19 20:39:24.378  3131  3651 I com.miui.home: CheckGCForNative gc_urgency 0.363352 current_native_bytes is 106205117
12-19 20:39:24.410  3131  3651 I cccccc  : getTaskSnapshotInstance: 424
12-19 20:39:24.595  7154  7154 I wm_on_create_called: [0,215425089,com.tencent.mm.ui.LauncherUI,performCreate,251]
12-19 20:39:24.627  7154  7154 I wm_on_start_called: [0,215425089,com.tencent.mm.ui.LauncherUI,handleStartActivity,20]
12-19 20:39:24.691  7154  7154 I wm_on_resume_called: [0,215425089,com.tencent.mm.ui.LauncherUI,RESUME_ACTIVITY,63]
12-19 20:39:24.714  7154  7154 I wm_on_top_resumed_gained_called: [215425089,com.tencent.mm.ui.LauncherUI,topStateChangedWhenResumed]
12-19 20:39:24.718  7154  7154 I wm_on_top_resumed_lost_called: [215425089,com.tencent.mm.ui.LauncherUI,topStateChangedWhenResumed]
12-19 20:39:24.730  7154  7154 I wm_on_paused_called: [0,215425089,com.tencent.mm.ui.LauncherUI,performPause,8]
12-19 20:39:24.761  3131  3131 I wm_on_stop_called: [0,188963741,com.miui.home.launcher.Launcher,STOP_ACTIVITY_ITEM,5]
12-19 20:39:24.842  3131  3646 D cccccc  : onTaskStackChangedBackground
12-19 20:39:24.843  3131  3189 D cccccc  : onTaskStackChangedBackground
12-19 20:39:24.843  3131  3646 D cccccc  : onTaskStackChangedBackground
12-19 20:39:24.891  3131  3651 I com.miui.home: CheckGCForNative adj_start_bytes: 44624050 NativeAllocationGcWatermark: 11816547 java_gc_start_bytes: 26899230 kNewNativeDiscountFactor: 2 kOldNativeDiscountFactor: 65536 old_native_bytes: 103910089 new_native_bytes: 2532104 add_bytes_allowed: 35449641 is_gc_concurrent: 1 target_footprint_: 27423518 GetBytesAllocated: 15647552 HeapGrowthMultiplier: 3
12-19 20:39:24.891  3131  3651 I com.miui.home: CheckGCForNative gc_urgency 0.37906 current_native_bytes is 106442193
12-19 20:39:24.906  7154  7154 I wm_on_create_called: [0,77019779,com.tencent.mm.plugin.account.ui.WelcomeActivity,performCreate,55]
12-19 20:39:24.910  7154  7154 I wm_on_start_called: [0,77019779,com.tencent.mm.plugin.account.ui.WelcomeActivity,handleStartActivity,2]
12-19 20:39:24.917  7154  7154 I wm_on_resume_called: [0,77019779,com.tencent.mm.plugin.account.ui.WelcomeActivity,RESUME_ACTIVITY,5]
12-19 20:39:24.927  7154  7154 I wm_on_top_resumed_gained_called: [77019779,com.tencent.mm.plugin.account.ui.WelcomeActivity,topStateChangedWhenResumed]
12-19 20:39:24.958  3131  3651 I cccccc  : getTaskSnapshotInstance: 424
12-19 20:39:25.008  3131  3651 I com.miui.home: CheckGCForNative adj_start_bytes: 44624050 NativeAllocationGcWatermark: 11816547 java_gc_start_bytes: 26899230 kNewNativeDiscountFactor: 2 kOldNativeDiscountFactor: 65536 old_native_bytes: 103910089 new_native_bytes: 2786172 add_bytes_allowed: 35449641 is_gc_concurrent: 1 target_footprint_: 27423518 GetBytesAllocated: 16057664 HeapGrowthMultiplier: 3
12-19 20:39:25.009  3131  3651 I com.miui.home: CheckGCForNative gc_urgency 0.391097 current_native_bytes is 106696261
12-19 20:39:25.063  3131  3651 I cccccc  : getTaskSnapshotInstance: 424
12-19 20:39:25.112  7154  7154 I wm_on_stop_called: [0,215425089,com.tencent.mm.ui.LauncherUI,STOP_ACTIVITY_ITEM,6]
12-19 20:39:25.911  3131  3131 I wm_on_restart_called: [0,188963741,com.miui.home.launcher.Launcher,performRestartActivity,0]
12-19 20:39:25.912  3131  3131 I wm_on_start_called: [0,188963741,com.miui.home.launcher.Launcher,handleStartActivity,1]
12-19 20:39:25.982  3131  3646 I com.miui.home: CheckGCForNative adj_start_bytes: 44624050 NativeAllocationGcWatermark: 11816547 java_gc_start_bytes: 26899230 kNewNativeDiscountFactor: 2 kOldNativeDiscountFactor: 65536 old_native_bytes: 103910089 new_native_bytes: 13643288 add_bytes_allowed: 35449641 is_gc_concurrent: 1 target_footprint_: 27423518 GetBytesAllocated: 17073920 HeapGrowthMultiplier: 3
12-19 20:39:25.982  3131  3646 I com.miui.home: CheckGCForNative gc_urgency 0.535522 current_native_bytes is 117553377
12-19 20:39:25.983  3131  3646 I com.miui.home: CheckGCForNative adj_start_bytes: 44624050 NativeAllocationGcWatermark: 11816547 java_gc_start_bytes: 26899230 kNewNativeDiscountFactor: 2 kOldNativeDiscountFactor: 65536 old_native_bytes: 103910089 new_native_bytes: 24349208 add_bytes_allowed: 35449641 is_gc_concurrent: 1 target_footprint_: 27423518 GetBytesAllocated: 17090496 HeapGrowthMultiplier: 3
12-19 20:39:25.983  3131  3646 I com.miui.home: CheckGCForNative gc_urgency 0.65585 current_native_bytes is 128259297
12-19 20:39:25.984  3131  3646 I cccccc  : getTaskThumbnailInfo: 2460 1.0  10705920
12-19 20:39:25.988  3131  3646 I com.miui.home: CheckGCForNative adj_start_bytes: 44624050 NativeAllocationGcWatermark: 11816547 java_gc_start_bytes: 26899230 kNewNativeDiscountFactor: 2 kOldNativeDiscountFactor: 65536 old_native_bytes: 103910089 new_native_bytes: 24350744 add_bytes_allowed: 35449641 is_gc_concurrent: 1 target_footprint_: 27423518 GetBytesAllocated: 17139648 HeapGrowthMultiplier: 3
12-19 20:39:25.988  3131  3646 I com.miui.home: CheckGCForNative gc_urgency 0.656969 current_native_bytes is 128260833
12-19 20:39:25.989  3131  3131 I cccccc  : getTaskThumbnailInfo: 2460 1.0  10705920
12-19 20:39:25.993  3131  3361 I com.miui.home: CheckGCForNative adj_start_bytes: 44624050 NativeAllocationGcWatermark: 11816547 java_gc_start_bytes: 26899230 kNewNativeDiscountFactor: 2 kOldNativeDiscountFactor: 65536 old_native_bytes: 103910089 new_native_bytes: 13645592 add_bytes_allowed: 35449641 is_gc_concurrent: 1 target_footprint_: 27423518 GetBytesAllocated: 17156224 HeapGrowthMultiplier: 3
12-19 20:39:25.993  3131  3361 I com.miui.home: CheckGCForNative gc_urgency 0.537392 current_native_bytes is 117555681
12-19 20:39:26.190  3131  3459 I com.miui.home: CheckGCForNative adj_start_bytes: 44624050 NativeAllocationGcWatermark: 11816547 java_gc_start_bytes: 26899230 kNewNativeDiscountFactor: 2 kOldNativeDiscountFactor: 65536 old_native_bytes: 103910089 new_native_bytes: 13679240 add_bytes_allowed: 35449641 is_gc_concurrent: 1 target_footprint_: 27423518 GetBytesAllocated: 17254528 HeapGrowthMultiplier: 3
12-19 20:39:26.190  3131  3459 I com.miui.home: CheckGCForNative gc_urgency 0.539972 current_native_bytes is 117589329
12-19 20:39:26.345  3131  3459 I com.miui.home: CheckGCForNative adj_start_bytes: 44624050 NativeAllocationGcWatermark: 11816547 java_gc_start_bytes: 26899230 kNewNativeDiscountFactor: 2 kOldNativeDiscountFactor: 65536 old_native_bytes: 103910089 new_native_bytes: 13691784 add_bytes_allowed: 35449641 is_gc_concurrent: 1 target_footprint_: 27423518 GetBytesAllocated: 17320064 HeapGrowthMultiplier: 3
12-19 20:39:26.345  3131  3459 I com.miui.home: CheckGCForNative gc_urgency 0.541581 current_native_bytes is 117601873
12-19 20:39:26.491  7154  7154 I wm_on_top_resumed_lost_called: [77019779,com.tencent.mm.plugin.account.ui.WelcomeActivity,topStateChangedWhenResumed]
12-19 20:39:26.508  3131  3131 I wm_on_resume_called: [0,188963741,com.miui.home.launcher.Launcher,RESUME_ACTIVITY,6]
12-19 20:39:26.510  3131  3131 I wm_on_idle_called: com.miui.home.launcher.Launcher
12-19 20:39:26.519  3131  3131 I wm_on_top_resumed_gained_called: [188963741,com.miui.home.launcher.Launcher,topStateChangedWhenResumed]
12-19 20:39:26.534  7154  7154 I wm_on_paused_called: [0,77019779,com.tencent.mm.plugin.account.ui.WelcomeActivity,performPause,10]
12-19 20:39:26.575  7154  7154 I wm_on_stop_called: [0,77019779,com.tencent.mm.plugin.account.ui.WelcomeActivity,STOP_ACTIVITY_ITEM,9]
12-19 20:39:26.580  7154  7154 I wm_on_idle_called: com.tencent.mm.plugin.account.ui.WelcomeActivity
12-19 20:39:26.580  7154  7154 I wm_on_idle_called: com.tencent.mm.ui.LauncherUI
12-19 20:39:26.619  3131  3797 D cccccc  : onTaskStackChangedBackground
12-19 20:39:26.620  3131  3646 D cccccc  : onTaskStackChangedBackground
12-19 20:39:26.621  3131  3646 D cccccc  : onTaskStackChangedBackground
12-19 20:39:26.658  3131  3651 I com.miui.home: CheckGCForNative adj_start_bytes: 44624050 NativeAllocationGcWatermark: 11816547 java_gc_start_bytes: 26899230 kNewNativeDiscountFactor: 2 kOldNativeDiscountFactor: 65536 old_native_bytes: 103910089 new_native_bytes: 13840264 add_bytes_allowed: 35449641 is_gc_concurrent: 1 target_footprint_: 27423518 GetBytesAllocated: 18550320 HeapGrowthMultiplier: 3
12-19 20:39:26.658  3131  3651 I com.miui.home: CheckGCForNative gc_urgency 0.570814 current_native_bytes is 117750353
12-19 20:39:26.671  3131  3651 I cccccc  : getTaskSnapshotInstance: 424
12-19 20:39:26.672  3131  3651 I com.miui.home: CheckGCForNative adj_start_bytes: 44624050 NativeAllocationGcWatermark: 11816547 java_gc_start_bytes: 26899230 kNewNativeDiscountFactor: 2 kOldNativeDiscountFactor: 65536 old_native_bytes: 103910089 new_native_bytes: 24713948 add_bytes_allowed: 35449641 is_gc_concurrent: 1 target_footprint_: 27423518 GetBytesAllocated: 18697776 HeapGrowthMultiplier: 3
12-19 20:39:26.672  3131  3651 I com.miui.home: CheckGCForNative gc_urgency 0.695955 current_native_bytes is 128624037
12-19 20:39:26.673  3131  3651 I cccccc  : getTaskThumbnailInfo: 2460 1.0  10705920
12-19 20:39:26.695  3131  3651 I com.miui.home: CheckGCForNative adj_start_bytes: 44624050 NativeAllocationGcWatermark: 11816547 java_gc_start_bytes: 26899230 kNewNativeDiscountFactor: 2 kOldNativeDiscountFactor: 65536 old_native_bytes: 103910089 new_native_bytes: 14087964 add_bytes_allowed: 35449641 is_gc_concurrent: 1 target_footprint_: 27423518 GetBytesAllocated: 18977024 HeapGrowthMultiplier: 3
12-19 20:39:26.695  3131  3651 I com.miui.home: CheckGCForNative gc_urgency 0.583152 current_native_bytes is 117998053
12-19 20:39:26.813  3131  3131 I wm_on_top_resumed_lost_called: [188963741,com.miui.home.launcher.Launcher,topStateChangedWhenResumed]
12-19 20:39:26.817  3131  3131 I wm_on_paused_called: [0,188963741,com.miui.home.launcher.Launcher,performPause,1]
12-19 20:39:26.821  3131 10094 D cccccc  : onTaskStackChangedBackground
12-19 20:39:26.821  3131  3189 D cccccc  : onTaskStackChangedBackground
12-19 20:39:26.826  3131  3797 D cccccc  : onTaskStackChangedBackground
12-19 20:39:26.827  3131  3646 D cccccc  : onTaskStackChangedBackground
12-19 20:39:26.879  3131  3651 I com.miui.home: CheckGCForNative adj_start_bytes: 44624050 NativeAllocationGcWatermark: 11816547 java_gc_start_bytes: 26899230 kNewNativeDiscountFactor: 2 kOldNativeDiscountFactor: 65536 old_native_bytes: 103910089 new_native_bytes: 14565628 add_bytes_allowed: 35449641 is_gc_concurrent: 1 target_footprint_: 27423518 GetBytesAllocated: 19665776 HeapGrowthMultiplier: 3
12-19 20:39:26.879  3131  3651 I com.miui.home: CheckGCForNative gc_urgency 0.603938 current_native_bytes is 118475717
12-19 20:39:26.910  3131  3651 I cccccc  : getTaskSnapshotInstance: 425
12-19 20:39:26.927  3131  3797 D cccccc  : onTaskStackChangedBackground
12-19 20:39:26.928  3131  3189 D cccccc  : onTaskStackChangedBackground
12-19 20:39:26.932  3131  3646 D cccccc  : onTaskStackChangedBackground
