12-21 10:06:24.590  3179  3312 I com.miui.home: CheckGCForNative adj_start_bytes: 34765253 NativeAllocationGcWatermark: 10778779 java_gc_start_bytes: 18597085 kNewNativeDiscountFactor: 2 kOldNativeDiscountFactor: 65536 old_native_bytes: 116108673 new_native_bytes: 2622408 add_bytes_allowed: 32336337 is_gc_concurrent: 1 target_footprint_: 19121373 GetBytesAllocated: 11824208 HeapGrowthMultiplier: 3
12-21 10:06:24.590  3179  3312 I com.miui.home: CheckGCForNative gc_urgency 0.377883 current_native_bytes is 118731081
12-21 10:06:24.858  3179  3312 I com.miui.home: CheckGCForNative adj_start_bytes: 34765253 NativeAllocationGcWatermark: 10778779 java_gc_start_bytes: 18597085 kNewNativeDiscountFactor: 2 kOldNativeDiscountFactor: 65536 old_native_bytes: 116108673 new_native_bytes: 2644488 add_bytes_allowed: 32336337 is_gc_concurrent: 1 target_footprint_: 19121373 GetBytesAllocated: 11955280 HeapGrowthMultiplier: 3
12-21 10:06:24.858  3179  3312 I com.miui.home: CheckGCForNative gc_urgency 0.38197 current_native_bytes is 118753161
12-21 10:06:24.878 11019 11019 I wm_on_top_resumed_lost_called: [211787146,com.tencent.mobileqq.activity.LoginActivity,topStateChangedWhenResumed]
12-21 10:06:24.896  3179  3179 I wm_on_resume_called: [0,60733737,com.miui.home.launcher.Launcher,RESUME_ACTIVITY,6]
12-21 10:06:24.897  3179  3179 I wm_on_idle_called: com.miui.home.launcher.Launcher
12-21 10:06:24.899 11019 11019 I wm_on_paused_called: [0,211787146,com.tencent.mobileqq.activity.LoginActivity,performPause,1]
12-21 10:06:24.903  3179  3179 I wm_on_top_resumed_gained_called: [60733737,com.miui.home.launcher.Launcher,topStateChangedWhenResumed]
12-21 10:06:24.913 11019 11019 I wm_on_stop_called: [0,211787146,com.tencent.mobileqq.activity.LoginActivity,STOP_ACTIVITY_ITEM,1]
12-21 10:06:24.927 11019 11019 I wm_on_stop_called: [0,160886258,com.tencent.mobileqq.activity.SplashActivity,LIFECYCLER_STOP_ACTIVITY,14]
12-21 10:06:24.933 11019 11019 I wm_on_destroy_called: [0,160886258,com.tencent.mobileqq.activity.SplashActivity,performDestroy,5]
12-21 10:06:25.038  3179  3663 I com.miui.home: CheckGCForNative adj_start_bytes: 34765253 NativeAllocationGcWatermark: 10778779 java_gc_start_bytes: 18597085 kNewNativeDiscountFactor: 2 kOldNativeDiscountFactor: 65536 old_native_bytes: 116108673 new_native_bytes: 2784080 add_bytes_allowed: 32336337 is_gc_concurrent: 1 target_footprint_: 19121373 GetBytesAllocated: 12972400 HeapGrowthMultiplier: 3
12-21 10:06:25.038  3179  3663 I com.miui.home: CheckGCForNative gc_urgency 0.413235 current_native_bytes is 118892753
12-21 10:06:25.068  3179  3663 I com.miui.home: CheckGCForNative adj_start_bytes: 34765253 NativeAllocationGcWatermark: 10778779 java_gc_start_bytes: 18597085 kNewNativeDiscountFactor: 2 kOldNativeDiscountFactor: 65536 old_native_bytes: 116108673 new_native_bytes: 3073412 add_bytes_allowed: 32336337 is_gc_concurrent: 1 target_footprint_: 19121373 GetBytesAllocated: 13366112 HeapGrowthMultiplier: 3
12-21 10:06:25.068  3179  3663 I com.miui.home: CheckGCForNative gc_urgency 0.428721 current_native_bytes is 119182085
12-21 10:06:25.417  3179  3179 I wm_on_top_resumed_lost_called: [60733737,com.miui.home.launcher.Launcher,topStateChangedWhenResumed]
12-21 10:06:25.423  3179  3179 I wm_on_paused_called: [0,60733737,com.miui.home.launcher.Launcher,performPause,1]
12-21 10:06:25.425  3179  3296 I com.miui.home: CheckGCForNative adj_start_bytes: 34765253 NativeAllocationGcWatermark: 10778779 java_gc_start_bytes: 18597085 kNewNativeDiscountFactor: 2 kOldNativeDiscountFactor: 65536 old_native_bytes: 116108673 new_native_bytes: 2959956 add_bytes_allowed: 32336337 is_gc_concurrent: 1 target_footprint_: 19121373 GetBytesAllocated: 13841392 HeapGrowthMultiplier: 3
12-21 10:06:25.425  3179  3296 I com.miui.home: CheckGCForNative gc_urgency 0.44076 current_native_bytes is 119068629
12-21 10:06:25.512  3179  3663 I com.miui.home: CheckGCForNative adj_start_bytes: 34765253 NativeAllocationGcWatermark: 10778779 java_gc_start_bytes: 18597085 kNewNativeDiscountFactor: 2 kOldNativeDiscountFactor: 65536 old_native_bytes: 116108673 new_native_bytes: 3366280 add_bytes_allowed: 32336337 is_gc_concurrent: 1 target_footprint_: 19121373 GetBytesAllocated: 14349776 HeapGrowthMultiplier: 3
12-21 10:06:25.513  3179  3663 I com.miui.home: CheckGCForNative gc_urgency 0.461227 current_native_bytes is 119474953
12-21 10:06:25.648  3179  3663 I com.miui.home: CheckGCForNative adj_start_bytes: 34765253 NativeAllocationGcWatermark: 10778779 java_gc_start_bytes: 18597085 kNewNativeDiscountFactor: 2 kOldNativeDiscountFactor: 65536 old_native_bytes: 116108673 new_native_bytes: 3689732 add_bytes_allowed: 32336337 is_gc_concurrent: 1 target_footprint_: 19121373 GetBytesAllocated: 14981136 HeapGrowthMultiplier: 3
12-21 10:06:25.648  3179  3663 I com.miui.home: CheckGCForNative gc_urgency 0.48404 current_native_bytes is 119798405
12-21 10:06:25.687  3179  3663 I com.miui.home: CheckGCForNative adj_start_bytes: 34765253 NativeAllocationGcWatermark: 10778779 java_gc_start_bytes: 18597085 kNewNativeDiscountFactor: 2 kOldNativeDiscountFactor: 65536 old_native_bytes: 116108673 new_native_bytes: 3879384 add_bytes_allowed: 32336337 is_gc_concurrent: 1 target_footprint_: 19121373 GetBytesAllocated: 15374848 HeapGrowthMultiplier: 3
12-21 10:06:25.688  3179  3663 I com.miui.home: CheckGCForNative gc_urgency 0.498093 current_native_bytes is 119988057
12-21 10:06:25.868  3179  3179 I wm_on_stop_called: [0,60733737,com.miui.home.launcher.Launcher,STOP_ACTIVITY_ITEM,2]
12-21 10:06:26.611 11259 11259 I wm_on_application_create_called: [0,com.dragon.read,635]
12-21 10:06:26.733 11259 11259 I wm_on_create_called: [0,1193181,com.dragon.read.pages.splash.SplashActivity,performCreate,87]
12-21 10:06:26.756 11259 11259 I wm_on_start_called: [0,1193181,com.dragon.read.pages.splash.SplashActivity,handleStartActivity,18]
12-21 10:06:26.890 11259 11259 I wm_on_resume_called: [0,1193181,com.dragon.read.pages.splash.SplashActivity,RESUME_ACTIVITY,133]
12-21 10:06:26.892 11259 11259 I wm_on_top_resumed_gained_called: [1193181,com.dragon.read.pages.splash.SplashActivity,topStateChangedWhenResumed]
12-21 10:06:26.948 11259 11259 I wm_on_top_resumed_lost_called: [1193181,com.dragon.read.pages.splash.SplashActivity,topStateChangedWhenResumed]
12-21 10:06:26.952 11259 11259 I wm_on_paused_called: [0,1193181,com.dragon.read.pages.splash.SplashActivity,performPause,3]
12-21 10:06:27.019  3179  3179 I wm_on_restart_called: [0,60733737,com.miui.home.launcher.Launcher,performRestartActivity,0]
12-21 10:06:27.020  3179  3179 I wm_on_start_called: [0,60733737,com.miui.home.launcher.Launcher,handleStartActivity,1]
12-21 10:06:27.103  3179 10382 I com.miui.home: CheckGCForNative adj_start_bytes: 34765253 NativeAllocationGcWatermark: 10778779 java_gc_start_bytes: 18597085 kNewNativeDiscountFactor: 2 kOldNativeDiscountFactor: 65536 old_native_bytes: 116108673 new_native_bytes: 14622144 add_bytes_allowed: 32336337 is_gc_concurrent: 1 target_footprint_: 19121373 GetBytesAllocated: 16534848 HeapGrowthMultiplier: 3
12-21 10:06:27.103  3179 10382 I com.miui.home: CheckGCForNative gc_urgency 0.685963 current_native_bytes is 130730817
12-21 10:06:27.104  3179 10382 I com.miui.home: CheckGCForNative adj_start_bytes: 34765253 NativeAllocationGcWatermark: 10778779 java_gc_start_bytes: 18597085 kNewNativeDiscountFactor: 2 kOldNativeDiscountFactor: 65536 old_native_bytes: 116108673 new_native_bytes: 25328064 add_bytes_allowed: 32336337 is_gc_concurrent: 1 target_footprint_: 19121373 GetBytesAllocated: 16551424 HeapGrowthMultiplier: 3
12-21 10:06:27.105  3179 10382 I com.miui.home: CheckGCForNative gc_urgency 0.840415 current_native_bytes is 141436737
12-21 10:06:27.172  3179  3207 I com.miui.home: CheckGCForNative adj_start_bytes: 34765253 NativeAllocationGcWatermark: 10778779 java_gc_start_bytes: 18597085 kNewNativeDiscountFactor: 2 kOldNativeDiscountFactor: 65536 old_native_bytes: 116108673 new_native_bytes: 25348288 add_bytes_allowed: 32336337 is_gc_concurrent: 1 target_footprint_: 19121373 GetBytesAllocated: 16600608 HeapGrowthMultiplier: 3
12-21 10:06:27.176  3179  3207 I com.miui.home: CheckGCForNative gc_urgency 0.84212 current_native_bytes is 141456961
12-21 10:06:27.218  3179  3312 I com.miui.home: CheckGCForNative adj_start_bytes: 34765253 NativeAllocationGcWatermark: 10778779 java_gc_start_bytes: 18597085 kNewNativeDiscountFactor: 2 kOldNativeDiscountFactor: 65536 old_native_bytes: 116108673 new_native_bytes: 14699040 add_bytes_allowed: 32336337 is_gc_concurrent: 1 target_footprint_: 19121373 GetBytesAllocated: 16682928 HeapGrowthMultiplier: 3
12-21 10:06:27.218  3179  3312 I com.miui.home: CheckGCForNative gc_urgency 0.691329 current_native_bytes is 130807713
12-21 10:06:27.284  3179  3312 I com.miui.home: CheckGCForNative adj_start_bytes: 34765253 NativeAllocationGcWatermark: 10778779 java_gc_start_bytes: 18597085 kNewNativeDiscountFactor: 2 kOldNativeDiscountFactor: 65536 old_native_bytes: 116108673 new_native_bytes: 14599848 add_bytes_allowed: 32336337 is_gc_concurrent: 1 target_footprint_: 19121373 GetBytesAllocated: 16814320 HeapGrowthMultiplier: 3
12-21 10:06:27.284  3179  3312 I com.miui.home: CheckGCForNative gc_urgency 0.693682 current_native_bytes is 130708521
12-21 10:06:27.348  3179  3663 I com.miui.home: CheckGCForNative adj_start_bytes: 34765253 NativeAllocationGcWatermark: 10778779 java_gc_start_bytes: 18597085 kNewNativeDiscountFactor: 2 kOldNativeDiscountFactor: 65536 old_native_bytes: 116108673 new_native_bytes: 15033148 add_bytes_allowed: 32336337 is_gc_concurrent: 1 target_footprint_: 19121373 GetBytesAllocated: 17043696 HeapGrowthMultiplier: 3
12-21 10:06:27.348  3179  3663 I com.miui.home: CheckGCForNative gc_urgency 0.706511 current_native_bytes is 131141821
12-21 10:06:27.522 11259 11259 I wm_on_create_called: [0,209160509,com.dragon.read.pages.main.MainFragmentActivity,performCreate,487]
12-21 10:06:27.563  3179  3312 I com.miui.home: CheckGCForNative adj_start_bytes: 34765253 NativeAllocationGcWatermark: 10778779 java_gc_start_bytes: 18597085 kNewNativeDiscountFactor: 2 kOldNativeDiscountFactor: 65536 old_native_bytes: 116108673 new_native_bytes: 15156668 add_bytes_allowed: 32336337 is_gc_concurrent: 1 target_footprint_: 19121373 GetBytesAllocated: 17240400 HeapGrowthMultiplier: 3
12-21 10:06:27.563  3179  3312 I com.miui.home: CheckGCForNative gc_urgency 0.713946 current_native_bytes is 131265341
12-21 10:06:27.643  3179  3179 I wm_on_resume_called: [0,60733737,com.miui.home.launcher.Launcher,RESUME_ACTIVITY,10]
12-21 10:06:27.643  3179  3179 I wm_on_idle_called: com.miui.home.launcher.Launcher
12-21 10:06:27.827  3179  3663 I com.miui.home: CheckGCForNative adj_start_bytes: 34765253 NativeAllocationGcWatermark: 10778779 java_gc_start_bytes: 18597085 kNewNativeDiscountFactor: 2 kOldNativeDiscountFactor: 65536 old_native_bytes: 116108673 new_native_bytes: 15541776 add_bytes_allowed: 32336337 is_gc_concurrent: 1 target_footprint_: 19121373 GetBytesAllocated: 18454096 HeapGrowthMultiplier: 3
12-21 10:06:27.827  3179  3663 I com.miui.home: CheckGCForNative gc_urgency 0.754396 current_native_bytes is 131650449
12-21 10:06:27.832  3179  3663 I com.miui.home: CheckGCForNative adj_start_bytes: 34765253 NativeAllocationGcWatermark: 10778779 java_gc_start_bytes: 18597085 kNewNativeDiscountFactor: 2 kOldNativeDiscountFactor: 65536 old_native_bytes: 116108673 new_native_bytes: 26252432 add_bytes_allowed: 32336337 is_gc_concurrent: 1 target_footprint_: 19121373 GetBytesAllocated: 18503248 HeapGrowthMultiplier: 3
12-21 10:06:27.832  3179  3663 I com.miui.home: CheckGCForNative gc_urgency 0.909852 current_native_bytes is 142361105
12-21 10:06:27.917  3179  3663 I com.miui.home: CheckGCForNative adj_start_bytes: 34765253 NativeAllocationGcWatermark: 10778779 java_gc_start_bytes: 18597085 kNewNativeDiscountFactor: 2 kOldNativeDiscountFactor: 65536 old_native_bytes: 116108673 new_native_bytes: 15761944 add_bytes_allowed: 32336337 is_gc_concurrent: 1 target_footprint_: 19121373 GetBytesAllocated: 19077360 HeapGrowthMultiplier: 3
12-21 10:06:27.917  3179  3663 I com.miui.home: CheckGCForNative gc_urgency 0.77549 current_native_bytes is 131870617
12-21 10:06:27.938  3179  3179 I wm_on_paused_called: [0,60733737,com.miui.home.launcher.Launcher,performPause,1]
12-21 10:06:28.146  3179  3663 I com.miui.home: CheckGCForNative gc_urgency 0 current_native_bytes is 131343921
12-21 10:06:28.285  3179  3663 I com.miui.home: CheckGCForNative gc_urgency 0 current_native_bytes is 126790093
12-21 10:06:28.306  3179  3663 I com.miui.home: CheckGCForNative gc_urgency 0 current_native_bytes is 126730377
12-21 10:06:29.229 11710 11710 I wm_on_application_create_called: [0,com.taobao.taobao,448]
12-21 10:06:29.258 11682 11682 I wm_on_application_create_called: [0,com.taobao.taobao,590]
12-21 10:06:29.388 11682 11682 I wm_on_create_called: [0,226356923,com.taobao.tao.welcome.Welcome,performCreate,114]
12-21 10:06:29.456 11682 11682 I wm_on_start_called: [0,226356923,com.taobao.tao.welcome.Welcome,handleStartActivity,67]
12-21 10:06:29.556 11682 11682 I wm_on_resume_called: [0,226356923,com.taobao.tao.welcome.Welcome,RESUME_ACTIVITY,96]
12-21 10:06:29.615  3179  3207 I com.miui.home: CheckGCForNative adj_start_bytes: 34765253 NativeAllocationGcWatermark: 10778779 java_gc_start_bytes: 18597085 kNewNativeDiscountFactor: 2 kOldNativeDiscountFactor: 65536 old_native_bytes: 126730377 new_native_bytes: 10964276 add_bytes_allowed: 32336337 is_gc_concurrent: 1 target_footprint_: 19121373 GetBytesAllocated: 12416816 HeapGrowthMultiplier: 3
12-21 10:06:29.615  3179  3207 I com.miui.home: CheckGCForNative gc_urgency 0.514907 current_native_bytes is 137694653
12-21 10:06:29.615  3179  3207 I com.miui.home: CheckGCForNative adj_start_bytes: 34765253 NativeAllocationGcWatermark: 10778779 java_gc_start_bytes: 18597085 kNewNativeDiscountFactor: 2 kOldNativeDiscountFactor: 65536 old_native_bytes: 126730377 new_native_bytes: 21670836 add_bytes_allowed: 32336337 is_gc_concurrent: 1 target_footprint_: 19121373 GetBytesAllocated: 12433392 HeapGrowthMultiplier: 3
12-21 10:06:29.615  3179  3207 I com.miui.home: CheckGCForNative gc_urgency 0.669368 current_native_bytes is 148401213
12-21 10:06:29.618  3179  3272 I com.miui.home: CheckGCForNative adj_start_bytes: 34765253 NativeAllocationGcWatermark: 10778779 java_gc_start_bytes: 18597085 kNewNativeDiscountFactor: 2 kOldNativeDiscountFactor: 65536 old_native_bytes: 126730377 new_native_bytes: 10967476 add_bytes_allowed: 32336337 is_gc_concurrent: 1 target_footprint_: 19121373 GetBytesAllocated: 12466160 HeapGrowthMultiplier: 3
12-21 10:06:29.618  3179  3272 I com.miui.home: CheckGCForNative gc_urgency 0.516373 current_native_bytes is 137697853
12-21 10:06:29.648  3179  3207 I com.miui.home: CheckGCForNative adj_start_bytes: 34765253 NativeAllocationGcWatermark: 10778779 java_gc_start_bytes: 18597085 kNewNativeDiscountFactor: 2 kOldNativeDiscountFactor: 65536 old_native_bytes: 126730377 new_native_bytes: 21622164 add_bytes_allowed: 32336337 is_gc_concurrent: 1 target_footprint_: 19121373 GetBytesAllocated: 12482544 HeapGrowthMultiplier: 3
12-21 10:06:29.648  3179  3207 I com.miui.home: CheckGCForNative gc_urgency 0.670082 current_native_bytes is 148352541
12-21 10:06:29.695 11682 11682 I wm_on_top_resumed_gained_called: [226356923,com.taobao.tao.welcome.Welcome,topStateChangedWhenResumed]
12-21 10:06:29.974  3179  3312 I com.miui.home: CheckGCForNative adj_start_bytes: 34765253 NativeAllocationGcWatermark: 10778779 java_gc_start_bytes: 18597085 kNewNativeDiscountFactor: 2 kOldNativeDiscountFactor: 65536 old_native_bytes: 126730377 new_native_bytes: 10897220 add_bytes_allowed: 32336337 is_gc_concurrent: 1 target_footprint_: 19121373 GetBytesAllocated: 12695760 HeapGrowthMultiplier: 3
12-21 10:06:29.974  3179  3312 I com.miui.home: CheckGCForNative gc_urgency 0.521967 current_native_bytes is 137627597
12-21 10:06:30.136  3179  3179 I wm_on_resume_called: [0,60733737,com.miui.home.launcher.Launcher,RESUME_ACTIVITY,4]
12-21 10:06:30.137  3179  3179 I wm_on_idle_called: com.miui.home.launcher.Launcher
12-21 10:06:30.327  3179  3663 I com.miui.home: CheckGCForNative adj_start_bytes: 34765253 NativeAllocationGcWatermark: 10778779 java_gc_start_bytes: 18597085 kNewNativeDiscountFactor: 2 kOldNativeDiscountFactor: 65536 old_native_bytes: 126730377 new_native_bytes: 11023736 add_bytes_allowed: 32336337 is_gc_concurrent: 1 target_footprint_: 19121373 GetBytesAllocated: 14081808 HeapGrowthMultiplier: 3
12-21 10:06:30.327  3179  3663 I com.miui.home: CheckGCForNative gc_urgency 0.563655 current_native_bytes is 137754113
12-21 10:06:30.447  3179  3179 I wm_on_paused_called: [0,60733737,com.miui.home.launcher.Launcher,performPause,1]
12-21 10:06:30.448  3179  3663 I com.miui.home: CheckGCForNative adj_start_bytes: 34765253 NativeAllocationGcWatermark: 10778779 java_gc_start_bytes: 18597085 kNewNativeDiscountFactor: 2 kOldNativeDiscountFactor: 65536 old_native_bytes: 126730377 new_native_bytes: 21939724 add_bytes_allowed: 32336337 is_gc_concurrent: 1 target_footprint_: 19121373 GetBytesAllocated: 14294800 HeapGrowthMultiplier: 3
12-21 10:06:30.448  3179  3663 I com.miui.home: CheckGCForNative gc_urgency 0.726777 current_native_bytes is 148670101
12-21 10:06:30.665  3179  3312 I com.miui.home: CheckGCForNative adj_start_bytes: 34765253 NativeAllocationGcWatermark: 10778779 java_gc_start_bytes: 18597085 kNewNativeDiscountFactor: 2 kOldNativeDiscountFactor: 65536 old_native_bytes: 126730377 new_native_bytes: 11257668 add_bytes_allowed: 32336337 is_gc_concurrent: 1 target_footprint_: 19121373 GetBytesAllocated: 14647584 HeapGrowthMultiplier: 3
12-21 10:06:30.665  3179  3312 I com.miui.home: CheckGCForNative gc_urgency 0.583294 current_native_bytes is 137988045
12-21 10:06:30.698  3179  3312 I com.miui.home: CheckGCForNative adj_start_bytes: 34765253 NativeAllocationGcWatermark: 10778779 java_gc_start_bytes: 18597085 kNewNativeDiscountFactor: 2 kOldNativeDiscountFactor: 65536 old_native_bytes: 126730377 new_native_bytes: 11419460 add_bytes_allowed: 32336337 is_gc_concurrent: 1 target_footprint_: 19121373 GetBytesAllocated: 14828256 HeapGrowthMultiplier: 3
12-21 10:06:30.698  3179  3312 I com.miui.home: CheckGCForNative gc_urgency 0.590818 current_native_bytes is 138149837
12-21 10:06:30.765  3179  3312 I com.miui.home: CheckGCForNative adj_start_bytes: 34765253 NativeAllocationGcWatermark: 10778779 java_gc_start_bytes: 18597085 kNewNativeDiscountFactor: 2 kOldNativeDiscountFactor: 65536 old_native_bytes: 126730377 new_native_bytes: 11705464 add_bytes_allowed: 32336337 is_gc_concurrent: 1 target_footprint_: 19121373 GetBytesAllocated: 15106944 HeapGrowthMultiplier: 3
12-21 10:06:30.765  3179  3312 I com.miui.home: CheckGCForNative gc_urgency 0.602947 current_native_bytes is 138435841
12-21 10:06:30.811  3179  3663 I com.miui.home: CheckGCForNative adj_start_bytes: 34765253 NativeAllocationGcWatermark: 10778779 java_gc_start_bytes: 18597085 kNewNativeDiscountFactor: 2 kOldNativeDiscountFactor: 65536 old_native_bytes: 126730377 new_native_bytes: 11898540 add_bytes_allowed: 32336337 is_gc_concurrent: 1 target_footprint_: 19121373 GetBytesAllocated: 15451392 HeapGrowthMultiplier: 3
12-21 10:06:30.812  3179  3663 I com.miui.home: CheckGCForNative gc_urgency 0.615632 current_native_bytes is 138628917
12-21 10:06:30.945  7133  7133 I wm_on_create_called: [0,226644998,com.tencent.mm.ui.LauncherUI,performCreate,255]
12-21 10:06:30.980  7133  7133 I wm_on_start_called: [0,226644998,com.tencent.mm.ui.LauncherUI,handleStartActivity,16]
12-21 10:06:31.039  7133  7133 I wm_on_resume_called: [0,226644998,com.tencent.mm.ui.LauncherUI,RESUME_ACTIVITY,57]
12-21 10:06:31.063  7133  7133 I wm_on_top_resumed_gained_called: [226644998,com.tencent.mm.ui.LauncherUI,topStateChangedWhenResumed]
12-21 10:06:31.066  7133  7133 I wm_on_top_resumed_lost_called: [226644998,com.tencent.mm.ui.LauncherUI,topStateChangedWhenResumed]
12-21 10:06:31.075  7133  7133 I wm_on_paused_called: [0,226644998,com.tencent.mm.ui.LauncherUI,performPause,8]
12-21 10:06:31.095  3179  3179 I wm_on_stop_called: [0,60733737,com.miui.home.launcher.Launcher,STOP_ACTIVITY_ITEM,2]
12-21 10:06:31.247  3179  3663 I com.miui.home: CheckGCForNative adj_start_bytes: 34765253 NativeAllocationGcWatermark: 10778779 java_gc_start_bytes: 18597085 kNewNativeDiscountFactor: 2 kOldNativeDiscountFactor: 65536 old_native_bytes: 126730377 new_native_bytes: 12128080 add_bytes_allowed: 32336337 is_gc_concurrent: 1 target_footprint_: 19121373 GetBytesAllocated: 16082960 HeapGrowthMultiplier: 3
12-21 10:06:31.247  3179  3663 I com.miui.home: CheckGCForNative gc_urgency 0.6371 current_native_bytes is 138858457
12-21 10:06:31.284  7133  7133 I wm_on_create_called: [0,111798708,com.tencent.mm.plugin.account.ui.WelcomeActivity,performCreate,48]
12-21 10:06:31.287  7133  7133 I wm_on_start_called: [0,111798708,com.tencent.mm.plugin.account.ui.WelcomeActivity,handleStartActivity,2]
12-21 10:06:31.295  7133  7133 I wm_on_resume_called: [0,111798708,com.tencent.mm.plugin.account.ui.WelcomeActivity,RESUME_ACTIVITY,7]
12-21 10:06:31.312  7133  7133 I wm_on_top_resumed_gained_called: [111798708,com.tencent.mm.plugin.account.ui.WelcomeActivity,topStateChangedWhenResumed]
12-21 10:06:31.313  3179  3663 I com.miui.home: CheckGCForNative adj_start_bytes: 34765253 NativeAllocationGcWatermark: 10778779 java_gc_start_bytes: 18597085 kNewNativeDiscountFactor: 2 kOldNativeDiscountFactor: 65536 old_native_bytes: 126730377 new_native_bytes: 12616292 add_bytes_allowed: 32336337 is_gc_concurrent: 1 target_footprint_: 19121373 GetBytesAllocated: 16493136 HeapGrowthMultiplier: 3
12-21 10:06:31.313  3179  3663 I com.miui.home: CheckGCForNative gc_urgency 0.65592 current_native_bytes is 139346669
12-21 10:06:31.464  7133  7133 I wm_on_stop_called: [0,226644998,com.tencent.mm.ui.LauncherUI,STOP_ACTIVITY_ITEM,5]
12-21 10:06:31.901  3179  3179 I wm_on_restart_called: [0,60733737,com.miui.home.launcher.Launcher,performRestartActivity,0]
12-21 10:06:31.902  3179  3179 I wm_on_start_called: [0,60733737,com.miui.home.launcher.Launcher,handleStartActivity,0]
12-21 10:06:31.945  3179 10382 I com.miui.home: CheckGCForNative adj_start_bytes: 34765253 NativeAllocationGcWatermark: 10778779 java_gc_start_bytes: 18597085 kNewNativeDiscountFactor: 2 kOldNativeDiscountFactor: 65536 old_native_bytes: 126730377 new_native_bytes: 23591372 add_bytes_allowed: 32336337 is_gc_concurrent: 1 target_footprint_: 19121373 GetBytesAllocated: 17214448 HeapGrowthMultiplier: 3
12-21 10:06:31.946  3179 10382 I com.miui.home: CheckGCForNative gc_urgency 0.834513 current_native_bytes is 150321749
12-21 10:06:31.947  3179 10382 I com.miui.home: CheckGCForNative adj_start_bytes: 34765253 NativeAllocationGcWatermark: 10778779 java_gc_start_bytes: 18597085 kNewNativeDiscountFactor: 2 kOldNativeDiscountFactor: 65536 old_native_bytes: 126730377 new_native_bytes: 34302924 add_bytes_allowed: 32336337 is_gc_concurrent: 1 target_footprint_: 19121373 GetBytesAllocated: 17214640 HeapGrowthMultiplier: 3
12-21 10:06:31.947  3179 10382 I com.miui.home: CheckGCForNative gc_urgency 0.988574 current_native_bytes is 161033301
12-21 10:06:31.979  3179 10382 I com.miui.home: CheckGCForNative adj_start_bytes: 34765253 NativeAllocationGcWatermark: 10778779 java_gc_start_bytes: 18597085 kNewNativeDiscountFactor: 2 kOldNativeDiscountFactor: 65536 old_native_bytes: 126730377 new_native_bytes: 34306668 add_bytes_allowed: 32336337 is_gc_concurrent: 1 target_footprint_: 19121373 GetBytesAllocated: 17296560 HeapGrowthMultiplier: 3
12-21 10:06:31.979  3179 10382 I com.miui.home: CheckGCForNative gc_urgency 0.990985 current_native_bytes is 161037045
12-21 10:06:32.179  3179  3312 I com.miui.home: CheckGCForNative adj_start_bytes: 34765253 NativeAllocationGcWatermark: 10778779 java_gc_start_bytes: 18597085 kNewNativeDiscountFactor: 2 kOldNativeDiscountFactor: 65536 old_native_bytes: 126730377 new_native_bytes: 23580236 add_bytes_allowed: 32336337 is_gc_concurrent: 1 target_footprint_: 19121373 GetBytesAllocated: 17411440 HeapGrowthMultiplier: 3
12-21 10:06:32.179  3179  3312 I com.miui.home: CheckGCForNative gc_urgency 0.84002 current_native_bytes is 150310613
12-21 10:06:32.213  3179  3312 I com.miui.home: CheckGCForNative adj_start_bytes: 34765253 NativeAllocationGcWatermark: 10778779 java_gc_start_bytes: 18597085 kNewNativeDiscountFactor: 2 kOldNativeDiscountFactor: 65536 old_native_bytes: 126730377 new_native_bytes: 23583756 add_bytes_allowed: 32336337 is_gc_concurrent: 1 target_footprint_: 19121373 GetBytesAllocated: 17427824 HeapGrowthMultiplier: 3
12-21 10:06:32.213  3179  3312 I com.miui.home: CheckGCForNative gc_urgency 0.840541 current_native_bytes is 150314133
12-21 10:06:32.481  7133  7133 I wm_on_top_resumed_lost_called: [111798708,com.tencent.mm.plugin.account.ui.WelcomeActivity,topStateChangedWhenResumed]
12-21 10:06:32.498  3179  3179 I wm_on_resume_called: [0,60733737,com.miui.home.launcher.Launcher,RESUME_ACTIVITY,3]
12-21 10:06:32.498  3179  3179 I wm_on_idle_called: com.miui.home.launcher.Launcher
12-21 10:06:32.513  3179  3179 I wm_on_top_resumed_gained_called: [60733737,com.miui.home.launcher.Launcher,topStateChangedWhenResumed]
12-21 10:06:32.526  7133  7133 I wm_on_paused_called: [0,111798708,com.tencent.mm.plugin.account.ui.WelcomeActivity,performPause,11]
12-21 10:06:32.559  7133  7133 I wm_on_stop_called: [0,111798708,com.tencent.mm.plugin.account.ui.WelcomeActivity,STOP_ACTIVITY_ITEM,9]
12-21 10:06:32.573  7133  7133 I wm_on_idle_called: com.tencent.mm.plugin.account.ui.WelcomeActivity
12-21 10:06:32.573  7133  7133 I wm_on_idle_called: com.tencent.mm.ui.LauncherUI
12-21 10:06:32.641  3179  3663 I com.miui.home: CheckGCForNative adj_start_bytes: 34765253 NativeAllocationGcWatermark: 10778779 java_gc_start_bytes: 18597085 kNewNativeDiscountFactor: 2 kOldNativeDiscountFactor: 65536 old_native_bytes: 126730377 new_native_bytes: 23743280 add_bytes_allowed: 32336337 is_gc_concurrent: 1 target_footprint_: 19121373 GetBytesAllocated: 18608816 HeapGrowthMultiplier: 3
12-21 10:06:32.641  3179  3663 I com.miui.home: CheckGCForNative gc_urgency 0.876806 current_native_bytes is 150473657
12-21 10:06:32.669  3179  3663 I com.miui.home: CheckGCForNative adj_start_bytes: 34765253 NativeAllocationGcWatermark: 10778779 java_gc_start_bytes: 18597085 kNewNativeDiscountFactor: 2 kOldNativeDiscountFactor: 65536 old_native_bytes: 126730377 new_native_bytes: 23993196 add_bytes_allowed: 32336337 is_gc_concurrent: 1 target_footprint_: 19121373 GetBytesAllocated: 18854576 HeapGrowthMultiplier: 3
12-21 10:06:32.669  3179  3663 I com.miui.home: CheckGCForNative gc_urgency 0.88747 current_native_bytes is 150723573
12-21 10:06:32.688  3179  3179 I wm_on_top_resumed_lost_called: [60733737,com.miui.home.launcher.Launcher,topStateChangedWhenResumed]
12-21 10:06:32.691  3179  3179 I wm_on_paused_called: [0,60733737,com.miui.home.launcher.Launcher,performPause,1]
12-21 10:06:32.692  3179  3663 I com.miui.home: CheckGCForNative adj_start_bytes: 34765253 NativeAllocationGcWatermark: 10778779 java_gc_start_bytes: 18597085 kNewNativeDiscountFactor: 2 kOldNativeDiscountFactor: 65536 old_native_bytes: 126730377 new_native_bytes: 34704620 add_bytes_allowed: 32336337 is_gc_concurrent: 1 target_footprint_: 19121373 GetBytesAllocated: 18920112 HeapGrowthMultiplier: 3
12-21 10:06:32.692  3179  3663 I com.miui.home: CheckGCForNative gc_urgency 1.04341 current_native_bytes is 161434997
12-21 10:06:32.692  3179  3663 I com.miui.home: CheckGCForNative requested 1
12-21 10:06:32.767  3179  3663 I com.miui.home: CheckGCForNative adj_start_bytes: 34765253 NativeAllocationGcWatermark: 10778779 java_gc_start_bytes: 18597085 kNewNativeDiscountFactor: 2 kOldNativeDiscountFactor: 65536 old_native_bytes: 126730377 new_native_bytes: 24413176 add_bytes_allowed: 32336337 is_gc_concurrent: 1 target_footprint_: 19121373 GetBytesAllocated: 19559920 HeapGrowthMultiplier: 3
12-21 10:06:32.767  3179  3663 I com.miui.home: CheckGCForNative gc_urgency 0.913799 current_native_bytes is 151143553
12-21 10:06:32.857  3179  3663 I com.miui.home: CheckGCForNative gc_urgency 0 current_native_bytes is 127200325
12-21 10:06:32.924  3179  3663 I com.miui.home: CheckGCForNative adj_start_bytes: 36158544 NativeAllocationGcWatermark: 10925441 java_gc_start_bytes: 19770383 kNewNativeDiscountFactor: 2 kOldNativeDiscountFactor: 65536 old_native_bytes: 127200325 new_native_bytes: 255024 add_bytes_allowed: 32776323 is_gc_concurrent: 1 target_footprint_: 20294671 GetBytesAllocated: 11221736 HeapGrowthMultiplier: 3
12-21 10:06:32.924  3179  3663 I com.miui.home: CheckGCForNative gc_urgency 0.313928 current_native_bytes is 127455349
12-21 10:06:33.458 12328 12328 I wm_on_application_create_called: [0,com.sina.weibo,268]
12-21 10:06:33.565 12328 12328 I wm_on_create_called: [0,132523955,com.sina.weibo.SplashActivity,performCreate,82]
12-21 10:06:33.570 12328 12328 I wm_on_start_called: [0,132523955,com.sina.weibo.SplashActivity,handleStartActivity,4]
12-21 10:06:33.575 12328 12328 I wm_on_resume_called: [0,132523955,com.sina.weibo.SplashActivity,RESUME_ACTIVITY,4]
12-21 10:06:33.602 12328 12328 I wm_on_top_resumed_gained_called: [132523955,com.sina.weibo.SplashActivity,topStateChangedWhenResumed]
12-21 10:06:33.944  3179  3179 I wm_on_stop_called: [0,60733737,com.miui.home.launcher.Launcher,STOP_ACTIVITY_ITEM,3]
12-21 10:06:34.156  3179  3179 I wm_on_restart_called: [0,60733737,com.miui.home.launcher.Launcher,performRestartActivity,0]
12-21 10:06:34.156  3179  3179 I wm_on_start_called: [0,60733737,com.miui.home.launcher.Launcher,handleStartActivity,1]
12-21 10:06:34.216  3179  3179 I com.miui.home: CheckGCForNative adj_start_bytes: 36158544 NativeAllocationGcWatermark: 10925441 java_gc_start_bytes: 19770383 kNewNativeDiscountFactor: 2 kOldNativeDiscountFactor: 65536 old_native_bytes: 127200325 new_native_bytes: 420692 add_bytes_allowed: 32776323 is_gc_concurrent: 1 target_footprint_: 20294671 GetBytesAllocated: 12295752 HeapGrowthMultiplier: 3
12-21 10:06:34.216  3179  3179 I com.miui.home: CheckGCForNative gc_urgency 0.345922 current_native_bytes is 127621017
12-21 10:06:34.227  3179  3546 I com.miui.home: CheckGCForNative adj_start_bytes: 36158544 NativeAllocationGcWatermark: 10925441 java_gc_start_bytes: 19770383 kNewNativeDiscountFactor: 2 kOldNativeDiscountFactor: 65536 old_native_bytes: 127200325 new_native_bytes: 11227500 add_bytes_allowed: 32776323 is_gc_concurrent: 1 target_footprint_: 20294671 GetBytesAllocated: 12328520 HeapGrowthMultiplier: 3
12-21 10:06:34.227  3179  3546 I com.miui.home: CheckGCForNative gc_urgency 0.496265 current_native_bytes is 138427825
12-21 10:06:34.227  3179  3546 I com.miui.home: CheckGCForNative adj_start_bytes: 36158544 NativeAllocationGcWatermark: 10925441 java_gc_start_bytes: 19770383 kNewNativeDiscountFactor: 2 kOldNativeDiscountFactor: 65536 old_native_bytes: 127200325 new_native_bytes: 21933420 add_bytes_allowed: 32776323 is_gc_concurrent: 1 target_footprint_: 20294671 GetBytesAllocated: 12345096 HeapGrowthMultiplier: 3
12-21 10:06:34.227  3179  3546 I com.miui.home: CheckGCForNative gc_urgency 0.644764 current_native_bytes is 149133745
12-21 10:06:34.272 12328 12328 I wm_on_idle_called: com.sina.weibo.SplashActivity
12-21 10:06:34.329  3179  3312 I com.miui.home: CheckGCForNative adj_start_bytes: 36158544 NativeAllocationGcWatermark: 10925441 java_gc_start_bytes: 19770383 kNewNativeDiscountFactor: 2 kOldNativeDiscountFactor: 65536 old_native_bytes: 127200325 new_native_bytes: 11206140 add_bytes_allowed: 32776323 is_gc_concurrent: 1 target_footprint_: 20294671 GetBytesAllocated: 12460184 HeapGrowthMultiplier: 3
12-21 10:06:34.329  3179  3312 I com.miui.home: CheckGCForNative gc_urgency 0.499611 current_native_bytes is 138406465
12-21 10:06:34.403  3179 10382 I com.miui.home: CheckGCForNative adj_start_bytes: 36158544 NativeAllocationGcWatermark: 10925441 java_gc_start_bytes: 19770383 kNewNativeDiscountFactor: 2 kOldNativeDiscountFactor: 65536 old_native_bytes: 127200325 new_native_bytes: 21918908 add_bytes_allowed: 32776323 is_gc_concurrent: 1 target_footprint_: 20294671 GetBytesAllocated: 12509336 HeapGrowthMultiplier: 3
12-21 10:06:34.403  3179 10382 I com.miui.home: CheckGCForNative gc_urgency 0.649106 current_native_bytes is 149119233
12-21 10:06:34.456 12328 12328 I wm_on_top_resumed_lost_called: [132523955,com.sina.weibo.SplashActivity,topStateChangedWhenResumed]
12-21 10:06:34.494 12328 12328 I wm_on_paused_called: [0,132523955,com.sina.weibo.SplashActivity,performPause,1]
12-21 10:06:34.593 12455 12455 I wm_on_application_create_called: [0,com.sina.weibo,776]
12-21 10:06:34.650 12328 12328 I wm_on_create_called: [0,35075540,com.sina.weibo.VisitorMainTabActivity,performCreate,128]
12-21 10:06:34.652 12328 12328 I wm_on_start_called: [0,35075540,com.sina.weibo.VisitorMainTabActivity,handleStartActivity,1]
12-21 10:06:34.675  3179  3663 I com.miui.home: CheckGCForNative adj_start_bytes: 36158544 NativeAllocationGcWatermark: 10925441 java_gc_start_bytes: 19770383 kNewNativeDiscountFactor: 2 kOldNativeDiscountFactor: 65536 old_native_bytes: 127200325 new_native_bytes: 11299388 add_bytes_allowed: 32776323 is_gc_concurrent: 1 target_footprint_: 20294671 GetBytesAllocated: 12887176 HeapGrowthMultiplier: 3
12-21 10:06:34.675  3179  3663 I com.miui.home: CheckGCForNative gc_urgency 0.512709 current_native_bytes is 138499713
12-21 10:06:34.734  3179  3663 I com.miui.home: CheckGCForNative adj_start_bytes: 36158544 NativeAllocationGcWatermark: 10925441 java_gc_start_bytes: 19770383 kNewNativeDiscountFactor: 2 kOldNativeDiscountFactor: 65536 old_native_bytes: 127200325 new_native_bytes: 11577008 add_bytes_allowed: 32776323 is_gc_concurrent: 1 target_footprint_: 20294671 GetBytesAllocated: 13100168 HeapGrowthMultiplier: 3
12-21 10:06:34.734  3179  3663 I com.miui.home: CheckGCForNative gc_urgency 0.522438 current_native_bytes is 138777333
12-21 10:06:34.773  3179  3179 I wm_on_resume_called: [0,60733737,com.miui.home.launcher.Launcher,RESUME_ACTIVITY,8]
12-21 10:06:34.799  3179  3663 I com.miui.home: CheckGCForNative adj_start_bytes: 36158544 NativeAllocationGcWatermark: 10925441 java_gc_start_bytes: 19770383 kNewNativeDiscountFactor: 2 kOldNativeDiscountFactor: 65536 old_native_bytes: 127200325 new_native_bytes: 22554288 add_bytes_allowed: 32776323 is_gc_concurrent: 1 target_footprint_: 20294671 GetBytesAllocated: 13870952 HeapGrowthMultiplier: 3
12-21 10:06:34.799  3179  3663 I com.miui.home: CheckGCForNative gc_urgency 0.695549 current_native_bytes is 149754613
12-21 10:06:34.898  3179  3179 I wm_on_idle_called: com.miui.home.launcher.Launcher
12-21 10:06:34.957  3179  3663 I com.miui.home: CheckGCForNative adj_start_bytes: 36158544 NativeAllocationGcWatermark: 10925441 java_gc_start_bytes: 19770383 kNewNativeDiscountFactor: 2 kOldNativeDiscountFactor: 65536 old_native_bytes: 127200325 new_native_bytes: 12095812 add_bytes_allowed: 32776323 is_gc_concurrent: 1 target_footprint_: 20294671 GetBytesAllocated: 14396184 HeapGrowthMultiplier: 3
12-21 10:06:34.957  3179  3663 I com.miui.home: CheckGCForNative gc_urgency 0.565455 current_native_bytes is 139296137
12-21 10:06:34.983  3179  3663 I com.miui.home: CheckGCForNative adj_start_bytes: 36158544 NativeAllocationGcWatermark: 10925441 java_gc_start_bytes: 19770383 kNewNativeDiscountFactor: 2 kOldNativeDiscountFactor: 65536 old_native_bytes: 127200325 new_native_bytes: 22959668 add_bytes_allowed: 32776323 is_gc_concurrent: 1 target_footprint_: 20294671 GetBytesAllocated: 14478104 HeapGrowthMultiplier: 3
12-21 10:06:34.983  3179  3663 I com.miui.home: CheckGCForNative gc_urgency 0.717946 current_native_bytes is 150159993
12-21 10:06:35.042  3179  3663 I com.miui.home: CheckGCForNative adj_start_bytes: 36158544 NativeAllocationGcWatermark: 10925441 java_gc_start_bytes: 19770383 kNewNativeDiscountFactor: 2 kOldNativeDiscountFactor: 65536 old_native_bytes: 127200325 new_native_bytes: 12252116 add_bytes_allowed: 32776323 is_gc_concurrent: 1 target_footprint_: 20294671 GetBytesAllocated: 14904888 HeapGrowthMultiplier: 3
12-21 10:06:35.042  3179  3663 I com.miui.home: CheckGCForNative gc_urgency 0.581685 current_native_bytes is 139452441
12-21 10:06:35.043  3179  3663 I com.miui.home: CheckGCForNative adj_start_bytes: 36158544 NativeAllocationGcWatermark: 10925441 java_gc_start_bytes: 19770383 kNewNativeDiscountFactor: 2 kOldNativeDiscountFactor: 65536 old_native_bytes: 127200325 new_native_bytes: 12265804 add_bytes_allowed: 32776323 is_gc_concurrent: 1 target_footprint_: 20294671 GetBytesAllocated: 14921272 HeapGrowthMultiplier: 3
12-21 10:06:35.043  3179  3663 I com.miui.home: CheckGCForNative gc_urgency 0.582327 current_native_bytes is 139466129
12-21 10:06:35.079  3179  3179 I wm_on_paused_called: [0,60733737,com.miui.home.launcher.Launcher,performPause,1]
12-21 10:06:35.279  3179  3663 I com.miui.home: CheckGCForNative adj_start_bytes: 36158544 NativeAllocationGcWatermark: 10925441 java_gc_start_bytes: 19770383 kNewNativeDiscountFactor: 2 kOldNativeDiscountFactor: 65536 old_native_bytes: 127200325 new_native_bytes: 12880356 add_bytes_allowed: 32776323 is_gc_concurrent: 1 target_footprint_: 20294671 GetBytesAllocated: 15733064 HeapGrowthMultiplier: 3
12-21 10:06:35.279  3179  3663 I com.miui.home: CheckGCForNative gc_urgency 0.613276 current_native_bytes is 140080681
12-21 10:06:35.428  3179  3663 I com.miui.home: CheckGCForNative adj_start_bytes: 36158544 NativeAllocationGcWatermark: 10925441 java_gc_start_bytes: 19770383 kNewNativeDiscountFactor: 2 kOldNativeDiscountFactor: 65536 old_native_bytes: 127200325 new_native_bytes: 13103416 add_bytes_allowed: 32776323 is_gc_concurrent: 1 target_footprint_: 20294671 GetBytesAllocated: 16143272 HeapGrowthMultiplier: 3
12-21 10:06:35.428  3179  3663 I com.miui.home: CheckGCForNative gc_urgency 0.627706 current_native_bytes is 140303741
12-21 10:06:35.459 12328 12328 I wm_on_create_called: [0,0,com.sina.weibo.feed.visitor.VisitorHomeActivity,performCreate,762]
12-21 10:06:35.691 12602 12602 I wm_on_create_called: [0,62379317,com.android.packageinstaller.permission.ui.GrantPermissionsActivity,performCreate,818]
12-21 10:06:35.694 12602 12602 I wm_on_start_called: [0,62379317,com.android.packageinstaller.permission.ui.GrantPermissionsActivity,handleStartActivity,1]
12-21 10:06:35.697 12602 12602 I wm_on_resume_called: [0,62379317,com.android.packageinstaller.permission.ui.GrantPermissionsActivity,RESUME_ACTIVITY,1]
12-21 10:06:35.710 12602 12602 I wm_on_top_resumed_gained_called: [62379317,com.android.packageinstaller.permission.ui.GrantPermissionsActivity,topStateChangedWhenResumed]
12-21 10:06:35.710 12602 12602 I wm_on_top_resumed_lost_called: [62379317,com.android.packageinstaller.permission.ui.GrantPermissionsActivity,topStateChangedWhenResumed]
12-21 10:06:35.712 12602 12602 I wm_on_paused_called: [0,62379317,com.android.packageinstaller.permission.ui.GrantPermissionsActivity,performPause,0]
12-21 10:06:35.719 12602 12602 I wm_on_stop_called: [0,62379317,com.android.packageinstaller.permission.ui.GrantPermissionsActivity,STOP_ACTIVITY_ITEM,5]
12-21 10:06:35.842 12602 12602 I wm_on_destroy_called: [0,62379317,com.android.packageinstaller.permission.ui.GrantPermissionsActivity,performDestroy,0]
12-21 10:06:35.990 12678 12678 I wm_on_create_called: [0,33917459,com.UCMobile.main.UCMobile,performCreate,172]
12-21 10:06:36.094 12678 12678 I wm_on_create_called: [0,30434346,com.uc.browser.InnerUCMobile,performCreate,26]
12-21 10:06:36.097 12678 12678 I wm_on_start_called: [0,30434346,com.uc.browser.InnerUCMobile,handleStartActivity,3]
12-21 10:06:36.104 12678 12678 I wm_on_resume_called: [0,30434346,com.uc.browser.InnerUCMobile,RESUME_ACTIVITY,6]
12-21 10:06:36.145 12678 12678 I wm_on_top_resumed_gained_called: [30434346,com.uc.browser.InnerUCMobile,topStateChangedWhenResumed]
12-21 10:06:36.189  3179  3663 I com.miui.home: CheckGCForNative adj_start_bytes: 36158544 NativeAllocationGcWatermark: 10925441 java_gc_start_bytes: 19770383 kNewNativeDiscountFactor: 2 kOldNativeDiscountFactor: 65536 old_native_bytes: 127200325 new_native_bytes: 13386892 add_bytes_allowed: 32776323 is_gc_concurrent: 1 target_footprint_: 20294671 GetBytesAllocated: 16652120 HeapGrowthMultiplier: 3
12-21 10:06:36.189  3179  3663 I com.miui.home: CheckGCForNative gc_urgency 0.645698 current_native_bytes is 140587217
12-21 10:06:36.599  3179 10382 I com.miui.home: CheckGCForNative adj_start_bytes: 36158544 NativeAllocationGcWatermark: 10925441 java_gc_start_bytes: 19770383 kNewNativeDiscountFactor: 2 kOldNativeDiscountFactor: 65536 old_native_bytes: 127200325 new_native_bytes: 24624348 add_bytes_allowed: 32776323 is_gc_concurrent: 1 target_footprint_: 20294671 GetBytesAllocated: 17603096 HeapGrowthMultiplier: 3
12-21 10:06:36.600  3179 10382 I com.miui.home: CheckGCForNative gc_urgency 0.82739 current_native_bytes is 151824673
12-21 10:06:36.601  3179 10382 I com.miui.home: CheckGCForNative adj_start_bytes: 36158544 NativeAllocationGcWatermark: 10925441 java_gc_start_bytes: 19770383 kNewNativeDiscountFactor: 2 kOldNativeDiscountFactor: 65536 old_native_bytes: 127200325 new_native_bytes: 35330908 add_bytes_allowed: 32776323 is_gc_concurrent: 1 target_footprint_: 20294671 GetBytesAllocated: 17619672 HeapGrowthMultiplier: 3
12-21 10:06:36.601  3179 10382 I com.miui.home: CheckGCForNative gc_urgency 0.975898 current_native_bytes is 162531233
12-21 10:06:36.604  3179  3272 I com.miui.home: CheckGCForNative adj_start_bytes: 36158544 NativeAllocationGcWatermark: 10925441 java_gc_start_bytes: 19770383 kNewNativeDiscountFactor: 2 kOldNativeDiscountFactor: 65536 old_native_bytes: 127200325 new_native_bytes: 24627420 add_bytes_allowed: 32776323 is_gc_concurrent: 1 target_footprint_: 20294671 GetBytesAllocated: 17636056 HeapGrowthMultiplier: 3
12-21 10:06:36.604  3179  3272 I com.miui.home: CheckGCForNative gc_urgency 0.828344 current_native_bytes is 151827745
12-21 10:06:36.607  3179 10382 I com.miui.home: CheckGCForNative adj_start_bytes: 36158544 NativeAllocationGcWatermark: 10925441 java_gc_start_bytes: 19770383 kNewNativeDiscountFactor: 2 kOldNativeDiscountFactor: 65536 old_native_bytes: 127200325 new_native_bytes: 35334876 add_bytes_allowed: 32776323 is_gc_concurrent: 1 target_footprint_: 20294671 GetBytesAllocated: 17636056 HeapGrowthMultiplier: 3
12-21 10:06:36.607  3179 10382 I com.miui.home: CheckGCForNative gc_urgency 0.976406 current_native_bytes is 162535201
12-21 10:06:36.874  3179  3312 I com.miui.home: CheckGCForNative adj_start_bytes: 36158544 NativeAllocationGcWatermark: 10925441 java_gc_start_bytes: 19770383 kNewNativeDiscountFactor: 2 kOldNativeDiscountFactor: 65536 old_native_bytes: 127200325 new_native_bytes: 24585860 add_bytes_allowed: 32776323 is_gc_concurrent: 1 target_footprint_: 20294671 GetBytesAllocated: 17767320 HeapGrowthMultiplier: 3
12-21 10:06:36.874  3179  3312 I com.miui.home: CheckGCForNative gc_urgency 0.831399 current_native_bytes is 151786185
12-21 10:06:36.952  3179  3312 I com.miui.home: CheckGCForNative adj_start_bytes: 36158544 NativeAllocationGcWatermark: 10925441 java_gc_start_bytes: 19770383 kNewNativeDiscountFactor: 2 kOldNativeDiscountFactor: 65536 old_native_bytes: 127200325 new_native_bytes: 24592004 add_bytes_allowed: 32776323 is_gc_concurrent: 1 target_footprint_: 20294671 GetBytesAllocated: 17800088 HeapGrowthMultiplier: 3
12-21 10:06:36.952  3179  3312 I com.miui.home: CheckGCForNative gc_urgency 0.832391 current_native_bytes is 151792329
12-21 10:06:37.141  3179  3179 I wm_on_resume_called: [0,60733737,com.miui.home.launcher.Launcher,RESUME_ACTIVITY,3]
12-21 10:06:37.142  3179  3179 I wm_on_idle_called: com.miui.home.launcher.Launcher
12-21 10:06:37.454  3179  3179 I wm_on_paused_called: [0,60733737,com.miui.home.launcher.Launcher,performPause,1]
12-21 10:06:37.459  3179 10951 I com.miui.home: CheckGCForNative adj_start_bytes: 36158544 NativeAllocationGcWatermark: 10925441 java_gc_start_bytes: 19770383 kNewNativeDiscountFactor: 2 kOldNativeDiscountFactor: 65536 old_native_bytes: 127200325 new_native_bytes: 24686544 add_bytes_allowed: 32776323 is_gc_concurrent: 1 target_footprint_: 20294671 GetBytesAllocated: 19148856 HeapGrowthMultiplier: 3
12-21 10:06:37.459  3179 10951 I com.miui.home: CheckGCForNative gc_urgency 0.870999 current_native_bytes is 151886869
12-21 10:06:37.613 12678 12678 I wm_on_top_resumed_lost_called: [30434346,com.uc.browser.InnerUCMobile,topStateChangedWhenResumed]
12-21 10:06:37.653  3179  3663 I com.miui.home: CheckGCForNative adj_start_bytes: 36158544 NativeAllocationGcWatermark: 10925441 java_gc_start_bytes: 19770383 kNewNativeDiscountFactor: 2 kOldNativeDiscountFactor: 65536 old_native_bytes: 127200325 new_native_bytes: 24875888 add_bytes_allowed: 32776323 is_gc_concurrent: 1 target_footprint_: 20294671 GetBytesAllocated: 19698536 HeapGrowthMultiplier: 3
12-21 10:06:37.655  3179  3663 I com.miui.home: CheckGCForNative gc_urgency 0.88882 current_native_bytes is 152076213
12-21 10:06:37.662  3179  3663 I com.miui.home: CheckGCForNative adj_start_bytes: 36158544 NativeAllocationGcWatermark: 10925441 java_gc_start_bytes: 19770383 kNewNativeDiscountFactor: 2 kOldNativeDiscountFactor: 65536 old_native_bytes: 127200325 new_native_bytes: 24882216 add_bytes_allowed: 32776323 is_gc_concurrent: 1 target_footprint_: 20294671 GetBytesAllocated: 19747688 HeapGrowthMultiplier: 3
12-21 10:06:37.662  3179  3663 I com.miui.home: CheckGCForNative gc_urgency 0.890266 current_native_bytes is 152082541
12-21 10:06:37.734  3179  3663 I com.miui.home: CheckGCForNative gc_urgency 0 current_native_bytes is 149080329
12-21 10:06:37.870  3179  3663 I com.miui.home: CheckGCForNative adj_start_bytes: 36321712 NativeAllocationGcWatermark: 10925441 java_gc_start_bytes: 19933551 kNewNativeDiscountFactor: 2 kOldNativeDiscountFactor: 65536 old_native_bytes: 149080329 new_native_bytes: 10569044 add_bytes_allowed: 32776323 is_gc_concurrent: 1 target_footprint_: 20294671 GetBytesAllocated: 10602056 HeapGrowthMultiplier: 3
12-21 10:06:37.870  3179  3663 I com.miui.home: CheckGCForNative gc_urgency 0.437448 current_native_bytes is 159649373
12-21 10:06:37.921  3179  3663 I com.miui.home: CheckGCForNative gc_urgency 0 current_native_bytes is 148958365
12-21 10:06:38.129  3179  3179 I wm_on_stop_called: [0,60733737,com.miui.home.launcher.Launcher,STOP_ACTIVITY_ITEM,2]
12-21 10:06:38.378 13047 13047 I wm_on_create_called: [0,74463565,com.tencent.mtt.SplashActivity,performCreate,95]
12-21 10:06:38.456 13047 13047 I wm_on_create_called: [0,29017267,com.tencent.mtt.MainActivity,performCreate,19]
12-21 10:06:38.460 13047 13047 I wm_on_start_called: [0,29017267,com.tencent.mtt.MainActivity,handleStartActivity,3]
12-21 10:06:38.549  3179  3663 I com.miui.home: CheckGCForNative adj_start_bytes: 36321712 NativeAllocationGcWatermark: 10925441 java_gc_start_bytes: 19933551 kNewNativeDiscountFactor: 2 kOldNativeDiscountFactor: 65536 old_native_bytes: 148958365 new_native_bytes: 419316 add_bytes_allowed: 32776323 is_gc_concurrent: 1 target_footprint_: 20294671 GetBytesAllocated: 11545976 HeapGrowthMultiplier: 3
12-21 10:06:38.549  3179  3663 I com.miui.home: CheckGCForNative gc_urgency 0.323716 current_native_bytes is 149377681
12-21 10:06:39.226  3179  3179 I wm_on_restart_called: [0,60733737,com.miui.home.launcher.Launcher,performRestartActivity,0]
12-21 10:06:39.226  3179  3179 I wm_on_start_called: [0,60733737,com.miui.home.launcher.Launcher,handleStartActivity,1]
12-21 10:06:39.260 13047 13047 I wm_on_destroy_called: [0,74463565,com.tencent.mtt.SplashActivity,performDestroy,1]
12-21 10:06:39.336  3179 10382 I com.miui.home: CheckGCForNative adj_start_bytes: 36321712 NativeAllocationGcWatermark: 10925441 java_gc_start_bytes: 19933551 kNewNativeDiscountFactor: 2 kOldNativeDiscountFactor: 65536 old_native_bytes: 148958365 new_native_bytes: 11525520 add_bytes_allowed: 32776323 is_gc_concurrent: 1 target_footprint_: 20294671 GetBytesAllocated: 12398456 HeapGrowthMultiplier: 3
12-21 10:06:39.336  3179 10382 I com.miui.home: CheckGCForNative gc_urgency 0.500072 current_native_bytes is 160483885
12-21 10:06:39.336  3179 10382 I com.miui.home: CheckGCForNative adj_start_bytes: 36321712 NativeAllocationGcWatermark: 10925441 java_gc_start_bytes: 19933551 kNewNativeDiscountFactor: 2 kOldNativeDiscountFactor: 65536 old_native_bytes: 148958365 new_native_bytes: 22231440 add_bytes_allowed: 32776323 is_gc_concurrent: 1 target_footprint_: 20294671 GetBytesAllocated: 12398648 HeapGrowthMultiplier: 3
12-21 10:06:39.337  3179 10382 I com.miui.home: CheckGCForNative gc_urgency 0.647454 current_native_bytes is 171189805
12-21 10:06:39.373  3179  3312 I com.miui.home: CheckGCForNative adj_start_bytes: 36321712 NativeAllocationGcWatermark: 10925441 java_gc_start_bytes: 19933551 kNewNativeDiscountFactor: 2 kOldNativeDiscountFactor: 65536 old_native_bytes: 148958365 new_native_bytes: 11493072 add_bytes_allowed: 32776323 is_gc_concurrent: 1 target_footprint_: 20294671 GetBytesAllocated: 12464184 HeapGrowthMultiplier: 3
12-21 10:06:39.373  3179  3312 I com.miui.home: CheckGCForNative gc_urgency 0.501435 current_native_bytes is 160451437
12-21 10:06:39.376  3179 10382 I com.miui.home: CheckGCForNative adj_start_bytes: 36321712 NativeAllocationGcWatermark: 10925441 java_gc_start_bytes: 19933551 kNewNativeDiscountFactor: 2 kOldNativeDiscountFactor: 65536 old_native_bytes: 148958365 new_native_bytes: 22202000 add_bytes_allowed: 32776323 is_gc_concurrent: 1 target_footprint_: 20294671 GetBytesAllocated: 12480568 HeapGrowthMultiplier: 3
12-21 10:06:39.376  3179 10382 I com.miui.home: CheckGCForNative gc_urgency 0.649304 current_native_bytes is 171160365
12-21 10:06:39.397 13047 13047 I wm_on_idle_called: com.tencent.mtt.MainActivity
