12-19 20:34:55.362  3137  4157 I com.miui.home: CheckGCForNative adj_start_bytes: 44016311 NativeAllocationGcWatermark: 11732795 java_gc_start_bytes: 26417119 kNewNativeDiscountFactor: 2 kOldNativeDiscountFactor: 65536 old_native_bytes: 123458297 new_native_bytes: 55438244 add_bytes_allowed: 35198385 is_gc_concurrent: 1 target_footprint_: 26753503 GetBytesAllocated: 20120976 HeapGrowthMultiplier: 3
12-19 20:34:55.362  3137  4157 I com.miui.home: CheckGCForNative gc_urgency 1.08691 current_native_bytes is 178896541
12-19 20:34:55.362  3137  4157 I com.miui.home: CheckGCForNative requested 1
12-19 20:34:55.364  3137  4157 I com.miui.home: CheckGCForNative adj_start_bytes: 44016311 NativeAllocationGcWatermark: 11732795 java_gc_start_bytes: 26417119 kNewNativeDiscountFactor: 2 kOldNativeDiscountFactor: 65536 old_native_bytes: 123458297 new_native_bytes: 66144804 add_bytes_allowed: 35198385 is_gc_concurrent: 1 target_footprint_: 26753503 GetBytesAllocated: 20137552 HeapGrowthMultiplier: 3
12-19 20:34:55.364  3137  4157 I com.miui.home: CheckGCForNative gc_urgency 1.20891 current_native_bytes is 189603101
12-19 20:34:55.364  3137  4157 I com.miui.home: CheckGCForNative requested 1
12-19 20:34:55.364  3137  4157 I cccccc  : getTaskThumbnailInfo: 2460 1.0  10705920
12-19 20:34:55.520  3137  3185 I com.miui.home: CheckGCForNative adj_start_bytes: 44016311 NativeAllocationGcWatermark: 11732795 java_gc_start_bytes: 26417119 kNewNativeDiscountFactor: 2 kOldNativeDiscountFactor: 65536 old_native_bytes: 123458297 new_native_bytes: 66178660 add_bytes_allowed: 35198385 is_gc_concurrent: 1 target_footprint_: 26753503 GetBytesAllocated: 20203088 HeapGrowthMultiplier: 3
12-19 20:34:55.520  3137  3185 I com.miui.home: CheckGCForNative gc_urgency 1.21079 current_native_bytes is 189636957
12-19 20:34:55.520  3137  3185 I com.miui.home: CheckGCForNative requested 1
12-19 20:34:55.521  3137  3137 I cccccc  : getTaskThumbnailInfo: 2460 1.0  10705920
12-19 20:34:55.693  3137  3454 I com.miui.home: CheckGCForNative adj_start_bytes: 44016311 NativeAllocationGcWatermark: 11732795 java_gc_start_bytes: 26417119 kNewNativeDiscountFactor: 2 kOldNativeDiscountFactor: 65536 old_native_bytes: 123458297 new_native_bytes: 55484068 add_bytes_allowed: 35198385 is_gc_concurrent: 1 target_footprint_: 26753503 GetBytesAllocated: 20301584 HeapGrowthMultiplier: 3
12-19 20:34:55.693  3137  3454 I com.miui.home: CheckGCForNative gc_urgency 1.09154 current_native_bytes is 178942365
12-19 20:34:55.693  3137  3454 I com.miui.home: CheckGCForNative requested 1
12-19 20:34:56.099  3137  7785 I com.miui.home: CheckGCForNative gc_urgency 0 current_native_bytes is 111466433
12-19 20:34:56.153 11104 11104 I wm_on_application_create_called: [0,com.xiaomi.market,1077]
12-19 20:34:56.180  3137  3492 D cccccc  : onTaskStackChangedBackground
12-19 20:34:56.297  3137  3646 D cccccc  : onTaskStackChangedBackground
12-19 20:34:56.299  3137  3492 D cccccc  : onTaskStackChangedBackground
12-19 20:34:56.304 11226 11226 I wm_on_application_create_called: [0,com.android.settings,253]
12-19 20:34:56.323  3137  3406 I com.miui.home: CheckGCForNative adj_start_bytes: 45621701 NativeAllocationGcWatermark: 11921563 java_gc_start_bytes: 27739357 kNewNativeDiscountFactor: 2 kOldNativeDiscountFactor: 65536 old_native_bytes: 111466433 new_native_bytes: 46916 add_bytes_allowed: 35764689 is_gc_concurrent: 1 target_footprint_: 28263645 GetBytesAllocated: 14755184 HeapGrowthMultiplier: 3
12-19 20:34:56.323  3137  3406 I com.miui.home: CheckGCForNative gc_urgency 0.323976 current_native_bytes is 111513349
12-19 20:34:56.432  3137  3492 D cccccc  : onTaskStackChangedBackground
12-19 20:34:56.432  3137  3492 D cccccc  : onTaskStackChangedBackground
12-19 20:34:56.434  3137  3187 D cccccc  : onTaskStackChangedBackground
12-19 20:34:56.436  3137  3187 D cccccc  : onTaskStackChangedBackground
12-19 20:34:56.494  3137  3648 I com.miui.home: CheckGCForNative adj_start_bytes: 45621701 NativeAllocationGcWatermark: 11921563 java_gc_start_bytes: 27739357 kNewNativeDiscountFactor: 2 kOldNativeDiscountFactor: 65536 old_native_bytes: 111466433 new_native_bytes: 600812 add_bytes_allowed: 35764689 is_gc_concurrent: 1 target_footprint_: 28263645 GetBytesAllocated: 15083136 HeapGrowthMultiplier: 3
12-19 20:34:56.494  3137  3648 I com.miui.home: CheckGCForNative gc_urgency 0.337235 current_native_bytes is 112067245
12-19 20:34:56.587  3137  3648 I com.miui.home: CheckGCForNative adj_start_bytes: 45621701 NativeAllocationGcWatermark: 11921563 java_gc_start_bytes: 27739357 kNewNativeDiscountFactor: 2 kOldNativeDiscountFactor: 65536 old_native_bytes: 111466433 new_native_bytes: 1299804 add_bytes_allowed: 35764689 is_gc_concurrent: 1 target_footprint_: 28263645 GetBytesAllocated: 15197824 HeapGrowthMultiplier: 3
12-19 20:34:56.587  3137  3648 I com.miui.home: CheckGCForNative gc_urgency 0.34741 current_native_bytes is 112766237
12-19 20:34:56.614  3137  3648 I com.miui.home: CheckGCForNative adj_start_bytes: 45621701 NativeAllocationGcWatermark: 11921563 java_gc_start_bytes: 27739357 kNewNativeDiscountFactor: 2 kOldNativeDiscountFactor: 65536 old_native_bytes: 111466433 new_native_bytes: 1677972 add_bytes_allowed: 35764689 is_gc_concurrent: 1 target_footprint_: 28263645 GetBytesAllocated: 15263536 HeapGrowthMultiplier: 3
12-19 20:34:56.614  3137  3648 I com.miui.home: CheckGCForNative gc_urgency 0.352995 current_native_bytes is 113144405
12-19 20:34:56.628  3137  3648 I com.miui.home: CheckGCForNative adj_start_bytes: 45621701 NativeAllocationGcWatermark: 11921563 java_gc_start_bytes: 27739357 kNewNativeDiscountFactor: 2 kOldNativeDiscountFactor: 65536 old_native_bytes: 111466433 new_native_bytes: 2074516 add_bytes_allowed: 35764689 is_gc_concurrent: 1 target_footprint_: 28263645 GetBytesAllocated: 15296304 HeapGrowthMultiplier: 3
12-19 20:34:56.628  3137  3648 I com.miui.home: CheckGCForNative gc_urgency 0.358059 current_native_bytes is 113540949
12-19 20:34:56.660  3137  3648 I com.miui.home: CheckGCForNative adj_start_bytes: 45621701 NativeAllocationGcWatermark: 11921563 java_gc_start_bytes: 27739357 kNewNativeDiscountFactor: 2 kOldNativeDiscountFactor: 65536 old_native_bytes: 111466433 new_native_bytes: 2632404 add_bytes_allowed: 35764689 is_gc_concurrent: 1 target_footprint_: 28263645 GetBytesAllocated: 15345632 HeapGrowthMultiplier: 3
12-19 20:34:56.660  3137  3648 I com.miui.home: CheckGCForNative gc_urgency 0.365255 current_native_bytes is 114098837
12-19 20:34:56.680  3137  3648 I com.miui.home: CheckGCForNative adj_start_bytes: 45621701 NativeAllocationGcWatermark: 11921563 java_gc_start_bytes: 27739357 kNewNativeDiscountFactor: 2 kOldNativeDiscountFactor: 65536 old_native_bytes: 111466433 new_native_bytes: 3153300 add_bytes_allowed: 35764689 is_gc_concurrent: 1 target_footprint_: 28263645 GetBytesAllocated: 15394960 HeapGrowthMultiplier: 3
12-19 20:34:56.680  3137  3648 I com.miui.home: CheckGCForNative gc_urgency 0.372045 current_native_bytes is 114619733
12-19 20:34:56.706  3137  3648 I com.miui.home: CheckGCForNative adj_start_bytes: 45621701 NativeAllocationGcWatermark: 11921563 java_gc_start_bytes: 27739357 kNewNativeDiscountFactor: 2 kOldNativeDiscountFactor: 65536 old_native_bytes: 111466433 new_native_bytes: 3549620 add_bytes_allowed: 35764689 is_gc_concurrent: 1 target_footprint_: 28263645 GetBytesAllocated: 15427728 HeapGrowthMultiplier: 3
12-19 20:34:56.706  3137  3648 I com.miui.home: CheckGCForNative gc_urgency 0.377106 current_native_bytes is 115016053
12-19 20:34:56.890  3137  3648 I com.miui.home: CheckGCForNative adj_start_bytes: 45621701 NativeAllocationGcWatermark: 11921563 java_gc_start_bytes: 27739357 kNewNativeDiscountFactor: 2 kOldNativeDiscountFactor: 65536 old_native_bytes: 111466433 new_native_bytes: 5570832 add_bytes_allowed: 35764689 is_gc_concurrent: 1 target_footprint_: 28263645 GetBytesAllocated: 15642112 HeapGrowthMultiplier: 3
12-19 20:34:56.890  3137  3648 I com.miui.home: CheckGCForNative gc_urgency 0.403958 current_native_bytes is 117037265
12-19 20:34:56.914  3137  3648 I com.miui.home: CheckGCForNative adj_start_bytes: 45621701 NativeAllocationGcWatermark: 11921563 java_gc_start_bytes: 27739357 kNewNativeDiscountFactor: 2 kOldNativeDiscountFactor: 65536 old_native_bytes: 111466433 new_native_bytes: 5826816 add_bytes_allowed: 35764689 is_gc_concurrent: 1 target_footprint_: 28263645 GetBytesAllocated: 15658624 HeapGrowthMultiplier: 3
12-19 20:34:56.915  3137  3648 I com.miui.home: CheckGCForNative gc_urgency 0.407125 current_native_bytes is 117293249
12-19 20:34:56.958  3137  3648 I com.miui.home: CheckGCForNative adj_start_bytes: 45621701 NativeAllocationGcWatermark: 11921563 java_gc_start_bytes: 27739357 kNewNativeDiscountFactor: 2 kOldNativeDiscountFactor: 65536 old_native_bytes: 111466433 new_native_bytes: 6730984 add_bytes_allowed: 35764689 is_gc_concurrent: 1 target_footprint_: 28263645 GetBytesAllocated: 15773728 HeapGrowthMultiplier: 3
12-19 20:34:56.958  3137  3648 I com.miui.home: CheckGCForNative gc_urgency 0.419557 current_native_bytes is 118197417
12-19 20:34:56.962  3137  3648 I com.miui.home: CheckGCForNative adj_start_bytes: 45621701 NativeAllocationGcWatermark: 11921563 java_gc_start_bytes: 27739357 kNewNativeDiscountFactor: 2 kOldNativeDiscountFactor: 65536 old_native_bytes: 111466433 new_native_bytes: 7116168 add_bytes_allowed: 35764689 is_gc_concurrent: 1 target_footprint_: 28263645 GetBytesAllocated: 15773728 HeapGrowthMultiplier: 3
12-19 20:34:56.962  3137  3648 I com.miui.home: CheckGCForNative gc_urgency 0.423779 current_native_bytes is 118582601
12-19 20:34:56.972  3137  4157 D cccccc  : onTaskStackChangedBackground
12-19 20:34:56.973  3137  3646 D cccccc  : onTaskStackChangedBackground
12-19 20:34:56.974  3137  4157 D cccccc  : onTaskStackChangedBackground
12-19 20:34:57.187  3137  3648 I com.miui.home: CheckGCForNative adj_start_bytes: 45621701 NativeAllocationGcWatermark: 11921563 java_gc_start_bytes: 27739357 kNewNativeDiscountFactor: 2 kOldNativeDiscountFactor: 65536 old_native_bytes: 111466433 new_native_bytes: 8945728 add_bytes_allowed: 35764689 is_gc_concurrent: 1 target_footprint_: 28263645 GetBytesAllocated: 15937888 HeapGrowthMultiplier: 3
12-19 20:34:57.187  3137  3648 I com.miui.home: CheckGCForNative gc_urgency 0.447429 current_native_bytes is 120412161
12-19 20:34:57.213  3137  3648 I com.miui.home: CheckGCForNative adj_start_bytes: 45621701 NativeAllocationGcWatermark: 11921563 java_gc_start_bytes: 27739357 kNewNativeDiscountFactor: 2 kOldNativeDiscountFactor: 65536 old_native_bytes: 111466433 new_native_bytes: 9349440 add_bytes_allowed: 35764689 is_gc_concurrent: 1 target_footprint_: 28263645 GetBytesAllocated: 15937888 HeapGrowthMultiplier: 3
12-19 20:34:57.213  3137  3648 I com.miui.home: CheckGCForNative gc_urgency 0.451853 current_native_bytes is 120815873
12-19 20:34:57.222  3137  3648 I com.miui.home: CheckGCForNative adj_start_bytes: 45621701 NativeAllocationGcWatermark: 11921563 java_gc_start_bytes: 27739357 kNewNativeDiscountFactor: 2 kOldNativeDiscountFactor: 65536 old_native_bytes: 111466433 new_native_bytes: 9453568 add_bytes_allowed: 35764689 is_gc_concurrent: 1 target_footprint_: 28263645 GetBytesAllocated: 15954272 HeapGrowthMultiplier: 3
12-19 20:34:57.222  3137  3648 I com.miui.home: CheckGCForNative gc_urgency 0.453353 current_native_bytes is 120920001
12-19 20:34:57.247  3137  3648 I com.miui.home: CheckGCForNative adj_start_bytes: 45621701 NativeAllocationGcWatermark: 11921563 java_gc_start_bytes: 27739357 kNewNativeDiscountFactor: 2 kOldNativeDiscountFactor: 65536 old_native_bytes: 111466433 new_native_bytes: 10467744 add_bytes_allowed: 35764689 is_gc_concurrent: 1 target_footprint_: 28263645 GetBytesAllocated: 15987104 HeapGrowthMultiplier: 3
12-19 20:34:57.247  3137  3648 I com.miui.home: CheckGCForNative gc_urgency 0.465188 current_native_bytes is 121934177
12-19 20:34:57.419  3137  3648 I com.miui.home: CheckGCForNative adj_start_bytes: 45621701 NativeAllocationGcWatermark: 11921563 java_gc_start_bytes: 27739357 kNewNativeDiscountFactor: 2 kOldNativeDiscountFactor: 65536 old_native_bytes: 111466433 new_native_bytes: 11295452 add_bytes_allowed: 35764689 is_gc_concurrent: 1 target_footprint_: 28263645 GetBytesAllocated: 16414480 HeapGrowthMultiplier: 3
12-19 20:34:57.419  3137  3648 I com.miui.home: CheckGCForNative gc_urgency 0.483627 current_native_bytes is 122761885
12-19 20:34:57.423  3137  3648 I cccccc  : getTaskSnapshotInstance: 405
12-19 20:34:57.424  3137  3648 I cccccc  : getTaskSnapshotInstance: 404
12-19 20:34:57.425  3137  3648 I com.miui.home: CheckGCForNative adj_start_bytes: 45621701 NativeAllocationGcWatermark: 11921563 java_gc_start_bytes: 27739357 kNewNativeDiscountFactor: 2 kOldNativeDiscountFactor: 65536 old_native_bytes: 111466433 new_native_bytes: 22146844 add_bytes_allowed: 35764689 is_gc_concurrent: 1 target_footprint_: 28263645 GetBytesAllocated: 16447248 HeapGrowthMultiplier: 3
12-19 20:34:57.425  3137  3648 I com.miui.home: CheckGCForNative gc_urgency 0.603274 current_native_bytes is 133613277
12-19 20:34:57.425  3137  3648 I cccccc  : getTaskThumbnailInfo: 2460 1.0  10705920
12-19 20:34:57.633 11599 11599 I wm_on_create_called: [0,44993850,com.tencent.mobileqq.activity.SplashActivity,performCreate,94]
12-19 20:34:57.640 11599 11599 I wm_on_start_called: [0,44993850,com.tencent.mobileqq.activity.SplashActivity,handleStartActivity,3]
12-19 20:34:57.673 11599 11599 I wm_on_resume_called: [0,44993850,com.tencent.mobileqq.activity.SplashActivity,RESUME_ACTIVITY,33]
12-19 20:34:57.702 11599 11599 I wm_on_top_resumed_gained_called: [44993850,com.tencent.mobileqq.activity.SplashActivity,topStateChangedWhenResumed]
12-19 20:34:57.703  3137  3458 I com.miui.home: CheckGCForNative adj_start_bytes: 45621701 NativeAllocationGcWatermark: 11921563 java_gc_start_bytes: 27739357 kNewNativeDiscountFactor: 2 kOldNativeDiscountFactor: 65536 old_native_bytes: 111466433 new_native_bytes: 11529052 add_bytes_allowed: 35764689 is_gc_concurrent: 1 target_footprint_: 28263645 GetBytesAllocated: 16611424 HeapGrowthMultiplier: 3
12-19 20:34:57.703  3137  3458 I com.miui.home: CheckGCForNative gc_urgency 0.490505 current_native_bytes is 122995485
12-19 20:34:57.959 11599 11599 I wm_on_idle_called: com.tencent.mobileqq.activity.SplashActivity
12-19 20:34:57.983  3137  3137 I wm_on_stop_called: [0,259069323,com.miui.home.launcher.Launcher,STOP_ACTIVITY_ITEM,3]
12-19 20:34:58.060 11599 11599 I wm_on_top_resumed_lost_called: [44993850,com.tencent.mobileqq.activity.SplashActivity,topStateChangedWhenResumed]
12-19 20:34:58.061 11599 11599 I wm_on_paused_called: [0,44993850,com.tencent.mobileqq.activity.SplashActivity,performPause,1]
12-19 20:34:58.121 11599 11599 I wm_on_create_called: [0,88237617,com.tencent.mobileqq.activity.LoginActivity,performCreate,39]
12-19 20:34:58.157 11599 11599 I wm_on_start_called: [0,88237617,com.tencent.mobileqq.activity.LoginActivity,handleStartActivity,36]
12-19 20:34:58.161 11599 11599 I wm_on_resume_called: [0,88237617,com.tencent.mobileqq.activity.LoginActivity,RESUME_ACTIVITY,4]
12-19 20:34:58.170 11599 11599 I wm_on_top_resumed_gained_called: [88237617,com.tencent.mobileqq.activity.LoginActivity,topStateChangedWhenResumed]
12-19 20:34:58.175  3137  4157 D cccccc  : onTaskStackChangedBackground
12-19 20:34:58.176  3137  3187 D cccccc  : onTaskStackChangedBackground
12-19 20:34:58.177  3137  3646 D cccccc  : onTaskStackChangedBackground
12-19 20:34:58.255  3137  3648 I com.miui.home: CheckGCForNative adj_start_bytes: 45621701 NativeAllocationGcWatermark: 11921563 java_gc_start_bytes: 27739357 kNewNativeDiscountFactor: 2 kOldNativeDiscountFactor: 65536 old_native_bytes: 111466433 new_native_bytes: 11768316 add_bytes_allowed: 35764689 is_gc_concurrent: 1 target_footprint_: 28263645 GetBytesAllocated: 17005792 HeapGrowthMultiplier: 3
12-19 20:34:58.255  3137  3648 I com.miui.home: CheckGCForNative gc_urgency 0.501771 current_native_bytes is 123234749
12-19 20:34:58.272 11599 11599 I wm_on_idle_called: com.tencent.mobileqq.activity.LoginActivity
12-19 20:34:58.299  3137  3648 I cccccc  : getTaskSnapshotInstance: 405
12-19 20:34:58.769  3137  3137 I wm_on_restart_called: [0,259069323,com.miui.home.launcher.Launcher,performRestartActivity,0]
12-19 20:34:58.770  3137  3137 I wm_on_start_called: [0,259069323,com.miui.home.launcher.Launcher,handleStartActivity,1]
12-19 20:34:58.770  3137  3362 I com.miui.home: CheckGCForNative adj_start_bytes: 45621701 NativeAllocationGcWatermark: 11921563 java_gc_start_bytes: 27739357 kNewNativeDiscountFactor: 2 kOldNativeDiscountFactor: 65536 old_native_bytes: 111466433 new_native_bytes: 11957656 add_bytes_allowed: 35764689 is_gc_concurrent: 1 target_footprint_: 28263645 GetBytesAllocated: 17661408 HeapGrowthMultiplier: 3
12-19 20:34:58.770  3137  3362 I com.miui.home: CheckGCForNative gc_urgency 0.518217 current_native_bytes is 123424089
12-19 20:34:58.847  3137  3646 I com.miui.home: CheckGCForNative adj_start_bytes: 45621701 NativeAllocationGcWatermark: 11921563 java_gc_start_bytes: 27739357 kNewNativeDiscountFactor: 2 kOldNativeDiscountFactor: 65536 old_native_bytes: 111466433 new_native_bytes: 22696920 add_bytes_allowed: 35764689 is_gc_concurrent: 1 target_footprint_: 28263645 GetBytesAllocated: 17874560 HeapGrowthMultiplier: 3
12-19 20:34:58.847  3137  3646 I com.miui.home: CheckGCForNative gc_urgency 0.640588 current_native_bytes is 134163353
12-19 20:34:58.847  3137  3646 I com.miui.home: CheckGCForNative adj_start_bytes: 45621701 NativeAllocationGcWatermark: 11921563 java_gc_start_bytes: 27739357 kNewNativeDiscountFactor: 2 kOldNativeDiscountFactor: 65536 old_native_bytes: 111466433 new_native_bytes: 33402840 add_bytes_allowed: 35764689 is_gc_concurrent: 1 target_footprint_: 28263645 GetBytesAllocated: 17891136 HeapGrowthMultiplier: 3
12-19 20:34:58.847  3137  3646 I com.miui.home: CheckGCForNative gc_urgency 0.758285 current_native_bytes is 144869273
12-19 20:34:58.847  3137  3646 I cccccc  : getTaskThumbnailInfo: 2460 1.0  10705920
12-19 20:34:58.861  3137  3646 I com.miui.home: CheckGCForNative adj_start_bytes: 45621701 NativeAllocationGcWatermark: 11921563 java_gc_start_bytes: 27739357 kNewNativeDiscountFactor: 2 kOldNativeDiscountFactor: 65536 old_native_bytes: 111466433 new_native_bytes: 33393816 add_bytes_allowed: 35764689 is_gc_concurrent: 1 target_footprint_: 28263645 GetBytesAllocated: 17907520 HeapGrowthMultiplier: 3
12-19 20:34:58.861  3137  3646 I com.miui.home: CheckGCForNative gc_urgency 0.758545 current_native_bytes is 144860249
12-19 20:34:58.862  3137  3137 I cccccc  : getTaskThumbnailInfo: 2460 1.0  10705920
12-19 20:34:58.927 11599 11599 I wm_on_stop_called: [0,44993850,com.tencent.mobileqq.activity.SplashActivity,LIFECYCLER_STOP_ACTIVITY,1]
12-19 20:34:58.934 11599 11599 I wm_on_destroy_called: [0,44993850,com.tencent.mobileqq.activity.SplashActivity,performDestroy,7]
12-19 20:34:58.939  3137  3137 I wm_on_stop_called: [0,259069323,com.miui.home.launcher.Launcher,STOP_ACTIVITY_ITEM,4]
12-19 20:35:00.012  3137  3137 I wm_on_restart_called: [0,259069323,com.miui.home.launcher.Launcher,performRestartActivity,0]
12-19 20:35:00.014  3137  3137 I wm_on_start_called: [0,259069323,com.miui.home.launcher.Launcher,handleStartActivity,1]
12-19 20:35:00.092  3137  3646 I com.miui.home: CheckGCForNative adj_start_bytes: 45621701 NativeAllocationGcWatermark: 11921563 java_gc_start_bytes: 27739357 kNewNativeDiscountFactor: 2 kOldNativeDiscountFactor: 65536 old_native_bytes: 111466433 new_native_bytes: 33334936 add_bytes_allowed: 35764689 is_gc_concurrent: 1 target_footprint_: 28263645 GetBytesAllocated: 18547232 HeapGrowthMultiplier: 3
12-19 20:35:00.092  3137  3646 I com.miui.home: CheckGCForNative gc_urgency 0.771922 current_native_bytes is 144801369
12-19 20:35:00.092  3137  3646 I com.miui.home: CheckGCForNative adj_start_bytes: 45621701 NativeAllocationGcWatermark: 11921563 java_gc_start_bytes: 27739357 kNewNativeDiscountFactor: 2 kOldNativeDiscountFactor: 65536 old_native_bytes: 111466433 new_native_bytes: 44040856 add_bytes_allowed: 35764689 is_gc_concurrent: 1 target_footprint_: 28263645 GetBytesAllocated: 18547424 HeapGrowthMultiplier: 3
12-19 20:35:00.092  3137  3646 I com.miui.home: CheckGCForNative gc_urgency 0.88926 current_native_bytes is 155507289
12-19 20:35:00.092  3137  3646 I cccccc  : getTaskThumbnailInfo: 2460 1.0  10705920
12-19 20:35:00.188  3137  3646 I com.miui.home: CheckGCForNative adj_start_bytes: 45621701 NativeAllocationGcWatermark: 11921563 java_gc_start_bytes: 27739357 kNewNativeDiscountFactor: 2 kOldNativeDiscountFactor: 65536 old_native_bytes: 111466433 new_native_bytes: 43867000 add_bytes_allowed: 35764689 is_gc_concurrent: 1 target_footprint_: 28263645 GetBytesAllocated: 18563904 HeapGrowthMultiplier: 3
12-19 20:35:00.188  3137  3646 I com.miui.home: CheckGCForNative gc_urgency 0.887716 current_native_bytes is 155333433
12-19 20:35:00.193  3137  3137 I cccccc  : getTaskThumbnailInfo: 2460 1.0  10705920
12-19 20:35:00.201  3137  3137 I wm_on_stop_called: [0,259069323,com.miui.home.launcher.Launcher,STOP_ACTIVITY_ITEM,5]
12-19 20:35:00.639 10529 10529 I wm_on_top_resumed_lost_called: [246936142,com.tencent.qqlive.ona.activity.SplashHomeActivity,topStateChangedWhenResumed]
12-19 20:35:01.386  3137  3137 I wm_on_restart_called: [0,259069323,com.miui.home.launcher.Launcher,performRestartActivity,0]
12-19 20:35:01.387  3137  3137 I wm_on_start_called: [0,259069323,com.miui.home.launcher.Launcher,handleStartActivity,2]
12-19 20:35:01.439  3137  4157 I com.miui.home: CheckGCForNative adj_start_bytes: 45621701 NativeAllocationGcWatermark: 11921563 java_gc_start_bytes: 27739357 kNewNativeDiscountFactor: 2 kOldNativeDiscountFactor: 65536 old_native_bytes: 111466433 new_native_bytes: 43896768 add_bytes_allowed: 35764689 is_gc_concurrent: 1 target_footprint_: 28263645 GetBytesAllocated: 19187152 HeapGrowthMultiplier: 3
12-19 20:35:01.444  3137  4157 I com.miui.home: CheckGCForNative gc_urgency 0.901703 current_native_bytes is 155363201
12-19 20:35:01.445  3137  3646 I com.miui.home: CheckGCForNative adj_start_bytes: 45621701 NativeAllocationGcWatermark: 11921563 java_gc_start_bytes: 27739357 kNewNativeDiscountFactor: 2 kOldNativeDiscountFactor: 65536 old_native_bytes: 111466433 new_native_bytes: 54602688 add_bytes_allowed: 35764689 is_gc_concurrent: 1 target_footprint_: 28263645 GetBytesAllocated: 19187344 HeapGrowthMultiplier: 3
12-19 20:35:01.445  3137  3646 I com.miui.home: CheckGCForNative gc_urgency 1.01904 current_native_bytes is 166069121
12-19 20:35:01.445  3137  3646 I com.miui.home: CheckGCForNative requested 1
12-19 20:35:01.445  3137  3137 I com.miui.home: CheckGCForNative adj_start_bytes: 45621701 NativeAllocationGcWatermark: 11921563 java_gc_start_bytes: 27739357 kNewNativeDiscountFactor: 2 kOldNativeDiscountFactor: 65536 old_native_bytes: 111466433 new_native_bytes: 65309056 add_bytes_allowed: 35764689 is_gc_concurrent: 1 target_footprint_: 28263645 GetBytesAllocated: 19203920 HeapGrowthMultiplier: 3
12-19 20:35:01.445  3137  3137 I com.miui.home: CheckGCForNative gc_urgency 1.13674 current_native_bytes is 176775489
12-19 20:35:01.445  3137  3137 I com.miui.home: CheckGCForNative requested 1
12-19 20:35:01.445  3137  3137 I cccccc  : getTaskThumbnailInfo: 2460 1.0  10705920
12-19 20:35:01.445  3137  3646 I cccccc  : getTaskThumbnailInfo: 2460 1.0  10705920
12-19 20:35:01.460  3137  3454 I com.miui.home: CheckGCForNative adj_start_bytes: 45621701 NativeAllocationGcWatermark: 11921563 java_gc_start_bytes: 27739357 kNewNativeDiscountFactor: 2 kOldNativeDiscountFactor: 65536 old_native_bytes: 111466433 new_native_bytes: 43901568 add_bytes_allowed: 35764689 is_gc_concurrent: 1 target_footprint_: 28263645 GetBytesAllocated: 19236688 HeapGrowthMultiplier: 3
12-19 20:35:01.460  3137  3454 I com.miui.home: CheckGCForNative gc_urgency 0.902842 current_native_bytes is 155368001
12-19 20:35:01.580  3137  3168 I com.miui.home: NativeAlloc concurrent copying GC freed 95110(5419KB) AllocSpace objects, 16(384KB) LOS objects, 49% free, 12MB/25MB, paused 59us,32us total 134.602ms
12-19 20:35:01.599 10529 10529 I wm_on_paused_called: [0,246936142,com.tencent.qqlive.ona.activity.SplashHomeActivity,performPause,945]
12-19 20:35:01.838  3137  3454 I com.miui.home: CheckGCForNative gc_urgency 0 current_native_bytes is 112880341
12-19 20:35:01.955 11599 11599 I wm_on_top_resumed_lost_called: [88237617,com.tencent.mobileqq.activity.LoginActivity,topStateChangedWhenResumed]
12-19 20:35:01.969  3137  3137 I wm_on_resume_called: [0,259069323,com.miui.home.launcher.Launcher,RESUME_ACTIVITY,4]
12-19 20:35:01.971  3137  3137 I wm_on_idle_called: com.miui.home.launcher.Launcher
12-19 20:35:01.981  3137  3137 I com.miui.home: CheckGCForNative adj_start_bytes: 44180372 NativeAllocationGcWatermark: 11728453 java_gc_start_bytes: 26587693 kNewNativeDiscountFactor: 2 kOldNativeDiscountFactor: 65536 old_native_bytes: 112880341 new_native_bytes: 163968 add_bytes_allowed: 35185359 is_gc_concurrent: 1 target_footprint_: 26718765 GetBytesAllocated: 13769752 HeapGrowthMultiplier: 3
12-19 20:35:01.981  3137  3137 I com.miui.home: CheckGCForNative gc_urgency 0.313566 current_native_bytes is 113044309
12-19 20:35:01.994 11599 11599 I wm_on_paused_called: [0,88237617,com.tencent.mobileqq.activity.LoginActivity,performPause,3]
12-19 20:35:02.004  3137  3137 I wm_on_top_resumed_gained_called: [259069323,com.miui.home.launcher.Launcher,topStateChangedWhenResumed]
12-19 20:35:02.046 11599 11599 I wm_on_stop_called: [0,88237617,com.tencent.mobileqq.activity.LoginActivity,STOP_ACTIVITY_ITEM,43]
12-19 20:35:02.087  3137  3646 D cccccc  : onTaskStackChangedBackground
12-19 20:35:02.090  3137  3187 D cccccc  : onTaskStackChangedBackground
12-19 20:35:02.090  3137  3646 D cccccc  : onTaskStackChangedBackground
12-19 20:35:02.176  3137  3648 I com.miui.home: CheckGCForNative adj_start_bytes: 44180372 NativeAllocationGcWatermark: 11728453 java_gc_start_bytes: 26587693 kNewNativeDiscountFactor: 2 kOldNativeDiscountFactor: 65536 old_native_bytes: 112880341 new_native_bytes: 1450460 add_bytes_allowed: 35185359 is_gc_concurrent: 1 target_footprint_: 26718765 GetBytesAllocated: 14900888 HeapGrowthMultiplier: 3
12-19 20:35:02.177  3137  3648 I com.miui.home: CheckGCForNative gc_urgency 0.353728 current_native_bytes is 114330801
12-19 20:35:02.218  3137  3648 I com.miui.home: CheckGCForNative adj_start_bytes: 44180372 NativeAllocationGcWatermark: 11728453 java_gc_start_bytes: 26587693 kNewNativeDiscountFactor: 2 kOldNativeDiscountFactor: 65536 old_native_bytes: 112880341 new_native_bytes: 4404652 add_bytes_allowed: 35185359 is_gc_concurrent: 1 target_footprint_: 26718765 GetBytesAllocated: 15114200 HeapGrowthMultiplier: 3
12-19 20:35:02.218  3137  3648 I com.miui.home: CheckGCForNative gc_urgency 0.39199 current_native_bytes is 117284993
12-19 20:35:02.219  3137  3648 I cccccc  : getTaskSnapshotInstance: 405
12-19 20:35:02.220  3137  3648 I com.miui.home: CheckGCForNative adj_start_bytes: 44180372 NativeAllocationGcWatermark: 11728453 java_gc_start_bytes: 26587693 kNewNativeDiscountFactor: 2 kOldNativeDiscountFactor: 65536 old_native_bytes: 112880341 new_native_bytes: 15111788 add_bytes_allowed: 35185359 is_gc_concurrent: 1 target_footprint_: 26718765 GetBytesAllocated: 15114200 HeapGrowthMultiplier: 3
12-19 20:35:02.220  3137  3648 I com.miui.home: CheckGCForNative gc_urgency 0.513165 current_native_bytes is 127992129
12-19 20:35:02.220  3137  3648 I cccccc  : getTaskThumbnailInfo: 2460 1.0  10705920
12-19 20:35:02.235  3137  3648 I com.miui.home: CheckGCForNative adj_start_bytes: 44180372 NativeAllocationGcWatermark: 11728453 java_gc_start_bytes: 26587693 kNewNativeDiscountFactor: 2 kOldNativeDiscountFactor: 65536 old_native_bytes: 112880341 new_native_bytes: 4513036 add_bytes_allowed: 35185359 is_gc_concurrent: 1 target_footprint_: 26718765 GetBytesAllocated: 15327800 HeapGrowthMultiplier: 3
12-19 20:35:02.235  3137  3648 I com.miui.home: CheckGCForNative gc_urgency 0.398051 current_native_bytes is 117393377
12-19 20:35:02.541  3137  3137 I wm_on_top_resumed_lost_called: [259069323,com.miui.home.launcher.Launcher,topStateChangedWhenResumed]
12-19 20:35:02.547  3137  3137 I wm_on_paused_called: [0,259069323,com.miui.home.launcher.Launcher,performPause,2]
12-19 20:35:02.588  3137  3187 D cccccc  : onTaskStackChangedBackground
12-19 20:35:02.589  3137  3646 D cccccc  : onTaskStackChangedBackground
12-19 20:35:02.590  3137  4157 D cccccc  : onTaskStackChangedBackground
12-19 20:35:02.590  3137  3187 D cccccc  : onTaskStackChangedBackground
12-19 20:35:02.666  3137  3492 D cccccc  : onTaskStackChangedBackground
12-19 20:35:02.679  3137  3187 D cccccc  : onTaskStackChangedBackground
12-19 20:35:02.680  3137  3492 D cccccc  : onTaskStackChangedBackground
12-19 20:35:02.690  3137  3648 I com.miui.home: CheckGCForNative adj_start_bytes: 44180372 NativeAllocationGcWatermark: 11728453 java_gc_start_bytes: 26587693 kNewNativeDiscountFactor: 2 kOldNativeDiscountFactor: 65536 old_native_bytes: 112880341 new_native_bytes: 4841084 add_bytes_allowed: 35185359 is_gc_concurrent: 1 target_footprint_: 26718765 GetBytesAllocated: 16303208 HeapGrowthMultiplier: 3
12-19 20:35:02.690  3137  3648 I com.miui.home: CheckGCForNative gc_urgency 0.423841 current_native_bytes is 117721425
12-19 20:35:02.728  3137  3648 I cccccc  : getTaskSnapshotInstance: 406
12-19 20:35:02.753  3137  3648 I com.miui.home: CheckGCForNative adj_start_bytes: 44180372 NativeAllocationGcWatermark: 11728453 java_gc_start_bytes: 26587693 kNewNativeDiscountFactor: 2 kOldNativeDiscountFactor: 65536 old_native_bytes: 112880341 new_native_bytes: 5003992 add_bytes_allowed: 35185359 is_gc_concurrent: 1 target_footprint_: 26718765 GetBytesAllocated: 16778904 HeapGrowthMultiplier: 3
12-19 20:35:02.753  3137  3648 I com.miui.home: CheckGCForNative gc_urgency 0.436452 current_native_bytes is 117884333
12-19 20:35:02.805  3137  3648 I com.miui.home: CheckGCForNative adj_start_bytes: 44180372 NativeAllocationGcWatermark: 11728453 java_gc_start_bytes: 26587693 kNewNativeDiscountFactor: 2 kOldNativeDiscountFactor: 65536 old_native_bytes: 112880341 new_native_bytes: 5071756 add_bytes_allowed: 35185359 is_gc_concurrent: 1 target_footprint_: 26718765 GetBytesAllocated: 16975512 HeapGrowthMultiplier: 3
12-19 20:35:02.805  3137  3648 I com.miui.home: CheckGCForNative gc_urgency 0.441669 current_native_bytes is 117952097
12-19 20:35:02.834  3137  3648 I cccccc  : getTaskSnapshotInstance: 406
12-19 20:35:03.844 12155 12155 I wm_on_application_create_called: [0,com.dragon.read,710]
12-19 20:35:03.948 12155 12155 I wm_on_create_called: [0,103179644,com.dragon.read.pages.splash.SplashActivity,performCreate,67]
12-19 20:35:04.053 12155 12155 I wm_on_start_called: [0,103179644,com.dragon.read.pages.splash.SplashActivity,handleStartActivity,102]
12-19 20:35:04.123 12155 12155 I wm_on_resume_called: [0,103179644,com.dragon.read.pages.splash.SplashActivity,RESUME_ACTIVITY,69]
12-19 20:35:04.125 12155 12155 I wm_on_top_resumed_gained_called: [103179644,com.dragon.read.pages.splash.SplashActivity,topStateChangedWhenResumed]
12-19 20:35:04.211 12155 12155 I wm_on_top_resumed_lost_called: [103179644,com.dragon.read.pages.splash.SplashActivity,topStateChangedWhenResumed]
12-19 20:35:04.244 12155 12155 I wm_on_paused_called: [0,103179644,com.dragon.read.pages.splash.SplashActivity,performPause,32]
12-19 20:35:04.353  3137  4157 D cccccc  : onTaskStackChangedBackground
12-19 20:35:04.355  3137  3187 D cccccc  : onTaskStackChangedBackground
12-19 20:35:04.356  3137  3646 D cccccc  : onTaskStackChangedBackground
12-19 20:35:04.389  3137  3648 I com.miui.home: CheckGCForNative adj_start_bytes: 44180372 NativeAllocationGcWatermark: 11728453 java_gc_start_bytes: 26587693 kNewNativeDiscountFactor: 2 kOldNativeDiscountFactor: 65536 old_native_bytes: 112880341 new_native_bytes: 5105232 add_bytes_allowed: 35185359 is_gc_concurrent: 1 target_footprint_: 26718765 GetBytesAllocated: 17500696 HeapGrowthMultiplier: 3
12-19 20:35:04.389  3137  3648 I com.miui.home: CheckGCForNative gc_urgency 0.453935 current_native_bytes is 117985573
12-19 20:35:04.399  3137  3648 I cccccc  : getTaskSnapshotInstance: 406
12-19 20:35:04.428  3137  3648 I com.miui.home: CheckGCForNative adj_start_bytes: 44180372 NativeAllocationGcWatermark: 11728453 java_gc_start_bytes: 26587693 kNewNativeDiscountFactor: 2 kOldNativeDiscountFactor: 65536 old_native_bytes: 112880341 new_native_bytes: 5467268 add_bytes_allowed: 35185359 is_gc_concurrent: 1 target_footprint_: 26718765 GetBytesAllocated: 17910776 HeapGrowthMultiplier: 3
12-19 20:35:04.428  3137  3648 I com.miui.home: CheckGCForNative gc_urgency 0.467315 current_native_bytes is 118347609
12-19 20:35:04.442  3137  3648 I cccccc  : getTaskSnapshotInstance: 406
12-19 20:35:04.492 12155 12155 I wm_on_create_called: [0,182508118,com.dragon.read.pages.main.MainFragmentActivity,performCreate,179]
12-19 20:35:04.561 12155 12155 I wm_on_start_called: [0,182508118,com.dragon.read.pages.main.MainFragmentActivity,handleStartActivity,68]
12-19 20:35:04.591 12155 12155 I wm_on_resume_called: [0,182508118,com.dragon.read.pages.main.MainFragmentActivity,RESUME_ACTIVITY,28]
12-19 20:35:04.611 12155 12155 I wm_on_top_resumed_gained_called: [182508118,com.dragon.read.pages.main.MainFragmentActivity,topStateChangedWhenResumed]
12-19 20:35:04.868  3137  3646 I com.miui.home: CheckGCForNative adj_start_bytes: 44180372 NativeAllocationGcWatermark: 11728453 java_gc_start_bytes: 26587693 kNewNativeDiscountFactor: 2 kOldNativeDiscountFactor: 65536 old_native_bytes: 112880341 new_native_bytes: 16343048 add_bytes_allowed: 35185359 is_gc_concurrent: 1 target_footprint_: 26718765 GetBytesAllocated: 18787864 HeapGrowthMultiplier: 3
12-19 20:35:04.869  3137  3646 I com.miui.home: CheckGCForNative gc_urgency 0.610251 current_native_bytes is 129223389
12-19 20:35:04.870  3137  3646 I com.miui.home: CheckGCForNative adj_start_bytes: 44180372 NativeAllocationGcWatermark: 11728453 java_gc_start_bytes: 26587693 kNewNativeDiscountFactor: 2 kOldNativeDiscountFactor: 65536 old_native_bytes: 112880341 new_native_bytes: 27048968 add_bytes_allowed: 35185359 is_gc_concurrent: 1 target_footprint_: 26718765 GetBytesAllocated: 18788056 HeapGrowthMultiplier: 3
12-19 20:35:04.870  3137  3646 I com.miui.home: CheckGCForNative gc_urgency 0.731417 current_native_bytes is 139929309
12-19 20:35:04.870  3137  3646 I cccccc  : getTaskThumbnailInfo: 2460 1.0  10705920
12-19 20:35:04.894  3137  3646 I com.miui.home: CheckGCForNative adj_start_bytes: 44180372 NativeAllocationGcWatermark: 11728453 java_gc_start_bytes: 26587693 kNewNativeDiscountFactor: 2 kOldNativeDiscountFactor: 65536 old_native_bytes: 112880341 new_native_bytes: 27051976 add_bytes_allowed: 35185359 is_gc_concurrent: 1 target_footprint_: 26718765 GetBytesAllocated: 18853592 HeapGrowthMultiplier: 3
12-19 20:35:04.894  3137  3646 I com.miui.home: CheckGCForNative gc_urgency 0.732934 current_native_bytes is 139932317
12-19 20:35:04.895  3137  3137 I cccccc  : getTaskThumbnailInfo: 2460 1.0  10705920
12-19 20:35:05.015  3137  3454 I com.miui.home: CheckGCForNative adj_start_bytes: 44180372 NativeAllocationGcWatermark: 11728453 java_gc_start_bytes: 26587693 kNewNativeDiscountFactor: 2 kOldNativeDiscountFactor: 65536 old_native_bytes: 112880341 new_native_bytes: 16323336 add_bytes_allowed: 35185359 is_gc_concurrent: 1 target_footprint_: 26718765 GetBytesAllocated: 18935704 HeapGrowthMultiplier: 3
12-19 20:35:05.016  3137  3454 I com.miui.home: CheckGCForNative gc_urgency 0.613374 current_native_bytes is 129203677
12-19 20:35:05.071  3137  3454 I com.miui.home: CheckGCForNative adj_start_bytes: 44180372 NativeAllocationGcWatermark: 11728453 java_gc_start_bytes: 26587693 kNewNativeDiscountFactor: 2 kOldNativeDiscountFactor: 65536 old_native_bytes: 112880341 new_native_bytes: 16314888 add_bytes_allowed: 35185359 is_gc_concurrent: 1 target_footprint_: 26718765 GetBytesAllocated: 18952088 HeapGrowthMultiplier: 3
12-19 20:35:05.071  3137  3454 I com.miui.home: CheckGCForNative gc_urgency 0.613649 current_native_bytes is 129195229
12-19 20:35:05.405  3137  3137 I wm_on_resume_called: [0,259069323,com.miui.home.launcher.Launcher,RESUME_ACTIVITY,10]
12-19 20:35:05.407  3137  3137 I wm_on_idle_called: com.miui.home.launcher.Launcher
12-19 20:35:05.526 12155 12155 I wm_on_top_resumed_lost_called: [182508118,com.dragon.read.pages.main.MainFragmentActivity,topStateChangedWhenResumed]
12-19 20:35:05.531  3137  3137 I wm_on_top_resumed_gained_called: [259069323,com.miui.home.launcher.Launcher,topStateChangedWhenResumed]
12-19 20:35:05.572  3137  3492 D cccccc  : onTaskStackChangedBackground
12-19 20:35:05.574  3137  3492 D cccccc  : onTaskStackChangedBackground
12-19 20:35:05.575  3137  3646 D cccccc  : onTaskStackChangedBackground
12-19 20:35:05.589 12155 12155 I wm_on_paused_called: [0,182508118,com.dragon.read.pages.main.MainFragmentActivity,performPause,54]
12-19 20:35:05.600  3137  3648 I com.miui.home: CheckGCForNative adj_start_bytes: 44180372 NativeAllocationGcWatermark: 11728453 java_gc_start_bytes: 26587693 kNewNativeDiscountFactor: 2 kOldNativeDiscountFactor: 65536 old_native_bytes: 112880341 new_native_bytes: 16593256 add_bytes_allowed: 35185359 is_gc_concurrent: 1 target_footprint_: 26718765 GetBytesAllocated: 20436360 HeapGrowthMultiplier: 3
12-19 20:35:05.600  3137  3648 I com.miui.home: CheckGCForNative gc_urgency 0.650395 current_native_bytes is 129473597
12-19 20:35:05.621  3137  3648 I cccccc  : getTaskSnapshotInstance: 406
12-19 20:35:05.622  3137  3648 I com.miui.home: CheckGCForNative adj_start_bytes: 44180372 NativeAllocationGcWatermark: 11728453 java_gc_start_bytes: 26587693 kNewNativeDiscountFactor: 2 kOldNativeDiscountFactor: 65536 old_native_bytes: 112880341 new_native_bytes: 27616284 add_bytes_allowed: 35185359 is_gc_concurrent: 1 target_footprint_: 26718765 GetBytesAllocated: 20649352 HeapGrowthMultiplier: 3
12-19 20:35:05.622  3137  3648 I com.miui.home: CheckGCForNative gc_urgency 0.779967 current_native_bytes is 140496625
12-19 20:35:05.622  3137  3648 I cccccc  : getTaskThumbnailInfo: 2460 1.0  10705920
12-19 20:35:05.648  3137  3648 I com.miui.home: CheckGCForNative adj_start_bytes: 44180372 NativeAllocationGcWatermark: 11728453 java_gc_start_bytes: 26587693 kNewNativeDiscountFactor: 2 kOldNativeDiscountFactor: 65536 old_native_bytes: 112880341 new_native_bytes: 17055644 add_bytes_allowed: 35185359 is_gc_concurrent: 1 target_footprint_: 26718765 GetBytesAllocated: 20846600 HeapGrowthMultiplier: 3
12-19 20:35:05.648  3137  3648 I com.miui.home: CheckGCForNative gc_urgency 0.664914 current_native_bytes is 129935985
12-19 20:35:05.812 12155 12155 I wm_on_stop_called: [0,182508118,com.dragon.read.pages.main.MainFragmentActivity,STOP_ACTIVITY_ITEM,156]
12-19 20:35:05.823  3137  3406 I com.miui.home: CheckGCForNative adj_start_bytes: 44180372 NativeAllocationGcWatermark: 11728453 java_gc_start_bytes: 26587693 kNewNativeDiscountFactor: 2 kOldNativeDiscountFactor: 65536 old_native_bytes: 112880341 new_native_bytes: 17407124 add_bytes_allowed: 35185359 is_gc_concurrent: 1 target_footprint_: 26718765 GetBytesAllocated: 21239816 HeapGrowthMultiplier: 3
12-19 20:35:05.823  3137  3406 I com.miui.home: CheckGCForNative gc_urgency 0.677792 current_native_bytes is 130287465
12-19 20:35:05.858  3137  3137 I wm_on_top_resumed_lost_called: [259069323,com.miui.home.launcher.Launcher,topStateChangedWhenResumed]
12-19 20:35:05.863  3137  3137 I wm_on_paused_called: [0,259069323,com.miui.home.launcher.Launcher,performPause,2]
12-19 20:35:05.908  3137  3492 D cccccc  : onTaskStackChangedBackground
12-19 20:35:05.909  3137  4157 D cccccc  : onTaskStackChangedBackground
12-19 20:35:05.909  3137  4157 D cccccc  : onTaskStackChangedBackground
12-19 20:35:05.910  3137  3492 D cccccc  : onTaskStackChangedBackground
12-19 20:35:05.973  3137  3646 D cccccc  : onTaskStackChangedBackground
12-19 20:35:05.975  3137  3185 D cccccc  : onTaskStackChangedBackground
12-19 20:35:05.975  3137  3646 D cccccc  : onTaskStackChangedBackground
12-19 20:35:05.982  3137  3454 I com.miui.home: CheckGCForNative adj_start_bytes: 44180372 NativeAllocationGcWatermark: 11728453 java_gc_start_bytes: 26587693 kNewNativeDiscountFactor: 2 kOldNativeDiscountFactor: 65536 old_native_bytes: 112880341 new_native_bytes: 17820520 add_bytes_allowed: 35185359 is_gc_concurrent: 1 target_footprint_: 26718765 GetBytesAllocated: 21912224 HeapGrowthMultiplier: 3
12-19 20:35:05.982  3137  3454 I com.miui.home: CheckGCForNative gc_urgency 0.69769 current_native_bytes is 130700861
12-19 20:35:05.991  3137  3648 I cccccc  : getTaskSnapshotInstance: 407
12-19 20:35:06.048  3137  3648 I com.miui.home: CheckGCForNative adj_start_bytes: 44180372 NativeAllocationGcWatermark: 11728453 java_gc_start_bytes: 26587693 kNewNativeDiscountFactor: 2 kOldNativeDiscountFactor: 65536 old_native_bytes: 112880341 new_native_bytes: 17790396 add_bytes_allowed: 35185359 is_gc_concurrent: 1 target_footprint_: 26718765 GetBytesAllocated: 22494384 HeapGrowthMultiplier: 3
12-19 20:35:06.048  3137  3648 I com.miui.home: CheckGCForNative gc_urgency 0.710526 current_native_bytes is 130670737
12-19 20:35:06.065 12155 12155 I wm_on_stop_called: [0,103179644,com.dragon.read.pages.splash.SplashActivity,LIFECYCLER_STOP_ACTIVITY,213]
12-19 20:35:06.082  3137  3454 I com.miui.home: CheckGCForNative adj_start_bytes: 44180372 NativeAllocationGcWatermark: 11728453 java_gc_start_bytes: 26587693 kNewNativeDiscountFactor: 2 kOldNativeDiscountFactor: 65536 old_native_bytes: 112880341 new_native_bytes: 17827548 add_bytes_allowed: 35185359 is_gc_concurrent: 1 target_footprint_: 26718765 GetBytesAllocated: 22576248 HeapGrowthMultiplier: 3
12-19 20:35:06.082  3137  3454 I com.miui.home: CheckGCForNative gc_urgency 0.712799 current_native_bytes is 130707889
12-19 20:35:06.095  3137  3648 I cccccc  : getTaskSnapshotInstance: 407
12-19 20:35:06.929 12744 12744 I wm_on_application_create_called: [0,com.taobao.taobao,347]
12-19 20:35:07.136 12711 12711 I wm_on_application_create_called: [0,com.taobao.taobao,540]
12-19 20:35:07.240 12711 12711 I wm_on_create_called: [0,192485371,com.taobao.tao.welcome.Welcome,performCreate,89]
12-19 20:35:07.297 12711 12711 I wm_on_start_called: [0,192485371,com.taobao.tao.welcome.Welcome,handleStartActivity,57]
12-19 20:35:07.336 12711 12711 I wm_on_resume_called: [0,192485371,com.taobao.tao.welcome.Welcome,RESUME_ACTIVITY,34]
12-19 20:35:07.361 12711 12711 I wm_on_top_resumed_gained_called: [192485371,com.taobao.tao.welcome.Welcome,topStateChangedWhenResumed]
12-19 20:35:08.279  3137  3137 I wm_on_stop_called: [0,259069323,com.miui.home.launcher.Launcher,STOP_ACTIVITY_ITEM,11]
12-19 20:35:08.469  3137  3137 I wm_on_restart_called: [0,259069323,com.miui.home.launcher.Launcher,performRestartActivity,0]
12-19 20:35:08.470  3137  3137 I wm_on_start_called: [0,259069323,com.miui.home.launcher.Launcher,handleStartActivity,1]
12-19 20:35:08.549  3137  3646 I com.miui.home: CheckGCForNative adj_start_bytes: 44180372 NativeAllocationGcWatermark: 11728453 java_gc_start_bytes: 26587693 kNewNativeDiscountFactor: 2 kOldNativeDiscountFactor: 65536 old_native_bytes: 112880341 new_native_bytes: 39265988 add_bytes_allowed: 35185359 is_gc_concurrent: 1 target_footprint_: 26718765 GetBytesAllocated: 23519064 HeapGrowthMultiplier: 3
12-19 20:35:08.549  3137  3646 I com.miui.home: CheckGCForNative gc_urgency 0.976764 current_native_bytes is 152146329
12-19 20:35:08.550  3137  3646 I com.miui.home: CheckGCForNative adj_start_bytes: 44180372 NativeAllocationGcWatermark: 11728453 java_gc_start_bytes: 26587693 kNewNativeDiscountFactor: 2 kOldNativeDiscountFactor: 65536 old_native_bytes: 112880341 new_native_bytes: 49971908 add_bytes_allowed: 35185359 is_gc_concurrent: 1 target_footprint_: 26718765 GetBytesAllocated: 23535640 HeapGrowthMultiplier: 3
12-19 20:35:08.550  3137  3646 I com.miui.home: CheckGCForNative gc_urgency 1.0983 current_native_bytes is 162852249
12-19 20:35:08.550  3137  3646 I com.miui.home: CheckGCForNative requested 1
12-19 20:35:08.550  3137  3646 I cccccc  : getTaskThumbnailInfo: 2460 1.0  10705920
12-19 20:35:08.550  3137  3492 I com.miui.home: CheckGCForNative adj_start_bytes: 44180372 NativeAllocationGcWatermark: 11728453 java_gc_start_bytes: 26587693 kNewNativeDiscountFactor: 2 kOldNativeDiscountFactor: 65536 old_native_bytes: 112880341 new_native_bytes: 39265988 add_bytes_allowed: 35185359 is_gc_concurrent: 1 target_footprint_: 26718765 GetBytesAllocated: 23519064 HeapGrowthMultiplier: 3
12-19 20:35:08.551  3137  3492 I com.miui.home: CheckGCForNative gc_urgency 0.977139 current_native_bytes is 152146329
12-19 20:35:08.552  3137  3137 I cccccc  : getTaskThumbnailInfo: 2460 1.0  10705920
12-19 20:35:08.649  3137  3454 I com.miui.home: CheckGCForNative gc_urgency 0 current_native_bytes is 115356645
12-19 20:35:08.686 12711 12711 I wm_on_idle_called: com.taobao.tao.welcome.Welcome
12-19 20:35:09.004  3137  3454 I com.miui.home: CheckGCForNative gc_urgency 0 current_native_bytes is 114083553
12-19 20:35:09.059 12711 12711 I wm_on_top_resumed_lost_called: [192485371,com.taobao.tao.welcome.Welcome,topStateChangedWhenResumed]
12-19 20:35:09.079  3137  3137 I wm_on_resume_called: [0,259069323,com.miui.home.launcher.Launcher,RESUME_ACTIVITY,4]
12-19 20:35:09.081  3137  3137 I wm_on_idle_called: com.miui.home.launcher.Launcher
12-19 20:35:09.087 12155 12155 I wm_on_destroy_called: [0,103179644,com.dragon.read.pages.splash.SplashActivity,performDestroy,2993]
12-19 20:35:09.097  3137  3137 I wm_on_top_resumed_gained_called: [259069323,com.miui.home.launcher.Launcher,topStateChangedWhenResumed]
12-19 20:35:09.206  3137  3492 D cccccc  : onTaskStackChangedBackground
12-19 20:35:09.210  3137  3185 D cccccc  : onTaskStackChangedBackground
12-19 20:35:09.231  3137  4157 D cccccc  : onTaskStackChangedBackground
12-19 20:35:09.257 12711 12711 I wm_on_paused_called: [0,192485371,com.taobao.tao.welcome.Welcome,performPause,156]
12-19 20:35:09.371  3137  3648 I com.miui.home: CheckGCForNative adj_start_bytes: 44555121 NativeAllocationGcWatermark: 11769645 java_gc_start_bytes: 26900654 kNewNativeDiscountFactor: 2 kOldNativeDiscountFactor: 65536 old_native_bytes: 114083553 new_native_bytes: 1075104 add_bytes_allowed: 35308935 is_gc_concurrent: 1 target_footprint_: 27048302 GetBytesAllocated: 15082136 HeapGrowthMultiplier: 3
12-19 20:35:09.371  3137  3648 I com.miui.home: CheckGCForNative gc_urgency 0.350609 current_native_bytes is 115158657
12-19 20:35:09.412  3137  3648 I com.miui.home: CheckGCForNative adj_start_bytes: 44555121 NativeAllocationGcWatermark: 11769645 java_gc_start_bytes: 26900654 kNewNativeDiscountFactor: 2 kOldNativeDiscountFactor: 65536 old_native_bytes: 114083553 new_native_bytes: 2121764 add_bytes_allowed: 35308935 is_gc_concurrent: 1 target_footprint_: 27048302 GetBytesAllocated: 15262488 HeapGrowthMultiplier: 3
12-19 20:35:09.412  3137  3648 I com.miui.home: CheckGCForNative gc_urgency 0.366403 current_native_bytes is 116205317
12-19 20:35:09.424  3137  3406 I com.miui.home: CheckGCForNative adj_start_bytes: 44555121 NativeAllocationGcWatermark: 11769645 java_gc_start_bytes: 26900654 kNewNativeDiscountFactor: 2 kOldNativeDiscountFactor: 65536 old_native_bytes: 114083553 new_native_bytes: 2699600 add_bytes_allowed: 35308935 is_gc_concurrent: 1 target_footprint_: 27048302 GetBytesAllocated: 15393688 HeapGrowthMultiplier: 3
12-19 20:35:09.424  3137  3406 I com.miui.home: CheckGCForNative gc_urgency 0.375832 current_native_bytes is 116783153
12-19 20:35:09.473 12711 12711 I wm_on_stop_called: [0,192485371,com.taobao.tao.welcome.Welcome,STOP_ACTIVITY_ITEM,98]
12-19 20:35:09.511  3137  3137 I wm_on_top_resumed_lost_called: [259069323,com.miui.home.launcher.Launcher,topStateChangedWhenResumed]
12-19 20:35:09.520  3137  3185 D cccccc  : onTaskStackChangedBackground
12-19 20:35:09.520  3137  3646 D cccccc  : onTaskStackChangedBackground
12-19 20:35:09.520  3137  3185 D cccccc  : onTaskStackChangedBackground
12-19 20:35:09.521  3137  3646 D cccccc  : onTaskStackChangedBackground
12-19 20:35:09.526  3137  3137 I wm_on_paused_called: [0,259069323,com.miui.home.launcher.Launcher,performPause,1]
12-19 20:35:09.529  3137  3648 I cccccc  : getTaskSnapshotInstance: 407
12-19 20:35:09.530  3137  3648 I com.miui.home: CheckGCForNative adj_start_bytes: 44555121 NativeAllocationGcWatermark: 11769645 java_gc_start_bytes: 26900654 kNewNativeDiscountFactor: 2 kOldNativeDiscountFactor: 65536 old_native_bytes: 114083553 new_native_bytes: 14774440 add_bytes_allowed: 35308935 is_gc_concurrent: 1 target_footprint_: 27048302 GetBytesAllocated: 15590552 HeapGrowthMultiplier: 3
12-19 20:35:09.530  3137  3648 I com.miui.home: CheckGCForNative gc_urgency 0.515755 current_native_bytes is 128857993
12-19 20:35:09.531  3137  3648 I cccccc  : getTaskThumbnailInfo: 2460 1.0  10705920
12-19 20:35:09.764  3137  3648 I com.miui.home: CheckGCForNative adj_start_bytes: 44555121 NativeAllocationGcWatermark: 11769645 java_gc_start_bytes: 26900654 kNewNativeDiscountFactor: 2 kOldNativeDiscountFactor: 65536 old_native_bytes: 114083553 new_native_bytes: 4076696 add_bytes_allowed: 35308935 is_gc_concurrent: 1 target_footprint_: 27048302 GetBytesAllocated: 16189368 HeapGrowthMultiplier: 3
12-19 20:35:09.764  3137  3648 I com.miui.home: CheckGCForNative gc_urgency 0.409144 current_native_bytes is 118160249
12-19 20:35:09.910  3137  3187 D cccccc  : onTaskStackChangedBackground
12-19 20:35:09.910  3137  3646 D cccccc  : onTaskStackChangedBackground
12-19 20:35:09.911  3137  4157 D cccccc  : onTaskStackChangedBackground
