12-21 16:14:08.302  3148  3148 I wm_on_top_resumed_gained_called: [201178947,com.miui.home.launcher.Launcher,topWhenResuming]
12-21 16:14:08.303  3148  3148 I wm_on_idle_called: com.miui.home.launcher.Launcher
12-21 16:14:08.386  9300  9300 I wm_on_stop_called: [0,228072004,com.eg.android.AlipayGphone.AlipayLogin,STOP_ACTIVITY_ITEM,45]
12-21 16:14:08.419  3148  3670 I com.miui.home: CheckGCForNative adj_start_bytes: 34547725 NativeAllocationGcWatermark: 10716235 java_gc_start_bytes: 18473373 kNewNativeDiscountFactor: 2 kOldNativeDiscountFactor: 65536 old_native_bytes: 120336277 new_native_bytes: 507736 add_bytes_allowed: 32148705 is_gc_concurrent: 1 target_footprint_: 18621021 GetBytesAllocated: 10622640 HeapGrowthMultiplier: 3
12-21 16:14:08.419  3148  3670 I com.miui.home: CheckGCForNative gc_urgency 0.314879 current_native_bytes is 120844013
12-21 16:14:08.422  3148  3670 I com.miui.home: CheckGCForNative adj_start_bytes: 34547725 NativeAllocationGcWatermark: 10716235 java_gc_start_bytes: 18473373 kNewNativeDiscountFactor: 2 kOldNativeDiscountFactor: 65536 old_native_bytes: 120336277 new_native_bytes: 904056 add_bytes_allowed: 32148705 is_gc_concurrent: 1 target_footprint_: 18621021 GetBytesAllocated: 10622640 HeapGrowthMultiplier: 3
12-21 16:14:08.422  3148  3670 I com.miui.home: CheckGCForNative gc_urgency 0.320615 current_native_bytes is 121240333
12-21 16:14:08.442  3148  3670 I com.miui.home: CheckGCForNative adj_start_bytes: 34547725 NativeAllocationGcWatermark: 10716235 java_gc_start_bytes: 18473373 kNewNativeDiscountFactor: 2 kOldNativeDiscountFactor: 65536 old_native_bytes: 120336277 new_native_bytes: 2301460 add_bytes_allowed: 32148705 is_gc_concurrent: 1 target_footprint_: 18621021 GetBytesAllocated: 10775504 HeapGrowthMultiplier: 3
12-21 16:14:08.442  3148  3670 I com.miui.home: CheckGCForNative gc_urgency 0.345264 current_native_bytes is 122637737
12-21 16:14:08.444  3148  3670 I com.miui.home: CheckGCForNative adj_start_bytes: 34547725 NativeAllocationGcWatermark: 10716235 java_gc_start_bytes: 18473373 kNewNativeDiscountFactor: 2 kOldNativeDiscountFactor: 65536 old_native_bytes: 120336277 new_native_bytes: 2763412 add_bytes_allowed: 32148705 is_gc_concurrent: 1 target_footprint_: 18621021 GetBytesAllocated: 10795984 HeapGrowthMultiplier: 3
12-21 16:14:08.444  3148  3670 I com.miui.home: CheckGCForNative gc_urgency 0.352542 current_native_bytes is 123099689
12-21 16:14:08.492  3148  3670 I com.miui.home: CheckGCForNative adj_start_bytes: 34547725 NativeAllocationGcWatermark: 10716235 java_gc_start_bytes: 18473373 kNewNativeDiscountFactor: 2 kOldNativeDiscountFactor: 65536 old_native_bytes: 120336277 new_native_bytes: 3910892 add_bytes_allowed: 32148705 is_gc_concurrent: 1 target_footprint_: 18621021 GetBytesAllocated: 10943680 HeapGrowthMultiplier: 3
12-21 16:14:08.492  3148  3670 I com.miui.home: CheckGCForNative gc_urgency 0.373424 current_native_bytes is 124247169
12-21 16:14:08.526  3148  3670 I com.miui.home: CheckGCForNative adj_start_bytes: 34547725 NativeAllocationGcWatermark: 10716235 java_gc_start_bytes: 18473373 kNewNativeDiscountFactor: 2 kOldNativeDiscountFactor: 65536 old_native_bytes: 120336277 new_native_bytes: 4699756 add_bytes_allowed: 32148705 is_gc_concurrent: 1 target_footprint_: 18621021 GetBytesAllocated: 11046160 HeapGrowthMultiplier: 3
12-21 16:14:08.526  3148  3670 I com.miui.home: CheckGCForNative gc_urgency 0.387808 current_native_bytes is 125036033
12-21 16:14:08.530  3148  3670 I com.miui.home: CheckGCForNative adj_start_bytes: 34547725 NativeAllocationGcWatermark: 10716235 java_gc_start_bytes: 18473373 kNewNativeDiscountFactor: 2 kOldNativeDiscountFactor: 65536 old_native_bytes: 120336277 new_native_bytes: 5160236 add_bytes_allowed: 32148705 is_gc_concurrent: 1 target_footprint_: 18621021 GetBytesAllocated: 11066640 HeapGrowthMultiplier: 3
12-21 16:14:08.530  3148  3670 I com.miui.home: CheckGCForNative gc_urgency 0.395065 current_native_bytes is 125496513
12-21 16:14:08.530  3148  3670 I com.miui.home: CheckGCForNative adj_start_bytes: 34547725 NativeAllocationGcWatermark: 10716235 java_gc_start_bytes: 18473373 kNewNativeDiscountFactor: 2 kOldNativeDiscountFactor: 65536 old_native_bytes: 120336277 new_native_bytes: 5210572 add_bytes_allowed: 32148705 is_gc_concurrent: 1 target_footprint_: 18621021 GetBytesAllocated: 11066640 HeapGrowthMultiplier: 3
12-21 16:14:08.530  3148  3670 I com.miui.home: CheckGCForNative gc_urgency 0.395793 current_native_bytes is 125546849
12-21 16:14:08.558  3148  3670 I com.miui.home: CheckGCForNative adj_start_bytes: 34547725 NativeAllocationGcWatermark: 10716235 java_gc_start_bytes: 18473373 kNewNativeDiscountFactor: 2 kOldNativeDiscountFactor: 65536 old_native_bytes: 120336277 new_native_bytes: 5781004 add_bytes_allowed: 32148705 is_gc_concurrent: 1 target_footprint_: 18621021 GetBytesAllocated: 11132368 HeapGrowthMultiplier: 3
12-21 16:14:08.558  3148  3670 I com.miui.home: CheckGCForNative gc_urgency 0.405952 current_native_bytes is 126117281
12-21 16:14:08.561  3148  3670 I com.miui.home: CheckGCForNative adj_start_bytes: 34547725 NativeAllocationGcWatermark: 10716235 java_gc_start_bytes: 18473373 kNewNativeDiscountFactor: 2 kOldNativeDiscountFactor: 65536 old_native_bytes: 120336277 new_native_bytes: 6143020 add_bytes_allowed: 32148705 is_gc_concurrent: 1 target_footprint_: 18621021 GetBytesAllocated: 11132368 HeapGrowthMultiplier: 3
12-21 16:14:08.561  3148  3670 I com.miui.home: CheckGCForNative gc_urgency 0.411191 current_native_bytes is 126479297
12-21 16:14:08.618  3148  3148 I wm_on_top_resumed_lost_called: [201178947,com.miui.home.launcher.Launcher,topStateChangedWhenResumed]
12-21 16:14:08.624  3148  3670 I com.miui.home: CheckGCForNative adj_start_bytes: 34547725 NativeAllocationGcWatermark: 10716235 java_gc_start_bytes: 18473373 kNewNativeDiscountFactor: 2 kOldNativeDiscountFactor: 65536 old_native_bytes: 120336277 new_native_bytes: 6899416 add_bytes_allowed: 32148705 is_gc_concurrent: 1 target_footprint_: 18621021 GetBytesAllocated: 11300368 HeapGrowthMultiplier: 3
12-21 16:14:08.624  3148  3670 I com.miui.home: CheckGCForNative gc_urgency 0.427001 current_native_bytes is 127235693
12-21 16:14:08.627  3148  3670 I com.miui.home: CheckGCForNative adj_start_bytes: 34547725 NativeAllocationGcWatermark: 10716235 java_gc_start_bytes: 18473373 kNewNativeDiscountFactor: 2 kOldNativeDiscountFactor: 65536 old_native_bytes: 120336277 new_native_bytes: 7361112 add_bytes_allowed: 32148705 is_gc_concurrent: 1 target_footprint_: 18621021 GetBytesAllocated: 11320848 HeapGrowthMultiplier: 3
12-21 16:14:08.627  3148  3670 I com.miui.home: CheckGCForNative gc_urgency 0.434276 current_native_bytes is 127697389
12-21 16:14:08.632  3148  3148 I wm_on_paused_called: [0,201178947,com.miui.home.launcher.Launcher,performPause,0]
12-21 16:14:08.678  3148  3670 I com.miui.home: CheckGCForNative adj_start_bytes: 34547725 NativeAllocationGcWatermark: 10716235 java_gc_start_bytes: 18473373 kNewNativeDiscountFactor: 2 kOldNativeDiscountFactor: 65536 old_native_bytes: 120336277 new_native_bytes: 8574968 add_bytes_allowed: 32148705 is_gc_concurrent: 1 target_footprint_: 18621021 GetBytesAllocated: 11452160 HeapGrowthMultiplier: 3
12-21 16:14:08.678  3148  3670 I com.miui.home: CheckGCForNative gc_urgency 0.456119 current_native_bytes is 128911245
12-21 16:14:08.685  3148  3670 I com.miui.home: CheckGCForNative adj_start_bytes: 34547725 NativeAllocationGcWatermark: 10716235 java_gc_start_bytes: 18473373 kNewNativeDiscountFactor: 2 kOldNativeDiscountFactor: 65536 old_native_bytes: 120336277 new_native_bytes: 9001880 add_bytes_allowed: 32148705 is_gc_concurrent: 1 target_footprint_: 18621021 GetBytesAllocated: 11468544 HeapGrowthMultiplier: 3
12-21 16:14:08.685  3148  3670 I com.miui.home: CheckGCForNative gc_urgency 0.462297 current_native_bytes is 129338157
12-21 16:14:08.703  3148  3670 I com.miui.home: CheckGCForNative adj_start_bytes: 34547725 NativeAllocationGcWatermark: 10716235 java_gc_start_bytes: 18473373 kNewNativeDiscountFactor: 2 kOldNativeDiscountFactor: 65536 old_native_bytes: 120336277 new_native_bytes: 9826936 add_bytes_allowed: 32148705 is_gc_concurrent: 1 target_footprint_: 18621021 GetBytesAllocated: 11567040 HeapGrowthMultiplier: 3
12-21 16:14:08.703  3148  3670 I com.miui.home: CheckGCForNative gc_urgency 0.477089 current_native_bytes is 130163213
12-21 16:14:08.705  3148  3670 I com.miui.home: CheckGCForNative adj_start_bytes: 34547725 NativeAllocationGcWatermark: 10716235 java_gc_start_bytes: 18473373 kNewNativeDiscountFactor: 2 kOldNativeDiscountFactor: 65536 old_native_bytes: 120336277 new_native_bytes: 10270776 add_bytes_allowed: 32148705 is_gc_concurrent: 1 target_footprint_: 18621021 GetBytesAllocated: 11567040 HeapGrowthMultiplier: 3
12-21 16:14:08.705  3148  3670 I com.miui.home: CheckGCForNative gc_urgency 0.483513 current_native_bytes is 130607053
12-21 16:14:08.743  3148  3670 I com.miui.home: CheckGCForNative adj_start_bytes: 34547725 NativeAllocationGcWatermark: 10716235 java_gc_start_bytes: 18473373 kNewNativeDiscountFactor: 2 kOldNativeDiscountFactor: 65536 old_native_bytes: 120336277 new_native_bytes: 11233528 add_bytes_allowed: 32148705 is_gc_concurrent: 1 target_footprint_: 18621021 GetBytesAllocated: 11755568 HeapGrowthMultiplier: 3
12-21 16:14:08.743  3148  3670 I com.miui.home: CheckGCForNative gc_urgency 0.502903 current_native_bytes is 131569805
12-21 16:14:08.800  3148  3310 I com.miui.home: CheckGCForNative adj_start_bytes: 34547725 NativeAllocationGcWatermark: 10716235 java_gc_start_bytes: 18473373 kNewNativeDiscountFactor: 2 kOldNativeDiscountFactor: 65536 old_native_bytes: 120336277 new_native_bytes: 11929296 add_bytes_allowed: 32148705 is_gc_concurrent: 1 target_footprint_: 18621021 GetBytesAllocated: 11886768 HeapGrowthMultiplier: 3
12-21 16:14:08.801  3148  3310 I com.miui.home: CheckGCForNative gc_urgency 0.516771 current_native_bytes is 132265573
12-21 16:14:08.809  3148  3670 I com.miui.home: CheckGCForNative adj_start_bytes: 34547725 NativeAllocationGcWatermark: 10716235 java_gc_start_bytes: 18473373 kNewNativeDiscountFactor: 2 kOldNativeDiscountFactor: 65536 old_native_bytes: 120336277 new_native_bytes: 11470984 add_bytes_allowed: 32148705 is_gc_concurrent: 1 target_footprint_: 18621021 GetBytesAllocated: 11903152 HeapGrowthMultiplier: 3
12-21 16:14:08.809  3148  3670 I com.miui.home: CheckGCForNative gc_urgency 0.510612 current_native_bytes is 131807261
12-21 16:14:08.810  3148  3670 I com.miui.home: CheckGCForNative adj_start_bytes: 34547725 NativeAllocationGcWatermark: 10716235 java_gc_start_bytes: 18473373 kNewNativeDiscountFactor: 2 kOldNativeDiscountFactor: 65536 old_native_bytes: 120336277 new_native_bytes: 11948200 add_bytes_allowed: 32148705 is_gc_concurrent: 1 target_footprint_: 18621021 GetBytesAllocated: 11923632 HeapGrowthMultiplier: 3
12-21 16:14:08.810  3148  3670 I com.miui.home: CheckGCForNative gc_urgency 0.518111 current_native_bytes is 132284477
12-21 16:14:08.812  3148  3670 I com.miui.home: CheckGCForNative adj_start_bytes: 34547725 NativeAllocationGcWatermark: 10716235 java_gc_start_bytes: 18473373 kNewNativeDiscountFactor: 2 kOldNativeDiscountFactor: 65536 old_native_bytes: 120336277 new_native_bytes: 12407528 add_bytes_allowed: 32148705 is_gc_concurrent: 1 target_footprint_: 18621021 GetBytesAllocated: 11944112 HeapGrowthMultiplier: 3
12-21 16:14:08.812  3148  3670 I com.miui.home: CheckGCForNative gc_urgency 0.525352 current_native_bytes is 132743805
12-21 16:14:08.881  3148  3670 I com.miui.home: CheckGCForNative adj_start_bytes: 34547725 NativeAllocationGcWatermark: 10716235 java_gc_start_bytes: 18473373 kNewNativeDiscountFactor: 2 kOldNativeDiscountFactor: 65536 old_native_bytes: 120336277 new_native_bytes: 13156896 add_bytes_allowed: 32148705 is_gc_concurrent: 1 target_footprint_: 18621021 GetBytesAllocated: 12026208 HeapGrowthMultiplier: 3
12-21 16:14:08.882  3148  3670 I com.miui.home: CheckGCForNative gc_urgency 0.538574 current_native_bytes is 133493173
12-21 16:14:08.893  3148  3670 I com.miui.home: CheckGCForNative adj_start_bytes: 34547725 NativeAllocationGcWatermark: 10716235 java_gc_start_bytes: 18473373 kNewNativeDiscountFactor: 2 kOldNativeDiscountFactor: 65536 old_native_bytes: 120336277 new_native_bytes: 13872736 add_bytes_allowed: 32148705 is_gc_concurrent: 1 target_footprint_: 18621021 GetBytesAllocated: 12026208 HeapGrowthMultiplier: 3
12-21 16:14:08.893  3148  3670 I com.miui.home: CheckGCForNative gc_urgency 0.548934 current_native_bytes is 134209013
12-21 16:14:08.939  3148  3670 I com.miui.home: CheckGCForNative adj_start_bytes: 34547725 NativeAllocationGcWatermark: 10716235 java_gc_start_bytes: 18473373 kNewNativeDiscountFactor: 2 kOldNativeDiscountFactor: 65536 old_native_bytes: 120336277 new_native_bytes: 14188664 add_bytes_allowed: 32148705 is_gc_concurrent: 1 target_footprint_: 18621021 GetBytesAllocated: 12075536 HeapGrowthMultiplier: 3
12-21 16:14:08.939  3148  3670 I com.miui.home: CheckGCForNative gc_urgency 0.554934 current_native_bytes is 134524941
12-21 16:14:08.941  3148  3670 I com.miui.home: CheckGCForNative adj_start_bytes: 34547725 NativeAllocationGcWatermark: 10716235 java_gc_start_bytes: 18473373 kNewNativeDiscountFactor: 2 kOldNativeDiscountFactor: 65536 old_native_bytes: 120336277 new_native_bytes: 14585208 add_bytes_allowed: 32148705 is_gc_concurrent: 1 target_footprint_: 18621021 GetBytesAllocated: 12075536 HeapGrowthMultiplier: 3
12-21 16:14:08.942  3148  3670 I com.miui.home: CheckGCForNative gc_urgency 0.560673 current_native_bytes is 134921485
12-21 16:14:08.948  3148  3670 I com.miui.home: CheckGCForNative adj_start_bytes: 34547725 NativeAllocationGcWatermark: 10716235 java_gc_start_bytes: 18473373 kNewNativeDiscountFactor: 2 kOldNativeDiscountFactor: 65536 old_native_bytes: 120336277 new_native_bytes: 15121232 add_bytes_allowed: 32148705 is_gc_concurrent: 1 target_footprint_: 18621021 GetBytesAllocated: 12108576 HeapGrowthMultiplier: 3
12-21 16:14:08.948  3148  3670 I com.miui.home: CheckGCForNative gc_urgency 0.569387 current_native_bytes is 135457509
12-21 16:14:08.966  3148  3670 I com.miui.home: CheckGCForNative adj_start_bytes: 34547725 NativeAllocationGcWatermark: 10716235 java_gc_start_bytes: 18473373 kNewNativeDiscountFactor: 2 kOldNativeDiscountFactor: 65536 old_native_bytes: 120336277 new_native_bytes: 16295024 add_bytes_allowed: 32148705 is_gc_concurrent: 1 target_footprint_: 18621021 GetBytesAllocated: 12322032 HeapGrowthMultiplier: 3
12-21 16:14:08.966  3148  3670 I com.miui.home: CheckGCForNative gc_urgency 0.592554 current_native_bytes is 136631301
12-21 16:14:08.981  3148  3670 I com.miui.home: CheckGCForNative adj_start_bytes: 34547725 NativeAllocationGcWatermark: 10716235 java_gc_start_bytes: 18473373 kNewNativeDiscountFactor: 2 kOldNativeDiscountFactor: 65536 old_native_bytes: 120336277 new_native_bytes: 16538276 add_bytes_allowed: 32148705 is_gc_concurrent: 1 target_footprint_: 18621021 GetBytesAllocated: 12551408 HeapGrowthMultiplier: 3
12-21 16:14:08.981  3148  3670 I com.miui.home: CheckGCForNative gc_urgency 0.602714 current_native_bytes is 136874553
12-21 16:14:08.991  3148  3288 I com.miui.home: CheckGCForNative adj_start_bytes: 34547725 NativeAllocationGcWatermark: 10716235 java_gc_start_bytes: 18473373 kNewNativeDiscountFactor: 2 kOldNativeDiscountFactor: 65536 old_native_bytes: 120336277 new_native_bytes: 27701348 add_bytes_allowed: 32148705 is_gc_concurrent: 1 target_footprint_: 18621021 GetBytesAllocated: 12633328 HeapGrowthMultiplier: 3
12-21 16:14:08.991  3148  3288 I com.miui.home: CheckGCForNative gc_urgency 0.766645 current_native_bytes is 148037625
12-21 16:14:09.016  3148  3288 I com.miui.home: CheckGCForNative adj_start_bytes: 34547725 NativeAllocationGcWatermark: 10716235 java_gc_start_bytes: 18473373 kNewNativeDiscountFactor: 2 kOldNativeDiscountFactor: 65536 old_native_bytes: 120336277 new_native_bytes: 42364068 add_bytes_allowed: 32148705 is_gc_concurrent: 1 target_footprint_: 18621021 GetBytesAllocated: 12649904 HeapGrowthMultiplier: 3
12-21 16:14:09.016  3148  3288 I com.miui.home: CheckGCForNative gc_urgency 0.979334 current_native_bytes is 162700345
12-21 16:14:09.017  3148  3288 I com.miui.home: CheckGCForNative adj_start_bytes: 34547725 NativeAllocationGcWatermark: 10716235 java_gc_start_bytes: 18473373 kNewNativeDiscountFactor: 2 kOldNativeDiscountFactor: 65536 old_native_bytes: 120336277 new_native_bytes: 30568228 add_bytes_allowed: 32148705 is_gc_concurrent: 1 target_footprint_: 18621021 GetBytesAllocated: 12649904 HeapGrowthMultiplier: 3
12-21 16:14:09.017  3148  3288 I com.miui.home: CheckGCForNative gc_urgency 0.808616 current_native_bytes is 150904505
12-21 16:14:09.024  3148  3288 I com.miui.home: CheckGCForNative adj_start_bytes: 34547725 NativeAllocationGcWatermark: 10716235 java_gc_start_bytes: 18473373 kNewNativeDiscountFactor: 2 kOldNativeDiscountFactor: 65536 old_native_bytes: 120336277 new_native_bytes: 31354660 add_bytes_allowed: 32148705 is_gc_concurrent: 1 target_footprint_: 18621021 GetBytesAllocated: 12649904 HeapGrowthMultiplier: 3
12-21 16:14:09.024  3148  3288 I com.miui.home: CheckGCForNative gc_urgency 0.819998 current_native_bytes is 151690937
12-21 16:14:09.078  3148  3288 I com.miui.home: CheckGCForNative adj_start_bytes: 34547725 NativeAllocationGcWatermark: 10716235 java_gc_start_bytes: 18473373 kNewNativeDiscountFactor: 2 kOldNativeDiscountFactor: 65536 old_native_bytes: 120336277 new_native_bytes: 33043324 add_bytes_allowed: 32148705 is_gc_concurrent: 1 target_footprint_: 18621021 GetBytesAllocated: 12650064 HeapGrowthMultiplier: 3
12-21 16:14:09.078  3148  3288 I com.miui.home: CheckGCForNative gc_urgency 0.844442 current_native_bytes is 153379601
12-21 16:14:09.078  3148  3288 I com.miui.home: CheckGCForNative adj_start_bytes: 34547725 NativeAllocationGcWatermark: 10716235 java_gc_start_bytes: 18473373 kNewNativeDiscountFactor: 2 kOldNativeDiscountFactor: 65536 old_native_bytes: 120336277 new_native_bytes: 34504340 add_bytes_allowed: 32148705 is_gc_concurrent: 1 target_footprint_: 18621021 GetBytesAllocated: 12650064 HeapGrowthMultiplier: 3
12-21 16:14:09.078  3148  3288 I com.miui.home: CheckGCForNative gc_urgency 0.866062 current_native_bytes is 154840617
12-21 16:14:09.085  3148  3288 I com.miui.home: CheckGCForNative adj_start_bytes: 34547725 NativeAllocationGcWatermark: 10716235 java_gc_start_bytes: 18473373 kNewNativeDiscountFactor: 2 kOldNativeDiscountFactor: 65536 old_native_bytes: 120336277 new_native_bytes: 45519092 add_bytes_allowed: 32148705 is_gc_concurrent: 1 target_footprint_: 18621021 GetBytesAllocated: 12666496 HeapGrowthMultiplier: 3
12-21 16:14:09.085  3148  3288 I com.miui.home: CheckGCForNative gc_urgency 1.02548 current_native_bytes is 165855369
12-21 16:14:09.086  3148  3288 I com.miui.home: CheckGCForNative requested 1
12-21 16:14:09.280  9913  9913 I wm_on_create_called: [0,43965804,com.xunmeng.pinduoduo.ui.activity.MainFrameActivity,performCreate,74]
12-21 16:14:09.391  9913  9913 I wm_on_create_called: [0,185482466,com.xunmeng.pinduoduo.ui.activity.HomeActivity,performCreate,33]
12-21 16:14:09.403  9913  9913 I wm_on_start_called: [0,185482466,com.xunmeng.pinduoduo.ui.activity.HomeActivity,handleStartActivity,12]
12-21 16:14:09.408  9913  9913 I wm_on_resume_called: [0,185482466,com.xunmeng.pinduoduo.ui.activity.HomeActivity,RESUME_ACTIVITY,2]
12-21 16:14:09.433  9913  9913 I wm_on_top_resumed_gained_called: [185482466,com.xunmeng.pinduoduo.ui.activity.HomeActivity,topStateChangedWhenResumed]
12-21 16:14:09.489  3148  3670 I com.miui.home: CheckGCForNative gc_urgency 0 current_native_bytes is 143112129
12-21 16:14:09.511  3148  3670 I com.miui.home: CheckGCForNative adj_start_bytes: 34614159 NativeAllocationGcWatermark: 10721483 java_gc_start_bytes: 18531935 kNewNativeDiscountFactor: 2 kOldNativeDiscountFactor: 65536 old_native_bytes: 143112129 new_native_bytes: 1335584 add_bytes_allowed: 32164449 is_gc_concurrent: 1 target_footprint_: 18663007 GetBytesAllocated: 9840080 HeapGrowthMultiplier: 3
12-21 16:14:09.511  3148  3670 I com.miui.home: CheckGCForNative gc_urgency 0.303635 current_native_bytes is 144447713
12-21 16:14:09.557  3148  3670 I com.miui.home: CheckGCForNative adj_start_bytes: 34614159 NativeAllocationGcWatermark: 10721483 java_gc_start_bytes: 18531935 kNewNativeDiscountFactor: 2 kOldNativeDiscountFactor: 65536 old_native_bytes: 143112129 new_native_bytes: 3772736 add_bytes_allowed: 32164449 is_gc_concurrent: 1 target_footprint_: 18663007 GetBytesAllocated: 10135616 HeapGrowthMultiplier: 3
12-21 16:14:09.557  3148  3670 I com.miui.home: CheckGCForNative gc_urgency 0.347377 current_native_bytes is 146884865
12-21 16:14:09.559  3148  3288 I com.miui.home: CheckGCForNative adj_start_bytes: 34614159 NativeAllocationGcWatermark: 10721483 java_gc_start_bytes: 18531935 kNewNativeDiscountFactor: 2 kOldNativeDiscountFactor: 65536 old_native_bytes: 143112129 new_native_bytes: 3782216 add_bytes_allowed: 32164449 is_gc_concurrent: 1 target_footprint_: 18663007 GetBytesAllocated: 10152112 HeapGrowthMultiplier: 3
12-21 16:14:09.559  3148  3288 I com.miui.home: CheckGCForNative gc_urgency 0.347991 current_native_bytes is 146894345
12-21 16:14:09.561  3148  3670 I com.miui.home: CheckGCForNative adj_start_bytes: 34614159 NativeAllocationGcWatermark: 10721483 java_gc_start_bytes: 18531935 kNewNativeDiscountFactor: 2 kOldNativeDiscountFactor: 65536 old_native_bytes: 143112129 new_native_bytes: 3662080 add_bytes_allowed: 32164449 is_gc_concurrent: 1 target_footprint_: 18663007 GetBytesAllocated: 10168496 HeapGrowthMultiplier: 3
12-21 16:14:09.561  3148  3670 I com.miui.home: CheckGCForNative gc_urgency 0.346729 current_native_bytes is 146774209
12-21 16:14:09.564  3148  3670 I com.miui.home: CheckGCForNative adj_start_bytes: 34614159 NativeAllocationGcWatermark: 10721483 java_gc_start_bytes: 18531935 kNewNativeDiscountFactor: 2 kOldNativeDiscountFactor: 65536 old_native_bytes: 143112129 new_native_bytes: 4084448 add_bytes_allowed: 32164449 is_gc_concurrent: 1 target_footprint_: 18663007 GetBytesAllocated: 10168496 HeapGrowthMultiplier: 3
12-21 16:14:09.564  3148  3670 I com.miui.home: CheckGCForNative gc_urgency 0.35283 current_native_bytes is 147196577
12-21 16:14:09.565  3148  3288 I com.miui.home: CheckGCForNative adj_start_bytes: 34614159 NativeAllocationGcWatermark: 10721483 java_gc_start_bytes: 18531935 kNewNativeDiscountFactor: 2 kOldNativeDiscountFactor: 65536 old_native_bytes: 143112129 new_native_bytes: 3363828 add_bytes_allowed: 32164449 is_gc_concurrent: 1 target_footprint_: 18663007 GetBytesAllocated: 10184880 HeapGrowthMultiplier: 3
12-21 16:14:09.565  3148  3288 I com.miui.home: CheckGCForNative gc_urgency 0.342894 current_native_bytes is 146475957
12-21 16:14:09.584  3148  3670 I com.miui.home: CheckGCForNative adj_start_bytes: 34614159 NativeAllocationGcWatermark: 10721483 java_gc_start_bytes: 18531935 kNewNativeDiscountFactor: 2 kOldNativeDiscountFactor: 65536 old_native_bytes: 143112129 new_native_bytes: 3939572 add_bytes_allowed: 32164449 is_gc_concurrent: 1 target_footprint_: 18663007 GetBytesAllocated: 10332336 HeapGrowthMultiplier: 3
12-21 16:14:09.584  3148  3670 I com.miui.home: CheckGCForNative gc_urgency 0.35547 current_native_bytes is 147051701
12-21 16:14:09.738  3148  3148 I wm_on_stop_called: [0,201178947,com.miui.home.launcher.Launcher,STOP_ACTIVITY_ITEM,3]
12-21 16:14:09.863  9913  9913 I wm_on_destroy_called: [0,43965804,com.xunmeng.pinduoduo.ui.activity.MainFrameActivity,performDestroy,3]
12-21 16:14:10.110  9913  9913 I wm_on_idle_called: com.xunmeng.pinduoduo.ui.activity.HomeActivity
12-21 16:14:10.164  3148  3148 I wm_on_restart_called: [0,201178947,com.miui.home.launcher.Launcher,performRestartActivity,0]
12-21 16:14:10.165  3148  3148 I wm_on_start_called: [0,201178947,com.miui.home.launcher.Launcher,handleStartActivity,0]
12-21 16:14:10.209  3148  3193 I com.miui.home: CheckGCForNative adj_start_bytes: 34614159 NativeAllocationGcWatermark: 10721483 java_gc_start_bytes: 18531935 kNewNativeDiscountFactor: 2 kOldNativeDiscountFactor: 65536 old_native_bytes: 143112129 new_native_bytes: 15353520 add_bytes_allowed: 32164449 is_gc_concurrent: 1 target_footprint_: 18663007 GetBytesAllocated: 11143760 HeapGrowthMultiplier: 3
12-21 16:14:10.209  3148  3193 I com.miui.home: CheckGCForNative gc_urgency 0.543786 current_native_bytes is 158465649
12-21 16:14:10.209  3148  3193 I com.miui.home: CheckGCForNative adj_start_bytes: 34614159 NativeAllocationGcWatermark: 10721483 java_gc_start_bytes: 18531935 kNewNativeDiscountFactor: 2 kOldNativeDiscountFactor: 65536 old_native_bytes: 143112129 new_native_bytes: 26059440 add_bytes_allowed: 32164449 is_gc_concurrent: 1 target_footprint_: 18663007 GetBytesAllocated: 11143952 HeapGrowthMultiplier: 3
12-21 16:14:10.209  3148  3193 I com.miui.home: CheckGCForNative gc_urgency 0.698438 current_native_bytes is 169171569
12-21 16:14:10.254  3148  3193 I com.miui.home: CheckGCForNative adj_start_bytes: 34614159 NativeAllocationGcWatermark: 10721483 java_gc_start_bytes: 18531935 kNewNativeDiscountFactor: 2 kOldNativeDiscountFactor: 65536 old_native_bytes: 143112129 new_native_bytes: 26064932 add_bytes_allowed: 32164449 is_gc_concurrent: 1 target_footprint_: 18663007 GetBytesAllocated: 11176720 HeapGrowthMultiplier: 3
12-21 16:14:10.254  3148  3193 I com.miui.home: CheckGCForNative gc_urgency 0.699464 current_native_bytes is 169177061
12-21 16:14:10.312  3148  3310 I com.miui.home: CheckGCForNative adj_start_bytes: 34614159 NativeAllocationGcWatermark: 10721483 java_gc_start_bytes: 18531935 kNewNativeDiscountFactor: 2 kOldNativeDiscountFactor: 65536 old_native_bytes: 143112129 new_native_bytes: 26169724 add_bytes_allowed: 32164449 is_gc_concurrent: 1 target_footprint_: 18663007 GetBytesAllocated: 11275312 HeapGrowthMultiplier: 3
12-21 16:14:10.312  3148  3310 I com.miui.home: CheckGCForNative gc_urgency 0.703826 current_native_bytes is 169281853
12-21 16:14:10.534  3148  3310 I com.miui.home: CheckGCForNative adj_start_bytes: 34614159 NativeAllocationGcWatermark: 10721483 java_gc_start_bytes: 18531935 kNewNativeDiscountFactor: 2 kOldNativeDiscountFactor: 65536 old_native_bytes: 143112129 new_native_bytes: 15501276 add_bytes_allowed: 32164449 is_gc_concurrent: 1 target_footprint_: 18663007 GetBytesAllocated: 11439152 HeapGrowthMultiplier: 3
12-21 16:14:10.534  3148  3310 I com.miui.home: CheckGCForNative gc_urgency 0.554454 current_native_bytes is 158613405
12-21 16:14:10.667  3148  3310 I com.miui.home: CheckGCForNative adj_start_bytes: 34614159 NativeAllocationGcWatermark: 10721483 java_gc_start_bytes: 18531935 kNewNativeDiscountFactor: 2 kOldNativeDiscountFactor: 65536 old_native_bytes: 143112129 new_native_bytes: 15482844 add_bytes_allowed: 32164449 is_gc_concurrent: 1 target_footprint_: 18663007 GetBytesAllocated: 11488304 HeapGrowthMultiplier: 3
12-21 16:14:10.667  3148  3310 I com.miui.home: CheckGCForNative gc_urgency 0.555608 current_native_bytes is 158594973
12-21 16:14:10.816  9913  9913 I wm_on_top_resumed_lost_called: [185482466,com.xunmeng.pinduoduo.ui.activity.HomeActivity,topStateChangedWhenResumed]
12-21 16:14:10.853  9913  9913 I wm_on_paused_called: [0,185482466,com.xunmeng.pinduoduo.ui.activity.HomeActivity,performPause,10]
12-21 16:14:10.863  3148  3148 I wm_on_resume_called: [0,201178947,com.miui.home.launcher.Launcher,RESUME_ACTIVITY,3]
12-21 16:14:10.863  3148  3148 I wm_on_top_resumed_gained_called: [201178947,com.miui.home.launcher.Launcher,topWhenResuming]
12-21 16:14:10.864  3148  3148 I wm_on_idle_called: com.miui.home.launcher.Launcher
12-21 16:14:11.007  3148  3670 I com.miui.home: CheckGCForNative adj_start_bytes: 34614159 NativeAllocationGcWatermark: 10721483 java_gc_start_bytes: 18531935 kNewNativeDiscountFactor: 2 kOldNativeDiscountFactor: 65536 old_native_bytes: 143112129 new_native_bytes: 15683632 add_bytes_allowed: 32164449 is_gc_concurrent: 1 target_footprint_: 18663007 GetBytesAllocated: 12620080 HeapGrowthMultiplier: 3
12-21 16:14:11.007  3148  3670 I com.miui.home: CheckGCForNative gc_urgency 0.591205 current_native_bytes is 158795761
12-21 16:14:11.020  3148  3670 I com.miui.home: CheckGCForNative adj_start_bytes: 34614159 NativeAllocationGcWatermark: 10721483 java_gc_start_bytes: 18531935 kNewNativeDiscountFactor: 2 kOldNativeDiscountFactor: 65536 old_native_bytes: 143112129 new_native_bytes: 26397744 add_bytes_allowed: 32164449 is_gc_concurrent: 1 target_footprint_: 18663007 GetBytesAllocated: 12783920 HeapGrowthMultiplier: 3
12-21 16:14:11.020  3148  3670 I com.miui.home: CheckGCForNative gc_urgency 0.750704 current_native_bytes is 169509873
12-21 16:14:11.029  3148  3670 I com.miui.home: CheckGCForNative adj_start_bytes: 34614159 NativeAllocationGcWatermark: 10721483 java_gc_start_bytes: 18531935 kNewNativeDiscountFactor: 2 kOldNativeDiscountFactor: 65536 old_native_bytes: 143112129 new_native_bytes: 16056132 add_bytes_allowed: 32164449 is_gc_concurrent: 1 target_footprint_: 18663007 GetBytesAllocated: 12948272 HeapGrowthMultiplier: 3
12-21 16:14:11.029  3148  3670 I com.miui.home: CheckGCForNative gc_urgency 0.606068 current_native_bytes is 159168261
12-21 16:14:11.053  3148  3670 I com.miui.home: CheckGCForNative adj_start_bytes: 34614159 NativeAllocationGcWatermark: 10721483 java_gc_start_bytes: 18531935 kNewNativeDiscountFactor: 2 kOldNativeDiscountFactor: 65536 old_native_bytes: 143112129 new_native_bytes: 16316324 add_bytes_allowed: 32164449 is_gc_concurrent: 1 target_footprint_: 18663007 GetBytesAllocated: 13226800 HeapGrowthMultiplier: 3
12-21 16:14:11.053  3148  3670 I com.miui.home: CheckGCForNative gc_urgency 0.617873 current_native_bytes is 159428453
12-21 16:14:11.161  3148  3148 I wm_on_top_resumed_lost_called: [201178947,com.miui.home.launcher.Launcher,topStateChangedWhenResumed]
12-21 16:14:11.169  3148  3148 I wm_on_paused_called: [0,201178947,com.miui.home.launcher.Launcher,performPause,1]
12-21 16:14:11.274  3148  3670 I com.miui.home: CheckGCForNative adj_start_bytes: 34614159 NativeAllocationGcWatermark: 10721483 java_gc_start_bytes: 18531935 kNewNativeDiscountFactor: 2 kOldNativeDiscountFactor: 65536 old_native_bytes: 143112129 new_native_bytes: 16938236 add_bytes_allowed: 32164449 is_gc_concurrent: 1 target_footprint_: 18663007 GetBytesAllocated: 13948112 HeapGrowthMultiplier: 3
12-21 16:14:11.274  3148  3670 I com.miui.home: CheckGCForNative gc_urgency 0.647695 current_native_bytes is 160050365
12-21 16:14:11.345  3148  3310 I com.miui.home: CheckGCForNative adj_start_bytes: 34614159 NativeAllocationGcWatermark: 10721483 java_gc_start_bytes: 18531935 kNewNativeDiscountFactor: 2 kOldNativeDiscountFactor: 65536 old_native_bytes: 143112129 new_native_bytes: 17329396 add_bytes_allowed: 32164449 is_gc_concurrent: 1 target_footprint_: 18663007 GetBytesAllocated: 14431712 HeapGrowthMultiplier: 3
12-21 16:14:11.345  3148  3310 I com.miui.home: CheckGCForNative gc_urgency 0.667316 current_native_bytes is 160441525
12-21 16:14:11.390  3148  3670 I com.miui.home: CheckGCForNative adj_start_bytes: 34614159 NativeAllocationGcWatermark: 10721483 java_gc_start_bytes: 18531935 kNewNativeDiscountFactor: 2 kOldNativeDiscountFactor: 65536 old_native_bytes: 143112129 new_native_bytes: 17526920 add_bytes_allowed: 32164449 is_gc_concurrent: 1 target_footprint_: 18663007 GetBytesAllocated: 14710432 HeapGrowthMultiplier: 3
12-21 16:14:11.390  3148  3670 I com.miui.home: CheckGCForNative gc_urgency 0.678222 current_native_bytes is 160639049
12-21 16:14:12.104 10232 10232 I wm_on_create_called: [0,96678148,com.yxcorp.gifshow.HomeActivity,performCreate,153]
12-21 16:14:12.207 10232 10232 I wm_on_start_called: [0,96678148,com.yxcorp.gifshow.HomeActivity,handleStartActivity,102]
12-21 16:14:12.312 10232 10232 I wm_on_resume_called: [0,96678148,com.yxcorp.gifshow.HomeActivity,RESUME_ACTIVITY,6]
12-21 16:14:12.333 10232 10232 I wm_on_top_resumed_gained_called: [96678148,com.yxcorp.gifshow.HomeActivity,topStateChangedWhenResumed]
12-21 16:14:12.599  3148  3148 I wm_on_stop_called: [0,201178947,com.miui.home.launcher.Launcher,STOP_ACTIVITY_ITEM,4]
12-21 16:14:12.761  3148  3148 I wm_on_restart_called: [0,201178947,com.miui.home.launcher.Launcher,performRestartActivity,0]
12-21 16:14:12.762  3148  3148 I wm_on_start_called: [0,201178947,com.miui.home.launcher.Launcher,handleStartActivity,0]
12-21 16:14:12.828  3148  3148 I com.miui.home: CheckGCForNative adj_start_bytes: 34614159 NativeAllocationGcWatermark: 10721483 java_gc_start_bytes: 18531935 kNewNativeDiscountFactor: 2 kOldNativeDiscountFactor: 65536 old_native_bytes: 143112129 new_native_bytes: 18101120 add_bytes_allowed: 32164449 is_gc_concurrent: 1 target_footprint_: 18663007 GetBytesAllocated: 15686336 HeapGrowthMultiplier: 3
12-21 16:14:12.828  3148  3148 I com.miui.home: CheckGCForNative gc_urgency 0.71471 current_native_bytes is 161213249
12-21 16:14:12.885  3148 10547 I com.miui.home: CheckGCForNative adj_start_bytes: 34614159 NativeAllocationGcWatermark: 10721483 java_gc_start_bytes: 18531935 kNewNativeDiscountFactor: 2 kOldNativeDiscountFactor: 65536 old_native_bytes: 143112129 new_native_bytes: 28879952 add_bytes_allowed: 32164449 is_gc_concurrent: 1 target_footprint_: 18663007 GetBytesAllocated: 15719168 HeapGrowthMultiplier: 3
12-21 16:14:12.889  3148 10547 I com.miui.home: CheckGCForNative gc_urgency 0.871358 current_native_bytes is 171992081
12-21 16:14:12.890  3148 10547 I com.miui.home: CheckGCForNative adj_start_bytes: 34614159 NativeAllocationGcWatermark: 10721483 java_gc_start_bytes: 18531935 kNewNativeDiscountFactor: 2 kOldNativeDiscountFactor: 65536 old_native_bytes: 143112129 new_native_bytes: 39587408 add_bytes_allowed: 32164449 is_gc_concurrent: 1 target_footprint_: 18663007 GetBytesAllocated: 15735744 HeapGrowthMultiplier: 3
12-21 16:14:12.890  3148 10547 I com.miui.home: CheckGCForNative gc_urgency 1.02651 current_native_bytes is 182699537
12-21 16:14:12.890  3148 10547 I com.miui.home: CheckGCForNative requested 1
12-21 16:14:12.927  3148 10547 I com.miui.home: CheckGCForNative adj_start_bytes: 34614159 NativeAllocationGcWatermark: 10721483 java_gc_start_bytes: 18531935 kNewNativeDiscountFactor: 2 kOldNativeDiscountFactor: 65536 old_native_bytes: 143112129 new_native_bytes: 39584336 add_bytes_allowed: 32164449 is_gc_concurrent: 1 target_footprint_: 18663007 GetBytesAllocated: 15768512 HeapGrowthMultiplier: 3
12-21 16:14:12.930  3148 10547 I com.miui.home: CheckGCForNative gc_urgency 1.02741 current_native_bytes is 182696465
12-21 16:14:12.931  3148 10547 I com.miui.home: CheckGCForNative requested 1
12-21 16:14:12.961  3148  3310 I com.miui.home: CheckGCForNative adj_start_bytes: 34614159 NativeAllocationGcWatermark: 10721483 java_gc_start_bytes: 18531935 kNewNativeDiscountFactor: 2 kOldNativeDiscountFactor: 65536 old_native_bytes: 143112129 new_native_bytes: 28933200 add_bytes_allowed: 32164449 is_gc_concurrent: 1 target_footprint_: 18663007 GetBytesAllocated: 15801472 HeapGrowthMultiplier: 3
12-21 16:14:12.961  3148  3310 I com.miui.home: CheckGCForNative gc_urgency 0.874505 current_native_bytes is 172045329
12-21 16:14:13.016  3148  3187 I com.miui.home: NativeAlloc concurrent copying GC freed 104042(5831KB) AllocSpace objects, 14(472KB) LOS objects, 49% free, 9255KB/18MB, paused 124us,304us total 121.663ms
12-21 16:14:13.314  3148  3310 I com.miui.home: CheckGCForNative gc_urgency 0 current_native_bytes is 121938221
12-21 16:14:13.474 10232 10232 I wm_on_top_resumed_lost_called: [96678148,com.yxcorp.gifshow.HomeActivity,topStateChangedWhenResumed]
12-21 16:14:13.504 10232 10232 I wm_on_paused_called: [0,96678148,com.yxcorp.gifshow.HomeActivity,performPause,25]
12-21 16:14:13.524  3148  3148 I wm_on_resume_called: [0,201178947,com.miui.home.launcher.Launcher,RESUME_ACTIVITY,6]
12-21 16:14:13.524  3148  3148 I wm_on_top_resumed_gained_called: [201178947,com.miui.home.launcher.Launcher,topWhenResuming]
12-21 16:14:13.524  3148  3148 I wm_on_idle_called: com.miui.home.launcher.Launcher
12-21 16:14:13.643  3148  3670 I com.miui.home: CheckGCForNative adj_start_bytes: 34911127 NativeAllocationGcWatermark: 10757937 java_gc_start_bytes: 18774222 kNewNativeDiscountFactor: 2 kOldNativeDiscountFactor: 65536 old_native_bytes: 121938221 new_native_bytes: 124488 add_bytes_allowed: 32273811 is_gc_concurrent: 1 target_footprint_: 18954638 GetBytesAllocated: 10674632 HeapGrowthMultiplier: 3
12-21 16:14:13.643  3148  3670 I com.miui.home: CheckGCForNative gc_urgency 0.307602 current_native_bytes is 122062709
12-21 16:14:13.679 10232 10232 I wm_on_stop_called: [0,96678148,com.yxcorp.gifshow.HomeActivity,STOP_ACTIVITY_ITEM,36]
12-21 16:14:13.693  3148  3670 I com.miui.home: CheckGCForNative adj_start_bytes: 34911127 NativeAllocationGcWatermark: 10757937 java_gc_start_bytes: 18774222 kNewNativeDiscountFactor: 2 kOldNativeDiscountFactor: 65536 old_native_bytes: 121938221 new_native_bytes: 745132 add_bytes_allowed: 32273811 is_gc_concurrent: 1 target_footprint_: 18954638 GetBytesAllocated: 10871416 HeapGrowthMultiplier: 3
12-21 16:14:13.693  3148  3670 I com.miui.home: CheckGCForNative gc_urgency 0.322128 current_native_bytes is 122683353
12-21 16:14:13.702  3148  3670 I com.miui.home: CheckGCForNative adj_start_bytes: 34911127 NativeAllocationGcWatermark: 10757937 java_gc_start_bytes: 18774222 kNewNativeDiscountFactor: 2 kOldNativeDiscountFactor: 65536 old_native_bytes: 121938221 new_native_bytes: 1141676 add_bytes_allowed: 32273811 is_gc_concurrent: 1 target_footprint_: 18954638 GetBytesAllocated: 10871416 HeapGrowthMultiplier: 3
12-21 16:14:13.702  3148  3670 I com.miui.home: CheckGCForNative gc_urgency 0.327807 current_native_bytes is 123079897
12-21 16:14:13.709  3148  3670 I com.miui.home: CheckGCForNative adj_start_bytes: 34911127 NativeAllocationGcWatermark: 10757937 java_gc_start_bytes: 18774222 kNewNativeDiscountFactor: 2 kOldNativeDiscountFactor: 65536 old_native_bytes: 121938221 new_native_bytes: 1686404 add_bytes_allowed: 32273811 is_gc_concurrent: 1 target_footprint_: 18954638 GetBytesAllocated: 10904392 HeapGrowthMultiplier: 3
12-21 16:14:13.710  3148  3670 I com.miui.home: CheckGCForNative gc_urgency 0.336553 current_native_bytes is 123624625
12-21 16:14:13.728  3148  3148 I wm_on_top_resumed_lost_called: [201178947,com.miui.home.launcher.Launcher,topStateChangedWhenResumed]
12-21 16:14:13.759  3148  3148 I wm_on_paused_called: [0,201178947,com.miui.home.launcher.Launcher,performPause,0]
12-21 16:14:13.797  3148  3670 I com.miui.home: CheckGCForNative adj_start_bytes: 34911127 NativeAllocationGcWatermark: 10757937 java_gc_start_bytes: 18774222 kNewNativeDiscountFactor: 2 kOldNativeDiscountFactor: 65536 old_native_bytes: 121938221 new_native_bytes: 3124136 add_bytes_allowed: 32273811 is_gc_concurrent: 1 target_footprint_: 18954638 GetBytesAllocated: 11139240 HeapGrowthMultiplier: 3
12-21 16:14:13.797  3148  3670 I com.miui.home: CheckGCForNative gc_urgency 0.363872 current_native_bytes is 125062357
12-21 16:14:13.800  3148  3670 I com.miui.home: CheckGCForNative adj_start_bytes: 34911127 NativeAllocationGcWatermark: 10757937 java_gc_start_bytes: 18774222 kNewNativeDiscountFactor: 2 kOldNativeDiscountFactor: 65536 old_native_bytes: 121938221 new_native_bytes: 3626376 add_bytes_allowed: 32273811 is_gc_concurrent: 1 target_footprint_: 18954638 GetBytesAllocated: 11159720 HeapGrowthMultiplier: 3
12-21 16:14:13.801  3148  3670 I com.miui.home: CheckGCForNative gc_urgency 0.371651 current_native_bytes is 125564597
12-21 16:14:13.801  3148  3670 I com.miui.home: CheckGCForNative adj_start_bytes: 34911127 NativeAllocationGcWatermark: 10757937 java_gc_start_bytes: 18774222 kNewNativeDiscountFactor: 2 kOldNativeDiscountFactor: 65536 old_native_bytes: 121938221 new_native_bytes: 3736104 add_bytes_allowed: 32273811 is_gc_concurrent: 1 target_footprint_: 18954638 GetBytesAllocated: 11159720 HeapGrowthMultiplier: 3
12-21 16:14:13.801  3148  3670 I com.miui.home: CheckGCForNative gc_urgency 0.373223 current_native_bytes is 125674325
12-21 16:14:13.818  3148  3670 I com.miui.home: CheckGCForNative adj_start_bytes: 34911127 NativeAllocationGcWatermark: 10757937 java_gc_start_bytes: 18774222 kNewNativeDiscountFactor: 2 kOldNativeDiscountFactor: 65536 old_native_bytes: 121938221 new_native_bytes: 4706432 add_bytes_allowed: 32273811 is_gc_concurrent: 1 target_footprint_: 18954638 GetBytesAllocated: 11258280 HeapGrowthMultiplier: 3
12-21 16:14:13.818  3148  3670 I com.miui.home: CheckGCForNative gc_urgency 0.389943 current_native_bytes is 126644653
12-21 16:14:13.828  3148  3670 I com.miui.home: CheckGCForNative adj_start_bytes: 34911127 NativeAllocationGcWatermark: 10757937 java_gc_start_bytes: 18774222 kNewNativeDiscountFactor: 2 kOldNativeDiscountFactor: 65536 old_native_bytes: 121938221 new_native_bytes: 5546976 add_bytes_allowed: 32273811 is_gc_concurrent: 1 target_footprint_: 18954638 GetBytesAllocated: 11327992 HeapGrowthMultiplier: 3
12-21 16:14:13.828  3148  3670 I com.miui.home: CheckGCForNative gc_urgency 0.403978 current_native_bytes is 127485197
12-21 16:14:13.829  3148  3670 I com.miui.home: CheckGCForNative adj_start_bytes: 34911127 NativeAllocationGcWatermark: 10757937 java_gc_start_bytes: 18774222 kNewNativeDiscountFactor: 2 kOldNativeDiscountFactor: 65536 old_native_bytes: 121938221 new_native_bytes: 5996640 add_bytes_allowed: 32273811 is_gc_concurrent: 1 target_footprint_: 18954638 GetBytesAllocated: 11364856 HeapGrowthMultiplier: 3
12-21 16:14:13.830  3148  3670 I com.miui.home: CheckGCForNative gc_urgency 0.411474 current_native_bytes is 127934861
12-21 16:14:13.846  3148  3670 I com.miui.home: CheckGCForNative adj_start_bytes: 34911127 NativeAllocationGcWatermark: 10757937 java_gc_start_bytes: 18774222 kNewNativeDiscountFactor: 2 kOldNativeDiscountFactor: 65536 old_native_bytes: 121938221 new_native_bytes: 6576080 add_bytes_allowed: 32273811 is_gc_concurrent: 1 target_footprint_: 18954638 GetBytesAllocated: 11430584 HeapGrowthMultiplier: 3
12-21 16:14:13.846  3148  3670 I com.miui.home: CheckGCForNative gc_urgency 0.421656 current_native_bytes is 128514301
12-21 16:14:13.851  3148  3670 I com.miui.home: CheckGCForNative adj_start_bytes: 34911127 NativeAllocationGcWatermark: 10757937 java_gc_start_bytes: 18774222 kNewNativeDiscountFactor: 2 kOldNativeDiscountFactor: 65536 old_native_bytes: 121938221 new_native_bytes: 6961392 add_bytes_allowed: 32273811 is_gc_concurrent: 1 target_footprint_: 18954638 GetBytesAllocated: 11430584 HeapGrowthMultiplier: 3
12-21 16:14:13.851  3148  3670 I com.miui.home: CheckGCForNative gc_urgency 0.427174 current_native_bytes is 128899613
12-21 16:14:13.873  3148  3670 I com.miui.home: CheckGCForNative adj_start_bytes: 34911127 NativeAllocationGcWatermark: 10757937 java_gc_start_bytes: 18774222 kNewNativeDiscountFactor: 2 kOldNativeDiscountFactor: 65536 old_native_bytes: 121938221 new_native_bytes: 8004088 add_bytes_allowed: 32273811 is_gc_concurrent: 1 target_footprint_: 18954638 GetBytesAllocated: 11639576 HeapGrowthMultiplier: 3
12-21 16:14:13.873  3148  3670 I com.miui.home: CheckGCForNative gc_urgency 0.448094 current_native_bytes is 129942309
12-21 16:14:13.875  3148  3670 I com.miui.home: CheckGCForNative adj_start_bytes: 34911127 NativeAllocationGcWatermark: 10757937 java_gc_start_bytes: 18774222 kNewNativeDiscountFactor: 2 kOldNativeDiscountFactor: 65536 old_native_bytes: 121938221 new_native_bytes: 8448504 add_bytes_allowed: 32273811 is_gc_concurrent: 1 target_footprint_: 18954638 GetBytesAllocated: 11660056 HeapGrowthMultiplier: 3
12-21 16:14:13.875  3148  3670 I com.miui.home: CheckGCForNative gc_urgency 0.455046 current_native_bytes is 130386725
12-21 16:14:13.889  3148  3670 I com.miui.home: CheckGCForNative adj_start_bytes: 34911127 NativeAllocationGcWatermark: 10757937 java_gc_start_bytes: 18774222 kNewNativeDiscountFactor: 2 kOldNativeDiscountFactor: 65536 old_native_bytes: 121938221 new_native_bytes: 9684760 add_bytes_allowed: 32273811 is_gc_concurrent: 1 target_footprint_: 18954638 GetBytesAllocated: 11693000 HeapGrowthMultiplier: 3
12-21 16:14:13.890  3148  3670 I com.miui.home: CheckGCForNative gc_urgency 0.473695 current_native_bytes is 131622981
12-21 16:14:13.902  3148  3670 I com.miui.home: CheckGCForNative adj_start_bytes: 34911127 NativeAllocationGcWatermark: 10757937 java_gc_start_bytes: 18774222 kNewNativeDiscountFactor: 2 kOldNativeDiscountFactor: 65536 old_native_bytes: 121938221 new_native_bytes: 10066296 add_bytes_allowed: 32273811 is_gc_concurrent: 1 target_footprint_: 18954638 GetBytesAllocated: 11693000 HeapGrowthMultiplier: 3
12-21 16:14:13.902  3148  3670 I com.miui.home: CheckGCForNative gc_urgency 0.47916 current_native_bytes is 132004517
12-21 16:14:13.909  3148  3670 I com.miui.home: CheckGCForNative adj_start_bytes: 34911127 NativeAllocationGcWatermark: 10757937 java_gc_start_bytes: 18774222 kNewNativeDiscountFactor: 2 kOldNativeDiscountFactor: 65536 old_native_bytes: 121938221 new_native_bytes: 10814904 add_bytes_allowed: 32273811 is_gc_concurrent: 1 target_footprint_: 18954638 GetBytesAllocated: 11742344 HeapGrowthMultiplier: 3
12-21 16:14:13.909  3148  3670 I com.miui.home: CheckGCForNative gc_urgency 0.491295 current_native_bytes is 132753125
12-21 16:14:13.911  3148  3670 I com.miui.home: CheckGCForNative adj_start_bytes: 34911127 NativeAllocationGcWatermark: 10757937 java_gc_start_bytes: 18774222 kNewNativeDiscountFactor: 2 kOldNativeDiscountFactor: 65536 old_native_bytes: 121938221 new_native_bytes: 11274296 add_bytes_allowed: 32273811 is_gc_concurrent: 1 target_footprint_: 18954638 GetBytesAllocated: 11742344 HeapGrowthMultiplier: 3
12-21 16:14:13.911  3148  3670 I com.miui.home: CheckGCForNative gc_urgency 0.497874 current_native_bytes is 133212517
12-21 16:14:13.923  3148  3670 I com.miui.home: CheckGCForNative adj_start_bytes: 34911127 NativeAllocationGcWatermark: 10757937 java_gc_start_bytes: 18774222 kNewNativeDiscountFactor: 2 kOldNativeDiscountFactor: 65536 old_native_bytes: 121938221 new_native_bytes: 12270904 add_bytes_allowed: 32273811 is_gc_concurrent: 1 target_footprint_: 18954638 GetBytesAllocated: 11775192 HeapGrowthMultiplier: 3
12-21 16:14:13.923  3148  3670 I com.miui.home: CheckGCForNative gc_urgency 0.513089 current_native_bytes is 134209125
12-21 16:14:13.969  3148  3670 I com.miui.home: CheckGCForNative adj_start_bytes: 34911127 NativeAllocationGcWatermark: 10757937 java_gc_start_bytes: 18774222 kNewNativeDiscountFactor: 2 kOldNativeDiscountFactor: 65536 old_native_bytes: 121938221 new_native_bytes: 12962128 add_bytes_allowed: 32273811 is_gc_concurrent: 1 target_footprint_: 18954638 GetBytesAllocated: 11844888 HeapGrowthMultiplier: 3
12-21 16:14:13.969  3148  3670 I com.miui.home: CheckGCForNative gc_urgency 0.524985 current_native_bytes is 134900349
12-21 16:14:13.971  3148  3670 I com.miui.home: CheckGCForNative adj_start_bytes: 34911127 NativeAllocationGcWatermark: 10757937 java_gc_start_bytes: 18774222 kNewNativeDiscountFactor: 2 kOldNativeDiscountFactor: 65536 old_native_bytes: 121938221 new_native_bytes: 13423440 add_bytes_allowed: 32273811 is_gc_concurrent: 1 target_footprint_: 18954638 GetBytesAllocated: 11865368 HeapGrowthMultiplier: 3
12-21 16:14:13.971  3148  3670 I com.miui.home: CheckGCForNative gc_urgency 0.532178 current_native_bytes is 135361661
12-21 16:14:13.971  3148  3670 I com.miui.home: CheckGCForNative adj_start_bytes: 34911127 NativeAllocationGcWatermark: 10757937 java_gc_start_bytes: 18774222 kNewNativeDiscountFactor: 2 kOldNativeDiscountFactor: 65536 old_native_bytes: 121938221 new_native_bytes: 13443920 add_bytes_allowed: 32273811 is_gc_concurrent: 1 target_footprint_: 18954638 GetBytesAllocated: 11881752 HeapGrowthMultiplier: 3
12-21 16:14:13.971  3148  3670 I com.miui.home: CheckGCForNative gc_urgency 0.532941 current_native_bytes is 135382141
12-21 16:14:13.997  3148  3670 I com.miui.home: CheckGCForNative adj_start_bytes: 34911127 NativeAllocationGcWatermark: 10757937 java_gc_start_bytes: 18774222 kNewNativeDiscountFactor: 2 kOldNativeDiscountFactor: 65536 old_native_bytes: 121938221 new_native_bytes: 14167440 add_bytes_allowed: 32273811 is_gc_concurrent: 1 target_footprint_: 18954638 GetBytesAllocated: 11914696 HeapGrowthMultiplier: 3
12-21 16:14:13.997  3148  3670 I com.miui.home: CheckGCForNative gc_urgency 0.544247 current_native_bytes is 136105661
12-21 16:14:14.011  3148  3670 I com.miui.home: CheckGCForNative adj_start_bytes: 34911127 NativeAllocationGcWatermark: 10757937 java_gc_start_bytes: 18774222 kNewNativeDiscountFactor: 2 kOldNativeDiscountFactor: 65536 old_native_bytes: 121938221 new_native_bytes: 14821136 add_bytes_allowed: 32273811 is_gc_concurrent: 1 target_footprint_: 18954638 GetBytesAllocated: 11914696 HeapGrowthMultiplier: 3
12-21 16:14:14.011  3148  3670 I com.miui.home: CheckGCForNative gc_urgency 0.553609 current_native_bytes is 136759357
12-21 16:14:14.124  3148  3670 I com.miui.home: CheckGCForNative adj_start_bytes: 34911127 NativeAllocationGcWatermark: 10757937 java_gc_start_bytes: 18774222 kNewNativeDiscountFactor: 2 kOldNativeDiscountFactor: 65536 old_native_bytes: 121938221 new_native_bytes: 15827912 add_bytes_allowed: 32273811 is_gc_concurrent: 1 target_footprint_: 18954638 GetBytesAllocated: 12259544 HeapGrowthMultiplier: 3
12-21 16:14:14.124  3148  3670 I com.miui.home: CheckGCForNative gc_urgency 0.577906 current_native_bytes is 137766133
12-21 16:14:14.127  3148  3670 I com.miui.home: CheckGCForNative adj_start_bytes: 34911127 NativeAllocationGcWatermark: 10757937 java_gc_start_bytes: 18774222 kNewNativeDiscountFactor: 2 kOldNativeDiscountFactor: 65536 old_native_bytes: 121938221 new_native_bytes: 16225000 add_bytes_allowed: 32273811 is_gc_concurrent: 1 target_footprint_: 18954638 GetBytesAllocated: 12275928 HeapGrowthMultiplier: 3
12-21 16:14:14.127  3148  3670 I com.miui.home: CheckGCForNative gc_urgency 0.584063 current_native_bytes is 138163221
