12-21 10:01:40.152  3128  3656 I com.miui.home: CheckGCForNative gc_urgency 0.774205 current_native_bytes is 155703537
12-21 10:01:40.298  3128  3128 I wm_on_resume_called: [0,260461833,com.miui.home.launcher.Launcher,RESUME_ACTIVITY,11]
12-21 10:01:40.298  3128  3128 I wm_on_top_resumed_gained_called: [260461833,com.miui.home.launcher.Launcher,topWhenResuming]
12-21 10:01:40.299  3128  3128 I wm_on_top_resumed_lost_called: [260461833,com.miui.home.launcher.Launcher,topStateChangedWhenResumed]
12-21 10:01:40.309  3128  3128 I wm_on_paused_called: [0,260461833,com.miui.home.launcher.Launcher,performPause,1]
12-21 10:01:40.318  3128  3269 I com.miui.home: CheckGCForNative adj_start_bytes: 35172522 NativeAllocationGcWatermark: 10810515 java_gc_start_bytes: 18956750 kNewNativeDiscountFactor: 2 kOldNativeDiscountFactor: 65536 old_native_bytes: 131565889 new_native_bytes: 24466068 add_bytes_allowed: 32431545 is_gc_concurrent: 1 target_footprint_: 19375262 GetBytesAllocated: 15570272 HeapGrowthMultiplier: 3
12-21 10:01:40.318  3128  3269 I com.miui.home: CheckGCForNative gc_urgency 0.790541 current_native_bytes is 156031957
12-21 10:01:40.329  3128  3656 I com.miui.home: CheckGCForNative adj_start_bytes: 35172522 NativeAllocationGcWatermark: 10810515 java_gc_start_bytes: 18956750 kNewNativeDiscountFactor: 2 kOldNativeDiscountFactor: 65536 old_native_bytes: 131565889 new_native_bytes: 35174164 add_bytes_allowed: 32431545 is_gc_concurrent: 1 target_footprint_: 19375262 GetBytesAllocated: 15586656 HeapGrowthMultiplier: 3
12-21 10:01:40.329  3128  3656 I com.miui.home: CheckGCForNative gc_urgency 0.943229 current_native_bytes is 166740053
12-21 10:01:40.351  3128  3128 I wm_on_idle_called: com.miui.home.launcher.Launcher
12-21 10:01:40.572  3128  3656 I com.miui.home: CheckGCForNative adj_start_bytes: 35172522 NativeAllocationGcWatermark: 10810515 java_gc_start_bytes: 18956750 kNewNativeDiscountFactor: 2 kOldNativeDiscountFactor: 65536 old_native_bytes: 131565889 new_native_bytes: 24660512 add_bytes_allowed: 32431545 is_gc_concurrent: 1 target_footprint_: 19375262 GetBytesAllocated: 16119856 HeapGrowthMultiplier: 3
12-21 10:01:40.572  3128  3656 I com.miui.home: CheckGCForNative gc_urgency 0.80893 current_native_bytes is 156226401
12-21 10:01:41.512 11213 11213 I wm_on_create_called: [0,34169242,com.tencent.mobileqq.activity.SplashActivity,performCreate,81]
12-21 10:01:41.517 11213 11213 I wm_on_start_called: [0,34169242,com.tencent.mobileqq.activity.SplashActivity,handleStartActivity,3]
12-21 10:01:41.530 11213 11213 I wm_on_resume_called: [0,34169242,com.tencent.mobileqq.activity.SplashActivity,RESUME_ACTIVITY,11]
12-21 10:01:41.553 11213 11213 I wm_on_top_resumed_gained_called: [34169242,com.tencent.mobileqq.activity.SplashActivity,topStateChangedWhenResumed]
12-21 10:01:41.786 11213 11213 I wm_on_idle_called: com.tencent.mobileqq.activity.SplashActivity
12-21 10:01:41.822  3128  3128 I wm_on_stop_called: [0,260461833,com.miui.home.launcher.Launcher,STOP_ACTIVITY_ITEM,3]
12-21 10:01:41.922 11213 11213 I wm_on_top_resumed_lost_called: [34169242,com.tencent.mobileqq.activity.SplashActivity,topStateChangedWhenResumed]
12-21 10:01:41.923 11213 11213 I wm_on_paused_called: [0,34169242,com.tencent.mobileqq.activity.SplashActivity,performPause,1]
12-21 10:01:42.002 11213 11213 I wm_on_create_called: [0,131224247,com.tencent.mobileqq.activity.LoginActivity,performCreate,41]
12-21 10:01:42.031 11213 11213 I wm_on_start_called: [0,131224247,com.tencent.mobileqq.activity.LoginActivity,handleStartActivity,28]
12-21 10:01:42.035 11213 11213 I wm_on_resume_called: [0,131224247,com.tencent.mobileqq.activity.LoginActivity,RESUME_ACTIVITY,3]
12-21 10:01:42.042 11213 11213 I wm_on_top_resumed_gained_called: [131224247,com.tencent.mobileqq.activity.LoginActivity,topStateChangedWhenResumed]
12-21 10:01:42.104  3128  3656 I com.miui.home: CheckGCForNative adj_start_bytes: 35172522 NativeAllocationGcWatermark: 10810515 java_gc_start_bytes: 18956750 kNewNativeDiscountFactor: 2 kOldNativeDiscountFactor: 65536 old_native_bytes: 131565889 new_native_bytes: 25039888 add_bytes_allowed: 32431545 is_gc_concurrent: 1 target_footprint_: 19375262 GetBytesAllocated: 17194768 HeapGrowthMultiplier: 3
12-21 10:01:42.104  3128  3656 I com.miui.home: CheckGCForNative gc_urgency 0.844885 current_native_bytes is 156605777
12-21 10:01:42.135 11213 11213 I wm_on_idle_called: com.tencent.mobileqq.activity.LoginActivity
12-21 10:01:42.208  3128  3128 I wm_on_restart_called: [0,260461833,com.miui.home.launcher.Launcher,performRestartActivity,0]
12-21 10:01:42.209  3128  3128 I wm_on_start_called: [0,260461833,com.miui.home.launcher.Launcher,handleStartActivity,0]
12-21 10:01:42.228  3128  3656 I com.miui.home: CheckGCForNative adj_start_bytes: 35172522 NativeAllocationGcWatermark: 10810515 java_gc_start_bytes: 18956750 kNewNativeDiscountFactor: 2 kOldNativeDiscountFactor: 65536 old_native_bytes: 131565889 new_native_bytes: 25396892 add_bytes_allowed: 32431545 is_gc_concurrent: 1 target_footprint_: 19375262 GetBytesAllocated: 18014640 HeapGrowthMultiplier: 3
12-21 10:01:42.230  3128  3656 I com.miui.home: CheckGCForNative gc_urgency 0.87327 current_native_bytes is 156962781
12-21 10:01:42.366  3128  3280 I com.miui.home: CheckGCForNative adj_start_bytes: 35172522 NativeAllocationGcWatermark: 10810515 java_gc_start_bytes: 18956750 kNewNativeDiscountFactor: 2 kOldNativeDiscountFactor: 65536 old_native_bytes: 131565889 new_native_bytes: 25486652 add_bytes_allowed: 32431545 is_gc_concurrent: 1 target_footprint_: 19375262 GetBytesAllocated: 18342480 HeapGrowthMultiplier: 3
12-21 10:01:42.366  3128  3280 I com.miui.home: CheckGCForNative gc_urgency 0.883866 current_native_bytes is 157052541
12-21 10:01:42.466  3128  3280 I com.miui.home: CheckGCForNative adj_start_bytes: 35172522 NativeAllocationGcWatermark: 10810515 java_gc_start_bytes: 18956750 kNewNativeDiscountFactor: 2 kOldNativeDiscountFactor: 65536 old_native_bytes: 131565889 new_native_bytes: 25493884 add_bytes_allowed: 32431545 is_gc_concurrent: 1 target_footprint_: 19375262 GetBytesAllocated: 18408016 HeapGrowthMultiplier: 3
12-21 10:01:42.466  3128  3280 I com.miui.home: CheckGCForNative gc_urgency 0.885833 current_native_bytes is 157059773
12-21 10:01:42.785 11213 11213 I wm_on_top_resumed_lost_called: [131224247,com.tencent.mobileqq.activity.LoginActivity,topStateChangedWhenResumed]
12-21 10:01:42.801  3128  3128 I wm_on_resume_called: [0,260461833,com.miui.home.launcher.Launcher,RESUME_ACTIVITY,3]
12-21 10:01:42.802  3128  3128 I wm_on_idle_called: com.miui.home.launcher.Launcher
12-21 10:01:42.813  3128  3128 I wm_on_top_resumed_gained_called: [260461833,com.miui.home.launcher.Launcher,topStateChangedWhenResumed]
12-21 10:01:42.814 11213 11213 I wm_on_paused_called: [0,131224247,com.tencent.mobileqq.activity.LoginActivity,performPause,2]
12-21 10:01:42.817 11213 11213 I wm_on_stop_called: [0,131224247,com.tencent.mobileqq.activity.LoginActivity,STOP_ACTIVITY_ITEM,2]
12-21 10:01:42.843 11213 11213 I wm_on_stop_called: [0,34169242,com.tencent.mobileqq.activity.SplashActivity,LIFECYCLER_STOP_ACTIVITY,4]
12-21 10:01:42.848 11213 11213 I wm_on_destroy_called: [0,34169242,com.tencent.mobileqq.activity.SplashActivity,performDestroy,5]
12-21 10:01:42.982  3128  3656 I com.miui.home: CheckGCForNative gc_urgency 0 current_native_bytes is 147354741
12-21 10:01:43.010  3128  3656 I com.miui.home: CheckGCForNative adj_start_bytes: 35312474 NativeAllocationGcWatermark: 10810515 java_gc_start_bytes: 19096702 kNewNativeDiscountFactor: 2 kOldNativeDiscountFactor: 65536 old_native_bytes: 147354741 new_native_bytes: 1784388 add_bytes_allowed: 32431545 is_gc_concurrent: 1 target_footprint_: 19375262 GetBytesAllocated: 10389576 HeapGrowthMultiplier: 3
12-21 10:01:43.010  3128  3656 I com.miui.home: CheckGCForNative gc_urgency 0.319548 current_native_bytes is 149139129
12-21 10:01:43.019  3128  3656 I com.miui.home: CheckGCForNative adj_start_bytes: 35312474 NativeAllocationGcWatermark: 10810515 java_gc_start_bytes: 19096702 kNewNativeDiscountFactor: 2 kOldNativeDiscountFactor: 65536 old_native_bytes: 147354741 new_native_bytes: 3170404 add_bytes_allowed: 32431545 is_gc_concurrent: 1 target_footprint_: 19375262 GetBytesAllocated: 10438792 HeapGrowthMultiplier: 3
12-21 10:01:43.019  3128  3656 I com.miui.home: CheckGCForNative gc_urgency 0.340566 current_native_bytes is 150525145
12-21 10:01:43.050  3128  3656 I com.miui.home: CheckGCForNative adj_start_bytes: 35312474 NativeAllocationGcWatermark: 10810515 java_gc_start_bytes: 19096702 kNewNativeDiscountFactor: 2 kOldNativeDiscountFactor: 65536 old_native_bytes: 147354741 new_native_bytes: 3668792 add_bytes_allowed: 32431545 is_gc_concurrent: 1 target_footprint_: 19375262 GetBytesAllocated: 10799720 HeapGrowthMultiplier: 3
12-21 10:01:43.050  3128  3656 I com.miui.home: CheckGCForNative gc_urgency 0.357844 current_native_bytes is 151023533
12-21 10:01:44.875  3128  3128 I wm_on_top_resumed_lost_called: [260461833,com.miui.home.launcher.Launcher,topStateChangedWhenResumed]
12-21 10:01:44.879  3128  3128 I wm_on_paused_called: [0,260461833,com.miui.home.launcher.Launcher,performPause,1]
12-21 10:01:44.947  3128  3656 I com.miui.home: CheckGCForNative adj_start_bytes: 35312474 NativeAllocationGcWatermark: 10810515 java_gc_start_bytes: 19096702 kNewNativeDiscountFactor: 2 kOldNativeDiscountFactor: 65536 old_native_bytes: 147354741 new_native_bytes: 4456024 add_bytes_allowed: 32431545 is_gc_concurrent: 1 target_footprint_: 19375262 GetBytesAllocated: 12057704 HeapGrowthMultiplier: 3
12-21 10:01:44.947  3128  3656 I com.miui.home: CheckGCForNative gc_urgency 0.404615 current_native_bytes is 151810765
12-21 10:01:45.021  3128  3280 I com.miui.home: CheckGCForNative adj_start_bytes: 35312474 NativeAllocationGcWatermark: 10810515 java_gc_start_bytes: 19096702 kNewNativeDiscountFactor: 2 kOldNativeDiscountFactor: 65536 old_native_bytes: 147354741 new_native_bytes: 4561888 add_bytes_allowed: 32431545 is_gc_concurrent: 1 target_footprint_: 19375262 GetBytesAllocated: 12623496 HeapGrowthMultiplier: 3
12-21 10:01:45.021  3128  3280 I com.miui.home: CheckGCForNative gc_urgency 0.422137 current_native_bytes is 151916629
12-21 10:01:45.055  3128  3280 I com.miui.home: CheckGCForNative adj_start_bytes: 35312474 NativeAllocationGcWatermark: 10810515 java_gc_start_bytes: 19096702 kNewNativeDiscountFactor: 2 kOldNativeDiscountFactor: 65536 old_native_bytes: 147354741 new_native_bytes: 4704060 add_bytes_allowed: 32431545 is_gc_concurrent: 1 target_footprint_: 19375262 GetBytesAllocated: 12836488 HeapGrowthMultiplier: 3
12-21 10:01:45.055  3128  3280 I com.miui.home: CheckGCForNative gc_urgency 0.430645 current_native_bytes is 152058801
12-21 10:01:45.096  3128  3656 I com.miui.home: CheckGCForNative adj_start_bytes: 35312474 NativeAllocationGcWatermark: 10810515 java_gc_start_bytes: 19096702 kNewNativeDiscountFactor: 2 kOldNativeDiscountFactor: 65536 old_native_bytes: 147354741 new_native_bytes: 4828380 add_bytes_allowed: 32431545 is_gc_concurrent: 1 target_footprint_: 19375262 GetBytesAllocated: 13066312 HeapGrowthMultiplier: 3
12-21 10:01:45.096  3128  3656 I com.miui.home: CheckGCForNative gc_urgency 0.43845 current_native_bytes is 152183121
12-21 10:01:46.090 11586 11586 I wm_on_application_create_called: [0,com.dragon.read,666]
12-21 10:01:46.226 11586 11586 I wm_on_create_called: [0,209599355,com.dragon.read.pages.splash.SplashActivity,performCreate,44]
12-21 10:01:46.263 11586 11586 I wm_on_start_called: [0,209599355,com.dragon.read.pages.splash.SplashActivity,handleStartActivity,35]
12-21 10:01:46.351 11586 11586 I wm_on_resume_called: [0,209599355,com.dragon.read.pages.splash.SplashActivity,RESUME_ACTIVITY,87]
12-21 10:01:46.351 11586 11586 I wm_on_top_resumed_gained_called: [209599355,com.dragon.read.pages.splash.SplashActivity,topStateChangedWhenResumed]
12-21 10:01:46.422 11586 11586 I wm_on_top_resumed_lost_called: [209599355,com.dragon.read.pages.splash.SplashActivity,topStateChangedWhenResumed]
12-21 10:01:46.462 11586 11586 I wm_on_paused_called: [0,209599355,com.dragon.read.pages.splash.SplashActivity,performPause,40]
12-21 10:01:46.591  3128  3181 I com.miui.home: CheckGCForNative adj_start_bytes: 35312474 NativeAllocationGcWatermark: 10810515 java_gc_start_bytes: 19096702 kNewNativeDiscountFactor: 2 kOldNativeDiscountFactor: 65536 old_native_bytes: 147354741 new_native_bytes: 15339940 add_bytes_allowed: 32431545 is_gc_concurrent: 1 target_footprint_: 19375262 GetBytesAllocated: 14107448 HeapGrowthMultiplier: 3
12-21 10:01:46.592  3128  3181 I com.miui.home: CheckGCForNative gc_urgency 0.61677 current_native_bytes is 162694681
12-21 10:01:46.592  3128  3181 I com.miui.home: CheckGCForNative adj_start_bytes: 35312474 NativeAllocationGcWatermark: 10810515 java_gc_start_bytes: 19096702 kNewNativeDiscountFactor: 2 kOldNativeDiscountFactor: 65536 old_native_bytes: 147354741 new_native_bytes: 26045860 add_bytes_allowed: 32431545 is_gc_concurrent: 1 target_footprint_: 19375262 GetBytesAllocated: 14107640 HeapGrowthMultiplier: 3
12-21 10:01:46.592  3128  3181 I com.miui.home: CheckGCForNative gc_urgency 0.768364 current_native_bytes is 173400601
12-21 10:01:46.598  3128  3280 I com.miui.home: CheckGCForNative adj_start_bytes: 35312474 NativeAllocationGcWatermark: 10810515 java_gc_start_bytes: 19096702 kNewNativeDiscountFactor: 2 kOldNativeDiscountFactor: 65536 old_native_bytes: 147354741 new_native_bytes: 15329188 add_bytes_allowed: 32431545 is_gc_concurrent: 1 target_footprint_: 19375262 GetBytesAllocated: 14107640 HeapGrowthMultiplier: 3
12-21 10:01:46.598  3128  3280 I com.miui.home: CheckGCForNative gc_urgency 0.616623 current_native_bytes is 162683929
12-21 10:01:46.699  3128  3181 I com.miui.home: CheckGCForNative adj_start_bytes: 35312474 NativeAllocationGcWatermark: 10810515 java_gc_start_bytes: 19096702 kNewNativeDiscountFactor: 2 kOldNativeDiscountFactor: 65536 old_native_bytes: 147354741 new_native_bytes: 26046564 add_bytes_allowed: 32431545 is_gc_concurrent: 1 target_footprint_: 19375262 GetBytesAllocated: 14222360 HeapGrowthMultiplier: 3
12-21 10:01:46.701  3128  3181 I com.miui.home: CheckGCForNative gc_urgency 0.771622 current_native_bytes is 173401305
12-21 10:01:46.774  3128  3656 I com.miui.home: CheckGCForNative adj_start_bytes: 35312474 NativeAllocationGcWatermark: 10810515 java_gc_start_bytes: 19096702 kNewNativeDiscountFactor: 2 kOldNativeDiscountFactor: 65536 old_native_bytes: 147354741 new_native_bytes: 15637272 add_bytes_allowed: 32431545 is_gc_concurrent: 1 target_footprint_: 19375262 GetBytesAllocated: 14550792 HeapGrowthMultiplier: 3
12-21 10:01:46.774  3128  3656 I com.miui.home: CheckGCForNative gc_urgency 0.633535 current_native_bytes is 162992013
12-21 10:01:46.861  3128  3656 I com.miui.home: CheckGCForNative adj_start_bytes: 35312474 NativeAllocationGcWatermark: 10810515 java_gc_start_bytes: 19096702 kNewNativeDiscountFactor: 2 kOldNativeDiscountFactor: 65536 old_native_bytes: 147354741 new_native_bytes: 15813912 add_bytes_allowed: 32431545 is_gc_concurrent: 1 target_footprint_: 19375262 GetBytesAllocated: 14928088 HeapGrowthMultiplier: 3
12-21 10:01:46.861  3128  3656 I com.miui.home: CheckGCForNative gc_urgency 0.64672 current_native_bytes is 163168653
12-21 10:01:46.906  3128  3656 I com.miui.home: CheckGCForNative adj_start_bytes: 35312474 NativeAllocationGcWatermark: 10810515 java_gc_start_bytes: 19096702 kNewNativeDiscountFactor: 2 kOldNativeDiscountFactor: 65536 old_native_bytes: 147354741 new_native_bytes: 26700940 add_bytes_allowed: 32431545 is_gc_concurrent: 1 target_footprint_: 19375262 GetBytesAllocated: 15124696 HeapGrowthMultiplier: 3
12-21 10:01:46.906  3128  3656 I com.miui.home: CheckGCForNative gc_urgency 0.806441 current_native_bytes is 174055681
12-21 10:01:46.925 11586 11586 I wm_on_create_called: [0,263770843,com.dragon.read.pages.main.MainFragmentActivity,performCreate,271]
12-21 10:01:46.959  3128  3280 I com.miui.home: CheckGCForNative adj_start_bytes: 35312474 NativeAllocationGcWatermark: 10810515 java_gc_start_bytes: 19096702 kNewNativeDiscountFactor: 2 kOldNativeDiscountFactor: 65536 old_native_bytes: 147354741 new_native_bytes: 15998604 add_bytes_allowed: 32431545 is_gc_concurrent: 1 target_footprint_: 19375262 GetBytesAllocated: 15141336 HeapGrowthMultiplier: 3
12-21 10:01:46.959  3128  3280 I com.miui.home: CheckGCForNative gc_urgency 0.655374 current_native_bytes is 163353345
12-21 10:01:46.993  3128  3280 I com.miui.home: CheckGCForNative adj_start_bytes: 35312474 NativeAllocationGcWatermark: 10810515 java_gc_start_bytes: 19096702 kNewNativeDiscountFactor: 2 kOldNativeDiscountFactor: 65536 old_native_bytes: 147354741 new_native_bytes: 16002124 add_bytes_allowed: 32431545 is_gc_concurrent: 1 target_footprint_: 19375262 GetBytesAllocated: 15157720 HeapGrowthMultiplier: 3
12-21 10:01:46.993  3128  3280 I com.miui.home: CheckGCForNative gc_urgency 0.655888 current_native_bytes is 163356865
12-21 10:01:47.067 11586 11586 I wm_on_start_called: [0,263770843,com.dragon.read.pages.main.MainFragmentActivity,handleStartActivity,139]
12-21 10:01:47.135  3128  3128 I wm_on_resume_called: [0,260461833,com.miui.home.launcher.Launcher,RESUME_ACTIVITY,2]
12-21 10:01:47.172 11586 11586 I wm_on_resume_called: [0,263770843,com.dragon.read.pages.main.MainFragmentActivity,RESUME_ACTIVITY,105]
12-21 10:01:47.272  3128  3128 I wm_on_idle_called: com.miui.home.launcher.Launcher
12-21 10:01:47.465 11586 11586 I wm_on_top_resumed_gained_called: [263770843,com.dragon.read.pages.main.MainFragmentActivity,topStateChangedWhenResumed]
12-21 10:01:47.473  3128  3656 I com.miui.home: CheckGCForNative adj_start_bytes: 35312474 NativeAllocationGcWatermark: 10810515 java_gc_start_bytes: 19096702 kNewNativeDiscountFactor: 2 kOldNativeDiscountFactor: 65536 old_native_bytes: 147354741 new_native_bytes: 16142800 add_bytes_allowed: 32431545 is_gc_concurrent: 1 target_footprint_: 19375262 GetBytesAllocated: 16412552 HeapGrowthMultiplier: 3
12-21 10:01:47.473  3128  3656 I com.miui.home: CheckGCForNative gc_urgency 0.693415 current_native_bytes is 163497541
12-21 10:01:47.490  3128  3656 I com.miui.home: CheckGCForNative adj_start_bytes: 35312474 NativeAllocationGcWatermark: 10810515 java_gc_start_bytes: 19096702 kNewNativeDiscountFactor: 2 kOldNativeDiscountFactor: 65536 old_native_bytes: 147354741 new_native_bytes: 27026640 add_bytes_allowed: 32431545 is_gc_concurrent: 1 target_footprint_: 19375262 GetBytesAllocated: 16543624 HeapGrowthMultiplier: 3
12-21 10:01:47.490  3128  3656 I com.miui.home: CheckGCForNative gc_urgency 0.851234 current_native_bytes is 174381381
12-21 10:01:47.516  3128  3656 I com.miui.home: CheckGCForNative adj_start_bytes: 35312474 NativeAllocationGcWatermark: 10810515 java_gc_start_bytes: 19096702 kNewNativeDiscountFactor: 2 kOldNativeDiscountFactor: 65536 old_native_bytes: 147354741 new_native_bytes: 16546692 add_bytes_allowed: 32431545 is_gc_concurrent: 1 target_footprint_: 19375262 GetBytesAllocated: 16790024 HeapGrowthMultiplier: 3
12-21 10:01:47.516  3128  3656 I com.miui.home: CheckGCForNative gc_urgency 0.709823 current_native_bytes is 163901433
12-21 10:01:47.610  3128  3128 I wm_on_top_resumed_gained_called: [260461833,com.miui.home.launcher.Launcher,topStateChangedWhenResumed]
12-21 10:01:47.684 11586 11586 I wm_on_top_resumed_lost_called: [263770843,com.dragon.read.pages.main.MainFragmentActivity,topStateChangedWhenResumed]
12-21 10:01:47.748 11586 11586 I wm_on_paused_called: [0,263770843,com.dragon.read.pages.main.MainFragmentActivity,performPause,51]
12-21 10:01:47.841 11586 11586 I wm_on_stop_called: [0,263770843,com.dragon.read.pages.main.MainFragmentActivity,STOP_ACTIVITY_ITEM,55]
12-21 10:01:47.855 11586 11586 I wm_on_stop_called: [0,209599355,com.dragon.read.pages.splash.SplashActivity,LIFECYCLER_STOP_ACTIVITY,7]
12-21 10:01:47.915 11586 11586 I wm_on_destroy_called: [0,209599355,com.dragon.read.pages.splash.SplashActivity,performDestroy,9]
12-21 10:01:47.969  3128  3128 I wm_on_top_resumed_lost_called: [260461833,com.miui.home.launcher.Launcher,topStateChangedWhenResumed]
12-21 10:01:47.977  3128  3128 I wm_on_paused_called: [0,260461833,com.miui.home.launcher.Launcher,performPause,1]
12-21 10:01:48.127  3128  3656 I com.miui.home: CheckGCForNative adj_start_bytes: 35312474 NativeAllocationGcWatermark: 10810515 java_gc_start_bytes: 19096702 kNewNativeDiscountFactor: 2 kOldNativeDiscountFactor: 65536 old_native_bytes: 147354741 new_native_bytes: 16927992 add_bytes_allowed: 32431545 is_gc_concurrent: 1 target_footprint_: 19375262 GetBytesAllocated: 17732776 HeapGrowthMultiplier: 3
12-21 10:01:48.127  3128  3656 I com.miui.home: CheckGCForNative gc_urgency 0.74192 current_native_bytes is 164282733
12-21 10:01:48.184  3128  3280 I com.miui.home: CheckGCForNative adj_start_bytes: 35312474 NativeAllocationGcWatermark: 10810515 java_gc_start_bytes: 19096702 kNewNativeDiscountFactor: 2 kOldNativeDiscountFactor: 65536 old_native_bytes: 147354741 new_native_bytes: 17177052 add_bytes_allowed: 32431545 is_gc_concurrent: 1 target_footprint_: 19375262 GetBytesAllocated: 17978536 HeapGrowthMultiplier: 3
12-21 10:01:48.184  3128  3280 I com.miui.home: CheckGCForNative gc_urgency 0.752406 current_native_bytes is 164531793
12-21 10:01:48.364  3128  3656 I com.miui.home: CheckGCForNative adj_start_bytes: 35312474 NativeAllocationGcWatermark: 10810515 java_gc_start_bytes: 19096702 kNewNativeDiscountFactor: 2 kOldNativeDiscountFactor: 65536 old_native_bytes: 147354741 new_native_bytes: 17308080 add_bytes_allowed: 32431545 is_gc_concurrent: 1 target_footprint_: 19375262 GetBytesAllocated: 18372328 HeapGrowthMultiplier: 3
12-21 10:01:48.364  3128  3656 I com.miui.home: CheckGCForNative gc_urgency 0.765413 current_native_bytes is 164662821
12-21 10:01:49.139 12091 12091 I wm_on_application_create_called: [0,com.taobao.taobao,319]
12-21 10:01:49.284 12058 12058 I wm_on_application_create_called: [0,com.taobao.taobao,601]
12-21 10:01:49.429 12058 12058 I wm_on_create_called: [0,202345098,com.taobao.tao.welcome.Welcome,performCreate,128]
12-21 10:01:49.500 12058 12058 I wm_on_start_called: [0,202345098,com.taobao.tao.welcome.Welcome,handleStartActivity,70]
12-21 10:01:49.544 12058 12058 I wm_on_resume_called: [0,202345098,com.taobao.tao.welcome.Welcome,RESUME_ACTIVITY,39]
12-21 10:01:49.576 12058 12058 I wm_on_top_resumed_gained_called: [202345098,com.taobao.tao.welcome.Welcome,topStateChangedWhenResumed]
12-21 10:01:49.940  3128  3678 I com.miui.home: CheckGCForNative adj_start_bytes: 35312474 NativeAllocationGcWatermark: 10810515 java_gc_start_bytes: 19096702 kNewNativeDiscountFactor: 2 kOldNativeDiscountFactor: 65536 old_native_bytes: 147354741 new_native_bytes: 28240932 add_bytes_allowed: 32431545 is_gc_concurrent: 1 target_footprint_: 19375262 GetBytesAllocated: 19044632 HeapGrowthMultiplier: 3
12-21 10:01:49.940  3128  3678 I com.miui.home: CheckGCForNative gc_urgency 0.939253 current_native_bytes is 175595673
12-21 10:01:49.940  3128  3678 I com.miui.home: CheckGCForNative adj_start_bytes: 35312474 NativeAllocationGcWatermark: 10810515 java_gc_start_bytes: 19096702 kNewNativeDiscountFactor: 2 kOldNativeDiscountFactor: 65536 old_native_bytes: 147354741 new_native_bytes: 38946852 add_bytes_allowed: 32431545 is_gc_concurrent: 1 target_footprint_: 19375262 GetBytesAllocated: 19044824 HeapGrowthMultiplier: 3
12-21 10:01:49.940  3128  3678 I com.miui.home: CheckGCForNative gc_urgency 1.09085 current_native_bytes is 186301593
12-21 10:01:49.940  3128  3678 I com.miui.home: CheckGCForNative requested 1
12-21 10:01:49.984  3128  3678 I com.miui.home: CheckGCForNative adj_start_bytes: 35312474 NativeAllocationGcWatermark: 10810515 java_gc_start_bytes: 19096702 kNewNativeDiscountFactor: 2 kOldNativeDiscountFactor: 65536 old_native_bytes: 147354741 new_native_bytes: 38952612 add_bytes_allowed: 32431545 is_gc_concurrent: 1 target_footprint_: 19375262 GetBytesAllocated: 19126744 HeapGrowthMultiplier: 3
12-21 10:01:49.985  3128  3678 I com.miui.home: CheckGCForNative gc_urgency 1.09325 current_native_bytes is 186307353
12-21 10:01:49.985  3128  3678 I com.miui.home: CheckGCForNative requested 1
12-21 10:01:50.053  3128  3280 I com.miui.home: CheckGCForNative adj_start_bytes: 35312474 NativeAllocationGcWatermark: 10810515 java_gc_start_bytes: 19096702 kNewNativeDiscountFactor: 2 kOldNativeDiscountFactor: 65536 old_native_bytes: 147354741 new_native_bytes: 28295780 add_bytes_allowed: 32431545 is_gc_concurrent: 1 target_footprint_: 19375262 GetBytesAllocated: 19225272 HeapGrowthMultiplier: 3
12-21 10:01:50.053  3128  3280 I com.miui.home: CheckGCForNative gc_urgency 0.945145 current_native_bytes is 175650521
12-21 10:01:50.180  3128  3171 I com.miui.home: NativeAlloc concurrent copying GC freed 172360(8714KB) AllocSpace objects, 18(640KB) LOS objects, 49% free, 9532KB/18MB, paused 166us,145us total 238.146ms
12-21 10:01:50.186  3128  3280 I com.miui.home: CheckGCForNative gc_urgency 0 current_native_bytes is 164223941
12-21 10:01:50.498  3128  3128 I wm_on_resume_called: [0,260461833,com.miui.home.launcher.Launcher,RESUME_ACTIVITY,13]
12-21 10:01:50.501  3128  3128 I wm_on_idle_called: com.miui.home.launcher.Launcher
12-21 10:01:50.677  3128  3656 I com.miui.home: CheckGCForNative gc_urgency 0 current_native_bytes is 124345541
12-21 10:01:50.715  3128  3656 I com.miui.home: CheckGCForNative adj_start_bytes: 35486556 NativeAllocationGcWatermark: 10828863 java_gc_start_bytes: 19243262 kNewNativeDiscountFactor: 2 kOldNativeDiscountFactor: 65536 old_native_bytes: 124345541 new_native_bytes: 789368 add_bytes_allowed: 32486589 is_gc_concurrent: 1 target_footprint_: 19522046 GetBytesAllocated: 11212656 HeapGrowthMultiplier: 3
12-21 10:01:50.715  3128  3656 I com.miui.home: CheckGCForNative gc_urgency 0.327145 current_native_bytes is 125134909
12-21 10:01:50.756  3128  3656 I com.miui.home: CheckGCForNative adj_start_bytes: 35486556 NativeAllocationGcWatermark: 10828863 java_gc_start_bytes: 19243262 kNewNativeDiscountFactor: 2 kOldNativeDiscountFactor: 65536 old_native_bytes: 124345541 new_native_bytes: 2601020 add_bytes_allowed: 32486589 is_gc_concurrent: 1 target_footprint_: 19522046 GetBytesAllocated: 11458752 HeapGrowthMultiplier: 3
12-21 10:01:50.756  3128  3656 I com.miui.home: CheckGCForNative gc_urgency 0.359605 current_native_bytes is 126946561
12-21 10:01:50.763  3128  3656 I com.miui.home: CheckGCForNative adj_start_bytes: 35486556 NativeAllocationGcWatermark: 10828863 java_gc_start_bytes: 19243262 kNewNativeDiscountFactor: 2 kOldNativeDiscountFactor: 65536 old_native_bytes: 124345541 new_native_bytes: 13920732 add_bytes_allowed: 32486589 is_gc_concurrent: 1 target_footprint_: 19522046 GetBytesAllocated: 11507968 HeapGrowthMultiplier: 3
12-21 10:01:50.763  3128  3656 I com.miui.home: CheckGCForNative gc_urgency 0.520485 current_native_bytes is 138266273
12-21 10:01:50.810  3128  3656 I com.miui.home: CheckGCForNative adj_start_bytes: 35486556 NativeAllocationGcWatermark: 10828863 java_gc_start_bytes: 19243262 kNewNativeDiscountFactor: 2 kOldNativeDiscountFactor: 65536 old_native_bytes: 124345541 new_native_bytes: 3595248 add_bytes_allowed: 32486589 is_gc_concurrent: 1 target_footprint_: 19522046 GetBytesAllocated: 11869104 HeapGrowthMultiplier: 3
12-21 10:01:50.810  3128  3656 I com.miui.home: CheckGCForNative gc_urgency 0.385178 current_native_bytes is 127940789
12-21 10:01:51.072  3128  3128 I wm_on_paused_called: [0,260461833,com.miui.home.launcher.Launcher,performPause,1]
12-21 10:01:51.264  3128  3656 I com.miui.home: CheckGCForNative adj_start_bytes: 35486556 NativeAllocationGcWatermark: 10828863 java_gc_start_bytes: 19243262 kNewNativeDiscountFactor: 2 kOldNativeDiscountFactor: 65536 old_native_bytes: 124345541 new_native_bytes: 3384624 add_bytes_allowed: 32486589 is_gc_concurrent: 1 target_footprint_: 19522046 GetBytesAllocated: 12762704 HeapGrowthMultiplier: 3
12-21 10:01:51.264  3128  3656 I com.miui.home: CheckGCForNative gc_urgency 0.407391 current_native_bytes is 127730165
12-21 10:01:51.345  3128  3280 I com.miui.home: CheckGCForNative adj_start_bytes: 35486556 NativeAllocationGcWatermark: 10828863 java_gc_start_bytes: 19243262 kNewNativeDiscountFactor: 2 kOldNativeDiscountFactor: 65536 old_native_bytes: 124345541 new_native_bytes: 3573776 add_bytes_allowed: 32486589 is_gc_concurrent: 1 target_footprint_: 19522046 GetBytesAllocated: 13090896 HeapGrowthMultiplier: 3
12-21 10:01:51.345  3128  3280 I com.miui.home: CheckGCForNative gc_urgency 0.419305 current_native_bytes is 127919317
12-21 10:01:51.349  3128  3656 I com.miui.home: CheckGCForNative adj_start_bytes: 35486556 NativeAllocationGcWatermark: 10828863 java_gc_start_bytes: 19243262 kNewNativeDiscountFactor: 2 kOldNativeDiscountFactor: 65536 old_native_bytes: 124345541 new_native_bytes: 3575248 add_bytes_allowed: 32486589 is_gc_concurrent: 1 target_footprint_: 19522046 GetBytesAllocated: 13123664 HeapGrowthMultiplier: 3
12-21 10:01:51.349  3128  3656 I com.miui.home: CheckGCForNative gc_urgency 0.420249 current_native_bytes is 127920789
12-21 10:01:51.653  7260  7260 I wm_on_create_called: [0,97534045,com.tencent.mm.ui.LauncherUI,performCreate,284]
12-21 10:01:51.682  7260  7260 I wm_on_start_called: [0,97534045,com.tencent.mm.ui.LauncherUI,handleStartActivity,18]
12-21 10:01:51.763  7260  7260 I wm_on_resume_called: [0,97534045,com.tencent.mm.ui.LauncherUI,RESUME_ACTIVITY,80]
12-21 10:01:51.794  7260  7260 I wm_on_top_resumed_gained_called: [97534045,com.tencent.mm.ui.LauncherUI,topStateChangedWhenResumed]
12-21 10:01:51.797  7260  7260 I wm_on_top_resumed_lost_called: [97534045,com.tencent.mm.ui.LauncherUI,topStateChangedWhenResumed]
12-21 10:01:51.812  7260  7260 I wm_on_paused_called: [0,97534045,com.tencent.mm.ui.LauncherUI,performPause,14]
12-21 10:01:51.834  3128  3128 I wm_on_stop_called: [0,260461833,com.miui.home.launcher.Launcher,STOP_ACTIVITY_ITEM,2]
12-21 10:01:51.958  3128  3656 I com.miui.home: CheckGCForNative adj_start_bytes: 35486556 NativeAllocationGcWatermark: 10828863 java_gc_start_bytes: 19243262 kNewNativeDiscountFactor: 2 kOldNativeDiscountFactor: 65536 old_native_bytes: 124345541 new_native_bytes: 3639748 add_bytes_allowed: 32486589 is_gc_concurrent: 1 target_footprint_: 19522046 GetBytesAllocated: 13738832 HeapGrowthMultiplier: 3
12-21 10:01:51.958  3128  3656 I com.miui.home: CheckGCForNative gc_urgency 0.438493 current_native_bytes is 127985289
12-21 10:01:52.017  7260  7260 I wm_on_create_called: [0,99277036,com.tencent.mm.plugin.account.ui.WelcomeActivity,performCreate,47]
12-21 10:01:52.020  7260  7260 I wm_on_start_called: [0,99277036,com.tencent.mm.plugin.account.ui.WelcomeActivity,handleStartActivity,2]
12-21 10:01:52.026  7260  7260 I wm_on_resume_called: [0,99277036,com.tencent.mm.plugin.account.ui.WelcomeActivity,RESUME_ACTIVITY,6]
12-21 10:01:52.047  3128  3656 I com.miui.home: CheckGCForNative adj_start_bytes: 35486556 NativeAllocationGcWatermark: 10828863 java_gc_start_bytes: 19243262 kNewNativeDiscountFactor: 2 kOldNativeDiscountFactor: 65536 old_native_bytes: 124345541 new_native_bytes: 3935640 add_bytes_allowed: 32486589 is_gc_concurrent: 1 target_footprint_: 19522046 GetBytesAllocated: 14116256 HeapGrowthMultiplier: 3
12-21 10:01:52.047  3128  3656 I com.miui.home: CheckGCForNative gc_urgency 0.453298 current_native_bytes is 128281181
12-21 10:01:52.051  7260  7260 I wm_on_top_resumed_gained_called: [99277036,com.tencent.mm.plugin.account.ui.WelcomeActivity,topStateChangedWhenResumed]
12-21 10:01:52.235  7260  7260 I wm_on_stop_called: [0,97534045,com.tencent.mm.ui.LauncherUI,STOP_ACTIVITY_ITEM,4]
12-21 10:01:53.225  3128  3128 I wm_on_restart_called: [0,260461833,com.miui.home.launcher.Launcher,performRestartActivity,0]
12-21 10:01:53.226  3128  3128 I wm_on_start_called: [0,260461833,com.miui.home.launcher.Launcher,handleStartActivity,1]
12-21 10:01:53.279  3128  3175 I com.miui.home: CheckGCForNative adj_start_bytes: 35486556 NativeAllocationGcWatermark: 10828863 java_gc_start_bytes: 19243262 kNewNativeDiscountFactor: 2 kOldNativeDiscountFactor: 65536 old_native_bytes: 124345541 new_native_bytes: 15037828 add_bytes_allowed: 32486589 is_gc_concurrent: 1 target_footprint_: 19522046 GetBytesAllocated: 15034176 HeapGrowthMultiplier: 3
12-21 10:01:53.279  3128  3175 I com.miui.home: CheckGCForNative gc_urgency 0.635592 current_native_bytes is 139383369
12-21 10:01:53.280  3128  3175 I com.miui.home: CheckGCForNative adj_start_bytes: 35486556 NativeAllocationGcWatermark: 10828863 java_gc_start_bytes: 19243262 kNewNativeDiscountFactor: 2 kOldNativeDiscountFactor: 65536 old_native_bytes: 124345541 new_native_bytes: 25743748 add_bytes_allowed: 32486589 is_gc_concurrent: 1 target_footprint_: 19522046 GetBytesAllocated: 15050752 HeapGrowthMultiplier: 3
12-21 10:01:53.281  3128  3175 I com.miui.home: CheckGCForNative gc_urgency 0.786904 current_native_bytes is 150089289
12-21 10:01:53.338  3128  3175 I com.miui.home: CheckGCForNative adj_start_bytes: 35486556 NativeAllocationGcWatermark: 10828863 java_gc_start_bytes: 19243262 kNewNativeDiscountFactor: 2 kOldNativeDiscountFactor: 65536 old_native_bytes: 124345541 new_native_bytes: 25748388 add_bytes_allowed: 32486589 is_gc_concurrent: 1 target_footprint_: 19522046 GetBytesAllocated: 15100032 HeapGrowthMultiplier: 3
12-21 10:01:53.338  3128  3175 I com.miui.home: CheckGCForNative gc_urgency 0.788358 current_native_bytes is 150093929
12-21 10:01:53.338  3128  3280 I com.miui.home: CheckGCForNative adj_start_bytes: 35486556 NativeAllocationGcWatermark: 10828863 java_gc_start_bytes: 19243262 kNewNativeDiscountFactor: 2 kOldNativeDiscountFactor: 65536 old_native_bytes: 124345541 new_native_bytes: 25748388 add_bytes_allowed: 32486589 is_gc_concurrent: 1 target_footprint_: 19522046 GetBytesAllocated: 15100032 HeapGrowthMultiplier: 3
12-21 10:01:53.338  3128  3280 I com.miui.home: CheckGCForNative gc_urgency 0.788364 current_native_bytes is 150093929
12-21 10:01:53.675  3128  3128 I wm_on_stop_called: [0,260461833,com.miui.home.launcher.Launcher,STOP_ACTIVITY_ITEM,2]
12-21 10:01:54.200  3128  3128 I wm_on_restart_called: [0,260461833,com.miui.home.launcher.Launcher,performRestartActivity,0]
12-21 10:01:54.201  3128  3128 I wm_on_start_called: [0,260461833,com.miui.home.launcher.Launcher,handleStartActivity,1]
12-21 10:01:54.239  3128  3181 I com.miui.home: CheckGCForNative adj_start_bytes: 35486556 NativeAllocationGcWatermark: 10828863 java_gc_start_bytes: 19243262 kNewNativeDiscountFactor: 2 kOldNativeDiscountFactor: 65536 old_native_bytes: 124345541 new_native_bytes: 25796716 add_bytes_allowed: 32486589 is_gc_concurrent: 1 target_footprint_: 19522046 GetBytesAllocated: 15870784 HeapGrowthMultiplier: 3
12-21 10:01:54.239  3128  3181 I com.miui.home: CheckGCForNative gc_urgency 0.810759 current_native_bytes is 150142257
12-21 10:01:54.239  3128  3181 I com.miui.home: CheckGCForNative adj_start_bytes: 35486556 NativeAllocationGcWatermark: 10828863 java_gc_start_bytes: 19243262 kNewNativeDiscountFactor: 2 kOldNativeDiscountFactor: 65536 old_native_bytes: 124345541 new_native_bytes: 36503276 add_bytes_allowed: 32486589 is_gc_concurrent: 1 target_footprint_: 19522046 GetBytesAllocated: 15887360 HeapGrowthMultiplier: 3
12-21 10:01:54.239  3128  3181 I com.miui.home: CheckGCForNative gc_urgency 0.96208 current_native_bytes is 160848817
12-21 10:01:54.245  3128  3313 I com.miui.home: CheckGCForNative adj_start_bytes: 35486556 NativeAllocationGcWatermark: 10828863 java_gc_start_bytes: 19243262 kNewNativeDiscountFactor: 2 kOldNativeDiscountFactor: 65536 old_native_bytes: 124345541 new_native_bytes: 36502988 add_bytes_allowed: 32486589 is_gc_concurrent: 1 target_footprint_: 19522046 GetBytesAllocated: 15887360 HeapGrowthMultiplier: 3
12-21 10:01:54.245  3128  3313 I com.miui.home: CheckGCForNative gc_urgency 0.962076 current_native_bytes is 160848529
12-21 10:01:54.274  3128  3280 I com.miui.home: CheckGCForNative adj_start_bytes: 35486556 NativeAllocationGcWatermark: 10828863 java_gc_start_bytes: 19243262 kNewNativeDiscountFactor: 2 kOldNativeDiscountFactor: 65536 old_native_bytes: 124345541 new_native_bytes: 25800668 add_bytes_allowed: 32486589 is_gc_concurrent: 1 target_footprint_: 19522046 GetBytesAllocated: 15920320 HeapGrowthMultiplier: 3
12-21 10:01:54.274  3128  3280 I com.miui.home: CheckGCForNative gc_urgency 0.81221 current_native_bytes is 150146209
12-21 10:01:54.608  3128  3280 I com.miui.home: CheckGCForNative adj_start_bytes: 35486556 NativeAllocationGcWatermark: 10828863 java_gc_start_bytes: 19243262 kNewNativeDiscountFactor: 2 kOldNativeDiscountFactor: 65536 old_native_bytes: 124345541 new_native_bytes: 25821404 add_bytes_allowed: 32486589 is_gc_concurrent: 1 target_footprint_: 19522046 GetBytesAllocated: 16100544 HeapGrowthMultiplier: 3
12-21 10:01:54.608  3128  3280 I com.miui.home: CheckGCForNative gc_urgency 0.817581 current_native_bytes is 150166945
12-21 10:01:54.776  7260  7260 I wm_on_top_resumed_lost_called: [99277036,com.tencent.mm.plugin.account.ui.WelcomeActivity,topStateChangedWhenResumed]
12-21 10:01:54.784  3128  3128 I wm_on_resume_called: [0,260461833,com.miui.home.launcher.Launcher,RESUME_ACTIVITY,5]
12-21 10:01:54.784  3128  3128 I wm_on_idle_called: com.miui.home.launcher.Launcher
12-21 10:01:54.791  3128  3128 I wm_on_top_resumed_gained_called: [260461833,com.miui.home.launcher.Launcher,topStateChangedWhenResumed]
12-21 10:01:54.804  7260  7260 I wm_on_paused_called: [0,99277036,com.tencent.mm.plugin.account.ui.WelcomeActivity,performPause,11]
12-21 10:01:54.830  7260  7260 I wm_on_stop_called: [0,99277036,com.tencent.mm.plugin.account.ui.WelcomeActivity,STOP_ACTIVITY_ITEM,11]
12-21 10:01:54.855  7260  7260 I wm_on_idle_called: com.tencent.mm.plugin.account.ui.WelcomeActivity
12-21 10:01:54.855  7260  7260 I wm_on_idle_called: com.tencent.mm.ui.LauncherUI
12-21 10:01:54.918  3128  3656 I com.miui.home: CheckGCForNative adj_start_bytes: 35486556 NativeAllocationGcWatermark: 10828863 java_gc_start_bytes: 19243262 kNewNativeDiscountFactor: 2 kOldNativeDiscountFactor: 65536 old_native_bytes: 124345541 new_native_bytes: 26022396 add_bytes_allowed: 32486589 is_gc_concurrent: 1 target_footprint_: 19522046 GetBytesAllocated: 17215936 HeapGrowthMultiplier: 3
12-21 10:01:54.918  3128  3656 I com.miui.home: CheckGCForNative gc_urgency 0.851845 current_native_bytes is 150367937
12-21 10:01:54.934  3128  3656 I com.miui.home: CheckGCForNative adj_start_bytes: 35486556 NativeAllocationGcWatermark: 10828863 java_gc_start_bytes: 19243262 kNewNativeDiscountFactor: 2 kOldNativeDiscountFactor: 65536 old_native_bytes: 124345541 new_native_bytes: 37014992 add_bytes_allowed: 32486589 is_gc_concurrent: 1 target_footprint_: 19522046 GetBytesAllocated: 17363392 HeapGrowthMultiplier: 3
12-21 10:01:54.934  3128  3656 I com.miui.home: CheckGCForNative gc_urgency 1.01088 current_native_bytes is 161360533
12-21 10:01:54.934  3128  3656 I com.miui.home: CheckGCForNative requested 1
12-21 10:01:54.949  3128  3656 I com.miui.home: CheckGCForNative adj_start_bytes: 35486556 NativeAllocationGcWatermark: 10828863 java_gc_start_bytes: 19243262 kNewNativeDiscountFactor: 2 kOldNativeDiscountFactor: 65536 old_native_bytes: 124345541 new_native_bytes: 26612592 add_bytes_allowed: 32486589 is_gc_concurrent: 1 target_footprint_: 19522046 GetBytesAllocated: 17609856 HeapGrowthMultiplier: 3
12-21 10:01:54.949  3128  3656 I com.miui.home: CheckGCForNative gc_urgency 0.871261 current_native_bytes is 150958133
12-21 10:01:55.699  3128  3128 I wm_on_top_resumed_lost_called: [260461833,com.miui.home.launcher.Launcher,topStateChangedWhenResumed]
12-21 10:01:55.701  3128  3128 I wm_on_paused_called: [0,260461833,com.miui.home.launcher.Launcher,performPause,0]
12-21 10:01:55.809  3128  3656 I com.miui.home: CheckGCForNative gc_urgency 0 current_native_bytes is 114167705
12-21 10:01:55.817  3128  3313 I com.miui.home: CheckGCForNative adj_start_bytes: 35236351 NativeAllocationGcWatermark: 10814625 java_gc_start_bytes: 19014414 kNewNativeDiscountFactor: 2 kOldNativeDiscountFactor: 65536 old_native_bytes: 114167705 new_native_bytes: 529384 add_bytes_allowed: 32443875 is_gc_concurrent: 1 target_footprint_: 19408142 GetBytesAllocated: 10646984 HeapGrowthMultiplier: 3
12-21 10:01:55.817  3128  3313 I com.miui.home: CheckGCForNative gc_urgency 0.30972 current_native_bytes is 114697089
12-21 10:01:55.822  3128  3280 I com.miui.home: CheckGCForNative adj_start_bytes: 35236351 NativeAllocationGcWatermark: 10814625 java_gc_start_bytes: 19014414 kNewNativeDiscountFactor: 2 kOldNativeDiscountFactor: 65536 old_native_bytes: 114167705 new_native_bytes: 488712 add_bytes_allowed: 32443875 is_gc_concurrent: 1 target_footprint_: 19408142 GetBytesAllocated: 10696136 HeapGrowthMultiplier: 3
12-21 10:01:55.822  3128  3280 I com.miui.home: CheckGCForNative gc_urgency 0.310538 current_native_bytes is 114656417
12-21 10:01:55.914  3128  3656 I com.miui.home: CheckGCForNative adj_start_bytes: 35236351 NativeAllocationGcWatermark: 10814625 java_gc_start_bytes: 19014414 kNewNativeDiscountFactor: 2 kOldNativeDiscountFactor: 65536 old_native_bytes: 114167705 new_native_bytes: 1438640 add_bytes_allowed: 32443875 is_gc_concurrent: 1 target_footprint_: 19408142 GetBytesAllocated: 11024120 HeapGrowthMultiplier: 3
12-21 10:01:55.914  3128  3656 I com.miui.home: CheckGCForNative gc_urgency 0.333326 current_native_bytes is 115606345
12-21 10:01:55.967  3128  3280 I com.miui.home: CheckGCForNative adj_start_bytes: 35236351 NativeAllocationGcWatermark: 10814625 java_gc_start_bytes: 19014414 kNewNativeDiscountFactor: 2 kOldNativeDiscountFactor: 65536 old_native_bytes: 114167705 new_native_bytes: 2769616 add_bytes_allowed: 32443875 is_gc_concurrent: 1 target_footprint_: 19408142 GetBytesAllocated: 11420752 HeapGrowthMultiplier: 3
12-21 10:01:55.967  3128  3280 I com.miui.home: CheckGCForNative gc_urgency 0.363468 current_native_bytes is 116937321
12-21 10:01:56.463 12800 12800 I wm_on_application_create_called: [0,com.sina.weibo,263]
12-21 10:01:56.493  3128  3128 I wm_on_stop_called: [0,260461833,com.miui.home.launcher.Launcher,STOP_ACTIVITY_ITEM,5]
12-21 10:01:56.581 12800 12800 I wm_on_create_called: [0,50297296,com.sina.weibo.SplashActivity,performCreate,91]
12-21 10:01:56.586 12800 12800 I wm_on_start_called: [0,50297296,com.sina.weibo.SplashActivity,handleStartActivity,4]
12-21 10:01:56.595 12800 12800 I wm_on_resume_called: [0,50297296,com.sina.weibo.SplashActivity,RESUME_ACTIVITY,8]
12-21 10:01:56.626 12800 12800 I wm_on_top_resumed_gained_called: [50297296,com.sina.weibo.SplashActivity,topStateChangedWhenResumed]
12-21 10:01:57.144 12800 12800 I wm_on_idle_called: com.sina.weibo.SplashActivity
12-21 10:01:57.284 12942 12942 I wm_on_application_create_called: [0,com.sina.weibo,416]
12-21 10:01:58.397  3128  3128 I wm_on_restart_called: [0,260461833,com.miui.home.launcher.Launcher,performRestartActivity,0]
12-21 10:01:58.397  3128  3128 I wm_on_start_called: [0,260461833,com.miui.home.launcher.Launcher,handleStartActivity,1]
12-21 10:01:58.467  3128  3313 I com.miui.home: CheckGCForNative adj_start_bytes: 35236351 NativeAllocationGcWatermark: 10814625 java_gc_start_bytes: 19014414 kNewNativeDiscountFactor: 2 kOldNativeDiscountFactor: 65536 old_native_bytes: 114167705 new_native_bytes: 13583260 add_bytes_allowed: 32443875 is_gc_concurrent: 1 target_footprint_: 19408142 GetBytesAllocated: 12527856 HeapGrowthMultiplier: 3
12-21 10:01:58.468  3128  3313 I com.miui.home: CheckGCForNative gc_urgency 0.548332 current_native_bytes is 127750965
12-21 10:01:58.469  3128  3313 I com.miui.home: CheckGCForNative adj_start_bytes: 35236351 NativeAllocationGcWatermark: 10814625 java_gc_start_bytes: 19014414 kNewNativeDiscountFactor: 2 kOldNativeDiscountFactor: 65536 old_native_bytes: 114167705 new_native_bytes: 24289820 add_bytes_allowed: 32443875 is_gc_concurrent: 1 target_footprint_: 19408142 GetBytesAllocated: 12544432 HeapGrowthMultiplier: 3
12-21 10:01:58.470  3128  3313 I com.miui.home: CheckGCForNative gc_urgency 0.700728 current_native_bytes is 138457525
12-21 10:01:58.517 12800 12800 I wm_on_top_resumed_lost_called: [50297296,com.sina.weibo.SplashActivity,topStateChangedWhenResumed]
12-21 10:01:58.521  3128  3678 I com.miui.home: CheckGCForNative adj_start_bytes: 35236351 NativeAllocationGcWatermark: 10814625 java_gc_start_bytes: 19014414 kNewNativeDiscountFactor: 2 kOldNativeDiscountFactor: 65536 old_native_bytes: 114167705 new_native_bytes: 24296988 add_bytes_allowed: 32443875 is_gc_concurrent: 1 target_footprint_: 19408142 GetBytesAllocated: 12610000 HeapGrowthMultiplier: 3
12-21 10:01:58.521  3128  3678 I com.miui.home: CheckGCForNative gc_urgency 0.70269 current_native_bytes is 138464693
12-21 10:01:58.561 12800 12800 I wm_on_paused_called: [0,50297296,com.sina.weibo.SplashActivity,performPause,2]
12-21 10:01:58.640  3128  3280 I com.miui.home: CheckGCForNative adj_start_bytes: 35236351 NativeAllocationGcWatermark: 10814625 java_gc_start_bytes: 19014414 kNewNativeDiscountFactor: 2 kOldNativeDiscountFactor: 65536 old_native_bytes: 114167705 new_native_bytes: 13599964 add_bytes_allowed: 32443875 is_gc_concurrent: 1 target_footprint_: 19408142 GetBytesAllocated: 12692240 HeapGrowthMultiplier: 3
12-21 10:01:58.640  3128  3280 I com.miui.home: CheckGCForNative gc_urgency 0.553234 current_native_bytes is 127767669
12-21 10:01:58.742  3128  3656 I com.miui.home: CheckGCForNative adj_start_bytes: 35236351 NativeAllocationGcWatermark: 10814625 java_gc_start_bytes: 19014414 kNewNativeDiscountFactor: 2 kOldNativeDiscountFactor: 65536 old_native_bytes: 114167705 new_native_bytes: 18781200 add_bytes_allowed: 32443875 is_gc_concurrent: 1 target_footprint_: 19408142 GetBytesAllocated: 13036864 HeapGrowthMultiplier: 3
12-21 10:01:58.742  3128  3656 I com.miui.home: CheckGCForNative gc_urgency 0.636536 current_native_bytes is 132948905
12-21 10:01:58.761  3128  3656 I com.miui.home: CheckGCForNative adj_start_bytes: 35236351 NativeAllocationGcWatermark: 10814625 java_gc_start_bytes: 19014414 kNewNativeDiscountFactor: 2 kOldNativeDiscountFactor: 65536 old_native_bytes: 114167705 new_native_bytes: 24619920 add_bytes_allowed: 32443875 is_gc_concurrent: 1 target_footprint_: 19408142 GetBytesAllocated: 13135168 HeapGrowthMultiplier: 3
12-21 10:01:58.761  3128  3656 I com.miui.home: CheckGCForNative gc_urgency 0.722177 current_native_bytes is 138787625
12-21 10:01:58.792  3128  3656 I com.miui.home: CheckGCForNative adj_start_bytes: 35236351 NativeAllocationGcWatermark: 10814625 java_gc_start_bytes: 19014414 kNewNativeDiscountFactor: 2 kOldNativeDiscountFactor: 65536 old_native_bytes: 114167705 new_native_bytes: 14142352 add_bytes_allowed: 32443875 is_gc_concurrent: 1 target_footprint_: 19408142 GetBytesAllocated: 13414432 HeapGrowthMultiplier: 3
12-21 10:01:58.792  3128  3656 I com.miui.home: CheckGCForNative gc_urgency 0.581427 current_native_bytes is 128310057
12-21 10:01:58.824 12800 12800 I wm_on_create_called: [0,68919020,com.sina.weibo.VisitorMainTabActivity,performCreate,240]
12-21 10:01:58.831 12800 12800 I wm_on_start_called: [0,68919020,com.sina.weibo.VisitorMainTabActivity,handleStartActivity,6]
12-21 10:01:59.089 13178 13178 I wm_on_create_called: [0,160011117,com.android.packageinstaller.permission.ui.GrantPermissionsActivity,performCreate,244]
12-21 10:01:59.090 13178 13178 I wm_on_start_called: [0,160011117,com.android.packageinstaller.permission.ui.GrantPermissionsActivity,handleStartActivity,0]
12-21 10:01:59.093 12800 12800 I wm_on_create_called: [0,0,com.sina.weibo.feed.visitor.VisitorHomeActivity,performCreate,152]
12-21 10:01:59.095 13178 13178 I wm_on_resume_called: [0,160011117,com.android.packageinstaller.permission.ui.GrantPermissionsActivity,RESUME_ACTIVITY,3]
12-21 10:01:59.110 12800 12800 I wm_on_start_called: [0,0,com.sina.weibo.feed.visitor.VisitorHomeActivity,handleStartActivity,5]
12-21 10:01:59.117 13178 13178 I wm_on_top_resumed_gained_called: [160011117,com.android.packageinstaller.permission.ui.GrantPermissionsActivity,topStateChangedWhenResumed]
12-21 10:01:59.199 12800 12800 I wm_on_resume_called: [0,0,com.sina.weibo.feed.visitor.VisitorHomeActivity,moveToState-INITIALIZING,89]
12-21 10:01:59.261 12800 12800 I wm_on_resume_called: [0,68919020,com.sina.weibo.VisitorMainTabActivity,LIFECYCLER_RESUME_ACTIVITY,428]
12-21 10:01:59.294 12800 12800 I wm_on_paused_called: [0,0,com.sina.weibo.feed.visitor.VisitorHomeActivity,performPause,4]
12-21 10:01:59.299 12800 12800 I wm_on_paused_called: [0,68919020,com.sina.weibo.VisitorMainTabActivity,performPause,16]
12-21 10:01:59.386  3128  3678 I com.miui.home: CheckGCForNative adj_start_bytes: 35236351 NativeAllocationGcWatermark: 10814625 java_gc_start_bytes: 19014414 kNewNativeDiscountFactor: 2 kOldNativeDiscountFactor: 65536 old_native_bytes: 114167705 new_native_bytes: 25028224 add_bytes_allowed: 32443875 is_gc_concurrent: 1 target_footprint_: 19408142 GetBytesAllocated: 14078672 HeapGrowthMultiplier: 3
12-21 10:01:59.386  3128  3678 I com.miui.home: CheckGCForNative gc_urgency 0.754747 current_native_bytes is 139195929
12-21 10:01:59.390  3128  3678 I com.miui.home: CheckGCForNative adj_start_bytes: 35236351 NativeAllocationGcWatermark: 10814625 java_gc_start_bytes: 19014414 kNewNativeDiscountFactor: 2 kOldNativeDiscountFactor: 65536 old_native_bytes: 114167705 new_native_bytes: 35732864 add_bytes_allowed: 32443875 is_gc_concurrent: 1 target_footprint_: 19408142 GetBytesAllocated: 14095248 HeapGrowthMultiplier: 3
12-21 10:01:59.392  3128  3678 I com.miui.home: CheckGCForNative gc_urgency 0.907115 current_native_bytes is 149900569
12-21 10:01:59.399 13178 13178 I wm_on_idle_called: com.android.packageinstaller.permission.ui.GrantPermissionsActivity
