12-21 10:01:18.120  3128  3128 I wm_on_top_resumed_lost_called: [260461833,com.miui.home.launcher.Launcher,topStateChangedWhenResumed]
12-21 10:01:18.122  3128  3128 I wm_on_paused_called: [0,260461833,com.miui.home.launcher.Launcher,performPause,1]
12-21 10:01:18.336  3128  3656 I com.miui.home: CheckGCForNative adj_start_bytes: 32732512 NativeAllocationGcWatermark: 10523415 java_gc_start_bytes: 16947390 kNewNativeDiscountFactor: 2 kOldNativeDiscountFactor: 65536 old_native_bytes: 73918193 new_native_bytes: 1912196 add_bytes_allowed: 31570245 is_gc_concurrent: 1 target_footprint_: 17078462 GetBytesAllocated: 9662512 HeapGrowthMultiplier: 3
12-21 10:01:18.338  3128  3656 I com.miui.home: CheckGCForNative gc_urgency 0.32444 current_native_bytes is 75830389
12-21 10:01:18.441  3128  3656 I com.miui.home: CheckGCForNative adj_start_bytes: 32732512 NativeAllocationGcWatermark: 10523415 java_gc_start_bytes: 16947390 kNewNativeDiscountFactor: 2 kOldNativeDiscountFactor: 65536 old_native_bytes: 73918193 new_native_bytes: 2623372 add_bytes_allowed: 31570245 is_gc_concurrent: 1 target_footprint_: 17078462 GetBytesAllocated: 9794208 HeapGrowthMultiplier: 3
12-21 10:01:18.441  3128  3656 I com.miui.home: CheckGCForNative gc_urgency 0.339327 current_native_bytes is 76541565
12-21 10:01:18.445  3128  3656 I com.miui.home: CheckGCForNative adj_start_bytes: 32732512 NativeAllocationGcWatermark: 10523415 java_gc_start_bytes: 16947390 kNewNativeDiscountFactor: 2 kOldNativeDiscountFactor: 65536 old_native_bytes: 73918193 new_native_bytes: 2820044 add_bytes_allowed: 31570245 is_gc_concurrent: 1 target_footprint_: 17078462 GetBytesAllocated: 9810704 HeapGrowthMultiplier: 3
12-21 10:01:18.445  3128  3656 I com.miui.home: CheckGCForNative gc_urgency 0.342835 current_native_bytes is 76738237
12-21 10:01:18.451  3128  3656 I com.miui.home: CheckGCForNative adj_start_bytes: 32732512 NativeAllocationGcWatermark: 10523415 java_gc_start_bytes: 16947390 kNewNativeDiscountFactor: 2 kOldNativeDiscountFactor: 65536 old_native_bytes: 73918193 new_native_bytes: 3203692 add_bytes_allowed: 31570245 is_gc_concurrent: 1 target_footprint_: 17078462 GetBytesAllocated: 9810704 HeapGrowthMultiplier: 3
12-21 10:01:18.451  3128  3656 I com.miui.home: CheckGCForNative gc_urgency 0.348695 current_native_bytes is 77121885
12-21 10:01:18.463  3128  3280 I com.miui.home: CheckGCForNative adj_start_bytes: 32732512 NativeAllocationGcWatermark: 10523415 java_gc_start_bytes: 16947390 kNewNativeDiscountFactor: 2 kOldNativeDiscountFactor: 65536 old_native_bytes: 73918193 new_native_bytes: 3476684 add_bytes_allowed: 31570245 is_gc_concurrent: 1 target_footprint_: 17078462 GetBytesAllocated: 9827088 HeapGrowthMultiplier: 3
12-21 10:01:18.463  3128  3280 I com.miui.home: CheckGCForNative gc_urgency 0.353366 current_native_bytes is 77394877
12-21 10:01:18.552  3128  3656 I com.miui.home: CheckGCForNative adj_start_bytes: 32732512 NativeAllocationGcWatermark: 10523415 java_gc_start_bytes: 16947390 kNewNativeDiscountFactor: 2 kOldNativeDiscountFactor: 65536 old_native_bytes: 73918193 new_native_bytes: 5092884 add_bytes_allowed: 31570245 is_gc_concurrent: 1 target_footprint_: 17078462 GetBytesAllocated: 9909248 HeapGrowthMultiplier: 3
12-21 10:01:18.553  3128  3656 I com.miui.home: CheckGCForNative gc_urgency 0.380564 current_native_bytes is 79011077
12-21 10:01:18.563  3128  3656 I com.miui.home: CheckGCForNative adj_start_bytes: 32732512 NativeAllocationGcWatermark: 10523415 java_gc_start_bytes: 16947390 kNewNativeDiscountFactor: 2 kOldNativeDiscountFactor: 65536 old_native_bytes: 73918193 new_native_bytes: 5507348 add_bytes_allowed: 31570245 is_gc_concurrent: 1 target_footprint_: 17078462 GetBytesAllocated: 9925632 HeapGrowthMultiplier: 3
12-21 10:01:18.563  3128  3656 I com.miui.home: CheckGCForNative gc_urgency 0.387396 current_native_bytes is 79425541
12-21 10:01:18.591  3128  3656 I com.miui.home: CheckGCForNative adj_start_bytes: 32732512 NativeAllocationGcWatermark: 10523415 java_gc_start_bytes: 16947390 kNewNativeDiscountFactor: 2 kOldNativeDiscountFactor: 65536 old_native_bytes: 73918193 new_native_bytes: 5952788 add_bytes_allowed: 31570245 is_gc_concurrent: 1 target_footprint_: 17078462 GetBytesAllocated: 9991440 HeapGrowthMultiplier: 3
12-21 10:01:18.592  3128  3656 I com.miui.home: CheckGCForNative gc_urgency 0.39621 current_native_bytes is 79870981
12-21 10:01:18.593  3128  3656 I com.miui.home: CheckGCForNative adj_start_bytes: 32732512 NativeAllocationGcWatermark: 10523415 java_gc_start_bytes: 16947390 kNewNativeDiscountFactor: 2 kOldNativeDiscountFactor: 65536 old_native_bytes: 73918193 new_native_bytes: 6411924 add_bytes_allowed: 31570245 is_gc_concurrent: 1 target_footprint_: 17078462 GetBytesAllocated: 9991440 HeapGrowthMultiplier: 3
12-21 10:01:18.593  3128  3656 I com.miui.home: CheckGCForNative gc_urgency 0.403224 current_native_bytes is 80330117
12-21 10:01:18.619  3128  3656 I com.miui.home: CheckGCForNative adj_start_bytes: 32732512 NativeAllocationGcWatermark: 10523415 java_gc_start_bytes: 16947390 kNewNativeDiscountFactor: 2 kOldNativeDiscountFactor: 65536 old_native_bytes: 73918193 new_native_bytes: 7426836 add_bytes_allowed: 31570245 is_gc_concurrent: 1 target_footprint_: 17078462 GetBytesAllocated: 10024272 HeapGrowthMultiplier: 3
12-21 10:01:18.619  3128  3656 I com.miui.home: CheckGCForNative gc_urgency 0.41973 current_native_bytes is 81345029
12-21 10:01:18.709  3128  3656 I com.miui.home: CheckGCForNative adj_start_bytes: 32732512 NativeAllocationGcWatermark: 10523415 java_gc_start_bytes: 16947390 kNewNativeDiscountFactor: 2 kOldNativeDiscountFactor: 65536 old_native_bytes: 73918193 new_native_bytes: 8397820 add_bytes_allowed: 31570245 is_gc_concurrent: 1 target_footprint_: 17078462 GetBytesAllocated: 10073664 HeapGrowthMultiplier: 3
12-21 10:01:18.709  3128  3656 I com.miui.home: CheckGCForNative gc_urgency 0.436071 current_native_bytes is 82316013
12-21 10:01:18.725  3128  3656 I com.miui.home: CheckGCForNative adj_start_bytes: 32732512 NativeAllocationGcWatermark: 10523415 java_gc_start_bytes: 16947390 kNewNativeDiscountFactor: 2 kOldNativeDiscountFactor: 65536 old_native_bytes: 73918193 new_native_bytes: 9166268 add_bytes_allowed: 31570245 is_gc_concurrent: 1 target_footprint_: 17078462 GetBytesAllocated: 10090048 HeapGrowthMultiplier: 3
12-21 10:01:18.725  3128  3656 I com.miui.home: CheckGCForNative gc_urgency 0.44831 current_native_bytes is 83084461
12-21 10:01:18.771  3128  3656 I com.miui.home: CheckGCForNative adj_start_bytes: 32732512 NativeAllocationGcWatermark: 10523415 java_gc_start_bytes: 16947390 kNewNativeDiscountFactor: 2 kOldNativeDiscountFactor: 65536 old_native_bytes: 73918193 new_native_bytes: 9546516 add_bytes_allowed: 31570245 is_gc_concurrent: 1 target_footprint_: 17078462 GetBytesAllocated: 10122992 HeapGrowthMultiplier: 3
12-21 10:01:18.771  3128  3656 I com.miui.home: CheckGCForNative gc_urgency 0.455125 current_native_bytes is 83464709
12-21 10:01:18.771  3128  3656 I com.miui.home: CheckGCForNative adj_start_bytes: 32732512 NativeAllocationGcWatermark: 10523415 java_gc_start_bytes: 16947390 kNewNativeDiscountFactor: 2 kOldNativeDiscountFactor: 65536 old_native_bytes: 73918193 new_native_bytes: 9550356 add_bytes_allowed: 31570245 is_gc_concurrent: 1 target_footprint_: 17078462 GetBytesAllocated: 10122992 HeapGrowthMultiplier: 3
12-21 10:01:18.771  3128  3656 I com.miui.home: CheckGCForNative gc_urgency 0.455183 current_native_bytes is 83468549
12-21 10:01:18.773  3128  3656 I com.miui.home: CheckGCForNative adj_start_bytes: 32732512 NativeAllocationGcWatermark: 10523415 java_gc_start_bytes: 16947390 kNewNativeDiscountFactor: 2 kOldNativeDiscountFactor: 65536 old_native_bytes: 73918193 new_native_bytes: 9943060 add_bytes_allowed: 31570245 is_gc_concurrent: 1 target_footprint_: 17078462 GetBytesAllocated: 10122992 HeapGrowthMultiplier: 3
12-21 10:01:18.774  3128  3656 I com.miui.home: CheckGCForNative gc_urgency 0.461182 current_native_bytes is 83861253
12-21 10:01:18.807  3128  3656 I com.miui.home: CheckGCForNative adj_start_bytes: 32732512 NativeAllocationGcWatermark: 10523415 java_gc_start_bytes: 16947390 kNewNativeDiscountFactor: 2 kOldNativeDiscountFactor: 65536 old_native_bytes: 73918193 new_native_bytes: 10491732 add_bytes_allowed: 31570245 is_gc_concurrent: 1 target_footprint_: 17078462 GetBytesAllocated: 10155936 HeapGrowthMultiplier: 3
12-21 10:01:18.807  3128  3656 I com.miui.home: CheckGCForNative gc_urgency 0.47057 current_native_bytes is 84409925
12-21 10:01:18.827  3128  3656 I com.miui.home: CheckGCForNative adj_start_bytes: 32732512 NativeAllocationGcWatermark: 10523415 java_gc_start_bytes: 16947390 kNewNativeDiscountFactor: 2 kOldNativeDiscountFactor: 65536 old_native_bytes: 73918193 new_native_bytes: 11022324 add_bytes_allowed: 31570245 is_gc_concurrent: 1 target_footprint_: 17078462 GetBytesAllocated: 10188880 HeapGrowthMultiplier: 3
12-21 10:01:18.827  3128  3656 I com.miui.home: CheckGCForNative gc_urgency 0.479681 current_native_bytes is 84940517
12-21 10:01:18.833  3128  3656 I com.miui.home: CheckGCForNative adj_start_bytes: 32732512 NativeAllocationGcWatermark: 10523415 java_gc_start_bytes: 16947390 kNewNativeDiscountFactor: 2 kOldNativeDiscountFactor: 65536 old_native_bytes: 73918193 new_native_bytes: 11418644 add_bytes_allowed: 31570245 is_gc_concurrent: 1 target_footprint_: 17078462 GetBytesAllocated: 10188880 HeapGrowthMultiplier: 3
12-21 10:01:18.833  3128  3656 I com.miui.home: CheckGCForNative gc_urgency 0.485735 current_native_bytes is 85336837
12-21 10:01:19.061  3128  3656 I com.miui.home: CheckGCForNative adj_start_bytes: 32732512 NativeAllocationGcWatermark: 10523415 java_gc_start_bytes: 16947390 kNewNativeDiscountFactor: 2 kOldNativeDiscountFactor: 65536 old_native_bytes: 73918193 new_native_bytes: 23585688 add_bytes_allowed: 31570245 is_gc_concurrent: 1 target_footprint_: 17078462 GetBytesAllocated: 10304864 HeapGrowthMultiplier: 3
12-21 10:01:19.061  3128  3656 I com.miui.home: CheckGCForNative gc_urgency 0.675134 current_native_bytes is 97503881
12-21 10:01:19.062  3128  3656 I com.miui.home: CheckGCForNative adj_start_bytes: 32732512 NativeAllocationGcWatermark: 10523415 java_gc_start_bytes: 16947390 kNewNativeDiscountFactor: 2 kOldNativeDiscountFactor: 65536 old_native_bytes: 73918193 new_native_bytes: 34291608 add_bytes_allowed: 31570245 is_gc_concurrent: 1 target_footprint_: 17078462 GetBytesAllocated: 10321440 HeapGrowthMultiplier: 3
12-21 10:01:19.062  3128  3656 I com.miui.home: CheckGCForNative gc_urgency 0.839177 current_native_bytes is 108209801
12-21 10:01:19.125  3128  3656 I com.miui.home: CheckGCForNative adj_start_bytes: 32732512 NativeAllocationGcWatermark: 10523415 java_gc_start_bytes: 16947390 kNewNativeDiscountFactor: 2 kOldNativeDiscountFactor: 65536 old_native_bytes: 73918193 new_native_bytes: 34293208 add_bytes_allowed: 31570245 is_gc_concurrent: 1 target_footprint_: 17078462 GetBytesAllocated: 10321440 HeapGrowthMultiplier: 3
12-21 10:01:19.125  3128  3656 I com.miui.home: CheckGCForNative gc_urgency 0.839201 current_native_bytes is 108211401
12-21 10:01:19.125  3128  3656 I com.miui.home: CheckGCForNative adj_start_bytes: 32732512 NativeAllocationGcWatermark: 10523415 java_gc_start_bytes: 16947390 kNewNativeDiscountFactor: 2 kOldNativeDiscountFactor: 65536 old_native_bytes: 73918193 new_native_bytes: 44999128 add_bytes_allowed: 31570245 is_gc_concurrent: 1 target_footprint_: 17078462 GetBytesAllocated: 10338016 HeapGrowthMultiplier: 3
12-21 10:01:19.125  3128  3656 I com.miui.home: CheckGCForNative gc_urgency 1.00324 current_native_bytes is 118917321
12-21 10:01:19.126  3128  3656 I com.miui.home: CheckGCForNative requested 1
12-21 10:01:19.167  3128  3656 I com.miui.home: CheckGCForNative adj_start_bytes: 32732512 NativeAllocationGcWatermark: 10523415 java_gc_start_bytes: 16947390 kNewNativeDiscountFactor: 2 kOldNativeDiscountFactor: 65536 old_native_bytes: 73918193 new_native_bytes: 34860856 add_bytes_allowed: 31570245 is_gc_concurrent: 1 target_footprint_: 17078462 GetBytesAllocated: 10567488 HeapGrowthMultiplier: 3
12-21 10:01:19.167  3128  3656 I com.miui.home: CheckGCForNative gc_urgency 0.855389 current_native_bytes is 108779049
12-21 10:01:19.269  3128  3171 I com.miui.home: NativeAlloc concurrent copying GC freed 30790(1702KB) AllocSpace objects, 3(124KB) LOS objects, 49% free, 8589KB/16MB, paused 136us,147us total 142.215ms
12-21 10:01:19.306  7908  7908 I wm_on_application_create_called: [0,com.autonavi.minimap,396]
12-21 10:01:19.406  7822  7822 I wm_on_application_create_called: [0,com.autonavi.minimap,902]
12-21 10:01:19.582  7822  7822 I wm_on_create_called: [0,81161061,com.autonavi.map.activity.SplashActivity,performCreate,168]
12-21 10:01:19.613  3128  3678 I com.miui.home: CheckGCForNative adj_start_bytes: 33145272 NativeAllocationGcWatermark: 10587569 java_gc_start_bytes: 17263919 kNewNativeDiscountFactor: 2 kOldNativeDiscountFactor: 65536 old_native_bytes: 108847901 new_native_bytes: 3779112 add_bytes_allowed: 31762707 is_gc_concurrent: 1 target_footprint_: 17591695 GetBytesAllocated: 9238600 HeapGrowthMultiplier: 3
12-21 10:01:19.614  3128  3678 I com.miui.home: CheckGCForNative gc_urgency 0.335789 current_native_bytes is 112627013
12-21 10:01:19.614  3128  3678 I com.miui.home: CheckGCForNative adj_start_bytes: 33145272 NativeAllocationGcWatermark: 10587569 java_gc_start_bytes: 17263919 kNewNativeDiscountFactor: 2 kOldNativeDiscountFactor: 65536 old_native_bytes: 108847901 new_native_bytes: 14485032 add_bytes_allowed: 31762707 is_gc_concurrent: 1 target_footprint_: 17591695 GetBytesAllocated: 9255176 HeapGrowthMultiplier: 3
12-21 10:01:19.614  3128  3678 I com.miui.home: CheckGCForNative gc_urgency 0.497789 current_native_bytes is 123332933
12-21 10:01:19.616  3128  3175 I com.miui.home: CheckGCForNative adj_start_bytes: 33145272 NativeAllocationGcWatermark: 10587569 java_gc_start_bytes: 17263919 kNewNativeDiscountFactor: 2 kOldNativeDiscountFactor: 65536 old_native_bytes: 108847901 new_native_bytes: 14485480 add_bytes_allowed: 31762707 is_gc_concurrent: 1 target_footprint_: 17591695 GetBytesAllocated: 9255176 HeapGrowthMultiplier: 3
12-21 10:01:19.617  3128  3175 I com.miui.home: CheckGCForNative gc_urgency 0.497796 current_native_bytes is 123333381
12-21 10:01:19.797  3128  3280 I com.miui.home: CheckGCForNative adj_start_bytes: 33145272 NativeAllocationGcWatermark: 10587569 java_gc_start_bytes: 17263919 kNewNativeDiscountFactor: 2 kOldNativeDiscountFactor: 65536 old_native_bytes: 108847901 new_native_bytes: 3995400 add_bytes_allowed: 31762707 is_gc_concurrent: 1 target_footprint_: 17591695 GetBytesAllocated: 9534104 HeapGrowthMultiplier: 3
12-21 10:01:19.797  3128  3280 I com.miui.home: CheckGCForNative gc_urgency 0.347967 current_native_bytes is 112843301
12-21 10:01:19.860  7822  7822 I wm_on_create_called: [0,52509767,com.autonavi.map.activity.NewMapActivity,performCreate,189]
12-21 10:01:19.867  7822  7822 I wm_on_start_called: [0,52509767,com.autonavi.map.activity.NewMapActivity,handleStartActivity,6]
12-21 10:01:19.872  3128  3656 I com.miui.home: CheckGCForNative adj_start_bytes: 33145272 NativeAllocationGcWatermark: 10587569 java_gc_start_bytes: 17263919 kNewNativeDiscountFactor: 2 kOldNativeDiscountFactor: 65536 old_native_bytes: 108847901 new_native_bytes: 6261136 add_bytes_allowed: 31762707 is_gc_concurrent: 1 target_footprint_: 17591695 GetBytesAllocated: 9763800 HeapGrowthMultiplier: 3
12-21 10:01:19.872  3128  3656 I com.miui.home: CheckGCForNative gc_urgency 0.389076 current_native_bytes is 115109037
12-21 10:01:19.873  7822  7822 I wm_on_resume_called: [0,52509767,com.autonavi.map.activity.NewMapActivity,RESUME_ACTIVITY,6]
12-21 10:01:19.899  3128  3656 I com.miui.home: CheckGCForNative adj_start_bytes: 33145272 NativeAllocationGcWatermark: 10587569 java_gc_start_bytes: 17263919 kNewNativeDiscountFactor: 2 kOldNativeDiscountFactor: 65536 old_native_bytes: 108847901 new_native_bytes: 6753184 add_bytes_allowed: 31762707 is_gc_concurrent: 1 target_footprint_: 17591695 GetBytesAllocated: 9813016 HeapGrowthMultiplier: 3
12-21 10:01:19.899  3128  3656 I com.miui.home: CheckGCForNative gc_urgency 0.397983 current_native_bytes is 115601085
12-21 10:01:19.904  7822  7822 I wm_on_top_resumed_gained_called: [52509767,com.autonavi.map.activity.NewMapActivity,topStateChangedWhenResumed]
12-21 10:01:19.931  3128  3280 I com.miui.home: CheckGCForNative adj_start_bytes: 33145272 NativeAllocationGcWatermark: 10587569 java_gc_start_bytes: 17263919 kNewNativeDiscountFactor: 2 kOldNativeDiscountFactor: 65536 old_native_bytes: 108847901 new_native_bytes: 7178596 add_bytes_allowed: 31762707 is_gc_concurrent: 1 target_footprint_: 17591695 GetBytesAllocated: 9927768 HeapGrowthMultiplier: 3
12-21 10:01:19.931  3128  3280 I com.miui.home: CheckGCForNative gc_urgency 0.407863 current_native_bytes is 116026497
12-21 10:01:19.965  3128  3656 I com.miui.home: CheckGCForNative adj_start_bytes: 33145272 NativeAllocationGcWatermark: 10587569 java_gc_start_bytes: 17263919 kNewNativeDiscountFactor: 2 kOldNativeDiscountFactor: 65536 old_native_bytes: 108847901 new_native_bytes: 18296100 add_bytes_allowed: 31762707 is_gc_concurrent: 1 target_footprint_: 17591695 GetBytesAllocated: 10108440 HeapGrowthMultiplier: 3
12-21 10:01:19.965  3128  3656 I com.miui.home: CheckGCForNative gc_urgency 0.581023 current_native_bytes is 127144001
12-21 10:01:19.996  3128  3656 I com.miui.home: CheckGCForNative adj_start_bytes: 33145272 NativeAllocationGcWatermark: 10587569 java_gc_start_bytes: 17263919 kNewNativeDiscountFactor: 2 kOldNativeDiscountFactor: 65536 old_native_bytes: 108847901 new_native_bytes: 7785156 add_bytes_allowed: 31762707 is_gc_concurrent: 1 target_footprint_: 17591695 GetBytesAllocated: 10288952 HeapGrowthMultiplier: 3
12-21 10:01:19.996  3128  3656 I com.miui.home: CheckGCForNative gc_urgency 0.42791 current_native_bytes is 116633057
12-21 10:01:20.064  3128  3280 I com.miui.home: CheckGCForNative adj_start_bytes: 33145272 NativeAllocationGcWatermark: 10587569 java_gc_start_bytes: 17263919 kNewNativeDiscountFactor: 2 kOldNativeDiscountFactor: 65536 old_native_bytes: 108847901 new_native_bytes: 8191224 add_bytes_allowed: 31762707 is_gc_concurrent: 1 target_footprint_: 17591695 GetBytesAllocated: 10485560 HeapGrowthMultiplier: 3
12-21 10:01:20.064  3128  3280 I com.miui.home: CheckGCForNative gc_urgency 0.439967 current_native_bytes is 117039125
12-21 10:01:20.311  7822  7822 I wm_on_top_resumed_lost_called: [52509767,com.autonavi.map.activity.NewMapActivity,topStateChangedWhenResumed]
12-21 10:01:20.313  7822  7822 I wm_on_paused_called: [0,52509767,com.autonavi.map.activity.NewMapActivity,performPause,1]
12-21 10:01:20.331  3128  3128 I wm_on_resume_called: [0,260461833,com.miui.home.launcher.Launcher,RESUME_ACTIVITY,10]
12-21 10:01:20.331  3128  3128 I wm_on_top_resumed_gained_called: [260461833,com.miui.home.launcher.Launcher,topWhenResuming]
12-21 10:01:20.331  3128  3128 I wm_on_idle_called: com.miui.home.launcher.Launcher
12-21 10:01:20.409  3128  3656 I com.miui.home: CheckGCForNative adj_start_bytes: 33145272 NativeAllocationGcWatermark: 10587569 java_gc_start_bytes: 17263919 kNewNativeDiscountFactor: 2 kOldNativeDiscountFactor: 65536 old_native_bytes: 108847901 new_native_bytes: 8518936 add_bytes_allowed: 31762707 is_gc_concurrent: 1 target_footprint_: 17591695 GetBytesAllocated: 11781208 HeapGrowthMultiplier: 3
12-21 10:01:20.409  3128  3656 I com.miui.home: CheckGCForNative gc_urgency 0.484001 current_native_bytes is 117366837
12-21 10:01:20.431  3128  3656 I com.miui.home: CheckGCForNative adj_start_bytes: 33145272 NativeAllocationGcWatermark: 10587569 java_gc_start_bytes: 17263919 kNewNativeDiscountFactor: 2 kOldNativeDiscountFactor: 65536 old_native_bytes: 108847901 new_native_bytes: 19198988 add_bytes_allowed: 31762707 is_gc_concurrent: 1 target_footprint_: 17591695 GetBytesAllocated: 12051576 HeapGrowthMultiplier: 3
12-21 10:01:20.431  3128  3656 I com.miui.home: CheckGCForNative gc_urgency 0.653268 current_native_bytes is 128046889
12-21 10:01:20.455  3128  3656 I com.miui.home: CheckGCForNative adj_start_bytes: 33145272 NativeAllocationGcWatermark: 10587569 java_gc_start_bytes: 17263919 kNewNativeDiscountFactor: 2 kOldNativeDiscountFactor: 65536 old_native_bytes: 108847901 new_native_bytes: 8681420 add_bytes_allowed: 31762707 is_gc_concurrent: 1 target_footprint_: 17591695 GetBytesAllocated: 12232088 HeapGrowthMultiplier: 3
12-21 10:01:20.455  3128  3656 I com.miui.home: CheckGCForNative gc_urgency 0.500055 current_native_bytes is 117529321
12-21 10:01:20.494  3128  3656 I com.miui.home: CheckGCForNative adj_start_bytes: 33145272 NativeAllocationGcWatermark: 10587569 java_gc_start_bytes: 17263919 kNewNativeDiscountFactor: 2 kOldNativeDiscountFactor: 65536 old_native_bytes: 108847901 new_native_bytes: 8891648 add_bytes_allowed: 31762707 is_gc_concurrent: 1 target_footprint_: 17591695 GetBytesAllocated: 12543480 HeapGrowthMultiplier: 3
12-21 10:01:20.494  3128  3656 I com.miui.home: CheckGCForNative gc_urgency 0.512621 current_native_bytes is 117739549
12-21 10:01:20.504  3128  8235 I com.miui.home: CheckGCForNative adj_start_bytes: 33145272 NativeAllocationGcWatermark: 10587569 java_gc_start_bytes: 17263919 kNewNativeDiscountFactor: 2 kOldNativeDiscountFactor: 65536 old_native_bytes: 108847901 new_native_bytes: 8984576 add_bytes_allowed: 31762707 is_gc_concurrent: 1 target_footprint_: 17591695 GetBytesAllocated: 12625400 HeapGrowthMultiplier: 3
12-21 10:01:20.504  3128  8235 I com.miui.home: CheckGCForNative gc_urgency 0.516494 current_native_bytes is 117832477
12-21 10:01:20.655  3128  3128 I com.miui.home: CheckGCForNative adj_start_bytes: 33145272 NativeAllocationGcWatermark: 10587569 java_gc_start_bytes: 17263919 kNewNativeDiscountFactor: 2 kOldNativeDiscountFactor: 65536 old_native_bytes: 108847901 new_native_bytes: 9168900 add_bytes_allowed: 31762707 is_gc_concurrent: 1 target_footprint_: 17591695 GetBytesAllocated: 12871160 HeapGrowthMultiplier: 3
12-21 10:01:20.655  3128  3128 I com.miui.home: CheckGCForNative gc_urgency 0.52669 current_native_bytes is 118016801
12-21 10:01:20.709  3128  3128 I wm_on_top_resumed_lost_called: [260461833,com.miui.home.launcher.Launcher,topStateChangedWhenResumed]
12-21 10:01:20.722  3128  3128 I wm_on_paused_called: [0,260461833,com.miui.home.launcher.Launcher,performPause,1]
12-21 10:01:20.805  3128  3656 I com.miui.home: CheckGCForNative adj_start_bytes: 33145272 NativeAllocationGcWatermark: 10587569 java_gc_start_bytes: 17263919 kNewNativeDiscountFactor: 2 kOldNativeDiscountFactor: 65536 old_native_bytes: 108847901 new_native_bytes: 9425464 add_bytes_allowed: 31762707 is_gc_concurrent: 1 target_footprint_: 17591695 GetBytesAllocated: 13444824 HeapGrowthMultiplier: 3
12-21 10:01:20.805  3128  3656 I com.miui.home: CheckGCForNative gc_urgency 0.547867 current_native_bytes is 118273365
12-21 10:01:20.922  3128  3656 I com.miui.home: CheckGCForNative adj_start_bytes: 33145272 NativeAllocationGcWatermark: 10587569 java_gc_start_bytes: 17263919 kNewNativeDiscountFactor: 2 kOldNativeDiscountFactor: 65536 old_native_bytes: 108847901 new_native_bytes: 9763260 add_bytes_allowed: 31762707 is_gc_concurrent: 1 target_footprint_: 17591695 GetBytesAllocated: 13993880 HeapGrowthMultiplier: 3
12-21 10:01:20.922  3128  3656 I com.miui.home: CheckGCForNative gc_urgency 0.569528 current_native_bytes is 118611161
12-21 10:01:20.969  3128  3656 I com.miui.home: CheckGCForNative adj_start_bytes: 33145272 NativeAllocationGcWatermark: 10587569 java_gc_start_bytes: 17263919 kNewNativeDiscountFactor: 2 kOldNativeDiscountFactor: 65536 old_native_bytes: 108847901 new_native_bytes: 10127728 add_bytes_allowed: 31762707 is_gc_concurrent: 1 target_footprint_: 17591695 GetBytesAllocated: 14338104 HeapGrowthMultiplier: 3
12-21 10:01:20.969  3128  3656 I com.miui.home: CheckGCForNative gc_urgency 0.585412 current_native_bytes is 118975629
12-21 10:01:21.249  8274  8274 I wm_on_create_called: [0,104449792,fm.qingting.qtradio.WelcomeActivity,performCreate,109]
12-21 10:01:21.249  8274  8274 I wm_on_start_called: [0,104449792,fm.qingting.qtradio.WelcomeActivity,handleStartActivity,1]
12-21 10:01:21.252  8274  8274 I wm_on_resume_called: [0,104449792,fm.qingting.qtradio.WelcomeActivity,RESUME_ACTIVITY,2]
12-21 10:01:21.269  8274  8274 I wm_on_top_resumed_gained_called: [104449792,fm.qingting.qtradio.WelcomeActivity,topStateChangedWhenResumed]
12-21 10:01:21.509  3128  3128 I wm_on_stop_called: [0,260461833,com.miui.home.launcher.Launcher,STOP_ACTIVITY_ITEM,4]
12-21 10:01:21.779  8274  8274 I wm_on_idle_called: fm.qingting.qtradio.WelcomeActivity
12-21 10:01:22.274  3128  3128 I wm_on_restart_called: [0,260461833,com.miui.home.launcher.Launcher,performRestartActivity,0]
12-21 10:01:22.275  3128  3128 I wm_on_start_called: [0,260461833,com.miui.home.launcher.Launcher,handleStartActivity,0]
12-21 10:01:22.346  3128  3181 I com.miui.home: CheckGCForNative adj_start_bytes: 33145272 NativeAllocationGcWatermark: 10587569 java_gc_start_bytes: 17263919 kNewNativeDiscountFactor: 2 kOldNativeDiscountFactor: 65536 old_native_bytes: 108847901 new_native_bytes: 21163904 add_bytes_allowed: 31762707 is_gc_concurrent: 1 target_footprint_: 17591695 GetBytesAllocated: 14969496 HeapGrowthMultiplier: 3
12-21 10:01:22.346  3128  3181 I com.miui.home: CheckGCForNative gc_urgency 0.770943 current_native_bytes is 130011805
12-21 10:01:22.352  3128  3181 I com.miui.home: CheckGCForNative adj_start_bytes: 33145272 NativeAllocationGcWatermark: 10587569 java_gc_start_bytes: 17263919 kNewNativeDiscountFactor: 2 kOldNativeDiscountFactor: 65536 old_native_bytes: 108847901 new_native_bytes: 31871680 add_bytes_allowed: 31762707 is_gc_concurrent: 1 target_footprint_: 17591695 GetBytesAllocated: 15002456 HeapGrowthMultiplier: 3
12-21 10:01:22.352  3128  3181 I com.miui.home: CheckGCForNative gc_urgency 0.933465 current_native_bytes is 140719581
12-21 10:01:22.362  3128  3181 I com.miui.home: CheckGCForNative adj_start_bytes: 33145272 NativeAllocationGcWatermark: 10587569 java_gc_start_bytes: 17263919 kNewNativeDiscountFactor: 2 kOldNativeDiscountFactor: 65536 old_native_bytes: 108847901 new_native_bytes: 31860224 add_bytes_allowed: 31762707 is_gc_concurrent: 1 target_footprint_: 17591695 GetBytesAllocated: 15035224 HeapGrowthMultiplier: 3
12-21 10:01:22.362  3128  3181 I com.miui.home: CheckGCForNative gc_urgency 0.934281 current_native_bytes is 140708125
12-21 10:01:22.409  3128  3280 I com.miui.home: CheckGCForNative adj_start_bytes: 33145272 NativeAllocationGcWatermark: 10587569 java_gc_start_bytes: 17263919 kNewNativeDiscountFactor: 2 kOldNativeDiscountFactor: 65536 old_native_bytes: 108847901 new_native_bytes: 21160256 add_bytes_allowed: 31762707 is_gc_concurrent: 1 target_footprint_: 17591695 GetBytesAllocated: 15084568 HeapGrowthMultiplier: 3
12-21 10:01:22.409  3128  3280 I com.miui.home: CheckGCForNative gc_urgency 0.774359 current_native_bytes is 130008157
12-21 10:01:22.420  3128  3280 I com.miui.home: CheckGCForNative adj_start_bytes: 33145272 NativeAllocationGcWatermark: 10587569 java_gc_start_bytes: 17263919 kNewNativeDiscountFactor: 2 kOldNativeDiscountFactor: 65536 old_native_bytes: 108847901 new_native_bytes: 21165108 add_bytes_allowed: 31762707 is_gc_concurrent: 1 target_footprint_: 17591695 GetBytesAllocated: 15100952 HeapGrowthMultiplier: 3
12-21 10:01:22.420  3128  3280 I com.miui.home: CheckGCForNative gc_urgency 0.774927 current_native_bytes is 130013009
12-21 10:01:22.776  3128  3280 I com.miui.home: CheckGCForNative adj_start_bytes: 33145272 NativeAllocationGcWatermark: 10587569 java_gc_start_bytes: 17263919 kNewNativeDiscountFactor: 2 kOldNativeDiscountFactor: 65536 old_native_bytes: 108847901 new_native_bytes: 21209228 add_bytes_allowed: 31762707 is_gc_concurrent: 1 target_footprint_: 17591695 GetBytesAllocated: 15264792 HeapGrowthMultiplier: 3
12-21 10:01:22.776  3128  3280 I com.miui.home: CheckGCForNative gc_urgency 0.780536 current_native_bytes is 130057129
12-21 10:01:22.930  3128  3128 I wm_on_resume_called: [0,260461833,com.miui.home.launcher.Launcher,RESUME_ACTIVITY,5]
12-21 10:01:22.931  3128  3128 I wm_on_idle_called: com.miui.home.launcher.Launcher
12-21 10:01:23.085  3128  3656 I com.miui.home: CheckGCForNative adj_start_bytes: 33145272 NativeAllocationGcWatermark: 10587569 java_gc_start_bytes: 17263919 kNewNativeDiscountFactor: 2 kOldNativeDiscountFactor: 65536 old_native_bytes: 108847901 new_native_bytes: 21515756 add_bytes_allowed: 31762707 is_gc_concurrent: 1 target_footprint_: 17591695 GetBytesAllocated: 16543768 HeapGrowthMultiplier: 3
12-21 10:01:23.085  3128  3656 I com.miui.home: CheckGCForNative gc_urgency 0.823747 current_native_bytes is 130363657
12-21 10:01:23.093  3128  3656 I com.miui.home: CheckGCForNative adj_start_bytes: 33145272 NativeAllocationGcWatermark: 10587569 java_gc_start_bytes: 17263919 kNewNativeDiscountFactor: 2 kOldNativeDiscountFactor: 65536 old_native_bytes: 108847901 new_native_bytes: 32320128 add_bytes_allowed: 31762707 is_gc_concurrent: 1 target_footprint_: 17591695 GetBytesAllocated: 16609304 HeapGrowthMultiplier: 3
12-21 10:01:23.093  3128  3656 I com.miui.home: CheckGCForNative gc_urgency 0.988709 current_native_bytes is 141168029
12-21 10:01:23.134  3128  3656 I com.miui.home: CheckGCForNative adj_start_bytes: 33145272 NativeAllocationGcWatermark: 10587569 java_gc_start_bytes: 17263919 kNewNativeDiscountFactor: 2 kOldNativeDiscountFactor: 65536 old_native_bytes: 108847901 new_native_bytes: 21734624 add_bytes_allowed: 31762707 is_gc_concurrent: 1 target_footprint_: 17591695 GetBytesAllocated: 16920952 HeapGrowthMultiplier: 3
12-21 10:01:23.134  3128  3656 I com.miui.home: CheckGCForNative gc_urgency 0.838428 current_native_bytes is 130582525
12-21 10:01:23.268  3128  3128 I wm_on_paused_called: [0,260461833,com.miui.home.launcher.Launcher,performPause,1]
12-21 10:01:23.298  8274  8274 I wm_on_top_resumed_lost_called: [104449792,fm.qingting.qtradio.WelcomeActivity,topStateChangedWhenResumed]
12-21 10:01:23.411  8274  8274 I wm_on_paused_called: [0,104449792,fm.qingting.qtradio.WelcomeActivity,performPause,49]
12-21 10:01:23.426  8274  8274 I wm_on_stop_called: [0,104449792,fm.qingting.qtradio.WelcomeActivity,STOP_ACTIVITY_ITEM,6]
12-21 10:01:23.463  3128  3656 I com.miui.home: CheckGCForNative gc_urgency 0 current_native_bytes is 126886785
12-21 10:01:23.467  3128  3280 I com.miui.home: CheckGCForNative gc_urgency 0 current_native_bytes is 126606241
12-21 10:01:23.467  3128  3280 I com.miui.home: CheckGCForNative adj_start_bytes: 32948760 NativeAllocationGcWatermark: 10587569 java_gc_start_bytes: 17067407 kNewNativeDiscountFactor: 2 kOldNativeDiscountFactor: 65536 old_native_bytes: 126606241 new_native_bytes: 512 add_bytes_allowed: 31762707 is_gc_concurrent: 1 target_footprint_: 17591695 GetBytesAllocated: 10042128 HeapGrowthMultiplier: 3
12-21 10:01:23.467  3128  3280 I com.miui.home: CheckGCForNative gc_urgency 0.304847 current_native_bytes is 126606753
12-21 10:01:23.495  3128  3656 I com.miui.home: CheckGCForNative adj_start_bytes: 32948760 NativeAllocationGcWatermark: 10587569 java_gc_start_bytes: 17067407 kNewNativeDiscountFactor: 2 kOldNativeDiscountFactor: 65536 old_native_bytes: 126606241 new_native_bytes: 763232 add_bytes_allowed: 31762707 is_gc_concurrent: 1 target_footprint_: 17591695 GetBytesAllocated: 10107984 HeapGrowthMultiplier: 3
12-21 10:01:23.495  3128  3656 I com.miui.home: CheckGCForNative gc_urgency 0.31842 current_native_bytes is 127369473
12-21 10:01:23.500  3128  3656 I com.miui.home: CheckGCForNative adj_start_bytes: 32948760 NativeAllocationGcWatermark: 10587569 java_gc_start_bytes: 17067407 kNewNativeDiscountFactor: 2 kOldNativeDiscountFactor: 65536 old_native_bytes: 126606241 new_native_bytes: 1146880 add_bytes_allowed: 31762707 is_gc_concurrent: 1 target_footprint_: 17591695 GetBytesAllocated: 10107984 HeapGrowthMultiplier: 3
12-21 10:01:23.500  3128  3656 I com.miui.home: CheckGCForNative gc_urgency 0.324241 current_native_bytes is 127753121
12-21 10:01:23.557  3128  3656 I com.miui.home: CheckGCForNative adj_start_bytes: 32948760 NativeAllocationGcWatermark: 10587569 java_gc_start_bytes: 17067407 kNewNativeDiscountFactor: 2 kOldNativeDiscountFactor: 65536 old_native_bytes: 126606241 new_native_bytes: 2798780 add_bytes_allowed: 31762707 is_gc_concurrent: 1 target_footprint_: 17591695 GetBytesAllocated: 10222928 HeapGrowthMultiplier: 3
12-21 10:01:23.557  3128  3656 I com.miui.home: CheckGCForNative gc_urgency 0.352798 current_native_bytes is 129405021
12-21 10:01:23.560  3128  3656 I com.miui.home: CheckGCForNative adj_start_bytes: 32948760 NativeAllocationGcWatermark: 10587569 java_gc_start_bytes: 17067407 kNewNativeDiscountFactor: 2 kOldNativeDiscountFactor: 65536 old_native_bytes: 126606241 new_native_bytes: 3224892 add_bytes_allowed: 31762707 is_gc_concurrent: 1 target_footprint_: 17591695 GetBytesAllocated: 10222928 HeapGrowthMultiplier: 3
12-21 10:01:23.560  3128  3656 I com.miui.home: CheckGCForNative gc_urgency 0.359264 current_native_bytes is 129831133
12-21 10:01:23.568  3128  3656 I com.miui.home: CheckGCForNative adj_start_bytes: 32948760 NativeAllocationGcWatermark: 10587569 java_gc_start_bytes: 17067407 kNewNativeDiscountFactor: 2 kOldNativeDiscountFactor: 65536 old_native_bytes: 126606241 new_native_bytes: 3999124 add_bytes_allowed: 31762707 is_gc_concurrent: 1 target_footprint_: 17591695 GetBytesAllocated: 10288688 HeapGrowthMultiplier: 3
12-21 10:01:23.568  3128  3656 I com.miui.home: CheckGCForNative gc_urgency 0.373009 current_native_bytes is 130605365
12-21 10:01:23.569  3128  3656 I com.miui.home: CheckGCForNative adj_start_bytes: 32948760 NativeAllocationGcWatermark: 10587569 java_gc_start_bytes: 17067407 kNewNativeDiscountFactor: 2 kOldNativeDiscountFactor: 65536 old_native_bytes: 126606241 new_native_bytes: 4458260 add_bytes_allowed: 31762707 is_gc_concurrent: 1 target_footprint_: 17591695 GetBytesAllocated: 10288688 HeapGrowthMultiplier: 3
12-21 10:01:23.569  3128  3656 I com.miui.home: CheckGCForNative gc_urgency 0.379976 current_native_bytes is 131064501
12-21 10:01:23.597  3128  3656 I com.miui.home: CheckGCForNative adj_start_bytes: 32948760 NativeAllocationGcWatermark: 10587569 java_gc_start_bytes: 17067407 kNewNativeDiscountFactor: 2 kOldNativeDiscountFactor: 65536 old_native_bytes: 126606241 new_native_bytes: 5467396 add_bytes_allowed: 31762707 is_gc_concurrent: 1 target_footprint_: 17591695 GetBytesAllocated: 10324072 HeapGrowthMultiplier: 3
12-21 10:01:23.597  3128  3656 I com.miui.home: CheckGCForNative gc_urgency 0.396364 current_native_bytes is 132073637
12-21 10:01:23.627  3128  3656 I com.miui.home: CheckGCForNative adj_start_bytes: 32948760 NativeAllocationGcWatermark: 10587569 java_gc_start_bytes: 17067407 kNewNativeDiscountFactor: 2 kOldNativeDiscountFactor: 65536 old_native_bytes: 126606241 new_native_bytes: 5714092 add_bytes_allowed: 31762707 is_gc_concurrent: 1 target_footprint_: 17591695 GetBytesAllocated: 10356920 HeapGrowthMultiplier: 3
12-21 10:01:23.628  3128  3656 I com.miui.home: CheckGCForNative gc_urgency 0.401105 current_native_bytes is 132320333
12-21 10:01:23.672  3128  3656 I com.miui.home: CheckGCForNative adj_start_bytes: 32948760 NativeAllocationGcWatermark: 10587569 java_gc_start_bytes: 17067407 kNewNativeDiscountFactor: 2 kOldNativeDiscountFactor: 65536 old_native_bytes: 126606241 new_native_bytes: 6279980 add_bytes_allowed: 31762707 is_gc_concurrent: 1 target_footprint_: 17591695 GetBytesAllocated: 10406344 HeapGrowthMultiplier: 3
12-21 10:01:23.672  3128  3656 I com.miui.home: CheckGCForNative gc_urgency 0.411192 current_native_bytes is 132886221
12-21 10:01:23.705  3128  3656 I com.miui.home: CheckGCForNative adj_start_bytes: 32948760 NativeAllocationGcWatermark: 10587569 java_gc_start_bytes: 17067407 kNewNativeDiscountFactor: 2 kOldNativeDiscountFactor: 65536 old_native_bytes: 126606241 new_native_bytes: 7030956 add_bytes_allowed: 31762707 is_gc_concurrent: 1 target_footprint_: 17591695 GetBytesAllocated: 10406344 HeapGrowthMultiplier: 3
12-21 10:01:23.705  3128  3656 I com.miui.home: CheckGCForNative gc_urgency 0.422588 current_native_bytes is 133637197
12-21 10:01:23.716  3128  3656 I com.miui.home: CheckGCForNative adj_start_bytes: 32948760 NativeAllocationGcWatermark: 10587569 java_gc_start_bytes: 17067407 kNewNativeDiscountFactor: 2 kOldNativeDiscountFactor: 65536 old_native_bytes: 126606241 new_native_bytes: 7428548 add_bytes_allowed: 31762707 is_gc_concurrent: 1 target_footprint_: 17591695 GetBytesAllocated: 10455672 HeapGrowthMultiplier: 3
12-21 10:01:23.716  3128  3656 I com.miui.home: CheckGCForNative gc_urgency 0.430119 current_native_bytes is 134034789
12-21 10:01:23.720  3128  3656 I com.miui.home: CheckGCForNative adj_start_bytes: 32948760 NativeAllocationGcWatermark: 10587569 java_gc_start_bytes: 17067407 kNewNativeDiscountFactor: 2 kOldNativeDiscountFactor: 65536 old_native_bytes: 126606241 new_native_bytes: 7825092 add_bytes_allowed: 31762707 is_gc_concurrent: 1 target_footprint_: 17591695 GetBytesAllocated: 10455672 HeapGrowthMultiplier: 3
12-21 10:01:23.721  3128  3656 I com.miui.home: CheckGCForNative gc_urgency 0.436136 current_native_bytes is 134431333
12-21 10:01:23.726  3128  3656 I com.miui.home: CheckGCForNative adj_start_bytes: 32948760 NativeAllocationGcWatermark: 10587569 java_gc_start_bytes: 17067407 kNewNativeDiscountFactor: 2 kOldNativeDiscountFactor: 65536 old_native_bytes: 126606241 new_native_bytes: 8373988 add_bytes_allowed: 31762707 is_gc_concurrent: 1 target_footprint_: 17591695 GetBytesAllocated: 10488632 HeapGrowthMultiplier: 3
12-21 10:01:23.726  3128  3656 I com.miui.home: CheckGCForNative gc_urgency 0.445466 current_native_bytes is 134980229
12-21 10:01:23.801  3128  3656 I com.miui.home: CheckGCForNative adj_start_bytes: 32948760 NativeAllocationGcWatermark: 10587569 java_gc_start_bytes: 17067407 kNewNativeDiscountFactor: 2 kOldNativeDiscountFactor: 65536 old_native_bytes: 126606241 new_native_bytes: 9224536 add_bytes_allowed: 31762707 is_gc_concurrent: 1 target_footprint_: 17591695 GetBytesAllocated: 10833272 HeapGrowthMultiplier: 3
12-21 10:01:23.802  3128  3656 I com.miui.home: CheckGCForNative gc_urgency 0.468833 current_native_bytes is 135830777
12-21 10:01:24.258  8274  8274 I wm_on_destroy_called: [0,104449792,fm.qingting.qtradio.WelcomeActivity,performDestroy,5]
12-21 10:01:24.960  8765  8765 I wm_on_application_create_called: [0,com.ss.android.ugc.aweme,428]
12-21 10:01:25.320  8765  8765 I wm_on_create_called: [0,136181057,com.ss.android.ugc.aweme.splash.SplashActivity,performCreate,311]
12-21 10:01:25.450  8765  8765 I wm_on_start_called: [0,136181057,com.ss.android.ugc.aweme.splash.SplashActivity,handleStartActivity,119]
12-21 10:01:25.525  8765  8765 I wm_on_resume_called: [0,136181057,com.ss.android.ugc.aweme.splash.SplashActivity,RESUME_ACTIVITY,66]
12-21 10:01:25.617  8765  8765 I wm_on_top_resumed_gained_called: [136181057,com.ss.android.ugc.aweme.splash.SplashActivity,topStateChangedWhenResumed]
12-21 10:01:25.857  3128  3181 I com.miui.home: CheckGCForNative adj_start_bytes: 32948760 NativeAllocationGcWatermark: 10587569 java_gc_start_bytes: 17067407 kNewNativeDiscountFactor: 2 kOldNativeDiscountFactor: 65536 old_native_bytes: 126606241 new_native_bytes: 20398444 add_bytes_allowed: 31762707 is_gc_concurrent: 1 target_footprint_: 17591695 GetBytesAllocated: 11489432 HeapGrowthMultiplier: 3
12-21 10:01:25.857  3128  3181 I com.miui.home: CheckGCForNative gc_urgency 0.658313 current_native_bytes is 147004685
12-21 10:01:25.857  3128  3181 I com.miui.home: CheckGCForNative adj_start_bytes: 32948760 NativeAllocationGcWatermark: 10587569 java_gc_start_bytes: 17067407 kNewNativeDiscountFactor: 2 kOldNativeDiscountFactor: 65536 old_native_bytes: 126606241 new_native_bytes: 31104364 add_bytes_allowed: 31762707 is_gc_concurrent: 1 target_footprint_: 17591695 GetBytesAllocated: 11506008 HeapGrowthMultiplier: 3
12-21 10:01:25.857  3128  3181 I com.miui.home: CheckGCForNative gc_urgency 0.821279 current_native_bytes is 157710605
12-21 10:01:25.946  3128  3181 I com.miui.home: CheckGCForNative adj_start_bytes: 32948760 NativeAllocationGcWatermark: 10587569 java_gc_start_bytes: 17067407 kNewNativeDiscountFactor: 2 kOldNativeDiscountFactor: 65536 old_native_bytes: 126606241 new_native_bytes: 31123436 add_bytes_allowed: 31762707 is_gc_concurrent: 1 target_footprint_: 17591695 GetBytesAllocated: 11571544 HeapGrowthMultiplier: 3
12-21 10:01:25.946  3128  3181 I com.miui.home: CheckGCForNative gc_urgency 0.823557 current_native_bytes is 157729677
12-21 10:01:26.006  3128  3280 I com.miui.home: CheckGCForNative adj_start_bytes: 32948760 NativeAllocationGcWatermark: 10587569 java_gc_start_bytes: 17067407 kNewNativeDiscountFactor: 2 kOldNativeDiscountFactor: 65536 old_native_bytes: 126606241 new_native_bytes: 20434924 add_bytes_allowed: 31762707 is_gc_concurrent: 1 target_footprint_: 17591695 GetBytesAllocated: 11719224 HeapGrowthMultiplier: 3
12-21 10:01:26.006  3128  3280 I com.miui.home: CheckGCForNative gc_urgency 0.66584 current_native_bytes is 147041165
12-21 10:01:26.251  3128  3280 I com.miui.home: CheckGCForNative adj_start_bytes: 32948760 NativeAllocationGcWatermark: 10587569 java_gc_start_bytes: 17067407 kNewNativeDiscountFactor: 2 kOldNativeDiscountFactor: 65536 old_native_bytes: 126606241 new_native_bytes: 20454436 add_bytes_allowed: 31762707 is_gc_concurrent: 1 target_footprint_: 17591695 GetBytesAllocated: 11817528 HeapGrowthMultiplier: 3
12-21 10:01:26.251  3128  3280 I com.miui.home: CheckGCForNative gc_urgency 0.66912 current_native_bytes is 147060677
12-21 10:01:26.363  3128  3280 I com.miui.home: CheckGCForNative adj_start_bytes: 32948760 NativeAllocationGcWatermark: 10587569 java_gc_start_bytes: 17067407 kNewNativeDiscountFactor: 2 kOldNativeDiscountFactor: 65536 old_native_bytes: 126606241 new_native_bytes: 20463140 add_bytes_allowed: 31762707 is_gc_concurrent: 1 target_footprint_: 17591695 GetBytesAllocated: 11866680 HeapGrowthMultiplier: 3
12-21 10:01:26.363  3128  3280 I com.miui.home: CheckGCForNative gc_urgency 0.670744 current_native_bytes is 147069381
12-21 10:01:26.396  3128  3128 I wm_on_resume_called: [0,260461833,com.miui.home.launcher.Launcher,RESUME_ACTIVITY,2]
12-21 10:01:26.396  3128  3128 I wm_on_idle_called: com.miui.home.launcher.Launcher
12-21 10:01:26.605  3128  3128 I wm_on_paused_called: [0,260461833,com.miui.home.launcher.Launcher,performPause,1]
12-21 10:01:26.633  3128  3656 I com.miui.home: CheckGCForNative adj_start_bytes: 32948760 NativeAllocationGcWatermark: 10587569 java_gc_start_bytes: 17067407 kNewNativeDiscountFactor: 2 kOldNativeDiscountFactor: 65536 old_native_bytes: 126606241 new_native_bytes: 20873396 add_bytes_allowed: 31762707 is_gc_concurrent: 1 target_footprint_: 17591695 GetBytesAllocated: 13432440 HeapGrowthMultiplier: 3
12-21 10:01:26.633  3128  3656 I com.miui.home: CheckGCForNative gc_urgency 0.724491 current_native_bytes is 147479637
12-21 10:01:26.729  3128  3656 I com.miui.home: CheckGCForNative adj_start_bytes: 32948760 NativeAllocationGcWatermark: 10587569 java_gc_start_bytes: 17067407 kNewNativeDiscountFactor: 2 kOldNativeDiscountFactor: 65536 old_native_bytes: 126606241 new_native_bytes: 21044952 add_bytes_allowed: 31762707 is_gc_concurrent: 1 target_footprint_: 17591695 GetBytesAllocated: 13998008 HeapGrowthMultiplier: 3
12-21 10:01:26.729  3128  3656 I com.miui.home: CheckGCForNative gc_urgency 0.744259 current_native_bytes is 147651193
12-21 10:01:26.753  3128  3656 I com.miui.home: CheckGCForNative adj_start_bytes: 32948760 NativeAllocationGcWatermark: 10587569 java_gc_start_bytes: 17067407 kNewNativeDiscountFactor: 2 kOldNativeDiscountFactor: 65536 old_native_bytes: 126606241 new_native_bytes: 32311840 add_bytes_allowed: 31762707 is_gc_concurrent: 1 target_footprint_: 17591695 GetBytesAllocated: 14129144 HeapGrowthMultiplier: 3
12-21 10:01:26.753  3128  3656 I com.miui.home: CheckGCForNative gc_urgency 0.919215 current_native_bytes is 158918081
12-21 10:01:26.833  3128  3656 I com.miui.home: CheckGCForNative adj_start_bytes: 32948760 NativeAllocationGcWatermark: 10587569 java_gc_start_bytes: 17067407 kNewNativeDiscountFactor: 2 kOldNativeDiscountFactor: 65536 old_native_bytes: 126606241 new_native_bytes: 21882388 add_bytes_allowed: 31762707 is_gc_concurrent: 1 target_footprint_: 17591695 GetBytesAllocated: 14457304 HeapGrowthMultiplier: 3
12-21 10:01:26.833  3128  3656 I com.miui.home: CheckGCForNative gc_urgency 0.770907 current_native_bytes is 148488629
12-21 10:01:26.887  3128  3261 I com.miui.home: CheckGCForNative adj_start_bytes: 32948760 NativeAllocationGcWatermark: 10587569 java_gc_start_bytes: 17067407 kNewNativeDiscountFactor: 2 kOldNativeDiscountFactor: 65536 old_native_bytes: 126606241 new_native_bytes: 22258196 add_bytes_allowed: 31762707 is_gc_concurrent: 1 target_footprint_: 17591695 GetBytesAllocated: 14637528 HeapGrowthMultiplier: 3
12-21 10:01:26.887  3128  3261 I com.miui.home: CheckGCForNative gc_urgency 0.78208 current_native_bytes is 148864437
12-21 10:01:27.421  9205  9205 I wm_on_create_called: [0,169128046,com.eg.android.AlipayGphone.AlipayLogin,performCreate,114]
12-21 10:01:27.424  9205  9205 I wm_on_start_called: [0,169128046,com.eg.android.AlipayGphone.AlipayLogin,handleStartActivity,3]
12-21 10:01:27.427  9205  9205 I wm_on_resume_called: [0,169128046,com.eg.android.AlipayGphone.AlipayLogin,RESUME_ACTIVITY,2]
12-21 10:01:27.446  9205  9205 I wm_on_top_resumed_gained_called: [169128046,com.eg.android.AlipayGphone.AlipayLogin,topStateChangedWhenResumed]
12-21 10:01:27.766  3128  3128 I wm_on_stop_called: [0,260461833,com.miui.home.launcher.Launcher,STOP_ACTIVITY_ITEM,2]
12-21 10:01:28.323  3128  3128 I wm_on_restart_called: [0,260461833,com.miui.home.launcher.Launcher,performRestartActivity,0]
12-21 10:01:28.323  3128  3128 I wm_on_start_called: [0,260461833,com.miui.home.launcher.Launcher,handleStartActivity,1]
12-21 10:01:28.375  3128  3175 I com.miui.home: CheckGCForNative adj_start_bytes: 32948760 NativeAllocationGcWatermark: 10587569 java_gc_start_bytes: 17067407 kNewNativeDiscountFactor: 2 kOldNativeDiscountFactor: 65536 old_native_bytes: 126606241 new_native_bytes: 33244428 add_bytes_allowed: 31762707 is_gc_concurrent: 1 target_footprint_: 17591695 GetBytesAllocated: 15293432 HeapGrowthMultiplier: 3
12-21 10:01:28.375  3128  3175 I com.miui.home: CheckGCForNative gc_urgency 0.968703 current_native_bytes is 159850669
12-21 10:01:28.376  3128  3175 I com.miui.home: CheckGCForNative adj_start_bytes: 32948760 NativeAllocationGcWatermark: 10587569 java_gc_start_bytes: 17067407 kNewNativeDiscountFactor: 2 kOldNativeDiscountFactor: 65536 old_native_bytes: 126606241 new_native_bytes: 43950348 add_bytes_allowed: 31762707 is_gc_concurrent: 1 target_footprint_: 17591695 GetBytesAllocated: 15310008 HeapGrowthMultiplier: 3
12-21 10:01:28.376  3128  3175 I com.miui.home: CheckGCForNative gc_urgency 1.13167 current_native_bytes is 170556589
12-21 10:01:28.376  3128  3175 I com.miui.home: CheckGCForNative requested 1
12-21 10:01:28.424  3128  3175 I com.miui.home: CheckGCForNative adj_start_bytes: 32948760 NativeAllocationGcWatermark: 10587569 java_gc_start_bytes: 17067407 kNewNativeDiscountFactor: 2 kOldNativeDiscountFactor: 65536 old_native_bytes: 126606241 new_native_bytes: 43955596 add_bytes_allowed: 31762707 is_gc_concurrent: 1 target_footprint_: 17591695 GetBytesAllocated: 15441080 HeapGrowthMultiplier: 3
12-21 10:01:28.425  3128  3175 I com.miui.home: CheckGCForNative gc_urgency 1.13573 current_native_bytes is 170561837
12-21 10:01:28.425  3128  3175 I com.miui.home: CheckGCForNative requested 1
12-21 10:01:28.512  3128  3280 I com.miui.home: CheckGCForNative gc_urgency 0 current_native_bytes is 118776209
12-21 10:01:28.617  9462  9462 I wm_on_application_create_called: [0,com.eg.android.AlipayGphone,209]
12-21 10:01:28.646  3128  3280 I com.miui.home: CheckGCForNative adj_start_bytes: 34622516 NativeAllocationGcWatermark: 10727557 java_gc_start_bytes: 18531181 kNewNativeDiscountFactor: 2 kOldNativeDiscountFactor: 65536 old_native_bytes: 118776209 new_native_bytes: 10232 add_bytes_allowed: 32182671 is_gc_concurrent: 1 target_footprint_: 18711597 GetBytesAllocated: 9486872 HeapGrowthMultiplier: 3
12-21 10:01:28.646  3128  3280 I com.miui.home: CheckGCForNative gc_urgency 0.274209 current_native_bytes is 118786441
12-21 10:01:28.776  9205  9205 I wm_on_idle_called: com.eg.android.AlipayGphone.AlipayLogin
12-21 10:01:28.914  9205  9205 I wm_on_top_resumed_lost_called: [169128046,com.eg.android.AlipayGphone.AlipayLogin,topStateChangedWhenResumed]
12-21 10:01:28.978  9205  9205 I wm_on_paused_called: [0,169128046,com.eg.android.AlipayGphone.AlipayLogin,performPause,21]
12-21 10:01:29.042  3128  3128 I wm_on_resume_called: [0,260461833,com.miui.home.launcher.Launcher,RESUME_ACTIVITY,6]
12-21 10:01:29.042  3128  3128 I wm_on_top_resumed_gained_called: [260461833,com.miui.home.launcher.Launcher,topWhenResuming]
12-21 10:01:29.048  3128  3128 I wm_on_idle_called: com.miui.home.launcher.Launcher
12-21 10:01:29.183  3128  3656 I com.miui.home: CheckGCForNative adj_start_bytes: 34622516 NativeAllocationGcWatermark: 10727557 java_gc_start_bytes: 18531181 kNewNativeDiscountFactor: 2 kOldNativeDiscountFactor: 65536 old_native_bytes: 118776209 new_native_bytes: 368312 add_bytes_allowed: 32182671 is_gc_concurrent: 1 target_footprint_: 18711597 GetBytesAllocated: 10700712 HeapGrowthMultiplier: 3
12-21 10:01:29.183  3128  3656 I com.miui.home: CheckGCForNative gc_urgency 0.314439 current_native_bytes is 119144521
