12-19 20:47:19.210  3155  3621 I com.miui.home: CheckGCForNative adj_start_bytes: 44845402 NativeAllocationGcWatermark: 11819209 java_gc_start_bytes: 27116589 kNewNativeDiscountFactor: 2 kOldNativeDiscountFactor: 65536 old_native_bytes: 116242273 new_native_bytes: 9535792 add_bytes_allowed: 35457627 is_gc_concurrent: 1 target_footprint_: 27444813 GetBytesAllocated: 14905624 HeapGrowthMultiplier: 3
12-19 20:47:19.210  3155  3621 I com.miui.home: CheckGCForNative gc_urgency 0.438736 current_native_bytes is 125778065
12-19 20:47:19.213  3155  3621 I cccccc  : getTaskSnapshotInstance: 437
12-19 20:47:19.289  3155  3155 I wm_on_resume_called: [0,4314700,com.miui.home.launcher.Launcher,RESUME_ACTIVITY,5]
12-19 20:47:19.333 11871 11871 I wm_on_create_called: [0,183077772,com.dragon.read.pages.main.MainFragmentActivity,performCreate,493]
12-19 20:47:19.366  3155  3155 I wm_on_idle_called: com.miui.home.launcher.Launcher
12-19 20:47:19.489  3155  3205 D cccccc  : onTaskStackChangedBackground
12-19 20:47:19.489  3155  3205 D cccccc  : onTaskStackChangedBackground
12-19 20:47:19.494  3155  3210 D cccccc  : onTaskStackChangedBackground
12-19 20:47:19.523  3155  3621 I com.miui.home: CheckGCForNative adj_start_bytes: 44845402 NativeAllocationGcWatermark: 11819209 java_gc_start_bytes: 27116589 kNewNativeDiscountFactor: 2 kOldNativeDiscountFactor: 65536 old_native_bytes: 116242273 new_native_bytes: 9551708 add_bytes_allowed: 35457627 is_gc_concurrent: 1 target_footprint_: 27444813 GetBytesAllocated: 16234264 HeapGrowthMultiplier: 3
12-19 20:47:19.523  3155  3621 I com.miui.home: CheckGCForNative gc_urgency 0.468541 current_native_bytes is 125793981
12-19 20:47:19.532  3155  3621 I com.miui.home: CheckGCForNative adj_start_bytes: 44845402 NativeAllocationGcWatermark: 11819209 java_gc_start_bytes: 27116589 kNewNativeDiscountFactor: 2 kOldNativeDiscountFactor: 65536 old_native_bytes: 116242273 new_native_bytes: 9679700 add_bytes_allowed: 35457627 is_gc_concurrent: 1 target_footprint_: 27444813 GetBytesAllocated: 16332568 HeapGrowthMultiplier: 3
12-19 20:47:19.532  3155  3621 I com.miui.home: CheckGCForNative gc_urgency 0.47216 current_native_bytes is 125921973
12-19 20:47:19.540  3155  3621 I cccccc  : getTaskSnapshotInstance: 438
12-19 20:47:19.541  3155  3621 I com.miui.home: CheckGCForNative adj_start_bytes: 44845402 NativeAllocationGcWatermark: 11819209 java_gc_start_bytes: 27116589 kNewNativeDiscountFactor: 2 kOldNativeDiscountFactor: 65536 old_native_bytes: 116242273 new_native_bytes: 20391892 add_bytes_allowed: 35457627 is_gc_concurrent: 1 target_footprint_: 27444813 GetBytesAllocated: 16398104 HeapGrowthMultiplier: 3
12-19 20:47:19.541  3155  3621 I com.miui.home: CheckGCForNative gc_urgency 0.593056 current_native_bytes is 136634165
12-19 20:47:19.541  3155  3621 I cccccc  : getTaskThumbnailInfo: 2460 1.0  10705920
12-19 20:47:19.541  3155  3621 I cccccc  : getTaskSnapshotInstance: 437
12-19 20:47:19.586  3155  3621 I com.miui.home: CheckGCForNative adj_start_bytes: 44845402 NativeAllocationGcWatermark: 11819209 java_gc_start_bytes: 27116589 kNewNativeDiscountFactor: 2 kOldNativeDiscountFactor: 65536 old_native_bytes: 116242273 new_native_bytes: 9905768 add_bytes_allowed: 35457627 is_gc_concurrent: 1 target_footprint_: 27444813 GetBytesAllocated: 16742808 HeapGrowthMultiplier: 3
12-19 20:47:19.586  3155  3621 I com.miui.home: CheckGCForNative gc_urgency 0.483828 current_native_bytes is 126148041
12-19 20:47:19.595  3155  3621 I cccccc  : getTaskSnapshotInstance: 437
12-19 20:47:19.768  3155  3155 I wm_on_top_resumed_gained_called: [4314700,com.miui.home.launcher.Launcher,topStateChangedWhenResumed]
12-19 20:47:19.932  3155  3155 I wm_on_top_resumed_lost_called: [4314700,com.miui.home.launcher.Launcher,topStateChangedWhenResumed]
12-19 20:47:19.938  3155  3155 I wm_on_paused_called: [0,4314700,com.miui.home.launcher.Launcher,performPause,2]
12-19 20:47:19.955  3155  3204 D cccccc  : onTaskStackChangedBackground
12-19 20:47:19.955  3155  4295 D cccccc  : onTaskStackChangedBackground
12-19 20:47:19.956  3155  4295 D cccccc  : onTaskStackChangedBackground
12-19 20:47:19.956  3155  3204 D cccccc  : onTaskStackChangedBackground
12-19 20:47:20.041  3155  3621 I com.miui.home: CheckGCForNative adj_start_bytes: 44845402 NativeAllocationGcWatermark: 11819209 java_gc_start_bytes: 27116589 kNewNativeDiscountFactor: 2 kOldNativeDiscountFactor: 65536 old_native_bytes: 116242273 new_native_bytes: 9992936 add_bytes_allowed: 35457627 is_gc_concurrent: 1 target_footprint_: 27444813 GetBytesAllocated: 17513400 HeapGrowthMultiplier: 3
12-19 20:47:20.041  3155  3621 I com.miui.home: CheckGCForNative gc_urgency 0.501983 current_native_bytes is 126235209
12-19 20:47:20.044  3155  3631 D cccccc  : onTaskStackChangedBackground
12-19 20:47:20.047  3155  3210 D cccccc  : onTaskStackChangedBackground
12-19 20:47:20.047  3155  3631 D cccccc  : onTaskStackChangedBackground
12-19 20:47:20.074  3155  3621 I cccccc  : getTaskSnapshotInstance: 439
12-19 20:47:20.151  3155  3621 I cccccc  : getTaskSnapshotInstance: 437
12-19 20:47:20.208  3155  3621 I com.miui.home: CheckGCForNative adj_start_bytes: 44845402 NativeAllocationGcWatermark: 11819209 java_gc_start_bytes: 27116589 kNewNativeDiscountFactor: 2 kOldNativeDiscountFactor: 65536 old_native_bytes: 116242273 new_native_bytes: 10396848 add_bytes_allowed: 35457627 is_gc_concurrent: 1 target_footprint_: 27444813 GetBytesAllocated: 18243064 HeapGrowthMultiplier: 3
12-19 20:47:20.208  3155  3621 I com.miui.home: CheckGCForNative gc_urgency 0.522757 current_native_bytes is 126639121
12-19 20:47:20.239  3155  3621 I cccccc  : getTaskSnapshotInstance: 439
12-19 20:47:20.242  3155  3621 I cccccc  : getTaskSnapshotInstance: 437
12-19 20:47:21.006 12272 12272 I wm_on_application_create_called: [0,com.taobao.taobao,325]
12-19 20:47:21.154 12241 12241 I wm_on_application_create_called: [0,com.taobao.taobao,516]
12-19 20:47:21.297 12241 12241 I wm_on_create_called: [0,53339059,com.taobao.tao.welcome.Welcome,performCreate,127]
12-19 20:47:21.381 12241 12241 I wm_on_start_called: [0,53339059,com.taobao.tao.welcome.Welcome,handleStartActivity,83]
12-19 20:47:21.408 12241 12241 I wm_on_resume_called: [0,53339059,com.taobao.tao.welcome.Welcome,RESUME_ACTIVITY,25]
12-19 20:47:21.441 12241 12241 I wm_on_top_resumed_gained_called: [53339059,com.taobao.tao.welcome.Welcome,topStateChangedWhenResumed]
12-19 20:47:21.755  3155  3631 I com.miui.home: CheckGCForNative adj_start_bytes: 44845402 NativeAllocationGcWatermark: 11819209 java_gc_start_bytes: 27116589 kNewNativeDiscountFactor: 2 kOldNativeDiscountFactor: 65536 old_native_bytes: 116242273 new_native_bytes: 21353656 add_bytes_allowed: 35457627 is_gc_concurrent: 1 target_footprint_: 27444813 GetBytesAllocated: 19193976 HeapGrowthMultiplier: 3
12-19 20:47:21.755  3155  3631 I com.miui.home: CheckGCForNative gc_urgency 0.666124 current_native_bytes is 137595929
12-19 20:47:21.755  3155  3631 I com.miui.home: CheckGCForNative adj_start_bytes: 44845402 NativeAllocationGcWatermark: 11819209 java_gc_start_bytes: 27116589 kNewNativeDiscountFactor: 2 kOldNativeDiscountFactor: 65536 old_native_bytes: 116242273 new_native_bytes: 32059576 add_bytes_allowed: 35457627 is_gc_concurrent: 1 target_footprint_: 27444813 GetBytesAllocated: 19194168 HeapGrowthMultiplier: 3
12-19 20:47:21.755  3155  3631 I com.miui.home: CheckGCForNative gc_urgency 0.785493 current_native_bytes is 148301849
12-19 20:47:21.759  3155  3631 I cccccc  : getTaskThumbnailInfo: 2460 1.0  10705920
12-19 20:47:21.768  3155  3631 I com.miui.home: CheckGCForNative adj_start_bytes: 44845402 NativeAllocationGcWatermark: 11819209 java_gc_start_bytes: 27116589 kNewNativeDiscountFactor: 2 kOldNativeDiscountFactor: 65536 old_native_bytes: 116242273 new_native_bytes: 32058552 add_bytes_allowed: 35457627 is_gc_concurrent: 1 target_footprint_: 27444813 GetBytesAllocated: 19210552 HeapGrowthMultiplier: 3
12-19 20:47:21.768  3155  3631 I com.miui.home: CheckGCForNative gc_urgency 0.785846 current_native_bytes is 148300825
12-19 20:47:21.770  3155  3525 I com.miui.home: CheckGCForNative adj_start_bytes: 44845402 NativeAllocationGcWatermark: 11819209 java_gc_start_bytes: 27116589 kNewNativeDiscountFactor: 2 kOldNativeDiscountFactor: 65536 old_native_bytes: 116242273 new_native_bytes: 32058552 add_bytes_allowed: 35457627 is_gc_concurrent: 1 target_footprint_: 27444813 GetBytesAllocated: 19210744 HeapGrowthMultiplier: 3
12-19 20:47:21.770  3155  3525 I com.miui.home: CheckGCForNative gc_urgency 0.785851 current_native_bytes is 148300825
12-19 20:47:21.771  3155  3155 I cccccc  : getTaskThumbnailInfo: 2460 1.0  10705920
12-19 20:47:22.014  3155  3525 I com.miui.home: CheckGCForNative adj_start_bytes: 44845402 NativeAllocationGcWatermark: 11819209 java_gc_start_bytes: 27116589 kNewNativeDiscountFactor: 2 kOldNativeDiscountFactor: 65536 old_native_bytes: 116242273 new_native_bytes: 21329480 add_bytes_allowed: 35457627 is_gc_concurrent: 1 target_footprint_: 27444813 GetBytesAllocated: 19456568 HeapGrowthMultiplier: 3
12-19 20:47:22.014  3155  3525 I com.miui.home: CheckGCForNative gc_urgency 0.671709 current_native_bytes is 137571753
12-19 20:47:22.103  3155  3525 I com.miui.home: CheckGCForNative adj_start_bytes: 44845402 NativeAllocationGcWatermark: 11819209 java_gc_start_bytes: 27116589 kNewNativeDiscountFactor: 2 kOldNativeDiscountFactor: 65536 old_native_bytes: 116242273 new_native_bytes: 21308648 add_bytes_allowed: 35457627 is_gc_concurrent: 1 target_footprint_: 27444813 GetBytesAllocated: 19505720 HeapGrowthMultiplier: 3
12-19 20:47:22.103  3155  3525 I com.miui.home: CheckGCForNative gc_urgency 0.672573 current_native_bytes is 137550921
12-19 20:47:22.348  3155  3155 I wm_on_resume_called: [0,4314700,com.miui.home.launcher.Launcher,RESUME_ACTIVITY,5]
12-19 20:47:22.350  3155  3155 I wm_on_idle_called: com.miui.home.launcher.Launcher
12-19 20:47:22.469  3155  3204 D cccccc  : onTaskStackChangedBackground
12-19 20:47:22.469  3155  3210 D cccccc  : onTaskStackChangedBackground
12-19 20:47:22.469  3155  3631 D cccccc  : onTaskStackChangedBackground
12-19 20:47:22.510  3155  3621 I com.miui.home: CheckGCForNative adj_start_bytes: 44845402 NativeAllocationGcWatermark: 11819209 java_gc_start_bytes: 27116589 kNewNativeDiscountFactor: 2 kOldNativeDiscountFactor: 65536 old_native_bytes: 116242273 new_native_bytes: 21545204 add_bytes_allowed: 35457627 is_gc_concurrent: 1 target_footprint_: 27444813 GetBytesAllocated: 21006296 HeapGrowthMultiplier: 3
12-19 20:47:22.510  3155  3621 I com.miui.home: CheckGCForNative gc_urgency 0.708672 current_native_bytes is 137787477
12-19 20:47:22.546  3155  3621 I cccccc  : getTaskSnapshotInstance: 439
12-19 20:47:22.559  3155  3155 I wm_on_paused_called: [0,4314700,com.miui.home.launcher.Launcher,performPause,1]
12-19 20:47:22.570  3155  4295 D cccccc  : onTaskStackChangedBackground
12-19 20:47:22.571  3155  3204 D cccccc  : onTaskStackChangedBackground
12-19 20:47:22.572  3155  3204 D cccccc  : onTaskStackChangedBackground
12-19 20:47:22.573  3155  4295 D cccccc  : onTaskStackChangedBackground
12-19 20:47:22.580  3155  3621 I com.miui.home: CheckGCForNative adj_start_bytes: 44845402 NativeAllocationGcWatermark: 11819209 java_gc_start_bytes: 27116589 kNewNativeDiscountFactor: 2 kOldNativeDiscountFactor: 65536 old_native_bytes: 116242273 new_native_bytes: 32506960 add_bytes_allowed: 35457627 is_gc_concurrent: 1 target_footprint_: 27444813 GetBytesAllocated: 21334040 HeapGrowthMultiplier: 3
12-19 20:47:22.580  3155  3621 I com.miui.home: CheckGCForNative gc_urgency 0.838197 current_native_bytes is 148749233
12-19 20:47:22.580  3155  3621 I cccccc  : getTaskThumbnailInfo: 2460 1.0  10705920
12-19 20:47:22.580  3155  3621 I cccccc  : getTaskSnapshotInstance: 437
12-19 20:47:22.728  3155  3205 D cccccc  : onTaskStackChangedBackground
12-19 20:47:22.728  3155  3682 D cccccc  : onTaskStackChangedBackground
12-19 20:47:22.731  3155  3621 I com.miui.home: CheckGCForNative adj_start_bytes: 44845402 NativeAllocationGcWatermark: 11819209 java_gc_start_bytes: 27116589 kNewNativeDiscountFactor: 2 kOldNativeDiscountFactor: 65536 old_native_bytes: 116242273 new_native_bytes: 21720696 add_bytes_allowed: 35457627 is_gc_concurrent: 1 target_footprint_: 27444813 GetBytesAllocated: 21867320 HeapGrowthMultiplier: 3
12-19 20:47:22.731  3155  3621 I com.miui.home: CheckGCForNative gc_urgency 0.729828 current_native_bytes is 137962969
12-19 20:47:22.733  3155  3204 D cccccc  : onTaskStackChangedBackground
12-19 20:47:22.766  3155  3621 I com.miui.home: CheckGCForNative adj_start_bytes: 44845402 NativeAllocationGcWatermark: 11819209 java_gc_start_bytes: 27116589 kNewNativeDiscountFactor: 2 kOldNativeDiscountFactor: 65536 old_native_bytes: 116242273 new_native_bytes: 21893324 add_bytes_allowed: 35457627 is_gc_concurrent: 1 target_footprint_: 27444813 GetBytesAllocated: 22080312 HeapGrowthMultiplier: 3
12-19 20:47:22.767  3155  3621 I com.miui.home: CheckGCForNative gc_urgency 0.736502 current_native_bytes is 138135597
12-19 20:47:22.773  3155  3621 I cccccc  : getTaskSnapshotInstance: 440
12-19 20:47:22.816  3155  3621 I com.miui.home: CheckGCForNative adj_start_bytes: 44845402 NativeAllocationGcWatermark: 11819209 java_gc_start_bytes: 27116589 kNewNativeDiscountFactor: 2 kOldNativeDiscountFactor: 65536 old_native_bytes: 116242273 new_native_bytes: 22159360 add_bytes_allowed: 35457627 is_gc_concurrent: 1 target_footprint_: 27444813 GetBytesAllocated: 22506872 HeapGrowthMultiplier: 3
12-19 20:47:22.816  3155  3621 I com.miui.home: CheckGCForNative gc_urgency 0.74898 current_native_bytes is 138401633
12-19 20:47:22.825  3155  3621 I cccccc  : getTaskSnapshotInstance: 440
12-19 20:47:23.075  7093  7093 I wm_on_create_called: [0,156376001,com.tencent.mm.ui.LauncherUI,performCreate,268]
12-19 20:47:23.111  7093  7093 I wm_on_start_called: [0,156376001,com.tencent.mm.ui.LauncherUI,handleStartActivity,23]
12-19 20:47:23.186  7093  7093 I wm_on_resume_called: [0,156376001,com.tencent.mm.ui.LauncherUI,RESUME_ACTIVITY,73]
12-19 20:47:23.217  7093  7093 I wm_on_top_resumed_gained_called: [156376001,com.tencent.mm.ui.LauncherUI,topStateChangedWhenResumed]
12-19 20:47:23.224  7093  7093 I wm_on_top_resumed_lost_called: [156376001,com.tencent.mm.ui.LauncherUI,topStateChangedWhenResumed]
12-19 20:47:23.232  7093  7093 I wm_on_paused_called: [0,156376001,com.tencent.mm.ui.LauncherUI,performPause,7]
12-19 20:47:23.262  3155  3155 I wm_on_stop_called: [0,4314700,com.miui.home.launcher.Launcher,STOP_ACTIVITY_ITEM,4]
12-19 20:47:23.346  3155  3204 D cccccc  : onTaskStackChangedBackground
12-19 20:47:23.346  3155  3682 D cccccc  : onTaskStackChangedBackground
12-19 20:47:23.348  3155  4295 D cccccc  : onTaskStackChangedBackground
12-19 20:47:23.388  3155  3621 I com.miui.home: CheckGCForNative adj_start_bytes: 44845402 NativeAllocationGcWatermark: 11819209 java_gc_start_bytes: 27116589 kNewNativeDiscountFactor: 2 kOldNativeDiscountFactor: 65536 old_native_bytes: 116242273 new_native_bytes: 22268852 add_bytes_allowed: 35457627 is_gc_concurrent: 1 target_footprint_: 27444813 GetBytesAllocated: 23072824 HeapGrowthMultiplier: 3
12-19 20:47:23.388  3155  3621 I com.miui.home: CheckGCForNative gc_urgency 0.762821 current_native_bytes is 138511125
12-19 20:47:23.416  3155  3621 I cccccc  : getTaskSnapshotInstance: 440
12-19 20:47:23.449  3155  3621 I com.miui.home: CheckGCForNative adj_start_bytes: 44845402 NativeAllocationGcWatermark: 11819209 java_gc_start_bytes: 27116589 kNewNativeDiscountFactor: 2 kOldNativeDiscountFactor: 65536 old_native_bytes: 116242273 new_native_bytes: 22762480 add_bytes_allowed: 35457627 is_gc_concurrent: 1 target_footprint_: 27444813 GetBytesAllocated: 23482936 HeapGrowthMultiplier: 3
12-19 20:47:23.449  3155  3621 I com.miui.home: CheckGCForNative gc_urgency 0.77747 current_native_bytes is 139004753
12-19 20:47:23.450  3155  3621 I com.miui.home: CheckGCForNative adj_start_bytes: 44845402 NativeAllocationGcWatermark: 11819209 java_gc_start_bytes: 27116589 kNewNativeDiscountFactor: 2 kOldNativeDiscountFactor: 65536 old_native_bytes: 116242273 new_native_bytes: 22774120 add_bytes_allowed: 35457627 is_gc_concurrent: 1 target_footprint_: 27444813 GetBytesAllocated: 23482936 HeapGrowthMultiplier: 3
12-19 20:47:23.450  3155  3621 I com.miui.home: CheckGCForNative gc_urgency 0.7776 current_native_bytes is 139016393
12-19 20:47:23.470  3155  3621 I cccccc  : getTaskSnapshotInstance: 440
12-19 20:47:23.543  7093  7093 I wm_on_create_called: [0,99217793,com.tencent.mm.plugin.account.ui.WelcomeActivity,performCreate,45]
12-19 20:47:23.546  7093  7093 I wm_on_start_called: [0,99217793,com.tencent.mm.plugin.account.ui.WelcomeActivity,handleStartActivity,2]
12-19 20:47:23.553  7093  7093 I wm_on_resume_called: [0,99217793,com.tencent.mm.plugin.account.ui.WelcomeActivity,RESUME_ACTIVITY,7]
12-19 20:47:23.561  7093  7093 I wm_on_top_resumed_gained_called: [99217793,com.tencent.mm.plugin.account.ui.WelcomeActivity,topStateChangedWhenResumed]
12-19 20:47:23.728  7093  7093 I wm_on_stop_called: [0,156376001,com.tencent.mm.ui.LauncherUI,STOP_ACTIVITY_ITEM,6]
12-19 20:47:24.197  3155  3155 I wm_on_restart_called: [0,4314700,com.miui.home.launcher.Launcher,performRestartActivity,0]
12-19 20:47:24.198  3155  3155 I wm_on_start_called: [0,4314700,com.miui.home.launcher.Launcher,handleStartActivity,1]
12-19 20:47:24.250  3155  4295 I com.miui.home: CheckGCForNative adj_start_bytes: 44845402 NativeAllocationGcWatermark: 11819209 java_gc_start_bytes: 27116589 kNewNativeDiscountFactor: 2 kOldNativeDiscountFactor: 65536 old_native_bytes: 116242273 new_native_bytes: 33841404 add_bytes_allowed: 35457627 is_gc_concurrent: 1 target_footprint_: 27444813 GetBytesAllocated: 24351768 HeapGrowthMultiplier: 3
12-19 20:47:24.250  3155  4295 I com.miui.home: CheckGCForNative gc_urgency 0.920367 current_native_bytes is 150083677
12-19 20:47:24.251  3155  4295 I com.miui.home: CheckGCForNative adj_start_bytes: 44845402 NativeAllocationGcWatermark: 11819209 java_gc_start_bytes: 27116589 kNewNativeDiscountFactor: 2 kOldNativeDiscountFactor: 65536 old_native_bytes: 116242273 new_native_bytes: 44547324 add_bytes_allowed: 35457627 is_gc_concurrent: 1 target_footprint_: 27444813 GetBytesAllocated: 24351960 HeapGrowthMultiplier: 3
12-19 20:47:24.252  3155  4295 I com.miui.home: CheckGCForNative gc_urgency 1.03974 current_native_bytes is 160789597
12-19 20:47:24.252  3155  4295 I com.miui.home: CheckGCForNative requested 1
12-19 20:47:24.252  3155  4295 I cccccc  : getTaskThumbnailInfo: 2460 1.0  10705920
12-19 20:47:24.261  3155  4295 I com.miui.home: CheckGCForNative adj_start_bytes: 44845402 NativeAllocationGcWatermark: 11819209 java_gc_start_bytes: 27116589 kNewNativeDiscountFactor: 2 kOldNativeDiscountFactor: 65536 old_native_bytes: 116242273 new_native_bytes: 44535484 add_bytes_allowed: 35457627 is_gc_concurrent: 1 target_footprint_: 27444813 GetBytesAllocated: 24368344 HeapGrowthMultiplier: 3
12-19 20:47:24.261  3155  4295 I com.miui.home: CheckGCForNative gc_urgency 1.03997 current_native_bytes is 160777757
12-19 20:47:24.261  3155  4295 I com.miui.home: CheckGCForNative requested 1
12-19 20:47:24.262  3155  3155 I cccccc  : getTaskThumbnailInfo: 2460 1.0  10705920
12-19 20:47:24.365  3155  3198 I com.miui.home: NativeAlloc concurrent copying GC freed 203730(9835KB) AllocSpace objects, 20(736KB) LOS objects, 49% free, 13MB/26MB, paused 230us,83us total 113.540ms
12-19 20:47:24.453  3155  3525 I com.miui.home: CheckGCForNative gc_urgency 0 current_native_bytes is 119350989
12-19 20:47:24.802  7093  7093 I wm_on_top_resumed_lost_called: [99217793,com.tencent.mm.plugin.account.ui.WelcomeActivity,topStateChangedWhenResumed]
12-19 20:47:24.811  3155  3155 I wm_on_resume_called: [0,4314700,com.miui.home.launcher.Launcher,RESUME_ACTIVITY,6]
12-19 20:47:24.812  3155  7630 I com.miui.home: CheckGCForNative adj_start_bytes: 44911827 NativeAllocationGcWatermark: 11807193 java_gc_start_bytes: 27201038 kNewNativeDiscountFactor: 2 kOldNativeDiscountFactor: 65536 old_native_bytes: 119350989 new_native_bytes: 31168 add_bytes_allowed: 35421579 is_gc_concurrent: 1 target_footprint_: 27348686 GetBytesAllocated: 14068296 HeapGrowthMultiplier: 3
12-19 20:47:24.812  3155  7630 I com.miui.home: CheckGCForNative gc_urgency 0.31363 current_native_bytes is 119382157
12-19 20:47:24.814  3155  3155 I wm_on_idle_called: com.miui.home.launcher.Launcher
12-19 20:47:24.814  3155  3155 I wm_on_top_resumed_gained_called: [4314700,com.miui.home.launcher.Launcher,topStateChangedWhenResumed]
12-19 20:47:24.829  7093  7093 I wm_on_paused_called: [0,99217793,com.tencent.mm.plugin.account.ui.WelcomeActivity,performPause,10]
12-19 20:47:24.864  7093  7093 I wm_on_stop_called: [0,99217793,com.tencent.mm.plugin.account.ui.WelcomeActivity,STOP_ACTIVITY_ITEM,9]
12-19 20:47:24.882  7093  7093 I wm_on_idle_called: com.tencent.mm.plugin.account.ui.WelcomeActivity
12-19 20:47:24.883  7093  7093 I wm_on_idle_called: com.tencent.mm.ui.LauncherUI
12-19 20:47:24.923  3155  3682 D cccccc  : onTaskStackChangedBackground
12-19 20:47:24.925  3155  3205 D cccccc  : onTaskStackChangedBackground
12-19 20:47:24.926  3155  3682 D cccccc  : onTaskStackChangedBackground
12-19 20:47:24.964  3155  3621 I com.miui.home: CheckGCForNative adj_start_bytes: 44911827 NativeAllocationGcWatermark: 11807193 java_gc_start_bytes: 27201038 kNewNativeDiscountFactor: 2 kOldNativeDiscountFactor: 65536 old_native_bytes: 119350989 new_native_bytes: 947584 add_bytes_allowed: 35421579 is_gc_concurrent: 1 target_footprint_: 27348686 GetBytesAllocated: 15281320 HeapGrowthMultiplier: 3
12-19 20:47:24.964  3155  3621 I com.miui.home: CheckGCForNative gc_urgency 0.350841 current_native_bytes is 120298573
12-19 20:47:24.989  3155  3621 I com.miui.home: CheckGCForNative adj_start_bytes: 44911827 NativeAllocationGcWatermark: 11807193 java_gc_start_bytes: 27201038 kNewNativeDiscountFactor: 2 kOldNativeDiscountFactor: 65536 old_native_bytes: 119350989 new_native_bytes: 1868984 add_bytes_allowed: 35421579 is_gc_concurrent: 1 target_footprint_: 27348686 GetBytesAllocated: 15477992 HeapGrowthMultiplier: 3
12-19 20:47:24.989  3155  3621 I com.miui.home: CheckGCForNative gc_urgency 0.365478 current_native_bytes is 121219973
12-19 20:47:25.003  3155  3621 I com.miui.home: CheckGCForNative adj_start_bytes: 44911827 NativeAllocationGcWatermark: 11807193 java_gc_start_bytes: 27201038 kNewNativeDiscountFactor: 2 kOldNativeDiscountFactor: 65536 old_native_bytes: 119350989 new_native_bytes: 2609208 add_bytes_allowed: 35421579 is_gc_concurrent: 1 target_footprint_: 27348686 GetBytesAllocated: 15576488 HeapGrowthMultiplier: 3
12-19 20:47:25.003  3155  3621 I com.miui.home: CheckGCForNative gc_urgency 0.375912 current_native_bytes is 121960197
12-19 20:47:25.027  3155  3155 I wm_on_top_resumed_lost_called: [4314700,com.miui.home.launcher.Launcher,topStateChangedWhenResumed]
12-19 20:47:25.032  3155  3155 I wm_on_paused_called: [0,4314700,com.miui.home.launcher.Launcher,performPause,1]
12-19 20:47:25.034  3155  3205 D cccccc  : onTaskStackChangedBackground
12-19 20:47:25.036  3155  3205 D cccccc  : onTaskStackChangedBackground
12-19 20:47:25.037  3155  3682 D cccccc  : onTaskStackChangedBackground
12-19 20:47:25.038  3155  3682 D cccccc  : onTaskStackChangedBackground
12-19 20:47:25.100  3155  3621 I com.miui.home: CheckGCForNative adj_start_bytes: 44911827 NativeAllocationGcWatermark: 11807193 java_gc_start_bytes: 27201038 kNewNativeDiscountFactor: 2 kOldNativeDiscountFactor: 65536 old_native_bytes: 119350989 new_native_bytes: 4390408 add_bytes_allowed: 35421579 is_gc_concurrent: 1 target_footprint_: 27348686 GetBytesAllocated: 16183496 HeapGrowthMultiplier: 3
12-19 20:47:25.102  3155  3621 I com.miui.home: CheckGCForNative gc_urgency 0.409258 current_native_bytes is 123741397
12-19 20:47:25.129  3155  3621 I cccccc  : getTaskSnapshotInstance: 441
12-19 20:47:25.141  3155  3205 D cccccc  : onTaskStackChangedBackground
12-19 20:47:25.144  3155  3682 D cccccc  : onTaskStackChangedBackground
12-19 20:47:25.144  3155  4295 D cccccc  : onTaskStackChangedBackground
12-19 20:47:25.150  3155  3621 I cccccc  : getTaskSnapshotInstance: 440
12-19 20:47:25.153  3155  3621 I com.miui.home: CheckGCForNative adj_start_bytes: 44911827 NativeAllocationGcWatermark: 11807193 java_gc_start_bytes: 27201038 kNewNativeDiscountFactor: 2 kOldNativeDiscountFactor: 65536 old_native_bytes: 119350989 new_native_bytes: 15291996 add_bytes_allowed: 35421579 is_gc_concurrent: 1 target_footprint_: 27348686 GetBytesAllocated: 16519464 HeapGrowthMultiplier: 3
12-19 20:47:25.153  3155  3621 I com.miui.home: CheckGCForNative gc_urgency 0.538105 current_native_bytes is 134642985
12-19 20:47:25.153  3155  3621 I cccccc  : getTaskThumbnailInfo: 2460 1.0  10705920
12-19 20:47:25.237  3155  3621 I com.miui.home: CheckGCForNative adj_start_bytes: 44911827 NativeAllocationGcWatermark: 11807193 java_gc_start_bytes: 27201038 kNewNativeDiscountFactor: 2 kOldNativeDiscountFactor: 65536 old_native_bytes: 119350989 new_native_bytes: 4603068 add_bytes_allowed: 35421579 is_gc_concurrent: 1 target_footprint_: 27348686 GetBytesAllocated: 16864264 HeapGrowthMultiplier: 3
12-19 20:47:25.237  3155  3621 I com.miui.home: CheckGCForNative gc_urgency 0.426783 current_native_bytes is 123954057
12-19 20:47:25.280  3155  3621 I cccccc  : getTaskSnapshotInstance: 441
12-19 20:47:25.753 12920 12920 I wm_on_application_create_called: [0,com.sina.weibo,247]
12-19 20:47:25.866 12920 12920 I wm_on_create_called: [0,36934699,com.sina.weibo.SplashActivity,performCreate,101]
12-19 20:47:25.874 12920 12920 I wm_on_start_called: [0,36934699,com.sina.weibo.SplashActivity,handleStartActivity,7]
12-19 20:47:25.882 12920 12920 I wm_on_resume_called: [0,36934699,com.sina.weibo.SplashActivity,RESUME_ACTIVITY,5]
12-19 20:47:25.904 12920 12920 I wm_on_top_resumed_gained_called: [36934699,com.sina.weibo.SplashActivity,topStateChangedWhenResumed]
12-19 20:47:26.258  3155  3155 I wm_on_stop_called: [0,4314700,com.miui.home.launcher.Launcher,STOP_ACTIVITY_ITEM,4]
12-19 20:47:26.460 12920 12920 I wm_on_idle_called: com.sina.weibo.SplashActivity
12-19 20:47:26.504 13046 13046 I wm_on_application_create_called: [0,com.sina.weibo,412]
12-19 20:47:27.758  3155  3155 I wm_on_restart_called: [0,4314700,com.miui.home.launcher.Launcher,performRestartActivity,0]
12-19 20:47:27.760  3155  3155 I wm_on_start_called: [0,4314700,com.miui.home.launcher.Launcher,handleStartActivity,1]
12-19 20:47:27.806  3155  4295 I com.miui.home: CheckGCForNative adj_start_bytes: 44911827 NativeAllocationGcWatermark: 11807193 java_gc_start_bytes: 27201038 kNewNativeDiscountFactor: 2 kOldNativeDiscountFactor: 65536 old_native_bytes: 119350989 new_native_bytes: 15386252 add_bytes_allowed: 35421579 is_gc_concurrent: 1 target_footprint_: 27348686 GetBytesAllocated: 17905704 HeapGrowthMultiplier: 3
12-19 20:47:27.806  3155  4295 I com.miui.home: CheckGCForNative gc_urgency 0.57002 current_native_bytes is 134737241
12-19 20:47:27.806  3155  4295 I com.miui.home: CheckGCForNative adj_start_bytes: 44911827 NativeAllocationGcWatermark: 11807193 java_gc_start_bytes: 27201038 kNewNativeDiscountFactor: 2 kOldNativeDiscountFactor: 65536 old_native_bytes: 119350989 new_native_bytes: 26092172 add_bytes_allowed: 35421579 is_gc_concurrent: 1 target_footprint_: 27348686 GetBytesAllocated: 17905896 HeapGrowthMultiplier: 3
12-19 20:47:27.806  3155  4295 I com.miui.home: CheckGCForNative gc_urgency 0.689213 current_native_bytes is 145443161
12-19 20:47:27.807  3155  4295 I cccccc  : getTaskThumbnailInfo: 2460 1.0  10705920
12-19 20:47:27.817  3155  3525 I com.miui.home: CheckGCForNative adj_start_bytes: 44911827 NativeAllocationGcWatermark: 11807193 java_gc_start_bytes: 27201038 kNewNativeDiscountFactor: 2 kOldNativeDiscountFactor: 65536 old_native_bytes: 119350989 new_native_bytes: 15387584 add_bytes_allowed: 35421579 is_gc_concurrent: 1 target_footprint_: 27348686 GetBytesAllocated: 17938664 HeapGrowthMultiplier: 3
12-19 20:47:27.817  3155  3525 I com.miui.home: CheckGCForNative gc_urgency 0.570769 current_native_bytes is 134738573
12-19 20:47:27.833  3155  4295 I com.miui.home: CheckGCForNative adj_start_bytes: 44911827 NativeAllocationGcWatermark: 11807193 java_gc_start_bytes: 27201038 kNewNativeDiscountFactor: 2 kOldNativeDiscountFactor: 65536 old_native_bytes: 119350989 new_native_bytes: 26097472 add_bytes_allowed: 35421579 is_gc_concurrent: 1 target_footprint_: 27348686 GetBytesAllocated: 18069832 HeapGrowthMultiplier: 3
12-19 20:47:27.834  3155  4295 I com.miui.home: CheckGCForNative gc_urgency 0.692922 current_native_bytes is 145448461
12-19 20:47:27.873 12920 12920 I wm_on_top_resumed_lost_called: [36934699,com.sina.weibo.SplashActivity,topStateChangedWhenResumed]
12-19 20:47:27.880 12920 12920 I wm_on_paused_called: [0,36934699,com.sina.weibo.SplashActivity,performPause,3]
12-19 20:47:27.884  3155  3155 I cccccc  : getTaskThumbnailInfo: 2460 1.0  10705920
12-19 20:47:28.004  3155  3205 D cccccc  : onTaskStackChangedBackground
12-19 20:47:28.005  3155  4295 D cccccc  : onTaskStackChangedBackground
12-19 20:47:28.005  3155  3682 D cccccc  : onTaskStackChangedBackground
12-19 20:47:28.065  3155  3621 I com.miui.home: CheckGCForNative adj_start_bytes: 44911827 NativeAllocationGcWatermark: 11807193 java_gc_start_bytes: 27201038 kNewNativeDiscountFactor: 2 kOldNativeDiscountFactor: 65536 old_native_bytes: 119350989 new_native_bytes: 15533784 add_bytes_allowed: 35421579 is_gc_concurrent: 1 target_footprint_: 27348686 GetBytesAllocated: 18644264 HeapGrowthMultiplier: 3
12-19 20:47:28.065  3155  3621 I com.miui.home: CheckGCForNative gc_urgency 0.588107 current_native_bytes is 134884773
12-19 20:47:28.077  3155  3621 I com.miui.home: CheckGCForNative adj_start_bytes: 44911827 NativeAllocationGcWatermark: 11807193 java_gc_start_bytes: 27201038 kNewNativeDiscountFactor: 2 kOldNativeDiscountFactor: 65536 old_native_bytes: 119350989 new_native_bytes: 15617812 add_bytes_allowed: 35421579 is_gc_concurrent: 1 target_footprint_: 27348686 GetBytesAllocated: 18693416 HeapGrowthMultiplier: 3
12-19 20:47:28.077  3155  3621 I com.miui.home: CheckGCForNative gc_urgency 0.590137 current_native_bytes is 134968801
12-19 20:47:28.099  3155  3621 I cccccc  : getTaskSnapshotInstance: 441
12-19 20:47:28.102  3155  3621 I com.miui.home: CheckGCForNative adj_start_bytes: 44911827 NativeAllocationGcWatermark: 11807193 java_gc_start_bytes: 27201038 kNewNativeDiscountFactor: 2 kOldNativeDiscountFactor: 65536 old_native_bytes: 119350989 new_native_bytes: 26487756 add_bytes_allowed: 35421579 is_gc_concurrent: 1 target_footprint_: 27348686 GetBytesAllocated: 18824488 HeapGrowthMultiplier: 3
12-19 20:47:28.102  3155  3621 I com.miui.home: CheckGCForNative gc_urgency 0.71407 current_native_bytes is 145838745
12-19 20:47:28.103  3155  3621 I cccccc  : getTaskThumbnailInfo: 2460 1.0  10705920
12-19 20:47:28.129  3155  3525 I com.miui.home: CheckGCForNative adj_start_bytes: 44911827 NativeAllocationGcWatermark: 11807193 java_gc_start_bytes: 27201038 kNewNativeDiscountFactor: 2 kOldNativeDiscountFactor: 65536 old_native_bytes: 119350989 new_native_bytes: 15729484 add_bytes_allowed: 35421579 is_gc_concurrent: 1 target_footprint_: 27348686 GetBytesAllocated: 19021832 HeapGrowthMultiplier: 3
12-19 20:47:28.129  3155  3525 I com.miui.home: CheckGCForNative gc_urgency 0.598693 current_native_bytes is 135080473
12-19 20:47:28.141 12920 12920 I wm_on_create_called: [0,80315079,com.sina.weibo.VisitorMainTabActivity,performCreate,189]
12-19 20:47:28.144 12920 12920 I wm_on_start_called: [0,80315079,com.sina.weibo.VisitorMainTabActivity,handleStartActivity,2]
12-19 20:47:28.169  3155  3621 I com.miui.home: CheckGCForNative adj_start_bytes: 44911827 NativeAllocationGcWatermark: 11807193 java_gc_start_bytes: 27201038 kNewNativeDiscountFactor: 2 kOldNativeDiscountFactor: 65536 old_native_bytes: 119350989 new_native_bytes: 15950272 add_bytes_allowed: 35421579 is_gc_concurrent: 1 target_footprint_: 27348686 GetBytesAllocated: 19283976 HeapGrowthMultiplier: 3
12-19 20:47:28.169  3155  3621 I com.miui.home: CheckGCForNative gc_urgency 0.606988 current_native_bytes is 135301261
12-19 20:47:28.340 12920 12920 I wm_on_create_called: [0,0,com.sina.weibo.feed.visitor.VisitorHomeActivity,performCreate,145]
12-19 20:47:28.344 12920 12920 I wm_on_start_called: [0,0,com.sina.weibo.feed.visitor.VisitorHomeActivity,handleStartActivity,2]
12-19 20:47:28.433  3155  4295 D cccccc  : onTaskStackChangedBackground
12-19 20:47:28.434  3155  4295 D cccccc  : onTaskStackChangedBackground
12-19 20:47:28.437  3155  3682 D cccccc  : onTaskStackChangedBackground
12-19 20:47:28.455 12920 12920 I wm_on_resume_called: [0,0,com.sina.weibo.feed.visitor.VisitorHomeActivity,moveToState-INITIALIZING,111]
12-19 20:47:28.473  3155  3155 I wm_on_resume_called: [0,4314700,com.miui.home.launcher.Launcher,RESUME_ACTIVITY,16]
12-19 20:47:28.473  3155  3155 I wm_on_top_resumed_gained_called: [4314700,com.miui.home.launcher.Launcher,topWhenResuming]
12-19 20:47:28.476  3155  3155 I wm_on_idle_called: com.miui.home.launcher.Launcher
12-19 20:47:28.539  3155  3621 I com.miui.home: CheckGCForNative adj_start_bytes: 44911827 NativeAllocationGcWatermark: 11807193 java_gc_start_bytes: 27201038 kNewNativeDiscountFactor: 2 kOldNativeDiscountFactor: 65536 old_native_bytes: 119350989 new_native_bytes: 16176376 add_bytes_allowed: 35421579 is_gc_concurrent: 1 target_footprint_: 27348686 GetBytesAllocated: 20579784 HeapGrowthMultiplier: 3
12-19 20:47:28.540  3155  3621 I com.miui.home: CheckGCForNative gc_urgency 0.638357 current_native_bytes is 135527365
12-19 20:47:28.558  3155  4295 D cccccc  : onTaskStackChangedBackground
12-19 20:47:28.559  3155  3204 D cccccc  : onTaskStackChangedBackground
12-19 20:47:28.560  3155  7120 D cccccc  : onTaskStackChangedBackground
12-19 20:47:28.567 12920 12920 I wm_on_resume_called: [0,80315079,com.sina.weibo.VisitorMainTabActivity,RESUME_ACTIVITY,422]
12-19 20:47:28.587 12920 12920 I wm_on_top_resumed_gained_called: [80315079,com.sina.weibo.VisitorMainTabActivity,topStateChangedWhenResumed]
12-19 20:47:28.588 12920 12920 I wm_on_top_resumed_lost_called: [80315079,com.sina.weibo.VisitorMainTabActivity,topStateChangedWhenResumed]
12-19 20:47:28.598 12920 12920 I wm_on_paused_called: [0,0,com.sina.weibo.feed.visitor.VisitorHomeActivity,performPause,4]
12-19 20:47:28.604 12920 12920 I wm_on_paused_called: [0,80315079,com.sina.weibo.VisitorMainTabActivity,performPause,14]
12-19 20:47:28.611  3155  3621 I com.miui.home: CheckGCForNative adj_start_bytes: 44911827 NativeAllocationGcWatermark: 11807193 java_gc_start_bytes: 27201038 kNewNativeDiscountFactor: 2 kOldNativeDiscountFactor: 65536 old_native_bytes: 119350989 new_native_bytes: 16395404 add_bytes_allowed: 35421579 is_gc_concurrent: 1 target_footprint_: 27348686 GetBytesAllocated: 21006344 HeapGrowthMultiplier: 3
12-19 20:47:28.611  3155  3621 I com.miui.home: CheckGCForNative gc_urgency 0.650293 current_native_bytes is 135746393
12-19 20:47:28.665 12920 12920 I wm_on_stop_called: [0,36934699,com.sina.weibo.SplashActivity,LIFECYCLER_STOP_ACTIVITY,4]
12-19 20:47:28.686 12920 12920 I wm_on_destroy_called: [0,36934699,com.sina.weibo.SplashActivity,performDestroy,21]
12-19 20:47:28.759 12920 12920 I wm_on_stop_called: [0,0,com.sina.weibo.feed.visitor.VisitorHomeActivity,moveToState-STARTED,15]
12-19 20:47:28.760 12920 12920 I wm_on_stop_called: [0,80315079,com.sina.weibo.VisitorMainTabActivity,STOP_ACTIVITY_ITEM,18]
12-19 20:47:28.951 12920 12920 I wm_on_idle_called: com.sina.weibo.VisitorMainTabActivity
12-19 20:47:29.197  3155  3155 I wm_on_top_resumed_lost_called: [4314700,com.miui.home.launcher.Launcher,topStateChangedWhenResumed]
12-19 20:47:29.208  3155  3205 D cccccc  : onTaskStackChangedBackground
12-19 20:47:29.208  3155  7120 D cccccc  : onTaskStackChangedBackground
12-19 20:47:29.209  3155  7120 D cccccc  : onTaskStackChangedBackground
12-19 20:47:29.209  3155  3205 D cccccc  : onTaskStackChangedBackground
12-19 20:47:29.209  3155  3155 I wm_on_paused_called: [0,4314700,com.miui.home.launcher.Launcher,performPause,2]
12-19 20:47:29.285  3155  3621 I com.miui.home: CheckGCForNative adj_start_bytes: 44911827 NativeAllocationGcWatermark: 11807193 java_gc_start_bytes: 27201038 kNewNativeDiscountFactor: 2 kOldNativeDiscountFactor: 65536 old_native_bytes: 119350989 new_native_bytes: 16903500 add_bytes_allowed: 35421579 is_gc_concurrent: 1 target_footprint_: 27348686 GetBytesAllocated: 21777064 HeapGrowthMultiplier: 3
12-19 20:47:29.286  3155  3621 I com.miui.home: CheckGCForNative gc_urgency 0.673111 current_native_bytes is 136254489
12-19 20:47:29.315  3155  3621 I cccccc  : getTaskSnapshotInstance: 442
12-19 20:47:29.330  3155  7120 D cccccc  : onTaskStackChangedBackground
12-19 20:47:29.330  3155  4295 D cccccc  : onTaskStackChangedBackground
12-19 20:47:29.331  3155  3204 D cccccc  : onTaskStackChangedBackground
12-19 20:47:29.394  3155  3621 I com.miui.home: CheckGCForNative adj_start_bytes: 44911827 NativeAllocationGcWatermark: 11807193 java_gc_start_bytes: 27201038 kNewNativeDiscountFactor: 2 kOldNativeDiscountFactor: 65536 old_native_bytes: 119350989 new_native_bytes: 17360696 add_bytes_allowed: 35421579 is_gc_concurrent: 1 target_footprint_: 27348686 GetBytesAllocated: 22424904 HeapGrowthMultiplier: 3
12-19 20:47:29.394  3155  3621 I com.miui.home: CheckGCForNative gc_urgency 0.692625 current_native_bytes is 136711685
12-19 20:47:29.451  3155  3621 I cccccc  : getTaskSnapshotInstance: 442
12-19 20:47:29.454  3155  3525 I com.miui.home: CheckGCForNative adj_start_bytes: 44911827 NativeAllocationGcWatermark: 11807193 java_gc_start_bytes: 27201038 kNewNativeDiscountFactor: 2 kOldNativeDiscountFactor: 65536 old_native_bytes: 119350989 new_native_bytes: 17551884 add_bytes_allowed: 35421579 is_gc_concurrent: 1 target_footprint_: 27348686 GetBytesAllocated: 22670696 HeapGrowthMultiplier: 3
12-19 20:47:29.454  3155  3525 I com.miui.home: CheckGCForNative gc_urgency 0.700227 current_native_bytes is 136902873
12-19 20:47:29.504  3155  3621 I com.miui.home: CheckGCForNative adj_start_bytes: 44911827 NativeAllocationGcWatermark: 11807193 java_gc_start_bytes: 27201038 kNewNativeDiscountFactor: 2 kOldNativeDiscountFactor: 65536 old_native_bytes: 119350989 new_native_bytes: 17726344 add_bytes_allowed: 35421579 is_gc_concurrent: 1 target_footprint_: 27348686 GetBytesAllocated: 23031720 HeapGrowthMultiplier: 3
12-19 20:47:29.504  3155  3621 I com.miui.home: CheckGCForNative gc_urgency 0.710207 current_native_bytes is 137077333
12-19 20:47:29.514  3155  3621 I com.miui.home: CheckGCForNative adj_start_bytes: 44911827 NativeAllocationGcWatermark: 11807193 java_gc_start_bytes: 27201038 kNewNativeDiscountFactor: 2 kOldNativeDiscountFactor: 65536 old_native_bytes: 119350989 new_native_bytes: 17672672 add_bytes_allowed: 35421579 is_gc_concurrent: 1 target_footprint_: 27348686 GetBytesAllocated: 23080872 HeapGrowthMultiplier: 3
12-19 20:47:29.514  3155  3621 I com.miui.home: CheckGCForNative gc_urgency 0.710704 current_native_bytes is 137023661
12-19 20:47:29.528  3155  3621 I cccccc  : getTaskSnapshotInstance: 442
12-19 20:47:29.893 13356 13356 I wm_on_application_create_called: [0,com.UCMobile,243]
12-19 20:47:30.741 13356 13356 I wm_on_create_called: [0,746711,com.UCMobile.main.UCMobile,performCreate,835]
12-19 20:47:30.929  3155  7120 D cccccc  : onTaskStackChangedBackground
12-19 20:47:30.933  3155  3205 D cccccc  : onTaskStackChangedBackground
12-19 20:47:30.934  3155  7120 D cccccc  : onTaskStackChangedBackground
12-19 20:47:31.012 13356 13356 I wm_on_create_called: [0,100411209,com.uc.browser.InnerUCMobile,performCreate,161]
12-19 20:47:31.027 13356 13356 I wm_on_start_called: [0,100411209,com.uc.browser.InnerUCMobile,handleStartActivity,14]
12-19 20:47:31.036  3155  3205 I com.miui.home: CheckGCForNative adj_start_bytes: 44911827 NativeAllocationGcWatermark: 11807193 java_gc_start_bytes: 27201038 kNewNativeDiscountFactor: 2 kOldNativeDiscountFactor: 65536 old_native_bytes: 119350989 new_native_bytes: 28572444 add_bytes_allowed: 35421579 is_gc_concurrent: 1 target_footprint_: 27348686 GetBytesAllocated: 23917448 HeapGrowthMultiplier: 3
12-19 20:47:31.036  3155  3205 I com.miui.home: CheckGCForNative gc_urgency 0.850678 current_native_bytes is 147923433
12-19 20:47:31.037  3155  3205 I com.miui.home: CheckGCForNative adj_start_bytes: 44911827 NativeAllocationGcWatermark: 11807193 java_gc_start_bytes: 27201038 kNewNativeDiscountFactor: 2 kOldNativeDiscountFactor: 65536 old_native_bytes: 119350989 new_native_bytes: 39279004 add_bytes_allowed: 35421579 is_gc_concurrent: 1 target_footprint_: 27348686 GetBytesAllocated: 23917640 HeapGrowthMultiplier: 3
12-19 20:47:31.037  3155  3205 I com.miui.home: CheckGCForNative gc_urgency 0.969877 current_native_bytes is 158629993
12-19 20:47:31.037  3155  3205 I cccccc  : getTaskThumbnailInfo: 2460 1.0  10705920
12-19 20:47:31.048  3155  3205 I com.miui.home: CheckGCForNative adj_start_bytes: 44911827 NativeAllocationGcWatermark: 11807193 java_gc_start_bytes: 27201038 kNewNativeDiscountFactor: 2 kOldNativeDiscountFactor: 65536 old_native_bytes: 119350989 new_native_bytes: 39283036 add_bytes_allowed: 35421579 is_gc_concurrent: 1 target_footprint_: 27348686 GetBytesAllocated: 23934024 HeapGrowthMultiplier: 3
12-19 20:47:31.048  3155  3205 I com.miui.home: CheckGCForNative gc_urgency 0.970287 current_native_bytes is 158634025
12-19 20:47:31.063  3155  3155 I cccccc  : getTaskThumbnailInfo: 2460 1.0  10705920
12-19 20:47:31.089 13356 13356 I wm_on_resume_called: [0,100411209,com.uc.browser.InnerUCMobile,RESUME_ACTIVITY,60]
12-19 20:47:31.150  3155  3621 I com.miui.home: CheckGCForNative adj_start_bytes: 44911827 NativeAllocationGcWatermark: 11807193 java_gc_start_bytes: 27201038 kNewNativeDiscountFactor: 2 kOldNativeDiscountFactor: 65536 old_native_bytes: 119350989 new_native_bytes: 28797852 add_bytes_allowed: 35421579 is_gc_concurrent: 1 target_footprint_: 27348686 GetBytesAllocated: 24262312 HeapGrowthMultiplier: 3
12-19 20:47:31.150  3155  3621 I com.miui.home: CheckGCForNative gc_urgency 0.860866 current_native_bytes is 148148841
12-19 20:47:31.261  3155  3621 I cccccc  : getTaskSnapshotInstance: 442
12-19 20:47:31.281 13356 13356 I wm_on_top_resumed_gained_called: [100411209,com.uc.browser.InnerUCMobile,topStateChangedWhenResumed]
12-19 20:47:31.305  3155  3621 I com.miui.home: CheckGCForNative adj_start_bytes: 44911827 NativeAllocationGcWatermark: 11807193 java_gc_start_bytes: 27201038 kNewNativeDiscountFactor: 2 kOldNativeDiscountFactor: 65536 old_native_bytes: 119350989 new_native_bytes: 39662864 add_bytes_allowed: 35421579 is_gc_concurrent: 1 target_footprint_: 27348686 GetBytesAllocated: 24475304 HeapGrowthMultiplier: 3
12-19 20:47:31.305  3155  3621 I com.miui.home: CheckGCForNative gc_urgency 0.986568 current_native_bytes is 159013853
12-19 20:47:31.305  3155  3621 I cccccc  : getTaskThumbnailInfo: 2460 1.0  10705920
12-19 20:47:31.313  3155  3525 I com.miui.home: CheckGCForNative adj_start_bytes: 44911827 NativeAllocationGcWatermark: 11807193 java_gc_start_bytes: 27201038 kNewNativeDiscountFactor: 2 kOldNativeDiscountFactor: 65536 old_native_bytes: 119350989 new_native_bytes: 28958480 add_bytes_allowed: 35421579 is_gc_concurrent: 1 target_footprint_: 27348686 GetBytesAllocated: 24491880 HeapGrowthMultiplier: 3
12-19 20:47:31.313  3155  3525 I com.miui.home: CheckGCForNative gc_urgency 0.867766 current_native_bytes is 148309469
12-19 20:47:31.625  3155  3155 I wm_on_resume_called: [0,4314700,com.miui.home.launcher.Launcher,RESUME_ACTIVITY,5]
12-19 20:47:31.628  3155  3155 I wm_on_idle_called: com.miui.home.launcher.Launcher
12-19 20:47:31.664  3155  8054 I com.miui.home: CheckGCForNative adj_start_bytes: 44911827 NativeAllocationGcWatermark: 11807193 java_gc_start_bytes: 27201038 kNewNativeDiscountFactor: 2 kOldNativeDiscountFactor: 65536 old_native_bytes: 119350989 new_native_bytes: 29128288 add_bytes_allowed: 35421579 is_gc_concurrent: 1 target_footprint_: 27348686 GetBytesAllocated: 25721896 HeapGrowthMultiplier: 3
12-19 20:47:31.664  3155  8054 I com.miui.home: CheckGCForNative gc_urgency 0.897043 current_native_bytes is 148479277
12-19 20:47:31.842  3155  3506 I com.miui.home: CheckGCForNative adj_start_bytes: 44911827 NativeAllocationGcWatermark: 11807193 java_gc_start_bytes: 27201038 kNewNativeDiscountFactor: 2 kOldNativeDiscountFactor: 65536 old_native_bytes: 119350989 new_native_bytes: 29153180 add_bytes_allowed: 35421579 is_gc_concurrent: 1 target_footprint_: 27348686 GetBytesAllocated: 26058280 HeapGrowthMultiplier: 3
12-19 20:47:31.844  3155  3506 I com.miui.home: CheckGCForNative gc_urgency 0.90481 current_native_bytes is 148504169
12-19 20:47:31.974  3155  3155 I wm_on_paused_called: [0,4314700,com.miui.home.launcher.Launcher,performPause,2]
12-19 20:47:32.067  3155  4295 D cccccc  : onTaskStackChangedBackground
12-19 20:47:32.069  3155  3205 D cccccc  : onTaskStackChangedBackground
12-19 20:47:32.069  3155  3205 D cccccc  : onTaskStackChangedBackground
12-19 20:47:32.090  3155  4295 D cccccc  : onTaskStackChangedBackground
12-19 20:47:32.160  3155  3205 D cccccc  : onTaskStackChangedBackground
12-19 20:47:32.188  3155  3205 D cccccc  : onTaskStackChangedBackground
12-19 20:47:32.192  3155  4295 D cccccc  : onTaskStackChangedBackground
12-19 20:47:32.201  3155  3621 I com.miui.home: CheckGCForNative adj_start_bytes: 44911827 NativeAllocationGcWatermark: 11807193 java_gc_start_bytes: 27201038 kNewNativeDiscountFactor: 2 kOldNativeDiscountFactor: 65536 old_native_bytes: 119350989 new_native_bytes: 29358828 add_bytes_allowed: 35421579 is_gc_concurrent: 1 target_footprint_: 27348686 GetBytesAllocated: 26755368 HeapGrowthMultiplier: 3
12-19 20:47:32.201  3155  3621 I com.miui.home: CheckGCForNative gc_urgency 0.922621 current_native_bytes is 148709817
12-19 20:47:32.275  3155  3621 I cccccc  : getTaskSnapshotInstance: 443
12-19 20:47:32.311  3155  3621 I cccccc  : getTaskSnapshotInstance: 442
12-19 20:47:32.321  3155  3621 I com.miui.home: CheckGCForNative adj_start_bytes: 44911827 NativeAllocationGcWatermark: 11807193 java_gc_start_bytes: 27201038 kNewNativeDiscountFactor: 2 kOldNativeDiscountFactor: 65536 old_native_bytes: 119350989 new_native_bytes: 40112096 add_bytes_allowed: 35421579 is_gc_concurrent: 1 target_footprint_: 27348686 GetBytesAllocated: 27001128 HeapGrowthMultiplier: 3
12-19 20:47:32.321  3155  3621 I com.miui.home: CheckGCForNative gc_urgency 1.04781 current_native_bytes is 159463085
12-19 20:47:32.321  3155  3621 I com.miui.home: CheckGCForNative requested 1
12-19 20:47:32.323  3155  3621 I cccccc  : getTaskThumbnailInfo: 2460 1.0  10705920
12-19 20:47:32.404  3155  3621 I com.miui.home: CheckGCForNative adj_start_bytes: 44911827 NativeAllocationGcWatermark: 11807193 java_gc_start_bytes: 27201038 kNewNativeDiscountFactor: 2 kOldNativeDiscountFactor: 65536 old_native_bytes: 119350989 new_native_bytes: 29425696 add_bytes_allowed: 35421579 is_gc_concurrent: 1 target_footprint_: 27348686 GetBytesAllocated: 27215016 HeapGrowthMultiplier: 3
12-19 20:47:32.404  3155  3621 I com.miui.home: CheckGCForNative gc_urgency 0.9336 current_native_bytes is 148776685
12-19 20:47:32.427  3155  3621 I cccccc  : getTaskSnapshotInstance: 443
12-19 20:47:32.534  3155  3198 I com.miui.home: NativeAlloc concurrent copying GC freed 270024(12MB) AllocSpace objects, 22(840KB) LOS objects, 49% free, 13MB/26MB, paused 119us,83us total 213.206ms
12-19 20:47:32.941 13746 13746 I wm_on_create_called: [0,175068423,com.tencent.mtt.SplashActivity,performCreate,129]
12-19 20:47:32.998 13746 13746 I wm_on_create_called: [0,216739395,com.tencent.mtt.MainActivity,performCreate,22]
12-19 20:47:33.003 13746 13746 I wm_on_start_called: [0,216739395,com.tencent.mtt.MainActivity,handleStartActivity,4]
12-19 20:47:33.079  3155  3205 D cccccc  : onTaskStackChangedBackground
12-19 20:47:33.082  3155  7120 D cccccc  : onTaskStackChangedBackground
12-19 20:47:33.083  3155  3205 D cccccc  : onTaskStackChangedBackground
12-19 20:47:33.128  3155  3621 I com.miui.home: CheckGCForNative gc_urgency 0 current_native_bytes is 109440553
12-19 20:47:33.181  3155  3621 I com.miui.home: CheckGCForNative adj_start_bytes: 44628132 NativeAllocationGcWatermark: 11811877 java_gc_start_bytes: 26910317 kNewNativeDiscountFactor: 2 kOldNativeDiscountFactor: 65536 old_native_bytes: 109440553 new_native_bytes: 1828216 add_bytes_allowed: 35435631 is_gc_concurrent: 1 target_footprint_: 27386157 GetBytesAllocated: 14120280 HeapGrowthMultiplier: 3
12-19 20:47:33.181  3155  3621 I com.miui.home: CheckGCForNative gc_urgency 0.336919 current_native_bytes is 111268769
12-19 20:47:33.226  3155  3621 I com.miui.home: CheckGCForNative adj_start_bytes: 44628132 NativeAllocationGcWatermark: 11811877 java_gc_start_bytes: 26910317 kNewNativeDiscountFactor: 2 kOldNativeDiscountFactor: 65536 old_native_bytes: 109440553 new_native_bytes: 2738556 add_bytes_allowed: 35435631 is_gc_concurrent: 1 target_footprint_: 27386157 GetBytesAllocated: 14218648 HeapGrowthMultiplier: 3
12-19 20:47:33.226  3155  3621 I com.miui.home: CheckGCForNative gc_urgency 0.349322 current_native_bytes is 112179109
12-19 20:47:33.240  3155  3621 I com.miui.home: CheckGCForNative adj_start_bytes: 44628132 NativeAllocationGcWatermark: 11811877 java_gc_start_bytes: 26910317 kNewNativeDiscountFactor: 2 kOldNativeDiscountFactor: 65536 old_native_bytes: 109440553 new_native_bytes: 3001500 add_bytes_allowed: 35435631 is_gc_concurrent: 1 target_footprint_: 27386157 GetBytesAllocated: 14284312 HeapGrowthMultiplier: 3
12-19 20:47:33.240  3155  3621 I com.miui.home: CheckGCForNative gc_urgency 0.353739 current_native_bytes is 112442053
12-19 20:47:33.270  3155  3621 I cccccc  : getTaskSnapshotInstance: 443
