12-21 16:18:19.989  3139  3287 I com.miui.home: CheckGCForNative adj_start_bytes: 35011992 NativeAllocationGcWatermark: 10780647 java_gc_start_bytes: 18841022 kNewNativeDiscountFactor: 2 kOldNativeDiscountFactor: 65536 old_native_bytes: 134956801 new_native_bytes: 15865256 add_bytes_allowed: 32341941 is_gc_concurrent: 1 target_footprint_: 19136318 GetBytesAllocated: 14340400 HeapGrowthMultiplier: 3
12-21 16:18:19.989  3139  3287 I com.miui.home: CheckGCForNative gc_urgency 0.636213 current_native_bytes is 150822057
12-21 16:18:20.343  3139  3266 I com.miui.home: CheckGCForNative adj_start_bytes: 35011992 NativeAllocationGcWatermark: 10780647 java_gc_start_bytes: 18841022 kNewNativeDiscountFactor: 2 kOldNativeDiscountFactor: 65536 old_native_bytes: 134956801 new_native_bytes: 16045764 add_bytes_allowed: 32341941 is_gc_concurrent: 1 target_footprint_: 19136318 GetBytesAllocated: 15013072 HeapGrowthMultiplier: 3
12-21 16:18:20.344  3139  3266 I com.miui.home: CheckGCForNative gc_urgency 0.658003 current_native_bytes is 151002565
12-21 16:18:20.441  3139  3652 I com.miui.home: CheckGCForNative adj_start_bytes: 35011992 NativeAllocationGcWatermark: 10780647 java_gc_start_bytes: 18841022 kNewNativeDiscountFactor: 2 kOldNativeDiscountFactor: 65536 old_native_bytes: 134956801 new_native_bytes: 16461752 add_bytes_allowed: 32341941 is_gc_concurrent: 1 target_footprint_: 19136318 GetBytesAllocated: 15209680 HeapGrowthMultiplier: 3
12-21 16:18:20.441  3139  3652 I com.miui.home: CheckGCForNative gc_urgency 0.66956 current_native_bytes is 151418553
12-21 16:18:20.526  3139  3652 I com.miui.home: CheckGCForNative adj_start_bytes: 35011992 NativeAllocationGcWatermark: 10780647 java_gc_start_bytes: 18841022 kNewNativeDiscountFactor: 2 kOldNativeDiscountFactor: 65536 old_native_bytes: 134956801 new_native_bytes: 27166392 add_bytes_allowed: 32341941 is_gc_concurrent: 1 target_footprint_: 19136318 GetBytesAllocated: 15307984 HeapGrowthMultiplier: 3
12-21 16:18:20.526  3139  3652 I com.miui.home: CheckGCForNative gc_urgency 0.825238 current_native_bytes is 162123193
12-21 16:18:20.619  3139 10687 I com.miui.home: CheckGCForNative adj_start_bytes: 35011992 NativeAllocationGcWatermark: 10780647 java_gc_start_bytes: 18841022 kNewNativeDiscountFactor: 2 kOldNativeDiscountFactor: 65536 old_native_bytes: 134956801 new_native_bytes: 16472128 add_bytes_allowed: 32341941 is_gc_concurrent: 1 target_footprint_: 19136318 GetBytesAllocated: 15636336 HeapGrowthMultiplier: 3
12-21 16:18:20.619  3139 10687 I com.miui.home: CheckGCForNative gc_urgency 0.681894 current_native_bytes is 151428929
12-21 16:18:20.631  3139  3652 I com.miui.home: CheckGCForNative adj_start_bytes: 35011992 NativeAllocationGcWatermark: 10780647 java_gc_start_bytes: 18841022 kNewNativeDiscountFactor: 2 kOldNativeDiscountFactor: 65536 old_native_bytes: 134956801 new_native_bytes: 16511508 add_bytes_allowed: 32341941 is_gc_concurrent: 1 target_footprint_: 19136318 GetBytesAllocated: 15685488 HeapGrowthMultiplier: 3
12-21 16:18:20.631  3139  3652 I com.miui.home: CheckGCForNative gc_urgency 0.68386 current_native_bytes is 151468309
12-21 16:18:20.742  3139  3652 I com.miui.home: CheckGCForNative adj_start_bytes: 35011992 NativeAllocationGcWatermark: 10780647 java_gc_start_bytes: 18841022 kNewNativeDiscountFactor: 2 kOldNativeDiscountFactor: 65536 old_native_bytes: 134956801 new_native_bytes: 16862476 add_bytes_allowed: 32341941 is_gc_concurrent: 1 target_footprint_: 19136318 GetBytesAllocated: 16079184 HeapGrowthMultiplier: 3
12-21 16:18:20.742  3139  3652 I com.miui.home: CheckGCForNative gc_urgency 0.700117 current_native_bytes is 151819277
12-21 16:18:20.803  3139  3652 I com.miui.home: CheckGCForNative adj_start_bytes: 35011992 NativeAllocationGcWatermark: 10780647 java_gc_start_bytes: 18841022 kNewNativeDiscountFactor: 2 kOldNativeDiscountFactor: 65536 old_native_bytes: 134956801 new_native_bytes: 16990888 add_bytes_allowed: 32341941 is_gc_concurrent: 1 target_footprint_: 19136318 GetBytesAllocated: 16292176 HeapGrowthMultiplier: 3
12-21 16:18:20.803  3139  3652 I com.miui.home: CheckGCForNative gc_urgency 0.708034 current_native_bytes is 151947689
12-21 16:18:20.837  3139  3652 I com.miui.home: CheckGCForNative adj_start_bytes: 35011992 NativeAllocationGcWatermark: 10780647 java_gc_start_bytes: 18841022 kNewNativeDiscountFactor: 2 kOldNativeDiscountFactor: 65536 old_native_bytes: 134956801 new_native_bytes: 17137064 add_bytes_allowed: 32341941 is_gc_concurrent: 1 target_footprint_: 19136318 GetBytesAllocated: 16620288 HeapGrowthMultiplier: 3
12-21 16:18:20.837  3139  3652 I com.miui.home: CheckGCForNative gc_urgency 0.719493 current_native_bytes is 152093865
12-21 16:18:21.530 10755 10755 I wm_on_create_called: [0,34598337,com.tencent.mobileqq.activity.SplashActivity,performCreate,109]
12-21 16:18:21.534 10755 10755 I wm_on_start_called: [0,34598337,com.tencent.mobileqq.activity.SplashActivity,handleStartActivity,3]
12-21 16:18:21.541 10755 10755 I wm_on_resume_called: [0,34598337,com.tencent.mobileqq.activity.SplashActivity,RESUME_ACTIVITY,7]
12-21 16:18:21.580 10755 10755 I wm_on_top_resumed_gained_called: [34598337,com.tencent.mobileqq.activity.SplashActivity,topStateChangedWhenResumed]
12-21 16:18:21.786 10755 10755 I wm_on_idle_called: com.tencent.mobileqq.activity.SplashActivity
12-21 16:18:21.816  3139  3139 I wm_on_stop_called: [0,27097202,com.miui.home.launcher.Launcher,STOP_ACTIVITY_ITEM,3]
12-21 16:18:21.878 10755 10755 I wm_on_top_resumed_lost_called: [34598337,com.tencent.mobileqq.activity.SplashActivity,topStateChangedWhenResumed]
12-21 16:18:21.882 10755 10755 I wm_on_paused_called: [0,34598337,com.tencent.mobileqq.activity.SplashActivity,performPause,3]
12-21 16:18:21.930  3139  3139 I wm_on_restart_called: [0,27097202,com.miui.home.launcher.Launcher,performRestartActivity,0]
12-21 16:18:21.930  3139  3139 I wm_on_start_called: [0,27097202,com.miui.home.launcher.Launcher,handleStartActivity,0]
12-21 16:18:21.987  3139  3188 I com.miui.home: CheckGCForNative adj_start_bytes: 35011992 NativeAllocationGcWatermark: 10780647 java_gc_start_bytes: 18841022 kNewNativeDiscountFactor: 2 kOldNativeDiscountFactor: 65536 old_native_bytes: 134956801 new_native_bytes: 27899148 add_bytes_allowed: 32341941 is_gc_concurrent: 1 target_footprint_: 19136318 GetBytesAllocated: 17702464 HeapGrowthMultiplier: 3
12-21 16:18:21.987  3139  3188 I com.miui.home: CheckGCForNative gc_urgency 0.904093 current_native_bytes is 162855949
12-21 16:18:21.989  3139  3188 I com.miui.home: CheckGCForNative adj_start_bytes: 35011992 NativeAllocationGcWatermark: 10780647 java_gc_start_bytes: 18841022 kNewNativeDiscountFactor: 2 kOldNativeDiscountFactor: 65536 old_native_bytes: 134956801 new_native_bytes: 38605068 add_bytes_allowed: 32341941 is_gc_concurrent: 1 target_footprint_: 19136318 GetBytesAllocated: 17719040 HeapGrowthMultiplier: 3
12-21 16:18:21.989  3139  3188 I com.miui.home: CheckGCForNative gc_urgency 1.05746 current_native_bytes is 173561869
12-21 16:18:21.989  3139  3188 I com.miui.home: CheckGCForNative requested 1
12-21 16:18:22.000  3139  3287 I com.miui.home: CheckGCForNative adj_start_bytes: 35011992 NativeAllocationGcWatermark: 10780647 java_gc_start_bytes: 18841022 kNewNativeDiscountFactor: 2 kOldNativeDiscountFactor: 65536 old_native_bytes: 134956801 new_native_bytes: 27900428 add_bytes_allowed: 32341941 is_gc_concurrent: 1 target_footprint_: 19136318 GetBytesAllocated: 17751808 HeapGrowthMultiplier: 3
12-21 16:18:22.000  3139  3287 I com.miui.home: CheckGCForNative gc_urgency 0.905521 current_native_bytes is 162857229
12-21 16:18:22.021 10755 10755 I wm_on_create_called: [0,10395518,com.tencent.mobileqq.activity.LoginActivity,performCreate,64]
12-21 16:18:22.067  3139  3188 I com.miui.home: CheckGCForNative adj_start_bytes: 35011992 NativeAllocationGcWatermark: 10780647 java_gc_start_bytes: 18841022 kNewNativeDiscountFactor: 2 kOldNativeDiscountFactor: 65536 old_native_bytes: 134956801 new_native_bytes: 38783428 add_bytes_allowed: 32341941 is_gc_concurrent: 1 target_footprint_: 19136318 GetBytesAllocated: 17899392 HeapGrowthMultiplier: 3
12-21 16:18:22.067  3139  3188 I com.miui.home: CheckGCForNative gc_urgency 1.06515 current_native_bytes is 173740229
12-21 16:18:22.068  3139  3188 I com.miui.home: CheckGCForNative requested 1
12-21 16:18:22.080 10755 10755 I wm_on_start_called: [0,10395518,com.tencent.mobileqq.activity.LoginActivity,handleStartActivity,59]
12-21 16:18:22.088 10755 10755 I wm_on_resume_called: [0,10395518,com.tencent.mobileqq.activity.LoginActivity,RESUME_ACTIVITY,8]
12-21 16:18:22.122 10755 10755 I wm_on_top_resumed_gained_called: [10395518,com.tencent.mobileqq.activity.LoginActivity,topStateChangedWhenResumed]
12-21 16:18:22.137  3139  3652 I com.miui.home: CheckGCForNative adj_start_bytes: 35011992 NativeAllocationGcWatermark: 10780647 java_gc_start_bytes: 18841022 kNewNativeDiscountFactor: 2 kOldNativeDiscountFactor: 65536 old_native_bytes: 134956801 new_native_bytes: 28183672 add_bytes_allowed: 32341941 is_gc_concurrent: 1 target_footprint_: 19136318 GetBytesAllocated: 18260480 HeapGrowthMultiplier: 3
12-21 16:18:22.137  3139  3652 I com.miui.home: CheckGCForNative gc_urgency 0.924094 current_native_bytes is 163140473
12-21 16:18:22.171  3139  3180 I com.miui.home: NativeAlloc concurrent copying GC freed 140440(7589KB) AllocSpace objects, 16(576KB) LOS objects, 49% free, 9843KB/19MB, paused 129us,30us total 181.713ms
12-21 16:18:22.190  3139  3287 I com.miui.home: CheckGCForNative gc_urgency 0 current_native_bytes is 136248625
12-21 16:18:22.192  3139  3652 I com.miui.home: CheckGCForNative gc_urgency 0 current_native_bytes is 134292217
12-21 16:18:22.206  3139  3652 I com.miui.home: CheckGCForNative adj_start_bytes: 35997536 NativeAllocationGcWatermark: 10908493 java_gc_start_bytes: 19634797 kNewNativeDiscountFactor: 2 kOldNativeDiscountFactor: 65536 old_native_bytes: 134292217 new_native_bytes: 724664 add_bytes_allowed: 32725479 is_gc_concurrent: 1 target_footprint_: 20159085 GetBytesAllocated: 10325880 HeapGrowthMultiplier: 3
12-21 16:18:22.206  3139  3652 I com.miui.home: CheckGCForNative gc_urgency 0.296972 current_native_bytes is 135016881
12-21 16:18:22.217  3139  3652 I com.miui.home: CheckGCForNative adj_start_bytes: 35997536 NativeAllocationGcWatermark: 10908493 java_gc_start_bytes: 19634797 kNewNativeDiscountFactor: 2 kOldNativeDiscountFactor: 65536 old_native_bytes: 134292217 new_native_bytes: 11431800 add_bytes_allowed: 32725479 is_gc_concurrent: 1 target_footprint_: 20159085 GetBytesAllocated: 10325880 HeapGrowthMultiplier: 3
12-21 16:18:22.217  3139  3652 I com.miui.home: CheckGCForNative gc_urgency 0.445692 current_native_bytes is 145724017
12-21 16:18:22.225 10755 10755 I wm_on_idle_called: com.tencent.mobileqq.activity.LoginActivity
12-21 16:18:22.260  3139  3652 I com.miui.home: CheckGCForNative adj_start_bytes: 35997536 NativeAllocationGcWatermark: 10908493 java_gc_start_bytes: 19634797 kNewNativeDiscountFactor: 2 kOldNativeDiscountFactor: 65536 old_native_bytes: 134292217 new_native_bytes: 903820 add_bytes_allowed: 32725479 is_gc_concurrent: 1 target_footprint_: 20159085 GetBytesAllocated: 10686936 HeapGrowthMultiplier: 3
12-21 16:18:22.260  3139  3652 I com.miui.home: CheckGCForNative gc_urgency 0.309491 current_native_bytes is 135196037
12-21 16:18:22.434  3139  3287 I com.miui.home: CheckGCForNative adj_start_bytes: 35997536 NativeAllocationGcWatermark: 10908493 java_gc_start_bytes: 19634797 kNewNativeDiscountFactor: 2 kOldNativeDiscountFactor: 65536 old_native_bytes: 134292217 new_native_bytes: 1005388 add_bytes_allowed: 32725479 is_gc_concurrent: 1 target_footprint_: 20159085 GetBytesAllocated: 10883544 HeapGrowthMultiplier: 3
12-21 16:18:22.434  3139  3287 I com.miui.home: CheckGCForNative gc_urgency 0.316363 current_native_bytes is 135297605
12-21 16:18:22.487 10755 10755 I wm_on_top_resumed_lost_called: [10395518,com.tencent.mobileqq.activity.LoginActivity,topStateChangedWhenResumed]
12-21 16:18:22.512  3139  3139 I wm_on_resume_called: [0,27097202,com.miui.home.launcher.Launcher,RESUME_ACTIVITY,7]
12-21 16:18:22.534 10755 10755 I wm_on_paused_called: [0,10395518,com.tencent.mobileqq.activity.LoginActivity,performPause,1]
12-21 16:18:22.560  3139  3139 I wm_on_top_resumed_gained_called: [27097202,com.miui.home.launcher.Launcher,topStateChangedWhenResumed]
12-21 16:18:22.562  3139  3139 I wm_on_idle_called: com.miui.home.launcher.Launcher
12-21 16:18:22.592 10755 10755 I wm_on_stop_called: [0,10395518,com.tencent.mobileqq.activity.LoginActivity,STOP_ACTIVITY_ITEM,3]
12-21 16:18:22.601 10755 10755 I wm_on_stop_called: [0,34598337,com.tencent.mobileqq.activity.SplashActivity,LIFECYCLER_STOP_ACTIVITY,7]
12-21 16:18:22.621 10755 10755 I wm_on_destroy_called: [0,34598337,com.tencent.mobileqq.activity.SplashActivity,performDestroy,20]
12-21 16:18:22.708  3139  3652 I com.miui.home: CheckGCForNative adj_start_bytes: 35997536 NativeAllocationGcWatermark: 10908493 java_gc_start_bytes: 19634797 kNewNativeDiscountFactor: 2 kOldNativeDiscountFactor: 65536 old_native_bytes: 134292217 new_native_bytes: 1174336 add_bytes_allowed: 32725479 is_gc_concurrent: 1 target_footprint_: 20159085 GetBytesAllocated: 12015416 HeapGrowthMultiplier: 3
12-21 16:18:22.708  3139  3652 I com.miui.home: CheckGCForNative gc_urgency 0.350153 current_native_bytes is 135466553
12-21 16:18:22.727  3139  3652 I com.miui.home: CheckGCForNative adj_start_bytes: 35997536 NativeAllocationGcWatermark: 10908493 java_gc_start_bytes: 19634797 kNewNativeDiscountFactor: 2 kOldNativeDiscountFactor: 65536 old_native_bytes: 134292217 new_native_bytes: 12079936 add_bytes_allowed: 32725479 is_gc_concurrent: 1 target_footprint_: 20159085 GetBytesAllocated: 12146488 HeapGrowthMultiplier: 3
12-21 16:18:22.727  3139  3652 I com.miui.home: CheckGCForNative gc_urgency 0.505271 current_native_bytes is 146372153
12-21 16:18:22.746  3139  3652 I com.miui.home: CheckGCForNative adj_start_bytes: 35997536 NativeAllocationGcWatermark: 10908493 java_gc_start_bytes: 19634797 kNewNativeDiscountFactor: 2 kOldNativeDiscountFactor: 65536 old_native_bytes: 134292217 new_native_bytes: 1435712 add_bytes_allowed: 32725479 is_gc_concurrent: 1 target_footprint_: 20159085 GetBytesAllocated: 12360104 HeapGrowthMultiplier: 3
12-21 16:18:22.746  3139  3652 I com.miui.home: CheckGCForNative gc_urgency 0.363358 current_native_bytes is 135727929
12-21 16:18:23.127  3139  3139 I wm_on_top_resumed_lost_called: [27097202,com.miui.home.launcher.Launcher,topStateChangedWhenResumed]
12-21 16:18:23.134  3139  3139 I wm_on_paused_called: [0,27097202,com.miui.home.launcher.Launcher,performPause,1]
12-21 16:18:23.165  3139  3276 I com.miui.home: CheckGCForNative adj_start_bytes: 35997536 NativeAllocationGcWatermark: 10908493 java_gc_start_bytes: 19634797 kNewNativeDiscountFactor: 2 kOldNativeDiscountFactor: 65536 old_native_bytes: 134292217 new_native_bytes: 1762264 add_bytes_allowed: 32725479 is_gc_concurrent: 1 target_footprint_: 20159085 GetBytesAllocated: 12999304 HeapGrowthMultiplier: 3
12-21 16:18:23.165  3139  3276 I com.miui.home: CheckGCForNative gc_urgency 0.385651 current_native_bytes is 136054481
12-21 16:18:23.226  3139  3652 I com.miui.home: CheckGCForNative adj_start_bytes: 35997536 NativeAllocationGcWatermark: 10908493 java_gc_start_bytes: 19634797 kNewNativeDiscountFactor: 2 kOldNativeDiscountFactor: 65536 old_native_bytes: 134292217 new_native_bytes: 2158564 add_bytes_allowed: 32725479 is_gc_concurrent: 1 target_footprint_: 20159085 GetBytesAllocated: 13425576 HeapGrowthMultiplier: 3
12-21 16:18:23.226  3139  3652 I com.miui.home: CheckGCForNative gc_urgency 0.402997 current_native_bytes is 136450781
12-21 16:18:23.343  3139  3652 I com.miui.home: CheckGCForNative adj_start_bytes: 35997536 NativeAllocationGcWatermark: 10908493 java_gc_start_bytes: 19634797 kNewNativeDiscountFactor: 2 kOldNativeDiscountFactor: 65536 old_native_bytes: 134292217 new_native_bytes: 2247616 add_bytes_allowed: 32725479 is_gc_concurrent: 1 target_footprint_: 20159085 GetBytesAllocated: 14024152 HeapGrowthMultiplier: 3
12-21 16:18:23.343  3139  3652 I com.miui.home: CheckGCForNative gc_urgency 0.420862 current_native_bytes is 136539833
12-21 16:18:23.412  3139  3287 I com.miui.home: CheckGCForNative adj_start_bytes: 35997536 NativeAllocationGcWatermark: 10908493 java_gc_start_bytes: 19634797 kNewNativeDiscountFactor: 2 kOldNativeDiscountFactor: 65536 old_native_bytes: 134292217 new_native_bytes: 2385760 add_bytes_allowed: 32725479 is_gc_concurrent: 1 target_footprint_: 20159085 GetBytesAllocated: 14253528 HeapGrowthMultiplier: 3
12-21 16:18:23.412  3139  3287 I com.miui.home: CheckGCForNative gc_urgency 0.429153 current_native_bytes is 136677977
12-21 16:18:23.423  3139  3287 I com.miui.home: CheckGCForNative adj_start_bytes: 35997536 NativeAllocationGcWatermark: 10908493 java_gc_start_bytes: 19634797 kNewNativeDiscountFactor: 2 kOldNativeDiscountFactor: 65536 old_native_bytes: 134292217 new_native_bytes: 2388064 add_bytes_allowed: 32725479 is_gc_concurrent: 1 target_footprint_: 20159085 GetBytesAllocated: 14269912 HeapGrowthMultiplier: 3
12-21 16:18:23.423  3139  3287 I com.miui.home: CheckGCForNative gc_urgency 0.42964 current_native_bytes is 136680281
12-21 16:18:24.242 11131 11131 I wm_on_application_create_called: [0,com.dragon.read,630]
12-21 16:18:24.349 11131 11131 I wm_on_create_called: [0,51003586,com.dragon.read.pages.splash.SplashActivity,performCreate,65]
12-21 16:18:24.378 11131 11131 I wm_on_start_called: [0,51003586,com.dragon.read.pages.splash.SplashActivity,handleStartActivity,27]
12-21 16:18:24.472 11131 11131 I wm_on_resume_called: [0,51003586,com.dragon.read.pages.splash.SplashActivity,RESUME_ACTIVITY,93]
12-21 16:18:24.474 11131 11131 I wm_on_top_resumed_gained_called: [51003586,com.dragon.read.pages.splash.SplashActivity,topStateChangedWhenResumed]
12-21 16:18:24.573 11131 11131 I wm_on_top_resumed_lost_called: [51003586,com.dragon.read.pages.splash.SplashActivity,topStateChangedWhenResumed]
12-21 16:18:24.597 11131 11131 I wm_on_paused_called: [0,51003586,com.dragon.read.pages.splash.SplashActivity,performPause,16]
12-21 16:18:24.728  3139  3675 I com.miui.home: CheckGCForNative adj_start_bytes: 35997536 NativeAllocationGcWatermark: 10908493 java_gc_start_bytes: 19634797 kNewNativeDiscountFactor: 2 kOldNativeDiscountFactor: 65536 old_native_bytes: 134292217 new_native_bytes: 12752684 add_bytes_allowed: 32725479 is_gc_concurrent: 1 target_footprint_: 20159085 GetBytesAllocated: 14999768 HeapGrowthMultiplier: 3
12-21 16:18:24.728  3139  3675 I com.miui.home: CheckGCForNative gc_urgency 0.593878 current_native_bytes is 147044901
12-21 16:18:24.728  3139  3675 I com.miui.home: CheckGCForNative adj_start_bytes: 35997536 NativeAllocationGcWatermark: 10908493 java_gc_start_bytes: 19634797 kNewNativeDiscountFactor: 2 kOldNativeDiscountFactor: 65536 old_native_bytes: 134292217 new_native_bytes: 23458604 add_bytes_allowed: 32725479 is_gc_concurrent: 1 target_footprint_: 20159085 GetBytesAllocated: 14999960 HeapGrowthMultiplier: 3
12-21 16:18:24.728  3139  3675 I com.miui.home: CheckGCForNative gc_urgency 0.742587 current_native_bytes is 157750821
12-21 16:18:24.820  3139  3652 I com.miui.home: CheckGCForNative adj_start_bytes: 35997536 NativeAllocationGcWatermark: 10908493 java_gc_start_bytes: 19634797 kNewNativeDiscountFactor: 2 kOldNativeDiscountFactor: 65536 old_native_bytes: 134292217 new_native_bytes: 12894596 add_bytes_allowed: 32725479 is_gc_concurrent: 1 target_footprint_: 20159085 GetBytesAllocated: 15328120 HeapGrowthMultiplier: 3
12-21 16:18:24.820  3139  3652 I com.miui.home: CheckGCForNative gc_urgency 0.604971 current_native_bytes is 147186813
12-21 16:18:24.822  3139  3188 I com.miui.home: CheckGCForNative adj_start_bytes: 35997536 NativeAllocationGcWatermark: 10908493 java_gc_start_bytes: 19634797 kNewNativeDiscountFactor: 2 kOldNativeDiscountFactor: 65536 old_native_bytes: 134292217 new_native_bytes: 23601860 add_bytes_allowed: 32725479 is_gc_concurrent: 1 target_footprint_: 20159085 GetBytesAllocated: 15328120 HeapGrowthMultiplier: 3
12-21 16:18:24.822  3139  3188 I com.miui.home: CheckGCForNative gc_urgency 0.753693 current_native_bytes is 157894077
12-21 16:18:24.854  3139  3652 I com.miui.home: CheckGCForNative adj_start_bytes: 35997536 NativeAllocationGcWatermark: 10908493 java_gc_start_bytes: 19634797 kNewNativeDiscountFactor: 2 kOldNativeDiscountFactor: 65536 old_native_bytes: 134292217 new_native_bytes: 23801816 add_bytes_allowed: 32725479 is_gc_concurrent: 1 target_footprint_: 20159085 GetBytesAllocated: 15557752 HeapGrowthMultiplier: 3
12-21 16:18:24.854  3139  3652 I com.miui.home: CheckGCForNative gc_urgency 0.76285 current_native_bytes is 158094033
12-21 16:18:24.878  3139  3652 I com.miui.home: CheckGCForNative adj_start_bytes: 35997536 NativeAllocationGcWatermark: 10908493 java_gc_start_bytes: 19634797 kNewNativeDiscountFactor: 2 kOldNativeDiscountFactor: 65536 old_native_bytes: 134292217 new_native_bytes: 13097432 add_bytes_allowed: 32725479 is_gc_concurrent: 1 target_footprint_: 20159085 GetBytesAllocated: 15722232 HeapGrowthMultiplier: 3
12-21 16:18:24.883  3139  3652 I com.miui.home: CheckGCForNative gc_urgency 0.618737 current_native_bytes is 147389649
12-21 16:18:24.910  3139  3652 I com.miui.home: CheckGCForNative adj_start_bytes: 35997536 NativeAllocationGcWatermark: 10908493 java_gc_start_bytes: 19634797 kNewNativeDiscountFactor: 2 kOldNativeDiscountFactor: 65536 old_native_bytes: 134292217 new_native_bytes: 13431436 add_bytes_allowed: 32725479 is_gc_concurrent: 1 target_footprint_: 20159085 GetBytesAllocated: 15935224 HeapGrowthMultiplier: 3
12-21 16:18:24.911  3139  3652 I com.miui.home: CheckGCForNative gc_urgency 0.629293 current_native_bytes is 147723653
12-21 16:18:25.088 11131 11131 I wm_on_create_called: [0,74798598,com.dragon.read.pages.main.MainFragmentActivity,performCreate,355]
12-21 16:18:25.112  3139  3287 I com.miui.home: CheckGCForNative adj_start_bytes: 35997536 NativeAllocationGcWatermark: 10908493 java_gc_start_bytes: 19634797 kNewNativeDiscountFactor: 2 kOldNativeDiscountFactor: 65536 old_native_bytes: 134292217 new_native_bytes: 13358908 add_bytes_allowed: 32725479 is_gc_concurrent: 1 target_footprint_: 20159085 GetBytesAllocated: 16131864 HeapGrowthMultiplier: 3
12-21 16:18:25.112  3139  3287 I com.miui.home: CheckGCForNative gc_urgency 0.633748 current_native_bytes is 147651125
12-21 16:18:25.212  3139  3287 I com.miui.home: CheckGCForNative adj_start_bytes: 35997536 NativeAllocationGcWatermark: 10908493 java_gc_start_bytes: 19634797 kNewNativeDiscountFactor: 2 kOldNativeDiscountFactor: 65536 old_native_bytes: 134292217 new_native_bytes: 13367484 add_bytes_allowed: 32725479 is_gc_concurrent: 1 target_footprint_: 20159085 GetBytesAllocated: 16213912 HeapGrowthMultiplier: 3
12-21 16:18:25.212  3139  3287 I com.miui.home: CheckGCForNative gc_urgency 0.636146 current_native_bytes is 147659701
12-21 16:18:25.264  3139  3139 I wm_on_resume_called: [0,27097202,com.miui.home.launcher.Launcher,RESUME_ACTIVITY,12]
12-21 16:18:25.413  3139  3139 I wm_on_idle_called: com.miui.home.launcher.Launcher
12-21 16:18:25.486 11131 11131 I wm_on_start_called: [0,74798598,com.dragon.read.pages.main.MainFragmentActivity,handleStartActivity,396]
12-21 16:18:25.600  3139  3652 I com.miui.home: CheckGCForNative adj_start_bytes: 35997536 NativeAllocationGcWatermark: 10908493 java_gc_start_bytes: 19634797 kNewNativeDiscountFactor: 2 kOldNativeDiscountFactor: 65536 old_native_bytes: 134292217 new_native_bytes: 13636176 add_bytes_allowed: 32725479 is_gc_concurrent: 1 target_footprint_: 20159085 GetBytesAllocated: 17370328 HeapGrowthMultiplier: 3
12-21 16:18:25.600  3139  3652 I com.miui.home: CheckGCForNative gc_urgency 0.672003 current_native_bytes is 147928393
12-21 16:18:25.620 11131 11131 I wm_on_resume_called: [0,74798598,com.dragon.read.pages.main.MainFragmentActivity,LIFECYCLER_RESUME_ACTIVITY,130]
12-21 16:18:25.723  3139  3652 I com.miui.home: CheckGCForNative adj_start_bytes: 35997536 NativeAllocationGcWatermark: 10908493 java_gc_start_bytes: 19634797 kNewNativeDiscountFactor: 2 kOldNativeDiscountFactor: 65536 old_native_bytes: 134292217 new_native_bytes: 24518064 add_bytes_allowed: 32725479 is_gc_concurrent: 1 target_footprint_: 20159085 GetBytesAllocated: 17567000 HeapGrowthMultiplier: 3
12-21 16:18:25.723  3139  3652 I com.miui.home: CheckGCForNative gc_urgency 0.828614 current_native_bytes is 158810281
12-21 16:18:25.739  3139  3139 I wm_on_top_resumed_gained_called: [27097202,com.miui.home.launcher.Launcher,topStateChangedWhenResumed]
12-21 16:18:25.809  3139  3652 I com.miui.home: CheckGCForNative adj_start_bytes: 35997536 NativeAllocationGcWatermark: 10908493 java_gc_start_bytes: 19634797 kNewNativeDiscountFactor: 2 kOldNativeDiscountFactor: 65536 old_native_bytes: 134292217 new_native_bytes: 14104688 add_bytes_allowed: 32725479 is_gc_concurrent: 1 target_footprint_: 20159085 GetBytesAllocated: 17813400 HeapGrowthMultiplier: 3
12-21 16:18:25.809  3139  3652 I com.miui.home: CheckGCForNative gc_urgency 0.690819 current_native_bytes is 148396905
12-21 16:18:25.942  3139  3652 I com.miui.home: CheckGCForNative adj_start_bytes: 35997536 NativeAllocationGcWatermark: 10908493 java_gc_start_bytes: 19634797 kNewNativeDiscountFactor: 2 kOldNativeDiscountFactor: 65536 old_native_bytes: 134292217 new_native_bytes: 14365800 add_bytes_allowed: 32725479 is_gc_concurrent: 1 target_footprint_: 20159085 GetBytesAllocated: 18108312 HeapGrowthMultiplier: 3
12-21 16:18:25.942  3139  3652 I com.miui.home: CheckGCForNative gc_urgency 0.702639 current_native_bytes is 148658017
12-21 16:18:25.974  3139  3139 I wm_on_top_resumed_lost_called: [27097202,com.miui.home.launcher.Launcher,topStateChangedWhenResumed]
12-21 16:18:25.985  3139  3139 I wm_on_paused_called: [0,27097202,com.miui.home.launcher.Launcher,performPause,0]
12-21 16:18:26.033 11131 11131 I wm_on_paused_called: [0,74798598,com.dragon.read.pages.main.MainFragmentActivity,performPause,150]
12-21 16:18:26.033 11468 11468 I wm_on_create_called: [0,173903224,com.android.packageinstaller.permission.ui.GrantPermissionsActivity,performCreate,853]
12-21 16:18:26.040 11468 11468 I wm_on_start_called: [0,173903224,com.android.packageinstaller.permission.ui.GrantPermissionsActivity,handleStartActivity,1]
12-21 16:18:26.043 11468 11468 I wm_on_resume_called: [0,173903224,com.android.packageinstaller.permission.ui.GrantPermissionsActivity,RESUME_ACTIVITY,2]
12-21 16:18:26.093 11468 11468 I wm_on_top_resumed_gained_called: [173903224,com.android.packageinstaller.permission.ui.GrantPermissionsActivity,topStateChangedWhenResumed]
12-21 16:18:26.098 11468 11468 I wm_on_top_resumed_lost_called: [173903224,com.android.packageinstaller.permission.ui.GrantPermissionsActivity,topStateChangedWhenResumed]
12-21 16:18:26.108 11468 11468 I wm_on_paused_called: [0,173903224,com.android.packageinstaller.permission.ui.GrantPermissionsActivity,performPause,0]
12-21 16:18:26.125 11468 11468 I wm_on_stop_called: [0,173903224,com.android.packageinstaller.permission.ui.GrantPermissionsActivity,STOP_ACTIVITY_ITEM,16]
12-21 16:18:26.194  3139  3652 I com.miui.home: CheckGCForNative adj_start_bytes: 35997536 NativeAllocationGcWatermark: 10908493 java_gc_start_bytes: 19634797 kNewNativeDiscountFactor: 2 kOldNativeDiscountFactor: 65536 old_native_bytes: 134292217 new_native_bytes: 14652988 add_bytes_allowed: 32725479 is_gc_concurrent: 1 target_footprint_: 20159085 GetBytesAllocated: 18788856 HeapGrowthMultiplier: 3
12-21 16:18:26.194  3139  3652 I com.miui.home: CheckGCForNative gc_urgency 0.725533 current_native_bytes is 148945205
12-21 16:18:26.305  3139  3652 I com.miui.home: CheckGCForNative adj_start_bytes: 35997536 NativeAllocationGcWatermark: 10908493 java_gc_start_bytes: 19634797 kNewNativeDiscountFactor: 2 kOldNativeDiscountFactor: 65536 old_native_bytes: 134292217 new_native_bytes: 14943012 add_bytes_allowed: 32725479 is_gc_concurrent: 1 target_footprint_: 20159085 GetBytesAllocated: 19182616 HeapGrowthMultiplier: 3
12-21 16:18:26.305  3139  3652 I com.miui.home: CheckGCForNative gc_urgency 0.7405 current_native_bytes is 149235229
12-21 16:18:26.345 11468 11468 I wm_on_destroy_called: [0,173903224,com.android.packageinstaller.permission.ui.GrantPermissionsActivity,performDestroy,0]
12-21 16:18:26.445  3139  3652 I com.miui.home: CheckGCForNative adj_start_bytes: 35997536 NativeAllocationGcWatermark: 10908493 java_gc_start_bytes: 19634797 kNewNativeDiscountFactor: 2 kOldNativeDiscountFactor: 65536 old_native_bytes: 134292217 new_native_bytes: 15029528 add_bytes_allowed: 32725479 is_gc_concurrent: 1 target_footprint_: 20159085 GetBytesAllocated: 19428408 HeapGrowthMultiplier: 3
12-21 16:18:26.446  3139  3652 I com.miui.home: CheckGCForNative gc_urgency 0.74853 current_native_bytes is 149321745
12-21 16:18:27.435  3139  3193 I com.miui.home: CheckGCForNative adj_start_bytes: 35997536 NativeAllocationGcWatermark: 10908493 java_gc_start_bytes: 19634797 kNewNativeDiscountFactor: 2 kOldNativeDiscountFactor: 65536 old_native_bytes: 149521909 new_native_bytes: 4918068 add_bytes_allowed: 32725479 is_gc_concurrent: 1 target_footprint_: 20159085 GetBytesAllocated: 10142184 HeapGrowthMultiplier: 3
12-21 16:18:27.435  3139  3193 I com.miui.home: CheckGCForNative gc_urgency 0.350121 current_native_bytes is 154439977
12-21 16:18:27.435  3139  3139 I com.miui.home: CheckGCForNative adj_start_bytes: 35997536 NativeAllocationGcWatermark: 10908493 java_gc_start_bytes: 19634797 kNewNativeDiscountFactor: 2 kOldNativeDiscountFactor: 65536 old_native_bytes: 149521909 new_native_bytes: 15624628 add_bytes_allowed: 32725479 is_gc_concurrent: 1 target_footprint_: 20159085 GetBytesAllocated: 10158760 HeapGrowthMultiplier: 3
12-21 16:18:27.435  3139  3139 I com.miui.home: CheckGCForNative gc_urgency 0.499294 current_native_bytes is 165146537
12-21 16:18:27.435  3139  3188 I com.miui.home: CheckGCForNative adj_start_bytes: 35997536 NativeAllocationGcWatermark: 10908493 java_gc_start_bytes: 19634797 kNewNativeDiscountFactor: 2 kOldNativeDiscountFactor: 65536 old_native_bytes: 149521909 new_native_bytes: 15626484 add_bytes_allowed: 32725479 is_gc_concurrent: 1 target_footprint_: 20159085 GetBytesAllocated: 10158760 HeapGrowthMultiplier: 3
12-21 16:18:27.435  3139  3188 I com.miui.home: CheckGCForNative gc_urgency 0.49932 current_native_bytes is 165148393
12-21 16:18:27.620  3139  3287 I com.miui.home: CheckGCForNative adj_start_bytes: 35997536 NativeAllocationGcWatermark: 10908493 java_gc_start_bytes: 19634797 kNewNativeDiscountFactor: 2 kOldNativeDiscountFactor: 65536 old_native_bytes: 149521909 new_native_bytes: 4736084 add_bytes_allowed: 32725479 is_gc_concurrent: 1 target_footprint_: 20159085 GetBytesAllocated: 10371944 HeapGrowthMultiplier: 3
12-21 16:18:27.620  3139  3287 I com.miui.home: CheckGCForNative gc_urgency 0.353976 current_native_bytes is 154257993
12-21 16:18:27.653  3139  3287 I com.miui.home: CheckGCForNative adj_start_bytes: 35997536 NativeAllocationGcWatermark: 10908493 java_gc_start_bytes: 19634797 kNewNativeDiscountFactor: 2 kOldNativeDiscountFactor: 65536 old_native_bytes: 149521909 new_native_bytes: 4744180 add_bytes_allowed: 32725479 is_gc_concurrent: 1 target_footprint_: 20159085 GetBytesAllocated: 10388328 HeapGrowthMultiplier: 3
12-21 16:18:27.653  3139  3287 I com.miui.home: CheckGCForNative gc_urgency 0.354544 current_native_bytes is 154266089
12-21 16:18:27.976  3139  3287 I com.miui.home: CheckGCForNative adj_start_bytes: 35997536 NativeAllocationGcWatermark: 10908493 java_gc_start_bytes: 19634797 kNewNativeDiscountFactor: 2 kOldNativeDiscountFactor: 65536 old_native_bytes: 149521909 new_native_bytes: 4765892 add_bytes_allowed: 32725479 is_gc_concurrent: 1 target_footprint_: 20159085 GetBytesAllocated: 10519400 HeapGrowthMultiplier: 3
12-21 16:18:27.976  3139  3287 I com.miui.home: CheckGCForNative gc_urgency 0.358486 current_native_bytes is 154287801
12-21 16:18:28.032  3139  3139 I wm_on_resume_called: [0,27097202,com.miui.home.launcher.Launcher,RESUME_ACTIVITY,4]
12-21 16:18:28.032  3139  3139 I wm_on_idle_called: com.miui.home.launcher.Launcher
12-21 16:18:28.197  3139  3652 I com.miui.home: CheckGCForNative adj_start_bytes: 35997536 NativeAllocationGcWatermark: 10908493 java_gc_start_bytes: 19634797 kNewNativeDiscountFactor: 2 kOldNativeDiscountFactor: 65536 old_native_bytes: 149521909 new_native_bytes: 5716300 add_bytes_allowed: 32725479 is_gc_concurrent: 1 target_footprint_: 20159085 GetBytesAllocated: 11741400 HeapGrowthMultiplier: 3
12-21 16:18:28.197  3139  3652 I com.miui.home: CheckGCForNative gc_urgency 0.405634 current_native_bytes is 155238209
12-21 16:18:28.218  3139  3652 I com.miui.home: CheckGCForNative adj_start_bytes: 35997536 NativeAllocationGcWatermark: 10908493 java_gc_start_bytes: 19634797 kNewNativeDiscountFactor: 2 kOldNativeDiscountFactor: 65536 old_native_bytes: 149521909 new_native_bytes: 5791664 add_bytes_allowed: 32725479 is_gc_concurrent: 1 target_footprint_: 20159085 GetBytesAllocated: 11921624 HeapGrowthMultiplier: 3
12-21 16:18:28.218  3139  3652 I com.miui.home: CheckGCForNative gc_urgency 0.411688 current_native_bytes is 155313573
12-21 16:18:28.298  3139  3139 I wm_on_paused_called: [0,27097202,com.miui.home.launcher.Launcher,performPause,1]
12-21 16:18:28.302  3139  3652 I com.miui.home: CheckGCForNative adj_start_bytes: 35997536 NativeAllocationGcWatermark: 10908493 java_gc_start_bytes: 19634797 kNewNativeDiscountFactor: 2 kOldNativeDiscountFactor: 65536 old_native_bytes: 149521909 new_native_bytes: 17437124 add_bytes_allowed: 32725479 is_gc_concurrent: 1 target_footprint_: 20159085 GetBytesAllocated: 12216664 HeapGrowthMultiplier: 3
12-21 16:18:28.302  3139  3652 I com.miui.home: CheckGCForNative gc_urgency 0.581637 current_native_bytes is 166959033
12-21 16:18:28.330  3139  3652 I com.miui.home: CheckGCForNative adj_start_bytes: 35997536 NativeAllocationGcWatermark: 10908493 java_gc_start_bytes: 19634797 kNewNativeDiscountFactor: 2 kOldNativeDiscountFactor: 65536 old_native_bytes: 149521909 new_native_bytes: 6741676 add_bytes_allowed: 32725479 is_gc_concurrent: 1 target_footprint_: 20159085 GetBytesAllocated: 12479592 HeapGrowthMultiplier: 3
12-21 16:18:28.330  3139  3652 I com.miui.home: CheckGCForNative gc_urgency 0.440383 current_native_bytes is 156263585
12-21 16:18:28.366  3139  3652 I com.miui.home: CheckGCForNative adj_start_bytes: 35997536 NativeAllocationGcWatermark: 10908493 java_gc_start_bytes: 19634797 kNewNativeDiscountFactor: 2 kOldNativeDiscountFactor: 65536 old_native_bytes: 149521909 new_native_bytes: 7007832 add_bytes_allowed: 32725479 is_gc_concurrent: 1 target_footprint_: 20159085 GetBytesAllocated: 12758120 HeapGrowthMultiplier: 3
12-21 16:18:28.366  3139  3652 I com.miui.home: CheckGCForNative gc_urgency 0.451818 current_native_bytes is 156529741
12-21 16:18:28.562  3139  3652 I com.miui.home: CheckGCForNative adj_start_bytes: 35997536 NativeAllocationGcWatermark: 10908493 java_gc_start_bytes: 19634797 kNewNativeDiscountFactor: 2 kOldNativeDiscountFactor: 65536 old_native_bytes: 149521909 new_native_bytes: 7273244 add_bytes_allowed: 32725479 is_gc_concurrent: 1 target_footprint_: 20159085 GetBytesAllocated: 13422296 HeapGrowthMultiplier: 3
12-21 16:18:28.562  3139  3652 I com.miui.home: CheckGCForNative gc_urgency 0.473955 current_native_bytes is 156795153
12-21 16:18:28.629  3139  3652 I com.miui.home: CheckGCForNative adj_start_bytes: 35997536 NativeAllocationGcWatermark: 10908493 java_gc_start_bytes: 19634797 kNewNativeDiscountFactor: 2 kOldNativeDiscountFactor: 65536 old_native_bytes: 149521909 new_native_bytes: 7519676 add_bytes_allowed: 32725479 is_gc_concurrent: 1 target_footprint_: 20159085 GetBytesAllocated: 13799704 HeapGrowthMultiplier: 3
12-21 16:18:28.630  3139  3652 I com.miui.home: CheckGCForNative gc_urgency 0.487862 current_native_bytes is 157041585
12-21 16:18:28.650  3139  3652 I com.miui.home: CheckGCForNative adj_start_bytes: 35997536 NativeAllocationGcWatermark: 10908493 java_gc_start_bytes: 19634797 kNewNativeDiscountFactor: 2 kOldNativeDiscountFactor: 65536 old_native_bytes: 149521909 new_native_bytes: 7581968 add_bytes_allowed: 32725479 is_gc_concurrent: 1 target_footprint_: 20159085 GetBytesAllocated: 13914392 HeapGrowthMultiplier: 3
12-21 16:18:28.650  3139  3652 I com.miui.home: CheckGCForNative gc_urgency 0.491913 current_native_bytes is 157103877
12-21 16:18:28.663  3139  3652 I com.miui.home: CheckGCForNative adj_start_bytes: 35997536 NativeAllocationGcWatermark: 10908493 java_gc_start_bytes: 19634797 kNewNativeDiscountFactor: 2 kOldNativeDiscountFactor: 65536 old_native_bytes: 149521909 new_native_bytes: 7656528 add_bytes_allowed: 32725479 is_gc_concurrent: 1 target_footprint_: 20159085 GetBytesAllocated: 14012696 HeapGrowthMultiplier: 3
12-21 16:18:28.663  3139  3652 I com.miui.home: CheckGCForNative gc_urgency 0.495679 current_native_bytes is 157178437
12-21 16:18:28.907  7387  7387 I wm_on_create_called: [0,115481981,com.tencent.mm.ui.LauncherUI,performCreate,298]
12-21 16:18:28.929  7387  7387 I wm_on_start_called: [0,115481981,com.tencent.mm.ui.LauncherUI,handleStartActivity,12]
12-21 16:18:28.978  7387  7387 I wm_on_resume_called: [0,115481981,com.tencent.mm.ui.LauncherUI,RESUME_ACTIVITY,47]
12-21 16:18:28.999  7387  7387 I wm_on_top_resumed_gained_called: [115481981,com.tencent.mm.ui.LauncherUI,topStateChangedWhenResumed]
12-21 16:18:29.008  7387  7387 I wm_on_top_resumed_lost_called: [115481981,com.tencent.mm.ui.LauncherUI,topStateChangedWhenResumed]
12-21 16:18:29.018  7387  7387 I wm_on_paused_called: [0,115481981,com.tencent.mm.ui.LauncherUI,performPause,9]
12-21 16:18:29.048  3139  3139 I wm_on_stop_called: [0,27097202,com.miui.home.launcher.Launcher,STOP_ACTIVITY_ITEM,6]
12-21 16:18:29.161  3139  3652 I com.miui.home: CheckGCForNative adj_start_bytes: 35997536 NativeAllocationGcWatermark: 10908493 java_gc_start_bytes: 19634797 kNewNativeDiscountFactor: 2 kOldNativeDiscountFactor: 65536 old_native_bytes: 149521909 new_native_bytes: 7879556 add_bytes_allowed: 32725479 is_gc_concurrent: 1 target_footprint_: 20159085 GetBytesAllocated: 14562296 HeapGrowthMultiplier: 3
12-21 16:18:29.161  3139  3652 I com.miui.home: CheckGCForNative gc_urgency 0.514045 current_native_bytes is 157401465
12-21 16:18:29.213  3139  3652 I com.miui.home: CheckGCForNative adj_start_bytes: 35997536 NativeAllocationGcWatermark: 10908493 java_gc_start_bytes: 19634797 kNewNativeDiscountFactor: 2 kOldNativeDiscountFactor: 65536 old_native_bytes: 149521909 new_native_bytes: 8111172 add_bytes_allowed: 32725479 is_gc_concurrent: 1 target_footprint_: 20159085 GetBytesAllocated: 14972424 HeapGrowthMultiplier: 3
12-21 16:18:29.213  3139  3652 I com.miui.home: CheckGCForNative gc_urgency 0.528655 current_native_bytes is 157633081
12-21 16:18:29.278  7387  7387 I wm_on_create_called: [0,44615393,com.tencent.mm.plugin.account.ui.WelcomeActivity,performCreate,53]
12-21 16:18:29.280  7387  7387 I wm_on_start_called: [0,44615393,com.tencent.mm.plugin.account.ui.WelcomeActivity,handleStartActivity,2]
12-21 16:18:29.284  7387  7387 I wm_on_resume_called: [0,44615393,com.tencent.mm.plugin.account.ui.WelcomeActivity,RESUME_ACTIVITY,3]
12-21 16:18:29.291  7387  7387 I wm_on_top_resumed_gained_called: [44615393,com.tencent.mm.plugin.account.ui.WelcomeActivity,topStateChangedWhenResumed]
12-21 16:18:29.441  7387  7387 I wm_on_stop_called: [0,115481981,com.tencent.mm.ui.LauncherUI,STOP_ACTIVITY_ITEM,2]
12-21 16:18:29.845  3139  3139 I wm_on_restart_called: [0,27097202,com.miui.home.launcher.Launcher,performRestartActivity,0]
12-21 16:18:29.845  3139  3139 I wm_on_start_called: [0,27097202,com.miui.home.launcher.Launcher,handleStartActivity,0]
12-21 16:18:29.876  3139  3675 I com.miui.home: CheckGCForNative adj_start_bytes: 35997536 NativeAllocationGcWatermark: 10908493 java_gc_start_bytes: 19634797 kNewNativeDiscountFactor: 2 kOldNativeDiscountFactor: 65536 old_native_bytes: 149521909 new_native_bytes: 19036744 add_bytes_allowed: 32725479 is_gc_concurrent: 1 target_footprint_: 20159085 GetBytesAllocated: 15775624 HeapGrowthMultiplier: 3
12-21 16:18:29.876  3139  3675 I com.miui.home: CheckGCForNative gc_urgency 0.702722 current_native_bytes is 168558653
12-21 16:18:29.877  3139  3352 I com.miui.home: CheckGCForNative adj_start_bytes: 35997536 NativeAllocationGcWatermark: 10908493 java_gc_start_bytes: 19634797 kNewNativeDiscountFactor: 2 kOldNativeDiscountFactor: 65536 old_native_bytes: 149521909 new_native_bytes: 29741928 add_bytes_allowed: 32725479 is_gc_concurrent: 1 target_footprint_: 20159085 GetBytesAllocated: 15792200 HeapGrowthMultiplier: 3
12-21 16:18:29.877  3139  3352 I com.miui.home: CheckGCForNative gc_urgency 0.851876 current_native_bytes is 179263837
12-21 16:18:29.877  3139  3352 I com.miui.home: CheckGCForNative adj_start_bytes: 35997536 NativeAllocationGcWatermark: 10908493 java_gc_start_bytes: 19634797 kNewNativeDiscountFactor: 2 kOldNativeDiscountFactor: 65536 old_native_bytes: 149521909 new_native_bytes: 40447848 add_bytes_allowed: 32725479 is_gc_concurrent: 1 target_footprint_: 20159085 GetBytesAllocated: 15792392 HeapGrowthMultiplier: 3
12-21 16:18:29.878  3139  3352 I com.miui.home: CheckGCForNative gc_urgency 1.00059 current_native_bytes is 189969757
12-21 16:18:29.878  3139  3352 I com.miui.home: CheckGCForNative requested 1
12-21 16:18:29.899  3139  3287 I com.miui.home: CheckGCForNative adj_start_bytes: 35997536 NativeAllocationGcWatermark: 10908493 java_gc_start_bytes: 19634797 kNewNativeDiscountFactor: 2 kOldNativeDiscountFactor: 65536 old_native_bytes: 149521909 new_native_bytes: 29777352 add_bytes_allowed: 32725479 is_gc_concurrent: 1 target_footprint_: 20159085 GetBytesAllocated: 15825256 HeapGrowthMultiplier: 3
12-21 16:18:29.899  3139  3287 I com.miui.home: CheckGCForNative gc_urgency 0.853287 current_native_bytes is 179299261
12-21 16:18:30.008  3139  3180 I com.miui.home: NativeAlloc concurrent copying GC freed 107613(5711KB) AllocSpace objects, 12(472KB) LOS objects, 49% free, 9478KB/18MB, paused 66us,81us total 129.890ms
12-21 16:18:30.220  3139  3287 I com.miui.home: CheckGCForNative gc_urgency 0 current_native_bytes is 132556869
12-21 16:18:30.364  3139  3287 I com.miui.home: CheckGCForNative adj_start_bytes: 35389829 NativeAllocationGcWatermark: 10815215 java_gc_start_bytes: 19167007 kNewNativeDiscountFactor: 2 kOldNativeDiscountFactor: 65536 old_native_bytes: 132556869 new_native_bytes: 13056 add_bytes_allowed: 32445645 is_gc_concurrent: 1 target_footprint_: 19412863 GetBytesAllocated: 9886656 HeapGrowthMultiplier: 3
12-21 16:18:30.365  3139  3287 I com.miui.home: CheckGCForNative gc_urgency 0.279606 current_native_bytes is 132569925
12-21 16:18:30.455  7387  7387 I wm_on_top_resumed_lost_called: [44615393,com.tencent.mm.plugin.account.ui.WelcomeActivity,topStateChangedWhenResumed]
12-21 16:18:30.468  3139  3139 I wm_on_resume_called: [0,27097202,com.miui.home.launcher.Launcher,RESUME_ACTIVITY,2]
12-21 16:18:30.468  3139  3139 I wm_on_idle_called: com.miui.home.launcher.Launcher
12-21 16:18:30.475  3139  3139 I wm_on_top_resumed_gained_called: [27097202,com.miui.home.launcher.Launcher,topStateChangedWhenResumed]
12-21 16:18:30.483  7387  7387 I wm_on_paused_called: [0,44615393,com.tencent.mm.plugin.account.ui.WelcomeActivity,performPause,4]
12-21 16:18:30.522  7387  7387 I wm_on_stop_called: [0,44615393,com.tencent.mm.plugin.account.ui.WelcomeActivity,STOP_ACTIVITY_ITEM,13]
12-21 16:18:30.534  7387  7387 I wm_on_idle_called: com.tencent.mm.plugin.account.ui.WelcomeActivity
12-21 16:18:30.535  7387  7387 I wm_on_idle_called: com.tencent.mm.ui.LauncherUI
12-21 16:18:30.627  3139  3652 I com.miui.home: CheckGCForNative adj_start_bytes: 35389829 NativeAllocationGcWatermark: 10815215 java_gc_start_bytes: 19167007 kNewNativeDiscountFactor: 2 kOldNativeDiscountFactor: 65536 old_native_bytes: 132556869 new_native_bytes: 1081480 add_bytes_allowed: 32445645 is_gc_concurrent: 1 target_footprint_: 19412863 GetBytesAllocated: 11051296 HeapGrowthMultiplier: 3
12-21 16:18:30.627  3139  3652 I com.miui.home: CheckGCForNative gc_urgency 0.32761 current_native_bytes is 133638349
12-21 16:18:30.632  3139  3652 I com.miui.home: CheckGCForNative adj_start_bytes: 35389829 NativeAllocationGcWatermark: 10815215 java_gc_start_bytes: 19167007 kNewNativeDiscountFactor: 2 kOldNativeDiscountFactor: 65536 old_native_bytes: 132556869 new_native_bytes: 1103912 add_bytes_allowed: 32445645 is_gc_concurrent: 1 target_footprint_: 19412863 GetBytesAllocated: 11084064 HeapGrowthMultiplier: 3
12-21 16:18:30.632  3139  3652 I com.miui.home: CheckGCForNative gc_urgency 0.328853 current_native_bytes is 133660781
12-21 16:18:30.661  3139  3652 I com.miui.home: CheckGCForNative adj_start_bytes: 35389829 NativeAllocationGcWatermark: 10815215 java_gc_start_bytes: 19167007 kNewNativeDiscountFactor: 2 kOldNativeDiscountFactor: 65536 old_native_bytes: 132556869 new_native_bytes: 1758284 add_bytes_allowed: 32445645 is_gc_concurrent: 1 target_footprint_: 19412863 GetBytesAllocated: 11346336 HeapGrowthMultiplier: 3
12-21 16:18:30.661  3139  3652 I com.miui.home: CheckGCForNative gc_urgency 0.345509 current_native_bytes is 134315153
12-21 16:18:30.719  3139  3139 I wm_on_top_resumed_lost_called: [27097202,com.miui.home.launcher.Launcher,topStateChangedWhenResumed]
12-21 16:18:30.720  3139  3652 I com.miui.home: CheckGCForNative adj_start_bytes: 35389829 NativeAllocationGcWatermark: 10815215 java_gc_start_bytes: 19167007 kNewNativeDiscountFactor: 2 kOldNativeDiscountFactor: 65536 old_native_bytes: 132556869 new_native_bytes: 13585248 add_bytes_allowed: 32445645 is_gc_concurrent: 1 target_footprint_: 19412863 GetBytesAllocated: 11559456 HeapGrowthMultiplier: 3
12-21 16:18:30.720  3139  3652 I com.miui.home: CheckGCForNative gc_urgency 0.518627 current_native_bytes is 146142117
12-21 16:18:30.725  3139  3139 I wm_on_paused_called: [0,27097202,com.miui.home.launcher.Launcher,performPause,1]
12-21 16:18:30.795  3139  3652 I com.miui.home: CheckGCForNative adj_start_bytes: 35389829 NativeAllocationGcWatermark: 10815215 java_gc_start_bytes: 19167007 kNewNativeDiscountFactor: 2 kOldNativeDiscountFactor: 65536 old_native_bytes: 132556869 new_native_bytes: 3019192 add_bytes_allowed: 32445645 is_gc_concurrent: 1 target_footprint_: 19412863 GetBytesAllocated: 11986240 HeapGrowthMultiplier: 3
12-21 16:18:30.795  3139  3652 I com.miui.home: CheckGCForNative gc_urgency 0.381405 current_native_bytes is 135576061
12-21 16:18:30.859  3139  3652 I com.miui.home: CheckGCForNative adj_start_bytes: 35389829 NativeAllocationGcWatermark: 10815215 java_gc_start_bytes: 19167007 kNewNativeDiscountFactor: 2 kOldNativeDiscountFactor: 65536 old_native_bytes: 132556869 new_native_bytes: 3239028 add_bytes_allowed: 32445645 is_gc_concurrent: 1 target_footprint_: 19412863 GetBytesAllocated: 12601280 HeapGrowthMultiplier: 3
12-21 16:18:30.860  3139  3652 I com.miui.home: CheckGCForNative gc_urgency 0.40189 current_native_bytes is 135795897
12-21 16:18:30.918  3139  3652 I com.miui.home: CheckGCForNative adj_start_bytes: 35389829 NativeAllocationGcWatermark: 10815215 java_gc_start_bytes: 19167007 kNewNativeDiscountFactor: 2 kOldNativeDiscountFactor: 65536 old_native_bytes: 132556869 new_native_bytes: 3377576 add_bytes_allowed: 32445645 is_gc_concurrent: 1 target_footprint_: 19412863 GetBytesAllocated: 12896192 HeapGrowthMultiplier: 3
12-21 16:18:30.918  3139  3652 I com.miui.home: CheckGCForNative gc_urgency 0.412181 current_native_bytes is 135934445
12-21 16:18:30.974  3139  3652 I com.miui.home: CheckGCForNative adj_start_bytes: 35389829 NativeAllocationGcWatermark: 10815215 java_gc_start_bytes: 19167007 kNewNativeDiscountFactor: 2 kOldNativeDiscountFactor: 65536 old_native_bytes: 132556869 new_native_bytes: 3409896 add_bytes_allowed: 32445645 is_gc_concurrent: 1 target_footprint_: 19412863 GetBytesAllocated: 13273584 HeapGrowthMultiplier: 3
12-21 16:18:30.974  3139  3652 I com.miui.home: CheckGCForNative gc_urgency 0.423301 current_native_bytes is 135966765
12-21 16:18:31.308 12060 12060 I wm_on_create_called: [0,173846601,com.sina.weibo.SplashActivity,performCreate,66]
12-21 16:18:31.312 12060 12060 I wm_on_start_called: [0,173846601,com.sina.weibo.SplashActivity,handleStartActivity,4]
12-21 16:18:31.332 12060 12060 I wm_on_resume_called: [0,173846601,com.sina.weibo.SplashActivity,RESUME_ACTIVITY,17]
12-21 16:18:31.353 12060 12060 I wm_on_top_resumed_gained_called: [173846601,com.sina.weibo.SplashActivity,topStateChangedWhenResumed]
12-21 16:18:31.578  3139  3139 I wm_on_stop_called: [0,27097202,com.miui.home.launcher.Launcher,STOP_ACTIVITY_ITEM,2]
12-21 16:18:31.763 12060 12060 I wm_on_idle_called: com.sina.weibo.SplashActivity
12-21 16:18:31.834 12151 12151 I wm_on_application_create_called: [0,com.sina.weibo,282]
12-21 16:18:32.982  3139  3139 I wm_on_restart_called: [0,27097202,com.miui.home.launcher.Launcher,performRestartActivity,0]
12-21 16:18:32.982  3139  3139 I wm_on_start_called: [0,27097202,com.miui.home.launcher.Launcher,handleStartActivity,1]
12-21 16:18:33.034  3139  3675 I com.miui.home: CheckGCForNative adj_start_bytes: 35389829 NativeAllocationGcWatermark: 10815215 java_gc_start_bytes: 19167007 kNewNativeDiscountFactor: 2 kOldNativeDiscountFactor: 65536 old_native_bytes: 132556869 new_native_bytes: 14325412 add_bytes_allowed: 32445645 is_gc_concurrent: 1 target_footprint_: 19412863 GetBytesAllocated: 14413456 HeapGrowthMultiplier: 3
12-21 16:18:33.034  3139  3675 I com.miui.home: CheckGCForNative gc_urgency 0.609728 current_native_bytes is 146882281
