12-21 16:21:39.328  3152  3152 I wm_on_top_resumed_lost_called: [127359627,com.miui.home.launcher.Launcher,topStateChangedWhenResumed]
12-21 16:21:39.335  3152  3152 I wm_on_paused_called: [0,127359627,com.miui.home.launcher.Launcher,performPause,1]
12-21 16:21:39.349  3152  3293 I com.miui.home: CheckGCForNative adj_start_bytes: 32808912 NativeAllocationGcWatermark: 10531457 java_gc_start_bytes: 17011727 kNewNativeDiscountFactor: 2 kOldNativeDiscountFactor: 65536 old_native_bytes: 86608849 new_native_bytes: 161592 add_bytes_allowed: 31594371 is_gc_concurrent: 1 target_footprint_: 17142799 GetBytesAllocated: 9046600 HeapGrowthMultiplier: 3
12-21 16:21:39.353  3152  3293 I com.miui.home: CheckGCForNative gc_urgency 0.278239 current_native_bytes is 86770441
12-21 16:21:39.457  3152  3656 I com.miui.home: CheckGCForNative adj_start_bytes: 32808912 NativeAllocationGcWatermark: 10531457 java_gc_start_bytes: 17011727 kNewNativeDiscountFactor: 2 kOldNativeDiscountFactor: 65536 old_native_bytes: 86608849 new_native_bytes: 1045608 add_bytes_allowed: 31594371 is_gc_concurrent: 1 target_footprint_: 17142799 GetBytesAllocated: 9468824 HeapGrowthMultiplier: 3
12-21 16:21:39.457  3152  3656 I com.miui.home: CheckGCForNative gc_urgency 0.30458 current_native_bytes is 87654457
12-21 16:21:39.484  3152  3656 I com.miui.home: CheckGCForNative adj_start_bytes: 32808912 NativeAllocationGcWatermark: 10531457 java_gc_start_bytes: 17011727 kNewNativeDiscountFactor: 2 kOldNativeDiscountFactor: 65536 old_native_bytes: 86608849 new_native_bytes: 1468168 add_bytes_allowed: 31594371 is_gc_concurrent: 1 target_footprint_: 17142799 GetBytesAllocated: 9505688 HeapGrowthMultiplier: 3
12-21 16:21:39.484  3152  3656 I com.miui.home: CheckGCForNative gc_urgency 0.312144 current_native_bytes is 88077017
12-21 16:21:39.664  3152  3656 I com.miui.home: CheckGCForNative adj_start_bytes: 32808912 NativeAllocationGcWatermark: 10531457 java_gc_start_bytes: 17011727 kNewNativeDiscountFactor: 2 kOldNativeDiscountFactor: 65536 old_native_bytes: 86608849 new_native_bytes: 2506904 add_bytes_allowed: 31594371 is_gc_concurrent: 1 target_footprint_: 17142799 GetBytesAllocated: 9686600 HeapGrowthMultiplier: 3
12-21 16:21:39.664  3152  3656 I com.miui.home: CheckGCForNative gc_urgency 0.333488 current_native_bytes is 89115753
12-21 16:21:39.730  3152  3656 I com.miui.home: CheckGCForNative adj_start_bytes: 32808912 NativeAllocationGcWatermark: 10531457 java_gc_start_bytes: 17011727 kNewNativeDiscountFactor: 2 kOldNativeDiscountFactor: 65536 old_native_bytes: 86608849 new_native_bytes: 3296280 add_bytes_allowed: 31594371 is_gc_concurrent: 1 target_footprint_: 17142799 GetBytesAllocated: 9789064 HeapGrowthMultiplier: 3
12-21 16:21:39.730  3152  3656 I com.miui.home: CheckGCForNative gc_urgency 0.348641 current_native_bytes is 89905129
12-21 16:21:39.735  3152  3301 I com.miui.home: CheckGCForNative adj_start_bytes: 32808912 NativeAllocationGcWatermark: 10531457 java_gc_start_bytes: 17011727 kNewNativeDiscountFactor: 2 kOldNativeDiscountFactor: 65536 old_native_bytes: 86608849 new_native_bytes: 3758744 add_bytes_allowed: 31594371 is_gc_concurrent: 1 target_footprint_: 17142799 GetBytesAllocated: 9809544 HeapGrowthMultiplier: 3
12-21 16:21:39.735  3152  3301 I com.miui.home: CheckGCForNative gc_urgency 0.356313 current_native_bytes is 90367593
12-21 16:21:39.736  3152  3656 I com.miui.home: CheckGCForNative adj_start_bytes: 32808912 NativeAllocationGcWatermark: 10531457 java_gc_start_bytes: 17011727 kNewNativeDiscountFactor: 2 kOldNativeDiscountFactor: 65536 old_native_bytes: 86608849 new_native_bytes: 3758744 add_bytes_allowed: 31594371 is_gc_concurrent: 1 target_footprint_: 17142799 GetBytesAllocated: 9809544 HeapGrowthMultiplier: 3
12-21 16:21:39.736  3152  3656 I com.miui.home: CheckGCForNative gc_urgency 0.356313 current_native_bytes is 90367593
12-21 16:21:39.773  3152  3656 I com.miui.home: CheckGCForNative adj_start_bytes: 32808912 NativeAllocationGcWatermark: 10531457 java_gc_start_bytes: 17011727 kNewNativeDiscountFactor: 2 kOldNativeDiscountFactor: 65536 old_native_bytes: 86608849 new_native_bytes: 4194168 add_bytes_allowed: 31594371 is_gc_concurrent: 1 target_footprint_: 17142799 GetBytesAllocated: 9858760 HeapGrowthMultiplier: 3
12-21 16:21:39.773  3152  3656 I com.miui.home: CheckGCForNative gc_urgency 0.364449 current_native_bytes is 90803017
12-21 16:21:39.781  3152  3656 I com.miui.home: CheckGCForNative adj_start_bytes: 32808912 NativeAllocationGcWatermark: 10531457 java_gc_start_bytes: 17011727 kNewNativeDiscountFactor: 2 kOldNativeDiscountFactor: 65536 old_native_bytes: 86608849 new_native_bytes: 4319032 add_bytes_allowed: 31594371 is_gc_concurrent: 1 target_footprint_: 17142799 GetBytesAllocated: 9875256 HeapGrowthMultiplier: 3
12-21 16:21:39.781  3152  3656 I com.miui.home: CheckGCForNative gc_urgency 0.366854 current_native_bytes is 90927881
12-21 16:21:39.783  3152  3656 I com.miui.home: CheckGCForNative adj_start_bytes: 32808912 NativeAllocationGcWatermark: 10531457 java_gc_start_bytes: 17011727 kNewNativeDiscountFactor: 2 kOldNativeDiscountFactor: 65536 old_native_bytes: 86608849 new_native_bytes: 4702680 add_bytes_allowed: 31594371 is_gc_concurrent: 1 target_footprint_: 17142799 GetBytesAllocated: 9875256 HeapGrowthMultiplier: 3
12-21 16:21:39.783  3152  3656 I com.miui.home: CheckGCForNative gc_urgency 0.372701 current_native_bytes is 91311529
12-21 16:21:39.833  3152  3656 I com.miui.home: CheckGCForNative adj_start_bytes: 32808912 NativeAllocationGcWatermark: 10531457 java_gc_start_bytes: 17011727 kNewNativeDiscountFactor: 2 kOldNativeDiscountFactor: 65536 old_native_bytes: 86608849 new_native_bytes: 5042032 add_bytes_allowed: 31594371 is_gc_concurrent: 1 target_footprint_: 17142799 GetBytesAllocated: 9928664 HeapGrowthMultiplier: 3
12-21 16:21:39.834  3152  3656 I com.miui.home: CheckGCForNative gc_urgency 0.379501 current_native_bytes is 91650881
12-21 16:21:39.838  3152  3656 I com.miui.home: CheckGCForNative adj_start_bytes: 32808912 NativeAllocationGcWatermark: 10531457 java_gc_start_bytes: 17011727 kNewNativeDiscountFactor: 2 kOldNativeDiscountFactor: 65536 old_native_bytes: 86608849 new_native_bytes: 5503600 add_bytes_allowed: 31594371 is_gc_concurrent: 1 target_footprint_: 17142799 GetBytesAllocated: 9949144 HeapGrowthMultiplier: 3
12-21 16:21:39.838  3152  3656 I com.miui.home: CheckGCForNative gc_urgency 0.387159 current_native_bytes is 92112449
12-21 16:21:39.855  3152  3656 I com.miui.home: CheckGCForNative adj_start_bytes: 32808912 NativeAllocationGcWatermark: 10531457 java_gc_start_bytes: 17011727 kNewNativeDiscountFactor: 2 kOldNativeDiscountFactor: 65536 old_native_bytes: 86608849 new_native_bytes: 6738832 add_bytes_allowed: 31594371 is_gc_concurrent: 1 target_footprint_: 17142799 GetBytesAllocated: 9998472 HeapGrowthMultiplier: 3
12-21 16:21:39.855  3152  3656 I com.miui.home: CheckGCForNative gc_urgency 0.407487 current_native_bytes is 93347681
12-21 16:21:39.858  3152  3656 I com.miui.home: CheckGCForNative adj_start_bytes: 32808912 NativeAllocationGcWatermark: 10531457 java_gc_start_bytes: 17011727 kNewNativeDiscountFactor: 2 kOldNativeDiscountFactor: 65536 old_native_bytes: 86608849 new_native_bytes: 7165200 add_bytes_allowed: 31594371 is_gc_concurrent: 1 target_footprint_: 17142799 GetBytesAllocated: 9998472 HeapGrowthMultiplier: 3
12-21 16:21:39.858  3152  3656 I com.miui.home: CheckGCForNative gc_urgency 0.413985 current_native_bytes is 93774049
12-21 16:21:39.875  3152  3656 I com.miui.home: CheckGCForNative adj_start_bytes: 32808912 NativeAllocationGcWatermark: 10531457 java_gc_start_bytes: 17011727 kNewNativeDiscountFactor: 2 kOldNativeDiscountFactor: 65536 old_native_bytes: 86608849 new_native_bytes: 7926928 add_bytes_allowed: 31594371 is_gc_concurrent: 1 target_footprint_: 17142799 GetBytesAllocated: 10047800 HeapGrowthMultiplier: 3
12-21 16:21:39.875  3152  3656 I com.miui.home: CheckGCForNative gc_urgency 0.427097 current_native_bytes is 94535777
12-21 16:21:39.878  3152  3656 I com.miui.home: CheckGCForNative adj_start_bytes: 32808912 NativeAllocationGcWatermark: 10531457 java_gc_start_bytes: 17011727 kNewNativeDiscountFactor: 2 kOldNativeDiscountFactor: 65536 old_native_bytes: 86608849 new_native_bytes: 8386320 add_bytes_allowed: 31594371 is_gc_concurrent: 1 target_footprint_: 17142799 GetBytesAllocated: 10047800 HeapGrowthMultiplier: 3
12-21 16:21:39.878  3152  3656 I com.miui.home: CheckGCForNative gc_urgency 0.434098 current_native_bytes is 94995169
12-21 16:21:39.911  3152  3656 I com.miui.home: CheckGCForNative adj_start_bytes: 32808912 NativeAllocationGcWatermark: 10531457 java_gc_start_bytes: 17011727 kNewNativeDiscountFactor: 2 kOldNativeDiscountFactor: 65536 old_native_bytes: 86608849 new_native_bytes: 9399632 add_bytes_allowed: 31594371 is_gc_concurrent: 1 target_footprint_: 17142799 GetBytesAllocated: 10080632 HeapGrowthMultiplier: 3
12-21 16:21:39.911  3152  3656 I com.miui.home: CheckGCForNative gc_urgency 0.450541 current_native_bytes is 96008481
12-21 16:21:39.983  3152  3656 I com.miui.home: CheckGCForNative adj_start_bytes: 32808912 NativeAllocationGcWatermark: 10531457 java_gc_start_bytes: 17011727 kNewNativeDiscountFactor: 2 kOldNativeDiscountFactor: 65536 old_native_bytes: 86608849 new_native_bytes: 10105064 add_bytes_allowed: 31594371 is_gc_concurrent: 1 target_footprint_: 17142799 GetBytesAllocated: 10133944 HeapGrowthMultiplier: 3
12-21 16:21:39.983  3152  3656 I com.miui.home: CheckGCForNative gc_urgency 0.462917 current_native_bytes is 96713913
12-21 16:21:39.985  3152  3656 I com.miui.home: CheckGCForNative adj_start_bytes: 32808912 NativeAllocationGcWatermark: 10531457 java_gc_start_bytes: 17011727 kNewNativeDiscountFactor: 2 kOldNativeDiscountFactor: 65536 old_native_bytes: 86608849 new_native_bytes: 10566376 add_bytes_allowed: 31594371 is_gc_concurrent: 1 target_footprint_: 17142799 GetBytesAllocated: 10154424 HeapGrowthMultiplier: 3
12-21 16:21:39.985  3152  3656 I com.miui.home: CheckGCForNative gc_urgency 0.470571 current_native_bytes is 97175225
12-21 16:21:40.021  3152  3656 I com.miui.home: CheckGCForNative adj_start_bytes: 32808912 NativeAllocationGcWatermark: 10531457 java_gc_start_bytes: 17011727 kNewNativeDiscountFactor: 2 kOldNativeDiscountFactor: 65536 old_native_bytes: 86608849 new_native_bytes: 11310296 add_bytes_allowed: 31594371 is_gc_concurrent: 1 target_footprint_: 17142799 GetBytesAllocated: 10203752 HeapGrowthMultiplier: 3
12-21 16:21:40.021  3152  3656 I com.miui.home: CheckGCForNative gc_urgency 0.483412 current_native_bytes is 97919145
12-21 16:21:40.035  3152  3656 I com.miui.home: CheckGCForNative adj_start_bytes: 32808912 NativeAllocationGcWatermark: 10531457 java_gc_start_bytes: 17011727 kNewNativeDiscountFactor: 2 kOldNativeDiscountFactor: 65536 old_native_bytes: 86608849 new_native_bytes: 12076632 add_bytes_allowed: 31594371 is_gc_concurrent: 1 target_footprint_: 17142799 GetBytesAllocated: 10203752 HeapGrowthMultiplier: 3
12-21 16:21:40.035  3152  3656 I com.miui.home: CheckGCForNative gc_urgency 0.495091 current_native_bytes is 98685481
12-21 16:21:40.093  3152  3656 I com.miui.home: CheckGCForNative adj_start_bytes: 32808912 NativeAllocationGcWatermark: 10531457 java_gc_start_bytes: 17011727 kNewNativeDiscountFactor: 2 kOldNativeDiscountFactor: 65536 old_native_bytes: 86608849 new_native_bytes: 12458992 add_bytes_allowed: 31594371 is_gc_concurrent: 1 target_footprint_: 17142799 GetBytesAllocated: 10236696 HeapGrowthMultiplier: 3
12-21 16:21:40.093  3152  3656 I com.miui.home: CheckGCForNative gc_urgency 0.501922 current_native_bytes is 99067841
12-21 16:21:40.099  3152  3656 I com.miui.home: CheckGCForNative adj_start_bytes: 32808912 NativeAllocationGcWatermark: 10531457 java_gc_start_bytes: 17011727 kNewNativeDiscountFactor: 2 kOldNativeDiscountFactor: 65536 old_native_bytes: 86608849 new_native_bytes: 12855536 add_bytes_allowed: 31594371 is_gc_concurrent: 1 target_footprint_: 17142799 GetBytesAllocated: 10236696 HeapGrowthMultiplier: 3
12-21 16:21:40.099  3152  3656 I com.miui.home: CheckGCForNative gc_urgency 0.507965 current_native_bytes is 99464385
12-21 16:21:40.122  3152  3656 I com.miui.home: CheckGCForNative adj_start_bytes: 32808912 NativeAllocationGcWatermark: 10531457 java_gc_start_bytes: 17011727 kNewNativeDiscountFactor: 2 kOldNativeDiscountFactor: 65536 old_native_bytes: 86608849 new_native_bytes: 13121392 add_bytes_allowed: 31594371 is_gc_concurrent: 1 target_footprint_: 17142799 GetBytesAllocated: 10269528 HeapGrowthMultiplier: 3
12-21 16:21:40.122  3152  3656 I com.miui.home: CheckGCForNative gc_urgency 0.513017 current_native_bytes is 99730241
12-21 16:21:40.130  3152  3656 I com.miui.home: CheckGCForNative adj_start_bytes: 32808912 NativeAllocationGcWatermark: 10531457 java_gc_start_bytes: 17011727 kNewNativeDiscountFactor: 2 kOldNativeDiscountFactor: 65536 old_native_bytes: 86608849 new_native_bytes: 13400264 add_bytes_allowed: 31594371 is_gc_concurrent: 1 target_footprint_: 17142799 GetBytesAllocated: 10269640 HeapGrowthMultiplier: 3
12-21 16:21:40.131  3152  3656 I com.miui.home: CheckGCForNative gc_urgency 0.517271 current_native_bytes is 100009113
12-21 16:21:40.153  3152  3656 I com.miui.home: CheckGCForNative adj_start_bytes: 32808912 NativeAllocationGcWatermark: 10531457 java_gc_start_bytes: 17011727 kNewNativeDiscountFactor: 2 kOldNativeDiscountFactor: 65536 old_native_bytes: 86608849 new_native_bytes: 13930888 add_bytes_allowed: 31594371 is_gc_concurrent: 1 target_footprint_: 17142799 GetBytesAllocated: 10318968 HeapGrowthMultiplier: 3
12-21 16:21:40.153  3152  3656 I com.miui.home: CheckGCForNative gc_urgency 0.526861 current_native_bytes is 100539737
12-21 16:21:40.158  3152  3656 I com.miui.home: CheckGCForNative adj_start_bytes: 32808912 NativeAllocationGcWatermark: 10531457 java_gc_start_bytes: 17011727 kNewNativeDiscountFactor: 2 kOldNativeDiscountFactor: 65536 old_native_bytes: 86608849 new_native_bytes: 14327208 add_bytes_allowed: 31594371 is_gc_concurrent: 1 target_footprint_: 17142799 GetBytesAllocated: 10318968 HeapGrowthMultiplier: 3
12-21 16:21:40.158  3152  3656 I com.miui.home: CheckGCForNative gc_urgency 0.532901 current_native_bytes is 100936057
12-21 16:21:40.619  7646  7646 I wm_on_application_create_called: [0,com.autonavi.minimap,895]
12-21 16:21:40.745  7758  7758 I wm_on_application_create_called: [0,com.autonavi.minimap,614]
12-21 16:21:40.794  3152  3656 I com.miui.home: CheckGCForNative adj_start_bytes: 32808912 NativeAllocationGcWatermark: 10531457 java_gc_start_bytes: 17011727 kNewNativeDiscountFactor: 2 kOldNativeDiscountFactor: 65536 old_native_bytes: 86608849 new_native_bytes: 26972520 add_bytes_allowed: 31594371 is_gc_concurrent: 1 target_footprint_: 17142799 GetBytesAllocated: 10828584 HeapGrowthMultiplier: 3
12-21 16:21:40.794  3152  3656 I com.miui.home: CheckGCForNative gc_urgency 0.741145 current_native_bytes is 113581369
12-21 16:21:40.795  3152  3656 I com.miui.home: CheckGCForNative adj_start_bytes: 32808912 NativeAllocationGcWatermark: 10531457 java_gc_start_bytes: 17011727 kNewNativeDiscountFactor: 2 kOldNativeDiscountFactor: 65536 old_native_bytes: 86608849 new_native_bytes: 37678440 add_bytes_allowed: 31594371 is_gc_concurrent: 1 target_footprint_: 17142799 GetBytesAllocated: 10845160 HeapGrowthMultiplier: 3
12-21 16:21:40.795  3152  3656 I com.miui.home: CheckGCForNative gc_urgency 0.904806 current_native_bytes is 124287289
12-21 16:21:40.809  3152  3176 I com.miui.home: CheckGCForNative adj_start_bytes: 32808912 NativeAllocationGcWatermark: 10531457 java_gc_start_bytes: 17011727 kNewNativeDiscountFactor: 2 kOldNativeDiscountFactor: 65536 old_native_bytes: 86608849 new_native_bytes: 37678440 add_bytes_allowed: 31594371 is_gc_concurrent: 1 target_footprint_: 17142799 GetBytesAllocated: 10845160 HeapGrowthMultiplier: 3
12-21 16:21:40.809  3152  3176 I com.miui.home: CheckGCForNative gc_urgency 0.904806 current_native_bytes is 124287289
12-21 16:21:40.809  3152  3176 I com.miui.home: CheckGCForNative adj_start_bytes: 32808912 NativeAllocationGcWatermark: 10531457 java_gc_start_bytes: 17011727 kNewNativeDiscountFactor: 2 kOldNativeDiscountFactor: 65536 old_native_bytes: 86608849 new_native_bytes: 48384360 add_bytes_allowed: 31594371 is_gc_concurrent: 1 target_footprint_: 17142799 GetBytesAllocated: 10861736 HeapGrowthMultiplier: 3
12-21 16:21:40.810  3152  3176 I com.miui.home: CheckGCForNative gc_urgency 1.06847 current_native_bytes is 134993209
12-21 16:21:40.810  3152  3176 I com.miui.home: CheckGCForNative requested 1
12-21 16:21:40.814  3152  3176 I com.miui.home: CheckGCForNative adj_start_bytes: 32808912 NativeAllocationGcWatermark: 10531457 java_gc_start_bytes: 17011727 kNewNativeDiscountFactor: 2 kOldNativeDiscountFactor: 65536 old_native_bytes: 86608849 new_native_bytes: 48391464 add_bytes_allowed: 31594371 is_gc_concurrent: 1 target_footprint_: 17142799 GetBytesAllocated: 10894552 HeapGrowthMultiplier: 3
12-21 16:21:40.814  3152  3176 I com.miui.home: CheckGCForNative gc_urgency 1.06958 current_native_bytes is 135000313
12-21 16:21:40.814  3152  3176 I com.miui.home: CheckGCForNative requested 1
12-21 16:21:40.887  3152  3656 I com.miui.home: CheckGCForNative adj_start_bytes: 32808912 NativeAllocationGcWatermark: 10531457 java_gc_start_bytes: 17011727 kNewNativeDiscountFactor: 2 kOldNativeDiscountFactor: 65536 old_native_bytes: 86608849 new_native_bytes: 48419064 add_bytes_allowed: 31594371 is_gc_concurrent: 1 target_footprint_: 17142799 GetBytesAllocated: 10943896 HeapGrowthMultiplier: 3
12-21 16:21:40.887  3152  3656 I com.miui.home: CheckGCForNative gc_urgency 1.0715 current_native_bytes is 135027913
12-21 16:21:40.887  3152  3656 I com.miui.home: CheckGCForNative requested 1
12-21 16:21:40.888  3152  3656 I com.miui.home: CheckGCForNative adj_start_bytes: 32808912 NativeAllocationGcWatermark: 10531457 java_gc_start_bytes: 17011727 kNewNativeDiscountFactor: 2 kOldNativeDiscountFactor: 65536 old_native_bytes: 86608849 new_native_bytes: 59124984 add_bytes_allowed: 31594371 is_gc_concurrent: 1 target_footprint_: 17142799 GetBytesAllocated: 10960472 HeapGrowthMultiplier: 3
12-21 16:21:40.888  3152  3656 I com.miui.home: CheckGCForNative gc_urgency 1.23516 current_native_bytes is 145733833
12-21 16:21:40.888  3152  3656 I com.miui.home: CheckGCForNative requested 1
12-21 16:21:40.924  3152  3656 I com.miui.home: CheckGCForNative adj_start_bytes: 32808912 NativeAllocationGcWatermark: 10531457 java_gc_start_bytes: 17011727 kNewNativeDiscountFactor: 2 kOldNativeDiscountFactor: 65536 old_native_bytes: 86608849 new_native_bytes: 48554712 add_bytes_allowed: 31594371 is_gc_concurrent: 1 target_footprint_: 17142799 GetBytesAllocated: 11141528 HeapGrowthMultiplier: 3
12-21 16:21:40.924  3152  3656 I com.miui.home: CheckGCForNative gc_urgency 1.07959 current_native_bytes is 135163561
12-21 16:21:40.924  3152  3656 I com.miui.home: CheckGCForNative requested 1
12-21 16:21:40.950  7646  7646 I wm_on_create_called: [0,199648173,com.autonavi.map.activity.SplashActivity,performCreate,310]
12-21 16:21:41.001  3152  3170 I com.miui.home: NativeAlloc concurrent copying GC freed 30786(1900KB) AllocSpace objects, 11(284KB) LOS objects, 49% free, 8903KB/17MB, paused 139us,204us total 184.616ms
12-21 16:21:41.018  3152  3656 I com.miui.home: CheckGCForNative gc_urgency 0 current_native_bytes is 118931717
12-21 16:21:41.034  3152  3656 I com.miui.home: CheckGCForNative gc_urgency 0 current_native_bytes is 116695965
12-21 16:21:41.040  3152  3656 I com.miui.home: CheckGCForNative adj_start_bytes: 33793721 NativeAllocationGcWatermark: 10667997 java_gc_start_bytes: 17791726 kNewNativeDiscountFactor: 2 kOldNativeDiscountFactor: 65536 old_native_bytes: 116695965 new_native_bytes: 397248 add_bytes_allowed: 32003991 is_gc_concurrent: 1 target_footprint_: 18235118 GetBytesAllocated: 9199688 HeapGrowthMultiplier: 3
12-21 16:21:41.040  3152  3656 I com.miui.home: CheckGCForNative gc_urgency 0.278161 current_native_bytes is 117093213
12-21 16:21:41.056  3152  3656 I com.miui.home: CheckGCForNative adj_start_bytes: 33793721 NativeAllocationGcWatermark: 10667997 java_gc_start_bytes: 17791726 kNewNativeDiscountFactor: 2 kOldNativeDiscountFactor: 65536 old_native_bytes: 116695965 new_native_bytes: 942680 add_bytes_allowed: 32003991 is_gc_concurrent: 1 target_footprint_: 18235118 GetBytesAllocated: 9232664 HeapGrowthMultiplier: 3
12-21 16:21:41.056  3152  3656 I com.miui.home: CheckGCForNative gc_urgency 0.287207 current_native_bytes is 117638645
12-21 16:21:41.063  3152  3656 I com.miui.home: CheckGCForNative adj_start_bytes: 33793721 NativeAllocationGcWatermark: 10667997 java_gc_start_bytes: 17791726 kNewNativeDiscountFactor: 2 kOldNativeDiscountFactor: 65536 old_native_bytes: 116695965 new_native_bytes: 1475032 add_bytes_allowed: 32003991 is_gc_concurrent: 1 target_footprint_: 18235118 GetBytesAllocated: 9265608 HeapGrowthMultiplier: 3
12-21 16:21:41.064  3152  3656 I com.miui.home: CheckGCForNative gc_urgency 0.296058 current_native_bytes is 118170997
12-21 16:21:41.071  3152  3656 I com.miui.home: CheckGCForNative adj_start_bytes: 33793721 NativeAllocationGcWatermark: 10667997 java_gc_start_bytes: 17791726 kNewNativeDiscountFactor: 2 kOldNativeDiscountFactor: 65536 old_native_bytes: 116695965 new_native_bytes: 1871928 add_bytes_allowed: 32003991 is_gc_concurrent: 1 target_footprint_: 18235118 GetBytesAllocated: 9265608 HeapGrowthMultiplier: 3
12-21 16:21:41.071  3152  3656 I com.miui.home: CheckGCForNative gc_urgency 0.30193 current_native_bytes is 118567893
12-21 16:21:41.143  3152  3656 I com.miui.home: CheckGCForNative adj_start_bytes: 33793721 NativeAllocationGcWatermark: 10667997 java_gc_start_bytes: 17791726 kNewNativeDiscountFactor: 2 kOldNativeDiscountFactor: 65536 old_native_bytes: 116695965 new_native_bytes: 14446212 add_bytes_allowed: 32003991 is_gc_concurrent: 1 target_footprint_: 18235118 GetBytesAllocated: 9479928 HeapGrowthMultiplier: 3
12-21 16:21:41.143  3152  3656 I com.miui.home: CheckGCForNative gc_urgency 0.494317 current_native_bytes is 131142177
12-21 16:21:41.145  3152  3656 I com.miui.home: CheckGCForNative adj_start_bytes: 33793721 NativeAllocationGcWatermark: 10667997 java_gc_start_bytes: 17791726 kNewNativeDiscountFactor: 2 kOldNativeDiscountFactor: 65536 old_native_bytes: 116695965 new_native_bytes: 25152132 add_bytes_allowed: 32003991 is_gc_concurrent: 1 target_footprint_: 18235118 GetBytesAllocated: 9496504 HeapGrowthMultiplier: 3
12-21 16:21:41.145  3152  3656 I com.miui.home: CheckGCForNative gc_urgency 0.653209 current_native_bytes is 141848097
12-21 16:21:41.149  7646  7646 I wm_on_create_called: [0,249024638,com.autonavi.map.activity.NewMapActivity,performCreate,125]
12-21 16:21:41.158  3152  3301 I com.miui.home: CheckGCForNative adj_start_bytes: 33793721 NativeAllocationGcWatermark: 10667997 java_gc_start_bytes: 17791726 kNewNativeDiscountFactor: 2 kOldNativeDiscountFactor: 65536 old_native_bytes: 116695965 new_native_bytes: 14448324 add_bytes_allowed: 32003991 is_gc_concurrent: 1 target_footprint_: 18235118 GetBytesAllocated: 9545720 HeapGrowthMultiplier: 3
12-21 16:21:41.158  3152  3301 I com.miui.home: CheckGCForNative gc_urgency 0.496295 current_native_bytes is 131144289
12-21 16:21:41.190  7646  7646 I wm_on_start_called: [0,249024638,com.autonavi.map.activity.NewMapActivity,handleStartActivity,41]
12-21 16:21:41.204  7646  7646 I wm_on_resume_called: [0,249024638,com.autonavi.map.activity.NewMapActivity,RESUME_ACTIVITY,13]
12-21 16:21:41.237  3152  3656 I com.miui.home: CheckGCForNative adj_start_bytes: 33793721 NativeAllocationGcWatermark: 10667997 java_gc_start_bytes: 17791726 kNewNativeDiscountFactor: 2 kOldNativeDiscountFactor: 65536 old_native_bytes: 116695965 new_native_bytes: 14787972 add_bytes_allowed: 32003991 is_gc_concurrent: 1 target_footprint_: 18235118 GetBytesAllocated: 9824344 HeapGrowthMultiplier: 3
12-21 16:21:41.237  3152  3656 I com.miui.home: CheckGCForNative gc_urgency 0.509565 current_native_bytes is 131483937
12-21 16:21:41.242  7646  7646 I wm_on_top_resumed_gained_called: [249024638,com.autonavi.map.activity.NewMapActivity,topStateChangedWhenResumed]
12-21 16:21:41.295  3152  3656 I com.miui.home: CheckGCForNative adj_start_bytes: 33793721 NativeAllocationGcWatermark: 10667997 java_gc_start_bytes: 17791726 kNewNativeDiscountFactor: 2 kOldNativeDiscountFactor: 65536 old_native_bytes: 116695965 new_native_bytes: 25710456 add_bytes_allowed: 32003991 is_gc_concurrent: 1 target_footprint_: 18235118 GetBytesAllocated: 10020952 HeapGrowthMultiplier: 3
12-21 16:21:41.295  3152  3656 I com.miui.home: CheckGCForNative gc_urgency 0.676988 current_native_bytes is 142406421
12-21 16:21:41.521  3152  8071 I com.miui.home: CheckGCForNative adj_start_bytes: 33793721 NativeAllocationGcWatermark: 10667997 java_gc_start_bytes: 17791726 kNewNativeDiscountFactor: 2 kOldNativeDiscountFactor: 65536 old_native_bytes: 116695965 new_native_bytes: 15117864 add_bytes_allowed: 32003991 is_gc_concurrent: 1 target_footprint_: 18235118 GetBytesAllocated: 10464360 HeapGrowthMultiplier: 3
12-21 16:21:41.521  3152  8071 I com.miui.home: CheckGCForNative gc_urgency 0.533385 current_native_bytes is 131813829
12-21 16:21:41.600  3152  3656 I com.miui.home: CheckGCForNative adj_start_bytes: 33793721 NativeAllocationGcWatermark: 10667997 java_gc_start_bytes: 17791726 kNewNativeDiscountFactor: 2 kOldNativeDiscountFactor: 65536 old_native_bytes: 116695965 new_native_bytes: 15251880 add_bytes_allowed: 32003991 is_gc_concurrent: 1 target_footprint_: 18235118 GetBytesAllocated: 10808520 HeapGrowthMultiplier: 3
12-21 16:21:41.602  3152  3656 I com.miui.home: CheckGCForNative gc_urgency 0.545552 current_native_bytes is 131947845
12-21 16:21:41.643  3152  3656 I com.miui.home: CheckGCForNative adj_start_bytes: 33793721 NativeAllocationGcWatermark: 10667997 java_gc_start_bytes: 17791726 kNewNativeDiscountFactor: 2 kOldNativeDiscountFactor: 65536 old_native_bytes: 116695965 new_native_bytes: 26001052 add_bytes_allowed: 32003991 is_gc_concurrent: 1 target_footprint_: 18235118 GetBytesAllocated: 10923208 HeapGrowthMultiplier: 3
12-21 16:21:41.643  3152  3656 I com.miui.home: CheckGCForNative gc_urgency 0.707987 current_native_bytes is 142697017
12-21 16:21:41.683  3152  3656 I com.miui.home: CheckGCForNative adj_start_bytes: 33793721 NativeAllocationGcWatermark: 10667997 java_gc_start_bytes: 17791726 kNewNativeDiscountFactor: 2 kOldNativeDiscountFactor: 65536 old_native_bytes: 116695965 new_native_bytes: 15434268 add_bytes_allowed: 32003991 is_gc_concurrent: 1 target_footprint_: 18235118 GetBytesAllocated: 11136488 HeapGrowthMultiplier: 3
12-21 16:21:41.684  3152  3656 I com.miui.home: CheckGCForNative gc_urgency 0.557956 current_native_bytes is 132130233
12-21 16:21:41.773  7646  7646 I wm_on_top_resumed_lost_called: [249024638,com.autonavi.map.activity.NewMapActivity,topStateChangedWhenResumed]
12-21 16:21:41.784  7646  7646 I wm_on_paused_called: [0,249024638,com.autonavi.map.activity.NewMapActivity,performPause,1]
12-21 16:21:41.789  3152  8071 I com.miui.home: CheckGCForNative adj_start_bytes: 33793721 NativeAllocationGcWatermark: 10667997 java_gc_start_bytes: 17791726 kNewNativeDiscountFactor: 2 kOldNativeDiscountFactor: 65536 old_native_bytes: 116695965 new_native_bytes: 15637712 add_bytes_allowed: 32003991 is_gc_concurrent: 1 target_footprint_: 18235118 GetBytesAllocated: 11365864 HeapGrowthMultiplier: 3
12-21 16:21:41.789  3152  8071 I com.miui.home: CheckGCForNative gc_urgency 0.567753 current_native_bytes is 132333677
12-21 16:21:41.818  3152  3293 I com.miui.home: CheckGCForNative adj_start_bytes: 33793721 NativeAllocationGcWatermark: 10667997 java_gc_start_bytes: 17791726 kNewNativeDiscountFactor: 2 kOldNativeDiscountFactor: 65536 old_native_bytes: 116695965 new_native_bytes: 15773808 add_bytes_allowed: 32003991 is_gc_concurrent: 1 target_footprint_: 18235118 GetBytesAllocated: 11464168 HeapGrowthMultiplier: 3
12-21 16:21:41.818  3152  3293 I com.miui.home: CheckGCForNative gc_urgency 0.572676 current_native_bytes is 132469773
12-21 16:21:41.825  3152  3152 I wm_on_resume_called: [0,127359627,com.miui.home.launcher.Launcher,RESUME_ACTIVITY,15]
12-21 16:21:41.825  3152  3152 I wm_on_top_resumed_gained_called: [127359627,com.miui.home.launcher.Launcher,topWhenResuming]
12-21 16:21:41.826  3152  3152 I wm_on_idle_called: com.miui.home.launcher.Launcher
12-21 16:21:41.996  3152  3152 I wm_on_top_resumed_lost_called: [127359627,com.miui.home.launcher.Launcher,topStateChangedWhenResumed]
12-21 16:21:42.000  3152  3152 I wm_on_paused_called: [0,127359627,com.miui.home.launcher.Launcher,performPause,1]
12-21 16:21:42.111  3152  3656 I com.miui.home: CheckGCForNative adj_start_bytes: 33793721 NativeAllocationGcWatermark: 10667997 java_gc_start_bytes: 17791726 kNewNativeDiscountFactor: 2 kOldNativeDiscountFactor: 65536 old_native_bytes: 116695965 new_native_bytes: 16011092 add_bytes_allowed: 32003991 is_gc_concurrent: 1 target_footprint_: 18235118 GetBytesAllocated: 12956568 HeapGrowthMultiplier: 3
12-21 16:21:42.112  3152  3656 I com.miui.home: CheckGCForNative gc_urgency 0.620349 current_native_bytes is 132707057
12-21 16:21:42.199  3152  3656 I com.miui.home: CheckGCForNative adj_start_bytes: 33793721 NativeAllocationGcWatermark: 10667997 java_gc_start_bytes: 17791726 kNewNativeDiscountFactor: 2 kOldNativeDiscountFactor: 65536 old_native_bytes: 116695965 new_native_bytes: 16154152 add_bytes_allowed: 32003991 is_gc_concurrent: 1 target_footprint_: 18235118 GetBytesAllocated: 13333560 HeapGrowthMultiplier: 3
12-21 16:21:42.199  3152  3656 I com.miui.home: CheckGCForNative gc_urgency 0.633621 current_native_bytes is 132850117
12-21 16:21:42.275  3152  3656 I com.miui.home: CheckGCForNative adj_start_bytes: 33793721 NativeAllocationGcWatermark: 10667997 java_gc_start_bytes: 17791726 kNewNativeDiscountFactor: 2 kOldNativeDiscountFactor: 65536 old_native_bytes: 116695965 new_native_bytes: 16367984 add_bytes_allowed: 32003991 is_gc_concurrent: 1 target_footprint_: 18235118 GetBytesAllocated: 13546616 HeapGrowthMultiplier: 3
12-21 16:21:42.284  3152  3656 I com.miui.home: CheckGCForNative gc_urgency 0.64309 current_native_bytes is 133063949
12-21 16:21:42.339  8089  8089 I wm_on_application_create_called: [0,com.android.settings,208]
12-21 16:21:42.622  8139  8139 I wm_on_create_called: [0,142382967,fm.qingting.qtradio.WelcomeActivity,performCreate,96]
12-21 16:21:42.623  8139  8139 I wm_on_start_called: [0,142382967,fm.qingting.qtradio.WelcomeActivity,handleStartActivity,0]
12-21 16:21:42.625  8139  8139 I wm_on_resume_called: [0,142382967,fm.qingting.qtradio.WelcomeActivity,RESUME_ACTIVITY,1]
12-21 16:21:42.639  8139  8139 I wm_on_top_resumed_gained_called: [142382967,fm.qingting.qtradio.WelcomeActivity,topStateChangedWhenResumed]
12-21 16:21:42.905  3152  3152 I wm_on_stop_called: [0,127359627,com.miui.home.launcher.Launcher,STOP_ACTIVITY_ITEM,2]
12-21 16:21:43.226  8139  8139 I wm_on_idle_called: fm.qingting.qtradio.WelcomeActivity
12-21 16:21:43.589  3152  3152 I wm_on_restart_called: [0,127359627,com.miui.home.launcher.Launcher,performRestartActivity,0]
12-21 16:21:43.590  3152  3152 I wm_on_start_called: [0,127359627,com.miui.home.launcher.Launcher,handleStartActivity,1]
12-21 16:21:43.645  3152  3176 I com.miui.home: CheckGCForNative adj_start_bytes: 33793721 NativeAllocationGcWatermark: 10667997 java_gc_start_bytes: 17791726 kNewNativeDiscountFactor: 2 kOldNativeDiscountFactor: 65536 old_native_bytes: 116695965 new_native_bytes: 27190604 add_bytes_allowed: 32003991 is_gc_concurrent: 1 target_footprint_: 18235118 GetBytesAllocated: 14177944 HeapGrowthMultiplier: 3
12-21 16:21:43.645  3152  3176 I com.miui.home: CheckGCForNative gc_urgency 0.821899 current_native_bytes is 143886569
12-21 16:21:43.646  3152  3176 I com.miui.home: CheckGCForNative adj_start_bytes: 33793721 NativeAllocationGcWatermark: 10667997 java_gc_start_bytes: 17791726 kNewNativeDiscountFactor: 2 kOldNativeDiscountFactor: 65536 old_native_bytes: 116695965 new_native_bytes: 37896524 add_bytes_allowed: 32003991 is_gc_concurrent: 1 target_footprint_: 18235118 GetBytesAllocated: 14194520 HeapGrowthMultiplier: 3
12-21 16:21:43.657  3152  3176 I com.miui.home: CheckGCForNative gc_urgency 0.980791 current_native_bytes is 154592489
12-21 16:21:43.665  3152  3176 I com.miui.home: CheckGCForNative adj_start_bytes: 33793721 NativeAllocationGcWatermark: 10667997 java_gc_start_bytes: 17791726 kNewNativeDiscountFactor: 2 kOldNativeDiscountFactor: 65536 old_native_bytes: 116695965 new_native_bytes: 37897100 add_bytes_allowed: 32003991 is_gc_concurrent: 1 target_footprint_: 18235118 GetBytesAllocated: 14194520 HeapGrowthMultiplier: 3
12-21 16:21:43.665  3152  3176 I com.miui.home: CheckGCForNative gc_urgency 0.980799 current_native_bytes is 154593065
12-21 16:21:43.785  3152  3301 I com.miui.home: CheckGCForNative adj_start_bytes: 33793721 NativeAllocationGcWatermark: 10667997 java_gc_start_bytes: 17791726 kNewNativeDiscountFactor: 2 kOldNativeDiscountFactor: 65536 old_native_bytes: 116695965 new_native_bytes: 27093884 add_bytes_allowed: 32003991 is_gc_concurrent: 1 target_footprint_: 18235118 GetBytesAllocated: 14342168 HeapGrowthMultiplier: 3
12-21 16:21:43.785  3152  3301 I com.miui.home: CheckGCForNative gc_urgency 0.825328 current_native_bytes is 143789849
12-21 16:21:43.896  3152  3301 I com.miui.home: CheckGCForNative adj_start_bytes: 33793721 NativeAllocationGcWatermark: 10667997 java_gc_start_bytes: 17791726 kNewNativeDiscountFactor: 2 kOldNativeDiscountFactor: 65536 old_native_bytes: 116695965 new_native_bytes: 27103580 add_bytes_allowed: 32003991 is_gc_concurrent: 1 target_footprint_: 18235118 GetBytesAllocated: 14391320 HeapGrowthMultiplier: 3
12-21 16:21:43.896  3152  3301 I com.miui.home: CheckGCForNative gc_urgency 0.826926 current_native_bytes is 143799545
12-21 16:21:44.141  3152  3301 I com.miui.home: CheckGCForNative adj_start_bytes: 33793721 NativeAllocationGcWatermark: 10667997 java_gc_start_bytes: 17791726 kNewNativeDiscountFactor: 2 kOldNativeDiscountFactor: 65536 old_native_bytes: 116695965 new_native_bytes: 27117692 add_bytes_allowed: 32003991 is_gc_concurrent: 1 target_footprint_: 18235118 GetBytesAllocated: 14506008 HeapGrowthMultiplier: 3
12-21 16:21:44.141  3152  3301 I com.miui.home: CheckGCForNative gc_urgency 0.830528 current_native_bytes is 143813657
12-21 16:21:44.205  8139  8139 I wm_on_top_resumed_lost_called: [142382967,fm.qingting.qtradio.WelcomeActivity,topStateChangedWhenResumed]
12-21 16:21:44.218  3152  3152 I wm_on_resume_called: [0,127359627,com.miui.home.launcher.Launcher,RESUME_ACTIVITY,5]
12-21 16:21:44.219  3152  3152 I wm_on_idle_called: com.miui.home.launcher.Launcher
12-21 16:21:44.254  8139  8139 I wm_on_paused_called: [0,142382967,fm.qingting.qtradio.WelcomeActivity,performPause,1]
12-21 16:21:44.263  3152  3152 I wm_on_top_resumed_gained_called: [127359627,com.miui.home.launcher.Launcher,topStateChangedWhenResumed]
12-21 16:21:44.274  8139  8139 I wm_on_stop_called: [0,142382967,fm.qingting.qtradio.WelcomeActivity,STOP_ACTIVITY_ITEM,6]
12-21 16:21:44.356  3152  3656 I com.miui.home: CheckGCForNative adj_start_bytes: 33793721 NativeAllocationGcWatermark: 10667997 java_gc_start_bytes: 17791726 kNewNativeDiscountFactor: 2 kOldNativeDiscountFactor: 65536 old_native_bytes: 116695965 new_native_bytes: 27429868 add_bytes_allowed: 32003991 is_gc_concurrent: 1 target_footprint_: 18235118 GetBytesAllocated: 15604664 HeapGrowthMultiplier: 3
12-21 16:21:44.356  3152  3656 I com.miui.home: CheckGCForNative gc_urgency 0.867658 current_native_bytes is 144125833
12-21 16:21:44.366  3152  3656 I com.miui.home: CheckGCForNative adj_start_bytes: 33793721 NativeAllocationGcWatermark: 10667997 java_gc_start_bytes: 17791726 kNewNativeDiscountFactor: 2 kOldNativeDiscountFactor: 65536 old_native_bytes: 116695965 new_native_bytes: 38211584 add_bytes_allowed: 32003991 is_gc_concurrent: 1 target_footprint_: 18235118 GetBytesAllocated: 15719352 HeapGrowthMultiplier: 3
12-21 16:21:44.366  3152  3656 I com.miui.home: CheckGCForNative gc_urgency 1.03057 current_native_bytes is 154907549
12-21 16:21:44.366  3152  3656 I com.miui.home: CheckGCForNative requested 1
12-21 16:21:44.379  3152  3656 I com.miui.home: CheckGCForNative adj_start_bytes: 33793721 NativeAllocationGcWatermark: 10667997 java_gc_start_bytes: 17791726 kNewNativeDiscountFactor: 2 kOldNativeDiscountFactor: 65536 old_native_bytes: 116695965 new_native_bytes: 27685120 add_bytes_allowed: 32003991 is_gc_concurrent: 1 target_footprint_: 18235118 GetBytesAllocated: 15949080 HeapGrowthMultiplier: 3
12-21 16:21:44.379  3152  3656 I com.miui.home: CheckGCForNative gc_urgency 0.881626 current_native_bytes is 144381085
12-21 16:21:44.642  3152  3152 I wm_on_top_resumed_lost_called: [127359627,com.miui.home.launcher.Launcher,topStateChangedWhenResumed]
12-21 16:21:44.643  3152  3293 I com.miui.home: CheckGCForNative gc_urgency 0 current_native_bytes is 129781393
12-21 16:21:44.645  3152  3152 I wm_on_paused_called: [0,127359627,com.miui.home.launcher.Launcher,performPause,0]
12-21 16:21:44.761  3152  3656 I com.miui.home: CheckGCForNative adj_start_bytes: 33908755 NativeAllocationGcWatermark: 10680035 java_gc_start_bytes: 17888703 kNewNativeDiscountFactor: 2 kOldNativeDiscountFactor: 65536 old_native_bytes: 129781393 new_native_bytes: 1956876 add_bytes_allowed: 32040105 is_gc_concurrent: 1 target_footprint_: 18331423 GetBytesAllocated: 10116560 HeapGrowthMultiplier: 3
12-21 16:21:44.761  3152  3656 I com.miui.home: CheckGCForNative gc_urgency 0.32726 current_native_bytes is 131738269
12-21 16:21:44.763  3152  3301 I com.miui.home: CheckGCForNative adj_start_bytes: 33908755 NativeAllocationGcWatermark: 10680035 java_gc_start_bytes: 17888703 kNewNativeDiscountFactor: 2 kOldNativeDiscountFactor: 65536 old_native_bytes: 129781393 new_native_bytes: 1958092 add_bytes_allowed: 32040105 is_gc_concurrent: 1 target_footprint_: 18331423 GetBytesAllocated: 10116560 HeapGrowthMultiplier: 3
12-21 16:21:44.763  3152  3301 I com.miui.home: CheckGCForNative gc_urgency 0.327278 current_native_bytes is 131739485
12-21 16:21:44.849  3152  3656 I com.miui.home: CheckGCForNative adj_start_bytes: 33908755 NativeAllocationGcWatermark: 10680035 java_gc_start_bytes: 17888703 kNewNativeDiscountFactor: 2 kOldNativeDiscountFactor: 65536 old_native_bytes: 129781393 new_native_bytes: 2941600 add_bytes_allowed: 32040105 is_gc_concurrent: 1 target_footprint_: 18331423 GetBytesAllocated: 10665824 HeapGrowthMultiplier: 3
12-21 16:21:44.850  3152  3656 I com.miui.home: CheckGCForNative gc_urgency 0.357978 current_native_bytes is 132722993
12-21 16:21:44.872  3152  3656 I com.miui.home: CheckGCForNative adj_start_bytes: 33908755 NativeAllocationGcWatermark: 10680035 java_gc_start_bytes: 17888703 kNewNativeDiscountFactor: 2 kOldNativeDiscountFactor: 65536 old_native_bytes: 129781393 new_native_bytes: 2852512 add_bytes_allowed: 32040105 is_gc_concurrent: 1 target_footprint_: 18331423 GetBytesAllocated: 10862432 HeapGrowthMultiplier: 3
12-21 16:21:44.872  3152  3656 I com.miui.home: CheckGCForNative gc_urgency 0.362463 current_native_bytes is 132633905
12-21 16:21:44.907  3152  3301 I com.miui.home: CheckGCForNative adj_start_bytes: 33908755 NativeAllocationGcWatermark: 10680035 java_gc_start_bytes: 17888703 kNewNativeDiscountFactor: 2 kOldNativeDiscountFactor: 65536 old_native_bytes: 129781393 new_native_bytes: 2865952 add_bytes_allowed: 32040105 is_gc_concurrent: 1 target_footprint_: 18331423 GetBytesAllocated: 10944352 HeapGrowthMultiplier: 3
12-21 16:21:44.908  3152  3301 I com.miui.home: CheckGCForNative gc_urgency 0.365077 current_native_bytes is 132647345
12-21 16:21:45.980  8431  8431 I wm_on_application_create_called: [0,com.ss.android.ugc.aweme,612]
12-21 16:21:46.226  3152  4252 I com.miui.home: CheckGCForNative adj_start_bytes: 33908755 NativeAllocationGcWatermark: 10680035 java_gc_start_bytes: 17888703 kNewNativeDiscountFactor: 2 kOldNativeDiscountFactor: 65536 old_native_bytes: 129781393 new_native_bytes: 13580324 add_bytes_allowed: 32040105 is_gc_concurrent: 1 target_footprint_: 18331423 GetBytesAllocated: 11501856 HeapGrowthMultiplier: 3
12-21 16:21:46.226  3152  4252 I com.miui.home: CheckGCForNative gc_urgency 0.539507 current_native_bytes is 143361717
12-21 16:21:46.227  3152  4252 I com.miui.home: CheckGCForNative adj_start_bytes: 33908755 NativeAllocationGcWatermark: 10680035 java_gc_start_bytes: 17888703 kNewNativeDiscountFactor: 2 kOldNativeDiscountFactor: 65536 old_native_bytes: 129781393 new_native_bytes: 24287780 add_bytes_allowed: 32040105 is_gc_concurrent: 1 target_footprint_: 18331423 GetBytesAllocated: 11502048 HeapGrowthMultiplier: 3
12-21 16:21:46.227  3152  4252 I com.miui.home: CheckGCForNative gc_urgency 0.697399 current_native_bytes is 154069173
12-21 16:21:46.283  3152  3565 I com.miui.home: CheckGCForNative adj_start_bytes: 33908755 NativeAllocationGcWatermark: 10680035 java_gc_start_bytes: 17888703 kNewNativeDiscountFactor: 2 kOldNativeDiscountFactor: 65536 old_native_bytes: 129781393 new_native_bytes: 24305364 add_bytes_allowed: 32040105 is_gc_concurrent: 1 target_footprint_: 18331423 GetBytesAllocated: 11600352 HeapGrowthMultiplier: 3
12-21 16:21:46.283  3152  3565 I com.miui.home: CheckGCForNative gc_urgency 0.700557 current_native_bytes is 154086757
12-21 16:21:46.430  3152  3301 I com.miui.home: CheckGCForNative adj_start_bytes: 33908755 NativeAllocationGcWatermark: 10680035 java_gc_start_bytes: 17888703 kNewNativeDiscountFactor: 2 kOldNativeDiscountFactor: 65536 old_native_bytes: 129781393 new_native_bytes: 13633372 add_bytes_allowed: 32040105 is_gc_concurrent: 1 target_footprint_: 18331423 GetBytesAllocated: 11715296 HeapGrowthMultiplier: 3
12-21 16:21:46.430  3152  3301 I com.miui.home: CheckGCForNative gc_urgency 0.546583 current_native_bytes is 143414765
12-21 16:21:46.759  3152  3152 I wm_on_resume_called: [0,127359627,com.miui.home.launcher.Launcher,RESUME_ACTIVITY,5]
12-21 16:21:46.760  3152  3152 I wm_on_idle_called: com.miui.home.launcher.Launcher
12-21 16:21:46.819  8431  8431 I wm_on_create_called: [0,23438173,com.ss.android.ugc.aweme.splash.SplashActivity,performCreate,741]
12-21 16:21:46.891  3152  3656 I com.miui.home: CheckGCForNative adj_start_bytes: 33908755 NativeAllocationGcWatermark: 10680035 java_gc_start_bytes: 17888703 kNewNativeDiscountFactor: 2 kOldNativeDiscountFactor: 65536 old_native_bytes: 129781393 new_native_bytes: 13742768 add_bytes_allowed: 32040105 is_gc_concurrent: 1 target_footprint_: 18331423 GetBytesAllocated: 12855136 HeapGrowthMultiplier: 3
12-21 16:21:46.891  3152  3656 I com.miui.home: CheckGCForNative gc_urgency 0.581811 current_native_bytes is 143524161
12-21 16:21:46.907  3152  3656 I com.miui.home: CheckGCForNative adj_start_bytes: 33908755 NativeAllocationGcWatermark: 10680035 java_gc_start_bytes: 17888703 kNewNativeDiscountFactor: 2 kOldNativeDiscountFactor: 65536 old_native_bytes: 129781393 new_native_bytes: 14019152 add_bytes_allowed: 32040105 is_gc_concurrent: 1 target_footprint_: 18331423 GetBytesAllocated: 13068128 HeapGrowthMultiplier: 3
12-21 16:21:46.907  3152  3656 I com.miui.home: CheckGCForNative gc_urgency 0.592168 current_native_bytes is 143800545
12-21 16:21:46.913  3152  3656 I com.miui.home: CheckGCForNative adj_start_bytes: 33908755 NativeAllocationGcWatermark: 10680035 java_gc_start_bytes: 17888703 kNewNativeDiscountFactor: 2 kOldNativeDiscountFactor: 65536 old_native_bytes: 129781393 new_native_bytes: 24723216 add_bytes_allowed: 32040105 is_gc_concurrent: 1 target_footprint_: 18331423 GetBytesAllocated: 13150048 HeapGrowthMultiplier: 3
12-21 16:21:46.913  3152  3656 I com.miui.home: CheckGCForNative gc_urgency 0.75242 current_native_bytes is 154504609
12-21 16:21:46.936  3152  3656 I com.miui.home: CheckGCForNative adj_start_bytes: 33908755 NativeAllocationGcWatermark: 10680035 java_gc_start_bytes: 17888703 kNewNativeDiscountFactor: 2 kOldNativeDiscountFactor: 65536 old_native_bytes: 129781393 new_native_bytes: 14310340 add_bytes_allowed: 32040105 is_gc_concurrent: 1 target_footprint_: 18331423 GetBytesAllocated: 13429008 HeapGrowthMultiplier: 3
12-21 16:21:46.936  3152  3656 I com.miui.home: CheckGCForNative gc_urgency 0.607104 current_native_bytes is 144091733
12-21 16:21:47.008  3152  3152 I com.miui.home: CheckGCForNative adj_start_bytes: 33908755 NativeAllocationGcWatermark: 10680035 java_gc_start_bytes: 17888703 kNewNativeDiscountFactor: 2 kOldNativeDiscountFactor: 65536 old_native_bytes: 129781393 new_native_bytes: 14402648 add_bytes_allowed: 32040105 is_gc_concurrent: 1 target_footprint_: 18331423 GetBytesAllocated: 13691152 HeapGrowthMultiplier: 3
12-21 16:21:47.008  3152  3152 I com.miui.home: CheckGCForNative gc_urgency 0.616196 current_native_bytes is 144184041
12-21 16:21:47.035  3152  3152 I wm_on_paused_called: [0,127359627,com.miui.home.launcher.Launcher,performPause,0]
12-21 16:21:47.105  3152  3656 I com.miui.home: CheckGCForNative adj_start_bytes: 33908755 NativeAllocationGcWatermark: 10680035 java_gc_start_bytes: 17888703 kNewNativeDiscountFactor: 2 kOldNativeDiscountFactor: 65536 old_native_bytes: 129781393 new_native_bytes: 14537564 add_bytes_allowed: 32040105 is_gc_concurrent: 1 target_footprint_: 18331423 GetBytesAllocated: 14051968 HeapGrowthMultiplier: 3
12-21 16:21:47.105  3152  3656 I com.miui.home: CheckGCForNative gc_urgency 0.628827 current_native_bytes is 144318957
12-21 16:21:47.153  3152  3656 I com.miui.home: CheckGCForNative adj_start_bytes: 33908755 NativeAllocationGcWatermark: 10680035 java_gc_start_bytes: 17888703 kNewNativeDiscountFactor: 2 kOldNativeDiscountFactor: 65536 old_native_bytes: 129781393 new_native_bytes: 14819636 add_bytes_allowed: 32040105 is_gc_concurrent: 1 target_footprint_: 18331423 GetBytesAllocated: 14379712 HeapGrowthMultiplier: 3
12-21 16:21:47.153  3152  3656 I com.miui.home: CheckGCForNative gc_urgency 0.642651 current_native_bytes is 144601029
12-21 16:21:47.242  3152  3656 I com.miui.home: CheckGCForNative adj_start_bytes: 33908755 NativeAllocationGcWatermark: 10680035 java_gc_start_bytes: 17888703 kNewNativeDiscountFactor: 2 kOldNativeDiscountFactor: 65536 old_native_bytes: 129781393 new_native_bytes: 15455304 add_bytes_allowed: 32040105 is_gc_concurrent: 1 target_footprint_: 18331423 GetBytesAllocated: 14879760 HeapGrowthMultiplier: 3
12-21 16:21:47.242  3152  3656 I com.miui.home: CheckGCForNative gc_urgency 0.666771 current_native_bytes is 145236697
12-21 16:21:47.269  3152  3656 I com.miui.home: CheckGCForNative adj_start_bytes: 33908755 NativeAllocationGcWatermark: 10680035 java_gc_start_bytes: 17888703 kNewNativeDiscountFactor: 2 kOldNativeDiscountFactor: 65536 old_native_bytes: 129781393 new_native_bytes: 15627528 add_bytes_allowed: 32040105 is_gc_concurrent: 1 target_footprint_: 18331423 GetBytesAllocated: 15092752 HeapGrowthMultiplier: 3
12-21 16:21:47.270  3152  3656 I com.miui.home: CheckGCForNative gc_urgency 0.675592 current_native_bytes is 145408921
12-21 16:21:47.781  8718  8718 I wm_on_create_called: [0,62668924,com.eg.android.AlipayGphone.AlipayLogin,performCreate,91]
12-21 16:21:47.790  8718  8718 I wm_on_start_called: [0,62668924,com.eg.android.AlipayGphone.AlipayLogin,handleStartActivity,8]
12-21 16:21:47.794  8718  8718 I wm_on_resume_called: [0,62668924,com.eg.android.AlipayGphone.AlipayLogin,RESUME_ACTIVITY,2]
12-21 16:21:47.811  8718  8718 I wm_on_top_resumed_gained_called: [62668924,com.eg.android.AlipayGphone.AlipayLogin,topStateChangedWhenResumed]
12-21 16:21:48.128  3152  3152 I wm_on_stop_called: [0,127359627,com.miui.home.launcher.Launcher,STOP_ACTIVITY_ITEM,4]
12-21 16:21:48.479  3152  3152 I wm_on_restart_called: [0,127359627,com.miui.home.launcher.Launcher,performRestartActivity,0]
12-21 16:21:48.480  3152  3152 I wm_on_start_called: [0,127359627,com.miui.home.launcher.Launcher,handleStartActivity,1]
12-21 16:21:48.545  3152  3340 I com.miui.home: CheckGCForNative adj_start_bytes: 33908755 NativeAllocationGcWatermark: 10680035 java_gc_start_bytes: 17888703 kNewNativeDiscountFactor: 2 kOldNativeDiscountFactor: 65536 old_native_bytes: 129781393 new_native_bytes: 26807584 add_bytes_allowed: 32040105 is_gc_concurrent: 1 target_footprint_: 18331423 GetBytesAllocated: 15814192 HeapGrowthMultiplier: 3
12-21 16:21:48.545  3152  3340 I com.miui.home: CheckGCForNative gc_urgency 0.861723 current_native_bytes is 156588977
12-21 16:21:48.545  3152  3340 I com.miui.home: CheckGCForNative adj_start_bytes: 33908755 NativeAllocationGcWatermark: 10680035 java_gc_start_bytes: 17888703 kNewNativeDiscountFactor: 2 kOldNativeDiscountFactor: 65536 old_native_bytes: 129781393 new_native_bytes: 37514144 add_bytes_allowed: 32040105 is_gc_concurrent: 1 target_footprint_: 18331423 GetBytesAllocated: 15830768 HeapGrowthMultiplier: 3
12-21 16:21:48.545  3152  3340 I com.miui.home: CheckGCForNative gc_urgency 1.02009 current_native_bytes is 167295537
12-21 16:21:48.546  3152  3340 I com.miui.home: CheckGCForNative requested 1
12-21 16:21:48.656  3152  3340 I com.miui.home: CheckGCForNative adj_start_bytes: 33908755 NativeAllocationGcWatermark: 10680035 java_gc_start_bytes: 17888703 kNewNativeDiscountFactor: 2 kOldNativeDiscountFactor: 65536 old_native_bytes: 129781393 new_native_bytes: 37575896 add_bytes_allowed: 32040105 is_gc_concurrent: 1 target_footprint_: 18331423 GetBytesAllocated: 15929072 HeapGrowthMultiplier: 3
12-21 16:21:48.656  3152  3340 I com.miui.home: CheckGCForNative gc_urgency 1.02389 current_native_bytes is 167357289
12-21 16:21:48.656  3152  3340 I com.miui.home: CheckGCForNative requested 1
12-21 16:21:48.696  3152  3170 I com.miui.home: NativeAlloc concurrent copying GC freed 113431(6073KB) AllocSpace objects, 12(488KB) LOS objects, 49% free, 9106KB/17MB, paused 72us,29us total 149.769ms
12-21 16:21:48.711  8718  8718 I wm_on_idle_called: com.eg.android.AlipayGphone.AlipayLogin
