12-19 20:39:41.203  3131  3651 I com.miui.home: CheckGCForNative adj_start_bytes: 44543596 NativeAllocationGcWatermark: 11766687 java_gc_start_bytes: 26893566 kNewNativeDiscountFactor: 2 kOldNativeDiscountFactor: 65536 old_native_bytes: 107483793 new_native_bytes: 3515060 add_bytes_allowed: 35300061 is_gc_concurrent: 1 target_footprint_: 27024638 GetBytesAllocated: 15513776 HeapGrowthMultiplier: 3
12-19 20:39:41.204  3131  3651 I com.miui.home: CheckGCForNative gc_urgency 0.387776 current_native_bytes is 110998853
12-19 20:39:41.214  3131  3131 I wm_on_paused_called: [0,188963741,com.miui.home.launcher.Launcher,performPause,2]
12-19 20:39:41.222  3131  3651 I com.miui.home: CheckGCForNative adj_start_bytes: 44543596 NativeAllocationGcWatermark: 11766687 java_gc_start_bytes: 26893566 kNewNativeDiscountFactor: 2 kOldNativeDiscountFactor: 65536 old_native_bytes: 107483793 new_native_bytes: 3905268 add_bytes_allowed: 35300061 is_gc_concurrent: 1 target_footprint_: 27024638 GetBytesAllocated: 15546544 HeapGrowthMultiplier: 3
12-19 20:39:41.222  3131  3651 I com.miui.home: CheckGCForNative gc_urgency 0.392892 current_native_bytes is 111389061
12-19 20:39:41.269  3131  3651 I com.miui.home: CheckGCForNative adj_start_bytes: 44543596 NativeAllocationGcWatermark: 11766687 java_gc_start_bytes: 26893566 kNewNativeDiscountFactor: 2 kOldNativeDiscountFactor: 65536 old_native_bytes: 107483793 new_native_bytes: 4767196 add_bytes_allowed: 35300061 is_gc_concurrent: 1 target_footprint_: 27024638 GetBytesAllocated: 15677872 HeapGrowthMultiplier: 3
12-19 20:39:41.269  3131  3651 I com.miui.home: CheckGCForNative gc_urgency 0.405515 current_native_bytes is 112250989
12-19 20:39:41.271  3131  3181 D cccccc  : onTaskStackChangedBackground
12-19 20:39:41.281  3131  3651 I com.miui.home: CheckGCForNative adj_start_bytes: 44543596 NativeAllocationGcWatermark: 11766687 java_gc_start_bytes: 26893566 kNewNativeDiscountFactor: 2 kOldNativeDiscountFactor: 65536 old_native_bytes: 107483793 new_native_bytes: 5215420 add_bytes_allowed: 35300061 is_gc_concurrent: 1 target_footprint_: 27024638 GetBytesAllocated: 15694256 HeapGrowthMultiplier: 3
12-19 20:39:41.281  3131  3651 I com.miui.home: CheckGCForNative gc_urgency 0.410914 current_native_bytes is 112699213
12-19 20:39:41.282  3131  3181 D cccccc  : onTaskStackChangedBackground
12-19 20:39:41.294  3131  3797 D cccccc  : onTaskStackChangedBackground
12-19 20:39:41.294  3131  3797 D cccccc  : onTaskStackChangedBackground
12-19 20:39:41.315  3131  3651 I com.miui.home: CheckGCForNative adj_start_bytes: 44543596 NativeAllocationGcWatermark: 11766687 java_gc_start_bytes: 26893566 kNewNativeDiscountFactor: 2 kOldNativeDiscountFactor: 65536 old_native_bytes: 107483793 new_native_bytes: 6267996 add_bytes_allowed: 35300061 is_gc_concurrent: 1 target_footprint_: 27024638 GetBytesAllocated: 15759856 HeapGrowthMultiplier: 3
12-19 20:39:41.315  3131  3651 I com.miui.home: CheckGCForNative gc_urgency 0.424202 current_native_bytes is 113751789
12-19 20:39:41.367  3131  3651 I com.miui.home: CheckGCForNative adj_start_bytes: 44543596 NativeAllocationGcWatermark: 11766687 java_gc_start_bytes: 26893566 kNewNativeDiscountFactor: 2 kOldNativeDiscountFactor: 65536 old_native_bytes: 107483793 new_native_bytes: 6555364 add_bytes_allowed: 35300061 is_gc_concurrent: 1 target_footprint_: 27024638 GetBytesAllocated: 15932000 HeapGrowthMultiplier: 3
12-19 20:39:41.369  3131  3651 I com.miui.home: CheckGCForNative gc_urgency 0.431293 current_native_bytes is 114039157
12-19 20:39:41.387  3131  3651 I com.miui.home: CheckGCForNative adj_start_bytes: 44543596 NativeAllocationGcWatermark: 11766687 java_gc_start_bytes: 26893566 kNewNativeDiscountFactor: 2 kOldNativeDiscountFactor: 65536 old_native_bytes: 107483793 new_native_bytes: 7308196 add_bytes_allowed: 35300061 is_gc_concurrent: 1 target_footprint_: 27024638 GetBytesAllocated: 15981328 HeapGrowthMultiplier: 3
12-19 20:39:41.387  3131  3651 I com.miui.home: CheckGCForNative gc_urgency 0.44085 current_native_bytes is 114791989
12-19 20:39:41.428  3131  3651 I com.miui.home: CheckGCForNative adj_start_bytes: 44543596 NativeAllocationGcWatermark: 11766687 java_gc_start_bytes: 26893566 kNewNativeDiscountFactor: 2 kOldNativeDiscountFactor: 65536 old_native_bytes: 107483793 new_native_bytes: 7933452 add_bytes_allowed: 35300061 is_gc_concurrent: 1 target_footprint_: 27024638 GetBytesAllocated: 16014160 HeapGrowthMultiplier: 3
12-19 20:39:41.429  3131  3651 I com.miui.home: CheckGCForNative gc_urgency 0.448606 current_native_bytes is 115417245
12-19 20:39:41.429  3131  3797 D cccccc  : onTaskStackChangedBackground
12-19 20:39:41.430  3131  3181 D cccccc  : onTaskStackChangedBackground
12-19 20:39:41.431  3131  3746 D cccccc  : onTaskStackChangedBackground
12-19 20:39:41.459  3131  3651 I com.miui.home: CheckGCForNative adj_start_bytes: 44543596 NativeAllocationGcWatermark: 11766687 java_gc_start_bytes: 26893566 kNewNativeDiscountFactor: 2 kOldNativeDiscountFactor: 65536 old_native_bytes: 107483793 new_native_bytes: 8415172 add_bytes_allowed: 35300061 is_gc_concurrent: 1 target_footprint_: 27024638 GetBytesAllocated: 16063488 HeapGrowthMultiplier: 3
12-19 20:39:41.459  3131  3651 I com.miui.home: CheckGCForNative gc_urgency 0.455121 current_native_bytes is 115898965
12-19 20:39:41.506  3131  3651 I com.miui.home: CheckGCForNative adj_start_bytes: 44543596 NativeAllocationGcWatermark: 11766687 java_gc_start_bytes: 26893566 kNewNativeDiscountFactor: 2 kOldNativeDiscountFactor: 65536 old_native_bytes: 107483793 new_native_bytes: 8815492 add_bytes_allowed: 35300061 is_gc_concurrent: 1 target_footprint_: 27024638 GetBytesAllocated: 16096256 HeapGrowthMultiplier: 3
12-19 20:39:41.509  3131  3651 I com.miui.home: CheckGCForNative gc_urgency 0.46035 current_native_bytes is 116299285
12-19 20:39:41.565  3131  3651 I com.miui.home: CheckGCForNative adj_start_bytes: 44543596 NativeAllocationGcWatermark: 11766687 java_gc_start_bytes: 26893566 kNewNativeDiscountFactor: 2 kOldNativeDiscountFactor: 65536 old_native_bytes: 107483793 new_native_bytes: 9377444 add_bytes_allowed: 35300061 is_gc_concurrent: 1 target_footprint_: 27024638 GetBytesAllocated: 16145584 HeapGrowthMultiplier: 3
12-19 20:39:41.565  3131  3651 I com.miui.home: CheckGCForNative gc_urgency 0.468133 current_native_bytes is 116861237
12-19 20:39:41.589  3131  3651 I com.miui.home: CheckGCForNative adj_start_bytes: 44543596 NativeAllocationGcWatermark: 11766687 java_gc_start_bytes: 26893566 kNewNativeDiscountFactor: 2 kOldNativeDiscountFactor: 65536 old_native_bytes: 107483793 new_native_bytes: 9900100 add_bytes_allowed: 35300061 is_gc_concurrent: 1 target_footprint_: 27024638 GetBytesAllocated: 16211296 HeapGrowthMultiplier: 3
12-19 20:39:41.589  3131  3651 I com.miui.home: CheckGCForNative gc_urgency 0.475107 current_native_bytes is 117383893
12-19 20:39:41.596  3131  3651 I com.miui.home: CheckGCForNative adj_start_bytes: 44543596 NativeAllocationGcWatermark: 11766687 java_gc_start_bytes: 26893566 kNewNativeDiscountFactor: 2 kOldNativeDiscountFactor: 65536 old_native_bytes: 107483793 new_native_bytes: 10176612 add_bytes_allowed: 35300061 is_gc_concurrent: 1 target_footprint_: 27024638 GetBytesAllocated: 16211296 HeapGrowthMultiplier: 3
12-19 20:39:41.596  3131  3651 I com.miui.home: CheckGCForNative gc_urgency 0.478211 current_native_bytes is 117660405
12-19 20:39:41.608  3131  3651 I com.miui.home: CheckGCForNative adj_start_bytes: 44543596 NativeAllocationGcWatermark: 11766687 java_gc_start_bytes: 26893566 kNewNativeDiscountFactor: 2 kOldNativeDiscountFactor: 65536 old_native_bytes: 107483793 new_native_bytes: 10411116 add_bytes_allowed: 35300061 is_gc_concurrent: 1 target_footprint_: 27024638 GetBytesAllocated: 16244128 HeapGrowthMultiplier: 3
12-19 20:39:41.608  3131  3651 I com.miui.home: CheckGCForNative gc_urgency 0.48158 current_native_bytes is 117894909
12-19 20:39:41.716  3131  3651 I com.miui.home: CheckGCForNative adj_start_bytes: 44543596 NativeAllocationGcWatermark: 11766687 java_gc_start_bytes: 26893566 kNewNativeDiscountFactor: 2 kOldNativeDiscountFactor: 65536 old_native_bytes: 107483793 new_native_bytes: 12769792 add_bytes_allowed: 35300061 is_gc_concurrent: 1 target_footprint_: 27024638 GetBytesAllocated: 16754176 HeapGrowthMultiplier: 3
12-19 20:39:41.716  3131  3651 I com.miui.home: CheckGCForNative gc_urgency 0.519507 current_native_bytes is 120253585
12-19 20:39:41.728  3131  3651 I cccccc  : getTaskSnapshotInstance: 429
12-19 20:39:41.729  3131  3651 I cccccc  : getTaskSnapshotInstance: 428
12-19 20:39:41.730  3131  3651 I com.miui.home: CheckGCForNative adj_start_bytes: 44543596 NativeAllocationGcWatermark: 11766687 java_gc_start_bytes: 26893566 kNewNativeDiscountFactor: 2 kOldNativeDiscountFactor: 65536 old_native_bytes: 107483793 new_native_bytes: 23536404 add_bytes_allowed: 35300061 is_gc_concurrent: 1 target_footprint_: 27024638 GetBytesAllocated: 16852480 HeapGrowthMultiplier: 3
12-19 20:39:41.730  3131  3651 I com.miui.home: CheckGCForNative gc_urgency 0.642569 current_native_bytes is 131020197
12-19 20:39:41.731  3131  3651 I cccccc  : getTaskThumbnailInfo: 2460 1.0  10705920
12-19 20:39:42.021 14172 14172 I wm_on_create_called: [0,3131092,com.ucpro.MainActivity,performCreate,85]
12-19 20:39:42.149  3131  3181 D cccccc  : onTaskStackChangedBackground
12-19 20:39:42.150  3131  3746 D cccccc  : onTaskStackChangedBackground
12-19 20:39:42.150  3131  3181 D cccccc  : onTaskStackChangedBackground
12-19 20:39:42.215  3131  3651 I com.miui.home: CheckGCForNative adj_start_bytes: 44543596 NativeAllocationGcWatermark: 11766687 java_gc_start_bytes: 26893566 kNewNativeDiscountFactor: 2 kOldNativeDiscountFactor: 65536 old_native_bytes: 107483793 new_native_bytes: 13022612 add_bytes_allowed: 35300061 is_gc_concurrent: 1 target_footprint_: 27024638 GetBytesAllocated: 17246688 HeapGrowthMultiplier: 3
12-19 20:39:42.215  3131  3651 I com.miui.home: CheckGCForNative gc_urgency 0.533402 current_native_bytes is 120506405
12-19 20:39:42.234  3131  3651 I cccccc  : getTaskSnapshotInstance: 429
12-19 20:39:42.284  3131  3651 I com.miui.home: CheckGCForNative adj_start_bytes: 44543596 NativeAllocationGcWatermark: 11766687 java_gc_start_bytes: 26893566 kNewNativeDiscountFactor: 2 kOldNativeDiscountFactor: 65536 old_native_bytes: 107483793 new_native_bytes: 13242760 add_bytes_allowed: 35300061 is_gc_concurrent: 1 target_footprint_: 27024638 GetBytesAllocated: 17673408 HeapGrowthMultiplier: 3
12-19 20:39:42.284  3131  3651 I com.miui.home: CheckGCForNative gc_urgency 0.545453 current_native_bytes is 120726553
12-19 20:39:42.291  3131  3651 I cccccc  : getTaskSnapshotInstance: 429
12-19 20:39:42.338  3131  3131 I wm_on_stop_called: [0,188963741,com.miui.home.launcher.Launcher,STOP_ACTIVITY_ITEM,2]
12-19 20:39:42.620 14172 14172 I wm_on_create_called: [0,38119898,com.ucpro.BrowserActivity,performCreate,525]
12-19 20:39:42.629 14172 14172 I wm_on_start_called: [0,38119898,com.ucpro.BrowserActivity,handleStartActivity,8]
12-19 20:39:42.637 14172 14172 I wm_on_resume_called: [0,38119898,com.ucpro.BrowserActivity,RESUME_ACTIVITY,6]
12-19 20:39:42.657 14172 14172 I wm_on_top_resumed_gained_called: [38119898,com.ucpro.BrowserActivity,topStateChangedWhenResumed]
12-19 20:39:42.665 14172 14172 I wm_on_destroy_called: [0,3131092,com.ucpro.MainActivity,performDestroy,1]
12-19 20:39:42.911  3131  3131 I wm_on_restart_called: [0,188963741,com.miui.home.launcher.Launcher,performRestartActivity,0]
12-19 20:39:42.912  3131  3131 I wm_on_start_called: [0,188963741,com.miui.home.launcher.Launcher,handleStartActivity,1]
12-19 20:39:43.102  3131  3181 I com.miui.home: CheckGCForNative adj_start_bytes: 44543596 NativeAllocationGcWatermark: 11766687 java_gc_start_bytes: 26893566 kNewNativeDiscountFactor: 2 kOldNativeDiscountFactor: 65536 old_native_bytes: 107483793 new_native_bytes: 24208452 add_bytes_allowed: 35300061 is_gc_concurrent: 1 target_footprint_: 27024638 GetBytesAllocated: 18599648 HeapGrowthMultiplier: 3
12-19 20:39:43.102  3131  3181 I com.miui.home: CheckGCForNative gc_urgency 0.689336 current_native_bytes is 131692245
12-19 20:39:43.103  3131  3181 I com.miui.home: CheckGCForNative adj_start_bytes: 44543596 NativeAllocationGcWatermark: 11766687 java_gc_start_bytes: 26893566 kNewNativeDiscountFactor: 2 kOldNativeDiscountFactor: 65536 old_native_bytes: 107483793 new_native_bytes: 34914372 add_bytes_allowed: 35300061 is_gc_concurrent: 1 target_footprint_: 27024638 GetBytesAllocated: 18616224 HeapGrowthMultiplier: 3
12-19 20:39:43.103  3131  3181 I com.miui.home: CheckGCForNative gc_urgency 0.809882 current_native_bytes is 142398165
12-19 20:39:43.103  3131  3181 I cccccc  : getTaskThumbnailInfo: 2460 1.0  10705920
12-19 20:39:43.105  3131  3746 I com.miui.home: CheckGCForNative adj_start_bytes: 44543596 NativeAllocationGcWatermark: 11766687 java_gc_start_bytes: 26893566 kNewNativeDiscountFactor: 2 kOldNativeDiscountFactor: 65536 old_native_bytes: 107483793 new_native_bytes: 34914628 add_bytes_allowed: 35300061 is_gc_concurrent: 1 target_footprint_: 27024638 GetBytesAllocated: 18616224 HeapGrowthMultiplier: 3
12-19 20:39:43.105  3131  3746 I com.miui.home: CheckGCForNative gc_urgency 0.809885 current_native_bytes is 142398421
12-19 20:39:43.106  3131  3131 I cccccc  : getTaskThumbnailInfo: 2460 1.0  10705920
12-19 20:39:43.379  3131  3131 I wm_on_stop_called: [0,188963741,com.miui.home.launcher.Launcher,STOP_ACTIVITY_ITEM,3]
12-19 20:39:43.547 14172 14172 I wm_on_idle_called: com.ucpro.BrowserActivity
12-19 20:39:44.054  3131  3131 I wm_on_restart_called: [0,188963741,com.miui.home.launcher.Launcher,performRestartActivity,0]
12-19 20:39:44.055  3131  3131 I wm_on_start_called: [0,188963741,com.miui.home.launcher.Launcher,handleStartActivity,1]
12-19 20:39:44.121  3131  3746 I com.miui.home: CheckGCForNative adj_start_bytes: 44543596 NativeAllocationGcWatermark: 11766687 java_gc_start_bytes: 26893566 kNewNativeDiscountFactor: 2 kOldNativeDiscountFactor: 65536 old_native_bytes: 107483793 new_native_bytes: 34899416 add_bytes_allowed: 35300061 is_gc_concurrent: 1 target_footprint_: 27024638 GetBytesAllocated: 19403424 HeapGrowthMultiplier: 3
12-19 20:39:44.121  3131  3746 I com.miui.home: CheckGCForNative gc_urgency 0.827387 current_native_bytes is 142383209
12-19 20:39:44.121  3131  3746 I com.miui.home: CheckGCForNative adj_start_bytes: 44543596 NativeAllocationGcWatermark: 11766687 java_gc_start_bytes: 26893566 kNewNativeDiscountFactor: 2 kOldNativeDiscountFactor: 65536 old_native_bytes: 107483793 new_native_bytes: 45605336 add_bytes_allowed: 35300061 is_gc_concurrent: 1 target_footprint_: 27024638 GetBytesAllocated: 19403616 HeapGrowthMultiplier: 3
12-19 20:39:44.121  3131  3746 I com.miui.home: CheckGCForNative gc_urgency 0.947564 current_native_bytes is 153089129
12-19 20:39:44.122  3131  3746 I cccccc  : getTaskThumbnailInfo: 2460 1.0  10705920
12-19 20:39:44.123  3131  3361 I com.miui.home: CheckGCForNative adj_start_bytes: 44543596 NativeAllocationGcWatermark: 11766687 java_gc_start_bytes: 26893566 kNewNativeDiscountFactor: 2 kOldNativeDiscountFactor: 65536 old_native_bytes: 107483793 new_native_bytes: 34899916 add_bytes_allowed: 35300061 is_gc_concurrent: 1 target_footprint_: 27024638 GetBytesAllocated: 19403616 HeapGrowthMultiplier: 3
12-19 20:39:44.123  3131  3361 I com.miui.home: CheckGCForNative gc_urgency 0.827397 current_native_bytes is 142383709
12-19 20:39:44.128  3131  3181 I com.miui.home: CheckGCForNative adj_start_bytes: 44543596 NativeAllocationGcWatermark: 11766687 java_gc_start_bytes: 26893566 kNewNativeDiscountFactor: 2 kOldNativeDiscountFactor: 65536 old_native_bytes: 107483793 new_native_bytes: 45608268 add_bytes_allowed: 35300061 is_gc_concurrent: 1 target_footprint_: 27024638 GetBytesAllocated: 19403616 HeapGrowthMultiplier: 3
12-19 20:39:44.128  3131  3181 I com.miui.home: CheckGCForNative gc_urgency 0.947597 current_native_bytes is 153092061
12-19 20:39:44.133  3131  3131 I cccccc  : getTaskThumbnailInfo: 2460 1.0  10705920
12-19 20:39:44.272  3131  3131 I wm_on_stop_called: [0,188963741,com.miui.home.launcher.Launcher,STOP_ACTIVITY_ITEM,2]
12-19 20:39:44.974  3131  3131 I wm_on_restart_called: [0,188963741,com.miui.home.launcher.Launcher,performRestartActivity,0]
12-19 20:39:44.975  3131  3131 I wm_on_start_called: [0,188963741,com.miui.home.launcher.Launcher,handleStartActivity,1]
12-19 20:39:45.055  3131  3746 I com.miui.home: CheckGCForNative adj_start_bytes: 44543596 NativeAllocationGcWatermark: 11766687 java_gc_start_bytes: 26893566 kNewNativeDiscountFactor: 2 kOldNativeDiscountFactor: 65536 old_native_bytes: 107483793 new_native_bytes: 45636564 add_bytes_allowed: 35300061 is_gc_concurrent: 1 target_footprint_: 27024638 GetBytesAllocated: 20059680 HeapGrowthMultiplier: 3
12-19 20:39:45.055  3131  3746 I com.miui.home: CheckGCForNative gc_urgency 0.962643 current_native_bytes is 153120357
12-19 20:39:45.055  3131  3746 I com.miui.home: CheckGCForNative adj_start_bytes: 44543596 NativeAllocationGcWatermark: 11766687 java_gc_start_bytes: 26893566 kNewNativeDiscountFactor: 2 kOldNativeDiscountFactor: 65536 old_native_bytes: 107483793 new_native_bytes: 56342484 add_bytes_allowed: 35300061 is_gc_concurrent: 1 target_footprint_: 27024638 GetBytesAllocated: 20076256 HeapGrowthMultiplier: 3
12-19 20:39:45.055  3131  3746 I com.miui.home: CheckGCForNative gc_urgency 1.08319 current_native_bytes is 163826277
12-19 20:39:45.055  3131  3746 I com.miui.home: CheckGCForNative requested 1
12-19 20:39:45.055  3131  3746 I cccccc  : getTaskThumbnailInfo: 2460 1.0  10705920
12-19 20:39:45.084  3131  3746 I com.miui.home: CheckGCForNative adj_start_bytes: 44543596 NativeAllocationGcWatermark: 11766687 java_gc_start_bytes: 26893566 kNewNativeDiscountFactor: 2 kOldNativeDiscountFactor: 65536 old_native_bytes: 107483793 new_native_bytes: 56354228 add_bytes_allowed: 35300061 is_gc_concurrent: 1 target_footprint_: 27024638 GetBytesAllocated: 20125408 HeapGrowthMultiplier: 3
12-19 20:39:45.084  3131  3746 I com.miui.home: CheckGCForNative gc_urgency 1.08442 current_native_bytes is 163838021
12-19 20:39:45.084  3131  3746 I com.miui.home: CheckGCForNative requested 1
12-19 20:39:45.085  3131  3131 I cccccc  : getTaskThumbnailInfo: 2460 1.0  10705920
12-19 20:39:45.180  3131  3168 I com.miui.home: NativeAlloc concurrent copying GC freed 110129(5731KB) AllocSpace objects, 22(688KB) LOS objects, 49% free, 12MB/25MB, paused 63us,29us total 124.863ms
12-19 20:39:45.255  3131  3459 I com.miui.home: CheckGCForNative gc_urgency 0 current_native_bytes is 113182773
12-19 20:39:45.581  3131  3131 I wm_on_resume_called: [0,188963741,com.miui.home.launcher.Launcher,RESUME_ACTIVITY,5]
12-19 20:39:45.583  3131  3131 I wm_on_idle_called: com.miui.home.launcher.Launcher
12-19 20:39:45.715  3131  3181 D cccccc  : onTaskStackChangedBackground
12-19 20:39:45.716  3131  3646 D cccccc  : onTaskStackChangedBackground
12-19 20:39:45.716  3131  3746 D cccccc  : onTaskStackChangedBackground
12-19 20:39:45.769  3131  3651 I com.miui.home: CheckGCForNative adj_start_bytes: 44793008 NativeAllocationGcWatermark: 11792941 java_gc_start_bytes: 27103597 kNewNativeDiscountFactor: 2 kOldNativeDiscountFactor: 65536 old_native_bytes: 113182773 new_native_bytes: 163192 add_bytes_allowed: 35378823 is_gc_concurrent: 1 target_footprint_: 27234669 GetBytesAllocated: 15126424 HeapGrowthMultiplier: 3
12-19 20:39:45.769  3131  3651 I com.miui.home: CheckGCForNative gc_urgency 0.339556 current_native_bytes is 113345965
12-19 20:39:45.794  3131  3651 I com.miui.home: CheckGCForNative adj_start_bytes: 44793008 NativeAllocationGcWatermark: 11792941 java_gc_start_bytes: 27103597 kNewNativeDiscountFactor: 2 kOldNativeDiscountFactor: 65536 old_native_bytes: 113182773 new_native_bytes: 2375456 add_bytes_allowed: 35378823 is_gc_concurrent: 1 target_footprint_: 27234669 GetBytesAllocated: 15257704 HeapGrowthMultiplier: 3
12-19 20:39:45.795  3131  3651 I com.miui.home: CheckGCForNative gc_urgency 0.367181 current_native_bytes is 115558229
12-19 20:39:45.818  3131  3651 I com.miui.home: CheckGCForNative adj_start_bytes: 44793008 NativeAllocationGcWatermark: 11792941 java_gc_start_bytes: 27103597 kNewNativeDiscountFactor: 2 kOldNativeDiscountFactor: 65536 old_native_bytes: 113182773 new_native_bytes: 3268940 add_bytes_allowed: 35378823 is_gc_concurrent: 1 target_footprint_: 27234669 GetBytesAllocated: 15388904 HeapGrowthMultiplier: 3
12-19 20:39:45.818  3131  3651 I com.miui.home: CheckGCForNative gc_urgency 0.380084 current_native_bytes is 116451713
12-19 20:39:45.829  3131  3651 I cccccc  : getTaskSnapshotInstance: 429
12-19 20:39:45.829  3131  3651 I com.miui.home: CheckGCForNative adj_start_bytes: 44793008 NativeAllocationGcWatermark: 11792941 java_gc_start_bytes: 27103597 kNewNativeDiscountFactor: 2 kOldNativeDiscountFactor: 65536 old_native_bytes: 113182773 new_native_bytes: 14738340 add_bytes_allowed: 35378823 is_gc_concurrent: 1 target_footprint_: 27234669 GetBytesAllocated: 15470968 HeapGrowthMultiplier: 3
12-19 20:39:45.829  3131  3651 I com.miui.home: CheckGCForNative gc_urgency 0.509943 current_native_bytes is 127921113
12-19 20:39:45.830  3131  3651 I cccccc  : getTaskThumbnailInfo: 2460 1.0  10705920
12-19 20:39:46.067  3131  3131 I wm_on_top_resumed_gained_called: [188963741,com.miui.home.launcher.Launcher,topStateChangedWhenResumed]
12-19 20:39:46.069 14172 14172 I wm_on_top_resumed_lost_called: [38119898,com.ucpro.BrowserActivity,topStateChangedWhenResumed]
12-19 20:39:46.118 14172 14172 I wm_on_paused_called: [0,38119898,com.ucpro.BrowserActivity,performPause,45]
12-19 20:39:46.267 14172 14172 I wm_on_stop_called: [0,38119898,com.ucpro.BrowserActivity,STOP_ACTIVITY_ITEM,24]