12-21 16:13:52.528  3148  3148 I wm_on_top_resumed_lost_called: [201178947,com.miui.home.launcher.Launcher,topStateChangedWhenResumed]
12-21 16:13:52.532  3148  3148 I wm_on_paused_called: [0,201178947,com.miui.home.launcher.Launcher,performPause,1]
12-21 16:13:52.669  3148  3670 I com.miui.home: CheckGCForNative adj_start_bytes: 32849704 NativeAllocationGcWatermark: 10535751 java_gc_start_bytes: 17046078 kNewNativeDiscountFactor: 2 kOldNativeDiscountFactor: 65536 old_native_bytes: 73861049 new_native_bytes: 1070396 add_bytes_allowed: 31607253 is_gc_concurrent: 1 target_footprint_: 17177150 GetBytesAllocated: 9453088 HeapGrowthMultiplier: 3
12-21 16:13:52.670  3148  3670 I com.miui.home: CheckGCForNative gc_urgency 0.304094 current_native_bytes is 74931445
12-21 16:13:52.675  3148  3670 I com.miui.home: CheckGCForNative adj_start_bytes: 32849704 NativeAllocationGcWatermark: 10535751 java_gc_start_bytes: 17046078 kNewNativeDiscountFactor: 2 kOldNativeDiscountFactor: 65536 old_native_bytes: 73861049 new_native_bytes: 1518076 add_bytes_allowed: 31607253 is_gc_concurrent: 1 target_footprint_: 17177150 GetBytesAllocated: 9473568 HeapGrowthMultiplier: 3
12-21 16:13:52.675  3148  3670 I com.miui.home: CheckGCForNative gc_urgency 0.311532 current_native_bytes is 75379125
12-21 16:13:52.789  3148  3670 I com.miui.home: CheckGCForNative adj_start_bytes: 32849704 NativeAllocationGcWatermark: 10535751 java_gc_start_bytes: 17046078 kNewNativeDiscountFactor: 2 kOldNativeDiscountFactor: 65536 old_native_bytes: 73861049 new_native_bytes: 3124612 add_bytes_allowed: 31607253 is_gc_concurrent: 1 target_footprint_: 17177150 GetBytesAllocated: 9687312 HeapGrowthMultiplier: 3
12-21 16:13:52.789  3148  3670 I com.miui.home: CheckGCForNative gc_urgency 0.342492 current_native_bytes is 76985661
12-21 16:13:52.812  3148  3310 I com.miui.home: CheckGCForNative adj_start_bytes: 32849704 NativeAllocationGcWatermark: 10535751 java_gc_start_bytes: 17046078 kNewNativeDiscountFactor: 2 kOldNativeDiscountFactor: 65536 old_native_bytes: 73861049 new_native_bytes: 3263268 add_bytes_allowed: 31607253 is_gc_concurrent: 1 target_footprint_: 17177150 GetBytesAllocated: 9703696 HeapGrowthMultiplier: 3
12-21 16:13:52.812  3148  3310 I com.miui.home: CheckGCForNative gc_urgency 0.345101 current_native_bytes is 77124317
12-21 16:13:52.918  3148  3670 I com.miui.home: CheckGCForNative adj_start_bytes: 32849704 NativeAllocationGcWatermark: 10535751 java_gc_start_bytes: 17046078 kNewNativeDiscountFactor: 2 kOldNativeDiscountFactor: 65536 old_native_bytes: 73861049 new_native_bytes: 3919236 add_bytes_allowed: 31607253 is_gc_concurrent: 1 target_footprint_: 17177150 GetBytesAllocated: 9822544 HeapGrowthMultiplier: 3
12-21 16:13:52.918  3148  3670 I com.miui.home: CheckGCForNative gc_urgency 0.358703 current_native_bytes is 77780285
12-21 16:13:52.927  3148  3670 I com.miui.home: CheckGCForNative adj_start_bytes: 32849704 NativeAllocationGcWatermark: 10535751 java_gc_start_bytes: 17046078 kNewNativeDiscountFactor: 2 kOldNativeDiscountFactor: 65536 old_native_bytes: 73861049 new_native_bytes: 4360196 add_bytes_allowed: 31607253 is_gc_concurrent: 1 target_footprint_: 17177150 GetBytesAllocated: 9843024 HeapGrowthMultiplier: 3
12-21 16:13:52.927  3148  3670 I com.miui.home: CheckGCForNative gc_urgency 0.366038 current_native_bytes is 78221245
12-21 16:13:52.975  3148  3670 I com.miui.home: CheckGCForNative adj_start_bytes: 32849704 NativeAllocationGcWatermark: 10535751 java_gc_start_bytes: 17046078 kNewNativeDiscountFactor: 2 kOldNativeDiscountFactor: 65536 old_native_bytes: 73861049 new_native_bytes: 4501028 add_bytes_allowed: 31607253 is_gc_concurrent: 1 target_footprint_: 17177150 GetBytesAllocated: 9925216 HeapGrowthMultiplier: 3
12-21 16:13:52.975  3148  3670 I com.miui.home: CheckGCForNative gc_urgency 0.370684 current_native_bytes is 78362077
12-21 16:13:52.978  3148  3670 I com.miui.home: CheckGCForNative adj_start_bytes: 32849704 NativeAllocationGcWatermark: 10535751 java_gc_start_bytes: 17046078 kNewNativeDiscountFactor: 2 kOldNativeDiscountFactor: 65536 old_native_bytes: 73861049 new_native_bytes: 4884676 add_bytes_allowed: 31607253 is_gc_concurrent: 1 target_footprint_: 17177150 GetBytesAllocated: 9925216 HeapGrowthMultiplier: 3
12-21 16:13:52.978  3148  3670 I com.miui.home: CheckGCForNative gc_urgency 0.376523 current_native_bytes is 78745725
12-21 16:13:53.016  3148  3670 I com.miui.home: CheckGCForNative adj_start_bytes: 32849704 NativeAllocationGcWatermark: 10535751 java_gc_start_bytes: 17046078 kNewNativeDiscountFactor: 2 kOldNativeDiscountFactor: 65536 old_native_bytes: 73861049 new_native_bytes: 5651164 add_bytes_allowed: 31607253 is_gc_concurrent: 1 target_footprint_: 17177150 GetBytesAllocated: 9978528 HeapGrowthMultiplier: 3
12-21 16:13:53.016  3148  3670 I com.miui.home: CheckGCForNative gc_urgency 0.389813 current_native_bytes is 79512213
12-21 16:13:53.021  3148  3670 I com.miui.home: CheckGCForNative adj_start_bytes: 32849704 NativeAllocationGcWatermark: 10535751 java_gc_start_bytes: 17046078 kNewNativeDiscountFactor: 2 kOldNativeDiscountFactor: 65536 old_native_bytes: 73861049 new_native_bytes: 6112732 add_bytes_allowed: 31607253 is_gc_concurrent: 1 target_footprint_: 17177150 GetBytesAllocated: 9999008 HeapGrowthMultiplier: 3
12-21 16:13:53.021  3148  3670 I com.miui.home: CheckGCForNative gc_urgency 0.397462 current_native_bytes is 79973781
12-21 16:13:53.058  3148  3670 I com.miui.home: CheckGCForNative adj_start_bytes: 32849704 NativeAllocationGcWatermark: 10535751 java_gc_start_bytes: 17046078 kNewNativeDiscountFactor: 2 kOldNativeDiscountFactor: 65536 old_native_bytes: 73861049 new_native_bytes: 7347964 add_bytes_allowed: 31607253 is_gc_concurrent: 1 target_footprint_: 17177150 GetBytesAllocated: 10048336 HeapGrowthMultiplier: 3
12-21 16:13:53.058  3148  3670 I com.miui.home: CheckGCForNative gc_urgency 0.417765 current_native_bytes is 81209013
12-21 16:13:53.061  3148  3670 I com.miui.home: CheckGCForNative adj_start_bytes: 32849704 NativeAllocationGcWatermark: 10535751 java_gc_start_bytes: 17046078 kNewNativeDiscountFactor: 2 kOldNativeDiscountFactor: 65536 old_native_bytes: 73861049 new_native_bytes: 7774332 add_bytes_allowed: 31607253 is_gc_concurrent: 1 target_footprint_: 17177150 GetBytesAllocated: 10048336 HeapGrowthMultiplier: 3
12-21 16:13:53.061  3148  3670 I com.miui.home: CheckGCForNative gc_urgency 0.424254 current_native_bytes is 81635381
12-21 16:13:53.077  3148  3670 I com.miui.home: CheckGCForNative adj_start_bytes: 32849704 NativeAllocationGcWatermark: 10535751 java_gc_start_bytes: 17046078 kNewNativeDiscountFactor: 2 kOldNativeDiscountFactor: 65536 old_native_bytes: 73861049 new_native_bytes: 8072508 add_bytes_allowed: 31607253 is_gc_concurrent: 1 target_footprint_: 17177150 GetBytesAllocated: 10081168 HeapGrowthMultiplier: 3
12-21 16:13:53.077  3148  3670 I com.miui.home: CheckGCForNative gc_urgency 0.429792 current_native_bytes is 81933557
12-21 16:13:53.079  3148  3670 I com.miui.home: CheckGCForNative adj_start_bytes: 32849704 NativeAllocationGcWatermark: 10535751 java_gc_start_bytes: 17046078 kNewNativeDiscountFactor: 2 kOldNativeDiscountFactor: 65536 old_native_bytes: 73861049 new_native_bytes: 8536060 add_bytes_allowed: 31607253 is_gc_concurrent: 1 target_footprint_: 17177150 GetBytesAllocated: 10081280 HeapGrowthMultiplier: 3
12-21 16:13:53.079  3148  3670 I com.miui.home: CheckGCForNative gc_urgency 0.436851 current_native_bytes is 82397109
12-21 16:13:53.082  3148  3670 I com.miui.home: CheckGCForNative adj_start_bytes: 32849704 NativeAllocationGcWatermark: 10535751 java_gc_start_bytes: 17046078 kNewNativeDiscountFactor: 2 kOldNativeDiscountFactor: 65536 old_native_bytes: 73861049 new_native_bytes: 8995452 add_bytes_allowed: 31607253 is_gc_concurrent: 1 target_footprint_: 17177150 GetBytesAllocated: 10081280 HeapGrowthMultiplier: 3
12-21 16:13:53.082  3148  3670 I com.miui.home: CheckGCForNative gc_urgency 0.443844 current_native_bytes is 82856501
12-21 16:13:53.102  3148  3670 I com.miui.home: CheckGCForNative adj_start_bytes: 32849704 NativeAllocationGcWatermark: 10535751 java_gc_start_bytes: 17046078 kNewNativeDiscountFactor: 2 kOldNativeDiscountFactor: 65536 old_native_bytes: 73861049 new_native_bytes: 10008764 add_bytes_allowed: 31607253 is_gc_concurrent: 1 target_footprint_: 17177150 GetBytesAllocated: 10114112 HeapGrowthMultiplier: 3
12-21 16:13:53.102  3148  3670 I com.miui.home: CheckGCForNative gc_urgency 0.460267 current_native_bytes is 83869813
12-21 16:13:53.139  3148  3670 I com.miui.home: CheckGCForNative adj_start_bytes: 32849704 NativeAllocationGcWatermark: 10535751 java_gc_start_bytes: 17046078 kNewNativeDiscountFactor: 2 kOldNativeDiscountFactor: 65536 old_native_bytes: 73861049 new_native_bytes: 10714324 add_bytes_allowed: 31607253 is_gc_concurrent: 1 target_footprint_: 17177150 GetBytesAllocated: 10167424 HeapGrowthMultiplier: 3
12-21 16:13:53.139  3148  3670 I com.miui.home: CheckGCForNative gc_urgency 0.472629 current_native_bytes is 84575373
12-21 16:13:53.143  3148  3670 I com.miui.home: CheckGCForNative adj_start_bytes: 32849704 NativeAllocationGcWatermark: 10535751 java_gc_start_bytes: 17046078 kNewNativeDiscountFactor: 2 kOldNativeDiscountFactor: 65536 old_native_bytes: 73861049 new_native_bytes: 11175636 add_bytes_allowed: 31607253 is_gc_concurrent: 1 target_footprint_: 17177150 GetBytesAllocated: 10204288 HeapGrowthMultiplier: 3
12-21 16:13:53.143  3148  3670 I com.miui.home: CheckGCForNative gc_urgency 0.480772 current_native_bytes is 85036685
12-21 16:13:53.162  3148  3670 I com.miui.home: CheckGCForNative adj_start_bytes: 32849704 NativeAllocationGcWatermark: 10535751 java_gc_start_bytes: 17046078 kNewNativeDiscountFactor: 2 kOldNativeDiscountFactor: 65536 old_native_bytes: 73861049 new_native_bytes: 11919556 add_bytes_allowed: 31607253 is_gc_concurrent: 1 target_footprint_: 17177150 GetBytesAllocated: 10237232 HeapGrowthMultiplier: 3
12-21 16:13:53.163  3148  3670 I com.miui.home: CheckGCForNative gc_urgency 0.493098 current_native_bytes is 85780605
12-21 16:13:53.168  3148  3670 I com.miui.home: CheckGCForNative adj_start_bytes: 32849704 NativeAllocationGcWatermark: 10535751 java_gc_start_bytes: 17046078 kNewNativeDiscountFactor: 2 kOldNativeDiscountFactor: 65536 old_native_bytes: 73861049 new_native_bytes: 12573252 add_bytes_allowed: 31607253 is_gc_concurrent: 1 target_footprint_: 17177150 GetBytesAllocated: 10237232 HeapGrowthMultiplier: 3
12-21 16:13:53.168  3148  3670 I com.miui.home: CheckGCForNative gc_urgency 0.503048 current_native_bytes is 86434301
12-21 16:13:53.202  3148  3670 I com.miui.home: CheckGCForNative adj_start_bytes: 32849704 NativeAllocationGcWatermark: 10535751 java_gc_start_bytes: 17046078 kNewNativeDiscountFactor: 2 kOldNativeDiscountFactor: 65536 old_native_bytes: 73861049 new_native_bytes: 13068252 add_bytes_allowed: 31607253 is_gc_concurrent: 1 target_footprint_: 17177150 GetBytesAllocated: 10286560 HeapGrowthMultiplier: 3
12-21 16:13:53.202  3148  3670 I com.miui.home: CheckGCForNative gc_urgency 0.512084 current_native_bytes is 86929301
12-21 16:13:53.206  3148  3670 I com.miui.home: CheckGCForNative adj_start_bytes: 32849704 NativeAllocationGcWatermark: 10535751 java_gc_start_bytes: 17046078 kNewNativeDiscountFactor: 2 kOldNativeDiscountFactor: 65536 old_native_bytes: 73861049 new_native_bytes: 13464796 add_bytes_allowed: 31607253 is_gc_concurrent: 1 target_footprint_: 17177150 GetBytesAllocated: 10286560 HeapGrowthMultiplier: 3
12-21 16:13:53.206  3148  3670 I com.miui.home: CheckGCForNative gc_urgency 0.51812 current_native_bytes is 87325845
12-21 16:13:53.227  3148  3670 I com.miui.home: CheckGCForNative adj_start_bytes: 32849704 NativeAllocationGcWatermark: 10535751 java_gc_start_bytes: 17046078 kNewNativeDiscountFactor: 2 kOldNativeDiscountFactor: 65536 old_native_bytes: 73861049 new_native_bytes: 14009524 add_bytes_allowed: 31607253 is_gc_concurrent: 1 target_footprint_: 17177150 GetBytesAllocated: 10319504 HeapGrowthMultiplier: 3
12-21 16:13:53.227  3148  3670 I com.miui.home: CheckGCForNative gc_urgency 0.527414 current_native_bytes is 87870573
12-21 16:13:53.243  3148  3670 I com.miui.home: CheckGCForNative adj_start_bytes: 32849704 NativeAllocationGcWatermark: 10535751 java_gc_start_bytes: 17046078 kNewNativeDiscountFactor: 2 kOldNativeDiscountFactor: 65536 old_native_bytes: 73861049 new_native_bytes: 14540148 add_bytes_allowed: 31607253 is_gc_concurrent: 1 target_footprint_: 17177150 GetBytesAllocated: 10352448 HeapGrowthMultiplier: 3
12-21 16:13:53.243  3148  3670 I com.miui.home: CheckGCForNative gc_urgency 0.536493 current_native_bytes is 88401197
12-21 16:13:53.245  3148  3670 I com.miui.home: CheckGCForNative adj_start_bytes: 32849704 NativeAllocationGcWatermark: 10535751 java_gc_start_bytes: 17046078 kNewNativeDiscountFactor: 2 kOldNativeDiscountFactor: 65536 old_native_bytes: 73861049 new_native_bytes: 14936468 add_bytes_allowed: 31607253 is_gc_concurrent: 1 target_footprint_: 17177150 GetBytesAllocated: 10352448 HeapGrowthMultiplier: 3
12-21 16:13:53.245  3148  3670 I com.miui.home: CheckGCForNative gc_urgency 0.542526 current_native_bytes is 88797517
12-21 16:13:53.344  3148  3670 I com.miui.home: CheckGCForNative adj_start_bytes: 32849704 NativeAllocationGcWatermark: 10535751 java_gc_start_bytes: 17046078 kNewNativeDiscountFactor: 2 kOldNativeDiscountFactor: 65536 old_native_bytes: 73861049 new_native_bytes: 15586932 add_bytes_allowed: 31607253 is_gc_concurrent: 1 target_footprint_: 17177150 GetBytesAllocated: 10385392 HeapGrowthMultiplier: 3
12-21 16:13:53.344  3148  3670 I com.miui.home: CheckGCForNative gc_urgency 0.553429 current_native_bytes is 89447981
12-21 16:13:53.608  3148  3670 I com.miui.home: CheckGCForNative adj_start_bytes: 32849704 NativeAllocationGcWatermark: 10535751 java_gc_start_bytes: 17046078 kNewNativeDiscountFactor: 2 kOldNativeDiscountFactor: 65536 old_native_bytes: 73861049 new_native_bytes: 27314728 add_bytes_allowed: 31607253 is_gc_concurrent: 1 target_footprint_: 17177150 GetBytesAllocated: 10484800 HeapGrowthMultiplier: 3
12-21 16:13:53.608  3148  3670 I com.miui.home: CheckGCForNative gc_urgency 0.734962 current_native_bytes is 101175777
12-21 16:13:53.610  3148  3670 I com.miui.home: CheckGCForNative adj_start_bytes: 32849704 NativeAllocationGcWatermark: 10535751 java_gc_start_bytes: 17046078 kNewNativeDiscountFactor: 2 kOldNativeDiscountFactor: 65536 old_native_bytes: 73861049 new_native_bytes: 38020648 add_bytes_allowed: 31607253 is_gc_concurrent: 1 target_footprint_: 17177150 GetBytesAllocated: 10501376 HeapGrowthMultiplier: 3
12-21 16:13:53.610  3148  3670 I com.miui.home: CheckGCForNative gc_urgency 0.89842 current_native_bytes is 111881697
12-21 16:13:53.668  3148  3670 I com.miui.home: CheckGCForNative adj_start_bytes: 32849704 NativeAllocationGcWatermark: 10535751 java_gc_start_bytes: 17046078 kNewNativeDiscountFactor: 2 kOldNativeDiscountFactor: 65536 old_native_bytes: 73861049 new_native_bytes: 38021672 add_bytes_allowed: 31607253 is_gc_concurrent: 1 target_footprint_: 17177150 GetBytesAllocated: 10501376 HeapGrowthMultiplier: 3
12-21 16:13:53.668  3148  3670 I com.miui.home: CheckGCForNative gc_urgency 0.898435 current_native_bytes is 111882721
12-21 16:13:53.668  3148  3670 I com.miui.home: CheckGCForNative adj_start_bytes: 32849704 NativeAllocationGcWatermark: 10535751 java_gc_start_bytes: 17046078 kNewNativeDiscountFactor: 2 kOldNativeDiscountFactor: 65536 old_native_bytes: 73861049 new_native_bytes: 48728232 add_bytes_allowed: 31607253 is_gc_concurrent: 1 target_footprint_: 17177150 GetBytesAllocated: 10517952 HeapGrowthMultiplier: 3
12-21 16:13:53.668  3148  3670 I com.miui.home: CheckGCForNative gc_urgency 1.0619 current_native_bytes is 122589281
12-21 16:13:53.668  3148  3670 I com.miui.home: CheckGCForNative requested 1
12-21 16:13:53.705  3148  3670 I com.miui.home: CheckGCForNative adj_start_bytes: 32849704 NativeAllocationGcWatermark: 10535751 java_gc_start_bytes: 17046078 kNewNativeDiscountFactor: 2 kOldNativeDiscountFactor: 65536 old_native_bytes: 73861049 new_native_bytes: 38085256 add_bytes_allowed: 31607253 is_gc_concurrent: 1 target_footprint_: 17177150 GetBytesAllocated: 10633488 HeapGrowthMultiplier: 3
12-21 16:13:53.705  3148  3670 I com.miui.home: CheckGCForNative gc_urgency 0.903425 current_native_bytes is 111946305
12-21 16:13:53.745  3148  3670 I com.miui.home: CheckGCForNative adj_start_bytes: 32849704 NativeAllocationGcWatermark: 10535751 java_gc_start_bytes: 17046078 kNewNativeDiscountFactor: 2 kOldNativeDiscountFactor: 65536 old_native_bytes: 73861049 new_native_bytes: 38399752 add_bytes_allowed: 31607253 is_gc_concurrent: 1 target_footprint_: 17177150 GetBytesAllocated: 10862864 HeapGrowthMultiplier: 3
12-21 16:13:53.745  3148  3670 I com.miui.home: CheckGCForNative gc_urgency 0.915195 current_native_bytes is 112260801
12-21 16:13:53.807  7718  7718 I wm_on_application_create_called: [0,com.autonavi.minimap,388]
12-21 16:13:53.841  3148  3187 I com.miui.home: NativeAlloc concurrent copying GC freed 29341(1734KB) AllocSpace objects, 11(284KB) LOS objects, 49% free, 8654KB/16MB, paused 234us,115us total 171.728ms
12-21 16:13:53.948  7629  7629 I wm_on_application_create_called: [0,com.autonavi.minimap,887]
12-21 16:13:54.118  7629  7629 I wm_on_create_called: [0,227426489,com.autonavi.map.activity.SplashActivity,performCreate,153]
12-21 16:13:54.275  7629  7629 I wm_on_create_called: [0,104959211,com.autonavi.map.activity.NewMapActivity,performCreate,97]
12-21 16:13:54.284  7629  7629 I wm_on_start_called: [0,104959211,com.autonavi.map.activity.NewMapActivity,handleStartActivity,8]
12-21 16:13:54.288  7629  7629 I wm_on_resume_called: [0,104959211,com.autonavi.map.activity.NewMapActivity,RESUME_ACTIVITY,4]
12-21 16:13:54.315  7629  7629 I wm_on_top_resumed_gained_called: [104959211,com.autonavi.map.activity.NewMapActivity,topStateChangedWhenResumed]
12-21 16:13:54.323  3148  3670 I com.miui.home: CheckGCForNative gc_urgency 0 current_native_bytes is 105835321
12-21 16:13:54.331  3148  3670 I com.miui.home: CheckGCForNative adj_start_bytes: 33219310 NativeAllocationGcWatermark: 10604065 java_gc_start_bytes: 17313213 kNewNativeDiscountFactor: 2 kOldNativeDiscountFactor: 65536 old_native_bytes: 105835321 new_native_bytes: 1033824 add_bytes_allowed: 31812195 is_gc_concurrent: 1 target_footprint_: 17723661 GetBytesAllocated: 9353768 HeapGrowthMultiplier: 3
12-21 16:13:54.331  3148  3670 I com.miui.home: CheckGCForNative gc_urgency 0.297185 current_native_bytes is 106869145
12-21 16:13:54.408  3148  3670 I com.miui.home: CheckGCForNative adj_start_bytes: 33219310 NativeAllocationGcWatermark: 10604065 java_gc_start_bytes: 17313213 kNewNativeDiscountFactor: 2 kOldNativeDiscountFactor: 65536 old_native_bytes: 105835321 new_native_bytes: 2008308 add_bytes_allowed: 31812195 is_gc_concurrent: 1 target_footprint_: 17723661 GetBytesAllocated: 9731112 HeapGrowthMultiplier: 3
12-21 16:13:54.408  3148  3670 I com.miui.home: CheckGCForNative gc_urgency 0.323212 current_native_bytes is 107843629
12-21 16:13:54.427  3148  3670 I com.miui.home: CheckGCForNative adj_start_bytes: 33219310 NativeAllocationGcWatermark: 10604065 java_gc_start_bytes: 17313213 kNewNativeDiscountFactor: 2 kOldNativeDiscountFactor: 65536 old_native_bytes: 105835321 new_native_bytes: 2080232 add_bytes_allowed: 31812195 is_gc_concurrent: 1 target_footprint_: 17723661 GetBytesAllocated: 9911336 HeapGrowthMultiplier: 3
12-21 16:13:54.428  3148  3670 I com.miui.home: CheckGCForNative gc_urgency 0.32972 current_native_bytes is 107915553
12-21 16:13:54.984  3148  3148 I wm_on_stop_called: [0,201178947,com.miui.home.launcher.Launcher,STOP_ACTIVITY_ITEM,6]
12-21 16:13:55.448  3148  3148 I wm_on_restart_called: [0,201178947,com.miui.home.launcher.Launcher,performRestartActivity,0]
12-21 16:13:55.449  3148  3148 I wm_on_start_called: [0,201178947,com.miui.home.launcher.Launcher,handleStartActivity,1]
12-21 16:13:57.703  3148  3148 I wm_on_resume_called: [0,201178947,com.miui.home.launcher.Launcher,RESUME_ACTIVITY,17]
12-21 16:13:57.722  3148  3148 I wm_on_idle_called: com.miui.home.launcher.Launcher
12-21 16:13:58.065  3148  3670 I com.miui.home: CheckGCForNative adj_start_bytes: 33219310 NativeAllocationGcWatermark: 10604065 java_gc_start_bytes: 17313213 kNewNativeDiscountFactor: 2 kOldNativeDiscountFactor: 65536 old_native_bytes: 105835321 new_native_bytes: 2856984 add_bytes_allowed: 31812195 is_gc_concurrent: 1 target_footprint_: 17723661 GetBytesAllocated: 12251336 HeapGrowthMultiplier: 3
12-21 16:13:58.065  3148  3670 I com.miui.home: CheckGCForNative gc_urgency 0.411852 current_native_bytes is 108692305
12-21 16:13:58.084  3148  8132 I com.miui.home: CheckGCForNative adj_start_bytes: 33219310 NativeAllocationGcWatermark: 10604065 java_gc_start_bytes: 17313213 kNewNativeDiscountFactor: 2 kOldNativeDiscountFactor: 65536 old_native_bytes: 105835321 new_native_bytes: 3070604 add_bytes_allowed: 31812195 is_gc_concurrent: 1 target_footprint_: 17723661 GetBytesAllocated: 12447944 HeapGrowthMultiplier: 3
12-21 16:13:58.084  3148  8132 I com.miui.home: CheckGCForNative gc_urgency 0.420986 current_native_bytes is 108905925
12-21 16:13:58.091  3148  3670 I com.miui.home: CheckGCForNative adj_start_bytes: 33219310 NativeAllocationGcWatermark: 10604065 java_gc_start_bytes: 17313213 kNewNativeDiscountFactor: 2 kOldNativeDiscountFactor: 65536 old_native_bytes: 105835321 new_native_bytes: 3079436 add_bytes_allowed: 31812195 is_gc_concurrent: 1 target_footprint_: 17723661 GetBytesAllocated: 12562728 HeapGrowthMultiplier: 3
12-21 16:13:58.091  3148  3670 I com.miui.home: CheckGCForNative gc_urgency 0.424574 current_native_bytes is 108914757
12-21 16:13:58.109  3148  3670 I com.miui.home: CheckGCForNative adj_start_bytes: 33219310 NativeAllocationGcWatermark: 10604065 java_gc_start_bytes: 17313213 kNewNativeDiscountFactor: 2 kOldNativeDiscountFactor: 65536 old_native_bytes: 105835321 new_native_bytes: 3214796 add_bytes_allowed: 31812195 is_gc_concurrent: 1 target_footprint_: 17723661 GetBytesAllocated: 12775720 HeapGrowthMultiplier: 3
12-21 16:13:58.110  3148  3670 I com.miui.home: CheckGCForNative gc_urgency 0.433023 current_native_bytes is 109050117
12-21 16:13:58.162  3148  3148 I wm_on_top_resumed_gained_called: [201178947,com.miui.home.launcher.Launcher,topStateChangedWhenResumed]
12-21 16:13:58.456  7629  7629 I wm_on_destroy_called: [0,227426489,com.autonavi.map.activity.SplashActivity,performDestroy,2]
12-21 16:13:58.511  7629  7629 I wm_on_top_resumed_lost_called: [104959211,com.autonavi.map.activity.NewMapActivity,topStateChangedWhenResumed]
12-21 16:13:58.524  7629  7629 I wm_on_paused_called: [0,104959211,com.autonavi.map.activity.NewMapActivity,performPause,10]
12-21 16:13:58.638  7629  7629 I wm_on_stop_called: [0,104959211,com.autonavi.map.activity.NewMapActivity,STOP_ACTIVITY_ITEM,82]
12-21 16:13:58.913  7629  7629 I wm_on_idle_called: com.autonavi.map.activity.NewMapActivity
12-21 16:13:59.529  3148  3148 I wm_on_top_resumed_lost_called: [201178947,com.miui.home.launcher.Launcher,topStateChangedWhenResumed]
12-21 16:13:59.530  3148  3148 I wm_on_paused_called: [0,201178947,com.miui.home.launcher.Launcher,performPause,1]
12-21 16:13:59.621  3148  3670 I com.miui.home: CheckGCForNative adj_start_bytes: 33219310 NativeAllocationGcWatermark: 10604065 java_gc_start_bytes: 17313213 kNewNativeDiscountFactor: 2 kOldNativeDiscountFactor: 65536 old_native_bytes: 105835321 new_native_bytes: 3725244 add_bytes_allowed: 31812195 is_gc_concurrent: 1 target_footprint_: 17723661 GetBytesAllocated: 13562472 HeapGrowthMultiplier: 3
12-21 16:13:59.621  3148  3670 I com.miui.home: CheckGCForNative gc_urgency 0.46439 current_native_bytes is 109560565
12-21 16:13:59.646  3148  3670 I com.miui.home: CheckGCForNative adj_start_bytes: 33219310 NativeAllocationGcWatermark: 10604065 java_gc_start_bytes: 17313213 kNewNativeDiscountFactor: 2 kOldNativeDiscountFactor: 65536 old_native_bytes: 105835321 new_native_bytes: 4009316 add_bytes_allowed: 31812195 is_gc_concurrent: 1 target_footprint_: 17723661 GetBytesAllocated: 13898376 HeapGrowthMultiplier: 3
12-21 16:13:59.647  3148  3670 I com.miui.home: CheckGCForNative gc_urgency 0.478777 current_native_bytes is 109844637
12-21 16:13:59.734  3148  3670 I com.miui.home: CheckGCForNative adj_start_bytes: 33219310 NativeAllocationGcWatermark: 10604065 java_gc_start_bytes: 17313213 kNewNativeDiscountFactor: 2 kOldNativeDiscountFactor: 65536 old_native_bytes: 105835321 new_native_bytes: 4299192 add_bytes_allowed: 31812195 is_gc_concurrent: 1 target_footprint_: 17723661 GetBytesAllocated: 14291752 HeapGrowthMultiplier: 3
12-21 16:13:59.734  3148  3670 I com.miui.home: CheckGCForNative gc_urgency 0.494982 current_native_bytes is 110134513
12-21 16:14:00.183  8346  8346 I wm_on_create_called: [0,22115849,fm.qingting.qtradio.WelcomeActivity,performCreate,97]
12-21 16:14:00.184  8346  8346 I wm_on_start_called: [0,22115849,fm.qingting.qtradio.WelcomeActivity,handleStartActivity,0]
12-21 16:14:00.187  8346  8346 I wm_on_resume_called: [0,22115849,fm.qingting.qtradio.WelcomeActivity,RESUME_ACTIVITY,3]
12-21 16:14:00.205  8346  8346 I wm_on_top_resumed_gained_called: [22115849,fm.qingting.qtradio.WelcomeActivity,topStateChangedWhenResumed]
12-21 16:14:00.483  3148  3148 I wm_on_stop_called: [0,201178947,com.miui.home.launcher.Launcher,STOP_ACTIVITY_ITEM,2]
12-21 16:14:00.781  8346  8346 I wm_on_idle_called: fm.qingting.qtradio.WelcomeActivity
12-21 16:14:00.948  8346  8346 I wm_on_top_resumed_lost_called: [22115849,fm.qingting.qtradio.WelcomeActivity,topStateChangedWhenResumed]
12-21 16:14:00.951  8346  8346 I wm_on_paused_called: [0,22115849,fm.qingting.qtradio.WelcomeActivity,performPause,3]
12-21 16:14:00.979  3148  3148 I wm_on_restart_called: [0,201178947,com.miui.home.launcher.Launcher,performRestartActivity,0]
12-21 16:14:00.980  3148  3148 I wm_on_start_called: [0,201178947,com.miui.home.launcher.Launcher,handleStartActivity,1]
12-21 16:14:01.047  3148  3568 I com.miui.home: CheckGCForNative adj_start_bytes: 33219310 NativeAllocationGcWatermark: 10604065 java_gc_start_bytes: 17313213 kNewNativeDiscountFactor: 2 kOldNativeDiscountFactor: 65536 old_native_bytes: 105835321 new_native_bytes: 15112332 add_bytes_allowed: 31812195 is_gc_concurrent: 1 target_footprint_: 17723661 GetBytesAllocated: 15005000 HeapGrowthMultiplier: 3
12-21 16:14:01.052  3148  3568 I com.miui.home: CheckGCForNative gc_urgency 0.680193 current_native_bytes is 120947653
12-21 16:14:01.052  3148  3568 I com.miui.home: CheckGCForNative adj_start_bytes: 33219310 NativeAllocationGcWatermark: 10604065 java_gc_start_bytes: 17313213 kNewNativeDiscountFactor: 2 kOldNativeDiscountFactor: 65536 old_native_bytes: 105835321 new_native_bytes: 25818124 add_bytes_allowed: 31812195 is_gc_concurrent: 1 target_footprint_: 17723661 GetBytesAllocated: 15037960 HeapGrowthMultiplier: 3
12-21 16:14:01.052  3148  3568 I com.miui.home: CheckGCForNative gc_urgency 0.841337 current_native_bytes is 131653445
12-21 16:14:01.057  3148  3270 I com.miui.home: CheckGCForNative adj_start_bytes: 33219310 NativeAllocationGcWatermark: 10604065 java_gc_start_bytes: 17313213 kNewNativeDiscountFactor: 2 kOldNativeDiscountFactor: 65536 old_native_bytes: 105835321 new_native_bytes: 15113548 add_bytes_allowed: 31812195 is_gc_concurrent: 1 target_footprint_: 17723661 GetBytesAllocated: 15054344 HeapGrowthMultiplier: 3
12-21 16:14:01.057  3148  3270 I com.miui.home: CheckGCForNative gc_urgency 0.68071 current_native_bytes is 120948869
12-21 16:14:01.064  3148  3568 I com.miui.home: CheckGCForNative adj_start_bytes: 33219310 NativeAllocationGcWatermark: 10604065 java_gc_start_bytes: 17313213 kNewNativeDiscountFactor: 2 kOldNativeDiscountFactor: 65536 old_native_bytes: 105835321 new_native_bytes: 25825164 add_bytes_allowed: 31812195 is_gc_concurrent: 1 target_footprint_: 17723661 GetBytesAllocated: 15070728 HeapGrowthMultiplier: 3
12-21 16:14:01.064  3148  3568 I com.miui.home: CheckGCForNative gc_urgency 0.842429 current_native_bytes is 131660485
12-21 16:14:01.174  3148  3670 I com.miui.home: CheckGCForNative adj_start_bytes: 33219310 NativeAllocationGcWatermark: 10604065 java_gc_start_bytes: 17313213 kNewNativeDiscountFactor: 2 kOldNativeDiscountFactor: 65536 old_native_bytes: 105835321 new_native_bytes: 15446236 add_bytes_allowed: 31812195 is_gc_concurrent: 1 target_footprint_: 17723661 GetBytesAllocated: 15415256 HeapGrowthMultiplier: 3
12-21 16:14:01.174  3148  3670 I com.miui.home: CheckGCForNative gc_urgency 0.696582 current_native_bytes is 121281557
12-21 16:14:01.189  3148  3310 I com.miui.home: CheckGCForNative adj_start_bytes: 33219310 NativeAllocationGcWatermark: 10604065 java_gc_start_bytes: 17313213 kNewNativeDiscountFactor: 2 kOldNativeDiscountFactor: 65536 old_native_bytes: 105835321 new_native_bytes: 15473884 add_bytes_allowed: 31812195 is_gc_concurrent: 1 target_footprint_: 17723661 GetBytesAllocated: 15464408 HeapGrowthMultiplier: 3
12-21 16:14:01.189  3148  3310 I com.miui.home: CheckGCForNative gc_urgency 0.698478 current_native_bytes is 121309205
12-21 16:14:01.215  3148  3670 I com.miui.home: CheckGCForNative adj_start_bytes: 33219310 NativeAllocationGcWatermark: 10604065 java_gc_start_bytes: 17313213 kNewNativeDiscountFactor: 2 kOldNativeDiscountFactor: 65536 old_native_bytes: 105835321 new_native_bytes: 26154384 add_bytes_allowed: 31812195 is_gc_concurrent: 1 target_footprint_: 17723661 GetBytesAllocated: 15579096 HeapGrowthMultiplier: 3
12-21 16:14:01.215  3148  3670 I com.miui.home: CheckGCForNative gc_urgency 0.862688 current_native_bytes is 131989705
12-21 16:14:01.240  3148  3670 I com.miui.home: CheckGCForNative adj_start_bytes: 33219310 NativeAllocationGcWatermark: 10604065 java_gc_start_bytes: 17313213 kNewNativeDiscountFactor: 2 kOldNativeDiscountFactor: 65536 old_native_bytes: 105835321 new_native_bytes: 15567632 add_bytes_allowed: 31812195 is_gc_concurrent: 1 target_footprint_: 17723661 GetBytesAllocated: 15792440 HeapGrowthMultiplier: 3
12-21 16:14:01.240  3148  3670 I com.miui.home: CheckGCForNative gc_urgency 0.709764 current_native_bytes is 121402953
12-21 16:14:01.258  3148  3670 I com.miui.home: CheckGCForNative adj_start_bytes: 33219310 NativeAllocationGcWatermark: 10604065 java_gc_start_bytes: 17313213 kNewNativeDiscountFactor: 2 kOldNativeDiscountFactor: 65536 old_native_bytes: 105835321 new_native_bytes: 15746320 add_bytes_allowed: 31812195 is_gc_concurrent: 1 target_footprint_: 17723661 GetBytesAllocated: 15956280 HeapGrowthMultiplier: 3
12-21 16:14:01.258  3148  3670 I com.miui.home: CheckGCForNative gc_urgency 0.717386 current_native_bytes is 121581641
12-21 16:14:01.372  8346  8346 I wm_on_create_called: [0,150745959,fm.qingting.qtradio.QTRadioActivity,performCreate,328]
12-21 16:14:01.425  8346  8346 I wm_on_start_called: [0,150745959,fm.qingting.qtradio.QTRadioActivity,handleStartActivity,52]
12-21 16:14:01.429  8346  8346 I wm_on_resume_called: [0,150745959,fm.qingting.qtradio.QTRadioActivity,RESUME_ACTIVITY,4]
12-21 16:14:01.439  8346  8346 I wm_on_top_resumed_gained_called: [150745959,fm.qingting.qtradio.QTRadioActivity,topStateChangedWhenResumed]
12-21 16:14:01.523  3148  3310 I com.miui.home: CheckGCForNative adj_start_bytes: 33219310 NativeAllocationGcWatermark: 10604065 java_gc_start_bytes: 17313213 kNewNativeDiscountFactor: 2 kOldNativeDiscountFactor: 65536 old_native_bytes: 105835321 new_native_bytes: 15861124 add_bytes_allowed: 31812195 is_gc_concurrent: 1 target_footprint_: 17723661 GetBytesAllocated: 16136536 HeapGrowthMultiplier: 3
12-21 16:14:01.523  3148  3310 I com.miui.home: CheckGCForNative gc_urgency 0.72454 current_native_bytes is 121696445
12-21 16:14:01.625  3148  3148 I wm_on_resume_called: [0,201178947,com.miui.home.launcher.Launcher,RESUME_ACTIVITY,3]
12-21 16:14:01.801  3148  3148 I wm_on_idle_called: com.miui.home.launcher.Launcher
12-21 16:14:01.889  8346  8346 I wm_on_top_resumed_lost_called: [150745959,fm.qingting.qtradio.QTRadioActivity,topStateChangedWhenResumed]
12-21 16:14:01.908  3148  3148 I wm_on_top_resumed_gained_called: [201178947,com.miui.home.launcher.Launcher,topStateChangedWhenResumed]
12-21 16:14:01.909  8346  8346 I wm_on_paused_called: [0,150745959,fm.qingting.qtradio.QTRadioActivity,performPause,1]
12-21 16:14:01.966  8346  8346 I wm_on_stop_called: [0,150745959,fm.qingting.qtradio.QTRadioActivity,STOP_ACTIVITY_ITEM,2]
12-21 16:14:01.976  8346  8346 I wm_on_stop_called: [0,22115849,fm.qingting.qtradio.WelcomeActivity,LIFECYCLER_STOP_ACTIVITY,5]
12-21 16:14:01.984  8346  8346 I wm_on_destroy_called: [0,22115849,fm.qingting.qtradio.WelcomeActivity,performDestroy,1]
12-21 16:14:02.011  3148  3670 I com.miui.home: CheckGCForNative adj_start_bytes: 33219310 NativeAllocationGcWatermark: 10604065 java_gc_start_bytes: 17313213 kNewNativeDiscountFactor: 2 kOldNativeDiscountFactor: 65536 old_native_bytes: 105835321 new_native_bytes: 16151956 add_bytes_allowed: 31812195 is_gc_concurrent: 1 target_footprint_: 17723661 GetBytesAllocated: 17268184 HeapGrowthMultiplier: 3
12-21 16:14:02.011  3148  3670 I com.miui.home: CheckGCForNative gc_urgency 0.762983 current_native_bytes is 121987277
12-21 16:14:02.053  3148  3670 I com.miui.home: CheckGCForNative adj_start_bytes: 33219310 NativeAllocationGcWatermark: 10604065 java_gc_start_bytes: 17313213 kNewNativeDiscountFactor: 2 kOldNativeDiscountFactor: 65536 old_native_bytes: 105835321 new_native_bytes: 26941160 add_bytes_allowed: 31812195 is_gc_concurrent: 1 target_footprint_: 17723661 GetBytesAllocated: 17415672 HeapGrowthMultiplier: 3
12-21 16:14:02.053  3148  3670 I com.miui.home: CheckGCForNative gc_urgency 0.929817 current_native_bytes is 132776481
12-21 16:14:02.085  3148  3670 I com.miui.home: CheckGCForNative adj_start_bytes: 33219310 NativeAllocationGcWatermark: 10604065 java_gc_start_bytes: 17313213 kNewNativeDiscountFactor: 2 kOldNativeDiscountFactor: 65536 old_native_bytes: 105835321 new_native_bytes: 16425960 add_bytes_allowed: 31812195 is_gc_concurrent: 1 target_footprint_: 17723661 GetBytesAllocated: 17645400 HeapGrowthMultiplier: 3
12-21 16:14:02.085  3148  3670 I com.miui.home: CheckGCForNative gc_urgency 0.778463 current_native_bytes is 122261281
12-21 16:14:02.391  3148  3148 I wm_on_top_resumed_lost_called: [201178947,com.miui.home.launcher.Launcher,topStateChangedWhenResumed]
12-21 16:14:02.392  3148  3148 I wm_on_paused_called: [0,201178947,com.miui.home.launcher.Launcher,performPause,1]
12-21 16:14:02.415  3148  3148 I com.miui.home: CheckGCForNative gc_urgency 0 current_native_bytes is 119897493
12-21 16:14:02.549  3148  3670 I com.miui.home: CheckGCForNative adj_start_bytes: 33187006 NativeAllocationGcWatermark: 10604065 java_gc_start_bytes: 17280909 kNewNativeDiscountFactor: 2 kOldNativeDiscountFactor: 65536 old_native_bytes: 119897493 new_native_bytes: 311652 add_bytes_allowed: 31812195 is_gc_concurrent: 1 target_footprint_: 17723661 GetBytesAllocated: 10940072 HeapGrowthMultiplier: 3
12-21 16:14:02.549  3148  3670 I com.miui.home: CheckGCForNative gc_urgency 0.3344 current_native_bytes is 120209145
12-21 16:14:02.571  3148  3670 I com.miui.home: CheckGCForNative adj_start_bytes: 33187006 NativeAllocationGcWatermark: 10604065 java_gc_start_bytes: 17280909 kNewNativeDiscountFactor: 2 kOldNativeDiscountFactor: 65536 old_native_bytes: 119897493 new_native_bytes: 493408 add_bytes_allowed: 31812195 is_gc_concurrent: 1 target_footprint_: 17723661 GetBytesAllocated: 11169672 HeapGrowthMultiplier: 3
12-21 16:14:02.571  3148  3670 I com.miui.home: CheckGCForNative gc_urgency 0.344056 current_native_bytes is 120390901
12-21 16:14:02.612  3148  3310 I com.miui.home: CheckGCForNative adj_start_bytes: 33187006 NativeAllocationGcWatermark: 10604065 java_gc_start_bytes: 17280909 kNewNativeDiscountFactor: 2 kOldNativeDiscountFactor: 65536 old_native_bytes: 119897493 new_native_bytes: 578616 add_bytes_allowed: 31812195 is_gc_concurrent: 1 target_footprint_: 17723661 GetBytesAllocated: 11317128 HeapGrowthMultiplier: 3
12-21 16:14:02.612  3148  3310 I com.miui.home: CheckGCForNative gc_urgency 0.349783 current_native_bytes is 120476109
12-21 16:14:02.682  3148  3670 I com.miui.home: CheckGCForNative adj_start_bytes: 33187006 NativeAllocationGcWatermark: 10604065 java_gc_start_bytes: 17280909 kNewNativeDiscountFactor: 2 kOldNativeDiscountFactor: 65536 old_native_bytes: 119897493 new_native_bytes: 831728 add_bytes_allowed: 31812195 is_gc_concurrent: 1 target_footprint_: 17723661 GetBytesAllocated: 11513736 HeapGrowthMultiplier: 3
12-21 16:14:02.683  3148  3670 I com.miui.home: CheckGCForNative gc_urgency 0.359521 current_native_bytes is 120729221
12-21 16:14:03.989  8897  8897 I wm_on_application_create_called: [0,com.ss.android.ugc.aweme,791]
12-21 16:14:04.056  3148  3194 I com.miui.home: CheckGCForNative adj_start_bytes: 33187006 NativeAllocationGcWatermark: 10604065 java_gc_start_bytes: 17280909 kNewNativeDiscountFactor: 2 kOldNativeDiscountFactor: 65536 old_native_bytes: 119897493 new_native_bytes: 11592592 add_bytes_allowed: 31812195 is_gc_concurrent: 1 target_footprint_: 17723661 GetBytesAllocated: 12041008 HeapGrowthMultiplier: 3
12-21 16:14:04.056  3148  3194 I com.miui.home: CheckGCForNative gc_urgency 0.537534 current_native_bytes is 131490085
12-21 16:14:04.058  3148  3194 I com.miui.home: CheckGCForNative adj_start_bytes: 33187006 NativeAllocationGcWatermark: 10604065 java_gc_start_bytes: 17280909 kNewNativeDiscountFactor: 2 kOldNativeDiscountFactor: 65536 old_native_bytes: 119897493 new_native_bytes: 22298512 add_bytes_allowed: 31812195 is_gc_concurrent: 1 target_footprint_: 17723661 GetBytesAllocated: 12041200 HeapGrowthMultiplier: 3
12-21 16:14:04.061  3148  3194 I com.miui.home: CheckGCForNative gc_urgency 0.698836 current_native_bytes is 142196005
12-21 16:14:04.082  3148  3194 I com.miui.home: CheckGCForNative adj_start_bytes: 33187006 NativeAllocationGcWatermark: 10604065 java_gc_start_bytes: 17280909 kNewNativeDiscountFactor: 2 kOldNativeDiscountFactor: 65536 old_native_bytes: 119897493 new_native_bytes: 22311456 add_bytes_allowed: 31812195 is_gc_concurrent: 1 target_footprint_: 17723661 GetBytesAllocated: 12057584 HeapGrowthMultiplier: 3
12-21 16:14:04.084  3148  3194 I com.miui.home: CheckGCForNative gc_urgency 0.699525 current_native_bytes is 142208949
12-21 16:14:04.159  3148  3148 I wm_on_stop_called: [0,201178947,com.miui.home.launcher.Launcher,STOP_ACTIVITY_ITEM,2]
12-21 16:14:04.729  8897  8897 I wm_on_create_called: [0,241386011,com.ss.android.ugc.aweme.splash.SplashActivity,performCreate,527]
12-21 16:14:04.851  8897  8897 I wm_on_start_called: [0,241386011,com.ss.android.ugc.aweme.splash.SplashActivity,handleStartActivity,118]
12-21 16:14:04.905  8897  8897 I wm_on_resume_called: [0,241386011,com.ss.android.ugc.aweme.splash.SplashActivity,RESUME_ACTIVITY,50]
12-21 16:14:04.938  8897  8897 I wm_on_top_resumed_gained_called: [241386011,com.ss.android.ugc.aweme.splash.SplashActivity,topStateChangedWhenResumed]
12-21 16:14:05.124  3148  3148 I wm_on_restart_called: [0,201178947,com.miui.home.launcher.Launcher,performRestartActivity,0]
12-21 16:14:05.124  3148  3148 I wm_on_start_called: [0,201178947,com.miui.home.launcher.Launcher,handleStartActivity,1]
12-21 16:14:05.203  3148  3518 I com.miui.home: CheckGCForNative adj_start_bytes: 33187006 NativeAllocationGcWatermark: 10604065 java_gc_start_bytes: 17280909 kNewNativeDiscountFactor: 2 kOldNativeDiscountFactor: 65536 old_native_bytes: 119897493 new_native_bytes: 22365224 add_bytes_allowed: 31812195 is_gc_concurrent: 1 target_footprint_: 17723661 GetBytesAllocated: 12640016 HeapGrowthMultiplier: 3
12-21 16:14:05.203  3148  3518 I com.miui.home: CheckGCForNative gc_urgency 0.717885 current_native_bytes is 142262717
12-21 16:14:05.204  3148  3518 I com.miui.home: CheckGCForNative adj_start_bytes: 33187006 NativeAllocationGcWatermark: 10604065 java_gc_start_bytes: 17280909 kNewNativeDiscountFactor: 2 kOldNativeDiscountFactor: 65536 old_native_bytes: 119897493 new_native_bytes: 33071144 add_bytes_allowed: 31812195 is_gc_concurrent: 1 target_footprint_: 17723661 GetBytesAllocated: 12656592 HeapGrowthMultiplier: 3
12-21 16:14:05.205  3148  3518 I com.miui.home: CheckGCForNative gc_urgency 0.879681 current_native_bytes is 152968637
12-21 16:14:05.242  3148  3518 I com.miui.home: CheckGCForNative adj_start_bytes: 33187006 NativeAllocationGcWatermark: 10604065 java_gc_start_bytes: 17280909 kNewNativeDiscountFactor: 2 kOldNativeDiscountFactor: 65536 old_native_bytes: 119897493 new_native_bytes: 33084808 add_bytes_allowed: 31812195 is_gc_concurrent: 1 target_footprint_: 17723661 GetBytesAllocated: 12738512 HeapGrowthMultiplier: 3
12-21 16:14:05.244  3148  3518 I com.miui.home: CheckGCForNative gc_urgency 0.882356 current_native_bytes is 152982301
12-21 16:14:05.450  3148  3310 I com.miui.home: CheckGCForNative adj_start_bytes: 33187006 NativeAllocationGcWatermark: 10604065 java_gc_start_bytes: 17280909 kNewNativeDiscountFactor: 2 kOldNativeDiscountFactor: 65536 old_native_bytes: 119897493 new_native_bytes: 22368760 add_bytes_allowed: 31812195 is_gc_concurrent: 1 target_footprint_: 17723661 GetBytesAllocated: 12853392 HeapGrowthMultiplier: 3
12-21 16:14:05.450  3148  3310 I com.miui.home: CheckGCForNative gc_urgency 0.724368 current_native_bytes is 142266253
12-21 16:14:05.584  3148  3310 I com.miui.home: CheckGCForNative adj_start_bytes: 33187006 NativeAllocationGcWatermark: 10604065 java_gc_start_bytes: 17280909 kNewNativeDiscountFactor: 2 kOldNativeDiscountFactor: 65536 old_native_bytes: 119897493 new_native_bytes: 22362616 add_bytes_allowed: 31812195 is_gc_concurrent: 1 target_footprint_: 17723661 GetBytesAllocated: 12918928 HeapGrowthMultiplier: 3
12-21 16:14:05.584  3148  3310 I com.miui.home: CheckGCForNative gc_urgency 0.72625 current_native_bytes is 142260109
12-21 16:14:05.733  3148  3148 I wm_on_resume_called: [0,201178947,com.miui.home.launcher.Launcher,RESUME_ACTIVITY,7]
12-21 16:14:05.734  3148  3148 I wm_on_idle_called: com.miui.home.launcher.Launcher
12-21 16:14:05.875  3148  3670 I com.miui.home: CheckGCForNative adj_start_bytes: 33187006 NativeAllocationGcWatermark: 10604065 java_gc_start_bytes: 17280909 kNewNativeDiscountFactor: 2 kOldNativeDiscountFactor: 65536 old_native_bytes: 119897493 new_native_bytes: 22476620 add_bytes_allowed: 31812195 is_gc_concurrent: 1 target_footprint_: 17723661 GetBytesAllocated: 13935920 HeapGrowthMultiplier: 3
12-21 16:14:05.875  3148  3670 I com.miui.home: CheckGCForNative gc_urgency 0.758612 current_native_bytes is 142374113
12-21 16:14:05.890  3148  3670 I com.miui.home: CheckGCForNative adj_start_bytes: 33187006 NativeAllocationGcWatermark: 10604065 java_gc_start_bytes: 17280909 kNewNativeDiscountFactor: 2 kOldNativeDiscountFactor: 65536 old_native_bytes: 119897493 new_native_bytes: 22738892 add_bytes_allowed: 31812195 is_gc_concurrent: 1 target_footprint_: 17723661 GetBytesAllocated: 14132528 HeapGrowthMultiplier: 3
12-21 16:14:05.890  3148  3670 I com.miui.home: CheckGCForNative gc_urgency 0.768488 current_native_bytes is 142636385
12-21 16:14:05.895  3148  3670 I com.miui.home: CheckGCForNative adj_start_bytes: 33187006 NativeAllocationGcWatermark: 10604065 java_gc_start_bytes: 17280909 kNewNativeDiscountFactor: 2 kOldNativeDiscountFactor: 65536 old_native_bytes: 119897493 new_native_bytes: 33490956 add_bytes_allowed: 31812195 is_gc_concurrent: 1 target_footprint_: 17723661 GetBytesAllocated: 14181680 HeapGrowthMultiplier: 3
12-21 16:14:05.895  3148  3670 I com.miui.home: CheckGCForNative gc_urgency 0.931961 current_native_bytes is 153388449
12-21 16:14:06.040  3148  3148 I wm_on_paused_called: [0,201178947,com.miui.home.launcher.Launcher,performPause,1]
12-21 16:14:06.152  3148  3670 I com.miui.home: CheckGCForNative adj_start_bytes: 33187006 NativeAllocationGcWatermark: 10604065 java_gc_start_bytes: 17280909 kNewNativeDiscountFactor: 2 kOldNativeDiscountFactor: 65536 old_native_bytes: 119897493 new_native_bytes: 23120660 add_bytes_allowed: 31812195 is_gc_concurrent: 1 target_footprint_: 17723661 GetBytesAllocated: 14944208 HeapGrowthMultiplier: 3
12-21 16:14:06.152  3148  3670 I com.miui.home: CheckGCForNative gc_urgency 0.798697 current_native_bytes is 143018153
12-21 16:14:06.191  3148  3670 I com.miui.home: CheckGCForNative adj_start_bytes: 33187006 NativeAllocationGcWatermark: 10604065 java_gc_start_bytes: 17280909 kNewNativeDiscountFactor: 2 kOldNativeDiscountFactor: 65536 old_native_bytes: 119897493 new_native_bytes: 23597904 add_bytes_allowed: 31812195 is_gc_concurrent: 1 target_footprint_: 17723661 GetBytesAllocated: 15370480 HeapGrowthMultiplier: 3
12-21 16:14:06.192  3148  3670 I com.miui.home: CheckGCForNative gc_urgency 0.818732 current_native_bytes is 143495397
12-21 16:14:06.254  3148  3670 I com.miui.home: CheckGCForNative adj_start_bytes: 33187006 NativeAllocationGcWatermark: 10604065 java_gc_start_bytes: 17280909 kNewNativeDiscountFactor: 2 kOldNativeDiscountFactor: 65536 old_native_bytes: 119897493 new_native_bytes: 23867208 add_bytes_allowed: 31812195 is_gc_concurrent: 1 target_footprint_: 17723661 GetBytesAllocated: 15632624 HeapGrowthMultiplier: 3
12-21 16:14:06.254  3148  3670 I com.miui.home: CheckGCForNative gc_urgency 0.830688 current_native_bytes is 143764701
12-21 16:14:06.810  9300  9300 I wm_on_create_called: [0,228072004,com.eg.android.AlipayGphone.AlipayLogin,performCreate,118]
12-21 16:14:06.820  9300  9300 I wm_on_start_called: [0,228072004,com.eg.android.AlipayGphone.AlipayLogin,handleStartActivity,9]
12-21 16:14:06.824  9300  9300 I wm_on_resume_called: [0,228072004,com.eg.android.AlipayGphone.AlipayLogin,RESUME_ACTIVITY,3]
12-21 16:14:06.841  9300  9300 I wm_on_top_resumed_gained_called: [228072004,com.eg.android.AlipayGphone.AlipayLogin,topStateChangedWhenResumed]
12-21 16:14:07.243  3148  3148 I wm_on_stop_called: [0,201178947,com.miui.home.launcher.Launcher,STOP_ACTIVITY_ITEM,4]
12-21 16:14:07.589  3148  3148 I wm_on_restart_called: [0,201178947,com.miui.home.launcher.Launcher,performRestartActivity,0]
12-21 16:14:07.590  3148  3148 I wm_on_start_called: [0,201178947,com.miui.home.launcher.Launcher,handleStartActivity,0]
12-21 16:14:07.663  3148  3193 I com.miui.home: CheckGCForNative adj_start_bytes: 33187006 NativeAllocationGcWatermark: 10604065 java_gc_start_bytes: 17280909 kNewNativeDiscountFactor: 2 kOldNativeDiscountFactor: 65536 old_native_bytes: 119897493 new_native_bytes: 35058000 add_bytes_allowed: 31812195 is_gc_concurrent: 1 target_footprint_: 17723661 GetBytesAllocated: 16354080 HeapGrowthMultiplier: 3
12-21 16:14:07.663  3148  3193 I com.miui.home: CheckGCForNative gc_urgency 1.02103 current_native_bytes is 154955493
12-21 16:14:07.663  3148  3193 I com.miui.home: CheckGCForNative requested 1
12-21 16:14:07.663  3148  3193 I com.miui.home: CheckGCForNative adj_start_bytes: 33187006 NativeAllocationGcWatermark: 10604065 java_gc_start_bytes: 17280909 kNewNativeDiscountFactor: 2 kOldNativeDiscountFactor: 65536 old_native_bytes: 119897493 new_native_bytes: 45764560 add_bytes_allowed: 31812195 is_gc_concurrent: 1 target_footprint_: 17723661 GetBytesAllocated: 16370656 HeapGrowthMultiplier: 3
12-21 16:14:07.663  3148  3193 I com.miui.home: CheckGCForNative gc_urgency 1.18284 current_native_bytes is 165662053
12-21 16:14:07.663  3148  3193 I com.miui.home: CheckGCForNative requested 1
12-21 16:14:07.690  3148  3193 I com.miui.home: CheckGCForNative adj_start_bytes: 33187006 NativeAllocationGcWatermark: 10604065 java_gc_start_bytes: 17280909 kNewNativeDiscountFactor: 2 kOldNativeDiscountFactor: 65536 old_native_bytes: 119897493 new_native_bytes: 45771840 add_bytes_allowed: 31812195 is_gc_concurrent: 1 target_footprint_: 17723661 GetBytesAllocated: 16403424 HeapGrowthMultiplier: 3
12-21 16:14:07.690  3148  3193 I com.miui.home: CheckGCForNative gc_urgency 1.18393 current_native_bytes is 165669333
12-21 16:14:07.690  3148  3193 I com.miui.home: CheckGCForNative requested 1
12-21 16:14:07.739  3148  3310 I com.miui.home: CheckGCForNative adj_start_bytes: 33187006 NativeAllocationGcWatermark: 10604065 java_gc_start_bytes: 17280909 kNewNativeDiscountFactor: 2 kOldNativeDiscountFactor: 65536 old_native_bytes: 119897493 new_native_bytes: 35085632 add_bytes_allowed: 31812195 is_gc_concurrent: 1 target_footprint_: 17723661 GetBytesAllocated: 16485536 HeapGrowthMultiplier: 3
12-21 16:14:07.740  3148  3310 I com.miui.home: CheckGCForNative gc_urgency 1.02541 current_native_bytes is 154983125
12-21 16:14:07.740  3148  3310 I com.miui.home: CheckGCForNative requested 1
12-21 16:14:07.845  3148  3187 I com.miui.home: NativeAlloc concurrent copying GC freed 119914(6550KB) AllocSpace objects, 12(488KB) LOS objects, 49% free, 9092KB/17MB, paused 65us,40us total 181.024ms
12-21 16:14:07.845  3148  3310 I com.miui.home: CheckGCForNative adj_start_bytes: 34547725 NativeAllocationGcWatermark: 10716235 java_gc_start_bytes: 18473373 kNewNativeDiscountFactor: 2 kOldNativeDiscountFactor: 65536 old_native_bytes: 154988789 new_native_bytes: 704 add_bytes_allowed: 32148705 is_gc_concurrent: 1 target_footprint_: 18621021 GetBytesAllocated: 9310512 HeapGrowthMultiplier: 3
12-21 16:14:07.845  3148  3310 I com.miui.home: CheckGCForNative gc_urgency 0.269576 current_native_bytes is 154989493
12-21 16:14:07.850  9300  9300 I wm_on_idle_called: com.eg.android.AlipayGphone.AlipayLogin
12-21 16:14:08.111  3148  3310 I com.miui.home: CheckGCForNative gc_urgency 0 current_native_bytes is 120336277
12-21 16:14:08.207  9300  9300 I wm_on_top_resumed_lost_called: [228072004,com.eg.android.AlipayGphone.AlipayLogin,topStateChangedWhenResumed]
12-21 16:14:08.287  9300  9300 I wm_on_paused_called: [0,228072004,com.eg.android.AlipayGphone.AlipayLogin,performPause,37]
12-21 16:14:08.302  3148  3148 I wm_on_resume_called: [0,201178947,com.miui.home.launcher.Launcher,RESUME_ACTIVITY,4]
