12-19 20:39:27.002  3131  3651 I com.miui.home: CheckGCForNative adj_start_bytes: 44624050 NativeAllocationGcWatermark: 11816547 java_gc_start_bytes: 26899230 kNewNativeDiscountFactor: 2 kOldNativeDiscountFactor: 65536 old_native_bytes: 103910089 new_native_bytes: 14909360 add_bytes_allowed: 35449641 is_gc_concurrent: 1 target_footprint_: 27423518 GetBytesAllocated: 20362736 HeapGrowthMultiplier: 3
12-19 20:39:27.003  3131  3651 I com.miui.home: CheckGCForNative gc_urgency 0.623408 current_native_bytes is 118819449
12-19 20:39:27.037  3131  3651 I cccccc  : getTaskSnapshotInstance: 425
12-19 20:39:27.062  3131  3651 I com.miui.home: CheckGCForNative adj_start_bytes: 44624050 NativeAllocationGcWatermark: 11816547 java_gc_start_bytes: 26899230 kNewNativeDiscountFactor: 2 kOldNativeDiscountFactor: 65536 old_native_bytes: 103910089 new_native_bytes: 15318372 add_bytes_allowed: 35449641 is_gc_concurrent: 1 target_footprint_: 27423518 GetBytesAllocated: 20756512 HeapGrowthMultiplier: 3
12-19 20:39:27.063  3131  3651 I com.miui.home: CheckGCForNative gc_urgency 0.636815 current_native_bytes is 119228461
12-19 20:39:27.082  3131  3651 I cccccc  : getTaskSnapshotInstance: 425
12-19 20:39:27.123  3131  3459 I com.miui.home: CheckGCForNative adj_start_bytes: 44624050 NativeAllocationGcWatermark: 11816547 java_gc_start_bytes: 26899230 kNewNativeDiscountFactor: 2 kOldNativeDiscountFactor: 65536 old_native_bytes: 103910089 new_native_bytes: 15538872 add_bytes_allowed: 35449641 is_gc_concurrent: 1 target_footprint_: 27423518 GetBytesAllocated: 21002272 HeapGrowthMultiplier: 3
12-19 20:39:27.123  3131  3459 I com.miui.home: CheckGCForNative gc_urgency 0.644793 current_native_bytes is 119448961
12-19 20:39:27.123  3131  3459 I com.miui.home: CheckGCForNative adj_start_bytes: 44624050 NativeAllocationGcWatermark: 11816547 java_gc_start_bytes: 26899230 kNewNativeDiscountFactor: 2 kOldNativeDiscountFactor: 65536 old_native_bytes: 103910089 new_native_bytes: 15539576 add_bytes_allowed: 35449641 is_gc_concurrent: 1 target_footprint_: 27423518 GetBytesAllocated: 21002272 HeapGrowthMultiplier: 3
12-19 20:39:27.123  3131  3459 I com.miui.home: CheckGCForNative gc_urgency 0.644801 current_native_bytes is 119449665
12-19 20:39:27.592 12318 12318 I wm_on_application_create_called: [0,com.sina.weibo,306]
12-19 20:39:27.706 12318 12318 I wm_on_create_called: [0,97269810,com.sina.weibo.SplashActivity,performCreate,103]
12-19 20:39:27.710 12318 12318 I wm_on_start_called: [0,97269810,com.sina.weibo.SplashActivity,handleStartActivity,4]
12-19 20:39:27.716 12318 12318 I wm_on_resume_called: [0,97269810,com.sina.weibo.SplashActivity,RESUME_ACTIVITY,5]
12-19 20:39:27.741 12318 12318 I wm_on_top_resumed_gained_called: [97269810,com.sina.weibo.SplashActivity,topStateChangedWhenResumed]
12-19 20:39:28.010  3131  3131 I wm_on_stop_called: [0,188963741,com.miui.home.launcher.Launcher,STOP_ACTIVITY_ITEM,7]
12-19 20:39:28.238 12318 12318 I wm_on_idle_called: com.sina.weibo.SplashActivity
12-19 20:39:28.375 12458 12458 I wm_on_application_create_called: [0,com.sina.weibo,380]
12-19 20:39:29.461  3131  3131 I wm_on_restart_called: [0,188963741,com.miui.home.launcher.Launcher,performRestartActivity,0]
12-19 20:39:29.463  3131  3131 I wm_on_start_called: [0,188963741,com.miui.home.launcher.Launcher,handleStartActivity,1]
12-19 20:39:29.499  3131  3189 I com.miui.home: CheckGCForNative adj_start_bytes: 44624050 NativeAllocationGcWatermark: 11816547 java_gc_start_bytes: 26899230 kNewNativeDiscountFactor: 2 kOldNativeDiscountFactor: 65536 old_native_bytes: 103910089 new_native_bytes: 26061608 add_bytes_allowed: 35449641 is_gc_concurrent: 1 target_footprint_: 27423518 GetBytesAllocated: 21863504 HeapGrowthMultiplier: 3
12-19 20:39:29.499  3131  3189 I com.miui.home: CheckGCForNative gc_urgency 0.781997 current_native_bytes is 129971697
12-19 20:39:29.499  3131  3797 I com.miui.home: CheckGCForNative adj_start_bytes: 44624050 NativeAllocationGcWatermark: 11816547 java_gc_start_bytes: 26899230 kNewNativeDiscountFactor: 2 kOldNativeDiscountFactor: 65536 old_native_bytes: 103910089 new_native_bytes: 36767528 add_bytes_allowed: 35449641 is_gc_concurrent: 1 target_footprint_: 27423518 GetBytesAllocated: 21863696 HeapGrowthMultiplier: 3
12-19 20:39:29.500  3131  3797 I com.miui.home: CheckGCForNative gc_urgency 0.901959 current_native_bytes is 140677617
12-19 20:39:29.500  3131  3797 I com.miui.home: CheckGCForNative adj_start_bytes: 44624050 NativeAllocationGcWatermark: 11816547 java_gc_start_bytes: 26899230 kNewNativeDiscountFactor: 2 kOldNativeDiscountFactor: 65536 old_native_bytes: 103910089 new_native_bytes: 47473448 add_bytes_allowed: 35449641 is_gc_concurrent: 1 target_footprint_: 27423518 GetBytesAllocated: 21863888 HeapGrowthMultiplier: 3
12-19 20:39:29.500  3131  3797 I com.miui.home: CheckGCForNative gc_urgency 1.02192 current_native_bytes is 151383537
12-19 20:39:29.503  3131  3797 I com.miui.home: CheckGCForNative requested 1
12-19 20:39:29.515  3131  3797 I cccccc  : getTaskThumbnailInfo: 2460 1.0  10705920
12-19 20:39:29.552  3131  3131 I cccccc  : getTaskThumbnailInfo: 2460 1.0  10705920
12-19 20:39:29.635 12318 12318 I wm_on_top_resumed_lost_called: [97269810,com.sina.weibo.SplashActivity,topStateChangedWhenResumed]
12-19 20:39:29.637 12318 12318 I wm_on_paused_called: [0,97269810,com.sina.weibo.SplashActivity,performPause,1]
12-19 20:39:29.761  3131 10094 D cccccc  : onTaskStackChangedBackground
12-19 20:39:29.761  3131  3797 D cccccc  : onTaskStackChangedBackground
12-19 20:39:29.767  3131  3189 D cccccc  : onTaskStackChangedBackground
12-19 20:39:29.790  3131  3459 I com.miui.home: CheckGCForNative gc_urgency 0 current_native_bytes is 113747525
12-19 20:39:29.847  3131  3651 I com.miui.home: CheckGCForNative adj_start_bytes: 44837345 NativeAllocationGcWatermark: 11816589 java_gc_start_bytes: 27112462 kNewNativeDiscountFactor: 2 kOldNativeDiscountFactor: 65536 old_native_bytes: 113747525 new_native_bytes: 1670168 add_bytes_allowed: 35449767 is_gc_concurrent: 1 target_footprint_: 27423854 GetBytesAllocated: 14286280 HeapGrowthMultiplier: 3
12-19 20:39:29.847  3131  3651 I com.miui.home: CheckGCForNative gc_urgency 0.337288 current_native_bytes is 115417693
12-19 20:39:29.879  3131  3459 I com.miui.home: CheckGCForNative adj_start_bytes: 44837345 NativeAllocationGcWatermark: 11816589 java_gc_start_bytes: 27112462 kNewNativeDiscountFactor: 2 kOldNativeDiscountFactor: 65536 old_native_bytes: 113747525 new_native_bytes: 2551824 add_bytes_allowed: 35449767 is_gc_concurrent: 1 target_footprint_: 27423854 GetBytesAllocated: 14433864 HeapGrowthMultiplier: 3
12-19 20:39:29.879  3131  3459 I com.miui.home: CheckGCForNative gc_urgency 0.350411 current_native_bytes is 116299349
12-19 20:39:29.927 12318 12318 I wm_on_create_called: [0,215046007,com.sina.weibo.VisitorMainTabActivity,performCreate,251]
12-19 20:39:29.930 12318 12318 I wm_on_start_called: [0,215046007,com.sina.weibo.VisitorMainTabActivity,handleStartActivity,3]
12-19 20:39:29.939  3131  3651 I cccccc  : getTaskSnapshotInstance: 425
12-19 20:39:29.943  3131  3651 I com.miui.home: CheckGCForNative adj_start_bytes: 44837345 NativeAllocationGcWatermark: 11816589 java_gc_start_bytes: 27112462 kNewNativeDiscountFactor: 2 kOldNativeDiscountFactor: 65536 old_native_bytes: 113747525 new_native_bytes: 14770772 add_bytes_allowed: 35449767 is_gc_concurrent: 1 target_footprint_: 27423854 GetBytesAllocated: 14630728 HeapGrowthMultiplier: 3
12-19 20:39:29.943  3131  3651 I com.miui.home: CheckGCForNative gc_urgency 0.49106 current_native_bytes is 128518297
12-19 20:39:29.944  3131  3651 I cccccc  : getTaskThumbnailInfo: 2460 1.0  10705920
12-19 20:39:29.985  3131  3651 I com.miui.home: CheckGCForNative adj_start_bytes: 44837345 NativeAllocationGcWatermark: 11816589 java_gc_start_bytes: 27112462 kNewNativeDiscountFactor: 2 kOldNativeDiscountFactor: 65536 old_native_bytes: 113747525 new_native_bytes: 4388532 add_bytes_allowed: 35449767 is_gc_concurrent: 1 target_footprint_: 27423854 GetBytesAllocated: 14877256 HeapGrowthMultiplier: 3
12-19 20:39:29.985  3131  3651 I com.miui.home: CheckGCForNative gc_urgency 0.380782 current_native_bytes is 118136057
12-19 20:39:30.008  3131  3651 I com.miui.home: CheckGCForNative adj_start_bytes: 44837345 NativeAllocationGcWatermark: 11816589 java_gc_start_bytes: 27112462 kNewNativeDiscountFactor: 2 kOldNativeDiscountFactor: 65536 old_native_bytes: 113747525 new_native_bytes: 4501872 add_bytes_allowed: 35449767 is_gc_concurrent: 1 target_footprint_: 27423854 GetBytesAllocated: 14991944 HeapGrowthMultiplier: 3
12-19 20:39:30.008  3131  3651 I com.miui.home: CheckGCForNative gc_urgency 0.384604 current_native_bytes is 118249397
12-19 20:39:30.138  3131  3797 D cccccc  : onTaskStackChangedBackground
12-19 20:39:30.140  3131  3189 D cccccc  : onTaskStackChangedBackground
12-19 20:39:30.140  3131 10094 D cccccc  : onTaskStackChangedBackground
12-19 20:39:30.178  3131  3651 I com.miui.home: CheckGCForNative adj_start_bytes: 44837345 NativeAllocationGcWatermark: 11816589 java_gc_start_bytes: 27112462 kNewNativeDiscountFactor: 2 kOldNativeDiscountFactor: 65536 old_native_bytes: 113747525 new_native_bytes: 4644264 add_bytes_allowed: 35449767 is_gc_concurrent: 1 target_footprint_: 27423854 GetBytesAllocated: 15336600 HeapGrowthMultiplier: 3
12-19 20:39:30.178  3131  3651 I com.miui.home: CheckGCForNative gc_urgency 0.393879 current_native_bytes is 118391789
12-19 20:39:30.226 12318 12318 I wm_on_create_called: [0,0,com.sina.weibo.feed.visitor.VisitorHomeActivity,performCreate,256]
12-19 20:39:30.233  3131  3651 I com.miui.home: CheckGCForNative adj_start_bytes: 44837345 NativeAllocationGcWatermark: 11816589 java_gc_start_bytes: 27112462 kNewNativeDiscountFactor: 2 kOldNativeDiscountFactor: 65536 old_native_bytes: 113747525 new_native_bytes: 4807772 add_bytes_allowed: 35449767 is_gc_concurrent: 1 target_footprint_: 27423854 GetBytesAllocated: 15763176 HeapGrowthMultiplier: 3
12-19 20:39:30.233  3131  3651 I com.miui.home: CheckGCForNative gc_urgency 0.405216 current_native_bytes is 118555297
12-19 20:39:30.246  3131  3131 I wm_on_resume_called: [0,188963741,com.miui.home.launcher.Launcher,RESUME_ACTIVITY,4]
12-19 20:39:30.247  3131  3131 I wm_on_top_resumed_gained_called: [188963741,com.miui.home.launcher.Launcher,topWhenResuming]
12-19 20:39:30.248 12318 12318 I wm_on_start_called: [0,0,com.sina.weibo.feed.visitor.VisitorHomeActivity,handleStartActivity,17]
12-19 20:39:30.248  3131  3131 I wm_on_idle_called: com.miui.home.launcher.Launcher
12-19 20:39:30.342  3131  3797 D cccccc  : onTaskStackChangedBackground
12-19 20:39:30.343  3131  3797 D cccccc  : onTaskStackChangedBackground
12-19 20:39:30.345  3131 10094 D cccccc  : onTaskStackChangedBackground
12-19 20:39:30.355 12318 12318 I wm_on_resume_called: [0,0,com.sina.weibo.feed.visitor.VisitorHomeActivity,moveToState-INITIALIZING,106]
12-19 20:39:30.372  3131  3651 I com.miui.home: CheckGCForNative adj_start_bytes: 44837345 NativeAllocationGcWatermark: 11816589 java_gc_start_bytes: 27112462 kNewNativeDiscountFactor: 2 kOldNativeDiscountFactor: 65536 old_native_bytes: 113747525 new_native_bytes: 5062992 add_bytes_allowed: 35449767 is_gc_concurrent: 1 target_footprint_: 27423854 GetBytesAllocated: 17042472 HeapGrowthMultiplier: 3
12-19 20:39:30.372  3131  3651 I com.miui.home: CheckGCForNative gc_urgency 0.436594 current_native_bytes is 118810517
12-19 20:39:30.397 12318 12318 I wm_on_resume_called: [0,215046007,com.sina.weibo.VisitorMainTabActivity,RESUME_ACTIVITY,467]
12-19 20:39:30.424 12318 12318 I wm_on_top_resumed_gained_called: [215046007,com.sina.weibo.VisitorMainTabActivity,topStateChangedWhenResumed]
12-19 20:39:30.430 12318 12318 I wm_on_top_resumed_lost_called: [215046007,com.sina.weibo.VisitorMainTabActivity,topStateChangedWhenResumed]
12-19 20:39:30.443 12318 12318 I wm_on_paused_called: [0,0,com.sina.weibo.feed.visitor.VisitorHomeActivity,performPause,5]
12-19 20:39:30.451  3131  3397 I com.miui.home: CheckGCForNative adj_start_bytes: 44837345 NativeAllocationGcWatermark: 11816589 java_gc_start_bytes: 27112462 kNewNativeDiscountFactor: 2 kOldNativeDiscountFactor: 65536 old_native_bytes: 113747525 new_native_bytes: 5486712 add_bytes_allowed: 35449767 is_gc_concurrent: 1 target_footprint_: 27423854 GetBytesAllocated: 17468648 HeapGrowthMultiplier: 3
12-19 20:39:30.451  3131  3397 I com.miui.home: CheckGCForNative gc_urgency 0.450824 current_native_bytes is 119234237
12-19 20:39:30.453 12318 12318 I wm_on_paused_called: [0,215046007,com.sina.weibo.VisitorMainTabActivity,performPause,21]
12-19 20:39:30.484 12318 12318 I wm_on_stop_called: [0,97269810,com.sina.weibo.SplashActivity,LIFECYCLER_STOP_ACTIVITY,1]
12-19 20:39:30.514  3131  3651 I com.miui.home: CheckGCForNative adj_start_bytes: 44837345 NativeAllocationGcWatermark: 11816589 java_gc_start_bytes: 27112462 kNewNativeDiscountFactor: 2 kOldNativeDiscountFactor: 65536 old_native_bytes: 113747525 new_native_bytes: 5641772 add_bytes_allowed: 35449767 is_gc_concurrent: 1 target_footprint_: 27423854 GetBytesAllocated: 17845864 HeapGrowthMultiplier: 3
12-19 20:39:30.514  3131  3651 I com.miui.home: CheckGCForNative gc_urgency 0.460966 current_native_bytes is 119389297
12-19 20:39:30.522  3131  3131 I wm_on_top_resumed_lost_called: [188963741,com.miui.home.launcher.Launcher,topStateChangedWhenResumed]
12-19 20:39:30.530  3131  3131 I wm_on_paused_called: [0,188963741,com.miui.home.launcher.Launcher,performPause,1]
12-19 20:39:30.540 12318 12318 I wm_on_destroy_called: [0,97269810,com.sina.weibo.SplashActivity,performDestroy,55]
12-19 20:39:30.635  3131  3797 D cccccc  : onTaskStackChangedBackground
12-19 20:39:30.636  3131  3797 D cccccc  : onTaskStackChangedBackground
12-19 20:39:30.637  3131  3646 D cccccc  : onTaskStackChangedBackground
12-19 20:39:30.643  3131  3646 D cccccc  : onTaskStackChangedBackground
12-19 20:39:30.649 12318 12318 I wm_on_stop_called: [0,0,com.sina.weibo.feed.visitor.VisitorHomeActivity,moveToState-STARTED,38]
12-19 20:39:30.649 12318 12318 I wm_on_stop_called: [0,215046007,com.sina.weibo.VisitorMainTabActivity,STOP_ACTIVITY_ITEM,43]
12-19 20:39:30.655  3131  3797 D cccccc  : onTaskStackChangedBackground
12-19 20:39:30.660  3131  3646 D cccccc  : onTaskStackChangedBackground
12-19 20:39:30.660  3131  3797 D cccccc  : onTaskStackChangedBackground
12-19 20:39:30.692  3131  3651 I com.miui.home: CheckGCForNative adj_start_bytes: 44837345 NativeAllocationGcWatermark: 11816589 java_gc_start_bytes: 27112462 kNewNativeDiscountFactor: 2 kOldNativeDiscountFactor: 65536 old_native_bytes: 113747525 new_native_bytes: 5906732 add_bytes_allowed: 35449767 is_gc_concurrent: 1 target_footprint_: 27423854 GetBytesAllocated: 18608504 HeapGrowthMultiplier: 3
12-19 20:39:30.692  3131  3651 I com.miui.home: CheckGCForNative gc_urgency 0.48093 current_native_bytes is 119654257
12-19 20:39:30.713  3131  3651 I cccccc  : getTaskSnapshotInstance: 426
12-19 20:39:30.769  3131  3651 I com.miui.home: CheckGCForNative adj_start_bytes: 44837345 NativeAllocationGcWatermark: 11816589 java_gc_start_bytes: 27112462 kNewNativeDiscountFactor: 2 kOldNativeDiscountFactor: 65536 old_native_bytes: 113747525 new_native_bytes: 6089024 add_bytes_allowed: 35449767 is_gc_concurrent: 1 target_footprint_: 27423854 GetBytesAllocated: 19035080 HeapGrowthMultiplier: 3
12-19 20:39:30.769  3131  3651 I com.miui.home: CheckGCForNative gc_urgency 0.492476 current_native_bytes is 119836549
12-19 20:39:30.784  3131  3651 I cccccc  : getTaskSnapshotInstance: 426
12-19 20:39:31.211 12742 12742 I wm_on_application_create_called: [0,com.UCMobile,222]
12-19 20:39:32.119 12742 12742 I wm_on_create_called: [0,232583612,com.UCMobile.main.UCMobile,performCreate,895]
12-19 20:39:32.287  3131  3746 I com.miui.home: CheckGCForNative adj_start_bytes: 44837345 NativeAllocationGcWatermark: 11816589 java_gc_start_bytes: 27112462 kNewNativeDiscountFactor: 2 kOldNativeDiscountFactor: 65536 old_native_bytes: 113747525 new_native_bytes: 17073416 add_bytes_allowed: 35449767 is_gc_concurrent: 1 target_footprint_: 27423854 GetBytesAllocated: 19920536 HeapGrowthMultiplier: 3
12-19 20:39:32.287  3131  3746 I com.miui.home: CheckGCForNative gc_urgency 0.634716 current_native_bytes is 130820941
12-19 20:39:32.287  3131  3746 I com.miui.home: CheckGCForNative adj_start_bytes: 44837345 NativeAllocationGcWatermark: 11816589 java_gc_start_bytes: 27112462 kNewNativeDiscountFactor: 2 kOldNativeDiscountFactor: 65536 old_native_bytes: 113747525 new_native_bytes: 27779336 add_bytes_allowed: 35449767 is_gc_concurrent: 1 target_footprint_: 27423854 GetBytesAllocated: 19937112 HeapGrowthMultiplier: 3
12-19 20:39:32.288  3131  3746 I com.miui.home: CheckGCForNative gc_urgency 0.754472 current_native_bytes is 141526861
12-19 20:39:32.288  3131  3746 I cccccc  : getTaskThumbnailInfo: 2460 1.0  10705920
12-19 20:39:32.308  3131  3746 I com.miui.home: CheckGCForNative adj_start_bytes: 44837345 NativeAllocationGcWatermark: 11816589 java_gc_start_bytes: 27112462 kNewNativeDiscountFactor: 2 kOldNativeDiscountFactor: 65536 old_native_bytes: 113747525 new_native_bytes: 27796136 add_bytes_allowed: 35449767 is_gc_concurrent: 1 target_footprint_: 27423854 GetBytesAllocated: 19953496 HeapGrowthMultiplier: 3
12-19 20:39:32.308  3131  3746 I com.miui.home: CheckGCForNative gc_urgency 0.755025 current_native_bytes is 141543661
12-19 20:39:32.309  3131  3131 I cccccc  : getTaskThumbnailInfo: 2460 1.0  10705920
12-19 20:39:32.344  3131  3131 I wm_on_stop_called: [0,188963741,com.miui.home.launcher.Launcher,STOP_ACTIVITY_ITEM,6]
12-19 20:39:32.501  3131  3646 D cccccc  : onTaskStackChangedBackground
12-19 20:39:32.502  3131  3746 D cccccc  : onTaskStackChangedBackground
12-19 20:39:32.503  3131  3189 D cccccc  : onTaskStackChangedBackground
12-19 20:39:32.535  3131  3651 I com.miui.home: CheckGCForNative adj_start_bytes: 44837345 NativeAllocationGcWatermark: 11816589 java_gc_start_bytes: 27112462 kNewNativeDiscountFactor: 2 kOldNativeDiscountFactor: 65536 old_native_bytes: 113747525 new_native_bytes: 17157224 add_bytes_allowed: 35449767 is_gc_concurrent: 1 target_footprint_: 27423854 GetBytesAllocated: 20405112 HeapGrowthMultiplier: 3
12-19 20:39:32.535  3131  3651 I com.miui.home: CheckGCForNative gc_urgency 0.646458 current_native_bytes is 130904749
12-19 20:39:32.556  3131  3651 I cccccc  : getTaskSnapshotInstance: 426
12-19 20:39:32.557  3131  3651 I com.miui.home: CheckGCForNative adj_start_bytes: 44837345 NativeAllocationGcWatermark: 11816589 java_gc_start_bytes: 27112462 kNewNativeDiscountFactor: 2 kOldNativeDiscountFactor: 65536 old_native_bytes: 113747525 new_native_bytes: 28052892 add_bytes_allowed: 35449767 is_gc_concurrent: 1 target_footprint_: 27423854 GetBytesAllocated: 20585336 HeapGrowthMultiplier: 3
12-19 20:39:32.557  3131  3651 I com.miui.home: CheckGCForNative gc_urgency 0.77198 current_native_bytes is 141800417
12-19 20:39:32.558  3131  3651 I com.miui.home: CheckGCForNative adj_start_bytes: 44837345 NativeAllocationGcWatermark: 11816589 java_gc_start_bytes: 27112462 kNewNativeDiscountFactor: 2 kOldNativeDiscountFactor: 65536 old_native_bytes: 113747525 new_native_bytes: 38758812 add_bytes_allowed: 35449767 is_gc_concurrent: 1 target_footprint_: 27423854 GetBytesAllocated: 20585528 HeapGrowthMultiplier: 3
12-19 20:39:32.558  3131  3651 I com.miui.home: CheckGCForNative gc_urgency 0.89137 current_native_bytes is 152506337
12-19 20:39:32.558  3131  3651 I cccccc  : getTaskThumbnailInfo: 2460 1.0  10705920
12-19 20:39:32.588  3131  3651 I com.miui.home: CheckGCForNative adj_start_bytes: 44837345 NativeAllocationGcWatermark: 11816589 java_gc_start_bytes: 27112462 kNewNativeDiscountFactor: 2 kOldNativeDiscountFactor: 65536 old_native_bytes: 113747525 new_native_bytes: 28088028 add_bytes_allowed: 35449767 is_gc_concurrent: 1 target_footprint_: 27423854 GetBytesAllocated: 20831880 HeapGrowthMultiplier: 3
12-19 20:39:32.588  3131  3651 I com.miui.home: CheckGCForNative gc_urgency 0.77787 current_native_bytes is 141835553
12-19 20:39:32.614 12742 12742 I wm_on_create_called: [0,32949854,com.uc.browser.InnerUCMobile,performCreate,150]
12-19 20:39:32.623 12742 12742 I wm_on_start_called: [0,32949854,com.uc.browser.InnerUCMobile,handleStartActivity,8]
12-19 20:39:32.665 12742 12742 I wm_on_resume_called: [0,32949854,com.uc.browser.InnerUCMobile,RESUME_ACTIVITY,41]
12-19 20:39:32.901 12742 12742 I wm_on_top_resumed_gained_called: [32949854,com.uc.browser.InnerUCMobile,topStateChangedWhenResumed]
12-19 20:39:33.062  3131  3131 I wm_on_restart_called: [0,188963741,com.miui.home.launcher.Launcher,performRestartActivity,0]
12-19 20:39:33.063  3131  3131 I wm_on_start_called: [0,188963741,com.miui.home.launcher.Launcher,handleStartActivity,1]
12-19 20:39:33.064  3131  3361 I com.miui.home: CheckGCForNative adj_start_bytes: 44837345 NativeAllocationGcWatermark: 11816589 java_gc_start_bytes: 27112462 kNewNativeDiscountFactor: 2 kOldNativeDiscountFactor: 65536 old_native_bytes: 113747525 new_native_bytes: 28300696 add_bytes_allowed: 35449767 is_gc_concurrent: 1 target_footprint_: 27423854 GetBytesAllocated: 21569528 HeapGrowthMultiplier: 3
12-19 20:39:33.064  3131  3361 I com.miui.home: CheckGCForNative gc_urgency 0.796693 current_native_bytes is 142048221
12-19 20:39:33.147  3131  3746 I com.miui.home: CheckGCForNative adj_start_bytes: 44837345 NativeAllocationGcWatermark: 11816589 java_gc_start_bytes: 27112462 kNewNativeDiscountFactor: 2 kOldNativeDiscountFactor: 65536 old_native_bytes: 113747525 new_native_bytes: 39143672 add_bytes_allowed: 35449767 is_gc_concurrent: 1 target_footprint_: 27423854 GetBytesAllocated: 21667992 HeapGrowthMultiplier: 3
12-19 20:39:33.147  3131  3746 I com.miui.home: CheckGCForNative gc_urgency 0.919804 current_native_bytes is 152891197
12-19 20:39:33.147  3131  3746 I com.miui.home: CheckGCForNative adj_start_bytes: 44837345 NativeAllocationGcWatermark: 11816589 java_gc_start_bytes: 27112462 kNewNativeDiscountFactor: 2 kOldNativeDiscountFactor: 65536 old_native_bytes: 113747525 new_native_bytes: 49850232 add_bytes_allowed: 35449767 is_gc_concurrent: 1 target_footprint_: 27423854 GetBytesAllocated: 21684568 HeapGrowthMultiplier: 3
12-19 20:39:33.147  3131  3746 I com.miui.home: CheckGCForNative gc_urgency 1.03957 current_native_bytes is 163597757
12-19 20:39:33.147  3131  3746 I com.miui.home: CheckGCForNative requested 1
12-19 20:39:33.147  3131  3746 I cccccc  : getTaskThumbnailInfo: 2460 1.0  10705920
12-19 20:39:33.166  3131  3646 I com.miui.home: CheckGCForNative adj_start_bytes: 44837345 NativeAllocationGcWatermark: 11816589 java_gc_start_bytes: 27112462 kNewNativeDiscountFactor: 2 kOldNativeDiscountFactor: 65536 old_native_bytes: 113747525 new_native_bytes: 49941704 add_bytes_allowed: 35449767 is_gc_concurrent: 1 target_footprint_: 27423854 GetBytesAllocated: 21733720 HeapGrowthMultiplier: 3
12-19 20:39:33.166  3131  3646 I com.miui.home: CheckGCForNative gc_urgency 1.04168 current_native_bytes is 163689229
12-19 20:39:33.166  3131  3646 I com.miui.home: CheckGCForNative requested 1
12-19 20:39:33.169  3131  3131 I cccccc  : getTaskThumbnailInfo: 2460 1.0  10705920
12-19 20:39:33.235  3131  3459 I com.miui.home: CheckGCForNative adj_start_bytes: 44837345 NativeAllocationGcWatermark: 11816589 java_gc_start_bytes: 27112462 kNewNativeDiscountFactor: 2 kOldNativeDiscountFactor: 65536 old_native_bytes: 113747525 new_native_bytes: 39221768 add_bytes_allowed: 35449767 is_gc_concurrent: 1 target_footprint_: 27423854 GetBytesAllocated: 21799448 HeapGrowthMultiplier: 3
12-19 20:39:33.235  3131  3459 I com.miui.home: CheckGCForNative gc_urgency 0.923607 current_native_bytes is 152969293
12-19 20:39:33.371  3131  3168 I com.miui.home: NativeAlloc concurrent copying GC freed 149097(7583KB) AllocSpace objects, 16(528KB) LOS objects, 49% free, 12MB/25MB, paused 152us,98us total 223.217ms
12-19 20:39:33.590  3131  3459 I com.miui.home: CheckGCForNative gc_urgency 0 current_native_bytes is 113411105
12-19 20:39:33.692  3131  3131 I wm_on_resume_called: [0,188963741,com.miui.home.launcher.Launcher,RESUME_ACTIVITY,4]
12-19 20:39:33.696  3131  3131 I wm_on_idle_called: com.miui.home.launcher.Launcher
12-19 20:39:33.818  3131  7812 I com.miui.home: CheckGCForNative adj_start_bytes: 44671068 NativeAllocationGcWatermark: 11790473 java_gc_start_bytes: 26985359 kNewNativeDiscountFactor: 2 kOldNativeDiscountFactor: 65536 old_native_bytes: 113411105 new_native_bytes: 44992 add_bytes_allowed: 35371419 is_gc_concurrent: 1 target_footprint_: 27214927 GetBytesAllocated: 15018072 HeapGrowthMultiplier: 3
12-19 20:39:33.818  3131  7812 I com.miui.home: CheckGCForNative gc_urgency 0.336735 current_native_bytes is 113456097
12-19 20:39:33.988  3131  3131 I wm_on_paused_called: [0,188963741,com.miui.home.launcher.Launcher,performPause,1]
12-19 20:39:33.992  3131  3646 D cccccc  : onTaskStackChangedBackground
12-19 20:39:33.993  3131  3746 D cccccc  : onTaskStackChangedBackground
12-19 20:39:34.019  3131  3797 D cccccc  : onTaskStackChangedBackground
12-19 20:39:34.048  3131  3797 D cccccc  : onTaskStackChangedBackground
12-19 20:39:34.049  3131  3646 D cccccc  : onTaskStackChangedBackground
12-19 20:39:34.053  3131  3181 D cccccc  : onTaskStackChangedBackground
12-19 20:39:34.054  3131  3746 D cccccc  : onTaskStackChangedBackground
12-19 20:39:34.139  3131  3797 D cccccc  : onTaskStackChangedBackground
12-19 20:39:34.139  3131  3646 D cccccc  : onTaskStackChangedBackground
12-19 20:39:34.139  3131  3746 D cccccc  : onTaskStackChangedBackground
12-19 20:39:34.279  3131  3459 I com.miui.home: CheckGCForNative adj_start_bytes: 44671068 NativeAllocationGcWatermark: 11790473 java_gc_start_bytes: 26985359 kNewNativeDiscountFactor: 2 kOldNativeDiscountFactor: 65536 old_native_bytes: 113411105 new_native_bytes: 290940 add_bytes_allowed: 35371419 is_gc_concurrent: 1 target_footprint_: 27214927 GetBytesAllocated: 15895480 HeapGrowthMultiplier: 3
12-19 20:39:34.279  3131  3459 I com.miui.home: CheckGCForNative gc_urgency 0.359129 current_native_bytes is 113702045
12-19 20:39:34.460  3131  3651 I com.miui.home: CheckGCForNative adj_start_bytes: 44671068 NativeAllocationGcWatermark: 11790473 java_gc_start_bytes: 26985359 kNewNativeDiscountFactor: 2 kOldNativeDiscountFactor: 65536 old_native_bytes: 113411105 new_native_bytes: 2068244 add_bytes_allowed: 35371419 is_gc_concurrent: 1 target_footprint_: 27214927 GetBytesAllocated: 16075928 HeapGrowthMultiplier: 3
12-19 20:39:34.461  3131  3651 I com.miui.home: CheckGCForNative gc_urgency 0.383062 current_native_bytes is 115479349
12-19 20:39:34.486  3131  3651 I com.miui.home: CheckGCForNative adj_start_bytes: 44671068 NativeAllocationGcWatermark: 11790473 java_gc_start_bytes: 26985359 kNewNativeDiscountFactor: 2 kOldNativeDiscountFactor: 65536 old_native_bytes: 113411105 new_native_bytes: 2824084 add_bytes_allowed: 35371419 is_gc_concurrent: 1 target_footprint_: 27214927 GetBytesAllocated: 16157912 HeapGrowthMultiplier: 3
12-19 20:39:34.486  3131  3651 I com.miui.home: CheckGCForNative gc_urgency 0.393357 current_native_bytes is 116235189
12-19 20:39:34.527  3131  3651 I cccccc  : getTaskSnapshotInstance: 427
12-19 20:39:34.529  3131  3651 I cccccc  : getTaskSnapshotInstance: 426
12-19 20:39:34.530  3131  3651 I com.miui.home: CheckGCForNative adj_start_bytes: 44671068 NativeAllocationGcWatermark: 11790473 java_gc_start_bytes: 26985359 kNewNativeDiscountFactor: 2 kOldNativeDiscountFactor: 65536 old_native_bytes: 113411105 new_native_bytes: 14865040 add_bytes_allowed: 35371419 is_gc_concurrent: 1 target_footprint_: 27214927 GetBytesAllocated: 16354776 HeapGrowthMultiplier: 3
12-19 20:39:34.530  3131  3651 I com.miui.home: CheckGCForNative gc_urgency 0.532538 current_native_bytes is 128276145
12-19 20:39:34.531  3131  3651 I cccccc  : getTaskThumbnailInfo: 2460 1.0  10705920
12-19 20:39:34.565  3131  3651 I com.miui.home: CheckGCForNative adj_start_bytes: 44671068 NativeAllocationGcWatermark: 11790473 java_gc_start_bytes: 26985359 kNewNativeDiscountFactor: 2 kOldNativeDiscountFactor: 65536 old_native_bytes: 113411105 new_native_bytes: 4594992 add_bytes_allowed: 35371419 is_gc_concurrent: 1 target_footprint_: 27214927 GetBytesAllocated: 16650552 HeapGrowthMultiplier: 3
12-19 20:39:34.565  3131  3651 I com.miui.home: CheckGCForNative gc_urgency 0.424207 current_native_bytes is 118006097
12-19 20:39:34.577  3131  3651 I cccccc  : getTaskSnapshotInstance: 427
12-19 20:39:34.945 13174 13174 I wm_on_create_called: [0,20690789,com.tencent.mtt.SplashActivity,performCreate,91]
12-19 20:39:34.995 13174 13174 I wm_on_create_called: [0,263898629,com.tencent.mtt.MainActivity,performCreate,15]
12-19 20:39:34.999 13174 13174 I wm_on_start_called: [0,263898629,com.tencent.mtt.MainActivity,handleStartActivity,3]
12-19 20:39:35.066  3131  3797 D cccccc  : onTaskStackChangedBackground
12-19 20:39:35.066  3131  3646 D cccccc  : onTaskStackChangedBackground
12-19 20:39:35.066  3131  3746 D cccccc  : onTaskStackChangedBackground
12-19 20:39:35.125  3131  3651 I com.miui.home: CheckGCForNative adj_start_bytes: 44671068 NativeAllocationGcWatermark: 11790473 java_gc_start_bytes: 26985359 kNewNativeDiscountFactor: 2 kOldNativeDiscountFactor: 65536 old_native_bytes: 113411105 new_native_bytes: 4805956 add_bytes_allowed: 35371419 is_gc_concurrent: 1 target_footprint_: 27214927 GetBytesAllocated: 17110056 HeapGrowthMultiplier: 3
12-19 20:39:35.125  3131  3651 I com.miui.home: CheckGCForNative gc_urgency 0.436855 current_native_bytes is 118217061
12-19 20:39:35.144  3131  3651 I cccccc  : getTaskSnapshotInstance: 427
12-19 20:39:35.307 13174 13174 I wm_on_top_resumed_gained_called: [263898629,com.tencent.mtt.MainActivity,topStateChangedWhenResumed]
12-19 20:39:35.661  3131  3131 I wm_on_stop_called: [0,188963741,com.miui.home.launcher.Launcher,STOP_ACTIVITY_ITEM,5]
12-19 20:39:35.758 13174 13174 I wm_on_destroy_called: [0,20690789,com.tencent.mtt.SplashActivity,performDestroy,0]
12-19 20:39:35.799 13174 13174 I wm_on_idle_called: com.tencent.mtt.MainActivity
12-19 20:39:35.864  3131  3131 I wm_on_restart_called: [0,188963741,com.miui.home.launcher.Launcher,performRestartActivity,0]
12-19 20:39:35.865  3131  3131 I wm_on_start_called: [0,188963741,com.miui.home.launcher.Launcher,handleStartActivity,1]
12-19 20:39:35.927  3131  3646 I com.miui.home: CheckGCForNative adj_start_bytes: 44671068 NativeAllocationGcWatermark: 11790473 java_gc_start_bytes: 26985359 kNewNativeDiscountFactor: 2 kOldNativeDiscountFactor: 65536 old_native_bytes: 113411105 new_native_bytes: 15807760 add_bytes_allowed: 35371419 is_gc_concurrent: 1 target_footprint_: 27214927 GetBytesAllocated: 18069096 HeapGrowthMultiplier: 3
12-19 20:39:35.928  3131  3646 I com.miui.home: CheckGCForNative gc_urgency 0.581466 current_native_bytes is 129218865
12-19 20:39:35.930  3131  3646 I com.miui.home: CheckGCForNative adj_start_bytes: 44671068 NativeAllocationGcWatermark: 11790473 java_gc_start_bytes: 26985359 kNewNativeDiscountFactor: 2 kOldNativeDiscountFactor: 65536 old_native_bytes: 113411105 new_native_bytes: 26514320 add_bytes_allowed: 35371419 is_gc_concurrent: 1 target_footprint_: 27214927 GetBytesAllocated: 18069288 HeapGrowthMultiplier: 3
12-19 20:39:35.930  3131  3646 I com.miui.home: CheckGCForNative gc_urgency 0.701308 current_native_bytes is 139925425
12-19 20:39:35.930  3131  3646 I cccccc  : getTaskThumbnailInfo: 2460 1.0  10705920
12-19 20:39:35.972  3131  3646 I com.miui.home: CheckGCForNative adj_start_bytes: 44671068 NativeAllocationGcWatermark: 11790473 java_gc_start_bytes: 26985359 kNewNativeDiscountFactor: 2 kOldNativeDiscountFactor: 65536 old_native_bytes: 113411105 new_native_bytes: 26507024 add_bytes_allowed: 35371419 is_gc_concurrent: 1 target_footprint_: 27214927 GetBytesAllocated: 18134824 HeapGrowthMultiplier: 3
12-19 20:39:35.972  3131  3646 I com.miui.home: CheckGCForNative gc_urgency 0.702693 current_native_bytes is 139918129
12-19 20:39:35.972  3131  3131 I cccccc  : getTaskThumbnailInfo: 2460 1.0  10705920
12-19 20:39:36.050  3131  3459 I com.miui.home: CheckGCForNative adj_start_bytes: 44671068 NativeAllocationGcWatermark: 11790473 java_gc_start_bytes: 26985359 kNewNativeDiscountFactor: 2 kOldNativeDiscountFactor: 65536 old_native_bytes: 113411105 new_native_bytes: 15807312 add_bytes_allowed: 35371419 is_gc_concurrent: 1 target_footprint_: 27214927 GetBytesAllocated: 18200552 HeapGrowthMultiplier: 3
12-19 20:39:36.050  3131  3459 I com.miui.home: CheckGCForNative gc_urgency 0.584404 current_native_bytes is 129218417
12-19 20:39:36.050  3131  3459 I com.miui.home: CheckGCForNative adj_start_bytes: 44671068 NativeAllocationGcWatermark: 11790473 java_gc_start_bytes: 26985359 kNewNativeDiscountFactor: 2 kOldNativeDiscountFactor: 65536 old_native_bytes: 113411105 new_native_bytes: 15808848 add_bytes_allowed: 35371419 is_gc_concurrent: 1 target_footprint_: 27214927 GetBytesAllocated: 18200552 HeapGrowthMultiplier: 3
12-19 20:39:36.050  3131  3459 I com.miui.home: CheckGCForNative gc_urgency 0.584421 current_native_bytes is 129219953
12-19 20:39:36.406  3131  3459 I com.miui.home: CheckGCForNative adj_start_bytes: 44671068 NativeAllocationGcWatermark: 11790473 java_gc_start_bytes: 26985359 kNewNativeDiscountFactor: 2 kOldNativeDiscountFactor: 65536 old_native_bytes: 113411105 new_native_bytes: 15836176 add_bytes_allowed: 35371419 is_gc_concurrent: 1 target_footprint_: 27214927 GetBytesAllocated: 18380776 HeapGrowthMultiplier: 3
12-19 20:39:36.406  3131  3459 I com.miui.home: CheckGCForNative gc_urgency 0.588761 current_native_bytes is 129247281
12-19 20:39:36.452 13174 13174 I wm_on_top_resumed_lost_called: [263898629,com.tencent.mtt.MainActivity,topStateChangedWhenResumed]
12-19 20:39:36.472  3131  3131 I wm_on_resume_called: [0,188963741,com.miui.home.launcher.Launcher,RESUME_ACTIVITY,5]
12-19 20:39:36.474  3131  3131 I wm_on_idle_called: com.miui.home.launcher.Launcher
12-19 20:39:36.496  3131  3131 I wm_on_top_resumed_gained_called: [188963741,com.miui.home.launcher.Launcher,topStateChangedWhenResumed]
12-19 20:39:36.496 13174 13174 I wm_on_paused_called: [0,263898629,com.tencent.mtt.MainActivity,performPause,1]
12-19 20:39:36.598  3131  3646 D cccccc  : onTaskStackChangedBackground
12-19 20:39:36.599  3131  3797 D cccccc  : onTaskStackChangedBackground
12-19 20:39:36.601  3131  3646 D cccccc  : onTaskStackChangedBackground
12-19 20:39:36.649 13174 13174 I wm_on_stop_called: [0,263898629,com.tencent.mtt.MainActivity,STOP_ACTIVITY_ITEM,115]
12-19 20:39:36.700  3131  3651 I com.miui.home: CheckGCForNative adj_start_bytes: 44671068 NativeAllocationGcWatermark: 11790473 java_gc_start_bytes: 26985359 kNewNativeDiscountFactor: 2 kOldNativeDiscountFactor: 65536 old_native_bytes: 113411105 new_native_bytes: 16036180 add_bytes_allowed: 35371419 is_gc_concurrent: 1 target_footprint_: 27214927 GetBytesAllocated: 19627384 HeapGrowthMultiplier: 3
12-19 20:39:36.700  3131  3651 I com.miui.home: CheckGCForNative gc_urgency 0.618906 current_native_bytes is 129447285
12-19 20:39:36.714  3131  3651 I cccccc  : getTaskSnapshotInstance: 427
12-19 20:39:36.715  3131  3651 I com.miui.home: CheckGCForNative adj_start_bytes: 44671068 NativeAllocationGcWatermark: 11790473 java_gc_start_bytes: 26985359 kNewNativeDiscountFactor: 2 kOldNativeDiscountFactor: 65536 old_native_bytes: 113411105 new_native_bytes: 26772692 add_bytes_allowed: 35371419 is_gc_concurrent: 1 target_footprint_: 27214927 GetBytesAllocated: 19709304 HeapGrowthMultiplier: 3
12-19 20:39:36.715  3131  3651 I com.miui.home: CheckGCForNative gc_urgency 0.740913 current_native_bytes is 140183797
12-19 20:39:36.716  3131  3651 I cccccc  : getTaskThumbnailInfo: 2460 1.0  10705920
12-19 20:39:36.751  3131  3651 I com.miui.home: CheckGCForNative adj_start_bytes: 44671068 NativeAllocationGcWatermark: 11790473 java_gc_start_bytes: 26985359 kNewNativeDiscountFactor: 2 kOldNativeDiscountFactor: 65536 old_native_bytes: 113411105 new_native_bytes: 16183432 add_bytes_allowed: 35371419 is_gc_concurrent: 1 target_footprint_: 27214927 GetBytesAllocated: 20054200 HeapGrowthMultiplier: 3
12-19 20:39:36.751  3131  3651 I com.miui.home: CheckGCForNative gc_urgency 0.630109 current_native_bytes is 129594537
12-19 20:39:37.157  3131  3131 I wm_on_top_resumed_lost_called: [188963741,com.miui.home.launcher.Launcher,topStateChangedWhenResumed]
12-19 20:39:37.160  3131  3131 I wm_on_paused_called: [0,188963741,com.miui.home.launcher.Launcher,performPause,2]
12-19 20:39:37.168  3131  3181 D cccccc  : onTaskStackChangedBackground
12-19 20:39:37.172  3131  3797 D cccccc  : onTaskStackChangedBackground
12-19 20:39:37.172  3131 13124 D cccccc  : onTaskStackChangedBackground
12-19 20:39:37.174  3131  3181 D cccccc  : onTaskStackChangedBackground
12-19 20:39:37.269  3131  3651 I com.miui.home: CheckGCForNative adj_start_bytes: 44671068 NativeAllocationGcWatermark: 11790473 java_gc_start_bytes: 26985359 kNewNativeDiscountFactor: 2 kOldNativeDiscountFactor: 65536 old_native_bytes: 113411105 new_native_bytes: 16665052 add_bytes_allowed: 35371419 is_gc_concurrent: 1 target_footprint_: 27214927 GetBytesAllocated: 20874120 HeapGrowthMultiplier: 3
12-19 20:39:37.269  3131  3651 I com.miui.home: CheckGCForNative gc_urgency 0.653854 current_native_bytes is 130076157
12-19 20:39:37.280  3131 13124 D cccccc  : onTaskStackChangedBackground
12-19 20:39:37.284  3131 13124 D cccccc  : onTaskStackChangedBackground
12-19 20:39:37.286  3131 13124 D cccccc  : onTaskStackChangedBackground
12-19 20:39:37.293  3131  3651 I cccccc  : getTaskSnapshotInstance: 428
12-19 20:39:37.464  3131  3651 I com.miui.home: CheckGCForNative adj_start_bytes: 44671068 NativeAllocationGcWatermark: 11790473 java_gc_start_bytes: 26985359 kNewNativeDiscountFactor: 2 kOldNativeDiscountFactor: 65536 old_native_bytes: 113411105 new_native_bytes: 17040144 add_bytes_allowed: 35371419 is_gc_concurrent: 1 target_footprint_: 27214927 GetBytesAllocated: 21489272 HeapGrowthMultiplier: 3
12-19 20:39:37.464  3131  3651 I com.miui.home: CheckGCForNative gc_urgency 0.671824 current_native_bytes is 130451249
12-19 20:39:37.501  3131  3651 I com.miui.home: CheckGCForNative adj_start_bytes: 44671068 NativeAllocationGcWatermark: 11790473 java_gc_start_bytes: 26985359 kNewNativeDiscountFactor: 2 kOldNativeDiscountFactor: 65536 old_native_bytes: 113411105 new_native_bytes: 17141900 add_bytes_allowed: 35371419 is_gc_concurrent: 1 target_footprint_: 27214927 GetBytesAllocated: 21620344 HeapGrowthMultiplier: 3
12-19 20:39:37.501  3131  3651 I com.miui.home: CheckGCForNative gc_urgency 0.675897 current_native_bytes is 130553005
12-19 20:39:37.509  3131  3651 I cccccc  : getTaskSnapshotInstance: 428
12-19 20:39:37.902 13574 13574 I wm_on_application_create_called: [0,com.youku.phone,244]
12-19 20:39:38.164 13574 13574 I wm_on_create_called: [0,129616775,com.youku.phone.ActivityWelcome,performCreate,232]
12-19 20:39:38.327  3131 13124 D cccccc  : onTaskStackChangedBackground
12-19 20:39:38.328  3131  3181 D cccccc  : onTaskStackChangedBackground
12-19 20:39:38.333  3131 13124 D cccccc  : onTaskStackChangedBackground
12-19 20:39:38.373  3131  3651 I com.miui.home: CheckGCForNative adj_start_bytes: 44671068 NativeAllocationGcWatermark: 11790473 java_gc_start_bytes: 26985359 kNewNativeDiscountFactor: 2 kOldNativeDiscountFactor: 65536 old_native_bytes: 113411105 new_native_bytes: 17136804 add_bytes_allowed: 35371419 is_gc_concurrent: 1 target_footprint_: 27214927 GetBytesAllocated: 21998072 HeapGrowthMultiplier: 3
12-19 20:39:38.373  3131  3651 I com.miui.home: CheckGCForNative gc_urgency 0.684295 current_native_bytes is 130547909
12-19 20:39:38.404  3131  3651 I cccccc  : getTaskSnapshotInstance: 428
12-19 20:39:38.440  3131  3651 I com.miui.home: CheckGCForNative adj_start_bytes: 44671068 NativeAllocationGcWatermark: 11790473 java_gc_start_bytes: 26985359 kNewNativeDiscountFactor: 2 kOldNativeDiscountFactor: 65536 old_native_bytes: 113411105 new_native_bytes: 17601560 add_bytes_allowed: 35371419 is_gc_concurrent: 1 target_footprint_: 27214927 GetBytesAllocated: 22424728 HeapGrowthMultiplier: 3
12-19 20:39:38.440  3131  3651 I com.miui.home: CheckGCForNative gc_urgency 0.699048 current_native_bytes is 131012665
12-19 20:39:38.454 13574 13574 I wm_on_create_called: [0,74117663,com.youku.v2.HomePageEntry,performCreate,182]
12-19 20:39:38.468  3131  3651 I cccccc  : getTaskSnapshotInstance: 428
12-19 20:39:38.497  3131  3651 I com.miui.home: CheckGCForNative adj_start_bytes: 44671068 NativeAllocationGcWatermark: 11790473 java_gc_start_bytes: 26985359 kNewNativeDiscountFactor: 2 kOldNativeDiscountFactor: 65536 old_native_bytes: 113411105 new_native_bytes: 17819788 add_bytes_allowed: 35371419 is_gc_concurrent: 1 target_footprint_: 27214927 GetBytesAllocated: 22851368 HeapGrowthMultiplier: 3
12-19 20:39:38.497  3131  3651 I com.miui.home: CheckGCForNative gc_urgency 0.711042 current_native_bytes is 131230893
12-19 20:39:38.521  3131  3651 I cccccc  : getTaskSnapshotInstance: 428
12-19 20:39:38.700 13574 13574 I wm_on_start_called: [0,74117663,com.youku.v2.HomePageEntry,handleStartActivity,246]
12-19 20:39:38.758 13574 13574 I wm_on_resume_called: [0,74117663,com.youku.v2.HomePageEntry,RESUME_ACTIVITY,57]
12-19 20:39:38.769 13574 13574 I wm_on_top_resumed_gained_called: [74117663,com.youku.v2.HomePageEntry,topStateChangedWhenResumed]
12-19 20:39:39.373  3131  3797 I com.miui.home: CheckGCForNative adj_start_bytes: 44671068 NativeAllocationGcWatermark: 11790473 java_gc_start_bytes: 26985359 kNewNativeDiscountFactor: 2 kOldNativeDiscountFactor: 65536 old_native_bytes: 113411105 new_native_bytes: 28958116 add_bytes_allowed: 35371419 is_gc_concurrent: 1 target_footprint_: 27214927 GetBytesAllocated: 23917128 HeapGrowthMultiplier: 3
12-19 20:39:39.373  3131  3797 I com.miui.home: CheckGCForNative gc_urgency 0.85957 current_native_bytes is 142369221
12-19 20:39:39.375  3131  3797 I com.miui.home: CheckGCForNative adj_start_bytes: 44671068 NativeAllocationGcWatermark: 11790473 java_gc_start_bytes: 26985359 kNewNativeDiscountFactor: 2 kOldNativeDiscountFactor: 65536 old_native_bytes: 113411105 new_native_bytes: 39664676 add_bytes_allowed: 35371419 is_gc_concurrent: 1 target_footprint_: 27214927 GetBytesAllocated: 23933704 HeapGrowthMultiplier: 3
12-19 20:39:39.375  3131  3797 I com.miui.home: CheckGCForNative gc_urgency 0.979779 current_native_bytes is 153075781
12-19 20:39:39.375  3131  3797 I cccccc  : getTaskThumbnailInfo: 2460 1.0  10705920
12-19 20:39:39.383  3131  3797 I com.miui.home: CheckGCForNative adj_start_bytes: 44671068 NativeAllocationGcWatermark: 11790473 java_gc_start_bytes: 26985359 kNewNativeDiscountFactor: 2 kOldNativeDiscountFactor: 65536 old_native_bytes: 113411105 new_native_bytes: 39665124 add_bytes_allowed: 35371419 is_gc_concurrent: 1 target_footprint_: 27214927 GetBytesAllocated: 23933704 HeapGrowthMultiplier: 3
12-19 20:39:39.383  3131  3797 I com.miui.home: CheckGCForNative gc_urgency 0.979784 current_native_bytes is 153076229
12-19 20:39:39.391  3131  3131 I cccccc  : getTaskThumbnailInfo: 2460 1.0  10705920
12-19 20:39:39.626  3131  3131 I wm_on_stop_called: [0,188963741,com.miui.home.launcher.Launcher,STOP_ACTIVITY_ITEM,8]
12-19 20:39:40.153  3131  3131 I wm_on_restart_called: [0,188963741,com.miui.home.launcher.Launcher,performRestartActivity,0]
12-19 20:39:40.154  3131  3131 I wm_on_start_called: [0,188963741,com.miui.home.launcher.Launcher,handleStartActivity,1]
12-19 20:39:40.223  3131  3797 I com.miui.home: CheckGCForNative adj_start_bytes: 44671068 NativeAllocationGcWatermark: 11790473 java_gc_start_bytes: 26985359 kNewNativeDiscountFactor: 2 kOldNativeDiscountFactor: 65536 old_native_bytes: 113411105 new_native_bytes: 39694932 add_bytes_allowed: 35371419 is_gc_concurrent: 1 target_footprint_: 27214927 GetBytesAllocated: 24778216 HeapGrowthMultiplier: 3
12-19 20:39:40.223  3131  3797 I com.miui.home: CheckGCForNative gc_urgency 0.999023 current_native_bytes is 153106037
12-19 20:39:40.225  3131  3646 I com.miui.home: CheckGCForNative adj_start_bytes: 44671068 NativeAllocationGcWatermark: 11790473 java_gc_start_bytes: 26985359 kNewNativeDiscountFactor: 2 kOldNativeDiscountFactor: 65536 old_native_bytes: 113411105 new_native_bytes: 50400852 add_bytes_allowed: 35371419 is_gc_concurrent: 1 target_footprint_: 27214927 GetBytesAllocated: 24778408 HeapGrowthMultiplier: 3
12-19 20:39:40.225  3131  3646 I com.miui.home: CheckGCForNative gc_urgency 1.11886 current_native_bytes is 163811957
12-19 20:39:40.225  3131  3646 I com.miui.home: CheckGCForNative requested 1
12-19 20:39:40.225  3131  3797 I com.miui.home: CheckGCForNative adj_start_bytes: 44671068 NativeAllocationGcWatermark: 11790473 java_gc_start_bytes: 26985359 kNewNativeDiscountFactor: 2 kOldNativeDiscountFactor: 65536 old_native_bytes: 113411105 new_native_bytes: 61106772 add_bytes_allowed: 35371419 is_gc_concurrent: 1 target_footprint_: 27214927 GetBytesAllocated: 24778408 HeapGrowthMultiplier: 3
12-19 20:39:40.225  3131  3797 I com.miui.home: CheckGCForNative gc_urgency 1.23869 current_native_bytes is 174517877
12-19 20:39:40.225  3131  3797 I com.miui.home: CheckGCForNative requested 1
12-19 20:39:40.226  3131  3131 I cccccc  : getTaskThumbnailInfo: 2460 1.0  10705920
12-19 20:39:40.226  3131  3797 I cccccc  : getTaskThumbnailInfo: 2460 1.0  10705920
12-19 20:39:40.237  3131  3459 I com.miui.home: CheckGCForNative adj_start_bytes: 44671068 NativeAllocationGcWatermark: 11790473 java_gc_start_bytes: 26985359 kNewNativeDiscountFactor: 2 kOldNativeDiscountFactor: 65536 old_native_bytes: 113411105 new_native_bytes: 39695868 add_bytes_allowed: 35371419 is_gc_concurrent: 1 target_footprint_: 27214927 GetBytesAllocated: 24778600 HeapGrowthMultiplier: 3
12-19 20:39:40.237  3131  3459 I com.miui.home: CheckGCForNative gc_urgency 0.999042 current_native_bytes is 153106973
12-19 20:39:40.325  3131  3168 I com.miui.home: NativeAlloc concurrent copying GC freed 208686(10186KB) AllocSpace objects, 26(896KB) LOS objects, 49% free, 12MB/25MB, paused 68us,28us total 100.269ms
12-19 20:39:40.555  3131  3459 I com.miui.home: CheckGCForNative gc_urgency 0 current_native_bytes is 107483793
12-19 20:39:40.564 13574 13574 I wm_on_destroy_called: [0,129616775,com.youku.phone.ActivityWelcome,performDestroy,1]
12-19 20:39:40.589  3131  3459 I com.miui.home: CheckGCForNative adj_start_bytes: 44543596 NativeAllocationGcWatermark: 11766687 java_gc_start_bytes: 26893566 kNewNativeDiscountFactor: 2 kOldNativeDiscountFactor: 65536 old_native_bytes: 107483793 new_native_bytes: 1376 add_bytes_allowed: 35300061 is_gc_concurrent: 1 target_footprint_: 27024638 GetBytesAllocated: 13692576 HeapGrowthMultiplier: 3
12-19 20:39:40.589  3131  3459 I com.miui.home: CheckGCForNative gc_urgency 0.307449 current_native_bytes is 107485169
12-19 20:39:40.747  3131  3131 I wm_on_resume_called: [0,188963741,com.miui.home.launcher.Launcher,RESUME_ACTIVITY,5]
12-19 20:39:40.749  3131  3131 I wm_on_idle_called: com.miui.home.launcher.Launcher
12-19 20:39:40.951  3131  3797 D cccccc  : onTaskStackChangedBackground
12-19 20:39:40.953  3131  3746 D cccccc  : onTaskStackChangedBackground
12-19 20:39:40.953  3131  3797 D cccccc  : onTaskStackChangedBackground
12-19 20:39:41.065  3131  3651 I com.miui.home: CheckGCForNative adj_start_bytes: 44543596 NativeAllocationGcWatermark: 11766687 java_gc_start_bytes: 26893566 kNewNativeDiscountFactor: 2 kOldNativeDiscountFactor: 65536 old_native_bytes: 107483793 new_native_bytes: 638312 add_bytes_allowed: 35300061 is_gc_concurrent: 1 target_footprint_: 27024638 GetBytesAllocated: 15267520 HeapGrowthMultiplier: 3
12-19 20:39:41.065  3131  3651 I com.miui.home: CheckGCForNative gc_urgency 0.349956 current_native_bytes is 108122105
12-19 20:39:41.065  3131  3651 I com.miui.home: CheckGCForNative adj_start_bytes: 44543596 NativeAllocationGcWatermark: 11766687 java_gc_start_bytes: 26893566 kNewNativeDiscountFactor: 2 kOldNativeDiscountFactor: 65536 old_native_bytes: 107483793 new_native_bytes: 642792 add_bytes_allowed: 35300061 is_gc_concurrent: 1 target_footprint_: 27024638 GetBytesAllocated: 15267520 HeapGrowthMultiplier: 3
12-19 20:39:41.065  3131  3651 I com.miui.home: CheckGCForNative gc_urgency 0.350007 current_native_bytes is 108126585
12-19 20:39:41.127  3131  7812 I com.miui.home: CheckGCForNative adj_start_bytes: 44543596 NativeAllocationGcWatermark: 11766687 java_gc_start_bytes: 26893566 kNewNativeDiscountFactor: 2 kOldNativeDiscountFactor: 65536 old_native_bytes: 107483793 new_native_bytes: 1534124 add_bytes_allowed: 35300061 is_gc_concurrent: 1 target_footprint_: 27024638 GetBytesAllocated: 15431616 HeapGrowthMultiplier: 3
12-19 20:39:41.127  3131  7812 I com.miui.home: CheckGCForNative gc_urgency 0.363696 current_native_bytes is 109017917
12-19 20:39:41.129  3131  3651 I com.miui.home: CheckGCForNative adj_start_bytes: 44543596 NativeAllocationGcWatermark: 11766687 java_gc_start_bytes: 26893566 kNewNativeDiscountFactor: 2 kOldNativeDiscountFactor: 65536 old_native_bytes: 107483793 new_native_bytes: 1529452 add_bytes_allowed: 35300061 is_gc_concurrent: 1 target_footprint_: 27024638 GetBytesAllocated: 15431616 HeapGrowthMultiplier: 3
12-19 20:39:41.129  3131  3651 I com.miui.home: CheckGCForNative gc_urgency 0.363643 current_native_bytes is 109013245
12-19 20:39:41.135  3131  3651 I com.miui.home: CheckGCForNative adj_start_bytes: 44543596 NativeAllocationGcWatermark: 11766687 java_gc_start_bytes: 26893566 kNewNativeDiscountFactor: 2 kOldNativeDiscountFactor: 65536 old_native_bytes: 107483793 new_native_bytes: 1910828 add_bytes_allowed: 35300061 is_gc_concurrent: 1 target_footprint_: 27024638 GetBytesAllocated: 15431616 HeapGrowthMultiplier: 3
12-19 20:39:41.135  3131  3651 I com.miui.home: CheckGCForNative gc_urgency 0.367924 current_native_bytes is 109394621
