12-13 19:49:43.519  4932  5053 I com.miui.home: CheckGCForNative gc_urgency 0.302719 current_native_bytes is 157165643
12-13 19:49:43.781  4932 21560 I com.miui.home: CheckGCForNative adj_start_bytes: 43975811 NativeAllocationGcWatermark: 11706920 java_gc_start_bytes: 26415431 kNewNativeDiscountFactor: 2 kOldNativeDiscountFactor: 65536 old_native_bytes: 157161803 new_native_bytes: 10704160 add_bytes_allowed: 35120760 is_gc_concurrent: 1 target_footprint_: 26546503 GetBytesAllocated: 13479586 HeapGrowthMultiplier: 3
12-13 19:49:43.782  4932 21560 I com.miui.home: CheckGCForNative gc_urgency 0.428282 current_native_bytes is 167865963
12-13 19:49:43.784  4932  5052 I com.miui.home: CheckGCForNative adj_start_bytes: 43975811 NativeAllocationGcWatermark: 11706920 java_gc_start_bytes: 26415431 kNewNativeDiscountFactor: 2 kOldNativeDiscountFactor: 65536 old_native_bytes: 157161803 new_native_bytes: 21412384 add_bytes_allowed: 35120760 is_gc_concurrent: 1 target_footprint_: 26546503 GetBytesAllocated: 13479586 HeapGrowthMultiplier: 3
12-13 19:49:43.784  4932  5052 I com.miui.home: CheckGCForNative gc_urgency 0.550036 current_native_bytes is 178574187
12-13 19:49:43.784  4932  4932 I com.miui.home: CheckGCForNative adj_start_bytes: 43975811 NativeAllocationGcWatermark: 11706920 java_gc_start_bytes: 26415431 kNewNativeDiscountFactor: 2 kOldNativeDiscountFactor: 65536 old_native_bytes: 157161803 new_native_bytes: 32119648 add_bytes_allowed: 35120760 is_gc_concurrent: 1 target_footprint_: 26546503 GetBytesAllocated: 13489060 HeapGrowthMultiplier: 3
12-13 19:49:43.784  4932  4932 I com.miui.home: CheckGCForNative gc_urgency 0.671989 current_native_bytes is 189281451
12-13 19:49:43.789 27798 27798 I wm_on_paused_called: [0,92086325,com.youku.phone.ActivityWelcome,performPause,0]
12-13 19:49:43.914  4932  4949 I com.miui.home: CheckGCForNative adj_start_bytes: 43975811 NativeAllocationGcWatermark: 11706920 java_gc_start_bytes: 26415431 kNewNativeDiscountFactor: 2 kOldNativeDiscountFactor: 65536 old_native_bytes: 157161803 new_native_bytes: 10765672 add_bytes_allowed: 35120760 is_gc_concurrent: 1 target_footprint_: 26546503 GetBytesAllocated: 13648267 HeapGrowthMultiplier: 3
12-13 19:49:43.915  4932  4949 I com.miui.home: CheckGCForNative gc_urgency 0.432817 current_native_bytes is 167927475
12-13 19:49:44.008  4932  8984 I com.miui.home: CheckGCForNative adj_start_bytes: 43975811 NativeAllocationGcWatermark: 11706920 java_gc_start_bytes: 26415431 kNewNativeDiscountFactor: 2 kOldNativeDiscountFactor: 65536 old_native_bytes: 157161803 new_native_bytes: 21451560 add_bytes_allowed: 35120760 is_gc_concurrent: 1 target_footprint_: 26546503 GetBytesAllocated: 13812811 HeapGrowthMultiplier: 3
12-13 19:49:44.008  4932  8984 I com.miui.home: CheckGCForNative gc_urgency 0.558057 current_native_bytes is 178613363
12-13 19:49:44.084 28094 28094 I wm_on_application_create_called: [0,com.xiaomi.account,272]
12-13 19:49:44.170  4932 12785 I com.miui.home: CheckGCForNative adj_start_bytes: 43975811 NativeAllocationGcWatermark: 11706920 java_gc_start_bytes: 26415431 kNewNativeDiscountFactor: 2 kOldNativeDiscountFactor: 65536 old_native_bytes: 157161803 new_native_bytes: 10570848 add_bytes_allowed: 35120760 is_gc_concurrent: 1 target_footprint_: 26546503 GetBytesAllocated: 14114750 HeapGrowthMultiplier: 3
12-13 19:49:44.171  4932 12785 I com.miui.home: CheckGCForNative gc_urgency 0.44121 current_native_bytes is 167732651
12-13 19:49:44.202  4932  4932 I wm_on_top_resumed_lost_called: [185468407,com.miui.home.launcher.Launcher,topStateChangedWhenResumed]
12-13 19:49:44.235  4932  4932 I wm_on_paused_called: [0,185468407,com.miui.home.launcher.Launcher,performPause,2]
12-13 19:49:44.349  4932  5190 I com.miui.home: CheckGCForNative adj_start_bytes: 43975811 NativeAllocationGcWatermark: 11706920 java_gc_start_bytes: 26415431 kNewNativeDiscountFactor: 2 kOldNativeDiscountFactor: 65536 old_native_bytes: 157161803 new_native_bytes: 10706504 add_bytes_allowed: 35120760 is_gc_concurrent: 1 target_footprint_: 26546503 GetBytesAllocated: 14615531 HeapGrowthMultiplier: 3
12-13 19:49:44.349  4932  5190 I com.miui.home: CheckGCForNative gc_urgency 0.45414 current_native_bytes is 167868307
12-13 19:49:44.644  4932  5053 I com.miui.home: CheckGCForNative adj_start_bytes: 43975811 NativeAllocationGcWatermark: 11706920 java_gc_start_bytes: 26415431 kNewNativeDiscountFactor: 2 kOldNativeDiscountFactor: 65536 old_native_bytes: 157161803 new_native_bytes: 11052440 add_bytes_allowed: 35120760 is_gc_concurrent: 1 target_footprint_: 26546503 GetBytesAllocated: 15063526 HeapGrowthMultiplier: 3
12-13 19:49:44.644  4932  5053 I com.miui.home: CheckGCForNative gc_urgency 0.468261 current_native_bytes is 168214243
12-13 19:49:44.823  4932  5053 I com.miui.home: CheckGCForNative adj_start_bytes: 43975811 NativeAllocationGcWatermark: 11706920 java_gc_start_bytes: 26415431 kNewNativeDiscountFactor: 2 kOldNativeDiscountFactor: 65536 old_native_bytes: 157161803 new_native_bytes: 11034520 add_bytes_allowed: 35120760 is_gc_concurrent: 1 target_footprint_: 26546503 GetBytesAllocated: 15100495 HeapGrowthMultiplier: 3
12-13 19:49:44.823  4932  5053 I com.miui.home: CheckGCForNative gc_urgency 0.468898 current_native_bytes is 168196323
12-13 19:49:45.002 28174 28174 I wm_on_create_called: [0,132065798,com.ucpro.MainActivity,performCreate,45]
12-13 19:49:45.140 28174 28174 I wm_on_create_called: [0,170669318,com.ucpro.BrowserActivity,performCreate,83]
12-13 19:49:45.148 28174 28174 I wm_on_start_called: [0,170669318,com.ucpro.BrowserActivity,handleStartActivity,7]
12-13 19:49:45.159 28174 28174 I wm_on_resume_called: [0,170669318,com.ucpro.BrowserActivity,RESUME_ACTIVITY,7]
12-13 19:49:45.166 28174 28174 I wm_on_top_resumed_gained_called: [170669318,com.ucpro.BrowserActivity,topStateChangedWhenResumed]
12-13 19:49:45.314  4932  4932 I wm_on_stop_called: [0,185468407,com.miui.home.launcher.Launcher,STOP_ACTIVITY_ITEM,7]
12-13 19:49:45.354 28174 28174 I wm_on_destroy_called: [0,132065798,com.ucpro.MainActivity,performDestroy,3]
12-13 19:49:45.401 28174 28174 I wm_on_idle_called: com.ucpro.BrowserActivity
12-13 19:49:46.768 28174 28174 I wm_on_top_resumed_lost_called: [170669318,com.ucpro.BrowserActivity,topStateChangedWhenResumed]
12-13 19:49:46.772  4932  4932 I wm_on_restart_called: [0,185468407,com.miui.home.launcher.Launcher,,0]
12-13 19:49:46.773  4932  4932 I wm_on_start_called: [0,185468407,com.miui.home.launcher.Launcher,handleStartActivity,1]
12-13 19:49:46.777  4932  4932 I wm_on_resume_called: [0,185468407,com.miui.home.launcher.Launcher,RESUME_ACTIVITY,3]
12-13 19:49:46.802  4932  4932 I wm_on_top_resumed_gained_called: [185468407,com.miui.home.launcher.Launcher,topStateChangedWhenResumed]
12-13 19:49:46.805  4932  4932 I wm_on_idle_called: com.miui.home.launcher.Launcher
12-13 19:49:46.888  4932 21560 I com.miui.home: CheckGCForNative adj_start_bytes: 43975811 NativeAllocationGcWatermark: 11706920 java_gc_start_bytes: 26415431 kNewNativeDiscountFactor: 2 kOldNativeDiscountFactor: 65536 old_native_bytes: 157161803 new_native_bytes: 21785124 add_bytes_allowed: 35120760 is_gc_concurrent: 1 target_footprint_: 26546503 GetBytesAllocated: 16780127 HeapGrowthMultiplier: 3
12-13 19:49:46.888  4932 21560 I com.miui.home: CheckGCForNative gc_urgency 0.629325 current_native_bytes is 178946927
12-13 19:49:46.889  4932 21560 I com.miui.home: CheckGCForNative adj_start_bytes: 43975811 NativeAllocationGcWatermark: 11706920 java_gc_start_bytes: 26415431 kNewNativeDiscountFactor: 2 kOldNativeDiscountFactor: 65536 old_native_bytes: 157161803 new_native_bytes: 43197988 add_bytes_allowed: 35120760 is_gc_concurrent: 1 target_footprint_: 26546503 GetBytesAllocated: 16785676 HeapGrowthMultiplier: 3
12-13 19:49:46.889  4932 21560 I com.miui.home: CheckGCForNative gc_urgency 0.872913 current_native_bytes is 200359791
12-13 19:49:46.895  4932 15887 I com.miui.home: CheckGCForNative adj_start_bytes: 43975811 NativeAllocationGcWatermark: 11706920 java_gc_start_bytes: 26415431 kNewNativeDiscountFactor: 2 kOldNativeDiscountFactor: 65536 old_native_bytes: 157161803 new_native_bytes: 32491044 add_bytes_allowed: 35120760 is_gc_concurrent: 1 target_footprint_: 26546503 GetBytesAllocated: 16791471 HeapGrowthMultiplier: 3
12-13 19:49:46.895  4932 15887 I com.miui.home: CheckGCForNative gc_urgency 0.751683 current_native_bytes is 189652847
12-13 19:49:46.897  4932 13501 I com.miui.home: CheckGCForNative adj_start_bytes: 43975811 NativeAllocationGcWatermark: 11706920 java_gc_start_bytes: 26415431 kNewNativeDiscountFactor: 2 kOldNativeDiscountFactor: 65536 old_native_bytes: 157161803 new_native_bytes: 32493284 add_bytes_allowed: 35120760 is_gc_concurrent: 1 target_footprint_: 26546503 GetBytesAllocated: 16811826 HeapGrowthMultiplier: 3
12-13 19:49:46.897  4932 13501 I com.miui.home: CheckGCForNative gc_urgency 0.751797 current_native_bytes is 189655087
12-13 19:49:47.217  4932  5053 I com.miui.home: CheckGCForNative adj_start_bytes: 43975811 NativeAllocationGcWatermark: 11706920 java_gc_start_bytes: 26415431 kNewNativeDiscountFactor: 2 kOldNativeDiscountFactor: 65536 old_native_bytes: 157161803 new_native_bytes: 21827204 add_bytes_allowed: 35120760 is_gc_concurrent: 1 target_footprint_: 26546503 GetBytesAllocated: 16949001 HeapGrowthMultiplier: 3
12-13 19:49:47.217  4932  5053 I com.miui.home: CheckGCForNative gc_urgency 0.633644 current_native_bytes is 178989007
12-13 19:49:47.350  4932  5053 I com.miui.home: CheckGCForNative adj_start_bytes: 43975811 NativeAllocationGcWatermark: 11706920 java_gc_start_bytes: 26415431 kNewNativeDiscountFactor: 2 kOldNativeDiscountFactor: 65536 old_native_bytes: 157161803 new_native_bytes: 21843556 add_bytes_allowed: 35120760 is_gc_concurrent: 1 target_footprint_: 26546503 GetBytesAllocated: 16999721 HeapGrowthMultiplier: 3
12-13 19:49:47.351  4932  5053 I com.miui.home: CheckGCForNative gc_urgency 0.634983 current_native_bytes is 179005359
12-13 19:49:47.386  4932  5052 I com.miui.home: CheckGCForNative adj_start_bytes: 43975811 NativeAllocationGcWatermark: 11706920 java_gc_start_bytes: 26415431 kNewNativeDiscountFactor: 2 kOldNativeDiscountFactor: 65536 old_native_bytes: 157161803 new_native_bytes: 32504548 add_bytes_allowed: 35120760 is_gc_concurrent: 1 target_footprint_: 26546503 GetBytesAllocated: 17019415 HeapGrowthMultiplier: 3
12-13 19:49:47.386  4932  5052 I com.miui.home: CheckGCForNative gc_urgency 0.756645 current_native_bytes is 189666351
12-13 19:49:47.388  4932  5052 I com.miui.home: CheckGCForNative adj_start_bytes: 43975811 NativeAllocationGcWatermark: 11706920 java_gc_start_bytes: 26415431 kNewNativeDiscountFactor: 2 kOldNativeDiscountFactor: 65536 old_native_bytes: 157161803 new_native_bytes: 43207268 add_bytes_allowed: 35120760 is_gc_concurrent: 1 target_footprint_: 26546503 GetBytesAllocated: 17023283 HeapGrowthMultiplier: 3
12-13 19:49:47.388  4932  5052 I com.miui.home: CheckGCForNative gc_urgency 0.878422 current_native_bytes is 200369071
12-13 19:49:47.391 28174 28174 I wm_on_paused_called: [0,170669318,com.ucpro.BrowserActivity,performPause,1]
12-13 19:49:47.397  4932 21560 I com.miui.home: CheckGCForNative adj_start_bytes: 43975811 NativeAllocationGcWatermark: 11706920 java_gc_start_bytes: 26415431 kNewNativeDiscountFactor: 2 kOldNativeDiscountFactor: 65536 old_native_bytes: 157161803 new_native_bytes: 43207716 add_bytes_allowed: 35120760 is_gc_concurrent: 1 target_footprint_: 26546503 GetBytesAllocated: 17023283 HeapGrowthMultiplier: 3
12-13 19:49:47.398  4932 21560 I com.miui.home: CheckGCForNative gc_urgency 0.878427 current_native_bytes is 200369519
12-13 19:49:47.498 28174 28174 I wm_on_stop_called: [0,170669318,com.ucpro.BrowserActivity,STOP_ACTIVITY_ITEM,4]
12-13 19:49:47.523  4932  8984 I com.miui.home: CheckGCForNative adj_start_bytes: 43975811 NativeAllocationGcWatermark: 11706920 java_gc_start_bytes: 26415431 kNewNativeDiscountFactor: 2 kOldNativeDiscountFactor: 65536 old_native_bytes: 157161803 new_native_bytes: 43331548 add_bytes_allowed: 35120760 is_gc_concurrent: 1 target_footprint_: 26546503 GetBytesAllocated: 17240385 HeapGrowthMultiplier: 3
12-13 19:49:47.523  4932  8984 I com.miui.home: CheckGCForNative gc_urgency 0.884772 current_native_bytes is 200493351
12-13 19:49:47.625  4932  4932 I wm_on_top_resumed_lost_called: [185468407,com.miui.home.launcher.Launcher,topStateChangedWhenResumed]
12-13 19:49:47.627  4932  4932 I wm_on_paused_called: [0,185468407,com.miui.home.launcher.Launcher,performPause,1]
12-13 19:49:47.763  4932 13501 I com.miui.home: CheckGCForNative adj_start_bytes: 43975811 NativeAllocationGcWatermark: 11706920 java_gc_start_bytes: 26415431 kNewNativeDiscountFactor: 2 kOldNativeDiscountFactor: 65536 old_native_bytes: 157161803 new_native_bytes: 33028028 add_bytes_allowed: 35120760 is_gc_concurrent: 1 target_footprint_: 26546503 GetBytesAllocated: 18043818 HeapGrowthMultiplier: 3
12-13 19:49:47.763  4932 13501 I com.miui.home: CheckGCForNative gc_urgency 0.785892 current_native_bytes is 190189831
12-13 19:49:48.086  4932  5053 I com.miui.home: CheckGCForNative adj_start_bytes: 43975811 NativeAllocationGcWatermark: 11706920 java_gc_start_bytes: 26415431 kNewNativeDiscountFactor: 2 kOldNativeDiscountFactor: 65536 old_native_bytes: 157161803 new_native_bytes: 33331740 add_bytes_allowed: 35120760 is_gc_concurrent: 1 target_footprint_: 26546503 GetBytesAllocated: 18391552 HeapGrowthMultiplier: 3
12-13 19:49:48.086  4932  5053 I com.miui.home: CheckGCForNative gc_urgency 0.797252 current_native_bytes is 190493543
12-13 19:49:48.454 28390 28390 I wm_on_create_called: [0,36649187,com.eg.android.AlipayGphone.AlipayLogin,performCreate,42]
12-13 19:49:48.461 28390 28390 I wm_on_start_called: [0,36649187,com.eg.android.AlipayGphone.AlipayLogin,handleStartActivity,5]
12-13 19:49:48.468 28390 28390 I wm_on_resume_called: [0,36649187,com.eg.android.AlipayGphone.AlipayLogin,RESUME_ACTIVITY,4]
12-13 19:49:48.494 28390 28390 I wm_on_top_resumed_gained_called: [36649187,com.eg.android.AlipayGphone.AlipayLogin,topStateChangedWhenResumed]
12-13 19:49:48.722 28390 28390 I wm_on_idle_called: com.eg.android.AlipayGphone.AlipayLogin
12-13 19:49:48.742  4932  4932 I wm_on_stop_called: [0,185468407,com.miui.home.launcher.Launcher,STOP_ACTIVITY_ITEM,2]
12-13 19:49:49.702  4932  5007 I com.miui.home: CheckGCForNative adj_start_bytes: 43975811 NativeAllocationGcWatermark: 11706920 java_gc_start_bytes: 26415431 kNewNativeDiscountFactor: 2 kOldNativeDiscountFactor: 65536 old_native_bytes: 157161803 new_native_bytes: 33528060 add_bytes_allowed: 35120760 is_gc_concurrent: 1 target_footprint_: 26546503 GetBytesAllocated: 18709353 HeapGrowthMultiplier: 3
12-13 19:49:49.703  4932  5007 I com.miui.home: CheckGCForNative gc_urgency 0.806711 current_native_bytes is 190689863
12-13 19:49:49.709  4932  5007 I com.miui.home: CheckGCForNative adj_start_bytes: 43975811 NativeAllocationGcWatermark: 11706920 java_gc_start_bytes: 26415431 kNewNativeDiscountFactor: 2 kOldNativeDiscountFactor: 65536 old_native_bytes: 157161803 new_native_bytes: 33924412 add_bytes_allowed: 35120760 is_gc_concurrent: 1 target_footprint_: 26546503 GetBytesAllocated: 18709353 HeapGrowthMultiplier: 3
12-13 19:49:49.709  4932  5007 I com.miui.home: CheckGCForNative gc_urgency 0.811218 current_native_bytes is 191086215
12-13 19:49:49.725  4932  4932 I com.miui.home: CheckGCForNative adj_start_bytes: 43975811 NativeAllocationGcWatermark: 11706920 java_gc_start_bytes: 26415431 kNewNativeDiscountFactor: 2 kOldNativeDiscountFactor: 65536 old_native_bytes: 157161803 new_native_bytes: 34354540 add_bytes_allowed: 35120760 is_gc_concurrent: 1 target_footprint_: 26546503 GetBytesAllocated: 18827179 HeapGrowthMultiplier: 3
12-13 19:49:49.725  4932  4932 I com.miui.home: CheckGCForNative gc_urgency 0.818788 current_native_bytes is 191516343
12-13 19:49:49.859 28390 28390 I wm_on_top_resumed_lost_called: [36649187,com.eg.android.AlipayGphone.AlipayLogin,topStateChangedWhenResumed]
12-13 19:49:49.866  4932  4932 I wm_on_restart_called: [0,185468407,com.miui.home.launcher.Launcher,,0]
12-13 19:49:49.867  4932  4932 I wm_on_start_called: [0,185468407,com.miui.home.launcher.Launcher,handleStartActivity,1]
12-13 19:49:49.871  4932  4932 I wm_on_resume_called: [0,185468407,com.miui.home.launcher.Launcher,RESUME_ACTIVITY,3]
12-13 19:49:49.875  4932  4985 I com.miui.home: CheckGCForNative adj_start_bytes: 43975811 NativeAllocationGcWatermark: 11706920 java_gc_start_bytes: 26415431 kNewNativeDiscountFactor: 2 kOldNativeDiscountFactor: 65536 old_native_bytes: 157161803 new_native_bytes: 34428564 add_bytes_allowed: 35120760 is_gc_concurrent: 1 target_footprint_: 26546503 GetBytesAllocated: 19412062 HeapGrowthMultiplier: 3
12-13 19:49:49.875  4932  4985 I com.miui.home: CheckGCForNative gc_urgency 0.832929 current_native_bytes is 191590367
12-13 19:49:49.905  4932  4932 I wm_on_top_resumed_gained_called: [185468407,com.miui.home.launcher.Launcher,topStateChangedWhenResumed]
12-13 19:49:49.907  4932  4932 I wm_on_idle_called: com.miui.home.launcher.Launcher
12-13 19:49:50.007  4932  8319 I com.miui.home: CheckGCForNative adj_start_bytes: 43975811 NativeAllocationGcWatermark: 11706920 java_gc_start_bytes: 26415431 kNewNativeDiscountFactor: 2 kOldNativeDiscountFactor: 65536 old_native_bytes: 157161803 new_native_bytes: 45269464 add_bytes_allowed: 35120760 is_gc_concurrent: 1 target_footprint_: 26546503 GetBytesAllocated: 20097072 HeapGrowthMultiplier: 3
12-13 19:49:50.007  4932  8319 I com.miui.home: CheckGCForNative gc_urgency 0.97203 current_native_bytes is 202431267
12-13 19:49:50.007  4932  8319 I com.miui.home: CheckGCForNative adj_start_bytes: 43975811 NativeAllocationGcWatermark: 11706920 java_gc_start_bytes: 26415431 kNewNativeDiscountFactor: 2 kOldNativeDiscountFactor: 65536 old_native_bytes: 157161803 new_native_bytes: 55976456 add_bytes_allowed: 35120760 is_gc_concurrent: 1 target_footprint_: 26546503 GetBytesAllocated: 20123157 HeapGrowthMultiplier: 3
12-13 19:49:50.007  4932  8319 I com.miui.home: CheckGCForNative gc_urgency 1.09432 current_native_bytes is 213138259
12-13 19:49:50.014  4932  8319 I com.miui.home: CheckGCForNative adj_start_bytes: 43975811 NativeAllocationGcWatermark: 11706920 java_gc_start_bytes: 26415431 kNewNativeDiscountFactor: 2 kOldNativeDiscountFactor: 65536 old_native_bytes: 157161803 new_native_bytes: 55967880 add_bytes_allowed: 35120760 is_gc_concurrent: 1 target_footprint_: 26546503 GetBytesAllocated: 20212437 HeapGrowthMultiplier: 3
12-13 19:49:50.015  4932  8319 I com.miui.home: CheckGCForNative gc_urgency 1.09603 current_native_bytes is 213129683
12-13 19:49:50.068  4932  5053 I com.miui.home: CheckGCForNative adj_start_bytes: 43975811 NativeAllocationGcWatermark: 11706920 java_gc_start_bytes: 26415431 kNewNativeDiscountFactor: 2 kOldNativeDiscountFactor: 65536 old_native_bytes: 157161803 new_native_bytes: 45454440 add_bytes_allowed: 35120760 is_gc_concurrent: 1 target_footprint_: 26546503 GetBytesAllocated: 20311264 HeapGrowthMultiplier: 3
12-13 19:49:50.068  4932  5053 I com.miui.home: CheckGCForNative gc_urgency 0.97874 current_native_bytes is 202616243
12-13 19:49:50.424  4932  5053 I com.miui.home: CheckGCForNative gc_urgency 0 current_native_bytes is 158274167
12-13 19:49:50.490  4932  5052 I com.miui.home: CheckGCForNative adj_start_bytes: 43710999 NativeAllocationGcWatermark: 11685721 java_gc_start_bytes: 26182418 kNewNativeDiscountFactor: 2 kOldNativeDiscountFactor: 65536 old_native_bytes: 158274167 new_native_bytes: 10713248 add_bytes_allowed: 35057163 is_gc_concurrent: 1 target_footprint_: 26376909 GetBytesAllocated: 13397491 HeapGrowthMultiplier: 3
12-13 19:49:50.490  4932  5052 I com.miui.home: CheckGCForNative gc_urgency 0.429103 current_native_bytes is 168987415
12-13 19:49:50.490  4932  5052 I com.miui.home: CheckGCForNative adj_start_bytes: 43710999 NativeAllocationGcWatermark: 11685721 java_gc_start_bytes: 26182418 kNewNativeDiscountFactor: 2 kOldNativeDiscountFactor: 65536 old_native_bytes: 158274167 new_native_bytes: 21421328 add_bytes_allowed: 35057163 is_gc_concurrent: 1 target_footprint_: 26376909 GetBytesAllocated: 13414067 HeapGrowthMultiplier: 3
12-13 19:49:50.490  4932  5052 I com.miui.home: CheckGCForNative gc_urgency 0.55197 current_native_bytes is 179695495
12-13 19:49:50.490  4932  4946 I com.miui.home: CheckGCForNative adj_start_bytes: 43710999 NativeAllocationGcWatermark: 11685721 java_gc_start_bytes: 26182418 kNewNativeDiscountFactor: 2 kOldNativeDiscountFactor: 65536 old_native_bytes: 158274167 new_native_bytes: 21421328 add_bytes_allowed: 35057163 is_gc_concurrent: 1 target_footprint_: 26376909 GetBytesAllocated: 13414067 HeapGrowthMultiplier: 3
12-13 19:49:50.490  4932  4946 I com.miui.home: CheckGCForNative gc_urgency 0.55197 current_native_bytes is 179695495
12-13 19:49:50.497 28390 28390 I wm_on_paused_called: [0,36649187,com.eg.android.AlipayGphone.AlipayLogin,performPause,1]
12-13 19:49:50.559  4932  4932 I com.miui.home: CheckGCForNative adj_start_bytes: 43710999 NativeAllocationGcWatermark: 11685721 java_gc_start_bytes: 26182418 kNewNativeDiscountFactor: 2 kOldNativeDiscountFactor: 65536 old_native_bytes: 158274167 new_native_bytes: 10672664 add_bytes_allowed: 35057163 is_gc_concurrent: 1 target_footprint_: 26376909 GetBytesAllocated: 13480326 HeapGrowthMultiplier: 3
12-13 19:49:50.559  4932  4932 I com.miui.home: CheckGCForNative gc_urgency 0.430534 current_native_bytes is 168946831
12-13 19:49:50.630  4932  5010 I com.miui.home: CheckGCForNative adj_start_bytes: 43710999 NativeAllocationGcWatermark: 11685721 java_gc_start_bytes: 26182418 kNewNativeDiscountFactor: 2 kOldNativeDiscountFactor: 65536 old_native_bytes: 158274167 new_native_bytes: 21512136 add_bytes_allowed: 35057163 is_gc_concurrent: 1 target_footprint_: 26376909 GetBytesAllocated: 13728104 HeapGrowthMultiplier: 3
12-13 19:49:50.630  4932  5010 I com.miui.home: CheckGCForNative gc_urgency 0.560193 current_native_bytes is 179786303
12-13 19:49:50.674  4932  5010 I com.miui.home: CheckGCForNative adj_start_bytes: 43710999 NativeAllocationGcWatermark: 11685721 java_gc_start_bytes: 26182418 kNewNativeDiscountFactor: 2 kOldNativeDiscountFactor: 65536 old_native_bytes: 158274167 new_native_bytes: 36938616 add_bytes_allowed: 35057163 is_gc_concurrent: 1 target_footprint_: 26376909 GetBytesAllocated: 13828255 HeapGrowthMultiplier: 3
12-13 19:49:50.674  4932  5010 I com.miui.home: CheckGCForNative gc_urgency 0.738944 current_native_bytes is 195212783
12-13 19:49:50.675  4932  5010 I com.miui.home: CheckGCForNative adj_start_bytes: 43710999 NativeAllocationGcWatermark: 11685721 java_gc_start_bytes: 26182418 kNewNativeDiscountFactor: 2 kOldNativeDiscountFactor: 65536 old_native_bytes: 158274167 new_native_bytes: 25142136 add_bytes_allowed: 35057163 is_gc_concurrent: 1 target_footprint_: 26376909 GetBytesAllocated: 13828255 HeapGrowthMultiplier: 3
12-13 19:49:50.675  4932  5010 I com.miui.home: CheckGCForNative gc_urgency 0.604007 current_native_bytes is 183416303
12-13 19:49:50.685  4932  5010 I com.miui.home: CheckGCForNative adj_start_bytes: 43710999 NativeAllocationGcWatermark: 11685721 java_gc_start_bytes: 26182418 kNewNativeDiscountFactor: 2 kOldNativeDiscountFactor: 65536 old_native_bytes: 158274167 new_native_bytes: 25864440 add_bytes_allowed: 35057163 is_gc_concurrent: 1 target_footprint_: 26376909 GetBytesAllocated: 13844639 HeapGrowthMultiplier: 3
12-13 19:49:50.685  4932  5010 I com.miui.home: CheckGCForNative gc_urgency 0.612644 current_native_bytes is 184138607
12-13 19:49:50.744  4932  5010 I com.miui.home: CheckGCForNative adj_start_bytes: 43710999 NativeAllocationGcWatermark: 11685721 java_gc_start_bytes: 26182418 kNewNativeDiscountFactor: 2 kOldNativeDiscountFactor: 65536 old_native_bytes: 158274167 new_native_bytes: 27360624 add_bytes_allowed: 35057163 is_gc_concurrent: 1 target_footprint_: 26376909 GetBytesAllocated: 13935896 HeapGrowthMultiplier: 3
12-13 19:49:50.744  4932  5010 I com.miui.home: CheckGCForNative gc_urgency 0.631846 current_native_bytes is 185634791
12-13 19:49:50.744  4932  5010 I com.miui.home: CheckGCForNative adj_start_bytes: 43710999 NativeAllocationGcWatermark: 11685721 java_gc_start_bytes: 26182418 kNewNativeDiscountFactor: 2 kOldNativeDiscountFactor: 65536 old_native_bytes: 158274167 new_native_bytes: 28811256 add_bytes_allowed: 35057163 is_gc_concurrent: 1 target_footprint_: 26376909 GetBytesAllocated: 13935896 HeapGrowthMultiplier: 3
12-13 19:49:50.744  4932  5010 I com.miui.home: CheckGCForNative gc_urgency 0.64844 current_native_bytes is 187085423
12-13 19:49:50.755  4932  5010 I com.miui.home: CheckGCForNative adj_start_bytes: 43710999 NativeAllocationGcWatermark: 11685721 java_gc_start_bytes: 26182418 kNewNativeDiscountFactor: 2 kOldNativeDiscountFactor: 65536 old_native_bytes: 158274167 new_native_bytes: 39825912 add_bytes_allowed: 35057163 is_gc_concurrent: 1 target_footprint_: 26376909 GetBytesAllocated: 13935944 HeapGrowthMultiplier: 3
12-13 19:49:50.755  4932  5010 I com.miui.home: CheckGCForNative gc_urgency 0.774435 current_native_bytes is 198100079
12-13 19:49:50.778  4932  4932 I wm_on_top_resumed_lost_called: [185468407,com.miui.home.launcher.Launcher,topStateChangedWhenResumed]
12-13 19:49:50.783  4932  4932 I wm_on_paused_called: [0,185468407,com.miui.home.launcher.Launcher,performPause,2]
12-13 19:49:50.982  4932  5053 I com.miui.home: CheckGCForNative adj_start_bytes: 43710999 NativeAllocationGcWatermark: 11685721 java_gc_start_bytes: 26182418 kNewNativeDiscountFactor: 2 kOldNativeDiscountFactor: 65536 old_native_bytes: 158274167 new_native_bytes: 41307564 add_bytes_allowed: 35057163 is_gc_concurrent: 1 target_footprint_: 26376909 GetBytesAllocated: 14641964 HeapGrowthMultiplier: 3
12-13 19:49:50.982  4932  5053 I com.miui.home: CheckGCForNative gc_urgency 0.807535 current_native_bytes is 199581731
12-13 19:49:51.293  4932  5053 I com.miui.home: CheckGCForNative adj_start_bytes: 43710999 NativeAllocationGcWatermark: 11685721 java_gc_start_bytes: 26182418 kNewNativeDiscountFactor: 2 kOldNativeDiscountFactor: 65536 old_native_bytes: 158274167 new_native_bytes: 41344400 add_bytes_allowed: 35057163 is_gc_concurrent: 1 target_footprint_: 26376909 GetBytesAllocated: 14845736 HeapGrowthMultiplier: 3
12-13 19:49:51.293  4932  5053 I com.miui.home: CheckGCForNative gc_urgency 0.812618 current_native_bytes is 199618567
12-13 19:49:51.371  4932  5053 I com.miui.home: CheckGCForNative adj_start_bytes: 43710999 NativeAllocationGcWatermark: 11685721 java_gc_start_bytes: 26182418 kNewNativeDiscountFactor: 2 kOldNativeDiscountFactor: 65536 old_native_bytes: 158274167 new_native_bytes: 41352208 add_bytes_allowed: 35057163 is_gc_concurrent: 1 target_footprint_: 26376909 GetBytesAllocated: 14865127 HeapGrowthMultiplier: 3
12-13 19:49:51.371  4932  5053 I com.miui.home: CheckGCForNative gc_urgency 0.813151 current_native_bytes is 199626375
12-13 19:49:51.801 30033 30033 I wm_on_create_called: [0,149159908,com.ss.android.ugc.aweme.splash.PermissionActivity,performCreate,52]
12-13 19:49:51.803 30033 30033 I wm_on_start_called: [0,149159908,com.ss.android.ugc.aweme.splash.PermissionActivity,handleStartActivity,1]
12-13 19:49:51.809 30033 30033 I wm_on_resume_called: [0,149159908,com.ss.android.ugc.aweme.splash.PermissionActivity,RESUME_ACTIVITY,5]
12-13 19:49:51.958 30033 30033 I wm_on_idle_called: com.ss.android.ugc.aweme.splash.PermissionActivity
12-13 19:49:52.003  4932  4932 I wm_on_stop_called: [0,185468407,com.miui.home.launcher.Launcher,STOP_ACTIVITY_ITEM,6]
12-13 19:49:52.076 30033 30033 I wm_on_top_resumed_gained_called: [149159908,com.ss.android.ugc.aweme.splash.PermissionActivity,topStateChangedWhenResumed]
12-13 19:49:53.868 30033 30033 I wm_on_top_resumed_lost_called: [149159908,com.ss.android.ugc.aweme.splash.PermissionActivity,topStateChangedWhenResumed]
12-13 19:49:53.872  4932  4932 I wm_on_restart_called: [0,185468407,com.miui.home.launcher.Launcher,,0]
12-13 19:49:53.873  4932  4932 I wm_on_start_called: [0,185468407,com.miui.home.launcher.Launcher,handleStartActivity,1]
12-13 19:49:53.877  4932  4932 I wm_on_resume_called: [0,185468407,com.miui.home.launcher.Launcher,RESUME_ACTIVITY,3]
12-13 19:49:53.929  4932  4932 I wm_on_top_resumed_gained_called: [185468407,com.miui.home.launcher.Launcher,topStateChangedWhenResumed]
12-13 19:49:53.931  4932  4932 I wm_on_idle_called: com.miui.home.launcher.Launcher
12-13 19:49:54.018  4932 21560 I com.miui.home: CheckGCForNative adj_start_bytes: 43710999 NativeAllocationGcWatermark: 11685721 java_gc_start_bytes: 26182418 kNewNativeDiscountFactor: 2 kOldNativeDiscountFactor: 65536 old_native_bytes: 158274167 new_native_bytes: 52044404 add_bytes_allowed: 35057163 is_gc_concurrent: 1 target_footprint_: 26376909 GetBytesAllocated: 16425326 HeapGrowthMultiplier: 3
12-13 19:49:54.018  4932 21560 I com.miui.home: CheckGCForNative gc_urgency 0.97115 current_native_bytes is 210318571
12-13 19:49:54.018  4932 21560 I com.miui.home: CheckGCForNative adj_start_bytes: 43710999 NativeAllocationGcWatermark: 11685721 java_gc_start_bytes: 26182418 kNewNativeDiscountFactor: 2 kOldNativeDiscountFactor: 65536 old_native_bytes: 158274167 new_native_bytes: 62751348 add_bytes_allowed: 35057163 is_gc_concurrent: 1 target_footprint_: 26376909 GetBytesAllocated: 16425518 HeapGrowthMultiplier: 3
12-13 19:49:54.018  4932 21560 I com.miui.home: CheckGCForNative gc_urgency 1.09363 current_native_bytes is 221025515
12-13 19:49:54.021  4932  5201 I com.miui.home: CheckGCForNative adj_start_bytes: 43710999 NativeAllocationGcWatermark: 11685721 java_gc_start_bytes: 26182418 kNewNativeDiscountFactor: 2 kOldNativeDiscountFactor: 65536 old_native_bytes: 158274167 new_native_bytes: 62753140 add_bytes_allowed: 35057163 is_gc_concurrent: 1 target_footprint_: 26376909 GetBytesAllocated: 16460695 HeapGrowthMultiplier: 3
12-13 19:49:54.021  4932  5201 I com.miui.home: CheckGCForNative gc_urgency 1.09448 current_native_bytes is 221027307
12-13 19:49:54.067  4932  5053 I com.miui.home: CheckGCForNative adj_start_bytes: 43710999 NativeAllocationGcWatermark: 11685721 java_gc_start_bytes: 26182418 kNewNativeDiscountFactor: 2 kOldNativeDiscountFactor: 65536 old_native_bytes: 158274167 new_native_bytes: 52152148 add_bytes_allowed: 35057163 is_gc_concurrent: 1 target_footprint_: 26376909 GetBytesAllocated: 16547031 HeapGrowthMultiplier: 3
12-13 19:49:54.067  4932  5053 I com.miui.home: CheckGCForNative gc_urgency 0.975167 current_native_bytes is 210426315
12-13 19:49:54.423  4932  5053 I com.miui.home: CheckGCForNative gc_urgency 0 current_native_bytes is 162516107
12-13 19:49:54.468  4932  5053 I com.miui.home: CheckGCForNative adj_start_bytes: 43618493 NativeAllocationGcWatermark: 11669308 java_gc_start_bytes: 26114531 kNewNativeDiscountFactor: 2 kOldNativeDiscountFactor: 65536 old_native_bytes: 162516107 new_native_bytes: 4608 add_bytes_allowed: 35007924 is_gc_concurrent: 1 target_footprint_: 26245603 GetBytesAllocated: 13266694 HeapGrowthMultiplier: 3
12-13 19:49:54.468  4932  5053 I com.miui.home: CheckGCForNative gc_urgency 0.304263 current_native_bytes is 162520715
12-13 19:49:54.516 30033 30033 I wm_on_paused_called: [0,149159908,com.ss.android.ugc.aweme.splash.PermissionActivity,performPause,1]
12-13 19:49:54.517  4932  5201 I com.miui.home: CheckGCForNative adj_start_bytes: 43618493 NativeAllocationGcWatermark: 11669308 java_gc_start_bytes: 26114531 kNewNativeDiscountFactor: 2 kOldNativeDiscountFactor: 65536 old_native_bytes: 162516107 new_native_bytes: 10717824 add_bytes_allowed: 35007924 is_gc_concurrent: 1 target_footprint_: 26245603 GetBytesAllocated: 13328691 HeapGrowthMultiplier: 3
12-13 19:49:54.519  4932  5201 I com.miui.home: CheckGCForNative gc_urgency 0.42849 current_native_bytes is 173233931
12-13 19:49:54.520  4932  5052 I com.miui.home: CheckGCForNative adj_start_bytes: 43618493 NativeAllocationGcWatermark: 11669308 java_gc_start_bytes: 26114531 kNewNativeDiscountFactor: 2 kOldNativeDiscountFactor: 65536 old_native_bytes: 162516107 new_native_bytes: 21424192 add_bytes_allowed: 35007924 is_gc_concurrent: 1 target_footprint_: 26245603 GetBytesAllocated: 13328691 HeapGrowthMultiplier: 3
12-13 19:49:54.520  4932  5052 I com.miui.home: CheckGCForNative gc_urgency 0.551222 current_native_bytes is 183940299
12-13 19:49:54.520  4932  5052 I com.miui.home: CheckGCForNative adj_start_bytes: 43618493 NativeAllocationGcWatermark: 11669308 java_gc_start_bytes: 26114531 kNewNativeDiscountFactor: 2 kOldNativeDiscountFactor: 65536 old_native_bytes: 162516107 new_native_bytes: 32131136 add_bytes_allowed: 35007924 is_gc_concurrent: 1 target_footprint_: 26245603 GetBytesAllocated: 13329075 HeapGrowthMultiplier: 3
12-13 19:49:54.520  4932  5052 I com.miui.home: CheckGCForNative gc_urgency 0.67396 current_native_bytes is 194647243
12-13 19:49:54.570 30033 30033 I wm_on_stop_called: [0,149159908,com.ss.android.ugc.aweme.splash.PermissionActivity,STOP_ACTIVITY_ITEM,4]
12-13 19:49:54.672  4932  8984 I com.miui.home: CheckGCForNative adj_start_bytes: 43618493 NativeAllocationGcWatermark: 11669308 java_gc_start_bytes: 26114531 kNewNativeDiscountFactor: 2 kOldNativeDiscountFactor: 65536 old_native_bytes: 162516107 new_native_bytes: 21809924 add_bytes_allowed: 35007924 is_gc_concurrent: 1 target_footprint_: 26245603 GetBytesAllocated: 13563487 HeapGrowthMultiplier: 3
12-13 19:49:54.672  4932  8984 I com.miui.home: CheckGCForNative gc_urgency 0.561022 current_native_bytes is 184326031
