12-14 15:57:15.406 14691 14691 I wm_on_idle_called: com.ucpro.BrowserActivity
12-14 15:57:16.551 13650 13650 I wm_on_top_resumed_lost_called: [141976744,com.android.packageinstaller.permission.ui.GrantPermissionsActivity,topStateChangedWhenResumed]
12-14 15:57:16.555  4932  4932 I wm_on_restart_called: [0,185468407,com.miui.home.launcher.Launcher,,0]
12-14 15:57:16.556  4932  4932 I wm_on_start_called: [0,185468407,com.miui.home.launcher.Launcher,handleStartActivity,1]
12-14 15:57:16.560  4932  4932 I wm_on_resume_called: [0,185468407,com.miui.home.launcher.Launcher,RESUME_ACTIVITY,4]
12-14 15:57:16.586  4932  4932 I com.miui.home: CheckGCForNative adj_start_bytes: 44036088 NativeAllocationGcWatermark: 11713265 java_gc_start_bytes: 26466191 kNewNativeDiscountFactor: 2 kOldNativeDiscountFactor: 65536 old_native_bytes: 150409399 new_native_bytes: 32914948 add_bytes_allowed: 35139795 is_gc_concurrent: 1 target_footprint_: 26597263 GetBytesAllocated: 18856276 HeapGrowthMultiplier: 3
12-14 15:57:16.586  4932  4932 I com.miui.home: CheckGCForNative gc_urgency 0.80198 current_native_bytes is 183324347
12-14 15:57:16.587  4932  4932 I com.miui.home: CheckGCForNative adj_start_bytes: 44036088 NativeAllocationGcWatermark: 11713265 java_gc_start_bytes: 26466191 kNewNativeDiscountFactor: 2 kOldNativeDiscountFactor: 65536 old_native_bytes: 150409399 new_native_bytes: 32920916 add_bytes_allowed: 35139795 is_gc_concurrent: 1 target_footprint_: 26597263 GetBytesAllocated: 18869963 HeapGrowthMultiplier: 3
12-14 15:57:16.587  4932  4932 I com.miui.home: CheckGCForNative gc_urgency 0.802358 current_native_bytes is 183330315
12-14 15:57:16.600  4932  4932 I wm_on_top_resumed_gained_called: [185468407,com.miui.home.launcher.Launcher,topStateChangedWhenResumed]
12-14 15:57:16.600  4932  4932 I wm_on_idle_called: com.miui.home.launcher.Launcher
12-14 15:57:16.676  4932  5201 I com.miui.home: CheckGCForNative adj_start_bytes: 44036088 NativeAllocationGcWatermark: 11713265 java_gc_start_bytes: 26466191 kNewNativeDiscountFactor: 2 kOldNativeDiscountFactor: 65536 old_native_bytes: 150409399 new_native_bytes: 43781192 add_bytes_allowed: 35139795 is_gc_concurrent: 1 target_footprint_: 26597263 GetBytesAllocated: 18940228 HeapGrowthMultiplier: 3
12-14 15:57:16.677  4932  5201 I com.miui.home: CheckGCForNative gc_urgency 0.927265 current_native_bytes is 194190591
12-14 15:57:16.678  4932  5201 I com.miui.home: CheckGCForNative adj_start_bytes: 44036088 NativeAllocationGcWatermark: 11713265 java_gc_start_bytes: 26466191 kNewNativeDiscountFactor: 2 kOldNativeDiscountFactor: 65536 old_native_bytes: 150409399 new_native_bytes: 54488136 add_bytes_allowed: 35139795 is_gc_concurrent: 1 target_footprint_: 26597263 GetBytesAllocated: 18947391 HeapGrowthMultiplier: 3
12-14 15:57:16.678  4932  5201 I com.miui.home: CheckGCForNative gc_urgency 1.049 current_native_bytes is 204897535
12-14 15:57:16.678  4932  5201 I com.miui.home: CheckGCForNative requested 1
12-14 15:57:16.685  4932  5201 I com.miui.home: CheckGCForNative adj_start_bytes: 44036088 NativeAllocationGcWatermark: 11713265 java_gc_start_bytes: 26466191 kNewNativeDiscountFactor: 2 kOldNativeDiscountFactor: 65536 old_native_bytes: 150409399 new_native_bytes: 54551880 add_bytes_allowed: 35139795 is_gc_concurrent: 1 target_footprint_: 26597263 GetBytesAllocated: 18986818 HeapGrowthMultiplier: 3
12-14 15:57:16.685  4932  5201 I com.miui.home: CheckGCForNative gc_urgency 1.05062 current_native_bytes is 204961279
12-14 15:57:16.685  4932  5201 I com.miui.home: CheckGCForNative requested 1
12-14 15:57:16.783  4932  4942 I com.miui.home: NativeAlloc concurrent copying GC freed 128017(5605KB) AllocSpace objects, 18(576KB) LOS objects, 49% free, 12MB/25MB, paused 73us,31us total 104.282ms
12-14 15:57:16.962  4932  5053 I com.miui.home: CheckGCForNative gc_urgency 0 current_native_bytes is 161545591
12-14 15:57:17.162  4932  5052 I com.miui.home: CheckGCForNative adj_start_bytes: 43674507 NativeAllocationGcWatermark: 11716595 java_gc_start_bytes: 26099615 kNewNativeDiscountFactor: 2 kOldNativeDiscountFactor: 65536 old_native_bytes: 161545591 new_native_bytes: 10645360 add_bytes_allowed: 35149785 is_gc_concurrent: 1 target_footprint_: 26623903 GetBytesAllocated: 13501583 HeapGrowthMultiplier: 3
12-14 15:57:17.162  4932  5052 I com.miui.home: CheckGCForNative gc_urgency 0.431069 current_native_bytes is 172190951
12-14 15:57:17.162  4932  5052 I com.miui.home: CheckGCForNative adj_start_bytes: 43674507 NativeAllocationGcWatermark: 11716595 java_gc_start_bytes: 26099615 kNewNativeDiscountFactor: 2 kOldNativeDiscountFactor: 65536 old_native_bytes: 161545591 new_native_bytes: 21352304 add_bytes_allowed: 35149785 is_gc_concurrent: 1 target_footprint_: 26623903 GetBytesAllocated: 13501775 HeapGrowthMultiplier: 3
12-14 15:57:17.162  4932  5052 I com.miui.home: CheckGCForNative gc_urgency 0.55365 current_native_bytes is 182897895
12-14 15:57:17.166  4932  5201 I com.miui.home: CheckGCForNative adj_start_bytes: 43674507 NativeAllocationGcWatermark: 11716595 java_gc_start_bytes: 26099615 kNewNativeDiscountFactor: 2 kOldNativeDiscountFactor: 65536 old_native_bytes: 161545591 new_native_bytes: 21352336 add_bytes_allowed: 35149785 is_gc_concurrent: 1 target_footprint_: 26623903 GetBytesAllocated: 13518159 HeapGrowthMultiplier: 3
12-14 15:57:17.166  4932  5201 I com.miui.home: CheckGCForNative gc_urgency 0.554026 current_native_bytes is 182897927
12-14 15:57:17.186 13650 13650 I wm_on_paused_called: [0,141976744,com.android.packageinstaller.permission.ui.GrantPermissionsActivity,performPause,2]
12-14 15:57:17.370 14691 14691 I wm_on_stop_called: [0,243033185,com.ucpro.BrowserActivity,STOP_ACTIVITY_ITEM,37]
12-14 15:57:17.395 13650 13650 I wm_on_stop_called: [0,141976744,com.android.packageinstaller.permission.ui.GrantPermissionsActivity,STOP_ACTIVITY_ITEM,41]
12-14 15:57:17.418 13650 13650 I wm_on_destroy_called: [0,141976744,com.android.packageinstaller.permission.ui.GrantPermissionsActivity,performDestroy,0]
12-14 15:57:17.566  4932  8984 I com.miui.home: CheckGCForNative adj_start_bytes: 43674507 NativeAllocationGcWatermark: 11716595 java_gc_start_bytes: 26099615 kNewNativeDiscountFactor: 2 kOldNativeDiscountFactor: 65536 old_native_bytes: 161545591 new_native_bytes: 21408456 add_bytes_allowed: 35149785 is_gc_concurrent: 1 target_footprint_: 26623903 GetBytesAllocated: 13825673 HeapGrowthMultiplier: 3
12-14 15:57:17.567  4932  8984 I com.miui.home: CheckGCForNative gc_urgency 0.561709 current_native_bytes is 182954047
12-14 15:57:17.870  4932  4932 I wm_on_top_resumed_lost_called: [185468407,com.miui.home.launcher.Launcher,topStateChangedWhenResumed]
12-14 15:57:17.873  4932  4932 I wm_on_paused_called: [0,185468407,com.miui.home.launcher.Launcher,performPause,1]
12-14 15:57:18.019  4932  4950 I com.miui.home: CheckGCForNative adj_start_bytes: 43674507 NativeAllocationGcWatermark: 11716595 java_gc_start_bytes: 26099615 kNewNativeDiscountFactor: 2 kOldNativeDiscountFactor: 65536 old_native_bytes: 161545591 new_native_bytes: 10740080 add_bytes_allowed: 35149785 is_gc_concurrent: 1 target_footprint_: 26623903 GetBytesAllocated: 14393913 HeapGrowthMultiplier: 3
12-14 15:57:18.019  4932  4950 I com.miui.home: CheckGCForNative gc_urgency 0.452585 current_native_bytes is 172285671
12-14 15:57:18.067  4932 13501 I com.miui.home: CheckGCForNative adj_start_bytes: 43674507 NativeAllocationGcWatermark: 11716595 java_gc_start_bytes: 26099615 kNewNativeDiscountFactor: 2 kOldNativeDiscountFactor: 65536 old_native_bytes: 161545591 new_native_bytes: 10705624 add_bytes_allowed: 35149785 is_gc_concurrent: 1 target_footprint_: 26623903 GetBytesAllocated: 14575139 HeapGrowthMultiplier: 3
12-14 15:57:18.067  4932 13501 I com.miui.home: CheckGCForNative gc_urgency 0.45634 current_native_bytes is 172251215
12-14 15:57:18.398  4932  5053 I com.miui.home: CheckGCForNative adj_start_bytes: 43674507 NativeAllocationGcWatermark: 11716595 java_gc_start_bytes: 26099615 kNewNativeDiscountFactor: 2 kOldNativeDiscountFactor: 65536 old_native_bytes: 161545591 new_native_bytes: 10890240 add_bytes_allowed: 35149785 is_gc_concurrent: 1 target_footprint_: 26623903 GetBytesAllocated: 14775099 HeapGrowthMultiplier: 3
12-14 15:57:18.398  4932  5053 I com.miui.home: CheckGCForNative gc_urgency 0.463032 current_native_bytes is 172435831
12-14 15:57:19.064 15700 15700 I wm_on_create_called: [0,183420630,com.eg.android.AlipayGphone.AlipayLogin,performCreate,118]
12-14 15:57:19.069 15700 15700 I wm_on_start_called: [0,183420630,com.eg.android.AlipayGphone.AlipayLogin,handleStartActivity,4]
12-14 15:57:19.077 15700 15700 I wm_on_resume_called: [0,183420630,com.eg.android.AlipayGphone.AlipayLogin,RESUME_ACTIVITY,6]
12-14 15:57:19.113 15700 15700 I wm_on_top_resumed_gained_called: [183420630,com.eg.android.AlipayGphone.AlipayLogin,topStateChangedWhenResumed]
12-14 15:57:19.319 15744 15744 I wm_on_application_create_called: [0,com.quark.browser,382]
12-14 15:57:19.433 15773 15773 I wm_on_application_create_called: [0,com.quark.browser,406]
12-14 15:57:19.770  4932  4932 I wm_on_stop_called: [0,185468407,com.miui.home.launcher.Launcher,STOP_ACTIVITY_ITEM,3]
12-14 15:57:21.418 15700 15700 I wm_on_idle_called: com.eg.android.AlipayGphone.AlipayLogin
12-14 15:57:22.804 15700 15700 I wm_on_top_resumed_lost_called: [183420630,com.eg.android.AlipayGphone.AlipayLogin,topStateChangedWhenResumed]
12-14 15:57:22.813  4932  4932 I wm_on_restart_called: [0,185468407,com.miui.home.launcher.Launcher,,0]
12-14 15:57:22.814  4932  4932 I wm_on_start_called: [0,185468407,com.miui.home.launcher.Launcher,handleStartActivity,1]
12-14 15:57:22.819  4932  4932 I wm_on_resume_called: [0,185468407,com.miui.home.launcher.Launcher,RESUME_ACTIVITY,3]
12-14 15:57:22.875  4932  4932 I wm_on_idle_called: com.miui.home.launcher.Launcher
12-14 15:57:22.889  4932  4932 I wm_on_top_resumed_gained_called: [185468407,com.miui.home.launcher.Launcher,topStateChangedWhenResumed]
12-14 15:57:22.970  4932  8319 I com.miui.home: CheckGCForNative adj_start_bytes: 43674507 NativeAllocationGcWatermark: 11716595 java_gc_start_bytes: 26099615 kNewNativeDiscountFactor: 2 kOldNativeDiscountFactor: 65536 old_native_bytes: 161545591 new_native_bytes: 21531268 add_bytes_allowed: 35149785 is_gc_concurrent: 1 target_footprint_: 26623903 GetBytesAllocated: 15746255 HeapGrowthMultiplier: 3
12-14 15:57:22.970  4932  8319 I com.miui.home: CheckGCForNative gc_urgency 0.60709 current_native_bytes is 183076859
12-14 15:57:22.970  4932  8319 I com.miui.home: CheckGCForNative adj_start_bytes: 43674507 NativeAllocationGcWatermark: 11716595 java_gc_start_bytes: 26099615 kNewNativeDiscountFactor: 2 kOldNativeDiscountFactor: 65536 old_native_bytes: 161545591 new_native_bytes: 32238212 add_bytes_allowed: 35149785 is_gc_concurrent: 1 target_footprint_: 26623903 GetBytesAllocated: 15746447 HeapGrowthMultiplier: 3
12-14 15:57:22.970  4932  8319 I com.miui.home: CheckGCForNative gc_urgency 0.729671 current_native_bytes is 193783803
12-14 15:57:22.979  4932 13501 I com.miui.home: CheckGCForNative adj_start_bytes: 43674507 NativeAllocationGcWatermark: 11716595 java_gc_start_bytes: 26099615 kNewNativeDiscountFactor: 2 kOldNativeDiscountFactor: 65536 old_native_bytes: 161545591 new_native_bytes: 21533348 add_bytes_allowed: 35149785 is_gc_concurrent: 1 target_footprint_: 26623903 GetBytesAllocated: 15767150 HeapGrowthMultiplier: 3
12-14 15:57:22.979  4932 13501 I com.miui.home: CheckGCForNative gc_urgency 0.607592 current_native_bytes is 183078939
12-14 15:57:23.048  4932  5053 I com.miui.home: CheckGCForNative adj_start_bytes: 43674507 NativeAllocationGcWatermark: 11716595 java_gc_start_bytes: 26099615 kNewNativeDiscountFactor: 2 kOldNativeDiscountFactor: 65536 old_native_bytes: 161545591 new_native_bytes: 21682468 add_bytes_allowed: 35149785 is_gc_concurrent: 1 target_footprint_: 26623903 GetBytesAllocated: 16388683 HeapGrowthMultiplier: 3
12-14 15:57:23.048  4932  5053 I com.miui.home: CheckGCForNative gc_urgency 0.62353 current_native_bytes is 183228059
12-14 15:57:23.053  4932  8319 I com.miui.home: CheckGCForNative adj_start_bytes: 43674507 NativeAllocationGcWatermark: 11716595 java_gc_start_bytes: 26099615 kNewNativeDiscountFactor: 2 kOldNativeDiscountFactor: 65536 old_native_bytes: 161545591 new_native_bytes: 32390500 add_bytes_allowed: 35149785 is_gc_concurrent: 1 target_footprint_: 26623903 GetBytesAllocated: 16388683 HeapGrowthMultiplier: 3
12-14 15:57:23.053  4932  8319 I com.miui.home: CheckGCForNative gc_urgency 0.746119 current_native_bytes is 193936091
12-14 15:57:23.394  4932  5053 I com.miui.home: CheckGCForNative adj_start_bytes: 43674507 NativeAllocationGcWatermark: 11716595 java_gc_start_bytes: 26099615 kNewNativeDiscountFactor: 2 kOldNativeDiscountFactor: 65536 old_native_bytes: 161545591 new_native_bytes: 21705636 add_bytes_allowed: 35149785 is_gc_concurrent: 1 target_footprint_: 26623903 GetBytesAllocated: 16514668 HeapGrowthMultiplier: 3
12-14 15:57:23.394  4932  5053 I com.miui.home: CheckGCForNative gc_urgency 0.62668 current_native_bytes is 183251227
12-14 15:57:23.476  4932  5052 I com.miui.home: CheckGCForNative adj_start_bytes: 43674507 NativeAllocationGcWatermark: 11716595 java_gc_start_bytes: 26099615 kNewNativeDiscountFactor: 2 kOldNativeDiscountFactor: 65536 old_native_bytes: 161545591 new_native_bytes: 32413956 add_bytes_allowed: 35149785 is_gc_concurrent: 1 target_footprint_: 26623903 GetBytesAllocated: 16548717 HeapGrowthMultiplier: 3
12-14 15:57:23.476  4932  5052 I com.miui.home: CheckGCForNative gc_urgency 0.750052 current_native_bytes is 193959547
12-14 15:57:23.476  4932  5052 I com.miui.home: CheckGCForNative adj_start_bytes: 43674507 NativeAllocationGcWatermark: 11716595 java_gc_start_bytes: 26099615 kNewNativeDiscountFactor: 2 kOldNativeDiscountFactor: 65536 old_native_bytes: 161545591 new_native_bytes: 43121220 add_bytes_allowed: 35149785 is_gc_concurrent: 1 target_footprint_: 26623903 GetBytesAllocated: 16556097 HeapGrowthMultiplier: 3
12-14 15:57:23.476  4932  5052 I com.miui.home: CheckGCForNative gc_urgency 0.872801 current_native_bytes is 204666811
12-14 15:57:23.479  4932 15887 I com.miui.home: CheckGCForNative adj_start_bytes: 43674507 NativeAllocationGcWatermark: 11716595 java_gc_start_bytes: 26099615 kNewNativeDiscountFactor: 2 kOldNativeDiscountFactor: 65536 old_native_bytes: 161545591 new_native_bytes: 43121220 add_bytes_allowed: 35149785 is_gc_concurrent: 1 target_footprint_: 26623903 GetBytesAllocated: 16572481 HeapGrowthMultiplier: 3
12-14 15:57:23.481  4932 15887 I com.miui.home: CheckGCForNative gc_urgency 0.873177 current_native_bytes is 204666811
12-14 15:57:23.521 15700 15700 I wm_on_paused_called: [0,183420630,com.eg.android.AlipayGphone.AlipayLogin,performPause,27]
12-14 15:57:23.681  4932  5010 I com.miui.home: CheckGCForNative adj_start_bytes: 43674507 NativeAllocationGcWatermark: 11716595 java_gc_start_bytes: 26099615 kNewNativeDiscountFactor: 2 kOldNativeDiscountFactor: 65536 old_native_bytes: 161545591 new_native_bytes: 43068988 add_bytes_allowed: 35149785 is_gc_concurrent: 1 target_footprint_: 26623903 GetBytesAllocated: 16736629 HeapGrowthMultiplier: 3
12-14 15:57:23.681  4932  5010 I com.miui.home: CheckGCForNative gc_urgency 0.876337 current_native_bytes is 204614579
12-14 15:57:23.706  4932  5010 I com.miui.home: CheckGCForNative adj_start_bytes: 43674507 NativeAllocationGcWatermark: 11716595 java_gc_start_bytes: 26099615 kNewNativeDiscountFactor: 2 kOldNativeDiscountFactor: 65536 old_native_bytes: 161545591 new_native_bytes: 57587132 add_bytes_allowed: 35149785 is_gc_concurrent: 1 target_footprint_: 26623903 GetBytesAllocated: 16736821 HeapGrowthMultiplier: 3
12-14 15:57:23.706  4932  5010 I com.miui.home: CheckGCForNative gc_urgency 1.04255 current_native_bytes is 219132723
12-14 15:57:23.719  4932  5010 I com.miui.home: CheckGCForNative requested 1
12-14 15:57:23.719  4932  5010 I com.miui.home: CheckGCForNative adj_start_bytes: 43674507 NativeAllocationGcWatermark: 11716595 java_gc_start_bytes: 26099615 kNewNativeDiscountFactor: 2 kOldNativeDiscountFactor: 65536 old_native_bytes: 161545591 new_native_bytes: 45838332 add_bytes_allowed: 35149785 is_gc_concurrent: 1 target_footprint_: 26623903 GetBytesAllocated: 16745269 HeapGrowthMultiplier: 3
12-14 15:57:23.719  4932  5010 I com.miui.home: CheckGCForNative gc_urgency 0.908239 current_native_bytes is 207383923
12-14 15:57:23.747  4932  5010 I com.miui.home: CheckGCForNative adj_start_bytes: 43674507 NativeAllocationGcWatermark: 11716595 java_gc_start_bytes: 26099615 kNewNativeDiscountFactor: 2 kOldNativeDiscountFactor: 65536 old_native_bytes: 161545591 new_native_bytes: 46668060 add_bytes_allowed: 35149785 is_gc_concurrent: 1 target_footprint_: 26623903 GetBytesAllocated: 16819829 HeapGrowthMultiplier: 3
12-14 15:57:23.747  4932  5010 I com.miui.home: CheckGCForNative gc_urgency 0.919445 current_native_bytes is 208213651
12-14 15:57:23.779  4932  5010 I com.miui.home: CheckGCForNative adj_start_bytes: 44163112 NativeAllocationGcWatermark: 11726756 java_gc_start_bytes: 26572978 kNewNativeDiscountFactor: 2 kOldNativeDiscountFactor: 65536 old_native_bytes: 208214355 new_native_bytes: 1406024 add_bytes_allowed: 35180268 is_gc_concurrent: 1 target_footprint_: 26705186 GetBytesAllocated: 13352594 HeapGrowthMultiplier: 3
12-14 15:57:23.782  4932  5010 I com.miui.home: CheckGCForNative gc_urgency 0.318338 current_native_bytes is 209620379
12-14 15:57:23.783  4932  5010 I com.miui.home: CheckGCForNative gc_urgency 0 current_native_bytes is 200131679
12-14 15:57:23.837  4932  5010 I com.miui.home: CheckGCForNative gc_urgency 0 current_native_bytes is 189466411
12-14 15:57:24.157 16819 16819 I wm_on_application_create_called: [0,com.quark.browser,460]
12-14 15:57:25.087 15700 15700 I wm_on_stop_called: [0,183420630,com.eg.android.AlipayGphone.AlipayLogin,STOP_ACTIVITY_ITEM,27]
12-14 15:57:25.543  4932  5007 I com.miui.home: CheckGCForNative adj_start_bytes: 44163112 NativeAllocationGcWatermark: 11726756 java_gc_start_bytes: 26572978 kNewNativeDiscountFactor: 2 kOldNativeDiscountFactor: 65536 old_native_bytes: 189466411 new_native_bytes: 178120 add_bytes_allowed: 35180268 is_gc_concurrent: 1 target_footprint_: 26705186 GetBytesAllocated: 13870634 HeapGrowthMultiplier: 3
12-14 15:57:25.543  4932  5007 I com.miui.home: CheckGCForNative gc_urgency 0.316159 current_native_bytes is 189644531
12-14 15:57:25.546  4932  5007 I com.miui.home: CheckGCForNative adj_start_bytes: 44163112 NativeAllocationGcWatermark: 11726756 java_gc_start_bytes: 26572978 kNewNativeDiscountFactor: 2 kOldNativeDiscountFactor: 65536 old_native_bytes: 189466411 new_native_bytes: 574472 add_bytes_allowed: 35180268 is_gc_concurrent: 1 target_footprint_: 26705186 GetBytesAllocated: 13870634 HeapGrowthMultiplier: 3
12-14 15:57:25.546  4932  5007 I com.miui.home: CheckGCForNative gc_urgency 0.320647 current_native_bytes is 190040883
12-14 15:57:25.588  4932  4932 I com.miui.home: CheckGCForNative adj_start_bytes: 44163112 NativeAllocationGcWatermark: 11726756 java_gc_start_bytes: 26572978 kNewNativeDiscountFactor: 2 kOldNativeDiscountFactor: 65536 old_native_bytes: 189466411 new_native_bytes: 1013672 add_bytes_allowed: 35180268 is_gc_concurrent: 1 target_footprint_: 26705186 GetBytesAllocated: 14000952 HeapGrowthMultiplier: 3
12-14 15:57:25.588  4932  4932 I com.miui.home: CheckGCForNative gc_urgency 0.32857 current_native_bytes is 190480083
12-14 15:57:26.612  4932  4932 I wm_on_top_resumed_lost_called: [185468407,com.miui.home.launcher.Launcher,topStateChangedWhenResumed]
12-14 15:57:26.619  4932  4932 I wm_on_paused_called: [0,185468407,com.miui.home.launcher.Launcher,performPause,3]
12-14 15:57:26.717  4932  8984 I com.miui.home: CheckGCForNative adj_start_bytes: 44163112 NativeAllocationGcWatermark: 11726756 java_gc_start_bytes: 26572978 kNewNativeDiscountFactor: 2 kOldNativeDiscountFactor: 65536 old_native_bytes: 189466411 new_native_bytes: 1803776 add_bytes_allowed: 35180268 is_gc_concurrent: 1 target_footprint_: 26705186 GetBytesAllocated: 14558004 HeapGrowthMultiplier: 3
12-14 15:57:26.727  4932  8984 I com.miui.home: CheckGCForNative gc_urgency 0.350414 current_native_bytes is 191270187
12-14 15:57:26.913  4932  5053 I com.miui.home: CheckGCForNative adj_start_bytes: 44163112 NativeAllocationGcWatermark: 11726756 java_gc_start_bytes: 26572978 kNewNativeDiscountFactor: 2 kOldNativeDiscountFactor: 65536 old_native_bytes: 189466411 new_native_bytes: 3304872 add_bytes_allowed: 35180268 is_gc_concurrent: 1 target_footprint_: 26705186 GetBytesAllocated: 15074233 HeapGrowthMultiplier: 3
12-14 15:57:26.913  4932  5053 I com.miui.home: CheckGCForNative gc_urgency 0.378813 current_native_bytes is 192771283
12-14 15:57:27.270  4932  5053 I com.miui.home: CheckGCForNative adj_start_bytes: 44163112 NativeAllocationGcWatermark: 11726756 java_gc_start_bytes: 26572978 kNewNativeDiscountFactor: 2 kOldNativeDiscountFactor: 65536 old_native_bytes: 189466411 new_native_bytes: 3307848 add_bytes_allowed: 35180268 is_gc_concurrent: 1 target_footprint_: 26705186 GetBytesAllocated: 15172537 HeapGrowthMultiplier: 3
12-14 15:57:27.270  4932  5053 I com.miui.home: CheckGCForNative gc_urgency 0.381073 current_native_bytes is 192774259
12-14 15:57:27.499 17255 17255 I wm_on_application_create_called: [0,com.quark.browser,229]
12-14 15:57:29.098 17212 17212 I wm_on_application_create_called: [0,com.ss.android.ugc.aweme,891]
12-14 15:57:30.248 17212 17212 I wm_on_create_called: [0,166249618,com.ss.android.ugc.aweme.splash.SplashActivity,performCreate,936]
12-14 15:57:30.429 17212 17212 I wm_on_start_called: [0,166249618,com.ss.android.ugc.aweme.splash.SplashActivity,handleStartActivity,136]
12-14 15:57:30.469 17212 17212 I wm_on_resume_called: [0,166249618,com.ss.android.ugc.aweme.splash.SplashActivity,RESUME_ACTIVITY,33]
12-14 15:57:30.513 17212 17212 I wm_on_top_resumed_gained_called: [166249618,com.ss.android.ugc.aweme.splash.SplashActivity,topStateChangedWhenResumed]
12-14 15:57:30.966  4932  4932 I com.miui.home: CheckGCForNative adj_start_bytes: 44163112 NativeAllocationGcWatermark: 11726756 java_gc_start_bytes: 26572978 kNewNativeDiscountFactor: 2 kOldNativeDiscountFactor: 65536 old_native_bytes: 189466411 new_native_bytes: 3024388 add_bytes_allowed: 35180268 is_gc_concurrent: 1 target_footprint_: 26705186 GetBytesAllocated: 15729487 HeapGrowthMultiplier: 3
12-14 15:57:30.966  4932  4932 I com.miui.home: CheckGCForNative gc_urgency 0.390475 current_native_bytes is 192490799
12-14 15:57:30.985  4932  4932 I wm_on_resume_called: [0,185468407,com.miui.home.launcher.Launcher,RESUME_ACTIVITY,13]
12-14 15:57:31.000  4932  4932 I wm_on_idle_called: com.miui.home.launcher.Launcher
12-14 15:57:31.112  4932 12808 I com.miui.home: CheckGCForNative adj_start_bytes: 44163112 NativeAllocationGcWatermark: 11726756 java_gc_start_bytes: 26572978 kNewNativeDiscountFactor: 2 kOldNativeDiscountFactor: 65536 old_native_bytes: 189466411 new_native_bytes: 13915428 add_bytes_allowed: 35180268 is_gc_concurrent: 1 target_footprint_: 26705186 GetBytesAllocated: 16735964 HeapGrowthMultiplier: 3
12-14 15:57:31.112  4932 12808 I com.miui.home: CheckGCForNative gc_urgency 0.536569 current_native_bytes is 203381839
12-14 15:57:31.113  4932 12808 I com.miui.home: CheckGCForNative adj_start_bytes: 44163112 NativeAllocationGcWatermark: 11726756 java_gc_start_bytes: 26572978 kNewNativeDiscountFactor: 2 kOldNativeDiscountFactor: 65536 old_native_bytes: 189466411 new_native_bytes: 24622372 add_bytes_allowed: 35180268 is_gc_concurrent: 1 target_footprint_: 26705186 GetBytesAllocated: 16736156 HeapGrowthMultiplier: 3
12-14 15:57:31.113  4932 12808 I com.miui.home: CheckGCForNative gc_urgency 0.657794 current_native_bytes is 214088783
12-14 15:57:31.152  4932  8319 I com.miui.home: CheckGCForNative adj_start_bytes: 44163112 NativeAllocationGcWatermark: 11726756 java_gc_start_bytes: 26572978 kNewNativeDiscountFactor: 2 kOldNativeDiscountFactor: 65536 old_native_bytes: 189466411 new_native_bytes: 24725156 add_bytes_allowed: 35180268 is_gc_concurrent: 1 target_footprint_: 26705186 GetBytesAllocated: 16774811 HeapGrowthMultiplier: 3
12-14 15:57:31.152  4932  8319 I com.miui.home: CheckGCForNative gc_urgency 0.659833 current_native_bytes is 214191567
12-14 15:57:31.210  4932  5053 I com.miui.home: CheckGCForNative adj_start_bytes: 44163112 NativeAllocationGcWatermark: 11726756 java_gc_start_bytes: 26572978 kNewNativeDiscountFactor: 2 kOldNativeDiscountFactor: 65536 old_native_bytes: 189466411 new_native_bytes: 14005060 add_bytes_allowed: 35180268 is_gc_concurrent: 1 target_footprint_: 26705186 GetBytesAllocated: 16792558 HeapGrowthMultiplier: 3
12-14 15:57:31.210  4932  5053 I com.miui.home: CheckGCForNative gc_urgency 0.538866 current_native_bytes is 203471471
12-14 15:57:31.442  4932  4932 I wm_on_top_resumed_gained_called: [185468407,com.miui.home.launcher.Launcher,topStateChangedWhenResumed]
12-14 15:57:31.566  4932  5053 I com.miui.home: CheckGCForNative adj_start_bytes: 44163112 NativeAllocationGcWatermark: 11726756 java_gc_start_bytes: 26572978 kNewNativeDiscountFactor: 2 kOldNativeDiscountFactor: 65536 old_native_bytes: 189466411 new_native_bytes: 14001572 add_bytes_allowed: 35180268 is_gc_concurrent: 1 target_footprint_: 26705186 GetBytesAllocated: 16944525 HeapGrowthMultiplier: 3
12-14 15:57:31.566  4932  5053 I com.miui.home: CheckGCForNative gc_urgency 0.542267 current_native_bytes is 203467983
12-14 15:57:31.667  4932  4932 I com.miui.home: CheckGCForNative adj_start_bytes: 44163112 NativeAllocationGcWatermark: 11726756 java_gc_start_bytes: 26572978 kNewNativeDiscountFactor: 2 kOldNativeDiscountFactor: 65536 old_native_bytes: 189466411 new_native_bytes: 14063164 add_bytes_allowed: 35180268 is_gc_concurrent: 1 target_footprint_: 26705186 GetBytesAllocated: 16998191 HeapGrowthMultiplier: 3
12-14 15:57:31.667  4932  4932 I com.miui.home: CheckGCForNative gc_urgency 0.54418 current_native_bytes is 203529575
12-14 15:57:32.242  4932  8984 I com.miui.home: CheckGCForNative adj_start_bytes: 44163112 NativeAllocationGcWatermark: 11726756 java_gc_start_bytes: 26572978 kNewNativeDiscountFactor: 2 kOldNativeDiscountFactor: 65536 old_native_bytes: 189466411 new_native_bytes: 24768656 add_bytes_allowed: 35180268 is_gc_concurrent: 1 target_footprint_: 26705186 GetBytesAllocated: 17153638 HeapGrowthMultiplier: 3
12-14 15:57:32.243  4932  8984 I com.miui.home: CheckGCForNative gc_urgency 0.668903 current_native_bytes is 214235067