12-18 10:52:39.120  3312  3366 I com.miui.home: CheckGCForNative gc_urgency 0.538108 current_native_bytes is 151494207
12-18 10:52:39.121  3312  3366 I com.miui.home: CheckGCForNative adj_start_bytes: 40974092 NativeAllocationGcWatermark: 11394033 java_gc_start_bytes: 23883043 kNewNativeDiscountFactor: 2 kOldNativeDiscountFactor: 65536 old_native_bytes: 138875871 new_native_bytes: 23325280 add_bytes_allowed: 34182099 is_gc_concurrent: 1 target_footprint_: 24043406 GetBytesAllocated: 15744991 HeapGrowthMultiplier: 3
12-18 10:52:39.121  3312  3366 I com.miui.home: CheckGCForNative gc_urgency 0.668953 current_native_bytes is 162201151
12-18 10:52:39.127  3312  8136 I com.miui.home: CheckGCForNative adj_start_bytes: 40974092 NativeAllocationGcWatermark: 11394033 java_gc_start_bytes: 23883043 kNewNativeDiscountFactor: 2 kOldNativeDiscountFactor: 65536 old_native_bytes: 138875871 new_native_bytes: 12621920 add_bytes_allowed: 34182099 is_gc_concurrent: 1 target_footprint_: 24043406 GetBytesAllocated: 15762944 HeapGrowthMultiplier: 3
12-18 10:52:39.127  3312  8136 I com.miui.home: CheckGCForNative gc_urgency 0.53878 current_native_bytes is 151497791
12-18 10:52:39.152  3312  3672 I com.miui.home: CheckGCForNative adj_start_bytes: 40974092 NativeAllocationGcWatermark: 11394033 java_gc_start_bytes: 23883043 kNewNativeDiscountFactor: 2 kOldNativeDiscountFactor: 65536 old_native_bytes: 138875871 new_native_bytes: 23380896 add_bytes_allowed: 34182099 is_gc_concurrent: 1 target_footprint_: 24043406 GetBytesAllocated: 15782017 HeapGrowthMultiplier: 3
12-18 10:52:39.152  3312  3672 I com.miui.home: CheckGCForNative gc_urgency 0.670536 current_native_bytes is 162256767
12-18 10:52:39.351 10029 10029 I wm_on_application_create_called: [0,com.smile.gifmaker,818]
12-18 10:52:39.372  3312  3312 I wm_on_top_resumed_gained_called: [212649505,com.miui.home.launcher.Launcher,topStateChangedWhenResumed]
12-18 10:52:39.413  3312  3531 I com.miui.home: CheckGCForNative adj_start_bytes: 40974092 NativeAllocationGcWatermark: 11394033 java_gc_start_bytes: 23883043 kNewNativeDiscountFactor: 2 kOldNativeDiscountFactor: 65536 old_native_bytes: 138875871 new_native_bytes: 12732864 add_bytes_allowed: 34182099 is_gc_concurrent: 1 target_footprint_: 24043406 GetBytesAllocated: 15901629 HeapGrowthMultiplier: 3
12-18 10:52:39.413  3312  3531 I com.miui.home: CheckGCForNative gc_urgency 0.543519 current_native_bytes is 151608735
12-18 10:52:39.457  3312  3531 I com.miui.home: CheckGCForNative adj_start_bytes: 40974092 NativeAllocationGcWatermark: 11394033 java_gc_start_bytes: 23883043 kNewNativeDiscountFactor: 2 kOldNativeDiscountFactor: 65536 old_native_bytes: 138875871 new_native_bytes: 12735904 add_bytes_allowed: 34182099 is_gc_concurrent: 1 target_footprint_: 24043406 GetBytesAllocated: 15918438 HeapGrowthMultiplier: 3
12-18 10:52:39.458  3312  3531 I com.miui.home: CheckGCForNative gc_urgency 0.543966 current_native_bytes is 151611775
12-18 10:52:39.599  3312  3530 I com.miui.home: CheckGCForNative adj_start_bytes: 40974092 NativeAllocationGcWatermark: 11394033 java_gc_start_bytes: 23883043 kNewNativeDiscountFactor: 2 kOldNativeDiscountFactor: 65536 old_native_bytes: 138875871 new_native_bytes: 23436128 add_bytes_allowed: 34182099 is_gc_concurrent: 1 target_footprint_: 24043406 GetBytesAllocated: 15986394 HeapGrowthMultiplier: 3
12-18 10:52:39.599  3312  3530 I com.miui.home: CheckGCForNative gc_urgency 0.676197 current_native_bytes is 162311999
12-18 10:52:39.602  3312  3530 I com.miui.home: CheckGCForNative adj_start_bytes: 40974092 NativeAllocationGcWatermark: 11394033 java_gc_start_bytes: 23883043 kNewNativeDiscountFactor: 2 kOldNativeDiscountFactor: 65536 old_native_bytes: 138875871 new_native_bytes: 34145824 add_bytes_allowed: 34182099 is_gc_concurrent: 1 target_footprint_: 24043406 GetBytesAllocated: 15989899 HeapGrowthMultiplier: 3
12-18 10:52:39.602  3312  3530 I com.miui.home: CheckGCForNative gc_urgency 0.806972 current_native_bytes is 173021695
12-18 10:52:39.606  3312  3672 I com.miui.home: CheckGCForNative adj_start_bytes: 40974092 NativeAllocationGcWatermark: 11394033 java_gc_start_bytes: 23883043 kNewNativeDiscountFactor: 2 kOldNativeDiscountFactor: 65536 old_native_bytes: 138875871 new_native_bytes: 34165280 add_bytes_allowed: 34182099 is_gc_concurrent: 1 target_footprint_: 24043406 GetBytesAllocated: 15995009 HeapGrowthMultiplier: 3
12-18 10:52:39.606  3312  3672 I com.miui.home: CheckGCForNative gc_urgency 0.807334 current_native_bytes is 173041151
12-18 10:52:39.768  3312  3312 I wm_on_top_resumed_lost_called: [212649505,com.miui.home.launcher.Launcher,topStateChangedWhenResumed]
12-18 10:52:39.969 10029 10029 I wm_on_create_called: [0,198236638,com.yxcorp.gifshow.HomeActivity,performCreate,590]
12-18 10:52:39.996  3312  3764 I com.miui.home: CheckGCForNative adj_start_bytes: 40974092 NativeAllocationGcWatermark: 11394033 java_gc_start_bytes: 23883043 kNewNativeDiscountFactor: 2 kOldNativeDiscountFactor: 65536 old_native_bytes: 138875871 new_native_bytes: 34508236 add_bytes_allowed: 34182099 is_gc_concurrent: 1 target_footprint_: 24043406 GetBytesAllocated: 16867198 HeapGrowthMultiplier: 3
12-18 10:52:39.996  3312  3764 I com.miui.home: CheckGCForNative gc_urgency 0.832805 current_native_bytes is 173384107
12-18 10:52:40.119  3312  3312 I wm_on_paused_called: [0,212649505,com.miui.home.launcher.Launcher,performPause,1]
12-18 10:52:40.348  3312  8136 I com.miui.home: CheckGCForNative adj_start_bytes: 40974092 NativeAllocationGcWatermark: 11394033 java_gc_start_bytes: 23883043 kNewNativeDiscountFactor: 2 kOldNativeDiscountFactor: 65536 old_native_bytes: 138875871 new_native_bytes: 23880812 add_bytes_allowed: 34182099 is_gc_concurrent: 1 target_footprint_: 24043406 GetBytesAllocated: 17330218 HeapGrowthMultiplier: 3
12-18 10:52:40.348  3312  8136 I com.miui.home: CheckGCForNative gc_urgency 0.714436 current_native_bytes is 162756683
12-18 10:52:40.593  3312  3531 I com.miui.home: CheckGCForNative adj_start_bytes: 40974092 NativeAllocationGcWatermark: 11394033 java_gc_start_bytes: 23883043 kNewNativeDiscountFactor: 2 kOldNativeDiscountFactor: 65536 old_native_bytes: 138875871 new_native_bytes: 24316632 add_bytes_allowed: 34182099 is_gc_concurrent: 1 target_footprint_: 24043406 GetBytesAllocated: 17838069 HeapGrowthMultiplier: 3
12-18 10:52:40.593  3312  3531 I com.miui.home: CheckGCForNative gc_urgency 0.732133 current_native_bytes is 163192503
12-18 10:52:40.650  3312  3531 I com.miui.home: CheckGCForNative adj_start_bytes: 40974092 NativeAllocationGcWatermark: 11394033 java_gc_start_bytes: 23883043 kNewNativeDiscountFactor: 2 kOldNativeDiscountFactor: 65536 old_native_bytes: 138875871 new_native_bytes: 24323544 add_bytes_allowed: 34182099 is_gc_concurrent: 1 target_footprint_: 24043406 GetBytesAllocated: 17858426 HeapGrowthMultiplier: 3
12-18 10:52:40.650  3312  3531 I com.miui.home: CheckGCForNative gc_urgency 0.732715 current_native_bytes is 163199415
12-18 10:52:41.164  3312  3312 I wm_on_resume_called: [0,212649505,com.miui.home.launcher.Launcher,RESUME_ACTIVITY,12]
12-18 10:52:41.176  3312  3312 I wm_on_idle_called: com.miui.home.launcher.Launcher
12-18 10:52:41.308  3312  3997 I com.miui.home: CheckGCForNative adj_start_bytes: 40974092 NativeAllocationGcWatermark: 11394033 java_gc_start_bytes: 23883043 kNewNativeDiscountFactor: 2 kOldNativeDiscountFactor: 65536 old_native_bytes: 138875871 new_native_bytes: 24343456 add_bytes_allowed: 34182099 is_gc_concurrent: 1 target_footprint_: 24043406 GetBytesAllocated: 19473057 HeapGrowthMultiplier: 3
12-18 10:52:41.308  3312  3997 I com.miui.home: CheckGCForNative gc_urgency 0.772364 current_native_bytes is 163219327
12-18 10:52:41.325  3312  3371 I com.miui.home: CheckGCForNative adj_start_bytes: 40974092 NativeAllocationGcWatermark: 11394033 java_gc_start_bytes: 23883043 kNewNativeDiscountFactor: 2 kOldNativeDiscountFactor: 65536 old_native_bytes: 138875871 new_native_bytes: 35052320 add_bytes_allowed: 34182099 is_gc_concurrent: 1 target_footprint_: 24043406 GetBytesAllocated: 19489441 HeapGrowthMultiplier: 3
12-18 10:52:41.325  3312  3371 I com.miui.home: CheckGCForNative gc_urgency 0.903442 current_native_bytes is 173928191
12-18 10:52:41.325  3312  3997 I com.miui.home: CheckGCForNative adj_start_bytes: 40974092 NativeAllocationGcWatermark: 11394033 java_gc_start_bytes: 23883043 kNewNativeDiscountFactor: 2 kOldNativeDiscountFactor: 65536 old_native_bytes: 138875871 new_native_bytes: 45759456 add_bytes_allowed: 34182099 is_gc_concurrent: 1 target_footprint_: 24043406 GetBytesAllocated: 19489633 HeapGrowthMultiplier: 3
12-18 10:52:41.325  3312  3997 I com.miui.home: CheckGCForNative gc_urgency 1.0341 current_native_bytes is 184635327
12-18 10:52:41.325  3312  3312 I com.miui.home: CheckGCForNative adj_start_bytes: 40974092 NativeAllocationGcWatermark: 11394033 java_gc_start_bytes: 23883043 kNewNativeDiscountFactor: 2 kOldNativeDiscountFactor: 65536 old_native_bytes: 138875871 new_native_bytes: 56466400 add_bytes_allowed: 34182099 is_gc_concurrent: 1 target_footprint_: 24043406 GetBytesAllocated: 19489633 HeapGrowthMultiplier: 3
12-18 10:52:41.325  3312  3312 I com.miui.home: CheckGCForNative gc_urgency 1.16476 current_native_bytes is 195342271
12-18 10:52:41.325  3312  3312 I com.miui.home: CheckGCForNative requested 1
12-18 10:52:41.327  3312  3997 I com.miui.home: CheckGCForNative requested 1
12-18 10:52:41.440  3312  3531 I com.miui.home: CheckGCForNative adj_start_bytes: 40974092 NativeAllocationGcWatermark: 11394033 java_gc_start_bytes: 23883043 kNewNativeDiscountFactor: 2 kOldNativeDiscountFactor: 65536 old_native_bytes: 138875871 new_native_bytes: 34966448 add_bytes_allowed: 34182099 is_gc_concurrent: 1 target_footprint_: 24043406 GetBytesAllocated: 19605254 HeapGrowthMultiplier: 3
12-18 10:52:41.440  3312  3531 I com.miui.home: CheckGCForNative gc_urgency 0.905221 current_native_bytes is 173842319
12-18 10:52:41.446  3312  3360 I com.miui.home: NativeAlloc concurrent copying GC freed 150256(6696KB) AllocSpace objects, 24(672KB) LOS objects, 49% free, 11MB/23MB, paused 154us,426us total 120.561ms
12-18 10:52:41.604  3312  3312 I wm_on_top_resumed_gained_called: [212649505,com.miui.home.launcher.Launcher,topStateChangedWhenResumed]
12-18 10:52:41.629  3312  3531 I com.miui.home: CheckGCForNative gc_urgency 0 current_native_bytes is 138657099
12-18 10:52:41.803  3312  3371 I com.miui.home: CheckGCForNative adj_start_bytes: 41132105 NativeAllocationGcWatermark: 11407681 java_gc_start_bytes: 24020584 kNewNativeDiscountFactor: 2 kOldNativeDiscountFactor: 65536 old_native_bytes: 138657099 new_native_bytes: 10710528 add_bytes_allowed: 34223043 is_gc_concurrent: 1 target_footprint_: 24152589 GetBytesAllocated: 12314237 HeapGrowthMultiplier: 3
12-18 10:52:41.803  3312  3371 I com.miui.home: CheckGCForNative gc_urgency 0.429631 current_native_bytes is 149367627
12-18 10:52:41.803  3312  3312 I com.miui.home: CheckGCForNative adj_start_bytes: 41132105 NativeAllocationGcWatermark: 11407681 java_gc_start_bytes: 24020584 kNewNativeDiscountFactor: 2 kOldNativeDiscountFactor: 65536 old_native_bytes: 138657099 new_native_bytes: 21417728 add_bytes_allowed: 34223043 is_gc_concurrent: 1 target_footprint_: 24152589 GetBytesAllocated: 12314429 HeapGrowthMultiplier: 3
12-18 10:52:41.803  3312  3312 I com.miui.home: CheckGCForNative gc_urgency 0.559792 current_native_bytes is 160074827
12-18 10:52:41.808  3312  3530 I com.miui.home: CheckGCForNative adj_start_bytes: 41132105 NativeAllocationGcWatermark: 11407681 java_gc_start_bytes: 24020584 kNewNativeDiscountFactor: 2 kOldNativeDiscountFactor: 65536 old_native_bytes: 138657099 new_native_bytes: 21414688 add_bytes_allowed: 34223043 is_gc_concurrent: 1 target_footprint_: 24152589 GetBytesAllocated: 12314429 HeapGrowthMultiplier: 3
12-18 10:52:41.808  3312  3530 I com.miui.home: CheckGCForNative gc_urgency 0.559755 current_native_bytes is 160071787
12-18 10:52:41.870 10531 10531 I wm_on_create_called: [0,5297570,com.tencent.qqlive.ona.activity.SplashHomeActivity,performCreate,281]
12-18 10:52:41.884 10531 10531 I wm_on_start_called: [0,5297570,com.tencent.qqlive.ona.activity.SplashHomeActivity,handleStartActivity,13]
12-18 10:52:41.959  3312  3312 I wm_on_top_resumed_lost_called: [212649505,com.miui.home.launcher.Launcher,topStateChangedWhenResumed]
12-18 10:52:42.148 10531 10531 I wm_on_resume_called: [0,5297570,com.tencent.qqlive.ona.activity.SplashHomeActivity,RESUME_ACTIVITY,218]
12-18 10:52:42.197  3312  3764 I com.miui.home: CheckGCForNative adj_start_bytes: 41132105 NativeAllocationGcWatermark: 11407681 java_gc_start_bytes: 24020584 kNewNativeDiscountFactor: 2 kOldNativeDiscountFactor: 65536 old_native_bytes: 138657099 new_native_bytes: 22310428 add_bytes_allowed: 34223043 is_gc_concurrent: 1 target_footprint_: 24152589 GetBytesAllocated: 13367204 HeapGrowthMultiplier: 3
12-18 10:52:42.198  3312  3764 I com.miui.home: CheckGCForNative gc_urgency 0.596238 current_native_bytes is 160967527
12-18 10:52:42.244 10531 10531 I wm_on_top_resumed_gained_called: [5297570,com.tencent.qqlive.ona.activity.SplashHomeActivity,topStateChangedWhenResumed]
12-18 10:52:42.261 10531 10531 I wm_on_top_resumed_lost_called: [5297570,com.tencent.qqlive.ona.activity.SplashHomeActivity,topStateChangedWhenResumed]
12-18 10:52:42.285  3312  3764 I com.miui.home: CheckGCForNative adj_start_bytes: 41132105 NativeAllocationGcWatermark: 11407681 java_gc_start_bytes: 24020584 kNewNativeDiscountFactor: 2 kOldNativeDiscountFactor: 65536 old_native_bytes: 138657099 new_native_bytes: 11765360 add_bytes_allowed: 34223043 is_gc_concurrent: 1 target_footprint_: 24152589 GetBytesAllocated: 13731054 HeapGrowthMultiplier: 3
12-18 10:52:42.285  3312  3764 I com.miui.home: CheckGCForNative gc_urgency 0.476899 current_native_bytes is 150422459
12-18 10:52:42.320  3312  3312 I wm_on_paused_called: [0,212649505,com.miui.home.launcher.Launcher,performPause,2]
12-18 10:52:42.590  8551  8551 I wm_on_destroy_called: [0,176126113,fm.qingting.qtradio.WelcomeActivity,performDestroy,14]
12-18 10:52:42.899  3312  3531 I com.miui.home: CheckGCForNative adj_start_bytes: 41132105 NativeAllocationGcWatermark: 11407681 java_gc_start_bytes: 24020584 kNewNativeDiscountFactor: 2 kOldNativeDiscountFactor: 65536 old_native_bytes: 138657099 new_native_bytes: 12100884 add_bytes_allowed: 34223043 is_gc_concurrent: 1 target_footprint_: 24152589 GetBytesAllocated: 14795818 HeapGrowthMultiplier: 3
12-18 10:52:42.899  3312  3531 I com.miui.home: CheckGCForNative gc_urgency 0.506864 current_native_bytes is 150757983
12-18 10:52:43.010  3312  3531 I com.miui.home: CheckGCForNative adj_start_bytes: 41132105 NativeAllocationGcWatermark: 11407681 java_gc_start_bytes: 24020584 kNewNativeDiscountFactor: 2 kOldNativeDiscountFactor: 65536 old_native_bytes: 138657099 new_native_bytes: 12051092 add_bytes_allowed: 34223043 is_gc_concurrent: 1 target_footprint_: 24152589 GetBytesAllocated: 14844970 HeapGrowthMultiplier: 3
12-18 10:52:43.010  3312  3531 I com.miui.home: CheckGCForNative gc_urgency 0.507454 current_native_bytes is 150708191
12-18 10:52:43.367  3312  3531 I com.miui.home: CheckGCForNative adj_start_bytes: 41132105 NativeAllocationGcWatermark: 11407681 java_gc_start_bytes: 24020584 kNewNativeDiscountFactor: 2 kOldNativeDiscountFactor: 65536 old_native_bytes: 138657099 new_native_bytes: 12083532 add_bytes_allowed: 34223043 is_gc_concurrent: 1 target_footprint_: 24152589 GetBytesAllocated: 14947725 HeapGrowthMultiplier: 3
12-18 10:52:43.367  3312  3531 I com.miui.home: CheckGCForNative gc_urgency 0.510346 current_native_bytes is 150740631
12-18 10:52:43.545  3312  3312 I wm_on_resume_called: [0,212649505,com.miui.home.launcher.Launcher,RESUME_ACTIVITY,6]
12-18 10:52:43.557  3312  3551 I com.miui.home: CheckGCForNative adj_start_bytes: 41132105 NativeAllocationGcWatermark: 11407681 java_gc_start_bytes: 24020584 kNewNativeDiscountFactor: 2 kOldNativeDiscountFactor: 65536 old_native_bytes: 138657099 new_native_bytes: 11975104 add_bytes_allowed: 34223043 is_gc_concurrent: 1 target_footprint_: 24152589 GetBytesAllocated: 15669733 HeapGrowthMultiplier: 3
12-18 10:52:43.558  3312  3551 I com.miui.home: CheckGCForNative gc_urgency 0.526581 current_native_bytes is 150632203
12-18 10:52:43.559  3312  3312 I wm_on_idle_called: com.miui.home.launcher.Launcher
12-18 10:52:43.684  3312  3672 I com.miui.home: CheckGCForNative adj_start_bytes: 41132105 NativeAllocationGcWatermark: 11407681 java_gc_start_bytes: 24020584 kNewNativeDiscountFactor: 2 kOldNativeDiscountFactor: 65536 old_native_bytes: 138657099 new_native_bytes: 22806252 add_bytes_allowed: 34223043 is_gc_concurrent: 1 target_footprint_: 24152589 GetBytesAllocated: 16503599 HeapGrowthMultiplier: 3
12-18 10:52:43.685  3312  3672 I com.miui.home: CheckGCForNative gc_urgency 0.678517 current_native_bytes is 161463351
12-18 10:52:43.685  3312  3672 I com.miui.home: CheckGCForNative adj_start_bytes: 41132105 NativeAllocationGcWatermark: 11407681 java_gc_start_bytes: 24020584 kNewNativeDiscountFactor: 2 kOldNativeDiscountFactor: 65536 old_native_bytes: 138657099 new_native_bytes: 33513196 add_bytes_allowed: 34223043 is_gc_concurrent: 1 target_footprint_: 24152589 GetBytesAllocated: 16511283 HeapGrowthMultiplier: 3
12-18 10:52:43.685  3312  3672 I com.miui.home: CheckGCForNative gc_urgency 0.808857 current_native_bytes is 172170295
12-18 10:52:43.689  3312  3366 I com.miui.home: CheckGCForNative adj_start_bytes: 41132105 NativeAllocationGcWatermark: 11407681 java_gc_start_bytes: 24020584 kNewNativeDiscountFactor: 2 kOldNativeDiscountFactor: 65536 old_native_bytes: 138657099 new_native_bytes: 33515404 add_bytes_allowed: 34223043 is_gc_concurrent: 1 target_footprint_: 24152589 GetBytesAllocated: 16531813 HeapGrowthMultiplier: 3
12-18 10:52:43.690  3312  3366 I com.miui.home: CheckGCForNative gc_urgency 0.809383 current_native_bytes is 172172503
12-18 10:52:43.854 10958 10958 I wm_on_create_called: [0,62690847,com.tencent.mobileqq.activity.SplashActivity,performCreate,241]
12-18 10:52:43.862 10958 10958 I wm_on_start_called: [0,62690847,com.tencent.mobileqq.activity.SplashActivity,handleStartActivity,5]
12-18 10:52:43.879  3312  3531 I com.miui.home: CheckGCForNative adj_start_bytes: 41132105 NativeAllocationGcWatermark: 11407681 java_gc_start_bytes: 24020584 kNewNativeDiscountFactor: 2 kOldNativeDiscountFactor: 65536 old_native_bytes: 138657099 new_native_bytes: 22972540 add_bytes_allowed: 34223043 is_gc_concurrent: 1 target_footprint_: 24152589 GetBytesAllocated: 16603861 HeapGrowthMultiplier: 3
12-18 10:52:43.879  3312  3531 I com.miui.home: CheckGCForNative gc_urgency 0.682976 current_native_bytes is 161629639
12-18 10:52:43.900 10958 10958 I wm_on_resume_called: [0,62690847,com.tencent.mobileqq.activity.SplashActivity,RESUME_ACTIVITY,35]
12-18 10:52:43.995  3312  3312 I wm_on_top_resumed_gained_called: [212649505,com.miui.home.launcher.Launcher,topStateChangedWhenResumed]
12-18 10:52:44.187 10958 10958 I wm_on_top_resumed_gained_called: [62690847,com.tencent.mobileqq.activity.SplashActivity,topStateChangedWhenResumed]
12-18 10:52:44.190 10958 10958 I wm_on_top_resumed_lost_called: [62690847,com.tencent.mobileqq.activity.SplashActivity,topStateChangedWhenResumed]
12-18 10:52:44.221 10958 10958 I wm_on_paused_called: [0,62690847,com.tencent.mobileqq.activity.SplashActivity,performPause,19]
12-18 10:52:44.362 10958 10958 I wm_on_stop_called: [0,62690847,com.tencent.mobileqq.activity.SplashActivity,STOP_ACTIVITY_ITEM,33]
12-18 10:52:44.407  3312  3764 I com.miui.home: CheckGCForNative adj_start_bytes: 41132105 NativeAllocationGcWatermark: 11407681 java_gc_start_bytes: 24020584 kNewNativeDiscountFactor: 2 kOldNativeDiscountFactor: 65536 old_native_bytes: 138657099 new_native_bytes: 23149200 add_bytes_allowed: 34223043 is_gc_concurrent: 1 target_footprint_: 24152589 GetBytesAllocated: 17213451 HeapGrowthMultiplier: 3
12-18 10:52:44.407  3312  3764 I com.miui.home: CheckGCForNative gc_urgency 0.699944 current_native_bytes is 161806299
12-18 10:52:44.425  3312  3764 I com.miui.home: CheckGCForNative adj_start_bytes: 41132105 NativeAllocationGcWatermark: 11407681 java_gc_start_bytes: 24020584 kNewNativeDiscountFactor: 2 kOldNativeDiscountFactor: 65536 old_native_bytes: 138657099 new_native_bytes: 33925904 add_bytes_allowed: 34223043 is_gc_concurrent: 1 target_footprint_: 24152589 GetBytesAllocated: 17382121 HeapGrowthMultiplier: 3
12-18 10:52:44.425  3312  3764 I com.miui.home: CheckGCForNative gc_urgency 0.835046 current_native_bytes is 172583003
12-18 10:52:44.429 10958 10958 I wm_on_idle_called: com.tencent.mobileqq.activity.SplashActivity
12-18 10:52:44.456  3312  3312 I com.miui.home: CheckGCForNative adj_start_bytes: 41132105 NativeAllocationGcWatermark: 11407681 java_gc_start_bytes: 24020584 kNewNativeDiscountFactor: 2 kOldNativeDiscountFactor: 65536 old_native_bytes: 138657099 new_native_bytes: 23260532 add_bytes_allowed: 34223043 is_gc_concurrent: 1 target_footprint_: 24152589 GetBytesAllocated: 17440433 HeapGrowthMultiplier: 3
12-18 10:52:44.456  3312  3312 I com.miui.home: CheckGCForNative gc_urgency 0.706816 current_native_bytes is 161917631
12-18 10:52:44.506  3312  3312 I wm_on_top_resumed_lost_called: [212649505,com.miui.home.launcher.Launcher,topStateChangedWhenResumed]
12-18 10:52:44.510  3312  3764 I com.miui.home: CheckGCForNative adj_start_bytes: 41132105 NativeAllocationGcWatermark: 11407681 java_gc_start_bytes: 24020584 kNewNativeDiscountFactor: 2 kOldNativeDiscountFactor: 65536 old_native_bytes: 138657099 new_native_bytes: 34014472 add_bytes_allowed: 34223043 is_gc_concurrent: 1 target_footprint_: 24152589 GetBytesAllocated: 17490889 HeapGrowthMultiplier: 3
12-18 10:52:44.510  3312  3764 I com.miui.home: CheckGCForNative gc_urgency 0.838767 current_native_bytes is 172671571
12-18 10:52:44.511  3312  3764 I com.miui.home: CheckGCForNative adj_start_bytes: 41132105 NativeAllocationGcWatermark: 11407681 java_gc_start_bytes: 24020584 kNewNativeDiscountFactor: 2 kOldNativeDiscountFactor: 65536 old_native_bytes: 138657099 new_native_bytes: 44721416 add_bytes_allowed: 34223043 is_gc_concurrent: 1 target_footprint_: 24152589 GetBytesAllocated: 17499304 HeapGrowthMultiplier: 3
12-18 10:52:44.511  3312  3764 I com.miui.home: CheckGCForNative gc_urgency 0.969124 current_native_bytes is 183378515
12-18 10:52:44.518  3312  3312 I wm_on_paused_called: [0,212649505,com.miui.home.launcher.Launcher,performPause,2]
12-18 10:52:44.549  3312  3764 I com.miui.home: CheckGCForNative adj_start_bytes: 41132105 NativeAllocationGcWatermark: 11407681 java_gc_start_bytes: 24020584 kNewNativeDiscountFactor: 2 kOldNativeDiscountFactor: 65536 old_native_bytes: 138657099 new_native_bytes: 44923840 add_bytes_allowed: 34223043 is_gc_concurrent: 1 target_footprint_: 24152589 GetBytesAllocated: 17580962 HeapGrowthMultiplier: 3
12-18 10:52:44.549  3312  3764 I com.miui.home: CheckGCForNative gc_urgency 0.97357 current_native_bytes is 183580939
12-18 10:52:44.550  3312  3764 I com.miui.home: CheckGCForNative adj_start_bytes: 41132105 NativeAllocationGcWatermark: 11407681 java_gc_start_bytes: 24020584 kNewNativeDiscountFactor: 2 kOldNativeDiscountFactor: 65536 old_native_bytes: 138657099 new_native_bytes: 55640704 add_bytes_allowed: 34223043 is_gc_concurrent: 1 target_footprint_: 24152589 GetBytesAllocated: 17586656 HeapGrowthMultiplier: 3
12-18 10:52:44.550  3312  3764 I com.miui.home: CheckGCForNative gc_urgency 1.10398 current_native_bytes is 194297803
12-18 10:52:44.550  3312  3764 I com.miui.home: CheckGCForNative requested 1
12-18 10:52:44.587  3312  3764 I com.miui.home: CheckGCForNative adj_start_bytes: 41132105 NativeAllocationGcWatermark: 11407681 java_gc_start_bytes: 24020584 kNewNativeDiscountFactor: 2 kOldNativeDiscountFactor: 65536 old_native_bytes: 138657099 new_native_bytes: 55628352 add_bytes_allowed: 34223043 is_gc_concurrent: 1 target_footprint_: 24152589 GetBytesAllocated: 17618936 HeapGrowthMultiplier: 3
12-18 10:52:44.587  3312  3764 I com.miui.home: CheckGCForNative gc_urgency 1.10462 current_native_bytes is 194285451
12-18 10:52:44.587  3312  3764 I com.miui.home: CheckGCForNative requested 1
12-18 10:52:44.588  3312  3764 I com.miui.home: CheckGCForNative adj_start_bytes: 41132105 NativeAllocationGcWatermark: 11407681 java_gc_start_bytes: 24020584 kNewNativeDiscountFactor: 2 kOldNativeDiscountFactor: 65536 old_native_bytes: 138657099 new_native_bytes: 66335488 add_bytes_allowed: 34223043 is_gc_concurrent: 1 target_footprint_: 24152589 GetBytesAllocated: 17625940 HeapGrowthMultiplier: 3
12-18 10:52:44.588  3312  3764 I com.miui.home: CheckGCForNative gc_urgency 1.23494 current_native_bytes is 204992587
12-18 10:52:44.588  3312  3764 I com.miui.home: CheckGCForNative requested 1
12-18 10:52:44.769  3312  3360 I com.miui.home: NativeAlloc concurrent copying GC freed 119524(5351KB) AllocSpace objects, 14(440KB) LOS objects, 49% free, 11MB/23MB, paused 267us,88us total 218.286ms
12-18 10:52:44.848  3312  3531 I com.miui.home: CheckGCForNative gc_urgency 0 current_native_bytes is 126974435
12-18 10:52:45.115  3312  3531 I com.miui.home: CheckGCForNative adj_start_bytes: 41252623 NativeAllocationGcWatermark: 11461660 java_gc_start_bytes: 24060133 kNewNativeDiscountFactor: 2 kOldNativeDiscountFactor: 65536 old_native_bytes: 126974435 new_native_bytes: 400532 add_bytes_allowed: 34384980 is_gc_concurrent: 1 target_footprint_: 24584421 GetBytesAllocated: 13404738 HeapGrowthMultiplier: 3
12-18 10:52:45.115  3312  3531 I com.miui.home: CheckGCForNative gc_urgency 0.329844 current_native_bytes is 127374967
12-18 10:52:45.118 11229 11229 I wm_on_application_create_called: [0,com.tencent.mobileqq,831]
12-18 10:52:45.132 10958 10958 I wm_on_destroy_called: [0,62690847,com.tencent.mobileqq.activity.SplashActivity,performDestroy,31]
12-18 10:52:45.160  3312  3531 I com.miui.home: CheckGCForNative adj_start_bytes: 41252623 NativeAllocationGcWatermark: 11461660 java_gc_start_bytes: 24060133 kNewNativeDiscountFactor: 2 kOldNativeDiscountFactor: 65536 old_native_bytes: 126974435 new_native_bytes: 386196 add_bytes_allowed: 34384980 is_gc_concurrent: 1 target_footprint_: 24584421 GetBytesAllocated: 13409396 HeapGrowthMultiplier: 3
12-18 10:52:45.160  3312  3531 I com.miui.home: CheckGCForNative gc_urgency 0.329783 current_native_bytes is 127360631
12-18 10:52:45.390 11261 11261 I wm_on_application_create_called: [0,com.xiaomi.bluetooth,662]
12-18 10:52:45.535 11400 11400 I wm_on_application_create_called: [0,com.dragon.read,385]
12-18 10:52:45.850  3312  3312 I wm_on_resume_called: [0,212649505,com.miui.home.launcher.Launcher,RESUME_ACTIVITY,21]
12-18 10:52:45.863  3312  3312 I wm_on_idle_called: com.miui.home.launcher.Launcher
12-18 10:52:45.874 11400 11400 I wm_on_create_called: [0,72479894,com.dragon.read.pages.splash.SplashActivity,performCreate,315]
12-18 10:52:45.994 11400 11400 I wm_on_start_called: [0,72479894,com.dragon.read.pages.splash.SplashActivity,handleStartActivity,8]
12-18 10:52:46.033 11400 11400 I wm_on_resume_called: [0,72479894,com.dragon.read.pages.splash.SplashActivity,RESUME_ACTIVITY,33]
12-18 10:52:46.044 11400 11400 I wm_on_top_resumed_gained_called: [72479894,com.dragon.read.pages.splash.SplashActivity,topStateChangedWhenResumed]
12-18 10:52:46.048 11400 11400 I wm_on_top_resumed_lost_called: [72479894,com.dragon.read.pages.splash.SplashActivity,topStateChangedWhenResumed]
12-18 10:52:46.055  3312  3312 I wm_on_top_resumed_gained_called: [212649505,com.miui.home.launcher.Launcher,topStateChangedWhenResumed]
12-18 10:52:46.056  3312  3366 I com.miui.home: CheckGCForNative adj_start_bytes: 41252623 NativeAllocationGcWatermark: 11461660 java_gc_start_bytes: 24060133 kNewNativeDiscountFactor: 2 kOldNativeDiscountFactor: 65536 old_native_bytes: 126974435 new_native_bytes: 10851584 add_bytes_allowed: 34384980 is_gc_concurrent: 1 target_footprint_: 24584421 GetBytesAllocated: 15093085 HeapGrowthMultiplier: 3
12-18 10:52:46.056  3312  3366 I com.miui.home: CheckGCForNative gc_urgency 0.497443 current_native_bytes is 137826019
12-18 10:52:46.057  3312  3366 I com.miui.home: CheckGCForNative adj_start_bytes: 41252623 NativeAllocationGcWatermark: 11461660 java_gc_start_bytes: 24060133 kNewNativeDiscountFactor: 2 kOldNativeDiscountFactor: 65536 old_native_bytes: 126974435 new_native_bytes: 21558720 add_bytes_allowed: 34384980 is_gc_concurrent: 1 target_footprint_: 24584421 GetBytesAllocated: 15102044 HeapGrowthMultiplier: 3
12-18 10:52:46.057  3312  3366 I com.miui.home: CheckGCForNative gc_urgency 0.627435 current_native_bytes is 148533155
12-18 10:52:46.132  3312  3366 I com.miui.home: CheckGCForNative adj_start_bytes: 41252623 NativeAllocationGcWatermark: 11461660 java_gc_start_bytes: 24060133 kNewNativeDiscountFactor: 2 kOldNativeDiscountFactor: 65536 old_native_bytes: 126974435 new_native_bytes: 21610304 add_bytes_allowed: 34384980 is_gc_concurrent: 1 target_footprint_: 24584421 GetBytesAllocated: 15161635 HeapGrowthMultiplier: 3
12-18 10:52:46.135  3312  3366 I com.miui.home: CheckGCForNative gc_urgency 0.629505 current_native_bytes is 148584739
12-18 10:52:46.140  3312  3531 I com.miui.home: CheckGCForNative adj_start_bytes: 41252623 NativeAllocationGcWatermark: 11461660 java_gc_start_bytes: 24060133 kNewNativeDiscountFactor: 2 kOldNativeDiscountFactor: 65536 old_native_bytes: 126974435 new_native_bytes: 10900800 add_bytes_allowed: 34384980 is_gc_concurrent: 1 target_footprint_: 24584421 GetBytesAllocated: 15167639 HeapGrowthMultiplier: 3
12-18 10:52:46.140  3312  3531 I com.miui.home: CheckGCForNative gc_urgency 0.499846 current_native_bytes is 137875235
12-18 10:52:46.385  3312  3531 I com.miui.home: CheckGCForNative adj_start_bytes: 41252623 NativeAllocationGcWatermark: 11461660 java_gc_start_bytes: 24060133 kNewNativeDiscountFactor: 2 kOldNativeDiscountFactor: 65536 old_native_bytes: 126974435 new_native_bytes: 10914560 add_bytes_allowed: 34384980 is_gc_concurrent: 1 target_footprint_: 24584421 GetBytesAllocated: 15256117 HeapGrowthMultiplier: 3
12-18 10:52:46.385  3312  3531 I com.miui.home: CheckGCForNative gc_urgency 0.502158 current_native_bytes is 137888995
12-18 10:52:46.495 11400 11400 I wm_on_idle_called: com.dragon.read.pages.splash.SplashActivity
12-18 10:52:46.497  3312  3531 I com.miui.home: CheckGCForNative adj_start_bytes: 41252623 NativeAllocationGcWatermark: 11461660 java_gc_start_bytes: 24060133 kNewNativeDiscountFactor: 2 kOldNativeDiscountFactor: 65536 old_native_bytes: 126974435 new_native_bytes: 10925760 add_bytes_allowed: 34384980 is_gc_concurrent: 1 target_footprint_: 24584421 GetBytesAllocated: 15297384 HeapGrowthMultiplier: 3
12-18 10:52:46.497  3312  3531 I com.miui.home: CheckGCForNative gc_urgency 0.503294 current_native_bytes is 137900195
12-18 10:52:46.549 11400 11400 I wm_on_paused_called: [0,72479894,com.dragon.read.pages.splash.SplashActivity,performPause,4]
12-18 10:52:46.617 11400 11400 I wm_on_stop_called: [0,72479894,com.dragon.read.pages.splash.SplashActivity,STOP_ACTIVITY_ITEM,4]
12-18 10:52:46.797  3312  3312 I wm_on_top_resumed_lost_called: [212649505,com.miui.home.launcher.Launcher,topStateChangedWhenResumed]
12-18 10:52:46.800  3312  3312 I wm_on_paused_called: [0,212649505,com.miui.home.launcher.Launcher,performPause,2]
12-18 10:52:46.956  3312  3764 I com.miui.home: CheckGCForNative adj_start_bytes: 41252623 NativeAllocationGcWatermark: 11461660 java_gc_start_bytes: 24060133 kNewNativeDiscountFactor: 2 kOldNativeDiscountFactor: 65536 old_native_bytes: 126974435 new_native_bytes: 21980916 add_bytes_allowed: 34384980 is_gc_concurrent: 1 target_footprint_: 24584421 GetBytesAllocated: 16428593 HeapGrowthMultiplier: 3
12-18 10:52:46.957  3312  3764 I com.miui.home: CheckGCForNative gc_urgency 0.664709 current_native_bytes is 148955351
12-18 10:52:47.119  3312  8136 I com.miui.home: CheckGCForNative adj_start_bytes: 41252623 NativeAllocationGcWatermark: 11461660 java_gc_start_bytes: 24060133 kNewNativeDiscountFactor: 2 kOldNativeDiscountFactor: 65536 old_native_bytes: 126974435 new_native_bytes: 11706520 add_bytes_allowed: 34384980 is_gc_concurrent: 1 target_footprint_: 24584421 GetBytesAllocated: 17169150 HeapGrowthMultiplier: 3
12-18 10:52:47.119  3312  8136 I com.miui.home: CheckGCForNative gc_urgency 0.558131 current_native_bytes is 138680955
12-18 10:52:47.376  3312  3531 I com.miui.home: CheckGCForNative adj_start_bytes: 41252623 NativeAllocationGcWatermark: 11461660 java_gc_start_bytes: 24060133 kNewNativeDiscountFactor: 2 kOldNativeDiscountFactor: 65536 old_native_bytes: 126974435 new_native_bytes: 12083564 add_bytes_allowed: 34384980 is_gc_concurrent: 1 target_footprint_: 24584421 GetBytesAllocated: 17828710 HeapGrowthMultiplier: 3
12-18 10:52:47.376  3312  3531 I com.miui.home: CheckGCForNative gc_urgency 0.578855 current_native_bytes is 139057999
12-18 10:52:47.421  3312  3531 I com.miui.home: CheckGCForNative adj_start_bytes: 41252623 NativeAllocationGcWatermark: 11461660 java_gc_start_bytes: 24060133 kNewNativeDiscountFactor: 2 kOldNativeDiscountFactor: 65536 old_native_bytes: 126974435 new_native_bytes: 12088684 add_bytes_allowed: 34384980 is_gc_concurrent: 1 target_footprint_: 24584421 GetBytesAllocated: 17842827 HeapGrowthMultiplier: 3
12-18 10:52:47.421  3312  3531 I com.miui.home: CheckGCForNative gc_urgency 0.579093 current_native_bytes is 139063119
12-18 10:52:47.492 11120 11120 I wm_on_application_create_called: [0,com.tencent.mm,1892]
12-18 10:52:47.751 11736 11736 I wm_on_application_create_called: [0,com.android.providers.downloads,254]
12-18 10:52:48.186  3312  3312 I wm_on_resume_called: [0,212649505,com.miui.home.launcher.Launcher,RESUME_ACTIVITY,5]
12-18 10:52:48.192  3312  3312 I wm_on_idle_called: com.miui.home.launcher.Launcher
12-18 10:52:48.327  3312  3651 I com.miui.home: CheckGCForNative adj_start_bytes: 41252623 NativeAllocationGcWatermark: 11461660 java_gc_start_bytes: 24060133 kNewNativeDiscountFactor: 2 kOldNativeDiscountFactor: 65536 old_native_bytes: 126974435 new_native_bytes: 22600028 add_bytes_allowed: 34384980 is_gc_concurrent: 1 target_footprint_: 24584421 GetBytesAllocated: 19533112 HeapGrowthMultiplier: 3
12-18 10:52:48.327  3312  3651 I com.miui.home: CheckGCForNative gc_urgency 0.747469 current_native_bytes is 149574463
12-18 10:52:48.332  3312  3651 I com.miui.home: CheckGCForNative adj_start_bytes: 41252623 NativeAllocationGcWatermark: 11461660 java_gc_start_bytes: 24060133 kNewNativeDiscountFactor: 2 kOldNativeDiscountFactor: 65536 old_native_bytes: 126974435 new_native_bytes: 33307164 add_bytes_allowed: 34384980 is_gc_concurrent: 1 target_footprint_: 24584421 GetBytesAllocated: 19533304 HeapGrowthMultiplier: 3
12-18 10:52:48.332  3312  3651 I com.miui.home: CheckGCForNative gc_urgency 0.877249 current_native_bytes is 160281599
12-18 10:52:48.336  3312  8136 I com.miui.home: CheckGCForNative adj_start_bytes: 41252623 NativeAllocationGcWatermark: 11461660 java_gc_start_bytes: 24060133 kNewNativeDiscountFactor: 2 kOldNativeDiscountFactor: 65536 old_native_bytes: 126974435 new_native_bytes: 22603836 add_bytes_allowed: 34384980 is_gc_concurrent: 1 target_footprint_: 24584421 GetBytesAllocated: 19549688 HeapGrowthMultiplier: 3
12-18 10:52:48.336  3312  8136 I com.miui.home: CheckGCForNative gc_urgency 0.747917 current_native_bytes is 149578271
12-18 10:52:48.372  3312  3651 I com.miui.home: CheckGCForNative adj_start_bytes: 41252623 NativeAllocationGcWatermark: 11461660 java_gc_start_bytes: 24060133 kNewNativeDiscountFactor: 2 kOldNativeDiscountFactor: 65536 old_native_bytes: 126974435 new_native_bytes: 33355948 add_bytes_allowed: 34384980 is_gc_concurrent: 1 target_footprint_: 24584421 GetBytesAllocated: 19559479 HeapGrowthMultiplier: 3
12-18 10:52:48.372  3312  3651 I com.miui.home: CheckGCForNative gc_urgency 0.878475 current_native_bytes is 160330383
12-18 10:52:48.479  3312  3531 I com.miui.home: CheckGCForNative adj_start_bytes: 41252623 NativeAllocationGcWatermark: 11461660 java_gc_start_bytes: 24060133 kNewNativeDiscountFactor: 2 kOldNativeDiscountFactor: 65536 old_native_bytes: 126974435 new_native_bytes: 22660780 add_bytes_allowed: 34384980 is_gc_concurrent: 1 target_footprint_: 24584421 GetBytesAllocated: 19603342 HeapGrowthMultiplier: 3
12-18 10:52:48.479  3312  3531 I com.miui.home: CheckGCForNative gc_urgency 0.749908 current_native_bytes is 149635215
12-18 10:52:48.526 11863 11863 I wm_on_application_create_called: [0,com.taobao.taobao,606]
12-18 10:52:48.662  3312  3312 I wm_on_top_resumed_gained_called: [212649505,com.miui.home.launcher.Launcher,topStateChangedWhenResumed]
12-18 10:52:48.668  3312  3531 I com.miui.home: CheckGCForNative adj_start_bytes: 41252623 NativeAllocationGcWatermark: 11461660 java_gc_start_bytes: 24060133 kNewNativeDiscountFactor: 2 kOldNativeDiscountFactor: 65536 old_native_bytes: 126974435 new_native_bytes: 22673740 add_bytes_allowed: 34384980 is_gc_concurrent: 1 target_footprint_: 24584421 GetBytesAllocated: 19713952 HeapGrowthMultiplier: 3
12-18 10:52:48.669  3312  3531 I com.miui.home: CheckGCForNative gc_urgency 0.752746 current_native_bytes is 149648175
12-18 10:52:48.806  3312  3642 I com.miui.home: CheckGCForNative adj_start_bytes: 41252623 NativeAllocationGcWatermark: 11461660 java_gc_start_bytes: 24060133 kNewNativeDiscountFactor: 2 kOldNativeDiscountFactor: 65536 old_native_bytes: 126974435 new_native_bytes: 33392668 add_bytes_allowed: 34384980 is_gc_concurrent: 1 target_footprint_: 24584421 GetBytesAllocated: 19775576 HeapGrowthMultiplier: 3
12-18 10:52:48.806  3312  3642 I com.miui.home: CheckGCForNative gc_urgency 0.884158 current_native_bytes is 160367103
12-18 10:52:48.806  3312  3530 I com.miui.home: CheckGCForNative adj_start_bytes: 41252623 NativeAllocationGcWatermark: 11461660 java_gc_start_bytes: 24060133 kNewNativeDiscountFactor: 2 kOldNativeDiscountFactor: 65536 old_native_bytes: 126974435 new_native_bytes: 44098588 add_bytes_allowed: 34384980 is_gc_concurrent: 1 target_footprint_: 24584421 GetBytesAllocated: 19775768 HeapGrowthMultiplier: 3
12-18 10:52:48.806  3312  3530 I com.miui.home: CheckGCForNative gc_urgency 1.01392 current_native_bytes is 171073023
12-18 10:52:48.806  3312  3530 I com.miui.home: CheckGCForNative requested 1
12-18 10:52:48.807  3312  3530 I com.miui.home: CheckGCForNative adj_start_bytes: 41252623 NativeAllocationGcWatermark: 11461660 java_gc_start_bytes: 24060133 kNewNativeDiscountFactor: 2 kOldNativeDiscountFactor: 65536 old_native_bytes: 126974435 new_native_bytes: 54806044 add_bytes_allowed: 34384980 is_gc_concurrent: 1 target_footprint_: 24584421 GetBytesAllocated: 19775960 HeapGrowthMultiplier: 3
12-18 10:52:48.807  3312  3530 I com.miui.home: CheckGCForNative gc_urgency 1.14371 current_native_bytes is 181780479
12-18 10:52:48.807  3312  3530 I com.miui.home: CheckGCForNative requested 1
12-18 10:52:48.863 11863 11863 I wm_on_create_called: [0,64476291,com.taobao.tao.welcome.Welcome,performCreate,281]
12-18 10:52:48.925  3312  3360 I com.miui.home: NativeAlloc concurrent copying GC freed 152300(6875KB) AllocSpace objects, 26(688KB) LOS objects, 49% free, 11MB/23MB, paused 59us,78us total 117.289ms
12-18 10:52:48.960  3312  3312 I wm_on_top_resumed_lost_called: [212649505,com.miui.home.launcher.Launcher,topStateChangedWhenResumed]
12-18 10:52:49.157  3312  3764 I com.miui.home: CheckGCForNative gc_urgency 0 current_native_bytes is 148345899
12-18 10:52:49.202  3312  3764 I com.miui.home: CheckGCForNative gc_urgency 0 current_native_bytes is 137786207
12-18 10:52:49.282 11863 11863 I wm_on_start_called: [0,64476291,com.taobao.tao.welcome.Welcome,handleStartActivity,408]
12-18 10:52:49.327  3312  3312 I wm_on_paused_called: [0,212649505,com.miui.home.launcher.Launcher,performPause,1]
12-18 10:52:49.526  3312  3531 I com.miui.home: CheckGCForNative adj_start_bytes: 41522535 NativeAllocationGcWatermark: 11462919 java_gc_start_bytes: 24328157 kNewNativeDiscountFactor: 2 kOldNativeDiscountFactor: 65536 old_native_bytes: 137786207 new_native_bytes: 233576 add_bytes_allowed: 34388757 is_gc_concurrent: 1 target_footprint_: 24594493 GetBytesAllocated: 14101165 HeapGrowthMultiplier: 3
12-18 10:52:49.526  3312  3531 I com.miui.home: CheckGCForNative gc_urgency 0.342466 current_native_bytes is 138019783
12-18 10:52:49.616  3312  3764 I com.miui.home: CheckGCForNative adj_start_bytes: 41522535 NativeAllocationGcWatermark: 11462919 java_gc_start_bytes: 24328157 kNewNativeDiscountFactor: 2 kOldNativeDiscountFactor: 65536 old_native_bytes: 137786207 new_native_bytes: 354428 add_bytes_allowed: 34388757 is_gc_concurrent: 1 target_footprint_: 24594493 GetBytesAllocated: 14501897 HeapGrowthMultiplier: 3
12-18 10:52:49.616  3312  3764 I com.miui.home: CheckGCForNative gc_urgency 0.353572 current_native_bytes is 138140635
12-18 10:52:49.736 10903 10903 I wm_on_create_called: [0,140639132,com.tencent.mm.ui.LauncherUI,performCreate,289]
12-18 10:52:49.768 10903 10903 I wm_on_start_called: [0,140639132,com.tencent.mm.ui.LauncherUI,handleStartActivity,19]
12-18 10:52:49.840 10903 10903 I wm_on_resume_called: [0,140639132,com.tencent.mm.ui.LauncherUI,RESUME_ACTIVITY,67]
12-18 10:52:49.891 10903 10903 I wm_on_top_resumed_gained_called: [140639132,com.tencent.mm.ui.LauncherUI,topStateChangedWhenResumed]
12-18 10:52:49.893 10903 10903 I wm_on_top_resumed_lost_called: [140639132,com.tencent.mm.ui.LauncherUI,topStateChangedWhenResumed]
12-18 10:52:49.903 10903 10903 I wm_on_paused_called: [0,140639132,com.tencent.mm.ui.LauncherUI,performPause,9]
12-18 10:52:50.039 10903 10903 I wm_on_create_called: [0,87281367,com.tencent.mm.plugin.account.ui.WelcomeActivity,performCreate,64]
12-18 10:52:50.044 10903 10903 I wm_on_start_called: [0,87281367,com.tencent.mm.plugin.account.ui.WelcomeActivity,handleStartActivity,4]
12-18 10:52:50.048 10903 10903 I wm_on_resume_called: [0,87281367,com.tencent.mm.plugin.account.ui.WelcomeActivity,RESUME_ACTIVITY,3]
12-18 10:52:50.057 10903 10903 I wm_on_top_resumed_gained_called: [87281367,com.tencent.mm.plugin.account.ui.WelcomeActivity,topStateChangedWhenResumed]
12-18 10:52:50.072  3312  3764 I com.miui.home: CheckGCForNative adj_start_bytes: 41522535 NativeAllocationGcWatermark: 11462919 java_gc_start_bytes: 24328157 kNewNativeDiscountFactor: 2 kOldNativeDiscountFactor: 65536 old_native_bytes: 137786207 new_native_bytes: 543972 add_bytes_allowed: 34388757 is_gc_concurrent: 1 target_footprint_: 24594493 GetBytesAllocated: 15074292 HeapGrowthMultiplier: 3
12-18 10:52:50.072  3312  3764 I com.miui.home: CheckGCForNative gc_urgency 0.36964 current_native_bytes is 138330179
12-18 10:52:50.287 10903 10903 I wm_on_top_resumed_lost_called: [87281367,com.tencent.mm.plugin.account.ui.WelcomeActivity,topStateChangedWhenResumed]
12-18 10:52:50.324  3312  3312 I wm_on_resume_called: [0,212649505,com.miui.home.launcher.Launcher,RESUME_ACTIVITY,5]
12-18 10:52:50.327  3312  3312 I wm_on_top_resumed_gained_called: [212649505,com.miui.home.launcher.Launcher,topStateChangedWhenResumed]
12-18 10:52:50.328  3312  3312 I com.miui.home: CheckGCForNative adj_start_bytes: 41522535 NativeAllocationGcWatermark: 11462919 java_gc_start_bytes: 24328157 kNewNativeDiscountFactor: 2 kOldNativeDiscountFactor: 65536 old_native_bytes: 137786207 new_native_bytes: 1152356 add_bytes_allowed: 34388757 is_gc_concurrent: 1 target_footprint_: 24594493 GetBytesAllocated: 16787447 HeapGrowthMultiplier: 3
12-18 10:52:50.328  3312  3312 I com.miui.home: CheckGCForNative gc_urgency 0.418224 current_native_bytes is 138938563
12-18 10:52:50.330  3312  3312 I wm_on_idle_called: com.miui.home.launcher.Launcher
12-18 10:52:50.429  3312  3672 I com.miui.home: CheckGCForNative adj_start_bytes: 41522535 NativeAllocationGcWatermark: 11462919 java_gc_start_bytes: 24328157 kNewNativeDiscountFactor: 2 kOldNativeDiscountFactor: 65536 old_native_bytes: 137786207 new_native_bytes: 11826392 add_bytes_allowed: 34388757 is_gc_concurrent: 1 target_footprint_: 24594493 GetBytesAllocated: 17524229 HeapGrowthMultiplier: 3
12-18 10:52:50.429  3312  3672 I com.miui.home: CheckGCForNative gc_urgency 0.564501 current_native_bytes is 149612599
12-18 10:52:50.430  3312  3672 I com.miui.home: CheckGCForNative adj_start_bytes: 41522535 NativeAllocationGcWatermark: 11462919 java_gc_start_bytes: 24328157 kNewNativeDiscountFactor: 2 kOldNativeDiscountFactor: 65536 old_native_bytes: 137786207 new_native_bytes: 22533336 add_bytes_allowed: 34388757 is_gc_concurrent: 1 target_footprint_: 24594493 GetBytesAllocated: 17524421 HeapGrowthMultiplier: 3
12-18 10:52:50.430  3312  3672 I com.miui.home: CheckGCForNative gc_urgency 0.693435 current_native_bytes is 160319543
12-18 10:52:50.484  3312  3531 I com.miui.home: CheckGCForNative adj_start_bytes: 41522535 NativeAllocationGcWatermark: 11462919 java_gc_start_bytes: 24328157 kNewNativeDiscountFactor: 2 kOldNativeDiscountFactor: 65536 old_native_bytes: 137786207 new_native_bytes: 11876152 add_bytes_allowed: 34388757 is_gc_concurrent: 1 target_footprint_: 24594493 GetBytesAllocated: 17684154 HeapGrowthMultiplier: 3
12-18 10:52:50.484  3312  3531 I com.miui.home: CheckGCForNative gc_urgency 0.568952 current_native_bytes is 149662359
12-18 10:52:50.518  3312  3672 I com.miui.home: CheckGCForNative adj_start_bytes: 41522535 NativeAllocationGcWatermark: 11462919 java_gc_start_bytes: 24328157 kNewNativeDiscountFactor: 2 kOldNativeDiscountFactor: 65536 old_native_bytes: 137786207 new_native_bytes: 22586872 add_bytes_allowed: 34388757 is_gc_concurrent: 1 target_footprint_: 24594493 GetBytesAllocated: 17693233 HeapGrowthMultiplier: 3
12-18 10:52:50.519  3312  3672 I com.miui.home: CheckGCForNative gc_urgency 0.698152 current_native_bytes is 160373079
12-18 10:52:50.840  3312  3531 I com.miui.home: CheckGCForNative adj_start_bytes: 41522535 NativeAllocationGcWatermark: 11462919 java_gc_start_bytes: 24328157 kNewNativeDiscountFactor: 2 kOldNativeDiscountFactor: 65536 old_native_bytes: 137786207 new_native_bytes: 11856312 add_bytes_allowed: 34388757 is_gc_concurrent: 1 target_footprint_: 24594493 GetBytesAllocated: 17844827 HeapGrowthMultiplier: 3
12-18 10:52:50.840  3312  3531 I com.miui.home: CheckGCForNative gc_urgency 0.572583 current_native_bytes is 149642519
12-18 10:52:50.899  3312  3530 I com.miui.home: CheckGCForNative adj_start_bytes: 41522535 NativeAllocationGcWatermark: 11462919 java_gc_start_bytes: 24328157 kNewNativeDiscountFactor: 2 kOldNativeDiscountFactor: 65536 old_native_bytes: 137786207 new_native_bytes: 22527576 add_bytes_allowed: 34388757 is_gc_concurrent: 1 target_footprint_: 24594493 GetBytesAllocated: 17868002 HeapGrowthMultiplier: 3
12-18 10:52:50.900  3312  3530 I com.miui.home: CheckGCForNative gc_urgency 0.70164 current_native_bytes is 160313783
12-18 10:52:50.900  3312  3530 I com.miui.home: CheckGCForNative adj_start_bytes: 41522535 NativeAllocationGcWatermark: 11462919 java_gc_start_bytes: 24328157 kNewNativeDiscountFactor: 2 kOldNativeDiscountFactor: 65536 old_native_bytes: 137786207 new_native_bytes: 33234712 add_bytes_allowed: 34388757 is_gc_concurrent: 1 target_footprint_: 24594493 GetBytesAllocated: 17871188 HeapGrowthMultiplier: 3
12-18 10:52:50.900  3312  3530 I com.miui.home: CheckGCForNative gc_urgency 0.830649 current_native_bytes is 171020919
12-18 10:52:50.905  3312  3672 I com.miui.home: CheckGCForNative adj_start_bytes: 41522535 NativeAllocationGcWatermark: 11462919 java_gc_start_bytes: 24328157 kNewNativeDiscountFactor: 2 kOldNativeDiscountFactor: 65536 old_native_bytes: 137786207 new_native_bytes: 33234744 add_bytes_allowed: 34388757 is_gc_concurrent: 1 target_footprint_: 24594493 GetBytesAllocated: 17871188 HeapGrowthMultiplier: 3
12-18 10:52:50.905  3312  3672 I com.miui.home: CheckGCForNative gc_urgency 0.830649 current_native_bytes is 171020951
12-18 10:52:50.930 10903 10903 I wm_on_paused_called: [0,87281367,com.tencent.mm.plugin.account.ui.WelcomeActivity,performPause,3]
12-18 10:52:51.011 10903 10903 I wm_on_stop_called: [0,140639132,com.tencent.mm.ui.LauncherUI,STOP_ACTIVITY_ITEM,9]
12-18 10:52:51.024 10903 10903 I wm_on_stop_called: [0,87281367,com.tencent.mm.plugin.account.ui.WelcomeActivity,STOP_ACTIVITY_ITEM,8]
12-18 10:52:51.028 10903 10903 I wm_on_idle_called: com.tencent.mm.ui.LauncherUI
12-18 10:52:51.028 10903 10903 I wm_on_idle_called: com.tencent.mm.plugin.account.ui.WelcomeActivity
12-18 10:52:51.102  3312  3312 I wm_on_top_resumed_lost_called: [212649505,com.miui.home.launcher.Launcher,topStateChangedWhenResumed]
12-18 10:52:51.107  3312  3312 I wm_on_paused_called: [0,212649505,com.miui.home.launcher.Launcher,performPause,1]
12-18 10:52:51.108  3312  3366 I com.miui.home: CheckGCForNative adj_start_bytes: 41522535 NativeAllocationGcWatermark: 11462919 java_gc_start_bytes: 24328157 kNewNativeDiscountFactor: 2 kOldNativeDiscountFactor: 65536 old_native_bytes: 137786207 new_native_bytes: 22906524 add_bytes_allowed: 34388757 is_gc_concurrent: 1 target_footprint_: 24594493 GetBytesAllocated: 18571927 HeapGrowthMultiplier: 3
12-18 10:52:51.108  3312  3366 I com.miui.home: CheckGCForNative gc_urgency 0.723157 current_native_bytes is 160692731
12-18 10:52:51.132  3312  3764 I com.miui.home: CheckGCForNative adj_start_bytes: 41522535 NativeAllocationGcWatermark: 11462919 java_gc_start_bytes: 24328157 kNewNativeDiscountFactor: 2 kOldNativeDiscountFactor: 65536 old_native_bytes: 137786207 new_native_bytes: 33618556 add_bytes_allowed: 34388757 is_gc_concurrent: 1 target_footprint_: 24594493 GetBytesAllocated: 18714279 HeapGrowthMultiplier: 3
12-18 10:52:51.132  3312  3764 I com.miui.home: CheckGCForNative gc_urgency 0.855575 current_native_bytes is 171404763
