12-18 11:31:16.486  9737  9737 I wm_on_idle_called: com.xunmeng.pinduoduo.ui.activity.HomeActivity
12-18 11:31:16.519  3326  3532 I com.miui.home: CheckGCForNative adj_start_bytes: 41025884 NativeAllocationGcWatermark: 11402585 java_gc_start_bytes: 23922007 kNewNativeDiscountFactor: 2 kOldNativeDiscountFactor: 65536 old_native_bytes: 139458659 new_native_bytes: 5627796 add_bytes_allowed: 34207755 is_gc_concurrent: 1 target_footprint_: 24111823 GetBytesAllocated: 13759403 HeapGrowthMultiplier: 3
12-18 11:31:16.519  3326  3532 I com.miui.home: CheckGCForNative gc_urgency 0.404024 current_native_bytes is 145086455
12-18 11:31:16.541  3326  3532 I com.miui.home: CheckGCForNative adj_start_bytes: 41025884 NativeAllocationGcWatermark: 11402585 java_gc_start_bytes: 23922007 kNewNativeDiscountFactor: 2 kOldNativeDiscountFactor: 65536 old_native_bytes: 139458659 new_native_bytes: 606996 add_bytes_allowed: 34207755 is_gc_concurrent: 1 target_footprint_: 24111823 GetBytesAllocated: 13819285 HeapGrowthMultiplier: 3
12-18 11:31:16.542  3326  3532 I com.miui.home: CheckGCForNative gc_urgency 0.344293 current_native_bytes is 140065655
12-18 11:31:17.261  3326  3326 I com.miui.home: CheckGCForNative adj_start_bytes: 41025884 NativeAllocationGcWatermark: 11402585 java_gc_start_bytes: 23922007 kNewNativeDiscountFactor: 2 kOldNativeDiscountFactor: 65536 old_native_bytes: 139458659 new_native_bytes: 608968 add_bytes_allowed: 34207755 is_gc_concurrent: 1 target_footprint_: 24111823 GetBytesAllocated: 14608137 HeapGrowthMultiplier: 3
12-18 11:31:17.261  3326  3326 I com.miui.home: CheckGCForNative gc_urgency 0.363545 current_native_bytes is 140067627
12-18 11:31:17.278  3326  3326 I wm_on_resume_called: [0,19897820,com.miui.home.launcher.Launcher,RESUME_ACTIVITY,7]
12-18 11:31:17.290  3326  3326 I wm_on_idle_called: com.miui.home.launcher.Launcher
12-18 11:31:17.454  3326  4114 I com.miui.home: CheckGCForNative adj_start_bytes: 41025884 NativeAllocationGcWatermark: 11402585 java_gc_start_bytes: 23922007 kNewNativeDiscountFactor: 2 kOldNativeDiscountFactor: 65536 old_native_bytes: 139458659 new_native_bytes: 11520944 add_bytes_allowed: 34207755 is_gc_concurrent: 1 target_footprint_: 24111823 GetBytesAllocated: 15651979 HeapGrowthMultiplier: 3
12-18 11:31:17.454  3326  4114 I com.miui.home: CheckGCForNative gc_urgency 0.521977 current_native_bytes is 150979603
12-18 11:31:17.455  3326  3326 I com.miui.home: CheckGCForNative adj_start_bytes: 41025884 NativeAllocationGcWatermark: 11402585 java_gc_start_bytes: 23922007 kNewNativeDiscountFactor: 2 kOldNativeDiscountFactor: 65536 old_native_bytes: 139458659 new_native_bytes: 22227888 add_bytes_allowed: 34207755 is_gc_concurrent: 1 target_footprint_: 24111823 GetBytesAllocated: 15652171 HeapGrowthMultiplier: 3
12-18 11:31:17.455  3326  3326 I com.miui.home: CheckGCForNative gc_urgency 0.652472 current_native_bytes is 161686547
12-18 11:31:17.455  3326  3569 I com.miui.home: CheckGCForNative adj_start_bytes: 41025884 NativeAllocationGcWatermark: 11402585 java_gc_start_bytes: 23922007 kNewNativeDiscountFactor: 2 kOldNativeDiscountFactor: 65536 old_native_bytes: 139458659 new_native_bytes: 22228336 add_bytes_allowed: 34207755 is_gc_concurrent: 1 target_footprint_: 24111823 GetBytesAllocated: 15652171 HeapGrowthMultiplier: 3
12-18 11:31:17.455  3326  3569 I com.miui.home: CheckGCForNative gc_urgency 0.652478 current_native_bytes is 161686995
12-18 11:31:17.519 10037 10037 I wm_on_application_create_called: [0,com.smile.gifmaker,551]
12-18 11:31:17.522  3326  3532 I com.miui.home: CheckGCForNative adj_start_bytes: 41025884 NativeAllocationGcWatermark: 11402585 java_gc_start_bytes: 23922007 kNewNativeDiscountFactor: 2 kOldNativeDiscountFactor: 65536 old_native_bytes: 139458659 new_native_bytes: 11552688 add_bytes_allowed: 34207755 is_gc_concurrent: 1 target_footprint_: 24111823 GetBytesAllocated: 15698182 HeapGrowthMultiplier: 3
12-18 11:31:17.522  3326  3532 I com.miui.home: CheckGCForNative gc_urgency 0.52349 current_native_bytes is 151011347
12-18 11:31:17.678  3326  3532 I com.miui.home: CheckGCForNative adj_start_bytes: 41025884 NativeAllocationGcWatermark: 11402585 java_gc_start_bytes: 23922007 kNewNativeDiscountFactor: 2 kOldNativeDiscountFactor: 65536 old_native_bytes: 139458659 new_native_bytes: 11544432 add_bytes_allowed: 34207755 is_gc_concurrent: 1 target_footprint_: 24111823 GetBytesAllocated: 15780166 HeapGrowthMultiplier: 3
12-18 11:31:17.678  3326  3532 I com.miui.home: CheckGCForNative gc_urgency 0.525388 current_native_bytes is 151003091
12-18 11:31:17.724  3326  3326 I wm_on_top_resumed_gained_called: [19897820,com.miui.home.launcher.Launcher,topStateChangedWhenResumed]
12-18 11:31:17.929  3326  3531 I com.miui.home: CheckGCForNative adj_start_bytes: 41025884 NativeAllocationGcWatermark: 11402585 java_gc_start_bytes: 23922007 kNewNativeDiscountFactor: 2 kOldNativeDiscountFactor: 65536 old_native_bytes: 139458659 new_native_bytes: 22257056 add_bytes_allowed: 34207755 is_gc_concurrent: 1 target_footprint_: 24111823 GetBytesAllocated: 15923011 HeapGrowthMultiplier: 3
12-18 11:31:17.929  3326  3531 I com.miui.home: CheckGCForNative gc_urgency 0.659429 current_native_bytes is 161715715
12-18 11:31:17.931  3326  3605 I com.miui.home: CheckGCForNative adj_start_bytes: 41025884 NativeAllocationGcWatermark: 11402585 java_gc_start_bytes: 23922007 kNewNativeDiscountFactor: 2 kOldNativeDiscountFactor: 65536 old_native_bytes: 139458659 new_native_bytes: 32964000 add_bytes_allowed: 34207755 is_gc_concurrent: 1 target_footprint_: 24111823 GetBytesAllocated: 15923011 HeapGrowthMultiplier: 3
12-18 11:31:17.931  3326  3605 I com.miui.home: CheckGCForNative gc_urgency 0.789977 current_native_bytes is 172422659
12-18 11:31:17.933  3326  3326 I com.miui.home: CheckGCForNative adj_start_bytes: 41025884 NativeAllocationGcWatermark: 11402585 java_gc_start_bytes: 23922007 kNewNativeDiscountFactor: 2 kOldNativeDiscountFactor: 65536 old_native_bytes: 139458659 new_native_bytes: 43669984 add_bytes_allowed: 34207755 is_gc_concurrent: 1 target_footprint_: 24111823 GetBytesAllocated: 15931119 HeapGrowthMultiplier: 3
12-18 11:31:17.933  3326  3326 I com.miui.home: CheckGCForNative gc_urgency 0.920595 current_native_bytes is 183128643
12-18 11:31:18.025 10037 10037 I wm_on_create_called: [0,162556393,com.yxcorp.gifshow.HomeActivity,performCreate,477]
12-18 11:31:18.045  3326  3326 I wm_on_top_resumed_lost_called: [19897820,com.miui.home.launcher.Launcher,topStateChangedWhenResumed]
12-18 11:31:18.211  3326  3742 I com.miui.home: CheckGCForNative adj_start_bytes: 41025884 NativeAllocationGcWatermark: 11402585 java_gc_start_bytes: 23922007 kNewNativeDiscountFactor: 2 kOldNativeDiscountFactor: 65536 old_native_bytes: 139458659 new_native_bytes: 22686516 add_bytes_allowed: 34207755 is_gc_concurrent: 1 target_footprint_: 24111823 GetBytesAllocated: 16626533 HeapGrowthMultiplier: 3
12-18 11:31:18.211  3326  3742 I com.miui.home: CheckGCForNative gc_urgency 0.681811 current_native_bytes is 162145175
12-18 11:31:18.247  3326  3742 I com.miui.home: CheckGCForNative adj_start_bytes: 41025884 NativeAllocationGcWatermark: 11402585 java_gc_start_bytes: 23922007 kNewNativeDiscountFactor: 2 kOldNativeDiscountFactor: 65536 old_native_bytes: 139458659 new_native_bytes: 33381364 add_bytes_allowed: 34207755 is_gc_concurrent: 1 target_footprint_: 24111823 GetBytesAllocated: 16827175 HeapGrowthMultiplier: 3
12-18 11:31:18.247  3326  3742 I com.miui.home: CheckGCForNative gc_urgency 0.817045 current_native_bytes is 172840023
12-18 11:31:18.458  3326  3326 I wm_on_paused_called: [0,19897820,com.miui.home.launcher.Launcher,performPause,2]
12-18 11:31:18.485 10037 10037 I wm_on_start_called: [0,162556393,com.yxcorp.gifshow.HomeActivity,handleStartActivity,459]
12-18 11:31:18.702  3326  3532 I com.miui.home: CheckGCForNative adj_start_bytes: 41025884 NativeAllocationGcWatermark: 11402585 java_gc_start_bytes: 23922007 kNewNativeDiscountFactor: 2 kOldNativeDiscountFactor: 65536 old_native_bytes: 139458659 new_native_bytes: 23818508 add_bytes_allowed: 34207755 is_gc_concurrent: 1 target_footprint_: 24111823 GetBytesAllocated: 18195173 HeapGrowthMultiplier: 3
12-18 11:31:18.702  3326  3532 I com.miui.home: CheckGCForNative gc_urgency 0.733843 current_native_bytes is 163277167
12-18 11:31:18.713  3326  3532 I com.miui.home: CheckGCForNative adj_start_bytes: 41025884 NativeAllocationGcWatermark: 11402585 java_gc_start_bytes: 23922007 kNewNativeDiscountFactor: 2 kOldNativeDiscountFactor: 65536 old_native_bytes: 139458659 new_native_bytes: 23893004 add_bytes_allowed: 34207755 is_gc_concurrent: 1 target_footprint_: 24111823 GetBytesAllocated: 18323760 HeapGrowthMultiplier: 3
12-18 11:31:18.713  3326  3532 I com.miui.home: CheckGCForNative gc_urgency 0.737885 current_native_bytes is 163351663
12-18 11:31:18.981  3326  3532 I com.miui.home: CheckGCForNative adj_start_bytes: 41025884 NativeAllocationGcWatermark: 11402585 java_gc_start_bytes: 23922007 kNewNativeDiscountFactor: 2 kOldNativeDiscountFactor: 65536 old_native_bytes: 139458659 new_native_bytes: 24010088 add_bytes_allowed: 34207755 is_gc_concurrent: 1 target_footprint_: 24111823 GetBytesAllocated: 19020490 HeapGrowthMultiplier: 3
12-18 11:31:18.981  3326  3532 I com.miui.home: CheckGCForNative gc_urgency 0.756295 current_native_bytes is 163468747
12-18 11:31:19.635  3326  3326 I wm_on_resume_called: [0,19897820,com.miui.home.launcher.Launcher,RESUME_ACTIVITY,7]
12-18 11:31:19.640  3326  3556 I com.miui.home: CheckGCForNative adj_start_bytes: 41025884 NativeAllocationGcWatermark: 11402585 java_gc_start_bytes: 23922007 kNewNativeDiscountFactor: 2 kOldNativeDiscountFactor: 65536 old_native_bytes: 139458659 new_native_bytes: 23909540 add_bytes_allowed: 34207755 is_gc_concurrent: 1 target_footprint_: 24111823 GetBytesAllocated: 19759312 HeapGrowthMultiplier: 3
12-18 11:31:19.640  3326  3556 I com.miui.home: CheckGCForNative gc_urgency 0.773078 current_native_bytes is 163368199
12-18 11:31:19.640  3326  3326 I wm_on_idle_called: com.miui.home.launcher.Launcher
12-18 11:31:19.832  3326  3569 I com.miui.home: CheckGCForNative adj_start_bytes: 41025884 NativeAllocationGcWatermark: 11402585 java_gc_start_bytes: 23922007 kNewNativeDiscountFactor: 2 kOldNativeDiscountFactor: 65536 old_native_bytes: 139458659 new_native_bytes: 34738828 add_bytes_allowed: 34207755 is_gc_concurrent: 1 target_footprint_: 24111823 GetBytesAllocated: 20644954 HeapGrowthMultiplier: 3
12-18 11:31:19.832  3326  3569 I com.miui.home: CheckGCForNative gc_urgency 0.926647 current_native_bytes is 174197487
12-18 11:31:19.833  3326  3605 I com.miui.home: CheckGCForNative adj_start_bytes: 41025884 NativeAllocationGcWatermark: 11402585 java_gc_start_bytes: 23922007 kNewNativeDiscountFactor: 2 kOldNativeDiscountFactor: 65536 old_native_bytes: 139458659 new_native_bytes: 45444940 add_bytes_allowed: 34207755 is_gc_concurrent: 1 target_footprint_: 24111823 GetBytesAllocated: 20654226 HeapGrowthMultiplier: 3
12-18 11:31:19.833  3326  3605 I com.miui.home: CheckGCForNative gc_urgency 1.05735 current_native_bytes is 184903599
12-18 11:31:19.833  3326  3605 I com.miui.home: CheckGCForNative requested 1
12-18 11:31:19.834  3326  3326 I com.miui.home: CheckGCForNative adj_start_bytes: 41025884 NativeAllocationGcWatermark: 11402585 java_gc_start_bytes: 23922007 kNewNativeDiscountFactor: 2 kOldNativeDiscountFactor: 65536 old_native_bytes: 139458659 new_native_bytes: 56151884 add_bytes_allowed: 34207755 is_gc_concurrent: 1 target_footprint_: 24111823 GetBytesAllocated: 20654418 HeapGrowthMultiplier: 3
12-18 11:31:19.834  3326  3326 I com.miui.home: CheckGCForNative gc_urgency 1.18785 current_native_bytes is 195610543
12-18 11:31:19.834  3326  3326 I com.miui.home: CheckGCForNative requested 1
12-18 11:31:19.838  3326  3569 I com.miui.home: CheckGCForNative adj_start_bytes: 41025884 NativeAllocationGcWatermark: 11402585 java_gc_start_bytes: 23922007 kNewNativeDiscountFactor: 2 kOldNativeDiscountFactor: 65536 old_native_bytes: 139458659 new_native_bytes: 56154444 add_bytes_allowed: 34207755 is_gc_concurrent: 1 target_footprint_: 24111823 GetBytesAllocated: 20654418 HeapGrowthMultiplier: 3
12-18 11:31:19.838  3326  3569 I com.miui.home: CheckGCForNative gc_urgency 1.18788 current_native_bytes is 195613103
12-18 11:31:19.838  3326  3569 I com.miui.home: CheckGCForNative requested 1
12-18 11:31:19.861  3326  3532 I com.miui.home: CheckGCForNative adj_start_bytes: 41025884 NativeAllocationGcWatermark: 11402585 java_gc_start_bytes: 23922007 kNewNativeDiscountFactor: 2 kOldNativeDiscountFactor: 65536 old_native_bytes: 139458659 new_native_bytes: 45474412 add_bytes_allowed: 34207755 is_gc_concurrent: 1 target_footprint_: 24111823 GetBytesAllocated: 20688598 HeapGrowthMultiplier: 3
12-18 11:31:19.861  3326  3532 I com.miui.home: CheckGCForNative gc_urgency 1.05855 current_native_bytes is 184933071
12-18 11:31:19.861  3326  3532 I com.miui.home: CheckGCForNative requested 1
12-18 11:31:20.053 10487 10487 I wm_on_create_called: [0,211885048,com.tencent.qqlive.ona.activity.SplashHomeActivity,performCreate,522]
12-18 11:31:20.080  3326  3326 I wm_on_top_resumed_gained_called: [19897820,com.miui.home.launcher.Launcher,topStateChangedWhenResumed]
12-18 11:31:20.148  3326  3352 I com.miui.home: NativeAlloc concurrent copying GC freed 174569(7847KB) AllocSpace objects, 24(672KB) LOS objects, 50% free, 11MB/23MB, paused 2.930ms,589us total 304.229ms
12-18 11:31:20.154 10487 10487 I wm_on_start_called: [0,211885048,com.tencent.qqlive.ona.activity.SplashHomeActivity,handleStartActivity,96]
12-18 11:31:20.217  3326  3532 I com.miui.home: CheckGCForNative gc_urgency 0 current_native_bytes is 138171127
12-18 11:31:20.388  3326  3326 I wm_on_top_resumed_lost_called: [19897820,com.miui.home.launcher.Launcher,topStateChangedWhenResumed]
12-18 11:31:20.391  3326  3326 I wm_on_paused_called: [0,19897820,com.miui.home.launcher.Launcher,performPause,2]
12-18 11:31:20.437 10487 10487 I wm_on_resume_called: [0,211885048,com.tencent.qqlive.ona.activity.SplashHomeActivity,RESUME_ACTIVITY,278]
12-18 11:31:20.657  3326  3742 I com.miui.home: CheckGCForNative adj_start_bytes: 41221939 NativeAllocationGcWatermark: 11423100 java_gc_start_bytes: 24087289 kNewNativeDiscountFactor: 2 kOldNativeDiscountFactor: 65536 old_native_bytes: 138171127 new_native_bytes: 377844 add_bytes_allowed: 34269300 is_gc_concurrent: 1 target_footprint_: 24275941 GetBytesAllocated: 13145093 HeapGrowthMultiplier: 3
12-18 11:31:20.657  3326  3742 I com.miui.home: CheckGCForNative gc_urgency 0.32352 current_native_bytes is 138548971
12-18 11:31:20.696  3326  3532 I com.miui.home: CheckGCForNative adj_start_bytes: 41221939 NativeAllocationGcWatermark: 11423100 java_gc_start_bytes: 24087289 kNewNativeDiscountFactor: 2 kOldNativeDiscountFactor: 65536 old_native_bytes: 138171127 new_native_bytes: 423688 add_bytes_allowed: 34269300 is_gc_concurrent: 1 target_footprint_: 24275941 GetBytesAllocated: 13296000 HeapGrowthMultiplier: 3
12-18 11:31:20.696  3326  3532 I com.miui.home: CheckGCForNative gc_urgency 0.327737 current_native_bytes is 138594815
12-18 11:31:20.755  3326  3742 I com.miui.home: CheckGCForNative adj_start_bytes: 41221939 NativeAllocationGcWatermark: 11423100 java_gc_start_bytes: 24087289 kNewNativeDiscountFactor: 2 kOldNativeDiscountFactor: 65536 old_native_bytes: 138171127 new_native_bytes: 11404168 add_bytes_allowed: 34269300 is_gc_concurrent: 1 target_footprint_: 24275941 GetBytesAllocated: 13501366 HeapGrowthMultiplier: 3
12-18 11:31:20.755  3326  3742 I com.miui.home: CheckGCForNative gc_urgency 0.465906 current_native_bytes is 149575295
12-18 11:31:20.952  3326  3532 I com.miui.home: CheckGCForNative adj_start_bytes: 41221939 NativeAllocationGcWatermark: 11423100 java_gc_start_bytes: 24087289 kNewNativeDiscountFactor: 2 kOldNativeDiscountFactor: 65536 old_native_bytes: 138171127 new_native_bytes: 914780 add_bytes_allowed: 34269300 is_gc_concurrent: 1 target_footprint_: 24275941 GetBytesAllocated: 14110973 HeapGrowthMultiplier: 3
12-18 11:31:20.952  3326  3532 I com.miui.home: CheckGCForNative gc_urgency 0.353464 current_native_bytes is 139085907
12-18 11:31:21.329 10487 10487 I wm_on_top_resumed_gained_called: [211885048,com.tencent.qqlive.ona.activity.SplashHomeActivity,topStateChangedWhenResumed]
12-18 11:31:21.387  3326  3742 I com.miui.home: CheckGCForNative adj_start_bytes: 41221939 NativeAllocationGcWatermark: 11423100 java_gc_start_bytes: 24087289 kNewNativeDiscountFactor: 2 kOldNativeDiscountFactor: 65536 old_native_bytes: 138171127 new_native_bytes: 1287652 add_bytes_allowed: 34269300 is_gc_concurrent: 1 target_footprint_: 24275941 GetBytesAllocated: 15255335 HeapGrowthMultiplier: 3
12-18 11:31:21.387  3326  3742 I com.miui.home: CheckGCForNative gc_urgency 0.385748 current_native_bytes is 139458779
12-18 11:31:21.630 10487 10487 I wm_on_top_resumed_lost_called: [211885048,com.tencent.qqlive.ona.activity.SplashHomeActivity,topStateChangedWhenResumed]
12-18 11:31:21.779  3326  3531 I com.miui.home: CheckGCForNative adj_start_bytes: 41221939 NativeAllocationGcWatermark: 11423100 java_gc_start_bytes: 24087289 kNewNativeDiscountFactor: 2 kOldNativeDiscountFactor: 65536 old_native_bytes: 138171127 new_native_bytes: 1347352 add_bytes_allowed: 34269300 is_gc_concurrent: 1 target_footprint_: 24275941 GetBytesAllocated: 15849883 HeapGrowthMultiplier: 3
12-18 11:31:21.780  3326  3531 I com.miui.home: CheckGCForNative gc_urgency 0.400895 current_native_bytes is 139518479
12-18 11:31:21.860  3326  3326 I wm_on_resume_called: [0,19897820,com.miui.home.launcher.Launcher,RESUME_ACTIVITY,4]
12-18 11:31:21.867  3326  3326 I wm_on_idle_called: com.miui.home.launcher.Launcher
12-18 11:31:21.973 11071 11071 I wm_on_create_called: [0,116976841,com.tencent.mobileqq.activity.SplashActivity,performCreate,253]
12-18 11:31:22.007 11071 11071 I wm_on_start_called: [0,116976841,com.tencent.mobileqq.activity.SplashActivity,handleStartActivity,18]
12-18 11:31:22.050  3326  3605 I com.miui.home: CheckGCForNative adj_start_bytes: 41221939 NativeAllocationGcWatermark: 11423100 java_gc_start_bytes: 24087289 kNewNativeDiscountFactor: 2 kOldNativeDiscountFactor: 65536 old_native_bytes: 138171127 new_native_bytes: 12233392 add_bytes_allowed: 34269300 is_gc_concurrent: 1 target_footprint_: 24275941 GetBytesAllocated: 16934935 HeapGrowthMultiplier: 3
12-18 11:31:22.050  3326  3605 I com.miui.home: CheckGCForNative gc_urgency 0.559259 current_native_bytes is 150404519
12-18 11:31:22.052  3326  3739 I com.miui.home: CheckGCForNative adj_start_bytes: 41221939 NativeAllocationGcWatermark: 11423100 java_gc_start_bytes: 24087289 kNewNativeDiscountFactor: 2 kOldNativeDiscountFactor: 65536 old_native_bytes: 138171127 new_native_bytes: 22939312 add_bytes_allowed: 34269300 is_gc_concurrent: 1 target_footprint_: 24275941 GetBytesAllocated: 16934935 HeapGrowthMultiplier: 3
12-18 11:31:22.052  3326  3739 I com.miui.home: CheckGCForNative gc_urgency 0.689116 current_native_bytes is 161110439
12-18 11:31:22.053  3326  3326 I com.miui.home: CheckGCForNative adj_start_bytes: 41221939 NativeAllocationGcWatermark: 11423100 java_gc_start_bytes: 24087289 kNewNativeDiscountFactor: 2 kOldNativeDiscountFactor: 65536 old_native_bytes: 138171127 new_native_bytes: 33646640 add_bytes_allowed: 34269300 is_gc_concurrent: 1 target_footprint_: 24275941 GetBytesAllocated: 16943643 HeapGrowthMultiplier: 3
12-18 11:31:22.053  3326  3326 I com.miui.home: CheckGCForNative gc_urgency 0.819201 current_native_bytes is 171817767
12-18 11:31:22.053  3326  3605 I com.miui.home: CheckGCForNative adj_start_bytes: 41221939 NativeAllocationGcWatermark: 11423100 java_gc_start_bytes: 24087289 kNewNativeDiscountFactor: 2 kOldNativeDiscountFactor: 65536 old_native_bytes: 138171127 new_native_bytes: 33648048 add_bytes_allowed: 34269300 is_gc_concurrent: 1 target_footprint_: 24275941 GetBytesAllocated: 16947622 HeapGrowthMultiplier: 3
12-18 11:31:22.053  3326  3605 I com.miui.home: CheckGCForNative gc_urgency 0.819315 current_native_bytes is 171819175
12-18 11:31:22.058 11071 11071 I wm_on_resume_called: [0,116976841,com.tencent.mobileqq.activity.SplashActivity,RESUME_ACTIVITY,49]
12-18 11:31:22.227 11071 11071 I wm_on_top_resumed_gained_called: [116976841,com.tencent.mobileqq.activity.SplashActivity,topStateChangedWhenResumed]
12-18 11:31:22.232 11071 11071 I wm_on_top_resumed_lost_called: [116976841,com.tencent.mobileqq.activity.SplashActivity,topStateChangedWhenResumed]
12-18 11:31:22.234  3326  3326 I wm_on_top_resumed_gained_called: [19897820,com.miui.home.launcher.Launcher,topStateChangedWhenResumed]
12-18 11:31:22.244  3326  3532 I com.miui.home: CheckGCForNative adj_start_bytes: 41221939 NativeAllocationGcWatermark: 11423100 java_gc_start_bytes: 24087289 kNewNativeDiscountFactor: 2 kOldNativeDiscountFactor: 65536 old_native_bytes: 138171127 new_native_bytes: 22952240 add_bytes_allowed: 34269300 is_gc_concurrent: 1 target_footprint_: 24275941 GetBytesAllocated: 17054807 HeapGrowthMultiplier: 3
12-18 11:31:22.244  3326  3532 I com.miui.home: CheckGCForNative gc_urgency 0.692181 current_native_bytes is 161123367
12-18 11:31:22.478  3326  3532 I com.miui.home: CheckGCForNative adj_start_bytes: 41221939 NativeAllocationGcWatermark: 11423100 java_gc_start_bytes: 24087289 kNewNativeDiscountFactor: 2 kOldNativeDiscountFactor: 65536 old_native_bytes: 138171127 new_native_bytes: 22967984 add_bytes_allowed: 34269300 is_gc_concurrent: 1 target_footprint_: 24275941 GetBytesAllocated: 17145902 HeapGrowthMultiplier: 3
12-18 11:31:22.478  3326  3532 I com.miui.home: CheckGCForNative gc_urgency 0.694582 current_native_bytes is 161139111
12-18 11:31:22.545  3326  3739 I com.miui.home: CheckGCForNative adj_start_bytes: 41221939 NativeAllocationGcWatermark: 11423100 java_gc_start_bytes: 24087289 kNewNativeDiscountFactor: 2 kOldNativeDiscountFactor: 65536 old_native_bytes: 138171127 new_native_bytes: 33669168 add_bytes_allowed: 34269300 is_gc_concurrent: 1 target_footprint_: 24275941 GetBytesAllocated: 17166034 HeapGrowthMultiplier: 3
12-18 11:31:22.545  3326  3739 I com.miui.home: CheckGCForNative gc_urgency 0.82487 current_native_bytes is 171840295
12-18 11:31:22.545  3326  3326 I com.miui.home: CheckGCForNative adj_start_bytes: 41221939 NativeAllocationGcWatermark: 11423100 java_gc_start_bytes: 24087289 kNewNativeDiscountFactor: 2 kOldNativeDiscountFactor: 65536 old_native_bytes: 138171127 new_native_bytes: 44376112 add_bytes_allowed: 34269300 is_gc_concurrent: 1 target_footprint_: 24275941 GetBytesAllocated: 17172995 HeapGrowthMultiplier: 3
12-18 11:31:22.545  3326  3326 I com.miui.home: CheckGCForNative gc_urgency 0.954908 current_native_bytes is 182547239
12-18 11:31:22.546  3326  3531 I com.miui.home: CheckGCForNative adj_start_bytes: 41221939 NativeAllocationGcWatermark: 11423100 java_gc_start_bytes: 24087289 kNewNativeDiscountFactor: 2 kOldNativeDiscountFactor: 65536 old_native_bytes: 138171127 new_native_bytes: 44339440 add_bytes_allowed: 34269300 is_gc_concurrent: 1 target_footprint_: 24275941 GetBytesAllocated: 17172995 HeapGrowthMultiplier: 3
12-18 11:31:22.546  3326  3531 I com.miui.home: CheckGCForNative gc_urgency 0.954463 current_native_bytes is 182510567
12-18 11:31:22.611 11071 11071 I wm_on_paused_called: [0,116976841,com.tencent.mobileqq.activity.SplashActivity,performPause,2]
12-18 11:31:22.696 11071 11071 I wm_on_idle_called: com.tencent.mobileqq.activity.SplashActivity
12-18 11:31:22.779 11071 11071 I wm_on_stop_called: [0,116976841,com.tencent.mobileqq.activity.SplashActivity,STOP_ACTIVITY_ITEM,22]
12-18 11:31:22.812  3326  3326 I wm_on_top_resumed_lost_called: [19897820,com.miui.home.launcher.Launcher,topStateChangedWhenResumed]
12-18 11:31:22.844  3326  3326 I wm_on_paused_called: [0,19897820,com.miui.home.launcher.Launcher,performPause,2]
12-18 11:31:22.950  3326  3518 I com.miui.home: CheckGCForNative adj_start_bytes: 41221939 NativeAllocationGcWatermark: 11423100 java_gc_start_bytes: 24087289 kNewNativeDiscountFactor: 2 kOldNativeDiscountFactor: 65536 old_native_bytes: 138171127 new_native_bytes: 33821176 add_bytes_allowed: 34269300 is_gc_concurrent: 1 target_footprint_: 24275941 GetBytesAllocated: 17571201 HeapGrowthMultiplier: 3
12-18 11:31:22.950  3326  3518 I com.miui.home: CheckGCForNative gc_urgency 0.836542 current_native_bytes is 171992303
12-18 11:31:23.099 10487 10487 I wm_on_paused_called: [0,211885048,com.tencent.qqlive.ona.activity.SplashHomeActivity,performPause,219]
12-18 11:31:23.268  3326  3742 I com.miui.home: CheckGCForNative adj_start_bytes: 41221939 NativeAllocationGcWatermark: 11423100 java_gc_start_bytes: 24087289 kNewNativeDiscountFactor: 2 kOldNativeDiscountFactor: 65536 old_native_bytes: 138171127 new_native_bytes: 45217524 add_bytes_allowed: 34269300 is_gc_concurrent: 1 target_footprint_: 24275941 GetBytesAllocated: 18316509 HeapGrowthMultiplier: 3
12-18 11:31:23.268  3326  3742 I com.miui.home: CheckGCForNative gc_urgency 0.992854 current_native_bytes is 183388651
12-18 11:31:23.313  3326  3532 I com.miui.home: CheckGCForNative adj_start_bytes: 41221939 NativeAllocationGcWatermark: 11423100 java_gc_start_bytes: 24087289 kNewNativeDiscountFactor: 2 kOldNativeDiscountFactor: 65536 old_native_bytes: 138171127 new_native_bytes: 34538676 add_bytes_allowed: 34269300 is_gc_concurrent: 1 target_footprint_: 24275941 GetBytesAllocated: 18609928 HeapGrowthMultiplier: 3
12-18 11:31:23.313  3326  3532 I com.miui.home: CheckGCForNative gc_urgency 0.870444 current_native_bytes is 172709803
12-18 11:31:23.402 11071 11071 I wm_on_destroy_called: [0,116976841,com.tencent.mobileqq.activity.SplashActivity,performDestroy,153]
12-18 11:31:23.547  3326  3532 I com.miui.home: CheckGCForNative adj_start_bytes: 41221939 NativeAllocationGcWatermark: 11423100 java_gc_start_bytes: 24087289 kNewNativeDiscountFactor: 2 kOldNativeDiscountFactor: 65536 old_native_bytes: 138171127 new_native_bytes: 34854888 add_bytes_allowed: 34269300 is_gc_concurrent: 1 target_footprint_: 24275941 GetBytesAllocated: 19006897 HeapGrowthMultiplier: 3
12-18 11:31:23.547  3326  3532 I com.miui.home: CheckGCForNative gc_urgency 0.883909 current_native_bytes is 173026015
12-18 11:31:23.592  3326  3532 I com.miui.home: CheckGCForNative adj_start_bytes: 41221939 NativeAllocationGcWatermark: 11423100 java_gc_start_bytes: 24087289 kNewNativeDiscountFactor: 2 kOldNativeDiscountFactor: 65536 old_native_bytes: 138171127 new_native_bytes: 34853352 add_bytes_allowed: 34269300 is_gc_concurrent: 1 target_footprint_: 24275941 GetBytesAllocated: 19015320 HeapGrowthMultiplier: 3
12-18 11:31:23.592  3326  3532 I com.miui.home: CheckGCForNative gc_urgency 0.884095 current_native_bytes is 173024479
12-18 11:31:23.746 11518 11518 I wm_on_application_create_called: [0,com.xiaomi.bluetooth,315]
12-18 11:31:23.941 11568 11568 I wm_on_application_create_called: [0,com.dragon.read,294]
12-18 11:31:24.103  3326  3326 I wm_on_resume_called: [0,19897820,com.miui.home.launcher.Launcher,RESUME_ACTIVITY,6]
12-18 11:31:24.116  3326  3326 I wm_on_idle_called: com.miui.home.launcher.Launcher
12-18 11:31:24.277 11568 11568 I wm_on_create_called: [0,132868523,com.dragon.read.pages.splash.SplashActivity,performCreate,318]
12-18 11:31:24.305  3326  3605 I com.miui.home: CheckGCForNative adj_start_bytes: 41221939 NativeAllocationGcWatermark: 11423100 java_gc_start_bytes: 24087289 kNewNativeDiscountFactor: 2 kOldNativeDiscountFactor: 65536 old_native_bytes: 138171127 new_native_bytes: 45559656 add_bytes_allowed: 34269300 is_gc_concurrent: 1 target_footprint_: 24275941 GetBytesAllocated: 20639382 HeapGrowthMultiplier: 3
12-18 11:31:24.305  3326  3605 I com.miui.home: CheckGCForNative gc_urgency 1.05335 current_native_bytes is 183730783
12-18 11:31:24.305  3326  3605 I com.miui.home: CheckGCForNative requested 1
12-18 11:31:24.306  3326  3605 I com.miui.home: CheckGCForNative adj_start_bytes: 41221939 NativeAllocationGcWatermark: 11423100 java_gc_start_bytes: 24087289 kNewNativeDiscountFactor: 2 kOldNativeDiscountFactor: 65536 old_native_bytes: 138171127 new_native_bytes: 56266600 add_bytes_allowed: 34269300 is_gc_concurrent: 1 target_footprint_: 24275941 GetBytesAllocated: 20643399 HeapGrowthMultiplier: 3
12-18 11:31:24.306  3326  3605 I com.miui.home: CheckGCForNative gc_urgency 1.18332 current_native_bytes is 194437727
12-18 11:31:24.306  3326  3605 I com.miui.home: CheckGCForNative requested 1
12-18 11:31:24.319 11568 11568 I wm_on_start_called: [0,132868523,com.dragon.read.pages.splash.SplashActivity,handleStartActivity,7]
12-18 11:31:24.319  3326  3605 I com.miui.home: CheckGCForNative adj_start_bytes: 41221939 NativeAllocationGcWatermark: 11423100 java_gc_start_bytes: 24087289 kNewNativeDiscountFactor: 2 kOldNativeDiscountFactor: 65536 old_native_bytes: 138171127 new_native_bytes: 56265800 add_bytes_allowed: 34269300 is_gc_concurrent: 1 target_footprint_: 24275941 GetBytesAllocated: 20675868 HeapGrowthMultiplier: 3
12-18 11:31:24.319  3326  3605 I com.miui.home: CheckGCForNative gc_urgency 1.1841 current_native_bytes is 194436927
12-18 11:31:24.319  3326  3605 I com.miui.home: CheckGCForNative requested 1
12-18 11:31:24.358 11568 11568 I wm_on_resume_called: [0,132868523,com.dragon.read.pages.splash.SplashActivity,RESUME_ACTIVITY,27]
12-18 11:31:24.367 11568 11568 I wm_on_top_resumed_gained_called: [132868523,com.dragon.read.pages.splash.SplashActivity,topStateChangedWhenResumed]
12-18 11:31:24.370 11568 11568 I wm_on_top_resumed_lost_called: [132868523,com.dragon.read.pages.splash.SplashActivity,topStateChangedWhenResumed]
12-18 11:31:24.406  3326  3326 I wm_on_top_resumed_gained_called: [19897820,com.miui.home.launcher.Launcher,topStateChangedWhenResumed]
12-18 11:31:24.495  3326  3352 I com.miui.home: NativeAlloc concurrent copying GC freed 172834(7749KB) AllocSpace objects, 26(736KB) LOS objects, 49% free, 11MB/23MB, paused 177us,24us total 179.247ms
12-18 11:31:24.505  3326  3532 I com.miui.home: CheckGCForNative gc_urgency 0 current_native_bytes is 183655987
12-18 11:31:24.583  3326  3532 I com.miui.home: CheckGCForNative gc_urgency 0 current_native_bytes is 136417027
12-18 11:31:24.661 11568 11568 I wm_on_idle_called: com.dragon.read.pages.splash.SplashActivity
12-18 11:31:24.778  3326  3739 I com.miui.home: CheckGCForNative adj_start_bytes: 41232325 NativeAllocationGcWatermark: 11419059 java_gc_start_bytes: 24103737 kNewNativeDiscountFactor: 2 kOldNativeDiscountFactor: 65536 old_native_bytes: 136417027 new_native_bytes: 10702848 add_bytes_allowed: 34257177 is_gc_concurrent: 1 target_footprint_: 24243615 GetBytesAllocated: 12288136 HeapGrowthMultiplier: 3
12-18 11:31:24.778  3326  3739 I com.miui.home: CheckGCForNative gc_urgency 0.427859 current_native_bytes is 147119875
12-18 11:31:24.779  3326  3326 I com.miui.home: CheckGCForNative adj_start_bytes: 41232325 NativeAllocationGcWatermark: 11419059 java_gc_start_bytes: 24103737 kNewNativeDiscountFactor: 2 kOldNativeDiscountFactor: 65536 old_native_bytes: 136417027 new_native_bytes: 21410112 add_bytes_allowed: 34257177 is_gc_concurrent: 1 target_footprint_: 24243615 GetBytesAllocated: 12288328 HeapGrowthMultiplier: 3
12-18 11:31:24.779  3326  3326 I com.miui.home: CheckGCForNative gc_urgency 0.557705 current_native_bytes is 157827139
12-18 11:31:24.783  3326  3531 I com.miui.home: CheckGCForNative adj_start_bytes: 41232325 NativeAllocationGcWatermark: 11419059 java_gc_start_bytes: 24103737 kNewNativeDiscountFactor: 2 kOldNativeDiscountFactor: 65536 old_native_bytes: 136417027 new_native_bytes: 21411648 add_bytes_allowed: 34257177 is_gc_concurrent: 1 target_footprint_: 24243615 GetBytesAllocated: 12288328 HeapGrowthMultiplier: 3
12-18 11:31:24.783  3326  3531 I com.miui.home: CheckGCForNative gc_urgency 0.557723 current_native_bytes is 157828675
12-18 11:31:24.792 11568 11568 I wm_on_paused_called: [0,132868523,com.dragon.read.pages.splash.SplashActivity,performPause,5]
12-18 11:31:24.863 11568 11568 I wm_on_stop_called: [0,132868523,com.dragon.read.pages.splash.SplashActivity,STOP_ACTIVITY_ITEM,9]
12-18 11:31:24.972  3326  3326 I wm_on_top_resumed_lost_called: [19897820,com.miui.home.launcher.Launcher,topStateChangedWhenResumed]
12-18 11:31:24.985  3326  3326 I wm_on_paused_called: [0,19897820,com.miui.home.launcher.Launcher,performPause,2]
12-18 11:31:25.061 10487 10487 I wm_on_stop_called: [0,211885048,com.tencent.qqlive.ona.activity.SplashHomeActivity,STOP_ACTIVITY_ITEM,340]
12-18 11:31:25.088  3326  3742 I com.miui.home: CheckGCForNative adj_start_bytes: 41232325 NativeAllocationGcWatermark: 11419059 java_gc_start_bytes: 24103737 kNewNativeDiscountFactor: 2 kOldNativeDiscountFactor: 65536 old_native_bytes: 136417027 new_native_bytes: 11241112 add_bytes_allowed: 34257177 is_gc_concurrent: 1 target_footprint_: 24243615 GetBytesAllocated: 13042494 HeapGrowthMultiplier: 3
12-18 11:31:25.088  3326  3742 I com.miui.home: CheckGCForNative gc_urgency 0.452682 current_native_bytes is 147658139
12-18 11:31:25.223  3326  3742 I com.miui.home: CheckGCForNative adj_start_bytes: 41232325 NativeAllocationGcWatermark: 11419059 java_gc_start_bytes: 24103737 kNewNativeDiscountFactor: 2 kOldNativeDiscountFactor: 65536 old_native_bytes: 136417027 new_native_bytes: 22349044 add_bytes_allowed: 34257177 is_gc_concurrent: 1 target_footprint_: 24243615 GetBytesAllocated: 13507703 HeapGrowthMultiplier: 3
12-18 11:31:25.223  3326  3742 I com.miui.home: CheckGCForNative gc_urgency 0.598664 current_native_bytes is 158766071
12-18 11:31:25.374  3326  3532 I com.miui.home: CheckGCForNative adj_start_bytes: 41232325 NativeAllocationGcWatermark: 11419059 java_gc_start_bytes: 24103737 kNewNativeDiscountFactor: 2 kOldNativeDiscountFactor: 65536 old_native_bytes: 136417027 new_native_bytes: 12124712 add_bytes_allowed: 34257177 is_gc_concurrent: 1 target_footprint_: 24243615 GetBytesAllocated: 14207722 HeapGrowthMultiplier: 3
12-18 11:31:25.374  3326  3532 I com.miui.home: CheckGCForNative gc_urgency 0.491657 current_native_bytes is 148541739
12-18 11:31:25.474  3326  3532 I com.miui.home: CheckGCForNative adj_start_bytes: 41232325 NativeAllocationGcWatermark: 11419059 java_gc_start_bytes: 24103737 kNewNativeDiscountFactor: 2 kOldNativeDiscountFactor: 65536 old_native_bytes: 136417027 new_native_bytes: 12134008 add_bytes_allowed: 34257177 is_gc_concurrent: 1 target_footprint_: 24243615 GetBytesAllocated: 14236223 HeapGrowthMultiplier: 3
12-18 11:31:25.474  3326  3532 I com.miui.home: CheckGCForNative gc_urgency 0.492461 current_native_bytes is 148551035
12-18 11:31:25.730  3326  3532 I com.miui.home: CheckGCForNative adj_start_bytes: 41232325 NativeAllocationGcWatermark: 11419059 java_gc_start_bytes: 24103737 kNewNativeDiscountFactor: 2 kOldNativeDiscountFactor: 65536 old_native_bytes: 136417027 new_native_bytes: 12156960 add_bytes_allowed: 34257177 is_gc_concurrent: 1 target_footprint_: 24243615 GetBytesAllocated: 14326211 HeapGrowthMultiplier: 3
12-18 11:31:25.730  3326  3532 I com.miui.home: CheckGCForNative gc_urgency 0.494922 current_native_bytes is 148573987
12-18 11:31:26.247 11824 11824 I wm_on_application_create_called: [0,com.taobao.taobao,518]
12-18 11:31:26.395  3326  3326 I wm_on_resume_called: [0,19897820,com.miui.home.launcher.Launcher,RESUME_ACTIVITY,4]
12-18 11:31:26.479  3326  3326 I wm_on_idle_called: com.miui.home.launcher.Launcher
12-18 11:31:26.603  3326  3770 I com.miui.home: CheckGCForNative adj_start_bytes: 41232325 NativeAllocationGcWatermark: 11419059 java_gc_start_bytes: 24103737 kNewNativeDiscountFactor: 2 kOldNativeDiscountFactor: 65536 old_native_bytes: 136417027 new_native_bytes: 22811064 add_bytes_allowed: 34257177 is_gc_concurrent: 1 target_footprint_: 24243615 GetBytesAllocated: 15950326 HeapGrowthMultiplier: 3
12-18 11:31:26.604  3326  3770 I com.miui.home: CheckGCForNative gc_urgency 0.663507 current_native_bytes is 159228091
12-18 11:31:26.615  3326  3770 I com.miui.home: CheckGCForNative adj_start_bytes: 41232325 NativeAllocationGcWatermark: 11419059 java_gc_start_bytes: 24103737 kNewNativeDiscountFactor: 2 kOldNativeDiscountFactor: 65536 old_native_bytes: 136417027 new_native_bytes: 33518200 add_bytes_allowed: 34257177 is_gc_concurrent: 1 target_footprint_: 24243615 GetBytesAllocated: 15950518 HeapGrowthMultiplier: 3
12-18 11:31:26.621  3326  3770 I com.miui.home: CheckGCForNative gc_urgency 0.793351 current_native_bytes is 169935227
12-18 11:31:26.659  3326  3739 I com.miui.home: CheckGCForNative adj_start_bytes: 41232325 NativeAllocationGcWatermark: 11419059 java_gc_start_bytes: 24103737 kNewNativeDiscountFactor: 2 kOldNativeDiscountFactor: 65536 old_native_bytes: 136417027 new_native_bytes: 33509480 add_bytes_allowed: 34257177 is_gc_concurrent: 1 target_footprint_: 24243615 GetBytesAllocated: 15986706 HeapGrowthMultiplier: 3
12-18 11:31:26.659  3326  3739 I com.miui.home: CheckGCForNative gc_urgency 0.794123 current_native_bytes is 169926507
12-18 11:31:26.666  3326  3532 I com.miui.home: CheckGCForNative adj_start_bytes: 41232325 NativeAllocationGcWatermark: 11419059 java_gc_start_bytes: 24103737 kNewNativeDiscountFactor: 2 kOldNativeDiscountFactor: 65536 old_native_bytes: 136417027 new_native_bytes: 22805032 add_bytes_allowed: 34257177 is_gc_concurrent: 1 target_footprint_: 24243615 GetBytesAllocated: 15997186 HeapGrowthMultiplier: 3
12-18 11:31:26.666  3326  3532 I com.miui.home: CheckGCForNative gc_urgency 0.66457 current_native_bytes is 159222059
12-18 11:31:26.675 11824 11824 I wm_on_create_called: [0,51684365,com.taobao.tao.welcome.Welcome,performCreate,396]
12-18 11:31:26.800  3326  3532 I com.miui.home: CheckGCForNative adj_start_bytes: 41232325 NativeAllocationGcWatermark: 11419059 java_gc_start_bytes: 24103737 kNewNativeDiscountFactor: 2 kOldNativeDiscountFactor: 65536 old_native_bytes: 136417027 new_native_bytes: 22817192 add_bytes_allowed: 34257177 is_gc_concurrent: 1 target_footprint_: 24243615 GetBytesAllocated: 16084274 HeapGrowthMultiplier: 3
12-18 11:31:26.800  3326  3532 I com.miui.home: CheckGCForNative gc_urgency 0.66683 current_native_bytes is 159234219
12-18 11:31:26.885  3326  3326 I wm_on_top_resumed_gained_called: [19897820,com.miui.home.launcher.Launcher,topStateChangedWhenResumed]
12-18 11:31:27.008 11824 11824 I wm_on_start_called: [0,51684365,com.taobao.tao.welcome.Welcome,handleStartActivity,333]
12-18 11:31:27.101  3326  3531 I com.miui.home: CheckGCForNative adj_start_bytes: 41232325 NativeAllocationGcWatermark: 11419059 java_gc_start_bytes: 24103737 kNewNativeDiscountFactor: 2 kOldNativeDiscountFactor: 65536 old_native_bytes: 136417027 new_native_bytes: 33534568 add_bytes_allowed: 34257177 is_gc_concurrent: 1 target_footprint_: 24243615 GetBytesAllocated: 16222987 HeapGrowthMultiplier: 3
12-18 11:31:27.101  3326  3531 I com.miui.home: CheckGCForNative gc_urgency 0.800157 current_native_bytes is 169951595
12-18 11:31:27.102  3326  3531 I com.miui.home: CheckGCForNative adj_start_bytes: 41232325 NativeAllocationGcWatermark: 11419059 java_gc_start_bytes: 24103737 kNewNativeDiscountFactor: 2 kOldNativeDiscountFactor: 65536 old_native_bytes: 136417027 new_native_bytes: 44241512 add_bytes_allowed: 34257177 is_gc_concurrent: 1 target_footprint_: 24243615 GetBytesAllocated: 16229301 HeapGrowthMultiplier: 3
12-18 11:31:27.102  3326  3531 I com.miui.home: CheckGCForNative gc_urgency 0.930147 current_native_bytes is 180658539
12-18 11:31:27.102  3326  3569 I com.miui.home: CheckGCForNative adj_start_bytes: 41232325 NativeAllocationGcWatermark: 11419059 java_gc_start_bytes: 24103737 kNewNativeDiscountFactor: 2 kOldNativeDiscountFactor: 65536 old_native_bytes: 136417027 new_native_bytes: 44241512 add_bytes_allowed: 34257177 is_gc_concurrent: 1 target_footprint_: 24243615 GetBytesAllocated: 16245685 HeapGrowthMultiplier: 3
12-18 11:31:27.102  3326  3569 I com.miui.home: CheckGCForNative gc_urgency 0.930545 current_native_bytes is 180658539
12-18 11:31:27.135 11824 11824 I wm_on_resume_called: [0,51684365,com.taobao.tao.welcome.Welcome,RESUME_ACTIVITY,115]
12-18 11:31:27.231  3326  3326 I wm_on_top_resumed_lost_called: [19897820,com.miui.home.launcher.Launcher,topStateChangedWhenResumed]
12-18 11:31:27.409  3326  3742 I com.miui.home: CheckGCForNative adj_start_bytes: 41232325 NativeAllocationGcWatermark: 11419059 java_gc_start_bytes: 24103737 kNewNativeDiscountFactor: 2 kOldNativeDiscountFactor: 65536 old_native_bytes: 136417027 new_native_bytes: 33658256 add_bytes_allowed: 34257177 is_gc_concurrent: 1 target_footprint_: 24243615 GetBytesAllocated: 16965504 HeapGrowthMultiplier: 3
12-18 11:31:27.409  3326  3742 I com.miui.home: CheckGCForNative gc_urgency 0.819665 current_native_bytes is 170075283
12-18 11:31:27.423 11824 11824 I wm_on_top_resumed_gained_called: [51684365,com.taobao.tao.welcome.Welcome,topStateChangedWhenResumed]
12-18 11:31:27.438 11824 11824 I wm_on_top_resumed_lost_called: [51684365,com.taobao.tao.welcome.Welcome,topStateChangedWhenResumed]
12-18 11:31:27.463  3326  3742 I com.miui.home: CheckGCForNative adj_start_bytes: 41232325 NativeAllocationGcWatermark: 11419059 java_gc_start_bytes: 24103737 kNewNativeDiscountFactor: 2 kOldNativeDiscountFactor: 65536 old_native_bytes: 136417027 new_native_bytes: 44490628 add_bytes_allowed: 34257177 is_gc_concurrent: 1 target_footprint_: 24243615 GetBytesAllocated: 17248376 HeapGrowthMultiplier: 3
12-18 11:31:27.463  3326  3742 I com.miui.home: CheckGCForNative gc_urgency 0.957884 current_native_bytes is 180907655
12-18 11:31:27.621  3326  3326 I wm_on_paused_called: [0,19897820,com.miui.home.launcher.Launcher,performPause,2]
12-18 11:31:27.791  3326  3532 I com.miui.home: CheckGCForNative adj_start_bytes: 41232325 NativeAllocationGcWatermark: 11419059 java_gc_start_bytes: 24103737 kNewNativeDiscountFactor: 2 kOldNativeDiscountFactor: 65536 old_native_bytes: 136417027 new_native_bytes: 34317020 add_bytes_allowed: 34257177 is_gc_concurrent: 1 target_footprint_: 24243615 GetBytesAllocated: 17786487 HeapGrowthMultiplier: 3
12-18 11:31:27.791  3326  3532 I com.miui.home: CheckGCForNative gc_urgency 0.847565 current_native_bytes is 170734047
12-18 11:31:27.826  3326  3742 I com.miui.home: CheckGCForNative adj_start_bytes: 41232325 NativeAllocationGcWatermark: 11419059 java_gc_start_bytes: 24103737 kNewNativeDiscountFactor: 2 kOldNativeDiscountFactor: 65536 old_native_bytes: 136417027 new_native_bytes: 34516624 add_bytes_allowed: 34257177 is_gc_concurrent: 1 target_footprint_: 24243615 GetBytesAllocated: 17920244 HeapGrowthMultiplier: 3
12-18 11:31:27.826  3326  3742 I com.miui.home: CheckGCForNative gc_urgency 0.85323 current_native_bytes is 170933651
12-18 11:31:27.950 10786 10786 I wm_on_create_called: [0,114925056,com.tencent.mm.ui.LauncherUI,performCreate,250]
12-18 11:31:27.978 10786 10786 I wm_on_start_called: [0,114925056,com.tencent.mm.ui.LauncherUI,handleStartActivity,17]
12-18 11:31:28.024 10786 10786 I wm_on_resume_called: [0,114925056,com.tencent.mm.ui.LauncherUI,RESUME_ACTIVITY,43]
12-18 11:31:28.047  3326  3532 I com.miui.home: CheckGCForNative adj_start_bytes: 41232325 NativeAllocationGcWatermark: 11419059 java_gc_start_bytes: 24103737 kNewNativeDiscountFactor: 2 kOldNativeDiscountFactor: 65536 old_native_bytes: 136417027 new_native_bytes: 34820132 add_bytes_allowed: 34257177 is_gc_concurrent: 1 target_footprint_: 24243615 GetBytesAllocated: 18813518 HeapGrowthMultiplier: 3
12-18 11:31:28.047  3326  3532 I com.miui.home: CheckGCForNative gc_urgency 0.878574 current_native_bytes is 171237159
12-18 11:31:28.069 10786 10786 I wm_on_top_resumed_gained_called: [114925056,com.tencent.mm.ui.LauncherUI,topStateChangedWhenResumed]
12-18 11:31:28.072 10786 10786 I wm_on_top_resumed_lost_called: [114925056,com.tencent.mm.ui.LauncherUI,topStateChangedWhenResumed]
12-18 11:31:28.079 10786 10786 I wm_on_paused_called: [0,114925056,com.tencent.mm.ui.LauncherUI,performPause,7]
12-18 11:31:28.306 10786 10786 I wm_on_create_called: [0,75563655,com.tencent.mm.plugin.account.ui.WelcomeActivity,performCreate,41]
12-18 11:31:28.308 10786 10786 I wm_on_start_called: [0,75563655,com.tencent.mm.plugin.account.ui.WelcomeActivity,handleStartActivity,1]
12-18 11:31:28.313 10786 10786 I wm_on_resume_called: [0,75563655,com.tencent.mm.plugin.account.ui.WelcomeActivity,RESUME_ACTIVITY,4]
12-18 11:31:28.321 10786 10786 I wm_on_top_resumed_gained_called: [75563655,com.tencent.mm.plugin.account.ui.WelcomeActivity,topStateChangedWhenResumed]
12-18 11:31:28.472  3326  3326 I wm_on_stop_called: [0,19897820,com.miui.home.launcher.Launcher,STOP_ACTIVITY_ITEM,6]
12-18 11:31:28.483 10786 10786 I wm_on_stop_called: [0,114925056,com.tencent.mm.ui.LauncherUI,STOP_ACTIVITY_ITEM,3]
12-18 11:31:28.612  3326  3326 I wm_on_restart_called: [0,19897820,com.miui.home.launcher.Launcher,,0]
12-18 11:31:28.616  3326  3326 I wm_on_start_called: [0,19897820,com.miui.home.launcher.Launcher,handleStartActivity,4]
12-18 11:31:28.621  3326  3326 I wm_on_resume_called: [0,19897820,com.miui.home.launcher.Launcher,RESUME_ACTIVITY,4]
12-18 11:31:28.625 10786 10786 I wm_on_top_resumed_lost_called: [75563655,com.tencent.mm.plugin.account.ui.WelcomeActivity,topStateChangedWhenResumed]
12-18 11:31:28.634  3326  7971 I com.miui.home: CheckGCForNative adj_start_bytes: 41232325 NativeAllocationGcWatermark: 11419059 java_gc_start_bytes: 24103737 kNewNativeDiscountFactor: 2 kOldNativeDiscountFactor: 65536 old_native_bytes: 136417027 new_native_bytes: 35216884 add_bytes_allowed: 34257177 is_gc_concurrent: 1 target_footprint_: 24243615 GetBytesAllocated: 20985019 HeapGrowthMultiplier: 3
12-18 11:31:28.634  3326  7971 I com.miui.home: CheckGCForNative gc_urgency 0.936051 current_native_bytes is 171633911
12-18 11:31:28.660  3326  3326 I wm_on_top_resumed_gained_called: [19897820,com.miui.home.launcher.Launcher,topStateChangedWhenResumed]
12-18 11:31:28.660  3326  3326 I wm_on_idle_called: com.miui.home.launcher.Launcher
12-18 11:31:28.737 12425 12425 I wm_on_application_create_called: [0,com.tencent.mm,410]
12-18 11:31:28.780  3326  3770 I com.miui.home: CheckGCForNative adj_start_bytes: 41232325 NativeAllocationGcWatermark: 11419059 java_gc_start_bytes: 24103737 kNewNativeDiscountFactor: 2 kOldNativeDiscountFactor: 65536 old_native_bytes: 136417027 new_native_bytes: 46082984 add_bytes_allowed: 34257177 is_gc_concurrent: 1 target_footprint_: 24243615 GetBytesAllocated: 21660203 HeapGrowthMultiplier: 3
12-18 11:31:28.781  3326  3770 I com.miui.home: CheckGCForNative gc_urgency 1.08419 current_native_bytes is 182500011
12-18 11:31:28.781  3326  3569 I com.miui.home: CheckGCForNative adj_start_bytes: 41232325 NativeAllocationGcWatermark: 11419059 java_gc_start_bytes: 24103737 kNewNativeDiscountFactor: 2 kOldNativeDiscountFactor: 65536 old_native_bytes: 136417027 new_native_bytes: 56788904 add_bytes_allowed: 34257177 is_gc_concurrent: 1 target_footprint_: 24243615 GetBytesAllocated: 21660203 HeapGrowthMultiplier: 3
12-18 11:31:28.781  3326  3770 I com.miui.home: CheckGCForNative requested 1
12-18 11:31:28.781  3326  3569 I com.miui.home: CheckGCForNative gc_urgency 1.21402 current_native_bytes is 193205931
12-18 11:31:28.782  3326  3569 I com.miui.home: CheckGCForNative requested 1
12-18 11:31:28.782  3326  3770 I com.miui.home: CheckGCForNative adj_start_bytes: 41232325 NativeAllocationGcWatermark: 11419059 java_gc_start_bytes: 24103737 kNewNativeDiscountFactor: 2 kOldNativeDiscountFactor: 65536 old_native_bytes: 136417027 new_native_bytes: 67495848 add_bytes_allowed: 34257177 is_gc_concurrent: 1 target_footprint_: 24243615 GetBytesAllocated: 21665514 HeapGrowthMultiplier: 3
12-18 11:31:28.782  3326  3770 I com.miui.home: CheckGCForNative gc_urgency 1.34398 current_native_bytes is 203912875
12-18 11:31:28.782  3326  3770 I com.miui.home: CheckGCForNative requested 1
12-18 11:31:28.782  3326  3326 I com.miui.home: CheckGCForNative adj_start_bytes: 41232325 NativeAllocationGcWatermark: 11419059 java_gc_start_bytes: 24103737 kNewNativeDiscountFactor: 2 kOldNativeDiscountFactor: 65536 old_native_bytes: 136417027 new_native_bytes: 67496808 add_bytes_allowed: 34257177 is_gc_concurrent: 1 target_footprint_: 24243615 GetBytesAllocated: 21668594 HeapGrowthMultiplier: 3
12-18 11:31:28.782  3326  3326 I com.miui.home: CheckGCForNative gc_urgency 1.34407 current_native_bytes is 203913835
12-18 11:31:28.782  3326  3326 I com.miui.home: CheckGCForNative requested 1
12-18 11:31:28.910  3326  3352 I com.miui.home: NativeAlloc concurrent copying GC freed 193674(8665KB) AllocSpace objects, 28(784KB) LOS objects, 49% free, 11MB/23MB, paused 184us,73us total 127.603ms
12-18 11:31:29.049  3326  3532 I com.miui.home: CheckGCForNative gc_urgency 0 current_native_bytes is 136737507
12-18 11:31:29.277 10786 10786 I wm_on_paused_called: [0,75563655,com.tencent.mm.plugin.account.ui.WelcomeActivity,performPause,7]
12-18 11:31:29.347 10786 10786 I wm_on_stop_called: [0,75563655,com.tencent.mm.plugin.account.ui.WelcomeActivity,STOP_ACTIVITY_ITEM,12]
12-18 11:31:29.360 10786 10786 I wm_on_idle_called: com.tencent.mm.ui.LauncherUI
12-18 11:31:29.360 10786 10786 I wm_on_idle_called: com.tencent.mm.plugin.account.ui.WelcomeActivity
12-18 11:31:29.418  3326  3326 I wm_on_top_resumed_lost_called: [19897820,com.miui.home.launcher.Launcher,topStateChangedWhenResumed]
12-18 11:31:29.420  3326  3326 I wm_on_paused_called: [0,19897820,com.miui.home.launcher.Launcher,performPause,2]
12-18 11:31:29.602  3326  3742 I com.miui.home: CheckGCForNative adj_start_bytes: 41225019 NativeAllocationGcWatermark: 11417363 java_gc_start_bytes: 24098975 kNewNativeDiscountFactor: 2 kOldNativeDiscountFactor: 65536 old_native_bytes: 136737507 new_native_bytes: 743720 add_bytes_allowed: 34252089 is_gc_concurrent: 1 target_footprint_: 24230047 GetBytesAllocated: 13378457 HeapGrowthMultiplier: 3
12-18 11:31:29.602  3326  3742 I com.miui.home: CheckGCForNative gc_urgency 0.333594 current_native_bytes is 137481227
