12-14 18:43:48.625  3315  3315 I wm_on_top_resumed_lost_called: [179242540,com.miui.home.launcher.Launcher,topStateChangedWhenResumed]
12-14 18:43:48.628  3315  3315 I wm_on_paused_called: [0,179242540,com.miui.home.launcher.Launcher,performPause,2]
12-14 18:43:48.945  3315  3533 I com.miui.home: CheckGCForNative gc_urgency 0 current_native_bytes is 89828247
12-14 18:43:48.992  3315  3772 I com.miui.home: CheckGCForNative adj_start_bytes: 37587316 NativeAllocationGcWatermark: 11034447 java_gc_start_bytes: 21035646 kNewNativeDiscountFactor: 2 kOldNativeDiscountFactor: 65536 old_native_bytes: 89828247 new_native_bytes: 561724 add_bytes_allowed: 33103341 is_gc_concurrent: 1 target_footprint_: 21166718 GetBytesAllocated: 15991987 HeapGrowthMultiplier: 3
12-14 18:43:48.993  3315  3772 I com.miui.home: CheckGCForNative gc_urgency 0.432971 current_native_bytes is 90389971
12-14 18:43:49.200  3315  3533 I com.miui.home: CheckGCForNative adj_start_bytes: 37587316 NativeAllocationGcWatermark: 11034447 java_gc_start_bytes: 21035646 kNewNativeDiscountFactor: 2 kOldNativeDiscountFactor: 65536 old_native_bytes: 89828247 new_native_bytes: 804188 add_bytes_allowed: 33103341 is_gc_concurrent: 1 target_footprint_: 21166718 GetBytesAllocated: 16478362 HeapGrowthMultiplier: 3
12-14 18:43:49.200  3315  3533 I com.miui.home: CheckGCForNative gc_urgency 0.449136 current_native_bytes is 90632435
12-14 18:43:49.266  3315  3772 I com.miui.home: CheckGCForNative adj_start_bytes: 37587316 NativeAllocationGcWatermark: 11034447 java_gc_start_bytes: 21035646 kNewNativeDiscountFactor: 2 kOldNativeDiscountFactor: 65536 old_native_bytes: 89828247 new_native_bytes: 11516700 add_bytes_allowed: 33103341 is_gc_concurrent: 1 target_footprint_: 21166718 GetBytesAllocated: 16495591 HeapGrowthMultiplier: 3
12-14 18:43:49.266  3315  3772 I com.miui.home: CheckGCForNative gc_urgency 0.592096 current_native_bytes is 101344947
12-14 18:43:49.268  3315  3772 I com.miui.home: CheckGCForNative adj_start_bytes: 37587316 NativeAllocationGcWatermark: 11034447 java_gc_start_bytes: 21035646 kNewNativeDiscountFactor: 2 kOldNativeDiscountFactor: 65536 old_native_bytes: 89828247 new_native_bytes: 22225308 add_bytes_allowed: 33103341 is_gc_concurrent: 1 target_footprint_: 21166718 GetBytesAllocated: 16515875 HeapGrowthMultiplier: 3
12-14 18:43:49.268  3315  3772 I com.miui.home: CheckGCForNative gc_urgency 0.735086 current_native_bytes is 112053555
12-14 18:43:49.298  3315  3772 I com.miui.home: CheckGCForNative adj_start_bytes: 37587316 NativeAllocationGcWatermark: 11034447 java_gc_start_bytes: 21035646 kNewNativeDiscountFactor: 2 kOldNativeDiscountFactor: 65536 old_native_bytes: 89828247 new_native_bytes: 22295900 add_bytes_allowed: 33103341 is_gc_concurrent: 1 target_footprint_: 21166718 GetBytesAllocated: 16550875 HeapGrowthMultiplier: 3
12-14 18:43:49.298  3315  3772 I com.miui.home: CheckGCForNative gc_urgency 0.736956 current_native_bytes is 112124147
12-14 18:43:49.298  3315  3772 I com.miui.home: CheckGCForNative adj_start_bytes: 37587316 NativeAllocationGcWatermark: 11034447 java_gc_start_bytes: 21035646 kNewNativeDiscountFactor: 2 kOldNativeDiscountFactor: 65536 old_native_bytes: 89828247 new_native_bytes: 33002844 add_bytes_allowed: 33103341 is_gc_concurrent: 1 target_footprint_: 21166718 GetBytesAllocated: 16563498 HeapGrowthMultiplier: 3
12-14 18:43:49.298  3315  3772 I com.miui.home: CheckGCForNative gc_urgency 0.879719 current_native_bytes is 122831091
12-14 18:43:49.335  3315  3480 I com.miui.home: CheckGCForNative adj_start_bytes: 37587316 NativeAllocationGcWatermark: 11034447 java_gc_start_bytes: 21035646 kNewNativeDiscountFactor: 2 kOldNativeDiscountFactor: 65536 old_native_bytes: 89828247 new_native_bytes: 33157424 add_bytes_allowed: 33103341 is_gc_concurrent: 1 target_footprint_: 21166718 GetBytesAllocated: 16825185 HeapGrowthMultiplier: 3
12-14 18:43:49.335  3315  3480 I com.miui.home: CheckGCForNative gc_urgency 0.888738 current_native_bytes is 122985671
12-14 18:43:49.336  3315  3480 I com.miui.home: CheckGCForNative adj_start_bytes: 37587316 NativeAllocationGcWatermark: 11034447 java_gc_start_bytes: 21035646 kNewNativeDiscountFactor: 2 kOldNativeDiscountFactor: 65536 old_native_bytes: 89828247 new_native_bytes: 43864560 add_bytes_allowed: 33103341 is_gc_concurrent: 1 target_footprint_: 21166718 GetBytesAllocated: 16833503 HeapGrowthMultiplier: 3
12-14 18:43:49.336  3315  3480 I com.miui.home: CheckGCForNative gc_urgency 1.03139 current_native_bytes is 133692807
12-14 18:43:49.336  3315  3480 I com.miui.home: CheckGCForNative requested 1
12-14 18:43:49.370  3315  3480 I com.miui.home: CheckGCForNative adj_start_bytes: 37587316 NativeAllocationGcWatermark: 11034447 java_gc_start_bytes: 21035646 kNewNativeDiscountFactor: 2 kOldNativeDiscountFactor: 65536 old_native_bytes: 89828247 new_native_bytes: 58524688 add_bytes_allowed: 33103341 is_gc_concurrent: 1 target_footprint_: 21166718 GetBytesAllocated: 17008840 HeapGrowthMultiplier: 3
12-14 18:43:49.370  3315  3480 I com.miui.home: CheckGCForNative gc_urgency 1.2315 current_native_bytes is 148352935
12-14 18:43:49.370  3315  3480 I com.miui.home: CheckGCForNative requested 1
12-14 18:43:49.371  3315  3480 I com.miui.home: CheckGCForNative adj_start_bytes: 37587316 NativeAllocationGcWatermark: 11034447 java_gc_start_bytes: 21035646 kNewNativeDiscountFactor: 2 kOldNativeDiscountFactor: 65536 old_native_bytes: 89828247 new_native_bytes: 46728208 add_bytes_allowed: 33103341 is_gc_concurrent: 1 target_footprint_: 21166718 GetBytesAllocated: 17025224 HeapGrowthMultiplier: 3
12-14 18:43:49.371  3315  3480 I com.miui.home: CheckGCForNative gc_urgency 1.07458 current_native_bytes is 136556455
12-14 18:43:49.371  3315  3480 I com.miui.home: CheckGCForNative requested 1
12-14 18:43:49.390  3315  3480 I com.miui.home: CheckGCForNative adj_start_bytes: 37587316 NativeAllocationGcWatermark: 11034447 java_gc_start_bytes: 21035646 kNewNativeDiscountFactor: 2 kOldNativeDiscountFactor: 65536 old_native_bytes: 89828247 new_native_bytes: 47559056 add_bytes_allowed: 33103341 is_gc_concurrent: 1 target_footprint_: 21166718 GetBytesAllocated: 17112694 HeapGrowthMultiplier: 3
12-14 18:43:49.391  3315  3480 I com.miui.home: CheckGCForNative gc_urgency 1.08796 current_native_bytes is 137387303
12-14 18:43:49.391  3315  3480 I com.miui.home: CheckGCForNative requested 1
12-14 18:43:49.475  3315  3480 I com.miui.home: CheckGCForNative adj_start_bytes: 37587316 NativeAllocationGcWatermark: 11034447 java_gc_start_bytes: 21035646 kNewNativeDiscountFactor: 2 kOldNativeDiscountFactor: 65536 old_native_bytes: 89828247 new_native_bytes: 48665304 add_bytes_allowed: 33103341 is_gc_concurrent: 1 target_footprint_: 21166718 GetBytesAllocated: 17204307 HeapGrowthMultiplier: 3
12-14 18:43:49.476  3315  3480 I com.miui.home: CheckGCForNative gc_urgency 1.10512 current_native_bytes is 138493551
12-14 18:43:49.476  3315  3480 I com.miui.home: CheckGCForNative requested 1
12-14 18:43:49.476  3315  3480 I com.miui.home: CheckGCForNative adj_start_bytes: 37587316 NativeAllocationGcWatermark: 11034447 java_gc_start_bytes: 21035646 kNewNativeDiscountFactor: 2 kOldNativeDiscountFactor: 65536 old_native_bytes: 89828247 new_native_bytes: 50116704 add_bytes_allowed: 33103341 is_gc_concurrent: 1 target_footprint_: 21166718 GetBytesAllocated: 17204307 HeapGrowthMultiplier: 3
12-14 18:43:49.477  3315  3480 I com.miui.home: CheckGCForNative gc_urgency 1.12442 current_native_bytes is 139944951
12-14 18:43:49.477  3315  3480 I com.miui.home: CheckGCForNative requested 1
12-14 18:43:49.490  3315  3340 I com.miui.home: NativeAlloc concurrent copying GC freed 147395(6247KB) AllocSpace objects, 3(124KB) LOS objects, 50% free, 10MB/20MB, paused 188us,300us total 153.309ms
12-14 18:43:49.498  3315  3480 I com.miui.home: CheckGCForNative adj_start_bytes: 37576738 NativeAllocationGcWatermark: 11058569 java_gc_start_bytes: 20988885 kNewNativeDiscountFactor: 2 kOldNativeDiscountFactor: 65536 old_native_bytes: 139949559 new_native_bytes: 7287624 add_bytes_allowed: 33175707 is_gc_concurrent: 1 target_footprint_: 21359689 GetBytesAllocated: 10696373 HeapGrowthMultiplier: 3
12-14 18:43:49.498  3315  3480 I com.miui.home: CheckGCForNative gc_urgency 0.381681 current_native_bytes is 147237183
12-14 18:43:50.009  3315  3474 I com.miui.home: CheckGCForNative gc_urgency 0 current_native_bytes is 130438339
12-14 18:43:50.036  8765  8765 I wm_on_create_called: [0,202691075,com.tencent.qqlive.ona.activity.SplashHomeActivity,performCreate,149]
12-14 18:43:50.118  3315  3315 I wm_on_resume_called: [0,179242540,com.miui.home.launcher.Launcher,RESUME_ACTIVITY,18]
12-14 18:43:50.125  3315  3315 I wm_on_idle_called: com.miui.home.launcher.Launcher
12-14 18:43:50.129  8765  8765 I wm_on_start_called: [0,202691075,com.tencent.qqlive.ona.activity.SplashHomeActivity,handleStartActivity,92]
12-14 18:43:50.273  8765  8765 I wm_on_resume_called: [0,202691075,com.tencent.qqlive.ona.activity.SplashHomeActivity,RESUME_ACTIVITY,100]
12-14 18:43:50.318  3315  3796 I com.miui.home: CheckGCForNative adj_start_bytes: 37576738 NativeAllocationGcWatermark: 11058569 java_gc_start_bytes: 20988885 kNewNativeDiscountFactor: 2 kOldNativeDiscountFactor: 65536 old_native_bytes: 130438339 new_native_bytes: 10996284 add_bytes_allowed: 33175707 is_gc_concurrent: 1 target_footprint_: 21359689 GetBytesAllocated: 11997829 HeapGrowthMultiplier: 3
12-14 18:43:50.320  3315  3796 I com.miui.home: CheckGCForNative gc_urgency 0.465659 current_native_bytes is 141434623
12-14 18:43:50.321  3315  3796 I com.miui.home: CheckGCForNative adj_start_bytes: 37576738 NativeAllocationGcWatermark: 11058569 java_gc_start_bytes: 20988885 kNewNativeDiscountFactor: 2 kOldNativeDiscountFactor: 65536 old_native_bytes: 130438339 new_native_bytes: 21703228 add_bytes_allowed: 33175707 is_gc_concurrent: 1 target_footprint_: 21359689 GetBytesAllocated: 11998021 HeapGrowthMultiplier: 3
12-14 18:43:50.321  3315  3796 I com.miui.home: CheckGCForNative gc_urgency 0.608132 current_native_bytes is 152141567
12-14 18:43:50.349  3315  3796 I com.miui.home: CheckGCForNative adj_start_bytes: 37576738 NativeAllocationGcWatermark: 11058569 java_gc_start_bytes: 20988885 kNewNativeDiscountFactor: 2 kOldNativeDiscountFactor: 65536 old_native_bytes: 130438339 new_native_bytes: 21786948 add_bytes_allowed: 33175707 is_gc_concurrent: 1 target_footprint_: 21359689 GetBytesAllocated: 12079805 HeapGrowthMultiplier: 3
12-14 18:43:50.349  3315  3796 I com.miui.home: CheckGCForNative gc_urgency 0.611423 current_native_bytes is 152225287
12-14 18:43:50.511  3315  3533 I com.miui.home: CheckGCForNative adj_start_bytes: 37576738 NativeAllocationGcWatermark: 11058569 java_gc_start_bytes: 20988885 kNewNativeDiscountFactor: 2 kOldNativeDiscountFactor: 65536 old_native_bytes: 130438339 new_native_bytes: 11001092 add_bytes_allowed: 33175707 is_gc_concurrent: 1 target_footprint_: 21359689 GetBytesAllocated: 12129318 HeapGrowthMultiplier: 3
12-14 18:43:50.511  3315  3533 I com.miui.home: CheckGCForNative gc_urgency 0.469223 current_native_bytes is 141439431
12-14 18:43:50.546  3315  3315 I wm_on_top_resumed_gained_called: [179242540,com.miui.home.launcher.Launcher,topStateChangedWhenResumed]
12-14 18:43:50.689  3315  3533 I com.miui.home: CheckGCForNative adj_start_bytes: 37576738 NativeAllocationGcWatermark: 11058569 java_gc_start_bytes: 20988885 kNewNativeDiscountFactor: 2 kOldNativeDiscountFactor: 65536 old_native_bytes: 130438339 new_native_bytes: 11017892 add_bytes_allowed: 33175707 is_gc_concurrent: 1 target_footprint_: 21359689 GetBytesAllocated: 12199143 HeapGrowthMultiplier: 3
12-14 18:43:50.689  3315  3533 I com.miui.home: CheckGCForNative gc_urgency 0.471304 current_native_bytes is 141456231
12-14 18:43:50.804  3315  3531 I com.miui.home: CheckGCForNative adj_start_bytes: 37576738 NativeAllocationGcWatermark: 11058569 java_gc_start_bytes: 20988885 kNewNativeDiscountFactor: 2 kOldNativeDiscountFactor: 65536 old_native_bytes: 130438339 new_native_bytes: 21754244 add_bytes_allowed: 33175707 is_gc_concurrent: 1 target_footprint_: 21359689 GetBytesAllocated: 12249325 HeapGrowthMultiplier: 3
12-14 18:43:50.804  3315  3531 I com.miui.home: CheckGCForNative gc_urgency 0.615499 current_native_bytes is 152192583
12-14 18:43:50.805  3315  3531 I com.miui.home: CheckGCForNative adj_start_bytes: 37576738 NativeAllocationGcWatermark: 11058569 java_gc_start_bytes: 20988885 kNewNativeDiscountFactor: 2 kOldNativeDiscountFactor: 65536 old_native_bytes: 130438339 new_native_bytes: 32461188 add_bytes_allowed: 33175707 is_gc_concurrent: 1 target_footprint_: 21359689 GetBytesAllocated: 12255796 HeapGrowthMultiplier: 3
12-14 18:43:50.805  3315  3531 I com.miui.home: CheckGCForNative gc_urgency 0.758139 current_native_bytes is 162899527
12-14 18:43:50.837  3315  3706 I com.miui.home: CheckGCForNative adj_start_bytes: 37576738 NativeAllocationGcWatermark: 11058569 java_gc_start_bytes: 20988885 kNewNativeDiscountFactor: 2 kOldNativeDiscountFactor: 65536 old_native_bytes: 130438339 new_native_bytes: 32461572 add_bytes_allowed: 33175707 is_gc_concurrent: 1 target_footprint_: 21359689 GetBytesAllocated: 12255796 HeapGrowthMultiplier: 3
12-14 18:43:50.837  3315  3706 I com.miui.home: CheckGCForNative gc_urgency 0.758144 current_native_bytes is 162899911
12-14 18:43:50.878  8765  8765 I wm_on_top_resumed_gained_called: [202691075,com.tencent.qqlive.ona.activity.SplashHomeActivity,topStateChangedWhenResumed]
12-14 18:43:50.999  8765  8765 I wm_on_top_resumed_lost_called: [202691075,com.tencent.qqlive.ona.activity.SplashHomeActivity,topStateChangedWhenResumed]
12-14 18:43:51.279  3315  3315 I wm_on_top_resumed_lost_called: [179242540,com.miui.home.launcher.Launcher,topStateChangedWhenResumed]
12-14 18:43:51.363  3315  3315 I wm_on_paused_called: [0,179242540,com.miui.home.launcher.Launcher,performPause,1]
12-14 18:43:51.395  3315  3492 I com.miui.home: CheckGCForNative adj_start_bytes: 37576738 NativeAllocationGcWatermark: 11058569 java_gc_start_bytes: 20988885 kNewNativeDiscountFactor: 2 kOldNativeDiscountFactor: 65536 old_native_bytes: 130438339 new_native_bytes: 22525908 add_bytes_allowed: 33175707 is_gc_concurrent: 1 target_footprint_: 21359689 GetBytesAllocated: 12866641 HeapGrowthMultiplier: 3
12-14 18:43:51.395  3315  3492 I com.miui.home: CheckGCForNative gc_urgency 0.642195 current_native_bytes is 152964247
12-14 18:43:51.682  3315  3772 I com.miui.home: CheckGCForNative adj_start_bytes: 37576738 NativeAllocationGcWatermark: 11058569 java_gc_start_bytes: 20988885 kNewNativeDiscountFactor: 2 kOldNativeDiscountFactor: 65536 old_native_bytes: 130438339 new_native_bytes: 33550376 add_bytes_allowed: 33175707 is_gc_concurrent: 1 target_footprint_: 21359689 GetBytesAllocated: 13512214 HeapGrowthMultiplier: 3
12-14 18:43:51.682  3315  3772 I com.miui.home: CheckGCForNative gc_urgency 0.806068 current_native_bytes is 163988715
12-14 18:43:51.733  3315  3772 I com.miui.home: CheckGCForNative adj_start_bytes: 37576738 NativeAllocationGcWatermark: 11058569 java_gc_start_bytes: 20988885 kNewNativeDiscountFactor: 2 kOldNativeDiscountFactor: 65536 old_native_bytes: 130438339 new_native_bytes: 22864956 add_bytes_allowed: 33175707 is_gc_concurrent: 1 target_footprint_: 21359689 GetBytesAllocated: 13730970 HeapGrowthMultiplier: 3
12-14 18:43:51.733  3315  3772 I com.miui.home: CheckGCForNative gc_urgency 0.669708 current_native_bytes is 153303295
12-14 18:43:51.889  3315  3533 I com.miui.home: CheckGCForNative adj_start_bytes: 37576738 NativeAllocationGcWatermark: 11058569 java_gc_start_bytes: 20988885 kNewNativeDiscountFactor: 2 kOldNativeDiscountFactor: 65536 old_native_bytes: 130438339 new_native_bytes: 23069948 add_bytes_allowed: 33175707 is_gc_concurrent: 1 target_footprint_: 21359689 GetBytesAllocated: 14163555 HeapGrowthMultiplier: 3
12-14 18:43:51.889  3315  3533 I com.miui.home: CheckGCForNative gc_urgency 0.683948 current_native_bytes is 153508287
12-14 18:43:52.044  3315  3533 I com.miui.home: CheckGCForNative adj_start_bytes: 37576738 NativeAllocationGcWatermark: 11058569 java_gc_start_bytes: 20988885 kNewNativeDiscountFactor: 2 kOldNativeDiscountFactor: 65536 old_native_bytes: 130438339 new_native_bytes: 23062524 add_bytes_allowed: 33175707 is_gc_concurrent: 1 target_footprint_: 21359689 GetBytesAllocated: 14213689 HeapGrowthMultiplier: 3
12-14 18:43:52.044  3315  3533 I com.miui.home: CheckGCForNative gc_urgency 0.685183 current_native_bytes is 153500863
12-14 18:43:52.119  9418  9418 I wm_on_create_called: [0,138540282,fm.qingting.qtradio.WelcomeActivity,performCreate,88]
12-14 18:43:52.120  9418  9418 I wm_on_start_called: [0,138540282,fm.qingting.qtradio.WelcomeActivity,handleStartActivity,0]
12-14 18:43:52.126  9418  9418 I wm_on_resume_called: [0,138540282,fm.qingting.qtradio.WelcomeActivity,RESUME_ACTIVITY,4]
12-14 18:43:52.157  9418  9418 I wm_on_top_resumed_gained_called: [138540282,fm.qingting.qtradio.WelcomeActivity,topStateChangedWhenResumed]
12-14 18:43:52.322  3315  3315 I wm_on_stop_called: [0,179242540,com.miui.home.launcher.Launcher,STOP_ACTIVITY_ITEM,5]
12-14 18:43:52.487  9418  9418 I wm_on_idle_called: fm.qingting.qtradio.WelcomeActivity
12-14 18:43:52.697  3315  3315 I wm_on_restart_called: [0,179242540,com.miui.home.launcher.Launcher,,0]
12-14 18:43:52.698  3315  3315 I wm_on_start_called: [0,179242540,com.miui.home.launcher.Launcher,handleStartActivity,1]
12-14 18:43:52.702  3315  3315 I wm_on_resume_called: [0,179242540,com.miui.home.launcher.Launcher,RESUME_ACTIVITY,4]
12-14 18:43:52.753  3315  3315 I wm_on_idle_called: com.miui.home.launcher.Launcher
12-14 18:43:52.826  3315  4090 I com.miui.home: CheckGCForNative adj_start_bytes: 37576738 NativeAllocationGcWatermark: 11058569 java_gc_start_bytes: 20988885 kNewNativeDiscountFactor: 2 kOldNativeDiscountFactor: 65536 old_native_bytes: 130438339 new_native_bytes: 33795248 add_bytes_allowed: 33175707 is_gc_concurrent: 1 target_footprint_: 21359689 GetBytesAllocated: 14881481 HeapGrowthMultiplier: 3
12-14 18:43:52.826  3315  4090 I com.miui.home: CheckGCForNative gc_urgency 0.845765 current_native_bytes is 164233587
12-14 18:43:52.827  3315  4090 I com.miui.home: CheckGCForNative adj_start_bytes: 37576738 NativeAllocationGcWatermark: 11058569 java_gc_start_bytes: 20988885 kNewNativeDiscountFactor: 2 kOldNativeDiscountFactor: 65536 old_native_bytes: 130438339 new_native_bytes: 44502192 add_bytes_allowed: 33175707 is_gc_concurrent: 1 target_footprint_: 21359689 GetBytesAllocated: 14881673 HeapGrowthMultiplier: 3
12-14 18:43:52.827  3315  4090 I com.miui.home: CheckGCForNative gc_urgency 0.988238 current_native_bytes is 174940531
12-14 18:43:52.853  3315  4090 I com.miui.home: CheckGCForNative adj_start_bytes: 37576738 NativeAllocationGcWatermark: 11058569 java_gc_start_bytes: 20988885 kNewNativeDiscountFactor: 2 kOldNativeDiscountFactor: 65536 old_native_bytes: 130438339 new_native_bytes: 44630432 add_bytes_allowed: 33175707 is_gc_concurrent: 1 target_footprint_: 21359689 GetBytesAllocated: 15086934 HeapGrowthMultiplier: 3
12-14 18:43:52.853  3315  4090 I com.miui.home: CheckGCForNative gc_urgency 0.995407 current_native_bytes is 175068771
12-14 18:43:52.937  9418  9418 I wm_on_top_resumed_lost_called: [138540282,fm.qingting.qtradio.WelcomeActivity,topStateChangedWhenResumed]
12-14 18:43:52.938  3315  3315 I wm_on_top_resumed_gained_called: [179242540,com.miui.home.launcher.Launcher,topStateChangedWhenResumed]
12-14 18:43:53.033  3315  3533 I com.miui.home: CheckGCForNative adj_start_bytes: 37576738 NativeAllocationGcWatermark: 11058569 java_gc_start_bytes: 20988885 kNewNativeDiscountFactor: 2 kOldNativeDiscountFactor: 65536 old_native_bytes: 130438339 new_native_bytes: 33931008 add_bytes_allowed: 33175707 is_gc_concurrent: 1 target_footprint_: 21359689 GetBytesAllocated: 15570769 HeapGrowthMultiplier: 3
12-14 18:43:53.033  3315  3533 I com.miui.home: CheckGCForNative gc_urgency 0.865915 current_native_bytes is 164369347
12-14 18:43:53.178  3315  3533 I com.miui.home: CheckGCForNative adj_start_bytes: 37576738 NativeAllocationGcWatermark: 11058569 java_gc_start_bytes: 20988885 kNewNativeDiscountFactor: 2 kOldNativeDiscountFactor: 65536 old_native_bytes: 130438339 new_native_bytes: 33925632 add_bytes_allowed: 33175707 is_gc_concurrent: 1 target_footprint_: 21359689 GetBytesAllocated: 15619661 HeapGrowthMultiplier: 3
12-14 18:43:53.178  3315  3533 I com.miui.home: CheckGCForNative gc_urgency 0.867145 current_native_bytes is 164363971
12-14 18:43:53.340  9418  9418 I wm_on_paused_called: [0,138540282,fm.qingting.qtradio.WelcomeActivity,performPause,3]
12-14 18:43:53.364  9418  9418 I wm_on_stop_called: [0,138540282,fm.qingting.qtradio.WelcomeActivity,LIFECYCLER_STOP_ACTIVITY,5]
12-14 18:43:53.373  9418  9418 I wm_on_destroy_called: [0,138540282,fm.qingting.qtradio.WelcomeActivity,performDestroy,4]
12-14 18:43:53.490  3315  3772 I com.miui.home: CheckGCForNative adj_start_bytes: 37576738 NativeAllocationGcWatermark: 11058569 java_gc_start_bytes: 20988885 kNewNativeDiscountFactor: 2 kOldNativeDiscountFactor: 65536 old_native_bytes: 130438339 new_native_bytes: 34214284 add_bytes_allowed: 33175707 is_gc_concurrent: 1 target_footprint_: 21359689 GetBytesAllocated: 16055912 HeapGrowthMultiplier: 3
12-14 18:43:53.490  3315  3772 I com.miui.home: CheckGCForNative gc_urgency 0.882595 current_native_bytes is 164652623
12-14 18:43:53.549  3315  3772 I com.miui.home: CheckGCForNative adj_start_bytes: 37576738 NativeAllocationGcWatermark: 11058569 java_gc_start_bytes: 20988885 kNewNativeDiscountFactor: 2 kOldNativeDiscountFactor: 65536 old_native_bytes: 130438339 new_native_bytes: 45196556 add_bytes_allowed: 33175707 is_gc_concurrent: 1 target_footprint_: 21359689 GetBytesAllocated: 16279494 HeapGrowthMultiplier: 3
12-14 18:43:53.549  3315  3772 I com.miui.home: CheckGCForNative gc_urgency 1.03468 current_native_bytes is 175634895
12-14 18:43:53.549  3315  3772 I com.miui.home: CheckGCForNative requested 1
12-14 18:43:53.637  3315  3315 I wm_on_top_resumed_lost_called: [179242540,com.miui.home.launcher.Launcher,topStateChangedWhenResumed]
12-14 18:43:53.640  3315  3315 I wm_on_paused_called: [0,179242540,com.miui.home.launcher.Launcher,performPause,2]
12-14 18:43:53.693  3315  3340 I com.miui.home: NativeAlloc concurrent copying GC freed 124794(5539KB) AllocSpace objects, 6(312KB) LOS objects, 50% free, 10MB/21MB, paused 193us,956us total 143.238ms
12-14 18:43:53.861  9714  9714 I wm_on_application_create_called: [0,com.xiaomi.bluetooth,384]
12-14 18:43:53.866  3315  3772 I com.miui.home: CheckGCForNative gc_urgency 0 current_native_bytes is 130457183
12-14 18:43:54.022  3315  3533 I com.miui.home: CheckGCForNative adj_start_bytes: 38645840 NativeAllocationGcWatermark: 11187262 java_gc_start_bytes: 21864947 kNewNativeDiscountFactor: 2 kOldNativeDiscountFactor: 65536 old_native_bytes: 130457183 new_native_bytes: 404196 add_bytes_allowed: 33561786 is_gc_concurrent: 1 target_footprint_: 22389235 GetBytesAllocated: 12641900 HeapGrowthMultiplier: 3
12-14 18:43:54.022  3315  3533 I com.miui.home: CheckGCForNative gc_urgency 0.332403 current_native_bytes is 130861379
12-14 18:43:54.122  3315  3533 I com.miui.home: CheckGCForNative adj_start_bytes: 38645840 NativeAllocationGcWatermark: 11187262 java_gc_start_bytes: 21864947 kNewNativeDiscountFactor: 2 kOldNativeDiscountFactor: 65536 old_native_bytes: 130457183 new_native_bytes: 412516 add_bytes_allowed: 33561786 is_gc_concurrent: 1 target_footprint_: 22389235 GetBytesAllocated: 12740495 HeapGrowthMultiplier: 3
12-14 18:43:54.122  3315  3533 I com.miui.home: CheckGCForNative gc_urgency 0.335062 current_native_bytes is 130869699
12-14 18:43:54.332  9782  9782 I wm_on_create_called: [0,103185606,com.xunmeng.pinduoduo.ui.activity.MainFrameActivity,performCreate,77]
12-14 18:43:54.469  9782  9782 I wm_on_create_called: [0,266446795,com.xunmeng.pinduoduo.ui.activity.HomeActivity,performCreate,34]
12-14 18:43:54.484  9782  9782 I wm_on_start_called: [0,266446795,com.xunmeng.pinduoduo.ui.activity.HomeActivity,handleStartActivity,15]
12-14 18:43:54.493  9782  9782 I wm_on_resume_called: [0,266446795,com.xunmeng.pinduoduo.ui.activity.HomeActivity,RESUME_ACTIVITY,6]
12-14 18:43:54.540  9782  9782 I wm_on_top_resumed_gained_called: [266446795,com.xunmeng.pinduoduo.ui.activity.HomeActivity,topStateChangedWhenResumed]
12-14 18:43:54.926  9782  9782 I wm_on_idle_called: com.xunmeng.pinduoduo.ui.activity.HomeActivity
12-14 18:43:54.978  3315  3315 I wm_on_stop_called: [0,179242540,com.miui.home.launcher.Launcher,STOP_ACTIVITY_ITEM,8]
12-14 18:43:55.108  9782  9782 I wm_on_destroy_called: [0,103185606,com.xunmeng.pinduoduo.ui.activity.MainFrameActivity,performDestroy,3]
12-14 18:43:55.288  3315  3315 I wm_on_restart_called: [0,179242540,com.miui.home.launcher.Launcher,,0]
12-14 18:43:55.288  3315  3315 I wm_on_start_called: [0,179242540,com.miui.home.launcher.Launcher,handleStartActivity,1]
12-14 18:43:55.293  3315  3315 I wm_on_resume_called: [0,179242540,com.miui.home.launcher.Launcher,RESUME_ACTIVITY,4]
12-14 18:43:55.296  9782  9782 I wm_on_top_resumed_lost_called: [266446795,com.xunmeng.pinduoduo.ui.activity.HomeActivity,topStateChangedWhenResumed]
12-14 18:43:55.298  3315  3492 I com.miui.home: CheckGCForNative adj_start_bytes: 38645840 NativeAllocationGcWatermark: 11187262 java_gc_start_bytes: 21864947 kNewNativeDiscountFactor: 2 kOldNativeDiscountFactor: 65536 old_native_bytes: 130457183 new_native_bytes: 850844 add_bytes_allowed: 33561786 is_gc_concurrent: 1 target_footprint_: 22389235 GetBytesAllocated: 14517616 HeapGrowthMultiplier: 3
12-14 18:43:55.298  3315  3492 I com.miui.home: CheckGCForNative gc_urgency 0.386718 current_native_bytes is 131308027
12-14 18:43:55.326  3315  3315 I wm_on_top_resumed_gained_called: [179242540,com.miui.home.launcher.Launcher,topStateChangedWhenResumed]
12-14 18:43:55.327  3315  3315 I wm_on_idle_called: com.miui.home.launcher.Launcher
12-14 18:43:55.521  3315  3606 I com.miui.home: CheckGCForNative adj_start_bytes: 38645840 NativeAllocationGcWatermark: 11187262 java_gc_start_bytes: 21864947 kNewNativeDiscountFactor: 2 kOldNativeDiscountFactor: 65536 old_native_bytes: 130457183 new_native_bytes: 11726080 add_bytes_allowed: 33561786 is_gc_concurrent: 1 target_footprint_: 22389235 GetBytesAllocated: 15197815 HeapGrowthMultiplier: 3
12-14 18:43:55.522  3315  3606 I com.miui.home: CheckGCForNative gc_urgency 0.545022 current_native_bytes is 142183263
12-14 18:43:55.522  3315  3315 I com.miui.home: CheckGCForNative adj_start_bytes: 38645840 NativeAllocationGcWatermark: 11187262 java_gc_start_bytes: 21864947 kNewNativeDiscountFactor: 2 kOldNativeDiscountFactor: 65536 old_native_bytes: 130457183 new_native_bytes: 22433088 add_bytes_allowed: 33561786 is_gc_concurrent: 1 target_footprint_: 22389235 GetBytesAllocated: 15204205 HeapGrowthMultiplier: 3
12-14 18:43:55.522  3315  3315 I com.miui.home: CheckGCForNative gc_urgency 0.683715 current_native_bytes is 152890271
12-14 18:43:55.522  3315  4090 I com.miui.home: CheckGCForNative adj_start_bytes: 38645840 NativeAllocationGcWatermark: 11187262 java_gc_start_bytes: 21864947 kNewNativeDiscountFactor: 2 kOldNativeDiscountFactor: 65536 old_native_bytes: 130457183 new_native_bytes: 33141504 add_bytes_allowed: 33561786 is_gc_concurrent: 1 target_footprint_: 22389235 GetBytesAllocated: 15204205 HeapGrowthMultiplier: 3
12-14 18:43:55.522  3315  4090 I com.miui.home: CheckGCForNative gc_urgency 0.82226 current_native_bytes is 163598687
12-14 18:43:55.689  3315  3533 I com.miui.home: CheckGCForNative adj_start_bytes: 38645840 NativeAllocationGcWatermark: 11187262 java_gc_start_bytes: 21864947 kNewNativeDiscountFactor: 2 kOldNativeDiscountFactor: 65536 old_native_bytes: 130457183 new_native_bytes: 11776032 add_bytes_allowed: 33561786 is_gc_concurrent: 1 target_footprint_: 22389235 GetBytesAllocated: 15284080 HeapGrowthMultiplier: 3
12-14 18:43:55.689  3315  3533 I com.miui.home: CheckGCForNative gc_urgency 0.547901 current_native_bytes is 142233215
12-14 18:43:55.735  9936  9936 I wm_on_application_create_called: [0,com.xunmeng.pinduoduo,220]
12-14 18:43:55.778  3315  3533 I com.miui.home: CheckGCForNative adj_start_bytes: 38645840 NativeAllocationGcWatermark: 11187262 java_gc_start_bytes: 21864947 kNewNativeDiscountFactor: 2 kOldNativeDiscountFactor: 65536 old_native_bytes: 130457183 new_native_bytes: 11774624 add_bytes_allowed: 33561786 is_gc_concurrent: 1 target_footprint_: 22389235 GetBytesAllocated: 15333711 HeapGrowthMultiplier: 3
12-14 18:43:55.778  3315  3533 I com.miui.home: CheckGCForNative gc_urgency 0.549167 current_native_bytes is 142231807
12-14 18:43:56.027  3315  3531 I com.miui.home: CheckGCForNative adj_start_bytes: 38645840 NativeAllocationGcWatermark: 11187262 java_gc_start_bytes: 21864947 kNewNativeDiscountFactor: 2 kOldNativeDiscountFactor: 65536 old_native_bytes: 130457183 new_native_bytes: 22501808 add_bytes_allowed: 33561786 is_gc_concurrent: 1 target_footprint_: 22389235 GetBytesAllocated: 15423092 HeapGrowthMultiplier: 3
12-14 18:43:56.028  3315  3531 I com.miui.home: CheckGCForNative gc_urgency 0.690268 current_native_bytes is 152958991
12-14 18:43:56.028  3315  3531 I com.miui.home: CheckGCForNative adj_start_bytes: 38645840 NativeAllocationGcWatermark: 11187262 java_gc_start_bytes: 21864947 kNewNativeDiscountFactor: 2 kOldNativeDiscountFactor: 65536 old_native_bytes: 130457183 new_native_bytes: 33208944 add_bytes_allowed: 33561786 is_gc_concurrent: 1 target_footprint_: 22389235 GetBytesAllocated: 15423284 HeapGrowthMultiplier: 3
12-14 18:43:56.028  3315  3531 I com.miui.home: CheckGCForNative gc_urgency 0.829226 current_native_bytes is 163666127
12-14 18:43:56.028  3315  3591 I com.miui.home: CheckGCForNative adj_start_bytes: 38645840 NativeAllocationGcWatermark: 11187262 java_gc_start_bytes: 21864947 kNewNativeDiscountFactor: 2 kOldNativeDiscountFactor: 65536 old_native_bytes: 130457183 new_native_bytes: 33208944 add_bytes_allowed: 33561786 is_gc_concurrent: 1 target_footprint_: 22389235 GetBytesAllocated: 15439668 HeapGrowthMultiplier: 3
12-14 18:43:56.029  3315  3591 I com.miui.home: CheckGCForNative gc_urgency 0.829226 current_native_bytes is 163666127
12-14 18:43:56.266  9782  9782 I wm_on_paused_called: [0,266446795,com.xunmeng.pinduoduo.ui.activity.HomeActivity,performPause,44]
12-14 18:43:56.314  3315  3315 I wm_on_top_resumed_lost_called: [179242540,com.miui.home.launcher.Launcher,topStateChangedWhenResumed]
12-14 18:43:56.337  3315  3315 I wm_on_paused_called: [0,179242540,com.miui.home.launcher.Launcher,performPause,1]
12-14 18:43:56.516  3315  3772 I com.miui.home: CheckGCForNative adj_start_bytes: 38645840 NativeAllocationGcWatermark: 11187262 java_gc_start_bytes: 21864947 kNewNativeDiscountFactor: 2 kOldNativeDiscountFactor: 65536 old_native_bytes: 130457183 new_native_bytes: 22499276 add_bytes_allowed: 33561786 is_gc_concurrent: 1 target_footprint_: 22389235 GetBytesAllocated: 16051856 HeapGrowthMultiplier: 3
12-14 18:43:56.516  3315  3772 I com.miui.home: CheckGCForNative gc_urgency 0.706505 current_native_bytes is 152956459
12-14 18:43:56.578  3315  3772 I com.miui.home: CheckGCForNative adj_start_bytes: 38645840 NativeAllocationGcWatermark: 11187262 java_gc_start_bytes: 21864947 kNewNativeDiscountFactor: 2 kOldNativeDiscountFactor: 65536 old_native_bytes: 130457183 new_native_bytes: 33702244 add_bytes_allowed: 33561786 is_gc_concurrent: 1 target_footprint_: 22389235 GetBytesAllocated: 16423085 HeapGrowthMultiplier: 3
12-14 18:43:56.578  3315  3772 I com.miui.home: CheckGCForNative gc_urgency 0.861055 current_native_bytes is 164159427
12-14 18:43:56.733  3315  3533 I com.miui.home: CheckGCForNative adj_start_bytes: 38645840 NativeAllocationGcWatermark: 11187262 java_gc_start_bytes: 21864947 kNewNativeDiscountFactor: 2 kOldNativeDiscountFactor: 65536 old_native_bytes: 130457183 new_native_bytes: 23419784 add_bytes_allowed: 33561786 is_gc_concurrent: 1 target_footprint_: 22389235 GetBytesAllocated: 17027605 HeapGrowthMultiplier: 3
12-14 18:43:56.734  3315  3533 I com.miui.home: CheckGCForNative gc_urgency 0.743663 current_native_bytes is 153876967
12-14 18:43:56.756  3315  3533 I com.miui.home: CheckGCForNative adj_start_bytes: 38645840 NativeAllocationGcWatermark: 11187262 java_gc_start_bytes: 21864947 kNewNativeDiscountFactor: 2 kOldNativeDiscountFactor: 65536 old_native_bytes: 130457183 new_native_bytes: 23401608 add_bytes_allowed: 33561786 is_gc_concurrent: 1 target_footprint_: 22389235 GetBytesAllocated: 17034764 HeapGrowthMultiplier: 3
12-14 18:43:56.756  3315  3533 I com.miui.home: CheckGCForNative gc_urgency 0.743613 current_native_bytes is 153858791
12-14 18:43:57.434 10104 10104 I wm_on_application_create_called: [0,com.smile.gifmaker,321]
12-14 18:43:57.569 10104 10104 I wm_on_create_called: [0,36335622,com.yxcorp.gifshow.HomeActivity,performCreate,119]
12-14 18:43:57.682 10104 10104 I wm_on_start_called: [0,36335622,com.yxcorp.gifshow.HomeActivity,handleStartActivity,113]
12-14 18:43:57.745 10104 10104 I wm_on_resume_called: [0,36335622,com.yxcorp.gifshow.HomeActivity,RESUME_ACTIVITY,9]
12-14 18:43:57.779 10104 10104 I wm_on_top_resumed_gained_called: [36335622,com.yxcorp.gifshow.HomeActivity,topStateChangedWhenResumed]
12-14 18:43:57.967  3315  3315 I com.miui.home: CheckGCForNative adj_start_bytes: 38645840 NativeAllocationGcWatermark: 11187262 java_gc_start_bytes: 21864947 kNewNativeDiscountFactor: 2 kOldNativeDiscountFactor: 65536 old_native_bytes: 130457183 new_native_bytes: 23272548 add_bytes_allowed: 33561786 is_gc_concurrent: 1 target_footprint_: 22389235 GetBytesAllocated: 17560282 HeapGrowthMultiplier: 3
12-14 18:43:57.967  3315  3315 I com.miui.home: CheckGCForNative gc_urgency 0.755542 current_native_bytes is 153729731
12-14 18:43:57.977  3315  3315 I wm_on_resume_called: [0,179242540,com.miui.home.launcher.Launcher,RESUME_ACTIVITY,5]
12-14 18:43:57.991  3315  3315 I wm_on_idle_called: com.miui.home.launcher.Launcher
12-14 18:43:58.123  3315  3796 I com.miui.home: CheckGCForNative adj_start_bytes: 38645840 NativeAllocationGcWatermark: 11187262 java_gc_start_bytes: 21864947 kNewNativeDiscountFactor: 2 kOldNativeDiscountFactor: 65536 old_native_bytes: 130457183 new_native_bytes: 34198492 add_bytes_allowed: 33561786 is_gc_concurrent: 1 target_footprint_: 22389235 GetBytesAllocated: 18526210 HeapGrowthMultiplier: 3
12-14 18:43:58.123  3315  3796 I com.miui.home: CheckGCForNative gc_urgency 0.921896 current_native_bytes is 164655675
12-14 18:43:58.123  3315  3796 I com.miui.home: CheckGCForNative adj_start_bytes: 38645840 NativeAllocationGcWatermark: 11187262 java_gc_start_bytes: 21864947 kNewNativeDiscountFactor: 2 kOldNativeDiscountFactor: 65536 old_native_bytes: 130457183 new_native_bytes: 44905436 add_bytes_allowed: 33561786 is_gc_concurrent: 1 target_footprint_: 22389235 GetBytesAllocated: 18526402 HeapGrowthMultiplier: 3
12-14 18:43:58.124  3315  3796 I com.miui.home: CheckGCForNative gc_urgency 1.06043 current_native_bytes is 175362619
12-14 18:43:58.125  3315  3796 I com.miui.home: CheckGCForNative requested 1
12-14 18:43:58.177  3315  3796 I com.miui.home: CheckGCForNative adj_start_bytes: 38645840 NativeAllocationGcWatermark: 11187262 java_gc_start_bytes: 21864947 kNewNativeDiscountFactor: 2 kOldNativeDiscountFactor: 65536 old_native_bytes: 130457183 new_native_bytes: 44960060 add_bytes_allowed: 33561786 is_gc_concurrent: 1 target_footprint_: 22389235 GetBytesAllocated: 18583996 HeapGrowthMultiplier: 3
12-14 18:43:58.178  3315  3796 I com.miui.home: CheckGCForNative gc_urgency 1.06262 current_native_bytes is 175417243
12-14 18:43:58.178  3315  3796 I com.miui.home: CheckGCForNative requested 1
12-14 18:43:58.201  3315  3533 I com.miui.home: CheckGCForNative adj_start_bytes: 38645840 NativeAllocationGcWatermark: 11187262 java_gc_start_bytes: 21864947 kNewNativeDiscountFactor: 2 kOldNativeDiscountFactor: 65536 old_native_bytes: 130457183 new_native_bytes: 34298620 add_bytes_allowed: 33561786 is_gc_concurrent: 1 target_footprint_: 22389235 GetBytesAllocated: 18597772 HeapGrowthMultiplier: 3
12-14 18:43:58.201  3315  3533 I com.miui.home: CheckGCForNative gc_urgency 0.925043 current_native_bytes is 164755803
12-14 18:43:58.310  3315  3340 I com.miui.home: NativeAlloc concurrent copying GC freed 156689(7218KB) AllocSpace objects, 10(448KB) LOS objects, 49% free, 10MB/20MB, paused 230us,32us total 184.843ms
12-14 18:43:58.344  3315  3533 I com.miui.home: CheckGCForNative gc_urgency 0 current_native_bytes is 138350475
12-14 18:43:58.439  3315  3315 I wm_on_top_resumed_gained_called: [179242540,com.miui.home.launcher.Launcher,topStateChangedWhenResumed]
12-14 18:43:58.457 10104 10104 I wm_on_top_resumed_lost_called: [36335622,com.yxcorp.gifshow.HomeActivity,topStateChangedWhenResumed]
12-14 18:43:58.586 10104 10104 I wm_on_idle_called: com.yxcorp.gifshow.HomeActivity
12-14 18:43:58.588  3315  3531 I com.miui.home: CheckGCForNative adj_start_bytes: 38185522 NativeAllocationGcWatermark: 11102464 java_gc_start_bytes: 21531826 kNewNativeDiscountFactor: 2 kOldNativeDiscountFactor: 65536 old_native_bytes: 138350475 new_native_bytes: 10684896 add_bytes_allowed: 33307392 is_gc_concurrent: 1 target_footprint_: 21710851 GetBytesAllocated: 11055471 HeapGrowthMultiplier: 3
12-14 18:43:58.588  3315  3531 I com.miui.home: CheckGCForNative gc_urgency 0.429483 current_native_bytes is 149035371
12-14 18:43:58.588  3315  3531 I com.miui.home: CheckGCForNative adj_start_bytes: 38185522 NativeAllocationGcWatermark: 11102464 java_gc_start_bytes: 21531826 kNewNativeDiscountFactor: 2 kOldNativeDiscountFactor: 65536 old_native_bytes: 138350475 new_native_bytes: 21392160 add_bytes_allowed: 33307392 is_gc_concurrent: 1 target_footprint_: 21710851 GetBytesAllocated: 11055663 HeapGrowthMultiplier: 3
12-14 18:43:58.588  3315  3531 I com.miui.home: CheckGCForNative gc_urgency 0.569689 current_native_bytes is 159742635
12-14 18:43:58.590  3315  4090 I com.miui.home: CheckGCForNative adj_start_bytes: 38185522 NativeAllocationGcWatermark: 11102464 java_gc_start_bytes: 21531826 kNewNativeDiscountFactor: 2 kOldNativeDiscountFactor: 65536 old_native_bytes: 138350475 new_native_bytes: 21392160 add_bytes_allowed: 33307392 is_gc_concurrent: 1 target_footprint_: 21710851 GetBytesAllocated: 11055663 HeapGrowthMultiplier: 3
12-14 18:43:58.591  3315  4090 I com.miui.home: CheckGCForNative gc_urgency 0.569786 current_native_bytes is 159742635
12-14 18:43:58.610 10104 10104 I wm_on_paused_called: [0,36335622,com.yxcorp.gifshow.HomeActivity,performPause,6]
12-14 18:43:58.654 10104 10104 I wm_on_stop_called: [0,36335622,com.yxcorp.gifshow.HomeActivity,STOP_ACTIVITY_ITEM,21]
12-14 18:43:58.762  3315  3772 I com.miui.home: CheckGCForNative adj_start_bytes: 38185522 NativeAllocationGcWatermark: 11102464 java_gc_start_bytes: 21531826 kNewNativeDiscountFactor: 2 kOldNativeDiscountFactor: 65536 old_native_bytes: 138350475 new_native_bytes: 22322572 add_bytes_allowed: 33307392 is_gc_concurrent: 1 target_footprint_: 21710851 GetBytesAllocated: 11704813 HeapGrowthMultiplier: 3
12-14 18:43:58.762  3315  3772 I com.miui.home: CheckGCForNative gc_urgency 0.598871 current_native_bytes is 160673047
12-14 18:43:58.914  3315  3477 I com.miui.home: CheckGCForNative adj_start_bytes: 38185522 NativeAllocationGcWatermark: 11102464 java_gc_start_bytes: 21531826 kNewNativeDiscountFactor: 2 kOldNativeDiscountFactor: 65536 old_native_bytes: 138350475 new_native_bytes: 11680108 add_bytes_allowed: 33307392 is_gc_concurrent: 1 target_footprint_: 21710851 GetBytesAllocated: 11885381 HeapGrowthMultiplier: 3
12-14 18:43:58.914  3315  3477 I com.miui.home: CheckGCForNative gc_urgency 0.464248 current_native_bytes is 150030583
12-14 18:43:58.975  3315  3315 I wm_on_top_resumed_lost_called: [179242540,com.miui.home.launcher.Launcher,topStateChangedWhenResumed]
12-14 18:43:58.994  3315  3315 I wm_on_paused_called: [0,179242540,com.miui.home.launcher.Launcher,performPause,2]
12-14 18:43:59.178  3315  3533 I com.miui.home: CheckGCForNative adj_start_bytes: 38185522 NativeAllocationGcWatermark: 11102464 java_gc_start_bytes: 21531826 kNewNativeDiscountFactor: 2 kOldNativeDiscountFactor: 65536 old_native_bytes: 138350475 new_native_bytes: 12138480 add_bytes_allowed: 33307392 is_gc_concurrent: 1 target_footprint_: 21710851 GetBytesAllocated: 12561477 HeapGrowthMultiplier: 3
12-14 18:43:59.178  3315  3533 I com.miui.home: CheckGCForNative gc_urgency 0.487955 current_native_bytes is 150488955
12-14 18:43:59.293  3315  3772 I com.miui.home: CheckGCForNative adj_start_bytes: 38185522 NativeAllocationGcWatermark: 11102464 java_gc_start_bytes: 21531826 kNewNativeDiscountFactor: 2 kOldNativeDiscountFactor: 65536 old_native_bytes: 138350475 new_native_bytes: 12470800 add_bytes_allowed: 33307392 is_gc_concurrent: 1 target_footprint_: 21710851 GetBytesAllocated: 13166728 HeapGrowthMultiplier: 3
12-14 18:43:59.293  3315  3772 I com.miui.home: CheckGCForNative gc_urgency 0.508157 current_native_bytes is 150821275
12-14 18:43:59.589  3315  3533 I com.miui.home: CheckGCForNative adj_start_bytes: 38185522 NativeAllocationGcWatermark: 11102464 java_gc_start_bytes: 21531826 kNewNativeDiscountFactor: 2 kOldNativeDiscountFactor: 65536 old_native_bytes: 138350475 new_native_bytes: 12631812 add_bytes_allowed: 33307392 is_gc_concurrent: 1 target_footprint_: 21710851 GetBytesAllocated: 13540250 HeapGrowthMultiplier: 3
12-14 18:43:59.589  3315  3533 I com.miui.home: CheckGCForNative gc_urgency 0.520047 current_native_bytes is 150982287
12-14 18:43:59.940 10394 10394 I wm_on_application_create_called: [0,com.autonavi.minimap,560]
12-14 18:44:00.004 10394 10394 I wm_on_create_called: [0,79329141,com.autonavi.map.activity.SplashActivity,performCreate,51]
12-14 18:44:00.265  3315  3315 I wm_on_resume_called: [0,179242540,com.miui.home.launcher.Launcher,RESUME_ACTIVITY,4]
12-14 18:44:00.267  3315  3315 I com.miui.home: CheckGCForNative adj_start_bytes: 38185522 NativeAllocationGcWatermark: 11102464 java_gc_start_bytes: 21531826 kNewNativeDiscountFactor: 2 kOldNativeDiscountFactor: 65536 old_native_bytes: 138350475 new_native_bytes: 12671920 add_bytes_allowed: 33307392 is_gc_concurrent: 1 target_footprint_: 21710851 GetBytesAllocated: 14735701 HeapGrowthMultiplier: 3
12-14 18:44:00.267  3315  3315 I com.miui.home: CheckGCForNative gc_urgency 0.551879 current_native_bytes is 151022395
12-14 18:44:00.271  3315  3315 I wm_on_idle_called: com.miui.home.launcher.Launcher
12-14 18:44:00.280 10394 10394 I wm_on_create_called: [0,478057,com.autonavi.map.activity.NewMapActivity,performCreate,216]
12-14 18:44:00.291 10394 10394 I wm_on_start_called: [0,478057,com.autonavi.map.activity.NewMapActivity,handleStartActivity,11]
12-14 18:44:00.305 10394 10394 I wm_on_resume_called: [0,478057,com.autonavi.map.activity.NewMapActivity,RESUME_ACTIVITY,11]
12-14 18:44:00.403  3315  3796 I com.miui.home: CheckGCForNative adj_start_bytes: 38185522 NativeAllocationGcWatermark: 11102464 java_gc_start_bytes: 21531826 kNewNativeDiscountFactor: 2 kOldNativeDiscountFactor: 65536 old_native_bytes: 138350475 new_native_bytes: 23467220 add_bytes_allowed: 33307392 is_gc_concurrent: 1 target_footprint_: 21710851 GetBytesAllocated: 15701153 HeapGrowthMultiplier: 3
12-14 18:44:00.403  3315  3796 I com.miui.home: CheckGCForNative gc_urgency 0.718515 current_native_bytes is 161817695
12-14 18:44:00.404  3315  3796 I com.miui.home: CheckGCForNative adj_start_bytes: 38185522 NativeAllocationGcWatermark: 11102464 java_gc_start_bytes: 21531826 kNewNativeDiscountFactor: 2 kOldNativeDiscountFactor: 65536 old_native_bytes: 138350475 new_native_bytes: 34174292 add_bytes_allowed: 33307392 is_gc_concurrent: 1 target_footprint_: 21710851 GetBytesAllocated: 15724974 HeapGrowthMultiplier: 3
12-14 18:44:00.404  3315  3591 I com.miui.home: CheckGCForNative adj_start_bytes: 38185522 NativeAllocationGcWatermark: 11102464 java_gc_start_bytes: 21531826 kNewNativeDiscountFactor: 2 kOldNativeDiscountFactor: 65536 old_native_bytes: 138350475 new_native_bytes: 44880212 add_bytes_allowed: 33307392 is_gc_concurrent: 1 target_footprint_: 21710851 GetBytesAllocated: 15726407 HeapGrowthMultiplier: 3
12-14 18:44:00.404  3315  3591 I com.miui.home: CheckGCForNative gc_urgency 0.999558 current_native_bytes is 183230687
12-14 18:44:00.404  3315  3796 I com.miui.home: CheckGCForNative gc_urgency 0.859375 current_native_bytes is 172524767
12-14 18:44:00.404  3315  3315 I com.miui.home: CheckGCForNative adj_start_bytes: 38185522 NativeAllocationGcWatermark: 11102464 java_gc_start_bytes: 21531826 kNewNativeDiscountFactor: 2 kOldNativeDiscountFactor: 65536 old_native_bytes: 138350475 new_native_bytes: 55587476 add_bytes_allowed: 33307392 is_gc_concurrent: 1 target_footprint_: 21710851 GetBytesAllocated: 15726599 HeapGrowthMultiplier: 3
12-14 18:44:00.404  3315  3315 I com.miui.home: CheckGCForNative gc_urgency 1.14008 current_native_bytes is 193937951
12-14 18:44:00.404  3315  3315 I com.miui.home: CheckGCForNative requested 1
12-14 18:44:00.415  3315  3772 I com.miui.home: CheckGCForNative adj_start_bytes: 38185522 NativeAllocationGcWatermark: 11102464 java_gc_start_bytes: 21531826 kNewNativeDiscountFactor: 2 kOldNativeDiscountFactor: 65536 old_native_bytes: 138350475 new_native_bytes: 34243784 add_bytes_allowed: 33307392 is_gc_concurrent: 1 target_footprint_: 21710851 GetBytesAllocated: 15842867 HeapGrowthMultiplier: 3
12-14 18:44:00.415  3315  3772 I com.miui.home: CheckGCForNative gc_urgency 0.863334 current_native_bytes is 172594259
12-14 18:44:00.445 10394 10394 I wm_on_top_resumed_gained_called: [478057,com.autonavi.map.activity.NewMapActivity,topStateChangedWhenResumed]
12-14 18:44:00.446 10394 10394 I wm_on_top_resumed_lost_called: [478057,com.autonavi.map.activity.NewMapActivity,topStateChangedWhenResumed]
12-14 18:44:00.448  3315  3315 I wm_on_top_resumed_gained_called: [179242540,com.miui.home.launcher.Launcher,topStateChangedWhenResumed]
12-14 18:44:00.531  3315  3772 I com.miui.home: CheckGCForNative adj_start_bytes: 38185522 NativeAllocationGcWatermark: 11102464 java_gc_start_bytes: 21531826 kNewNativeDiscountFactor: 2 kOldNativeDiscountFactor: 65536 old_native_bytes: 138350475 new_native_bytes: 45235528 add_bytes_allowed: 33307392 is_gc_concurrent: 1 target_footprint_: 21710851 GetBytesAllocated: 16216174 HeapGrowthMultiplier: 3
12-14 18:44:00.531  3315  3772 I com.miui.home: CheckGCForNative gc_urgency 1.01704 current_native_bytes is 183586003
12-14 18:44:00.531  3315  3772 I com.miui.home: CheckGCForNative requested 1
12-14 18:44:00.572  3315  3340 I com.miui.home: NativeAlloc concurrent copying GC freed 105503(4974KB) AllocSpace objects, 6(240KB) LOS objects, 49% free, 10MB/20MB, paused 386us,73us total 167.675ms
12-14 18:44:00.745  3315  3533 I com.miui.home: CheckGCForNative gc_urgency 0 current_native_bytes is 138024519
12-14 18:44:00.890  3315  3591 I com.miui.home: CheckGCForNative adj_start_bytes: 37974076 NativeAllocationGcWatermark: 11114344 java_gc_start_bytes: 21302560 kNewNativeDiscountFactor: 2 kOldNativeDiscountFactor: 65536 old_native_bytes: 138024519 new_native_bytes: 10730464 add_bytes_allowed: 33343032 is_gc_concurrent: 1 target_footprint_: 21805892 GetBytesAllocated: 11119148 HeapGrowthMultiplier: 3
12-14 18:44:00.890  3315  3591 I com.miui.home: CheckGCForNative gc_urgency 0.434151 current_native_bytes is 148754983
12-14 18:44:00.891  3315  3531 I com.miui.home: CheckGCForNative adj_start_bytes: 37974076 NativeAllocationGcWatermark: 11114344 java_gc_start_bytes: 21302560 kNewNativeDiscountFactor: 2 kOldNativeDiscountFactor: 65536 old_native_bytes: 138024519 new_native_bytes: 21442208 add_bytes_allowed: 33343032 is_gc_concurrent: 1 target_footprint_: 21805892 GetBytesAllocated: 11119340 HeapGrowthMultiplier: 3
12-14 18:44:00.891  3315  3531 I com.miui.home: CheckGCForNative gc_urgency 0.575196 current_native_bytes is 159466727
12-14 18:44:00.892  3315  3531 I com.miui.home: CheckGCForNative adj_start_bytes: 37974076 NativeAllocationGcWatermark: 11114344 java_gc_start_bytes: 21302560 kNewNativeDiscountFactor: 2 kOldNativeDiscountFactor: 65536 old_native_bytes: 138024519 new_native_bytes: 32131648 add_bytes_allowed: 33343032 is_gc_concurrent: 1 target_footprint_: 21805892 GetBytesAllocated: 11119532 HeapGrowthMultiplier: 3
12-14 18:44:00.892  3315  3531 I com.miui.home: CheckGCForNative gc_urgency 0.715948 current_native_bytes is 170156167
12-14 18:44:00.955 10573 10573 I wm_on_application_create_called: [0,com.autonavi.minimap,676]
12-14 18:44:01.240  3315  3315 I wm_on_top_resumed_lost_called: [179242540,com.miui.home.launcher.Launcher,topStateChangedWhenResumed]
12-14 18:44:01.417  3315  3315 I wm_on_paused_called: [0,179242540,com.miui.home.launcher.Launcher,performPause,1]
12-14 18:44:01.553  3315  8789 I com.miui.home: CheckGCForNative adj_start_bytes: 37974076 NativeAllocationGcWatermark: 11114344 java_gc_start_bytes: 21302560 kNewNativeDiscountFactor: 2 kOldNativeDiscountFactor: 65536 old_native_bytes: 138024519 new_native_bytes: 11956452 add_bytes_allowed: 33343032 is_gc_concurrent: 1 target_footprint_: 21805892 GetBytesAllocated: 12120059 HeapGrowthMultiplier: 3
12-14 18:44:01.553  3315  8789 I com.miui.home: CheckGCForNative gc_urgency 0.476651 current_native_bytes is 149980971
12-14 18:44:01.694  6848  6848 I wm_on_create_called: [0,246967502,com.tencent.mobileqq.activity.SplashActivity,performCreate,135]
12-14 18:44:01.702  6848  6848 I wm_on_start_called: [0,246967502,com.tencent.mobileqq.activity.SplashActivity,handleStartActivity,7]
12-14 18:44:01.720  3315  3772 I com.miui.home: CheckGCForNative adj_start_bytes: 37974076 NativeAllocationGcWatermark: 11114344 java_gc_start_bytes: 21302560 kNewNativeDiscountFactor: 2 kOldNativeDiscountFactor: 65536 old_native_bytes: 138024519 new_native_bytes: 22870268 add_bytes_allowed: 33343032 is_gc_concurrent: 1 target_footprint_: 21805892 GetBytesAllocated: 12409143 HeapGrowthMultiplier: 3
