12-14 16:08:17.229 20160 20160 I wm_on_create_called: [0,48532978,com.tencent.mobileqq.activity.LoginActivity,performCreate,77]
12-14 16:08:17.275 20160 20160 I wm_on_start_called: [0,48532978,com.tencent.mobileqq.activity.LoginActivity,handleStartActivity,45]
12-14 16:08:17.287 20160 20160 I wm_on_resume_called: [0,48532978,com.tencent.mobileqq.activity.LoginActivity,RESUME_ACTIVITY,11]
12-14 16:08:17.295 20160 20160 I wm_on_top_resumed_gained_called: [48532978,com.tencent.mobileqq.activity.LoginActivity,topStateChangedWhenResumed]
12-14 16:08:17.367 20160 20160 I wm_on_idle_called: com.tencent.mobileqq.activity.LoginActivity
12-14 16:08:17.388 22155 22155 I wm_on_stop_called: [0,185468407,com.miui.home.launcher.Launcher,STOP_ACTIVITY_ITEM,4]
12-14 16:08:17.569 25695 25695 I wm_on_application_create_called: [0,com.smile.gifmaker,683]
12-14 16:08:17.950 20160 20160 I wm_on_stop_called: [0,261176643,com.tencent.mobileqq.activity.SplashActivity,LIFECYCLER_STOP_ACTIVITY,1]
12-14 16:08:17.955 20160 20160 I wm_on_destroy_called: [0,261176643,com.tencent.mobileqq.activity.SplashActivity,performDestroy,4]
12-14 16:08:18.912 25976 25976 I wm_on_application_create_called: [0,com.smile.gifmaker,318]
12-14 16:08:19.182 20160 20160 I wm_on_top_resumed_lost_called: [48532978,com.tencent.mobileqq.activity.LoginActivity,topStateChangedWhenResumed]
12-14 16:08:19.196 22155 22155 I wm_on_restart_called: [0,185468407,com.miui.home.launcher.Launcher,,0]
12-14 16:08:19.197 22155 22155 I wm_on_start_called: [0,185468407,com.miui.home.launcher.Launcher,handleStartActivity,0]
12-14 16:08:19.201 22155 22155 I wm_on_resume_called: [0,185468407,com.miui.home.launcher.Launcher,RESUME_ACTIVITY,3]
12-14 16:08:19.249 22155 22155 I wm_on_top_resumed_gained_called: [185468407,com.miui.home.launcher.Launcher,topStateChangedWhenResumed]
12-14 16:08:19.249 22155 22155 I wm_on_idle_called: com.miui.home.launcher.Launcher
12-14 16:08:19.367 22155 25734 I com.miui.home: CheckGCForNative adj_start_bytes: 39286637 NativeAllocationGcWatermark: 11213323 java_gc_start_bytes: 22466653 kNewNativeDiscountFactor: 2 kOldNativeDiscountFactor: 65536 old_native_bytes: 136236367 new_native_bytes: 44409976 add_bytes_allowed: 33639969 is_gc_concurrent: 1 target_footprint_: 22597725 GetBytesAllocated: 17725148 HeapGrowthMultiplier: 3
12-14 16:08:19.367 22155 25734 I com.miui.home: CheckGCForNative gc_urgency 1.01643 current_native_bytes is 180646343
12-14 16:08:19.367 22155 25734 I com.miui.home: CheckGCForNative requested 1
12-14 16:08:19.367 22155 25734 I com.miui.home: CheckGCForNative adj_start_bytes: 39286637 NativeAllocationGcWatermark: 11213323 java_gc_start_bytes: 22466653 kNewNativeDiscountFactor: 2 kOldNativeDiscountFactor: 65536 old_native_bytes: 136236367 new_native_bytes: 55118200 add_bytes_allowed: 33639969 is_gc_concurrent: 1 target_footprint_: 22597725 GetBytesAllocated: 17738510 HeapGrowthMultiplier: 3
12-14 16:08:19.367 22155 25734 I com.miui.home: CheckGCForNative gc_urgency 1.15306 current_native_bytes is 191354567
12-14 16:08:19.367 22155 25734 I com.miui.home: CheckGCForNative requested 1
12-14 16:08:19.368 22155 22173 I com.miui.home: CheckGCForNative adj_start_bytes: 39286637 NativeAllocationGcWatermark: 11213323 java_gc_start_bytes: 22466653 kNewNativeDiscountFactor: 2 kOldNativeDiscountFactor: 65536 old_native_bytes: 136236367 new_native_bytes: 55118008 add_bytes_allowed: 33639969 is_gc_concurrent: 1 target_footprint_: 22597725 GetBytesAllocated: 17738510 HeapGrowthMultiplier: 3
12-14 16:08:19.368 22155 22173 I com.miui.home: CheckGCForNative gc_urgency 1.15305 current_native_bytes is 191354375
12-14 16:08:19.368 22155 22173 I com.miui.home: CheckGCForNative requested 1
12-14 16:08:19.492 22155 22164 I com.miui.home: NativeAlloc concurrent copying GC freed 132218(5792KB) AllocSpace objects, 18(576KB) LOS objects, 49% free, 10MB/21MB, paused 63us,60us total 124.787ms
12-14 16:08:19.609 22155 22229 I com.miui.home: CheckGCForNative gc_urgency 0 current_native_bytes is 148170919
12-14 16:08:19.819 22155 22228 I com.miui.home: CheckGCForNative adj_start_bytes: 39327717 NativeAllocationGcWatermark: 11217647 java_gc_start_bytes: 22501247 kNewNativeDiscountFactor: 2 kOldNativeDiscountFactor: 65536 old_native_bytes: 148170919 new_native_bytes: 10659072 add_bytes_allowed: 33652941 is_gc_concurrent: 1 target_footprint_: 22632319 GetBytesAllocated: 11490871 HeapGrowthMultiplier: 3
12-14 16:08:19.819 22155 22228 I com.miui.home: CheckGCForNative gc_urgency 0.427756 current_native_bytes is 158829991
12-14 16:08:19.819 22155 22228 I com.miui.home: CheckGCForNative adj_start_bytes: 39327717 NativeAllocationGcWatermark: 11217647 java_gc_start_bytes: 22501247 kNewNativeDiscountFactor: 2 kOldNativeDiscountFactor: 65536 old_native_bytes: 148170919 new_native_bytes: 21366336 add_bytes_allowed: 33652941 is_gc_concurrent: 1 target_footprint_: 22632319 GetBytesAllocated: 11491063 HeapGrowthMultiplier: 3
12-14 16:08:19.819 22155 22228 I com.miui.home: CheckGCForNative gc_urgency 0.56389 current_native_bytes is 169537255
12-14 16:08:19.819 22155 25734 I com.miui.home: CheckGCForNative adj_start_bytes: 39327717 NativeAllocationGcWatermark: 11217647 java_gc_start_bytes: 22501247 kNewNativeDiscountFactor: 2 kOldNativeDiscountFactor: 65536 old_native_bytes: 148170919 new_native_bytes: 21367360 add_bytes_allowed: 33652941 is_gc_concurrent: 1 target_footprint_: 22632319 GetBytesAllocated: 11507447 HeapGrowthMultiplier: 3
12-14 16:08:19.819 22155 25734 I com.miui.home: CheckGCForNative gc_urgency 0.564319 current_native_bytes is 169538279
12-14 16:08:19.834 20160 20160 I wm_on_paused_called: [0,48532978,com.tencent.mobileqq.activity.LoginActivity,performPause,7]
12-14 16:08:19.901 22155 22155 I com.miui.home: CheckGCForNative adj_start_bytes: 39327717 NativeAllocationGcWatermark: 11217647 java_gc_start_bytes: 22501247 kNewNativeDiscountFactor: 2 kOldNativeDiscountFactor: 65536 old_native_bytes: 148170919 new_native_bytes: 10703208 add_bytes_allowed: 33652941 is_gc_concurrent: 1 target_footprint_: 22632319 GetBytesAllocated: 11579408 HeapGrowthMultiplier: 3
12-14 16:08:19.901 22155 22155 I com.miui.home: CheckGCForNative gc_urgency 0.430568 current_native_bytes is 158874127
12-14 16:08:19.922 20160 20160 I wm_on_stop_called: [0,48532978,com.tencent.mobileqq.activity.LoginActivity,STOP_ACTIVITY_ITEM,60]
12-14 16:08:19.961 22155 22392 I com.miui.home: CheckGCForNative adj_start_bytes: 39327717 NativeAllocationGcWatermark: 11217647 java_gc_start_bytes: 22501247 kNewNativeDiscountFactor: 2 kOldNativeDiscountFactor: 65536 old_native_bytes: 148170919 new_native_bytes: 21380384 add_bytes_allowed: 33652941 is_gc_concurrent: 1 target_footprint_: 22632319 GetBytesAllocated: 11720305 HeapGrowthMultiplier: 3
12-14 16:08:19.961 22155 22392 I com.miui.home: CheckGCForNative gc_urgency 0.569897 current_native_bytes is 169551303
12-14 16:08:20.371 22155 22155 I wm_on_top_resumed_lost_called: [185468407,com.miui.home.launcher.Launcher,topStateChangedWhenResumed]
12-14 16:08:20.373 22155 22155 I wm_on_paused_called: [0,185468407,com.miui.home.launcher.Launcher,performPause,1]
12-14 16:08:20.520 22155 25734 I com.miui.home: CheckGCForNative adj_start_bytes: 39327717 NativeAllocationGcWatermark: 11217647 java_gc_start_bytes: 22501247 kNewNativeDiscountFactor: 2 kOldNativeDiscountFactor: 65536 old_native_bytes: 148170919 new_native_bytes: 10874952 add_bytes_allowed: 33652941 is_gc_concurrent: 1 target_footprint_: 22632319 GetBytesAllocated: 12515019 HeapGrowthMultiplier: 3
12-14 16:08:20.520 22155 25734 I com.miui.home: CheckGCForNative gc_urgency 0.456542 current_native_bytes is 159045871
12-14 16:08:20.604 26245 26245 I wm_on_application_create_called: [0,com.smile.gifmaker,516]
12-14 16:08:20.834 22155 22229 I com.miui.home: CheckGCForNative adj_start_bytes: 39327717 NativeAllocationGcWatermark: 11217647 java_gc_start_bytes: 22501247 kNewNativeDiscountFactor: 2 kOldNativeDiscountFactor: 65536 old_native_bytes: 148170919 new_native_bytes: 11263976 add_bytes_allowed: 33652941 is_gc_concurrent: 1 target_footprint_: 22632319 GetBytesAllocated: 12873475 HeapGrowthMultiplier: 3
12-14 16:08:20.834 22155 22229 I com.miui.home: CheckGCForNative gc_urgency 0.470603 current_native_bytes is 159434895
12-14 16:08:21.702 26302 26302 I wm_on_application_create_called: [0,tv.danmaku.bili,420]
12-14 16:08:21.762 26302 26302 I wm_on_create_called: [0,77747421,tv.danmaku.bili.MainActivityV2,performCreate,39]
12-14 16:08:21.938 26302 26302 I wm_on_start_called: [0,77747421,tv.danmaku.bili.MainActivityV2,handleStartActivity,175]
12-14 16:08:21.952 26302 26302 I wm_on_resume_called: [0,77747421,tv.danmaku.bili.MainActivityV2,RESUME_ACTIVITY,12]
12-14 16:08:22.001 26302 26302 I wm_on_top_resumed_gained_called: [77747421,tv.danmaku.bili.MainActivityV2,topStateChangedWhenResumed]
12-14 16:08:22.419 22155 22155 I wm_on_stop_called: [0,185468407,com.miui.home.launcher.Launcher,STOP_ACTIVITY_ITEM,3]
12-14 16:08:23.292 22155 22155 I wm_on_restart_called: [0,185468407,com.miui.home.launcher.Launcher,,0]
12-14 16:08:23.293 22155 22155 I wm_on_start_called: [0,185468407,com.miui.home.launcher.Launcher,handleStartActivity,1]
12-14 16:08:23.323 22155 22155 I wm_on_resume_called: [0,185468407,com.miui.home.launcher.Launcher,RESUME_ACTIVITY,30]
12-14 16:08:23.340 26614 26614 I wm_on_application_create_called: [0,tv.danmaku.bili,269]
12-14 16:08:23.364 22155 22155 I com.miui.home: CheckGCForNative adj_start_bytes: 39327717 NativeAllocationGcWatermark: 11217647 java_gc_start_bytes: 22501247 kNewNativeDiscountFactor: 2 kOldNativeDiscountFactor: 65536 old_native_bytes: 148170919 new_native_bytes: 10998704 add_bytes_allowed: 33652941 is_gc_concurrent: 1 target_footprint_: 22632319 GetBytesAllocated: 13948023 HeapGrowthMultiplier: 3
12-14 16:08:23.364 22155 22155 I com.miui.home: CheckGCForNative gc_urgency 0.494553 current_native_bytes is 159169623
12-14 16:08:23.380 22155 22155 I wm_on_idle_called: com.miui.home.launcher.Launcher
12-14 16:08:23.453 26302 26302 I wm_on_top_resumed_lost_called: [77747421,tv.danmaku.bili.MainActivityV2,topStateChangedWhenResumed]
12-14 16:08:23.454 22155 22155 I wm_on_top_resumed_gained_called: [185468407,com.miui.home.launcher.Launcher,topStateChangedWhenResumed]
12-14 16:08:23.493 22155 22171 I com.miui.home: CheckGCForNative adj_start_bytes: 39327717 NativeAllocationGcWatermark: 11217647 java_gc_start_bytes: 22501247 kNewNativeDiscountFactor: 2 kOldNativeDiscountFactor: 65536 old_native_bytes: 148170919 new_native_bytes: 21907700 add_bytes_allowed: 33652941 is_gc_concurrent: 1 target_footprint_: 22632319 GetBytesAllocated: 14435506 HeapGrowthMultiplier: 3
12-14 16:08:23.493 22155 22171 I com.miui.home: CheckGCForNative gc_urgency 0.645642 current_native_bytes is 170078619
12-14 16:08:23.497 22155 22171 I com.miui.home: CheckGCForNative adj_start_bytes: 39327717 NativeAllocationGcWatermark: 11217647 java_gc_start_bytes: 22501247 kNewNativeDiscountFactor: 2 kOldNativeDiscountFactor: 65536 old_native_bytes: 148170919 new_native_bytes: 32614644 add_bytes_allowed: 33652941 is_gc_concurrent: 1 target_footprint_: 22632319 GetBytesAllocated: 14587573 HeapGrowthMultiplier: 3
12-14 16:08:23.497 22155 22171 I com.miui.home: CheckGCForNative gc_urgency 0.785633 current_native_bytes is 180785563
12-14 16:08:23.499 22155 22168 I com.miui.home: CheckGCForNative adj_start_bytes: 39327717 NativeAllocationGcWatermark: 11217647 java_gc_start_bytes: 22501247 kNewNativeDiscountFactor: 2 kOldNativeDiscountFactor: 65536 old_native_bytes: 148170919 new_native_bytes: 32615156 add_bytes_allowed: 33652941 is_gc_concurrent: 1 target_footprint_: 22632319 GetBytesAllocated: 14611339 HeapGrowthMultiplier: 3
12-14 16:08:23.499 22155 22168 I com.miui.home: CheckGCForNative gc_urgency 0.786244 current_native_bytes is 180786075
12-14 16:08:23.530 22155 22229 I com.miui.home: CheckGCForNative adj_start_bytes: 39327717 NativeAllocationGcWatermark: 11217647 java_gc_start_bytes: 22501247 kNewNativeDiscountFactor: 2 kOldNativeDiscountFactor: 65536 old_native_bytes: 148170919 new_native_bytes: 21959764 add_bytes_allowed: 33652941 is_gc_concurrent: 1 target_footprint_: 22632319 GetBytesAllocated: 14637319 HeapGrowthMultiplier: 3
12-14 16:08:23.530 22155 22229 I com.miui.home: CheckGCForNative gc_urgency 0.651435 current_native_bytes is 170130683
12-14 16:08:23.875 22155 22229 I com.miui.home: CheckGCForNative adj_start_bytes: 39327717 NativeAllocationGcWatermark: 11217647 java_gc_start_bytes: 22501247 kNewNativeDiscountFactor: 2 kOldNativeDiscountFactor: 65536 old_native_bytes: 148170919 new_native_bytes: 21934052 add_bytes_allowed: 33652941 is_gc_concurrent: 1 target_footprint_: 22632319 GetBytesAllocated: 14786505 HeapGrowthMultiplier: 3
12-14 16:08:23.875 22155 22229 I com.miui.home: CheckGCForNative gc_urgency 0.654902 current_native_bytes is 170104971
12-14 16:08:23.967 22155 22228 I com.miui.home: CheckGCForNative adj_start_bytes: 39327717 NativeAllocationGcWatermark: 11217647 java_gc_start_bytes: 22501247 kNewNativeDiscountFactor: 2 kOldNativeDiscountFactor: 65536 old_native_bytes: 148170919 new_native_bytes: 43200676 add_bytes_allowed: 33652941 is_gc_concurrent: 1 target_footprint_: 22632319 GetBytesAllocated: 14829229 HeapGrowthMultiplier: 3
12-14 16:08:23.967 22155 22228 I com.miui.home: CheckGCForNative gc_urgency 0.926365 current_native_bytes is 191371595
12-14 16:08:23.968 22155 22228 I com.miui.home: CheckGCForNative adj_start_bytes: 39327717 NativeAllocationGcWatermark: 11217647 java_gc_start_bytes: 22501247 kNewNativeDiscountFactor: 2 kOldNativeDiscountFactor: 65536 old_native_bytes: 148170919 new_native_bytes: 53908196 add_bytes_allowed: 33652941 is_gc_concurrent: 1 target_footprint_: 22632319 GetBytesAllocated: 14835207 HeapGrowthMultiplier: 3
12-14 16:08:23.968 22155 22228 I com.miui.home: CheckGCForNative gc_urgency 1.06265 current_native_bytes is 202079115
12-14 16:08:23.968 22155 22228 I com.miui.home: CheckGCForNative requested 1
12-14 16:08:23.969 22155 26876 I com.miui.home: CheckGCForNative adj_start_bytes: 39327717 NativeAllocationGcWatermark: 11217647 java_gc_start_bytes: 22501247 kNewNativeDiscountFactor: 2 kOldNativeDiscountFactor: 65536 old_native_bytes: 148170919 new_native_bytes: 43202468 add_bytes_allowed: 33652941 is_gc_concurrent: 1 target_footprint_: 22632319 GetBytesAllocated: 14835207 HeapGrowthMultiplier: 3
12-14 16:08:23.969 22155 26876 I com.miui.home: CheckGCForNative gc_urgency 0.92654 current_native_bytes is 191373387
12-14 16:08:24.119 22155 22164 I com.miui.home: NativeAlloc concurrent copying GC freed 70452(3144KB) AllocSpace objects, 14(392KB) LOS objects, 49% free, 10MB/21MB, paused 63us,323us total 151.252ms
12-14 16:08:24.121 26302 26302 I wm_on_paused_called: [0,77747421,tv.danmaku.bili.MainActivityV2,performPause,96]
12-14 16:08:24.266 22155 22392 I com.miui.home: CheckGCForNative gc_urgency 0 current_native_bytes is 159048195
12-14 16:08:24.318 26302 26302 I wm_on_stop_called: [0,77747421,tv.danmaku.bili.MainActivityV2,STOP_ACTIVITY_ITEM,43]
12-14 16:08:24.455 22155 22155 I wm_on_top_resumed_lost_called: [185468407,com.miui.home.launcher.Launcher,topStateChangedWhenResumed]
12-14 16:08:24.457 22155 22155 I wm_on_paused_called: [0,185468407,com.miui.home.launcher.Launcher,performPause,1]
12-14 16:08:24.618 26302 26302 I wm_on_idle_called: tv.danmaku.bili.MainActivityV2
12-14 16:08:24.746 22155 24733 I com.miui.home: CheckGCForNative gc_urgency 0 current_native_bytes is 148408155
12-14 16:08:24.855 22155 22229 I com.miui.home: CheckGCForNative adj_start_bytes: 39334930 NativeAllocationGcWatermark: 11218407 java_gc_start_bytes: 22507320 kNewNativeDiscountFactor: 2 kOldNativeDiscountFactor: 65536 old_native_bytes: 148408155 new_native_bytes: 339912 add_bytes_allowed: 33655221 is_gc_concurrent: 1 target_footprint_: 22638392 GetBytesAllocated: 12462626 HeapGrowthMultiplier: 3
12-14 16:08:24.855 22155 22229 I com.miui.home: CheckGCForNative gc_urgency 0.321212 current_native_bytes is 148748067
12-14 16:08:24.987 26872 26872 I wm_on_application_create_called: [0,tv.danmaku.bili,683]
12-14 16:08:25.211 22155 22229 I com.miui.home: CheckGCForNative adj_start_bytes: 39334930 NativeAllocationGcWatermark: 11218407 java_gc_start_bytes: 22507320 kNewNativeDiscountFactor: 2 kOldNativeDiscountFactor: 65536 old_native_bytes: 148408155 new_native_bytes: 297072 add_bytes_allowed: 33655221 is_gc_concurrent: 1 target_footprint_: 22638392 GetBytesAllocated: 12580447 HeapGrowthMultiplier: 3
12-14 16:08:25.211 22155 22229 I com.miui.home: CheckGCForNative gc_urgency 0.323663 current_native_bytes is 148705227
12-14 16:08:25.988 27021 27021 I wm_on_application_create_called: [0,com.taobao.taobao,341]
12-14 16:08:26.108 27021 27021 I wm_on_create_called: [0,237233210,com.taobao.tao.welcome.Welcome,performCreate,106]
12-14 16:08:26.205 27021 27021 I wm_on_start_called: [0,237233210,com.taobao.tao.welcome.Welcome,handleStartActivity,97]
12-14 16:08:26.259 27021 27021 I wm_on_resume_called: [0,237233210,com.taobao.tao.welcome.Welcome,RESUME_ACTIVITY,44]
12-14 16:08:26.291 22155 22193 I com.miui.home: CheckGCForNative adj_start_bytes: 39334930 NativeAllocationGcWatermark: 11218407 java_gc_start_bytes: 22507320 kNewNativeDiscountFactor: 2 kOldNativeDiscountFactor: 65536 old_native_bytes: 148408155 new_native_bytes: 625928 add_bytes_allowed: 33655221 is_gc_concurrent: 1 target_footprint_: 22638392 GetBytesAllocated: 12730953 HeapGrowthMultiplier: 3
12-14 16:08:26.291 22155 22193 I com.miui.home: CheckGCForNative gc_urgency 0.331669 current_native_bytes is 149034083
12-14 16:08:26.294 22155 22193 I com.miui.home: CheckGCForNative adj_start_bytes: 39334930 NativeAllocationGcWatermark: 11218407 java_gc_start_bytes: 22507320 kNewNativeDiscountFactor: 2 kOldNativeDiscountFactor: 65536 old_native_bytes: 148408155 new_native_bytes: 1019816 add_bytes_allowed: 33655221 is_gc_concurrent: 1 target_footprint_: 22638392 GetBytesAllocated: 12730953 HeapGrowthMultiplier: 3
12-14 16:08:26.294 22155 22193 I com.miui.home: CheckGCForNative gc_urgency 0.336676 current_native_bytes is 149427971
12-14 16:08:26.315 22155 22155 I com.miui.home: CheckGCForNative adj_start_bytes: 39334930 NativeAllocationGcWatermark: 11218407 java_gc_start_bytes: 22507320 kNewNativeDiscountFactor: 2 kOldNativeDiscountFactor: 65536 old_native_bytes: 148408155 new_native_bytes: 1515064 add_bytes_allowed: 33655221 is_gc_concurrent: 1 target_footprint_: 22638392 GetBytesAllocated: 12847220 HeapGrowthMultiplier: 3
12-14 16:08:26.315 22155 22155 I com.miui.home: CheckGCForNative gc_urgency 0.345927 current_native_bytes is 149923219
12-14 16:08:26.371 27021 27021 I wm_on_top_resumed_gained_called: [237233210,com.taobao.tao.welcome.Welcome,topStateChangedWhenResumed]
12-14 16:08:26.781 27365 27365 I wm_on_application_create_called: [0,tv.danmaku.bili,275]
12-14 16:08:27.111 22155 22155 I wm_on_stop_called: [0,185468407,com.miui.home.launcher.Launcher,STOP_ACTIVITY_ITEM,9]
12-14 16:08:27.153 27021 27021 I wm_on_idle_called: com.taobao.tao.welcome.Welcome
12-14 16:08:27.192 27469 27469 I wm_on_application_create_called: [0,tv.danmaku.bili,458]
12-14 16:08:27.785 27021 27021 I wm_on_top_resumed_lost_called: [237233210,com.taobao.tao.welcome.Welcome,topStateChangedWhenResumed]
12-14 16:08:27.790 22155 22155 I wm_on_restart_called: [0,185468407,com.miui.home.launcher.Launcher,,0]
12-14 16:08:27.791 22155 22155 I wm_on_start_called: [0,185468407,com.miui.home.launcher.Launcher,handleStartActivity,1]
12-14 16:08:27.795 22155 22155 I wm_on_resume_called: [0,185468407,com.miui.home.launcher.Launcher,RESUME_ACTIVITY,4]
12-14 16:08:27.797 22155 22155 I com.miui.home: CheckGCForNative adj_start_bytes: 39334930 NativeAllocationGcWatermark: 11218407 java_gc_start_bytes: 22507320 kNewNativeDiscountFactor: 2 kOldNativeDiscountFactor: 65536 old_native_bytes: 148408155 new_native_bytes: 2000292 add_bytes_allowed: 33655221 is_gc_concurrent: 1 target_footprint_: 22638392 GetBytesAllocated: 13909230 HeapGrowthMultiplier: 3
12-14 16:08:27.797 22155 22155 I com.miui.home: CheckGCForNative gc_urgency 0.379094 current_native_bytes is 150408447
12-14 16:08:27.834 22155 22155 I wm_on_top_resumed_gained_called: [185468407,com.miui.home.launcher.Launcher,topStateChangedWhenResumed]
12-14 16:08:27.836 22155 22155 I wm_on_idle_called: com.miui.home.launcher.Launcher
12-14 16:08:27.950 22155 23438 I com.miui.home: CheckGCForNative adj_start_bytes: 39334930 NativeAllocationGcWatermark: 11218407 java_gc_start_bytes: 22507320 kNewNativeDiscountFactor: 2 kOldNativeDiscountFactor: 65536 old_native_bytes: 148408155 new_native_bytes: 13096684 add_bytes_allowed: 33655221 is_gc_concurrent: 1 target_footprint_: 22638392 GetBytesAllocated: 14106873 HeapGrowthMultiplier: 3
12-14 16:08:27.950 22155 23438 I com.miui.home: CheckGCForNative gc_urgency 0.525169 current_native_bytes is 161504839
12-14 16:08:27.950 22155 23438 I com.miui.home: CheckGCForNative adj_start_bytes: 39334930 NativeAllocationGcWatermark: 11218407 java_gc_start_bytes: 22507320 kNewNativeDiscountFactor: 2 kOldNativeDiscountFactor: 65536 old_native_bytes: 148408155 new_native_bytes: 23804908 add_bytes_allowed: 33655221 is_gc_concurrent: 1 target_footprint_: 22638392 GetBytesAllocated: 14114772 HeapGrowthMultiplier: 3
12-14 16:08:27.950 22155 23438 I com.miui.home: CheckGCForNative gc_urgency 0.661486 current_native_bytes is 172213063
12-14 16:08:27.973 22155 23438 I com.miui.home: CheckGCForNative adj_start_bytes: 39334930 NativeAllocationGcWatermark: 11218407 java_gc_start_bytes: 22507320 kNewNativeDiscountFactor: 2 kOldNativeDiscountFactor: 65536 old_native_bytes: 148408155 new_native_bytes: 23837996 add_bytes_allowed: 33655221 is_gc_concurrent: 1 target_footprint_: 22638392 GetBytesAllocated: 14625623 HeapGrowthMultiplier: 3
12-14 16:08:27.973 22155 23438 I com.miui.home: CheckGCForNative gc_urgency 0.675339 current_native_bytes is 172246151
12-14 16:08:28.185 22155 22229 I com.miui.home: CheckGCForNative adj_start_bytes: 39334930 NativeAllocationGcWatermark: 11218407 java_gc_start_bytes: 22507320 kNewNativeDiscountFactor: 2 kOldNativeDiscountFactor: 65536 old_native_bytes: 148408155 new_native_bytes: 13205132 add_bytes_allowed: 33655221 is_gc_concurrent: 1 target_footprint_: 22638392 GetBytesAllocated: 14732376 HeapGrowthMultiplier: 3
12-14 16:08:28.185 22155 22229 I com.miui.home: CheckGCForNative gc_urgency 0.542449 current_native_bytes is 161613287
12-14 16:08:28.410 22155 22228 I com.miui.home: CheckGCForNative adj_start_bytes: 39334930 NativeAllocationGcWatermark: 11218407 java_gc_start_bytes: 22507320 kNewNativeDiscountFactor: 2 kOldNativeDiscountFactor: 65536 old_native_bytes: 148408155 new_native_bytes: 23909020 add_bytes_allowed: 33655221 is_gc_concurrent: 1 target_footprint_: 22638392 GetBytesAllocated: 14838545 HeapGrowthMultiplier: 3
12-14 16:08:28.410 22155 22228 I com.miui.home: CheckGCForNative gc_urgency 0.681209 current_native_bytes is 172317175
12-14 16:08:28.410 22155 22228 I com.miui.home: CheckGCForNative adj_start_bytes: 39334930 NativeAllocationGcWatermark: 11218407 java_gc_start_bytes: 22507320 kNewNativeDiscountFactor: 2 kOldNativeDiscountFactor: 65536 old_native_bytes: 148408155 new_native_bytes: 34615900 add_bytes_allowed: 33655221 is_gc_concurrent: 1 target_footprint_: 22638392 GetBytesAllocated: 14838737 HeapGrowthMultiplier: 3
12-14 16:08:28.410 22155 22228 I com.miui.home: CheckGCForNative gc_urgency 0.817313 current_native_bytes is 183024055
12-14 16:08:28.412 22155 23438 I com.miui.home: CheckGCForNative adj_start_bytes: 39334930 NativeAllocationGcWatermark: 11218407 java_gc_start_bytes: 22507320 kNewNativeDiscountFactor: 2 kOldNativeDiscountFactor: 65536 old_native_bytes: 148408155 new_native_bytes: 34593884 add_bytes_allowed: 33655221 is_gc_concurrent: 1 target_footprint_: 22638392 GetBytesAllocated: 14843244 HeapGrowthMultiplier: 3
12-14 16:08:28.412 22155 23438 I com.miui.home: CheckGCForNative gc_urgency 0.817148 current_native_bytes is 183002039
12-14 16:08:28.447 27021 27021 I wm_on_paused_called: [0,237233210,com.taobao.tao.welcome.Welcome,performPause,26]
12-14 16:08:28.564 27021 27021 I wm_on_stop_called: [0,237233210,com.taobao.tao.welcome.Welcome,STOP_ACTIVITY_ITEM,49]
12-14 16:08:28.634 22155 22392 I com.miui.home: CheckGCForNative adj_start_bytes: 39334930 NativeAllocationGcWatermark: 11218407 java_gc_start_bytes: 22507320 kNewNativeDiscountFactor: 2 kOldNativeDiscountFactor: 65536 old_native_bytes: 148408155 new_native_bytes: 34674404 add_bytes_allowed: 33655221 is_gc_concurrent: 1 target_footprint_: 22638392 GetBytesAllocated: 15041490 HeapGrowthMultiplier: 3
12-14 16:08:28.635 22155 22392 I com.miui.home: CheckGCForNative gc_urgency 0.823211 current_native_bytes is 183082559
12-14 16:08:29.033 22155 22155 I wm_on_top_resumed_lost_called: [185468407,com.miui.home.launcher.Launcher,topStateChangedWhenResumed]
12-14 16:08:29.035 22155 22155 I wm_on_paused_called: [0,185468407,com.miui.home.launcher.Launcher,performPause,1]
12-14 16:08:29.257 22155 26876 I com.miui.home: CheckGCForNative adj_start_bytes: 39334930 NativeAllocationGcWatermark: 11218407 java_gc_start_bytes: 22507320 kNewNativeDiscountFactor: 2 kOldNativeDiscountFactor: 65536 old_native_bytes: 148408155 new_native_bytes: 24679996 add_bytes_allowed: 33655221 is_gc_concurrent: 1 target_footprint_: 22638392 GetBytesAllocated: 15897109 HeapGrowthMultiplier: 3
12-14 16:08:29.257 22155 26876 I com.miui.home: CheckGCForNative gc_urgency 0.717921 current_native_bytes is 173088151
12-14 16:08:29.377 22155 22229 I com.miui.home: CheckGCForNative adj_start_bytes: 39334930 NativeAllocationGcWatermark: 11218407 java_gc_start_bytes: 22507320 kNewNativeDiscountFactor: 2 kOldNativeDiscountFactor: 65536 old_native_bytes: 148408155 new_native_bytes: 24956988 add_bytes_allowed: 33655221 is_gc_concurrent: 1 target_footprint_: 22638392 GetBytesAllocated: 16286441 HeapGrowthMultiplier: 3
12-14 16:08:29.377 22155 22229 I com.miui.home: CheckGCForNative gc_urgency 0.73134 current_native_bytes is 173365143
12-14 16:08:29.566 22155 22229 I com.miui.home: CheckGCForNative adj_start_bytes: 39334930 NativeAllocationGcWatermark: 11218407 java_gc_start_bytes: 22507320 kNewNativeDiscountFactor: 2 kOldNativeDiscountFactor: 65536 old_native_bytes: 148408155 new_native_bytes: 24968316 add_bytes_allowed: 33655221 is_gc_concurrent: 1 target_footprint_: 22638392 GetBytesAllocated: 16337960 HeapGrowthMultiplier: 3
12-14 16:08:29.566 22155 22229 I com.miui.home: CheckGCForNative gc_urgency 0.732794 current_native_bytes is 173376471
12-14 16:08:29.726 25699 25699 I wm_on_create_called: [0,189606995,com.tencent.mm.ui.LauncherUI,performCreate,102]
12-14 16:08:29.934 25699 25699 I wm_on_create_called: [0,169900945,com.tencent.mm.app.WeChatSplashActivity,performCreate,4]
12-14 16:08:30.032 25699 25699 I wm_on_start_called: [0,169900945,com.tencent.mm.app.WeChatSplashActivity,handleStartActivity,80]
12-14 16:08:30.042 25699 25699 I wm_on_resume_called: [0,169900945,com.tencent.mm.app.WeChatSplashActivity,RESUME_ACTIVITY,8]
12-14 16:08:30.086 25699 25699 I wm_on_top_resumed_gained_called: [169900945,com.tencent.mm.app.WeChatSplashActivity,topStateChangedWhenResumed]
12-14 16:08:30.280 25699 25699 I wm_on_top_resumed_lost_called: [169900945,com.tencent.mm.app.WeChatSplashActivity,topStateChangedWhenResumed]
12-14 16:08:30.287 25699 25699 I wm_on_paused_called: [0,169900945,com.tencent.mm.app.WeChatSplashActivity,performPause,1]
12-14 16:08:30.370 22155 22155 I wm_on_stop_called: [0,185468407,com.miui.home.launcher.Launcher,STOP_ACTIVITY_ITEM,6]
12-14 16:08:30.542 25699 25699 I wm_on_create_called: [0,176431548,com.tencent.mm.ui.LauncherUI,performCreate,209]
12-14 16:08:30.578 25699 25699 I wm_on_start_called: [0,176431548,com.tencent.mm.ui.LauncherUI,handleStartActivity,28]
12-14 16:08:30.631 25699 25699 I wm_on_resume_called: [0,176431548,com.tencent.mm.ui.LauncherUI,RESUME_ACTIVITY,53]
12-14 16:08:30.644 25699 25699 I wm_on_top_resumed_gained_called: [176431548,com.tencent.mm.ui.LauncherUI,topStateChangedWhenResumed]
12-14 16:08:30.665 25699 25699 I wm_on_destroy_called: [0,189606995,com.tencent.mm.ui.LauncherUI,performDestroy,1]
12-14 16:08:30.680 25699 25699 I wm_on_top_resumed_lost_called: [176431548,com.tencent.mm.ui.LauncherUI,topStateChangedWhenResumed]
12-14 16:08:30.689 25699 25699 I wm_on_paused_called: [0,176431548,com.tencent.mm.ui.LauncherUI,performPause,8]
12-14 16:08:30.834 25699 25699 I wm_on_create_called: [0,259971517,com.tencent.mm.plugin.account.ui.WelcomeActivity,performCreate,56]
12-14 16:08:30.837 25699 25699 I wm_on_start_called: [0,259971517,com.tencent.mm.plugin.account.ui.WelcomeActivity,handleStartActivity,2]
12-14 16:08:30.845 25699 25699 I wm_on_resume_called: [0,259971517,com.tencent.mm.plugin.account.ui.WelcomeActivity,RESUME_ACTIVITY,7]
12-14 16:08:30.854 25699 25699 I wm_on_top_resumed_gained_called: [259971517,com.tencent.mm.plugin.account.ui.WelcomeActivity,topStateChangedWhenResumed]
12-14 16:08:31.273 25699 25699 I wm_on_stop_called: [0,169900945,com.tencent.mm.app.WeChatSplashActivity,LIFECYCLER_STOP_ACTIVITY,4]
12-14 16:08:31.285 25699 25699 I wm_on_destroy_called: [0,169900945,com.tencent.mm.app.WeChatSplashActivity,performDestroy,11]
12-14 16:08:31.342 25699 25699 I wm_on_stop_called: [0,176431548,com.tencent.mm.ui.LauncherUI,STOP_ACTIVITY_ITEM,9]
12-14 16:08:31.563 28008 28008 I wm_on_application_create_called: [0,com.tencent.mm,927]
12-14 16:08:31.908 25699 25699 I wm_on_top_resumed_lost_called: [259971517,com.tencent.mm.plugin.account.ui.WelcomeActivity,topStateChangedWhenResumed]
12-14 16:08:31.918 22155 22155 I wm_on_restart_called: [0,185468407,com.miui.home.launcher.Launcher,,0]
12-14 16:08:31.919 22155 22155 I wm_on_start_called: [0,185468407,com.miui.home.launcher.Launcher,handleStartActivity,1]
12-14 16:08:31.930 22155 22155 I wm_on_resume_called: [0,185468407,com.miui.home.launcher.Launcher,RESUME_ACTIVITY,11]
12-14 16:08:31.956 22155 22209 I com.miui.home: CheckGCForNative adj_start_bytes: 39334930 NativeAllocationGcWatermark: 11218407 java_gc_start_bytes: 22507320 kNewNativeDiscountFactor: 2 kOldNativeDiscountFactor: 65536 old_native_bytes: 148408155 new_native_bytes: 25001436 add_bytes_allowed: 33655221 is_gc_concurrent: 1 target_footprint_: 22638392 GetBytesAllocated: 19178679 HeapGrowthMultiplier: 3
12-14 16:08:31.956 22155 22209 I com.miui.home: CheckGCForNative gc_urgency 0.805433 current_native_bytes is 173409591
12-14 16:08:32.016 22155 22155 I wm_on_top_resumed_gained_called: [185468407,com.miui.home.launcher.Launcher,topStateChangedWhenResumed]
12-14 16:08:32.019 22155 22155 I wm_on_idle_called: com.miui.home.launcher.Launcher
12-14 16:08:32.090 22155 26876 I com.miui.home: CheckGCForNative adj_start_bytes: 39334930 NativeAllocationGcWatermark: 11218407 java_gc_start_bytes: 22507320 kNewNativeDiscountFactor: 2 kOldNativeDiscountFactor: 65536 old_native_bytes: 148408155 new_native_bytes: 35935408 add_bytes_allowed: 33655221 is_gc_concurrent: 1 target_footprint_: 22638392 GetBytesAllocated: 19831294 HeapGrowthMultiplier: 3
12-14 16:08:32.090 22155 26876 I com.miui.home: CheckGCForNative gc_urgency 0.96101 current_native_bytes is 184343563
12-14 16:08:32.090 22155 22155 I com.miui.home: CheckGCForNative adj_start_bytes: 39334930 NativeAllocationGcWatermark: 11218407 java_gc_start_bytes: 22507320 kNewNativeDiscountFactor: 2 kOldNativeDiscountFactor: 65536 old_native_bytes: 148408155 new_native_bytes: 46642352 add_bytes_allowed: 33655221 is_gc_concurrent: 1 target_footprint_: 22638392 GetBytesAllocated: 19836875 HeapGrowthMultiplier: 3
12-14 16:08:32.090 22155 22155 I com.miui.home: CheckGCForNative gc_urgency 1.09727 current_native_bytes is 195050507
12-14 16:08:32.090 22155 22173 I com.miui.home: CheckGCForNative adj_start_bytes: 39334930 NativeAllocationGcWatermark: 11218407 java_gc_start_bytes: 22507320 kNewNativeDiscountFactor: 2 kOldNativeDiscountFactor: 65536 old_native_bytes: 148408155 new_native_bytes: 57348272 add_bytes_allowed: 33655221 is_gc_concurrent: 1 target_footprint_: 22638392 GetBytesAllocated: 19837786 HeapGrowthMultiplier: 3
12-14 16:08:32.090 22155 22155 I com.miui.home: CheckGCForNative requested 1
12-14 16:08:32.091 22155 22173 I com.miui.home: CheckGCForNative gc_urgency 1.23336 current_native_bytes is 205756427
12-14 16:08:32.091 22155 22173 I com.miui.home: CheckGCForNative requested 1
12-14 16:08:32.194 22155 22164 I com.miui.home: NativeAlloc concurrent copying GC freed 166527(7598KB) AllocSpace objects, 28(784KB) LOS objects, 49% free, 10MB/21MB, paused 168us,60us total 103.535ms
12-14 16:08:32.206 22155 22229 I com.miui.home: CheckGCForNative gc_urgency 0 current_native_bytes is 149417391
12-14 16:08:32.361 22155 22229 I com.miui.home: CheckGCForNative adj_start_bytes: 39469627 NativeAllocationGcWatermark: 11232585 java_gc_start_bytes: 22620750 kNewNativeDiscountFactor: 2 kOldNativeDiscountFactor: 65536 old_native_bytes: 149417391 new_native_bytes: 13056 add_bytes_allowed: 33697755 is_gc_concurrent: 1 target_footprint_: 22751822 GetBytesAllocated: 11430868 HeapGrowthMultiplier: 3
12-14 16:08:32.361 22155 22229 I com.miui.home: CheckGCForNative gc_urgency 0.289835 current_native_bytes is 149430447
12-14 16:08:32.570 22155 22228 I com.miui.home: CheckGCForNative adj_start_bytes: 39469627 NativeAllocationGcWatermark: 11232585 java_gc_start_bytes: 22620750 kNewNativeDiscountFactor: 2 kOldNativeDiscountFactor: 65536 old_native_bytes: 149417391 new_native_bytes: 10680352 add_bytes_allowed: 33697755 is_gc_concurrent: 1 target_footprint_: 22751822 GetBytesAllocated: 11587009 HeapGrowthMultiplier: 3
12-14 16:08:32.571 22155 22228 I com.miui.home: CheckGCForNative gc_urgency 0.428924 current_native_bytes is 160097743
12-14 16:08:32.571 22155 26876 I com.miui.home: CheckGCForNative adj_start_bytes: 39469627 NativeAllocationGcWatermark: 11232585 java_gc_start_bytes: 22620750 kNewNativeDiscountFactor: 2 kOldNativeDiscountFactor: 65536 old_native_bytes: 149417391 new_native_bytes: 21386272 add_bytes_allowed: 33697755 is_gc_concurrent: 1 target_footprint_: 22751822 GetBytesAllocated: 11587009 HeapGrowthMultiplier: 3
12-14 16:08:32.571 22155 26876 I com.miui.home: CheckGCForNative gc_urgency 0.564551 current_native_bytes is 170803663
12-14 16:08:32.571 22155 22228 I com.miui.home: CheckGCForNative adj_start_bytes: 39469627 NativeAllocationGcWatermark: 11232585 java_gc_start_bytes: 22620750 kNewNativeDiscountFactor: 2 kOldNativeDiscountFactor: 65536 old_native_bytes: 149417391 new_native_bytes: 32092064 add_bytes_allowed: 33697755 is_gc_concurrent: 1 target_footprint_: 22751822 GetBytesAllocated: 11587201 HeapGrowthMultiplier: 3
12-14 16:08:32.571 22155 22228 I com.miui.home: CheckGCForNative gc_urgency 0.700176 current_native_bytes is 181509455
12-14 16:08:32.603 25699 25699 I wm_on_paused_called: [0,259971517,com.tencent.mm.plugin.account.ui.WelcomeActivity,performPause,9]
12-14 16:08:32.666 25699 25699 I wm_on_stop_called: [0,259971517,com.tencent.mm.plugin.account.ui.WelcomeActivity,STOP_ACTIVITY_ITEM,9]
12-14 16:08:32.671 25699 25699 I wm_on_idle_called: com.tencent.mm.ui.LauncherUI
12-14 16:08:32.671 25699 25699 I wm_on_idle_called: com.tencent.mm.plugin.account.ui.WelcomeActivity
12-14 16:08:32.733 22155 22392 I com.miui.home: CheckGCForNative adj_start_bytes: 39469627 NativeAllocationGcWatermark: 11232585 java_gc_start_bytes: 22620750 kNewNativeDiscountFactor: 2 kOldNativeDiscountFactor: 65536 old_native_bytes: 149417391 new_native_bytes: 21486616 add_bytes_allowed: 33697755 is_gc_concurrent: 1 target_footprint_: 22751822 GetBytesAllocated: 12048949 HeapGrowthMultiplier: 3
12-14 16:08:32.733 22155 22392 I com.miui.home: CheckGCForNative gc_urgency 0.577521 current_native_bytes is 170904007
12-14 16:08:32.997 22155 22155 I wm_on_top_resumed_lost_called: [185468407,com.miui.home.launcher.Launcher,topStateChangedWhenResumed]
12-14 16:08:33.000 22155 22155 I wm_on_paused_called: [0,185468407,com.miui.home.launcher.Launcher,performPause,2]
12-14 16:08:33.108 22155 22226 I com.miui.home: CheckGCForNative adj_start_bytes: 39469627 NativeAllocationGcWatermark: 11232585 java_gc_start_bytes: 22620750 kNewNativeDiscountFactor: 2 kOldNativeDiscountFactor: 65536 old_native_bytes: 149417391 new_native_bytes: 11287552 add_bytes_allowed: 33697755 is_gc_concurrent: 1 target_footprint_: 22751822 GetBytesAllocated: 13263970 HeapGrowthMultiplier: 3
12-14 16:08:33.108 22155 22226 I com.miui.home: CheckGCForNative gc_urgency 0.479103 current_native_bytes is 160704943
12-14 16:08:33.386 22155 22229 I com.miui.home: CheckGCForNative adj_start_bytes: 39469627 NativeAllocationGcWatermark: 11232585 java_gc_start_bytes: 22620750 kNewNativeDiscountFactor: 2 kOldNativeDiscountFactor: 65536 old_native_bytes: 149417391 new_native_bytes: 11546800 add_bytes_allowed: 33697755 is_gc_concurrent: 1 target_footprint_: 22751822 GetBytesAllocated: 13846619 HeapGrowthMultiplier: 3
12-14 16:08:33.386 22155 22229 I com.miui.home: CheckGCForNative gc_urgency 0.497149 current_native_bytes is 160964191
12-14 16:08:33.487 22155 22229 I com.miui.home: CheckGCForNative adj_start_bytes: 39469627 NativeAllocationGcWatermark: 11232585 java_gc_start_bytes: 22620750 kNewNativeDiscountFactor: 2 kOldNativeDiscountFactor: 65536 old_native_bytes: 149417391 new_native_bytes: 11555248 add_bytes_allowed: 33697755 is_gc_concurrent: 1 target_footprint_: 22751822 GetBytesAllocated: 13874286 HeapGrowthMultiplier: 3
12-14 16:08:33.487 22155 22229 I com.miui.home: CheckGCForNative gc_urgency 0.497957 current_native_bytes is 160972639
12-14 16:08:33.791 28318 28318 I wm_on_application_create_called: [0,com.kmxs.reader,470]
12-14 16:08:34.105 28318 28318 I wm_on_create_called: [0,251157135,com.km.app.home.view.LoadingActivity,performCreate,271]
12-14 16:08:34.118 28318 28318 I wm_on_start_called: [0,251157135,com.km.app.home.view.LoadingActivity,handleStartActivity,12]
12-14 16:08:34.135 28318 28318 I wm_on_resume_called: [0,251157135,com.km.app.home.view.LoadingActivity,RESUME_ACTIVITY,9]
12-14 16:08:34.214 28318 28318 I wm_on_top_resumed_gained_called: [251157135,com.km.app.home.view.LoadingActivity,topStateChangedWhenResumed]
12-14 16:08:34.713 22155 22155 I wm_on_stop_called: [0,185468407,com.miui.home.launcher.Launcher,STOP_ACTIVITY_ITEM,3]
12-14 16:08:34.791 28318 28318 I wm_on_idle_called: com.km.app.home.view.LoadingActivity
12-14 16:08:34.865 28318 28318 I wm_on_top_resumed_lost_called: [251157135,com.km.app.home.view.LoadingActivity,topStateChangedWhenResumed]
12-14 16:08:34.871 28318 28318 I wm_on_paused_called: [0,251157135,com.km.app.home.view.LoadingActivity,performPause,6]
12-14 16:08:35.026 28318 28318 I wm_on_create_called: [0,40667446,com.kmxs.reader.home.ui.HomeActivity,performCreate,87]
12-14 16:08:35.031 28318 28318 I wm_on_start_called: [0,40667446,com.kmxs.reader.home.ui.HomeActivity,handleStartActivity,1]
12-14 16:08:35.066 28318 28318 I wm_on_resume_called: [0,40667446,com.kmxs.reader.home.ui.HomeActivity,RESUME_ACTIVITY,32]
12-14 16:08:35.099 28318 28318 I wm_on_top_resumed_gained_called: [40667446,com.kmxs.reader.home.ui.HomeActivity,topStateChangedWhenResumed]
12-14 16:08:35.289 28318 28318 I wm_on_stop_called: [0,251157135,com.km.app.home.view.LoadingActivity,LIFECYCLER_STOP_ACTIVITY,7]
12-14 16:08:35.302 28318 28318 I wm_on_destroy_called: [0,251157135,com.km.app.home.view.LoadingActivity,performDestroy,4]
12-14 16:08:35.408 28318 28318 I wm_on_idle_called: com.kmxs.reader.home.ui.HomeActivity
12-14 16:08:37.038 22155 22155 I wm_on_restart_called: [0,185468407,com.miui.home.launcher.Launcher,,0]
12-14 16:08:37.039 22155 22155 I wm_on_start_called: [0,185468407,com.miui.home.launcher.Launcher,handleStartActivity,0]
12-14 16:08:37.044 22155 22155 I wm_on_resume_called: [0,185468407,com.miui.home.launcher.Launcher,RESUME_ACTIVITY,4]
12-14 16:08:37.091 22155 22155 I wm_on_idle_called: com.miui.home.launcher.Launcher
12-14 16:08:37.100 28318 28318 I wm_on_top_resumed_lost_called: [40667446,com.kmxs.reader.home.ui.HomeActivity,topStateChangedWhenResumed]
12-14 16:08:37.101 22155 24733 I com.miui.home: CheckGCForNative adj_start_bytes: 39469627 NativeAllocationGcWatermark: 11232585 java_gc_start_bytes: 22620750 kNewNativeDiscountFactor: 2 kOldNativeDiscountFactor: 65536 old_native_bytes: 149417391 new_native_bytes: 11695692 add_bytes_allowed: 33697755 is_gc_concurrent: 1 target_footprint_: 22751822 GetBytesAllocated: 16277724 HeapGrowthMultiplier: 3
12-14 16:08:37.101 22155 24733 I com.miui.home: CheckGCForNative gc_urgency 0.56063 current_native_bytes is 161113083
12-14 16:08:37.103 22155 22155 I wm_on_top_resumed_gained_called: [185468407,com.miui.home.launcher.Launcher,topStateChangedWhenResumed]
12-14 16:08:37.206 22155 24733 I com.miui.home: CheckGCForNative adj_start_bytes: 39469627 NativeAllocationGcWatermark: 11232585 java_gc_start_bytes: 22620750 kNewNativeDiscountFactor: 2 kOldNativeDiscountFactor: 65536 old_native_bytes: 149417391 new_native_bytes: 22410292 add_bytes_allowed: 33697755 is_gc_concurrent: 1 target_footprint_: 22751822 GetBytesAllocated: 16309837 HeapGrowthMultiplier: 3
12-14 16:08:37.206 22155 24733 I com.miui.home: CheckGCForNative gc_urgency 0.697176 current_native_bytes is 171827683
12-14 16:08:37.207 22155 22169 I com.miui.home: CheckGCForNative adj_start_bytes: 39469627 NativeAllocationGcWatermark: 11232585 java_gc_start_bytes: 22620750 kNewNativeDiscountFactor: 2 kOldNativeDiscountFactor: 65536 old_native_bytes: 149417391 new_native_bytes: 43823348 add_bytes_allowed: 33697755 is_gc_concurrent: 1 target_footprint_: 22751822 GetBytesAllocated: 16317422 HeapGrowthMultiplier: 3
12-14 16:08:37.207 22155 22169 I com.miui.home: CheckGCForNative gc_urgency 0.968628 current_native_bytes is 193240739
12-14 16:08:37.208 22155 22155 I com.miui.home: CheckGCForNative adj_start_bytes: 39469627 NativeAllocationGcWatermark: 11232585 java_gc_start_bytes: 22620750 kNewNativeDiscountFactor: 2 kOldNativeDiscountFactor: 65536 old_native_bytes: 149417391 new_native_bytes: 54530292 add_bytes_allowed: 33697755 is_gc_concurrent: 1 target_footprint_: 22751822 GetBytesAllocated: 16324073 HeapGrowthMultiplier: 3
12-14 16:08:37.208 22155 22155 I com.miui.home: CheckGCForNative gc_urgency 1.10443 current_native_bytes is 203947683
12-14 16:08:37.208 22155 22155 I com.miui.home: CheckGCForNative requested 1
12-14 16:08:37.209 22155 24733 I com.miui.home: CheckGCForNative adj_start_bytes: 39469627 NativeAllocationGcWatermark: 11232585 java_gc_start_bytes: 22620750 kNewNativeDiscountFactor: 2 kOldNativeDiscountFactor: 65536 old_native_bytes: 149417391 new_native_bytes: 33117428 add_bytes_allowed: 33697755 is_gc_concurrent: 1 target_footprint_: 22751822 GetBytesAllocated: 16327941 HeapGrowthMultiplier: 3
12-14 16:08:37.209 22155 24733 I com.miui.home: CheckGCForNative gc_urgency 0.833272 current_native_bytes is 182534819
12-14 16:08:37.368 22155 22229 I com.miui.home: CheckGCForNative adj_start_bytes: 39469627 NativeAllocationGcWatermark: 11232585 java_gc_start_bytes: 22620750 kNewNativeDiscountFactor: 2 kOldNativeDiscountFactor: 65536 old_native_bytes: 149417391 new_native_bytes: 33168532 add_bytes_allowed: 33697755 is_gc_concurrent: 1 target_footprint_: 22751822 GetBytesAllocated: 16108574 HeapGrowthMultiplier: 3
12-14 16:08:37.368 22155 22229 I com.miui.home: CheckGCForNative gc_urgency 0.828362 current_native_bytes is 182585923
12-14 16:08:37.369 22155 22164 I com.miui.home: NativeAlloc concurrent copying GC freed 100828(4620KB) AllocSpace objects, 12(336KB) LOS objects, 49% free, 10MB/21MB, paused 3.638ms,144us total 159.001ms
12-14 16:08:37.502 22155 22229 I com.miui.home: CheckGCForNative gc_urgency 0 current_native_bytes is 149734415
12-14 16:08:37.685 22155 22169 I com.miui.home: CheckGCForNative adj_start_bytes: 39488627 NativeAllocationGcWatermark: 11234655 java_gc_start_bytes: 22636645 kNewNativeDiscountFactor: 2 kOldNativeDiscountFactor: 65536 old_native_bytes: 149734415 new_native_bytes: 10667872 add_bytes_allowed: 33703965 is_gc_concurrent: 1 target_footprint_: 22768382 GetBytesAllocated: 11533804 HeapGrowthMultiplier: 3
12-14 16:08:37.686 22155 22169 I com.miui.home: CheckGCForNative gc_urgency 0.427212 current_native_bytes is 160402287
12-14 16:08:37.686 22155 22155 I com.miui.home: CheckGCForNative adj_start_bytes: 39488627 NativeAllocationGcWatermark: 11234655 java_gc_start_bytes: 22636645 kNewNativeDiscountFactor: 2 kOldNativeDiscountFactor: 65536 old_native_bytes: 149734415 new_native_bytes: 21375072 add_bytes_allowed: 33703965 is_gc_concurrent: 1 target_footprint_: 22768382 GetBytesAllocated: 11533996 HeapGrowthMultiplier: 3
12-14 16:08:37.686 22155 22155 I com.miui.home: CheckGCForNative gc_urgency 0.56279 current_native_bytes is 171109487
12-14 16:08:37.689 22155 22228 I com.miui.home: CheckGCForNative adj_start_bytes: 39488627 NativeAllocationGcWatermark: 11234655 java_gc_start_bytes: 22636645 kNewNativeDiscountFactor: 2 kOldNativeDiscountFactor: 65536 old_native_bytes: 149734415 new_native_bytes: 21375520 add_bytes_allowed: 33703965 is_gc_concurrent: 1 target_footprint_: 22768382 GetBytesAllocated: 11533996 HeapGrowthMultiplier: 3
12-14 16:08:37.689 22155 22228 I com.miui.home: CheckGCForNative gc_urgency 0.562796 current_native_bytes is 171109935
12-14 16:08:37.701 28318 28318 I wm_on_paused_called: [0,40667446,com.kmxs.reader.home.ui.HomeActivity,performPause,4]
12-14 16:08:37.797 28318 28318 I wm_on_stop_called: [0,40667446,com.kmxs.reader.home.ui.HomeActivity,STOP_ACTIVITY_ITEM,19]
12-14 16:08:37.838 22155 22392 I com.miui.home: CheckGCForNative adj_start_bytes: 39488627 NativeAllocationGcWatermark: 11234655 java_gc_start_bytes: 22636645 kNewNativeDiscountFactor: 2 kOldNativeDiscountFactor: 65536 old_native_bytes: 149734415 new_native_bytes: 21498448 add_bytes_allowed: 33703965 is_gc_concurrent: 1 target_footprint_: 22768382 GetBytesAllocated: 12018090 HeapGrowthMultiplier: 3
12-14 16:08:37.838 22155 22392 I com.miui.home: CheckGCForNative gc_urgency 0.576612 current_native_bytes is 171232863
12-14 16:08:38.215 22155 22155 I wm_on_top_resumed_lost_called: [185468407,com.miui.home.launcher.Launcher,topStateChangedWhenResumed]
12-14 16:08:38.228 22155 22155 I wm_on_paused_called: [0,185468407,com.miui.home.launcher.Launcher,performPause,1]
12-14 16:08:38.349 22155 24733 I com.miui.home: CheckGCForNative adj_start_bytes: 39488627 NativeAllocationGcWatermark: 11234655 java_gc_start_bytes: 22636645 kNewNativeDiscountFactor: 2 kOldNativeDiscountFactor: 65536 old_native_bytes: 149734415 new_native_bytes: 11252720 add_bytes_allowed: 33703965 is_gc_concurrent: 1 target_footprint_: 22768382 GetBytesAllocated: 13364603 HeapGrowthMultiplier: 3
12-14 16:08:38.349 22155 24733 I com.miui.home: CheckGCForNative gc_urgency 0.48098 current_native_bytes is 160987135
12-14 16:08:38.593 22155 22229 I com.miui.home: CheckGCForNative adj_start_bytes: 39488627 NativeAllocationGcWatermark: 11234655 java_gc_start_bytes: 22636645 kNewNativeDiscountFactor: 2 kOldNativeDiscountFactor: 65536 old_native_bytes: 149734415 new_native_bytes: 11743344 add_bytes_allowed: 33703965 is_gc_concurrent: 1 target_footprint_: 22768382 GetBytesAllocated: 13949788 HeapGrowthMultiplier: 3
12-14 16:08:38.593 22155 22229 I com.miui.home: CheckGCForNative gc_urgency 0.502011 current_native_bytes is 161477759
12-14 16:08:38.638 22155 22229 I com.miui.home: CheckGCForNative adj_start_bytes: 39488627 NativeAllocationGcWatermark: 11234655 java_gc_start_bytes: 22636645 kNewNativeDiscountFactor: 2 kOldNativeDiscountFactor: 65536 old_native_bytes: 149734415 new_native_bytes: 11745392 add_bytes_allowed: 33703965 is_gc_concurrent: 1 target_footprint_: 22768382 GetBytesAllocated: 13966172 HeapGrowthMultiplier: 3
12-14 16:08:38.638 22155 22229 I com.miui.home: CheckGCForNative gc_urgency 0.502452 current_native_bytes is 161479807
12-14 16:08:38.978 28960 28960 I wm_on_application_create_called: [0,com.UCMobile,235]
12-14 16:08:39.137 28960 28960 I wm_on_create_called: [0,250256070,com.UCMobile.main.UCMobile,performCreate,140]
12-14 16:08:39.249 28960 28960 I wm_on_create_called: [0,84307956,com.uc.browser.InnerUCMobile,performCreate,39]
12-14 16:08:39.262 28960 28960 I wm_on_start_called: [0,84307956,com.uc.browser.InnerUCMobile,handleStartActivity,12]
12-14 16:08:39.278 28960 28960 I wm_on_resume_called: [0,84307956,com.uc.browser.InnerUCMobile,RESUME_ACTIVITY,10]
12-14 16:08:39.347 28960 28960 I wm_on_top_resumed_gained_called: [84307956,com.uc.browser.InnerUCMobile,topStateChangedWhenResumed]
12-14 16:08:39.757 22155 22155 I wm_on_stop_called: [0,185468407,com.miui.home.launcher.Launcher,STOP_ACTIVITY_ITEM,7]
12-14 16:08:40.260 28960 28960 I wm_on_destroy_called: [0,250256070,com.UCMobile.main.UCMobile,performDestroy,109]
12-14 16:08:41.303 22155 22155 I wm_on_restart_called: [0,185468407,com.miui.home.launcher.Launcher,,0]
12-14 16:08:41.304 22155 22155 I wm_on_start_called: [0,185468407,com.miui.home.launcher.Launcher,handleStartActivity,1]
12-14 16:08:41.309 22155 22155 I wm_on_resume_called: [0,185468407,com.miui.home.launcher.Launcher,RESUME_ACTIVITY,5]
12-14 16:08:41.362 22155 22155 I wm_on_idle_called: com.miui.home.launcher.Launcher
12-14 16:08:41.486 22155 22314 I com.miui.home: CheckGCForNative adj_start_bytes: 39488627 NativeAllocationGcWatermark: 11234655 java_gc_start_bytes: 22636645 kNewNativeDiscountFactor: 2 kOldNativeDiscountFactor: 65536 old_native_bytes: 149734415 new_native_bytes: 12063756 add_bytes_allowed: 33703965 is_gc_concurrent: 1 target_footprint_: 22768382 GetBytesAllocated: 16547794 HeapGrowthMultiplier: 3
12-14 16:08:41.487 22155 22314 I com.miui.home: CheckGCForNative gc_urgency 0.57186 current_native_bytes is 161798171
