12-18 11:31:29.611  3326  3742 I com.miui.home: CheckGCForNative adj_start_bytes: 41225019 NativeAllocationGcWatermark: 11417363 java_gc_start_bytes: 24098975 kNewNativeDiscountFactor: 2 kOldNativeDiscountFactor: 65536 old_native_bytes: 136737507 new_native_bytes: 773184 add_bytes_allowed: 34252089 is_gc_concurrent: 1 target_footprint_: 24230047 GetBytesAllocated: 13427671 HeapGrowthMultiplier: 3
12-18 11:31:29.611  3326  3742 I com.miui.home: CheckGCForNative gc_urgency 0.335145 current_native_bytes is 137510691
12-18 11:31:29.653  3326  3742 I com.miui.home: CheckGCForNative adj_start_bytes: 41225019 NativeAllocationGcWatermark: 11417363 java_gc_start_bytes: 24098975 kNewNativeDiscountFactor: 2 kOldNativeDiscountFactor: 65536 old_native_bytes: 136737507 new_native_bytes: 11684564 add_bytes_allowed: 34252089 is_gc_concurrent: 1 target_footprint_: 24230047 GetBytesAllocated: 13678919 HeapGrowthMultiplier: 3
12-18 11:31:29.653  3326  3742 I com.miui.home: CheckGCForNative gc_urgency 0.473579 current_native_bytes is 148422071
12-18 11:31:29.784  3326  3532 I com.miui.home: CheckGCForNative adj_start_bytes: 41225019 NativeAllocationGcWatermark: 11417363 java_gc_start_bytes: 24098975 kNewNativeDiscountFactor: 2 kOldNativeDiscountFactor: 65536 old_native_bytes: 136737507 new_native_bytes: 1151544 add_bytes_allowed: 34252089 is_gc_concurrent: 1 target_footprint_: 24230047 GetBytesAllocated: 14184925 HeapGrowthMultiplier: 3
12-18 11:31:29.785  3326  3532 I com.miui.home: CheckGCForNative gc_urgency 0.358103 current_native_bytes is 137889051
12-18 11:31:30.255 12619 12619 I wm_on_create_called: [0,109888964,com.sina.weibo.SplashActivity,performCreate,127]
12-18 11:31:30.259 12619 12619 I wm_on_start_called: [0,109888964,com.sina.weibo.SplashActivity,handleStartActivity,4]
12-18 11:31:30.266 12619 12619 I wm_on_resume_called: [0,109888964,com.sina.weibo.SplashActivity,RESUME_ACTIVITY,5]
12-18 11:31:30.274 12619 12619 I wm_on_top_resumed_gained_called: [109888964,com.sina.weibo.SplashActivity,topStateChangedWhenResumed]
12-18 11:31:30.518 12619 12619 I wm_on_idle_called: com.sina.weibo.SplashActivity
12-18 11:31:30.542  3326  3326 I wm_on_stop_called: [0,19897820,com.miui.home.launcher.Launcher,STOP_ACTIVITY_ITEM,12]
12-18 11:31:30.810  3326  3479 I com.miui.home: CheckGCForNative adj_start_bytes: 41225019 NativeAllocationGcWatermark: 11417363 java_gc_start_bytes: 24098975 kNewNativeDiscountFactor: 2 kOldNativeDiscountFactor: 65536 old_native_bytes: 136737507 new_native_bytes: 1071864 add_bytes_allowed: 34252089 is_gc_concurrent: 1 target_footprint_: 24230047 GetBytesAllocated: 14619577 HeapGrowthMultiplier: 3
12-18 11:31:30.810  3326  3479 I com.miui.home: CheckGCForNative gc_urgency 0.36768 current_native_bytes is 137809371
12-18 11:31:30.828 12619 12619 I wm_on_top_resumed_lost_called: [109888964,com.sina.weibo.SplashActivity,topStateChangedWhenResumed]
12-18 11:31:30.836  3326  3326 I wm_on_restart_called: [0,19897820,com.miui.home.launcher.Launcher,,0]
12-18 11:31:30.838  3326  3326 I wm_on_start_called: [0,19897820,com.miui.home.launcher.Launcher,handleStartActivity,1]
12-18 11:31:30.842  3326  3326 I wm_on_resume_called: [0,19897820,com.miui.home.launcher.Launcher,RESUME_ACTIVITY,3]
12-18 11:31:30.864  3326  3326 I com.miui.home: CheckGCForNative adj_start_bytes: 41225019 NativeAllocationGcWatermark: 11417363 java_gc_start_bytes: 24098975 kNewNativeDiscountFactor: 2 kOldNativeDiscountFactor: 65536 old_native_bytes: 136737507 new_native_bytes: 1110996 add_bytes_allowed: 34252089 is_gc_concurrent: 1 target_footprint_: 24230047 GetBytesAllocated: 15298937 HeapGrowthMultiplier: 3
12-18 11:31:30.864  3326  3326 I com.miui.home: CheckGCForNative gc_urgency 0.384633 current_native_bytes is 137848503
12-18 11:31:30.873  3326  3326 I wm_on_top_resumed_gained_called: [19897820,com.miui.home.launcher.Launcher,topStateChangedWhenResumed]
12-18 11:31:30.876  3326  3326 I wm_on_idle_called: com.miui.home.launcher.Launcher
12-18 11:31:30.961  3326  4114 I com.miui.home: CheckGCForNative adj_start_bytes: 41225019 NativeAllocationGcWatermark: 11417363 java_gc_start_bytes: 24098975 kNewNativeDiscountFactor: 2 kOldNativeDiscountFactor: 65536 old_native_bytes: 136737507 new_native_bytes: 12023236 add_bytes_allowed: 34252089 is_gc_concurrent: 1 target_footprint_: 24230047 GetBytesAllocated: 16044888 HeapGrowthMultiplier: 3
12-18 11:31:30.961  3326  4114 I com.miui.home: CheckGCForNative gc_urgency 0.535078 current_native_bytes is 148760743
12-18 11:31:30.962  3326  3605 I com.miui.home: CheckGCForNative adj_start_bytes: 41225019 NativeAllocationGcWatermark: 11417363 java_gc_start_bytes: 24098975 kNewNativeDiscountFactor: 2 kOldNativeDiscountFactor: 65536 old_native_bytes: 136737507 new_native_bytes: 22726468 add_bytes_allowed: 34252089 is_gc_concurrent: 1 target_footprint_: 24230047 GetBytesAllocated: 16049973 HeapGrowthMultiplier: 3
12-18 11:31:30.962  3326  3326 I com.miui.home: CheckGCForNative adj_start_bytes: 41225019 NativeAllocationGcWatermark: 11417363 java_gc_start_bytes: 24098975 kNewNativeDiscountFactor: 2 kOldNativeDiscountFactor: 65536 old_native_bytes: 136737507 new_native_bytes: 33433412 add_bytes_allowed: 34252089 is_gc_concurrent: 1 target_footprint_: 24230047 GetBytesAllocated: 16049973 HeapGrowthMultiplier: 3
12-18 11:31:30.962  3326  3326 I com.miui.home: CheckGCForNative gc_urgency 0.794876 current_native_bytes is 170170919
12-18 11:31:30.963  3326  3605 I com.miui.home: CheckGCForNative gc_urgency 0.665016 current_native_bytes is 159463975
12-18 11:31:31.210  3326  3532 I com.miui.home: CheckGCForNative adj_start_bytes: 41225019 NativeAllocationGcWatermark: 11417363 java_gc_start_bytes: 24098975 kNewNativeDiscountFactor: 2 kOldNativeDiscountFactor: 65536 old_native_bytes: 136737507 new_native_bytes: 12003268 add_bytes_allowed: 34252089 is_gc_concurrent: 1 target_footprint_: 24230047 GetBytesAllocated: 16173717 HeapGrowthMultiplier: 3
12-18 11:31:31.210  3326  3532 I com.miui.home: CheckGCForNative gc_urgency 0.537961 current_native_bytes is 148740775
12-18 11:31:31.442  3326  4114 I com.miui.home: CheckGCForNative adj_start_bytes: 41225019 NativeAllocationGcWatermark: 11417363 java_gc_start_bytes: 24098975 kNewNativeDiscountFactor: 2 kOldNativeDiscountFactor: 65536 old_native_bytes: 136737507 new_native_bytes: 22724772 add_bytes_allowed: 34252089 is_gc_concurrent: 1 target_footprint_: 24230047 GetBytesAllocated: 16266306 HeapGrowthMultiplier: 3
12-18 11:31:31.442  3326  4114 I com.miui.home: CheckGCForNative gc_urgency 0.670243 current_native_bytes is 159462279
12-18 11:31:31.443  3326  3531 I com.miui.home: CheckGCForNative adj_start_bytes: 41225019 NativeAllocationGcWatermark: 11417363 java_gc_start_bytes: 24098975 kNewNativeDiscountFactor: 2 kOldNativeDiscountFactor: 65536 old_native_bytes: 136737507 new_native_bytes: 33431076 add_bytes_allowed: 34252089 is_gc_concurrent: 1 target_footprint_: 24230047 GetBytesAllocated: 16266498 HeapGrowthMultiplier: 3
12-18 11:31:31.443  3326  3531 I com.miui.home: CheckGCForNative gc_urgency 0.8001 current_native_bytes is 170168583
12-18 11:31:31.444  3326  3531 I com.miui.home: CheckGCForNative adj_start_bytes: 41225019 NativeAllocationGcWatermark: 11417363 java_gc_start_bytes: 24098975 kNewNativeDiscountFactor: 2 kOldNativeDiscountFactor: 65536 old_native_bytes: 136737507 new_native_bytes: 44138212 add_bytes_allowed: 34252089 is_gc_concurrent: 1 target_footprint_: 24230047 GetBytesAllocated: 16266690 HeapGrowthMultiplier: 3
12-18 11:31:31.444  3326  3531 I com.miui.home: CheckGCForNative gc_urgency 0.929966 current_native_bytes is 180875719
12-18 11:31:31.455 12619 12619 I wm_on_paused_called: [0,109888964,com.sina.weibo.SplashActivity,performPause,1]
12-18 11:31:31.511 12619 12619 I wm_on_stop_called: [0,109888964,com.sina.weibo.SplashActivity,STOP_ACTIVITY_ITEM,9]
12-18 11:31:31.598  3326  3742 I com.miui.home: CheckGCForNative adj_start_bytes: 41225019 NativeAllocationGcWatermark: 11417363 java_gc_start_bytes: 24098975 kNewNativeDiscountFactor: 2 kOldNativeDiscountFactor: 65536 old_native_bytes: 136737507 new_native_bytes: 22961024 add_bytes_allowed: 34252089 is_gc_concurrent: 1 target_footprint_: 24230047 GetBytesAllocated: 16924760 HeapGrowthMultiplier: 3
12-18 11:31:31.598  3326  3742 I com.miui.home: CheckGCForNative gc_urgency 0.689081 current_native_bytes is 159698531
12-18 11:31:31.599  3326  3742 I com.miui.home: CheckGCForNative adj_start_bytes: 41225019 NativeAllocationGcWatermark: 11417363 java_gc_start_bytes: 24098975 kNewNativeDiscountFactor: 2 kOldNativeDiscountFactor: 65536 old_native_bytes: 136737507 new_native_bytes: 33667392 add_bytes_allowed: 34252089 is_gc_concurrent: 1 target_footprint_: 24230047 GetBytesAllocated: 16924760 HeapGrowthMultiplier: 3
12-18 11:31:31.599  3326  3742 I com.miui.home: CheckGCForNative gc_urgency 0.818933 current_native_bytes is 170404899
12-18 11:31:31.914  3326  3326 I wm_on_top_resumed_lost_called: [19897820,com.miui.home.launcher.Launcher,topStateChangedWhenResumed]
12-18 11:31:31.916  3326  3326 I wm_on_paused_called: [0,19897820,com.miui.home.launcher.Launcher,performPause,2]
12-18 11:31:31.921  3326  3770 I com.miui.home: CheckGCForNative adj_start_bytes: 41225019 NativeAllocationGcWatermark: 11417363 java_gc_start_bytes: 24098975 kNewNativeDiscountFactor: 2 kOldNativeDiscountFactor: 65536 old_native_bytes: 136737507 new_native_bytes: 23075304 add_bytes_allowed: 34252089 is_gc_concurrent: 1 target_footprint_: 24230047 GetBytesAllocated: 17133511 HeapGrowthMultiplier: 3
12-18 11:31:31.921  3326  3770 I com.miui.home: CheckGCForNative gc_urgency 0.69553 current_native_bytes is 159812811
12-18 11:31:32.140  3326  3742 I com.miui.home: CheckGCForNative adj_start_bytes: 41225019 NativeAllocationGcWatermark: 11417363 java_gc_start_bytes: 24098975 kNewNativeDiscountFactor: 2 kOldNativeDiscountFactor: 65536 old_native_bytes: 136737507 new_native_bytes: 23497364 add_bytes_allowed: 34252089 is_gc_concurrent: 1 target_footprint_: 24230047 GetBytesAllocated: 18379444 HeapGrowthMultiplier: 3
12-18 11:31:32.140  3326  3742 I com.miui.home: CheckGCForNative gc_urgency 0.730872 current_native_bytes is 160234871
12-18 11:31:32.413  3326  3532 I com.miui.home: CheckGCForNative adj_start_bytes: 41225019 NativeAllocationGcWatermark: 11417363 java_gc_start_bytes: 24098975 kNewNativeDiscountFactor: 2 kOldNativeDiscountFactor: 65536 old_native_bytes: 136737507 new_native_bytes: 23923120 add_bytes_allowed: 34252089 is_gc_concurrent: 1 target_footprint_: 24230047 GetBytesAllocated: 18883770 HeapGrowthMultiplier: 3
12-18 11:31:32.413  3326  3532 I com.miui.home: CheckGCForNative gc_urgency 0.748269 current_native_bytes is 160660627
12-18 11:31:32.613 12796 12796 I wm_on_application_create_called: [0,com.UCMobile,220]
12-18 11:31:33.246  3326  3326 I com.miui.home: CheckGCForNative adj_start_bytes: 41225019 NativeAllocationGcWatermark: 11417363 java_gc_start_bytes: 24098975 kNewNativeDiscountFactor: 2 kOldNativeDiscountFactor: 65536 old_native_bytes: 136737507 new_native_bytes: 23641764 add_bytes_allowed: 34252089 is_gc_concurrent: 1 target_footprint_: 24230047 GetBytesAllocated: 19474777 HeapGrowthMultiplier: 3
12-18 11:31:33.246  3326  3326 I com.miui.home: CheckGCForNative gc_urgency 0.759193 current_native_bytes is 160379271
12-18 11:31:33.255  3326  3326 I wm_on_resume_called: [0,19897820,com.miui.home.launcher.Launcher,RESUME_ACTIVITY,4]
12-18 11:31:33.261  3326  3326 I wm_on_idle_called: com.miui.home.launcher.Launcher
12-18 11:31:33.406 12796 12796 I wm_on_create_called: [0,250718165,com.UCMobile.main.UCMobile,performCreate,770]
12-18 11:31:33.525  3326  3605 I com.miui.home: CheckGCForNative adj_start_bytes: 41225019 NativeAllocationGcWatermark: 11417363 java_gc_start_bytes: 24098975 kNewNativeDiscountFactor: 2 kOldNativeDiscountFactor: 65536 old_native_bytes: 136737507 new_native_bytes: 34547672 add_bytes_allowed: 34252089 is_gc_concurrent: 1 target_footprint_: 24230047 GetBytesAllocated: 20505851 HeapGrowthMultiplier: 3
12-18 11:31:33.525  3326  3605 I com.miui.home: CheckGCForNative gc_urgency 0.916477 current_native_bytes is 171285179
12-18 11:31:33.525  3326  3605 I com.miui.home: CheckGCForNative adj_start_bytes: 41225019 NativeAllocationGcWatermark: 11417363 java_gc_start_bytes: 24098975 kNewNativeDiscountFactor: 2 kOldNativeDiscountFactor: 65536 old_native_bytes: 136737507 new_native_bytes: 45254616 add_bytes_allowed: 34252089 is_gc_concurrent: 1 target_footprint_: 24230047 GetBytesAllocated: 20511887 HeapGrowthMultiplier: 3
12-18 11:31:33.525  3326  3605 I com.miui.home: CheckGCForNative gc_urgency 1.04648 current_native_bytes is 181992123
12-18 11:31:33.525  3326  3605 I com.miui.home: CheckGCForNative requested 1
12-18 11:31:33.586  3326  3569 I com.miui.home: CheckGCForNative adj_start_bytes: 41225019 NativeAllocationGcWatermark: 11417363 java_gc_start_bytes: 24098975 kNewNativeDiscountFactor: 2 kOldNativeDiscountFactor: 65536 old_native_bytes: 136737507 new_native_bytes: 45320760 add_bytes_allowed: 34252089 is_gc_concurrent: 1 target_footprint_: 24230047 GetBytesAllocated: 20570806 HeapGrowthMultiplier: 3
12-18 11:31:33.586  3326  3569 I com.miui.home: CheckGCForNative gc_urgency 1.04871 current_native_bytes is 182058267
12-18 11:31:33.586  3326  3569 I com.miui.home: CheckGCForNative requested 1
12-18 11:31:33.616  3326  3532 I com.miui.home: CheckGCForNative adj_start_bytes: 41225019 NativeAllocationGcWatermark: 11417363 java_gc_start_bytes: 24098975 kNewNativeDiscountFactor: 2 kOldNativeDiscountFactor: 65536 old_native_bytes: 136737507 new_native_bytes: 34617912 add_bytes_allowed: 34252089 is_gc_concurrent: 1 target_footprint_: 24230047 GetBytesAllocated: 20583707 HeapGrowthMultiplier: 3
12-18 11:31:33.616  3326  3532 I com.miui.home: CheckGCForNative gc_urgency 0.919217 current_native_bytes is 171355419
12-18 11:31:33.670  3326  3352 I com.miui.home: NativeAlloc concurrent copying GC freed 171033(7526KB) AllocSpace objects, 28(784KB) LOS objects, 49% free, 11MB/23MB, paused 69us,33us total 144.183ms
12-18 11:31:33.693  3326  3326 I wm_on_top_resumed_gained_called: [19897820,com.miui.home.launcher.Launcher,topStateChangedWhenResumed]
12-18 11:31:33.883  3326  3532 I com.miui.home: CheckGCForNative gc_urgency 0 current_native_bytes is 136769771
12-18 11:31:33.910 12796 12796 I wm_on_create_called: [0,220643341,com.uc.browser.InnerUCMobile,performCreate,56]
12-18 11:31:33.927 12796 12796 I wm_on_start_called: [0,220643341,com.uc.browser.InnerUCMobile,handleStartActivity,16]
12-18 11:31:33.950  3326  3532 I com.miui.home: CheckGCForNative adj_start_bytes: 41250099 NativeAllocationGcWatermark: 11420003 java_gc_start_bytes: 24120095 kNewNativeDiscountFactor: 2 kOldNativeDiscountFactor: 65536 old_native_bytes: 136769771 new_native_bytes: 5888 add_bytes_allowed: 34260009 is_gc_concurrent: 1 target_footprint_: 24251167 GetBytesAllocated: 12655347 HeapGrowthMultiplier: 3
12-18 11:31:33.950  3326  3532 I com.miui.home: CheckGCForNative gc_urgency 0.306917 current_native_bytes is 136775659
12-18 11:31:33.954 12796 12796 I wm_on_resume_called: [0,220643341,com.uc.browser.InnerUCMobile,RESUME_ACTIVITY,20]
12-18 11:31:34.015  3326  3531 I com.miui.home: CheckGCForNative adj_start_bytes: 41250099 NativeAllocationGcWatermark: 11420003 java_gc_start_bytes: 24120095 kNewNativeDiscountFactor: 2 kOldNativeDiscountFactor: 65536 old_native_bytes: 136769771 new_native_bytes: 11430164 add_bytes_allowed: 34260009 is_gc_concurrent: 1 target_footprint_: 24251167 GetBytesAllocated: 12993473 HeapGrowthMultiplier: 3
12-18 11:31:34.016  3326  3531 I com.miui.home: CheckGCForNative gc_urgency 0.45359 current_native_bytes is 148199935
12-18 11:31:34.016  3326  3531 I com.miui.home: CheckGCForNative adj_start_bytes: 41250099 NativeAllocationGcWatermark: 11420003 java_gc_start_bytes: 24120095 kNewNativeDiscountFactor: 2 kOldNativeDiscountFactor: 65536 old_native_bytes: 136769771 new_native_bytes: 22137108 add_bytes_allowed: 34260009 is_gc_concurrent: 1 target_footprint_: 24251167 GetBytesAllocated: 12993665 HeapGrowthMultiplier: 3
12-18 11:31:34.016  3326  3531 I com.miui.home: CheckGCForNative gc_urgency 0.583376 current_native_bytes is 158906879
12-18 11:31:34.019  3326  3770 I com.miui.home: CheckGCForNative adj_start_bytes: 41250099 NativeAllocationGcWatermark: 11420003 java_gc_start_bytes: 24120095 kNewNativeDiscountFactor: 2 kOldNativeDiscountFactor: 65536 old_native_bytes: 136769771 new_native_bytes: 22161044 add_bytes_allowed: 34260009 is_gc_concurrent: 1 target_footprint_: 24251167 GetBytesAllocated: 13001907 HeapGrowthMultiplier: 3
12-18 11:31:34.019  3326  3770 I com.miui.home: CheckGCForNative gc_urgency 0.583866 current_native_bytes is 158930815
12-18 11:31:34.048  3326  3742 I com.miui.home: CheckGCForNative adj_start_bytes: 41250099 NativeAllocationGcWatermark: 11420003 java_gc_start_bytes: 24120095 kNewNativeDiscountFactor: 2 kOldNativeDiscountFactor: 65536 old_native_bytes: 136769771 new_native_bytes: 22189044 add_bytes_allowed: 34260009 is_gc_concurrent: 1 target_footprint_: 24251167 GetBytesAllocated: 13122000 HeapGrowthMultiplier: 3
12-18 11:31:34.048  3326  3742 I com.miui.home: CheckGCForNative gc_urgency 0.587116 current_native_bytes is 158958815
12-18 11:31:34.151  3326  3326 I wm_on_top_resumed_lost_called: [19897820,com.miui.home.launcher.Launcher,topStateChangedWhenResumed]
12-18 11:31:34.345  3326  3742 I com.miui.home: CheckGCForNative adj_start_bytes: 41250099 NativeAllocationGcWatermark: 11420003 java_gc_start_bytes: 24120095 kNewNativeDiscountFactor: 2 kOldNativeDiscountFactor: 65536 old_native_bytes: 136769771 new_native_bytes: 22571232 add_bytes_allowed: 34260009 is_gc_concurrent: 1 target_footprint_: 24251167 GetBytesAllocated: 14045399 HeapGrowthMultiplier: 3
12-18 11:31:34.345  3326  3742 I com.miui.home: CheckGCForNative gc_urgency 0.614134 current_native_bytes is 159341003
12-18 11:31:34.354 12796 12796 I wm_on_destroy_called: [0,250718165,com.UCMobile.main.UCMobile,performDestroy,2]
12-18 11:31:34.415  3326  3742 I com.miui.home: CheckGCForNative adj_start_bytes: 41250099 NativeAllocationGcWatermark: 11420003 java_gc_start_bytes: 24120095 kNewNativeDiscountFactor: 2 kOldNativeDiscountFactor: 65536 old_native_bytes: 136769771 new_native_bytes: 12043412 add_bytes_allowed: 34260009 is_gc_concurrent: 1 target_footprint_: 24251167 GetBytesAllocated: 14682644 HeapGrowthMultiplier: 3
12-18 11:31:34.415  3326  3742 I com.miui.home: CheckGCForNative gc_urgency 0.501973 current_native_bytes is 148813183
12-18 11:31:34.529 12796 12796 I wm_on_paused_called: [0,220643341,com.uc.browser.InnerUCMobile,performPause,34]
12-18 11:31:34.536  3326  3326 I wm_on_paused_called: [0,19897820,com.miui.home.launcher.Launcher,performPause,2]
12-18 11:31:34.902  3326  3742 I com.miui.home: CheckGCForNative adj_start_bytes: 41250099 NativeAllocationGcWatermark: 11420003 java_gc_start_bytes: 24120095 kNewNativeDiscountFactor: 2 kOldNativeDiscountFactor: 65536 old_native_bytes: 136769771 new_native_bytes: 12648100 add_bytes_allowed: 34260009 is_gc_concurrent: 1 target_footprint_: 24251167 GetBytesAllocated: 16032091 HeapGrowthMultiplier: 3
12-18 11:31:34.903  3326  3742 I com.miui.home: CheckGCForNative gc_urgency 0.542016 current_native_bytes is 149417871
12-18 11:31:34.930  3326  3532 I com.miui.home: CheckGCForNative adj_start_bytes: 41250099 NativeAllocationGcWatermark: 11420003 java_gc_start_bytes: 24120095 kNewNativeDiscountFactor: 2 kOldNativeDiscountFactor: 65536 old_native_bytes: 136769771 new_native_bytes: 12734628 add_bytes_allowed: 34260009 is_gc_concurrent: 1 target_footprint_: 24251167 GetBytesAllocated: 16151979 HeapGrowthMultiplier: 3
12-18 11:31:34.930  3326  3532 I com.miui.home: CheckGCForNative gc_urgency 0.545972 current_native_bytes is 149504399
12-18 11:31:35.197  3326  3532 I com.miui.home: CheckGCForNative adj_start_bytes: 41250099 NativeAllocationGcWatermark: 11420003 java_gc_start_bytes: 24120095 kNewNativeDiscountFactor: 2 kOldNativeDiscountFactor: 65536 old_native_bytes: 136769771 new_native_bytes: 12689700 add_bytes_allowed: 34260009 is_gc_concurrent: 1 target_footprint_: 24251167 GetBytesAllocated: 16305655 HeapGrowthMultiplier: 3
12-18 11:31:35.197  3326  3532 I com.miui.home: CheckGCForNative gc_urgency 0.549152 current_native_bytes is 149459471
12-18 11:31:35.449 13187 13187 I wm_on_create_called: [0,84244593,com.tencent.mtt.SplashActivity,performCreate,65]
12-18 11:31:35.535 13187 13187 I wm_on_create_called: [0,181358720,com.tencent.mtt.MainActivity,performCreate,40]
12-18 11:31:35.595 12796 12796 I wm_on_stop_called: [0,220643341,com.uc.browser.InnerUCMobile,STOP_ACTIVITY_ITEM,192]
12-18 11:31:35.751  3326  3326 I wm_on_resume_called: [0,19897820,com.miui.home.launcher.Launcher,RESUME_ACTIVITY,5]
12-18 11:31:35.756  3326  3326 I wm_on_idle_called: com.miui.home.launcher.Launcher
12-18 11:31:35.911  3326  3605 I com.miui.home: CheckGCForNative adj_start_bytes: 41250099 NativeAllocationGcWatermark: 11420003 java_gc_start_bytes: 24120095 kNewNativeDiscountFactor: 2 kOldNativeDiscountFactor: 65536 old_native_bytes: 136769771 new_native_bytes: 23630196 add_bytes_allowed: 34260009 is_gc_concurrent: 1 target_footprint_: 24251167 GetBytesAllocated: 18578904 HeapGrowthMultiplier: 3
12-18 11:31:35.911  3326  3605 I com.miui.home: CheckGCForNative gc_urgency 0.736873 current_native_bytes is 160399967
12-18 11:31:35.911  3326  3605 I com.miui.home: CheckGCForNative adj_start_bytes: 41250099 NativeAllocationGcWatermark: 11420003 java_gc_start_bytes: 24120095 kNewNativeDiscountFactor: 2 kOldNativeDiscountFactor: 65536 old_native_bytes: 136769771 new_native_bytes: 34337140 add_bytes_allowed: 34260009 is_gc_concurrent: 1 target_footprint_: 24251167 GetBytesAllocated: 18583774 HeapGrowthMultiplier: 3
12-18 11:31:35.911  3326  3605 I com.miui.home: CheckGCForNative gc_urgency 0.866772 current_native_bytes is 171106911
12-18 11:31:35.913  3326  3605 I com.miui.home: CheckGCForNative adj_start_bytes: 41250099 NativeAllocationGcWatermark: 11420003 java_gc_start_bytes: 24120095 kNewNativeDiscountFactor: 2 kOldNativeDiscountFactor: 65536 old_native_bytes: 136769771 new_native_bytes: 34337140 add_bytes_allowed: 34260009 is_gc_concurrent: 1 target_footprint_: 24251167 GetBytesAllocated: 18591527 HeapGrowthMultiplier: 3
12-18 11:31:35.913  3326  3605 I com.miui.home: CheckGCForNative gc_urgency 0.867026 current_native_bytes is 171106911
12-18 11:31:35.933  3326  3532 I com.miui.home: CheckGCForNative adj_start_bytes: 41250099 NativeAllocationGcWatermark: 11420003 java_gc_start_bytes: 24120095 kNewNativeDiscountFactor: 2 kOldNativeDiscountFactor: 65536 old_native_bytes: 136769771 new_native_bytes: 23668404 add_bytes_allowed: 34260009 is_gc_concurrent: 1 target_footprint_: 24251167 GetBytesAllocated: 18618737 HeapGrowthMultiplier: 3
12-18 11:31:35.933  3326  3532 I com.miui.home: CheckGCForNative gc_urgency 0.738302 current_native_bytes is 160438175
12-18 11:31:35.955  3326  3532 I com.miui.home: CheckGCForNative adj_start_bytes: 41250099 NativeAllocationGcWatermark: 11420003 java_gc_start_bytes: 24120095 kNewNativeDiscountFactor: 2 kOldNativeDiscountFactor: 65536 old_native_bytes: 136769771 new_native_bytes: 23674708 add_bytes_allowed: 34260009 is_gc_concurrent: 1 target_footprint_: 24251167 GetBytesAllocated: 18632423 HeapGrowthMultiplier: 3
12-18 11:31:35.955  3326  3532 I com.miui.home: CheckGCForNative gc_urgency 0.73871 current_native_bytes is 160444479
12-18 11:31:36.167 13371 13371 I wm_on_create_called: [0,62375321,com.tencent.mtt.BlockActivity,performCreate,224]
12-18 11:31:36.171 13371 13371 I wm_on_start_called: [0,62375321,com.tencent.mtt.BlockActivity,handleStartActivity,2]
12-18 11:31:36.187 13371 13371 I wm_on_resume_called: [0,62375321,com.tencent.mtt.BlockActivity,RESUME_ACTIVITY,12]
12-18 11:31:36.211  3326  3326 I wm_on_top_resumed_gained_called: [19897820,com.miui.home.launcher.Launcher,topStateChangedWhenResumed]
12-18 11:31:36.220 13371 13371 I wm_on_top_resumed_gained_called: [62375321,com.tencent.mtt.BlockActivity,topStateChangedWhenResumed]
12-18 11:31:36.221 13371 13371 I wm_on_top_resumed_lost_called: [62375321,com.tencent.mtt.BlockActivity,topStateChangedWhenResumed]
12-18 11:31:36.311  3326  3532 I com.miui.home: CheckGCForNative adj_start_bytes: 41250099 NativeAllocationGcWatermark: 11420003 java_gc_start_bytes: 24120095 kNewNativeDiscountFactor: 2 kOldNativeDiscountFactor: 65536 old_native_bytes: 136769771 new_native_bytes: 23664020 add_bytes_allowed: 34260009 is_gc_concurrent: 1 target_footprint_: 24251167 GetBytesAllocated: 18761918 HeapGrowthMultiplier: 3
12-18 11:31:36.311  3326  3532 I com.miui.home: CheckGCForNative gc_urgency 0.74172 current_native_bytes is 160433791
12-18 11:31:36.426 13187 13187 I wm_on_destroy_called: [0,84244593,com.tencent.mtt.SplashActivity,performDestroy,2]
12-18 11:31:36.430 13187 13187 I wm_on_destroy_called: [0,181358720,com.tencent.mtt.MainActivity,performDestroy,2]
12-18 11:31:36.467 13371 13371 I wm_on_paused_called: [0,62375321,com.tencent.mtt.BlockActivity,performPause,1]
12-18 11:31:36.551  3326  3326 I wm_on_top_resumed_lost_called: [19897820,com.miui.home.launcher.Launcher,topStateChangedWhenResumed]
12-18 11:31:36.554  3326  3326 I wm_on_paused_called: [0,19897820,com.miui.home.launcher.Launcher,performPause,1]
12-18 11:31:36.694 13371 13371 I wm_on_stop_called: [0,62375321,com.tencent.mtt.BlockActivity,STOP_ACTIVITY_ITEM,95]
12-18 11:31:36.702 13371 13371 I wm_on_idle_called: com.tencent.mtt.BlockActivity
12-18 11:31:36.768  3326  3742 I com.miui.home: CheckGCForNative adj_start_bytes: 41250099 NativeAllocationGcWatermark: 11420003 java_gc_start_bytes: 24120095 kNewNativeDiscountFactor: 2 kOldNativeDiscountFactor: 65536 old_native_bytes: 136769771 new_native_bytes: 35012200 add_bytes_allowed: 34260009 is_gc_concurrent: 1 target_footprint_: 24251167 GetBytesAllocated: 19978442 HeapGrowthMultiplier: 3
12-18 11:31:36.768  3326  3742 I com.miui.home: CheckGCForNative gc_urgency 0.908765 current_native_bytes is 171781971
12-18 11:31:36.896  3326  3770 I com.miui.home: CheckGCForNative adj_start_bytes: 41250099 NativeAllocationGcWatermark: 11420003 java_gc_start_bytes: 24120095 kNewNativeDiscountFactor: 2 kOldNativeDiscountFactor: 65536 old_native_bytes: 136769771 new_native_bytes: 24538836 add_bytes_allowed: 34260009 is_gc_concurrent: 1 target_footprint_: 24251167 GetBytesAllocated: 20629352 HeapGrowthMultiplier: 3
12-18 11:31:36.896  3326  3770 I com.miui.home: CheckGCForNative gc_urgency 0.797595 current_native_bytes is 161308607
12-18 11:31:36.968  3326  3532 I com.miui.home: CheckGCForNative adj_start_bytes: 41250099 NativeAllocationGcWatermark: 11420003 java_gc_start_bytes: 24120095 kNewNativeDiscountFactor: 2 kOldNativeDiscountFactor: 65536 old_native_bytes: 136769771 new_native_bytes: 24651044 add_bytes_allowed: 34260009 is_gc_concurrent: 1 target_footprint_: 24251167 GetBytesAllocated: 20701796 HeapGrowthMultiplier: 3
12-18 11:31:36.968  3326  3532 I com.miui.home: CheckGCForNative gc_urgency 0.800711 current_native_bytes is 161420815
12-18 11:31:37.225  3326  3532 I com.miui.home: CheckGCForNative adj_start_bytes: 41250099 NativeAllocationGcWatermark: 11420003 java_gc_start_bytes: 24120095 kNewNativeDiscountFactor: 2 kOldNativeDiscountFactor: 65536 old_native_bytes: 136769771 new_native_bytes: 24667812 add_bytes_allowed: 34260009 is_gc_concurrent: 1 target_footprint_: 24251167 GetBytesAllocated: 20791307 HeapGrowthMultiplier: 3
12-18 11:31:37.225  3326  3532 I com.miui.home: CheckGCForNative gc_urgency 0.803084 current_native_bytes is 161437583
12-18 11:31:37.840 13522 13522 I wm_on_application_create_called: [0,com.youku.phone,659]
12-18 11:31:38.086 13522 13522 I wm_on_create_called: [0,59752938,com.youku.phone.ActivityWelcome,performCreate,232]
12-18 11:31:38.350  3326  3326 I wm_on_resume_called: [0,19897820,com.miui.home.launcher.Launcher,RESUME_ACTIVITY,6]
12-18 11:31:38.359  3326  3326 I wm_on_idle_called: com.miui.home.launcher.Launcher
12-18 11:31:38.377  3326  3326 I com.miui.home: CheckGCForNative adj_start_bytes: 41250099 NativeAllocationGcWatermark: 11420003 java_gc_start_bytes: 24120095 kNewNativeDiscountFactor: 2 kOldNativeDiscountFactor: 65536 old_native_bytes: 136769771 new_native_bytes: 24702764 add_bytes_allowed: 34260009 is_gc_concurrent: 1 target_footprint_: 24251167 GetBytesAllocated: 22315204 HeapGrowthMultiplier: 3
12-18 11:31:38.377  3326  3326 I com.miui.home: CheckGCForNative gc_urgency 0.840451 current_native_bytes is 161472535
12-18 11:31:38.508  3326  3358 I com.miui.home: CheckGCForNative adj_start_bytes: 41250099 NativeAllocationGcWatermark: 11420003 java_gc_start_bytes: 24120095 kNewNativeDiscountFactor: 2 kOldNativeDiscountFactor: 65536 old_native_bytes: 136769771 new_native_bytes: 35415780 add_bytes_allowed: 34260009 is_gc_concurrent: 1 target_footprint_: 24251167 GetBytesAllocated: 22517919 HeapGrowthMultiplier: 3
12-18 11:31:38.508  3326  3358 I com.miui.home: CheckGCForNative gc_urgency 0.975219 current_native_bytes is 172185551
12-18 11:31:38.510  3326  3358 I com.miui.home: CheckGCForNative adj_start_bytes: 41250099 NativeAllocationGcWatermark: 11420003 java_gc_start_bytes: 24120095 kNewNativeDiscountFactor: 2 kOldNativeDiscountFactor: 65536 old_native_bytes: 136769771 new_native_bytes: 46122724 add_bytes_allowed: 34260009 is_gc_concurrent: 1 target_footprint_: 24251167 GetBytesAllocated: 22519408 HeapGrowthMultiplier: 3
12-18 11:31:38.510  3326  3358 I com.miui.home: CheckGCForNative gc_urgency 1.10504 current_native_bytes is 182892495
12-18 11:31:38.511  3326  3358 I com.miui.home: CheckGCForNative requested 1
12-18 11:31:38.521  3326  3358 I com.miui.home: CheckGCForNative adj_start_bytes: 41250099 NativeAllocationGcWatermark: 11420003 java_gc_start_bytes: 24120095 kNewNativeDiscountFactor: 2 kOldNativeDiscountFactor: 65536 old_native_bytes: 136769771 new_native_bytes: 46114148 add_bytes_allowed: 34260009 is_gc_concurrent: 1 target_footprint_: 24251167 GetBytesAllocated: 22565707 HeapGrowthMultiplier: 3
12-18 11:31:38.521  3326  3358 I com.miui.home: CheckGCForNative gc_urgency 1.10605 current_native_bytes is 182883919
12-18 11:31:38.521  3326  3358 I com.miui.home: CheckGCForNative requested 1
12-18 11:31:38.522  3326  3532 I com.miui.home: CheckGCForNative adj_start_bytes: 41250099 NativeAllocationGcWatermark: 11420003 java_gc_start_bytes: 24120095 kNewNativeDiscountFactor: 2 kOldNativeDiscountFactor: 65536 old_native_bytes: 136769771 new_native_bytes: 46143972 add_bytes_allowed: 34260009 is_gc_concurrent: 1 target_footprint_: 24251167 GetBytesAllocated: 22566564 HeapGrowthMultiplier: 3
12-18 11:31:38.522  3326  3532 I com.miui.home: CheckGCForNative gc_urgency 1.10644 current_native_bytes is 182913743
12-18 11:31:38.522  3326  3532 I com.miui.home: CheckGCForNative requested 1
12-18 11:31:38.627  3326  3742 I com.miui.home: CheckGCForNative adj_start_bytes: 41250099 NativeAllocationGcWatermark: 11420003 java_gc_start_bytes: 24120095 kNewNativeDiscountFactor: 2 kOldNativeDiscountFactor: 65536 old_native_bytes: 136769771 new_native_bytes: 46590552 add_bytes_allowed: 34260009 is_gc_concurrent: 1 target_footprint_: 24251167 GetBytesAllocated: 23249635 HeapGrowthMultiplier: 3
12-18 11:31:38.627  3326  3742 I com.miui.home: CheckGCForNative gc_urgency 1.12841 current_native_bytes is 183360323
12-18 11:31:38.627  3326  3742 I com.miui.home: CheckGCForNative requested 1
12-18 11:31:38.690  3326  3352 I com.miui.home: NativeAlloc concurrent copying GC freed 219687(9888KB) AllocSpace objects, 28(784KB) LOS objects, 49% free, 11MB/23MB, paused 2.059ms,75us total 177.763ms
12-18 11:31:38.723  3326  3532 I com.miui.home: CheckGCForNative gc_urgency 0 current_native_bytes is 136892379
12-18 11:31:38.802  3326  3326 I wm_on_top_resumed_gained_called: [19897820,com.miui.home.launcher.Launcher,topStateChangedWhenResumed]
12-18 11:31:38.908 13522 13522 I wm_on_create_called: [0,251380014,com.youku.v2.HomePageEntry,performCreate,431]
12-18 11:31:38.979  3326  3532 I com.miui.home: CheckGCForNative adj_start_bytes: 41835390 NativeAllocationGcWatermark: 11523004 java_gc_start_bytes: 24550884 kNewNativeDiscountFactor: 2 kOldNativeDiscountFactor: 65536 old_native_bytes: 136892379 new_native_bytes: 116768 add_bytes_allowed: 34569012 is_gc_concurrent: 1 target_footprint_: 25075172 GetBytesAllocated: 13129547 HeapGrowthMultiplier: 3
12-18 11:31:38.979  3326  3532 I com.miui.home: CheckGCForNative gc_urgency 0.315284 current_native_bytes is 137009147
12-18 11:31:39.002  3326  3531 I com.miui.home: CheckGCForNative adj_start_bytes: 41835390 NativeAllocationGcWatermark: 11523004 java_gc_start_bytes: 24550884 kNewNativeDiscountFactor: 2 kOldNativeDiscountFactor: 65536 old_native_bytes: 136892379 new_native_bytes: 10818432 add_bytes_allowed: 34569012 is_gc_concurrent: 1 target_footprint_: 25075172 GetBytesAllocated: 13194298 HeapGrowthMultiplier: 3
12-18 11:31:39.002  3326  3531 I com.miui.home: CheckGCForNative gc_urgency 0.444734 current_native_bytes is 147710811
12-18 11:31:39.002  3326  3531 I com.miui.home: CheckGCForNative adj_start_bytes: 41835390 NativeAllocationGcWatermark: 11523004 java_gc_start_bytes: 24550884 kNewNativeDiscountFactor: 2 kOldNativeDiscountFactor: 65536 old_native_bytes: 136892379 new_native_bytes: 21534272 add_bytes_allowed: 34569012 is_gc_concurrent: 1 target_footprint_: 25075172 GetBytesAllocated: 13194490 HeapGrowthMultiplier: 3
12-18 11:31:39.002  3326  3531 I com.miui.home: CheckGCForNative gc_urgency 0.57281 current_native_bytes is 158426651
12-18 11:31:39.004  3326 13777 I com.miui.home: CheckGCForNative adj_start_bytes: 41835390 NativeAllocationGcWatermark: 11523004 java_gc_start_bytes: 24550884 kNewNativeDiscountFactor: 2 kOldNativeDiscountFactor: 65536 old_native_bytes: 136892379 new_native_bytes: 21521984 add_bytes_allowed: 34569012 is_gc_concurrent: 1 target_footprint_: 25075172 GetBytesAllocated: 13194490 HeapGrowthMultiplier: 3
12-18 11:31:39.004  3326 13777 I com.miui.home: CheckGCForNative gc_urgency 0.572663 current_native_bytes is 158414363
12-18 11:31:39.164  3326  3326 I wm_on_top_resumed_lost_called: [19897820,com.miui.home.launcher.Launcher,topStateChangedWhenResumed]
12-18 11:31:39.198  3326  7971 I com.miui.home: CheckGCForNative adj_start_bytes: 41835390 NativeAllocationGcWatermark: 11523004 java_gc_start_bytes: 24550884 kNewNativeDiscountFactor: 2 kOldNativeDiscountFactor: 65536 old_native_bytes: 136892379 new_native_bytes: 10721248 add_bytes_allowed: 34569012 is_gc_concurrent: 1 target_footprint_: 25075172 GetBytesAllocated: 13489013 HeapGrowthMultiplier: 3
12-18 11:31:39.198  3326  7971 I com.miui.home: CheckGCForNative gc_urgency 0.450617 current_native_bytes is 147613627
12-18 11:31:39.391  3326  3742 I com.miui.home: CheckGCForNative adj_start_bytes: 41835390 NativeAllocationGcWatermark: 11523004 java_gc_start_bytes: 24550884 kNewNativeDiscountFactor: 2 kOldNativeDiscountFactor: 65536 old_native_bytes: 136892379 new_native_bytes: 21513956 add_bytes_allowed: 34569012 is_gc_concurrent: 1 target_footprint_: 25075172 GetBytesAllocated: 14258150 HeapGrowthMultiplier: 3
12-18 11:31:39.391  3326  3742 I com.miui.home: CheckGCForNative gc_urgency 0.597992 current_native_bytes is 158406335
12-18 11:31:39.518  3326  3326 I wm_on_paused_called: [0,19897820,com.miui.home.launcher.Launcher,performPause,1]
12-18 11:31:39.825  3326  3532 I com.miui.home: CheckGCForNative adj_start_bytes: 41835390 NativeAllocationGcWatermark: 11523004 java_gc_start_bytes: 24550884 kNewNativeDiscountFactor: 2 kOldNativeDiscountFactor: 65536 old_native_bytes: 136892379 new_native_bytes: 11775536 add_bytes_allowed: 34569012 is_gc_concurrent: 1 target_footprint_: 25075172 GetBytesAllocated: 15417846 HeapGrowthMultiplier: 3
12-18 11:31:39.825  3326  3532 I com.miui.home: CheckGCForNative gc_urgency 0.509322 current_native_bytes is 148667915
12-18 11:31:40.104  3326  3532 I com.miui.home: CheckGCForNative adj_start_bytes: 41835390 NativeAllocationGcWatermark: 11523004 java_gc_start_bytes: 24550884 kNewNativeDiscountFactor: 2 kOldNativeDiscountFactor: 65536 old_native_bytes: 136892379 new_native_bytes: 11886356 add_bytes_allowed: 34569012 is_gc_concurrent: 1 target_footprint_: 25075172 GetBytesAllocated: 15884356 HeapGrowthMultiplier: 3
12-18 11:31:40.104  3326  3532 I com.miui.home: CheckGCForNative gc_urgency 0.521798 current_native_bytes is 148778735
12-18 11:31:40.159  3326  3532 I com.miui.home: CheckGCForNative adj_start_bytes: 41835390 NativeAllocationGcWatermark: 11523004 java_gc_start_bytes: 24550884 kNewNativeDiscountFactor: 2 kOldNativeDiscountFactor: 65536 old_native_bytes: 136892379 new_native_bytes: 11891476 add_bytes_allowed: 34569012 is_gc_concurrent: 1 target_footprint_: 25075172 GetBytesAllocated: 15902593 HeapGrowthMultiplier: 3
12-18 11:31:40.159  3326  3532 I com.miui.home: CheckGCForNative gc_urgency 0.522295 current_native_bytes is 148783855
12-18 11:31:40.295 13939 13939 I wm_on_create_called: [0,5629460,com.ucpro.MainActivity,performCreate,68]
12-18 11:31:40.841 13939 13939 I wm_on_create_called: [0,196735325,com.ucpro.BrowserActivity,performCreate,441]
12-18 11:31:40.845 13939 13939 I wm_on_start_called: [0,196735325,com.ucpro.BrowserActivity,handleStartActivity,4]
12-18 11:31:40.854 13939 13939 I wm_on_resume_called: [0,196735325,com.ucpro.BrowserActivity,RESUME_ACTIVITY,7]
12-18 11:31:40.892 13939 13939 I wm_on_top_resumed_gained_called: [196735325,com.ucpro.BrowserActivity,topStateChangedWhenResumed]
12-18 11:31:41.290  3326  3326 I com.miui.home: CheckGCForNative adj_start_bytes: 41835390 NativeAllocationGcWatermark: 11523004 java_gc_start_bytes: 24550884 kNewNativeDiscountFactor: 2 kOldNativeDiscountFactor: 65536 old_native_bytes: 136892379 new_native_bytes: 12233256 add_bytes_allowed: 34569012 is_gc_concurrent: 1 target_footprint_: 25075172 GetBytesAllocated: 17759263 HeapGrowthMultiplier: 3
12-18 11:31:41.290  3326  3326 I com.miui.home: CheckGCForNative gc_urgency 0.57076 current_native_bytes is 149125635
12-18 11:31:41.301  3326  3326 I wm_on_resume_called: [0,19897820,com.miui.home.launcher.Launcher,RESUME_ACTIVITY,4]
12-18 11:31:41.308  3326  3326 I wm_on_idle_called: com.miui.home.launcher.Launcher
12-18 11:31:41.436  3326  3358 I com.miui.home: CheckGCForNative adj_start_bytes: 41835390 NativeAllocationGcWatermark: 11523004 java_gc_start_bytes: 24550884 kNewNativeDiscountFactor: 2 kOldNativeDiscountFactor: 65536 old_native_bytes: 136892379 new_native_bytes: 23103776 add_bytes_allowed: 34569012 is_gc_concurrent: 1 target_footprint_: 25075172 GetBytesAllocated: 18789554 HeapGrowthMultiplier: 3
12-18 11:31:41.436  3326  3358 I com.miui.home: CheckGCForNative gc_urgency 0.725308 current_native_bytes is 159996155
12-18 11:31:41.437  3326  3358 I com.miui.home: CheckGCForNative adj_start_bytes: 41835390 NativeAllocationGcWatermark: 11523004 java_gc_start_bytes: 24550884 kNewNativeDiscountFactor: 2 kOldNativeDiscountFactor: 65536 old_native_bytes: 136892379 new_native_bytes: 33810720 add_bytes_allowed: 34569012 is_gc_concurrent: 1 target_footprint_: 25075172 GetBytesAllocated: 18790511 HeapGrowthMultiplier: 3
12-18 11:31:41.437  3326  3358 I com.miui.home: CheckGCForNative gc_urgency 0.853296 current_native_bytes is 170703099
12-18 11:31:41.441  3326 13777 I com.miui.home: CheckGCForNative adj_start_bytes: 41835390 NativeAllocationGcWatermark: 11523004 java_gc_start_bytes: 24550884 kNewNativeDiscountFactor: 2 kOldNativeDiscountFactor: 65536 old_native_bytes: 136892379 new_native_bytes: 33811968 add_bytes_allowed: 34569012 is_gc_concurrent: 1 target_footprint_: 25075172 GetBytesAllocated: 18806895 HeapGrowthMultiplier: 3
12-18 11:31:41.441  3326 13777 I com.miui.home: CheckGCForNative gc_urgency 0.853702 current_native_bytes is 170704347
12-18 11:31:41.685  3326  3532 I com.miui.home: CheckGCForNative adj_start_bytes: 41835390 NativeAllocationGcWatermark: 11523004 java_gc_start_bytes: 24550884 kNewNativeDiscountFactor: 2 kOldNativeDiscountFactor: 65536 old_native_bytes: 136892379 new_native_bytes: 23138256 add_bytes_allowed: 34569012 is_gc_concurrent: 1 target_footprint_: 25075172 GetBytesAllocated: 18903086 HeapGrowthMultiplier: 3
12-18 11:31:41.685  3326  3532 I com.miui.home: CheckGCForNative gc_urgency 0.728434 current_native_bytes is 160030635
12-18 11:31:41.685  3326  3532 I com.miui.home: CheckGCForNative adj_start_bytes: 41835390 NativeAllocationGcWatermark: 11523004 java_gc_start_bytes: 24550884 kNewNativeDiscountFactor: 2 kOldNativeDiscountFactor: 65536 old_native_bytes: 136892379 new_native_bytes: 23138960 add_bytes_allowed: 34569012 is_gc_concurrent: 1 target_footprint_: 25075172 GetBytesAllocated: 18904608 HeapGrowthMultiplier: 3
12-18 11:31:41.685  3326  3532 I com.miui.home: CheckGCForNative gc_urgency 0.728478 current_native_bytes is 160031339
12-18 11:31:41.768  3326  3326 I wm_on_top_resumed_gained_called: [19897820,com.miui.home.launcher.Launcher,topStateChangedWhenResumed]
12-18 11:31:41.898 13939 13939 I wm_on_top_resumed_lost_called: [196735325,com.ucpro.BrowserActivity,topStateChangedWhenResumed]
12-18 11:31:41.938  3326  3531 I com.miui.home: CheckGCForNative adj_start_bytes: 41835390 NativeAllocationGcWatermark: 11523004 java_gc_start_bytes: 24550884 kNewNativeDiscountFactor: 2 kOldNativeDiscountFactor: 65536 old_native_bytes: 136892379 new_native_bytes: 33837760 add_bytes_allowed: 34569012 is_gc_concurrent: 1 target_footprint_: 25075172 GetBytesAllocated: 19018909 HeapGrowthMultiplier: 3
12-18 11:31:41.939  3326  3531 I com.miui.home: CheckGCForNative gc_urgency 0.859078 current_native_bytes is 170730139
12-18 11:31:41.939  3326  3531 I com.miui.home: CheckGCForNative adj_start_bytes: 41835390 NativeAllocationGcWatermark: 11523004 java_gc_start_bytes: 24550884 kNewNativeDiscountFactor: 2 kOldNativeDiscountFactor: 65536 old_native_bytes: 136892379 new_native_bytes: 44544704 add_bytes_allowed: 34569012 is_gc_concurrent: 1 target_footprint_: 25075172 GetBytesAllocated: 19027044 HeapGrowthMultiplier: 3
12-18 11:31:41.939  3326  3531 I com.miui.home: CheckGCForNative gc_urgency 0.987238 current_native_bytes is 181437083
12-18 11:31:41.939  3326 13777 I com.miui.home: CheckGCForNative adj_start_bytes: 41835390 NativeAllocationGcWatermark: 11523004 java_gc_start_bytes: 24550884 kNewNativeDiscountFactor: 2 kOldNativeDiscountFactor: 65536 old_native_bytes: 136892379 new_native_bytes: 44545728 add_bytes_allowed: 34569012 is_gc_concurrent: 1 target_footprint_: 25075172 GetBytesAllocated: 19027044 HeapGrowthMultiplier: 3
12-18 11:31:41.939  3326 13777 I com.miui.home: CheckGCForNative gc_urgency 0.98725 current_native_bytes is 181438107
12-18 11:31:42.678  3326  3742 I com.miui.home: CheckGCForNative adj_start_bytes: 41835390 NativeAllocationGcWatermark: 11523004 java_gc_start_bytes: 24550884 kNewNativeDiscountFactor: 2 kOldNativeDiscountFactor: 65536 old_native_bytes: 136892379 new_native_bytes: 34263604 add_bytes_allowed: 34569012 is_gc_concurrent: 1 target_footprint_: 25075172 GetBytesAllocated: 19684421 HeapGrowthMultiplier: 3
12-18 11:31:42.678  3326  3742 I com.miui.home: CheckGCForNative gc_urgency 0.880076 current_native_bytes is 171155983
12-18 11:31:42.679  3326  3742 I com.miui.home: CheckGCForNative adj_start_bytes: 41835390 NativeAllocationGcWatermark: 11523004 java_gc_start_bytes: 24550884 kNewNativeDiscountFactor: 2 kOldNativeDiscountFactor: 65536 old_native_bytes: 136892379 new_native_bytes: 44970740 add_bytes_allowed: 34569012 is_gc_concurrent: 1 target_footprint_: 25075172 GetBytesAllocated: 19692886 HeapGrowthMultiplier: 3
12-18 11:31:42.679  3326  3742 I com.miui.home: CheckGCForNative gc_urgency 1.00825 current_native_bytes is 181863119
12-18 11:31:42.679  3326  3742 I com.miui.home: CheckGCForNative requested 1
12-18 11:31:42.781 13939 13939 I wm_on_paused_called: [0,196735325,com.ucpro.BrowserActivity,performPause,32]
12-18 11:31:42.785 13939 13939 I wm_on_destroy_called: [0,5629460,com.ucpro.MainActivity,performDestroy,2]
12-18 11:31:42.807  3326  3352 I com.miui.home: NativeAlloc concurrent copying GC freed 166860(7672KB) AllocSpace objects, 14(392KB) LOS objects, 49% free, 11MB/23MB, paused 47us,27us total 125.345ms
12-18 11:31:43.202 13939 13939 I wm_on_stop_called: [0,196735325,com.ucpro.BrowserActivity,STOP_ACTIVITY_ITEM,55]
12-18 11:31:45.037  9578  9578 I wm_on_application_create_called: [0,com.eg.android.AlipayGphone,31032]
12-18 11:31:45.396 13939 13939 I wm_on_idle_called: com.ucpro.BrowserActivity