12-15 09:50:34.196  3321  4126 I com.miui.home: CheckGCForNative adj_start_bytes: 38043088 NativeAllocationGcWatermark: 11082423 java_gc_start_bytes: 21419454 kNewNativeDiscountFactor: 2 kOldNativeDiscountFactor: 65536 old_native_bytes: 127696687 new_native_bytes: 33839252 add_bytes_allowed: 33247269 is_gc_concurrent: 1 target_footprint_: 21550526 GetBytesAllocated: 14660704 HeapGrowthMultiplier: 3
12-15 09:50:34.196  3321  4126 I com.miui.home: CheckGCForNative gc_urgency 0.830171 current_native_bytes is 161535939
12-15 09:50:34.199 12268 12268 I wm_on_create_called: [0,224152148,com.dragon.read.pages.splash.SplashActivity,performCreate,392]
12-15 09:50:34.202  3321  4126 I com.miui.home: CheckGCForNative adj_start_bytes: 38043088 NativeAllocationGcWatermark: 11082423 java_gc_start_bytes: 21419454 kNewNativeDiscountFactor: 2 kOldNativeDiscountFactor: 65536 old_native_bytes: 127696687 new_native_bytes: 33840724 add_bytes_allowed: 33247269 is_gc_concurrent: 1 target_footprint_: 21550526 GetBytesAllocated: 14684161 HeapGrowthMultiplier: 3
12-15 09:50:34.202  3321  4126 I com.miui.home: CheckGCForNative gc_urgency 0.830807 current_native_bytes is 161537411
12-15 09:50:34.310  3321  3321 I wm_on_top_resumed_gained_called: [220209492,com.miui.home.launcher.Launcher,topStateChangedWhenResumed]
12-15 09:50:34.408  3321  3523 I com.miui.home: CheckGCForNative adj_start_bytes: 38043088 NativeAllocationGcWatermark: 11082423 java_gc_start_bytes: 21419454 kNewNativeDiscountFactor: 2 kOldNativeDiscountFactor: 65536 old_native_bytes: 127696687 new_native_bytes: 23252244 add_bytes_allowed: 33247269 is_gc_concurrent: 1 target_footprint_: 21550526 GetBytesAllocated: 14796155 HeapGrowthMultiplier: 3
12-15 09:50:34.408  3321  3523 I com.miui.home: CheckGCForNative gc_urgency 0.694587 current_native_bytes is 150948931
12-15 09:50:34.416 12268 12268 I wm_on_create_called: [0,98164398,com.dragon.read.pages.interest.GenderActivity,performCreate,27]
12-15 09:50:34.495 12268 12268 I wm_on_start_called: [0,98164398,com.dragon.read.pages.interest.GenderActivity,handleStartActivity,78]
12-15 09:50:34.541  3321  3523 I com.miui.home: CheckGCForNative adj_start_bytes: 38043088 NativeAllocationGcWatermark: 11082423 java_gc_start_bytes: 21419454 kNewNativeDiscountFactor: 2 kOldNativeDiscountFactor: 65536 old_native_bytes: 127696687 new_native_bytes: 23439892 add_bytes_allowed: 33247269 is_gc_concurrent: 1 target_footprint_: 21550526 GetBytesAllocated: 15297808 HeapGrowthMultiplier: 3
12-15 09:50:34.541  3321  3523 I com.miui.home: CheckGCForNative gc_urgency 0.710239 current_native_bytes is 151136579
12-15 09:50:34.565  3321  3751 I com.miui.home: CheckGCForNative adj_start_bytes: 38043088 NativeAllocationGcWatermark: 11082423 java_gc_start_bytes: 21419454 kNewNativeDiscountFactor: 2 kOldNativeDiscountFactor: 65536 old_native_bytes: 127696687 new_native_bytes: 34311432 add_bytes_allowed: 33247269 is_gc_concurrent: 1 target_footprint_: 21550526 GetBytesAllocated: 15476397 HeapGrowthMultiplier: 3
12-15 09:50:34.565  3321  3751 I com.miui.home: CheckGCForNative gc_urgency 0.857818 current_native_bytes is 162008119
12-15 09:50:34.589 12268 12268 I wm_on_resume_called: [0,98164398,com.dragon.read.pages.interest.GenderActivity,LIFECYCLER_RESUME_ACTIVITY,90]
12-15 09:50:34.678  3321  4126 I com.miui.home: CheckGCForNative adj_start_bytes: 38043088 NativeAllocationGcWatermark: 11082423 java_gc_start_bytes: 21419454 kNewNativeDiscountFactor: 2 kOldNativeDiscountFactor: 65536 old_native_bytes: 127696687 new_native_bytes: 34318456 add_bytes_allowed: 33247269 is_gc_concurrent: 1 target_footprint_: 21550526 GetBytesAllocated: 15524782 HeapGrowthMultiplier: 3
12-15 09:50:34.678  3321  4126 I com.miui.home: CheckGCForNative gc_urgency 0.859183 current_native_bytes is 162015143
12-15 09:50:34.678  3321  3321 I com.miui.home: CheckGCForNative adj_start_bytes: 38043088 NativeAllocationGcWatermark: 11082423 java_gc_start_bytes: 21419454 kNewNativeDiscountFactor: 2 kOldNativeDiscountFactor: 65536 old_native_bytes: 127696687 new_native_bytes: 45025720 add_bytes_allowed: 33247269 is_gc_concurrent: 1 target_footprint_: 21550526 GetBytesAllocated: 15540792 HeapGrowthMultiplier: 3
12-15 09:50:34.678  3321  3321 I com.miui.home: CheckGCForNative gc_urgency 1.00033 current_native_bytes is 172722407
12-15 09:50:34.678  3321  3321 I com.miui.home: CheckGCForNative requested 1
12-15 09:50:34.681  3321  3521 I com.miui.home: CheckGCForNative adj_start_bytes: 38043088 NativeAllocationGcWatermark: 11082423 java_gc_start_bytes: 21419454 kNewNativeDiscountFactor: 2 kOldNativeDiscountFactor: 65536 old_native_bytes: 127696687 new_native_bytes: 45026648 add_bytes_allowed: 33247269 is_gc_concurrent: 1 target_footprint_: 21550526 GetBytesAllocated: 15550532 HeapGrowthMultiplier: 3
12-15 09:50:34.681  3321  3521 I com.miui.home: CheckGCForNative gc_urgency 1.0006 current_native_bytes is 172723335
12-15 09:50:34.681  3321  3521 I com.miui.home: CheckGCForNative requested 1
12-15 09:50:34.706 12268 12268 I wm_on_paused_called: [0,98164398,com.dragon.read.pages.interest.GenderActivity,performPause,3]
12-15 09:50:34.743 12268 12268 I wm_on_destroy_called: [0,224152148,com.dragon.read.pages.splash.SplashActivity,performDestroy,13]
12-15 09:50:34.889  3321  3497 I com.miui.home: CheckGCForNative adj_start_bytes: 38043088 NativeAllocationGcWatermark: 11082423 java_gc_start_bytes: 21419454 kNewNativeDiscountFactor: 2 kOldNativeDiscountFactor: 65536 old_native_bytes: 127696687 new_native_bytes: 34344408 add_bytes_allowed: 33247269 is_gc_concurrent: 1 target_footprint_: 21550526 GetBytesAllocated: 15730717 HeapGrowthMultiplier: 3
12-15 09:50:34.889  3321  3497 I com.miui.home: CheckGCForNative gc_urgency 0.864937 current_native_bytes is 162041095
12-15 09:50:34.949 12690 12690 I wm_on_application_create_called: [0,com.lbe.security.miui,303]
12-15 09:50:34.968  3321  3353 I com.miui.home: NativeAlloc concurrent copying GC freed 98667(4449KB) AllocSpace objects, 12(336KB) LOS objects, 49% free, 10MB/20MB, paused 274us,70us total 288.371ms
12-15 09:50:34.969  3321  3321 I wm_on_top_resumed_lost_called: [220209492,com.miui.home.launcher.Launcher,topStateChangedWhenResumed]
12-15 09:50:34.971  3321  3321 I wm_on_paused_called: [0,220209492,com.miui.home.launcher.Launcher,performPause,2]
12-15 09:50:35.265  3321  3751 I com.miui.home: CheckGCForNative gc_urgency 0 current_native_bytes is 139479287
12-15 09:50:35.403  3321  3751 I com.miui.home: CheckGCForNative gc_urgency 0 current_native_bytes is 129181435
12-15 09:50:35.563  3321  3523 I com.miui.home: CheckGCForNative adj_start_bytes: 38187527 NativeAllocationGcWatermark: 11108538 java_gc_start_bytes: 21524720 kNewNativeDiscountFactor: 2 kOldNativeDiscountFactor: 65536 old_native_bytes: 129181435 new_native_bytes: 64896 add_bytes_allowed: 33325614 is_gc_concurrent: 1 target_footprint_: 21759447 GetBytesAllocated: 12642701 HeapGrowthMultiplier: 3
12-15 09:50:35.563  3321  3523 I com.miui.home: CheckGCForNative gc_urgency 0.33197 current_native_bytes is 129246331
12-15 09:50:35.753  3321  3523 I com.miui.home: CheckGCForNative adj_start_bytes: 38187527 NativeAllocationGcWatermark: 11108538 java_gc_start_bytes: 21524720 kNewNativeDiscountFactor: 2 kOldNativeDiscountFactor: 65536 old_native_bytes: 129181435 new_native_bytes: 42368 add_bytes_allowed: 33325614 is_gc_concurrent: 1 target_footprint_: 21759447 GetBytesAllocated: 12708237 HeapGrowthMultiplier: 3
12-15 09:50:35.753  3321  3523 I com.miui.home: CheckGCForNative gc_urgency 0.333391 current_native_bytes is 129223803
12-15 09:50:35.933 12754 12754 I wm_on_application_create_called: [0,com.youku.phone,388]
12-15 09:50:36.147 12690 12690 I wm_on_create_called: [0,223432542,com.android.packageinstaller.permission.ui.GrantPermissionsActivity,performCreate,927]
12-15 09:50:36.163 12754 12754 I wm_on_create_called: [0,110180283,com.youku.phone.ActivityWelcome,performCreate,103]
12-15 09:50:36.173 12690 12690 I wm_on_start_called: [0,223432542,com.android.packageinstaller.permission.ui.GrantPermissionsActivity,handleStartActivity,16]
12-15 09:50:36.187 12690 12690 I wm_on_resume_called: [0,223432542,com.android.packageinstaller.permission.ui.GrantPermissionsActivity,RESUME_ACTIVITY,10]
12-15 09:50:36.208 12690 12690 I wm_on_paused_called: [0,223432542,com.android.packageinstaller.permission.ui.GrantPermissionsActivity,performPause,1]
12-15 09:50:36.220 12690 12690 I wm_on_stop_called: [0,223432542,com.android.packageinstaller.permission.ui.GrantPermissionsActivity,STOP_ACTIVITY_ITEM,9]
12-15 09:50:36.381  3321  3321 I wm_on_resume_called: [0,220209492,com.miui.home.launcher.Launcher,RESUME_ACTIVITY,5]
12-15 09:50:36.388  3321  3321 I wm_on_idle_called: com.miui.home.launcher.Launcher
12-15 09:50:36.497 12690 12690 I wm_on_destroy_called: [0,223432542,com.android.packageinstaller.permission.ui.GrantPermissionsActivity,performDestroy,2]
12-15 09:50:36.512  3321  3362 I com.miui.home: CheckGCForNative adj_start_bytes: 38187527 NativeAllocationGcWatermark: 11108538 java_gc_start_bytes: 21524720 kNewNativeDiscountFactor: 2 kOldNativeDiscountFactor: 65536 old_native_bytes: 129181435 new_native_bytes: 10721804 add_bytes_allowed: 33325614 is_gc_concurrent: 1 target_footprint_: 21759447 GetBytesAllocated: 14279623 HeapGrowthMultiplier: 3
12-15 09:50:36.512  3321  3362 I com.miui.home: CheckGCForNative gc_urgency 0.514369 current_native_bytes is 139903239
12-15 09:50:36.513  3321  3362 I com.miui.home: CheckGCForNative adj_start_bytes: 38187527 NativeAllocationGcWatermark: 11108538 java_gc_start_bytes: 21524720 kNewNativeDiscountFactor: 2 kOldNativeDiscountFactor: 65536 old_native_bytes: 129181435 new_native_bytes: 21428940 add_bytes_allowed: 33325614 is_gc_concurrent: 1 target_footprint_: 21759447 GetBytesAllocated: 14288534 HeapGrowthMultiplier: 3
12-15 09:50:36.513  3321  3362 I com.miui.home: CheckGCForNative gc_urgency 0.654794 current_native_bytes is 150610375
12-15 09:50:36.548  3321  3362 I com.miui.home: CheckGCForNative adj_start_bytes: 38187527 NativeAllocationGcWatermark: 11108538 java_gc_start_bytes: 21524720 kNewNativeDiscountFactor: 2 kOldNativeDiscountFactor: 65536 old_native_bytes: 129181435 new_native_bytes: 21484876 add_bytes_allowed: 33325614 is_gc_concurrent: 1 target_footprint_: 21759447 GetBytesAllocated: 14377203 HeapGrowthMultiplier: 3
12-15 09:50:36.548  3321  3362 I com.miui.home: CheckGCForNative gc_urgency 0.657849 current_native_bytes is 150666311
12-15 09:50:36.619  3321  3523 I com.miui.home: CheckGCForNative adj_start_bytes: 38187527 NativeAllocationGcWatermark: 11108538 java_gc_start_bytes: 21524720 kNewNativeDiscountFactor: 2 kOldNativeDiscountFactor: 65536 old_native_bytes: 129181435 new_native_bytes: 10902764 add_bytes_allowed: 33325614 is_gc_concurrent: 1 target_footprint_: 21759447 GetBytesAllocated: 14806599 HeapGrowthMultiplier: 3
12-15 09:50:36.619  3321  3523 I com.miui.home: CheckGCForNative gc_urgency 0.530538 current_native_bytes is 140084199
12-15 09:50:36.645  3321  3751 I com.miui.home: CheckGCForNative adj_start_bytes: 38187527 NativeAllocationGcWatermark: 11108538 java_gc_start_bytes: 21524720 kNewNativeDiscountFactor: 2 kOldNativeDiscountFactor: 65536 old_native_bytes: 129181435 new_native_bytes: 10910628 add_bytes_allowed: 33325614 is_gc_concurrent: 1 target_footprint_: 21759447 GetBytesAllocated: 14950846 HeapGrowthMultiplier: 3
12-15 09:50:36.645  3321  3751 I com.miui.home: CheckGCForNative gc_urgency 0.534419 current_native_bytes is 140092063
12-15 09:50:36.661  3321  3751 I com.miui.home: CheckGCForNative adj_start_bytes: 38187527 NativeAllocationGcWatermark: 11108538 java_gc_start_bytes: 21524720 kNewNativeDiscountFactor: 2 kOldNativeDiscountFactor: 65536 old_native_bytes: 129181435 new_native_bytes: 21699584 add_bytes_allowed: 33325614 is_gc_concurrent: 1 target_footprint_: 21759447 GetBytesAllocated: 15012242 HeapGrowthMultiplier: 3
12-15 09:50:36.661  3321  3751 I com.miui.home: CheckGCForNative gc_urgency 0.677289 current_native_bytes is 150881019
12-15 09:50:36.695 12754 12754 I wm_on_create_called: [0,128640842,com.youku.v2.HomePageEntry,performCreate,319]
12-15 09:50:36.712 12754 12754 I wm_on_start_called: [0,128640842,com.youku.v2.HomePageEntry,handleStartActivity,16]
12-15 09:50:36.748 12754 12754 I wm_on_resume_called: [0,128640842,com.youku.v2.HomePageEntry,RESUME_ACTIVITY,31]
12-15 09:50:36.829  3321  3321 I wm_on_top_resumed_gained_called: [220209492,com.miui.home.launcher.Launcher,topStateChangedWhenResumed]
12-15 09:50:36.841  3321  3523 I com.miui.home: CheckGCForNative adj_start_bytes: 38187527 NativeAllocationGcWatermark: 11108538 java_gc_start_bytes: 21524720 kNewNativeDiscountFactor: 2 kOldNativeDiscountFactor: 65536 old_native_bytes: 129181435 new_native_bytes: 11274836 add_bytes_allowed: 33325614 is_gc_concurrent: 1 target_footprint_: 21759447 GetBytesAllocated: 15694568 HeapGrowthMultiplier: 3
12-15 09:50:36.841  3321  3523 I com.miui.home: CheckGCForNative gc_urgency 0.558663 current_native_bytes is 140456271
12-15 09:50:36.849 12754 12754 I wm_on_top_resumed_gained_called: [128640842,com.youku.v2.HomePageEntry,topStateChangedWhenResumed]
12-15 09:50:36.854 12754 12754 I wm_on_top_resumed_lost_called: [128640842,com.youku.v2.HomePageEntry,topStateChangedWhenResumed]
12-15 09:50:37.014  3321  3521 I com.miui.home: CheckGCForNative adj_start_bytes: 38187527 NativeAllocationGcWatermark: 11108538 java_gc_start_bytes: 21524720 kNewNativeDiscountFactor: 2 kOldNativeDiscountFactor: 65536 old_native_bytes: 129181435 new_native_bytes: 21954092 add_bytes_allowed: 33325614 is_gc_concurrent: 1 target_footprint_: 21759447 GetBytesAllocated: 15781825 HeapGrowthMultiplier: 3
12-15 09:50:37.014  3321  3521 I com.miui.home: CheckGCForNative gc_urgency 0.700774 current_native_bytes is 151135527
12-15 09:50:37.014  3321  3521 I com.miui.home: CheckGCForNative adj_start_bytes: 38187527 NativeAllocationGcWatermark: 11108538 java_gc_start_bytes: 21524720 kNewNativeDiscountFactor: 2 kOldNativeDiscountFactor: 65536 old_native_bytes: 129181435 new_native_bytes: 32661228 add_bytes_allowed: 33325614 is_gc_concurrent: 1 target_footprint_: 21759447 GetBytesAllocated: 15787523 HeapGrowthMultiplier: 3
12-15 09:50:37.015  3321  3521 I com.miui.home: CheckGCForNative gc_urgency 0.841115 current_native_bytes is 161842663
12-15 09:50:37.017  3321  3362 I com.miui.home: CheckGCForNative adj_start_bytes: 38187527 NativeAllocationGcWatermark: 11108538 java_gc_start_bytes: 21524720 kNewNativeDiscountFactor: 2 kOldNativeDiscountFactor: 65536 old_native_bytes: 129181435 new_native_bytes: 32661228 add_bytes_allowed: 33325614 is_gc_concurrent: 1 target_footprint_: 21759447 GetBytesAllocated: 15787523 HeapGrowthMultiplier: 3
12-15 09:50:37.018  3321  3362 I com.miui.home: CheckGCForNative gc_urgency 0.841115 current_native_bytes is 161842663
12-15 09:50:37.246  3321  3321 I wm_on_top_resumed_lost_called: [220209492,com.miui.home.launcher.Launcher,topStateChangedWhenResumed]
12-15 09:50:37.440  3321  3751 I com.miui.home: CheckGCForNative adj_start_bytes: 38187527 NativeAllocationGcWatermark: 11108538 java_gc_start_bytes: 21524720 kNewNativeDiscountFactor: 2 kOldNativeDiscountFactor: 65536 old_native_bytes: 129181435 new_native_bytes: 33105040 add_bytes_allowed: 33325614 is_gc_concurrent: 1 target_footprint_: 21759447 GetBytesAllocated: 16778877 HeapGrowthMultiplier: 3
12-15 09:50:37.440  3321  3751 I com.miui.home: CheckGCForNative gc_urgency 0.872886 current_native_bytes is 162286475
12-15 09:50:37.494  3321  3751 I com.miui.home: CheckGCForNative adj_start_bytes: 38187527 NativeAllocationGcWatermark: 11108538 java_gc_start_bytes: 21524720 kNewNativeDiscountFactor: 2 kOldNativeDiscountFactor: 65536 old_native_bytes: 129181435 new_native_bytes: 22621572 add_bytes_allowed: 33325614 is_gc_concurrent: 1 target_footprint_: 21759447 GetBytesAllocated: 17355855 HeapGrowthMultiplier: 3
12-15 09:50:37.494  3321  3751 I com.miui.home: CheckGCForNative gc_urgency 0.750732 current_native_bytes is 151803007
12-15 09:50:37.533  3321  3321 I wm_on_paused_called: [0,220209492,com.miui.home.launcher.Launcher,performPause,2]
12-15 09:50:37.595 12754 12754 I wm_on_paused_called: [0,128640842,com.youku.v2.HomePageEntry,performPause,8]
12-15 09:50:37.602 12754 12754 I wm_on_destroy_called: [0,110180283,com.youku.phone.ActivityWelcome,performDestroy,2]
12-15 09:50:37.648 12754 12754 I wm_on_stop_called: [0,128640842,com.youku.v2.HomePageEntry,STOP_ACTIVITY_ITEM,15]
12-15 09:50:37.748  3321  3751 I com.miui.home: CheckGCForNative adj_start_bytes: 38187527 NativeAllocationGcWatermark: 11108538 java_gc_start_bytes: 21524720 kNewNativeDiscountFactor: 2 kOldNativeDiscountFactor: 65536 old_native_bytes: 129181435 new_native_bytes: 23269612 add_bytes_allowed: 33325614 is_gc_concurrent: 1 target_footprint_: 21759447 GetBytesAllocated: 18217839 HeapGrowthMultiplier: 3
12-15 09:50:37.748  3321  3751 I com.miui.home: CheckGCForNative gc_urgency 0.78179 current_native_bytes is 152451047
12-15 09:50:37.875  3321  3523 I com.miui.home: CheckGCForNative adj_start_bytes: 38187527 NativeAllocationGcWatermark: 11108538 java_gc_start_bytes: 21524720 kNewNativeDiscountFactor: 2 kOldNativeDiscountFactor: 65536 old_native_bytes: 129181435 new_native_bytes: 23518264 add_bytes_allowed: 33325614 is_gc_concurrent: 1 target_footprint_: 21759447 GetBytesAllocated: 18723043 HeapGrowthMultiplier: 3
12-15 09:50:37.875  3321  3523 I com.miui.home: CheckGCForNative gc_urgency 0.798275 current_native_bytes is 152699699
12-15 09:50:38.175  3321  3523 I com.miui.home: CheckGCForNative adj_start_bytes: 38187527 NativeAllocationGcWatermark: 11108538 java_gc_start_bytes: 21524720 kNewNativeDiscountFactor: 2 kOldNativeDiscountFactor: 65536 old_native_bytes: 129181435 new_native_bytes: 23578908 add_bytes_allowed: 33325614 is_gc_concurrent: 1 target_footprint_: 21759447 GetBytesAllocated: 19001630 HeapGrowthMultiplier: 3
12-15 09:50:38.175  3321  3523 I com.miui.home: CheckGCForNative gc_urgency 0.806364 current_native_bytes is 152760343
12-15 09:50:38.329 13186 13186 I wm_on_create_called: [0,161523433,com.ucpro.MainActivity,performCreate,106]
12-15 09:50:38.696  3321  3321 I com.miui.home: CheckGCForNative adj_start_bytes: 38187527 NativeAllocationGcWatermark: 11108538 java_gc_start_bytes: 21524720 kNewNativeDiscountFactor: 2 kOldNativeDiscountFactor: 65536 old_native_bytes: 129181435 new_native_bytes: 23977108 add_bytes_allowed: 33325614 is_gc_concurrent: 1 target_footprint_: 21759447 GetBytesAllocated: 20806500 HeapGrowthMultiplier: 3
12-15 09:50:38.696  3321  3321 I com.miui.home: CheckGCForNative gc_urgency 0.858841 current_native_bytes is 153158543
12-15 09:50:38.705  3321  3321 I wm_on_resume_called: [0,220209492,com.miui.home.launcher.Launcher,RESUME_ACTIVITY,5]
12-15 09:50:38.710  3321  3321 I wm_on_idle_called: com.miui.home.launcher.Launcher
12-15 09:50:38.865  3321  3362 I com.miui.home: CheckGCForNative gc_urgency 0 current_native_bytes is 149518919
12-15 09:50:38.866  3321  3362 I com.miui.home: CheckGCForNative adj_start_bytes: 38249203 NativeAllocationGcWatermark: 11108538 java_gc_start_bytes: 21586396 kNewNativeDiscountFactor: 2 kOldNativeDiscountFactor: 65536 old_native_bytes: 149518919 new_native_bytes: 10706944 add_bytes_allowed: 33325614 is_gc_concurrent: 1 target_footprint_: 21759447 GetBytesAllocated: 11264459 HeapGrowthMultiplier: 3
12-15 09:50:38.867  3321  3362 I com.miui.home: CheckGCForNative gc_urgency 0.434524 current_native_bytes is 160225863
12-15 09:50:38.871  3321  3650 I com.miui.home: CheckGCForNative adj_start_bytes: 38249203 NativeAllocationGcWatermark: 11108538 java_gc_start_bytes: 21586396 kNewNativeDiscountFactor: 2 kOldNativeDiscountFactor: 65536 old_native_bytes: 149518919 new_native_bytes: 10708192 add_bytes_allowed: 33325614 is_gc_concurrent: 1 target_footprint_: 21759447 GetBytesAllocated: 11297227 HeapGrowthMultiplier: 3
12-15 09:50:38.871  3321  3650 I com.miui.home: CheckGCForNative gc_urgency 0.435397 current_native_bytes is 160227111
12-15 09:50:38.879  3321  8101 I com.miui.home: CheckGCForNative adj_start_bytes: 38249203 NativeAllocationGcWatermark: 11108538 java_gc_start_bytes: 21586396 kNewNativeDiscountFactor: 2 kOldNativeDiscountFactor: 65536 old_native_bytes: 149518919 new_native_bytes: 61088 add_bytes_allowed: 33325614 is_gc_concurrent: 1 target_footprint_: 21759447 GetBytesAllocated: 11313803 HeapGrowthMultiplier: 3
12-15 09:50:38.879  3321  8101 I com.miui.home: CheckGCForNative gc_urgency 0.29665 current_native_bytes is 149580007
12-15 09:50:39.168  3321  3321 I wm_on_top_resumed_gained_called: [220209492,com.miui.home.launcher.Launcher,topStateChangedWhenResumed]
12-15 09:50:39.219  3321  3523 I com.miui.home: CheckGCForNative adj_start_bytes: 38249203 NativeAllocationGcWatermark: 11108538 java_gc_start_bytes: 21586396 kNewNativeDiscountFactor: 2 kOldNativeDiscountFactor: 65536 old_native_bytes: 149518919 new_native_bytes: 58160 add_bytes_allowed: 33325614 is_gc_concurrent: 1 target_footprint_: 21759447 GetBytesAllocated: 11462790 HeapGrowthMultiplier: 3
12-15 09:50:39.219  3321  3523 I com.miui.home: CheckGCForNative gc_urgency 0.300507 current_native_bytes is 149577079
12-15 09:50:39.330  3321  3523 I com.miui.home: CheckGCForNative adj_start_bytes: 38249203 NativeAllocationGcWatermark: 11108538 java_gc_start_bytes: 21586396 kNewNativeDiscountFactor: 2 kOldNativeDiscountFactor: 65536 old_native_bytes: 149518919 new_native_bytes: 71520 add_bytes_allowed: 33325614 is_gc_concurrent: 1 target_footprint_: 21759447 GetBytesAllocated: 11506976 HeapGrowthMultiplier: 3
12-15 09:50:39.330  3321  3523 I com.miui.home: CheckGCForNative gc_urgency 0.301837 current_native_bytes is 149590439
12-15 09:50:39.457 13186 13186 I wm_on_create_called: [0,257101684,com.ucpro.BrowserActivity,performCreate,1023]
12-15 09:50:39.463 13186 13186 I wm_on_start_called: [0,257101684,com.ucpro.BrowserActivity,handleStartActivity,5]
12-15 09:50:39.482 13186 13186 I wm_on_resume_called: [0,257101684,com.ucpro.BrowserActivity,RESUME_ACTIVITY,14]
12-15 09:50:39.615  3321  3321 I wm_on_top_resumed_lost_called: [220209492,com.miui.home.launcher.Launcher,topStateChangedWhenResumed]
12-15 09:50:39.624 13186 13186 I wm_on_top_resumed_gained_called: [257101684,com.ucpro.BrowserActivity,topStateChangedWhenResumed]
12-15 09:50:39.624 13186 13186 I wm_on_top_resumed_lost_called: [257101684,com.ucpro.BrowserActivity,topStateChangedWhenResumed]
12-15 09:50:39.668 13186 13186 I wm_on_paused_called: [0,257101684,com.ucpro.BrowserActivity,performPause,18]
12-15 09:50:39.672  3321  3321 I wm_on_paused_called: [0,220209492,com.miui.home.launcher.Launcher,performPause,1]
12-15 09:50:39.685 13186 13186 I wm_on_destroy_called: [0,161523433,com.ucpro.MainActivity,performDestroy,1]
12-15 09:50:39.899  3321  3751 I com.miui.home: CheckGCForNative adj_start_bytes: 38249203 NativeAllocationGcWatermark: 11108538 java_gc_start_bytes: 21586396 kNewNativeDiscountFactor: 2 kOldNativeDiscountFactor: 65536 old_native_bytes: 149518919 new_native_bytes: 11870748 add_bytes_allowed: 33325614 is_gc_concurrent: 1 target_footprint_: 21759447 GetBytesAllocated: 12747059 HeapGrowthMultiplier: 3
12-15 09:50:39.900  3321  3751 I com.miui.home: CheckGCForNative gc_urgency 0.488499 current_native_bytes is 161389667
12-15 09:50:39.925  3321  8101 I com.miui.home: CheckGCForNative adj_start_bytes: 38249203 NativeAllocationGcWatermark: 11108538 java_gc_start_bytes: 21586396 kNewNativeDiscountFactor: 2 kOldNativeDiscountFactor: 65536 old_native_bytes: 149518919 new_native_bytes: 1165020 add_bytes_allowed: 33325614 is_gc_concurrent: 1 target_footprint_: 21759447 GetBytesAllocated: 12833816 HeapGrowthMultiplier: 3
12-15 09:50:39.925  3321  8101 I com.miui.home: CheckGCForNative gc_urgency 0.350821 current_native_bytes is 150683939
12-15 09:50:40.219  3321  3751 I com.miui.home: CheckGCForNative adj_start_bytes: 38249203 NativeAllocationGcWatermark: 11108538 java_gc_start_bytes: 21586396 kNewNativeDiscountFactor: 2 kOldNativeDiscountFactor: 65536 old_native_bytes: 149518919 new_native_bytes: 1541968 add_bytes_allowed: 33325614 is_gc_concurrent: 1 target_footprint_: 21759447 GetBytesAllocated: 13538553 HeapGrowthMultiplier: 3
12-15 09:50:40.219  3321  3751 I com.miui.home: CheckGCForNative gc_urgency 0.374173 current_native_bytes is 151060887
12-15 09:50:40.307 13535 13535 I wm_on_application_create_called: [0,com.quark.browser,527]
12-15 09:50:40.352  3321  3523 I com.miui.home: CheckGCForNative adj_start_bytes: 38249203 NativeAllocationGcWatermark: 11108538 java_gc_start_bytes: 21586396 kNewNativeDiscountFactor: 2 kOldNativeDiscountFactor: 65536 old_native_bytes: 149518919 new_native_bytes: 1576096 add_bytes_allowed: 33325614 is_gc_concurrent: 1 target_footprint_: 21759447 GetBytesAllocated: 13646609 HeapGrowthMultiplier: 3
12-15 09:50:40.353  3321  3523 I com.miui.home: CheckGCForNative gc_urgency 0.377444 current_native_bytes is 151095015
12-15 09:50:40.804 13186 13186 I wm_on_stop_called: [0,257101684,com.ucpro.BrowserActivity,STOP_ACTIVITY_ITEM,159]
12-15 09:50:40.880 13589 13589 I wm_on_create_called: [0,106771643,com.eg.android.AlipayGphone.AlipayLogin,performCreate,132]
12-15 09:50:40.886 13589 13589 I wm_on_start_called: [0,106771643,com.eg.android.AlipayGphone.AlipayLogin,handleStartActivity,5]
12-15 09:50:40.895 13589 13589 I wm_on_resume_called: [0,106771643,com.eg.android.AlipayGphone.AlipayLogin,RESUME_ACTIVITY,6]
12-15 09:50:40.938 13589 13589 I wm_on_top_resumed_gained_called: [106771643,com.eg.android.AlipayGphone.AlipayLogin,topStateChangedWhenResumed]
12-15 09:50:41.192  3321  3321 I wm_on_resume_called: [0,220209492,com.miui.home.launcher.Launcher,RESUME_ACTIVITY,5]
12-15 09:50:41.199  3321  3321 I wm_on_idle_called: com.miui.home.launcher.Launcher
12-15 09:50:41.446  3321  3650 I com.miui.home: CheckGCForNative adj_start_bytes: 38249203 NativeAllocationGcWatermark: 11108538 java_gc_start_bytes: 21586396 kNewNativeDiscountFactor: 2 kOldNativeDiscountFactor: 65536 old_native_bytes: 149518919 new_native_bytes: 12264908 add_bytes_allowed: 33325614 is_gc_concurrent: 1 target_footprint_: 21759447 GetBytesAllocated: 15114052 HeapGrowthMultiplier: 3
12-15 09:50:41.446  3321  3650 I com.miui.home: CheckGCForNative gc_urgency 0.555535 current_native_bytes is 161783827
12-15 09:50:41.448  3321  3321 I com.miui.home: CheckGCForNative adj_start_bytes: 38249203 NativeAllocationGcWatermark: 11108538 java_gc_start_bytes: 21586396 kNewNativeDiscountFactor: 2 kOldNativeDiscountFactor: 65536 old_native_bytes: 149518919 new_native_bytes: 22971436 add_bytes_allowed: 33325614 is_gc_concurrent: 1 target_footprint_: 21759447 GetBytesAllocated: 15118216 HeapGrowthMultiplier: 3
12-15 09:50:41.448  3321  3321 I com.miui.home: CheckGCForNative gc_urgency 0.695602 current_native_bytes is 172490355
12-15 09:50:41.455  3321  3773 I com.miui.home: CheckGCForNative adj_start_bytes: 38249203 NativeAllocationGcWatermark: 11108538 java_gc_start_bytes: 21586396 kNewNativeDiscountFactor: 2 kOldNativeDiscountFactor: 65536 old_native_bytes: 149518919 new_native_bytes: 22972332 add_bytes_allowed: 33325614 is_gc_concurrent: 1 target_footprint_: 21759447 GetBytesAllocated: 15118216 HeapGrowthMultiplier: 3
12-15 09:50:41.455  3321  3773 I com.miui.home: CheckGCForNative gc_urgency 0.695614 current_native_bytes is 172491251
12-15 09:50:41.461  3321  8101 I com.miui.home: CheckGCForNative adj_start_bytes: 38249203 NativeAllocationGcWatermark: 11108538 java_gc_start_bytes: 21586396 kNewNativeDiscountFactor: 2 kOldNativeDiscountFactor: 65536 old_native_bytes: 149518919 new_native_bytes: 12268876 add_bytes_allowed: 33325614 is_gc_concurrent: 1 target_footprint_: 21759447 GetBytesAllocated: 15150564 HeapGrowthMultiplier: 3
12-15 09:50:41.461  3321  8101 I com.miui.home: CheckGCForNative gc_urgency 0.556542 current_native_bytes is 161787795
12-15 09:50:41.608  3321  3321 I wm_on_top_resumed_gained_called: [220209492,com.miui.home.launcher.Launcher,topStateChangedWhenResumed]
12-15 09:50:41.797  3321  3523 I com.miui.home: CheckGCForNative adj_start_bytes: 38249203 NativeAllocationGcWatermark: 11108538 java_gc_start_bytes: 21586396 kNewNativeDiscountFactor: 2 kOldNativeDiscountFactor: 65536 old_native_bytes: 149518919 new_native_bytes: 12336268 add_bytes_allowed: 33325614 is_gc_concurrent: 1 target_footprint_: 21759447 GetBytesAllocated: 15277668 HeapGrowthMultiplier: 3
12-15 09:50:41.797  3321  3523 I com.miui.home: CheckGCForNative gc_urgency 0.560746 current_native_bytes is 161855187
12-15 09:50:41.819  3321  3523 I com.miui.home: CheckGCForNative adj_start_bytes: 38249203 NativeAllocationGcWatermark: 11108538 java_gc_start_bytes: 21586396 kNewNativeDiscountFactor: 2 kOldNativeDiscountFactor: 65536 old_native_bytes: 149518919 new_native_bytes: 12338060 add_bytes_allowed: 33325614 is_gc_concurrent: 1 target_footprint_: 21759447 GetBytesAllocated: 15277668 HeapGrowthMultiplier: 3
12-15 09:50:41.819  3321  3523 I com.miui.home: CheckGCForNative gc_urgency 0.560769 current_native_bytes is 161856979
12-15 09:50:41.937  3321  3521 I com.miui.home: CheckGCForNative adj_start_bytes: 38249203 NativeAllocationGcWatermark: 11108538 java_gc_start_bytes: 21586396 kNewNativeDiscountFactor: 2 kOldNativeDiscountFactor: 65536 old_native_bytes: 149518919 new_native_bytes: 23086108 add_bytes_allowed: 33325614 is_gc_concurrent: 1 target_footprint_: 21759447 GetBytesAllocated: 15334066 HeapGrowthMultiplier: 3
12-15 09:50:41.937  3321  3521 I com.miui.home: CheckGCForNative gc_urgency 0.702744 current_native_bytes is 172605027
12-15 09:50:41.938  3321  3521 I com.miui.home: CheckGCForNative adj_start_bytes: 38249203 NativeAllocationGcWatermark: 11108538 java_gc_start_bytes: 21586396 kNewNativeDiscountFactor: 2 kOldNativeDiscountFactor: 65536 old_native_bytes: 149518919 new_native_bytes: 33793372 add_bytes_allowed: 33325614 is_gc_concurrent: 1 target_footprint_: 21759447 GetBytesAllocated: 15351130 HeapGrowthMultiplier: 3
12-15 09:50:41.938  3321  3521 I com.miui.home: CheckGCForNative gc_urgency 0.843157 current_native_bytes is 183312291
12-15 09:50:41.943  3321  3773 I com.miui.home: CheckGCForNative adj_start_bytes: 38249203 NativeAllocationGcWatermark: 11108538 java_gc_start_bytes: 21586396 kNewNativeDiscountFactor: 2 kOldNativeDiscountFactor: 65536 old_native_bytes: 149518919 new_native_bytes: 33793372 add_bytes_allowed: 33325614 is_gc_concurrent: 1 target_footprint_: 21759447 GetBytesAllocated: 15367334 HeapGrowthMultiplier: 3
12-15 09:50:41.943  3321  3773 I com.miui.home: CheckGCForNative gc_urgency 0.843581 current_native_bytes is 183312291
12-15 09:50:42.107 13186 13186 I wm_on_idle_called: com.ucpro.BrowserActivity
12-15 09:50:42.274  3321  3321 I wm_on_top_resumed_lost_called: [220209492,com.miui.home.launcher.Launcher,topStateChangedWhenResumed]
12-15 09:50:42.487  3321  3321 I wm_on_paused_called: [0,220209492,com.miui.home.launcher.Launcher,performPause,2]
12-15 09:50:42.498 13808 13808 I wm_on_application_create_called: [0,com.xunmeng.pinduoduo,594]
12-15 09:50:42.501  3321  3751 I com.miui.home: CheckGCForNative adj_start_bytes: 38249203 NativeAllocationGcWatermark: 11108538 java_gc_start_bytes: 21586396 kNewNativeDiscountFactor: 2 kOldNativeDiscountFactor: 65536 old_native_bytes: 149518919 new_native_bytes: 23712260 add_bytes_allowed: 33325614 is_gc_concurrent: 1 target_footprint_: 21759447 GetBytesAllocated: 16719751 HeapGrowthMultiplier: 3
12-15 09:50:42.502  3321  3751 I com.miui.home: CheckGCForNative gc_urgency 0.747157 current_native_bytes is 173231179
12-15 09:50:42.513  3321  3482 I com.miui.home: CheckGCForNative adj_start_bytes: 38249203 NativeAllocationGcWatermark: 11108538 java_gc_start_bytes: 21586396 kNewNativeDiscountFactor: 2 kOldNativeDiscountFactor: 65536 old_native_bytes: 149518919 new_native_bytes: 34478340 add_bytes_allowed: 33325614 is_gc_concurrent: 1 target_footprint_: 21759447 GetBytesAllocated: 16858068 HeapGrowthMultiplier: 3
12-15 09:50:42.513  3321  3482 I com.miui.home: CheckGCForNative gc_urgency 0.891509 current_native_bytes is 183997259
12-15 09:50:42.617  3321  3482 I com.miui.home: CheckGCForNative adj_start_bytes: 38249203 NativeAllocationGcWatermark: 11108538 java_gc_start_bytes: 21586396 kNewNativeDiscountFactor: 2 kOldNativeDiscountFactor: 65536 old_native_bytes: 149518919 new_native_bytes: 49175908 add_bytes_allowed: 33325614 is_gc_concurrent: 1 target_footprint_: 21759447 GetBytesAllocated: 17174900 HeapGrowthMultiplier: 3
12-15 09:50:42.617  3321  3482 I com.miui.home: CheckGCForNative gc_urgency 1.09192 current_native_bytes is 198694827
12-15 09:50:42.617  3321  3482 I com.miui.home: CheckGCForNative requested 1
12-15 09:50:42.618  3321  3482 I com.miui.home: CheckGCForNative adj_start_bytes: 38249203 NativeAllocationGcWatermark: 11108538 java_gc_start_bytes: 21586396 kNewNativeDiscountFactor: 2 kOldNativeDiscountFactor: 65536 old_native_bytes: 149518919 new_native_bytes: 37379428 add_bytes_allowed: 33325614 is_gc_concurrent: 1 target_footprint_: 21759447 GetBytesAllocated: 17174900 HeapGrowthMultiplier: 3
12-15 09:50:42.618  3321  3482 I com.miui.home: CheckGCForNative gc_urgency 0.937716 current_native_bytes is 186898347
12-15 09:50:42.644  3321  3482 I com.miui.home: CheckGCForNative adj_start_bytes: 38249203 NativeAllocationGcWatermark: 11108538 java_gc_start_bytes: 21586396 kNewNativeDiscountFactor: 2 kOldNativeDiscountFactor: 65536 old_native_bytes: 149518919 new_native_bytes: 38251460 add_bytes_allowed: 33325614 is_gc_concurrent: 1 target_footprint_: 21759447 GetBytesAllocated: 17174900 HeapGrowthMultiplier: 3
12-15 09:50:42.644  3321  3482 I com.miui.home: CheckGCForNative gc_urgency 0.949116 current_native_bytes is 187770379
12-15 09:50:42.791  3321  3353 I com.miui.home: NativeAlloc concurrent copying GC freed 133092(6048KB) AllocSpace objects, 16(544KB) LOS objects, 50% free, 10MB/21MB, paused 2.217ms,35us total 171.478ms
12-15 09:50:42.981  3321  3482 I com.miui.home: CheckGCForNative gc_urgency 0 current_native_bytes is 132643371
12-15 09:50:42.981  3321  3482 I com.miui.home: CheckGCForNative adj_start_bytes: 38299515 NativeAllocationGcWatermark: 11150807 java_gc_start_bytes: 21573305 kNewNativeDiscountFactor: 2 kOldNativeDiscountFactor: 65536 old_native_bytes: 132643371 new_native_bytes: 1450888 add_bytes_allowed: 33452421 is_gc_concurrent: 1 target_footprint_: 22097593 GetBytesAllocated: 11736810 HeapGrowthMultiplier: 3
12-15 09:50:42.981  3321  3482 I com.miui.home: CheckGCForNative gc_urgency 0.325442 current_native_bytes is 134094259
12-15 09:50:42.995  3321  3482 I com.miui.home: CheckGCForNative adj_start_bytes: 38299515 NativeAllocationGcWatermark: 11150807 java_gc_start_bytes: 21573305 kNewNativeDiscountFactor: 2 kOldNativeDiscountFactor: 65536 old_native_bytes: 132643371 new_native_bytes: 12475800 add_bytes_allowed: 33452421 is_gc_concurrent: 1 target_footprint_: 22097593 GetBytesAllocated: 11736858 HeapGrowthMultiplier: 3
12-15 09:50:42.997  3321  3482 I com.miui.home: CheckGCForNative gc_urgency 0.469511 current_native_bytes is 145119171
12-15 09:50:43.153  3321  3523 I com.miui.home: CheckGCForNative adj_start_bytes: 38299515 NativeAllocationGcWatermark: 11150807 java_gc_start_bytes: 21573305 kNewNativeDiscountFactor: 2 kOldNativeDiscountFactor: 65536 old_native_bytes: 132643371 new_native_bytes: 13845816 add_bytes_allowed: 33452421 is_gc_concurrent: 1 target_footprint_: 22097593 GetBytesAllocated: 11880944 HeapGrowthMultiplier: 3
12-15 09:50:43.153  3321  3523 I com.miui.home: CheckGCForNative gc_urgency 0.491021 current_native_bytes is 146489187
12-15 09:50:43.242  3321  3523 I com.miui.home: CheckGCForNative adj_start_bytes: 38299515 NativeAllocationGcWatermark: 11150807 java_gc_start_bytes: 21573305 kNewNativeDiscountFactor: 2 kOldNativeDiscountFactor: 65536 old_native_bytes: 132643371 new_native_bytes: 13851544 add_bytes_allowed: 33452421 is_gc_concurrent: 1 target_footprint_: 22097593 GetBytesAllocated: 11898638 HeapGrowthMultiplier: 3
12-15 09:50:43.242  3321  3523 I com.miui.home: CheckGCForNative gc_urgency 0.491558 current_native_bytes is 146494915
12-15 09:50:43.508  3321  3523 I com.miui.home: CheckGCForNative adj_start_bytes: 38299515 NativeAllocationGcWatermark: 11150807 java_gc_start_bytes: 21573305 kNewNativeDiscountFactor: 2 kOldNativeDiscountFactor: 65536 old_native_bytes: 132643371 new_native_bytes: 13852792 add_bytes_allowed: 33452421 is_gc_concurrent: 1 target_footprint_: 22097593 GetBytesAllocated: 11994716 HeapGrowthMultiplier: 3
12-15 09:50:43.508  3321  3523 I com.miui.home: CheckGCForNative gc_urgency 0.494083 current_native_bytes is 146496163
12-15 09:50:44.033  3321  3321 I wm_on_resume_called: [0,220209492,com.miui.home.launcher.Launcher,RESUME_ACTIVITY,28]
12-15 09:50:44.043  3321  3321 I wm_on_idle_called: com.miui.home.launcher.Launcher
12-15 09:50:44.189  3321  3773 I com.miui.home: CheckGCForNative adj_start_bytes: 38299515 NativeAllocationGcWatermark: 11150807 java_gc_start_bytes: 21573305 kNewNativeDiscountFactor: 2 kOldNativeDiscountFactor: 65536 old_native_bytes: 132643371 new_native_bytes: 24497764 add_bytes_allowed: 33452421 is_gc_concurrent: 1 target_footprint_: 22097593 GetBytesAllocated: 13493708 HeapGrowthMultiplier: 3
12-15 09:50:44.189  3321  3773 I com.miui.home: CheckGCForNative gc_urgency 0.672192 current_native_bytes is 157141135
12-15 09:50:44.189  3321  3773 I com.miui.home: CheckGCForNative adj_start_bytes: 38299515 NativeAllocationGcWatermark: 11150807 java_gc_start_bytes: 21573305 kNewNativeDiscountFactor: 2 kOldNativeDiscountFactor: 65536 old_native_bytes: 132643371 new_native_bytes: 35204900 add_bytes_allowed: 33452421 is_gc_concurrent: 1 target_footprint_: 22097593 GetBytesAllocated: 13501381 HeapGrowthMultiplier: 3
12-15 09:50:44.189  3321  3773 I com.miui.home: CheckGCForNative gc_urgency 0.812174 current_native_bytes is 167848271
12-15 09:50:44.195  3321  3650 I com.miui.home: CheckGCForNative adj_start_bytes: 38299515 NativeAllocationGcWatermark: 11150807 java_gc_start_bytes: 21573305 kNewNativeDiscountFactor: 2 kOldNativeDiscountFactor: 65536 old_native_bytes: 132643371 new_native_bytes: 35207700 add_bytes_allowed: 33452421 is_gc_concurrent: 1 target_footprint_: 22097593 GetBytesAllocated: 13520317 HeapGrowthMultiplier: 3
12-15 09:50:44.195  3321  3650 I com.miui.home: CheckGCForNative gc_urgency 0.812705 current_native_bytes is 167851071
12-15 09:50:44.253  3321  3523 I com.miui.home: CheckGCForNative adj_start_bytes: 38299515 NativeAllocationGcWatermark: 11150807 java_gc_start_bytes: 21573305 kNewNativeDiscountFactor: 2 kOldNativeDiscountFactor: 65536 old_native_bytes: 132643371 new_native_bytes: 24587540 add_bytes_allowed: 33452421 is_gc_concurrent: 1 target_footprint_: 22097593 GetBytesAllocated: 13555566 HeapGrowthMultiplier: 3
12-15 09:50:44.253  3321  3523 I com.miui.home: CheckGCForNative gc_urgency 0.674979 current_native_bytes is 157230911
12-15 09:50:44.308  3321  3523 I com.miui.home: CheckGCForNative adj_start_bytes: 38299515 NativeAllocationGcWatermark: 11150807 java_gc_start_bytes: 21573305 kNewNativeDiscountFactor: 2 kOldNativeDiscountFactor: 65536 old_native_bytes: 132643371 new_native_bytes: 24591636 add_bytes_allowed: 33452421 is_gc_concurrent: 1 target_footprint_: 22097593 GetBytesAllocated: 13591288 HeapGrowthMultiplier: 3
12-15 09:50:44.308  3321  3523 I com.miui.home: CheckGCForNative gc_urgency 0.675965 current_native_bytes is 157235007
12-15 09:50:44.457  3321  3321 I wm_on_top_resumed_gained_called: [220209492,com.miui.home.launcher.Launcher,topStateChangedWhenResumed]
12-15 09:50:44.664  3321  3523 I com.miui.home: CheckGCForNative adj_start_bytes: 38299515 NativeAllocationGcWatermark: 11150807 java_gc_start_bytes: 21573305 kNewNativeDiscountFactor: 2 kOldNativeDiscountFactor: 65536 old_native_bytes: 132643371 new_native_bytes: 24582116 add_bytes_allowed: 33452421 is_gc_concurrent: 1 target_footprint_: 22097593 GetBytesAllocated: 13712652 HeapGrowthMultiplier: 3
12-15 09:50:44.664  3321  3523 I com.miui.home: CheckGCForNative gc_urgency 0.679009 current_native_bytes is 157225487
12-15 09:50:44.681  3321  3521 I com.miui.home: CheckGCForNative adj_start_bytes: 38299515 NativeAllocationGcWatermark: 11150807 java_gc_start_bytes: 21573305 kNewNativeDiscountFactor: 2 kOldNativeDiscountFactor: 65536 old_native_bytes: 132643371 new_native_bytes: 35283332 add_bytes_allowed: 33452421 is_gc_concurrent: 1 target_footprint_: 22097593 GetBytesAllocated: 13729982 HeapGrowthMultiplier: 3
12-15 09:50:44.683  3321  3521 I com.miui.home: CheckGCForNative gc_urgency 0.819166 current_native_bytes is 167926703
12-15 09:50:44.684  3321  3521 I com.miui.home: CheckGCForNative adj_start_bytes: 38299515 NativeAllocationGcWatermark: 11150807 java_gc_start_bytes: 21573305 kNewNativeDiscountFactor: 2 kOldNativeDiscountFactor: 65536 old_native_bytes: 132643371 new_native_bytes: 56696388 add_bytes_allowed: 33452421 is_gc_concurrent: 1 target_footprint_: 22097593 GetBytesAllocated: 13730174 HeapGrowthMultiplier: 3
12-15 09:50:44.685  3321  3521 I com.miui.home: CheckGCForNative gc_urgency 1.09872 current_native_bytes is 189339759
12-15 09:50:44.685  3321  3521 I com.miui.home: CheckGCForNative requested 1
12-15 09:50:44.686  3321  3773 I com.miui.home: CheckGCForNative adj_start_bytes: 38299515 NativeAllocationGcWatermark: 11150807 java_gc_start_bytes: 21573305 kNewNativeDiscountFactor: 2 kOldNativeDiscountFactor: 65536 old_native_bytes: 132643371 new_native_bytes: 45989444 add_bytes_allowed: 33452421 is_gc_concurrent: 1 target_footprint_: 22097593 GetBytesAllocated: 13729982 HeapGrowthMultiplier: 3
12-15 09:50:44.687  3321  3773 I com.miui.home: CheckGCForNative gc_urgency 0.95894 current_native_bytes is 178632815
12-15 09:50:45.068 14190 14190 I wm_on_application_create_called: [0,com.ss.android.ugc.aweme,680]
12-15 09:50:45.349  3321  3751 I com.miui.home: CheckGCForNative gc_urgency 0 current_native_bytes is 143161883