12-15 10:28:15.707  3312  3312 I wm_on_top_resumed_lost_called: [58647776,com.miui.home.launcher.Launcher,topStateChangedWhenResumed]
12-15 10:28:15.709  3312  3458 I com.miui.home: CheckGCForNative adj_start_bytes: 36946616 NativeAllocationGcWatermark: 10967005 java_gc_start_bytes: 20496109 kNewNativeDiscountFactor: 2 kOldNativeDiscountFactor: 65536 old_native_bytes: 78688311 new_native_bytes: 262996 add_bytes_allowed: 32901015 is_gc_concurrent: 1 target_footprint_: 20627181 GetBytesAllocated: 10734365 HeapGrowthMultiplier: 3
12-15 10:28:15.709  3312  3458 I com.miui.home: CheckGCForNative gc_urgency 0.294129 current_native_bytes is 78951307
12-15 10:28:15.712  3312  3312 I wm_on_paused_called: [0,58647776,com.miui.home.launcher.Launcher,performPause,2]
12-15 10:28:15.877  3312  3312 I com.miui.home: CheckGCForNative adj_start_bytes: 36946616 NativeAllocationGcWatermark: 10967005 java_gc_start_bytes: 20496109 kNewNativeDiscountFactor: 2 kOldNativeDiscountFactor: 65536 old_native_bytes: 78688311 new_native_bytes: 1566384 add_bytes_allowed: 32901015 is_gc_concurrent: 1 target_footprint_: 20627181 GetBytesAllocated: 11419497 HeapGrowthMultiplier: 3
12-15 10:28:15.877  3312  3312 I com.miui.home: CheckGCForNative gc_urgency 0.330311 current_native_bytes is 80254695
12-15 10:28:15.967  3312  3523 I com.miui.home: CheckGCForNative adj_start_bytes: 36946616 NativeAllocationGcWatermark: 10967005 java_gc_start_bytes: 20496109 kNewNativeDiscountFactor: 2 kOldNativeDiscountFactor: 65536 old_native_bytes: 78688311 new_native_bytes: 2186528 add_bytes_allowed: 32901015 is_gc_concurrent: 1 target_footprint_: 20627181 GetBytesAllocated: 11603147 HeapGrowthMultiplier: 3
12-15 10:28:15.967  3312  3523 I com.miui.home: CheckGCForNative gc_urgency 0.343675 current_native_bytes is 80874839
12-15 10:28:16.177  3312  3720 I com.miui.home: CheckGCForNative adj_start_bytes: 36946616 NativeAllocationGcWatermark: 10967005 java_gc_start_bytes: 20496109 kNewNativeDiscountFactor: 2 kOldNativeDiscountFactor: 65536 old_native_bytes: 78688311 new_native_bytes: 13076864 add_bytes_allowed: 32901015 is_gc_concurrent: 1 target_footprint_: 20627181 GetBytesAllocated: 11977143 HeapGrowthMultiplier: 3
12-15 10:28:16.177  3312  3720 I com.miui.home: CheckGCForNative gc_urgency 0.501177 current_native_bytes is 91765175
12-15 10:28:16.178  3312  3720 I com.miui.home: CheckGCForNative adj_start_bytes: 36946616 NativeAllocationGcWatermark: 10967005 java_gc_start_bytes: 20496109 kNewNativeDiscountFactor: 2 kOldNativeDiscountFactor: 65536 old_native_bytes: 78688311 new_native_bytes: 23784320 add_bytes_allowed: 32901015 is_gc_concurrent: 1 target_footprint_: 20627181 GetBytesAllocated: 11982749 HeapGrowthMultiplier: 3
12-15 10:28:16.178  3312  3720 I com.miui.home: CheckGCForNative gc_urgency 0.646233 current_native_bytes is 102472631
12-15 10:28:16.212  3312  3523 I com.miui.home: CheckGCForNative adj_start_bytes: 36946616 NativeAllocationGcWatermark: 10967005 java_gc_start_bytes: 20496109 kNewNativeDiscountFactor: 2 kOldNativeDiscountFactor: 65536 old_native_bytes: 78688311 new_native_bytes: 13149632 add_bytes_allowed: 32901015 is_gc_concurrent: 1 target_footprint_: 20627181 GetBytesAllocated: 12031183 HeapGrowthMultiplier: 3
12-15 10:28:16.212  3312  3523 I com.miui.home: CheckGCForNative gc_urgency 0.503624 current_native_bytes is 91837943
12-15 10:28:16.238  3312  3481 I com.miui.home: CheckGCForNative adj_start_bytes: 36946616 NativeAllocationGcWatermark: 10967005 java_gc_start_bytes: 20496109 kNewNativeDiscountFactor: 2 kOldNativeDiscountFactor: 65536 old_native_bytes: 78688311 new_native_bytes: 23859328 add_bytes_allowed: 32901015 is_gc_concurrent: 1 target_footprint_: 20627181 GetBytesAllocated: 12043769 HeapGrowthMultiplier: 3
12-15 10:28:16.238  3312  3481 I com.miui.home: CheckGCForNative gc_urgency 0.648899 current_native_bytes is 102547639
12-15 10:28:16.239  3312  3481 I com.miui.home: CheckGCForNative adj_start_bytes: 36946616 NativeAllocationGcWatermark: 10967005 java_gc_start_bytes: 20496109 kNewNativeDiscountFactor: 2 kOldNativeDiscountFactor: 65536 old_native_bytes: 78688311 new_native_bytes: 34566272 add_bytes_allowed: 32901015 is_gc_concurrent: 1 target_footprint_: 20627181 GetBytesAllocated: 12052091 HeapGrowthMultiplier: 3
12-15 10:28:16.239  3312  3481 I com.miui.home: CheckGCForNative gc_urgency 0.794022 current_native_bytes is 113254583
12-15 10:28:16.247  3312  3720 I com.miui.home: CheckGCForNative adj_start_bytes: 36946616 NativeAllocationGcWatermark: 10967005 java_gc_start_bytes: 20496109 kNewNativeDiscountFactor: 2 kOldNativeDiscountFactor: 65536 old_native_bytes: 78688311 new_native_bytes: 47318848 add_bytes_allowed: 32901015 is_gc_concurrent: 1 target_footprint_: 20627181 GetBytesAllocated: 12052091 HeapGrowthMultiplier: 3
12-15 10:28:16.247  3312  3720 I com.miui.home: CheckGCForNative gc_urgency 0.966603 current_native_bytes is 126007159
12-15 10:28:16.248  3312  3720 I com.miui.home: CheckGCForNative adj_start_bytes: 36946616 NativeAllocationGcWatermark: 10967005 java_gc_start_bytes: 20496109 kNewNativeDiscountFactor: 2 kOldNativeDiscountFactor: 65536 old_native_bytes: 78688311 new_native_bytes: 58025792 add_bytes_allowed: 32901015 is_gc_concurrent: 1 target_footprint_: 20627181 GetBytesAllocated: 12052283 HeapGrowthMultiplier: 3
12-15 10:28:16.248  3312  3720 I com.miui.home: CheckGCForNative gc_urgency 1.11151 current_native_bytes is 136714103
12-15 10:28:16.248  3312  3720 I com.miui.home: CheckGCForNative requested 1
12-15 10:28:16.278  3312  3481 I com.miui.home: CheckGCForNative adj_start_bytes: 36946616 NativeAllocationGcWatermark: 10967005 java_gc_start_bytes: 20496109 kNewNativeDiscountFactor: 2 kOldNativeDiscountFactor: 65536 old_native_bytes: 78688311 new_native_bytes: 59924928 add_bytes_allowed: 32901015 is_gc_concurrent: 1 target_footprint_: 20627181 GetBytesAllocated: 12099258 HeapGrowthMultiplier: 3
12-15 10:28:16.278  3312  3481 I com.miui.home: CheckGCForNative gc_urgency 1.13848 current_native_bytes is 138613239
12-15 10:28:16.278  3312  3481 I com.miui.home: CheckGCForNative requested 1
12-15 10:28:16.279  3312  3481 I com.miui.home: CheckGCForNative adj_start_bytes: 36946616 NativeAllocationGcWatermark: 10967005 java_gc_start_bytes: 20496109 kNewNativeDiscountFactor: 2 kOldNativeDiscountFactor: 65536 old_native_bytes: 78688311 new_native_bytes: 48130688 add_bytes_allowed: 32901015 is_gc_concurrent: 1 target_footprint_: 20627181 GetBytesAllocated: 12099258 HeapGrowthMultiplier: 3
12-15 10:28:16.279  3312  3481 I com.miui.home: CheckGCForNative gc_urgency 0.978866 current_native_bytes is 126818999
12-15 10:28:16.304  3312  3481 I com.miui.home: CheckGCForNative adj_start_bytes: 36946616 NativeAllocationGcWatermark: 10967005 java_gc_start_bytes: 20496109 kNewNativeDiscountFactor: 2 kOldNativeDiscountFactor: 65536 old_native_bytes: 78688311 new_native_bytes: 48962816 add_bytes_allowed: 32901015 is_gc_concurrent: 1 target_footprint_: 20627181 GetBytesAllocated: 12129276 HeapGrowthMultiplier: 3
12-15 10:28:16.304  3312  3481 I com.miui.home: CheckGCForNative gc_urgency 0.991349 current_native_bytes is 127651127
12-15 10:28:16.378  3312  3358 I com.miui.home: NativeAlloc concurrent copying GC freed 33071(1554KB) AllocSpace objects, 3(124KB) LOS objects, 50% free, 10MB/20MB, paused 225us,74us total 129.311ms
12-15 10:28:16.431  3312  3481 I com.miui.home: CheckGCForNative gc_urgency 0 current_native_bytes is 115157915
12-15 10:28:16.432  3312  3481 I com.miui.home: CheckGCForNative adj_start_bytes: 37798587 NativeAllocationGcWatermark: 11094382 java_gc_start_bytes: 21157014 kNewNativeDiscountFactor: 2 kOldNativeDiscountFactor: 65536 old_native_bytes: 115157915 new_native_bytes: 1450632 add_bytes_allowed: 33283146 is_gc_concurrent: 1 target_footprint_: 21646197 GetBytesAllocated: 11010886 HeapGrowthMultiplier: 3
12-15 10:28:16.432  3312  3481 I com.miui.home: CheckGCForNative gc_urgency 0.31054 current_native_bytes is 116608547
12-15 10:28:16.448  3312  3481 I com.miui.home: CheckGCForNative adj_start_bytes: 37798587 NativeAllocationGcWatermark: 11094382 java_gc_start_bytes: 21157014 kNewNativeDiscountFactor: 2 kOldNativeDiscountFactor: 65536 old_native_bytes: 115157915 new_native_bytes: 12467160 add_bytes_allowed: 33283146 is_gc_concurrent: 1 target_footprint_: 21646197 GetBytesAllocated: 11014328 HeapGrowthMultiplier: 3
12-15 10:28:16.448  3312  3481 I com.miui.home: CheckGCForNative gc_urgency 0.456357 current_native_bytes is 127625075
12-15 10:28:17.070  8141  8141 I wm_on_create_called: [0,125341074,com.tencent.qqlive.ona.activity.SplashHomeActivity,performCreate,162]
12-15 10:28:17.099  8141  8141 I wm_on_start_called: [0,125341074,com.tencent.qqlive.ona.activity.SplashHomeActivity,handleStartActivity,20]
12-15 10:28:17.150  8141  8141 I wm_on_resume_called: [0,125341074,com.tencent.qqlive.ona.activity.SplashHomeActivity,RESUME_ACTIVITY,43]
12-15 10:28:17.410  8141  8141 I wm_on_top_resumed_gained_called: [125341074,com.tencent.qqlive.ona.activity.SplashHomeActivity,topStateChangedWhenResumed]
12-15 10:28:17.459  3312  3312 I com.miui.home: CheckGCForNative adj_start_bytes: 37798587 NativeAllocationGcWatermark: 11094382 java_gc_start_bytes: 21157014 kNewNativeDiscountFactor: 2 kOldNativeDiscountFactor: 65536 old_native_bytes: 115157915 new_native_bytes: 12613428 add_bytes_allowed: 33283146 is_gc_concurrent: 1 target_footprint_: 21646197 GetBytesAllocated: 11331922 HeapGrowthMultiplier: 3
12-15 10:28:17.459  3312  3312 I com.miui.home: CheckGCForNative gc_urgency 0.466694 current_native_bytes is 127771343
12-15 10:28:17.469  3312  3312 I wm_on_resume_called: [0,58647776,com.miui.home.launcher.Launcher,RESUME_ACTIVITY,5]
12-15 10:28:17.483  3312  3312 I wm_on_idle_called: com.miui.home.launcher.Launcher
12-15 10:28:17.603  3312  3364 I com.miui.home: CheckGCForNative adj_start_bytes: 37798587 NativeAllocationGcWatermark: 11094382 java_gc_start_bytes: 21157014 kNewNativeDiscountFactor: 2 kOldNativeDiscountFactor: 65536 old_native_bytes: 115157915 new_native_bytes: 12739628 add_bytes_allowed: 33283146 is_gc_concurrent: 1 target_footprint_: 21646197 GetBytesAllocated: 11689426 HeapGrowthMultiplier: 3
12-15 10:28:17.603  3312  3364 I com.miui.home: CheckGCForNative gc_urgency 0.477822 current_native_bytes is 127897543
12-15 10:28:17.657  3312  3364 I com.miui.home: CheckGCForNative adj_start_bytes: 37798587 NativeAllocationGcWatermark: 11094382 java_gc_start_bytes: 21157014 kNewNativeDiscountFactor: 2 kOldNativeDiscountFactor: 65536 old_native_bytes: 115157915 new_native_bytes: 23508908 add_bytes_allowed: 33283146 is_gc_concurrent: 1 target_footprint_: 21646197 GetBytesAllocated: 12291559 HeapGrowthMultiplier: 3
12-15 10:28:17.657  3312  3364 I com.miui.home: CheckGCForNative gc_urgency 0.636208 current_native_bytes is 138666823
12-15 10:28:17.657  3312  3364 I com.miui.home: CheckGCForNative adj_start_bytes: 37798587 NativeAllocationGcWatermark: 11094382 java_gc_start_bytes: 21157014 kNewNativeDiscountFactor: 2 kOldNativeDiscountFactor: 65536 old_native_bytes: 115157915 new_native_bytes: 34215852 add_bytes_allowed: 33283146 is_gc_concurrent: 1 target_footprint_: 21646197 GetBytesAllocated: 12291751 HeapGrowthMultiplier: 3
12-15 10:28:17.657  3312  3364 I com.miui.home: CheckGCForNative gc_urgency 0.777845 current_native_bytes is 149373767
12-15 10:28:17.674  3312  4307 I com.miui.home: CheckGCForNative adj_start_bytes: 37798587 NativeAllocationGcWatermark: 11094382 java_gc_start_bytes: 21157014 kNewNativeDiscountFactor: 2 kOldNativeDiscountFactor: 65536 old_native_bytes: 115157915 new_native_bytes: 34283916 add_bytes_allowed: 33283146 is_gc_concurrent: 1 target_footprint_: 21646197 GetBytesAllocated: 12363355 HeapGrowthMultiplier: 3
12-15 10:28:17.675  3312  4307 I com.miui.home: CheckGCForNative gc_urgency 0.780639 current_native_bytes is 149441831
12-15 10:28:17.899  3312  3312 I wm_on_top_resumed_gained_called: [58647776,com.miui.home.launcher.Launcher,topStateChangedWhenResumed]
12-15 10:28:17.932  3312  3523 I com.miui.home: CheckGCForNative adj_start_bytes: 37798587 NativeAllocationGcWatermark: 11094382 java_gc_start_bytes: 21157014 kNewNativeDiscountFactor: 2 kOldNativeDiscountFactor: 65536 old_native_bytes: 115157915 new_native_bytes: 23552300 add_bytes_allowed: 33283146 is_gc_concurrent: 1 target_footprint_: 21646197 GetBytesAllocated: 12472521 HeapGrowthMultiplier: 3
12-15 10:28:17.932  3312  3523 I com.miui.home: CheckGCForNative gc_urgency 0.64157 current_native_bytes is 138710215
12-15 10:28:18.099  3312  3523 I com.miui.home: CheckGCForNative adj_start_bytes: 37798587 NativeAllocationGcWatermark: 11094382 java_gc_start_bytes: 21157014 kNewNativeDiscountFactor: 2 kOldNativeDiscountFactor: 65536 old_native_bytes: 115157915 new_native_bytes: 23612108 add_bytes_allowed: 33283146 is_gc_concurrent: 1 target_footprint_: 21646197 GetBytesAllocated: 12530679 HeapGrowthMultiplier: 3
12-15 10:28:18.099  3312  3523 I com.miui.home: CheckGCForNative gc_urgency 0.643899 current_native_bytes is 138770023
12-15 10:28:18.136  3312  3364 I com.miui.home: CheckGCForNative adj_start_bytes: 37798587 NativeAllocationGcWatermark: 11094382 java_gc_start_bytes: 21157014 kNewNativeDiscountFactor: 2 kOldNativeDiscountFactor: 65536 old_native_bytes: 115157915 new_native_bytes: 34363180 add_bytes_allowed: 33283146 is_gc_concurrent: 1 target_footprint_: 21646197 GetBytesAllocated: 12558399 HeapGrowthMultiplier: 3
12-15 10:28:18.140  3312  3521 I com.miui.home: CheckGCForNative adj_start_bytes: 37798587 NativeAllocationGcWatermark: 11094382 java_gc_start_bytes: 21157014 kNewNativeDiscountFactor: 2 kOldNativeDiscountFactor: 65536 old_native_bytes: 115157915 new_native_bytes: 45069100 add_bytes_allowed: 33283146 is_gc_concurrent: 1 target_footprint_: 21646197 GetBytesAllocated: 12558399 HeapGrowthMultiplier: 3
12-15 10:28:18.140  3312  3521 I com.miui.home: CheckGCForNative gc_urgency 0.928466 current_native_bytes is 160227015
12-15 10:28:18.141  3312  3364 I com.miui.home: CheckGCForNative gc_urgency 0.786848 current_native_bytes is 149521095
12-15 10:28:18.141  3312  3521 I com.miui.home: CheckGCForNative adj_start_bytes: 37798587 NativeAllocationGcWatermark: 11094382 java_gc_start_bytes: 21157014 kNewNativeDiscountFactor: 2 kOldNativeDiscountFactor: 65536 old_native_bytes: 115157915 new_native_bytes: 55776204 add_bytes_allowed: 33283146 is_gc_concurrent: 1 target_footprint_: 21646197 GetBytesAllocated: 12558607 HeapGrowthMultiplier: 3
12-15 10:28:18.141  3312  3521 I com.miui.home: CheckGCForNative gc_urgency 1.07011 current_native_bytes is 170934119
12-15 10:28:18.141  3312  3312 I com.miui.home: CheckGCForNative adj_start_bytes: 37798587 NativeAllocationGcWatermark: 11094382 java_gc_start_bytes: 21157014 kNewNativeDiscountFactor: 2 kOldNativeDiscountFactor: 65536 old_native_bytes: 115157915 new_native_bytes: 66483404 add_bytes_allowed: 33283146 is_gc_concurrent: 1 target_footprint_: 21646197 GetBytesAllocated: 12567712 HeapGrowthMultiplier: 3
12-15 10:28:18.141  3312  3312 I com.miui.home: CheckGCForNative gc_urgency 1.21198 current_native_bytes is 181641319
12-15 10:28:18.141  3312  3312 I com.miui.home: CheckGCForNative requested 1
12-15 10:28:18.142  3312  3521 I com.miui.home: CheckGCForNative requested 1
12-15 10:28:18.403  3312  3312 I wm_on_top_resumed_lost_called: [58647776,com.miui.home.launcher.Launcher,topStateChangedWhenResumed]
12-15 10:28:18.711  3312  3358 I com.miui.home: NativeAlloc concurrent copying GC freed 49440(2252KB) AllocSpace objects, 2(104KB) LOS objects, 49% free, 10MB/21MB, paused 10.295ms,110us total 564.092ms
12-15 10:28:18.721  3312  3312 I wm_on_paused_called: [0,58647776,com.miui.home.launcher.Launcher,performPause,1]
12-15 10:28:18.768  3312  3720 I com.miui.home: CheckGCForNative gc_urgency 0 current_native_bytes is 136557959
12-15 10:28:18.894  3312  3720 I com.miui.home: CheckGCForNative gc_urgency 0 current_native_bytes is 125838635
12-15 10:28:19.133  3312  3720 I com.miui.home: CheckGCForNative adj_start_bytes: 38464468 NativeAllocationGcWatermark: 11168170 java_gc_start_bytes: 21712213 kNewNativeDiscountFactor: 2 kOldNativeDiscountFactor: 65536 old_native_bytes: 125838635 new_native_bytes: 899644 add_bytes_allowed: 33504510 is_gc_concurrent: 1 target_footprint_: 22236501 GetBytesAllocated: 12547106 HeapGrowthMultiplier: 3
12-15 10:28:19.133  3312  3720 I com.miui.home: CheckGCForNative gc_urgency 0.337944 current_native_bytes is 126738279
12-15 10:28:19.324  3312  3523 I com.miui.home: CheckGCForNative adj_start_bytes: 38464468 NativeAllocationGcWatermark: 11168170 java_gc_start_bytes: 21712213 kNewNativeDiscountFactor: 2 kOldNativeDiscountFactor: 65536 old_native_bytes: 125838635 new_native_bytes: 1265744 add_bytes_allowed: 33504510 is_gc_concurrent: 1 target_footprint_: 22236501 GetBytesAllocated: 13283186 HeapGrowthMultiplier: 3
12-15 10:28:19.324  3312  3523 I com.miui.home: CheckGCForNative gc_urgency 0.36184 current_native_bytes is 127104379
12-15 10:28:19.403  3312  3523 I com.miui.home: CheckGCForNative adj_start_bytes: 38464468 NativeAllocationGcWatermark: 11168170 java_gc_start_bytes: 21712213 kNewNativeDiscountFactor: 2 kOldNativeDiscountFactor: 65536 old_native_bytes: 125838635 new_native_bytes: 1252176 add_bytes_allowed: 33504510 is_gc_concurrent: 1 target_footprint_: 22236501 GetBytesAllocated: 13312563 HeapGrowthMultiplier: 3
12-15 10:28:19.403  3312  3523 I com.miui.home: CheckGCForNative gc_urgency 0.362427 current_native_bytes is 127090811
12-15 10:28:19.431  8761  8761 I wm_on_create_called: [0,108471981,fm.qingting.qtradio.WelcomeActivity,performCreate,114]
12-15 10:28:19.434  8761  8761 I wm_on_start_called: [0,108471981,fm.qingting.qtradio.WelcomeActivity,handleStartActivity,1]
12-15 10:28:19.449  8761  8761 I wm_on_resume_called: [0,108471981,fm.qingting.qtradio.WelcomeActivity,RESUME_ACTIVITY,7]
12-15 10:28:19.510  8761  8761 I wm_on_top_resumed_gained_called: [108471981,fm.qingting.qtradio.WelcomeActivity,topStateChangedWhenResumed]
12-15 10:28:19.656  8707  8707 I wm_on_application_create_called: [0,com.baidu.input_mi,301]
12-15 10:28:19.823  3312  3312 I wm_on_stop_called: [0,58647776,com.miui.home.launcher.Launcher,STOP_ACTIVITY_ITEM,6]
12-15 10:28:20.033  3312  3312 I wm_on_restart_called: [0,58647776,com.miui.home.launcher.Launcher,,0]
12-15 10:28:20.034  3312  3312 I wm_on_start_called: [0,58647776,com.miui.home.launcher.Launcher,handleStartActivity,0]
12-15 10:28:20.038  3312  3312 I wm_on_resume_called: [0,58647776,com.miui.home.launcher.Launcher,RESUME_ACTIVITY,4]
12-15 10:28:20.073  3312  3312 I wm_on_idle_called: com.miui.home.launcher.Launcher
12-15 10:28:20.209  3312  3394 I com.miui.home: CheckGCForNative adj_start_bytes: 38464468 NativeAllocationGcWatermark: 11168170 java_gc_start_bytes: 21712213 kNewNativeDiscountFactor: 2 kOldNativeDiscountFactor: 65536 old_native_bytes: 125838635 new_native_bytes: 12151060 add_bytes_allowed: 33504510 is_gc_concurrent: 1 target_footprint_: 22236501 GetBytesAllocated: 14596789 HeapGrowthMultiplier: 3
12-15 10:28:20.209  3312  3394 I com.miui.home: CheckGCForNative gc_urgency 0.537489 current_native_bytes is 137989695
12-15 10:28:20.213  3312  3394 I com.miui.home: CheckGCForNative adj_start_bytes: 38464468 NativeAllocationGcWatermark: 11168170 java_gc_start_bytes: 21712213 kNewNativeDiscountFactor: 2 kOldNativeDiscountFactor: 65536 old_native_bytes: 125838635 new_native_bytes: 22858004 add_bytes_allowed: 33504510 is_gc_concurrent: 1 target_footprint_: 22236501 GetBytesAllocated: 14600644 HeapGrowthMultiplier: 3
12-15 10:28:20.213  3312  3394 I com.miui.home: CheckGCForNative gc_urgency 0.676769 current_native_bytes is 148696639
12-15 10:28:20.267  3312  3364 I com.miui.home: CheckGCForNative adj_start_bytes: 38464468 NativeAllocationGcWatermark: 11168170 java_gc_start_bytes: 21712213 kNewNativeDiscountFactor: 2 kOldNativeDiscountFactor: 65536 old_native_bytes: 125838635 new_native_bytes: 22908916 add_bytes_allowed: 33504510 is_gc_concurrent: 1 target_footprint_: 22236501 GetBytesAllocated: 14633610 HeapGrowthMultiplier: 3
12-15 10:28:20.267  3312  3364 I com.miui.home: CheckGCForNative gc_urgency 0.678288 current_native_bytes is 148747551
12-15 10:28:20.371  3312  3523 I com.miui.home: CheckGCForNative adj_start_bytes: 38464468 NativeAllocationGcWatermark: 11168170 java_gc_start_bytes: 21712213 kNewNativeDiscountFactor: 2 kOldNativeDiscountFactor: 65536 old_native_bytes: 125838635 new_native_bytes: 12211604 add_bytes_allowed: 33504510 is_gc_concurrent: 1 target_footprint_: 22236501 GetBytesAllocated: 14675379 HeapGrowthMultiplier: 3
12-15 10:28:20.371  3312  3523 I com.miui.home: CheckGCForNative gc_urgency 0.540319 current_native_bytes is 138050239
12-15 10:28:20.491  8761  8761 I wm_on_top_resumed_lost_called: [108471981,fm.qingting.qtradio.WelcomeActivity,topStateChangedWhenResumed]
12-15 10:28:20.552  3312  3312 I wm_on_top_resumed_gained_called: [58647776,com.miui.home.launcher.Launcher,topStateChangedWhenResumed]
12-15 10:28:20.594  3312  3523 I com.miui.home: CheckGCForNative adj_start_bytes: 38464468 NativeAllocationGcWatermark: 11168170 java_gc_start_bytes: 21712213 kNewNativeDiscountFactor: 2 kOldNativeDiscountFactor: 65536 old_native_bytes: 125838635 new_native_bytes: 12231828 add_bytes_allowed: 33504510 is_gc_concurrent: 1 target_footprint_: 22236501 GetBytesAllocated: 14753250 HeapGrowthMultiplier: 3
12-15 10:28:20.594  3312  3523 I com.miui.home: CheckGCForNative gc_urgency 0.542607 current_native_bytes is 138070463
12-15 10:28:21.120  3312  3477 I com.miui.home: CheckGCForNative adj_start_bytes: 38464468 NativeAllocationGcWatermark: 11168170 java_gc_start_bytes: 21712213 kNewNativeDiscountFactor: 2 kOldNativeDiscountFactor: 65536 old_native_bytes: 125838635 new_native_bytes: 12348020 add_bytes_allowed: 33504510 is_gc_concurrent: 1 target_footprint_: 22236501 GetBytesAllocated: 14972037 HeapGrowthMultiplier: 3
12-15 10:28:21.120  3312  3477 I com.miui.home: CheckGCForNative gc_urgency 0.549805 current_native_bytes is 138186655
12-15 10:28:21.161  3312  3312 I wm_on_top_resumed_lost_called: [58647776,com.miui.home.launcher.Launcher,topStateChangedWhenResumed]
12-15 10:28:21.233  8141  8141 I wm_on_top_resumed_lost_called: [125341074,com.tencent.qqlive.ona.activity.SplashHomeActivity,topStateChangedWhenResumed]
12-15 10:28:21.270  3312  3312 I wm_on_paused_called: [0,58647776,com.miui.home.launcher.Launcher,performPause,1]
12-15 10:28:21.338  3312  3720 I com.miui.home: CheckGCForNative adj_start_bytes: 38464468 NativeAllocationGcWatermark: 11168170 java_gc_start_bytes: 21712213 kNewNativeDiscountFactor: 2 kOldNativeDiscountFactor: 65536 old_native_bytes: 125838635 new_native_bytes: 23410048 add_bytes_allowed: 33504510 is_gc_concurrent: 1 target_footprint_: 22236501 GetBytesAllocated: 15768807 HeapGrowthMultiplier: 3
12-15 10:28:21.338  3312  3720 I com.miui.home: CheckGCForNative gc_urgency 0.714315 current_native_bytes is 149248683
12-15 10:28:21.496  3312  3523 I com.miui.home: CheckGCForNative adj_start_bytes: 38464468 NativeAllocationGcWatermark: 11168170 java_gc_start_bytes: 21712213 kNewNativeDiscountFactor: 2 kOldNativeDiscountFactor: 65536 old_native_bytes: 125838635 new_native_bytes: 12941960 add_bytes_allowed: 33504510 is_gc_concurrent: 1 target_footprint_: 22236501 GetBytesAllocated: 16163255 HeapGrowthMultiplier: 3
12-15 10:28:21.496  3312  3523 I com.miui.home: CheckGCForNative gc_urgency 0.588495 current_native_bytes is 138780595
12-15 10:28:21.511  8761  8761 I wm_on_paused_called: [0,108471981,fm.qingting.qtradio.WelcomeActivity,performPause,2]
12-15 10:28:21.741  3312  3523 I com.miui.home: CheckGCForNative adj_start_bytes: 38464468 NativeAllocationGcWatermark: 11168170 java_gc_start_bytes: 21712213 kNewNativeDiscountFactor: 2 kOldNativeDiscountFactor: 65536 old_native_bytes: 125838635 new_native_bytes: 13325180 add_bytes_allowed: 33504510 is_gc_concurrent: 1 target_footprint_: 22236501 GetBytesAllocated: 16625284 HeapGrowthMultiplier: 3
12-15 10:28:21.742  3312  3523 I com.miui.home: CheckGCForNative gc_urgency 0.605489 current_native_bytes is 139163815
12-15 10:28:21.775  3312  3523 I com.miui.home: CheckGCForNative adj_start_bytes: 38464468 NativeAllocationGcWatermark: 11168170 java_gc_start_bytes: 21712213 kNewNativeDiscountFactor: 2 kOldNativeDiscountFactor: 65536 old_native_bytes: 125838635 new_native_bytes: 13326716 add_bytes_allowed: 33504510 is_gc_concurrent: 1 target_footprint_: 22236501 GetBytesAllocated: 16628821 HeapGrowthMultiplier: 3
12-15 10:28:21.775  3312  3523 I com.miui.home: CheckGCForNative gc_urgency 0.6056 current_native_bytes is 139165351
12-15 10:28:22.150  9257  9257 I wm_on_create_called: [0,224935128,com.xunmeng.pinduoduo.ui.activity.MainFrameActivity,performCreate,84]
12-15 10:28:22.207  9276  9276 I wm_on_application_create_called: [0,com.xiaomi.bluetooth,272]
12-15 10:28:22.263  9257  9257 I wm_on_create_called: [0,243026964,com.xunmeng.pinduoduo.ui.activity.HomeActivity,performCreate,41]
12-15 10:28:22.288  9257  9257 I wm_on_start_called: [0,243026964,com.xunmeng.pinduoduo.ui.activity.HomeActivity,handleStartActivity,24]
12-15 10:28:22.295  9257  9257 I wm_on_resume_called: [0,243026964,com.xunmeng.pinduoduo.ui.activity.HomeActivity,RESUME_ACTIVITY,5]
12-15 10:28:22.345  9257  9257 I wm_on_top_resumed_gained_called: [243026964,com.xunmeng.pinduoduo.ui.activity.HomeActivity,topStateChangedWhenResumed]
12-15 10:28:22.804  3312  3312 I wm_on_stop_called: [0,58647776,com.miui.home.launcher.Launcher,STOP_ACTIVITY_ITEM,3]
12-15 10:28:22.908  9257  9257 I wm_on_destroy_called: [0,224935128,com.xunmeng.pinduoduo.ui.activity.MainFrameActivity,performDestroy,16]
12-15 10:28:22.931  3312  3312 I wm_on_restart_called: [0,58647776,com.miui.home.launcher.Launcher,,0]
12-15 10:28:22.932  3312  3312 I wm_on_start_called: [0,58647776,com.miui.home.launcher.Launcher,handleStartActivity,1]
12-15 10:28:22.937  3312  3312 I wm_on_resume_called: [0,58647776,com.miui.home.launcher.Launcher,RESUME_ACTIVITY,3]
12-15 10:28:22.979  3312  3312 I wm_on_idle_called: com.miui.home.launcher.Launcher
12-15 10:28:23.043  9257  9257 I wm_on_top_resumed_lost_called: [243026964,com.xunmeng.pinduoduo.ui.activity.HomeActivity,topStateChangedWhenResumed]
12-15 10:28:23.064  3312  3312 I wm_on_top_resumed_gained_called: [58647776,com.miui.home.launcher.Launcher,topStateChangedWhenResumed]
12-15 10:28:23.173  9468  9468 I wm_on_application_create_called: [0,com.xiaomi.account,415]
12-15 10:28:23.209  3312  3362 I com.miui.home: CheckGCForNative adj_start_bytes: 38464468 NativeAllocationGcWatermark: 11168170 java_gc_start_bytes: 21712213 kNewNativeDiscountFactor: 2 kOldNativeDiscountFactor: 65536 old_native_bytes: 125838635 new_native_bytes: 24473296 add_bytes_allowed: 33504510 is_gc_concurrent: 1 target_footprint_: 22236501 GetBytesAllocated: 19103334 HeapGrowthMultiplier: 3
12-15 10:28:23.209  3312  3362 I com.miui.home: CheckGCForNative gc_urgency 0.814827 current_native_bytes is 150311931
12-15 10:28:23.210  3312  3362 I com.miui.home: CheckGCForNative adj_start_bytes: 38464468 NativeAllocationGcWatermark: 11168170 java_gc_start_bytes: 21712213 kNewNativeDiscountFactor: 2 kOldNativeDiscountFactor: 65536 old_native_bytes: 125838635 new_native_bytes: 35180240 add_bytes_allowed: 33504510 is_gc_concurrent: 1 target_footprint_: 22236501 GetBytesAllocated: 19114195 HeapGrowthMultiplier: 3
12-15 10:28:23.210  3312  3362 I com.miui.home: CheckGCForNative gc_urgency 0.954289 current_native_bytes is 161018875
12-15 10:28:23.215  3312  8162 I com.miui.home: CheckGCForNative adj_start_bytes: 38464468 NativeAllocationGcWatermark: 11168170 java_gc_start_bytes: 21712213 kNewNativeDiscountFactor: 2 kOldNativeDiscountFactor: 65536 old_native_bytes: 125838635 new_native_bytes: 24468624 add_bytes_allowed: 33504510 is_gc_concurrent: 1 target_footprint_: 22236501 GetBytesAllocated: 19136248 HeapGrowthMultiplier: 3
12-15 10:28:23.215  3312  8162 I com.miui.home: CheckGCForNative gc_urgency 0.815622 current_native_bytes is 150307259
12-15 10:28:23.246  3312  3364 I com.miui.home: CheckGCForNative adj_start_bytes: 38464468 NativeAllocationGcWatermark: 11168170 java_gc_start_bytes: 21712213 kNewNativeDiscountFactor: 2 kOldNativeDiscountFactor: 65536 old_native_bytes: 125838635 new_native_bytes: 35184784 add_bytes_allowed: 33504510 is_gc_concurrent: 1 target_footprint_: 22236501 GetBytesAllocated: 19156395 HeapGrowthMultiplier: 3
12-15 10:28:23.246  3312  3364 I com.miui.home: CheckGCForNative gc_urgency 0.955446 current_native_bytes is 161023419
12-15 10:28:23.388  9257  9257 I wm_on_paused_called: [0,243026964,com.xunmeng.pinduoduo.ui.activity.HomeActivity,performPause,3]
12-15 10:28:23.481  9257  9257 I wm_on_create_called: [0,683180,com.xunmeng.pinduoduo.login.LoginActivity,performCreate,15]
12-15 10:28:23.512  3312  3523 I com.miui.home: CheckGCForNative adj_start_bytes: 38464468 NativeAllocationGcWatermark: 11168170 java_gc_start_bytes: 21712213 kNewNativeDiscountFactor: 2 kOldNativeDiscountFactor: 65536 old_native_bytes: 125838635 new_native_bytes: 24368208 add_bytes_allowed: 33504510 is_gc_concurrent: 1 target_footprint_: 22236501 GetBytesAllocated: 19252439 HeapGrowthMultiplier: 3
12-15 10:28:23.512  3312  3523 I com.miui.home: CheckGCForNative gc_urgency 0.817338 current_native_bytes is 150206843
12-15 10:28:23.546  3312  3523 I com.miui.home: CheckGCForNative adj_start_bytes: 38464468 NativeAllocationGcWatermark: 11168170 java_gc_start_bytes: 21712213 kNewNativeDiscountFactor: 2 kOldNativeDiscountFactor: 65536 old_native_bytes: 125838635 new_native_bytes: 24371024 add_bytes_allowed: 33504510 is_gc_concurrent: 1 target_footprint_: 22236501 GetBytesAllocated: 19296106 HeapGrowthMultiplier: 3
12-15 10:28:23.546  3312  3523 I com.miui.home: CheckGCForNative gc_urgency 0.81851 current_native_bytes is 150209659
12-15 10:28:23.625  9257  9257 I wm_on_start_called: [0,683180,com.xunmeng.pinduoduo.login.LoginActivity,handleStartActivity,118]
12-15 10:28:23.647  9257  9257 I wm_on_resume_called: [0,683180,com.xunmeng.pinduoduo.login.LoginActivity,RESUME_ACTIVITY,8]
12-15 10:28:23.682  3312  3364 I com.miui.home: CheckGCForNative adj_start_bytes: 38464468 NativeAllocationGcWatermark: 11168170 java_gc_start_bytes: 21712213 kNewNativeDiscountFactor: 2 kOldNativeDiscountFactor: 65536 old_native_bytes: 125838635 new_native_bytes: 35232004 add_bytes_allowed: 33504510 is_gc_concurrent: 1 target_footprint_: 22236501 GetBytesAllocated: 19769069 HeapGrowthMultiplier: 3
12-15 10:28:23.682  3312  3364 I com.miui.home: CheckGCForNative gc_urgency 0.971988 current_native_bytes is 161070639
12-15 10:28:23.689  3312  3312 I com.miui.home: CheckGCForNative adj_start_bytes: 38464468 NativeAllocationGcWatermark: 11168170 java_gc_start_bytes: 21712213 kNewNativeDiscountFactor: 2 kOldNativeDiscountFactor: 65536 old_native_bytes: 125838635 new_native_bytes: 45938884 add_bytes_allowed: 33504510 is_gc_concurrent: 1 target_footprint_: 22236501 GetBytesAllocated: 19781211 HeapGrowthMultiplier: 3
12-15 10:28:23.689  3312  3312 I com.miui.home: CheckGCForNative gc_urgency 1.11148 current_native_bytes is 171777519
12-15 10:28:23.689  3312  3312 I com.miui.home: CheckGCForNative requested 1
12-15 10:28:23.698  3312  3521 I com.miui.home: CheckGCForNative adj_start_bytes: 38464468 NativeAllocationGcWatermark: 11168170 java_gc_start_bytes: 21712213 kNewNativeDiscountFactor: 2 kOldNativeDiscountFactor: 65536 old_native_bytes: 125838635 new_native_bytes: 45940196 add_bytes_allowed: 33504510 is_gc_concurrent: 1 target_footprint_: 22236501 GetBytesAllocated: 19806955 HeapGrowthMultiplier: 3
12-15 10:28:23.698  3312  3521 I com.miui.home: CheckGCForNative gc_urgency 1.11217 current_native_bytes is 171778831
12-15 10:28:23.698  3312  3521 I com.miui.home: CheckGCForNative requested 1
12-15 10:28:23.751  3312  3720 I com.miui.home: CheckGCForNative adj_start_bytes: 38464468 NativeAllocationGcWatermark: 11168170 java_gc_start_bytes: 21712213 kNewNativeDiscountFactor: 2 kOldNativeDiscountFactor: 65536 old_native_bytes: 125838635 new_native_bytes: 45961796 add_bytes_allowed: 33504510 is_gc_concurrent: 1 target_footprint_: 22236501 GetBytesAllocated: 19950725 HeapGrowthMultiplier: 3
12-15 10:28:23.751  3312  3720 I com.miui.home: CheckGCForNative gc_urgency 1.11619 current_native_bytes is 171800431
12-15 10:28:23.751  3312  3720 I com.miui.home: CheckGCForNative requested 1
12-15 10:28:23.811  9257  9257 I wm_on_paused_called: [0,683180,com.xunmeng.pinduoduo.login.LoginActivity,performPause,1]
12-15 10:28:23.892  3312  3358 I com.miui.home: NativeAlloc concurrent copying GC freed 187924(8592KB) AllocSpace objects, 8(416KB) LOS objects, 49% free, 10MB/21MB, paused 3.729ms,84us total 202.689ms
12-15 10:28:23.927  3312  3720 I com.miui.home: CheckGCForNative gc_urgency 0 current_native_bytes is 147871963
12-15 10:28:23.957  3312  3720 I com.miui.home: CheckGCForNative gc_urgency 0 current_native_bytes is 137361615
12-15 10:28:24.145  9257  9257 I wm_on_stop_called: [0,243026964,com.xunmeng.pinduoduo.ui.activity.HomeActivity,STOP_ACTIVITY_ITEM,60]
12-15 10:28:24.155  3312  3312 I wm_on_top_resumed_lost_called: [58647776,com.miui.home.launcher.Launcher,topStateChangedWhenResumed]
12-15 10:28:24.159  3312  3312 I wm_on_paused_called: [0,58647776,com.miui.home.launcher.Launcher,performPause,1]
12-15 10:28:24.306  9257  9257 I wm_on_stop_called: [0,683180,com.xunmeng.pinduoduo.login.LoginActivity,STOP_ACTIVITY_ITEM,128]
12-15 10:28:24.504  3312  3523 I com.miui.home: CheckGCForNative adj_start_bytes: 38451613 NativeAllocationGcWatermark: 11166817 java_gc_start_bytes: 21701388 kNewNativeDiscountFactor: 2 kOldNativeDiscountFactor: 65536 old_native_bytes: 137361615 new_native_bytes: 729292 add_bytes_allowed: 33500451 is_gc_concurrent: 1 target_footprint_: 22225676 GetBytesAllocated: 13244875 HeapGrowthMultiplier: 3
12-15 10:28:24.504  3312  3523 I com.miui.home: CheckGCForNative gc_urgency 0.353993 current_native_bytes is 138090907
12-15 10:28:24.571  3312  3523 I com.miui.home: CheckGCForNative adj_start_bytes: 38451613 NativeAllocationGcWatermark: 11166817 java_gc_start_bytes: 21701388 kNewNativeDiscountFactor: 2 kOldNativeDiscountFactor: 65536 old_native_bytes: 137361615 new_native_bytes: 855936 add_bytes_allowed: 33500451 is_gc_concurrent: 1 target_footprint_: 22225676 GetBytesAllocated: 13429704 HeapGrowthMultiplier: 3
12-15 10:28:24.571  3312  3523 I com.miui.home: CheckGCForNative gc_urgency 0.360447 current_native_bytes is 138217551
12-15 10:28:24.696  9257  9257 I wm_on_idle_called: com.xunmeng.pinduoduo.ui.activity.HomeActivity
12-15 10:28:24.696  9257  9257 I wm_on_idle_called: com.xunmeng.pinduoduo.login.LoginActivity
12-15 10:28:24.782  3312  3523 I com.miui.home: CheckGCForNative adj_start_bytes: 38451613 NativeAllocationGcWatermark: 11166817 java_gc_start_bytes: 21701388 kNewNativeDiscountFactor: 2 kOldNativeDiscountFactor: 65536 old_native_bytes: 137361615 new_native_bytes: 1091432 add_bytes_allowed: 33500451 is_gc_concurrent: 1 target_footprint_: 22225676 GetBytesAllocated: 13813143 HeapGrowthMultiplier: 3
12-15 10:28:24.782  3312  3523 I com.miui.home: CheckGCForNative gc_urgency 0.373481 current_native_bytes is 138453047
12-15 10:28:25.419  9719  9719 I wm_on_application_create_called: [0,com.smile.gifmaker,401]
12-15 10:28:25.684  9719  9719 I wm_on_create_called: [0,155996291,com.yxcorp.gifshow.HomeActivity,performCreate,242]
12-15 10:28:25.834  3312  3312 I wm_on_resume_called: [0,58647776,com.miui.home.launcher.Launcher,RESUME_ACTIVITY,7]
12-15 10:28:25.847  3312  3312 I wm_on_idle_called: com.miui.home.launcher.Launcher
12-15 10:28:26.010  9719  9719 I wm_on_start_called: [0,155996291,com.yxcorp.gifshow.HomeActivity,handleStartActivity,326]
12-15 10:28:26.031  3312  3362 I com.miui.home: CheckGCForNative adj_start_bytes: 38451613 NativeAllocationGcWatermark: 11166817 java_gc_start_bytes: 21701388 kNewNativeDiscountFactor: 2 kOldNativeDiscountFactor: 65536 old_native_bytes: 137361615 new_native_bytes: 11735224 add_bytes_allowed: 33500451 is_gc_concurrent: 1 target_footprint_: 22225676 GetBytesAllocated: 15211492 HeapGrowthMultiplier: 3
12-15 10:28:26.031  3312  3362 I com.miui.home: CheckGCForNative gc_urgency 0.548253 current_native_bytes is 149096839
12-15 10:28:26.031  3312  3362 I com.miui.home: CheckGCForNative adj_start_bytes: 38451613 NativeAllocationGcWatermark: 11166817 java_gc_start_bytes: 21701388 kNewNativeDiscountFactor: 2 kOldNativeDiscountFactor: 65536 old_native_bytes: 137361615 new_native_bytes: 22442168 add_bytes_allowed: 33500451 is_gc_concurrent: 1 target_footprint_: 22225676 GetBytesAllocated: 15213269 HeapGrowthMultiplier: 3
12-15 10:28:26.031  3312  3362 I com.miui.home: CheckGCForNative gc_urgency 0.687525 current_native_bytes is 159803783
12-15 10:28:26.033  3312  3523 I com.miui.home: CheckGCForNative adj_start_bytes: 38451613 NativeAllocationGcWatermark: 11166817 java_gc_start_bytes: 21701388 kNewNativeDiscountFactor: 2 kOldNativeDiscountFactor: 65536 old_native_bytes: 137361615 new_native_bytes: 11736984 add_bytes_allowed: 33500451 is_gc_concurrent: 1 target_footprint_: 22225676 GetBytesAllocated: 15229653 HeapGrowthMultiplier: 3
12-15 10:28:26.034  3312  3523 I com.miui.home: CheckGCForNative gc_urgency 0.548748 current_native_bytes is 149098599
12-15 10:28:26.124  3312  3523 I com.miui.home: CheckGCForNative adj_start_bytes: 38451613 NativeAllocationGcWatermark: 11166817 java_gc_start_bytes: 21701388 kNewNativeDiscountFactor: 2 kOldNativeDiscountFactor: 65536 old_native_bytes: 137361615 new_native_bytes: 11780520 add_bytes_allowed: 33500451 is_gc_concurrent: 1 target_footprint_: 22225676 GetBytesAllocated: 15270924 HeapGrowthMultiplier: 3
12-15 10:28:26.124  3312  3523 I com.miui.home: CheckGCForNative gc_urgency 0.550387 current_native_bytes is 149142135
12-15 10:28:26.148  3312  3362 I com.miui.home: CheckGCForNative adj_start_bytes: 38451613 NativeAllocationGcWatermark: 11166817 java_gc_start_bytes: 21701388 kNewNativeDiscountFactor: 2 kOldNativeDiscountFactor: 65536 old_native_bytes: 137361615 new_native_bytes: 22482152 add_bytes_allowed: 33500451 is_gc_concurrent: 1 target_footprint_: 22225676 GetBytesAllocated: 15317771 HeapGrowthMultiplier: 3
12-15 10:28:26.148  3312  3362 I com.miui.home: CheckGCForNative gc_urgency 0.690763 current_native_bytes is 159843767
12-15 10:28:26.251  9719  9719 I wm_on_resume_called: [0,155996291,com.yxcorp.gifshow.HomeActivity,RESUME_ACTIVITY,28]
12-15 10:28:26.286  3312  3312 I wm_on_top_resumed_gained_called: [58647776,com.miui.home.launcher.Launcher,topStateChangedWhenResumed]
12-15 10:28:26.316  9946  9946 I wm_on_application_create_called: [0,com.xiaomi.market,347]
12-15 10:28:26.346  9719  9719 I wm_on_top_resumed_gained_called: [155996291,com.yxcorp.gifshow.HomeActivity,topStateChangedWhenResumed]
12-15 10:28:26.427  9719  9719 I wm_on_top_resumed_lost_called: [155996291,com.yxcorp.gifshow.HomeActivity,topStateChangedWhenResumed]
12-15 10:28:26.481  3312  3523 I com.miui.home: CheckGCForNative adj_start_bytes: 38451613 NativeAllocationGcWatermark: 11166817 java_gc_start_bytes: 21701388 kNewNativeDiscountFactor: 2 kOldNativeDiscountFactor: 65536 old_native_bytes: 137361615 new_native_bytes: 11775896 add_bytes_allowed: 33500451 is_gc_concurrent: 1 target_footprint_: 22225676 GetBytesAllocated: 15458145 HeapGrowthMultiplier: 3
12-15 10:28:26.481  3312  3523 I com.miui.home: CheckGCForNative gc_urgency 0.555196 current_native_bytes is 149137511
12-15 10:28:26.837  3312  3312 I wm_on_top_resumed_lost_called: [58647776,com.miui.home.launcher.Launcher,topStateChangedWhenResumed]
12-15 10:28:26.984  3312  3720 I com.miui.home: CheckGCForNative adj_start_bytes: 38451613 NativeAllocationGcWatermark: 11166817 java_gc_start_bytes: 21701388 kNewNativeDiscountFactor: 2 kOldNativeDiscountFactor: 65536 old_native_bytes: 137361615 new_native_bytes: 22815924 add_bytes_allowed: 33500451 is_gc_concurrent: 1 target_footprint_: 22225676 GetBytesAllocated: 16350248 HeapGrowthMultiplier: 3
12-15 10:28:26.984  3312  3720 I com.miui.home: CheckGCForNative gc_urgency 0.721954 current_native_bytes is 160177539
12-15 10:28:27.062  3312  3312 I wm_on_paused_called: [0,58647776,com.miui.home.launcher.Launcher,performPause,1]
12-15 10:28:27.116  3312  3523 I com.miui.home: CheckGCForNative adj_start_bytes: 38451613 NativeAllocationGcWatermark: 11166817 java_gc_start_bytes: 21701388 kNewNativeDiscountFactor: 2 kOldNativeDiscountFactor: 65536 old_native_bytes: 137361615 new_native_bytes: 12182212 add_bytes_allowed: 33500451 is_gc_concurrent: 1 target_footprint_: 22225676 GetBytesAllocated: 16505104 HeapGrowthMultiplier: 3
12-15 10:28:27.116  3312  3523 I com.miui.home: CheckGCForNative gc_urgency 0.587708 current_native_bytes is 149543827
12-15 10:28:27.160  3312  3523 I com.miui.home: CheckGCForNative adj_start_bytes: 38451613 NativeAllocationGcWatermark: 11166817 java_gc_start_bytes: 21701388 kNewNativeDiscountFactor: 2 kOldNativeDiscountFactor: 65536 old_native_bytes: 137361615 new_native_bytes: 12187364 add_bytes_allowed: 33500451 is_gc_concurrent: 1 target_footprint_: 22225676 GetBytesAllocated: 16514248 HeapGrowthMultiplier: 3
12-15 10:28:27.160  3312  3523 I com.miui.home: CheckGCForNative gc_urgency 0.588012 current_native_bytes is 149548979
12-15 10:28:27.427  3312  3523 I com.miui.home: CheckGCForNative adj_start_bytes: 38451613 NativeAllocationGcWatermark: 11166817 java_gc_start_bytes: 21701388 kNewNativeDiscountFactor: 2 kOldNativeDiscountFactor: 65536 old_native_bytes: 137361615 new_native_bytes: 12568088 add_bytes_allowed: 33500451 is_gc_concurrent: 1 target_footprint_: 22225676 GetBytesAllocated: 17514304 HeapGrowthMultiplier: 3
12-15 10:28:27.427  3312  3523 I com.miui.home: CheckGCForNative gc_urgency 0.618971 current_native_bytes is 149929703
12-15 10:28:28.462 10270 10270 I wm_on_application_create_called: [0,com.autonavi.minimap,944]
12-15 10:28:28.549  3312  3312 I wm_on_resume_called: [0,58647776,com.miui.home.launcher.Launcher,RESUME_ACTIVITY,5]
12-15 10:28:28.552  3312  3312 I com.miui.home: CheckGCForNative adj_start_bytes: 38451613 NativeAllocationGcWatermark: 11166817 java_gc_start_bytes: 21701388 kNewNativeDiscountFactor: 2 kOldNativeDiscountFactor: 65536 old_native_bytes: 137361615 new_native_bytes: 12685680 add_bytes_allowed: 33500451 is_gc_concurrent: 1 target_footprint_: 22225676 GetBytesAllocated: 18561927 HeapGrowthMultiplier: 3
12-15 10:28:28.552  3312  3312 I com.miui.home: CheckGCForNative gc_urgency 0.647746 current_native_bytes is 150047295
12-15 10:28:28.564  3312  3312 I wm_on_idle_called: com.miui.home.launcher.Launcher
12-15 10:28:28.730  3312  4307 I com.miui.home: CheckGCForNative adj_start_bytes: 38451613 NativeAllocationGcWatermark: 11166817 java_gc_start_bytes: 21701388 kNewNativeDiscountFactor: 2 kOldNativeDiscountFactor: 65536 old_native_bytes: 137361615 new_native_bytes: 23470968 add_bytes_allowed: 33500451 is_gc_concurrent: 1 target_footprint_: 22225676 GetBytesAllocated: 19352272 HeapGrowthMultiplier: 3
12-15 10:28:28.730  3312  4307 I com.miui.home: CheckGCForNative gc_urgency 0.808545 current_native_bytes is 160832583
12-15 10:28:28.731  3312  4307 I com.miui.home: CheckGCForNative adj_start_bytes: 38451613 NativeAllocationGcWatermark: 11166817 java_gc_start_bytes: 21701388 kNewNativeDiscountFactor: 2 kOldNativeDiscountFactor: 65536 old_native_bytes: 137361615 new_native_bytes: 34177912 add_bytes_allowed: 33500451 is_gc_concurrent: 1 target_footprint_: 22225676 GetBytesAllocated: 19364191 HeapGrowthMultiplier: 3
12-15 10:28:28.731  3312  4307 I com.miui.home: CheckGCForNative gc_urgency 0.948081 current_native_bytes is 171539527
12-15 10:28:28.747  3312  3523 I com.miui.home: CheckGCForNative adj_start_bytes: 38451613 NativeAllocationGcWatermark: 11166817 java_gc_start_bytes: 21701388 kNewNativeDiscountFactor: 2 kOldNativeDiscountFactor: 65536 old_native_bytes: 137361615 new_native_bytes: 23507704 add_bytes_allowed: 33500451 is_gc_concurrent: 1 target_footprint_: 22225676 GetBytesAllocated: 19383884 HeapGrowthMultiplier: 3
12-15 10:28:28.747  3312  3523 I com.miui.home: CheckGCForNative gc_urgency 0.809845 current_native_bytes is 160869319
12-15 10:28:28.805  3312  3394 I com.miui.home: CheckGCForNative adj_start_bytes: 38451613 NativeAllocationGcWatermark: 11166817 java_gc_start_bytes: 21701388 kNewNativeDiscountFactor: 2 kOldNativeDiscountFactor: 65536 old_native_bytes: 137361615 new_native_bytes: 34333464 add_bytes_allowed: 33500451 is_gc_concurrent: 1 target_footprint_: 22225676 GetBytesAllocated: 19420265 HeapGrowthMultiplier: 3
12-15 10:28:28.805  3312  3394 I com.miui.home: CheckGCForNative gc_urgency 0.951562 current_native_bytes is 171695079
12-15 10:28:28.936 10270 10270 I wm_on_create_called: [0,126011392,com.autonavi.map.activity.SplashActivity,performCreate,444]
12-15 10:28:28.988  3312  3312 I wm_on_top_resumed_gained_called: [58647776,com.miui.home.launcher.Launcher,topStateChangedWhenResumed]
12-15 10:28:29.064 10428 10428 I wm_on_application_create_called: [0,com.autonavi.minimap,1076]
12-15 10:28:29.131  3312  3523 I com.miui.home: CheckGCForNative adj_start_bytes: 38451613 NativeAllocationGcWatermark: 11166817 java_gc_start_bytes: 21701388 kNewNativeDiscountFactor: 2 kOldNativeDiscountFactor: 65536 old_native_bytes: 137361615 new_native_bytes: 23830360 add_bytes_allowed: 33500451 is_gc_concurrent: 1 target_footprint_: 22225676 GetBytesAllocated: 19771514 HeapGrowthMultiplier: 3
12-15 10:28:29.131  3312  3523 I com.miui.home: CheckGCForNative gc_urgency 0.824121 current_native_bytes is 161191975
12-15 10:28:29.176  3312  3720 I com.miui.home: CheckGCForNative adj_start_bytes: 38451613 NativeAllocationGcWatermark: 11166817 java_gc_start_bytes: 21701388 kNewNativeDiscountFactor: 2 kOldNativeDiscountFactor: 65536 old_native_bytes: 137361615 new_native_bytes: 34695820 add_bytes_allowed: 33500451 is_gc_concurrent: 1 target_footprint_: 22225676 GetBytesAllocated: 20146942 HeapGrowthMultiplier: 3
12-15 10:28:29.176  3312  3720 I com.miui.home: CheckGCForNative gc_urgency 0.975172 current_native_bytes is 172057435
12-15 10:28:29.231  3312  3521 I com.miui.home: CheckGCForNative adj_start_bytes: 38451613 NativeAllocationGcWatermark: 11166817 java_gc_start_bytes: 21701388 kNewNativeDiscountFactor: 2 kOldNativeDiscountFactor: 65536 old_native_bytes: 137361615 new_native_bytes: 34697452 add_bytes_allowed: 33500451 is_gc_concurrent: 1 target_footprint_: 22225676 GetBytesAllocated: 20313608 HeapGrowthMultiplier: 3
12-15 10:28:29.231  3312  3521 I com.miui.home: CheckGCForNative gc_urgency 0.979528 current_native_bytes is 172059067
12-15 10:28:29.232  3312  3521 I com.miui.home: CheckGCForNative adj_start_bytes: 38451613 NativeAllocationGcWatermark: 11166817 java_gc_start_bytes: 21701388 kNewNativeDiscountFactor: 2 kOldNativeDiscountFactor: 65536 old_native_bytes: 137361615 new_native_bytes: 45404716 add_bytes_allowed: 33500451 is_gc_concurrent: 1 target_footprint_: 22225676 GetBytesAllocated: 20313800 HeapGrowthMultiplier: 3
12-15 10:28:29.232  3312  3521 I com.miui.home: CheckGCForNative gc_urgency 1.11876 current_native_bytes is 182766331
12-15 10:28:29.232  3312  3521 I com.miui.home: CheckGCForNative requested 1
12-15 10:28:29.235  3312 10731 I com.miui.home: CheckGCForNative adj_start_bytes: 38451613 NativeAllocationGcWatermark: 11166817 java_gc_start_bytes: 21701388 kNewNativeDiscountFactor: 2 kOldNativeDiscountFactor: 65536 old_native_bytes: 137361615 new_native_bytes: 45404716 add_bytes_allowed: 33500451 is_gc_concurrent: 1 target_footprint_: 22225676 GetBytesAllocated: 20313800 HeapGrowthMultiplier: 3
12-15 10:28:29.235  3312 10731 I com.miui.home: CheckGCForNative gc_urgency 1.11876 current_native_bytes is 182766331
12-15 10:28:29.235  3312 10731 I com.miui.home: CheckGCForNative requested 1
12-15 10:28:29.353  3312  3720 I com.miui.home: CheckGCForNative adj_start_bytes: 38451613 NativeAllocationGcWatermark: 11166817 java_gc_start_bytes: 21701388 kNewNativeDiscountFactor: 2 kOldNativeDiscountFactor: 65536 old_native_bytes: 137361615 new_native_bytes: 45481632 add_bytes_allowed: 33500451 is_gc_concurrent: 1 target_footprint_: 22225676 GetBytesAllocated: 20766860 HeapGrowthMultiplier: 3
12-15 10:28:29.353  3312  3720 I com.miui.home: CheckGCForNative gc_urgency 1.13155 current_native_bytes is 182843247
12-15 10:28:29.353  3312  3720 I com.miui.home: CheckGCForNative requested 1
12-15 10:28:29.414 10270 10270 I wm_on_create_called: [0,26178849,com.autonavi.map.activity.NewMapActivity,performCreate,394]
12-15 10:28:29.425 10270 10270 I wm_on_start_called: [0,26178849,com.autonavi.map.activity.NewMapActivity,handleStartActivity,10]
12-15 10:28:29.436 10270 10270 I wm_on_resume_called: [0,26178849,com.autonavi.map.activity.NewMapActivity,RESUME_ACTIVITY,8]
12-15 10:28:29.438  3312  3358 I com.miui.home: NativeAlloc concurrent copying GC freed 203831(9351KB) AllocSpace objects, 12(480KB) LOS objects, 49% free, 10MB/20MB, paused 229us,80us total 202.957ms
12-15 10:28:29.501 10270 10270 I wm_on_destroy_called: [0,126011392,com.autonavi.map.activity.SplashActivity,performDestroy,0]
12-15 10:28:29.503 10270 10270 I wm_on_paused_called: [0,26178849,com.autonavi.map.activity.NewMapActivity,performPause,2]
12-15 10:28:29.581 10270 10270 I wm_on_stop_called: [0,26178849,com.autonavi.map.activity.NewMapActivity,STOP_ACTIVITY_ITEM,7]
12-15 10:28:29.584 10270 10270 I wm_on_idle_called: com.autonavi.map.activity.NewMapActivity
12-15 10:28:29.673  3312  3720 I com.miui.home: CheckGCForNative gc_urgency 0 current_native_bytes is 125275851
