12-18 10:39:16.703  9900  9900 I wm_on_paused_called: [0,29686544,com.xunmeng.pinduoduo.ui.activity.HomeActivity,performPause,13]
12-18 10:39:16.815  3326  3326 I wm_on_top_resumed_lost_called: [91947077,com.miui.home.launcher.Launcher,topStateChangedWhenResumed]
12-18 10:39:16.821  3326  3326 I wm_on_paused_called: [0,91947077,com.miui.home.launcher.Launcher,performPause,1]
12-18 10:39:16.920  3326  4045 I com.miui.home: CheckGCForNative adj_start_bytes: 41069390 NativeAllocationGcWatermark: 11400981 java_gc_start_bytes: 23967919 kNewNativeDiscountFactor: 2 kOldNativeDiscountFactor: 65536 old_native_bytes: 142407395 new_native_bytes: 29288320 add_bytes_allowed: 34202943 is_gc_concurrent: 1 target_footprint_: 24098991 GetBytesAllocated: 16798637 HeapGrowthMultiplier: 3
12-18 10:39:16.920  3326  4045 I com.miui.home: CheckGCForNative gc_urgency 0.765655 current_native_bytes is 171695715
12-18 10:39:16.924  9900  9900 I wm_on_destroy_called: [0,158981391,com.xunmeng.pinduoduo.ui.activity.MainFrameActivity,performDestroy,45]
12-18 10:39:17.086  3326  3547 I com.miui.home: CheckGCForNative adj_start_bytes: 41069390 NativeAllocationGcWatermark: 11400981 java_gc_start_bytes: 23967919 kNewNativeDiscountFactor: 2 kOldNativeDiscountFactor: 65536 old_native_bytes: 142407395 new_native_bytes: 29837952 add_bytes_allowed: 34202943 is_gc_concurrent: 1 target_footprint_: 24098991 GetBytesAllocated: 17198498 HeapGrowthMultiplier: 3
12-18 10:39:17.086  3326  3547 I com.miui.home: CheckGCForNative gc_urgency 0.782082 current_native_bytes is 172245347
12-18 10:39:17.162  3326  3770 I com.miui.home: CheckGCForNative adj_start_bytes: 41069390 NativeAllocationGcWatermark: 11400981 java_gc_start_bytes: 23967919 kNewNativeDiscountFactor: 2 kOldNativeDiscountFactor: 65536 old_native_bytes: 142407395 new_native_bytes: 40865716 add_bytes_allowed: 34202943 is_gc_concurrent: 1 target_footprint_: 24098991 GetBytesAllocated: 17516905 HeapGrowthMultiplier: 3
12-18 10:39:17.162  3326  3770 I com.miui.home: CheckGCForNative gc_urgency 0.924093 current_native_bytes is 183273111
12-18 10:39:17.164  3326  3547 I com.miui.home: CheckGCForNative adj_start_bytes: 41069390 NativeAllocationGcWatermark: 11400981 java_gc_start_bytes: 23967919 kNewNativeDiscountFactor: 2 kOldNativeDiscountFactor: 65536 old_native_bytes: 142407395 new_native_bytes: 30180788 add_bytes_allowed: 34202943 is_gc_concurrent: 1 target_footprint_: 24098991 GetBytesAllocated: 17541139 HeapGrowthMultiplier: 3
12-18 10:39:17.164  3326  3547 I com.miui.home: CheckGCForNative gc_urgency 0.794599 current_native_bytes is 172588183
12-18 10:39:17.479  3326  3326 I com.miui.home: CheckGCForNative adj_start_bytes: 41069390 NativeAllocationGcWatermark: 11400981 java_gc_start_bytes: 23967919 kNewNativeDiscountFactor: 2 kOldNativeDiscountFactor: 65536 old_native_bytes: 142407395 new_native_bytes: 30243656 add_bytes_allowed: 34202943 is_gc_concurrent: 1 target_footprint_: 24098991 GetBytesAllocated: 18122703 HeapGrowthMultiplier: 3
12-18 10:39:17.479  3326  3326 I com.miui.home: CheckGCForNative gc_urgency 0.809525 current_native_bytes is 172651051
12-18 10:39:17.961 10120 10120 I wm_on_application_create_called: [0,com.smile.gifmaker,300]
12-18 10:39:18.156 10120 10120 I wm_on_create_called: [0,113118139,com.yxcorp.gifshow.HomeActivity,performCreate,177]
12-18 10:39:18.293 10120 10120 I wm_on_start_called: [0,113118139,com.yxcorp.gifshow.HomeActivity,handleStartActivity,136]
12-18 10:39:18.423  3326  3326 I wm_on_resume_called: [0,91947077,com.miui.home.launcher.Launcher,RESUME_ACTIVITY,8]
12-18 10:39:18.434  3326  3326 I wm_on_idle_called: com.miui.home.launcher.Launcher
12-18 10:39:18.543  3326  3582 I com.miui.home: CheckGCForNative adj_start_bytes: 41069390 NativeAllocationGcWatermark: 11400981 java_gc_start_bytes: 23967919 kNewNativeDiscountFactor: 2 kOldNativeDiscountFactor: 65536 old_native_bytes: 142407395 new_native_bytes: 30634436 add_bytes_allowed: 34202943 is_gc_concurrent: 1 target_footprint_: 24098991 GetBytesAllocated: 19606066 HeapGrowthMultiplier: 3
12-18 10:39:18.544  3326  3582 I com.miui.home: CheckGCForNative gc_urgency 0.850401 current_native_bytes is 173041831
12-18 10:39:18.588 10120 10120 I wm_on_resume_called: [0,113118139,com.yxcorp.gifshow.HomeActivity,RESUME_ACTIVITY,57]
12-18 10:39:18.589  3326  3582 I com.miui.home: CheckGCForNative adj_start_bytes: 41069390 NativeAllocationGcWatermark: 11400981 java_gc_start_bytes: 23967919 kNewNativeDiscountFactor: 2 kOldNativeDiscountFactor: 65536 old_native_bytes: 142407395 new_native_bytes: 41335492 add_bytes_allowed: 34202943 is_gc_concurrent: 1 target_footprint_: 24098991 GetBytesAllocated: 19699110 HeapGrowthMultiplier: 3
12-18 10:39:18.589  3326  3582 I com.miui.home: CheckGCForNative gc_urgency 0.982947 current_native_bytes is 183742887
12-18 10:39:18.589  3326  3582 I com.miui.home: CheckGCForNative adj_start_bytes: 41069390 NativeAllocationGcWatermark: 11400981 java_gc_start_bytes: 23967919 kNewNativeDiscountFactor: 2 kOldNativeDiscountFactor: 65536 old_native_bytes: 142407395 new_native_bytes: 52042628 add_bytes_allowed: 34202943 is_gc_concurrent: 1 target_footprint_: 24098991 GetBytesAllocated: 19705923 HeapGrowthMultiplier: 3
12-18 10:39:18.590  3326  3582 I com.miui.home: CheckGCForNative gc_urgency 1.11347 current_native_bytes is 194450023
12-18 10:39:18.590  3326  3582 I com.miui.home: CheckGCForNative requested 1
12-18 10:39:18.602  3326  3582 I com.miui.home: CheckGCForNative adj_start_bytes: 41069390 NativeAllocationGcWatermark: 11400981 java_gc_start_bytes: 23967919 kNewNativeDiscountFactor: 2 kOldNativeDiscountFactor: 65536 old_native_bytes: 142407395 new_native_bytes: 52074404 add_bytes_allowed: 34202943 is_gc_concurrent: 1 target_footprint_: 24098991 GetBytesAllocated: 19741753 HeapGrowthMultiplier: 3
12-18 10:39:18.602  3326  3582 I com.miui.home: CheckGCForNative gc_urgency 1.11473 current_native_bytes is 194481799
12-18 10:39:18.602  3326  3582 I com.miui.home: CheckGCForNative requested 1
12-18 10:39:18.647 10120 10120 I wm_on_top_resumed_gained_called: [113118139,com.yxcorp.gifshow.HomeActivity,topStateChangedWhenResumed]
12-18 10:39:18.775  3326  3547 I com.miui.home: CheckGCForNative adj_start_bytes: 41069390 NativeAllocationGcWatermark: 11400981 java_gc_start_bytes: 23967919 kNewNativeDiscountFactor: 2 kOldNativeDiscountFactor: 65536 old_native_bytes: 142407395 new_native_bytes: 41374532 add_bytes_allowed: 34202943 is_gc_concurrent: 1 target_footprint_: 24098991 GetBytesAllocated: 19860303 HeapGrowthMultiplier: 3
12-18 10:39:18.775  3326  3547 I com.miui.home: CheckGCForNative gc_urgency 0.987347 current_native_bytes is 183781927
12-18 10:39:18.806  3326  3364 I com.miui.home: NativeAlloc concurrent copying GC freed 156854(7061KB) AllocSpace objects, 18(576KB) LOS objects, 49% free, 11MB/22MB, paused 184us,88us total 215.300ms
12-18 10:39:18.861  3326  3326 I wm_on_top_resumed_gained_called: [91947077,com.miui.home.launcher.Launcher,topStateChangedWhenResumed]
12-18 10:39:19.059  3326 10109 I com.miui.home: CheckGCForNative gc_urgency 0 current_native_bytes is 145042791
12-18 10:39:19.060  3326  3326 I com.miui.home: CheckGCForNative adj_start_bytes: 41044745 NativeAllocationGcWatermark: 11402565 java_gc_start_bytes: 23940898 kNewNativeDiscountFactor: 2 kOldNativeDiscountFactor: 65536 old_native_bytes: 145042791 new_native_bytes: 10706944 add_bytes_allowed: 34207695 is_gc_concurrent: 1 target_footprint_: 24111662 GetBytesAllocated: 12277769 HeapGrowthMultiplier: 3
12-18 10:39:19.060  3326  3326 I com.miui.home: CheckGCForNative gc_urgency 0.429615 current_native_bytes is 155749735
12-18 10:39:19.062  3326  3546 I com.miui.home: CheckGCForNative adj_start_bytes: 41044745 NativeAllocationGcWatermark: 11402565 java_gc_start_bytes: 23940898 kNewNativeDiscountFactor: 2 kOldNativeDiscountFactor: 65536 old_native_bytes: 145042791 new_native_bytes: 10706944 add_bytes_allowed: 34207695 is_gc_concurrent: 1 target_footprint_: 24111662 GetBytesAllocated: 12277769 HeapGrowthMultiplier: 3
12-18 10:39:19.062  3326  3546 I com.miui.home: CheckGCForNative gc_urgency 0.429615 current_native_bytes is 155749735
12-18 10:39:19.355  3326  3326 I wm_on_top_resumed_lost_called: [91947077,com.miui.home.launcher.Launcher,topStateChangedWhenResumed]
12-18 10:39:19.497  3326  3770 I com.miui.home: CheckGCForNative adj_start_bytes: 41044745 NativeAllocationGcWatermark: 11402565 java_gc_start_bytes: 23940898 kNewNativeDiscountFactor: 2 kOldNativeDiscountFactor: 65536 old_native_bytes: 145042791 new_native_bytes: 804032 add_bytes_allowed: 34207695 is_gc_concurrent: 1 target_footprint_: 24111662 GetBytesAllocated: 12987038 HeapGrowthMultiplier: 3
12-18 10:39:19.497  3326  3770 I com.miui.home: CheckGCForNative gc_urgency 0.32626 current_native_bytes is 145846823
12-18 10:39:19.529  3326  3770 I com.miui.home: CheckGCForNative adj_start_bytes: 41044745 NativeAllocationGcWatermark: 11402565 java_gc_start_bytes: 23940898 kNewNativeDiscountFactor: 2 kOldNativeDiscountFactor: 65536 old_native_bytes: 145042791 new_native_bytes: 11668372 add_bytes_allowed: 34207695 is_gc_concurrent: 1 target_footprint_: 24111662 GetBytesAllocated: 13246290 HeapGrowthMultiplier: 3
12-18 10:39:19.529  3326  3770 I com.miui.home: CheckGCForNative gc_urgency 0.464924 current_native_bytes is 156711163
12-18 10:39:19.575  3326  3326 I wm_on_paused_called: [0,91947077,com.miui.home.launcher.Launcher,performPause,1]
12-18 10:39:19.925  3326  3770 I com.miui.home: CheckGCForNative adj_start_bytes: 41044745 NativeAllocationGcWatermark: 11402565 java_gc_start_bytes: 23940898 kNewNativeDiscountFactor: 2 kOldNativeDiscountFactor: 65536 old_native_bytes: 145042791 new_native_bytes: 1471116 add_bytes_allowed: 34207695 is_gc_concurrent: 1 target_footprint_: 24111662 GetBytesAllocated: 14281450 HeapGrowthMultiplier: 3
12-18 10:39:19.925  3326  3770 I com.miui.home: CheckGCForNative gc_urgency 0.365923 current_native_bytes is 146513907
12-18 10:39:20.231  3326  3547 I com.miui.home: CheckGCForNative adj_start_bytes: 41044745 NativeAllocationGcWatermark: 11402565 java_gc_start_bytes: 23940898 kNewNativeDiscountFactor: 2 kOldNativeDiscountFactor: 65536 old_native_bytes: 145042791 new_native_bytes: 1587020 add_bytes_allowed: 34207695 is_gc_concurrent: 1 target_footprint_: 24111662 GetBytesAllocated: 14658295 HeapGrowthMultiplier: 3
12-18 10:39:20.231  3326  3547 I com.miui.home: CheckGCForNative gc_urgency 0.376516 current_native_bytes is 146629811
12-18 10:39:20.838 10419 10419 I wm_on_create_called: [0,93251691,com.tencent.qqlive.ona.activity.SplashHomeActivity,performCreate,93]
12-18 10:39:20.895 10419 10419 I wm_on_start_called: [0,93251691,com.tencent.qqlive.ona.activity.SplashHomeActivity,handleStartActivity,55]
12-18 10:39:20.944 10419 10419 I wm_on_resume_called: [0,93251691,com.tencent.qqlive.ona.activity.SplashHomeActivity,RESUME_ACTIVITY,24]
12-18 10:39:21.058  3326  3326 I com.miui.home: CheckGCForNative adj_start_bytes: 41044745 NativeAllocationGcWatermark: 11402565 java_gc_start_bytes: 23940898 kNewNativeDiscountFactor: 2 kOldNativeDiscountFactor: 65536 old_native_bytes: 145042791 new_native_bytes: 1177912 add_bytes_allowed: 34207695 is_gc_concurrent: 1 target_footprint_: 24111662 GetBytesAllocated: 15222564 HeapGrowthMultiplier: 3
12-18 10:39:21.058  3326  3326 I com.miui.home: CheckGCForNative gc_urgency 0.38528 current_native_bytes is 146220703
12-18 10:39:21.069  3326  3326 I wm_on_resume_called: [0,91947077,com.miui.home.launcher.Launcher,RESUME_ACTIVITY,5]
12-18 10:39:21.084  3326  3326 I wm_on_idle_called: com.miui.home.launcher.Launcher
12-18 10:39:21.273 10419 10419 I wm_on_top_resumed_gained_called: [93251691,com.tencent.qqlive.ona.activity.SplashHomeActivity,topStateChangedWhenResumed]
12-18 10:39:21.322 10419 10419 I wm_on_top_resumed_lost_called: [93251691,com.tencent.qqlive.ona.activity.SplashHomeActivity,topStateChangedWhenResumed]
12-18 10:39:21.341  3326  3326 I wm_on_top_resumed_gained_called: [91947077,com.miui.home.launcher.Launcher,topStateChangedWhenResumed]
12-18 10:39:21.408  3326  3720 I com.miui.home: CheckGCForNative adj_start_bytes: 41044745 NativeAllocationGcWatermark: 11402565 java_gc_start_bytes: 23940898 kNewNativeDiscountFactor: 2 kOldNativeDiscountFactor: 65536 old_native_bytes: 145042791 new_native_bytes: 12145160 add_bytes_allowed: 34207695 is_gc_concurrent: 1 target_footprint_: 24111662 GetBytesAllocated: 16315435 HeapGrowthMultiplier: 3
12-18 10:39:21.408  3326  3720 I com.miui.home: CheckGCForNative gc_urgency 0.545508 current_native_bytes is 157187951
12-18 10:39:21.413  3326  4045 I com.miui.home: CheckGCForNative adj_start_bytes: 41044745 NativeAllocationGcWatermark: 11402565 java_gc_start_bytes: 23940898 kNewNativeDiscountFactor: 2 kOldNativeDiscountFactor: 65536 old_native_bytes: 145042791 new_native_bytes: 22852232 add_bytes_allowed: 34207695 is_gc_concurrent: 1 target_footprint_: 24111662 GetBytesAllocated: 16315627 HeapGrowthMultiplier: 3
12-18 10:39:21.413  3326  4045 I com.miui.home: CheckGCForNative gc_urgency 0.675944 current_native_bytes is 167895023
12-18 10:39:21.415  3326  3326 I com.miui.home: CheckGCForNative adj_start_bytes: 41044745 NativeAllocationGcWatermark: 11402565 java_gc_start_bytes: 23940898 kNewNativeDiscountFactor: 2 kOldNativeDiscountFactor: 65536 old_native_bytes: 145042791 new_native_bytes: 44266632 add_bytes_allowed: 34207695 is_gc_concurrent: 1 target_footprint_: 24111662 GetBytesAllocated: 16335511 HeapGrowthMultiplier: 3
12-18 10:39:21.415  3326  3326 I com.miui.home: CheckGCForNative gc_urgency 0.937295 current_native_bytes is 189309423
12-18 10:39:21.416  3326  4045 I com.miui.home: CheckGCForNative adj_start_bytes: 41044745 NativeAllocationGcWatermark: 11402565 java_gc_start_bytes: 23940898 kNewNativeDiscountFactor: 2 kOldNativeDiscountFactor: 65536 old_native_bytes: 145042791 new_native_bytes: 33559368 add_bytes_allowed: 34207695 is_gc_concurrent: 1 target_footprint_: 24111662 GetBytesAllocated: 16335511 HeapGrowthMultiplier: 3
12-18 10:39:21.416  3326  4045 I com.miui.home: CheckGCForNative gc_urgency 0.806861 current_native_bytes is 178602159
12-18 10:39:21.514  3326  3547 I com.miui.home: CheckGCForNative adj_start_bytes: 41044745 NativeAllocationGcWatermark: 11402565 java_gc_start_bytes: 23940898 kNewNativeDiscountFactor: 2 kOldNativeDiscountFactor: 65536 old_native_bytes: 145042791 new_native_bytes: 22851784 add_bytes_allowed: 34207695 is_gc_concurrent: 1 target_footprint_: 24111662 GetBytesAllocated: 16407863 HeapGrowthMultiplier: 3
12-18 10:39:21.514  3326  3547 I com.miui.home: CheckGCForNative gc_urgency 0.678186 current_native_bytes is 167894575
12-18 10:39:21.870  3326  3547 I com.miui.home: CheckGCForNative adj_start_bytes: 41044745 NativeAllocationGcWatermark: 11402565 java_gc_start_bytes: 23940898 kNewNativeDiscountFactor: 2 kOldNativeDiscountFactor: 65536 old_native_bytes: 145042791 new_native_bytes: 22927640 add_bytes_allowed: 34207695 is_gc_concurrent: 1 target_footprint_: 24111662 GetBytesAllocated: 16539184 HeapGrowthMultiplier: 3
12-18 10:39:21.870  3326  3547 I com.miui.home: CheckGCForNative gc_urgency 0.682309 current_native_bytes is 167970431
12-18 10:39:21.886  3326  3546 I com.miui.home: CheckGCForNative adj_start_bytes: 41044745 NativeAllocationGcWatermark: 11402565 java_gc_start_bytes: 23940898 kNewNativeDiscountFactor: 2 kOldNativeDiscountFactor: 65536 old_native_bytes: 145042791 new_native_bytes: 33620824 add_bytes_allowed: 34207695 is_gc_concurrent: 1 target_footprint_: 24111662 GetBytesAllocated: 16551752 HeapGrowthMultiplier: 3
12-18 10:39:21.886  3326  3546 I com.miui.home: CheckGCForNative gc_urgency 0.812878 current_native_bytes is 178663615
12-18 10:39:21.887  3326  3546 I com.miui.home: CheckGCForNative adj_start_bytes: 41044745 NativeAllocationGcWatermark: 11402565 java_gc_start_bytes: 23940898 kNewNativeDiscountFactor: 2 kOldNativeDiscountFactor: 65536 old_native_bytes: 145042791 new_native_bytes: 44327768 add_bytes_allowed: 34207695 is_gc_concurrent: 1 target_footprint_: 24111662 GetBytesAllocated: 16551944 HeapGrowthMultiplier: 3
12-18 10:39:21.887  3326  3546 I com.miui.home: CheckGCForNative gc_urgency 0.943313 current_native_bytes is 189370559
12-18 10:39:21.889  3326  3582 I com.miui.home: CheckGCForNative adj_start_bytes: 41044745 NativeAllocationGcWatermark: 11402565 java_gc_start_bytes: 23940898 kNewNativeDiscountFactor: 2 kOldNativeDiscountFactor: 65536 old_native_bytes: 145042791 new_native_bytes: 44327768 add_bytes_allowed: 34207695 is_gc_concurrent: 1 target_footprint_: 24111662 GetBytesAllocated: 16551944 HeapGrowthMultiplier: 3
12-18 10:39:21.890  3326  3582 I com.miui.home: CheckGCForNative gc_urgency 0.943313 current_native_bytes is 189370559
12-18 10:39:22.327  3326  3326 I wm_on_top_resumed_lost_called: [91947077,com.miui.home.launcher.Launcher,topStateChangedWhenResumed]
12-18 10:39:22.436  3326  3326 I wm_on_paused_called: [0,91947077,com.miui.home.launcher.Launcher,performPause,2]
12-18 10:39:22.725  3326  3547 I com.miui.home: CheckGCForNative adj_start_bytes: 41044745 NativeAllocationGcWatermark: 11402565 java_gc_start_bytes: 23940898 kNewNativeDiscountFactor: 2 kOldNativeDiscountFactor: 65536 old_native_bytes: 145042791 new_native_bytes: 34339436 add_bytes_allowed: 34207695 is_gc_concurrent: 1 target_footprint_: 24111662 GetBytesAllocated: 17680197 HeapGrowthMultiplier: 3
12-18 10:39:22.725  3326  3547 I com.miui.home: CheckGCForNative gc_urgency 0.849125 current_native_bytes is 179382227
12-18 10:39:22.759  7282  7282 I wm_on_create_called: [0,108295777,com.tencent.mobileqq.activity.SplashActivity,performCreate,137]
12-18 10:39:22.771  3326  3770 I com.miui.home: CheckGCForNative adj_start_bytes: 41044745 NativeAllocationGcWatermark: 11402565 java_gc_start_bytes: 23940898 kNewNativeDiscountFactor: 2 kOldNativeDiscountFactor: 65536 old_native_bytes: 145042791 new_native_bytes: 44984940 add_bytes_allowed: 34207695 is_gc_concurrent: 1 target_footprint_: 24111662 GetBytesAllocated: 17728833 HeapGrowthMultiplier: 3
12-18 10:39:22.771  3326  3770 I com.miui.home: CheckGCForNative gc_urgency 0.979992 current_native_bytes is 190027731
12-18 10:39:22.868  7282  7282 I wm_on_start_called: [0,108295777,com.tencent.mobileqq.activity.SplashActivity,handleStartActivity,13]
12-18 10:39:22.911  7282  7282 I wm_on_resume_called: [0,108295777,com.tencent.mobileqq.activity.SplashActivity,RESUME_ACTIVITY,32]
12-18 10:39:23.003  3326  3547 I com.miui.home: CheckGCForNative adj_start_bytes: 41044745 NativeAllocationGcWatermark: 11402565 java_gc_start_bytes: 23940898 kNewNativeDiscountFactor: 2 kOldNativeDiscountFactor: 65536 old_native_bytes: 145042791 new_native_bytes: 34719880 add_bytes_allowed: 34207695 is_gc_concurrent: 1 target_footprint_: 24111662 GetBytesAllocated: 18327114 HeapGrowthMultiplier: 3
12-18 10:39:23.003  3326  3547 I com.miui.home: CheckGCForNative gc_urgency 0.869521 current_native_bytes is 179762671
12-18 10:39:23.064  7282  7282 I wm_on_top_resumed_gained_called: [108295777,com.tencent.mobileqq.activity.SplashActivity,topStateChangedWhenResumed]
12-18 10:39:23.136  3326  3547 I com.miui.home: CheckGCForNative adj_start_bytes: 41044745 NativeAllocationGcWatermark: 11402565 java_gc_start_bytes: 23940898 kNewNativeDiscountFactor: 2 kOldNativeDiscountFactor: 65536 old_native_bytes: 145042791 new_native_bytes: 34731480 add_bytes_allowed: 34207695 is_gc_concurrent: 1 target_footprint_: 24111662 GetBytesAllocated: 18382374 HeapGrowthMultiplier: 3
12-18 10:39:23.136  3326  3547 I com.miui.home: CheckGCForNative gc_urgency 0.871009 current_native_bytes is 179774271
12-18 10:39:23.370  7282  7282 I wm_on_idle_called: com.tencent.mobileqq.activity.SplashActivity
12-18 10:39:23.429  3326  3326 I wm_on_stop_called: [0,91947077,com.miui.home.launcher.Launcher,STOP_ACTIVITY_ITEM,5]
12-18 10:39:23.545  7282  7282 I wm_on_top_resumed_lost_called: [108295777,com.tencent.mobileqq.activity.SplashActivity,topStateChangedWhenResumed]
12-18 10:39:23.556  7282  7282 I wm_on_paused_called: [0,108295777,com.tencent.mobileqq.activity.SplashActivity,performPause,1]
12-18 10:39:23.673  3326  3326 I wm_on_restart_called: [0,91947077,com.miui.home.launcher.Launcher,,0]
12-18 10:39:23.674  3326  3326 I wm_on_start_called: [0,91947077,com.miui.home.launcher.Launcher,handleStartActivity,1]
12-18 10:39:23.679  3326  3326 I wm_on_resume_called: [0,91947077,com.miui.home.launcher.Launcher,RESUME_ACTIVITY,4]
12-18 10:39:23.717  3326  3326 I wm_on_idle_called: com.miui.home.launcher.Launcher
12-18 10:39:23.734  7282  7282 I wm_on_create_called: [0,205193303,com.tencent.mobileqq.activity.LoginActivity,performCreate,118]
12-18 10:39:23.782  7282  7282 I wm_on_start_called: [0,205193303,com.tencent.mobileqq.activity.LoginActivity,handleStartActivity,47]
12-18 10:39:23.802  7282  7282 I wm_on_resume_called: [0,205193303,com.tencent.mobileqq.activity.LoginActivity,RESUME_ACTIVITY,19]
12-18 10:39:23.816  7282  7282 I wm_on_top_resumed_gained_called: [205193303,com.tencent.mobileqq.activity.LoginActivity,topStateChangedWhenResumed]
12-18 10:39:23.948  7282  7282 I wm_on_top_resumed_lost_called: [205193303,com.tencent.mobileqq.activity.LoginActivity,topStateChangedWhenResumed]
12-18 10:39:23.954  3326  3326 I wm_on_top_resumed_gained_called: [91947077,com.miui.home.launcher.Launcher,topStateChangedWhenResumed]
12-18 10:39:23.959  7282  7282 I wm_on_idle_called: com.tencent.mobileqq.activity.LoginActivity
12-18 10:39:24.040  3326 10858 I com.miui.home: CheckGCForNative adj_start_bytes: 41044745 NativeAllocationGcWatermark: 11402565 java_gc_start_bytes: 23940898 kNewNativeDiscountFactor: 2 kOldNativeDiscountFactor: 65536 old_native_bytes: 145042791 new_native_bytes: 45559484 add_bytes_allowed: 34207695 is_gc_concurrent: 1 target_footprint_: 24111662 GetBytesAllocated: 20042366 HeapGrowthMultiplier: 3
12-18 10:39:24.040  3326 10858 I com.miui.home: CheckGCForNative gc_urgency 1.04336 current_native_bytes is 190602275
12-18 10:39:24.040  3326 10858 I com.miui.home: CheckGCForNative requested 1
12-18 10:39:24.040  3326 10858 I com.miui.home: CheckGCForNative adj_start_bytes: 41044745 NativeAllocationGcWatermark: 11402565 java_gc_start_bytes: 23940898 kNewNativeDiscountFactor: 2 kOldNativeDiscountFactor: 65536 old_native_bytes: 145042791 new_native_bytes: 56266556 add_bytes_allowed: 34207695 is_gc_concurrent: 1 target_footprint_: 24111662 GetBytesAllocated: 20047715 HeapGrowthMultiplier: 3
12-18 10:39:24.040  3326 10858 I com.miui.home: CheckGCForNative gc_urgency 1.17392 current_native_bytes is 201309347
12-18 10:39:24.040  3326 10858 I com.miui.home: CheckGCForNative requested 1
12-18 10:39:24.047  3326  4045 I com.miui.home: CheckGCForNative adj_start_bytes: 41044745 NativeAllocationGcWatermark: 11402565 java_gc_start_bytes: 23940898 kNewNativeDiscountFactor: 2 kOldNativeDiscountFactor: 65536 old_native_bytes: 145042791 new_native_bytes: 56249116 add_bytes_allowed: 34207695 is_gc_concurrent: 1 target_footprint_: 24111662 GetBytesAllocated: 20075479 HeapGrowthMultiplier: 3
12-18 10:39:24.047  3326  4045 I com.miui.home: CheckGCForNative gc_urgency 1.17438 current_native_bytes is 201291907
12-18 10:39:24.047  3326  4045 I com.miui.home: CheckGCForNative requested 1
12-18 10:39:24.103  3326  3547 I com.miui.home: CheckGCForNative adj_start_bytes: 41044745 NativeAllocationGcWatermark: 11402565 java_gc_start_bytes: 23940898 kNewNativeDiscountFactor: 2 kOldNativeDiscountFactor: 65536 old_native_bytes: 145042791 new_native_bytes: 45575644 add_bytes_allowed: 34207695 is_gc_concurrent: 1 target_footprint_: 24111662 GetBytesAllocated: 20088144 HeapGrowthMultiplier: 3
12-18 10:39:24.103  3326  3547 I com.miui.home: CheckGCForNative gc_urgency 1.04467 current_native_bytes is 190618435
12-18 10:39:24.103  3326  3547 I com.miui.home: CheckGCForNative requested 1
12-18 10:39:24.239  3326  3770 I com.miui.home: CheckGCForNative adj_start_bytes: 41044745 NativeAllocationGcWatermark: 11402565 java_gc_start_bytes: 23940898 kNewNativeDiscountFactor: 2 kOldNativeDiscountFactor: 65536 old_native_bytes: 145042791 new_native_bytes: 56424432 add_bytes_allowed: 34207695 is_gc_concurrent: 1 target_footprint_: 24111662 GetBytesAllocated: 20669204 HeapGrowthMultiplier: 3
12-18 10:39:24.239  3326  3770 I com.miui.home: CheckGCForNative gc_urgency 1.19098 current_native_bytes is 201467223
12-18 10:39:24.239  3326  3770 I com.miui.home: CheckGCForNative requested 1
12-18 10:39:24.303  3326  3364 I com.miui.home: NativeAlloc concurrent copying GC freed 173130(7705KB) AllocSpace objects, 24(672KB) LOS objects, 50% free, 11MB/23MB, paused 224us,93us total 263.098ms
12-18 10:39:24.325  3326  3547 I com.miui.home: CheckGCForNative gc_urgency 0 current_native_bytes is 135195115
12-18 10:39:24.436  3326  3547 I com.miui.home: CheckGCForNative gc_urgency 0 current_native_bytes is 134029399
12-18 10:39:24.511  3326 10858 I com.miui.home: CheckGCForNative adj_start_bytes: 41589369 NativeAllocationGcWatermark: 11497107 java_gc_start_bytes: 24343709 kNewNativeDiscountFactor: 2 kOldNativeDiscountFactor: 65536 old_native_bytes: 134029399 new_native_bytes: 10661504 add_bytes_allowed: 34491321 is_gc_concurrent: 1 target_footprint_: 24867997 GetBytesAllocated: 12772000 HeapGrowthMultiplier: 3
12-18 10:39:24.511  3326 10858 I com.miui.home: CheckGCForNative gc_urgency 0.435323 current_native_bytes is 144690903
12-18 10:39:24.511  3326  3546 I com.miui.home: CheckGCForNative adj_start_bytes: 41589369 NativeAllocationGcWatermark: 11497107 java_gc_start_bytes: 24343709 kNewNativeDiscountFactor: 2 kOldNativeDiscountFactor: 65536 old_native_bytes: 134029399 new_native_bytes: 21346624 add_bytes_allowed: 34491321 is_gc_concurrent: 1 target_footprint_: 24867997 GetBytesAllocated: 12772192 HeapGrowthMultiplier: 3
12-18 10:39:24.512  3326  3546 I com.miui.home: CheckGCForNative gc_urgency 0.563787 current_native_bytes is 155376023
12-18 10:39:24.512  3326  3546 I com.miui.home: CheckGCForNative adj_start_bytes: 41589369 NativeAllocationGcWatermark: 11497107 java_gc_start_bytes: 24343709 kNewNativeDiscountFactor: 2 kOldNativeDiscountFactor: 65536 old_native_bytes: 134029399 new_native_bytes: 32053888 add_bytes_allowed: 34491321 is_gc_concurrent: 1 target_footprint_: 24867997 GetBytesAllocated: 12772384 HeapGrowthMultiplier: 3
12-18 10:39:24.512  3326  3546 I com.miui.home: CheckGCForNative gc_urgency 0.692518 current_native_bytes is 166083287
12-18 10:39:24.512  3326  3326 I com.miui.home: CheckGCForNative adj_start_bytes: 41589369 NativeAllocationGcWatermark: 11497107 java_gc_start_bytes: 24343709 kNewNativeDiscountFactor: 2 kOldNativeDiscountFactor: 65536 old_native_bytes: 134029399 new_native_bytes: 42761088 add_bytes_allowed: 34491321 is_gc_concurrent: 1 target_footprint_: 24867997 GetBytesAllocated: 12788768 HeapGrowthMultiplier: 3
12-18 10:39:24.513  3326  3326 I com.miui.home: CheckGCForNative gc_urgency 0.821637 current_native_bytes is 176790487
12-18 10:39:24.551  7282  7282 I wm_on_paused_called: [0,205193303,com.tencent.mobileqq.activity.LoginActivity,performPause,2]
12-18 10:39:24.652  7282  7282 I wm_on_stop_called: [0,108295777,com.tencent.mobileqq.activity.SplashActivity,LIFECYCLER_STOP_ACTIVITY,11]
12-18 10:39:24.695  7282  7282 I wm_on_destroy_called: [0,108295777,com.tencent.mobileqq.activity.SplashActivity,performDestroy,43]
12-18 10:39:24.727  3326  3770 I com.miui.home: CheckGCForNative adj_start_bytes: 41589369 NativeAllocationGcWatermark: 11497107 java_gc_start_bytes: 24343709 kNewNativeDiscountFactor: 2 kOldNativeDiscountFactor: 65536 old_native_bytes: 134029399 new_native_bytes: 32330732 add_bytes_allowed: 34491321 is_gc_concurrent: 1 target_footprint_: 24867997 GetBytesAllocated: 13382395 HeapGrowthMultiplier: 3
12-18 10:39:24.727  3326  3770 I com.miui.home: CheckGCForNative gc_urgency 0.710513 current_native_bytes is 166360131
12-18 10:39:24.828  7282  7282 I wm_on_stop_called: [0,205193303,com.tencent.mobileqq.activity.LoginActivity,STOP_ACTIVITY_ITEM,106]
12-18 10:39:24.881  3326  3326 I com.miui.home: CheckGCForNative adj_start_bytes: 41589369 NativeAllocationGcWatermark: 11497107 java_gc_start_bytes: 24343709 kNewNativeDiscountFactor: 2 kOldNativeDiscountFactor: 65536 old_native_bytes: 134029399 new_native_bytes: 21991600 add_bytes_allowed: 34491321 is_gc_concurrent: 1 target_footprint_: 24867997 GetBytesAllocated: 13989656 HeapGrowthMultiplier: 3
12-18 10:39:24.881  3326  3326 I com.miui.home: CheckGCForNative gc_urgency 0.600815 current_native_bytes is 156020999
12-18 10:39:24.978  3326  3326 I wm_on_top_resumed_lost_called: [91947077,com.miui.home.launcher.Launcher,topStateChangedWhenResumed]
12-18 10:39:24.981  3326  3326 I wm_on_paused_called: [0,91947077,com.miui.home.launcher.Launcher,performPause,2]
12-18 10:39:25.292  3326  3547 I com.miui.home: CheckGCForNative adj_start_bytes: 41589369 NativeAllocationGcWatermark: 11497107 java_gc_start_bytes: 24343709 kNewNativeDiscountFactor: 2 kOldNativeDiscountFactor: 65536 old_native_bytes: 134029399 new_native_bytes: 22373780 add_bytes_allowed: 34491321 is_gc_concurrent: 1 target_footprint_: 24867997 GetBytesAllocated: 15188534 HeapGrowthMultiplier: 3
12-18 10:39:25.292  3326  3547 I com.miui.home: CheckGCForNative gc_urgency 0.634236 current_native_bytes is 156403179
12-18 10:39:25.503  3326  3547 I com.miui.home: CheckGCForNative adj_start_bytes: 41589369 NativeAllocationGcWatermark: 11497107 java_gc_start_bytes: 24343709 kNewNativeDiscountFactor: 2 kOldNativeDiscountFactor: 65536 old_native_bytes: 134029399 new_native_bytes: 22678472 add_bytes_allowed: 34491321 is_gc_concurrent: 1 target_footprint_: 24867997 GetBytesAllocated: 15741855 HeapGrowthMultiplier: 3
12-18 10:39:25.503  3326  3547 I com.miui.home: CheckGCForNative gc_urgency 0.651203 current_native_bytes is 156707871
12-18 10:39:25.570  3326  3547 I com.miui.home: CheckGCForNative adj_start_bytes: 41589369 NativeAllocationGcWatermark: 11497107 java_gc_start_bytes: 24343709 kNewNativeDiscountFactor: 2 kOldNativeDiscountFactor: 65536 old_native_bytes: 134029399 new_native_bytes: 22548024 add_bytes_allowed: 34491321 is_gc_concurrent: 1 target_footprint_: 24867997 GetBytesAllocated: 15758268 HeapGrowthMultiplier: 3
12-18 10:39:25.570  3326  3547 I com.miui.home: CheckGCForNative gc_urgency 0.65003 current_native_bytes is 156577423
12-18 10:39:25.863 11449 11449 I wm_on_application_create_called: [0,com.dragon.read,278]
12-18 10:39:26.037 11449 11449 I wm_on_create_called: [0,51556490,com.dragon.read.pages.splash.SplashActivity,performCreate,157]
12-18 10:39:26.047 11449 11449 I wm_on_start_called: [0,51556490,com.dragon.read.pages.splash.SplashActivity,handleStartActivity,6]
12-18 10:39:26.065 11449 11449 I wm_on_resume_called: [0,51556490,com.dragon.read.pages.splash.SplashActivity,RESUME_ACTIVITY,13]
12-18 10:39:26.072 11449 11449 I wm_on_top_resumed_gained_called: [51556490,com.dragon.read.pages.splash.SplashActivity,topStateChangedWhenResumed]
12-18 10:39:26.248  3326  3326 I wm_on_stop_called: [0,91947077,com.miui.home.launcher.Launcher,STOP_ACTIVITY_ITEM,14]
12-18 10:39:26.344 11449 11449 I wm_on_idle_called: com.dragon.read.pages.splash.SplashActivity
12-18 10:39:26.347 11449 11449 I wm_on_top_resumed_lost_called: [51556490,com.dragon.read.pages.splash.SplashActivity,topStateChangedWhenResumed]
12-18 10:39:26.358  3326  3326 I wm_on_restart_called: [0,91947077,com.miui.home.launcher.Launcher,,0]
12-18 10:39:26.361  3326  3326 I wm_on_start_called: [0,91947077,com.miui.home.launcher.Launcher,handleStartActivity,3]
12-18 10:39:26.380  3326  3326 I wm_on_resume_called: [0,91947077,com.miui.home.launcher.Launcher,RESUME_ACTIVITY,17]
12-18 10:39:26.468  3326  3326 I wm_on_top_resumed_gained_called: [91947077,com.miui.home.launcher.Launcher,topStateChangedWhenResumed]
12-18 10:39:26.482  3326  3326 I wm_on_idle_called: com.miui.home.launcher.Launcher
12-18 10:39:26.534  3326  3720 I com.miui.home: CheckGCForNative adj_start_bytes: 41589369 NativeAllocationGcWatermark: 11497107 java_gc_start_bytes: 24343709 kNewNativeDiscountFactor: 2 kOldNativeDiscountFactor: 65536 old_native_bytes: 134029399 new_native_bytes: 33113936 add_bytes_allowed: 34491321 is_gc_concurrent: 1 target_footprint_: 24867997 GetBytesAllocated: 16799644 HeapGrowthMultiplier: 3
12-18 10:39:26.534  3326  3720 I com.miui.home: CheckGCForNative gc_urgency 0.802096 current_native_bytes is 167143335
12-18 10:39:26.535  3326  3720 I com.miui.home: CheckGCForNative adj_start_bytes: 41589369 NativeAllocationGcWatermark: 11497107 java_gc_start_bytes: 24343709 kNewNativeDiscountFactor: 2 kOldNativeDiscountFactor: 65536 old_native_bytes: 134029399 new_native_bytes: 43820880 add_bytes_allowed: 34491321 is_gc_concurrent: 1 target_footprint_: 24867997 GetBytesAllocated: 16803563 HeapGrowthMultiplier: 3
12-18 10:39:26.535  3326  3720 I com.miui.home: CheckGCForNative gc_urgency 0.930912 current_native_bytes is 177850279
12-18 10:39:26.609  3326 10858 I com.miui.home: CheckGCForNative adj_start_bytes: 41589369 NativeAllocationGcWatermark: 11497107 java_gc_start_bytes: 24343709 kNewNativeDiscountFactor: 2 kOldNativeDiscountFactor: 65536 old_native_bytes: 134029399 new_native_bytes: 43795780 add_bytes_allowed: 34491321 is_gc_concurrent: 1 target_footprint_: 24867997 GetBytesAllocated: 16865240 HeapGrowthMultiplier: 3
12-18 10:39:26.610  3326 10858 I com.miui.home: CheckGCForNative gc_urgency 0.932093 current_native_bytes is 177825179
12-18 10:39:26.625  3326  3547 I com.miui.home: CheckGCForNative adj_start_bytes: 41589369 NativeAllocationGcWatermark: 11497107 java_gc_start_bytes: 24343709 kNewNativeDiscountFactor: 2 kOldNativeDiscountFactor: 65536 old_native_bytes: 134029399 new_native_bytes: 33090596 add_bytes_allowed: 34491321 is_gc_concurrent: 1 target_footprint_: 24867997 GetBytesAllocated: 16900982 HeapGrowthMultiplier: 3
12-18 10:39:26.625  3326  3547 I com.miui.home: CheckGCForNative gc_urgency 0.804252 current_native_bytes is 167119995
12-18 10:39:26.737  3326  3547 I com.miui.home: CheckGCForNative adj_start_bytes: 41589369 NativeAllocationGcWatermark: 11497107 java_gc_start_bytes: 24343709 kNewNativeDiscountFactor: 2 kOldNativeDiscountFactor: 65536 old_native_bytes: 134029399 new_native_bytes: 33112132 add_bytes_allowed: 34491321 is_gc_concurrent: 1 target_footprint_: 24867997 GetBytesAllocated: 17683795 HeapGrowthMultiplier: 3
12-18 10:39:26.737  3326  3547 I com.miui.home: CheckGCForNative gc_urgency 0.823333 current_native_bytes is 167141531
12-18 10:39:26.970  3326  3547 I com.miui.home: CheckGCForNative adj_start_bytes: 41589369 NativeAllocationGcWatermark: 11497107 java_gc_start_bytes: 24343709 kNewNativeDiscountFactor: 2 kOldNativeDiscountFactor: 65536 old_native_bytes: 134029399 new_native_bytes: 33101156 add_bytes_allowed: 34491321 is_gc_concurrent: 1 target_footprint_: 24867997 GetBytesAllocated: 17791465 HeapGrowthMultiplier: 3
12-18 10:39:26.970  3326  3547 I com.miui.home: CheckGCForNative gc_urgency 0.82579 current_native_bytes is 167130555
12-18 10:39:27.011  3326  3546 I com.miui.home: CheckGCForNative adj_start_bytes: 41589369 NativeAllocationGcWatermark: 11497107 java_gc_start_bytes: 24343709 kNewNativeDiscountFactor: 2 kOldNativeDiscountFactor: 65536 old_native_bytes: 134029399 new_native_bytes: 43809476 add_bytes_allowed: 34491321 is_gc_concurrent: 1 target_footprint_: 24867997 GetBytesAllocated: 17817921 HeapGrowthMultiplier: 3
12-18 10:39:27.011  3326  3546 I com.miui.home: CheckGCForNative gc_urgency 0.955165 current_native_bytes is 177838875
12-18 10:39:27.012  3326  4045 I com.miui.home: CheckGCForNative adj_start_bytes: 41589369 NativeAllocationGcWatermark: 11497107 java_gc_start_bytes: 24343709 kNewNativeDiscountFactor: 2 kOldNativeDiscountFactor: 65536 old_native_bytes: 134029399 new_native_bytes: 65222532 add_bytes_allowed: 34491321 is_gc_concurrent: 1 target_footprint_: 24867997 GetBytesAllocated: 17822713 HeapGrowthMultiplier: 3
12-18 10:39:27.012  3326  4045 I com.miui.home: CheckGCForNative gc_urgency 1.21271 current_native_bytes is 199251931
12-18 10:39:27.012  3326  4045 I com.miui.home: CheckGCForNative requested 1
12-18 10:39:27.012  3326  3546 I com.miui.home: CheckGCForNative adj_start_bytes: 41589369 NativeAllocationGcWatermark: 11497107 java_gc_start_bytes: 24343709 kNewNativeDiscountFactor: 2 kOldNativeDiscountFactor: 65536 old_native_bytes: 134029399 new_native_bytes: 54516612 add_bytes_allowed: 34491321 is_gc_concurrent: 1 target_footprint_: 24867997 GetBytesAllocated: 17822713 HeapGrowthMultiplier: 3
12-18 10:39:27.012  3326  3546 I com.miui.home: CheckGCForNative gc_urgency 1.08401 current_native_bytes is 188546011
12-18 10:39:27.012  3326  3546 I com.miui.home: CheckGCForNative requested 1
12-18 10:39:27.020 11449 11449 I wm_on_paused_called: [0,51556490,com.dragon.read.pages.splash.SplashActivity,performPause,4]
12-18 10:39:27.132 11449 11449 I wm_on_stop_called: [0,51556490,com.dragon.read.pages.splash.SplashActivity,STOP_ACTIVITY_ITEM,12]
12-18 10:39:27.203  3326  3364 I com.miui.home: NativeAlloc concurrent copying GC freed 118082(5436KB) AllocSpace objects, 14(400KB) LOS objects, 49% free, 11MB/23MB, paused 1.332ms,77us total 187.823ms
12-18 10:39:27.355  3326 11724 I com.miui.home: CheckGCForNative gc_urgency 0 current_native_bytes is 132595363
12-18 10:39:27.379  3326  3326 I wm_on_top_resumed_lost_called: [91947077,com.miui.home.launcher.Launcher,topStateChangedWhenResumed]
12-18 10:39:27.385  3326  3520 I com.miui.home: CheckGCForNative adj_start_bytes: 41079696 NativeAllocationGcWatermark: 11416044 java_gc_start_bytes: 23955630 kNewNativeDiscountFactor: 2 kOldNativeDiscountFactor: 65536 old_native_bytes: 132595363 new_native_bytes: 176128 add_bytes_allowed: 34248132 is_gc_concurrent: 1 target_footprint_: 24219494 GetBytesAllocated: 12912396 HeapGrowthMultiplier: 3
12-18 10:39:27.385  3326  3520 I com.miui.home: CheckGCForNative gc_urgency 0.316518 current_native_bytes is 132771491
12-18 10:39:27.388  3326  3326 I wm_on_paused_called: [0,91947077,com.miui.home.launcher.Launcher,performPause,2]
12-18 10:39:27.411  3326  3770 I com.miui.home: CheckGCForNative adj_start_bytes: 41079696 NativeAllocationGcWatermark: 11416044 java_gc_start_bytes: 23955630 kNewNativeDiscountFactor: 2 kOldNativeDiscountFactor: 65536 old_native_bytes: 132595363 new_native_bytes: 10844464 add_bytes_allowed: 34248132 is_gc_concurrent: 1 target_footprint_: 24219494 GetBytesAllocated: 13004535 HeapGrowthMultiplier: 3
12-18 10:39:27.412  3326  3770 I com.miui.home: CheckGCForNative gc_urgency 0.448611 current_native_bytes is 143439827
12-18 10:39:27.659  3326  3547 I com.miui.home: CheckGCForNative adj_start_bytes: 41079696 NativeAllocationGcWatermark: 11416044 java_gc_start_bytes: 23955630 kNewNativeDiscountFactor: 2 kOldNativeDiscountFactor: 65536 old_native_bytes: 132595363 new_native_bytes: 920924 add_bytes_allowed: 34248132 is_gc_concurrent: 1 target_footprint_: 24219494 GetBytesAllocated: 14073451 HeapGrowthMultiplier: 3
12-18 10:39:27.659  3326  3547 I com.miui.home: CheckGCForNative gc_urgency 0.353847 current_native_bytes is 133516287
12-18 10:39:27.903  3326  3547 I com.miui.home: CheckGCForNative adj_start_bytes: 41079696 NativeAllocationGcWatermark: 11416044 java_gc_start_bytes: 23955630 kNewNativeDiscountFactor: 2 kOldNativeDiscountFactor: 65536 old_native_bytes: 132595363 new_native_bytes: 1108912 add_bytes_allowed: 34248132 is_gc_concurrent: 1 target_footprint_: 24219494 GetBytesAllocated: 14621400 HeapGrowthMultiplier: 3
12-18 10:39:27.903  3326  3547 I com.miui.home: CheckGCForNative gc_urgency 0.369474 current_native_bytes is 133704275
12-18 10:39:27.925  3326  3499 I com.miui.home: CheckGCForNative adj_start_bytes: 41079696 NativeAllocationGcWatermark: 11416044 java_gc_start_bytes: 23955630 kNewNativeDiscountFactor: 2 kOldNativeDiscountFactor: 65536 old_native_bytes: 132595363 new_native_bytes: 1914824 add_bytes_allowed: 34248132 is_gc_concurrent: 1 target_footprint_: 24219494 GetBytesAllocated: 14637848 HeapGrowthMultiplier: 3
12-18 10:39:27.925  3326  3499 I com.miui.home: CheckGCForNative gc_urgency 0.380082 current_native_bytes is 134510187
12-18 10:39:27.926  3326  3499 I com.miui.home: CheckGCForNative adj_start_bytes: 41079696 NativeAllocationGcWatermark: 11416044 java_gc_start_bytes: 23955630 kNewNativeDiscountFactor: 2 kOldNativeDiscountFactor: 65536 old_native_bytes: 132595363 new_native_bytes: 1915528 add_bytes_allowed: 34248132 is_gc_concurrent: 1 target_footprint_: 24219494 GetBytesAllocated: 14654232 HeapGrowthMultiplier: 3
12-18 10:39:27.926  3326  3499 I com.miui.home: CheckGCForNative gc_urgency 0.380091 current_native_bytes is 134510891
12-18 10:39:27.992  3326  3547 I com.miui.home: CheckGCForNative adj_start_bytes: 41079696 NativeAllocationGcWatermark: 11416044 java_gc_start_bytes: 23955630 kNewNativeDiscountFactor: 2 kOldNativeDiscountFactor: 65536 old_native_bytes: 132595363 new_native_bytes: 2242944 add_bytes_allowed: 34248132 is_gc_concurrent: 1 target_footprint_: 24219494 GetBytesAllocated: 16070610 HeapGrowthMultiplier: 3
12-18 10:39:27.992  3326  3547 I com.miui.home: CheckGCForNative gc_urgency 0.418555 current_native_bytes is 134838307
12-18 10:39:28.564 11732 11732 I wm_on_application_create_called: [0,com.taobao.taobao,401]
12-18 10:39:28.676 11732 11732 I wm_on_create_called: [0,218762988,com.taobao.tao.welcome.Welcome,performCreate,95]
12-18 10:39:28.734 11732 11732 I wm_on_start_called: [0,218762988,com.taobao.tao.welcome.Welcome,handleStartActivity,58]
12-18 10:39:28.779 11732 11732 I wm_on_resume_called: [0,218762988,com.taobao.tao.welcome.Welcome,RESUME_ACTIVITY,43]
12-18 10:39:28.901  3326  3326 I wm_on_resume_called: [0,91947077,com.miui.home.launcher.Launcher,RESUME_ACTIVITY,6]
12-18 10:39:28.917  3326  3326 I wm_on_idle_called: com.miui.home.launcher.Launcher
12-18 10:39:28.957 11732 11732 I wm_on_top_resumed_gained_called: [218762988,com.taobao.tao.welcome.Welcome,topStateChangedWhenResumed]
12-18 10:39:29.053  3326  3720 I com.miui.home: CheckGCForNative adj_start_bytes: 41079696 NativeAllocationGcWatermark: 11416044 java_gc_start_bytes: 23955630 kNewNativeDiscountFactor: 2 kOldNativeDiscountFactor: 65536 old_native_bytes: 132595363 new_native_bytes: 12630688 add_bytes_allowed: 34248132 is_gc_concurrent: 1 target_footprint_: 24219494 GetBytesAllocated: 17722149 HeapGrowthMultiplier: 3
12-18 10:39:29.053  3326  3720 I com.miui.home: CheckGCForNative gc_urgency 0.585192 current_native_bytes is 145226051
12-18 10:39:29.053  3326 10858 I com.miui.home: CheckGCForNative adj_start_bytes: 41079696 NativeAllocationGcWatermark: 11416044 java_gc_start_bytes: 23955630 kNewNativeDiscountFactor: 2 kOldNativeDiscountFactor: 65536 old_native_bytes: 132595363 new_native_bytes: 23337056 add_bytes_allowed: 34248132 is_gc_concurrent: 1 target_footprint_: 24219494 GetBytesAllocated: 17722341 HeapGrowthMultiplier: 3
12-18 10:39:29.053  3326 10858 I com.miui.home: CheckGCForNative gc_urgency 0.715509 current_native_bytes is 155932419
12-18 10:39:29.054  3326  3326 I com.miui.home: CheckGCForNative adj_start_bytes: 41079696 NativeAllocationGcWatermark: 11416044 java_gc_start_bytes: 23955630 kNewNativeDiscountFactor: 2 kOldNativeDiscountFactor: 65536 old_native_bytes: 132595363 new_native_bytes: 34044192 add_bytes_allowed: 34248132 is_gc_concurrent: 1 target_footprint_: 24219494 GetBytesAllocated: 17744079 HeapGrowthMultiplier: 3
12-18 10:39:29.054  3326  3326 I com.miui.home: CheckGCForNative gc_urgency 0.84636 current_native_bytes is 166639555
12-18 10:39:29.128 11953 11953 I wm_on_application_create_called: [0,com.android.camera,303]
12-18 10:39:29.181  3326  3547 I com.miui.home: CheckGCForNative adj_start_bytes: 41079696 NativeAllocationGcWatermark: 11416044 java_gc_start_bytes: 23955630 kNewNativeDiscountFactor: 2 kOldNativeDiscountFactor: 65536 old_native_bytes: 132595363 new_native_bytes: 12708336 add_bytes_allowed: 34248132 is_gc_concurrent: 1 target_footprint_: 24219494 GetBytesAllocated: 17820564 HeapGrowthMultiplier: 3
12-18 10:39:29.181  3326  3547 I com.miui.home: CheckGCForNative gc_urgency 0.588533 current_native_bytes is 145303699
12-18 10:39:29.203  3326  3547 I com.miui.home: CheckGCForNative adj_start_bytes: 41079696 NativeAllocationGcWatermark: 11416044 java_gc_start_bytes: 23955630 kNewNativeDiscountFactor: 2 kOldNativeDiscountFactor: 65536 old_native_bytes: 132595363 new_native_bytes: 12710128 add_bytes_allowed: 34248132 is_gc_concurrent: 1 target_footprint_: 24219494 GetBytesAllocated: 17835496 HeapGrowthMultiplier: 3
12-18 10:39:29.203  3326  3547 I com.miui.home: CheckGCForNative gc_urgency 0.588918 current_native_bytes is 145305491
12-18 10:39:29.347  3326  3326 I wm_on_top_resumed_gained_called: [91947077,com.miui.home.launcher.Launcher,topStateChangedWhenResumed]
12-18 10:39:29.531  3326  3546 I com.miui.home: CheckGCForNative adj_start_bytes: 41079696 NativeAllocationGcWatermark: 11416044 java_gc_start_bytes: 23955630 kNewNativeDiscountFactor: 2 kOldNativeDiscountFactor: 65536 old_native_bytes: 132595363 new_native_bytes: 23374464 add_bytes_allowed: 34248132 is_gc_concurrent: 1 target_footprint_: 24219494 GetBytesAllocated: 17972207 HeapGrowthMultiplier: 3
12-18 10:39:29.532  3326  3546 I com.miui.home: CheckGCForNative gc_urgency 0.722047 current_native_bytes is 155969827
12-18 10:39:29.533  3326  3546 I com.miui.home: CheckGCForNative adj_start_bytes: 41079696 NativeAllocationGcWatermark: 11416044 java_gc_start_bytes: 23955630 kNewNativeDiscountFactor: 2 kOldNativeDiscountFactor: 65536 old_native_bytes: 132595363 new_native_bytes: 34081728 add_bytes_allowed: 34248132 is_gc_concurrent: 1 target_footprint_: 24219494 GetBytesAllocated: 17980771 HeapGrowthMultiplier: 3
12-18 10:39:29.534  3326  3546 I com.miui.home: CheckGCForNative gc_urgency 0.852578 current_native_bytes is 166677091
12-18 10:39:29.535  3326 10858 I com.miui.home: CheckGCForNative adj_start_bytes: 41079696 NativeAllocationGcWatermark: 11416044 java_gc_start_bytes: 23955630 kNewNativeDiscountFactor: 2 kOldNativeDiscountFactor: 65536 old_native_bytes: 132595363 new_native_bytes: 34081728 add_bytes_allowed: 34248132 is_gc_concurrent: 1 target_footprint_: 24219494 GetBytesAllocated: 17980771 HeapGrowthMultiplier: 3
12-18 10:39:29.535  3326 10858 I com.miui.home: CheckGCForNative gc_urgency 0.852578 current_native_bytes is 166677091
12-18 10:39:29.903  3326  3499 I com.miui.home: CheckGCForNative adj_start_bytes: 41079696 NativeAllocationGcWatermark: 11416044 java_gc_start_bytes: 23955630 kNewNativeDiscountFactor: 2 kOldNativeDiscountFactor: 65536 old_native_bytes: 132595363 new_native_bytes: 23511536 add_bytes_allowed: 34248132 is_gc_concurrent: 1 target_footprint_: 24219494 GetBytesAllocated: 18136405 HeapGrowthMultiplier: 3
12-18 10:39:29.903  3326  3499 I com.miui.home: CheckGCForNative gc_urgency 0.727712 current_native_bytes is 156106899
12-18 10:39:29.939  3326  3326 I wm_on_top_resumed_lost_called: [91947077,com.miui.home.launcher.Launcher,topStateChangedWhenResumed]
12-18 10:39:30.065  3326  3326 I wm_on_paused_called: [0,91947077,com.miui.home.launcher.Launcher,performPause,2]
12-18 10:39:30.288  3326  3770 I com.miui.home: CheckGCForNative adj_start_bytes: 41079696 NativeAllocationGcWatermark: 11416044 java_gc_start_bytes: 23955630 kNewNativeDiscountFactor: 2 kOldNativeDiscountFactor: 65536 old_native_bytes: 132595363 new_native_bytes: 34670212 add_bytes_allowed: 34248132 is_gc_concurrent: 1 target_footprint_: 24219494 GetBytesAllocated: 19174051 HeapGrowthMultiplier: 3
12-18 10:39:30.288  3326  3770 I com.miui.home: CheckGCForNative gc_urgency 0.888789 current_native_bytes is 167265575
12-18 10:39:30.370  3326  3547 I com.miui.home: CheckGCForNative adj_start_bytes: 41079696 NativeAllocationGcWatermark: 11416044 java_gc_start_bytes: 23955630 kNewNativeDiscountFactor: 2 kOldNativeDiscountFactor: 65536 old_native_bytes: 132595363 new_native_bytes: 23948580 add_bytes_allowed: 34248132 is_gc_concurrent: 1 target_footprint_: 24219494 GetBytesAllocated: 19253508 HeapGrowthMultiplier: 3
12-18 10:39:30.370  3326  3547 I com.miui.home: CheckGCForNative gc_urgency 0.760225 current_native_bytes is 156543943
12-18 10:39:30.386 10696 10696 I wm_on_create_called: [0,232564211,com.tencent.mm.ui.LauncherUI,performCreate,89]
12-18 10:39:30.437  3326  3547 I com.miui.home: CheckGCForNative adj_start_bytes: 41079696 NativeAllocationGcWatermark: 11416044 java_gc_start_bytes: 23955630 kNewNativeDiscountFactor: 2 kOldNativeDiscountFactor: 65536 old_native_bytes: 132595363 new_native_bytes: 24065828 add_bytes_allowed: 34248132 is_gc_concurrent: 1 target_footprint_: 24219494 GetBytesAllocated: 19504298 HeapGrowthMultiplier: 3
12-18 10:39:30.437  3326  3547 I com.miui.home: CheckGCForNative gc_urgency 0.767757 current_native_bytes is 156661191
12-18 10:39:30.648  3326  3547 I com.miui.home: CheckGCForNative adj_start_bytes: 41079696 NativeAllocationGcWatermark: 11416044 java_gc_start_bytes: 23955630 kNewNativeDiscountFactor: 2 kOldNativeDiscountFactor: 65536 old_native_bytes: 132595363 new_native_bytes: 24242400 add_bytes_allowed: 34248132 is_gc_concurrent: 1 target_footprint_: 24219494 GetBytesAllocated: 19854313 HeapGrowthMultiplier: 3
12-18 10:39:30.648  3326  3547 I com.miui.home: CheckGCForNative gc_urgency 0.778427 current_native_bytes is 156837763
12-18 10:39:30.662 10696 10696 I wm_on_create_called: [0,254961596,com.tencent.mm.app.WeChatSplashActivity,performCreate,3]
12-18 10:39:30.889 10696 10696 I wm_on_start_called: [0,254961596,com.tencent.mm.app.WeChatSplashActivity,handleStartActivity,142]
12-18 10:39:30.905 10696 10696 I wm_on_resume_called: [0,254961596,com.tencent.mm.app.WeChatSplashActivity,RESUME_ACTIVITY,14]
12-18 10:39:30.923 11732 11732 I wm_on_top_resumed_lost_called: [218762988,com.taobao.tao.welcome.Welcome,topStateChangedWhenResumed]
