12-18 10:45:21.036  3331  3331 I wm_on_top_resumed_lost_called: [27818887,com.miui.home.launcher.Launcher,topStateChangedWhenResumed]
12-18 10:45:21.042  3331  3331 I wm_on_paused_called: [0,27818887,com.miui.home.launcher.Launcher,performPause,2]
12-18 10:45:21.258  3331  3756 I com.miui.home: CheckGCForNative adj_start_bytes: 39976850 NativeAllocationGcWatermark: 11285977 java_gc_start_bytes: 23047885 kNewNativeDiscountFactor: 2 kOldNativeDiscountFactor: 65536 old_native_bytes: 74269595 new_native_bytes: 243988 add_bytes_allowed: 33857931 is_gc_concurrent: 1 target_footprint_: 23178957 GetBytesAllocated: 12207800 HeapGrowthMultiplier: 3
12-18 10:45:21.258  3331  3756 I com.miui.home: CheckGCForNative gc_urgency 0.308452 current_native_bytes is 74513583
12-18 10:45:21.357  3331  3756 I com.miui.home: CheckGCForNative adj_start_bytes: 39976850 NativeAllocationGcWatermark: 11285977 java_gc_start_bytes: 23047885 kNewNativeDiscountFactor: 2 kOldNativeDiscountFactor: 65536 old_native_bytes: 74269595 new_native_bytes: 376804 add_bytes_allowed: 33857931 is_gc_concurrent: 1 target_footprint_: 23178957 GetBytesAllocated: 12355434 HeapGrowthMultiplier: 3
12-18 10:45:21.358  3331  3756 I com.miui.home: CheckGCForNative gc_urgency 0.313806 current_native_bytes is 74646399
12-18 10:45:21.618  3331  3517 I com.miui.home: CheckGCForNative adj_start_bytes: 39976850 NativeAllocationGcWatermark: 11285977 java_gc_start_bytes: 23047885 kNewNativeDiscountFactor: 2 kOldNativeDiscountFactor: 65536 old_native_bytes: 74269595 new_native_bytes: 2482324 add_bytes_allowed: 33857931 is_gc_concurrent: 1 target_footprint_: 23178957 GetBytesAllocated: 12959094 HeapGrowthMultiplier: 3
12-18 10:45:21.618  3331  3517 I com.miui.home: CheckGCForNative gc_urgency 0.35524 current_native_bytes is 76751919
12-18 10:45:21.838  3331  3756 I com.miui.home: CheckGCForNative adj_start_bytes: 39976850 NativeAllocationGcWatermark: 11285977 java_gc_start_bytes: 23047885 kNewNativeDiscountFactor: 2 kOldNativeDiscountFactor: 65536 old_native_bytes: 74269595 new_native_bytes: 13330920 add_bytes_allowed: 33857931 is_gc_concurrent: 1 target_footprint_: 23178957 GetBytesAllocated: 13141776 HeapGrowthMultiplier: 3
12-18 10:45:21.838  3331  3756 I com.miui.home: CheckGCForNative gc_urgency 0.495496 current_native_bytes is 87600515
12-18 10:45:21.839  3331  3756 I com.miui.home: CheckGCForNative adj_start_bytes: 39976850 NativeAllocationGcWatermark: 11285977 java_gc_start_bytes: 23047885 kNewNativeDiscountFactor: 2 kOldNativeDiscountFactor: 65536 old_native_bytes: 74269595 new_native_bytes: 24038376 add_bytes_allowed: 33857931 is_gc_concurrent: 1 target_footprint_: 23178957 GetBytesAllocated: 13152564 HeapGrowthMultiplier: 3
12-18 10:45:21.839  3331  3756 I com.miui.home: CheckGCForNative gc_urgency 0.629687 current_native_bytes is 98307971
12-18 10:45:21.888  3331  3756 I com.miui.home: CheckGCForNative adj_start_bytes: 39976850 NativeAllocationGcWatermark: 11285977 java_gc_start_bytes: 23047885 kNewNativeDiscountFactor: 2 kOldNativeDiscountFactor: 65536 old_native_bytes: 74269595 new_native_bytes: 24044072 add_bytes_allowed: 33857931 is_gc_concurrent: 1 target_footprint_: 23178957 GetBytesAllocated: 13168692 HeapGrowthMultiplier: 3
12-18 10:45:21.888  3331  3756 I com.miui.home: CheckGCForNative gc_urgency 0.630161 current_native_bytes is 98313667
12-18 10:45:21.889  3331  3756 I com.miui.home: CheckGCForNative adj_start_bytes: 39976850 NativeAllocationGcWatermark: 11285977 java_gc_start_bytes: 23047885 kNewNativeDiscountFactor: 2 kOldNativeDiscountFactor: 65536 old_native_bytes: 74269595 new_native_bytes: 34751016 add_bytes_allowed: 33857931 is_gc_concurrent: 1 target_footprint_: 23178957 GetBytesAllocated: 13180671 HeapGrowthMultiplier: 3
12-18 10:45:21.889  3331  3756 I com.miui.home: CheckGCForNative gc_urgency 0.764375 current_native_bytes is 109020611
12-18 10:45:21.896  3331  3517 I com.miui.home: CheckGCForNative adj_start_bytes: 39976850 NativeAllocationGcWatermark: 11285977 java_gc_start_bytes: 23047885 kNewNativeDiscountFactor: 2 kOldNativeDiscountFactor: 65536 old_native_bytes: 74269595 new_native_bytes: 24045096 add_bytes_allowed: 33857931 is_gc_concurrent: 1 target_footprint_: 23178957 GetBytesAllocated: 13180671 HeapGrowthMultiplier: 3
12-18 10:45:21.896  3331  3517 I com.miui.home: CheckGCForNative gc_urgency 0.630474 current_native_bytes is 98314691
12-18 10:45:21.962  3331  3517 I com.miui.home: CheckGCForNative adj_start_bytes: 39976850 NativeAllocationGcWatermark: 11285977 java_gc_start_bytes: 23047885 kNewNativeDiscountFactor: 2 kOldNativeDiscountFactor: 65536 old_native_bytes: 74269595 new_native_bytes: 24052712 add_bytes_allowed: 33857931 is_gc_concurrent: 1 target_footprint_: 23178957 GetBytesAllocated: 13198744 HeapGrowthMultiplier: 3
12-18 10:45:21.962  3331  3517 I com.miui.home: CheckGCForNative gc_urgency 0.631021 current_native_bytes is 98322307
12-18 10:45:21.965  3331  3756 I com.miui.home: CheckGCForNative adj_start_bytes: 39976850 NativeAllocationGcWatermark: 11285977 java_gc_start_bytes: 23047885 kNewNativeDiscountFactor: 2 kOldNativeDiscountFactor: 65536 old_native_bytes: 74269595 new_native_bytes: 34759016 add_bytes_allowed: 33857931 is_gc_concurrent: 1 target_footprint_: 23178957 GetBytesAllocated: 13204159 HeapGrowthMultiplier: 3
12-18 10:45:21.965  3331  3756 I com.miui.home: CheckGCForNative gc_urgency 0.765063 current_native_bytes is 109028611
12-18 10:45:21.966  3331  3756 I com.miui.home: CheckGCForNative adj_start_bytes: 39976850 NativeAllocationGcWatermark: 11285977 java_gc_start_bytes: 23047885 kNewNativeDiscountFactor: 2 kOldNativeDiscountFactor: 65536 old_native_bytes: 74269595 new_native_bytes: 45465960 add_bytes_allowed: 33857931 is_gc_concurrent: 1 target_footprint_: 23178957 GetBytesAllocated: 13207854 HeapGrowthMultiplier: 3
12-18 10:45:21.966  3331  3756 I com.miui.home: CheckGCForNative gc_urgency 0.89907 current_native_bytes is 119735555
12-18 10:45:22.420  3331  3331 I wm_on_resume_called: [0,27818887,com.miui.home.launcher.Launcher,RESUME_ACTIVITY,5]
12-18 10:45:22.431  3331  3331 I wm_on_idle_called: com.miui.home.launcher.Launcher
12-18 10:45:22.568  3331  3585 I com.miui.home: CheckGCForNative adj_start_bytes: 39976850 NativeAllocationGcWatermark: 11285977 java_gc_start_bytes: 23047885 kNewNativeDiscountFactor: 2 kOldNativeDiscountFactor: 65536 old_native_bytes: 74269595 new_native_bytes: 45669948 add_bytes_allowed: 33857931 is_gc_concurrent: 1 target_footprint_: 23178957 GetBytesAllocated: 15052946 HeapGrowthMultiplier: 3
12-18 10:45:22.568  3331  3585 I com.miui.home: CheckGCForNative gc_urgency 0.947775 current_native_bytes is 119939543
12-18 10:45:22.569  3331  3585 I com.miui.home: CheckGCForNative adj_start_bytes: 39976850 NativeAllocationGcWatermark: 11285977 java_gc_start_bytes: 23047885 kNewNativeDiscountFactor: 2 kOldNativeDiscountFactor: 65536 old_native_bytes: 74269595 new_native_bytes: 56376892 add_bytes_allowed: 33857931 is_gc_concurrent: 1 target_footprint_: 23178957 GetBytesAllocated: 15054948 HeapGrowthMultiplier: 3
12-18 10:45:22.569  3331  3585 I com.miui.home: CheckGCForNative gc_urgency 1.08174 current_native_bytes is 130646487
12-18 10:45:22.569  3331  3585 I com.miui.home: CheckGCForNative requested 1
12-18 10:45:22.577  3331  8156 I com.miui.home: CheckGCForNative adj_start_bytes: 39976850 NativeAllocationGcWatermark: 11285977 java_gc_start_bytes: 23047885 kNewNativeDiscountFactor: 2 kOldNativeDiscountFactor: 65536 old_native_bytes: 74269595 new_native_bytes: 45672124 add_bytes_allowed: 33857931 is_gc_concurrent: 1 target_footprint_: 23178957 GetBytesAllocated: 15094470 HeapGrowthMultiplier: 3
12-18 10:45:22.577  3331  8156 I com.miui.home: CheckGCForNative gc_urgency 0.948841 current_native_bytes is 119941719
12-18 10:45:22.621  3331  3585 I com.miui.home: CheckGCForNative adj_start_bytes: 39976850 NativeAllocationGcWatermark: 11285977 java_gc_start_bytes: 23047885 kNewNativeDiscountFactor: 2 kOldNativeDiscountFactor: 65536 old_native_bytes: 74269595 new_native_bytes: 56439772 add_bytes_allowed: 33857931 is_gc_concurrent: 1 target_footprint_: 23178957 GetBytesAllocated: 15134823 HeapGrowthMultiplier: 3
12-18 10:45:22.623  3331  3585 I com.miui.home: CheckGCForNative gc_urgency 1.08452 current_native_bytes is 130709367
12-18 10:45:22.623  3331  3585 I com.miui.home: CheckGCForNative requested 1
12-18 10:45:22.739  3331  3363 I com.miui.home: NativeAlloc concurrent copying GC freed 66846(2993KB) AllocSpace objects, 5(228KB) LOS objects, 49% free, 11MB/22MB, paused 417us,1.505ms total 169.388ms
12-18 10:45:22.763  3331  3517 I com.miui.home: CheckGCForNative gc_urgency 0 current_native_bytes is 118822431
12-18 10:45:22.857  3331  3331 I wm_on_top_resumed_gained_called: [27818887,com.miui.home.launcher.Launcher,topStateChangedWhenResumed]
12-18 10:45:22.907  3331  3517 I com.miui.home: CheckGCForNative adj_start_bytes: 40717764 NativeAllocationGcWatermark: 11365487 java_gc_start_bytes: 23669534 kNewNativeDiscountFactor: 2 kOldNativeDiscountFactor: 65536 old_native_bytes: 118822431 new_native_bytes: 608 add_bytes_allowed: 34096461 is_gc_concurrent: 1 target_footprint_: 23815039 GetBytesAllocated: 12008173 HeapGrowthMultiplier: 3
12-18 10:45:22.907  3331  3517 I com.miui.home: CheckGCForNative gc_urgency 0.294964 current_native_bytes is 118823039
12-18 10:45:22.929  8223  8223 I wm_on_application_create_called: [0,com.autonavi.minimap,863]
12-18 10:45:22.972  8125  8125 I wm_on_application_create_called: [0,com.autonavi.minimap,1440]
12-18 10:45:23.232  8125  8125 I wm_on_create_called: [0,116058778,com.autonavi.map.activity.SplashActivity,performCreate,216]
12-18 10:45:23.365  3331  3331 I wm_on_top_resumed_lost_called: [27818887,com.miui.home.launcher.Launcher,topStateChangedWhenResumed]
12-18 10:45:23.423  3331  3331 I wm_on_paused_called: [0,27818887,com.miui.home.launcher.Launcher,performPause,2]
12-18 10:45:23.503  8125  8125 I wm_on_destroy_called: [0,116058778,com.autonavi.map.activity.SplashActivity,performDestroy,4]
12-18 10:45:23.673  3331  3756 I com.miui.home: CheckGCForNative adj_start_bytes: 40717764 NativeAllocationGcWatermark: 11365487 java_gc_start_bytes: 23669534 kNewNativeDiscountFactor: 2 kOldNativeDiscountFactor: 65536 old_native_bytes: 118822431 new_native_bytes: 11554356 add_bytes_allowed: 34096461 is_gc_concurrent: 1 target_footprint_: 23815039 GetBytesAllocated: 13253573 HeapGrowthMultiplier: 3
12-18 10:45:23.673  3331  3756 I com.miui.home: CheckGCForNative gc_urgency 0.467427 current_native_bytes is 130376787
12-18 10:45:23.870  3331  8156 I com.miui.home: CheckGCForNative adj_start_bytes: 40717764 NativeAllocationGcWatermark: 11365487 java_gc_start_bytes: 23669534 kNewNativeDiscountFactor: 2 kOldNativeDiscountFactor: 65536 old_native_bytes: 118822431 new_native_bytes: 1086124 add_bytes_allowed: 34096461 is_gc_concurrent: 1 target_footprint_: 23815039 GetBytesAllocated: 13490088 HeapGrowthMultiplier: 3
12-18 10:45:23.870  3331  8156 I com.miui.home: CheckGCForNative gc_urgency 0.344689 current_native_bytes is 119908555
12-18 10:45:24.058  3331  3756 I com.miui.home: CheckGCForNative adj_start_bytes: 40717764 NativeAllocationGcWatermark: 11365487 java_gc_start_bytes: 23669534 kNewNativeDiscountFactor: 2 kOldNativeDiscountFactor: 65536 old_native_bytes: 118822431 new_native_bytes: 1258032 add_bytes_allowed: 34096461 is_gc_concurrent: 1 target_footprint_: 23815039 GetBytesAllocated: 13900785 HeapGrowthMultiplier: 3
12-18 10:45:24.058  3331  3756 I com.miui.home: CheckGCForNative gc_urgency 0.356886 current_native_bytes is 120080463
12-18 10:45:24.129  3331  3517 I com.miui.home: CheckGCForNative adj_start_bytes: 40717764 NativeAllocationGcWatermark: 11365487 java_gc_start_bytes: 23669534 kNewNativeDiscountFactor: 2 kOldNativeDiscountFactor: 65536 old_native_bytes: 118822431 new_native_bytes: 1263760 add_bytes_allowed: 34096461 is_gc_concurrent: 1 target_footprint_: 23815039 GetBytesAllocated: 13981304 HeapGrowthMultiplier: 3
12-18 10:45:24.129  3331  3517 I com.miui.home: CheckGCForNative gc_urgency 0.358934 current_native_bytes is 120086191
12-18 10:45:24.150  8488  8488 I wm_on_create_called: [0,69360488,fm.qingting.qtradio.WelcomeActivity,performCreate,91]
12-18 10:45:24.151  8488  8488 I wm_on_start_called: [0,69360488,fm.qingting.qtradio.WelcomeActivity,handleStartActivity,0]
12-18 10:45:24.157  8488  8488 I wm_on_resume_called: [0,69360488,fm.qingting.qtradio.WelcomeActivity,RESUME_ACTIVITY,4]
12-18 10:45:24.200  8488  8488 I wm_on_top_resumed_gained_called: [69360488,fm.qingting.qtradio.WelcomeActivity,topStateChangedWhenResumed]
12-18 10:45:24.466  3331  3331 I wm_on_stop_called: [0,27818887,com.miui.home.launcher.Launcher,STOP_ACTIVITY_ITEM,3]
12-18 10:45:24.617  8488  8488 I wm_on_idle_called: fm.qingting.qtradio.WelcomeActivity
12-18 10:45:24.914  8488  8488 I wm_on_top_resumed_lost_called: [69360488,fm.qingting.qtradio.WelcomeActivity,topStateChangedWhenResumed]
12-18 10:45:24.924  3331  3331 I wm_on_restart_called: [0,27818887,com.miui.home.launcher.Launcher,,0]
12-18 10:45:24.926  3331  3331 I wm_on_start_called: [0,27818887,com.miui.home.launcher.Launcher,handleStartActivity,1]
12-18 10:45:24.930  3331  3331 I wm_on_resume_called: [0,27818887,com.miui.home.launcher.Launcher,RESUME_ACTIVITY,4]
12-18 10:45:24.964  3331  3331 I wm_on_top_resumed_gained_called: [27818887,com.miui.home.launcher.Launcher,topStateChangedWhenResumed]
12-18 10:45:24.965  3331  3331 I wm_on_idle_called: com.miui.home.launcher.Launcher
12-18 10:45:25.070  3331  4101 I com.miui.home: CheckGCForNative adj_start_bytes: 40717764 NativeAllocationGcWatermark: 11365487 java_gc_start_bytes: 23669534 kNewNativeDiscountFactor: 2 kOldNativeDiscountFactor: 65536 old_native_bytes: 118822431 new_native_bytes: 12119852 add_bytes_allowed: 34096461 is_gc_concurrent: 1 target_footprint_: 23815039 GetBytesAllocated: 15320621 HeapGrowthMultiplier: 3
12-18 10:45:25.070  3331  4101 I com.miui.home: CheckGCForNative gc_urgency 0.525136 current_native_bytes is 130942283
12-18 10:45:25.070  3331  3368 I com.miui.home: CheckGCForNative adj_start_bytes: 40717764 NativeAllocationGcWatermark: 11365487 java_gc_start_bytes: 23669534 kNewNativeDiscountFactor: 2 kOldNativeDiscountFactor: 65536 old_native_bytes: 118822431 new_native_bytes: 22826924 add_bytes_allowed: 34096461 is_gc_concurrent: 1 target_footprint_: 23815039 GetBytesAllocated: 15320621 HeapGrowthMultiplier: 3
12-18 10:45:25.070  3331  3368 I com.miui.home: CheckGCForNative gc_urgency 0.65662 current_native_bytes is 141649355
12-18 10:45:25.070  3331  3331 I com.miui.home: CheckGCForNative adj_start_bytes: 40717764 NativeAllocationGcWatermark: 11365487 java_gc_start_bytes: 23669534 kNewNativeDiscountFactor: 2 kOldNativeDiscountFactor: 65536 old_native_bytes: 118822431 new_native_bytes: 33533868 add_bytes_allowed: 34096461 is_gc_concurrent: 1 target_footprint_: 23815039 GetBytesAllocated: 15326058 HeapGrowthMultiplier: 3
12-18 10:45:25.070  3331  3331 I com.miui.home: CheckGCForNative gc_urgency 0.788226 current_native_bytes is 152356299
12-18 10:45:25.078  3331  8156 I com.miui.home: CheckGCForNative adj_start_bytes: 40717764 NativeAllocationGcWatermark: 11365487 java_gc_start_bytes: 23669534 kNewNativeDiscountFactor: 2 kOldNativeDiscountFactor: 65536 old_native_bytes: 118822431 new_native_bytes: 12129900 add_bytes_allowed: 34096461 is_gc_concurrent: 1 target_footprint_: 23815039 GetBytesAllocated: 15366827 HeapGrowthMultiplier: 3
12-18 10:45:25.080  3331  8156 I com.miui.home: CheckGCForNative gc_urgency 0.526394 current_native_bytes is 130952331
12-18 10:45:25.274  3331  3517 I com.miui.home: CheckGCForNative adj_start_bytes: 40717764 NativeAllocationGcWatermark: 11365487 java_gc_start_bytes: 23669534 kNewNativeDiscountFactor: 2 kOldNativeDiscountFactor: 65536 old_native_bytes: 118822431 new_native_bytes: 12223564 add_bytes_allowed: 34096461 is_gc_concurrent: 1 target_footprint_: 23815039 GetBytesAllocated: 15425349 HeapGrowthMultiplier: 3
12-18 10:45:25.274  3331  3517 I com.miui.home: CheckGCForNative gc_urgency 0.528982 current_native_bytes is 131045995
12-18 10:45:25.418  3331  3517 I com.miui.home: CheckGCForNative adj_start_bytes: 40717764 NativeAllocationGcWatermark: 11365487 java_gc_start_bytes: 23669534 kNewNativeDiscountFactor: 2 kOldNativeDiscountFactor: 65536 old_native_bytes: 118822431 new_native_bytes: 12144076 add_bytes_allowed: 34096461 is_gc_concurrent: 1 target_footprint_: 23815039 GetBytesAllocated: 15493748 HeapGrowthMultiplier: 3
12-18 10:45:25.418  3331  3517 I com.miui.home: CheckGCForNative gc_urgency 0.529685 current_native_bytes is 130966507
12-18 10:45:25.542  3331  3516 I com.miui.home: CheckGCForNative adj_start_bytes: 40717764 NativeAllocationGcWatermark: 11365487 java_gc_start_bytes: 23669534 kNewNativeDiscountFactor: 2 kOldNativeDiscountFactor: 65536 old_native_bytes: 118822431 new_native_bytes: 22885004 add_bytes_allowed: 34096461 is_gc_concurrent: 1 target_footprint_: 23815039 GetBytesAllocated: 15545536 HeapGrowthMultiplier: 3
12-18 10:45:25.542  3331  3516 I com.miui.home: CheckGCForNative gc_urgency 0.662852 current_native_bytes is 141707435
12-18 10:45:25.543  3331  3368 I com.miui.home: CheckGCForNative adj_start_bytes: 40717764 NativeAllocationGcWatermark: 11365487 java_gc_start_bytes: 23669534 kNewNativeDiscountFactor: 2 kOldNativeDiscountFactor: 65536 old_native_bytes: 118822431 new_native_bytes: 33564300 add_bytes_allowed: 34096461 is_gc_concurrent: 1 target_footprint_: 23815039 GetBytesAllocated: 15554152 HeapGrowthMultiplier: 3
12-18 10:45:25.543  3331  3368 I com.miui.home: CheckGCForNative gc_urgency 0.794202 current_native_bytes is 152386731
12-18 10:45:25.543  3331  3516 I com.miui.home: CheckGCForNative adj_start_bytes: 40717764 NativeAllocationGcWatermark: 11365487 java_gc_start_bytes: 23669534 kNewNativeDiscountFactor: 2 kOldNativeDiscountFactor: 65536 old_native_bytes: 118822431 new_native_bytes: 44270700 add_bytes_allowed: 34096461 is_gc_concurrent: 1 target_footprint_: 23815039 GetBytesAllocated: 15554152 HeapGrowthMultiplier: 3
12-18 10:45:25.543  3331  3516 I com.miui.home: CheckGCForNative gc_urgency 0.925677 current_native_bytes is 163093131
12-18 10:45:25.563  8488  8488 I wm_on_paused_called: [0,69360488,fm.qingting.qtradio.WelcomeActivity,performPause,3]
12-18 10:45:25.720  8488  8488 I wm_on_stop_called: [0,69360488,fm.qingting.qtradio.WelcomeActivity,STOP_ACTIVITY_ITEM,37]
12-18 10:45:25.839  3331  3331 I wm_on_top_resumed_lost_called: [27818887,com.miui.home.launcher.Launcher,topStateChangedWhenResumed]
12-18 10:45:25.842  3331  3331 I wm_on_paused_called: [0,27818887,com.miui.home.launcher.Launcher,performPause,2]
12-18 10:45:25.878  3331  3756 I com.miui.home: CheckGCForNative adj_start_bytes: 40717764 NativeAllocationGcWatermark: 11365487 java_gc_start_bytes: 23669534 kNewNativeDiscountFactor: 2 kOldNativeDiscountFactor: 65536 old_native_bytes: 118822431 new_native_bytes: 33988928 add_bytes_allowed: 34096461 is_gc_concurrent: 1 target_footprint_: 23815039 GetBytesAllocated: 16354434 HeapGrowthMultiplier: 3
12-18 10:45:25.878  3331  3756 I com.miui.home: CheckGCForNative gc_urgency 0.81907 current_native_bytes is 152811359
12-18 10:45:26.011  3331  3756 I com.miui.home: CheckGCForNative adj_start_bytes: 40717764 NativeAllocationGcWatermark: 11365487 java_gc_start_bytes: 23669534 kNewNativeDiscountFactor: 2 kOldNativeDiscountFactor: 65536 old_native_bytes: 118822431 new_native_bytes: 23369636 add_bytes_allowed: 34096461 is_gc_concurrent: 1 target_footprint_: 23815039 GetBytesAllocated: 16707781 HeapGrowthMultiplier: 3
12-18 10:45:26.011  3331  3756 I com.miui.home: CheckGCForNative gc_urgency 0.697347 current_native_bytes is 142192067
12-18 10:45:26.149  8778  8778 I wm_on_application_create_called: [0,com.xiaomi.bluetooth,511]
12-18 10:45:26.207  3331  3517 I com.miui.home: CheckGCForNative adj_start_bytes: 40717764 NativeAllocationGcWatermark: 11365487 java_gc_start_bytes: 23669534 kNewNativeDiscountFactor: 2 kOldNativeDiscountFactor: 65536 old_native_bytes: 118822431 new_native_bytes: 25459672 add_bytes_allowed: 34096461 is_gc_concurrent: 1 target_footprint_: 23815039 GetBytesAllocated: 17629465 HeapGrowthMultiplier: 3
12-18 10:45:26.207  3331  3517 I com.miui.home: CheckGCForNative gc_urgency 0.745648 current_native_bytes is 144282103
12-18 10:45:26.240  3331  3517 I com.miui.home: CheckGCForNative adj_start_bytes: 40717764 NativeAllocationGcWatermark: 11365487 java_gc_start_bytes: 23669534 kNewNativeDiscountFactor: 2 kOldNativeDiscountFactor: 65536 old_native_bytes: 118822431 new_native_bytes: 25485992 add_bytes_allowed: 34096461 is_gc_concurrent: 1 target_footprint_: 23815039 GetBytesAllocated: 17837752 HeapGrowthMultiplier: 3
12-18 10:45:26.240  3331  3517 I com.miui.home: CheckGCForNative gc_urgency 0.751086 current_native_bytes is 144308423
12-18 10:45:26.625  3331  3585 I com.miui.home: CheckGCForNative adj_start_bytes: 40717764 NativeAllocationGcWatermark: 11365487 java_gc_start_bytes: 23669534 kNewNativeDiscountFactor: 2 kOldNativeDiscountFactor: 65536 old_native_bytes: 118822431 new_native_bytes: 25314408 add_bytes_allowed: 34096461 is_gc_concurrent: 1 target_footprint_: 23815039 GetBytesAllocated: 17958148 HeapGrowthMultiplier: 3
12-18 10:45:26.625  3331  3585 I com.miui.home: CheckGCForNative gc_urgency 0.751936 current_native_bytes is 144136839
12-18 10:45:27.249  8882  8882 I wm_on_application_create_called: [0,com.ss.android.ugc.aweme,209]
12-18 10:45:27.377  3331  3331 I wm_on_resume_called: [0,27818887,com.miui.home.launcher.Launcher,RESUME_ACTIVITY,4]
12-18 10:45:27.392  3331  3331 I wm_on_idle_called: com.miui.home.launcher.Launcher
12-18 10:45:27.473  3331  4101 I com.miui.home: CheckGCForNative adj_start_bytes: 40717764 NativeAllocationGcWatermark: 11365487 java_gc_start_bytes: 23669534 kNewNativeDiscountFactor: 2 kOldNativeDiscountFactor: 65536 old_native_bytes: 118822431 new_native_bytes: 36228132 add_bytes_allowed: 34096461 is_gc_concurrent: 1 target_footprint_: 23815039 GetBytesAllocated: 19196538 HeapGrowthMultiplier: 3
12-18 10:45:27.473  3331  4101 I com.miui.home: CheckGCForNative gc_urgency 0.916367 current_native_bytes is 155050563
12-18 10:45:27.473  3331  3630 I com.miui.home: CheckGCForNative adj_start_bytes: 40717764 NativeAllocationGcWatermark: 11365487 java_gc_start_bytes: 23669534 kNewNativeDiscountFactor: 2 kOldNativeDiscountFactor: 65536 old_native_bytes: 118822431 new_native_bytes: 46934948 add_bytes_allowed: 34096461 is_gc_concurrent: 1 target_footprint_: 23815039 GetBytesAllocated: 19196730 HeapGrowthMultiplier: 3
12-18 10:45:27.473  3331  3331 I com.miui.home: CheckGCForNative adj_start_bytes: 40717764 NativeAllocationGcWatermark: 11365487 java_gc_start_bytes: 23669534 kNewNativeDiscountFactor: 2 kOldNativeDiscountFactor: 65536 old_native_bytes: 118822431 new_native_bytes: 57645220 add_bytes_allowed: 34096461 is_gc_concurrent: 1 target_footprint_: 23815039 GetBytesAllocated: 19204706 HeapGrowthMultiplier: 3
12-18 10:45:27.473  3331  3331 I com.miui.home: CheckGCForNative gc_urgency 1.17956 current_native_bytes is 176467651
12-18 10:45:27.474  3331  3331 I com.miui.home: CheckGCForNative requested 1
12-18 10:45:27.475  3331  3630 I com.miui.home: CheckGCForNative gc_urgency 1.04804 current_native_bytes is 165757379
12-18 10:45:27.475  3331  3630 I com.miui.home: CheckGCForNative requested 1
12-18 10:45:27.501  3331  3517 I com.miui.home: CheckGCForNative adj_start_bytes: 40717764 NativeAllocationGcWatermark: 11365487 java_gc_start_bytes: 23669534 kNewNativeDiscountFactor: 2 kOldNativeDiscountFactor: 65536 old_native_bytes: 118822431 new_native_bytes: 36240612 add_bytes_allowed: 34096461 is_gc_concurrent: 1 target_footprint_: 23815039 GetBytesAllocated: 19347871 HeapGrowthMultiplier: 3
12-18 10:45:27.501  3331  3517 I com.miui.home: CheckGCForNative gc_urgency 0.920237 current_native_bytes is 155063043
12-18 10:45:27.605  3331  3363 I com.miui.home: NativeAlloc concurrent copying GC freed 154092(6836KB) AllocSpace objects, 8(416KB) LOS objects, 49% free, 11MB/22MB, paused 186us,76us total 130.967ms
12-18 10:45:27.679  3331  3517 I com.miui.home: CheckGCForNative gc_urgency 0 current_native_bytes is 132065939
12-18 10:45:27.788  8882  8882 I wm_on_create_called: [0,38846981,com.ss.android.ugc.aweme.splash.SplashActivity,performCreate,364]
12-18 10:45:27.824  3331  3331 I wm_on_top_resumed_gained_called: [27818887,com.miui.home.launcher.Launcher,topStateChangedWhenResumed]
12-18 10:45:27.951  3331  4101 I com.miui.home: CheckGCForNative adj_start_bytes: 40866188 NativeAllocationGcWatermark: 11389559 java_gc_start_bytes: 23781850 kNewNativeDiscountFactor: 2 kOldNativeDiscountFactor: 65536 old_native_bytes: 132065939 new_native_bytes: 10778016 add_bytes_allowed: 34168677 is_gc_concurrent: 1 target_footprint_: 24007615 GetBytesAllocated: 12215838 HeapGrowthMultiplier: 3
12-18 10:45:27.951  3331  4101 I com.miui.home: CheckGCForNative gc_urgency 0.430842 current_native_bytes is 142843955
12-18 10:45:27.955  3331  3516 I com.miui.home: CheckGCForNative adj_start_bytes: 40866188 NativeAllocationGcWatermark: 11389559 java_gc_start_bytes: 23781850 kNewNativeDiscountFactor: 2 kOldNativeDiscountFactor: 65536 old_native_bytes: 132065939 new_native_bytes: 21483936 add_bytes_allowed: 34168677 is_gc_concurrent: 1 target_footprint_: 24007615 GetBytesAllocated: 12216030 HeapGrowthMultiplier: 3
12-18 10:45:27.955  3331  3516 I com.miui.home: CheckGCForNative gc_urgency 0.561834 current_native_bytes is 153549875
12-18 10:45:27.955  3331  3516 I com.miui.home: CheckGCForNative adj_start_bytes: 40866188 NativeAllocationGcWatermark: 11389559 java_gc_start_bytes: 23781850 kNewNativeDiscountFactor: 2 kOldNativeDiscountFactor: 65536 old_native_bytes: 132065939 new_native_bytes: 32191200 add_bytes_allowed: 34168677 is_gc_concurrent: 1 target_footprint_: 24007615 GetBytesAllocated: 12216222 HeapGrowthMultiplier: 3
12-18 10:45:27.955  3331  3516 I com.miui.home: CheckGCForNative gc_urgency 0.692843 current_native_bytes is 164257139
12-18 10:45:28.202  8882  8882 I wm_on_start_called: [0,38846981,com.ss.android.ugc.aweme.splash.SplashActivity,handleStartActivity,411]
12-18 10:45:28.223  3331  3331 I wm_on_top_resumed_lost_called: [27818887,com.miui.home.launcher.Launcher,topStateChangedWhenResumed]
12-18 10:45:28.323  8882  8882 I wm_on_resume_called: [0,38846981,com.ss.android.ugc.aweme.splash.SplashActivity,RESUME_ACTIVITY,111]
12-18 10:45:28.386  3331  3756 I com.miui.home: CheckGCForNative adj_start_bytes: 40866188 NativeAllocationGcWatermark: 11389559 java_gc_start_bytes: 23781850 kNewNativeDiscountFactor: 2 kOldNativeDiscountFactor: 65536 old_native_bytes: 132065939 new_native_bytes: 11424864 add_bytes_allowed: 34168677 is_gc_concurrent: 1 target_footprint_: 24007615 GetBytesAllocated: 12755807 HeapGrowthMultiplier: 3
12-18 10:45:28.386  3331  3756 I com.miui.home: CheckGCForNative gc_urgency 0.451969 current_native_bytes is 143490803
12-18 10:45:28.485  3331  3331 I wm_on_paused_called: [0,27818887,com.miui.home.launcher.Launcher,performPause,2]
12-18 10:45:28.526  3331  3756 I com.miui.home: CheckGCForNative adj_start_bytes: 40866188 NativeAllocationGcWatermark: 11389559 java_gc_start_bytes: 23781850 kNewNativeDiscountFactor: 2 kOldNativeDiscountFactor: 65536 old_native_bytes: 132065939 new_native_bytes: 22367340 add_bytes_allowed: 34168677 is_gc_concurrent: 1 target_footprint_: 24007615 GetBytesAllocated: 13300719 HeapGrowthMultiplier: 3
12-18 10:45:28.526  3331  3756 I com.miui.home: CheckGCForNative gc_urgency 0.599185 current_native_bytes is 154433279
12-18 10:45:28.716  3331  3756 I com.miui.home: CheckGCForNative adj_start_bytes: 40866188 NativeAllocationGcWatermark: 11389559 java_gc_start_bytes: 23781850 kNewNativeDiscountFactor: 2 kOldNativeDiscountFactor: 65536 old_native_bytes: 132065939 new_native_bytes: 12018564 add_bytes_allowed: 34168677 is_gc_concurrent: 1 target_footprint_: 24007615 GetBytesAllocated: 14208089 HeapGrowthMultiplier: 3
12-18 10:45:28.716  3331  3756 I com.miui.home: CheckGCForNative gc_urgency 0.494771 current_native_bytes is 144084503
12-18 10:45:28.778  3331  3756 I com.miui.home: CheckGCForNative adj_start_bytes: 40866188 NativeAllocationGcWatermark: 11389559 java_gc_start_bytes: 23781850 kNewNativeDiscountFactor: 2 kOldNativeDiscountFactor: 65536 old_native_bytes: 132065939 new_native_bytes: 12282716 add_bytes_allowed: 34168677 is_gc_concurrent: 1 target_footprint_: 24007615 GetBytesAllocated: 14536064 HeapGrowthMultiplier: 3
12-18 10:45:28.778  3331  3756 I com.miui.home: CheckGCForNative gc_urgency 0.506028 current_native_bytes is 144348655
12-18 10:45:29.112  3331  3517 I com.miui.home: CheckGCForNative adj_start_bytes: 40866188 NativeAllocationGcWatermark: 11389559 java_gc_start_bytes: 23781850 kNewNativeDiscountFactor: 2 kOldNativeDiscountFactor: 65536 old_native_bytes: 132065939 new_native_bytes: 12282332 add_bytes_allowed: 34168677 is_gc_concurrent: 1 target_footprint_: 24007615 GetBytesAllocated: 14850506 HeapGrowthMultiplier: 3
12-18 10:45:29.112  3331  3517 I com.miui.home: CheckGCForNative gc_urgency 0.513718 current_native_bytes is 144348271
12-18 10:45:29.450  9283  9283 I wm_on_create_called: [0,156115114,com.eg.android.AlipayGphone.AlipayLogin,performCreate,145]
12-18 10:45:29.454  9283  9283 I wm_on_start_called: [0,156115114,com.eg.android.AlipayGphone.AlipayLogin,handleStartActivity,3]
12-18 10:45:29.461  9283  9283 I wm_on_resume_called: [0,156115114,com.eg.android.AlipayGphone.AlipayLogin,RESUME_ACTIVITY,5]
12-18 10:45:29.495  9283  9283 I wm_on_top_resumed_gained_called: [156115114,com.eg.android.AlipayGphone.AlipayLogin,topStateChangedWhenResumed]
12-18 10:45:29.738  3331  3331 I wm_on_resume_called: [0,27818887,com.miui.home.launcher.Launcher,RESUME_ACTIVITY,5]
12-18 10:45:29.746  3331  3331 I com.miui.home: CheckGCForNative adj_start_bytes: 40866188 NativeAllocationGcWatermark: 11389559 java_gc_start_bytes: 23781850 kNewNativeDiscountFactor: 2 kOldNativeDiscountFactor: 65536 old_native_bytes: 132065939 new_native_bytes: 12131472 add_bytes_allowed: 34168677 is_gc_concurrent: 1 target_footprint_: 24007615 GetBytesAllocated: 15441528 HeapGrowthMultiplier: 3
12-18 10:45:29.746  3331  3331 I com.miui.home: CheckGCForNative gc_urgency 0.526334 current_native_bytes is 144197411
12-18 10:45:29.747  3331  3331 I wm_on_idle_called: com.miui.home.launcher.Launcher
12-18 10:45:29.910  3331  3755 I com.miui.home: CheckGCForNative adj_start_bytes: 40866188 NativeAllocationGcWatermark: 11389559 java_gc_start_bytes: 23781850 kNewNativeDiscountFactor: 2 kOldNativeDiscountFactor: 65536 old_native_bytes: 132065939 new_native_bytes: 22955336 add_bytes_allowed: 34168677 is_gc_concurrent: 1 target_footprint_: 24007615 GetBytesAllocated: 16285101 HeapGrowthMultiplier: 3
12-18 10:45:29.910  3331  3755 I com.miui.home: CheckGCForNative gc_urgency 0.679407 current_native_bytes is 155021275
12-18 10:45:29.910  3331  3755 I com.miui.home: CheckGCForNative adj_start_bytes: 40866188 NativeAllocationGcWatermark: 11389559 java_gc_start_bytes: 23781850 kNewNativeDiscountFactor: 2 kOldNativeDiscountFactor: 65536 old_native_bytes: 132065939 new_native_bytes: 33662280 add_bytes_allowed: 34168677 is_gc_concurrent: 1 target_footprint_: 24007615 GetBytesAllocated: 16297127 HeapGrowthMultiplier: 3
12-18 10:45:29.910  3331  3755 I com.miui.home: CheckGCForNative gc_urgency 0.810702 current_native_bytes is 165728219
12-18 10:45:29.927  3331  3755 I com.miui.home: CheckGCForNative adj_start_bytes: 40866188 NativeAllocationGcWatermark: 11389559 java_gc_start_bytes: 23781850 kNewNativeDiscountFactor: 2 kOldNativeDiscountFactor: 65536 old_native_bytes: 132065939 new_native_bytes: 33716840 add_bytes_allowed: 34168677 is_gc_concurrent: 1 target_footprint_: 24007615 GetBytesAllocated: 16329895 HeapGrowthMultiplier: 3
12-18 10:45:29.927  3331  3755 I com.miui.home: CheckGCForNative gc_urgency 0.812171 current_native_bytes is 165782779
12-18 10:45:29.990  3331  3517 I com.miui.home: CheckGCForNative adj_start_bytes: 40866188 NativeAllocationGcWatermark: 11389559 java_gc_start_bytes: 23781850 kNewNativeDiscountFactor: 2 kOldNativeDiscountFactor: 65536 old_native_bytes: 132065939 new_native_bytes: 22945048 add_bytes_allowed: 34168677 is_gc_concurrent: 1 target_footprint_: 24007615 GetBytesAllocated: 16359679 HeapGrowthMultiplier: 3
12-18 10:45:29.990  3331  3517 I com.miui.home: CheckGCForNative gc_urgency 0.681106 current_native_bytes is 155010987
12-18 10:45:30.027  9431  9431 I wm_on_application_create_called: [0,com.eg.android.AlipayGphone,330]
12-18 10:45:30.232  3331  3331 I wm_on_top_resumed_gained_called: [27818887,com.miui.home.launcher.Launcher,topStateChangedWhenResumed]
12-18 10:45:30.346  3331  3517 I com.miui.home: CheckGCForNative adj_start_bytes: 40866188 NativeAllocationGcWatermark: 11389559 java_gc_start_bytes: 23781850 kNewNativeDiscountFactor: 2 kOldNativeDiscountFactor: 65536 old_native_bytes: 132065939 new_native_bytes: 22934872 add_bytes_allowed: 34168677 is_gc_concurrent: 1 target_footprint_: 24007615 GetBytesAllocated: 16508135 HeapGrowthMultiplier: 3
12-18 10:45:30.346  3331  3517 I com.miui.home: CheckGCForNative gc_urgency 0.684615 current_native_bytes is 155000811
12-18 10:45:30.382  3331  3516 I com.miui.home: CheckGCForNative adj_start_bytes: 40866188 NativeAllocationGcWatermark: 11389559 java_gc_start_bytes: 23781850 kNewNativeDiscountFactor: 2 kOldNativeDiscountFactor: 65536 old_native_bytes: 132065939 new_native_bytes: 33569048 add_bytes_allowed: 34168677 is_gc_concurrent: 1 target_footprint_: 24007615 GetBytesAllocated: 16533641 HeapGrowthMultiplier: 3
12-18 10:45:30.382  3331  3755 I com.miui.home: CheckGCForNative adj_start_bytes: 40866188 NativeAllocationGcWatermark: 11389559 java_gc_start_bytes: 23781850 kNewNativeDiscountFactor: 2 kOldNativeDiscountFactor: 65536 old_native_bytes: 132065939 new_native_bytes: 44275160 add_bytes_allowed: 34168677 is_gc_concurrent: 1 target_footprint_: 24007615 GetBytesAllocated: 16533641 HeapGrowthMultiplier: 3
12-18 10:45:30.383  3331  3755 I com.miui.home: CheckGCForNative gc_urgency 0.946338 current_native_bytes is 176341099
12-18 10:45:30.383  3331  3331 I com.miui.home: CheckGCForNative adj_start_bytes: 40866188 NativeAllocationGcWatermark: 11389559 java_gc_start_bytes: 23781850 kNewNativeDiscountFactor: 2 kOldNativeDiscountFactor: 65536 old_native_bytes: 132065939 new_native_bytes: 54982424 add_bytes_allowed: 34168677 is_gc_concurrent: 1 target_footprint_: 24007615 GetBytesAllocated: 16542253 HeapGrowthMultiplier: 3
12-18 10:45:30.383  3331  3331 I com.miui.home: CheckGCForNative gc_urgency 1.07755 current_native_bytes is 187048363
12-18 10:45:30.383  3331  3331 I com.miui.home: CheckGCForNative requested 1
12-18 10:45:30.388  3331  3516 I com.miui.home: CheckGCForNative gc_urgency 0.815348 current_native_bytes is 165634987
12-18 10:45:30.513  3331  3363 I com.miui.home: NativeAlloc concurrent copying GC freed 93092(4289KB) AllocSpace objects, 6(240KB) LOS objects, 49% free, 11MB/22MB, paused 149us,68us total 129.787ms
12-18 10:45:30.674  9283  9283 I wm_on_top_resumed_lost_called: [156115114,com.eg.android.AlipayGphone.AlipayLogin,topStateChangedWhenResumed]
12-18 10:45:30.714  3331  3331 I wm_on_top_resumed_lost_called: [27818887,com.miui.home.launcher.Launcher,topStateChangedWhenResumed]
12-18 10:45:30.743  3331  3756 I com.miui.home: CheckGCForNative gc_urgency 0 current_native_bytes is 131799887
12-18 10:45:30.904  3331  3331 I wm_on_paused_called: [0,27818887,com.miui.home.launcher.Launcher,performPause,1]
12-18 10:45:30.922  3331  3472 I com.miui.home: CheckGCForNative adj_start_bytes: 40817443 NativeAllocationGcWatermark: 11374461 java_gc_start_bytes: 23755752 kNewNativeDiscountFactor: 2 kOldNativeDiscountFactor: 65536 old_native_bytes: 131799887 new_native_bytes: 11772864 add_bytes_allowed: 34123383 is_gc_concurrent: 1 target_footprint_: 23886824 GetBytesAllocated: 13301444 HeapGrowthMultiplier: 3
12-18 10:45:30.929  3331  3472 I com.miui.home: CheckGCForNative gc_urgency 0.471344 current_native_bytes is 143572751
12-18 10:45:30.982  3331  3472 I com.miui.home: CheckGCForNative adj_start_bytes: 40817443 NativeAllocationGcWatermark: 11374461 java_gc_start_bytes: 23755752 kNewNativeDiscountFactor: 2 kOldNativeDiscountFactor: 65536 old_native_bytes: 131799887 new_native_bytes: 26537280 add_bytes_allowed: 34123383 is_gc_concurrent: 1 target_footprint_: 23886824 GetBytesAllocated: 13514673 HeapGrowthMultiplier: 3
12-18 10:45:30.983  3331  3472 I com.miui.home: CheckGCForNative gc_urgency 0.656222 current_native_bytes is 158337167
12-18 10:45:30.983  3331  3472 I com.miui.home: CheckGCForNative adj_start_bytes: 40817443 NativeAllocationGcWatermark: 11374461 java_gc_start_bytes: 23755752 kNewNativeDiscountFactor: 2 kOldNativeDiscountFactor: 65536 old_native_bytes: 131799887 new_native_bytes: 14740224 add_bytes_allowed: 34123383 is_gc_concurrent: 1 target_footprint_: 23886824 GetBytesAllocated: 13514673 HeapGrowthMultiplier: 3
12-18 10:45:30.983  3331  3472 I com.miui.home: CheckGCForNative gc_urgency 0.511712 current_native_bytes is 146540111
12-18 10:45:31.006  3331  3472 I com.miui.home: CheckGCForNative adj_start_bytes: 40817443 NativeAllocationGcWatermark: 11374461 java_gc_start_bytes: 23755752 kNewNativeDiscountFactor: 2 kOldNativeDiscountFactor: 65536 old_native_bytes: 131799887 new_native_bytes: 15641120 add_bytes_allowed: 34123383 is_gc_concurrent: 1 target_footprint_: 23886824 GetBytesAllocated: 13653899 HeapGrowthMultiplier: 3
12-18 10:45:31.006  3331  3472 I com.miui.home: CheckGCForNative gc_urgency 0.526159 current_native_bytes is 147441007
12-18 10:45:31.058  3331  3756 I com.miui.home: CheckGCForNative adj_start_bytes: 40817443 NativeAllocationGcWatermark: 11374461 java_gc_start_bytes: 23755752 kNewNativeDiscountFactor: 2 kOldNativeDiscountFactor: 65536 old_native_bytes: 131799887 new_native_bytes: 15679404 add_bytes_allowed: 34123383 is_gc_concurrent: 1 target_footprint_: 23886824 GetBytesAllocated: 13944853 HeapGrowthMultiplier: 3
12-18 10:45:31.059  3331  3756 I com.miui.home: CheckGCForNative gc_urgency 0.533756 current_native_bytes is 147479291
12-18 10:45:31.199  3331  3472 I com.miui.home: CheckGCForNative adj_start_bytes: 40817443 NativeAllocationGcWatermark: 11374461 java_gc_start_bytes: 23755752 kNewNativeDiscountFactor: 2 kOldNativeDiscountFactor: 65536 old_native_bytes: 131799887 new_native_bytes: 17509660 add_bytes_allowed: 34123383 is_gc_concurrent: 1 target_footprint_: 23886824 GetBytesAllocated: 14459722 HeapGrowthMultiplier: 3
12-18 10:45:31.200  3331  3472 I com.miui.home: CheckGCForNative gc_urgency 0.56879 current_native_bytes is 149309547
12-18 10:45:31.200  3331  3472 I com.miui.home: CheckGCForNative adj_start_bytes: 40817443 NativeAllocationGcWatermark: 11374461 java_gc_start_bytes: 23755752 kNewNativeDiscountFactor: 2 kOldNativeDiscountFactor: 65536 old_native_bytes: 131799887 new_native_bytes: 18960292 add_bytes_allowed: 34123383 is_gc_concurrent: 1 target_footprint_: 23886824 GetBytesAllocated: 14459722 HeapGrowthMultiplier: 3
12-18 10:45:31.200  3331  3472 I com.miui.home: CheckGCForNative gc_urgency 0.58656 current_native_bytes is 150760179
12-18 10:45:31.208  3331  3472 I com.miui.home: CheckGCForNative adj_start_bytes: 40817443 NativeAllocationGcWatermark: 11374461 java_gc_start_bytes: 23755752 kNewNativeDiscountFactor: 2 kOldNativeDiscountFactor: 65536 old_native_bytes: 131799887 new_native_bytes: 29979812 add_bytes_allowed: 34123383 is_gc_concurrent: 1 target_footprint_: 23886824 GetBytesAllocated: 14502759 HeapGrowthMultiplier: 3
12-18 10:45:31.208  3331  3472 I com.miui.home: CheckGCForNative gc_urgency 0.7226 current_native_bytes is 161779699
12-18 10:45:31.279  3331  3517 I com.miui.home: CheckGCForNative adj_start_bytes: 40817443 NativeAllocationGcWatermark: 11374461 java_gc_start_bytes: 23755752 kNewNativeDiscountFactor: 2 kOldNativeDiscountFactor: 65536 old_native_bytes: 131799887 new_native_bytes: 30249272 add_bytes_allowed: 34123383 is_gc_concurrent: 1 target_footprint_: 23886824 GetBytesAllocated: 14950000 HeapGrowthMultiplier: 3
12-18 10:45:31.279  3331  3517 I com.miui.home: CheckGCForNative gc_urgency 0.736858 current_native_bytes is 162049159
12-18 10:45:31.535  3331  3517 I com.miui.home: CheckGCForNative adj_start_bytes: 40817443 NativeAllocationGcWatermark: 11374461 java_gc_start_bytes: 23755752 kNewNativeDiscountFactor: 2 kOldNativeDiscountFactor: 65536 old_native_bytes: 131799887 new_native_bytes: 30327000 add_bytes_allowed: 34123383 is_gc_concurrent: 1 target_footprint_: 23886824 GetBytesAllocated: 15186362 HeapGrowthMultiplier: 3
12-18 10:45:31.535  3331  3517 I com.miui.home: CheckGCForNative gc_urgency 0.7436 current_native_bytes is 162126887
12-18 10:45:31.624  3331  3517 I com.miui.home: CheckGCForNative adj_start_bytes: 40817443 NativeAllocationGcWatermark: 11374461 java_gc_start_bytes: 23755752 kNewNativeDiscountFactor: 2 kOldNativeDiscountFactor: 65536 old_native_bytes: 131799887 new_native_bytes: 30313944 add_bytes_allowed: 34123383 is_gc_concurrent: 1 target_footprint_: 23886824 GetBytesAllocated: 15202810 HeapGrowthMultiplier: 3
12-18 10:45:31.624  3331  3517 I com.miui.home: CheckGCForNative gc_urgency 0.743844 current_native_bytes is 162113831
12-18 10:45:31.632  9820  9820 I wm_on_create_called: [0,139351420,com.xunmeng.pinduoduo.ui.activity.MainFrameActivity,performCreate,75]
12-18 10:45:31.899  9820  9820 I wm_on_create_called: [0,43193506,com.xunmeng.pinduoduo.ui.activity.HomeActivity,performCreate,107]
12-18 10:45:31.964  9820  9820 I wm_on_start_called: [0,43193506,com.xunmeng.pinduoduo.ui.activity.HomeActivity,handleStartActivity,64]
12-18 10:45:31.972  9820  9820 I wm_on_resume_called: [0,43193506,com.xunmeng.pinduoduo.ui.activity.HomeActivity,RESUME_ACTIVITY,5]
12-18 10:45:32.041  9820  9820 I wm_on_top_resumed_gained_called: [43193506,com.xunmeng.pinduoduo.ui.activity.HomeActivity,topStateChangedWhenResumed]
12-18 10:45:32.259  3331  3331 I wm_on_resume_called: [0,27818887,com.miui.home.launcher.Launcher,RESUME_ACTIVITY,4]
12-18 10:45:32.270  3331  3331 I wm_on_idle_called: com.miui.home.launcher.Launcher
12-18 10:45:32.394  3331  4101 I com.miui.home: CheckGCForNative adj_start_bytes: 40817443 NativeAllocationGcWatermark: 11374461 java_gc_start_bytes: 23755752 kNewNativeDiscountFactor: 2 kOldNativeDiscountFactor: 65536 old_native_bytes: 131799887 new_native_bytes: 41310204 add_bytes_allowed: 34123383 is_gc_concurrent: 1 target_footprint_: 23886824 GetBytesAllocated: 17180388 HeapGrowthMultiplier: 3
12-18 10:45:32.394  3331  4101 I com.miui.home: CheckGCForNative gc_urgency 0.926993 current_native_bytes is 173110091
12-18 10:45:32.395  3331  4101 I com.miui.home: CheckGCForNative adj_start_bytes: 40817443 NativeAllocationGcWatermark: 11374461 java_gc_start_bytes: 23755752 kNewNativeDiscountFactor: 2 kOldNativeDiscountFactor: 65536 old_native_bytes: 131799887 new_native_bytes: 52017148 add_bytes_allowed: 34123383 is_gc_concurrent: 1 target_footprint_: 23886824 GetBytesAllocated: 17187842 HeapGrowthMultiplier: 3
12-18 10:45:32.395  3331  4101 I com.miui.home: CheckGCForNative gc_urgency 1.05833 current_native_bytes is 183817035
12-18 10:45:32.395  3331  4101 I com.miui.home: CheckGCForNative requested 1
12-18 10:45:32.424  3331  3369 I com.miui.home: CheckGCForNative adj_start_bytes: 40817443 NativeAllocationGcWatermark: 11374461 java_gc_start_bytes: 23755752 kNewNativeDiscountFactor: 2 kOldNativeDiscountFactor: 65536 old_native_bytes: 131799887 new_native_bytes: 52127836 add_bytes_allowed: 34123383 is_gc_concurrent: 1 target_footprint_: 23886824 GetBytesAllocated: 17227236 HeapGrowthMultiplier: 3
12-18 10:45:32.424  3331  3517 I com.miui.home: CheckGCForNative adj_start_bytes: 40817443 NativeAllocationGcWatermark: 11374461 java_gc_start_bytes: 23755752 kNewNativeDiscountFactor: 2 kOldNativeDiscountFactor: 65536 old_native_bytes: 131799887 new_native_bytes: 52128540 add_bytes_allowed: 34123383 is_gc_concurrent: 1 target_footprint_: 23886824 GetBytesAllocated: 17227236 HeapGrowthMultiplier: 3
12-18 10:45:32.424  3331  3369 I com.miui.home: CheckGCForNative gc_urgency 1.06065 current_native_bytes is 183927723
12-18 10:45:32.424  3331  3517 I com.miui.home: CheckGCForNative gc_urgency 1.06066 current_native_bytes is 183928427
12-18 10:45:32.424  3331  3517 I com.miui.home: CheckGCForNative requested 1
12-18 10:45:32.424  3331  3369 I com.miui.home: CheckGCForNative requested 1
12-18 10:45:32.553  3331  3363 I com.miui.home: NativeAlloc concurrent copying GC freed 100844(4966KB) AllocSpace objects, 6(240KB) LOS objects, 49% free, 12MB/24MB, paused 1.390ms,69us total 156.896ms
12-18 10:45:32.624  3331  3517 I com.miui.home: CheckGCForNative gc_urgency 0 current_native_bytes is 134939871
12-18 10:45:32.682  9820  9820 I wm_on_top_resumed_lost_called: [43193506,com.xunmeng.pinduoduo.ui.activity.HomeActivity,topStateChangedWhenResumed]
12-18 10:45:32.699  3331  3331 I wm_on_top_resumed_gained_called: [27818887,com.miui.home.launcher.Launcher,topStateChangedWhenResumed]
12-18 10:45:32.768  3331  3517 I com.miui.home: CheckGCForNative adj_start_bytes: 42055251 NativeAllocationGcWatermark: 11546147 java_gc_start_bytes: 24736031 kNewNativeDiscountFactor: 2 kOldNativeDiscountFactor: 65536 old_native_bytes: 134939871 new_native_bytes: 12576 add_bytes_allowed: 34638441 is_gc_concurrent: 1 target_footprint_: 25260319 GetBytesAllocated: 12750896 HeapGrowthMultiplier: 3
12-18 10:45:32.768  3331  3517 I com.miui.home: CheckGCForNative gc_urgency 0.303392 current_native_bytes is 134952447
12-18 10:45:32.871  3331  4101 I com.miui.home: CheckGCForNative adj_start_bytes: 42055251 NativeAllocationGcWatermark: 11546147 java_gc_start_bytes: 24736031 kNewNativeDiscountFactor: 2 kOldNativeDiscountFactor: 65536 old_native_bytes: 134939871 new_native_bytes: 10704768 add_bytes_allowed: 34638441 is_gc_concurrent: 1 target_footprint_: 25260319 GetBytesAllocated: 12849290 HeapGrowthMultiplier: 3
12-18 10:45:32.871  3331  4101 I com.miui.home: CheckGCForNative gc_urgency 0.432853 current_native_bytes is 145644639
12-18 10:45:32.872  3331  3516 I com.miui.home: CheckGCForNative adj_start_bytes: 42055251 NativeAllocationGcWatermark: 11546147 java_gc_start_bytes: 24736031 kNewNativeDiscountFactor: 2 kOldNativeDiscountFactor: 65536 old_native_bytes: 134939871 new_native_bytes: 21410688 add_bytes_allowed: 34638441 is_gc_concurrent: 1 target_footprint_: 25260319 GetBytesAllocated: 12849482 HeapGrowthMultiplier: 3
12-18 10:45:32.872  3331  3516 I com.miui.home: CheckGCForNative gc_urgency 0.560141 current_native_bytes is 156350559
12-18 10:45:32.872  3331  3331 I com.miui.home: CheckGCForNative adj_start_bytes: 42055251 NativeAllocationGcWatermark: 11546147 java_gc_start_bytes: 24736031 kNewNativeDiscountFactor: 2 kOldNativeDiscountFactor: 65536 old_native_bytes: 134939871 new_native_bytes: 32118080 add_bytes_allowed: 34638441 is_gc_concurrent: 1 target_footprint_: 25260319 GetBytesAllocated: 12849482 HeapGrowthMultiplier: 3
12-18 10:45:32.872  3331  3331 I com.miui.home: CheckGCForNative gc_urgency 0.687443 current_native_bytes is 167057951
12-18 10:45:32.915  9820  9820 I wm_on_paused_called: [0,43193506,com.xunmeng.pinduoduo.ui.activity.HomeActivity,performPause,6]
12-18 10:45:32.955  9820  9820 I wm_on_destroy_called: [0,139351420,com.xunmeng.pinduoduo.ui.activity.MainFrameActivity,performDestroy,6]
12-18 10:45:33.073  9820  9820 I wm_on_stop_called: [0,43193506,com.xunmeng.pinduoduo.ui.activity.HomeActivity,STOP_ACTIVITY_ITEM,58]
12-18 10:45:33.129  3331  3331 I wm_on_top_resumed_lost_called: [27818887,com.miui.home.launcher.Launcher,topStateChangedWhenResumed]
12-18 10:45:33.138  3331  3331 I wm_on_paused_called: [0,27818887,com.miui.home.launcher.Launcher,performPause,2]
12-18 10:45:33.427  3331  3756 I com.miui.home: CheckGCForNative adj_start_bytes: 42055251 NativeAllocationGcWatermark: 11546147 java_gc_start_bytes: 24736031 kNewNativeDiscountFactor: 2 kOldNativeDiscountFactor: 65536 old_native_bytes: 134939871 new_native_bytes: 12050224 add_bytes_allowed: 34638441 is_gc_concurrent: 1 target_footprint_: 25260319 GetBytesAllocated: 13695874 HeapGrowthMultiplier: 3
12-18 10:45:33.427  3331  3756 I com.miui.home: CheckGCForNative gc_urgency 0.468979 current_native_bytes is 146990095
12-18 10:45:33.490  3331  3756 I com.miui.home: CheckGCForNative adj_start_bytes: 42055251 NativeAllocationGcWatermark: 11546147 java_gc_start_bytes: 24736031 kNewNativeDiscountFactor: 2 kOldNativeDiscountFactor: 65536 old_native_bytes: 134939871 new_native_bytes: 23053068 add_bytes_allowed: 34638441 is_gc_concurrent: 1 target_footprint_: 25260319 GetBytesAllocated: 14085603 HeapGrowthMultiplier: 3
12-18 10:45:33.490  3331  3756 I com.miui.home: CheckGCForNative gc_urgency 0.609061 current_native_bytes is 157992939
12-18 10:45:33.515  3331  3756 I com.miui.home: CheckGCForNative adj_start_bytes: 42055251 NativeAllocationGcWatermark: 11546147 java_gc_start_bytes: 24736031 kNewNativeDiscountFactor: 2 kOldNativeDiscountFactor: 65536 old_native_bytes: 134939871 new_native_bytes: 12445088 add_bytes_allowed: 34638441 is_gc_concurrent: 1 target_footprint_: 25260319 GetBytesAllocated: 14321068 HeapGrowthMultiplier: 3
12-18 10:45:33.515  3331  3756 I com.miui.home: CheckGCForNative gc_urgency 0.48854 current_native_bytes is 147384959
12-18 10:45:33.618  9820  9820 I wm_on_idle_called: com.xunmeng.pinduoduo.ui.activity.HomeActivity
12-18 10:45:33.646  3331  3517 I com.miui.home: CheckGCForNative adj_start_bytes: 42055251 NativeAllocationGcWatermark: 11546147 java_gc_start_bytes: 24736031 kNewNativeDiscountFactor: 2 kOldNativeDiscountFactor: 65536 old_native_bytes: 134939871 new_native_bytes: 12579904 add_bytes_allowed: 34638441 is_gc_concurrent: 1 target_footprint_: 25260319 GetBytesAllocated: 14573580 HeapGrowthMultiplier: 3
