12-18 10:45:47.537  3331  8156 I com.miui.home: CheckGCForNative adj_start_bytes: 41192338 NativeAllocationGcWatermark: 11416233 java_gc_start_bytes: 24067989 kNewNativeDiscountFactor: 2 kOldNativeDiscountFactor: 65536 old_native_bytes: 134478435 new_native_bytes: 23571328 add_bytes_allowed: 34248699 is_gc_concurrent: 1 target_footprint_: 24221006 GetBytesAllocated: 19258881 HeapGrowthMultiplier: 3
12-18 10:45:47.537  3331  8156 I com.miui.home: CheckGCForNative gc_urgency 0.753698 current_native_bytes is 158049763
12-18 10:45:47.580  3331  3517 I com.miui.home: CheckGCForNative adj_start_bytes: 41192338 NativeAllocationGcWatermark: 11416233 java_gc_start_bytes: 24067989 kNewNativeDiscountFactor: 2 kOldNativeDiscountFactor: 65536 old_native_bytes: 134478435 new_native_bytes: 23690176 add_bytes_allowed: 34248699 is_gc_concurrent: 1 target_footprint_: 24221006 GetBytesAllocated: 19267463 HeapGrowthMultiplier: 3
12-18 10:45:47.580  3331  3517 I com.miui.home: CheckGCForNative gc_urgency 0.755349 current_native_bytes is 158168611
12-18 10:45:47.663  3331  3331 I wm_on_paused_called: [0,27818887,com.miui.home.launcher.Launcher,performPause,1]
12-18 10:45:47.846  3331  3517 I com.miui.home: CheckGCForNative adj_start_bytes: 41192338 NativeAllocationGcWatermark: 11416233 java_gc_start_bytes: 24067989 kNewNativeDiscountFactor: 2 kOldNativeDiscountFactor: 65536 old_native_bytes: 134478435 new_native_bytes: 23587816 add_bytes_allowed: 34248699 is_gc_concurrent: 1 target_footprint_: 24221006 GetBytesAllocated: 19522217 HeapGrowthMultiplier: 3
12-18 10:45:47.846  3331  3517 I com.miui.home: CheckGCForNative gc_urgency 0.760291 current_native_bytes is 158066251
12-18 10:45:48.230 10944 10944 I wm_on_create_called: [0,85071453,com.tencent.mm.ui.LauncherUI,performCreate,1222]
12-18 10:45:48.255 10944 10944 I wm_on_start_called: [0,85071453,com.tencent.mm.ui.LauncherUI,handleStartActivity,16]
12-18 10:45:48.280  3331  3756 I com.miui.home: CheckGCForNative adj_start_bytes: 41192338 NativeAllocationGcWatermark: 11416233 java_gc_start_bytes: 24067989 kNewNativeDiscountFactor: 2 kOldNativeDiscountFactor: 65536 old_native_bytes: 134478435 new_native_bytes: 23655344 add_bytes_allowed: 34248699 is_gc_concurrent: 1 target_footprint_: 24221006 GetBytesAllocated: 20653395 HeapGrowthMultiplier: 3
12-18 10:45:48.280  3331  3756 I com.miui.home: CheckGCForNative gc_urgency 0.788572 current_native_bytes is 158133779
12-18 10:45:48.356 10944 10944 I wm_on_resume_called: [0,85071453,com.tencent.mm.ui.LauncherUI,RESUME_ACTIVITY,99]
12-18 10:45:48.394 10944 10944 I wm_on_paused_called: [0,85071453,com.tencent.mm.ui.LauncherUI,performPause,6]
12-18 10:45:48.404 12783 12783 I wm_on_application_create_called: [0,com.tencent.mm,560]
12-18 10:45:48.416 10944 10944 I wm_on_destroy_called: [0,113529316,com.tencent.mm.ui.LauncherUI,performDestroy,9]
12-18 10:45:48.420 10944 10944 I wm_on_stop_called: [0,229639834,com.tencent.mm.app.WeChatSplashActivity,STOP_ACTIVITY_ITEM,3]
12-18 10:45:48.437 10944 10944 I wm_on_stop_called: [0,85071453,com.tencent.mm.ui.LauncherUI,STOP_ACTIVITY_ITEM,9]
12-18 10:45:48.441  3331  3331 I wm_on_stop_called: [0,27818887,com.miui.home.launcher.Launcher,STOP_ACTIVITY_ITEM,8]
12-18 10:45:48.492 10944 10944 I wm_on_destroy_called: [0,229639834,com.tencent.mm.app.WeChatSplashActivity,performDestroy,4]
12-18 10:45:48.493 12830 12830 I wm_on_application_create_called: [0,com.sina.weibo,510]
12-18 10:45:48.548 10944 10944 I wm_on_idle_called: com.tencent.mm.ui.LauncherUI
12-18 10:45:48.664  3331  3551 I com.miui.home: CheckGCForNative adj_start_bytes: 41192338 NativeAllocationGcWatermark: 11416233 java_gc_start_bytes: 24067989 kNewNativeDiscountFactor: 2 kOldNativeDiscountFactor: 65536 old_native_bytes: 134478435 new_native_bytes: 34695092 add_bytes_allowed: 34248699 is_gc_concurrent: 1 target_footprint_: 24221006 GetBytesAllocated: 21499841 HeapGrowthMultiplier: 3
12-18 10:45:48.664  3331  3551 I com.miui.home: CheckGCForNative gc_urgency 0.943123 current_native_bytes is 169173527
12-18 10:45:48.669  3331  3331 I com.miui.home: CheckGCForNative adj_start_bytes: 41192338 NativeAllocationGcWatermark: 11416233 java_gc_start_bytes: 24067989 kNewNativeDiscountFactor: 2 kOldNativeDiscountFactor: 65536 old_native_bytes: 134478435 new_native_bytes: 45402676 add_bytes_allowed: 34248699 is_gc_concurrent: 1 target_footprint_: 24221006 GetBytesAllocated: 21507354 HeapGrowthMultiplier: 3
12-18 10:45:48.669  3331  3331 I com.miui.home: CheckGCForNative gc_urgency 1.07328 current_native_bytes is 179881111
12-18 10:45:48.669  3331  3331 I com.miui.home: CheckGCForNative requested 1
12-18 10:45:48.710  3331  3331 I wm_on_restart_called: [0,27818887,com.miui.home.launcher.Launcher,,0]
12-18 10:45:48.712  3331  3331 I wm_on_start_called: [0,27818887,com.miui.home.launcher.Launcher,handleStartActivity,1]
12-18 10:45:48.718  3331  3331 I wm_on_resume_called: [0,27818887,com.miui.home.launcher.Launcher,RESUME_ACTIVITY,6]
12-18 10:45:48.780  3331  3331 I wm_on_idle_called: com.miui.home.launcher.Launcher
12-18 10:45:48.800  3331  3363 I com.miui.home: NativeAlloc concurrent copying GC freed 184373(8660KB) AllocSpace objects, 28(784KB) LOS objects, 49% free, 11MB/23MB, paused 45us,26us total 130.220ms
12-18 10:45:48.819  3331  3331 I com.miui.home: CheckGCForNative gc_urgency 0 current_native_bytes is 122762843
12-18 10:45:48.957 10944 10944 I wm_on_create_called: [0,213928639,com.tencent.mm.plugin.account.ui.WelcomeActivity,performCreate,306]
12-18 10:45:48.961 10944 10944 I wm_on_start_called: [0,213928639,com.tencent.mm.plugin.account.ui.WelcomeActivity,handleStartActivity,3]
12-18 10:45:48.973 10944 10944 I wm_on_resume_called: [0,213928639,com.tencent.mm.plugin.account.ui.WelcomeActivity,RESUME_ACTIVITY,9]
12-18 10:45:49.000  3331  3551 I com.miui.home: CheckGCForNative adj_start_bytes: 41042447 NativeAllocationGcWatermark: 11410849 java_gc_start_bytes: 23926174 kNewNativeDiscountFactor: 2 kOldNativeDiscountFactor: 65536 old_native_bytes: 122762843 new_native_bytes: 11584248 add_bytes_allowed: 34232547 is_gc_concurrent: 1 target_footprint_: 24177931 GetBytesAllocated: 13242753 HeapGrowthMultiplier: 3
12-18 10:45:49.002  3331  3551 I com.miui.home: CheckGCForNative gc_urgency 0.463831 current_native_bytes is 134347091
12-18 10:45:49.003  3331  3331 I com.miui.home: CheckGCForNative adj_start_bytes: 41042447 NativeAllocationGcWatermark: 11410849 java_gc_start_bytes: 23926174 kNewNativeDiscountFactor: 2 kOldNativeDiscountFactor: 65536 old_native_bytes: 122762843 new_native_bytes: 22291512 add_bytes_allowed: 34232547 is_gc_concurrent: 1 target_footprint_: 24177931 GetBytesAllocated: 13264226 HeapGrowthMultiplier: 3
12-18 10:45:49.003  3331  3331 I com.miui.home: CheckGCForNative gc_urgency 0.594795 current_native_bytes is 145054355
12-18 10:45:49.004  3331  3755 I com.miui.home: CheckGCForNative adj_start_bytes: 41042447 NativeAllocationGcWatermark: 11410849 java_gc_start_bytes: 23926174 kNewNativeDiscountFactor: 2 kOldNativeDiscountFactor: 65536 old_native_bytes: 122762843 new_native_bytes: 22372536 add_bytes_allowed: 34232547 is_gc_concurrent: 1 target_footprint_: 24177931 GetBytesAllocated: 13275280 HeapGrowthMultiplier: 3
12-18 10:45:49.004  3331  3755 I com.miui.home: CheckGCForNative gc_urgency 0.596132 current_native_bytes is 145135379
12-18 10:45:49.022 10944 10944 I wm_on_top_resumed_gained_called: [213928639,com.tencent.mm.plugin.account.ui.WelcomeActivity,topStateChangedWhenResumed]
12-18 10:45:49.023 10944 10944 I wm_on_top_resumed_lost_called: [213928639,com.tencent.mm.plugin.account.ui.WelcomeActivity,topStateChangedWhenResumed]
12-18 10:45:49.036  3331  3331 I wm_on_top_resumed_gained_called: [27818887,com.miui.home.launcher.Launcher,topStateChangedWhenResumed]
12-18 10:45:49.094  3331  3756 I com.miui.home: CheckGCForNative adj_start_bytes: 41042447 NativeAllocationGcWatermark: 11410849 java_gc_start_bytes: 23926174 kNewNativeDiscountFactor: 2 kOldNativeDiscountFactor: 65536 old_native_bytes: 122762843 new_native_bytes: 22460940 add_bytes_allowed: 34232547 is_gc_concurrent: 1 target_footprint_: 24177931 GetBytesAllocated: 13564536 HeapGrowthMultiplier: 3
12-18 10:45:49.094  3331  3756 I com.miui.home: CheckGCForNative gc_urgency 0.604176 current_native_bytes is 145223783
12-18 10:45:49.102  3331  3517 I com.miui.home: CheckGCForNative adj_start_bytes: 41042447 NativeAllocationGcWatermark: 11410849 java_gc_start_bytes: 23926174 kNewNativeDiscountFactor: 2 kOldNativeDiscountFactor: 65536 old_native_bytes: 122762843 new_native_bytes: 11755020 add_bytes_allowed: 34232547 is_gc_concurrent: 1 target_footprint_: 24177931 GetBytesAllocated: 13570624 HeapGrowthMultiplier: 3
12-18 10:45:49.102  3331  3517 I com.miui.home: CheckGCForNative gc_urgency 0.4739 current_native_bytes is 134517863
12-18 10:45:49.102  3331  3756 I com.miui.home: CheckGCForNative adj_start_bytes: 41042447 NativeAllocationGcWatermark: 11410849 java_gc_start_bytes: 23926174 kNewNativeDiscountFactor: 2 kOldNativeDiscountFactor: 65536 old_native_bytes: 122762843 new_native_bytes: 22453964 add_bytes_allowed: 34232547 is_gc_concurrent: 1 target_footprint_: 24177931 GetBytesAllocated: 13587008 HeapGrowthMultiplier: 3
12-18 10:45:49.102  3331  3756 I com.miui.home: CheckGCForNative gc_urgency 0.604639 current_native_bytes is 145216807
12-18 10:45:49.103  3331  3756 I com.miui.home: CheckGCForNative adj_start_bytes: 41042447 NativeAllocationGcWatermark: 11410849 java_gc_start_bytes: 23926174 kNewNativeDiscountFactor: 2 kOldNativeDiscountFactor: 65536 old_native_bytes: 122762843 new_native_bytes: 33160972 add_bytes_allowed: 34232547 is_gc_concurrent: 1 target_footprint_: 24177931 GetBytesAllocated: 13600171 HeapGrowthMultiplier: 3
12-18 10:45:49.103  3331  3756 I com.miui.home: CheckGCForNative gc_urgency 0.735398 current_native_bytes is 155923815
12-18 10:45:49.368  3331  3517 I com.miui.home: CheckGCForNative adj_start_bytes: 41042447 NativeAllocationGcWatermark: 11410849 java_gc_start_bytes: 23926174 kNewNativeDiscountFactor: 2 kOldNativeDiscountFactor: 65536 old_native_bytes: 122762843 new_native_bytes: 22789152 add_bytes_allowed: 34232547 is_gc_concurrent: 1 target_footprint_: 24177931 GetBytesAllocated: 14278019 HeapGrowthMultiplier: 3
12-18 10:45:49.368  3331  3517 I com.miui.home: CheckGCForNative gc_urgency 0.625559 current_native_bytes is 145551995
12-18 10:45:49.474  3331  3551 I com.miui.home: CheckGCForNative adj_start_bytes: 41042447 NativeAllocationGcWatermark: 11410849 java_gc_start_bytes: 23926174 kNewNativeDiscountFactor: 2 kOldNativeDiscountFactor: 65536 old_native_bytes: 122762843 new_native_bytes: 33536608 add_bytes_allowed: 34232547 is_gc_concurrent: 1 target_footprint_: 24177931 GetBytesAllocated: 14321976 HeapGrowthMultiplier: 3
12-18 10:45:49.474  3331  3516 I com.miui.home: CheckGCForNative adj_start_bytes: 41042447 NativeAllocationGcWatermark: 11410849 java_gc_start_bytes: 23926174 kNewNativeDiscountFactor: 2 kOldNativeDiscountFactor: 65536 old_native_bytes: 122762843 new_native_bytes: 44242528 add_bytes_allowed: 34232547 is_gc_concurrent: 1 target_footprint_: 24177931 GetBytesAllocated: 14321976 HeapGrowthMultiplier: 3
12-18 10:45:49.474  3331  3551 I com.miui.home: CheckGCForNative gc_urgency 0.757561 current_native_bytes is 156299451
12-18 10:45:49.474  3331  3516 I com.miui.home: CheckGCForNative gc_urgency 0.887986 current_native_bytes is 167005371
12-18 10:45:49.475  3331  3331 I com.miui.home: CheckGCForNative adj_start_bytes: 41042447 NativeAllocationGcWatermark: 11410849 java_gc_start_bytes: 23926174 kNewNativeDiscountFactor: 2 kOldNativeDiscountFactor: 65536 old_native_bytes: 122762843 new_native_bytes: 65656416 add_bytes_allowed: 34232547 is_gc_concurrent: 1 target_footprint_: 24177931 GetBytesAllocated: 14329288 HeapGrowthMultiplier: 3
12-18 10:45:49.475  3331  3331 I com.miui.home: CheckGCForNative gc_urgency 1.14904 current_native_bytes is 188419259
12-18 10:45:49.475  3331  3331 I com.miui.home: CheckGCForNative requested 1
12-18 10:45:49.476  3331  3516 I com.miui.home: CheckGCForNative adj_start_bytes: 41042447 NativeAllocationGcWatermark: 11410849 java_gc_start_bytes: 23926174 kNewNativeDiscountFactor: 2 kOldNativeDiscountFactor: 65536 old_native_bytes: 122762843 new_native_bytes: 65656416 add_bytes_allowed: 34232547 is_gc_concurrent: 1 target_footprint_: 24177931 GetBytesAllocated: 14329288 HeapGrowthMultiplier: 3
12-18 10:45:49.476  3331  3516 I com.miui.home: CheckGCForNative gc_urgency 1.14904 current_native_bytes is 188419259
12-18 10:45:49.476  3331  3516 I com.miui.home: CheckGCForNative requested 1
12-18 10:45:49.499 10944 10944 I wm_on_paused_called: [0,213928639,com.tencent.mm.plugin.account.ui.WelcomeActivity,performPause,6]
12-18 10:45:49.558 10944 10944 I wm_on_stop_called: [0,213928639,com.tencent.mm.plugin.account.ui.WelcomeActivity,STOP_ACTIVITY_ITEM,7]
12-18 10:45:49.569 10944 10944 I wm_on_idle_called: com.tencent.mm.plugin.account.ui.WelcomeActivity
12-18 10:45:49.689  3331  3756 I com.miui.home: CheckGCForNative gc_urgency 0 current_native_bytes is 144800283
12-18 10:45:49.931  3331  3331 I wm_on_top_resumed_lost_called: [27818887,com.miui.home.launcher.Launcher,topStateChangedWhenResumed]
12-18 10:45:49.934  3331  3331 I wm_on_paused_called: [0,27818887,com.miui.home.launcher.Launcher,performPause,2]
12-18 10:45:49.960  3331  3485 I com.miui.home: CheckGCForNative gc_urgency 0 current_native_bytes is 134460415
12-18 10:45:50.227  3331  3756 I com.miui.home: CheckGCForNative adj_start_bytes: 40976999 NativeAllocationGcWatermark: 11391256 java_gc_start_bytes: 23890115 kNewNativeDiscountFactor: 2 kOldNativeDiscountFactor: 65536 old_native_bytes: 134460415 new_native_bytes: 497792 add_bytes_allowed: 34173768 is_gc_concurrent: 1 target_footprint_: 24021187 GetBytesAllocated: 15027386 HeapGrowthMultiplier: 3
12-18 10:45:50.227  3331  3756 I com.miui.home: CheckGCForNative gc_urgency 0.372851 current_native_bytes is 134958207
12-18 10:45:50.424  3331  3517 I com.miui.home: CheckGCForNative adj_start_bytes: 40976999 NativeAllocationGcWatermark: 11391256 java_gc_start_bytes: 23890115 kNewNativeDiscountFactor: 2 kOldNativeDiscountFactor: 65536 old_native_bytes: 134460415 new_native_bytes: 642240 add_bytes_allowed: 34173768 is_gc_concurrent: 1 target_footprint_: 24021187 GetBytesAllocated: 15276193 HeapGrowthMultiplier: 3
12-18 10:45:50.424  3331  3517 I com.miui.home: CheckGCForNative gc_urgency 0.380686 current_native_bytes is 135102655
12-18 10:45:50.546  3331  3517 I com.miui.home: CheckGCForNative adj_start_bytes: 40976999 NativeAllocationGcWatermark: 11391256 java_gc_start_bytes: 23890115 kNewNativeDiscountFactor: 2 kOldNativeDiscountFactor: 65536 old_native_bytes: 134460415 new_native_bytes: 641472 add_bytes_allowed: 34173768 is_gc_concurrent: 1 target_footprint_: 24021187 GetBytesAllocated: 15308961 HeapGrowthMultiplier: 3
12-18 10:45:50.546  3331  3517 I com.miui.home: CheckGCForNative gc_urgency 0.381476 current_native_bytes is 135101887
12-18 10:45:50.664 13148 13148 I wm_on_application_create_called: [0,com.UCMobile,231]
12-18 10:45:51.225  3331  3331 I wm_on_resume_called: [0,27818887,com.miui.home.launcher.Launcher,RESUME_ACTIVITY,4]
12-18 10:45:51.236  3331  3331 I wm_on_idle_called: com.miui.home.launcher.Launcher
12-18 10:45:51.441  3331  3630 I com.miui.home: CheckGCForNative adj_start_bytes: 40976999 NativeAllocationGcWatermark: 11391256 java_gc_start_bytes: 23890115 kNewNativeDiscountFactor: 2 kOldNativeDiscountFactor: 65536 old_native_bytes: 134460415 new_native_bytes: 11168660 add_bytes_allowed: 34173768 is_gc_concurrent: 1 target_footprint_: 24021187 GetBytesAllocated: 16953327 HeapGrowthMultiplier: 3
12-18 10:45:51.441  3331  3630 I com.miui.home: CheckGCForNative gc_urgency 0.550058 current_native_bytes is 145629075
12-18 10:45:51.441  3331  4101 I com.miui.home: CheckGCForNative adj_start_bytes: 40976999 NativeAllocationGcWatermark: 11391256 java_gc_start_bytes: 23890115 kNewNativeDiscountFactor: 2 kOldNativeDiscountFactor: 65536 old_native_bytes: 134460415 new_native_bytes: 21874580 add_bytes_allowed: 34173768 is_gc_concurrent: 1 target_footprint_: 24021187 GetBytesAllocated: 16953327 HeapGrowthMultiplier: 3
12-18 10:45:51.441  3331  4101 I com.miui.home: CheckGCForNative gc_urgency 0.680696 current_native_bytes is 156334995
12-18 10:45:51.441  3331  3331 I com.miui.home: CheckGCForNative adj_start_bytes: 40976999 NativeAllocationGcWatermark: 11391256 java_gc_start_bytes: 23890115 kNewNativeDiscountFactor: 2 kOldNativeDiscountFactor: 65536 old_native_bytes: 134460415 new_native_bytes: 32581844 add_bytes_allowed: 34173768 is_gc_concurrent: 1 target_footprint_: 24021187 GetBytesAllocated: 16968690 HeapGrowthMultiplier: 3
12-18 10:45:51.441  3331  3331 I com.miui.home: CheckGCForNative gc_urgency 0.811715 current_native_bytes is 167042259
12-18 10:45:51.442  3331  3630 I com.miui.home: CheckGCForNative adj_start_bytes: 40976999 NativeAllocationGcWatermark: 11391256 java_gc_start_bytes: 23890115 kNewNativeDiscountFactor: 2 kOldNativeDiscountFactor: 65536 old_native_bytes: 134460415 new_native_bytes: 32584404 add_bytes_allowed: 34173768 is_gc_concurrent: 1 target_footprint_: 24021187 GetBytesAllocated: 16968690 HeapGrowthMultiplier: 3
12-18 10:45:51.442  3331  3630 I com.miui.home: CheckGCForNative gc_urgency 0.811747 current_native_bytes is 167044819
12-18 10:45:51.544 13148 13148 I wm_on_create_called: [0,19700455,com.UCMobile.main.UCMobile,performCreate,859]
12-18 10:45:51.602  3331  3517 I com.miui.home: CheckGCForNative adj_start_bytes: 40976999 NativeAllocationGcWatermark: 11391256 java_gc_start_bytes: 23890115 kNewNativeDiscountFactor: 2 kOldNativeDiscountFactor: 65536 old_native_bytes: 134460415 new_native_bytes: 22002948 add_bytes_allowed: 34173768 is_gc_concurrent: 1 target_footprint_: 24021187 GetBytesAllocated: 17061329 HeapGrowthMultiplier: 3
12-18 10:45:51.602  3331  3517 I com.miui.home: CheckGCForNative gc_urgency 0.684893 current_native_bytes is 156463363
12-18 10:45:51.625  3331  3331 I wm_on_top_resumed_gained_called: [27818887,com.miui.home.launcher.Launcher,topStateChangedWhenResumed]
12-18 10:45:51.691  3331  3517 I com.miui.home: CheckGCForNative adj_start_bytes: 40976999 NativeAllocationGcWatermark: 11391256 java_gc_start_bytes: 23890115 kNewNativeDiscountFactor: 2 kOldNativeDiscountFactor: 65536 old_native_bytes: 134460415 new_native_bytes: 21973284 add_bytes_allowed: 34173768 is_gc_concurrent: 1 target_footprint_: 24021187 GetBytesAllocated: 17100337 HeapGrowthMultiplier: 3
12-18 10:45:51.691  3331  3517 I com.miui.home: CheckGCForNative gc_urgency 0.685483 current_native_bytes is 156433699
12-18 10:45:51.869  3331  3517 I com.miui.home: CheckGCForNative adj_start_bytes: 40976999 NativeAllocationGcWatermark: 11391256 java_gc_start_bytes: 23890115 kNewNativeDiscountFactor: 2 kOldNativeDiscountFactor: 65536 old_native_bytes: 134460415 new_native_bytes: 22357304 add_bytes_allowed: 34173768 is_gc_concurrent: 1 target_footprint_: 24021187 GetBytesAllocated: 17768512 HeapGrowthMultiplier: 3
12-18 10:45:51.869  3331  3517 I com.miui.home: CheckGCForNative gc_urgency 0.706475 current_native_bytes is 156817719
12-18 10:45:51.873  3331  3756 I com.miui.home: CheckGCForNative adj_start_bytes: 40976999 NativeAllocationGcWatermark: 11391256 java_gc_start_bytes: 23890115 kNewNativeDiscountFactor: 2 kOldNativeDiscountFactor: 65536 old_native_bytes: 134460415 new_native_bytes: 33063800 add_bytes_allowed: 34173768 is_gc_concurrent: 1 target_footprint_: 24021187 GetBytesAllocated: 17789498 HeapGrowthMultiplier: 3
12-18 10:45:51.873  3331  3756 I com.miui.home: CheckGCForNative gc_urgency 0.837627 current_native_bytes is 167524215
12-18 10:45:51.886 13148 13148 I wm_on_create_called: [0,231340630,com.uc.browser.InnerUCMobile,performCreate,50]
12-18 10:45:51.906 13148 13148 I wm_on_start_called: [0,231340630,com.uc.browser.InnerUCMobile,handleStartActivity,17]
12-18 10:45:51.931  3331  3516 I com.miui.home: CheckGCForNative adj_start_bytes: 40976999 NativeAllocationGcWatermark: 11391256 java_gc_start_bytes: 23890115 kNewNativeDiscountFactor: 2 kOldNativeDiscountFactor: 65536 old_native_bytes: 134460415 new_native_bytes: 33071976 add_bytes_allowed: 34173768 is_gc_concurrent: 1 target_footprint_: 24021187 GetBytesAllocated: 18019945 HeapGrowthMultiplier: 3
12-18 10:45:51.931  3331  3516 I com.miui.home: CheckGCForNative gc_urgency 0.843351 current_native_bytes is 167532391
12-18 10:45:51.932  3331  3516 I com.miui.home: CheckGCForNative adj_start_bytes: 40976999 NativeAllocationGcWatermark: 11391256 java_gc_start_bytes: 23890115 kNewNativeDiscountFactor: 2 kOldNativeDiscountFactor: 65536 old_native_bytes: 134460415 new_native_bytes: 43778920 add_bytes_allowed: 34173768 is_gc_concurrent: 1 target_footprint_: 24021187 GetBytesAllocated: 18031642 HeapGrowthMultiplier: 3
12-18 10:45:51.932  3331  3516 I com.miui.home: CheckGCForNative gc_urgency 0.974282 current_native_bytes is 178239335
12-18 10:45:51.936  3331  3630 I com.miui.home: CheckGCForNative adj_start_bytes: 40976999 NativeAllocationGcWatermark: 11391256 java_gc_start_bytes: 23890115 kNewNativeDiscountFactor: 2 kOldNativeDiscountFactor: 65536 old_native_bytes: 134460415 new_native_bytes: 43781224 add_bytes_allowed: 34173768 is_gc_concurrent: 1 target_footprint_: 24021187 GetBytesAllocated: 18074487 HeapGrowthMultiplier: 3
12-18 10:45:51.937  3331  3630 I com.miui.home: CheckGCForNative gc_urgency 0.975356 current_native_bytes is 178241639
12-18 10:45:51.981 13148 13148 I wm_on_resume_called: [0,231340630,com.uc.browser.InnerUCMobile,RESUME_ACTIVITY,23]
12-18 10:45:52.021  3331  3756 I com.miui.home: CheckGCForNative adj_start_bytes: 40976999 NativeAllocationGcWatermark: 11391256 java_gc_start_bytes: 23890115 kNewNativeDiscountFactor: 2 kOldNativeDiscountFactor: 65536 old_native_bytes: 134460415 new_native_bytes: 43927772 add_bytes_allowed: 34173768 is_gc_concurrent: 1 target_footprint_: 24021187 GetBytesAllocated: 18468558 HeapGrowthMultiplier: 3
12-18 10:45:52.021  3331  3756 I com.miui.home: CheckGCForNative gc_urgency 0.986761 current_native_bytes is 178388187
12-18 10:45:52.163 13148 13148 I wm_on_destroy_called: [0,19700455,com.UCMobile.main.UCMobile,performDestroy,1]
12-18 10:45:52.280 13148 13148 I wm_on_paused_called: [0,231340630,com.uc.browser.InnerUCMobile,performPause,74]
12-18 10:45:52.319  3331  3331 I wm_on_top_resumed_lost_called: [27818887,com.miui.home.launcher.Launcher,topStateChangedWhenResumed]
12-18 10:45:52.369  3331  3331 I wm_on_paused_called: [0,27818887,com.miui.home.launcher.Launcher,performPause,1]
12-18 10:45:52.635  3331  3517 I com.miui.home: CheckGCForNative adj_start_bytes: 40976999 NativeAllocationGcWatermark: 11391256 java_gc_start_bytes: 23890115 kNewNativeDiscountFactor: 2 kOldNativeDiscountFactor: 65536 old_native_bytes: 134460415 new_native_bytes: 34137108 add_bytes_allowed: 34173768 is_gc_concurrent: 1 target_footprint_: 24021187 GetBytesAllocated: 19388216 HeapGrowthMultiplier: 3
12-18 10:45:52.635  3331  3517 I com.miui.home: CheckGCForNative gc_urgency 0.889739 current_native_bytes is 168597523
12-18 10:45:52.691  3331  3756 I com.miui.home: CheckGCForNative adj_start_bytes: 40976999 NativeAllocationGcWatermark: 11391256 java_gc_start_bytes: 23890115 kNewNativeDiscountFactor: 2 kOldNativeDiscountFactor: 65536 old_native_bytes: 134460415 new_native_bytes: 45037224 add_bytes_allowed: 34173768 is_gc_concurrent: 1 target_footprint_: 24021187 GetBytesAllocated: 19640080 HeapGrowthMultiplier: 3
12-18 10:45:52.691  3331  3756 I com.miui.home: CheckGCForNative gc_urgency 1.029 current_native_bytes is 179497639
12-18 10:45:52.691  3331  3756 I com.miui.home: CheckGCForNative requested 1
12-18 10:45:52.780  3331  3517 I com.miui.home: CheckGCForNative gc_urgency 0 current_native_bytes is 123146643
12-18 10:45:52.835  3331  3517 I com.miui.home: CheckGCForNative adj_start_bytes: 41111275 NativeAllocationGcWatermark: 11425021 java_gc_start_bytes: 23973744 kNewNativeDiscountFactor: 2 kOldNativeDiscountFactor: 65536 old_native_bytes: 123146643 new_native_bytes: 789652 add_bytes_allowed: 34275063 is_gc_concurrent: 1 target_footprint_: 24291308 GetBytesAllocated: 12595751 HeapGrowthMultiplier: 3
12-18 10:45:52.835  3331  3517 I com.miui.home: CheckGCForNative gc_urgency 0.316031 current_native_bytes is 123936295
12-18 10:45:53.370 13531 13531 I wm_on_create_called: [0,92471695,com.tencent.mtt.SplashActivity,performCreate,55]
12-18 10:45:53.444 13531 13531 I wm_on_create_called: [0,152567891,com.tencent.mtt.MainActivity,performCreate,33]
12-18 10:45:53.608  3331  3756 I com.miui.home: CheckGCForNative adj_start_bytes: 41111275 NativeAllocationGcWatermark: 11425021 java_gc_start_bytes: 23973744 kNewNativeDiscountFactor: 2 kOldNativeDiscountFactor: 65536 old_native_bytes: 123146643 new_native_bytes: 625216 add_bytes_allowed: 34275063 is_gc_concurrent: 1 target_footprint_: 24291308 GetBytesAllocated: 13370403 HeapGrowthMultiplier: 3
12-18 10:45:53.608  3331  3756 I com.miui.home: CheckGCForNative gc_urgency 0.332874 current_native_bytes is 123771859
12-18 10:45:53.714 13673 13673 I wm_on_create_called: [0,210129226,com.tencent.mtt.BlockActivity,performCreate,61]
12-18 10:45:53.717 13673 13673 I wm_on_start_called: [0,210129226,com.tencent.mtt.BlockActivity,handleStartActivity,2]
12-18 10:45:53.726 13673 13673 I wm_on_resume_called: [0,210129226,com.tencent.mtt.BlockActivity,RESUME_ACTIVITY,7]
12-18 10:45:53.756 13673 13673 I wm_on_top_resumed_gained_called: [210129226,com.tencent.mtt.BlockActivity,topStateChangedWhenResumed]
12-18 10:45:53.896 13673 13673 I wm_on_idle_called: com.tencent.mtt.BlockActivity
12-18 10:45:53.906  3331  3331 I wm_on_stop_called: [0,27818887,com.miui.home.launcher.Launcher,STOP_ACTIVITY_ITEM,3]
12-18 10:45:53.909 13531 13531 I wm_on_destroy_called: [0,92471695,com.tencent.mtt.SplashActivity,performDestroy,3]
12-18 10:45:53.913 13531 13531 I wm_on_destroy_called: [0,152567891,com.tencent.mtt.MainActivity,performDestroy,3]
12-18 10:45:53.973  3331  3331 I wm_on_restart_called: [0,27818887,com.miui.home.launcher.Launcher,,0]
12-18 10:45:53.974  3331  3331 I wm_on_start_called: [0,27818887,com.miui.home.launcher.Launcher,handleStartActivity,1]
12-18 10:45:53.978  3331  3331 I wm_on_resume_called: [0,27818887,com.miui.home.launcher.Launcher,RESUME_ACTIVITY,4]
12-18 10:45:54.013  3331  3331 I com.miui.home: CheckGCForNative adj_start_bytes: 41111275 NativeAllocationGcWatermark: 11425021 java_gc_start_bytes: 23973744 kNewNativeDiscountFactor: 2 kOldNativeDiscountFactor: 65536 old_native_bytes: 123146643 new_native_bytes: 1216380 add_bytes_allowed: 34275063 is_gc_concurrent: 1 target_footprint_: 24291308 GetBytesAllocated: 15537753 HeapGrowthMultiplier: 3
12-18 10:45:54.013  3331  3331 I com.miui.home: CheckGCForNative gc_urgency 0.392783 current_native_bytes is 124363023
12-18 10:45:54.015  3331  3331 I wm_on_idle_called: com.miui.home.launcher.Launcher
12-18 10:45:54.101 13673 13673 I wm_on_top_resumed_lost_called: [210129226,com.tencent.mtt.BlockActivity,topStateChangedWhenResumed]
12-18 10:45:54.121  3331  3331 I wm_on_top_resumed_gained_called: [27818887,com.miui.home.launcher.Launcher,topStateChangedWhenResumed]
12-18 10:45:54.129  3331  4101 I com.miui.home: CheckGCForNative adj_start_bytes: 41111275 NativeAllocationGcWatermark: 11425021 java_gc_start_bytes: 23973744 kNewNativeDiscountFactor: 2 kOldNativeDiscountFactor: 65536 old_native_bytes: 123146643 new_native_bytes: 11925156 add_bytes_allowed: 34275063 is_gc_concurrent: 1 target_footprint_: 24291308 GetBytesAllocated: 15570652 HeapGrowthMultiplier: 3
12-18 10:45:54.129  3331  4101 I com.miui.home: CheckGCForNative gc_urgency 0.523825 current_native_bytes is 135071799
12-18 10:45:54.130  3331  4101 I com.miui.home: CheckGCForNative adj_start_bytes: 41111275 NativeAllocationGcWatermark: 11425021 java_gc_start_bytes: 23973744 kNewNativeDiscountFactor: 2 kOldNativeDiscountFactor: 65536 old_native_bytes: 123146643 new_native_bytes: 22632100 add_bytes_allowed: 34275063 is_gc_concurrent: 1 target_footprint_: 24291308 GetBytesAllocated: 15576659 HeapGrowthMultiplier: 3
12-18 10:45:54.130  3331  4101 I com.miui.home: CheckGCForNative gc_urgency 0.65419 current_native_bytes is 145778743
12-18 10:45:54.169  3331  3755 I com.miui.home: CheckGCForNative adj_start_bytes: 41111275 NativeAllocationGcWatermark: 11425021 java_gc_start_bytes: 23973744 kNewNativeDiscountFactor: 2 kOldNativeDiscountFactor: 65536 old_native_bytes: 123146643 new_native_bytes: 22662516 add_bytes_allowed: 34275063 is_gc_concurrent: 1 target_footprint_: 24291308 GetBytesAllocated: 15656141 HeapGrowthMultiplier: 3
12-18 10:45:54.169  3331  3755 I com.miui.home: CheckGCForNative gc_urgency 0.656493 current_native_bytes is 145809159
12-18 10:45:54.257  3331  3517 I com.miui.home: CheckGCForNative adj_start_bytes: 41111275 NativeAllocationGcWatermark: 11425021 java_gc_start_bytes: 23973744 kNewNativeDiscountFactor: 2 kOldNativeDiscountFactor: 65536 old_native_bytes: 123146643 new_native_bytes: 11872884 add_bytes_allowed: 34275063 is_gc_concurrent: 1 target_footprint_: 24291308 GetBytesAllocated: 15686483 HeapGrowthMultiplier: 3
12-18 10:45:54.258  3331  3517 I com.miui.home: CheckGCForNative gc_urgency 0.526007 current_native_bytes is 135019527
12-18 10:45:54.602  3331  3516 I com.miui.home: CheckGCForNative adj_start_bytes: 41111275 NativeAllocationGcWatermark: 11425021 java_gc_start_bytes: 23973744 kNewNativeDiscountFactor: 2 kOldNativeDiscountFactor: 65536 old_native_bytes: 123146643 new_native_bytes: 22604660 add_bytes_allowed: 34275063 is_gc_concurrent: 1 target_footprint_: 24291308 GetBytesAllocated: 15835211 HeapGrowthMultiplier: 3
12-18 10:45:54.602  3331  3516 I com.miui.home: CheckGCForNative gc_urgency 0.660145 current_native_bytes is 145751303
12-18 10:45:54.602  3331  3516 I com.miui.home: CheckGCForNative adj_start_bytes: 41111275 NativeAllocationGcWatermark: 11425021 java_gc_start_bytes: 23973744 kNewNativeDiscountFactor: 2 kOldNativeDiscountFactor: 65536 old_native_bytes: 123146643 new_native_bytes: 33311604 add_bytes_allowed: 34275063 is_gc_concurrent: 1 target_footprint_: 24291308 GetBytesAllocated: 15844825 HeapGrowthMultiplier: 3
12-18 10:45:54.602  3331  3516 I com.miui.home: CheckGCForNative gc_urgency 0.790598 current_native_bytes is 156458247
12-18 10:45:54.606  3331  3551 I com.miui.home: CheckGCForNative adj_start_bytes: 41111275 NativeAllocationGcWatermark: 11425021 java_gc_start_bytes: 23973744 kNewNativeDiscountFactor: 2 kOldNativeDiscountFactor: 65536 old_native_bytes: 123146643 new_native_bytes: 33234260 add_bytes_allowed: 34275063 is_gc_concurrent: 1 target_footprint_: 24291308 GetBytesAllocated: 15844825 HeapGrowthMultiplier: 3
12-18 10:45:54.606  3331  3551 I com.miui.home: CheckGCForNative gc_urgency 0.789658 current_native_bytes is 156380903
12-18 10:45:54.614 13673 13673 I wm_on_paused_called: [0,210129226,com.tencent.mtt.BlockActivity,performPause,0]
12-18 10:45:54.660  3331  3331 I com.miui.home: CheckGCForNative adj_start_bytes: 41111275 NativeAllocationGcWatermark: 11425021 java_gc_start_bytes: 23973744 kNewNativeDiscountFactor: 2 kOldNativeDiscountFactor: 65536 old_native_bytes: 123146643 new_native_bytes: 22491924 add_bytes_allowed: 34275063 is_gc_concurrent: 1 target_footprint_: 24291308 GetBytesAllocated: 15877593 HeapGrowthMultiplier: 3
12-18 10:45:54.660  3331  3331 I com.miui.home: CheckGCForNative gc_urgency 0.659805 current_native_bytes is 145638567
12-18 10:45:54.727 13673 13673 I wm_on_stop_called: [0,210129226,com.tencent.mtt.BlockActivity,STOP_ACTIVITY_ITEM,41]
12-18 10:45:54.769  3331  3756 I com.miui.home: CheckGCForNative adj_start_bytes: 41111275 NativeAllocationGcWatermark: 11425021 java_gc_start_bytes: 23973744 kNewNativeDiscountFactor: 2 kOldNativeDiscountFactor: 65536 old_native_bytes: 123146643 new_native_bytes: 33313008 add_bytes_allowed: 34275063 is_gc_concurrent: 1 target_footprint_: 24291308 GetBytesAllocated: 16517780 HeapGrowthMultiplier: 3
12-18 10:45:54.769  3331  3756 I com.miui.home: CheckGCForNative gc_urgency 0.806985 current_native_bytes is 156459651
12-18 10:45:54.792  3331  3756 I com.miui.home: CheckGCForNative adj_start_bytes: 41111275 NativeAllocationGcWatermark: 11425021 java_gc_start_bytes: 23973744 kNewNativeDiscountFactor: 2 kOldNativeDiscountFactor: 65536 old_native_bytes: 123146643 new_native_bytes: 22775588 add_bytes_allowed: 34275063 is_gc_concurrent: 1 target_footprint_: 24291308 GetBytesAllocated: 16961728 HeapGrowthMultiplier: 3
12-18 10:45:54.792  3331  3756 I com.miui.home: CheckGCForNative gc_urgency 0.689626 current_native_bytes is 145922231
12-18 10:45:54.936  3331  3331 I wm_on_top_resumed_lost_called: [27818887,com.miui.home.launcher.Launcher,topStateChangedWhenResumed]
12-18 10:45:54.939  3331  3331 I wm_on_paused_called: [0,27818887,com.miui.home.launcher.Launcher,performPause,2]
12-18 10:45:55.111  3331  3630 I com.miui.home: CheckGCForNative adj_start_bytes: 41111275 NativeAllocationGcWatermark: 11425021 java_gc_start_bytes: 23973744 kNewNativeDiscountFactor: 2 kOldNativeDiscountFactor: 65536 old_native_bytes: 123146643 new_native_bytes: 23297480 add_bytes_allowed: 34275063 is_gc_concurrent: 1 target_footprint_: 24291308 GetBytesAllocated: 18267192 HeapGrowthMultiplier: 3
12-18 10:45:55.111  3331  3630 I com.miui.home: CheckGCForNative gc_urgency 0.727728 current_native_bytes is 146444123
12-18 10:45:55.346  3331  3517 I com.miui.home: CheckGCForNative adj_start_bytes: 41111275 NativeAllocationGcWatermark: 11425021 java_gc_start_bytes: 23973744 kNewNativeDiscountFactor: 2 kOldNativeDiscountFactor: 65536 old_native_bytes: 123146643 new_native_bytes: 23493588 add_bytes_allowed: 34275063 is_gc_concurrent: 1 target_footprint_: 24291308 GetBytesAllocated: 19010959 HeapGrowthMultiplier: 3
12-18 10:45:55.346  3331  3517 I com.miui.home: CheckGCForNative gc_urgency 0.748204 current_native_bytes is 146640231
12-18 10:45:55.830 13790 13790 I wm_on_application_create_called: [0,com.youku.phone,421]
12-18 10:45:55.931 13790 13790 I wm_on_create_called: [0,102394060,com.youku.phone.ActivityWelcome,performCreate,68]
12-18 10:45:56.187  3331  3756 I com.miui.home: CheckGCForNative adj_start_bytes: 41111275 NativeAllocationGcWatermark: 11425021 java_gc_start_bytes: 23973744 kNewNativeDiscountFactor: 2 kOldNativeDiscountFactor: 65536 old_native_bytes: 123146643 new_native_bytes: 23466168 add_bytes_allowed: 34275063 is_gc_concurrent: 1 target_footprint_: 24291308 GetBytesAllocated: 19654052 HeapGrowthMultiplier: 3
12-18 10:45:56.187  3331  3756 I com.miui.home: CheckGCForNative gc_urgency 0.763514 current_native_bytes is 146612811
12-18 10:45:56.188  3331  3756 I com.miui.home: CheckGCForNative adj_start_bytes: 41111275 NativeAllocationGcWatermark: 11425021 java_gc_start_bytes: 23973744 kNewNativeDiscountFactor: 2 kOldNativeDiscountFactor: 65536 old_native_bytes: 123146643 new_native_bytes: 23480496 add_bytes_allowed: 34275063 is_gc_concurrent: 1 target_footprint_: 24291308 GetBytesAllocated: 19654052 HeapGrowthMultiplier: 3
12-18 10:45:56.188  3331  3756 I com.miui.home: CheckGCForNative gc_urgency 0.763688 current_native_bytes is 146627139
12-18 10:45:56.222 13790 13790 I wm_on_create_called: [0,72299630,com.youku.v2.HomePageEntry,performCreate,113]
12-18 10:45:56.328  3331  3331 I wm_on_resume_called: [0,27818887,com.miui.home.launcher.Launcher,RESUME_ACTIVITY,13]
12-18 10:45:56.337  3331  3331 I wm_on_idle_called: com.miui.home.launcher.Launcher
12-18 10:45:56.459 13790 13790 I wm_on_start_called: [0,72299630,com.youku.v2.HomePageEntry,handleStartActivity,235]
12-18 10:45:56.465  3331  4101 I com.miui.home: CheckGCForNative adj_start_bytes: 41111275 NativeAllocationGcWatermark: 11425021 java_gc_start_bytes: 23973744 kNewNativeDiscountFactor: 2 kOldNativeDiscountFactor: 65536 old_native_bytes: 123146643 new_native_bytes: 34866200 add_bytes_allowed: 34275063 is_gc_concurrent: 1 target_footprint_: 24291308 GetBytesAllocated: 21983219 HeapGrowthMultiplier: 3
12-18 10:45:56.465  3331  4101 I com.miui.home: CheckGCForNative gc_urgency 0.958817 current_native_bytes is 158012843
12-18 10:45:56.466  3331  4101 I com.miui.home: CheckGCForNative adj_start_bytes: 41111275 NativeAllocationGcWatermark: 11425021 java_gc_start_bytes: 23973744 kNewNativeDiscountFactor: 2 kOldNativeDiscountFactor: 65536 old_native_bytes: 123146643 new_native_bytes: 45573144 add_bytes_allowed: 34275063 is_gc_concurrent: 1 target_footprint_: 24291308 GetBytesAllocated: 22005281 HeapGrowthMultiplier: 3
12-18 10:45:56.466  3331  4101 I com.miui.home: CheckGCForNative gc_urgency 1.08957 current_native_bytes is 168719787
12-18 10:45:56.466  3331  4101 I com.miui.home: CheckGCForNative requested 1
12-18 10:45:56.484  3331  4101 I com.miui.home: CheckGCForNative adj_start_bytes: 41111275 NativeAllocationGcWatermark: 11425021 java_gc_start_bytes: 23973744 kNewNativeDiscountFactor: 2 kOldNativeDiscountFactor: 65536 old_native_bytes: 123146643 new_native_bytes: 45608984 add_bytes_allowed: 34275063 is_gc_concurrent: 1 target_footprint_: 24291308 GetBytesAllocated: 22038074 HeapGrowthMultiplier: 3
12-18 10:45:56.484  3331  4101 I com.miui.home: CheckGCForNative gc_urgency 1.09081 current_native_bytes is 168755627
12-18 10:45:56.484  3331  4101 I com.miui.home: CheckGCForNative requested 1
12-18 10:45:56.547  3331  3517 I com.miui.home: CheckGCForNative adj_start_bytes: 41111275 NativeAllocationGcWatermark: 11425021 java_gc_start_bytes: 23973744 kNewNativeDiscountFactor: 2 kOldNativeDiscountFactor: 65536 old_native_bytes: 123146643 new_native_bytes: 34911560 add_bytes_allowed: 34275063 is_gc_concurrent: 1 target_footprint_: 24291308 GetBytesAllocated: 22120231 HeapGrowthMultiplier: 3
12-18 10:45:56.547  3331  3517 I com.miui.home: CheckGCForNative gc_urgency 0.962701 current_native_bytes is 158058203
12-18 10:45:56.568 13790 13790 I wm_on_resume_called: [0,72299630,com.youku.v2.HomePageEntry,RESUME_ACTIVITY,104]
12-18 10:45:56.589 13790 13790 I wm_on_top_resumed_gained_called: [72299630,com.youku.v2.HomePageEntry,topStateChangedWhenResumed]
12-18 10:45:56.594 13790 13790 I wm_on_top_resumed_lost_called: [72299630,com.youku.v2.HomePageEntry,topStateChangedWhenResumed]
12-18 10:45:56.598  3331  3331 I wm_on_top_resumed_gained_called: [27818887,com.miui.home.launcher.Launcher,topStateChangedWhenResumed]
12-18 10:45:56.605  3331  3363 I com.miui.home: NativeAlloc concurrent copying GC freed 196277(9074KB) AllocSpace objects, 26(680KB) LOS objects, 49% free, 11MB/23MB, paused 218us,81us total 138.720ms
12-18 10:45:56.802  3331  3517 I com.miui.home: CheckGCForNative gc_urgency 0 current_native_bytes is 133355767
12-18 10:45:56.903  3331  3517 I com.miui.home: CheckGCForNative adj_start_bytes: 41348142 NativeAllocationGcWatermark: 11433807 java_gc_start_bytes: 24197432 kNewNativeDiscountFactor: 2 kOldNativeDiscountFactor: 65536 old_native_bytes: 133355767 new_native_bytes: 8256 add_bytes_allowed: 34301421 is_gc_concurrent: 1 target_footprint_: 24361598 GetBytesAllocated: 12291934 HeapGrowthMultiplier: 3
12-18 10:45:56.903  3331  3517 I com.miui.home: CheckGCForNative gc_urgency 0.297428 current_native_bytes is 133364023
12-18 10:45:56.954  3331  3516 I com.miui.home: CheckGCForNative adj_start_bytes: 41348142 NativeAllocationGcWatermark: 11433807 java_gc_start_bytes: 24197432 kNewNativeDiscountFactor: 2 kOldNativeDiscountFactor: 65536 old_native_bytes: 133355767 new_native_bytes: 10697568 add_bytes_allowed: 34301421 is_gc_concurrent: 1 target_footprint_: 24361598 GetBytesAllocated: 12367100 HeapGrowthMultiplier: 3
12-18 10:45:56.955  3331  3516 I com.miui.home: CheckGCForNative gc_urgency 0.428506 current_native_bytes is 144053335
12-18 10:45:56.955  3331  3516 I com.miui.home: CheckGCForNative adj_start_bytes: 41348142 NativeAllocationGcWatermark: 11433807 java_gc_start_bytes: 24197432 kNewNativeDiscountFactor: 2 kOldNativeDiscountFactor: 65536 old_native_bytes: 133355767 new_native_bytes: 21404512 add_bytes_allowed: 34301421 is_gc_concurrent: 1 target_footprint_: 24361598 GetBytesAllocated: 12367292 HeapGrowthMultiplier: 3
12-18 10:45:56.955  3331  3516 I com.miui.home: CheckGCForNative gc_urgency 0.557984 current_native_bytes is 154760279
12-18 10:45:56.957  3331  3755 I com.miui.home: CheckGCForNative adj_start_bytes: 41348142 NativeAllocationGcWatermark: 11433807 java_gc_start_bytes: 24197432 kNewNativeDiscountFactor: 2 kOldNativeDiscountFactor: 65536 old_native_bytes: 133355767 new_native_bytes: 21404768 add_bytes_allowed: 34301421 is_gc_concurrent: 1 target_footprint_: 24361598 GetBytesAllocated: 12367292 HeapGrowthMultiplier: 3
12-18 10:45:56.957  3331  3755 I com.miui.home: CheckGCForNative gc_urgency 0.557987 current_native_bytes is 154760535
12-18 10:45:57.262  3331  3331 I wm_on_top_resumed_lost_called: [27818887,com.miui.home.launcher.Launcher,topStateChangedWhenResumed]
12-18 10:45:57.507  3331  3331 I wm_on_paused_called: [0,27818887,com.miui.home.launcher.Launcher,performPause,2]
12-18 10:45:57.571  3331  3756 I com.miui.home: CheckGCForNative adj_start_bytes: 41348142 NativeAllocationGcWatermark: 11433807 java_gc_start_bytes: 24197432 kNewNativeDiscountFactor: 2 kOldNativeDiscountFactor: 65536 old_native_bytes: 133355767 new_native_bytes: 22568076 add_bytes_allowed: 34301421 is_gc_concurrent: 1 target_footprint_: 24361598 GetBytesAllocated: 13593307 HeapGrowthMultiplier: 3
12-18 10:45:57.571  3331  3756 I com.miui.home: CheckGCForNative gc_urgency 0.601705 current_native_bytes is 155923843
12-18 10:45:57.658  3331  3517 I com.miui.home: CheckGCForNative adj_start_bytes: 41348142 NativeAllocationGcWatermark: 11433807 java_gc_start_bytes: 24197432 kNewNativeDiscountFactor: 2 kOldNativeDiscountFactor: 65536 old_native_bytes: 133355767 new_native_bytes: 11985916 add_bytes_allowed: 34301421 is_gc_concurrent: 1 target_footprint_: 24361598 GetBytesAllocated: 13896738 HeapGrowthMultiplier: 3
12-18 10:45:57.658  3331  3517 I com.miui.home: CheckGCForNative gc_urgency 0.481079 current_native_bytes is 145341683
12-18 10:45:57.857  3331  3517 I com.miui.home: CheckGCForNative adj_start_bytes: 41348142 NativeAllocationGcWatermark: 11433807 java_gc_start_bytes: 24197432 kNewNativeDiscountFactor: 2 kOldNativeDiscountFactor: 65536 old_native_bytes: 133355767 new_native_bytes: 12290160 add_bytes_allowed: 34301421 is_gc_concurrent: 1 target_footprint_: 24361598 GetBytesAllocated: 14487714 HeapGrowthMultiplier: 3
12-18 10:45:57.858  3331  3517 I com.miui.home: CheckGCForNative gc_urgency 0.499051 current_native_bytes is 145645927
12-18 10:45:57.902  3331  3517 I com.miui.home: CheckGCForNative adj_start_bytes: 41348142 NativeAllocationGcWatermark: 11433807 java_gc_start_bytes: 24197432 kNewNativeDiscountFactor: 2 kOldNativeDiscountFactor: 65536 old_native_bytes: 133355767 new_native_bytes: 12434224 add_bytes_allowed: 34301421 is_gc_concurrent: 1 target_footprint_: 24361598 GetBytesAllocated: 14896369 HeapGrowthMultiplier: 3
12-18 10:45:57.902  3331  3517 I com.miui.home: CheckGCForNative gc_urgency 0.510846 current_native_bytes is 145789991
12-18 10:45:58.124 14227 14227 I wm_on_application_create_called: [0,com.quark.browser,215]
12-18 10:45:58.214 14227 14227 I wm_on_create_called: [0,53421873,com.ucpro.MainActivity,performCreate,41]
12-18 10:45:58.493 14191 14191 I wm_on_application_create_called: [0,com.tencent.mm,525]
12-18 10:45:58.546  3331  3756 I com.miui.home: CheckGCForNative adj_start_bytes: 41348142 NativeAllocationGcWatermark: 11433807 java_gc_start_bytes: 24197432 kNewNativeDiscountFactor: 2 kOldNativeDiscountFactor: 65536 old_native_bytes: 133355767 new_native_bytes: 12725720 add_bytes_allowed: 34301421 is_gc_concurrent: 1 target_footprint_: 24361598 GetBytesAllocated: 16022877 HeapGrowthMultiplier: 3
12-18 10:45:58.546  3331  3756 I com.miui.home: CheckGCForNative gc_urgency 0.541446 current_native_bytes is 146081487
12-18 10:45:58.911 14227 14227 I wm_on_create_called: [0,17368233,com.ucpro.BrowserActivity,performCreate,572]
12-18 10:45:58.915 14227 14227 I wm_on_start_called: [0,17368233,com.ucpro.BrowserActivity,handleStartActivity,4]
12-18 10:45:58.922 14227 14227 I wm_on_resume_called: [0,17368233,com.ucpro.BrowserActivity,RESUME_ACTIVITY,6]
12-18 10:45:58.958 14227 14227 I wm_on_top_resumed_gained_called: [17368233,com.ucpro.BrowserActivity,topStateChangedWhenResumed]
12-18 10:45:59.130  3331  3331 I wm_on_resume_called: [0,27818887,com.miui.home.launcher.Launcher,RESUME_ACTIVITY,5]
12-18 10:45:59.138  3331  3331 I wm_on_idle_called: com.miui.home.launcher.Launcher
12-18 10:45:59.290  3331  3630 I com.miui.home: CheckGCForNative adj_start_bytes: 41348142 NativeAllocationGcWatermark: 11433807 java_gc_start_bytes: 24197432 kNewNativeDiscountFactor: 2 kOldNativeDiscountFactor: 65536 old_native_bytes: 133355767 new_native_bytes: 23817016 add_bytes_allowed: 34301421 is_gc_concurrent: 1 target_footprint_: 24361598 GetBytesAllocated: 17985036 HeapGrowthMultiplier: 3
12-18 10:45:59.290  3331  3630 I com.miui.home: CheckGCForNative gc_urgency 0.723021 current_native_bytes is 157172783
12-18 10:45:59.290  3331  3630 I com.miui.home: CheckGCForNative adj_start_bytes: 41348142 NativeAllocationGcWatermark: 11433807 java_gc_start_bytes: 24197432 kNewNativeDiscountFactor: 2 kOldNativeDiscountFactor: 65536 old_native_bytes: 133355767 new_native_bytes: 34523960 add_bytes_allowed: 34301421 is_gc_concurrent: 1 target_footprint_: 24361598 GetBytesAllocated: 17985228 HeapGrowthMultiplier: 3
12-18 10:45:59.290  3331  3630 I com.miui.home: CheckGCForNative gc_urgency 0.852499 current_native_bytes is 167879727
12-18 10:45:59.293  3331 11072 I com.miui.home: CheckGCForNative adj_start_bytes: 41348142 NativeAllocationGcWatermark: 11433807 java_gc_start_bytes: 24197432 kNewNativeDiscountFactor: 2 kOldNativeDiscountFactor: 65536 old_native_bytes: 133355767 new_native_bytes: 34523960 add_bytes_allowed: 34301421 is_gc_concurrent: 1 target_footprint_: 24361598 GetBytesAllocated: 18001612 HeapGrowthMultiplier: 3
12-18 10:45:59.293  3331 11072 I com.miui.home: CheckGCForNative gc_urgency 0.852895 current_native_bytes is 167879727
12-18 10:45:59.358  3331  3517 I com.miui.home: CheckGCForNative adj_start_bytes: 41348142 NativeAllocationGcWatermark: 11433807 java_gc_start_bytes: 24197432 kNewNativeDiscountFactor: 2 kOldNativeDiscountFactor: 65536 old_native_bytes: 133355767 new_native_bytes: 23938664 add_bytes_allowed: 34301421 is_gc_concurrent: 1 target_footprint_: 24361598 GetBytesAllocated: 18050972 HeapGrowthMultiplier: 3
12-18 10:45:59.358  3331  3517 I com.miui.home: CheckGCForNative gc_urgency 0.726087 current_native_bytes is 157294431
12-18 10:45:59.435  3331  3517 I com.miui.home: CheckGCForNative adj_start_bytes: 41348142 NativeAllocationGcWatermark: 11433807 java_gc_start_bytes: 24197432 kNewNativeDiscountFactor: 2 kOldNativeDiscountFactor: 65536 old_native_bytes: 133355767 new_native_bytes: 23880296 add_bytes_allowed: 34301421 is_gc_concurrent: 1 target_footprint_: 24361598 GetBytesAllocated: 18069952 HeapGrowthMultiplier: 3
12-18 10:45:59.435  3331  3517 I com.miui.home: CheckGCForNative gc_urgency 0.72584 current_native_bytes is 157236063
12-18 10:45:59.602  3331  3331 I wm_on_top_resumed_gained_called: [27818887,com.miui.home.launcher.Launcher,topStateChangedWhenResumed]
12-18 10:45:59.777  3331  3755 I com.miui.home: CheckGCForNative adj_start_bytes: 41348142 NativeAllocationGcWatermark: 11433807 java_gc_start_bytes: 24197432 kNewNativeDiscountFactor: 2 kOldNativeDiscountFactor: 65536 old_native_bytes: 133355767 new_native_bytes: 34556840 add_bytes_allowed: 34301421 is_gc_concurrent: 1 target_footprint_: 24361598 GetBytesAllocated: 18210898 HeapGrowthMultiplier: 3
12-18 10:45:59.777  3331  3755 I com.miui.home: CheckGCForNative gc_urgency 0.858354 current_native_bytes is 167912607
12-18 10:45:59.778  3331  3516 I com.miui.home: CheckGCForNative adj_start_bytes: 41348142 NativeAllocationGcWatermark: 11433807 java_gc_start_bytes: 24197432 kNewNativeDiscountFactor: 2 kOldNativeDiscountFactor: 65536 old_native_bytes: 133355767 new_native_bytes: 45263144 add_bytes_allowed: 34301421 is_gc_concurrent: 1 target_footprint_: 24361598 GetBytesAllocated: 18211010 HeapGrowthMultiplier: 3
12-18 10:45:59.778  3331  3516 I com.miui.home: CheckGCForNative gc_urgency 0.987822 current_native_bytes is 178618911
12-18 10:45:59.779  3331  3516 I com.miui.home: CheckGCForNative adj_start_bytes: 41348142 NativeAllocationGcWatermark: 11433807 java_gc_start_bytes: 24197432 kNewNativeDiscountFactor: 2 kOldNativeDiscountFactor: 65536 old_native_bytes: 133355767 new_native_bytes: 55969704 add_bytes_allowed: 34301421 is_gc_concurrent: 1 target_footprint_: 24361598 GetBytesAllocated: 18219102 HeapGrowthMultiplier: 3
12-18 10:45:59.779  3331  3516 I com.miui.home: CheckGCForNative gc_urgency 1.11749 current_native_bytes is 189325471
12-18 10:45:59.779  3331  3516 I com.miui.home: CheckGCForNative requested 1
12-18 10:45:59.803 14227 14227 I wm_on_top_resumed_lost_called: [17368233,com.ucpro.BrowserActivity,topStateChangedWhenResumed]
12-18 10:46:00.435  3331  3756 I com.miui.home: CheckGCForNative gc_urgency 0 current_native_bytes is 132914727
12-18 10:46:00.482  3331  3756 I com.miui.home: CheckGCForNative adj_start_bytes: 41130086 NativeAllocationGcWatermark: 11407370 java_gc_start_bytes: 24019031 kNewNativeDiscountFactor: 2 kOldNativeDiscountFactor: 65536 old_native_bytes: 132914727 new_native_bytes: 11496916 add_bytes_allowed: 34222110 is_gc_concurrent: 1 target_footprint_: 24150103 GetBytesAllocated: 12802195 HeapGrowthMultiplier: 3
12-18 10:46:00.482  3331  3756 I com.miui.home: CheckGCForNative gc_urgency 0.451073 current_native_bytes is 144411643
12-18 10:46:00.957 14696 14696 I wm_on_application_create_called: [0,com.tencent.mobileqq,521]
12-18 10:46:01.036 14227 14227 I wm_on_paused_called: [0,17368233,com.ucpro.BrowserActivity,performPause,86]
