12-14 16:07:55.673 22155 22155 I wm_on_top_resumed_lost_called: [185468407,com.miui.home.launcher.Launcher,topStateChangedWhenResumed]
12-14 16:07:55.676 22155 22155 I wm_on_paused_called: [0,185468407,com.miui.home.launcher.Launcher,performPause,2]
12-14 16:07:55.718 22155 22392 I com.miui.home: CheckGCForNative adj_start_bytes: 40512763 NativeAllocationGcWatermark: 11383780 java_gc_start_bytes: 23437093 kNewNativeDiscountFactor: 2 kOldNativeDiscountFactor: 65536 old_native_bytes: 133266139 new_native_bytes: 21808788 add_bytes_allowed: 34151340 is_gc_concurrent: 1 target_footprint_: 23961381 GetBytesAllocated: 14635841 HeapGrowthMultiplier: 3
12-14 16:07:55.718 22155 22392 I com.miui.home: CheckGCForNative gc_urgency 0.630475 current_native_bytes is 155074927
12-14 16:07:56.116 22155 22229 I com.miui.home: CheckGCForNative adj_start_bytes: 40512763 NativeAllocationGcWatermark: 11383780 java_gc_start_bytes: 23437093 kNewNativeDiscountFactor: 2 kOldNativeDiscountFactor: 65536 old_native_bytes: 133266139 new_native_bytes: 21875244 add_bytes_allowed: 34151340 is_gc_concurrent: 1 target_footprint_: 23961381 GetBytesAllocated: 15152120 HeapGrowthMultiplier: 3
12-14 16:07:56.116 22155 22229 I com.miui.home: CheckGCForNative gc_urgency 0.644038 current_native_bytes is 155141383
12-14 16:07:56.116 22155 22229 I com.miui.home: CheckGCForNative adj_start_bytes: 40512763 NativeAllocationGcWatermark: 11383780 java_gc_start_bytes: 23437093 kNewNativeDiscountFactor: 2 kOldNativeDiscountFactor: 65536 old_native_bytes: 133266139 new_native_bytes: 21875756 add_bytes_allowed: 34151340 is_gc_concurrent: 1 target_footprint_: 23961381 GetBytesAllocated: 15152120 HeapGrowthMultiplier: 3
12-14 16:07:56.116 22155 22229 I com.miui.home: CheckGCForNative gc_urgency 0.644045 current_native_bytes is 155141895
12-14 16:07:56.881 22697 22697 I wm_on_create_called: [0,247050018,com.tencent.qqlive.ona.activity.SplashHomeActivity,performCreate,166]
12-14 16:07:57.006 22697 22697 I wm_on_start_called: [0,247050018,com.tencent.qqlive.ona.activity.SplashHomeActivity,handleStartActivity,124]
12-14 16:07:57.120 22697 22697 I wm_on_resume_called: [0,247050018,com.tencent.qqlive.ona.activity.SplashHomeActivity,RESUME_ACTIVITY,82]
12-14 16:07:57.426 22697 22697 I wm_on_top_resumed_gained_called: [247050018,com.tencent.qqlive.ona.activity.SplashHomeActivity,topStateChangedWhenResumed]
12-14 16:07:58.343 22155 22155 I wm_on_stop_called: [0,185468407,com.miui.home.launcher.Launcher,STOP_ACTIVITY_ITEM,14]
12-14 16:07:58.586 22155 22155 I wm_on_restart_called: [0,185468407,com.miui.home.launcher.Launcher,,0]
12-14 16:07:58.587 22155 22155 I wm_on_start_called: [0,185468407,com.miui.home.launcher.Launcher,handleStartActivity,1]
12-14 16:07:58.592 22155 22155 I wm_on_resume_called: [0,185468407,com.miui.home.launcher.Launcher,RESUME_ACTIVITY,5]
12-14 16:07:58.650 22155 22155 I wm_on_idle_called: com.miui.home.launcher.Launcher
12-14 16:07:58.840 22155 22314 I com.miui.home: CheckGCForNative adj_start_bytes: 40512763 NativeAllocationGcWatermark: 11383780 java_gc_start_bytes: 23437093 kNewNativeDiscountFactor: 2 kOldNativeDiscountFactor: 65536 old_native_bytes: 133266139 new_native_bytes: 30346676 add_bytes_allowed: 34151340 is_gc_concurrent: 1 target_footprint_: 23961381 GetBytesAllocated: 16528335 HeapGrowthMultiplier: 3
12-14 16:07:58.840 22155 22314 I com.miui.home: CheckGCForNative gc_urgency 0.782561 current_native_bytes is 163612815
12-14 16:07:58.840 22155 22314 I com.miui.home: CheckGCForNative adj_start_bytes: 40512763 NativeAllocationGcWatermark: 11383780 java_gc_start_bytes: 23437093 kNewNativeDiscountFactor: 2 kOldNativeDiscountFactor: 65536 old_native_bytes: 133266139 new_native_bytes: 41053620 add_bytes_allowed: 34151340 is_gc_concurrent: 1 target_footprint_: 23961381 GetBytesAllocated: 16536044 HeapGrowthMultiplier: 3
12-14 16:07:58.840 22155 22314 I com.miui.home: CheckGCForNative gc_urgency 0.914894 current_native_bytes is 174319759
12-14 16:07:58.846 22155 22171 I com.miui.home: CheckGCForNative adj_start_bytes: 40512763 NativeAllocationGcWatermark: 11383780 java_gc_start_bytes: 23437093 kNewNativeDiscountFactor: 2 kOldNativeDiscountFactor: 65536 old_native_bytes: 133266139 new_native_bytes: 41056500 add_bytes_allowed: 34151340 is_gc_concurrent: 1 target_footprint_: 23961381 GetBytesAllocated: 16575478 HeapGrowthMultiplier: 3
12-14 16:07:58.846 22155 22171 I com.miui.home: CheckGCForNative gc_urgency 0.915903 current_native_bytes is 174322639
12-14 16:07:58.847 22155 22719 I com.miui.home: CheckGCForNative adj_start_bytes: 40512763 NativeAllocationGcWatermark: 11383780 java_gc_start_bytes: 23437093 kNewNativeDiscountFactor: 2 kOldNativeDiscountFactor: 65536 old_native_bytes: 133266139 new_native_bytes: 41057140 add_bytes_allowed: 34151340 is_gc_concurrent: 1 target_footprint_: 23961381 GetBytesAllocated: 16575670 HeapGrowthMultiplier: 3
12-14 16:07:58.847 22155 22719 I com.miui.home: CheckGCForNative gc_urgency 0.915916 current_native_bytes is 174323279
12-14 16:07:59.090 22155 22155 I wm_on_top_resumed_gained_called: [185468407,com.miui.home.launcher.Launcher,topStateChangedWhenResumed]
12-14 16:07:59.129 22155 22229 I com.miui.home: CheckGCForNative adj_start_bytes: 40512763 NativeAllocationGcWatermark: 11383780 java_gc_start_bytes: 23437093 kNewNativeDiscountFactor: 2 kOldNativeDiscountFactor: 65536 old_native_bytes: 133266139 new_native_bytes: 30344076 add_bytes_allowed: 34151340 is_gc_concurrent: 1 target_footprint_: 23961381 GetBytesAllocated: 16813288 HeapGrowthMultiplier: 3
12-14 16:07:59.129 22155 22229 I com.miui.home: CheckGCForNative gc_urgency 0.789563 current_native_bytes is 163610215
12-14 16:07:59.185 22155 22229 I com.miui.home: CheckGCForNative adj_start_bytes: 40512763 NativeAllocationGcWatermark: 11383780 java_gc_start_bytes: 23437093 kNewNativeDiscountFactor: 2 kOldNativeDiscountFactor: 65536 old_native_bytes: 133266139 new_native_bytes: 30344972 add_bytes_allowed: 34151340 is_gc_concurrent: 1 target_footprint_: 23961381 GetBytesAllocated: 16834277 HeapGrowthMultiplier: 3
12-14 16:07:59.185 22155 22229 I com.miui.home: CheckGCForNative gc_urgency 0.790092 current_native_bytes is 163611111
12-14 16:07:59.316 22155 22228 I com.miui.home: CheckGCForNative adj_start_bytes: 40512763 NativeAllocationGcWatermark: 11383780 java_gc_start_bytes: 23437093 kNewNativeDiscountFactor: 2 kOldNativeDiscountFactor: 65536 old_native_bytes: 133266139 new_native_bytes: 41114316 add_bytes_allowed: 34151340 is_gc_concurrent: 1 target_footprint_: 23961381 GetBytesAllocated: 16914127 HeapGrowthMultiplier: 3
12-14 16:07:59.317 22155 22228 I com.miui.home: CheckGCForNative gc_urgency 0.924976 current_native_bytes is 174380455
12-14 16:07:59.317 22155 22228 I com.miui.home: CheckGCForNative adj_start_bytes: 40512763 NativeAllocationGcWatermark: 11383780 java_gc_start_bytes: 23437093 kNewNativeDiscountFactor: 2 kOldNativeDiscountFactor: 65536 old_native_bytes: 133266139 new_native_bytes: 62528844 add_bytes_allowed: 34151340 is_gc_concurrent: 1 target_footprint_: 23961381 GetBytesAllocated: 16914319 HeapGrowthMultiplier: 3
12-14 16:07:59.318 22155 22228 I com.miui.home: CheckGCForNative gc_urgency 1.18927 current_native_bytes is 195794983
12-14 16:07:59.318 22155 22228 I com.miui.home: CheckGCForNative requested 1
12-14 16:07:59.318 22155 22171 I com.miui.home: CheckGCForNative adj_start_bytes: 40512763 NativeAllocationGcWatermark: 11383780 java_gc_start_bytes: 23437093 kNewNativeDiscountFactor: 2 kOldNativeDiscountFactor: 65536 old_native_bytes: 133266139 new_native_bytes: 51821900 add_bytes_allowed: 34151340 is_gc_concurrent: 1 target_footprint_: 23961381 GetBytesAllocated: 16914319 HeapGrowthMultiplier: 3
12-14 16:07:59.318 22155 22171 I com.miui.home: CheckGCForNative gc_urgency 1.05713 current_native_bytes is 185088039
12-14 16:07:59.319 22155 22171 I com.miui.home: CheckGCForNative requested 1
12-14 16:07:59.546 22155 23398 I com.miui.home: CheckGCForNative gc_urgency 0 current_native_bytes is 102851435
12-14 16:07:59.672 22697 22697 I wm_on_top_resumed_lost_called: [247050018,com.tencent.qqlive.ona.activity.SplashHomeActivity,topStateChangedWhenResumed]
12-14 16:07:59.760 22697 22697 I wm_on_paused_called: [0,247050018,com.tencent.qqlive.ona.activity.SplashHomeActivity,performPause,44]
12-14 16:07:59.830 22155 22155 I com.miui.home: CheckGCForNative adj_start_bytes: 39378059 NativeAllocationGcWatermark: 11226860 java_gc_start_bytes: 22537769 kNewNativeDiscountFactor: 2 kOldNativeDiscountFactor: 65536 old_native_bytes: 102851435 new_native_bytes: 238752 add_bytes_allowed: 33680580 is_gc_concurrent: 1 target_footprint_: 22706018 GetBytesAllocated: 11617295 HeapGrowthMultiplier: 3
12-14 16:07:59.830 22155 22155 I com.miui.home: CheckGCForNative gc_urgency 0.298091 current_native_bytes is 103090187
12-14 16:07:59.866 22155 22155 I wm_on_top_resumed_lost_called: [185468407,com.miui.home.launcher.Launcher,topStateChangedWhenResumed]
12-14 16:07:59.868 22155 22155 I wm_on_paused_called: [0,185468407,com.miui.home.launcher.Launcher,performPause,1]
12-14 16:07:59.870 22155 22193 I com.miui.home: CheckGCForNative adj_start_bytes: 39378059 NativeAllocationGcWatermark: 11226860 java_gc_start_bytes: 22537769 kNewNativeDiscountFactor: 2 kOldNativeDiscountFactor: 65536 old_native_bytes: 102851435 new_native_bytes: 279584 add_bytes_allowed: 33680580 is_gc_concurrent: 1 target_footprint_: 22706018 GetBytesAllocated: 11733250 HeapGrowthMultiplier: 3
12-14 16:07:59.870 22155 22193 I com.miui.home: CheckGCForNative gc_urgency 0.301554 current_native_bytes is 103131019
12-14 16:08:00.106 22155 22392 I com.miui.home: CheckGCForNative adj_start_bytes: 39378059 NativeAllocationGcWatermark: 11226860 java_gc_start_bytes: 22537769 kNewNativeDiscountFactor: 2 kOldNativeDiscountFactor: 65536 old_native_bytes: 102851435 new_native_bytes: 11377504 add_bytes_allowed: 33680580 is_gc_concurrent: 1 target_footprint_: 22706018 GetBytesAllocated: 12225586 HeapGrowthMultiplier: 3
12-14 16:08:00.106 22155 22392 I com.miui.home: CheckGCForNative gc_urgency 0.454972 current_native_bytes is 114228939
12-14 16:08:00.119 22697 22697 I wm_on_stop_called: [0,247050018,com.tencent.qqlive.ona.activity.SplashHomeActivity,STOP_ACTIVITY_ITEM,131]
12-14 16:08:00.421 22155 22229 I com.miui.home: CheckGCForNative adj_start_bytes: 39378059 NativeAllocationGcWatermark: 11226860 java_gc_start_bytes: 22537769 kNewNativeDiscountFactor: 2 kOldNativeDiscountFactor: 65536 old_native_bytes: 102851435 new_native_bytes: 981656 add_bytes_allowed: 33680580 is_gc_concurrent: 1 target_footprint_: 22706018 GetBytesAllocated: 12451755 HeapGrowthMultiplier: 3
12-14 16:08:00.421 22155 22229 I com.miui.home: CheckGCForNative gc_urgency 0.328715 current_native_bytes is 103833091
12-14 16:08:00.602 23446 23446 I wm_on_create_called: [0,116427998,fm.qingting.qtradio.WelcomeActivity,performCreate,80]
12-14 16:08:00.604 23446 23446 I wm_on_start_called: [0,116427998,fm.qingting.qtradio.WelcomeActivity,handleStartActivity,1]
12-14 16:08:00.611 23446 23446 I wm_on_resume_called: [0,116427998,fm.qingting.qtradio.WelcomeActivity,RESUME_ACTIVITY,5]
12-14 16:08:00.637 23446 23446 I wm_on_top_resumed_gained_called: [116427998,fm.qingting.qtradio.WelcomeActivity,topStateChangedWhenResumed]
12-14 16:08:00.949 23446 23446 I wm_on_idle_called: fm.qingting.qtradio.WelcomeActivity
12-14 16:08:00.962 22155 22155 I wm_on_stop_called: [0,185468407,com.miui.home.launcher.Launcher,STOP_ACTIVITY_ITEM,4]
12-14 16:08:01.786 22155 22193 I com.miui.home: CheckGCForNative adj_start_bytes: 39378059 NativeAllocationGcWatermark: 11226860 java_gc_start_bytes: 22537769 kNewNativeDiscountFactor: 2 kOldNativeDiscountFactor: 65536 old_native_bytes: 102851435 new_native_bytes: 852872 add_bytes_allowed: 33680580 is_gc_concurrent: 1 target_footprint_: 22706018 GetBytesAllocated: 12842500 HeapGrowthMultiplier: 3
12-14 16:08:01.786 22155 22193 I com.miui.home: CheckGCForNative gc_urgency 0.337003 current_native_bytes is 103704307
12-14 16:08:02.401 23446 23446 I wm_on_top_resumed_lost_called: [116427998,fm.qingting.qtradio.WelcomeActivity,topStateChangedWhenResumed]
12-14 16:08:02.402 22155 22155 I wm_on_restart_called: [0,185468407,com.miui.home.launcher.Launcher,,0]
12-14 16:08:02.403 22155 22155 I wm_on_start_called: [0,185468407,com.miui.home.launcher.Launcher,handleStartActivity,0]
12-14 16:08:02.408 22155 22155 I wm_on_resume_called: [0,185468407,com.miui.home.launcher.Launcher,RESUME_ACTIVITY,4]
12-14 16:08:02.423 22155 22209 I com.miui.home: CheckGCForNative adj_start_bytes: 39378059 NativeAllocationGcWatermark: 11226860 java_gc_start_bytes: 22537769 kNewNativeDiscountFactor: 2 kOldNativeDiscountFactor: 65536 old_native_bytes: 102851435 new_native_bytes: 1768848 add_bytes_allowed: 33680580 is_gc_concurrent: 1 target_footprint_: 22706018 GetBytesAllocated: 13675877 HeapGrowthMultiplier: 3
12-14 16:08:02.423 22155 22209 I com.miui.home: CheckGCForNative gc_urgency 0.369797 current_native_bytes is 104620283
12-14 16:08:02.426 22155 22155 I com.miui.home: CheckGCForNative adj_start_bytes: 39378059 NativeAllocationGcWatermark: 11226860 java_gc_start_bytes: 22537769 kNewNativeDiscountFactor: 2 kOldNativeDiscountFactor: 65536 old_native_bytes: 102851435 new_native_bytes: 1778680 add_bytes_allowed: 33680580 is_gc_concurrent: 1 target_footprint_: 22706018 GetBytesAllocated: 13692357 HeapGrowthMultiplier: 3
12-14 16:08:02.426 22155 22155 I com.miui.home: CheckGCForNative gc_urgency 0.37034 current_native_bytes is 104630115
12-14 16:08:02.436 22155 22155 I wm_on_top_resumed_gained_called: [185468407,com.miui.home.launcher.Launcher,topStateChangedWhenResumed]
12-14 16:08:02.439 22155 22155 I wm_on_idle_called: com.miui.home.launcher.Launcher
12-14 16:08:02.523 22155 22171 I com.miui.home: CheckGCForNative adj_start_bytes: 39378059 NativeAllocationGcWatermark: 11226860 java_gc_start_bytes: 22537769 kNewNativeDiscountFactor: 2 kOldNativeDiscountFactor: 65536 old_native_bytes: 102851435 new_native_bytes: 23368500 add_bytes_allowed: 33680580 is_gc_concurrent: 1 target_footprint_: 22706018 GetBytesAllocated: 14270968 HeapGrowthMultiplier: 3
12-14 16:08:02.523 22155 22173 I com.miui.home: CheckGCForNative adj_start_bytes: 39378059 NativeAllocationGcWatermark: 11226860 java_gc_start_bytes: 22537769 kNewNativeDiscountFactor: 2 kOldNativeDiscountFactor: 65536 old_native_bytes: 102851435 new_native_bytes: 12661748 add_bytes_allowed: 33680580 is_gc_concurrent: 1 target_footprint_: 22706018 GetBytesAllocated: 14270968 HeapGrowthMultiplier: 3
12-14 16:08:02.523 22155 22173 I com.miui.home: CheckGCForNative gc_urgency 0.523221 current_native_bytes is 115513183
12-14 16:08:02.523 22155 22171 I com.miui.home: CheckGCForNative gc_urgency 0.659205 current_native_bytes is 126219935
12-14 16:08:02.523 22155 22155 I com.miui.home: CheckGCForNative adj_start_bytes: 39378059 NativeAllocationGcWatermark: 11226860 java_gc_start_bytes: 22537769 kNewNativeDiscountFactor: 2 kOldNativeDiscountFactor: 65536 old_native_bytes: 102851435 new_native_bytes: 34075444 add_bytes_allowed: 33680580 is_gc_concurrent: 1 target_footprint_: 22706018 GetBytesAllocated: 14283759 HeapGrowthMultiplier: 3
12-14 16:08:02.523 22155 22155 I com.miui.home: CheckGCForNative gc_urgency 0.795444 current_native_bytes is 136926879
12-14 16:08:02.524 22155 22171 I com.miui.home: CheckGCForNative adj_start_bytes: 39378059 NativeAllocationGcWatermark: 11226860 java_gc_start_bytes: 22537769 kNewNativeDiscountFactor: 2 kOldNativeDiscountFactor: 65536 old_native_bytes: 102851435 new_native_bytes: 44782580 add_bytes_allowed: 33680580 is_gc_concurrent: 1 target_footprint_: 22706018 GetBytesAllocated: 14283759 HeapGrowthMultiplier: 3
12-14 16:08:02.524 22155 22171 I com.miui.home: CheckGCForNative gc_urgency 0.931397 current_native_bytes is 147634015
12-14 16:08:02.804 22155 22229 I com.miui.home: CheckGCForNative adj_start_bytes: 39378059 NativeAllocationGcWatermark: 11226860 java_gc_start_bytes: 22537769 kNewNativeDiscountFactor: 2 kOldNativeDiscountFactor: 65536 old_native_bytes: 102851435 new_native_bytes: 23440020 add_bytes_allowed: 33680580 is_gc_concurrent: 1 target_footprint_: 22706018 GetBytesAllocated: 14438471 HeapGrowthMultiplier: 3
12-14 16:08:02.804 22155 22229 I com.miui.home: CheckGCForNative gc_urgency 0.664331 current_native_bytes is 126291455
12-14 16:08:02.984 22155 22228 I com.miui.home: CheckGCForNative adj_start_bytes: 39378059 NativeAllocationGcWatermark: 11226860 java_gc_start_bytes: 22537769 kNewNativeDiscountFactor: 2 kOldNativeDiscountFactor: 65536 old_native_bytes: 102851435 new_native_bytes: 34224404 add_bytes_allowed: 33680580 is_gc_concurrent: 1 target_footprint_: 22706018 GetBytesAllocated: 14513565 HeapGrowthMultiplier: 3
12-14 16:08:02.984 22155 22228 I com.miui.home: CheckGCForNative gc_urgency 0.803172 current_native_bytes is 137075839
12-14 16:08:02.985 22155 22228 I com.miui.home: CheckGCForNative adj_start_bytes: 39378059 NativeAllocationGcWatermark: 11226860 java_gc_start_bytes: 22537769 kNewNativeDiscountFactor: 2 kOldNativeDiscountFactor: 65536 old_native_bytes: 102851435 new_native_bytes: 44904628 add_bytes_allowed: 33680580 is_gc_concurrent: 1 target_footprint_: 22706018 GetBytesAllocated: 14513757 HeapGrowthMultiplier: 3
12-14 16:08:02.985 22155 22228 I com.miui.home: CheckGCForNative gc_urgency 0.938788 current_native_bytes is 147756063
12-14 16:08:02.985 22155 22314 I com.miui.home: CheckGCForNative adj_start_bytes: 39378059 NativeAllocationGcWatermark: 11226860 java_gc_start_bytes: 22537769 kNewNativeDiscountFactor: 2 kOldNativeDiscountFactor: 65536 old_native_bytes: 102851435 new_native_bytes: 55610548 add_bytes_allowed: 33680580 is_gc_concurrent: 1 target_footprint_: 22706018 GetBytesAllocated: 14513757 HeapGrowthMultiplier: 3
12-14 16:08:02.985 22155 22314 I com.miui.home: CheckGCForNative gc_urgency 1.07473 current_native_bytes is 158461983
12-14 16:08:02.986 22155 22314 I com.miui.home: CheckGCForNative requested 1
12-14 16:08:02.993 23446 23446 I wm_on_paused_called: [0,116427998,fm.qingting.qtradio.WelcomeActivity,performPause,1]
12-14 16:08:03.070 23446 23446 I wm_on_stop_called: [0,116427998,fm.qingting.qtradio.WelcomeActivity,STOP_ACTIVITY_ITEM,2]
12-14 16:08:03.132 22155 22392 I com.miui.home: CheckGCForNative gc_urgency 0 current_native_bytes is 124525455
12-14 16:08:03.472 22155 22155 I wm_on_top_resumed_lost_called: [185468407,com.miui.home.launcher.Launcher,topStateChangedWhenResumed]
12-14 16:08:03.474 22155 22155 I wm_on_paused_called: [0,185468407,com.miui.home.launcher.Launcher,performPause,2]
12-14 16:08:03.602 22155 22171 I com.miui.home: CheckGCForNative gc_urgency 0 current_native_bytes is 113978503
12-14 16:08:03.611 22155 22171 I com.miui.home: CheckGCForNative adj_start_bytes: 39080554 NativeAllocationGcWatermark: 11191630 java_gc_start_bytes: 22293109 kNewNativeDiscountFactor: 2 kOldNativeDiscountFactor: 65536 old_native_bytes: 113978503 new_native_bytes: 37488 add_bytes_allowed: 33574890 is_gc_concurrent: 1 target_footprint_: 22424181 GetBytesAllocated: 12045643 HeapGrowthMultiplier: 3
12-14 16:08:03.611 22155 22171 I com.miui.home: CheckGCForNative gc_urgency 0.30875 current_native_bytes is 114015991
12-14 16:08:03.929 22155 22229 I com.miui.home: CheckGCForNative adj_start_bytes: 39080554 NativeAllocationGcWatermark: 11191630 java_gc_start_bytes: 22293109 kNewNativeDiscountFactor: 2 kOldNativeDiscountFactor: 65536 old_native_bytes: 113978503 new_native_bytes: 251520 add_bytes_allowed: 33574890 is_gc_concurrent: 1 target_footprint_: 22424181 GetBytesAllocated: 12347518 HeapGrowthMultiplier: 3
12-14 16:08:03.929 22155 22229 I com.miui.home: CheckGCForNative gc_urgency 0.319213 current_native_bytes is 114230023
12-14 16:08:04.230 23710 23710 I wm_on_create_called: [0,190296674,com.xunmeng.pinduoduo.ui.activity.MainFrameActivity,performCreate,45]
12-14 16:08:04.344 23710 23710 I wm_on_create_called: [0,137748596,com.xunmeng.pinduoduo.ui.activity.HomeActivity,performCreate,38]
12-14 16:08:04.362 23710 23710 I wm_on_start_called: [0,137748596,com.xunmeng.pinduoduo.ui.activity.HomeActivity,handleStartActivity,18]
12-14 16:08:04.370 23710 23710 I wm_on_resume_called: [0,137748596,com.xunmeng.pinduoduo.ui.activity.HomeActivity,RESUME_ACTIVITY,6]
12-14 16:08:04.411 23710 23710 I wm_on_top_resumed_gained_called: [137748596,com.xunmeng.pinduoduo.ui.activity.HomeActivity,topStateChangedWhenResumed]
12-14 16:08:04.662 22155 22155 I wm_on_stop_called: [0,185468407,com.miui.home.launcher.Launcher,STOP_ACTIVITY_ITEM,3]
12-14 16:08:05.092 23710 23710 I wm_on_idle_called: com.xunmeng.pinduoduo.ui.activity.HomeActivity
12-14 16:08:06.042 23710 23710 I wm_on_top_resumed_lost_called: [137748596,com.xunmeng.pinduoduo.ui.activity.HomeActivity,topStateChangedWhenResumed]
12-14 16:08:06.046 23710 23710 I wm_on_paused_called: [0,137748596,com.xunmeng.pinduoduo.ui.activity.HomeActivity,performPause,1]
12-14 16:08:06.096 22155 22155 I wm_on_restart_called: [0,185468407,com.miui.home.launcher.Launcher,,0]
12-14 16:08:06.097 22155 22155 I wm_on_start_called: [0,185468407,com.miui.home.launcher.Launcher,handleStartActivity,0]
12-14 16:08:06.098 23710 23710 I wm_on_create_called: [0,187900263,com.xunmeng.pinduoduo.login.LoginActivity,performCreate,23]
12-14 16:08:06.101 22155 22155 I wm_on_resume_called: [0,185468407,com.miui.home.launcher.Launcher,RESUME_ACTIVITY,3]
12-14 16:08:06.130 22155 22155 I wm_on_idle_called: com.miui.home.launcher.Launcher
12-14 16:08:06.197 23710 23710 I wm_on_start_called: [0,187900263,com.xunmeng.pinduoduo.login.LoginActivity,handleStartActivity,65]
12-14 16:08:06.242 23710 23710 I wm_on_resume_called: [0,187900263,com.xunmeng.pinduoduo.login.LoginActivity,RESUME_ACTIVITY,38]
12-14 16:08:06.263 22155 22173 I com.miui.home: CheckGCForNative adj_start_bytes: 39080554 NativeAllocationGcWatermark: 11191630 java_gc_start_bytes: 22293109 kNewNativeDiscountFactor: 2 kOldNativeDiscountFactor: 65536 old_native_bytes: 113978503 new_native_bytes: 11325556 add_bytes_allowed: 33574890 is_gc_concurrent: 1 target_footprint_: 22424181 GetBytesAllocated: 13923331 HeapGrowthMultiplier: 3
12-14 16:08:06.263 22155 22173 I com.miui.home: CheckGCForNative gc_urgency 0.501217 current_native_bytes is 125304059
12-14 16:08:06.263 22155 22173 I com.miui.home: CheckGCForNative adj_start_bytes: 39080554 NativeAllocationGcWatermark: 11191630 java_gc_start_bytes: 22293109 kNewNativeDiscountFactor: 2 kOldNativeDiscountFactor: 65536 old_native_bytes: 113978503 new_native_bytes: 22032500 add_bytes_allowed: 33574890 is_gc_concurrent: 1 target_footprint_: 22424181 GetBytesAllocated: 13923523 HeapGrowthMultiplier: 3
12-14 16:08:06.263 22155 22173 I com.miui.home: CheckGCForNative gc_urgency 0.638208 current_native_bytes is 136011003
12-14 16:08:06.266 22155 22168 I com.miui.home: CheckGCForNative adj_start_bytes: 39080554 NativeAllocationGcWatermark: 11191630 java_gc_start_bytes: 22293109 kNewNativeDiscountFactor: 2 kOldNativeDiscountFactor: 65536 old_native_bytes: 113978503 new_native_bytes: 22032500 add_bytes_allowed: 33574890 is_gc_concurrent: 1 target_footprint_: 22424181 GetBytesAllocated: 13930854 HeapGrowthMultiplier: 3
12-14 16:08:06.266 22155 22168 I com.miui.home: CheckGCForNative gc_urgency 0.638395 current_native_bytes is 136011003
12-14 16:08:06.272 23710 23710 I wm_on_top_resumed_gained_called: [187900263,com.xunmeng.pinduoduo.login.LoginActivity,topStateChangedWhenResumed]
12-14 16:08:06.272 23710 23710 I wm_on_top_resumed_lost_called: [187900263,com.xunmeng.pinduoduo.login.LoginActivity,topStateChangedWhenResumed]
12-14 16:08:06.280 22155 22155 I wm_on_top_resumed_gained_called: [185468407,com.miui.home.launcher.Launcher,topStateChangedWhenResumed]
12-14 16:08:06.291 22155 22229 I com.miui.home: CheckGCForNative adj_start_bytes: 39080554 NativeAllocationGcWatermark: 11191630 java_gc_start_bytes: 22293109 kNewNativeDiscountFactor: 2 kOldNativeDiscountFactor: 65536 old_native_bytes: 113978503 new_native_bytes: 11372628 add_bytes_allowed: 33574890 is_gc_concurrent: 1 target_footprint_: 22424181 GetBytesAllocated: 13995689 HeapGrowthMultiplier: 3
12-14 16:08:06.291 22155 22229 I com.miui.home: CheckGCForNative gc_urgency 0.503671 current_native_bytes is 125351131
12-14 16:08:06.299 22155 22392 I com.miui.home: CheckGCForNative adj_start_bytes: 39080554 NativeAllocationGcWatermark: 11191630 java_gc_start_bytes: 22293109 kNewNativeDiscountFactor: 2 kOldNativeDiscountFactor: 65536 old_native_bytes: 113978503 new_native_bytes: 22087284 add_bytes_allowed: 33574890 is_gc_concurrent: 1 target_footprint_: 22424181 GetBytesAllocated: 14028212 HeapGrowthMultiplier: 3
12-14 16:08:06.299 22155 22392 I com.miui.home: CheckGCForNative gc_urgency 0.641587 current_native_bytes is 136065787
12-14 16:08:06.499 23710 23710 I wm_on_idle_called: com.xunmeng.pinduoduo.login.LoginActivity
12-14 16:08:06.647 22155 22229 I com.miui.home: CheckGCForNative adj_start_bytes: 39080554 NativeAllocationGcWatermark: 11191630 java_gc_start_bytes: 22293109 kNewNativeDiscountFactor: 2 kOldNativeDiscountFactor: 65536 old_native_bytes: 113978503 new_native_bytes: 11405044 add_bytes_allowed: 33574890 is_gc_concurrent: 1 target_footprint_: 22424181 GetBytesAllocated: 14210860 HeapGrowthMultiplier: 3
12-14 16:08:06.647 22155 22229 I com.miui.home: CheckGCForNative gc_urgency 0.509603 current_native_bytes is 125383547
12-14 16:08:06.741 22155 22228 I com.miui.home: CheckGCForNative adj_start_bytes: 39080554 NativeAllocationGcWatermark: 11191630 java_gc_start_bytes: 22293109 kNewNativeDiscountFactor: 2 kOldNativeDiscountFactor: 65536 old_native_bytes: 113978503 new_native_bytes: 22111316 add_bytes_allowed: 33574890 is_gc_concurrent: 1 target_footprint_: 22424181 GetBytesAllocated: 14255774 HeapGrowthMultiplier: 3
12-14 16:08:06.741 22155 22228 I com.miui.home: CheckGCForNative gc_urgency 0.647718 current_native_bytes is 136089819
12-14 16:08:06.742 22155 22228 I com.miui.home: CheckGCForNative adj_start_bytes: 39080554 NativeAllocationGcWatermark: 11191630 java_gc_start_bytes: 22293109 kNewNativeDiscountFactor: 2 kOldNativeDiscountFactor: 65536 old_native_bytes: 113978503 new_native_bytes: 32818260 add_bytes_allowed: 33574890 is_gc_concurrent: 1 target_footprint_: 22424181 GetBytesAllocated: 14260400 HeapGrowthMultiplier: 3
12-14 16:08:06.742 22155 22228 I com.miui.home: CheckGCForNative gc_urgency 0.784822 current_native_bytes is 146796763
12-14 16:08:06.745 22155 22173 I com.miui.home: CheckGCForNative adj_start_bytes: 39080554 NativeAllocationGcWatermark: 11191630 java_gc_start_bytes: 22293109 kNewNativeDiscountFactor: 2 kOldNativeDiscountFactor: 65536 old_native_bytes: 113978503 new_native_bytes: 32819732 add_bytes_allowed: 33574890 is_gc_concurrent: 1 target_footprint_: 22424181 GetBytesAllocated: 14260400 HeapGrowthMultiplier: 3
12-14 16:08:06.746 22155 22173 I com.miui.home: CheckGCForNative gc_urgency 0.784841 current_native_bytes is 146798235
12-14 16:08:06.944 23710 23710 I wm_on_paused_called: [0,187900263,com.xunmeng.pinduoduo.login.LoginActivity,performPause,1]
12-14 16:08:06.953 23710 23710 I wm_on_stop_called: [0,137748596,com.xunmeng.pinduoduo.ui.activity.HomeActivity,STOP_ACTIVITY_ITEM,3]
12-14 16:08:07.067 22155 22392 I com.miui.home: CheckGCForNative adj_start_bytes: 39080554 NativeAllocationGcWatermark: 11191630 java_gc_start_bytes: 22293109 kNewNativeDiscountFactor: 2 kOldNativeDiscountFactor: 65536 old_native_bytes: 113978503 new_native_bytes: 32849636 add_bytes_allowed: 33574890 is_gc_concurrent: 1 target_footprint_: 22424181 GetBytesAllocated: 14390673 HeapGrowthMultiplier: 3
12-14 16:08:07.067 22155 22392 I com.miui.home: CheckGCForNative gc_urgency 0.788557 current_native_bytes is 146828139
12-14 16:08:07.082 23710 23710 I wm_on_stop_called: [0,187900263,com.xunmeng.pinduoduo.login.LoginActivity,STOP_ACTIVITY_ITEM,81]
12-14 16:08:07.256 22155 22155 I wm_on_top_resumed_lost_called: [185468407,com.miui.home.launcher.Launcher,topStateChangedWhenResumed]
12-14 16:08:07.262 22155 22155 I wm_on_paused_called: [0,185468407,com.miui.home.launcher.Launcher,performPause,1]
12-14 16:08:07.494 22155 22229 I com.miui.home: CheckGCForNative adj_start_bytes: 39080554 NativeAllocationGcWatermark: 11191630 java_gc_start_bytes: 22293109 kNewNativeDiscountFactor: 2 kOldNativeDiscountFactor: 65536 old_native_bytes: 113978503 new_native_bytes: 22474404 add_bytes_allowed: 33574890 is_gc_concurrent: 1 target_footprint_: 22424181 GetBytesAllocated: 15287050 HeapGrowthMultiplier: 3
12-14 16:08:07.494 22155 22229 I com.miui.home: CheckGCForNative gc_urgency 0.678752 current_native_bytes is 136452907
12-14 16:08:07.538 22155 22229 I com.miui.home: CheckGCForNative adj_start_bytes: 39080554 NativeAllocationGcWatermark: 11191630 java_gc_start_bytes: 22293109 kNewNativeDiscountFactor: 2 kOldNativeDiscountFactor: 65536 old_native_bytes: 113978503 new_native_bytes: 22454820 add_bytes_allowed: 33574890 is_gc_concurrent: 1 target_footprint_: 22424181 GetBytesAllocated: 15344045 HeapGrowthMultiplier: 3
12-14 16:08:07.538 22155 22229 I com.miui.home: CheckGCForNative gc_urgency 0.67996 current_native_bytes is 136433323
12-14 16:08:07.831 24201 24201 I wm_on_application_create_called: [0,com.xiaomi.account,583]
12-14 16:08:07.895 22155 22229 I com.miui.home: CheckGCForNative adj_start_bytes: 39080554 NativeAllocationGcWatermark: 11191630 java_gc_start_bytes: 22293109 kNewNativeDiscountFactor: 2 kOldNativeDiscountFactor: 65536 old_native_bytes: 113978503 new_native_bytes: 22588740 add_bytes_allowed: 33574890 is_gc_concurrent: 1 target_footprint_: 22424181 GetBytesAllocated: 15517772 HeapGrowthMultiplier: 3
12-14 16:08:07.895 22155 22229 I com.miui.home: CheckGCForNative gc_urgency 0.686118 current_native_bytes is 136567243
12-14 16:08:08.291 22155 22193 I com.miui.home: CheckGCForNative adj_start_bytes: 39080554 NativeAllocationGcWatermark: 11191630 java_gc_start_bytes: 22293109 kNewNativeDiscountFactor: 2 kOldNativeDiscountFactor: 65536 old_native_bytes: 113978503 new_native_bytes: 22686268 add_bytes_allowed: 33574890 is_gc_concurrent: 1 target_footprint_: 22424181 GetBytesAllocated: 15627270 HeapGrowthMultiplier: 3
12-14 16:08:08.291 22155 22193 I com.miui.home: CheckGCForNative gc_urgency 0.690168 current_native_bytes is 136664771
12-14 16:08:08.319 22155 22155 I com.miui.home: CheckGCForNative adj_start_bytes: 39080554 NativeAllocationGcWatermark: 11191630 java_gc_start_bytes: 22293109 kNewNativeDiscountFactor: 2 kOldNativeDiscountFactor: 65536 old_native_bytes: 113978503 new_native_bytes: 23094988 add_bytes_allowed: 33574890 is_gc_concurrent: 1 target_footprint_: 22424181 GetBytesAllocated: 15741585 HeapGrowthMultiplier: 3
12-14 16:08:08.319 22155 22155 I com.miui.home: CheckGCForNative gc_urgency 0.698322 current_native_bytes is 137073491
12-14 16:08:08.468 24262 24262 I wm_on_application_create_called: [0,com.smile.gifmaker,373]
12-14 16:08:08.644 24262 24262 I wm_on_create_called: [0,235277999,com.yxcorp.gifshow.HomeActivity,performCreate,161]
12-14 16:08:08.821 24262 24262 I wm_on_start_called: [0,235277999,com.yxcorp.gifshow.HomeActivity,handleStartActivity,176]
12-14 16:08:08.954 24262 24262 I wm_on_resume_called: [0,235277999,com.yxcorp.gifshow.HomeActivity,RESUME_ACTIVITY,28]
12-14 16:08:09.031 24262 24262 I wm_on_top_resumed_gained_called: [235277999,com.yxcorp.gifshow.HomeActivity,topStateChangedWhenResumed]
12-14 16:08:09.640 22155 22155 I wm_on_stop_called: [0,185468407,com.miui.home.launcher.Launcher,STOP_ACTIVITY_ITEM,5]
12-14 16:08:09.658 24262 24262 I wm_on_idle_called: com.yxcorp.gifshow.HomeActivity
12-14 16:08:10.311 24262 24262 I wm_on_top_resumed_lost_called: [235277999,com.yxcorp.gifshow.HomeActivity,topStateChangedWhenResumed]
12-14 16:08:10.315 22155 22155 I wm_on_restart_called: [0,185468407,com.miui.home.launcher.Launcher,,0]
12-14 16:08:10.316 22155 22155 I wm_on_start_called: [0,185468407,com.miui.home.launcher.Launcher,handleStartActivity,1]
12-14 16:08:10.320 22155 22155 I wm_on_resume_called: [0,185468407,com.miui.home.launcher.Launcher,RESUME_ACTIVITY,3]
12-14 16:08:10.359 22155 22155 I wm_on_top_resumed_gained_called: [185468407,com.miui.home.launcher.Launcher,topStateChangedWhenResumed]
12-14 16:08:10.361 22155 22155 I wm_on_idle_called: com.miui.home.launcher.Launcher
12-14 16:08:10.449 22155 22168 I com.miui.home: CheckGCForNative adj_start_bytes: 39080554 NativeAllocationGcWatermark: 11191630 java_gc_start_bytes: 22293109 kNewNativeDiscountFactor: 2 kOldNativeDiscountFactor: 65536 old_native_bytes: 113978503 new_native_bytes: 34073368 add_bytes_allowed: 33574890 is_gc_concurrent: 1 target_footprint_: 22424181 GetBytesAllocated: 17180438 HeapGrowthMultiplier: 3
12-14 16:08:10.449 22155 22168 I com.miui.home: CheckGCForNative gc_urgency 0.875598 current_native_bytes is 148051871
12-14 16:08:10.449 22155 22155 I com.miui.home: CheckGCForNative adj_start_bytes: 39080554 NativeAllocationGcWatermark: 11191630 java_gc_start_bytes: 22293109 kNewNativeDiscountFactor: 2 kOldNativeDiscountFactor: 65536 old_native_bytes: 113978503 new_native_bytes: 44780632 add_bytes_allowed: 33574890 is_gc_concurrent: 1 target_footprint_: 22424181 GetBytesAllocated: 17190334 HeapGrowthMultiplier: 3
12-14 16:08:10.449 22155 22155 I com.miui.home: CheckGCForNative gc_urgency 1.01284 current_native_bytes is 158759135
12-14 16:08:10.449 22155 22155 I com.miui.home: CheckGCForNative requested 1
12-14 16:08:10.449 22155 22314 I com.miui.home: CheckGCForNative adj_start_bytes: 39080554 NativeAllocationGcWatermark: 11191630 java_gc_start_bytes: 22293109 kNewNativeDiscountFactor: 2 kOldNativeDiscountFactor: 65536 old_native_bytes: 113978503 new_native_bytes: 44780504 add_bytes_allowed: 33574890 is_gc_concurrent: 1 target_footprint_: 22424181 GetBytesAllocated: 17191627 HeapGrowthMultiplier: 3
12-14 16:08:10.449 22155 22314 I com.miui.home: CheckGCForNative gc_urgency 1.01287 current_native_bytes is 158759007
12-14 16:08:10.449 22155 22314 I com.miui.home: CheckGCForNative requested 1
12-14 16:08:10.513 22155 22229 I com.miui.home: CheckGCForNative adj_start_bytes: 39080554 NativeAllocationGcWatermark: 11191630 java_gc_start_bytes: 22293109 kNewNativeDiscountFactor: 2 kOldNativeDiscountFactor: 65536 old_native_bytes: 113978503 new_native_bytes: 34116056 add_bytes_allowed: 33574890 is_gc_concurrent: 1 target_footprint_: 22424181 GetBytesAllocated: 17283220 HeapGrowthMultiplier: 3
12-14 16:08:10.513 22155 22229 I com.miui.home: CheckGCForNative gc_urgency 0.878774 current_native_bytes is 148094559
12-14 16:08:10.636 22155 22229 I com.miui.home: CheckGCForNative gc_urgency 0 current_native_bytes is 136236367
12-14 16:08:10.923 22155 22228 I com.miui.home: CheckGCForNative adj_start_bytes: 39286637 NativeAllocationGcWatermark: 11213323 java_gc_start_bytes: 22466653 kNewNativeDiscountFactor: 2 kOldNativeDiscountFactor: 65536 old_native_bytes: 136236367 new_native_bytes: 10709216 add_bytes_allowed: 33639969 is_gc_concurrent: 1 target_footprint_: 22597725 GetBytesAllocated: 11498714 HeapGrowthMultiplier: 3
12-14 16:08:10.923 22155 22228 I com.miui.home: CheckGCForNative gc_urgency 0.429036 current_native_bytes is 146945583
12-14 16:08:10.924 22155 22228 I com.miui.home: CheckGCForNative adj_start_bytes: 39286637 NativeAllocationGcWatermark: 11213323 java_gc_start_bytes: 22466653 kNewNativeDiscountFactor: 2 kOldNativeDiscountFactor: 65536 old_native_bytes: 136236367 new_native_bytes: 21416480 add_bytes_allowed: 33639969 is_gc_concurrent: 1 target_footprint_: 22597725 GetBytesAllocated: 11498906 HeapGrowthMultiplier: 3
12-14 16:08:10.924 22155 22228 I com.miui.home: CheckGCForNative gc_urgency 0.565312 current_native_bytes is 157652847
12-14 16:08:10.924 22155 24733 I com.miui.home: CheckGCForNative adj_start_bytes: 39286637 NativeAllocationGcWatermark: 11213323 java_gc_start_bytes: 22466653 kNewNativeDiscountFactor: 2 kOldNativeDiscountFactor: 65536 old_native_bytes: 136236367 new_native_bytes: 21417056 add_bytes_allowed: 33639969 is_gc_concurrent: 1 target_footprint_: 22597725 GetBytesAllocated: 11501722 HeapGrowthMultiplier: 3
12-14 16:08:10.924 22155 24733 I com.miui.home: CheckGCForNative gc_urgency 0.565391 current_native_bytes is 157653423
12-14 16:08:11.019 24262 24262 I wm_on_paused_called: [0,235277999,com.yxcorp.gifshow.HomeActivity,performPause,16]
12-14 16:08:11.146 22155 22392 I com.miui.home: CheckGCForNative adj_start_bytes: 39286637 NativeAllocationGcWatermark: 11213323 java_gc_start_bytes: 22466653 kNewNativeDiscountFactor: 2 kOldNativeDiscountFactor: 65536 old_native_bytes: 136236367 new_native_bytes: 21355904 add_bytes_allowed: 33639969 is_gc_concurrent: 1 target_footprint_: 22597725 GetBytesAllocated: 11685931 HeapGrowthMultiplier: 3
12-14 16:08:11.146 22155 22392 I com.miui.home: CheckGCForNative gc_urgency 0.569302 current_native_bytes is 157592271
12-14 16:08:11.298 24262 24262 I wm_on_stop_called: [0,235277999,com.yxcorp.gifshow.HomeActivity,STOP_ACTIVITY_ITEM,25]
12-14 16:08:11.733 22155 22155 I wm_on_top_resumed_lost_called: [185468407,com.miui.home.launcher.Launcher,topStateChangedWhenResumed]
12-14 16:08:11.735 22155 22155 I wm_on_paused_called: [0,185468407,com.miui.home.launcher.Launcher,performPause,2]
12-14 16:08:11.745 22155 22209 I com.miui.home: CheckGCForNative adj_start_bytes: 39286637 NativeAllocationGcWatermark: 11213323 java_gc_start_bytes: 22466653 kNewNativeDiscountFactor: 2 kOldNativeDiscountFactor: 65536 old_native_bytes: 136236367 new_native_bytes: 10817256 add_bytes_allowed: 33639969 is_gc_concurrent: 1 target_footprint_: 22597725 GetBytesAllocated: 12038082 HeapGrowthMultiplier: 3
12-14 16:08:11.745 22155 22209 I com.miui.home: CheckGCForNative gc_urgency 0.444141 current_native_bytes is 147053623
12-14 16:08:11.928 24803 24803 I wm_on_application_create_called: [0,com.xunmeng.pinduoduo,353]
12-14 16:08:12.039 22155 22229 I com.miui.home: CheckGCForNative adj_start_bytes: 39286637 NativeAllocationGcWatermark: 11213323 java_gc_start_bytes: 22466653 kNewNativeDiscountFactor: 2 kOldNativeDiscountFactor: 65536 old_native_bytes: 136236367 new_native_bytes: 11157000 add_bytes_allowed: 33639969 is_gc_concurrent: 1 target_footprint_: 22597725 GetBytesAllocated: 12766299 HeapGrowthMultiplier: 3
12-14 16:08:12.039 22155 22229 I com.miui.home: CheckGCForNative gc_urgency 0.467 current_native_bytes is 147393367
12-14 16:08:12.151 22155 22229 I com.miui.home: CheckGCForNative adj_start_bytes: 39286637 NativeAllocationGcWatermark: 11213323 java_gc_start_bytes: 22466653 kNewNativeDiscountFactor: 2 kOldNativeDiscountFactor: 65536 old_native_bytes: 136236367 new_native_bytes: 11165960 add_bytes_allowed: 33639969 is_gc_concurrent: 1 target_footprint_: 22597725 GetBytesAllocated: 12794833 HeapGrowthMultiplier: 3
12-14 16:08:12.151 22155 22229 I com.miui.home: CheckGCForNative gc_urgency 0.467841 current_native_bytes is 147402327
12-14 16:08:12.897 24897 24897 I wm_on_application_create_called: [0,com.autonavi.minimap,714]
12-14 16:08:12.967 24897 24897 I wm_on_create_called: [0,216517775,com.autonavi.map.activity.SplashActivity,performCreate,51]
12-14 16:08:13.303 24897 24897 I wm_on_create_called: [0,157968829,com.autonavi.map.activity.NewMapActivity,performCreate,245]
12-14 16:08:13.308 24897 24897 I wm_on_start_called: [0,157968829,com.autonavi.map.activity.NewMapActivity,handleStartActivity,5]
12-14 16:08:13.313 24897 24897 I wm_on_resume_called: [0,157968829,com.autonavi.map.activity.NewMapActivity,RESUME_ACTIVITY,3]
12-14 16:08:13.382 24897 24897 I wm_on_top_resumed_gained_called: [157968829,com.autonavi.map.activity.NewMapActivity,topStateChangedWhenResumed]
12-14 16:08:13.991 25203 25203 I wm_on_application_create_called: [0,com.autonavi.minimap,638]
12-14 16:08:14.174 22155 22155 I wm_on_stop_called: [0,185468407,com.miui.home.launcher.Launcher,STOP_ACTIVITY_ITEM,11]
12-14 16:08:14.628 22155 22155 I wm_on_restart_called: [0,185468407,com.miui.home.launcher.Launcher,,0]
12-14 16:08:14.629 22155 22155 I wm_on_start_called: [0,185468407,com.miui.home.launcher.Launcher,handleStartActivity,1]
12-14 16:08:14.634 22155 22155 I wm_on_resume_called: [0,185468407,com.miui.home.launcher.Launcher,RESUME_ACTIVITY,5]
12-14 16:08:14.668 24897 24897 I wm_on_destroy_called: [0,216517775,com.autonavi.map.activity.SplashActivity,performDestroy,1]
12-14 16:08:14.673 22155 22155 I wm_on_idle_called: com.miui.home.launcher.Launcher
12-14 16:08:14.784 22155 22169 I com.miui.home: CheckGCForNative adj_start_bytes: 39286637 NativeAllocationGcWatermark: 11213323 java_gc_start_bytes: 22466653 kNewNativeDiscountFactor: 2 kOldNativeDiscountFactor: 65536 old_native_bytes: 136236367 new_native_bytes: 11156516 add_bytes_allowed: 33639969 is_gc_concurrent: 1 target_footprint_: 22597725 GetBytesAllocated: 14417132 HeapGrowthMultiplier: 3
12-14 16:08:14.784 22155 22169 I com.miui.home: CheckGCForNative gc_urgency 0.509014 current_native_bytes is 147392883
12-14 16:08:14.795 22155 22169 I com.miui.home: CheckGCForNative adj_start_bytes: 39286637 NativeAllocationGcWatermark: 11213323 java_gc_start_bytes: 22466653 kNewNativeDiscountFactor: 2 kOldNativeDiscountFactor: 65536 old_native_bytes: 136236367 new_native_bytes: 21863076 add_bytes_allowed: 33639969 is_gc_concurrent: 1 target_footprint_: 22597725 GetBytesAllocated: 14429399 HeapGrowthMultiplier: 3
12-14 16:08:14.795 22155 22169 I com.miui.home: CheckGCForNative gc_urgency 0.645589 current_native_bytes is 158099443
12-14 16:08:14.795 22155 22169 I com.miui.home: CheckGCForNative adj_start_bytes: 39286637 NativeAllocationGcWatermark: 11213323 java_gc_start_bytes: 22466653 kNewNativeDiscountFactor: 2 kOldNativeDiscountFactor: 65536 old_native_bytes: 136236367 new_native_bytes: 32570020 add_bytes_allowed: 33639969 is_gc_concurrent: 1 target_footprint_: 22597725 GetBytesAllocated: 14436207 HeapGrowthMultiplier: 3
12-14 16:08:14.795 22155 22169 I com.miui.home: CheckGCForNative gc_urgency 0.782029 current_native_bytes is 168806387
12-14 16:08:14.987 22155 22169 I com.miui.home: CheckGCForNative adj_start_bytes: 39286637 NativeAllocationGcWatermark: 11213323 java_gc_start_bytes: 22466653 kNewNativeDiscountFactor: 2 kOldNativeDiscountFactor: 65536 old_native_bytes: 136236367 new_native_bytes: 32631204 add_bytes_allowed: 33639969 is_gc_concurrent: 1 target_footprint_: 22597725 GetBytesAllocated: 14607872 HeapGrowthMultiplier: 3
12-14 16:08:14.987 22155 22169 I com.miui.home: CheckGCForNative gc_urgency 0.787177 current_native_bytes is 168867571
12-14 16:08:15.004 22155 22229 I com.miui.home: CheckGCForNative adj_start_bytes: 39286637 NativeAllocationGcWatermark: 11213323 java_gc_start_bytes: 22466653 kNewNativeDiscountFactor: 2 kOldNativeDiscountFactor: 65536 old_native_bytes: 136236367 new_native_bytes: 21927972 add_bytes_allowed: 33639969 is_gc_concurrent: 1 target_footprint_: 22597725 GetBytesAllocated: 14630831 HeapGrowthMultiplier: 3
12-14 16:08:15.004 22155 22229 I com.miui.home: CheckGCForNative gc_urgency 0.651542 current_native_bytes is 158164339
12-14 16:08:15.125 22155 22155 I wm_on_top_resumed_gained_called: [185468407,com.miui.home.launcher.Launcher,topStateChangedWhenResumed]
12-14 16:08:15.169 22155 22229 I com.miui.home: CheckGCForNative adj_start_bytes: 39286637 NativeAllocationGcWatermark: 11213323 java_gc_start_bytes: 22466653 kNewNativeDiscountFactor: 2 kOldNativeDiscountFactor: 65536 old_native_bytes: 136236367 new_native_bytes: 21903268 add_bytes_allowed: 33639969 is_gc_concurrent: 1 target_footprint_: 22597725 GetBytesAllocated: 14695760 HeapGrowthMultiplier: 3
12-14 16:08:15.169 22155 22229 I com.miui.home: CheckGCForNative gc_urgency 0.65288 current_native_bytes is 158139635
12-14 16:08:15.280 22155 22228 I com.miui.home: CheckGCForNative adj_start_bytes: 39286637 NativeAllocationGcWatermark: 11213323 java_gc_start_bytes: 22466653 kNewNativeDiscountFactor: 2 kOldNativeDiscountFactor: 65536 old_native_bytes: 136236367 new_native_bytes: 32598820 add_bytes_allowed: 33639969 is_gc_concurrent: 1 target_footprint_: 22597725 GetBytesAllocated: 14747079 HeapGrowthMultiplier: 3
12-14 16:08:15.280 22155 22228 I com.miui.home: CheckGCForNative gc_urgency 0.790309 current_native_bytes is 168835187
12-14 16:08:15.280 22155 22228 I com.miui.home: CheckGCForNative adj_start_bytes: 39286637 NativeAllocationGcWatermark: 11213323 java_gc_start_bytes: 22466653 kNewNativeDiscountFactor: 2 kOldNativeDiscountFactor: 65536 old_native_bytes: 136236367 new_native_bytes: 43262948 add_bytes_allowed: 33639969 is_gc_concurrent: 1 target_footprint_: 22597725 GetBytesAllocated: 14766807 HeapGrowthMultiplier: 3
12-14 16:08:15.281 22155 22228 I com.miui.home: CheckGCForNative gc_urgency 0.926533 current_native_bytes is 179499315
12-14 16:08:15.306 22155 22173 I com.miui.home: CheckGCForNative adj_start_bytes: 39286637 NativeAllocationGcWatermark: 11213323 java_gc_start_bytes: 22466653 kNewNativeDiscountFactor: 2 kOldNativeDiscountFactor: 65536 old_native_bytes: 136236367 new_native_bytes: 43262788 add_bytes_allowed: 33639969 is_gc_concurrent: 1 target_footprint_: 22597725 GetBytesAllocated: 14784195 HeapGrowthMultiplier: 3
12-14 16:08:15.306 22155 22173 I com.miui.home: CheckGCForNative gc_urgency 0.926973 current_native_bytes is 179499155
12-14 16:08:15.722 24897 24897 I wm_on_top_resumed_lost_called: [157968829,com.autonavi.map.activity.NewMapActivity,topStateChangedWhenResumed]
12-14 16:08:15.722 22155 23398 I com.miui.home: CheckGCForNative adj_start_bytes: 39286637 NativeAllocationGcWatermark: 11213323 java_gc_start_bytes: 22466653 kNewNativeDiscountFactor: 2 kOldNativeDiscountFactor: 65536 old_native_bytes: 136236367 new_native_bytes: 33203956 add_bytes_allowed: 33639969 is_gc_concurrent: 1 target_footprint_: 22597725 GetBytesAllocated: 15071025 HeapGrowthMultiplier: 3
12-14 16:08:15.722 22155 23398 I com.miui.home: CheckGCForNative gc_urgency 0.806256 current_native_bytes is 169440323
12-14 16:08:15.734 22155 23398 I com.miui.home: CheckGCForNative adj_start_bytes: 39286637 NativeAllocationGcWatermark: 11213323 java_gc_start_bytes: 22466653 kNewNativeDiscountFactor: 2 kOldNativeDiscountFactor: 65536 old_native_bytes: 136236367 new_native_bytes: 33203380 add_bytes_allowed: 33639969 is_gc_concurrent: 1 target_footprint_: 22597725 GetBytesAllocated: 15071025 HeapGrowthMultiplier: 3
12-14 16:08:15.734 22155 23398 I com.miui.home: CheckGCForNative gc_urgency 0.806249 current_native_bytes is 169439747
12-14 16:08:15.909 22155 22155 I wm_on_top_resumed_lost_called: [185468407,com.miui.home.launcher.Launcher,topStateChangedWhenResumed]
12-14 16:08:15.920 22155 22155 I wm_on_paused_called: [0,185468407,com.miui.home.launcher.Launcher,performPause,1]
12-14 16:08:16.023 24897 24897 I wm_on_paused_called: [0,157968829,com.autonavi.map.activity.NewMapActivity,performPause,250]
12-14 16:08:16.148 22155 22392 I com.miui.home: CheckGCForNative adj_start_bytes: 39286637 NativeAllocationGcWatermark: 11213323 java_gc_start_bytes: 22466653 kNewNativeDiscountFactor: 2 kOldNativeDiscountFactor: 65536 old_native_bytes: 136236367 new_native_bytes: 44051700 add_bytes_allowed: 33639969 is_gc_concurrent: 1 target_footprint_: 22597725 GetBytesAllocated: 15586790 HeapGrowthMultiplier: 3
12-14 16:08:16.148 22155 22392 I com.miui.home: CheckGCForNative gc_urgency 0.957443 current_native_bytes is 180288067
12-14 16:08:16.200 20160 20160 I wm_on_create_called: [0,261176643,com.tencent.mobileqq.activity.SplashActivity,performCreate,164]
12-14 16:08:16.207 20160 20160 I wm_on_start_called: [0,261176643,com.tencent.mobileqq.activity.SplashActivity,handleStartActivity,5]
12-14 16:08:16.243 20160 20160 I wm_on_resume_called: [0,261176643,com.tencent.mobileqq.activity.SplashActivity,RESUME_ACTIVITY,33]
12-14 16:08:16.367 20160 20160 I wm_on_top_resumed_gained_called: [261176643,com.tencent.mobileqq.activity.SplashActivity,topStateChangedWhenResumed]
12-14 16:08:16.658 25496 25496 I wm_on_application_create_called: [0,com.smile.gifmaker,1409]
12-14 16:08:16.862 22155 22229 I com.miui.home: CheckGCForNative adj_start_bytes: 39286637 NativeAllocationGcWatermark: 11213323 java_gc_start_bytes: 22466653 kNewNativeDiscountFactor: 2 kOldNativeDiscountFactor: 65536 old_native_bytes: 136236367 new_native_bytes: 33667692 add_bytes_allowed: 33639969 is_gc_concurrent: 1 target_footprint_: 22597725 GetBytesAllocated: 15910715 HeapGrowthMultiplier: 3
12-14 16:08:16.862 22155 22229 I com.miui.home: CheckGCForNative gc_urgency 0.833531 current_native_bytes is 169904059
12-14 16:08:16.941 20160 20160 I wm_on_idle_called: com.tencent.mobileqq.activity.SplashActivity
12-14 16:08:17.108 20160 20160 I wm_on_top_resumed_lost_called: [261176643,com.tencent.mobileqq.activity.SplashActivity,topStateChangedWhenResumed]
12-14 16:08:17.115 20160 20160 I wm_on_paused_called: [0,261176643,com.tencent.mobileqq.activity.SplashActivity,performPause,5]
12-14 16:08:17.207 22155 22229 I com.miui.home: CheckGCForNative adj_start_bytes: 39286637 NativeAllocationGcWatermark: 11213323 java_gc_start_bytes: 22466653 kNewNativeDiscountFactor: 2 kOldNativeDiscountFactor: 65536 old_native_bytes: 136236367 new_native_bytes: 33638956 add_bytes_allowed: 33639969 is_gc_concurrent: 1 target_footprint_: 22597725 GetBytesAllocated: 16073703 HeapGrowthMultiplier: 3
12-14 16:08:17.207 22155 22229 I com.miui.home: CheckGCForNative gc_urgency 0.837314 current_native_bytes is 169875323
12-14 16:08:17.218 22155 22229 I com.miui.home: CheckGCForNative adj_start_bytes: 39286637 NativeAllocationGcWatermark: 11213323 java_gc_start_bytes: 22466653 kNewNativeDiscountFactor: 2 kOldNativeDiscountFactor: 65536 old_native_bytes: 136236367 new_native_bytes: 33639148 add_bytes_allowed: 33639969 is_gc_concurrent: 1 target_footprint_: 22597725 GetBytesAllocated: 16073703 HeapGrowthMultiplier: 3
12-14 16:08:17.218 22155 22229 I com.miui.home: CheckGCForNative gc_urgency 0.837317 current_native_bytes is 169875515
