12-14 18:38:37.963 22155 22229 I com.miui.home: CheckGCForNative adj_start_bytes: 40313716 NativeAllocationGcWatermark: 11327907 java_gc_start_bytes: 23321856 kNewNativeDiscountFactor: 2 kOldNativeDiscountFactor: 65536 old_native_bytes: 173021767 new_native_bytes: 22612716 add_bytes_allowed: 33983721 is_gc_concurrent: 1 target_footprint_: 23514398 GetBytesAllocated: 15942600 HeapGrowthMultiplier: 3
12-14 18:38:37.963 22155 22229 I com.miui.home: CheckGCForNative gc_urgency 0.675988 current_native_bytes is 195634483
12-14 18:38:38.319 22155 22229 I com.miui.home: CheckGCForNative adj_start_bytes: 40313716 NativeAllocationGcWatermark: 11327907 java_gc_start_bytes: 23321856 kNewNativeDiscountFactor: 2 kOldNativeDiscountFactor: 65536 old_native_bytes: 173021767 new_native_bytes: 22584876 add_bytes_allowed: 33983721 is_gc_concurrent: 1 target_footprint_: 23514398 GetBytesAllocated: 16044024 HeapGrowthMultiplier: 3
12-14 18:38:38.319 22155 22229 I com.miui.home: CheckGCForNative gc_urgency 0.678159 current_native_bytes is 195606643
12-14 18:38:39.203 30994 30994 I wm_on_application_create_called: [0,tv.danmaku.bili,508]
12-14 18:38:39.293 30994 30994 I wm_on_create_called: [0,155477413,tv.danmaku.bili.MainActivityV2,performCreate,64]
12-14 18:38:39.506 22155 22155 I wm_on_resume_called: [0,185468407,com.miui.home.launcher.Launcher,RESUME_ACTIVITY,3]
12-14 18:38:39.516 22155 22155 I com.miui.home: CheckGCForNative adj_start_bytes: 40313716 NativeAllocationGcWatermark: 11327907 java_gc_start_bytes: 23321856 kNewNativeDiscountFactor: 2 kOldNativeDiscountFactor: 65536 old_native_bytes: 173021767 new_native_bytes: 22362720 add_bytes_allowed: 33983721 is_gc_concurrent: 1 target_footprint_: 23514398 GetBytesAllocated: 16934239 HeapGrowthMultiplier: 3
12-14 18:38:39.516 22155 22155 I com.miui.home: CheckGCForNative gc_urgency 0.697486 current_native_bytes is 195384487
12-14 18:38:39.518 22155 22155 I wm_on_idle_called: com.miui.home.launcher.Launcher
12-14 18:38:39.619 30994 30994 I wm_on_start_called: [0,155477413,tv.danmaku.bili.MainActivityV2,handleStartActivity,325]
12-14 18:38:39.635 30994 30994 I wm_on_resume_called: [0,155477413,tv.danmaku.bili.MainActivityV2,RESUME_ACTIVITY,13]
12-14 18:38:39.714 22155 26876 I com.miui.home: CheckGCForNative adj_start_bytes: 40313716 NativeAllocationGcWatermark: 11327907 java_gc_start_bytes: 23321856 kNewNativeDiscountFactor: 2 kOldNativeDiscountFactor: 65536 old_native_bytes: 173021767 new_native_bytes: 33081196 add_bytes_allowed: 33983721 is_gc_concurrent: 1 target_footprint_: 23514398 GetBytesAllocated: 17745763 HeapGrowthMultiplier: 3
12-14 18:38:39.714 22155 26876 I com.miui.home: CheckGCForNative gc_urgency 0.850554 current_native_bytes is 206102963
12-14 18:38:39.714 22155 26876 I com.miui.home: CheckGCForNative adj_start_bytes: 40313716 NativeAllocationGcWatermark: 11327907 java_gc_start_bytes: 23321856 kNewNativeDiscountFactor: 2 kOldNativeDiscountFactor: 65536 old_native_bytes: 173021767 new_native_bytes: 43788140 add_bytes_allowed: 33983721 is_gc_concurrent: 1 target_footprint_: 23514398 GetBytesAllocated: 17747070 HeapGrowthMultiplier: 3
12-14 18:38:39.714 22155 26876 I com.miui.home: CheckGCForNative gc_urgency 0.983382 current_native_bytes is 216809907
12-14 18:38:39.750 22155 23438 I com.miui.home: CheckGCForNative adj_start_bytes: 40313716 NativeAllocationGcWatermark: 11327907 java_gc_start_bytes: 23321856 kNewNativeDiscountFactor: 2 kOldNativeDiscountFactor: 65536 old_native_bytes: 173021767 new_native_bytes: 43881164 add_bytes_allowed: 33983721 is_gc_concurrent: 1 target_footprint_: 23514398 GetBytesAllocated: 17798181 HeapGrowthMultiplier: 3
12-14 18:38:39.750 22155 23438 I com.miui.home: CheckGCForNative gc_urgency 0.985804 current_native_bytes is 216902931
12-14 18:38:39.758 30994 30994 I wm_on_top_resumed_gained_called: [155477413,tv.danmaku.bili.MainActivityV2,topStateChangedWhenResumed]
12-14 18:38:39.795 22155 22229 I com.miui.home: CheckGCForNative adj_start_bytes: 40313716 NativeAllocationGcWatermark: 11327907 java_gc_start_bytes: 23321856 kNewNativeDiscountFactor: 2 kOldNativeDiscountFactor: 65536 old_native_bytes: 173021767 new_native_bytes: 33178540 add_bytes_allowed: 33983721 is_gc_concurrent: 1 target_footprint_: 23514398 GetBytesAllocated: 17829202 HeapGrowthMultiplier: 3
12-14 18:38:39.795 22155 22229 I com.miui.home: CheckGCForNative gc_urgency 0.853831 current_native_bytes is 206200307
12-14 18:38:39.963 22155 22155 I wm_on_top_resumed_gained_called: [185468407,com.miui.home.launcher.Launcher,topStateChangedWhenResumed]
12-14 18:38:40.151 22155 22229 I com.miui.home: CheckGCForNative adj_start_bytes: 40313716 NativeAllocationGcWatermark: 11327907 java_gc_start_bytes: 23321856 kNewNativeDiscountFactor: 2 kOldNativeDiscountFactor: 65536 old_native_bytes: 173021767 new_native_bytes: 33207628 add_bytes_allowed: 33983721 is_gc_concurrent: 1 target_footprint_: 23514398 GetBytesAllocated: 17972460 HeapGrowthMultiplier: 3
12-14 18:38:40.151 22155 22229 I com.miui.home: CheckGCForNative gc_urgency 0.857746 current_native_bytes is 206229395
12-14 18:38:40.197 22155 22173 I com.miui.home: CheckGCForNative adj_start_bytes: 40313716 NativeAllocationGcWatermark: 11327907 java_gc_start_bytes: 23321856 kNewNativeDiscountFactor: 2 kOldNativeDiscountFactor: 65536 old_native_bytes: 173021767 new_native_bytes: 43799212 add_bytes_allowed: 33983721 is_gc_concurrent: 1 target_footprint_: 23514398 GetBytesAllocated: 17979986 HeapGrowthMultiplier: 3
12-14 18:38:40.197 22155 22173 I com.miui.home: CheckGCForNative gc_urgency 0.989297 current_native_bytes is 216820979
12-14 18:38:40.198 22155 22155 I com.miui.home: CheckGCForNative adj_start_bytes: 40313716 NativeAllocationGcWatermark: 11327907 java_gc_start_bytes: 23321856 kNewNativeDiscountFactor: 2 kOldNativeDiscountFactor: 65536 old_native_bytes: 173021767 new_native_bytes: 65212076 add_bytes_allowed: 33983721 is_gc_concurrent: 1 target_footprint_: 23514398 GetBytesAllocated: 17985779 HeapGrowthMultiplier: 3
12-14 18:38:40.198 22155 22155 I com.miui.home: CheckGCForNative gc_urgency 1.25502 current_native_bytes is 238233843
12-14 18:38:40.198 22155 22155 I com.miui.home: CheckGCForNative requested 1
12-14 18:38:40.201 22155 22228 I com.miui.home: CheckGCForNative adj_start_bytes: 40313716 NativeAllocationGcWatermark: 11327907 java_gc_start_bytes: 23321856 kNewNativeDiscountFactor: 2 kOldNativeDiscountFactor: 65536 old_native_bytes: 173021767 new_native_bytes: 54506156 add_bytes_allowed: 33983721 is_gc_concurrent: 1 target_footprint_: 23514398 GetBytesAllocated: 17985779 HeapGrowthMultiplier: 3
12-14 18:38:40.201 22155 22228 I com.miui.home: CheckGCForNative gc_urgency 1.12224 current_native_bytes is 227527923
12-14 18:38:40.202 22155 22228 I com.miui.home: CheckGCForNative requested 1
12-14 18:38:40.303 22155 22164 I com.miui.home: NativeAlloc concurrent copying GC freed 124400(5445KB) AllocSpace objects, 26(728KB) LOS objects, 50% free, 11MB/22MB, paused 75us,57us total 104.521ms
12-14 18:38:40.373 22155 22155 I wm_on_top_resumed_lost_called: [185468407,com.miui.home.launcher.Launcher,topStateChangedWhenResumed]
12-14 18:38:40.382 22155 25713 I com.miui.home: CheckGCForNative gc_urgency 0 current_native_bytes is 162541079
12-14 18:38:40.523 22155 22392 I com.miui.home: CheckGCForNative adj_start_bytes: 40465650 NativeAllocationGcWatermark: 11337528 java_gc_start_bytes: 23459358 kNewNativeDiscountFactor: 2 kOldNativeDiscountFactor: 65536 old_native_bytes: 162541079 new_native_bytes: 10551696 add_bytes_allowed: 34012584 is_gc_concurrent: 1 target_footprint_: 23591365 GetBytesAllocated: 12261567 HeapGrowthMultiplier: 3
12-14 18:38:40.523 22155 22392 I com.miui.home: CheckGCForNative gc_urgency 0.433452 current_native_bytes is 173092775
12-14 18:38:40.723 22155 22155 I wm_on_paused_called: [0,185468407,com.miui.home.launcher.Launcher,performPause,2]
12-14 18:38:40.779 30994 30994 I wm_on_top_resumed_lost_called: [155477413,tv.danmaku.bili.MainActivityV2,topStateChangedWhenResumed]
12-14 18:38:41.004 30994 30994 I wm_on_paused_called: [0,155477413,tv.danmaku.bili.MainActivityV2,performPause,48]
12-14 18:38:41.213 30994 30994 I wm_on_stop_called: [0,155477413,tv.danmaku.bili.MainActivityV2,STOP_ACTIVITY_ITEM,88]
12-14 18:38:41.231 22155 22229 I com.miui.home: CheckGCForNative adj_start_bytes: 40465650 NativeAllocationGcWatermark: 11337528 java_gc_start_bytes: 23459358 kNewNativeDiscountFactor: 2 kOldNativeDiscountFactor: 65536 old_native_bytes: 162541079 new_native_bytes: 207968 add_bytes_allowed: 34012584 is_gc_concurrent: 1 target_footprint_: 23591365 GetBytesAllocated: 12835086 HeapGrowthMultiplier: 3
12-14 18:38:41.231 22155 22229 I com.miui.home: CheckGCForNative gc_urgency 0.319816 current_native_bytes is 162749047
12-14 18:38:41.869 31339 31339 I wm_on_application_create_called: [0,tv.danmaku.bili,207]
12-14 18:38:41.942 30994 30994 I wm_on_idle_called: tv.danmaku.bili.MainActivityV2
12-14 18:38:41.951 22155 22155 I wm_on_stop_called: [0,185468407,com.miui.home.launcher.Launcher,STOP_ACTIVITY_ITEM,4]
12-14 18:38:42.086 22155 22155 I wm_on_restart_called: [0,185468407,com.miui.home.launcher.Launcher,,0]
12-14 18:38:42.087 22155 22155 I wm_on_start_called: [0,185468407,com.miui.home.launcher.Launcher,handleStartActivity,0]
12-14 18:38:42.091 22155 22155 I wm_on_resume_called: [0,185468407,com.miui.home.launcher.Launcher,RESUME_ACTIVITY,3]
12-14 18:38:42.093 22155 28038 I com.miui.home: CheckGCForNative gc_urgency 0 current_native_bytes is 162497323
12-14 18:38:42.212 22155 22155 I wm_on_idle_called: com.miui.home.launcher.Launcher
12-14 18:38:42.323 22155 25713 I com.miui.home: CheckGCForNative adj_start_bytes: 40465650 NativeAllocationGcWatermark: 11337528 java_gc_start_bytes: 23459358 kNewNativeDiscountFactor: 2 kOldNativeDiscountFactor: 65536 old_native_bytes: 162497323 new_native_bytes: 123048 add_bytes_allowed: 34012584 is_gc_concurrent: 1 target_footprint_: 23591365 GetBytesAllocated: 13896105 HeapGrowthMultiplier: 3
12-14 18:38:42.323 22155 25713 I com.miui.home: CheckGCForNative gc_urgency 0.344987 current_native_bytes is 162620371
12-14 18:38:42.339 22155 25713 I com.miui.home: CheckGCForNative adj_start_bytes: 40465650 NativeAllocationGcWatermark: 11337528 java_gc_start_bytes: 23459358 kNewNativeDiscountFactor: 2 kOldNativeDiscountFactor: 65536 old_native_bytes: 162497323 new_native_bytes: 10831784 add_bytes_allowed: 34012584 is_gc_concurrent: 1 target_footprint_: 23591365 GetBytesAllocated: 13921913 HeapGrowthMultiplier: 3
12-14 18:38:42.339 22155 25713 I com.miui.home: CheckGCForNative gc_urgency 0.477943 current_native_bytes is 173329107
12-14 18:38:42.340 22155 25713 I com.miui.home: CheckGCForNative adj_start_bytes: 40465650 NativeAllocationGcWatermark: 11337528 java_gc_start_bytes: 23459358 kNewNativeDiscountFactor: 2 kOldNativeDiscountFactor: 65536 old_native_bytes: 162497323 new_native_bytes: 21538728 add_bytes_allowed: 34012584 is_gc_concurrent: 1 target_footprint_: 23591365 GetBytesAllocated: 13922105 HeapGrowthMultiplier: 3
12-14 18:38:42.340 22155 25713 I com.miui.home: CheckGCForNative gc_urgency 0.610245 current_native_bytes is 184036051
12-14 18:38:42.488 22155 25713 I com.miui.home: CheckGCForNative adj_start_bytes: 40465650 NativeAllocationGcWatermark: 11337528 java_gc_start_bytes: 23459358 kNewNativeDiscountFactor: 2 kOldNativeDiscountFactor: 65536 old_native_bytes: 162497323 new_native_bytes: 21725520 add_bytes_allowed: 34012584 is_gc_concurrent: 1 target_footprint_: 23591365 GetBytesAllocated: 14579476 HeapGrowthMultiplier: 3
12-14 18:38:42.488 22155 25713 I com.miui.home: CheckGCForNative gc_urgency 0.628798 current_native_bytes is 184222843
12-14 18:38:42.575 31362 31362 I wm_on_application_create_called: [0,com.taobao.taobao,884]
12-14 18:38:42.579 22155 22229 I com.miui.home: CheckGCForNative adj_start_bytes: 40465650 NativeAllocationGcWatermark: 11337528 java_gc_start_bytes: 23459358 kNewNativeDiscountFactor: 2 kOldNativeDiscountFactor: 65536 old_native_bytes: 162497323 new_native_bytes: 11027792 add_bytes_allowed: 34012584 is_gc_concurrent: 1 target_footprint_: 23591365 GetBytesAllocated: 14622983 HeapGrowthMultiplier: 3
12-14 18:38:42.579 22155 22229 I com.miui.home: CheckGCForNative gc_urgency 0.49769 current_native_bytes is 173525115
12-14 18:38:42.599 22155 22155 I wm_on_top_resumed_gained_called: [185468407,com.miui.home.launcher.Launcher,topStateChangedWhenResumed]
12-14 18:38:42.711 31331 31331 I wm_on_application_create_called: [0,tv.danmaku.bili,867]
12-14 18:38:42.807 22155 23438 I com.miui.home: CheckGCForNative adj_start_bytes: 40465650 NativeAllocationGcWatermark: 11337528 java_gc_start_bytes: 23459358 kNewNativeDiscountFactor: 2 kOldNativeDiscountFactor: 65536 old_native_bytes: 162497323 new_native_bytes: 21743872 add_bytes_allowed: 34012584 is_gc_concurrent: 1 target_footprint_: 23591365 GetBytesAllocated: 14725865 HeapGrowthMultiplier: 3
12-14 18:38:42.807 22155 23438 I com.miui.home: CheckGCForNative gc_urgency 0.632642 current_native_bytes is 184241195
12-14 18:38:42.808 22155 22228 I com.miui.home: CheckGCForNative adj_start_bytes: 40465650 NativeAllocationGcWatermark: 11337528 java_gc_start_bytes: 23459358 kNewNativeDiscountFactor: 2 kOldNativeDiscountFactor: 65536 old_native_bytes: 162497323 new_native_bytes: 32449792 add_bytes_allowed: 34012584 is_gc_concurrent: 1 target_footprint_: 23591365 GetBytesAllocated: 14726057 HeapGrowthMultiplier: 3
12-14 18:38:42.808 22155 22155 I com.miui.home: CheckGCForNative adj_start_bytes: 40465650 NativeAllocationGcWatermark: 11337528 java_gc_start_bytes: 23459358 kNewNativeDiscountFactor: 2 kOldNativeDiscountFactor: 65536 old_native_bytes: 162497323 new_native_bytes: 43157312 add_bytes_allowed: 34012584 is_gc_concurrent: 1 target_footprint_: 23591365 GetBytesAllocated: 14731397 HeapGrowthMultiplier: 3
12-14 18:38:42.808 22155 22155 I com.miui.home: CheckGCForNative gc_urgency 0.897367 current_native_bytes is 205654635
12-14 18:38:42.811 22155 22228 I com.miui.home: CheckGCForNative gc_urgency 0.765162 current_native_bytes is 194947115
12-14 18:38:43.313 22155 22155 I wm_on_top_resumed_lost_called: [185468407,com.miui.home.launcher.Launcher,topStateChangedWhenResumed]
12-14 18:38:43.326 22155 22155 I wm_on_paused_called: [0,185468407,com.miui.home.launcher.Launcher,performPause,1]
12-14 18:38:43.656 22155 22155 I com.miui.home: CheckGCForNative adj_start_bytes: 40465650 NativeAllocationGcWatermark: 11337528 java_gc_start_bytes: 23459358 kNewNativeDiscountFactor: 2 kOldNativeDiscountFactor: 65536 old_native_bytes: 162497323 new_native_bytes: 22065200 add_bytes_allowed: 34012584 is_gc_concurrent: 1 target_footprint_: 23591365 GetBytesAllocated: 15582079 HeapGrowthMultiplier: 3
12-14 18:38:43.656 22155 22155 I com.miui.home: CheckGCForNative gc_urgency 0.657772 current_native_bytes is 184562523
12-14 18:38:43.674 22155 22392 I com.miui.home: CheckGCForNative adj_start_bytes: 40465650 NativeAllocationGcWatermark: 11337528 java_gc_start_bytes: 23459358 kNewNativeDiscountFactor: 2 kOldNativeDiscountFactor: 65536 old_native_bytes: 162497323 new_native_bytes: 32893864 add_bytes_allowed: 34012584 is_gc_concurrent: 1 target_footprint_: 23591365 GetBytesAllocated: 15618024 HeapGrowthMultiplier: 3
12-14 18:38:43.674 22155 22392 I com.miui.home: CheckGCForNative gc_urgency 0.792461 current_native_bytes is 195391187
12-14 18:38:43.682 22155 22229 I com.miui.home: CheckGCForNative adj_start_bytes: 40465650 NativeAllocationGcWatermark: 11337528 java_gc_start_bytes: 23459358 kNewNativeDiscountFactor: 2 kOldNativeDiscountFactor: 65536 old_native_bytes: 162497323 new_native_bytes: 22187976 add_bytes_allowed: 34012584 is_gc_concurrent: 1 target_footprint_: 23591365 GetBytesAllocated: 15624607 HeapGrowthMultiplier: 3
12-14 18:38:43.682 22155 22229 I com.miui.home: CheckGCForNative gc_urgency 0.66034 current_native_bytes is 184685299
12-14 18:38:43.747 14041 14041 I wm_on_create_called: [0,100902753,com.tencent.mm.ui.LauncherUI,performCreate,208]
12-14 18:38:43.770 14041 14041 I wm_on_start_called: [0,100902753,com.tencent.mm.ui.LauncherUI,handleStartActivity,9]
12-14 18:38:43.814 14041 14041 I wm_on_resume_called: [0,100902753,com.tencent.mm.ui.LauncherUI,RESUME_ACTIVITY,40]
12-14 18:38:43.835 14041 14041 I wm_on_top_resumed_gained_called: [100902753,com.tencent.mm.ui.LauncherUI,topStateChangedWhenResumed]
12-14 18:38:43.837 14041 14041 I wm_on_top_resumed_lost_called: [100902753,com.tencent.mm.ui.LauncherUI,topStateChangedWhenResumed]
12-14 18:38:43.852 14041 14041 I wm_on_paused_called: [0,100902753,com.tencent.mm.ui.LauncherUI,performPause,14]
12-14 18:38:43.949 22155 22229 I com.miui.home: CheckGCForNative adj_start_bytes: 40465650 NativeAllocationGcWatermark: 11337528 java_gc_start_bytes: 23459358 kNewNativeDiscountFactor: 2 kOldNativeDiscountFactor: 65536 old_native_bytes: 162497323 new_native_bytes: 22235104 add_bytes_allowed: 34012584 is_gc_concurrent: 1 target_footprint_: 23591365 GetBytesAllocated: 16108700 HeapGrowthMultiplier: 3
12-14 18:38:43.949 22155 22229 I com.miui.home: CheckGCForNative gc_urgency 0.672885 current_native_bytes is 184732427
12-14 18:38:43.971 14041 14041 I wm_on_create_called: [0,250926136,com.tencent.mm.plugin.account.ui.WelcomeActivity,performCreate,51]
12-14 18:38:43.973 14041 14041 I wm_on_start_called: [0,250926136,com.tencent.mm.plugin.account.ui.WelcomeActivity,handleStartActivity,2]
12-14 18:38:43.985 14041 14041 I wm_on_resume_called: [0,250926136,com.tencent.mm.plugin.account.ui.WelcomeActivity,RESUME_ACTIVITY,10]
12-14 18:38:43.996 14041 14041 I wm_on_top_resumed_gained_called: [250926136,com.tencent.mm.plugin.account.ui.WelcomeActivity,topStateChangedWhenResumed]
12-14 18:38:44.317 22155 22155 I wm_on_stop_called: [0,185468407,com.miui.home.launcher.Launcher,STOP_ACTIVITY_ITEM,4]
12-14 18:38:44.325 14041 14041 I wm_on_stop_called: [0,100902753,com.tencent.mm.ui.LauncherUI,STOP_ACTIVITY_ITEM,3]
12-14 18:38:44.665 22155 22193 I com.miui.home: CheckGCForNative adj_start_bytes: 40465650 NativeAllocationGcWatermark: 11337528 java_gc_start_bytes: 23459358 kNewNativeDiscountFactor: 2 kOldNativeDiscountFactor: 65536 old_native_bytes: 162497323 new_native_bytes: 23031208 add_bytes_allowed: 34012584 is_gc_concurrent: 1 target_footprint_: 23591365 GetBytesAllocated: 17133609 HeapGrowthMultiplier: 3
12-14 18:38:44.665 22155 22193 I com.miui.home: CheckGCForNative gc_urgency 0.70805 current_native_bytes is 185528531
12-14 18:38:44.667 22155 22193 I com.miui.home: CheckGCForNative adj_start_bytes: 40465650 NativeAllocationGcWatermark: 11337528 java_gc_start_bytes: 23459358 kNewNativeDiscountFactor: 2 kOldNativeDiscountFactor: 65536 old_native_bytes: 162497323 new_native_bytes: 23425096 add_bytes_allowed: 34012584 is_gc_concurrent: 1 target_footprint_: 23591365 GetBytesAllocated: 17133609 HeapGrowthMultiplier: 3
12-14 18:38:44.667 22155 22193 I com.miui.home: CheckGCForNative gc_urgency 0.712917 current_native_bytes is 185922419
12-14 18:38:44.680 22155 22155 I com.miui.home: CheckGCForNative adj_start_bytes: 40465650 NativeAllocationGcWatermark: 11337528 java_gc_start_bytes: 23459358 kNewNativeDiscountFactor: 2 kOldNativeDiscountFactor: 65536 old_native_bytes: 162497323 new_native_bytes: 23901416 add_bytes_allowed: 34012584 is_gc_concurrent: 1 target_footprint_: 23591365 GetBytesAllocated: 17212981 HeapGrowthMultiplier: 3
12-14 18:38:44.680 22155 22155 I com.miui.home: CheckGCForNative gc_urgency 0.720764 current_native_bytes is 186398739
12-14 18:38:45.075 14041 14041 I wm_on_top_resumed_lost_called: [250926136,com.tencent.mm.plugin.account.ui.WelcomeActivity,topStateChangedWhenResumed]
12-14 18:38:45.081 22155 22155 I wm_on_restart_called: [0,185468407,com.miui.home.launcher.Launcher,,0]
12-14 18:38:45.082 22155 22155 I wm_on_start_called: [0,185468407,com.miui.home.launcher.Launcher,handleStartActivity,1]
12-14 18:38:45.087 22155 22155 I wm_on_resume_called: [0,185468407,com.miui.home.launcher.Launcher,RESUME_ACTIVITY,4]
12-14 18:38:45.148 22155 22155 I wm_on_top_resumed_gained_called: [185468407,com.miui.home.launcher.Launcher,topStateChangedWhenResumed]
12-14 18:38:45.150 22155 22155 I wm_on_idle_called: com.miui.home.launcher.Launcher
12-14 18:38:45.216 22155 22173 I com.miui.home: CheckGCForNative adj_start_bytes: 40465650 NativeAllocationGcWatermark: 11337528 java_gc_start_bytes: 23459358 kNewNativeDiscountFactor: 2 kOldNativeDiscountFactor: 65536 old_native_bytes: 162497323 new_native_bytes: 34917996 add_bytes_allowed: 34012584 is_gc_concurrent: 1 target_footprint_: 23591365 GetBytesAllocated: 18586101 HeapGrowthMultiplier: 3
12-14 18:38:45.216 22155 22173 I com.miui.home: CheckGCForNative gc_urgency 0.890819 current_native_bytes is 197415319
12-14 18:38:45.217 22155 22173 I com.miui.home: CheckGCForNative adj_start_bytes: 40465650 NativeAllocationGcWatermark: 11337528 java_gc_start_bytes: 23459358 kNewNativeDiscountFactor: 2 kOldNativeDiscountFactor: 65536 old_native_bytes: 162497323 new_native_bytes: 45625388 add_bytes_allowed: 34012584 is_gc_concurrent: 1 target_footprint_: 23591365 GetBytesAllocated: 18586293 HeapGrowthMultiplier: 3
12-14 18:38:45.217 22155 22173 I com.miui.home: CheckGCForNative gc_urgency 1.02313 current_native_bytes is 208122711
12-14 18:38:45.217 22155 22173 I com.miui.home: CheckGCForNative requested 1
12-14 18:38:45.218 22155 25713 I com.miui.home: CheckGCForNative adj_start_bytes: 40465650 NativeAllocationGcWatermark: 11337528 java_gc_start_bytes: 23459358 kNewNativeDiscountFactor: 2 kOldNativeDiscountFactor: 65536 old_native_bytes: 162497323 new_native_bytes: 45625436 add_bytes_allowed: 34012584 is_gc_concurrent: 1 target_footprint_: 23591365 GetBytesAllocated: 18586293 HeapGrowthMultiplier: 3
12-14 18:38:45.218 22155 25713 I com.miui.home: CheckGCForNative gc_urgency 1.02313 current_native_bytes is 208122759
12-14 18:38:45.218 22155 25713 I com.miui.home: CheckGCForNative requested 1
12-14 18:38:45.241 22155 22229 I com.miui.home: CheckGCForNative adj_start_bytes: 40465650 NativeAllocationGcWatermark: 11337528 java_gc_start_bytes: 23459358 kNewNativeDiscountFactor: 2 kOldNativeDiscountFactor: 65536 old_native_bytes: 162497323 new_native_bytes: 34971756 add_bytes_allowed: 34012584 is_gc_concurrent: 1 target_footprint_: 23591365 GetBytesAllocated: 18638804 HeapGrowthMultiplier: 3
12-14 18:38:45.241 22155 22229 I com.miui.home: CheckGCForNative gc_urgency 0.892786 current_native_bytes is 197469079
12-14 18:38:45.274 22155 22229 I com.miui.home: CheckGCForNative adj_start_bytes: 40465650 NativeAllocationGcWatermark: 11337528 java_gc_start_bytes: 23459358 kNewNativeDiscountFactor: 2 kOldNativeDiscountFactor: 65536 old_native_bytes: 162497323 new_native_bytes: 34986668 add_bytes_allowed: 34012584 is_gc_concurrent: 1 target_footprint_: 23591365 GetBytesAllocated: 18685834 HeapGrowthMultiplier: 3
12-14 18:38:45.274 22155 22229 I com.miui.home: CheckGCForNative gc_urgency 0.894132 current_native_bytes is 197483991
12-14 18:38:45.468 32076 32076 I wm_on_application_create_called: [0,com.tencent.mm,432]
12-14 18:38:45.597 22155 22229 I com.miui.home: CheckGCForNative gc_urgency 0 current_native_bytes is 163239583
12-14 18:38:45.692 22155 22228 I com.miui.home: CheckGCForNative adj_start_bytes: 40245042 NativeAllocationGcWatermark: 11314208 java_gc_start_bytes: 23273730 kNewNativeDiscountFactor: 2 kOldNativeDiscountFactor: 65536 old_native_bytes: 163239583 new_native_bytes: 10532928 add_bytes_allowed: 33942624 is_gc_concurrent: 1 target_footprint_: 23404802 GetBytesAllocated: 11904580 HeapGrowthMultiplier: 3
12-14 18:38:45.692 22155 22228 I com.miui.home: CheckGCForNative gc_urgency 0.426724 current_native_bytes is 173772511
12-14 18:38:45.694 22155 22228 I com.miui.home: CheckGCForNative adj_start_bytes: 40245042 NativeAllocationGcWatermark: 11314208 java_gc_start_bytes: 23273730 kNewNativeDiscountFactor: 2 kOldNativeDiscountFactor: 65536 old_native_bytes: 163239583 new_native_bytes: 21240192 add_bytes_allowed: 33942624 is_gc_concurrent: 1 target_footprint_: 23404802 GetBytesAllocated: 11904772 HeapGrowthMultiplier: 3
12-14 18:38:45.694 22155 22228 I com.miui.home: CheckGCForNative gc_urgency 0.559755 current_native_bytes is 184479775
12-14 18:38:45.695 22155 22173 I com.miui.home: CheckGCForNative adj_start_bytes: 40245042 NativeAllocationGcWatermark: 11314208 java_gc_start_bytes: 23273730 kNewNativeDiscountFactor: 2 kOldNativeDiscountFactor: 65536 old_native_bytes: 163239583 new_native_bytes: 21240448 add_bytes_allowed: 33942624 is_gc_concurrent: 1 target_footprint_: 23404802 GetBytesAllocated: 11921156 HeapGrowthMultiplier: 3
12-14 18:38:45.695 22155 22173 I com.miui.home: CheckGCForNative gc_urgency 0.560165 current_native_bytes is 184480031
12-14 18:38:45.722 14041 14041 I wm_on_paused_called: [0,250926136,com.tencent.mm.plugin.account.ui.WelcomeActivity,performPause,3]
12-14 18:38:45.813 14041 14041 I wm_on_stop_called: [0,250926136,com.tencent.mm.plugin.account.ui.WelcomeActivity,STOP_ACTIVITY_ITEM,31]
12-14 18:38:45.823 14041 14041 I wm_on_idle_called: com.tencent.mm.ui.LauncherUI
12-14 18:38:45.823 14041 14041 I wm_on_idle_called: com.tencent.mm.plugin.account.ui.WelcomeActivity
12-14 18:38:45.898 22155 22155 I wm_on_top_resumed_lost_called: [185468407,com.miui.home.launcher.Launcher,topStateChangedWhenResumed]
12-14 18:38:45.899 22155 22155 I wm_on_paused_called: [0,185468407,com.miui.home.launcher.Launcher,performPause,1]
12-14 18:38:45.973 22155 22392 I com.miui.home: CheckGCForNative adj_start_bytes: 40245042 NativeAllocationGcWatermark: 11314208 java_gc_start_bytes: 23273730 kNewNativeDiscountFactor: 2 kOldNativeDiscountFactor: 65536 old_native_bytes: 163239583 new_native_bytes: 21377152 add_bytes_allowed: 33942624 is_gc_concurrent: 1 target_footprint_: 23404802 GetBytesAllocated: 12633758 HeapGrowthMultiplier: 3
12-14 18:38:45.973 22155 22392 I com.miui.home: CheckGCForNative gc_urgency 0.57957 current_native_bytes is 184616735
12-14 18:38:46.221 22155 22229 I com.miui.home: CheckGCForNative adj_start_bytes: 40245042 NativeAllocationGcWatermark: 11314208 java_gc_start_bytes: 23273730 kNewNativeDiscountFactor: 2 kOldNativeDiscountFactor: 65536 old_native_bytes: 163239583 new_native_bytes: 11037168 add_bytes_allowed: 33942624 is_gc_concurrent: 1 target_footprint_: 23404802 GetBytesAllocated: 13731272 HeapGrowthMultiplier: 3
12-14 18:38:46.221 22155 22229 I com.miui.home: CheckGCForNative gc_urgency 0.478378 current_native_bytes is 174276751
12-14 18:38:46.277 22155 22229 I com.miui.home: CheckGCForNative adj_start_bytes: 40245042 NativeAllocationGcWatermark: 11314208 java_gc_start_bytes: 23273730 kNewNativeDiscountFactor: 2 kOldNativeDiscountFactor: 65536 old_native_bytes: 163239583 new_native_bytes: 11033456 add_bytes_allowed: 33942624 is_gc_concurrent: 1 target_footprint_: 23404802 GetBytesAllocated: 13747601 HeapGrowthMultiplier: 3
12-14 18:38:46.277 22155 22229 I com.miui.home: CheckGCForNative gc_urgency 0.478738 current_native_bytes is 174273039
12-14 18:38:46.578 22155 22229 I com.miui.home: CheckGCForNative adj_start_bytes: 40245042 NativeAllocationGcWatermark: 11314208 java_gc_start_bytes: 23273730 kNewNativeDiscountFactor: 2 kOldNativeDiscountFactor: 65536 old_native_bytes: 163239583 new_native_bytes: 11034416 add_bytes_allowed: 33942624 is_gc_concurrent: 1 target_footprint_: 23404802 GetBytesAllocated: 13842831 HeapGrowthMultiplier: 3
12-14 18:38:46.578 22155 22229 I com.miui.home: CheckGCForNative gc_urgency 0.481116 current_native_bytes is 174273999
12-14 18:38:46.655 32245 32245 I wm_on_application_create_called: [0,com.kmxs.reader,406]
12-14 18:38:46.993 32245 32245 I wm_on_create_called: [0,99680481,com.km.app.home.view.LoadingActivity,performCreate,206]
12-14 18:38:47.009 32245 32245 I wm_on_start_called: [0,99680481,com.km.app.home.view.LoadingActivity,handleStartActivity,15]
12-14 18:38:47.043 32245 32245 I wm_on_resume_called: [0,99680481,com.km.app.home.view.LoadingActivity,RESUME_ACTIVITY,16]
12-14 18:38:47.131 32245 32245 I wm_on_top_resumed_gained_called: [99680481,com.km.app.home.view.LoadingActivity,topStateChangedWhenResumed]
12-14 18:38:47.662 22155 22155 I wm_on_stop_called: [0,185468407,com.miui.home.launcher.Launcher,STOP_ACTIVITY_ITEM,3]
12-14 18:38:47.721 32245 32245 I wm_on_top_resumed_lost_called: [99680481,com.km.app.home.view.LoadingActivity,topStateChangedWhenResumed]
12-14 18:38:47.735 32245 32245 I wm_on_paused_called: [0,99680481,com.km.app.home.view.LoadingActivity,performPause,11]
12-14 18:38:47.948 32245 32245 I wm_on_create_called: [0,143740076,com.kmxs.reader.home.ui.HomeActivity,performCreate,142]
12-14 18:38:47.960 32245 32245 I wm_on_start_called: [0,143740076,com.kmxs.reader.home.ui.HomeActivity,handleStartActivity,9]
12-14 18:38:47.986 32245 32245 I wm_on_resume_called: [0,143740076,com.kmxs.reader.home.ui.HomeActivity,RESUME_ACTIVITY,24]
12-14 18:38:48.037 22155 22155 I wm_on_restart_called: [0,185468407,com.miui.home.launcher.Launcher,,0]
12-14 18:38:48.037 22155 22155 I wm_on_start_called: [0,185468407,com.miui.home.launcher.Launcher,handleStartActivity,1]
12-14 18:38:48.042 22155 22155 I wm_on_resume_called: [0,185468407,com.miui.home.launcher.Launcher,RESUME_ACTIVITY,4]
12-14 18:38:48.075 22155 22155 I wm_on_idle_called: com.miui.home.launcher.Launcher
12-14 18:38:48.235 32245 32245 I wm_on_top_resumed_gained_called: [143740076,com.kmxs.reader.home.ui.HomeActivity,topStateChangedWhenResumed]
12-14 18:38:48.318 22155 26876 I com.miui.home: CheckGCForNative adj_start_bytes: 40245042 NativeAllocationGcWatermark: 11314208 java_gc_start_bytes: 23273730 kNewNativeDiscountFactor: 2 kOldNativeDiscountFactor: 65536 old_native_bytes: 163239583 new_native_bytes: 22167392 add_bytes_allowed: 33942624 is_gc_concurrent: 1 target_footprint_: 23404802 GetBytesAllocated: 16308565 HeapGrowthMultiplier: 3
12-14 18:38:48.318 22155 26876 I com.miui.home: CheckGCForNative gc_urgency 0.680699 current_native_bytes is 185406975
12-14 18:38:48.318 22155 26876 I com.miui.home: CheckGCForNative adj_start_bytes: 40245042 NativeAllocationGcWatermark: 11314208 java_gc_start_bytes: 23273730 kNewNativeDiscountFactor: 2 kOldNativeDiscountFactor: 65536 old_native_bytes: 163239583 new_native_bytes: 32874336 add_bytes_allowed: 33942624 is_gc_concurrent: 1 target_footprint_: 23404802 GetBytesAllocated: 16313938 HeapGrowthMultiplier: 3
12-14 18:38:48.318 22155 26876 I com.miui.home: CheckGCForNative gc_urgency 0.813854 current_native_bytes is 196113919
12-14 18:38:48.335 22155 22314 I com.miui.home: CheckGCForNative adj_start_bytes: 40245042 NativeAllocationGcWatermark: 11314208 java_gc_start_bytes: 23273730 kNewNativeDiscountFactor: 2 kOldNativeDiscountFactor: 65536 old_native_bytes: 163239583 new_native_bytes: 32920960 add_bytes_allowed: 33942624 is_gc_concurrent: 1 target_footprint_: 23404802 GetBytesAllocated: 16343764 HeapGrowthMultiplier: 3
12-14 18:38:48.335 22155 22314 I com.miui.home: CheckGCForNative gc_urgency 0.815175 current_native_bytes is 196160543
12-14 18:38:48.360 22155 22392 I com.miui.home: CheckGCForNative adj_start_bytes: 40245042 NativeAllocationGcWatermark: 11314208 java_gc_start_bytes: 23273730 kNewNativeDiscountFactor: 2 kOldNativeDiscountFactor: 65536 old_native_bytes: 163239583 new_native_bytes: 32934400 add_bytes_allowed: 33942624 is_gc_concurrent: 1 target_footprint_: 23404802 GetBytesAllocated: 16359676 HeapGrowthMultiplier: 3
12-14 18:38:48.360 22155 22392 I com.miui.home: CheckGCForNative gc_urgency 0.815737 current_native_bytes is 196173983
12-14 18:38:48.388 22155 22229 I com.miui.home: CheckGCForNative adj_start_bytes: 40245042 NativeAllocationGcWatermark: 11314208 java_gc_start_bytes: 23273730 kNewNativeDiscountFactor: 2 kOldNativeDiscountFactor: 65536 old_native_bytes: 163239583 new_native_bytes: 22231296 add_bytes_allowed: 33942624 is_gc_concurrent: 1 target_footprint_: 23404802 GetBytesAllocated: 16365349 HeapGrowthMultiplier: 3
12-14 18:38:48.388 22155 22229 I com.miui.home: CheckGCForNative gc_urgency 0.682904 current_native_bytes is 185470879
12-14 18:38:48.547 32245 32245 I wm_on_top_resumed_lost_called: [143740076,com.kmxs.reader.home.ui.HomeActivity,topStateChangedWhenResumed]
12-14 18:38:48.553 22155 22228 I com.miui.home: CheckGCForNative adj_start_bytes: 40245042 NativeAllocationGcWatermark: 11314208 java_gc_start_bytes: 23273730 kNewNativeDiscountFactor: 2 kOldNativeDiscountFactor: 65536 old_native_bytes: 163239583 new_native_bytes: 32982880 add_bytes_allowed: 33942624 is_gc_concurrent: 1 target_footprint_: 23404802 GetBytesAllocated: 16857364 HeapGrowthMultiplier: 3
12-14 18:38:48.553 22155 22228 I com.miui.home: CheckGCForNative gc_urgency 0.828706 current_native_bytes is 196222463
12-14 18:38:48.553 22155 22228 I com.miui.home: CheckGCForNative adj_start_bytes: 40245042 NativeAllocationGcWatermark: 11314208 java_gc_start_bytes: 23273730 kNewNativeDiscountFactor: 2 kOldNativeDiscountFactor: 65536 old_native_bytes: 163239583 new_native_bytes: 43698016 add_bytes_allowed: 33942624 is_gc_concurrent: 1 target_footprint_: 23404802 GetBytesAllocated: 16864420 HeapGrowthMultiplier: 3
12-14 18:38:48.553 22155 22228 I com.miui.home: CheckGCForNative gc_urgency 0.962005 current_native_bytes is 206937599
12-14 18:38:48.557 22155 22314 I com.miui.home: CheckGCForNative adj_start_bytes: 40245042 NativeAllocationGcWatermark: 11314208 java_gc_start_bytes: 23273730 kNewNativeDiscountFactor: 2 kOldNativeDiscountFactor: 65536 old_native_bytes: 163239583 new_native_bytes: 43705056 add_bytes_allowed: 33942624 is_gc_concurrent: 1 target_footprint_: 23404802 GetBytesAllocated: 16868908 HeapGrowthMultiplier: 3
12-14 18:38:48.557 22155 22314 I com.miui.home: CheckGCForNative gc_urgency 0.962204 current_native_bytes is 206944639
12-14 18:38:48.586 22155 22155 I wm_on_top_resumed_gained_called: [185468407,com.miui.home.launcher.Launcher,topStateChangedWhenResumed]
12-14 18:38:48.930 32245 32245 I wm_on_paused_called: [0,143740076,com.kmxs.reader.home.ui.HomeActivity,performPause,11]
12-14 18:38:49.005 32245 32245 I wm_on_stop_called: [0,99680481,com.km.app.home.view.LoadingActivity,LIFECYCLER_STOP_ACTIVITY,42]
12-14 18:38:49.008 32245 32245 I wm_on_destroy_called: [0,99680481,com.km.app.home.view.LoadingActivity,performDestroy,2]
12-14 18:38:49.101 22155 22392 I com.miui.home: CheckGCForNative adj_start_bytes: 40245042 NativeAllocationGcWatermark: 11314208 java_gc_start_bytes: 23273730 kNewNativeDiscountFactor: 2 kOldNativeDiscountFactor: 65536 old_native_bytes: 163239583 new_native_bytes: 45498136 add_bytes_allowed: 33942624 is_gc_concurrent: 1 target_footprint_: 23404802 GetBytesAllocated: 17450590 HeapGrowthMultiplier: 3
12-14 18:38:49.101 22155 22392 I com.miui.home: CheckGCForNative gc_urgency 0.998934 current_native_bytes is 208737719
12-14 18:38:49.278 32245 32245 I wm_on_stop_called: [0,143740076,com.kmxs.reader.home.ui.HomeActivity,STOP_ACTIVITY_ITEM,24]
12-14 18:38:49.347 32245 32245 I wm_on_idle_called: com.kmxs.reader.home.ui.HomeActivity
12-14 18:38:50.113 22155 22155 I wm_on_top_resumed_lost_called: [185468407,com.miui.home.launcher.Launcher,topStateChangedWhenResumed]
12-14 18:38:50.115 22155 22155 I wm_on_paused_called: [0,185468407,com.miui.home.launcher.Launcher,performPause,1]
12-14 18:38:50.281 22155 22229 I com.miui.home: CheckGCForNative adj_start_bytes: 40245042 NativeAllocationGcWatermark: 11314208 java_gc_start_bytes: 23273730 kNewNativeDiscountFactor: 2 kOldNativeDiscountFactor: 65536 old_native_bytes: 163239583 new_native_bytes: 35060744 add_bytes_allowed: 33942624 is_gc_concurrent: 1 target_footprint_: 23404802 GetBytesAllocated: 18999883 HeapGrowthMultiplier: 3
12-14 18:38:50.281 22155 22229 I com.miui.home: CheckGCForNative gc_urgency 0.907944 current_native_bytes is 198300327
12-14 18:38:50.593 22155 22229 I com.miui.home: CheckGCForNative adj_start_bytes: 40245042 NativeAllocationGcWatermark: 11314208 java_gc_start_bytes: 23273730 kNewNativeDiscountFactor: 2 kOldNativeDiscountFactor: 65536 old_native_bytes: 163239583 new_native_bytes: 35495928 add_bytes_allowed: 33942624 is_gc_concurrent: 1 target_footprint_: 23404802 GetBytesAllocated: 19539920 HeapGrowthMultiplier: 3
12-14 18:38:50.593 22155 22229 I com.miui.home: CheckGCForNative gc_urgency 0.926583 current_native_bytes is 198735511
12-14 18:38:50.637 22155 22229 I com.miui.home: CheckGCForNative adj_start_bytes: 40245042 NativeAllocationGcWatermark: 11314208 java_gc_start_bytes: 23273730 kNewNativeDiscountFactor: 2 kOldNativeDiscountFactor: 65536 old_native_bytes: 163239583 new_native_bytes: 35500536 add_bytes_allowed: 33942624 is_gc_concurrent: 1 target_footprint_: 23404802 GetBytesAllocated: 19557197 HeapGrowthMultiplier: 3
12-14 18:38:50.637 22155 22229 I com.miui.home: CheckGCForNative gc_urgency 0.92707 current_native_bytes is 198740119
12-14 18:38:50.914   405   405 I wm_on_application_create_called: [0,com.UCMobile,233]
12-14 18:38:51.060   405   405 I wm_on_create_called: [0,82748371,com.UCMobile.main.UCMobile,performCreate,129]
12-14 18:38:51.165   405   405 I wm_on_create_called: [0,87060558,com.uc.browser.InnerUCMobile,performCreate,43]
12-14 18:38:51.170   405   405 I wm_on_start_called: [0,87060558,com.uc.browser.InnerUCMobile,handleStartActivity,4]
12-14 18:38:51.180   405   405 I wm_on_resume_called: [0,87060558,com.uc.browser.InnerUCMobile,RESUME_ACTIVITY,7]
12-14 18:38:51.230   405   405 I wm_on_top_resumed_gained_called: [87060558,com.uc.browser.InnerUCMobile,topStateChangedWhenResumed]
12-14 18:38:51.667 22155 22155 I wm_on_stop_called: [0,185468407,com.miui.home.launcher.Launcher,STOP_ACTIVITY_ITEM,6]
12-14 18:38:51.853   405   405 I wm_on_destroy_called: [0,82748371,com.UCMobile.main.UCMobile,performDestroy,0]
12-14 18:38:52.422 22155 22155 I wm_on_restart_called: [0,185468407,com.miui.home.launcher.Launcher,,0]
12-14 18:38:52.423 22155 22155 I wm_on_start_called: [0,185468407,com.miui.home.launcher.Launcher,handleStartActivity,0]
12-14 18:38:52.427 22155 22155 I wm_on_resume_called: [0,185468407,com.miui.home.launcher.Launcher,RESUME_ACTIVITY,4]
12-14 18:38:52.473 22155 22155 I wm_on_idle_called: com.miui.home.launcher.Launcher
12-14 18:38:52.577 22155 25713 I com.miui.home: CheckGCForNative adj_start_bytes: 40245042 NativeAllocationGcWatermark: 11314208 java_gc_start_bytes: 23273730 kNewNativeDiscountFactor: 2 kOldNativeDiscountFactor: 65536 old_native_bytes: 163239583 new_native_bytes: 46278100 add_bytes_allowed: 33942624 is_gc_concurrent: 1 target_footprint_: 23404802 GetBytesAllocated: 22097463 HeapGrowthMultiplier: 3
12-14 18:38:52.577 22155 25713 I com.miui.home: CheckGCForNative gc_urgency 1.12409 current_native_bytes is 209517683
12-14 18:38:52.577 22155 25713 I com.miui.home: CheckGCForNative requested 1
12-14 18:38:52.577 22155 25713 I com.miui.home: CheckGCForNative adj_start_bytes: 40245042 NativeAllocationGcWatermark: 11314208 java_gc_start_bytes: 23273730 kNewNativeDiscountFactor: 2 kOldNativeDiscountFactor: 65536 old_native_bytes: 163239583 new_native_bytes: 56985044 add_bytes_allowed: 33942624 is_gc_concurrent: 1 target_footprint_: 23404802 GetBytesAllocated: 22104466 HeapGrowthMultiplier: 3
12-14 18:38:52.577 22155 25713 I com.miui.home: CheckGCForNative gc_urgency 1.25728 current_native_bytes is 220224627
12-14 18:38:52.577 22155 25713 I com.miui.home: CheckGCForNative requested 1
12-14 18:38:52.591 22155 22719 I com.miui.home: CheckGCForNative adj_start_bytes: 40245042 NativeAllocationGcWatermark: 11314208 java_gc_start_bytes: 23273730 kNewNativeDiscountFactor: 2 kOldNativeDiscountFactor: 65536 old_native_bytes: 163239583 new_native_bytes: 46291780 add_bytes_allowed: 33942624 is_gc_concurrent: 1 target_footprint_: 23404802 GetBytesAllocated: 22120958 HeapGrowthMultiplier: 3
12-14 18:38:52.591 22155 22719 I com.miui.home: CheckGCForNative gc_urgency 1.12484 current_native_bytes is 209531363
12-14 18:38:52.591 22155 22719 I com.miui.home: CheckGCForNative requested 1
12-14 18:38:52.605 22155 22314 I com.miui.home: CheckGCForNative adj_start_bytes: 40245042 NativeAllocationGcWatermark: 11314208 java_gc_start_bytes: 23273730 kNewNativeDiscountFactor: 2 kOldNativeDiscountFactor: 65536 old_native_bytes: 163239583 new_native_bytes: 57038916 add_bytes_allowed: 33942624 is_gc_concurrent: 1 target_footprint_: 23404802 GetBytesAllocated: 22127690 HeapGrowthMultiplier: 3
12-14 18:38:52.605 22155 22314 I com.miui.home: CheckGCForNative gc_urgency 1.25853 current_native_bytes is 220278499
12-14 18:38:52.605 22155 22314 I com.miui.home: CheckGCForNative requested 1
12-14 18:38:52.811 22155 22164 I com.miui.home: NativeAlloc concurrent copying GC freed 204099(9386KB) AllocSpace objects, 34(856KB) LOS objects, 49% free, 11MB/22MB, paused 294us,97us total 217.469ms
12-14 18:38:52.902 22155 22155 I wm_on_top_resumed_gained_called: [185468407,com.miui.home.launcher.Launcher,topStateChangedWhenResumed]
12-14 18:38:52.932 22155 22229 I com.miui.home: CheckGCForNative gc_urgency 0 current_native_bytes is 165040675
12-14 18:38:52.965 22155 22229 I com.miui.home: CheckGCForNative adj_start_bytes: 40399977 NativeAllocationGcWatermark: 11331317 java_gc_start_bytes: 23403002 kNewNativeDiscountFactor: 2 kOldNativeDiscountFactor: 65536 old_native_bytes: 165040675 new_native_bytes: 3840 add_bytes_allowed: 33993951 is_gc_concurrent: 1 target_footprint_: 23541679 GetBytesAllocated: 11855009 HeapGrowthMultiplier: 3
12-14 18:38:52.965 22155 22229 I com.miui.home: CheckGCForNative gc_urgency 0.293551 current_native_bytes is 165044515
12-14 18:38:53.056 22155 22228 I com.miui.home: CheckGCForNative adj_start_bytes: 40399977 NativeAllocationGcWatermark: 11331317 java_gc_start_bytes: 23403002 kNewNativeDiscountFactor: 2 kOldNativeDiscountFactor: 65536 old_native_bytes: 165040675 new_native_bytes: 10741376 add_bytes_allowed: 33993951 is_gc_concurrent: 1 target_footprint_: 23541679 GetBytesAllocated: 11938901 HeapGrowthMultiplier: 3
12-14 18:38:53.056 22155 22228 I com.miui.home: CheckGCForNative gc_urgency 0.428518 current_native_bytes is 175782051
12-14 18:38:53.056 22155 22228 I com.miui.home: CheckGCForNative adj_start_bytes: 40399977 NativeAllocationGcWatermark: 11331317 java_gc_start_bytes: 23403002 kNewNativeDiscountFactor: 2 kOldNativeDiscountFactor: 65536 old_native_bytes: 165040675 new_native_bytes: 21448640 add_bytes_allowed: 33993951 is_gc_concurrent: 1 target_footprint_: 23541679 GetBytesAllocated: 11939093 HeapGrowthMultiplier: 3
12-14 18:38:53.056 22155 22228 I com.miui.home: CheckGCForNative gc_urgency 0.561038 current_native_bytes is 186489315
12-14 18:38:53.057 22155 22314 I com.miui.home: CheckGCForNative adj_start_bytes: 40399977 NativeAllocationGcWatermark: 11331317 java_gc_start_bytes: 23403002 kNewNativeDiscountFactor: 2 kOldNativeDiscountFactor: 65536 old_native_bytes: 165040675 new_native_bytes: 21448640 add_bytes_allowed: 33993951 is_gc_concurrent: 1 target_footprint_: 23541679 GetBytesAllocated: 11955477 HeapGrowthMultiplier: 3
12-14 18:38:53.060 22155 22314 I com.miui.home: CheckGCForNative gc_urgency 0.561444 current_native_bytes is 186489315
12-14 18:38:53.288 22155 22155 I wm_on_top_resumed_lost_called: [185468407,com.miui.home.launcher.Launcher,topStateChangedWhenResumed]
12-14 18:38:53.460   405   405 I wm_on_top_resumed_lost_called: [87060558,com.uc.browser.InnerUCMobile,topStateChangedWhenResumed]
12-14 18:38:53.505 22155 23398 I com.miui.home: CheckGCForNative adj_start_bytes: 40399977 NativeAllocationGcWatermark: 11331317 java_gc_start_bytes: 23403002 kNewNativeDiscountFactor: 2 kOldNativeDiscountFactor: 65536 old_native_bytes: 165040675 new_native_bytes: 10723584 add_bytes_allowed: 33993951 is_gc_concurrent: 1 target_footprint_: 23541679 GetBytesAllocated: 12429189 HeapGrowthMultiplier: 3
12-14 18:38:53.506 22155 23398 I com.miui.home: CheckGCForNative gc_urgency 0.440433 current_native_bytes is 175764259
12-14 18:38:53.569 22155 22155 I wm_on_paused_called: [0,185468407,com.miui.home.launcher.Launcher,performPause,1]
12-14 18:38:53.688 22155 22719 I com.miui.home: CheckGCForNative adj_start_bytes: 40399977 NativeAllocationGcWatermark: 11331317 java_gc_start_bytes: 23403002 kNewNativeDiscountFactor: 2 kOldNativeDiscountFactor: 65536 old_native_bytes: 165040675 new_native_bytes: 10898080 add_bytes_allowed: 33993951 is_gc_concurrent: 1 target_footprint_: 23541679 GetBytesAllocated: 13218467 HeapGrowthMultiplier: 3
12-14 18:38:53.688 22155 22719 I com.miui.home: CheckGCForNative gc_urgency 0.46213 current_native_bytes is 175938755
12-14 18:38:53.699 22155 22392 I com.miui.home: CheckGCForNative adj_start_bytes: 40399977 NativeAllocationGcWatermark: 11331317 java_gc_start_bytes: 23403002 kNewNativeDiscountFactor: 2 kOldNativeDiscountFactor: 65536 old_native_bytes: 165040675 new_native_bytes: 21704880 add_bytes_allowed: 33993951 is_gc_concurrent: 1 target_footprint_: 23541679 GetBytesAllocated: 13218467 HeapGrowthMultiplier: 3
12-14 18:38:53.699 22155 22392 I com.miui.home: CheckGCForNative gc_urgency 0.595877 current_native_bytes is 186745555
12-14 18:38:53.812 22155 22229 I com.miui.home: CheckGCForNative adj_start_bytes: 40399977 NativeAllocationGcWatermark: 11331317 java_gc_start_bytes: 23403002 kNewNativeDiscountFactor: 2 kOldNativeDiscountFactor: 65536 old_native_bytes: 165040675 new_native_bytes: 11227904 add_bytes_allowed: 33993951 is_gc_concurrent: 1 target_footprint_: 23541679 GetBytesAllocated: 13854711 HeapGrowthMultiplier: 3
12-14 18:38:53.812 22155 22229 I com.miui.home: CheckGCForNative gc_urgency 0.48196 current_native_bytes is 176268579
12-14 18:38:54.134 22155 22229 I com.miui.home: CheckGCForNative adj_start_bytes: 40399977 NativeAllocationGcWatermark: 11331317 java_gc_start_bytes: 23403002 kNewNativeDiscountFactor: 2 kOldNativeDiscountFactor: 65536 old_native_bytes: 165040675 new_native_bytes: 11303360 add_bytes_allowed: 33993951 is_gc_concurrent: 1 target_footprint_: 23541679 GetBytesAllocated: 14290191 HeapGrowthMultiplier: 3
12-14 18:38:54.135 22155 22229 I com.miui.home: CheckGCForNative gc_urgency 0.493673 current_native_bytes is 176344035
12-14 18:38:55.026  1275  1275 I wm_on_application_create_called: [0,com.xs.fm.lite,464]
12-14 18:38:55.203  1275  1275 I wm_on_create_called: [0,24569373,com.dragon.read.pages.splash.SplashActivity,performCreate,156]
12-14 18:38:55.360  1275  1275 I wm_on_create_called: [0,12205789,com.dragon.read.pages.interest.GenderActivity,performCreate,12]
12-14 18:38:55.406  1275  1275 I wm_on_start_called: [0,12205789,com.dragon.read.pages.interest.GenderActivity,handleStartActivity,45]
12-14 18:38:55.427  1275  1275 I wm_on_resume_called: [0,12205789,com.dragon.read.pages.interest.GenderActivity,LIFECYCLER_RESUME_ACTIVITY,19]
12-14 18:38:55.460  1275  1275 I wm_on_paused_called: [0,12205789,com.dragon.read.pages.interest.GenderActivity,performPause,2]
12-14 18:38:55.638 22155 22155 I wm_on_resume_called: [0,185468407,com.miui.home.launcher.Launcher,RESUME_ACTIVITY,5]
12-14 18:38:55.653 22155 22155 I com.miui.home: CheckGCForNative adj_start_bytes: 40399977 NativeAllocationGcWatermark: 11331317 java_gc_start_bytes: 23403002 kNewNativeDiscountFactor: 2 kOldNativeDiscountFactor: 65536 old_native_bytes: 165040675 new_native_bytes: 11414516 add_bytes_allowed: 33993951 is_gc_concurrent: 1 target_footprint_: 23541679 GetBytesAllocated: 16025298 HeapGrowthMultiplier: 3
12-14 18:38:55.653 22155 22155 I com.miui.home: CheckGCForNative gc_urgency 0.537997 current_native_bytes is 176455191
12-14 18:38:55.661 22155 22155 I wm_on_idle_called: com.miui.home.launcher.Launcher
12-14 18:38:55.831  1275  1275 I wm_on_idle_called: com.dragon.read.pages.interest.GenderActivity
12-14 18:38:55.860 22155 25715 I com.miui.home: CheckGCForNative adj_start_bytes: 40399977 NativeAllocationGcWatermark: 11331317 java_gc_start_bytes: 23403002 kNewNativeDiscountFactor: 2 kOldNativeDiscountFactor: 65536 old_native_bytes: 165040675 new_native_bytes: 22154240 add_bytes_allowed: 33993951 is_gc_concurrent: 1 target_footprint_: 23541679 GetBytesAllocated: 16802797 HeapGrowthMultiplier: 3
12-14 18:38:55.861 22155 25715 I com.miui.home: CheckGCForNative gc_urgency 0.69016 current_native_bytes is 187194915
12-14 18:38:55.862 22155 25715 I com.miui.home: CheckGCForNative adj_start_bytes: 40399977 NativeAllocationGcWatermark: 11331317 java_gc_start_bytes: 23403002 kNewNativeDiscountFactor: 2 kOldNativeDiscountFactor: 65536 old_native_bytes: 165040675 new_native_bytes: 32861184 add_bytes_allowed: 33993951 is_gc_concurrent: 1 target_footprint_: 23541679 GetBytesAllocated: 16820591 HeapGrowthMultiplier: 3
12-14 18:38:55.862 22155 25715 I com.miui.home: CheckGCForNative gc_urgency 0.823112 current_native_bytes is 197901859
12-14 18:38:55.900 22155 22173 I com.miui.home: CheckGCForNative adj_start_bytes: 40399977 NativeAllocationGcWatermark: 11331317 java_gc_start_bytes: 23403002 kNewNativeDiscountFactor: 2 kOldNativeDiscountFactor: 65536 old_native_bytes: 165040675 new_native_bytes: 33034400 add_bytes_allowed: 33993951 is_gc_concurrent: 1 target_footprint_: 23541679 GetBytesAllocated: 16858374 HeapGrowthMultiplier: 3
12-14 18:38:55.900 22155 22173 I com.miui.home: CheckGCForNative gc_urgency 0.826191 current_native_bytes is 198075075
12-14 18:38:55.961 22155 22229 I com.miui.home: CheckGCForNative adj_start_bytes: 40399977 NativeAllocationGcWatermark: 11331317 java_gc_start_bytes: 23403002 kNewNativeDiscountFactor: 2 kOldNativeDiscountFactor: 65536 old_native_bytes: 165040675 new_native_bytes: 22331168 add_bytes_allowed: 33993951 is_gc_concurrent: 1 target_footprint_: 23541679 GetBytesAllocated: 16889537 HeapGrowthMultiplier: 3
12-14 18:38:55.961 22155 22229 I com.miui.home: CheckGCForNative gc_urgency 0.694496 current_native_bytes is 187371843
12-14 18:38:56.103 22155 22155 I wm_on_top_resumed_gained_called: [185468407,com.miui.home.launcher.Launcher,topStateChangedWhenResumed]
