12-14 18:38:56.308  2357  2357 I wm_on_create_called: [0,162229397,com.android.packageinstaller.permission.ui.GrantPermissionsActivity,performCreate,502]
12-14 18:38:56.313  2357  2357 I wm_on_start_called: [0,162229397,com.android.packageinstaller.permission.ui.GrantPermissionsActivity,handleStartActivity,2]
12-14 18:38:56.318 22155 22229 I com.miui.home: CheckGCForNative adj_start_bytes: 40399977 NativeAllocationGcWatermark: 11331317 java_gc_start_bytes: 23403002 kNewNativeDiscountFactor: 2 kOldNativeDiscountFactor: 65536 old_native_bytes: 165040675 new_native_bytes: 22390400 add_bytes_allowed: 33993951 is_gc_concurrent: 1 target_footprint_: 23541679 GetBytesAllocated: 17007235 HeapGrowthMultiplier: 3
12-14 18:38:56.318 22155 22229 I com.miui.home: CheckGCForNative gc_urgency 0.698143 current_native_bytes is 187431075
12-14 18:38:56.323  2357  2357 I wm_on_resume_called: [0,162229397,com.android.packageinstaller.permission.ui.GrantPermissionsActivity,RESUME_ACTIVITY,8]
12-14 18:38:56.331  2357  2357 I wm_on_top_resumed_gained_called: [162229397,com.android.packageinstaller.permission.ui.GrantPermissionsActivity,topStateChangedWhenResumed]
12-14 18:38:56.332  2357  2357 I wm_on_top_resumed_lost_called: [162229397,com.android.packageinstaller.permission.ui.GrantPermissionsActivity,topStateChangedWhenResumed]
12-14 18:38:56.348 22155 22228 I com.miui.home: CheckGCForNative adj_start_bytes: 40399977 NativeAllocationGcWatermark: 11331317 java_gc_start_bytes: 23403002 kNewNativeDiscountFactor: 2 kOldNativeDiscountFactor: 65536 old_native_bytes: 165040675 new_native_bytes: 33094112 add_bytes_allowed: 33993951 is_gc_concurrent: 1 target_footprint_: 23541679 GetBytesAllocated: 17026545 HeapGrowthMultiplier: 3
12-14 18:38:56.348 22155 22228 I com.miui.home: CheckGCForNative gc_urgency 0.831093 current_native_bytes is 198134787
12-14 18:38:56.349 22155 22228 I com.miui.home: CheckGCForNative adj_start_bytes: 40399977 NativeAllocationGcWatermark: 11331317 java_gc_start_bytes: 23403002 kNewNativeDiscountFactor: 2 kOldNativeDiscountFactor: 65536 old_native_bytes: 165040675 new_native_bytes: 54507616 add_bytes_allowed: 33993951 is_gc_concurrent: 1 target_footprint_: 23541679 GetBytesAllocated: 17032740 HeapGrowthMultiplier: 3
12-14 18:38:56.349 22155 22228 I com.miui.home: CheckGCForNative gc_urgency 1.09626 current_native_bytes is 219548291
12-14 18:38:56.349 22155 22228 I com.miui.home: CheckGCForNative requested 1
12-14 18:38:56.354 22155 22173 I com.miui.home: CheckGCForNative adj_start_bytes: 40399977 NativeAllocationGcWatermark: 11331317 java_gc_start_bytes: 23403002 kNewNativeDiscountFactor: 2 kOldNativeDiscountFactor: 65536 old_native_bytes: 165040675 new_native_bytes: 43800032 add_bytes_allowed: 33993951 is_gc_concurrent: 1 target_footprint_: 23541679 GetBytesAllocated: 17026545 HeapGrowthMultiplier: 3
12-14 18:38:56.354 22155 22173 I com.miui.home: CheckGCForNative gc_urgency 0.963974 current_native_bytes is 208840707
12-14 18:38:56.409 22155 22155 I com.miui.home: CheckGCForNative adj_start_bytes: 40399977 NativeAllocationGcWatermark: 11331317 java_gc_start_bytes: 23403002 kNewNativeDiscountFactor: 2 kOldNativeDiscountFactor: 65536 old_native_bytes: 165040675 new_native_bytes: 32974280 add_bytes_allowed: 33993951 is_gc_concurrent: 1 target_footprint_: 23541679 GetBytesAllocated: 17062787 HeapGrowthMultiplier: 3
12-14 18:38:56.409 22155 22155 I com.miui.home: CheckGCForNative gc_urgency 0.830507 current_native_bytes is 198014955
12-14 18:38:56.536 22155 22164 I com.miui.home: NativeAlloc concurrent copying GC freed 108004(4937KB) AllocSpace objects, 12(336KB) LOS objects, 49% free, 11MB/22MB, paused 1.338ms,175us total 186.399ms
12-14 18:38:56.697 22155 22155 I wm_on_top_resumed_lost_called: [185468407,com.miui.home.launcher.Launcher,topStateChangedWhenResumed]
12-14 18:38:56.699 22155 22155 I wm_on_paused_called: [0,185468407,com.miui.home.launcher.Launcher,performPause,2]
12-14 18:38:56.758  2357  2357 I wm_on_paused_called: [0,162229397,com.android.packageinstaller.permission.ui.GrantPermissionsActivity,performPause,2]
12-14 18:38:56.778  2357  2357 I wm_on_stop_called: [0,162229397,com.android.packageinstaller.permission.ui.GrantPermissionsActivity,STOP_ACTIVITY_ITEM,17]
12-14 18:38:56.849  2357  2357 I wm_on_destroy_called: [0,162229397,com.android.packageinstaller.permission.ui.GrantPermissionsActivity,performDestroy,2]
12-14 18:38:56.892  1275  1275 I wm_on_destroy_called: [0,24569373,com.dragon.read.pages.splash.SplashActivity,performDestroy,9]
12-14 18:38:56.984  1275  1275 I wm_on_stop_called: [0,12205789,com.dragon.read.pages.interest.GenderActivity,STOP_ACTIVITY_ITEM,87]
12-14 18:38:57.047 22155 22392 I com.miui.home: CheckGCForNative gc_urgency 0 current_native_bytes is 175727295
12-14 18:38:57.047 22155 22392 I com.miui.home: CheckGCForNative adj_start_bytes: 40330770 NativeAllocationGcWatermark: 11323232 java_gc_start_bytes: 23345922 kNewNativeDiscountFactor: 2 kOldNativeDiscountFactor: 65536 old_native_bytes: 175727295 new_native_bytes: 10707360 add_bytes_allowed: 33969696 is_gc_concurrent: 1 target_footprint_: 23476994 GetBytesAllocated: 12896279 HeapGrowthMultiplier: 3
12-14 18:38:57.048 22155 22392 I com.miui.home: CheckGCForNative gc_urgency 0.452574 current_native_bytes is 186434655
12-14 18:38:57.086 22155 22229 I com.miui.home: CheckGCForNative adj_start_bytes: 40330770 NativeAllocationGcWatermark: 11323232 java_gc_start_bytes: 23345922 kNewNativeDiscountFactor: 2 kOldNativeDiscountFactor: 65536 old_native_bytes: 175727295 new_native_bytes: 209824 add_bytes_allowed: 33969696 is_gc_concurrent: 1 target_footprint_: 23476994 GetBytesAllocated: 13127163 HeapGrowthMultiplier: 3
12-14 18:38:57.086 22155 22229 I com.miui.home: CheckGCForNative gc_urgency 0.328155 current_native_bytes is 175937119
12-14 18:38:57.420 22155 22229 I com.miui.home: CheckGCForNative adj_start_bytes: 40330770 NativeAllocationGcWatermark: 11323232 java_gc_start_bytes: 23345922 kNewNativeDiscountFactor: 2 kOldNativeDiscountFactor: 65536 old_native_bytes: 175727295 new_native_bytes: 347488 add_bytes_allowed: 33969696 is_gc_concurrent: 1 target_footprint_: 23476994 GetBytesAllocated: 13522343 HeapGrowthMultiplier: 3
12-14 18:38:57.420 22155 22229 I com.miui.home: CheckGCForNative gc_urgency 0.33966 current_native_bytes is 176074783
12-14 18:38:57.727  2719  2719 I wm_on_application_create_called: [0,com.youku.phone,371]
12-14 18:38:57.883  2719  2719 I wm_on_create_called: [0,262959010,com.youku.phone.ActivityWelcome,performCreate,80]
12-14 18:38:58.242  2719  2719 I wm_on_create_called: [0,165953695,com.youku.v2.HomePageEntry,performCreate,199]
12-14 18:38:58.356  2719  2719 I wm_on_start_called: [0,165953695,com.youku.v2.HomePageEntry,handleStartActivity,113]
12-14 18:38:58.412  2719  2719 I wm_on_resume_called: [0,165953695,com.youku.v2.HomePageEntry,RESUME_ACTIVITY,52]
12-14 18:38:58.431  2719  2719 I wm_on_top_resumed_gained_called: [165953695,com.youku.v2.HomePageEntry,topStateChangedWhenResumed]
12-14 18:38:58.543 22155 22155 I com.miui.home: CheckGCForNative adj_start_bytes: 40330770 NativeAllocationGcWatermark: 11323232 java_gc_start_bytes: 23345922 kNewNativeDiscountFactor: 2 kOldNativeDiscountFactor: 65536 old_native_bytes: 175727295 new_native_bytes: 457380 add_bytes_allowed: 33969696 is_gc_concurrent: 1 target_footprint_: 23476994 GetBytesAllocated: 14721356 HeapGrowthMultiplier: 3
12-14 18:38:58.543 22155 22155 I com.miui.home: CheckGCForNative gc_urgency 0.370753 current_native_bytes is 176184675
12-14 18:38:58.554 22155 22155 I wm_on_resume_called: [0,185468407,com.miui.home.launcher.Launcher,RESUME_ACTIVITY,6]
12-14 18:38:58.570 22155 22155 I wm_on_idle_called: com.miui.home.launcher.Launcher
12-14 18:38:58.764 22155 25713 I com.miui.home: CheckGCForNative adj_start_bytes: 40330770 NativeAllocationGcWatermark: 11323232 java_gc_start_bytes: 23345922 kNewNativeDiscountFactor: 2 kOldNativeDiscountFactor: 65536 old_native_bytes: 175727295 new_native_bytes: 11393676 add_bytes_allowed: 33969696 is_gc_concurrent: 1 target_footprint_: 23476994 GetBytesAllocated: 15653377 HeapGrowthMultiplier: 3
12-14 18:38:58.764 22155 25713 I com.miui.home: CheckGCForNative gc_urgency 0.529444 current_native_bytes is 187120971
12-14 18:38:58.764 22155 25713 I com.miui.home: CheckGCForNative adj_start_bytes: 40330770 NativeAllocationGcWatermark: 11323232 java_gc_start_bytes: 23345922 kNewNativeDiscountFactor: 2 kOldNativeDiscountFactor: 65536 old_native_bytes: 175727295 new_native_bytes: 22100812 add_bytes_allowed: 33969696 is_gc_concurrent: 1 target_footprint_: 23476994 GetBytesAllocated: 15659888 HeapGrowthMultiplier: 3
12-14 18:38:58.764 22155 25713 I com.miui.home: CheckGCForNative gc_urgency 0.662347 current_native_bytes is 197828107
12-14 18:38:58.769 22155 22314 I com.miui.home: CheckGCForNative adj_start_bytes: 40330770 NativeAllocationGcWatermark: 11323232 java_gc_start_bytes: 23345922 kNewNativeDiscountFactor: 2 kOldNativeDiscountFactor: 65536 old_native_bytes: 175727295 new_native_bytes: 22104108 add_bytes_allowed: 33969696 is_gc_concurrent: 1 target_footprint_: 23476994 GetBytesAllocated: 15687968 HeapGrowthMultiplier: 3
12-14 18:38:58.769 22155 22314 I com.miui.home: CheckGCForNative gc_urgency 0.663084 current_native_bytes is 197831403
12-14 18:38:58.957 22155 22229 I com.miui.home: CheckGCForNative adj_start_bytes: 40330770 NativeAllocationGcWatermark: 11323232 java_gc_start_bytes: 23345922 kNewNativeDiscountFactor: 2 kOldNativeDiscountFactor: 65536 old_native_bytes: 175727295 new_native_bytes: 11487740 add_bytes_allowed: 33969696 is_gc_concurrent: 1 target_footprint_: 23476994 GetBytesAllocated: 15759828 HeapGrowthMultiplier: 3
12-14 18:38:58.957 22155 22229 I com.miui.home: CheckGCForNative gc_urgency 0.53325 current_native_bytes is 187215035
12-14 18:38:59.002 22155 22155 I wm_on_top_resumed_gained_called: [185468407,com.miui.home.launcher.Launcher,topStateChangedWhenResumed]
12-14 18:38:59.278 22155 22228 I com.miui.home: CheckGCForNative adj_start_bytes: 40330770 NativeAllocationGcWatermark: 11323232 java_gc_start_bytes: 23345922 kNewNativeDiscountFactor: 2 kOldNativeDiscountFactor: 65536 old_native_bytes: 175727295 new_native_bytes: 22202796 add_bytes_allowed: 33969696 is_gc_concurrent: 1 target_footprint_: 23476994 GetBytesAllocated: 15889421 HeapGrowthMultiplier: 3
12-14 18:38:59.278 22155 22228 I com.miui.home: CheckGCForNative gc_urgency 0.669303 current_native_bytes is 197930091
12-14 18:38:59.278 22155 22228 I com.miui.home: CheckGCForNative adj_start_bytes: 40330770 NativeAllocationGcWatermark: 11323232 java_gc_start_bytes: 23345922 kNewNativeDiscountFactor: 2 kOldNativeDiscountFactor: 65536 old_native_bytes: 175727295 new_native_bytes: 32910252 add_bytes_allowed: 33969696 is_gc_concurrent: 1 target_footprint_: 23476994 GetBytesAllocated: 15889613 HeapGrowthMultiplier: 3
12-14 18:38:59.278 22155 22228 I com.miui.home: CheckGCForNative gc_urgency 0.802053 current_native_bytes is 208637547
12-14 18:38:59.280 22155 25713 I com.miui.home: CheckGCForNative adj_start_bytes: 40330770 NativeAllocationGcWatermark: 11323232 java_gc_start_bytes: 23345922 kNewNativeDiscountFactor: 2 kOldNativeDiscountFactor: 65536 old_native_bytes: 175727295 new_native_bytes: 32910252 add_bytes_allowed: 33969696 is_gc_concurrent: 1 target_footprint_: 23476994 GetBytesAllocated: 15893292 HeapGrowthMultiplier: 3
12-14 18:38:59.364 22155 23398 I com.miui.home: CheckGCForNative adj_start_bytes: 40330770 NativeAllocationGcWatermark: 11323232 java_gc_start_bytes: 23345922 kNewNativeDiscountFactor: 2 kOldNativeDiscountFactor: 65536 old_native_bytes: 175727295 new_native_bytes: 22209428 add_bytes_allowed: 33969696 is_gc_concurrent: 1 target_footprint_: 23476994 GetBytesAllocated: 16043616 HeapGrowthMultiplier: 3
12-14 18:38:59.364 22155 23398 I com.miui.home: CheckGCForNative gc_urgency 0.673208 current_native_bytes is 197936723
12-14 18:38:59.513 22155 22155 I wm_on_top_resumed_lost_called: [185468407,com.miui.home.launcher.Launcher,topStateChangedWhenResumed]
12-14 18:38:59.792 22155 22155 I wm_on_paused_called: [0,185468407,com.miui.home.launcher.Launcher,performPause,1]
12-14 18:39:00.134 22155 22392 I com.miui.home: CheckGCForNative adj_start_bytes: 40330770 NativeAllocationGcWatermark: 11323232 java_gc_start_bytes: 23345922 kNewNativeDiscountFactor: 2 kOldNativeDiscountFactor: 65536 old_native_bytes: 175727295 new_native_bytes: 33019244 add_bytes_allowed: 33969696 is_gc_concurrent: 1 target_footprint_: 23476994 GetBytesAllocated: 17194344 HeapGrowthMultiplier: 3
12-14 18:39:00.134 22155 22392 I com.miui.home: CheckGCForNative gc_urgency 0.835755 current_native_bytes is 208746539
12-14 18:39:00.170 22155 22719 I com.miui.home: CheckGCForNative adj_start_bytes: 40330770 NativeAllocationGcWatermark: 11323232 java_gc_start_bytes: 23345922 kNewNativeDiscountFactor: 2 kOldNativeDiscountFactor: 65536 old_native_bytes: 175727295 new_native_bytes: 22458924 add_bytes_allowed: 33969696 is_gc_concurrent: 1 target_footprint_: 23476994 GetBytesAllocated: 17489559 HeapGrowthMultiplier: 3
12-14 18:39:00.170 22155 22719 I com.miui.home: CheckGCForNative gc_urgency 0.712154 current_native_bytes is 198186219
12-14 18:39:00.327 22155 22229 I com.miui.home: CheckGCForNative adj_start_bytes: 40330770 NativeAllocationGcWatermark: 11323232 java_gc_start_bytes: 23345922 kNewNativeDiscountFactor: 2 kOldNativeDiscountFactor: 65536 old_native_bytes: 175727295 new_native_bytes: 22704284 add_bytes_allowed: 33969696 is_gc_concurrent: 1 target_footprint_: 23476994 GetBytesAllocated: 17841766 HeapGrowthMultiplier: 3
12-14 18:39:00.327 22155 22229 I com.miui.home: CheckGCForNative gc_urgency 0.723928 current_native_bytes is 198431579
12-14 18:39:00.494 22155 22229 I com.miui.home: CheckGCForNative adj_start_bytes: 40330770 NativeAllocationGcWatermark: 11323232 java_gc_start_bytes: 23345922 kNewNativeDiscountFactor: 2 kOldNativeDiscountFactor: 65536 old_native_bytes: 175727295 new_native_bytes: 22719172 add_bytes_allowed: 33969696 is_gc_concurrent: 1 target_footprint_: 23476994 GetBytesAllocated: 17889924 HeapGrowthMultiplier: 3
12-14 18:39:00.494 22155 22229 I com.miui.home: CheckGCForNative gc_urgency 0.725307 current_native_bytes is 198446467
12-14 18:39:00.694  3261  3261 I wm_on_create_called: [0,150979071,com.ucpro.MainActivity,performCreate,85]
12-14 18:39:01.409  3261  3261 I wm_on_create_called: [0,9761294,com.ucpro.BrowserActivity,performCreate,605]
12-14 18:39:01.413  3261  3261 I wm_on_start_called: [0,9761294,com.ucpro.BrowserActivity,handleStartActivity,3]
12-14 18:39:01.423  3261  3261 I wm_on_resume_called: [0,9761294,com.ucpro.BrowserActivity,RESUME_ACTIVITY,8]
12-14 18:39:01.450  3261  3261 I wm_on_top_resumed_gained_called: [9761294,com.ucpro.BrowserActivity,topStateChangedWhenResumed]
12-14 18:39:01.795  3402  3402 I wm_on_application_create_called: [0,com.tencent.mobileqq,369]
12-14 18:39:01.944 22155 22155 I wm_on_resume_called: [0,185468407,com.miui.home.launcher.Launcher,RESUME_ACTIVITY,5]
12-14 18:39:01.955 22155 22155 I wm_on_idle_called: com.miui.home.launcher.Launcher
12-14 18:39:02.077  3557  3557 I wm_on_application_create_called: [0,com.quark.browser,354]
12-14 18:39:02.193 22155 26876 I com.miui.home: CheckGCForNative adj_start_bytes: 40330770 NativeAllocationGcWatermark: 11323232 java_gc_start_bytes: 23345922 kNewNativeDiscountFactor: 2 kOldNativeDiscountFactor: 65536 old_native_bytes: 175727295 new_native_bytes: 34016920 add_bytes_allowed: 33969696 is_gc_concurrent: 1 target_footprint_: 23476994 GetBytesAllocated: 20603394 HeapGrowthMultiplier: 3
12-14 18:39:02.193 22155 26876 I com.miui.home: CheckGCForNative gc_urgency 0.932651 current_native_bytes is 209744215
12-14 18:39:02.194 22155 25713 I com.miui.home: CheckGCForNative adj_start_bytes: 40330770 NativeAllocationGcWatermark: 11323232 java_gc_start_bytes: 23345922 kNewNativeDiscountFactor: 2 kOldNativeDiscountFactor: 65536 old_native_bytes: 175727295 new_native_bytes: 44724312 add_bytes_allowed: 33969696 is_gc_concurrent: 1 target_footprint_: 23476994 GetBytesAllocated: 20610270 HeapGrowthMultiplier: 3
12-14 18:39:02.194 22155 25713 I com.miui.home: CheckGCForNative gc_urgency 1.06557 current_native_bytes is 220451607
12-14 18:39:02.194 22155 25713 I com.miui.home: CheckGCForNative requested 1
12-14 18:39:02.194 22155 22155 I com.miui.home: CheckGCForNative adj_start_bytes: 40330770 NativeAllocationGcWatermark: 11323232 java_gc_start_bytes: 23345922 kNewNativeDiscountFactor: 2 kOldNativeDiscountFactor: 65536 old_native_bytes: 175727295 new_native_bytes: 55431256 add_bytes_allowed: 33969696 is_gc_concurrent: 1 target_footprint_: 23476994 GetBytesAllocated: 20615185 HeapGrowthMultiplier: 3
12-14 18:39:02.194 22155 22155 I com.miui.home: CheckGCForNative gc_urgency 1.19843 current_native_bytes is 231158551
12-14 18:39:02.194 22155 22155 I com.miui.home: CheckGCForNative requested 1
12-14 18:39:02.198 22155 22719 I com.miui.home: CheckGCForNative adj_start_bytes: 40330770 NativeAllocationGcWatermark: 11323232 java_gc_start_bytes: 23345922 kNewNativeDiscountFactor: 2 kOldNativeDiscountFactor: 65536 old_native_bytes: 175727295 new_native_bytes: 34019224 add_bytes_allowed: 33969696 is_gc_concurrent: 1 target_footprint_: 23476994 GetBytesAllocated: 20657418 HeapGrowthMultiplier: 3
12-14 18:39:02.198 22155 22719 I com.miui.home: CheckGCForNative gc_urgency 0.934019 current_native_bytes is 209746519
12-14 18:39:02.288 22155 22229 I com.miui.home: CheckGCForNative adj_start_bytes: 40330770 NativeAllocationGcWatermark: 11323232 java_gc_start_bytes: 23345922 kNewNativeDiscountFactor: 2 kOldNativeDiscountFactor: 65536 old_native_bytes: 175727295 new_native_bytes: 34141912 add_bytes_allowed: 33969696 is_gc_concurrent: 1 target_footprint_: 23476994 GetBytesAllocated: 20672489 HeapGrowthMultiplier: 3
12-14 18:39:02.288 22155 22229 I com.miui.home: CheckGCForNative gc_urgency 0.935914 current_native_bytes is 209869207
12-14 18:39:02.401 22155 22155 I wm_on_top_resumed_gained_called: [185468407,com.miui.home.launcher.Launcher,topStateChangedWhenResumed]
12-14 18:39:02.505 22155 22164 I com.miui.home: NativeAlloc concurrent copying GC freed 175592(7931KB) AllocSpace objects, 28(784KB) LOS objects, 49% free, 11MB/22MB, paused 427us,98us total 308.372ms
12-14 18:39:02.533 22155 22229 I com.miui.home: CheckGCForNative gc_urgency 0 current_native_bytes is 165207315
12-14 18:39:02.925 22155 22155 I wm_on_top_resumed_lost_called: [185468407,com.miui.home.launcher.Launcher,topStateChangedWhenResumed]
12-14 18:39:03.154  3261  3261 I wm_on_top_resumed_lost_called: [9761294,com.ucpro.BrowserActivity,topStateChangedWhenResumed]
12-14 18:39:03.195 22155 22155 I wm_on_paused_called: [0,185468407,com.miui.home.launcher.Launcher,performPause,1]
12-14 18:39:03.342 22155 22392 I com.miui.home: CheckGCForNative adj_start_bytes: 40636778 NativeAllocationGcWatermark: 11359773 java_gc_start_bytes: 23597119 kNewNativeDiscountFactor: 2 kOldNativeDiscountFactor: 65536 old_native_bytes: 165207315 new_native_bytes: 11064848 add_bytes_allowed: 34079319 is_gc_concurrent: 1 target_footprint_: 23769326 GetBytesAllocated: 13218289 HeapGrowthMultiplier: 3
12-14 18:39:03.342 22155 22392 I com.miui.home: CheckGCForNative gc_urgency 0.461484 current_native_bytes is 176272163
12-14 18:39:03.468 22155 26876 I com.miui.home: CheckGCForNative adj_start_bytes: 40636778 NativeAllocationGcWatermark: 11359773 java_gc_start_bytes: 23597119 kNewNativeDiscountFactor: 2 kOldNativeDiscountFactor: 65536 old_native_bytes: 165207315 new_native_bytes: 485240 add_bytes_allowed: 34079319 is_gc_concurrent: 1 target_footprint_: 23769326 GetBytesAllocated: 13711788 HeapGrowthMultiplier: 3
12-14 18:39:03.468 22155 26876 I com.miui.home: CheckGCForNative gc_urgency 0.343456 current_native_bytes is 165692555
12-14 18:39:03.646 22155 22229 I com.miui.home: CheckGCForNative adj_start_bytes: 40636778 NativeAllocationGcWatermark: 11359773 java_gc_start_bytes: 23597119 kNewNativeDiscountFactor: 2 kOldNativeDiscountFactor: 65536 old_native_bytes: 165207315 new_native_bytes: 644616 add_bytes_allowed: 34079319 is_gc_concurrent: 1 target_footprint_: 23769326 GetBytesAllocated: 13980700 HeapGrowthMultiplier: 3
12-14 18:39:03.646 22155 22229 I com.miui.home: CheckGCForNative gc_urgency 0.352034 current_native_bytes is 165851931
12-14 18:39:03.780 22155 22229 I com.miui.home: CheckGCForNative adj_start_bytes: 40636778 NativeAllocationGcWatermark: 11359773 java_gc_start_bytes: 23597119 kNewNativeDiscountFactor: 2 kOldNativeDiscountFactor: 65536 old_native_bytes: 165207315 new_native_bytes: 609480 add_bytes_allowed: 34079319 is_gc_concurrent: 1 target_footprint_: 23769326 GetBytesAllocated: 14018986 HeapGrowthMultiplier: 3
12-14 18:39:03.780 22155 22229 I com.miui.home: CheckGCForNative gc_urgency 0.352544 current_native_bytes is 165816795
12-14 18:39:04.308  3261  3261 I wm_on_paused_called: [0,9761294,com.ucpro.BrowserActivity,performPause,33]
12-14 18:39:04.327  3261  3261 I wm_on_destroy_called: [0,150979071,com.ucpro.MainActivity,performDestroy,2]
12-14 18:39:04.340  3869  3869 I wm_on_create_called: [0,122347519,com.eg.android.AlipayGphone.AlipayLogin,performCreate,146]
12-14 18:39:04.348  3869  3869 I wm_on_start_called: [0,122347519,com.eg.android.AlipayGphone.AlipayLogin,handleStartActivity,7]
12-14 18:39:04.356  3869  3869 I wm_on_resume_called: [0,122347519,com.eg.android.AlipayGphone.AlipayLogin,RESUME_ACTIVITY,6]
12-14 18:39:04.383  3869  3869 I wm_on_top_resumed_gained_called: [122347519,com.eg.android.AlipayGphone.AlipayLogin,topStateChangedWhenResumed]
12-14 18:39:04.539  3261  3261 I wm_on_stop_called: [0,9761294,com.ucpro.BrowserActivity,STOP_ACTIVITY_ITEM,34]
12-14 18:39:05.167 22155 22155 I wm_on_resume_called: [0,185468407,com.miui.home.launcher.Launcher,RESUME_ACTIVITY,4]
12-14 18:39:05.185 22155 22155 I wm_on_idle_called: com.miui.home.launcher.Launcher
12-14 18:39:05.315 22155 22171 I com.miui.home: CheckGCForNative adj_start_bytes: 40636778 NativeAllocationGcWatermark: 11359773 java_gc_start_bytes: 23597119 kNewNativeDiscountFactor: 2 kOldNativeDiscountFactor: 65536 old_native_bytes: 165207315 new_native_bytes: 11139540 add_bytes_allowed: 34079319 is_gc_concurrent: 1 target_footprint_: 23769326 GetBytesAllocated: 14950926 HeapGrowthMultiplier: 3
12-14 18:39:05.315 22155 22171 I com.miui.home: CheckGCForNative gc_urgency 0.50504 current_native_bytes is 176346855
12-14 18:39:05.315 22155 22171 I com.miui.home: CheckGCForNative adj_start_bytes: 40636778 NativeAllocationGcWatermark: 11359773 java_gc_start_bytes: 23597119 kNewNativeDiscountFactor: 2 kOldNativeDiscountFactor: 65536 old_native_bytes: 165207315 new_native_bytes: 21846484 add_bytes_allowed: 34079319 is_gc_concurrent: 1 target_footprint_: 23769326 GetBytesAllocated: 14951118 HeapGrowthMultiplier: 3
12-14 18:39:05.315 22155 22171 I com.miui.home: CheckGCForNative gc_urgency 0.636785 current_native_bytes is 187053799
12-14 18:39:05.334 22155 22229 I com.miui.home: CheckGCForNative adj_start_bytes: 40636778 NativeAllocationGcWatermark: 11359773 java_gc_start_bytes: 23597119 kNewNativeDiscountFactor: 2 kOldNativeDiscountFactor: 65536 old_native_bytes: 165207315 new_native_bytes: 11185300 add_bytes_allowed: 34079319 is_gc_concurrent: 1 target_footprint_: 23769326 GetBytesAllocated: 14972253 HeapGrowthMultiplier: 3
12-14 18:39:05.334 22155 22229 I com.miui.home: CheckGCForNative gc_urgency 0.506128 current_native_bytes is 176392615
12-14 18:39:05.461 22155 22173 I com.miui.home: CheckGCForNative adj_start_bytes: 40636778 NativeAllocationGcWatermark: 11359773 java_gc_start_bytes: 23597119 kNewNativeDiscountFactor: 2 kOldNativeDiscountFactor: 65536 old_native_bytes: 165207315 new_native_bytes: 21978580 add_bytes_allowed: 34079319 is_gc_concurrent: 1 target_footprint_: 23769326 GetBytesAllocated: 15599816 HeapGrowthMultiplier: 3
12-14 18:39:05.461 22155 22173 I com.miui.home: CheckGCForNative gc_urgency 0.654373 current_native_bytes is 187185895
12-14 18:39:05.616 22155 22155 I wm_on_top_resumed_gained_called: [185468407,com.miui.home.launcher.Launcher,topStateChangedWhenResumed]
12-14 18:39:05.740 22155 22229 I com.miui.home: CheckGCForNative adj_start_bytes: 40636778 NativeAllocationGcWatermark: 11359773 java_gc_start_bytes: 23597119 kNewNativeDiscountFactor: 2 kOldNativeDiscountFactor: 65536 old_native_bytes: 165207315 new_native_bytes: 11297940 add_bytes_allowed: 34079319 is_gc_concurrent: 1 target_footprint_: 23769326 GetBytesAllocated: 15690873 HeapGrowthMultiplier: 3
12-14 18:39:05.740 22155 22229 I com.miui.home: CheckGCForNative gc_urgency 0.525198 current_native_bytes is 176505255
12-14 18:39:05.996 22155 22155 I wm_on_top_resumed_lost_called: [185468407,com.miui.home.launcher.Launcher,topStateChangedWhenResumed]
12-14 18:39:06.319 22155 22195 I com.miui.home: CheckGCForNative adj_start_bytes: 40636778 NativeAllocationGcWatermark: 11359773 java_gc_start_bytes: 23597119 kNewNativeDiscountFactor: 2 kOldNativeDiscountFactor: 65536 old_native_bytes: 165207315 new_native_bytes: 23010016 add_bytes_allowed: 34079319 is_gc_concurrent: 1 target_footprint_: 23769326 GetBytesAllocated: 16682313 HeapGrowthMultiplier: 3
12-14 18:39:06.319 22155 22195 I com.miui.home: CheckGCForNative gc_urgency 0.693703 current_native_bytes is 188217331
12-14 18:39:06.351 22155 22155 I wm_on_paused_called: [0,185468407,com.miui.home.launcher.Launcher,performPause,2]
12-14 18:39:06.359 22155 22195 I com.miui.home: CheckGCForNative adj_start_bytes: 40636778 NativeAllocationGcWatermark: 11359773 java_gc_start_bytes: 23597119 kNewNativeDiscountFactor: 2 kOldNativeDiscountFactor: 65536 old_native_bytes: 165207315 new_native_bytes: 37533840 add_bytes_allowed: 34079319 is_gc_concurrent: 1 target_footprint_: 23769326 GetBytesAllocated: 16704267 HeapGrowthMultiplier: 3
12-14 18:39:06.359 22155 22195 I com.miui.home: CheckGCForNative gc_urgency 0.872946 current_native_bytes is 202741155
12-14 18:39:06.359 22155 22195 I com.miui.home: CheckGCForNative adj_start_bytes: 40636778 NativeAllocationGcWatermark: 11359773 java_gc_start_bytes: 23597119 kNewNativeDiscountFactor: 2 kOldNativeDiscountFactor: 65536 old_native_bytes: 165207315 new_native_bytes: 25737360 add_bytes_allowed: 34079319 is_gc_concurrent: 1 target_footprint_: 23769326 GetBytesAllocated: 16704267 HeapGrowthMultiplier: 3
12-14 18:39:06.359 22155 22195 I com.miui.home: CheckGCForNative gc_urgency 0.727801 current_native_bytes is 190944675
12-14 18:39:06.365 22155 22195 I com.miui.home: CheckGCForNative adj_start_bytes: 40636778 NativeAllocationGcWatermark: 11359773 java_gc_start_bytes: 23597119 kNewNativeDiscountFactor: 2 kOldNativeDiscountFactor: 65536 old_native_bytes: 165207315 new_native_bytes: 26524432 add_bytes_allowed: 34079319 is_gc_concurrent: 1 target_footprint_: 23769326 GetBytesAllocated: 16704267 HeapGrowthMultiplier: 3
12-14 18:39:06.365 22155 22195 I com.miui.home: CheckGCForNative gc_urgency 0.737485 current_native_bytes is 191731747
12-14 18:39:06.385 22155 22195 I com.miui.home: CheckGCForNative adj_start_bytes: 40636778 NativeAllocationGcWatermark: 11359773 java_gc_start_bytes: 23597119 kNewNativeDiscountFactor: 2 kOldNativeDiscountFactor: 65536 old_native_bytes: 165207315 new_native_bytes: 28076984 add_bytes_allowed: 34079319 is_gc_concurrent: 1 target_footprint_: 23769326 GetBytesAllocated: 16722421 HeapGrowthMultiplier: 3
12-14 18:39:06.385 22155 22195 I com.miui.home: CheckGCForNative gc_urgency 0.757034 current_native_bytes is 193284299
12-14 18:39:06.385 22155 22195 I com.miui.home: CheckGCForNative adj_start_bytes: 40636778 NativeAllocationGcWatermark: 11359773 java_gc_start_bytes: 23597119 kNewNativeDiscountFactor: 2 kOldNativeDiscountFactor: 65536 old_native_bytes: 165207315 new_native_bytes: 29527616 add_bytes_allowed: 34079319 is_gc_concurrent: 1 target_footprint_: 23769326 GetBytesAllocated: 16722421 HeapGrowthMultiplier: 3
12-14 18:39:06.385 22155 22195 I com.miui.home: CheckGCForNative gc_urgency 0.774883 current_native_bytes is 194734931
12-14 18:39:06.400 22155 22195 I com.miui.home: CheckGCForNative adj_start_bytes: 40636778 NativeAllocationGcWatermark: 11359773 java_gc_start_bytes: 23597119 kNewNativeDiscountFactor: 2 kOldNativeDiscountFactor: 65536 old_native_bytes: 165207315 new_native_bytes: 42117408 add_bytes_allowed: 34079319 is_gc_concurrent: 1 target_footprint_: 23769326 GetBytesAllocated: 16741619 HeapGrowthMultiplier: 3
12-14 18:39:06.400 22155 22195 I com.miui.home: CheckGCForNative gc_urgency 0.930262 current_native_bytes is 207324723
12-14 18:39:06.432  4589  4589 I wm_on_application_create_called: [0,com.quark.browser,524]
12-14 18:39:06.642 22155 22229 I com.miui.home: CheckGCForNative adj_start_bytes: 40636778 NativeAllocationGcWatermark: 11359773 java_gc_start_bytes: 23597119 kNewNativeDiscountFactor: 2 kOldNativeDiscountFactor: 65536 old_native_bytes: 165207315 new_native_bytes: 40648644 add_bytes_allowed: 34079319 is_gc_concurrent: 1 target_footprint_: 23769326 GetBytesAllocated: 17211875 HeapGrowthMultiplier: 3
12-14 18:39:06.642 22155 22229 I com.miui.home: CheckGCForNative gc_urgency 0.923762 current_native_bytes is 205855959
12-14 18:39:06.721 22155 22229 I com.miui.home: CheckGCForNative adj_start_bytes: 40636778 NativeAllocationGcWatermark: 11359773 java_gc_start_bytes: 23597119 kNewNativeDiscountFactor: 2 kOldNativeDiscountFactor: 65536 old_native_bytes: 165207315 new_native_bytes: 40821204 add_bytes_allowed: 34079319 is_gc_concurrent: 1 target_footprint_: 23769326 GetBytesAllocated: 17243602 HeapGrowthMultiplier: 3
12-14 18:39:06.721 22155 22229 I com.miui.home: CheckGCForNative gc_urgency 0.926666 current_native_bytes is 206028519
12-14 18:39:06.943 22155 22229 I com.miui.home: CheckGCForNative adj_start_bytes: 40636778 NativeAllocationGcWatermark: 11359773 java_gc_start_bytes: 23597119 kNewNativeDiscountFactor: 2 kOldNativeDiscountFactor: 65536 old_native_bytes: 165207315 new_native_bytes: 40914548 add_bytes_allowed: 34079319 is_gc_concurrent: 1 target_footprint_: 23769326 GetBytesAllocated: 17678608 HeapGrowthMultiplier: 3
12-14 18:39:06.943 22155 22229 I com.miui.home: CheckGCForNative gc_urgency 0.938519 current_native_bytes is 206121863
12-14 18:39:07.985 22155 22155 I wm_on_resume_called: [0,185468407,com.miui.home.launcher.Launcher,RESUME_ACTIVITY,4]
12-14 18:39:07.992 22155 22155 I wm_on_idle_called: com.miui.home.launcher.Launcher
12-14 18:39:08.179 22155 26876 I com.miui.home: CheckGCForNative adj_start_bytes: 40636778 NativeAllocationGcWatermark: 11359773 java_gc_start_bytes: 23597119 kNewNativeDiscountFactor: 2 kOldNativeDiscountFactor: 65536 old_native_bytes: 165207315 new_native_bytes: 51646656 add_bytes_allowed: 34079319 is_gc_concurrent: 1 target_footprint_: 23769326 GetBytesAllocated: 19167295 HeapGrowthMultiplier: 3
12-14 18:39:08.179 22155 26876 I com.miui.home: CheckGCForNative gc_urgency 1.1072 current_native_bytes is 216853971
12-14 18:39:08.179 22155 26876 I com.miui.home: CheckGCForNative requested 1
12-14 18:39:08.180 22155 26876 I com.miui.home: CheckGCForNative adj_start_bytes: 40636778 NativeAllocationGcWatermark: 11359773 java_gc_start_bytes: 23597119 kNewNativeDiscountFactor: 2 kOldNativeDiscountFactor: 65536 old_native_bytes: 165207315 new_native_bytes: 62353216 add_bytes_allowed: 34079319 is_gc_concurrent: 1 target_footprint_: 23769326 GetBytesAllocated: 19177320 HeapGrowthMultiplier: 3
12-14 18:39:08.180 22155 26876 I com.miui.home: CheckGCForNative gc_urgency 1.23918 current_native_bytes is 227560531
12-14 18:39:08.180 22155 26876 I com.miui.home: CheckGCForNative requested 1
12-14 18:39:08.191 22155 22719 I com.miui.home: CheckGCForNative adj_start_bytes: 40636778 NativeAllocationGcWatermark: 11359773 java_gc_start_bytes: 23597119 kNewNativeDiscountFactor: 2 kOldNativeDiscountFactor: 65536 old_native_bytes: 165207315 new_native_bytes: 51648832 add_bytes_allowed: 34079319 is_gc_concurrent: 1 target_footprint_: 23769326 GetBytesAllocated: 19215582 HeapGrowthMultiplier: 3
12-14 18:39:08.191 22155 22719 I com.miui.home: CheckGCForNative gc_urgency 1.10842 current_native_bytes is 216856147
12-14 18:39:08.192 22155 22719 I com.miui.home: CheckGCForNative requested 1
12-14 18:39:08.207 22155 22229 I com.miui.home: CheckGCForNative adj_start_bytes: 40636778 NativeAllocationGcWatermark: 11359773 java_gc_start_bytes: 23597119 kNewNativeDiscountFactor: 2 kOldNativeDiscountFactor: 65536 old_native_bytes: 165207315 new_native_bytes: 51687040 add_bytes_allowed: 34079319 is_gc_concurrent: 1 target_footprint_: 23769326 GetBytesAllocated: 19221119 HeapGrowthMultiplier: 3
12-14 18:39:08.207 22155 22229 I com.miui.home: CheckGCForNative gc_urgency 1.10902 current_native_bytes is 216894355
12-14 18:39:08.207 22155 22229 I com.miui.home: CheckGCForNative requested 1
12-14 18:39:08.221 22155 25734 I com.miui.home: CheckGCForNative adj_start_bytes: 40636778 NativeAllocationGcWatermark: 11359773 java_gc_start_bytes: 23597119 kNewNativeDiscountFactor: 2 kOldNativeDiscountFactor: 65536 old_native_bytes: 165207315 new_native_bytes: 62400384 add_bytes_allowed: 34079319 is_gc_concurrent: 1 target_footprint_: 23769326 GetBytesAllocated: 19221119 HeapGrowthMultiplier: 3
12-14 18:39:08.221 22155 25734 I com.miui.home: CheckGCForNative gc_urgency 1.24084 current_native_bytes is 227607699
12-14 18:39:08.221 22155 25734 I com.miui.home: CheckGCForNative requested 1
12-14 18:39:08.314 22155 22164 I com.miui.home: NativeAlloc concurrent copying GC freed 146794(6664KB) AllocSpace objects, 24(672KB) LOS objects, 49% free, 11MB/22MB, paused 96us,29us total 135.070ms
12-14 18:39:08.448 22155 22155 I wm_on_top_resumed_gained_called: [185468407,com.miui.home.launcher.Launcher,topStateChangedWhenResumed]
12-14 18:39:08.547 22155 22229 I com.miui.home: CheckGCForNative gc_urgency 0 current_native_bytes is 167149311
12-14 18:39:08.678 22155 22228 I com.miui.home: CheckGCForNative adj_start_bytes: 40499774 NativeAllocationGcWatermark: 11345379 java_gc_start_bytes: 23481706 kNewNativeDiscountFactor: 2 kOldNativeDiscountFactor: 65536 old_native_bytes: 167149311 new_native_bytes: 10719776 add_bytes_allowed: 34036137 is_gc_concurrent: 1 target_footprint_: 23654175 GetBytesAllocated: 12007173 HeapGrowthMultiplier: 3
12-14 18:39:08.678 22155 22228 I com.miui.home: CheckGCForNative gc_urgency 0.428882 current_native_bytes is 177869087
12-14 18:39:08.678 22155 22228 I com.miui.home: CheckGCForNative adj_start_bytes: 40499774 NativeAllocationGcWatermark: 11345379 java_gc_start_bytes: 23481706 kNewNativeDiscountFactor: 2 kOldNativeDiscountFactor: 65536 old_native_bytes: 167149311 new_native_bytes: 21426720 add_bytes_allowed: 34036137 is_gc_concurrent: 1 target_footprint_: 23654175 GetBytesAllocated: 12007365 HeapGrowthMultiplier: 3
12-14 18:39:08.678 22155 22228 I com.miui.home: CheckGCForNative gc_urgency 0.561072 current_native_bytes is 188576031
12-14 18:39:08.680 22155 23907 I com.miui.home: CheckGCForNative adj_start_bytes: 40499774 NativeAllocationGcWatermark: 11345379 java_gc_start_bytes: 23481706 kNewNativeDiscountFactor: 2 kOldNativeDiscountFactor: 65536 old_native_bytes: 167149311 new_native_bytes: 21426720 add_bytes_allowed: 34036137 is_gc_concurrent: 1 target_footprint_: 23654175 GetBytesAllocated: 12007365 HeapGrowthMultiplier: 3
12-14 18:39:08.680 22155 23907 I com.miui.home: CheckGCForNative gc_urgency 0.561072 current_native_bytes is 188576031
12-14 18:39:09.371 22155 22392 I com.miui.home: CheckGCForNative adj_start_bytes: 40499774 NativeAllocationGcWatermark: 11345379 java_gc_start_bytes: 23481706 kNewNativeDiscountFactor: 2 kOldNativeDiscountFactor: 65536 old_native_bytes: 167149311 new_native_bytes: 22297588 add_bytes_allowed: 34036137 is_gc_concurrent: 1 target_footprint_: 23654175 GetBytesAllocated: 12697956 HeapGrowthMultiplier: 3
12-14 18:39:09.371 22155 22392 I com.miui.home: CheckGCForNative gc_urgency 0.588875 current_native_bytes is 189446899
12-14 18:39:09.601  3261  3261 I wm_on_idle_called: com.ucpro.BrowserActivity
12-14 18:39:10.122  5236  5236 I wm_on_application_create_called: [0,com.quark.browser,1138]