12-15 11:04:44.471  3323  3481 I com.miui.home: CheckGCForNative gc_urgency 0 current_native_bytes is 71910087
12-15 11:04:44.592  3323  3323 I wm_on_top_resumed_lost_called: [261361573,com.miui.home.launcher.Launcher,topStateChangedWhenResumed]
12-15 11:04:44.600  3323  3323 I wm_on_paused_called: [0,261361573,com.miui.home.launcher.Launcher,performPause,1]
12-15 11:04:44.998  3323  8104 I com.miui.home: CheckGCForNative adj_start_bytes: 36934988 NativeAllocationGcWatermark: 10965781 java_gc_start_bytes: 20486317 kNewNativeDiscountFactor: 2 kOldNativeDiscountFactor: 65536 old_native_bytes: 71910087 new_native_bytes: 1453476 add_bytes_allowed: 32897343 is_gc_concurrent: 1 target_footprint_: 20617389 GetBytesAllocated: 11561213 HeapGrowthMultiplier: 3
12-15 11:04:44.998  3323  8104 I com.miui.home: CheckGCForNative gc_urgency 0.332721 current_native_bytes is 73363563
12-15 11:04:45.039  3323  3527 I com.miui.home: CheckGCForNative adj_start_bytes: 36934988 NativeAllocationGcWatermark: 10965781 java_gc_start_bytes: 20486317 kNewNativeDiscountFactor: 2 kOldNativeDiscountFactor: 65536 old_native_bytes: 71910087 new_native_bytes: 2261220 add_bytes_allowed: 32897343 is_gc_concurrent: 1 target_footprint_: 20617389 GetBytesAllocated: 11645740 HeapGrowthMultiplier: 3
12-15 11:04:45.039  3323  3527 I com.miui.home: CheckGCForNative gc_urgency 0.345944 current_native_bytes is 74171307
12-15 11:04:45.290  3323  3769 I com.miui.home: CheckGCForNative adj_start_bytes: 36934988 NativeAllocationGcWatermark: 10965781 java_gc_start_bytes: 20486317 kNewNativeDiscountFactor: 2 kOldNativeDiscountFactor: 65536 old_native_bytes: 71910087 new_native_bytes: 12952420 add_bytes_allowed: 32897343 is_gc_concurrent: 1 target_footprint_: 20617389 GetBytesAllocated: 11940011 HeapGrowthMultiplier: 3
12-15 11:04:45.291  3323  3769 I com.miui.home: CheckGCForNative gc_urgency 0.498641 current_native_bytes is 84862507
12-15 11:04:45.292  3323  3769 I com.miui.home: CheckGCForNative adj_start_bytes: 36934988 NativeAllocationGcWatermark: 10965781 java_gc_start_bytes: 20486317 kNewNativeDiscountFactor: 2 kOldNativeDiscountFactor: 65536 old_native_bytes: 71910087 new_native_bytes: 23659876 add_bytes_allowed: 32897343 is_gc_concurrent: 1 target_footprint_: 20617389 GetBytesAllocated: 11940203 HeapGrowthMultiplier: 3
12-15 11:04:45.292  3323  3769 I com.miui.home: CheckGCForNative gc_urgency 0.643597 current_native_bytes is 95569963
12-15 11:04:45.327  3323  3527 I com.miui.home: CheckGCForNative adj_start_bytes: 36934988 NativeAllocationGcWatermark: 10965781 java_gc_start_bytes: 20486317 kNewNativeDiscountFactor: 2 kOldNativeDiscountFactor: 65536 old_native_bytes: 71910087 new_native_bytes: 12957540 add_bytes_allowed: 32897343 is_gc_concurrent: 1 target_footprint_: 20617389 GetBytesAllocated: 11966196 HeapGrowthMultiplier: 3
12-15 11:04:45.328  3323  3527 I com.miui.home: CheckGCForNative gc_urgency 0.49942 current_native_bytes is 84867627
12-15 11:04:45.343  3323  3769 I com.miui.home: CheckGCForNative adj_start_bytes: 36934988 NativeAllocationGcWatermark: 10965781 java_gc_start_bytes: 20486317 kNewNativeDiscountFactor: 2 kOldNativeDiscountFactor: 65536 old_native_bytes: 71910087 new_native_bytes: 23666660 add_bytes_allowed: 32897343 is_gc_concurrent: 1 target_footprint_: 20617389 GetBytesAllocated: 11966196 HeapGrowthMultiplier: 3
12-15 11:04:45.343  3323  3769 I com.miui.home: CheckGCForNative gc_urgency 0.644392 current_native_bytes is 95576747
12-15 11:04:45.344  3323  3769 I com.miui.home: CheckGCForNative adj_start_bytes: 36934988 NativeAllocationGcWatermark: 10965781 java_gc_start_bytes: 20486317 kNewNativeDiscountFactor: 2 kOldNativeDiscountFactor: 65536 old_native_bytes: 71910087 new_native_bytes: 34373604 add_bytes_allowed: 32897343 is_gc_concurrent: 1 target_footprint_: 20617389 GetBytesAllocated: 11972867 HeapGrowthMultiplier: 3
12-15 11:04:45.344  3323  3769 I com.miui.home: CheckGCForNative gc_urgency 0.789516 current_native_bytes is 106283691
12-15 11:04:46.053  3323  3323 I com.miui.home: CheckGCForNative adj_start_bytes: 36934988 NativeAllocationGcWatermark: 10965781 java_gc_start_bytes: 20486317 kNewNativeDiscountFactor: 2 kOldNativeDiscountFactor: 65536 old_native_bytes: 71910087 new_native_bytes: 23676608 add_bytes_allowed: 32897343 is_gc_concurrent: 1 target_footprint_: 20617389 GetBytesAllocated: 12868832 HeapGrowthMultiplier: 3
12-15 11:04:46.053  3323  3323 I com.miui.home: CheckGCForNative gc_urgency 0.668965 current_native_bytes is 95586695
12-15 11:04:46.065  3323  3323 I wm_on_resume_called: [0,261361573,com.miui.home.launcher.Launcher,RESUME_ACTIVITY,4]
12-15 11:04:46.074  3323  3323 I wm_on_idle_called: com.miui.home.launcher.Launcher
12-15 11:04:46.221  3323  3560 I com.miui.home: CheckGCForNative adj_start_bytes: 36934988 NativeAllocationGcWatermark: 10965781 java_gc_start_bytes: 20486317 kNewNativeDiscountFactor: 2 kOldNativeDiscountFactor: 65536 old_native_bytes: 71910087 new_native_bytes: 23823140 add_bytes_allowed: 32897343 is_gc_concurrent: 1 target_footprint_: 20617389 GetBytesAllocated: 13792525 HeapGrowthMultiplier: 3
12-15 11:04:46.221  3323  3560 I com.miui.home: CheckGCForNative gc_urgency 0.695958 current_native_bytes is 95733227
12-15 11:04:46.248  3323  3560 I com.miui.home: CheckGCForNative adj_start_bytes: 36934988 NativeAllocationGcWatermark: 10965781 java_gc_start_bytes: 20486317 kNewNativeDiscountFactor: 2 kOldNativeDiscountFactor: 65536 old_native_bytes: 71910087 new_native_bytes: 34529572 add_bytes_allowed: 32897343 is_gc_concurrent: 1 target_footprint_: 20617389 GetBytesAllocated: 13809853 HeapGrowthMultiplier: 3
12-15 11:04:46.248  3323  3560 I com.miui.home: CheckGCForNative gc_urgency 0.841363 current_native_bytes is 106439659
12-15 11:04:46.248  3323  3560 I com.miui.home: CheckGCForNative adj_start_bytes: 36934988 NativeAllocationGcWatermark: 10965781 java_gc_start_bytes: 20486317 kNewNativeDiscountFactor: 2 kOldNativeDiscountFactor: 65536 old_native_bytes: 71910087 new_native_bytes: 45236516 add_bytes_allowed: 32897343 is_gc_concurrent: 1 target_footprint_: 20617389 GetBytesAllocated: 13816776 HeapGrowthMultiplier: 3
12-15 11:04:46.248  3323  3560 I com.miui.home: CheckGCForNative gc_urgency 0.986494 current_native_bytes is 117146603
12-15 11:04:46.253  3323  4058 I com.miui.home: CheckGCForNative adj_start_bytes: 36934988 NativeAllocationGcWatermark: 10965781 java_gc_start_bytes: 20486317 kNewNativeDiscountFactor: 2 kOldNativeDiscountFactor: 65536 old_native_bytes: 71910087 new_native_bytes: 45240292 add_bytes_allowed: 32897343 is_gc_concurrent: 1 target_footprint_: 20617389 GetBytesAllocated: 13854275 HeapGrowthMultiplier: 3
12-15 11:04:46.253  3323  4058 I com.miui.home: CheckGCForNative gc_urgency 0.98756 current_native_bytes is 117150379
12-15 11:04:46.329  8078  8078 I wm_on_create_called: [0,190033725,com.tencent.qqlive.ona.activity.SplashHomeActivity,performCreate,357]
12-15 11:04:46.360  8078  8078 I wm_on_start_called: [0,190033725,com.tencent.qqlive.ona.activity.SplashHomeActivity,handleStartActivity,19]
12-15 11:04:46.491  3323  3323 I wm_on_top_resumed_gained_called: [261361573,com.miui.home.launcher.Launcher,topStateChangedWhenResumed]
12-15 11:04:46.494  8078  8078 I wm_on_resume_called: [0,190033725,com.tencent.qqlive.ona.activity.SplashHomeActivity,RESUME_ACTIVITY,130]
12-15 11:04:46.539  3323  3527 I com.miui.home: CheckGCForNative adj_start_bytes: 36934988 NativeAllocationGcWatermark: 10965781 java_gc_start_bytes: 20486317 kNewNativeDiscountFactor: 2 kOldNativeDiscountFactor: 65536 old_native_bytes: 71910087 new_native_bytes: 34530740 add_bytes_allowed: 32897343 is_gc_concurrent: 1 target_footprint_: 20617389 GetBytesAllocated: 13959794 HeapGrowthMultiplier: 3
12-15 11:04:46.539  3323  3527 I com.miui.home: CheckGCForNative gc_urgency 0.845438 current_native_bytes is 106440827
12-15 11:04:46.681  8078  8078 I wm_on_top_resumed_gained_called: [190033725,com.tencent.qqlive.ona.activity.SplashHomeActivity,topStateChangedWhenResumed]
12-15 11:04:46.697  8078  8078 I wm_on_top_resumed_lost_called: [190033725,com.tencent.qqlive.ona.activity.SplashHomeActivity,topStateChangedWhenResumed]
12-15 11:04:46.761  3323  3524 I com.miui.home: CheckGCForNative adj_start_bytes: 36934988 NativeAllocationGcWatermark: 10965781 java_gc_start_bytes: 20486317 kNewNativeDiscountFactor: 2 kOldNativeDiscountFactor: 65536 old_native_bytes: 71910087 new_native_bytes: 45358932 add_bytes_allowed: 32897343 is_gc_concurrent: 1 target_footprint_: 20617389 GetBytesAllocated: 14105810 HeapGrowthMultiplier: 3
12-15 11:04:46.761  3323  3524 I com.miui.home: CheckGCForNative gc_urgency 0.995976 current_native_bytes is 117269019
12-15 11:04:46.762  3323  3524 I com.miui.home: CheckGCForNative adj_start_bytes: 36934988 NativeAllocationGcWatermark: 10965781 java_gc_start_bytes: 20486317 kNewNativeDiscountFactor: 2 kOldNativeDiscountFactor: 65536 old_native_bytes: 71910087 new_native_bytes: 56066196 add_bytes_allowed: 32897343 is_gc_concurrent: 1 target_footprint_: 20617389 GetBytesAllocated: 14106002 HeapGrowthMultiplier: 3
12-15 11:04:46.762  3323  3524 I com.miui.home: CheckGCForNative gc_urgency 1.14093 current_native_bytes is 127976283
12-15 11:04:46.762  3323  3524 I com.miui.home: CheckGCForNative requested 1
12-15 11:04:46.778  3323  4058 I com.miui.home: CheckGCForNative adj_start_bytes: 36934988 NativeAllocationGcWatermark: 10965781 java_gc_start_bytes: 20486317 kNewNativeDiscountFactor: 2 kOldNativeDiscountFactor: 65536 old_native_bytes: 71910087 new_native_bytes: 56068308 add_bytes_allowed: 32897343 is_gc_concurrent: 1 target_footprint_: 20617389 GetBytesAllocated: 14106002 HeapGrowthMultiplier: 3
12-15 11:04:46.778  3323  4058 I com.miui.home: CheckGCForNative gc_urgency 1.14096 current_native_bytes is 127978395
12-15 11:04:46.780  3323  4058 I com.miui.home: CheckGCForNative requested 1
12-15 11:04:46.820  3323  3323 I com.miui.home: CheckGCForNative adj_start_bytes: 36934988 NativeAllocationGcWatermark: 10965781 java_gc_start_bytes: 20486317 kNewNativeDiscountFactor: 2 kOldNativeDiscountFactor: 65536 old_native_bytes: 71910087 new_native_bytes: 45361884 add_bytes_allowed: 32897343 is_gc_concurrent: 1 target_footprint_: 20617389 GetBytesAllocated: 14110015 HeapGrowthMultiplier: 3
12-15 11:04:46.820  3323  3323 I com.miui.home: CheckGCForNative gc_urgency 0.99613 current_native_bytes is 117271971
12-15 11:04:47.107  3323  3373 I com.miui.home: NativeAlloc concurrent copying GC freed 71938(3235KB) AllocSpace objects, 5(228KB) LOS objects, 49% free, 10MB/20MB, paused 190us,79us total 343.053ms
12-15 11:04:47.191  3323  3323 I wm_on_top_resumed_lost_called: [261361573,com.miui.home.launcher.Launcher,topStateChangedWhenResumed]
12-15 11:04:47.331  3323  3323 I wm_on_paused_called: [0,261361573,com.miui.home.launcher.Launcher,performPause,2]
12-15 11:04:47.567  3323  3857 I com.miui.home: CheckGCForNative gc_urgency 0 current_native_bytes is 106352619
12-15 11:04:47.626  3323  3769 I com.miui.home: CheckGCForNative adj_start_bytes: 38012528 NativeAllocationGcWatermark: 11092357 java_gc_start_bytes: 21373993 kNewNativeDiscountFactor: 2 kOldNativeDiscountFactor: 65536 old_native_bytes: 106352619 new_native_bytes: 10865904 add_bytes_allowed: 33277071 is_gc_concurrent: 1 target_footprint_: 21629995 GetBytesAllocated: 11843848 HeapGrowthMultiplier: 3
12-15 11:04:47.626  3323  3769 I com.miui.home: CheckGCForNative gc_urgency 0.454545 current_native_bytes is 117218523
12-15 11:04:47.872  3323  3527 I com.miui.home: CheckGCForNative adj_start_bytes: 38012528 NativeAllocationGcWatermark: 11092357 java_gc_start_bytes: 21373993 kNewNativeDiscountFactor: 2 kOldNativeDiscountFactor: 65536 old_native_bytes: 106352619 new_native_bytes: 228368 add_bytes_allowed: 33277071 is_gc_concurrent: 1 target_footprint_: 21629995 GetBytesAllocated: 12131512 HeapGrowthMultiplier: 3
12-15 11:04:47.872  3323  3527 I com.miui.home: CheckGCForNative gc_urgency 0.322192 current_native_bytes is 106580987
12-15 11:04:48.039  3323  3527 I com.miui.home: CheckGCForNative adj_start_bytes: 38012528 NativeAllocationGcWatermark: 11092357 java_gc_start_bytes: 21373993 kNewNativeDiscountFactor: 2 kOldNativeDiscountFactor: 65536 old_native_bytes: 106352619 new_native_bytes: 352868 add_bytes_allowed: 33277071 is_gc_concurrent: 1 target_footprint_: 21629995 GetBytesAllocated: 12359613 HeapGrowthMultiplier: 3
12-15 11:04:48.039  3323  3527 I com.miui.home: CheckGCForNative gc_urgency 0.329938 current_native_bytes is 106705487
12-15 11:04:48.349  3323  3769 I com.miui.home: CheckGCForNative adj_start_bytes: 38012528 NativeAllocationGcWatermark: 11092357 java_gc_start_bytes: 21373993 kNewNativeDiscountFactor: 2 kOldNativeDiscountFactor: 65536 old_native_bytes: 106352619 new_native_bytes: 163800 add_bytes_allowed: 33277071 is_gc_concurrent: 1 target_footprint_: 21629995 GetBytesAllocated: 13076213 HeapGrowthMultiplier: 3
12-15 11:04:48.349  3323  3769 I com.miui.home: CheckGCForNative gc_urgency 0.346195 current_native_bytes is 106516419
12-15 11:04:48.422  8540  8540 I wm_on_create_called: [0,242622961,fm.qingting.qtradio.WelcomeActivity,performCreate,72]
12-15 11:04:48.423  8540  8540 I wm_on_start_called: [0,242622961,fm.qingting.qtradio.WelcomeActivity,handleStartActivity,1]
12-15 11:04:48.429  8540  8540 I wm_on_resume_called: [0,242622961,fm.qingting.qtradio.WelcomeActivity,RESUME_ACTIVITY,4]
12-15 11:04:48.458  8540  8540 I wm_on_top_resumed_gained_called: [242622961,fm.qingting.qtradio.WelcomeActivity,topStateChangedWhenResumed]
12-15 11:04:48.653  3323  3323 I wm_on_stop_called: [0,261361573,com.miui.home.launcher.Launcher,STOP_ACTIVITY_ITEM,4]
12-15 11:04:48.817  3323  3323 I wm_on_restart_called: [0,261361573,com.miui.home.launcher.Launcher,,0]
12-15 11:04:48.817  3323  3323 I wm_on_start_called: [0,261361573,com.miui.home.launcher.Launcher,handleStartActivity,1]
12-15 11:04:48.821  3323  3323 I wm_on_resume_called: [0,261361573,com.miui.home.launcher.Launcher,RESUME_ACTIVITY,3]
12-15 11:04:48.849  3323  3323 I wm_on_idle_called: com.miui.home.launcher.Launcher
12-15 11:04:48.978  3323  3560 I com.miui.home: CheckGCForNative adj_start_bytes: 38012528 NativeAllocationGcWatermark: 11092357 java_gc_start_bytes: 21373993 kNewNativeDiscountFactor: 2 kOldNativeDiscountFactor: 65536 old_native_bytes: 106352619 new_native_bytes: 11493772 add_bytes_allowed: 33277071 is_gc_concurrent: 1 target_footprint_: 21629995 GetBytesAllocated: 14351121 HeapGrowthMultiplier: 3
12-15 11:04:48.978  3323  3560 I com.miui.home: CheckGCForNative gc_urgency 0.528763 current_native_bytes is 117846391
12-15 11:04:48.980  3323  3560 I com.miui.home: CheckGCForNative adj_start_bytes: 38012528 NativeAllocationGcWatermark: 11092357 java_gc_start_bytes: 21373993 kNewNativeDiscountFactor: 2 kOldNativeDiscountFactor: 65536 old_native_bytes: 106352619 new_native_bytes: 22200716 add_bytes_allowed: 33277071 is_gc_concurrent: 1 target_footprint_: 21629995 GetBytesAllocated: 14351313 HeapGrowthMultiplier: 3
12-15 11:04:48.980  3323  3560 I com.miui.home: CheckGCForNative gc_urgency 0.669603 current_native_bytes is 128553335
12-15 11:04:48.985  3323  4058 I com.miui.home: CheckGCForNative adj_start_bytes: 38012528 NativeAllocationGcWatermark: 11092357 java_gc_start_bytes: 21373993 kNewNativeDiscountFactor: 2 kOldNativeDiscountFactor: 65536 old_native_bytes: 106352619 new_native_bytes: 22201676 add_bytes_allowed: 33277071 is_gc_concurrent: 1 target_footprint_: 21629995 GetBytesAllocated: 14367022 HeapGrowthMultiplier: 3
12-15 11:04:48.985  3323  4058 I com.miui.home: CheckGCForNative gc_urgency 0.670241 current_native_bytes is 128554295
12-15 11:04:49.085  8540  8540 I wm_on_top_resumed_lost_called: [242622961,fm.qingting.qtradio.WelcomeActivity,topStateChangedWhenResumed]
12-15 11:04:49.086  3323  3323 I wm_on_top_resumed_gained_called: [261361573,com.miui.home.launcher.Launcher,topStateChangedWhenResumed]
12-15 11:04:49.173  8540  8540 I wm_on_idle_called: fm.qingting.qtradio.WelcomeActivity
12-15 11:04:49.205  3323  3527 I com.miui.home: CheckGCForNative adj_start_bytes: 38012528 NativeAllocationGcWatermark: 11092357 java_gc_start_bytes: 21373993 kNewNativeDiscountFactor: 2 kOldNativeDiscountFactor: 65536 old_native_bytes: 106352619 new_native_bytes: 11525756 add_bytes_allowed: 33277071 is_gc_concurrent: 1 target_footprint_: 21629995 GetBytesAllocated: 14466741 HeapGrowthMultiplier: 3
12-15 11:04:49.206  3323  3527 I com.miui.home: CheckGCForNative gc_urgency 0.532226 current_native_bytes is 117878375
12-15 11:04:49.428  3323  3527 I com.miui.home: CheckGCForNative adj_start_bytes: 38012528 NativeAllocationGcWatermark: 11092357 java_gc_start_bytes: 21373993 kNewNativeDiscountFactor: 2 kOldNativeDiscountFactor: 65536 old_native_bytes: 106352619 new_native_bytes: 11546716 add_bytes_allowed: 33277071 is_gc_concurrent: 1 target_footprint_: 21629995 GetBytesAllocated: 14563186 HeapGrowthMultiplier: 3
12-15 11:04:49.428  3323  3527 I com.miui.home: CheckGCForNative gc_urgency 0.535038 current_native_bytes is 117899335
12-15 11:04:49.455  3323  3524 I com.miui.home: CheckGCForNative adj_start_bytes: 38012528 NativeAllocationGcWatermark: 11092357 java_gc_start_bytes: 21373993 kNewNativeDiscountFactor: 2 kOldNativeDiscountFactor: 65536 old_native_bytes: 106352619 new_native_bytes: 22247036 add_bytes_allowed: 33277071 is_gc_concurrent: 1 target_footprint_: 21629995 GetBytesAllocated: 14582621 HeapGrowthMultiplier: 3
12-15 11:04:49.455  3323  3524 I com.miui.home: CheckGCForNative gc_urgency 0.676297 current_native_bytes is 128599655
12-15 11:04:49.455  3323  3524 I com.miui.home: CheckGCForNative adj_start_bytes: 38012528 NativeAllocationGcWatermark: 11092357 java_gc_start_bytes: 21373993 kNewNativeDiscountFactor: 2 kOldNativeDiscountFactor: 65536 old_native_bytes: 106352619 new_native_bytes: 32953980 add_bytes_allowed: 33277071 is_gc_concurrent: 1 target_footprint_: 21629995 GetBytesAllocated: 14602988 HeapGrowthMultiplier: 3
12-15 11:04:49.455  3323  3524 I com.miui.home: CheckGCForNative gc_urgency 0.817667 current_native_bytes is 139306599
12-15 11:04:49.464  3323  4058 I com.miui.home: CheckGCForNative adj_start_bytes: 38012528 NativeAllocationGcWatermark: 11092357 java_gc_start_bytes: 21373993 kNewNativeDiscountFactor: 2 kOldNativeDiscountFactor: 65536 old_native_bytes: 106352619 new_native_bytes: 32953980 add_bytes_allowed: 33277071 is_gc_concurrent: 1 target_footprint_: 21629995 GetBytesAllocated: 14602988 HeapGrowthMultiplier: 3
12-15 11:04:49.464  3323  4058 I com.miui.home: CheckGCForNative gc_urgency 0.817667 current_native_bytes is 139306599
12-15 11:04:49.482  8540  8540 I wm_on_paused_called: [0,242622961,fm.qingting.qtradio.WelcomeActivity,performPause,1]
12-15 11:04:49.720  3323  3769 I com.miui.home: CheckGCForNative adj_start_bytes: 38012528 NativeAllocationGcWatermark: 11092357 java_gc_start_bytes: 21373993 kNewNativeDiscountFactor: 2 kOldNativeDiscountFactor: 65536 old_native_bytes: 106352619 new_native_bytes: 22587992 add_bytes_allowed: 33277071 is_gc_concurrent: 1 target_footprint_: 21629995 GetBytesAllocated: 15089545 HeapGrowthMultiplier: 3
12-15 11:04:49.720  3323  3769 I com.miui.home: CheckGCForNative gc_urgency 0.694118 current_native_bytes is 128940611
12-15 11:04:49.747  3323  3769 I com.miui.home: CheckGCForNative adj_start_bytes: 38012528 NativeAllocationGcWatermark: 11092357 java_gc_start_bytes: 21373993 kNewNativeDiscountFactor: 2 kOldNativeDiscountFactor: 65536 old_native_bytes: 106352619 new_native_bytes: 33346232 add_bytes_allowed: 33277071 is_gc_concurrent: 1 target_footprint_: 21629995 GetBytesAllocated: 15246625 HeapGrowthMultiplier: 3
12-15 11:04:49.747  3323  3769 I com.miui.home: CheckGCForNative gc_urgency 0.839759 current_native_bytes is 139698851
12-15 11:04:49.800  3323  3323 I wm_on_top_resumed_lost_called: [261361573,com.miui.home.launcher.Launcher,topStateChangedWhenResumed]
12-15 11:04:49.817  3323  3323 I wm_on_paused_called: [0,261361573,com.miui.home.launcher.Launcher,performPause,1]
12-15 11:04:49.869  8540  8540 I wm_on_stop_called: [0,242622961,fm.qingting.qtradio.WelcomeActivity,STOP_ACTIVITY_ITEM,5]
12-15 11:04:50.238  8918  8918 I wm_on_application_create_called: [0,com.milink.service,250]
12-15 11:04:50.283  3323  3527 I com.miui.home: CheckGCForNative adj_start_bytes: 38012528 NativeAllocationGcWatermark: 11092357 java_gc_start_bytes: 21373993 kNewNativeDiscountFactor: 2 kOldNativeDiscountFactor: 65536 old_native_bytes: 106352619 new_native_bytes: 23555608 add_bytes_allowed: 33277071 is_gc_concurrent: 1 target_footprint_: 21629995 GetBytesAllocated: 16826373 HeapGrowthMultiplier: 3
12-15 11:04:50.283  3323  3527 I com.miui.home: CheckGCForNative gc_urgency 0.752536 current_native_bytes is 129908227
12-15 11:04:50.605  3323  3527 I com.miui.home: CheckGCForNative adj_start_bytes: 38012528 NativeAllocationGcWatermark: 11092357 java_gc_start_bytes: 21373993 kNewNativeDiscountFactor: 2 kOldNativeDiscountFactor: 65536 old_native_bytes: 106352619 new_native_bytes: 23580504 add_bytes_allowed: 33277071 is_gc_concurrent: 1 target_footprint_: 21629995 GetBytesAllocated: 16920807 HeapGrowthMultiplier: 3
12-15 11:04:50.606  3323  3527 I com.miui.home: CheckGCForNative gc_urgency 0.755348 current_native_bytes is 129933123
12-15 11:04:50.639  3323  3527 I com.miui.home: CheckGCForNative adj_start_bytes: 38012528 NativeAllocationGcWatermark: 11092357 java_gc_start_bytes: 21373993 kNewNativeDiscountFactor: 2 kOldNativeDiscountFactor: 65536 old_native_bytes: 106352619 new_native_bytes: 23581848 add_bytes_allowed: 33277071 is_gc_concurrent: 1 target_footprint_: 21629995 GetBytesAllocated: 16940042 HeapGrowthMultiplier: 3
12-15 11:04:50.639  3323  3527 I com.miui.home: CheckGCForNative gc_urgency 0.755872 current_native_bytes is 129934467
12-15 11:04:50.987  9060  9060 I wm_on_create_called: [0,233402492,com.xunmeng.pinduoduo.ui.activity.MainFrameActivity,performCreate,173]
12-15 11:04:51.366  9145  9145 I wm_on_application_create_called: [0,com.xiaomi.bluetooth,241]
12-15 11:04:51.473  9060  9060 I wm_on_create_called: [0,218672218,com.xunmeng.pinduoduo.ui.activity.HomeActivity,performCreate,226]
12-15 11:04:51.563  9060  9060 I wm_on_start_called: [0,218672218,com.xunmeng.pinduoduo.ui.activity.HomeActivity,handleStartActivity,88]
12-15 11:04:51.571  9060  9060 I wm_on_resume_called: [0,218672218,com.xunmeng.pinduoduo.ui.activity.HomeActivity,RESUME_ACTIVITY,5]
12-15 11:04:51.663  3323  3323 I wm_on_resume_called: [0,261361573,com.miui.home.launcher.Launcher,RESUME_ACTIVITY,15]
12-15 11:04:51.673  3323  3323 I wm_on_idle_called: com.miui.home.launcher.Launcher
12-15 11:04:51.717  9060  9060 I wm_on_top_resumed_gained_called: [218672218,com.xunmeng.pinduoduo.ui.activity.HomeActivity,topStateChangedWhenResumed]
12-15 11:04:51.741  9060  9060 I wm_on_top_resumed_lost_called: [218672218,com.xunmeng.pinduoduo.ui.activity.HomeActivity,topStateChangedWhenResumed]
12-15 11:04:51.751  3323  3323 I wm_on_top_resumed_gained_called: [261361573,com.miui.home.launcher.Launcher,topStateChangedWhenResumed]
12-15 11:04:51.929  3323  3674 I com.miui.home: CheckGCForNative adj_start_bytes: 38012528 NativeAllocationGcWatermark: 11092357 java_gc_start_bytes: 21373993 kNewNativeDiscountFactor: 2 kOldNativeDiscountFactor: 65536 old_native_bytes: 106352619 new_native_bytes: 34756128 add_bytes_allowed: 33277071 is_gc_concurrent: 1 target_footprint_: 21629995 GetBytesAllocated: 18794484 HeapGrowthMultiplier: 3
12-15 11:04:51.930  3323  3674 I com.miui.home: CheckGCForNative gc_urgency 0.951638 current_native_bytes is 141108747
12-15 11:04:51.931  3323  3674 I com.miui.home: CheckGCForNative adj_start_bytes: 38012528 NativeAllocationGcWatermark: 11092357 java_gc_start_bytes: 21373993 kNewNativeDiscountFactor: 2 kOldNativeDiscountFactor: 65536 old_native_bytes: 106352619 new_native_bytes: 45463072 add_bytes_allowed: 33277071 is_gc_concurrent: 1 target_footprint_: 21629995 GetBytesAllocated: 18803838 HeapGrowthMultiplier: 3
12-15 11:04:51.931  3323  3674 I com.miui.home: CheckGCForNative gc_urgency 1.09272 current_native_bytes is 151815691
12-15 11:04:51.934  3323  3674 I com.miui.home: CheckGCForNative requested 1
12-15 11:04:51.937  3323  3527 I com.miui.home: CheckGCForNative adj_start_bytes: 38012528 NativeAllocationGcWatermark: 11092357 java_gc_start_bytes: 21373993 kNewNativeDiscountFactor: 2 kOldNativeDiscountFactor: 65536 old_native_bytes: 106352619 new_native_bytes: 34757568 add_bytes_allowed: 33277071 is_gc_concurrent: 1 target_footprint_: 21629995 GetBytesAllocated: 18819104 HeapGrowthMultiplier: 3
12-15 11:04:51.937  3323  3527 I com.miui.home: CheckGCForNative gc_urgency 0.952305 current_native_bytes is 141110187
12-15 11:04:51.943  3323  3674 I com.miui.home: CheckGCForNative adj_start_bytes: 38012528 NativeAllocationGcWatermark: 11092357 java_gc_start_bytes: 21373993 kNewNativeDiscountFactor: 2 kOldNativeDiscountFactor: 65536 old_native_bytes: 106352619 new_native_bytes: 45515360 add_bytes_allowed: 33277071 is_gc_concurrent: 1 target_footprint_: 21629995 GetBytesAllocated: 18846968 HeapGrowthMultiplier: 3
12-15 11:04:51.943  3323  3674 I com.miui.home: CheckGCForNative gc_urgency 1.09454 current_native_bytes is 151867979
12-15 11:04:51.943  3323  3674 I com.miui.home: CheckGCForNative requested 1
12-15 11:04:52.028  3323  3527 I com.miui.home: CheckGCForNative adj_start_bytes: 38012528 NativeAllocationGcWatermark: 11092357 java_gc_start_bytes: 21373993 kNewNativeDiscountFactor: 2 kOldNativeDiscountFactor: 65536 old_native_bytes: 106352619 new_native_bytes: 34923264 add_bytes_allowed: 33277071 is_gc_concurrent: 1 target_footprint_: 21629995 GetBytesAllocated: 19447680 HeapGrowthMultiplier: 3
12-15 11:04:52.028  3323  3527 I com.miui.home: CheckGCForNative gc_urgency 0.97102 current_native_bytes is 141275883
12-15 11:04:52.235  3323  3373 I com.miui.home: NativeAlloc concurrent copying GC freed 181123(8198KB) AllocSpace objects, 8(416KB) LOS objects, 49% free, 10MB/20MB, paused 204us,71us total 303.623ms
12-15 11:04:52.250  3323  3527 I com.miui.home: CheckGCForNative gc_urgency 0 current_native_bytes is 130318463
12-15 11:04:52.405  3323  3674 I com.miui.home: CheckGCForNative adj_start_bytes: 37617345 NativeAllocationGcWatermark: 11078999 java_gc_start_bytes: 20998847 kNewNativeDiscountFactor: 2 kOldNativeDiscountFactor: 65536 old_native_bytes: 130318463 new_native_bytes: 18925076 add_bytes_allowed: 33236997 is_gc_concurrent: 1 target_footprint_: 21523135 GetBytesAllocated: 10922491 HeapGrowthMultiplier: 3
12-15 11:04:52.405  3323  3674 I com.miui.home: CheckGCForNative gc_urgency 0.541958 current_native_bytes is 149243539
12-15 11:04:52.405  3323  3524 I com.miui.home: CheckGCForNative adj_start_bytes: 37617345 NativeAllocationGcWatermark: 11078999 java_gc_start_bytes: 20998847 kNewNativeDiscountFactor: 2 kOldNativeDiscountFactor: 65536 old_native_bytes: 130318463 new_native_bytes: 8218516 add_bytes_allowed: 33236997 is_gc_concurrent: 1 target_footprint_: 21523135 GetBytesAllocated: 10922491 HeapGrowthMultiplier: 3
12-15 11:04:52.405  3323  3524 I com.miui.home: CheckGCForNative gc_urgency 0.399654 current_native_bytes is 138536979
12-15 11:04:52.405  3323  3524 I com.miui.home: CheckGCForNative adj_start_bytes: 37617345 NativeAllocationGcWatermark: 11078999 java_gc_start_bytes: 20998847 kNewNativeDiscountFactor: 2 kOldNativeDiscountFactor: 65536 old_native_bytes: 130318463 new_native_bytes: 40339284 add_bytes_allowed: 33236997 is_gc_concurrent: 1 target_footprint_: 21523135 GetBytesAllocated: 10922875 HeapGrowthMultiplier: 3
12-15 11:04:52.405  3323  3524 I com.miui.home: CheckGCForNative gc_urgency 0.8266 current_native_bytes is 170657747
12-15 11:04:52.405  3323  3323 I com.miui.home: CheckGCForNative adj_start_bytes: 37617345 NativeAllocationGcWatermark: 11078999 java_gc_start_bytes: 20998847 kNewNativeDiscountFactor: 2 kOldNativeDiscountFactor: 65536 old_native_bytes: 130318463 new_native_bytes: 40339284 add_bytes_allowed: 33236997 is_gc_concurrent: 1 target_footprint_: 21523135 GetBytesAllocated: 10922875 HeapGrowthMultiplier: 3
12-15 11:04:52.406  3323  3323 I com.miui.home: CheckGCForNative gc_urgency 0.8266 current_native_bytes is 170657747
12-15 11:04:52.666  3323  3323 I wm_on_top_resumed_lost_called: [261361573,com.miui.home.launcher.Launcher,topStateChangedWhenResumed]
12-15 11:04:52.880  3323  3769 I com.miui.home: CheckGCForNative adj_start_bytes: 37617345 NativeAllocationGcWatermark: 11078999 java_gc_start_bytes: 20998847 kNewNativeDiscountFactor: 2 kOldNativeDiscountFactor: 65536 old_native_bytes: 130318463 new_native_bytes: 30491912 add_bytes_allowed: 33236997 is_gc_concurrent: 1 target_footprint_: 21523135 GetBytesAllocated: 11974088 HeapGrowthMultiplier: 3
12-15 11:04:52.880  3323  3769 I com.miui.home: CheckGCForNative gc_urgency 0.723656 current_native_bytes is 160810375
12-15 11:04:52.924  3323  3323 I wm_on_paused_called: [0,261361573,com.miui.home.launcher.Launcher,performPause,1]
12-15 11:04:53.075  3323  3769 I com.miui.home: CheckGCForNative adj_start_bytes: 37617345 NativeAllocationGcWatermark: 11078999 java_gc_start_bytes: 20998847 kNewNativeDiscountFactor: 2 kOldNativeDiscountFactor: 65536 old_native_bytes: 130318463 new_native_bytes: 19786932 add_bytes_allowed: 33236997 is_gc_concurrent: 1 target_footprint_: 21523135 GetBytesAllocated: 12383354 HeapGrowthMultiplier: 3
12-15 11:04:53.075  3323  3769 I com.miui.home: CheckGCForNative gc_urgency 0.592248 current_native_bytes is 150105395
12-15 11:04:53.155  9321  9321 I wm_on_application_create_called: [0,com.xiaomi.account,326]
12-15 11:04:53.228  3323  3527 I com.miui.home: CheckGCForNative adj_start_bytes: 37617345 NativeAllocationGcWatermark: 11078999 java_gc_start_bytes: 20998847 kNewNativeDiscountFactor: 2 kOldNativeDiscountFactor: 65536 old_native_bytes: 130318463 new_native_bytes: 20514164 add_bytes_allowed: 33236997 is_gc_concurrent: 1 target_footprint_: 21523135 GetBytesAllocated: 12809425 HeapGrowthMultiplier: 3
12-15 11:04:53.228  3323  3527 I com.miui.home: CheckGCForNative gc_urgency 0.613241 current_native_bytes is 150832627
12-15 11:04:53.383  3323  3527 I com.miui.home: CheckGCForNative adj_start_bytes: 37617345 NativeAllocationGcWatermark: 11078999 java_gc_start_bytes: 20998847 kNewNativeDiscountFactor: 2 kOldNativeDiscountFactor: 65536 old_native_bytes: 130318463 new_native_bytes: 20651112 add_bytes_allowed: 33236997 is_gc_concurrent: 1 target_footprint_: 21523135 GetBytesAllocated: 13185974 HeapGrowthMultiplier: 3
12-15 11:04:53.383  3323  3527 I com.miui.home: CheckGCForNative gc_urgency 0.625071 current_native_bytes is 150969575
12-15 11:04:53.542  8078  8078 I wm_on_paused_called: [0,190033725,com.tencent.qqlive.ona.activity.SplashHomeActivity,performPause,634]
12-15 11:04:53.741  8078  8078 I wm_on_stop_called: [0,190033725,com.tencent.qqlive.ona.activity.SplashHomeActivity,STOP_ACTIVITY_ITEM,165]
12-15 11:04:54.303  3323  3323 I wm_on_resume_called: [0,261361573,com.miui.home.launcher.Launcher,RESUME_ACTIVITY,5]
12-15 11:04:54.309  3323  3498 I com.miui.home: CheckGCForNative adj_start_bytes: 37617345 NativeAllocationGcWatermark: 11078999 java_gc_start_bytes: 20998847 kNewNativeDiscountFactor: 2 kOldNativeDiscountFactor: 65536 old_native_bytes: 130318463 new_native_bytes: 20682432 add_bytes_allowed: 33236997 is_gc_concurrent: 1 target_footprint_: 21523135 GetBytesAllocated: 14073438 HeapGrowthMultiplier: 3
12-15 11:04:54.310  3323  3498 I com.miui.home: CheckGCForNative gc_urgency 0.649079 current_native_bytes is 151000895
12-15 11:04:54.317  3323  3323 I com.miui.home: CheckGCForNative adj_start_bytes: 37617345 NativeAllocationGcWatermark: 11078999 java_gc_start_bytes: 20998847 kNewNativeDiscountFactor: 2 kOldNativeDiscountFactor: 65536 old_native_bytes: 130318463 new_native_bytes: 20757412 add_bytes_allowed: 33236997 is_gc_concurrent: 1 target_footprint_: 21523135 GetBytesAllocated: 14616345 HeapGrowthMultiplier: 3
12-15 11:04:54.317  3323  3323 I com.miui.home: CheckGCForNative gc_urgency 0.664508 current_native_bytes is 151075875
12-15 11:04:54.319  3323  3323 I wm_on_idle_called: com.miui.home.launcher.Launcher
12-15 11:04:54.496  9492  9492 I wm_on_application_create_called: [0,com.smile.gifmaker,779]
12-15 11:04:54.809  3323  4058 I com.miui.home: CheckGCForNative adj_start_bytes: 37617345 NativeAllocationGcWatermark: 11078999 java_gc_start_bytes: 20998847 kNewNativeDiscountFactor: 2 kOldNativeDiscountFactor: 65536 old_native_bytes: 130318463 new_native_bytes: 31471436 add_bytes_allowed: 33236997 is_gc_concurrent: 1 target_footprint_: 21523135 GetBytesAllocated: 14809486 HeapGrowthMultiplier: 3
12-15 11:04:54.809  3323  4058 I com.miui.home: CheckGCForNative gc_urgency 0.812051 current_native_bytes is 161789899
12-15 11:04:54.810  3323  4058 I com.miui.home: CheckGCForNative adj_start_bytes: 37617345 NativeAllocationGcWatermark: 11078999 java_gc_start_bytes: 20998847 kNewNativeDiscountFactor: 2 kOldNativeDiscountFactor: 65536 old_native_bytes: 130318463 new_native_bytes: 42178380 add_bytes_allowed: 33236997 is_gc_concurrent: 1 target_footprint_: 21523135 GetBytesAllocated: 14812066 HeapGrowthMultiplier: 3
12-15 11:04:54.810  3323  4058 I com.miui.home: CheckGCForNative gc_urgency 0.954433 current_native_bytes is 172496843
12-15 11:04:54.842  3323  3323 I wm_on_top_resumed_gained_called: [261361573,com.miui.home.launcher.Launcher,topStateChangedWhenResumed]
12-15 11:04:54.844  3323  3857 I com.miui.home: CheckGCForNative adj_start_bytes: 37617345 NativeAllocationGcWatermark: 11078999 java_gc_start_bytes: 20998847 kNewNativeDiscountFactor: 2 kOldNativeDiscountFactor: 65536 old_native_bytes: 130318463 new_native_bytes: 42286940 add_bytes_allowed: 33236997 is_gc_concurrent: 1 target_footprint_: 21523135 GetBytesAllocated: 14854383 HeapGrowthMultiplier: 3
12-15 11:04:54.844  3323  3857 I com.miui.home: CheckGCForNative gc_urgency 0.957001 current_native_bytes is 172605403
12-15 11:04:54.956  9529  9529 I wm_on_application_create_called: [0,com.android.settings,451]
12-15 11:04:55.039  3323  3527 I com.miui.home: CheckGCForNative adj_start_bytes: 37617345 NativeAllocationGcWatermark: 11078999 java_gc_start_bytes: 20998847 kNewNativeDiscountFactor: 2 kOldNativeDiscountFactor: 65536 old_native_bytes: 130318463 new_native_bytes: 31597692 add_bytes_allowed: 33236997 is_gc_concurrent: 1 target_footprint_: 21523135 GetBytesAllocated: 14933076 HeapGrowthMultiplier: 3
12-15 11:04:55.039  3323  3527 I com.miui.home: CheckGCForNative gc_urgency 0.817014 current_native_bytes is 161916155
12-15 11:04:55.247  9492  9492 I wm_on_create_called: [0,9226374,com.yxcorp.gifshow.HomeActivity,performCreate,728]
12-15 11:04:55.291  3323  3524 I com.miui.home: CheckGCForNative adj_start_bytes: 37617345 NativeAllocationGcWatermark: 11078999 java_gc_start_bytes: 20998847 kNewNativeDiscountFactor: 2 kOldNativeDiscountFactor: 65536 old_native_bytes: 130318463 new_native_bytes: 42283884 add_bytes_allowed: 33236997 is_gc_concurrent: 1 target_footprint_: 21523135 GetBytesAllocated: 15039509 HeapGrowthMultiplier: 3
12-15 11:04:55.291  3323  3524 I com.miui.home: CheckGCForNative gc_urgency 0.961882 current_native_bytes is 172602347
12-15 11:04:55.291  3323  3560 I com.miui.home: CheckGCForNative adj_start_bytes: 37617345 NativeAllocationGcWatermark: 11078999 java_gc_start_bytes: 20998847 kNewNativeDiscountFactor: 2 kOldNativeDiscountFactor: 65536 old_native_bytes: 130318463 new_native_bytes: 52989804 add_bytes_allowed: 33236997 is_gc_concurrent: 1 target_footprint_: 21523135 GetBytesAllocated: 15039701 HeapGrowthMultiplier: 3
12-15 11:04:55.291  3323  3560 I com.miui.home: CheckGCForNative gc_urgency 1.10419 current_native_bytes is 183308267
12-15 11:04:55.291  3323  3560 I com.miui.home: CheckGCForNative requested 1
12-15 11:04:55.292  3323  3323 I com.miui.home: CheckGCForNative adj_start_bytes: 37617345 NativeAllocationGcWatermark: 11078999 java_gc_start_bytes: 20998847 kNewNativeDiscountFactor: 2 kOldNativeDiscountFactor: 65536 old_native_bytes: 130318463 new_native_bytes: 63696108 add_bytes_allowed: 33236997 is_gc_concurrent: 1 target_footprint_: 21523135 GetBytesAllocated: 15061460 HeapGrowthMultiplier: 3
12-15 11:04:55.292  3323  3323 I com.miui.home: CheckGCForNative gc_urgency 1.24707 current_native_bytes is 194014571
12-15 11:04:55.292  3323  3323 I com.miui.home: CheckGCForNative requested 1
12-15 11:04:55.297  3323  3524 I com.miui.home: CheckGCForNative adj_start_bytes: 37617345 NativeAllocationGcWatermark: 11078999 java_gc_start_bytes: 20998847 kNewNativeDiscountFactor: 2 kOldNativeDiscountFactor: 65536 old_native_bytes: 130318463 new_native_bytes: 74402860 add_bytes_allowed: 33236997 is_gc_concurrent: 1 target_footprint_: 21523135 GetBytesAllocated: 15061460 HeapGrowthMultiplier: 3
12-15 11:04:55.297  3323  3524 I com.miui.home: CheckGCForNative gc_urgency 1.38938 current_native_bytes is 204721323
12-15 11:04:55.297  3323  3524 I com.miui.home: CheckGCForNative requested 1
12-15 11:04:55.582  9492  9492 I wm_on_start_called: [0,9226374,com.yxcorp.gifshow.HomeActivity,handleStartActivity,310]
12-15 11:04:55.710  3323  3373 I com.miui.home: NativeAlloc concurrent copying GC freed 90989(4107KB) AllocSpace objects, 6(240KB) LOS objects, 50% free, 10MB/20MB, paused 592us,71us total 417.620ms
12-15 11:04:55.757  3323  3323 I wm_on_top_resumed_lost_called: [261361573,com.miui.home.launcher.Launcher,topStateChangedWhenResumed]
12-15 11:04:55.849  3323  3323 I wm_on_paused_called: [0,261361573,com.miui.home.launcher.Launcher,performPause,1]
12-15 11:04:55.960  3323  3769 I com.miui.home: CheckGCForNative gc_urgency 0 current_native_bytes is 129038307
12-15 11:04:55.964  3323  3769 I com.miui.home: CheckGCForNative adj_start_bytes: 38102337 NativeAllocationGcWatermark: 11103432 java_gc_start_bytes: 21447189 kNewNativeDiscountFactor: 2 kOldNativeDiscountFactor: 65536 old_native_bytes: 129038307 new_native_bytes: 7804 add_bytes_allowed: 33310296 is_gc_concurrent: 1 target_footprint_: 21718597 GetBytesAllocated: 11582972 HeapGrowthMultiplier: 3
12-15 11:04:55.964  3323  3769 I com.miui.home: CheckGCForNative gc_urgency 0.30415 current_native_bytes is 129046111
12-15 11:04:56.027  3323  3769 I com.miui.home: CheckGCForNative adj_start_bytes: 38102337 NativeAllocationGcWatermark: 11103432 java_gc_start_bytes: 21447189 kNewNativeDiscountFactor: 2 kOldNativeDiscountFactor: 65536 old_native_bytes: 129038307 new_native_bytes: 11103300 add_bytes_allowed: 33310296 is_gc_concurrent: 1 target_footprint_: 21718597 GetBytesAllocated: 11962887 HeapGrowthMultiplier: 3
12-15 11:04:56.027  3323  3769 I com.miui.home: CheckGCForNative gc_urgency 0.459723 current_native_bytes is 140141607
12-15 11:04:56.043  9492  9492 I wm_on_resume_called: [0,9226374,com.yxcorp.gifshow.HomeActivity,RESUME_ACTIVITY,345]
12-15 11:04:56.150  3323  3527 I com.miui.home: CheckGCForNative adj_start_bytes: 38102337 NativeAllocationGcWatermark: 11103432 java_gc_start_bytes: 21447189 kNewNativeDiscountFactor: 2 kOldNativeDiscountFactor: 65536 old_native_bytes: 129038307 new_native_bytes: 684216 add_bytes_allowed: 33310296 is_gc_concurrent: 1 target_footprint_: 21718597 GetBytesAllocated: 12581725 HeapGrowthMultiplier: 3
12-15 11:04:56.151  3323  3527 I com.miui.home: CheckGCForNative gc_urgency 0.339239 current_native_bytes is 129722523
12-15 11:04:56.995 10083 10083 I wm_on_application_create_called: [0,com.xiaomi.mi_connect_service,249]
12-15 11:04:57.130  3323  3323 I com.miui.home: CheckGCForNative adj_start_bytes: 38102337 NativeAllocationGcWatermark: 11103432 java_gc_start_bytes: 21447189 kNewNativeDiscountFactor: 2 kOldNativeDiscountFactor: 65536 old_native_bytes: 129038307 new_native_bytes: 488908 add_bytes_allowed: 33310296 is_gc_concurrent: 1 target_footprint_: 21718597 GetBytesAllocated: 13128102 HeapGrowthMultiplier: 3
12-15 11:04:57.130  3323  3323 I com.miui.home: CheckGCForNative gc_urgency 0.351016 current_native_bytes is 129527215
12-15 11:04:57.130  3323  3323 I com.miui.home: CheckGCForNative adj_start_bytes: 38102337 NativeAllocationGcWatermark: 11103432 java_gc_start_bytes: 21447189 kNewNativeDiscountFactor: 2 kOldNativeDiscountFactor: 65536 old_native_bytes: 129038307 new_native_bytes: 492276 add_bytes_allowed: 33310296 is_gc_concurrent: 1 target_footprint_: 21718597 GetBytesAllocated: 13131627 HeapGrowthMultiplier: 3
12-15 11:04:57.130  3323  3323 I com.miui.home: CheckGCForNative gc_urgency 0.351153 current_native_bytes is 129530583
12-15 11:04:57.140  3323  3323 I wm_on_resume_called: [0,261361573,com.miui.home.launcher.Launcher,RESUME_ACTIVITY,4]
12-15 11:04:57.152  3323  3323 I wm_on_idle_called: com.miui.home.launcher.Launcher
12-15 11:04:57.345  3323  4058 I com.miui.home: CheckGCForNative adj_start_bytes: 38102337 NativeAllocationGcWatermark: 11103432 java_gc_start_bytes: 21447189 kNewNativeDiscountFactor: 2 kOldNativeDiscountFactor: 65536 old_native_bytes: 129038307 new_native_bytes: 11391316 add_bytes_allowed: 33310296 is_gc_concurrent: 1 target_footprint_: 21718597 GetBytesAllocated: 14049234 HeapGrowthMultiplier: 3
12-15 11:04:57.345  3323  4058 I com.miui.home: CheckGCForNative gc_urgency 0.518259 current_native_bytes is 140429623
12-15 11:04:57.345  3323  4058 I com.miui.home: CheckGCForNative adj_start_bytes: 38102337 NativeAllocationGcWatermark: 11103432 java_gc_start_bytes: 21447189 kNewNativeDiscountFactor: 2 kOldNativeDiscountFactor: 65536 old_native_bytes: 129038307 new_native_bytes: 22098260 add_bytes_allowed: 33310296 is_gc_concurrent: 1 target_footprint_: 21718597 GetBytesAllocated: 14058157 HeapGrowthMultiplier: 3
12-15 11:04:57.346  3323  4058 I com.miui.home: CheckGCForNative gc_urgency 0.658995 current_native_bytes is 151136567
12-15 11:04:57.371  3323  4058 I com.miui.home: CheckGCForNative adj_start_bytes: 38102337 NativeAllocationGcWatermark: 11103432 java_gc_start_bytes: 21447189 kNewNativeDiscountFactor: 2 kOldNativeDiscountFactor: 65536 old_native_bytes: 129038307 new_native_bytes: 22206276 add_bytes_allowed: 33310296 is_gc_concurrent: 1 target_footprint_: 21718597 GetBytesAllocated: 14092866 HeapGrowthMultiplier: 3
12-15 11:04:57.371  3323  4058 I com.miui.home: CheckGCForNative gc_urgency 0.661324 current_native_bytes is 151244583
12-15 11:04:57.418 10007 10007 I wm_on_application_create_called: [0,com.autonavi.minimap,1113]
12-15 11:04:57.572  3323  3527 I com.miui.home: CheckGCForNative adj_start_bytes: 38102337 NativeAllocationGcWatermark: 11103432 java_gc_start_bytes: 21447189 kNewNativeDiscountFactor: 2 kOldNativeDiscountFactor: 65536 old_native_bytes: 129038307 new_native_bytes: 11518340 add_bytes_allowed: 33310296 is_gc_concurrent: 1 target_footprint_: 21718597 GetBytesAllocated: 14170091 HeapGrowthMultiplier: 3
12-15 11:04:57.572  3323  3527 I com.miui.home: CheckGCForNative gc_urgency 0.523107 current_native_bytes is 140556647
12-15 11:04:57.619  3323  3323 I wm_on_top_resumed_gained_called: [261361573,com.miui.home.launcher.Launcher,topStateChangedWhenResumed]
12-15 11:04:57.767 10007 10007 I wm_on_create_called: [0,219206682,com.autonavi.map.activity.SplashActivity,performCreate,311]
12-15 11:04:57.806  3323  3646 I com.miui.home: CheckGCForNative adj_start_bytes: 38102337 NativeAllocationGcWatermark: 11103432 java_gc_start_bytes: 21447189 kNewNativeDiscountFactor: 2 kOldNativeDiscountFactor: 65536 old_native_bytes: 129038307 new_native_bytes: 11582468 add_bytes_allowed: 33310296 is_gc_concurrent: 1 target_footprint_: 21718597 GetBytesAllocated: 14287768 HeapGrowthMultiplier: 3
12-15 11:04:57.807  3323  3646 I com.miui.home: CheckGCForNative gc_urgency 0.527027 current_native_bytes is 140620775
12-15 11:04:57.825  3323  3524 I com.miui.home: CheckGCForNative adj_start_bytes: 38102337 NativeAllocationGcWatermark: 11103432 java_gc_start_bytes: 21447189 kNewNativeDiscountFactor: 2 kOldNativeDiscountFactor: 65536 old_native_bytes: 129038307 new_native_bytes: 22275908 add_bytes_allowed: 33310296 is_gc_concurrent: 1 target_footprint_: 21718597 GetBytesAllocated: 14287768 HeapGrowthMultiplier: 3
12-15 11:04:57.825  3323  3524 I com.miui.home: CheckGCForNative gc_urgency 0.667352 current_native_bytes is 151314215
12-15 11:04:57.825  3323  3524 I com.miui.home: CheckGCForNative adj_start_bytes: 38102337 NativeAllocationGcWatermark: 11103432 java_gc_start_bytes: 21447189 kNewNativeDiscountFactor: 2 kOldNativeDiscountFactor: 65536 old_native_bytes: 129038307 new_native_bytes: 32981924 add_bytes_allowed: 33310296 is_gc_concurrent: 1 target_footprint_: 21718597 GetBytesAllocated: 14297918 HeapGrowthMultiplier: 3
12-15 11:04:57.825  3323  3524 I com.miui.home: CheckGCForNative gc_urgency 0.808109 current_native_bytes is 162020231
12-15 11:04:57.825  3323  3378 I com.miui.home: CheckGCForNative adj_start_bytes: 38102337 NativeAllocationGcWatermark: 11103432 java_gc_start_bytes: 21447189 kNewNativeDiscountFactor: 2 kOldNativeDiscountFactor: 65536 old_native_bytes: 129038307 new_native_bytes: 32981924 add_bytes_allowed: 33310296 is_gc_concurrent: 1 target_footprint_: 21718597 GetBytesAllocated: 14297918 HeapGrowthMultiplier: 3
12-15 11:04:57.825  3323  3378 I com.miui.home: CheckGCForNative gc_urgency 0.808109 current_native_bytes is 162020231
12-15 11:04:57.852 10007 10007 I wm_on_destroy_called: [0,219206682,com.autonavi.map.activity.SplashActivity,performDestroy,3]
12-15 11:04:57.921 10159 10159 I wm_on_application_create_called: [0,com.autonavi.minimap,1177]
12-15 11:04:58.029  3323  3769 I com.miui.home: CheckGCForNative adj_start_bytes: 38102337 NativeAllocationGcWatermark: 11103432 java_gc_start_bytes: 21447189 kNewNativeDiscountFactor: 2 kOldNativeDiscountFactor: 65536 old_native_bytes: 129038307 new_native_bytes: 22525608 add_bytes_allowed: 33310296 is_gc_concurrent: 1 target_footprint_: 21718597 GetBytesAllocated: 15025465 HeapGrowthMultiplier: 3
12-15 11:04:58.029  3323  3769 I com.miui.home: CheckGCForNative gc_urgency 0.68999 current_native_bytes is 151563915
12-15 11:04:58.062  3323  3769 I com.miui.home: CheckGCForNative adj_start_bytes: 38102337 NativeAllocationGcWatermark: 11103432 java_gc_start_bytes: 21447189 kNewNativeDiscountFactor: 2 kOldNativeDiscountFactor: 65536 old_native_bytes: 129038307 new_native_bytes: 33232776 add_bytes_allowed: 33310296 is_gc_concurrent: 1 target_footprint_: 21718597 GetBytesAllocated: 15041849 HeapGrowthMultiplier: 3
12-15 11:04:58.062  3323  3769 I com.miui.home: CheckGCForNative gc_urgency 0.830926 current_native_bytes is 162271083
12-15 11:04:58.066  3323  3323 I wm_on_top_resumed_lost_called: [261361573,com.miui.home.launcher.Launcher,topStateChangedWhenResumed]
12-15 11:04:58.069  3323  3323 I wm_on_paused_called: [0,261361573,com.miui.home.launcher.Launcher,performPause,1]
12-15 11:04:58.319  6229  6229 I wm_on_create_called: [0,122083961,com.tencent.mobileqq.activity.SplashActivity,performCreate,151]
12-15 11:04:58.329  6229  6229 I wm_on_start_called: [0,122083961,com.tencent.mobileqq.activity.SplashActivity,handleStartActivity,9]
12-15 11:04:58.370  6229  6229 I wm_on_resume_called: [0,122083961,com.tencent.mobileqq.activity.SplashActivity,RESUME_ACTIVITY,39]
12-15 11:04:58.383  3323  3527 I com.miui.home: CheckGCForNative adj_start_bytes: 38102337 NativeAllocationGcWatermark: 11103432 java_gc_start_bytes: 21447189 kNewNativeDiscountFactor: 2 kOldNativeDiscountFactor: 65536 old_native_bytes: 129038307 new_native_bytes: 23239536 add_bytes_allowed: 33310296 is_gc_concurrent: 1 target_footprint_: 21718597 GetBytesAllocated: 16462659 HeapGrowthMultiplier: 3
12-15 11:04:58.383  3323  3527 I com.miui.home: CheckGCForNative gc_urgency 0.737078 current_native_bytes is 152277843
12-15 11:04:58.446  6229  6229 I wm_on_top_resumed_gained_called: [122083961,com.tencent.mobileqq.activity.SplashActivity,topStateChangedWhenResumed]
12-15 11:04:58.662  6229  6229 I wm_on_idle_called: com.tencent.mobileqq.activity.SplashActivity
12-15 11:04:58.706  3323  3527 I com.miui.home: CheckGCForNative adj_start_bytes: 38102337 NativeAllocationGcWatermark: 11103432 java_gc_start_bytes: 21447189 kNewNativeDiscountFactor: 2 kOldNativeDiscountFactor: 65536 old_native_bytes: 129038307 new_native_bytes: 23311672 add_bytes_allowed: 33310296 is_gc_concurrent: 1 target_footprint_: 21718597 GetBytesAllocated: 16735132 HeapGrowthMultiplier: 3
12-15 11:04:58.706  3323  3527 I com.miui.home: CheckGCForNative gc_urgency 0.745176 current_native_bytes is 152349979
12-15 11:04:58.728  3323  3527 I com.miui.home: CheckGCForNative adj_start_bytes: 38102337 NativeAllocationGcWatermark: 11103432 java_gc_start_bytes: 21447189 kNewNativeDiscountFactor: 2 kOldNativeDiscountFactor: 65536 old_native_bytes: 129038307 new_native_bytes: 23312696 add_bytes_allowed: 33310296 is_gc_concurrent: 1 target_footprint_: 21718597 GetBytesAllocated: 16735164 HeapGrowthMultiplier: 3
12-15 11:04:58.728  3323  3527 I com.miui.home: CheckGCForNative gc_urgency 0.74519 current_native_bytes is 152351003
12-15 11:04:58.805  6229  6229 I wm_on_top_resumed_lost_called: [122083961,com.tencent.mobileqq.activity.SplashActivity,topStateChangedWhenResumed]
12-15 11:04:58.816  6229  6229 I wm_on_paused_called: [0,122083961,com.tencent.mobileqq.activity.SplashActivity,performPause,6]
12-15 11:04:58.955  6229  6229 I wm_on_create_called: [0,209965532,com.tencent.mobileqq.activity.LoginActivity,performCreate,68]
12-15 11:04:58.989  6229  6229 I wm_on_start_called: [0,209965532,com.tencent.mobileqq.activity.LoginActivity,handleStartActivity,33]
12-15 11:04:58.995  6229  6229 I wm_on_resume_called: [0,209965532,com.tencent.mobileqq.activity.LoginActivity,RESUME_ACTIVITY,5]
12-15 11:04:59.005  6229  6229 I wm_on_top_resumed_gained_called: [209965532,com.tencent.mobileqq.activity.LoginActivity,topStateChangedWhenResumed]
12-15 11:04:59.085  6229  6229 I wm_on_idle_called: com.tencent.mobileqq.activity.LoginActivity
