12-14 18:38:23.200 22155 22155 I wm_on_top_resumed_lost_called: [185468407,com.miui.home.launcher.Launcher,topStateChangedWhenResumed]
12-14 18:38:23.204 22155 22155 I wm_on_paused_called: [0,185468407,com.miui.home.launcher.Launcher,performPause,1]
12-14 18:38:23.439 22155 22229 I com.miui.home: CheckGCForNative adj_start_bytes: 40350472 NativeAllocationGcWatermark: 11336475 java_gc_start_bytes: 23345760 kNewNativeDiscountFactor: 2 kOldNativeDiscountFactor: 65536 old_native_bytes: 139572655 new_native_bytes: 2813744 add_bytes_allowed: 34009425 is_gc_concurrent: 1 target_footprint_: 23582937 GetBytesAllocated: 15715899 HeapGrowthMultiplier: 3
12-14 18:38:23.439 22155 22229 I com.miui.home: CheckGCForNative gc_urgency 0.424404 current_native_bytes is 142386399
12-14 18:38:23.661 22155 22229 I com.miui.home: CheckGCForNative adj_start_bytes: 40350472 NativeAllocationGcWatermark: 11336475 java_gc_start_bytes: 23345760 kNewNativeDiscountFactor: 2 kOldNativeDiscountFactor: 65536 old_native_bytes: 139572655 new_native_bytes: 2832688 add_bytes_allowed: 34009425 is_gc_concurrent: 1 target_footprint_: 23582937 GetBytesAllocated: 15800535 HeapGrowthMultiplier: 3
12-14 18:38:23.661 22155 22229 I com.miui.home: CheckGCForNative gc_urgency 0.426736 current_native_bytes is 142405343
12-14 18:38:23.795 22155 22229 I com.miui.home: CheckGCForNative adj_start_bytes: 40350472 NativeAllocationGcWatermark: 11336475 java_gc_start_bytes: 23345760 kNewNativeDiscountFactor: 2 kOldNativeDiscountFactor: 65536 old_native_bytes: 139572655 new_native_bytes: 2844464 add_bytes_allowed: 34009425 is_gc_concurrent: 1 target_footprint_: 23582937 GetBytesAllocated: 15834600 HeapGrowthMultiplier: 3
12-14 18:38:23.795 22155 22229 I com.miui.home: CheckGCForNative gc_urgency 0.427726 current_native_bytes is 142417119
12-14 18:38:24.244 28695 28695 I wm_on_create_called: [0,29413967,com.tencent.qqlive.ona.activity.SplashHomeActivity,performCreate,131]
12-14 18:38:24.373 28695 28695 I wm_on_start_called: [0,29413967,com.tencent.qqlive.ona.activity.SplashHomeActivity,handleStartActivity,130]
12-14 18:38:24.404 14041 14041 I wm_on_destroy_called: [0,53656370,com.tencent.mm.ui.LauncherUI,performDestroy,122]
12-14 18:38:24.457 28695 28695 I wm_on_resume_called: [0,29413967,com.tencent.qqlive.ona.activity.SplashHomeActivity,RESUME_ACTIVITY,81]
12-14 18:38:24.482 14041 14041 I wm_on_destroy_called: [0,73671922,com.tencent.mm.plugin.account.ui.WelcomeActivity,performDestroy,29]
12-14 18:38:24.614 22155 22155 I wm_on_resume_called: [0,185468407,com.miui.home.launcher.Launcher,RESUME_ACTIVITY,5]
12-14 18:38:24.621 22155 22155 I wm_on_idle_called: com.miui.home.launcher.Launcher
12-14 18:38:24.742 22155 25715 I com.miui.home: CheckGCForNative adj_start_bytes: 40350472 NativeAllocationGcWatermark: 11336475 java_gc_start_bytes: 23345760 kNewNativeDiscountFactor: 2 kOldNativeDiscountFactor: 65536 old_native_bytes: 139572655 new_native_bytes: 11928236 add_bytes_allowed: 34009425 is_gc_concurrent: 1 target_footprint_: 23582937 GetBytesAllocated: 16983645 HeapGrowthMultiplier: 3
12-14 18:38:24.742 22155 25715 I com.miui.home: CheckGCForNative gc_urgency 0.568764 current_native_bytes is 151500891
12-14 18:38:24.742 22155 25715 I com.miui.home: CheckGCForNative adj_start_bytes: 40350472 NativeAllocationGcWatermark: 11336475 java_gc_start_bytes: 23345760 kNewNativeDiscountFactor: 2 kOldNativeDiscountFactor: 65536 old_native_bytes: 139572655 new_native_bytes: 22635372 add_bytes_allowed: 34009425 is_gc_concurrent: 1 target_footprint_: 23582937 GetBytesAllocated: 16993585 HeapGrowthMultiplier: 3
12-14 18:38:24.742 22155 25715 I com.miui.home: CheckGCForNative gc_urgency 0.701687 current_native_bytes is 162208027
12-14 18:38:24.759 22155 26876 I com.miui.home: CheckGCForNative adj_start_bytes: 40350472 NativeAllocationGcWatermark: 11336475 java_gc_start_bytes: 23345760 kNewNativeDiscountFactor: 2 kOldNativeDiscountFactor: 65536 old_native_bytes: 139572655 new_native_bytes: 22735148 add_bytes_allowed: 34009425 is_gc_concurrent: 1 target_footprint_: 23582937 GetBytesAllocated: 17020770 HeapGrowthMultiplier: 3
12-14 18:38:24.759 22155 26876 I com.miui.home: CheckGCForNative gc_urgency 0.703597 current_native_bytes is 162307803
12-14 18:38:24.808 28695 28695 I wm_on_top_resumed_gained_called: [29413967,com.tencent.qqlive.ona.activity.SplashHomeActivity,topStateChangedWhenResumed]
12-14 18:38:24.838 28695 28695 I wm_on_top_resumed_lost_called: [29413967,com.tencent.qqlive.ona.activity.SplashHomeActivity,topStateChangedWhenResumed]
12-14 18:38:24.864 22155 22155 I wm_on_top_resumed_gained_called: [185468407,com.miui.home.launcher.Launcher,topStateChangedWhenResumed]
12-14 18:38:24.942 22155 22229 I com.miui.home: CheckGCForNative adj_start_bytes: 40350472 NativeAllocationGcWatermark: 11336475 java_gc_start_bytes: 23345760 kNewNativeDiscountFactor: 2 kOldNativeDiscountFactor: 65536 old_native_bytes: 139572655 new_native_bytes: 12047548 add_bytes_allowed: 34009425 is_gc_concurrent: 1 target_footprint_: 23582937 GetBytesAllocated: 17096095 HeapGrowthMultiplier: 3
12-14 18:38:24.942 22155 22229 I com.miui.home: CheckGCForNative gc_urgency 0.573029 current_native_bytes is 151620203
12-14 18:38:24.987 22155 22229 I com.miui.home: CheckGCForNative adj_start_bytes: 40350472 NativeAllocationGcWatermark: 11336475 java_gc_start_bytes: 23345760 kNewNativeDiscountFactor: 2 kOldNativeDiscountFactor: 65536 old_native_bytes: 139572655 new_native_bytes: 12044476 add_bytes_allowed: 34009425 is_gc_concurrent: 1 target_footprint_: 23582937 GetBytesAllocated: 17112841 HeapGrowthMultiplier: 3
12-14 18:38:24.987 22155 22229 I com.miui.home: CheckGCForNative gc_urgency 0.573406 current_native_bytes is 151617131
12-14 18:38:25.214 22155 22228 I com.miui.home: CheckGCForNative adj_start_bytes: 40350472 NativeAllocationGcWatermark: 11336475 java_gc_start_bytes: 23345760 kNewNativeDiscountFactor: 2 kOldNativeDiscountFactor: 65536 old_native_bytes: 139572655 new_native_bytes: 22754124 add_bytes_allowed: 34009425 is_gc_concurrent: 1 target_footprint_: 23582937 GetBytesAllocated: 17212439 HeapGrowthMultiplier: 3
12-14 18:38:25.215 22155 22228 I com.miui.home: CheckGCForNative gc_urgency 0.708582 current_native_bytes is 162326779
12-14 18:38:25.216 22155 23438 I com.miui.home: CheckGCForNative adj_start_bytes: 40350472 NativeAllocationGcWatermark: 11336475 java_gc_start_bytes: 23345760 kNewNativeDiscountFactor: 2 kOldNativeDiscountFactor: 65536 old_native_bytes: 139572655 new_native_bytes: 33460236 add_bytes_allowed: 34009425 is_gc_concurrent: 1 target_footprint_: 23582937 GetBytesAllocated: 17212439 HeapGrowthMultiplier: 3
12-14 18:38:25.216 22155 23438 I com.miui.home: CheckGCForNative gc_urgency 0.841251 current_native_bytes is 173032891
12-14 18:38:25.216 22155 22228 I com.miui.home: CheckGCForNative adj_start_bytes: 40350472 NativeAllocationGcWatermark: 11336475 java_gc_start_bytes: 23345760 kNewNativeDiscountFactor: 2 kOldNativeDiscountFactor: 65536 old_native_bytes: 139572655 new_native_bytes: 44167180 add_bytes_allowed: 34009425 is_gc_concurrent: 1 target_footprint_: 23582937 GetBytesAllocated: 17220350 HeapGrowthMultiplier: 3
12-14 18:38:25.218 22155 22155 I com.miui.home: CheckGCForNative adj_start_bytes: 40350472 NativeAllocationGcWatermark: 11336475 java_gc_start_bytes: 23345760 kNewNativeDiscountFactor: 2 kOldNativeDiscountFactor: 65536 old_native_bytes: 139572655 new_native_bytes: 54874444 add_bytes_allowed: 34009425 is_gc_concurrent: 1 target_footprint_: 23582937 GetBytesAllocated: 17223733 HeapGrowthMultiplier: 3
12-14 18:38:25.218 22155 22155 I com.miui.home: CheckGCForNative gc_urgency 1.10688 current_native_bytes is 194447099
12-14 18:38:25.218 22155 22155 I com.miui.home: CheckGCForNative requested 1
12-14 18:38:25.219 22155 22228 I com.miui.home: CheckGCForNative gc_urgency 0.974201 current_native_bytes is 183739835
12-14 18:38:25.422 22155 22164 I com.miui.home: NativeAlloc concurrent copying GC freed 117908(5065KB) AllocSpace objects, 10(392KB) LOS objects, 49% free, 11MB/22MB, paused 2.416ms,75us total 203.307ms
12-14 18:38:25.486 22155 22155 I wm_on_top_resumed_lost_called: [185468407,com.miui.home.launcher.Launcher,topStateChangedWhenResumed]
12-14 18:38:25.526 16173 16173 I wm_on_application_create_called: [0,com.tencent.mm,892]
12-14 18:38:25.564 22155 22392 I com.miui.home: CheckGCForNative gc_urgency 0 current_native_bytes is 161857959
12-14 18:38:25.728 22155 22155 I wm_on_paused_called: [0,185468407,com.miui.home.launcher.Launcher,performPause,1]
12-14 18:38:25.743 22155 28038 I com.miui.home: CheckGCForNative gc_urgency 0 current_native_bytes is 151185103
12-14 18:38:26.101 22155 22229 I com.miui.home: CheckGCForNative adj_start_bytes: 40484083 NativeAllocationGcWatermark: 11344810 java_gc_start_bytes: 23466868 kNewNativeDiscountFactor: 2 kOldNativeDiscountFactor: 65536 old_native_bytes: 151185103 new_native_bytes: 171624 add_bytes_allowed: 34034430 is_gc_concurrent: 1 target_footprint_: 23649620 GetBytesAllocated: 12690500 HeapGrowthMultiplier: 3
12-14 18:38:26.101 22155 22229 I com.miui.home: CheckGCForNative gc_urgency 0.315645 current_native_bytes is 151356727
12-14 18:38:26.145 22155 22229 I com.miui.home: CheckGCForNative adj_start_bytes: 40484083 NativeAllocationGcWatermark: 11344810 java_gc_start_bytes: 23466868 kNewNativeDiscountFactor: 2 kOldNativeDiscountFactor: 65536 old_native_bytes: 151185103 new_native_bytes: 176232 add_bytes_allowed: 34034430 is_gc_concurrent: 1 target_footprint_: 23649620 GetBytesAllocated: 12723268 HeapGrowthMultiplier: 3
12-14 18:38:26.145 22155 22229 I com.miui.home: CheckGCForNative gc_urgency 0.316512 current_native_bytes is 151361335
12-14 18:38:26.502 29290 29290 I wm_on_create_called: [0,251813114,fm.qingting.qtradio.WelcomeActivity,performCreate,74]
12-14 18:38:26.503 29290 29290 I wm_on_start_called: [0,251813114,fm.qingting.qtradio.WelcomeActivity,handleStartActivity,0]
12-14 18:38:26.509 29290 29290 I wm_on_resume_called: [0,251813114,fm.qingting.qtradio.WelcomeActivity,RESUME_ACTIVITY,4]
12-14 18:38:26.543 29290 29290 I wm_on_top_resumed_gained_called: [251813114,fm.qingting.qtradio.WelcomeActivity,topStateChangedWhenResumed]
12-14 18:38:26.757 22155 22155 I wm_on_stop_called: [0,185468407,com.miui.home.launcher.Launcher,STOP_ACTIVITY_ITEM,3]
12-14 18:38:26.880 29290 29290 I wm_on_idle_called: fm.qingting.qtradio.WelcomeActivity
12-14 18:38:27.128 22155 22155 I wm_on_restart_called: [0,185468407,com.miui.home.launcher.Launcher,,0]
12-14 18:38:27.129 22155 22155 I wm_on_start_called: [0,185468407,com.miui.home.launcher.Launcher,handleStartActivity,1]
12-14 18:38:27.133 22155 22155 I wm_on_resume_called: [0,185468407,com.miui.home.launcher.Launcher,RESUME_ACTIVITY,3]
12-14 18:38:27.190 22155 22155 I wm_on_idle_called: com.miui.home.launcher.Launcher
12-14 18:38:27.264 22155 25715 I com.miui.home: CheckGCForNative adj_start_bytes: 40484083 NativeAllocationGcWatermark: 11344810 java_gc_start_bytes: 23466868 kNewNativeDiscountFactor: 2 kOldNativeDiscountFactor: 65536 old_native_bytes: 151185103 new_native_bytes: 10935148 add_bytes_allowed: 34034430 is_gc_concurrent: 1 target_footprint_: 23649620 GetBytesAllocated: 13986697 HeapGrowthMultiplier: 3
12-14 18:38:27.264 22155 25715 I com.miui.home: CheckGCForNative gc_urgency 0.480598 current_native_bytes is 162120251
12-14 18:38:27.264 22155 22155 I com.miui.home: CheckGCForNative adj_start_bytes: 40484083 NativeAllocationGcWatermark: 11344810 java_gc_start_bytes: 23466868 kNewNativeDiscountFactor: 2 kOldNativeDiscountFactor: 65536 old_native_bytes: 151185103 new_native_bytes: 21642412 add_bytes_allowed: 34034430 is_gc_concurrent: 1 target_footprint_: 23649620 GetBytesAllocated: 13986889 HeapGrowthMultiplier: 3
12-14 18:38:27.264 22155 22155 I com.miui.home: CheckGCForNative gc_urgency 0.612843 current_native_bytes is 172827515
12-14 18:38:27.272 22155 23438 I com.miui.home: CheckGCForNative adj_start_bytes: 40484083 NativeAllocationGcWatermark: 11344810 java_gc_start_bytes: 23466868 kNewNativeDiscountFactor: 2 kOldNativeDiscountFactor: 65536 old_native_bytes: 151185103 new_native_bytes: 21644716 add_bytes_allowed: 34034430 is_gc_concurrent: 1 target_footprint_: 23649620 GetBytesAllocated: 13988599 HeapGrowthMultiplier: 3
12-14 18:38:27.272 22155 23438 I com.miui.home: CheckGCForNative gc_urgency 0.612914 current_native_bytes is 172829819
12-14 18:38:27.280 22155 22719 I com.miui.home: CheckGCForNative adj_start_bytes: 40484083 NativeAllocationGcWatermark: 11344810 java_gc_start_bytes: 23466868 kNewNativeDiscountFactor: 2 kOldNativeDiscountFactor: 65536 old_native_bytes: 151185103 new_native_bytes: 11005132 add_bytes_allowed: 34034430 is_gc_concurrent: 1 target_footprint_: 23649620 GetBytesAllocated: 14023295 HeapGrowthMultiplier: 3
12-14 18:38:27.280 22155 22719 I com.miui.home: CheckGCForNative gc_urgency 0.482367 current_native_bytes is 162190235
12-14 18:38:27.292 29290 29290 I wm_on_top_resumed_lost_called: [251813114,fm.qingting.qtradio.WelcomeActivity,topStateChangedWhenResumed]
12-14 18:38:27.294 22155 22155 I wm_on_top_resumed_gained_called: [185468407,com.miui.home.launcher.Launcher,topStateChangedWhenResumed]
12-14 18:38:27.615 22155 22229 I com.miui.home: CheckGCForNative adj_start_bytes: 40484083 NativeAllocationGcWatermark: 11344810 java_gc_start_bytes: 23466868 kNewNativeDiscountFactor: 2 kOldNativeDiscountFactor: 65536 old_native_bytes: 151185103 new_native_bytes: 11071756 add_bytes_allowed: 34034430 is_gc_concurrent: 1 target_footprint_: 23649620 GetBytesAllocated: 14169503 HeapGrowthMultiplier: 3
12-14 18:38:27.615 22155 22229 I com.miui.home: CheckGCForNative gc_urgency 0.486801 current_native_bytes is 162256859
12-14 18:38:27.627 22155 22229 I com.miui.home: CheckGCForNative adj_start_bytes: 40484083 NativeAllocationGcWatermark: 11344810 java_gc_start_bytes: 23466868 kNewNativeDiscountFactor: 2 kOldNativeDiscountFactor: 65536 old_native_bytes: 151185103 new_native_bytes: 11073356 add_bytes_allowed: 34034430 is_gc_concurrent: 1 target_footprint_: 23649620 GetBytesAllocated: 14169503 HeapGrowthMultiplier: 3
12-14 18:38:27.627 22155 22229 I com.miui.home: CheckGCForNative gc_urgency 0.486821 current_native_bytes is 162258459
12-14 18:38:27.742 22155 22228 I com.miui.home: CheckGCForNative adj_start_bytes: 40484083 NativeAllocationGcWatermark: 11344810 java_gc_start_bytes: 23466868 kNewNativeDiscountFactor: 2 kOldNativeDiscountFactor: 65536 old_native_bytes: 151185103 new_native_bytes: 21783916 add_bytes_allowed: 34034430 is_gc_concurrent: 1 target_footprint_: 23649620 GetBytesAllocated: 14216621 HeapGrowthMultiplier: 3
12-14 18:38:27.742 22155 22228 I com.miui.home: CheckGCForNative gc_urgency 0.620266 current_native_bytes is 172969019
12-14 18:38:27.746 22155 23438 I com.miui.home: CheckGCForNative adj_start_bytes: 40484083 NativeAllocationGcWatermark: 11344810 java_gc_start_bytes: 23466868 kNewNativeDiscountFactor: 2 kOldNativeDiscountFactor: 65536 old_native_bytes: 151185103 new_native_bytes: 32489836 add_bytes_allowed: 34034430 is_gc_concurrent: 1 target_footprint_: 23649620 GetBytesAllocated: 14216813 HeapGrowthMultiplier: 3
12-14 18:38:27.746 22155 23438 I com.miui.home: CheckGCForNative gc_urgency 0.752494 current_native_bytes is 183674939
12-14 18:38:27.746 22155 22228 I com.miui.home: CheckGCForNative adj_start_bytes: 40484083 NativeAllocationGcWatermark: 11344810 java_gc_start_bytes: 23466868 kNewNativeDiscountFactor: 2 kOldNativeDiscountFactor: 65536 old_native_bytes: 151185103 new_native_bytes: 53903980 add_bytes_allowed: 34034430 is_gc_concurrent: 1 target_footprint_: 23649620 GetBytesAllocated: 14230783 HeapGrowthMultiplier: 3
12-14 18:38:27.746 22155 22228 I com.miui.home: CheckGCForNative gc_urgency 1.01732 current_native_bytes is 205089083
12-14 18:38:27.746 22155 22155 I com.miui.home: CheckGCForNative adj_start_bytes: 40484083 NativeAllocationGcWatermark: 11344810 java_gc_start_bytes: 23466868 kNewNativeDiscountFactor: 2 kOldNativeDiscountFactor: 65536 old_native_bytes: 151185103 new_native_bytes: 53903980 add_bytes_allowed: 34034430 is_gc_concurrent: 1 target_footprint_: 23649620 GetBytesAllocated: 14230783 HeapGrowthMultiplier: 3
12-14 18:38:27.746 22155 22155 I com.miui.home: CheckGCForNative gc_urgency 1.01732 current_native_bytes is 205089083
12-14 18:38:27.746 22155 22228 I com.miui.home: CheckGCForNative requested 1
12-14 18:38:27.746 22155 22155 I com.miui.home: CheckGCForNative requested 1
12-14 18:38:27.758 29290 29290 I wm_on_paused_called: [0,251813114,fm.qingting.qtradio.WelcomeActivity,performPause,1]
12-14 18:38:27.806 29290 29290 I wm_on_stop_called: [0,251813114,fm.qingting.qtradio.WelcomeActivity,STOP_ACTIVITY_ITEM,5]
12-14 18:38:27.847 22155 22164 I com.miui.home: NativeAlloc concurrent copying GC freed 54083(2332KB) AllocSpace objects, 4(208KB) LOS objects, 50% free, 11MB/22MB, paused 86us,40us total 100.672ms
12-14 18:38:27.893 22155 22392 I com.miui.home: CheckGCForNative gc_urgency 0 current_native_bytes is 172600171
12-14 18:38:28.055 22155 22155 I wm_on_top_resumed_lost_called: [185468407,com.miui.home.launcher.Launcher,topStateChangedWhenResumed]
12-14 18:38:28.056 22155 22155 I wm_on_paused_called: [0,185468407,com.miui.home.launcher.Launcher,performPause,1]
12-14 18:38:28.339 22155 22229 I com.miui.home: CheckGCForNative gc_urgency 0 current_native_bytes is 162048419
12-14 18:38:28.607 22155 22229 I com.miui.home: CheckGCForNative adj_start_bytes: 40309474 NativeAllocationGcWatermark: 11320990 java_gc_start_bytes: 23327989 kNewNativeDiscountFactor: 2 kOldNativeDiscountFactor: 65536 old_native_bytes: 162048419 new_native_bytes: 1012920 add_bytes_allowed: 33962970 is_gc_concurrent: 1 target_footprint_: 23459061 GetBytesAllocated: 13133937 HeapGrowthMultiplier: 3
12-14 18:38:28.607 22155 22229 I com.miui.home: CheckGCForNative gc_urgency 0.338453 current_native_bytes is 163061339
12-14 18:38:28.651 22155 22229 I com.miui.home: CheckGCForNative adj_start_bytes: 40309474 NativeAllocationGcWatermark: 11320990 java_gc_start_bytes: 23327989 kNewNativeDiscountFactor: 2 kOldNativeDiscountFactor: 65536 old_native_bytes: 162048419 new_native_bytes: 1138048 add_bytes_allowed: 33962970 is_gc_concurrent: 1 target_footprint_: 23459061 GetBytesAllocated: 13260614 HeapGrowthMultiplier: 3
12-14 18:38:28.651 22155 22229 I com.miui.home: CheckGCForNative gc_urgency 0.343148 current_native_bytes is 163186467
12-14 18:38:28.718 22155 22229 I com.miui.home: CheckGCForNative adj_start_bytes: 40309474 NativeAllocationGcWatermark: 11320990 java_gc_start_bytes: 23327989 kNewNativeDiscountFactor: 2 kOldNativeDiscountFactor: 65536 old_native_bytes: 162048419 new_native_bytes: 1142848 add_bytes_allowed: 33962970 is_gc_concurrent: 1 target_footprint_: 23459061 GetBytesAllocated: 13281391 HeapGrowthMultiplier: 3
12-14 18:38:28.718 22155 22229 I com.miui.home: CheckGCForNative gc_urgency 0.343723 current_native_bytes is 163191267
12-14 18:38:28.849 29611 29611 I wm_on_create_called: [0,10738331,com.xunmeng.pinduoduo.ui.activity.MainFrameActivity,performCreate,99]
12-14 18:38:28.970 29611 29611 I wm_on_create_called: [0,81439332,com.xunmeng.pinduoduo.ui.activity.HomeActivity,performCreate,50]
12-14 18:38:28.988 29611 29611 I wm_on_start_called: [0,81439332,com.xunmeng.pinduoduo.ui.activity.HomeActivity,handleStartActivity,18]
12-14 18:38:28.995 29611 29611 I wm_on_resume_called: [0,81439332,com.xunmeng.pinduoduo.ui.activity.HomeActivity,RESUME_ACTIVITY,5]
12-14 18:38:29.035 29611 29611 I wm_on_top_resumed_gained_called: [81439332,com.xunmeng.pinduoduo.ui.activity.HomeActivity,topStateChangedWhenResumed]
12-14 18:38:29.388 22155 22155 I wm_on_stop_called: [0,185468407,com.miui.home.launcher.Launcher,STOP_ACTIVITY_ITEM,3]
12-14 18:38:29.472 29611 29611 I wm_on_destroy_called: [0,10738331,com.xunmeng.pinduoduo.ui.activity.MainFrameActivity,performDestroy,4]
12-14 18:38:29.546 29611 29611 I wm_on_idle_called: com.xunmeng.pinduoduo.ui.activity.HomeActivity
12-14 18:38:29.675 29611 29611 I wm_on_top_resumed_lost_called: [81439332,com.xunmeng.pinduoduo.ui.activity.HomeActivity,topStateChangedWhenResumed]
12-14 18:38:29.697 22155 22155 I wm_on_restart_called: [0,185468407,com.miui.home.launcher.Launcher,,0]
12-14 18:38:29.698 22155 22155 I wm_on_start_called: [0,185468407,com.miui.home.launcher.Launcher,handleStartActivity,0]
12-14 18:38:29.702 22155 22155 I wm_on_resume_called: [0,185468407,com.miui.home.launcher.Launcher,RESUME_ACTIVITY,3]
12-14 18:38:29.752 22155 22155 I wm_on_top_resumed_gained_called: [185468407,com.miui.home.launcher.Launcher,topStateChangedWhenResumed]
12-14 18:38:29.753 22155 22155 I wm_on_idle_called: com.miui.home.launcher.Launcher
12-14 18:38:29.891 22155 26876 I com.miui.home: CheckGCForNative adj_start_bytes: 40309474 NativeAllocationGcWatermark: 11320990 java_gc_start_bytes: 23327989 kNewNativeDiscountFactor: 2 kOldNativeDiscountFactor: 65536 old_native_bytes: 162048419 new_native_bytes: 11936276 add_bytes_allowed: 33962970 is_gc_concurrent: 1 target_footprint_: 23459061 GetBytesAllocated: 14724990 HeapGrowthMultiplier: 3
12-14 18:38:29.891 22155 26876 I com.miui.home: CheckGCForNative gc_urgency 0.513418 current_native_bytes is 173984695
12-14 18:38:29.892 22155 23438 I com.miui.home: CheckGCForNative adj_start_bytes: 40309474 NativeAllocationGcWatermark: 11320990 java_gc_start_bytes: 23327989 kNewNativeDiscountFactor: 2 kOldNativeDiscountFactor: 65536 old_native_bytes: 162048419 new_native_bytes: 22642196 add_bytes_allowed: 33962970 is_gc_concurrent: 1 target_footprint_: 23459061 GetBytesAllocated: 14729304 HeapGrowthMultiplier: 3
12-14 18:38:29.892 22155 23438 I com.miui.home: CheckGCForNative gc_urgency 0.646321 current_native_bytes is 184690615
12-14 18:38:29.892 22155 26876 I com.miui.home: CheckGCForNative adj_start_bytes: 40309474 NativeAllocationGcWatermark: 11320990 java_gc_start_bytes: 23327989 kNewNativeDiscountFactor: 2 kOldNativeDiscountFactor: 65536 old_native_bytes: 162048419 new_native_bytes: 33349140 add_bytes_allowed: 33962970 is_gc_concurrent: 1 target_footprint_: 23459061 GetBytesAllocated: 14729304 HeapGrowthMultiplier: 3
12-14 18:38:29.892 22155 26876 I com.miui.home: CheckGCForNative gc_urgency 0.779135 current_native_bytes is 195397559
12-14 18:38:30.077 22155 22229 I com.miui.home: CheckGCForNative adj_start_bytes: 40309474 NativeAllocationGcWatermark: 11320990 java_gc_start_bytes: 23327989 kNewNativeDiscountFactor: 2 kOldNativeDiscountFactor: 65536 old_native_bytes: 162048419 new_native_bytes: 11988868 add_bytes_allowed: 33962970 is_gc_concurrent: 1 target_footprint_: 23459061 GetBytesAllocated: 14824798 HeapGrowthMultiplier: 3
12-14 18:38:30.077 22155 22229 I com.miui.home: CheckGCForNative gc_urgency 0.516546 current_native_bytes is 174037287
12-14 18:38:30.322 22155 22229 I com.miui.home: CheckGCForNative adj_start_bytes: 40309474 NativeAllocationGcWatermark: 11320990 java_gc_start_bytes: 23327989 kNewNativeDiscountFactor: 2 kOldNativeDiscountFactor: 65536 old_native_bytes: 162048419 new_native_bytes: 12014324 add_bytes_allowed: 33962970 is_gc_concurrent: 1 target_footprint_: 23459061 GetBytesAllocated: 14912303 HeapGrowthMultiplier: 3
12-14 18:38:30.322 22155 22229 I com.miui.home: CheckGCForNative gc_urgency 0.519033 current_native_bytes is 174062743
12-14 18:38:30.361 22155 22228 I com.miui.home: CheckGCForNative adj_start_bytes: 40309474 NativeAllocationGcWatermark: 11320990 java_gc_start_bytes: 23327989 kNewNativeDiscountFactor: 2 kOldNativeDiscountFactor: 65536 old_native_bytes: 162048419 new_native_bytes: 22706884 add_bytes_allowed: 33962970 is_gc_concurrent: 1 target_footprint_: 23459061 GetBytesAllocated: 14945212 HeapGrowthMultiplier: 3
12-14 18:38:30.361 22155 22228 I com.miui.home: CheckGCForNative gc_urgency 0.65248 current_native_bytes is 184755303
12-14 18:38:30.361 22155 22228 I com.miui.home: CheckGCForNative adj_start_bytes: 40309474 NativeAllocationGcWatermark: 11320990 java_gc_start_bytes: 23327989 kNewNativeDiscountFactor: 2 kOldNativeDiscountFactor: 65536 old_native_bytes: 162048419 new_native_bytes: 33414148 add_bytes_allowed: 33962970 is_gc_concurrent: 1 target_footprint_: 23459061 GetBytesAllocated: 14945404 HeapGrowthMultiplier: 3
12-14 18:38:30.361 22155 22228 I com.miui.home: CheckGCForNative gc_urgency 0.785298 current_native_bytes is 195462567
12-14 18:38:30.364 22155 26876 I com.miui.home: CheckGCForNative adj_start_bytes: 40309474 NativeAllocationGcWatermark: 11320990 java_gc_start_bytes: 23327989 kNewNativeDiscountFactor: 2 kOldNativeDiscountFactor: 65536 old_native_bytes: 162048419 new_native_bytes: 33414180 add_bytes_allowed: 33962970 is_gc_concurrent: 1 target_footprint_: 23459061 GetBytesAllocated: 14961224 HeapGrowthMultiplier: 3
12-14 18:38:30.365 22155 26876 I com.miui.home: CheckGCForNative gc_urgency 0.785691 current_native_bytes is 195462599
12-14 18:38:30.398 29611 29611 I wm_on_paused_called: [0,81439332,com.xunmeng.pinduoduo.ui.activity.HomeActivity,performPause,26]
12-14 18:38:30.490 22155 22155 I wm_on_top_resumed_lost_called: [185468407,com.miui.home.launcher.Launcher,topStateChangedWhenResumed]
12-14 18:38:30.504 22155 22155 I wm_on_paused_called: [0,185468407,com.miui.home.launcher.Launcher,performPause,1]
12-14 18:38:30.517 22155 28038 I com.miui.home: CheckGCForNative adj_start_bytes: 40309474 NativeAllocationGcWatermark: 11320990 java_gc_start_bytes: 23327989 kNewNativeDiscountFactor: 2 kOldNativeDiscountFactor: 65536 old_native_bytes: 162048419 new_native_bytes: 22781204 add_bytes_allowed: 33962970 is_gc_concurrent: 1 target_footprint_: 23459061 GetBytesAllocated: 15186573 HeapGrowthMultiplier: 3
12-14 18:38:30.517 22155 28038 I com.miui.home: CheckGCForNative gc_urgency 0.65939 current_native_bytes is 184829623
12-14 18:38:30.703 22155 22392 I com.miui.home: CheckGCForNative adj_start_bytes: 40309474 NativeAllocationGcWatermark: 11320990 java_gc_start_bytes: 23327989 kNewNativeDiscountFactor: 2 kOldNativeDiscountFactor: 65536 old_native_bytes: 162048419 new_native_bytes: 33450588 add_bytes_allowed: 33962970 is_gc_concurrent: 1 target_footprint_: 23459061 GetBytesAllocated: 15616241 HeapGrowthMultiplier: 3
12-14 18:38:30.703 22155 22392 I com.miui.home: CheckGCForNative gc_urgency 0.802392 current_native_bytes is 195499007
12-14 18:38:30.764 29611 29611 I wm_on_stop_called: [0,81439332,com.xunmeng.pinduoduo.ui.activity.HomeActivity,STOP_ACTIVITY_ITEM,232]
12-14 18:38:31.090 22155 22229 I com.miui.home: CheckGCForNative adj_start_bytes: 40309474 NativeAllocationGcWatermark: 11320990 java_gc_start_bytes: 23327989 kNewNativeDiscountFactor: 2 kOldNativeDiscountFactor: 65536 old_native_bytes: 162048419 new_native_bytes: 22898548 add_bytes_allowed: 33962970 is_gc_concurrent: 1 target_footprint_: 23459061 GetBytesAllocated: 15828087 HeapGrowthMultiplier: 3
12-14 18:38:31.090 22155 22229 I com.miui.home: CheckGCForNative gc_urgency 0.67676 current_native_bytes is 184946967
12-14 18:38:31.314 22155 22155 I com.miui.home: CheckGCForNative adj_start_bytes: 40309474 NativeAllocationGcWatermark: 11320990 java_gc_start_bytes: 23327989 kNewNativeDiscountFactor: 2 kOldNativeDiscountFactor: 65536 old_native_bytes: 162048419 new_native_bytes: 22896244 add_bytes_allowed: 33962970 is_gc_concurrent: 1 target_footprint_: 23459061 GetBytesAllocated: 15920730 HeapGrowthMultiplier: 3
12-14 18:38:31.314 22155 22155 I com.miui.home: CheckGCForNative gc_urgency 0.67903 current_native_bytes is 184944663
12-14 18:38:31.836 29910 29910 I wm_on_application_create_called: [0,com.smile.gifmaker,548]
12-14 18:38:31.950 22155 22155 I wm_on_resume_called: [0,185468407,com.miui.home.launcher.Launcher,RESUME_ACTIVITY,4]
12-14 18:38:31.961 22155 22155 I wm_on_idle_called: com.miui.home.launcher.Launcher
12-14 18:38:32.102 22155 26876 I com.miui.home: CheckGCForNative adj_start_bytes: 40309474 NativeAllocationGcWatermark: 11320990 java_gc_start_bytes: 23327989 kNewNativeDiscountFactor: 2 kOldNativeDiscountFactor: 65536 old_native_bytes: 162048419 new_native_bytes: 33599728 add_bytes_allowed: 33962970 is_gc_concurrent: 1 target_footprint_: 23459061 GetBytesAllocated: 17251761 HeapGrowthMultiplier: 3
12-14 18:38:32.102 22155 26876 I com.miui.home: CheckGCForNative gc_urgency 0.844816 current_native_bytes is 195648147
12-14 18:38:32.102 22155 26876 I com.miui.home: CheckGCForNative adj_start_bytes: 40309474 NativeAllocationGcWatermark: 11320990 java_gc_start_bytes: 23327989 kNewNativeDiscountFactor: 2 kOldNativeDiscountFactor: 65536 old_native_bytes: 162048419 new_native_bytes: 44306672 add_bytes_allowed: 33962970 is_gc_concurrent: 1 target_footprint_: 23459061 GetBytesAllocated: 17262700 HeapGrowthMultiplier: 3
12-14 18:38:32.102 22155 26876 I com.miui.home: CheckGCForNative gc_urgency 0.977897 current_native_bytes is 206355091
12-14 18:38:32.111 22155 22719 I com.miui.home: CheckGCForNative adj_start_bytes: 40309474 NativeAllocationGcWatermark: 11320990 java_gc_start_bytes: 23327989 kNewNativeDiscountFactor: 2 kOldNativeDiscountFactor: 65536 old_native_bytes: 162048419 new_native_bytes: 33602016 add_bytes_allowed: 33962970 is_gc_concurrent: 1 target_footprint_: 23459061 GetBytesAllocated: 17290480 HeapGrowthMultiplier: 3
12-14 18:38:32.111 22155 22719 I com.miui.home: CheckGCForNative gc_urgency 0.845805 current_native_bytes is 195650435
12-14 18:38:32.155 30003 30003 I wm_on_application_create_called: [0,com.xunmeng.pinduoduo,202]
12-14 18:38:32.186 22155 26876 I com.miui.home: CheckGCForNative adj_start_bytes: 40309474 NativeAllocationGcWatermark: 11320990 java_gc_start_bytes: 23327989 kNewNativeDiscountFactor: 2 kOldNativeDiscountFactor: 65536 old_native_bytes: 162048419 new_native_bytes: 44365376 add_bytes_allowed: 33962970 is_gc_concurrent: 1 target_footprint_: 23459061 GetBytesAllocated: 17316451 HeapGrowthMultiplier: 3
12-14 18:38:32.186 22155 26876 I com.miui.home: CheckGCForNative gc_urgency 0.979959 current_native_bytes is 206413795
12-14 18:38:32.267 29910 29910 I wm_on_create_called: [0,227125401,com.yxcorp.gifshow.HomeActivity,performCreate,411]
12-14 18:38:32.402 22155 22155 I wm_on_top_resumed_gained_called: [185468407,com.miui.home.launcher.Launcher,topStateChangedWhenResumed]
12-14 18:38:32.438 22155 22229 I com.miui.home: CheckGCForNative adj_start_bytes: 40309474 NativeAllocationGcWatermark: 11320990 java_gc_start_bytes: 23327989 kNewNativeDiscountFactor: 2 kOldNativeDiscountFactor: 65536 old_native_bytes: 162048419 new_native_bytes: 33615584 add_bytes_allowed: 33962970 is_gc_concurrent: 1 target_footprint_: 23459061 GetBytesAllocated: 17401155 HeapGrowthMultiplier: 3
12-14 18:38:32.438 22155 22229 I com.miui.home: CheckGCForNative gc_urgency 0.848719 current_native_bytes is 195664003
12-14 18:38:32.481 29910 29910 I wm_on_start_called: [0,227125401,com.yxcorp.gifshow.HomeActivity,handleStartActivity,208]
12-14 18:38:32.516 22155 22229 I com.miui.home: CheckGCForNative adj_start_bytes: 40309474 NativeAllocationGcWatermark: 11320990 java_gc_start_bytes: 23327989 kNewNativeDiscountFactor: 2 kOldNativeDiscountFactor: 65536 old_native_bytes: 162048419 new_native_bytes: 33623584 add_bytes_allowed: 33962970 is_gc_concurrent: 1 target_footprint_: 23459061 GetBytesAllocated: 17449668 HeapGrowthMultiplier: 3
12-14 18:38:32.516 22155 22229 I com.miui.home: CheckGCForNative gc_urgency 0.850022 current_native_bytes is 195672003
12-14 18:38:32.648 29910 29910 I wm_on_resume_called: [0,227125401,com.yxcorp.gifshow.HomeActivity,RESUME_ACTIVITY,67]
12-14 18:38:32.682 29910 29910 I wm_on_top_resumed_gained_called: [227125401,com.yxcorp.gifshow.HomeActivity,topStateChangedWhenResumed]
12-14 18:38:32.714 29910 29910 I wm_on_top_resumed_lost_called: [227125401,com.yxcorp.gifshow.HomeActivity,topStateChangedWhenResumed]
12-14 18:38:32.923 22155 22155 I wm_on_top_resumed_lost_called: [185468407,com.miui.home.launcher.Launcher,topStateChangedWhenResumed]
12-14 18:38:33.009 22155 22392 I com.miui.home: CheckGCForNative adj_start_bytes: 40309474 NativeAllocationGcWatermark: 11320990 java_gc_start_bytes: 23327989 kNewNativeDiscountFactor: 2 kOldNativeDiscountFactor: 65536 old_native_bytes: 162048419 new_native_bytes: 44483856 add_bytes_allowed: 33962970 is_gc_concurrent: 1 target_footprint_: 23459061 GetBytesAllocated: 17925673 HeapGrowthMultiplier: 3
12-14 18:38:33.009 22155 22392 I com.miui.home: CheckGCForNative gc_urgency 0.996542 current_native_bytes is 206532275
12-14 18:38:33.097 22155 22155 I wm_on_paused_called: [0,185468407,com.miui.home.launcher.Launcher,performPause,1]
12-14 18:38:33.396 22155 22229 I com.miui.home: CheckGCForNative adj_start_bytes: 40309474 NativeAllocationGcWatermark: 11320990 java_gc_start_bytes: 23327989 kNewNativeDiscountFactor: 2 kOldNativeDiscountFactor: 65536 old_native_bytes: 162048419 new_native_bytes: 33845888 add_bytes_allowed: 33962970 is_gc_concurrent: 1 target_footprint_: 23459061 GetBytesAllocated: 18450979 HeapGrowthMultiplier: 3
12-14 18:38:33.396 22155 22229 I com.miui.home: CheckGCForNative gc_urgency 0.87762 current_native_bytes is 195894307
12-14 18:38:33.752 22155 22229 I com.miui.home: CheckGCForNative adj_start_bytes: 40309474 NativeAllocationGcWatermark: 11320990 java_gc_start_bytes: 23327989 kNewNativeDiscountFactor: 2 kOldNativeDiscountFactor: 65536 old_native_bytes: 162048419 new_native_bytes: 33885920 add_bytes_allowed: 33962970 is_gc_concurrent: 1 target_footprint_: 23459061 GetBytesAllocated: 18572405 HeapGrowthMultiplier: 3
12-14 18:38:33.752 22155 22229 I com.miui.home: CheckGCForNative gc_urgency 0.881129 current_native_bytes is 195934339
12-14 18:38:34.048 30254 30254 I wm_on_application_create_called: [0,com.autonavi.minimap,594]
12-14 18:38:34.127 30254 30254 I wm_on_create_called: [0,239990227,com.autonavi.map.activity.SplashActivity,performCreate,66]
12-14 18:38:34.160 22155 22155 I wm_on_stop_called: [0,185468407,com.miui.home.launcher.Launcher,STOP_ACTIVITY_ITEM,4]
12-14 18:38:34.407 22155 22155 I wm_on_restart_called: [0,185468407,com.miui.home.launcher.Launcher,,0]
12-14 18:38:34.408 22155 22155 I wm_on_start_called: [0,185468407,com.miui.home.launcher.Launcher,handleStartActivity,1]
12-14 18:38:34.412 22155 22155 I wm_on_resume_called: [0,185468407,com.miui.home.launcher.Launcher,RESUME_ACTIVITY,4]
12-14 18:38:34.412 22155 22190 I com.miui.home: CheckGCForNative adj_start_bytes: 40309474 NativeAllocationGcWatermark: 11320990 java_gc_start_bytes: 23327989 kNewNativeDiscountFactor: 2 kOldNativeDiscountFactor: 65536 old_native_bytes: 162048419 new_native_bytes: 33665896 add_bytes_allowed: 33962970 is_gc_concurrent: 1 target_footprint_: 23459061 GetBytesAllocated: 19432960 HeapGrowthMultiplier: 3
12-14 18:38:34.413 22155 22190 I com.miui.home: CheckGCForNative gc_urgency 0.899748 current_native_bytes is 195714315
12-14 18:38:34.459 22155 22155 I wm_on_idle_called: com.miui.home.launcher.Launcher
12-14 18:38:34.496 30254 30254 I wm_on_create_called: [0,13678304,com.autonavi.map.activity.NewMapActivity,performCreate,282]
12-14 18:38:34.508 30254 30254 I wm_on_start_called: [0,13678304,com.autonavi.map.activity.NewMapActivity,handleStartActivity,10]
12-14 18:38:34.515 30254 30254 I wm_on_resume_called: [0,13678304,com.autonavi.map.activity.NewMapActivity,RESUME_ACTIVITY,5]
12-14 18:38:34.614 22155 25713 I com.miui.home: CheckGCForNative adj_start_bytes: 40309474 NativeAllocationGcWatermark: 11320990 java_gc_start_bytes: 23327989 kNewNativeDiscountFactor: 2 kOldNativeDiscountFactor: 65536 old_native_bytes: 162048419 new_native_bytes: 44562988 add_bytes_allowed: 33962970 is_gc_concurrent: 1 target_footprint_: 23459061 GetBytesAllocated: 20108344 HeapGrowthMultiplier: 3
12-14 18:38:34.614 22155 25713 I com.miui.home: CheckGCForNative gc_urgency 1.05167 current_native_bytes is 206611407
12-14 18:38:34.614 22155 25713 I com.miui.home: CheckGCForNative requested 1
12-14 18:38:34.614 22155 25713 I com.miui.home: CheckGCForNative adj_start_bytes: 40309474 NativeAllocationGcWatermark: 11320990 java_gc_start_bytes: 23327989 kNewNativeDiscountFactor: 2 kOldNativeDiscountFactor: 65536 old_native_bytes: 162048419 new_native_bytes: 55269356 add_bytes_allowed: 33962970 is_gc_concurrent: 1 target_footprint_: 23459061 GetBytesAllocated: 20114953 HeapGrowthMultiplier: 3
12-14 18:38:34.614 22155 25713 I com.miui.home: CheckGCForNative gc_urgency 1.18464 current_native_bytes is 217317775
12-14 18:38:34.614 22155 25713 I com.miui.home: CheckGCForNative requested 1
12-14 18:38:34.638 30254 30254 I wm_on_top_resumed_gained_called: [13678304,com.autonavi.map.activity.NewMapActivity,topStateChangedWhenResumed]
12-14 18:38:34.639 30254 30254 I wm_on_top_resumed_lost_called: [13678304,com.autonavi.map.activity.NewMapActivity,topStateChangedWhenResumed]
12-14 18:38:34.649 22155 22155 I wm_on_top_resumed_gained_called: [185468407,com.miui.home.launcher.Launcher,topStateChangedWhenResumed]
12-14 18:38:34.686 22155 25713 I com.miui.home: CheckGCForNative adj_start_bytes: 40309474 NativeAllocationGcWatermark: 11320990 java_gc_start_bytes: 23327989 kNewNativeDiscountFactor: 2 kOldNativeDiscountFactor: 65536 old_native_bytes: 162048419 new_native_bytes: 55305772 add_bytes_allowed: 33962970 is_gc_concurrent: 1 target_footprint_: 23459061 GetBytesAllocated: 20182740 HeapGrowthMultiplier: 3
12-14 18:38:34.687 22155 25713 I com.miui.home: CheckGCForNative gc_urgency 1.18677 current_native_bytes is 217354191
12-14 18:38:34.687 22155 25713 I com.miui.home: CheckGCForNative requested 1
12-14 18:38:34.732 22155 22229 I com.miui.home: CheckGCForNative adj_start_bytes: 40309474 NativeAllocationGcWatermark: 11320990 java_gc_start_bytes: 23327989 kNewNativeDiscountFactor: 2 kOldNativeDiscountFactor: 65536 old_native_bytes: 162048419 new_native_bytes: 44604076 add_bytes_allowed: 33962970 is_gc_concurrent: 1 target_footprint_: 23459061 GetBytesAllocated: 20284502 HeapGrowthMultiplier: 3
12-14 18:38:34.732 22155 22229 I com.miui.home: CheckGCForNative gc_urgency 1.05655 current_native_bytes is 206652495
12-14 18:38:34.732 22155 22229 I com.miui.home: CheckGCForNative requested 1
12-14 18:38:34.770 22155 22164 I com.miui.home: NativeAlloc concurrent copying GC freed 170502(7399KB) AllocSpace objects, 18(944KB) LOS objects, 49% free, 11MB/22MB, paused 263us,88us total 155.952ms
12-14 18:38:35.090 22155 22228 I com.miui.home: CheckGCForNative gc_urgency 0 current_native_bytes is 173095647
12-14 18:38:35.090 22155 22228 I com.miui.home: CheckGCForNative adj_start_bytes: 40313716 NativeAllocationGcWatermark: 11327907 java_gc_start_bytes: 23321856 kNewNativeDiscountFactor: 2 kOldNativeDiscountFactor: 65536 old_native_bytes: 173095647 new_native_bytes: 10686656 add_bytes_allowed: 33983721 is_gc_concurrent: 1 target_footprint_: 23514398 GetBytesAllocated: 11934680 HeapGrowthMultiplier: 3
12-14 18:38:35.091 22155 22228 I com.miui.home: CheckGCForNative gc_urgency 0.428654 current_native_bytes is 183782303
12-14 18:38:35.091 22155 25713 I com.miui.home: CheckGCForNative adj_start_bytes: 40313716 NativeAllocationGcWatermark: 11327907 java_gc_start_bytes: 23321856 kNewNativeDiscountFactor: 2 kOldNativeDiscountFactor: 65536 old_native_bytes: 173095647 new_native_bytes: 10686656 add_bytes_allowed: 33983721 is_gc_concurrent: 1 target_footprint_: 23514398 GetBytesAllocated: 11951064 HeapGrowthMultiplier: 3
12-14 18:38:35.091 22155 25713 I com.miui.home: CheckGCForNative gc_urgency 0.429061 current_native_bytes is 183782303
12-14 18:38:35.215 30443 30443 I wm_on_application_create_called: [0,com.autonavi.minimap,887]
12-14 18:38:35.257 22155 22155 I com.miui.home: CheckGCForNative gc_urgency 0 current_native_bytes is 173021767
12-14 18:38:35.262 22155 22193 I com.miui.home: CheckGCForNative adj_start_bytes: 40313716 NativeAllocationGcWatermark: 11327907 java_gc_start_bytes: 23321856 kNewNativeDiscountFactor: 2 kOldNativeDiscountFactor: 65536 old_native_bytes: 173021767 new_native_bytes: 7616 add_bytes_allowed: 33983721 is_gc_concurrent: 1 target_footprint_: 23514398 GetBytesAllocated: 12123127 HeapGrowthMultiplier: 3
12-14 18:38:35.262 22155 22193 I com.miui.home: CheckGCForNative gc_urgency 0.30088 current_native_bytes is 173029383
12-14 18:38:35.320 22155 22155 I wm_on_top_resumed_lost_called: [185468407,com.miui.home.launcher.Launcher,topStateChangedWhenResumed]
12-14 18:38:35.419 22155 22392 I com.miui.home: CheckGCForNative adj_start_bytes: 40313716 NativeAllocationGcWatermark: 11327907 java_gc_start_bytes: 23321856 kNewNativeDiscountFactor: 2 kOldNativeDiscountFactor: 65536 old_native_bytes: 173021767 new_native_bytes: 10796624 add_bytes_allowed: 33983721 is_gc_concurrent: 1 target_footprint_: 23514398 GetBytesAllocated: 12431729 HeapGrowthMultiplier: 3
12-14 18:38:35.420 22155 22392 I com.miui.home: CheckGCForNative gc_urgency 0.442348 current_native_bytes is 183818391
12-14 18:38:35.604 22155 22155 I wm_on_paused_called: [0,185468407,com.miui.home.launcher.Launcher,performPause,1]
12-14 18:38:35.902 22155 22229 I com.miui.home: CheckGCForNative adj_start_bytes: 40313716 NativeAllocationGcWatermark: 11327907 java_gc_start_bytes: 23321856 kNewNativeDiscountFactor: 2 kOldNativeDiscountFactor: 65536 old_native_bytes: 173021767 new_native_bytes: 640600 add_bytes_allowed: 33983721 is_gc_concurrent: 1 target_footprint_: 23514398 GetBytesAllocated: 13050104 HeapGrowthMultiplier: 3
12-14 18:38:35.902 22155 22229 I com.miui.home: CheckGCForNative gc_urgency 0.331724 current_native_bytes is 173662367
12-14 18:38:35.906 20160 20160 I wm_on_create_called: [0,129098068,com.tencent.mobileqq.activity.SplashActivity,performCreate,225]
12-14 18:38:36.048 20160 20160 I wm_on_create_called: [0,203376038,com.tencent.mobileqq.activity.LoginActivity,performCreate,72]
12-14 18:38:36.122 30254 30254 I wm_on_paused_called: [0,13678304,com.autonavi.map.activity.NewMapActivity,performPause,53]
12-14 18:38:36.162 20160 20160 I wm_on_start_called: [0,203376038,com.tencent.mobileqq.activity.LoginActivity,handleStartActivity,114]
12-14 18:38:36.179 30254 30254 I wm_on_destroy_called: [0,239990227,com.autonavi.map.activity.SplashActivity,performDestroy,0]
12-14 18:38:36.211 20160 20160 I wm_on_resume_called: [0,203376038,com.tencent.mobileqq.activity.LoginActivity,RESUME_ACTIVITY,46]
12-14 18:38:36.245 20160 20160 I wm_on_top_resumed_gained_called: [203376038,com.tencent.mobileqq.activity.LoginActivity,topStateChangedWhenResumed]
12-14 18:38:36.371 20160 20160 I wm_on_idle_called: com.tencent.mobileqq.activity.LoginActivity
12-14 18:38:36.445 22155 22155 I wm_on_stop_called: [0,185468407,com.miui.home.launcher.Launcher,STOP_ACTIVITY_ITEM,3]
12-14 18:38:36.467 20160 20160 I wm_on_destroy_called: [0,129098068,com.tencent.mobileqq.activity.SplashActivity,performDestroy,24]
12-14 18:38:36.636 30254 30254 I wm_on_stop_called: [0,13678304,com.autonavi.map.activity.NewMapActivity,STOP_ACTIVITY_ITEM,31]
12-14 18:38:36.864 30254 30254 I wm_on_idle_called: com.autonavi.map.activity.NewMapActivity
12-14 18:38:36.942 20160 20160 I wm_on_top_resumed_lost_called: [203376038,com.tencent.mobileqq.activity.LoginActivity,topStateChangedWhenResumed]
12-14 18:38:36.950 22155 22155 I wm_on_restart_called: [0,185468407,com.miui.home.launcher.Launcher,,0]
12-14 18:38:36.951 22155 22155 I wm_on_start_called: [0,185468407,com.miui.home.launcher.Launcher,handleStartActivity,0]
12-14 18:38:36.955 22155 22155 I wm_on_resume_called: [0,185468407,com.miui.home.launcher.Launcher,RESUME_ACTIVITY,3]
12-14 18:38:37.008 22155 22155 I wm_on_top_resumed_gained_called: [185468407,com.miui.home.launcher.Launcher,topStateChangedWhenResumed]
12-14 18:38:37.009 22155 22155 I wm_on_idle_called: com.miui.home.launcher.Launcher
12-14 18:38:37.073 22155 25713 I com.miui.home: CheckGCForNative adj_start_bytes: 40313716 NativeAllocationGcWatermark: 11327907 java_gc_start_bytes: 23321856 kNewNativeDiscountFactor: 2 kOldNativeDiscountFactor: 65536 old_native_bytes: 173021767 new_native_bytes: 636980 add_bytes_allowed: 33983721 is_gc_concurrent: 1 target_footprint_: 23514398 GetBytesAllocated: 14788767 HeapGrowthMultiplier: 3
12-14 18:38:37.075 22155 25713 I com.miui.home: CheckGCForNative gc_urgency 0.374808 current_native_bytes is 173658747
12-14 18:38:37.075 22155 25713 I com.miui.home: CheckGCForNative adj_start_bytes: 40313716 NativeAllocationGcWatermark: 11327907 java_gc_start_bytes: 23321856 kNewNativeDiscountFactor: 2 kOldNativeDiscountFactor: 65536 old_native_bytes: 173021767 new_native_bytes: 637108 add_bytes_allowed: 33983721 is_gc_concurrent: 1 target_footprint_: 23514398 GetBytesAllocated: 14788767 HeapGrowthMultiplier: 3
12-14 18:38:37.076 22155 25713 I com.miui.home: CheckGCForNative gc_urgency 0.374809 current_native_bytes is 173658875
12-14 18:38:37.107 22155 25713 I com.miui.home: CheckGCForNative adj_start_bytes: 40313716 NativeAllocationGcWatermark: 11327907 java_gc_start_bytes: 23321856 kNewNativeDiscountFactor: 2 kOldNativeDiscountFactor: 65536 old_native_bytes: 173021767 new_native_bytes: 11346164 add_bytes_allowed: 33983721 is_gc_concurrent: 1 target_footprint_: 23514398 GetBytesAllocated: 14818322 HeapGrowthMultiplier: 3
12-14 18:38:37.107 22155 25713 I com.miui.home: CheckGCForNative gc_urgency 0.508364 current_native_bytes is 184367931
12-14 18:38:37.107 22155 25713 I com.miui.home: CheckGCForNative adj_start_bytes: 40313716 NativeAllocationGcWatermark: 11327907 java_gc_start_bytes: 23321856 kNewNativeDiscountFactor: 2 kOldNativeDiscountFactor: 65536 old_native_bytes: 173021767 new_native_bytes: 22053108 add_bytes_allowed: 33983721 is_gc_concurrent: 1 target_footprint_: 23514398 GetBytesAllocated: 14822575 HeapGrowthMultiplier: 3
12-14 18:38:37.107 22155 25713 I com.miui.home: CheckGCForNative gc_urgency 0.641265 current_native_bytes is 195074875
12-14 18:38:37.180 22155 25713 I com.miui.home: CheckGCForNative adj_start_bytes: 40313716 NativeAllocationGcWatermark: 11327907 java_gc_start_bytes: 23321856 kNewNativeDiscountFactor: 2 kOldNativeDiscountFactor: 65536 old_native_bytes: 173021767 new_native_bytes: 22113508 add_bytes_allowed: 33983721 is_gc_concurrent: 1 target_footprint_: 23514398 GetBytesAllocated: 14881232 HeapGrowthMultiplier: 3
12-14 18:38:37.180 22155 25713 I com.miui.home: CheckGCForNative gc_urgency 0.643469 current_native_bytes is 195135275
12-14 18:38:37.406 22155 22229 I com.miui.home: CheckGCForNative adj_start_bytes: 40313716 NativeAllocationGcWatermark: 11327907 java_gc_start_bytes: 23321856 kNewNativeDiscountFactor: 2 kOldNativeDiscountFactor: 65536 old_native_bytes: 173021767 new_native_bytes: 11428836 add_bytes_allowed: 33983721 is_gc_concurrent: 1 target_footprint_: 23514398 GetBytesAllocated: 14962231 HeapGrowthMultiplier: 3
12-14 18:38:37.406 22155 22229 I com.miui.home: CheckGCForNative gc_urgency 0.512959 current_native_bytes is 184450603
12-14 18:38:37.587 22155 22228 I com.miui.home: CheckGCForNative adj_start_bytes: 40313716 NativeAllocationGcWatermark: 11327907 java_gc_start_bytes: 23321856 kNewNativeDiscountFactor: 2 kOldNativeDiscountFactor: 65536 old_native_bytes: 173021767 new_native_bytes: 22191364 add_bytes_allowed: 33983721 is_gc_concurrent: 1 target_footprint_: 23514398 GetBytesAllocated: 15045317 HeapGrowthMultiplier: 3
12-14 18:38:37.587 22155 22228 I com.miui.home: CheckGCForNative gc_urgency 0.648505 current_native_bytes is 195213131
12-14 18:38:37.587 22155 22228 I com.miui.home: CheckGCForNative adj_start_bytes: 40313716 NativeAllocationGcWatermark: 11327907 java_gc_start_bytes: 23321856 kNewNativeDiscountFactor: 2 kOldNativeDiscountFactor: 65536 old_native_bytes: 173021767 new_native_bytes: 32897412 add_bytes_allowed: 33983721 is_gc_concurrent: 1 target_footprint_: 23514398 GetBytesAllocated: 15049944 HeapGrowthMultiplier: 3
12-14 18:38:37.587 22155 22228 I com.miui.home: CheckGCForNative gc_urgency 0.781404 current_native_bytes is 205919179
12-14 18:38:37.588 22155 23438 I com.miui.home: CheckGCForNative adj_start_bytes: 40313716 NativeAllocationGcWatermark: 11327907 java_gc_start_bytes: 23321856 kNewNativeDiscountFactor: 2 kOldNativeDiscountFactor: 65536 old_native_bytes: 173021767 new_native_bytes: 32894468 add_bytes_allowed: 33983721 is_gc_concurrent: 1 target_footprint_: 23514398 GetBytesAllocated: 15049944 HeapGrowthMultiplier: 3
12-14 18:38:37.588 22155 23438 I com.miui.home: CheckGCForNative gc_urgency 0.781367 current_native_bytes is 205916235
12-14 18:38:37.605 20160 20160 I wm_on_paused_called: [0,203376038,com.tencent.mobileqq.activity.LoginActivity,performPause,8]
12-14 18:38:37.734 20160 20160 I wm_on_stop_called: [0,203376038,com.tencent.mobileqq.activity.LoginActivity,STOP_ACTIVITY_ITEM,30]
12-14 18:38:37.803 22155 22155 I wm_on_top_resumed_lost_called: [185468407,com.miui.home.launcher.Launcher,topStateChangedWhenResumed]
12-14 18:38:37.804 22155 22155 I wm_on_paused_called: [0,185468407,com.miui.home.launcher.Launcher,performPause,2]
12-14 18:38:37.828 22155 22392 I com.miui.home: CheckGCForNative adj_start_bytes: 40313716 NativeAllocationGcWatermark: 11327907 java_gc_start_bytes: 23321856 kNewNativeDiscountFactor: 2 kOldNativeDiscountFactor: 65536 old_native_bytes: 173021767 new_native_bytes: 33027268 add_bytes_allowed: 33983721 is_gc_concurrent: 1 target_footprint_: 23514398 GetBytesAllocated: 15401321 HeapGrowthMultiplier: 3
12-14 18:38:37.828 22155 22392 I com.miui.home: CheckGCForNative gc_urgency 0.79173 current_native_bytes is 206049035
12-14 18:38:37.963 22155 22229 I com.miui.home: CheckGCForNative adj_start_bytes: 40313716 NativeAllocationGcWatermark: 11327907 java_gc_start_bytes: 23321856 kNewNativeDiscountFactor: 2 kOldNativeDiscountFactor: 65536 old_native_bytes: 173021767 new_native_bytes: 22571244 add_bytes_allowed: 33983721 is_gc_concurrent: 1 target_footprint_: 23514398 GetBytesAllocated: 15942600 HeapGrowthMultiplier: 3
12-14 18:38:37.963 22155 22229 I com.miui.home: CheckGCForNative gc_urgency 0.675474 current_native_bytes is 195593011
