12-14 16:22:20.911 22155 23398 I com.miui.home: CheckGCForNative adj_start_bytes: 39295291 NativeAllocationGcWatermark: 11255625 java_gc_start_bytes: 22411854 kNewNativeDiscountFactor: 2 kOldNativeDiscountFactor: 65536 old_native_bytes: 162125795 new_native_bytes: 10586288 add_bytes_allowed: 33766875 is_gc_concurrent: 1 target_footprint_: 22936142 GetBytesAllocated: 11931529 HeapGrowthMultiplier: 3
12-14 16:22:20.911 22155 23398 I com.miui.home: CheckGCForNative gc_urgency 0.438402 current_native_bytes is 172712083
12-14 16:22:21.039 22155 22155 I wm_on_top_resumed_lost_called: [185468407,com.miui.home.launcher.Launcher,topStateChangedWhenResumed]
12-14 16:22:21.091 22155 23398 I com.miui.home: CheckGCForNative adj_start_bytes: 39295291 NativeAllocationGcWatermark: 11255625 java_gc_start_bytes: 22411854 kNewNativeDiscountFactor: 2 kOldNativeDiscountFactor: 65536 old_native_bytes: 162125795 new_native_bytes: 10739056 add_bytes_allowed: 33766875 is_gc_concurrent: 1 target_footprint_: 22936142 GetBytesAllocated: 12200398 HeapGrowthMultiplier: 3
12-14 16:22:21.091 22155 23398 I com.miui.home: CheckGCForNative gc_urgency 0.447188 current_native_bytes is 172864851
12-14 16:22:21.209 22155 22155 I wm_on_paused_called: [0,185468407,com.miui.home.launcher.Launcher,performPause,1]
12-14 16:22:21.360 22155 22392 I com.miui.home: CheckGCForNative adj_start_bytes: 39295291 NativeAllocationGcWatermark: 11255625 java_gc_start_bytes: 22411854 kNewNativeDiscountFactor: 2 kOldNativeDiscountFactor: 65536 old_native_bytes: 162125795 new_native_bytes: 21821040 add_bytes_allowed: 33766875 is_gc_concurrent: 1 target_footprint_: 22936142 GetBytesAllocated: 12962569 HeapGrowthMultiplier: 3
12-14 16:22:21.360 22155 22392 I com.miui.home: CheckGCForNative gc_urgency 0.608133 current_native_bytes is 183946835
12-14 16:22:21.440 22155 22229 I com.miui.home: CheckGCForNative adj_start_bytes: 39295291 NativeAllocationGcWatermark: 11255625 java_gc_start_bytes: 22411854 kNewNativeDiscountFactor: 2 kOldNativeDiscountFactor: 65536 old_native_bytes: 162125795 new_native_bytes: 11213104 add_bytes_allowed: 33766875 is_gc_concurrent: 1 target_footprint_: 22936142 GetBytesAllocated: 13029080 HeapGrowthMultiplier: 3
12-14 16:22:21.440 22155 22229 I com.miui.home: CheckGCForNative gc_urgency 0.474309 current_native_bytes is 173338899
12-14 16:22:21.786 22155 22229 I com.miui.home: CheckGCForNative adj_start_bytes: 39295291 NativeAllocationGcWatermark: 11255625 java_gc_start_bytes: 22411854 kNewNativeDiscountFactor: 2 kOldNativeDiscountFactor: 65536 old_native_bytes: 162125795 new_native_bytes: 11380720 add_bytes_allowed: 33766875 is_gc_concurrent: 1 target_footprint_: 22936142 GetBytesAllocated: 13593723 HeapGrowthMultiplier: 3
12-14 16:22:21.786 22155 22229 I com.miui.home: CheckGCForNative gc_urgency 0.490811 current_native_bytes is 173506515
12-14 16:22:22.598 16131 16131 I wm_on_application_create_called: [0,com.UCMobile,1063]
12-14 16:22:22.626 16083 16083 I wm_on_application_create_called: [0,com.UCMobile,1110]
12-14 16:22:23.944 15544 15544 I wm_on_top_resumed_lost_called: [169918529,com.uc.browser.InnerUCMobile,topStateChangedWhenResumed]
12-14 16:22:24.216 22155 22155 I com.miui.home: CheckGCForNative adj_start_bytes: 39295291 NativeAllocationGcWatermark: 11255625 java_gc_start_bytes: 22411854 kNewNativeDiscountFactor: 2 kOldNativeDiscountFactor: 65536 old_native_bytes: 162125795 new_native_bytes: 11081176 add_bytes_allowed: 33766875 is_gc_concurrent: 1 target_footprint_: 22936142 GetBytesAllocated: 14093124 HeapGrowthMultiplier: 3
12-14 16:22:24.216 22155 22155 I com.miui.home: CheckGCForNative gc_urgency 0.499708 current_native_bytes is 173206971
12-14 16:22:24.227 22155 22155 I wm_on_resume_called: [0,185468407,com.miui.home.launcher.Launcher,RESUME_ACTIVITY,4]
12-14 16:22:24.239 22155 22155 I wm_on_idle_called: com.miui.home.launcher.Launcher
12-14 16:22:24.240 16191 16191 I wm_on_application_create_called: [0,com.xs.fm.lite,1486]
12-14 16:22:24.395 22155 25734 I com.miui.home: CheckGCForNative adj_start_bytes: 39295291 NativeAllocationGcWatermark: 11255625 java_gc_start_bytes: 22411854 kNewNativeDiscountFactor: 2 kOldNativeDiscountFactor: 65536 old_native_bytes: 162125795 new_native_bytes: 21934348 add_bytes_allowed: 33766875 is_gc_concurrent: 1 target_footprint_: 22936142 GetBytesAllocated: 15047407 HeapGrowthMultiplier: 3
12-14 16:22:24.395 22155 25734 I com.miui.home: CheckGCForNative gc_urgency 0.662091 current_native_bytes is 184060143
12-14 16:22:24.395 22155 24733 I com.miui.home: CheckGCForNative adj_start_bytes: 39295291 NativeAllocationGcWatermark: 11255625 java_gc_start_bytes: 22411854 kNewNativeDiscountFactor: 2 kOldNativeDiscountFactor: 65536 old_native_bytes: 162125795 new_native_bytes: 32640460 add_bytes_allowed: 33766875 is_gc_concurrent: 1 target_footprint_: 22936142 GetBytesAllocated: 15047599 HeapGrowthMultiplier: 3
12-14 16:22:24.396 22155 24733 I com.miui.home: CheckGCForNative gc_urgency 0.798322 current_native_bytes is 194766255
12-14 16:22:24.396 22155 25734 I com.miui.home: CheckGCForNative adj_start_bytes: 39295291 NativeAllocationGcWatermark: 11255625 java_gc_start_bytes: 22411854 kNewNativeDiscountFactor: 2 kOldNativeDiscountFactor: 65536 old_native_bytes: 162125795 new_native_bytes: 43347404 add_bytes_allowed: 33766875 is_gc_concurrent: 1 target_footprint_: 22936142 GetBytesAllocated: 15047599 HeapGrowthMultiplier: 3
12-14 16:22:24.396 22155 25734 I com.miui.home: CheckGCForNative gc_urgency 0.934564 current_native_bytes is 205473199
12-14 16:22:24.526 22155 22229 I com.miui.home: CheckGCForNative adj_start_bytes: 39295291 NativeAllocationGcWatermark: 11255625 java_gc_start_bytes: 22411854 kNewNativeDiscountFactor: 2 kOldNativeDiscountFactor: 65536 old_native_bytes: 162125795 new_native_bytes: 22033516 add_bytes_allowed: 33766875 is_gc_concurrent: 1 target_footprint_: 22936142 GetBytesAllocated: 15172800 HeapGrowthMultiplier: 3
12-14 16:22:24.526 22155 22229 I com.miui.home: CheckGCForNative gc_urgency 0.666544 current_native_bytes is 184159311
12-14 16:22:24.682 22155 22155 I wm_on_top_resumed_gained_called: [185468407,com.miui.home.launcher.Launcher,topStateChangedWhenResumed]
12-14 16:22:24.869 22155 22228 I com.miui.home: CheckGCForNative adj_start_bytes: 39295291 NativeAllocationGcWatermark: 11255625 java_gc_start_bytes: 22411854 kNewNativeDiscountFactor: 2 kOldNativeDiscountFactor: 65536 old_native_bytes: 162125795 new_native_bytes: 32670476 add_bytes_allowed: 33766875 is_gc_concurrent: 1 target_footprint_: 22936142 GetBytesAllocated: 15310599 HeapGrowthMultiplier: 3
12-14 16:22:24.869 22155 22228 I com.miui.home: CheckGCForNative gc_urgency 0.805397 current_native_bytes is 194796271
12-14 16:22:24.869 22155 22228 I com.miui.home: CheckGCForNative adj_start_bytes: 39295291 NativeAllocationGcWatermark: 11255625 java_gc_start_bytes: 22411854 kNewNativeDiscountFactor: 2 kOldNativeDiscountFactor: 65536 old_native_bytes: 162125795 new_native_bytes: 43377420 add_bytes_allowed: 33766875 is_gc_concurrent: 1 target_footprint_: 22936142 GetBytesAllocated: 15315199 HeapGrowthMultiplier: 3
12-14 16:22:24.869 22155 22228 I com.miui.home: CheckGCForNative gc_urgency 0.941751 current_native_bytes is 205503215
12-14 16:22:24.912 22155 25734 I com.miui.home: CheckGCForNative adj_start_bytes: 39295291 NativeAllocationGcWatermark: 11255625 java_gc_start_bytes: 22411854 kNewNativeDiscountFactor: 2 kOldNativeDiscountFactor: 65536 old_native_bytes: 162125795 new_native_bytes: 43377420 add_bytes_allowed: 33766875 is_gc_concurrent: 1 target_footprint_: 22936142 GetBytesAllocated: 15324864 HeapGrowthMultiplier: 3
12-14 16:22:24.912 22155 25734 I com.miui.home: CheckGCForNative gc_urgency 0.941997 current_native_bytes is 205503215
12-14 16:22:24.960 22155 22155 I com.miui.home: CheckGCForNative adj_start_bytes: 39295291 NativeAllocationGcWatermark: 11255625 java_gc_start_bytes: 22411854 kNewNativeDiscountFactor: 2 kOldNativeDiscountFactor: 65536 old_native_bytes: 162125795 new_native_bytes: 32671444 add_bytes_allowed: 33766875 is_gc_concurrent: 1 target_footprint_: 22936142 GetBytesAllocated: 15337161 HeapGrowthMultiplier: 3
12-14 16:22:24.960 22155 22155 I com.miui.home: CheckGCForNative gc_urgency 0.806085 current_native_bytes is 194797239
12-14 16:22:25.354 22155 22193 I com.miui.home: CheckGCForNative adj_start_bytes: 39295291 NativeAllocationGcWatermark: 11255625 java_gc_start_bytes: 22411854 kNewNativeDiscountFactor: 2 kOldNativeDiscountFactor: 65536 old_native_bytes: 162125795 new_native_bytes: 32825988 add_bytes_allowed: 33766875 is_gc_concurrent: 1 target_footprint_: 22936142 GetBytesAllocated: 15493307 HeapGrowthMultiplier: 3
12-14 16:22:25.354 22155 22193 I com.miui.home: CheckGCForNative gc_urgency 0.812025 current_native_bytes is 194951783
12-14 16:22:25.468 22155 22155 I wm_on_top_resumed_lost_called: [185468407,com.miui.home.launcher.Launcher,topStateChangedWhenResumed]
12-14 16:22:25.484 22155 22155 I wm_on_paused_called: [0,185468407,com.miui.home.launcher.Launcher,performPause,1]
12-14 16:22:25.625 15544 15544 I wm_on_paused_called: [0,169918529,com.uc.browser.InnerUCMobile,performPause,1540]
12-14 16:22:25.838 22155 22392 I com.miui.home: CheckGCForNative adj_start_bytes: 39295291 NativeAllocationGcWatermark: 11255625 java_gc_start_bytes: 22411854 kNewNativeDiscountFactor: 2 kOldNativeDiscountFactor: 65536 old_native_bytes: 162125795 new_native_bytes: 43714028 add_bytes_allowed: 33766875 is_gc_concurrent: 1 target_footprint_: 22936142 GetBytesAllocated: 16384634 HeapGrowthMultiplier: 3
12-14 16:22:25.838 22155 22392 I com.miui.home: CheckGCForNative gc_urgency 0.973249 current_native_bytes is 205839823
12-14 16:22:26.007 22155 22229 I com.miui.home: CheckGCForNative adj_start_bytes: 39295291 NativeAllocationGcWatermark: 11255625 java_gc_start_bytes: 22411854 kNewNativeDiscountFactor: 2 kOldNativeDiscountFactor: 65536 old_native_bytes: 162125795 new_native_bytes: 33087164 add_bytes_allowed: 33766875 is_gc_concurrent: 1 target_footprint_: 22936142 GetBytesAllocated: 16656488 HeapGrowthMultiplier: 3
12-14 16:22:26.007 22155 22229 I com.miui.home: CheckGCForNative gc_urgency 0.84495 current_native_bytes is 195212959
12-14 16:22:26.348 22155 22155 I com.miui.home: CheckGCForNative adj_start_bytes: 39295291 NativeAllocationGcWatermark: 11255625 java_gc_start_bytes: 22411854 kNewNativeDiscountFactor: 2 kOldNativeDiscountFactor: 65536 old_native_bytes: 162125795 new_native_bytes: 33208252 add_bytes_allowed: 33766875 is_gc_concurrent: 1 target_footprint_: 22936142 GetBytesAllocated: 17564520 HeapGrowthMultiplier: 3
12-14 16:22:26.349 22155 22155 I com.miui.home: CheckGCForNative gc_urgency 0.869598 current_native_bytes is 195334047
12-14 16:22:26.535 16989 16989 I wm_on_application_create_called: [0,com.xiaomi.bluetooth,453]
12-14 16:22:26.548 16191 16191 I wm_on_create_called: [0,257116802,com.dragon.read.pages.splash.SplashActivity,performCreate,2068]
12-14 16:22:27.272 17097 17097 I wm_on_application_create_called: [0,com.youku.phone,737]
12-14 16:22:27.496 17097 17097 I wm_on_create_called: [0,247378875,com.youku.phone.ActivityWelcome,performCreate,159]
12-14 16:22:27.519 22155 22155 I wm_on_stop_called: [0,185468407,com.miui.home.launcher.Launcher,STOP_ACTIVITY_ITEM,3]
12-14 16:22:27.533 16191 16191 I wm_on_destroy_called: [0,257116802,com.dragon.read.pages.splash.SplashActivity,performDestroy,27]
12-14 16:22:28.331 15544 15544 I wm_on_stop_called: [0,169918529,com.uc.browser.InnerUCMobile,STOP_ACTIVITY_ITEM,1953]
12-14 16:22:29.227 22155 22155 I wm_on_restart_called: [0,185468407,com.miui.home.launcher.Launcher,,0]
12-14 16:22:29.227 22155 22155 I wm_on_start_called: [0,185468407,com.miui.home.launcher.Launcher,handleStartActivity,1]
12-14 16:22:29.232 22155 22155 I wm_on_resume_called: [0,185468407,com.miui.home.launcher.Launcher,RESUME_ACTIVITY,4]
12-14 16:22:29.278 22155 22155 I com.miui.home: CheckGCForNative adj_start_bytes: 39295291 NativeAllocationGcWatermark: 11255625 java_gc_start_bytes: 22411854 kNewNativeDiscountFactor: 2 kOldNativeDiscountFactor: 65536 old_native_bytes: 162125795 new_native_bytes: 33847048 add_bytes_allowed: 33766875 is_gc_concurrent: 1 target_footprint_: 22936142 GetBytesAllocated: 19591840 HeapGrowthMultiplier: 3
12-14 16:22:29.278 22155 22155 I com.miui.home: CheckGCForNative gc_urgency 0.929318 current_native_bytes is 195972843
12-14 16:22:29.289 22155 22155 I wm_on_idle_called: com.miui.home.launcher.Launcher
12-14 16:22:30.436 22155 22155 I wm_on_top_resumed_lost_called: [185468407,com.miui.home.launcher.Launcher,topStateChangedWhenResumed]
12-14 16:22:30.700 22155 22173 I com.miui.home: CheckGCForNative adj_start_bytes: 39826208 NativeAllocationGcWatermark: 11288402 java_gc_start_bytes: 22893605 kNewNativeDiscountFactor: 2 kOldNativeDiscountFactor: 65536 old_native_bytes: 172851947 new_native_bytes: 100048 add_bytes_allowed: 33865206 is_gc_concurrent: 1 target_footprint_: 23198355 GetBytesAllocated: 12812466 HeapGrowthMultiplier: 3
12-14 16:22:30.700 22155 22173 I com.miui.home: CheckGCForNative gc_urgency 0.323032 current_native_bytes is 172951995
12-14 16:22:30.720 17097 17097 I wm_on_top_resumed_lost_called: [59631277,com.youku.v2.HomePageEntry,topStateChangedWhenResumed]
12-14 16:22:30.738 22155 22392 I com.miui.home: CheckGCForNative adj_start_bytes: 39826208 NativeAllocationGcWatermark: 11288402 java_gc_start_bytes: 22893605 kNewNativeDiscountFactor: 2 kOldNativeDiscountFactor: 65536 old_native_bytes: 172851947 new_native_bytes: 10827552 add_bytes_allowed: 33865206 is_gc_concurrent: 1 target_footprint_: 23198355 GetBytesAllocated: 12824053 HeapGrowthMultiplier: 3
12-14 16:22:30.738 22155 22392 I com.miui.home: CheckGCForNative gc_urgency 0.458002 current_native_bytes is 183679499
12-14 16:22:30.863 22155 22229 I com.miui.home: CheckGCForNative adj_start_bytes: 39826208 NativeAllocationGcWatermark: 11288402 java_gc_start_bytes: 22893605 kNewNativeDiscountFactor: 2 kOldNativeDiscountFactor: 65536 old_native_bytes: 172851947 new_native_bytes: 493200 add_bytes_allowed: 33865206 is_gc_concurrent: 1 target_footprint_: 23198355 GetBytesAllocated: 13279880 HeapGrowthMultiplier: 3
12-14 16:22:30.863 22155 22229 I com.miui.home: CheckGCForNative gc_urgency 0.339704 current_native_bytes is 173345147
12-14 16:22:31.030 22155 22229 I com.miui.home: CheckGCForNative adj_start_bytes: 39826208 NativeAllocationGcWatermark: 11288402 java_gc_start_bytes: 22893605 kNewNativeDiscountFactor: 2 kOldNativeDiscountFactor: 65536 old_native_bytes: 172851947 new_native_bytes: 505424 add_bytes_allowed: 33865206 is_gc_concurrent: 1 target_footprint_: 23198355 GetBytesAllocated: 13511293 HeapGrowthMultiplier: 3
12-14 16:22:31.030 22155 22229 I com.miui.home: CheckGCForNative gc_urgency 0.345668 current_native_bytes is 173357371
12-14 16:22:31.247 17455 17455 I wm_on_application_create_called: [0,com.UCMobile,2166]
12-14 16:22:31.440 18001 18001 I wm_on_application_create_called: [0,com.quark.browser,223]
12-14 16:22:31.499 18001 18001 I wm_on_create_called: [0,253288736,com.ucpro.MainActivity,performCreate,38]
12-14 16:22:31.860 17511 17511 I wm_on_application_create_called: [0,com.UCMobile,2721]
12-14 16:22:32.095 18001 18001 I wm_on_create_called: [0,240441768,com.ucpro.BrowserActivity,performCreate,496]
12-14 16:22:32.098 18001 18001 I wm_on_start_called: [0,240441768,com.ucpro.BrowserActivity,handleStartActivity,2]
12-14 16:22:32.109 18001 18001 I wm_on_resume_called: [0,240441768,com.ucpro.BrowserActivity,RESUME_ACTIVITY,8]
12-14 16:22:32.152 18001 18001 I wm_on_top_resumed_gained_called: [240441768,com.ucpro.BrowserActivity,topStateChangedWhenResumed]
12-14 16:22:32.925 22155 22155 I wm_on_stop_called: [0,185468407,com.miui.home.launcher.Launcher,STOP_ACTIVITY_ITEM,4]
12-14 16:22:33.227 18001 18001 I wm_on_destroy_called: [0,253288736,com.ucpro.MainActivity,performDestroy,2]
12-14 16:22:34.011 22155 22155 I wm_on_restart_called: [0,185468407,com.miui.home.launcher.Launcher,,0]
12-14 16:22:34.012 22155 22155 I wm_on_start_called: [0,185468407,com.miui.home.launcher.Launcher,handleStartActivity,1]
12-14 16:22:34.016 22155 22155 I wm_on_resume_called: [0,185468407,com.miui.home.launcher.Launcher,RESUME_ACTIVITY,3]
12-14 16:22:34.016 22155  6280 I com.miui.home: CheckGCForNative adj_start_bytes: 39826208 NativeAllocationGcWatermark: 11288402 java_gc_start_bytes: 22893605 kNewNativeDiscountFactor: 2 kOldNativeDiscountFactor: 65536 old_native_bytes: 172851947 new_native_bytes: 835108 add_bytes_allowed: 33865206 is_gc_concurrent: 1 target_footprint_: 23198355 GetBytesAllocated: 15556319 HeapGrowthMultiplier: 3
12-14 16:22:34.016 22155  6280 I com.miui.home: CheckGCForNative gc_urgency 0.401156 current_native_bytes is 173687055
12-14 16:22:34.062 22155 22155 I wm_on_idle_called: com.miui.home.launcher.Launcher
12-14 16:22:34.235 22155 22173 I com.miui.home: CheckGCForNative adj_start_bytes: 39826208 NativeAllocationGcWatermark: 11288402 java_gc_start_bytes: 22893605 kNewNativeDiscountFactor: 2 kOldNativeDiscountFactor: 65536 old_native_bytes: 172851947 new_native_bytes: 11799900 add_bytes_allowed: 33865206 is_gc_concurrent: 1 target_footprint_: 23198355 GetBytesAllocated: 16232395 HeapGrowthMultiplier: 3
12-14 16:22:34.235 22155 22173 I com.miui.home: CheckGCForNative gc_urgency 0.555789 current_native_bytes is 184651847
12-14 16:22:34.236 22155 22173 I com.miui.home: CheckGCForNative adj_start_bytes: 39826208 NativeAllocationGcWatermark: 11288402 java_gc_start_bytes: 22893605 kNewNativeDiscountFactor: 2 kOldNativeDiscountFactor: 65536 old_native_bytes: 172851947 new_native_bytes: 22506844 add_bytes_allowed: 33865206 is_gc_concurrent: 1 target_footprint_: 23198355 GetBytesAllocated: 16232587 HeapGrowthMultiplier: 3
12-14 16:22:34.236 22155 22173 I com.miui.home: CheckGCForNative gc_urgency 0.690215 current_native_bytes is 195358791
12-14 16:22:34.239 22155 23438 I com.miui.home: CheckGCForNative adj_start_bytes: 39826208 NativeAllocationGcWatermark: 11288402 java_gc_start_bytes: 22893605 kNewNativeDiscountFactor: 2 kOldNativeDiscountFactor: 65536 old_native_bytes: 172851947 new_native_bytes: 22506844 add_bytes_allowed: 33865206 is_gc_concurrent: 1 target_footprint_: 23198355 GetBytesAllocated: 16232587 HeapGrowthMultiplier: 3
12-14 16:22:34.239 22155 23438 I com.miui.home: CheckGCForNative gc_urgency 0.690215 current_native_bytes is 195358791
12-14 16:22:34.360 22155 22229 I com.miui.home: CheckGCForNative adj_start_bytes: 39826208 NativeAllocationGcWatermark: 11288402 java_gc_start_bytes: 22893605 kNewNativeDiscountFactor: 2 kOldNativeDiscountFactor: 65536 old_native_bytes: 172851947 new_native_bytes: 11890524 add_bytes_allowed: 33865206 is_gc_concurrent: 1 target_footprint_: 23198355 GetBytesAllocated: 16315320 HeapGrowthMultiplier: 3
12-14 16:22:34.360 22155 22229 I com.miui.home: CheckGCForNative gc_urgency 0.559009 current_native_bytes is 184742471
12-14 16:22:34.493 22155 22155 I wm_on_top_resumed_gained_called: [185468407,com.miui.home.launcher.Launcher,topStateChangedWhenResumed]
12-14 16:22:34.516 22155 22229 I com.miui.home: CheckGCForNative adj_start_bytes: 39826208 NativeAllocationGcWatermark: 11288402 java_gc_start_bytes: 22893605 kNewNativeDiscountFactor: 2 kOldNativeDiscountFactor: 65536 old_native_bytes: 172851947 new_native_bytes: 11898460 add_bytes_allowed: 33865206 is_gc_concurrent: 1 target_footprint_: 23198355 GetBytesAllocated: 16386565 HeapGrowthMultiplier: 3
12-14 16:22:34.516 22155 22229 I com.miui.home: CheckGCForNative gc_urgency 0.560898 current_native_bytes is 184750407
12-14 16:22:34.737 22155 22228 I com.miui.home: CheckGCForNative adj_start_bytes: 39826208 NativeAllocationGcWatermark: 11288402 java_gc_start_bytes: 22893605 kNewNativeDiscountFactor: 2 kOldNativeDiscountFactor: 65536 old_native_bytes: 172851947 new_native_bytes: 22610492 add_bytes_allowed: 33865206 is_gc_concurrent: 1 target_footprint_: 23198355 GetBytesAllocated: 16469670 HeapGrowthMultiplier: 3
12-14 16:22:34.738 22155 22228 I com.miui.home: CheckGCForNative gc_urgency 0.697469 current_native_bytes is 195462439
12-14 16:22:34.738 22155 22228 I com.miui.home: CheckGCForNative adj_start_bytes: 39826208 NativeAllocationGcWatermark: 11288402 java_gc_start_bytes: 22893605 kNewNativeDiscountFactor: 2 kOldNativeDiscountFactor: 65536 old_native_bytes: 172851947 new_native_bytes: 33317436 add_bytes_allowed: 33865206 is_gc_concurrent: 1 target_footprint_: 23198355 GetBytesAllocated: 16475148 HeapGrowthMultiplier: 3
12-14 16:22:34.738 22155 22228 I com.miui.home: CheckGCForNative gc_urgency 0.832028 current_native_bytes is 206169383
12-14 16:22:34.739 22155 24733 I com.miui.home: CheckGCForNative adj_start_bytes: 39826208 NativeAllocationGcWatermark: 11288402 java_gc_start_bytes: 22893605 kNewNativeDiscountFactor: 2 kOldNativeDiscountFactor: 65536 old_native_bytes: 172851947 new_native_bytes: 33318460 add_bytes_allowed: 33865206 is_gc_concurrent: 1 target_footprint_: 23198355 GetBytesAllocated: 16475148 HeapGrowthMultiplier: 3
12-14 16:22:34.739 22155 24733 I com.miui.home: CheckGCForNative gc_urgency 0.83204 current_native_bytes is 206170407
12-14 16:22:34.990 22155 22155 I wm_on_top_resumed_lost_called: [185468407,com.miui.home.launcher.Launcher,topStateChangedWhenResumed]
12-14 16:22:35.177 22155 22392 I com.miui.home: CheckGCForNative adj_start_bytes: 39826208 NativeAllocationGcWatermark: 11288402 java_gc_start_bytes: 22893605 kNewNativeDiscountFactor: 2 kOldNativeDiscountFactor: 65536 old_native_bytes: 172851947 new_native_bytes: 33739308 add_bytes_allowed: 33865206 is_gc_concurrent: 1 target_footprint_: 23198355 GetBytesAllocated: 17468257 HeapGrowthMultiplier: 3
12-14 16:22:35.177 22155 22392 I com.miui.home: CheckGCForNative gc_urgency 0.86226 current_native_bytes is 206591255
12-14 16:22:35.254 22155 22155 I wm_on_paused_called: [0,185468407,com.miui.home.launcher.Launcher,performPause,2]
12-14 16:22:35.371 22155 22226 I com.miui.home: CheckGCForNative adj_start_bytes: 39826208 NativeAllocationGcWatermark: 11288402 java_gc_start_bytes: 22893605 kNewNativeDiscountFactor: 2 kOldNativeDiscountFactor: 65536 old_native_bytes: 172851947 new_native_bytes: 23010252 add_bytes_allowed: 33865206 is_gc_concurrent: 1 target_footprint_: 23198355 GetBytesAllocated: 17689706 HeapGrowthMultiplier: 3
12-14 16:22:35.371 22155 22226 I com.miui.home: CheckGCForNative gc_urgency 0.733122 current_native_bytes is 195862199
12-14 16:22:35.686 22155 22229 I com.miui.home: CheckGCForNative adj_start_bytes: 39826208 NativeAllocationGcWatermark: 11288402 java_gc_start_bytes: 22893605 kNewNativeDiscountFactor: 2 kOldNativeDiscountFactor: 65536 old_native_bytes: 172851947 new_native_bytes: 23396612 add_bytes_allowed: 33865206 is_gc_concurrent: 1 target_footprint_: 23198355 GetBytesAllocated: 18152480 HeapGrowthMultiplier: 3
12-14 16:22:35.686 22155 22229 I com.miui.home: CheckGCForNative gc_urgency 0.749592 current_native_bytes is 196248559
12-14 16:22:35.768 22155 22392 I com.miui.home: CheckGCForNative adj_start_bytes: 39826208 NativeAllocationGcWatermark: 11288402 java_gc_start_bytes: 22893605 kNewNativeDiscountFactor: 2 kOldNativeDiscountFactor: 65536 old_native_bytes: 172851947 new_native_bytes: 23422980 add_bytes_allowed: 33865206 is_gc_concurrent: 1 target_footprint_: 23198355 GetBytesAllocated: 18339081 HeapGrowthMultiplier: 3
12-14 16:22:35.768 22155 22392 I com.miui.home: CheckGCForNative gc_urgency 0.754609 current_native_bytes is 196274927
12-14 16:22:36.083 18599 18599 I wm_on_application_create_called: [0,com.UCMobile,1415]
12-14 16:22:36.533 18879 18879 I wm_on_create_called: [0,149717157,com.eg.android.AlipayGphone.AlipayLogin,performCreate,92]
12-14 16:22:36.537 18879 18879 I wm_on_start_called: [0,149717157,com.eg.android.AlipayGphone.AlipayLogin,handleStartActivity,3]
12-14 16:22:36.545 18879 18879 I wm_on_resume_called: [0,149717157,com.eg.android.AlipayGphone.AlipayLogin,RESUME_ACTIVITY,7]
12-14 16:22:36.580 18879 18879 I wm_on_top_resumed_gained_called: [149717157,com.eg.android.AlipayGphone.AlipayLogin,topStateChangedWhenResumed]
12-14 16:22:37.543 22155 22155 I wm_on_stop_called: [0,185468407,com.miui.home.launcher.Launcher,STOP_ACTIVITY_ITEM,6]
12-14 16:22:38.158 15544 15544 I wm_on_idle_called: com.uc.browser.InnerUCMobile
12-14 16:22:39.149 18879 18879 I wm_on_idle_called: com.eg.android.AlipayGphone.AlipayLogin
12-14 16:22:40.273 18879 18879 I wm_on_top_resumed_lost_called: [149717157,com.eg.android.AlipayGphone.AlipayLogin,topStateChangedWhenResumed]
12-14 16:22:40.286 22155 22155 I wm_on_restart_called: [0,185468407,com.miui.home.launcher.Launcher,,0]
12-14 16:22:40.287 22155 22155 I wm_on_start_called: [0,185468407,com.miui.home.launcher.Launcher,handleStartActivity,1]
12-14 16:22:40.292 22155 22155 I wm_on_resume_called: [0,185468407,com.miui.home.launcher.Launcher,RESUME_ACTIVITY,4]
12-14 16:22:40.331 22155 22155 I com.miui.home: CheckGCForNative adj_start_bytes: 39826208 NativeAllocationGcWatermark: 11288402 java_gc_start_bytes: 22893605 kNewNativeDiscountFactor: 2 kOldNativeDiscountFactor: 65536 old_native_bytes: 172851947 new_native_bytes: 23595928 add_bytes_allowed: 33865206 is_gc_concurrent: 1 target_footprint_: 23198355 GetBytesAllocated: 19976148 HeapGrowthMultiplier: 3
12-14 16:22:40.331 22155 22155 I com.miui.home: CheckGCForNative gc_urgency 0.797885 current_native_bytes is 196447875
12-14 16:22:40.349 22155 22155 I wm_on_idle_called: com.miui.home.launcher.Launcher
12-14 16:22:40.386 22155 22155 I wm_on_top_resumed_gained_called: [185468407,com.miui.home.launcher.Launcher,topStateChangedWhenResumed]
12-14 16:22:40.517 22155 26876 I com.miui.home: CheckGCForNative adj_start_bytes: 39826208 NativeAllocationGcWatermark: 11288402 java_gc_start_bytes: 22893605 kNewNativeDiscountFactor: 2 kOldNativeDiscountFactor: 65536 old_native_bytes: 172851947 new_native_bytes: 34461968 add_bytes_allowed: 33865206 is_gc_concurrent: 1 target_footprint_: 23198355 GetBytesAllocated: 20060674 HeapGrowthMultiplier: 3
12-14 16:22:40.521 22155 26876 I com.miui.home: CheckGCForNative gc_urgency 0.936426 current_native_bytes is 207313915
12-14 16:22:40.525 22155 26876 I com.miui.home: CheckGCForNative adj_start_bytes: 39826208 NativeAllocationGcWatermark: 11288402 java_gc_start_bytes: 22893605 kNewNativeDiscountFactor: 2 kOldNativeDiscountFactor: 65536 old_native_bytes: 172851947 new_native_bytes: 45180688 add_bytes_allowed: 33865206 is_gc_concurrent: 1 target_footprint_: 23198355 GetBytesAllocated: 20112761 HeapGrowthMultiplier: 3
12-14 16:22:40.525 22155 26876 I com.miui.home: CheckGCForNative gc_urgency 1.0723 current_native_bytes is 218032635
12-14 16:22:40.525 22155 26876 I com.miui.home: CheckGCForNative requested 1
12-14 16:22:40.553 22155 22171 I com.miui.home: CheckGCForNative adj_start_bytes: 39826208 NativeAllocationGcWatermark: 11288402 java_gc_start_bytes: 22893605 kNewNativeDiscountFactor: 2 kOldNativeDiscountFactor: 65536 old_native_bytes: 172851947 new_native_bytes: 45209360 add_bytes_allowed: 33865206 is_gc_concurrent: 1 target_footprint_: 23198355 GetBytesAllocated: 20342616 HeapGrowthMultiplier: 3
12-14 16:22:40.553 22155 22171 I com.miui.home: CheckGCForNative gc_urgency 1.07843 current_native_bytes is 218061307
12-14 16:22:40.553 22155 22171 I com.miui.home: CheckGCForNative requested 1
12-14 16:22:40.742 22155 22229 I com.miui.home: CheckGCForNative adj_start_bytes: 39826208 NativeAllocationGcWatermark: 11288402 java_gc_start_bytes: 22893605 kNewNativeDiscountFactor: 2 kOldNativeDiscountFactor: 65536 old_native_bytes: 172851947 new_native_bytes: 34536784 add_bytes_allowed: 33865206 is_gc_concurrent: 1 target_footprint_: 23198355 GetBytesAllocated: 20743775 HeapGrowthMultiplier: 3
12-14 16:22:40.743 22155 22229 I com.miui.home: CheckGCForNative gc_urgency 0.954517 current_native_bytes is 207388731
12-14 16:22:40.831 22155 22229 I com.miui.home: CheckGCForNative adj_start_bytes: 39826208 NativeAllocationGcWatermark: 11288402 java_gc_start_bytes: 22893605 kNewNativeDiscountFactor: 2 kOldNativeDiscountFactor: 65536 old_native_bytes: 172851947 new_native_bytes: 34544656 add_bytes_allowed: 33865206 is_gc_concurrent: 1 target_footprint_: 23198355 GetBytesAllocated: 20766336 HeapGrowthMultiplier: 3
12-14 16:22:40.831 22155 22229 I com.miui.home: CheckGCForNative gc_urgency 0.955183 current_native_bytes is 207396603
12-14 16:22:41.086 22155 22164 I com.miui.home: NativeAlloc concurrent copying GC freed 183861(8329KB) AllocSpace objects, 26(728KB) LOS objects, 49% free, 11MB/22MB, paused 90us,27us total 560.578ms
12-14 16:22:41.263 18879 18879 I wm_on_paused_called: [0,149717157,com.eg.android.AlipayGphone.AlipayLogin,performPause,122]
12-14 16:22:41.524 22155 22155 I wm_on_top_resumed_lost_called: [185468407,com.miui.home.launcher.Launcher,topStateChangedWhenResumed]
12-14 16:22:41.527 22155 22155 I wm_on_paused_called: [0,185468407,com.miui.home.launcher.Launcher,performPause,2]
12-14 16:22:41.646 18879 18879 I wm_on_stop_called: [0,149717157,com.eg.android.AlipayGphone.AlipayLogin,STOP_ACTIVITY_ITEM,114]
12-14 16:22:41.745 22155 22719 I com.miui.home: CheckGCForNative gc_urgency 0 current_native_bytes is 162383711
12-14 16:22:41.887 22155 22195 I com.miui.home: CheckGCForNative adj_start_bytes: 39769845 NativeAllocationGcWatermark: 11305578 java_gc_start_bytes: 22811478 kNewNativeDiscountFactor: 2 kOldNativeDiscountFactor: 65536 old_native_bytes: 162383711 new_native_bytes: 11294724 add_bytes_allowed: 33916734 is_gc_concurrent: 1 target_footprint_: 23335766 GetBytesAllocated: 13140333 HeapGrowthMultiplier: 3
12-14 16:22:41.887 22155 22195 I com.miui.home: CheckGCForNative gc_urgency 0.472473 current_native_bytes is 173678435
12-14 16:22:41.923 22155 22229 I com.miui.home: CheckGCForNative adj_start_bytes: 39769845 NativeAllocationGcWatermark: 11305578 java_gc_start_bytes: 22811478 kNewNativeDiscountFactor: 2 kOldNativeDiscountFactor: 65536 old_native_bytes: 162383711 new_native_bytes: 25825060 add_bytes_allowed: 33916734 is_gc_concurrent: 1 target_footprint_: 23335766 GetBytesAllocated: 13243137 HeapGrowthMultiplier: 3
12-14 16:22:41.923 22155 22229 I com.miui.home: CheckGCForNative gc_urgency 0.657738 current_native_bytes is 188208771
12-14 16:22:41.937 22155 22195 I com.miui.home: CheckGCForNative adj_start_bytes: 39769845 NativeAllocationGcWatermark: 11305578 java_gc_start_bytes: 22811478 kNewNativeDiscountFactor: 2 kOldNativeDiscountFactor: 65536 old_native_bytes: 162383711 new_native_bytes: 25827172 add_bytes_allowed: 33916734 is_gc_concurrent: 1 target_footprint_: 23335766 GetBytesAllocated: 13243137 HeapGrowthMultiplier: 3
12-14 16:22:41.937 22155 22195 I com.miui.home: CheckGCForNative gc_urgency 0.657765 current_native_bytes is 188210883
12-14 16:22:41.938 22155 22195 I com.miui.home: CheckGCForNative adj_start_bytes: 39769845 NativeAllocationGcWatermark: 11305578 java_gc_start_bytes: 22811478 kNewNativeDiscountFactor: 2 kOldNativeDiscountFactor: 65536 old_native_bytes: 162383711 new_native_bytes: 14030692 add_bytes_allowed: 33916734 is_gc_concurrent: 1 target_footprint_: 23335766 GetBytesAllocated: 13243137 HeapGrowthMultiplier: 3
12-14 16:22:41.938 22155 22195 I com.miui.home: CheckGCForNative gc_urgency 0.509455 current_native_bytes is 176414403
12-14 16:22:41.990 22155 22229 I com.miui.home: CheckGCForNative adj_start_bytes: 39769845 NativeAllocationGcWatermark: 11305578 java_gc_start_bytes: 22811478 kNewNativeDiscountFactor: 2 kOldNativeDiscountFactor: 65536 old_native_bytes: 162383711 new_native_bytes: 14036324 add_bytes_allowed: 33916734 is_gc_concurrent: 1 target_footprint_: 23335766 GetBytesAllocated: 13300657 HeapGrowthMultiplier: 3
12-14 16:22:41.990 22155 22229 I com.miui.home: CheckGCForNative gc_urgency 0.510972 current_native_bytes is 176420035
12-14 16:22:42.009 22155 22195 I com.miui.home: CheckGCForNative adj_start_bytes: 39769845 NativeAllocationGcWatermark: 11305578 java_gc_start_bytes: 22811478 kNewNativeDiscountFactor: 2 kOldNativeDiscountFactor: 65536 old_native_bytes: 162383711 new_native_bytes: 14861672 add_bytes_allowed: 33916734 is_gc_concurrent: 1 target_footprint_: 23335766 GetBytesAllocated: 13339372 HeapGrowthMultiplier: 3
12-14 16:22:42.009 22155 22195 I com.miui.home: CheckGCForNative gc_urgency 0.522322 current_native_bytes is 177245383
12-14 16:22:42.199 22155 22195 I com.miui.home: CheckGCForNative adj_start_bytes: 39769845 NativeAllocationGcWatermark: 11305578 java_gc_start_bytes: 22811478 kNewNativeDiscountFactor: 2 kOldNativeDiscountFactor: 65536 old_native_bytes: 162383711 new_native_bytes: 16438032 add_bytes_allowed: 33916734 is_gc_concurrent: 1 target_footprint_: 23335766 GetBytesAllocated: 13804820 HeapGrowthMultiplier: 3
12-14 16:22:42.199 22155 22195 I com.miui.home: CheckGCForNative gc_urgency 0.553845 current_native_bytes is 178821743
12-14 16:22:42.199 22155 22195 I com.miui.home: CheckGCForNative adj_start_bytes: 39769845 NativeAllocationGcWatermark: 11305578 java_gc_start_bytes: 22811478 kNewNativeDiscountFactor: 2 kOldNativeDiscountFactor: 65536 old_native_bytes: 162383711 new_native_bytes: 17888664 add_bytes_allowed: 33916734 is_gc_concurrent: 1 target_footprint_: 23335766 GetBytesAllocated: 13804820 HeapGrowthMultiplier: 3
12-14 16:22:42.199 22155 22195 I com.miui.home: CheckGCForNative gc_urgency 0.572082 current_native_bytes is 180272375
12-14 16:22:42.216 22155 22195 I com.miui.home: CheckGCForNative adj_start_bytes: 39769845 NativeAllocationGcWatermark: 11305578 java_gc_start_bytes: 22811478 kNewNativeDiscountFactor: 2 kOldNativeDiscountFactor: 65536 old_native_bytes: 162383711 new_native_bytes: 30474392 add_bytes_allowed: 33916734 is_gc_concurrent: 1 target_footprint_: 23335766 GetBytesAllocated: 13804820 HeapGrowthMultiplier: 3
12-14 16:22:42.216 22155 22195 I com.miui.home: CheckGCForNative gc_urgency 0.730314 current_native_bytes is 192858103
12-14 16:22:42.943 22155 22193 I com.miui.home: CheckGCForNative adj_start_bytes: 39769845 NativeAllocationGcWatermark: 11305578 java_gc_start_bytes: 22811478 kNewNativeDiscountFactor: 2 kOldNativeDiscountFactor: 65536 old_native_bytes: 162383711 new_native_bytes: 28965784 add_bytes_allowed: 33916734 is_gc_concurrent: 1 target_footprint_: 23335766 GetBytesAllocated: 13914157 HeapGrowthMultiplier: 3
12-14 16:22:42.944 22155 22193 I com.miui.home: CheckGCForNative gc_urgency 0.714097 current_native_bytes is 191349495
12-14 16:22:42.958 22155 22193 I com.miui.home: CheckGCForNative adj_start_bytes: 39769845 NativeAllocationGcWatermark: 11305578 java_gc_start_bytes: 22811478 kNewNativeDiscountFactor: 2 kOldNativeDiscountFactor: 65536 old_native_bytes: 162383711 new_native_bytes: 28938024 add_bytes_allowed: 33916734 is_gc_concurrent: 1 target_footprint_: 23335766 GetBytesAllocated: 13914269 HeapGrowthMultiplier: 3
12-14 16:22:42.958 22155 22193 I com.miui.home: CheckGCForNative gc_urgency 0.713751 current_native_bytes is 191321735
12-14 16:22:42.964 22155 22193 I com.miui.home: CheckGCForNative adj_start_bytes: 39769845 NativeAllocationGcWatermark: 11305578 java_gc_start_bytes: 22811478 kNewNativeDiscountFactor: 2 kOldNativeDiscountFactor: 65536 old_native_bytes: 162383711 new_native_bytes: 29334376 add_bytes_allowed: 33916734 is_gc_concurrent: 1 target_footprint_: 23335766 GetBytesAllocated: 13914269 HeapGrowthMultiplier: 3
12-14 16:22:42.964 22155 22193 I com.miui.home: CheckGCForNative gc_urgency 0.718734 current_native_bytes is 191718087
12-14 16:22:43.859 20029 20029 I wm_on_application_create_called: [0,com.ss.android.ugc.aweme,670]
12-14 16:22:44.445 20029 20029 I wm_on_create_called: [0,251949983,com.ss.android.ugc.aweme.splash.SplashActivity,performCreate,420]
12-14 16:22:44.678 20029 20029 I wm_on_start_called: [0,251949983,com.ss.android.ugc.aweme.splash.SplashActivity,handleStartActivity,227]
12-14 16:22:44.728 20029 20029 I wm_on_resume_called: [0,251949983,com.ss.android.ugc.aweme.splash.SplashActivity,RESUME_ACTIVITY,44]
12-14 16:22:44.786 20029 20029 I wm_on_top_resumed_gained_called: [251949983,com.ss.android.ugc.aweme.splash.SplashActivity,topStateChangedWhenResumed]
12-14 16:22:45.428 22155 22155 I wm_on_resume_called: [0,185468407,com.miui.home.launcher.Launcher,RESUME_ACTIVITY,5]
12-14 16:22:45.435 22155 22155 I wm_on_idle_called: com.miui.home.launcher.Launcher
12-14 16:22:45.442 22155  6280 I com.miui.home: CheckGCForNative adj_start_bytes: 39769845 NativeAllocationGcWatermark: 11305578 java_gc_start_bytes: 22811478 kNewNativeDiscountFactor: 2 kOldNativeDiscountFactor: 65536 old_native_bytes: 162383711 new_native_bytes: 29872764 add_bytes_allowed: 33916734 is_gc_concurrent: 1 target_footprint_: 23335766 GetBytesAllocated: 14786890 HeapGrowthMultiplier: 3
12-14 16:22:45.442 22155  6280 I com.miui.home: CheckGCForNative gc_urgency 0.747444 current_native_bytes is 192256475
12-14 16:22:45.657 22155 25734 I com.miui.home: CheckGCForNative adj_start_bytes: 39769845 NativeAllocationGcWatermark: 11305578 java_gc_start_bytes: 22811478 kNewNativeDiscountFactor: 2 kOldNativeDiscountFactor: 65536 old_native_bytes: 162383711 new_native_bytes: 40618340 add_bytes_allowed: 33916734 is_gc_concurrent: 1 target_footprint_: 23335766 GetBytesAllocated: 15535777 HeapGrowthMultiplier: 3
12-14 16:22:45.657 22155 25734 I com.miui.home: CheckGCForNative gc_urgency 0.901372 current_native_bytes is 203002051
12-14 16:22:45.658 22155 25734 I com.miui.home: CheckGCForNative adj_start_bytes: 39769845 NativeAllocationGcWatermark: 11305578 java_gc_start_bytes: 22811478 kNewNativeDiscountFactor: 2 kOldNativeDiscountFactor: 65536 old_native_bytes: 162383711 new_native_bytes: 62031204 add_bytes_allowed: 33916734 is_gc_concurrent: 1 target_footprint_: 23335766 GetBytesAllocated: 15535969 HeapGrowthMultiplier: 3
12-14 16:22:45.658 22155 25734 I com.miui.home: CheckGCForNative gc_urgency 1.17059 current_native_bytes is 224414915
12-14 16:22:45.658 22155 25734 I com.miui.home: CheckGCForNative requested 1
12-14 16:22:45.659 22155 26876 I com.miui.home: CheckGCForNative adj_start_bytes: 39769845 NativeAllocationGcWatermark: 11305578 java_gc_start_bytes: 22811478 kNewNativeDiscountFactor: 2 kOldNativeDiscountFactor: 65536 old_native_bytes: 162383711 new_native_bytes: 51324260 add_bytes_allowed: 33916734 is_gc_concurrent: 1 target_footprint_: 23335766 GetBytesAllocated: 15535777 HeapGrowthMultiplier: 3
12-14 16:22:45.659 22155 26876 I com.miui.home: CheckGCForNative gc_urgency 1.0363 current_native_bytes is 213707971
12-14 16:22:45.660 22155 26876 I com.miui.home: CheckGCForNative requested 1
12-14 16:22:45.721 22155 22229 I com.miui.home: CheckGCForNative adj_start_bytes: 39769845 NativeAllocationGcWatermark: 11305578 java_gc_start_bytes: 22811478 kNewNativeDiscountFactor: 2 kOldNativeDiscountFactor: 65536 old_native_bytes: 162383711 new_native_bytes: 40676228 add_bytes_allowed: 33916734 is_gc_concurrent: 1 target_footprint_: 23335766 GetBytesAllocated: 15582803 HeapGrowthMultiplier: 3
12-14 16:22:45.721 22155 22229 I com.miui.home: CheckGCForNative gc_urgency 0.903282 current_native_bytes is 203059939
12-14 16:22:45.885 22155 22155 I wm_on_top_resumed_gained_called: [185468407,com.miui.home.launcher.Launcher,topStateChangedWhenResumed]
12-14 16:22:45.921 22155 22229 I com.miui.home: CheckGCForNative adj_start_bytes: 39769845 NativeAllocationGcWatermark: 11305578 java_gc_start_bytes: 22811478 kNewNativeDiscountFactor: 2 kOldNativeDiscountFactor: 65536 old_native_bytes: 162383711 new_native_bytes: 40692036 add_bytes_allowed: 33916734 is_gc_concurrent: 1 target_footprint_: 23335766 GetBytesAllocated: 15697584 HeapGrowthMultiplier: 3
12-14 16:22:45.921 22155 22229 I com.miui.home: CheckGCForNative gc_urgency 0.906367 current_native_bytes is 203075747
12-14 16:22:45.930 22155 22164 I com.miui.home: NativeAlloc concurrent copying GC freed 79661(3678KB) AllocSpace objects, 12(336KB) LOS objects, 49% free, 11MB/22MB, paused 77us,140us total 270.539ms
12-14 16:22:46.149 22155 22228 I com.miui.home: CheckGCForNative gc_urgency 0 current_native_bytes is 175204943
12-14 16:22:46.149 22155 22228 I com.miui.home: CheckGCForNative adj_start_bytes: 39981064 NativeAllocationGcWatermark: 11290487 java_gc_start_bytes: 23045334 kNewNativeDiscountFactor: 2 kOldNativeDiscountFactor: 65536 old_native_bytes: 175204943 new_native_bytes: 10706944 add_bytes_allowed: 33871461 is_gc_concurrent: 1 target_footprint_: 23215035 GetBytesAllocated: 11763035 HeapGrowthMultiplier: 3
12-14 16:22:46.150 22155 22228 I com.miui.home: CheckGCForNative gc_urgency 0.428182 current_native_bytes is 185911887
12-14 16:22:46.155 22155 23438 I com.miui.home: CheckGCForNative adj_start_bytes: 39981064 NativeAllocationGcWatermark: 11290487 java_gc_start_bytes: 23045334 kNewNativeDiscountFactor: 2 kOldNativeDiscountFactor: 65536 old_native_bytes: 175204943 new_native_bytes: 10707456 add_bytes_allowed: 33871461 is_gc_concurrent: 1 target_footprint_: 23215035 GetBytesAllocated: 11779419 HeapGrowthMultiplier: 3
12-14 16:22:46.155 22155 23438 I com.miui.home: CheckGCForNative gc_urgency 0.428598 current_native_bytes is 185912399
12-14 16:22:46.887 22155 22392 I com.miui.home: CheckGCForNative adj_start_bytes: 39981064 NativeAllocationGcWatermark: 11290487 java_gc_start_bytes: 23045334 kNewNativeDiscountFactor: 2 kOldNativeDiscountFactor: 65536 old_native_bytes: 175204943 new_native_bytes: 11462708 add_bytes_allowed: 33871461 is_gc_concurrent: 1 target_footprint_: 23215035 GetBytesAllocated: 12484595 HeapGrowthMultiplier: 3
12-14 16:22:46.888 22155 22392 I com.miui.home: CheckGCForNative gc_urgency 0.455681 current_native_bytes is 186667651
12-14 16:22:46.903 22155 22392 I com.miui.home: CheckGCForNative adj_start_bytes: 39981064 NativeAllocationGcWatermark: 11290487 java_gc_start_bytes: 23045334 kNewNativeDiscountFactor: 2 kOldNativeDiscountFactor: 65536 old_native_bytes: 175204943 new_native_bytes: 798088 add_bytes_allowed: 33871461 is_gc_concurrent: 1 target_footprint_: 23215035 GetBytesAllocated: 12701650 HeapGrowthMultiplier: 3
12-14 16:22:46.903 22155 22392 I com.miui.home: CheckGCForNative gc_urgency 0.327739 current_native_bytes is 176003031
12-14 16:22:46.925 20029 20029 I wm_on_top_resumed_lost_called: [251949983,com.ss.android.ugc.aweme.splash.SplashActivity,topStateChangedWhenResumed]
12-14 16:22:47.123 20029 20029 I wm_on_paused_called: [0,251949983,com.ss.android.ugc.aweme.splash.SplashActivity,performPause,98]
12-14 16:22:47.645 20029 20029 I wm_on_stop_called: [0,251949983,com.ss.android.ugc.aweme.splash.SplashActivity,STOP_ACTIVITY_ITEM,399]