12-18 10:52:51.264  3312  3531 I com.miui.home: CheckGCForNative adj_start_bytes: 41522535 NativeAllocationGcWatermark: 11462919 java_gc_start_bytes: 24328157 kNewNativeDiscountFactor: 2 kOldNativeDiscountFactor: 65536 old_native_bytes: 137786207 new_native_bytes: 23638292 add_bytes_allowed: 34388757 is_gc_concurrent: 1 target_footprint_: 24594493 GetBytesAllocated: 19388136 HeapGrowthMultiplier: 3
12-18 10:52:51.264  3312  3531 I com.miui.home: CheckGCForNative gc_urgency 0.751735 current_native_bytes is 161424499
12-18 10:52:51.464  3312  3531 I com.miui.home: CheckGCForNative adj_start_bytes: 41522535 NativeAllocationGcWatermark: 11462919 java_gc_start_bytes: 24328157 kNewNativeDiscountFactor: 2 kOldNativeDiscountFactor: 65536 old_native_bytes: 137786207 new_native_bytes: 24268124 add_bytes_allowed: 34388757 is_gc_concurrent: 1 target_footprint_: 24594493 GetBytesAllocated: 20317064 HeapGrowthMultiplier: 3
12-18 10:52:51.464  3312  3531 I com.miui.home: CheckGCForNative gc_urgency 0.781581 current_native_bytes is 162054331
12-18 10:52:51.891 12608 12608 I wm_on_create_called: [0,109793910,com.sina.weibo.SplashActivity,performCreate,155]
12-18 10:52:51.896 12608 12608 I wm_on_start_called: [0,109793910,com.sina.weibo.SplashActivity,handleStartActivity,5]
12-18 10:52:51.907 12608 12608 I wm_on_resume_called: [0,109793910,com.sina.weibo.SplashActivity,RESUME_ACTIVITY,8]
12-18 10:52:51.913 12608 12608 I wm_on_top_resumed_gained_called: [109793910,com.sina.weibo.SplashActivity,topStateChangedWhenResumed]
12-18 10:52:52.103  3312  3312 I wm_on_stop_called: [0,212649505,com.miui.home.launcher.Launcher,STOP_ACTIVITY_ITEM,5]
12-18 10:52:52.196 12608 12608 I wm_on_idle_called: com.sina.weibo.SplashActivity
12-18 10:52:52.385 12608 12608 I wm_on_top_resumed_lost_called: [109793910,com.sina.weibo.SplashActivity,topStateChangedWhenResumed]
12-18 10:52:52.397  3312  3312 I wm_on_restart_called: [0,212649505,com.miui.home.launcher.Launcher,,0]
12-18 10:52:52.398  3312  3312 I wm_on_start_called: [0,212649505,com.miui.home.launcher.Launcher,handleStartActivity,1]
12-18 10:52:52.407  3312  3312 I wm_on_resume_called: [0,212649505,com.miui.home.launcher.Launcher,RESUME_ACTIVITY,9]
12-18 10:52:52.437  3312  3312 I com.miui.home: CheckGCForNative adj_start_bytes: 41522535 NativeAllocationGcWatermark: 11462919 java_gc_start_bytes: 24328157 kNewNativeDiscountFactor: 2 kOldNativeDiscountFactor: 65536 old_native_bytes: 137786207 new_native_bytes: 24327536 add_bytes_allowed: 34388757 is_gc_concurrent: 1 target_footprint_: 24594493 GetBytesAllocated: 21932816 HeapGrowthMultiplier: 3
12-18 10:52:52.437  3312  3312 I com.miui.home: CheckGCForNative gc_urgency 0.821209 current_native_bytes is 162113743
12-18 10:52:52.450  3312  3312 I wm_on_top_resumed_gained_called: [212649505,com.miui.home.launcher.Launcher,topStateChangedWhenResumed]
12-18 10:52:52.453  3312  3312 I wm_on_idle_called: com.miui.home.launcher.Launcher
12-18 10:52:52.519  3312  3366 I com.miui.home: CheckGCForNative adj_start_bytes: 41522535 NativeAllocationGcWatermark: 11462919 java_gc_start_bytes: 24328157 kNewNativeDiscountFactor: 2 kOldNativeDiscountFactor: 65536 old_native_bytes: 137786207 new_native_bytes: 24434400 add_bytes_allowed: 34388757 is_gc_concurrent: 1 target_footprint_: 24594493 GetBytesAllocated: 21983038 HeapGrowthMultiplier: 3
12-18 10:52:52.519  3312  3366 I com.miui.home: CheckGCForNative gc_urgency 0.823705 current_native_bytes is 162220607
12-18 10:52:52.536  3312  3642 I com.miui.home: CheckGCForNative adj_start_bytes: 41522535 NativeAllocationGcWatermark: 11462919 java_gc_start_bytes: 24328157 kNewNativeDiscountFactor: 2 kOldNativeDiscountFactor: 65536 old_native_bytes: 137786207 new_native_bytes: 35141600 add_bytes_allowed: 34388757 is_gc_concurrent: 1 target_footprint_: 24594493 GetBytesAllocated: 22012262 HeapGrowthMultiplier: 3
12-18 10:52:52.537  3312  3366 I com.miui.home: CheckGCForNative adj_start_bytes: 41522535 NativeAllocationGcWatermark: 11462919 java_gc_start_bytes: 24328157 kNewNativeDiscountFactor: 2 kOldNativeDiscountFactor: 65536 old_native_bytes: 137786207 new_native_bytes: 45847456 add_bytes_allowed: 34388757 is_gc_concurrent: 1 target_footprint_: 24594493 GetBytesAllocated: 22012262 HeapGrowthMultiplier: 3
12-18 10:52:52.537  3312  3366 I com.miui.home: CheckGCForNative gc_urgency 1.08226 current_native_bytes is 183633663
12-18 10:52:52.537  3312  3366 I com.miui.home: CheckGCForNative requested 1
12-18 10:52:52.537  3312  3642 I com.miui.home: CheckGCForNative gc_urgency 0.953342 current_native_bytes is 172927807
12-18 10:52:52.538  3312  3312 I com.miui.home: CheckGCForNative adj_start_bytes: 41522535 NativeAllocationGcWatermark: 11462919 java_gc_start_bytes: 24328157 kNewNativeDiscountFactor: 2 kOldNativeDiscountFactor: 65536 old_native_bytes: 137786207 new_native_bytes: 67261728 add_bytes_allowed: 34388757 is_gc_concurrent: 1 target_footprint_: 24594493 GetBytesAllocated: 22028429 HeapGrowthMultiplier: 3
12-18 10:52:52.538  3312  3366 I com.miui.home: CheckGCForNative adj_start_bytes: 41522535 NativeAllocationGcWatermark: 11462919 java_gc_start_bytes: 24328157 kNewNativeDiscountFactor: 2 kOldNativeDiscountFactor: 65536 old_native_bytes: 137786207 new_native_bytes: 67261728 add_bytes_allowed: 34388757 is_gc_concurrent: 1 target_footprint_: 24594493 GetBytesAllocated: 22028429 HeapGrowthMultiplier: 3
12-18 10:52:52.538  3312  3312 I com.miui.home: CheckGCForNative gc_urgency 1.34051 current_native_bytes is 205047935
12-18 10:52:52.538  3312  3312 I com.miui.home: CheckGCForNative requested 1
12-18 10:52:52.539  3312  3366 I com.miui.home: CheckGCForNative gc_urgency 1.34051 current_native_bytes is 205047935
12-18 10:52:52.539  3312  3366 I com.miui.home: CheckGCForNative requested 1
12-18 10:52:52.834  3312  3531 I com.miui.home: CheckGCForNative gc_urgency 0 current_native_bytes is 137452039
12-18 10:52:53.010  3312  3530 I com.miui.home: CheckGCForNative adj_start_bytes: 41201914 NativeAllocationGcWatermark: 11414931 java_gc_start_bytes: 24079518 kNewNativeDiscountFactor: 2 kOldNativeDiscountFactor: 65536 old_native_bytes: 137452039 new_native_bytes: 10722496 add_bytes_allowed: 34244793 is_gc_concurrent: 1 target_footprint_: 24210590 GetBytesAllocated: 12323804 HeapGrowthMultiplier: 3
12-18 10:52:53.011  3312  3530 I com.miui.home: CheckGCForNative gc_urgency 0.42928 current_native_bytes is 148174535
12-18 10:52:53.012  3312  3366 I com.miui.home: CheckGCForNative adj_start_bytes: 41201914 NativeAllocationGcWatermark: 11414931 java_gc_start_bytes: 24079518 kNewNativeDiscountFactor: 2 kOldNativeDiscountFactor: 65536 old_native_bytes: 137452039 new_native_bytes: 21428736 add_bytes_allowed: 34244793 is_gc_concurrent: 1 target_footprint_: 24210590 GetBytesAllocated: 12340380 HeapGrowthMultiplier: 3
12-18 10:52:53.012  3312  3366 I com.miui.home: CheckGCForNative gc_urgency 0.559606 current_native_bytes is 158880775
12-18 10:52:53.013  3312  3312 I com.miui.home: CheckGCForNative adj_start_bytes: 41201914 NativeAllocationGcWatermark: 11414931 java_gc_start_bytes: 24079518 kNewNativeDiscountFactor: 2 kOldNativeDiscountFactor: 65536 old_native_bytes: 137452039 new_native_bytes: 42853024 add_bytes_allowed: 34244793 is_gc_concurrent: 1 target_footprint_: 24210590 GetBytesAllocated: 12342011 HeapGrowthMultiplier: 3
12-18 10:52:53.014  3312  3312 I com.miui.home: CheckGCForNative gc_urgency 0.819637 current_native_bytes is 180305063
12-18 10:52:53.015  3312  3530 I com.miui.home: CheckGCForNative adj_start_bytes: 41201914 NativeAllocationGcWatermark: 11414931 java_gc_start_bytes: 24079518 kNewNativeDiscountFactor: 2 kOldNativeDiscountFactor: 65536 old_native_bytes: 137452039 new_native_bytes: 32134272 add_bytes_allowed: 34244793 is_gc_concurrent: 1 target_footprint_: 24210590 GetBytesAllocated: 12340572 HeapGrowthMultiplier: 3
12-18 10:52:53.015  3312  3530 I com.miui.home: CheckGCForNative gc_urgency 0.689561 current_native_bytes is 169586311
12-18 10:52:53.020 12608 12608 I wm_on_paused_called: [0,109793910,com.sina.weibo.SplashActivity,performPause,0]
12-18 10:52:53.112 12608 12608 I wm_on_stop_called: [0,109793910,com.sina.weibo.SplashActivity,STOP_ACTIVITY_ITEM,9]
12-18 10:52:53.114  3312  3312 I com.miui.home: CheckGCForNative adj_start_bytes: 41201914 NativeAllocationGcWatermark: 11414931 java_gc_start_bytes: 24079518 kNewNativeDiscountFactor: 2 kOldNativeDiscountFactor: 65536 old_native_bytes: 137452039 new_native_bytes: 21327336 add_bytes_allowed: 34244793 is_gc_concurrent: 1 target_footprint_: 24210590 GetBytesAllocated: 12394122 HeapGrowthMultiplier: 3
12-18 10:52:53.114  3312  3312 I com.miui.home: CheckGCForNative gc_urgency 0.55968 current_native_bytes is 158779375
12-18 10:52:53.210  3312  3764 I com.miui.home: CheckGCForNative adj_start_bytes: 41201914 NativeAllocationGcWatermark: 11414931 java_gc_start_bytes: 24079518 kNewNativeDiscountFactor: 2 kOldNativeDiscountFactor: 65536 old_native_bytes: 137452039 new_native_bytes: 32837020 add_bytes_allowed: 34244793 is_gc_concurrent: 1 target_footprint_: 24210590 GetBytesAllocated: 13118316 HeapGrowthMultiplier: 3
12-18 10:52:53.210  3312  3764 I com.miui.home: CheckGCForNative gc_urgency 0.716931 current_native_bytes is 170289059
12-18 10:52:53.244  3312  3764 I com.miui.home: CheckGCForNative adj_start_bytes: 41201914 NativeAllocationGcWatermark: 11414931 java_gc_start_bytes: 24079518 kNewNativeDiscountFactor: 2 kOldNativeDiscountFactor: 65536 old_native_bytes: 137452039 new_native_bytes: 22487152 add_bytes_allowed: 34244793 is_gc_concurrent: 1 target_footprint_: 24210590 GetBytesAllocated: 13583453 HeapGrowthMultiplier: 3
12-18 10:52:53.244  3312  3764 I com.miui.home: CheckGCForNative gc_urgency 0.602621 current_native_bytes is 159939191
12-18 10:52:53.340  3312  3312 I wm_on_top_resumed_lost_called: [212649505,com.miui.home.launcher.Launcher,topStateChangedWhenResumed]
12-18 10:52:53.346  3312  3312 I wm_on_paused_called: [0,212649505,com.miui.home.launcher.Launcher,performPause,2]
12-18 10:52:53.580  3312  3531 I com.miui.home: CheckGCForNative adj_start_bytes: 41201914 NativeAllocationGcWatermark: 11414931 java_gc_start_bytes: 24079518 kNewNativeDiscountFactor: 2 kOldNativeDiscountFactor: 65536 old_native_bytes: 137452039 new_native_bytes: 23312452 add_bytes_allowed: 34244793 is_gc_concurrent: 1 target_footprint_: 24210590 GetBytesAllocated: 15067292 HeapGrowthMultiplier: 3
12-18 10:52:53.580  3312  3531 I com.miui.home: CheckGCForNative gc_urgency 0.64865 current_native_bytes is 160764491
12-18 10:52:53.847  3312  3531 I com.miui.home: CheckGCForNative adj_start_bytes: 41201914 NativeAllocationGcWatermark: 11414931 java_gc_start_bytes: 24079518 kNewNativeDiscountFactor: 2 kOldNativeDiscountFactor: 65536 old_native_bytes: 137452039 new_native_bytes: 23533624 add_bytes_allowed: 34244793 is_gc_concurrent: 1 target_footprint_: 24210590 GetBytesAllocated: 15627102 HeapGrowthMultiplier: 3
12-18 10:52:53.847  3312  3531 I com.miui.home: CheckGCForNative gc_urgency 0.664921 current_native_bytes is 160985663
12-18 10:52:53.859  3312  3531 I com.miui.home: CheckGCForNative adj_start_bytes: 41201914 NativeAllocationGcWatermark: 11414931 java_gc_start_bytes: 24079518 kNewNativeDiscountFactor: 2 kOldNativeDiscountFactor: 65536 old_native_bytes: 137452039 new_native_bytes: 23536376 add_bytes_allowed: 34244793 is_gc_concurrent: 1 target_footprint_: 24210590 GetBytesAllocated: 15627102 HeapGrowthMultiplier: 3
12-18 10:52:53.859  3312  3531 I com.miui.home: CheckGCForNative gc_urgency 0.664954 current_native_bytes is 160988415
12-18 10:52:54.079 12779 12779 I wm_on_application_create_called: [0,com.UCMobile,239]
12-18 10:52:54.749  3312  3312 I wm_on_resume_called: [0,212649505,com.miui.home.launcher.Launcher,RESUME_ACTIVITY,5]
12-18 10:52:54.763  3312  3312 I wm_on_idle_called: com.miui.home.launcher.Launcher
12-18 10:52:54.876  3312  3642 I com.miui.home: CheckGCForNative adj_start_bytes: 41201914 NativeAllocationGcWatermark: 11414931 java_gc_start_bytes: 24079518 kNewNativeDiscountFactor: 2 kOldNativeDiscountFactor: 65536 old_native_bytes: 137452039 new_native_bytes: 34167812 add_bytes_allowed: 34244793 is_gc_concurrent: 1 target_footprint_: 24210590 GetBytesAllocated: 17263619 HeapGrowthMultiplier: 3
12-18 10:52:54.876  3312  3642 I com.miui.home: CheckGCForNative gc_urgency 0.83369 current_native_bytes is 171619851
12-18 10:52:54.876  3312  3642 I com.miui.home: CheckGCForNative adj_start_bytes: 41201914 NativeAllocationGcWatermark: 11414931 java_gc_start_bytes: 24079518 kNewNativeDiscountFactor: 2 kOldNativeDiscountFactor: 65536 old_native_bytes: 137452039 new_native_bytes: 44874756 add_bytes_allowed: 34244793 is_gc_concurrent: 1 target_footprint_: 24210590 GetBytesAllocated: 17272912 HeapGrowthMultiplier: 3
12-18 10:52:54.876  3312  3642 I com.miui.home: CheckGCForNative gc_urgency 0.963848 current_native_bytes is 182326795
12-18 10:52:54.905  3312  3672 I com.miui.home: CheckGCForNative adj_start_bytes: 41201914 NativeAllocationGcWatermark: 11414931 java_gc_start_bytes: 24079518 kNewNativeDiscountFactor: 2 kOldNativeDiscountFactor: 65536 old_native_bytes: 137452039 new_native_bytes: 44881188 add_bytes_allowed: 34244793 is_gc_concurrent: 1 target_footprint_: 24210590 GetBytesAllocated: 17320465 HeapGrowthMultiplier: 3
12-18 10:52:54.909  3312  3672 I com.miui.home: CheckGCForNative gc_urgency 0.96508 current_native_bytes is 182333227
12-18 10:52:54.939  3312  3531 I com.miui.home: CheckGCForNative adj_start_bytes: 41201914 NativeAllocationGcWatermark: 11414931 java_gc_start_bytes: 24079518 kNewNativeDiscountFactor: 2 kOldNativeDiscountFactor: 65536 old_native_bytes: 137452039 new_native_bytes: 34178596 add_bytes_allowed: 34244793 is_gc_concurrent: 1 target_footprint_: 24210590 GetBytesAllocated: 17320689 HeapGrowthMultiplier: 3
12-18 10:52:54.939  3312  3531 I com.miui.home: CheckGCForNative gc_urgency 0.835206 current_native_bytes is 171630635
12-18 10:52:55.032 12779 12779 I wm_on_create_called: [0,105939167,com.UCMobile.main.UCMobile,performCreate,930]
12-18 10:52:55.151  3312  3531 I com.miui.home: CheckGCForNative adj_start_bytes: 41201914 NativeAllocationGcWatermark: 11414931 java_gc_start_bytes: 24079518 kNewNativeDiscountFactor: 2 kOldNativeDiscountFactor: 65536 old_native_bytes: 137452039 new_native_bytes: 34170340 add_bytes_allowed: 34244793 is_gc_concurrent: 1 target_footprint_: 24210590 GetBytesAllocated: 17415618 HeapGrowthMultiplier: 3
12-18 10:52:55.151  3312  3531 I com.miui.home: CheckGCForNative gc_urgency 0.83741 current_native_bytes is 171622379
12-18 10:52:55.156  3312  3312 I wm_on_top_resumed_gained_called: [212649505,com.miui.home.launcher.Launcher,topStateChangedWhenResumed]
12-18 10:52:55.252 12779 12779 I wm_on_create_called: [0,27983073,com.uc.browser.InnerUCMobile,performCreate,47]
12-18 10:52:55.275 12779 12779 I wm_on_start_called: [0,27983073,com.uc.browser.InnerUCMobile,handleStartActivity,21]
12-18 10:52:55.296  3312  3531 I com.miui.home: CheckGCForNative adj_start_bytes: 41201914 NativeAllocationGcWatermark: 11414931 java_gc_start_bytes: 24079518 kNewNativeDiscountFactor: 2 kOldNativeDiscountFactor: 65536 old_native_bytes: 137452039 new_native_bytes: 34182180 add_bytes_allowed: 34244793 is_gc_concurrent: 1 target_footprint_: 24210590 GetBytesAllocated: 17542853 HeapGrowthMultiplier: 3
12-18 10:52:55.296  3312  3531 I com.miui.home: CheckGCForNative gc_urgency 0.840642 current_native_bytes is 171634219
12-18 10:52:55.359 12779 12779 I wm_on_resume_called: [0,27983073,com.uc.browser.InnerUCMobile,RESUME_ACTIVITY,47]
12-18 10:52:55.367  3312  3530 I com.miui.home: CheckGCForNative adj_start_bytes: 41201914 NativeAllocationGcWatermark: 11414931 java_gc_start_bytes: 24079518 kNewNativeDiscountFactor: 2 kOldNativeDiscountFactor: 65536 old_native_bytes: 137452039 new_native_bytes: 45019716 add_bytes_allowed: 34244793 is_gc_concurrent: 1 target_footprint_: 24210590 GetBytesAllocated: 17913948 HeapGrowthMultiplier: 3
12-18 10:52:55.367  3312  3530 I com.miui.home: CheckGCForNative gc_urgency 0.981166 current_native_bytes is 182471755
12-18 10:52:55.367  3312  3530 I com.miui.home: CheckGCForNative adj_start_bytes: 41201914 NativeAllocationGcWatermark: 11414931 java_gc_start_bytes: 24079518 kNewNativeDiscountFactor: 2 kOldNativeDiscountFactor: 65536 old_native_bytes: 137452039 new_native_bytes: 55727172 add_bytes_allowed: 34244793 is_gc_concurrent: 1 target_footprint_: 24210590 GetBytesAllocated: 17914140 HeapGrowthMultiplier: 3
12-18 10:52:55.367  3312  3530 I com.miui.home: CheckGCForNative gc_urgency 1.11111 current_native_bytes is 193179211
12-18 10:52:55.367  3312  3530 I com.miui.home: CheckGCForNative requested 1
12-18 10:52:55.368  3312  3672 I com.miui.home: CheckGCForNative adj_start_bytes: 41201914 NativeAllocationGcWatermark: 11414931 java_gc_start_bytes: 24079518 kNewNativeDiscountFactor: 2 kOldNativeDiscountFactor: 65536 old_native_bytes: 137452039 new_native_bytes: 55728004 add_bytes_allowed: 34244793 is_gc_concurrent: 1 target_footprint_: 24210590 GetBytesAllocated: 17914140 HeapGrowthMultiplier: 3
12-18 10:52:55.368  3312  3672 I com.miui.home: CheckGCForNative gc_urgency 1.11112 current_native_bytes is 193180043
12-18 10:52:55.368  3312  3672 I com.miui.home: CheckGCForNative requested 1
12-18 10:52:55.514  3312  3764 I com.miui.home: CheckGCForNative adj_start_bytes: 41201914 NativeAllocationGcWatermark: 11414931 java_gc_start_bytes: 24079518 kNewNativeDiscountFactor: 2 kOldNativeDiscountFactor: 65536 old_native_bytes: 137452039 new_native_bytes: 55775360 add_bytes_allowed: 34244793 is_gc_concurrent: 1 target_footprint_: 24210590 GetBytesAllocated: 18238931 HeapGrowthMultiplier: 3
12-18 10:52:55.514  3312  3764 I com.miui.home: CheckGCForNative gc_urgency 1.11958 current_native_bytes is 193227399
12-18 10:52:55.514  3312  3764 I com.miui.home: CheckGCForNative requested 1
12-18 10:52:55.571  3312  3360 I com.miui.home: NativeAlloc concurrent copying GC freed 123514(5646KB) AllocSpace objects, 14(392KB) LOS objects, 49% free, 11MB/23MB, paused 53us,25us total 191.295ms
12-18 10:52:55.577 12779 12779 I wm_on_destroy_called: [0,105939167,com.UCMobile.main.UCMobile,performDestroy,0]
12-18 10:52:55.875 12779 12779 I wm_on_paused_called: [0,27983073,com.uc.browser.InnerUCMobile,performPause,8]
12-18 10:52:56.057  3312  3764 I com.miui.home: CheckGCForNative gc_urgency 0 current_native_bytes is 148646395
12-18 10:52:56.357  3312  7974 I com.miui.home: CheckGCForNative gc_urgency 0 current_native_bytes is 138254687
12-18 10:52:56.405  3312  3312 I wm_on_top_resumed_lost_called: [212649505,com.miui.home.launcher.Launcher,topStateChangedWhenResumed]
12-18 10:52:56.408  3312  3312 I wm_on_paused_called: [0,212649505,com.miui.home.launcher.Launcher,performPause,2]
12-18 10:52:56.688  3312  3531 I com.miui.home: CheckGCForNative adj_start_bytes: 40934586 NativeAllocationGcWatermark: 11410652 java_gc_start_bytes: 23818608 kNewNativeDiscountFactor: 2 kOldNativeDiscountFactor: 65536 old_native_bytes: 138254687 new_native_bytes: 394916 add_bytes_allowed: 34231956 is_gc_concurrent: 1 target_footprint_: 24176359 GetBytesAllocated: 14792310 HeapGrowthMultiplier: 3
12-18 10:52:56.688  3312  3531 I com.miui.home: CheckGCForNative gc_urgency 0.36624 current_native_bytes is 138649603
12-18 10:52:56.688  3312  3531 I com.miui.home: CheckGCForNative adj_start_bytes: 40934586 NativeAllocationGcWatermark: 11410652 java_gc_start_bytes: 23818608 kNewNativeDiscountFactor: 2 kOldNativeDiscountFactor: 65536 old_native_bytes: 138254687 new_native_bytes: 395428 add_bytes_allowed: 34231956 is_gc_concurrent: 1 target_footprint_: 24176359 GetBytesAllocated: 14792310 HeapGrowthMultiplier: 3
12-18 10:52:56.688  3312  3531 I com.miui.home: CheckGCForNative gc_urgency 0.366246 current_native_bytes is 138650115
12-18 10:52:56.955  3312  3531 I com.miui.home: CheckGCForNative adj_start_bytes: 40934586 NativeAllocationGcWatermark: 11410652 java_gc_start_bytes: 23818608 kNewNativeDiscountFactor: 2 kOldNativeDiscountFactor: 65536 old_native_bytes: 138254687 new_native_bytes: 567560 add_bytes_allowed: 34231956 is_gc_concurrent: 1 target_footprint_: 24176359 GetBytesAllocated: 15442534 HeapGrowthMultiplier: 3
12-18 10:52:56.955  3312  3531 I com.miui.home: CheckGCForNative gc_urgency 0.384233 current_native_bytes is 138822247
12-18 10:52:57.264 13217 13217 I wm_on_create_called: [0,73752728,com.tencent.mtt.SplashActivity,performCreate,55]
12-18 10:52:57.347 13217 13217 I wm_on_create_called: [0,140321671,com.tencent.mtt.MainActivity,performCreate,48]
12-18 10:52:57.647 13350 13350 I wm_on_create_called: [0,125319501,com.tencent.mtt.BlockActivity,performCreate,62]
12-18 10:52:57.650 13350 13350 I wm_on_start_called: [0,125319501,com.tencent.mtt.BlockActivity,handleStartActivity,3]
12-18 10:52:57.658 13350 13350 I wm_on_resume_called: [0,125319501,com.tencent.mtt.BlockActivity,RESUME_ACTIVITY,7]
12-18 10:52:57.680 13350 13350 I wm_on_top_resumed_gained_called: [125319501,com.tencent.mtt.BlockActivity,topStateChangedWhenResumed]
12-18 10:52:57.797  3312  3312 I wm_on_resume_called: [0,212649505,com.miui.home.launcher.Launcher,RESUME_ACTIVITY,4]
12-18 10:52:57.805  3312  3312 I com.miui.home: CheckGCForNative adj_start_bytes: 40934586 NativeAllocationGcWatermark: 11410652 java_gc_start_bytes: 23818608 kNewNativeDiscountFactor: 2 kOldNativeDiscountFactor: 65536 old_native_bytes: 138254687 new_native_bytes: 987080 add_bytes_allowed: 34231956 is_gc_concurrent: 1 target_footprint_: 24176359 GetBytesAllocated: 17572934 HeapGrowthMultiplier: 3
12-18 10:52:57.805  3312  3312 I com.miui.home: CheckGCForNative gc_urgency 0.441401 current_native_bytes is 139241767
12-18 10:52:57.807  3312  3312 I wm_on_idle_called: com.miui.home.launcher.Launcher
12-18 10:52:57.837  3312  7974 I com.miui.home: CheckGCForNative adj_start_bytes: 40934586 NativeAllocationGcWatermark: 11410652 java_gc_start_bytes: 23818608 kNewNativeDiscountFactor: 2 kOldNativeDiscountFactor: 65536 old_native_bytes: 138254687 new_native_bytes: 999740 add_bytes_allowed: 34231956 is_gc_concurrent: 1 target_footprint_: 24176359 GetBytesAllocated: 18164889 HeapGrowthMultiplier: 3
12-18 10:52:57.844  3312  7974 I com.miui.home: CheckGCForNative gc_urgency 0.456017 current_native_bytes is 139254427
12-18 10:52:57.886  3312  3651 I com.miui.home: CheckGCForNative adj_start_bytes: 40934586 NativeAllocationGcWatermark: 11410652 java_gc_start_bytes: 23818608 kNewNativeDiscountFactor: 2 kOldNativeDiscountFactor: 65536 old_native_bytes: 138254687 new_native_bytes: 11710724 add_bytes_allowed: 34231956 is_gc_concurrent: 1 target_footprint_: 24176359 GetBytesAllocated: 18239538 HeapGrowthMultiplier: 3
12-18 10:52:57.886  3312  3651 I com.miui.home: CheckGCForNative gc_urgency 0.588671 current_native_bytes is 149965411
12-18 10:52:57.888 13350 13350 I wm_on_top_resumed_lost_called: [125319501,com.tencent.mtt.BlockActivity,topStateChangedWhenResumed]
12-18 10:52:57.888  3312  3366 I com.miui.home: CheckGCForNative adj_start_bytes: 40934586 NativeAllocationGcWatermark: 11410652 java_gc_start_bytes: 23818608 kNewNativeDiscountFactor: 2 kOldNativeDiscountFactor: 65536 old_native_bytes: 138254687 new_native_bytes: 22416644 add_bytes_allowed: 34231956 is_gc_concurrent: 1 target_footprint_: 24176359 GetBytesAllocated: 18239730 HeapGrowthMultiplier: 3
12-18 10:52:57.890  3312  3366 I com.miui.home: CheckGCForNative gc_urgency 0.719444 current_native_bytes is 160671331
12-18 10:52:57.890  3312  3312 I com.miui.home: CheckGCForNative adj_start_bytes: 40934586 NativeAllocationGcWatermark: 11410652 java_gc_start_bytes: 23818608 kNewNativeDiscountFactor: 2 kOldNativeDiscountFactor: 65536 old_native_bytes: 138254687 new_native_bytes: 33124292 add_bytes_allowed: 34231956 is_gc_concurrent: 1 target_footprint_: 24176359 GetBytesAllocated: 18255981 HeapGrowthMultiplier: 3
12-18 10:52:57.891  3312  3312 I com.miui.home: CheckGCForNative gc_urgency 0.850631 current_native_bytes is 171378979
12-18 10:52:57.895  3312  3651 I com.miui.home: CheckGCForNative adj_start_bytes: 40934586 NativeAllocationGcWatermark: 11410652 java_gc_start_bytes: 23818608 kNewNativeDiscountFactor: 2 kOldNativeDiscountFactor: 65536 old_native_bytes: 138254687 new_native_bytes: 33125316 add_bytes_allowed: 34231956 is_gc_concurrent: 1 target_footprint_: 24176359 GetBytesAllocated: 18255981 HeapGrowthMultiplier: 3
12-18 10:52:57.895  3312  3651 I com.miui.home: CheckGCForNative gc_urgency 0.850644 current_native_bytes is 171380003
12-18 10:52:57.906 13350 13350 I wm_on_idle_called: com.tencent.mtt.BlockActivity
12-18 10:52:57.906  3312  3312 I wm_on_top_resumed_gained_called: [212649505,com.miui.home.launcher.Launcher,topStateChangedWhenResumed]
12-18 10:52:58.136  3312  3531 I com.miui.home: CheckGCForNative adj_start_bytes: 40934586 NativeAllocationGcWatermark: 11410652 java_gc_start_bytes: 23818608 kNewNativeDiscountFactor: 2 kOldNativeDiscountFactor: 65536 old_native_bytes: 138254687 new_native_bytes: 22539460 add_bytes_allowed: 34231956 is_gc_concurrent: 1 target_footprint_: 24176359 GetBytesAllocated: 18484924 HeapGrowthMultiplier: 3
12-18 10:52:58.136  3312  3531 I com.miui.home: CheckGCForNative gc_urgency 0.726935 current_native_bytes is 160794147
12-18 10:52:58.390  3312  3530 I com.miui.home: CheckGCForNative adj_start_bytes: 40934586 NativeAllocationGcWatermark: 11410652 java_gc_start_bytes: 23818608 kNewNativeDiscountFactor: 2 kOldNativeDiscountFactor: 65536 old_native_bytes: 138254687 new_native_bytes: 33236932 add_bytes_allowed: 34231956 is_gc_concurrent: 1 target_footprint_: 24176359 GetBytesAllocated: 18586773 HeapGrowthMultiplier: 3
12-18 10:52:58.390  3312  3530 I com.miui.home: CheckGCForNative gc_urgency 0.860088 current_native_bytes is 171491619
12-18 10:52:58.390  3312  3530 I com.miui.home: CheckGCForNative adj_start_bytes: 40934586 NativeAllocationGcWatermark: 11410652 java_gc_start_bytes: 23818608 kNewNativeDiscountFactor: 2 kOldNativeDiscountFactor: 65536 old_native_bytes: 138254687 new_native_bytes: 43944196 add_bytes_allowed: 34231956 is_gc_concurrent: 1 target_footprint_: 24176359 GetBytesAllocated: 18595265 HeapGrowthMultiplier: 3
12-18 10:52:58.390  3312  3530 I com.miui.home: CheckGCForNative gc_urgency 0.991081 current_native_bytes is 182198883
12-18 10:52:58.391  3312  3366 I com.miui.home: CheckGCForNative adj_start_bytes: 40934586 NativeAllocationGcWatermark: 11410652 java_gc_start_bytes: 23818608 kNewNativeDiscountFactor: 2 kOldNativeDiscountFactor: 65536 old_native_bytes: 138254687 new_native_bytes: 43944196 add_bytes_allowed: 34231956 is_gc_concurrent: 1 target_footprint_: 24176359 GetBytesAllocated: 18599374 HeapGrowthMultiplier: 3
12-18 10:52:58.391  3312  3366 I com.miui.home: CheckGCForNative gc_urgency 0.991181 current_native_bytes is 182198883
12-18 10:52:58.401 13350 13350 I wm_on_paused_called: [0,125319501,com.tencent.mtt.BlockActivity,performPause,1]
12-18 10:52:58.431 13217 13217 I wm_on_destroy_called: [0,73752728,com.tencent.mtt.SplashActivity,performDestroy,3]
12-18 10:52:58.436 13217 13217 I wm_on_destroy_called: [0,140321671,com.tencent.mtt.MainActivity,performDestroy,4]
12-18 10:52:58.553 13350 13350 I wm_on_stop_called: [0,125319501,com.tencent.mtt.BlockActivity,STOP_ACTIVITY_ITEM,36]
12-18 10:52:58.641  3312  3312 I wm_on_top_resumed_lost_called: [212649505,com.miui.home.launcher.Launcher,topStateChangedWhenResumed]
12-18 10:52:58.646  3312  3312 I wm_on_paused_called: [0,212649505,com.miui.home.launcher.Launcher,performPause,1]
12-18 10:52:58.789  3312  3764 I com.miui.home: CheckGCForNative adj_start_bytes: 40934586 NativeAllocationGcWatermark: 11410652 java_gc_start_bytes: 23818608 kNewNativeDiscountFactor: 2 kOldNativeDiscountFactor: 65536 old_native_bytes: 138254687 new_native_bytes: 33397220 add_bytes_allowed: 34231956 is_gc_concurrent: 1 target_footprint_: 24176359 GetBytesAllocated: 19452626 HeapGrowthMultiplier: 3
12-18 10:52:58.790  3312  3764 I com.miui.home: CheckGCForNative gc_urgency 0.883198 current_native_bytes is 171651907
12-18 10:52:58.800  3312  3366 I com.miui.home: CheckGCForNative adj_start_bytes: 40934586 NativeAllocationGcWatermark: 11410652 java_gc_start_bytes: 23818608 kNewNativeDiscountFactor: 2 kOldNativeDiscountFactor: 65536 old_native_bytes: 138254687 new_native_bytes: 33423884 add_bytes_allowed: 34231956 is_gc_concurrent: 1 target_footprint_: 24176359 GetBytesAllocated: 19506308 HeapGrowthMultiplier: 3
12-18 10:52:58.801  3312  3366 I com.miui.home: CheckGCForNative gc_urgency 0.884835 current_native_bytes is 171678571
12-18 10:52:58.834  3312  3764 I com.miui.home: CheckGCForNative adj_start_bytes: 40934586 NativeAllocationGcWatermark: 11410652 java_gc_start_bytes: 23818608 kNewNativeDiscountFactor: 2 kOldNativeDiscountFactor: 65536 old_native_bytes: 138254687 new_native_bytes: 44396584 add_bytes_allowed: 34231956 is_gc_concurrent: 1 target_footprint_: 24176359 GetBytesAllocated: 19791097 HeapGrowthMultiplier: 3
12-18 10:52:58.834  3312  3764 I com.miui.home: CheckGCForNative gc_urgency 1.02582 current_native_bytes is 182651271
12-18 10:52:58.834  3312  3764 I com.miui.home: CheckGCForNative requested 1
12-18 10:52:59.006  3312  3360 I com.miui.home: NativeAlloc concurrent copying GC freed 158986(7309KB) AllocSpace objects, 16(496KB) LOS objects, 49% free, 11MB/23MB, paused 735us,145us total 171.377ms
12-18 10:52:59.016  3312  3531 I com.miui.home: CheckGCForNative gc_urgency 0 current_native_bytes is 129642475
12-18 10:52:59.051 13455 13455 I wm_on_application_create_called: [0,com.tencent.mm,519]
12-18 10:52:59.305  3312  3531 I com.miui.home: CheckGCForNative gc_urgency 0 current_native_bytes is 127068235
12-18 10:52:59.799  3312  3531 I com.miui.home: CheckGCForNative gc_urgency 0 current_native_bytes is 126813427
12-18 10:52:59.864  3312  3312 I wm_on_resume_called: [0,212649505,com.miui.home.launcher.Launcher,RESUME_ACTIVITY,5]
12-18 10:52:59.875  3312  3312 I wm_on_idle_called: com.miui.home.launcher.Launcher
12-18 10:52:59.900 13525 13525 I wm_on_application_create_called: [0,com.youku.phone,516]
12-18 10:53:00.030  3312  3366 I com.miui.home: CheckGCForNative adj_start_bytes: 41503480 NativeAllocationGcWatermark: 11488066 java_gc_start_bytes: 24271381 kNewNativeDiscountFactor: 2 kOldNativeDiscountFactor: 65536 old_native_bytes: 126813427 new_native_bytes: 10918392 add_bytes_allowed: 34464198 is_gc_concurrent: 1 target_footprint_: 24795669 GetBytesAllocated: 14304649 HeapGrowthMultiplier: 3
12-18 10:53:00.030  3312  3651 I com.miui.home: CheckGCForNative adj_start_bytes: 41503480 NativeAllocationGcWatermark: 11488066 java_gc_start_bytes: 24271381 kNewNativeDiscountFactor: 2 kOldNativeDiscountFactor: 65536 old_native_bytes: 126813427 new_native_bytes: 21624312 add_bytes_allowed: 34464198 is_gc_concurrent: 1 target_footprint_: 24795669 GetBytesAllocated: 14304649 HeapGrowthMultiplier: 3
12-18 10:53:00.030  3312  3366 I com.miui.home: CheckGCForNative gc_urgency 0.476244 current_native_bytes is 137731819
12-18 10:53:00.030  3312  3651 I com.miui.home: CheckGCForNative gc_urgency 0.60522 current_native_bytes is 148437739
12-18 10:53:00.031  3312  3366 I com.miui.home: CheckGCForNative adj_start_bytes: 41503480 NativeAllocationGcWatermark: 11488066 java_gc_start_bytes: 24271381 kNewNativeDiscountFactor: 2 kOldNativeDiscountFactor: 65536 old_native_bytes: 126813427 new_native_bytes: 32331256 add_bytes_allowed: 34464198 is_gc_concurrent: 1 target_footprint_: 24795669 GetBytesAllocated: 14326371 HeapGrowthMultiplier: 3
12-18 10:53:00.031  3312  3312 I com.miui.home: CheckGCForNative adj_start_bytes: 41503480 NativeAllocationGcWatermark: 11488066 java_gc_start_bytes: 24271381 kNewNativeDiscountFactor: 2 kOldNativeDiscountFactor: 65536 old_native_bytes: 126813427 new_native_bytes: 43038520 add_bytes_allowed: 34464198 is_gc_concurrent: 1 target_footprint_: 24795669 GetBytesAllocated: 14326371 HeapGrowthMultiplier: 3
12-18 10:53:00.031  3312  3366 I com.miui.home: CheckGCForNative gc_urgency 0.734732 current_native_bytes is 159144683
12-18 10:53:00.031  3312  3312 I com.miui.home: CheckGCForNative gc_urgency 0.863724 current_native_bytes is 169851947
12-18 10:53:00.219  3312  3531 I com.miui.home: CheckGCForNative adj_start_bytes: 41503480 NativeAllocationGcWatermark: 11488066 java_gc_start_bytes: 24271381 kNewNativeDiscountFactor: 2 kOldNativeDiscountFactor: 65536 old_native_bytes: 126813427 new_native_bytes: 21653384 add_bytes_allowed: 34464198 is_gc_concurrent: 1 target_footprint_: 24795669 GetBytesAllocated: 14455004 HeapGrowthMultiplier: 3
12-18 10:53:00.219  3312  3531 I com.miui.home: CheckGCForNative gc_urgency 0.609193 current_native_bytes is 148466811
12-18 10:53:00.321  3312  3312 I wm_on_top_resumed_gained_called: [212649505,com.miui.home.launcher.Launcher,topStateChangedWhenResumed]
12-18 10:53:00.330  3312  3531 I com.miui.home: CheckGCForNative adj_start_bytes: 41503480 NativeAllocationGcWatermark: 11488066 java_gc_start_bytes: 24271381 kNewNativeDiscountFactor: 2 kOldNativeDiscountFactor: 65536 old_native_bytes: 126813427 new_native_bytes: 21704360 add_bytes_allowed: 34464198 is_gc_concurrent: 1 target_footprint_: 24795669 GetBytesAllocated: 14494151 HeapGrowthMultiplier: 3
12-18 10:53:00.330  3312  3531 I com.miui.home: CheckGCForNative gc_urgency 0.61075 current_native_bytes is 148517787
12-18 10:53:00.420 13525 13525 I wm_on_create_called: [0,208772453,com.youku.phone.ActivityWelcome,performCreate,214]
12-18 10:53:00.744  3312  3764 I com.miui.home: CheckGCForNative adj_start_bytes: 41503480 NativeAllocationGcWatermark: 11488066 java_gc_start_bytes: 24271381 kNewNativeDiscountFactor: 2 kOldNativeDiscountFactor: 65536 old_native_bytes: 126813427 new_native_bytes: 21771624 add_bytes_allowed: 34464198 is_gc_concurrent: 1 target_footprint_: 24795669 GetBytesAllocated: 15223098 HeapGrowthMultiplier: 3
12-18 10:53:00.744  3312  3764 I com.miui.home: CheckGCForNative gc_urgency 0.629124 current_native_bytes is 148585051
12-18 10:53:00.788  3312  3312 I wm_on_top_resumed_lost_called: [212649505,com.miui.home.launcher.Launcher,topStateChangedWhenResumed]
12-18 10:53:00.794  3312  3764 I com.miui.home: CheckGCForNative adj_start_bytes: 41503480 NativeAllocationGcWatermark: 11488066 java_gc_start_bytes: 24271381 kNewNativeDiscountFactor: 2 kOldNativeDiscountFactor: 65536 old_native_bytes: 126813427 new_native_bytes: 32704100 add_bytes_allowed: 34464198 is_gc_concurrent: 1 target_footprint_: 24795669 GetBytesAllocated: 15493735 HeapGrowthMultiplier: 3
12-18 10:53:00.794  3312  3764 I com.miui.home: CheckGCForNative gc_urgency 0.767351 current_native_bytes is 159517527
12-18 10:53:00.961 13525 13525 I wm_on_create_called: [0,212158056,com.youku.v2.HomePageEntry,performCreate,288]
12-18 10:53:01.033  3312  3312 I wm_on_paused_called: [0,212649505,com.miui.home.launcher.Launcher,performPause,1]
12-18 10:53:01.229  3312  3764 I com.miui.home: CheckGCForNative adj_start_bytes: 41503480 NativeAllocationGcWatermark: 11488066 java_gc_start_bytes: 24271381 kNewNativeDiscountFactor: 2 kOldNativeDiscountFactor: 65536 old_native_bytes: 126813427 new_native_bytes: 22619344 add_bytes_allowed: 34464198 is_gc_concurrent: 1 target_footprint_: 24795669 GetBytesAllocated: 17655503 HeapGrowthMultiplier: 3
12-18 10:53:01.229  3312  3764 I com.miui.home: CheckGCForNative gc_urgency 0.697944 current_native_bytes is 149432771
12-18 10:53:01.494 13525 13525 I wm_on_start_called: [0,212158056,com.youku.v2.HomePageEntry,handleStartActivity,530]
12-18 10:53:01.545  3312  3764 I com.miui.home: CheckGCForNative adj_start_bytes: 41503480 NativeAllocationGcWatermark: 11488066 java_gc_start_bytes: 24271381 kNewNativeDiscountFactor: 2 kOldNativeDiscountFactor: 65536 old_native_bytes: 126813427 new_native_bytes: 23167272 add_bytes_allowed: 34464198 is_gc_concurrent: 1 target_footprint_: 24795669 GetBytesAllocated: 18430749 HeapGrowthMultiplier: 3
12-18 10:53:01.545  3312  3764 I com.miui.home: CheckGCForNative gc_urgency 0.723224 current_native_bytes is 149980699
12-18 10:53:01.545  3312  3764 I com.miui.home: CheckGCForNative adj_start_bytes: 41503480 NativeAllocationGcWatermark: 11488066 java_gc_start_bytes: 24271381 kNewNativeDiscountFactor: 2 kOldNativeDiscountFactor: 65536 old_native_bytes: 126813427 new_native_bytes: 23180284 add_bytes_allowed: 34464198 is_gc_concurrent: 1 target_footprint_: 24795669 GetBytesAllocated: 18430749 HeapGrowthMultiplier: 3
12-18 10:53:01.545  3312  3764 I com.miui.home: CheckGCForNative gc_urgency 0.723381 current_native_bytes is 149993711
12-18 10:53:01.670 13525 13525 I wm_on_resume_called: [0,212158056,com.youku.v2.HomePageEntry,RESUME_ACTIVITY,161]
12-18 10:53:01.753 13525 13525 I wm_on_destroy_called: [0,208772453,com.youku.phone.ActivityWelcome,performDestroy,2]
12-18 10:53:01.780 13525 13525 I wm_on_paused_called: [0,212158056,com.youku.v2.HomePageEntry,performPause,26]
12-18 10:53:01.865 13952 13952 I wm_on_application_create_called: [0,com.quark.browser,280]
12-18 10:53:02.188 13952 13952 I wm_on_create_called: [0,227905130,com.ucpro.MainActivity,performCreate,182]
12-18 10:53:02.488  3312  3764 I com.miui.home: CheckGCForNative adj_start_bytes: 41503480 NativeAllocationGcWatermark: 11488066 java_gc_start_bytes: 24271381 kNewNativeDiscountFactor: 2 kOldNativeDiscountFactor: 65536 old_native_bytes: 126813427 new_native_bytes: 22931132 add_bytes_allowed: 34464198 is_gc_concurrent: 1 target_footprint_: 24795669 GetBytesAllocated: 18835844 HeapGrowthMultiplier: 3
12-18 10:53:02.488  3312  3764 I com.miui.home: CheckGCForNative gc_urgency 0.73014 current_native_bytes is 149744559
12-18 10:53:02.911  3312  3312 I wm_on_resume_called: [0,212649505,com.miui.home.launcher.Launcher,RESUME_ACTIVITY,4]
12-18 10:53:02.915  3312  3312 I wm_on_idle_called: com.miui.home.launcher.Launcher
12-18 10:53:02.956 14055 14055 I wm_on_application_create_called: [0,com.tencent.mm,708]
12-18 10:53:03.163  3312  3672 I com.miui.home: CheckGCForNative adj_start_bytes: 41503480 NativeAllocationGcWatermark: 11488066 java_gc_start_bytes: 24271381 kNewNativeDiscountFactor: 2 kOldNativeDiscountFactor: 65536 old_native_bytes: 126813427 new_native_bytes: 34411736 add_bytes_allowed: 34464198 is_gc_concurrent: 1 target_footprint_: 24795669 GetBytesAllocated: 21484845 HeapGrowthMultiplier: 3
12-18 10:53:03.163  3312  3672 I com.miui.home: CheckGCForNative gc_urgency 0.932275 current_native_bytes is 161225163
12-18 10:53:03.163  3312  3672 I com.miui.home: CheckGCForNative adj_start_bytes: 41503480 NativeAllocationGcWatermark: 11488066 java_gc_start_bytes: 24271381 kNewNativeDiscountFactor: 2 kOldNativeDiscountFactor: 65536 old_native_bytes: 126813427 new_native_bytes: 45118680 add_bytes_allowed: 34464198 is_gc_concurrent: 1 target_footprint_: 24795669 GetBytesAllocated: 21491210 HeapGrowthMultiplier: 3
12-18 10:53:03.163  3312  3672 I com.miui.home: CheckGCForNative gc_urgency 1.06142 current_native_bytes is 171932107
12-18 10:53:03.163  3312  3672 I com.miui.home: CheckGCForNative requested 1
12-18 10:53:03.181  3312  3531 I com.miui.home: CheckGCForNative adj_start_bytes: 41503480 NativeAllocationGcWatermark: 11488066 java_gc_start_bytes: 24271381 kNewNativeDiscountFactor: 2 kOldNativeDiscountFactor: 65536 old_native_bytes: 126813427 new_native_bytes: 34510792 add_bytes_allowed: 34464198 is_gc_concurrent: 1 target_footprint_: 24795669 GetBytesAllocated: 21524778 HeapGrowthMultiplier: 3
12-18 10:53:03.181  3312  3531 I com.miui.home: CheckGCForNative gc_urgency 0.93443 current_native_bytes is 161324219
12-18 10:53:03.192  3312  3531 I com.miui.home: CheckGCForNative adj_start_bytes: 41503480 NativeAllocationGcWatermark: 11488066 java_gc_start_bytes: 24271381 kNewNativeDiscountFactor: 2 kOldNativeDiscountFactor: 65536 old_native_bytes: 126813427 new_native_bytes: 34519624 add_bytes_allowed: 34464198 is_gc_concurrent: 1 target_footprint_: 24795669 GetBytesAllocated: 21541162 HeapGrowthMultiplier: 3
12-18 10:53:03.192  3312  3531 I com.miui.home: CheckGCForNative gc_urgency 0.934931 current_native_bytes is 161333051
12-18 10:53:03.218 13952 13952 I wm_on_create_called: [0,39313049,com.ucpro.BrowserActivity,performCreate,888]
12-18 10:53:03.228 13952 13952 I wm_on_start_called: [0,39313049,com.ucpro.BrowserActivity,handleStartActivity,10]
12-18 10:53:03.236  3312 11332 I com.miui.home: CheckGCForNative adj_start_bytes: 41503480 NativeAllocationGcWatermark: 11488066 java_gc_start_bytes: 24271381 kNewNativeDiscountFactor: 2 kOldNativeDiscountFactor: 65536 old_native_bytes: 126813427 new_native_bytes: 45229384 add_bytes_allowed: 34464198 is_gc_concurrent: 1 target_footprint_: 24795669 GetBytesAllocated: 21541162 HeapGrowthMultiplier: 3
12-18 10:53:03.236  3312 11332 I com.miui.home: CheckGCForNative gc_urgency 1.06395 current_native_bytes is 172042811
12-18 10:53:03.236  3312 11332 I com.miui.home: CheckGCForNative requested 1
12-18 10:53:03.241 13952 13952 I wm_on_resume_called: [0,39313049,com.ucpro.BrowserActivity,RESUME_ACTIVITY,10]
12-18 10:53:03.260 13525 13525 I wm_on_stop_called: [0,212158056,com.youku.v2.HomePageEntry,STOP_ACTIVITY_ITEM,1131]
12-18 10:53:03.301 13952 13952 I wm_on_top_resumed_gained_called: [39313049,com.ucpro.BrowserActivity,topStateChangedWhenResumed]
12-18 10:53:03.324 13952 13952 I wm_on_top_resumed_lost_called: [39313049,com.ucpro.BrowserActivity,topStateChangedWhenResumed]
12-18 10:53:03.326  3312  3312 I wm_on_top_resumed_gained_called: [212649505,com.miui.home.launcher.Launcher,topStateChangedWhenResumed]
12-18 10:53:03.410  3312  3360 I com.miui.home: NativeAlloc concurrent copying GC freed 186856(8586KB) AllocSpace objects, 26(680KB) LOS objects, 49% free, 11MB/23MB, paused 144us,75us total 246.464ms
12-18 10:53:03.549  3312  3531 I com.miui.home: CheckGCForNative gc_urgency 0 current_native_bytes is 136983803
12-18 10:53:03.652  3312  3530 I com.miui.home: CheckGCForNative adj_start_bytes: 41345039 NativeAllocationGcWatermark: 11435863 java_gc_start_bytes: 24191245 kNewNativeDiscountFactor: 2 kOldNativeDiscountFactor: 65536 old_native_bytes: 136983803 new_native_bytes: 10696688 add_bytes_allowed: 34307589 is_gc_concurrent: 1 target_footprint_: 24378045 GetBytesAllocated: 12355659 HeapGrowthMultiplier: 3
12-18 10:53:03.652  3312  3530 I com.miui.home: CheckGCForNative gc_urgency 0.428252 current_native_bytes is 147680491
12-18 10:53:03.652  3312  3530 I com.miui.home: CheckGCForNative adj_start_bytes: 41345039 NativeAllocationGcWatermark: 11435863 java_gc_start_bytes: 24191245 kNewNativeDiscountFactor: 2 kOldNativeDiscountFactor: 65536 old_native_bytes: 136983803 new_native_bytes: 21403232 add_bytes_allowed: 34307589 is_gc_concurrent: 1 target_footprint_: 24378045 GetBytesAllocated: 12355851 HeapGrowthMultiplier: 3
12-18 10:53:03.652  3312  3530 I com.miui.home: CheckGCForNative gc_urgency 0.557734 current_native_bytes is 158387035
12-18 10:53:03.658  3312 11332 I com.miui.home: CheckGCForNative adj_start_bytes: 41345039 NativeAllocationGcWatermark: 11435863 java_gc_start_bytes: 24191245 kNewNativeDiscountFactor: 2 kOldNativeDiscountFactor: 65536 old_native_bytes: 136983803 new_native_bytes: 21403040 add_bytes_allowed: 34307589 is_gc_concurrent: 1 target_footprint_: 24378045 GetBytesAllocated: 12355851 HeapGrowthMultiplier: 3
12-18 10:53:03.659  3312 11332 I com.miui.home: CheckGCForNative gc_urgency 0.557732 current_native_bytes is 158386843
12-18 10:53:04.334  3312  3764 I com.miui.home: CheckGCForNative adj_start_bytes: 41345039 NativeAllocationGcWatermark: 11435863 java_gc_start_bytes: 24191245 kNewNativeDiscountFactor: 2 kOldNativeDiscountFactor: 65536 old_native_bytes: 136983803 new_native_bytes: 22465820 add_bytes_allowed: 34307589 is_gc_concurrent: 1 target_footprint_: 24378045 GetBytesAllocated: 13098040 HeapGrowthMultiplier: 3
12-18 10:53:04.334  3312  3764 I com.miui.home: CheckGCForNative gc_urgency 0.588536 current_native_bytes is 159449623
12-18 10:53:05.302 13525 13525 I wm_on_idle_called: com.youku.v2.HomePageEntry