12-15 10:28:29.695  3312  3720 I com.miui.home: CheckGCForNative adj_start_bytes: 37612899 NativeAllocationGcWatermark: 11076623 java_gc_start_bytes: 20997965 kNewNativeDiscountFactor: 2 kOldNativeDiscountFactor: 65536 old_native_bytes: 125275851 new_native_bytes: 11056532 add_bytes_allowed: 33229869 is_gc_concurrent: 1 target_footprint_: 21504127 GetBytesAllocated: 11436755 HeapGrowthMultiplier: 3
12-15 10:28:29.696  3312  3720 I com.miui.home: CheckGCForNative gc_urgency 0.451093 current_native_bytes is 136332383
12-15 10:28:29.721  3312  3720 I com.miui.home: CheckGCForNative adj_start_bytes: 37612899 NativeAllocationGcWatermark: 11076623 java_gc_start_bytes: 20997965 kNewNativeDiscountFactor: 2 kOldNativeDiscountFactor: 65536 old_native_bytes: 125275851 new_native_bytes: 473608 add_bytes_allowed: 33229869 is_gc_concurrent: 1 target_footprint_: 21504127 GetBytesAllocated: 11769775 HeapGrowthMultiplier: 3
12-15 10:28:29.721  3312  3720 I com.miui.home: CheckGCForNative gc_urgency 0.319265 current_native_bytes is 125749459
12-15 10:28:29.846  3312  3312 I wm_on_top_resumed_lost_called: [58647776,com.miui.home.launcher.Launcher,topStateChangedWhenResumed]
12-15 10:28:29.848  3312  3312 I wm_on_paused_called: [0,58647776,com.miui.home.launcher.Launcher,performPause,1]
12-15 10:28:30.156  3312  3523 I com.miui.home: CheckGCForNative adj_start_bytes: 37612899 NativeAllocationGcWatermark: 11076623 java_gc_start_bytes: 20997965 kNewNativeDiscountFactor: 2 kOldNativeDiscountFactor: 65536 old_native_bytes: 125275851 new_native_bytes: 1178092 add_bytes_allowed: 33229869 is_gc_concurrent: 1 target_footprint_: 21504127 GetBytesAllocated: 13090429 HeapGrowthMultiplier: 3
12-15 10:28:30.156  3312  3523 I com.miui.home: CheckGCForNative gc_urgency 0.363742 current_native_bytes is 126453943
12-15 10:28:30.434  3312  3523 I com.miui.home: CheckGCForNative adj_start_bytes: 37612899 NativeAllocationGcWatermark: 11076623 java_gc_start_bytes: 20997965 kNewNativeDiscountFactor: 2 kOldNativeDiscountFactor: 65536 old_native_bytes: 125275851 new_native_bytes: 1338016 add_bytes_allowed: 33229869 is_gc_concurrent: 1 target_footprint_: 21504127 GetBytesAllocated: 13852267 HeapGrowthMultiplier: 3
12-15 10:28:30.434  3312  3523 I com.miui.home: CheckGCForNative gc_urgency 0.386122 current_native_bytes is 126613867
12-15 10:28:30.468  3312  3523 I com.miui.home: CheckGCForNative adj_start_bytes: 37612899 NativeAllocationGcWatermark: 11076623 java_gc_start_bytes: 20997965 kNewNativeDiscountFactor: 2 kOldNativeDiscountFactor: 65536 old_native_bytes: 125275851 new_native_bytes: 1342112 add_bytes_allowed: 33229869 is_gc_concurrent: 1 target_footprint_: 21504127 GetBytesAllocated: 13885035 HeapGrowthMultiplier: 3
12-15 10:28:30.468  3312  3523 I com.miui.home: CheckGCForNative gc_urgency 0.387048 current_native_bytes is 126617963
12-15 10:28:30.814 10847 10847 I wm_on_create_called: [0,229516626,com.tencent.mobileqq.activity.SplashActivity,performCreate,119]
12-15 10:28:30.823 10847 10847 I wm_on_start_called: [0,229516626,com.tencent.mobileqq.activity.SplashActivity,handleStartActivity,7]
12-15 10:28:30.837 10847 10847 I wm_on_resume_called: [0,229516626,com.tencent.mobileqq.activity.SplashActivity,RESUME_ACTIVITY,12]
12-15 10:28:30.887 10847 10847 I wm_on_top_resumed_gained_called: [229516626,com.tencent.mobileqq.activity.SplashActivity,topStateChangedWhenResumed]
12-15 10:28:31.047 10847 10847 I wm_on_idle_called: com.tencent.mobileqq.activity.SplashActivity
12-15 10:28:31.089  3312  3312 I wm_on_stop_called: [0,58647776,com.miui.home.launcher.Launcher,STOP_ACTIVITY_ITEM,3]
12-15 10:28:31.178 10847 10847 I wm_on_top_resumed_lost_called: [229516626,com.tencent.mobileqq.activity.SplashActivity,topStateChangedWhenResumed]
12-15 10:28:31.190 10847 10847 I wm_on_paused_called: [0,229516626,com.tencent.mobileqq.activity.SplashActivity,performPause,1]
12-15 10:28:31.279 10847 10847 I wm_on_create_called: [0,70290759,com.tencent.mobileqq.activity.LoginActivity,performCreate,45]
12-15 10:28:31.318 10847 10847 I wm_on_start_called: [0,70290759,com.tencent.mobileqq.activity.LoginActivity,handleStartActivity,39]
12-15 10:28:31.335 10847 10847 I wm_on_resume_called: [0,70290759,com.tencent.mobileqq.activity.LoginActivity,RESUME_ACTIVITY,16]
12-15 10:28:31.344 10847 10847 I wm_on_top_resumed_gained_called: [70290759,com.tencent.mobileqq.activity.LoginActivity,topStateChangedWhenResumed]
12-15 10:28:31.390  3312  3312 I wm_on_restart_called: [0,58647776,com.miui.home.launcher.Launcher,,0]
12-15 10:28:31.391  3312  3312 I wm_on_start_called: [0,58647776,com.miui.home.launcher.Launcher,handleStartActivity,1]
12-15 10:28:31.395  3312  3312 I wm_on_resume_called: [0,58647776,com.miui.home.launcher.Launcher,RESUME_ACTIVITY,3]
12-15 10:28:31.433  3312  3312 I wm_on_idle_called: com.miui.home.launcher.Launcher
12-15 10:28:31.435 10847 10847 I wm_on_top_resumed_lost_called: [70290759,com.tencent.mobileqq.activity.LoginActivity,topStateChangedWhenResumed]
12-15 10:28:31.461  3312  3312 I wm_on_top_resumed_gained_called: [58647776,com.miui.home.launcher.Launcher,topStateChangedWhenResumed]
12-15 10:28:31.462 10847 10847 I wm_on_idle_called: com.tencent.mobileqq.activity.LoginActivity
12-15 10:28:31.586  3312  3395 I com.miui.home: CheckGCForNative adj_start_bytes: 37612899 NativeAllocationGcWatermark: 11076623 java_gc_start_bytes: 20997965 kNewNativeDiscountFactor: 2 kOldNativeDiscountFactor: 65536 old_native_bytes: 125275851 new_native_bytes: 12631748 add_bytes_allowed: 33229869 is_gc_concurrent: 1 target_footprint_: 21504127 GetBytesAllocated: 16050324 HeapGrowthMultiplier: 3
12-15 10:28:31.586  3312  3395 I com.miui.home: CheckGCForNative gc_urgency 0.594692 current_native_bytes is 137907599
12-15 10:28:31.588  3312  3395 I com.miui.home: CheckGCForNative adj_start_bytes: 37612899 NativeAllocationGcWatermark: 11076623 java_gc_start_bytes: 20997965 kNewNativeDiscountFactor: 2 kOldNativeDiscountFactor: 65536 old_native_bytes: 125275851 new_native_bytes: 23338692 add_bytes_allowed: 33229869 is_gc_concurrent: 1 target_footprint_: 21504127 GetBytesAllocated: 16096780 HeapGrowthMultiplier: 3
12-15 10:28:31.588  3312  3395 I com.miui.home: CheckGCForNative gc_urgency 0.738258 current_native_bytes is 148614543
12-15 10:28:31.596  3312  3395 I com.miui.home: CheckGCForNative adj_start_bytes: 37612899 NativeAllocationGcWatermark: 11076623 java_gc_start_bytes: 20997965 kNewNativeDiscountFactor: 2 kOldNativeDiscountFactor: 65536 old_native_bytes: 125275851 new_native_bytes: 23373092 add_bytes_allowed: 33229869 is_gc_concurrent: 1 target_footprint_: 21504127 GetBytesAllocated: 16112669 HeapGrowthMultiplier: 3
12-15 10:28:31.596  3312  3395 I com.miui.home: CheckGCForNative gc_urgency 0.739138 current_native_bytes is 148648943
12-15 10:28:31.615  3312  3523 I com.miui.home: CheckGCForNative adj_start_bytes: 37612899 NativeAllocationGcWatermark: 11076623 java_gc_start_bytes: 20997965 kNewNativeDiscountFactor: 2 kOldNativeDiscountFactor: 65536 old_native_bytes: 125275851 new_native_bytes: 12674548 add_bytes_allowed: 33229869 is_gc_concurrent: 1 target_footprint_: 21504127 GetBytesAllocated: 16123982 HeapGrowthMultiplier: 3
12-15 10:28:31.615  3312  3523 I com.miui.home: CheckGCForNative gc_urgency 0.59722 current_native_bytes is 137950399
12-15 10:28:31.703  3312  3720 I com.miui.home: CheckGCForNative adj_start_bytes: 37612899 NativeAllocationGcWatermark: 11076623 java_gc_start_bytes: 20997965 kNewNativeDiscountFactor: 2 kOldNativeDiscountFactor: 65536 old_native_bytes: 125275851 new_native_bytes: 23731912 add_bytes_allowed: 33229869 is_gc_concurrent: 1 target_footprint_: 21504127 GetBytesAllocated: 16710122 HeapGrowthMultiplier: 3
12-15 10:28:31.703  3312  3720 I com.miui.home: CheckGCForNative gc_urgency 0.759792 current_native_bytes is 149007763
12-15 10:28:31.827  3312  3523 I com.miui.home: CheckGCForNative adj_start_bytes: 37612899 NativeAllocationGcWatermark: 11076623 java_gc_start_bytes: 20997965 kNewNativeDiscountFactor: 2 kOldNativeDiscountFactor: 65536 old_native_bytes: 125275851 new_native_bytes: 12994888 add_bytes_allowed: 33229869 is_gc_concurrent: 1 target_footprint_: 21504127 GetBytesAllocated: 16761871 HeapGrowthMultiplier: 3
12-15 10:28:31.827  3312  3523 I com.miui.home: CheckGCForNative gc_urgency 0.618437 current_native_bytes is 138270739
12-15 10:28:31.893  3312  3523 I com.miui.home: CheckGCForNative adj_start_bytes: 37612899 NativeAllocationGcWatermark: 11076623 java_gc_start_bytes: 20997965 kNewNativeDiscountFactor: 2 kOldNativeDiscountFactor: 65536 old_native_bytes: 125275851 new_native_bytes: 12999752 add_bytes_allowed: 33229869 is_gc_concurrent: 1 target_footprint_: 21504127 GetBytesAllocated: 16779892 HeapGrowthMultiplier: 3
12-15 10:28:31.894  3312  3523 I com.miui.home: CheckGCForNative gc_urgency 0.618981 current_native_bytes is 138275603
12-15 10:28:32.077 10847 10847 I wm_on_paused_called: [0,70290759,com.tencent.mobileqq.activity.LoginActivity,performPause,1]
12-15 10:28:32.090 10847 10847 I wm_on_stop_called: [0,229516626,com.tencent.mobileqq.activity.SplashActivity,LIFECYCLER_STOP_ACTIVITY,4]
12-15 10:28:32.111 10847 10847 I wm_on_destroy_called: [0,229516626,com.tencent.mobileqq.activity.SplashActivity,performDestroy,20]
12-15 10:28:32.146 10847 10847 I wm_on_stop_called: [0,70290759,com.tencent.mobileqq.activity.LoginActivity,STOP_ACTIVITY_ITEM,16]
12-15 10:28:32.218  3312  3720 I com.miui.home: CheckGCForNative adj_start_bytes: 37612899 NativeAllocationGcWatermark: 11076623 java_gc_start_bytes: 20997965 kNewNativeDiscountFactor: 2 kOldNativeDiscountFactor: 65536 old_native_bytes: 125275851 new_native_bytes: 23868676 add_bytes_allowed: 33229869 is_gc_concurrent: 1 target_footprint_: 21504127 GetBytesAllocated: 17485091 HeapGrowthMultiplier: 3
12-15 10:28:32.218  3312  3720 I com.miui.home: CheckGCForNative gc_urgency 0.782214 current_native_bytes is 149144527
12-15 10:28:32.395  3312  3312 I com.miui.home: CheckGCForNative adj_start_bytes: 37612899 NativeAllocationGcWatermark: 11076623 java_gc_start_bytes: 20997965 kNewNativeDiscountFactor: 2 kOldNativeDiscountFactor: 65536 old_native_bytes: 125275851 new_native_bytes: 13688392 add_bytes_allowed: 33229869 is_gc_concurrent: 1 target_footprint_: 21504127 GetBytesAllocated: 18097192 HeapGrowthMultiplier: 3
12-15 10:28:32.395  3312  3312 I com.miui.home: CheckGCForNative gc_urgency 0.663158 current_native_bytes is 138964243
12-15 10:28:32.487  3312  3312 I wm_on_top_resumed_lost_called: [58647776,com.miui.home.launcher.Launcher,topStateChangedWhenResumed]
12-15 10:28:32.497  3312  3312 I wm_on_paused_called: [0,58647776,com.miui.home.launcher.Launcher,performPause,6]
12-15 10:28:32.731  3312  3720 I com.miui.home: CheckGCForNative adj_start_bytes: 37612899 NativeAllocationGcWatermark: 11076623 java_gc_start_bytes: 20997965 kNewNativeDiscountFactor: 2 kOldNativeDiscountFactor: 65536 old_native_bytes: 125275851 new_native_bytes: 14490988 add_bytes_allowed: 33229869 is_gc_concurrent: 1 target_footprint_: 21504127 GetBytesAllocated: 19473375 HeapGrowthMultiplier: 3
12-15 10:28:32.732  3312  3720 I com.miui.home: CheckGCForNative gc_urgency 0.710415 current_native_bytes is 139766839
12-15 10:28:32.785  3312  3523 I com.miui.home: CheckGCForNative adj_start_bytes: 37612899 NativeAllocationGcWatermark: 11076623 java_gc_start_bytes: 20997965 kNewNativeDiscountFactor: 2 kOldNativeDiscountFactor: 65536 old_native_bytes: 125275851 new_native_bytes: 14661344 add_bytes_allowed: 33229869 is_gc_concurrent: 1 target_footprint_: 21504127 GetBytesAllocated: 19768864 HeapGrowthMultiplier: 3
12-15 10:28:32.785  3312  3523 I com.miui.home: CheckGCForNative gc_urgency 0.720536 current_native_bytes is 139937195
12-15 10:28:33.029  3312  3523 I com.miui.home: CheckGCForNative adj_start_bytes: 37612899 NativeAllocationGcWatermark: 11076623 java_gc_start_bytes: 20997965 kNewNativeDiscountFactor: 2 kOldNativeDiscountFactor: 65536 old_native_bytes: 125275851 new_native_bytes: 14621128 add_bytes_allowed: 33229869 is_gc_concurrent: 1 target_footprint_: 21504127 GetBytesAllocated: 19840127 HeapGrowthMultiplier: 3
12-15 10:28:33.029  3312  3523 I com.miui.home: CheckGCForNative gc_urgency 0.721896 current_native_bytes is 139896979
12-15 10:28:33.843 11115 11115 I wm_on_application_create_called: [0,tv.danmaku.bili,500]
12-15 10:28:33.913  3312  3312 I wm_on_resume_called: [0,58647776,com.miui.home.launcher.Launcher,RESUME_ACTIVITY,3]
12-15 10:28:33.951  3312  3312 I wm_on_idle_called: com.miui.home.launcher.Launcher
12-15 10:28:34.002 11115 11115 I wm_on_create_called: [0,221202171,tv.danmaku.bili.MainActivityV2,performCreate,140]
12-15 10:28:34.153  3312 10731 I com.miui.home: CheckGCForNative adj_start_bytes: 37685549 NativeAllocationGcWatermark: 11076623 java_gc_start_bytes: 21070615 kNewNativeDiscountFactor: 2 kOldNativeDiscountFactor: 65536 old_native_bytes: 139923175 new_native_bytes: 7352280 add_bytes_allowed: 33229869 is_gc_concurrent: 1 target_footprint_: 21504127 GetBytesAllocated: 11450504 HeapGrowthMultiplier: 3
12-15 10:28:34.153  3312 10731 I com.miui.home: CheckGCForNative gc_urgency 0.401448 current_native_bytes is 147275455
12-15 10:28:34.154  3312  3644 I com.miui.home: CheckGCForNative adj_start_bytes: 37685549 NativeAllocationGcWatermark: 11076623 java_gc_start_bytes: 21070615 kNewNativeDiscountFactor: 2 kOldNativeDiscountFactor: 65536 old_native_bytes: 139923175 new_native_bytes: 18058200 add_bytes_allowed: 33229869 is_gc_concurrent: 1 target_footprint_: 21504127 GetBytesAllocated: 11450696 HeapGrowthMultiplier: 3
12-15 10:28:34.154  3312  3644 I com.miui.home: CheckGCForNative gc_urgency 0.543496 current_native_bytes is 157981375
12-15 10:28:34.154  3312  3312 I com.miui.home: CheckGCForNative adj_start_bytes: 37685549 NativeAllocationGcWatermark: 11076623 java_gc_start_bytes: 21070615 kNewNativeDiscountFactor: 2 kOldNativeDiscountFactor: 65536 old_native_bytes: 139923175 new_native_bytes: 28765144 add_bytes_allowed: 33229869 is_gc_concurrent: 1 target_footprint_: 21504127 GetBytesAllocated: 11450888 HeapGrowthMultiplier: 3
12-15 10:28:34.155  3312  3312 I com.miui.home: CheckGCForNative gc_urgency 0.685557 current_native_bytes is 168688319
12-15 10:28:34.244  3312  3523 I com.miui.home: CheckGCForNative adj_start_bytes: 37685549 NativeAllocationGcWatermark: 11076623 java_gc_start_bytes: 21070615 kNewNativeDiscountFactor: 2 kOldNativeDiscountFactor: 65536 old_native_bytes: 139923175 new_native_bytes: 7384344 add_bytes_allowed: 33229869 is_gc_concurrent: 1 target_footprint_: 21504127 GetBytesAllocated: 11531867 HeapGrowthMultiplier: 3
12-15 10:28:34.244  3312  3523 I com.miui.home: CheckGCForNative gc_urgency 0.404032 current_native_bytes is 147307519
12-15 10:28:34.277  3312  3523 I com.miui.home: CheckGCForNative adj_start_bytes: 37685549 NativeAllocationGcWatermark: 11076623 java_gc_start_bytes: 21070615 kNewNativeDiscountFactor: 2 kOldNativeDiscountFactor: 65536 old_native_bytes: 139923175 new_native_bytes: 7387352 add_bytes_allowed: 33229869 is_gc_concurrent: 1 target_footprint_: 21504127 GetBytesAllocated: 11541476 HeapGrowthMultiplier: 3
12-15 10:28:34.277  3312  3523 I com.miui.home: CheckGCForNative gc_urgency 0.404327 current_native_bytes is 147310527
12-15 10:28:34.323 11115 11115 I wm_on_start_called: [0,221202171,tv.danmaku.bili.MainActivityV2,handleStartActivity,320]
12-15 10:28:34.345 11115 11115 I wm_on_resume_called: [0,221202171,tv.danmaku.bili.MainActivityV2,RESUME_ACTIVITY,20]
12-15 10:28:34.401  3312  3312 I wm_on_top_resumed_gained_called: [58647776,com.miui.home.launcher.Launcher,topStateChangedWhenResumed]
12-15 10:28:34.420 11115 11115 I wm_on_top_resumed_gained_called: [221202171,tv.danmaku.bili.MainActivityV2,topStateChangedWhenResumed]
12-15 10:28:34.623  3312  3644 I com.miui.home: CheckGCForNative adj_start_bytes: 37685549 NativeAllocationGcWatermark: 11076623 java_gc_start_bytes: 21070615 kNewNativeDiscountFactor: 2 kOldNativeDiscountFactor: 65536 old_native_bytes: 139923175 new_native_bytes: 18088984 add_bytes_allowed: 33229869 is_gc_concurrent: 1 target_footprint_: 21504127 GetBytesAllocated: 11724968 HeapGrowthMultiplier: 3
12-15 10:28:34.624  3312  3644 I com.miui.home: CheckGCForNative gc_urgency 0.551432 current_native_bytes is 158012159
12-15 10:28:34.625  3312  3312 I com.miui.home: CheckGCForNative adj_start_bytes: 37685549 NativeAllocationGcWatermark: 11076623 java_gc_start_bytes: 21070615 kNewNativeDiscountFactor: 2 kOldNativeDiscountFactor: 65536 old_native_bytes: 139923175 new_native_bytes: 28824472 add_bytes_allowed: 33229869 is_gc_concurrent: 1 target_footprint_: 21504127 GetBytesAllocated: 11734588 HeapGrowthMultiplier: 3
12-15 10:28:34.625  3312  3312 I com.miui.home: CheckGCForNative gc_urgency 0.693872 current_native_bytes is 168747647
12-15 10:28:34.626  3312  3521 I com.miui.home: CheckGCForNative adj_start_bytes: 37685549 NativeAllocationGcWatermark: 11076623 java_gc_start_bytes: 21070615 kNewNativeDiscountFactor: 2 kOldNativeDiscountFactor: 65536 old_native_bytes: 139923175 new_native_bytes: 28763320 add_bytes_allowed: 33229869 is_gc_concurrent: 1 target_footprint_: 21504127 GetBytesAllocated: 11735096 HeapGrowthMultiplier: 3
12-15 10:28:34.626  3312  3521 I com.miui.home: CheckGCForNative gc_urgency 0.693074 current_native_bytes is 168686495
12-15 10:28:34.946 11115 11115 I wm_on_top_resumed_lost_called: [221202171,tv.danmaku.bili.MainActivityV2,topStateChangedWhenResumed]
12-15 10:28:35.057  3312  3312 I com.miui.home: CheckGCForNative adj_start_bytes: 37685549 NativeAllocationGcWatermark: 11076623 java_gc_start_bytes: 21070615 kNewNativeDiscountFactor: 2 kOldNativeDiscountFactor: 65536 old_native_bytes: 139923175 new_native_bytes: 18175776 add_bytes_allowed: 33229869 is_gc_concurrent: 1 target_footprint_: 21504127 GetBytesAllocated: 11858943 HeapGrowthMultiplier: 3
12-15 10:28:35.057  3312  3312 I com.miui.home: CheckGCForNative gc_urgency 0.555889 current_native_bytes is 158098951
12-15 10:28:35.144  3312  3312 I wm_on_top_resumed_lost_called: [58647776,com.miui.home.launcher.Launcher,topStateChangedWhenResumed]
12-15 10:28:35.177 11115 11115 I wm_on_paused_called: [0,221202171,tv.danmaku.bili.MainActivityV2,performPause,10]
12-15 10:28:35.180  3312  3312 I wm_on_paused_called: [0,58647776,com.miui.home.launcher.Launcher,performPause,2]
12-15 10:28:35.409  3312  3720 I com.miui.home: CheckGCForNative adj_start_bytes: 37685549 NativeAllocationGcWatermark: 11076623 java_gc_start_bytes: 21070615 kNewNativeDiscountFactor: 2 kOldNativeDiscountFactor: 65536 old_native_bytes: 139923175 new_native_bytes: 29499780 add_bytes_allowed: 33229869 is_gc_concurrent: 1 target_footprint_: 21504127 GetBytesAllocated: 12951237 HeapGrowthMultiplier: 3
12-15 10:28:35.409  3312  3720 I com.miui.home: CheckGCForNative gc_urgency 0.735116 current_native_bytes is 169422955
12-15 10:28:35.463 11115 11115 I wm_on_stop_called: [0,221202171,tv.danmaku.bili.MainActivityV2,STOP_ACTIVITY_ITEM,49]
12-15 10:28:35.469  3312  3523 I com.miui.home: CheckGCForNative adj_start_bytes: 37685549 NativeAllocationGcWatermark: 11076623 java_gc_start_bytes: 21070615 kNewNativeDiscountFactor: 2 kOldNativeDiscountFactor: 65536 old_native_bytes: 139923175 new_native_bytes: 18847876 add_bytes_allowed: 33229869 is_gc_concurrent: 1 target_footprint_: 21504127 GetBytesAllocated: 13089316 HeapGrowthMultiplier: 3
12-15 10:28:35.469  3312  3523 I com.miui.home: CheckGCForNative gc_urgency 0.597454 current_native_bytes is 158771051
12-15 10:28:35.506  3312  3720 I com.miui.home: CheckGCForNative adj_start_bytes: 37685549 NativeAllocationGcWatermark: 11076623 java_gc_start_bytes: 21070615 kNewNativeDiscountFactor: 2 kOldNativeDiscountFactor: 65536 old_native_bytes: 139923175 new_native_bytes: 18870788 add_bytes_allowed: 33229869 is_gc_concurrent: 1 target_footprint_: 21504127 GetBytesAllocated: 13241302 HeapGrowthMultiplier: 3
12-15 10:28:35.506  3312  3720 I com.miui.home: CheckGCForNative gc_urgency 0.601791 current_native_bytes is 158793963
12-15 10:28:35.781  3312  3523 I com.miui.home: CheckGCForNative adj_start_bytes: 37685549 NativeAllocationGcWatermark: 11076623 java_gc_start_bytes: 21070615 kNewNativeDiscountFactor: 2 kOldNativeDiscountFactor: 65536 old_native_bytes: 139923175 new_native_bytes: 19243000 add_bytes_allowed: 33229869 is_gc_concurrent: 1 target_footprint_: 21504127 GetBytesAllocated: 14055730 HeapGrowthMultiplier: 3
12-15 10:28:35.781  3312  3523 I com.miui.home: CheckGCForNative gc_urgency 0.628341 current_native_bytes is 159166175
12-15 10:28:36.272 11115 11115 I wm_on_idle_called: tv.danmaku.bili.MainActivityV2
12-15 10:28:36.282  3312  3312 I wm_on_stop_called: [0,58647776,com.miui.home.launcher.Launcher,STOP_ACTIVITY_ITEM,4]
12-15 10:28:36.613 11417 11417 I wm_on_application_create_called: [0,tv.danmaku.bili,222]
12-15 10:28:36.919  3312  3312 I wm_on_restart_called: [0,58647776,com.miui.home.launcher.Launcher,,0]
12-15 10:28:36.920  3312  3312 I wm_on_start_called: [0,58647776,com.miui.home.launcher.Launcher,handleStartActivity,1]
12-15 10:28:36.924  3312  3312 I wm_on_resume_called: [0,58647776,com.miui.home.launcher.Launcher,RESUME_ACTIVITY,4]
12-15 10:28:36.981  3312  3312 I wm_on_idle_called: com.miui.home.launcher.Launcher
12-15 10:28:37.089  3312  3364 I com.miui.home: CheckGCForNative adj_start_bytes: 37685549 NativeAllocationGcWatermark: 11076623 java_gc_start_bytes: 21070615 kNewNativeDiscountFactor: 2 kOldNativeDiscountFactor: 65536 old_native_bytes: 139923175 new_native_bytes: 30063800 add_bytes_allowed: 33229869 is_gc_concurrent: 1 target_footprint_: 21504127 GetBytesAllocated: 15827560 HeapGrowthMultiplier: 3
12-15 10:28:37.090  3312  3364 I com.miui.home: CheckGCForNative gc_urgency 0.818924 current_native_bytes is 169986975
12-15 10:28:37.091  3312  3364 I com.miui.home: CheckGCForNative adj_start_bytes: 37685549 NativeAllocationGcWatermark: 11076623 java_gc_start_bytes: 21070615 kNewNativeDiscountFactor: 2 kOldNativeDiscountFactor: 65536 old_native_bytes: 139923175 new_native_bytes: 40770744 add_bytes_allowed: 33229869 is_gc_concurrent: 1 target_footprint_: 21504127 GetBytesAllocated: 15833858 HeapGrowthMultiplier: 3
12-15 10:28:37.091  3312  3364 I com.miui.home: CheckGCForNative gc_urgency 0.961147 current_native_bytes is 180693919
12-15 10:28:37.095  3312  3523 I com.miui.home: CheckGCForNative adj_start_bytes: 37685549 NativeAllocationGcWatermark: 11076623 java_gc_start_bytes: 21070615 kNewNativeDiscountFactor: 2 kOldNativeDiscountFactor: 65536 old_native_bytes: 139923175 new_native_bytes: 30034040 add_bytes_allowed: 33229869 is_gc_concurrent: 1 target_footprint_: 21504127 GetBytesAllocated: 15848933 HeapGrowthMultiplier: 3
12-15 10:28:37.095  3312  3523 I com.miui.home: CheckGCForNative gc_urgency 0.819096 current_native_bytes is 169957215
12-15 10:28:37.117  3312  3364 I com.miui.home: CheckGCForNative adj_start_bytes: 37685549 NativeAllocationGcWatermark: 11076623 java_gc_start_bytes: 21070615 kNewNativeDiscountFactor: 2 kOldNativeDiscountFactor: 65536 old_native_bytes: 139923175 new_native_bytes: 40783512 add_bytes_allowed: 33229869 is_gc_concurrent: 1 target_footprint_: 21504127 GetBytesAllocated: 15856660 HeapGrowthMultiplier: 3
12-15 10:28:37.117  3312  3364 I com.miui.home: CheckGCForNative gc_urgency 0.961922 current_native_bytes is 180706687
12-15 10:28:37.128  3312  3523 I com.miui.home: CheckGCForNative adj_start_bytes: 37685549 NativeAllocationGcWatermark: 11076623 java_gc_start_bytes: 21070615 kNewNativeDiscountFactor: 2 kOldNativeDiscountFactor: 65536 old_native_bytes: 139923175 new_native_bytes: 30077656 add_bytes_allowed: 33229869 is_gc_concurrent: 1 target_footprint_: 21504127 GetBytesAllocated: 15897841 HeapGrowthMultiplier: 3
12-15 10:28:37.128  3312  3523 I com.miui.home: CheckGCForNative gc_urgency 0.820973 current_native_bytes is 170000831
12-15 10:28:37.412  3312  3312 I wm_on_top_resumed_gained_called: [58647776,com.miui.home.launcher.Launcher,topStateChangedWhenResumed]
12-15 10:28:37.474  3312  3523 I com.miui.home: CheckGCForNative adj_start_bytes: 37685549 NativeAllocationGcWatermark: 11076623 java_gc_start_bytes: 21070615 kNewNativeDiscountFactor: 2 kOldNativeDiscountFactor: 65536 old_native_bytes: 139923175 new_native_bytes: 30111672 add_bytes_allowed: 33229869 is_gc_concurrent: 1 target_footprint_: 21504127 GetBytesAllocated: 16044336 HeapGrowthMultiplier: 3
12-15 10:28:37.474  3312  3523 I com.miui.home: CheckGCForNative gc_urgency 0.825311 current_native_bytes is 170034847
12-15 10:28:37.546 11480 11480 I wm_on_application_create_called: [0,com.taobao.taobao,1285]
12-15 10:28:37.561  3312  3521 I com.miui.home: CheckGCForNative adj_start_bytes: 37685549 NativeAllocationGcWatermark: 11076623 java_gc_start_bytes: 21070615 kNewNativeDiscountFactor: 2 kOldNativeDiscountFactor: 65536 old_native_bytes: 139923175 new_native_bytes: 40764024 add_bytes_allowed: 33229869 is_gc_concurrent: 1 target_footprint_: 21504127 GetBytesAllocated: 16083578 HeapGrowthMultiplier: 3
12-15 10:28:37.561  3312  3521 I com.miui.home: CheckGCForNative gc_urgency 0.967685 current_native_bytes is 180687199
12-15 10:28:37.562  3312  3521 I com.miui.home: CheckGCForNative adj_start_bytes: 37685549 NativeAllocationGcWatermark: 11076623 java_gc_start_bytes: 21070615 kNewNativeDiscountFactor: 2 kOldNativeDiscountFactor: 65536 old_native_bytes: 139923175 new_native_bytes: 51470968 add_bytes_allowed: 33229869 is_gc_concurrent: 1 target_footprint_: 21504127 GetBytesAllocated: 16100233 HeapGrowthMultiplier: 3
12-15 10:28:37.562  3312  3521 I com.miui.home: CheckGCForNative gc_urgency 1.11018 current_native_bytes is 191394143
12-15 10:28:37.562  3312  3521 I com.miui.home: CheckGCForNative requested 1
12-15 10:28:37.571  3312 10731 I com.miui.home: CheckGCForNative adj_start_bytes: 37685549 NativeAllocationGcWatermark: 11076623 java_gc_start_bytes: 21070615 kNewNativeDiscountFactor: 2 kOldNativeDiscountFactor: 65536 old_native_bytes: 139923175 new_native_bytes: 51470616 add_bytes_allowed: 33229869 is_gc_concurrent: 1 target_footprint_: 21504127 GetBytesAllocated: 16100233 HeapGrowthMultiplier: 3
12-15 10:28:37.571  3312 10731 I com.miui.home: CheckGCForNative gc_urgency 1.11018 current_native_bytes is 191393791
12-15 10:28:37.571  3312 10731 I com.miui.home: CheckGCForNative requested 1
12-15 10:28:37.836 11793 11793 I wm_on_application_create_called: [0,tv.danmaku.bili,585]
12-15 10:28:37.888  3312  3358 I com.miui.home: NativeAlloc concurrent copying GC freed 106215(4811KB) AllocSpace objects, 16(496KB) LOS objects, 49% free, 10MB/20MB, paused 578us,73us total 325.416ms
12-15 10:28:37.980  3312  3312 I wm_on_top_resumed_lost_called: [58647776,com.miui.home.launcher.Launcher,topStateChangedWhenResumed]
12-15 10:28:38.114  3312  3312 I wm_on_paused_called: [0,58647776,com.miui.home.launcher.Launcher,performPause,1]
12-15 10:28:38.432  3312  3720 I com.miui.home: CheckGCForNative gc_urgency 0 current_native_bytes is 147747931
12-15 10:28:38.476  3312  3523 I com.miui.home: CheckGCForNative gc_urgency 0 current_native_bytes is 137168971
12-15 10:28:38.509  3312  3523 I com.miui.home: CheckGCForNative adj_start_bytes: 38149284 NativeAllocationGcWatermark: 11097969 java_gc_start_bytes: 21502331 kNewNativeDiscountFactor: 2 kOldNativeDiscountFactor: 65536 old_native_bytes: 137168971 new_native_bytes: 7192 add_bytes_allowed: 33293907 is_gc_concurrent: 1 target_footprint_: 21674888 GetBytesAllocated: 12307240 HeapGrowthMultiplier: 3
12-15 10:28:38.510  3312  3523 I com.miui.home: CheckGCForNative gc_urgency 0.322756 current_native_bytes is 137176163
12-15 10:28:38.799  3312  3523 I com.miui.home: CheckGCForNative adj_start_bytes: 38149284 NativeAllocationGcWatermark: 11097969 java_gc_start_bytes: 21502331 kNewNativeDiscountFactor: 2 kOldNativeDiscountFactor: 65536 old_native_bytes: 137168971 new_native_bytes: 301844 add_bytes_allowed: 33293907 is_gc_concurrent: 1 target_footprint_: 21674888 GetBytesAllocated: 12731294 HeapGrowthMultiplier: 3
12-15 10:28:38.799  3312  3523 I com.miui.home: CheckGCForNative gc_urgency 0.337734 current_native_bytes is 137470815
12-15 10:28:39.158 11480 11480 I wm_on_create_called: [0,60337925,com.taobao.tao.welcome.Welcome,performCreate,1348]
12-15 10:28:39.614 12222 12222 I wm_on_create_called: [0,255892909,com.tencent.mm.ui.LauncherUI,performCreate,238]
12-15 10:28:39.771  3312  3312 I wm_on_stop_called: [0,58647776,com.miui.home.launcher.Launcher,STOP_ACTIVITY_ITEM,14]
12-15 10:28:39.792  8761  8761 I wm_on_stop_called: [0,108471981,fm.qingting.qtradio.WelcomeActivity,STOP_ACTIVITY_ITEM,7]
12-15 10:28:39.899 11480 11480 I wm_on_start_called: [0,60337925,com.taobao.tao.welcome.Welcome,handleStartActivity,728]
12-15 10:28:39.939 12222 12222 I wm_on_create_called: [0,84158724,com.tencent.mm.app.WeChatSplashActivity,performCreate,6]
12-15 10:28:40.008 12222 12222 I wm_on_start_called: [0,84158724,com.tencent.mm.app.WeChatSplashActivity,handleStartActivity,48]
12-15 10:28:40.018 12222 12222 I wm_on_resume_called: [0,84158724,com.tencent.mm.app.WeChatSplashActivity,RESUME_ACTIVITY,8]
12-15 10:28:40.034  3312  3312 I wm_on_restart_called: [0,58647776,com.miui.home.launcher.Launcher,,0]
12-15 10:28:40.035  3312  3312 I wm_on_start_called: [0,58647776,com.miui.home.launcher.Launcher,handleStartActivity,1]
12-15 10:28:40.040  3312  3312 I wm_on_resume_called: [0,58647776,com.miui.home.launcher.Launcher,RESUME_ACTIVITY,5]
12-15 10:28:40.112  3312  3312 I wm_on_idle_called: com.miui.home.launcher.Launcher
12-15 10:28:40.129 12222 12222 I wm_on_top_resumed_gained_called: [84158724,com.tencent.mm.app.WeChatSplashActivity,topStateChangedWhenResumed]
12-15 10:28:40.130 12222 12222 I wm_on_top_resumed_lost_called: [84158724,com.tencent.mm.app.WeChatSplashActivity,topStateChangedWhenResumed]
12-15 10:28:40.140 11480 11480 I wm_on_resume_called: [0,60337925,com.taobao.tao.welcome.Welcome,RESUME_ACTIVITY,232]
12-15 10:28:40.148  3312  3312 I wm_on_top_resumed_gained_called: [58647776,com.miui.home.launcher.Launcher,topStateChangedWhenResumed]
12-15 10:28:40.236  3312  3394 I com.miui.home: CheckGCForNative adj_start_bytes: 38149284 NativeAllocationGcWatermark: 11097969 java_gc_start_bytes: 21502331 kNewNativeDiscountFactor: 2 kOldNativeDiscountFactor: 65536 old_native_bytes: 137168971 new_native_bytes: 10855700 add_bytes_allowed: 33293907 is_gc_concurrent: 1 target_footprint_: 21674888 GetBytesAllocated: 13895848 HeapGrowthMultiplier: 3
12-15 10:28:40.245  3312  3394 I com.miui.home: CheckGCForNative gc_urgency 0.506583 current_native_bytes is 148024671
12-15 10:28:40.245  3312  3394 I com.miui.home: CheckGCForNative adj_start_bytes: 38149284 NativeAllocationGcWatermark: 11097969 java_gc_start_bytes: 21502331 kNewNativeDiscountFactor: 2 kOldNativeDiscountFactor: 65536 old_native_bytes: 137168971 new_native_bytes: 21643848 add_bytes_allowed: 33293907 is_gc_concurrent: 1 target_footprint_: 21674888 GetBytesAllocated: 14012942 HeapGrowthMultiplier: 3
12-15 10:28:40.245  3312  3394 I com.miui.home: CheckGCForNative gc_urgency 0.651047 current_native_bytes is 158812819
12-15 10:28:40.253  3312  3364 I com.miui.home: CheckGCForNative adj_start_bytes: 38149284 NativeAllocationGcWatermark: 11097969 java_gc_start_bytes: 21502331 kNewNativeDiscountFactor: 2 kOldNativeDiscountFactor: 65536 old_native_bytes: 137168971 new_native_bytes: 21644968 add_bytes_allowed: 33293907 is_gc_concurrent: 1 target_footprint_: 21674888 GetBytesAllocated: 14065522 HeapGrowthMultiplier: 3
12-15 10:28:40.253  3312  3364 I com.miui.home: CheckGCForNative gc_urgency 0.65244 current_native_bytes is 158813939
12-15 10:28:40.269  3312  3523 I com.miui.home: CheckGCForNative adj_start_bytes: 38149284 NativeAllocationGcWatermark: 11097969 java_gc_start_bytes: 21502331 kNewNativeDiscountFactor: 2 kOldNativeDiscountFactor: 65536 old_native_bytes: 137168971 new_native_bytes: 11044056 add_bytes_allowed: 33293907 is_gc_concurrent: 1 target_footprint_: 21674888 GetBytesAllocated: 14194668 HeapGrowthMultiplier: 3
12-15 10:28:40.269  3312  3523 I com.miui.home: CheckGCForNative gc_urgency 0.516885 current_native_bytes is 148213027
12-15 10:28:40.314  3312  3523 I com.miui.home: CheckGCForNative adj_start_bytes: 38149284 NativeAllocationGcWatermark: 11097969 java_gc_start_bytes: 21502331 kNewNativeDiscountFactor: 2 kOldNativeDiscountFactor: 65536 old_native_bytes: 137168971 new_native_bytes: 11076824 add_bytes_allowed: 33293907 is_gc_concurrent: 1 target_footprint_: 21674888 GetBytesAllocated: 14319302 HeapGrowthMultiplier: 3
12-15 10:28:40.314  3312  3523 I com.miui.home: CheckGCForNative gc_urgency 0.520581 current_native_bytes is 148245795
12-15 10:28:40.391 11480 11480 I wm_on_top_resumed_gained_called: [60337925,com.taobao.tao.welcome.Welcome,topStateChangedWhenResumed]
12-15 10:28:40.409 11480 11480 I wm_on_top_resumed_lost_called: [60337925,com.taobao.tao.welcome.Welcome,topStateChangedWhenResumed]
12-15 10:28:40.479 11480 11480 I wm_on_paused_called: [0,60337925,com.taobao.tao.welcome.Welcome,performPause,55]
12-15 10:28:40.529  3312  3720 I com.miui.home: CheckGCForNative adj_start_bytes: 38149284 NativeAllocationGcWatermark: 11097969 java_gc_start_bytes: 21502331 kNewNativeDiscountFactor: 2 kOldNativeDiscountFactor: 65536 old_native_bytes: 137168971 new_native_bytes: 21954124 add_bytes_allowed: 33293907 is_gc_concurrent: 1 target_footprint_: 21674888 GetBytesAllocated: 14704902 HeapGrowthMultiplier: 3
12-15 10:28:40.529  3312  3720 I com.miui.home: CheckGCForNative gc_urgency 0.673251 current_native_bytes is 159123095
12-15 10:28:40.581  3312  3523 I com.miui.home: CheckGCForNative adj_start_bytes: 38149284 NativeAllocationGcWatermark: 11097969 java_gc_start_bytes: 21502331 kNewNativeDiscountFactor: 2 kOldNativeDiscountFactor: 65536 old_native_bytes: 137168971 new_native_bytes: 11256940 add_bytes_allowed: 33293907 is_gc_concurrent: 1 target_footprint_: 21674888 GetBytesAllocated: 14755291 HeapGrowthMultiplier: 3
12-15 10:28:40.581  3312  3523 I com.miui.home: CheckGCForNative gc_urgency 0.534371 current_native_bytes is 148425911
12-15 10:28:40.736  3312  3521 I com.miui.home: CheckGCForNative adj_start_bytes: 38149284 NativeAllocationGcWatermark: 11097969 java_gc_start_bytes: 21502331 kNewNativeDiscountFactor: 2 kOldNativeDiscountFactor: 65536 old_native_bytes: 137168971 new_native_bytes: 21884300 add_bytes_allowed: 33293907 is_gc_concurrent: 1 target_footprint_: 21674888 GetBytesAllocated: 14841924 HeapGrowthMultiplier: 3
12-15 10:28:40.736  3312  3521 I com.miui.home: CheckGCForNative gc_urgency 0.675928 current_native_bytes is 159053271
12-15 10:28:40.736  3312  3521 I com.miui.home: CheckGCForNative adj_start_bytes: 38149284 NativeAllocationGcWatermark: 11097969 java_gc_start_bytes: 21502331 kNewNativeDiscountFactor: 2 kOldNativeDiscountFactor: 65536 old_native_bytes: 137168971 new_native_bytes: 32554700 add_bytes_allowed: 33293907 is_gc_concurrent: 1 target_footprint_: 21674888 GetBytesAllocated: 14843975 HeapGrowthMultiplier: 3
12-15 10:28:40.736  3312  3521 I com.miui.home: CheckGCForNative gc_urgency 0.815832 current_native_bytes is 169723671
12-15 10:28:40.740  3312  3644 I com.miui.home: CheckGCForNative adj_start_bytes: 38149284 NativeAllocationGcWatermark: 11097969 java_gc_start_bytes: 21502331 kNewNativeDiscountFactor: 2 kOldNativeDiscountFactor: 65536 old_native_bytes: 137168971 new_native_bytes: 32556172 add_bytes_allowed: 33293907 is_gc_concurrent: 1 target_footprint_: 21674888 GetBytesAllocated: 14843975 HeapGrowthMultiplier: 3
12-15 10:28:40.740  3312  3644 I com.miui.home: CheckGCForNative gc_urgency 0.815852 current_native_bytes is 169725143
12-15 10:28:40.812 12222 12222 I wm_on_paused_called: [0,84158724,com.tencent.mm.app.WeChatSplashActivity,performPause,52]
12-15 10:28:40.825 11480 11480 I wm_on_stop_called: [0,60337925,com.taobao.tao.welcome.Welcome,STOP_ACTIVITY_ITEM,307]
12-15 10:28:40.971 12312 12312 I wm_on_application_create_called: [0,com.xunmeng.pinduoduo,366]
12-15 10:28:41.090  3312  3312 I wm_on_top_resumed_lost_called: [58647776,com.miui.home.launcher.Launcher,topStateChangedWhenResumed]
12-15 10:28:41.092  3312  3312 I wm_on_paused_called: [0,58647776,com.miui.home.launcher.Launcher,performPause,2]
12-15 10:28:41.134  3312  3720 I com.miui.home: CheckGCForNative adj_start_bytes: 38149284 NativeAllocationGcWatermark: 11097969 java_gc_start_bytes: 21502331 kNewNativeDiscountFactor: 2 kOldNativeDiscountFactor: 65536 old_native_bytes: 137168971 new_native_bytes: 33027928 add_bytes_allowed: 33293907 is_gc_concurrent: 1 target_footprint_: 21674888 GetBytesAllocated: 15693356 HeapGrowthMultiplier: 3
12-15 10:28:41.134  3312  3720 I com.miui.home: CheckGCForNative gc_urgency 0.844299 current_native_bytes is 170196899
12-15 10:28:41.152 12222 12222 I wm_on_destroy_called: [0,255892909,com.tencent.mm.ui.LauncherUI,performDestroy,94]
12-15 10:28:41.386  8761  8761 I wm_on_destroy_called: [0,108471981,fm.qingting.qtradio.WelcomeActivity,performDestroy,8]
12-15 10:28:41.429  3312  3720 I com.miui.home: CheckGCForNative adj_start_bytes: 38149284 NativeAllocationGcWatermark: 11097969 java_gc_start_bytes: 21502331 kNewNativeDiscountFactor: 2 kOldNativeDiscountFactor: 65536 old_native_bytes: 137168971 new_native_bytes: 22420084 add_bytes_allowed: 33293907 is_gc_concurrent: 1 target_footprint_: 21674888 GetBytesAllocated: 16353202 HeapGrowthMultiplier: 3
12-15 10:28:41.430  3312  3720 I com.miui.home: CheckGCForNative gc_urgency 0.722565 current_native_bytes is 159589055
12-15 10:28:41.498  3312  3394 I com.miui.home: CheckGCForNative adj_start_bytes: 38149284 NativeAllocationGcWatermark: 11097969 java_gc_start_bytes: 21502331 kNewNativeDiscountFactor: 2 kOldNativeDiscountFactor: 65536 old_native_bytes: 137168971 new_native_bytes: 22617244 add_bytes_allowed: 33293907 is_gc_concurrent: 1 target_footprint_: 21674888 GetBytesAllocated: 16510563 HeapGrowthMultiplier: 3
12-15 10:28:41.498  3312  3394 I com.miui.home: CheckGCForNative gc_urgency 0.729274 current_native_bytes is 159786215
12-15 10:28:41.509 12222 12222 I wm_on_stop_called: [0,84158724,com.tencent.mm.app.WeChatSplashActivity,STOP_ACTIVITY_ITEM,66]
12-15 10:28:41.784  3312  3523 I com.miui.home: CheckGCForNative adj_start_bytes: 38149284 NativeAllocationGcWatermark: 11097969 java_gc_start_bytes: 21502331 kNewNativeDiscountFactor: 2 kOldNativeDiscountFactor: 65536 old_native_bytes: 137168971 new_native_bytes: 22712828 add_bytes_allowed: 33293907 is_gc_concurrent: 1 target_footprint_: 21674888 GetBytesAllocated: 16689638 HeapGrowthMultiplier: 3
12-15 10:28:41.784  3312  3523 I com.miui.home: CheckGCForNative gc_urgency 0.735221 current_native_bytes is 159881799
12-15 10:28:41.878 12222 12222 I wm_on_destroy_called: [0,84158724,com.tencent.mm.app.WeChatSplashActivity,performDestroy,119]
12-15 10:28:41.905  3312  3720 I com.miui.home: CheckGCForNative adj_start_bytes: 38149284 NativeAllocationGcWatermark: 11097969 java_gc_start_bytes: 21502331 kNewNativeDiscountFactor: 2 kOldNativeDiscountFactor: 65536 old_native_bytes: 137168971 new_native_bytes: 33430884 add_bytes_allowed: 33293907 is_gc_concurrent: 1 target_footprint_: 21674888 GetBytesAllocated: 16724055 HeapGrowthMultiplier: 3
12-15 10:28:41.905  3312  3720 I com.miui.home: CheckGCForNative gc_urgency 0.876598 current_native_bytes is 170599855
12-15 10:28:41.905  3312  3720 I com.miui.home: CheckGCForNative adj_start_bytes: 38149284 NativeAllocationGcWatermark: 11097969 java_gc_start_bytes: 21502331 kNewNativeDiscountFactor: 2 kOldNativeDiscountFactor: 65536 old_native_bytes: 137168971 new_native_bytes: 44138020 add_bytes_allowed: 33293907 is_gc_concurrent: 1 target_footprint_: 21674888 GetBytesAllocated: 16725879 HeapGrowthMultiplier: 3
12-15 10:28:41.905  3312  3720 I com.miui.home: CheckGCForNative gc_urgency 1.01698 current_native_bytes is 181306991
12-15 10:28:41.905  3312  3720 I com.miui.home: CheckGCForNative requested 1
12-15 10:28:42.011  3312  3720 I com.miui.home: CheckGCForNative adj_start_bytes: 38149284 NativeAllocationGcWatermark: 11097969 java_gc_start_bytes: 21502331 kNewNativeDiscountFactor: 2 kOldNativeDiscountFactor: 65536 old_native_bytes: 137168971 new_native_bytes: 44189700 add_bytes_allowed: 33293907 is_gc_concurrent: 1 target_footprint_: 21674888 GetBytesAllocated: 16797061 HeapGrowthMultiplier: 3
12-15 10:28:42.011  3312  3720 I com.miui.home: CheckGCForNative gc_urgency 1.01952 current_native_bytes is 181358671
12-15 10:28:42.011  3312  3720 I com.miui.home: CheckGCForNative requested 1
12-15 10:28:42.016  3312  3720 I com.miui.home: CheckGCForNative adj_start_bytes: 38149284 NativeAllocationGcWatermark: 11097969 java_gc_start_bytes: 21502331 kNewNativeDiscountFactor: 2 kOldNativeDiscountFactor: 65536 old_native_bytes: 137168971 new_native_bytes: 54896644 add_bytes_allowed: 33293907 is_gc_concurrent: 1 target_footprint_: 21674888 GetBytesAllocated: 16804313 HeapGrowthMultiplier: 3
12-15 10:28:42.016  3312  3720 I com.miui.home: CheckGCForNative gc_urgency 1.16004 current_native_bytes is 192065615
12-15 10:28:42.016  3312  3720 I com.miui.home: CheckGCForNative requested 1
12-15 10:28:42.060  3312  3477 I com.miui.home: CheckGCForNative adj_start_bytes: 38149284 NativeAllocationGcWatermark: 11097969 java_gc_start_bytes: 21502331 kNewNativeDiscountFactor: 2 kOldNativeDiscountFactor: 65536 old_native_bytes: 137168971 new_native_bytes: 44446300 add_bytes_allowed: 33293907 is_gc_concurrent: 1 target_footprint_: 21674888 GetBytesAllocated: 16853737 HeapGrowthMultiplier: 3
12-15 10:28:42.060  3312  3477 I com.miui.home: CheckGCForNative gc_urgency 1.02437 current_native_bytes is 181615271
12-15 10:28:42.060  3312  3477 I com.miui.home: CheckGCForNative requested 1
12-15 10:28:42.062  3312  3477 I com.miui.home: CheckGCForNative adj_start_bytes: 38149284 NativeAllocationGcWatermark: 11097969 java_gc_start_bytes: 21502331 kNewNativeDiscountFactor: 2 kOldNativeDiscountFactor: 65536 old_native_bytes: 137168971 new_native_bytes: 44840188 add_bytes_allowed: 33293907 is_gc_concurrent: 1 target_footprint_: 21674888 GetBytesAllocated: 16853737 HeapGrowthMultiplier: 3
12-15 10:28:42.062  3312  3477 I com.miui.home: CheckGCForNative gc_urgency 1.02953 current_native_bytes is 182009159
12-15 10:28:42.062  3312  3477 I com.miui.home: CheckGCForNative requested 1
12-15 10:28:42.076  3312  3720 I com.miui.home: CheckGCForNative adj_start_bytes: 38149284 NativeAllocationGcWatermark: 11097969 java_gc_start_bytes: 21502331 kNewNativeDiscountFactor: 2 kOldNativeDiscountFactor: 65536 old_native_bytes: 137168971 new_native_bytes: 55550076 add_bytes_allowed: 33293907 is_gc_concurrent: 1 target_footprint_: 21674888 GetBytesAllocated: 16853737 HeapGrowthMultiplier: 3
12-15 10:28:42.076  3312  3720 I com.miui.home: CheckGCForNative gc_urgency 1.1699 current_native_bytes is 192719047
12-15 10:28:42.076  3312  3720 I com.miui.home: CheckGCForNative requested 1
12-15 10:28:42.077  3312  3720 I com.miui.home: CheckGCForNative adj_start_bytes: 38149284 NativeAllocationGcWatermark: 11097969 java_gc_start_bytes: 21502331 kNewNativeDiscountFactor: 2 kOldNativeDiscountFactor: 65536 old_native_bytes: 137168971 new_native_bytes: 66257020 add_bytes_allowed: 33293907 is_gc_concurrent: 1 target_footprint_: 21674888 GetBytesAllocated: 16858079 HeapGrowthMultiplier: 3
12-15 10:28:42.077  3312  3720 I com.miui.home: CheckGCForNative gc_urgency 1.31034 current_native_bytes is 203425991
12-15 10:28:42.077  3312  3720 I com.miui.home: CheckGCForNative requested 1
12-15 10:28:42.174  3312  3312 I com.miui.home: CheckGCForNative adj_start_bytes: 38149284 NativeAllocationGcWatermark: 11097969 java_gc_start_bytes: 21502331 kNewNativeDiscountFactor: 2 kOldNativeDiscountFactor: 65536 old_native_bytes: 137168971 new_native_bytes: 56054412 add_bytes_allowed: 33293907 is_gc_concurrent: 1 target_footprint_: 21674888 GetBytesAllocated: 17300927 HeapGrowthMultiplier: 3
12-15 10:28:42.174  3312  3312 I com.miui.home: CheckGCForNative gc_urgency 1.18823 current_native_bytes is 193223383
12-15 10:28:42.174  3312  3312 I com.miui.home: CheckGCForNative requested 1
12-15 10:28:42.276  3312  3358 I com.miui.home: NativeAlloc concurrent copying GC freed 119455(5577KB) AllocSpace objects, 16(496KB) LOS objects, 49% free, 10MB/21MB, paused 194us,69us total 370.453ms
12-15 10:28:42.629  3312  3312 I com.miui.home: CheckGCForNative gc_urgency 0 current_native_bytes is 124728043
12-15 10:28:42.642  3312  3312 I wm_on_resume_called: [0,58647776,com.miui.home.launcher.Launcher,RESUME_ACTIVITY,4]
12-15 10:28:42.654  3312  3312 I wm_on_idle_called: com.miui.home.launcher.Launcher
12-15 10:28:42.680  3312  7923 I com.miui.home: CheckGCForNative adj_start_bytes: 39123843 NativeAllocationGcWatermark: 11237578 java_gc_start_bytes: 22267476 kNewNativeDiscountFactor: 2 kOldNativeDiscountFactor: 65536 old_native_bytes: 124728043 new_native_bytes: 235468 add_bytes_allowed: 33712734 is_gc_concurrent: 1 target_footprint_: 22791764 GetBytesAllocated: 12305852 HeapGrowthMultiplier: 3
12-15 10:28:42.680  3312  7923 I com.miui.home: CheckGCForNative gc_urgency 0.317594 current_native_bytes is 124963511
12-15 10:28:42.774 12624 12624 I wm_on_application_create_called: [0,com.kmxs.reader,1022]
12-15 10:28:43.020  3312  3395 I com.miui.home: CheckGCForNative adj_start_bytes: 39123843 NativeAllocationGcWatermark: 11237578 java_gc_start_bytes: 22267476 kNewNativeDiscountFactor: 2 kOldNativeDiscountFactor: 65536 old_native_bytes: 124728043 new_native_bytes: 10890128 add_bytes_allowed: 33712734 is_gc_concurrent: 1 target_footprint_: 22791764 GetBytesAllocated: 12480153 HeapGrowthMultiplier: 3
12-15 10:28:43.020  3312  3395 I com.miui.home: CheckGCForNative gc_urgency 0.458215 current_native_bytes is 135618171
12-15 10:28:43.021  3312  3395 I com.miui.home: CheckGCForNative adj_start_bytes: 39123843 NativeAllocationGcWatermark: 11237578 java_gc_start_bytes: 22267476 kNewNativeDiscountFactor: 2 kOldNativeDiscountFactor: 65536 old_native_bytes: 124728043 new_native_bytes: 21597072 add_bytes_allowed: 33712734 is_gc_concurrent: 1 target_footprint_: 22791764 GetBytesAllocated: 12480361 HeapGrowthMultiplier: 3
12-15 10:28:43.021  3312  3395 I com.miui.home: CheckGCForNative gc_urgency 0.595054 current_native_bytes is 146325115
12-15 10:28:43.052  3312 10731 I com.miui.home: CheckGCForNative adj_start_bytes: 39123843 NativeAllocationGcWatermark: 11237578 java_gc_start_bytes: 22267476 kNewNativeDiscountFactor: 2 kOldNativeDiscountFactor: 65536 old_native_bytes: 124728043 new_native_bytes: 21674224 add_bytes_allowed: 33712734 is_gc_concurrent: 1 target_footprint_: 22791764 GetBytesAllocated: 12549267 HeapGrowthMultiplier: 3
12-15 10:28:43.052  3312 10731 I com.miui.home: CheckGCForNative gc_urgency 0.597801 current_native_bytes is 146402267
12-15 10:28:43.101  3312  3312 I wm_on_top_resumed_gained_called: [58647776,com.miui.home.launcher.Launcher,topStateChangedWhenResumed]
12-15 10:28:43.299  3312  3523 I com.miui.home: CheckGCForNative adj_start_bytes: 39123843 NativeAllocationGcWatermark: 11237578 java_gc_start_bytes: 22267476 kNewNativeDiscountFactor: 2 kOldNativeDiscountFactor: 65536 old_native_bytes: 124728043 new_native_bytes: 10911408 add_bytes_allowed: 33712734 is_gc_concurrent: 1 target_footprint_: 22791764 GetBytesAllocated: 12638088 HeapGrowthMultiplier: 3
12-15 10:28:43.299  3312  3523 I com.miui.home: CheckGCForNative gc_urgency 0.462523 current_native_bytes is 135639451
12-15 10:28:43.325 12624 12624 I wm_on_create_called: [0,163567097,com.km.app.home.view.LoadingActivity,performCreate,481]
12-15 10:28:43.366  3312  3523 I com.miui.home: CheckGCForNative adj_start_bytes: 39123843 NativeAllocationGcWatermark: 11237578 java_gc_start_bytes: 22267476 kNewNativeDiscountFactor: 2 kOldNativeDiscountFactor: 65536 old_native_bytes: 124728043 new_native_bytes: 10918832 add_bytes_allowed: 33712734 is_gc_concurrent: 1 target_footprint_: 22791764 GetBytesAllocated: 12658041 HeapGrowthMultiplier: 3
12-15 10:28:43.366  3312  3523 I com.miui.home: CheckGCForNative gc_urgency 0.463128 current_native_bytes is 135646875
12-15 10:28:43.394 12624 12624 I wm_on_start_called: [0,163567097,com.km.app.home.view.LoadingActivity,handleStartActivity,69]
12-15 10:28:43.454 12624 12624 I wm_on_resume_called: [0,163567097,com.km.app.home.view.LoadingActivity,RESUME_ACTIVITY,44]
12-15 10:28:43.497  3312  3521 I com.miui.home: CheckGCForNative adj_start_bytes: 39123843 NativeAllocationGcWatermark: 11237578 java_gc_start_bytes: 22267476 kNewNativeDiscountFactor: 2 kOldNativeDiscountFactor: 65536 old_native_bytes: 124728043 new_native_bytes: 21525072 add_bytes_allowed: 33712734 is_gc_concurrent: 1 target_footprint_: 22791764 GetBytesAllocated: 12710600 HeapGrowthMultiplier: 3
12-15 10:28:43.497  3312  3521 I com.miui.home: CheckGCForNative gc_urgency 0.600019 current_native_bytes is 146253115
12-15 10:28:43.497  3312  3521 I com.miui.home: CheckGCForNative adj_start_bytes: 39123843 NativeAllocationGcWatermark: 11237578 java_gc_start_bytes: 22267476 kNewNativeDiscountFactor: 2 kOldNativeDiscountFactor: 65536 old_native_bytes: 124728043 new_native_bytes: 32232016 add_bytes_allowed: 33712734 is_gc_concurrent: 1 target_footprint_: 22791764 GetBytesAllocated: 12710792 HeapGrowthMultiplier: 3
12-15 10:28:43.497  3312  3521 I com.miui.home: CheckGCForNative gc_urgency 0.736858 current_native_bytes is 156960059
12-15 10:28:43.500  3312  3395 I com.miui.home: CheckGCForNative adj_start_bytes: 39123843 NativeAllocationGcWatermark: 11237578 java_gc_start_bytes: 22267476 kNewNativeDiscountFactor: 2 kOldNativeDiscountFactor: 65536 old_native_bytes: 124728043 new_native_bytes: 32233040 add_bytes_allowed: 33712734 is_gc_concurrent: 1 target_footprint_: 22791764 GetBytesAllocated: 12713391 HeapGrowthMultiplier: 3
12-15 10:28:43.500  3312  3395 I com.miui.home: CheckGCForNative gc_urgency 0.736937 current_native_bytes is 156961083
