12-14 16:08:41.506 22155 22314 I com.miui.home: CheckGCForNative adj_start_bytes: 39488627 NativeAllocationGcWatermark: 11234655 java_gc_start_bytes: 22636645 kNewNativeDiscountFactor: 2 kOldNativeDiscountFactor: 65536 old_native_bytes: 149734415 new_native_bytes: 22771180 add_bytes_allowed: 33703965 is_gc_concurrent: 1 target_footprint_: 22768382 GetBytesAllocated: 16564178 HeapGrowthMultiplier: 3
12-14 16:08:41.506 22155 22314 I com.miui.home: CheckGCForNative gc_urgency 0.707851 current_native_bytes is 172505595
12-14 16:08:41.507 22155 22314 I com.miui.home: CheckGCForNative adj_start_bytes: 39488627 NativeAllocationGcWatermark: 11234655 java_gc_start_bytes: 22636645 kNewNativeDiscountFactor: 2 kOldNativeDiscountFactor: 65536 old_native_bytes: 149734415 new_native_bytes: 33478124 add_bytes_allowed: 33703965 is_gc_concurrent: 1 target_footprint_: 22768382 GetBytesAllocated: 16571487 HeapGrowthMultiplier: 3
12-14 16:08:41.507 22155 22314 I com.miui.home: CheckGCForNative gc_urgency 0.843606 current_native_bytes is 183212539
12-14 16:08:41.554 22155 22314 I com.miui.home: CheckGCForNative adj_start_bytes: 39488627 NativeAllocationGcWatermark: 11234655 java_gc_start_bytes: 22636645 kNewNativeDiscountFactor: 2 kOldNativeDiscountFactor: 65536 old_native_bytes: 149734415 new_native_bytes: 33538188 add_bytes_allowed: 33703965 is_gc_concurrent: 1 target_footprint_: 22768382 GetBytesAllocated: 16616771 HeapGrowthMultiplier: 3
12-14 16:08:41.554 22155 22314 I com.miui.home: CheckGCForNative gc_urgency 0.845513 current_native_bytes is 183272603
12-14 16:08:41.767 22155 22229 I com.miui.home: CheckGCForNative adj_start_bytes: 39488627 NativeAllocationGcWatermark: 11234655 java_gc_start_bytes: 22636645 kNewNativeDiscountFactor: 2 kOldNativeDiscountFactor: 65536 old_native_bytes: 149734415 new_native_bytes: 22848780 add_bytes_allowed: 33703965 is_gc_concurrent: 1 target_footprint_: 22768382 GetBytesAllocated: 16716691 HeapGrowthMultiplier: 3
12-14 16:08:41.768 22155 22229 I com.miui.home: CheckGCForNative gc_urgency 0.712695 current_native_bytes is 172583195
12-14 16:08:41.790 22155 22155 I wm_on_top_resumed_gained_called: [185468407,com.miui.home.launcher.Launcher,topStateChangedWhenResumed]
12-14 16:08:41.823 22155 22229 I com.miui.home: CheckGCForNative adj_start_bytes: 39488627 NativeAllocationGcWatermark: 11234655 java_gc_start_bytes: 22636645 kNewNativeDiscountFactor: 2 kOldNativeDiscountFactor: 65536 old_native_bytes: 149734415 new_native_bytes: 22820172 add_bytes_allowed: 33703965 is_gc_concurrent: 1 target_footprint_: 22768382 GetBytesAllocated: 16732242 HeapGrowthMultiplier: 3
12-14 16:08:41.823 22155 22229 I com.miui.home: CheckGCForNative gc_urgency 0.712727 current_native_bytes is 172554587
12-14 16:08:42.012 22155 22314 I com.miui.home: CheckGCForNative adj_start_bytes: 39488627 NativeAllocationGcWatermark: 11234655 java_gc_start_bytes: 22636645 kNewNativeDiscountFactor: 2 kOldNativeDiscountFactor: 65536 old_native_bytes: 149734415 new_native_bytes: 33476844 add_bytes_allowed: 33703965 is_gc_concurrent: 1 target_footprint_: 22768382 GetBytesAllocated: 16797699 HeapGrowthMultiplier: 3
12-14 16:08:42.012 22155 22314 I com.miui.home: CheckGCForNative gc_urgency 0.849318 current_native_bytes is 183211259
12-14 16:08:42.012 22155 22228 I com.miui.home: CheckGCForNative adj_start_bytes: 39488627 NativeAllocationGcWatermark: 11234655 java_gc_start_bytes: 22636645 kNewNativeDiscountFactor: 2 kOldNativeDiscountFactor: 65536 old_native_bytes: 149734415 new_native_bytes: 44183148 add_bytes_allowed: 33703965 is_gc_concurrent: 1 target_footprint_: 22768382 GetBytesAllocated: 16797891 HeapGrowthMultiplier: 3
12-14 16:08:42.012 22155 22155 I com.miui.home: CheckGCForNative adj_start_bytes: 39488627 NativeAllocationGcWatermark: 11234655 java_gc_start_bytes: 22636645 kNewNativeDiscountFactor: 2 kOldNativeDiscountFactor: 65536 old_native_bytes: 149734415 new_native_bytes: 54890092 add_bytes_allowed: 33703965 is_gc_concurrent: 1 target_footprint_: 22768382 GetBytesAllocated: 16805971 HeapGrowthMultiplier: 3
12-14 16:08:42.012 22155 22155 I com.miui.home: CheckGCForNative gc_urgency 1.12066 current_native_bytes is 204624507
12-14 16:08:42.012 22155 22155 I com.miui.home: CheckGCForNative requested 1
12-14 16:08:42.013 22155 22228 I com.miui.home: CheckGCForNative gc_urgency 0.985089 current_native_bytes is 193917563
12-14 16:08:42.303 22155 22155 I wm_on_top_resumed_lost_called: [185468407,com.miui.home.launcher.Launcher,topStateChangedWhenResumed]
12-14 16:08:42.320 22155 23398 I com.miui.home: CheckGCForNative adj_start_bytes: 39488627 NativeAllocationGcWatermark: 11234655 java_gc_start_bytes: 22636645 kNewNativeDiscountFactor: 2 kOldNativeDiscountFactor: 65536 old_native_bytes: 149734415 new_native_bytes: 33565468 add_bytes_allowed: 33703965 is_gc_concurrent: 1 target_footprint_: 22768382 GetBytesAllocated: 17223294 HeapGrowthMultiplier: 3
12-14 16:08:42.320 22155 23398 I com.miui.home: CheckGCForNative gc_urgency 0.861218 current_native_bytes is 183299883
12-14 16:08:42.542 22155 22164 I com.miui.home: NativeAlloc concurrent copying GC freed 116270(5245KB) AllocSpace objects, 14(392KB) LOS objects, 50% free, 11MB/22MB, paused 198us,96us total 520.575ms
12-14 16:08:42.551 22155 22155 I wm_on_paused_called: [0,185468407,com.miui.home.launcher.Launcher,performPause,1]
12-14 16:08:42.728 22155 22392 I com.miui.home: CheckGCForNative gc_urgency 0 current_native_bytes is 161193975
12-14 16:08:42.819 22155 22719 I com.miui.home: CheckGCForNative gc_urgency 0 current_native_bytes is 150656015
12-14 16:08:42.970 22155 22229 I com.miui.home: CheckGCForNative adj_start_bytes: 39687807 NativeAllocationGcWatermark: 11296943 java_gc_start_bytes: 22742393 kNewNativeDiscountFactor: 2 kOldNativeDiscountFactor: 65536 old_native_bytes: 150656015 new_native_bytes: 158000 add_bytes_allowed: 33890829 is_gc_concurrent: 1 target_footprint_: 23266681 GetBytesAllocated: 12661245 HeapGrowthMultiplier: 3
12-14 16:08:42.971 22155 22229 I com.miui.home: CheckGCForNative gc_urgency 0.321069 current_native_bytes is 150814015
12-14 16:08:43.283 22155 22229 I com.miui.home: CheckGCForNative adj_start_bytes: 39687807 NativeAllocationGcWatermark: 11296943 java_gc_start_bytes: 22742393 kNewNativeDiscountFactor: 2 kOldNativeDiscountFactor: 65536 old_native_bytes: 150656015 new_native_bytes: 514320 add_bytes_allowed: 33890829 is_gc_concurrent: 1 target_footprint_: 23266681 GetBytesAllocated: 13397281 HeapGrowthMultiplier: 3
12-14 16:08:43.283 22155 22229 I com.miui.home: CheckGCForNative gc_urgency 0.344104 current_native_bytes is 151170335
12-14 16:08:44.924 29614 29614 I wm_on_application_create_called: [0,com.tencent.mm,709]
12-14 16:08:45.205 29509 29509 I wm_on_application_create_called: [0,com.xs.fm.lite,1138]
12-14 16:08:45.618 29509 29509 I wm_on_create_called: [0,125814092,com.dragon.read.pages.splash.SplashActivity,performCreate,362]
12-14 16:08:45.880 29509 29509 I wm_on_create_called: [0,71244139,com.dragon.read.pages.interest.GenderActivity,performCreate,62]
12-14 16:08:46.000 29509 29509 I wm_on_start_called: [0,71244139,com.dragon.read.pages.interest.GenderActivity,handleStartActivity,111]
12-14 16:08:46.042 29509 29509 I wm_on_resume_called: [0,71244139,com.dragon.read.pages.interest.GenderActivity,LIFECYCLER_RESUME_ACTIVITY,39]
12-14 16:08:46.236 22155 22155 I wm_on_resume_called: [0,185468407,com.miui.home.launcher.Launcher,RESUME_ACTIVITY,5]
12-14 16:08:46.240 22155 22155 I com.miui.home: CheckGCForNative adj_start_bytes: 39687807 NativeAllocationGcWatermark: 11296943 java_gc_start_bytes: 22742393 kNewNativeDiscountFactor: 2 kOldNativeDiscountFactor: 65536 old_native_bytes: 150656015 new_native_bytes: 651988 add_bytes_allowed: 33890829 is_gc_concurrent: 1 target_footprint_: 23266681 GetBytesAllocated: 15176014 HeapGrowthMultiplier: 3
12-14 16:08:46.240 22155 22155 I com.miui.home: CheckGCForNative gc_urgency 0.390657 current_native_bytes is 151308003
12-14 16:08:46.241 22155 22155 I wm_on_idle_called: com.miui.home.launcher.Launcher
12-14 16:08:46.316 29509 29509 I wm_on_paused_called: [0,71244139,com.dragon.read.pages.interest.GenderActivity,performPause,2]
12-14 16:08:46.451 22155 23438 I com.miui.home: CheckGCForNative adj_start_bytes: 39687807 NativeAllocationGcWatermark: 11296943 java_gc_start_bytes: 22742393 kNewNativeDiscountFactor: 2 kOldNativeDiscountFactor: 65536 old_native_bytes: 150656015 new_native_bytes: 11415392 add_bytes_allowed: 33890829 is_gc_concurrent: 1 target_footprint_: 23266681 GetBytesAllocated: 15462044 HeapGrowthMultiplier: 3
12-14 16:08:46.451 22155 23438 I com.miui.home: CheckGCForNative gc_urgency 0.533465 current_native_bytes is 162071407
12-14 16:08:46.451 22155 23438 I com.miui.home: CheckGCForNative adj_start_bytes: 39687807 NativeAllocationGcWatermark: 11296943 java_gc_start_bytes: 22742393 kNewNativeDiscountFactor: 2 kOldNativeDiscountFactor: 65536 old_native_bytes: 150656015 new_native_bytes: 22122336 add_bytes_allowed: 33890829 is_gc_concurrent: 1 target_footprint_: 23266681 GetBytesAllocated: 15462236 HeapGrowthMultiplier: 3
12-14 16:08:46.452 22155 23438 I com.miui.home: CheckGCForNative gc_urgency 0.668359 current_native_bytes is 172778351
12-14 16:08:46.482 22155 23438 I com.miui.home: CheckGCForNative adj_start_bytes: 39687807 NativeAllocationGcWatermark: 11296943 java_gc_start_bytes: 22742393 kNewNativeDiscountFactor: 2 kOldNativeDiscountFactor: 65536 old_native_bytes: 150656015 new_native_bytes: 22216192 add_bytes_allowed: 33890829 is_gc_concurrent: 1 target_footprint_: 23266681 GetBytesAllocated: 15888396 HeapGrowthMultiplier: 3
12-14 16:08:46.482 22155 23438 I com.miui.home: CheckGCForNative gc_urgency 0.680947 current_native_bytes is 172872207
12-14 16:08:46.534 30109 30109 I wm_on_application_create_called: [0,com.lbe.security.miui,327]
12-14 16:08:46.573 22155 22229 I com.miui.home: CheckGCForNative adj_start_bytes: 39687807 NativeAllocationGcWatermark: 11296943 java_gc_start_bytes: 22742393 kNewNativeDiscountFactor: 2 kOldNativeDiscountFactor: 65536 old_native_bytes: 150656015 new_native_bytes: 11525152 add_bytes_allowed: 33890829 is_gc_concurrent: 1 target_footprint_: 23266681 GetBytesAllocated: 16025021 HeapGrowthMultiplier: 3
12-14 16:08:46.573 22155 22229 I com.miui.home: CheckGCForNative gc_urgency 0.549033 current_native_bytes is 162181167
12-14 16:08:46.744 22155 22155 I wm_on_top_resumed_gained_called: [185468407,com.miui.home.launcher.Launcher,topStateChangedWhenResumed]
12-14 16:08:46.921 22155 22719 I com.miui.home: CheckGCForNative adj_start_bytes: 39687807 NativeAllocationGcWatermark: 11296943 java_gc_start_bytes: 22742393 kNewNativeDiscountFactor: 2 kOldNativeDiscountFactor: 65536 old_native_bytes: 150656015 new_native_bytes: 11501424 add_bytes_allowed: 33890829 is_gc_concurrent: 1 target_footprint_: 23266681 GetBytesAllocated: 16179693 HeapGrowthMultiplier: 3
12-14 16:08:46.921 22155 22719 I com.miui.home: CheckGCForNative gc_urgency 0.552631 current_native_bytes is 162157439
12-14 16:08:47.148 22155 23438 I com.miui.home: CheckGCForNative adj_start_bytes: 39687807 NativeAllocationGcWatermark: 11296943 java_gc_start_bytes: 22742393 kNewNativeDiscountFactor: 2 kOldNativeDiscountFactor: 65536 old_native_bytes: 150656015 new_native_bytes: 22206384 add_bytes_allowed: 33890829 is_gc_concurrent: 1 target_footprint_: 23266681 GetBytesAllocated: 16209423 HeapGrowthMultiplier: 3
12-14 16:08:47.148 22155 23438 I com.miui.home: CheckGCForNative gc_urgency 0.688244 current_native_bytes is 172862399
12-14 16:08:47.148 22155 22228 I com.miui.home: CheckGCForNative adj_start_bytes: 39687807 NativeAllocationGcWatermark: 11296943 java_gc_start_bytes: 22742393 kNewNativeDiscountFactor: 2 kOldNativeDiscountFactor: 65536 old_native_bytes: 150656015 new_native_bytes: 32902448 add_bytes_allowed: 33890829 is_gc_concurrent: 1 target_footprint_: 23266681 GetBytesAllocated: 16209615 HeapGrowthMultiplier: 3
12-14 16:08:47.148 22155 22228 I com.miui.home: CheckGCForNative gc_urgency 0.823002 current_native_bytes is 183558463
12-14 16:08:47.148 22155 22155 I com.miui.home: CheckGCForNative adj_start_bytes: 39687807 NativeAllocationGcWatermark: 11296943 java_gc_start_bytes: 22742393 kNewNativeDiscountFactor: 2 kOldNativeDiscountFactor: 65536 old_native_bytes: 150656015 new_native_bytes: 43610160 add_bytes_allowed: 33890829 is_gc_concurrent: 1 target_footprint_: 23266681 GetBytesAllocated: 16209807 HeapGrowthMultiplier: 3
12-14 16:08:47.148 22155 22155 I com.miui.home: CheckGCForNative gc_urgency 0.957906 current_native_bytes is 194266175
12-14 16:08:47.148 22155 22228 I com.miui.home: CheckGCForNative adj_start_bytes: 39687807 NativeAllocationGcWatermark: 11296943 java_gc_start_bytes: 22742393 kNewNativeDiscountFactor: 2 kOldNativeDiscountFactor: 65536 old_native_bytes: 150656015 new_native_bytes: 54317104 add_bytes_allowed: 33890829 is_gc_concurrent: 1 target_footprint_: 23266681 GetBytesAllocated: 16209807 HeapGrowthMultiplier: 3
12-14 16:08:47.148 22155 22228 I com.miui.home: CheckGCForNative gc_urgency 1.0928 current_native_bytes is 204973119
12-14 16:08:47.148 22155 22228 I com.miui.home: CheckGCForNative requested 1
12-14 16:08:47.465 22155 22155 I wm_on_top_resumed_lost_called: [185468407,com.miui.home.launcher.Launcher,topStateChangedWhenResumed]
12-14 16:08:47.478 22155 22155 I wm_on_paused_called: [0,185468407,com.miui.home.launcher.Launcher,performPause,1]
12-14 16:08:47.766 22155 22164 I com.miui.home: NativeAlloc concurrent copying GC freed 98253(4606KB) AllocSpace objects, 12(336KB) LOS objects, 49% free, 11MB/23MB, paused 251us,90us total 616.929ms
12-14 16:08:47.828 30109 30109 I wm_on_create_called: [0,113461987,com.android.packageinstaller.permission.ui.GrantPermissionsActivity,performCreate,1172]
12-14 16:08:47.879 22155 22392 I com.miui.home: CheckGCForNative gc_urgency 0 current_native_bytes is 161671355
12-14 16:08:47.884 30109 30109 I wm_on_start_called: [0,113461987,com.android.packageinstaller.permission.ui.GrantPermissionsActivity,handleStartActivity,30]
12-14 16:08:47.897 30109 30109 I wm_on_resume_called: [0,113461987,com.android.packageinstaller.permission.ui.GrantPermissionsActivity,RESUME_ACTIVITY,7]
12-14 16:08:47.947 30109 30109 I wm_on_top_resumed_gained_called: [113461987,com.android.packageinstaller.permission.ui.GrantPermissionsActivity,topStateChangedWhenResumed]
12-14 16:08:47.950 30109 30109 I wm_on_top_resumed_lost_called: [113461987,com.android.packageinstaller.permission.ui.GrantPermissionsActivity,topStateChangedWhenResumed]
12-14 16:08:47.953 30109 30109 I wm_on_paused_called: [0,113461987,com.android.packageinstaller.permission.ui.GrantPermissionsActivity,performPause,1]
12-14 16:08:47.969 30109 30109 I wm_on_stop_called: [0,113461987,com.android.packageinstaller.permission.ui.GrantPermissionsActivity,STOP_ACTIVITY_ITEM,15]
12-14 16:08:48.111 22155 22229 I com.miui.home: CheckGCForNative gc_urgency 0 current_native_bytes is 151168627
12-14 16:08:48.177 30109 30109 I wm_on_destroy_called: [0,113461987,com.android.packageinstaller.permission.ui.GrantPermissionsActivity,performDestroy,1]
12-14 16:08:48.467 22155 22229 I com.miui.home: CheckGCForNative adj_start_bytes: 41136619 NativeAllocationGcWatermark: 11449449 java_gc_start_bytes: 23962446 kNewNativeDiscountFactor: 2 kOldNativeDiscountFactor: 65536 old_native_bytes: 151168627 new_native_bytes: 24160 add_bytes_allowed: 34348347 is_gc_concurrent: 1 target_footprint_: 24486734 GetBytesAllocated: 13130624 HeapGrowthMultiplier: 3
12-14 16:08:48.467 22155 22229 I com.miui.home: CheckGCForNative gc_urgency 0.319545 current_native_bytes is 151192787
12-14 16:08:48.551 30226 30226 I wm_on_application_create_called: [0,com.youku.phone,383]
12-14 16:08:48.696 30226 30226 I wm_on_create_called: [0,231417797,com.youku.phone.ActivityWelcome,performCreate,77]
12-14 16:08:48.922 30226 30226 I wm_on_create_called: [0,85722086,com.youku.v2.HomePageEntry,performCreate,105]
12-14 16:08:49.025 30226 30226 I wm_on_start_called: [0,85722086,com.youku.v2.HomePageEntry,handleStartActivity,95]
12-14 16:08:49.051 30226 30226 I wm_on_resume_called: [0,85722086,com.youku.v2.HomePageEntry,RESUME_ACTIVITY,20]
12-14 16:08:49.059 30226 30226 I wm_on_top_resumed_gained_called: [85722086,com.youku.v2.HomePageEntry,topStateChangedWhenResumed]
12-14 16:08:49.302 22155 22155 I wm_on_stop_called: [0,185468407,com.miui.home.launcher.Launcher,STOP_ACTIVITY_ITEM,3]
12-14 16:08:49.760 30226 30226 I wm_on_destroy_called: [0,231417797,com.youku.phone.ActivityWelcome,performDestroy,2]
12-14 16:08:51.074 22155 22155 I wm_on_restart_called: [0,185468407,com.miui.home.launcher.Launcher,,0]
12-14 16:08:51.075 22155 22155 I wm_on_start_called: [0,185468407,com.miui.home.launcher.Launcher,handleStartActivity,1]
12-14 16:08:51.079 22155 22155 I wm_on_resume_called: [0,185468407,com.miui.home.launcher.Launcher,RESUME_ACTIVITY,3]
12-14 16:08:51.121 22155 22155 I com.miui.home: CheckGCForNative adj_start_bytes: 41136619 NativeAllocationGcWatermark: 11449449 java_gc_start_bytes: 23962446 kNewNativeDiscountFactor: 2 kOldNativeDiscountFactor: 65536 old_native_bytes: 151168627 new_native_bytes: 321944 add_bytes_allowed: 34348347 is_gc_concurrent: 1 target_footprint_: 24486734 GetBytesAllocated: 15658532 HeapGrowthMultiplier: 3
12-14 16:08:51.121 22155 22155 I com.miui.home: CheckGCForNative gc_urgency 0.384616 current_native_bytes is 151490571
12-14 16:08:51.133 22155 22155 I wm_on_idle_called: com.miui.home.launcher.Launcher
12-14 16:08:51.363 22155 26876 I com.miui.home: CheckGCForNative adj_start_bytes: 41136619 NativeAllocationGcWatermark: 11449449 java_gc_start_bytes: 23962446 kNewNativeDiscountFactor: 2 kOldNativeDiscountFactor: 65536 old_native_bytes: 151168627 new_native_bytes: 11191836 add_bytes_allowed: 34348347 is_gc_concurrent: 1 target_footprint_: 24486734 GetBytesAllocated: 15756436 HeapGrowthMultiplier: 3
12-14 16:08:51.363 22155 26876 I com.miui.home: CheckGCForNative gc_urgency 0.519116 current_native_bytes is 162360463
12-14 16:08:51.364 22155 26876 I com.miui.home: CheckGCForNative adj_start_bytes: 41136619 NativeAllocationGcWatermark: 11449449 java_gc_start_bytes: 23962446 kNewNativeDiscountFactor: 2 kOldNativeDiscountFactor: 65536 old_native_bytes: 151168627 new_native_bytes: 21898780 add_bytes_allowed: 34348347 is_gc_concurrent: 1 target_footprint_: 24486734 GetBytesAllocated: 15756628 HeapGrowthMultiplier: 3
12-14 16:08:51.364 22155 26876 I com.miui.home: CheckGCForNative gc_urgency 0.649259 current_native_bytes is 173067407
12-14 16:08:51.481 22155 22173 I com.miui.home: CheckGCForNative adj_start_bytes: 41136619 NativeAllocationGcWatermark: 11449449 java_gc_start_bytes: 23962446 kNewNativeDiscountFactor: 2 kOldNativeDiscountFactor: 65536 old_native_bytes: 151168627 new_native_bytes: 21935164 add_bytes_allowed: 34348347 is_gc_concurrent: 1 target_footprint_: 24486734 GetBytesAllocated: 15808584 HeapGrowthMultiplier: 3
12-14 16:08:51.481 22155 22173 I com.miui.home: CheckGCForNative gc_urgency 0.650964 current_native_bytes is 173103791
12-14 16:08:51.556 22155 22155 I wm_on_top_resumed_gained_called: [185468407,com.miui.home.launcher.Launcher,topStateChangedWhenResumed]
12-14 16:08:51.569 22155 22229 I com.miui.home: CheckGCForNative adj_start_bytes: 41136619 NativeAllocationGcWatermark: 11449449 java_gc_start_bytes: 23962446 kNewNativeDiscountFactor: 2 kOldNativeDiscountFactor: 65536 old_native_bytes: 151168627 new_native_bytes: 11285804 add_bytes_allowed: 34348347 is_gc_concurrent: 1 target_footprint_: 24486734 GetBytesAllocated: 15853960 HeapGrowthMultiplier: 3
12-14 16:08:51.569 22155 22229 I com.miui.home: CheckGCForNative gc_urgency 0.522628 current_native_bytes is 162454431
12-14 16:08:51.889 22155 22228 I com.miui.home: CheckGCForNative adj_start_bytes: 41136619 NativeAllocationGcWatermark: 11449449 java_gc_start_bytes: 23962446 kNewNativeDiscountFactor: 2 kOldNativeDiscountFactor: 65536 old_native_bytes: 151168627 new_native_bytes: 22033420 add_bytes_allowed: 34348347 is_gc_concurrent: 1 target_footprint_: 24486734 GetBytesAllocated: 15975798 HeapGrowthMultiplier: 3
12-14 16:08:51.889 22155 22228 I com.miui.home: CheckGCForNative gc_urgency 0.656223 current_native_bytes is 173202047
12-14 16:08:51.889 22155 22228 I com.miui.home: CheckGCForNative adj_start_bytes: 41136619 NativeAllocationGcWatermark: 11449449 java_gc_start_bytes: 23962446 kNewNativeDiscountFactor: 2 kOldNativeDiscountFactor: 65536 old_native_bytes: 151168627 new_native_bytes: 43448588 add_bytes_allowed: 34348347 is_gc_concurrent: 1 target_footprint_: 24486734 GetBytesAllocated: 15975990 HeapGrowthMultiplier: 3
12-14 16:08:51.889 22155 22228 I com.miui.home: CheckGCForNative gc_urgency 0.916521 current_native_bytes is 194617215
12-14 16:08:51.890 22155 30869 I com.miui.home: CheckGCForNative adj_start_bytes: 41136619 NativeAllocationGcWatermark: 11449449 java_gc_start_bytes: 23962446 kNewNativeDiscountFactor: 2 kOldNativeDiscountFactor: 65536 old_native_bytes: 151168627 new_native_bytes: 32739980 add_bytes_allowed: 34348347 is_gc_concurrent: 1 target_footprint_: 24486734 GetBytesAllocated: 15975798 HeapGrowthMultiplier: 3
12-14 16:08:51.890 22155 30869 I com.miui.home: CheckGCForNative gc_urgency 0.786362 current_native_bytes is 183908607
12-14 16:08:52.230 22155 22155 I wm_on_top_resumed_lost_called: [185468407,com.miui.home.launcher.Launcher,topStateChangedWhenResumed]
12-14 16:08:52.236 22155 22209 I com.miui.home: CheckGCForNative adj_start_bytes: 41136619 NativeAllocationGcWatermark: 11449449 java_gc_start_bytes: 23962446 kNewNativeDiscountFactor: 2 kOldNativeDiscountFactor: 65536 old_native_bytes: 151168627 new_native_bytes: 22151468 add_bytes_allowed: 34348347 is_gc_concurrent: 1 target_footprint_: 24486734 GetBytesAllocated: 16237928 HeapGrowthMultiplier: 3
12-14 16:08:52.236 22155 22209 I com.miui.home: CheckGCForNative gc_urgency 0.66403 current_native_bytes is 173320095
12-14 16:08:52.405 22155 22155 I wm_on_paused_called: [0,185468407,com.miui.home.launcher.Launcher,performPause,2]
12-14 16:08:52.647 30226 30226 I wm_on_top_resumed_lost_called: [85722086,com.youku.v2.HomePageEntry,topStateChangedWhenResumed]
12-14 16:08:53.025 22155 22392 I com.miui.home: CheckGCForNative adj_start_bytes: 41136619 NativeAllocationGcWatermark: 11449449 java_gc_start_bytes: 23962446 kNewNativeDiscountFactor: 2 kOldNativeDiscountFactor: 65536 old_native_bytes: 151168627 new_native_bytes: 33071084 add_bytes_allowed: 34348347 is_gc_concurrent: 1 target_footprint_: 24486734 GetBytesAllocated: 17167306 HeapGrowthMultiplier: 3
12-14 16:08:53.025 22155 22392 I com.miui.home: CheckGCForNative gc_urgency 0.819347 current_native_bytes is 184239711
12-14 16:08:53.696 30953 30953 I wm_on_create_called: [0,2840571,com.android.packageinstaller.permission.ui.GrantPermissionsActivity,performCreate,285]
12-14 16:08:53.704 30953 30953 I wm_on_start_called: [0,2840571,com.android.packageinstaller.permission.ui.GrantPermissionsActivity,handleStartActivity,5]
12-14 16:08:53.709 30953 30953 I wm_on_resume_called: [0,2840571,com.android.packageinstaller.permission.ui.GrantPermissionsActivity,RESUME_ACTIVITY,3]
12-14 16:08:53.718 30953 30953 I wm_on_top_resumed_gained_called: [2840571,com.android.packageinstaller.permission.ui.GrantPermissionsActivity,topStateChangedWhenResumed]
12-14 16:08:53.927 30226 30226 I wm_on_paused_called: [0,85722086,com.youku.v2.HomePageEntry,performPause,60]
12-14 16:08:53.943 30953 30953 I wm_on_idle_called: com.android.packageinstaller.permission.ui.GrantPermissionsActivity
12-14 16:08:54.019 22155 22229 I com.miui.home: CheckGCForNative adj_start_bytes: 41136619 NativeAllocationGcWatermark: 11449449 java_gc_start_bytes: 23962446 kNewNativeDiscountFactor: 2 kOldNativeDiscountFactor: 65536 old_native_bytes: 151168627 new_native_bytes: 23157012 add_bytes_allowed: 34348347 is_gc_concurrent: 1 target_footprint_: 24486734 GetBytesAllocated: 17805276 HeapGrowthMultiplier: 3
12-14 16:08:54.019 22155 22229 I com.miui.home: CheckGCForNative gc_urgency 0.714354 current_native_bytes is 174325639
12-14 16:08:54.060 30226 30226 I wm_on_stop_called: [0,85722086,com.youku.v2.HomePageEntry,STOP_ACTIVITY_ITEM,90]
12-14 16:08:54.186 22155 22229 I com.miui.home: CheckGCForNative adj_start_bytes: 41136619 NativeAllocationGcWatermark: 11449449 java_gc_start_bytes: 23962446 kNewNativeDiscountFactor: 2 kOldNativeDiscountFactor: 65536 old_native_bytes: 151168627 new_native_bytes: 23095340 add_bytes_allowed: 34348347 is_gc_concurrent: 1 target_footprint_: 24486734 GetBytesAllocated: 17872635 HeapGrowthMultiplier: 3
12-14 16:08:54.186 22155 22229 I com.miui.home: CheckGCForNative gc_urgency 0.715241 current_native_bytes is 174263967
12-14 16:08:54.426 31003 31003 I wm_on_application_create_called: [0,com.quark.browser,424]
12-14 16:08:54.535 22155 22155 I wm_on_stop_called: [0,185468407,com.miui.home.launcher.Launcher,STOP_ACTIVITY_ITEM,6]
12-14 16:08:54.756 31003 31003 I wm_on_create_called: [0,232782723,com.ucpro.MainActivity,performCreate,111]
12-14 16:08:54.843 30953 30953 I wm_on_top_resumed_lost_called: [2840571,com.android.packageinstaller.permission.ui.GrantPermissionsActivity,topStateChangedWhenResumed]
12-14 16:08:54.854 30953 30953 I wm_on_paused_called: [0,2840571,com.android.packageinstaller.permission.ui.GrantPermissionsActivity,performPause,0]
12-14 16:08:54.907 30953 30953 I wm_on_create_called: [0,8981044,com.android.packageinstaller.permission.ui.GrantPermissionsActivity,performCreate,12]
12-14 16:08:54.927 30226 30226 I wm_on_idle_called: com.youku.v2.HomePageEntry
12-14 16:08:54.953 30953 30953 I wm_on_resume_called: [0,2840571,com.android.packageinstaller.permission.ui.GrantPermissionsActivity,RESUME_ACTIVITY,1]
12-14 16:08:54.953 30953 30953 I wm_on_top_resumed_gained_called: [2840571,com.android.packageinstaller.permission.ui.GrantPermissionsActivity,topWhenResuming]
12-14 16:08:54.954 30953 30953 I wm_on_idle_called: com.android.packageinstaller.permission.ui.GrantPermissionsActivity
12-14 16:08:54.979 30953 30953 I wm_on_destroy_called: [0,8981044,com.android.packageinstaller.permission.ui.GrantPermissionsActivity,performDestroy,1]
12-14 16:08:55.146 22155 22392 I com.miui.home: CheckGCForNative adj_start_bytes: 41136619 NativeAllocationGcWatermark: 11449449 java_gc_start_bytes: 23962446 kNewNativeDiscountFactor: 2 kOldNativeDiscountFactor: 65536 old_native_bytes: 151168627 new_native_bytes: 23131108 add_bytes_allowed: 34348347 is_gc_concurrent: 1 target_footprint_: 24486734 GetBytesAllocated: 18692177 HeapGrowthMultiplier: 3
12-14 16:08:55.146 22155 22392 I com.miui.home: CheckGCForNative gc_urgency 0.735599 current_native_bytes is 174299735
12-14 16:08:55.358 31003 31003 I wm_on_create_called: [0,87528115,com.ucpro.BrowserActivity,performCreate,505]
12-14 16:08:55.362 31003 31003 I wm_on_start_called: [0,87528115,com.ucpro.BrowserActivity,handleStartActivity,4]
12-14 16:08:55.375 31003 31003 I wm_on_resume_called: [0,87528115,com.ucpro.BrowserActivity,LIFECYCLER_RESUME_ACTIVITY,11]
12-14 16:08:55.442 31003 31003 I wm_on_paused_called: [0,87528115,com.ucpro.BrowserActivity,performPause,15]
12-14 16:08:55.445 31003 31003 I wm_on_destroy_called: [0,232782723,com.ucpro.MainActivity,performDestroy,1]
12-14 16:08:55.810 30953 30953 I wm_on_top_resumed_lost_called: [2840571,com.android.packageinstaller.permission.ui.GrantPermissionsActivity,topStateChangedWhenResumed]
12-14 16:08:55.813 30953 30953 I wm_on_paused_called: [0,2840571,com.android.packageinstaller.permission.ui.GrantPermissionsActivity,performPause,1]
12-14 16:08:55.961 31395 31395 I wm_on_application_create_called: [0,com.quark.browser,338]
12-14 16:08:56.264 30909 30909 I wm_on_application_create_called: [0,tv.danmaku.bili,884]
12-14 16:08:56.479 30953 30953 I wm_on_stop_called: [0,2840571,com.android.packageinstaller.permission.ui.GrantPermissionsActivity,LIFECYCLER_STOP_ACTIVITY,43]
12-14 16:08:56.484 30953 30953 I wm_on_destroy_called: [0,2840571,com.android.packageinstaller.permission.ui.GrantPermissionsActivity,performDestroy,1]
12-14 16:08:56.523 31003 31003 I wm_on_resume_called: [0,87528115,com.ucpro.BrowserActivity,RESUME_ACTIVITY,15]
12-14 16:08:56.523 31003 31003 I wm_on_top_resumed_gained_called: [87528115,com.ucpro.BrowserActivity,topWhenResuming]
12-14 16:08:56.919 22155 22155 I wm_on_restart_called: [0,185468407,com.miui.home.launcher.Launcher,,0]
12-14 16:08:56.920 22155 22155 I wm_on_start_called: [0,185468407,com.miui.home.launcher.Launcher,handleStartActivity,1]
12-14 16:08:56.924 22155 22155 I wm_on_resume_called: [0,185468407,com.miui.home.launcher.Launcher,RESUME_ACTIVITY,4]
12-14 16:08:56.957 22155 22155 I wm_on_idle_called: com.miui.home.launcher.Launcher
12-14 16:08:57.131 22155 23438 I com.miui.home: CheckGCForNative adj_start_bytes: 41136619 NativeAllocationGcWatermark: 11449449 java_gc_start_bytes: 23962446 kNewNativeDiscountFactor: 2 kOldNativeDiscountFactor: 65536 old_native_bytes: 151168627 new_native_bytes: 35042120 add_bytes_allowed: 34348347 is_gc_concurrent: 1 target_footprint_: 24486734 GetBytesAllocated: 21733109 HeapGrowthMultiplier: 3
12-14 16:08:57.131 22155 23438 I com.miui.home: CheckGCForNative gc_urgency 0.954295 current_native_bytes is 186210747
12-14 16:08:57.131 22155 23438 I com.miui.home: CheckGCForNative adj_start_bytes: 41136619 NativeAllocationGcWatermark: 11449449 java_gc_start_bytes: 23962446 kNewNativeDiscountFactor: 2 kOldNativeDiscountFactor: 65536 old_native_bytes: 151168627 new_native_bytes: 45749064 add_bytes_allowed: 34348347 is_gc_concurrent: 1 target_footprint_: 24486734 GetBytesAllocated: 21733301 HeapGrowthMultiplier: 3
12-14 16:08:57.131 22155 23438 I com.miui.home: CheckGCForNative gc_urgency 1.08444 current_native_bytes is 196917691
12-14 16:08:57.131 22155 23438 I com.miui.home: CheckGCForNative requested 1
12-14 16:08:57.137 22155 30869 I com.miui.home: CheckGCForNative adj_start_bytes: 41136619 NativeAllocationGcWatermark: 11449449 java_gc_start_bytes: 23962446 kNewNativeDiscountFactor: 2 kOldNativeDiscountFactor: 65536 old_native_bytes: 151168627 new_native_bytes: 45754600 add_bytes_allowed: 34348347 is_gc_concurrent: 1 target_footprint_: 24486734 GetBytesAllocated: 21761195 HeapGrowthMultiplier: 3
12-14 16:08:57.137 22155 30869 I com.miui.home: CheckGCForNative gc_urgency 1.08518 current_native_bytes is 196923227
12-14 16:08:57.139 22155 30869 I com.miui.home: CheckGCForNative requested 1
12-14 16:08:57.171 22155 22229 I com.miui.home: CheckGCForNative adj_start_bytes: 41136619 NativeAllocationGcWatermark: 11449449 java_gc_start_bytes: 23962446 kNewNativeDiscountFactor: 2 kOldNativeDiscountFactor: 65536 old_native_bytes: 151168627 new_native_bytes: 35096680 add_bytes_allowed: 34348347 is_gc_concurrent: 1 target_footprint_: 24486734 GetBytesAllocated: 21790069 HeapGrowthMultiplier: 3
12-14 16:08:57.171 22155 22229 I com.miui.home: CheckGCForNative gc_urgency 0.956343 current_native_bytes is 186265307
12-14 16:08:57.260 22155 22229 I com.miui.home: CheckGCForNative adj_start_bytes: 41136619 NativeAllocationGcWatermark: 11449449 java_gc_start_bytes: 23962446 kNewNativeDiscountFactor: 2 kOldNativeDiscountFactor: 65536 old_native_bytes: 151168627 new_native_bytes: 35100712 add_bytes_allowed: 34348347 is_gc_concurrent: 1 target_footprint_: 24486734 GetBytesAllocated: 21828927 HeapGrowthMultiplier: 3
12-14 16:08:57.260 22155 22229 I com.miui.home: CheckGCForNative gc_urgency 0.957336 current_native_bytes is 186269339
12-14 16:08:57.409 22155 22155 I wm_on_top_resumed_gained_called: [185468407,com.miui.home.launcher.Launcher,topStateChangedWhenResumed]
12-14 16:08:57.412 22155 22164 I com.miui.home: NativeAlloc concurrent copying GC freed 203330(9378KB) AllocSpace objects, 28(784KB) LOS objects, 49% free, 10MB/21MB, paused 177us,163us total 278.835ms
12-14 16:08:57.608 22155 22719 I com.miui.home: CheckGCForNative gc_urgency 0 current_native_bytes is 151893951
12-14 16:08:57.626 22155 22228 I com.miui.home: CheckGCForNative adj_start_bytes: 39767103 NativeAllocationGcWatermark: 11268575 java_gc_start_bytes: 22864241 kNewNativeDiscountFactor: 2 kOldNativeDiscountFactor: 65536 old_native_bytes: 151893951 new_native_bytes: 10695424 add_bytes_allowed: 33805725 is_gc_concurrent: 1 target_footprint_: 23039743 GetBytesAllocated: 11660208 HeapGrowthMultiplier: 3
12-14 16:08:57.626 22155 22228 I com.miui.home: CheckGCForNative gc_urgency 0.427746 current_native_bytes is 162589375
12-14 16:08:57.626 22155 22228 I com.miui.home: CheckGCForNative adj_start_bytes: 39767103 NativeAllocationGcWatermark: 11268575 java_gc_start_bytes: 22864241 kNewNativeDiscountFactor: 2 kOldNativeDiscountFactor: 65536 old_native_bytes: 151893951 new_native_bytes: 21402688 add_bytes_allowed: 33805725 is_gc_concurrent: 1 target_footprint_: 23039743 GetBytesAllocated: 11660400 HeapGrowthMultiplier: 3
12-14 16:08:57.626 22155 22228 I com.miui.home: CheckGCForNative gc_urgency 0.562376 current_native_bytes is 173296639
12-14 16:08:57.630 22155 30869 I com.miui.home: CheckGCForNative adj_start_bytes: 39767103 NativeAllocationGcWatermark: 11268575 java_gc_start_bytes: 22864241 kNewNativeDiscountFactor: 2 kOldNativeDiscountFactor: 65536 old_native_bytes: 151893951 new_native_bytes: 21402688 add_bytes_allowed: 33805725 is_gc_concurrent: 1 target_footprint_: 23039743 GetBytesAllocated: 11660400 HeapGrowthMultiplier: 3
12-14 16:08:57.630 22155 30869 I com.miui.home: CheckGCForNative gc_urgency 0.562376 current_native_bytes is 173296639
12-14 16:08:57.966 22155 22155 I wm_on_top_resumed_lost_called: [185468407,com.miui.home.launcher.Launcher,topStateChangedWhenResumed]
12-14 16:08:58.164 22155 22155 I wm_on_paused_called: [0,185468407,com.miui.home.launcher.Launcher,performPause,2]
12-14 16:08:58.441 22155 22229 I com.miui.home: CheckGCForNative adj_start_bytes: 39767103 NativeAllocationGcWatermark: 11268575 java_gc_start_bytes: 22864241 kNewNativeDiscountFactor: 2 kOldNativeDiscountFactor: 65536 old_native_bytes: 151893951 new_native_bytes: 11110264 add_bytes_allowed: 33805725 is_gc_concurrent: 1 target_footprint_: 23039743 GetBytesAllocated: 12831182 HeapGrowthMultiplier: 3
12-14 16:08:58.441 22155 22229 I com.miui.home: CheckGCForNative gc_urgency 0.462408 current_native_bytes is 163004215
12-14 16:08:58.508 22155 22229 I com.miui.home: CheckGCForNative adj_start_bytes: 39767103 NativeAllocationGcWatermark: 11268575 java_gc_start_bytes: 22864241 kNewNativeDiscountFactor: 2 kOldNativeDiscountFactor: 65536 old_native_bytes: 151893951 new_native_bytes: 11118264 add_bytes_allowed: 33805725 is_gc_concurrent: 1 target_footprint_: 23039743 GetBytesAllocated: 12869765 HeapGrowthMultiplier: 3
12-14 16:08:58.508 22155 22229 I com.miui.home: CheckGCForNative gc_urgency 0.463479 current_native_bytes is 163012215
12-14 16:08:58.683 22155 22392 I com.miui.home: CheckGCForNative adj_start_bytes: 39767103 NativeAllocationGcWatermark: 11268575 java_gc_start_bytes: 22864241 kNewNativeDiscountFactor: 2 kOldNativeDiscountFactor: 65536 old_native_bytes: 151893951 new_native_bytes: 21900776 add_bytes_allowed: 33805725 is_gc_concurrent: 1 target_footprint_: 23039743 GetBytesAllocated: 13099933 HeapGrowthMultiplier: 3
12-14 16:08:58.683 22155 22392 I com.miui.home: CheckGCForNative gc_urgency 0.604838 current_native_bytes is 173794727
12-14 16:08:58.820 22155 22229 I com.miui.home: CheckGCForNative adj_start_bytes: 39767103 NativeAllocationGcWatermark: 11268575 java_gc_start_bytes: 22864241 kNewNativeDiscountFactor: 2 kOldNativeDiscountFactor: 65536 old_native_bytes: 151893951 new_native_bytes: 11401544 add_bytes_allowed: 33805725 is_gc_concurrent: 1 target_footprint_: 23039743 GetBytesAllocated: 13672942 HeapGrowthMultiplier: 3
12-14 16:08:58.820 22155 22229 I com.miui.home: CheckGCForNative gc_urgency 0.487238 current_native_bytes is 163295495
12-14 16:08:58.998 31003 31003 I wm_on_top_resumed_lost_called: [87528115,com.ucpro.BrowserActivity,topStateChangedWhenResumed]
12-14 16:08:59.044 31003 31003 I wm_on_paused_called: [0,87528115,com.ucpro.BrowserActivity,performPause,11]
12-14 16:08:59.081 31003 31003 I wm_on_stop_called: [0,87528115,com.ucpro.BrowserActivity,STOP_ACTIVITY_ITEM,22]
12-14 16:08:59.434 31872 31872 I wm_on_create_called: [0,45994802,com.eg.android.AlipayGphone.AlipayLogin,performCreate,152]
12-14 16:08:59.437 31872 31872 I wm_on_start_called: [0,45994802,com.eg.android.AlipayGphone.AlipayLogin,handleStartActivity,4]
12-14 16:08:59.446 31872 31872 I wm_on_resume_called: [0,45994802,com.eg.android.AlipayGphone.AlipayLogin,RESUME_ACTIVITY,5]
12-14 16:08:59.488 31872 31872 I wm_on_top_resumed_gained_called: [45994802,com.eg.android.AlipayGphone.AlipayLogin,topStateChangedWhenResumed]
12-14 16:08:59.915 31003 31003 I wm_on_idle_called: com.ucpro.BrowserActivity
12-14 16:08:59.916 31003 31003 I wm_on_idle_called: com.ucpro.BrowserActivity
12-14 16:08:59.926 22155 22155 I wm_on_stop_called: [0,185468407,com.miui.home.launcher.Launcher,STOP_ACTIVITY_ITEM,6]
12-14 16:09:01.580 32446 32446 I wm_on_application_create_called: [0,com.quark.browser,414]
12-14 16:09:01.799 31872 31872 I wm_on_idle_called: com.eg.android.AlipayGphone.AlipayLogin
12-14 16:09:01.873 31872 31872 I wm_on_top_resumed_lost_called: [45994802,com.eg.android.AlipayGphone.AlipayLogin,topStateChangedWhenResumed]
12-14 16:09:01.880 22155 22155 I wm_on_restart_called: [0,185468407,com.miui.home.launcher.Launcher,,0]
12-14 16:09:01.881 22155 22155 I wm_on_start_called: [0,185468407,com.miui.home.launcher.Launcher,handleStartActivity,1]
12-14 16:09:01.885 22155 22155 I wm_on_resume_called: [0,185468407,com.miui.home.launcher.Launcher,RESUME_ACTIVITY,4]
12-14 16:09:01.944 22155 22155 I wm_on_top_resumed_gained_called: [185468407,com.miui.home.launcher.Launcher,topStateChangedWhenResumed]
12-14 16:09:01.956 22155 22155 I wm_on_idle_called: com.miui.home.launcher.Launcher
12-14 16:09:02.240 22155 22168 I com.miui.home: CheckGCForNative adj_start_bytes: 39767103 NativeAllocationGcWatermark: 11268575 java_gc_start_bytes: 22864241 kNewNativeDiscountFactor: 2 kOldNativeDiscountFactor: 65536 old_native_bytes: 151893951 new_native_bytes: 22214580 add_bytes_allowed: 33805725 is_gc_concurrent: 1 target_footprint_: 23039743 GetBytesAllocated: 15297992 HeapGrowthMultiplier: 3
12-14 16:09:02.240 22155 22168 I com.miui.home: CheckGCForNative gc_urgency 0.664056 current_native_bytes is 174108531
12-14 16:09:02.240 22155 22168 I com.miui.home: CheckGCForNative adj_start_bytes: 39767103 NativeAllocationGcWatermark: 11268575 java_gc_start_bytes: 22864241 kNewNativeDiscountFactor: 2 kOldNativeDiscountFactor: 65536 old_native_bytes: 151893951 new_native_bytes: 32921524 add_bytes_allowed: 33805725 is_gc_concurrent: 1 target_footprint_: 23039743 GetBytesAllocated: 15298184 HeapGrowthMultiplier: 3
12-14 16:09:02.240 22155 22168 I com.miui.home: CheckGCForNative gc_urgency 0.798682 current_native_bytes is 184815475
12-14 16:09:02.244 22155 23438 I com.miui.home: CheckGCForNative adj_start_bytes: 39767103 NativeAllocationGcWatermark: 11268575 java_gc_start_bytes: 22864241 kNewNativeDiscountFactor: 2 kOldNativeDiscountFactor: 65536 old_native_bytes: 151893951 new_native_bytes: 32923828 add_bytes_allowed: 33805725 is_gc_concurrent: 1 target_footprint_: 23039743 GetBytesAllocated: 15310383 HeapGrowthMultiplier: 3
12-14 16:09:02.244 22155 23438 I com.miui.home: CheckGCForNative gc_urgency 0.799018 current_native_bytes is 184817779
12-14 16:09:02.350 22155 22229 I com.miui.home: CheckGCForNative adj_start_bytes: 39767103 NativeAllocationGcWatermark: 11268575 java_gc_start_bytes: 22864241 kNewNativeDiscountFactor: 2 kOldNativeDiscountFactor: 65536 old_native_bytes: 151893951 new_native_bytes: 22267492 add_bytes_allowed: 33805725 is_gc_concurrent: 1 target_footprint_: 23039743 GetBytesAllocated: 15393150 HeapGrowthMultiplier: 3
12-14 16:09:02.350 22155 22229 I com.miui.home: CheckGCForNative gc_urgency 0.667114 current_native_bytes is 174161443
12-14 16:09:02.428 22155 22229 I com.miui.home: CheckGCForNative adj_start_bytes: 39767103 NativeAllocationGcWatermark: 11268575 java_gc_start_bytes: 22864241 kNewNativeDiscountFactor: 2 kOldNativeDiscountFactor: 65536 old_native_bytes: 151893951 new_native_bytes: 22274404 add_bytes_allowed: 33805725 is_gc_concurrent: 1 target_footprint_: 23039743 GetBytesAllocated: 15416854 HeapGrowthMultiplier: 3
12-14 16:09:02.428 22155 22229 I com.miui.home: CheckGCForNative gc_urgency 0.667798 current_native_bytes is 174168355
12-14 16:09:02.738 22155 22228 I com.miui.home: CheckGCForNative adj_start_bytes: 39767103 NativeAllocationGcWatermark: 11268575 java_gc_start_bytes: 22864241 kNewNativeDiscountFactor: 2 kOldNativeDiscountFactor: 65536 old_native_bytes: 151893951 new_native_bytes: 33006052 add_bytes_allowed: 33805725 is_gc_concurrent: 1 target_footprint_: 23039743 GetBytesAllocated: 15550942 HeapGrowthMultiplier: 3
12-14 16:09:02.738 22155 22228 I com.miui.home: CheckGCForNative gc_urgency 0.806101 current_native_bytes is 184900003
12-14 16:09:02.738 22155 22228 I com.miui.home: CheckGCForNative adj_start_bytes: 39767103 NativeAllocationGcWatermark: 11268575 java_gc_start_bytes: 22864241 kNewNativeDiscountFactor: 2 kOldNativeDiscountFactor: 65536 old_native_bytes: 151893951 new_native_bytes: 43712996 add_bytes_allowed: 33805725 is_gc_concurrent: 1 target_footprint_: 23039743 GetBytesAllocated: 15555508 HeapGrowthMultiplier: 3
12-14 16:09:02.738 22155 22228 I com.miui.home: CheckGCForNative gc_urgency 0.940836 current_native_bytes is 195606947
12-14 16:09:02.745 22155 25734 I com.miui.home: CheckGCForNative adj_start_bytes: 39767103 NativeAllocationGcWatermark: 11268575 java_gc_start_bytes: 22864241 kNewNativeDiscountFactor: 2 kOldNativeDiscountFactor: 65536 old_native_bytes: 151893951 new_native_bytes: 54418916 add_bytes_allowed: 33805725 is_gc_concurrent: 1 target_footprint_: 23039743 GetBytesAllocated: 15555508 HeapGrowthMultiplier: 3
12-14 16:09:02.745 22155 25734 I com.miui.home: CheckGCForNative gc_urgency 1.07544 current_native_bytes is 206312867
12-14 16:09:02.745 22155 25734 I com.miui.home: CheckGCForNative requested 1
12-14 16:09:02.862 31872 31872 I wm_on_paused_called: [0,45994802,com.eg.android.AlipayGphone.AlipayLogin,performPause,31]
12-14 16:09:02.959 22155 22164 I com.miui.home: NativeAlloc concurrent copying GC freed 84236(3812KB) AllocSpace objects, 12(336KB) LOS objects, 49% free, 10MB/21MB, paused 226us,83us total 213.346ms
12-14 16:09:03.052 22155 22209 I com.miui.home: CheckGCForNative gc_urgency 0 current_native_bytes is 151724223
12-14 16:09:03.116 22155 22155 I wm_on_top_resumed_lost_called: [185468407,com.miui.home.launcher.Launcher,topStateChangedWhenResumed]
12-14 16:09:03.121 22155 22155 I wm_on_paused_called: [0,185468407,com.miui.home.launcher.Launcher,performPause,2]
12-14 16:09:03.168 22155 22195 I com.miui.home: CheckGCForNative adj_start_bytes: 39448116 NativeAllocationGcWatermark: 11230321 java_gc_start_bytes: 22602635 kNewNativeDiscountFactor: 2 kOldNativeDiscountFactor: 65536 old_native_bytes: 151724223 new_native_bytes: 11103816 add_bytes_allowed: 33690963 is_gc_concurrent: 1 target_footprint_: 22733707 GetBytesAllocated: 12404626 HeapGrowthMultiplier: 3
12-14 16:09:03.168 22155 22195 I com.miui.home: CheckGCForNative gc_urgency 0.455252 current_native_bytes is 162828039
12-14 16:09:03.257 22155 22195 I com.miui.home: CheckGCForNative adj_start_bytes: 39448116 NativeAllocationGcWatermark: 11230321 java_gc_start_bytes: 22602635 kNewNativeDiscountFactor: 2 kOldNativeDiscountFactor: 65536 old_native_bytes: 151724223 new_native_bytes: 26440104 add_bytes_allowed: 33690963 is_gc_concurrent: 1 target_footprint_: 22733707 GetBytesAllocated: 12654023 HeapGrowthMultiplier: 3
12-14 16:09:03.257 22155 22195 I com.miui.home: CheckGCForNative gc_urgency 0.65596 current_native_bytes is 178164327
12-14 16:09:03.258 22155 22195 I com.miui.home: CheckGCForNative adj_start_bytes: 39448116 NativeAllocationGcWatermark: 11230321 java_gc_start_bytes: 22602635 kNewNativeDiscountFactor: 2 kOldNativeDiscountFactor: 65536 old_native_bytes: 151724223 new_native_bytes: 14649908 add_bytes_allowed: 33690963 is_gc_concurrent: 1 target_footprint_: 22733707 GetBytesAllocated: 12666893 HeapGrowthMultiplier: 3
12-14 16:09:03.258 22155 22195 I com.miui.home: CheckGCForNative gc_urgency 0.506847 current_native_bytes is 166374131
12-14 16:09:03.293 22155 22195 I com.miui.home: CheckGCForNative adj_start_bytes: 39448116 NativeAllocationGcWatermark: 11230321 java_gc_start_bytes: 22602635 kNewNativeDiscountFactor: 2 kOldNativeDiscountFactor: 65536 old_native_bytes: 151724223 new_native_bytes: 15430396 add_bytes_allowed: 33690963 is_gc_concurrent: 1 target_footprint_: 22733707 GetBytesAllocated: 12910482 HeapGrowthMultiplier: 3
12-14 16:09:03.293 22155 22195 I com.miui.home: CheckGCForNative gc_urgency 0.522915 current_native_bytes is 167154619
12-14 16:09:03.362 22155 22195 I com.miui.home: CheckGCForNative adj_start_bytes: 39448116 NativeAllocationGcWatermark: 11230321 java_gc_start_bytes: 22602635 kNewNativeDiscountFactor: 2 kOldNativeDiscountFactor: 65536 old_native_bytes: 151724223 new_native_bytes: 16920740 add_bytes_allowed: 33690963 is_gc_concurrent: 1 target_footprint_: 22733707 GetBytesAllocated: 13198015 HeapGrowthMultiplier: 3
12-14 16:09:03.362 22155 22195 I com.miui.home: CheckGCForNative gc_urgency 0.549093 current_native_bytes is 168644963
12-14 16:09:03.362 22155 22195 I com.miui.home: CheckGCForNative adj_start_bytes: 39448116 NativeAllocationGcWatermark: 11230321 java_gc_start_bytes: 22602635 kNewNativeDiscountFactor: 2 kOldNativeDiscountFactor: 65536 old_native_bytes: 151724223 new_native_bytes: 18371372 add_bytes_allowed: 33690963 is_gc_concurrent: 1 target_footprint_: 22733707 GetBytesAllocated: 13198015 HeapGrowthMultiplier: 3
12-14 16:09:03.362 22155 22195 I com.miui.home: CheckGCForNative gc_urgency 0.56748 current_native_bytes is 170095595
12-14 16:09:03.405 22155 22195 I com.miui.home: CheckGCForNative adj_start_bytes: 39448116 NativeAllocationGcWatermark: 11230321 java_gc_start_bytes: 22602635 kNewNativeDiscountFactor: 2 kOldNativeDiscountFactor: 65536 old_native_bytes: 151724223 new_native_bytes: 30973604 add_bytes_allowed: 33690963 is_gc_concurrent: 1 target_footprint_: 22733707 GetBytesAllocated: 13214463 HeapGrowthMultiplier: 3
12-14 16:09:03.405 22155 22195 I com.miui.home: CheckGCForNative gc_urgency 0.727629 current_native_bytes is 182697827
12-14 16:09:03.443 22155 22229 I com.miui.home: CheckGCForNative adj_start_bytes: 39448116 NativeAllocationGcWatermark: 11230321 java_gc_start_bytes: 22602635 kNewNativeDiscountFactor: 2 kOldNativeDiscountFactor: 65536 old_native_bytes: 151724223 new_native_bytes: 30384300 add_bytes_allowed: 33690963 is_gc_concurrent: 1 target_footprint_: 22733707 GetBytesAllocated: 13327837 HeapGrowthMultiplier: 3
12-14 16:09:03.443 22155 22229 I com.miui.home: CheckGCForNative gc_urgency 0.723033 current_native_bytes is 182108523
12-14 16:09:03.486 22155 22229 I com.miui.home: CheckGCForNative adj_start_bytes: 39448116 NativeAllocationGcWatermark: 11230321 java_gc_start_bytes: 22602635 kNewNativeDiscountFactor: 2 kOldNativeDiscountFactor: 65536 old_native_bytes: 151724223 new_native_bytes: 30747836 add_bytes_allowed: 33690963 is_gc_concurrent: 1 target_footprint_: 22733707 GetBytesAllocated: 13347118 HeapGrowthMultiplier: 3
12-14 16:09:03.486 22155 22229 I com.miui.home: CheckGCForNative gc_urgency 0.72813 current_native_bytes is 182472059
12-14 16:09:03.765 22155 22229 I com.miui.home: CheckGCForNative adj_start_bytes: 39448116 NativeAllocationGcWatermark: 11230321 java_gc_start_bytes: 22602635 kNewNativeDiscountFactor: 2 kOldNativeDiscountFactor: 65536 old_native_bytes: 151724223 new_native_bytes: 31054480 add_bytes_allowed: 33690963 is_gc_concurrent: 1 target_footprint_: 22733707 GetBytesAllocated: 13991296 HeapGrowthMultiplier: 3
12-14 16:09:03.765 22155 22229 I com.miui.home: CheckGCForNative gc_urgency 0.748346 current_native_bytes is 182778703
12-14 16:09:04.418   354   354 I wm_on_application_create_called: [0,com.quark.browser,674]
12-14 16:09:05.349   565   565 I wm_on_application_create_called: [0,com.quark.browser,400]
12-14 16:09:05.907   426   426 I wm_on_application_create_called: [0,com.eg.android.AlipayGphone,751]
12-14 16:09:05.935   390   390 I wm_on_application_create_called: [0,com.ss.android.ugc.aweme,998]
12-14 16:09:06.007 31872 31872 I wm_on_stop_called: [0,45994802,com.eg.android.AlipayGphone.AlipayLogin,STOP_ACTIVITY_ITEM,165]
12-14 16:09:06.205   493   493 I wm_on_application_create_called: [0,com.eg.android.AlipayGphone,499]
12-14 16:09:07.096 22155 22155 I wm_on_resume_called: [0,185468407,com.miui.home.launcher.Launcher,RESUME_ACTIVITY,6]
12-14 16:09:07.099 22155 22155 I com.miui.home: CheckGCForNative adj_start_bytes: 39448116 NativeAllocationGcWatermark: 11230321 java_gc_start_bytes: 22602635 kNewNativeDiscountFactor: 2 kOldNativeDiscountFactor: 65536 old_native_bytes: 151724223 new_native_bytes: 30864708 add_bytes_allowed: 33690963 is_gc_concurrent: 1 target_footprint_: 22733707 GetBytesAllocated: 14821910 HeapGrowthMultiplier: 3
12-14 16:09:07.099 22155 22155 I com.miui.home: CheckGCForNative gc_urgency 0.766997 current_native_bytes is 182588931
12-14 16:09:07.104 22155 22155 I wm_on_idle_called: com.miui.home.launcher.Launcher
12-14 16:09:07.279 22155 22173 I com.miui.home: CheckGCForNative adj_start_bytes: 39448116 NativeAllocationGcWatermark: 11230321 java_gc_start_bytes: 22602635 kNewNativeDiscountFactor: 2 kOldNativeDiscountFactor: 65536 old_native_bytes: 151724223 new_native_bytes: 41740684 add_bytes_allowed: 33690963 is_gc_concurrent: 1 target_footprint_: 22733707 GetBytesAllocated: 15091609 HeapGrowthMultiplier: 3
12-14 16:09:07.279 22155 22173 I com.miui.home: CheckGCForNative gc_urgency 0.911685 current_native_bytes is 193464907
