12-19 20:13:35.592 14048 14048 I wm_on_paused_called: [0,135721078,com.uc.browser.InnerUCMobile,performPause,69]
12-19 20:13:35.596  3330  3999 I cccccc  : getTaskSnapshotInstance:
12-19 20:13:35.616 14048 14048 I wm_on_destroy_called: [0,244865975,com.UCMobile.main.UCMobile,performDestroy,5]
12-19 20:13:35.962 14546 14546 I wm_on_create_called: [0,134345967,com.tencent.mtt.SplashActivity,performCreate,141]
12-19 20:13:36.075 14546 14546 I wm_on_create_called: [0,116618400,com.tencent.mtt.MainActivity,performCreate,21]
12-19 20:13:36.094  3330  3997 D cccccc  : onTaskStackChangedBackground
12-19 20:13:36.095  3330  3996 D cccccc  : onTaskStackChangedBackground
12-19 20:13:36.194  3330  3330 I wm_on_resume_called: [0,71783625,com.miui.home.launcher.Launcher,RESUME_ACTIVITY,15]
12-19 20:13:36.301  3330  3330 I wm_on_idle_called: com.miui.home.launcher.Launcher
12-19 20:13:36.375 14546 14546 I wm_on_start_called: [0,116618400,com.tencent.mtt.MainActivity,handleStartActivity,300]
12-19 20:13:36.431  3330  3999 I cccccc  : getTaskSnapshotInstance:
12-19 20:13:36.445  3330  3387 I com.miui.home: CheckGCForNative adj_start_bytes: 45342506 NativeAllocationGcWatermark: 11892174 java_gc_start_bytes: 27504245 kNewNativeDiscountFactor: 2 kOldNativeDiscountFactor: 65536 old_native_bytes: 131799823 new_native_bytes: 23975252 add_bytes_allowed: 35676522 is_gc_concurrent: 1 target_footprint_: 28028533 GetBytesAllocated: 19902198 HeapGrowthMultiplier: 3
12-19 20:13:36.445  3330  3387 I com.miui.home: CheckGCForNative gc_urgency 0.703354 current_native_bytes is 155775075
12-19 20:13:36.446  3330  3330 I com.miui.home: CheckGCForNative adj_start_bytes: 45342506 NativeAllocationGcWatermark: 11892174 java_gc_start_bytes: 27504245 kNewNativeDiscountFactor: 2 kOldNativeDiscountFactor: 65536 old_native_bytes: 131799823 new_native_bytes: 34682516 add_bytes_allowed: 35676522 is_gc_concurrent: 1 target_footprint_: 28028533 GetBytesAllocated: 19902390 HeapGrowthMultiplier: 3
12-19 20:13:36.446  3330  3330 I com.miui.home: CheckGCForNative gc_urgency 0.821429 current_native_bytes is 166482339
12-19 20:13:36.447  3330  3330 I cccccc  : getTaskThumbnailInfo: 2460 1.0  10705920
12-19 20:13:36.447  3330  4226 I com.miui.home: CheckGCForNative adj_start_bytes: 45342506 NativeAllocationGcWatermark: 11892174 java_gc_start_bytes: 27504245 kNewNativeDiscountFactor: 2 kOldNativeDiscountFactor: 65536 old_native_bytes: 131799823 new_native_bytes: 34683220 add_bytes_allowed: 35676522 is_gc_concurrent: 1 target_footprint_: 28028533 GetBytesAllocated: 19902390 HeapGrowthMultiplier: 3
12-19 20:13:36.447  3330  4226 I com.miui.home: CheckGCForNative gc_urgency 0.821437 current_native_bytes is 166483043
12-19 20:13:36.450  3330  4226 I cccccc  : getTaskThumbnailInfo: 2460 1.0  10705920
12-19 20:13:36.469  3330  8369 I com.miui.home: CheckGCForNative adj_start_bytes: 45342506 NativeAllocationGcWatermark: 11892174 java_gc_start_bytes: 27504245 kNewNativeDiscountFactor: 2 kOldNativeDiscountFactor: 65536 old_native_bytes: 131799823 new_native_bytes: 23983668 add_bytes_allowed: 35676522 is_gc_concurrent: 1 target_footprint_: 28028533 GetBytesAllocated: 20030830 HeapGrowthMultiplier: 3
12-19 20:13:36.469  3330  8369 I com.miui.home: CheckGCForNative gc_urgency 0.706284 current_native_bytes is 155783491
12-19 20:13:36.568 14048 14048 I wm_on_stop_called: [0,135721078,com.uc.browser.InnerUCMobile,STOP_ACTIVITY_ITEM,640]
12-19 20:13:36.577  3330  3766 I com.miui.home: CheckGCForNative adj_start_bytes: 45342506 NativeAllocationGcWatermark: 11892174 java_gc_start_bytes: 27504245 kNewNativeDiscountFactor: 2 kOldNativeDiscountFactor: 65536 old_native_bytes: 131799823 new_native_bytes: 24062404 add_bytes_allowed: 35676522 is_gc_concurrent: 1 target_footprint_: 28028533 GetBytesAllocated: 20261320 HeapGrowthMultiplier: 3
12-19 20:13:36.577  3330  3766 I com.miui.home: CheckGCForNative gc_urgency 0.712235 current_native_bytes is 155862227
12-19 20:13:36.686  3330  3330 I wm_on_top_resumed_gained_called: [71783625,com.miui.home.launcher.Launcher,topStateChangedWhenResumed]
12-19 20:13:36.743  3330  3999 I com.miui.home: CheckGCForNative adj_start_bytes: 45342506 NativeAllocationGcWatermark: 11892174 java_gc_start_bytes: 27504245 kNewNativeDiscountFactor: 2 kOldNativeDiscountFactor: 65536 old_native_bytes: 131799823 new_native_bytes: 24267448 add_bytes_allowed: 35676522 is_gc_concurrent: 1 target_footprint_: 28028533 GetBytesAllocated: 20560549 HeapGrowthMultiplier: 3
12-19 20:13:36.743  3330  3999 I com.miui.home: CheckGCForNative gc_urgency 0.721096 current_native_bytes is 156067271
12-19 20:13:36.830  3330  3999 I cccccc  : getTaskSnapshotInstance:
12-19 20:13:36.836  3330  3999 I com.miui.home: CheckGCForNative adj_start_bytes: 45342506 NativeAllocationGcWatermark: 11892174 java_gc_start_bytes: 27504245 kNewNativeDiscountFactor: 2 kOldNativeDiscountFactor: 65536 old_native_bytes: 131799823 new_native_bytes: 35045304 add_bytes_allowed: 35676522 is_gc_concurrent: 1 target_footprint_: 28028533 GetBytesAllocated: 20837090 HeapGrowthMultiplier: 3
12-19 20:13:36.837  3330  3999 I com.miui.home: CheckGCForNative gc_urgency 0.846044 current_native_bytes is 166845127
12-19 20:13:36.840  3330  3999 I cccccc  : getTaskThumbnailInfo: 2460 1.0  10705920
12-19 20:13:36.939  3330  3764 I com.miui.home: CheckGCForNative adj_start_bytes: 45342506 NativeAllocationGcWatermark: 11892174 java_gc_start_bytes: 27504245 kNewNativeDiscountFactor: 2 kOldNativeDiscountFactor: 65536 old_native_bytes: 131799823 new_native_bytes: 35000376 add_bytes_allowed: 35676522 is_gc_concurrent: 1 target_footprint_: 28028533 GetBytesAllocated: 20879613 HeapGrowthMultiplier: 3
12-19 20:13:36.939  3330  3764 I com.miui.home: CheckGCForNative gc_urgency 0.846486 current_native_bytes is 166800199
12-19 20:13:36.943  3330  3996 I com.miui.home: CheckGCForNative adj_start_bytes: 45342506 NativeAllocationGcWatermark: 11892174 java_gc_start_bytes: 27504245 kNewNativeDiscountFactor: 2 kOldNativeDiscountFactor: 65536 old_native_bytes: 131799823 new_native_bytes: 45706808 add_bytes_allowed: 35676522 is_gc_concurrent: 1 target_footprint_: 28028533 GetBytesAllocated: 20879805 HeapGrowthMultiplier: 3
12-19 20:13:36.943  3330  3996 I com.miui.home: CheckGCForNative gc_urgency 0.964552 current_native_bytes is 177506631
12-19 20:13:36.945  3330  3330 I com.miui.home: CheckGCForNative adj_start_bytes: 45342506 NativeAllocationGcWatermark: 11892174 java_gc_start_bytes: 27504245 kNewNativeDiscountFactor: 2 kOldNativeDiscountFactor: 65536 old_native_bytes: 131799823 new_native_bytes: 56413752 add_bytes_allowed: 35676522 is_gc_concurrent: 1 target_footprint_: 28028533 GetBytesAllocated: 20891533 HeapGrowthMultiplier: 3
12-19 20:13:36.945  3330  3330 I com.miui.home: CheckGCForNative gc_urgency 1.08288 current_native_bytes is 188213575
12-19 20:13:36.945  3330  3330 I com.miui.home: CheckGCForNative requested 1
12-19 20:13:36.945  3330  3330 I cccccc  : getTaskThumbnailInfo: 2460 1.0  10705920
12-19 20:13:36.948  3330  3764 I cccccc  : getTaskThumbnailInfo: 2460 1.0  10705920
12-19 20:13:37.139  3330  3360 I com.miui.home: NativeAlloc concurrent copying GC freed 175146(7479KB) AllocSpace objects, 16(496KB) LOS objects, 50% free, 12MB/24MB, paused 167us,77us total 192.348ms
12-19 20:13:37.215  3330  3330 I wm_on_top_resumed_lost_called: [71783625,com.miui.home.launcher.Launcher,topStateChangedWhenResumed]
12-19 20:13:37.243  3330  4226 D cccccc  : onTaskStackChangedBackground
12-19 20:13:37.244  3330  4226 D cccccc  : onTaskStackChangedBackground
12-19 20:13:37.473  3330  3999 I com.miui.home: CheckGCForNative gc_urgency 0 current_native_bytes is 132461491
12-19 20:13:37.479  3330  3330 I wm_on_paused_called: [0,71783625,com.miui.home.launcher.Launcher,performPause,3]
12-19 20:13:37.579  3330  3997 D cccccc  : onTaskStackChangedBackground
12-19 20:13:37.595  3330  3369 D cccccc  : onTaskStackChangedBackground
12-19 20:13:37.671  3330  3999 I cccccc  : getTaskSnapshotInstance:
12-19 20:13:37.765  3330  3999 I cccccc  : getTaskSnapshotInstance:
12-19 20:13:37.794  3330  3999 I com.miui.home: CheckGCForNative adj_start_bytes: 43080311 NativeAllocationGcWatermark: 11620028 java_gc_start_bytes: 25650269 kNewNativeDiscountFactor: 2 kOldNativeDiscountFactor: 65536 old_native_bytes: 132461491 new_native_bytes: 11152604 add_bytes_allowed: 34860084 is_gc_concurrent: 1 target_footprint_: 25851361 GetBytesAllocated: 14304051 HeapGrowthMultiplier: 3
12-19 20:13:37.794  3330  3999 I com.miui.home: CheckGCForNative gc_urgency 0.461519 current_native_bytes is 143614095
12-19 20:13:37.794  3330  3999 I cccccc  : getTaskThumbnailInfo: 2460 1.0  10705920
12-19 20:13:37.880  3330  3766 I com.miui.home: CheckGCForNative adj_start_bytes: 43080311 NativeAllocationGcWatermark: 11620028 java_gc_start_bytes: 25650269 kNewNativeDiscountFactor: 2 kOldNativeDiscountFactor: 65536 old_native_bytes: 132461491 new_native_bytes: 669444 add_bytes_allowed: 34860084 is_gc_concurrent: 1 target_footprint_: 25851361 GetBytesAllocated: 14513270 HeapGrowthMultiplier: 3
12-19 20:13:37.880  3330  3766 I com.miui.home: CheckGCForNative gc_urgency 0.344705 current_native_bytes is 133130935
12-19 20:13:38.035  3330  3766 I com.miui.home: CheckGCForNative adj_start_bytes: 43080311 NativeAllocationGcWatermark: 11620028 java_gc_start_bytes: 25650269 kNewNativeDiscountFactor: 2 kOldNativeDiscountFactor: 65536 old_native_bytes: 132461491 new_native_bytes: 884420 add_bytes_allowed: 34860084 is_gc_concurrent: 1 target_footprint_: 25851361 GetBytesAllocated: 14952044 HeapGrowthMultiplier: 3
12-19 20:13:38.035  3330  3766 I com.miui.home: CheckGCForNative gc_urgency 0.357385 current_native_bytes is 133345911
12-19 20:13:38.055 14776 14776 I wm_on_application_create_called: [0,com.UCMobile,1118]
12-19 20:13:38.149  3330  3999 I cccccc  : getTaskSnapshotInstance:
12-19 20:13:38.314  3330  3766 I com.miui.home: CheckGCForNative adj_start_bytes: 43080311 NativeAllocationGcWatermark: 11620028 java_gc_start_bytes: 25650269 kNewNativeDiscountFactor: 2 kOldNativeDiscountFactor: 65536 old_native_bytes: 132461491 new_native_bytes: 1046264 add_bytes_allowed: 34860084 is_gc_concurrent: 1 target_footprint_: 25851361 GetBytesAllocated: 15372824 HeapGrowthMultiplier: 3
12-19 20:13:38.314  3330  3766 I com.miui.home: CheckGCForNative gc_urgency 0.369031 current_native_bytes is 133507755
12-19 20:13:38.616 14546 14546 I wm_on_resume_called: [0,116618400,com.tencent.mtt.MainActivity,RESUME_ACTIVITY,2237]
12-19 20:13:38.657 14546 14546 I wm_on_top_resumed_gained_called: [116618400,com.tencent.mtt.MainActivity,topStateChangedWhenResumed]
12-19 20:13:38.673 14546 14546 I wm_on_top_resumed_lost_called: [116618400,com.tencent.mtt.MainActivity,topStateChangedWhenResumed]
12-19 20:13:38.876 14957 14957 I wm_on_application_create_called: [0,com.youku.phone,701]
12-19 20:13:39.169 14957 14957 I wm_on_create_called: [0,127132062,com.youku.phone.ActivityWelcome,performCreate,229]
12-19 20:13:39.437  3330  3369 D cccccc  : onTaskStackChangedBackground
12-19 20:13:39.438  3330  3996 D cccccc  : onTaskStackChangedBackground
12-19 20:13:39.457  3330  3330 I wm_on_resume_called: [0,71783625,com.miui.home.launcher.Launcher,RESUME_ACTIVITY,16]
12-19 20:13:39.474  3330  3330 I com.miui.home: CheckGCForNative adj_start_bytes: 43080311 NativeAllocationGcWatermark: 11620028 java_gc_start_bytes: 25650269 kNewNativeDiscountFactor: 2 kOldNativeDiscountFactor: 65536 old_native_bytes: 132461491 new_native_bytes: 847916 add_bytes_allowed: 34860084 is_gc_concurrent: 1 target_footprint_: 25851361 GetBytesAllocated: 16240782 HeapGrowthMultiplier: 3
12-19 20:13:39.474  3330  3330 I com.miui.home: CheckGCForNative gc_urgency 0.386877 current_native_bytes is 133309407
12-19 20:13:39.477 14546 14546 I wm_on_paused_called: [0,116618400,com.tencent.mtt.MainActivity,performPause,8]
12-19 20:13:39.478  3330  3330 I wm_on_idle_called: com.miui.home.launcher.Launcher
12-19 20:13:39.508 14546 14546 I wm_on_destroy_called: [0,134345967,com.tencent.mtt.SplashActivity,performDestroy,6]
12-19 20:13:39.576 14546 14546 I wm_on_stop_called: [0,116618400,com.tencent.mtt.MainActivity,STOP_ACTIVITY_ITEM,58]
12-19 20:13:39.776  3330  3369 I com.miui.home: CheckGCForNative adj_start_bytes: 43080311 NativeAllocationGcWatermark: 11620028 java_gc_start_bytes: 25650269 kNewNativeDiscountFactor: 2 kOldNativeDiscountFactor: 65536 old_native_bytes: 132461491 new_native_bytes: 22542232 add_bytes_allowed: 34860084 is_gc_concurrent: 1 target_footprint_: 25851361 GetBytesAllocated: 17354789 HeapGrowthMultiplier: 3
12-19 20:13:39.776  3330  3369 I com.miui.home: CheckGCForNative gc_urgency 0.664525 current_native_bytes is 155003723
12-19 20:13:39.776  3330 12372 I com.miui.home: CheckGCForNative adj_start_bytes: 43080311 NativeAllocationGcWatermark: 11620028 java_gc_start_bytes: 25650269 kNewNativeDiscountFactor: 2 kOldNativeDiscountFactor: 65536 old_native_bytes: 132461491 new_native_bytes: 11835800 add_bytes_allowed: 34860084 is_gc_concurrent: 1 target_footprint_: 25851361 GetBytesAllocated: 17354789 HeapGrowthMultiplier: 3
12-19 20:13:39.776  3330 12372 I com.miui.home: CheckGCForNative gc_urgency 0.540263 current_native_bytes is 144297291
12-19 20:13:39.777  3330  3330 I com.miui.home: CheckGCForNative adj_start_bytes: 43080311 NativeAllocationGcWatermark: 11620028 java_gc_start_bytes: 25650269 kNewNativeDiscountFactor: 2 kOldNativeDiscountFactor: 65536 old_native_bytes: 132461491 new_native_bytes: 33249752 add_bytes_allowed: 34860084 is_gc_concurrent: 1 target_footprint_: 25851361 GetBytesAllocated: 17362661 HeapGrowthMultiplier: 3
12-19 20:13:39.777  3330  3330 I com.miui.home: CheckGCForNative gc_urgency 0.788981 current_native_bytes is 165711243
12-19 20:13:39.777  3330  3330 I cccccc  : getTaskThumbnailInfo: 2460 1.0  10705920
12-19 20:13:39.778  3330 12372 I cccccc  : getTaskThumbnailInfo: 2460 1.0  10705920
12-19 20:13:39.874  3330  3330 I wm_on_top_resumed_gained_called: [71783625,com.miui.home.launcher.Launcher,topStateChangedWhenResumed]
12-19 20:13:39.940  3330  3766 I com.miui.home: CheckGCForNative adj_start_bytes: 43080311 NativeAllocationGcWatermark: 11620028 java_gc_start_bytes: 25650269 kNewNativeDiscountFactor: 2 kOldNativeDiscountFactor: 65536 old_native_bytes: 132461491 new_native_bytes: 11975576 add_bytes_allowed: 34860084 is_gc_concurrent: 1 target_footprint_: 25851361 GetBytesAllocated: 17659575 HeapGrowthMultiplier: 3
12-19 20:13:39.940  3330  3766 I com.miui.home: CheckGCForNative gc_urgency 0.54896 current_native_bytes is 144437067
12-19 20:13:39.982 14546 14546 I wm_on_idle_called: com.tencent.mtt.MainActivity
12-19 20:13:40.252  3330  3766 I com.miui.home: CheckGCForNative adj_start_bytes: 43080311 NativeAllocationGcWatermark: 11620028 java_gc_start_bytes: 25650269 kNewNativeDiscountFactor: 2 kOldNativeDiscountFactor: 65536 old_native_bytes: 132461491 new_native_bytes: 12123628 add_bytes_allowed: 34860084 is_gc_concurrent: 1 target_footprint_: 25851361 GetBytesAllocated: 17977125 HeapGrowthMultiplier: 3
12-19 20:13:40.252  3330  3766 I com.miui.home: CheckGCForNative gc_urgency 0.55805 current_native_bytes is 144585119
12-19 20:13:40.275  3330  3764 I com.miui.home: CheckGCForNative adj_start_bytes: 43080311 NativeAllocationGcWatermark: 11620028 java_gc_start_bytes: 25650269 kNewNativeDiscountFactor: 2 kOldNativeDiscountFactor: 65536 old_native_bytes: 132461491 new_native_bytes: 22855372 add_bytes_allowed: 34860084 is_gc_concurrent: 1 target_footprint_: 25851361 GetBytesAllocated: 18030533 HeapGrowthMultiplier: 3
12-19 20:13:40.275  3330  3764 I com.miui.home: CheckGCForNative gc_urgency 0.683845 current_native_bytes is 155316863
12-19 20:13:40.275  3330  3764 I com.miui.home: CheckGCForNative adj_start_bytes: 43080311 NativeAllocationGcWatermark: 11620028 java_gc_start_bytes: 25650269 kNewNativeDiscountFactor: 2 kOldNativeDiscountFactor: 65536 old_native_bytes: 132461491 new_native_bytes: 33562316 add_bytes_allowed: 34860084 is_gc_concurrent: 1 target_footprint_: 25851361 GetBytesAllocated: 18030741 HeapGrowthMultiplier: 3
12-19 20:13:40.275  3330  3764 I com.miui.home: CheckGCForNative gc_urgency 0.808117 current_native_bytes is 166023807
12-19 20:13:40.276  3330  3764 I cccccc  : getTaskThumbnailInfo: 2460 1.0  10705920
12-19 20:13:40.283  3330  3996 I com.miui.home: CheckGCForNative adj_start_bytes: 43080311 NativeAllocationGcWatermark: 11620028 java_gc_start_bytes: 25650269 kNewNativeDiscountFactor: 2 kOldNativeDiscountFactor: 65536 old_native_bytes: 132461491 new_native_bytes: 33521004 add_bytes_allowed: 34860084 is_gc_concurrent: 1 target_footprint_: 25851361 GetBytesAllocated: 18030741 HeapGrowthMultiplier: 3
12-19 20:13:40.283  3330  3996 I com.miui.home: CheckGCForNative gc_urgency 0.807637 current_native_bytes is 165982495
12-19 20:13:40.285  3330  3330 I cccccc  : getTaskThumbnailInfo: 2460 1.0  10705920
12-19 20:13:40.339  3330  3999 I cccccc  : getTaskSnapshotInstance:
12-19 20:13:40.340  3330  3999 I com.miui.home: CheckGCForNative adj_start_bytes: 43080311 NativeAllocationGcWatermark: 11620028 java_gc_start_bytes: 25650269 kNewNativeDiscountFactor: 2 kOldNativeDiscountFactor: 65536 old_native_bytes: 132461491 new_native_bytes: 33520300 add_bytes_allowed: 34860084 is_gc_concurrent: 1 target_footprint_: 25851361 GetBytesAllocated: 18207766 HeapGrowthMultiplier: 3
12-19 20:13:40.340  3330  3999 I com.miui.home: CheckGCForNative gc_urgency 0.811738 current_native_bytes is 165981791
12-19 20:13:40.341  3330  3999 I cccccc  : getTaskThumbnailInfo: 2460 1.0  10705920
12-19 20:13:40.595  3330  3330 I wm_on_top_resumed_lost_called: [71783625,com.miui.home.launcher.Launcher,topStateChangedWhenResumed]
12-19 20:13:40.622  3330  4226 D cccccc  : onTaskStackChangedBackground
12-19 20:13:40.624  3330  4226 D cccccc  : onTaskStackChangedBackground
12-19 20:13:40.811  3330  3330 I wm_on_paused_called: [0,71783625,com.miui.home.launcher.Launcher,performPause,3]
12-19 20:13:40.918  3330 10489 D cccccc  : onTaskStackChangedBackground
12-19 20:13:40.933  3330  4226 D cccccc  : onTaskStackChangedBackground
12-19 20:13:40.966  3330  3999 I cccccc  : getTaskSnapshotInstance:
12-19 20:13:40.986  3330  3999 I com.miui.home: CheckGCForNative adj_start_bytes: 43080311 NativeAllocationGcWatermark: 11620028 java_gc_start_bytes: 25650269 kNewNativeDiscountFactor: 2 kOldNativeDiscountFactor: 65536 old_native_bytes: 132461491 new_native_bytes: 34086792 add_bytes_allowed: 34860084 is_gc_concurrent: 1 target_footprint_: 25851361 GetBytesAllocated: 19387135 HeapGrowthMultiplier: 3
12-19 20:13:40.986  3330  3999 I com.miui.home: CheckGCForNative gc_urgency 0.845689 current_native_bytes is 166548283
12-19 20:13:40.986  3330  3999 I cccccc  : getTaskThumbnailInfo: 2460 1.0  10705920
12-19 20:13:41.199  3330  3766 I com.miui.home: CheckGCForNative adj_start_bytes: 43080311 NativeAllocationGcWatermark: 11620028 java_gc_start_bytes: 25650269 kNewNativeDiscountFactor: 2 kOldNativeDiscountFactor: 65536 old_native_bytes: 132461491 new_native_bytes: 23617504 add_bytes_allowed: 34860084 is_gc_concurrent: 1 target_footprint_: 25851361 GetBytesAllocated: 19710004 HeapGrowthMultiplier: 3
12-19 20:13:41.199  3330  3766 I com.miui.home: CheckGCForNative gc_urgency 0.731675 current_native_bytes is 156078995
12-19 20:13:41.544  3330  3766 I com.miui.home: CheckGCForNative adj_start_bytes: 43080311 NativeAllocationGcWatermark: 11620028 java_gc_start_bytes: 25650269 kNewNativeDiscountFactor: 2 kOldNativeDiscountFactor: 65536 old_native_bytes: 132461491 new_native_bytes: 23768320 add_bytes_allowed: 34860084 is_gc_concurrent: 1 target_footprint_: 25851361 GetBytesAllocated: 20125873 HeapGrowthMultiplier: 3
12-19 20:13:41.544  3330  3766 I com.miui.home: CheckGCForNative gc_urgency 0.743079 current_native_bytes is 156229811
12-19 20:13:41.622  3330  3766 I com.miui.home: CheckGCForNative adj_start_bytes: 43080311 NativeAllocationGcWatermark: 11620028 java_gc_start_bytes: 25650269 kNewNativeDiscountFactor: 2 kOldNativeDiscountFactor: 65536 old_native_bytes: 132461491 new_native_bytes: 23887572 add_bytes_allowed: 34860084 is_gc_concurrent: 1 target_footprint_: 25851361 GetBytesAllocated: 20347404 HeapGrowthMultiplier: 3
12-19 20:13:41.622  3330  3766 I com.miui.home: CheckGCForNative gc_urgency 0.749605 current_native_bytes is 156349063
12-19 20:13:41.724  3330  3999 I cccccc  : getTaskSnapshotInstance:
12-19 20:13:41.774 14957 14957 I wm_on_create_called: [0,102241570,com.youku.v2.HomePageEntry,performCreate,2153]
12-19 20:13:41.815 15543 15543 I wm_on_application_create_called: [0,com.quark.browser,348]
12-19 20:13:41.915 15543 15543 I wm_on_create_called: [0,61786121,com.ucpro.MainActivity,performCreate,42]
12-19 20:13:42.069 15372 15372 I wm_on_application_create_called: [0,com.tencent.mtt,868]
12-19 20:13:42.101  3330 10489 D cccccc  : onTaskStackChangedBackground
12-19 20:13:42.106  3330 10489 D cccccc  : onTaskStackChangedBackground
12-19 20:13:42.360 14957 14957 I wm_on_start_called: [0,102241570,com.youku.v2.HomePageEntry,handleStartActivity,585]
12-19 20:13:42.425  3330  3999 I cccccc  : getTaskSnapshotInstance:
12-19 20:13:42.481 14957 14957 I wm_on_resume_called: [0,102241570,com.youku.v2.HomePageEntry,RESUME_ACTIVITY,106]
12-19 20:13:42.607  3330  3330 I wm_on_resume_called: [0,71783625,com.miui.home.launcher.Launcher,RESUME_ACTIVITY,16]
12-19 20:13:42.625  3330  3330 I wm_on_idle_called: com.miui.home.launcher.Launcher
12-19 20:13:42.650 14957 14957 I wm_on_top_resumed_gained_called: [102241570,com.youku.v2.HomePageEntry,topStateChangedWhenResumed]
12-19 20:13:42.650 14957 14957 I wm_on_top_resumed_lost_called: [102241570,com.youku.v2.HomePageEntry,topStateChangedWhenResumed]
12-19 20:13:42.660  3330  3999 I com.miui.home: CheckGCForNative adj_start_bytes: 43080311 NativeAllocationGcWatermark: 11620028 java_gc_start_bytes: 25650269 kNewNativeDiscountFactor: 2 kOldNativeDiscountFactor: 65536 old_native_bytes: 132461491 new_native_bytes: 24406016 add_bytes_allowed: 34860084 is_gc_concurrent: 1 target_footprint_: 25851361 GetBytesAllocated: 22761912 HeapGrowthMultiplier: 3
12-19 20:13:42.660  3330  3999 I com.miui.home: CheckGCForNative gc_urgency 0.811669 current_native_bytes is 156867507
12-19 20:13:42.738  3330  3330 I wm_on_top_resumed_gained_called: [71783625,com.miui.home.launcher.Launcher,topStateChangedWhenResumed]
12-19 20:13:42.819  3330  4226 I com.miui.home: CheckGCForNative adj_start_bytes: 43080311 NativeAllocationGcWatermark: 11620028 java_gc_start_bytes: 25650269 kNewNativeDiscountFactor: 2 kOldNativeDiscountFactor: 65536 old_native_bytes: 132461491 new_native_bytes: 35127784 add_bytes_allowed: 34860084 is_gc_concurrent: 1 target_footprint_: 25851361 GetBytesAllocated: 23887868 HeapGrowthMultiplier: 3
12-19 20:13:42.820  3330  4226 I com.miui.home: CheckGCForNative gc_urgency 0.962244 current_native_bytes is 167589275
12-19 20:13:42.820  3330  4226 I com.miui.home: CheckGCForNative adj_start_bytes: 43080311 NativeAllocationGcWatermark: 11620028 java_gc_start_bytes: 25650269 kNewNativeDiscountFactor: 2 kOldNativeDiscountFactor: 65536 old_native_bytes: 132461491 new_native_bytes: 45834728 add_bytes_allowed: 34860084 is_gc_concurrent: 1 target_footprint_: 25851361 GetBytesAllocated: 23889786 HeapGrowthMultiplier: 3
12-19 20:13:42.820  3330  4226 I com.miui.home: CheckGCForNative gc_urgency 1.08656 current_native_bytes is 178296219
12-19 20:13:42.820  3330  4226 I com.miui.home: CheckGCForNative requested 1
12-19 20:13:42.821  3330  4226 I cccccc  : getTaskThumbnailInfo: 2460 1.0  10705920
12-19 20:13:42.838  3330  3999 I cccccc  : getTaskSnapshotInstance:
12-19 20:13:42.887  3330  3999 I com.miui.home: CheckGCForNative adj_start_bytes: 43080311 NativeAllocationGcWatermark: 11620028 java_gc_start_bytes: 25650269 kNewNativeDiscountFactor: 2 kOldNativeDiscountFactor: 65536 old_native_bytes: 132461491 new_native_bytes: 45939464 add_bytes_allowed: 34860084 is_gc_concurrent: 1 target_footprint_: 25851361 GetBytesAllocated: 23929960 HeapGrowthMultiplier: 3
12-19 20:13:42.901  3330  3999 I com.miui.home: CheckGCForNative gc_urgency 1.08888 current_native_bytes is 178400955
12-19 20:13:42.901  3330  3999 I com.miui.home: CheckGCForNative requested 1
12-19 20:13:42.912  3330  3999 I cccccc  : getTaskThumbnailInfo: 2460 1.0  10705920
12-19 20:13:42.926  3330 12372 I com.miui.home: CheckGCForNative adj_start_bytes: 43080311 NativeAllocationGcWatermark: 11620028 java_gc_start_bytes: 25650269 kNewNativeDiscountFactor: 2 kOldNativeDiscountFactor: 65536 old_native_bytes: 132461491 new_native_bytes: 45943816 add_bytes_allowed: 34860084 is_gc_concurrent: 1 target_footprint_: 25851361 GetBytesAllocated: 23954069 HeapGrowthMultiplier: 3
12-19 20:13:42.926  3330 12372 I com.miui.home: CheckGCForNative gc_urgency 1.08931 current_native_bytes is 178405307
12-19 20:13:42.926  3330 12372 I com.miui.home: CheckGCForNative requested 1
12-19 20:13:42.929  3330  3330 I cccccc  : getTaskThumbnailInfo: 2460 1.0  10705920
12-19 20:13:42.932 14957 14957 I wm_on_paused_called: [0,102241570,com.youku.v2.HomePageEntry,performPause,145]
12-19 20:13:42.972 14957 14957 I wm_on_destroy_called: [0,127132062,com.youku.phone.ActivityWelcome,performDestroy,1]
12-19 20:13:43.026  3330  3766 I com.miui.home: CheckGCForNative adj_start_bytes: 43080311 NativeAllocationGcWatermark: 11620028 java_gc_start_bytes: 25650269 kNewNativeDiscountFactor: 2 kOldNativeDiscountFactor: 65536 old_native_bytes: 132461491 new_native_bytes: 35238472 add_bytes_allowed: 34860084 is_gc_concurrent: 1 target_footprint_: 25851361 GetBytesAllocated: 24097312 HeapGrowthMultiplier: 3
12-19 20:13:43.026  3330  3766 I com.miui.home: CheckGCForNative gc_urgency 0.968391 current_native_bytes is 167699963
12-19 20:13:43.084  3330  3360 I com.miui.home: NativeAlloc concurrent copying GC freed 233656(10126KB) AllocSpace objects, 28(784KB) LOS objects, 49% free, 12MB/24MB, paused 275us,75us total 263.314ms
12-19 20:13:43.148  3330  3766 I com.miui.home: CheckGCForNative gc_urgency 0 current_native_bytes is 122601175
12-19 20:13:43.222 14957 14957 I wm_on_stop_called: [0,102241570,com.youku.v2.HomePageEntry,STOP_ACTIVITY_ITEM,212]
12-19 20:13:43.318  3330  3764 I com.miui.home: CheckGCForNative adj_start_bytes: 43118477 NativeAllocationGcWatermark: 11628324 java_gc_start_bytes: 25675991 kNewNativeDiscountFactor: 2 kOldNativeDiscountFactor: 65536 old_native_bytes: 122601175 new_native_bytes: 9179552 add_bytes_allowed: 34884972 is_gc_concurrent: 1 target_footprint_: 25917729 GetBytesAllocated: 13123120 HeapGrowthMultiplier: 3
12-19 20:13:43.318  3330  3764 I com.miui.home: CheckGCForNative gc_urgency 0.410839 current_native_bytes is 131780727
12-19 20:13:43.321  3330  3764 I com.miui.home: CheckGCForNative adj_start_bytes: 43118477 NativeAllocationGcWatermark: 11628324 java_gc_start_bytes: 25675991 kNewNativeDiscountFactor: 2 kOldNativeDiscountFactor: 65536 old_native_bytes: 122601175 new_native_bytes: 30593312 add_bytes_allowed: 34884972 is_gc_concurrent: 1 target_footprint_: 25917729 GetBytesAllocated: 13139696 HeapGrowthMultiplier: 3
12-19 20:13:43.321  3330  3764 I com.miui.home: CheckGCForNative gc_urgency 0.659537 current_native_bytes is 153194487
12-19 20:13:43.321  3330  3764 I cccccc  : getTaskThumbnailInfo: 2460 1.0  10705920
12-19 20:13:43.322  3330  3996 I com.miui.home: CheckGCForNative adj_start_bytes: 43118477 NativeAllocationGcWatermark: 11628324 java_gc_start_bytes: 25675991 kNewNativeDiscountFactor: 2 kOldNativeDiscountFactor: 65536 old_native_bytes: 122601175 new_native_bytes: 30593312 add_bytes_allowed: 34884972 is_gc_concurrent: 1 target_footprint_: 25917729 GetBytesAllocated: 13139696 HeapGrowthMultiplier: 3
12-19 20:13:43.322  3330  3996 I com.miui.home: CheckGCForNative gc_urgency 0.659537 current_native_bytes is 153194487
12-19 20:13:43.323  3330  3330 I cccccc  : getTaskThumbnailInfo: 2460 1.0  10705920
12-19 20:13:43.773 15543 15543 I wm_on_create_called: [0,208407640,com.ucpro.BrowserActivity,performCreate,1758]
12-19 20:13:43.778 15543 15543 I wm_on_start_called: [0,208407640,com.ucpro.BrowserActivity,handleStartActivity,4]
12-19 20:13:43.787 15543 15543 I wm_on_resume_called: [0,208407640,com.ucpro.BrowserActivity,RESUME_ACTIVITY,7]
12-19 20:13:43.829 15543 15543 I wm_on_top_resumed_gained_called: [208407640,com.ucpro.BrowserActivity,topStateChangedWhenResumed]
12-19 20:13:43.840 15543 15543 I wm_on_top_resumed_lost_called: [208407640,com.ucpro.BrowserActivity,topStateChangedWhenResumed]
12-19 20:13:43.896 15543 15543 I wm_on_paused_called: [0,208407640,com.ucpro.BrowserActivity,performPause,55]
12-19 20:13:43.901 15543 15543 I wm_on_destroy_called: [0,61786121,com.ucpro.MainActivity,performDestroy,0]
12-19 20:13:43.923  3330  4226 D cccccc  : onTaskStackChangedBackground
12-19 20:13:43.925  3330 12372 D cccccc  : onTaskStackChangedBackground
12-19 20:13:44.002  3330  3999 I com.miui.home: CheckGCForNative adj_start_bytes: 43118477 NativeAllocationGcWatermark: 11628324 java_gc_start_bytes: 25675991 kNewNativeDiscountFactor: 2 kOldNativeDiscountFactor: 65536 old_native_bytes: 122601175 new_native_bytes: 10132600 add_bytes_allowed: 34884972 is_gc_concurrent: 1 target_footprint_: 25917729 GetBytesAllocated: 13787275 HeapGrowthMultiplier: 3
12-19 20:13:44.002  3330  3999 I com.miui.home: CheckGCForNative gc_urgency 0.437294 current_native_bytes is 132733775
12-19 20:13:44.046  3330  3999 I cccccc  : getTaskSnapshotInstance:
12-19 20:13:44.047  3330  3999 I com.miui.home: CheckGCForNative adj_start_bytes: 43118477 NativeAllocationGcWatermark: 11628324 java_gc_start_bytes: 25675991 kNewNativeDiscountFactor: 2 kOldNativeDiscountFactor: 65536 old_native_bytes: 122601175 new_native_bytes: 21260844 add_bytes_allowed: 34884972 is_gc_concurrent: 1 target_footprint_: 25917729 GetBytesAllocated: 14052533 HeapGrowthMultiplier: 3
12-19 20:13:44.047  3330  3999 I com.miui.home: CheckGCForNative gc_urgency 0.572488 current_native_bytes is 143862019
12-19 20:13:44.048  3330  3999 I cccccc  : getTaskThumbnailInfo: 2460 1.0  10705920
12-19 20:13:44.842 15543 15543 I wm_on_stop_called: [0,208407640,com.ucpro.BrowserActivity,STOP_ACTIVITY_ITEM,48]
