12-21 13:37:07.679  3312  3312 I wm_on_top_resumed_lost_called: [144327058,com.miui.home.launcher.Launcher,topStateChangedWhenResumed]
12-21 13:37:07.681  3312  3312 I wm_on_paused_called: [0,144327058,com.miui.home.launcher.Launcher,performPause,1]
12-21 13:37:07.690  3312  3312 I com.miui.home: CheckGCForNative adj_start_bytes: 32368795 NativeAllocationGcWatermark: 10485129 java_gc_start_bytes: 16641102 kNewNativeDiscountFactor: 2 kOldNativeDiscountFactor: 65536 old_native_bytes: 81050947 new_native_bytes: 289852 add_bytes_allowed: 31455387 is_gc_concurrent: 1 target_footprint_: 16772174 GetBytesAllocated: 8773595 HeapGrowthMultiplier: 3
12-21 13:37:07.690  3312  3312 I com.miui.home: CheckGCForNative gc_urgency 0.275567 current_native_bytes is 81340799
12-21 13:37:08.055  3312  4028 I com.miui.home: CheckGCForNative adj_start_bytes: 32368795 NativeAllocationGcWatermark: 10485129 java_gc_start_bytes: 16641102 kNewNativeDiscountFactor: 2 kOldNativeDiscountFactor: 65536 old_native_bytes: 81050947 new_native_bytes: 2020500 add_bytes_allowed: 31455387 is_gc_concurrent: 1 target_footprint_: 16772174 GetBytesAllocated: 9664382 HeapGrowthMultiplier: 3
12-21 13:37:08.055  3312  4028 I com.miui.home: CheckGCForNative gc_urgency 0.32982 current_native_bytes is 83071447
12-21 13:37:08.115  3312  3493 I com.miui.home: CheckGCForNative adj_start_bytes: 32368795 NativeAllocationGcWatermark: 10485129 java_gc_start_bytes: 16641102 kNewNativeDiscountFactor: 2 kOldNativeDiscountFactor: 65536 old_native_bytes: 81050947 new_native_bytes: 2830548 add_bytes_allowed: 31455387 is_gc_concurrent: 1 target_footprint_: 16772174 GetBytesAllocated: 9781286 HeapGrowthMultiplier: 3
12-21 13:37:08.115  3312  3493 I com.miui.home: CheckGCForNative gc_urgency 0.345944 current_native_bytes is 83881495
12-21 13:37:08.224  3312  3719 I com.miui.home: CheckGCForNative adj_start_bytes: 32368795 NativeAllocationGcWatermark: 10485129 java_gc_start_bytes: 16641102 kNewNativeDiscountFactor: 2 kOldNativeDiscountFactor: 65536 old_native_bytes: 81050947 new_native_bytes: 13250536 add_bytes_allowed: 31455387 is_gc_concurrent: 1 target_footprint_: 16772174 GetBytesAllocated: 9907212 HeapGrowthMultiplier: 3
12-21 13:37:08.224  3312  3719 I com.miui.home: CheckGCForNative gc_urgency 0.510792 current_native_bytes is 94301483
12-21 13:37:08.225  3312  3719 I com.miui.home: CheckGCForNative adj_start_bytes: 32368795 NativeAllocationGcWatermark: 10485129 java_gc_start_bytes: 16641102 kNewNativeDiscountFactor: 2 kOldNativeDiscountFactor: 65536 old_native_bytes: 81050947 new_native_bytes: 23957480 add_bytes_allowed: 31455387 is_gc_concurrent: 1 target_footprint_: 16772174 GetBytesAllocated: 9920341 HeapGrowthMultiplier: 3
12-21 13:37:08.226  3312  3719 I com.miui.home: CheckGCForNative gc_urgency 0.676587 current_native_bytes is 105008427
12-21 13:37:08.281  3312  3719 I com.miui.home: CheckGCForNative adj_start_bytes: 32368795 NativeAllocationGcWatermark: 10485129 java_gc_start_bytes: 16641102 kNewNativeDiscountFactor: 2 kOldNativeDiscountFactor: 65536 old_native_bytes: 81050947 new_native_bytes: 23934632 add_bytes_allowed: 31455387 is_gc_concurrent: 1 target_footprint_: 16772174 GetBytesAllocated: 9941133 HeapGrowthMultiplier: 3
12-21 13:37:08.281  3312  3719 I com.miui.home: CheckGCForNative gc_urgency 0.676877 current_native_bytes is 104985579
12-21 13:37:08.282  3312  3719 I com.miui.home: CheckGCForNative adj_start_bytes: 32368795 NativeAllocationGcWatermark: 10485129 java_gc_start_bytes: 16641102 kNewNativeDiscountFactor: 2 kOldNativeDiscountFactor: 65536 old_native_bytes: 81050947 new_native_bytes: 34641768 add_bytes_allowed: 31455387 is_gc_concurrent: 1 target_footprint_: 16772174 GetBytesAllocated: 9942311 HeapGrowthMultiplier: 3
12-21 13:37:08.282  3312  3719 I com.miui.home: CheckGCForNative gc_urgency 0.842306 current_native_bytes is 115692715
12-21 13:37:08.334  3312  3719 I com.miui.home: CheckGCForNative adj_start_bytes: 32368795 NativeAllocationGcWatermark: 10485129 java_gc_start_bytes: 16641102 kNewNativeDiscountFactor: 2 kOldNativeDiscountFactor: 65536 old_native_bytes: 81050947 new_native_bytes: 34646824 add_bytes_allowed: 31455387 is_gc_concurrent: 1 target_footprint_: 16772174 GetBytesAllocated: 9961676 HeapGrowthMultiplier: 3
12-21 13:37:08.334  3312  3719 I com.miui.home: CheckGCForNative gc_urgency 0.842982 current_native_bytes is 115697771
12-21 13:37:08.335  3312  3719 I com.miui.home: CheckGCForNative adj_start_bytes: 32368795 NativeAllocationGcWatermark: 10485129 java_gc_start_bytes: 16641102 kNewNativeDiscountFactor: 2 kOldNativeDiscountFactor: 65536 old_native_bytes: 81050947 new_native_bytes: 45353768 add_bytes_allowed: 31455387 is_gc_concurrent: 1 target_footprint_: 16772174 GetBytesAllocated: 9968526 HeapGrowthMultiplier: 3
12-21 13:37:08.335  3312  3719 I com.miui.home: CheckGCForNative gc_urgency 1.00858 current_native_bytes is 126404715
12-21 13:37:08.335  3312  3719 I com.miui.home: CheckGCForNative requested 1
12-21 13:37:08.401  3312  3719 I com.miui.home: CheckGCForNative adj_start_bytes: 32368795 NativeAllocationGcWatermark: 10485129 java_gc_start_bytes: 16641102 kNewNativeDiscountFactor: 2 kOldNativeDiscountFactor: 65536 old_native_bytes: 81050947 new_native_bytes: 34737640 add_bytes_allowed: 31455387 is_gc_concurrent: 1 target_footprint_: 16772174 GetBytesAllocated: 10110290 HeapGrowthMultiplier: 3
12-21 13:37:08.402  3312  3719 I com.miui.home: CheckGCForNative gc_urgency 0.848976 current_native_bytes is 115788587
12-21 13:37:08.495  3312  3343 I com.miui.home: NativeAlloc concurrent copying GC freed 31381(1520KB) AllocSpace objects, 3(124KB) LOS objects, 49% free, 8681KB/16MB, paused 1.581ms,292us total 158.298ms
12-21 13:37:08.538  3312  3493 I com.miui.home: CheckGCForNative gc_urgency 0 current_native_bytes is 114829783
12-21 13:37:09.158  3312  3312 I wm_on_resume_called: [0,144327058,com.miui.home.launcher.Launcher,RESUME_ACTIVITY,4]
12-21 13:37:09.162  8335  8335 I wm_on_application_create_called: [0,com.autonavi.minimap,1087]
12-21 13:37:09.174  3312  3312 I wm_on_idle_called: com.miui.home.launcher.Launcher
12-21 13:37:09.254  8427  8427 I wm_on_application_create_called: [0,com.autonavi.minimap,680]
12-21 13:37:09.257  3312  4028 I com.miui.home: CheckGCForNative gc_urgency 0 current_native_bytes is 114392667
12-21 13:37:09.294  3312  4028 I com.miui.home: CheckGCForNative adj_start_bytes: 33171097 NativeAllocationGcWatermark: 10610973 java_gc_start_bytes: 17254638 kNewNativeDiscountFactor: 2 kOldNativeDiscountFactor: 65536 old_native_bytes: 114392667 new_native_bytes: 10708672 add_bytes_allowed: 31832919 is_gc_concurrent: 1 target_footprint_: 17778926 GetBytesAllocated: 10182670 HeapGrowthMultiplier: 3
12-21 13:37:09.295  3312  4028 I com.miui.home: CheckGCForNative gc_urgency 0.468442 current_native_bytes is 125101339
12-21 13:37:09.295  3312  4028 I com.miui.home: CheckGCForNative adj_start_bytes: 33171097 NativeAllocationGcWatermark: 10610973 java_gc_start_bytes: 17254638 kNewNativeDiscountFactor: 2 kOldNativeDiscountFactor: 65536 old_native_bytes: 114392667 new_native_bytes: 21415616 add_bytes_allowed: 31832919 is_gc_concurrent: 1 target_footprint_: 17778926 GetBytesAllocated: 10182862 HeapGrowthMultiplier: 3
12-21 13:37:09.295  3312  4028 I com.miui.home: CheckGCForNative gc_urgency 0.629838 current_native_bytes is 135808283
12-21 13:37:09.306  3312  4028 I com.miui.home: CheckGCForNative adj_start_bytes: 33171097 NativeAllocationGcWatermark: 10610973 java_gc_start_bytes: 17254638 kNewNativeDiscountFactor: 2 kOldNativeDiscountFactor: 65536 old_native_bytes: 114392667 new_native_bytes: 21427584 add_bytes_allowed: 31832919 is_gc_concurrent: 1 target_footprint_: 17778926 GetBytesAllocated: 10250096 HeapGrowthMultiplier: 3
12-21 13:37:09.306  3312  4028 I com.miui.home: CheckGCForNative gc_urgency 0.632045 current_native_bytes is 135820251
12-21 13:37:09.461  8335  8335 I wm_on_create_called: [0,233742913,com.autonavi.map.activity.SplashActivity,performCreate,197]
12-21 13:37:09.476  3312  3312 I wm_on_top_resumed_gained_called: [144327058,com.miui.home.launcher.Launcher,topStateChangedWhenResumed]
12-21 13:37:09.574  3312  3493 I com.miui.home: CheckGCForNative adj_start_bytes: 33171097 NativeAllocationGcWatermark: 10610973 java_gc_start_bytes: 17254638 kNewNativeDiscountFactor: 2 kOldNativeDiscountFactor: 65536 old_native_bytes: 114392667 new_native_bytes: 10743840 add_bytes_allowed: 31832919 is_gc_concurrent: 1 target_footprint_: 17778926 GetBytesAllocated: 10381394 HeapGrowthMultiplier: 3
12-21 13:37:09.574  3312  3493 I com.miui.home: CheckGCForNative gc_urgency 0.474963 current_native_bytes is 125136507
12-21 13:37:09.641  3312  3493 I com.miui.home: CheckGCForNative adj_start_bytes: 33171097 NativeAllocationGcWatermark: 10610973 java_gc_start_bytes: 17254638 kNewNativeDiscountFactor: 2 kOldNativeDiscountFactor: 65536 old_native_bytes: 114392667 new_native_bytes: 10768672 add_bytes_allowed: 31832919 is_gc_concurrent: 1 target_footprint_: 17778926 GetBytesAllocated: 10519369 HeapGrowthMultiplier: 3
12-21 13:37:09.641  3312  3493 I com.miui.home: CheckGCForNative gc_urgency 0.479497 current_native_bytes is 125161339
12-21 13:37:09.728  8335  8335 I wm_on_create_called: [0,6455323,com.autonavi.map.activity.NewMapActivity,performCreate,200]
12-21 13:37:09.761  8335  8335 I wm_on_start_called: [0,6455323,com.autonavi.map.activity.NewMapActivity,handleStartActivity,31]
12-21 13:37:09.761  3312  4028 I com.miui.home: CheckGCForNative adj_start_bytes: 33171097 NativeAllocationGcWatermark: 10610973 java_gc_start_bytes: 17254638 kNewNativeDiscountFactor: 2 kOldNativeDiscountFactor: 65536 old_native_bytes: 114392667 new_native_bytes: 21417140 add_bytes_allowed: 31832919 is_gc_concurrent: 1 target_footprint_: 17778926 GetBytesAllocated: 10982917 HeapGrowthMultiplier: 3
12-21 13:37:09.761  3312  4028 I com.miui.home: CheckGCForNative gc_urgency 0.65398 current_native_bytes is 135809807
12-21 13:37:09.770  3312  3492 I com.miui.home: CheckGCForNative adj_start_bytes: 33171097 NativeAllocationGcWatermark: 10610973 java_gc_start_bytes: 17254638 kNewNativeDiscountFactor: 2 kOldNativeDiscountFactor: 65536 old_native_bytes: 114392667 new_native_bytes: 32123508 add_bytes_allowed: 31832919 is_gc_concurrent: 1 target_footprint_: 17778926 GetBytesAllocated: 10982917 HeapGrowthMultiplier: 3
12-21 13:37:09.770  3312  3492 I com.miui.home: CheckGCForNative gc_urgency 0.815855 current_native_bytes is 146516175
12-21 13:37:09.774  3312  3492 I com.miui.home: CheckGCForNative adj_start_bytes: 33171097 NativeAllocationGcWatermark: 10610973 java_gc_start_bytes: 17254638 kNewNativeDiscountFactor: 2 kOldNativeDiscountFactor: 65536 old_native_bytes: 114392667 new_native_bytes: 42830772 add_bytes_allowed: 31832919 is_gc_concurrent: 1 target_footprint_: 17778926 GetBytesAllocated: 11007284 HeapGrowthMultiplier: 3
12-21 13:37:09.774  3312  3492 I com.miui.home: CheckGCForNative gc_urgency 0.97749 current_native_bytes is 157223439
12-21 13:37:09.783  8335  8335 I wm_on_resume_called: [0,6455323,com.autonavi.map.activity.NewMapActivity,RESUME_ACTIVITY,20]
12-21 13:37:09.810  3312  3719 I com.miui.home: CheckGCForNative adj_start_bytes: 33171097 NativeAllocationGcWatermark: 10610973 java_gc_start_bytes: 17254638 kNewNativeDiscountFactor: 2 kOldNativeDiscountFactor: 65536 old_native_bytes: 114392667 new_native_bytes: 32122676 add_bytes_allowed: 31832919 is_gc_concurrent: 1 target_footprint_: 17778926 GetBytesAllocated: 11021069 HeapGrowthMultiplier: 3
12-21 13:37:09.810  3312  3719 I com.miui.home: CheckGCForNative gc_urgency 0.816499 current_native_bytes is 146515343
12-21 13:37:09.855  8335  8335 I wm_on_destroy_called: [0,233742913,com.autonavi.map.activity.SplashActivity,performDestroy,0]
12-21 13:37:09.860  8335  8335 I wm_on_paused_called: [0,6455323,com.autonavi.map.activity.NewMapActivity,performPause,1]
12-21 13:37:09.992  8335  8335 I wm_on_stop_called: [0,6455323,com.autonavi.map.activity.NewMapActivity,STOP_ACTIVITY_ITEM,11]
12-21 13:37:10.003  8335  8335 I wm_on_idle_called: com.autonavi.map.activity.NewMapActivity
12-21 13:37:10.073  3312  3719 I com.miui.home: CheckGCForNative adj_start_bytes: 33171097 NativeAllocationGcWatermark: 10610973 java_gc_start_bytes: 17254638 kNewNativeDiscountFactor: 2 kOldNativeDiscountFactor: 65536 old_native_bytes: 114392667 new_native_bytes: 21790752 add_bytes_allowed: 31832919 is_gc_concurrent: 1 target_footprint_: 17778926 GetBytesAllocated: 11699300 HeapGrowthMultiplier: 3
12-21 13:37:10.073  3312  3719 I com.miui.home: CheckGCForNative gc_urgency 0.681208 current_native_bytes is 136183419
12-21 13:37:10.112  3312  3312 I wm_on_top_resumed_lost_called: [144327058,com.miui.home.launcher.Launcher,topStateChangedWhenResumed]
12-21 13:37:10.113  3312  3312 I wm_on_paused_called: [0,144327058,com.miui.home.launcher.Launcher,performPause,1]
12-21 13:37:10.120  3312  3719 I com.miui.home: CheckGCForNative adj_start_bytes: 33171097 NativeAllocationGcWatermark: 10610973 java_gc_start_bytes: 17254638 kNewNativeDiscountFactor: 2 kOldNativeDiscountFactor: 65536 old_native_bytes: 114392667 new_native_bytes: 32611792 add_bytes_allowed: 31832919 is_gc_concurrent: 1 target_footprint_: 17778926 GetBytesAllocated: 11807674 HeapGrowthMultiplier: 3
12-21 13:37:10.120  3312  3719 I com.miui.home: CheckGCForNative gc_urgency 0.847585 current_native_bytes is 147004459
12-21 13:37:10.551  3312  3719 I com.miui.home: CheckGCForNative adj_start_bytes: 33171097 NativeAllocationGcWatermark: 10610973 java_gc_start_bytes: 17254638 kNewNativeDiscountFactor: 2 kOldNativeDiscountFactor: 65536 old_native_bytes: 114392667 new_native_bytes: 22597240 add_bytes_allowed: 31832919 is_gc_concurrent: 1 target_footprint_: 17778926 GetBytesAllocated: 13257283 HeapGrowthMultiplier: 3
12-21 13:37:10.551  3312  3719 I com.miui.home: CheckGCForNative gc_urgency 0.740333 current_native_bytes is 136989907
12-21 13:37:10.744  3312  3493 I com.miui.home: CheckGCForNative adj_start_bytes: 33171097 NativeAllocationGcWatermark: 10610973 java_gc_start_bytes: 17254638 kNewNativeDiscountFactor: 2 kOldNativeDiscountFactor: 65536 old_native_bytes: 114392667 new_native_bytes: 22606840 add_bytes_allowed: 31832919 is_gc_concurrent: 1 target_footprint_: 17778926 GetBytesAllocated: 13350599 HeapGrowthMultiplier: 3
12-21 13:37:10.744  3312  3493 I com.miui.home: CheckGCForNative gc_urgency 0.743291 current_native_bytes is 136999507
12-21 13:37:10.899  3312  3493 I com.miui.home: CheckGCForNative adj_start_bytes: 33171097 NativeAllocationGcWatermark: 10610973 java_gc_start_bytes: 17254638 kNewNativeDiscountFactor: 2 kOldNativeDiscountFactor: 65536 old_native_bytes: 114392667 new_native_bytes: 22578936 add_bytes_allowed: 31832919 is_gc_concurrent: 1 target_footprint_: 17778926 GetBytesAllocated: 13390820 HeapGrowthMultiplier: 3
12-21 13:37:10.899  3312  3493 I com.miui.home: CheckGCForNative gc_urgency 0.744083 current_native_bytes is 136971603
12-21 13:37:11.041  8799  8799 I wm_on_create_called: [0,185831203,fm.qingting.qtradio.WelcomeActivity,performCreate,140]
12-21 13:37:11.042  8799  8799 I wm_on_start_called: [0,185831203,fm.qingting.qtradio.WelcomeActivity,handleStartActivity,1]
12-21 13:37:11.050  8799  8799 I wm_on_resume_called: [0,185831203,fm.qingting.qtradio.WelcomeActivity,RESUME_ACTIVITY,6]
12-21 13:37:11.090  8799  8799 I wm_on_top_resumed_gained_called: [185831203,fm.qingting.qtradio.WelcomeActivity,topStateChangedWhenResumed]
12-21 13:37:11.404  3312  3312 I wm_on_stop_called: [0,144327058,com.miui.home.launcher.Launcher,STOP_ACTIVITY_ITEM,3]
12-21 13:37:11.554  3312  3312 I wm_on_restart_called: [0,144327058,com.miui.home.launcher.Launcher,,0]
12-21 13:37:11.554  3312  3312 I wm_on_start_called: [0,144327058,com.miui.home.launcher.Launcher,handleStartActivity,1]
12-21 13:37:11.558  3312  3312 I wm_on_resume_called: [0,144327058,com.miui.home.launcher.Launcher,RESUME_ACTIVITY,4]
12-21 13:37:11.584  3312  3312 I wm_on_idle_called: com.miui.home.launcher.Launcher
12-21 13:37:11.742  3312  3364 I com.miui.home: CheckGCForNative adj_start_bytes: 33171097 NativeAllocationGcWatermark: 10610973 java_gc_start_bytes: 17254638 kNewNativeDiscountFactor: 2 kOldNativeDiscountFactor: 65536 old_native_bytes: 114392667 new_native_bytes: 33527292 add_bytes_allowed: 31832919 is_gc_concurrent: 1 target_footprint_: 17778926 GetBytesAllocated: 14101067 HeapGrowthMultiplier: 3
12-21 13:37:11.742  3312  3364 I com.miui.home: CheckGCForNative gc_urgency 0.930523 current_native_bytes is 147919959
12-21 13:37:11.742  3312  3364 I com.miui.home: CheckGCForNative adj_start_bytes: 33171097 NativeAllocationGcWatermark: 10610973 java_gc_start_bytes: 17254638 kNewNativeDiscountFactor: 2 kOldNativeDiscountFactor: 65536 old_native_bytes: 114392667 new_native_bytes: 44234236 add_bytes_allowed: 31832919 is_gc_concurrent: 1 target_footprint_: 17778926 GetBytesAllocated: 14276160 HeapGrowthMultiplier: 3
12-21 13:37:11.743  3312  3364 I com.miui.home: CheckGCForNative gc_urgency 1.09809 current_native_bytes is 158626903
12-21 13:37:11.743  3312  3364 I com.miui.home: CheckGCForNative requested 1
12-21 13:37:11.785  3312  3619 I com.miui.home: CheckGCForNative adj_start_bytes: 33171097 NativeAllocationGcWatermark: 10610973 java_gc_start_bytes: 17254638 kNewNativeDiscountFactor: 2 kOldNativeDiscountFactor: 65536 old_native_bytes: 114392667 new_native_bytes: 44284028 add_bytes_allowed: 31832919 is_gc_concurrent: 1 target_footprint_: 17778926 GetBytesAllocated: 14617435 HeapGrowthMultiplier: 3
12-21 13:37:11.785  3312  3619 I com.miui.home: CheckGCForNative gc_urgency 1.10823 current_native_bytes is 158676695
12-21 13:37:11.785  3312  3619 I com.miui.home: CheckGCForNative requested 1
12-21 13:37:11.860  8799  8799 I wm_on_top_resumed_lost_called: [185831203,fm.qingting.qtradio.WelcomeActivity,topStateChangedWhenResumed]
12-21 13:37:11.868  3312  3312 I wm_on_top_resumed_gained_called: [144327058,com.miui.home.launcher.Launcher,topStateChangedWhenResumed]
12-21 13:37:11.902  3312  3493 I com.miui.home: CheckGCForNative adj_start_bytes: 33171097 NativeAllocationGcWatermark: 10610973 java_gc_start_bytes: 17254638 kNewNativeDiscountFactor: 2 kOldNativeDiscountFactor: 65536 old_native_bytes: 114392667 new_native_bytes: 33576788 add_bytes_allowed: 31832919 is_gc_concurrent: 1 target_footprint_: 17778926 GetBytesAllocated: 14733314 HeapGrowthMultiplier: 3
12-21 13:37:11.902  3312  3493 I com.miui.home: CheckGCForNative gc_urgency 0.950329 current_native_bytes is 147969455
12-21 13:37:11.927  3312  3343 I com.miui.home: NativeAlloc concurrent copying GC freed 123056(5529KB) AllocSpace objects, 6(312KB) LOS objects, 49% free, 8546KB/16MB, paused 171us,77us total 183.830ms
12-21 13:37:12.047  3312  3493 I com.miui.home: CheckGCForNative gc_urgency 0 current_native_bytes is 136460963
12-21 13:37:12.213  3312  3616 I com.miui.home: CheckGCForNative adj_start_bytes: 32940341 NativeAllocationGcWatermark: 10576489 java_gc_start_bytes: 17075608 kNewNativeDiscountFactor: 2 kOldNativeDiscountFactor: 65536 old_native_bytes: 136460963 new_native_bytes: 10692416 add_bytes_allowed: 31729467 is_gc_concurrent: 1 target_footprint_: 17503053 GetBytesAllocated: 8953138 HeapGrowthMultiplier: 3
12-21 13:37:12.214  3312  3616 I com.miui.home: CheckGCForNative gc_urgency 0.434162 current_native_bytes is 147153379
12-21 13:37:12.214  3312  3312 I com.miui.home: CheckGCForNative adj_start_bytes: 32940341 NativeAllocationGcWatermark: 10576489 java_gc_start_bytes: 17075608 kNewNativeDiscountFactor: 2 kOldNativeDiscountFactor: 65536 old_native_bytes: 136460963 new_native_bytes: 21400896 add_bytes_allowed: 31729467 is_gc_concurrent: 1 target_footprint_: 17503053 GetBytesAllocated: 8953330 HeapGrowthMultiplier: 3
12-21 13:37:12.214  3312  3312 I com.miui.home: CheckGCForNative gc_urgency 0.596711 current_native_bytes is 157861859
12-21 13:37:12.214  3312  3492 I com.miui.home: CheckGCForNative adj_start_bytes: 32940341 NativeAllocationGcWatermark: 10576489 java_gc_start_bytes: 17075608 kNewNativeDiscountFactor: 2 kOldNativeDiscountFactor: 65536 old_native_bytes: 136460963 new_native_bytes: 21400896 add_bytes_allowed: 31729467 is_gc_concurrent: 1 target_footprint_: 17503053 GetBytesAllocated: 8953330 HeapGrowthMultiplier: 3
12-21 13:37:12.214  3312  3492 I com.miui.home: CheckGCForNative gc_urgency 0.596711 current_native_bytes is 157861859
12-21 13:37:12.356  8799  8799 I wm_on_paused_called: [0,185831203,fm.qingting.qtradio.WelcomeActivity,performPause,2]
12-21 13:37:12.465  8799  8799 I wm_on_stop_called: [0,185831203,fm.qingting.qtradio.WelcomeActivity,STOP_ACTIVITY_ITEM,4]
12-21 13:37:12.471  3312  3449 I com.miui.home: CheckGCForNative adj_start_bytes: 32940341 NativeAllocationGcWatermark: 10576489 java_gc_start_bytes: 17075608 kNewNativeDiscountFactor: 2 kOldNativeDiscountFactor: 65536 old_native_bytes: 136460963 new_native_bytes: 10620696 add_bytes_allowed: 31729467 is_gc_concurrent: 1 target_footprint_: 17503053 GetBytesAllocated: 9187585 HeapGrowthMultiplier: 3
12-21 13:37:12.471  3312  3449 I com.miui.home: CheckGCForNative gc_urgency 0.44019 current_native_bytes is 147081659
12-21 13:37:12.483  8799  8799 I wm_on_idle_called: fm.qingting.qtradio.WelcomeActivity
12-21 13:37:12.510  3312  3312 I wm_on_top_resumed_lost_called: [144327058,com.miui.home.launcher.Launcher,topStateChangedWhenResumed]
12-21 13:37:12.516  3312  3312 I wm_on_paused_called: [0,144327058,com.miui.home.launcher.Launcher,performPause,1]
12-21 13:37:12.691  3312  3719 I com.miui.home: CheckGCForNative adj_start_bytes: 32940341 NativeAllocationGcWatermark: 10576489 java_gc_start_bytes: 17075608 kNewNativeDiscountFactor: 2 kOldNativeDiscountFactor: 65536 old_native_bytes: 136460963 new_native_bytes: 24018756 add_bytes_allowed: 31729467 is_gc_concurrent: 1 target_footprint_: 17503053 GetBytesAllocated: 10224748 HeapGrowthMultiplier: 3
12-21 13:37:12.691  3312  3719 I com.miui.home: CheckGCForNative gc_urgency 0.675045 current_native_bytes is 160479719
12-21 13:37:12.759  3312  3493 I com.miui.home: CheckGCForNative adj_start_bytes: 32940341 NativeAllocationGcWatermark: 10576489 java_gc_start_bytes: 17075608 kNewNativeDiscountFactor: 2 kOldNativeDiscountFactor: 65536 old_native_bytes: 136460963 new_native_bytes: 13539632 add_bytes_allowed: 31729467 is_gc_concurrent: 1 target_footprint_: 17503053 GetBytesAllocated: 10562466 HeapGrowthMultiplier: 3
12-21 13:37:12.760  3312  3493 I com.miui.home: CheckGCForNative gc_urgency 0.526235 current_native_bytes is 150000595
12-21 13:37:12.882  3312  3493 I com.miui.home: CheckGCForNative adj_start_bytes: 32940341 NativeAllocationGcWatermark: 10576489 java_gc_start_bytes: 17075608 kNewNativeDiscountFactor: 2 kOldNativeDiscountFactor: 65536 old_native_bytes: 136460963 new_native_bytes: 13569232 add_bytes_allowed: 31729467 is_gc_concurrent: 1 target_footprint_: 17503053 GetBytesAllocated: 10824675 HeapGrowthMultiplier: 3
12-21 13:37:12.882  3312  3493 I com.miui.home: CheckGCForNative gc_urgency 0.534644 current_native_bytes is 150030195
12-21 13:37:13.105  3312  3493 I com.miui.home: CheckGCForNative adj_start_bytes: 32940341 NativeAllocationGcWatermark: 10576489 java_gc_start_bytes: 17075608 kNewNativeDiscountFactor: 2 kOldNativeDiscountFactor: 65536 old_native_bytes: 136460963 new_native_bytes: 13584592 add_bytes_allowed: 31729467 is_gc_concurrent: 1 target_footprint_: 17503053 GetBytesAllocated: 10899091 HeapGrowthMultiplier: 3
12-21 13:37:13.105  3312  3493 I com.miui.home: CheckGCForNative gc_urgency 0.537137 current_native_bytes is 150045555
12-21 13:37:13.357  9157  9157 I wm_on_application_create_called: [0,com.xiaomi.bluetooth,214]
12-21 13:37:14.226  3312  3312 I wm_on_resume_called: [0,144327058,com.miui.home.launcher.Launcher,RESUME_ACTIVITY,4]
12-21 13:37:14.237  3312  3312 I wm_on_idle_called: com.miui.home.launcher.Launcher
12-21 13:37:14.343  3312  3616 I com.miui.home: CheckGCForNative adj_start_bytes: 32940341 NativeAllocationGcWatermark: 10576489 java_gc_start_bytes: 17075608 kNewNativeDiscountFactor: 2 kOldNativeDiscountFactor: 65536 old_native_bytes: 136460963 new_native_bytes: 24227948 add_bytes_allowed: 31729467 is_gc_concurrent: 1 target_footprint_: 17503053 GetBytesAllocated: 12119924 HeapGrowthMultiplier: 3
12-21 13:37:14.343  3312  3616 I com.miui.home: CheckGCForNative gc_urgency 0.735754 current_native_bytes is 160688911
12-21 13:37:14.343  3312  3616 I com.miui.home: CheckGCForNative adj_start_bytes: 32940341 NativeAllocationGcWatermark: 10576489 java_gc_start_bytes: 17075608 kNewNativeDiscountFactor: 2 kOldNativeDiscountFactor: 65536 old_native_bytes: 136460963 new_native_bytes: 34934892 add_bytes_allowed: 31729467 is_gc_concurrent: 1 target_footprint_: 17503053 GetBytesAllocated: 12126962 HeapGrowthMultiplier: 3
12-21 13:37:14.343  3312  3616 I com.miui.home: CheckGCForNative gc_urgency 0.898488 current_native_bytes is 171395855
12-21 13:37:14.361  3312  3619 I com.miui.home: CheckGCForNative adj_start_bytes: 32940341 NativeAllocationGcWatermark: 10576489 java_gc_start_bytes: 17075608 kNewNativeDiscountFactor: 2 kOldNativeDiscountFactor: 65536 old_native_bytes: 136460963 new_native_bytes: 34975564 add_bytes_allowed: 31729467 is_gc_concurrent: 1 target_footprint_: 17503053 GetBytesAllocated: 12158506 HeapGrowthMultiplier: 3
12-21 13:37:14.362  3312  3619 I com.miui.home: CheckGCForNative gc_urgency 0.900063 current_native_bytes is 171436527
12-21 13:37:14.458  3312  3493 I com.miui.home: CheckGCForNative adj_start_bytes: 32940341 NativeAllocationGcWatermark: 10576489 java_gc_start_bytes: 17075608 kNewNativeDiscountFactor: 2 kOldNativeDiscountFactor: 65536 old_native_bytes: 136460963 new_native_bytes: 24376540 add_bytes_allowed: 31729467 is_gc_concurrent: 1 target_footprint_: 17503053 GetBytesAllocated: 12229116 HeapGrowthMultiplier: 3
12-21 13:37:14.458  3312  3493 I com.miui.home: CheckGCForNative gc_urgency 0.741324 current_native_bytes is 160837503
12-21 13:37:14.480  3312  3493 I com.miui.home: CheckGCForNative adj_start_bytes: 32940341 NativeAllocationGcWatermark: 10576489 java_gc_start_bytes: 17075608 kNewNativeDiscountFactor: 2 kOldNativeDiscountFactor: 65536 old_native_bytes: 136460963 new_native_bytes: 24377308 add_bytes_allowed: 31729467 is_gc_concurrent: 1 target_footprint_: 17503053 GetBytesAllocated: 12237532 HeapGrowthMultiplier: 3
12-21 13:37:14.480  3312  3493 I com.miui.home: CheckGCForNative gc_urgency 0.741591 current_native_bytes is 160838271
12-21 13:37:14.623  9139  9139 I wm_on_application_create_called: [0,com.ss.android.ugc.aweme,944]
12-21 13:37:14.672  3312  3312 I wm_on_top_resumed_gained_called: [144327058,com.miui.home.launcher.Launcher,topStateChangedWhenResumed]
12-21 13:37:14.806  3312  9520 I com.miui.home: CheckGCForNative adj_start_bytes: 32940341 NativeAllocationGcWatermark: 10576489 java_gc_start_bytes: 17075608 kNewNativeDiscountFactor: 2 kOldNativeDiscountFactor: 65536 old_native_bytes: 136460963 new_native_bytes: 35159996 add_bytes_allowed: 31729467 is_gc_concurrent: 1 target_footprint_: 17503053 GetBytesAllocated: 12384560 HeapGrowthMultiplier: 3
12-21 13:37:14.807  3312  3492 I com.miui.home: CheckGCForNative adj_start_bytes: 32940341 NativeAllocationGcWatermark: 10576489 java_gc_start_bytes: 17075608 kNewNativeDiscountFactor: 2 kOldNativeDiscountFactor: 65536 old_native_bytes: 136460963 new_native_bytes: 45863004 add_bytes_allowed: 31729467 is_gc_concurrent: 1 target_footprint_: 17503053 GetBytesAllocated: 12384560 HeapGrowthMultiplier: 3
12-21 13:37:14.807  3312  3492 I com.miui.home: CheckGCForNative gc_urgency 1.07219 current_native_bytes is 182323967
12-21 13:37:14.807  3312  3492 I com.miui.home: CheckGCForNative requested 1
12-21 13:37:14.808  3312  9520 I com.miui.home: CheckGCForNative gc_urgency 0.909725 current_native_bytes is 171620959
12-21 13:37:14.813  3312  3492 I com.miui.home: CheckGCForNative adj_start_bytes: 32940341 NativeAllocationGcWatermark: 10576489 java_gc_start_bytes: 17075608 kNewNativeDiscountFactor: 2 kOldNativeDiscountFactor: 65536 old_native_bytes: 136460963 new_native_bytes: 56568828 add_bytes_allowed: 31729467 is_gc_concurrent: 1 target_footprint_: 17503053 GetBytesAllocated: 12389931 HeapGrowthMultiplier: 3
12-21 13:37:14.813  3312  3492 I com.miui.home: CheckGCForNative gc_urgency 1.23485 current_native_bytes is 193029791
12-21 13:37:14.813  3312  3492 I com.miui.home: CheckGCForNative requested 1
12-21 13:37:14.980  3312  3343 I com.miui.home: NativeAlloc concurrent copying GC freed 76325(3439KB) AllocSpace objects, 4(208KB) LOS objects, 50% free, 8528KB/16MB, paused 246us,99us total 172.445ms
12-21 13:37:15.170  3312  3449 I com.miui.home: CheckGCForNative gc_urgency 0 current_native_bytes is 138458011
12-21 13:37:15.217  3312  3312 I wm_on_top_resumed_lost_called: [144327058,com.miui.home.launcher.Launcher,topStateChangedWhenResumed]
12-21 13:37:15.330  3312  3312 I wm_on_paused_called: [0,144327058,com.miui.home.launcher.Launcher,performPause,0]
12-21 13:37:15.448  3312  3719 I com.miui.home: CheckGCForNative adj_start_bytes: 33192444 NativeAllocationGcWatermark: 10571829 java_gc_start_bytes: 17334701 kNewNativeDiscountFactor: 2 kOldNativeDiscountFactor: 65536 old_native_bytes: 138458011 new_native_bytes: 11612060 add_bytes_allowed: 31715487 is_gc_concurrent: 1 target_footprint_: 17465773 GetBytesAllocated: 9947596 HeapGrowthMultiplier: 3
12-21 13:37:15.453  3312  3719 I com.miui.home: CheckGCForNative gc_urgency 0.474678 current_native_bytes is 150070071
12-21 13:37:15.525  9139  9139 I wm_on_create_called: [0,80442482,com.ss.android.ugc.aweme.splash.SplashActivity,performCreate,808]
12-21 13:37:15.650  3312  3493 I com.miui.home: CheckGCForNative adj_start_bytes: 33192444 NativeAllocationGcWatermark: 10571829 java_gc_start_bytes: 17334701 kNewNativeDiscountFactor: 2 kOldNativeDiscountFactor: 65536 old_native_bytes: 138458011 new_native_bytes: 1645928 add_bytes_allowed: 31715487 is_gc_concurrent: 1 target_footprint_: 17465773 GetBytesAllocated: 10687635 HeapGrowthMultiplier: 3
12-21 13:37:15.650  3312  3493 I com.miui.home: CheckGCForNative gc_urgency 0.346847 current_native_bytes is 140103939
12-21 13:37:15.672  3312  3493 I com.miui.home: CheckGCForNative adj_start_bytes: 33192444 NativeAllocationGcWatermark: 10571829 java_gc_start_bytes: 17334701 kNewNativeDiscountFactor: 2 kOldNativeDiscountFactor: 65536 old_native_bytes: 138458011 new_native_bytes: 1622632 add_bytes_allowed: 31715487 is_gc_concurrent: 1 target_footprint_: 17465773 GetBytesAllocated: 10725544 HeapGrowthMultiplier: 3
12-21 13:37:15.672  3312  3493 I com.miui.home: CheckGCForNative gc_urgency 0.347639 current_native_bytes is 140080643
12-21 13:37:16.006  3312  3493 I com.miui.home: CheckGCForNative adj_start_bytes: 33192444 NativeAllocationGcWatermark: 10571829 java_gc_start_bytes: 17334701 kNewNativeDiscountFactor: 2 kOldNativeDiscountFactor: 65536 old_native_bytes: 138458011 new_native_bytes: 1637648 add_bytes_allowed: 31715487 is_gc_concurrent: 1 target_footprint_: 17465773 GetBytesAllocated: 10840232 HeapGrowthMultiplier: 3
12-21 13:37:16.006  3312  3493 I com.miui.home: CheckGCForNative gc_urgency 0.35132 current_native_bytes is 140095659
12-21 13:37:16.242  9633  9633 I wm_on_create_called: [0,214564752,com.eg.android.AlipayGphone.AlipayLogin,performCreate,69]
12-21 13:37:16.259  9633  9633 I wm_on_start_called: [0,214564752,com.eg.android.AlipayGphone.AlipayLogin,handleStartActivity,16]
12-21 13:37:16.267  9633  9633 I wm_on_resume_called: [0,214564752,com.eg.android.AlipayGphone.AlipayLogin,RESUME_ACTIVITY,5]
12-21 13:37:16.304  9633  9633 I wm_on_top_resumed_gained_called: [214564752,com.eg.android.AlipayGphone.AlipayLogin,topStateChangedWhenResumed]
12-21 13:37:16.473  3312  3312 I wm_on_stop_called: [0,144327058,com.miui.home.launcher.Launcher,STOP_ACTIVITY_ITEM,2]
12-21 13:37:16.919  3312  3312 I wm_on_restart_called: [0,144327058,com.miui.home.launcher.Launcher,,0]
12-21 13:37:16.920  3312  3312 I wm_on_start_called: [0,144327058,com.miui.home.launcher.Launcher,handleStartActivity,0]
12-21 13:37:16.923  3312  3312 I wm_on_resume_called: [0,144327058,com.miui.home.launcher.Launcher,RESUME_ACTIVITY,4]
12-21 13:37:16.960  3312  3312 I wm_on_idle_called: com.miui.home.launcher.Launcher
12-21 13:37:17.063  3312  3585 I com.miui.home: CheckGCForNative adj_start_bytes: 33192444 NativeAllocationGcWatermark: 10571829 java_gc_start_bytes: 17334701 kNewNativeDiscountFactor: 2 kOldNativeDiscountFactor: 65536 old_native_bytes: 138458011 new_native_bytes: 12407260 add_bytes_allowed: 31715487 is_gc_concurrent: 1 target_footprint_: 17465773 GetBytesAllocated: 12214003 HeapGrowthMultiplier: 3
12-21 13:37:17.064  3312  3585 I com.miui.home: CheckGCForNative gc_urgency 0.554938 current_native_bytes is 150865271
12-21 13:37:17.064  3312  3585 I com.miui.home: CheckGCForNative adj_start_bytes: 33192444 NativeAllocationGcWatermark: 10571829 java_gc_start_bytes: 17334701 kNewNativeDiscountFactor: 2 kOldNativeDiscountFactor: 65536 old_native_bytes: 138458011 new_native_bytes: 23115484 add_bytes_allowed: 31715487 is_gc_concurrent: 1 target_footprint_: 17465773 GetBytesAllocated: 12221956 HeapGrowthMultiplier: 3
12-21 13:37:17.064  3312  3585 I com.miui.home: CheckGCForNative gc_urgency 0.716483 current_native_bytes is 161573495
12-21 13:37:17.070  3312  3619 I com.miui.home: CheckGCForNative adj_start_bytes: 33192444 NativeAllocationGcWatermark: 10571829 java_gc_start_bytes: 17334701 kNewNativeDiscountFactor: 2 kOldNativeDiscountFactor: 65536 old_native_bytes: 138458011 new_native_bytes: 23112988 add_bytes_allowed: 31715487 is_gc_concurrent: 1 target_footprint_: 17465773 GetBytesAllocated: 12245519 HeapGrowthMultiplier: 3
12-21 13:37:17.070  3312  3619 I com.miui.home: CheckGCForNative gc_urgency 0.717155 current_native_bytes is 161570999
12-21 13:37:17.159  3312  3493 I com.miui.home: CheckGCForNative adj_start_bytes: 33192444 NativeAllocationGcWatermark: 10571829 java_gc_start_bytes: 17334701 kNewNativeDiscountFactor: 2 kOldNativeDiscountFactor: 65536 old_native_bytes: 138458011 new_native_bytes: 12502172 add_bytes_allowed: 31715487 is_gc_concurrent: 1 target_footprint_: 17465773 GetBytesAllocated: 12289714 HeapGrowthMultiplier: 3
12-21 13:37:17.159  3312  3493 I com.miui.home: CheckGCForNative gc_urgency 0.558649 current_native_bytes is 150960183
12-21 13:37:17.181  3312  3493 I com.miui.home: CheckGCForNative adj_start_bytes: 33192444 NativeAllocationGcWatermark: 10571829 java_gc_start_bytes: 17334701 kNewNativeDiscountFactor: 2 kOldNativeDiscountFactor: 65536 old_native_bytes: 138458011 new_native_bytes: 12504476 add_bytes_allowed: 31715487 is_gc_concurrent: 1 target_footprint_: 17465773 GetBytesAllocated: 12292656 HeapGrowthMultiplier: 3
12-21 13:37:17.181  3312  3493 I com.miui.home: CheckGCForNative gc_urgency 0.558772 current_native_bytes is 150962487
12-21 13:37:17.405  3312  3312 I wm_on_top_resumed_gained_called: [144327058,com.miui.home.launcher.Launcher,topStateChangedWhenResumed]
12-21 13:37:17.503  9633  9633 I wm_on_top_resumed_lost_called: [214564752,com.eg.android.AlipayGphone.AlipayLogin,topStateChangedWhenResumed]
12-21 13:37:17.528  3312  3492 I com.miui.home: CheckGCForNative adj_start_bytes: 33192444 NativeAllocationGcWatermark: 10571829 java_gc_start_bytes: 17334701 kNewNativeDiscountFactor: 2 kOldNativeDiscountFactor: 65536 old_native_bytes: 138458011 new_native_bytes: 23257932 add_bytes_allowed: 31715487 is_gc_concurrent: 1 target_footprint_: 17465773 GetBytesAllocated: 12450852 HeapGrowthMultiplier: 3
12-21 13:37:17.528  3312  3492 I com.miui.home: CheckGCForNative gc_urgency 0.725524 current_native_bytes is 161715943
12-21 13:37:17.528  3312  3492 I com.miui.home: CheckGCForNative adj_start_bytes: 33192444 NativeAllocationGcWatermark: 10571829 java_gc_start_bytes: 17334701 kNewNativeDiscountFactor: 2 kOldNativeDiscountFactor: 65536 old_native_bytes: 138458011 new_native_bytes: 33969292 add_bytes_allowed: 31715487 is_gc_concurrent: 1 target_footprint_: 17465773 GetBytesAllocated: 12463897 HeapGrowthMultiplier: 3
12-21 13:37:17.528  3312  3492 I com.miui.home: CheckGCForNative gc_urgency 0.88727 current_native_bytes is 172427303
12-21 13:37:17.528  3312  3356 I com.miui.home: CheckGCForNative adj_start_bytes: 33192444 NativeAllocationGcWatermark: 10571829 java_gc_start_bytes: 17334701 kNewNativeDiscountFactor: 2 kOldNativeDiscountFactor: 65536 old_native_bytes: 138458011 new_native_bytes: 33969484 add_bytes_allowed: 31715487 is_gc_concurrent: 1 target_footprint_: 17465773 GetBytesAllocated: 12463897 HeapGrowthMultiplier: 3
12-21 13:37:17.530  3312  3356 I com.miui.home: CheckGCForNative gc_urgency 0.887273 current_native_bytes is 172427495
12-21 13:37:17.573  3312  3585 I com.miui.home: CheckGCForNative adj_start_bytes: 33192444 NativeAllocationGcWatermark: 10571829 java_gc_start_bytes: 17334701 kNewNativeDiscountFactor: 2 kOldNativeDiscountFactor: 65536 old_native_bytes: 138458011 new_native_bytes: 23196780 add_bytes_allowed: 31715487 is_gc_concurrent: 1 target_footprint_: 17465773 GetBytesAllocated: 12473161 HeapGrowthMultiplier: 3
12-21 13:37:17.573  3312  3585 I com.miui.home: CheckGCForNative gc_urgency 0.725275 current_native_bytes is 161654791
12-21 13:37:17.702 10154 10154 I wm_on_application_create_called: [0,com.eg.android.AlipayGphone,261]
12-21 13:37:17.816  9633  9633 I wm_on_paused_called: [0,214564752,com.eg.android.AlipayGphone.AlipayLogin,performPause,30]
12-21 13:37:18.024  3312  3454 I com.miui.home: CheckGCForNative adj_start_bytes: 33192444 NativeAllocationGcWatermark: 10571829 java_gc_start_bytes: 17334701 kNewNativeDiscountFactor: 2 kOldNativeDiscountFactor: 65536 old_native_bytes: 138458011 new_native_bytes: 34403680 add_bytes_allowed: 31715487 is_gc_concurrent: 1 target_footprint_: 17465773 GetBytesAllocated: 13202240 HeapGrowthMultiplier: 3
12-21 13:37:18.024  3312  3454 I com.miui.home: CheckGCForNative gc_urgency 0.916058 current_native_bytes is 172861691
12-21 13:37:18.059  3312  3454 I com.miui.home: CheckGCForNative adj_start_bytes: 33192444 NativeAllocationGcWatermark: 10571829 java_gc_start_bytes: 17334701 kNewNativeDiscountFactor: 2 kOldNativeDiscountFactor: 65536 old_native_bytes: 138458011 new_native_bytes: 49168756 add_bytes_allowed: 31715487 is_gc_concurrent: 1 target_footprint_: 17465773 GetBytesAllocated: 13360899 HeapGrowthMultiplier: 3
12-21 13:37:18.062  3312  3454 I com.miui.home: CheckGCForNative gc_urgency 1.14567 current_native_bytes is 187626767
12-21 13:37:18.068  3312  3454 I com.miui.home: CheckGCForNative requested 1
12-21 13:37:18.071  3312  3454 I com.miui.home: CheckGCForNative adj_start_bytes: 33192444 NativeAllocationGcWatermark: 10571829 java_gc_start_bytes: 17334701 kNewNativeDiscountFactor: 2 kOldNativeDiscountFactor: 65536 old_native_bytes: 138458011 new_native_bytes: 37386388 add_bytes_allowed: 31715487 is_gc_concurrent: 1 target_footprint_: 17465773 GetBytesAllocated: 13473796 HeapGrowthMultiplier: 3
12-21 13:37:18.073  3312  3454 I com.miui.home: CheckGCForNative gc_urgency 0.969169 current_native_bytes is 175844399
12-21 13:37:18.096  3312  3454 I com.miui.home: CheckGCForNative adj_start_bytes: 33192444 NativeAllocationGcWatermark: 10571829 java_gc_start_bytes: 17334701 kNewNativeDiscountFactor: 2 kOldNativeDiscountFactor: 65536 old_native_bytes: 138458011 new_native_bytes: 38283036 add_bytes_allowed: 31715487 is_gc_concurrent: 1 target_footprint_: 17465773 GetBytesAllocated: 13519689 HeapGrowthMultiplier: 3
12-21 13:37:18.096  3312  3454 I com.miui.home: CheckGCForNative gc_urgency 0.984059 current_native_bytes is 176741047
12-21 13:37:18.120  3312  3312 I wm_on_top_resumed_lost_called: [144327058,com.miui.home.launcher.Launcher,topStateChangedWhenResumed]
12-21 13:37:18.126  3312  3312 I wm_on_paused_called: [0,144327058,com.miui.home.launcher.Launcher,performPause,1]
12-21 13:37:18.320  3312  8369 I com.miui.home: CheckGCForNative adj_start_bytes: 33192444 NativeAllocationGcWatermark: 10571829 java_gc_start_bytes: 17334701 kNewNativeDiscountFactor: 2 kOldNativeDiscountFactor: 65536 old_native_bytes: 138458011 new_native_bytes: 38760304 add_bytes_allowed: 31715487 is_gc_concurrent: 1 target_footprint_: 17465773 GetBytesAllocated: 14495501 HeapGrowthMultiplier: 3
12-21 13:37:18.320  3312  8369 I com.miui.home: CheckGCForNative gc_urgency 1.02065 current_native_bytes is 177218315
12-21 13:37:18.320  3312  8369 I com.miui.home: CheckGCForNative requested 1
12-21 13:37:18.349  3312  3343 I com.miui.home: NativeAlloc concurrent copying GC freed 106639(4830KB) AllocSpace objects, 6(240KB) LOS objects, 49% free, 9229KB/18MB, paused 339us,79us total 285.716ms
12-21 13:37:18.362  3312  3493 I com.miui.home: CheckGCForNative gc_urgency 0 current_native_bytes is 153828867
12-21 13:37:18.607  3312  3493 I com.miui.home: CheckGCForNative gc_urgency 0 current_native_bytes is 141345067
12-21 13:37:18.617  3312  3454 I com.miui.home: CheckGCForNative adj_start_bytes: 34504533 NativeAllocationGcWatermark: 10751335 java_gc_start_bytes: 18377531 kNewNativeDiscountFactor: 2 kOldNativeDiscountFactor: 65536 old_native_bytes: 141345067 new_native_bytes: 1529064 add_bytes_allowed: 32254005 is_gc_concurrent: 1 target_footprint_: 18901819 GetBytesAllocated: 9797864 HeapGrowthMultiplier: 3
12-21 13:37:18.617  3312  3454 I com.miui.home: CheckGCForNative gc_urgency 0.306179 current_native_bytes is 142874131
12-21 13:37:18.619  3312  3454 I com.miui.home: CheckGCForNative adj_start_bytes: 34504533 NativeAllocationGcWatermark: 10751335 java_gc_start_bytes: 18377531 kNewNativeDiscountFactor: 2 kOldNativeDiscountFactor: 65536 old_native_bytes: 141345067 new_native_bytes: 2991712 add_bytes_allowed: 32254005 is_gc_concurrent: 1 target_footprint_: 18901819 GetBytesAllocated: 9808465 HeapGrowthMultiplier: 3
12-21 13:37:18.619  3312  3454 I com.miui.home: CheckGCForNative gc_urgency 0.327681 current_native_bytes is 144336779
12-21 13:37:18.633  3312  3454 I com.miui.home: CheckGCForNative adj_start_bytes: 34504533 NativeAllocationGcWatermark: 10751335 java_gc_start_bytes: 18377531 kNewNativeDiscountFactor: 2 kOldNativeDiscountFactor: 65536 old_native_bytes: 141345067 new_native_bytes: 15579744 add_bytes_allowed: 32254005 is_gc_concurrent: 1 target_footprint_: 18901819 GetBytesAllocated: 9808513 HeapGrowthMultiplier: 3
12-21 13:37:18.633  3312  3454 I com.miui.home: CheckGCForNative gc_urgency 0.510094 current_native_bytes is 156924811
12-21 13:37:18.938 10886 10886 I wm_on_create_called: [0,86701403,com.xunmeng.pinduoduo.ui.activity.MainFrameActivity,performCreate,108]
12-21 13:37:19.164  9633  9633 I wm_on_stop_called: [0,214564752,com.eg.android.AlipayGphone.AlipayLogin,STOP_ACTIVITY_ITEM,90]
12-21 13:37:19.286  3312  3719 I com.miui.home: CheckGCForNative adj_start_bytes: 34504533 NativeAllocationGcWatermark: 10751335 java_gc_start_bytes: 18377531 kNewNativeDiscountFactor: 2 kOldNativeDiscountFactor: 65536 old_native_bytes: 141345067 new_native_bytes: 13823464 add_bytes_allowed: 32254005 is_gc_concurrent: 1 target_footprint_: 18901819 GetBytesAllocated: 10701650 HeapGrowthMultiplier: 3
12-21 13:37:19.286  3312  3719 I com.miui.home: CheckGCForNative gc_urgency 0.510528 current_native_bytes is 155168531
12-21 13:37:19.328 10886 10886 I wm_on_create_called: [0,106803886,com.xunmeng.pinduoduo.ui.activity.HomeActivity,performCreate,175]
12-21 13:37:19.357 10886 10886 I wm_on_start_called: [0,106803886,com.xunmeng.pinduoduo.ui.activity.HomeActivity,handleStartActivity,28]
12-21 13:37:19.366 10886 10886 I wm_on_resume_called: [0,106803886,com.xunmeng.pinduoduo.ui.activity.HomeActivity,RESUME_ACTIVITY,6]
12-21 13:37:19.435 10886 10886 I wm_on_top_resumed_gained_called: [106803886,com.xunmeng.pinduoduo.ui.activity.HomeActivity,topStateChangedWhenResumed]
12-21 13:37:19.979  3312  3312 I wm_on_stop_called: [0,144327058,com.miui.home.launcher.Launcher,STOP_ACTIVITY_ITEM,4]
12-21 13:37:19.998  3312  3312 I wm_on_restart_called: [0,144327058,com.miui.home.launcher.Launcher,,0]
12-21 13:37:19.998  3312  3312 I wm_on_start_called: [0,144327058,com.miui.home.launcher.Launcher,handleStartActivity,1]
12-21 13:37:20.001  3312  3312 I wm_on_resume_called: [0,144327058,com.miui.home.launcher.Launcher,RESUME_ACTIVITY,3]
12-21 13:37:20.032  3312  3312 I com.miui.home: CheckGCForNative adj_start_bytes: 34504533 NativeAllocationGcWatermark: 10751335 java_gc_start_bytes: 18377531 kNewNativeDiscountFactor: 2 kOldNativeDiscountFactor: 65536 old_native_bytes: 141345067 new_native_bytes: 14514112 add_bytes_allowed: 32254005 is_gc_concurrent: 1 target_footprint_: 18901819 GetBytesAllocated: 12342731 HeapGrowthMultiplier: 3
12-21 13:37:20.033  3312  3312 I com.miui.home: CheckGCForNative gc_urgency 0.568098 current_native_bytes is 155859179
12-21 13:37:20.034  3312  3312 I wm_on_idle_called: com.miui.home.launcher.Launcher
12-21 13:37:20.275  3312  3619 I com.miui.home: CheckGCForNative adj_start_bytes: 34504533 NativeAllocationGcWatermark: 10751335 java_gc_start_bytes: 18377531 kNewNativeDiscountFactor: 2 kOldNativeDiscountFactor: 65536 old_native_bytes: 141345067 new_native_bytes: 25228472 add_bytes_allowed: 32254005 is_gc_concurrent: 1 target_footprint_: 18901819 GetBytesAllocated: 12486891 HeapGrowthMultiplier: 3
12-21 13:37:20.276  3312  3619 I com.miui.home: CheckGCForNative gc_urgency 0.727536 current_native_bytes is 166573539
12-21 13:37:20.276  3312  3312 I com.miui.home: CheckGCForNative adj_start_bytes: 34504533 NativeAllocationGcWatermark: 10751335 java_gc_start_bytes: 18377531 kNewNativeDiscountFactor: 2 kOldNativeDiscountFactor: 65536 old_native_bytes: 141345067 new_native_bytes: 35935992 add_bytes_allowed: 32254005 is_gc_concurrent: 1 target_footprint_: 18901819 GetBytesAllocated: 12493135 HeapGrowthMultiplier: 3
12-21 13:37:20.276  3312  3312 I com.miui.home: CheckGCForNative gc_urgency 0.882878 current_native_bytes is 177281059
12-21 13:37:20.277  3312  4028 I com.miui.home: CheckGCForNative adj_start_bytes: 34504533 NativeAllocationGcWatermark: 10751335 java_gc_start_bytes: 18377531 kNewNativeDiscountFactor: 2 kOldNativeDiscountFactor: 65536 old_native_bytes: 141345067 new_native_bytes: 35936376 add_bytes_allowed: 32254005 is_gc_concurrent: 1 target_footprint_: 18901819 GetBytesAllocated: 12493135 HeapGrowthMultiplier: 3
12-21 13:37:20.277  3312  4028 I com.miui.home: CheckGCForNative gc_urgency 0.882883 current_native_bytes is 177281443
12-21 13:37:20.467  3312  3493 I com.miui.home: CheckGCForNative adj_start_bytes: 34504533 NativeAllocationGcWatermark: 10751335 java_gc_start_bytes: 18377531 kNewNativeDiscountFactor: 2 kOldNativeDiscountFactor: 65536 old_native_bytes: 141345067 new_native_bytes: 25312920 add_bytes_allowed: 32254005 is_gc_concurrent: 1 target_footprint_: 18901819 GetBytesAllocated: 12622605 HeapGrowthMultiplier: 3
12-21 13:37:20.467  3312  3493 I com.miui.home: CheckGCForNative gc_urgency 0.732693 current_native_bytes is 166657987
12-21 13:37:20.490  3312  3312 I wm_on_top_resumed_gained_called: [144327058,com.miui.home.launcher.Launcher,topStateChangedWhenResumed]
12-21 13:37:20.683  9633  9633 I wm_on_idle_called: com.eg.android.AlipayGphone.AlipayLogin
12-21 13:37:21.044 10886 10886 I wm_on_destroy_called: [0,86701403,com.xunmeng.pinduoduo.ui.activity.MainFrameActivity,performDestroy,25]
12-21 13:37:21.044 10886 10886 I wm_on_top_resumed_lost_called: [106803886,com.xunmeng.pinduoduo.ui.activity.HomeActivity,topStateChangedWhenResumed]
12-21 13:37:21.220  3312  3312 I wm_on_top_resumed_lost_called: [144327058,com.miui.home.launcher.Launcher,topStateChangedWhenResumed]
12-21 13:37:21.222  3312  3463 I com.miui.home: CheckGCForNative adj_start_bytes: 34504533 NativeAllocationGcWatermark: 10751335 java_gc_start_bytes: 18377531 kNewNativeDiscountFactor: 2 kOldNativeDiscountFactor: 65536 old_native_bytes: 141345067 new_native_bytes: 25466240 add_bytes_allowed: 32254005 is_gc_concurrent: 1 target_footprint_: 18901819 GetBytesAllocated: 12991871 HeapGrowthMultiplier: 3
12-21 13:37:21.222  3312  3463 I com.miui.home: CheckGCForNative gc_urgency 0.745616 current_native_bytes is 166811307
12-21 13:37:21.255  3312  3312 I wm_on_paused_called: [0,144327058,com.miui.home.launcher.Launcher,performPause,1]
12-21 13:37:21.438  3312  3719 I com.miui.home: CheckGCForNative adj_start_bytes: 34504533 NativeAllocationGcWatermark: 10751335 java_gc_start_bytes: 18377531 kNewNativeDiscountFactor: 2 kOldNativeDiscountFactor: 65536 old_native_bytes: 141345067 new_native_bytes: 25580796 add_bytes_allowed: 32254005 is_gc_concurrent: 1 target_footprint_: 18901819 GetBytesAllocated: 13440387 HeapGrowthMultiplier: 3
12-21 13:37:21.438  3312  3719 I com.miui.home: CheckGCForNative gc_urgency 0.760275 current_native_bytes is 166925863
12-21 13:37:21.483 10886 10886 I wm_on_paused_called: [0,106803886,com.xunmeng.pinduoduo.ui.activity.HomeActivity,performPause,41]
12-21 13:37:21.620  3312  3719 I com.miui.home: CheckGCForNative adj_start_bytes: 34504533 NativeAllocationGcWatermark: 10751335 java_gc_start_bytes: 18377531 kNewNativeDiscountFactor: 2 kOldNativeDiscountFactor: 65536 old_native_bytes: 141345067 new_native_bytes: 36534660 add_bytes_allowed: 32254005 is_gc_concurrent: 1 target_footprint_: 18901819 GetBytesAllocated: 13895313 HeapGrowthMultiplier: 3
12-21 13:37:21.620  3312  3719 I com.miui.home: CheckGCForNative gc_urgency 0.932191 current_native_bytes is 177879727
12-21 13:37:21.625  3312  3493 I com.miui.home: CheckGCForNative adj_start_bytes: 34504533 NativeAllocationGcWatermark: 10751335 java_gc_start_bytes: 18377531 kNewNativeDiscountFactor: 2 kOldNativeDiscountFactor: 65536 old_native_bytes: 141345067 new_native_bytes: 25828740 add_bytes_allowed: 32254005 is_gc_concurrent: 1 target_footprint_: 18901819 GetBytesAllocated: 13898201 HeapGrowthMultiplier: 3
12-21 13:37:21.625  3312  3493 I com.miui.home: CheckGCForNative gc_urgency 0.777136 current_native_bytes is 167173807
