12-21 13:47:51.045  3289  3473 I com.miui.home: CheckGCForNative adj_start_bytes: 33324647 NativeAllocationGcWatermark: 10588476 java_gc_start_bytes: 17441933 kNewNativeDiscountFactor: 2 kOldNativeDiscountFactor: 65536 old_native_bytes: 139076511 new_native_bytes: 23951104 add_bytes_allowed: 31765428 is_gc_concurrent: 1 target_footprint_: 17598945 GetBytesAllocated: 14371230 HeapGrowthMultiplier: 3
12-21 13:47:51.046  3289  3473 I com.miui.home: CheckGCForNative gc_urgency 0.790673 current_native_bytes is 163027615
12-21 13:47:51.342  3289  9623 I com.miui.home: CheckGCForNative adj_start_bytes: 33324647 NativeAllocationGcWatermark: 10588476 java_gc_start_bytes: 17441933 kNewNativeDiscountFactor: 2 kOldNativeDiscountFactor: 65536 old_native_bytes: 139076511 new_native_bytes: 34584864 add_bytes_allowed: 31765428 is_gc_concurrent: 1 target_footprint_: 17598945 GetBytesAllocated: 14501752 HeapGrowthMultiplier: 3
12-21 13:47:51.342  3289  9623 I com.miui.home: CheckGCForNative gc_urgency 0.954138 current_native_bytes is 173661375
12-21 13:47:51.343  3289  3289 I com.miui.home: CheckGCForNative adj_start_bytes: 33324647 NativeAllocationGcWatermark: 10588476 java_gc_start_bytes: 17441933 kNewNativeDiscountFactor: 2 kOldNativeDiscountFactor: 65536 old_native_bytes: 139076511 new_native_bytes: 45292064 add_bytes_allowed: 31765428 is_gc_concurrent: 1 target_footprint_: 17598945 GetBytesAllocated: 14501960 HeapGrowthMultiplier: 3
12-21 13:47:51.343  3289  3289 I com.miui.home: CheckGCForNative gc_urgency 1.11479 current_native_bytes is 184368575
12-21 13:47:51.343  3289  3289 I com.miui.home: CheckGCForNative requested 1
12-21 13:47:51.345  3289  3472 I com.miui.home: CheckGCForNative adj_start_bytes: 33324647 NativeAllocationGcWatermark: 10588476 java_gc_start_bytes: 17441933 kNewNativeDiscountFactor: 2 kOldNativeDiscountFactor: 65536 old_native_bytes: 139076511 new_native_bytes: 45293088 add_bytes_allowed: 31765428 is_gc_concurrent: 1 target_footprint_: 17598945 GetBytesAllocated: 14501960 HeapGrowthMultiplier: 3
12-21 13:47:51.345  3289  3472 I com.miui.home: CheckGCForNative gc_urgency 1.11481 current_native_bytes is 184369599
12-21 13:47:51.345  3289  3472 I com.miui.home: CheckGCForNative requested 1
12-21 13:47:51.399  7998  7998 I wm_on_paused_called: [0,74629179,com.tencent.mm.plugin.account.ui.WelcomeActivity,performPause,24]
12-21 13:47:51.459  7998  7998 I wm_on_stop_called: [0,74629179,com.tencent.mm.plugin.account.ui.WelcomeActivity,STOP_ACTIVITY_ITEM,32]
12-21 13:47:51.550  7998  7998 I wm_on_idle_called: com.tencent.mm.ui.LauncherUI
12-21 13:47:51.551  7998  7998 I wm_on_idle_called: com.tencent.mm.plugin.account.ui.WelcomeActivity
12-21 13:47:51.581  3289  3463 I com.miui.home: CheckGCForNative adj_start_bytes: 33324647 NativeAllocationGcWatermark: 10588476 java_gc_start_bytes: 17441933 kNewNativeDiscountFactor: 2 kOldNativeDiscountFactor: 65536 old_native_bytes: 139076511 new_native_bytes: 34580896 add_bytes_allowed: 31765428 is_gc_concurrent: 1 target_footprint_: 17598945 GetBytesAllocated: 14803677 HeapGrowthMultiplier: 3
12-21 13:47:51.581  3289  3463 I com.miui.home: CheckGCForNative gc_urgency 0.96363 current_native_bytes is 173657407
12-21 13:47:51.590  3289  3326 I com.miui.home: NativeAlloc concurrent copying GC freed 114261(5286KB) AllocSpace objects, 14(392KB) LOS objects, 49% free, 8810KB/17MB, paused 79us,26us total 246.772ms
12-21 13:47:51.645  3289  3289 I wm_on_top_resumed_lost_called: [161328757,com.miui.home.launcher.Launcher,topStateChangedWhenResumed]
12-21 13:47:51.646  3289  3289 I wm_on_paused_called: [0,161328757,com.miui.home.launcher.Launcher,performPause,0]
12-21 13:47:51.723  3289  3711 I com.miui.home: CheckGCForNative gc_urgency 0 current_native_bytes is 139813387
12-21 13:47:51.872  3289  3711 I com.miui.home: CheckGCForNative adj_start_bytes: 33675398 NativeAllocationGcWatermark: 10644078 java_gc_start_bytes: 17709281 kNewNativeDiscountFactor: 2 kOldNativeDiscountFactor: 65536 old_native_bytes: 139813387 new_native_bytes: 10773832 add_bytes_allowed: 31932234 is_gc_concurrent: 1 target_footprint_: 18043766 GetBytesAllocated: 10051284 HeapGrowthMultiplier: 3
12-21 13:47:51.872  3289  3711 I com.miui.home: CheckGCForNative gc_urgency 0.458505 current_native_bytes is 150587219
12-21 13:47:52.003  3289  3473 I com.miui.home: CheckGCForNative adj_start_bytes: 33675398 NativeAllocationGcWatermark: 10644078 java_gc_start_bytes: 17709281 kNewNativeDiscountFactor: 2 kOldNativeDiscountFactor: 65536 old_native_bytes: 139813387 new_native_bytes: 44528 add_bytes_allowed: 31932234 is_gc_concurrent: 1 target_footprint_: 18043766 GetBytesAllocated: 10137781 HeapGrowthMultiplier: 3
12-21 13:47:52.003  3289  3473 I com.miui.home: CheckGCForNative gc_urgency 0.301769 current_native_bytes is 139857915
12-21 13:47:52.282  3289  3473 I com.miui.home: CheckGCForNative adj_start_bytes: 33675398 NativeAllocationGcWatermark: 10644078 java_gc_start_bytes: 17709281 kNewNativeDiscountFactor: 2 kOldNativeDiscountFactor: 65536 old_native_bytes: 139813387 new_native_bytes: 496004 add_bytes_allowed: 31932234 is_gc_concurrent: 1 target_footprint_: 18043766 GetBytesAllocated: 10763778 HeapGrowthMultiplier: 3
12-21 13:47:52.282  3289  3473 I com.miui.home: CheckGCForNative gc_urgency 0.327061 current_native_bytes is 140309391
12-21 13:47:52.455 13739 13739 I wm_on_application_create_called: [0,com.sina.weibo,285]
12-21 13:47:52.570 13739 13739 I wm_on_create_called: [0,116956168,com.sina.weibo.SplashActivity,performCreate,78]
12-21 13:47:52.642 13739 13739 I wm_on_start_called: [0,116956168,com.sina.weibo.SplashActivity,handleStartActivity,71]
12-21 13:47:52.653 13739 13739 I wm_on_resume_called: [0,116956168,com.sina.weibo.SplashActivity,RESUME_ACTIVITY,8]
12-21 13:47:52.696 13739 13739 I wm_on_top_resumed_gained_called: [116956168,com.sina.weibo.SplashActivity,topStateChangedWhenResumed]
12-21 13:47:53.010  3289  3289 I wm_on_stop_called: [0,161328757,com.miui.home.launcher.Launcher,STOP_ACTIVITY_ITEM,7]
12-21 13:47:53.186 13739 13739 I wm_on_idle_called: com.sina.weibo.SplashActivity
12-21 13:47:53.199 13870 13870 I wm_on_application_create_called: [0,com.sina.weibo,458]
12-21 13:47:54.432 13739 13739 I wm_on_top_resumed_lost_called: [116956168,com.sina.weibo.SplashActivity,topStateChangedWhenResumed]
12-21 13:47:54.436  3289  3289 I wm_on_restart_called: [0,161328757,com.miui.home.launcher.Launcher,,0]
12-21 13:47:54.436  3289  3289 I wm_on_start_called: [0,161328757,com.miui.home.launcher.Launcher,handleStartActivity,1]
12-21 13:47:54.446  3289  3289 I wm_on_resume_called: [0,161328757,com.miui.home.launcher.Launcher,RESUME_ACTIVITY,10]
12-21 13:47:54.477  3289  3289 I com.miui.home: CheckGCForNative adj_start_bytes: 33675398 NativeAllocationGcWatermark: 10644078 java_gc_start_bytes: 17709281 kNewNativeDiscountFactor: 2 kOldNativeDiscountFactor: 65536 old_native_bytes: 139813387 new_native_bytes: 351608 add_bytes_allowed: 31932234 is_gc_concurrent: 1 target_footprint_: 18043766 GetBytesAllocated: 11796739 HeapGrowthMultiplier: 3
12-21 13:47:54.477  3289  3289 I com.miui.home: CheckGCForNative gc_urgency 0.355591 current_native_bytes is 140164995
12-21 13:47:54.485  3289  3289 I wm_on_top_resumed_gained_called: [161328757,com.miui.home.launcher.Launcher,topStateChangedWhenResumed]
12-21 13:47:54.486  3289  3289 I wm_on_idle_called: com.miui.home.launcher.Launcher
12-21 13:47:54.584  3289  3344 I com.miui.home: CheckGCForNative adj_start_bytes: 33675398 NativeAllocationGcWatermark: 10644078 java_gc_start_bytes: 17709281 kNewNativeDiscountFactor: 2 kOldNativeDiscountFactor: 65536 old_native_bytes: 139813387 new_native_bytes: 11316500 add_bytes_allowed: 31932234 is_gc_concurrent: 1 target_footprint_: 18043766 GetBytesAllocated: 12429358 HeapGrowthMultiplier: 3
12-21 13:47:54.584  3289  3344 I com.miui.home: CheckGCForNative gc_urgency 0.53718 current_native_bytes is 151129887
12-21 13:47:54.584  3289  3289 I com.miui.home: CheckGCForNative adj_start_bytes: 33675398 NativeAllocationGcWatermark: 10644078 java_gc_start_bytes: 17709281 kNewNativeDiscountFactor: 2 kOldNativeDiscountFactor: 65536 old_native_bytes: 139813387 new_native_bytes: 22023764 add_bytes_allowed: 31932234 is_gc_concurrent: 1 target_footprint_: 18043766 GetBytesAllocated: 12436955 HeapGrowthMultiplier: 3
12-21 13:47:54.584  3289  3289 I com.miui.home: CheckGCForNative gc_urgency 0.696383 current_native_bytes is 161837151
12-21 13:47:54.585  3289  9623 I com.miui.home: CheckGCForNative adj_start_bytes: 33675398 NativeAllocationGcWatermark: 10644078 java_gc_start_bytes: 17709281 kNewNativeDiscountFactor: 2 kOldNativeDiscountFactor: 65536 old_native_bytes: 139813387 new_native_bytes: 22011412 add_bytes_allowed: 31932234 is_gc_concurrent: 1 target_footprint_: 18043766 GetBytesAllocated: 12436955 HeapGrowthMultiplier: 3
12-21 13:47:54.585  3289  9623 I com.miui.home: CheckGCForNative gc_urgency 0.696199 current_native_bytes is 161824799
12-21 13:47:54.754  3289  3473 I com.miui.home: CheckGCForNative adj_start_bytes: 33675398 NativeAllocationGcWatermark: 10644078 java_gc_start_bytes: 17709281 kNewNativeDiscountFactor: 2 kOldNativeDiscountFactor: 65536 old_native_bytes: 139813387 new_native_bytes: 11363444 add_bytes_allowed: 31932234 is_gc_concurrent: 1 target_footprint_: 18043766 GetBytesAllocated: 12516367 HeapGrowthMultiplier: 3
12-21 13:47:54.754  3289  3473 I com.miui.home: CheckGCForNative gc_urgency 0.54046 current_native_bytes is 151176831
12-21 13:47:55.060  3289  3565 I com.miui.home: CheckGCForNative adj_start_bytes: 33675398 NativeAllocationGcWatermark: 10644078 java_gc_start_bytes: 17709281 kNewNativeDiscountFactor: 2 kOldNativeDiscountFactor: 65536 old_native_bytes: 139813387 new_native_bytes: 22046996 add_bytes_allowed: 31932234 is_gc_concurrent: 1 target_footprint_: 18043766 GetBytesAllocated: 12655048 HeapGrowthMultiplier: 3
12-21 13:47:55.060  3289  3565 I com.miui.home: CheckGCForNative gc_urgency 0.703204 current_native_bytes is 161860383
12-21 13:47:55.061  3289  3289 I com.miui.home: CheckGCForNative adj_start_bytes: 33675398 NativeAllocationGcWatermark: 10644078 java_gc_start_bytes: 17709281 kNewNativeDiscountFactor: 2 kOldNativeDiscountFactor: 65536 old_native_bytes: 139813387 new_native_bytes: 43460500 add_bytes_allowed: 31932234 is_gc_concurrent: 1 target_footprint_: 18043766 GetBytesAllocated: 12666506 HeapGrowthMultiplier: 3
12-21 13:47:55.061  3289  3289 I com.miui.home: CheckGCForNative gc_urgency 1.02148 current_native_bytes is 183273887
12-21 13:47:55.061  3289  3289 I com.miui.home: CheckGCForNative requested 1
12-21 13:47:55.065  3289  3472 I com.miui.home: CheckGCForNative adj_start_bytes: 33675398 NativeAllocationGcWatermark: 10644078 java_gc_start_bytes: 17709281 kNewNativeDiscountFactor: 2 kOldNativeDiscountFactor: 65536 old_native_bytes: 139813387 new_native_bytes: 32753300 add_bytes_allowed: 31932234 is_gc_concurrent: 1 target_footprint_: 18043766 GetBytesAllocated: 12666506 HeapGrowthMultiplier: 3
12-21 13:47:55.065  3289  3472 I com.miui.home: CheckGCForNative gc_urgency 0.862508 current_native_bytes is 172566687
12-21 13:47:55.068 13739 13739 I wm_on_paused_called: [0,116956168,com.sina.weibo.SplashActivity,performPause,1]
12-21 13:47:55.195 13739 13739 I wm_on_stop_called: [0,116956168,com.sina.weibo.SplashActivity,STOP_ACTIVITY_ITEM,20]
12-21 13:47:55.280  3289  3711 I com.miui.home: CheckGCForNative gc_urgency 0 current_native_bytes is 140064055
12-21 13:47:55.281  3289  3711 I com.miui.home: CheckGCForNative adj_start_bytes: 33527763 NativeAllocationGcWatermark: 10608197 java_gc_start_bytes: 17615468 kNewNativeDiscountFactor: 2 kOldNativeDiscountFactor: 65536 old_native_bytes: 140064055 new_native_bytes: 41824 add_bytes_allowed: 31824591 is_gc_concurrent: 1 target_footprint_: 17756714 GetBytesAllocated: 9350287 HeapGrowthMultiplier: 3
12-21 13:47:55.281  3289  3711 I com.miui.home: CheckGCForNative gc_urgency 0.279569 current_native_bytes is 140105879
12-21 13:47:55.295  3289  3711 I com.miui.home: CheckGCForNative adj_start_bytes: 33527763 NativeAllocationGcWatermark: 10608197 java_gc_start_bytes: 17615468 kNewNativeDiscountFactor: 2 kOldNativeDiscountFactor: 65536 old_native_bytes: 140064055 new_native_bytes: 10839924 add_bytes_allowed: 31824591 is_gc_concurrent: 1 target_footprint_: 17756714 GetBytesAllocated: 9549090 HeapGrowthMultiplier: 3
12-21 13:47:55.295  3289  3711 I com.miui.home: CheckGCForNative gc_urgency 0.446531 current_native_bytes is 150903979
12-21 13:47:55.586  3289  3289 I wm_on_top_resumed_lost_called: [161328757,com.miui.home.launcher.Launcher,topStateChangedWhenResumed]
12-21 13:47:55.589  3289  3289 I wm_on_paused_called: [0,161328757,com.miui.home.launcher.Launcher,performPause,0]
12-21 13:47:55.773  3289  3711 I com.miui.home: CheckGCForNative adj_start_bytes: 33527763 NativeAllocationGcWatermark: 10608197 java_gc_start_bytes: 17615468 kNewNativeDiscountFactor: 2 kOldNativeDiscountFactor: 65536 old_native_bytes: 140064055 new_native_bytes: 616388 add_bytes_allowed: 31824591 is_gc_concurrent: 1 target_footprint_: 17756714 GetBytesAllocated: 11186739 HeapGrowthMultiplier: 3
12-21 13:47:55.773  3289  3711 I com.miui.home: CheckGCForNative gc_urgency 0.342912 current_native_bytes is 140680443
12-21 13:47:55.990  3289  3473 I com.miui.home: CheckGCForNative adj_start_bytes: 33527763 NativeAllocationGcWatermark: 10608197 java_gc_start_bytes: 17615468 kNewNativeDiscountFactor: 2 kOldNativeDiscountFactor: 65536 old_native_bytes: 140064055 new_native_bytes: 1011864 add_bytes_allowed: 31824591 is_gc_concurrent: 1 target_footprint_: 17756714 GetBytesAllocated: 12021607 HeapGrowthMultiplier: 3
12-21 13:47:55.990  3289  3473 I com.miui.home: CheckGCForNative gc_urgency 0.37371 current_native_bytes is 141075919
12-21 13:47:56.146  3289  3473 I com.miui.home: CheckGCForNative adj_start_bytes: 33527763 NativeAllocationGcWatermark: 10608197 java_gc_start_bytes: 17615468 kNewNativeDiscountFactor: 2 kOldNativeDiscountFactor: 65536 old_native_bytes: 140064055 new_native_bytes: 1011288 add_bytes_allowed: 31824591 is_gc_concurrent: 1 target_footprint_: 17756714 GetBytesAllocated: 12068604 HeapGrowthMultiplier: 3
12-21 13:47:56.146  3289  3473 I com.miui.home: CheckGCForNative gc_urgency 0.375104 current_native_bytes is 141075343
12-21 13:47:56.317 14154 14154 I wm_on_application_create_called: [0,com.UCMobile,205]
12-21 13:47:56.492 14154 14154 I wm_on_create_called: [0,139125240,com.UCMobile.main.UCMobile,performCreate,147]
12-21 13:47:56.610 14154 14154 I wm_on_create_called: [0,10783616,com.uc.browser.InnerUCMobile,performCreate,42]
12-21 13:47:56.658 14154 14154 I wm_on_start_called: [0,10783616,com.uc.browser.InnerUCMobile,handleStartActivity,46]
12-21 13:47:56.676 14154 14154 I wm_on_resume_called: [0,10783616,com.uc.browser.InnerUCMobile,RESUME_ACTIVITY,13]
12-21 13:47:56.735 14154 14154 I wm_on_top_resumed_gained_called: [10783616,com.uc.browser.InnerUCMobile,topStateChangedWhenResumed]
12-21 13:47:56.752  3289  3711 I com.miui.home: CheckGCForNative adj_start_bytes: 33527763 NativeAllocationGcWatermark: 10608197 java_gc_start_bytes: 17615468 kNewNativeDiscountFactor: 2 kOldNativeDiscountFactor: 65536 old_native_bytes: 140064055 new_native_bytes: 1015060 add_bytes_allowed: 31824591 is_gc_concurrent: 1 target_footprint_: 17756714 GetBytesAllocated: 13062222 HeapGrowthMultiplier: 3
12-21 13:47:56.752  3289  3711 I com.miui.home: CheckGCForNative gc_urgency 0.404796 current_native_bytes is 141079115
12-21 13:47:57.081  3289  3289 I wm_on_stop_called: [0,161328757,com.miui.home.launcher.Launcher,STOP_ACTIVITY_ITEM,11]
12-21 13:47:57.246  3289  3289 I wm_on_restart_called: [0,161328757,com.miui.home.launcher.Launcher,,0]
12-21 13:47:57.247  3289  3289 I wm_on_start_called: [0,161328757,com.miui.home.launcher.Launcher,handleStartActivity,0]
12-21 13:47:57.250  3289  3289 I wm_on_resume_called: [0,161328757,com.miui.home.launcher.Launcher,RESUME_ACTIVITY,3]
12-21 13:47:57.316  3289  3289 I wm_on_idle_called: com.miui.home.launcher.Launcher
12-21 13:47:57.498  3289  7814 I com.miui.home: CheckGCForNative adj_start_bytes: 33527763 NativeAllocationGcWatermark: 10608197 java_gc_start_bytes: 17615468 kNewNativeDiscountFactor: 2 kOldNativeDiscountFactor: 65536 old_native_bytes: 140064055 new_native_bytes: 12173932 add_bytes_allowed: 31824591 is_gc_concurrent: 1 target_footprint_: 17756714 GetBytesAllocated: 14379596 HeapGrowthMultiplier: 3
12-21 13:47:57.499  3289  7814 I com.miui.home: CheckGCForNative gc_urgency 0.6105 current_native_bytes is 152237987
12-21 13:47:57.499  3289  7814 I com.miui.home: CheckGCForNative adj_start_bytes: 33527763 NativeAllocationGcWatermark: 10608197 java_gc_start_bytes: 17615468 kNewNativeDiscountFactor: 2 kOldNativeDiscountFactor: 65536 old_native_bytes: 140064055 new_native_bytes: 22880876 add_bytes_allowed: 31824591 is_gc_concurrent: 1 target_footprint_: 17756714 GetBytesAllocated: 14382996 HeapGrowthMultiplier: 3
12-21 13:47:57.499  3289  7814 I com.miui.home: CheckGCForNative gc_urgency 0.770274 current_native_bytes is 162944931
12-21 13:47:57.503  3289  7814 I com.miui.home: CheckGCForNative adj_start_bytes: 33527763 NativeAllocationGcWatermark: 10608197 java_gc_start_bytes: 17615468 kNewNativeDiscountFactor: 2 kOldNativeDiscountFactor: 65536 old_native_bytes: 140064055 new_native_bytes: 22881324 add_bytes_allowed: 31824591 is_gc_concurrent: 1 target_footprint_: 17756714 GetBytesAllocated: 14401711 HeapGrowthMultiplier: 3
12-21 13:47:57.503  3289  7814 I com.miui.home: CheckGCForNative gc_urgency 0.770839 current_native_bytes is 162945379
12-21 13:47:57.507 14154 14154 I wm_on_destroy_called: [0,139125240,com.UCMobile.main.UCMobile,performDestroy,1]
12-21 13:47:57.649 14154 14154 I wm_on_top_resumed_lost_called: [10783616,com.uc.browser.InnerUCMobile,topStateChangedWhenResumed]
12-21 13:47:57.650  3289  3473 I com.miui.home: CheckGCForNative adj_start_bytes: 33527763 NativeAllocationGcWatermark: 10608197 java_gc_start_bytes: 17615468 kNewNativeDiscountFactor: 2 kOldNativeDiscountFactor: 65536 old_native_bytes: 140064055 new_native_bytes: 12373660 add_bytes_allowed: 31824591 is_gc_concurrent: 1 target_footprint_: 17756714 GetBytesAllocated: 15079226 HeapGrowthMultiplier: 3
12-21 13:47:57.650  3289  3473 I com.miui.home: CheckGCForNative gc_urgency 0.634346 current_native_bytes is 152437715
12-21 13:47:57.667  3289  3289 I wm_on_top_resumed_gained_called: [161328757,com.miui.home.launcher.Launcher,topStateChangedWhenResumed]
12-21 13:47:57.839  3289  3473 I com.miui.home: CheckGCForNative adj_start_bytes: 33527763 NativeAllocationGcWatermark: 10608197 java_gc_start_bytes: 17615468 kNewNativeDiscountFactor: 2 kOldNativeDiscountFactor: 65536 old_native_bytes: 140064055 new_native_bytes: 12391132 add_bytes_allowed: 31824591 is_gc_concurrent: 1 target_footprint_: 17756714 GetBytesAllocated: 15139390 HeapGrowthMultiplier: 3
12-21 13:47:57.840  3289  3473 I com.miui.home: CheckGCForNative gc_urgency 0.636401 current_native_bytes is 152455187
12-21 13:47:58.043  3289 14513 I com.miui.home: CheckGCForNative adj_start_bytes: 33527763 NativeAllocationGcWatermark: 10608197 java_gc_start_bytes: 17615468 kNewNativeDiscountFactor: 2 kOldNativeDiscountFactor: 65536 old_native_bytes: 140064055 new_native_bytes: 12467788 add_bytes_allowed: 31824591 is_gc_concurrent: 1 target_footprint_: 17756714 GetBytesAllocated: 15323188 HeapGrowthMultiplier: 3
12-21 13:47:58.043  3289 14513 I com.miui.home: CheckGCForNative gc_urgency 0.643026 current_native_bytes is 152531843
12-21 13:47:58.259 13739 13739 I wm_on_destroy_called: [0,116956168,com.sina.weibo.SplashActivity,performDestroy,56]
12-21 13:47:58.323  3289  3289 I wm_on_top_resumed_lost_called: [161328757,com.miui.home.launcher.Launcher,topStateChangedWhenResumed]
12-21 13:47:58.494  3289  3289 I wm_on_paused_called: [0,161328757,com.miui.home.launcher.Launcher,performPause,1]
12-21 13:47:58.552  3289  3473 I com.miui.home: CheckGCForNative adj_start_bytes: 33527763 NativeAllocationGcWatermark: 10608197 java_gc_start_bytes: 17615468 kNewNativeDiscountFactor: 2 kOldNativeDiscountFactor: 65536 old_native_bytes: 140064055 new_native_bytes: 13071484 add_bytes_allowed: 31824591 is_gc_concurrent: 1 target_footprint_: 17756714 GetBytesAllocated: 16111919 HeapGrowthMultiplier: 3
12-21 13:47:58.552  3289  3473 I com.miui.home: CheckGCForNative gc_urgency 0.675554 current_native_bytes is 153135539
12-21 13:47:58.597  3289  3473 I com.miui.home: CheckGCForNative adj_start_bytes: 33527763 NativeAllocationGcWatermark: 10608197 java_gc_start_bytes: 17615468 kNewNativeDiscountFactor: 2 kOldNativeDiscountFactor: 65536 old_native_bytes: 140064055 new_native_bytes: 13264252 add_bytes_allowed: 31824591 is_gc_concurrent: 1 target_footprint_: 17756714 GetBytesAllocated: 16184766 HeapGrowthMultiplier: 3
12-21 13:47:58.597  3289  3473 I com.miui.home: CheckGCForNative gc_urgency 0.680601 current_native_bytes is 153328307
12-21 13:47:58.682  3289  3711 I com.miui.home: CheckGCForNative adj_start_bytes: 33527763 NativeAllocationGcWatermark: 10608197 java_gc_start_bytes: 17615468 kNewNativeDiscountFactor: 2 kOldNativeDiscountFactor: 65536 old_native_bytes: 140064055 new_native_bytes: 24260584 add_bytes_allowed: 31824591 is_gc_concurrent: 1 target_footprint_: 17756714 GetBytesAllocated: 16606616 HeapGrowthMultiplier: 3
12-21 13:47:58.682  3289  3711 I com.miui.home: CheckGCForNative gc_urgency 0.857172 current_native_bytes is 164324639
12-21 13:47:58.808  3289  3473 I com.miui.home: CheckGCForNative adj_start_bytes: 33527763 NativeAllocationGcWatermark: 10608197 java_gc_start_bytes: 17615468 kNewNativeDiscountFactor: 2 kOldNativeDiscountFactor: 65536 old_native_bytes: 140064055 new_native_bytes: 13563752 add_bytes_allowed: 31824591 is_gc_concurrent: 1 target_footprint_: 17756714 GetBytesAllocated: 16800186 HeapGrowthMultiplier: 3
12-21 13:47:58.808  3289  3473 I com.miui.home: CheckGCForNative gc_urgency 0.703423 current_native_bytes is 153627807
12-21 13:47:59.631 14560 14560 I wm_on_create_called: [0,243170936,com.tencent.mtt.SplashActivity,performCreate,135]
12-21 13:47:59.735 14560 14560 I wm_on_create_called: [0,178274036,com.tencent.mtt.MainActivity,performCreate,26]
12-21 13:47:59.743 14560 14560 I wm_on_start_called: [0,178274036,com.tencent.mtt.MainActivity,handleStartActivity,7]
12-21 13:47:59.868  3289  3711 I com.miui.home: CheckGCForNative adj_start_bytes: 33527763 NativeAllocationGcWatermark: 10608197 java_gc_start_bytes: 17615468 kNewNativeDiscountFactor: 2 kOldNativeDiscountFactor: 65536 old_native_bytes: 140064055 new_native_bytes: 13484124 add_bytes_allowed: 31824591 is_gc_concurrent: 1 target_footprint_: 17756714 GetBytesAllocated: 17829232 HeapGrowthMultiplier: 3
12-21 13:47:59.868  3289  3711 I com.miui.home: CheckGCForNative gc_urgency 0.732928 current_native_bytes is 153548179
12-21 13:48:00.048  3289  3289 I wm_on_resume_called: [0,161328757,com.miui.home.launcher.Launcher,RESUME_ACTIVITY,5]
12-21 13:48:00.091  3289  3289 I com.miui.home: CheckGCForNative gc_urgency 0 current_native_bytes is 151168651
12-21 13:48:00.124  3289  3289 I wm_on_idle_called: com.miui.home.launcher.Launcher
12-21 13:48:00.330  3289  3370 I com.miui.home: CheckGCForNative adj_start_bytes: 33265133 NativeAllocationGcWatermark: 10608197 java_gc_start_bytes: 17352838 kNewNativeDiscountFactor: 2 kOldNativeDiscountFactor: 65536 old_native_bytes: 151168651 new_native_bytes: 10786352 add_bytes_allowed: 31824591 is_gc_concurrent: 1 target_footprint_: 17756714 GetBytesAllocated: 11808650 HeapGrowthMultiplier: 3
12-21 13:48:00.330  3289  3370 I com.miui.home: CheckGCForNative gc_urgency 0.517182 current_native_bytes is 161955003
12-21 13:48:00.331  3289  3370 I com.miui.home: CheckGCForNative adj_start_bytes: 33265133 NativeAllocationGcWatermark: 10608197 java_gc_start_bytes: 17352838 kNewNativeDiscountFactor: 2 kOldNativeDiscountFactor: 65536 old_native_bytes: 151168651 new_native_bytes: 21493296 add_bytes_allowed: 31824591 is_gc_concurrent: 1 target_footprint_: 17756714 GetBytesAllocated: 11808842 HeapGrowthMultiplier: 3
12-21 13:48:00.331  3289  3370 I com.miui.home: CheckGCForNative gc_urgency 0.678121 current_native_bytes is 172661947
12-21 13:48:00.336  3289  8328 I com.miui.home: CheckGCForNative adj_start_bytes: 33265133 NativeAllocationGcWatermark: 10608197 java_gc_start_bytes: 17352838 kNewNativeDiscountFactor: 2 kOldNativeDiscountFactor: 65536 old_native_bytes: 151168651 new_native_bytes: 10779376 add_bytes_allowed: 31824591 is_gc_concurrent: 1 target_footprint_: 17756714 GetBytesAllocated: 11854893 HeapGrowthMultiplier: 3
12-21 13:48:00.336  3289  8328 I com.miui.home: CheckGCForNative gc_urgency 0.518467 current_native_bytes is 161948027
12-21 13:48:00.444 14560 14560 I wm_on_resume_called: [0,178274036,com.tencent.mtt.MainActivity,RESUME_ACTIVITY,698]
12-21 13:48:00.466 14560 14560 I wm_on_top_resumed_gained_called: [178274036,com.tencent.mtt.MainActivity,topStateChangedWhenResumed]
12-21 13:48:00.468  3289  3473 I com.miui.home: CheckGCForNative adj_start_bytes: 33265133 NativeAllocationGcWatermark: 10608197 java_gc_start_bytes: 17352838 kNewNativeDiscountFactor: 2 kOldNativeDiscountFactor: 65536 old_native_bytes: 151168651 new_native_bytes: 10827104 add_bytes_allowed: 31824591 is_gc_concurrent: 1 target_footprint_: 17756714 GetBytesAllocated: 11922112 HeapGrowthMultiplier: 3
12-21 13:48:00.468  3289  3473 I com.miui.home: CheckGCForNative gc_urgency 0.521205 current_native_bytes is 161995755
12-21 13:48:00.528  3289  3370 I com.miui.home: CheckGCForNative adj_start_bytes: 33265133 NativeAllocationGcWatermark: 10608197 java_gc_start_bytes: 17352838 kNewNativeDiscountFactor: 2 kOldNativeDiscountFactor: 65536 old_native_bytes: 151168651 new_native_bytes: 21539872 add_bytes_allowed: 31824591 is_gc_concurrent: 1 target_footprint_: 17756714 GetBytesAllocated: 11953762 HeapGrowthMultiplier: 3
12-21 13:48:00.528  3289  3370 I com.miui.home: CheckGCForNative gc_urgency 0.683178 current_native_bytes is 172708523
12-21 13:48:00.536  3289  3289 I wm_on_top_resumed_gained_called: [161328757,com.miui.home.launcher.Launcher,topStateChangedWhenResumed]
12-21 13:48:00.568  3289  3473 I com.miui.home: CheckGCForNative adj_start_bytes: 33265133 NativeAllocationGcWatermark: 10608197 java_gc_start_bytes: 17352838 kNewNativeDiscountFactor: 2 kOldNativeDiscountFactor: 65536 old_native_bytes: 151168651 new_native_bytes: 10764704 add_bytes_allowed: 31824591 is_gc_concurrent: 1 target_footprint_: 17756714 GetBytesAllocated: 11970338 HeapGrowthMultiplier: 3
12-21 13:48:00.568  3289  3473 I com.miui.home: CheckGCForNative gc_urgency 0.521717 current_native_bytes is 161933355
12-21 13:48:00.744 14154 14154 I wm_on_paused_called: [0,10783616,com.uc.browser.InnerUCMobile,performPause,1098]
12-21 13:48:00.834  3289  3472 I com.miui.home: CheckGCForNative adj_start_bytes: 33265133 NativeAllocationGcWatermark: 10608197 java_gc_start_bytes: 17352838 kNewNativeDiscountFactor: 2 kOldNativeDiscountFactor: 65536 old_native_bytes: 151168651 new_native_bytes: 21393376 add_bytes_allowed: 31824591 is_gc_concurrent: 1 target_footprint_: 17756714 GetBytesAllocated: 12093165 HeapGrowthMultiplier: 3
12-21 13:48:00.834  3289  3472 I com.miui.home: CheckGCForNative gc_urgency 0.685167 current_native_bytes is 172562027
12-21 13:48:00.835  3289  3472 I com.miui.home: CheckGCForNative adj_start_bytes: 33265133 NativeAllocationGcWatermark: 10608197 java_gc_start_bytes: 17352838 kNewNativeDiscountFactor: 2 kOldNativeDiscountFactor: 65536 old_native_bytes: 151168651 new_native_bytes: 32100320 add_bytes_allowed: 31824591 is_gc_concurrent: 1 target_footprint_: 17756714 GetBytesAllocated: 12107280 HeapGrowthMultiplier: 3
12-21 13:48:00.835  3289  3472 I com.miui.home: CheckGCForNative gc_urgency 0.846524 current_native_bytes is 183268971
12-21 13:48:00.836  3289  3370 I com.miui.home: CheckGCForNative adj_start_bytes: 33265133 NativeAllocationGcWatermark: 10608197 java_gc_start_bytes: 17352838 kNewNativeDiscountFactor: 2 kOldNativeDiscountFactor: 65536 old_native_bytes: 151168651 new_native_bytes: 32101376 add_bytes_allowed: 31824591 is_gc_concurrent: 1 target_footprint_: 17756714 GetBytesAllocated: 12107280 HeapGrowthMultiplier: 3
12-21 13:48:00.836  3289  3370 I com.miui.home: CheckGCForNative gc_urgency 0.84654 current_native_bytes is 183270027
12-21 13:48:01.091  3289  3289 I wm_on_top_resumed_lost_called: [161328757,com.miui.home.launcher.Launcher,topStateChangedWhenResumed]
12-21 13:48:01.134  3289  3463 I com.miui.home: CheckGCForNative adj_start_bytes: 33265133 NativeAllocationGcWatermark: 10608197 java_gc_start_bytes: 17352838 kNewNativeDiscountFactor: 2 kOldNativeDiscountFactor: 65536 old_native_bytes: 151168651 new_native_bytes: 21510648 add_bytes_allowed: 31824591 is_gc_concurrent: 1 target_footprint_: 17756714 GetBytesAllocated: 12425212 HeapGrowthMultiplier: 3
12-21 13:48:01.134  3289  3463 I com.miui.home: CheckGCForNative gc_urgency 0.696911 current_native_bytes is 172679299
12-21 13:48:01.169 14560 14560 I wm_on_top_resumed_lost_called: [178274036,com.tencent.mtt.MainActivity,topStateChangedWhenResumed]
12-21 13:48:01.320  3289  3711 I com.miui.home: CheckGCForNative adj_start_bytes: 33265133 NativeAllocationGcWatermark: 10608197 java_gc_start_bytes: 17352838 kNewNativeDiscountFactor: 2 kOldNativeDiscountFactor: 65536 old_native_bytes: 151168651 new_native_bytes: 32282976 add_bytes_allowed: 31824591 is_gc_concurrent: 1 target_footprint_: 17756714 GetBytesAllocated: 13141088 HeapGrowthMultiplier: 3
12-21 13:48:01.320  3289  3711 I com.miui.home: CheckGCForNative gc_urgency 0.880348 current_native_bytes is 183451627
12-21 13:48:01.344  3289  7814 I com.miui.home: CheckGCForNative adj_start_bytes: 33265133 NativeAllocationGcWatermark: 10608197 java_gc_start_bytes: 17352838 kNewNativeDiscountFactor: 2 kOldNativeDiscountFactor: 65536 old_native_bytes: 151168651 new_native_bytes: 21578088 add_bytes_allowed: 31824591 is_gc_concurrent: 1 target_footprint_: 17756714 GetBytesAllocated: 13148479 HeapGrowthMultiplier: 3
12-21 13:48:01.344  3289  7814 I com.miui.home: CheckGCForNative gc_urgency 0.719667 current_native_bytes is 172746739
12-21 13:48:01.360  3289  3289 I wm_on_paused_called: [0,161328757,com.miui.home.launcher.Launcher,performPause,1]
12-21 13:48:01.896  3289  3711 I com.miui.home: CheckGCForNative adj_start_bytes: 33265133 NativeAllocationGcWatermark: 10608197 java_gc_start_bytes: 17352838 kNewNativeDiscountFactor: 2 kOldNativeDiscountFactor: 65536 old_native_bytes: 151168651 new_native_bytes: 22372312 add_bytes_allowed: 31824591 is_gc_concurrent: 1 target_footprint_: 17756714 GetBytesAllocated: 14472891 HeapGrowthMultiplier: 3
12-21 13:48:01.896  3289  3711 I com.miui.home: CheckGCForNative gc_urgency 0.771419 current_native_bytes is 173540963
12-21 13:48:02.205  3289  3473 I com.miui.home: CheckGCForNative adj_start_bytes: 33265133 NativeAllocationGcWatermark: 10608197 java_gc_start_bytes: 17352838 kNewNativeDiscountFactor: 2 kOldNativeDiscountFactor: 65536 old_native_bytes: 151168651 new_native_bytes: 22401544 add_bytes_allowed: 31824591 is_gc_concurrent: 1 target_footprint_: 17756714 GetBytesAllocated: 14699484 HeapGrowthMultiplier: 3
12-21 13:48:02.205  3289  3473 I com.miui.home: CheckGCForNative gc_urgency 0.77867 current_native_bytes is 173570195
12-21 13:48:02.276 14154 14154 I wm_on_stop_called: [0,10783616,com.uc.browser.InnerUCMobile,STOP_ACTIVITY_ITEM,838]
12-21 13:48:02.508 14710 14710 I wm_on_application_create_called: [0,com.sina.weibo,2007]
12-21 13:48:02.872 15004 15004 I wm_on_application_create_called: [0,com.youku.phone,708]
12-21 13:48:02.996 15004 15004 I wm_on_create_called: [0,26790383,com.youku.phone.ActivityWelcome,performCreate,109]
12-21 13:48:03.125  3289  3289 I wm_on_stop_called: [0,161328757,com.miui.home.launcher.Launcher,STOP_ACTIVITY_ITEM,3]
12-21 13:48:03.245  3289  3289 I wm_on_restart_called: [0,161328757,com.miui.home.launcher.Launcher,,0]
12-21 13:48:03.245  3289  3289 I wm_on_start_called: [0,161328757,com.miui.home.launcher.Launcher,handleStartActivity,1]
12-21 13:48:03.249  3289  3289 I wm_on_resume_called: [0,161328757,com.miui.home.launcher.Launcher,RESUME_ACTIVITY,4]
12-21 13:48:03.335  3289  3289 I com.miui.home: CheckGCForNative adj_start_bytes: 33265133 NativeAllocationGcWatermark: 10608197 java_gc_start_bytes: 17352838 kNewNativeDiscountFactor: 2 kOldNativeDiscountFactor: 65536 old_native_bytes: 151168651 new_native_bytes: 22231496 add_bytes_allowed: 31824591 is_gc_concurrent: 1 target_footprint_: 17756714 GetBytesAllocated: 15718853 HeapGrowthMultiplier: 3
12-21 13:48:03.335  3289  3289 I com.miui.home: CheckGCForNative gc_urgency 0.806758 current_native_bytes is 173400147
12-21 13:48:03.346  3289  3289 I wm_on_idle_called: com.miui.home.launcher.Launcher
12-21 13:48:03.447  3289 15341 I com.miui.home: CheckGCForNative adj_start_bytes: 33265133 NativeAllocationGcWatermark: 10608197 java_gc_start_bytes: 17352838 kNewNativeDiscountFactor: 2 kOldNativeDiscountFactor: 65536 old_native_bytes: 151168651 new_native_bytes: 33265252 add_bytes_allowed: 31824591 is_gc_concurrent: 1 target_footprint_: 17756714 GetBytesAllocated: 16030448 HeapGrowthMultiplier: 3
12-21 13:48:03.447  3289 15341 I com.miui.home: CheckGCForNative gc_urgency 0.981971 current_native_bytes is 184433903
12-21 13:48:03.448  3289 15341 I com.miui.home: CheckGCForNative adj_start_bytes: 33265133 NativeAllocationGcWatermark: 10608197 java_gc_start_bytes: 17352838 kNewNativeDiscountFactor: 2 kOldNativeDiscountFactor: 65536 old_native_bytes: 151168651 new_native_bytes: 43972388 add_bytes_allowed: 31824591 is_gc_concurrent: 1 target_footprint_: 17756714 GetBytesAllocated: 16042026 HeapGrowthMultiplier: 3
12-21 13:48:03.448  3289 15341 I com.miui.home: CheckGCForNative gc_urgency 1.14325 current_native_bytes is 195141039
12-21 13:48:03.448  3289 15341 I com.miui.home: CheckGCForNative requested 1
12-21 13:48:03.449  3289  3603 I com.miui.home: CheckGCForNative adj_start_bytes: 33265133 NativeAllocationGcWatermark: 10608197 java_gc_start_bytes: 17352838 kNewNativeDiscountFactor: 2 kOldNativeDiscountFactor: 65536 old_native_bytes: 151168651 new_native_bytes: 43972452 add_bytes_allowed: 31824591 is_gc_concurrent: 1 target_footprint_: 17756714 GetBytesAllocated: 16045490 HeapGrowthMultiplier: 3
12-21 13:48:03.449  3289  3603 I com.miui.home: CheckGCForNative gc_urgency 1.14373 current_native_bytes is 195141103
12-21 13:48:03.450  3289  3603 I com.miui.home: CheckGCForNative requested 1
12-21 13:48:03.475  3289  3473 I com.miui.home: CheckGCForNative adj_start_bytes: 33265133 NativeAllocationGcWatermark: 10608197 java_gc_start_bytes: 17352838 kNewNativeDiscountFactor: 2 kOldNativeDiscountFactor: 65536 old_native_bytes: 151168651 new_native_bytes: 33380996 add_bytes_allowed: 31824591 is_gc_concurrent: 1 target_footprint_: 17756714 GetBytesAllocated: 16604479 HeapGrowthMultiplier: 3
12-21 13:48:03.475  3289  3473 I com.miui.home: CheckGCForNative gc_urgency 1.00097 current_native_bytes is 184549647
12-21 13:48:03.475  3289  3473 I com.miui.home: CheckGCForNative requested 1
12-21 13:48:03.546  3289  3711 I com.miui.home: CheckGCForNative adj_start_bytes: 33265133 NativeAllocationGcWatermark: 10608197 java_gc_start_bytes: 17352838 kNewNativeDiscountFactor: 2 kOldNativeDiscountFactor: 65536 old_native_bytes: 151168651 new_native_bytes: 44500312 add_bytes_allowed: 31824591 is_gc_concurrent: 1 target_footprint_: 17756714 GetBytesAllocated: 17001586 HeapGrowthMultiplier: 3
12-21 13:48:03.546  3289  3711 I com.miui.home: CheckGCForNative gc_urgency 1.18004 current_native_bytes is 195668963
12-21 13:48:03.546  3289  3711 I com.miui.home: CheckGCForNative requested 1
12-21 13:48:03.676  3289  3473 I com.miui.home: CheckGCForNative adj_start_bytes: 33265133 NativeAllocationGcWatermark: 10608197 java_gc_start_bytes: 17352838 kNewNativeDiscountFactor: 2 kOldNativeDiscountFactor: 65536 old_native_bytes: 151168651 new_native_bytes: 33985868 add_bytes_allowed: 31824591 is_gc_concurrent: 1 target_footprint_: 17756714 GetBytesAllocated: 17626085 HeapGrowthMultiplier: 3
12-21 13:48:03.676  3289  3473 I com.miui.home: CheckGCForNative gc_urgency 1.04077 current_native_bytes is 185154519
12-21 13:48:03.676  3289  3473 I com.miui.home: CheckGCForNative requested 1
12-21 13:48:03.732  3289  3289 I wm_on_top_resumed_gained_called: [161328757,com.miui.home.launcher.Launcher,topStateChangedWhenResumed]
12-21 13:48:03.743  3289  3326 I com.miui.home: NativeAlloc concurrent copying GC freed 172573(7934KB) AllocSpace objects, 26(680KB) LOS objects, 49% free, 8713KB/16MB, paused 224us,31us total 294.310ms
12-21 13:48:03.748 15065 15065 I wm_on_application_create_called: [0,com.UCMobile,928]
12-21 13:48:04.058  3289  3289 I com.miui.home: CheckGCForNative gc_urgency 0 current_native_bytes is 129047891
12-21 13:48:04.159  3289  3289 I wm_on_top_resumed_lost_called: [161328757,com.miui.home.launcher.Launcher,topStateChangedWhenResumed]
12-21 13:48:04.439  3289  3289 I wm_on_paused_called: [0,161328757,com.miui.home.launcher.Launcher,performPause,1]
12-21 13:48:04.446  3289  3463 I com.miui.home: CheckGCForNative adj_start_bytes: 33211815 NativeAllocationGcWatermark: 10615259 java_gc_start_bytes: 17288927 kNewNativeDiscountFactor: 2 kOldNativeDiscountFactor: 65536 old_native_bytes: 129047891 new_native_bytes: 851328 add_bytes_allowed: 31845777 is_gc_concurrent: 1 target_footprint_: 17813215 GetBytesAllocated: 9991913 HeapGrowthMultiplier: 3
12-21 13:48:04.446  3289  3463 I com.miui.home: CheckGCForNative gc_urgency 0.31373 current_native_bytes is 129899219
12-21 13:48:04.473  3289  3711 I com.miui.home: CheckGCForNative adj_start_bytes: 33211815 NativeAllocationGcWatermark: 10615259 java_gc_start_bytes: 17288927 kNewNativeDiscountFactor: 2 kOldNativeDiscountFactor: 65536 old_native_bytes: 129047891 new_native_bytes: 11714260 add_bytes_allowed: 31845777 is_gc_concurrent: 1 target_footprint_: 17813215 GetBytesAllocated: 10151182 HeapGrowthMultiplier: 3
12-21 13:48:04.473  3289  3711 I com.miui.home: CheckGCForNative gc_urgency 0.482066 current_native_bytes is 140762151
12-21 13:48:04.533 15004 15004 I wm_on_create_called: [0,97045868,com.youku.v2.HomePageEntry,performCreate,860]
12-21 13:48:04.619 15004 15004 I wm_on_start_called: [0,97045868,com.youku.v2.HomePageEntry,handleStartActivity,77]
12-21 13:48:04.792 15135 15135 I wm_on_application_create_called: [0,com.sina.weibo,1769]
12-21 13:48:04.901  3289  3473 I com.miui.home: CheckGCForNative adj_start_bytes: 33211815 NativeAllocationGcWatermark: 10615259 java_gc_start_bytes: 17288927 kNewNativeDiscountFactor: 2 kOldNativeDiscountFactor: 65536 old_native_bytes: 129047891 new_native_bytes: 1461864 add_bytes_allowed: 31845777 is_gc_concurrent: 1 target_footprint_: 17813215 GetBytesAllocated: 11534328 HeapGrowthMultiplier: 3
12-21 13:48:04.901  3289  3473 I com.miui.home: CheckGCForNative gc_urgency 0.369363 current_native_bytes is 130509755
12-21 13:48:05.039 15374 15374 I wm_on_application_create_called: [0,com.UCMobile,1082]
12-21 13:48:05.158 15656 15656 I wm_on_application_create_called: [0,com.quark.browser,213]
12-21 13:48:05.191  3289  3473 I com.miui.home: CheckGCForNative adj_start_bytes: 33211815 NativeAllocationGcWatermark: 10615259 java_gc_start_bytes: 17288927 kNewNativeDiscountFactor: 2 kOldNativeDiscountFactor: 65536 old_native_bytes: 129047891 new_native_bytes: 1523340 add_bytes_allowed: 31845777 is_gc_concurrent: 1 target_footprint_: 17813215 GetBytesAllocated: 11702333 HeapGrowthMultiplier: 3
12-21 13:48:05.191  3289  3473 I com.miui.home: CheckGCForNative gc_urgency 0.375347 current_native_bytes is 130571231
12-21 13:48:05.201  3289  3473 I com.miui.home: CheckGCForNative adj_start_bytes: 33211815 NativeAllocationGcWatermark: 10615259 java_gc_start_bytes: 17288927 kNewNativeDiscountFactor: 2 kOldNativeDiscountFactor: 65536 old_native_bytes: 129047891 new_native_bytes: 1523340 add_bytes_allowed: 31845777 is_gc_concurrent: 1 target_footprint_: 17813215 GetBytesAllocated: 11711681 HeapGrowthMultiplier: 3
12-21 13:48:05.201  3289  3473 I com.miui.home: CheckGCForNative gc_urgency 0.375629 current_native_bytes is 130571231
12-21 13:48:05.306 15656 15656 I wm_on_create_called: [0,250773555,com.ucpro.MainActivity,performCreate,108]
12-21 13:48:06.201  3289  3289 I wm_on_resume_called: [0,161328757,com.miui.home.launcher.Launcher,RESUME_ACTIVITY,3]
12-21 13:48:06.206  3289  3289 I wm_on_idle_called: com.miui.home.launcher.Launcher
12-21 13:48:06.311  3289  7814 I com.miui.home: CheckGCForNative adj_start_bytes: 33211815 NativeAllocationGcWatermark: 10615259 java_gc_start_bytes: 17288927 kNewNativeDiscountFactor: 2 kOldNativeDiscountFactor: 65536 old_native_bytes: 129047891 new_native_bytes: 1990908 add_bytes_allowed: 31845777 is_gc_concurrent: 1 target_footprint_: 17813215 GetBytesAllocated: 14449536 HeapGrowthMultiplier: 3
12-21 13:48:06.312  3289  7814 I com.miui.home: CheckGCForNative gc_urgency 0.465104 current_native_bytes is 131038799
12-21 13:48:06.363  3289  7814 I com.miui.home: CheckGCForNative adj_start_bytes: 33211815 NativeAllocationGcWatermark: 10615259 java_gc_start_bytes: 17288927 kNewNativeDiscountFactor: 2 kOldNativeDiscountFactor: 65536 old_native_bytes: 129047891 new_native_bytes: 12700156 add_bytes_allowed: 31845777 is_gc_concurrent: 1 target_footprint_: 17813215 GetBytesAllocated: 14493723 HeapGrowthMultiplier: 3
12-21 13:48:06.363  3289  7814 I com.miui.home: CheckGCForNative gc_urgency 0.627661 current_native_bytes is 141748047
12-21 13:48:06.363  3289  7814 I com.miui.home: CheckGCForNative adj_start_bytes: 33211815 NativeAllocationGcWatermark: 10615259 java_gc_start_bytes: 17288927 kNewNativeDiscountFactor: 2 kOldNativeDiscountFactor: 65536 old_native_bytes: 129047891 new_native_bytes: 23407292 add_bytes_allowed: 31845777 is_gc_concurrent: 1 target_footprint_: 17813215 GetBytesAllocated: 14493915 HeapGrowthMultiplier: 3
12-21 13:48:06.363  3289  7814 I com.miui.home: CheckGCForNative gc_urgency 0.788862 current_native_bytes is 152455183
12-21 13:48:06.398  3289  7814 I com.miui.home: CheckGCForNative adj_start_bytes: 33211815 NativeAllocationGcWatermark: 10615259 java_gc_start_bytes: 17288927 kNewNativeDiscountFactor: 2 kOldNativeDiscountFactor: 65536 old_native_bytes: 129047891 new_native_bytes: 23511516 add_bytes_allowed: 31845777 is_gc_concurrent: 1 target_footprint_: 17813215 GetBytesAllocated: 14533445 HeapGrowthMultiplier: 3
12-21 13:48:06.399  3289  7814 I com.miui.home: CheckGCForNative gc_urgency 0.791621 current_native_bytes is 152559407
12-21 13:48:06.471  3289  3473 I com.miui.home: CheckGCForNative adj_start_bytes: 33211815 NativeAllocationGcWatermark: 10615259 java_gc_start_bytes: 17288927 kNewNativeDiscountFactor: 2 kOldNativeDiscountFactor: 65536 old_native_bytes: 129047891 new_native_bytes: 12769436 add_bytes_allowed: 31845777 is_gc_concurrent: 1 target_footprint_: 17813215 GetBytesAllocated: 14576892 HeapGrowthMultiplier: 3
12-21 13:48:06.471  3289  3473 I com.miui.home: CheckGCForNative gc_urgency 0.631208 current_native_bytes is 141817327
12-21 13:48:06.661  3289  3473 I com.miui.home: CheckGCForNative adj_start_bytes: 33211815 NativeAllocationGcWatermark: 10615259 java_gc_start_bytes: 17288927 kNewNativeDiscountFactor: 2 kOldNativeDiscountFactor: 65536 old_native_bytes: 129047891 new_native_bytes: 12785820 add_bytes_allowed: 31845777 is_gc_concurrent: 1 target_footprint_: 17813215 GetBytesAllocated: 14655476 HeapGrowthMultiplier: 3
12-21 13:48:06.661  3289  3473 I com.miui.home: CheckGCForNative gc_urgency 0.633821 current_native_bytes is 141833711
12-21 13:48:06.683  3289  3289 I wm_on_top_resumed_gained_called: [161328757,com.miui.home.launcher.Launcher,topStateChangedWhenResumed]
12-21 13:48:06.715 15656 15656 I wm_on_create_called: [0,115563367,com.ucpro.BrowserActivity,performCreate,1268]
12-21 13:48:06.727 15656 15656 I wm_on_start_called: [0,115563367,com.ucpro.BrowserActivity,handleStartActivity,11]
12-21 13:48:06.743 15656 15656 I wm_on_resume_called: [0,115563367,com.ucpro.BrowserActivity,RESUME_ACTIVITY,13]
12-21 13:48:06.811 15656 15656 I wm_on_top_resumed_gained_called: [115563367,com.ucpro.BrowserActivity,topStateChangedWhenResumed]
12-21 13:48:06.822 15656 15656 I wm_on_top_resumed_lost_called: [115563367,com.ucpro.BrowserActivity,topStateChangedWhenResumed]
12-21 13:48:07.081 15656 15656 I wm_on_paused_called: [0,115563367,com.ucpro.BrowserActivity,performPause,20]
12-21 13:48:07.085 15656 15656 I wm_on_destroy_called: [0,250773555,com.ucpro.MainActivity,performDestroy,2]
12-21 13:48:07.220  3289  3711 I com.miui.home: CheckGCForNative adj_start_bytes: 33211815 NativeAllocationGcWatermark: 10615259 java_gc_start_bytes: 17288927 kNewNativeDiscountFactor: 2 kOldNativeDiscountFactor: 65536 old_native_bytes: 129047891 new_native_bytes: 23948096 add_bytes_allowed: 31845777 is_gc_concurrent: 1 target_footprint_: 17813215 GetBytesAllocated: 15391281 HeapGrowthMultiplier: 3
12-21 13:48:07.220  3289  3711 I com.miui.home: CheckGCForNative gc_urgency 0.824023 current_native_bytes is 152995987
12-21 13:48:07.255  3289  3711 I com.miui.home: CheckGCForNative adj_start_bytes: 33211815 NativeAllocationGcWatermark: 10615259 java_gc_start_bytes: 17288927 kNewNativeDiscountFactor: 2 kOldNativeDiscountFactor: 65536 old_native_bytes: 129047891 new_native_bytes: 13482804 add_bytes_allowed: 31845777 is_gc_concurrent: 1 target_footprint_: 17813215 GetBytesAllocated: 15943930 HeapGrowthMultiplier: 3
12-21 13:48:07.255  3289  3711 I com.miui.home: CheckGCForNative gc_urgency 0.683109 current_native_bytes is 142530695
12-21 13:48:07.734 15656 15656 I wm_on_stop_called: [0,115563367,com.ucpro.BrowserActivity,STOP_ACTIVITY_ITEM,138]
12-21 13:48:08.040 15656 15656 I wm_on_idle_called: com.ucpro.BrowserActivity
12-21 13:48:08.626 16048 16048 I wm_on_application_create_called: [0,com.UCMobile,1309]
12-21 13:48:09.407 14154 14154 I wm_on_idle_called: com.uc.browser.InnerUCMobile