12-19 20:03:47.498  3327  3730 I com.miui.home: CheckGCForNative adj_start_bytes: 43333999 NativeAllocationGcWatermark: 11680752 java_gc_start_bytes: 25812871 kNewNativeDiscountFactor: 2 kOldNativeDiscountFactor: 65536 old_native_bytes: 132294883 new_native_bytes: 1358516 add_bytes_allowed: 35042256 is_gc_concurrent: 1 target_footprint_: 26337159 GetBytesAllocated: 14939032 HeapGrowthMultiplier: 3
12-19 20:03:47.499  3327  3730 I com.miui.home: CheckGCForNative gc_urgency 0.360463 current_native_bytes is 133653399
12-19 20:03:47.528  3327  3989 I cccccc  : getTaskSnapshotInstance:
12-19 20:03:47.530  3327  3989 I cccccc  : getTaskSnapshotInstance:
12-19 20:03:47.574  3327  3989 I com.miui.home: CheckGCForNative adj_start_bytes: 43333999 NativeAllocationGcWatermark: 11680752 java_gc_start_bytes: 25812871 kNewNativeDiscountFactor: 2 kOldNativeDiscountFactor: 65536 old_native_bytes: 132294883 new_native_bytes: 12047220 add_bytes_allowed: 35042256 is_gc_concurrent: 1 target_footprint_: 26337159 GetBytesAllocated: 15023853 HeapGrowthMultiplier: 3
12-19 20:03:47.574  3327  3989 I com.miui.home: CheckGCForNative gc_urgency 0.48575 current_native_bytes is 144342103
12-19 20:03:47.576  3327  3989 I cccccc  : getTaskThumbnailInfo: 2460 1.0  10705920
12-19 20:03:47.879  3327  3989 I cccccc  : getTaskSnapshotInstance:
12-19 20:03:48.259 14920 14920 I wm_on_create_called: [0,121486422,com.tencent.mtt.SplashActivity,performCreate,245]
12-19 20:03:48.308 14920 14920 I wm_on_create_called: [0,107972689,com.tencent.mtt.MainActivity,performCreate,18]
12-19 20:03:48.376 14920 14920 I wm_on_start_called: [0,107972689,com.tencent.mtt.MainActivity,handleStartActivity,68]
12-19 20:03:48.377  3327  3994 D cccccc  : onTaskStackChangedBackground
12-19 20:03:48.380  3327  3370 D cccccc  : onTaskStackChangedBackground
12-19 20:03:48.637  3327  3327 I com.miui.home: CheckGCForNative adj_start_bytes: 43333999 NativeAllocationGcWatermark: 11680752 java_gc_start_bytes: 25812871 kNewNativeDiscountFactor: 2 kOldNativeDiscountFactor: 65536 old_native_bytes: 132294883 new_native_bytes: 1626136 add_bytes_allowed: 35042256 is_gc_concurrent: 1 target_footprint_: 26337159 GetBytesAllocated: 17181649 HeapGrowthMultiplier: 3
12-19 20:03:48.637  3327  3327 I com.miui.home: CheckGCForNative gc_urgency 0.415303 current_native_bytes is 133921019
12-19 20:03:48.703  3327  3327 I wm_on_resume_called: [0,119940603,com.miui.home.launcher.Launcher,RESUME_ACTIVITY,25]
12-19 20:03:48.729  3327  3327 I wm_on_idle_called: com.miui.home.launcher.Launcher
12-19 20:03:48.913  3327  3989 I cccccc  : getTaskSnapshotInstance:
12-19 20:03:48.972 14920 14920 I wm_on_resume_called: [0,107972689,com.tencent.mtt.MainActivity,RESUME_ACTIVITY,594]
12-19 20:03:48.982  3327  3400 I com.miui.home: CheckGCForNative adj_start_bytes: 43333999 NativeAllocationGcWatermark: 11680752 java_gc_start_bytes: 25812871 kNewNativeDiscountFactor: 2 kOldNativeDiscountFactor: 65536 old_native_bytes: 132294883 new_native_bytes: 12671744 add_bytes_allowed: 35042256 is_gc_concurrent: 1 target_footprint_: 26337159 GetBytesAllocated: 18052511 HeapGrowthMultiplier: 3
12-19 20:03:48.982  3327  3400 I com.miui.home: CheckGCForNative gc_urgency 0.562847 current_native_bytes is 144966627
12-19 20:03:48.994  3327  3400 I com.miui.home: CheckGCForNative adj_start_bytes: 43333999 NativeAllocationGcWatermark: 11680752 java_gc_start_bytes: 25812871 kNewNativeDiscountFactor: 2 kOldNativeDiscountFactor: 65536 old_native_bytes: 132294883 new_native_bytes: 23385856 add_bytes_allowed: 35042256 is_gc_concurrent: 1 target_footprint_: 26337159 GetBytesAllocated: 18101604 HeapGrowthMultiplier: 3
12-19 20:03:48.994  3327  3400 I com.miui.home: CheckGCForNative gc_urgency 0.687602 current_native_bytes is 155680739
12-19 20:03:48.994  3327  3400 I cccccc  : getTaskThumbnailInfo: 2460 1.0  10705920
12-19 20:03:48.998 14920 14920 I wm_on_top_resumed_gained_called: [107972689,com.tencent.mtt.MainActivity,topStateChangedWhenResumed]
12-19 20:03:49.007  3327 12315 I com.miui.home: CheckGCForNative adj_start_bytes: 43333999 NativeAllocationGcWatermark: 11680752 java_gc_start_bytes: 25812871 kNewNativeDiscountFactor: 2 kOldNativeDiscountFactor: 65536 old_native_bytes: 132294883 new_native_bytes: 12642208 add_bytes_allowed: 35042256 is_gc_concurrent: 1 target_footprint_: 26337159 GetBytesAllocated: 18117988 HeapGrowthMultiplier: 3
12-19 20:03:49.007  3327 12315 I com.miui.home: CheckGCForNative gc_urgency 0.564017 current_native_bytes is 144937091
12-19 20:03:49.019  3327  3369 I com.miui.home: CheckGCForNative adj_start_bytes: 43333999 NativeAllocationGcWatermark: 11680752 java_gc_start_bytes: 25812871 kNewNativeDiscountFactor: 2 kOldNativeDiscountFactor: 65536 old_native_bytes: 132294883 new_native_bytes: 23350208 add_bytes_allowed: 35042256 is_gc_concurrent: 1 target_footprint_: 26337159 GetBytesAllocated: 18134404 HeapGrowthMultiplier: 3
12-19 20:03:49.019  3327  3369 I com.miui.home: CheckGCForNative gc_urgency 0.687948 current_native_bytes is 155645091
12-19 20:03:49.032  3327  3327 I cccccc  : getTaskThumbnailInfo: 2460 1.0  10705920
12-19 20:03:49.058  3327  3730 I com.miui.home: CheckGCForNative adj_start_bytes: 43333999 NativeAllocationGcWatermark: 11680752 java_gc_start_bytes: 25812871 kNewNativeDiscountFactor: 2 kOldNativeDiscountFactor: 65536 old_native_bytes: 132294883 new_native_bytes: 12682848 add_bytes_allowed: 35042256 is_gc_concurrent: 1 target_footprint_: 26337159 GetBytesAllocated: 18239335 HeapGrowthMultiplier: 3
12-19 20:03:49.058  3327  3730 I com.miui.home: CheckGCForNative gc_urgency 0.567286 current_native_bytes is 144977731
12-19 20:03:49.123  3327  3327 I wm_on_top_resumed_gained_called: [119940603,com.miui.home.launcher.Launcher,topStateChangedWhenResumed]
12-19 20:03:49.314  3327  3730 I com.miui.home: CheckGCForNative adj_start_bytes: 43333999 NativeAllocationGcWatermark: 11680752 java_gc_start_bytes: 25812871 kNewNativeDiscountFactor: 2 kOldNativeDiscountFactor: 65536 old_native_bytes: 132294883 new_native_bytes: 12809248 add_bytes_allowed: 35042256 is_gc_concurrent: 1 target_footprint_: 26337159 GetBytesAllocated: 18981610 HeapGrowthMultiplier: 3
12-19 20:03:49.314  3327  3730 I com.miui.home: CheckGCForNative gc_urgency 0.585874 current_native_bytes is 145104131
12-19 20:03:49.448  3327  3730 I com.miui.home: CheckGCForNative adj_start_bytes: 43333999 NativeAllocationGcWatermark: 11680752 java_gc_start_bytes: 25812871 kNewNativeDiscountFactor: 2 kOldNativeDiscountFactor: 65536 old_native_bytes: 132294883 new_native_bytes: 13015892 add_bytes_allowed: 35042256 is_gc_concurrent: 1 target_footprint_: 26337159 GetBytesAllocated: 19436843 HeapGrowthMultiplier: 3
12-19 20:03:49.448  3327  3730 I com.miui.home: CheckGCForNative gc_urgency 0.598763 current_native_bytes is 145310775
12-19 20:03:49.480  3327  3989 I cccccc  : getTaskSnapshotInstance:
12-19 20:03:49.493  3327  3989 I com.miui.home: CheckGCForNative adj_start_bytes: 43333999 NativeAllocationGcWatermark: 11680752 java_gc_start_bytes: 25812871 kNewNativeDiscountFactor: 2 kOldNativeDiscountFactor: 65536 old_native_bytes: 132294883 new_native_bytes: 23674300 add_bytes_allowed: 35042256 is_gc_concurrent: 1 target_footprint_: 26337159 GetBytesAllocated: 19579445 HeapGrowthMultiplier: 3
12-19 20:03:49.493  3327  3989 I com.miui.home: CheckGCForNative gc_urgency 0.725034 current_native_bytes is 155969183
12-19 20:03:49.496  3327  3989 I cccccc  : getTaskThumbnailInfo: 2460 1.0  10705920
12-19 20:03:49.514  3327  3729 I com.miui.home: CheckGCForNative adj_start_bytes: 43333999 NativeAllocationGcWatermark: 11680752 java_gc_start_bytes: 25812871 kNewNativeDiscountFactor: 2 kOldNativeDiscountFactor: 65536 old_native_bytes: 132294883 new_native_bytes: 23618812 add_bytes_allowed: 35042256 is_gc_concurrent: 1 target_footprint_: 26337159 GetBytesAllocated: 19583425 HeapGrowthMultiplier: 3
12-19 20:03:49.515  3327  3729 I com.miui.home: CheckGCForNative gc_urgency 0.724485 current_native_bytes is 155913695
12-19 20:03:49.519  3327  3370 I com.miui.home: CheckGCForNative adj_start_bytes: 43333999 NativeAllocationGcWatermark: 11680752 java_gc_start_bytes: 25812871 kNewNativeDiscountFactor: 2 kOldNativeDiscountFactor: 65536 old_native_bytes: 132294883 new_native_bytes: 34324924 add_bytes_allowed: 35042256 is_gc_concurrent: 1 target_footprint_: 26337159 GetBytesAllocated: 19592689 HeapGrowthMultiplier: 3
12-19 20:03:49.519  3327  3370 I com.miui.home: CheckGCForNative gc_urgency 0.848229 current_native_bytes is 166619807
12-19 20:03:49.520  3327  3729 I com.miui.home: CheckGCForNative adj_start_bytes: 43333999 NativeAllocationGcWatermark: 11680752 java_gc_start_bytes: 25812871 kNewNativeDiscountFactor: 2 kOldNativeDiscountFactor: 65536 old_native_bytes: 132294883 new_native_bytes: 45032572 add_bytes_allowed: 35042256 is_gc_concurrent: 1 target_footprint_: 26337159 GetBytesAllocated: 19592881 HeapGrowthMultiplier: 3
12-19 20:03:49.520  3327  3729 I com.miui.home: CheckGCForNative gc_urgency 0.971981 current_native_bytes is 177327455
12-19 20:03:49.520  3327  3327 I com.miui.home: CheckGCForNative adj_start_bytes: 43333999 NativeAllocationGcWatermark: 11680752 java_gc_start_bytes: 25812871 kNewNativeDiscountFactor: 2 kOldNativeDiscountFactor: 65536 old_native_bytes: 132294883 new_native_bytes: 45034172 add_bytes_allowed: 35042256 is_gc_concurrent: 1 target_footprint_: 26337159 GetBytesAllocated: 19601505 HeapGrowthMultiplier: 3
12-19 20:03:49.520  3327  3327 I com.miui.home: CheckGCForNative gc_urgency 0.971999 current_native_bytes is 177329055
12-19 20:03:49.521  3327  3327 I cccccc  : getTaskThumbnailInfo: 2460 1.0  10705920
12-19 20:03:49.521  3327  3729 I cccccc  : getTaskThumbnailInfo: 2460 1.0  10705920
12-19 20:03:49.713 14920 14920 I wm_on_top_resumed_lost_called: [107972689,com.tencent.mtt.MainActivity,topStateChangedWhenResumed]
12-19 20:03:49.752  3327  3327 I wm_on_top_resumed_lost_called: [119940603,com.miui.home.launcher.Launcher,topStateChangedWhenResumed]
12-19 20:03:49.840  3327  3400 D cccccc  : onTaskStackChangedBackground
12-19 20:03:49.845  3327  3400 D cccccc  : onTaskStackChangedBackground
12-19 20:03:49.953 14920 14920 I wm_on_paused_called: [0,107972689,com.tencent.mtt.MainActivity,performPause,2]
12-19 20:03:49.974  3327  3327 I wm_on_paused_called: [0,119940603,com.miui.home.launcher.Launcher,performPause,3]
12-19 20:03:49.988 14920 14920 I wm_on_destroy_called: [0,121486422,com.tencent.mtt.SplashActivity,performDestroy,1]
12-19 20:03:50.039  3327  3400 I com.miui.home: CheckGCForNative adj_start_bytes: 43333999 NativeAllocationGcWatermark: 11680752 java_gc_start_bytes: 25812871 kNewNativeDiscountFactor: 2 kOldNativeDiscountFactor: 65536 old_native_bytes: 132294883 new_native_bytes: 34504612 add_bytes_allowed: 35042256 is_gc_concurrent: 1 target_footprint_: 26337159 GetBytesAllocated: 20211967 HeapGrowthMultiplier: 3
12-19 20:03:50.040  3327  3400 I com.miui.home: CheckGCForNative gc_urgency 0.864593 current_native_bytes is 166799495
12-19 20:03:50.196  3327  3370 D cccccc  : onTaskStackChangedBackground
12-19 20:03:50.198  3327  3370 D cccccc  : onTaskStackChangedBackground
12-19 20:03:50.307  3327  3989 I com.miui.home: CheckGCForNative adj_start_bytes: 43333999 NativeAllocationGcWatermark: 11680752 java_gc_start_bytes: 25812871 kNewNativeDiscountFactor: 2 kOldNativeDiscountFactor: 65536 old_native_bytes: 132294883 new_native_bytes: 34686320 add_bytes_allowed: 35042256 is_gc_concurrent: 1 target_footprint_: 26337159 GetBytesAllocated: 20930411 HeapGrowthMultiplier: 3
12-19 20:03:50.307  3327  3989 I com.miui.home: CheckGCForNative gc_urgency 0.883269 current_native_bytes is 166981203
12-19 20:03:50.336  3327  3989 I cccccc  : getTaskSnapshotInstance:
12-19 20:03:50.403  3327  3989 I cccccc  : getTaskSnapshotInstance:
12-19 20:03:50.407  3327  3989 I com.miui.home: CheckGCForNative adj_start_bytes: 43333999 NativeAllocationGcWatermark: 11680752 java_gc_start_bytes: 25812871 kNewNativeDiscountFactor: 2 kOldNativeDiscountFactor: 65536 old_native_bytes: 132294883 new_native_bytes: 45388656 add_bytes_allowed: 35042256 is_gc_concurrent: 1 target_footprint_: 26337159 GetBytesAllocated: 21050117 HeapGrowthMultiplier: 3
12-19 20:03:50.407  3327  3989 I com.miui.home: CheckGCForNative gc_urgency 1.00952 current_native_bytes is 177683539
12-19 20:03:50.407  3327  3989 I com.miui.home: CheckGCForNative requested 1
12-19 20:03:50.408  3327  3989 I cccccc  : getTaskThumbnailInfo: 2460 1.0  10705920
12-19 20:03:50.595  3327  3730 I com.miui.home: CheckGCForNative adj_start_bytes: 43333999 NativeAllocationGcWatermark: 11680752 java_gc_start_bytes: 25812871 kNewNativeDiscountFactor: 2 kOldNativeDiscountFactor: 65536 old_native_bytes: 132294883 new_native_bytes: 34696752 add_bytes_allowed: 35042256 is_gc_concurrent: 1 target_footprint_: 26337159 GetBytesAllocated: 21288436 HeapGrowthMultiplier: 3
12-19 20:03:50.595  3327  3730 I com.miui.home: CheckGCForNative gc_urgency 0.891652 current_native_bytes is 166991635
12-19 20:03:50.662  3327  3361 I com.miui.home: NativeAlloc concurrent copying GC freed 178273(7697KB) AllocSpace objects, 16(496KB) LOS objects, 49% free, 12MB/24MB, paused 193us,3.989ms total 252.278ms
12-19 20:03:50.888  3327  3989 I com.miui.home: CheckGCForNative gc_urgency 0 current_native_bytes is 122024731
12-19 20:03:50.947  3327  3989 I cccccc  : getTaskSnapshotInstance:
12-19 20:03:51.156 14920 14920 I wm_on_stop_called: [0,107972689,com.tencent.mtt.MainActivity,STOP_ACTIVITY_ITEM,283]
12-19 20:03:51.233 15381 15381 I wm_on_application_create_called: [0,com.youku.phone,485]
12-19 20:03:51.450 15381 15381 I wm_on_create_called: [0,191756730,com.youku.phone.ActivityWelcome,performCreate,203]
12-19 20:03:51.674  3327  3327 I wm_on_resume_called: [0,119940603,com.miui.home.launcher.Launcher,RESUME_ACTIVITY,17]
12-19 20:03:51.694  3327  3327 I wm_on_idle_called: com.miui.home.launcher.Launcher
12-19 20:03:51.705  3327  3991 D cccccc  : onTaskStackChangedBackground
12-19 20:03:51.708  3327  3994 D cccccc  : onTaskStackChangedBackground
12-19 20:03:51.824  3327  3370 I com.miui.home: CheckGCForNative adj_start_bytes: 43124971 NativeAllocationGcWatermark: 11636308 java_gc_start_bytes: 25670509 kNewNativeDiscountFactor: 2 kOldNativeDiscountFactor: 65536 old_native_bytes: 122024731 new_native_bytes: 11606160 add_bytes_allowed: 34908924 is_gc_concurrent: 1 target_footprint_: 25981604 GetBytesAllocated: 15508754 HeapGrowthMultiplier: 3
12-19 20:03:51.825  3327  3370 I com.miui.home: CheckGCForNative gc_urgency 0.494276 current_native_bytes is 133630891
12-19 20:03:51.827  3327  3327 I com.miui.home: CheckGCForNative adj_start_bytes: 43124971 NativeAllocationGcWatermark: 11636308 java_gc_start_bytes: 25670509 kNewNativeDiscountFactor: 2 kOldNativeDiscountFactor: 65536 old_native_bytes: 122024731 new_native_bytes: 22314064 add_bytes_allowed: 34908924 is_gc_concurrent: 1 target_footprint_: 25981604 GetBytesAllocated: 15523864 HeapGrowthMultiplier: 3
12-19 20:03:51.827  3327  3327 I com.miui.home: CheckGCForNative gc_urgency 0.618731 current_native_bytes is 144338795
12-19 20:03:51.827  3327  3327 I cccccc  : getTaskThumbnailInfo: 2460 1.0  10705920
12-19 20:03:51.828  3327  3400 I com.miui.home: CheckGCForNative adj_start_bytes: 43124971 NativeAllocationGcWatermark: 11636308 java_gc_start_bytes: 25670509 kNewNativeDiscountFactor: 2 kOldNativeDiscountFactor: 65536 old_native_bytes: 122024731 new_native_bytes: 22316176 add_bytes_allowed: 34908924 is_gc_concurrent: 1 target_footprint_: 25981604 GetBytesAllocated: 15523864 HeapGrowthMultiplier: 3
12-19 20:03:51.828  3327  3400 I com.miui.home: CheckGCForNative gc_urgency 0.618755 current_native_bytes is 144340907
12-19 20:03:51.828  3327  3400 I cccccc  : getTaskThumbnailInfo: 2460 1.0  10705920
12-19 20:03:51.987  3327  3730 I com.miui.home: CheckGCForNative adj_start_bytes: 43124971 NativeAllocationGcWatermark: 11636308 java_gc_start_bytes: 25670509 kNewNativeDiscountFactor: 2 kOldNativeDiscountFactor: 65536 old_native_bytes: 122024731 new_native_bytes: 11807760 add_bytes_allowed: 34908924 is_gc_concurrent: 1 target_footprint_: 25981604 GetBytesAllocated: 15790033 HeapGrowthMultiplier: 3
12-19 20:03:51.987  3327  3730 I com.miui.home: CheckGCForNative gc_urgency 0.503091 current_native_bytes is 133832491
12-19 20:03:52.098  3327  3327 I wm_on_top_resumed_gained_called: [119940603,com.miui.home.launcher.Launcher,topStateChangedWhenResumed]
12-19 20:03:52.121  3327  3730 I com.miui.home: CheckGCForNative adj_start_bytes: 43124971 NativeAllocationGcWatermark: 11636308 java_gc_start_bytes: 25670509 kNewNativeDiscountFactor: 2 kOldNativeDiscountFactor: 65536 old_native_bytes: 122024731 new_native_bytes: 11746256 add_bytes_allowed: 34908924 is_gc_concurrent: 1 target_footprint_: 25981604 GetBytesAllocated: 16059998 HeapGrowthMultiplier: 3
12-19 20:03:52.121  3327  3730 I com.miui.home: CheckGCForNative gc_urgency 0.508638 current_native_bytes is 133770987
12-19 20:03:52.255  3327  3730 I com.miui.home: CheckGCForNative adj_start_bytes: 43124971 NativeAllocationGcWatermark: 11636308 java_gc_start_bytes: 25670509 kNewNativeDiscountFactor: 2 kOldNativeDiscountFactor: 65536 old_native_bytes: 122024731 new_native_bytes: 11877156 add_bytes_allowed: 34908924 is_gc_concurrent: 1 target_footprint_: 25981604 GetBytesAllocated: 16415002 HeapGrowthMultiplier: 3
12-19 20:03:52.264  3327  3730 I com.miui.home: CheckGCForNative gc_urgency 0.51929 current_native_bytes is 133901887
12-19 20:03:52.267  3327  3989 I cccccc  : getTaskSnapshotInstance:
12-19 20:03:52.271  3327  3989 I com.miui.home: CheckGCForNative adj_start_bytes: 43124971 NativeAllocationGcWatermark: 11636308 java_gc_start_bytes: 25670509 kNewNativeDiscountFactor: 2 kOldNativeDiscountFactor: 65536 old_native_bytes: 122024731 new_native_bytes: 22585444 add_bytes_allowed: 34908924 is_gc_concurrent: 1 target_footprint_: 25981604 GetBytesAllocated: 16453911 HeapGrowthMultiplier: 3
12-19 20:03:52.271  3327  3989 I com.miui.home: CheckGCForNative gc_urgency 0.643444 current_native_bytes is 144610175
12-19 20:03:52.286  3327  3989 I cccccc  : getTaskThumbnailInfo: 2460 1.0  10705920
12-19 20:03:52.297 15341 15341 I wm_on_application_create_called: [0,com.tencent.mtt,745]
12-19 20:03:52.355  3327  3400 I com.miui.home: CheckGCForNative adj_start_bytes: 43124971 NativeAllocationGcWatermark: 11636308 java_gc_start_bytes: 25670509 kNewNativeDiscountFactor: 2 kOldNativeDiscountFactor: 65536 old_native_bytes: 122024731 new_native_bytes: 22617236 add_bytes_allowed: 34908924 is_gc_concurrent: 1 target_footprint_: 25981604 GetBytesAllocated: 16524245 HeapGrowthMultiplier: 3
12-19 20:03:52.355  3327  3400 I com.miui.home: CheckGCForNative gc_urgency 0.645443 current_native_bytes is 144641967
12-19 20:03:52.356  3327  3327 I com.miui.home: CheckGCForNative adj_start_bytes: 43124971 NativeAllocationGcWatermark: 11636308 java_gc_start_bytes: 25670509 kNewNativeDiscountFactor: 2 kOldNativeDiscountFactor: 65536 old_native_bytes: 122024731 new_native_bytes: 33324436 add_bytes_allowed: 34908924 is_gc_concurrent: 1 target_footprint_: 25981604 GetBytesAllocated: 16531814 HeapGrowthMultiplier: 3
12-19 20:03:52.356  3327  3327 I com.miui.home: CheckGCForNative gc_urgency 0.76976 current_native_bytes is 155349167
12-19 20:03:52.356  3327  3327 I cccccc  : getTaskThumbnailInfo: 2460 1.0  10705920
12-19 20:03:52.357  3327  3729 I com.miui.home: CheckGCForNative adj_start_bytes: 43124971 NativeAllocationGcWatermark: 11636308 java_gc_start_bytes: 25670509 kNewNativeDiscountFactor: 2 kOldNativeDiscountFactor: 65536 old_native_bytes: 122024731 new_native_bytes: 33325012 add_bytes_allowed: 34908924 is_gc_concurrent: 1 target_footprint_: 25981604 GetBytesAllocated: 16543180 HeapGrowthMultiplier: 3
12-19 20:03:52.357  3327  3729 I com.miui.home: CheckGCForNative gc_urgency 0.770031 current_native_bytes is 155349743
12-19 20:03:52.357  3327  3729 I cccccc  : getTaskThumbnailInfo: 2460 1.0  10705920
12-19 20:03:52.645  3327  3327 I wm_on_top_resumed_lost_called: [119940603,com.miui.home.launcher.Launcher,topStateChangedWhenResumed]
12-19 20:03:52.660  3327  3994 D cccccc  : onTaskStackChangedBackground
12-19 20:03:52.661  3327  3994 D cccccc  : onTaskStackChangedBackground
12-19 20:03:52.884  3327  3327 I wm_on_paused_called: [0,119940603,com.miui.home.launcher.Launcher,performPause,3]
12-19 20:03:53.011  3327  3994 D cccccc  : onTaskStackChangedBackground
12-19 20:03:53.014  3327  3994 D cccccc  : onTaskStackChangedBackground
12-19 20:03:53.187 14920 14920 I wm_on_idle_called: com.tencent.mtt.MainActivity
12-19 20:03:53.268  3327  3730 I com.miui.home: CheckGCForNative adj_start_bytes: 43124971 NativeAllocationGcWatermark: 11636308 java_gc_start_bytes: 25670509 kNewNativeDiscountFactor: 2 kOldNativeDiscountFactor: 65536 old_native_bytes: 122024731 new_native_bytes: 22976168 add_bytes_allowed: 34908924 is_gc_concurrent: 1 target_footprint_: 25981604 GetBytesAllocated: 17899764 HeapGrowthMultiplier: 3
12-19 20:03:53.268  3327  3730 I com.miui.home: CheckGCForNative gc_urgency 0.681501 current_native_bytes is 145000899
12-19 20:03:53.344  3327  3989 I cccccc  : getTaskSnapshotInstance:
12-19 20:03:53.348  3327  3989 I com.miui.home: CheckGCForNative adj_start_bytes: 43124971 NativeAllocationGcWatermark: 11636308 java_gc_start_bytes: 25670509 kNewNativeDiscountFactor: 2 kOldNativeDiscountFactor: 65536 old_native_bytes: 122024731 new_native_bytes: 33698520 add_bytes_allowed: 34908924 is_gc_concurrent: 1 target_footprint_: 25981604 GetBytesAllocated: 18051893 HeapGrowthMultiplier: 3
12-19 20:03:53.348  3327  3989 I com.miui.home: CheckGCForNative gc_urgency 0.809346 current_native_bytes is 155723251
12-19 20:03:53.349  3327  3989 I cccccc  : getTaskThumbnailInfo: 2460 1.0  10705920
12-19 20:03:53.480  3327  3730 I com.miui.home: CheckGCForNative adj_start_bytes: 43124971 NativeAllocationGcWatermark: 11636308 java_gc_start_bytes: 25670509 kNewNativeDiscountFactor: 2 kOldNativeDiscountFactor: 65536 old_native_bytes: 122024731 new_native_bytes: 22989976 add_bytes_allowed: 34908924 is_gc_concurrent: 1 target_footprint_: 25981604 GetBytesAllocated: 18226610 HeapGrowthMultiplier: 3
12-19 20:03:53.480  3327  3730 I com.miui.home: CheckGCForNative gc_urgency 0.68924 current_native_bytes is 145014707
12-19 20:03:53.580  3327  3730 I com.miui.home: CheckGCForNative adj_start_bytes: 43124971 NativeAllocationGcWatermark: 11636308 java_gc_start_bytes: 25670509 kNewNativeDiscountFactor: 2 kOldNativeDiscountFactor: 65536 old_native_bytes: 122024731 new_native_bytes: 23107160 add_bytes_allowed: 34908924 is_gc_concurrent: 1 target_footprint_: 25981604 GetBytesAllocated: 18503371 HeapGrowthMultiplier: 3
12-19 20:03:53.580  3327  3730 I com.miui.home: CheckGCForNative gc_urgency 0.697016 current_native_bytes is 145131891
12-19 20:03:53.780  3327  3989 I cccccc  : getTaskSnapshotInstance:
12-19 20:03:53.784  3327  3989 I cccccc  : getTaskSnapshotInstance:
12-19 20:03:53.811  3327  3989 I com.miui.home: CheckGCForNative adj_start_bytes: 43124971 NativeAllocationGcWatermark: 11636308 java_gc_start_bytes: 25670509 kNewNativeDiscountFactor: 2 kOldNativeDiscountFactor: 65536 old_native_bytes: 122024731 new_native_bytes: 33704364 add_bytes_allowed: 34908924 is_gc_concurrent: 1 target_footprint_: 25981604 GetBytesAllocated: 18988709 HeapGrowthMultiplier: 3
12-19 20:03:53.811  3327  3989 I com.miui.home: CheckGCForNative gc_urgency 0.831137 current_native_bytes is 155729095
12-19 20:03:53.812  3327  3989 I cccccc  : getTaskThumbnailInfo: 2460 1.0  10705920
12-19 20:03:53.873 15882 15882 I wm_on_application_create_called: [0,com.quark.browser,333]
12-19 20:03:53.952 15882 15882 I wm_on_create_called: [0,43564096,com.ucpro.MainActivity,performCreate,61]
12-19 20:03:54.097  3327  3369 D cccccc  : onTaskStackChangedBackground
12-19 20:03:54.107  3327  3369 D cccccc  : onTaskStackChangedBackground
12-19 20:03:54.302  3327  3989 I cccccc  : getTaskSnapshotInstance:
12-19 20:03:54.536  3327  3989 I com.miui.home: CheckGCForNative adj_start_bytes: 43124971 NativeAllocationGcWatermark: 11636308 java_gc_start_bytes: 25670509 kNewNativeDiscountFactor: 2 kOldNativeDiscountFactor: 65536 old_native_bytes: 122024731 new_native_bytes: 23533204 add_bytes_allowed: 34908924 is_gc_concurrent: 1 target_footprint_: 25981604 GetBytesAllocated: 20399704 HeapGrowthMultiplier: 3
12-19 20:03:54.536  3327  3989 I com.miui.home: CheckGCForNative gc_urgency 0.745929 current_native_bytes is 145557935
12-19 20:03:54.578  3327  3989 I cccccc  : getTaskSnapshotInstance:
12-19 20:03:54.750  3327  3327 I wm_on_resume_called: [0,119940603,com.miui.home.launcher.Launcher,RESUME_ACTIVITY,17]
12-19 20:03:54.767  3327  3327 I wm_on_idle_called: com.miui.home.launcher.Launcher
12-19 20:03:54.893 15882 15882 I wm_on_create_called: [0,85210898,com.ucpro.BrowserActivity,performCreate,869]
12-19 20:03:54.897 15882 15882 I wm_on_start_called: [0,85210898,com.ucpro.BrowserActivity,handleStartActivity,3]
12-19 20:03:54.906 15882 15882 I wm_on_resume_called: [0,85210898,com.ucpro.BrowserActivity,RESUME_ACTIVITY,7]
12-19 20:03:55.004 15882 15882 I wm_on_top_resumed_gained_called: [85210898,com.ucpro.BrowserActivity,topStateChangedWhenResumed]
12-19 20:03:55.048  3327  3400 I com.miui.home: CheckGCForNative adj_start_bytes: 43124971 NativeAllocationGcWatermark: 11636308 java_gc_start_bytes: 25670509 kNewNativeDiscountFactor: 2 kOldNativeDiscountFactor: 65536 old_native_bytes: 122024731 new_native_bytes: 34529968 add_bytes_allowed: 34908924 is_gc_concurrent: 1 target_footprint_: 25981604 GetBytesAllocated: 22150316 HeapGrowthMultiplier: 3
12-19 20:03:55.048  3327  3400 I com.miui.home: CheckGCForNative gc_urgency 0.914022 current_native_bytes is 156554699
12-19 20:03:55.049  3327  3400 I com.miui.home: CheckGCForNative adj_start_bytes: 43124971 NativeAllocationGcWatermark: 11636308 java_gc_start_bytes: 25670509 kNewNativeDiscountFactor: 2 kOldNativeDiscountFactor: 65536 old_native_bytes: 122024731 new_native_bytes: 45236912 add_bytes_allowed: 34908924 is_gc_concurrent: 1 target_footprint_: 25981604 GetBytesAllocated: 22157539 HeapGrowthMultiplier: 3
12-19 20:03:55.049  3327  3400 I com.miui.home: CheckGCForNative gc_urgency 1.03833 current_native_bytes is 167261643
12-19 20:03:55.049  3327  3400 I com.miui.home: CheckGCForNative requested 1
12-19 20:03:55.049  3327  3400 I cccccc  : getTaskThumbnailInfo: 2460 1.0  10705920
12-19 20:03:55.050  3327  3369 I com.miui.home: CheckGCForNative adj_start_bytes: 43124971 NativeAllocationGcWatermark: 11636308 java_gc_start_bytes: 25670509 kNewNativeDiscountFactor: 2 kOldNativeDiscountFactor: 65536 old_native_bytes: 122024731 new_native_bytes: 45237360 add_bytes_allowed: 34908924 is_gc_concurrent: 1 target_footprint_: 25981604 GetBytesAllocated: 22157539 HeapGrowthMultiplier: 3
12-19 20:03:55.050  3327  3369 I com.miui.home: CheckGCForNative gc_urgency 1.03833 current_native_bytes is 167262091
12-19 20:03:55.051  3327  3369 I com.miui.home: CheckGCForNative requested 1
12-19 20:03:55.052  3327  3327 I cccccc  : getTaskThumbnailInfo: 2460 1.0  10705920
12-19 20:03:55.053 15882 15882 I wm_on_top_resumed_lost_called: [85210898,com.ucpro.BrowserActivity,topStateChangedWhenResumed]
12-19 20:03:55.095  3327  3730 I com.miui.home: CheckGCForNative adj_start_bytes: 43124971 NativeAllocationGcWatermark: 11636308 java_gc_start_bytes: 25670509 kNewNativeDiscountFactor: 2 kOldNativeDiscountFactor: 65536 old_native_bytes: 122024731 new_native_bytes: 34602144 add_bytes_allowed: 34908924 is_gc_concurrent: 1 target_footprint_: 25981604 GetBytesAllocated: 22255898 HeapGrowthMultiplier: 3
12-19 20:03:55.095  3327  3730 I com.miui.home: CheckGCForNative gc_urgency 0.917307 current_native_bytes is 156626875
12-19 20:03:55.101  3327  3327 I wm_on_top_resumed_gained_called: [119940603,com.miui.home.launcher.Launcher,topStateChangedWhenResumed]
12-19 20:03:55.218  3327  3730 I com.miui.home: CheckGCForNative adj_start_bytes: 43124971 NativeAllocationGcWatermark: 11636308 java_gc_start_bytes: 25670509 kNewNativeDiscountFactor: 2 kOldNativeDiscountFactor: 65536 old_native_bytes: 122024731 new_native_bytes: 34620400 add_bytes_allowed: 34908924 is_gc_concurrent: 1 target_footprint_: 25981604 GetBytesAllocated: 22368740 HeapGrowthMultiplier: 3
12-19 20:03:55.218  3327  3730 I com.miui.home: CheckGCForNative gc_urgency 0.920135 current_native_bytes is 156645131
12-19 20:03:55.548  3327  3729 I com.miui.home: CheckGCForNative adj_start_bytes: 43124971 NativeAllocationGcWatermark: 11636308 java_gc_start_bytes: 25670509 kNewNativeDiscountFactor: 2 kOldNativeDiscountFactor: 65536 old_native_bytes: 122024731 new_native_bytes: 45350800 add_bytes_allowed: 34908924 is_gc_concurrent: 1 target_footprint_: 25981604 GetBytesAllocated: 22608340 HeapGrowthMultiplier: 3
12-19 20:03:55.548  3327  3729 I com.miui.home: CheckGCForNative gc_urgency 1.0501 current_native_bytes is 167375531
12-19 20:03:55.548  3327  3729 I com.miui.home: CheckGCForNative requested 1
12-19 20:03:55.549  3327  3729 I com.miui.home: CheckGCForNative adj_start_bytes: 43124971 NativeAllocationGcWatermark: 11636308 java_gc_start_bytes: 25670509 kNewNativeDiscountFactor: 2 kOldNativeDiscountFactor: 65536 old_native_bytes: 122024731 new_native_bytes: 56058064 add_bytes_allowed: 34908924 is_gc_concurrent: 1 target_footprint_: 25981604 GetBytesAllocated: 22608532 HeapGrowthMultiplier: 3
12-19 20:03:55.549  3327  3729 I com.miui.home: CheckGCForNative gc_urgency 1.17425 current_native_bytes is 178082795
12-19 20:03:55.550  3327  3729 I com.miui.home: CheckGCForNative requested 1
12-19 20:03:55.550  3327  3729 I cccccc  : getTaskThumbnailInfo: 2460 1.0  10705920
12-19 20:03:55.564  3327  3400 I com.miui.home: CheckGCForNative adj_start_bytes: 43124971 NativeAllocationGcWatermark: 11636308 java_gc_start_bytes: 25670509 kNewNativeDiscountFactor: 2 kOldNativeDiscountFactor: 65536 old_native_bytes: 122024731 new_native_bytes: 56058384 add_bytes_allowed: 34908924 is_gc_concurrent: 1 target_footprint_: 25981604 GetBytesAllocated: 22624916 HeapGrowthMultiplier: 3
12-19 20:03:55.564  3327  3400 I com.miui.home: CheckGCForNative gc_urgency 1.17463 current_native_bytes is 178083115
12-19 20:03:55.564  3327  3400 I com.miui.home: CheckGCForNative requested 1
12-19 20:03:55.568  3327  3327 I cccccc  : getTaskThumbnailInfo: 2460 1.0  10705920
12-19 20:03:55.611  3327  3361 I com.miui.home: NativeAlloc concurrent copying GC freed 200256(8738KB) AllocSpace objects, 26(680KB) LOS objects, 49% free, 12MB/24MB, paused 102us,26us total 557.949ms
12-19 20:03:56.157  3327  3386 D cccccc  : onTaskStackChangedBackground
12-19 20:03:56.157  3327  3369 D cccccc  : onTaskStackChangedBackground
12-19 20:03:56.223  3327  3989 I com.miui.home: CheckGCForNative gc_urgency 0 current_native_bytes is 142509059
12-19 20:03:56.294  3327  3989 I cccccc  : getTaskSnapshotInstance:
12-19 20:03:56.296  3327  3989 I com.miui.home: CheckGCForNative adj_start_bytes: 42989182 NativeAllocationGcWatermark: 11639775 java_gc_start_bytes: 25529520 kNewNativeDiscountFactor: 2 kOldNativeDiscountFactor: 65536 old_native_bytes: 142509059 new_native_bytes: 12060660 add_bytes_allowed: 34919325 is_gc_concurrent: 1 target_footprint_: 26009336 GetBytesAllocated: 13945739 HeapGrowthMultiplier: 3
12-19 20:03:56.296  3327  3989 I com.miui.home: CheckGCForNative gc_urgency 0.464727 current_native_bytes is 154569719
12-19 20:03:56.298  3327  3989 I cccccc  : getTaskThumbnailInfo: 2460 1.0  10705920
12-19 20:03:57.481 16007 16007 I wm_on_application_create_called: [0,com.tencent.mm,1458]
12-19 20:03:58.716 12137 12137 I wm_on_application_create_called: [0,com.xunmeng.pinduoduo,27590]
12-19 20:03:58.736 16283 16283 I wm_on_application_create_called: [0,com.UCMobile,2320]
