12-21 13:37:43.849  3312  3312 I com.miui.home: CheckGCForNative adj_start_bytes: 33560198 NativeAllocationGcWatermark: 10631221 java_gc_start_bytes: 17613367 kNewNativeDiscountFactor: 2 kOldNativeDiscountFactor: 65536 old_native_bytes: 140424555 new_native_bytes: 458588 add_bytes_allowed: 31893663 is_gc_concurrent: 1 target_footprint_: 17940908 GetBytesAllocated: 15335817 HeapGrowthMultiplier: 3
12-21 13:37:43.849  3312  3312 I com.miui.home: CheckGCForNative gc_urgency 0.463861 current_native_bytes is 140883143
12-21 13:37:43.851  3312  3312 I com.miui.home: CheckGCForNative adj_start_bytes: 33560198 NativeAllocationGcWatermark: 10631221 java_gc_start_bytes: 17613367 kNewNativeDiscountFactor: 2 kOldNativeDiscountFactor: 65536 old_native_bytes: 140424555 new_native_bytes: 468164 add_bytes_allowed: 31893663 is_gc_concurrent: 1 target_footprint_: 17940908 GetBytesAllocated: 15352201 HeapGrowthMultiplier: 3
12-21 13:37:43.851  3312  3312 I com.miui.home: CheckGCForNative gc_urgency 0.464491 current_native_bytes is 140892719
12-21 13:37:43.863  3312  3312 I wm_on_top_resumed_gained_called: [144327058,com.miui.home.launcher.Launcher,topStateChangedWhenResumed]
12-21 13:37:43.864  3312  3312 I wm_on_idle_called: com.miui.home.launcher.Launcher
12-21 13:37:43.971  3312  3312 I wm_on_top_resumed_lost_called: [144327058,com.miui.home.launcher.Launcher,pausing]
12-21 13:37:43.972  3312  3312 I wm_on_paused_called: [0,144327058,com.miui.home.launcher.Launcher,performPause,1]
12-21 13:37:43.981  3312  3312 I wm_on_resume_called: [0,144327058,com.miui.home.launcher.Launcher,LIFECYCLER_RESUME_ACTIVITY,3]
12-21 13:37:43.981  3312  3312 I wm_on_top_resumed_gained_called: [144327058,com.miui.home.launcher.Launcher,topWhenResuming]
12-21 13:37:43.985  3312  3312 I wm_on_idle_called: com.miui.home.launcher.Launcher
12-21 13:37:44.002  3312  3312 I wm_on_top_resumed_lost_called: [144327058,com.miui.home.launcher.Launcher,pausing]
12-21 13:37:44.003  3312  3312 I wm_on_paused_called: [0,144327058,com.miui.home.launcher.Launcher,performPause,1]
12-21 13:37:44.007  3312  3312 I wm_on_resume_called: [0,144327058,com.miui.home.launcher.Launcher,LIFECYCLER_RESUME_ACTIVITY,4]
12-21 13:37:44.008  3312  3312 I wm_on_top_resumed_gained_called: [144327058,com.miui.home.launcher.Launcher,topWhenResuming]
12-21 13:37:44.019  3312  3312 I wm_on_idle_called: com.miui.home.launcher.Launcher
12-21 13:37:44.074  3312  3312 I wm_on_top_resumed_lost_called: [144327058,com.miui.home.launcher.Launcher,pausing]
12-21 13:37:44.075  3312  3312 I wm_on_paused_called: [0,144327058,com.miui.home.launcher.Launcher,performPause,0]
12-21 13:37:44.078  3312  3312 I wm_on_resume_called: [0,144327058,com.miui.home.launcher.Launcher,LIFECYCLER_RESUME_ACTIVITY,2]
12-21 13:37:44.078  3312  3312 I wm_on_top_resumed_gained_called: [144327058,com.miui.home.launcher.Launcher,topWhenResuming]
12-21 13:37:44.097  3312  3312 I wm_on_idle_called: com.miui.home.launcher.Launcher
12-21 13:37:44.101 13176 13176 I wm_on_idle_called: com.tencent.mm.ui.LauncherUI
12-21 13:37:44.101 13176 13176 I wm_on_idle_called: com.tencent.mm.plugin.account.ui.WelcomeActivity
12-21 13:37:44.111  3312  9136 I com.miui.home: CheckGCForNative adj_start_bytes: 33560198 NativeAllocationGcWatermark: 10631221 java_gc_start_bytes: 17613367 kNewNativeDiscountFactor: 2 kOldNativeDiscountFactor: 65536 old_native_bytes: 140424555 new_native_bytes: 11873696 add_bytes_allowed: 31893663 is_gc_concurrent: 1 target_footprint_: 17940908 GetBytesAllocated: 16991411 HeapGrowthMultiplier: 3
12-21 13:37:44.111  3312  9136 I com.miui.home: CheckGCForNative gc_urgency 0.683262 current_native_bytes is 152298251
12-21 13:37:44.119  3312  3312 I com.miui.home: CheckGCForNative adj_start_bytes: 33560198 NativeAllocationGcWatermark: 10631221 java_gc_start_bytes: 17613367 kNewNativeDiscountFactor: 2 kOldNativeDiscountFactor: 65536 old_native_bytes: 140424555 new_native_bytes: 22578304 add_bytes_allowed: 31893663 is_gc_concurrent: 1 target_footprint_: 17940908 GetBytesAllocated: 17002412 HeapGrowthMultiplier: 3
12-21 13:37:44.119  3312  3312 I com.miui.home: CheckGCForNative gc_urgency 0.843073 current_native_bytes is 163002859
12-21 13:37:44.148  3312  3312 I wm_on_top_resumed_lost_called: [144327058,com.miui.home.launcher.Launcher,pausing]
12-21 13:37:44.149  3312  3312 I wm_on_paused_called: [0,144327058,com.miui.home.launcher.Launcher,performPause,0]
12-21 13:37:44.153  3312  3312 I wm_on_resume_called: [0,144327058,com.miui.home.launcher.Launcher,LIFECYCLER_RESUME_ACTIVITY,3]
12-21 13:37:44.154  3312  3312 I wm_on_top_resumed_gained_called: [144327058,com.miui.home.launcher.Launcher,topWhenResuming]
12-21 13:37:44.165  3312  3312 I wm_on_idle_called: com.miui.home.launcher.Launcher
12-21 13:37:44.256 13176 13176 I wm_on_paused_called: [0,180902696,com.tencent.mm.plugin.account.ui.WelcomeActivity,performPause,52]
12-21 13:37:44.278 13176 13176 I wm_on_stop_called: [0,180902696,com.tencent.mm.plugin.account.ui.WelcomeActivity,STOP_ACTIVITY_ITEM,14]
12-21 13:37:44.910 13287 13287 I wm_on_create_called: [0,162445700,com.tencent.qqlive.ona.activity.SplashHomeActivity,performCreate,1078]
12-21 13:37:45.777  3312  3312 I wm_on_top_resumed_lost_called: [144327058,com.miui.home.launcher.Launcher,topStateChangedWhenResumed]
12-21 13:37:45.781  3312  3312 I wm_on_paused_called: [0,144327058,com.miui.home.launcher.Launcher,performPause,0]
12-21 13:37:45.932  3312  9136 I com.miui.home: CheckGCForNative gc_urgency 0 current_native_bytes is 150691971
12-21 13:37:46.058  3312  3719 I com.miui.home: CheckGCForNative adj_start_bytes: 33756667 NativeAllocationGcWatermark: 10631221 java_gc_start_bytes: 17809836 kNewNativeDiscountFactor: 2 kOldNativeDiscountFactor: 65536 old_native_bytes: 150691971 new_native_bytes: 12029796 add_bytes_allowed: 31893663 is_gc_concurrent: 1 target_footprint_: 17940908 GetBytesAllocated: 10503041 HeapGrowthMultiplier: 3
12-21 13:37:46.058  3312  3719 I com.miui.home: CheckGCForNative gc_urgency 0.489392 current_native_bytes is 162721767
12-21 13:37:46.134  3312  3493 I com.miui.home: CheckGCForNative adj_start_bytes: 33756667 NativeAllocationGcWatermark: 10631221 java_gc_start_bytes: 17809836 kNewNativeDiscountFactor: 2 kOldNativeDiscountFactor: 65536 old_native_bytes: 150691971 new_native_bytes: 1404516 add_bytes_allowed: 31893663 is_gc_concurrent: 1 target_footprint_: 17940908 GetBytesAllocated: 10904618 HeapGrowthMultiplier: 3
12-21 13:37:46.134  3312  3493 I com.miui.home: CheckGCForNative gc_urgency 0.343908 current_native_bytes is 152096487
12-21 13:37:46.290  3312  3493 I com.miui.home: CheckGCForNative adj_start_bytes: 33756667 NativeAllocationGcWatermark: 10631221 java_gc_start_bytes: 17809836 kNewNativeDiscountFactor: 2 kOldNativeDiscountFactor: 65536 old_native_bytes: 150691971 new_native_bytes: 1581080 add_bytes_allowed: 31893663 is_gc_concurrent: 1 target_footprint_: 17940908 GetBytesAllocated: 11161453 HeapGrowthMultiplier: 3
12-21 13:37:46.290  3312  3493 I com.miui.home: CheckGCForNative gc_urgency 0.354131 current_native_bytes is 152273051
12-21 13:37:46.435  3312  3493 I com.miui.home: CheckGCForNative adj_start_bytes: 33756667 NativeAllocationGcWatermark: 10631221 java_gc_start_bytes: 17809836 kNewNativeDiscountFactor: 2 kOldNativeDiscountFactor: 65536 old_native_bytes: 150691971 new_native_bytes: 1592408 add_bytes_allowed: 31893663 is_gc_concurrent: 1 target_footprint_: 17940908 GetBytesAllocated: 11212642 HeapGrowthMultiplier: 3
12-21 13:37:46.435  3312  3493 I com.miui.home: CheckGCForNative gc_urgency 0.355815 current_native_bytes is 152284379
12-21 13:37:46.512 15895 15895 I wm_on_application_create_called: [0,com.sina.weibo,265]
12-21 13:37:46.637 15895 15895 I wm_on_create_called: [0,233603179,com.sina.weibo.SplashActivity,performCreate,104]
12-21 13:37:46.641 15895 15895 I wm_on_start_called: [0,233603179,com.sina.weibo.SplashActivity,handleStartActivity,4]
12-21 13:37:46.652 15895 15895 I wm_on_resume_called: [0,233603179,com.sina.weibo.SplashActivity,RESUME_ACTIVITY,8]
12-21 13:37:46.662  3312  3312 I wm_on_stop_called: [0,144327058,com.miui.home.launcher.Launcher,STOP_ACTIVITY_ITEM,5]
12-21 13:37:46.745 15895 15895 I wm_on_top_resumed_gained_called: [233603179,com.sina.weibo.SplashActivity,topStateChangedWhenResumed]
12-21 13:37:47.073 15895 15895 I wm_on_top_resumed_lost_called: [233603179,com.sina.weibo.SplashActivity,topStateChangedWhenResumed]
12-21 13:37:47.076 15895 15895 I wm_on_paused_called: [0,233603179,com.sina.weibo.SplashActivity,performPause,1]
12-21 13:37:47.160 16002 16002 I wm_on_application_create_called: [0,com.sina.weibo,313]
12-21 13:37:47.276  3312  3312 I wm_on_restart_called: [0,144327058,com.miui.home.launcher.Launcher,,0]
12-21 13:37:47.276  3312  3312 I wm_on_start_called: [0,144327058,com.miui.home.launcher.Launcher,handleStartActivity,1]
12-21 13:37:47.280  3312  3312 I wm_on_resume_called: [0,144327058,com.miui.home.launcher.Launcher,RESUME_ACTIVITY,3]
12-21 13:37:47.316  3312  3312 I wm_on_idle_called: com.miui.home.launcher.Launcher
12-21 13:37:47.365 15895 15895 I wm_on_create_called: [0,10495913,com.sina.weibo.VisitorMainTabActivity,performCreate,240]
12-21 13:37:47.367 15895 15895 I wm_on_start_called: [0,10495913,com.sina.weibo.VisitorMainTabActivity,handleStartActivity,2]
12-21 13:37:47.432  3312  3356 I com.miui.home: CheckGCForNative adj_start_bytes: 33756667 NativeAllocationGcWatermark: 10631221 java_gc_start_bytes: 17809836 kNewNativeDiscountFactor: 2 kOldNativeDiscountFactor: 65536 old_native_bytes: 150691971 new_native_bytes: 12511256 add_bytes_allowed: 31893663 is_gc_concurrent: 1 target_footprint_: 17940908 GetBytesAllocated: 13488053 HeapGrowthMultiplier: 3
12-21 13:37:47.432  3312  3356 I com.miui.home: CheckGCForNative gc_urgency 0.584951 current_native_bytes is 163203227
12-21 13:37:47.433  3312  3312 I com.miui.home: CheckGCForNative adj_start_bytes: 33756667 NativeAllocationGcWatermark: 10631221 java_gc_start_bytes: 17809836 kNewNativeDiscountFactor: 2 kOldNativeDiscountFactor: 65536 old_native_bytes: 150691971 new_native_bytes: 23218520 add_bytes_allowed: 31893663 is_gc_concurrent: 1 target_footprint_: 17940908 GetBytesAllocated: 13492116 HeapGrowthMultiplier: 3
12-21 13:37:47.434  3312  3312 I com.miui.home: CheckGCForNative gc_urgency 0.743666 current_native_bytes is 173910491
12-21 13:37:47.436  3312  3619 I com.miui.home: CheckGCForNative adj_start_bytes: 33756667 NativeAllocationGcWatermark: 10631221 java_gc_start_bytes: 17809836 kNewNativeDiscountFactor: 2 kOldNativeDiscountFactor: 65536 old_native_bytes: 150691971 new_native_bytes: 23218840 add_bytes_allowed: 31893663 is_gc_concurrent: 1 target_footprint_: 17940908 GetBytesAllocated: 13492116 HeapGrowthMultiplier: 3
12-21 13:37:47.436  3312  3619 I com.miui.home: CheckGCForNative gc_urgency 0.74367 current_native_bytes is 173910811
12-21 13:37:47.537  3312  3719 I com.miui.home: CheckGCForNative adj_start_bytes: 33756667 NativeAllocationGcWatermark: 10631221 java_gc_start_bytes: 17809836 kNewNativeDiscountFactor: 2 kOldNativeDiscountFactor: 65536 old_native_bytes: 150691971 new_native_bytes: 12706028 add_bytes_allowed: 31893663 is_gc_concurrent: 1 target_footprint_: 17940908 GetBytesAllocated: 13945282 HeapGrowthMultiplier: 3
12-21 13:37:47.538  3312  3719 I com.miui.home: CheckGCForNative gc_urgency 0.60138 current_native_bytes is 163397999
12-21 13:37:47.559  3312  3719 I com.miui.home: CheckGCForNative adj_start_bytes: 33756667 NativeAllocationGcWatermark: 10631221 java_gc_start_bytes: 17809836 kNewNativeDiscountFactor: 2 kOldNativeDiscountFactor: 65536 old_native_bytes: 150691971 new_native_bytes: 23607916 add_bytes_allowed: 31893663 is_gc_concurrent: 1 target_footprint_: 17940908 GetBytesAllocated: 14096509 HeapGrowthMultiplier: 3
12-21 13:37:47.559  3312  3719 I com.miui.home: CheckGCForNative gc_urgency 0.767338 current_native_bytes is 174299887
12-21 13:37:47.652 15895 15895 I wm_on_create_called: [0,0,com.sina.weibo.feed.visitor.VisitorHomeActivity,performCreate,221]
12-21 13:37:47.660 15895 15895 I wm_on_start_called: [0,0,com.sina.weibo.feed.visitor.VisitorHomeActivity,handleStartActivity,7]
12-21 13:37:47.693  3312  3493 I com.miui.home: CheckGCForNative adj_start_bytes: 33756667 NativeAllocationGcWatermark: 10631221 java_gc_start_bytes: 17809836 kNewNativeDiscountFactor: 2 kOldNativeDiscountFactor: 65536 old_native_bytes: 150691971 new_native_bytes: 12914796 add_bytes_allowed: 31893663 is_gc_concurrent: 1 target_footprint_: 17940908 GetBytesAllocated: 14139706 HeapGrowthMultiplier: 3
12-21 13:37:47.693  3312  3493 I com.miui.home: CheckGCForNative gc_urgency 0.610232 current_native_bytes is 163606767
12-21 13:37:47.705 15895 15895 I wm_on_resume_called: [0,0,com.sina.weibo.feed.visitor.VisitorHomeActivity,moveToState-INITIALIZING,45]
12-21 13:37:47.727 15895 15895 I wm_on_resume_called: [0,10495913,com.sina.weibo.VisitorMainTabActivity,RESUME_ACTIVITY,358]
12-21 13:37:47.744 15895 15895 I wm_on_top_resumed_gained_called: [10495913,com.sina.weibo.VisitorMainTabActivity,topStateChangedWhenResumed]
12-21 13:37:47.754 15895 15895 I wm_on_top_resumed_lost_called: [10495913,com.sina.weibo.VisitorMainTabActivity,topStateChangedWhenResumed]
12-21 13:37:47.759  3312  3312 I wm_on_top_resumed_gained_called: [144327058,com.miui.home.launcher.Launcher,topStateChangedWhenResumed]
12-21 13:37:47.838  3312  3493 I com.miui.home: CheckGCForNative adj_start_bytes: 33756667 NativeAllocationGcWatermark: 10631221 java_gc_start_bytes: 17809836 kNewNativeDiscountFactor: 2 kOldNativeDiscountFactor: 65536 old_native_bytes: 150691971 new_native_bytes: 12924972 add_bytes_allowed: 31893663 is_gc_concurrent: 1 target_footprint_: 17940908 GetBytesAllocated: 14221879 HeapGrowthMultiplier: 3
12-21 13:37:47.838  3312  3493 I com.miui.home: CheckGCForNative gc_urgency 0.612817 current_native_bytes is 163616943
12-21 13:37:47.914  3312  3492 I com.miui.home: CheckGCForNative adj_start_bytes: 33756667 NativeAllocationGcWatermark: 10631221 java_gc_start_bytes: 17809836 kNewNativeDiscountFactor: 2 kOldNativeDiscountFactor: 65536 old_native_bytes: 150691971 new_native_bytes: 23591212 add_bytes_allowed: 31893663 is_gc_concurrent: 1 target_footprint_: 17940908 GetBytesAllocated: 14248678 HeapGrowthMultiplier: 3
12-21 13:37:47.914  3312  3492 I com.miui.home: CheckGCForNative gc_urgency 0.771598 current_native_bytes is 174283183
12-21 13:37:47.914  3312  3492 I com.miui.home: CheckGCForNative adj_start_bytes: 33756667 NativeAllocationGcWatermark: 10631221 java_gc_start_bytes: 17809836 kNewNativeDiscountFactor: 2 kOldNativeDiscountFactor: 65536 old_native_bytes: 150691971 new_native_bytes: 34298156 add_bytes_allowed: 31893663 is_gc_concurrent: 1 target_footprint_: 17940908 GetBytesAllocated: 14253318 HeapGrowthMultiplier: 3
12-21 13:37:47.914  3312  3492 I com.miui.home: CheckGCForNative gc_urgency 0.930326 current_native_bytes is 184990127
12-21 13:37:47.914  3312  3619 I com.miui.home: CheckGCForNative adj_start_bytes: 33756667 NativeAllocationGcWatermark: 10631221 java_gc_start_bytes: 17809836 kNewNativeDiscountFactor: 2 kOldNativeDiscountFactor: 65536 old_native_bytes: 150691971 new_native_bytes: 34298156 add_bytes_allowed: 31893663 is_gc_concurrent: 1 target_footprint_: 17940908 GetBytesAllocated: 14253318 HeapGrowthMultiplier: 3
12-21 13:37:47.914  3312  3619 I com.miui.home: CheckGCForNative gc_urgency 0.930326 current_native_bytes is 184990127
12-21 13:37:48.237  3312  3312 I wm_on_top_resumed_lost_called: [144327058,com.miui.home.launcher.Launcher,topStateChangedWhenResumed]
12-21 13:37:48.239  3312  3312 I wm_on_paused_called: [0,144327058,com.miui.home.launcher.Launcher,performPause,0]
12-21 13:37:48.410  3312  3719 I com.miui.home: CheckGCForNative adj_start_bytes: 33756667 NativeAllocationGcWatermark: 10631221 java_gc_start_bytes: 17809836 kNewNativeDiscountFactor: 2 kOldNativeDiscountFactor: 65536 old_native_bytes: 150691971 new_native_bytes: 34663752 add_bytes_allowed: 31893663 is_gc_concurrent: 1 target_footprint_: 17940908 GetBytesAllocated: 15485006 HeapGrowthMultiplier: 3
12-21 13:37:48.410  3312  3719 I com.miui.home: CheckGCForNative gc_urgency 0.972228 current_native_bytes is 185355723
12-21 13:37:48.440  3312  3493 I com.miui.home: CheckGCForNative adj_start_bytes: 33756667 NativeAllocationGcWatermark: 10631221 java_gc_start_bytes: 17809836 kNewNativeDiscountFactor: 2 kOldNativeDiscountFactor: 65536 old_native_bytes: 150691971 new_native_bytes: 23958568 add_bytes_allowed: 31893663 is_gc_concurrent: 1 target_footprint_: 17940908 GetBytesAllocated: 15552170 HeapGrowthMultiplier: 3
12-21 13:37:48.440  3312  3493 I com.miui.home: CheckGCForNative gc_urgency 0.815654 current_native_bytes is 174650539
12-21 13:37:48.651  3312  3493 I com.miui.home: CheckGCForNative adj_start_bytes: 33756667 NativeAllocationGcWatermark: 10631221 java_gc_start_bytes: 17809836 kNewNativeDiscountFactor: 2 kOldNativeDiscountFactor: 65536 old_native_bytes: 150691971 new_native_bytes: 24218788 add_bytes_allowed: 31893663 is_gc_concurrent: 1 target_footprint_: 17940908 GetBytesAllocated: 16168987 HeapGrowthMultiplier: 3
12-21 13:37:48.651  3312  3493 I com.miui.home: CheckGCForNative gc_urgency 0.837781 current_native_bytes is 174910759
12-21 13:37:48.707  3312  3493 I com.miui.home: CheckGCForNative adj_start_bytes: 33756667 NativeAllocationGcWatermark: 10631221 java_gc_start_bytes: 17809836 kNewNativeDiscountFactor: 2 kOldNativeDiscountFactor: 65536 old_native_bytes: 150691971 new_native_bytes: 24223076 add_bytes_allowed: 31893663 is_gc_concurrent: 1 target_footprint_: 17940908 GetBytesAllocated: 16185244 HeapGrowthMultiplier: 3
12-21 13:37:48.707  3312  3493 I com.miui.home: CheckGCForNative gc_urgency 0.838326 current_native_bytes is 174915047
12-21 13:37:48.855 15895 15895 I wm_on_stop_called: [0,233603179,com.sina.weibo.SplashActivity,LIFECYCLER_STOP_ACTIVITY,4]
12-21 13:37:48.857 15895 15895 I wm_on_destroy_called: [0,233603179,com.sina.weibo.SplashActivity,performDestroy,1]
12-21 13:37:48.919 15895 15895 I wm_on_paused_called: [0,0,com.sina.weibo.feed.visitor.VisitorHomeActivity,performPause,24]
12-21 13:37:48.922 15895 15895 I wm_on_paused_called: [0,10495913,com.sina.weibo.VisitorMainTabActivity,performPause,31]
12-21 13:37:48.983 15895 15895 I wm_on_stop_called: [0,0,com.sina.weibo.feed.visitor.VisitorHomeActivity,moveToState-STARTED,52]
12-21 13:37:48.984 15895 15895 I wm_on_stop_called: [0,10495913,com.sina.weibo.VisitorMainTabActivity,STOP_ACTIVITY_ITEM,58]
12-21 13:37:49.042 16205 16205 I wm_on_application_create_called: [0,com.UCMobile,226]
12-21 13:37:49.178 16205 16205 I wm_on_create_called: [0,114446015,com.UCMobile.main.UCMobile,performCreate,114]
12-21 13:37:49.285 16205 16205 I wm_on_create_called: [0,242981056,com.uc.browser.InnerUCMobile,performCreate,38]
12-21 13:37:49.288 16205 16205 I wm_on_start_called: [0,242981056,com.uc.browser.InnerUCMobile,handleStartActivity,2]
12-21 13:37:49.302 16205 16205 I wm_on_resume_called: [0,242981056,com.uc.browser.InnerUCMobile,RESUME_ACTIVITY,7]
12-21 13:37:49.345 16205 16205 I wm_on_top_resumed_gained_called: [242981056,com.uc.browser.InnerUCMobile,topStateChangedWhenResumed]
12-21 13:37:49.666  3312  3312 I wm_on_stop_called: [0,144327058,com.miui.home.launcher.Launcher,STOP_ACTIVITY_ITEM,10]
12-21 13:37:49.667  3312  3312 I com.miui.home: CheckGCForNative adj_start_bytes: 33756667 NativeAllocationGcWatermark: 10631221 java_gc_start_bytes: 17809836 kNewNativeDiscountFactor: 2 kOldNativeDiscountFactor: 65536 old_native_bytes: 150691971 new_native_bytes: 24566508 add_bytes_allowed: 31893663 is_gc_concurrent: 1 target_footprint_: 17940908 GetBytesAllocated: 17615611 HeapGrowthMultiplier: 3
12-21 13:37:49.667  3312  3312 I com.miui.home: CheckGCForNative gc_urgency 0.885785 current_native_bytes is 175258479
12-21 13:37:49.869 15895 15895 I wm_on_idle_called: com.sina.weibo.VisitorMainTabActivity
12-21 13:37:49.940  3312  3312 I wm_on_restart_called: [0,144327058,com.miui.home.launcher.Launcher,,0]
12-21 13:37:49.940  3312  3312 I wm_on_start_called: [0,144327058,com.miui.home.launcher.Launcher,handleStartActivity,1]
12-21 13:37:49.944  3312  3312 I wm_on_resume_called: [0,144327058,com.miui.home.launcher.Launcher,RESUME_ACTIVITY,4]
12-21 13:37:50.006  3312  3312 I wm_on_idle_called: com.miui.home.launcher.Launcher
12-21 13:37:50.048 16205 16205 I wm_on_destroy_called: [0,114446015,com.UCMobile.main.UCMobile,performDestroy,0]
12-21 13:37:50.345  3312  9136 I com.miui.home: CheckGCForNative gc_urgency 0 current_native_bytes is 172652327
12-21 13:37:50.346  3312  9136 I com.miui.home: CheckGCForNative adj_start_bytes: 33363451 NativeAllocationGcWatermark: 10631221 java_gc_start_bytes: 17416620 kNewNativeDiscountFactor: 2 kOldNativeDiscountFactor: 65536 old_native_bytes: 172652327 new_native_bytes: 10706944 add_bytes_allowed: 31893663 is_gc_concurrent: 1 target_footprint_: 17940908 GetBytesAllocated: 10370311 HeapGrowthMultiplier: 3
12-21 13:37:50.346  3312  9136 I com.miui.home: CheckGCForNative gc_urgency 0.471367 current_native_bytes is 183359271
12-21 13:37:50.446 16205 16205 I wm_on_top_resumed_lost_called: [242981056,com.uc.browser.InnerUCMobile,topStateChangedWhenResumed]
12-21 13:37:50.456  3312  3312 I wm_on_top_resumed_gained_called: [144327058,com.miui.home.launcher.Launcher,topStateChangedWhenResumed]
12-21 13:37:50.477  3312  3619 I com.miui.home: CheckGCForNative adj_start_bytes: 33363451 NativeAllocationGcWatermark: 10631221 java_gc_start_bytes: 17416620 kNewNativeDiscountFactor: 2 kOldNativeDiscountFactor: 65536 old_native_bytes: 172652327 new_native_bytes: 10748368 add_bytes_allowed: 31893663 is_gc_concurrent: 1 target_footprint_: 17940908 GetBytesAllocated: 10435602 HeapGrowthMultiplier: 3
12-21 13:37:50.477  3312  3619 I com.miui.home: CheckGCForNative gc_urgency 0.473944 current_native_bytes is 183400695
12-21 13:37:50.545  3312  3493 I com.miui.home: CheckGCForNative adj_start_bytes: 33363451 NativeAllocationGcWatermark: 10631221 java_gc_start_bytes: 17416620 kNewNativeDiscountFactor: 2 kOldNativeDiscountFactor: 65536 old_native_bytes: 172652327 new_native_bytes: 48208 add_bytes_allowed: 31893663 is_gc_concurrent: 1 target_footprint_: 17940908 GetBytesAllocated: 10465330 HeapGrowthMultiplier: 3
12-21 13:37:50.545  3312  3493 I com.miui.home: CheckGCForNative gc_urgency 0.314478 current_native_bytes is 172700535
12-21 13:37:50.578  3312  3493 I com.miui.home: CheckGCForNative adj_start_bytes: 33363451 NativeAllocationGcWatermark: 10631221 java_gc_start_bytes: 17416620 kNewNativeDiscountFactor: 2 kOldNativeDiscountFactor: 65536 old_native_bytes: 172652327 new_native_bytes: 51088 add_bytes_allowed: 31893663 is_gc_concurrent: 1 target_footprint_: 17940908 GetBytesAllocated: 10479349 HeapGrowthMultiplier: 3
12-21 13:37:50.578  3312  3493 I com.miui.home: CheckGCForNative gc_urgency 0.314941 current_native_bytes is 172703415
12-21 13:37:50.836  3312  9520 I com.miui.home: CheckGCForNative adj_start_bytes: 33363451 NativeAllocationGcWatermark: 10631221 java_gc_start_bytes: 17416620 kNewNativeDiscountFactor: 2 kOldNativeDiscountFactor: 65536 old_native_bytes: 172652327 new_native_bytes: 10765472 add_bytes_allowed: 31893663 is_gc_concurrent: 1 target_footprint_: 17940908 GetBytesAllocated: 10568935 HeapGrowthMultiplier: 3
12-21 13:37:50.836  3312  9520 I com.miui.home: CheckGCForNative gc_urgency 0.478197 current_native_bytes is 183417799
12-21 13:37:50.837  3312  3312 I com.miui.home: CheckGCForNative adj_start_bytes: 33363451 NativeAllocationGcWatermark: 10631221 java_gc_start_bytes: 17416620 kNewNativeDiscountFactor: 2 kOldNativeDiscountFactor: 65536 old_native_bytes: 172652327 new_native_bytes: 21468832 add_bytes_allowed: 31893663 is_gc_concurrent: 1 target_footprint_: 17940908 GetBytesAllocated: 10584582 HeapGrowthMultiplier: 3
12-21 13:37:50.837  3312  3312 I com.miui.home: CheckGCForNative gc_urgency 0.639072 current_native_bytes is 194121159
12-21 13:37:50.841  3312  3492 I com.miui.home: CheckGCForNative adj_start_bytes: 33363451 NativeAllocationGcWatermark: 10631221 java_gc_start_bytes: 17416620 kNewNativeDiscountFactor: 2 kOldNativeDiscountFactor: 65536 old_native_bytes: 172652327 new_native_bytes: 21470368 add_bytes_allowed: 31893663 is_gc_concurrent: 1 target_footprint_: 17940908 GetBytesAllocated: 10584582 HeapGrowthMultiplier: 3
12-21 13:37:50.841  3312  3492 I com.miui.home: CheckGCForNative gc_urgency 0.639095 current_native_bytes is 194122695
12-21 13:37:51.025  3312  9520 I com.miui.home: CheckGCForNative adj_start_bytes: 33363451 NativeAllocationGcWatermark: 10631221 java_gc_start_bytes: 17416620 kNewNativeDiscountFactor: 2 kOldNativeDiscountFactor: 65536 old_native_bytes: 172652327 new_native_bytes: 10894288 add_bytes_allowed: 31893663 is_gc_concurrent: 1 target_footprint_: 17940908 GetBytesAllocated: 10749743 HeapGrowthMultiplier: 3
12-21 13:37:51.025  3312  9520 I com.miui.home: CheckGCForNative gc_urgency 0.485547 current_native_bytes is 183546615
12-21 13:37:51.181  3312  3312 I wm_on_top_resumed_lost_called: [144327058,com.miui.home.launcher.Launcher,topStateChangedWhenResumed]
12-21 13:37:51.240  3312 16671 I com.miui.home: CheckGCForNative adj_start_bytes: 33363451 NativeAllocationGcWatermark: 10631221 java_gc_start_bytes: 17416620 kNewNativeDiscountFactor: 2 kOldNativeDiscountFactor: 65536 old_native_bytes: 172652327 new_native_bytes: 11176384 add_bytes_allowed: 31893663 is_gc_concurrent: 1 target_footprint_: 17940908 GetBytesAllocated: 11098456 HeapGrowthMultiplier: 3
12-21 13:37:51.240  3312 16671 I com.miui.home: CheckGCForNative gc_urgency 0.500226 current_native_bytes is 183828711
12-21 13:37:51.360  3312  3312 I wm_on_paused_called: [0,144327058,com.miui.home.launcher.Launcher,performPause,1]
12-21 13:37:51.532  3312  3719 I com.miui.home: CheckGCForNative adj_start_bytes: 33363451 NativeAllocationGcWatermark: 10631221 java_gc_start_bytes: 17416620 kNewNativeDiscountFactor: 2 kOldNativeDiscountFactor: 65536 old_native_bytes: 172652327 new_native_bytes: 22969964 add_bytes_allowed: 31893663 is_gc_concurrent: 1 target_footprint_: 17940908 GetBytesAllocated: 12005447 HeapGrowthMultiplier: 3
12-21 13:37:51.532  3312  3719 I com.miui.home: CheckGCForNative gc_urgency 0.704156 current_native_bytes is 195622291
12-21 13:37:51.558  3312  3719 I com.miui.home: CheckGCForNative adj_start_bytes: 33363451 NativeAllocationGcWatermark: 10631221 java_gc_start_bytes: 17416620 kNewNativeDiscountFactor: 2 kOldNativeDiscountFactor: 65536 old_native_bytes: 172652327 new_native_bytes: 12264044 add_bytes_allowed: 31893663 is_gc_concurrent: 1 target_footprint_: 17940908 GetBytesAllocated: 12186981 HeapGrowthMultiplier: 3
12-21 13:37:51.558  3312  3719 I com.miui.home: CheckGCForNative gc_urgency 0.549153 current_native_bytes is 184916371
12-21 13:37:52.004  3312  3493 I com.miui.home: CheckGCForNative adj_start_bytes: 33363451 NativeAllocationGcWatermark: 10631221 java_gc_start_bytes: 17416620 kNewNativeDiscountFactor: 2 kOldNativeDiscountFactor: 65536 old_native_bytes: 172652327 new_native_bytes: 12950880 add_bytes_allowed: 31893663 is_gc_concurrent: 1 target_footprint_: 17940908 GetBytesAllocated: 12735592 HeapGrowthMultiplier: 3
12-21 13:37:52.004  3312  3493 I com.miui.home: CheckGCForNative gc_urgency 0.57589 current_native_bytes is 185603207
12-21 13:37:52.149  3312  3493 I com.miui.home: CheckGCForNative adj_start_bytes: 33363451 NativeAllocationGcWatermark: 10631221 java_gc_start_bytes: 17416620 kNewNativeDiscountFactor: 2 kOldNativeDiscountFactor: 65536 old_native_bytes: 172652327 new_native_bytes: 12909152 add_bytes_allowed: 31893663 is_gc_concurrent: 1 target_footprint_: 17940908 GetBytesAllocated: 12773878 HeapGrowthMultiplier: 3
12-21 13:37:52.149  3312  3493 I com.miui.home: CheckGCForNative gc_urgency 0.576412 current_native_bytes is 185561479
12-21 13:37:52.716 16697 16697 I wm_on_create_called: [0,247995744,com.tencent.mtt.SplashActivity,performCreate,89]
12-21 13:37:52.854 15871 15871 I wm_on_application_create_called: [0,com.dragon.read,2997]
12-21 13:37:52.882 16697 16697 I wm_on_create_called: [0,73295945,com.tencent.mtt.MainActivity,performCreate,83]
12-21 13:37:52.886 16697 16697 I wm_on_start_called: [0,73295945,com.tencent.mtt.MainActivity,handleStartActivity,4]
12-21 13:37:52.925  3312  3719 I com.miui.home: CheckGCForNative adj_start_bytes: 33363451 NativeAllocationGcWatermark: 10631221 java_gc_start_bytes: 17416620 kNewNativeDiscountFactor: 2 kOldNativeDiscountFactor: 65536 old_native_bytes: 172652327 new_native_bytes: 12732636 add_bytes_allowed: 31893663 is_gc_concurrent: 1 target_footprint_: 17940908 GetBytesAllocated: 13376452 HeapGrowthMultiplier: 3
12-21 13:37:52.925  3312  3719 I com.miui.home: CheckGCForNative gc_urgency 0.591827 current_native_bytes is 185384963
12-21 13:37:52.935 16205 16205 I wm_on_paused_called: [0,242981056,com.uc.browser.InnerUCMobile,performPause,664]
12-21 13:37:53.417  3312  3312 I wm_on_resume_called: [0,144327058,com.miui.home.launcher.Launcher,RESUME_ACTIVITY,3]
12-21 13:37:53.431  3312  3312 I wm_on_idle_called: com.miui.home.launcher.Launcher
12-21 13:37:53.624  3312 16671 I com.miui.home: CheckGCForNative adj_start_bytes: 33363451 NativeAllocationGcWatermark: 10631221 java_gc_start_bytes: 17416620 kNewNativeDiscountFactor: 2 kOldNativeDiscountFactor: 65536 old_native_bytes: 172652327 new_native_bytes: 13206152 add_bytes_allowed: 31893663 is_gc_concurrent: 1 target_footprint_: 17940908 GetBytesAllocated: 15116726 HeapGrowthMultiplier: 3
12-21 13:37:53.624  3312 16671 I com.miui.home: CheckGCForNative gc_urgency 0.651085 current_native_bytes is 185858479
12-21 13:37:53.648  3312  3364 I com.miui.home: CheckGCForNative adj_start_bytes: 33363451 NativeAllocationGcWatermark: 10631221 java_gc_start_bytes: 17416620 kNewNativeDiscountFactor: 2 kOldNativeDiscountFactor: 65536 old_native_bytes: 172652327 new_native_bytes: 23911944 add_bytes_allowed: 31893663 is_gc_concurrent: 1 target_footprint_: 17940908 GetBytesAllocated: 15125588 HeapGrowthMultiplier: 3
12-21 13:37:53.652  3312  3364 I com.miui.home: CheckGCForNative gc_urgency 0.811792 current_native_bytes is 196564271
12-21 13:37:53.652  3312  3364 I com.miui.home: CheckGCForNative adj_start_bytes: 33363451 NativeAllocationGcWatermark: 10631221 java_gc_start_bytes: 17416620 kNewNativeDiscountFactor: 2 kOldNativeDiscountFactor: 65536 old_native_bytes: 172652327 new_native_bytes: 34618888 add_bytes_allowed: 31893663 is_gc_concurrent: 1 target_footprint_: 17940908 GetBytesAllocated: 15125780 HeapGrowthMultiplier: 3
12-21 13:37:53.652  3312  3364 I com.miui.home: CheckGCForNative gc_urgency 0.972257 current_native_bytes is 207271215
12-21 13:37:53.666  3312  8369 I com.miui.home: CheckGCForNative adj_start_bytes: 33363451 NativeAllocationGcWatermark: 10631221 java_gc_start_bytes: 17416620 kNewNativeDiscountFactor: 2 kOldNativeDiscountFactor: 65536 old_native_bytes: 172652327 new_native_bytes: 23978024 add_bytes_allowed: 31893663 is_gc_concurrent: 1 target_footprint_: 17940908 GetBytesAllocated: 15145248 HeapGrowthMultiplier: 3
12-21 13:37:53.666  3312  8369 I com.miui.home: CheckGCForNative gc_urgency 0.813372 current_native_bytes is 196630351
12-21 13:37:53.701  3312  3619 I com.miui.home: CheckGCForNative adj_start_bytes: 33363451 NativeAllocationGcWatermark: 10631221 java_gc_start_bytes: 17416620 kNewNativeDiscountFactor: 2 kOldNativeDiscountFactor: 65536 old_native_bytes: 172652327 new_native_bytes: 34871640 add_bytes_allowed: 31893663 is_gc_concurrent: 1 target_footprint_: 17940908 GetBytesAllocated: 15230665 HeapGrowthMultiplier: 3
12-21 13:37:53.701  3312  3619 I com.miui.home: CheckGCForNative gc_urgency 0.979189 current_native_bytes is 207523967
12-21 13:37:53.777 16697 16697 I wm_on_resume_called: [0,73295945,com.tencent.mtt.MainActivity,RESUME_ACTIVITY,888]
12-21 13:37:53.851  3312  3312 I wm_on_top_resumed_gained_called: [144327058,com.miui.home.launcher.Launcher,topStateChangedWhenResumed]
12-21 13:37:53.887 16697 16697 I wm_on_top_resumed_gained_called: [73295945,com.tencent.mtt.MainActivity,topStateChangedWhenResumed]
12-21 13:37:53.909  3312  3493 I com.miui.home: CheckGCForNative adj_start_bytes: 33363451 NativeAllocationGcWatermark: 10631221 java_gc_start_bytes: 17416620 kNewNativeDiscountFactor: 2 kOldNativeDiscountFactor: 65536 old_native_bytes: 172652327 new_native_bytes: 23926936 add_bytes_allowed: 31893663 is_gc_concurrent: 1 target_footprint_: 17940908 GetBytesAllocated: 15816690 HeapGrowthMultiplier: 3
12-21 13:37:53.909  3312  3493 I com.miui.home: CheckGCForNative gc_urgency 0.832731 current_native_bytes is 196579263
12-21 13:37:53.931 17035 17035 I wm_on_application_create_called: [0,com.android.permissioncontroller,235]
12-21 13:37:53.993  3312 16671 I com.miui.home: CheckGCForNative adj_start_bytes: 33363451 NativeAllocationGcWatermark: 10631221 java_gc_start_bytes: 17416620 kNewNativeDiscountFactor: 2 kOldNativeDiscountFactor: 65536 old_native_bytes: 172652327 new_native_bytes: 23935512 add_bytes_allowed: 31893663 is_gc_concurrent: 1 target_footprint_: 17940908 GetBytesAllocated: 15844784 HeapGrowthMultiplier: 3
12-21 13:37:53.993  3312 16671 I com.miui.home: CheckGCForNative gc_urgency 0.833702 current_native_bytes is 196587839
12-21 13:37:54.563  3312  3312 I wm_on_top_resumed_lost_called: [144327058,com.miui.home.launcher.Launcher,topStateChangedWhenResumed]
12-21 13:37:54.692 16697 16697 I wm_on_top_resumed_lost_called: [73295945,com.tencent.mtt.MainActivity,topStateChangedWhenResumed]
12-21 13:37:54.717  3312  3719 I com.miui.home: CheckGCForNative adj_start_bytes: 33363451 NativeAllocationGcWatermark: 10631221 java_gc_start_bytes: 17416620 kNewNativeDiscountFactor: 2 kOldNativeDiscountFactor: 65536 old_native_bytes: 172652327 new_native_bytes: 24263512 add_bytes_allowed: 31893663 is_gc_concurrent: 1 target_footprint_: 17940908 GetBytesAllocated: 16613800 HeapGrowthMultiplier: 3
12-21 13:37:54.717  3312  3719 I com.miui.home: CheckGCForNative gc_urgency 0.861667 current_native_bytes is 196915839
12-21 13:37:54.723  3312  3312 I wm_on_paused_called: [0,144327058,com.miui.home.launcher.Launcher,performPause,1]
12-21 13:37:54.854  3312  3719 I com.miui.home: CheckGCForNative adj_start_bytes: 33363451 NativeAllocationGcWatermark: 10631221 java_gc_start_bytes: 17416620 kNewNativeDiscountFactor: 2 kOldNativeDiscountFactor: 65536 old_native_bytes: 172652327 new_native_bytes: 35257316 add_bytes_allowed: 31893663 is_gc_concurrent: 1 target_footprint_: 17940908 GetBytesAllocated: 17123957 HeapGrowthMultiplier: 3
12-21 13:37:54.854  3312  3719 I com.miui.home: CheckGCForNative gc_urgency 1.04172 current_native_bytes is 207909643
12-21 13:37:54.854  3312  3719 I com.miui.home: CheckGCForNative requested 1
12-21 13:37:54.983  3312  3719 I com.miui.home: CheckGCForNative adj_start_bytes: 33363451 NativeAllocationGcWatermark: 10631221 java_gc_start_bytes: 17416620 kNewNativeDiscountFactor: 2 kOldNativeDiscountFactor: 65536 old_native_bytes: 172652327 new_native_bytes: 24773208 add_bytes_allowed: 31893663 is_gc_concurrent: 1 target_footprint_: 17940908 GetBytesAllocated: 17681749 HeapGrowthMultiplier: 3
12-21 13:37:54.983  3312  3719 I com.miui.home: CheckGCForNative gc_urgency 0.901315 current_native_bytes is 197425535
12-21 13:37:55.178  3312  3493 I com.miui.home: CheckGCForNative adj_start_bytes: 33363451 NativeAllocationGcWatermark: 10631221 java_gc_start_bytes: 17416620 kNewNativeDiscountFactor: 2 kOldNativeDiscountFactor: 65536 old_native_bytes: 172652327 new_native_bytes: 24930456 add_bytes_allowed: 31893663 is_gc_concurrent: 1 target_footprint_: 17940908 GetBytesAllocated: 18303680 HeapGrowthMultiplier: 3
12-21 13:37:55.178  3312  3493 I com.miui.home: CheckGCForNative gc_urgency 0.922313 current_native_bytes is 197582783
12-21 13:37:55.234  3312  3493 I com.miui.home: CheckGCForNative adj_start_bytes: 33363451 NativeAllocationGcWatermark: 10631221 java_gc_start_bytes: 17416620 kNewNativeDiscountFactor: 2 kOldNativeDiscountFactor: 65536 old_native_bytes: 172652327 new_native_bytes: 25090828 add_bytes_allowed: 31893663 is_gc_concurrent: 1 target_footprint_: 17940908 GetBytesAllocated: 18490608 HeapGrowthMultiplier: 3
12-21 13:37:55.234  3312  3493 I com.miui.home: CheckGCForNative gc_urgency 0.930319 current_native_bytes is 197743155
12-21 13:37:55.393 16205 16205 I wm_on_stop_called: [0,242981056,com.uc.browser.InnerUCMobile,STOP_ACTIVITY_ITEM,320]
12-21 13:37:55.481  3312  3343 I com.miui.home: NativeAlloc concurrent copying GC freed 190223(8304KB) AllocSpace objects, 16(496KB) LOS objects, 50% free, 9337KB/18MB, paused 217us,96us total 625.823ms
12-21 13:37:55.904 17241 17241 I wm_on_application_create_called: [0,com.youku.phone,388]
12-21 13:37:56.061 17241 17241 I wm_on_create_called: [0,14369857,com.youku.phone.ActivityWelcome,performCreate,83]
12-21 13:37:56.216 17241 17241 I wm_on_start_called: [0,14369857,com.youku.phone.ActivityWelcome,handleStartActivity,13]
12-21 13:37:56.254 17241 17241 I wm_on_resume_called: [0,14369857,com.youku.phone.ActivityWelcome,RESUME_ACTIVITY,10]
12-21 13:37:56.310 17241 17241 I wm_on_top_resumed_gained_called: [14369857,com.youku.phone.ActivityWelcome,topStateChangedWhenResumed]
12-21 13:37:56.329 17241 17241 I wm_on_top_resumed_lost_called: [14369857,com.youku.phone.ActivityWelcome,topStateChangedWhenResumed]
12-21 13:37:56.334 17241 17241 I wm_on_paused_called: [0,14369857,com.youku.phone.ActivityWelcome,performPause,5]
12-21 13:37:56.377  3312  3312 I wm_on_stop_called: [0,144327058,com.miui.home.launcher.Launcher,STOP_ACTIVITY_ITEM,3]
12-21 13:37:56.430  3312  3312 I wm_on_restart_called: [0,144327058,com.miui.home.launcher.Launcher,,0]
12-21 13:37:56.430 17116 17116 I wm_on_application_create_called: [0,com.UCMobile,1123]
12-21 13:37:56.430  3312  3312 I wm_on_start_called: [0,144327058,com.miui.home.launcher.Launcher,handleStartActivity,1]
12-21 13:37:56.434  3312  3312 I wm_on_resume_called: [0,144327058,com.miui.home.launcher.Launcher,RESUME_ACTIVITY,3]
12-21 13:37:56.476  3312  3312 I wm_on_idle_called: com.miui.home.launcher.Launcher
12-21 13:37:56.663  3312  3364 I com.miui.home: CheckGCForNative gc_urgency 0 current_native_bytes is 140720159
12-21 13:37:56.663  3312  3364 I com.miui.home: CheckGCForNative adj_start_bytes: 34767168 NativeAllocationGcWatermark: 10778981 java_gc_start_bytes: 18598697 kNewNativeDiscountFactor: 2 kOldNativeDiscountFactor: 65536 old_native_bytes: 140720159 new_native_bytes: 10706944 add_bytes_allowed: 32336943 is_gc_concurrent: 1 target_footprint_: 19122985 GetBytesAllocated: 10620846 HeapGrowthMultiplier: 3
12-21 13:37:56.663  3312  3364 I com.miui.home: CheckGCForNative gc_urgency 0.459527 current_native_bytes is 151427103
12-21 13:37:56.735  3312  3585 I com.miui.home: CheckGCForNative adj_start_bytes: 34767168 NativeAllocationGcWatermark: 10778981 java_gc_start_bytes: 18598697 kNewNativeDiscountFactor: 2 kOldNativeDiscountFactor: 65536 old_native_bytes: 140720159 new_native_bytes: 10731580 add_bytes_allowed: 32336943 is_gc_concurrent: 1 target_footprint_: 19122985 GetBytesAllocated: 10733452 HeapGrowthMultiplier: 3
12-21 13:37:56.735  3312  3585 I com.miui.home: CheckGCForNative gc_urgency 0.463121 current_native_bytes is 151451739
12-21 13:37:56.781 17293 17293 I wm_on_application_create_called: [0,com.UCMobile,796]
12-21 13:37:56.782  3312  3493 I com.miui.home: CheckGCForNative adj_start_bytes: 34767168 NativeAllocationGcWatermark: 10778981 java_gc_start_bytes: 18598697 kNewNativeDiscountFactor: 2 kOldNativeDiscountFactor: 65536 old_native_bytes: 140720159 new_native_bytes: 35548 add_bytes_allowed: 32336943 is_gc_concurrent: 1 target_footprint_: 19122985 GetBytesAllocated: 10823765 HeapGrowthMultiplier: 3
12-21 13:37:56.782  3312  3493 I com.miui.home: CheckGCForNative gc_urgency 0.311894 current_native_bytes is 140755707
12-21 13:37:56.904  3312  3719 I com.miui.home: CheckGCForNative adj_start_bytes: 34767168 NativeAllocationGcWatermark: 10778981 java_gc_start_bytes: 18598697 kNewNativeDiscountFactor: 2 kOldNativeDiscountFactor: 65536 old_native_bytes: 140720159 new_native_bytes: 11107728 add_bytes_allowed: 32336943 is_gc_concurrent: 1 target_footprint_: 19122985 GetBytesAllocated: 11464939 HeapGrowthMultiplier: 3
12-21 13:37:56.904  3312  3719 I com.miui.home: CheckGCForNative gc_urgency 0.48957 current_native_bytes is 151827887
12-21 13:37:56.915  3312  3493 I com.miui.home: CheckGCForNative adj_start_bytes: 34767168 NativeAllocationGcWatermark: 10778981 java_gc_start_bytes: 18598697 kNewNativeDiscountFactor: 2 kOldNativeDiscountFactor: 65536 old_native_bytes: 140720159 new_native_bytes: 405072 add_bytes_allowed: 32336943 is_gc_concurrent: 1 target_footprint_: 19122985 GetBytesAllocated: 11469377 HeapGrowthMultiplier: 3
12-21 13:37:56.915  3312  3493 I com.miui.home: CheckGCForNative gc_urgency 0.335778 current_native_bytes is 141125231
12-21 13:37:56.925  3312  3312 I wm_on_top_resumed_gained_called: [144327058,com.miui.home.launcher.Launcher,topStateChangedWhenResumed]
12-21 13:37:57.027  3312  3493 I com.miui.home: CheckGCForNative adj_start_bytes: 34767168 NativeAllocationGcWatermark: 10778981 java_gc_start_bytes: 18598697 kNewNativeDiscountFactor: 2 kOldNativeDiscountFactor: 65536 old_native_bytes: 140720159 new_native_bytes: 473680 add_bytes_allowed: 32336943 is_gc_concurrent: 1 target_footprint_: 19122985 GetBytesAllocated: 11859195 HeapGrowthMultiplier: 3
12-21 13:37:57.027  3312  3493 I com.miui.home: CheckGCForNative gc_urgency 0.347977 current_native_bytes is 141193839
12-21 13:37:57.165  3312  3492 I com.miui.home: CheckGCForNative adj_start_bytes: 34767168 NativeAllocationGcWatermark: 10778981 java_gc_start_bytes: 18598697 kNewNativeDiscountFactor: 2 kOldNativeDiscountFactor: 65536 old_native_bytes: 140720159 new_native_bytes: 11315636 add_bytes_allowed: 32336943 is_gc_concurrent: 1 target_footprint_: 19122985 GetBytesAllocated: 12175604 HeapGrowthMultiplier: 3
12-21 13:37:57.165  3312  3492 I com.miui.home: CheckGCForNative gc_urgency 0.513 current_native_bytes is 152035795
12-21 13:37:57.165  3312  3492 I com.miui.home: CheckGCForNative adj_start_bytes: 34767168 NativeAllocationGcWatermark: 10778981 java_gc_start_bytes: 18598697 kNewNativeDiscountFactor: 2 kOldNativeDiscountFactor: 65536 old_native_bytes: 140720159 new_native_bytes: 22022900 add_bytes_allowed: 32336943 is_gc_concurrent: 1 target_footprint_: 19122985 GetBytesAllocated: 12191978 HeapGrowthMultiplier: 3
12-21 13:37:57.165  3312  3492 I com.miui.home: CheckGCForNative gc_urgency 0.667457 current_native_bytes is 162743059
12-21 13:37:57.166  3312  9520 I com.miui.home: CheckGCForNative adj_start_bytes: 34767168 NativeAllocationGcWatermark: 10778981 java_gc_start_bytes: 18598697 kNewNativeDiscountFactor: 2 kOldNativeDiscountFactor: 65536 old_native_bytes: 140720159 new_native_bytes: 22022900 add_bytes_allowed: 32336943 is_gc_concurrent: 1 target_footprint_: 19122985 GetBytesAllocated: 12191978 HeapGrowthMultiplier: 3
12-21 13:37:57.166  3312  9520 I com.miui.home: CheckGCForNative gc_urgency 0.667457 current_native_bytes is 162743059
12-21 13:37:57.407 17241 17241 I wm_on_create_called: [0,2284114,com.youku.v2.HomePageEntry,performCreate,783]
12-21 13:37:57.461  3312  3312 I wm_on_top_resumed_lost_called: [144327058,com.miui.home.launcher.Launcher,topStateChangedWhenResumed]
12-21 13:37:57.591 17241 17241 I wm_on_start_called: [0,2284114,com.youku.v2.HomePageEntry,handleStartActivity,183]
12-21 13:37:57.675 17241 17241 I wm_on_resume_called: [0,2284114,com.youku.v2.HomePageEntry,RESUME_ACTIVITY,76]
12-21 13:37:57.676  3312  3719 I com.miui.home: CheckGCForNative adj_start_bytes: 34767168 NativeAllocationGcWatermark: 10778981 java_gc_start_bytes: 18598697 kNewNativeDiscountFactor: 2 kOldNativeDiscountFactor: 65536 old_native_bytes: 140720159 new_native_bytes: 22327968 add_bytes_allowed: 32336943 is_gc_concurrent: 1 target_footprint_: 19122985 GetBytesAllocated: 13243159 HeapGrowthMultiplier: 3
12-21 13:37:57.676  3312  3719 I com.miui.home: CheckGCForNative gc_urgency 0.702079 current_native_bytes is 163048127
12-21 13:37:57.684  3312  3312 I wm_on_paused_called: [0,144327058,com.miui.home.launcher.Launcher,performPause,1]
12-21 13:37:57.715 17241 17241 I wm_on_top_resumed_gained_called: [2284114,com.youku.v2.HomePageEntry,topStateChangedWhenResumed]
12-21 13:37:57.715 17241 17241 I wm_on_top_resumed_lost_called: [2284114,com.youku.v2.HomePageEntry,topStateChangedWhenResumed]
12-21 13:37:57.787 17241 17241 I wm_on_paused_called: [0,2284114,com.youku.v2.HomePageEntry,performPause,33]
12-21 13:37:57.842  3312  3719 I com.miui.home: CheckGCForNative adj_start_bytes: 34767168 NativeAllocationGcWatermark: 10778981 java_gc_start_bytes: 18598697 kNewNativeDiscountFactor: 2 kOldNativeDiscountFactor: 65536 old_native_bytes: 140720159 new_native_bytes: 11617840 add_bytes_allowed: 32336943 is_gc_concurrent: 1 target_footprint_: 19122985 GetBytesAllocated: 13671966 HeapGrowthMultiplier: 3
12-21 13:37:57.842  3312  3719 I com.miui.home: CheckGCForNative gc_urgency 0.560386 current_native_bytes is 152337999
12-21 13:37:57.945 17241 17241 I wm_on_stop_called: [0,14369857,com.youku.phone.ActivityWelcome,STOP_ACTIVITY_ITEM,127]
12-21 13:37:58.141  3312  3493 I com.miui.home: CheckGCForNative adj_start_bytes: 34767168 NativeAllocationGcWatermark: 10778981 java_gc_start_bytes: 18598697 kNewNativeDiscountFactor: 2 kOldNativeDiscountFactor: 65536 old_native_bytes: 140720159 new_native_bytes: 12316692 add_bytes_allowed: 32336943 is_gc_concurrent: 1 target_footprint_: 19122985 GetBytesAllocated: 14550052 HeapGrowthMultiplier: 3
12-21 13:37:58.141  3312  3493 I com.miui.home: CheckGCForNative gc_urgency 0.595693 current_native_bytes is 153036851
12-21 13:37:58.152  3312  3493 I com.miui.home: CheckGCForNative adj_start_bytes: 34767168 NativeAllocationGcWatermark: 10778981 java_gc_start_bytes: 18598697 kNewNativeDiscountFactor: 2 kOldNativeDiscountFactor: 65536 old_native_bytes: 140720159 new_native_bytes: 12319252 add_bytes_allowed: 32336943 is_gc_concurrent: 1 target_footprint_: 19122985 GetBytesAllocated: 14628099 HeapGrowthMultiplier: 3
12-21 13:37:58.152  3312  3493 I com.miui.home: CheckGCForNative gc_urgency 0.597974 current_native_bytes is 153039411
12-21 13:37:58.441  3312  3493 I com.miui.home: CheckGCForNative adj_start_bytes: 34767168 NativeAllocationGcWatermark: 10778981 java_gc_start_bytes: 18598697 kNewNativeDiscountFactor: 2 kOldNativeDiscountFactor: 65536 old_native_bytes: 140720159 new_native_bytes: 12404904 add_bytes_allowed: 32336943 is_gc_concurrent: 1 target_footprint_: 19122985 GetBytesAllocated: 14854920 HeapGrowthMultiplier: 3
12-21 13:37:58.441  3312  3493 I com.miui.home: CheckGCForNative gc_urgency 0.60573 current_native_bytes is 153125063
12-21 13:37:58.445 17844 17844 I wm_on_application_create_called: [0,com.quark.browser,279]
12-21 13:37:58.629 17844 17844 I wm_on_create_called: [0,91151760,com.ucpro.MainActivity,performCreate,96]
12-21 13:37:58.695  3312  3312 I wm_on_stop_called: [0,144327058,com.miui.home.launcher.Launcher,STOP_ACTIVITY_ITEM,5]
12-21 13:37:58.870 16205 16205 I wm_on_idle_called: com.uc.browser.InnerUCMobile
12-21 13:37:59.475 17844 17844 I wm_on_create_called: [0,88892638,com.ucpro.BrowserActivity,performCreate,711]
12-21 13:37:59.484 17844 17844 I wm_on_start_called: [0,88892638,com.ucpro.BrowserActivity,handleStartActivity,8]
12-21 13:37:59.511 17844 17844 I wm_on_resume_called: [0,88892638,com.ucpro.BrowserActivity,RESUME_ACTIVITY,18]
12-21 13:37:59.546 17844 17844 I wm_on_top_resumed_gained_called: [88892638,com.ucpro.BrowserActivity,topStateChangedWhenResumed]
12-21 13:37:59.558 17844 17844 I wm_on_destroy_called: [0,91151760,com.ucpro.MainActivity,performDestroy,1]
12-21 13:37:59.927  3312  3312 I wm_on_restart_called: [0,144327058,com.miui.home.launcher.Launcher,,0]
12-21 13:37:59.927 17241 17241 I wm_on_stop_called: [0,2284114,com.youku.v2.HomePageEntry,STOP_ACTIVITY_ITEM,42]
12-21 13:37:59.928  3312  3312 I wm_on_start_called: [0,144327058,com.miui.home.launcher.Launcher,handleStartActivity,0]
12-21 13:37:59.931  3312  3312 I wm_on_resume_called: [0,144327058,com.miui.home.launcher.Launcher,RESUME_ACTIVITY,2]
12-21 13:37:59.973  3312  3312 I wm_on_idle_called: com.miui.home.launcher.Launcher
12-21 13:38:00.033 17241 17241 I wm_on_destroy_called: [0,14369857,com.youku.phone.ActivityWelcome,performDestroy,54]
12-21 13:38:00.196  3312  3585 I com.miui.home: CheckGCForNative adj_start_bytes: 34767168 NativeAllocationGcWatermark: 10778981 java_gc_start_bytes: 18598697 kNewNativeDiscountFactor: 2 kOldNativeDiscountFactor: 65536 old_native_bytes: 140720159 new_native_bytes: 23721020 add_bytes_allowed: 32336943 is_gc_concurrent: 1 target_footprint_: 19122985 GetBytesAllocated: 17226220 HeapGrowthMultiplier: 3
12-21 13:38:00.199  3312  3585 I com.miui.home: CheckGCForNative gc_urgency 0.836677 current_native_bytes is 164441179
12-21 13:38:00.200  3312  3585 I com.miui.home: CheckGCForNative adj_start_bytes: 34767168 NativeAllocationGcWatermark: 10778981 java_gc_start_bytes: 18598697 kNewNativeDiscountFactor: 2 kOldNativeDiscountFactor: 65536 old_native_bytes: 140720159 new_native_bytes: 34427964 add_bytes_allowed: 32336943 is_gc_concurrent: 1 target_footprint_: 19122985 GetBytesAllocated: 17234072 HeapGrowthMultiplier: 3
12-21 13:38:00.200  3312  3585 I com.miui.home: CheckGCForNative gc_urgency 0.990883 current_native_bytes is 175148123
12-21 13:38:00.223  3312  3493 I com.miui.home: CheckGCForNative adj_start_bytes: 34767168 NativeAllocationGcWatermark: 10778981 java_gc_start_bytes: 18598697 kNewNativeDiscountFactor: 2 kOldNativeDiscountFactor: 65536 old_native_bytes: 140720159 new_native_bytes: 23827196 add_bytes_allowed: 32336943 is_gc_concurrent: 1 target_footprint_: 19122985 GetBytesAllocated: 17261828 HeapGrowthMultiplier: 3
