12-21 13:41:20.723  3311  3364 I com.miui.home: CheckGCForNative adj_start_bytes: 35073481 NativeAllocationGcWatermark: 10811224 java_gc_start_bytes: 18856645 kNewNativeDiscountFactor: 2 kOldNativeDiscountFactor: 65536 old_native_bytes: 133543347 new_native_bytes: 44197864 add_bytes_allowed: 32433672 is_gc_concurrent: 1 target_footprint_: 19380933 GetBytesAllocated: 16828273 HeapGrowthMultiplier: 3
12-21 13:41:20.723  3311  3364 I com.miui.home: CheckGCForNative gc_urgency 1.10993 current_native_bytes is 177741211
12-21 13:41:20.723  3311  3364 I com.miui.home: CheckGCForNative requested 1
12-21 13:41:20.864  3311  3574 I com.miui.home: CheckGCForNative adj_start_bytes: 35073481 NativeAllocationGcWatermark: 10811224 java_gc_start_bytes: 18856645 kNewNativeDiscountFactor: 2 kOldNativeDiscountFactor: 65536 old_native_bytes: 133543347 new_native_bytes: 44193280 add_bytes_allowed: 32433672 is_gc_concurrent: 1 target_footprint_: 19380933 GetBytesAllocated: 16934386 HeapGrowthMultiplier: 3
12-21 13:41:20.864  3311  3574 I com.miui.home: CheckGCForNative gc_urgency 1.11289 current_native_bytes is 177736627
12-21 13:41:20.864  3311  3574 I com.miui.home: CheckGCForNative requested 1
12-21 13:41:20.957 13066 13066 I wm_on_stop_called: [0,43083172,com.dragon.read.pages.splash.SplashActivity,STOP_ACTIVITY_ITEM,278]
12-21 13:41:20.959  3311  3492 I com.miui.home: CheckGCForNative adj_start_bytes: 35073481 NativeAllocationGcWatermark: 10811224 java_gc_start_bytes: 18856645 kNewNativeDiscountFactor: 2 kOldNativeDiscountFactor: 65536 old_native_bytes: 133543347 new_native_bytes: 33453504 add_bytes_allowed: 32433672 is_gc_concurrent: 1 target_footprint_: 19380933 GetBytesAllocated: 17017247 HeapGrowthMultiplier: 3
12-21 13:41:20.959  3311  3492 I com.miui.home: CheckGCForNative gc_urgency 0.962152 current_native_bytes is 166996851
12-21 13:41:20.967  3311  3350 I com.miui.home: NativeAlloc concurrent copying GC freed 155847(7186KB) AllocSpace objects, 28(784KB) LOS objects, 49% free, 8647KB/16MB, paused 300us,151us total 243.959ms
12-21 13:41:21.198  3311  3364 I com.miui.home: CheckGCForNative gc_urgency 0 current_native_bytes is 143651087
12-21 13:41:21.199  3311  3311 I com.miui.home: CheckGCForNative adj_start_bytes: 33425237 NativeAllocationGcWatermark: 10602429 java_gc_start_bytes: 17521594 kNewNativeDiscountFactor: 2 kOldNativeDiscountFactor: 65536 old_native_bytes: 143651087 new_native_bytes: 10707264 add_bytes_allowed: 31807287 is_gc_concurrent: 1 target_footprint_: 17710568 GetBytesAllocated: 9023445 HeapGrowthMultiplier: 3
12-21 13:41:21.199  3311  3311 I com.miui.home: CheckGCForNative gc_urgency 0.430192 current_native_bytes is 154358351
12-21 13:41:21.200  3311  3490 I com.miui.home: CheckGCForNative adj_start_bytes: 33425237 NativeAllocationGcWatermark: 10602429 java_gc_start_bytes: 17521594 kNewNativeDiscountFactor: 2 kOldNativeDiscountFactor: 65536 old_native_bytes: 143651087 new_native_bytes: 10707264 add_bytes_allowed: 31807287 is_gc_concurrent: 1 target_footprint_: 17710568 GetBytesAllocated: 9023445 HeapGrowthMultiplier: 3
12-21 13:41:21.200  3311  3490 I com.miui.home: CheckGCForNative gc_urgency 0.430192 current_native_bytes is 154358351
12-21 13:41:21.229  8013  8013 I wm_on_paused_called: [0,195679598,com.tencent.mm.plugin.account.ui.WelcomeActivity,performPause,5]
12-21 13:41:21.320  8013  8013 I wm_on_stop_called: [0,163157523,com.tencent.mm.ui.LauncherUI,STOP_ACTIVITY_ITEM,19]
12-21 13:41:21.348  8013  8013 I wm_on_stop_called: [0,195679598,com.tencent.mm.plugin.account.ui.WelcomeActivity,STOP_ACTIVITY_ITEM,5]
12-21 13:41:21.361  8013  8013 I wm_on_idle_called: com.tencent.mm.ui.LauncherUI
12-21 13:41:21.362  8013  8013 I wm_on_idle_called: com.tencent.mm.plugin.account.ui.WelcomeActivity
12-21 13:41:21.389 13066 13066 I wm_on_destroy_called: [0,43083172,com.dragon.read.pages.splash.SplashActivity,performDestroy,20]
12-21 13:41:21.455  3311  3761 I com.miui.home: CheckGCForNative adj_start_bytes: 33425237 NativeAllocationGcWatermark: 10602429 java_gc_start_bytes: 17521594 kNewNativeDiscountFactor: 2 kOldNativeDiscountFactor: 65536 old_native_bytes: 143651087 new_native_bytes: 11782012 add_bytes_allowed: 31807287 is_gc_concurrent: 1 target_footprint_: 17710568 GetBytesAllocated: 9778695 HeapGrowthMultiplier: 3
12-21 13:41:21.455  3311  3761 I com.miui.home: CheckGCForNative gc_urgency 0.468864 current_native_bytes is 155433099
12-21 13:41:21.484  3311  3761 I com.miui.home: CheckGCForNative adj_start_bytes: 33425237 NativeAllocationGcWatermark: 10602429 java_gc_start_bytes: 17521594 kNewNativeDiscountFactor: 2 kOldNativeDiscountFactor: 65536 old_native_bytes: 143651087 new_native_bytes: 1053340 add_bytes_allowed: 31807287 is_gc_concurrent: 1 target_footprint_: 17710568 GetBytesAllocated: 9999373 HeapGrowthMultiplier: 3
12-21 13:41:21.484  3311  3761 I com.miui.home: CheckGCForNative gc_urgency 0.314979 current_native_bytes is 144704427
12-21 13:41:21.576  3311  3311 I wm_on_top_resumed_lost_called: [176781668,com.miui.home.launcher.Launcher,topStateChangedWhenResumed]
12-21 13:41:21.583  3311  3311 I wm_on_paused_called: [0,176781668,com.miui.home.launcher.Launcher,performPause,6]
12-21 13:41:21.848  3311  3492 I com.miui.home: CheckGCForNative adj_start_bytes: 33425237 NativeAllocationGcWatermark: 10602429 java_gc_start_bytes: 17521594 kNewNativeDiscountFactor: 2 kOldNativeDiscountFactor: 65536 old_native_bytes: 143651087 new_native_bytes: 1909636 add_bytes_allowed: 31807287 is_gc_concurrent: 1 target_footprint_: 17710568 GetBytesAllocated: 11628366 HeapGrowthMultiplier: 3
12-21 13:41:21.848  3311  3492 I com.miui.home: CheckGCForNative gc_urgency 0.376523 current_native_bytes is 145560723
12-21 13:41:22.126  3311  3492 I com.miui.home: CheckGCForNative adj_start_bytes: 33425237 NativeAllocationGcWatermark: 10602429 java_gc_start_bytes: 17521594 kNewNativeDiscountFactor: 2 kOldNativeDiscountFactor: 65536 old_native_bytes: 143651087 new_native_bytes: 1988688 add_bytes_allowed: 31807287 is_gc_concurrent: 1 target_footprint_: 17710568 GetBytesAllocated: 12162430 HeapGrowthMultiplier: 3
12-21 13:41:22.126  3311  3492 I com.miui.home: CheckGCForNative gc_urgency 0.393684 current_native_bytes is 145639775
12-21 13:41:22.126  3311  3492 I com.miui.home: CheckGCForNative adj_start_bytes: 33425237 NativeAllocationGcWatermark: 10602429 java_gc_start_bytes: 17521594 kNewNativeDiscountFactor: 2 kOldNativeDiscountFactor: 65536 old_native_bytes: 143651087 new_native_bytes: 1989200 add_bytes_allowed: 31807287 is_gc_concurrent: 1 target_footprint_: 17710568 GetBytesAllocated: 12162430 HeapGrowthMultiplier: 3
12-21 13:41:22.126  3311  3492 I com.miui.home: CheckGCForNative gc_urgency 0.393691 current_native_bytes is 145640287
12-21 13:41:22.319 14322 14322 I wm_on_application_create_called: [0,com.sina.weibo,207]
12-21 13:41:22.508 14322 14322 I wm_on_create_called: [0,162216518,com.sina.weibo.SplashActivity,performCreate,133]
12-21 13:41:22.527 14322 14322 I wm_on_start_called: [0,162216518,com.sina.weibo.SplashActivity,handleStartActivity,18]
12-21 13:41:22.543 14322 14322 I wm_on_resume_called: [0,162216518,com.sina.weibo.SplashActivity,RESUME_ACTIVITY,15]
12-21 13:41:22.588 14322 14322 I wm_on_top_resumed_gained_called: [162216518,com.sina.weibo.SplashActivity,topStateChangedWhenResumed]
12-21 13:41:22.837  3311  3311 I wm_on_stop_called: [0,176781668,com.miui.home.launcher.Launcher,STOP_ACTIVITY_ITEM,4]
12-21 13:41:22.969 14414 14414 I wm_on_application_create_called: [0,com.sina.weibo,424]
12-21 13:41:23.145 14322 14322 I wm_on_idle_called: com.sina.weibo.SplashActivity
12-21 13:41:24.209 14322 14322 I wm_on_top_resumed_lost_called: [162216518,com.sina.weibo.SplashActivity,topStateChangedWhenResumed]
12-21 13:41:24.210  3311  3311 I wm_on_restart_called: [0,176781668,com.miui.home.launcher.Launcher,,0]
12-21 13:41:24.210  3311  3311 I wm_on_start_called: [0,176781668,com.miui.home.launcher.Launcher,handleStartActivity,1]
12-21 13:41:24.215  3311  3311 I wm_on_resume_called: [0,176781668,com.miui.home.launcher.Launcher,RESUME_ACTIVITY,5]
12-21 13:41:24.254  3311  3311 I wm_on_top_resumed_gained_called: [176781668,com.miui.home.launcher.Launcher,topStateChangedWhenResumed]
12-21 13:41:24.256  3311  3311 I wm_on_idle_called: com.miui.home.launcher.Launcher
12-21 13:41:24.358  3311  3364 I com.miui.home: CheckGCForNative adj_start_bytes: 33425237 NativeAllocationGcWatermark: 10602429 java_gc_start_bytes: 17521594 kNewNativeDiscountFactor: 2 kOldNativeDiscountFactor: 65536 old_native_bytes: 143651087 new_native_bytes: 12704756 add_bytes_allowed: 31807287 is_gc_concurrent: 1 target_footprint_: 17710568 GetBytesAllocated: 13841694 HeapGrowthMultiplier: 3
12-21 13:41:24.358  3311  3364 I com.miui.home: CheckGCForNative gc_urgency 0.604222 current_native_bytes is 156355843
12-21 13:41:24.358  3311  3311 I com.miui.home: CheckGCForNative adj_start_bytes: 33425237 NativeAllocationGcWatermark: 10602429 java_gc_start_bytes: 17521594 kNewNativeDiscountFactor: 2 kOldNativeDiscountFactor: 65536 old_native_bytes: 143651087 new_native_bytes: 23412148 add_bytes_allowed: 31807287 is_gc_concurrent: 1 target_footprint_: 17710568 GetBytesAllocated: 13850546 HeapGrowthMultiplier: 3
12-21 13:41:24.358  3311  3311 I com.miui.home: CheckGCForNative gc_urgency 0.764656 current_native_bytes is 167063235
12-21 13:41:24.359  3311  3574 I com.miui.home: CheckGCForNative adj_start_bytes: 33425237 NativeAllocationGcWatermark: 10602429 java_gc_start_bytes: 17521594 kNewNativeDiscountFactor: 2 kOldNativeDiscountFactor: 65536 old_native_bytes: 143651087 new_native_bytes: 23412980 add_bytes_allowed: 31807287 is_gc_concurrent: 1 target_footprint_: 17710568 GetBytesAllocated: 13850546 HeapGrowthMultiplier: 3
12-21 13:41:24.359  3311  3574 I com.miui.home: CheckGCForNative gc_urgency 0.764669 current_native_bytes is 167064067
12-21 13:41:24.404  3311  3492 I com.miui.home: CheckGCForNative adj_start_bytes: 33425237 NativeAllocationGcWatermark: 10602429 java_gc_start_bytes: 17521594 kNewNativeDiscountFactor: 2 kOldNativeDiscountFactor: 65536 old_native_bytes: 143651087 new_native_bytes: 12718196 add_bytes_allowed: 31807287 is_gc_concurrent: 1 target_footprint_: 17710568 GetBytesAllocated: 13880886 HeapGrowthMultiplier: 3
12-21 13:41:24.404  3311  3492 I com.miui.home: CheckGCForNative gc_urgency 0.605596 current_native_bytes is 156369283
12-21 13:41:24.704  3311  3492 I com.miui.home: CheckGCForNative adj_start_bytes: 33425237 NativeAllocationGcWatermark: 10602429 java_gc_start_bytes: 17521594 kNewNativeDiscountFactor: 2 kOldNativeDiscountFactor: 65536 old_native_bytes: 143651087 new_native_bytes: 12735636 add_bytes_allowed: 31807287 is_gc_concurrent: 1 target_footprint_: 17710568 GetBytesAllocated: 14008513 HeapGrowthMultiplier: 3
12-21 13:41:24.704  3311  3492 I com.miui.home: CheckGCForNative gc_urgency 0.609675 current_native_bytes is 156386723
12-21 13:41:24.759  3311  3492 I com.miui.home: CheckGCForNative adj_start_bytes: 33425237 NativeAllocationGcWatermark: 10602429 java_gc_start_bytes: 17521594 kNewNativeDiscountFactor: 2 kOldNativeDiscountFactor: 65536 old_native_bytes: 143651087 new_native_bytes: 12739732 add_bytes_allowed: 31807287 is_gc_concurrent: 1 target_footprint_: 17710568 GetBytesAllocated: 14022132 HeapGrowthMultiplier: 3
12-21 13:41:24.759  3311  3492 I com.miui.home: CheckGCForNative gc_urgency 0.610143 current_native_bytes is 156390819
12-21 13:41:24.825  3311  3364 I com.miui.home: CheckGCForNative adj_start_bytes: 33425237 NativeAllocationGcWatermark: 10602429 java_gc_start_bytes: 17521594 kNewNativeDiscountFactor: 2 kOldNativeDiscountFactor: 65536 old_native_bytes: 143651087 new_native_bytes: 23455772 add_bytes_allowed: 31807287 is_gc_concurrent: 1 target_footprint_: 17710568 GetBytesAllocated: 14070914 HeapGrowthMultiplier: 3
12-21 13:41:24.825  3311  3364 I com.miui.home: CheckGCForNative gc_urgency 0.771902 current_native_bytes is 167106859
12-21 13:41:24.826  3311  3490 I com.miui.home: CheckGCForNative adj_start_bytes: 33425237 NativeAllocationGcWatermark: 10602429 java_gc_start_bytes: 17521594 kNewNativeDiscountFactor: 2 kOldNativeDiscountFactor: 65536 old_native_bytes: 143651087 new_native_bytes: 34161692 add_bytes_allowed: 31807287 is_gc_concurrent: 1 target_footprint_: 17710568 GetBytesAllocated: 14070914 HeapGrowthMultiplier: 3
12-21 13:41:24.826  3311  3490 I com.miui.home: CheckGCForNative gc_urgency 0.932055 current_native_bytes is 177812779
12-21 13:41:24.827  3311  3311 I com.miui.home: CheckGCForNative adj_start_bytes: 33425237 NativeAllocationGcWatermark: 10602429 java_gc_start_bytes: 17521594 kNewNativeDiscountFactor: 2 kOldNativeDiscountFactor: 65536 old_native_bytes: 143651087 new_native_bytes: 44872412 add_bytes_allowed: 31807287 is_gc_concurrent: 1 target_footprint_: 17710568 GetBytesAllocated: 14077111 HeapGrowthMultiplier: 3
12-21 13:41:24.827  3311  3311 I com.miui.home: CheckGCForNative gc_urgency 1.09245 current_native_bytes is 188523499
12-21 13:41:24.827  3311  3311 I com.miui.home: CheckGCForNative requested 1
12-21 13:41:24.830  3311  3490 I com.miui.home: CheckGCForNative adj_start_bytes: 33425237 NativeAllocationGcWatermark: 10602429 java_gc_start_bytes: 17521594 kNewNativeDiscountFactor: 2 kOldNativeDiscountFactor: 65536 old_native_bytes: 143651087 new_native_bytes: 44857884 add_bytes_allowed: 31807287 is_gc_concurrent: 1 target_footprint_: 17710568 GetBytesAllocated: 14078272 HeapGrowthMultiplier: 3
12-21 13:41:24.830  3311  3490 I com.miui.home: CheckGCForNative gc_urgency 1.09227 current_native_bytes is 188508971
12-21 13:41:24.830  3311  3490 I com.miui.home: CheckGCForNative requested 1
12-21 13:41:24.837 14322 14322 I wm_on_paused_called: [0,162216518,com.sina.weibo.SplashActivity,performPause,1]
12-21 13:41:24.892 14322 14322 I wm_on_stop_called: [0,162216518,com.sina.weibo.SplashActivity,STOP_ACTIVITY_ITEM,25]
12-21 13:41:24.929  3311  3350 I com.miui.home: NativeAlloc concurrent copying GC freed 105883(4828KB) AllocSpace objects, 14(392KB) LOS objects, 50% free, 8705KB/17MB, paused 73us,24us total 101.796ms
12-21 13:41:25.041  3311  3761 I com.miui.home: CheckGCForNative gc_urgency 0 current_native_bytes is 144727511
12-21 13:41:25.207  3311  3311 I wm_on_top_resumed_lost_called: [176781668,com.miui.home.launcher.Launcher,topStateChangedWhenResumed]
12-21 13:41:25.208  3311  3311 I wm_on_paused_called: [0,176781668,com.miui.home.launcher.Launcher,performPause,0]
12-21 13:41:25.352  3311  3761 I com.miui.home: CheckGCForNative gc_urgency 0 current_native_bytes is 134537491
12-21 13:41:25.540  3311  3761 I com.miui.home: CheckGCForNative adj_start_bytes: 33573695 NativeAllocationGcWatermark: 10617335 java_gc_start_bytes: 17647693 kNewNativeDiscountFactor: 2 kOldNativeDiscountFactor: 65536 old_native_bytes: 134537491 new_native_bytes: 315712 add_bytes_allowed: 31852005 is_gc_concurrent: 1 target_footprint_: 17829817 GetBytesAllocated: 11893098 HeapGrowthMultiplier: 3
12-21 13:41:25.540  3311  3761 I com.miui.home: CheckGCForNative gc_urgency 0.359001 current_native_bytes is 134853203
12-21 13:41:25.540  3311  3761 I com.miui.home: CheckGCForNative adj_start_bytes: 33573695 NativeAllocationGcWatermark: 10617335 java_gc_start_bytes: 17647693 kNewNativeDiscountFactor: 2 kOldNativeDiscountFactor: 65536 old_native_bytes: 134537491 new_native_bytes: 316992 add_bytes_allowed: 31852005 is_gc_concurrent: 1 target_footprint_: 17829817 GetBytesAllocated: 11893098 HeapGrowthMultiplier: 3
12-21 13:41:25.540  3311  3761 I com.miui.home: CheckGCForNative gc_urgency 0.359021 current_native_bytes is 134854483
12-21 13:41:25.859  3311  3492 I com.miui.home: CheckGCForNative adj_start_bytes: 33573695 NativeAllocationGcWatermark: 10617335 java_gc_start_bytes: 17647693 kNewNativeDiscountFactor: 2 kOldNativeDiscountFactor: 65536 old_native_bytes: 134537491 new_native_bytes: 388200 add_bytes_allowed: 31852005 is_gc_concurrent: 1 target_footprint_: 17829817 GetBytesAllocated: 12161897 HeapGrowthMultiplier: 3
12-21 13:41:25.859  3311  3492 I com.miui.home: CheckGCForNative gc_urgency 0.368087 current_native_bytes is 134925691
12-21 13:41:25.973 14646 14646 I wm_on_application_create_called: [0,com.UCMobile,213]
12-21 13:41:26.135 14646 14646 I wm_on_create_called: [0,181471102,com.UCMobile.main.UCMobile,performCreate,137]
12-21 13:41:26.235 14646 14646 I wm_on_create_called: [0,132394094,com.uc.browser.InnerUCMobile,performCreate,34]
12-21 13:41:26.239 14646 14646 I wm_on_start_called: [0,132394094,com.uc.browser.InnerUCMobile,handleStartActivity,3]
12-21 13:41:26.251 14646 14646 I wm_on_resume_called: [0,132394094,com.uc.browser.InnerUCMobile,RESUME_ACTIVITY,7]
12-21 13:41:26.304 14646 14646 I wm_on_top_resumed_gained_called: [132394094,com.uc.browser.InnerUCMobile,topStateChangedWhenResumed]
12-21 13:41:26.532  3311  3311 I wm_on_stop_called: [0,176781668,com.miui.home.launcher.Launcher,STOP_ACTIVITY_ITEM,4]
12-21 13:41:26.663 14646 14646 I wm_on_destroy_called: [0,181471102,com.UCMobile.main.UCMobile,performDestroy,0]
12-21 13:41:26.888  3311  3311 I wm_on_restart_called: [0,176781668,com.miui.home.launcher.Launcher,,0]
12-21 13:41:26.888  3311  3311 I wm_on_start_called: [0,176781668,com.miui.home.launcher.Launcher,handleStartActivity,0]
12-21 13:41:26.892  3311  3311 I wm_on_resume_called: [0,176781668,com.miui.home.launcher.Launcher,RESUME_ACTIVITY,3]
12-21 13:41:26.962  3311  3311 I wm_on_idle_called: com.miui.home.launcher.Launcher
12-21 13:41:27.151  3311  3380 I com.miui.home: CheckGCForNative adj_start_bytes: 33573695 NativeAllocationGcWatermark: 10617335 java_gc_start_bytes: 17647693 kNewNativeDiscountFactor: 2 kOldNativeDiscountFactor: 65536 old_native_bytes: 134537491 new_native_bytes: 11804484 add_bytes_allowed: 31852005 is_gc_concurrent: 1 target_footprint_: 17829817 GetBytesAllocated: 15003405 HeapGrowthMultiplier: 3
12-21 13:41:27.151  3311  3380 I com.miui.home: CheckGCForNative gc_urgency 0.622741 current_native_bytes is 146341975
12-21 13:41:27.151  3311  3354 I com.miui.home: CheckGCForNative adj_start_bytes: 33573695 NativeAllocationGcWatermark: 10617335 java_gc_start_bytes: 17647693 kNewNativeDiscountFactor: 2 kOldNativeDiscountFactor: 65536 old_native_bytes: 134537491 new_native_bytes: 22511940 add_bytes_allowed: 31852005 is_gc_concurrent: 1 target_footprint_: 17829817 GetBytesAllocated: 15016191 HeapGrowthMultiplier: 3
12-21 13:41:27.151  3311  3311 I com.miui.home: CheckGCForNative adj_start_bytes: 33573695 NativeAllocationGcWatermark: 10617335 java_gc_start_bytes: 17647693 kNewNativeDiscountFactor: 2 kOldNativeDiscountFactor: 65536 old_native_bytes: 134537491 new_native_bytes: 33219204 add_bytes_allowed: 31852005 is_gc_concurrent: 1 target_footprint_: 17829817 GetBytesAllocated: 15016191 HeapGrowthMultiplier: 3
12-21 13:41:27.151  3311  3311 I com.miui.home: CheckGCForNative gc_urgency 0.942042 current_native_bytes is 167756695
12-21 13:41:27.152  3311  3354 I com.miui.home: CheckGCForNative gc_urgency 0.782583 current_native_bytes is 157049431
12-21 13:41:27.204  3311  3492 I com.miui.home: CheckGCForNative adj_start_bytes: 33573695 NativeAllocationGcWatermark: 10617335 java_gc_start_bytes: 17647693 kNewNativeDiscountFactor: 2 kOldNativeDiscountFactor: 65536 old_native_bytes: 134537491 new_native_bytes: 11852260 add_bytes_allowed: 31852005 is_gc_concurrent: 1 target_footprint_: 17829817 GetBytesAllocated: 15043910 HeapGrowthMultiplier: 3
12-21 13:41:27.204  3311  3492 I com.miui.home: CheckGCForNative gc_urgency 0.624658 current_native_bytes is 146389751
12-21 13:41:27.216 14646 14646 I wm_on_top_resumed_lost_called: [132394094,com.uc.browser.InnerUCMobile,topStateChangedWhenResumed]
12-21 13:41:27.217  3311  3311 I wm_on_top_resumed_gained_called: [176781668,com.miui.home.launcher.Launcher,topStateChangedWhenResumed]
12-21 13:41:27.259  3311  3492 I com.miui.home: CheckGCForNative adj_start_bytes: 33573695 NativeAllocationGcWatermark: 10617335 java_gc_start_bytes: 17647693 kNewNativeDiscountFactor: 2 kOldNativeDiscountFactor: 65536 old_native_bytes: 134537491 new_native_bytes: 11857444 add_bytes_allowed: 31852005 is_gc_concurrent: 1 target_footprint_: 17829817 GetBytesAllocated: 15062080 HeapGrowthMultiplier: 3
12-21 13:41:27.259  3311  3492 I com.miui.home: CheckGCForNative gc_urgency 0.625277 current_native_bytes is 146394935
12-21 13:41:27.559  3311  3492 I com.miui.home: CheckGCForNative adj_start_bytes: 33573695 NativeAllocationGcWatermark: 10617335 java_gc_start_bytes: 17647693 kNewNativeDiscountFactor: 2 kOldNativeDiscountFactor: 65536 old_native_bytes: 134537491 new_native_bytes: 11881540 add_bytes_allowed: 31852005 is_gc_concurrent: 1 target_footprint_: 17829817 GetBytesAllocated: 15186120 HeapGrowthMultiplier: 3
12-21 13:41:27.559  3311  3492 I com.miui.home: CheckGCForNative gc_urgency 0.62933 current_native_bytes is 146419031
12-21 13:41:27.631  3311  3490 I com.miui.home: CheckGCForNative adj_start_bytes: 33573695 NativeAllocationGcWatermark: 10617335 java_gc_start_bytes: 17647693 kNewNativeDiscountFactor: 2 kOldNativeDiscountFactor: 65536 old_native_bytes: 134537491 new_native_bytes: 22596740 add_bytes_allowed: 31852005 is_gc_concurrent: 1 target_footprint_: 17829817 GetBytesAllocated: 15213388 HeapGrowthMultiplier: 3
12-21 13:41:27.632  3311  3490 I com.miui.home: CheckGCForNative gc_urgency 0.78972 current_native_bytes is 157134231
12-21 13:41:27.632  3311  3490 I com.miui.home: CheckGCForNative adj_start_bytes: 33573695 NativeAllocationGcWatermark: 10617335 java_gc_start_bytes: 17647693 kNewNativeDiscountFactor: 2 kOldNativeDiscountFactor: 65536 old_native_bytes: 134537491 new_native_bytes: 33303876 add_bytes_allowed: 31852005 is_gc_concurrent: 1 target_footprint_: 17829817 GetBytesAllocated: 15213580 HeapGrowthMultiplier: 3
12-21 13:41:27.632  3311  3490 I com.miui.home: CheckGCForNative gc_urgency 0.949183 current_native_bytes is 167841367
12-21 13:41:27.636  3311  3354 I com.miui.home: CheckGCForNative adj_start_bytes: 33573695 NativeAllocationGcWatermark: 10617335 java_gc_start_bytes: 17647693 kNewNativeDiscountFactor: 2 kOldNativeDiscountFactor: 65536 old_native_bytes: 134537491 new_native_bytes: 33303876 add_bytes_allowed: 31852005 is_gc_concurrent: 1 target_footprint_: 17829817 GetBytesAllocated: 15215864 HeapGrowthMultiplier: 3
12-21 13:41:27.637  3311  3354 I com.miui.home: CheckGCForNative gc_urgency 0.949251 current_native_bytes is 167841367
12-21 13:41:27.943 14646 14646 I wm_on_paused_called: [0,132394094,com.uc.browser.InnerUCMobile,performPause,151]
12-21 13:41:27.965  3311 14965 I com.miui.home: CheckGCForNative adj_start_bytes: 33573695 NativeAllocationGcWatermark: 10617335 java_gc_start_bytes: 17647693 kNewNativeDiscountFactor: 2 kOldNativeDiscountFactor: 65536 old_native_bytes: 134537491 new_native_bytes: 22751268 add_bytes_allowed: 31852005 is_gc_concurrent: 1 target_footprint_: 17829817 GetBytesAllocated: 15509157 HeapGrowthMultiplier: 3
12-21 13:41:27.966  3311 14965 I com.miui.home: CheckGCForNative gc_urgency 0.800831 current_native_bytes is 157288759
12-21 13:41:28.078  3311 14965 I com.miui.home: CheckGCForNative adj_start_bytes: 33573695 NativeAllocationGcWatermark: 10617335 java_gc_start_bytes: 17647693 kNewNativeDiscountFactor: 2 kOldNativeDiscountFactor: 65536 old_native_bytes: 134537491 new_native_bytes: 22892956 add_bytes_allowed: 31852005 is_gc_concurrent: 1 target_footprint_: 17829817 GetBytesAllocated: 15602597 HeapGrowthMultiplier: 3
12-21 13:41:28.078  3311 14965 I com.miui.home: CheckGCForNative gc_urgency 0.805724 current_native_bytes is 157430447
12-21 13:41:28.092  3311  3311 I wm_on_top_resumed_lost_called: [176781668,com.miui.home.launcher.Launcher,topStateChangedWhenResumed]
12-21 13:41:28.094  3311  3311 I wm_on_paused_called: [0,176781668,com.miui.home.launcher.Launcher,performPause,1]
12-21 13:41:28.140 14322 14322 I wm_on_destroy_called: [0,162216518,com.sina.weibo.SplashActivity,performDestroy,104]
12-21 13:41:28.446  3311  3761 I com.miui.home: CheckGCForNative adj_start_bytes: 33573695 NativeAllocationGcWatermark: 10617335 java_gc_start_bytes: 17647693 kNewNativeDiscountFactor: 2 kOldNativeDiscountFactor: 65536 old_native_bytes: 134537491 new_native_bytes: 34181024 add_bytes_allowed: 31852005 is_gc_concurrent: 1 target_footprint_: 17829817 GetBytesAllocated: 16667077 HeapGrowthMultiplier: 3
12-21 13:41:28.446  3311  3761 I com.miui.home: CheckGCForNative gc_urgency 1.00554 current_native_bytes is 168718515
12-21 13:41:28.447  3311  3761 I com.miui.home: CheckGCForNative requested 1
12-21 13:41:28.515  3311  3492 I com.miui.home: CheckGCForNative adj_start_bytes: 33573695 NativeAllocationGcWatermark: 10617335 java_gc_start_bytes: 17647693 kNewNativeDiscountFactor: 2 kOldNativeDiscountFactor: 65536 old_native_bytes: 134537491 new_native_bytes: 23488368 add_bytes_allowed: 31852005 is_gc_concurrent: 1 target_footprint_: 17829817 GetBytesAllocated: 16863396 HeapGrowthMultiplier: 3
12-21 13:41:28.515  3311  3492 I com.miui.home: CheckGCForNative gc_urgency 0.852144 current_native_bytes is 158025859
12-21 13:41:28.619  3311  3350 I com.miui.home: NativeAlloc concurrent copying GC freed 167045(7539KB) AllocSpace objects, 16(496KB) LOS objects, 49% free, 8905KB/17MB, paused 254us,874us total 172.773ms
12-21 13:41:28.704  3311  3492 I com.miui.home: CheckGCForNative gc_urgency 0 current_native_bytes is 123130875
12-21 13:41:28.793  3311  3492 I com.miui.home: CheckGCForNative adj_start_bytes: 33716750 NativeAllocationGcWatermark: 10668410 java_gc_start_bytes: 17714135 kNewNativeDiscountFactor: 2 kOldNativeDiscountFactor: 65536 old_native_bytes: 123130875 new_native_bytes: 2560 add_bytes_allowed: 32005230 is_gc_concurrent: 1 target_footprint_: 18238423 GetBytesAllocated: 9206945 HeapGrowthMultiplier: 3
12-21 13:41:28.793  3311  3492 I com.miui.home: CheckGCForNative gc_urgency 0.273161 current_native_bytes is 123133435
12-21 13:41:29.311 15004 15004 I wm_on_create_called: [0,163914243,com.tencent.mtt.SplashActivity,performCreate,147]
12-21 13:41:29.381 15004 15004 I wm_on_create_called: [0,199416028,com.tencent.mtt.MainActivity,performCreate,13]
12-21 13:41:29.401 15004 15004 I wm_on_start_called: [0,199416028,com.tencent.mtt.MainActivity,handleStartActivity,19]
12-21 13:41:29.535 15045 15045 I wm_on_application_create_called: [0,com.UCMobile,620]
12-21 13:41:29.850 15004 15004 I wm_on_resume_called: [0,199416028,com.tencent.mtt.MainActivity,RESUME_ACTIVITY,446]
12-21 13:41:29.857 15004 15004 I wm_on_top_resumed_gained_called: [199416028,com.tencent.mtt.MainActivity,topStateChangedWhenResumed]
12-21 13:41:29.977  3311  3311 I wm_on_resume_called: [0,176781668,com.miui.home.launcher.Launcher,RESUME_ACTIVITY,4]
12-21 13:41:29.984  3311  3470 I com.miui.home: CheckGCForNative adj_start_bytes: 33716750 NativeAllocationGcWatermark: 10668410 java_gc_start_bytes: 17714135 kNewNativeDiscountFactor: 2 kOldNativeDiscountFactor: 65536 old_native_bytes: 123130875 new_native_bytes: 655852 add_bytes_allowed: 32005230 is_gc_concurrent: 1 target_footprint_: 18238423 GetBytesAllocated: 11407406 HeapGrowthMultiplier: 3
12-21 13:41:29.984  3311  3470 I com.miui.home: CheckGCForNative gc_urgency 0.348399 current_native_bytes is 123786727
12-21 13:41:30.003  3311  3311 I wm_on_idle_called: com.miui.home.launcher.Launcher
12-21 13:41:30.183 14646 14646 I wm_on_stop_called: [0,132394094,com.uc.browser.InnerUCMobile,STOP_ACTIVITY_ITEM,481]
12-21 13:41:30.344  3311  3354 I com.miui.home: CheckGCForNative adj_start_bytes: 33716750 NativeAllocationGcWatermark: 10668410 java_gc_start_bytes: 17714135 kNewNativeDiscountFactor: 2 kOldNativeDiscountFactor: 65536 old_native_bytes: 123130875 new_native_bytes: 11436180 add_bytes_allowed: 32005230 is_gc_concurrent: 1 target_footprint_: 18238423 GetBytesAllocated: 12111678 HeapGrowthMultiplier: 3
12-21 13:41:30.345  3311  3354 I com.miui.home: CheckGCForNative gc_urgency 0.528866 current_native_bytes is 134567055
12-21 13:41:30.345  3311  3354 I com.miui.home: CheckGCForNative adj_start_bytes: 33716750 NativeAllocationGcWatermark: 10668410 java_gc_start_bytes: 17714135 kNewNativeDiscountFactor: 2 kOldNativeDiscountFactor: 65536 old_native_bytes: 123130875 new_native_bytes: 22143124 add_bytes_allowed: 32005230 is_gc_concurrent: 1 target_footprint_: 18238423 GetBytesAllocated: 12111870 HeapGrowthMultiplier: 3
12-21 13:41:30.345  3311  3354 I com.miui.home: CheckGCForNative gc_urgency 0.68765 current_native_bytes is 145273999
12-21 13:41:30.464  3311  3574 I com.miui.home: CheckGCForNative adj_start_bytes: 33716750 NativeAllocationGcWatermark: 10668410 java_gc_start_bytes: 17714135 kNewNativeDiscountFactor: 2 kOldNativeDiscountFactor: 65536 old_native_bytes: 123130875 new_native_bytes: 22232308 add_bytes_allowed: 32005230 is_gc_concurrent: 1 target_footprint_: 18238423 GetBytesAllocated: 12217160 HeapGrowthMultiplier: 3
12-21 13:41:30.464  3311  3574 I com.miui.home: CheckGCForNative gc_urgency 0.692095 current_native_bytes is 145363183
12-21 13:41:30.501  3311  3311 I wm_on_top_resumed_gained_called: [176781668,com.miui.home.launcher.Launcher,topStateChangedWhenResumed]
12-21 13:41:30.626  3311  3492 I com.miui.home: CheckGCForNative adj_start_bytes: 33716750 NativeAllocationGcWatermark: 10668410 java_gc_start_bytes: 17714135 kNewNativeDiscountFactor: 2 kOldNativeDiscountFactor: 65536 old_native_bytes: 123130875 new_native_bytes: 11538708 add_bytes_allowed: 32005230 is_gc_concurrent: 1 target_footprint_: 18238423 GetBytesAllocated: 12292502 HeapGrowthMultiplier: 3
12-21 13:41:30.626  3311  3492 I com.miui.home: CheckGCForNative gc_urgency 0.53575 current_native_bytes is 134669583
12-21 13:41:30.837  3311  4048 I com.miui.home: CheckGCForNative adj_start_bytes: 33716750 NativeAllocationGcWatermark: 10668410 java_gc_start_bytes: 17714135 kNewNativeDiscountFactor: 2 kOldNativeDiscountFactor: 65536 old_native_bytes: 123130875 new_native_bytes: 22160804 add_bytes_allowed: 32005230 is_gc_concurrent: 1 target_footprint_: 18238423 GetBytesAllocated: 12391200 HeapGrowthMultiplier: 3
12-21 13:41:30.845  3311  4048 I com.miui.home: CheckGCForNative gc_urgency 0.696196 current_native_bytes is 145291679
12-21 13:41:30.846  3311  3490 I com.miui.home: CheckGCForNative adj_start_bytes: 33716750 NativeAllocationGcWatermark: 10668410 java_gc_start_bytes: 17714135 kNewNativeDiscountFactor: 2 kOldNativeDiscountFactor: 65536 old_native_bytes: 123130875 new_native_bytes: 32866916 add_bytes_allowed: 32005230 is_gc_concurrent: 1 target_footprint_: 18238423 GetBytesAllocated: 12391392 HeapGrowthMultiplier: 3
12-21 13:41:30.846  3311  3490 I com.miui.home: CheckGCForNative gc_urgency 0.854968 current_native_bytes is 155997791
12-21 13:41:30.849  3311  3490 I com.miui.home: CheckGCForNative adj_start_bytes: 33716750 NativeAllocationGcWatermark: 10668410 java_gc_start_bytes: 17714135 kNewNativeDiscountFactor: 2 kOldNativeDiscountFactor: 65536 old_native_bytes: 123130875 new_native_bytes: 43573796 add_bytes_allowed: 32005230 is_gc_concurrent: 1 target_footprint_: 18238423 GetBytesAllocated: 12391584 HeapGrowthMultiplier: 3
12-21 13:41:30.849  3311  3490 I com.miui.home: CheckGCForNative gc_urgency 1.01375 current_native_bytes is 166704671
12-21 13:41:30.849  3311  3490 I com.miui.home: CheckGCForNative requested 1
12-21 13:41:31.087  3311 14965 I com.miui.home: CheckGCForNative adj_start_bytes: 33716750 NativeAllocationGcWatermark: 10668410 java_gc_start_bytes: 17714135 kNewNativeDiscountFactor: 2 kOldNativeDiscountFactor: 65536 old_native_bytes: 123130875 new_native_bytes: 22153716 add_bytes_allowed: 32005230 is_gc_concurrent: 1 target_footprint_: 18238423 GetBytesAllocated: 12666996 HeapGrowthMultiplier: 3
12-21 13:41:31.087  3311 14965 I com.miui.home: CheckGCForNative gc_urgency 0.704271 current_native_bytes is 145284591
12-21 13:41:31.115  3311  3311 I wm_on_top_resumed_lost_called: [176781668,com.miui.home.launcher.Launcher,topStateChangedWhenResumed]
12-21 13:41:31.198  3311 14965 I com.miui.home: CheckGCForNative adj_start_bytes: 33716750 NativeAllocationGcWatermark: 10668410 java_gc_start_bytes: 17714135 kNewNativeDiscountFactor: 2 kOldNativeDiscountFactor: 65536 old_native_bytes: 123130875 new_native_bytes: 22307700 add_bytes_allowed: 32005230 is_gc_concurrent: 1 target_footprint_: 18238423 GetBytesAllocated: 12938893 HeapGrowthMultiplier: 3
12-21 13:41:31.198  3311 14965 I com.miui.home: CheckGCForNative gc_urgency 0.714619 current_native_bytes is 145438575
12-21 13:41:31.399  3311  3311 I wm_on_paused_called: [0,176781668,com.miui.home.launcher.Launcher,performPause,1]
12-21 13:41:31.466  3311  3761 I com.miui.home: CheckGCForNative adj_start_bytes: 33716750 NativeAllocationGcWatermark: 10668410 java_gc_start_bytes: 17714135 kNewNativeDiscountFactor: 2 kOldNativeDiscountFactor: 65536 old_native_bytes: 123130875 new_native_bytes: 33287832 add_bytes_allowed: 32005230 is_gc_concurrent: 1 target_footprint_: 18238423 GetBytesAllocated: 13606797 HeapGrowthMultiplier: 3
12-21 13:41:31.466  3311  3761 I com.miui.home: CheckGCForNative gc_urgency 0.897257 current_native_bytes is 156418707
12-21 13:41:31.691  3311  3350 I com.miui.home: NativeAlloc concurrent copying GC freed 78343(3688KB) AllocSpace objects, 12(288KB) LOS objects, 49% free, 9582KB/18MB, paused 27.954ms,28us total 835.102ms
12-21 13:41:31.737  3311  3492 I com.miui.home: CheckGCForNative gc_urgency 0 current_native_bytes is 133974523
12-21 13:41:32.005  3311  3492 I com.miui.home: CheckGCForNative adj_start_bytes: 35362372 NativeAllocationGcWatermark: 10841634 java_gc_start_bytes: 19099921 kNewNativeDiscountFactor: 2 kOldNativeDiscountFactor: 65536 old_native_bytes: 133974523 new_native_bytes: 272172 add_bytes_allowed: 32524902 is_gc_concurrent: 1 target_footprint_: 19624209 GetBytesAllocated: 10493500 HeapGrowthMultiplier: 3
12-21 13:41:32.005  3311  3492 I com.miui.home: CheckGCForNative gc_urgency 0.300648 current_native_bytes is 134246695
12-21 13:41:32.048  3311  3492 I com.miui.home: CheckGCForNative adj_start_bytes: 35362372 NativeAllocationGcWatermark: 10841634 java_gc_start_bytes: 19099921 kNewNativeDiscountFactor: 2 kOldNativeDiscountFactor: 65536 old_native_bytes: 133974523 new_native_bytes: 277292 add_bytes_allowed: 32524902 is_gc_concurrent: 1 target_footprint_: 19624209 GetBytesAllocated: 10561558 HeapGrowthMultiplier: 3
12-21 13:41:32.048  3311  3492 I com.miui.home: CheckGCForNative gc_urgency 0.302645 current_native_bytes is 134251815
12-21 13:41:32.334 14646 14646 I wm_on_idle_called: com.uc.browser.InnerUCMobile
12-21 13:41:32.358  3311  3311 I wm_on_stop_called: [0,176781668,com.miui.home.launcher.Launcher,STOP_ACTIVITY_ITEM,19]
12-21 13:41:32.505 15514 15514 I wm_on_application_create_called: [0,com.youku.phone,581]
12-21 13:41:32.726 15514 15514 I wm_on_create_called: [0,142093108,com.youku.phone.ActivityWelcome,performCreate,124]
12-21 13:41:32.785 15392 15392 I wm_on_application_create_called: [0,com.UCMobile,856]
12-21 13:41:32.829 15514 15514 I wm_on_start_called: [0,142093108,com.youku.phone.ActivityWelcome,handleStartActivity,2]
12-21 13:41:32.857 15514 15514 I wm_on_resume_called: [0,142093108,com.youku.phone.ActivityWelcome,RESUME_ACTIVITY,11]
12-21 13:41:32.911 15514 15514 I wm_on_top_resumed_gained_called: [142093108,com.youku.phone.ActivityWelcome,topStateChangedWhenResumed]
12-21 13:41:32.939 15514 15514 I wm_on_top_resumed_lost_called: [142093108,com.youku.phone.ActivityWelcome,topStateChangedWhenResumed]
12-21 13:41:32.942 15514 15514 I wm_on_paused_called: [0,142093108,com.youku.phone.ActivityWelcome,performPause,3]
12-21 13:41:33.097  3311  3761 I com.miui.home: CheckGCForNative adj_start_bytes: 35362372 NativeAllocationGcWatermark: 10841634 java_gc_start_bytes: 19099921 kNewNativeDiscountFactor: 2 kOldNativeDiscountFactor: 65536 old_native_bytes: 133974523 new_native_bytes: 426756 add_bytes_allowed: 32524902 is_gc_concurrent: 1 target_footprint_: 19624209 GetBytesAllocated: 11905886 HeapGrowthMultiplier: 3
12-21 13:41:33.097  3311  3761 I com.miui.home: CheckGCForNative gc_urgency 0.342774 current_native_bytes is 134401279
12-21 13:41:33.187 15514 15514 I wm_on_create_called: [0,254692972,com.youku.v2.HomePageEntry,performCreate,175]
12-21 13:41:33.227 15514 15514 I wm_on_start_called: [0,254692972,com.youku.v2.HomePageEntry,handleStartActivity,40]
12-21 13:41:33.294 15514 15514 I wm_on_resume_called: [0,254692972,com.youku.v2.HomePageEntry,RESUME_ACTIVITY,66]
12-21 13:41:33.306 15514 15514 I wm_on_top_resumed_gained_called: [254692972,com.youku.v2.HomePageEntry,topStateChangedWhenResumed]
12-21 13:41:33.345  3311  3311 I wm_on_restart_called: [0,176781668,com.miui.home.launcher.Launcher,,0]
12-21 13:41:33.345  3311  3311 I wm_on_start_called: [0,176781668,com.miui.home.launcher.Launcher,handleStartActivity,1]
12-21 13:41:33.349  3311  3311 I wm_on_resume_called: [0,176781668,com.miui.home.launcher.Launcher,RESUME_ACTIVITY,3]
12-21 13:41:33.383  3311  3311 I wm_on_idle_called: com.miui.home.launcher.Launcher
12-21 13:41:33.569  3311  4048 I com.miui.home: CheckGCForNative adj_start_bytes: 35362372 NativeAllocationGcWatermark: 10841634 java_gc_start_bytes: 19099921 kNewNativeDiscountFactor: 2 kOldNativeDiscountFactor: 65536 old_native_bytes: 133974523 new_native_bytes: 11740028 add_bytes_allowed: 32524902 is_gc_concurrent: 1 target_footprint_: 19624209 GetBytesAllocated: 14024560 HeapGrowthMultiplier: 3
12-21 13:41:33.569  3311  4048 I com.miui.home: CheckGCForNative gc_urgency 0.562649 current_native_bytes is 145714551
12-21 13:41:33.570  3311  4048 I com.miui.home: CheckGCForNative adj_start_bytes: 35362372 NativeAllocationGcWatermark: 10841634 java_gc_start_bytes: 19099921 kNewNativeDiscountFactor: 2 kOldNativeDiscountFactor: 65536 old_native_bytes: 133974523 new_native_bytes: 22446972 add_bytes_allowed: 32524902 is_gc_concurrent: 1 target_footprint_: 19624209 GetBytesAllocated: 14032007 HeapGrowthMultiplier: 3
12-21 13:41:33.570  3311  4048 I com.miui.home: CheckGCForNative gc_urgency 0.714249 current_native_bytes is 156421495
12-21 13:41:33.660  3311  3492 I com.miui.home: CheckGCForNative adj_start_bytes: 35362372 NativeAllocationGcWatermark: 10841634 java_gc_start_bytes: 19099921 kNewNativeDiscountFactor: 2 kOldNativeDiscountFactor: 65536 old_native_bytes: 133974523 new_native_bytes: 11785756 add_bytes_allowed: 32524902 is_gc_concurrent: 1 target_footprint_: 19624209 GetBytesAllocated: 14091785 HeapGrowthMultiplier: 3
12-21 13:41:33.660  3311  3492 I com.miui.home: CheckGCForNative gc_urgency 0.565197 current_native_bytes is 145760279
12-21 13:41:33.686  3311 13560 I com.miui.home: CheckGCForNative adj_start_bytes: 35362372 NativeAllocationGcWatermark: 10841634 java_gc_start_bytes: 19099921 kNewNativeDiscountFactor: 2 kOldNativeDiscountFactor: 65536 old_native_bytes: 133974523 new_native_bytes: 22493404 add_bytes_allowed: 32524902 is_gc_concurrent: 1 target_footprint_: 19624209 GetBytesAllocated: 14103271 HeapGrowthMultiplier: 3
12-21 13:41:33.686  3311 13560 I com.miui.home: CheckGCForNative gc_urgency 0.716921 current_native_bytes is 156467927
12-21 13:41:33.771  3311  3492 I com.miui.home: CheckGCForNative adj_start_bytes: 35362372 NativeAllocationGcWatermark: 10841634 java_gc_start_bytes: 19099921 kNewNativeDiscountFactor: 2 kOldNativeDiscountFactor: 65536 old_native_bytes: 133974523 new_native_bytes: 11796412 add_bytes_allowed: 32524902 is_gc_concurrent: 1 target_footprint_: 19624209 GetBytesAllocated: 14150963 HeapGrowthMultiplier: 3
12-21 13:41:33.771  3311  3492 I com.miui.home: CheckGCForNative gc_urgency 0.567021 current_native_bytes is 145770935
12-21 13:41:33.837  3311  3311 I wm_on_top_resumed_gained_called: [176781668,com.miui.home.launcher.Launcher,topStateChangedWhenResumed]
12-21 13:41:34.015  3311  3492 I com.miui.home: CheckGCForNative adj_start_bytes: 35362372 NativeAllocationGcWatermark: 10841634 java_gc_start_bytes: 19099921 kNewNativeDiscountFactor: 2 kOldNativeDiscountFactor: 65536 old_native_bytes: 133974523 new_native_bytes: 11817084 add_bytes_allowed: 32524902 is_gc_concurrent: 1 target_footprint_: 19624209 GetBytesAllocated: 14245219 HeapGrowthMultiplier: 3
12-21 13:41:34.015  3311  3492 I com.miui.home: CheckGCForNative gc_urgency 0.569979 current_native_bytes is 145791607
12-21 13:41:34.059  3311  3490 I com.miui.home: CheckGCForNative adj_start_bytes: 35362372 NativeAllocationGcWatermark: 10841634 java_gc_start_bytes: 19099921 kNewNativeDiscountFactor: 2 kOldNativeDiscountFactor: 65536 old_native_bytes: 133974523 new_native_bytes: 22505564 add_bytes_allowed: 32524902 is_gc_concurrent: 1 target_footprint_: 19624209 GetBytesAllocated: 14249267 HeapGrowthMultiplier: 3
12-21 13:41:34.059  3311  3490 I com.miui.home: CheckGCForNative gc_urgency 0.721221 current_native_bytes is 156480087
12-21 13:41:34.059  3311  3490 I com.miui.home: CheckGCForNative adj_start_bytes: 35362372 NativeAllocationGcWatermark: 10841634 java_gc_start_bytes: 19099921 kNewNativeDiscountFactor: 2 kOldNativeDiscountFactor: 65536 old_native_bytes: 133974523 new_native_bytes: 33212508 add_bytes_allowed: 32524902 is_gc_concurrent: 1 target_footprint_: 19624209 GetBytesAllocated: 14252270 HeapGrowthMultiplier: 3
12-21 13:41:34.059  3311  3490 I com.miui.home: CheckGCForNative gc_urgency 0.872695 current_native_bytes is 167187031
12-21 13:41:34.063  3311  4048 I com.miui.home: CheckGCForNative adj_start_bytes: 35362372 NativeAllocationGcWatermark: 10841634 java_gc_start_bytes: 19099921 kNewNativeDiscountFactor: 2 kOldNativeDiscountFactor: 65536 old_native_bytes: 133974523 new_native_bytes: 33212508 add_bytes_allowed: 32524902 is_gc_concurrent: 1 target_footprint_: 19624209 GetBytesAllocated: 14252270 HeapGrowthMultiplier: 3
12-21 13:41:34.063  3311  4048 I com.miui.home: CheckGCForNative gc_urgency 0.872695 current_native_bytes is 167187031
12-21 13:41:34.217 15514 15514 I wm_on_top_resumed_lost_called: [254692972,com.youku.v2.HomePageEntry,topStateChangedWhenResumed]
12-21 13:41:34.389  3311  3311 I wm_on_top_resumed_lost_called: [176781668,com.miui.home.launcher.Launcher,topStateChangedWhenResumed]
12-21 13:41:34.568  3311  3761 I com.miui.home: CheckGCForNative adj_start_bytes: 35362372 NativeAllocationGcWatermark: 10841634 java_gc_start_bytes: 19099921 kNewNativeDiscountFactor: 2 kOldNativeDiscountFactor: 65536 old_native_bytes: 133974523 new_native_bytes: 33763264 add_bytes_allowed: 32524902 is_gc_concurrent: 1 target_footprint_: 19624209 GetBytesAllocated: 15221633 HeapGrowthMultiplier: 3
12-21 13:41:34.568  3311  3761 I com.miui.home: CheckGCForNative gc_urgency 0.907895 current_native_bytes is 167737787
12-21 13:41:34.615  3311  3311 I wm_on_paused_called: [0,176781668,com.miui.home.launcher.Launcher,performPause,1]
12-21 13:41:34.810  3311  3761 I com.miui.home: CheckGCForNative adj_start_bytes: 35362372 NativeAllocationGcWatermark: 10841634 java_gc_start_bytes: 19099921 kNewNativeDiscountFactor: 2 kOldNativeDiscountFactor: 65536 old_native_bytes: 133974523 new_native_bytes: 23498272 add_bytes_allowed: 32524902 is_gc_concurrent: 1 target_footprint_: 19624209 GetBytesAllocated: 16566410 HeapGrowthMultiplier: 3
12-21 13:41:34.810  3311  3761 I com.miui.home: CheckGCForNative gc_urgency 0.800783 current_native_bytes is 157472795
12-21 13:41:34.846 15514 15514 I wm_on_paused_called: [0,254692972,com.youku.v2.HomePageEntry,performPause,60]
12-21 13:41:34.968 15514 15514 I wm_on_stop_called: [0,142093108,com.youku.phone.ActivityWelcome,STOP_ACTIVITY_ITEM,66]
12-21 13:41:35.026  3311  3492 I com.miui.home: CheckGCForNative adj_start_bytes: 35362372 NativeAllocationGcWatermark: 10841634 java_gc_start_bytes: 19099921 kNewNativeDiscountFactor: 2 kOldNativeDiscountFactor: 65536 old_native_bytes: 133974523 new_native_bytes: 24049676 add_bytes_allowed: 32524902 is_gc_concurrent: 1 target_footprint_: 19624209 GetBytesAllocated: 17326261 HeapGrowthMultiplier: 3
12-21 13:41:35.026  3311  3492 I com.miui.home: CheckGCForNative gc_urgency 0.830067 current_native_bytes is 158024199
12-21 13:41:35.115  3311  3492 I com.miui.home: CheckGCForNative adj_start_bytes: 35362372 NativeAllocationGcWatermark: 10841634 java_gc_start_bytes: 19099921 kNewNativeDiscountFactor: 2 kOldNativeDiscountFactor: 65536 old_native_bytes: 133974523 new_native_bytes: 24022540 add_bytes_allowed: 32524902 is_gc_concurrent: 1 target_footprint_: 19624209 GetBytesAllocated: 17344282 HeapGrowthMultiplier: 3
12-21 13:41:35.115  3311  3492 I com.miui.home: CheckGCForNative gc_urgency 0.830193 current_native_bytes is 157997063
12-21 13:41:35.520 16209 16209 I wm_on_create_called: [0,223867592,com.ucpro.MainActivity,performCreate,115]
12-21 13:41:35.792  3311  3761 I com.miui.home: CheckGCForNative adj_start_bytes: 35362372 NativeAllocationGcWatermark: 10841634 java_gc_start_bytes: 19099921 kNewNativeDiscountFactor: 2 kOldNativeDiscountFactor: 65536 old_native_bytes: 133974523 new_native_bytes: 23999144 add_bytes_allowed: 32524902 is_gc_concurrent: 1 target_footprint_: 19624209 GetBytesAllocated: 18002084 HeapGrowthMultiplier: 3
12-21 13:41:35.793  3311  3761 I com.miui.home: CheckGCForNative gc_urgency 0.848464 current_native_bytes is 157973667
12-21 13:41:35.969 15514 15514 I wm_on_stop_called: [0,254692972,com.youku.v2.HomePageEntry,STOP_ACTIVITY_ITEM,13]
12-21 13:41:35.996 15514 15514 I wm_on_destroy_called: [0,142093108,com.youku.phone.ActivityWelcome,performDestroy,0]
12-21 13:41:36.378 16209 16209 I wm_on_create_called: [0,46204568,com.ucpro.BrowserActivity,performCreate,723]
12-21 13:41:36.387 16209 16209 I wm_on_start_called: [0,46204568,com.ucpro.BrowserActivity,handleStartActivity,8]
12-21 13:41:36.399 16209 16209 I wm_on_resume_called: [0,46204568,com.ucpro.BrowserActivity,RESUME_ACTIVITY,8]
12-21 13:41:36.460 16209 16209 I wm_on_top_resumed_gained_called: [46204568,com.ucpro.BrowserActivity,topStateChangedWhenResumed]
12-21 13:41:36.557 15514 15514 I wm_on_idle_called: com.youku.v2.HomePageEntry
12-21 13:41:36.567  3311  3311 I wm_on_stop_called: [0,176781668,com.miui.home.launcher.Launcher,STOP_ACTIVITY_ITEM,4]
12-21 13:41:36.868  3311  3311 I wm_on_restart_called: [0,176781668,com.miui.home.launcher.Launcher,,0]
12-21 13:41:36.869  3311  3311 I wm_on_start_called: [0,176781668,com.miui.home.launcher.Launcher,handleStartActivity,1]
12-21 13:41:36.872  3311  3311 I wm_on_resume_called: [0,176781668,com.miui.home.launcher.Launcher,RESUME_ACTIVITY,4]
12-21 13:41:36.902  3311  3311 I wm_on_idle_called: com.miui.home.launcher.Launcher
12-21 13:41:37.057  3311  4048 I com.miui.home: CheckGCForNative gc_urgency 0 current_native_bytes is 155173243
12-21 13:41:37.069  3311  4048 I com.miui.home: CheckGCForNative adj_start_bytes: 35362372 NativeAllocationGcWatermark: 10841634 java_gc_start_bytes: 19099921 kNewNativeDiscountFactor: 2 kOldNativeDiscountFactor: 65536 old_native_bytes: 155173243 new_native_bytes: 10706176 add_bytes_allowed: 32524902 is_gc_concurrent: 1 target_footprint_: 19624209 GetBytesAllocated: 9984405 HeapGrowthMultiplier: 3
12-21 13:41:37.071  3311  4048 I com.miui.home: CheckGCForNative gc_urgency 0.434252 current_native_bytes is 165879419
12-21 13:41:37.075  3311  3785 I com.miui.home: CheckGCForNative adj_start_bytes: 35362372 NativeAllocationGcWatermark: 10841634 java_gc_start_bytes: 19099921 kNewNativeDiscountFactor: 2 kOldNativeDiscountFactor: 65536 old_native_bytes: 155173243 new_native_bytes: 10707168 add_bytes_allowed: 32524902 is_gc_concurrent: 1 target_footprint_: 19624209 GetBytesAllocated: 10045004 HeapGrowthMultiplier: 3
12-21 13:41:37.075  3311  3785 I com.miui.home: CheckGCForNative gc_urgency 0.435518 current_native_bytes is 165880411
12-21 13:41:37.115  3311  3492 I com.miui.home: CheckGCForNative adj_start_bytes: 35362372 NativeAllocationGcWatermark: 10841634 java_gc_start_bytes: 19099921 kNewNativeDiscountFactor: 2 kOldNativeDiscountFactor: 65536 old_native_bytes: 155173243 new_native_bytes: 21856 add_bytes_allowed: 32524902 is_gc_concurrent: 1 target_footprint_: 19624209 GetBytesAllocated: 10053337 HeapGrowthMultiplier: 3
12-21 13:41:37.115  3311  3492 I com.miui.home: CheckGCForNative gc_urgency 0.284671 current_native_bytes is 155195099
12-21 13:41:37.171  3311  3492 I com.miui.home: CheckGCForNative adj_start_bytes: 35362372 NativeAllocationGcWatermark: 10841634 java_gc_start_bytes: 19099921 kNewNativeDiscountFactor: 2 kOldNativeDiscountFactor: 65536 old_native_bytes: 155173243 new_native_bytes: 26208 add_bytes_allowed: 32524902 is_gc_concurrent: 1 target_footprint_: 19624209 GetBytesAllocated: 10067231 HeapGrowthMultiplier: 3
12-21 13:41:37.171  3311  3492 I com.miui.home: CheckGCForNative gc_urgency 0.285125 current_native_bytes is 155199451
12-21 13:41:37.374  3311  3311 I wm_on_top_resumed_gained_called: [176781668,com.miui.home.launcher.Launcher,topStateChangedWhenResumed]
12-21 13:41:37.526  3311  3492 I com.miui.home: CheckGCForNative adj_start_bytes: 35362372 NativeAllocationGcWatermark: 10841634 java_gc_start_bytes: 19099921 kNewNativeDiscountFactor: 2 kOldNativeDiscountFactor: 65536 old_native_bytes: 155173243 new_native_bytes: 47664 add_bytes_allowed: 32524902 is_gc_concurrent: 1 target_footprint_: 19624209 GetBytesAllocated: 10209190 HeapGrowthMultiplier: 3
12-21 13:41:37.526  3311  3492 I com.miui.home: CheckGCForNative gc_urgency 0.289443 current_native_bytes is 155220907
12-21 13:41:37.595  3311  3490 I com.miui.home: CheckGCForNative adj_start_bytes: 35362372 NativeAllocationGcWatermark: 10841634 java_gc_start_bytes: 19099921 kNewNativeDiscountFactor: 2 kOldNativeDiscountFactor: 65536 old_native_bytes: 155173243 new_native_bytes: 10686032 add_bytes_allowed: 32524902 is_gc_concurrent: 1 target_footprint_: 19624209 GetBytesAllocated: 10236792 HeapGrowthMultiplier: 3
12-21 13:41:37.595  3311  3490 I com.miui.home: CheckGCForNative gc_urgency 0.440643 current_native_bytes is 165859275
