12-19 19:58:29.645  3299  3299 I wm_on_top_resumed_lost_called: [30388024,com.miui.home.launcher.Launcher,topStateChangedWhenResumed]
12-19 19:58:29.653  3299  3299 I wm_on_paused_called: [0,30388024,com.miui.home.launcher.Launcher,performPause,3]
12-19 19:58:29.715  3299  3368 D cccccc  : onTaskStackChangedBackground
12-19 19:58:29.724  3299  3368 D cccccc  : onTaskStackChangedBackground
12-19 19:58:29.759  3299  3368 D cccccc  : onTaskStackChangedBackground
12-19 19:58:29.779  3299  3368 D cccccc  : onTaskStackChangedBackground
12-19 19:58:30.068  3299  3968 I com.miui.home: CheckGCForNative adj_start_bytes: 41685522 NativeAllocationGcWatermark: 11465837 java_gc_start_bytes: 24486767 kNewNativeDiscountFactor: 2 kOldNativeDiscountFactor: 65536 old_native_bytes: 69409543 new_native_bytes: 2616584 add_bytes_allowed: 34397511 is_gc_concurrent: 1 target_footprint_: 24617839 GetBytesAllocated: 15204628 HeapGrowthMultiplier: 3
12-19 19:58:30.068  3299  3968 I com.miui.home: CheckGCForNative gc_urgency 0.396156 current_native_bytes is 72026127
12-19 19:58:30.069  3299  3741 I com.miui.home: CheckGCForNative adj_start_bytes: 41685522 NativeAllocationGcWatermark: 11465837 java_gc_start_bytes: 24486767 kNewNativeDiscountFactor: 2 kOldNativeDiscountFactor: 65536 old_native_bytes: 69409543 new_native_bytes: 2617864 add_bytes_allowed: 34397511 is_gc_concurrent: 1 target_footprint_: 24617839 GetBytesAllocated: 15209438 HeapGrowthMultiplier: 3
12-19 19:58:30.069  3299  3741 I com.miui.home: CheckGCForNative gc_urgency 0.396287 current_native_bytes is 72027407
12-19 19:58:30.269  3299  3741 I com.miui.home: CheckGCForNative adj_start_bytes: 41685522 NativeAllocationGcWatermark: 11465837 java_gc_start_bytes: 24486767 kNewNativeDiscountFactor: 2 kOldNativeDiscountFactor: 65536 old_native_bytes: 69409543 new_native_bytes: 3329772 add_bytes_allowed: 34397511 is_gc_concurrent: 1 target_footprint_: 24617839 GetBytesAllocated: 15572158 HeapGrowthMultiplier: 3
12-19 19:58:30.269  3299  3741 I com.miui.home: CheckGCForNative gc_urgency 0.413527 current_native_bytes is 72739315
12-19 19:58:30.311  3299  3968 I com.miui.home: CheckGCForNative adj_start_bytes: 41685522 NativeAllocationGcWatermark: 11465837 java_gc_start_bytes: 24486767 kNewNativeDiscountFactor: 2 kOldNativeDiscountFactor: 65536 old_native_bytes: 69409543 new_native_bytes: 3561908 add_bytes_allowed: 34397511 is_gc_concurrent: 1 target_footprint_: 24617839 GetBytesAllocated: 15670437 HeapGrowthMultiplier: 3
12-19 19:58:30.311  3299  3968 I com.miui.home: CheckGCForNative gc_urgency 0.418669 current_native_bytes is 72971451
12-19 19:58:30.317  3299  3968 I com.miui.home: CheckGCForNative adj_start_bytes: 41685522 NativeAllocationGcWatermark: 11465837 java_gc_start_bytes: 24486767 kNewNativeDiscountFactor: 2 kOldNativeDiscountFactor: 65536 old_native_bytes: 69409543 new_native_bytes: 4090484 add_bytes_allowed: 34397511 is_gc_concurrent: 1 target_footprint_: 24617839 GetBytesAllocated: 15702137 HeapGrowthMultiplier: 3
12-19 19:58:30.317  3299  3968 I com.miui.home: CheckGCForNative gc_urgency 0.42577 current_native_bytes is 73500027
12-19 19:58:30.460  3299  3968 I com.miui.home: CheckGCForNative adj_start_bytes: 41685522 NativeAllocationGcWatermark: 11465837 java_gc_start_bytes: 24486767 kNewNativeDiscountFactor: 2 kOldNativeDiscountFactor: 65536 old_native_bytes: 69409543 new_native_bytes: 5736692 add_bytes_allowed: 34397511 is_gc_concurrent: 1 target_footprint_: 24617839 GetBytesAllocated: 15825975 HeapGrowthMultiplier: 3
12-19 19:58:30.461  3299  3968 I com.miui.home: CheckGCForNative gc_urgency 0.448486 current_native_bytes is 75146235
12-19 19:58:30.479  3299  3968 I com.miui.home: CheckGCForNative adj_start_bytes: 41685522 NativeAllocationGcWatermark: 11465837 java_gc_start_bytes: 24486767 kNewNativeDiscountFactor: 2 kOldNativeDiscountFactor: 65536 old_native_bytes: 69409543 new_native_bytes: 6260980 add_bytes_allowed: 34397511 is_gc_concurrent: 1 target_footprint_: 24617839 GetBytesAllocated: 15866120 HeapGrowthMultiplier: 3
12-19 19:58:30.479  3299  3968 I com.miui.home: CheckGCForNative gc_urgency 0.455738 current_native_bytes is 75670523
12-19 19:58:30.484  3299  3968 I com.miui.home: CheckGCForNative adj_start_bytes: 41685522 NativeAllocationGcWatermark: 11465837 java_gc_start_bytes: 24486767 kNewNativeDiscountFactor: 2 kOldNativeDiscountFactor: 65536 old_native_bytes: 69409543 new_native_bytes: 6261748 add_bytes_allowed: 34397511 is_gc_concurrent: 1 target_footprint_: 24617839 GetBytesAllocated: 15870987 HeapGrowthMultiplier: 3
12-19 19:58:30.484  3299  3968 I com.miui.home: CheckGCForNative gc_urgency 0.455864 current_native_bytes is 75671291
12-19 19:58:30.688  3299  3968 I cccccc  : getTaskSnapshotInstance:
12-19 19:58:30.692  3299  3968 I cccccc  : getTaskSnapshotInstance:
12-19 19:58:30.849  3299  3968 I com.miui.home: CheckGCForNative adj_start_bytes: 41685522 NativeAllocationGcWatermark: 11465837 java_gc_start_bytes: 24486767 kNewNativeDiscountFactor: 2 kOldNativeDiscountFactor: 65536 old_native_bytes: 69409543 new_native_bytes: 17695692 add_bytes_allowed: 34397511 is_gc_concurrent: 1 target_footprint_: 24617839 GetBytesAllocated: 16072242 HeapGrowthMultiplier: 3
12-19 19:58:30.849  3299  3968 I com.miui.home: CheckGCForNative gc_urgency 0.597837 current_native_bytes is 87105235
12-19 19:58:30.858  3299  3968 I com.miui.home: CheckGCForNative adj_start_bytes: 41685522 NativeAllocationGcWatermark: 11465837 java_gc_start_bytes: 24486767 kNewNativeDiscountFactor: 2 kOldNativeDiscountFactor: 65536 old_native_bytes: 69409543 new_native_bytes: 28484556 add_bytes_allowed: 34397511 is_gc_concurrent: 1 target_footprint_: 24617839 GetBytesAllocated: 16082518 HeapGrowthMultiplier: 3
12-19 19:58:30.858  3299  3968 I com.miui.home: CheckGCForNative gc_urgency 0.727491 current_native_bytes is 97894099
12-19 19:58:30.859  3299  3968 I cccccc  : getTaskThumbnailInfo: 2460 1.0  10705920
12-19 19:58:30.860  3299  3968 I cccccc  : getTaskSnapshotInstance:
12-19 19:58:30.932  3299  3968 I com.miui.home: CheckGCForNative adj_start_bytes: 41685522 NativeAllocationGcWatermark: 11465837 java_gc_start_bytes: 24486767 kNewNativeDiscountFactor: 2 kOldNativeDiscountFactor: 65536 old_native_bytes: 69409543 new_native_bytes: 28485068 add_bytes_allowed: 34397511 is_gc_concurrent: 1 target_footprint_: 24617839 GetBytesAllocated: 16084491 HeapGrowthMultiplier: 3
12-19 19:58:30.933  3299  3968 I com.miui.home: CheckGCForNative gc_urgency 0.727545 current_native_bytes is 97894611
12-19 19:58:30.938  3299  3968 I com.miui.home: CheckGCForNative adj_start_bytes: 41685522 NativeAllocationGcWatermark: 11465837 java_gc_start_bytes: 24486767 kNewNativeDiscountFactor: 2 kOldNativeDiscountFactor: 65536 old_native_bytes: 69409543 new_native_bytes: 39192012 add_bytes_allowed: 34397511 is_gc_concurrent: 1 target_footprint_: 24617839 GetBytesAllocated: 16091772 HeapGrowthMultiplier: 3
12-19 19:58:30.938  3299  3968 I com.miui.home: CheckGCForNative gc_urgency 0.856145 current_native_bytes is 108601555
12-19 19:58:30.939  3299  3968 I cccccc  : getTaskThumbnailInfo: 2460 1.0  10705920
12-19 19:58:30.939  3299  3968 I cccccc  : getTaskSnapshotInstance:
12-19 19:58:30.985  3299  3968 I com.miui.home: CheckGCForNative adj_start_bytes: 41685522 NativeAllocationGcWatermark: 11465837 java_gc_start_bytes: 24486767 kNewNativeDiscountFactor: 2 kOldNativeDiscountFactor: 65536 old_native_bytes: 69409543 new_native_bytes: 39193164 add_bytes_allowed: 34397511 is_gc_concurrent: 1 target_footprint_: 24617839 GetBytesAllocated: 16092885 HeapGrowthMultiplier: 3
12-19 19:58:30.985  3299  3968 I com.miui.home: CheckGCForNative gc_urgency 0.856185 current_native_bytes is 108602707
12-19 19:58:30.986  3299  3968 I com.miui.home: CheckGCForNative adj_start_bytes: 41685522 NativeAllocationGcWatermark: 11465837 java_gc_start_bytes: 24486767 kNewNativeDiscountFactor: 2 kOldNativeDiscountFactor: 65536 old_native_bytes: 69409543 new_native_bytes: 49900108 add_bytes_allowed: 34397511 is_gc_concurrent: 1 target_footprint_: 24617839 GetBytesAllocated: 16099915 HeapGrowthMultiplier: 3
12-19 19:58:30.986  3299  3968 I com.miui.home: CheckGCForNative gc_urgency 0.984779 current_native_bytes is 119309651
12-19 19:58:30.987  3299  3968 I cccccc  : getTaskThumbnailInfo: 2460 1.0  10705920
12-19 19:58:31.059  8045  8045 I wm_on_application_create_called: [0,com.autonavi.minimap,440]
12-19 19:58:31.081  7950  7950 I wm_on_application_create_called: [0,com.autonavi.minimap,975]
12-19 19:58:31.188  3299  3299 I wm_on_resume_called: [0,30388024,com.miui.home.launcher.Launcher,RESUME_ACTIVITY,36]
12-19 19:58:31.196  3299  3299 I com.miui.home: CheckGCForNative adj_start_bytes: 41685522 NativeAllocationGcWatermark: 11465837 java_gc_start_bytes: 24486767 kNewNativeDiscountFactor: 2 kOldNativeDiscountFactor: 65536 old_native_bytes: 69409543 new_native_bytes: 39535956 add_bytes_allowed: 34397511 is_gc_concurrent: 1 target_footprint_: 24617839 GetBytesAllocated: 16785456 HeapGrowthMultiplier: 3
12-19 19:58:31.196  3299  3299 I com.miui.home: CheckGCForNative gc_urgency 0.876911 current_native_bytes is 108945499
12-19 19:58:31.207  3299  3299 I wm_on_idle_called: com.miui.home.launcher.Launcher
12-19 19:58:31.338  3299  3968 I com.miui.home: CheckGCForNative adj_start_bytes: 41685522 NativeAllocationGcWatermark: 11465837 java_gc_start_bytes: 24486767 kNewNativeDiscountFactor: 2 kOldNativeDiscountFactor: 65536 old_native_bytes: 69409543 new_native_bytes: 40009064 add_bytes_allowed: 34397511 is_gc_concurrent: 1 target_footprint_: 24617839 GetBytesAllocated: 17446617 HeapGrowthMultiplier: 3
12-19 19:58:31.338  3299  3968 I com.miui.home: CheckGCForNative gc_urgency 0.898446 current_native_bytes is 109418607
12-19 19:58:31.379  3299  3368 I com.miui.home: CheckGCForNative adj_start_bytes: 41685522 NativeAllocationGcWatermark: 11465837 java_gc_start_bytes: 24486767 kNewNativeDiscountFactor: 2 kOldNativeDiscountFactor: 65536 old_native_bytes: 69409543 new_native_bytes: 50715848 add_bytes_allowed: 34397511 is_gc_concurrent: 1 target_footprint_: 24617839 GetBytesAllocated: 17659708 HeapGrowthMultiplier: 3
12-19 19:58:31.379  3299  3368 I com.miui.home: CheckGCForNative gc_urgency 1.03207 current_native_bytes is 120125391
12-19 19:58:31.379  3299  3368 I com.miui.home: CheckGCForNative requested 1
12-19 19:58:31.385  3299  3384 I com.miui.home: CheckGCForNative adj_start_bytes: 41685522 NativeAllocationGcWatermark: 11465837 java_gc_start_bytes: 24486767 kNewNativeDiscountFactor: 2 kOldNativeDiscountFactor: 65536 old_native_bytes: 69409543 new_native_bytes: 61441096 add_bytes_allowed: 34397511 is_gc_concurrent: 1 target_footprint_: 24617839 GetBytesAllocated: 17712623 HeapGrowthMultiplier: 3
12-19 19:58:31.385  3299  3384 I com.miui.home: CheckGCForNative gc_urgency 1.1619 current_native_bytes is 130850639
12-19 19:58:31.385  3299  3384 I com.miui.home: CheckGCForNative requested 1
12-19 19:58:31.387  3299  3368 I com.miui.home: CheckGCForNative adj_start_bytes: 41685522 NativeAllocationGcWatermark: 11465837 java_gc_start_bytes: 24486767 kNewNativeDiscountFactor: 2 kOldNativeDiscountFactor: 65536 old_native_bytes: 69409543 new_native_bytes: 72148808 add_bytes_allowed: 34397511 is_gc_concurrent: 1 target_footprint_: 24617839 GetBytesAllocated: 17712815 HeapGrowthMultiplier: 3
12-19 19:58:31.387  3299  3368 I com.miui.home: CheckGCForNative gc_urgency 1.29033 current_native_bytes is 141558351
12-19 19:58:31.387  3299  3368 I com.miui.home: CheckGCForNative requested 1
12-19 19:58:31.387  3299  3368 I cccccc  : getTaskThumbnailInfo: 2460 1.0  10705920
12-19 19:58:31.396  3299  3299 I cccccc  : getTaskThumbnailInfo: 2460 1.0  10705920
12-19 19:58:31.544  7950  7950 I wm_on_create_called: [0,159492784,com.autonavi.map.activity.SplashActivity,performCreate,307]
12-19 19:58:31.562  3299  3299 I wm_on_top_resumed_gained_called: [30388024,com.miui.home.launcher.Launcher,topStateChangedWhenResumed]
12-19 19:58:31.614  3299  3350 I com.miui.home: NativeAlloc concurrent copying GC freed 108402(4994KB) AllocSpace objects, 14(408KB) LOS objects, 49% free, 12MB/24MB, paused 488us,211us total 232.988ms
12-19 19:58:31.614  3299  3741 I com.miui.home: CheckGCForNative adj_start_bytes: 42586694 NativeAllocationGcWatermark: 11602089 java_gc_start_bytes: 25183561 kNewNativeDiscountFactor: 2 kOldNativeDiscountFactor: 65536 old_native_bytes: 120433811 new_native_bytes: 0 add_bytes_allowed: 34806267 is_gc_concurrent: 1 target_footprint_: 25707849 GetBytesAllocated: 12853926 HeapGrowthMultiplier: 3
12-19 19:58:31.614  3299  3741 I com.miui.home: CheckGCForNative gc_urgency 0.301873 current_native_bytes is 120433811
12-19 19:58:31.623  3299  3968 I cccccc  : getTaskSnapshotInstance:
12-19 19:58:31.625  3299  3968 I com.miui.home: CheckGCForNative adj_start_bytes: 42586694 NativeAllocationGcWatermark: 11602089 java_gc_start_bytes: 25183561 kNewNativeDiscountFactor: 2 kOldNativeDiscountFactor: 65536 old_native_bytes: 120433811 new_native_bytes: 8644072 add_bytes_allowed: 34806267 is_gc_concurrent: 1 target_footprint_: 25707849 GetBytesAllocated: 12864674 HeapGrowthMultiplier: 3
12-19 19:58:31.626  3299  3968 I com.miui.home: CheckGCForNative gc_urgency 0.403868 current_native_bytes is 129077883
12-19 19:58:31.632  3299  3968 I cccccc  : getTaskThumbnailInfo: 2460 1.0  10705920
12-19 19:58:31.719  3299  3368 D cccccc  : onTaskStackChangedBackground
12-19 19:58:31.722  3299  3384 D cccccc  : onTaskStackChangedBackground
12-19 19:58:31.859  3299  3741 I com.miui.home: CheckGCForNative gc_urgency 0 current_native_bytes is 115662355
12-19 19:58:31.895  7950  7950 I wm_on_create_called: [0,48640364,com.autonavi.map.activity.NewMapActivity,performCreate,258]
12-19 19:58:31.899  3299  3740 I com.miui.home: CheckGCForNative adj_start_bytes: 42586694 NativeAllocationGcWatermark: 11602089 java_gc_start_bytes: 25183561 kNewNativeDiscountFactor: 2 kOldNativeDiscountFactor: 65536 old_native_bytes: 115662355 new_native_bytes: 10828320 add_bytes_allowed: 34806267 is_gc_concurrent: 1 target_footprint_: 25707849 GetBytesAllocated: 13263912 HeapGrowthMultiplier: 3
12-19 19:58:31.899  3299  3740 I com.miui.home: CheckGCForNative gc_urgency 0.438631 current_native_bytes is 126490675
12-19 19:58:31.903  3299  3368 I com.miui.home: CheckGCForNative adj_start_bytes: 42586694 NativeAllocationGcWatermark: 11602089 java_gc_start_bytes: 25183561 kNewNativeDiscountFactor: 2 kOldNativeDiscountFactor: 65536 old_native_bytes: 115662355 new_native_bytes: 21535264 add_bytes_allowed: 34806267 is_gc_concurrent: 1 target_footprint_: 25707849 GetBytesAllocated: 13270162 HeapGrowthMultiplier: 3
12-19 19:58:31.903  3299  3368 I com.miui.home: CheckGCForNative gc_urgency 0.564485 current_native_bytes is 137197619
12-19 19:58:31.904  3299  3299 I com.miui.home: CheckGCForNative adj_start_bytes: 42586694 NativeAllocationGcWatermark: 11602089 java_gc_start_bytes: 25183561 kNewNativeDiscountFactor: 2 kOldNativeDiscountFactor: 65536 old_native_bytes: 115662355 new_native_bytes: 32243168 add_bytes_allowed: 34806267 is_gc_concurrent: 1 target_footprint_: 25707849 GetBytesAllocated: 13270386 HeapGrowthMultiplier: 3
12-19 19:58:31.905  3299  3299 I com.miui.home: CheckGCForNative gc_urgency 0.690209 current_native_bytes is 147905523
12-19 19:58:31.905  3299  3299 I cccccc  : getTaskThumbnailInfo: 2460 1.0  10705920
12-19 19:58:31.908  3299  3740 I cccccc  : getTaskThumbnailInfo: 2460 1.0  10705920
12-19 19:58:31.917  7950  7950 I wm_on_start_called: [0,48640364,com.autonavi.map.activity.NewMapActivity,handleStartActivity,22]
12-19 19:58:31.927  7950  7950 I wm_on_resume_called: [0,48640364,com.autonavi.map.activity.NewMapActivity,RESUME_ACTIVITY,7]
12-19 19:58:32.037  7950  7950 I wm_on_destroy_called: [0,159492784,com.autonavi.map.activity.SplashActivity,performDestroy,1]
12-19 19:58:32.038  7950  7950 I wm_on_paused_called: [0,48640364,com.autonavi.map.activity.NewMapActivity,performPause,1]
12-19 19:58:32.076  3299  3299 I wm_on_top_resumed_lost_called: [30388024,com.miui.home.launcher.Launcher,topStateChangedWhenResumed]
12-19 19:58:32.101  3299  3299 I wm_on_paused_called: [0,30388024,com.miui.home.launcher.Launcher,performPause,3]
12-19 19:58:32.143  3299  3384 D cccccc  : onTaskStackChangedBackground
12-19 19:58:32.145  3299  3384 D cccccc  : onTaskStackChangedBackground
12-19 19:58:32.190  3299  3968 I com.miui.home: CheckGCForNative adj_start_bytes: 42586694 NativeAllocationGcWatermark: 11602089 java_gc_start_bytes: 25183561 kNewNativeDiscountFactor: 2 kOldNativeDiscountFactor: 65536 old_native_bytes: 115662355 new_native_bytes: 11464904 add_bytes_allowed: 34806267 is_gc_concurrent: 1 target_footprint_: 25707849 GetBytesAllocated: 13994998 HeapGrowthMultiplier: 3
12-19 19:58:32.190  3299  3968 I com.miui.home: CheckGCForNative gc_urgency 0.463272 current_native_bytes is 127127259
12-19 19:58:32.255  7950  7950 I wm_on_stop_called: [0,48640364,com.autonavi.map.activity.NewMapActivity,STOP_ACTIVITY_ITEM,6]
12-19 19:58:32.261  7950  7950 I wm_on_idle_called: com.autonavi.map.activity.NewMapActivity
12-19 19:58:32.381  3299  3968 I cccccc  : getTaskSnapshotInstance:
12-19 19:58:32.399  3299  3968 I com.miui.home: CheckGCForNative adj_start_bytes: 42586694 NativeAllocationGcWatermark: 11602089 java_gc_start_bytes: 25183561 kNewNativeDiscountFactor: 2 kOldNativeDiscountFactor: 65536 old_native_bytes: 115662355 new_native_bytes: 22462980 add_bytes_allowed: 34806267 is_gc_concurrent: 1 target_footprint_: 25707849 GetBytesAllocated: 14432183 HeapGrowthMultiplier: 3
12-19 19:58:32.399  3299  3968 I com.miui.home: CheckGCForNative gc_urgency 0.602663 current_native_bytes is 138125335
12-19 19:58:32.400  3299  3968 I cccccc  : getTaskThumbnailInfo: 2460 1.0  10705920
12-19 19:58:32.411  3299  3384 D cccccc  : onTaskStackChangedBackground
12-19 19:58:32.422  3299  3384 D cccccc  : onTaskStackChangedBackground
12-19 19:58:32.636  3299  3741 I com.miui.home: CheckGCForNative adj_start_bytes: 42586694 NativeAllocationGcWatermark: 11602089 java_gc_start_bytes: 25183561 kNewNativeDiscountFactor: 2 kOldNativeDiscountFactor: 65536 old_native_bytes: 115662355 new_native_bytes: 12307316 add_bytes_allowed: 34806267 is_gc_concurrent: 1 target_footprint_: 25707849 GetBytesAllocated: 14879545 HeapGrowthMultiplier: 3
12-19 19:58:32.636  3299  3741 I com.miui.home: CheckGCForNative gc_urgency 0.493933 current_native_bytes is 127969671
12-19 19:58:32.858  3299  3741 I com.miui.home: CheckGCForNative adj_start_bytes: 42586694 NativeAllocationGcWatermark: 11602089 java_gc_start_bytes: 25183561 kNewNativeDiscountFactor: 2 kOldNativeDiscountFactor: 65536 old_native_bytes: 115662355 new_native_bytes: 12449336 add_bytes_allowed: 34806267 is_gc_concurrent: 1 target_footprint_: 25707849 GetBytesAllocated: 15373035 HeapGrowthMultiplier: 3
12-19 19:58:32.858  3299  3968 I cccccc  : getTaskSnapshotInstance:
12-19 19:58:32.858  3299  3741 I com.miui.home: CheckGCForNative gc_urgency 0.507188 current_native_bytes is 128111691
12-19 19:58:32.862  3299  3968 I cccccc  : getTaskSnapshotInstance:
12-19 19:58:32.863  3299  3968 I com.miui.home: CheckGCForNative adj_start_bytes: 42586694 NativeAllocationGcWatermark: 11602089 java_gc_start_bytes: 25183561 kNewNativeDiscountFactor: 2 kOldNativeDiscountFactor: 65536 old_native_bytes: 115662355 new_native_bytes: 23138552 add_bytes_allowed: 34806267 is_gc_concurrent: 1 target_footprint_: 25707849 GetBytesAllocated: 15373035 HeapGrowthMultiplier: 3
12-19 19:58:32.863  3299  3968 I com.miui.home: CheckGCForNative gc_urgency 0.632688 current_native_bytes is 138800907
12-19 19:58:32.868  3299  3968 I cccccc  : getTaskThumbnailInfo: 2460 1.0  10705920
12-19 19:58:32.914  3299  3741 I com.miui.home: CheckGCForNative adj_start_bytes: 42586694 NativeAllocationGcWatermark: 11602089 java_gc_start_bytes: 25183561 kNewNativeDiscountFactor: 2 kOldNativeDiscountFactor: 65536 old_native_bytes: 115662355 new_native_bytes: 12428120 add_bytes_allowed: 34806267 is_gc_concurrent: 1 target_footprint_: 25707849 GetBytesAllocated: 15450432 HeapGrowthMultiplier: 3
12-19 19:58:32.914  3299  3741 I com.miui.home: CheckGCForNative gc_urgency 0.508756 current_native_bytes is 128090475
12-19 19:58:33.049  8397  8397 I wm_on_create_called: [0,186256977,fm.qingting.qtradio.WelcomeActivity,performCreate,94]
12-19 19:58:33.050  8397  8397 I wm_on_start_called: [0,186256977,fm.qingting.qtradio.WelcomeActivity,handleStartActivity,1]
12-19 19:58:33.058  8397  8397 I wm_on_resume_called: [0,186256977,fm.qingting.qtradio.WelcomeActivity,RESUME_ACTIVITY,4]
12-19 19:58:33.099  8397  8397 I wm_on_top_resumed_gained_called: [186256977,fm.qingting.qtradio.WelcomeActivity,topStateChangedWhenResumed]
12-19 19:58:33.122  3299  3968 I cccccc  : getTaskSnapshotInstance:
12-19 19:58:33.282  3299  3299 I wm_on_stop_called: [0,30388024,com.miui.home.launcher.Launcher,STOP_ACTIVITY_ITEM,7]
12-19 19:58:33.710  8397  8397 I wm_on_idle_called: fm.qingting.qtradio.WelcomeActivity
12-19 19:58:33.766  8397  8397 I wm_on_top_resumed_lost_called: [186256977,fm.qingting.qtradio.WelcomeActivity,topStateChangedWhenResumed]
12-19 19:58:33.779  3299  3299 I wm_on_restart_called: [0,30388024,com.miui.home.launcher.Launcher,,0]
12-19 19:58:33.781  3299  3299 I wm_on_start_called: [0,30388024,com.miui.home.launcher.Launcher,handleStartActivity,2]
12-19 19:58:33.805  3299  3299 I wm_on_resume_called: [0,30388024,com.miui.home.launcher.Launcher,RESUME_ACTIVITY,22]
12-19 19:58:33.893  3299  3299 I wm_on_top_resumed_gained_called: [30388024,com.miui.home.launcher.Launcher,topStateChangedWhenResumed]
12-19 19:58:33.899  3299  3299 I wm_on_idle_called: com.miui.home.launcher.Launcher
12-19 19:58:33.997  3299  4335 I com.miui.home: CheckGCForNative gc_urgency 0 current_native_bytes is 127641499
12-19 19:58:33.997  3299  3366 I com.miui.home: CheckGCForNative adj_start_bytes: 42384912 NativeAllocationGcWatermark: 11539457 java_gc_start_bytes: 25075727 kNewNativeDiscountFactor: 2 kOldNativeDiscountFactor: 65536 old_native_bytes: 127641499 new_native_bytes: 10707136 add_bytes_allowed: 34618371 is_gc_concurrent: 1 target_footprint_: 25206799 GetBytesAllocated: 13988379 HeapGrowthMultiplier: 3
12-19 19:58:33.997  3299  3366 I com.miui.home: CheckGCForNative gc_urgency 0.456386 current_native_bytes is 138348635
12-19 19:58:34.000  3299  3299 I com.miui.home: CheckGCForNative adj_start_bytes: 42384912 NativeAllocationGcWatermark: 11539457 java_gc_start_bytes: 25075727 kNewNativeDiscountFactor: 2 kOldNativeDiscountFactor: 65536 old_native_bytes: 127641499 new_native_bytes: 21414080 add_bytes_allowed: 34618371 is_gc_concurrent: 1 target_footprint_: 25206799 GetBytesAllocated: 13995664 HeapGrowthMultiplier: 3
12-19 19:58:34.000  3299  3299 I com.miui.home: CheckGCForNative gc_urgency 0.582864 current_native_bytes is 149055579
12-19 19:58:34.000  3299  3299 I cccccc  : getTaskThumbnailInfo: 2460 1.0  10705920
12-19 19:58:34.003  3299  3366 I cccccc  : getTaskThumbnailInfo: 2460 1.0  10705920
12-19 19:58:34.108  3299  3741 I com.miui.home: CheckGCForNative adj_start_bytes: 42384912 NativeAllocationGcWatermark: 11539457 java_gc_start_bytes: 25075727 kNewNativeDiscountFactor: 2 kOldNativeDiscountFactor: 65536 old_native_bytes: 127641499 new_native_bytes: 20736 add_bytes_allowed: 34618371 is_gc_concurrent: 1 target_footprint_: 25206799 GetBytesAllocated: 14080780 HeapGrowthMultiplier: 3
12-19 19:58:34.108  3299  3741 I com.miui.home: CheckGCForNative gc_urgency 0.332503 current_native_bytes is 127662235
12-19 19:58:34.386  3299  3741 I com.miui.home: CheckGCForNative adj_start_bytes: 42384912 NativeAllocationGcWatermark: 11539457 java_gc_start_bytes: 25075727 kNewNativeDiscountFactor: 2 kOldNativeDiscountFactor: 65536 old_native_bytes: 127641499 new_native_bytes: 43704 add_bytes_allowed: 34618371 is_gc_concurrent: 1 target_footprint_: 25206799 GetBytesAllocated: 14178985 HeapGrowthMultiplier: 3
12-19 19:58:34.386  3299  3741 I com.miui.home: CheckGCForNative gc_urgency 0.335091 current_native_bytes is 127685203
12-19 19:58:34.464  3299  3741 I com.miui.home: CheckGCForNative gc_urgency 0 current_native_bytes is 127638307
12-19 19:58:34.488  3299  3740 I com.miui.home: CheckGCForNative adj_start_bytes: 42384912 NativeAllocationGcWatermark: 11539457 java_gc_start_bytes: 25075727 kNewNativeDiscountFactor: 2 kOldNativeDiscountFactor: 65536 old_native_bytes: 127638307 new_native_bytes: 10698496 add_bytes_allowed: 34618371 is_gc_concurrent: 1 target_footprint_: 25206799 GetBytesAllocated: 14233151 HeapGrowthMultiplier: 3
12-19 19:58:34.488  3299  3740 I com.miui.home: CheckGCForNative gc_urgency 0.462059 current_native_bytes is 138336803
12-19 19:58:34.489  3299  3368 I com.miui.home: CheckGCForNative adj_start_bytes: 42384912 NativeAllocationGcWatermark: 11539457 java_gc_start_bytes: 25075727 kNewNativeDiscountFactor: 2 kOldNativeDiscountFactor: 65536 old_native_bytes: 127638307 new_native_bytes: 21404416 add_bytes_allowed: 34618371 is_gc_concurrent: 1 target_footprint_: 25206799 GetBytesAllocated: 14234339 HeapGrowthMultiplier: 3
12-19 19:58:34.489  3299  3368 I com.miui.home: CheckGCForNative gc_urgency 0.588552 current_native_bytes is 149042723
12-19 19:58:34.489  3299  3740 I com.miui.home: CheckGCForNative adj_start_bytes: 42384912 NativeAllocationGcWatermark: 11539457 java_gc_start_bytes: 25075727 kNewNativeDiscountFactor: 2 kOldNativeDiscountFactor: 65536 old_native_bytes: 127638307 new_native_bytes: 32112064 add_bytes_allowed: 34618371 is_gc_concurrent: 1 target_footprint_: 25206799 GetBytesAllocated: 14241742 HeapGrowthMultiplier: 3
12-19 19:58:34.489  3299  3740 I com.miui.home: CheckGCForNative gc_urgency 0.71487 current_native_bytes is 159750371
12-19 19:58:34.490  3299  3740 I cccccc  : getTaskThumbnailInfo: 2460 1.0  10705920
12-19 19:58:34.491  3299  3299 I cccccc  : getTaskThumbnailInfo: 2460 1.0  10705920
12-19 19:58:34.551  8397  8397 I wm_on_paused_called: [0,186256977,fm.qingting.qtradio.WelcomeActivity,performPause,51]
12-19 19:58:34.671  3299  4335 D cccccc  : onTaskStackChangedBackground
12-19 19:58:34.672  3299  3368 D cccccc  : onTaskStackChangedBackground
12-19 19:58:34.691  8397  8397 I wm_on_stop_called: [0,186256977,fm.qingting.qtradio.WelcomeActivity,STOP_ACTIVITY_ITEM,4]
12-19 19:58:34.768  3299  3299 I wm_on_top_resumed_lost_called: [30388024,com.miui.home.launcher.Launcher,topStateChangedWhenResumed]
12-19 19:58:34.775  3299  3299 I wm_on_paused_called: [0,30388024,com.miui.home.launcher.Launcher,performPause,4]
12-19 19:58:34.805  3299  4335 D cccccc  : onTaskStackChangedBackground
12-19 19:58:34.809  3299  4335 D cccccc  : onTaskStackChangedBackground
12-19 19:58:34.943  3299  3368 D cccccc  : onTaskStackChangedBackground
12-19 19:58:34.947  3299  3368 D cccccc  : onTaskStackChangedBackground
12-19 19:58:35.097  3299  3741 I com.miui.home: CheckGCForNative adj_start_bytes: 42384912 NativeAllocationGcWatermark: 11539457 java_gc_start_bytes: 25075727 kNewNativeDiscountFactor: 2 kOldNativeDiscountFactor: 65536 old_native_bytes: 127638307 new_native_bytes: 12961316 add_bytes_allowed: 34618371 is_gc_concurrent: 1 target_footprint_: 25206799 GetBytesAllocated: 15457273 HeapGrowthMultiplier: 3
12-19 19:58:35.097  3299  3741 I com.miui.home: CheckGCForNative gc_urgency 0.517634 current_native_bytes is 140599623
12-19 19:58:35.123  8696  8696 I wm_on_application_create_called: [0,com.xiaomi.bluetooth,685]
12-19 19:58:35.355  3299  3968 I cccccc  : getTaskSnapshotInstance:
12-19 19:58:35.359  3299  3968 I cccccc  : getTaskSnapshotInstance:
12-19 19:58:35.362  3299  3968 I com.miui.home: CheckGCForNative adj_start_bytes: 42384912 NativeAllocationGcWatermark: 11539457 java_gc_start_bytes: 25075727 kNewNativeDiscountFactor: 2 kOldNativeDiscountFactor: 65536 old_native_bytes: 127638307 new_native_bytes: 24139268 add_bytes_allowed: 34618371 is_gc_concurrent: 1 target_footprint_: 25206799 GetBytesAllocated: 15831016 HeapGrowthMultiplier: 3
12-19 19:58:35.362  3299  3968 I com.miui.home: CheckGCForNative gc_urgency 0.658314 current_native_bytes is 151777575
12-19 19:58:35.365  3299  3968 I cccccc  : getTaskThumbnailInfo: 2460 1.0  10705920
12-19 19:58:35.430  3299  3741 I com.miui.home: CheckGCForNative adj_start_bytes: 42384912 NativeAllocationGcWatermark: 11539457 java_gc_start_bytes: 25075727 kNewNativeDiscountFactor: 2 kOldNativeDiscountFactor: 65536 old_native_bytes: 127638307 new_native_bytes: 13425580 add_bytes_allowed: 34618371 is_gc_concurrent: 1 target_footprint_: 25206799 GetBytesAllocated: 15934615 HeapGrowthMultiplier: 3
12-19 19:58:35.430  3299  3741 I com.miui.home: CheckGCForNative gc_urgency 0.534373 current_native_bytes is 141063887
12-19 19:58:35.705  3299  3968 I cccccc  : getTaskSnapshotInstance:
12-19 19:58:36.510  8842  8842 I wm_on_create_called: [0,71973969,com.ss.android.ugc.aweme.splash.SplashActivity,performCreate,315]
12-19 19:58:36.676  8842  8842 I wm_on_start_called: [0,71973969,com.ss.android.ugc.aweme.splash.SplashActivity,handleStartActivity,164]
12-19 19:58:36.754  8842  8842 I wm_on_resume_called: [0,71973969,com.ss.android.ugc.aweme.splash.SplashActivity,RESUME_ACTIVITY,71]
12-19 19:58:36.778  3299  3299 I wm_on_resume_called: [0,30388024,com.miui.home.launcher.Launcher,RESUME_ACTIVITY,21]
12-19 19:58:36.795  3299  3299 I wm_on_idle_called: com.miui.home.launcher.Launcher
12-19 19:58:36.886  3299  3368 I com.miui.home: CheckGCForNative adj_start_bytes: 42384912 NativeAllocationGcWatermark: 11539457 java_gc_start_bytes: 25075727 kNewNativeDiscountFactor: 2 kOldNativeDiscountFactor: 65536 old_native_bytes: 127638307 new_native_bytes: 24343508 add_bytes_allowed: 34618371 is_gc_concurrent: 1 target_footprint_: 25206799 GetBytesAllocated: 17425527 HeapGrowthMultiplier: 3
12-19 19:58:36.886  3299  3368 I com.miui.home: CheckGCForNative gc_urgency 0.698344 current_native_bytes is 151981815
12-19 19:58:36.887  3299  3368 I com.miui.home: CheckGCForNative adj_start_bytes: 42384912 NativeAllocationGcWatermark: 11539457 java_gc_start_bytes: 25075727 kNewNativeDiscountFactor: 2 kOldNativeDiscountFactor: 65536 old_native_bytes: 127638307 new_native_bytes: 35050452 add_bytes_allowed: 34618371 is_gc_concurrent: 1 target_footprint_: 25206799 GetBytesAllocated: 17442933 HeapGrowthMultiplier: 3
12-19 19:58:36.887  3299  3368 I com.miui.home: CheckGCForNative gc_urgency 0.82506 current_native_bytes is 162688759
12-19 19:58:36.887  3299  3368 I cccccc  : getTaskThumbnailInfo: 2460 1.0  10705920
12-19 19:58:36.916  3299  7975 I com.miui.home: CheckGCForNative adj_start_bytes: 42384912 NativeAllocationGcWatermark: 11539457 java_gc_start_bytes: 25075727 kNewNativeDiscountFactor: 2 kOldNativeDiscountFactor: 65536 old_native_bytes: 127638307 new_native_bytes: 24306228 add_bytes_allowed: 34618371 is_gc_concurrent: 1 target_footprint_: 25206799 GetBytesAllocated: 17778837 HeapGrowthMultiplier: 3
12-19 19:58:36.916  3299  7975 I com.miui.home: CheckGCForNative gc_urgency 0.706239 current_native_bytes is 151944535
12-19 19:58:36.921  3299  3368 I com.miui.home: CheckGCForNative adj_start_bytes: 42384912 NativeAllocationGcWatermark: 11539457 java_gc_start_bytes: 25075727 kNewNativeDiscountFactor: 2 kOldNativeDiscountFactor: 65536 old_native_bytes: 127638307 new_native_bytes: 35035092 add_bytes_allowed: 34618371 is_gc_concurrent: 1 target_footprint_: 25206799 GetBytesAllocated: 17779940 HeapGrowthMultiplier: 3
12-19 19:58:36.923  3299  3368 I com.miui.home: CheckGCForNative gc_urgency 0.832889 current_native_bytes is 162673399
12-19 19:58:36.928  3299  3299 I cccccc  : getTaskThumbnailInfo: 2460 1.0  10705920
12-19 19:58:37.092  3299  3741 I com.miui.home: CheckGCForNative adj_start_bytes: 42384912 NativeAllocationGcWatermark: 11539457 java_gc_start_bytes: 25075727 kNewNativeDiscountFactor: 2 kOldNativeDiscountFactor: 65536 old_native_bytes: 127638307 new_native_bytes: 24223572 add_bytes_allowed: 34618371 is_gc_concurrent: 1 target_footprint_: 25206799 GetBytesAllocated: 18191009 HeapGrowthMultiplier: 3
12-19 19:58:37.092  3299  3741 I com.miui.home: CheckGCForNative gc_urgency 0.714989 current_native_bytes is 151861879
12-19 19:58:37.172  3299  3299 I wm_on_top_resumed_gained_called: [30388024,com.miui.home.launcher.Launcher,topStateChangedWhenResumed]
12-19 19:58:37.258  3299  3741 I com.miui.home: CheckGCForNative adj_start_bytes: 42384912 NativeAllocationGcWatermark: 11539457 java_gc_start_bytes: 25075727 kNewNativeDiscountFactor: 2 kOldNativeDiscountFactor: 65536 old_native_bytes: 127638307 new_native_bytes: 24237524 add_bytes_allowed: 34618371 is_gc_concurrent: 1 target_footprint_: 25206799 GetBytesAllocated: 18252164 HeapGrowthMultiplier: 3
12-19 19:58:37.258  3299  3741 I com.miui.home: CheckGCForNative gc_urgency 0.716596 current_native_bytes is 151875831
12-19 19:58:37.385  3299  3740 I com.miui.home: CheckGCForNative adj_start_bytes: 42384912 NativeAllocationGcWatermark: 11539457 java_gc_start_bytes: 25075727 kNewNativeDiscountFactor: 2 kOldNativeDiscountFactor: 65536 old_native_bytes: 127638307 new_native_bytes: 34936180 add_bytes_allowed: 34618371 is_gc_concurrent: 1 target_footprint_: 25206799 GetBytesAllocated: 18311843 HeapGrowthMultiplier: 3
12-19 19:58:37.386  3299  3740 I com.miui.home: CheckGCForNative gc_urgency 0.844213 current_native_bytes is 162574487
12-19 19:58:37.391  3299  4335 I com.miui.home: CheckGCForNative adj_start_bytes: 42384912 NativeAllocationGcWatermark: 11539457 java_gc_start_bytes: 25075727 kNewNativeDiscountFactor: 2 kOldNativeDiscountFactor: 65536 old_native_bytes: 127638307 new_native_bytes: 45621684 add_bytes_allowed: 34618371 is_gc_concurrent: 1 target_footprint_: 25206799 GetBytesAllocated: 18318188 HeapGrowthMultiplier: 3
12-19 19:58:37.393  3299  4335 I com.miui.home: CheckGCForNative gc_urgency 0.970492 current_native_bytes is 173259991
12-19 19:58:37.395  3299  3740 I com.miui.home: CheckGCForNative adj_start_bytes: 42384912 NativeAllocationGcWatermark: 11539457 java_gc_start_bytes: 25075727 kNewNativeDiscountFactor: 2 kOldNativeDiscountFactor: 65536 old_native_bytes: 127638307 new_native_bytes: 56328980 add_bytes_allowed: 34618371 is_gc_concurrent: 1 target_footprint_: 25206799 GetBytesAllocated: 18324163 HeapGrowthMultiplier: 3
12-19 19:58:37.395  3299  3740 I com.miui.home: CheckGCForNative gc_urgency 1.09687 current_native_bytes is 183967287
12-19 19:58:37.395  3299  3740 I com.miui.home: CheckGCForNative requested 1
12-19 19:58:37.396  3299  3299 I com.miui.home: CheckGCForNative adj_start_bytes: 42384912 NativeAllocationGcWatermark: 11539457 java_gc_start_bytes: 25075727 kNewNativeDiscountFactor: 2 kOldNativeDiscountFactor: 65536 old_native_bytes: 127638307 new_native_bytes: 56330452 add_bytes_allowed: 34618371 is_gc_concurrent: 1 target_footprint_: 25206799 GetBytesAllocated: 18331303 HeapGrowthMultiplier: 3
12-19 19:58:37.396  3299  3299 I com.miui.home: CheckGCForNative gc_urgency 1.09705 current_native_bytes is 183968759
12-19 19:58:37.396  3299  3299 I com.miui.home: CheckGCForNative requested 1
12-19 19:58:37.396  3299  3299 I cccccc  : getTaskThumbnailInfo: 2460 1.0  10705920
12-19 19:58:37.396  3299  3740 I cccccc  : getTaskThumbnailInfo: 2460 1.0  10705920
12-19 19:58:37.555  3299  3350 I com.miui.home: NativeAlloc concurrent copying GC freed 124097(5204KB) AllocSpace objects, 6(312KB) LOS objects, 49% free, 12MB/24MB, paused 423us,31us total 159.181ms
12-19 19:58:37.682  3299  3299 I wm_on_top_resumed_lost_called: [30388024,com.miui.home.launcher.Launcher,topStateChangedWhenResumed]
12-19 19:58:37.695  3299  3368 D cccccc  : onTaskStackChangedBackground
12-19 19:58:37.699  3299  3368 D cccccc  : onTaskStackChangedBackground
12-19 19:58:37.914  3299  3299 I wm_on_paused_called: [0,30388024,com.miui.home.launcher.Launcher,performPause,4]
12-19 19:58:38.021  3299  4335 D cccccc  : onTaskStackChangedBackground
12-19 19:58:38.023  3299  3368 D cccccc  : onTaskStackChangedBackground
12-19 19:58:38.093  3299  3968 I cccccc  : getTaskSnapshotInstance:
12-19 19:58:38.094  3299  3968 I com.miui.home: CheckGCForNative gc_urgency 0 current_native_bytes is 141196631
12-19 19:58:38.095  3299  3968 I cccccc  : getTaskThumbnailInfo: 2460 1.0  10705920
12-19 19:58:38.113  3299  3703 I cccccc  : getTaskSnapshotInstance:
12-19 19:58:38.217  3299  3968 I com.miui.home: CheckGCForNative gc_urgency 0 current_native_bytes is 130542715
12-19 19:58:38.414  3299  3741 I com.miui.home: CheckGCForNative adj_start_bytes: 42638976 NativeAllocationGcWatermark: 11566201 java_gc_start_bytes: 25289675 kNewNativeDiscountFactor: 2 kOldNativeDiscountFactor: 65536 old_native_bytes: 130542715 new_native_bytes: 434432 add_bytes_allowed: 34698603 is_gc_concurrent: 1 target_footprint_: 25420747 GetBytesAllocated: 15015335 HeapGrowthMultiplier: 3
12-19 19:58:38.414  3299  3741 I com.miui.home: CheckGCForNative gc_urgency 0.357291 current_native_bytes is 130977147
12-19 19:58:38.435  3299  3703 I cccccc  : getTaskSnapshotInstance:
12-19 19:58:38.502  3299  3741 I com.miui.home: CheckGCForNative adj_start_bytes: 42638976 NativeAllocationGcWatermark: 11566201 java_gc_start_bytes: 25289675 kNewNativeDiscountFactor: 2 kOldNativeDiscountFactor: 65536 old_native_bytes: 130542715 new_native_bytes: 448168 add_bytes_allowed: 34698603 is_gc_concurrent: 1 target_footprint_: 25420747 GetBytesAllocated: 15146449 HeapGrowthMultiplier: 3
12-19 19:58:38.502  3299  3741 I com.miui.home: CheckGCForNative gc_urgency 0.360528 current_native_bytes is 130990883
12-19 19:58:38.984  9187  9187 I wm_on_create_called: [0,209451520,com.eg.android.AlipayGphone.AlipayLogin,performCreate,164]
12-19 19:58:38.989  9187  9187 I wm_on_start_called: [0,209451520,com.eg.android.AlipayGphone.AlipayLogin,handleStartActivity,4]
12-19 19:58:38.995  9187  9187 I wm_on_resume_called: [0,209451520,com.eg.android.AlipayGphone.AlipayLogin,RESUME_ACTIVITY,4]
12-19 19:58:39.022  9187  9187 I wm_on_top_resumed_gained_called: [209451520,com.eg.android.AlipayGphone.AlipayLogin,topStateChangedWhenResumed]
12-19 19:58:39.477  3299  3299 I wm_on_resume_called: [0,30388024,com.miui.home.launcher.Launcher,RESUME_ACTIVITY,19]
12-19 19:58:39.497  3299  3299 I wm_on_idle_called: com.miui.home.launcher.Launcher
12-19 19:58:39.547  3299  3366 I com.miui.home: CheckGCForNative adj_start_bytes: 42638976 NativeAllocationGcWatermark: 11566201 java_gc_start_bytes: 25289675 kNewNativeDiscountFactor: 2 kOldNativeDiscountFactor: 65536 old_native_bytes: 130542715 new_native_bytes: 336948 add_bytes_allowed: 34698603 is_gc_concurrent: 1 target_footprint_: 25420747 GetBytesAllocated: 15921266 HeapGrowthMultiplier: 3
12-19 19:58:39.547  3299  3366 I com.miui.home: CheckGCForNative gc_urgency 0.377395 current_native_bytes is 130879663
12-19 19:58:39.601  3299  3366 I com.miui.home: CheckGCForNative adj_start_bytes: 42638976 NativeAllocationGcWatermark: 11566201 java_gc_start_bytes: 25289675 kNewNativeDiscountFactor: 2 kOldNativeDiscountFactor: 65536 old_native_bytes: 130542715 new_native_bytes: 11045620 add_bytes_allowed: 34698603 is_gc_concurrent: 1 target_footprint_: 25420747 GetBytesAllocated: 15954082 HeapGrowthMultiplier: 3
12-19 19:58:39.601  3299  3366 I com.miui.home: CheckGCForNative gc_urgency 0.503738 current_native_bytes is 141588335
12-19 19:58:39.602  3299  3366 I com.miui.home: CheckGCForNative adj_start_bytes: 42638976 NativeAllocationGcWatermark: 11566201 java_gc_start_bytes: 25289675 kNewNativeDiscountFactor: 2 kOldNativeDiscountFactor: 65536 old_native_bytes: 130542715 new_native_bytes: 21752564 add_bytes_allowed: 34698603 is_gc_concurrent: 1 target_footprint_: 25420747 GetBytesAllocated: 15954274 HeapGrowthMultiplier: 3
12-19 19:58:39.604  3299  3366 I com.miui.home: CheckGCForNative gc_urgency 0.629296 current_native_bytes is 152295279
12-19 19:58:39.604  3299  3366 I cccccc  : getTaskThumbnailInfo: 2460 1.0  10705920
12-19 19:58:39.670  3299  3741 I com.miui.home: CheckGCForNative adj_start_bytes: 42638976 NativeAllocationGcWatermark: 11566201 java_gc_start_bytes: 25289675 kNewNativeDiscountFactor: 2 kOldNativeDiscountFactor: 65536 old_native_bytes: 130542715 new_native_bytes: 11161156 add_bytes_allowed: 34698603 is_gc_concurrent: 1 target_footprint_: 25420747 GetBytesAllocated: 16109758 HeapGrowthMultiplier: 3
12-19 19:58:39.670  3299  3741 I com.miui.home: CheckGCForNative gc_urgency 0.508744 current_native_bytes is 141703871
12-19 19:58:39.718  3299  3966 I com.miui.home: CheckGCForNative adj_start_bytes: 42638976 NativeAllocationGcWatermark: 11566201 java_gc_start_bytes: 25289675 kNewNativeDiscountFactor: 2 kOldNativeDiscountFactor: 65536 old_native_bytes: 130542715 new_native_bytes: 21952388 add_bytes_allowed: 34698603 is_gc_concurrent: 1 target_footprint_: 25420747 GetBytesAllocated: 16452707 HeapGrowthMultiplier: 3
12-19 19:58:39.718  3299  3966 I com.miui.home: CheckGCForNative gc_urgency 0.643431 current_native_bytes is 152495103
12-19 19:58:39.720  3299  3299 I cccccc  : getTaskThumbnailInfo: 2460 1.0  10705920
12-19 19:58:39.883  3299  3299 I wm_on_top_resumed_gained_called: [30388024,com.miui.home.launcher.Launcher,topStateChangedWhenResumed]
12-19 19:58:39.892  3299  3741 I com.miui.home: CheckGCForNative adj_start_bytes: 42638976 NativeAllocationGcWatermark: 11566201 java_gc_start_bytes: 25289675 kNewNativeDiscountFactor: 2 kOldNativeDiscountFactor: 65536 old_native_bytes: 130542715 new_native_bytes: 11247972 add_bytes_allowed: 34698603 is_gc_concurrent: 1 target_footprint_: 25420747 GetBytesAllocated: 16882796 HeapGrowthMultiplier: 3
12-19 19:58:39.892  3299  3741 I com.miui.home: CheckGCForNative gc_urgency 0.527892 current_native_bytes is 141790687
12-19 19:58:40.098  3299  3740 I com.miui.home: CheckGCForNative adj_start_bytes: 42638976 NativeAllocationGcWatermark: 11566201 java_gc_start_bytes: 25289675 kNewNativeDiscountFactor: 2 kOldNativeDiscountFactor: 65536 old_native_bytes: 130542715 new_native_bytes: 21884964 add_bytes_allowed: 34698603 is_gc_concurrent: 1 target_footprint_: 25420747 GetBytesAllocated: 16972869 HeapGrowthMultiplier: 3
12-19 19:58:40.098  3299  3740 I com.miui.home: CheckGCForNative gc_urgency 0.654738 current_native_bytes is 152427679
12-19 19:58:40.098  3299  3366 I com.miui.home: CheckGCForNative adj_start_bytes: 42638976 NativeAllocationGcWatermark: 11566201 java_gc_start_bytes: 25289675 kNewNativeDiscountFactor: 2 kOldNativeDiscountFactor: 65536 old_native_bytes: 130542715 new_native_bytes: 32590884 add_bytes_allowed: 34698603 is_gc_concurrent: 1 target_footprint_: 25420747 GetBytesAllocated: 16972869 HeapGrowthMultiplier: 3
12-19 19:58:40.098  3299  3366 I com.miui.home: CheckGCForNative gc_urgency 0.780281 current_native_bytes is 163133599
12-19 19:58:40.099  3299  3740 I com.miui.home: CheckGCForNative adj_start_bytes: 42638976 NativeAllocationGcWatermark: 11566201 java_gc_start_bytes: 25289675 kNewNativeDiscountFactor: 2 kOldNativeDiscountFactor: 65536 old_native_bytes: 130542715 new_native_bytes: 43298340 add_bytes_allowed: 34698603 is_gc_concurrent: 1 target_footprint_: 25420747 GetBytesAllocated: 16993064 HeapGrowthMultiplier: 3
12-19 19:58:40.099  3299  3740 I com.miui.home: CheckGCForNative gc_urgency 0.906312 current_native_bytes is 173841055
12-19 19:58:40.099  3299  3299 I com.miui.home: CheckGCForNative adj_start_bytes: 42638976 NativeAllocationGcWatermark: 11566201 java_gc_start_bytes: 25289675 kNewNativeDiscountFactor: 2 kOldNativeDiscountFactor: 65536 old_native_bytes: 130542715 new_native_bytes: 43299620 add_bytes_allowed: 34698603 is_gc_concurrent: 1 target_footprint_: 25420747 GetBytesAllocated: 16993755 HeapGrowthMultiplier: 3
12-19 19:58:40.099  3299  3299 I com.miui.home: CheckGCForNative gc_urgency 0.906343 current_native_bytes is 173842335
12-19 19:58:40.099  3299  3740 I cccccc  : getTaskThumbnailInfo: 2460 1.0  10705920
12-19 19:58:40.099  3299  3299 I cccccc  : getTaskThumbnailInfo: 2460 1.0  10705920
12-19 19:58:40.217  9187  9187 I wm_on_top_resumed_lost_called: [209451520,com.eg.android.AlipayGphone.AlipayLogin,topStateChangedWhenResumed]
12-19 19:58:40.415  3299  3299 I wm_on_top_resumed_lost_called: [30388024,com.miui.home.launcher.Launcher,topStateChangedWhenResumed]
12-19 19:58:40.444  3299  3966 D cccccc  : onTaskStackChangedBackground
12-19 19:58:40.452  3299  3966 D cccccc  : onTaskStackChangedBackground
12-19 19:58:40.634  3299  3299 I wm_on_paused_called: [0,30388024,com.miui.home.launcher.Launcher,performPause,4]
12-19 19:58:40.836  3299  3968 I com.miui.home: CheckGCForNative adj_start_bytes: 42638976 NativeAllocationGcWatermark: 11566201 java_gc_start_bytes: 25289675 kNewNativeDiscountFactor: 2 kOldNativeDiscountFactor: 65536 old_native_bytes: 130542715 new_native_bytes: 33064472 add_bytes_allowed: 34698603 is_gc_concurrent: 1 target_footprint_: 25420747 GetBytesAllocated: 18089195 HeapGrowthMultiplier: 3
12-19 19:58:40.836  3299  3968 I com.miui.home: CheckGCForNative gc_urgency 0.812014 current_native_bytes is 163607187
12-19 19:58:40.941  3299  4335 D cccccc  : onTaskStackChangedBackground
12-19 19:58:40.942  3299  3366 D cccccc  : onTaskStackChangedBackground
12-19 19:58:40.957  3299  3968 I cccccc  : getTaskSnapshotInstance:
12-19 19:58:40.984  3299  3703 I cccccc  : getTaskSnapshotInstance:
12-19 19:58:41.013  3299  3703 I com.miui.home: CheckGCForNative adj_start_bytes: 42638976 NativeAllocationGcWatermark: 11566201 java_gc_start_bytes: 25289675 kNewNativeDiscountFactor: 2 kOldNativeDiscountFactor: 65536 old_native_bytes: 130542715 new_native_bytes: 44176624 add_bytes_allowed: 34698603 is_gc_concurrent: 1 target_footprint_: 25420747 GetBytesAllocated: 18456339 HeapGrowthMultiplier: 3
12-19 19:58:41.013  3299  3703 I com.miui.home: CheckGCForNative gc_urgency 0.950929 current_native_bytes is 174719339
12-19 19:58:41.014  3299  3703 I cccccc  : getTaskThumbnailInfo: 2460 1.0  10705920
12-19 19:58:41.020  9422  9422 I wm_on_application_create_called: [0,com.eg.android.AlipayGphone,816]
12-19 19:58:41.103  3299  3741 I com.miui.home: CheckGCForNative adj_start_bytes: 42638976 NativeAllocationGcWatermark: 11566201 java_gc_start_bytes: 25289675 kNewNativeDiscountFactor: 2 kOldNativeDiscountFactor: 65536 old_native_bytes: 130542715 new_native_bytes: 33563528 add_bytes_allowed: 34698603 is_gc_concurrent: 1 target_footprint_: 25420747 GetBytesAllocated: 18550356 HeapGrowthMultiplier: 3
12-19 19:58:41.103  3299  3741 I com.miui.home: CheckGCForNative gc_urgency 0.828681 current_native_bytes is 164106243
12-19 19:58:41.248  3299  3741 I com.miui.home: CheckGCForNative adj_start_bytes: 42638976 NativeAllocationGcWatermark: 11566201 java_gc_start_bytes: 25289675 kNewNativeDiscountFactor: 2 kOldNativeDiscountFactor: 65536 old_native_bytes: 130542715 new_native_bytes: 46606732 add_bytes_allowed: 34698603 is_gc_concurrent: 1 target_footprint_: 25420747 GetBytesAllocated: 18739301 HeapGrowthMultiplier: 3
12-19 19:58:41.248  3299  3741 I com.miui.home: CheckGCForNative gc_urgency 0.986062 current_native_bytes is 177149447
12-19 19:58:41.345  9658  9658 I wm_on_application_create_called: [0,com.xunmeng.pinduoduo,264]
12-19 19:58:41.451  3299  3703 I com.miui.home: CheckGCForNative adj_start_bytes: 42638976 NativeAllocationGcWatermark: 11566201 java_gc_start_bytes: 25289675 kNewNativeDiscountFactor: 2 kOldNativeDiscountFactor: 65536 old_native_bytes: 130542715 new_native_bytes: 59360372 add_bytes_allowed: 34698603 is_gc_concurrent: 1 target_footprint_: 25420747 GetBytesAllocated: 19092367 HeapGrowthMultiplier: 3
12-19 19:58:41.451  3299  3703 I com.miui.home: CheckGCForNative gc_urgency 1.1439 current_native_bytes is 189903087
12-19 19:58:41.488  3299  3703 I com.miui.home: CheckGCForNative requested 1
12-19 19:58:41.488  3299  3703 I com.miui.home: CheckGCForNative adj_start_bytes: 42638976 NativeAllocationGcWatermark: 11566201 java_gc_start_bytes: 25289675 kNewNativeDiscountFactor: 2 kOldNativeDiscountFactor: 65536 old_native_bytes: 130542715 new_native_bytes: 47566420 add_bytes_allowed: 34698603 is_gc_concurrent: 1 target_footprint_: 25420747 GetBytesAllocated: 19138579 HeapGrowthMultiplier: 3
12-19 19:58:41.488  3299  3703 I com.miui.home: CheckGCForNative gc_urgency 1.00668 current_native_bytes is 178109135
12-19 19:58:41.488  3299  3703 I com.miui.home: CheckGCForNative requested 1
12-19 19:58:41.500  3299  3703 I com.miui.home: CheckGCForNative adj_start_bytes: 42638976 NativeAllocationGcWatermark: 11566201 java_gc_start_bytes: 25289675 kNewNativeDiscountFactor: 2 kOldNativeDiscountFactor: 65536 old_native_bytes: 130542715 new_native_bytes: 48397780 add_bytes_allowed: 34698603 is_gc_concurrent: 1 target_footprint_: 25420747 GetBytesAllocated: 19148363 HeapGrowthMultiplier: 3
12-19 19:58:41.500  3299  3703 I com.miui.home: CheckGCForNative gc_urgency 1.01666 current_native_bytes is 178940495
12-19 19:58:41.500  3299  3703 I com.miui.home: CheckGCForNative requested 1
12-19 19:58:41.577  9187  9187 I wm_on_paused_called: [0,209451520,com.eg.android.AlipayGphone.AlipayLogin,performPause,128]
12-19 19:58:41.613  3299  3968 I cccccc  : getTaskSnapshotInstance:
12-19 19:58:41.628  3299  3350 I com.miui.home: NativeAlloc concurrent copying GC freed 136740(5891KB) AllocSpace objects, 8(344KB) LOS objects, 49% free, 12MB/24MB, paused 792us,129us total 175.941ms
12-19 19:58:41.654  9658  9658 I wm_on_create_called: [0,97396684,com.xunmeng.pinduoduo.ui.activity.MainFrameActivity,performCreate,248]
12-19 19:58:41.739  9187  9187 I wm_on_stop_called: [0,209451520,com.eg.android.AlipayGphone.AlipayLogin,STOP_ACTIVITY_ITEM,46]
12-19 19:58:41.853  3299  3368 D cccccc  : onTaskStackChangedBackground
12-19 19:58:41.856  3299  3966 D cccccc  : onTaskStackChangedBackground
12-19 19:58:41.874  9658  9658 I wm_on_create_called: [0,81629952,com.xunmeng.pinduoduo.ui.activity.HomeActivity,performCreate,41]
12-19 19:58:41.890  9658  9658 I wm_on_start_called: [0,81629952,com.xunmeng.pinduoduo.ui.activity.HomeActivity,handleStartActivity,15]
