12-19 20:12:55.748  3330  3330 I wm_on_top_resumed_lost_called: [71783625,com.miui.home.launcher.Launcher,topStateChangedWhenResumed]
12-19 20:12:55.759  3330  3330 I wm_on_paused_called: [0,71783625,com.miui.home.launcher.Launcher,performPause,5]
12-19 20:12:55.805  3330  4226 D cccccc  : onTaskStackChangedBackground
12-19 20:12:55.811  3330  4226 D cccccc  : onTaskStackChangedBackground
12-19 20:12:55.869  3330  4226 D cccccc  : onTaskStackChangedBackground
12-19 20:12:55.869  3330  3996 D cccccc  : onTaskStackChangedBackground
12-19 20:12:56.118  3330  8369 I com.miui.home: CheckGCForNative adj_start_bytes: 41681549 NativeAllocationGcWatermark: 11465419 java_gc_start_bytes: 24483421 kNewNativeDiscountFactor: 2 kOldNativeDiscountFactor: 65536 old_native_bytes: 71770063 new_native_bytes: 828004 add_bytes_allowed: 34396257 is_gc_concurrent: 1 target_footprint_: 24614493 GetBytesAllocated: 13265920 HeapGrowthMultiplier: 3
12-19 20:12:56.118  3330  8369 I com.miui.home: CheckGCForNative gc_urgency 0.328227 current_native_bytes is 72598067
12-19 20:12:56.296  3330  3766 I com.miui.home: CheckGCForNative adj_start_bytes: 41681549 NativeAllocationGcWatermark: 11465419 java_gc_start_bytes: 24483421 kNewNativeDiscountFactor: 2 kOldNativeDiscountFactor: 65536 old_native_bytes: 71770063 new_native_bytes: 1895724 add_bytes_allowed: 34396257 is_gc_concurrent: 1 target_footprint_: 24614493 GetBytesAllocated: 13730332 HeapGrowthMultiplier: 3
12-19 20:12:56.296  3330  3766 I com.miui.home: CheckGCForNative gc_urgency 0.352224 current_native_bytes is 73665787
12-19 20:12:56.330  3330  3766 I com.miui.home: CheckGCForNative adj_start_bytes: 41681549 NativeAllocationGcWatermark: 11465419 java_gc_start_bytes: 24483421 kNewNativeDiscountFactor: 2 kOldNativeDiscountFactor: 65536 old_native_bytes: 71770063 new_native_bytes: 2409100 add_bytes_allowed: 34396257 is_gc_concurrent: 1 target_footprint_: 24614493 GetBytesAllocated: 13772235 HeapGrowthMultiplier: 3
12-19 20:12:56.330  3330  3766 I com.miui.home: CheckGCForNative gc_urgency 0.359341 current_native_bytes is 74179163
12-19 20:12:56.449  3330  3999 I com.miui.home: CheckGCForNative adj_start_bytes: 41681549 NativeAllocationGcWatermark: 11465419 java_gc_start_bytes: 24483421 kNewNativeDiscountFactor: 2 kOldNativeDiscountFactor: 65536 old_native_bytes: 71770063 new_native_bytes: 2726896 add_bytes_allowed: 34396257 is_gc_concurrent: 1 target_footprint_: 24614493 GetBytesAllocated: 14003108 HeapGrowthMultiplier: 3
12-19 20:12:56.449  3330  3999 I com.miui.home: CheckGCForNative gc_urgency 0.368692 current_native_bytes is 74496959
12-19 20:12:56.456  3330  3999 I com.miui.home: CheckGCForNative adj_start_bytes: 41681549 NativeAllocationGcWatermark: 11465419 java_gc_start_bytes: 24483421 kNewNativeDiscountFactor: 2 kOldNativeDiscountFactor: 65536 old_native_bytes: 71770063 new_native_bytes: 3256240 add_bytes_allowed: 34396257 is_gc_concurrent: 1 target_footprint_: 24614493 GetBytesAllocated: 14023588 HeapGrowthMultiplier: 3
12-19 20:12:56.456  3330  3999 I com.miui.home: CheckGCForNative gc_urgency 0.375533 current_native_bytes is 75026303
12-19 20:12:56.464  3330  3766 I com.miui.home: CheckGCForNative adj_start_bytes: 41681549 NativeAllocationGcWatermark: 11465419 java_gc_start_bytes: 24483421 kNewNativeDiscountFactor: 2 kOldNativeDiscountFactor: 65536 old_native_bytes: 71770063 new_native_bytes: 3789488 add_bytes_allowed: 34396257 is_gc_concurrent: 1 target_footprint_: 24614493 GetBytesAllocated: 14033999 HeapGrowthMultiplier: 3
12-19 20:12:56.464  3330  3766 I com.miui.home: CheckGCForNative gc_urgency 0.38218 current_native_bytes is 75559551
12-19 20:12:56.577  3330  3999 I com.miui.home: CheckGCForNative adj_start_bytes: 41681549 NativeAllocationGcWatermark: 11465419 java_gc_start_bytes: 24483421 kNewNativeDiscountFactor: 2 kOldNativeDiscountFactor: 65536 old_native_bytes: 71770063 new_native_bytes: 4878128 add_bytes_allowed: 34396257 is_gc_concurrent: 1 target_footprint_: 24614493 GetBytesAllocated: 14135168 HeapGrowthMultiplier: 3
12-19 20:12:56.577  3330  3999 I com.miui.home: CheckGCForNative gc_urgency 0.397666 current_native_bytes is 76648191
12-19 20:12:56.588  3330  3999 I com.miui.home: CheckGCForNative adj_start_bytes: 41681549 NativeAllocationGcWatermark: 11465419 java_gc_start_bytes: 24483421 kNewNativeDiscountFactor: 2 kOldNativeDiscountFactor: 65536 old_native_bytes: 71770063 new_native_bytes: 5373232 add_bytes_allowed: 34396257 is_gc_concurrent: 1 target_footprint_: 24614493 GetBytesAllocated: 14155648 HeapGrowthMultiplier: 3
12-19 20:12:56.588  3330  3999 I com.miui.home: CheckGCForNative gc_urgency 0.404096 current_native_bytes is 77143295
12-19 20:12:56.753  3330  3999 I com.miui.home: CheckGCForNative adj_start_bytes: 41681549 NativeAllocationGcWatermark: 11465419 java_gc_start_bytes: 24483421 kNewNativeDiscountFactor: 2 kOldNativeDiscountFactor: 65536 old_native_bytes: 71770063 new_native_bytes: 6289400 add_bytes_allowed: 34396257 is_gc_concurrent: 1 target_footprint_: 24614493 GetBytesAllocated: 14328016 HeapGrowthMultiplier: 3
12-19 20:12:56.753  3330  3999 I com.miui.home: CheckGCForNative gc_urgency 0.419222 current_native_bytes is 78059463
12-19 20:12:56.777  3330  3999 I cccccc  : getTaskSnapshotInstance:
12-19 20:12:56.782  3330  3999 I cccccc  : getTaskSnapshotInstance:
12-19 20:12:56.858  3330  3999 I com.miui.home: CheckGCForNative adj_start_bytes: 41681549 NativeAllocationGcWatermark: 11465419 java_gc_start_bytes: 24483421 kNewNativeDiscountFactor: 2 kOldNativeDiscountFactor: 65536 old_native_bytes: 71770063 new_native_bytes: 17130904 add_bytes_allowed: 34396257 is_gc_concurrent: 1 target_footprint_: 24614493 GetBytesAllocated: 14407962 HeapGrowthMultiplier: 3
12-19 20:12:56.858  3330  3999 I com.miui.home: CheckGCForNative gc_urgency 0.551191 current_native_bytes is 88900967
12-19 20:12:56.866  3330  3999 I com.miui.home: CheckGCForNative adj_start_bytes: 41681549 NativeAllocationGcWatermark: 11465419 java_gc_start_bytes: 24483421 kNewNativeDiscountFactor: 2 kOldNativeDiscountFactor: 65536 old_native_bytes: 71770063 new_native_bytes: 27838040 add_bytes_allowed: 34396257 is_gc_concurrent: 1 target_footprint_: 24614493 GetBytesAllocated: 14432163 HeapGrowthMultiplier: 3
12-19 20:12:56.866  3330  3999 I com.miui.home: CheckGCForNative gc_urgency 0.680212 current_native_bytes is 99608103
12-19 20:12:56.867  3330  3999 I cccccc  : getTaskThumbnailInfo: 2460 1.0  10705920
12-19 20:12:56.868  3330  3999 I cccccc  : getTaskSnapshotInstance:
12-19 20:12:56.942  3330  3999 I com.miui.home: CheckGCForNative adj_start_bytes: 41681549 NativeAllocationGcWatermark: 11465419 java_gc_start_bytes: 24483421 kNewNativeDiscountFactor: 2 kOldNativeDiscountFactor: 65536 old_native_bytes: 71770063 new_native_bytes: 27838040 add_bytes_allowed: 34396257 is_gc_concurrent: 1 target_footprint_: 24614493 GetBytesAllocated: 14432163 HeapGrowthMultiplier: 3
12-19 20:12:56.942  3330  3999 I com.miui.home: CheckGCForNative gc_urgency 0.680212 current_native_bytes is 99608103
12-19 20:12:56.947  3330  3999 I com.miui.home: CheckGCForNative adj_start_bytes: 41681549 NativeAllocationGcWatermark: 11465419 java_gc_start_bytes: 24483421 kNewNativeDiscountFactor: 2 kOldNativeDiscountFactor: 65536 old_native_bytes: 71770063 new_native_bytes: 38544984 add_bytes_allowed: 34396257 is_gc_concurrent: 1 target_footprint_: 24614493 GetBytesAllocated: 14432355 HeapGrowthMultiplier: 3
12-19 20:12:56.947  3330  3999 I com.miui.home: CheckGCForNative gc_urgency 0.808654 current_native_bytes is 110315047
12-19 20:12:56.948  3330  3999 I cccccc  : getTaskThumbnailInfo: 2460 1.0  10705920
12-19 20:12:56.948  3330  3999 I cccccc  : getTaskSnapshotInstance:
12-19 20:12:57.029  3330  3999 I com.miui.home: CheckGCForNative adj_start_bytes: 41681549 NativeAllocationGcWatermark: 11465419 java_gc_start_bytes: 24483421 kNewNativeDiscountFactor: 2 kOldNativeDiscountFactor: 65536 old_native_bytes: 71770063 new_native_bytes: 38586248 add_bytes_allowed: 34396257 is_gc_concurrent: 1 target_footprint_: 24614493 GetBytesAllocated: 14452726 HeapGrowthMultiplier: 3
12-19 20:12:57.029  3330  3999 I com.miui.home: CheckGCForNative gc_urgency 0.809637 current_native_bytes is 110356311
12-19 20:12:57.030  3330  3999 I com.miui.home: CheckGCForNative adj_start_bytes: 41681549 NativeAllocationGcWatermark: 11465419 java_gc_start_bytes: 24483421 kNewNativeDiscountFactor: 2 kOldNativeDiscountFactor: 65536 old_native_bytes: 71770063 new_native_bytes: 49293192 add_bytes_allowed: 34396257 is_gc_concurrent: 1 target_footprint_: 24614493 GetBytesAllocated: 14455786 HeapGrowthMultiplier: 3
12-19 20:12:57.031  3330  3999 I com.miui.home: CheckGCForNative gc_urgency 0.938148 current_native_bytes is 121063255
12-19 20:12:57.031  3330  3999 I cccccc  : getTaskThumbnailInfo: 2460 1.0  10705920
12-19 20:12:57.198  8429  8429 I wm_on_application_create_called: [0,com.autonavi.minimap,507]
12-19 20:12:57.216  3330  3330 I wm_on_resume_called: [0,71783625,com.miui.home.launcher.Launcher,RESUME_ACTIVITY,45]
12-19 20:12:57.241  3330  3330 I wm_on_idle_called: com.miui.home.launcher.Launcher
12-19 20:12:57.320  3330  4226 I com.miui.home: CheckGCForNative adj_start_bytes: 41681549 NativeAllocationGcWatermark: 11465419 java_gc_start_bytes: 24483421 kNewNativeDiscountFactor: 2 kOldNativeDiscountFactor: 65536 old_native_bytes: 71770063 new_native_bytes: 49719548 add_bytes_allowed: 34396257 is_gc_concurrent: 1 target_footprint_: 24614493 GetBytesAllocated: 15588995 HeapGrowthMultiplier: 3
12-19 20:12:57.321  3330  4226 I com.miui.home: CheckGCForNative gc_urgency 0.97045 current_native_bytes is 121489611
12-19 20:12:57.324  3330  4226 I com.miui.home: CheckGCForNative adj_start_bytes: 41681549 NativeAllocationGcWatermark: 11465419 java_gc_start_bytes: 24483421 kNewNativeDiscountFactor: 2 kOldNativeDiscountFactor: 65536 old_native_bytes: 71770063 new_native_bytes: 60426492 add_bytes_allowed: 34396257 is_gc_concurrent: 1 target_footprint_: 24614493 GetBytesAllocated: 15618242 HeapGrowthMultiplier: 3
12-19 20:12:57.324  3330  4226 I com.miui.home: CheckGCForNative gc_urgency 1.09959 current_native_bytes is 132196555
12-19 20:12:57.324  3330  4226 I com.miui.home: CheckGCForNative requested 1
12-19 20:12:57.325  3330  4226 I cccccc  : getTaskThumbnailInfo: 2460 1.0  10705920
12-19 20:12:57.346  3330  3996 I com.miui.home: CheckGCForNative adj_start_bytes: 41681549 NativeAllocationGcWatermark: 11465419 java_gc_start_bytes: 24483421 kNewNativeDiscountFactor: 2 kOldNativeDiscountFactor: 65536 old_native_bytes: 71770063 new_native_bytes: 60469780 add_bytes_allowed: 34396257 is_gc_concurrent: 1 target_footprint_: 24614493 GetBytesAllocated: 15683432 HeapGrowthMultiplier: 3
12-19 20:12:57.346  3330  3996 I com.miui.home: CheckGCForNative gc_urgency 1.10167 current_native_bytes is 132239843
12-19 20:12:57.346  3330  3996 I com.miui.home: CheckGCForNative requested 1
12-19 20:12:57.371  3330  3330 I cccccc  : getTaskThumbnailInfo: 2460 1.0  10705920
12-19 20:12:57.442  8341  8341 I wm_on_application_create_called: [0,com.autonavi.minimap,1260]
12-19 20:12:57.477  3330  3766 I com.miui.home: CheckGCForNative adj_start_bytes: 41681549 NativeAllocationGcWatermark: 11465419 java_gc_start_bytes: 24483421 kNewNativeDiscountFactor: 2 kOldNativeDiscountFactor: 65536 old_native_bytes: 71770063 new_native_bytes: 50118036 add_bytes_allowed: 34396257 is_gc_concurrent: 1 target_footprint_: 24614493 GetBytesAllocated: 16177643 HeapGrowthMultiplier: 3
12-19 20:12:57.477  3330  3766 I com.miui.home: CheckGCForNative gc_urgency 0.989353 current_native_bytes is 121888099
12-19 20:12:57.603  3330  3330 I wm_on_top_resumed_gained_called: [71783625,com.miui.home.launcher.Launcher,topStateChangedWhenResumed]
12-19 20:12:57.608  3330  3360 I com.miui.home: NativeAlloc concurrent copying GC freed 67553(2905KB) AllocSpace objects, 10(328KB) LOS objects, 49% free, 12MB/24MB, paused 505us,112us total 283.516ms
12-19 20:12:57.720  3330  3999 I com.miui.home: CheckGCForNative gc_urgency 0 current_native_bytes is 116586131
12-19 20:12:57.726  3330  3999 I com.miui.home: CheckGCForNative adj_start_bytes: 43031863 NativeAllocationGcWatermark: 11648949 java_gc_start_bytes: 25558440 kNewNativeDiscountFactor: 2 kOldNativeDiscountFactor: 65536 old_native_bytes: 116586131 new_native_bytes: 525440 add_bytes_allowed: 34946847 is_gc_concurrent: 1 target_footprint_: 26082728 GetBytesAllocated: 13366094 HeapGrowthMultiplier: 3
12-19 20:12:57.726  3330  3999 I com.miui.home: CheckGCForNative gc_urgency 0.316756 current_native_bytes is 117111571
12-19 20:12:57.730  3330  3999 I com.miui.home: CheckGCForNative adj_start_bytes: 43031863 NativeAllocationGcWatermark: 11648949 java_gc_start_bytes: 25558440 kNewNativeDiscountFactor: 2 kOldNativeDiscountFactor: 65536 old_native_bytes: 116586131 new_native_bytes: 558560 add_bytes_allowed: 34946847 is_gc_concurrent: 1 target_footprint_: 26082728 GetBytesAllocated: 13372395 HeapGrowthMultiplier: 3
12-19 20:12:57.730  3330  3999 I com.miui.home: CheckGCForNative gc_urgency 0.317287 current_native_bytes is 117144691
12-19 20:12:57.737  8341  8341 I wm_on_create_called: [0,37997093,com.autonavi.map.activity.SplashActivity,performCreate,252]
12-19 20:12:57.783  3330  3999 I com.miui.home: CheckGCForNative adj_start_bytes: 43031863 NativeAllocationGcWatermark: 11648949 java_gc_start_bytes: 25558440 kNewNativeDiscountFactor: 2 kOldNativeDiscountFactor: 65536 old_native_bytes: 116586131 new_native_bytes: 2254912 add_bytes_allowed: 34946847 is_gc_concurrent: 1 target_footprint_: 26082728 GetBytesAllocated: 13497261 HeapGrowthMultiplier: 3
12-19 20:12:57.783  3330  3999 I com.miui.home: CheckGCForNative gc_urgency 0.339899 current_native_bytes is 118841043
12-19 20:12:57.787  3330  3999 I com.miui.home: CheckGCForNative adj_start_bytes: 43031863 NativeAllocationGcWatermark: 11648949 java_gc_start_bytes: 25558440 kNewNativeDiscountFactor: 2 kOldNativeDiscountFactor: 65536 old_native_bytes: 116586131 new_native_bytes: 2779968 add_bytes_allowed: 34946847 is_gc_concurrent: 1 target_footprint_: 26082728 GetBytesAllocated: 13517741 HeapGrowthMultiplier: 3
12-19 20:12:57.787  3330  3999 I com.miui.home: CheckGCForNative gc_urgency 0.346476 current_native_bytes is 119366099
12-19 20:12:57.822  3330  3369 I com.miui.home: CheckGCForNative adj_start_bytes: 43031863 NativeAllocationGcWatermark: 11648949 java_gc_start_bytes: 25558440 kNewNativeDiscountFactor: 2 kOldNativeDiscountFactor: 65536 old_native_bytes: 116586131 new_native_bytes: 14191296 add_bytes_allowed: 34946847 is_gc_concurrent: 1 target_footprint_: 26082728 GetBytesAllocated: 13614151 HeapGrowthMultiplier: 3
12-19 20:12:57.823  3330  3369 I com.miui.home: CheckGCForNative gc_urgency 0.481309 current_native_bytes is 130777427
12-19 20:12:57.823  3330  3764 I com.miui.home: CheckGCForNative adj_start_bytes: 43031863 NativeAllocationGcWatermark: 11648949 java_gc_start_bytes: 25558440 kNewNativeDiscountFactor: 2 kOldNativeDiscountFactor: 65536 old_native_bytes: 116586131 new_native_bytes: 24928320 add_bytes_allowed: 34946847 is_gc_concurrent: 1 target_footprint_: 26082728 GetBytesAllocated: 13614311 HeapGrowthMultiplier: 3
12-19 20:12:57.823  3330  3764 I com.miui.home: CheckGCForNative gc_urgency 0.606071 current_native_bytes is 141514451
12-19 20:12:57.824  3330  3330 I com.miui.home: CheckGCForNative adj_start_bytes: 43031863 NativeAllocationGcWatermark: 11648949 java_gc_start_bytes: 25558440 kNewNativeDiscountFactor: 2 kOldNativeDiscountFactor: 65536 old_native_bytes: 116586131 new_native_bytes: 35635264 add_bytes_allowed: 34946847 is_gc_concurrent: 1 target_footprint_: 26082728 GetBytesAllocated: 13614599 HeapGrowthMultiplier: 3
12-19 20:12:57.824  3330  3330 I com.miui.home: CheckGCForNative gc_urgency 0.730482 current_native_bytes is 152221395
12-19 20:12:57.824  3330  3330 I cccccc  : getTaskThumbnailInfo: 2460 1.0  10705920
12-19 20:12:57.826  3330  3764 I cccccc  : getTaskThumbnailInfo: 2460 1.0  10705920
12-19 20:12:57.882  8341  8341 I wm_on_destroy_called: [0,37997093,com.autonavi.map.activity.SplashActivity,performDestroy,1]
12-19 20:12:57.898  3330  3999 I cccccc  : getTaskSnapshotInstance:
12-19 20:12:57.921  3330  3999 I com.miui.home: CheckGCForNative adj_start_bytes: 43031863 NativeAllocationGcWatermark: 11648949 java_gc_start_bytes: 25558440 kNewNativeDiscountFactor: 2 kOldNativeDiscountFactor: 65536 old_native_bytes: 116586131 new_native_bytes: 25389528 add_bytes_allowed: 34946847 is_gc_concurrent: 1 target_footprint_: 26082728 GetBytesAllocated: 13782047 HeapGrowthMultiplier: 3
12-19 20:12:57.921  3330  3999 I com.miui.home: CheckGCForNative gc_urgency 0.615325 current_native_bytes is 141975659
12-19 20:12:57.922  3330  3999 I cccccc  : getTaskThumbnailInfo: 2460 1.0  10705920
12-19 20:12:57.951  3330  3369 D cccccc  : onTaskStackChangedBackground
12-19 20:12:57.953  3330  3996 D cccccc  : onTaskStackChangedBackground
12-19 20:12:58.132  3330  3999 I com.miui.home: CheckGCForNative adj_start_bytes: 43031863 NativeAllocationGcWatermark: 11648949 java_gc_start_bytes: 25558440 kNewNativeDiscountFactor: 2 kOldNativeDiscountFactor: 65536 old_native_bytes: 116586131 new_native_bytes: 15334096 add_bytes_allowed: 34946847 is_gc_concurrent: 1 target_footprint_: 26082728 GetBytesAllocated: 14403815 HeapGrowthMultiplier: 3
12-19 20:12:58.133  3330  3999 I com.miui.home: CheckGCForNative gc_urgency 0.512937 current_native_bytes is 131920227
12-19 20:12:58.241  3330  3999 I cccccc  : getTaskSnapshotInstance:
12-19 20:12:58.242  3330  3999 I com.miui.home: CheckGCForNative adj_start_bytes: 43031863 NativeAllocationGcWatermark: 11648949 java_gc_start_bytes: 25558440 kNewNativeDiscountFactor: 2 kOldNativeDiscountFactor: 65536 old_native_bytes: 116586131 new_native_bytes: 26442396 add_bytes_allowed: 34946847 is_gc_concurrent: 1 target_footprint_: 26082728 GetBytesAllocated: 14863486 HeapGrowthMultiplier: 3
12-19 20:12:58.242  3330  3999 I com.miui.home: CheckGCForNative gc_urgency 0.65269 current_native_bytes is 143028527
12-19 20:12:58.243  3330  3999 I cccccc  : getTaskThumbnailInfo: 2460 1.0  10705920
12-19 20:12:58.938  3330  3330 I wm_on_top_resumed_lost_called: [71783625,com.miui.home.launcher.Launcher,topStateChangedWhenResumed]
12-19 20:12:58.943  3330  3330 I wm_on_paused_called: [0,71783625,com.miui.home.launcher.Launcher,performPause,3]
12-19 20:12:58.951  3330  4226 D cccccc  : onTaskStackChangedBackground
12-19 20:12:58.955  3330  4226 D cccccc  : onTaskStackChangedBackground
12-19 20:12:59.047  3330  3997 D cccccc  : onTaskStackChangedBackground
12-19 20:12:59.051  3330  4226 D cccccc  : onTaskStackChangedBackground
12-19 20:12:59.250  3330  3999 I com.miui.home: CheckGCForNative adj_start_bytes: 43031863 NativeAllocationGcWatermark: 11648949 java_gc_start_bytes: 25558440 kNewNativeDiscountFactor: 2 kOldNativeDiscountFactor: 65536 old_native_bytes: 116586131 new_native_bytes: 16206284 add_bytes_allowed: 34946847 is_gc_concurrent: 1 target_footprint_: 26082728 GetBytesAllocated: 16808361 HeapGrowthMultiplier: 3
12-19 20:12:59.250  3330  3999 I com.miui.home: CheckGCForNative gc_urgency 0.57895 current_native_bytes is 132792415
12-19 20:12:59.335  3330  3999 I cccccc  : getTaskSnapshotInstance:
12-19 20:12:59.507  3330  3999 I com.miui.home: CheckGCForNative adj_start_bytes: 43031863 NativeAllocationGcWatermark: 11648949 java_gc_start_bytes: 25558440 kNewNativeDiscountFactor: 2 kOldNativeDiscountFactor: 65536 old_native_bytes: 116586131 new_native_bytes: 16685460 add_bytes_allowed: 34946847 is_gc_concurrent: 1 target_footprint_: 26082728 GetBytesAllocated: 17545881 HeapGrowthMultiplier: 3
12-19 20:12:59.507  3330  3999 I com.miui.home: CheckGCForNative gc_urgency 0.601656 current_native_bytes is 133271591
12-19 20:12:59.529  8787  8787 I wm_on_create_called: [0,100067568,fm.qingting.qtradio.WelcomeActivity,performCreate,78]
12-19 20:12:59.533  8787  8787 I wm_on_start_called: [0,100067568,fm.qingting.qtradio.WelcomeActivity,handleStartActivity,0]
12-19 20:12:59.539  8787  8787 I wm_on_resume_called: [0,100067568,fm.qingting.qtradio.WelcomeActivity,RESUME_ACTIVITY,4]
12-19 20:12:59.573  8787  8787 I wm_on_top_resumed_gained_called: [100067568,fm.qingting.qtradio.WelcomeActivity,topStateChangedWhenResumed]
12-19 20:12:59.659  3330  3999 I cccccc  : getTaskSnapshotInstance:
12-19 20:12:59.749  3330  3766 I com.miui.home: CheckGCForNative adj_start_bytes: 43031863 NativeAllocationGcWatermark: 11648949 java_gc_start_bytes: 25558440 kNewNativeDiscountFactor: 2 kOldNativeDiscountFactor: 65536 old_native_bytes: 116586131 new_native_bytes: 16856832 add_bytes_allowed: 34946847 is_gc_concurrent: 1 target_footprint_: 26082728 GetBytesAllocated: 17943548 HeapGrowthMultiplier: 3
12-19 20:12:59.749  3330  3766 I com.miui.home: CheckGCForNative gc_urgency 0.612889 current_native_bytes is 133442963
12-19 20:12:59.859  3330  3330 I wm_on_stop_called: [0,71783625,com.miui.home.launcher.Launcher,STOP_ACTIVITY_ITEM,8]
12-19 20:13:00.016  8787  8787 I wm_on_idle_called: fm.qingting.qtradio.WelcomeActivity
12-19 20:13:00.275  3330  3631 I com.miui.home: CheckGCForNative gc_urgency 0 current_native_bytes is 117417811
12-19 20:13:00.303  8787  8787 I wm_on_top_resumed_lost_called: [100067568,fm.qingting.qtradio.WelcomeActivity,topStateChangedWhenResumed]
12-19 20:13:00.321  3330  3330 I wm_on_restart_called: [0,71783625,com.miui.home.launcher.Launcher,,0]
12-19 20:13:00.323  3330  3330 I wm_on_start_called: [0,71783625,com.miui.home.launcher.Launcher,handleStartActivity,2]
12-19 20:13:00.345  3330  3330 I wm_on_resume_called: [0,71783625,com.miui.home.launcher.Launcher,RESUME_ACTIVITY,20]
12-19 20:13:00.465  3330  3330 I wm_on_top_resumed_gained_called: [71783625,com.miui.home.launcher.Launcher,topStateChangedWhenResumed]
12-19 20:13:00.475  3330  3330 I wm_on_idle_called: com.miui.home.launcher.Launcher
12-19 20:13:00.536  3330  4226 I com.miui.home: CheckGCForNative adj_start_bytes: 42692988 NativeAllocationGcWatermark: 11574296 java_gc_start_bytes: 25331544 kNewNativeDiscountFactor: 2 kOldNativeDiscountFactor: 65536 old_native_bytes: 117417811 new_native_bytes: 11088212 add_bytes_allowed: 34722888 is_gc_concurrent: 1 target_footprint_: 25485505 GetBytesAllocated: 13856796 HeapGrowthMultiplier: 3
12-19 20:13:00.536  3330  4226 I com.miui.home: CheckGCForNative gc_urgency 0.45447 current_native_bytes is 128506023
12-19 20:13:00.536  3330  3368 I com.miui.home: CheckGCForNative adj_start_bytes: 42692988 NativeAllocationGcWatermark: 11574296 java_gc_start_bytes: 25331544 kNewNativeDiscountFactor: 2 kOldNativeDiscountFactor: 65536 old_native_bytes: 117417811 new_native_bytes: 21794324 add_bytes_allowed: 34722888 is_gc_concurrent: 1 target_footprint_: 25485505 GetBytesAllocated: 13856892 HeapGrowthMultiplier: 3
12-19 20:13:00.536  3330  3368 I com.miui.home: CheckGCForNative gc_urgency 0.57986 current_native_bytes is 139212135
12-19 20:13:00.538  3330  3330 I com.miui.home: CheckGCForNative adj_start_bytes: 42692988 NativeAllocationGcWatermark: 11574296 java_gc_start_bytes: 25331544 kNewNativeDiscountFactor: 2 kOldNativeDiscountFactor: 65536 old_native_bytes: 117417811 new_native_bytes: 32501268 add_bytes_allowed: 34722888 is_gc_concurrent: 1 target_footprint_: 25485505 GetBytesAllocated: 13859250 HeapGrowthMultiplier: 3
12-19 20:13:00.538  3330  3330 I com.miui.home: CheckGCForNative gc_urgency 0.705307 current_native_bytes is 149919079
12-19 20:13:00.538  3330  3330 I cccccc  : getTaskThumbnailInfo: 2460 1.0  10705920
12-19 20:13:00.539  3330  3368 I cccccc  : getTaskThumbnailInfo: 2460 1.0  10705920
12-19 20:13:00.785  3330  3766 I com.miui.home: CheckGCForNative adj_start_bytes: 42692988 NativeAllocationGcWatermark: 11574296 java_gc_start_bytes: 25331544 kNewNativeDiscountFactor: 2 kOldNativeDiscountFactor: 65536 old_native_bytes: 117417811 new_native_bytes: 11115188 add_bytes_allowed: 34722888 is_gc_concurrent: 1 target_footprint_: 25485505 GetBytesAllocated: 14188926 HeapGrowthMultiplier: 3
12-19 20:13:00.785  3330  3766 I com.miui.home: CheckGCForNative gc_urgency 0.462566 current_native_bytes is 128532999
12-19 20:13:01.030  3330  3368 I com.miui.home: CheckGCForNative adj_start_bytes: 42692988 NativeAllocationGcWatermark: 11574296 java_gc_start_bytes: 25331544 kNewNativeDiscountFactor: 2 kOldNativeDiscountFactor: 65536 old_native_bytes: 117417811 new_native_bytes: 21701332 add_bytes_allowed: 34722888 is_gc_concurrent: 1 target_footprint_: 25485505 GetBytesAllocated: 14279263 HeapGrowthMultiplier: 3
12-19 20:13:01.030  3330  3368 I com.miui.home: CheckGCForNative gc_urgency 0.588662 current_native_bytes is 139119143
12-19 20:13:01.032  3330  3330 I com.miui.home: CheckGCForNative adj_start_bytes: 42692988 NativeAllocationGcWatermark: 11574296 java_gc_start_bytes: 25331544 kNewNativeDiscountFactor: 2 kOldNativeDiscountFactor: 65536 old_native_bytes: 117417811 new_native_bytes: 32408532 add_bytes_allowed: 34722888 is_gc_concurrent: 1 target_footprint_: 25485505 GetBytesAllocated: 14298154 HeapGrowthMultiplier: 3
12-19 20:13:01.032  3330  3330 I com.miui.home: CheckGCForNative gc_urgency 0.714502 current_native_bytes is 149826343
12-19 20:13:01.032  3330  3330 I cccccc  : getTaskThumbnailInfo: 2460 1.0  10705920
12-19 20:13:01.035  3330  3764 I com.miui.home: CheckGCForNative adj_start_bytes: 42692988 NativeAllocationGcWatermark: 11574296 java_gc_start_bytes: 25331544 kNewNativeDiscountFactor: 2 kOldNativeDiscountFactor: 65536 old_native_bytes: 117417811 new_native_bytes: 32410260 add_bytes_allowed: 34722888 is_gc_concurrent: 1 target_footprint_: 25485505 GetBytesAllocated: 14298154 HeapGrowthMultiplier: 3
12-19 20:13:01.035  3330  3764 I com.miui.home: CheckGCForNative gc_urgency 0.714522 current_native_bytes is 149828071
12-19 20:13:01.036  3330  3764 I cccccc  : getTaskThumbnailInfo: 2460 1.0  10705920
12-19 20:13:01.114  8787  8787 I wm_on_paused_called: [0,100067568,fm.qingting.qtradio.WelcomeActivity,performPause,51]
12-19 20:13:01.228  3330  3997 D cccccc  : onTaskStackChangedBackground
12-19 20:13:01.235  3330  3997 D cccccc  : onTaskStackChangedBackground
12-19 20:13:01.300  3330  3330 I wm_on_top_resumed_lost_called: [71783625,com.miui.home.launcher.Launcher,topStateChangedWhenResumed]
12-19 20:13:01.304  3330  3330 I wm_on_paused_called: [0,71783625,com.miui.home.launcher.Launcher,performPause,3]
12-19 20:13:01.357  8787  8787 I wm_on_stop_called: [0,100067568,fm.qingting.qtradio.WelcomeActivity,STOP_ACTIVITY_ITEM,11]
12-19 20:13:01.382  3330  3387 D cccccc  : onTaskStackChangedBackground
12-19 20:13:01.384  3330  4226 D cccccc  : onTaskStackChangedBackground
12-19 20:13:01.462  3330  3999 I com.miui.home: CheckGCForNative adj_start_bytes: 42692988 NativeAllocationGcWatermark: 11574296 java_gc_start_bytes: 25331544 kNewNativeDiscountFactor: 2 kOldNativeDiscountFactor: 65536 old_native_bytes: 117417811 new_native_bytes: 22663556 add_bytes_allowed: 34722888 is_gc_concurrent: 1 target_footprint_: 25485505 GetBytesAllocated: 14913786 HeapGrowthMultiplier: 3
12-19 20:13:01.462  3330  3999 I com.miui.home: CheckGCForNative gc_urgency 0.614793 current_native_bytes is 140081367
12-19 20:13:01.487  3330  4226 D cccccc  : onTaskStackChangedBackground
12-19 20:13:01.491  3330  4226 D cccccc  : onTaskStackChangedBackground
12-19 20:13:01.754  3330  3766 I com.miui.home: CheckGCForNative adj_start_bytes: 42692988 NativeAllocationGcWatermark: 11574296 java_gc_start_bytes: 25331544 kNewNativeDiscountFactor: 2 kOldNativeDiscountFactor: 65536 old_native_bytes: 117417811 new_native_bytes: 24093712 add_bytes_allowed: 34722888 is_gc_concurrent: 1 target_footprint_: 25485505 GetBytesAllocated: 15587984 HeapGrowthMultiplier: 3
12-19 20:13:01.754  3330  3766 I com.miui.home: CheckGCForNative gc_urgency 0.647334 current_native_bytes is 141511523
12-19 20:13:01.807  9067  9067 I wm_on_application_create_called: [0,com.xiaomi.bluetooth,820]
12-19 20:13:01.926  3330  3999 I cccccc  : getTaskSnapshotInstance:
12-19 20:13:01.930  3330  3999 I cccccc  : getTaskSnapshotInstance:
12-19 20:13:01.935  3330  3999 I com.miui.home: CheckGCForNative adj_start_bytes: 42692988 NativeAllocationGcWatermark: 11574296 java_gc_start_bytes: 25331544 kNewNativeDiscountFactor: 2 kOldNativeDiscountFactor: 65536 old_native_bytes: 117417811 new_native_bytes: 35366080 add_bytes_allowed: 34722888 is_gc_concurrent: 1 target_footprint_: 25485505 GetBytesAllocated: 15866733 HeapGrowthMultiplier: 3
12-19 20:13:01.935  3330  3999 I com.miui.home: CheckGCForNative gc_urgency 0.78588 current_native_bytes is 152783891
12-19 20:13:01.939  3330  3999 I cccccc  : getTaskThumbnailInfo: 2460 1.0  10705920
12-19 20:13:01.988  3330  3766 I com.miui.home: CheckGCForNative adj_start_bytes: 42692988 NativeAllocationGcWatermark: 11574296 java_gc_start_bytes: 25331544 kNewNativeDiscountFactor: 2 kOldNativeDiscountFactor: 65536 old_native_bytes: 117417811 new_native_bytes: 24657280 add_bytes_allowed: 34722888 is_gc_concurrent: 1 target_footprint_: 25485505 GetBytesAllocated: 15950967 HeapGrowthMultiplier: 3
12-19 20:13:01.988  3330  3766 I com.miui.home: CheckGCForNative gc_urgency 0.662437 current_native_bytes is 142075091
12-19 20:13:02.045  3330  3999 I com.miui.home: CheckGCForNative adj_start_bytes: 42692988 NativeAllocationGcWatermark: 11574296 java_gc_start_bytes: 25331544 kNewNativeDiscountFactor: 2 kOldNativeDiscountFactor: 65536 old_native_bytes: 117417811 new_native_bytes: 24609524 add_bytes_allowed: 34722888 is_gc_concurrent: 1 target_footprint_: 25485505 GetBytesAllocated: 16080781 HeapGrowthMultiplier: 3
12-19 20:13:02.045  3330  3999 I com.miui.home: CheckGCForNative gc_urgency 0.664918 current_native_bytes is 142027335
12-19 20:13:02.427  3330  3999 I cccccc  : getTaskSnapshotInstance:
12-19 20:13:02.811  3330  3330 I wm_on_resume_called: [0,71783625,com.miui.home.launcher.Launcher,RESUME_ACTIVITY,22]
12-19 20:13:02.831  3330  3330 I wm_on_idle_called: com.miui.home.launcher.Launcher
12-19 20:13:02.942  3330  4226 I com.miui.home: CheckGCForNative adj_start_bytes: 42692988 NativeAllocationGcWatermark: 11574296 java_gc_start_bytes: 25331544 kNewNativeDiscountFactor: 2 kOldNativeDiscountFactor: 65536 old_native_bytes: 117417811 new_native_bytes: 35533600 add_bytes_allowed: 34722888 is_gc_concurrent: 1 target_footprint_: 25485505 GetBytesAllocated: 18056900 HeapGrowthMultiplier: 3
12-19 20:13:02.942  3330  4226 I com.miui.home: CheckGCForNative gc_urgency 0.839142 current_native_bytes is 152951411
12-19 20:13:02.942  3330  3996 I com.miui.home: CheckGCForNative adj_start_bytes: 42692988 NativeAllocationGcWatermark: 11574296 java_gc_start_bytes: 25331544 kNewNativeDiscountFactor: 2 kOldNativeDiscountFactor: 65536 old_native_bytes: 117417811 new_native_bytes: 46240576 add_bytes_allowed: 34722888 is_gc_concurrent: 1 target_footprint_: 25485505 GetBytesAllocated: 18057092 HeapGrowthMultiplier: 3
12-19 20:13:02.942  3330  3996 I com.miui.home: CheckGCForNative gc_urgency 0.964542 current_native_bytes is 163658387
12-19 20:13:02.943  3330  3330 I com.miui.home: CheckGCForNative adj_start_bytes: 42692988 NativeAllocationGcWatermark: 11574296 java_gc_start_bytes: 25331544 kNewNativeDiscountFactor: 2 kOldNativeDiscountFactor: 65536 old_native_bytes: 117417811 new_native_bytes: 56948032 add_bytes_allowed: 34722888 is_gc_concurrent: 1 target_footprint_: 25485505 GetBytesAllocated: 18065014 HeapGrowthMultiplier: 3
12-19 20:13:02.944  3330  3330 I com.miui.home: CheckGCForNative gc_urgency 1.09013 current_native_bytes is 174365843
12-19 20:13:02.944  3330  3330 I com.miui.home: CheckGCForNative requested 1
12-19 20:13:02.944  3330  3330 I cccccc  : getTaskThumbnailInfo: 2460 1.0  10705920
12-19 20:13:02.946  3330  3996 I com.miui.home: CheckGCForNative adj_start_bytes: 42692988 NativeAllocationGcWatermark: 11574296 java_gc_start_bytes: 25331544 kNewNativeDiscountFactor: 2 kOldNativeDiscountFactor: 65536 old_native_bytes: 117417811 new_native_bytes: 56953664 add_bytes_allowed: 34722888 is_gc_concurrent: 1 target_footprint_: 25485505 GetBytesAllocated: 18065014 HeapGrowthMultiplier: 3
12-19 20:13:02.946  3330  3996 I com.miui.home: CheckGCForNative gc_urgency 1.09019 current_native_bytes is 174371475
12-19 20:13:02.946  3330  3996 I com.miui.home: CheckGCForNative requested 1
12-19 20:13:02.946  3330  3996 I cccccc  : getTaskThumbnailInfo: 2460 1.0  10705920
12-19 20:13:03.079  3330  3360 I com.miui.home: NativeAlloc concurrent copying GC freed 117359(4987KB) AllocSpace objects, 6(312KB) LOS objects, 49% free, 12MB/24MB, paused 173us,22us total 135.177ms
12-19 20:13:03.090  3330  3766 I com.miui.home: CheckGCForNative gc_urgency 0 current_native_bytes is 131093391
12-19 20:13:03.204  9215  9215 I wm_on_application_create_called: [0,com.ss.android.ugc.aweme,574]
12-19 20:13:03.235  3330  3330 I wm_on_top_resumed_gained_called: [71783625,com.miui.home.launcher.Launcher,topStateChangedWhenResumed]
12-19 20:13:03.247  3330  3766 I com.miui.home: CheckGCForNative gc_urgency 0 current_native_bytes is 129369735
12-19 20:13:03.415  3330  3764 I com.miui.home: CheckGCForNative adj_start_bytes: 42760200 NativeAllocationGcWatermark: 11578961 java_gc_start_bytes: 25391759 kNewNativeDiscountFactor: 2 kOldNativeDiscountFactor: 65536 old_native_bytes: 129369735 new_native_bytes: 10667272 add_bytes_allowed: 34736883 is_gc_concurrent: 1 target_footprint_: 25522831 GetBytesAllocated: 13013842 HeapGrowthMultiplier: 3
12-19 20:13:03.415  3330  3764 I com.miui.home: CheckGCForNative gc_urgency 0.429125 current_native_bytes is 140037007
12-19 20:13:03.416  3330  3996 I com.miui.home: CheckGCForNative adj_start_bytes: 42760200 NativeAllocationGcWatermark: 11578961 java_gc_start_bytes: 25391759 kNewNativeDiscountFactor: 2 kOldNativeDiscountFactor: 65536 old_native_bytes: 129369735 new_native_bytes: 21373576 add_bytes_allowed: 34736883 is_gc_concurrent: 1 target_footprint_: 25522831 GetBytesAllocated: 13013842 HeapGrowthMultiplier: 3
12-19 20:13:03.416  3330  3996 I com.miui.home: CheckGCForNative gc_urgency 0.554319 current_native_bytes is 150743311
12-19 20:13:03.419  3330  3764 I com.miui.home: CheckGCForNative adj_start_bytes: 42760200 NativeAllocationGcWatermark: 11578961 java_gc_start_bytes: 25391759 kNewNativeDiscountFactor: 2 kOldNativeDiscountFactor: 65536 old_native_bytes: 129369735 new_native_bytes: 32072296 add_bytes_allowed: 34736883 is_gc_concurrent: 1 target_footprint_: 25522831 GetBytesAllocated: 13014226 HeapGrowthMultiplier: 3
12-19 20:13:03.419  3330  3764 I com.miui.home: CheckGCForNative gc_urgency 0.679425 current_native_bytes is 161442031
12-19 20:13:03.420  3330  3764 I cccccc  : getTaskThumbnailInfo: 2460 1.0  10705920
12-19 20:13:03.427  3330  3330 I cccccc  : getTaskThumbnailInfo: 2460 1.0  10705920
12-19 20:13:03.591  3330  3698 I com.miui.home: CheckGCForNative adj_start_bytes: 42760200 NativeAllocationGcWatermark: 11578961 java_gc_start_bytes: 25391759 kNewNativeDiscountFactor: 2 kOldNativeDiscountFactor: 65536 old_native_bytes: 129369735 new_native_bytes: 10922704 add_bytes_allowed: 34736883 is_gc_concurrent: 1 target_footprint_: 25522831 GetBytesAllocated: 13236385 HeapGrowthMultiplier: 3
12-19 20:13:03.591  3330  3698 I com.miui.home: CheckGCForNative gc_urgency 0.437316 current_native_bytes is 140292439
12-19 20:13:03.642  3330  3330 I wm_on_top_resumed_lost_called: [71783625,com.miui.home.launcher.Launcher,topStateChangedWhenResumed]
12-19 20:13:03.654  3330  4226 D cccccc  : onTaskStackChangedBackground
12-19 20:13:03.655  3330  4226 D cccccc  : onTaskStackChangedBackground
12-19 20:13:03.938  3330  3330 I wm_on_paused_called: [0,71783625,com.miui.home.launcher.Launcher,performPause,3]
12-19 20:13:04.047  3330  4226 D cccccc  : onTaskStackChangedBackground
12-19 20:13:04.049  3330  4226 D cccccc  : onTaskStackChangedBackground
12-19 20:13:04.101  9215  9215 I wm_on_create_called: [0,56488957,com.ss.android.ugc.aweme.splash.SplashActivity,performCreate,774]
12-19 20:13:04.155  3330  3999 I cccccc  : getTaskSnapshotInstance:
12-19 20:13:04.173  3330  3703 I cccccc  : getTaskSnapshotInstance:
12-19 20:13:04.180  3330  3999 I com.miui.home: CheckGCForNative adj_start_bytes: 42760200 NativeAllocationGcWatermark: 11578961 java_gc_start_bytes: 25391759 kNewNativeDiscountFactor: 2 kOldNativeDiscountFactor: 65536 old_native_bytes: 129369735 new_native_bytes: 23210764 add_bytes_allowed: 34736883 is_gc_concurrent: 1 target_footprint_: 25522831 GetBytesAllocated: 14472187 HeapGrowthMultiplier: 3
12-19 20:13:04.180  3330  3999 I com.miui.home: CheckGCForNative gc_urgency 0.609902 current_native_bytes is 152580499
12-19 20:13:04.193  3330  3999 I cccccc  : getTaskThumbnailInfo: 2460 1.0  10705920
12-19 20:13:04.282  3330  3999 I com.miui.home: CheckGCForNative adj_start_bytes: 42760200 NativeAllocationGcWatermark: 11578961 java_gc_start_bytes: 25391759 kNewNativeDiscountFactor: 2 kOldNativeDiscountFactor: 65536 old_native_bytes: 129369735 new_native_bytes: 12946240 add_bytes_allowed: 34736883 is_gc_concurrent: 1 target_footprint_: 25522831 GetBytesAllocated: 14853411 HeapGrowthMultiplier: 3
12-19 20:13:04.282  3330  3999 I com.miui.home: CheckGCForNative gc_urgency 0.498793 current_native_bytes is 142315975
12-19 20:13:04.384  9215  9215 I wm_on_start_called: [0,56488957,com.ss.android.ugc.aweme.splash.SplashActivity,handleStartActivity,268]
12-19 20:13:04.428  3330  3703 I cccccc  : getTaskSnapshotInstance:
12-19 20:13:04.449  9215  9215 I wm_on_resume_called: [0,56488957,com.ss.android.ugc.aweme.splash.SplashActivity,RESUME_ACTIVITY,49]
12-19 20:13:04.483  3330  3766 I com.miui.home: CheckGCForNative adj_start_bytes: 42760200 NativeAllocationGcWatermark: 11578961 java_gc_start_bytes: 25391759 kNewNativeDiscountFactor: 2 kOldNativeDiscountFactor: 65536 old_native_bytes: 129369735 new_native_bytes: 13184992 add_bytes_allowed: 34736883 is_gc_concurrent: 1 target_footprint_: 25522831 GetBytesAllocated: 15459856 HeapGrowthMultiplier: 3
12-19 20:13:04.483  3330  3766 I com.miui.home: CheckGCForNative gc_urgency 0.515768 current_native_bytes is 142554727
12-19 20:13:04.583  9215  9215 I wm_on_top_resumed_gained_called: [56488957,com.ss.android.ugc.aweme.splash.SplashActivity,topStateChangedWhenResumed]
12-19 20:13:04.594  3330  3766 I com.miui.home: CheckGCForNative adj_start_bytes: 42760200 NativeAllocationGcWatermark: 11578961 java_gc_start_bytes: 25391759 kNewNativeDiscountFactor: 2 kOldNativeDiscountFactor: 65536 old_native_bytes: 129369735 new_native_bytes: 13189568 add_bytes_allowed: 34736883 is_gc_concurrent: 1 target_footprint_: 25522831 GetBytesAllocated: 15502454 HeapGrowthMultiplier: 3
12-19 20:13:04.594  3330  3766 I com.miui.home: CheckGCForNative gc_urgency 0.516817 current_native_bytes is 142559303
12-19 20:13:05.028  9601  9601 I wm_on_create_called: [0,113099289,com.eg.android.AlipayGphone.AlipayLogin,performCreate,143]
12-19 20:13:05.036  9601  9601 I wm_on_start_called: [0,113099289,com.eg.android.AlipayGphone.AlipayLogin,handleStartActivity,5]
12-19 20:13:05.042  9601  9601 I wm_on_resume_called: [0,113099289,com.eg.android.AlipayGphone.AlipayLogin,RESUME_ACTIVITY,4]
12-19 20:13:05.071  9601  9601 I wm_on_top_resumed_gained_called: [113099289,com.eg.android.AlipayGphone.AlipayLogin,topStateChangedWhenResumed]
12-19 20:13:05.322  3330  3330 I wm_on_resume_called: [0,71783625,com.miui.home.launcher.Launcher,RESUME_ACTIVITY,20]
12-19 20:13:05.347  3330  3330 I wm_on_idle_called: com.miui.home.launcher.Launcher
12-19 20:13:05.451  3330  3387 I com.miui.home: CheckGCForNative adj_start_bytes: 42760200 NativeAllocationGcWatermark: 11578961 java_gc_start_bytes: 25391759 kNewNativeDiscountFactor: 2 kOldNativeDiscountFactor: 65536 old_native_bytes: 129369735 new_native_bytes: 23952572 add_bytes_allowed: 34736883 is_gc_concurrent: 1 target_footprint_: 25522831 GetBytesAllocated: 16804669 HeapGrowthMultiplier: 3
12-19 20:13:05.451  3330  3387 I com.miui.home: CheckGCForNative gc_urgency 0.673124 current_native_bytes is 153322307
12-19 20:13:05.451  3330  4226 I com.miui.home: CheckGCForNative adj_start_bytes: 42760200 NativeAllocationGcWatermark: 11578961 java_gc_start_bytes: 25391759 kNewNativeDiscountFactor: 2 kOldNativeDiscountFactor: 65536 old_native_bytes: 129369735 new_native_bytes: 34658684 add_bytes_allowed: 34736883 is_gc_concurrent: 1 target_footprint_: 25522831 GetBytesAllocated: 16808403 HeapGrowthMultiplier: 3
12-19 20:13:05.451  3330  4226 I com.miui.home: CheckGCForNative gc_urgency 0.798399 current_native_bytes is 164028419
12-19 20:13:05.452  3330  3387 I com.miui.home: CheckGCForNative adj_start_bytes: 42760200 NativeAllocationGcWatermark: 11578961 java_gc_start_bytes: 25391759 kNewNativeDiscountFactor: 2 kOldNativeDiscountFactor: 65536 old_native_bytes: 129369735 new_native_bytes: 45365628 add_bytes_allowed: 34736883 is_gc_concurrent: 1 target_footprint_: 25522831 GetBytesAllocated: 16821472 HeapGrowthMultiplier: 3
12-19 20:13:05.452  3330  3387 I com.miui.home: CheckGCForNative gc_urgency 0.923903 current_native_bytes is 174735363
12-19 20:13:05.452  3330  3387 I cccccc  : getTaskThumbnailInfo: 2460 1.0  10705920
12-19 20:13:05.453  3330  3330 I cccccc  : getTaskThumbnailInfo: 2460 1.0  10705920
12-19 20:13:05.530  3330  3766 I com.miui.home: CheckGCForNative adj_start_bytes: 42760200 NativeAllocationGcWatermark: 11578961 java_gc_start_bytes: 25391759 kNewNativeDiscountFactor: 2 kOldNativeDiscountFactor: 65536 old_native_bytes: 129369735 new_native_bytes: 24056284 add_bytes_allowed: 34736883 is_gc_concurrent: 1 target_footprint_: 25522831 GetBytesAllocated: 17076536 HeapGrowthMultiplier: 3
12-19 20:13:05.530  3330  3766 I com.miui.home: CheckGCForNative gc_urgency 0.680695 current_native_bytes is 153426019
12-19 20:13:05.630  3330  3766 I com.miui.home: CheckGCForNative adj_start_bytes: 42760200 NativeAllocationGcWatermark: 11578961 java_gc_start_bytes: 25391759 kNewNativeDiscountFactor: 2 kOldNativeDiscountFactor: 65536 old_native_bytes: 129369735 new_native_bytes: 24065948 add_bytes_allowed: 34736883 is_gc_concurrent: 1 target_footprint_: 25522831 GetBytesAllocated: 17113938 HeapGrowthMultiplier: 3
12-19 20:13:05.630  3330  3766 I com.miui.home: CheckGCForNative gc_urgency 0.681683 current_native_bytes is 153435683
12-19 20:13:05.741  3330  3330 I wm_on_top_resumed_gained_called: [71783625,com.miui.home.launcher.Launcher,topStateChangedWhenResumed]
12-19 20:13:05.886  3330  3766 I com.miui.home: CheckGCForNative adj_start_bytes: 42760200 NativeAllocationGcWatermark: 11578961 java_gc_start_bytes: 25391759 kNewNativeDiscountFactor: 2 kOldNativeDiscountFactor: 65536 old_native_bytes: 129369735 new_native_bytes: 24114364 add_bytes_allowed: 34736883 is_gc_concurrent: 1 target_footprint_: 25522831 GetBytesAllocated: 17228303 HeapGrowthMultiplier: 3
12-19 20:13:05.886  3330  3766 I com.miui.home: CheckGCForNative gc_urgency 0.684923 current_native_bytes is 153484099
12-19 20:13:05.957  3330  3764 I com.miui.home: CheckGCForNative adj_start_bytes: 42760200 NativeAllocationGcWatermark: 11578961 java_gc_start_bytes: 25391759 kNewNativeDiscountFactor: 2 kOldNativeDiscountFactor: 65536 old_native_bytes: 129369735 new_native_bytes: 34816188 add_bytes_allowed: 34736883 is_gc_concurrent: 1 target_footprint_: 25522831 GetBytesAllocated: 17270999 HeapGrowthMultiplier: 3
12-19 20:13:05.957  3330  3764 I com.miui.home: CheckGCForNative gc_urgency 0.81106 current_native_bytes is 164185923
12-19 20:13:05.960  3330  3764 I com.miui.home: CheckGCForNative adj_start_bytes: 42760200 NativeAllocationGcWatermark: 11578961 java_gc_start_bytes: 25391759 kNewNativeDiscountFactor: 2 kOldNativeDiscountFactor: 65536 old_native_bytes: 129369735 new_native_bytes: 45523132 add_bytes_allowed: 34736883 is_gc_concurrent: 1 target_footprint_: 25522831 GetBytesAllocated: 17271191 HeapGrowthMultiplier: 3
12-19 20:13:05.960  3330  3764 I com.miui.home: CheckGCForNative gc_urgency 0.936262 current_native_bytes is 174892867
12-19 20:13:05.961  3330  3764 I cccccc  : getTaskThumbnailInfo: 2460 1.0  10705920
12-19 20:13:05.991  3330  4226 I com.miui.home: CheckGCForNative adj_start_bytes: 42760200 NativeAllocationGcWatermark: 11578961 java_gc_start_bytes: 25391759 kNewNativeDiscountFactor: 2 kOldNativeDiscountFactor: 65536 old_native_bytes: 129369735 new_native_bytes: 45523132 add_bytes_allowed: 34736883 is_gc_concurrent: 1 target_footprint_: 25522831 GetBytesAllocated: 17272765 HeapGrowthMultiplier: 3
12-19 20:13:05.991  3330  4226 I com.miui.home: CheckGCForNative gc_urgency 0.936298 current_native_bytes is 174892867
12-19 20:13:05.993  3330  3330 I cccccc  : getTaskThumbnailInfo: 2460 1.0  10705920
12-19 20:13:06.360  3330  3330 I wm_on_top_resumed_lost_called: [71783625,com.miui.home.launcher.Launcher,topStateChangedWhenResumed]
12-19 20:13:06.381  3330  3996 D cccccc  : onTaskStackChangedBackground
12-19 20:13:06.383  3330  3997 D cccccc  : onTaskStackChangedBackground
12-19 20:13:06.507  3330  3330 I wm_on_paused_called: [0,71783625,com.miui.home.launcher.Launcher,performPause,4]
12-19 20:13:06.597  9215  9215 I wm_on_top_resumed_lost_called: [56488957,com.ss.android.ugc.aweme.splash.SplashActivity,topStateChangedWhenResumed]
12-19 20:13:06.619  3330  3368 D cccccc  : onTaskStackChangedBackground
12-19 20:13:06.629  3330  3996 D cccccc  : onTaskStackChangedBackground
12-19 20:13:06.684  9215  9215 I wm_on_paused_called: [0,56488957,com.ss.android.ugc.aweme.splash.SplashActivity,performPause,61]
12-19 20:13:06.714  3330  3999 I com.miui.home: CheckGCForNative adj_start_bytes: 42760200 NativeAllocationGcWatermark: 11578961 java_gc_start_bytes: 25391759 kNewNativeDiscountFactor: 2 kOldNativeDiscountFactor: 65536 old_native_bytes: 129369735 new_native_bytes: 35255200 add_bytes_allowed: 34736883 is_gc_concurrent: 1 target_footprint_: 25522831 GetBytesAllocated: 18318183 HeapGrowthMultiplier: 3
12-19 20:13:06.715  3330  3999 I com.miui.home: CheckGCForNative gc_urgency 0.840683 current_native_bytes is 164624935
12-19 20:13:06.855  3330  3766 I com.miui.home: CheckGCForNative adj_start_bytes: 42760200 NativeAllocationGcWatermark: 11578961 java_gc_start_bytes: 25391759 kNewNativeDiscountFactor: 2 kOldNativeDiscountFactor: 65536 old_native_bytes: 129369735 new_native_bytes: 35337608 add_bytes_allowed: 34736883 is_gc_concurrent: 1 target_footprint_: 25522831 GetBytesAllocated: 18520980 HeapGrowthMultiplier: 3
12-19 20:13:06.855  3330  3766 I com.miui.home: CheckGCForNative gc_urgency 0.846389 current_native_bytes is 164707343
12-19 20:13:06.961  3330  3999 I cccccc  : getTaskSnapshotInstance:
12-19 20:13:07.001  9215  9215 I wm_on_stop_called: [0,56488957,com.ss.android.ugc.aweme.splash.SplashActivity,STOP_ACTIVITY_ITEM,286]
12-19 20:13:07.033  3330  3766 I com.miui.home: CheckGCForNative adj_start_bytes: 42760200 NativeAllocationGcWatermark: 11578961 java_gc_start_bytes: 25391759 kNewNativeDiscountFactor: 2 kOldNativeDiscountFactor: 65536 old_native_bytes: 129369735 new_native_bytes: 35433416 add_bytes_allowed: 34736883 is_gc_concurrent: 1 target_footprint_: 25522831 GetBytesAllocated: 18849542 HeapGrowthMultiplier: 3
12-19 20:13:07.033  3330  3766 I com.miui.home: CheckGCForNative gc_urgency 0.855193 current_native_bytes is 164803151
12-19 20:13:07.082  3330  3703 I cccccc  : getTaskSnapshotInstance:
12-19 20:13:07.099  3330  3703 I com.miui.home: CheckGCForNative adj_start_bytes: 42760200 NativeAllocationGcWatermark: 11578961 java_gc_start_bytes: 25391759 kNewNativeDiscountFactor: 2 kOldNativeDiscountFactor: 65536 old_native_bytes: 129369735 new_native_bytes: 46110344 add_bytes_allowed: 34736883 is_gc_concurrent: 1 target_footprint_: 25522831 GetBytesAllocated: 18910528 HeapGrowthMultiplier: 3
12-19 20:13:07.099  3330  3703 I com.miui.home: CheckGCForNative gc_urgency 0.981466 current_native_bytes is 175480079
12-19 20:13:07.118  3330  3703 I cccccc  : getTaskThumbnailInfo: 2460 1.0  10705920
12-19 20:13:07.217  3330  3703 I com.miui.home: CheckGCForNative adj_start_bytes: 42760200 NativeAllocationGcWatermark: 11578961 java_gc_start_bytes: 25391759 kNewNativeDiscountFactor: 2 kOldNativeDiscountFactor: 65536 old_native_bytes: 129369735 new_native_bytes: 60739312 add_bytes_allowed: 34736883 is_gc_concurrent: 1 target_footprint_: 25522831 GetBytesAllocated: 18913081 HeapGrowthMultiplier: 3
12-19 20:13:07.217  3330  3703 I com.miui.home: CheckGCForNative gc_urgency 1.15258 current_native_bytes is 190109047
12-19 20:13:07.218  3330  3703 I com.miui.home: CheckGCForNative requested 1
12-19 20:13:07.218  3330  3703 I com.miui.home: CheckGCForNative adj_start_bytes: 42760200 NativeAllocationGcWatermark: 11578961 java_gc_start_bytes: 25391759 kNewNativeDiscountFactor: 2 kOldNativeDiscountFactor: 65536 old_native_bytes: 129369735 new_native_bytes: 48942784 add_bytes_allowed: 34736883 is_gc_concurrent: 1 target_footprint_: 25522831 GetBytesAllocated: 18913081 HeapGrowthMultiplier: 3
12-19 20:13:07.218  3330  3703 I com.miui.home: CheckGCForNative gc_urgency 1.01465 current_native_bytes is 178312519
12-19 20:13:07.218  3330  3703 I com.miui.home: CheckGCForNative requested 1
12-19 20:13:07.449 10026 10026 I wm_on_create_called: [0,34916689,com.xunmeng.pinduoduo.ui.activity.MainFrameActivity,performCreate,54]
12-19 20:13:07.459  3330  3703 I com.miui.home: CheckGCForNative adj_start_bytes: 42760200 NativeAllocationGcWatermark: 11578961 java_gc_start_bytes: 25391759 kNewNativeDiscountFactor: 2 kOldNativeDiscountFactor: 65536 old_native_bytes: 129369735 new_native_bytes: 49499252 add_bytes_allowed: 34736883 is_gc_concurrent: 1 target_footprint_: 25522831 GetBytesAllocated: 19133097 HeapGrowthMultiplier: 3
12-19 20:13:07.459  3330  3703 I com.miui.home: CheckGCForNative gc_urgency 1.0263 current_native_bytes is 178868987
12-19 20:13:07.459  3330  3703 I com.miui.home: CheckGCForNative requested 1
12-19 20:13:07.586  3330  3387 D cccccc  : onTaskStackChangedBackground
12-19 20:13:07.586  3330  3996 D cccccc  : onTaskStackChangedBackground
