12-21 13:33:56.216  3309  3509 I com.miui.home: CheckGCForNative adj_start_bytes: 33649749 NativeAllocationGcWatermark: 10630275 java_gc_start_bytes: 17704337 kNewNativeDiscountFactor: 2 kOldNativeDiscountFactor: 65536 old_native_bytes: 131857823 new_native_bytes: 23627196 add_bytes_allowed: 31890825 is_gc_concurrent: 1 target_footprint_: 17933342 GetBytesAllocated: 15634987 HeapGrowthMultiplier: 3
12-21 13:33:56.216  3309  3509 I com.miui.home: CheckGCForNative gc_urgency 0.815774 current_native_bytes is 155485019
12-21 13:33:56.319  3309  3649 I com.miui.home: CheckGCForNative adj_start_bytes: 33649749 NativeAllocationGcWatermark: 10630275 java_gc_start_bytes: 17704337 kNewNativeDiscountFactor: 2 kOldNativeDiscountFactor: 65536 old_native_bytes: 131857823 new_native_bytes: 34386364 add_bytes_allowed: 31890825 is_gc_concurrent: 1 target_footprint_: 17933342 GetBytesAllocated: 15703496 HeapGrowthMultiplier: 3
12-21 13:33:56.319  3309  3649 I com.miui.home: CheckGCForNative gc_urgency 0.97768 current_native_bytes is 166244187
12-21 13:33:56.393  3309  3509 I com.miui.home: CheckGCForNative adj_start_bytes: 33649749 NativeAllocationGcWatermark: 10630275 java_gc_start_bytes: 17704337 kNewNativeDiscountFactor: 2 kOldNativeDiscountFactor: 65536 old_native_bytes: 131857823 new_native_bytes: 23686012 add_bytes_allowed: 31890825 is_gc_concurrent: 1 target_footprint_: 17933342 GetBytesAllocated: 15742347 HeapGrowthMultiplier: 3
12-21 13:33:56.393  3309  3509 I com.miui.home: CheckGCForNative gc_urgency 0.819839 current_native_bytes is 155543835
12-21 13:33:56.877 13476 13476 I wm_on_application_create_called: [0,com.sina.weibo,452]
12-21 13:33:56.904 13502 13502 I wm_on_application_create_called: [0,com.miui.wmsvc,221]
12-21 13:33:57.075 13476 13476 I wm_on_create_called: [0,69952869,com.sina.weibo.SplashActivity,performCreate,97]
12-21 13:33:57.080 13476 13476 I wm_on_start_called: [0,69952869,com.sina.weibo.SplashActivity,handleStartActivity,5]
12-21 13:33:57.092 13476 13476 I wm_on_resume_called: [0,69952869,com.sina.weibo.SplashActivity,RESUME_ACTIVITY,9]
12-21 13:33:57.219  3309  3309 I wm_on_resume_called: [0,19529089,com.miui.home.launcher.Launcher,RESUME_ACTIVITY,3]
12-21 13:33:57.229  3309  3309 I wm_on_idle_called: com.miui.home.launcher.Launcher
12-21 13:33:57.232  3309  3483 I com.miui.home: CheckGCForNative adj_start_bytes: 33649749 NativeAllocationGcWatermark: 10630275 java_gc_start_bytes: 17704337 kNewNativeDiscountFactor: 2 kOldNativeDiscountFactor: 65536 old_native_bytes: 131857823 new_native_bytes: 23780068 add_bytes_allowed: 31890825 is_gc_concurrent: 1 target_footprint_: 17933342 GetBytesAllocated: 17164191 HeapGrowthMultiplier: 3
12-21 13:33:57.257  3309  3483 I com.miui.home: CheckGCForNative gc_urgency 0.863493 current_native_bytes is 155637891
12-21 13:33:57.260  3309  3309 I com.miui.home: CheckGCForNative adj_start_bytes: 33649749 NativeAllocationGcWatermark: 10630275 java_gc_start_bytes: 17704337 kNewNativeDiscountFactor: 2 kOldNativeDiscountFactor: 65536 old_native_bytes: 131857823 new_native_bytes: 23822636 add_bytes_allowed: 31890825 is_gc_concurrent: 1 target_footprint_: 17933342 GetBytesAllocated: 17164287 HeapGrowthMultiplier: 3
12-21 13:33:57.260  3309  3309 I com.miui.home: CheckGCForNative gc_urgency 0.864126 current_native_bytes is 155680459
12-21 13:33:57.473  3309  3380 I com.miui.home: CheckGCForNative adj_start_bytes: 33649749 NativeAllocationGcWatermark: 10630275 java_gc_start_bytes: 17704337 kNewNativeDiscountFactor: 2 kOldNativeDiscountFactor: 65536 old_native_bytes: 131857823 new_native_bytes: 34658544 add_bytes_allowed: 31890825 is_gc_concurrent: 1 target_footprint_: 17933342 GetBytesAllocated: 18001616 HeapGrowthMultiplier: 3
12-21 13:33:57.473  3309  3380 I com.miui.home: CheckGCForNative gc_urgency 1.05002 current_native_bytes is 166516367
12-21 13:33:57.473  3309  3380 I com.miui.home: CheckGCForNative requested 1
12-21 13:33:57.475  3309  8621 I com.miui.home: CheckGCForNative adj_start_bytes: 33649749 NativeAllocationGcWatermark: 10630275 java_gc_start_bytes: 17704337 kNewNativeDiscountFactor: 2 kOldNativeDiscountFactor: 65536 old_native_bytes: 131857823 new_native_bytes: 45365680 add_bytes_allowed: 31890825 is_gc_concurrent: 1 target_footprint_: 17933342 GetBytesAllocated: 18001808 HeapGrowthMultiplier: 3
12-21 13:33:57.475  3309  8621 I com.miui.home: CheckGCForNative gc_urgency 1.20912 current_native_bytes is 177223503
12-21 13:33:57.475  3309  8621 I com.miui.home: CheckGCForNative requested 1
12-21 13:33:57.475  3309  8621 I com.miui.home: CheckGCForNative adj_start_bytes: 33649749 NativeAllocationGcWatermark: 10630275 java_gc_start_bytes: 17704337 kNewNativeDiscountFactor: 2 kOldNativeDiscountFactor: 65536 old_native_bytes: 131857823 new_native_bytes: 56072624 add_bytes_allowed: 31890825 is_gc_concurrent: 1 target_footprint_: 17933342 GetBytesAllocated: 18002000 HeapGrowthMultiplier: 3
12-21 13:33:57.475  3309  8621 I com.miui.home: CheckGCForNative gc_urgency 1.36822 current_native_bytes is 187930447
12-21 13:33:57.475  3309  8621 I com.miui.home: CheckGCForNative requested 1
12-21 13:33:57.619  3309  3309 I wm_on_top_resumed_gained_called: [19529089,com.miui.home.launcher.Launcher,topStateChangedWhenResumed]
12-21 13:33:57.646 13436 13436 I wm_on_application_create_called: [0,com.android.camera,349]
12-21 13:33:57.749  3309  3509 I com.miui.home: CheckGCForNative gc_urgency 0 current_native_bytes is 152849527
12-21 13:33:57.772 13476 13476 I wm_on_top_resumed_gained_called: [69952869,com.sina.weibo.SplashActivity,topStateChangedWhenResumed]
12-21 13:33:57.948  3309  3508 I com.miui.home: CheckGCForNative adj_start_bytes: 33549127 NativeAllocationGcWatermark: 10630275 java_gc_start_bytes: 17603715 kNewNativeDiscountFactor: 2 kOldNativeDiscountFactor: 65536 old_native_bytes: 152849527 new_native_bytes: 10674624 add_bytes_allowed: 31890825 is_gc_concurrent: 1 target_footprint_: 17933342 GetBytesAllocated: 9468532 HeapGrowthMultiplier: 3
12-21 13:33:57.948  3309  3508 I com.miui.home: CheckGCForNative gc_urgency 0.441388 current_native_bytes is 163524151
12-21 13:33:57.952  3309  3508 I com.miui.home: CheckGCForNative adj_start_bytes: 33549127 NativeAllocationGcWatermark: 10630275 java_gc_start_bytes: 17603715 kNewNativeDiscountFactor: 2 kOldNativeDiscountFactor: 65536 old_native_bytes: 152849527 new_native_bytes: 21381760 add_bytes_allowed: 31890825 is_gc_concurrent: 1 target_footprint_: 17933342 GetBytesAllocated: 9468724 HeapGrowthMultiplier: 3
12-21 13:33:57.952  3309  3508 I com.miui.home: CheckGCForNative gc_urgency 0.600968 current_native_bytes is 174231287
12-21 13:33:57.954  3309  3380 I com.miui.home: CheckGCForNative adj_start_bytes: 33549127 NativeAllocationGcWatermark: 10630275 java_gc_start_bytes: 17603715 kNewNativeDiscountFactor: 2 kOldNativeDiscountFactor: 65536 old_native_bytes: 152849527 new_native_bytes: 21381760 add_bytes_allowed: 31890825 is_gc_concurrent: 1 target_footprint_: 17933342 GetBytesAllocated: 9468724 HeapGrowthMultiplier: 3
12-21 13:33:57.954  3309  3380 I com.miui.home: CheckGCForNative gc_urgency 0.600968 current_native_bytes is 174231287
12-21 13:33:58.221  3309  3309 I wm_on_top_resumed_lost_called: [19529089,com.miui.home.launcher.Launcher,topStateChangedWhenResumed]
12-21 13:33:58.457  3309  3649 I com.miui.home: CheckGCForNative adj_start_bytes: 33549127 NativeAllocationGcWatermark: 10630275 java_gc_start_bytes: 17603715 kNewNativeDiscountFactor: 2 kOldNativeDiscountFactor: 65536 old_native_bytes: 152849527 new_native_bytes: 11651932 add_bytes_allowed: 31890825 is_gc_concurrent: 1 target_footprint_: 17933342 GetBytesAllocated: 10321853 HeapGrowthMultiplier: 3
12-21 13:33:58.457  3309  3649 I com.miui.home: CheckGCForNative gc_urgency 0.481388 current_native_bytes is 164501459
12-21 13:33:58.495  3309  3649 I com.miui.home: CheckGCForNative adj_start_bytes: 33549127 NativeAllocationGcWatermark: 10630275 java_gc_start_bytes: 17603715 kNewNativeDiscountFactor: 2 kOldNativeDiscountFactor: 65536 old_native_bytes: 152849527 new_native_bytes: 22422292 add_bytes_allowed: 31890825 is_gc_concurrent: 1 target_footprint_: 17933342 GetBytesAllocated: 10500362 HeapGrowthMultiplier: 3
12-21 13:33:58.497  3309  3649 I com.miui.home: CheckGCForNative gc_urgency 0.647225 current_native_bytes is 175271819
12-21 13:33:58.535 13659 13659 I wm_on_application_create_called: [0,com.sina.weibo,1247]
12-21 13:33:58.560  3309  3309 I wm_on_paused_called: [0,19529089,com.miui.home.launcher.Launcher,performPause,1]
12-21 13:33:58.573  3309  3483 I com.miui.home: CheckGCForNative adj_start_bytes: 33549127 NativeAllocationGcWatermark: 10630275 java_gc_start_bytes: 17603715 kNewNativeDiscountFactor: 2 kOldNativeDiscountFactor: 65536 old_native_bytes: 152849527 new_native_bytes: 11715988 add_bytes_allowed: 31890825 is_gc_concurrent: 1 target_footprint_: 17933342 GetBytesAllocated: 10921342 HeapGrowthMultiplier: 3
12-21 13:33:58.573  3309  3483 I com.miui.home: CheckGCForNative gc_urgency 0.500212 current_native_bytes is 164565515
12-21 13:33:58.971  3309  3509 I com.miui.home: CheckGCForNative adj_start_bytes: 33549127 NativeAllocationGcWatermark: 10630275 java_gc_start_bytes: 17603715 kNewNativeDiscountFactor: 2 kOldNativeDiscountFactor: 65536 old_native_bytes: 152849527 new_native_bytes: 12529256 add_bytes_allowed: 31890825 is_gc_concurrent: 1 target_footprint_: 17933342 GetBytesAllocated: 11756972 HeapGrowthMultiplier: 3
12-21 13:33:58.971  3309  3509 I com.miui.home: CheckGCForNative gc_urgency 0.537341 current_native_bytes is 165378783
12-21 13:33:59.207 13476 13476 I wm_on_top_resumed_lost_called: [69952869,com.sina.weibo.SplashActivity,topStateChangedWhenResumed]
12-21 13:33:59.260  3309  3509 I com.miui.home: CheckGCForNative adj_start_bytes: 33549127 NativeAllocationGcWatermark: 10630275 java_gc_start_bytes: 17603715 kNewNativeDiscountFactor: 2 kOldNativeDiscountFactor: 65536 old_native_bytes: 152849527 new_native_bytes: 12624588 add_bytes_allowed: 31890825 is_gc_concurrent: 1 target_footprint_: 17933342 GetBytesAllocated: 12089863 HeapGrowthMultiplier: 3
12-21 13:33:59.260  3309  3509 I com.miui.home: CheckGCForNative gc_urgency 0.548583 current_native_bytes is 165474115
12-21 13:33:59.282  3309  3509 I com.miui.home: CheckGCForNative adj_start_bytes: 33549127 NativeAllocationGcWatermark: 10630275 java_gc_start_bytes: 17603715 kNewNativeDiscountFactor: 2 kOldNativeDiscountFactor: 65536 old_native_bytes: 152849527 new_native_bytes: 12627276 add_bytes_allowed: 31890825 is_gc_concurrent: 1 target_footprint_: 17933342 GetBytesAllocated: 12089863 HeapGrowthMultiplier: 3
12-21 13:33:59.282  3309  3509 I com.miui.home: CheckGCForNative gc_urgency 0.548623 current_native_bytes is 165476803
12-21 13:33:59.437 13476 13476 I wm_on_paused_called: [0,69952869,com.sina.weibo.SplashActivity,performPause,6]
12-21 13:33:59.473 13476 13476 I wm_on_stop_called: [0,69952869,com.sina.weibo.SplashActivity,STOP_ACTIVITY_ITEM,15]
12-21 13:33:59.506 13841 13841 I wm_on_application_create_called: [0,com.UCMobile,367]
12-21 13:33:59.629  3309  3309 I wm_on_resume_called: [0,19529089,com.miui.home.launcher.Launcher,RESUME_ACTIVITY,4]
12-21 13:33:59.639  3309  3309 I wm_on_idle_called: com.miui.home.launcher.Launcher
12-21 13:33:59.847  3309 13291 I com.miui.home: CheckGCForNative adj_start_bytes: 33549127 NativeAllocationGcWatermark: 10630275 java_gc_start_bytes: 17603715 kNewNativeDiscountFactor: 2 kOldNativeDiscountFactor: 65536 old_native_bytes: 152849527 new_native_bytes: 23041948 add_bytes_allowed: 31890825 is_gc_concurrent: 1 target_footprint_: 17933342 GetBytesAllocated: 13049878 HeapGrowthMultiplier: 3
12-21 13:33:59.847  3309 13291 I com.miui.home: CheckGCForNative gc_urgency 0.732454 current_native_bytes is 175891475
12-21 13:33:59.847  3309 13291 I com.miui.home: CheckGCForNative adj_start_bytes: 33549127 NativeAllocationGcWatermark: 10630275 java_gc_start_bytes: 17603715 kNewNativeDiscountFactor: 2 kOldNativeDiscountFactor: 65536 old_native_bytes: 152849527 new_native_bytes: 33750364 add_bytes_allowed: 31890825 is_gc_concurrent: 1 target_footprint_: 17933342 GetBytesAllocated: 13055175 HeapGrowthMultiplier: 3
12-21 13:33:59.847  3309 13291 I com.miui.home: CheckGCForNative gc_urgency 0.892205 current_native_bytes is 186599891
12-21 13:33:59.852  3309 13291 I com.miui.home: CheckGCForNative adj_start_bytes: 33549127 NativeAllocationGcWatermark: 10630275 java_gc_start_bytes: 17603715 kNewNativeDiscountFactor: 2 kOldNativeDiscountFactor: 65536 old_native_bytes: 152849527 new_native_bytes: 33752860 add_bytes_allowed: 31890825 is_gc_concurrent: 1 target_footprint_: 17933342 GetBytesAllocated: 13092154 HeapGrowthMultiplier: 3
12-21 13:33:59.852  3309 13291 I com.miui.home: CheckGCForNative gc_urgency 0.893344 current_native_bytes is 186602387
12-21 13:33:59.852 13841 13841 I wm_on_create_called: [0,166263927,com.UCMobile.main.UCMobile,performCreate,296]
12-21 13:33:59.954  3309  3309 I wm_on_top_resumed_gained_called: [19529089,com.miui.home.launcher.Launcher,topStateChangedWhenResumed]
12-21 13:34:00.027  3309  3509 I com.miui.home: CheckGCForNative adj_start_bytes: 33549127 NativeAllocationGcWatermark: 10630275 java_gc_start_bytes: 17603715 kNewNativeDiscountFactor: 2 kOldNativeDiscountFactor: 65536 old_native_bytes: 152849527 new_native_bytes: 23207324 add_bytes_allowed: 31890825 is_gc_concurrent: 1 target_footprint_: 17933342 GetBytesAllocated: 13246625 HeapGrowthMultiplier: 3
12-21 13:34:00.027  3309  3509 I com.miui.home: CheckGCForNative gc_urgency 0.740783 current_native_bytes is 176056851
12-21 13:34:00.055 13877 13877 I wm_on_application_create_called: [0,com.android.settings,501]
12-21 13:34:00.102 13841 13841 I wm_on_create_called: [0,207105417,com.uc.browser.InnerUCMobile,performCreate,133]
12-21 13:34:00.141  3309  3649 I com.miui.home: CheckGCForNative adj_start_bytes: 33549127 NativeAllocationGcWatermark: 10630275 java_gc_start_bytes: 17603715 kNewNativeDiscountFactor: 2 kOldNativeDiscountFactor: 65536 old_native_bytes: 152849527 new_native_bytes: 23322904 add_bytes_allowed: 31890825 is_gc_concurrent: 1 target_footprint_: 17933342 GetBytesAllocated: 13736314 HeapGrowthMultiplier: 3
12-21 13:34:00.142  3309  3649 I com.miui.home: CheckGCForNative gc_urgency 0.757102 current_native_bytes is 176172431
12-21 13:34:00.184  3309  3649 I com.miui.home: CheckGCForNative adj_start_bytes: 33549127 NativeAllocationGcWatermark: 10630275 java_gc_start_bytes: 17603715 kNewNativeDiscountFactor: 2 kOldNativeDiscountFactor: 65536 old_native_bytes: 152849527 new_native_bytes: 34107664 add_bytes_allowed: 31890825 is_gc_concurrent: 1 target_footprint_: 17933342 GetBytesAllocated: 13921094 HeapGrowthMultiplier: 3
12-21 13:34:00.184  3309  3649 I com.miui.home: CheckGCForNative gc_urgency 0.92334 current_native_bytes is 186957191
12-21 13:34:00.202 13841 13841 I wm_on_start_called: [0,207105417,com.uc.browser.InnerUCMobile,handleStartActivity,100]
12-21 13:34:00.230 13841 13841 I wm_on_resume_called: [0,207105417,com.uc.browser.InnerUCMobile,RESUME_ACTIVITY,19]
12-21 13:34:00.282  3309  3509 I com.miui.home: CheckGCForNative adj_start_bytes: 33549127 NativeAllocationGcWatermark: 10630275 java_gc_start_bytes: 17603715 kNewNativeDiscountFactor: 2 kOldNativeDiscountFactor: 65536 old_native_bytes: 152849527 new_native_bytes: 23514128 add_bytes_allowed: 31890825 is_gc_concurrent: 1 target_footprint_: 17933342 GetBytesAllocated: 14327644 HeapGrowthMultiplier: 3
12-21 13:34:00.282  3309  3509 I com.miui.home: CheckGCForNative gc_urgency 0.777577 current_native_bytes is 176363655
12-21 13:34:00.443 13841 13841 I wm_on_destroy_called: [0,166263927,com.UCMobile.main.UCMobile,performDestroy,0]
12-21 13:34:00.541 13841 13841 I wm_on_paused_called: [0,207105417,com.uc.browser.InnerUCMobile,performPause,1]
12-21 13:34:00.565  3309  3309 I wm_on_top_resumed_lost_called: [19529089,com.miui.home.launcher.Launcher,topStateChangedWhenResumed]
12-21 13:34:00.604  3309  3309 I wm_on_paused_called: [0,19529089,com.miui.home.launcher.Launcher,performPause,0]
12-21 13:34:00.627  3309  3465 I com.miui.home: CheckGCForNative adj_start_bytes: 33549127 NativeAllocationGcWatermark: 10630275 java_gc_start_bytes: 17603715 kNewNativeDiscountFactor: 2 kOldNativeDiscountFactor: 65536 old_native_bytes: 152849527 new_native_bytes: 24169628 add_bytes_allowed: 31890825 is_gc_concurrent: 1 target_footprint_: 17933342 GetBytesAllocated: 14944258 HeapGrowthMultiplier: 3
12-21 13:34:00.627  3309  3465 I com.miui.home: CheckGCForNative gc_urgency 0.805726 current_native_bytes is 177019155
12-21 13:34:00.665  3309  3309 I com.miui.home: CheckGCForNative adj_start_bytes: 33549127 NativeAllocationGcWatermark: 10630275 java_gc_start_bytes: 17603715 kNewNativeDiscountFactor: 2 kOldNativeDiscountFactor: 65536 old_native_bytes: 152849527 new_native_bytes: 24597356 add_bytes_allowed: 31890825 is_gc_concurrent: 1 target_footprint_: 17933342 GetBytesAllocated: 15056067 HeapGrowthMultiplier: 3
12-21 13:34:00.665  3309  3309 I com.miui.home: CheckGCForNative gc_urgency 0.815433 current_native_bytes is 177446883
12-21 13:34:00.863 13476 13476 I wm_on_destroy_called: [0,69952869,com.sina.weibo.SplashActivity,performDestroy,72]
12-21 13:34:00.960  3309  3509 I com.miui.home: CheckGCForNative adj_start_bytes: 33549127 NativeAllocationGcWatermark: 10630275 java_gc_start_bytes: 17603715 kNewNativeDiscountFactor: 2 kOldNativeDiscountFactor: 65536 old_native_bytes: 152849527 new_native_bytes: 24993596 add_bytes_allowed: 31890825 is_gc_concurrent: 1 target_footprint_: 17933342 GetBytesAllocated: 15574154 HeapGrowthMultiplier: 3
12-21 13:34:00.960  3309  3509 I com.miui.home: CheckGCForNative gc_urgency 0.836781 current_native_bytes is 177843123
12-21 13:34:01.094  3309  3649 I com.miui.home: CheckGCForNative adj_start_bytes: 33549127 NativeAllocationGcWatermark: 10630275 java_gc_start_bytes: 17603715 kNewNativeDiscountFactor: 2 kOldNativeDiscountFactor: 65536 old_native_bytes: 152849527 new_native_bytes: 35996208 add_bytes_allowed: 31890825 is_gc_concurrent: 1 target_footprint_: 17933342 GetBytesAllocated: 16014868 HeapGrowthMultiplier: 3
12-21 13:34:01.094  3309  3649 I com.miui.home: CheckGCForNative gc_urgency 1.0139 current_native_bytes is 188845735
12-21 13:34:01.094  3309  3649 I com.miui.home: CheckGCForNative requested 1
12-21 13:34:01.160  3309  3509 I com.miui.home: CheckGCForNative adj_start_bytes: 33549127 NativeAllocationGcWatermark: 10630275 java_gc_start_bytes: 17603715 kNewNativeDiscountFactor: 2 kOldNativeDiscountFactor: 65536 old_native_bytes: 152849527 new_native_bytes: 25276912 add_bytes_allowed: 31890825 is_gc_concurrent: 1 target_footprint_: 17933342 GetBytesAllocated: 16201199 HeapGrowthMultiplier: 3
12-21 13:34:01.160  3309  3509 I com.miui.home: CheckGCForNative gc_urgency 0.859694 current_native_bytes is 178126439
12-21 13:34:01.215  3309  3649 I com.miui.home: CheckGCForNative adj_start_bytes: 33549127 NativeAllocationGcWatermark: 10630275 java_gc_start_bytes: 17603715 kNewNativeDiscountFactor: 2 kOldNativeDiscountFactor: 65536 old_native_bytes: 152849527 new_native_bytes: 25529892 add_bytes_allowed: 31890825 is_gc_concurrent: 1 target_footprint_: 17933342 GetBytesAllocated: 16516642 HeapGrowthMultiplier: 3
12-21 13:34:01.215  3309  3649 I com.miui.home: CheckGCForNative gc_urgency 0.872867 current_native_bytes is 178379419
12-21 13:34:01.294  3309  3354 I com.miui.home: NativeAlloc concurrent copying GC freed 149163(6963KB) AllocSpace objects, 16(496KB) LOS objects, 50% free, 8865KB/17MB, paused 250us,83us total 199.322ms
12-21 13:34:01.731 14231 14231 I wm_on_create_called: [0,29998658,com.tencent.mtt.SplashActivity,performCreate,68]
12-21 13:34:01.845  3309  3309 I wm_on_resume_called: [0,19529089,com.miui.home.launcher.Launcher,RESUME_ACTIVITY,3]
12-21 13:34:01.913  3309  3309 I wm_on_idle_called: com.miui.home.launcher.Launcher
12-21 13:34:01.937 14231 14231 I wm_on_create_called: [0,75150017,com.tencent.mtt.MainActivity,performCreate,114]
12-21 13:34:01.946 14231 14231 I wm_on_start_called: [0,75150017,com.tencent.mtt.MainActivity,handleStartActivity,8]
12-21 13:34:02.000  3309 13291 I com.miui.home: CheckGCForNative gc_urgency 0 current_native_bytes is 131745907
12-21 13:34:02.000  3309 13291 I com.miui.home: CheckGCForNative adj_start_bytes: 33619914 NativeAllocationGcWatermark: 10658217 java_gc_start_bytes: 17632589 kNewNativeDiscountFactor: 2 kOldNativeDiscountFactor: 65536 old_native_bytes: 131745907 new_native_bytes: 10706944 add_bytes_allowed: 31974651 is_gc_concurrent: 1 target_footprint_: 18156877 GetBytesAllocated: 10745863 HeapGrowthMultiplier: 3
12-21 13:34:02.000  3309 13291 I com.miui.home: CheckGCForNative gc_urgency 0.478923 current_native_bytes is 142452851
12-21 13:34:02.009  3309  7954 I com.miui.home: CheckGCForNative adj_start_bytes: 33619914 NativeAllocationGcWatermark: 10658217 java_gc_start_bytes: 17632589 kNewNativeDiscountFactor: 2 kOldNativeDiscountFactor: 65536 old_native_bytes: 131745907 new_native_bytes: 7936 add_bytes_allowed: 31974651 is_gc_concurrent: 1 target_footprint_: 18156877 GetBytesAllocated: 10772851 HeapGrowthMultiplier: 3
12-21 13:34:02.009  3309  7954 I com.miui.home: CheckGCForNative gc_urgency 0.320608 current_native_bytes is 131753843
12-21 13:34:02.070  3309  8621 I com.miui.home: CheckGCForNative adj_start_bytes: 33619914 NativeAllocationGcWatermark: 10658217 java_gc_start_bytes: 17632589 kNewNativeDiscountFactor: 2 kOldNativeDiscountFactor: 65536 old_native_bytes: 131745907 new_native_bytes: 10727936 add_bytes_allowed: 31974651 is_gc_concurrent: 1 target_footprint_: 18156877 GetBytesAllocated: 10842397 HeapGrowthMultiplier: 3
12-21 13:34:02.070  3309  8621 I com.miui.home: CheckGCForNative gc_urgency 0.482106 current_native_bytes is 142473843
12-21 13:34:02.206  3309  3649 I com.miui.home: CheckGCForNative adj_start_bytes: 33619914 NativeAllocationGcWatermark: 10658217 java_gc_start_bytes: 17632589 kNewNativeDiscountFactor: 2 kOldNativeDiscountFactor: 65536 old_native_bytes: 131745907 new_native_bytes: 912984 add_bytes_allowed: 31974651 is_gc_concurrent: 1 target_footprint_: 18156877 GetBytesAllocated: 11321839 HeapGrowthMultiplier: 3
12-21 13:34:02.206  3309  3649 I com.miui.home: CheckGCForNative gc_urgency 0.350398 current_native_bytes is 132658891
12-21 13:34:02.230  3309  3649 I com.miui.home: CheckGCForNative adj_start_bytes: 33619914 NativeAllocationGcWatermark: 10658217 java_gc_start_bytes: 17632589 kNewNativeDiscountFactor: 2 kOldNativeDiscountFactor: 65536 old_native_bytes: 131745907 new_native_bytes: 11707220 add_bytes_allowed: 31974651 is_gc_concurrent: 1 target_footprint_: 18156877 GetBytesAllocated: 11480447 HeapGrowthMultiplier: 3
12-21 13:34:02.231  3309  3649 I com.miui.home: CheckGCForNative gc_urgency 0.515649 current_native_bytes is 143453127
12-21 13:34:02.271  3309  3509 I com.miui.home: CheckGCForNative adj_start_bytes: 33619914 NativeAllocationGcWatermark: 10658217 java_gc_start_bytes: 17632589 kNewNativeDiscountFactor: 2 kOldNativeDiscountFactor: 65536 old_native_bytes: 131745907 new_native_bytes: 1007060 add_bytes_allowed: 31974651 is_gc_concurrent: 1 target_footprint_: 18156877 GetBytesAllocated: 11542518 HeapGrowthMultiplier: 3
12-21 13:34:02.271  3309  3509 I com.miui.home: CheckGCForNative gc_urgency 0.358361 current_native_bytes is 132752967
12-21 13:34:02.343  3309  3309 I wm_on_top_resumed_gained_called: [19529089,com.miui.home.launcher.Launcher,topStateChangedWhenResumed]
12-21 13:34:02.490  3309  3508 I com.miui.home: CheckGCForNative adj_start_bytes: 33619914 NativeAllocationGcWatermark: 10658217 java_gc_start_bytes: 17632589 kNewNativeDiscountFactor: 2 kOldNativeDiscountFactor: 65536 old_native_bytes: 131745907 new_native_bytes: 11878312 add_bytes_allowed: 31974651 is_gc_concurrent: 1 target_footprint_: 18156877 GetBytesAllocated: 12191890 HeapGrowthMultiplier: 3
12-21 13:34:02.490  3309  3508 I com.miui.home: CheckGCForNative gc_urgency 0.539355 current_native_bytes is 143624219
12-21 13:34:02.491  3309  3508 I com.miui.home: CheckGCForNative adj_start_bytes: 33619914 NativeAllocationGcWatermark: 10658217 java_gc_start_bytes: 17632589 kNewNativeDiscountFactor: 2 kOldNativeDiscountFactor: 65536 old_native_bytes: 131745907 new_native_bytes: 22585256 add_bytes_allowed: 31974651 is_gc_concurrent: 1 target_footprint_: 18156877 GetBytesAllocated: 12196824 HeapGrowthMultiplier: 3
12-21 13:34:02.491  3309  3508 I com.miui.home: CheckGCForNative gc_urgency 0.698737 current_native_bytes is 154331163
12-21 13:34:02.492  3309  8621 I com.miui.home: CheckGCForNative adj_start_bytes: 33619914 NativeAllocationGcWatermark: 10658217 java_gc_start_bytes: 17632589 kNewNativeDiscountFactor: 2 kOldNativeDiscountFactor: 65536 old_native_bytes: 131745907 new_native_bytes: 22585768 add_bytes_allowed: 31974651 is_gc_concurrent: 1 target_footprint_: 18156877 GetBytesAllocated: 12196824 HeapGrowthMultiplier: 3
12-21 13:34:02.492  3309  8621 I com.miui.home: CheckGCForNative gc_urgency 0.698744 current_native_bytes is 154331675
12-21 13:34:02.701 14231 14231 I wm_on_resume_called: [0,75150017,com.tencent.mtt.MainActivity,RESUME_ACTIVITY,752]
12-21 13:34:02.709  3309  3309 I wm_on_top_resumed_lost_called: [19529089,com.miui.home.launcher.Launcher,topStateChangedWhenResumed]
12-21 13:34:02.719 14231 14231 I wm_on_top_resumed_gained_called: [75150017,com.tencent.mtt.MainActivity,topStateChangedWhenResumed]
12-21 13:34:02.720 14231 14231 I wm_on_top_resumed_lost_called: [75150017,com.tencent.mtt.MainActivity,topStateChangedWhenResumed]
12-21 13:34:02.881 14231 14231 I wm_on_paused_called: [0,75150017,com.tencent.mtt.MainActivity,performPause,1]
12-21 13:34:02.887  3309  3309 I wm_on_paused_called: [0,19529089,com.miui.home.launcher.Launcher,performPause,1]
12-21 13:34:02.897 14231 14231 I wm_on_destroy_called: [0,29998658,com.tencent.mtt.SplashActivity,performDestroy,1]
12-21 13:34:02.906  3309  3483 I com.miui.home: CheckGCForNative adj_start_bytes: 33619914 NativeAllocationGcWatermark: 10658217 java_gc_start_bytes: 17632589 kNewNativeDiscountFactor: 2 kOldNativeDiscountFactor: 65536 old_native_bytes: 131745907 new_native_bytes: 12115024 add_bytes_allowed: 31974651 is_gc_concurrent: 1 target_footprint_: 18156877 GetBytesAllocated: 12893258 HeapGrowthMultiplier: 3
12-21 13:34:02.906  3309  3483 I com.miui.home: CheckGCForNative gc_urgency 0.563737 current_native_bytes is 143860931
12-21 13:34:03.062  3309  3649 I com.miui.home: CheckGCForNative adj_start_bytes: 33619914 NativeAllocationGcWatermark: 10658217 java_gc_start_bytes: 17632589 kNewNativeDiscountFactor: 2 kOldNativeDiscountFactor: 65536 old_native_bytes: 131745907 new_native_bytes: 23394412 add_bytes_allowed: 31974651 is_gc_concurrent: 1 target_footprint_: 18156877 GetBytesAllocated: 13518404 HeapGrowthMultiplier: 3
12-21 13:34:03.062  3309  3649 I com.miui.home: CheckGCForNative gc_urgency 0.75008 current_native_bytes is 155140319
12-21 13:34:03.127  3309  3509 I com.miui.home: CheckGCForNative adj_start_bytes: 33619914 NativeAllocationGcWatermark: 10658217 java_gc_start_bytes: 17632589 kNewNativeDiscountFactor: 2 kOldNativeDiscountFactor: 65536 old_native_bytes: 131745907 new_native_bytes: 12710252 add_bytes_allowed: 31974651 is_gc_concurrent: 1 target_footprint_: 18156877 GetBytesAllocated: 13707841 HeapGrowthMultiplier: 3
12-21 13:34:03.127  3309  3509 I com.miui.home: CheckGCForNative gc_urgency 0.596818 current_native_bytes is 144456159
12-21 13:34:03.160  3309  3509 I com.miui.home: CheckGCForNative adj_start_bytes: 33619914 NativeAllocationGcWatermark: 10658217 java_gc_start_bytes: 17632589 kNewNativeDiscountFactor: 2 kOldNativeDiscountFactor: 65536 old_native_bytes: 131745907 new_native_bytes: 12727660 add_bytes_allowed: 31974651 is_gc_concurrent: 1 target_footprint_: 18156877 GetBytesAllocated: 13787775 HeapGrowthMultiplier: 3
12-21 13:34:03.160  3309  3509 I com.miui.home: CheckGCForNative gc_urgency 0.599455 current_native_bytes is 144473567
12-21 13:34:03.345 14231 14231 I wm_on_stop_called: [0,75150017,com.tencent.mtt.MainActivity,STOP_ACTIVITY_ITEM,329]
12-21 13:34:03.427  3309  3509 I com.miui.home: CheckGCForNative adj_start_bytes: 33619914 NativeAllocationGcWatermark: 10658217 java_gc_start_bytes: 17632589 kNewNativeDiscountFactor: 2 kOldNativeDiscountFactor: 65536 old_native_bytes: 131745907 new_native_bytes: 13083616 add_bytes_allowed: 31974651 is_gc_concurrent: 1 target_footprint_: 18156877 GetBytesAllocated: 14496003 HeapGrowthMultiplier: 3
12-21 13:34:03.427  3309  3509 I com.miui.home: CheckGCForNative gc_urgency 0.625814 current_native_bytes is 144829523
12-21 13:34:03.805 14539 14539 I wm_on_application_create_called: [0,com.youku.phone,216]
12-21 13:34:03.895 14539 14539 I wm_on_create_called: [0,40410841,com.youku.phone.ActivityWelcome,performCreate,61]
12-21 13:34:03.975 14539 14539 I wm_on_start_called: [0,40410841,com.youku.phone.ActivityWelcome,handleStartActivity,2]
12-21 13:34:04.002 14539 14539 I wm_on_resume_called: [0,40410841,com.youku.phone.ActivityWelcome,RESUME_ACTIVITY,25]
12-21 13:34:04.081 14539 14539 I wm_on_top_resumed_gained_called: [40410841,com.youku.phone.ActivityWelcome,topStateChangedWhenResumed]
12-21 13:34:04.094 14539 14539 I wm_on_top_resumed_lost_called: [40410841,com.youku.phone.ActivityWelcome,topStateChangedWhenResumed]
12-21 13:34:04.097 14539 14539 I wm_on_paused_called: [0,40410841,com.youku.phone.ActivityWelcome,performPause,3]
12-21 13:34:04.123  3309  3309 I wm_on_stop_called: [0,19529089,com.miui.home.launcher.Launcher,STOP_ACTIVITY_ITEM,8]
12-21 13:34:04.228  3309  3309 I wm_on_restart_called: [0,19529089,com.miui.home.launcher.Launcher,,0]
12-21 13:34:04.229  3309  3309 I wm_on_start_called: [0,19529089,com.miui.home.launcher.Launcher,handleStartActivity,0]
12-21 13:34:04.232  3309  3309 I wm_on_resume_called: [0,19529089,com.miui.home.launcher.Launcher,RESUME_ACTIVITY,3]
12-21 13:34:04.281  3309  3309 I wm_on_idle_called: com.miui.home.launcher.Launcher
12-21 13:34:04.424  3309  8621 I com.miui.home: CheckGCForNative adj_start_bytes: 33619914 NativeAllocationGcWatermark: 10658217 java_gc_start_bytes: 17632589 kNewNativeDiscountFactor: 2 kOldNativeDiscountFactor: 65536 old_native_bytes: 131745907 new_native_bytes: 24353652 add_bytes_allowed: 31974651 is_gc_concurrent: 1 target_footprint_: 18156877 GetBytesAllocated: 17047501 HeapGrowthMultiplier: 3
12-21 13:34:04.425  3309  8621 I com.miui.home: CheckGCForNative gc_urgency 0.869316 current_native_bytes is 156099559
12-21 13:34:04.425  3309  8621 I com.miui.home: CheckGCForNative adj_start_bytes: 33619914 NativeAllocationGcWatermark: 10658217 java_gc_start_bytes: 17632589 kNewNativeDiscountFactor: 2 kOldNativeDiscountFactor: 65536 old_native_bytes: 131745907 new_native_bytes: 35060596 add_bytes_allowed: 31974651 is_gc_concurrent: 1 target_footprint_: 18156877 GetBytesAllocated: 17047709 HeapGrowthMultiplier: 3
12-21 13:34:04.425  3309  8621 I com.miui.home: CheckGCForNative gc_urgency 1.02856 current_native_bytes is 166806503
12-21 13:34:04.425  3309  8621 I com.miui.home: CheckGCForNative requested 1
12-21 13:34:04.432  3309  7954 I com.miui.home: CheckGCForNative adj_start_bytes: 33619914 NativeAllocationGcWatermark: 10658217 java_gc_start_bytes: 17632589 kNewNativeDiscountFactor: 2 kOldNativeDiscountFactor: 65536 old_native_bytes: 131745907 new_native_bytes: 24388164 add_bytes_allowed: 31974651 is_gc_concurrent: 1 target_footprint_: 18156877 GetBytesAllocated: 17072904 HeapGrowthMultiplier: 3
12-21 13:34:04.432  3309  7954 I com.miui.home: CheckGCForNative gc_urgency 0.870585 current_native_bytes is 156134071
12-21 13:34:04.446  3309  3649 I com.miui.home: CheckGCForNative adj_start_bytes: 33619914 NativeAllocationGcWatermark: 10658217 java_gc_start_bytes: 17632589 kNewNativeDiscountFactor: 2 kOldNativeDiscountFactor: 65536 old_native_bytes: 131745907 new_native_bytes: 35099812 add_bytes_allowed: 31974651 is_gc_concurrent: 1 target_footprint_: 18156877 GetBytesAllocated: 17081815 HeapGrowthMultiplier: 3
12-21 13:34:04.446  3309  3649 I com.miui.home: CheckGCForNative gc_urgency 1.03016 current_native_bytes is 166845719
12-21 13:34:04.446  3309  3649 I com.miui.home: CheckGCForNative requested 1
12-21 13:34:04.449  3309  3509 I com.miui.home: CheckGCForNative adj_start_bytes: 33619914 NativeAllocationGcWatermark: 10658217 java_gc_start_bytes: 17632589 kNewNativeDiscountFactor: 2 kOldNativeDiscountFactor: 65536 old_native_bytes: 131745907 new_native_bytes: 24393892 add_bytes_allowed: 31974651 is_gc_concurrent: 1 target_footprint_: 18156877 GetBytesAllocated: 17082007 HeapGrowthMultiplier: 3
12-21 13:34:04.449  3309  3509 I com.miui.home: CheckGCForNative gc_urgency 0.870941 current_native_bytes is 156139799
12-21 13:34:04.451 14539 14539 I wm_on_create_called: [0,190735560,com.youku.v2.HomePageEntry,performCreate,281]
12-21 13:34:04.461  3309  9740 I com.miui.home: CheckGCForNative adj_start_bytes: 33619914 NativeAllocationGcWatermark: 10658217 java_gc_start_bytes: 17632589 kNewNativeDiscountFactor: 2 kOldNativeDiscountFactor: 65536 old_native_bytes: 131745907 new_native_bytes: 35109316 add_bytes_allowed: 31974651 is_gc_concurrent: 1 target_footprint_: 18156877 GetBytesAllocated: 17145953 HeapGrowthMultiplier: 3
12-21 13:34:04.461  3309  9740 I com.miui.home: CheckGCForNative gc_urgency 1.0322 current_native_bytes is 166855223
12-21 13:34:04.461  3309  9740 I com.miui.home: CheckGCForNative requested 1
12-21 13:34:04.491 14539 14539 I wm_on_start_called: [0,190735560,com.youku.v2.HomePageEntry,handleStartActivity,39]
12-21 13:34:04.507 14539 14539 I wm_on_resume_called: [0,190735560,com.youku.v2.HomePageEntry,RESUME_ACTIVITY,13]
12-21 13:34:04.525 14539 14539 I wm_on_top_resumed_gained_called: [190735560,com.youku.v2.HomePageEntry,topStateChangedWhenResumed]
12-21 13:34:04.639  3309  3649 I com.miui.home: CheckGCForNative adj_start_bytes: 33619914 NativeAllocationGcWatermark: 10658217 java_gc_start_bytes: 17632589 kNewNativeDiscountFactor: 2 kOldNativeDiscountFactor: 65536 old_native_bytes: 131745907 new_native_bytes: 35429640 add_bytes_allowed: 31974651 is_gc_concurrent: 1 target_footprint_: 18156877 GetBytesAllocated: 17804861 HeapGrowthMultiplier: 3
12-21 13:34:04.639  3309  3649 I com.miui.home: CheckGCForNative gc_urgency 1.05657 current_native_bytes is 167175547
12-21 13:34:04.639  3309  3649 I com.miui.home: CheckGCForNative requested 1
12-21 13:34:04.656  3309  3354 I com.miui.home: NativeAlloc concurrent copying GC freed 165633(7597KB) AllocSpace objects, 26(680KB) LOS objects, 49% free, 9110KB/17MB, paused 211us,120us total 230.144ms
12-21 13:34:04.705  3309  3509 I com.miui.home: CheckGCForNative gc_urgency 0 current_native_bytes is 121157323
12-21 13:34:04.723  3309  3309 I wm_on_top_resumed_gained_called: [19529089,com.miui.home.launcher.Launcher,topStateChangedWhenResumed]
12-21 13:34:04.914  3309  3508 I com.miui.home: CheckGCForNative adj_start_bytes: 34215039 NativeAllocationGcWatermark: 10720862 java_gc_start_bytes: 18133746 kNewNativeDiscountFactor: 2 kOldNativeDiscountFactor: 65536 old_native_bytes: 121157323 new_native_bytes: 10713184 add_bytes_allowed: 32162586 is_gc_concurrent: 1 target_footprint_: 18658034 GetBytesAllocated: 9523353 HeapGrowthMultiplier: 3
12-21 13:34:04.914  3309  3508 I com.miui.home: CheckGCForNative gc_urgency 0.434949 current_native_bytes is 131870507
12-21 13:34:04.917  3309  3508 I com.miui.home: CheckGCForNative adj_start_bytes: 34215039 NativeAllocationGcWatermark: 10720862 java_gc_start_bytes: 18133746 kNewNativeDiscountFactor: 2 kOldNativeDiscountFactor: 65536 old_native_bytes: 121157323 new_native_bytes: 21420448 add_bytes_allowed: 32162586 is_gc_concurrent: 1 target_footprint_: 18658034 GetBytesAllocated: 9523545 HeapGrowthMultiplier: 3
12-21 13:34:04.917  3309  3508 I com.miui.home: CheckGCForNative gc_urgency 0.591425 current_native_bytes is 142577771
12-21 13:34:04.920  3309  9762 I com.miui.home: CheckGCForNative adj_start_bytes: 34215039 NativeAllocationGcWatermark: 10720862 java_gc_start_bytes: 18133746 kNewNativeDiscountFactor: 2 kOldNativeDiscountFactor: 65536 old_native_bytes: 121157323 new_native_bytes: 21420448 add_bytes_allowed: 32162586 is_gc_concurrent: 1 target_footprint_: 18658034 GetBytesAllocated: 9539929 HeapGrowthMultiplier: 3
12-21 13:34:04.923  3309  9762 I com.miui.home: CheckGCForNative gc_urgency 0.591903 current_native_bytes is 142577771
12-21 13:34:05.118 14539 14539 I wm_on_top_resumed_lost_called: [190735560,com.youku.v2.HomePageEntry,topStateChangedWhenResumed]
12-21 13:34:05.122  3309  3309 I wm_on_top_resumed_lost_called: [19529089,com.miui.home.launcher.Launcher,topStateChangedWhenResumed]
12-21 13:34:05.316  3309  3649 I com.miui.home: CheckGCForNative adj_start_bytes: 34215039 NativeAllocationGcWatermark: 10720862 java_gc_start_bytes: 18133746 kNewNativeDiscountFactor: 2 kOldNativeDiscountFactor: 65536 old_native_bytes: 121157323 new_native_bytes: 21723988 add_bytes_allowed: 32162586 is_gc_concurrent: 1 target_footprint_: 18658034 GetBytesAllocated: 10592149 HeapGrowthMultiplier: 3
12-21 13:34:05.316  3309  3649 I com.miui.home: CheckGCForNative gc_urgency 0.627092 current_native_bytes is 142881311
12-21 13:34:05.337  3309  3649 I com.miui.home: CheckGCForNative adj_start_bytes: 34215039 NativeAllocationGcWatermark: 10720862 java_gc_start_bytes: 18133746 kNewNativeDiscountFactor: 2 kOldNativeDiscountFactor: 65536 old_native_bytes: 121157323 new_native_bytes: 11069204 add_bytes_allowed: 32162586 is_gc_concurrent: 1 target_footprint_: 18658034 GetBytesAllocated: 10840001 HeapGrowthMultiplier: 3
12-21 13:34:05.337  3309  3649 I com.miui.home: CheckGCForNative gc_urgency 0.478633 current_native_bytes is 132226527
12-21 13:34:05.374  3309  3649 I com.miui.home: CheckGCForNative adj_start_bytes: 34215039 NativeAllocationGcWatermark: 10720862 java_gc_start_bytes: 18133746 kNewNativeDiscountFactor: 2 kOldNativeDiscountFactor: 65536 old_native_bytes: 121157323 new_native_bytes: 11443816 add_bytes_allowed: 32162586 is_gc_concurrent: 1 target_footprint_: 18658034 GetBytesAllocated: 11096897 HeapGrowthMultiplier: 3
12-21 13:34:05.374  3309  3649 I com.miui.home: CheckGCForNative gc_urgency 0.491616 current_native_bytes is 132601139
12-21 13:34:05.383 14539 14539 I wm_on_paused_called: [0,190735560,com.youku.v2.HomePageEntry,performPause,18]
12-21 13:34:05.391  3309  3309 I wm_on_paused_called: [0,19529089,com.miui.home.launcher.Launcher,performPause,1]
12-21 13:34:05.432 14539 14539 I wm_on_stop_called: [0,40410841,com.youku.phone.ActivityWelcome,STOP_ACTIVITY_ITEM,26]
12-21 13:34:05.623 14539 14539 I wm_on_stop_called: [0,190735560,com.youku.v2.HomePageEntry,STOP_ACTIVITY_ITEM,64]
12-21 13:34:05.673 14539 14539 I wm_on_destroy_called: [0,40410841,com.youku.phone.ActivityWelcome,performDestroy,7]
12-21 13:34:06.052 14949 14949 I wm_on_create_called: [0,167379081,com.android.packageinstaller.permission.ui.GrantPermissionsActivity,performCreate,324]
12-21 13:34:06.060 14949 14949 I wm_on_start_called: [0,167379081,com.android.packageinstaller.permission.ui.GrantPermissionsActivity,handleStartActivity,4]
12-21 13:34:06.068 14949 14949 I wm_on_resume_called: [0,167379081,com.android.packageinstaller.permission.ui.GrantPermissionsActivity,RESUME_ACTIVITY,6]
12-21 13:34:06.075 14949 14949 I wm_on_top_resumed_gained_called: [167379081,com.android.packageinstaller.permission.ui.GrantPermissionsActivity,topStateChangedWhenResumed]
12-21 13:34:06.295 14949 14949 I wm_on_idle_called: com.android.packageinstaller.permission.ui.GrantPermissionsActivity
12-21 13:34:06.349  3309  3509 I com.miui.home: CheckGCForNative adj_start_bytes: 34215039 NativeAllocationGcWatermark: 10720862 java_gc_start_bytes: 18133746 kNewNativeDiscountFactor: 2 kOldNativeDiscountFactor: 65536 old_native_bytes: 121157323 new_native_bytes: 12155512 add_bytes_allowed: 32162586 is_gc_concurrent: 1 target_footprint_: 18658034 GetBytesAllocated: 12692827 HeapGrowthMultiplier: 3
12-21 13:34:06.349  3309  3509 I com.miui.home: CheckGCForNative gc_urgency 0.54866 current_native_bytes is 133312835
12-21 13:34:06.439 14966 14966 I wm_on_application_create_called: [0,com.quark.browser,201]
12-21 13:34:06.673 14966 14966 I wm_on_create_called: [0,165731936,com.ucpro.MainActivity,performCreate,115]
12-21 13:34:06.705  3309  3509 I com.miui.home: CheckGCForNative adj_start_bytes: 34215039 NativeAllocationGcWatermark: 10720862 java_gc_start_bytes: 18133746 kNewNativeDiscountFactor: 2 kOldNativeDiscountFactor: 65536 old_native_bytes: 121157323 new_native_bytes: 12192736 add_bytes_allowed: 32162586 is_gc_concurrent: 1 target_footprint_: 18658034 GetBytesAllocated: 12814116 HeapGrowthMultiplier: 3
12-21 13:34:06.705  3309  3509 I com.miui.home: CheckGCForNative gc_urgency 0.552749 current_native_bytes is 133350059
12-21 13:34:06.712 14949 14949 I wm_on_top_resumed_lost_called: [167379081,com.android.packageinstaller.permission.ui.GrantPermissionsActivity,topStateChangedWhenResumed]
12-21 13:34:06.724 14949 14949 I wm_on_paused_called: [0,167379081,com.android.packageinstaller.permission.ui.GrantPermissionsActivity,performPause,0]
12-21 13:34:06.775 14949 14949 I wm_on_create_called: [0,30977152,com.android.packageinstaller.permission.ui.GrantPermissionsActivity,performCreate,14]
12-21 13:34:06.819 14949 14949 I wm_on_resume_called: [0,167379081,com.android.packageinstaller.permission.ui.GrantPermissionsActivity,RESUME_ACTIVITY,1]
12-21 13:34:06.820 14949 14949 I wm_on_top_resumed_gained_called: [167379081,com.android.packageinstaller.permission.ui.GrantPermissionsActivity,topWhenResuming]
12-21 13:34:06.829 14949 14949 I wm_on_idle_called: com.android.packageinstaller.permission.ui.GrantPermissionsActivity
12-21 13:34:06.910 14949 14949 I wm_on_destroy_called: [0,30977152,com.android.packageinstaller.permission.ui.GrantPermissionsActivity,performDestroy,0]
12-21 13:34:06.910  3309  3309 I wm_on_stop_called: [0,19529089,com.miui.home.launcher.Launcher,STOP_ACTIVITY_ITEM,3]
12-21 13:34:07.128  3309  3649 I com.miui.home: CheckGCForNative adj_start_bytes: 34215039 NativeAllocationGcWatermark: 10720862 java_gc_start_bytes: 18133746 kNewNativeDiscountFactor: 2 kOldNativeDiscountFactor: 65536 old_native_bytes: 121157323 new_native_bytes: 12118732 add_bytes_allowed: 32162586 is_gc_concurrent: 1 target_footprint_: 18658034 GetBytesAllocated: 14159892 HeapGrowthMultiplier: 3
12-21 13:34:07.128  3309  3649 I com.miui.home: CheckGCForNative gc_urgency 0.591 current_native_bytes is 133276055
12-21 13:34:07.342 14966 14966 I wm_on_create_called: [0,170186057,com.ucpro.BrowserActivity,performCreate,596]
12-21 13:34:07.355 14966 14966 I wm_on_start_called: [0,170186057,com.ucpro.BrowserActivity,handleStartActivity,12]
12-21 13:34:07.366 14966 14966 I wm_on_resume_called: [0,170186057,com.ucpro.BrowserActivity,LIFECYCLER_RESUME_ACTIVITY,10]
12-21 13:34:07.443 14966 14966 I wm_on_paused_called: [0,170186057,com.ucpro.BrowserActivity,performPause,8]
12-21 13:34:07.445 14966 14966 I wm_on_destroy_called: [0,165731936,com.ucpro.MainActivity,performDestroy,1]
12-21 13:34:07.623 14949 14949 I wm_on_top_resumed_lost_called: [167379081,com.android.packageinstaller.permission.ui.GrantPermissionsActivity,topStateChangedWhenResumed]
12-21 13:34:07.630 14949 14949 I wm_on_paused_called: [0,167379081,com.android.packageinstaller.permission.ui.GrantPermissionsActivity,performPause,0]
12-21 13:34:07.905  3309  3649 I com.miui.home: CheckGCForNative adj_start_bytes: 34215039 NativeAllocationGcWatermark: 10720862 java_gc_start_bytes: 18133746 kNewNativeDiscountFactor: 2 kOldNativeDiscountFactor: 65536 old_native_bytes: 121157323 new_native_bytes: 12517852 add_bytes_allowed: 32162586 is_gc_concurrent: 1 target_footprint_: 18658034 GetBytesAllocated: 14797477 HeapGrowthMultiplier: 3
12-21 13:34:07.905  3309  3649 I com.miui.home: CheckGCForNative gc_urgency 0.615468 current_native_bytes is 133675175
12-21 13:34:08.015  3309  3309 I wm_on_restart_called: [0,19529089,com.miui.home.launcher.Launcher,,0]
12-21 13:34:08.016  3309  3309 I wm_on_start_called: [0,19529089,com.miui.home.launcher.Launcher,handleStartActivity,1]
12-21 13:34:08.019  3309  3309 I wm_on_resume_called: [0,19529089,com.miui.home.launcher.Launcher,RESUME_ACTIVITY,3]
12-21 13:34:08.111  3309  3309 I wm_on_idle_called: com.miui.home.launcher.Launcher
12-21 13:34:08.200  3309  9740 I com.miui.home: CheckGCForNative adj_start_bytes: 34215039 NativeAllocationGcWatermark: 10720862 java_gc_start_bytes: 18133746 kNewNativeDiscountFactor: 2 kOldNativeDiscountFactor: 65536 old_native_bytes: 121157323 new_native_bytes: 23779380 add_bytes_allowed: 32162586 is_gc_concurrent: 1 target_footprint_: 18658034 GetBytesAllocated: 16834029 HeapGrowthMultiplier: 3
12-21 13:34:08.200  3309  3380 I com.miui.home: CheckGCForNative adj_start_bytes: 34215039 NativeAllocationGcWatermark: 10720862 java_gc_start_bytes: 18133746 kNewNativeDiscountFactor: 2 kOldNativeDiscountFactor: 65536 old_native_bytes: 121157323 new_native_bytes: 34485300 add_bytes_allowed: 32162586 is_gc_concurrent: 1 target_footprint_: 18658034 GetBytesAllocated: 16834029 HeapGrowthMultiplier: 3
12-21 13:34:08.200  3309  3380 I com.miui.home: CheckGCForNative gc_urgency 0.99601 current_native_bytes is 155642623
12-21 13:34:08.201  3309  9740 I com.miui.home: CheckGCForNative gc_urgency 0.839565 current_native_bytes is 144936703
12-21 13:34:08.201  3309  3309 I com.miui.home: CheckGCForNative adj_start_bytes: 34215039 NativeAllocationGcWatermark: 10720862 java_gc_start_bytes: 18133746 kNewNativeDiscountFactor: 2 kOldNativeDiscountFactor: 65536 old_native_bytes: 121157323 new_native_bytes: 45192244 add_bytes_allowed: 32162586 is_gc_concurrent: 1 target_footprint_: 18658034 GetBytesAllocated: 16838412 HeapGrowthMultiplier: 3
12-21 13:34:08.201  3309  3309 I com.miui.home: CheckGCForNative gc_urgency 1.1526 current_native_bytes is 166349567
12-21 13:34:08.201  3309  3309 I com.miui.home: CheckGCForNative requested 1
12-21 13:34:08.327  3309  3509 I com.miui.home: CheckGCForNative adj_start_bytes: 34215039 NativeAllocationGcWatermark: 10720862 java_gc_start_bytes: 18133746 kNewNativeDiscountFactor: 2 kOldNativeDiscountFactor: 65536 old_native_bytes: 121157323 new_native_bytes: 23825060 add_bytes_allowed: 32162586 is_gc_concurrent: 1 target_footprint_: 18658034 GetBytesAllocated: 16910756 HeapGrowthMultiplier: 3
12-21 13:34:08.327  3309  3509 I com.miui.home: CheckGCForNative gc_urgency 0.84247 current_native_bytes is 144982383
12-21 13:34:08.335 14966 14966 I wm_on_resume_called: [0,170186057,com.ucpro.BrowserActivity,RESUME_ACTIVITY,19]
12-21 13:34:08.335 14966 14966 I wm_on_top_resumed_gained_called: [170186057,com.ucpro.BrowserActivity,topWhenResuming]
12-21 13:34:08.422  3309  3354 I com.miui.home: NativeAlloc concurrent copying GC freed 158868(7482KB) AllocSpace objects, 14(392KB) LOS objects, 49% free, 8744KB/17MB, paused 220us,77us total 220.667ms
12-21 13:34:08.425 14966 14966 I wm_on_top_resumed_lost_called: [170186057,com.ucpro.BrowserActivity,topStateChangedWhenResumed]
12-21 13:34:08.431  3309  3309 I wm_on_top_resumed_gained_called: [19529089,com.miui.home.launcher.Launcher,topStateChangedWhenResumed]
12-21 13:34:08.627  3309  3509 I com.miui.home: CheckGCForNative gc_urgency 0 current_native_bytes is 131924031
12-21 13:34:08.675  3309  7954 I com.miui.home: CheckGCForNative gc_urgency 0 current_native_bytes is 131923967
12-21 13:34:08.693  3309  3508 I com.miui.home: CheckGCForNative adj_start_bytes: 33669225 NativeAllocationGcWatermark: 10627127 java_gc_start_bytes: 17728535 kNewNativeDiscountFactor: 2 kOldNativeDiscountFactor: 65536 old_native_bytes: 131923967 new_native_bytes: 10697280 add_bytes_allowed: 31881381 is_gc_concurrent: 1 target_footprint_: 17908159 GetBytesAllocated: 9104549 HeapGrowthMultiplier: 3
12-21 13:34:08.693  3309  3508 I com.miui.home: CheckGCForNative gc_urgency 0.42933 current_native_bytes is 142621247
12-21 13:34:08.693  3309  3508 I com.miui.home: CheckGCForNative adj_start_bytes: 33669225 NativeAllocationGcWatermark: 10627127 java_gc_start_bytes: 17728535 kNewNativeDiscountFactor: 2 kOldNativeDiscountFactor: 65536 old_native_bytes: 131923967 new_native_bytes: 21404224 add_bytes_allowed: 31881381 is_gc_concurrent: 1 target_footprint_: 17908159 GetBytesAllocated: 9104741 HeapGrowthMultiplier: 3
12-21 13:34:08.693  3309  3508 I com.miui.home: CheckGCForNative gc_urgency 0.588337 current_native_bytes is 153328191
12-21 13:34:08.696  3309  8621 I com.miui.home: CheckGCForNative adj_start_bytes: 33669225 NativeAllocationGcWatermark: 10627127 java_gc_start_bytes: 17728535 kNewNativeDiscountFactor: 2 kOldNativeDiscountFactor: 65536 old_native_bytes: 131923967 new_native_bytes: 21405184 add_bytes_allowed: 31881381 is_gc_concurrent: 1 target_footprint_: 17908159 GetBytesAllocated: 9104741 HeapGrowthMultiplier: 3
12-21 13:34:08.696  3309  8621 I com.miui.home: CheckGCForNative gc_urgency 0.588352 current_native_bytes is 153329151
12-21 13:34:08.760 14949 14949 I wm_on_stop_called: [0,167379081,com.android.packageinstaller.permission.ui.GrantPermissionsActivity,LIFECYCLER_STOP_ACTIVITY,21]
12-21 13:34:08.767 14949 14949 I wm_on_destroy_called: [0,167379081,com.android.packageinstaller.permission.ui.GrantPermissionsActivity,performDestroy,1]
12-21 13:34:09.430  3309  3649 I com.miui.home: CheckGCForNative adj_start_bytes: 33669225 NativeAllocationGcWatermark: 10627127 java_gc_start_bytes: 17728535 kNewNativeDiscountFactor: 2 kOldNativeDiscountFactor: 65536 old_native_bytes: 131923967 new_native_bytes: 22373876 add_bytes_allowed: 31881381 is_gc_concurrent: 1 target_footprint_: 17908159 GetBytesAllocated: 9830766 HeapGrowthMultiplier: 3
12-21 13:34:09.431  3309  3649 I com.miui.home: CheckGCForNative gc_urgency 0.624301 current_native_bytes is 154297843
12-21 13:34:10.307 14966 14966 I wm_on_paused_called: [0,170186057,com.ucpro.BrowserActivity,performPause,33]
