12-19 20:06:45.282 10289 10289 I wm_on_create_called: [0,125933365,com.xunmeng.pinduoduo.ui.activity.HomeActivity,performCreate,195]
12-19 20:06:45.307 10289 10289 I wm_on_start_called: [0,125933365,com.xunmeng.pinduoduo.ui.activity.HomeActivity,handleStartActivity,25]
12-19 20:06:45.314 10289 10289 I wm_on_resume_called: [0,125933365,com.xunmeng.pinduoduo.ui.activity.HomeActivity,RESUME_ACTIVITY,4]
12-19 20:06:45.391  3313  3978 I com.miui.home: CheckGCForNative adj_start_bytes: 42846080 NativeAllocationGcWatermark: 11600746 java_gc_start_bytes: 25444961 kNewNativeDiscountFactor: 2 kOldNativeDiscountFactor: 65536 old_native_bytes: 130606063 new_native_bytes: 51831784 add_bytes_allowed: 34802238 is_gc_concurrent: 1 target_footprint_: 25697109 GetBytesAllocated: 13446218 HeapGrowthMultiplier: 3
12-19 20:06:45.392  3313  3978 I com.miui.home: CheckGCForNative gc_urgency 0.918733 current_native_bytes is 182437847
12-19 20:06:45.395  3313  3352 I com.miui.home: NativeAlloc concurrent copying GC freed 96762(4221KB) AllocSpace objects, 6(240KB) LOS objects, 49% free, 12MB/25MB, paused 13.438ms,124us total 372.281ms
12-19 20:06:45.401  3313  3313 I wm_on_restart_called: [0,267303992,com.miui.home.launcher.Launcher,,0]
12-19 20:06:45.403  3313  3313 I wm_on_start_called: [0,267303992,com.miui.home.launcher.Launcher,handleStartActivity,2]
12-19 20:06:45.433  3313  3313 I wm_on_resume_called: [0,267303992,com.miui.home.launcher.Launcher,RESUME_ACTIVITY,22]
12-19 20:06:45.549  3313  3313 I wm_on_idle_called: com.miui.home.launcher.Launcher
12-19 20:06:45.568 10289 10289 I wm_on_top_resumed_gained_called: [125933365,com.xunmeng.pinduoduo.ui.activity.HomeActivity,topStateChangedWhenResumed]
12-19 20:06:45.576  3313  3978 I com.miui.home: CheckGCForNative gc_urgency 0 current_native_bytes is 145221119
12-19 20:06:45.579  3313  3978 I com.miui.home: CheckGCForNative adj_start_bytes: 43993389 NativeAllocationGcWatermark: 11750162 java_gc_start_bytes: 26368146 kNewNativeDiscountFactor: 2 kOldNativeDiscountFactor: 65536 old_native_bytes: 145221119 new_native_bytes: 525568 add_bytes_allowed: 35250486 is_gc_concurrent: 1 target_footprint_: 26892434 GetBytesAllocated: 14036976 HeapGrowthMultiplier: 3
12-19 20:06:45.579  3313  3978 I com.miui.home: CheckGCForNative gc_urgency 0.325094 current_native_bytes is 145746687
12-19 20:06:45.604 10289 10289 I wm_on_destroy_called: [0,172527391,com.xunmeng.pinduoduo.ui.activity.MainFrameActivity,performDestroy,5]
12-19 20:06:45.638 10289 10289 I wm_on_top_resumed_lost_called: [125933365,com.xunmeng.pinduoduo.ui.activity.HomeActivity,topStateChangedWhenResumed]
12-19 20:06:45.646  3313  3313 I wm_on_top_resumed_gained_called: [267303992,com.miui.home.launcher.Launcher,topStateChangedWhenResumed]
12-19 20:06:45.714  3313  3978 I com.miui.home: CheckGCForNative adj_start_bytes: 43993389 NativeAllocationGcWatermark: 11750162 java_gc_start_bytes: 26368146 kNewNativeDiscountFactor: 2 kOldNativeDiscountFactor: 65536 old_native_bytes: 145221119 new_native_bytes: 2285964 add_bytes_allowed: 35250486 is_gc_concurrent: 1 target_footprint_: 26892434 GetBytesAllocated: 14154146 HeapGrowthMultiplier: 3
12-19 20:06:45.714  3313  3978 I com.miui.home: CheckGCForNative gc_urgency 0.347765 current_native_bytes is 147507083
12-19 20:06:45.717  3313  3978 I com.miui.home: CheckGCForNative adj_start_bytes: 43993389 NativeAllocationGcWatermark: 11750162 java_gc_start_bytes: 26368146 kNewNativeDiscountFactor: 2 kOldNativeDiscountFactor: 65536 old_native_bytes: 145221119 new_native_bytes: 2811788 add_bytes_allowed: 35250486 is_gc_concurrent: 1 target_footprint_: 26892434 GetBytesAllocated: 14174626 HeapGrowthMultiplier: 3
12-19 20:06:45.717  3313  3978 I com.miui.home: CheckGCForNative gc_urgency 0.354232 current_native_bytes is 148032907
12-19 20:06:45.768  3313  3978 I com.miui.home: CheckGCForNative gc_urgency 0 current_native_bytes is 138943907
12-19 20:06:45.792  3313  3978 I cccccc  : getTaskSnapshotInstance:
12-19 20:06:45.812  3313  3379 I com.miui.home: CheckGCForNative adj_start_bytes: 44516263 NativeAllocationGcWatermark: 11805201 java_gc_start_bytes: 26808462 kNewNativeDiscountFactor: 2 kOldNativeDiscountFactor: 65536 old_native_bytes: 138943907 new_native_bytes: 10379512 add_bytes_allowed: 35415603 is_gc_concurrent: 1 target_footprint_: 27332750 GetBytesAllocated: 14187520 HeapGrowthMultiplier: 3
12-19 20:06:45.813  3313  3978 I com.miui.home: CheckGCForNative adj_start_bytes: 44516263 NativeAllocationGcWatermark: 11805201 java_gc_start_bytes: 26808462 kNewNativeDiscountFactor: 2 kOldNativeDiscountFactor: 65536 old_native_bytes: 138943907 new_native_bytes: 21084984 add_bytes_allowed: 35415603 is_gc_concurrent: 1 target_footprint_: 27332750 GetBytesAllocated: 14187520 HeapGrowthMultiplier: 3
12-19 20:06:45.813  3313  3978 I com.miui.home: CheckGCForNative gc_urgency 0.555575 current_native_bytes is 160028891
12-19 20:06:45.813  3313  3379 I com.miui.home: CheckGCForNative gc_urgency 0.435333 current_native_bytes is 149323419
12-19 20:06:45.813  3313  3978 I com.miui.home: CheckGCForNative adj_start_bytes: 44516263 NativeAllocationGcWatermark: 11805201 java_gc_start_bytes: 26808462 kNewNativeDiscountFactor: 2 kOldNativeDiscountFactor: 65536 old_native_bytes: 138943907 new_native_bytes: 31791928 add_bytes_allowed: 35415603 is_gc_concurrent: 1 target_footprint_: 27332750 GetBytesAllocated: 14192747 HeapGrowthMultiplier: 3
12-19 20:06:45.813  3313  3978 I com.miui.home: CheckGCForNative gc_urgency 0.675951 current_native_bytes is 170735835
12-19 20:06:45.814  3313  3978 I cccccc  : getTaskThumbnailInfo: 2460 1.0  10705920
12-19 20:06:45.814  3313  3379 I cccccc  : getTaskThumbnailInfo: 2460 1.0  10705920
12-19 20:06:45.822  3313  3358 I com.miui.home: CheckGCForNative adj_start_bytes: 44516263 NativeAllocationGcWatermark: 11805201 java_gc_start_bytes: 26808462 kNewNativeDiscountFactor: 2 kOldNativeDiscountFactor: 65536 old_native_bytes: 138943907 new_native_bytes: 21088056 add_bytes_allowed: 35415603 is_gc_concurrent: 1 target_footprint_: 27332750 GetBytesAllocated: 14233555 HeapGrowthMultiplier: 3
12-19 20:06:45.822  3313  3358 I com.miui.home: CheckGCForNative gc_urgency 0.556644 current_native_bytes is 160031963
12-19 20:06:45.830  3313  3313 I cccccc  : getTaskThumbnailInfo: 2460 1.0  10705920
12-19 20:06:46.106  3313  3794 I com.miui.home: CheckGCForNative adj_start_bytes: 44516263 NativeAllocationGcWatermark: 11805201 java_gc_start_bytes: 26808462 kNewNativeDiscountFactor: 2 kOldNativeDiscountFactor: 65536 old_native_bytes: 138943907 new_native_bytes: 11518252 add_bytes_allowed: 35415603 is_gc_concurrent: 1 target_footprint_: 27332750 GetBytesAllocated: 14778736 HeapGrowthMultiplier: 3
12-19 20:06:46.107  3313  3794 I com.miui.home: CheckGCForNative gc_urgency 0.461404 current_native_bytes is 150462159
12-19 20:06:46.622  3313  3978 I cccccc  : getTaskSnapshotInstance:
12-19 20:06:46.663  3313  4278 D cccccc  : onTaskStackChangedBackground
12-19 20:06:46.663  3313  4278 D cccccc  : onTaskStackChangedBackground
12-19 20:06:46.666  3313  3313 I wm_on_top_resumed_lost_called: [267303992,com.miui.home.launcher.Launcher,topStateChangedWhenResumed]
12-19 20:06:46.682  3313  3978 I com.miui.home: CheckGCForNative adj_start_bytes: 44516263 NativeAllocationGcWatermark: 11805201 java_gc_start_bytes: 26808462 kNewNativeDiscountFactor: 2 kOldNativeDiscountFactor: 65536 old_native_bytes: 138943907 new_native_bytes: 22393116 add_bytes_allowed: 35415603 is_gc_concurrent: 1 target_footprint_: 27332750 GetBytesAllocated: 15578730 HeapGrowthMultiplier: 3
12-19 20:06:46.682  3313  3978 I com.miui.home: CheckGCForNative gc_urgency 0.60152 current_native_bytes is 161337023
12-19 20:06:46.688  3313  3978 I cccccc  : getTaskThumbnailInfo: 2460 1.0  10705920
12-19 20:06:46.762 10289 10289 I wm_on_paused_called: [0,125933365,com.xunmeng.pinduoduo.ui.activity.HomeActivity,performPause,95]
12-19 20:06:46.778  3313  3313 I wm_on_paused_called: [0,267303992,com.miui.home.launcher.Launcher,performPause,3]
12-19 20:06:46.882  3313  3387 D cccccc  : onTaskStackChangedBackground
12-19 20:06:46.883  3313  3358 D cccccc  : onTaskStackChangedBackground
12-19 20:06:46.919  3313  3794 I com.miui.home: CheckGCForNative adj_start_bytes: 44516263 NativeAllocationGcWatermark: 11805201 java_gc_start_bytes: 26808462 kNewNativeDiscountFactor: 2 kOldNativeDiscountFactor: 65536 old_native_bytes: 138943907 new_native_bytes: 11850836 add_bytes_allowed: 35415603 is_gc_concurrent: 1 target_footprint_: 27332750 GetBytesAllocated: 16042461 HeapGrowthMultiplier: 3
12-19 20:06:46.919  3313  3794 I com.miui.home: CheckGCForNative gc_urgency 0.493528 current_native_bytes is 150794743
12-19 20:06:46.959  3313  3978 I com.miui.home: CheckGCForNative adj_start_bytes: 44516263 NativeAllocationGcWatermark: 11805201 java_gc_start_bytes: 26808462 kNewNativeDiscountFactor: 2 kOldNativeDiscountFactor: 65536 old_native_bytes: 138943907 new_native_bytes: 11723808 add_bytes_allowed: 35415603 is_gc_concurrent: 1 target_footprint_: 27332750 GetBytesAllocated: 16269883 HeapGrowthMultiplier: 3
12-19 20:06:46.959  3313  3978 I com.miui.home: CheckGCForNative gc_urgency 0.497209 current_native_bytes is 150667715
12-19 20:06:47.165  3313  3794 I com.miui.home: CheckGCForNative adj_start_bytes: 44516263 NativeAllocationGcWatermark: 11805201 java_gc_start_bytes: 26808462 kNewNativeDiscountFactor: 2 kOldNativeDiscountFactor: 65536 old_native_bytes: 138943907 new_native_bytes: 11926216 add_bytes_allowed: 35415603 is_gc_concurrent: 1 target_footprint_: 27332750 GetBytesAllocated: 16735915 HeapGrowthMultiplier: 3
12-19 20:06:47.165  3313  3794 I com.miui.home: CheckGCForNative gc_urgency 0.509952 current_native_bytes is 150870123
12-19 20:06:47.184  3313  3978 I cccccc  : getTaskSnapshotInstance:
12-19 20:06:47.185  3313  3978 I cccccc  : getTaskSnapshotInstance:
12-19 20:06:47.186  3313  3978 I com.miui.home: CheckGCForNative adj_start_bytes: 44516263 NativeAllocationGcWatermark: 11805201 java_gc_start_bytes: 26808462 kNewNativeDiscountFactor: 2 kOldNativeDiscountFactor: 65536 old_native_bytes: 138943907 new_native_bytes: 22672968 add_bytes_allowed: 35415603 is_gc_concurrent: 1 target_footprint_: 27332750 GetBytesAllocated: 16825887 HeapGrowthMultiplier: 3
12-19 20:06:47.186  3313  3978 I com.miui.home: CheckGCForNative gc_urgency 0.632679 current_native_bytes is 161616875
12-19 20:06:47.187  3313  3978 I cccccc  : getTaskThumbnailInfo: 2460 1.0  10705920
12-19 20:06:47.475  3313  3978 I com.miui.home: CheckGCForNative adj_start_bytes: 44516263 NativeAllocationGcWatermark: 11805201 java_gc_start_bytes: 26808462 kNewNativeDiscountFactor: 2 kOldNativeDiscountFactor: 65536 old_native_bytes: 138943907 new_native_bytes: 11890396 add_bytes_allowed: 35415603 is_gc_concurrent: 1 target_footprint_: 27332750 GetBytesAllocated: 17591982 HeapGrowthMultiplier: 3
12-19 20:06:47.475  3313  3978 I com.miui.home: CheckGCForNative gc_urgency 0.52878 current_native_bytes is 150834303
12-19 20:06:47.494  3313  3978 I cccccc  : getTaskSnapshotInstance:
12-19 20:06:47.889  3313  3715 I com.miui.home: CheckGCForNative adj_start_bytes: 44516263 NativeAllocationGcWatermark: 11805201 java_gc_start_bytes: 26808462 kNewNativeDiscountFactor: 2 kOldNativeDiscountFactor: 65536 old_native_bytes: 138943907 new_native_bytes: 12275644 add_bytes_allowed: 35415603 is_gc_concurrent: 1 target_footprint_: 27332750 GetBytesAllocated: 17785017 HeapGrowthMultiplier: 3
12-19 20:06:47.889  3313  3715 I com.miui.home: CheckGCForNative gc_urgency 0.537443 current_native_bytes is 151219551
12-19 20:06:47.893  3313  3715 I com.miui.home: CheckGCForNative adj_start_bytes: 44516263 NativeAllocationGcWatermark: 11805201 java_gc_start_bytes: 26808462 kNewNativeDiscountFactor: 2 kOldNativeDiscountFactor: 65536 old_native_bytes: 138943907 new_native_bytes: 12671996 add_bytes_allowed: 35415603 is_gc_concurrent: 1 target_footprint_: 27332750 GetBytesAllocated: 17785017 HeapGrowthMultiplier: 3
12-19 20:06:47.893  3313  3715 I com.miui.home: CheckGCForNative gc_urgency 0.541895 current_native_bytes is 151615903
12-19 20:06:48.100 10683 10683 I wm_on_application_create_called: [0,com.smile.gifmaker,481]
12-19 20:06:48.287 10683 10683 I wm_on_create_called: [0,99333544,com.yxcorp.gifshow.HomeActivity,performCreate,169]
12-19 20:06:48.398  3313  3313 I com.miui.home: CheckGCForNative adj_start_bytes: 44516263 NativeAllocationGcWatermark: 11805201 java_gc_start_bytes: 26808462 kNewNativeDiscountFactor: 2 kOldNativeDiscountFactor: 65536 old_native_bytes: 138943907 new_native_bytes: 13268376 add_bytes_allowed: 35415603 is_gc_concurrent: 1 target_footprint_: 27332750 GetBytesAllocated: 18411999 HeapGrowthMultiplier: 3
12-19 20:06:48.398  3313  3313 I com.miui.home: CheckGCForNative gc_urgency 0.562678 current_native_bytes is 152212283
12-19 20:06:48.448  3313  3313 I wm_on_resume_called: [0,267303992,com.miui.home.launcher.Launcher,RESUME_ACTIVITY,19]
12-19 20:06:48.496  3313  3313 I com.miui.home: CheckGCForNative adj_start_bytes: 44516263 NativeAllocationGcWatermark: 11805201 java_gc_start_bytes: 26808462 kNewNativeDiscountFactor: 2 kOldNativeDiscountFactor: 65536 old_native_bytes: 138943907 new_native_bytes: 13402112 add_bytes_allowed: 35415603 is_gc_concurrent: 1 target_footprint_: 27332750 GetBytesAllocated: 18644300 HeapGrowthMultiplier: 3
12-19 20:06:48.496  3313  3313 I com.miui.home: CheckGCForNative gc_urgency 0.569398 current_native_bytes is 152346019
12-19 20:06:48.501  3313  3313 I wm_on_idle_called: com.miui.home.launcher.Launcher
12-19 20:06:48.617 10683 10683 I wm_on_start_called: [0,99333544,com.yxcorp.gifshow.HomeActivity,handleStartActivity,329]
12-19 20:06:48.662  3313  3387 I com.miui.home: CheckGCForNative adj_start_bytes: 44516263 NativeAllocationGcWatermark: 11805201 java_gc_start_bytes: 26808462 kNewNativeDiscountFactor: 2 kOldNativeDiscountFactor: 65536 old_native_bytes: 138943907 new_native_bytes: 24201656 add_bytes_allowed: 35415603 is_gc_concurrent: 1 target_footprint_: 27332750 GetBytesAllocated: 19502776 HeapGrowthMultiplier: 3
12-19 20:06:48.662  3313  3387 I com.miui.home: CheckGCForNative gc_urgency 0.709982 current_native_bytes is 163145563
12-19 20:06:48.663  3313  3387 I com.miui.home: CheckGCForNative adj_start_bytes: 44516263 NativeAllocationGcWatermark: 11805201 java_gc_start_bytes: 26808462 kNewNativeDiscountFactor: 2 kOldNativeDiscountFactor: 65536 old_native_bytes: 138943907 new_native_bytes: 34908600 add_bytes_allowed: 35415603 is_gc_concurrent: 1 target_footprint_: 27332750 GetBytesAllocated: 19502968 HeapGrowthMultiplier: 3
12-19 20:06:48.663  3313  3387 I com.miui.home: CheckGCForNative gc_urgency 0.830245 current_native_bytes is 173852507
12-19 20:06:48.663  3313  3387 I cccccc  : getTaskThumbnailInfo: 2460 1.0  10705920
12-19 20:06:48.664  3313  3357 I com.miui.home: CheckGCForNative adj_start_bytes: 44516263 NativeAllocationGcWatermark: 11805201 java_gc_start_bytes: 26808462 kNewNativeDiscountFactor: 2 kOldNativeDiscountFactor: 65536 old_native_bytes: 138943907 new_native_bytes: 34908600 add_bytes_allowed: 35415603 is_gc_concurrent: 1 target_footprint_: 27332750 GetBytesAllocated: 19502968 HeapGrowthMultiplier: 3
12-19 20:06:48.664  3313  3357 I com.miui.home: CheckGCForNative gc_urgency 0.830245 current_native_bytes is 173852507
12-19 20:06:48.665  3313  3313 I cccccc  : getTaskThumbnailInfo: 2460 1.0  10705920
12-19 20:06:48.825 10242 10242 I wm_on_application_create_called: [0,com.xiaomi.market,328]
12-19 20:06:48.861  3313  3313 I wm_on_top_resumed_gained_called: [267303992,com.miui.home.launcher.Launcher,topStateChangedWhenResumed]
12-19 20:06:48.885  3313  3794 I com.miui.home: CheckGCForNative adj_start_bytes: 44516263 NativeAllocationGcWatermark: 11805201 java_gc_start_bytes: 26808462 kNewNativeDiscountFactor: 2 kOldNativeDiscountFactor: 65536 old_native_bytes: 138943907 new_native_bytes: 24281760 add_bytes_allowed: 35415603 is_gc_concurrent: 1 target_footprint_: 27332750 GetBytesAllocated: 19636259 HeapGrowthMultiplier: 3
12-19 20:06:48.885  3313  3794 I com.miui.home: CheckGCForNative gc_urgency 0.71388 current_native_bytes is 163225667
12-19 20:06:49.011 10683 10683 I wm_on_resume_called: [0,99333544,com.yxcorp.gifshow.HomeActivity,RESUME_ACTIVITY,121]
12-19 20:06:49.149 10683 10683 I wm_on_top_resumed_gained_called: [99333544,com.yxcorp.gifshow.HomeActivity,topStateChangedWhenResumed]
12-19 20:06:49.153  3313  3357 I com.miui.home: CheckGCForNative adj_start_bytes: 44516263 NativeAllocationGcWatermark: 11805201 java_gc_start_bytes: 26808462 kNewNativeDiscountFactor: 2 kOldNativeDiscountFactor: 65536 old_native_bytes: 138943907 new_native_bytes: 34861376 add_bytes_allowed: 35415603 is_gc_concurrent: 1 target_footprint_: 27332750 GetBytesAllocated: 19756724 HeapGrowthMultiplier: 3
12-19 20:06:49.154  3313  3792 I com.miui.home: CheckGCForNative adj_start_bytes: 44516263 NativeAllocationGcWatermark: 11805201 java_gc_start_bytes: 26808462 kNewNativeDiscountFactor: 2 kOldNativeDiscountFactor: 65536 old_native_bytes: 138943907 new_native_bytes: 45568768 add_bytes_allowed: 35415603 is_gc_concurrent: 1 target_footprint_: 27332750 GetBytesAllocated: 19756724 HeapGrowthMultiplier: 3
12-19 20:06:49.155  3313  3357 I com.miui.home: CheckGCForNative gc_urgency 0.835414 current_native_bytes is 173805283
12-19 20:06:49.156  3313  3792 I com.miui.home: CheckGCForNative gc_urgency 0.955678 current_native_bytes is 184512675
12-19 20:06:49.157  3313  3313 I com.miui.home: CheckGCForNative adj_start_bytes: 44516263 NativeAllocationGcWatermark: 11805201 java_gc_start_bytes: 26808462 kNewNativeDiscountFactor: 2 kOldNativeDiscountFactor: 65536 old_native_bytes: 138943907 new_native_bytes: 56276032 add_bytes_allowed: 35415603 is_gc_concurrent: 1 target_footprint_: 27332750 GetBytesAllocated: 19763723 HeapGrowthMultiplier: 3
12-19 20:06:49.157  3313  3313 I com.miui.home: CheckGCForNative gc_urgency 1.0761 current_native_bytes is 195219939
12-19 20:06:49.157  3313  3313 I com.miui.home: CheckGCForNative requested 1
12-19 20:06:49.157  3313  3313 I cccccc  : getTaskThumbnailInfo: 2460 1.0  10705920
12-19 20:06:49.163  3313  3792 I cccccc  : getTaskThumbnailInfo: 2460 1.0  10705920
12-19 20:06:49.390 10683 10683 I wm_on_top_resumed_lost_called: [99333544,com.yxcorp.gifshow.HomeActivity,topStateChangedWhenResumed]
12-19 20:06:49.391  3313  3352 I com.miui.home: NativeAlloc concurrent copying GC freed 151461(6411KB) AllocSpace objects, 17(436KB) LOS objects, 50% free, 12MB/24MB, paused 2.506ms,72us total 232.492ms
12-19 20:06:49.449  3313  3313 I wm_on_top_resumed_lost_called: [267303992,com.miui.home.launcher.Launcher,topStateChangedWhenResumed]
12-19 20:06:49.477  3313  4278 D cccccc  : onTaskStackChangedBackground
12-19 20:06:49.495  3313  4278 D cccccc  : onTaskStackChangedBackground
12-19 20:06:49.621  3313  3357 I com.miui.home: CheckGCForNative gc_urgency 0 current_native_bytes is 132775091
12-19 20:06:49.663  3313  8322 I com.miui.home: CheckGCForNative gc_urgency 0 current_native_bytes is 132753627
12-19 20:06:49.695  3313  3313 I wm_on_paused_called: [0,267303992,com.miui.home.launcher.Launcher,performPause,4]
12-19 20:06:49.788  3313  3379 D cccccc  : onTaskStackChangedBackground
12-19 20:06:49.795  3313  3379 D cccccc  : onTaskStackChangedBackground
12-19 20:06:49.910  3313  3794 I com.miui.home: CheckGCForNative adj_start_bytes: 43235303 NativeAllocationGcWatermark: 11641342 java_gc_start_bytes: 25773290 kNewNativeDiscountFactor: 2 kOldNativeDiscountFactor: 65536 old_native_bytes: 132753627 new_native_bytes: 860132 add_bytes_allowed: 34924026 is_gc_concurrent: 1 target_footprint_: 26021876 GetBytesAllocated: 14105696 HeapGrowthMultiplier: 3
12-19 20:06:49.910  3313  3794 I com.miui.home: CheckGCForNative gc_urgency 0.336248 current_native_bytes is 133613759
12-19 20:06:50.239  3313  3978 I cccccc  : getTaskSnapshotInstance:
12-19 20:06:50.241  3313  3978 I cccccc  : getTaskSnapshotInstance:
12-19 20:06:50.249  3313  3978 I com.miui.home: CheckGCForNative adj_start_bytes: 43235303 NativeAllocationGcWatermark: 11641342 java_gc_start_bytes: 25773290 kNewNativeDiscountFactor: 2 kOldNativeDiscountFactor: 65536 old_native_bytes: 132753627 new_native_bytes: 11724036 add_bytes_allowed: 34924026 is_gc_concurrent: 1 target_footprint_: 26021876 GetBytesAllocated: 14528105 HeapGrowthMultiplier: 3
12-19 20:06:50.249  3313  3978 I com.miui.home: CheckGCForNative gc_urgency 0.471655 current_native_bytes is 144477663
12-19 20:06:50.252  3313  3978 I cccccc  : getTaskThumbnailInfo: 2460 1.0  10705920
12-19 20:06:50.435  3313  3978 I com.miui.home: CheckGCForNative adj_start_bytes: 43235303 NativeAllocationGcWatermark: 11641342 java_gc_start_bytes: 25773290 kNewNativeDiscountFactor: 2 kOldNativeDiscountFactor: 65536 old_native_bytes: 132753627 new_native_bytes: 1119672 add_bytes_allowed: 34924026 is_gc_concurrent: 1 target_footprint_: 26021876 GetBytesAllocated: 14912029 HeapGrowthMultiplier: 3
12-19 20:06:50.435  3313  3978 I com.miui.home: CheckGCForNative gc_urgency 0.357899 current_native_bytes is 133873299
12-19 20:06:50.576  3313  3978 I cccccc  : getTaskSnapshotInstance:
12-19 20:06:51.005 11138 11138 I wm_on_create_called: [0,2695904,com.tencent.qqlive.ona.activity.SplashHomeActivity,performCreate,43]
12-19 20:06:51.058  3313  3313 I com.miui.home: CheckGCForNative adj_start_bytes: 43235303 NativeAllocationGcWatermark: 11641342 java_gc_start_bytes: 25773290 kNewNativeDiscountFactor: 2 kOldNativeDiscountFactor: 65536 old_native_bytes: 132753627 new_native_bytes: 1488188 add_bytes_allowed: 34924026 is_gc_concurrent: 1 target_footprint_: 26021876 GetBytesAllocated: 15887061 HeapGrowthMultiplier: 3
12-19 20:06:51.058  3313  3313 I com.miui.home: CheckGCForNative gc_urgency 0.384713 current_native_bytes is 134241815
12-19 20:06:51.112  3313  3313 I wm_on_resume_called: [0,267303992,com.miui.home.launcher.Launcher,RESUME_ACTIVITY,20]
12-19 20:06:51.133  3313  3313 I wm_on_idle_called: com.miui.home.launcher.Launcher
12-19 20:06:51.260  3313  3358 I com.miui.home: CheckGCForNative adj_start_bytes: 43235303 NativeAllocationGcWatermark: 11641342 java_gc_start_bytes: 25773290 kNewNativeDiscountFactor: 2 kOldNativeDiscountFactor: 65536 old_native_bytes: 132753627 new_native_bytes: 12382932 add_bytes_allowed: 34924026 is_gc_concurrent: 1 target_footprint_: 26021876 GetBytesAllocated: 16997823 HeapGrowthMultiplier: 3
12-19 20:06:51.260  3313  3358 I com.miui.home: CheckGCForNative gc_urgency 0.536398 current_native_bytes is 145136559
12-19 20:06:51.263  3313  3379 I com.miui.home: CheckGCForNative adj_start_bytes: 43235303 NativeAllocationGcWatermark: 11641342 java_gc_start_bytes: 25773290 kNewNativeDiscountFactor: 2 kOldNativeDiscountFactor: 65536 old_native_bytes: 132753627 new_native_bytes: 23088852 add_bytes_allowed: 34924026 is_gc_concurrent: 1 target_footprint_: 26021876 GetBytesAllocated: 17009233 HeapGrowthMultiplier: 3
12-19 20:06:51.263  3313  3379 I com.miui.home: CheckGCForNative gc_urgency 0.660471 current_native_bytes is 155842479
12-19 20:06:51.264  3313  3313 I com.miui.home: CheckGCForNative adj_start_bytes: 43235303 NativeAllocationGcWatermark: 11641342 java_gc_start_bytes: 25773290 kNewNativeDiscountFactor: 2 kOldNativeDiscountFactor: 65536 old_native_bytes: 132753627 new_native_bytes: 33796116 add_bytes_allowed: 34924026 is_gc_concurrent: 1 target_footprint_: 26021876 GetBytesAllocated: 17020099 HeapGrowthMultiplier: 3
12-19 20:06:51.264  3313  3313 I com.miui.home: CheckGCForNative gc_urgency 0.784548 current_native_bytes is 166549743
12-19 20:06:51.265  3313  3313 I cccccc  : getTaskThumbnailInfo: 2460 1.0  10705920
12-19 20:06:51.277  3313  3358 I cccccc  : getTaskThumbnailInfo: 2460 1.0  10705920
12-19 20:06:51.447  3313  3794 I com.miui.home: CheckGCForNative adj_start_bytes: 43235303 NativeAllocationGcWatermark: 11641342 java_gc_start_bytes: 25773290 kNewNativeDiscountFactor: 2 kOldNativeDiscountFactor: 65536 old_native_bytes: 132753627 new_native_bytes: 12486708 add_bytes_allowed: 34924026 is_gc_concurrent: 1 target_footprint_: 26021876 GetBytesAllocated: 17097179 HeapGrowthMultiplier: 3
12-19 20:06:51.447  3313  3794 I com.miui.home: CheckGCForNative gc_urgency 0.539896 current_native_bytes is 145240335
12-19 20:06:51.519  3313  3313 I wm_on_top_resumed_gained_called: [267303992,com.miui.home.launcher.Launcher,topStateChangedWhenResumed]
12-19 20:06:51.540 11138 11138 I wm_on_start_called: [0,2695904,com.tencent.qqlive.ona.activity.SplashHomeActivity,handleStartActivity,534]
12-19 20:06:51.663 11138 11138 I wm_on_resume_called: [0,2695904,com.tencent.qqlive.ona.activity.SplashHomeActivity,RESUME_ACTIVITY,118]
12-19 20:06:51.714  3313  3794 I com.miui.home: CheckGCForNative adj_start_bytes: 43235303 NativeAllocationGcWatermark: 11641342 java_gc_start_bytes: 25773290 kNewNativeDiscountFactor: 2 kOldNativeDiscountFactor: 65536 old_native_bytes: 132753627 new_native_bytes: 12415092 add_bytes_allowed: 34924026 is_gc_concurrent: 1 target_footprint_: 26021876 GetBytesAllocated: 17208125 HeapGrowthMultiplier: 3
12-19 20:06:51.715  3313  3794 I com.miui.home: CheckGCForNative gc_urgency 0.541634 current_native_bytes is 145168719
12-19 20:06:51.759  3313  3792 I com.miui.home: CheckGCForNative adj_start_bytes: 43235303 NativeAllocationGcWatermark: 11641342 java_gc_start_bytes: 25773290 kNewNativeDiscountFactor: 2 kOldNativeDiscountFactor: 65536 old_native_bytes: 132753627 new_native_bytes: 23034996 add_bytes_allowed: 34924026 is_gc_concurrent: 1 target_footprint_: 26021876 GetBytesAllocated: 17227472 HeapGrowthMultiplier: 3
12-19 20:06:51.760  3313  3792 I com.miui.home: CheckGCForNative gc_urgency 0.664896 current_native_bytes is 155788623
12-19 20:06:51.761  3313  3358 I com.miui.home: CheckGCForNative adj_start_bytes: 43235303 NativeAllocationGcWatermark: 11641342 java_gc_start_bytes: 25773290 kNewNativeDiscountFactor: 2 kOldNativeDiscountFactor: 65536 old_native_bytes: 132753627 new_native_bytes: 33740948 add_bytes_allowed: 34924026 is_gc_concurrent: 1 target_footprint_: 26021876 GetBytesAllocated: 17227472 HeapGrowthMultiplier: 3
12-19 20:06:51.761  3313  3358 I com.miui.home: CheckGCForNative gc_urgency 0.788711 current_native_bytes is 166494575
12-19 20:06:51.763  3313  3313 I com.miui.home: CheckGCForNative adj_start_bytes: 43235303 NativeAllocationGcWatermark: 11641342 java_gc_start_bytes: 25773290 kNewNativeDiscountFactor: 2 kOldNativeDiscountFactor: 65536 old_native_bytes: 132753627 new_native_bytes: 44448020 add_bytes_allowed: 34924026 is_gc_concurrent: 1 target_footprint_: 26021876 GetBytesAllocated: 17237308 HeapGrowthMultiplier: 3
12-19 20:06:51.763  3313  3313 I com.miui.home: CheckGCForNative gc_urgency 0.912757 current_native_bytes is 177201647
12-19 20:06:51.763  3313  3313 I cccccc  : getTaskThumbnailInfo: 2460 1.0  10705920
12-19 20:06:51.771  3313  3792 I cccccc  : getTaskThumbnailInfo: 2460 1.0  10705920
12-19 20:06:52.144  3313  3313 I wm_on_top_resumed_lost_called: [267303992,com.miui.home.launcher.Launcher,topStateChangedWhenResumed]
12-19 20:06:52.160  3313  3387 D cccccc  : onTaskStackChangedBackground
12-19 20:06:52.162  3313  4278 D cccccc  : onTaskStackChangedBackground
12-19 20:06:52.212  3313  8211 I com.miui.home: CheckGCForNative adj_start_bytes: 43235303 NativeAllocationGcWatermark: 11641342 java_gc_start_bytes: 25773290 kNewNativeDiscountFactor: 2 kOldNativeDiscountFactor: 65536 old_native_bytes: 132753627 new_native_bytes: 23157036 add_bytes_allowed: 34924026 is_gc_concurrent: 1 target_footprint_: 26021876 GetBytesAllocated: 17552252 HeapGrowthMultiplier: 3
12-19 20:06:52.213  3313  8211 I com.miui.home: CheckGCForNative gc_urgency 0.67382 current_native_bytes is 155910663
12-19 20:06:52.362  3313  3313 I wm_on_paused_called: [0,267303992,com.miui.home.launcher.Launcher,performPause,3]
12-19 20:06:52.389 11138 11138 I wm_on_top_resumed_gained_called: [2695904,com.tencent.qqlive.ona.activity.SplashHomeActivity,topStateChangedWhenResumed]
12-19 20:06:52.459 11138 11138 I wm_on_top_resumed_lost_called: [2695904,com.tencent.qqlive.ona.activity.SplashHomeActivity,topStateChangedWhenResumed]
12-19 20:06:52.483  3313  4278 D cccccc  : onTaskStackChangedBackground
12-19 20:06:52.492  3313  3358 D cccccc  : onTaskStackChangedBackground
12-19 20:06:52.928  3313  3794 I com.miui.home: CheckGCForNative adj_start_bytes: 43235303 NativeAllocationGcWatermark: 11641342 java_gc_start_bytes: 25773290 kNewNativeDiscountFactor: 2 kOldNativeDiscountFactor: 65536 old_native_bytes: 132753627 new_native_bytes: 23451408 add_bytes_allowed: 34924026 is_gc_concurrent: 1 target_footprint_: 26021876 GetBytesAllocated: 18530805 HeapGrowthMultiplier: 3
12-19 20:06:52.928  3313  3794 I com.miui.home: CheckGCForNative gc_urgency 0.699857 current_native_bytes is 156205035
12-19 20:06:52.990  3313  3978 I cccccc  : getTaskSnapshotInstance:
12-19 20:06:52.993  3313  3978 I cccccc  : getTaskSnapshotInstance:
12-19 20:06:52.994  3313  3978 I com.miui.home: CheckGCForNative adj_start_bytes: 43235303 NativeAllocationGcWatermark: 11641342 java_gc_start_bytes: 25773290 kNewNativeDiscountFactor: 2 kOldNativeDiscountFactor: 65536 old_native_bytes: 132753627 new_native_bytes: 34127824 add_bytes_allowed: 34924026 is_gc_concurrent: 1 target_footprint_: 26021876 GetBytesAllocated: 18673646 HeapGrowthMultiplier: 3
12-19 20:06:52.994  3313  3978 I com.miui.home: CheckGCForNative gc_urgency 0.82663 current_native_bytes is 166881451
12-19 20:06:52.995  3313  3978 I cccccc  : getTaskThumbnailInfo: 2460 1.0  10705920
12-19 20:06:53.195  3313  3794 I com.miui.home: CheckGCForNative adj_start_bytes: 43235303 NativeAllocationGcWatermark: 11641342 java_gc_start_bytes: 25773290 kNewNativeDiscountFactor: 2 kOldNativeDiscountFactor: 65536 old_native_bytes: 132753627 new_native_bytes: 23633196 add_bytes_allowed: 34924026 is_gc_concurrent: 1 target_footprint_: 26021876 GetBytesAllocated: 19188280 HeapGrowthMultiplier: 3
12-19 20:06:53.196  3313  3794 I com.miui.home: CheckGCForNative gc_urgency 0.717166 current_native_bytes is 156386823
12-19 20:06:53.204  3313  3978 I com.miui.home: CheckGCForNative adj_start_bytes: 43235303 NativeAllocationGcWatermark: 11641342 java_gc_start_bytes: 25773290 kNewNativeDiscountFactor: 2 kOldNativeDiscountFactor: 65536 old_native_bytes: 132753627 new_native_bytes: 23633036 add_bytes_allowed: 34924026 is_gc_concurrent: 1 target_footprint_: 26021876 GetBytesAllocated: 19211497 HeapGrowthMultiplier: 3
12-19 20:06:53.204  3313  3978 I com.miui.home: CheckGCForNative gc_urgency 0.717701 current_native_bytes is 156386663
12-19 20:06:53.438  3313  3978 I cccccc  : getTaskSnapshotInstance:
12-19 20:06:53.439 11741 11741 I wm_on_create_called: [0,101817820,com.tencent.mobileqq.activity.SplashActivity,performCreate,98]
12-19 20:06:53.527 11741 11741 I wm_on_start_called: [0,101817820,com.tencent.mobileqq.activity.SplashActivity,handleStartActivity,80]
12-19 20:06:53.551 11741 11741 I wm_on_resume_called: [0,101817820,com.tencent.mobileqq.activity.SplashActivity,RESUME_ACTIVITY,22]
12-19 20:06:53.644 11741 11741 I wm_on_top_resumed_gained_called: [101817820,com.tencent.mobileqq.activity.SplashActivity,topStateChangedWhenResumed]
12-19 20:06:53.948 11741 11741 I wm_on_top_resumed_lost_called: [101817820,com.tencent.mobileqq.activity.SplashActivity,topStateChangedWhenResumed]
12-19 20:06:54.009 11741 11741 I wm_on_idle_called: com.tencent.mobileqq.activity.SplashActivity
12-19 20:06:54.039  3313  3313 I wm_on_resume_called: [0,267303992,com.miui.home.launcher.Launcher,RESUME_ACTIVITY,48]
12-19 20:06:54.049  3313  3313 I wm_on_top_resumed_gained_called: [267303992,com.miui.home.launcher.Launcher,topStateChangedWhenResumed]
12-19 20:06:54.057  3313  3313 I wm_on_idle_called: com.miui.home.launcher.Launcher
12-19 20:06:54.327 11741 11741 I wm_on_paused_called: [0,101817820,com.tencent.mobileqq.activity.SplashActivity,performPause,1]
12-19 20:06:54.387  3313  3357 I com.miui.home: CheckGCForNative adj_start_bytes: 43235303 NativeAllocationGcWatermark: 11641342 java_gc_start_bytes: 25773290 kNewNativeDiscountFactor: 2 kOldNativeDiscountFactor: 65536 old_native_bytes: 132753627 new_native_bytes: 34272968 add_bytes_allowed: 34924026 is_gc_concurrent: 1 target_footprint_: 26021876 GetBytesAllocated: 21354051 HeapGrowthMultiplier: 3
12-19 20:06:54.387  3313  3357 I com.miui.home: CheckGCForNative gc_urgency 0.890304 current_native_bytes is 167026595
12-19 20:06:54.388  3313  3357 I com.miui.home: CheckGCForNative adj_start_bytes: 43235303 NativeAllocationGcWatermark: 11641342 java_gc_start_bytes: 25773290 kNewNativeDiscountFactor: 2 kOldNativeDiscountFactor: 65536 old_native_bytes: 132753627 new_native_bytes: 44979912 add_bytes_allowed: 34924026 is_gc_concurrent: 1 target_footprint_: 26021876 GetBytesAllocated: 21354243 HeapGrowthMultiplier: 3
12-19 20:06:54.388  3313  3357 I com.miui.home: CheckGCForNative gc_urgency 1.01413 current_native_bytes is 177733539
12-19 20:06:54.388  3313  3357 I com.miui.home: CheckGCForNative requested 1
12-19 20:06:54.388  3313  3357 I cccccc  : getTaskThumbnailInfo: 2460 1.0  10705920
12-19 20:06:54.437  3313 12101 I com.miui.home: CheckGCForNative adj_start_bytes: 43235303 NativeAllocationGcWatermark: 11641342 java_gc_start_bytes: 25773290 kNewNativeDiscountFactor: 2 kOldNativeDiscountFactor: 65536 old_native_bytes: 132753627 new_native_bytes: 34367928 add_bytes_allowed: 34924026 is_gc_concurrent: 1 target_footprint_: 26021876 GetBytesAllocated: 21387334 HeapGrowthMultiplier: 3
12-19 20:06:54.437  3313 12101 I com.miui.home: CheckGCForNative gc_urgency 0.892172 current_native_bytes is 167121555
12-19 20:06:54.490  3313  3352 I com.miui.home: NativeAlloc concurrent copying GC freed 181319(7671KB) AllocSpace objects, 24(672KB) LOS objects, 49% free, 12MB/24MB, paused 44us,27us total 101.212ms
12-19 20:06:54.515 11741 11741 I wm_on_create_called: [0,229881719,com.tencent.mobileqq.activity.LoginActivity,performCreate,164]
12-19 20:06:54.554  3313  3794 I com.miui.home: CheckGCForNative gc_urgency 0 current_native_bytes is 134480619
12-19 20:06:54.563  3313  4055 D cccccc  : onTaskStackChangedBackground
12-19 20:06:54.582  3313  3357 I com.miui.home: CheckGCForNative adj_start_bytes: 43089050 NativeAllocationGcWatermark: 11613577 java_gc_start_bytes: 25668685 kNewNativeDiscountFactor: 2 kOldNativeDiscountFactor: 65536 old_native_bytes: 134480619 new_native_bytes: 10195788 add_bytes_allowed: 34840731 is_gc_concurrent: 1 target_footprint_: 25799757 GetBytesAllocated: 13057627 HeapGrowthMultiplier: 3
12-19 20:06:54.582  3313  3357 I com.miui.home: CheckGCForNative gc_urgency 0.421396 current_native_bytes is 144676407
12-19 20:06:54.583  3313  3313 I cccccc  : getTaskThumbnailInfo: 2460 1.0  10705920
12-19 20:06:54.584  3313  3357 D cccccc  : onTaskStackChangedBackground
12-19 20:06:54.688  3313  3794 I com.miui.home: CheckGCForNative gc_urgency 0 current_native_bytes is 132524907
12-19 20:06:54.700 11741 11741 I wm_on_start_called: [0,229881719,com.tencent.mobileqq.activity.LoginActivity,handleStartActivity,184]
12-19 20:06:54.720 11741 11741 I wm_on_resume_called: [0,229881719,com.tencent.mobileqq.activity.LoginActivity,RESUME_ACTIVITY,19]
12-19 20:06:54.758 11741 11741 I wm_on_stop_called: [0,101817820,com.tencent.mobileqq.activity.SplashActivity,LIFECYCLER_STOP_ACTIVITY,5]
12-19 20:06:54.780 11741 11741 I wm_on_destroy_called: [0,101817820,com.tencent.mobileqq.activity.SplashActivity,performDestroy,21]
12-19 20:06:54.996 11741 11741 I wm_on_paused_called: [0,229881719,com.tencent.mobileqq.activity.LoginActivity,performPause,5]
12-19 20:06:55.040  3313  3978 I com.miui.home: CheckGCForNative adj_start_bytes: 43089050 NativeAllocationGcWatermark: 11613577 java_gc_start_bytes: 25668685 kNewNativeDiscountFactor: 2 kOldNativeDiscountFactor: 65536 old_native_bytes: 132524907 new_native_bytes: 1386796 add_bytes_allowed: 34840731 is_gc_concurrent: 1 target_footprint_: 25799757 GetBytesAllocated: 13984995 HeapGrowthMultiplier: 3
12-19 20:06:55.040  3313  3978 I com.miui.home: CheckGCForNative gc_urgency 0.340699 current_native_bytes is 133911703
12-19 20:06:55.066  3313  3978 I cccccc  : getTaskSnapshotInstance:
12-19 20:06:55.068  3313  3978 I com.miui.home: CheckGCForNative adj_start_bytes: 43089050 NativeAllocationGcWatermark: 11613577 java_gc_start_bytes: 25668685 kNewNativeDiscountFactor: 2 kOldNativeDiscountFactor: 65536 old_native_bytes: 132524907 new_native_bytes: 12149708 add_bytes_allowed: 34840731 is_gc_concurrent: 1 target_footprint_: 25799757 GetBytesAllocated: 14071708 HeapGrowthMultiplier: 3
12-19 20:06:55.068  3313  3978 I com.miui.home: CheckGCForNative gc_urgency 0.467603 current_native_bytes is 144674615
12-19 20:06:55.069  3313  3978 I cccccc  : getTaskThumbnailInfo: 2460 1.0  10705920
12-19 20:06:55.073  3313  3950 I com.miui.home: CheckGCForNative adj_start_bytes: 43089050 NativeAllocationGcWatermark: 11613577 java_gc_start_bytes: 25668685 kNewNativeDiscountFactor: 2 kOldNativeDiscountFactor: 65536 old_native_bytes: 132524907 new_native_bytes: 1443968 add_bytes_allowed: 34840731 is_gc_concurrent: 1 target_footprint_: 25799757 GetBytesAllocated: 14093725 HeapGrowthMultiplier: 3
12-19 20:06:55.073  3313  3950 I com.miui.home: CheckGCForNative gc_urgency 0.343886 current_native_bytes is 133968875
12-19 20:06:55.075 11741 11741 I wm_on_stop_called: [0,229881719,com.tencent.mobileqq.activity.LoginActivity,STOP_ACTIVITY_ITEM,38]
12-19 20:06:55.106  3313  3357 D cccccc  : onTaskStackChangedBackground
12-19 20:06:55.108  3313  4055 D cccccc  : onTaskStackChangedBackground
12-19 20:06:55.123 11741 11741 I wm_on_idle_called: com.tencent.mobileqq.activity.LoginActivity
12-19 20:06:55.252  3313  3978 I cccccc  : getTaskSnapshotInstance:
12-19 20:06:55.253  3313  3978 I com.miui.home: CheckGCForNative adj_start_bytes: 43089050 NativeAllocationGcWatermark: 11613577 java_gc_start_bytes: 25668685 kNewNativeDiscountFactor: 2 kOldNativeDiscountFactor: 65536 old_native_bytes: 132524907 new_native_bytes: 12564268 add_bytes_allowed: 34840731 is_gc_concurrent: 1 target_footprint_: 25799757 GetBytesAllocated: 14945956 HeapGrowthMultiplier: 3
12-19 20:06:55.253  3313  3978 I com.miui.home: CheckGCForNative gc_urgency 0.492703 current_native_bytes is 145089175
12-19 20:06:55.254  3313  3978 I cccccc  : getTaskThumbnailInfo: 2460 1.0  10705920
12-19 20:06:55.373  3313  3313 I wm_on_top_resumed_lost_called: [267303992,com.miui.home.launcher.Launcher,topStateChangedWhenResumed]
12-19 20:06:55.379  3313  3313 I wm_on_paused_called: [0,267303992,com.miui.home.launcher.Launcher,performPause,3]
12-19 20:06:55.398  3313  4055 D cccccc  : onTaskStackChangedBackground
12-19 20:06:55.405  3313  4055 D cccccc  : onTaskStackChangedBackground
12-19 20:06:55.487  3313 12100 D cccccc  : onTaskStackChangedBackground
12-19 20:06:55.487  3313  3357 D cccccc  : onTaskStackChangedBackground
12-19 20:06:55.601  3313  3794 I com.miui.home: CheckGCForNative adj_start_bytes: 43089050 NativeAllocationGcWatermark: 11613577 java_gc_start_bytes: 25668685 kNewNativeDiscountFactor: 2 kOldNativeDiscountFactor: 65536 old_native_bytes: 132524907 new_native_bytes: 2572280 add_bytes_allowed: 34840731 is_gc_concurrent: 1 target_footprint_: 25799757 GetBytesAllocated: 16216666 HeapGrowthMultiplier: 3
12-19 20:06:55.601  3313  3794 I com.miui.home: CheckGCForNative gc_urgency 0.406248 current_native_bytes is 135097187
12-19 20:06:55.877  3313  3978 I com.miui.home: CheckGCForNative adj_start_bytes: 43089050 NativeAllocationGcWatermark: 11613577 java_gc_start_bytes: 25668685 kNewNativeDiscountFactor: 2 kOldNativeDiscountFactor: 65536 old_native_bytes: 132524907 new_native_bytes: 2727556 add_bytes_allowed: 34840731 is_gc_concurrent: 1 target_footprint_: 25799757 GetBytesAllocated: 16831229 HeapGrowthMultiplier: 3
12-19 20:06:55.877  3313  3978 I com.miui.home: CheckGCForNative gc_urgency 0.422312 current_native_bytes is 135252463
12-19 20:06:55.972  3313  3978 I cccccc  : getTaskSnapshotInstance:
12-19 20:06:56.058  3313  3794 I com.miui.home: CheckGCForNative adj_start_bytes: 43089050 NativeAllocationGcWatermark: 11613577 java_gc_start_bytes: 25668685 kNewNativeDiscountFactor: 2 kOldNativeDiscountFactor: 65536 old_native_bytes: 132524907 new_native_bytes: 2830724 add_bytes_allowed: 34840731 is_gc_concurrent: 1 target_footprint_: 25799757 GetBytesAllocated: 17193422 HeapGrowthMultiplier: 3
12-19 20:06:56.058  3313  3794 I com.miui.home: CheckGCForNative gc_urgency 0.431915 current_native_bytes is 135355631
12-19 20:06:56.344  8763  8763 I wm_on_destroy_called: [0,201253043,fm.qingting.qtradio.WelcomeActivity,performDestroy,30]
12-19 20:06:56.950 12246 12246 I wm_on_application_create_called: [0,com.dragon.read,718]
12-19 20:06:57.156 12246 12246 I wm_on_create_called: [0,197240381,com.dragon.read.pages.splash.SplashActivity,performCreate,74]
12-19 20:06:57.243 12246 12246 I wm_on_start_called: [0,197240381,com.dragon.read.pages.splash.SplashActivity,handleStartActivity,85]
12-19 20:06:57.333 12246 12246 I wm_on_resume_called: [0,197240381,com.dragon.read.pages.splash.SplashActivity,RESUME_ACTIVITY,88]
12-19 20:06:57.335 12246 12246 I wm_on_top_resumed_gained_called: [197240381,com.dragon.read.pages.splash.SplashActivity,topStateChangedWhenResumed]
12-19 20:06:57.450 12246 12246 I wm_on_top_resumed_lost_called: [197240381,com.dragon.read.pages.splash.SplashActivity,topStateChangedWhenResumed]
12-19 20:06:57.457 12246 12246 I wm_on_paused_called: [0,197240381,com.dragon.read.pages.splash.SplashActivity,performPause,6]
12-19 20:06:57.573 12246 12246 I wm_on_create_called: [0,157384875,com.dragon.read.pages.interest.PreferenceActivity,performCreate,20]
12-19 20:06:57.576  3313 12100 D cccccc  : onTaskStackChangedBackground
12-19 20:06:57.577 12246 12246 I wm_on_start_called: [0,157384875,com.dragon.read.pages.interest.PreferenceActivity,handleStartActivity,2]
12-19 20:06:57.586  3313  3387 D cccccc  : onTaskStackChangedBackground
12-19 20:06:57.629 12246 12246 I wm_on_resume_called: [0,157384875,com.dragon.read.pages.interest.PreferenceActivity,RESUME_ACTIVITY,51]
12-19 20:06:57.676 12246 12246 I wm_on_top_resumed_gained_called: [157384875,com.dragon.read.pages.interest.PreferenceActivity,topStateChangedWhenResumed]
12-19 20:06:57.757  3313  3978 I com.miui.home: CheckGCForNative adj_start_bytes: 43089050 NativeAllocationGcWatermark: 11613577 java_gc_start_bytes: 25668685 kNewNativeDiscountFactor: 2 kOldNativeDiscountFactor: 65536 old_native_bytes: 132524907 new_native_bytes: 2883032 add_bytes_allowed: 34840731 is_gc_concurrent: 1 target_footprint_: 25799757 GetBytesAllocated: 18117582 HeapGrowthMultiplier: 3
12-19 20:06:57.757  3313  3978 I com.miui.home: CheckGCForNative gc_urgency 0.45397 current_native_bytes is 135407939
12-19 20:06:57.759  3313  3978 I cccccc  : getTaskSnapshotInstance:
12-19 20:06:57.769  3313  3978 I cccccc  : getTaskSnapshotInstance:
12-19 20:06:57.836  3313  3978 I com.miui.home: CheckGCForNative adj_start_bytes: 43089050 NativeAllocationGcWatermark: 11613577 java_gc_start_bytes: 25668685 kNewNativeDiscountFactor: 2 kOldNativeDiscountFactor: 65536 old_native_bytes: 132524907 new_native_bytes: 13650252 add_bytes_allowed: 34840731 is_gc_concurrent: 1 target_footprint_: 25799757 GetBytesAllocated: 18692387 HeapGrowthMultiplier: 3
12-19 20:06:57.836  3313  3978 I com.miui.home: CheckGCForNative gc_urgency 0.592251 current_native_bytes is 146175159
12-19 20:06:57.837  3313  3978 I com.miui.home: CheckGCForNative adj_start_bytes: 43089050 NativeAllocationGcWatermark: 11613577 java_gc_start_bytes: 25668685 kNewNativeDiscountFactor: 2 kOldNativeDiscountFactor: 65536 old_native_bytes: 132524907 new_native_bytes: 24357196 add_bytes_allowed: 34840731 is_gc_concurrent: 1 target_footprint_: 25799757 GetBytesAllocated: 18701262 HeapGrowthMultiplier: 3
12-19 20:06:57.837  3313  3978 I com.miui.home: CheckGCForNative gc_urgency 0.716699 current_native_bytes is 156882103
12-19 20:06:57.837  3313  3978 I cccccc  : getTaskThumbnailInfo: 2460 1.0  10705920
12-19 20:06:57.961  3313  3313 I wm_on_resume_called: [0,267303992,com.miui.home.launcher.Launcher,RESUME_ACTIVITY,19]
12-19 20:06:57.979  3313  3313 I wm_on_idle_called: com.miui.home.launcher.Launcher
12-19 20:06:58.176  3313  4278 I com.miui.home: CheckGCForNative adj_start_bytes: 43089050 NativeAllocationGcWatermark: 11613577 java_gc_start_bytes: 25668685 kNewNativeDiscountFactor: 2 kOldNativeDiscountFactor: 65536 old_native_bytes: 132524907 new_native_bytes: 24453844 add_bytes_allowed: 34840731 is_gc_concurrent: 1 target_footprint_: 25799757 GetBytesAllocated: 19704448 HeapGrowthMultiplier: 3
12-19 20:06:58.176  3313  4278 I com.miui.home: CheckGCForNative gc_urgency 0.741102 current_native_bytes is 156978751
12-19 20:06:58.178  3313  3313 I com.miui.home: CheckGCForNative adj_start_bytes: 43089050 NativeAllocationGcWatermark: 11613577 java_gc_start_bytes: 25668685 kNewNativeDiscountFactor: 2 kOldNativeDiscountFactor: 65536 old_native_bytes: 132524907 new_native_bytes: 35161108 add_bytes_allowed: 34840731 is_gc_concurrent: 1 target_footprint_: 25799757 GetBytesAllocated: 19732573 HeapGrowthMultiplier: 3
12-19 20:06:58.178  3313  3313 I com.miui.home: CheckGCForNative gc_urgency 0.866001 current_native_bytes is 167686015
12-19 20:06:58.178  3313  3313 I cccccc  : getTaskThumbnailInfo: 2460 1.0  10705920
12-19 20:06:58.179  3313  3357 I com.miui.home: CheckGCForNative adj_start_bytes: 43089050 NativeAllocationGcWatermark: 11613577 java_gc_start_bytes: 25668685 kNewNativeDiscountFactor: 2 kOldNativeDiscountFactor: 65536 old_native_bytes: 132524907 new_native_bytes: 35163476 add_bytes_allowed: 34840731 is_gc_concurrent: 1 target_footprint_: 25799757 GetBytesAllocated: 19738613 HeapGrowthMultiplier: 3
12-19 20:06:58.179  3313  3357 I com.miui.home: CheckGCForNative gc_urgency 0.866168 current_native_bytes is 167688383
12-19 20:06:58.180  3313  3357 I cccccc  : getTaskThumbnailInfo: 2460 1.0  10705920
12-19 20:06:58.354  3313  3313 I wm_on_top_resumed_gained_called: [267303992,com.miui.home.launcher.Launcher,topStateChangedWhenResumed]
12-19 20:06:58.397  3313  3794 I com.miui.home: CheckGCForNative adj_start_bytes: 43089050 NativeAllocationGcWatermark: 11613577 java_gc_start_bytes: 25668685 kNewNativeDiscountFactor: 2 kOldNativeDiscountFactor: 65536 old_native_bytes: 132524907 new_native_bytes: 24764548 add_bytes_allowed: 34840731 is_gc_concurrent: 1 target_footprint_: 25799757 GetBytesAllocated: 20363231 HeapGrowthMultiplier: 3
12-19 20:06:58.397  3313  3794 I com.miui.home: CheckGCForNative gc_urgency 0.759997 current_native_bytes is 157289455
12-19 20:06:58.464  3313  3794 I com.miui.home: CheckGCForNative adj_start_bytes: 43089050 NativeAllocationGcWatermark: 11613577 java_gc_start_bytes: 25668685 kNewNativeDiscountFactor: 2 kOldNativeDiscountFactor: 65536 old_native_bytes: 132524907 new_native_bytes: 24856840 add_bytes_allowed: 34840731 is_gc_concurrent: 1 target_footprint_: 25799757 GetBytesAllocated: 20471503 HeapGrowthMultiplier: 3
12-19 20:06:58.464  3313  3794 I com.miui.home: CheckGCForNative gc_urgency 0.76358 current_native_bytes is 157381747
12-19 20:06:58.664  3313  3978 I cccccc  : getTaskSnapshotInstance:
12-19 20:06:58.666  3313  3792 I com.miui.home: CheckGCForNative adj_start_bytes: 43089050 NativeAllocationGcWatermark: 11613577 java_gc_start_bytes: 25668685 kNewNativeDiscountFactor: 2 kOldNativeDiscountFactor: 65536 old_native_bytes: 132524907 new_native_bytes: 35629576 add_bytes_allowed: 34840731 is_gc_concurrent: 1 target_footprint_: 25799757 GetBytesAllocated: 20988609 HeapGrowthMultiplier: 3
12-19 20:06:58.666  3313  3792 I com.miui.home: CheckGCForNative gc_urgency 0.900587 current_native_bytes is 168154483
12-19 20:06:58.667  3313  3792 I com.miui.home: CheckGCForNative adj_start_bytes: 43089050 NativeAllocationGcWatermark: 11613577 java_gc_start_bytes: 25668685 kNewNativeDiscountFactor: 2 kOldNativeDiscountFactor: 65536 old_native_bytes: 132524907 new_native_bytes: 46336952 add_bytes_allowed: 34840731 is_gc_concurrent: 1 target_footprint_: 25799757 GetBytesAllocated: 20997722 HeapGrowthMultiplier: 3
12-19 20:06:58.667  3313  3792 I com.miui.home: CheckGCForNative gc_urgency 1.02505 current_native_bytes is 178861859
12-19 20:06:58.667  3313  3792 I com.miui.home: CheckGCForNative requested 1
12-19 20:06:58.667  3313  3387 I com.miui.home: CheckGCForNative adj_start_bytes: 43089050 NativeAllocationGcWatermark: 11613577 java_gc_start_bytes: 25668685 kNewNativeDiscountFactor: 2 kOldNativeDiscountFactor: 65536 old_native_bytes: 132524907 new_native_bytes: 57042872 add_bytes_allowed: 34840731 is_gc_concurrent: 1 target_footprint_: 25799757 GetBytesAllocated: 20997722 HeapGrowthMultiplier: 3
12-19 20:06:58.667  3313  3387 I com.miui.home: CheckGCForNative gc_urgency 1.14928 current_native_bytes is 189567779
12-19 20:06:58.667  3313  3387 I com.miui.home: CheckGCForNative requested 1
12-19 20:06:58.668  3313  3792 I cccccc  : getTaskThumbnailInfo: 2460 1.0  10705920
12-19 20:06:58.669  3313  3313 I cccccc  : getTaskThumbnailInfo: 2460 1.0  10705920
12-19 20:06:58.701  3313  3978 I com.miui.home: CheckGCForNative adj_start_bytes: 43089050 NativeAllocationGcWatermark: 11613577 java_gc_start_bytes: 25668685 kNewNativeDiscountFactor: 2 kOldNativeDiscountFactor: 65536 old_native_bytes: 132524907 new_native_bytes: 46336696 add_bytes_allowed: 34840731 is_gc_concurrent: 1 target_footprint_: 25799757 GetBytesAllocated: 21011522 HeapGrowthMultiplier: 3
12-19 20:06:58.701  3313  3978 I com.miui.home: CheckGCForNative gc_urgency 1.02536 current_native_bytes is 178861603
12-19 20:06:58.701  3313  3978 I com.miui.home: CheckGCForNative requested 1
12-19 20:06:58.704  3313  3978 I cccccc  : getTaskThumbnailInfo: 2460 1.0  10705920
