12-21 13:33:28.410  3309  3483 I com.miui.home: CheckGCForNative adj_start_bytes: 32321770 NativeAllocationGcWatermark: 10480179 java_gc_start_bytes: 16601502 kNewNativeDiscountFactor: 2 kOldNativeDiscountFactor: 65536 old_native_bytes: 68864363 new_native_bytes: 404008 add_bytes_allowed: 31440537 is_gc_concurrent: 1 target_footprint_: 16732574 GetBytesAllocated: 8749808 HeapGrowthMultiplier: 3
12-21 13:33:28.410  3309  3483 I com.miui.home: CheckGCForNative gc_urgency 0.276992 current_native_bytes is 69268371
12-21 13:33:28.546  3309  3309 I wm_on_top_resumed_lost_called: [19529089,com.miui.home.launcher.Launcher,topStateChangedWhenResumed]
12-21 13:33:28.548  3309  3309 I wm_on_paused_called: [0,19529089,com.miui.home.launcher.Launcher,performPause,1]
12-21 13:33:28.663  3309  3649 I com.miui.home: CheckGCForNative adj_start_bytes: 32321770 NativeAllocationGcWatermark: 10480179 java_gc_start_bytes: 16601502 kNewNativeDiscountFactor: 2 kOldNativeDiscountFactor: 65536 old_native_bytes: 68864363 new_native_bytes: 650424 add_bytes_allowed: 31440537 is_gc_concurrent: 1 target_footprint_: 16732574 GetBytesAllocated: 9202637 HeapGrowthMultiplier: 3
12-21 13:33:28.663  3309  3649 I com.miui.home: CheckGCForNative gc_urgency 0.294814 current_native_bytes is 69514787
12-21 13:33:28.904  3309  3509 I com.miui.home: CheckGCForNative adj_start_bytes: 32321770 NativeAllocationGcWatermark: 10480179 java_gc_start_bytes: 16601502 kNewNativeDiscountFactor: 2 kOldNativeDiscountFactor: 65536 old_native_bytes: 68864363 new_native_bytes: 2583732 add_bytes_allowed: 31440537 is_gc_concurrent: 1 target_footprint_: 16732574 GetBytesAllocated: 9622296 HeapGrowthMultiplier: 3
12-21 13:33:28.904  3309  3509 I com.miui.home: CheckGCForNative gc_urgency 0.337705 current_native_bytes is 71448095
12-21 13:33:29.115  3309  3509 I com.miui.home: CheckGCForNative adj_start_bytes: 32321770 NativeAllocationGcWatermark: 10480179 java_gc_start_bytes: 16601502 kNewNativeDiscountFactor: 2 kOldNativeDiscountFactor: 65536 old_native_bytes: 68864363 new_native_bytes: 3155124 add_bytes_allowed: 31440537 is_gc_concurrent: 1 target_footprint_: 16732574 GetBytesAllocated: 10073156 HeapGrowthMultiplier: 3
12-21 13:33:29.115  3309  3509 I com.miui.home: CheckGCForNative gc_urgency 0.360493 current_native_bytes is 72019487
12-21 13:33:29.119  3309  3649 I com.miui.home: CheckGCForNative adj_start_bytes: 32321770 NativeAllocationGcWatermark: 10480179 java_gc_start_bytes: 16601502 kNewNativeDiscountFactor: 2 kOldNativeDiscountFactor: 65536 old_native_bytes: 68864363 new_native_bytes: 13863156 add_bytes_allowed: 31440537 is_gc_concurrent: 1 target_footprint_: 16732574 GetBytesAllocated: 10073156 HeapGrowthMultiplier: 3
12-21 13:33:29.119  3309  3649 I com.miui.home: CheckGCForNative gc_urgency 0.52614 current_native_bytes is 82727519
12-21 13:33:29.120  3309  3649 I com.miui.home: CheckGCForNative adj_start_bytes: 32321770 NativeAllocationGcWatermark: 10480179 java_gc_start_bytes: 16601502 kNewNativeDiscountFactor: 2 kOldNativeDiscountFactor: 65536 old_native_bytes: 68864363 new_native_bytes: 24570292 add_bytes_allowed: 31440537 is_gc_concurrent: 1 target_footprint_: 16732574 GetBytesAllocated: 10080276 HeapGrowthMultiplier: 3
12-21 13:33:29.120  3309  3649 I com.miui.home: CheckGCForNative gc_urgency 0.691994 current_native_bytes is 93434655
12-21 13:33:29.212  3309  3649 I com.miui.home: CheckGCForNative adj_start_bytes: 32321770 NativeAllocationGcWatermark: 10480179 java_gc_start_bytes: 16601502 kNewNativeDiscountFactor: 2 kOldNativeDiscountFactor: 65536 old_native_bytes: 68864363 new_native_bytes: 24579508 add_bytes_allowed: 31440537 is_gc_concurrent: 1 target_footprint_: 16732574 GetBytesAllocated: 10120534 HeapGrowthMultiplier: 3
12-21 13:33:29.212  3309  3649 I com.miui.home: CheckGCForNative gc_urgency 0.693382 current_native_bytes is 93443871
12-21 13:33:29.212  3309  3649 I com.miui.home: CheckGCForNative adj_start_bytes: 32321770 NativeAllocationGcWatermark: 10480179 java_gc_start_bytes: 16601502 kNewNativeDiscountFactor: 2 kOldNativeDiscountFactor: 65536 old_native_bytes: 68864363 new_native_bytes: 35286452 add_bytes_allowed: 31440537 is_gc_concurrent: 1 target_footprint_: 16732574 GetBytesAllocated: 10135826 HeapGrowthMultiplier: 3
12-21 13:33:29.212  3309  3649 I com.miui.home: CheckGCForNative gc_urgency 0.859486 current_native_bytes is 104150815
12-21 13:33:29.262  3309  3649 I com.miui.home: CheckGCForNative adj_start_bytes: 32321770 NativeAllocationGcWatermark: 10480179 java_gc_start_bytes: 16601502 kNewNativeDiscountFactor: 2 kOldNativeDiscountFactor: 65536 old_native_bytes: 68864363 new_native_bytes: 35292148 add_bytes_allowed: 31440537 is_gc_concurrent: 1 target_footprint_: 16732574 GetBytesAllocated: 10148836 HeapGrowthMultiplier: 3
12-21 13:33:29.262  3309  3649 I com.miui.home: CheckGCForNative gc_urgency 0.859976 current_native_bytes is 104156511
12-21 13:33:29.263  3309  3649 I com.miui.home: CheckGCForNative adj_start_bytes: 32321770 NativeAllocationGcWatermark: 10480179 java_gc_start_bytes: 16601502 kNewNativeDiscountFactor: 2 kOldNativeDiscountFactor: 65536 old_native_bytes: 68864363 new_native_bytes: 45999092 add_bytes_allowed: 31440537 is_gc_concurrent: 1 target_footprint_: 16732574 GetBytesAllocated: 10149028 HeapGrowthMultiplier: 3
12-21 13:33:29.263  3309  3649 I com.miui.home: CheckGCForNative gc_urgency 1.02561 current_native_bytes is 114863455
12-21 13:33:29.263  3309  3649 I com.miui.home: CheckGCForNative requested 1
12-21 13:33:29.270  3309  3509 I com.miui.home: CheckGCForNative adj_start_bytes: 32321770 NativeAllocationGcWatermark: 10480179 java_gc_start_bytes: 16601502 kNewNativeDiscountFactor: 2 kOldNativeDiscountFactor: 65536 old_native_bytes: 68864363 new_native_bytes: 35314100 add_bytes_allowed: 31440537 is_gc_concurrent: 1 target_footprint_: 16732574 GetBytesAllocated: 10179044 HeapGrowthMultiplier: 3
12-21 13:33:29.270  3309  3509 I com.miui.home: CheckGCForNative gc_urgency 0.861251 current_native_bytes is 104178463
12-21 13:33:29.393  3309  3354 I com.miui.home: NativeAlloc concurrent copying GC freed 34708(1642KB) AllocSpace objects, 3(124KB) LOS objects, 49% free, 8538KB/16MB, paused 215us,81us total 128.720ms
12-21 13:33:29.964  7928  7928 I wm_on_application_create_called: [0,com.autonavi.minimap,1027]
12-21 13:33:29.983  3309  3309 I wm_on_resume_called: [0,19529089,com.miui.home.launcher.Launcher,RESUME_ACTIVITY,3]
12-21 13:33:29.994  3309  3309 I wm_on_idle_called: com.miui.home.launcher.Launcher
12-21 13:33:30.014  3309  3483 I com.miui.home: CheckGCForNative gc_urgency 0 current_native_bytes is 103325987
12-21 13:33:30.170  3309  3566 I com.miui.home: CheckGCForNative adj_start_bytes: 32943108 NativeAllocationGcWatermark: 10574118 java_gc_start_bytes: 17081931 kNewNativeDiscountFactor: 2 kOldNativeDiscountFactor: 65536 old_native_bytes: 103325987 new_native_bytes: 10718700 add_bytes_allowed: 31722354 is_gc_concurrent: 1 target_footprint_: 17484080 GetBytesAllocated: 10202027 HeapGrowthMultiplier: 3
12-21 13:33:30.170  3309  3566 I com.miui.home: CheckGCForNative gc_urgency 0.472419 current_native_bytes is 114044687
12-21 13:33:30.171  3309  3566 I com.miui.home: CheckGCForNative adj_start_bytes: 32943108 NativeAllocationGcWatermark: 10574118 java_gc_start_bytes: 17081931 kNewNativeDiscountFactor: 2 kOldNativeDiscountFactor: 65536 old_native_bytes: 103325987 new_native_bytes: 21425644 add_bytes_allowed: 31722354 is_gc_concurrent: 1 target_footprint_: 17484080 GetBytesAllocated: 10202732 HeapGrowthMultiplier: 3
12-21 13:33:30.172  3309  3566 I com.miui.home: CheckGCForNative gc_urgency 0.634947 current_native_bytes is 124751631
12-21 13:33:30.271  3309  3566 I com.miui.home: CheckGCForNative adj_start_bytes: 32943108 NativeAllocationGcWatermark: 10574118 java_gc_start_bytes: 17081931 kNewNativeDiscountFactor: 2 kOldNativeDiscountFactor: 65536 old_native_bytes: 103325987 new_native_bytes: 21453516 add_bytes_allowed: 31722354 is_gc_concurrent: 1 target_footprint_: 17484080 GetBytesAllocated: 10312230 HeapGrowthMultiplier: 3
12-21 13:33:30.271  3309  3566 I com.miui.home: CheckGCForNative gc_urgency 0.638694 current_native_bytes is 124779503
12-21 13:33:30.341  8029  8029 I wm_on_application_create_called: [0,com.autonavi.minimap,840]
12-21 13:33:30.355  7928  7928 I wm_on_create_called: [0,207111273,com.autonavi.map.activity.SplashActivity,performCreate,227]
12-21 13:33:30.359  3309  3509 I com.miui.home: CheckGCForNative adj_start_bytes: 32943108 NativeAllocationGcWatermark: 10574118 java_gc_start_bytes: 17081931 kNewNativeDiscountFactor: 2 kOldNativeDiscountFactor: 65536 old_native_bytes: 103325987 new_native_bytes: 10715756 add_bytes_allowed: 31722354 is_gc_concurrent: 1 target_footprint_: 17484080 GetBytesAllocated: 10360853 HeapGrowthMultiplier: 3
12-21 13:33:30.359  3309  3509 I com.miui.home: CheckGCForNative gc_urgency 0.477196 current_native_bytes is 114041743
12-21 13:33:30.367  3309  3309 I wm_on_top_resumed_gained_called: [19529089,com.miui.home.launcher.Launcher,topStateChangedWhenResumed]
12-21 13:33:30.426  3309  3509 I com.miui.home: CheckGCForNative adj_start_bytes: 32943108 NativeAllocationGcWatermark: 10574118 java_gc_start_bytes: 17081931 kNewNativeDiscountFactor: 2 kOldNativeDiscountFactor: 65536 old_native_bytes: 103325987 new_native_bytes: 10717484 add_bytes_allowed: 31722354 is_gc_concurrent: 1 target_footprint_: 17484080 GetBytesAllocated: 10394237 HeapGrowthMultiplier: 3
12-21 13:33:30.426  3309  3509 I com.miui.home: CheckGCForNative gc_urgency 0.478235 current_native_bytes is 114043471
12-21 13:33:30.607  3309  3649 I com.miui.home: CheckGCForNative adj_start_bytes: 32943108 NativeAllocationGcWatermark: 10574118 java_gc_start_bytes: 17081931 kNewNativeDiscountFactor: 2 kOldNativeDiscountFactor: 65536 old_native_bytes: 103325987 new_native_bytes: 22019136 add_bytes_allowed: 31722354 is_gc_concurrent: 1 target_footprint_: 17484080 GetBytesAllocated: 11028576 HeapGrowthMultiplier: 3
12-21 13:33:30.607  3309  3649 I com.miui.home: CheckGCForNative gc_urgency 0.669024 current_native_bytes is 125345123
12-21 13:33:30.657  3309  3649 I com.miui.home: CheckGCForNative adj_start_bytes: 32943108 NativeAllocationGcWatermark: 10574118 java_gc_start_bytes: 17081931 kNewNativeDiscountFactor: 2 kOldNativeDiscountFactor: 65536 old_native_bytes: 103325987 new_native_bytes: 11404436 add_bytes_allowed: 31722354 is_gc_concurrent: 1 target_footprint_: 17484080 GetBytesAllocated: 11276661 HeapGrowthMultiplier: 3
12-21 13:33:30.657  3309  3649 I com.miui.home: CheckGCForNative gc_urgency 0.515448 current_native_bytes is 114730423
12-21 13:33:30.666  3309  3508 I com.miui.home: CheckGCForNative adj_start_bytes: 32943108 NativeAllocationGcWatermark: 10574118 java_gc_start_bytes: 17081931 kNewNativeDiscountFactor: 2 kOldNativeDiscountFactor: 65536 old_native_bytes: 103325987 new_native_bytes: 22142356 add_bytes_allowed: 31722354 is_gc_concurrent: 1 target_footprint_: 17484080 GetBytesAllocated: 11312779 HeapGrowthMultiplier: 3
12-21 13:33:30.666  3309  3508 I com.miui.home: CheckGCForNative gc_urgency 0.679521 current_native_bytes is 125468343
12-21 13:33:30.667  3309  3508 I com.miui.home: CheckGCForNative adj_start_bytes: 32943108 NativeAllocationGcWatermark: 10574118 java_gc_start_bytes: 17081931 kNewNativeDiscountFactor: 2 kOldNativeDiscountFactor: 65536 old_native_bytes: 103325987 new_native_bytes: 32878292 add_bytes_allowed: 31722354 is_gc_concurrent: 1 target_footprint_: 17484080 GetBytesAllocated: 11312971 HeapGrowthMultiplier: 3
12-21 13:33:30.667  3309  3508 I com.miui.home: CheckGCForNative gc_urgency 0.842473 current_native_bytes is 136204279
12-21 13:33:30.667  3309  3566 I com.miui.home: CheckGCForNative adj_start_bytes: 32943108 NativeAllocationGcWatermark: 10574118 java_gc_start_bytes: 17081931 kNewNativeDiscountFactor: 2 kOldNativeDiscountFactor: 65536 old_native_bytes: 103325987 new_native_bytes: 32878804 add_bytes_allowed: 31722354 is_gc_concurrent: 1 target_footprint_: 17484080 GetBytesAllocated: 11317067 HeapGrowthMultiplier: 3
12-21 13:33:30.668  3309  3566 I com.miui.home: CheckGCForNative gc_urgency 0.842605 current_native_bytes is 136204791
12-21 13:33:30.765  7928  7928 I wm_on_create_called: [0,32578801,com.autonavi.map.activity.NewMapActivity,performCreate,378]
12-21 13:33:30.829  7928  7928 I wm_on_start_called: [0,32578801,com.autonavi.map.activity.NewMapActivity,handleStartActivity,64]
12-21 13:33:30.841  7928  7928 I wm_on_resume_called: [0,32578801,com.autonavi.map.activity.NewMapActivity,RESUME_ACTIVITY,9]
12-21 13:33:30.886  7928  7928 I wm_on_destroy_called: [0,207111273,com.autonavi.map.activity.SplashActivity,performDestroy,1]
12-21 13:33:30.888  7928  7928 I wm_on_paused_called: [0,32578801,com.autonavi.map.activity.NewMapActivity,performPause,1]
12-21 13:33:30.940  7928  7928 I wm_on_idle_called: com.autonavi.map.activity.NewMapActivity
12-21 13:33:31.041  7928  7928 I wm_on_stop_called: [0,32578801,com.autonavi.map.activity.NewMapActivity,STOP_ACTIVITY_ITEM,80]
12-21 13:33:31.044  3309  3309 I wm_on_top_resumed_lost_called: [19529089,com.miui.home.launcher.Launcher,topStateChangedWhenResumed]
12-21 13:33:31.045  3309  3309 I wm_on_paused_called: [0,19529089,com.miui.home.launcher.Launcher,performPause,1]
12-21 13:33:31.229  3309  3649 I com.miui.home: CheckGCForNative adj_start_bytes: 32943108 NativeAllocationGcWatermark: 10574118 java_gc_start_bytes: 17081931 kNewNativeDiscountFactor: 2 kOldNativeDiscountFactor: 65536 old_native_bytes: 103325987 new_native_bytes: 33575776 add_bytes_allowed: 31722354 is_gc_concurrent: 1 target_footprint_: 17484080 GetBytesAllocated: 12723073 HeapGrowthMultiplier: 3
12-21 13:33:31.229  3309  3649 I com.miui.home: CheckGCForNative gc_urgency 0.895864 current_native_bytes is 136901763
12-21 13:33:31.362  3309  7954 I com.miui.home: CheckGCForNative adj_start_bytes: 32943108 NativeAllocationGcWatermark: 10574118 java_gc_start_bytes: 17081931 kNewNativeDiscountFactor: 2 kOldNativeDiscountFactor: 65536 old_native_bytes: 103325987 new_native_bytes: 23384828 add_bytes_allowed: 31722354 is_gc_concurrent: 1 target_footprint_: 17484080 GetBytesAllocated: 13321219 HeapGrowthMultiplier: 3
12-21 13:33:31.362  3309  7954 I com.miui.home: CheckGCForNative gc_urgency 0.759346 current_native_bytes is 126710815
12-21 13:33:31.393  3309  3509 I com.miui.home: CheckGCForNative adj_start_bytes: 32943108 NativeAllocationGcWatermark: 10574118 java_gc_start_bytes: 17081931 kNewNativeDiscountFactor: 2 kOldNativeDiscountFactor: 65536 old_native_bytes: 103325987 new_native_bytes: 23419868 add_bytes_allowed: 31722354 is_gc_concurrent: 1 target_footprint_: 17484080 GetBytesAllocated: 13357587 HeapGrowthMultiplier: 3
12-21 13:33:31.393  3309  3509 I com.miui.home: CheckGCForNative gc_urgency 0.761181 current_native_bytes is 126745855
12-21 13:33:31.637  3309  3509 I com.miui.home: CheckGCForNative adj_start_bytes: 32943108 NativeAllocationGcWatermark: 10574118 java_gc_start_bytes: 17081931 kNewNativeDiscountFactor: 2 kOldNativeDiscountFactor: 65536 old_native_bytes: 103325987 new_native_bytes: 23713936 add_bytes_allowed: 31722354 is_gc_concurrent: 1 target_footprint_: 17484080 GetBytesAllocated: 13971714 HeapGrowthMultiplier: 3
12-21 13:33:31.637  3309  3509 I com.miui.home: CheckGCForNative gc_urgency 0.784087 current_native_bytes is 127039923
12-21 13:33:32.011  8379  8379 I wm_on_create_called: [0,199451659,fm.qingting.qtradio.WelcomeActivity,performCreate,79]
12-21 13:33:32.012  8379  8379 I wm_on_start_called: [0,199451659,fm.qingting.qtradio.WelcomeActivity,handleStartActivity,1]
12-21 13:33:32.020  8379  8379 I wm_on_resume_called: [0,199451659,fm.qingting.qtradio.WelcomeActivity,RESUME_ACTIVITY,4]
12-21 13:33:32.057  8379  8379 I wm_on_top_resumed_gained_called: [199451659,fm.qingting.qtradio.WelcomeActivity,topStateChangedWhenResumed]
12-21 13:33:32.276  3309  3309 I wm_on_stop_called: [0,19529089,com.miui.home.launcher.Launcher,STOP_ACTIVITY_ITEM,3]
12-21 13:33:32.401  8379  8379 I wm_on_idle_called: fm.qingting.qtradio.WelcomeActivity
12-21 13:33:32.694  3309  3309 I wm_on_restart_called: [0,19529089,com.miui.home.launcher.Launcher,,0]
12-21 13:33:32.694  3309  3309 I wm_on_start_called: [0,19529089,com.miui.home.launcher.Launcher,handleStartActivity,0]
12-21 13:33:32.698  3309  3309 I wm_on_resume_called: [0,19529089,com.miui.home.launcher.Launcher,RESUME_ACTIVITY,3]
12-21 13:33:32.727  3309  3309 I wm_on_idle_called: com.miui.home.launcher.Launcher
12-21 13:33:32.855  3309  8621 I com.miui.home: CheckGCForNative adj_start_bytes: 32943108 NativeAllocationGcWatermark: 10574118 java_gc_start_bytes: 17081931 kNewNativeDiscountFactor: 2 kOldNativeDiscountFactor: 65536 old_native_bytes: 103325987 new_native_bytes: 34564084 add_bytes_allowed: 31722354 is_gc_concurrent: 1 target_footprint_: 17484080 GetBytesAllocated: 14661811 HeapGrowthMultiplier: 3
12-21 13:33:32.855  3309  8621 I com.miui.home: CheckGCForNative gc_urgency 0.969715 current_native_bytes is 137890071
12-21 13:33:32.856  3309  8621 I com.miui.home: CheckGCForNative adj_start_bytes: 32943108 NativeAllocationGcWatermark: 10574118 java_gc_start_bytes: 17081931 kNewNativeDiscountFactor: 2 kOldNativeDiscountFactor: 65536 old_native_bytes: 103325987 new_native_bytes: 45272500 add_bytes_allowed: 31722354 is_gc_concurrent: 1 target_footprint_: 17484080 GetBytesAllocated: 14672939 HeapGrowthMultiplier: 3
12-21 13:33:32.857  3309  8621 I com.miui.home: CheckGCForNative gc_urgency 1.13258 current_native_bytes is 148598487
12-21 13:33:32.858  3309  8621 I com.miui.home: CheckGCForNative requested 1
12-21 13:33:32.879  3309  7954 I com.miui.home: CheckGCForNative adj_start_bytes: 32943108 NativeAllocationGcWatermark: 10574118 java_gc_start_bytes: 17081931 kNewNativeDiscountFactor: 2 kOldNativeDiscountFactor: 65536 old_native_bytes: 103325987 new_native_bytes: 34600788 add_bytes_allowed: 31722354 is_gc_concurrent: 1 target_footprint_: 17484080 GetBytesAllocated: 14710745 HeapGrowthMultiplier: 3
12-21 13:33:32.879  3309  7954 I com.miui.home: CheckGCForNative gc_urgency 0.971758 current_native_bytes is 137926775
12-21 13:33:32.893  3309  3509 I com.miui.home: CheckGCForNative adj_start_bytes: 32943108 NativeAllocationGcWatermark: 10574118 java_gc_start_bytes: 17081931 kNewNativeDiscountFactor: 2 kOldNativeDiscountFactor: 65536 old_native_bytes: 103325987 new_native_bytes: 34618228 add_bytes_allowed: 31722354 is_gc_concurrent: 1 target_footprint_: 17484080 GetBytesAllocated: 14710745 HeapGrowthMultiplier: 3
12-21 13:33:32.893  3309  3509 I com.miui.home: CheckGCForNative gc_urgency 0.972022 current_native_bytes is 137944215
12-21 13:33:32.916  3309  8621 I com.miui.home: CheckGCForNative adj_start_bytes: 32943108 NativeAllocationGcWatermark: 10574118 java_gc_start_bytes: 17081931 kNewNativeDiscountFactor: 2 kOldNativeDiscountFactor: 65536 old_native_bytes: 103325987 new_native_bytes: 45476436 add_bytes_allowed: 31722354 is_gc_concurrent: 1 target_footprint_: 17484080 GetBytesAllocated: 14797040 HeapGrowthMultiplier: 3
12-21 13:33:32.916  3309  8621 I com.miui.home: CheckGCForNative gc_urgency 1.13944 current_native_bytes is 148802423
12-21 13:33:32.916  3309  8621 I com.miui.home: CheckGCForNative requested 1
12-21 13:33:33.116  3309  3354 I com.miui.home: NativeAlloc concurrent copying GC freed 136395(6172KB) AllocSpace objects, 6(312KB) LOS objects, 49% free, 8541KB/16MB, paused 297us,74us total 257.144ms
12-21 13:33:33.183  3309  3309 I wm_on_top_resumed_gained_called: [19529089,com.miui.home.launcher.Launcher,topStateChangedWhenResumed]
12-21 13:33:33.214  8379  8379 I wm_on_top_resumed_lost_called: [199451659,fm.qingting.qtradio.WelcomeActivity,topStateChangedWhenResumed]
12-21 13:33:33.226  3309  3509 I com.miui.home: CheckGCForNative gc_urgency 0 current_native_bytes is 126046827
12-21 13:33:33.329  3309  3380 I com.miui.home: CheckGCForNative adj_start_bytes: 32832255 NativeAllocationGcWatermark: 10575306 java_gc_start_bytes: 16969296 kNewNativeDiscountFactor: 2 kOldNativeDiscountFactor: 65536 old_native_bytes: 126046827 new_native_bytes: 10707360 add_bytes_allowed: 31725918 is_gc_concurrent: 1 target_footprint_: 17493584 GetBytesAllocated: 8925834 HeapGrowthMultiplier: 3
12-21 13:33:33.331  3309  3380 I com.miui.home: CheckGCForNative gc_urgency 0.434982 current_native_bytes is 136754187
12-21 13:33:33.331  3309  3508 I com.miui.home: CheckGCForNative adj_start_bytes: 32832255 NativeAllocationGcWatermark: 10575306 java_gc_start_bytes: 16969296 kNewNativeDiscountFactor: 2 kOldNativeDiscountFactor: 65536 old_native_bytes: 126046827 new_native_bytes: 21410784 add_bytes_allowed: 31725918 is_gc_concurrent: 1 target_footprint_: 17493584 GetBytesAllocated: 8925834 HeapGrowthMultiplier: 3
12-21 13:33:33.331  3309  3508 I com.miui.home: CheckGCForNative gc_urgency 0.597984 current_native_bytes is 147457611
12-21 13:33:33.332  3309  3508 I com.miui.home: CheckGCForNative adj_start_bytes: 32832255 NativeAllocationGcWatermark: 10575306 java_gc_start_bytes: 16969296 kNewNativeDiscountFactor: 2 kOldNativeDiscountFactor: 65536 old_native_bytes: 126046827 new_native_bytes: 32117728 add_bytes_allowed: 31725918 is_gc_concurrent: 1 target_footprint_: 17493584 GetBytesAllocated: 8926218 HeapGrowthMultiplier: 3
12-21 13:33:33.332  3309  3508 I com.miui.home: CheckGCForNative gc_urgency 0.76105 current_native_bytes is 158164555
12-21 13:33:33.492  8379  8379 I wm_on_paused_called: [0,199451659,fm.qingting.qtradio.WelcomeActivity,performPause,1]
12-21 13:33:33.528  3309  3309 I wm_on_top_resumed_lost_called: [19529089,com.miui.home.launcher.Launcher,topStateChangedWhenResumed]
12-21 13:33:33.552  3309  3309 I wm_on_paused_called: [0,19529089,com.miui.home.launcher.Launcher,performPause,1]
12-21 13:33:33.749  8379  8379 I wm_on_stop_called: [0,199451659,fm.qingting.qtradio.WelcomeActivity,STOP_ACTIVITY_ITEM,4]
12-21 13:33:33.757  8379  8379 I wm_on_destroy_called: [0,199451659,fm.qingting.qtradio.WelcomeActivity,performDestroy,4]
12-21 13:33:33.815  3309  3509 I com.miui.home: CheckGCForNative adj_start_bytes: 32832255 NativeAllocationGcWatermark: 10575306 java_gc_start_bytes: 16969296 kNewNativeDiscountFactor: 2 kOldNativeDiscountFactor: 65536 old_native_bytes: 126046827 new_native_bytes: 11645188 add_bytes_allowed: 31725918 is_gc_concurrent: 1 target_footprint_: 17493584 GetBytesAllocated: 9912278 HeapGrowthMultiplier: 3
12-21 13:33:33.815  3309  3509 I com.miui.home: CheckGCForNative gc_urgency 0.479309 current_native_bytes is 137692015
12-21 13:33:33.829  3309  7954 I com.miui.home: CheckGCForNative adj_start_bytes: 32832255 NativeAllocationGcWatermark: 10575306 java_gc_start_bytes: 16969296 kNewNativeDiscountFactor: 2 kOldNativeDiscountFactor: 65536 old_native_bytes: 126046827 new_native_bytes: 11721604 add_bytes_allowed: 31725918 is_gc_concurrent: 1 target_footprint_: 17493584 GetBytesAllocated: 10010582 HeapGrowthMultiplier: 3
12-21 13:33:33.829  3309  7954 I com.miui.home: CheckGCForNative gc_urgency 0.483467 current_native_bytes is 137768431
12-21 13:33:33.890  3309  3649 I com.miui.home: CheckGCForNative adj_start_bytes: 32832255 NativeAllocationGcWatermark: 10575306 java_gc_start_bytes: 16969296 kNewNativeDiscountFactor: 2 kOldNativeDiscountFactor: 65536 old_native_bytes: 126046827 new_native_bytes: 23809020 add_bytes_allowed: 31725918 is_gc_concurrent: 1 target_footprint_: 17493584 GetBytesAllocated: 10128190 HeapGrowthMultiplier: 3
12-21 13:33:33.890  3309  3649 I com.miui.home: CheckGCForNative gc_urgency 0.671127 current_native_bytes is 149855847
12-21 13:33:33.891  3309  3649 I com.miui.home: CheckGCForNative adj_start_bytes: 32832255 NativeAllocationGcWatermark: 10575306 java_gc_start_bytes: 16969296 kNewNativeDiscountFactor: 2 kOldNativeDiscountFactor: 65536 old_native_bytes: 126046827 new_native_bytes: 34516476 add_bytes_allowed: 31725918 is_gc_concurrent: 1 target_footprint_: 17493584 GetBytesAllocated: 10136773 HeapGrowthMultiplier: 3
12-21 13:33:33.891  3309  3649 I com.miui.home: CheckGCForNative gc_urgency 0.834452 current_native_bytes is 160563303
12-21 13:33:34.082  3309  3509 I com.miui.home: CheckGCForNative adj_start_bytes: 32832255 NativeAllocationGcWatermark: 10575306 java_gc_start_bytes: 16969296 kNewNativeDiscountFactor: 2 kOldNativeDiscountFactor: 65536 old_native_bytes: 126046827 new_native_bytes: 24222064 add_bytes_allowed: 31725918 is_gc_concurrent: 1 target_footprint_: 17493584 GetBytesAllocated: 10744307 HeapGrowthMultiplier: 3
12-21 13:33:34.082  3309  3509 I com.miui.home: CheckGCForNative gc_urgency 0.696183 current_native_bytes is 150268891
12-21 13:33:34.476  8740  8740 I wm_on_application_create_called: [0,com.xiaomi.bluetooth,247]
12-21 13:33:35.053  3309  3309 I wm_on_resume_called: [0,19529089,com.miui.home.launcher.Launcher,RESUME_ACTIVITY,3]
12-21 13:33:35.054  3309  3309 I com.miui.home: CheckGCForNative adj_start_bytes: 32832255 NativeAllocationGcWatermark: 10575306 java_gc_start_bytes: 16969296 kNewNativeDiscountFactor: 2 kOldNativeDiscountFactor: 65536 old_native_bytes: 126046827 new_native_bytes: 24117040 add_bytes_allowed: 31725918 is_gc_concurrent: 1 target_footprint_: 17493584 GetBytesAllocated: 11235160 HeapGrowthMultiplier: 3
12-21 13:33:35.054  3309  3309 I com.miui.home: CheckGCForNative gc_urgency 0.709534 current_native_bytes is 150163867
12-21 13:33:35.061  3309  3309 I wm_on_idle_called: com.miui.home.launcher.Launcher
12-21 13:33:35.233  3309  3863 I com.miui.home: CheckGCForNative adj_start_bytes: 32832255 NativeAllocationGcWatermark: 10575306 java_gc_start_bytes: 16969296 kNewNativeDiscountFactor: 2 kOldNativeDiscountFactor: 65536 old_native_bytes: 126046827 new_native_bytes: 34928932 add_bytes_allowed: 31725918 is_gc_concurrent: 1 target_footprint_: 17493584 GetBytesAllocated: 12012778 HeapGrowthMultiplier: 3
12-21 13:33:35.233  3309  3863 I com.miui.home: CheckGCForNative gc_urgency 0.897872 current_native_bytes is 160975759
12-21 13:33:35.234  3309  3863 I com.miui.home: CheckGCForNative adj_start_bytes: 32832255 NativeAllocationGcWatermark: 10575306 java_gc_start_bytes: 16969296 kNewNativeDiscountFactor: 2 kOldNativeDiscountFactor: 65536 old_native_bytes: 126046827 new_native_bytes: 45635876 add_bytes_allowed: 31725918 is_gc_concurrent: 1 target_footprint_: 17493584 GetBytesAllocated: 12014561 HeapGrowthMultiplier: 3
12-21 13:33:35.234  3309  3863 I com.miui.home: CheckGCForNative gc_urgency 1.06098 current_native_bytes is 171682703
12-21 13:33:35.234  3309  3863 I com.miui.home: CheckGCForNative requested 1
12-21 13:33:35.235  3309  8621 I com.miui.home: CheckGCForNative adj_start_bytes: 32832255 NativeAllocationGcWatermark: 10575306 java_gc_start_bytes: 16969296 kNewNativeDiscountFactor: 2 kOldNativeDiscountFactor: 65536 old_native_bytes: 126046827 new_native_bytes: 45635716 add_bytes_allowed: 31725918 is_gc_concurrent: 1 target_footprint_: 17493584 GetBytesAllocated: 12014561 HeapGrowthMultiplier: 3
12-21 13:33:35.235  3309  8621 I com.miui.home: CheckGCForNative gc_urgency 1.06098 current_native_bytes is 171682543
12-21 13:33:35.235  3309  8621 I com.miui.home: CheckGCForNative requested 1
12-21 13:33:35.243  3309  7954 I com.miui.home: CheckGCForNative adj_start_bytes: 32832255 NativeAllocationGcWatermark: 10575306 java_gc_start_bytes: 16969296 kNewNativeDiscountFactor: 2 kOldNativeDiscountFactor: 65536 old_native_bytes: 126046827 new_native_bytes: 34932324 add_bytes_allowed: 31725918 is_gc_concurrent: 1 target_footprint_: 17493584 GetBytesAllocated: 12046999 HeapGrowthMultiplier: 3
12-21 13:33:35.243  3309  7954 I com.miui.home: CheckGCForNative gc_urgency 0.898966 current_native_bytes is 160979151
12-21 13:33:35.513  3309  3309 I wm_on_top_resumed_gained_called: [19529089,com.miui.home.launcher.Launcher,topStateChangedWhenResumed]
12-21 13:33:35.559  3309  3509 I com.miui.home: CheckGCForNative gc_urgency 0 current_native_bytes is 127474395
12-21 13:33:35.712  3309  3566 I com.miui.home: CheckGCForNative adj_start_bytes: 33119277 NativeAllocationGcWatermark: 10564127 java_gc_start_bytes: 17273087 kNewNativeDiscountFactor: 2 kOldNativeDiscountFactor: 65536 old_native_bytes: 127474395 new_native_bytes: 10710016 add_bytes_allowed: 31692381 is_gc_concurrent: 1 target_footprint_: 17404159 GetBytesAllocated: 8916628 HeapGrowthMultiplier: 3
12-21 13:33:35.712  3309  3566 I com.miui.home: CheckGCForNative gc_urgency 0.430975 current_native_bytes is 138184411
12-21 13:33:35.712  3309  3508 I com.miui.home: CheckGCForNative adj_start_bytes: 33119277 NativeAllocationGcWatermark: 10564127 java_gc_start_bytes: 17273087 kNewNativeDiscountFactor: 2 kOldNativeDiscountFactor: 65536 old_native_bytes: 127474395 new_native_bytes: 21415936 add_bytes_allowed: 31692381 is_gc_concurrent: 1 target_footprint_: 17404159 GetBytesAllocated: 8916628 HeapGrowthMultiplier: 3
12-21 13:33:35.713  3309  3508 I com.miui.home: CheckGCForNative gc_urgency 0.592607 current_native_bytes is 148890331
12-21 13:33:35.713  3309  3508 I com.miui.home: CheckGCForNative adj_start_bytes: 33119277 NativeAllocationGcWatermark: 10564127 java_gc_start_bytes: 17273087 kNewNativeDiscountFactor: 2 kOldNativeDiscountFactor: 65536 old_native_bytes: 127474395 new_native_bytes: 32123392 add_bytes_allowed: 31692381 is_gc_concurrent: 1 target_footprint_: 17404159 GetBytesAllocated: 8917012 HeapGrowthMultiplier: 3
12-21 13:33:35.713  3309  3508 I com.miui.home: CheckGCForNative gc_urgency 0.754263 current_native_bytes is 159597787
12-21 13:33:35.892  3309  3309 I com.miui.home: CheckGCForNative adj_start_bytes: 33119277 NativeAllocationGcWatermark: 10564127 java_gc_start_bytes: 17273087 kNewNativeDiscountFactor: 2 kOldNativeDiscountFactor: 65536 old_native_bytes: 127474395 new_native_bytes: 10709556 add_bytes_allowed: 31692381 is_gc_concurrent: 1 target_footprint_: 17404159 GetBytesAllocated: 9046080 HeapGrowthMultiplier: 3
12-21 13:33:35.892  3309  3309 I com.miui.home: CheckGCForNative gc_urgency 0.434877 current_native_bytes is 138183951
12-21 13:33:35.928  3309  3309 I wm_on_top_resumed_lost_called: [19529089,com.miui.home.launcher.Launcher,topStateChangedWhenResumed]
12-21 13:33:36.125  3309  3649 I com.miui.home: CheckGCForNative adj_start_bytes: 33119277 NativeAllocationGcWatermark: 10564127 java_gc_start_bytes: 17273087 kNewNativeDiscountFactor: 2 kOldNativeDiscountFactor: 65536 old_native_bytes: 127474395 new_native_bytes: 22582068 add_bytes_allowed: 31692381 is_gc_concurrent: 1 target_footprint_: 17404159 GetBytesAllocated: 9870106 HeapGrowthMultiplier: 3
12-21 13:33:36.125  3309  3649 I com.miui.home: CheckGCForNative gc_urgency 0.638996 current_native_bytes is 150056463
12-21 13:33:36.135  8761  8761 I wm_on_application_create_called: [0,com.ss.android.ugc.aweme,1312]
12-21 13:33:36.229  3309  3309 I wm_on_paused_called: [0,19529089,com.miui.home.launcher.Launcher,performPause,1]
12-21 13:33:36.359  3309  3649 I com.miui.home: CheckGCForNative adj_start_bytes: 33119277 NativeAllocationGcWatermark: 10564127 java_gc_start_bytes: 17273087 kNewNativeDiscountFactor: 2 kOldNativeDiscountFactor: 65536 old_native_bytes: 127474395 new_native_bytes: 11912296 add_bytes_allowed: 31692381 is_gc_concurrent: 1 target_footprint_: 17404159 GetBytesAllocated: 10271105 HeapGrowthMultiplier: 3
12-21 13:33:36.359  3309  3649 I com.miui.home: CheckGCForNative gc_urgency 0.490023 current_native_bytes is 139386691
12-21 13:33:36.617  3309  3649 I com.miui.home: CheckGCForNative adj_start_bytes: 33119277 NativeAllocationGcWatermark: 10564127 java_gc_start_bytes: 17273087 kNewNativeDiscountFactor: 2 kOldNativeDiscountFactor: 65536 old_native_bytes: 127474395 new_native_bytes: 12618900 add_bytes_allowed: 31692381 is_gc_concurrent: 1 target_footprint_: 17404159 GetBytesAllocated: 11004318 HeapGrowthMultiplier: 3
12-21 13:33:36.617  3309  3649 I com.miui.home: CheckGCForNative gc_urgency 0.522829 current_native_bytes is 140093295
12-21 13:33:36.848  3309  3509 I com.miui.home: CheckGCForNative adj_start_bytes: 33119277 NativeAllocationGcWatermark: 10564127 java_gc_start_bytes: 17273087 kNewNativeDiscountFactor: 2 kOldNativeDiscountFactor: 65536 old_native_bytes: 127474395 new_native_bytes: 12946316 add_bytes_allowed: 31692381 is_gc_concurrent: 1 target_footprint_: 17404159 GetBytesAllocated: 11525878 HeapGrowthMultiplier: 3
12-21 13:33:36.848  3309  3509 I com.miui.home: CheckGCForNative gc_urgency 0.54352 current_native_bytes is 140420711
12-21 13:33:36.915  3309  3509 I com.miui.home: CheckGCForNative adj_start_bytes: 33119277 NativeAllocationGcWatermark: 10564127 java_gc_start_bytes: 17273087 kNewNativeDiscountFactor: 2 kOldNativeDiscountFactor: 65536 old_native_bytes: 127474395 new_native_bytes: 12950604 add_bytes_allowed: 31692381 is_gc_concurrent: 1 target_footprint_: 17404159 GetBytesAllocated: 11551137 HeapGrowthMultiplier: 3
12-21 13:33:36.915  3309  3509 I com.miui.home: CheckGCForNative gc_urgency 0.544347 current_native_bytes is 140424999
12-21 13:33:37.217  9092  9092 I wm_on_create_called: [0,68388460,com.eg.android.AlipayGphone.AlipayLogin,performCreate,77]
12-21 13:33:37.230  9092  9092 I wm_on_start_called: [0,68388460,com.eg.android.AlipayGphone.AlipayLogin,handleStartActivity,12]
12-21 13:33:37.238  9092  9092 I wm_on_resume_called: [0,68388460,com.eg.android.AlipayGphone.AlipayLogin,RESUME_ACTIVITY,5]
12-21 13:33:37.275  9092  9092 I wm_on_top_resumed_gained_called: [68388460,com.eg.android.AlipayGphone.AlipayLogin,topStateChangedWhenResumed]
12-21 13:33:37.348  8761  8761 I wm_on_create_called: [0,92115728,com.ss.android.ugc.aweme.splash.SplashActivity,performCreate,1131]
12-21 13:33:37.479  3309  3309 I wm_on_stop_called: [0,19529089,com.miui.home.launcher.Launcher,STOP_ACTIVITY_ITEM,4]
12-21 13:33:37.517  3309  3309 I wm_on_restart_called: [0,19529089,com.miui.home.launcher.Launcher,,0]
12-21 13:33:37.518  3309  3309 I wm_on_start_called: [0,19529089,com.miui.home.launcher.Launcher,handleStartActivity,0]
12-21 13:33:37.523  3309  3309 I wm_on_resume_called: [0,19529089,com.miui.home.launcher.Launcher,RESUME_ACTIVITY,4]
12-21 13:33:37.589  3309  3309 I wm_on_idle_called: com.miui.home.launcher.Launcher
12-21 13:33:37.677  8761  8761 I wm_on_start_called: [0,92115728,com.ss.android.ugc.aweme.splash.SplashActivity,handleStartActivity,310]
12-21 13:33:37.720  3309  3566 I com.miui.home: CheckGCForNative adj_start_bytes: 33119277 NativeAllocationGcWatermark: 10564127 java_gc_start_bytes: 17273087 kNewNativeDiscountFactor: 2 kOldNativeDiscountFactor: 65536 old_native_bytes: 127474395 new_native_bytes: 34311016 add_bytes_allowed: 31692381 is_gc_concurrent: 1 target_footprint_: 17404159 GetBytesAllocated: 12902309 HeapGrowthMultiplier: 3
12-21 13:33:37.720  3309  3566 I com.miui.home: CheckGCForNative gc_urgency 0.907621 current_native_bytes is 161785411
12-21 13:33:37.720  3309  3309 I com.miui.home: CheckGCForNative adj_start_bytes: 33119277 NativeAllocationGcWatermark: 10564127 java_gc_start_bytes: 17273087 kNewNativeDiscountFactor: 2 kOldNativeDiscountFactor: 65536 old_native_bytes: 127474395 new_native_bytes: 45017960 add_bytes_allowed: 31692381 is_gc_concurrent: 1 target_footprint_: 17404159 GetBytesAllocated: 12912696 HeapGrowthMultiplier: 3
12-21 13:33:37.720  3309  3309 I com.miui.home: CheckGCForNative gc_urgency 1.06958 current_native_bytes is 172492355
12-21 13:33:37.720  3309  3309 I com.miui.home: CheckGCForNative requested 1
12-21 13:33:37.721  3309  8621 I com.miui.home: CheckGCForNative adj_start_bytes: 33119277 NativeAllocationGcWatermark: 10564127 java_gc_start_bytes: 17273087 kNewNativeDiscountFactor: 2 kOldNativeDiscountFactor: 65536 old_native_bytes: 127474395 new_native_bytes: 34311016 add_bytes_allowed: 31692381 is_gc_concurrent: 1 target_footprint_: 17404159 GetBytesAllocated: 12902309 HeapGrowthMultiplier: 3
12-21 13:33:37.721  3309  8621 I com.miui.home: CheckGCForNative gc_urgency 0.907935 current_native_bytes is 161785411
12-21 13:33:37.822  8761  8761 I wm_on_resume_called: [0,92115728,com.ss.android.ugc.aweme.splash.SplashActivity,RESUME_ACTIVITY,129]
12-21 13:33:37.872  3309  3354 I com.miui.home: NativeAlloc concurrent copying GC freed 84982(4002KB) AllocSpace objects, 6(240KB) LOS objects, 49% free, 8526KB/16MB, paused 85us,27us total 151.114ms
12-21 13:33:37.926  3309  3509 I com.miui.home: CheckGCForNative gc_urgency 0 current_native_bytes is 128056663
12-21 13:33:37.979  8761  8761 I wm_on_top_resumed_gained_called: [92115728,com.ss.android.ugc.aweme.splash.SplashActivity,topStateChangedWhenResumed]
12-21 13:33:38.011  3309  3309 I wm_on_top_resumed_gained_called: [19529089,com.miui.home.launcher.Launcher,topStateChangedWhenResumed]
12-21 13:33:38.171  3309  3509 I com.miui.home: CheckGCForNative gc_urgency 0 current_native_bytes is 128048951
12-21 13:33:38.234  3309  3508 I com.miui.home: CheckGCForNative adj_start_bytes: 33156472 NativeAllocationGcWatermark: 10571332 java_gc_start_bytes: 17299474 kNewNativeDiscountFactor: 2 kOldNativeDiscountFactor: 65536 old_native_bytes: 128048951 new_native_bytes: 10696960 add_bytes_allowed: 31713996 is_gc_concurrent: 1 target_footprint_: 17461797 GetBytesAllocated: 8909497 HeapGrowthMultiplier: 3
12-21 13:33:38.234  3309  3508 I com.miui.home: CheckGCForNative gc_urgency 0.43008 current_native_bytes is 138745911
12-21 13:33:38.234  3309  3508 I com.miui.home: CheckGCForNative adj_start_bytes: 33156472 NativeAllocationGcWatermark: 10571332 java_gc_start_bytes: 17299474 kNewNativeDiscountFactor: 2 kOldNativeDiscountFactor: 65536 old_native_bytes: 128048951 new_native_bytes: 21403904 add_bytes_allowed: 31713996 is_gc_concurrent: 1 target_footprint_: 17461797 GetBytesAllocated: 8909689 HeapGrowthMultiplier: 3
12-21 13:33:38.234  3309  3508 I com.miui.home: CheckGCForNative gc_urgency 0.591546 current_native_bytes is 149452855
12-21 13:33:38.243  3309  3380 I com.miui.home: CheckGCForNative adj_start_bytes: 33156472 NativeAllocationGcWatermark: 10571332 java_gc_start_bytes: 17299474 kNewNativeDiscountFactor: 2 kOldNativeDiscountFactor: 65536 old_native_bytes: 128048951 new_native_bytes: 21403904 add_bytes_allowed: 31713996 is_gc_concurrent: 1 target_footprint_: 17461797 GetBytesAllocated: 8909689 HeapGrowthMultiplier: 3
12-21 13:33:38.243  3309  3380 I com.miui.home: CheckGCForNative gc_urgency 0.591546 current_native_bytes is 149452855
12-21 13:33:38.330  9092  9092 I wm_on_top_resumed_lost_called: [68388460,com.eg.android.AlipayGphone.AlipayLogin,topStateChangedWhenResumed]
12-21 13:33:38.610  3309  3309 I wm_on_top_resumed_lost_called: [19529089,com.miui.home.launcher.Launcher,topStateChangedWhenResumed]
12-21 13:33:38.805  3309  7954 I com.miui.home: CheckGCForNative adj_start_bytes: 33156472 NativeAllocationGcWatermark: 10571332 java_gc_start_bytes: 17299474 kNewNativeDiscountFactor: 2 kOldNativeDiscountFactor: 65536 old_native_bytes: 128048951 new_native_bytes: 11162344 add_bytes_allowed: 31713996 is_gc_concurrent: 1 target_footprint_: 17461797 GetBytesAllocated: 9237235 HeapGrowthMultiplier: 3
12-21 13:33:38.805  3309  7954 I com.miui.home: CheckGCForNative gc_urgency 0.446982 current_native_bytes is 139211295
12-21 13:33:38.965  3309  3468 I com.miui.home: CheckGCForNative adj_start_bytes: 33156472 NativeAllocationGcWatermark: 10571332 java_gc_start_bytes: 17299474 kNewNativeDiscountFactor: 2 kOldNativeDiscountFactor: 65536 old_native_bytes: 128048951 new_native_bytes: 22983908 add_bytes_allowed: 31713996 is_gc_concurrent: 1 target_footprint_: 17461797 GetBytesAllocated: 9934384 HeapGrowthMultiplier: 3
12-21 13:33:38.965  3309  3468 I com.miui.home: CheckGCForNative gc_urgency 0.646278 current_native_bytes is 151032859
12-21 13:33:39.047  3309  3309 I wm_on_paused_called: [0,19529089,com.miui.home.launcher.Launcher,performPause,1]
12-21 13:33:39.048  3309  3509 I com.miui.home: CheckGCForNative adj_start_bytes: 33156472 NativeAllocationGcWatermark: 10571332 java_gc_start_bytes: 17299474 kNewNativeDiscountFactor: 2 kOldNativeDiscountFactor: 65536 old_native_bytes: 128048951 new_native_bytes: 37622756 add_bytes_allowed: 31713996 is_gc_concurrent: 1 target_footprint_: 17461797 GetBytesAllocated: 9976746 HeapGrowthMultiplier: 3
12-21 13:33:39.048  3309  3509 I com.miui.home: CheckGCForNative gc_urgency 0.868309 current_native_bytes is 165671707
12-21 13:33:39.127  3309  3468 I com.miui.home: CheckGCForNative adj_start_bytes: 33156472 NativeAllocationGcWatermark: 10571332 java_gc_start_bytes: 17299474 kNewNativeDiscountFactor: 2 kOldNativeDiscountFactor: 65536 old_native_bytes: 128048951 new_native_bytes: 37675444 add_bytes_allowed: 31713996 is_gc_concurrent: 1 target_footprint_: 17461797 GetBytesAllocated: 10088455 HeapGrowthMultiplier: 3
12-21 13:33:39.127  3309  3468 I com.miui.home: CheckGCForNative gc_urgency 0.872473 current_native_bytes is 165724395
12-21 13:33:39.128  3309  3468 I com.miui.home: CheckGCForNative adj_start_bytes: 33156472 NativeAllocationGcWatermark: 10571332 java_gc_start_bytes: 17299474 kNewNativeDiscountFactor: 2 kOldNativeDiscountFactor: 65536 old_native_bytes: 128048951 new_native_bytes: 25878964 add_bytes_allowed: 31713996 is_gc_concurrent: 1 target_footprint_: 17461797 GetBytesAllocated: 10088455 HeapGrowthMultiplier: 3
12-21 13:33:39.128  3309  3468 I com.miui.home: CheckGCForNative gc_urgency 0.694582 current_native_bytes is 153927915
12-21 13:33:39.223  3309  3468 I com.miui.home: CheckGCForNative adj_start_bytes: 33156472 NativeAllocationGcWatermark: 10571332 java_gc_start_bytes: 17299474 kNewNativeDiscountFactor: 2 kOldNativeDiscountFactor: 65536 old_native_bytes: 128048951 new_native_bytes: 26696756 add_bytes_allowed: 31713996 is_gc_concurrent: 1 target_footprint_: 17461797 GetBytesAllocated: 10273786 HeapGrowthMultiplier: 3
12-21 13:33:39.223  3309  3468 I com.miui.home: CheckGCForNative gc_urgency 0.712504 current_native_bytes is 154745707
12-21 13:33:39.237  3309  3509 I com.miui.home: CheckGCForNative adj_start_bytes: 33156472 NativeAllocationGcWatermark: 10571332 java_gc_start_bytes: 17299474 kNewNativeDiscountFactor: 2 kOldNativeDiscountFactor: 65536 old_native_bytes: 128048951 new_native_bytes: 26698228 add_bytes_allowed: 31713996 is_gc_concurrent: 1 target_footprint_: 17461797 GetBytesAllocated: 10366326 HeapGrowthMultiplier: 3
12-21 13:33:39.237  3309  3509 I com.miui.home: CheckGCForNative gc_urgency 0.715317 current_native_bytes is 154747179
12-21 13:33:39.355  3309  3309 I com.miui.home: CheckGCForNative adj_start_bytes: 33156472 NativeAllocationGcWatermark: 10571332 java_gc_start_bytes: 17299474 kNewNativeDiscountFactor: 2 kOldNativeDiscountFactor: 65536 old_native_bytes: 128048951 new_native_bytes: 26447048 add_bytes_allowed: 31713996 is_gc_concurrent: 1 target_footprint_: 17461797 GetBytesAllocated: 10488160 HeapGrowthMultiplier: 3
12-21 13:33:39.355  3309  3309 I com.miui.home: CheckGCForNative gc_urgency 0.715204 current_native_bytes is 154495999
12-21 13:33:39.508  9763  9763 I wm_on_application_create_called: [0,com.xunmeng.pinduoduo,241]
12-21 13:33:39.592  3309  3468 I com.miui.home: CheckGCForNative adj_start_bytes: 33156472 NativeAllocationGcWatermark: 10571332 java_gc_start_bytes: 17299474 kNewNativeDiscountFactor: 2 kOldNativeDiscountFactor: 65536 old_native_bytes: 128048951 new_native_bytes: 28467780 add_bytes_allowed: 31713996 is_gc_concurrent: 1 target_footprint_: 17461797 GetBytesAllocated: 11350991 HeapGrowthMultiplier: 3
12-21 13:33:39.592  3309  3468 I com.miui.home: CheckGCForNative gc_urgency 0.7717 current_native_bytes is 156516731
12-21 13:33:39.592  3309  3468 I com.miui.home: CheckGCForNative adj_start_bytes: 33156472 NativeAllocationGcWatermark: 10571332 java_gc_start_bytes: 17299474 kNewNativeDiscountFactor: 2 kOldNativeDiscountFactor: 65536 old_native_bytes: 128048951 new_native_bytes: 29918412 add_bytes_allowed: 31713996 is_gc_concurrent: 1 target_footprint_: 17461797 GetBytesAllocated: 11356342 HeapGrowthMultiplier: 3
12-21 13:33:39.592  3309  3468 I com.miui.home: CheckGCForNative gc_urgency 0.793736 current_native_bytes is 157967363
12-21 13:33:39.603  3309  3468 I com.miui.home: CheckGCForNative adj_start_bytes: 33156472 NativeAllocationGcWatermark: 10571332 java_gc_start_bytes: 17299474 kNewNativeDiscountFactor: 2 kOldNativeDiscountFactor: 65536 old_native_bytes: 128048951 new_native_bytes: 41719500 add_bytes_allowed: 31713996 is_gc_concurrent: 1 target_footprint_: 17461797 GetBytesAllocated: 11356390 HeapGrowthMultiplier: 3
12-21 13:33:39.604  3309  3468 I com.miui.home: CheckGCForNative gc_urgency 0.971698 current_native_bytes is 169768451
12-21 13:33:39.722  9092  9092 I wm_on_paused_called: [0,68388460,com.eg.android.AlipayGphone.AlipayLogin,performPause,93]
12-21 13:33:39.736  3309  3309 I wm_on_stop_called: [0,19529089,com.miui.home.launcher.Launcher,STOP_ACTIVITY_ITEM,3]
12-21 13:33:39.739  9763  9763 I wm_on_create_called: [0,143392514,com.xunmeng.pinduoduo.ui.activity.MainFrameActivity,performCreate,79]
12-21 13:33:39.938  3309  3309 I wm_on_restart_called: [0,19529089,com.miui.home.launcher.Launcher,,0]
12-21 13:33:39.939  3309  3309 I wm_on_start_called: [0,19529089,com.miui.home.launcher.Launcher,handleStartActivity,0]
12-21 13:33:39.942  3309  3309 I wm_on_resume_called: [0,19529089,com.miui.home.launcher.Launcher,RESUME_ACTIVITY,3]
12-21 13:33:39.979  3309  3309 I wm_on_idle_called: com.miui.home.launcher.Launcher
12-21 13:33:40.164  3309  3863 I com.miui.home: CheckGCForNative adj_start_bytes: 33156472 NativeAllocationGcWatermark: 10571332 java_gc_start_bytes: 17299474 kNewNativeDiscountFactor: 2 kOldNativeDiscountFactor: 65536 old_native_bytes: 128048951 new_native_bytes: 51985900 add_bytes_allowed: 31713996 is_gc_concurrent: 1 target_footprint_: 17461797 GetBytesAllocated: 12204449 HeapGrowthMultiplier: 3
12-21 13:33:40.164  3309  3863 I com.miui.home: CheckGCForNative gc_urgency 1.15209 current_native_bytes is 180034851
12-21 13:33:40.164  3309  3863 I com.miui.home: CheckGCForNative requested 1
12-21 13:33:40.164  3309  3863 I com.miui.home: CheckGCForNative adj_start_bytes: 33156472 NativeAllocationGcWatermark: 10571332 java_gc_start_bytes: 17299474 kNewNativeDiscountFactor: 2 kOldNativeDiscountFactor: 65536 old_native_bytes: 128048951 new_native_bytes: 62692844 add_bytes_allowed: 31713996 is_gc_concurrent: 1 target_footprint_: 17461797 GetBytesAllocated: 12206912 HeapGrowthMultiplier: 3
12-21 13:33:40.164  3309  3863 I com.miui.home: CheckGCForNative gc_urgency 1.31363 current_native_bytes is 190741795
12-21 13:33:40.164  3309  3863 I com.miui.home: CheckGCForNative requested 1
12-21 13:33:40.260  3309  3509 I com.miui.home: CheckGCForNative adj_start_bytes: 33156472 NativeAllocationGcWatermark: 10571332 java_gc_start_bytes: 17299474 kNewNativeDiscountFactor: 2 kOldNativeDiscountFactor: 65536 old_native_bytes: 128048951 new_native_bytes: 52067180 add_bytes_allowed: 31713996 is_gc_concurrent: 1 target_footprint_: 17461797 GetBytesAllocated: 12859258 HeapGrowthMultiplier: 3
12-21 13:33:40.260  3309  3509 I com.miui.home: CheckGCForNative gc_urgency 1.17307 current_native_bytes is 180116131
12-21 13:33:40.260  3309  3509 I com.miui.home: CheckGCForNative requested 1
12-21 13:33:40.293  3309  3566 I com.miui.home: CheckGCForNative adj_start_bytes: 33156472 NativeAllocationGcWatermark: 10571332 java_gc_start_bytes: 17299474 kNewNativeDiscountFactor: 2 kOldNativeDiscountFactor: 65536 old_native_bytes: 128048951 new_native_bytes: 62777388 add_bytes_allowed: 31713996 is_gc_concurrent: 1 target_footprint_: 17461797 GetBytesAllocated: 12886066 HeapGrowthMultiplier: 3
12-21 13:33:40.294  3309  3566 I com.miui.home: CheckGCForNative gc_urgency 1.33539 current_native_bytes is 190826339
12-21 13:33:40.294  3309  3566 I com.miui.home: CheckGCForNative requested 1
12-21 13:33:40.349  3309  3509 I com.miui.home: CheckGCForNative adj_start_bytes: 33156472 NativeAllocationGcWatermark: 10571332 java_gc_start_bytes: 17299474 kNewNativeDiscountFactor: 2 kOldNativeDiscountFactor: 65536 old_native_bytes: 128048951 new_native_bytes: 52405120 add_bytes_allowed: 31713996 is_gc_concurrent: 1 target_footprint_: 17461797 GetBytesAllocated: 13251353 HeapGrowthMultiplier: 3
12-21 13:33:40.349  3309  3509 I com.miui.home: CheckGCForNative gc_urgency 1.18999 current_native_bytes is 180454071
12-21 13:33:40.349  3309  3509 I com.miui.home: CheckGCForNative requested 1
12-21 13:33:40.432  3309  3309 I wm_on_top_resumed_gained_called: [19529089,com.miui.home.launcher.Launcher,topStateChangedWhenResumed]
12-21 13:33:40.526  3309  3509 I com.miui.home: CheckGCForNative adj_start_bytes: 33156472 NativeAllocationGcWatermark: 10571332 java_gc_start_bytes: 17299474 kNewNativeDiscountFactor: 2 kOldNativeDiscountFactor: 65536 old_native_bytes: 128048951 new_native_bytes: 52453632 add_bytes_allowed: 31713996 is_gc_concurrent: 1 target_footprint_: 17461797 GetBytesAllocated: 13500871 HeapGrowthMultiplier: 3
12-21 13:33:40.526  3309  3509 I com.miui.home: CheckGCForNative gc_urgency 1.19825 current_native_bytes is 180502583
12-21 13:33:40.526  3309  3509 I com.miui.home: CheckGCForNative requested 1
12-21 13:33:40.532  3309  3649 I com.miui.home: CheckGCForNative adj_start_bytes: 33156472 NativeAllocationGcWatermark: 10571332 java_gc_start_bytes: 17299474 kNewNativeDiscountFactor: 2 kOldNativeDiscountFactor: 65536 old_native_bytes: 128048951 new_native_bytes: 63160128 add_bytes_allowed: 31713996 is_gc_concurrent: 1 target_footprint_: 17461797 GetBytesAllocated: 13270228 HeapGrowthMultiplier: 3
12-21 13:33:40.533  3309  3649 I com.miui.home: CheckGCForNative gc_urgency 1.35274 current_native_bytes is 191209079
12-21 13:33:40.533  3309  3649 I com.miui.home: CheckGCForNative requested 1
12-21 13:33:40.535  3309  3354 I com.miui.home: NativeAlloc concurrent copying GC freed 84597(4105KB) AllocSpace objects, 6(240KB) LOS objects, 49% free, 8882KB/17MB, paused 1.133ms,80us total 369.656ms
