12-19 20:03:06.857  3327  3327 I wm_on_top_resumed_lost_called: [119940603,com.miui.home.launcher.Launcher,topStateChangedWhenResumed]
12-19 20:03:06.865  3327  3327 I wm_on_paused_called: [0,119940603,com.miui.home.launcher.Launcher,performPause,4]
12-19 20:03:06.986  3327  3369 D cccccc  : onTaskStackChangedBackground
12-19 20:03:06.988  3327  3369 D cccccc  : onTaskStackChangedBackground
12-19 20:03:07.033  3327  3369 D cccccc  : onTaskStackChangedBackground
12-19 20:03:07.042  3327  3369 D cccccc  : onTaskStackChangedBackground
12-19 20:03:07.254  3327  3730 I com.miui.home: CheckGCForNative adj_start_bytes: 41702867 NativeAllocationGcWatermark: 11467663 java_gc_start_bytes: 24501373 kNewNativeDiscountFactor: 2 kOldNativeDiscountFactor: 65536 old_native_bytes: 71720955 new_native_bytes: 1080364 add_bytes_allowed: 34402989 is_gc_concurrent: 1 target_footprint_: 24632445 GetBytesAllocated: 13318510 HeapGrowthMultiplier: 3
12-19 20:03:07.254  3327  3730 I com.miui.home: CheckGCForNative gc_urgency 0.332346 current_native_bytes is 72801319
12-19 20:03:07.374  3327  3730 I com.miui.home: CheckGCForNative adj_start_bytes: 41702867 NativeAllocationGcWatermark: 11467663 java_gc_start_bytes: 24501373 kNewNativeDiscountFactor: 2 kOldNativeDiscountFactor: 65536 old_native_bytes: 71720955 new_native_bytes: 1987420 add_bytes_allowed: 34402989 is_gc_concurrent: 1 target_footprint_: 24632445 GetBytesAllocated: 13397124 HeapGrowthMultiplier: 3
12-19 20:03:07.374  3327  3730 I com.miui.home: CheckGCForNative gc_urgency 0.345106 current_native_bytes is 73708375
12-19 20:03:07.468  3327  3989 I com.miui.home: CheckGCForNative adj_start_bytes: 41702867 NativeAllocationGcWatermark: 11467663 java_gc_start_bytes: 24501373 kNewNativeDiscountFactor: 2 kOldNativeDiscountFactor: 65536 old_native_bytes: 71720955 new_native_bytes: 2432736 add_bytes_allowed: 34402989 is_gc_concurrent: 1 target_footprint_: 24632445 GetBytesAllocated: 13610642 HeapGrowthMultiplier: 3
12-19 20:03:07.468  3327  3989 I com.miui.home: CheckGCForNative gc_urgency 0.355566 current_native_bytes is 74153691
12-19 20:03:07.660  3327  3989 I com.miui.home: CheckGCForNative adj_start_bytes: 41702867 NativeAllocationGcWatermark: 11467663 java_gc_start_bytes: 24501373 kNewNativeDiscountFactor: 2 kOldNativeDiscountFactor: 65536 old_native_bytes: 71720955 new_native_bytes: 3243920 add_bytes_allowed: 34402989 is_gc_concurrent: 1 target_footprint_: 24632445 GetBytesAllocated: 14016203 HeapGrowthMultiplier: 3
12-19 20:03:07.660  3327  3989 I com.miui.home: CheckGCForNative gc_urgency 0.375016 current_native_bytes is 74964875
12-19 20:03:07.665  3327  3989 I com.miui.home: CheckGCForNative adj_start_bytes: 41702867 NativeAllocationGcWatermark: 11467663 java_gc_start_bytes: 24501373 kNewNativeDiscountFactor: 2 kOldNativeDiscountFactor: 65536 old_native_bytes: 71720955 new_native_bytes: 3771984 add_bytes_allowed: 34402989 is_gc_concurrent: 1 target_footprint_: 24632445 GetBytesAllocated: 14038611 HeapGrowthMultiplier: 3
12-19 20:03:07.665  3327  3989 I com.miui.home: CheckGCForNative gc_urgency 0.381885 current_native_bytes is 75492939
12-19 20:03:07.667  3327  3989 I com.miui.home: CheckGCForNative adj_start_bytes: 41702867 NativeAllocationGcWatermark: 11467663 java_gc_start_bytes: 24501373 kNewNativeDiscountFactor: 2 kOldNativeDiscountFactor: 65536 old_native_bytes: 71720955 new_native_bytes: 3801520 add_bytes_allowed: 34402989 is_gc_concurrent: 1 target_footprint_: 24632445 GetBytesAllocated: 14038923 HeapGrowthMultiplier: 3
12-19 20:03:07.667  3327  3989 I com.miui.home: CheckGCForNative gc_urgency 0.382247 current_native_bytes is 75522475
12-19 20:03:07.735  3327  3989 I com.miui.home: CheckGCForNative adj_start_bytes: 41702867 NativeAllocationGcWatermark: 11467663 java_gc_start_bytes: 24501373 kNewNativeDiscountFactor: 2 kOldNativeDiscountFactor: 65536 old_native_bytes: 71720955 new_native_bytes: 5432880 add_bytes_allowed: 34402989 is_gc_concurrent: 1 target_footprint_: 24632445 GetBytesAllocated: 14140217 HeapGrowthMultiplier: 3
12-19 20:03:07.735  3327  3989 I com.miui.home: CheckGCForNative gc_urgency 0.404235 current_native_bytes is 77153835
12-19 20:03:07.742  3327  3989 I com.miui.home: CheckGCForNative adj_start_bytes: 41702867 NativeAllocationGcWatermark: 11467663 java_gc_start_bytes: 24501373 kNewNativeDiscountFactor: 2 kOldNativeDiscountFactor: 65536 old_native_bytes: 71720955 new_native_bytes: 5958704 add_bytes_allowed: 34402989 is_gc_concurrent: 1 target_footprint_: 24632445 GetBytesAllocated: 14160697 HeapGrowthMultiplier: 3
12-19 20:03:07.742  3327  3989 I com.miui.home: CheckGCForNative gc_urgency 0.41103 current_native_bytes is 77679659
12-19 20:03:07.896  3327  3989 I com.miui.home: CheckGCForNative adj_start_bytes: 41702867 NativeAllocationGcWatermark: 11467663 java_gc_start_bytes: 24501373 kNewNativeDiscountFactor: 2 kOldNativeDiscountFactor: 65536 old_native_bytes: 71720955 new_native_bytes: 6974904 add_bytes_allowed: 34402989 is_gc_concurrent: 1 target_footprint_: 24632445 GetBytesAllocated: 14354225 HeapGrowthMultiplier: 3
12-19 20:03:07.896  3327  3989 I com.miui.home: CheckGCForNative gc_urgency 0.427855 current_native_bytes is 78695859
12-19 20:03:07.901  3327  3989 I cccccc  : getTaskSnapshotInstance:
12-19 20:03:07.905  3327  3989 I cccccc  : getTaskSnapshotInstance:
12-19 20:03:07.977  3327  3989 I com.miui.home: CheckGCForNative adj_start_bytes: 41702867 NativeAllocationGcWatermark: 11467663 java_gc_start_bytes: 24501373 kNewNativeDiscountFactor: 2 kOldNativeDiscountFactor: 65536 old_native_bytes: 71720955 new_native_bytes: 17681848 add_bytes_allowed: 34402989 is_gc_concurrent: 1 target_footprint_: 24632445 GetBytesAllocated: 14358245 HeapGrowthMultiplier: 3
12-19 20:03:07.977  3327  3989 I com.miui.home: CheckGCForNative gc_urgency 0.556323 current_native_bytes is 89402803
12-19 20:03:07.980  3327  3989 I com.miui.home: CheckGCForNative adj_start_bytes: 41702867 NativeAllocationGcWatermark: 11467663 java_gc_start_bytes: 24501373 kNewNativeDiscountFactor: 2 kOldNativeDiscountFactor: 65536 old_native_bytes: 71720955 new_native_bytes: 28388984 add_bytes_allowed: 34402989 is_gc_concurrent: 1 target_footprint_: 24632445 GetBytesAllocated: 14369804 HeapGrowthMultiplier: 3
12-19 20:03:07.980  3327  3989 I com.miui.home: CheckGCForNative gc_urgency 0.684974 current_native_bytes is 100109939
12-19 20:03:07.982  3327  3989 I cccccc  : getTaskThumbnailInfo: 2460 1.0  10705920
12-19 20:03:07.983  3327  3989 I cccccc  : getTaskSnapshotInstance:
12-19 20:03:08.013  3327  3989 I com.miui.home: CheckGCForNative adj_start_bytes: 41702867 NativeAllocationGcWatermark: 11467663 java_gc_start_bytes: 24501373 kNewNativeDiscountFactor: 2 kOldNativeDiscountFactor: 65536 old_native_bytes: 71720955 new_native_bytes: 28389496 add_bytes_allowed: 34402989 is_gc_concurrent: 1 target_footprint_: 24632445 GetBytesAllocated: 14369804 HeapGrowthMultiplier: 3
12-19 20:03:08.013  3327  3989 I com.miui.home: CheckGCForNative gc_urgency 0.68498 current_native_bytes is 100110451
12-19 20:03:08.017  3327  3989 I com.miui.home: CheckGCForNative adj_start_bytes: 41702867 NativeAllocationGcWatermark: 11467663 java_gc_start_bytes: 24501373 kNewNativeDiscountFactor: 2 kOldNativeDiscountFactor: 65536 old_native_bytes: 71720955 new_native_bytes: 39096440 add_bytes_allowed: 34402989 is_gc_concurrent: 1 target_footprint_: 24632445 GetBytesAllocated: 14378802 HeapGrowthMultiplier: 3
12-19 20:03:08.017  3327  3989 I com.miui.home: CheckGCForNative gc_urgency 0.813568 current_native_bytes is 110817395
12-19 20:03:08.018  3327  3989 I cccccc  : getTaskThumbnailInfo: 2460 1.0  10705920
12-19 20:03:08.037  3327  3681 I cccccc  : getTaskSnapshotInstance:
12-19 20:03:08.072  3327  3681 I com.miui.home: CheckGCForNative adj_start_bytes: 41702867 NativeAllocationGcWatermark: 11467663 java_gc_start_bytes: 24501373 kNewNativeDiscountFactor: 2 kOldNativeDiscountFactor: 65536 old_native_bytes: 71720955 new_native_bytes: 39186744 add_bytes_allowed: 34402989 is_gc_concurrent: 1 target_footprint_: 24632445 GetBytesAllocated: 14475479 HeapGrowthMultiplier: 3
12-19 20:03:08.072  3327  3681 I com.miui.home: CheckGCForNative gc_urgency 0.816969 current_native_bytes is 110907699
12-19 20:03:08.074  3327  3681 I com.miui.home: CheckGCForNative adj_start_bytes: 41702867 NativeAllocationGcWatermark: 11467663 java_gc_start_bytes: 24501373 kNewNativeDiscountFactor: 2 kOldNativeDiscountFactor: 65536 old_native_bytes: 71720955 new_native_bytes: 49893688 add_bytes_allowed: 34402989 is_gc_concurrent: 1 target_footprint_: 24632445 GetBytesAllocated: 14485170 HeapGrowthMultiplier: 3
12-19 20:03:08.075  3327  3681 I com.miui.home: CheckGCForNative gc_urgency 0.945573 current_native_bytes is 121614643
12-19 20:03:08.075  3327  3681 I cccccc  : getTaskThumbnailInfo: 2460 1.0  10705920
12-19 20:03:08.109  3327  3681 I com.miui.home: CheckGCForNative adj_start_bytes: 41702867 NativeAllocationGcWatermark: 11467663 java_gc_start_bytes: 24501373 kNewNativeDiscountFactor: 2 kOldNativeDiscountFactor: 65536 old_native_bytes: 71720955 new_native_bytes: 64588232 add_bytes_allowed: 34402989 is_gc_concurrent: 1 target_footprint_: 24632445 GetBytesAllocated: 14552701 HeapGrowthMultiplier: 3
12-19 20:03:08.109  3327  3681 I com.miui.home: CheckGCForNative gc_urgency 1.12337 current_native_bytes is 136309187
12-19 20:03:08.110  3327  3681 I com.miui.home: CheckGCForNative requested 1
12-19 20:03:08.119  3327  3681 I com.miui.home: CheckGCForNative adj_start_bytes: 41702867 NativeAllocationGcWatermark: 11467663 java_gc_start_bytes: 24501373 kNewNativeDiscountFactor: 2 kOldNativeDiscountFactor: 65536 old_native_bytes: 71720955 new_native_bytes: 52791560 add_bytes_allowed: 34402989 is_gc_concurrent: 1 target_footprint_: 24632445 GetBytesAllocated: 14586639 HeapGrowthMultiplier: 3
12-19 20:03:08.119  3327  3681 I com.miui.home: CheckGCForNative gc_urgency 0.98275 current_native_bytes is 124512515
12-19 20:03:08.141  3327  3681 I com.miui.home: CheckGCForNative adj_start_bytes: 41702867 NativeAllocationGcWatermark: 11467663 java_gc_start_bytes: 24501373 kNewNativeDiscountFactor: 2 kOldNativeDiscountFactor: 65536 old_native_bytes: 71720955 new_native_bytes: 53673608 add_bytes_allowed: 34402989 is_gc_concurrent: 1 target_footprint_: 24632445 GetBytesAllocated: 14613114 HeapGrowthMultiplier: 3
12-19 20:03:08.141  3327  3681 I com.miui.home: CheckGCForNative gc_urgency 0.993961 current_native_bytes is 125394563
12-19 20:03:08.254  3327  3361 I com.miui.home: NativeAlloc concurrent copying GC freed 42267(1922KB) AllocSpace objects, 8(224KB) LOS objects, 49% free, 12MB/24MB, paused 1.204ms,80us total 144.414ms
12-19 20:03:08.369  3327  3989 I com.miui.home: CheckGCForNative gc_urgency 0 current_native_bytes is 107482483
12-19 20:03:08.375  3327  3989 I com.miui.home: CheckGCForNative adj_start_bytes: 42305363 NativeAllocationGcWatermark: 11546398 java_gc_start_bytes: 24985766 kNewNativeDiscountFactor: 2 kOldNativeDiscountFactor: 65536 old_native_bytes: 107482483 new_native_bytes: 524928 add_bytes_allowed: 34639194 is_gc_concurrent: 1 target_footprint_: 25262325 GetBytesAllocated: 12886786 HeapGrowthMultiplier: 3
12-19 20:03:08.375  3327  3989 I com.miui.home: CheckGCForNative gc_urgency 0.310856 current_native_bytes is 108007411
12-19 20:03:08.403  8126  8126 I wm_on_application_create_called: [0,com.autonavi.minimap,412]
12-19 20:03:08.465  3327  3989 I com.miui.home: CheckGCForNative adj_start_bytes: 42305363 NativeAllocationGcWatermark: 11546398 java_gc_start_bytes: 24985766 kNewNativeDiscountFactor: 2 kOldNativeDiscountFactor: 65536 old_native_bytes: 107482483 new_native_bytes: 2351904 add_bytes_allowed: 34639194 is_gc_concurrent: 1 target_footprint_: 25262325 GetBytesAllocated: 12956087 HeapGrowthMultiplier: 3
12-19 20:03:08.465  3327  3989 I com.miui.home: CheckGCForNative gc_urgency 0.334087 current_native_bytes is 109834387
12-19 20:03:08.472  3327  3989 I com.miui.home: CheckGCForNative adj_start_bytes: 42305363 NativeAllocationGcWatermark: 11546398 java_gc_start_bytes: 24985766 kNewNativeDiscountFactor: 2 kOldNativeDiscountFactor: 65536 old_native_bytes: 107482483 new_native_bytes: 2876960 add_bytes_allowed: 34639194 is_gc_concurrent: 1 target_footprint_: 25262325 GetBytesAllocated: 12976567 HeapGrowthMultiplier: 3
12-19 20:03:08.472  3327  3989 I com.miui.home: CheckGCForNative gc_urgency 0.340777 current_native_bytes is 110359443
12-19 20:03:08.576  3327  3989 I com.miui.home: CheckGCForNative adj_start_bytes: 42305363 NativeAllocationGcWatermark: 11546398 java_gc_start_bytes: 24985766 kNewNativeDiscountFactor: 2 kOldNativeDiscountFactor: 65536 old_native_bytes: 107482483 new_native_bytes: 4461132 add_bytes_allowed: 34639194 is_gc_concurrent: 1 target_footprint_: 25262325 GetBytesAllocated: 13408455 HeapGrowthMultiplier: 3
12-19 20:03:08.576  3327  3989 I com.miui.home: CheckGCForNative gc_urgency 0.369709 current_native_bytes is 111943615
12-19 20:03:08.590  8017  8017 I wm_on_application_create_called: [0,com.autonavi.minimap,1073]
12-19 20:03:08.668  3327  3327 I wm_on_resume_called: [0,119940603,com.miui.home.launcher.Launcher,RESUME_ACTIVITY,32]
12-19 20:03:08.682  3327  3327 I com.miui.home: CheckGCForNative adj_start_bytes: 42305363 NativeAllocationGcWatermark: 11546398 java_gc_start_bytes: 24985766 kNewNativeDiscountFactor: 2 kOldNativeDiscountFactor: 65536 old_native_bytes: 107482483 new_native_bytes: 4357744 add_bytes_allowed: 34639194 is_gc_concurrent: 1 target_footprint_: 25262325 GetBytesAllocated: 13692438 HeapGrowthMultiplier: 3
12-19 20:03:08.682  3327  3327 I com.miui.home: CheckGCForNative gc_urgency 0.375199 current_native_bytes is 111840227
12-19 20:03:08.686  3327  3327 I wm_on_idle_called: com.miui.home.launcher.Launcher
12-19 20:03:08.720  3327  3989 I cccccc  : getTaskSnapshotInstance:
12-19 20:03:08.768  3327  3400 I com.miui.home: CheckGCForNative adj_start_bytes: 42305363 NativeAllocationGcWatermark: 11546398 java_gc_start_bytes: 24985766 kNewNativeDiscountFactor: 2 kOldNativeDiscountFactor: 65536 old_native_bytes: 107482483 new_native_bytes: 15215292 add_bytes_allowed: 34639194 is_gc_concurrent: 1 target_footprint_: 25262325 GetBytesAllocated: 14118183 HeapGrowthMultiplier: 3
12-19 20:03:08.768  3327  3400 I com.miui.home: CheckGCForNative gc_urgency 0.513587 current_native_bytes is 122697775
12-19 20:03:08.769  3327  3400 I com.miui.home: CheckGCForNative adj_start_bytes: 42305363 NativeAllocationGcWatermark: 11546398 java_gc_start_bytes: 24985766 kNewNativeDiscountFactor: 2 kOldNativeDiscountFactor: 65536 old_native_bytes: 107482483 new_native_bytes: 25922428 add_bytes_allowed: 34639194 is_gc_concurrent: 1 target_footprint_: 25262325 GetBytesAllocated: 14142043 HeapGrowthMultiplier: 3
12-19 20:03:08.769  3327  3400 I com.miui.home: CheckGCForNative gc_urgency 0.640696 current_native_bytes is 133404911
12-19 20:03:08.769  3327  3400 I cccccc  : getTaskThumbnailInfo: 2460 1.0  10705920
12-19 20:03:08.774  3327  3994 I com.miui.home: CheckGCForNative adj_start_bytes: 42305363 NativeAllocationGcWatermark: 11546398 java_gc_start_bytes: 24985766 kNewNativeDiscountFactor: 2 kOldNativeDiscountFactor: 65536 old_native_bytes: 107482483 new_native_bytes: 25922684 add_bytes_allowed: 34639194 is_gc_concurrent: 1 target_footprint_: 25262325 GetBytesAllocated: 14187860 HeapGrowthMultiplier: 3
12-19 20:03:08.774  3327  3994 I com.miui.home: CheckGCForNative gc_urgency 0.641783 current_native_bytes is 133405167
12-19 20:03:08.776  3327  3327 I cccccc  : getTaskThumbnailInfo: 2460 1.0  10705920
12-19 20:03:08.849  3327  3681 I com.miui.home: CheckGCForNative adj_start_bytes: 42305363 NativeAllocationGcWatermark: 11546398 java_gc_start_bytes: 24985766 kNewNativeDiscountFactor: 2 kOldNativeDiscountFactor: 65536 old_native_bytes: 107482483 new_native_bytes: 16776868 add_bytes_allowed: 34639194 is_gc_concurrent: 1 target_footprint_: 25262325 GetBytesAllocated: 14430431 HeapGrowthMultiplier: 3
12-19 20:03:08.849  3327  3681 I com.miui.home: CheckGCForNative gc_urgency 0.539423 current_native_bytes is 124259351
12-19 20:03:08.852  3327  3681 I com.miui.home: CheckGCForNative adj_start_bytes: 42305363 NativeAllocationGcWatermark: 11546398 java_gc_start_bytes: 24985766 kNewNativeDiscountFactor: 2 kOldNativeDiscountFactor: 65536 old_native_bytes: 107482483 new_native_bytes: 18228268 add_bytes_allowed: 34639194 is_gc_concurrent: 1 target_footprint_: 25262325 GetBytesAllocated: 14441035 HeapGrowthMultiplier: 3
12-19 20:03:08.852  3327  3681 I com.miui.home: CheckGCForNative gc_urgency 0.556828 current_native_bytes is 125710751
12-19 20:03:08.864  3327  3681 I com.miui.home: CheckGCForNative adj_start_bytes: 42305363 NativeAllocationGcWatermark: 11546398 java_gc_start_bytes: 24985766 kNewNativeDiscountFactor: 2 kOldNativeDiscountFactor: 65536 old_native_bytes: 107482483 new_native_bytes: 29210860 add_bytes_allowed: 34639194 is_gc_concurrent: 1 target_footprint_: 25262325 GetBytesAllocated: 14476037 HeapGrowthMultiplier: 3
12-19 20:03:08.865  3327  3681 I com.miui.home: CheckGCForNative gc_urgency 0.687457 current_native_bytes is 136693343
12-19 20:03:08.934  3327  3730 I com.miui.home: CheckGCForNative adj_start_bytes: 42305363 NativeAllocationGcWatermark: 11546398 java_gc_start_bytes: 24985766 kNewNativeDiscountFactor: 2 kOldNativeDiscountFactor: 65536 old_native_bytes: 107482483 new_native_bytes: 29216492 add_bytes_allowed: 34639194 is_gc_concurrent: 1 target_footprint_: 25262325 GetBytesAllocated: 14649168 HeapGrowthMultiplier: 3
12-19 20:03:08.934  3327  3730 I com.miui.home: CheckGCForNative gc_urgency 0.691616 current_native_bytes is 136698975
12-19 20:03:09.021  8017  8017 I wm_on_create_called: [0,175052653,com.autonavi.map.activity.SplashActivity,performCreate,280]
12-19 20:03:09.045  3327  3327 I wm_on_top_resumed_gained_called: [119940603,com.miui.home.launcher.Launcher,topStateChangedWhenResumed]
12-19 20:03:09.160  3327  3994 D cccccc  : onTaskStackChangedBackground
12-19 20:03:09.162  3327  3994 D cccccc  : onTaskStackChangedBackground
12-19 20:03:09.277  3327  3729 I com.miui.home: CheckGCForNative adj_start_bytes: 42305363 NativeAllocationGcWatermark: 11546398 java_gc_start_bytes: 24985766 kNewNativeDiscountFactor: 2 kOldNativeDiscountFactor: 65536 old_native_bytes: 107482483 new_native_bytes: 39887948 add_bytes_allowed: 34639194 is_gc_concurrent: 1 target_footprint_: 25262325 GetBytesAllocated: 14947700 HeapGrowthMultiplier: 3
12-19 20:03:09.277  3327  3729 I com.miui.home: CheckGCForNative gc_urgency 0.824796 current_native_bytes is 147370431
12-19 20:03:09.278  3327  3729 I com.miui.home: CheckGCForNative adj_start_bytes: 42305363 NativeAllocationGcWatermark: 11546398 java_gc_start_bytes: 24985766 kNewNativeDiscountFactor: 2 kOldNativeDiscountFactor: 65536 old_native_bytes: 107482483 new_native_bytes: 50594892 add_bytes_allowed: 34639194 is_gc_concurrent: 1 target_footprint_: 25262325 GetBytesAllocated: 14966992 HeapGrowthMultiplier: 3
12-19 20:03:09.278  3327  3729 I com.miui.home: CheckGCForNative gc_urgency 0.951796 current_native_bytes is 158077375
12-19 20:03:09.278  3327  3729 I cccccc  : getTaskThumbnailInfo: 2460 1.0  10705920
12-19 20:03:09.280  3327  3994 I com.miui.home: CheckGCForNative adj_start_bytes: 42305363 NativeAllocationGcWatermark: 11546398 java_gc_start_bytes: 24985766 kNewNativeDiscountFactor: 2 kOldNativeDiscountFactor: 65536 old_native_bytes: 107482483 new_native_bytes: 50616908 add_bytes_allowed: 34639194 is_gc_concurrent: 1 target_footprint_: 25262325 GetBytesAllocated: 14973609 HeapGrowthMultiplier: 3
12-19 20:03:09.281  3327  3994 I com.miui.home: CheckGCForNative gc_urgency 0.952213 current_native_bytes is 158099391
12-19 20:03:09.283  3327  3327 I cccccc  : getTaskThumbnailInfo: 2460 1.0  10705920
12-19 20:03:09.380  8017  8017 I wm_on_create_called: [0,170971650,com.autonavi.map.activity.NewMapActivity,performCreate,273]
12-19 20:03:09.387  8017  8017 I wm_on_start_called: [0,170971650,com.autonavi.map.activity.NewMapActivity,handleStartActivity,8]
12-19 20:03:09.404  3327  3989 I com.miui.home: CheckGCForNative adj_start_bytes: 42305363 NativeAllocationGcWatermark: 11546398 java_gc_start_bytes: 24985766 kNewNativeDiscountFactor: 2 kOldNativeDiscountFactor: 65536 old_native_bytes: 107482483 new_native_bytes: 40835564 add_bytes_allowed: 34639194 is_gc_concurrent: 1 target_footprint_: 25262325 GetBytesAllocated: 15129601 HeapGrowthMultiplier: 3
12-19 20:03:09.404  3327  3989 I com.miui.home: CheckGCForNative gc_urgency 0.840296 current_native_bytes is 148318047
12-19 20:03:09.408  3327  3989 I com.miui.home: CheckGCForNative adj_start_bytes: 42305363 NativeAllocationGcWatermark: 11546398 java_gc_start_bytes: 24985766 kNewNativeDiscountFactor: 2 kOldNativeDiscountFactor: 65536 old_native_bytes: 107482483 new_native_bytes: 40880936 add_bytes_allowed: 34639194 is_gc_concurrent: 1 target_footprint_: 25262325 GetBytesAllocated: 15133911 HeapGrowthMultiplier: 3
12-19 20:03:09.409  3327  3989 I com.miui.home: CheckGCForNative gc_urgency 0.840934 current_native_bytes is 148363419
12-19 20:03:09.442  8017  8017 I wm_on_resume_called: [0,170971650,com.autonavi.map.activity.NewMapActivity,RESUME_ACTIVITY,49]
12-19 20:03:09.539  8017  8017 I wm_on_destroy_called: [0,175052653,com.autonavi.map.activity.SplashActivity,performDestroy,0]
12-19 20:03:09.539  8017  8017 I wm_on_paused_called: [0,170971650,com.autonavi.map.activity.NewMapActivity,performPause,1]
12-19 20:03:09.651  3327  3991 D cccccc  : onTaskStackChangedBackground
12-19 20:03:09.687  3327  3327 I wm_on_top_resumed_lost_called: [119940603,com.miui.home.launcher.Launcher,topStateChangedWhenResumed]
12-19 20:03:09.699  3327  3994 D cccccc  : onTaskStackChangedBackground
12-19 20:03:09.712  3327  3327 I wm_on_paused_called: [0,119940603,com.miui.home.launcher.Launcher,performPause,3]
12-19 20:03:09.726  8017  8017 I wm_on_stop_called: [0,170971650,com.autonavi.map.activity.NewMapActivity,STOP_ACTIVITY_ITEM,18]
12-19 20:03:09.781  8017  8017 I wm_on_idle_called: com.autonavi.map.activity.NewMapActivity
12-19 20:03:09.899  3327  3400 D cccccc  : onTaskStackChangedBackground
12-19 20:03:09.901  3327  3400 D cccccc  : onTaskStackChangedBackground
12-19 20:03:09.908  3327  3989 I cccccc  : getTaskSnapshotInstance:
12-19 20:03:09.934  3327  3989 I com.miui.home: CheckGCForNative adj_start_bytes: 42305363 NativeAllocationGcWatermark: 11546398 java_gc_start_bytes: 24985766 kNewNativeDiscountFactor: 2 kOldNativeDiscountFactor: 65536 old_native_bytes: 107482483 new_native_bytes: 51872656 add_bytes_allowed: 34639194 is_gc_concurrent: 1 target_footprint_: 25262325 GetBytesAllocated: 16016824 HeapGrowthMultiplier: 3
12-19 20:03:09.934  3327  3989 I com.miui.home: CheckGCForNative gc_urgency 0.991713 current_native_bytes is 159355139
12-19 20:03:09.935  3327  3989 I cccccc  : getTaskThumbnailInfo: 2460 1.0  10705920
12-19 20:03:09.978  3327  3400 D cccccc  : onTaskStackChangedBackground
12-19 20:03:09.981  3327  3386 D cccccc  : onTaskStackChangedBackground
12-19 20:03:10.215  3327  3730 I com.miui.home: CheckGCForNative adj_start_bytes: 42305363 NativeAllocationGcWatermark: 11546398 java_gc_start_bytes: 24985766 kNewNativeDiscountFactor: 2 kOldNativeDiscountFactor: 65536 old_native_bytes: 107482483 new_native_bytes: 41459396 add_bytes_allowed: 34639194 is_gc_concurrent: 1 target_footprint_: 25262325 GetBytesAllocated: 16694830 HeapGrowthMultiplier: 3
12-19 20:03:10.215  3327  3730 I com.miui.home: CheckGCForNative gc_urgency 0.884667 current_native_bytes is 148941879
12-19 20:03:10.331  8456  8456 I wm_on_application_create_called: [0,com.miui.wmsvc,248]
12-19 20:03:10.411  3327  3989 I cccccc  : getTaskSnapshotInstance:
12-19 20:03:10.416  3327  3989 I cccccc  : getTaskSnapshotInstance:
12-19 20:03:10.417  3327  3989 I com.miui.home: CheckGCForNative adj_start_bytes: 42305363 NativeAllocationGcWatermark: 11546398 java_gc_start_bytes: 24985766 kNewNativeDiscountFactor: 2 kOldNativeDiscountFactor: 65536 old_native_bytes: 107482483 new_native_bytes: 52223108 add_bytes_allowed: 34639194 is_gc_concurrent: 1 target_footprint_: 25262325 GetBytesAllocated: 16906904 HeapGrowthMultiplier: 3
12-19 20:03:10.417  3327  3989 I com.miui.home: CheckGCForNative gc_urgency 1.01689 current_native_bytes is 159705591
12-19 20:03:10.417  3327  3989 I com.miui.home: CheckGCForNative requested 1
12-19 20:03:10.418  3327  3989 I cccccc  : getTaskThumbnailInfo: 2460 1.0  10705920
12-19 20:03:10.661  3327  3989 I com.miui.home: CheckGCForNative adj_start_bytes: 42305363 NativeAllocationGcWatermark: 11546398 java_gc_start_bytes: 24985766 kNewNativeDiscountFactor: 2 kOldNativeDiscountFactor: 65536 old_native_bytes: 107482483 new_native_bytes: 41718800 add_bytes_allowed: 34639194 is_gc_concurrent: 1 target_footprint_: 25262325 GetBytesAllocated: 17318820 HeapGrowthMultiplier: 3
12-19 20:03:10.661  3327  3989 I com.miui.home: CheckGCForNative gc_urgency 0.902483 current_native_bytes is 149201283
12-19 20:03:10.676  3327  3361 I com.miui.home: NativeAlloc concurrent copying GC freed 94702(4094KB) AllocSpace objects, 9(308KB) LOS objects, 49% free, 12MB/24MB, paused 37.592ms,80us total 258.922ms
12-19 20:03:10.753  8443  8443 I wm_on_application_create_called: [0,com.baidu.input_mi,345]
12-19 20:03:10.810  8530  8530 I wm_on_create_called: [0,71112393,fm.qingting.qtradio.WelcomeActivity,performCreate,103]
12-19 20:03:10.811  8530  8530 I wm_on_start_called: [0,71112393,fm.qingting.qtradio.WelcomeActivity,handleStartActivity,0]
12-19 20:03:10.816  8530  8530 I wm_on_resume_called: [0,71112393,fm.qingting.qtradio.WelcomeActivity,RESUME_ACTIVITY,3]
12-19 20:03:10.868  3327  3989 I cccccc  : getTaskSnapshotInstance:
12-19 20:03:10.886  8530  8530 I wm_on_top_resumed_gained_called: [71112393,fm.qingting.qtradio.WelcomeActivity,topStateChangedWhenResumed]
12-19 20:03:11.186  3327  3327 I wm_on_stop_called: [0,119940603,com.miui.home.launcher.Launcher,STOP_ACTIVITY_ITEM,20]
12-19 20:03:11.221  3327  3327 I wm_on_restart_called: [0,119940603,com.miui.home.launcher.Launcher,,0]
12-19 20:03:11.224  3327  3327 I wm_on_start_called: [0,119940603,com.miui.home.launcher.Launcher,handleStartActivity,2]
12-19 20:03:11.250  3327  3327 I wm_on_resume_called: [0,119940603,com.miui.home.launcher.Launcher,RESUME_ACTIVITY,22]
12-19 20:03:11.275  3327  3327 I com.miui.home: CheckGCForNative gc_urgency 0 current_native_bytes is 121403911
12-19 20:03:11.371  3327  3327 I wm_on_idle_called: com.miui.home.launcher.Launcher
12-19 20:03:11.505  3327  3400 I com.miui.home: CheckGCForNative adj_start_bytes: 42626588 NativeAllocationGcWatermark: 11596799 java_gc_start_bytes: 25231390 kNewNativeDiscountFactor: 2 kOldNativeDiscountFactor: 65536 old_native_bytes: 121403911 new_native_bytes: 10943052 add_bytes_allowed: 34790397 is_gc_concurrent: 1 target_footprint_: 25665531 GetBytesAllocated: 14288736 HeapGrowthMultiplier: 3
12-19 20:03:11.505  3327  3400 I com.miui.home: CheckGCForNative gc_urgency 0.46361 current_native_bytes is 132346963
12-19 20:03:11.508  3327  3369 I com.miui.home: CheckGCForNative adj_start_bytes: 42626588 NativeAllocationGcWatermark: 11596799 java_gc_start_bytes: 25231390 kNewNativeDiscountFactor: 2 kOldNativeDiscountFactor: 65536 old_native_bytes: 121403911 new_native_bytes: 21648972 add_bytes_allowed: 34790397 is_gc_concurrent: 1 target_footprint_: 25665531 GetBytesAllocated: 14290939 HeapGrowthMultiplier: 3
12-19 20:03:11.509  3327  3369 I com.miui.home: CheckGCForNative gc_urgency 0.589359 current_native_bytes is 143052883
12-19 20:03:11.514  3327  3327 I com.miui.home: CheckGCForNative adj_start_bytes: 42626588 NativeAllocationGcWatermark: 11596799 java_gc_start_bytes: 25231390 kNewNativeDiscountFactor: 2 kOldNativeDiscountFactor: 65536 old_native_bytes: 121403911 new_native_bytes: 32355916 add_bytes_allowed: 34790397 is_gc_concurrent: 1 target_footprint_: 25665531 GetBytesAllocated: 14312812 HeapGrowthMultiplier: 3
12-19 20:03:11.514  3327  3327 I com.miui.home: CheckGCForNative gc_urgency 0.715343 current_native_bytes is 153759827
12-19 20:03:11.514  3327  3327 I cccccc  : getTaskThumbnailInfo: 2460 1.0  10705920
12-19 20:03:11.517  3327  3400 I com.miui.home: CheckGCForNative adj_start_bytes: 42626588 NativeAllocationGcWatermark: 11596799 java_gc_start_bytes: 25231390 kNewNativeDiscountFactor: 2 kOldNativeDiscountFactor: 65536 old_native_bytes: 121403911 new_native_bytes: 32359116 add_bytes_allowed: 34790397 is_gc_concurrent: 1 target_footprint_: 25665531 GetBytesAllocated: 14329838 HeapGrowthMultiplier: 3
12-19 20:03:11.520  3327  3400 I com.miui.home: CheckGCForNative gc_urgency 0.715944 current_native_bytes is 153763027
12-19 20:03:11.521  3327  3400 I cccccc  : getTaskThumbnailInfo: 2460 1.0  10705920
12-19 20:03:11.649  8530  8530 I wm_on_top_resumed_lost_called: [71112393,fm.qingting.qtradio.WelcomeActivity,topStateChangedWhenResumed]
12-19 20:03:11.659  3327  3327 I wm_on_top_resumed_gained_called: [119940603,com.miui.home.launcher.Launcher,topStateChangedWhenResumed]
12-19 20:03:11.713  3327  3400 I com.miui.home: CheckGCForNative gc_urgency 0 current_native_bytes is 141803143
12-19 20:03:11.969  3327  3730 I com.miui.home: CheckGCForNative gc_urgency 0 current_native_bytes is 141707111
12-19 20:03:12.202  3327  3327 I com.miui.home: CheckGCForNative adj_start_bytes: 44050416 NativeAllocationGcWatermark: 11756165 java_gc_start_bytes: 26416169 kNewNativeDiscountFactor: 2 kOldNativeDiscountFactor: 65536 old_native_bytes: 141707111 new_native_bytes: 40 add_bytes_allowed: 35268495 is_gc_concurrent: 1 target_footprint_: 26940457 GetBytesAllocated: 14082853 HeapGrowthMultiplier: 3
12-19 20:03:12.202  3327  3327 I com.miui.home: CheckGCForNative gc_urgency 0.319748 current_native_bytes is 141707151
12-19 20:03:12.266  3327  3327 I wm_on_top_resumed_lost_called: [119940603,com.miui.home.launcher.Launcher,topStateChangedWhenResumed]
12-19 20:03:12.341  3327  3400 D cccccc  : onTaskStackChangedBackground
12-19 20:03:12.351  3327  3400 D cccccc  : onTaskStackChangedBackground
12-19 20:03:12.362  8530  8530 I wm_on_paused_called: [0,71112393,fm.qingting.qtradio.WelcomeActivity,performPause,2]
12-19 20:03:12.388  3327  3327 I wm_on_paused_called: [0,119940603,com.miui.home.launcher.Launcher,performPause,5]
12-19 20:03:12.597  8530  8530 I wm_on_stop_called: [0,71112393,fm.qingting.qtradio.WelcomeActivity,STOP_ACTIVITY_ITEM,14]
12-19 20:03:12.605  8530  8530 I wm_on_idle_called: fm.qingting.qtradio.WelcomeActivity
12-19 20:03:12.629  3327  3386 D cccccc  : onTaskStackChangedBackground
12-19 20:03:12.715  3327  3730 I com.miui.home: CheckGCForNative adj_start_bytes: 44050416 NativeAllocationGcWatermark: 11756165 java_gc_start_bytes: 26416169 kNewNativeDiscountFactor: 2 kOldNativeDiscountFactor: 65536 old_native_bytes: 141707111 new_native_bytes: 2107532 add_bytes_allowed: 35268495 is_gc_concurrent: 1 target_footprint_: 26940457 GetBytesAllocated: 14970759 HeapGrowthMultiplier: 3
12-19 20:03:12.715  3327  3730 I com.miui.home: CheckGCForNative gc_urgency 0.363826 current_native_bytes is 143814643
12-19 20:03:12.876  3327  3386 D cccccc  : onTaskStackChangedBackground
12-19 20:03:13.049  3327  3730 I com.miui.home: CheckGCForNative adj_start_bytes: 44050416 NativeAllocationGcWatermark: 11756165 java_gc_start_bytes: 26416169 kNewNativeDiscountFactor: 2 kOldNativeDiscountFactor: 65536 old_native_bytes: 141707111 new_native_bytes: 2875500 add_bytes_allowed: 35268495 is_gc_concurrent: 1 target_footprint_: 26940457 GetBytesAllocated: 15378731 HeapGrowthMultiplier: 3
12-19 20:03:13.049  3327  3730 I com.miui.home: CheckGCForNative gc_urgency 0.381804 current_native_bytes is 144582611
12-19 20:03:13.060  3327  3730 I com.miui.home: CheckGCForNative adj_start_bytes: 44050416 NativeAllocationGcWatermark: 11756165 java_gc_start_bytes: 26416169 kNewNativeDiscountFactor: 2 kOldNativeDiscountFactor: 65536 old_native_bytes: 141707111 new_native_bytes: 2704876 add_bytes_allowed: 35268495 is_gc_concurrent: 1 target_footprint_: 26940457 GetBytesAllocated: 15390176 HeapGrowthMultiplier: 3
12-19 20:03:13.060  3327  3730 I com.miui.home: CheckGCForNative gc_urgency 0.380128 current_native_bytes is 144411987
12-19 20:03:13.102  3327  3989 I cccccc  : getTaskSnapshotInstance:
12-19 20:03:13.116  3327  3989 I cccccc  : getTaskSnapshotInstance:
12-19 20:03:13.119  3327  3989 I com.miui.home: CheckGCForNative adj_start_bytes: 44050416 NativeAllocationGcWatermark: 11756165 java_gc_start_bytes: 26416169 kNewNativeDiscountFactor: 2 kOldNativeDiscountFactor: 65536 old_native_bytes: 141707111 new_native_bytes: 13219084 add_bytes_allowed: 35268495 is_gc_concurrent: 1 target_footprint_: 26940457 GetBytesAllocated: 15472029 HeapGrowthMultiplier: 3
12-19 20:03:13.119  3327  3989 I com.miui.home: CheckGCForNative gc_urgency 0.501329 current_native_bytes is 154926195
12-19 20:03:13.120  3327  3989 I cccccc  : getTaskThumbnailInfo: 2460 1.0  10705920
12-19 20:03:13.548  3327  3989 I cccccc  : getTaskSnapshotInstance:
12-19 20:03:13.639  8983  8983 I wm_on_application_create_called: [0,com.xiaomi.bluetooth,285]
12-19 20:03:13.981  3327  3327 I wm_on_resume_called: [0,119940603,com.miui.home.launcher.Launcher,RESUME_ACTIVITY,21]
12-19 20:03:14.000  3327  3327 I wm_on_idle_called: com.miui.home.launcher.Launcher
12-19 20:03:14.143  3327  3400 I com.miui.home: CheckGCForNative adj_start_bytes: 44050416 NativeAllocationGcWatermark: 11756165 java_gc_start_bytes: 26416169 kNewNativeDiscountFactor: 2 kOldNativeDiscountFactor: 65536 old_native_bytes: 141707111 new_native_bytes: 13801100 add_bytes_allowed: 35268495 is_gc_concurrent: 1 target_footprint_: 26940457 GetBytesAllocated: 17520765 HeapGrowthMultiplier: 3
12-19 20:03:14.143  3327  3400 I com.miui.home: CheckGCForNative gc_urgency 0.554444 current_native_bytes is 155508211
12-19 20:03:14.144  3327  3991 I com.miui.home: CheckGCForNative adj_start_bytes: 44050416 NativeAllocationGcWatermark: 11756165 java_gc_start_bytes: 26416169 kNewNativeDiscountFactor: 2 kOldNativeDiscountFactor: 65536 old_native_bytes: 141707111 new_native_bytes: 24507020 add_bytes_allowed: 35268495 is_gc_concurrent: 1 target_footprint_: 26940457 GetBytesAllocated: 17525678 HeapGrowthMultiplier: 3
12-19 20:03:14.144  3327  3991 I com.miui.home: CheckGCForNative gc_urgency 0.676074 current_native_bytes is 166214131
12-19 20:03:14.146  3327  3327 I com.miui.home: CheckGCForNative adj_start_bytes: 44050416 NativeAllocationGcWatermark: 11756165 java_gc_start_bytes: 26416169 kNewNativeDiscountFactor: 2 kOldNativeDiscountFactor: 65536 old_native_bytes: 141707111 new_native_bytes: 35213964 add_bytes_allowed: 35268495 is_gc_concurrent: 1 target_footprint_: 26940457 GetBytesAllocated: 17555244 HeapGrowthMultiplier: 3
12-19 20:03:14.146  3327  3327 I com.miui.home: CheckGCForNative gc_urgency 0.798276 current_native_bytes is 176921075
12-19 20:03:14.147  3327  3327 I cccccc  : getTaskThumbnailInfo: 2460 1.0  10705920
12-19 20:03:14.147  3327  3400 I cccccc  : getTaskThumbnailInfo: 2460 1.0  10705920
12-19 20:03:14.241  3327  3730 I com.miui.home: CheckGCForNative adj_start_bytes: 44050416 NativeAllocationGcWatermark: 11756165 java_gc_start_bytes: 26416169 kNewNativeDiscountFactor: 2 kOldNativeDiscountFactor: 65536 old_native_bytes: 141707111 new_native_bytes: 13798220 add_bytes_allowed: 35268495 is_gc_concurrent: 1 target_footprint_: 26940457 GetBytesAllocated: 17653859 HeapGrowthMultiplier: 3
12-19 20:03:14.241  3327  3730 I com.miui.home: CheckGCForNative gc_urgency 0.557432 current_native_bytes is 155505331
12-19 20:03:14.398  3327  3327 I wm_on_top_resumed_gained_called: [119940603,com.miui.home.launcher.Launcher,topStateChangedWhenResumed]
12-19 20:03:14.486  3327  3730 I com.miui.home: CheckGCForNative adj_start_bytes: 44050416 NativeAllocationGcWatermark: 11756165 java_gc_start_bytes: 26416169 kNewNativeDiscountFactor: 2 kOldNativeDiscountFactor: 65536 old_native_bytes: 141707111 new_native_bytes: 13791052 add_bytes_allowed: 35268495 is_gc_concurrent: 1 target_footprint_: 26940457 GetBytesAllocated: 17739111 HeapGrowthMultiplier: 3
12-19 20:03:14.486  3327  3730 I com.miui.home: CheckGCForNative gc_urgency 0.559286 current_native_bytes is 155498163
12-19 20:03:14.598  3327  3730 I com.miui.home: CheckGCForNative adj_start_bytes: 44050416 NativeAllocationGcWatermark: 11756165 java_gc_start_bytes: 26416169 kNewNativeDiscountFactor: 2 kOldNativeDiscountFactor: 65536 old_native_bytes: 141707111 new_native_bytes: 13770212 add_bytes_allowed: 35268495 is_gc_concurrent: 1 target_footprint_: 26940457 GetBytesAllocated: 17793142 HeapGrowthMultiplier: 3
12-19 20:03:14.598  3327  3730 I com.miui.home: CheckGCForNative gc_urgency 0.560276 current_native_bytes is 155477323
12-19 20:03:14.625  3327  3729 I com.miui.home: CheckGCForNative adj_start_bytes: 44050416 NativeAllocationGcWatermark: 11756165 java_gc_start_bytes: 26416169 kNewNativeDiscountFactor: 2 kOldNativeDiscountFactor: 65536 old_native_bytes: 141707111 new_native_bytes: 24411364 add_bytes_allowed: 35268495 is_gc_concurrent: 1 target_footprint_: 26940457 GetBytesAllocated: 17812567 HeapGrowthMultiplier: 3
12-19 20:03:14.626  3327  3729 I com.miui.home: CheckGCForNative gc_urgency 0.681501 current_native_bytes is 166118475
12-19 20:03:14.629  3327  3729 I com.miui.home: CheckGCForNative adj_start_bytes: 44050416 NativeAllocationGcWatermark: 11756165 java_gc_start_bytes: 26416169 kNewNativeDiscountFactor: 2 kOldNativeDiscountFactor: 65536 old_native_bytes: 141707111 new_native_bytes: 35117700 add_bytes_allowed: 35268495 is_gc_concurrent: 1 target_footprint_: 26940457 GetBytesAllocated: 17819232 HeapGrowthMultiplier: 3
12-19 20:03:14.629  3327  3729 I com.miui.home: CheckGCForNative gc_urgency 0.803176 current_native_bytes is 176824811
12-19 20:03:14.629  3327  3729 I cccccc  : getTaskThumbnailInfo: 2460 1.0  10705920
12-19 20:03:14.630  3327  3400 I com.miui.home: CheckGCForNative adj_start_bytes: 44050416 NativeAllocationGcWatermark: 11756165 java_gc_start_bytes: 26416169 kNewNativeDiscountFactor: 2 kOldNativeDiscountFactor: 65536 old_native_bytes: 141707111 new_native_bytes: 35117700 add_bytes_allowed: 35268495 is_gc_concurrent: 1 target_footprint_: 26940457 GetBytesAllocated: 17819232 HeapGrowthMultiplier: 3
12-19 20:03:14.631  3327  3400 I com.miui.home: CheckGCForNative gc_urgency 0.803176 current_native_bytes is 176824811
12-19 20:03:14.633  3327  3327 I cccccc  : getTaskThumbnailInfo: 2460 1.0  10705920
12-19 20:03:14.871  8936  8936 I wm_on_application_create_called: [0,com.ss.android.ugc.aweme,1083]
12-19 20:03:15.018  3327  3327 I wm_on_top_resumed_lost_called: [119940603,com.miui.home.launcher.Launcher,topStateChangedWhenResumed]
12-19 20:03:15.031  3327  3991 D cccccc  : onTaskStackChangedBackground
12-19 20:03:15.040  3327  3991 D cccccc  : onTaskStackChangedBackground
12-19 20:03:15.155  3327  3327 I wm_on_paused_called: [0,119940603,com.miui.home.launcher.Launcher,performPause,7]
12-19 20:03:15.255  3327  3994 D cccccc  : onTaskStackChangedBackground
12-19 20:03:15.260  3327  3994 D cccccc  : onTaskStackChangedBackground
12-19 20:03:15.487  3327  3989 I cccccc  : getTaskSnapshotInstance:
12-19 20:03:15.488  3327  3989 I com.miui.home: CheckGCForNative adj_start_bytes: 44050416 NativeAllocationGcWatermark: 11756165 java_gc_start_bytes: 26416169 kNewNativeDiscountFactor: 2 kOldNativeDiscountFactor: 65536 old_native_bytes: 141707111 new_native_bytes: 35583232 add_bytes_allowed: 35268495 is_gc_concurrent: 1 target_footprint_: 26940457 GetBytesAllocated: 19205030 HeapGrowthMultiplier: 3
12-19 20:03:15.488  3327  3989 I com.miui.home: CheckGCForNative gc_urgency 0.83992 current_native_bytes is 177290343
12-19 20:03:15.490  3327  3989 I cccccc  : getTaskThumbnailInfo: 2460 1.0  10705920
12-19 20:03:15.512  3327  3681 I cccccc  : getTaskSnapshotInstance:
12-19 20:03:15.555  3327  3730 I com.miui.home: CheckGCForNative adj_start_bytes: 44050416 NativeAllocationGcWatermark: 11756165 java_gc_start_bytes: 26416169 kNewNativeDiscountFactor: 2 kOldNativeDiscountFactor: 65536 old_native_bytes: 141707111 new_native_bytes: 24952976 add_bytes_allowed: 35268495 is_gc_concurrent: 1 target_footprint_: 26940457 GetBytesAllocated: 19384034 HeapGrowthMultiplier: 3
12-19 20:03:15.555  3327  3730 I com.miui.home: CheckGCForNative gc_urgency 0.723323 current_native_bytes is 166660087
12-19 20:03:15.722  3327  3681 I cccccc  : getTaskSnapshotInstance:
12-19 20:03:15.800  3327  3730 I com.miui.home: CheckGCForNative adj_start_bytes: 44050416 NativeAllocationGcWatermark: 11756165 java_gc_start_bytes: 26416169 kNewNativeDiscountFactor: 2 kOldNativeDiscountFactor: 65536 old_native_bytes: 141707111 new_native_bytes: 25429092 add_bytes_allowed: 35268495 is_gc_concurrent: 1 target_footprint_: 26940457 GetBytesAllocated: 20176389 HeapGrowthMultiplier: 3
12-19 20:03:15.800  3327  3730 I com.miui.home: CheckGCForNative gc_urgency 0.746715 current_native_bytes is 167136203
12-19 20:03:15.823  3327  3730 I com.miui.home: CheckGCForNative adj_start_bytes: 44050416 NativeAllocationGcWatermark: 11756165 java_gc_start_bytes: 26416169 kNewNativeDiscountFactor: 2 kOldNativeDiscountFactor: 65536 old_native_bytes: 141707111 new_native_bytes: 25422180 add_bytes_allowed: 35268495 is_gc_concurrent: 1 target_footprint_: 26940457 GetBytesAllocated: 20176389 HeapGrowthMultiplier: 3
12-19 20:03:15.823  3327  3730 I com.miui.home: CheckGCForNative gc_urgency 0.746636 current_native_bytes is 167129291
12-19 20:03:16.361  9367  9367 I wm_on_create_called: [0,113037179,com.eg.android.AlipayGphone.AlipayLogin,performCreate,117]
12-19 20:03:16.366  9367  9367 I wm_on_start_called: [0,113037179,com.eg.android.AlipayGphone.AlipayLogin,handleStartActivity,4]
12-19 20:03:16.375  9367  9367 I wm_on_resume_called: [0,113037179,com.eg.android.AlipayGphone.AlipayLogin,RESUME_ACTIVITY,8]
12-19 20:03:16.413  9367  9367 I wm_on_top_resumed_gained_called: [113037179,com.eg.android.AlipayGphone.AlipayLogin,topStateChangedWhenResumed]
12-19 20:03:16.471  8936  8936 I wm_on_create_called: [0,128590734,com.ss.android.ugc.aweme.splash.SplashActivity,performCreate,1151]
12-19 20:03:16.955  3327  3327 I wm_on_resume_called: [0,119940603,com.miui.home.launcher.Launcher,RESUME_ACTIVITY,20]
12-19 20:03:16.976  3327  3327 I wm_on_idle_called: com.miui.home.launcher.Launcher
12-19 20:03:17.082  3327  3369 I com.miui.home: CheckGCForNative adj_start_bytes: 44050416 NativeAllocationGcWatermark: 11756165 java_gc_start_bytes: 26416169 kNewNativeDiscountFactor: 2 kOldNativeDiscountFactor: 65536 old_native_bytes: 141707111 new_native_bytes: 36145936 add_bytes_allowed: 35268495 is_gc_concurrent: 1 target_footprint_: 26940457 GetBytesAllocated: 21624574 HeapGrowthMultiplier: 3
12-19 20:03:17.082  3327  3369 I com.miui.home: CheckGCForNative gc_urgency 0.901233 current_native_bytes is 177853047
12-19 20:03:17.083  3327  3369 I com.miui.home: CheckGCForNative adj_start_bytes: 44050416 NativeAllocationGcWatermark: 11756165 java_gc_start_bytes: 26416169 kNewNativeDiscountFactor: 2 kOldNativeDiscountFactor: 65536 old_native_bytes: 141707111 new_native_bytes: 46852880 add_bytes_allowed: 35268495 is_gc_concurrent: 1 target_footprint_: 26940457 GetBytesAllocated: 21624766 HeapGrowthMultiplier: 3
12-19 20:03:17.083  3327  3369 I com.miui.home: CheckGCForNative gc_urgency 1.02277 current_native_bytes is 188559991
12-19 20:03:17.086  3327  3994 I com.miui.home: CheckGCForNative adj_start_bytes: 44050416 NativeAllocationGcWatermark: 11756165 java_gc_start_bytes: 26416169 kNewNativeDiscountFactor: 2 kOldNativeDiscountFactor: 65536 old_native_bytes: 141707111 new_native_bytes: 57562832 add_bytes_allowed: 35268495 is_gc_concurrent: 1 target_footprint_: 26940457 GetBytesAllocated: 21624766 HeapGrowthMultiplier: 3
12-19 20:03:17.086  3327  3994 I com.miui.home: CheckGCForNative gc_urgency 1.14433 current_native_bytes is 199269943
12-19 20:03:17.086  3327  3994 I com.miui.home: CheckGCForNative requested 1
12-19 20:03:17.087  3327  3327 I com.miui.home: CheckGCForNative adj_start_bytes: 44050416 NativeAllocationGcWatermark: 11756165 java_gc_start_bytes: 26416169 kNewNativeDiscountFactor: 2 kOldNativeDiscountFactor: 65536 old_native_bytes: 141707111 new_native_bytes: 68270096 add_bytes_allowed: 35268495 is_gc_concurrent: 1 target_footprint_: 26940457 GetBytesAllocated: 21624958 HeapGrowthMultiplier: 3
12-19 20:03:17.087  3327  3327 I com.miui.home: CheckGCForNative gc_urgency 1.26587 current_native_bytes is 209977207
12-19 20:03:17.087  3327  3327 I com.miui.home: CheckGCForNative requested 1
12-19 20:03:17.087  3327  3327 I cccccc  : getTaskThumbnailInfo: 2460 1.0  10705920
12-19 20:03:17.098  3327  3369 I com.miui.home: CheckGCForNative requested 1
12-19 20:03:17.098  3327  3369 I cccccc  : getTaskThumbnailInfo: 2460 1.0  10705920
12-19 20:03:17.135  3327  8053 I com.miui.home: CheckGCForNative adj_start_bytes: 44050416 NativeAllocationGcWatermark: 11756165 java_gc_start_bytes: 26416169 kNewNativeDiscountFactor: 2 kOldNativeDiscountFactor: 65536 old_native_bytes: 141707111 new_native_bytes: 46938960 add_bytes_allowed: 35268495 is_gc_concurrent: 1 target_footprint_: 26940457 GetBytesAllocated: 21796587 HeapGrowthMultiplier: 3
12-19 20:03:17.135  3327  8053 I com.miui.home: CheckGCForNative gc_urgency 1.02765 current_native_bytes is 188646071
12-19 20:03:17.135  3327  8053 I com.miui.home: CheckGCForNative requested 1
12-19 20:03:17.231  3327  3361 I com.miui.home: NativeAlloc concurrent copying GC freed 199566(8322KB) AllocSpace objects, 12(552KB) LOS objects, 49% free, 12MB/24MB, paused 68us,156us total 146.934ms
12-19 20:03:17.353  3327  3327 I wm_on_top_resumed_gained_called: [119940603,com.miui.home.launcher.Launcher,topStateChangedWhenResumed]
12-19 20:03:17.376  3327  3730 I com.miui.home: CheckGCForNative gc_urgency 0 current_native_bytes is 130220987
12-19 20:03:17.420  8936  8936 I wm_on_start_called: [0,128590734,com.ss.android.ugc.aweme.splash.SplashActivity,handleStartActivity,923]
12-19 20:03:17.488  3327  3730 I com.miui.home: CheckGCForNative adj_start_bytes: 42682947 NativeAllocationGcWatermark: 11581745 java_gc_start_bytes: 25310330 kNewNativeDiscountFactor: 2 kOldNativeDiscountFactor: 65536 old_native_bytes: 130220987 new_native_bytes: 12352 add_bytes_allowed: 34745235 is_gc_concurrent: 1 target_footprint_: 25545103 GetBytesAllocated: 12923201 HeapGrowthMultiplier: 3
12-19 20:03:17.488  3327  3730 I com.miui.home: CheckGCForNative gc_urgency 0.302963 current_native_bytes is 130233339
12-19 20:03:17.538  8936  8936 I wm_on_resume_called: [0,128590734,com.ss.android.ugc.aweme.splash.SplashActivity,RESUME_ACTIVITY,84]
12-19 20:03:17.702  8936  8936 I wm_on_top_resumed_gained_called: [128590734,com.ss.android.ugc.aweme.splash.SplashActivity,topStateChangedWhenResumed]
12-19 20:03:17.987  9637  9637 I wm_on_application_create_called: [0,com.eg.android.AlipayGphone,458]
12-19 20:03:18.124  3327  3327 I wm_on_top_resumed_lost_called: [119940603,com.miui.home.launcher.Launcher,topStateChangedWhenResumed]
12-19 20:03:18.129  3327  3327 I wm_on_paused_called: [0,119940603,com.miui.home.launcher.Launcher,performPause,3]
12-19 20:03:18.173  3327  3994 D cccccc  : onTaskStackChangedBackground
12-19 20:03:18.178  3327  3386 D cccccc  : onTaskStackChangedBackground
12-19 20:03:18.300  3327  3369 D cccccc  : onTaskStackChangedBackground
12-19 20:03:18.342  3327  3369 D cccccc  : onTaskStackChangedBackground
12-19 20:03:18.546  3327  3730 I com.miui.home: CheckGCForNative adj_start_bytes: 42682947 NativeAllocationGcWatermark: 11581745 java_gc_start_bytes: 25310330 kNewNativeDiscountFactor: 2 kOldNativeDiscountFactor: 65536 old_native_bytes: 130220987 new_native_bytes: 1129956 add_bytes_allowed: 34745235 is_gc_concurrent: 1 target_footprint_: 25545103 GetBytesAllocated: 14324360 HeapGrowthMultiplier: 3
12-19 20:03:18.546  3327  3730 I com.miui.home: CheckGCForNative gc_urgency 0.348882 current_native_bytes is 131350943
12-19 20:03:18.782  3327  3989 I cccccc  : getTaskSnapshotInstance:
12-19 20:03:18.813  3327  3730 I com.miui.home: CheckGCForNative adj_start_bytes: 42682947 NativeAllocationGcWatermark: 11581745 java_gc_start_bytes: 25310330 kNewNativeDiscountFactor: 2 kOldNativeDiscountFactor: 65536 old_native_bytes: 130220987 new_native_bytes: 1453636 add_bytes_allowed: 34745235 is_gc_concurrent: 1 target_footprint_: 25545103 GetBytesAllocated: 14632916 HeapGrowthMultiplier: 3
12-19 20:03:18.813  3327  3730 I com.miui.home: CheckGCForNative gc_urgency 0.359903 current_native_bytes is 131674623
12-19 20:03:18.828  3327  3681 I cccccc  : getTaskSnapshotInstance:
12-19 20:03:18.859  3327  3681 I com.miui.home: CheckGCForNative adj_start_bytes: 42682947 NativeAllocationGcWatermark: 11581745 java_gc_start_bytes: 25310330 kNewNativeDiscountFactor: 2 kOldNativeDiscountFactor: 65536 old_native_bytes: 130220987 new_native_bytes: 12188716 add_bytes_allowed: 34745235 is_gc_concurrent: 1 target_footprint_: 25545103 GetBytesAllocated: 14701954 HeapGrowthMultiplier: 3
12-19 20:03:18.859  3327  3681 I com.miui.home: CheckGCForNative gc_urgency 0.487274 current_native_bytes is 142409703
12-19 20:03:18.860  3327  3681 I cccccc  : getTaskThumbnailInfo: 2460 1.0  10705920
12-19 20:03:18.869  3327  3730 I com.miui.home: CheckGCForNative adj_start_bytes: 42682947 NativeAllocationGcWatermark: 11581745 java_gc_start_bytes: 25310330 kNewNativeDiscountFactor: 2 kOldNativeDiscountFactor: 65536 old_native_bytes: 130220987 new_native_bytes: 14083820 add_bytes_allowed: 34745235 is_gc_concurrent: 1 target_footprint_: 25545103 GetBytesAllocated: 14716117 HeapGrowthMultiplier: 3
12-19 20:03:18.869  3327  3730 I com.miui.home: CheckGCForNative gc_urgency 0.509806 current_native_bytes is 144304807
