12-19 20:03:32.886  3327  3730 I com.miui.home: CheckGCForNative adj_start_bytes: 43247276 NativeAllocationGcWatermark: 11660178 java_gc_start_bytes: 25757009 kNewNativeDiscountFactor: 2 kOldNativeDiscountFactor: 65536 old_native_bytes: 143167143 new_native_bytes: 54846096 add_bytes_allowed: 34980534 is_gc_concurrent: 1 target_footprint_: 26172561 GetBytesAllocated: 16381279 HeapGrowthMultiplier: 3
12-19 20:03:32.886  3327  3730 I com.miui.home: CheckGCForNative gc_urgency 1.01293 current_native_bytes is 198013239
12-19 20:03:32.886  3327  3730 I com.miui.home: CheckGCForNative requested 1
12-19 20:03:32.931  3327  3989 I com.miui.home: CheckGCForNative adj_start_bytes: 43247276 NativeAllocationGcWatermark: 11660178 java_gc_start_bytes: 25757009 kNewNativeDiscountFactor: 2 kOldNativeDiscountFactor: 65536 old_native_bytes: 143167143 new_native_bytes: 54871248 add_bytes_allowed: 34980534 is_gc_concurrent: 1 target_footprint_: 26172561 GetBytesAllocated: 16479583 HeapGrowthMultiplier: 3
12-19 20:03:32.931  3327  3989 I com.miui.home: CheckGCForNative gc_urgency 1.01549 current_native_bytes is 198038391
12-19 20:03:32.931  3327  3989 I com.miui.home: CheckGCForNative requested 1
12-19 20:03:33.035  3327  3361 I com.miui.home: NativeAlloc concurrent copying GC freed 66335(3071KB) AllocSpace objects, 14(400KB) LOS objects, 50% free, 12MB/24MB, paused 269us,73us total 302.825ms
12-19 20:03:33.228  3327  3628 I com.miui.home: CheckGCForNative gc_urgency 0 current_native_bytes is 130415879
12-19 20:03:33.339  3327  3729 I com.miui.home: CheckGCForNative adj_start_bytes: 43293843 NativeAllocationGcWatermark: 11665058 java_gc_start_bytes: 25796256 kNewNativeDiscountFactor: 2 kOldNativeDiscountFactor: 65536 old_native_bytes: 130415879 new_native_bytes: 10785120 add_bytes_allowed: 34995174 is_gc_concurrent: 1 target_footprint_: 26211601 GetBytesAllocated: 13506269 HeapGrowthMultiplier: 3
12-19 20:03:33.339  3327  3729 I com.miui.home: CheckGCForNative gc_urgency 0.436571 current_native_bytes is 141200999
12-19 20:03:33.340  3327  3729 I com.miui.home: CheckGCForNative adj_start_bytes: 43293843 NativeAllocationGcWatermark: 11665058 java_gc_start_bytes: 25796256 kNewNativeDiscountFactor: 2 kOldNativeDiscountFactor: 65536 old_native_bytes: 130415879 new_native_bytes: 21738016 add_bytes_allowed: 34995174 is_gc_concurrent: 1 target_footprint_: 26211601 GetBytesAllocated: 13506461 HeapGrowthMultiplier: 3
12-19 20:03:33.340  3327  3729 I com.miui.home: CheckGCForNative gc_urgency 0.56307 current_native_bytes is 152153895
12-19 20:03:33.340  3327  3729 I cccccc  : getTaskThumbnailInfo: 2460 1.0  10705920
12-19 20:03:33.341  3327  3991 I com.miui.home: CheckGCForNative adj_start_bytes: 43293843 NativeAllocationGcWatermark: 11665058 java_gc_start_bytes: 25796256 kNewNativeDiscountFactor: 2 kOldNativeDiscountFactor: 65536 old_native_bytes: 130415879 new_native_bytes: 21738016 add_bytes_allowed: 34995174 is_gc_concurrent: 1 target_footprint_: 26211601 GetBytesAllocated: 13509223 HeapGrowthMultiplier: 3
12-19 20:03:33.341  3327  3991 I com.miui.home: CheckGCForNative gc_urgency 0.563134 current_native_bytes is 152153895
12-19 20:03:33.342  3327  3327 I cccccc  : getTaskThumbnailInfo: 2460 1.0  10705920
12-19 20:03:33.645 11049 11049 I wm_on_idle_called: com.tencent.qqlive.ona.activity.SplashHomeActivity
12-19 20:03:33.741  3327  3327 I wm_on_top_resumed_lost_called: [119940603,com.miui.home.launcher.Launcher,topStateChangedWhenResumed]
12-19 20:03:33.779  3327  3989 I com.miui.home: CheckGCForNative adj_start_bytes: 43293843 NativeAllocationGcWatermark: 11665058 java_gc_start_bytes: 25796256 kNewNativeDiscountFactor: 2 kOldNativeDiscountFactor: 65536 old_native_bytes: 130415879 new_native_bytes: 11450960 add_bytes_allowed: 34995174 is_gc_concurrent: 1 target_footprint_: 26211601 GetBytesAllocated: 13769641 HeapGrowthMultiplier: 3
12-19 20:03:33.779  3327  3989 I com.miui.home: CheckGCForNative gc_urgency 0.450344 current_native_bytes is 141866839
12-19 20:03:33.831  3327  3989 I com.miui.home: CheckGCForNative adj_start_bytes: 43293843 NativeAllocationGcWatermark: 11665058 java_gc_start_bytes: 25796256 kNewNativeDiscountFactor: 2 kOldNativeDiscountFactor: 65536 old_native_bytes: 130415879 new_native_bytes: 12007760 add_bytes_allowed: 34995174 is_gc_concurrent: 1 target_footprint_: 26211601 GetBytesAllocated: 13836542 HeapGrowthMultiplier: 3
12-19 20:03:33.831  3327  3989 I com.miui.home: CheckGCForNative gc_urgency 0.458319 current_native_bytes is 142423639
12-19 20:03:33.968  3327  3386 D cccccc  : onTaskStackChangedBackground
12-19 20:03:33.970  3327  3386 D cccccc  : onTaskStackChangedBackground
12-19 20:03:34.038 12339 12339 I wm_on_application_create_called: [0,com.xiaomi.bluetooth,2243]
12-19 20:03:34.089  3327  3989 I com.miui.home: CheckGCForNative adj_start_bytes: 43293843 NativeAllocationGcWatermark: 11665058 java_gc_start_bytes: 25796256 kNewNativeDiscountFactor: 2 kOldNativeDiscountFactor: 65536 old_native_bytes: 130415879 new_native_bytes: 13522360 add_bytes_allowed: 34995174 is_gc_concurrent: 1 target_footprint_: 26211601 GetBytesAllocated: 14028314 HeapGrowthMultiplier: 3
12-19 20:03:34.089  3327  3989 I com.miui.home: CheckGCForNative gc_urgency 0.480241 current_native_bytes is 143938239
12-19 20:03:34.121  3327  3989 I com.miui.home: CheckGCForNative adj_start_bytes: 43293843 NativeAllocationGcWatermark: 11665058 java_gc_start_bytes: 25796256 kNewNativeDiscountFactor: 2 kOldNativeDiscountFactor: 65536 old_native_bytes: 130415879 new_native_bytes: 14048184 add_bytes_allowed: 34995174 is_gc_concurrent: 1 target_footprint_: 26211601 GetBytesAllocated: 14054119 HeapGrowthMultiplier: 3
12-19 20:03:34.121  3327  3989 I com.miui.home: CheckGCForNative gc_urgency 0.48691 current_native_bytes is 144464063
12-19 20:03:34.195  3327  3327 I wm_on_paused_called: [0,119940603,com.miui.home.launcher.Launcher,performPause,4]
12-19 20:03:34.341  3327  3989 I cccccc  : getTaskSnapshotInstance:
12-19 20:03:34.342  3327  3989 I com.miui.home: CheckGCForNative adj_start_bytes: 43293843 NativeAllocationGcWatermark: 11665058 java_gc_start_bytes: 25796256 kNewNativeDiscountFactor: 2 kOldNativeDiscountFactor: 65536 old_native_bytes: 130415879 new_native_bytes: 25620064 add_bytes_allowed: 34995174 is_gc_concurrent: 1 target_footprint_: 26211601 GetBytesAllocated: 14310827 HeapGrowthMultiplier: 3
12-19 20:03:34.342  3327  3989 I com.miui.home: CheckGCForNative gc_urgency 0.626483 current_native_bytes is 156035943
12-19 20:03:34.343  3327  3989 I cccccc  : getTaskThumbnailInfo: 2460 1.0  10705920
12-19 20:03:34.344  3327  3989 I cccccc  : getTaskSnapshotInstance:
12-19 20:03:34.602  3327  3989 I com.miui.home: CheckGCForNative adj_start_bytes: 43293843 NativeAllocationGcWatermark: 11665058 java_gc_start_bytes: 25796256 kNewNativeDiscountFactor: 2 kOldNativeDiscountFactor: 65536 old_native_bytes: 130415879 new_native_bytes: 25621600 add_bytes_allowed: 34995174 is_gc_concurrent: 1 target_footprint_: 26211601 GetBytesAllocated: 14443791 HeapGrowthMultiplier: 3
12-19 20:03:34.602  3327  3989 I com.miui.home: CheckGCForNative gc_urgency 0.629572 current_native_bytes is 156037479
12-19 20:03:34.605  3327  3989 I com.miui.home: CheckGCForNative adj_start_bytes: 43293843 NativeAllocationGcWatermark: 11665058 java_gc_start_bytes: 25796256 kNewNativeDiscountFactor: 2 kOldNativeDiscountFactor: 65536 old_native_bytes: 130415879 new_native_bytes: 36328544 add_bytes_allowed: 34995174 is_gc_concurrent: 1 target_footprint_: 26211601 GetBytesAllocated: 14443983 HeapGrowthMultiplier: 3
12-19 20:03:34.605  3327  3989 I com.miui.home: CheckGCForNative gc_urgency 0.753231 current_native_bytes is 166744423
12-19 20:03:34.606  3327  3989 I cccccc  : getTaskThumbnailInfo: 2460 1.0  10705920
12-19 20:03:34.606  3327  3989 I cccccc  : getTaskSnapshotInstance:
12-19 20:03:34.664  3327  3989 I com.miui.home: CheckGCForNative adj_start_bytes: 43293843 NativeAllocationGcWatermark: 11665058 java_gc_start_bytes: 25796256 kNewNativeDiscountFactor: 2 kOldNativeDiscountFactor: 65536 old_native_bytes: 130415879 new_native_bytes: 36328800 add_bytes_allowed: 34995174 is_gc_concurrent: 1 target_footprint_: 26211601 GetBytesAllocated: 14443983 HeapGrowthMultiplier: 3
12-19 20:03:34.664  3327  3989 I com.miui.home: CheckGCForNative gc_urgency 0.753233 current_native_bytes is 166744679
12-19 20:03:34.664  3327  3989 I com.miui.home: CheckGCForNative adj_start_bytes: 43293843 NativeAllocationGcWatermark: 11665058 java_gc_start_bytes: 25796256 kNewNativeDiscountFactor: 2 kOldNativeDiscountFactor: 65536 old_native_bytes: 130415879 new_native_bytes: 47035744 add_bytes_allowed: 34995174 is_gc_concurrent: 1 target_footprint_: 26211601 GetBytesAllocated: 14446269 HeapGrowthMultiplier: 3
12-19 20:03:34.664  3327  3989 I com.miui.home: CheckGCForNative gc_urgency 0.876941 current_native_bytes is 177451623
12-19 20:03:34.665  3327  3989 I cccccc  : getTaskThumbnailInfo: 2460 1.0  10705920
12-19 20:03:34.665  3327  3989 I cccccc  : getTaskSnapshotInstance:
12-19 20:03:34.672  3327  3989 I com.miui.home: CheckGCForNative adj_start_bytes: 43293843 NativeAllocationGcWatermark: 11665058 java_gc_start_bytes: 25796256 kNewNativeDiscountFactor: 2 kOldNativeDiscountFactor: 65536 old_native_bytes: 130415879 new_native_bytes: 47036896 add_bytes_allowed: 34995174 is_gc_concurrent: 1 target_footprint_: 26211601 GetBytesAllocated: 14448687 HeapGrowthMultiplier: 3
12-19 20:03:34.672  3327  3989 I com.miui.home: CheckGCForNative gc_urgency 0.87701 current_native_bytes is 177452775
12-19 20:03:34.673  3327  3989 I com.miui.home: CheckGCForNative adj_start_bytes: 43293843 NativeAllocationGcWatermark: 11665058 java_gc_start_bytes: 25796256 kNewNativeDiscountFactor: 2 kOldNativeDiscountFactor: 65536 old_native_bytes: 130415879 new_native_bytes: 57743840 add_bytes_allowed: 34995174 is_gc_concurrent: 1 target_footprint_: 26211601 GetBytesAllocated: 14455975 HeapGrowthMultiplier: 3
12-19 20:03:34.673  3327  3989 I com.miui.home: CheckGCForNative gc_urgency 1.00083 current_native_bytes is 188159719
12-19 20:03:34.673  3327  3989 I com.miui.home: CheckGCForNative requested 1
12-19 20:03:34.673  3327  3989 I cccccc  : getTaskThumbnailInfo: 2460 1.0  10705920
12-19 20:03:34.694  3327  3370 D cccccc  : onTaskStackChangedBackground
12-19 20:03:34.698  3327  3370 D cccccc  : onTaskStackChangedBackground
12-19 20:03:34.740 12314 12314 I wm_on_application_create_called: [0,com.tencent.mm,2769]
12-19 20:03:34.840  3327  3989 I com.miui.home: CheckGCForNative adj_start_bytes: 43293843 NativeAllocationGcWatermark: 11665058 java_gc_start_bytes: 25796256 kNewNativeDiscountFactor: 2 kOldNativeDiscountFactor: 65536 old_native_bytes: 130415879 new_native_bytes: 47111736 add_bytes_allowed: 34995174 is_gc_concurrent: 1 target_footprint_: 26211601 GetBytesAllocated: 14759424 HeapGrowthMultiplier: 3
12-19 20:03:34.840  3327  3989 I com.miui.home: CheckGCForNative gc_urgency 0.885051 current_native_bytes is 177527615
12-19 20:03:34.904  3327  3361 I com.miui.home: NativeAlloc concurrent copying GC freed 34154(1605KB) AllocSpace objects, 6(184KB) LOS objects, 49% free, 12MB/24MB, paused 60us,30us total 224.725ms
12-19 20:03:35.136  3327  3730 I com.miui.home: CheckGCForNative gc_urgency 0 current_native_bytes is 120579375
12-19 20:03:35.244  3327  3989 I cccccc  : getTaskSnapshotInstance:
12-19 20:03:35.354  3327  3730 I com.miui.home: CheckGCForNative adj_start_bytes: 43230402 NativeAllocationGcWatermark: 11657123 java_gc_start_bytes: 25744718 kNewNativeDiscountFactor: 2 kOldNativeDiscountFactor: 65536 old_native_bytes: 120579375 new_native_bytes: 353888 add_bytes_allowed: 34971369 is_gc_concurrent: 1 target_footprint_: 26148127 GetBytesAllocated: 13627740 HeapGrowthMultiplier: 3
12-19 20:03:35.354  3327  3730 I com.miui.home: CheckGCForNative gc_urgency 0.319371 current_native_bytes is 120933263
12-19 20:03:35.360  3327  3989 I cccccc  : getTaskSnapshotInstance:
12-19 20:03:35.361  3327  3989 I com.miui.home: CheckGCForNative adj_start_bytes: 43230402 NativeAllocationGcWatermark: 11657123 java_gc_start_bytes: 25744718 kNewNativeDiscountFactor: 2 kOldNativeDiscountFactor: 65536 old_native_bytes: 120579375 new_native_bytes: 11020128 add_bytes_allowed: 34971369 is_gc_concurrent: 1 target_footprint_: 26148127 GetBytesAllocated: 13660508 HeapGrowthMultiplier: 3
12-19 20:03:35.361  3327  3989 I com.miui.home: CheckGCForNative gc_urgency 0.443494 current_native_bytes is 131599503
12-19 20:03:35.362  3327  3989 I com.miui.home: CheckGCForNative adj_start_bytes: 43230402 NativeAllocationGcWatermark: 11657123 java_gc_start_bytes: 25744718 kNewNativeDiscountFactor: 2 kOldNativeDiscountFactor: 65536 old_native_bytes: 120579375 new_native_bytes: 21727072 add_bytes_allowed: 34971369 is_gc_concurrent: 1 target_footprint_: 26148127 GetBytesAllocated: 13660700 HeapGrowthMultiplier: 3
12-19 20:03:35.362  3327  3989 I com.miui.home: CheckGCForNative gc_urgency 0.567334 current_native_bytes is 142306447
12-19 20:03:35.362  3327  3989 I cccccc  : getTaskThumbnailInfo: 2460 1.0  10705920
12-19 20:03:35.666 12439 12439 I wm_on_application_create_called: [0,com.dragon.read,3943]
12-19 20:03:35.756  3327  3989 I com.miui.home: CheckGCForNative adj_start_bytes: 43230402 NativeAllocationGcWatermark: 11657123 java_gc_start_bytes: 25744718 kNewNativeDiscountFactor: 2 kOldNativeDiscountFactor: 65536 old_native_bytes: 120579375 new_native_bytes: 10715716 add_bytes_allowed: 34971369 is_gc_concurrent: 1 target_footprint_: 26148127 GetBytesAllocated: 14234944 HeapGrowthMultiplier: 3
12-19 20:03:35.756  3327  3989 I com.miui.home: CheckGCForNative gc_urgency 0.453261 current_native_bytes is 131295091
12-19 20:03:35.878  3327  3989 I cccccc  : getTaskSnapshotInstance:
12-19 20:03:36.292 12439 12439 I wm_on_create_called: [0,215082227,com.dragon.read.pages.splash.SplashActivity,performCreate,344]
12-19 20:03:36.414 13225 13225 I wm_on_application_create_called: [0,com.taobao.taobao,434]
12-19 20:03:36.415 12439 12439 I wm_on_start_called: [0,215082227,com.dragon.read.pages.splash.SplashActivity,handleStartActivity,76]
12-19 20:03:36.524  3327  3327 I wm_on_resume_called: [0,119940603,com.miui.home.launcher.Launcher,RESUME_ACTIVITY,18]
12-19 20:03:36.539  3327  3327 I com.miui.home: CheckGCForNative adj_start_bytes: 43230402 NativeAllocationGcWatermark: 11657123 java_gc_start_bytes: 25744718 kNewNativeDiscountFactor: 2 kOldNativeDiscountFactor: 65536 old_native_bytes: 120579375 new_native_bytes: 10921508 add_bytes_allowed: 34971369 is_gc_concurrent: 1 target_footprint_: 26148127 GetBytesAllocated: 15402067 HeapGrowthMultiplier: 3
12-19 20:03:36.539  3327  3327 I com.miui.home: CheckGCForNative gc_urgency 0.482639 current_native_bytes is 131500883
12-19 20:03:36.542  3327  3327 I wm_on_idle_called: com.miui.home.launcher.Launcher
12-19 20:03:36.778  3327  3400 I com.miui.home: CheckGCForNative adj_start_bytes: 43230402 NativeAllocationGcWatermark: 11657123 java_gc_start_bytes: 25744718 kNewNativeDiscountFactor: 2 kOldNativeDiscountFactor: 65536 old_native_bytes: 120579375 new_native_bytes: 21673800 add_bytes_allowed: 34971369 is_gc_concurrent: 1 target_footprint_: 26148127 GetBytesAllocated: 16058412 HeapGrowthMultiplier: 3
12-19 20:03:36.778  3327  3400 I com.miui.home: CheckGCForNative gc_urgency 0.622181 current_native_bytes is 142253175
12-19 20:03:36.779  3327  3400 I com.miui.home: CheckGCForNative adj_start_bytes: 43230402 NativeAllocationGcWatermark: 11657123 java_gc_start_bytes: 25744718 kNewNativeDiscountFactor: 2 kOldNativeDiscountFactor: 65536 old_native_bytes: 120579375 new_native_bytes: 32380744 add_bytes_allowed: 34971369 is_gc_concurrent: 1 target_footprint_: 26148127 GetBytesAllocated: 16066263 HeapGrowthMultiplier: 3
12-19 20:03:36.779  3327  3400 I com.miui.home: CheckGCForNative gc_urgency 0.746199 current_native_bytes is 152960119
12-19 20:03:36.779  3327  3994 I com.miui.home: CheckGCForNative adj_start_bytes: 43230402 NativeAllocationGcWatermark: 11657123 java_gc_start_bytes: 25744718 kNewNativeDiscountFactor: 2 kOldNativeDiscountFactor: 65536 old_native_bytes: 120579375 new_native_bytes: 43087112 add_bytes_allowed: 34971369 is_gc_concurrent: 1 target_footprint_: 26148127 GetBytesAllocated: 16068662 HeapGrowthMultiplier: 3
12-19 20:03:36.779  3327  3994 I com.miui.home: CheckGCForNative gc_urgency 0.870354 current_native_bytes is 163666487
12-19 20:03:36.784  3327  3327 I cccccc  : getTaskThumbnailInfo: 2460 1.0  10705920
12-19 20:03:36.784  3327  3400 I cccccc  : getTaskThumbnailInfo: 2460 1.0  10705920
12-19 20:03:36.883 12439 12439 I wm_on_resume_called: [0,215082227,com.dragon.read.pages.splash.SplashActivity,RESUME_ACTIVITY,444]
12-19 20:03:36.889 12439 12439 I wm_on_top_resumed_gained_called: [215082227,com.dragon.read.pages.splash.SplashActivity,topStateChangedWhenResumed]
12-19 20:03:36.943  3327  3327 I wm_on_top_resumed_gained_called: [119940603,com.miui.home.launcher.Launcher,topStateChangedWhenResumed]
12-19 20:03:36.957 12439 12439 I wm_on_top_resumed_lost_called: [215082227,com.dragon.read.pages.splash.SplashActivity,topStateChangedWhenResumed]
12-19 20:03:36.963  3327  3730 I com.miui.home: CheckGCForNative adj_start_bytes: 43230402 NativeAllocationGcWatermark: 11657123 java_gc_start_bytes: 25744718 kNewNativeDiscountFactor: 2 kOldNativeDiscountFactor: 65536 old_native_bytes: 120579375 new_native_bytes: 21769032 add_bytes_allowed: 34971369 is_gc_concurrent: 1 target_footprint_: 26148127 GetBytesAllocated: 16438350 HeapGrowthMultiplier: 3
12-19 20:03:36.963  3327  3730 I com.miui.home: CheckGCForNative gc_urgency 0.632071 current_native_bytes is 142348407
12-19 20:03:36.982 12439 12439 I wm_on_paused_called: [0,215082227,com.dragon.read.pages.splash.SplashActivity,performPause,18]
12-19 20:03:37.071 13225 13225 I wm_on_create_called: [0,196181137,com.taobao.tao.welcome.Welcome,performCreate,495]
12-19 20:03:37.071 12439 12439 I wm_on_stop_called: [0,215082227,com.dragon.read.pages.splash.SplashActivity,STOP_ACTIVITY_ITEM,51]
12-19 20:03:37.256  3327  3729 I com.miui.home: CheckGCForNative adj_start_bytes: 43230402 NativeAllocationGcWatermark: 11657123 java_gc_start_bytes: 25744718 kNewNativeDiscountFactor: 2 kOldNativeDiscountFactor: 65536 old_native_bytes: 120579375 new_native_bytes: 32502952 add_bytes_allowed: 34971369 is_gc_concurrent: 1 target_footprint_: 26148127 GetBytesAllocated: 16563179 HeapGrowthMultiplier: 3
12-19 20:03:37.256  3327  3729 I com.miui.home: CheckGCForNative gc_urgency 0.759107 current_native_bytes is 153082327
12-19 20:03:37.259  3327  3400 I com.miui.home: CheckGCForNative adj_start_bytes: 43230402 NativeAllocationGcWatermark: 11657123 java_gc_start_bytes: 25744718 kNewNativeDiscountFactor: 2 kOldNativeDiscountFactor: 65536 old_native_bytes: 120579375 new_native_bytes: 43201640 add_bytes_allowed: 34971369 is_gc_concurrent: 1 target_footprint_: 26148127 GetBytesAllocated: 16580418 HeapGrowthMultiplier: 3
12-19 20:03:37.259  3327  3400 I com.miui.home: CheckGCForNative gc_urgency 0.883246 current_native_bytes is 163781015
12-19 20:03:37.262  3327  3729 I com.miui.home: CheckGCForNative adj_start_bytes: 43230402 NativeAllocationGcWatermark: 11657123 java_gc_start_bytes: 25744718 kNewNativeDiscountFactor: 2 kOldNativeDiscountFactor: 65536 old_native_bytes: 120579375 new_native_bytes: 53909288 add_bytes_allowed: 34971369 is_gc_concurrent: 1 target_footprint_: 26148127 GetBytesAllocated: 16582445 HeapGrowthMultiplier: 3
12-19 20:03:37.262  3327  3729 I com.miui.home: CheckGCForNative gc_urgency 1.00714 current_native_bytes is 174488663
12-19 20:03:37.262  3327  3729 I com.miui.home: CheckGCForNative requested 1
12-19 20:03:37.263  3327  3729 I cccccc  : getTaskThumbnailInfo: 2460 1.0  10705920
12-19 20:03:37.266  3327  3327 I cccccc  : getTaskThumbnailInfo: 2460 1.0  10705920
12-19 20:03:37.377 13225 13225 I wm_on_start_called: [0,196181137,com.taobao.tao.welcome.Welcome,handleStartActivity,306]
12-19 20:03:37.471  3327  3361 I com.miui.home: NativeAlloc concurrent copying GC freed 76517(3395KB) AllocSpace objects, 12(288KB) LOS objects, 49% free, 12MB/24MB, paused 199us,118us total 205.624ms
12-19 20:03:37.493 13225 13225 I wm_on_resume_called: [0,196181137,com.taobao.tao.welcome.Welcome,RESUME_ACTIVITY,106]
12-19 20:03:37.558 13225 13225 I wm_on_top_resumed_gained_called: [196181137,com.taobao.tao.welcome.Welcome,topStateChangedWhenResumed]
12-19 20:03:37.622 13225 13225 I wm_on_top_resumed_lost_called: [196181137,com.taobao.tao.welcome.Welcome,topStateChangedWhenResumed]
12-19 20:03:37.645  3327  3327 I wm_on_top_resumed_lost_called: [119940603,com.miui.home.launcher.Launcher,topStateChangedWhenResumed]
12-19 20:03:37.739  3327  3994 D cccccc  : onTaskStackChangedBackground
12-19 20:03:37.744  3327  3994 D cccccc  : onTaskStackChangedBackground
12-19 20:03:37.747 13225 13225 I wm_on_paused_called: [0,196181137,com.taobao.tao.welcome.Welcome,performPause,101]
12-19 20:03:37.784  3327  3327 I wm_on_paused_called: [0,119940603,com.miui.home.launcher.Launcher,performPause,3]
12-19 20:03:37.800  3327  3707 I com.miui.home: CheckGCForNative gc_urgency 0 current_native_bytes is 130462155
12-19 20:03:37.836  3327  3991 I com.miui.home: CheckGCForNative adj_start_bytes: 43029611 NativeAllocationGcWatermark: 11607320 java_gc_start_bytes: 25618631 kNewNativeDiscountFactor: 2 kOldNativeDiscountFactor: 65536 old_native_bytes: 130462155 new_native_bytes: 51448 add_bytes_allowed: 34821960 is_gc_concurrent: 1 target_footprint_: 25749703 GetBytesAllocated: 13349626 HeapGrowthMultiplier: 3
12-19 20:03:37.836  3327  3991 I com.miui.home: CheckGCForNative gc_urgency 0.310887 current_native_bytes is 130513603
12-19 20:03:37.991  3327  3991 D cccccc  : onTaskStackChangedBackground
12-19 20:03:38.010  3327  3386 D cccccc  : onTaskStackChangedBackground
12-19 20:03:38.154  3327  3730 I com.miui.home: CheckGCForNative adj_start_bytes: 43029611 NativeAllocationGcWatermark: 11607320 java_gc_start_bytes: 25618631 kNewNativeDiscountFactor: 2 kOldNativeDiscountFactor: 65536 old_native_bytes: 130462155 new_native_bytes: 872904 add_bytes_allowed: 34821960 is_gc_concurrent: 1 target_footprint_: 25749703 GetBytesAllocated: 13984781 HeapGrowthMultiplier: 3
12-19 20:03:38.154  3327  3730 I com.miui.home: CheckGCForNative gc_urgency 0.335193 current_native_bytes is 131335059
12-19 20:03:38.300 11584 11584 I wm_on_create_called: [0,63844684,com.tencent.mm.ui.LauncherUI,performCreate,267]
12-19 20:03:38.342 11584 11584 I wm_on_start_called: [0,63844684,com.tencent.mm.ui.LauncherUI,handleStartActivity,18]
12-19 20:03:38.441  3327  3989 I cccccc  : getTaskSnapshotInstance:
12-19 20:03:38.446  3327  3989 I cccccc  : getTaskSnapshotInstance:
12-19 20:03:38.449 11584 11584 I wm_on_resume_called: [0,63844684,com.tencent.mm.ui.LauncherUI,RESUME_ACTIVITY,104]
12-19 20:03:38.454  3327  3989 I com.miui.home: CheckGCForNative adj_start_bytes: 43029611 NativeAllocationGcWatermark: 11607320 java_gc_start_bytes: 25618631 kNewNativeDiscountFactor: 2 kOldNativeDiscountFactor: 65536 old_native_bytes: 130462155 new_native_bytes: 12388620 add_bytes_allowed: 34821960 is_gc_concurrent: 1 target_footprint_: 25749703 GetBytesAllocated: 14632100 HeapGrowthMultiplier: 3
12-19 20:03:38.454  3327  3989 I com.miui.home: CheckGCForNative gc_urgency 0.484048 current_native_bytes is 142850775
12-19 20:03:38.457  3327  3989 I cccccc  : getTaskThumbnailInfo: 2460 1.0  10705920
12-19 20:03:38.496 11584 11584 I wm_on_top_resumed_gained_called: [63844684,com.tencent.mm.ui.LauncherUI,topStateChangedWhenResumed]
12-19 20:03:38.498 11584 11584 I wm_on_top_resumed_lost_called: [63844684,com.tencent.mm.ui.LauncherUI,topStateChangedWhenResumed]
12-19 20:03:38.507 11584 11584 I wm_on_paused_called: [0,63844684,com.tencent.mm.ui.LauncherUI,performPause,9]
12-19 20:03:38.530  3327  3989 I com.miui.home: CheckGCForNative adj_start_bytes: 43029611 NativeAllocationGcWatermark: 11607320 java_gc_start_bytes: 25618631 kNewNativeDiscountFactor: 2 kOldNativeDiscountFactor: 65536 old_native_bytes: 130462155 new_native_bytes: 1759884 add_bytes_allowed: 34821960 is_gc_concurrent: 1 target_footprint_: 25749703 GetBytesAllocated: 14922331 HeapGrowthMultiplier: 3
12-19 20:03:38.530  3327  3989 I com.miui.home: CheckGCForNative gc_urgency 0.367288 current_native_bytes is 132222039
12-19 20:03:38.554  3327  3327 I wm_on_stop_called: [0,119940603,com.miui.home.launcher.Launcher,STOP_ACTIVITY_ITEM,6]
12-19 20:03:38.634  3327  3994 D cccccc  : onTaskStackChangedBackground
12-19 20:03:38.638  3327  3991 D cccccc  : onTaskStackChangedBackground
12-19 20:03:38.651 11584 11584 I wm_on_create_called: [0,109422944,com.tencent.mm.plugin.account.ui.WelcomeActivity,performCreate,57]
12-19 20:03:38.654 11584 11584 I wm_on_start_called: [0,109422944,com.tencent.mm.plugin.account.ui.WelcomeActivity,handleStartActivity,2]
12-19 20:03:38.662 11584 11584 I wm_on_resume_called: [0,109422944,com.tencent.mm.plugin.account.ui.WelcomeActivity,RESUME_ACTIVITY,7]
12-19 20:03:38.672 11584 11584 I wm_on_top_resumed_gained_called: [109422944,com.tencent.mm.plugin.account.ui.WelcomeActivity,topStateChangedWhenResumed]
12-19 20:03:38.737  3327  3989 I com.miui.home: CheckGCForNative gc_urgency 0 current_native_bytes is 120417955
12-19 20:03:38.739  3327  3989 I com.miui.home: CheckGCForNative adj_start_bytes: 42914513 NativeAllocationGcWatermark: 11620653 java_gc_start_bytes: 25483534 kNewNativeDiscountFactor: 2 kOldNativeDiscountFactor: 65536 old_native_bytes: 120417955 new_native_bytes: 525568 add_bytes_allowed: 34861959 is_gc_concurrent: 1 target_footprint_: 25856365 GetBytesAllocated: 13122624 HeapGrowthMultiplier: 3
12-19 20:03:38.740  3327  3989 I com.miui.home: CheckGCForNative gc_urgency 0.311951 current_native_bytes is 120943523
12-19 20:03:38.765  3327  3989 I com.miui.home: CheckGCForNative adj_start_bytes: 42914513 NativeAllocationGcWatermark: 11620653 java_gc_start_bytes: 25483534 kNewNativeDiscountFactor: 2 kOldNativeDiscountFactor: 65536 old_native_bytes: 120417955 new_native_bytes: 2087904 add_bytes_allowed: 34861959 is_gc_concurrent: 1 target_footprint_: 25856365 GetBytesAllocated: 13206234 HeapGrowthMultiplier: 3
12-19 20:03:38.765  3327  3989 I com.miui.home: CheckGCForNative gc_urgency 0.332103 current_native_bytes is 122505859
12-19 20:03:38.768  3327  3989 I com.miui.home: CheckGCForNative adj_start_bytes: 42914513 NativeAllocationGcWatermark: 11620653 java_gc_start_bytes: 25483534 kNewNativeDiscountFactor: 2 kOldNativeDiscountFactor: 65536 old_native_bytes: 120417955 new_native_bytes: 2613728 add_bytes_allowed: 34861959 is_gc_concurrent: 1 target_footprint_: 25856365 GetBytesAllocated: 13226714 HeapGrowthMultiplier: 3
12-19 20:03:38.768  3327  3989 I com.miui.home: CheckGCForNative gc_urgency 0.338706 current_native_bytes is 123031683
12-19 20:03:38.795  3327  3989 I com.miui.home: CheckGCForNative adj_start_bytes: 42914513 NativeAllocationGcWatermark: 11620653 java_gc_start_bytes: 25483534 kNewNativeDiscountFactor: 2 kOldNativeDiscountFactor: 65536 old_native_bytes: 120417955 new_native_bytes: 3832472 add_bytes_allowed: 34861959 is_gc_concurrent: 1 target_footprint_: 25856365 GetBytesAllocated: 13328777 HeapGrowthMultiplier: 3
12-19 20:03:38.795  3327  3989 I com.miui.home: CheckGCForNative gc_urgency 0.355284 current_native_bytes is 124250427
12-19 20:03:38.808  3327  3989 I cccccc  : getTaskSnapshotInstance:
12-19 20:03:38.970 11584 11584 I wm_on_stop_called: [0,63844684,com.tencent.mm.ui.LauncherUI,STOP_ACTIVITY_ITEM,3]
12-19 20:03:38.982  3327  3989 I com.miui.home: CheckGCForNative adj_start_bytes: 42914513 NativeAllocationGcWatermark: 11620653 java_gc_start_bytes: 25483534 kNewNativeDiscountFactor: 2 kOldNativeDiscountFactor: 65536 old_native_bytes: 120417955 new_native_bytes: 4447768 add_bytes_allowed: 34861959 is_gc_concurrent: 1 target_footprint_: 25856365 GetBytesAllocated: 13840173 HeapGrowthMultiplier: 3
12-19 20:03:38.982  3327  3989 I com.miui.home: CheckGCForNative gc_urgency 0.37437 current_native_bytes is 124865723
12-19 20:03:39.064  3327  3989 I cccccc  : getTaskSnapshotInstance:
12-19 20:03:39.356 12439 12439 I wm_on_destroy_called: [0,215082227,com.dragon.read.pages.splash.SplashActivity,performDestroy,128]
12-19 20:03:39.514 11584 11584 I wm_on_top_resumed_lost_called: [109422944,com.tencent.mm.plugin.account.ui.WelcomeActivity,topStateChangedWhenResumed]
12-19 20:03:39.522  3327  3327 I wm_on_restart_called: [0,119940603,com.miui.home.launcher.Launcher,,0]
12-19 20:03:39.524  3327  3327 I wm_on_start_called: [0,119940603,com.miui.home.launcher.Launcher,handleStartActivity,3]
12-19 20:03:39.578  3327  3327 I wm_on_resume_called: [0,119940603,com.miui.home.launcher.Launcher,RESUME_ACTIVITY,51]
12-19 20:03:39.651  3327  3327 I wm_on_top_resumed_gained_called: [119940603,com.miui.home.launcher.Launcher,topStateChangedWhenResumed]
12-19 20:03:39.656  3327  3327 I wm_on_idle_called: com.miui.home.launcher.Launcher
12-19 20:03:39.755  3327  3400 I com.miui.home: CheckGCForNative adj_start_bytes: 42914513 NativeAllocationGcWatermark: 11620653 java_gc_start_bytes: 25483534 kNewNativeDiscountFactor: 2 kOldNativeDiscountFactor: 65536 old_native_bytes: 120417955 new_native_bytes: 15843960 add_bytes_allowed: 34861959 is_gc_concurrent: 1 target_footprint_: 25856365 GetBytesAllocated: 15473769 HeapGrowthMultiplier: 3
12-19 20:03:39.755  3327  3400 I com.miui.home: CheckGCForNative gc_urgency 0.545214 current_native_bytes is 136261915
12-19 20:03:39.756  3327  3327 I com.miui.home: CheckGCForNative adj_start_bytes: 42914513 NativeAllocationGcWatermark: 11620653 java_gc_start_bytes: 25483534 kNewNativeDiscountFactor: 2 kOldNativeDiscountFactor: 65536 old_native_bytes: 120417955 new_native_bytes: 26551224 add_bytes_allowed: 34861959 is_gc_concurrent: 1 target_footprint_: 25856365 GetBytesAllocated: 15497821 HeapGrowthMultiplier: 3
12-19 20:03:39.756  3327  3327 I com.miui.home: CheckGCForNative gc_urgency 0.670525 current_native_bytes is 146969179
12-19 20:03:39.756  3327  3327 I cccccc  : getTaskThumbnailInfo: 2460 1.0  10705920
12-19 20:03:39.759  3327  3991 I com.miui.home: CheckGCForNative adj_start_bytes: 42914513 NativeAllocationGcWatermark: 11620653 java_gc_start_bytes: 25483534 kNewNativeDiscountFactor: 2 kOldNativeDiscountFactor: 65536 old_native_bytes: 120417955 new_native_bytes: 26552760 add_bytes_allowed: 34861959 is_gc_concurrent: 1 target_footprint_: 25856365 GetBytesAllocated: 15542439 HeapGrowthMultiplier: 3
12-19 20:03:39.759  3327  3991 I com.miui.home: CheckGCForNative gc_urgency 0.671583 current_native_bytes is 146970715
12-19 20:03:39.759  3327  3991 I cccccc  : getTaskThumbnailInfo: 2460 1.0  10705920
12-19 20:03:39.902  3327  3730 I com.miui.home: CheckGCForNative adj_start_bytes: 42914513 NativeAllocationGcWatermark: 11620653 java_gc_start_bytes: 25483534 kNewNativeDiscountFactor: 2 kOldNativeDiscountFactor: 65536 old_native_bytes: 120417955 new_native_bytes: 15870744 add_bytes_allowed: 34861959 is_gc_concurrent: 1 target_footprint_: 25856365 GetBytesAllocated: 15815573 HeapGrowthMultiplier: 3
12-19 20:03:39.903  3327  3730 I com.miui.home: CheckGCForNative gc_urgency 0.553491 current_native_bytes is 136288699
12-19 20:03:40.256 11584 11584 I wm_on_paused_called: [0,109422944,com.tencent.mm.plugin.account.ui.WelcomeActivity,performPause,7]
12-19 20:03:40.323  3327  3991 I com.miui.home: CheckGCForNative adj_start_bytes: 42914513 NativeAllocationGcWatermark: 11620653 java_gc_start_bytes: 25483534 kNewNativeDiscountFactor: 2 kOldNativeDiscountFactor: 65536 old_native_bytes: 120417955 new_native_bytes: 15820968 add_bytes_allowed: 34861959 is_gc_concurrent: 1 target_footprint_: 25856365 GetBytesAllocated: 15974253 HeapGrowthMultiplier: 3
12-19 20:03:40.323  3327  3991 I com.miui.home: CheckGCForNative gc_urgency 0.556608 current_native_bytes is 136238923
12-19 20:03:40.350 11584 11584 I wm_on_stop_called: [0,109422944,com.tencent.mm.plugin.account.ui.WelcomeActivity,STOP_ACTIVITY_ITEM,24]
12-19 20:03:40.360 11584 11584 I wm_on_idle_called: com.tencent.mm.ui.LauncherUI
12-19 20:03:40.360 11584 11584 I wm_on_idle_called: com.tencent.mm.plugin.account.ui.WelcomeActivity
12-19 20:03:40.366  3327  3400 D cccccc  : onTaskStackChangedBackground
12-19 20:03:40.366  3327  3991 D cccccc  : onTaskStackChangedBackground
12-19 20:03:40.462  3327  3327 I com.miui.home: CheckGCForNative adj_start_bytes: 42914513 NativeAllocationGcWatermark: 11620653 java_gc_start_bytes: 25483534 kNewNativeDiscountFactor: 2 kOldNativeDiscountFactor: 65536 old_native_bytes: 120417955 new_native_bytes: 15926468 add_bytes_allowed: 34861959 is_gc_concurrent: 1 target_footprint_: 25856365 GetBytesAllocated: 16490774 HeapGrowthMultiplier: 3
12-19 20:03:40.462  3327  3327 I com.miui.home: CheckGCForNative gc_urgency 0.569874 current_native_bytes is 136344423
12-19 20:03:40.522  3327  3327 I wm_on_top_resumed_lost_called: [119940603,com.miui.home.launcher.Launcher,topStateChangedWhenResumed]
12-19 20:03:40.530  3327  3327 I wm_on_paused_called: [0,119940603,com.miui.home.launcher.Launcher,performPause,2]
12-19 20:03:40.556  3327  3386 D cccccc  : onTaskStackChangedBackground
12-19 20:03:40.562  3327  3386 D cccccc  : onTaskStackChangedBackground
12-19 20:03:40.635  3327  3400 D cccccc  : onTaskStackChangedBackground
12-19 20:03:40.636  3327  3991 D cccccc  : onTaskStackChangedBackground
12-19 20:03:40.686  3327  3989 I cccccc  : getTaskSnapshotInstance:
12-19 20:03:40.695  3327  3989 I com.miui.home: CheckGCForNative adj_start_bytes: 42914513 NativeAllocationGcWatermark: 11620653 java_gc_start_bytes: 25483534 kNewNativeDiscountFactor: 2 kOldNativeDiscountFactor: 65536 old_native_bytes: 120417955 new_native_bytes: 26762980 add_bytes_allowed: 34861959 is_gc_concurrent: 1 target_footprint_: 25856365 GetBytesAllocated: 17178680 HeapGrowthMultiplier: 3
12-19 20:03:40.695  3327  3989 I com.miui.home: CheckGCForNative gc_urgency 0.71216 current_native_bytes is 147180935
12-19 20:03:40.696  3327  3989 I cccccc  : getTaskThumbnailInfo: 2460 1.0  10705920
12-19 20:03:40.827  3327  3730 I com.miui.home: CheckGCForNative adj_start_bytes: 42914513 NativeAllocationGcWatermark: 11620653 java_gc_start_bytes: 25483534 kNewNativeDiscountFactor: 2 kOldNativeDiscountFactor: 65536 old_native_bytes: 120417955 new_native_bytes: 16101340 add_bytes_allowed: 34861959 is_gc_concurrent: 1 target_footprint_: 25856365 GetBytesAllocated: 17424517 HeapGrowthMultiplier: 3
12-19 20:03:40.827  3327  3730 I com.miui.home: CheckGCForNative gc_urgency 0.593669 current_native_bytes is 136519295
12-19 20:03:41.094  3327  3730 I com.miui.home: CheckGCForNative adj_start_bytes: 42914513 NativeAllocationGcWatermark: 11620653 java_gc_start_bytes: 25483534 kNewNativeDiscountFactor: 2 kOldNativeDiscountFactor: 65536 old_native_bytes: 120417955 new_native_bytes: 16465184 add_bytes_allowed: 34861959 is_gc_concurrent: 1 target_footprint_: 25856365 GetBytesAllocated: 18121325 HeapGrowthMultiplier: 3
12-19 20:03:41.094  3327  3730 I com.miui.home: CheckGCForNative gc_urgency 0.614146 current_native_bytes is 136883139
12-19 20:03:41.130  3327  3989 I cccccc  : getTaskSnapshotInstance:
12-19 20:03:41.420 14064 14064 I wm_on_application_create_called: [0,com.sina.weibo,255]
12-19 20:03:41.635 14064 14064 I wm_on_create_called: [0,128528447,com.sina.weibo.SplashActivity,performCreate,59]
12-19 20:03:41.834 14064 14064 I wm_on_start_called: [0,128528447,com.sina.weibo.SplashActivity,handleStartActivity,199]
12-19 20:03:41.856 14064 14064 I wm_on_resume_called: [0,128528447,com.sina.weibo.SplashActivity,RESUME_ACTIVITY,6]
12-19 20:03:41.918 14205 14205 I wm_on_application_create_called: [0,com.sina.weibo,233]
12-19 20:03:41.946 14064 14064 I wm_on_top_resumed_gained_called: [128528447,com.sina.weibo.SplashActivity,topStateChangedWhenResumed]
12-19 20:03:42.499  3327  3327 I com.miui.home: CheckGCForNative adj_start_bytes: 42914513 NativeAllocationGcWatermark: 11620653 java_gc_start_bytes: 25483534 kNewNativeDiscountFactor: 2 kOldNativeDiscountFactor: 65536 old_native_bytes: 120417955 new_native_bytes: 16341980 add_bytes_allowed: 34861959 is_gc_concurrent: 1 target_footprint_: 25856365 GetBytesAllocated: 18956646 HeapGrowthMultiplier: 3
12-19 20:03:42.499  3327  3327 I com.miui.home: CheckGCForNative gc_urgency 0.632175 current_native_bytes is 136759935
12-19 20:03:42.544  3327  3327 I wm_on_resume_called: [0,119940603,com.miui.home.launcher.Launcher,RESUME_ACTIVITY,17]
12-19 20:03:42.561  3327  3327 I wm_on_idle_called: com.miui.home.launcher.Launcher
12-19 20:03:42.622 14064 14064 I wm_on_top_resumed_lost_called: [128528447,com.sina.weibo.SplashActivity,topStateChangedWhenResumed]
12-19 20:03:42.763  3327  3327 I wm_on_top_resumed_gained_called: [119940603,com.miui.home.launcher.Launcher,topStateChangedWhenResumed]
12-19 20:03:42.990  3327  3400 I com.miui.home: CheckGCForNative adj_start_bytes: 42914513 NativeAllocationGcWatermark: 11620653 java_gc_start_bytes: 25483534 kNewNativeDiscountFactor: 2 kOldNativeDiscountFactor: 65536 old_native_bytes: 120417955 new_native_bytes: 27115604 add_bytes_allowed: 34861959 is_gc_concurrent: 1 target_footprint_: 25856365 GetBytesAllocated: 19356248 HeapGrowthMultiplier: 3
12-19 20:03:42.991  3327  3400 I com.miui.home: CheckGCForNative gc_urgency 0.767011 current_native_bytes is 147533559
12-19 20:03:42.992  3327  3400 I com.miui.home: CheckGCForNative adj_start_bytes: 42914513 NativeAllocationGcWatermark: 11620653 java_gc_start_bytes: 25483534 kNewNativeDiscountFactor: 2 kOldNativeDiscountFactor: 65536 old_native_bytes: 120417955 new_native_bytes: 37822548 add_bytes_allowed: 34861959 is_gc_concurrent: 1 target_footprint_: 25856365 GetBytesAllocated: 19361160 HeapGrowthMultiplier: 3
12-19 20:03:42.992  3327  3400 I com.miui.home: CheckGCForNative gc_urgency 0.891872 current_native_bytes is 158240503
12-19 20:03:42.992  3327  3400 I cccccc  : getTaskThumbnailInfo: 2460 1.0  10705920
12-19 20:03:43.070 14064 14064 I wm_on_idle_called: com.sina.weibo.SplashActivity
12-19 20:03:43.088  3327  3730 I com.miui.home: CheckGCForNative adj_start_bytes: 42914513 NativeAllocationGcWatermark: 11620653 java_gc_start_bytes: 25483534 kNewNativeDiscountFactor: 2 kOldNativeDiscountFactor: 65536 old_native_bytes: 120417955 new_native_bytes: 27158628 add_bytes_allowed: 34861959 is_gc_concurrent: 1 target_footprint_: 25856365 GetBytesAllocated: 19420472 HeapGrowthMultiplier: 3
12-19 20:03:43.088  3327  3730 I com.miui.home: CheckGCForNative gc_urgency 0.769009 current_native_bytes is 147576583
12-19 20:03:43.192  3327  3400 I com.miui.home: CheckGCForNative adj_start_bytes: 42914513 NativeAllocationGcWatermark: 11620653 java_gc_start_bytes: 25483534 kNewNativeDiscountFactor: 2 kOldNativeDiscountFactor: 65536 old_native_bytes: 120417955 new_native_bytes: 37907812 add_bytes_allowed: 34861959 is_gc_concurrent: 1 target_footprint_: 25856365 GetBytesAllocated: 19657016 HeapGrowthMultiplier: 3
12-19 20:03:43.192  3327  3400 I com.miui.home: CheckGCForNative gc_urgency 0.899786 current_native_bytes is 158325767
12-19 20:03:43.200  3327  3327 I cccccc  : getTaskThumbnailInfo: 2460 1.0  10705920
12-19 20:03:43.445  3327  3730 I com.miui.home: CheckGCForNative adj_start_bytes: 42914513 NativeAllocationGcWatermark: 11620653 java_gc_start_bytes: 25483534 kNewNativeDiscountFactor: 2 kOldNativeDiscountFactor: 65536 old_native_bytes: 120417955 new_native_bytes: 27213380 add_bytes_allowed: 34861959 is_gc_concurrent: 1 target_footprint_: 25856365 GetBytesAllocated: 20259429 HeapGrowthMultiplier: 3
12-19 20:03:43.445  3327  3730 I com.miui.home: CheckGCForNative gc_urgency 0.789196 current_native_bytes is 147631335
12-19 20:03:43.468  3327  3832 I com.miui.home: CheckGCForNative adj_start_bytes: 42914513 NativeAllocationGcWatermark: 11620653 java_gc_start_bytes: 25483534 kNewNativeDiscountFactor: 2 kOldNativeDiscountFactor: 65536 old_native_bytes: 120417955 new_native_bytes: 27183396 add_bytes_allowed: 34861959 is_gc_concurrent: 1 target_footprint_: 25856365 GetBytesAllocated: 20274643 HeapGrowthMultiplier: 3
12-19 20:03:43.468  3327  3832 I com.miui.home: CheckGCForNative gc_urgency 0.789201 current_native_bytes is 147601351
12-19 20:03:43.472 14064 14064 I wm_on_paused_called: [0,128528447,com.sina.weibo.SplashActivity,performPause,7]
12-19 20:03:43.861  3327  3991 D cccccc  : onTaskStackChangedBackground
12-19 20:03:43.906  3327  3400 D cccccc  : onTaskStackChangedBackground
12-19 20:03:44.076  3327  3327 I wm_on_top_resumed_lost_called: [119940603,com.miui.home.launcher.Launcher,topStateChangedWhenResumed]
12-19 20:03:44.086  3327  3327 I wm_on_paused_called: [0,119940603,com.miui.home.launcher.Launcher,performPause,3]
12-19 20:03:44.170  3327  3991 D cccccc  : onTaskStackChangedBackground
12-19 20:03:44.171  3327  3400 D cccccc  : onTaskStackChangedBackground
12-19 20:03:44.262  3327  3991 D cccccc  : onTaskStackChangedBackground
12-19 20:03:44.299  3327  3991 D cccccc  : onTaskStackChangedBackground
12-19 20:03:44.424  3327  3730 I com.miui.home: CheckGCForNative adj_start_bytes: 42914513 NativeAllocationGcWatermark: 11620653 java_gc_start_bytes: 25483534 kNewNativeDiscountFactor: 2 kOldNativeDiscountFactor: 65536 old_native_bytes: 120417955 new_native_bytes: 27772000 add_bytes_allowed: 34861959 is_gc_concurrent: 1 target_footprint_: 25856365 GetBytesAllocated: 21405467 HeapGrowthMultiplier: 3
12-19 20:03:44.425  3327  3730 I com.miui.home: CheckGCForNative gc_urgency 0.82241 current_native_bytes is 148189955
12-19 20:03:44.687 14064 14064 I wm_on_create_called: [0,209671563,com.sina.weibo.VisitorMainTabActivity,performCreate,1019]
12-19 20:03:44.691 14064 14064 I wm_on_start_called: [0,209671563,com.sina.weibo.VisitorMainTabActivity,handleStartActivity,3]
12-19 20:03:44.702  3327  3989 I cccccc  : getTaskSnapshotInstance:
12-19 20:03:44.706  3327  3989 I com.miui.home: CheckGCForNative adj_start_bytes: 42914513 NativeAllocationGcWatermark: 11620653 java_gc_start_bytes: 25483534 kNewNativeDiscountFactor: 2 kOldNativeDiscountFactor: 65536 old_native_bytes: 120417955 new_native_bytes: 38646216 add_bytes_allowed: 34861959 is_gc_concurrent: 1 target_footprint_: 25856365 GetBytesAllocated: 21787230 HeapGrowthMultiplier: 3
12-19 20:03:44.706  3327  3989 I com.miui.home: CheckGCForNative gc_urgency 0.958002 current_native_bytes is 159064171
12-19 20:03:44.707  3327  3989 I cccccc  : getTaskThumbnailInfo: 2460 1.0  10705920
12-19 20:03:44.748  3327  3730 I com.miui.home: CheckGCForNative adj_start_bytes: 42914513 NativeAllocationGcWatermark: 11620653 java_gc_start_bytes: 25483534 kNewNativeDiscountFactor: 2 kOldNativeDiscountFactor: 65536 old_native_bytes: 120417955 new_native_bytes: 27951176 add_bytes_allowed: 34861959 is_gc_concurrent: 1 target_footprint_: 25856365 GetBytesAllocated: 21856142 HeapGrowthMultiplier: 3
12-19 20:03:44.748  3327  3730 I com.miui.home: CheckGCForNative gc_urgency 0.834999 current_native_bytes is 148369131
12-19 20:03:44.889  3327  3989 I com.miui.home: CheckGCForNative adj_start_bytes: 42914513 NativeAllocationGcWatermark: 11620653 java_gc_start_bytes: 25483534 kNewNativeDiscountFactor: 2 kOldNativeDiscountFactor: 65536 old_native_bytes: 120417955 new_native_bytes: 27888124 add_bytes_allowed: 34861959 is_gc_concurrent: 1 target_footprint_: 25856365 GetBytesAllocated: 22351637 HeapGrowthMultiplier: 3
12-19 20:03:44.889  3327  3989 I com.miui.home: CheckGCForNative gc_urgency 0.84581 current_native_bytes is 148306079
12-19 20:03:44.952  3327  3989 I cccccc  : getTaskSnapshotInstance:
12-19 20:03:45.095 14064 14064 I wm_on_create_called: [0,0,com.sina.weibo.feed.visitor.VisitorHomeActivity,performCreate,264]
12-19 20:03:45.111 14064 14064 I wm_on_start_called: [0,0,com.sina.weibo.feed.visitor.VisitorHomeActivity,handleStartActivity,15]
12-19 20:03:45.237 14064 14064 I wm_on_resume_called: [0,0,com.sina.weibo.feed.visitor.VisitorHomeActivity,moveToState-INITIALIZING,121]
12-19 20:03:45.244 14552 14552 I wm_on_application_create_called: [0,com.UCMobile,231]
12-19 20:03:45.277 14064 14064 I wm_on_resume_called: [0,209671563,com.sina.weibo.VisitorMainTabActivity,RESUME_ACTIVITY,581]
12-19 20:03:45.306 14064 14064 I wm_on_stop_called: [0,128528447,com.sina.weibo.SplashActivity,LIFECYCLER_STOP_ACTIVITY,3]
12-19 20:03:45.341 14064 14064 I wm_on_destroy_called: [0,128528447,com.sina.weibo.SplashActivity,performDestroy,34]
12-19 20:03:45.382 14064 14064 I wm_on_paused_called: [0,0,com.sina.weibo.feed.visitor.VisitorHomeActivity,performPause,8]
12-19 20:03:45.385 14064 14064 I wm_on_paused_called: [0,209671563,com.sina.weibo.VisitorMainTabActivity,performPause,15]
12-19 20:03:45.419 14064 14064 I wm_on_stop_called: [0,0,com.sina.weibo.feed.visitor.VisitorHomeActivity,moveToState-STARTED,30]
12-19 20:03:45.420 14064 14064 I wm_on_stop_called: [0,209671563,com.sina.weibo.VisitorMainTabActivity,STOP_ACTIVITY_ITEM,34]
12-19 20:03:45.764  3327  3327 I wm_on_resume_called: [0,119940603,com.miui.home.launcher.Launcher,RESUME_ACTIVITY,18]
12-19 20:03:45.787  3327  3327 I wm_on_idle_called: com.miui.home.launcher.Launcher
12-19 20:03:45.984  3327  3991 I com.miui.home: CheckGCForNative adj_start_bytes: 42914513 NativeAllocationGcWatermark: 11620653 java_gc_start_bytes: 25483534 kNewNativeDiscountFactor: 2 kOldNativeDiscountFactor: 65536 old_native_bytes: 120417955 new_native_bytes: 39018408 add_bytes_allowed: 34861959 is_gc_concurrent: 1 target_footprint_: 25856365 GetBytesAllocated: 23928157 HeapGrowthMultiplier: 3
12-19 20:03:45.984  3327  3991 I com.miui.home: CheckGCForNative gc_urgency 1.01223 current_native_bytes is 159436363
12-19 20:03:45.984  3327  3991 I com.miui.home: CheckGCForNative requested 1
12-19 20:03:45.984  3327  3400 I com.miui.home: CheckGCForNative adj_start_bytes: 42914513 NativeAllocationGcWatermark: 11620653 java_gc_start_bytes: 25483534 kNewNativeDiscountFactor: 2 kOldNativeDiscountFactor: 65536 old_native_bytes: 120417955 new_native_bytes: 49724520 add_bytes_allowed: 34861959 is_gc_concurrent: 1 target_footprint_: 25856365 GetBytesAllocated: 23928157 HeapGrowthMultiplier: 3
12-19 20:03:45.985  3327  3400 I com.miui.home: CheckGCForNative gc_urgency 1.13696 current_native_bytes is 170142475
12-19 20:03:45.985  3327  3400 I com.miui.home: CheckGCForNative requested 1
12-19 20:03:45.986  3327  3327 I com.miui.home: CheckGCForNative adj_start_bytes: 42914513 NativeAllocationGcWatermark: 11620653 java_gc_start_bytes: 25483534 kNewNativeDiscountFactor: 2 kOldNativeDiscountFactor: 65536 old_native_bytes: 120417955 new_native_bytes: 60431848 add_bytes_allowed: 34861959 is_gc_concurrent: 1 target_footprint_: 25856365 GetBytesAllocated: 23947116 HeapGrowthMultiplier: 3
12-19 20:03:45.986  3327  3327 I com.miui.home: CheckGCForNative gc_urgency 1.26216 current_native_bytes is 180849803
12-19 20:03:45.986  3327  3327 I com.miui.home: CheckGCForNative requested 1
12-19 20:03:45.986  3327  3327 I cccccc  : getTaskThumbnailInfo: 2460 1.0  10705920
12-19 20:03:45.987  3327  3991 I cccccc  : getTaskThumbnailInfo: 2460 1.0  10705920
12-19 20:03:46.028  3327  3730 I com.miui.home: CheckGCForNative adj_start_bytes: 42914513 NativeAllocationGcWatermark: 11620653 java_gc_start_bytes: 25483534 kNewNativeDiscountFactor: 2 kOldNativeDiscountFactor: 65536 old_native_bytes: 120417955 new_native_bytes: 39106024 add_bytes_allowed: 34861959 is_gc_concurrent: 1 target_footprint_: 25856365 GetBytesAllocated: 24059918 HeapGrowthMultiplier: 3
12-19 20:03:46.028  3327  3730 I com.miui.home: CheckGCForNative gc_urgency 1.01654 current_native_bytes is 159523979
12-19 20:03:46.028  3327  3730 I com.miui.home: CheckGCForNative requested 1
12-19 20:03:46.147 14552 14552 I wm_on_create_called: [0,78359037,com.UCMobile.main.UCMobile,performCreate,884]
12-19 20:03:46.234  3327  3361 I com.miui.home: NativeAlloc concurrent copying GC freed 231530(9896KB) AllocSpace objects, 45(1172KB) LOS objects, 49% free, 12MB/25MB, paused 437us,100us total 244.094ms
12-19 20:03:46.328  3327  3327 I wm_on_top_resumed_gained_called: [119940603,com.miui.home.launcher.Launcher,topStateChangedWhenResumed]
12-19 20:03:46.374  3327  3730 I com.miui.home: CheckGCForNative gc_urgency 0 current_native_bytes is 133494947
12-19 20:03:46.396  3327  3730 I com.miui.home: CheckGCForNative gc_urgency 0 current_native_bytes is 132745371
12-19 20:03:46.580 14064 14064 I wm_on_idle_called: com.sina.weibo.VisitorMainTabActivity
12-19 20:03:46.820  3327  3327 I wm_on_top_resumed_lost_called: [119940603,com.miui.home.launcher.Launcher,topStateChangedWhenResumed]
12-19 20:03:46.826  3327  3327 I wm_on_paused_called: [0,119940603,com.miui.home.launcher.Launcher,performPause,3]
12-19 20:03:47.035  3327  3386 D cccccc  : onTaskStackChangedBackground
12-19 20:03:47.039  3327  3386 D cccccc  : onTaskStackChangedBackground
12-19 20:03:47.062  3327  3400 D cccccc  : onTaskStackChangedBackground
12-19 20:03:47.155  3327  3991 D cccccc  : onTaskStackChangedBackground
12-19 20:03:47.176  3327  3730 I com.miui.home: CheckGCForNative gc_urgency 0 current_native_bytes is 132294883
12-19 20:03:47.317 14552 14552 I wm_on_destroy_called: [0,78359037,com.UCMobile.main.UCMobile,performDestroy,2]
12-19 20:03:47.443  3327  3730 I com.miui.home: CheckGCForNative adj_start_bytes: 43333999 NativeAllocationGcWatermark: 11680752 java_gc_start_bytes: 25812871 kNewNativeDiscountFactor: 2 kOldNativeDiscountFactor: 65536 old_native_bytes: 132294883 new_native_bytes: 889476 add_bytes_allowed: 35042256 is_gc_concurrent: 1 target_footprint_: 26337159 GetBytesAllocated: 14856878 HeapGrowthMultiplier: 3
12-19 20:03:47.443  3327  3730 I com.miui.home: CheckGCForNative gc_urgency 0.353155 current_native_bytes is 133184359
