12-19 20:07:15.505  3313  3794 I com.miui.home: CheckGCForNative adj_start_bytes: 43874245 NativeAllocationGcWatermark: 11737620 java_gc_start_bytes: 26267815 kNewNativeDiscountFactor: 2 kOldNativeDiscountFactor: 65536 old_native_bytes: 132179795 new_native_bytes: 13037376 add_bytes_allowed: 35212860 is_gc_concurrent: 1 target_footprint_: 26792103 GetBytesAllocated: 20857679 HeapGrowthMultiplier: 3
12-19 20:07:15.505  3313  3794 I com.miui.home: CheckGCForNative gc_urgency 0.62402 current_native_bytes is 145217171
12-19 20:07:15.628  3313  3792 I com.miui.home: CheckGCForNative adj_start_bytes: 43874245 NativeAllocationGcWatermark: 11737620 java_gc_start_bytes: 26267815 kNewNativeDiscountFactor: 2 kOldNativeDiscountFactor: 65536 old_native_bytes: 132179795 new_native_bytes: 23713056 add_bytes_allowed: 35212860 is_gc_concurrent: 1 target_footprint_: 26792103 GetBytesAllocated: 21081672 HeapGrowthMultiplier: 3
12-19 20:07:15.628  3313  3792 I com.miui.home: CheckGCForNative gc_urgency 0.750787 current_native_bytes is 155892851
12-19 20:07:15.632  3313  4055 I com.miui.home: CheckGCForNative adj_start_bytes: 43874245 NativeAllocationGcWatermark: 11737620 java_gc_start_bytes: 26267815 kNewNativeDiscountFactor: 2 kOldNativeDiscountFactor: 65536 old_native_bytes: 132179795 new_native_bytes: 34419456 add_bytes_allowed: 35212860 is_gc_concurrent: 1 target_footprint_: 26792103 GetBytesAllocated: 21084618 HeapGrowthMultiplier: 3
12-19 20:07:15.632  3313  4055 I com.miui.home: CheckGCForNative gc_urgency 0.872867 current_native_bytes is 166599251
12-19 20:07:15.634  3313  3313 I com.miui.home: CheckGCForNative adj_start_bytes: 43874245 NativeAllocationGcWatermark: 11737620 java_gc_start_bytes: 26267815 kNewNativeDiscountFactor: 2 kOldNativeDiscountFactor: 65536 old_native_bytes: 132179795 new_native_bytes: 45126272 add_bytes_allowed: 35212860 is_gc_concurrent: 1 target_footprint_: 26792103 GetBytesAllocated: 21094396 HeapGrowthMultiplier: 3
12-19 20:07:15.634  3313  3313 I com.miui.home: CheckGCForNative gc_urgency 0.995107 current_native_bytes is 177306067
12-19 20:07:15.634  3313  3313 I cccccc  : getTaskThumbnailInfo: 2460 1.0  10705920
12-19 20:07:15.637  3313  3792 I cccccc  : getTaskThumbnailInfo: 2460 1.0  10705920
12-19 20:07:16.025  3313  3978 I cccccc  : getTaskSnapshotInstance:
12-19 20:07:16.026  3313  3978 I com.miui.home: CheckGCForNative adj_start_bytes: 43874245 NativeAllocationGcWatermark: 11737620 java_gc_start_bytes: 26267815 kNewNativeDiscountFactor: 2 kOldNativeDiscountFactor: 65536 old_native_bytes: 132179795 new_native_bytes: 34834196 add_bytes_allowed: 35212860 is_gc_concurrent: 1 target_footprint_: 26792103 GetBytesAllocated: 21661984 HeapGrowthMultiplier: 3
12-19 20:07:16.026  3313  3978 I com.miui.home: CheckGCForNative gc_urgency 0.890753 current_native_bytes is 167013991
12-19 20:07:16.027  3313  3978 I cccccc  : getTaskThumbnailInfo: 2460 1.0  10705920
12-19 20:07:16.169  3313  3313 I wm_on_top_resumed_lost_called: [267303992,com.miui.home.launcher.Launcher,topStateChangedWhenResumed]
12-19 20:07:16.220  3313  3313 I wm_on_paused_called: [0,267303992,com.miui.home.launcher.Launcher,performPause,3]
12-19 20:07:16.230  3313  8211 I com.miui.home: CheckGCForNative adj_start_bytes: 43874245 NativeAllocationGcWatermark: 11737620 java_gc_start_bytes: 26267815 kNewNativeDiscountFactor: 2 kOldNativeDiscountFactor: 65536 old_native_bytes: 132179795 new_native_bytes: 24209132 add_bytes_allowed: 35212860 is_gc_concurrent: 1 target_footprint_: 26792103 GetBytesAllocated: 21863591 HeapGrowthMultiplier: 3
12-19 20:07:16.230  3313  8211 I com.miui.home: CheckGCForNative gc_urgency 0.774262 current_native_bytes is 156388927
12-19 20:07:16.261  3313  3379 D cccccc  : onTaskStackChangedBackground
12-19 20:07:16.264  3313  3379 D cccccc  : onTaskStackChangedBackground
12-19 20:07:16.374 14405 14405 I wm_on_top_resumed_lost_called: [90673719,com.tencent.mtt.MainActivity,topStateChangedWhenResumed]
12-19 20:07:16.628  3313  4055 D cccccc  : onTaskStackChangedBackground
12-19 20:07:16.632  3313  3387 D cccccc  : onTaskStackChangedBackground
12-19 20:07:16.719  3313  3794 I com.miui.home: CheckGCForNative adj_start_bytes: 43874245 NativeAllocationGcWatermark: 11737620 java_gc_start_bytes: 26267815 kNewNativeDiscountFactor: 2 kOldNativeDiscountFactor: 65536 old_native_bytes: 132179795 new_native_bytes: 24898880 add_bytes_allowed: 35212860 is_gc_concurrent: 1 target_footprint_: 26792103 GetBytesAllocated: 22980395 HeapGrowthMultiplier: 3
12-19 20:07:16.719  3313  3794 I com.miui.home: CheckGCForNative gc_urgency 0.807577 current_native_bytes is 157078675
12-19 20:07:16.729  3313  3978 I cccccc  : getTaskSnapshotInstance:
12-19 20:07:16.730  3313  3978 I cccccc  : getTaskSnapshotInstance:
12-19 20:07:16.732  3313  3978 I com.miui.home: CheckGCForNative adj_start_bytes: 43874245 NativeAllocationGcWatermark: 11737620 java_gc_start_bytes: 26267815 kNewNativeDiscountFactor: 2 kOldNativeDiscountFactor: 65536 old_native_bytes: 132179795 new_native_bytes: 35607616 add_bytes_allowed: 35212860 is_gc_concurrent: 1 target_footprint_: 26792103 GetBytesAllocated: 23026480 HeapGrowthMultiplier: 3
12-19 20:07:16.732  3313  3978 I com.miui.home: CheckGCForNative gc_urgency 0.930667 current_native_bytes is 167787411
12-19 20:07:16.733 14405 14405 I wm_on_paused_called: [0,90673719,com.tencent.mtt.MainActivity,performPause,1]
12-19 20:07:16.733  3313  3978 I cccccc  : getTaskThumbnailInfo: 2460 1.0  10705920
12-19 20:07:16.754 14405 14405 I wm_on_destroy_called: [0,16472120,com.tencent.mtt.SplashActivity,performDestroy,13]
12-19 20:07:16.908  3313  3794 I com.miui.home: CheckGCForNative adj_start_bytes: 43874245 NativeAllocationGcWatermark: 11737620 java_gc_start_bytes: 26267815 kNewNativeDiscountFactor: 2 kOldNativeDiscountFactor: 65536 old_native_bytes: 132179795 new_native_bytes: 24887040 add_bytes_allowed: 35212860 is_gc_concurrent: 1 target_footprint_: 26792103 GetBytesAllocated: 23284265 HeapGrowthMultiplier: 3
12-19 20:07:16.908  3313  3794 I com.miui.home: CheckGCForNative gc_urgency 0.814368 current_native_bytes is 157066835
12-19 20:07:17.146 14405 14405 I wm_on_stop_called: [0,90673719,com.tencent.mtt.MainActivity,STOP_ACTIVITY_ITEM,384]
12-19 20:07:17.209  3313  3978 I com.miui.home: CheckGCForNative adj_start_bytes: 43874245 NativeAllocationGcWatermark: 11737620 java_gc_start_bytes: 26267815 kNewNativeDiscountFactor: 2 kOldNativeDiscountFactor: 65536 old_native_bytes: 132179795 new_native_bytes: 24518172 add_bytes_allowed: 35212860 is_gc_concurrent: 1 target_footprint_: 26792103 GetBytesAllocated: 23687417 HeapGrowthMultiplier: 3
12-19 20:07:17.209  3313  3978 I com.miui.home: CheckGCForNative gc_urgency 0.819354 current_native_bytes is 156697967
12-19 20:07:17.368 14731 14731 I wm_on_application_create_called: [0,com.android.providers.downloads.ui,1833]
12-19 20:07:17.401  3313  3978 I cccccc  : getTaskSnapshotInstance:
12-19 20:07:17.818 14904 14904 I wm_on_application_create_called: [0,com.xiaomi.bluetooth,445]
12-19 20:07:18.135  3313  3313 I wm_on_resume_called: [0,267303992,com.miui.home.launcher.Launcher,RESUME_ACTIVITY,16]
12-19 20:07:18.151  3313  3313 I wm_on_idle_called: com.miui.home.launcher.Launcher
12-19 20:07:18.683  3313 12100 I com.miui.home: CheckGCForNative adj_start_bytes: 43874245 NativeAllocationGcWatermark: 11737620 java_gc_start_bytes: 26267815 kNewNativeDiscountFactor: 2 kOldNativeDiscountFactor: 65536 old_native_bytes: 132179795 new_native_bytes: 35825168 add_bytes_allowed: 35212860 is_gc_concurrent: 1 target_footprint_: 26792103 GetBytesAllocated: 25562867 HeapGrowthMultiplier: 3
12-19 20:07:18.683  3313 12100 I com.miui.home: CheckGCForNative gc_urgency 0.990957 current_native_bytes is 168004963
12-19 20:07:18.685  3313 12100 I com.miui.home: CheckGCForNative adj_start_bytes: 43874245 NativeAllocationGcWatermark: 11737620 java_gc_start_bytes: 26267815 kNewNativeDiscountFactor: 2 kOldNativeDiscountFactor: 65536 old_native_bytes: 132179795 new_native_bytes: 46532112 add_bytes_allowed: 35212860 is_gc_concurrent: 1 target_footprint_: 26792103 GetBytesAllocated: 25570265 HeapGrowthMultiplier: 3
12-19 20:07:18.685  3313 12100 I com.miui.home: CheckGCForNative gc_urgency 1.11314 current_native_bytes is 178711907
12-19 20:07:18.687  3313 12100 I com.miui.home: CheckGCForNative requested 1
12-19 20:07:18.699 14963 14963 I wm_on_application_create_called: [0,com.youku.phone,1100]
12-19 20:07:18.702  3313 12100 I cccccc  : getTaskThumbnailInfo: 2460 1.0  10705920
12-19 20:07:18.781  3313  3313 I wm_on_top_resumed_gained_called: [267303992,com.miui.home.launcher.Launcher,topStateChangedWhenResumed]
12-19 20:07:18.850  3313  3379 I com.miui.home: CheckGCForNative adj_start_bytes: 43874245 NativeAllocationGcWatermark: 11737620 java_gc_start_bytes: 26267815 kNewNativeDiscountFactor: 2 kOldNativeDiscountFactor: 65536 old_native_bytes: 132179795 new_native_bytes: 46607728 add_bytes_allowed: 35212860 is_gc_concurrent: 1 target_footprint_: 26792103 GetBytesAllocated: 25669756 HeapGrowthMultiplier: 3
12-19 20:07:18.850  3313  3379 I com.miui.home: CheckGCForNative gc_urgency 1.11627 current_native_bytes is 178787523
12-19 20:07:18.850  3313  3379 I com.miui.home: CheckGCForNative requested 1
12-19 20:07:18.857  3313  3794 I com.miui.home: CheckGCForNative adj_start_bytes: 43874245 NativeAllocationGcWatermark: 11737620 java_gc_start_bytes: 26267815 kNewNativeDiscountFactor: 2 kOldNativeDiscountFactor: 65536 old_native_bytes: 132179795 new_native_bytes: 46608304 add_bytes_allowed: 35212860 is_gc_concurrent: 1 target_footprint_: 26792103 GetBytesAllocated: 25669948 HeapGrowthMultiplier: 3
12-19 20:07:18.857  3313  3794 I com.miui.home: CheckGCForNative gc_urgency 1.11628 current_native_bytes is 178788099
12-19 20:07:18.857  3313  3794 I com.miui.home: CheckGCForNative requested 1
12-19 20:07:18.880  3313  3313 I cccccc  : getTaskThumbnailInfo: 2460 1.0  10705920
12-19 20:07:18.969  3313  3794 I com.miui.home: CheckGCForNative adj_start_bytes: 43874245 NativeAllocationGcWatermark: 11737620 java_gc_start_bytes: 26267815 kNewNativeDiscountFactor: 2 kOldNativeDiscountFactor: 65536 old_native_bytes: 132179795 new_native_bytes: 35910416 add_bytes_allowed: 35212860 is_gc_concurrent: 1 target_footprint_: 26792103 GetBytesAllocated: 25734792 HeapGrowthMultiplier: 3
12-19 20:07:18.969  3313  3794 I com.miui.home: CheckGCForNative gc_urgency 0.995847 current_native_bytes is 168090211
12-19 20:07:18.975  3313  3352 I com.miui.home: NativeAlloc concurrent copying GC freed 267718(11MB) AllocSpace objects, 40(1072KB) LOS objects, 49% free, 12MB/24MB, paused 10.260ms,44us total 289.469ms
12-19 20:07:19.025 14963 14963 I wm_on_create_called: [0,268034722,com.youku.phone.ActivityWelcome,performCreate,304]
12-19 20:07:19.226  3313  3792 I com.miui.home: CheckGCForNative gc_urgency 0 current_native_bytes is 142478935
12-19 20:07:19.231  3313  3792 I com.miui.home: CheckGCForNative adj_start_bytes: 42978339 NativeAllocationGcWatermark: 11605445 java_gc_start_bytes: 25570172 kNewNativeDiscountFactor: 2 kOldNativeDiscountFactor: 65536 old_native_bytes: 142478935 new_native_bytes: 10706944 add_bytes_allowed: 34816335 is_gc_concurrent: 1 target_footprint_: 25734699 GetBytesAllocated: 13081736 HeapGrowthMultiplier: 3
12-19 20:07:19.231  3313  3792 I com.miui.home: CheckGCForNative gc_urgency 0.428992 current_native_bytes is 153185879
12-19 20:07:19.232  3313  3792 I cccccc  : getTaskThumbnailInfo: 2460 1.0  10705920
12-19 20:07:19.275  3313  3379 I com.miui.home: CheckGCForNative adj_start_bytes: 42978339 NativeAllocationGcWatermark: 11605445 java_gc_start_bytes: 25570172 kNewNativeDiscountFactor: 2 kOldNativeDiscountFactor: 65536 old_native_bytes: 142478935 new_native_bytes: 10710184 add_bytes_allowed: 34816335 is_gc_concurrent: 1 target_footprint_: 25734699 GetBytesAllocated: 13107794 HeapGrowthMultiplier: 3
12-19 20:07:19.275  3313  3379 I com.miui.home: CheckGCForNative gc_urgency 0.429636 current_native_bytes is 153189119
12-19 20:07:19.278  3313  3313 I cccccc  : getTaskThumbnailInfo: 2460 1.0  10705920
12-19 20:07:19.428 14405 14405 I wm_on_idle_called: com.tencent.mtt.MainActivity
12-19 20:07:19.555 15160 15160 I wm_on_application_create_called: [0,com.tencent.mobileqq,875]
12-19 20:07:19.613  3313  3379 D cccccc  : onTaskStackChangedBackground
12-19 20:07:19.635  3313  3379 D cccccc  : onTaskStackChangedBackground
12-19 20:07:19.646  3313  8211 I com.miui.home: CheckGCForNative adj_start_bytes: 42978339 NativeAllocationGcWatermark: 11605445 java_gc_start_bytes: 25570172 kNewNativeDiscountFactor: 2 kOldNativeDiscountFactor: 65536 old_native_bytes: 142478935 new_native_bytes: 58184 add_bytes_allowed: 34816335 is_gc_concurrent: 1 target_footprint_: 25734699 GetBytesAllocated: 13408999 HeapGrowthMultiplier: 3
12-19 20:07:19.646  3313  8211 I com.miui.home: CheckGCForNative gc_urgency 0.312722 current_native_bytes is 142537119
12-19 20:07:19.704  3313  3313 I wm_on_top_resumed_lost_called: [267303992,com.miui.home.launcher.Launcher,topStateChangedWhenResumed]
12-19 20:07:19.715  3313  3313 I wm_on_paused_called: [0,267303992,com.miui.home.launcher.Launcher,performPause,7]
12-19 20:07:19.826 14963 14963 I wm_on_destroy_called: [0,268034722,com.youku.phone.ActivityWelcome,performDestroy,3]
12-19 20:07:19.865  3313  3379 D cccccc  : onTaskStackChangedBackground
12-19 20:07:19.868  3313  3379 D cccccc  : onTaskStackChangedBackground
12-19 20:07:19.893  3313  3379 D cccccc  : onTaskStackChangedBackground
12-19 20:07:19.894  3313  3387 D cccccc  : onTaskStackChangedBackground
12-19 20:07:20.160  3313  3794 I com.miui.home: CheckGCForNative adj_start_bytes: 42978339 NativeAllocationGcWatermark: 11605445 java_gc_start_bytes: 25570172 kNewNativeDiscountFactor: 2 kOldNativeDiscountFactor: 65536 old_native_bytes: 142478935 new_native_bytes: 980136 add_bytes_allowed: 34816335 is_gc_concurrent: 1 target_footprint_: 25734699 GetBytesAllocated: 14416194 HeapGrowthMultiplier: 3
12-19 20:07:20.160  3313  3794 I com.miui.home: CheckGCForNative gc_urgency 0.346883 current_native_bytes is 143459071
12-19 20:07:20.205  3313  3794 I com.miui.home: CheckGCForNative adj_start_bytes: 42978339 NativeAllocationGcWatermark: 11605445 java_gc_start_bytes: 25570172 kNewNativeDiscountFactor: 2 kOldNativeDiscountFactor: 65536 old_native_bytes: 142478935 new_native_bytes: 1071804 add_bytes_allowed: 34816335 is_gc_concurrent: 1 target_footprint_: 25734699 GetBytesAllocated: 14457074 HeapGrowthMultiplier: 3
12-19 20:07:20.205  3313  3794 I com.miui.home: CheckGCForNative gc_urgency 0.3489 current_native_bytes is 143550739
12-19 20:07:20.304 15007 15007 I wm_on_application_create_called: [0,com.tencent.mtt,913]
12-19 20:07:20.379  3313  3978 I cccccc  : getTaskSnapshotInstance:
12-19 20:07:20.394  3313  3978 I cccccc  : getTaskSnapshotInstance:
12-19 20:07:20.395  3313  3978 I com.miui.home: CheckGCForNative adj_start_bytes: 42978339 NativeAllocationGcWatermark: 11605445 java_gc_start_bytes: 25570172 kNewNativeDiscountFactor: 2 kOldNativeDiscountFactor: 65536 old_native_bytes: 142478935 new_native_bytes: 12086564 add_bytes_allowed: 34816335 is_gc_concurrent: 1 target_footprint_: 25734699 GetBytesAllocated: 14748461 HeapGrowthMultiplier: 3
12-19 20:07:20.395  3313  3978 I com.miui.home: CheckGCForNative gc_urgency 0.483823 current_native_bytes is 154565499
12-19 20:07:20.396  3313  3978 I cccccc  : getTaskThumbnailInfo: 2460 1.0  10705920
12-19 20:07:20.439  3313  3794 I com.miui.home: CheckGCForNative adj_start_bytes: 42978339 NativeAllocationGcWatermark: 11605445 java_gc_start_bytes: 25570172 kNewNativeDiscountFactor: 2 kOldNativeDiscountFactor: 65536 old_native_bytes: 142478935 new_native_bytes: 1382180 add_bytes_allowed: 34816335 is_gc_concurrent: 1 target_footprint_: 25734699 GetBytesAllocated: 14805443 HeapGrowthMultiplier: 3
12-19 20:07:20.439  3313  3794 I com.miui.home: CheckGCForNative gc_urgency 0.360617 current_native_bytes is 143861115
12-19 20:07:20.716  3313  3978 I cccccc  : getTaskSnapshotInstance:
12-19 20:07:20.731 15552 15552 I wm_on_application_create_called: [0,com.quark.browser,209]
12-19 20:07:20.835 15552 15552 I wm_on_create_called: [0,197287000,com.ucpro.MainActivity,performCreate,72]
12-19 20:07:20.977 15363 15363 I wm_on_application_create_called: [0,com.tencent.mm,647]
12-19 20:07:20.986  3313 12100 D cccccc  : onTaskStackChangedBackground
12-19 20:07:20.990  3313  3387 D cccccc  : onTaskStackChangedBackground
12-19 20:07:21.278  3313  3978 I cccccc  : getTaskSnapshotInstance:
12-19 20:07:21.560  3313  3978 I cccccc  : getTaskSnapshotInstance:
12-19 20:07:21.585 15552 15552 I wm_on_create_called: [0,161492038,com.ucpro.BrowserActivity,performCreate,690]
12-19 20:07:21.589 15552 15552 I wm_on_start_called: [0,161492038,com.ucpro.BrowserActivity,handleStartActivity,3]
12-19 20:07:21.601 15552 15552 I wm_on_resume_called: [0,161492038,com.ucpro.BrowserActivity,RESUME_ACTIVITY,9]
12-19 20:07:21.641 15552 15552 I wm_on_top_resumed_gained_called: [161492038,com.ucpro.BrowserActivity,topStateChangedWhenResumed]
12-19 20:07:21.903  3313  3313 I wm_on_resume_called: [0,267303992,com.miui.home.launcher.Launcher,RESUME_ACTIVITY,15]
12-19 20:07:21.924  3313  3313 I wm_on_idle_called: com.miui.home.launcher.Launcher
12-19 20:07:21.970  3313  3387 I com.miui.home: CheckGCForNative adj_start_bytes: 42978339 NativeAllocationGcWatermark: 11605445 java_gc_start_bytes: 25570172 kNewNativeDiscountFactor: 2 kOldNativeDiscountFactor: 65536 old_native_bytes: 142478935 new_native_bytes: 2449300 add_bytes_allowed: 34816335 is_gc_concurrent: 1 target_footprint_: 25734699 GetBytesAllocated: 18114856 HeapGrowthMultiplier: 3
12-19 20:07:21.987  3313  3387 I com.miui.home: CheckGCForNative gc_urgency 0.452702 current_native_bytes is 144928235
12-19 20:07:22.056  3313  3387 I com.miui.home: CheckGCForNative adj_start_bytes: 42978339 NativeAllocationGcWatermark: 11605445 java_gc_start_bytes: 25570172 kNewNativeDiscountFactor: 2 kOldNativeDiscountFactor: 65536 old_native_bytes: 142478935 new_native_bytes: 13162132 add_bytes_allowed: 34816335 is_gc_concurrent: 1 target_footprint_: 25734699 GetBytesAllocated: 18757382 HeapGrowthMultiplier: 3
12-19 20:07:22.056  3313  3387 I com.miui.home: CheckGCForNative gc_urgency 0.589614 current_native_bytes is 155641067
12-19 20:07:22.057  3313  3379 I com.miui.home: CheckGCForNative adj_start_bytes: 42978339 NativeAllocationGcWatermark: 11605445 java_gc_start_bytes: 25570172 kNewNativeDiscountFactor: 2 kOldNativeDiscountFactor: 65536 old_native_bytes: 142478935 new_native_bytes: 23868052 add_bytes_allowed: 34816335 is_gc_concurrent: 1 target_footprint_: 25734699 GetBytesAllocated: 18757574 HeapGrowthMultiplier: 3
12-19 20:07:22.057  3313  3379 I com.miui.home: CheckGCForNative gc_urgency 0.714168 current_native_bytes is 166346987
12-19 20:07:22.057  3313  3387 I com.miui.home: CheckGCForNative adj_start_bytes: 42978339 NativeAllocationGcWatermark: 11605445 java_gc_start_bytes: 25570172 kNewNativeDiscountFactor: 2 kOldNativeDiscountFactor: 65536 old_native_bytes: 142478935 new_native_bytes: 34574996 add_bytes_allowed: 34816335 is_gc_concurrent: 1 target_footprint_: 25734699 GetBytesAllocated: 18764729 HeapGrowthMultiplier: 3
12-19 20:07:22.057  3313  3387 I com.miui.home: CheckGCForNative gc_urgency 0.838897 current_native_bytes is 177053931
12-19 20:07:22.057  3313  3387 I cccccc  : getTaskThumbnailInfo: 2460 1.0  10705920
12-19 20:07:22.057  3313  3313 I cccccc  : getTaskThumbnailInfo: 2460 1.0  10705920
12-19 20:07:22.098  3313  3794 I com.miui.home: CheckGCForNative adj_start_bytes: 42978339 NativeAllocationGcWatermark: 11605445 java_gc_start_bytes: 25570172 kNewNativeDiscountFactor: 2 kOldNativeDiscountFactor: 65536 old_native_bytes: 142478935 new_native_bytes: 13264836 add_bytes_allowed: 34816335 is_gc_concurrent: 1 target_footprint_: 25734699 GetBytesAllocated: 18913384 HeapGrowthMultiplier: 3
12-19 20:07:22.098  3313  3794 I com.miui.home: CheckGCForNative gc_urgency 0.594438 current_native_bytes is 155743771
12-19 20:07:22.304  3313  3313 I wm_on_top_resumed_gained_called: [267303992,com.miui.home.launcher.Launcher,topStateChangedWhenResumed]
12-19 20:07:22.321  3313  3794 I com.miui.home: CheckGCForNative adj_start_bytes: 42978339 NativeAllocationGcWatermark: 11605445 java_gc_start_bytes: 25570172 kNewNativeDiscountFactor: 2 kOldNativeDiscountFactor: 65536 old_native_bytes: 142478935 new_native_bytes: 13255748 add_bytes_allowed: 34816335 is_gc_concurrent: 1 target_footprint_: 25734699 GetBytesAllocated: 19013741 HeapGrowthMultiplier: 3
12-19 20:07:22.321  3313  3794 I com.miui.home: CheckGCForNative gc_urgency 0.596668 current_native_bytes is 155734683
12-19 20:07:22.552  3313  3792 I com.miui.home: CheckGCForNative adj_start_bytes: 42978339 NativeAllocationGcWatermark: 11605445 java_gc_start_bytes: 25570172 kNewNativeDiscountFactor: 2 kOldNativeDiscountFactor: 65536 old_native_bytes: 142478935 new_native_bytes: 23974180 add_bytes_allowed: 34816335 is_gc_concurrent: 1 target_footprint_: 25734699 GetBytesAllocated: 19104671 HeapGrowthMultiplier: 3
12-19 20:07:22.552  3313  3792 I com.miui.home: CheckGCForNative gc_urgency 0.723479 current_native_bytes is 166453115
12-19 20:07:22.554  3313  3792 I com.miui.home: CheckGCForNative adj_start_bytes: 42978339 NativeAllocationGcWatermark: 11605445 java_gc_start_bytes: 25570172 kNewNativeDiscountFactor: 2 kOldNativeDiscountFactor: 65536 old_native_bytes: 142478935 new_native_bytes: 34681444 add_bytes_allowed: 34816335 is_gc_concurrent: 1 target_footprint_: 25734699 GetBytesAllocated: 19104879 HeapGrowthMultiplier: 3
12-19 20:07:22.554  3313  3792 I com.miui.home: CheckGCForNative gc_urgency 0.84805 current_native_bytes is 177160379
12-19 20:07:22.555  3313  3792 I cccccc  : getTaskThumbnailInfo: 2460 1.0  10705920
12-19 20:07:22.557  3313 12100 I com.miui.home: CheckGCForNative adj_start_bytes: 42978339 NativeAllocationGcWatermark: 11605445 java_gc_start_bytes: 25570172 kNewNativeDiscountFactor: 2 kOldNativeDiscountFactor: 65536 old_native_bytes: 142478935 new_native_bytes: 34681444 add_bytes_allowed: 34816335 is_gc_concurrent: 1 target_footprint_: 25734699 GetBytesAllocated: 19107982 HeapGrowthMultiplier: 3
12-19 20:07:22.557  3313 12100 I com.miui.home: CheckGCForNative gc_urgency 0.848122 current_native_bytes is 177160379
12-19 20:07:22.558  3313  3313 I cccccc  : getTaskThumbnailInfo: 2460 1.0  10705920
12-19 20:07:23.074 15552 15552 I wm_on_top_resumed_lost_called: [161492038,com.ucpro.BrowserActivity,topStateChangedWhenResumed]
12-19 20:07:23.177  3313 12100 D cccccc  : onTaskStackChangedBackground
12-19 20:07:23.177  3313  4055 D cccccc  : onTaskStackChangedBackground
12-19 20:07:23.298  3313  3978 I cccccc  : getTaskSnapshotInstance:
12-19 20:07:23.299  3313  3978 I com.miui.home: CheckGCForNative adj_start_bytes: 42978339 NativeAllocationGcWatermark: 11605445 java_gc_start_bytes: 25570172 kNewNativeDiscountFactor: 2 kOldNativeDiscountFactor: 65536 old_native_bytes: 142478935 new_native_bytes: 34940712 add_bytes_allowed: 34816335 is_gc_concurrent: 1 target_footprint_: 25734699 GetBytesAllocated: 19959923 HeapGrowthMultiplier: 3
12-19 20:07:23.299  3313  3978 I com.miui.home: CheckGCForNative gc_urgency 0.870961 current_native_bytes is 177419647
12-19 20:07:23.299  3313  3978 I cccccc  : getTaskThumbnailInfo: 2460 1.0  10705920
12-19 20:07:23.302 15552 15552 I wm_on_paused_called: [0,161492038,com.ucpro.BrowserActivity,performPause,67]
12-19 20:07:23.313 15552 15552 I wm_on_destroy_called: [0,197287000,com.ucpro.MainActivity,performDestroy,2]
12-19 20:07:23.646  3313  8211 I com.miui.home: CheckGCForNative adj_start_bytes: 42978339 NativeAllocationGcWatermark: 11605445 java_gc_start_bytes: 25570172 kNewNativeDiscountFactor: 2 kOldNativeDiscountFactor: 65536 old_native_bytes: 142478935 new_native_bytes: 24244648 add_bytes_allowed: 34816335 is_gc_concurrent: 1 target_footprint_: 25734699 GetBytesAllocated: 20014689 HeapGrowthMultiplier: 3
12-19 20:07:23.646  3313  8211 I com.miui.home: CheckGCForNative gc_urgency 0.7478 current_native_bytes is 166723583
12-19 20:07:25.081 15552 15552 I wm_on_stop_called: [0,161492038,com.ucpro.BrowserActivity,STOP_ACTIVITY_ITEM,32]