12-19 20:06:58.790  3313 12100 I com.miui.home: CheckGCForNative adj_start_bytes: 43089050 NativeAllocationGcWatermark: 11613577 java_gc_start_bytes: 25668685 kNewNativeDiscountFactor: 2 kOldNativeDiscountFactor: 65536 old_native_bytes: 132524907 new_native_bytes: 35621368 add_bytes_allowed: 34840731 is_gc_concurrent: 1 target_footprint_: 25799757 GetBytesAllocated: 21093540 HeapGrowthMultiplier: 3
12-19 20:06:58.798  3313 12100 I com.miui.home: CheckGCForNative gc_urgency 0.902927 current_native_bytes is 168146275
12-19 20:06:58.825  3313  3352 I com.miui.home: NativeAlloc concurrent copying GC freed 171091(7568KB) AllocSpace objects, 14(400KB) LOS objects, 50% free, 12MB/24MB, paused 4.868ms,1.659ms total 157.805ms
12-19 20:06:59.085 12246 12246 I wm_on_top_resumed_lost_called: [157384875,com.dragon.read.pages.interest.PreferenceActivity,topStateChangedWhenResumed]
12-19 20:06:59.276  3313  3313 I wm_on_top_resumed_lost_called: [267303992,com.miui.home.launcher.Launcher,topStateChangedWhenResumed]
12-19 20:06:59.281  3313  3313 I wm_on_paused_called: [0,267303992,com.miui.home.launcher.Launcher,performPause,3]
12-19 20:06:59.292  3313 12100 D cccccc  : onTaskStackChangedBackground
12-19 20:06:59.295  3313  3387 D cccccc  : onTaskStackChangedBackground
12-19 20:06:59.306  3313  3387 D cccccc  : onTaskStackChangedBackground
12-19 20:06:59.308  3313  3387 D cccccc  : onTaskStackChangedBackground
12-19 20:06:59.413  3313  4278 D cccccc  : onTaskStackChangedBackground
12-19 20:06:59.454  3313  3357 D cccccc  : onTaskStackChangedBackground
12-19 20:06:59.700  3313  3794 I com.miui.home: CheckGCForNative gc_urgency 0 current_native_bytes is 121780987
12-19 20:06:59.834  3313  3794 I com.miui.home: CheckGCForNative adj_start_bytes: 43187332 NativeAllocationGcWatermark: 11623923 java_gc_start_bytes: 25751448 kNewNativeDiscountFactor: 2 kOldNativeDiscountFactor: 65536 old_native_bytes: 121780987 new_native_bytes: 460704 add_bytes_allowed: 34871769 is_gc_concurrent: 1 target_footprint_: 25882520 GetBytesAllocated: 14438012 HeapGrowthMultiplier: 3
12-19 20:06:59.834  3313  3794 I com.miui.home: CheckGCForNative gc_urgency 0.339688 current_native_bytes is 122241691
12-19 20:06:59.854  3313  3978 I cccccc  : getTaskSnapshotInstance:
12-19 20:06:59.859  3313  3978 I cccccc  : getTaskSnapshotInstance:
12-19 20:06:59.860  3313  3978 I com.miui.home: CheckGCForNative adj_start_bytes: 43187332 NativeAllocationGcWatermark: 11623923 java_gc_start_bytes: 25751448 kNewNativeDiscountFactor: 2 kOldNativeDiscountFactor: 65536 old_native_bytes: 121780987 new_native_bytes: 11170464 add_bytes_allowed: 34871769 is_gc_concurrent: 1 target_footprint_: 25882520 GetBytesAllocated: 14500676 HeapGrowthMultiplier: 3
12-19 20:06:59.860  3313  3978 I com.miui.home: CheckGCForNative gc_urgency 0.465131 current_native_bytes is 132951451
12-19 20:06:59.863  3313  3978 I cccccc  : getTaskThumbnailInfo: 2460 1.0  10705920
12-19 20:07:00.001  3313  3794 I com.miui.home: CheckGCForNative adj_start_bytes: 43187332 NativeAllocationGcWatermark: 11623923 java_gc_start_bytes: 25751448 kNewNativeDiscountFactor: 2 kOldNativeDiscountFactor: 65536 old_native_bytes: 121780987 new_native_bytes: 701856 add_bytes_allowed: 34871769 is_gc_concurrent: 1 target_footprint_: 25882520 GetBytesAllocated: 14954651 HeapGrowthMultiplier: 3
12-19 20:07:00.001  3313  3794 I com.miui.home: CheckGCForNative gc_urgency 0.354443 current_native_bytes is 122482843
12-19 20:07:00.188  3313  3978 I cccccc  : getTaskSnapshotInstance:
12-19 20:07:00.450 12789 12789 I wm_on_application_create_called: [0,com.taobao.taobao,311]
12-19 20:07:00.548 12789 12789 I wm_on_create_called: [0,125202619,com.taobao.tao.welcome.Welcome,performCreate,82]
12-19 20:07:00.594 12789 12789 I wm_on_start_called: [0,125202619,com.taobao.tao.welcome.Welcome,handleStartActivity,44]
12-19 20:07:00.623 12789 12789 I wm_on_resume_called: [0,125202619,com.taobao.tao.welcome.Welcome,RESUME_ACTIVITY,24]
12-19 20:07:00.669 12789 12789 I wm_on_top_resumed_gained_called: [125202619,com.taobao.tao.welcome.Welcome,topStateChangedWhenResumed]
12-19 20:07:01.110  3313  3313 I wm_on_resume_called: [0,267303992,com.miui.home.launcher.Launcher,RESUME_ACTIVITY,17]
12-19 20:07:01.129  3313  3313 I wm_on_idle_called: com.miui.home.launcher.Launcher
12-19 20:07:01.237  3313 12100 I com.miui.home: CheckGCForNative adj_start_bytes: 43187332 NativeAllocationGcWatermark: 11623923 java_gc_start_bytes: 25751448 kNewNativeDiscountFactor: 2 kOldNativeDiscountFactor: 65536 old_native_bytes: 121780987 new_native_bytes: 11635744 add_bytes_allowed: 34871769 is_gc_concurrent: 1 target_footprint_: 25882520 GetBytesAllocated: 16800006 HeapGrowthMultiplier: 3
12-19 20:07:01.237  3313 12100 I com.miui.home: CheckGCForNative gc_urgency 0.523759 current_native_bytes is 133416731
12-19 20:07:01.238  3313  3313 I com.miui.home: CheckGCForNative adj_start_bytes: 43187332 NativeAllocationGcWatermark: 11623923 java_gc_start_bytes: 25751448 kNewNativeDiscountFactor: 2 kOldNativeDiscountFactor: 65536 old_native_bytes: 121780987 new_native_bytes: 22343264 add_bytes_allowed: 34871769 is_gc_concurrent: 1 target_footprint_: 25882520 GetBytesAllocated: 16808791 HeapGrowthMultiplier: 3
12-19 20:07:01.238  3313  3313 I com.miui.home: CheckGCForNative gc_urgency 0.647928 current_native_bytes is 144124251
12-19 20:07:01.238  3313  3313 I cccccc  : getTaskThumbnailInfo: 2460 1.0  10705920
12-19 20:07:01.243  3313  4278 I com.miui.home: CheckGCForNative adj_start_bytes: 43187332 NativeAllocationGcWatermark: 11623923 java_gc_start_bytes: 25751448 kNewNativeDiscountFactor: 2 kOldNativeDiscountFactor: 65536 old_native_bytes: 121780987 new_native_bytes: 22345376 add_bytes_allowed: 34871769 is_gc_concurrent: 1 target_footprint_: 25882520 GetBytesAllocated: 16815202 HeapGrowthMultiplier: 3
12-19 20:07:01.243  3313  4278 I com.miui.home: CheckGCForNative gc_urgency 0.648313 current_native_bytes is 144126363
12-19 20:07:01.247  3313  4278 I cccccc  : getTaskThumbnailInfo: 2460 1.0  10705920
12-19 20:07:01.315  3313  3794 I com.miui.home: CheckGCForNative adj_start_bytes: 43187332 NativeAllocationGcWatermark: 11623923 java_gc_start_bytes: 25751448 kNewNativeDiscountFactor: 2 kOldNativeDiscountFactor: 65536 old_native_bytes: 121780987 new_native_bytes: 11740736 add_bytes_allowed: 34871769 is_gc_concurrent: 1 target_footprint_: 25882520 GetBytesAllocated: 17054967 HeapGrowthMultiplier: 3
12-19 20:07:01.315  3313  3794 I com.miui.home: CheckGCForNative gc_urgency 0.530878 current_native_bytes is 133521723
12-19 20:07:01.371  3313  3794 I com.miui.home: CheckGCForNative adj_start_bytes: 43187332 NativeAllocationGcWatermark: 11623923 java_gc_start_bytes: 25751448 kNewNativeDiscountFactor: 2 kOldNativeDiscountFactor: 65536 old_native_bytes: 121780987 new_native_bytes: 11747488 add_bytes_allowed: 34871769 is_gc_concurrent: 1 target_footprint_: 25882520 GetBytesAllocated: 17143195 HeapGrowthMultiplier: 3
12-19 20:07:01.371  3313  3794 I com.miui.home: CheckGCForNative gc_urgency 0.532999 current_native_bytes is 133528475
12-19 20:07:01.536  3313  3313 I wm_on_top_resumed_gained_called: [267303992,com.miui.home.launcher.Launcher,topStateChangedWhenResumed]
12-19 20:07:01.660  3313  3794 I com.miui.home: CheckGCForNative adj_start_bytes: 43187332 NativeAllocationGcWatermark: 11623923 java_gc_start_bytes: 25751448 kNewNativeDiscountFactor: 2 kOldNativeDiscountFactor: 65536 old_native_bytes: 121780987 new_native_bytes: 11768000 add_bytes_allowed: 34871769 is_gc_concurrent: 1 target_footprint_: 25882520 GetBytesAllocated: 17262159 HeapGrowthMultiplier: 3
12-19 20:07:01.660  3313  3794 I com.miui.home: CheckGCForNative gc_urgency 0.535991 current_native_bytes is 133548987
12-19 20:07:01.725  3313  4278 I com.miui.home: CheckGCForNative adj_start_bytes: 43187332 NativeAllocationGcWatermark: 11623923 java_gc_start_bytes: 25751448 kNewNativeDiscountFactor: 2 kOldNativeDiscountFactor: 65536 old_native_bytes: 121780987 new_native_bytes: 22471464 add_bytes_allowed: 34871769 is_gc_concurrent: 1 target_footprint_: 25882520 GetBytesAllocated: 17314660 HeapGrowthMultiplier: 3
12-19 20:07:01.732  3313  4278 I com.miui.home: CheckGCForNative gc_urgency 0.661126 current_native_bytes is 144252451
12-19 20:07:01.734  3313  3313 I com.miui.home: CheckGCForNative adj_start_bytes: 43187332 NativeAllocationGcWatermark: 11623923 java_gc_start_bytes: 25751448 kNewNativeDiscountFactor: 2 kOldNativeDiscountFactor: 65536 old_native_bytes: 121780987 new_native_bytes: 33178760 add_bytes_allowed: 34871769 is_gc_concurrent: 1 target_footprint_: 25882520 GetBytesAllocated: 17324003 HeapGrowthMultiplier: 3
12-19 20:07:01.735  3313  3313 I com.miui.home: CheckGCForNative gc_urgency 0.785305 current_native_bytes is 154959747
12-19 20:07:01.735  3313  3313 I cccccc  : getTaskThumbnailInfo: 2460 1.0  10705920
12-19 20:07:01.736  3313  3792 I com.miui.home: CheckGCForNative adj_start_bytes: 43187332 NativeAllocationGcWatermark: 11623923 java_gc_start_bytes: 25751448 kNewNativeDiscountFactor: 2 kOldNativeDiscountFactor: 65536 old_native_bytes: 121780987 new_native_bytes: 33178312 add_bytes_allowed: 34871769 is_gc_concurrent: 1 target_footprint_: 25882520 GetBytesAllocated: 17324003 HeapGrowthMultiplier: 3
12-19 20:07:01.736  3313  3792 I com.miui.home: CheckGCForNative gc_urgency 0.7853 current_native_bytes is 154959299
12-19 20:07:01.739  3313  3792 I cccccc  : getTaskThumbnailInfo: 2460 1.0  10705920
12-19 20:07:01.890 12789 12789 I wm_on_top_resumed_lost_called: [125202619,com.taobao.tao.welcome.Welcome,topStateChangedWhenResumed]
12-19 20:07:01.941 12789 12789 I wm_on_paused_called: [0,125202619,com.taobao.tao.welcome.Welcome,performPause,11]
12-19 20:07:02.046  3313  3387 D cccccc  : onTaskStackChangedBackground
12-19 20:07:02.047 12789 12789 I wm_on_stop_called: [0,125202619,com.taobao.tao.welcome.Welcome,STOP_ACTIVITY_ITEM,35]
12-19 20:07:02.047  3313 12100 D cccccc  : onTaskStackChangedBackground
12-19 20:07:02.130  3313  3313 I wm_on_top_resumed_lost_called: [267303992,com.miui.home.launcher.Launcher,topStateChangedWhenResumed]
12-19 20:07:02.139  3313  3313 I wm_on_paused_called: [0,267303992,com.miui.home.launcher.Launcher,performPause,3]
12-19 20:07:02.163  3313 12100 D cccccc  : onTaskStackChangedBackground
12-19 20:07:02.163  3313 12100 D cccccc  : onTaskStackChangedBackground
12-19 20:07:02.275 12789 12789 I wm_on_idle_called: com.taobao.tao.welcome.Welcome
12-19 20:07:02.312  3313 12100 D cccccc  : onTaskStackChangedBackground
12-19 20:07:02.313  3313 12100 D cccccc  : onTaskStackChangedBackground
12-19 20:07:02.440  3313  3978 I com.miui.home: CheckGCForNative adj_start_bytes: 43187332 NativeAllocationGcWatermark: 11623923 java_gc_start_bytes: 25751448 kNewNativeDiscountFactor: 2 kOldNativeDiscountFactor: 65536 old_native_bytes: 121780987 new_native_bytes: 22956268 add_bytes_allowed: 34871769 is_gc_concurrent: 1 target_footprint_: 25882520 GetBytesAllocated: 18495726 HeapGrowthMultiplier: 3
12-19 20:07:02.440  3313  3978 I com.miui.home: CheckGCForNative gc_urgency 0.694086 current_native_bytes is 144737255
12-19 20:07:02.536  3313  3978 I cccccc  : getTaskSnapshotInstance:
12-19 20:07:02.541  3313  3978 I cccccc  : getTaskSnapshotInstance:
12-19 20:07:02.543  3313  3978 I com.miui.home: CheckGCForNative adj_start_bytes: 43187332 NativeAllocationGcWatermark: 11623923 java_gc_start_bytes: 25751448 kNewNativeDiscountFactor: 2 kOldNativeDiscountFactor: 65536 old_native_bytes: 121780987 new_native_bytes: 33747724 add_bytes_allowed: 34871769 is_gc_concurrent: 1 target_footprint_: 25882520 GetBytesAllocated: 18744598 HeapGrowthMultiplier: 3
12-19 20:07:02.543  3313  3978 I com.miui.home: CheckGCForNative gc_urgency 0.824786 current_native_bytes is 155528711
12-19 20:07:02.544  3313  3978 I cccccc  : getTaskThumbnailInfo: 2460 1.0  10705920
12-19 20:07:02.562  3313  3794 I com.miui.home: CheckGCForNative adj_start_bytes: 43187332 NativeAllocationGcWatermark: 11623923 java_gc_start_bytes: 25751448 kNewNativeDiscountFactor: 2 kOldNativeDiscountFactor: 65536 old_native_bytes: 121780987 new_native_bytes: 23046540 add_bytes_allowed: 34871769 is_gc_concurrent: 1 target_footprint_: 25882520 GetBytesAllocated: 18799752 HeapGrowthMultiplier: 3
12-19 20:07:02.562  3313  3794 I com.miui.home: CheckGCForNative gc_urgency 0.702171 current_native_bytes is 144827527
12-19 20:07:02.574 12112 12112 I wm_on_application_create_called: [0,com.tencent.mm,7147]
12-19 20:07:02.654  7904  7904 I wm_on_create_called: [0,242960239,com.tencent.mm.ui.LauncherUI,performCreate,298]
12-19 20:07:02.683  7904  7904 I wm_on_start_called: [0,242960239,com.tencent.mm.ui.LauncherUI,handleStartActivity,17]
12-19 20:07:02.773  7904  7904 I wm_on_resume_called: [0,242960239,com.tencent.mm.ui.LauncherUI,RESUME_ACTIVITY,86]
12-19 20:07:02.774  3313  3794 I com.miui.home: CheckGCForNative adj_start_bytes: 43187332 NativeAllocationGcWatermark: 11623923 java_gc_start_bytes: 25751448 kNewNativeDiscountFactor: 2 kOldNativeDiscountFactor: 65536 old_native_bytes: 121780987 new_native_bytes: 23014220 add_bytes_allowed: 34871769 is_gc_concurrent: 1 target_footprint_: 25882520 GetBytesAllocated: 19073812 HeapGrowthMultiplier: 3
12-19 20:07:02.774  3313  3794 I com.miui.home: CheckGCForNative gc_urgency 0.708142 current_native_bytes is 144795207
12-19 20:07:02.829  7904  7904 I wm_on_top_resumed_gained_called: [242960239,com.tencent.mm.ui.LauncherUI,topStateChangedWhenResumed]
12-19 20:07:02.832  7904  7904 I wm_on_top_resumed_lost_called: [242960239,com.tencent.mm.ui.LauncherUI,topStateChangedWhenResumed]
12-19 20:07:02.845  7904  7904 I wm_on_paused_called: [0,242960239,com.tencent.mm.ui.LauncherUI,performPause,13]
12-19 20:07:02.955  3313  3387 D cccccc  : onTaskStackChangedBackground
12-19 20:07:03.004  3313 12100 D cccccc  : onTaskStackChangedBackground
12-19 20:07:03.010  7904  7904 I wm_on_create_called: [0,147139889,com.tencent.mm.plugin.account.ui.WelcomeActivity,performCreate,75]
12-19 20:07:03.015  7904  7904 I wm_on_start_called: [0,147139889,com.tencent.mm.plugin.account.ui.WelcomeActivity,handleStartActivity,4]
12-19 20:07:03.023  7904  7904 I wm_on_resume_called: [0,147139889,com.tencent.mm.plugin.account.ui.WelcomeActivity,RESUME_ACTIVITY,6]
12-19 20:07:03.033  7904  7904 I wm_on_top_resumed_gained_called: [147139889,com.tencent.mm.plugin.account.ui.WelcomeActivity,topStateChangedWhenResumed]
12-19 20:07:03.135  3313  3978 I cccccc  : getTaskSnapshotInstance:
12-19 20:07:03.285  3313  3313 I wm_on_stop_called: [0,267303992,com.miui.home.launcher.Launcher,STOP_ACTIVITY_ITEM,4]
12-19 20:07:03.286  7904  7904 I wm_on_stop_called: [0,242960239,com.tencent.mm.ui.LauncherUI,STOP_ACTIVITY_ITEM,3]
12-19 20:07:03.339  3313  3978 I cccccc  : getTaskSnapshotInstance:
12-19 20:07:03.936  3313  3650 I com.miui.home: CheckGCForNative gc_urgency 0 current_native_bytes is 121216031
12-19 20:07:03.969  7904  7904 I wm_on_top_resumed_lost_called: [147139889,com.tencent.mm.plugin.account.ui.WelcomeActivity,topStateChangedWhenResumed]
12-19 20:07:03.976  3313  3313 I wm_on_restart_called: [0,267303992,com.miui.home.launcher.Launcher,,0]
12-19 20:07:03.979  3313  3313 I wm_on_start_called: [0,267303992,com.miui.home.launcher.Launcher,handleStartActivity,2]
12-19 20:07:03.998  3313  3313 I wm_on_resume_called: [0,267303992,com.miui.home.launcher.Launcher,RESUME_ACTIVITY,17]
12-19 20:07:04.069  3313  3313 I wm_on_top_resumed_gained_called: [267303992,com.miui.home.launcher.Launcher,topStateChangedWhenResumed]
12-19 20:07:04.075  3313  3313 I wm_on_idle_called: com.miui.home.launcher.Launcher
12-19 20:07:04.137  3313  3387 I com.miui.home: CheckGCForNative adj_start_bytes: 42715415 NativeAllocationGcWatermark: 11574247 java_gc_start_bytes: 25354045 kNewNativeDiscountFactor: 2 kOldNativeDiscountFactor: 65536 old_native_bytes: 121216031 new_native_bytes: 21685564 add_bytes_allowed: 34722741 is_gc_concurrent: 1 target_footprint_: 25485117 GetBytesAllocated: 14445716 HeapGrowthMultiplier: 3
12-19 20:07:04.137  3313  3387 I com.miui.home: CheckGCForNative gc_urgency 0.592066 current_native_bytes is 142901595
12-19 20:07:04.138  3313 12100 I com.miui.home: CheckGCForNative adj_start_bytes: 42715415 NativeAllocationGcWatermark: 11574247 java_gc_start_bytes: 25354045 kNewNativeDiscountFactor: 2 kOldNativeDiscountFactor: 65536 old_native_bytes: 121216031 new_native_bytes: 10979644 add_bytes_allowed: 34722741 is_gc_concurrent: 1 target_footprint_: 25485117 GetBytesAllocated: 14445716 HeapGrowthMultiplier: 3
12-19 20:07:04.138  3313 12100 I com.miui.home: CheckGCForNative gc_urgency 0.466754 current_native_bytes is 132195675
12-19 20:07:04.139  3313  3387 I com.miui.home: CheckGCForNative adj_start_bytes: 42715415 NativeAllocationGcWatermark: 11574247 java_gc_start_bytes: 25354045 kNewNativeDiscountFactor: 2 kOldNativeDiscountFactor: 65536 old_native_bytes: 121216031 new_native_bytes: 32392700 add_bytes_allowed: 34722741 is_gc_concurrent: 1 target_footprint_: 25485117 GetBytesAllocated: 14445908 HeapGrowthMultiplier: 3
12-19 20:07:04.139  3313  3387 I com.miui.home: CheckGCForNative gc_urgency 0.717406 current_native_bytes is 153608731
12-19 20:07:04.139  3313  3387 I cccccc  : getTaskThumbnailInfo: 2460 1.0  10705920
12-19 20:07:04.139  3313  3313 I cccccc  : getTaskThumbnailInfo: 2460 1.0  10705920
12-19 20:07:04.222  3313  3794 I com.miui.home: CheckGCForNative adj_start_bytes: 42715415 NativeAllocationGcWatermark: 11574247 java_gc_start_bytes: 25354045 kNewNativeDiscountFactor: 2 kOldNativeDiscountFactor: 65536 old_native_bytes: 121216031 new_native_bytes: 11008764 add_bytes_allowed: 34722741 is_gc_concurrent: 1 target_footprint_: 25485117 GetBytesAllocated: 14521811 HeapGrowthMultiplier: 3
12-19 20:07:04.222  3313  3794 I com.miui.home: CheckGCForNative gc_urgency 0.468872 current_native_bytes is 132224795
12-19 20:07:04.389  3313  3794 I com.miui.home: CheckGCForNative adj_start_bytes: 42715415 NativeAllocationGcWatermark: 11574247 java_gc_start_bytes: 25354045 kNewNativeDiscountFactor: 2 kOldNativeDiscountFactor: 65536 old_native_bytes: 121216031 new_native_bytes: 11024124 add_bytes_allowed: 34722741 is_gc_concurrent: 1 target_footprint_: 25485117 GetBytesAllocated: 14580661 HeapGrowthMultiplier: 3
12-19 20:07:04.389  3313  3794 I com.miui.home: CheckGCForNative gc_urgency 0.470429 current_native_bytes is 132240155
12-19 20:07:04.617  3313  3792 I com.miui.home: CheckGCForNative adj_start_bytes: 42715415 NativeAllocationGcWatermark: 11574247 java_gc_start_bytes: 25354045 kNewNativeDiscountFactor: 2 kOldNativeDiscountFactor: 65536 old_native_bytes: 121216031 new_native_bytes: 21672316 add_bytes_allowed: 34722741 is_gc_concurrent: 1 target_footprint_: 25485117 GetBytesAllocated: 14684098 HeapGrowthMultiplier: 3
12-19 20:07:04.617  3313  3792 I com.miui.home: CheckGCForNative gc_urgency 0.597492 current_native_bytes is 142888347
12-19 20:07:04.618  3313  3387 I com.miui.home: CheckGCForNative adj_start_bytes: 42715415 NativeAllocationGcWatermark: 11574247 java_gc_start_bytes: 25354045 kNewNativeDiscountFactor: 2 kOldNativeDiscountFactor: 65536 old_native_bytes: 121216031 new_native_bytes: 32378684 add_bytes_allowed: 34722741 is_gc_concurrent: 1 target_footprint_: 25485117 GetBytesAllocated: 14698108 HeapGrowthMultiplier: 3
12-19 20:07:04.618  3313  3387 I com.miui.home: CheckGCForNative gc_urgency 0.723142 current_native_bytes is 153594715
12-19 20:07:04.620  3313  3313 I com.miui.home: CheckGCForNative adj_start_bytes: 42715415 NativeAllocationGcWatermark: 11574247 java_gc_start_bytes: 25354045 kNewNativeDiscountFactor: 2 kOldNativeDiscountFactor: 65536 old_native_bytes: 121216031 new_native_bytes: 53792892 add_bytes_allowed: 34722741 is_gc_concurrent: 1 target_footprint_: 25485117 GetBytesAllocated: 14717305 HeapGrowthMultiplier: 3
12-19 20:07:04.620  3313  3313 I com.miui.home: CheckGCForNative gc_urgency 0.974252 current_native_bytes is 175008923
12-19 20:07:04.620  3313  3792 I com.miui.home: CheckGCForNative adj_start_bytes: 42715415 NativeAllocationGcWatermark: 11574247 java_gc_start_bytes: 25354045 kNewNativeDiscountFactor: 2 kOldNativeDiscountFactor: 65536 old_native_bytes: 121216031 new_native_bytes: 53792892 add_bytes_allowed: 34722741 is_gc_concurrent: 1 target_footprint_: 25485117 GetBytesAllocated: 14717305 HeapGrowthMultiplier: 3
12-19 20:07:04.620  3313  3792 I com.miui.home: CheckGCForNative gc_urgency 0.974252 current_native_bytes is 175008923
12-19 20:07:04.620  3313  3313 I cccccc  : getTaskThumbnailInfo: 2460 1.0  10705920
12-19 20:07:04.621  3313  3792 I cccccc  : getTaskThumbnailInfo: 2460 1.0  10705920
12-19 20:07:04.646  7904  7904 I wm_on_paused_called: [0,147139889,com.tencent.mm.plugin.account.ui.WelcomeActivity,performPause,9]
12-19 20:07:04.717  7904  7904 I wm_on_stop_called: [0,147139889,com.tencent.mm.plugin.account.ui.WelcomeActivity,STOP_ACTIVITY_ITEM,14]
12-19 20:07:04.730  7904  7904 I wm_on_idle_called: com.tencent.mm.ui.LauncherUI
12-19 20:07:04.731  7904  7904 I wm_on_idle_called: com.tencent.mm.plugin.account.ui.WelcomeActivity
12-19 20:07:04.751  3313  4278 D cccccc  : onTaskStackChangedBackground
12-19 20:07:04.752  3313  3387 D cccccc  : onTaskStackChangedBackground
12-19 20:07:04.938  3313  3978 I com.miui.home: CheckGCForNative adj_start_bytes: 42715415 NativeAllocationGcWatermark: 11574247 java_gc_start_bytes: 25354045 kNewNativeDiscountFactor: 2 kOldNativeDiscountFactor: 65536 old_native_bytes: 121216031 new_native_bytes: 33283720 add_bytes_allowed: 34722741 is_gc_concurrent: 1 target_footprint_: 25485117 GetBytesAllocated: 15580021 HeapGrowthMultiplier: 3
12-19 20:07:04.938  3313  3978 I com.miui.home: CheckGCForNative gc_urgency 0.754382 current_native_bytes is 154499751
12-19 20:07:04.939  3313  3978 I cccccc  : getTaskSnapshotInstance:
12-19 20:07:04.941  3313  3978 I com.miui.home: CheckGCForNative adj_start_bytes: 42715415 NativeAllocationGcWatermark: 11574247 java_gc_start_bytes: 25354045 kNewNativeDiscountFactor: 2 kOldNativeDiscountFactor: 65536 old_native_bytes: 121216031 new_native_bytes: 43991176 add_bytes_allowed: 34722741 is_gc_concurrent: 1 target_footprint_: 25485117 GetBytesAllocated: 15580021 HeapGrowthMultiplier: 3
12-19 20:07:04.941  3313  3978 I com.miui.home: CheckGCForNative gc_urgency 0.879717 current_native_bytes is 165207207
12-19 20:07:04.942  3313  3978 I cccccc  : getTaskThumbnailInfo: 2460 1.0  10705920
12-19 20:07:05.279  3313  3313 I wm_on_top_resumed_lost_called: [267303992,com.miui.home.launcher.Launcher,topStateChangedWhenResumed]
12-19 20:07:05.284  3313  3313 I wm_on_paused_called: [0,267303992,com.miui.home.launcher.Launcher,performPause,3]
12-19 20:07:05.289  3313  3357 D cccccc  : onTaskStackChangedBackground
12-19 20:07:05.289  3313  3357 D cccccc  : onTaskStackChangedBackground
12-19 20:07:05.389  3313  3357 D cccccc  : onTaskStackChangedBackground
12-19 20:07:05.390  3313  3387 D cccccc  : onTaskStackChangedBackground
12-19 20:07:05.427  3313  8322 I com.miui.home: CheckGCForNative adj_start_bytes: 42715415 NativeAllocationGcWatermark: 11574247 java_gc_start_bytes: 25354045 kNewNativeDiscountFactor: 2 kOldNativeDiscountFactor: 65536 old_native_bytes: 121216031 new_native_bytes: 33754396 add_bytes_allowed: 34722741 is_gc_concurrent: 1 target_footprint_: 25485117 GetBytesAllocated: 16989096 HeapGrowthMultiplier: 3
12-19 20:07:05.427  3313  8322 I com.miui.home: CheckGCForNative gc_urgency 0.792879 current_native_bytes is 154970427
12-19 20:07:05.514  3313  3794 I com.miui.home: CheckGCForNative adj_start_bytes: 42715415 NativeAllocationGcWatermark: 11574247 java_gc_start_bytes: 25354045 kNewNativeDiscountFactor: 2 kOldNativeDiscountFactor: 65536 old_native_bytes: 121216031 new_native_bytes: 33950796 add_bytes_allowed: 34722741 is_gc_concurrent: 1 target_footprint_: 25485117 GetBytesAllocated: 17264497 HeapGrowthMultiplier: 3
12-19 20:07:05.514  3313  3794 I com.miui.home: CheckGCForNative gc_urgency 0.801625 current_native_bytes is 155166827
12-19 20:07:05.680  3313  3978 I cccccc  : getTaskSnapshotInstance:
12-19 20:07:05.770  3313  3794 I com.miui.home: CheckGCForNative adj_start_bytes: 42715415 NativeAllocationGcWatermark: 11574247 java_gc_start_bytes: 25354045 kNewNativeDiscountFactor: 2 kOldNativeDiscountFactor: 65536 old_native_bytes: 121216031 new_native_bytes: 34225696 add_bytes_allowed: 34722741 is_gc_concurrent: 1 target_footprint_: 25485117 GetBytesAllocated: 18194031 HeapGrowthMultiplier: 3
12-19 20:07:05.770  3313  3794 I com.miui.home: CheckGCForNative gc_urgency 0.826604 current_native_bytes is 155441727
12-19 20:07:05.997  3313  3978 I cccccc  : getTaskSnapshotInstance:
12-19 20:07:06.110 13440 13440 I wm_on_application_create_called: [0,com.sina.weibo,228]
12-19 20:07:06.240 13440 13440 I wm_on_create_called: [0,158383960,com.sina.weibo.SplashActivity,performCreate,78]
12-19 20:07:06.250 13440 13440 I wm_on_start_called: [0,158383960,com.sina.weibo.SplashActivity,handleStartActivity,9]
12-19 20:07:06.262 13440 13440 I wm_on_resume_called: [0,158383960,com.sina.weibo.SplashActivity,RESUME_ACTIVITY,6]
12-19 20:07:06.379 13440 13440 I wm_on_top_resumed_gained_called: [158383960,com.sina.weibo.SplashActivity,topStateChangedWhenResumed]
12-19 20:07:06.701 13440 13440 I wm_on_top_resumed_lost_called: [158383960,com.sina.weibo.SplashActivity,topStateChangedWhenResumed]
12-19 20:07:06.702  3313  3313 I wm_on_stop_called: [0,267303992,com.miui.home.launcher.Launcher,STOP_ACTIVITY_ITEM,20]
12-19 20:07:06.711 13440 13440 I wm_on_paused_called: [0,158383960,com.sina.weibo.SplashActivity,performPause,1]
12-19 20:07:06.827  3313  4278 D cccccc  : onTaskStackChangedBackground
12-19 20:07:06.828  3313  3357 D cccccc  : onTaskStackChangedBackground
12-19 20:07:06.836 13555 13555 I wm_on_application_create_called: [0,com.sina.weibo,360]
12-19 20:07:06.894 13440 13440 I wm_on_create_called: [0,9366022,com.sina.weibo.VisitorMainTabActivity,performCreate,155]
12-19 20:07:06.896 13440 13440 I wm_on_start_called: [0,9366022,com.sina.weibo.VisitorMainTabActivity,handleStartActivity,1]
12-19 20:07:07.008 13440 13440 I wm_on_create_called: [0,0,com.sina.weibo.feed.visitor.VisitorHomeActivity,performCreate,89]
12-19 20:07:07.011 13440 13440 I wm_on_start_called: [0,0,com.sina.weibo.feed.visitor.VisitorHomeActivity,handleStartActivity,1]
12-19 20:07:07.038 13440 13440 I wm_on_resume_called: [0,0,com.sina.weibo.feed.visitor.VisitorHomeActivity,moveToState-INITIALIZING,27]
12-19 20:07:07.055 13440 13440 I wm_on_resume_called: [0,9366022,com.sina.weibo.VisitorMainTabActivity,RESUME_ACTIVITY,158]
12-19 20:07:07.062 13440 13440 I wm_on_top_resumed_gained_called: [9366022,com.sina.weibo.VisitorMainTabActivity,topStateChangedWhenResumed]
12-19 20:07:07.100  3313  3978 I com.miui.home: CheckGCForNative gc_urgency 0 current_native_bytes is 122071951
12-19 20:07:07.127  3313  3978 I cccccc  : getTaskSnapshotInstance:
12-19 20:07:07.168  3313  3313 I wm_on_restart_called: [0,267303992,com.miui.home.launcher.Launcher,,0]
12-19 20:07:07.170  3313  3313 I wm_on_start_called: [0,267303992,com.miui.home.launcher.Launcher,handleStartActivity,1]
12-19 20:07:07.187  3313  3313 I wm_on_resume_called: [0,267303992,com.miui.home.launcher.Launcher,RESUME_ACTIVITY,15]
12-19 20:07:07.225  3313  3313 I com.miui.home: CheckGCForNative adj_start_bytes: 42673577 NativeAllocationGcWatermark: 11569843 java_gc_start_bytes: 25318813 kNewNativeDiscountFactor: 2 kOldNativeDiscountFactor: 65536 old_native_bytes: 122071951 new_native_bytes: 97380 add_bytes_allowed: 34709529 is_gc_concurrent: 1 target_footprint_: 25449885 GetBytesAllocated: 14356758 HeapGrowthMultiplier: 3
12-19 20:07:07.225  3313  3313 I com.miui.home: CheckGCForNative gc_urgency 0.337617 current_native_bytes is 122169331
12-19 20:07:07.274  3313  3313 I wm_on_idle_called: com.miui.home.launcher.Launcher
12-19 20:07:07.402  3313  3387 I com.miui.home: CheckGCForNative adj_start_bytes: 42673577 NativeAllocationGcWatermark: 11569843 java_gc_start_bytes: 25318813 kNewNativeDiscountFactor: 2 kOldNativeDiscountFactor: 65536 old_native_bytes: 122071951 new_native_bytes: 10965132 add_bytes_allowed: 34709529 is_gc_concurrent: 1 target_footprint_: 25449885 GetBytesAllocated: 14612815 HeapGrowthMultiplier: 3
12-19 20:07:07.402  3313  3387 I com.miui.home: CheckGCForNative gc_urgency 0.471031 current_native_bytes is 133037083
12-19 20:07:07.404  3313  3387 I com.miui.home: CheckGCForNative adj_start_bytes: 42673577 NativeAllocationGcWatermark: 11569843 java_gc_start_bytes: 25318813 kNewNativeDiscountFactor: 2 kOldNativeDiscountFactor: 65536 old_native_bytes: 122071951 new_native_bytes: 21707916 add_bytes_allowed: 34709529 is_gc_concurrent: 1 target_footprint_: 25449885 GetBytesAllocated: 14631102 HeapGrowthMultiplier: 3
12-19 20:07:07.404  3313  3387 I com.miui.home: CheckGCForNative gc_urgency 0.597253 current_native_bytes is 143779867
12-19 20:07:07.405  3313  3357 I com.miui.home: CheckGCForNative adj_start_bytes: 42673577 NativeAllocationGcWatermark: 11569843 java_gc_start_bytes: 25318813 kNewNativeDiscountFactor: 2 kOldNativeDiscountFactor: 65536 old_native_bytes: 122071951 new_native_bytes: 32413836 add_bytes_allowed: 34709529 is_gc_concurrent: 1 target_footprint_: 25449885 GetBytesAllocated: 14631102 HeapGrowthMultiplier: 3
12-19 20:07:07.405  3313  3357 I com.miui.home: CheckGCForNative gc_urgency 0.722745 current_native_bytes is 154485787
12-19 20:07:07.405  3313  3387 I cccccc  : getTaskThumbnailInfo: 2460 1.0  10705920
12-19 20:07:07.406  3313  3313 I cccccc  : getTaskThumbnailInfo: 2460 1.0  10705920
12-19 20:07:07.562  3313  3978 I com.miui.home: CheckGCForNative adj_start_bytes: 42673577 NativeAllocationGcWatermark: 11569843 java_gc_start_bytes: 25318813 kNewNativeDiscountFactor: 2 kOldNativeDiscountFactor: 65536 old_native_bytes: 122071951 new_native_bytes: 11324280 add_bytes_allowed: 34709529 is_gc_concurrent: 1 target_footprint_: 25449885 GetBytesAllocated: 15590670 HeapGrowthMultiplier: 3
12-19 20:07:07.562  3313  3978 I com.miui.home: CheckGCForNative gc_urgency 0.498076 current_native_bytes is 133396231
12-19 20:07:07.661  3313  3978 I cccccc  : getTaskSnapshotInstance:
12-19 20:07:07.662  3313  3978 I com.miui.home: CheckGCForNative adj_start_bytes: 42673577 NativeAllocationGcWatermark: 11569843 java_gc_start_bytes: 25318813 kNewNativeDiscountFactor: 2 kOldNativeDiscountFactor: 65536 old_native_bytes: 122071951 new_native_bytes: 22142360 add_bytes_allowed: 34709529 is_gc_concurrent: 1 target_footprint_: 25449885 GetBytesAllocated: 16009198 HeapGrowthMultiplier: 3
12-19 20:07:07.662  3313  3978 I com.miui.home: CheckGCForNative gc_urgency 0.634637 current_native_bytes is 144214311
12-19 20:07:07.663  3313  3313 I wm_on_top_resumed_gained_called: [267303992,com.miui.home.launcher.Launcher,topStateChangedWhenResumed]
12-19 20:07:07.665  3313  3978 I cccccc  : getTaskThumbnailInfo: 2460 1.0  10705920
12-19 20:07:07.814 13440 13440 I wm_on_top_resumed_lost_called: [9366022,com.sina.weibo.VisitorMainTabActivity,topStateChangedWhenResumed]
12-19 20:07:07.885  3313  3792 I com.miui.home: CheckGCForNative adj_start_bytes: 42673577 NativeAllocationGcWatermark: 11569843 java_gc_start_bytes: 25318813 kNewNativeDiscountFactor: 2 kOldNativeDiscountFactor: 65536 old_native_bytes: 122071951 new_native_bytes: 22109624 add_bytes_allowed: 34709529 is_gc_concurrent: 1 target_footprint_: 25449885 GetBytesAllocated: 16108376 HeapGrowthMultiplier: 3
12-19 20:07:07.886  3313  3792 I com.miui.home: CheckGCForNative gc_urgency 0.636578 current_native_bytes is 144181575
12-19 20:07:07.890  3313  3357 I com.miui.home: CheckGCForNative adj_start_bytes: 42673577 NativeAllocationGcWatermark: 11569843 java_gc_start_bytes: 25318813 kNewNativeDiscountFactor: 2 kOldNativeDiscountFactor: 65536 old_native_bytes: 122071951 new_native_bytes: 32816760 add_bytes_allowed: 34709529 is_gc_concurrent: 1 target_footprint_: 25449885 GetBytesAllocated: 16108600 HeapGrowthMultiplier: 3
12-19 20:07:07.890  3313  3357 I com.miui.home: CheckGCForNative gc_urgency 0.762037 current_native_bytes is 154888711
12-19 20:07:07.892  3313  3792 I com.miui.home: CheckGCForNative adj_start_bytes: 42673577 NativeAllocationGcWatermark: 11569843 java_gc_start_bytes: 25318813 kNewNativeDiscountFactor: 2 kOldNativeDiscountFactor: 65536 old_native_bytes: 122071951 new_native_bytes: 43524024 add_bytes_allowed: 34709529 is_gc_concurrent: 1 target_footprint_: 25449885 GetBytesAllocated: 16112561 HeapGrowthMultiplier: 3
12-19 20:07:07.892  3313  3313 I com.miui.home: CheckGCForNative adj_start_bytes: 42673577 NativeAllocationGcWatermark: 11569843 java_gc_start_bytes: 25318813 kNewNativeDiscountFactor: 2 kOldNativeDiscountFactor: 65536 old_native_bytes: 122071951 new_native_bytes: 54230968 add_bytes_allowed: 34709529 is_gc_concurrent: 1 target_footprint_: 25449885 GetBytesAllocated: 16112561 HeapGrowthMultiplier: 3
12-19 20:07:07.892  3313  3313 I com.miui.home: CheckGCForNative gc_urgency 1.01304 current_native_bytes is 176302919
12-19 20:07:07.892  3313  3313 I com.miui.home: CheckGCForNative requested 1
12-19 20:07:07.892  3313  3792 I com.miui.home: CheckGCForNative gc_urgency 0.887585 current_native_bytes is 165595975
12-19 20:07:07.892  3313  3313 I cccccc  : getTaskThumbnailInfo: 2460 1.0  10705920
12-19 20:07:07.894  3313  3792 I cccccc  : getTaskThumbnailInfo: 2460 1.0  10705920
12-19 20:07:07.996  3313  3357 I com.miui.home: CheckGCForNative adj_start_bytes: 42673577 NativeAllocationGcWatermark: 11569843 java_gc_start_bytes: 25318813 kNewNativeDiscountFactor: 2 kOldNativeDiscountFactor: 65536 old_native_bytes: 122071951 new_native_bytes: 32838048 add_bytes_allowed: 34709529 is_gc_concurrent: 1 target_footprint_: 25449885 GetBytesAllocated: 16154740 HeapGrowthMultiplier: 3
12-19 20:07:07.996  3313  3357 I com.miui.home: CheckGCForNative gc_urgency 0.763368 current_native_bytes is 154909999
12-19 20:07:08.104  3313  3352 I com.miui.home: NativeAlloc concurrent copying GC freed 73012(3252KB) AllocSpace objects, 10(184KB) LOS objects, 50% free, 12MB/24MB, paused 248us,84us total 210.510ms
12-19 20:07:08.362 13440 13440 I wm_on_paused_called: [0,0,com.sina.weibo.feed.visitor.VisitorHomeActivity,performPause,78]
12-19 20:07:08.365 13440 13440 I wm_on_paused_called: [0,9366022,com.sina.weibo.VisitorMainTabActivity,performPause,87]
12-19 20:07:08.437 13440 13440 I wm_on_stop_called: [0,158383960,com.sina.weibo.SplashActivity,LIFECYCLER_STOP_ACTIVITY,2]
12-19 20:07:08.438 13440 13440 I wm_on_destroy_called: [0,158383960,com.sina.weibo.SplashActivity,performDestroy,1]
12-19 20:07:08.454  3313  3313 I wm_on_top_resumed_lost_called: [267303992,com.miui.home.launcher.Launcher,topStateChangedWhenResumed]
12-19 20:07:08.459  3313  3313 I wm_on_paused_called: [0,267303992,com.miui.home.launcher.Launcher,performPause,3]
12-19 20:07:08.497  3313  4278 D cccccc  : onTaskStackChangedBackground
12-19 20:07:08.497  3313  4278 D cccccc  : onTaskStackChangedBackground
12-19 20:07:08.589  3313  4055 D cccccc  : onTaskStackChangedBackground
12-19 20:07:08.598  3313  4055 D cccccc  : onTaskStackChangedBackground
12-19 20:07:08.957  3313  3978 I cccccc  : getTaskSnapshotInstance:
12-19 20:07:08.965  3313  3978 I cccccc  : getTaskSnapshotInstance:
12-19 20:07:08.966  3313  3978 I com.miui.home: CheckGCForNative gc_urgency 0 current_native_bytes is 143916447
12-19 20:07:08.967  3313  3794 I com.miui.home: CheckGCForNative adj_start_bytes: 42606408 NativeAllocationGcWatermark: 11562773 java_gc_start_bytes: 25262249 kNewNativeDiscountFactor: 2 kOldNativeDiscountFactor: 65536 old_native_bytes: 143916447 new_native_bytes: 0 add_bytes_allowed: 34688319 is_gc_concurrent: 1 target_footprint_: 25393321 GetBytesAllocated: 14226269 HeapGrowthMultiplier: 3
12-19 20:07:08.967  3313  3794 I com.miui.home: CheckGCForNative gc_urgency 0.333951 current_native_bytes is 143916447
12-19 20:07:08.977  3313  3978 I cccccc  : getTaskThumbnailInfo: 2460 1.0  10705920
12-19 20:07:09.288  3313  3978 I com.miui.home: CheckGCForNative gc_urgency 0 current_native_bytes is 133365795
12-19 20:07:09.301  3313  3794 I com.miui.home: CheckGCForNative adj_start_bytes: 42606408 NativeAllocationGcWatermark: 11562773 java_gc_start_bytes: 25262249 kNewNativeDiscountFactor: 2 kOldNativeDiscountFactor: 65536 old_native_bytes: 133365795 new_native_bytes: 40640 add_bytes_allowed: 34688319 is_gc_concurrent: 1 target_footprint_: 25393321 GetBytesAllocated: 14892327 HeapGrowthMultiplier: 3
12-19 20:07:09.301  3313  3794 I com.miui.home: CheckGCForNative gc_urgency 0.350057 current_native_bytes is 133406435
12-19 20:07:09.472  3313  3978 I cccccc  : getTaskSnapshotInstance:
12-19 20:07:09.504 13830 13830 I wm_on_application_create_called: [0,com.UCMobile,449]
12-19 20:07:10.002 13440 13440 I wm_on_stop_called: [0,0,com.sina.weibo.feed.visitor.VisitorHomeActivity,moveToState-STARTED,24]
12-19 20:07:10.002 13440 13440 I wm_on_stop_called: [0,9366022,com.sina.weibo.VisitorMainTabActivity,STOP_ACTIVITY_ITEM,28]
12-19 20:07:10.329 13440 13440 I wm_on_idle_called: com.sina.weibo.VisitorMainTabActivity
12-19 20:07:10.348  3313  3313 I wm_on_stop_called: [0,267303992,com.miui.home.launcher.Launcher,STOP_ACTIVITY_ITEM,11]
12-19 20:07:10.408 13830 13830 I wm_on_create_called: [0,199296586,com.UCMobile.main.UCMobile,performCreate,884]
12-19 20:07:10.877  3313  3313 I wm_on_restart_called: [0,267303992,com.miui.home.launcher.Launcher,,0]
12-19 20:07:10.880  3313  3313 I wm_on_start_called: [0,267303992,com.miui.home.launcher.Launcher,handleStartActivity,2]
12-19 20:07:10.898  3313  3313 I wm_on_resume_called: [0,267303992,com.miui.home.launcher.Launcher,RESUME_ACTIVITY,16]
12-19 20:07:10.991  3313  3313 I wm_on_idle_called: com.miui.home.launcher.Launcher
12-19 20:07:11.245  3313  3387 D cccccc  : onTaskStackChangedBackground
12-19 20:07:11.298  3313  4055 D cccccc  : onTaskStackChangedBackground
12-19 20:07:11.352  3313  4055 I com.miui.home: CheckGCForNative gc_urgency 0 current_native_bytes is 132185363
12-19 20:07:11.353  3313  3313 I com.miui.home: CheckGCForNative adj_start_bytes: 43874245 NativeAllocationGcWatermark: 11737620 java_gc_start_bytes: 26267815 kNewNativeDiscountFactor: 2 kOldNativeDiscountFactor: 65536 old_native_bytes: 132185363 new_native_bytes: 10706944 add_bytes_allowed: 35212860 is_gc_concurrent: 1 target_footprint_: 26792103 GetBytesAllocated: 14396934 HeapGrowthMultiplier: 3
12-19 20:07:11.353  3313  3313 I com.miui.home: CheckGCForNative gc_urgency 0.450205 current_native_bytes is 142892307
12-19 20:07:11.353  3313  3313 I cccccc  : getTaskThumbnailInfo: 2460 1.0  10705920
12-19 20:07:11.370  3313  3313 I wm_on_top_resumed_gained_called: [267303992,com.miui.home.launcher.Launcher,topStateChangedWhenResumed]
12-19 20:07:11.377  3313  3387 I com.miui.home: CheckGCForNative adj_start_bytes: 43874245 NativeAllocationGcWatermark: 11737620 java_gc_start_bytes: 26267815 kNewNativeDiscountFactor: 2 kOldNativeDiscountFactor: 65536 old_native_bytes: 132185363 new_native_bytes: 10707328 add_bytes_allowed: 35212860 is_gc_concurrent: 1 target_footprint_: 26792103 GetBytesAllocated: 14404863 HeapGrowthMultiplier: 3
12-19 20:07:11.377  3313  3387 I com.miui.home: CheckGCForNative gc_urgency 0.450391 current_native_bytes is 142892691
12-19 20:07:11.384  3313  3387 I cccccc  : getTaskThumbnailInfo: 2460 1.0  10705920
12-19 20:07:11.428  3313  3794 I com.miui.home: CheckGCForNative gc_urgency 0 current_native_bytes is 132179795
12-19 20:07:11.638 13919 13919 I wm_on_application_create_called: [0,com.tencent.mm,1049]
12-19 20:07:11.718  3313  3794 I com.miui.home: CheckGCForNative adj_start_bytes: 43874245 NativeAllocationGcWatermark: 11737620 java_gc_start_bytes: 26267815 kNewNativeDiscountFactor: 2 kOldNativeDiscountFactor: 65536 old_native_bytes: 132179795 new_native_bytes: 20512 add_bytes_allowed: 35212860 is_gc_concurrent: 1 target_footprint_: 26792103 GetBytesAllocated: 14731144 HeapGrowthMultiplier: 3
12-19 20:07:11.718  3313  3794 I com.miui.home: CheckGCForNative gc_urgency 0.336038 current_native_bytes is 132200307
12-19 20:07:11.785  3313  3794 I com.miui.home: CheckGCForNative adj_start_bytes: 43874245 NativeAllocationGcWatermark: 11737620 java_gc_start_bytes: 26267815 kNewNativeDiscountFactor: 2 kOldNativeDiscountFactor: 65536 old_native_bytes: 132179795 new_native_bytes: 25376 add_bytes_allowed: 35212860 is_gc_concurrent: 1 target_footprint_: 26792103 GetBytesAllocated: 14827458 HeapGrowthMultiplier: 3
12-19 20:07:11.785  3313  3794 I com.miui.home: CheckGCForNative gc_urgency 0.338289 current_native_bytes is 132205171
12-19 20:07:12.052 13830 13830 I wm_on_create_called: [0,232851202,com.uc.browser.InnerUCMobile,performCreate,426]
12-19 20:07:12.063 13830 13830 I wm_on_start_called: [0,232851202,com.uc.browser.InnerUCMobile,handleStartActivity,5]
12-19 20:07:12.084 13830 13830 I wm_on_resume_called: [0,232851202,com.uc.browser.InnerUCMobile,RESUME_ACTIVITY,13]
12-19 20:07:12.171 13830 13830 I wm_on_top_resumed_gained_called: [232851202,com.uc.browser.InnerUCMobile,topStateChangedWhenResumed]
12-19 20:07:12.172 13830 13830 I wm_on_top_resumed_lost_called: [232851202,com.uc.browser.InnerUCMobile,topStateChangedWhenResumed]
12-19 20:07:12.235  3313  3978 I cccccc  : getTaskSnapshotInstance:
12-19 20:07:12.252  3313  3978 I com.miui.home: CheckGCForNative adj_start_bytes: 43874245 NativeAllocationGcWatermark: 11737620 java_gc_start_bytes: 26267815 kNewNativeDiscountFactor: 2 kOldNativeDiscountFactor: 65536 old_native_bytes: 132179795 new_native_bytes: 11943228 add_bytes_allowed: 35212860 is_gc_concurrent: 1 target_footprint_: 26792103 GetBytesAllocated: 15468302 HeapGrowthMultiplier: 3
12-19 20:07:12.252  3313  3978 I com.miui.home: CheckGCForNative gc_urgency 0.488713 current_native_bytes is 144123023
12-19 20:07:12.288  3313  3978 I cccccc  : getTaskThumbnailInfo: 2460 1.0  10705920
12-19 20:07:12.417  3313  3313 I wm_on_top_resumed_lost_called: [267303992,com.miui.home.launcher.Launcher,topStateChangedWhenResumed]
12-19 20:07:12.425  3313  3313 I wm_on_paused_called: [0,267303992,com.miui.home.launcher.Launcher,performPause,3]
12-19 20:07:12.459  3313 12100 D cccccc  : onTaskStackChangedBackground
12-19 20:07:12.468  3313 12100 D cccccc  : onTaskStackChangedBackground
12-19 20:07:12.544  3313  4055 D cccccc  : onTaskStackChangedBackground
12-19 20:07:12.562  3313  4055 D cccccc  : onTaskStackChangedBackground
12-19 20:07:12.618  3313  3978 I com.miui.home: CheckGCForNative adj_start_bytes: 43874245 NativeAllocationGcWatermark: 11737620 java_gc_start_bytes: 26267815 kNewNativeDiscountFactor: 2 kOldNativeDiscountFactor: 65536 old_native_bytes: 132179795 new_native_bytes: 1637704 add_bytes_allowed: 35212860 is_gc_concurrent: 1 target_footprint_: 26792103 GetBytesAllocated: 16583670 HeapGrowthMultiplier: 3
12-19 20:07:12.618  3313  3978 I com.miui.home: CheckGCForNative gc_urgency 0.396691 current_native_bytes is 133817499
12-19 20:07:12.921  3313  3794 I com.miui.home: CheckGCForNative adj_start_bytes: 43874245 NativeAllocationGcWatermark: 11737620 java_gc_start_bytes: 26267815 kNewNativeDiscountFactor: 2 kOldNativeDiscountFactor: 65536 old_native_bytes: 132179795 new_native_bytes: 1802152 add_bytes_allowed: 35212860 is_gc_concurrent: 1 target_footprint_: 26792103 GetBytesAllocated: 16983465 HeapGrowthMultiplier: 3
12-19 20:07:12.921  3313  3794 I com.miui.home: CheckGCForNative gc_urgency 0.407678 current_native_bytes is 133981947
12-19 20:07:12.930  3313  3978 I cccccc  : getTaskSnapshotInstance:
12-19 20:07:12.965  3313  3794 I com.miui.home: CheckGCForNative adj_start_bytes: 43874245 NativeAllocationGcWatermark: 11737620 java_gc_start_bytes: 26267815 kNewNativeDiscountFactor: 2 kOldNativeDiscountFactor: 65536 old_native_bytes: 132179795 new_native_bytes: 1796200 add_bytes_allowed: 35212860 is_gc_concurrent: 1 target_footprint_: 26792103 GetBytesAllocated: 16998935 HeapGrowthMultiplier: 3
12-19 20:07:12.965  3313  3794 I com.miui.home: CheckGCForNative gc_urgency 0.407963 current_native_bytes is 133975995
12-19 20:07:13.030  3313  3978 I com.miui.home: CheckGCForNative adj_start_bytes: 43874245 NativeAllocationGcWatermark: 11737620 java_gc_start_bytes: 26267815 kNewNativeDiscountFactor: 2 kOldNativeDiscountFactor: 65536 old_native_bytes: 132179795 new_native_bytes: 12469928 add_bytes_allowed: 35212860 is_gc_concurrent: 1 target_footprint_: 26792103 GetBytesAllocated: 17026565 HeapGrowthMultiplier: 3
12-19 20:07:13.030  3313  3978 I com.miui.home: CheckGCForNative gc_urgency 0.530232 current_native_bytes is 144649723
12-19 20:07:13.031  3313  3978 I cccccc  : getTaskThumbnailInfo: 2460 1.0  10705920
12-19 20:07:13.275 13830 13830 I wm_on_paused_called: [0,232851202,com.uc.browser.InnerUCMobile,performPause,17]
12-19 20:07:13.289 13830 13830 I wm_on_destroy_called: [0,199296586,com.UCMobile.main.UCMobile,performDestroy,0]
12-19 20:07:13.385  3313  3978 I cccccc  : getTaskSnapshotInstance:
12-19 20:07:14.003 14405 14405 I wm_on_create_called: [0,16472120,com.tencent.mtt.SplashActivity,performCreate,205]
12-19 20:07:14.086 14405 14405 I wm_on_create_called: [0,90673719,com.tencent.mtt.MainActivity,performCreate,11]
12-19 20:07:14.150  3313 12100 D cccccc  : onTaskStackChangedBackground
12-19 20:07:14.150  3313  3379 D cccccc  : onTaskStackChangedBackground
12-19 20:07:14.245 14405 14405 I wm_on_start_called: [0,90673719,com.tencent.mtt.MainActivity,handleStartActivity,157]
12-19 20:07:14.344  3313  3978 I com.miui.home: CheckGCForNative adj_start_bytes: 43874245 NativeAllocationGcWatermark: 11737620 java_gc_start_bytes: 26267815 kNewNativeDiscountFactor: 2 kOldNativeDiscountFactor: 65536 old_native_bytes: 132179795 new_native_bytes: 1808356 add_bytes_allowed: 35212860 is_gc_concurrent: 1 target_footprint_: 26792103 GetBytesAllocated: 18289566 HeapGrowthMultiplier: 3
12-19 20:07:14.344  3313  3978 I com.miui.home: CheckGCForNative gc_urgency 0.437518 current_native_bytes is 133988151
12-19 20:07:14.760  3313  3313 I wm_on_resume_called: [0,267303992,com.miui.home.launcher.Launcher,RESUME_ACTIVITY,16]
12-19 20:07:14.785  3313  3313 I wm_on_idle_called: com.miui.home.launcher.Launcher
12-19 20:07:14.930  3313  3978 I cccccc  : getTaskSnapshotInstance:
12-19 20:07:14.987  3313 12101 I com.miui.home: CheckGCForNative adj_start_bytes: 43874245 NativeAllocationGcWatermark: 11737620 java_gc_start_bytes: 26267815 kNewNativeDiscountFactor: 2 kOldNativeDiscountFactor: 65536 old_native_bytes: 132179795 new_native_bytes: 2148416 add_bytes_allowed: 35212860 is_gc_concurrent: 1 target_footprint_: 26792103 GetBytesAllocated: 19762142 HeapGrowthMultiplier: 3
12-19 20:07:14.987  3313 12101 I com.miui.home: CheckGCForNative gc_urgency 0.474957 current_native_bytes is 134328211
12-19 20:07:15.063 13830 13830 I wm_on_stop_called: [0,232851202,com.uc.browser.InnerUCMobile,STOP_ACTIVITY_ITEM,421]
12-19 20:07:15.131  3313  4055 I com.miui.home: CheckGCForNative adj_start_bytes: 43874245 NativeAllocationGcWatermark: 11737620 java_gc_start_bytes: 26267815 kNewNativeDiscountFactor: 2 kOldNativeDiscountFactor: 65536 old_native_bytes: 132179795 new_native_bytes: 12890112 add_bytes_allowed: 35212860 is_gc_concurrent: 1 target_footprint_: 26792103 GetBytesAllocated: 20071249 HeapGrowthMultiplier: 3
12-19 20:07:15.131  3313  4055 I com.miui.home: CheckGCForNative gc_urgency 0.604512 current_native_bytes is 145069907
12-19 20:07:15.138  3313  4055 I com.miui.home: CheckGCForNative adj_start_bytes: 43874245 NativeAllocationGcWatermark: 11737620 java_gc_start_bytes: 26267815 kNewNativeDiscountFactor: 2 kOldNativeDiscountFactor: 65536 old_native_bytes: 132179795 new_native_bytes: 23597248 add_bytes_allowed: 35212860 is_gc_concurrent: 1 target_footprint_: 26792103 GetBytesAllocated: 20092200 HeapGrowthMultiplier: 3
12-19 20:07:15.138  3313  4055 I com.miui.home: CheckGCForNative gc_urgency 0.726915 current_native_bytes is 155777043
12-19 20:07:15.139  3313  4055 I cccccc  : getTaskThumbnailInfo: 2460 1.0  10705920
12-19 20:07:15.171  3313  3794 I com.miui.home: CheckGCForNative adj_start_bytes: 43874245 NativeAllocationGcWatermark: 11737620 java_gc_start_bytes: 26267815 kNewNativeDiscountFactor: 2 kOldNativeDiscountFactor: 65536 old_native_bytes: 132179795 new_native_bytes: 12955776 add_bytes_allowed: 35212860 is_gc_concurrent: 1 target_footprint_: 26792103 GetBytesAllocated: 20237751 HeapGrowthMultiplier: 3
12-19 20:07:15.171  3313  3794 I com.miui.home: CheckGCForNative gc_urgency 0.60896 current_native_bytes is 145135571
12-19 20:07:15.339  3313  4055 I com.miui.home: CheckGCForNative adj_start_bytes: 43874245 NativeAllocationGcWatermark: 11737620 java_gc_start_bytes: 26267815 kNewNativeDiscountFactor: 2 kOldNativeDiscountFactor: 65536 old_native_bytes: 132179795 new_native_bytes: 23724928 add_bytes_allowed: 35212860 is_gc_concurrent: 1 target_footprint_: 26792103 GetBytesAllocated: 20610301 HeapGrowthMultiplier: 3
12-19 20:07:15.339  3313  4055 I com.miui.home: CheckGCForNative gc_urgency 0.740179 current_native_bytes is 155904723
12-19 20:07:15.340  3313  3313 I cccccc  : getTaskThumbnailInfo: 2460 1.0  10705920
12-19 20:07:15.342  3313  3313 I wm_on_top_resumed_gained_called: [267303992,com.miui.home.launcher.Launcher,topStateChangedWhenResumed]
12-19 20:07:15.427  3313  3794 I com.miui.home: CheckGCForNative adj_start_bytes: 43874245 NativeAllocationGcWatermark: 11737620 java_gc_start_bytes: 26267815 kNewNativeDiscountFactor: 2 kOldNativeDiscountFactor: 65536 old_native_bytes: 132179795 new_native_bytes: 13027392 add_bytes_allowed: 35212860 is_gc_concurrent: 1 target_footprint_: 26792103 GetBytesAllocated: 20819631 HeapGrowthMultiplier: 3
12-19 20:07:15.427  3313  3794 I com.miui.home: CheckGCForNative gc_urgency 0.623039 current_native_bytes is 145207187
