12-19 19:54:24.824  3330 10276 I com.miui.home: CheckGCForNative adj_start_bytes: 42927729 NativeAllocationGcWatermark: 11623393 java_gc_start_bytes: 25492640 kNewNativeDiscountFactor: 2 kOldNativeDiscountFactor: 65536 old_native_bytes: 123356291 new_native_bytes: 43832592 add_bytes_allowed: 34870179 is_gc_concurrent: 1 target_footprint_: 25878283 GetBytesAllocated: 19607583 HeapGrowthMultiplier: 3
12-19 19:54:24.824  3330 10276 I com.miui.home: CheckGCForNative gc_urgency 0.967341 current_native_bytes is 167188883
12-19 19:54:24.827  3330  3330 I cccccc  : getTaskThumbnailInfo: 2460 1.0  10705920
12-19 19:54:24.957 11923 11923 I wm_on_resume_called: [0,175243442,com.dragon.read.pages.splash.SplashActivity,RESUME_ACTIVITY,193]
12-19 19:54:24.958 11923 11923 I wm_on_top_resumed_gained_called: [175243442,com.dragon.read.pages.splash.SplashActivity,topStateChangedWhenResumed]
12-19 19:54:25.026  3330  3795 I com.miui.home: CheckGCForNative adj_start_bytes: 42927729 NativeAllocationGcWatermark: 11623393 java_gc_start_bytes: 25492640 kNewNativeDiscountFactor: 2 kOldNativeDiscountFactor: 65536 old_native_bytes: 123356291 new_native_bytes: 33213264 add_bytes_allowed: 34870179 is_gc_concurrent: 1 target_footprint_: 25878283 GetBytesAllocated: 19717934 HeapGrowthMultiplier: 3
12-19 19:54:25.026  3330  3795 I com.miui.home: CheckGCForNative gc_urgency 0.846223 current_native_bytes is 156569555
12-19 19:54:25.049  3330  3795 I com.miui.home: CheckGCForNative adj_start_bytes: 42927729 NativeAllocationGcWatermark: 11623393 java_gc_start_bytes: 25492640 kNewNativeDiscountFactor: 2 kOldNativeDiscountFactor: 65536 old_native_bytes: 123356291 new_native_bytes: 33217808 add_bytes_allowed: 34870179 is_gc_concurrent: 1 target_footprint_: 25878283 GetBytesAllocated: 19739726 HeapGrowthMultiplier: 3
12-19 19:54:25.049  3330  3795 I com.miui.home: CheckGCForNative gc_urgency 0.846784 current_native_bytes is 156574099
12-19 19:54:25.074  3330  3330 I wm_on_top_resumed_gained_called: [251807251,com.miui.home.launcher.Launcher,topStateChangedWhenResumed]
12-19 19:54:25.133 11923 11923 I wm_on_top_resumed_lost_called: [175243442,com.dragon.read.pages.splash.SplashActivity,topStateChangedWhenResumed]
12-19 19:54:25.512 11923 11923 I wm_on_paused_called: [0,175243442,com.dragon.read.pages.splash.SplashActivity,performPause,316]
12-19 19:54:25.567  3330  3396 D cccccc  : onTaskStackChangedBackground
12-19 19:54:25.569  3330 10276 D cccccc  : onTaskStackChangedBackground
12-19 19:54:25.623  3330  3330 I wm_on_top_resumed_lost_called: [251807251,com.miui.home.launcher.Launcher,topStateChangedWhenResumed]
12-19 19:54:25.640  3330  3330 I wm_on_paused_called: [0,251807251,com.miui.home.launcher.Launcher,performPause,3]
12-19 19:54:25.678  3330  3415 D cccccc  : onTaskStackChangedBackground
12-19 19:54:25.685  3330  3415 D cccccc  : onTaskStackChangedBackground
12-19 19:54:25.751  3330  3396 D cccccc  : onTaskStackChangedBackground
12-19 19:54:25.778  3330  3396 D cccccc  : onTaskStackChangedBackground
12-19 19:54:25.904  3330  3989 I com.miui.home: CheckGCForNative adj_start_bytes: 42927729 NativeAllocationGcWatermark: 11623393 java_gc_start_bytes: 25492640 kNewNativeDiscountFactor: 2 kOldNativeDiscountFactor: 65536 old_native_bytes: 123356291 new_native_bytes: 33520036 add_bytes_allowed: 34870179 is_gc_concurrent: 1 target_footprint_: 25878283 GetBytesAllocated: 20757114 HeapGrowthMultiplier: 3
12-19 19:54:25.904  3330  3989 I com.miui.home: CheckGCForNative gc_urgency 0.874004 current_native_bytes is 156876327
12-19 19:54:26.225  3330  3989 I cccccc  : getTaskSnapshotInstance:
12-19 19:54:26.226  3330  3795 I com.miui.home: CheckGCForNative adj_start_bytes: 42927729 NativeAllocationGcWatermark: 11623393 java_gc_start_bytes: 25492640 kNewNativeDiscountFactor: 2 kOldNativeDiscountFactor: 65536 old_native_bytes: 123356291 new_native_bytes: 33858932 add_bytes_allowed: 34870179 is_gc_concurrent: 1 target_footprint_: 25878283 GetBytesAllocated: 21281729 HeapGrowthMultiplier: 3
12-19 19:54:26.226  3330  3795 I com.miui.home: CheckGCForNative gc_urgency 0.890172 current_native_bytes is 157215223
12-19 19:54:26.227  3330  3989 I cccccc  : getTaskSnapshotInstance:
12-19 19:54:26.237  3330  3989 I com.miui.home: CheckGCForNative adj_start_bytes: 42927729 NativeAllocationGcWatermark: 11623393 java_gc_start_bytes: 25492640 kNewNativeDiscountFactor: 2 kOldNativeDiscountFactor: 65536 old_native_bytes: 123356291 new_native_bytes: 44565588 add_bytes_allowed: 34870179 is_gc_concurrent: 1 target_footprint_: 25878283 GetBytesAllocated: 21298113 HeapGrowthMultiplier: 3
12-19 19:54:26.237  3330  3989 I com.miui.home: CheckGCForNative gc_urgency 1.01526 current_native_bytes is 167921879
12-19 19:54:26.237  3330  3989 I com.miui.home: CheckGCForNative requested 1
12-19 19:54:26.238  3330  3989 I cccccc  : getTaskThumbnailInfo: 2460 1.0  10705920
12-19 19:54:26.326  3330  3795 I com.miui.home: CheckGCForNative adj_start_bytes: 42927729 NativeAllocationGcWatermark: 11623393 java_gc_start_bytes: 25492640 kNewNativeDiscountFactor: 2 kOldNativeDiscountFactor: 65536 old_native_bytes: 123356291 new_native_bytes: 33830292 add_bytes_allowed: 34870179 is_gc_concurrent: 1 target_footprint_: 25878283 GetBytesAllocated: 21512966 HeapGrowthMultiplier: 3
12-19 19:54:26.326  3330  3795 I com.miui.home: CheckGCForNative gc_urgency 0.895225 current_native_bytes is 157186583
12-19 19:54:26.440  3330  3385 I com.miui.home: NativeAlloc concurrent copying GC freed 181964(7721KB) AllocSpace objects, 26(736KB) LOS objects, 50% free, 12MB/25MB, paused 761us,1.931ms total 201.568ms
12-19 19:54:26.504  3330  3795 I com.miui.home: CheckGCForNative gc_urgency 0 current_native_bytes is 121274855
12-19 19:54:26.602  3330  3989 I cccccc  : getTaskSnapshotInstance:
12-19 19:54:26.967 12529 12529 I wm_on_application_create_called: [0,com.tencent.mm,328]
12-19 19:54:27.114 12424 12424 I wm_on_application_create_called: [0,com.taobao.taobao,388]
12-19 19:54:27.296 12424 12424 I wm_on_create_called: [0,230342027,com.taobao.tao.welcome.Welcome,performCreate,167]
12-19 19:54:27.373 12424 12424 I wm_on_start_called: [0,230342027,com.taobao.tao.welcome.Welcome,handleStartActivity,76]
12-19 19:54:27.429 12424 12424 I wm_on_resume_called: [0,230342027,com.taobao.tao.welcome.Welcome,RESUME_ACTIVITY,50]
12-19 19:54:27.489 12424 12424 I wm_on_top_resumed_gained_called: [230342027,com.taobao.tao.welcome.Welcome,topStateChangedWhenResumed]
12-19 19:54:27.651  3330  3330 I wm_on_resume_called: [0,251807251,com.miui.home.launcher.Launcher,RESUME_ACTIVITY,18]
12-19 19:54:27.684  3330  3330 I wm_on_idle_called: com.miui.home.launcher.Launcher
12-19 19:54:27.780  3330  3403 I com.miui.home: CheckGCForNative adj_start_bytes: 43295743 NativeAllocationGcWatermark: 11673258 java_gc_start_bytes: 25785856 kNewNativeDiscountFactor: 2 kOldNativeDiscountFactor: 65536 old_native_bytes: 121274855 new_native_bytes: 11114764 add_bytes_allowed: 35019774 is_gc_concurrent: 1 target_footprint_: 26277205 GetBytesAllocated: 15388234 HeapGrowthMultiplier: 3
12-19 19:54:27.780  3330  3403 I com.miui.home: CheckGCForNative gc_urgency 0.483823 current_native_bytes is 132389619
12-19 19:54:27.781  3330  3403 I com.miui.home: CheckGCForNative adj_start_bytes: 43295743 NativeAllocationGcWatermark: 11673258 java_gc_start_bytes: 25785856 kNewNativeDiscountFactor: 2 kOldNativeDiscountFactor: 65536 old_native_bytes: 121274855 new_native_bytes: 21821708 add_bytes_allowed: 35019774 is_gc_concurrent: 1 target_footprint_: 26277205 GetBytesAllocated: 15399397 HeapGrowthMultiplier: 3
12-19 19:54:27.781  3330  3403 I com.miui.home: CheckGCForNative gc_urgency 0.607729 current_native_bytes is 143096563
12-19 19:54:27.782  3330  3403 I cccccc  : getTaskThumbnailInfo: 2460 1.0  10705920
12-19 19:54:27.787  3330  3415 I com.miui.home: CheckGCForNative adj_start_bytes: 43295743 NativeAllocationGcWatermark: 11673258 java_gc_start_bytes: 25785856 kNewNativeDiscountFactor: 2 kOldNativeDiscountFactor: 65536 old_native_bytes: 121274855 new_native_bytes: 21821708 add_bytes_allowed: 35019774 is_gc_concurrent: 1 target_footprint_: 26277205 GetBytesAllocated: 15405750 HeapGrowthMultiplier: 3
12-19 19:54:27.787  3330  3415 I com.miui.home: CheckGCForNative gc_urgency 0.607876 current_native_bytes is 143096563
12-19 19:54:27.790  3330  3330 I cccccc  : getTaskThumbnailInfo: 2460 1.0  10705920
12-19 19:54:27.792  3330  3795 I com.miui.home: CheckGCForNative adj_start_bytes: 43295743 NativeAllocationGcWatermark: 11673258 java_gc_start_bytes: 25785856 kNewNativeDiscountFactor: 2 kOldNativeDiscountFactor: 65536 old_native_bytes: 121274855 new_native_bytes: 11116684 add_bytes_allowed: 35019774 is_gc_concurrent: 1 target_footprint_: 26277205 GetBytesAllocated: 15435632 HeapGrowthMultiplier: 3
12-19 19:54:27.792  3330  3795 I com.miui.home: CheckGCForNative gc_urgency 0.48494 current_native_bytes is 132391539
12-19 19:54:27.949  3330  3795 I com.miui.home: CheckGCForNative adj_start_bytes: 43295743 NativeAllocationGcWatermark: 11673258 java_gc_start_bytes: 25785856 kNewNativeDiscountFactor: 2 kOldNativeDiscountFactor: 65536 old_native_bytes: 121274855 new_native_bytes: 11154060 add_bytes_allowed: 35019774 is_gc_concurrent: 1 target_footprint_: 26277205 GetBytesAllocated: 15508883 HeapGrowthMultiplier: 3
12-19 19:54:27.949  3330  3795 I com.miui.home: CheckGCForNative gc_urgency 0.487063 current_native_bytes is 132428915
12-19 19:54:28.070  3330  3330 I wm_on_top_resumed_gained_called: [251807251,com.miui.home.launcher.Launcher,topStateChangedWhenResumed]
12-19 19:54:28.265  3330  3794 I com.miui.home: CheckGCForNative adj_start_bytes: 43295743 NativeAllocationGcWatermark: 11673258 java_gc_start_bytes: 25785856 kNewNativeDiscountFactor: 2 kOldNativeDiscountFactor: 65536 old_native_bytes: 121274855 new_native_bytes: 21857892 add_bytes_allowed: 35019774 is_gc_concurrent: 1 target_footprint_: 26277205 GetBytesAllocated: 15679168 HeapGrowthMultiplier: 3
12-19 19:54:28.265  3330  3794 I com.miui.home: CheckGCForNative gc_urgency 0.614609 current_native_bytes is 143132747
12-19 19:54:28.268  3330  3403 I com.miui.home: CheckGCForNative adj_start_bytes: 43295743 NativeAllocationGcWatermark: 11673258 java_gc_start_bytes: 25785856 kNewNativeDiscountFactor: 2 kOldNativeDiscountFactor: 65536 old_native_bytes: 121274855 new_native_bytes: 32563684 add_bytes_allowed: 35019774 is_gc_concurrent: 1 target_footprint_: 26277205 GetBytesAllocated: 15689741 HeapGrowthMultiplier: 3
12-19 19:54:28.268  3330  3794 I com.miui.home: CheckGCForNative adj_start_bytes: 43295743 NativeAllocationGcWatermark: 11673258 java_gc_start_bytes: 25785856 kNewNativeDiscountFactor: 2 kOldNativeDiscountFactor: 65536 old_native_bytes: 121274855 new_native_bytes: 43270628 add_bytes_allowed: 35019774 is_gc_concurrent: 1 target_footprint_: 26277205 GetBytesAllocated: 15689741 HeapGrowthMultiplier: 3
12-19 19:54:28.268  3330  3403 I com.miui.home: CheckGCForNative gc_urgency 0.738489 current_native_bytes is 153838539
12-19 19:54:28.268  3330  3794 I com.miui.home: CheckGCForNative gc_urgency 0.862138 current_native_bytes is 164545483
12-19 19:54:28.269  3330  3794 I cccccc  : getTaskThumbnailInfo: 2460 1.0  10705920
12-19 19:54:28.269  3330  3330 I cccccc  : getTaskThumbnailInfo: 2460 1.0  10705920
12-19 19:54:28.531  3330  3770 I com.miui.home: CheckGCForNative adj_start_bytes: 43295743 NativeAllocationGcWatermark: 11673258 java_gc_start_bytes: 25785856 kNewNativeDiscountFactor: 2 kOldNativeDiscountFactor: 65536 old_native_bytes: 121274855 new_native_bytes: 21822404 add_bytes_allowed: 35019774 is_gc_concurrent: 1 target_footprint_: 26277205 GetBytesAllocated: 15890535 HeapGrowthMultiplier: 3
12-19 19:54:28.531  3330  3770 I com.miui.home: CheckGCForNative gc_urgency 0.619081 current_native_bytes is 143097259
12-19 19:54:28.573  3330  3330 I wm_on_top_resumed_lost_called: [251807251,com.miui.home.launcher.Launcher,topStateChangedWhenResumed]
12-19 19:54:28.581  3330  5888 D cccccc  : onTaskStackChangedBackground
12-19 19:54:28.584  3330  5888 D cccccc  : onTaskStackChangedBackground
12-19 19:54:28.755 12424 12424 I wm_on_top_resumed_lost_called: [230342027,com.taobao.tao.welcome.Welcome,topStateChangedWhenResumed]
12-19 19:54:28.790  3330  3330 I wm_on_paused_called: [0,251807251,com.miui.home.launcher.Launcher,performPause,3]
12-19 19:54:28.910  3330  5888 D cccccc  : onTaskStackChangedBackground
12-19 19:54:28.912  3330  3403 D cccccc  : onTaskStackChangedBackground
12-19 19:54:28.937  3330  3795 I com.miui.home: CheckGCForNative adj_start_bytes: 43295743 NativeAllocationGcWatermark: 11673258 java_gc_start_bytes: 25785856 kNewNativeDiscountFactor: 2 kOldNativeDiscountFactor: 65536 old_native_bytes: 121274855 new_native_bytes: 22594560 add_bytes_allowed: 35019774 is_gc_concurrent: 1 target_footprint_: 26277205 GetBytesAllocated: 16886095 HeapGrowthMultiplier: 3
12-19 19:54:28.937  3330  3795 I com.miui.home: CheckGCForNative gc_urgency 0.650993 current_native_bytes is 143869415
12-19 19:54:29.037  3330  3795 I com.miui.home: CheckGCForNative adj_start_bytes: 43295743 NativeAllocationGcWatermark: 11673258 java_gc_start_bytes: 25785856 kNewNativeDiscountFactor: 2 kOldNativeDiscountFactor: 65536 old_native_bytes: 121274855 new_native_bytes: 22531464 add_bytes_allowed: 35019774 is_gc_concurrent: 1 target_footprint_: 26277205 GetBytesAllocated: 17122196 HeapGrowthMultiplier: 3
12-19 19:54:29.037  3330  3795 I com.miui.home: CheckGCForNative gc_urgency 0.655718 current_native_bytes is 143806319
12-19 19:54:29.051  3330  3989 I cccccc  : getTaskSnapshotInstance:
12-19 19:54:29.052  3330  3989 I cccccc  : getTaskSnapshotInstance:
12-19 19:54:29.057  3330  3989 I com.miui.home: CheckGCForNative adj_start_bytes: 43295743 NativeAllocationGcWatermark: 11673258 java_gc_start_bytes: 25785856 kNewNativeDiscountFactor: 2 kOldNativeDiscountFactor: 65536 old_native_bytes: 121274855 new_native_bytes: 33282952 add_bytes_allowed: 35019774 is_gc_concurrent: 1 target_footprint_: 26277205 GetBytesAllocated: 17205059 HeapGrowthMultiplier: 3
12-19 19:54:29.058  3330  3989 I com.miui.home: CheckGCForNative gc_urgency 0.781795 current_native_bytes is 154557807
12-19 19:54:29.060  3330  3989 I cccccc  : getTaskThumbnailInfo: 2460 1.0  10705920
12-19 19:54:29.089 12424 12424 I wm_on_paused_called: [0,230342027,com.taobao.tao.welcome.Welcome,performPause,31]
12-19 19:54:29.173 12424 12424 I wm_on_stop_called: [0,230342027,com.taobao.tao.welcome.Welcome,STOP_ACTIVITY_ITEM,56]
12-19 19:54:29.215  8819  8819 I wm_on_create_called: [0,31363372,com.tencent.mm.ui.LauncherUI,performCreate,331]
12-19 19:54:29.250  8819  8819 I wm_on_start_called: [0,31363372,com.tencent.mm.ui.LauncherUI,handleStartActivity,19]
12-19 19:54:29.324  3330  3989 I com.miui.home: CheckGCForNative adj_start_bytes: 43295743 NativeAllocationGcWatermark: 11673258 java_gc_start_bytes: 25785856 kNewNativeDiscountFactor: 2 kOldNativeDiscountFactor: 65536 old_native_bytes: 121274855 new_native_bytes: 22824076 add_bytes_allowed: 35019774 is_gc_concurrent: 1 target_footprint_: 26277205 GetBytesAllocated: 17788722 HeapGrowthMultiplier: 3
12-19 19:54:29.325  3330  3989 I com.miui.home: CheckGCForNative gc_urgency 0.674491 current_native_bytes is 144098931
12-19 19:54:29.341  8819  8819 I wm_on_resume_called: [0,31363372,com.tencent.mm.ui.LauncherUI,RESUME_ACTIVITY,89]
12-19 19:54:29.426  8819  8819 I wm_on_top_resumed_gained_called: [31363372,com.tencent.mm.ui.LauncherUI,topStateChangedWhenResumed]
12-19 19:54:29.427  8819  8819 I wm_on_top_resumed_lost_called: [31363372,com.tencent.mm.ui.LauncherUI,topStateChangedWhenResumed]
12-19 19:54:29.470  8819  8819 I wm_on_paused_called: [0,31363372,com.tencent.mm.ui.LauncherUI,performPause,9]
12-19 19:54:29.474  3330  3989 I cccccc  : getTaskSnapshotInstance:
12-19 19:54:29.540 12424 12424 I wm_on_idle_called: com.taobao.tao.welcome.Welcome
12-19 19:54:29.552  3330  3330 I wm_on_stop_called: [0,251807251,com.miui.home.launcher.Launcher,STOP_ACTIVITY_ITEM,6]
12-19 19:54:29.586  3330  3396 D cccccc  : onTaskStackChangedBackground
12-19 19:54:29.590  3330  3403 D cccccc  : onTaskStackChangedBackground
12-19 19:54:29.614  8819  8819 I wm_on_create_called: [0,171886061,com.tencent.mm.plugin.account.ui.WelcomeActivity,performCreate,74]
12-19 19:54:29.618  8819  8819 I wm_on_start_called: [0,171886061,com.tencent.mm.plugin.account.ui.WelcomeActivity,handleStartActivity,3]
12-19 19:54:29.626  8819  8819 I wm_on_resume_called: [0,171886061,com.tencent.mm.plugin.account.ui.WelcomeActivity,RESUME_ACTIVITY,5]
12-19 19:54:29.634  8819  8819 I wm_on_top_resumed_gained_called: [171886061,com.tencent.mm.plugin.account.ui.WelcomeActivity,topStateChangedWhenResumed]
12-19 19:54:29.957  3330  3989 I cccccc  : getTaskSnapshotInstance:
12-19 19:54:29.965  8819  8819 I wm_on_stop_called: [0,31363372,com.tencent.mm.ui.LauncherUI,STOP_ACTIVITY_ITEM,3]
12-19 19:54:30.366  3330  3989 I cccccc  : getTaskSnapshotInstance:
12-19 19:54:30.485  8819  8819 I wm_on_top_resumed_lost_called: [171886061,com.tencent.mm.plugin.account.ui.WelcomeActivity,topStateChangedWhenResumed]
12-19 19:54:30.493  3330  3330 I wm_on_restart_called: [0,251807251,com.miui.home.launcher.Launcher,,0]
12-19 19:54:30.495  3330  3330 I wm_on_start_called: [0,251807251,com.miui.home.launcher.Launcher,handleStartActivity,2]
12-19 19:54:30.518  3330  3330 I wm_on_resume_called: [0,251807251,com.miui.home.launcher.Launcher,RESUME_ACTIVITY,20]
12-19 19:54:30.536  3330  3770 I com.miui.home: CheckGCForNative gc_urgency 0 current_native_bytes is 122527947
12-19 19:54:30.574  3330  3330 I com.miui.home: CheckGCForNative adj_start_bytes: 43216196 NativeAllocationGcWatermark: 11663889 java_gc_start_bytes: 25720363 kNewNativeDiscountFactor: 2 kOldNativeDiscountFactor: 65536 old_native_bytes: 122527947 new_native_bytes: 177016 add_bytes_allowed: 34991667 is_gc_concurrent: 1 target_footprint_: 26202248 GetBytesAllocated: 15488789 HeapGrowthMultiplier: 3
12-19 19:54:30.574  3330  3330 I com.miui.home: CheckGCForNative gc_urgency 0.360494 current_native_bytes is 122704963
12-19 19:54:30.625  3330  3330 I wm_on_top_resumed_gained_called: [251807251,com.miui.home.launcher.Launcher,topStateChangedWhenResumed]
12-19 19:54:30.631  3330  3330 I wm_on_idle_called: com.miui.home.launcher.Launcher
12-19 19:54:30.708  3330  3396 I com.miui.home: CheckGCForNative adj_start_bytes: 43216196 NativeAllocationGcWatermark: 11663889 java_gc_start_bytes: 25720363 kNewNativeDiscountFactor: 2 kOldNativeDiscountFactor: 65536 old_native_bytes: 122527947 new_native_bytes: 11042292 add_bytes_allowed: 34991667 is_gc_concurrent: 1 target_footprint_: 26202248 GetBytesAllocated: 15939536 HeapGrowthMultiplier: 3
12-19 19:54:30.708  3330  5888 I com.miui.home: CheckGCForNative adj_start_bytes: 43216196 NativeAllocationGcWatermark: 11663889 java_gc_start_bytes: 25720363 kNewNativeDiscountFactor: 2 kOldNativeDiscountFactor: 65536 old_native_bytes: 122527947 new_native_bytes: 21748212 add_bytes_allowed: 34991667 is_gc_concurrent: 1 target_footprint_: 26202248 GetBytesAllocated: 15939536 HeapGrowthMultiplier: 3
12-19 19:54:30.708  3330  5888 I com.miui.home: CheckGCForNative gc_urgency 0.620497 current_native_bytes is 144276159
12-19 19:54:30.708  3330  3396 I com.miui.home: CheckGCForNative gc_urgency 0.496632 current_native_bytes is 133570239
12-19 19:54:30.709  3330  3330 I com.miui.home: CheckGCForNative adj_start_bytes: 43216196 NativeAllocationGcWatermark: 11663889 java_gc_start_bytes: 25720363 kNewNativeDiscountFactor: 2 kOldNativeDiscountFactor: 65536 old_native_bytes: 122527947 new_native_bytes: 32455156 add_bytes_allowed: 34991667 is_gc_concurrent: 1 target_footprint_: 26202248 GetBytesAllocated: 15945378 HeapGrowthMultiplier: 3
12-19 19:54:30.709  3330  3330 I com.miui.home: CheckGCForNative gc_urgency 0.744508 current_native_bytes is 154983103
12-19 19:54:30.710  3330  3330 I cccccc  : getTaskThumbnailInfo: 2460 1.0  10705920
12-19 19:54:30.711  3330  3396 I cccccc  : getTaskThumbnailInfo: 2460 1.0  10705920
12-19 19:54:30.982  3330  3795 I com.miui.home: CheckGCForNative adj_start_bytes: 43216196 NativeAllocationGcWatermark: 11663889 java_gc_start_bytes: 25720363 kNewNativeDiscountFactor: 2 kOldNativeDiscountFactor: 65536 old_native_bytes: 122527947 new_native_bytes: 11049028 add_bytes_allowed: 34991667 is_gc_concurrent: 1 target_footprint_: 26202248 GetBytesAllocated: 16078680 HeapGrowthMultiplier: 3
12-19 19:54:30.982  3330  3795 I com.miui.home: CheckGCForNative gc_urgency 0.49993 current_native_bytes is 133576975
12-19 19:54:31.185  3330  3794 I com.miui.home: CheckGCForNative adj_start_bytes: 43216196 NativeAllocationGcWatermark: 11663889 java_gc_start_bytes: 25720363 kNewNativeDiscountFactor: 2 kOldNativeDiscountFactor: 65536 old_native_bytes: 122527947 new_native_bytes: 21668068 add_bytes_allowed: 34991667 is_gc_concurrent: 1 target_footprint_: 26202248 GetBytesAllocated: 16177730 HeapGrowthMultiplier: 3
12-19 19:54:31.185  3330  3794 I com.miui.home: CheckGCForNative gc_urgency 0.625081 current_native_bytes is 144196015
12-19 19:54:31.185  3330  3794 I com.miui.home: CheckGCForNative adj_start_bytes: 43216196 NativeAllocationGcWatermark: 11663889 java_gc_start_bytes: 25720363 kNewNativeDiscountFactor: 2 kOldNativeDiscountFactor: 65536 old_native_bytes: 122527947 new_native_bytes: 32324612 add_bytes_allowed: 34991667 is_gc_concurrent: 1 target_footprint_: 26202248 GetBytesAllocated: 16184631 HeapGrowthMultiplier: 3
12-19 19:54:31.186  3330  3794 I com.miui.home: CheckGCForNative gc_urgency 0.748534 current_native_bytes is 154852559
12-19 19:54:31.186  3330  3396 I com.miui.home: CheckGCForNative adj_start_bytes: 43216196 NativeAllocationGcWatermark: 11663889 java_gc_start_bytes: 25720363 kNewNativeDiscountFactor: 2 kOldNativeDiscountFactor: 65536 old_native_bytes: 122527947 new_native_bytes: 32324612 add_bytes_allowed: 34991667 is_gc_concurrent: 1 target_footprint_: 26202248 GetBytesAllocated: 16184631 HeapGrowthMultiplier: 3
12-19 19:54:31.186  3330  3396 I com.miui.home: CheckGCForNative gc_urgency 0.748645 current_native_bytes is 154852559
12-19 19:54:31.186  3330  3794 I cccccc  : getTaskThumbnailInfo: 2460 1.0  10705920
12-19 19:54:31.190  3330  3330 I cccccc  : getTaskThumbnailInfo: 2460 1.0  10705920
12-19 19:54:31.203  8819  8819 I wm_on_paused_called: [0,171886061,com.tencent.mm.plugin.account.ui.WelcomeActivity,performPause,8]
12-19 19:54:31.223  8819  8819 I wm_on_idle_called: com.tencent.mm.ui.LauncherUI
12-19 19:54:31.223  8819  8819 I wm_on_idle_called: com.tencent.mm.plugin.account.ui.WelcomeActivity
12-19 19:54:31.249  8819  8819 I wm_on_stop_called: [0,171886061,com.tencent.mm.plugin.account.ui.WelcomeActivity,STOP_ACTIVITY_ITEM,14]
12-19 19:54:31.308  3330  3403 D cccccc  : onTaskStackChangedBackground
12-19 19:54:31.308  3330  3396 D cccccc  : onTaskStackChangedBackground
12-19 19:54:31.383  3330  3330 I wm_on_top_resumed_lost_called: [251807251,com.miui.home.launcher.Launcher,topStateChangedWhenResumed]
12-19 19:54:31.389  3330  3330 I wm_on_paused_called: [0,251807251,com.miui.home.launcher.Launcher,performPause,3]
12-19 19:54:31.435  3330  5888 D cccccc  : onTaskStackChangedBackground
12-19 19:54:31.437  3330  5888 D cccccc  : onTaskStackChangedBackground
12-19 19:54:31.501  3330  5888 D cccccc  : onTaskStackChangedBackground
12-19 19:54:31.503  3330  3396 D cccccc  : onTaskStackChangedBackground
12-19 19:54:31.595  3330  3989 I com.miui.home: CheckGCForNative adj_start_bytes: 43216196 NativeAllocationGcWatermark: 11663889 java_gc_start_bytes: 25720363 kNewNativeDiscountFactor: 2 kOldNativeDiscountFactor: 65536 old_native_bytes: 122527947 new_native_bytes: 21835528 add_bytes_allowed: 34991667 is_gc_concurrent: 1 target_footprint_: 26202248 GetBytesAllocated: 17224673 HeapGrowthMultiplier: 3
12-19 19:54:31.595  3330  3989 I com.miui.home: CheckGCForNative gc_urgency 0.651244 current_native_bytes is 144363475
12-19 19:54:31.595  3330  3989 I com.miui.home: CheckGCForNative adj_start_bytes: 43216196 NativeAllocationGcWatermark: 11663889 java_gc_start_bytes: 25720363 kNewNativeDiscountFactor: 2 kOldNativeDiscountFactor: 65536 old_native_bytes: 122527947 new_native_bytes: 21859240 add_bytes_allowed: 34991667 is_gc_concurrent: 1 target_footprint_: 26202248 GetBytesAllocated: 17224673 HeapGrowthMultiplier: 3
12-19 19:54:31.595  3330  3989 I com.miui.home: CheckGCForNative gc_urgency 0.651519 current_native_bytes is 144387187
12-19 19:54:31.775  3330  3989 I cccccc  : getTaskSnapshotInstance:
12-19 19:54:31.786  3330  3989 I cccccc  : getTaskSnapshotInstance:
12-19 19:54:31.789  3330  3989 I com.miui.home: CheckGCForNative adj_start_bytes: 43216196 NativeAllocationGcWatermark: 11663889 java_gc_start_bytes: 25720363 kNewNativeDiscountFactor: 2 kOldNativeDiscountFactor: 65536 old_native_bytes: 122527947 new_native_bytes: 32749064 add_bytes_allowed: 34991667 is_gc_concurrent: 1 target_footprint_: 26202248 GetBytesAllocated: 17676952 HeapGrowthMultiplier: 3
12-19 19:54:31.789  3330  3989 I com.miui.home: CheckGCForNative gc_urgency 0.787977 current_native_bytes is 155277011
12-19 19:54:31.792  3330  3989 I cccccc  : getTaskThumbnailInfo: 2460 1.0  10705920
12-19 19:54:31.893  3330  3795 I com.miui.home: CheckGCForNative adj_start_bytes: 43216196 NativeAllocationGcWatermark: 11663889 java_gc_start_bytes: 25720363 kNewNativeDiscountFactor: 2 kOldNativeDiscountFactor: 65536 old_native_bytes: 122527947 new_native_bytes: 22051928 add_bytes_allowed: 34991667 is_gc_concurrent: 1 target_footprint_: 26202248 GetBytesAllocated: 17883993 HeapGrowthMultiplier: 3
12-19 19:54:31.893  3330  3795 I com.miui.home: CheckGCForNative gc_urgency 0.669004 current_native_bytes is 144579875
12-19 19:54:32.093  3330  3989 I cccccc  : getTaskSnapshotInstance:
12-19 19:54:32.149  3330  3795 I com.miui.home: CheckGCForNative adj_start_bytes: 43216196 NativeAllocationGcWatermark: 11663889 java_gc_start_bytes: 25720363 kNewNativeDiscountFactor: 2 kOldNativeDiscountFactor: 65536 old_native_bytes: 122527947 new_native_bytes: 22485260 add_bytes_allowed: 34991667 is_gc_concurrent: 1 target_footprint_: 26202248 GetBytesAllocated: 18597167 HeapGrowthMultiplier: 3
12-19 19:54:32.149  3330  3795 I com.miui.home: CheckGCForNative gc_urgency 0.69052 current_native_bytes is 145013207
12-19 19:54:32.335 13237 13237 I wm_on_application_create_called: [0,com.sina.weibo,233]
12-19 19:54:32.526 13237 13237 I wm_on_create_called: [0,69549439,com.sina.weibo.SplashActivity,performCreate,168]
12-19 19:54:32.572 13237 13237 I wm_on_start_called: [0,69549439,com.sina.weibo.SplashActivity,handleStartActivity,45]
12-19 19:54:32.578 13237 13237 I wm_on_resume_called: [0,69549439,com.sina.weibo.SplashActivity,RESUME_ACTIVITY,4]
12-19 19:54:32.661 13237 13237 I wm_on_top_resumed_gained_called: [69549439,com.sina.weibo.SplashActivity,topStateChangedWhenResumed]
12-19 19:54:32.925  3330  3330 I wm_on_stop_called: [0,251807251,com.miui.home.launcher.Launcher,STOP_ACTIVITY_ITEM,5]
12-19 19:54:33.095 13393 13393 I wm_on_application_create_called: [0,com.sina.weibo,380]
12-19 19:54:33.296 13237 13237 I wm_on_idle_called: com.sina.weibo.SplashActivity
12-19 19:54:34.532 13237 13237 I wm_on_top_resumed_lost_called: [69549439,com.sina.weibo.SplashActivity,topStateChangedWhenResumed]
12-19 19:54:34.538  3330  3330 I wm_on_restart_called: [0,251807251,com.miui.home.launcher.Launcher,,0]
12-19 19:54:34.540  3330  3330 I wm_on_start_called: [0,251807251,com.miui.home.launcher.Launcher,handleStartActivity,2]
12-19 19:54:34.560  3330  3330 I wm_on_resume_called: [0,251807251,com.miui.home.launcher.Launcher,RESUME_ACTIVITY,16]
12-19 19:54:34.646  3330  3330 I com.miui.home: CheckGCForNative gc_urgency 0 current_native_bytes is 120942503
12-19 19:54:34.673  3330  3330 I wm_on_top_resumed_gained_called: [251807251,com.miui.home.launcher.Launcher,topStateChangedWhenResumed]
12-19 19:54:34.679  3330  3330 I wm_on_idle_called: com.miui.home.launcher.Launcher
12-19 19:54:34.734 13237 13237 I wm_on_paused_called: [0,69549439,com.sina.weibo.SplashActivity,performPause,10]
12-19 19:54:34.899  3330  5888 I com.miui.home: CheckGCForNative adj_start_bytes: 42867654 NativeAllocationGcWatermark: 11597739 java_gc_start_bytes: 25471046 kNewNativeDiscountFactor: 2 kOldNativeDiscountFactor: 65536 old_native_bytes: 120942503 new_native_bytes: 10745536 add_bytes_allowed: 34793217 is_gc_concurrent: 1 target_footprint_: 25673055 GetBytesAllocated: 13849762 HeapGrowthMultiplier: 3
12-19 19:54:34.899  3330  5888 I com.miui.home: CheckGCForNative gc_urgency 0.448459 current_native_bytes is 131688039
12-19 19:54:34.906  3330  5888 I com.miui.home: CheckGCForNative adj_start_bytes: 42867654 NativeAllocationGcWatermark: 11597739 java_gc_start_bytes: 25471046 kNewNativeDiscountFactor: 2 kOldNativeDiscountFactor: 65536 old_native_bytes: 120942503 new_native_bytes: 21452480 add_bytes_allowed: 34793217 is_gc_concurrent: 1 target_footprint_: 25673055 GetBytesAllocated: 13873720 HeapGrowthMultiplier: 3
12-19 19:54:34.906  3330  5888 I com.miui.home: CheckGCForNative gc_urgency 0.573901 current_native_bytes is 142394983
12-19 19:54:34.906  3330  5888 I cccccc  : getTaskThumbnailInfo: 2460 1.0  10705920
12-19 19:54:35.016  3330  3415 D cccccc  : onTaskStackChangedBackground
12-19 19:54:35.018  3330  5888 D cccccc  : onTaskStackChangedBackground
12-19 19:54:35.019  3330  5888 I com.miui.home: CheckGCForNative adj_start_bytes: 42867654 NativeAllocationGcWatermark: 11597739 java_gc_start_bytes: 25471046 kNewNativeDiscountFactor: 2 kOldNativeDiscountFactor: 65536 old_native_bytes: 120942503 new_native_bytes: 21560032 add_bytes_allowed: 34793217 is_gc_concurrent: 1 target_footprint_: 25673055 GetBytesAllocated: 14314181 HeapGrowthMultiplier: 3
12-19 19:54:35.019  3330  5888 I com.miui.home: CheckGCForNative gc_urgency 0.585431 current_native_bytes is 142502535
12-19 19:54:35.020  3330  3330 I cccccc  : getTaskThumbnailInfo: 2460 1.0  10705920
12-19 19:54:35.121 13237 13237 I wm_on_create_called: [0,201975779,com.sina.weibo.VisitorMainTabActivity,performCreate,292]
12-19 19:54:35.124 13237 13237 I wm_on_start_called: [0,201975779,com.sina.weibo.VisitorMainTabActivity,handleStartActivity,2]
12-19 19:54:35.137  3330  3795 I com.miui.home: CheckGCForNative adj_start_bytes: 42867654 NativeAllocationGcWatermark: 11597739 java_gc_start_bytes: 25471046 kNewNativeDiscountFactor: 2 kOldNativeDiscountFactor: 65536 old_native_bytes: 120942503 new_native_bytes: 10872928 add_bytes_allowed: 34793217 is_gc_concurrent: 1 target_footprint_: 25673055 GetBytesAllocated: 14877860 HeapGrowthMultiplier: 3
12-19 19:54:35.137  3330  3795 I com.miui.home: CheckGCForNative gc_urgency 0.473979 current_native_bytes is 131815431
12-19 19:54:35.363 13237 13237 I wm_on_create_called: [0,0,com.sina.weibo.feed.visitor.VisitorHomeActivity,performCreate,172]
12-19 19:54:35.371 13237 13237 I wm_on_start_called: [0,0,com.sina.weibo.feed.visitor.VisitorHomeActivity,handleStartActivity,5]
12-19 19:54:35.383  3330  3876 I com.miui.home: CheckGCForNative adj_start_bytes: 42867654 NativeAllocationGcWatermark: 11597739 java_gc_start_bytes: 25471046 kNewNativeDiscountFactor: 2 kOldNativeDiscountFactor: 65536 old_native_bytes: 120942503 new_native_bytes: 11733396 add_bytes_allowed: 34793217 is_gc_concurrent: 1 target_footprint_: 25673055 GetBytesAllocated: 15358258 HeapGrowthMultiplier: 3
12-19 19:54:35.383  3330  3876 I com.miui.home: CheckGCForNative gc_urgency 0.495171 current_native_bytes is 132675899
12-19 19:54:35.510 13237 13237 I wm_on_resume_called: [0,0,com.sina.weibo.feed.visitor.VisitorHomeActivity,moveToState-INITIALIZING,137]
12-19 19:54:35.558  3330  3989 I com.miui.home: CheckGCForNative adj_start_bytes: 42867654 NativeAllocationGcWatermark: 11597739 java_gc_start_bytes: 25471046 kNewNativeDiscountFactor: 2 kOldNativeDiscountFactor: 65536 old_native_bytes: 120942503 new_native_bytes: 12197812 add_bytes_allowed: 34793217 is_gc_concurrent: 1 target_footprint_: 25673055 GetBytesAllocated: 15693235 HeapGrowthMultiplier: 3
12-19 19:54:35.558  3330  3989 I com.miui.home: CheckGCForNative gc_urgency 0.508402 current_native_bytes is 133140315
12-19 19:54:35.582  3330  3989 I cccccc  : getTaskSnapshotInstance:
12-19 19:54:35.582 13237 13237 I wm_on_resume_called: [0,201975779,com.sina.weibo.VisitorMainTabActivity,RESUME_ACTIVITY,457]
12-19 19:54:35.583  3330  3989 I com.miui.home: CheckGCForNative adj_start_bytes: 42867654 NativeAllocationGcWatermark: 11597739 java_gc_start_bytes: 25471046 kNewNativeDiscountFactor: 2 kOldNativeDiscountFactor: 65536 old_native_bytes: 120942503 new_native_bytes: 22905428 add_bytes_allowed: 34793217 is_gc_concurrent: 1 target_footprint_: 25673055 GetBytesAllocated: 15761988 HeapGrowthMultiplier: 3
12-19 19:54:35.583  3330  3989 I com.miui.home: CheckGCForNative gc_urgency 0.634897 current_native_bytes is 143847931
12-19 19:54:35.584  3330  3989 I cccccc  : getTaskThumbnailInfo: 2460 1.0  10705920
12-19 19:54:35.615 13237 13237 I wm_on_stop_called: [0,69549439,com.sina.weibo.SplashActivity,LIFECYCLER_STOP_ACTIVITY,1]
12-19 19:54:35.821 13237 13237 I wm_on_destroy_called: [0,69549439,com.sina.weibo.SplashActivity,performDestroy,205]
12-19 19:54:35.823  3330  3330 I wm_on_top_resumed_lost_called: [251807251,com.miui.home.launcher.Launcher,topStateChangedWhenResumed]
12-19 19:54:35.904 13237 13237 I wm_on_paused_called: [0,0,com.sina.weibo.feed.visitor.VisitorHomeActivity,performPause,2]
12-19 19:54:35.906 13237 13237 I wm_on_paused_called: [0,201975779,com.sina.weibo.VisitorMainTabActivity,performPause,5]
12-19 19:54:35.908  3330  3330 I wm_on_paused_called: [0,251807251,com.miui.home.launcher.Launcher,performPause,3]
12-19 19:54:35.922  3330  5888 D cccccc  : onTaskStackChangedBackground
12-19 19:54:35.925  3330  5888 D cccccc  : onTaskStackChangedBackground
12-19 19:54:35.949  3330  3989 I cccccc  : getTaskSnapshotInstance:
12-19 19:54:35.978  3330  3989 I com.miui.home: CheckGCForNative adj_start_bytes: 42867654 NativeAllocationGcWatermark: 11597739 java_gc_start_bytes: 25471046 kNewNativeDiscountFactor: 2 kOldNativeDiscountFactor: 65536 old_native_bytes: 120942503 new_native_bytes: 23525496 add_bytes_allowed: 34793217 is_gc_concurrent: 1 target_footprint_: 25673055 GetBytesAllocated: 16996334 HeapGrowthMultiplier: 3
12-19 19:54:35.978  3330  3989 I com.miui.home: CheckGCForNative gc_urgency 0.670924 current_native_bytes is 144467999
12-19 19:54:35.981  3330  3989 I cccccc  : getTaskThumbnailInfo: 2460 1.0  10705920
12-19 19:54:36.034  3330  3415 D cccccc  : onTaskStackChangedBackground
12-19 19:54:36.065  3330  3415 D cccccc  : onTaskStackChangedBackground
12-19 19:54:36.104  3330  3795 I com.miui.home: CheckGCForNative adj_start_bytes: 42867654 NativeAllocationGcWatermark: 11597739 java_gc_start_bytes: 25471046 kNewNativeDiscountFactor: 2 kOldNativeDiscountFactor: 65536 old_native_bytes: 120942503 new_native_bytes: 12861616 add_bytes_allowed: 34793217 is_gc_concurrent: 1 target_footprint_: 25673055 GetBytesAllocated: 17309316 HeapGrowthMultiplier: 3
12-19 19:54:36.104  3330  3795 I com.miui.home: CheckGCForNative gc_urgency 0.553843 current_native_bytes is 133804119
12-19 19:54:36.227 13237 13237 I wm_on_stop_called: [0,0,com.sina.weibo.feed.visitor.VisitorHomeActivity,moveToState-STARTED,50]
12-19 19:54:36.228 13237 13237 I wm_on_stop_called: [0,201975779,com.sina.weibo.VisitorMainTabActivity,STOP_ACTIVITY_ITEM,53]
12-19 19:54:36.359  3330  3989 I com.miui.home: CheckGCForNative adj_start_bytes: 42867654 NativeAllocationGcWatermark: 11597739 java_gc_start_bytes: 25471046 kNewNativeDiscountFactor: 2 kOldNativeDiscountFactor: 65536 old_native_bytes: 120942503 new_native_bytes: 13061268 add_bytes_allowed: 34793217 is_gc_concurrent: 1 target_footprint_: 25673055 GetBytesAllocated: 18049587 HeapGrowthMultiplier: 3
12-19 19:54:36.359  3330  3989 I com.miui.home: CheckGCForNative gc_urgency 0.573441 current_native_bytes is 134003771
12-19 19:54:36.361  3330  3989 I cccccc  : getTaskSnapshotInstance:
12-19 19:54:36.458 13237 13237 I wm_on_idle_called: com.sina.weibo.VisitorMainTabActivity
12-19 19:54:36.504  3330  3795 I com.miui.home: CheckGCForNative adj_start_bytes: 42867654 NativeAllocationGcWatermark: 11597739 java_gc_start_bytes: 25471046 kNewNativeDiscountFactor: 2 kOldNativeDiscountFactor: 65536 old_native_bytes: 120942503 new_native_bytes: 13234388 add_bytes_allowed: 34793217 is_gc_concurrent: 1 target_footprint_: 25673055 GetBytesAllocated: 18379135 HeapGrowthMultiplier: 3
12-19 19:54:36.504  3330  3795 I com.miui.home: CheckGCForNative gc_urgency 0.583148 current_native_bytes is 134176891
12-19 19:54:36.648  3330  3989 I cccccc  : getTaskSnapshotInstance:
12-19 19:54:36.792 13768 13768 I wm_on_application_create_called: [0,com.UCMobile,222]
12-19 19:54:37.680 13768 13768 I wm_on_create_called: [0,140207320,com.UCMobile.main.UCMobile,performCreate,851]
12-19 19:54:38.147  3330  3330 I wm_on_resume_called: [0,251807251,com.miui.home.launcher.Launcher,RESUME_ACTIVITY,16]
12-19 19:54:38.230  3330  5888 D cccccc  : onTaskStackChangedBackground
12-19 19:54:38.231  3330  3985 D cccccc  : onTaskStackChangedBackground
12-19 19:54:38.239  3330  3330 I wm_on_top_resumed_gained_called: [251807251,com.miui.home.launcher.Launcher,topStateChangedWhenResumed]
12-19 19:54:38.252  3330  3330 I wm_on_idle_called: com.miui.home.launcher.Launcher
12-19 19:54:38.365  3330  3985 I com.miui.home: CheckGCForNative adj_start_bytes: 42867654 NativeAllocationGcWatermark: 11597739 java_gc_start_bytes: 25471046 kNewNativeDiscountFactor: 2 kOldNativeDiscountFactor: 65536 old_native_bytes: 120942503 new_native_bytes: 24094796 add_bytes_allowed: 34793217 is_gc_concurrent: 1 target_footprint_: 25673055 GetBytesAllocated: 20596243 HeapGrowthMultiplier: 3
12-19 19:54:38.365  3330  3985 I com.miui.home: CheckGCForNative gc_urgency 0.761541 current_native_bytes is 145037299
12-19 19:54:38.373  3330  3985 I com.miui.home: CheckGCForNative adj_start_bytes: 42867654 NativeAllocationGcWatermark: 11597739 java_gc_start_bytes: 25471046 kNewNativeDiscountFactor: 2 kOldNativeDiscountFactor: 65536 old_native_bytes: 120942503 new_native_bytes: 34801740 add_bytes_allowed: 34793217 is_gc_concurrent: 1 target_footprint_: 25673055 GetBytesAllocated: 20639551 HeapGrowthMultiplier: 3
12-19 19:54:38.373  3330  3985 I com.miui.home: CheckGCForNative gc_urgency 0.887435 current_native_bytes is 155744243
12-19 19:54:38.374  3330  3985 I cccccc  : getTaskThumbnailInfo: 2460 1.0  10705920
12-19 19:54:38.380  3330  3795 I com.miui.home: CheckGCForNative adj_start_bytes: 42867654 NativeAllocationGcWatermark: 11597739 java_gc_start_bytes: 25471046 kNewNativeDiscountFactor: 2 kOldNativeDiscountFactor: 65536 old_native_bytes: 120942503 new_native_bytes: 24095820 add_bytes_allowed: 34793217 is_gc_concurrent: 1 target_footprint_: 25673055 GetBytesAllocated: 20713831 HeapGrowthMultiplier: 3
12-19 19:54:38.380  3330  3795 I com.miui.home: CheckGCForNative gc_urgency 0.764296 current_native_bytes is 145038323
12-19 19:54:38.418 13768 13768 I wm_on_create_called: [0,90597891,com.uc.browser.InnerUCMobile,performCreate,176]
12-19 19:54:38.463  3330  5888 I com.miui.home: CheckGCForNative adj_start_bytes: 42867654 NativeAllocationGcWatermark: 11597739 java_gc_start_bytes: 25471046 kNewNativeDiscountFactor: 2 kOldNativeDiscountFactor: 65536 old_native_bytes: 120942503 new_native_bytes: 34936652 add_bytes_allowed: 34793217 is_gc_concurrent: 1 target_footprint_: 25673055 GetBytesAllocated: 20900935 HeapGrowthMultiplier: 3
12-19 19:54:38.463  3330  5888 I com.miui.home: CheckGCForNative gc_urgency 0.895106 current_native_bytes is 155879155
12-19 19:54:38.464  3330  3330 I cccccc  : getTaskThumbnailInfo: 2460 1.0  10705920
12-19 19:54:38.468 13768 13768 I wm_on_start_called: [0,90597891,com.uc.browser.InnerUCMobile,handleStartActivity,49]
12-19 19:54:38.624 13768 13768 I wm_on_resume_called: [0,90597891,com.uc.browser.InnerUCMobile,RESUME_ACTIVITY,122]
12-19 19:54:38.682  3330  3795 I com.miui.home: CheckGCForNative adj_start_bytes: 42867654 NativeAllocationGcWatermark: 11597739 java_gc_start_bytes: 25471046 kNewNativeDiscountFactor: 2 kOldNativeDiscountFactor: 65536 old_native_bytes: 120942503 new_native_bytes: 24277388 add_bytes_allowed: 34793217 is_gc_concurrent: 1 target_footprint_: 25673055 GetBytesAllocated: 21195590 HeapGrowthMultiplier: 3
12-19 19:54:38.682  3330  3795 I com.miui.home: CheckGCForNative gc_urgency 0.777652 current_native_bytes is 145219891
12-19 19:54:38.726  3330  3795 I com.miui.home: CheckGCForNative adj_start_bytes: 42867654 NativeAllocationGcWatermark: 11597739 java_gc_start_bytes: 25471046 kNewNativeDiscountFactor: 2 kOldNativeDiscountFactor: 65536 old_native_bytes: 120942503 new_native_bytes: 24316544 add_bytes_allowed: 34793217 is_gc_concurrent: 1 target_footprint_: 25673055 GetBytesAllocated: 21242634 HeapGrowthMultiplier: 3
12-19 19:54:38.726  3330  3795 I com.miui.home: CheckGCForNative gc_urgency 0.779206 current_native_bytes is 145259047
12-19 19:54:39.026 13768 13768 I wm_on_top_resumed_gained_called: [90597891,com.uc.browser.InnerUCMobile,topStateChangedWhenResumed]
12-19 19:54:39.037 13768 13768 I wm_on_top_resumed_lost_called: [90597891,com.uc.browser.InnerUCMobile,topStateChangedWhenResumed]
12-19 19:54:39.037  3330  3989 I cccccc  : getTaskSnapshotInstance:
12-19 19:54:39.075  3330  3989 I com.miui.home: CheckGCForNative adj_start_bytes: 42867654 NativeAllocationGcWatermark: 11597739 java_gc_start_bytes: 25471046 kNewNativeDiscountFactor: 2 kOldNativeDiscountFactor: 65536 old_native_bytes: 120942503 new_native_bytes: 34907288 add_bytes_allowed: 34793217 is_gc_concurrent: 1 target_footprint_: 25673055 GetBytesAllocated: 21674037 HeapGrowthMultiplier: 3
12-19 19:54:39.075  3330  3989 I com.miui.home: CheckGCForNative gc_urgency 0.912798 current_native_bytes is 155849791
12-19 19:54:39.078  3330  3989 I cccccc  : getTaskThumbnailInfo: 2460 1.0  10705920
12-19 19:54:39.219  3330  3330 I wm_on_top_resumed_lost_called: [251807251,com.miui.home.launcher.Launcher,topStateChangedWhenResumed]
12-19 19:54:39.227  3330  3415 D cccccc  : onTaskStackChangedBackground
12-19 19:54:39.228  3330  3415 D cccccc  : onTaskStackChangedBackground
12-19 19:54:39.393  3330  3330 I wm_on_paused_called: [0,251807251,com.miui.home.launcher.Launcher,performPause,3]
12-19 19:54:39.455  3330  3989 I com.miui.home: CheckGCForNative adj_start_bytes: 42867654 NativeAllocationGcWatermark: 11597739 java_gc_start_bytes: 25471046 kNewNativeDiscountFactor: 2 kOldNativeDiscountFactor: 65536 old_native_bytes: 120942503 new_native_bytes: 24604048 add_bytes_allowed: 34793217 is_gc_concurrent: 1 target_footprint_: 25673055 GetBytesAllocated: 22319932 HeapGrowthMultiplier: 3
12-19 19:54:39.455  3330  3989 I com.miui.home: CheckGCForNative gc_urgency 0.807691 current_native_bytes is 145546551
12-19 19:54:39.496  3330  5888 D cccccc  : onTaskStackChangedBackground
12-19 19:54:39.497  3330  3415 D cccccc  : onTaskStackChangedBackground
12-19 19:54:39.689  3330  3989 I cccccc  : getTaskSnapshotInstance:
12-19 19:54:39.691  3330  3989 I cccccc  : getTaskSnapshotInstance:
12-19 19:54:39.692  3330  3989 I com.miui.home: CheckGCForNative adj_start_bytes: 42867654 NativeAllocationGcWatermark: 11597739 java_gc_start_bytes: 25471046 kNewNativeDiscountFactor: 2 kOldNativeDiscountFactor: 65536 old_native_bytes: 120942503 new_native_bytes: 35833100 add_bytes_allowed: 34793217 is_gc_concurrent: 1 target_footprint_: 25673055 GetBytesAllocated: 22976798 HeapGrowthMultiplier: 3
12-19 19:54:39.692  3330  3989 I com.miui.home: CheckGCForNative gc_urgency 0.953987 current_native_bytes is 156775603
12-19 19:54:39.693  3330  3989 I cccccc  : getTaskThumbnailInfo: 2460 1.0  10705920
12-19 19:54:39.830  3330  3989 I com.miui.home: CheckGCForNative adj_start_bytes: 42867654 NativeAllocationGcWatermark: 11597739 java_gc_start_bytes: 25471046 kNewNativeDiscountFactor: 2 kOldNativeDiscountFactor: 65536 old_native_bytes: 120942503 new_native_bytes: 25197200 add_bytes_allowed: 34793217 is_gc_concurrent: 1 target_footprint_: 25673055 GetBytesAllocated: 23548228 HeapGrowthMultiplier: 3
12-19 19:54:39.830  3330  3989 I com.miui.home: CheckGCForNative gc_urgency 0.843262 current_native_bytes is 146139703
12-19 19:54:39.914  3330  3989 I cccccc  : getTaskSnapshotInstance:
12-19 19:54:40.004  3330  3795 I com.miui.home: CheckGCForNative adj_start_bytes: 42867654 NativeAllocationGcWatermark: 11597739 java_gc_start_bytes: 25471046 kNewNativeDiscountFactor: 2 kOldNativeDiscountFactor: 65536 old_native_bytes: 120942503 new_native_bytes: 25418208 add_bytes_allowed: 34793217 is_gc_concurrent: 1 target_footprint_: 25673055 GetBytesAllocated: 24105682 HeapGrowthMultiplier: 3
12-19 19:54:40.004  3330  3795 I com.miui.home: CheckGCForNative gc_urgency 0.858844 current_native_bytes is 146360711
12-19 19:54:40.096  3330  3989 I com.miui.home: CheckGCForNative adj_start_bytes: 42867654 NativeAllocationGcWatermark: 11597739 java_gc_start_bytes: 25471046 kNewNativeDiscountFactor: 2 kOldNativeDiscountFactor: 65536 old_native_bytes: 120942503 new_native_bytes: 25596512 add_bytes_allowed: 34793217 is_gc_concurrent: 1 target_footprint_: 25673055 GetBytesAllocated: 24279347 HeapGrowthMultiplier: 3
12-19 19:54:40.096  3330  3989 I com.miui.home: CheckGCForNative gc_urgency 0.864975 current_native_bytes is 146539015
12-19 19:54:40.285  3330  3989 I cccccc  : getTaskSnapshotInstance:
12-19 19:54:40.445 14224 14224 I wm_on_create_called: [0,207464410,com.tencent.mtt.SplashActivity,performCreate,95]
12-19 19:54:40.532 14224 14224 I wm_on_create_called: [0,259214700,com.tencent.mtt.MainActivity,performCreate,33]
12-19 19:54:40.573  3330  5888 D cccccc  : onTaskStackChangedBackground
12-19 19:54:40.574  3330  3403 D cccccc  : onTaskStackChangedBackground
12-19 19:54:40.593 14224 14224 I wm_on_start_called: [0,259214700,com.tencent.mtt.MainActivity,handleStartActivity,61]
12-19 19:54:40.813  3330  3989 I cccccc  : getTaskSnapshotInstance:
12-19 19:54:40.968 14224 14224 I wm_on_resume_called: [0,259214700,com.tencent.mtt.MainActivity,RESUME_ACTIVITY,372]
12-19 19:54:40.974 14224 14224 I wm_on_top_resumed_gained_called: [259214700,com.tencent.mtt.MainActivity,topStateChangedWhenResumed]
12-19 19:54:41.040  3330  3989 I com.miui.home: CheckGCForNative gc_urgency 0 current_native_bytes is 143898963
12-19 19:54:41.042  3330  3989 I cccccc  : getTaskSnapshotInstance:
12-19 19:54:41.103  3330  3330 I wm_on_stop_called: [0,251807251,com.miui.home.launcher.Launcher,STOP_ACTIVITY_ITEM,7]
12-19 19:54:41.255  3330  3330 I wm_on_restart_called: [0,251807251,com.miui.home.launcher.Launcher,,0]
12-19 19:54:41.258  3330  3330 I wm_on_start_called: [0,251807251,com.miui.home.launcher.Launcher,handleStartActivity,2]
12-19 19:54:41.279  3330  3330 I wm_on_resume_called: [0,251807251,com.miui.home.launcher.Launcher,RESUME_ACTIVITY,19]
12-19 19:54:41.394  3330  3330 I wm_on_idle_called: com.miui.home.launcher.Launcher
12-19 19:54:41.477  3330  3403 I com.miui.home: CheckGCForNative gc_urgency 0 current_native_bytes is 131911963
12-19 19:54:41.481  3330  3330 I com.miui.home: CheckGCForNative adj_start_bytes: 43718344 NativeAllocationGcWatermark: 11721210 java_gc_start_bytes: 26136529 kNewNativeDiscountFactor: 2 kOldNativeDiscountFactor: 65536 old_native_bytes: 131911963 new_native_bytes: 10706944 add_bytes_allowed: 35163630 is_gc_concurrent: 1 target_footprint_: 26660817 GetBytesAllocated: 13656016 HeapGrowthMultiplier: 3
12-19 19:54:41.481  3330  3330 I com.miui.home: CheckGCForNative gc_urgency 0.434863 current_native_bytes is 142618907
12-19 19:54:41.481  3330  3330 I cccccc  : getTaskThumbnailInfo: 2460 1.0  10705920
12-19 19:54:41.483  3330  3985 I com.miui.home: CheckGCForNative adj_start_bytes: 43718344 NativeAllocationGcWatermark: 11721210 java_gc_start_bytes: 26136529 kNewNativeDiscountFactor: 2 kOldNativeDiscountFactor: 65536 old_native_bytes: 131911963 new_native_bytes: 10709184 add_bytes_allowed: 35163630 is_gc_concurrent: 1 target_footprint_: 26660817 GetBytesAllocated: 13656016 HeapGrowthMultiplier: 3
12-19 19:54:41.483  3330  3985 I com.miui.home: CheckGCForNative gc_urgency 0.434889 current_native_bytes is 142621147
12-19 19:54:41.484  3330  3985 I cccccc  : getTaskThumbnailInfo: 2460 1.0  10705920
12-19 19:54:41.503 14224 14224 I wm_on_destroy_called: [0,207464410,com.tencent.mtt.SplashActivity,performDestroy,1]
12-19 19:54:41.512 14224 14224 I wm_on_top_resumed_lost_called: [259214700,com.tencent.mtt.MainActivity,topStateChangedWhenResumed]
12-19 19:54:41.528  3330  3330 I wm_on_top_resumed_gained_called: [251807251,com.miui.home.launcher.Launcher,topStateChangedWhenResumed]
12-19 19:54:41.671  3330  3795 I com.miui.home: CheckGCForNative adj_start_bytes: 43718344 NativeAllocationGcWatermark: 11721210 java_gc_start_bytes: 26136529 kNewNativeDiscountFactor: 2 kOldNativeDiscountFactor: 65536 old_native_bytes: 131911963 new_native_bytes: 62656 add_bytes_allowed: 35163630 is_gc_concurrent: 1 target_footprint_: 26660817 GetBytesAllocated: 14217898 HeapGrowthMultiplier: 3
12-19 19:54:41.671  3330  3795 I com.miui.home: CheckGCForNative gc_urgency 0.325978 current_native_bytes is 131974619
12-19 19:54:41.726  3330  3795 I com.miui.home: CheckGCForNative adj_start_bytes: 43718344 NativeAllocationGcWatermark: 11721210 java_gc_start_bytes: 26136529 kNewNativeDiscountFactor: 2 kOldNativeDiscountFactor: 65536 old_native_bytes: 131911963 new_native_bytes: 66752 add_bytes_allowed: 35163630 is_gc_concurrent: 1 target_footprint_: 26660817 GetBytesAllocated: 14450217 HeapGrowthMultiplier: 3
12-19 19:54:41.727  3330  3795 I com.miui.home: CheckGCForNative gc_urgency 0.331339 current_native_bytes is 131978715
12-19 19:54:42.149  3330 14599 I com.miui.home: CheckGCForNative gc_urgency 0 current_native_bytes is 131911139
