12-19 20:13:21.462  3330  3766 I com.miui.home: CheckGCForNative adj_start_bytes: 43340046 NativeAllocationGcWatermark: 11651444 java_gc_start_bytes: 25862880 kNewNativeDiscountFactor: 2 kOldNativeDiscountFactor: 65536 old_native_bytes: 132638787 new_native_bytes: 36217920 add_bytes_allowed: 34954332 is_gc_concurrent: 1 target_footprint_: 26102690 GetBytesAllocated: 19715647 HeapGrowthMultiplier: 3
12-19 20:13:21.462  3330  3766 I com.miui.home: CheckGCForNative gc_urgency 0.872787 current_native_bytes is 168856707
12-19 20:13:21.632 12399 12399 I wm_on_stop_called: [0,101279080,com.dragon.read.pages.splash.SplashActivity,LIFECYCLER_STOP_ACTIVITY,18]
12-19 20:13:21.713  3330  3999 I cccccc  : getTaskSnapshotInstance:
12-19 20:13:21.731 12399 12399 I wm_on_destroy_called: [0,101279080,com.dragon.read.pages.splash.SplashActivity,performDestroy,44]
12-19 20:13:22.172 12777 12777 I wm_on_application_create_called: [0,com.taobao.taobao,286]
12-19 20:13:22.367  3330  3330 I wm_on_resume_called: [0,71783625,com.miui.home.launcher.Launcher,RESUME_ACTIVITY,20]
12-19 20:13:22.404  3330  3330 I com.miui.home: CheckGCForNative adj_start_bytes: 43340046 NativeAllocationGcWatermark: 11651444 java_gc_start_bytes: 25862880 kNewNativeDiscountFactor: 2 kOldNativeDiscountFactor: 65536 old_native_bytes: 132638787 new_native_bytes: 36323404 add_bytes_allowed: 34954332 is_gc_concurrent: 1 target_footprint_: 26102690 GetBytesAllocated: 21186305 HeapGrowthMultiplier: 3
12-19 20:13:22.404  3330  3330 I com.miui.home: CheckGCForNative gc_urgency 0.907937 current_native_bytes is 168962191
12-19 20:13:22.457  3330  3330 I wm_on_idle_called: com.miui.home.launcher.Launcher
12-19 20:13:22.482 12777 12777 I wm_on_create_called: [0,7185839,com.taobao.tao.welcome.Welcome,performCreate,271]
12-19 20:13:22.576  3330  4226 I com.miui.home: CheckGCForNative adj_start_bytes: 43340046 NativeAllocationGcWatermark: 11651444 java_gc_start_bytes: 25862880 kNewNativeDiscountFactor: 2 kOldNativeDiscountFactor: 65536 old_native_bytes: 132638787 new_native_bytes: 36412024 add_bytes_allowed: 34954332 is_gc_concurrent: 1 target_footprint_: 26102690 GetBytesAllocated: 21932421 HeapGrowthMultiplier: 3
12-19 20:13:22.576  3330  4226 I com.miui.home: CheckGCForNative gc_urgency 0.926175 current_native_bytes is 169050811
12-19 20:13:22.609  3330  4226 I com.miui.home: CheckGCForNative adj_start_bytes: 43340046 NativeAllocationGcWatermark: 11651444 java_gc_start_bytes: 25862880 kNewNativeDiscountFactor: 2 kOldNativeDiscountFactor: 65536 old_native_bytes: 132638787 new_native_bytes: 47076600 add_bytes_allowed: 34954332 is_gc_concurrent: 1 target_footprint_: 26102690 GetBytesAllocated: 21982242 HeapGrowthMultiplier: 3
12-19 20:13:22.614  3330  4226 I com.miui.home: CheckGCForNative gc_urgency 1.05036 current_native_bytes is 179715387
12-19 20:13:22.614  3330  4226 I com.miui.home: CheckGCForNative requested 1
12-19 20:13:22.615  3330  4226 I com.miui.home: CheckGCForNative adj_start_bytes: 43340046 NativeAllocationGcWatermark: 11651444 java_gc_start_bytes: 25862880 kNewNativeDiscountFactor: 2 kOldNativeDiscountFactor: 65536 old_native_bytes: 132638787 new_native_bytes: 68489656 add_bytes_allowed: 34954332 is_gc_concurrent: 1 target_footprint_: 26102690 GetBytesAllocated: 21988797 HeapGrowthMultiplier: 3
12-19 20:13:22.615  3330  4226 I com.miui.home: CheckGCForNative gc_urgency 1.29754 current_native_bytes is 201128443
12-19 20:13:22.615  3330  4226 I com.miui.home: CheckGCForNative requested 1
12-19 20:13:22.615  3330  4226 I cccccc  : getTaskThumbnailInfo: 2460 1.0  10705920
12-19 20:13:22.617  3330  3997 I com.miui.home: CheckGCForNative adj_start_bytes: 43340046 NativeAllocationGcWatermark: 11651444 java_gc_start_bytes: 25862880 kNewNativeDiscountFactor: 2 kOldNativeDiscountFactor: 65536 old_native_bytes: 132638787 new_native_bytes: 57782712 add_bytes_allowed: 34954332 is_gc_concurrent: 1 target_footprint_: 26102690 GetBytesAllocated: 21982242 HeapGrowthMultiplier: 3
12-19 20:13:22.617  3330  3997 I com.miui.home: CheckGCForNative gc_urgency 1.17402 current_native_bytes is 190421499
12-19 20:13:22.617  3330  3997 I com.miui.home: CheckGCForNative requested 1
12-19 20:13:22.660  3330  3330 I cccccc  : getTaskThumbnailInfo: 2460 1.0  10705920
12-19 20:13:22.700  3330  3330 I wm_on_paused_called: [0,71783625,com.miui.home.launcher.Launcher,performPause,3]
12-19 20:13:22.769  3330  3330 I wm_on_stop_called: [0,71783625,com.miui.home.launcher.Launcher,STOP_ACTIVITY_ITEM,20]
12-19 20:13:22.795 12777 12777 I wm_on_start_called: [0,7185839,com.taobao.tao.welcome.Welcome,handleStartActivity,285]
12-19 20:13:22.813  3330  4226 D cccccc  : onTaskStackChangedBackground
12-19 20:13:22.813  3330 12372 D cccccc  : onTaskStackChangedBackground
12-19 20:13:22.974 12777 12777 I wm_on_resume_called: [0,7185839,com.taobao.tao.welcome.Welcome,RESUME_ACTIVITY,159]
12-19 20:13:23.026  3330  3360 I com.miui.home: NativeAlloc concurrent copying GC freed 192784(8150KB) AllocSpace objects, 28(792KB) LOS objects, 49% free, 12MB/25MB, paused 6.009ms,73us total 409.546ms
12-19 20:13:23.129 12777 12777 I wm_on_top_resumed_gained_called: [7185839,com.taobao.tao.welcome.Welcome,topStateChangedWhenResumed]
12-19 20:13:23.135 12777 12777 I wm_on_top_resumed_lost_called: [7185839,com.taobao.tao.welcome.Welcome,topStateChangedWhenResumed]
12-19 20:13:23.244  3330  3999 I cccccc  : getTaskSnapshotInstance:
12-19 20:13:23.249  3330  3999 I com.miui.home: CheckGCForNative gc_urgency 0 current_native_bytes is 132016615
12-19 20:13:23.255  3330  3999 I com.miui.home: CheckGCForNative adj_start_bytes: 44090009 NativeAllocationGcWatermark: 11760332 java_gc_start_bytes: 26449511 kNewNativeDiscountFactor: 2 kOldNativeDiscountFactor: 65536 old_native_bytes: 132016615 new_native_bytes: 10706944 add_bytes_allowed: 35280996 is_gc_concurrent: 1 target_footprint_: 26973799 GetBytesAllocated: 14068710 HeapGrowthMultiplier: 3
12-19 20:13:23.255  3330  3999 I com.miui.home: CheckGCForNative gc_urgency 0.440558 current_native_bytes is 142723559
12-19 20:13:23.256  3330  3999 I cccccc  : getTaskThumbnailInfo: 2460 1.0  10705920
12-19 20:13:23.855  3330  3330 I wm_on_restart_called: [0,71783625,com.miui.home.launcher.Launcher,,0]
12-19 20:13:23.858  3330  3330 I wm_on_start_called: [0,71783625,com.miui.home.launcher.Launcher,handleStartActivity,2]
12-19 20:13:23.883  3330  3330 I wm_on_resume_called: [0,71783625,com.miui.home.launcher.Launcher,RESUME_ACTIVITY,24]
12-19 20:13:23.982  3330  3330 I wm_on_idle_called: com.miui.home.launcher.Launcher
12-19 20:13:24.183  3330  3997 I com.miui.home: CheckGCForNative adj_start_bytes: 43458921 NativeAllocationGcWatermark: 11693902 java_gc_start_bytes: 25918068 kNewNativeDiscountFactor: 2 kOldNativeDiscountFactor: 65536 old_native_bytes: 132019175 new_native_bytes: 11554316 add_bytes_allowed: 35081706 is_gc_concurrent: 1 target_footprint_: 26442356 GetBytesAllocated: 15554062 HeapGrowthMultiplier: 3
12-19 20:13:24.183  3330  3997 I com.miui.home: CheckGCForNative gc_urgency 0.490883 current_native_bytes is 143573491
12-19 20:13:24.184  3330  3330 I com.miui.home: CheckGCForNative adj_start_bytes: 43458921 NativeAllocationGcWatermark: 11693902 java_gc_start_bytes: 25918068 kNewNativeDiscountFactor: 2 kOldNativeDiscountFactor: 65536 old_native_bytes: 132019175 new_native_bytes: 22261580 add_bytes_allowed: 35081706 is_gc_concurrent: 1 target_footprint_: 26442356 GetBytesAllocated: 15562124 HeapGrowthMultiplier: 3
12-19 20:13:24.184  3330  3330 I com.miui.home: CheckGCForNative gc_urgency 0.614257 current_native_bytes is 154280755
12-19 20:13:24.185  3330  3330 I cccccc  : getTaskThumbnailInfo: 2460 1.0  10705920
12-19 20:13:24.189  3330  4226 I com.miui.home: CheckGCForNative adj_start_bytes: 43458921 NativeAllocationGcWatermark: 11693902 java_gc_start_bytes: 25918068 kNewNativeDiscountFactor: 2 kOldNativeDiscountFactor: 65536 old_native_bytes: 132019175 new_native_bytes: 22263628 add_bytes_allowed: 35081706 is_gc_concurrent: 1 target_footprint_: 26442356 GetBytesAllocated: 15562124 HeapGrowthMultiplier: 3
12-19 20:13:24.189  3330  4226 I com.miui.home: CheckGCForNative gc_urgency 0.61428 current_native_bytes is 154282803
12-19 20:13:24.192  3330  4226 I cccccc  : getTaskThumbnailInfo: 2460 1.0  10705920
12-19 20:13:24.200  3330  3766 I com.miui.home: CheckGCForNative adj_start_bytes: 43458921 NativeAllocationGcWatermark: 11693902 java_gc_start_bytes: 25918068 kNewNativeDiscountFactor: 2 kOldNativeDiscountFactor: 65536 old_native_bytes: 132019175 new_native_bytes: 11558156 add_bytes_allowed: 35081706 is_gc_concurrent: 1 target_footprint_: 26442356 GetBytesAllocated: 15582904 HeapGrowthMultiplier: 3
12-19 20:13:24.200  3330  3766 I com.miui.home: CheckGCForNative gc_urgency 0.491591 current_native_bytes is 143577331
12-19 20:13:24.347  3330  3330 I wm_on_top_resumed_gained_called: [71783625,com.miui.home.launcher.Launcher,topStateChangedWhenResumed]
12-19 20:13:24.369  3330  3766 I com.miui.home: CheckGCForNative adj_start_bytes: 43458921 NativeAllocationGcWatermark: 11693902 java_gc_start_bytes: 25918068 kNewNativeDiscountFactor: 2 kOldNativeDiscountFactor: 65536 old_native_bytes: 132019175 new_native_bytes: 11564172 add_bytes_allowed: 35081706 is_gc_concurrent: 1 target_footprint_: 26442356 GetBytesAllocated: 15652573 HeapGrowthMultiplier: 3
12-19 20:13:24.370  3330  3766 I com.miui.home: CheckGCForNative gc_urgency 0.493263 current_native_bytes is 143583347
12-19 20:13:24.526  3330  3766 I com.miui.home: CheckGCForNative adj_start_bytes: 43458921 NativeAllocationGcWatermark: 11693902 java_gc_start_bytes: 25918068 kNewNativeDiscountFactor: 2 kOldNativeDiscountFactor: 65536 old_native_bytes: 132019175 new_native_bytes: 11574220 add_bytes_allowed: 35081706 is_gc_concurrent: 1 target_footprint_: 26442356 GetBytesAllocated: 15711556 HeapGrowthMultiplier: 3
12-19 20:13:24.526  3330  3766 I com.miui.home: CheckGCForNative gc_urgency 0.494736 current_native_bytes is 143593395
12-19 20:13:24.695  3330  3764 I com.miui.home: CheckGCForNative adj_start_bytes: 43458921 NativeAllocationGcWatermark: 11693902 java_gc_start_bytes: 25918068 kNewNativeDiscountFactor: 2 kOldNativeDiscountFactor: 65536 old_native_bytes: 132019175 new_native_bytes: 22268460 add_bytes_allowed: 35081706 is_gc_concurrent: 1 target_footprint_: 26442356 GetBytesAllocated: 15793249 HeapGrowthMultiplier: 3
12-19 20:13:24.695  3330  3764 I com.miui.home: CheckGCForNative gc_urgency 0.619654 current_native_bytes is 154287635
12-19 20:13:24.704  3330 12372 I com.miui.home: CheckGCForNative adj_start_bytes: 43458921 NativeAllocationGcWatermark: 11693902 java_gc_start_bytes: 25918068 kNewNativeDiscountFactor: 2 kOldNativeDiscountFactor: 65536 old_native_bytes: 132019175 new_native_bytes: 32972844 add_bytes_allowed: 35081706 is_gc_concurrent: 1 target_footprint_: 26442356 GetBytesAllocated: 15800031 HeapGrowthMultiplier: 3
12-19 20:13:24.704  3330 12372 I com.miui.home: CheckGCForNative gc_urgency 0.742965 current_native_bytes is 164992019
12-19 20:13:24.704  3330  3764 I com.miui.home: CheckGCForNative adj_start_bytes: 43458921 NativeAllocationGcWatermark: 11693902 java_gc_start_bytes: 25918068 kNewNativeDiscountFactor: 2 kOldNativeDiscountFactor: 65536 old_native_bytes: 132019175 new_native_bytes: 43679788 add_bytes_allowed: 35081706 is_gc_concurrent: 1 target_footprint_: 26442356 GetBytesAllocated: 15800223 HeapGrowthMultiplier: 3
12-19 20:13:24.704  3330  3764 I com.miui.home: CheckGCForNative gc_urgency 0.866154 current_native_bytes is 175698963
12-19 20:13:24.705  3330  3764 I cccccc  : getTaskThumbnailInfo: 2460 1.0  10705920
12-19 20:13:24.705  3330  3330 I cccccc  : getTaskThumbnailInfo: 2460 1.0  10705920
12-19 20:13:25.023 12777 12777 I wm_on_top_resumed_gained_called: [7185839,com.taobao.tao.welcome.Welcome,topStateChangedWhenResumed]
12-19 20:13:25.162  3330  3330 I wm_on_top_resumed_lost_called: [71783625,com.miui.home.launcher.Launcher,topStateChangedWhenResumed]
12-19 20:13:25.185 12777 12777 I wm_on_top_resumed_lost_called: [7185839,com.taobao.tao.welcome.Welcome,topStateChangedWhenResumed]
12-19 20:13:25.239  3330  4226 D cccccc  : onTaskStackChangedBackground
12-19 20:13:25.240  3330  4226 D cccccc  : onTaskStackChangedBackground
12-19 20:13:25.292  3330  3330 I wm_on_paused_called: [0,71783625,com.miui.home.launcher.Launcher,performPause,3]
12-19 20:13:25.480  3330  4226 D cccccc  : onTaskStackChangedBackground
12-19 20:13:25.494  3330  3766 I com.miui.home: CheckGCForNative adj_start_bytes: 43458921 NativeAllocationGcWatermark: 11693902 java_gc_start_bytes: 25918068 kNewNativeDiscountFactor: 2 kOldNativeDiscountFactor: 65536 old_native_bytes: 132019175 new_native_bytes: 22803596 add_bytes_allowed: 35081706 is_gc_concurrent: 1 target_footprint_: 26442356 GetBytesAllocated: 16471364 HeapGrowthMultiplier: 3
12-19 20:13:25.494  3330  3766 I com.miui.home: CheckGCForNative gc_urgency 0.641414 current_native_bytes is 154822771
12-19 20:13:25.508  3330 12372 D cccccc  : onTaskStackChangedBackground
12-19 20:13:25.706  3330  3766 I com.miui.home: CheckGCForNative adj_start_bytes: 43458921 NativeAllocationGcWatermark: 11693902 java_gc_start_bytes: 25918068 kNewNativeDiscountFactor: 2 kOldNativeDiscountFactor: 65536 old_native_bytes: 132019175 new_native_bytes: 22736692 add_bytes_allowed: 35081706 is_gc_concurrent: 1 target_footprint_: 26442356 GetBytesAllocated: 16723085 HeapGrowthMultiplier: 3
12-19 20:13:25.706  3330  3766 I com.miui.home: CheckGCForNative gc_urgency 0.646437 current_native_bytes is 154755867
12-19 20:13:25.784  3330  3766 I com.miui.home: CheckGCForNative adj_start_bytes: 43458921 NativeAllocationGcWatermark: 11693902 java_gc_start_bytes: 25918068 kNewNativeDiscountFactor: 2 kOldNativeDiscountFactor: 65536 old_native_bytes: 132019175 new_native_bytes: 22899592 add_bytes_allowed: 35081706 is_gc_concurrent: 1 target_footprint_: 26442356 GetBytesAllocated: 17059268 HeapGrowthMultiplier: 3
12-19 20:13:25.784  3330  3766 I com.miui.home: CheckGCForNative gc_urgency 0.656047 current_native_bytes is 154918767
12-19 20:13:25.907  3330  3999 I cccccc  : getTaskSnapshotInstance:
12-19 20:13:25.908  3330  3999 I cccccc  : getTaskSnapshotInstance:
12-19 20:13:25.909  3330  3999 I com.miui.home: CheckGCForNative adj_start_bytes: 43458921 NativeAllocationGcWatermark: 11693902 java_gc_start_bytes: 25918068 kNewNativeDiscountFactor: 2 kOldNativeDiscountFactor: 65536 old_native_bytes: 132019175 new_native_bytes: 33690632 add_bytes_allowed: 35081706 is_gc_concurrent: 1 target_footprint_: 26442356 GetBytesAllocated: 17352310 HeapGrowthMultiplier: 3
12-19 20:13:25.909  3330  3999 I com.miui.home: CheckGCForNative gc_urgency 0.786942 current_native_bytes is 165709807
12-19 20:13:25.912  3330  3999 I cccccc  : getTaskThumbnailInfo: 2460 1.0  10705920
12-19 20:13:26.122 11824 11824 I wm_on_create_called: [0,206295370,com.tencent.mm.ui.LauncherUI,performCreate,592]
12-19 20:13:26.160 11824 11824 I wm_on_start_called: [0,206295370,com.tencent.mm.ui.LauncherUI,handleStartActivity,21]
12-19 20:13:26.223  3330  3999 I cccccc  : getTaskSnapshotInstance:
12-19 20:13:26.227 11824 11824 I wm_on_resume_called: [0,206295370,com.tencent.mm.ui.LauncherUI,RESUME_ACTIVITY,64]
12-19 20:13:26.278 11824 11824 I wm_on_top_resumed_gained_called: [206295370,com.tencent.mm.ui.LauncherUI,topStateChangedWhenResumed]
12-19 20:13:26.298 11824 11824 I wm_on_top_resumed_lost_called: [206295370,com.tencent.mm.ui.LauncherUI,topStateChangedWhenResumed]
12-19 20:13:26.305 11824 11824 I wm_on_paused_called: [0,206295370,com.tencent.mm.ui.LauncherUI,performPause,6]
12-19 20:13:26.354  3330  3330 I wm_on_stop_called: [0,71783625,com.miui.home.launcher.Launcher,STOP_ACTIVITY_ITEM,5]
12-19 20:13:26.435  3330 12372 D cccccc  : onTaskStackChangedBackground
12-19 20:13:26.441 11824 11824 I wm_on_create_called: [0,155315836,com.tencent.mm.plugin.account.ui.WelcomeActivity,performCreate,48]
12-19 20:13:26.444 11824 11824 I wm_on_start_called: [0,155315836,com.tencent.mm.plugin.account.ui.WelcomeActivity,handleStartActivity,1]
12-19 20:13:26.446  3330 12372 D cccccc  : onTaskStackChangedBackground
12-19 20:13:26.449 11824 11824 I wm_on_resume_called: [0,155315836,com.tencent.mm.plugin.account.ui.WelcomeActivity,RESUME_ACTIVITY,5]
12-19 20:13:26.459 11824 11824 I wm_on_top_resumed_gained_called: [155315836,com.tencent.mm.plugin.account.ui.WelcomeActivity,topStateChangedWhenResumed]
12-19 20:13:26.491 11824 11824 I wm_on_stop_called: [0,206295370,com.tencent.mm.ui.LauncherUI,STOP_ACTIVITY_ITEM,3]
12-19 20:13:26.644  3330  3999 I com.miui.home: CheckGCForNative gc_urgency 0 current_native_bytes is 121377307
12-19 20:13:26.790  3330  3999 I cccccc  : getTaskSnapshotInstance:
12-19 20:13:26.926 11824 11824 I wm_on_top_resumed_lost_called: [155315836,com.tencent.mm.plugin.account.ui.WelcomeActivity,topStateChangedWhenResumed]
12-19 20:13:26.928  3330  3330 I wm_on_restart_called: [0,71783625,com.miui.home.launcher.Launcher,,0]
12-19 20:13:26.931  3330  3330 I wm_on_start_called: [0,71783625,com.miui.home.launcher.Launcher,handleStartActivity,2]
12-19 20:13:26.960  3330  3330 I wm_on_resume_called: [0,71783625,com.miui.home.launcher.Launcher,RESUME_ACTIVITY,27]
12-19 20:13:27.064  3330  3330 I wm_on_top_resumed_gained_called: [71783625,com.miui.home.launcher.Launcher,topStateChangedWhenResumed]
12-19 20:13:27.070  3330  3330 I wm_on_idle_called: com.miui.home.launcher.Launcher
12-19 20:13:27.142  3330 12372 I com.miui.home: CheckGCForNative adj_start_bytes: 42968463 NativeAllocationGcWatermark: 11621664 java_gc_start_bytes: 25535967 kNewNativeDiscountFactor: 2 kOldNativeDiscountFactor: 65536 old_native_bytes: 121377307 new_native_bytes: 11843496 add_bytes_allowed: 34864992 is_gc_concurrent: 1 target_footprint_: 25864448 GetBytesAllocated: 15738972 HeapGrowthMultiplier: 3
12-19 20:13:27.142  3330 12372 I com.miui.home: CheckGCForNative gc_urgency 0.504151 current_native_bytes is 133220803
12-19 20:13:27.142  3330  3997 I com.miui.home: CheckGCForNative adj_start_bytes: 42968463 NativeAllocationGcWatermark: 11621664 java_gc_start_bytes: 25535967 kNewNativeDiscountFactor: 2 kOldNativeDiscountFactor: 65536 old_native_bytes: 121377307 new_native_bytes: 22549864 add_bytes_allowed: 34864992 is_gc_concurrent: 1 target_footprint_: 25864448 GetBytesAllocated: 15739180 HeapGrowthMultiplier: 3
12-19 20:13:27.142  3330  3997 I com.miui.home: CheckGCForNative gc_urgency 0.628739 current_native_bytes is 143927171
12-19 20:13:27.144  3330  3997 I com.miui.home: CheckGCForNative adj_start_bytes: 42968463 NativeAllocationGcWatermark: 11621664 java_gc_start_bytes: 25535967 kNewNativeDiscountFactor: 2 kOldNativeDiscountFactor: 65536 old_native_bytes: 121377307 new_native_bytes: 33257576 add_bytes_allowed: 34864992 is_gc_concurrent: 1 target_footprint_: 25864448 GetBytesAllocated: 15759108 HeapGrowthMultiplier: 3
12-19 20:13:27.144  3330  3997 I com.miui.home: CheckGCForNative gc_urgency 0.753803 current_native_bytes is 154634883
12-19 20:13:27.144  3330  3330 I com.miui.home: CheckGCForNative adj_start_bytes: 42968463 NativeAllocationGcWatermark: 11621664 java_gc_start_bytes: 25535967 kNewNativeDiscountFactor: 2 kOldNativeDiscountFactor: 65536 old_native_bytes: 121377307 new_native_bytes: 43964520 add_bytes_allowed: 34864992 is_gc_concurrent: 1 target_footprint_: 25864448 GetBytesAllocated: 15759108 HeapGrowthMultiplier: 3
12-19 20:13:27.144  3330  3330 I com.miui.home: CheckGCForNative gc_urgency 0.878394 current_native_bytes is 165341827
12-19 20:13:27.144  3330  3330 I cccccc  : getTaskThumbnailInfo: 2460 1.0  10705920
12-19 20:13:27.145  3330  3997 I cccccc  : getTaskThumbnailInfo: 2460 1.0  10705920
12-19 20:13:27.185  3330  3999 I cccccc  : getTaskSnapshotInstance:
12-19 20:13:27.186  3330  3999 I com.miui.home: CheckGCForNative adj_start_bytes: 42968463 NativeAllocationGcWatermark: 11621664 java_gc_start_bytes: 25535967 kNewNativeDiscountFactor: 2 kOldNativeDiscountFactor: 65536 old_native_bytes: 121377307 new_native_bytes: 33262232 add_bytes_allowed: 34864992 is_gc_concurrent: 1 target_footprint_: 25864448 GetBytesAllocated: 16011011 HeapGrowthMultiplier: 3
12-19 20:13:27.186  3330  3999 I com.miui.home: CheckGCForNative gc_urgency 0.759719 current_native_bytes is 154639539
12-19 20:13:27.187  3330  3999 I cccccc  : getTaskThumbnailInfo: 2460 1.0  10705920
12-19 20:13:27.187  3330  3766 I com.miui.home: CheckGCForNative adj_start_bytes: 42968463 NativeAllocationGcWatermark: 11621664 java_gc_start_bytes: 25535967 kNewNativeDiscountFactor: 2 kOldNativeDiscountFactor: 65536 old_native_bytes: 121377307 new_native_bytes: 22557016 add_bytes_allowed: 34864992 is_gc_concurrent: 1 target_footprint_: 25864448 GetBytesAllocated: 16012407 HeapGrowthMultiplier: 3
12-19 20:13:27.187  3330  3766 I com.miui.home: CheckGCForNative gc_urgency 0.635181 current_native_bytes is 143934323
12-19 20:13:27.232  3330  3766 I com.miui.home: CheckGCForNative adj_start_bytes: 42968463 NativeAllocationGcWatermark: 11621664 java_gc_start_bytes: 25535967 kNewNativeDiscountFactor: 2 kOldNativeDiscountFactor: 65536 old_native_bytes: 121377307 new_native_bytes: 22560248 add_bytes_allowed: 34864992 is_gc_concurrent: 1 target_footprint_: 25864448 GetBytesAllocated: 16014908 HeapGrowthMultiplier: 3
12-19 20:13:27.232  3330  3766 I com.miui.home: CheckGCForNative gc_urgency 0.635277 current_native_bytes is 143937555
12-19 20:13:27.588  3330  3766 I com.miui.home: CheckGCForNative adj_start_bytes: 42968463 NativeAllocationGcWatermark: 11621664 java_gc_start_bytes: 25535967 kNewNativeDiscountFactor: 2 kOldNativeDiscountFactor: 65536 old_native_bytes: 121377307 new_native_bytes: 22625240 add_bytes_allowed: 34864992 is_gc_concurrent: 1 target_footprint_: 25864448 GetBytesAllocated: 16155386 HeapGrowthMultiplier: 3
12-19 20:13:27.588  3330  3766 I com.miui.home: CheckGCForNative gc_urgency 0.639303 current_native_bytes is 144002547
12-19 20:13:27.622  3330  3764 I com.miui.home: CheckGCForNative adj_start_bytes: 42968463 NativeAllocationGcWatermark: 11621664 java_gc_start_bytes: 25535967 kNewNativeDiscountFactor: 2 kOldNativeDiscountFactor: 65536 old_native_bytes: 121377307 new_native_bytes: 33268856 add_bytes_allowed: 34864992 is_gc_concurrent: 1 target_footprint_: 25864448 GetBytesAllocated: 16171204 HeapGrowthMultiplier: 3
12-19 20:13:27.623  3330  3764 I com.miui.home: CheckGCForNative gc_urgency 0.763525 current_native_bytes is 154646163
12-19 20:13:27.623  3330  3764 I com.miui.home: CheckGCForNative adj_start_bytes: 42968463 NativeAllocationGcWatermark: 11621664 java_gc_start_bytes: 25535967 kNewNativeDiscountFactor: 2 kOldNativeDiscountFactor: 65536 old_native_bytes: 121377307 new_native_bytes: 43975800 add_bytes_allowed: 34864992 is_gc_concurrent: 1 target_footprint_: 25864448 GetBytesAllocated: 16183842 HeapGrowthMultiplier: 3
12-19 20:13:27.623  3330  3764 I com.miui.home: CheckGCForNative gc_urgency 0.888409 current_native_bytes is 165353107
12-19 20:13:27.624  3330  3764 I cccccc  : getTaskThumbnailInfo: 2460 1.0  10705920
12-19 20:13:27.625  3330  4226 I com.miui.home: CheckGCForNative adj_start_bytes: 42968463 NativeAllocationGcWatermark: 11621664 java_gc_start_bytes: 25535967 kNewNativeDiscountFactor: 2 kOldNativeDiscountFactor: 65536 old_native_bytes: 121377307 new_native_bytes: 43975800 add_bytes_allowed: 34864992 is_gc_concurrent: 1 target_footprint_: 25864448 GetBytesAllocated: 16183842 HeapGrowthMultiplier: 3
12-19 20:13:27.625  3330  4226 I com.miui.home: CheckGCForNative gc_urgency 0.888409 current_native_bytes is 165353107
12-19 20:13:27.626  3330  3330 I cccccc  : getTaskThumbnailInfo: 2460 1.0  10705920
12-19 20:13:27.661 11824 11824 I wm_on_paused_called: [0,155315836,com.tencent.mm.plugin.account.ui.WelcomeActivity,performPause,5]
12-19 20:13:27.699 11824 11824 I wm_on_idle_called: com.tencent.mm.ui.LauncherUI
12-19 20:13:27.700 11824 11824 I wm_on_idle_called: com.tencent.mm.plugin.account.ui.WelcomeActivity
12-19 20:13:27.727 11824 11824 I wm_on_stop_called: [0,155315836,com.tencent.mm.plugin.account.ui.WelcomeActivity,STOP_ACTIVITY_ITEM,19]
12-19 20:13:27.774  3330  4226 D cccccc  : onTaskStackChangedBackground
12-19 20:13:27.774  3330  3369 D cccccc  : onTaskStackChangedBackground
12-19 20:13:27.896  3330  3999 I cccccc  : getTaskSnapshotInstance:
12-19 20:13:27.897  3330  3999 I com.miui.home: CheckGCForNative adj_start_bytes: 42968463 NativeAllocationGcWatermark: 11621664 java_gc_start_bytes: 25535967 kNewNativeDiscountFactor: 2 kOldNativeDiscountFactor: 65536 old_native_bytes: 121377307 new_native_bytes: 44101412 add_bytes_allowed: 34864992 is_gc_concurrent: 1 target_footprint_: 25864448 GetBytesAllocated: 17059469 HeapGrowthMultiplier: 3
12-19 20:13:27.897  3330  3999 I com.miui.home: CheckGCForNative gc_urgency 0.91025 current_native_bytes is 165478719
12-19 20:13:27.898  3330  3999 I cccccc  : getTaskThumbnailInfo: 2460 1.0  10705920
12-19 20:13:28.175  3330  3330 I wm_on_top_resumed_lost_called: [71783625,com.miui.home.launcher.Launcher,topStateChangedWhenResumed]
12-19 20:13:28.182  3330  3330 I wm_on_paused_called: [0,71783625,com.miui.home.launcher.Launcher,performPause,3]
12-19 20:13:28.230  3330  4226 D cccccc  : onTaskStackChangedBackground
12-19 20:13:28.232  3330  4226 D cccccc  : onTaskStackChangedBackground
12-19 20:13:28.288  3330  3369 D cccccc  : onTaskStackChangedBackground
12-19 20:13:28.309  3330  3369 D cccccc  : onTaskStackChangedBackground
12-19 20:13:28.380  3330  3369 I com.miui.home: CheckGCForNative adj_start_bytes: 42968463 NativeAllocationGcWatermark: 11621664 java_gc_start_bytes: 25535967 kNewNativeDiscountFactor: 2 kOldNativeDiscountFactor: 65536 old_native_bytes: 121377307 new_native_bytes: 33805440 add_bytes_allowed: 34864992 is_gc_concurrent: 1 target_footprint_: 25864448 GetBytesAllocated: 18548079 HeapGrowthMultiplier: 3
12-19 20:13:28.380  3330  3369 I com.miui.home: CheckGCForNative gc_urgency 0.825085 current_native_bytes is 155182747
12-19 20:13:28.457  3330  3766 I com.miui.home: CheckGCForNative adj_start_bytes: 42968463 NativeAllocationGcWatermark: 11621664 java_gc_start_bytes: 25535967 kNewNativeDiscountFactor: 2 kOldNativeDiscountFactor: 65536 old_native_bytes: 121377307 new_native_bytes: 34125464 add_bytes_allowed: 34864992 is_gc_concurrent: 1 target_footprint_: 25864448 GetBytesAllocated: 18775468 HeapGrowthMultiplier: 3
12-19 20:13:28.457  3330  3766 I com.miui.home: CheckGCForNative gc_urgency 0.834101 current_native_bytes is 155502771
12-19 20:13:28.592  3330  3999 I cccccc  : getTaskSnapshotInstance:
12-19 20:13:28.635  3330  3766 I com.miui.home: CheckGCForNative adj_start_bytes: 42968463 NativeAllocationGcWatermark: 11621664 java_gc_start_bytes: 25535967 kNewNativeDiscountFactor: 2 kOldNativeDiscountFactor: 65536 old_native_bytes: 121377307 new_native_bytes: 34453620 add_bytes_allowed: 34864992 is_gc_concurrent: 1 target_footprint_: 25864448 GetBytesAllocated: 19536008 HeapGrowthMultiplier: 3
12-19 20:13:28.635  3330  3766 I com.miui.home: CheckGCForNative gc_urgency 0.85562 current_native_bytes is 155830927
12-19 20:13:28.814  3330  3999 I cccccc  : getTaskSnapshotInstance:
12-19 20:13:28.891  3330  3766 I com.miui.home: CheckGCForNative adj_start_bytes: 42968463 NativeAllocationGcWatermark: 11621664 java_gc_start_bytes: 25535967 kNewNativeDiscountFactor: 2 kOldNativeDiscountFactor: 65536 old_native_bytes: 121377307 new_native_bytes: 34692984 add_bytes_allowed: 34864992 is_gc_concurrent: 1 target_footprint_: 25864448 GetBytesAllocated: 20211395 HeapGrowthMultiplier: 3
12-19 20:13:28.891  3330  3766 I com.miui.home: CheckGCForNative gc_urgency 0.874123 current_native_bytes is 156070291
12-19 20:13:29.015 13722 13722 I wm_on_application_create_called: [0,com.sina.weibo,243]
12-19 20:13:29.247 13722 13722 I wm_on_create_called: [0,248448720,com.sina.weibo.SplashActivity,performCreate,206]
12-19 20:13:29.313 13722 13722 I wm_on_start_called: [0,248448720,com.sina.weibo.SplashActivity,handleStartActivity,66]
12-19 20:13:29.321 13722 13722 I wm_on_resume_called: [0,248448720,com.sina.weibo.SplashActivity,RESUME_ACTIVITY,5]
12-19 20:13:29.370 13722 13722 I wm_on_top_resumed_gained_called: [248448720,com.sina.weibo.SplashActivity,topStateChangedWhenResumed]
12-19 20:13:29.503 13829 13829 I wm_on_application_create_called: [0,com.sina.weibo,213]
12-19 20:13:29.633 13722 13722 I wm_on_top_resumed_lost_called: [248448720,com.sina.weibo.SplashActivity,topStateChangedWhenResumed]
12-19 20:13:29.637 13722 13722 I wm_on_paused_called: [0,248448720,com.sina.weibo.SplashActivity,performPause,1]
12-19 20:13:29.810  3330  3330 I wm_on_resume_called: [0,71783625,com.miui.home.launcher.Launcher,RESUME_ACTIVITY,17]
12-19 20:13:29.828  3330  3330 I com.miui.home: CheckGCForNative adj_start_bytes: 42968463 NativeAllocationGcWatermark: 11621664 java_gc_start_bytes: 25535967 kNewNativeDiscountFactor: 2 kOldNativeDiscountFactor: 65536 old_native_bytes: 121377307 new_native_bytes: 34593556 add_bytes_allowed: 34864992 is_gc_concurrent: 1 target_footprint_: 25864448 GetBytesAllocated: 21008224 HeapGrowthMultiplier: 3
12-19 20:13:29.828  3330  3330 I com.miui.home: CheckGCForNative gc_urgency 0.891511 current_native_bytes is 155970863
12-19 20:13:29.838  3330  3330 I wm_on_idle_called: com.miui.home.launcher.Launcher
12-19 20:13:29.906  3330  3369 D cccccc  : onTaskStackChangedBackground
12-19 20:13:29.916  3330  4226 D cccccc  : onTaskStackChangedBackground
12-19 20:13:29.964  3330 10489 I com.miui.home: CheckGCForNative adj_start_bytes: 42968463 NativeAllocationGcWatermark: 11621664 java_gc_start_bytes: 25535967 kNewNativeDiscountFactor: 2 kOldNativeDiscountFactor: 65536 old_native_bytes: 121377307 new_native_bytes: 45306092 add_bytes_allowed: 34864992 is_gc_concurrent: 1 target_footprint_: 25864448 GetBytesAllocated: 21254835 HeapGrowthMultiplier: 3
12-19 20:13:29.965  3330 10489 I com.miui.home: CheckGCForNative gc_urgency 1.02191 current_native_bytes is 166683399
12-19 20:13:29.965  3330 10489 I com.miui.home: CheckGCForNative requested 1
12-19 20:13:29.967  3330 10489 I com.miui.home: CheckGCForNative adj_start_bytes: 42968463 NativeAllocationGcWatermark: 11621664 java_gc_start_bytes: 25535967 kNewNativeDiscountFactor: 2 kOldNativeDiscountFactor: 65536 old_native_bytes: 121377307 new_native_bytes: 56013036 add_bytes_allowed: 34864992 is_gc_concurrent: 1 target_footprint_: 25864448 GetBytesAllocated: 21258032 HeapGrowthMultiplier: 3
12-19 20:13:29.967  3330 10489 I com.miui.home: CheckGCForNative gc_urgency 1.14657 current_native_bytes is 177390343
12-19 20:13:29.967  3330 10489 I com.miui.home: CheckGCForNative requested 1
12-19 20:13:29.968  3330 10489 I cccccc  : getTaskThumbnailInfo: 2460 1.0  10705920
12-19 20:13:30.003  3330 10489 I com.miui.home: CheckGCForNative adj_start_bytes: 42968463 NativeAllocationGcWatermark: 11621664 java_gc_start_bytes: 25535967 kNewNativeDiscountFactor: 2 kOldNativeDiscountFactor: 65536 old_native_bytes: 121377307 new_native_bytes: 56073700 add_bytes_allowed: 34864992 is_gc_concurrent: 1 target_footprint_: 25864448 GetBytesAllocated: 21303891 HeapGrowthMultiplier: 3
12-19 20:13:30.003  3330 10489 I com.miui.home: CheckGCForNative gc_urgency 1.14834 current_native_bytes is 177451007
12-19 20:13:30.003  3330 10489 I com.miui.home: CheckGCForNative requested 1
12-19 20:13:30.034  3330  3330 I cccccc  : getTaskThumbnailInfo: 2460 1.0  10705920
12-19 20:13:30.102 13722 13722 I wm_on_create_called: [0,162569141,com.sina.weibo.VisitorMainTabActivity,performCreate,345]
12-19 20:13:30.105 13722 13722 I wm_on_start_called: [0,162569141,com.sina.weibo.VisitorMainTabActivity,handleStartActivity,2]
12-19 20:13:30.150  3330  3766 I com.miui.home: CheckGCForNative adj_start_bytes: 42968463 NativeAllocationGcWatermark: 11621664 java_gc_start_bytes: 25535967 kNewNativeDiscountFactor: 2 kOldNativeDiscountFactor: 65536 old_native_bytes: 121377307 new_native_bytes: 45453044 add_bytes_allowed: 34864992 is_gc_concurrent: 1 target_footprint_: 25864448 GetBytesAllocated: 21906088 HeapGrowthMultiplier: 3
12-19 20:13:30.150  3330  3766 I com.miui.home: CheckGCForNative gc_urgency 1.03877 current_native_bytes is 166830351
12-19 20:13:30.150  3330  3766 I com.miui.home: CheckGCForNative requested 1
12-19 20:13:30.190  3330  3360 I com.miui.home: NativeAlloc concurrent copying GC freed 174408(7872KB) AllocSpace objects, 26(680KB) LOS objects, 49% free, 12MB/25MB, paused 1.444ms,265us total 220.985ms
12-19 20:13:30.215  3330  3330 I wm_on_top_resumed_gained_called: [71783625,com.miui.home.launcher.Launcher,topStateChangedWhenResumed]
12-19 20:13:30.336 13722 13722 I wm_on_create_called: [0,0,com.sina.weibo.feed.visitor.VisitorHomeActivity,performCreate,189]
12-19 20:13:30.346 13722 13722 I wm_on_start_called: [0,0,com.sina.weibo.feed.visitor.VisitorHomeActivity,handleStartActivity,8]
12-19 20:13:30.417  3330  3766 I com.miui.home: CheckGCForNative gc_urgency 0 current_native_bytes is 133054783
12-19 20:13:30.430 13722 13722 I wm_on_resume_called: [0,0,com.sina.weibo.feed.visitor.VisitorHomeActivity,moveToState-INITIALIZING,83]
12-19 20:13:30.436  3330  3999 I cccccc  : getTaskSnapshotInstance:
12-19 20:13:30.437  3330  3999 I com.miui.home: CheckGCForNative adj_start_bytes: 43654809 NativeAllocationGcWatermark: 11714522 java_gc_start_bytes: 26083026 kNewNativeDiscountFactor: 2 kOldNativeDiscountFactor: 65536 old_native_bytes: 133054783 new_native_bytes: 10880992 add_bytes_allowed: 35143566 is_gc_concurrent: 1 target_footprint_: 26607314 GetBytesAllocated: 14294367 HeapGrowthMultiplier: 3
12-19 20:13:30.437  3330  3999 I com.miui.home: CheckGCForNative gc_urgency 0.452113 current_native_bytes is 143935775
12-19 20:13:30.438  3330  3999 I cccccc  : getTaskThumbnailInfo: 2460 1.0  10705920
12-19 20:13:30.456  3330 10489 I com.miui.home: CheckGCForNative adj_start_bytes: 43654809 NativeAllocationGcWatermark: 11714522 java_gc_start_bytes: 26083026 kNewNativeDiscountFactor: 2 kOldNativeDiscountFactor: 65536 old_native_bytes: 133054783 new_native_bytes: 10880904 add_bytes_allowed: 35143566 is_gc_concurrent: 1 target_footprint_: 26607314 GetBytesAllocated: 14359621 HeapGrowthMultiplier: 3
12-19 20:13:30.456  3330 10489 I com.miui.home: CheckGCForNative gc_urgency 0.453606 current_native_bytes is 143935687
12-19 20:13:30.459  3330  3764 I com.miui.home: CheckGCForNative adj_start_bytes: 43654809 NativeAllocationGcWatermark: 11714522 java_gc_start_bytes: 26083026 kNewNativeDiscountFactor: 2 kOldNativeDiscountFactor: 65536 old_native_bytes: 133054783 new_native_bytes: 21586952 add_bytes_allowed: 35143566 is_gc_concurrent: 1 target_footprint_: 26607314 GetBytesAllocated: 14359813 HeapGrowthMultiplier: 3
12-19 20:13:30.460  3330  3764 I com.miui.home: CheckGCForNative gc_urgency 0.576232 current_native_bytes is 154641735
12-19 20:13:30.462  3330  3330 I com.miui.home: CheckGCForNative adj_start_bytes: 43654809 NativeAllocationGcWatermark: 11714522 java_gc_start_bytes: 26083026 kNewNativeDiscountFactor: 2 kOldNativeDiscountFactor: 65536 old_native_bytes: 133054783 new_native_bytes: 32290376 add_bytes_allowed: 35143566 is_gc_concurrent: 1 target_footprint_: 26607314 GetBytesAllocated: 14360005 HeapGrowthMultiplier: 3
12-19 20:13:30.462  3330  3330 I com.miui.home: CheckGCForNative gc_urgency 0.698829 current_native_bytes is 165345159
12-19 20:13:30.462  3330  3330 I cccccc  : getTaskThumbnailInfo: 2460 1.0  10705920
12-19 20:13:30.479 13722 13722 I wm_on_resume_called: [0,162569141,com.sina.weibo.VisitorMainTabActivity,RESUME_ACTIVITY,374]
12-19 20:13:30.484  3330  3764 I cccccc  : getTaskThumbnailInfo: 2460 1.0  10705920
12-19 20:13:30.500 13722 13722 I wm_on_top_resumed_gained_called: [162569141,com.sina.weibo.VisitorMainTabActivity,topStateChangedWhenResumed]
12-19 20:13:30.644 13722 13722 I wm_on_top_resumed_lost_called: [162569141,com.sina.weibo.VisitorMainTabActivity,topStateChangedWhenResumed]
12-19 20:13:30.807  3330  3999 I cccccc  : getTaskSnapshotInstance:
12-19 20:13:30.824  3330  3330 I wm_on_top_resumed_lost_called: [71783625,com.miui.home.launcher.Launcher,topStateChangedWhenResumed]
12-19 20:13:30.830  3330  3330 I wm_on_paused_called: [0,71783625,com.miui.home.launcher.Launcher,performPause,4]
12-19 20:13:30.832  3330  4226 D cccccc  : onTaskStackChangedBackground
12-19 20:13:30.837  3330  4226 D cccccc  : onTaskStackChangedBackground
12-19 20:13:30.845  3330  3999 I com.miui.home: CheckGCForNative adj_start_bytes: 43654809 NativeAllocationGcWatermark: 11714522 java_gc_start_bytes: 26083026 kNewNativeDiscountFactor: 2 kOldNativeDiscountFactor: 65536 old_native_bytes: 133054783 new_native_bytes: 21987132 add_bytes_allowed: 35143566 is_gc_concurrent: 1 target_footprint_: 26607314 GetBytesAllocated: 15432054 HeapGrowthMultiplier: 3
12-19 20:13:30.847  3330  3999 I com.miui.home: CheckGCForNative gc_urgency 0.605665 current_native_bytes is 155041915
12-19 20:13:30.871  3330  3999 I cccccc  : getTaskThumbnailInfo: 2460 1.0  10705920
12-19 20:13:30.946  3330  3387 D cccccc  : onTaskStackChangedBackground
12-19 20:13:30.952  3330  3997 D cccccc  : onTaskStackChangedBackground
12-19 20:13:31.074  3330  3766 I com.miui.home: CheckGCForNative adj_start_bytes: 43654809 NativeAllocationGcWatermark: 11714522 java_gc_start_bytes: 26083026 kNewNativeDiscountFactor: 2 kOldNativeDiscountFactor: 65536 old_native_bytes: 133054783 new_native_bytes: 11290316 add_bytes_allowed: 35143566 is_gc_concurrent: 1 target_footprint_: 26607314 GetBytesAllocated: 16158158 HeapGrowthMultiplier: 3
12-19 20:13:31.075  3330  3766 I com.miui.home: CheckGCForNative gc_urgency 0.499495 current_native_bytes is 144345099
12-19 20:13:31.289  3330  3999 I cccccc  : getTaskSnapshotInstance:
12-19 20:13:31.330  3330  3766 I com.miui.home: CheckGCForNative adj_start_bytes: 43654809 NativeAllocationGcWatermark: 11714522 java_gc_start_bytes: 26083026 kNewNativeDiscountFactor: 2 kOldNativeDiscountFactor: 65536 old_native_bytes: 133054783 new_native_bytes: 11680072 add_bytes_allowed: 35143566 is_gc_concurrent: 1 target_footprint_: 26607314 GetBytesAllocated: 16767319 HeapGrowthMultiplier: 3
12-19 20:13:31.331  3330  3766 I com.miui.home: CheckGCForNative gc_urgency 0.517913 current_native_bytes is 144734855
12-19 20:13:31.465  3330  3766 I com.miui.home: CheckGCForNative adj_start_bytes: 43654809 NativeAllocationGcWatermark: 11714522 java_gc_start_bytes: 26083026 kNewNativeDiscountFactor: 2 kOldNativeDiscountFactor: 65536 old_native_bytes: 133054783 new_native_bytes: 11874540 add_bytes_allowed: 35143566 is_gc_concurrent: 1 target_footprint_: 26607314 GetBytesAllocated: 17255633 HeapGrowthMultiplier: 3
12-19 20:13:31.465  3330  3766 I com.miui.home: CheckGCForNative gc_urgency 0.531326 current_native_bytes is 144929323
12-19 20:13:31.610  3330  3999 I cccccc  : getTaskSnapshotInstance:
12-19 20:13:31.816 14048 14048 I wm_on_application_create_called: [0,com.UCMobile,343]
12-19 20:13:32.465 13722 13722 I wm_on_stop_called: [0,248448720,com.sina.weibo.SplashActivity,LIFECYCLER_STOP_ACTIVITY,2]
12-19 20:13:32.466 13722 13722 I wm_on_destroy_called: [0,248448720,com.sina.weibo.SplashActivity,performDestroy,0]
12-19 20:13:32.538 13722 13722 I wm_on_paused_called: [0,0,com.sina.weibo.feed.visitor.VisitorHomeActivity,performPause,47]
12-19 20:13:32.541 13722 13722 I wm_on_paused_called: [0,162569141,com.sina.weibo.VisitorMainTabActivity,performPause,53]
12-19 20:13:32.573 13722 13722 I wm_on_stop_called: [0,0,com.sina.weibo.feed.visitor.VisitorHomeActivity,moveToState-STARTED,27]
12-19 20:13:32.573 13722 13722 I wm_on_stop_called: [0,162569141,com.sina.weibo.VisitorMainTabActivity,STOP_ACTIVITY_ITEM,30]
12-19 20:13:32.856 13722 13722 I wm_on_idle_called: com.sina.weibo.VisitorMainTabActivity
12-19 20:13:32.902  3330  3330 I wm_on_stop_called: [0,71783625,com.miui.home.launcher.Launcher,STOP_ACTIVITY_ITEM,11]
12-19 20:13:32.937 14048 14048 I wm_on_create_called: [0,244865975,com.UCMobile.main.UCMobile,performCreate,1101]
12-19 20:13:33.082  3330  3330 I wm_on_restart_called: [0,71783625,com.miui.home.launcher.Launcher,,0]
12-19 20:13:33.085  3330  3330 I wm_on_start_called: [0,71783625,com.miui.home.launcher.Launcher,handleStartActivity,2]
12-19 20:13:33.107  3330  3330 I wm_on_resume_called: [0,71783625,com.miui.home.launcher.Launcher,RESUME_ACTIVITY,20]
12-19 20:13:33.211  3330  3330 I com.miui.home: CheckGCForNative adj_start_bytes: 43654809 NativeAllocationGcWatermark: 11714522 java_gc_start_bytes: 26083026 kNewNativeDiscountFactor: 2 kOldNativeDiscountFactor: 65536 old_native_bytes: 133054783 new_native_bytes: 11898948 add_bytes_allowed: 35143566 is_gc_concurrent: 1 target_footprint_: 26607314 GetBytesAllocated: 19248253 HeapGrowthMultiplier: 3
12-19 20:13:33.211  3330  3330 I com.miui.home: CheckGCForNative gc_urgency 0.57725 current_native_bytes is 144953731
12-19 20:13:33.276  3330  3330 I wm_on_idle_called: com.miui.home.launcher.Launcher
12-19 20:13:33.369  3330  3387 D cccccc  : onTaskStackChangedBackground
12-19 20:13:33.380  3330  3387 D cccccc  : onTaskStackChangedBackground
12-19 20:13:33.531  3330  3387 I com.miui.home: CheckGCForNative gc_urgency 0 current_native_bytes is 131799823
12-19 20:13:33.532  3330  3330 I com.miui.home: CheckGCForNative adj_start_bytes: 45342506 NativeAllocationGcWatermark: 11892174 java_gc_start_bytes: 27504245 kNewNativeDiscountFactor: 2 kOldNativeDiscountFactor: 65536 old_native_bytes: 131799823 new_native_bytes: 10707232 add_bytes_allowed: 35676522 is_gc_concurrent: 1 target_footprint_: 28028533 GetBytesAllocated: 14152445 HeapGrowthMultiplier: 3
12-19 20:13:33.532  3330  3330 I com.miui.home: CheckGCForNative gc_urgency 0.430238 current_native_bytes is 142507055
12-19 20:13:33.532  3330  3330 I cccccc  : getTaskThumbnailInfo: 2460 1.0  10705920
12-19 20:13:33.533  3330  3997 I com.miui.home: CheckGCForNative adj_start_bytes: 45342506 NativeAllocationGcWatermark: 11892174 java_gc_start_bytes: 27504245 kNewNativeDiscountFactor: 2 kOldNativeDiscountFactor: 65536 old_native_bytes: 131799823 new_native_bytes: 10708064 add_bytes_allowed: 35676522 is_gc_concurrent: 1 target_footprint_: 28028533 GetBytesAllocated: 14152445 HeapGrowthMultiplier: 3
12-19 20:13:33.533  3330  3997 I com.miui.home: CheckGCForNative gc_urgency 0.430247 current_native_bytes is 142507887
12-19 20:13:33.542  3330  3997 I cccccc  : getTaskThumbnailInfo: 2460 1.0  10705920
12-19 20:13:33.598  3330  3330 I wm_on_top_resumed_gained_called: [71783625,com.miui.home.launcher.Launcher,topStateChangedWhenResumed]
12-19 20:13:33.690 14048 14048 I wm_on_create_called: [0,135721078,com.uc.browser.InnerUCMobile,performCreate,269]
12-19 20:13:33.697 14048 14048 I wm_on_start_called: [0,135721078,com.uc.browser.InnerUCMobile,handleStartActivity,7]
12-19 20:13:33.726 14048 14048 I wm_on_resume_called: [0,135721078,com.uc.browser.InnerUCMobile,RESUME_ACTIVITY,21]
12-19 20:13:33.803  3330  3766 I com.miui.home: CheckGCForNative adj_start_bytes: 45342506 NativeAllocationGcWatermark: 11892174 java_gc_start_bytes: 27504245 kNewNativeDiscountFactor: 2 kOldNativeDiscountFactor: 65536 old_native_bytes: 131799823 new_native_bytes: 174112 add_bytes_allowed: 35676522 is_gc_concurrent: 1 target_footprint_: 28028533 GetBytesAllocated: 14390485 HeapGrowthMultiplier: 3
12-19 20:13:33.803  3330  3766 I com.miui.home: CheckGCForNative gc_urgency 0.319337 current_native_bytes is 131973935
12-19 20:13:33.867  3330  3999 I com.miui.home: CheckGCForNative adj_start_bytes: 45342506 NativeAllocationGcWatermark: 11892174 java_gc_start_bytes: 27504245 kNewNativeDiscountFactor: 2 kOldNativeDiscountFactor: 65536 old_native_bytes: 131799823 new_native_bytes: 925724 add_bytes_allowed: 35676522 is_gc_concurrent: 1 target_footprint_: 28028533 GetBytesAllocated: 14500051 HeapGrowthMultiplier: 3
12-19 20:13:33.868  3330  3999 I com.miui.home: CheckGCForNative gc_urgency 0.330042 current_native_bytes is 132725547
12-19 20:13:33.890 14048 14048 I wm_on_top_resumed_gained_called: [135721078,com.uc.browser.InnerUCMobile,topStateChangedWhenResumed]
12-19 20:13:33.891 14048 14048 I wm_on_top_resumed_lost_called: [135721078,com.uc.browser.InnerUCMobile,topStateChangedWhenResumed]
12-19 20:13:34.055  3330  3764 I com.miui.home: CheckGCForNative adj_start_bytes: 45342506 NativeAllocationGcWatermark: 11892174 java_gc_start_bytes: 27504245 kNewNativeDiscountFactor: 2 kOldNativeDiscountFactor: 65536 old_native_bytes: 131799823 new_native_bytes: 11645468 add_bytes_allowed: 35676522 is_gc_concurrent: 1 target_footprint_: 28028533 GetBytesAllocated: 14685076 HeapGrowthMultiplier: 3
12-19 20:13:34.055  3330  3764 I com.miui.home: CheckGCForNative gc_urgency 0.452331 current_native_bytes is 143445291
12-19 20:13:34.059  3330  3764 I com.miui.home: CheckGCForNative adj_start_bytes: 45342506 NativeAllocationGcWatermark: 11892174 java_gc_start_bytes: 27504245 kNewNativeDiscountFactor: 2 kOldNativeDiscountFactor: 65536 old_native_bytes: 131799823 new_native_bytes: 22352412 add_bytes_allowed: 35676522 is_gc_concurrent: 1 target_footprint_: 28028533 GetBytesAllocated: 14691668 HeapGrowthMultiplier: 3
12-19 20:13:34.059  3330  3764 I com.miui.home: CheckGCForNative gc_urgency 0.570544 current_native_bytes is 154152235
12-19 20:13:34.059  3330  3764 I cccccc  : getTaskThumbnailInfo: 2460 1.0  10705920
12-19 20:13:34.062  3330  3387 I com.miui.home: CheckGCForNative adj_start_bytes: 45342506 NativeAllocationGcWatermark: 11892174 java_gc_start_bytes: 27504245 kNewNativeDiscountFactor: 2 kOldNativeDiscountFactor: 65536 old_native_bytes: 131799823 new_native_bytes: 22367132 add_bytes_allowed: 35676522 is_gc_concurrent: 1 target_footprint_: 28028533 GetBytesAllocated: 14691668 HeapGrowthMultiplier: 3
12-19 20:13:34.062  3330  3387 I com.miui.home: CheckGCForNative gc_urgency 0.570706 current_native_bytes is 154166955
12-19 20:13:34.063  3330  3330 I cccccc  : getTaskThumbnailInfo: 2460 1.0  10705920
12-19 20:13:34.361  3330  3330 I wm_on_top_resumed_lost_called: [71783625,com.miui.home.launcher.Launcher,topStateChangedWhenResumed]
12-19 20:13:34.390  3330  3735 I com.miui.home: CheckGCForNative adj_start_bytes: 45342506 NativeAllocationGcWatermark: 11892174 java_gc_start_bytes: 27504245 kNewNativeDiscountFactor: 2 kOldNativeDiscountFactor: 65536 old_native_bytes: 131799823 new_native_bytes: 11600492 add_bytes_allowed: 35676522 is_gc_concurrent: 1 target_footprint_: 28028533 GetBytesAllocated: 15003414 HeapGrowthMultiplier: 3
12-19 20:13:34.391  3330  3735 I com.miui.home: CheckGCForNative gc_urgency 0.458857 current_native_bytes is 143400315
12-19 20:13:34.447  3330  3387 D cccccc  : onTaskStackChangedBackground
12-19 20:13:34.450  3330  3387 D cccccc  : onTaskStackChangedBackground
12-19 20:13:34.617  3330  3330 I wm_on_paused_called: [0,71783625,com.miui.home.launcher.Launcher,performPause,3]
12-19 20:13:34.716  3330  3999 I cccccc  : getTaskSnapshotInstance:
12-19 20:13:34.724  3330  3999 I com.miui.home: CheckGCForNative adj_start_bytes: 45342506 NativeAllocationGcWatermark: 11892174 java_gc_start_bytes: 27504245 kNewNativeDiscountFactor: 2 kOldNativeDiscountFactor: 65536 old_native_bytes: 131799823 new_native_bytes: 22840836 add_bytes_allowed: 35676522 is_gc_concurrent: 1 target_footprint_: 28028533 GetBytesAllocated: 15433085 HeapGrowthMultiplier: 3
12-19 20:13:34.724  3330  3999 I com.miui.home: CheckGCForNative gc_urgency 0.592281 current_native_bytes is 154640659
12-19 20:13:34.725  3330  3999 I cccccc  : getTaskThumbnailInfo: 2460 1.0  10705920
12-19 20:13:34.726  3330  3387 D cccccc  : onTaskStackChangedBackground
12-19 20:13:34.728  3330  3387 D cccccc  : onTaskStackChangedBackground
12-19 20:13:35.095  3330  3766 I com.miui.home: CheckGCForNative adj_start_bytes: 45342506 NativeAllocationGcWatermark: 11892174 java_gc_start_bytes: 27504245 kNewNativeDiscountFactor: 2 kOldNativeDiscountFactor: 65536 old_native_bytes: 131799823 new_native_bytes: 12637520 add_bytes_allowed: 35676522 is_gc_concurrent: 1 target_footprint_: 28028533 GetBytesAllocated: 16265883 HeapGrowthMultiplier: 3
12-19 20:13:35.095  3330  3766 I com.miui.home: CheckGCForNative gc_urgency 0.498134 current_native_bytes is 144437343
12-19 20:13:35.141  3330  3999 I cccccc  : getTaskSnapshotInstance:
12-19 20:13:35.142  3330  3999 I cccccc  : getTaskSnapshotInstance:
12-19 20:13:35.144  3330  3999 I com.miui.home: CheckGCForNative adj_start_bytes: 45342506 NativeAllocationGcWatermark: 11892174 java_gc_start_bytes: 27504245 kNewNativeDiscountFactor: 2 kOldNativeDiscountFactor: 65536 old_native_bytes: 131799823 new_native_bytes: 23342800 add_bytes_allowed: 35676522 is_gc_concurrent: 1 target_footprint_: 28028533 GetBytesAllocated: 16468038 HeapGrowthMultiplier: 3
12-19 20:13:35.144  3330  3999 I com.miui.home: CheckGCForNative gc_urgency 0.620642 current_native_bytes is 155142623
12-19 20:13:35.154  3330  3999 I cccccc  : getTaskThumbnailInfo: 2460 1.0  10705920
12-19 20:13:35.229  3330  3766 I com.miui.home: CheckGCForNative adj_start_bytes: 45342506 NativeAllocationGcWatermark: 11892174 java_gc_start_bytes: 27504245 kNewNativeDiscountFactor: 2 kOldNativeDiscountFactor: 65536 old_native_bytes: 131799823 new_native_bytes: 12646736 add_bytes_allowed: 35676522 is_gc_concurrent: 1 target_footprint_: 28028533 GetBytesAllocated: 16585941 HeapGrowthMultiplier: 3
12-19 20:13:35.229  3330  3766 I com.miui.home: CheckGCForNative gc_urgency 0.505295 current_native_bytes is 144446559
12-19 20:13:35.418  3330  3766 I com.miui.home: CheckGCForNative adj_start_bytes: 45342506 NativeAllocationGcWatermark: 11892174 java_gc_start_bytes: 27504245 kNewNativeDiscountFactor: 2 kOldNativeDiscountFactor: 65536 old_native_bytes: 131799823 new_native_bytes: 12854864 add_bytes_allowed: 35676522 is_gc_concurrent: 1 target_footprint_: 28028533 GetBytesAllocated: 16976037 HeapGrowthMultiplier: 3
12-19 20:13:35.418  3330  3766 I com.miui.home: CheckGCForNative gc_urgency 0.516193 current_native_bytes is 144654687
