12-18 14:09:18.598  3324 10183 I com.miui.home: CheckGCForNative adj_start_bytes: 42168363 NativeAllocationGcWatermark: 11558054 java_gc_start_bytes: 24831282 kNewNativeDiscountFactor: 2 kOldNativeDiscountFactor: 65536 old_native_bytes: 74705659 new_native_bytes: 9975500 add_bytes_allowed: 34674162 is_gc_concurrent: 1 target_footprint_: 25355570 GetBytesAllocated: 13753973 HeapGrowthMultiplier: 3
12-18 14:09:18.598  3324 10183 I com.miui.home: CheckGCForNative gc_urgency 0.444477 current_native_bytes is 84681159
12-18 14:09:18.600  3324 10183 I com.miui.home: CheckGCForNative adj_start_bytes: 42168363 NativeAllocationGcWatermark: 11558054 java_gc_start_bytes: 24831282 kNewNativeDiscountFactor: 2 kOldNativeDiscountFactor: 65536 old_native_bytes: 74705659 new_native_bytes: 20682444 add_bytes_allowed: 34674162 is_gc_concurrent: 1 target_footprint_: 25355570 GetBytesAllocated: 13762572 HeapGrowthMultiplier: 3
12-18 14:09:18.600  3324 10183 I com.miui.home: CheckGCForNative gc_urgency 0.571635 current_native_bytes is 95388103
12-18 14:09:18.602  3324  4102 I com.miui.home: CheckGCForNative adj_start_bytes: 42168363 NativeAllocationGcWatermark: 11558054 java_gc_start_bytes: 24831282 kNewNativeDiscountFactor: 2 kOldNativeDiscountFactor: 65536 old_native_bytes: 74705659 new_native_bytes: 20682892 add_bytes_allowed: 34674162 is_gc_concurrent: 1 target_footprint_: 25355570 GetBytesAllocated: 13778956 HeapGrowthMultiplier: 3
12-18 14:09:18.602  3324  4102 I com.miui.home: CheckGCForNative gc_urgency 0.572029 current_native_bytes is 95388551
12-18 14:09:18.862  3324  3324 I com.miui.home: CheckGCForNative adj_start_bytes: 42168363 NativeAllocationGcWatermark: 11558054 java_gc_start_bytes: 24831282 kNewNativeDiscountFactor: 2 kOldNativeDiscountFactor: 65536 old_native_bytes: 74705659 new_native_bytes: 10230180 add_bytes_allowed: 34674162 is_gc_concurrent: 1 target_footprint_: 25355570 GetBytesAllocated: 13922826 HeapGrowthMultiplier: 3
12-18 14:09:18.862  3324  3324 I com.miui.home: CheckGCForNative gc_urgency 0.451501 current_native_bytes is 84935839
12-18 14:09:18.974 12775 12775 I wm_on_create_called: [0,50456422,com.dragon.read.pages.splash.SplashActivity,performCreate,534]
12-18 14:09:19.013 12775 12775 I wm_on_start_called: [0,50456422,com.dragon.read.pages.splash.SplashActivity,handleStartActivity,22]
12-18 14:09:19.052 12775 12775 I wm_on_resume_called: [0,50456422,com.dragon.read.pages.splash.SplashActivity,RESUME_ACTIVITY,29]
12-18 14:09:19.059 12775 12775 I wm_on_top_resumed_gained_called: [50456422,com.dragon.read.pages.splash.SplashActivity,topStateChangedWhenResumed]
12-18 14:09:19.159  3324  3324 I wm_on_resume_called: [0,208384814,com.miui.home.launcher.Launcher,RESUME_ACTIVITY,19]
12-18 14:09:19.165  3324  3324 I wm_on_idle_called: com.miui.home.launcher.Launcher
12-18 14:09:19.168  3324  3924 I com.miui.home: CheckGCForNative adj_start_bytes: 42168363 NativeAllocationGcWatermark: 11558054 java_gc_start_bytes: 24831282 kNewNativeDiscountFactor: 2 kOldNativeDiscountFactor: 65536 old_native_bytes: 74705659 new_native_bytes: 20980004 add_bytes_allowed: 34674162 is_gc_concurrent: 1 target_footprint_: 25355570 GetBytesAllocated: 14211132 HeapGrowthMultiplier: 3
12-18 14:09:19.168  3324  3924 I com.miui.home: CheckGCForNative gc_urgency 0.585801 current_native_bytes is 95685663
12-18 14:09:19.169  3324  3324 I com.miui.home: CheckGCForNative adj_start_bytes: 42168363 NativeAllocationGcWatermark: 11558054 java_gc_start_bytes: 24831282 kNewNativeDiscountFactor: 2 kOldNativeDiscountFactor: 65536 old_native_bytes: 74705659 new_native_bytes: 31689188 add_bytes_allowed: 34674162 is_gc_concurrent: 1 target_footprint_: 25355570 GetBytesAllocated: 14244092 HeapGrowthMultiplier: 3
12-18 14:09:19.169  3324  3324 I com.miui.home: CheckGCForNative gc_urgency 0.713564 current_native_bytes is 106394847
12-18 14:09:19.191 12775 12775 I wm_on_top_resumed_lost_called: [50456422,com.dragon.read.pages.splash.SplashActivity,topStateChangedWhenResumed]
12-18 14:09:19.194 12775 12775 I wm_on_paused_called: [0,50456422,com.dragon.read.pages.splash.SplashActivity,performPause,2]
12-18 14:09:19.194  3324  3324 I wm_on_top_resumed_gained_called: [208384814,com.miui.home.launcher.Launcher,topStateChangedWhenResumed]
12-18 14:09:19.217 12775 12775 I wm_on_stop_called: [0,50456422,com.dragon.read.pages.splash.SplashActivity,STOP_ACTIVITY_ITEM,2]
12-18 14:09:19.240 12775 12775 I wm_on_idle_called: com.dragon.read.pages.splash.SplashActivity
12-18 14:09:19.396 12233 12233 I wm_on_application_create_called: [0,com.tencent.mm,348]
12-18 14:09:19.559  3324  3324 I wm_on_top_resumed_lost_called: [208384814,com.miui.home.launcher.Launcher,topStateChangedWhenResumed]
12-18 14:09:19.563  3324  3324 I wm_on_paused_called: [0,208384814,com.miui.home.launcher.Launcher,performPause,2]
12-18 14:09:19.625  3324  3798 I com.miui.home: CheckGCForNative adj_start_bytes: 42168363 NativeAllocationGcWatermark: 11558054 java_gc_start_bytes: 24831282 kNewNativeDiscountFactor: 2 kOldNativeDiscountFactor: 65536 old_native_bytes: 74705659 new_native_bytes: 21332016 add_bytes_allowed: 34674162 is_gc_concurrent: 1 target_footprint_: 25355570 GetBytesAllocated: 15258083 HeapGrowthMultiplier: 3
12-18 14:09:19.625  3324  3798 I com.miui.home: CheckGCForNative gc_urgency 0.614803 current_native_bytes is 96037675
12-18 14:09:20.246 12683 12683 I wm_on_application_create_called: [0,com.tencent.mm,1049]
12-18 14:09:20.825 13264 13264 I wm_on_application_create_called: [0,com.taobao.taobao,308]
12-18 14:09:20.970 13303 13303 I wm_on_application_create_called: [0,com.android.providers.downloads.ui,272]
12-18 14:09:20.991 13264 13264 I wm_on_create_called: [0,11970185,com.taobao.tao.welcome.Welcome,performCreate,150]
12-18 14:09:21.073 13264 13264 I wm_on_start_called: [0,11970185,com.taobao.tao.welcome.Welcome,handleStartActivity,82]
12-18 14:09:21.187 13264 13264 I wm_on_resume_called: [0,11970185,com.taobao.tao.welcome.Welcome,RESUME_ACTIVITY,108]
12-18 14:09:21.256 13264 13264 I wm_on_top_resumed_gained_called: [11970185,com.taobao.tao.welcome.Welcome,topStateChangedWhenResumed]
12-18 14:09:21.501  3324  3324 I com.miui.home: CheckGCForNative adj_start_bytes: 42168363 NativeAllocationGcWatermark: 11558054 java_gc_start_bytes: 24831282 kNewNativeDiscountFactor: 2 kOldNativeDiscountFactor: 65536 old_native_bytes: 74705659 new_native_bytes: 20866192 add_bytes_allowed: 34674162 is_gc_concurrent: 1 target_footprint_: 25355570 GetBytesAllocated: 16076955 HeapGrowthMultiplier: 3
12-18 14:09:21.501  3324  3324 I com.miui.home: CheckGCForNative gc_urgency 0.628699 current_native_bytes is 95571851
12-18 14:09:21.605  3324  3395 I com.miui.home: CheckGCForNative adj_start_bytes: 42168363 NativeAllocationGcWatermark: 11558054 java_gc_start_bytes: 24831282 kNewNativeDiscountFactor: 2 kOldNativeDiscountFactor: 65536 old_native_bytes: 74705659 new_native_bytes: 31678752 add_bytes_allowed: 34674162 is_gc_concurrent: 1 target_footprint_: 25355570 GetBytesAllocated: 16160401 HeapGrowthMultiplier: 3
12-18 14:09:21.605  3324  3395 I com.miui.home: CheckGCForNative gc_urgency 0.758884 current_native_bytes is 106384411
12-18 14:09:21.608  3324  4102 I com.miui.home: CheckGCForNative adj_start_bytes: 42168363 NativeAllocationGcWatermark: 11558054 java_gc_start_bytes: 24831282 kNewNativeDiscountFactor: 2 kOldNativeDiscountFactor: 65536 old_native_bytes: 74705659 new_native_bytes: 42384672 add_bytes_allowed: 34674162 is_gc_concurrent: 1 target_footprint_: 25355570 GetBytesAllocated: 16164563 HeapGrowthMultiplier: 3
12-18 14:09:21.608  3324  4102 I com.miui.home: CheckGCForNative gc_urgency 0.885926 current_native_bytes is 117090331
12-18 14:09:21.610  3324  3324 I com.miui.home: CheckGCForNative adj_start_bytes: 42168363 NativeAllocationGcWatermark: 11558054 java_gc_start_bytes: 24831282 kNewNativeDiscountFactor: 2 kOldNativeDiscountFactor: 65536 old_native_bytes: 74705659 new_native_bytes: 53092192 add_bytes_allowed: 34674162 is_gc_concurrent: 1 target_footprint_: 25355570 GetBytesAllocated: 16173946 HeapGrowthMultiplier: 3
12-18 14:09:21.610  3324  3324 I com.miui.home: CheckGCForNative gc_urgency 1.01311 current_native_bytes is 127797851
12-18 14:09:21.610  3324  3324 I com.miui.home: CheckGCForNative requested 1
12-18 14:09:21.767  3324  3361 I com.miui.home: NativeAlloc concurrent copying GC freed 72344(3162KB) AllocSpace objects, 26(688KB) LOS objects, 49% free, 11MB/23MB, paused 377us,76us total 151.401ms
12-18 14:09:21.928  3324  3324 I com.miui.home: CheckGCForNative gc_urgency 0 current_native_bytes is 74523359
12-18 14:09:22.178  3324  3324 I wm_on_resume_called: [0,208384814,com.miui.home.launcher.Launcher,RESUME_ACTIVITY,21]
12-18 14:09:22.183  3324  4102 I com.miui.home: CheckGCForNative adj_start_bytes: 41725479 NativeAllocationGcWatermark: 11470043 java_gc_start_bytes: 24520415 kNewNativeDiscountFactor: 2 kOldNativeDiscountFactor: 65536 old_native_bytes: 74523359 new_native_bytes: 10873536 add_bytes_allowed: 34410129 is_gc_concurrent: 1 target_footprint_: 24651487 GetBytesAllocated: 12731687 HeapGrowthMultiplier: 3
12-18 14:09:22.184  3324  4102 I com.miui.home: CheckGCForNative gc_urgency 0.435456 current_native_bytes is 85396895
12-18 14:09:22.196  3324  3324 I com.miui.home: CheckGCForNative adj_start_bytes: 41725479 NativeAllocationGcWatermark: 11470043 java_gc_start_bytes: 24520415 kNewNativeDiscountFactor: 2 kOldNativeDiscountFactor: 65536 old_native_bytes: 74523359 new_native_bytes: 21582016 add_bytes_allowed: 34410129 is_gc_concurrent: 1 target_footprint_: 24651487 GetBytesAllocated: 12762043 HeapGrowthMultiplier: 3
12-18 14:09:22.196  3324  3324 I com.miui.home: CheckGCForNative gc_urgency 0.564504 current_native_bytes is 96105375
12-18 14:09:22.196  3324  3324 I wm_on_idle_called: com.miui.home.launcher.Launcher
12-18 14:09:22.503  3324  3324 I wm_on_paused_called: [0,208384814,com.miui.home.launcher.Launcher,performPause,3]
12-18 14:09:22.924 12233 12233 I wm_on_create_called: [0,161803919,com.tencent.mm.ui.LauncherUI,performCreate,247]
12-18 14:09:22.950 12233 12233 I wm_on_start_called: [0,161803919,com.tencent.mm.ui.LauncherUI,handleStartActivity,13]
12-18 14:09:23.012 12233 12233 I wm_on_resume_called: [0,161803919,com.tencent.mm.ui.LauncherUI,RESUME_ACTIVITY,57]
12-18 14:09:23.049 12233 12233 I wm_on_top_resumed_gained_called: [161803919,com.tencent.mm.ui.LauncherUI,topStateChangedWhenResumed]
12-18 14:09:23.051 12233 12233 I wm_on_top_resumed_lost_called: [161803919,com.tencent.mm.ui.LauncherUI,topStateChangedWhenResumed]
12-18 14:09:23.062 12233 12233 I wm_on_paused_called: [0,161803919,com.tencent.mm.ui.LauncherUI,performPause,6]
12-18 14:09:23.150 12233 12233 I wm_on_create_called: [0,230035465,com.tencent.mm.plugin.account.ui.WelcomeActivity,performCreate,42]
12-18 14:09:23.153 12233 12233 I wm_on_start_called: [0,230035465,com.tencent.mm.plugin.account.ui.WelcomeActivity,handleStartActivity,2]
12-18 14:09:23.159 12233 12233 I wm_on_resume_called: [0,230035465,com.tencent.mm.plugin.account.ui.WelcomeActivity,RESUME_ACTIVITY,4]
12-18 14:09:23.170 12233 12233 I wm_on_top_resumed_gained_called: [230035465,com.tencent.mm.plugin.account.ui.WelcomeActivity,topStateChangedWhenResumed]
12-18 14:09:23.425  3324  3324 I wm_on_stop_called: [0,208384814,com.miui.home.launcher.Launcher,STOP_ACTIVITY_ITEM,7]
12-18 14:09:23.435 12233 12233 I wm_on_stop_called: [0,161803919,com.tencent.mm.ui.LauncherUI,STOP_ACTIVITY_ITEM,5]
12-18 14:09:24.500  3324  3324 I wm_on_restart_called: [0,208384814,com.miui.home.launcher.Launcher,,0]
12-18 14:09:24.502  3324  3324 I wm_on_start_called: [0,208384814,com.miui.home.launcher.Launcher,handleStartActivity,2]
12-18 14:09:24.532  3324  3324 I com.miui.home: CheckGCForNative adj_start_bytes: 41725479 NativeAllocationGcWatermark: 11470043 java_gc_start_bytes: 24520415 kNewNativeDiscountFactor: 2 kOldNativeDiscountFactor: 65536 old_native_bytes: 74523359 new_native_bytes: 10355332 add_bytes_allowed: 34410129 is_gc_concurrent: 1 target_footprint_: 24651487 GetBytesAllocated: 14971412 HeapGrowthMultiplier: 3
12-18 14:09:24.532  3324  3324 I com.miui.home: CheckGCForNative gc_urgency 0.482924 current_native_bytes is 84878691
12-18 14:09:24.604  3324 10183 I com.miui.home: CheckGCForNative adj_start_bytes: 41725479 NativeAllocationGcWatermark: 11470043 java_gc_start_bytes: 24520415 kNewNativeDiscountFactor: 2 kOldNativeDiscountFactor: 65536 old_native_bytes: 74523359 new_native_bytes: 21107144 add_bytes_allowed: 34410129 is_gc_concurrent: 1 target_footprint_: 24651487 GetBytesAllocated: 15031662 HeapGrowthMultiplier: 3
12-18 14:09:24.604  3324 10183 I com.miui.home: CheckGCForNative gc_urgency 0.613207 current_native_bytes is 95630503
12-18 14:09:24.605  3324  3924 I com.miui.home: CheckGCForNative adj_start_bytes: 41725479 NativeAllocationGcWatermark: 11470043 java_gc_start_bytes: 24520415 kNewNativeDiscountFactor: 2 kOldNativeDiscountFactor: 65536 old_native_bytes: 74523359 new_native_bytes: 31770280 add_bytes_allowed: 34410129 is_gc_concurrent: 1 target_footprint_: 24651487 GetBytesAllocated: 15031854 HeapGrowthMultiplier: 3
12-18 14:09:24.605  3324  3924 I com.miui.home: CheckGCForNative gc_urgency 0.740989 current_native_bytes is 106293639
12-18 14:09:24.607  3324 10183 I com.miui.home: CheckGCForNative adj_start_bytes: 41725479 NativeAllocationGcWatermark: 11470043 java_gc_start_bytes: 24520415 kNewNativeDiscountFactor: 2 kOldNativeDiscountFactor: 65536 old_native_bytes: 74523359 new_native_bytes: 42477736 add_bytes_allowed: 34410129 is_gc_concurrent: 1 target_footprint_: 24651487 GetBytesAllocated: 15039895 HeapGrowthMultiplier: 3
12-18 14:09:24.607  3324  3324 I com.miui.home: CheckGCForNative adj_start_bytes: 41725479 NativeAllocationGcWatermark: 11470043 java_gc_start_bytes: 24520415 kNewNativeDiscountFactor: 2 kOldNativeDiscountFactor: 65536 old_native_bytes: 74523359 new_native_bytes: 53184680 add_bytes_allowed: 34410129 is_gc_concurrent: 1 target_footprint_: 24651487 GetBytesAllocated: 15039895 HeapGrowthMultiplier: 3
12-18 14:09:24.607  3324 10183 I com.miui.home: CheckGCForNative gc_urgency 0.86949 current_native_bytes is 117001095
12-18 14:09:24.607  3324  3324 I com.miui.home: CheckGCForNative gc_urgency 0.997793 current_native_bytes is 127708039
12-18 14:09:24.619  3324  3324 I com.miui.home: CheckGCForNative adj_start_bytes: 41725479 NativeAllocationGcWatermark: 11470043 java_gc_start_bytes: 24520415 kNewNativeDiscountFactor: 2 kOldNativeDiscountFactor: 65536 old_native_bytes: 74523359 new_native_bytes: 31771752 add_bytes_allowed: 34410129 is_gc_concurrent: 1 target_footprint_: 24651487 GetBytesAllocated: 15065636 HeapGrowthMultiplier: 3
12-18 14:09:24.619  3324  3324 I com.miui.home: CheckGCForNative gc_urgency 0.741816 current_native_bytes is 106295111
12-18 14:09:24.976  3324  3324 I com.miui.home: CheckGCForNative adj_start_bytes: 41725479 NativeAllocationGcWatermark: 11470043 java_gc_start_bytes: 24520415 kNewNativeDiscountFactor: 2 kOldNativeDiscountFactor: 65536 old_native_bytes: 74523359 new_native_bytes: 32370776 add_bytes_allowed: 34410129 is_gc_concurrent: 1 target_footprint_: 24651487 GetBytesAllocated: 15200390 HeapGrowthMultiplier: 3
12-18 14:09:24.976  3324  3324 I com.miui.home: CheckGCForNative gc_urgency 0.752224 current_native_bytes is 106894135
12-18 14:09:25.112 12233 12233 I wm_on_top_resumed_lost_called: [230035465,com.tencent.mm.plugin.account.ui.WelcomeActivity,topStateChangedWhenResumed]
12-18 14:09:25.132  3324  3924 I com.miui.home: CheckGCForNative adj_start_bytes: 41725479 NativeAllocationGcWatermark: 11470043 java_gc_start_bytes: 24520415 kNewNativeDiscountFactor: 2 kOldNativeDiscountFactor: 65536 old_native_bytes: 74523359 new_native_bytes: 43147128 add_bytes_allowed: 34410129 is_gc_concurrent: 1 target_footprint_: 24651487 GetBytesAllocated: 15378825 HeapGrowthMultiplier: 3
12-18 14:09:25.132  3324  3924 I com.miui.home: CheckGCForNative gc_urgency 0.885635 current_native_bytes is 117670487
12-18 14:09:25.134 12233 12233 I wm_on_paused_called: [0,230035465,com.tencent.mm.plugin.account.ui.WelcomeActivity,performPause,5]
12-18 14:09:25.139  3324  3324 I wm_on_resume_called: [0,208384814,com.miui.home.launcher.Launcher,RESUME_ACTIVITY,18]
12-18 14:09:25.142  3324  3324 I wm_on_top_resumed_gained_called: [208384814,com.miui.home.launcher.Launcher,topStateChangedWhenResumed]
12-18 14:09:25.145  3324  3324 I com.miui.home: CheckGCForNative adj_start_bytes: 41725479 NativeAllocationGcWatermark: 11470043 java_gc_start_bytes: 24520415 kNewNativeDiscountFactor: 2 kOldNativeDiscountFactor: 65536 old_native_bytes: 74523359 new_native_bytes: 53852408 add_bytes_allowed: 34410129 is_gc_concurrent: 1 target_footprint_: 24651487 GetBytesAllocated: 15465662 HeapGrowthMultiplier: 3
12-18 14:09:25.145  3324  3324 I com.miui.home: CheckGCForNative gc_urgency 1.016 current_native_bytes is 128375767
12-18 14:09:25.145  3324  3324 I com.miui.home: CheckGCForNative requested 1
12-18 14:09:25.148  3324  3324 I wm_on_idle_called: com.miui.home.launcher.Launcher
12-18 14:09:25.165 12233 12233 I wm_on_stop_called: [0,230035465,com.tencent.mm.plugin.account.ui.WelcomeActivity,STOP_ACTIVITY_ITEM,7]
12-18 14:09:25.195 12233 12233 I wm_on_idle_called: com.tencent.mm.ui.LauncherUI
12-18 14:09:25.195 12233 12233 I wm_on_idle_called: com.tencent.mm.plugin.account.ui.WelcomeActivity
12-18 14:09:25.273  3324  3361 I com.miui.home: NativeAlloc concurrent copying GC freed 67550(2795KB) AllocSpace objects, 16(496KB) LOS objects, 49% free, 12MB/24MB, paused 641us,116us total 128.212ms
12-18 14:09:25.491  3324  3324 I wm_on_top_resumed_lost_called: [208384814,com.miui.home.launcher.Launcher,topStateChangedWhenResumed]
12-18 14:09:25.496  3324  3324 I wm_on_paused_called: [0,208384814,com.miui.home.launcher.Launcher,performPause,3]
12-18 14:09:26.163 14032 14032 I wm_on_create_called: [0,252937385,com.sina.weibo.SplashActivity,performCreate,170]
12-18 14:09:26.170 14032 14032 I wm_on_start_called: [0,252937385,com.sina.weibo.SplashActivity,handleStartActivity,5]
12-18 14:09:26.181 14032 14032 I wm_on_resume_called: [0,252937385,com.sina.weibo.SplashActivity,RESUME_ACTIVITY,7]
12-18 14:09:26.204 14032 14032 I wm_on_top_resumed_gained_called: [252937385,com.sina.weibo.SplashActivity,topStateChangedWhenResumed]
12-18 14:09:26.388  3324  3324 I wm_on_stop_called: [0,208384814,com.miui.home.launcher.Launcher,STOP_ACTIVITY_ITEM,5]
12-18 14:09:26.470 14032 14032 I wm_on_idle_called: com.sina.weibo.SplashActivity
12-18 14:09:27.537  3324  3829 I com.miui.home: CheckGCForNative gc_urgency 0 current_native_bytes is 74071023
12-18 14:09:27.557  3324  3324 I wm_on_restart_called: [0,208384814,com.miui.home.launcher.Launcher,,0]
12-18 14:09:27.559  3324  3324 I wm_on_start_called: [0,208384814,com.miui.home.launcher.Launcher,handleStartActivity,2]
12-18 14:09:27.667  3324  3384 I com.miui.home: CheckGCForNative adj_start_bytes: 42502844 NativeAllocationGcWatermark: 11593262 java_gc_start_bytes: 25112951 kNewNativeDiscountFactor: 2 kOldNativeDiscountFactor: 65536 old_native_bytes: 74071023 new_native_bytes: 10827164 add_bytes_allowed: 34779786 is_gc_concurrent: 1 target_footprint_: 25637239 GetBytesAllocated: 14191133 HeapGrowthMultiplier: 3
12-18 14:09:27.667  3324  3384 I com.miui.home: CheckGCForNative gc_urgency 0.461283 current_native_bytes is 84898187
12-18 14:09:27.669  3324  4168 I com.miui.home: CheckGCForNative adj_start_bytes: 42502844 NativeAllocationGcWatermark: 11593262 java_gc_start_bytes: 25112951 kNewNativeDiscountFactor: 2 kOldNativeDiscountFactor: 65536 old_native_bytes: 74071023 new_native_bytes: 21533084 add_bytes_allowed: 34779786 is_gc_concurrent: 1 target_footprint_: 25637239 GetBytesAllocated: 14200220 HeapGrowthMultiplier: 3
12-18 14:09:27.669  3324  3384 I com.miui.home: CheckGCForNative adj_start_bytes: 42502844 NativeAllocationGcWatermark: 11593262 java_gc_start_bytes: 25112951 kNewNativeDiscountFactor: 2 kOldNativeDiscountFactor: 65536 old_native_bytes: 74071023 new_native_bytes: 32240028 add_bytes_allowed: 34779786 is_gc_concurrent: 1 target_footprint_: 25637239 GetBytesAllocated: 14200220 HeapGrowthMultiplier: 3
12-18 14:09:27.669  3324  3384 I com.miui.home: CheckGCForNative gc_urgency 0.713396 current_native_bytes is 106311051
12-18 14:09:27.669  3324  4168 I com.miui.home: CheckGCForNative gc_urgency 0.58744 current_native_bytes is 95604107
12-18 14:09:27.749  3324  3324 I com.miui.home: CheckGCForNative adj_start_bytes: 42502844 NativeAllocationGcWatermark: 11593262 java_gc_start_bytes: 25112951 kNewNativeDiscountFactor: 2 kOldNativeDiscountFactor: 65536 old_native_bytes: 74071023 new_native_bytes: 10975452 add_bytes_allowed: 34779786 is_gc_concurrent: 1 target_footprint_: 25637239 GetBytesAllocated: 14247705 HeapGrowthMultiplier: 3
12-18 14:09:27.749  3324  3324 I com.miui.home: CheckGCForNative gc_urgency 0.464359 current_native_bytes is 85046475
12-18 14:09:28.105  3324  3324 I com.miui.home: CheckGCForNative adj_start_bytes: 42502844 NativeAllocationGcWatermark: 11593262 java_gc_start_bytes: 25112951 kNewNativeDiscountFactor: 2 kOldNativeDiscountFactor: 65536 old_native_bytes: 74071023 new_native_bytes: 11314716 add_bytes_allowed: 34779786 is_gc_concurrent: 1 target_footprint_: 25637239 GetBytesAllocated: 14391449 HeapGrowthMultiplier: 3
12-18 14:09:28.105  3324  3324 I com.miui.home: CheckGCForNative gc_urgency 0.471732 current_native_bytes is 85385739
12-18 14:09:28.164 14032 14032 I wm_on_top_resumed_lost_called: [252937385,com.sina.weibo.SplashActivity,topStateChangedWhenResumed]
12-18 14:09:28.197 14032 14032 I wm_on_paused_called: [0,252937385,com.sina.weibo.SplashActivity,performPause,1]
12-18 14:09:28.202  3324  3324 I wm_on_resume_called: [0,208384814,com.miui.home.launcher.Launcher,RESUME_ACTIVITY,18]
12-18 14:09:28.207  3324  3324 I wm_on_top_resumed_gained_called: [208384814,com.miui.home.launcher.Launcher,topStateChangedWhenResumed]
12-18 14:09:28.215  3324  3384 I com.miui.home: CheckGCForNative adj_start_bytes: 42502844 NativeAllocationGcWatermark: 11593262 java_gc_start_bytes: 25112951 kNewNativeDiscountFactor: 2 kOldNativeDiscountFactor: 65536 old_native_bytes: 74071023 new_native_bytes: 22060316 add_bytes_allowed: 34779786 is_gc_concurrent: 1 target_footprint_: 25637239 GetBytesAllocated: 14612837 HeapGrowthMultiplier: 3
12-18 14:09:28.216  3324  3384 I com.miui.home: CheckGCForNative gc_urgency 0.603351 current_native_bytes is 96131339
12-18 14:09:28.224  3324  3324 I com.miui.home: CheckGCForNative adj_start_bytes: 42502844 NativeAllocationGcWatermark: 11593262 java_gc_start_bytes: 25112951 kNewNativeDiscountFactor: 2 kOldNativeDiscountFactor: 65536 old_native_bytes: 74071023 new_native_bytes: 32767260 add_bytes_allowed: 34779786 is_gc_concurrent: 1 target_footprint_: 25637239 GetBytesAllocated: 14645280 HeapGrowthMultiplier: 3
12-18 14:09:28.224  3324  3324 I com.miui.home: CheckGCForNative gc_urgency 0.73007 current_native_bytes is 106838283
12-18 14:09:28.242  3324  3324 I wm_on_idle_called: com.miui.home.launcher.Launcher
12-18 14:09:28.299 14032 14032 I wm_on_stop_called: [0,252937385,com.sina.weibo.SplashActivity,STOP_ACTIVITY_ITEM,17]
12-18 14:09:28.550  3324  3324 I wm_on_top_resumed_lost_called: [208384814,com.miui.home.launcher.Launcher,topStateChangedWhenResumed]
12-18 14:09:28.555  3324  3324 I wm_on_paused_called: [0,208384814,com.miui.home.launcher.Launcher,performPause,2]
12-18 14:09:28.556  3324  3384 I com.miui.home: CheckGCForNative adj_start_bytes: 42502844 NativeAllocationGcWatermark: 11593262 java_gc_start_bytes: 25112951 kNewNativeDiscountFactor: 2 kOldNativeDiscountFactor: 65536 old_native_bytes: 74071023 new_native_bytes: 22072552 add_bytes_allowed: 34779786 is_gc_concurrent: 1 target_footprint_: 25637239 GetBytesAllocated: 15476767 HeapGrowthMultiplier: 3
12-18 14:09:28.556  3324  3384 I com.miui.home: CheckGCForNative gc_urgency 0.623821 current_native_bytes is 96143575
12-18 14:09:29.772  3324  3324 I wm_on_stop_called: [0,208384814,com.miui.home.launcher.Launcher,STOP_ACTIVITY_ITEM,4]
12-18 14:09:29.966 14198 14198 I wm_on_create_called: [0,139801699,com.UCMobile.main.UCMobile,performCreate,758]
12-18 14:09:30.124 14198 14198 I wm_on_create_called: [0,49359827,com.uc.browser.InnerUCMobile,performCreate,30]
12-18 14:09:30.147 14198 14198 I wm_on_start_called: [0,49359827,com.uc.browser.InnerUCMobile,handleStartActivity,22]
12-18 14:09:30.178 14198 14198 I wm_on_resume_called: [0,49359827,com.uc.browser.InnerUCMobile,RESUME_ACTIVITY,9]
12-18 14:09:30.264 14198 14198 I wm_on_top_resumed_gained_called: [49359827,com.uc.browser.InnerUCMobile,topStateChangedWhenResumed]
12-18 14:09:30.530  3324  3324 I wm_on_restart_called: [0,208384814,com.miui.home.launcher.Launcher,,0]
12-18 14:09:30.532  3324  3324 I wm_on_start_called: [0,208384814,com.miui.home.launcher.Launcher,handleStartActivity,2]
12-18 14:09:30.761  3324  3385 I com.miui.home: CheckGCForNative adj_start_bytes: 42502844 NativeAllocationGcWatermark: 11593262 java_gc_start_bytes: 25112951 kNewNativeDiscountFactor: 2 kOldNativeDiscountFactor: 65536 old_native_bytes: 74071023 new_native_bytes: 32414076 add_bytes_allowed: 34779786 is_gc_concurrent: 1 target_footprint_: 25637239 GetBytesAllocated: 16767927 HeapGrowthMultiplier: 3
12-18 14:09:30.762  3324  3385 I com.miui.home: CheckGCForNative gc_urgency 0.775856 current_native_bytes is 106485099
12-18 14:09:30.763  3324  3385 I com.miui.home: CheckGCForNative adj_start_bytes: 42502844 NativeAllocationGcWatermark: 11593262 java_gc_start_bytes: 25112951 kNewNativeDiscountFactor: 2 kOldNativeDiscountFactor: 65536 old_native_bytes: 74071023 new_native_bytes: 43121020 add_bytes_allowed: 34779786 is_gc_concurrent: 1 target_footprint_: 25637239 GetBytesAllocated: 16776943 HeapGrowthMultiplier: 3
12-18 14:09:30.763  3324  3385 I com.miui.home: CheckGCForNative gc_urgency 0.902024 current_native_bytes is 117192043
12-18 14:09:30.769  3324  3385 I com.miui.home: CheckGCForNative adj_start_bytes: 42502844 NativeAllocationGcWatermark: 11593262 java_gc_start_bytes: 25112951 kNewNativeDiscountFactor: 2 kOldNativeDiscountFactor: 65536 old_native_bytes: 74071023 new_native_bytes: 43123196 add_bytes_allowed: 34779786 is_gc_concurrent: 1 target_footprint_: 25637239 GetBytesAllocated: 16787839 HeapGrowthMultiplier: 3
12-18 14:09:30.769  3324  3385 I com.miui.home: CheckGCForNative gc_urgency 0.902306 current_native_bytes is 117194219
12-18 14:09:30.924  3324  3324 I com.miui.home: CheckGCForNative adj_start_bytes: 42502844 NativeAllocationGcWatermark: 11593262 java_gc_start_bytes: 25112951 kNewNativeDiscountFactor: 2 kOldNativeDiscountFactor: 65536 old_native_bytes: 74071023 new_native_bytes: 32516460 add_bytes_allowed: 34779786 is_gc_concurrent: 1 target_footprint_: 25637239 GetBytesAllocated: 16862843 HeapGrowthMultiplier: 3
12-18 14:09:30.924  3324  3324 I com.miui.home: CheckGCForNative gc_urgency 0.779294 current_native_bytes is 106587483
12-18 14:09:31.322  3324  3798 I com.miui.home: CheckGCForNative adj_start_bytes: 42502844 NativeAllocationGcWatermark: 11593262 java_gc_start_bytes: 25112951 kNewNativeDiscountFactor: 2 kOldNativeDiscountFactor: 65536 old_native_bytes: 74071023 new_native_bytes: 32913460 add_bytes_allowed: 34779786 is_gc_concurrent: 1 target_footprint_: 25637239 GetBytesAllocated: 17080042 HeapGrowthMultiplier: 3
12-18 14:09:31.323  3324  3798 I com.miui.home: CheckGCForNative gc_urgency 0.789074 current_native_bytes is 106984483
12-18 14:09:31.355  3324  3324 I wm_on_resume_called: [0,208384814,com.miui.home.launcher.Launcher,RESUME_ACTIVITY,40]
12-18 14:09:31.386  3324  3384 I com.miui.home: CheckGCForNative adj_start_bytes: 42502844 NativeAllocationGcWatermark: 11593262 java_gc_start_bytes: 25112951 kNewNativeDiscountFactor: 2 kOldNativeDiscountFactor: 65536 old_native_bytes: 74071023 new_native_bytes: 43652372 add_bytes_allowed: 34779786 is_gc_concurrent: 1 target_footprint_: 25637239 GetBytesAllocated: 17209502 HeapGrowthMultiplier: 3
12-18 14:09:31.386  3324  3384 I com.miui.home: CheckGCForNative gc_urgency 0.918452 current_native_bytes is 117723395
12-18 14:09:31.411  3324  3324 I com.miui.home: CheckGCForNative adj_start_bytes: 42502844 NativeAllocationGcWatermark: 11593262 java_gc_start_bytes: 25112951 kNewNativeDiscountFactor: 2 kOldNativeDiscountFactor: 65536 old_native_bytes: 74071023 new_native_bytes: 54407412 add_bytes_allowed: 34779786 is_gc_concurrent: 1 target_footprint_: 25637239 GetBytesAllocated: 17310879 HeapGrowthMultiplier: 3
12-18 14:09:31.411  3324  3324 I com.miui.home: CheckGCForNative gc_urgency 1.04736 current_native_bytes is 128478435
12-18 14:09:31.411  3324  3324 I com.miui.home: CheckGCForNative requested 1
12-18 14:09:31.418  3324  8511 I com.miui.home: CheckGCForNative adj_start_bytes: 42502844 NativeAllocationGcWatermark: 11593262 java_gc_start_bytes: 25112951 kNewNativeDiscountFactor: 2 kOldNativeDiscountFactor: 65536 old_native_bytes: 74071023 new_native_bytes: 43700020 add_bytes_allowed: 34779786 is_gc_concurrent: 1 target_footprint_: 25637239 GetBytesAllocated: 17367042 HeapGrowthMultiplier: 3
12-18 14:09:31.418  3324  8511 I com.miui.home: CheckGCForNative gc_urgency 0.922719 current_native_bytes is 117771043
12-18 14:09:31.635  3324  3324 I wm_on_paused_called: [0,208384814,com.miui.home.launcher.Launcher,performPause,3]
12-18 14:09:31.666  3324  3324 I wm_on_idle_called: com.miui.home.launcher.Launcher
12-18 14:09:31.699  3324  3361 I com.miui.home: NativeAlloc concurrent copying GC freed 104835(4330KB) AllocSpace objects, 28(784KB) LOS objects, 49% free, 12MB/24MB, paused 3.015ms,65us total 287.720ms
12-18 14:09:31.957 14198 14198 I wm_on_top_resumed_lost_called: [49359827,com.uc.browser.InnerUCMobile,topStateChangedWhenResumed]
12-18 14:09:32.341 14604 14604 I wm_on_application_create_called: [0,com.tencent.mm,527]
12-18 14:09:32.584 14696 14696 I wm_on_create_called: [0,76791619,com.tencent.mtt.SplashActivity,performCreate,68]
12-18 14:09:32.713 14696 14696 I wm_on_create_called: [0,1306291,com.tencent.mtt.MainActivity,performCreate,95]
12-18 14:09:32.998 14921 14921 I wm_on_create_called: [0,145139878,com.tencent.mtt.BlockActivity,performCreate,74]
12-18 14:09:33.003 14921 14921 I wm_on_start_called: [0,145139878,com.tencent.mtt.BlockActivity,handleStartActivity,5]
12-18 14:09:33.013 14921 14921 I wm_on_resume_called: [0,145139878,com.tencent.mtt.BlockActivity,RESUME_ACTIVITY,8]
12-18 14:09:33.048 14921 14921 I wm_on_top_resumed_gained_called: [145139878,com.tencent.mtt.BlockActivity,topStateChangedWhenResumed]
12-18 14:09:33.233 14921 14921 I wm_on_idle_called: com.tencent.mtt.BlockActivity
12-18 14:09:33.254 14696 14696 I wm_on_destroy_called: [0,76791619,com.tencent.mtt.SplashActivity,performDestroy,2]
12-18 14:09:33.258 14696 14696 I wm_on_destroy_called: [0,1306291,com.tencent.mtt.MainActivity,performDestroy,3]
12-18 14:09:33.313  3324 10183 I com.miui.home: CheckGCForNative gc_urgency 0 current_native_bytes is 84816627
12-18 14:09:33.314  3324 10183 I com.miui.home: CheckGCForNative adj_start_bytes: 43140518 NativeAllocationGcWatermark: 11660386 java_gc_start_bytes: 25649939 kNewNativeDiscountFactor: 2 kOldNativeDiscountFactor: 65536 old_native_bytes: 84816627 new_native_bytes: 10706944 add_bytes_allowed: 34981158 is_gc_concurrent: 1 target_footprint_: 26174227 GetBytesAllocated: 14052438 HeapGrowthMultiplier: 3
12-18 14:09:33.314  3324 10183 I com.miui.home: CheckGCForNative gc_urgency 0.44986 current_native_bytes is 95523571
12-18 14:09:33.363  3324  3324 I com.miui.home: CheckGCForNative adj_start_bytes: 43140518 NativeAllocationGcWatermark: 11660386 java_gc_start_bytes: 25649939 kNewNativeDiscountFactor: 2 kOldNativeDiscountFactor: 65536 old_native_bytes: 84816627 new_native_bytes: 18000 add_bytes_allowed: 34981158 is_gc_concurrent: 1 target_footprint_: 26174227 GetBytesAllocated: 14080379 HeapGrowthMultiplier: 3
12-18 14:09:33.363  3324  3324 I com.miui.home: CheckGCForNative gc_urgency 0.326623 current_native_bytes is 84834627
12-18 14:09:33.385  3324 10183 I com.miui.home: CheckGCForNative adj_start_bytes: 43140518 NativeAllocationGcWatermark: 11660386 java_gc_start_bytes: 25649939 kNewNativeDiscountFactor: 2 kOldNativeDiscountFactor: 65536 old_native_bytes: 84816627 new_native_bytes: 10762912 add_bytes_allowed: 34981158 is_gc_concurrent: 1 target_footprint_: 26174227 GetBytesAllocated: 14113211 HeapGrowthMultiplier: 3
12-18 14:09:33.385  3324 10183 I com.miui.home: CheckGCForNative gc_urgency 0.451918 current_native_bytes is 95579539
12-18 14:09:33.475  3324  3324 I com.miui.home: CheckGCForNative adj_start_bytes: 43140518 NativeAllocationGcWatermark: 11660386 java_gc_start_bytes: 25649939 kNewNativeDiscountFactor: 2 kOldNativeDiscountFactor: 65536 old_native_bytes: 84816627 new_native_bytes: 151192 add_bytes_allowed: 34981158 is_gc_concurrent: 1 target_footprint_: 26174227 GetBytesAllocated: 14152128 HeapGrowthMultiplier: 3
12-18 14:09:33.475  3324  3324 I com.miui.home: CheckGCForNative gc_urgency 0.32983 current_native_bytes is 84967819
12-18 14:09:33.720  3324  3324 I com.miui.home: CheckGCForNative adj_start_bytes: 43140518 NativeAllocationGcWatermark: 11660386 java_gc_start_bytes: 25649939 kNewNativeDiscountFactor: 2 kOldNativeDiscountFactor: 65536 old_native_bytes: 84816627 new_native_bytes: 379032 add_bytes_allowed: 34981158 is_gc_concurrent: 1 target_footprint_: 26174227 GetBytesAllocated: 14256990 HeapGrowthMultiplier: 3
12-18 14:09:33.720  3324  3324 I com.miui.home: CheckGCForNative gc_urgency 0.334901 current_native_bytes is 85195659
12-18 14:09:33.820 14921 14921 I wm_on_top_resumed_lost_called: [145139878,com.tencent.mtt.BlockActivity,topStateChangedWhenResumed]
12-18 14:09:33.877  3324  3324 I wm_on_resume_called: [0,208384814,com.miui.home.launcher.Launcher,RESUME_ACTIVITY,18]
12-18 14:09:33.882 14921 14921 I wm_on_paused_called: [0,145139878,com.tencent.mtt.BlockActivity,performPause,0]
12-18 14:09:33.883  3324  3324 I wm_on_top_resumed_gained_called: [208384814,com.miui.home.launcher.Launcher,topStateChangedWhenResumed]
12-18 14:09:33.884  3324  3324 I wm_on_idle_called: com.miui.home.launcher.Launcher
12-18 14:09:33.903  3324  3385 I com.miui.home: CheckGCForNative adj_start_bytes: 43140518 NativeAllocationGcWatermark: 11660386 java_gc_start_bytes: 25649939 kNewNativeDiscountFactor: 2 kOldNativeDiscountFactor: 65536 old_native_bytes: 84816627 new_native_bytes: 11102072 add_bytes_allowed: 34981158 is_gc_concurrent: 1 target_footprint_: 26174227 GetBytesAllocated: 14520842 HeapGrowthMultiplier: 3
12-18 14:09:33.903  3324  3385 I com.miui.home: CheckGCForNative gc_urgency 0.465297 current_native_bytes is 95918699
12-18 14:09:33.915  3324  3324 I com.miui.home: CheckGCForNative adj_start_bytes: 43140518 NativeAllocationGcWatermark: 11660386 java_gc_start_bytes: 25649939 kNewNativeDiscountFactor: 2 kOldNativeDiscountFactor: 65536 old_native_bytes: 84816627 new_native_bytes: 21902008 add_bytes_allowed: 34981158 is_gc_concurrent: 1 target_footprint_: 26174227 GetBytesAllocated: 14579023 HeapGrowthMultiplier: 3
12-18 14:09:33.915  3324  3324 I com.miui.home: CheckGCForNative gc_urgency 0.591818 current_native_bytes is 106718635
12-18 14:09:34.044 14921 14921 I wm_on_stop_called: [0,145139878,com.tencent.mtt.BlockActivity,STOP_ACTIVITY_ITEM,73]
12-18 14:09:34.696  3324  3324 I wm_on_top_resumed_lost_called: [208384814,com.miui.home.launcher.Launcher,topStateChangedWhenResumed]
12-18 14:09:34.701  3324  3324 I wm_on_paused_called: [0,208384814,com.miui.home.launcher.Launcher,performPause,3]
12-18 14:09:35.522 15232 15232 I wm_on_application_create_called: [0,com.youku.phone,312]
12-18 14:09:35.710 15232 15232 I wm_on_create_called: [0,158032786,com.youku.phone.ActivityWelcome,performCreate,129]
12-18 14:09:35.940 15232 15232 I wm_on_create_called: [0,247128119,com.youku.v2.HomePageEntry,performCreate,126]
12-18 14:09:36.072 15232 15232 I wm_on_start_called: [0,247128119,com.youku.v2.HomePageEntry,handleStartActivity,131]
12-18 14:09:36.157 15232 15232 I wm_on_resume_called: [0,247128119,com.youku.v2.HomePageEntry,RESUME_ACTIVITY,69]
12-18 14:09:36.187 15232 15232 I wm_on_top_resumed_gained_called: [247128119,com.youku.v2.HomePageEntry,topStateChangedWhenResumed]
12-18 14:09:36.395  3324  3324 I wm_on_stop_called: [0,208384814,com.miui.home.launcher.Launcher,STOP_ACTIVITY_ITEM,4]
12-18 14:09:36.500  3324  3324 I wm_on_restart_called: [0,208384814,com.miui.home.launcher.Launcher,,0]
12-18 14:09:36.502  3324  3324 I wm_on_start_called: [0,208384814,com.miui.home.launcher.Launcher,handleStartActivity,1]
12-18 14:09:36.792  3324 10183 I com.miui.home: CheckGCForNative adj_start_bytes: 43140518 NativeAllocationGcWatermark: 11660386 java_gc_start_bytes: 25649939 kNewNativeDiscountFactor: 2 kOldNativeDiscountFactor: 65536 old_native_bytes: 84816627 new_native_bytes: 21679104 add_bytes_allowed: 34981158 is_gc_concurrent: 1 target_footprint_: 26174227 GetBytesAllocated: 16796181 HeapGrowthMultiplier: 3
12-18 14:09:36.792  3324 10183 I com.miui.home: CheckGCForNative gc_urgency 0.640628 current_native_bytes is 106495731
12-18 14:09:36.796  3324 10183 I com.miui.home: CheckGCForNative adj_start_bytes: 43140518 NativeAllocationGcWatermark: 11660386 java_gc_start_bytes: 25649939 kNewNativeDiscountFactor: 2 kOldNativeDiscountFactor: 65536 old_native_bytes: 84816627 new_native_bytes: 32386048 add_bytes_allowed: 34981158 is_gc_concurrent: 1 target_footprint_: 26174227 GetBytesAllocated: 16802668 HeapGrowthMultiplier: 3
12-18 14:09:36.796  3324 10183 I com.miui.home: CheckGCForNative gc_urgency 0.764872 current_native_bytes is 117202675
12-18 14:09:36.816  3324  4102 I com.miui.home: CheckGCForNative adj_start_bytes: 43140518 NativeAllocationGcWatermark: 11660386 java_gc_start_bytes: 25649939 kNewNativeDiscountFactor: 2 kOldNativeDiscountFactor: 65536 old_native_bytes: 84816627 new_native_bytes: 32391488 add_bytes_allowed: 34981158 is_gc_concurrent: 1 target_footprint_: 26174227 GetBytesAllocated: 16830250 HeapGrowthMultiplier: 3
12-18 14:09:36.816  3324  4102 I com.miui.home: CheckGCForNative gc_urgency 0.765575 current_native_bytes is 117208115
12-18 14:09:36.916  3324  3324 I com.miui.home: CheckGCForNative adj_start_bytes: 43140518 NativeAllocationGcWatermark: 11660386 java_gc_start_bytes: 25649939 kNewNativeDiscountFactor: 2 kOldNativeDiscountFactor: 65536 old_native_bytes: 84816627 new_native_bytes: 21840080 add_bytes_allowed: 34981158 is_gc_concurrent: 1 target_footprint_: 26174227 GetBytesAllocated: 16870710 HeapGrowthMultiplier: 3
12-18 14:09:36.916  3324  3324 I com.miui.home: CheckGCForNative gc_urgency 0.644221 current_native_bytes is 106656707
12-18 14:09:36.961  3324  3324 I com.miui.home: CheckGCForNative adj_start_bytes: 43140518 NativeAllocationGcWatermark: 11660386 java_gc_start_bytes: 25649939 kNewNativeDiscountFactor: 2 kOldNativeDiscountFactor: 65536 old_native_bytes: 84816627 new_native_bytes: 21853392 add_bytes_allowed: 34981158 is_gc_concurrent: 1 target_footprint_: 26174227 GetBytesAllocated: 16886239 HeapGrowthMultiplier: 3
12-18 14:09:36.961  3324  3324 I com.miui.home: CheckGCForNative gc_urgency 0.644736 current_native_bytes is 106670019
12-18 14:09:37.271  3324  3324 I com.miui.home: CheckGCForNative adj_start_bytes: 43140518 NativeAllocationGcWatermark: 11660386 java_gc_start_bytes: 25649939 kNewNativeDiscountFactor: 2 kOldNativeDiscountFactor: 65536 old_native_bytes: 84816627 new_native_bytes: 22096472 add_bytes_allowed: 34981158 is_gc_concurrent: 1 target_footprint_: 26174227 GetBytesAllocated: 17015552 HeapGrowthMultiplier: 3
12-18 14:09:37.271  3324  3324 I com.miui.home: CheckGCForNative gc_urgency 0.65055 current_native_bytes is 106913099
12-18 14:09:37.372  3324  3324 I wm_on_resume_called: [0,208384814,com.miui.home.launcher.Launcher,RESUME_ACTIVITY,18]
12-18 14:09:37.377  3324  3324 I wm_on_idle_called: com.miui.home.launcher.Launcher
12-18 14:09:37.405  3324  4168 I com.miui.home: CheckGCForNative adj_start_bytes: 43140518 NativeAllocationGcWatermark: 11660386 java_gc_start_bytes: 25649939 kNewNativeDiscountFactor: 2 kOldNativeDiscountFactor: 65536 old_native_bytes: 84816627 new_native_bytes: 32844568 add_bytes_allowed: 34981158 is_gc_concurrent: 1 target_footprint_: 26174227 GetBytesAllocated: 17621738 HeapGrowthMultiplier: 3
12-18 14:09:37.405  3324  4168 I com.miui.home: CheckGCForNative gc_urgency 0.789173 current_native_bytes is 117661195
12-18 14:09:37.418  3324  3324 I com.miui.home: CheckGCForNative adj_start_bytes: 43140518 NativeAllocationGcWatermark: 11660386 java_gc_start_bytes: 25649939 kNewNativeDiscountFactor: 2 kOldNativeDiscountFactor: 65536 old_native_bytes: 84816627 new_native_bytes: 43551896 add_bytes_allowed: 34981158 is_gc_concurrent: 1 target_footprint_: 26174227 GetBytesAllocated: 17675565 HeapGrowthMultiplier: 3
12-18 14:09:37.418  3324  3324 I com.miui.home: CheckGCForNative gc_urgency 0.914519 current_native_bytes is 128368523
12-18 14:09:37.656  3324  3324 I wm_on_paused_called: [0,208384814,com.miui.home.launcher.Launcher,performPause,3]
12-18 14:09:37.826 15232 15232 I wm_on_destroy_called: [0,158032786,com.youku.phone.ActivityWelcome,performDestroy,2]
12-18 14:09:38.519 15699 15699 I wm_on_create_called: [0,10191136,com.ucpro.MainActivity,performCreate,64]
12-18 14:09:39.059 15699 15699 I wm_on_create_called: [0,155520453,com.ucpro.BrowserActivity,performCreate,423]
12-18 14:09:39.063 15699 15699 I wm_on_start_called: [0,155520453,com.ucpro.BrowserActivity,handleStartActivity,3]
12-18 14:09:39.072 15699 15699 I wm_on_resume_called: [0,155520453,com.ucpro.BrowserActivity,RESUME_ACTIVITY,7]
12-18 14:09:39.096 15699 15699 I wm_on_top_resumed_gained_called: [155520453,com.ucpro.BrowserActivity,topStateChangedWhenResumed]
12-18 14:09:39.466  3324  3324 I wm_on_stop_called: [0,208384814,com.miui.home.launcher.Launcher,STOP_ACTIVITY_ITEM,9]
12-18 14:09:39.782 15699 15699 I wm_on_destroy_called: [0,10191136,com.ucpro.MainActivity,performDestroy,0]
12-18 14:09:39.989  3324  3324 I wm_on_restart_called: [0,208384814,com.miui.home.launcher.Launcher,,0]
12-18 14:09:39.991  3324  3324 I wm_on_start_called: [0,208384814,com.miui.home.launcher.Launcher,handleStartActivity,2]
12-18 14:09:39.994  3324  3652 I com.miui.home: CheckGCForNative adj_start_bytes: 43140518 NativeAllocationGcWatermark: 11660386 java_gc_start_bytes: 25649939 kNewNativeDiscountFactor: 2 kOldNativeDiscountFactor: 65536 old_native_bytes: 84816627 new_native_bytes: 32313684 add_bytes_allowed: 34981158 is_gc_concurrent: 1 target_footprint_: 26174227 GetBytesAllocated: 19327553 HeapGrowthMultiplier: 3
12-18 14:09:39.994  3324  3652 I com.miui.home: CheckGCForNative gc_urgency 0.82256 current_native_bytes is 117130311
12-18 14:09:40.158  3324  4102 I com.miui.home: CheckGCForNative adj_start_bytes: 43140518 NativeAllocationGcWatermark: 11660386 java_gc_start_bytes: 25649939 kNewNativeDiscountFactor: 2 kOldNativeDiscountFactor: 65536 old_native_bytes: 84816627 new_native_bytes: 43100680 add_bytes_allowed: 34981158 is_gc_concurrent: 1 target_footprint_: 26174227 GetBytesAllocated: 19410554 HeapGrowthMultiplier: 3
12-18 14:09:40.158  3324  4102 I com.miui.home: CheckGCForNative gc_urgency 0.949506 current_native_bytes is 127917307
12-18 14:09:40.159  3324 13260 I com.miui.home: CheckGCForNative adj_start_bytes: 43140518 NativeAllocationGcWatermark: 11660386 java_gc_start_bytes: 25649939 kNewNativeDiscountFactor: 2 kOldNativeDiscountFactor: 65536 old_native_bytes: 84816627 new_native_bytes: 53807048 add_bytes_allowed: 34981158 is_gc_concurrent: 1 target_footprint_: 26174227 GetBytesAllocated: 19410746 HeapGrowthMultiplier: 3
12-18 14:09:40.159  3324 13260 I com.miui.home: CheckGCForNative gc_urgency 1.0736 current_native_bytes is 138623675
12-18 14:09:40.159  3324 13260 I com.miui.home: CheckGCForNative requested 1
12-18 14:09:40.159  3324  4102 I com.miui.home: CheckGCForNative adj_start_bytes: 43140518 NativeAllocationGcWatermark: 11660386 java_gc_start_bytes: 25649939 kNewNativeDiscountFactor: 2 kOldNativeDiscountFactor: 65536 old_native_bytes: 84816627 new_native_bytes: 64515784 add_bytes_allowed: 34981158 is_gc_concurrent: 1 target_footprint_: 26174227 GetBytesAllocated: 19422385 HeapGrowthMultiplier: 3
12-18 14:09:40.159  3324  4102 I com.miui.home: CheckGCForNative gc_urgency 1.19798 current_native_bytes is 149332411
12-18 14:09:40.159  3324  4102 I com.miui.home: CheckGCForNative requested 1
12-18 14:09:40.180  3324  3324 I com.miui.home: CheckGCForNative adj_start_bytes: 43140518 NativeAllocationGcWatermark: 11660386 java_gc_start_bytes: 25649939 kNewNativeDiscountFactor: 2 kOldNativeDiscountFactor: 65536 old_native_bytes: 84816627 new_native_bytes: 43102984 add_bytes_allowed: 34981158 is_gc_concurrent: 1 target_footprint_: 26174227 GetBytesAllocated: 19459683 HeapGrowthMultiplier: 3
12-18 14:09:40.180  3324  3324 I com.miui.home: CheckGCForNative gc_urgency 0.950672 current_native_bytes is 127919611
12-18 14:09:40.270  3324  3361 I com.miui.home: NativeAlloc concurrent copying GC freed 137597(5793KB) AllocSpace objects, 42(1176KB) LOS objects, 49% free, 11MB/23MB, paused 90us,188us total 107.719ms
12-18 14:09:40.331 16045 16045 I wm_on_application_create_called: [0,com.android.providers.downloads,201]
12-18 14:09:40.536  3324  3324 I com.miui.home: CheckGCForNative gc_urgency 0 current_native_bytes is 74391923
12-18 14:09:40.705  3324  3324 I wm_on_resume_called: [0,208384814,com.miui.home.launcher.Launcher,RESUME_ACTIVITY,18]
12-18 14:09:40.711  3324  3324 I wm_on_idle_called: com.miui.home.launcher.Launcher
12-18 14:09:40.720  3324 13260 I com.miui.home: CheckGCForNative adj_start_bytes: 41794538 NativeAllocationGcWatermark: 11477313 java_gc_start_bytes: 24578569 kNewNativeDiscountFactor: 2 kOldNativeDiscountFactor: 65536 old_native_bytes: 74391923 new_native_bytes: 10771312 add_bytes_allowed: 34431939 is_gc_concurrent: 1 target_footprint_: 24709641 GetBytesAllocated: 12793091 HeapGrowthMultiplier: 3
12-18 14:09:40.720  3324 13260 I com.miui.home: CheckGCForNative gc_urgency 0.434982 current_native_bytes is 85163235
12-18 14:09:40.722  3324  3324 I com.miui.home: CheckGCForNative adj_start_bytes: 41794538 NativeAllocationGcWatermark: 11477313 java_gc_start_bytes: 24578569 kNewNativeDiscountFactor: 2 kOldNativeDiscountFactor: 65536 old_native_bytes: 74391923 new_native_bytes: 21475824 add_bytes_allowed: 34431939 is_gc_concurrent: 1 target_footprint_: 24709641 GetBytesAllocated: 12809667 HeapGrowthMultiplier: 3
12-18 14:09:40.723  3324  3324 I com.miui.home: CheckGCForNative gc_urgency 0.56344 current_native_bytes is 95867747
12-18 14:09:41.153  3324  3324 I wm_on_top_resumed_gained_called: [208384814,com.miui.home.launcher.Launcher,topStateChangedWhenResumed]
12-18 14:09:41.290 15699 15699 I wm_on_top_resumed_lost_called: [155520453,com.ucpro.BrowserActivity,topStateChangedWhenResumed]
12-18 14:09:41.452 15699 15699 I wm_on_paused_called: [0,155520453,com.ucpro.BrowserActivity,performPause,161]
12-18 14:09:41.493 15699 15699 I wm_on_stop_called: [0,155520453,com.ucpro.BrowserActivity,STOP_ACTIVITY_ITEM,30]