12-18 14:18:35.852  3313  3313 I wm_on_top_resumed_lost_called: [254275953,com.miui.home.launcher.Launcher,topStateChangedWhenResumed]
12-18 14:18:35.857  3313  3313 I wm_on_paused_called: [0,254275953,com.miui.home.launcher.Launcher,performPause,3]
12-18 14:18:37.228  7909  7909 I wm_on_application_create_called: [0,com.autonavi.minimap,956]
12-18 14:18:37.232  8002  8002 I wm_on_application_create_called: [0,com.autonavi.minimap,543]
12-18 14:18:37.486  7909  7909 I wm_on_create_called: [0,133862477,com.autonavi.map.activity.SplashActivity,performCreate,203]
12-18 14:18:37.684  3313  3377 I com.miui.home: CheckGCForNative adj_start_bytes: 40883418 NativeAllocationGcWatermark: 11381405 java_gc_start_bytes: 23811311 kNewNativeDiscountFactor: 2 kOldNativeDiscountFactor: 65536 old_native_bytes: 58190003 new_native_bytes: 97132 add_bytes_allowed: 34144215 is_gc_concurrent: 1 target_footprint_: 23942383 GetBytesAllocated: 12990928 HeapGrowthMultiplier: 3
12-18 14:18:37.684  3313  3377 I com.miui.home: CheckGCForNative gc_urgency 0.318965 current_native_bytes is 58287135
12-18 14:18:37.763  3313  3377 I com.miui.home: CheckGCForNative adj_start_bytes: 40883418 NativeAllocationGcWatermark: 11381405 java_gc_start_bytes: 23811311 kNewNativeDiscountFactor: 2 kOldNativeDiscountFactor: 65536 old_native_bytes: 58190003 new_native_bytes: 10805772 add_bytes_allowed: 34144215 is_gc_concurrent: 1 target_footprint_: 23942383 GetBytesAllocated: 13028499 HeapGrowthMultiplier: 3
12-18 14:18:37.763  3313  3377 I com.miui.home: CheckGCForNative gc_urgency 0.45085 current_native_bytes is 68995775
12-18 14:18:37.772  3313  3377 I com.miui.home: CheckGCForNative adj_start_bytes: 40883418 NativeAllocationGcWatermark: 11381405 java_gc_start_bytes: 23811311 kNewNativeDiscountFactor: 2 kOldNativeDiscountFactor: 65536 old_native_bytes: 58190003 new_native_bytes: 21512972 add_bytes_allowed: 34144215 is_gc_concurrent: 1 target_footprint_: 23942383 GetBytesAllocated: 13038241 HeapGrowthMultiplier: 3
12-18 14:18:37.772  3313  3377 I com.miui.home: CheckGCForNative gc_urgency 0.582036 current_native_bytes is 79702975
12-18 14:18:37.780  3313  3377 I com.miui.home: CheckGCForNative adj_start_bytes: 40883418 NativeAllocationGcWatermark: 11381405 java_gc_start_bytes: 23811311 kNewNativeDiscountFactor: 2 kOldNativeDiscountFactor: 65536 old_native_bytes: 58190003 new_native_bytes: 21515788 add_bytes_allowed: 34144215 is_gc_concurrent: 1 target_footprint_: 23942383 GetBytesAllocated: 13066247 HeapGrowthMultiplier: 3
12-18 14:18:37.780  3313  3377 I com.miui.home: CheckGCForNative gc_urgency 0.582755 current_native_bytes is 79705791
12-18 14:18:38.005  3313  3313 I com.miui.home: CheckGCForNative adj_start_bytes: 40883418 NativeAllocationGcWatermark: 11381405 java_gc_start_bytes: 23811311 kNewNativeDiscountFactor: 2 kOldNativeDiscountFactor: 65536 old_native_bytes: 58190003 new_native_bytes: 14004092 add_bytes_allowed: 34144215 is_gc_concurrent: 1 target_footprint_: 23942383 GetBytesAllocated: 13227085 HeapGrowthMultiplier: 3
12-18 14:18:38.005  3313  3313 I com.miui.home: CheckGCForNative gc_urgency 0.494822 current_native_bytes is 72194095
12-18 14:18:38.127  3313  3313 I com.miui.home: CheckGCForNative adj_start_bytes: 40883418 NativeAllocationGcWatermark: 11381405 java_gc_start_bytes: 23811311 kNewNativeDiscountFactor: 2 kOldNativeDiscountFactor: 65536 old_native_bytes: 58190003 new_native_bytes: 14539412 add_bytes_allowed: 34144215 is_gc_concurrent: 1 target_footprint_: 23942383 GetBytesAllocated: 13277146 HeapGrowthMultiplier: 3
12-18 14:18:38.127  3313  3313 I com.miui.home: CheckGCForNative gc_urgency 0.502594 current_native_bytes is 72729415
12-18 14:18:38.226  7909  7909 I wm_on_create_called: [0,70409204,com.autonavi.map.activity.NewMapActivity,performCreate,530]
12-18 14:18:38.235  7909  7909 I wm_on_start_called: [0,70409204,com.autonavi.map.activity.NewMapActivity,handleStartActivity,8]
12-18 14:18:38.267  7909  7909 I wm_on_resume_called: [0,70409204,com.autonavi.map.activity.NewMapActivity,RESUME_ACTIVITY,15]
12-18 14:18:38.373  3313  3983 I com.miui.home: CheckGCForNative adj_start_bytes: 40883418 NativeAllocationGcWatermark: 11381405 java_gc_start_bytes: 23811311 kNewNativeDiscountFactor: 2 kOldNativeDiscountFactor: 65536 old_native_bytes: 58190003 new_native_bytes: 25292996 add_bytes_allowed: 34144215 is_gc_concurrent: 1 target_footprint_: 23942383 GetBytesAllocated: 13344048 HeapGrowthMultiplier: 3
12-18 14:18:38.374  3313  3983 I com.miui.home: CheckGCForNative gc_urgency 0.635745 current_native_bytes is 83482999
12-18 14:18:38.376  3313  3313 I com.miui.home: CheckGCForNative adj_start_bytes: 40883418 NativeAllocationGcWatermark: 11381405 java_gc_start_bytes: 23811311 kNewNativeDiscountFactor: 2 kOldNativeDiscountFactor: 65536 old_native_bytes: 58190003 new_native_bytes: 36001380 add_bytes_allowed: 34144215 is_gc_concurrent: 1 target_footprint_: 23942383 GetBytesAllocated: 13351653 HeapGrowthMultiplier: 3
12-18 14:18:38.376  3313  3313 I com.miui.home: CheckGCForNative gc_urgency 0.766894 current_native_bytes is 94191383
12-18 14:18:38.383  7909  7909 I wm_on_top_resumed_gained_called: [70409204,com.autonavi.map.activity.NewMapActivity,topStateChangedWhenResumed]
12-18 14:18:38.384  7909  7909 I wm_on_top_resumed_lost_called: [70409204,com.autonavi.map.activity.NewMapActivity,topStateChangedWhenResumed]
12-18 14:18:38.387  7909  7909 I wm_on_paused_called: [0,70409204,com.autonavi.map.activity.NewMapActivity,performPause,2]
12-18 14:18:38.419  3313  3313 I wm_on_resume_called: [0,254275953,com.miui.home.launcher.Launcher,RESUME_ACTIVITY,24]
12-18 14:18:38.422  3313  3313 I wm_on_top_resumed_gained_called: [254275953,com.miui.home.launcher.Launcher,topWhenResuming]
12-18 14:18:38.500  7909  7909 I wm_on_destroy_called: [0,133862477,com.autonavi.map.activity.SplashActivity,performDestroy,1]
12-18 14:18:38.514  7909  7909 I wm_on_stop_called: [0,70409204,com.autonavi.map.activity.NewMapActivity,STOP_ACTIVITY_ITEM,7]
12-18 14:18:38.530  7909  7909 I wm_on_idle_called: com.autonavi.map.activity.NewMapActivity
12-18 14:18:38.582  3313  3313 I wm_on_top_resumed_lost_called: [254275953,com.miui.home.launcher.Launcher,topStateChangedWhenResumed]
12-18 14:18:38.588  3313  3313 I wm_on_paused_called: [0,254275953,com.miui.home.launcher.Launcher,performPause,3]
12-18 14:18:38.608  3313  3313 I wm_on_idle_called: com.miui.home.launcher.Launcher
12-18 14:18:39.333  8374  8374 I wm_on_create_called: [0,190136647,fm.qingting.qtradio.WelcomeActivity,performCreate,83]
12-18 14:18:39.334  8374  8374 I wm_on_start_called: [0,190136647,fm.qingting.qtradio.WelcomeActivity,handleStartActivity,0]
12-18 14:18:39.340  8374  8374 I wm_on_resume_called: [0,190136647,fm.qingting.qtradio.WelcomeActivity,RESUME_ACTIVITY,5]
12-18 14:18:39.373  8374  8374 I wm_on_top_resumed_gained_called: [190136647,fm.qingting.qtradio.WelcomeActivity,topStateChangedWhenResumed]
12-18 14:18:39.613  3313  3313 I wm_on_stop_called: [0,254275953,com.miui.home.launcher.Launcher,STOP_ACTIVITY_ITEM,6]
12-18 14:18:40.007  8374  8374 I wm_on_idle_called: fm.qingting.qtradio.WelcomeActivity
12-18 14:18:40.101  3313  3313 I wm_on_restart_called: [0,254275953,com.miui.home.launcher.Launcher,,0]
12-18 14:18:40.104  3313  3313 I wm_on_start_called: [0,254275953,com.miui.home.launcher.Launcher,handleStartActivity,2]
12-18 14:18:40.219  3313  3377 I com.miui.home: CheckGCForNative adj_start_bytes: 40883418 NativeAllocationGcWatermark: 11381405 java_gc_start_bytes: 23811311 kNewNativeDiscountFactor: 2 kOldNativeDiscountFactor: 65536 old_native_bytes: 58190003 new_native_bytes: 35907844 add_bytes_allowed: 34144215 is_gc_concurrent: 1 target_footprint_: 23942383 GetBytesAllocated: 15108584 HeapGrowthMultiplier: 3
12-18 14:18:40.219  3313  3377 I com.miui.home: CheckGCForNative gc_urgency 0.808724 current_native_bytes is 94097847
12-18 14:18:40.220  3313  3786 I com.miui.home: CheckGCForNative adj_start_bytes: 40883418 NativeAllocationGcWatermark: 11381405 java_gc_start_bytes: 23811311 kNewNativeDiscountFactor: 2 kOldNativeDiscountFactor: 65536 old_native_bytes: 58190003 new_native_bytes: 46614212 add_bytes_allowed: 34144215 is_gc_concurrent: 1 target_footprint_: 23942383 GetBytesAllocated: 15108776 HeapGrowthMultiplier: 3
12-18 14:18:40.220  3313  3786 I com.miui.home: CheckGCForNative gc_urgency 0.939666 current_native_bytes is 104804215
12-18 14:18:40.222  3313  3313 I com.miui.home: CheckGCForNative adj_start_bytes: 40883418 NativeAllocationGcWatermark: 11381405 java_gc_start_bytes: 23811311 kNewNativeDiscountFactor: 2 kOldNativeDiscountFactor: 65536 old_native_bytes: 58190003 new_native_bytes: 57321316 add_bytes_allowed: 34144215 is_gc_concurrent: 1 target_footprint_: 23942383 GetBytesAllocated: 15112688 HeapGrowthMultiplier: 3
12-18 14:18:40.222  3313  3313 I com.miui.home: CheckGCForNative gc_urgency 1.07071 current_native_bytes is 115511319
12-18 14:18:40.222  3313  3313 I com.miui.home: CheckGCForNative requested 1
12-18 14:18:40.294  3313  3313 I com.miui.home: CheckGCForNative adj_start_bytes: 40883418 NativeAllocationGcWatermark: 11381405 java_gc_start_bytes: 23811311 kNewNativeDiscountFactor: 2 kOldNativeDiscountFactor: 65536 old_native_bytes: 58190003 new_native_bytes: 36485252 add_bytes_allowed: 34144215 is_gc_concurrent: 1 target_footprint_: 23942383 GetBytesAllocated: 15161348 HeapGrowthMultiplier: 3
12-18 14:18:40.294  3313  3313 I com.miui.home: CheckGCForNative gc_urgency 0.817076 current_native_bytes is 94675255
12-18 14:18:40.370  3313  3346 I com.miui.home: NativeAlloc concurrent copying GC freed 59987(2562KB) AllocSpace objects, 9(436KB) LOS objects, 49% free, 11MB/23MB, paused 220us,201us total 148.318ms
12-18 14:18:40.471  3313  3313 I com.miui.home: CheckGCForNative gc_urgency 0 current_native_bytes is 73471767
12-18 14:18:40.648  3313  3313 I com.miui.home: CheckGCForNative adj_start_bytes: 41294547 NativeAllocationGcWatermark: 11424682 java_gc_start_bytes: 24157524 kNewNativeDiscountFactor: 2 kOldNativeDiscountFactor: 65536 old_native_bytes: 73471767 new_native_bytes: 37992 add_bytes_allowed: 34274046 is_gc_concurrent: 1 target_footprint_: 24288596 GetBytesAllocated: 12266833 HeapGrowthMultiplier: 3
12-18 14:18:40.648  3313  3313 I com.miui.home: CheckGCForNative gc_urgency 0.297544 current_native_bytes is 73509759
12-18 14:18:40.746  8374  8374 I wm_on_top_resumed_lost_called: [190136647,fm.qingting.qtradio.WelcomeActivity,topStateChangedWhenResumed]
12-18 14:18:40.800  3313  3313 I wm_on_resume_called: [0,254275953,com.miui.home.launcher.Launcher,RESUME_ACTIVITY,20]
12-18 14:18:40.805  3313  3313 I wm_on_top_resumed_gained_called: [254275953,com.miui.home.launcher.Launcher,topStateChangedWhenResumed]
12-18 14:18:40.806  8374  8374 I wm_on_paused_called: [0,190136647,fm.qingting.qtradio.WelcomeActivity,performPause,3]
12-18 14:18:40.807  3313  3313 I wm_on_idle_called: com.miui.home.launcher.Launcher
12-18 14:18:40.843  3313  3786 I com.miui.home: CheckGCForNative adj_start_bytes: 41294547 NativeAllocationGcWatermark: 11424682 java_gc_start_bytes: 24157524 kNewNativeDiscountFactor: 2 kOldNativeDiscountFactor: 65536 old_native_bytes: 73471767 new_native_bytes: 10837144 add_bytes_allowed: 34274046 is_gc_concurrent: 1 target_footprint_: 24288596 GetBytesAllocated: 12644901 HeapGrowthMultiplier: 3
12-18 14:18:40.844  3313  3786 I com.miui.home: CheckGCForNative gc_urgency 0.437457 current_native_bytes is 84308911
12-18 14:18:40.853  3313  3313 I com.miui.home: CheckGCForNative adj_start_bytes: 41294547 NativeAllocationGcWatermark: 11424682 java_gc_start_bytes: 24157524 kNewNativeDiscountFactor: 2 kOldNativeDiscountFactor: 65536 old_native_bytes: 73471767 new_native_bytes: 21567312 add_bytes_allowed: 34274046 is_gc_concurrent: 1 target_footprint_: 24288596 GetBytesAllocated: 12656068 HeapGrowthMultiplier: 3
12-18 14:18:40.853  3313  3313 I com.miui.home: CheckGCForNative gc_urgency 0.56765 current_native_bytes is 95039079
12-18 14:18:40.958  8374  8374 I wm_on_stop_called: [0,190136647,fm.qingting.qtradio.WelcomeActivity,STOP_ACTIVITY_ITEM,17]
12-18 14:18:41.034  3313  3313 I wm_on_top_resumed_lost_called: [254275953,com.miui.home.launcher.Launcher,topStateChangedWhenResumed]
12-18 14:18:41.038  3313  3313 I wm_on_paused_called: [0,254275953,com.miui.home.launcher.Launcher,performPause,2]
12-18 14:18:41.544  8653  8653 I wm_on_application_create_called: [0,com.xiaomi.bluetooth,584]
12-18 14:18:42.582  8764  8764 I wm_on_application_create_called: [0,com.ss.android.ugc.aweme,352]
12-18 14:18:42.840  3313  3786 I com.miui.home: CheckGCForNative adj_start_bytes: 41294547 NativeAllocationGcWatermark: 11424682 java_gc_start_bytes: 24157524 kNewNativeDiscountFactor: 2 kOldNativeDiscountFactor: 65536 old_native_bytes: 73471767 new_native_bytes: 21330972 add_bytes_allowed: 34274046 is_gc_concurrent: 1 target_footprint_: 24288596 GetBytesAllocated: 14222145 HeapGrowthMultiplier: 3
12-18 14:18:42.840  3313  3786 I com.miui.home: CheckGCForNative gc_urgency 0.602713 current_native_bytes is 94802739
12-18 14:18:42.841  3313  3313 I com.miui.home: CheckGCForNative adj_start_bytes: 41294547 NativeAllocationGcWatermark: 11424682 java_gc_start_bytes: 24157524 kNewNativeDiscountFactor: 2 kOldNativeDiscountFactor: 65536 old_native_bytes: 73471767 new_native_bytes: 32038364 add_bytes_allowed: 34274046 is_gc_concurrent: 1 target_footprint_: 24288596 GetBytesAllocated: 14226997 HeapGrowthMultiplier: 3
12-18 14:18:42.841  3313  3313 I com.miui.home: CheckGCForNative gc_urgency 0.732477 current_native_bytes is 105510131
12-18 14:18:42.841  3313  3840 I com.miui.home: CheckGCForNative adj_start_bytes: 41294547 NativeAllocationGcWatermark: 11424682 java_gc_start_bytes: 24157524 kNewNativeDiscountFactor: 2 kOldNativeDiscountFactor: 65536 old_native_bytes: 73471767 new_native_bytes: 42745820 add_bytes_allowed: 34274046 is_gc_concurrent: 1 target_footprint_: 24288596 GetBytesAllocated: 14226997 HeapGrowthMultiplier: 3
12-18 14:18:42.841  3313  3840 I com.miui.home: CheckGCForNative gc_urgency 0.862124 current_native_bytes is 116217587
12-18 14:18:42.960  3313  3313 I com.miui.home: CheckGCForNative adj_start_bytes: 41294547 NativeAllocationGcWatermark: 11424682 java_gc_start_bytes: 24157524 kNewNativeDiscountFactor: 2 kOldNativeDiscountFactor: 65536 old_native_bytes: 73471767 new_native_bytes: 21457948 add_bytes_allowed: 34274046 is_gc_concurrent: 1 target_footprint_: 24288596 GetBytesAllocated: 14297676 HeapGrowthMultiplier: 3
12-18 14:18:42.960  3313  3313 I com.miui.home: CheckGCForNative gc_urgency 0.606079 current_native_bytes is 94929715
12-18 14:18:43.060  3313  3313 I com.miui.home: CheckGCForNative adj_start_bytes: 41294547 NativeAllocationGcWatermark: 11424682 java_gc_start_bytes: 24157524 kNewNativeDiscountFactor: 2 kOldNativeDiscountFactor: 65536 old_native_bytes: 73471767 new_native_bytes: 21789364 add_bytes_allowed: 34274046 is_gc_concurrent: 1 target_footprint_: 24288596 GetBytesAllocated: 14341933 HeapGrowthMultiplier: 3
12-18 14:18:43.060  3313  3313 I com.miui.home: CheckGCForNative gc_urgency 0.611164 current_native_bytes is 95261131
12-18 14:18:43.256  8764  8764 I wm_on_create_called: [0,245217291,com.ss.android.ugc.aweme.splash.SplashActivity,performCreate,577]
12-18 14:18:43.314  3313  3313 I com.miui.home: CheckGCForNative adj_start_bytes: 41294547 NativeAllocationGcWatermark: 11424682 java_gc_start_bytes: 24157524 kNewNativeDiscountFactor: 2 kOldNativeDiscountFactor: 65536 old_native_bytes: 73471767 new_native_bytes: 22001972 add_bytes_allowed: 34274046 is_gc_concurrent: 1 target_footprint_: 24288596 GetBytesAllocated: 14438305 HeapGrowthMultiplier: 3
12-18 14:18:43.314  3313  3313 I com.miui.home: CheckGCForNative gc_urgency 0.616072 current_native_bytes is 95473739
12-18 14:18:43.400  3313  3313 I wm_on_resume_called: [0,254275953,com.miui.home.launcher.Launcher,RESUME_ACTIVITY,20]
12-18 14:18:43.420  3313  3313 I wm_on_idle_called: com.miui.home.launcher.Launcher
12-18 14:18:43.424  3313  3786 I com.miui.home: CheckGCForNative adj_start_bytes: 41294547 NativeAllocationGcWatermark: 11424682 java_gc_start_bytes: 24157524 kNewNativeDiscountFactor: 2 kOldNativeDiscountFactor: 65536 old_native_bytes: 73471767 new_native_bytes: 32760708 add_bytes_allowed: 34274046 is_gc_concurrent: 1 target_footprint_: 24288596 GetBytesAllocated: 14690247 HeapGrowthMultiplier: 3
12-18 14:18:43.424  3313  3786 I com.miui.home: CheckGCForNative gc_urgency 0.752441 current_native_bytes is 106232475
12-18 14:18:43.489  3313  3313 I com.miui.home: CheckGCForNative adj_start_bytes: 41294547 NativeAllocationGcWatermark: 11424682 java_gc_start_bytes: 24157524 kNewNativeDiscountFactor: 2 kOldNativeDiscountFactor: 65536 old_native_bytes: 73471767 new_native_bytes: 43578392 add_bytes_allowed: 34274046 is_gc_concurrent: 1 target_footprint_: 24288596 GetBytesAllocated: 14832666 HeapGrowthMultiplier: 3
12-18 14:18:43.489  3313  3313 I com.miui.home: CheckGCForNative gc_urgency 0.886902 current_native_bytes is 117050159
12-18 14:18:43.494  3313  3313 I wm_on_paused_called: [0,254275953,com.miui.home.launcher.Launcher,performPause,3]
12-18 14:18:44.104  8764  8764 I wm_on_start_called: [0,245217291,com.ss.android.ugc.aweme.splash.SplashActivity,handleStartActivity,839]
12-18 14:18:44.238  8764  8764 I wm_on_resume_called: [0,245217291,com.ss.android.ugc.aweme.splash.SplashActivity,RESUME_ACTIVITY,122]
12-18 14:18:44.567  9067  9067 I wm_on_create_called: [0,62321112,com.eg.android.AlipayGphone.AlipayLogin,performCreate,107]
12-18 14:18:44.571  9067  9067 I wm_on_start_called: [0,62321112,com.eg.android.AlipayGphone.AlipayLogin,handleStartActivity,4]
12-18 14:18:44.579  9067  9067 I wm_on_resume_called: [0,62321112,com.eg.android.AlipayGphone.AlipayLogin,RESUME_ACTIVITY,6]
12-18 14:18:44.602  9067  9067 I wm_on_top_resumed_gained_called: [62321112,com.eg.android.AlipayGphone.AlipayLogin,topStateChangedWhenResumed]
12-18 14:18:45.347  3313  3377 I com.miui.home: CheckGCForNative adj_start_bytes: 41294547 NativeAllocationGcWatermark: 11424682 java_gc_start_bytes: 24157524 kNewNativeDiscountFactor: 2 kOldNativeDiscountFactor: 65536 old_native_bytes: 73471767 new_native_bytes: 43422088 add_bytes_allowed: 34274046 is_gc_concurrent: 1 target_footprint_: 24288596 GetBytesAllocated: 16363755 HeapGrowthMultiplier: 3
12-18 14:18:45.347  3313  3377 I com.miui.home: CheckGCForNative gc_urgency 0.922057 current_native_bytes is 116893855
12-18 14:18:45.349  3313  3377 I com.miui.home: CheckGCForNative adj_start_bytes: 41294547 NativeAllocationGcWatermark: 11424682 java_gc_start_bytes: 24157524 kNewNativeDiscountFactor: 2 kOldNativeDiscountFactor: 65536 old_native_bytes: 73471767 new_native_bytes: 54129032 add_bytes_allowed: 34274046 is_gc_concurrent: 1 target_footprint_: 24288596 GetBytesAllocated: 16365276 HeapGrowthMultiplier: 3
12-18 14:18:45.349  3313  3377 I com.miui.home: CheckGCForNative gc_urgency 1.05173 current_native_bytes is 127600799
12-18 14:18:45.349  3313  3377 I com.miui.home: CheckGCForNative requested 1
12-18 14:18:45.382  3313  3352 I com.miui.home: CheckGCForNative adj_start_bytes: 41294547 NativeAllocationGcWatermark: 11424682 java_gc_start_bytes: 24157524 kNewNativeDiscountFactor: 2 kOldNativeDiscountFactor: 65536 old_native_bytes: 73471767 new_native_bytes: 54133576 add_bytes_allowed: 34274046 is_gc_concurrent: 1 target_footprint_: 24288596 GetBytesAllocated: 16380431 HeapGrowthMultiplier: 3
12-18 14:18:45.382  3313  3352 I com.miui.home: CheckGCForNative gc_urgency 1.05216 current_native_bytes is 127605343
12-18 14:18:45.382  3313  3352 I com.miui.home: CheckGCForNative requested 1
12-18 14:18:45.551  3313  3313 I com.miui.home: CheckGCForNative adj_start_bytes: 41294547 NativeAllocationGcWatermark: 11424682 java_gc_start_bytes: 24157524 kNewNativeDiscountFactor: 2 kOldNativeDiscountFactor: 65536 old_native_bytes: 73471767 new_native_bytes: 43532320 add_bytes_allowed: 34274046 is_gc_concurrent: 1 target_footprint_: 24288596 GetBytesAllocated: 16497387 HeapGrowthMultiplier: 3
12-18 14:18:45.551  3313  3313 I com.miui.home: CheckGCForNative gc_urgency 0.926628 current_native_bytes is 117004087
12-18 14:18:45.571  3313  3346 I com.miui.home: NativeAlloc concurrent copying GC freed 94446(3897KB) AllocSpace objects, 8(344KB) LOS objects, 49% free, 11MB/23MB, paused 192us,80us total 221.288ms
12-18 14:18:45.594  3313  3313 I com.miui.home: CheckGCForNative gc_urgency 0 current_native_bytes is 74065351
12-18 14:18:45.918  3313  3352 I com.miui.home: CheckGCForNative adj_start_bytes: 41339836 NativeAllocationGcWatermark: 11431283 java_gc_start_bytes: 24192912 kNewNativeDiscountFactor: 2 kOldNativeDiscountFactor: 65536 old_native_bytes: 74065351 new_native_bytes: 10851136 add_bytes_allowed: 34293849 is_gc_concurrent: 1 target_footprint_: 24341407 GetBytesAllocated: 12339757 HeapGrowthMultiplier: 3
12-18 14:18:45.918  3313  3352 I com.miui.home: CheckGCForNative gc_urgency 0.429766 current_native_bytes is 84916487
12-18 14:18:45.919  3313  3313 I com.miui.home: CheckGCForNative adj_start_bytes: 41339836 NativeAllocationGcWatermark: 11431283 java_gc_start_bytes: 24192912 kNewNativeDiscountFactor: 2 kOldNativeDiscountFactor: 65536 old_native_bytes: 74065351 new_native_bytes: 21559008 add_bytes_allowed: 34293849 is_gc_concurrent: 1 target_footprint_: 24341407 GetBytesAllocated: 12345098 HeapGrowthMultiplier: 3
12-18 14:18:45.919  3313  3313 I com.miui.home: CheckGCForNative gc_urgency 0.559406 current_native_bytes is 95624359
12-18 14:18:45.937  9337  9337 I wm_on_application_create_called: [0,com.eg.android.AlipayGphone,280]
12-18 14:18:46.322  3313  3720 I com.miui.home: CheckGCForNative adj_start_bytes: 41339836 NativeAllocationGcWatermark: 11431283 java_gc_start_bytes: 24192912 kNewNativeDiscountFactor: 2 kOldNativeDiscountFactor: 65536 old_native_bytes: 74065351 new_native_bytes: 10926716 add_bytes_allowed: 34293849 is_gc_concurrent: 1 target_footprint_: 24341407 GetBytesAllocated: 12757805 HeapGrowthMultiplier: 3
12-18 14:18:46.322  3313  3720 I com.miui.home: CheckGCForNative gc_urgency 0.440793 current_native_bytes is 84992067
12-18 14:18:46.706  8764  8764 I wm_on_top_resumed_gained_called: [245217291,com.ss.android.ugc.aweme.splash.SplashActivity,topStateChangedWhenResumed]
12-18 14:18:46.801  8764  8764 I wm_on_top_resumed_lost_called: [245217291,com.ss.android.ugc.aweme.splash.SplashActivity,topStateChangedWhenResumed]
12-18 14:18:46.870  8764  8764 I wm_on_paused_called: [0,245217291,com.ss.android.ugc.aweme.splash.SplashActivity,performPause,62]
12-18 14:18:47.269  9664  9664 I wm_on_application_create_called: [0,com.xunmeng.pinduoduo,284]
12-18 14:18:47.356  8764  8764 I wm_on_stop_called: [0,245217291,com.ss.android.ugc.aweme.splash.SplashActivity,STOP_ACTIVITY_ITEM,471]
12-18 14:18:47.585  9664  9664 I wm_on_create_called: [0,63409577,com.xunmeng.pinduoduo.ui.activity.MainFrameActivity,performCreate,149]
12-18 14:18:47.602  9641  9641 I wm_on_application_create_called: [0,com.xiaomi.market,281]
12-18 14:18:47.869  9664  9664 I wm_on_create_called: [0,127850858,com.xunmeng.pinduoduo.ui.activity.HomeActivity,performCreate,154]
12-18 14:18:47.919  9664  9664 I wm_on_start_called: [0,127850858,com.xunmeng.pinduoduo.ui.activity.HomeActivity,handleStartActivity,50]
12-18 14:18:47.961  9664  9664 I wm_on_resume_called: [0,127850858,com.xunmeng.pinduoduo.ui.activity.HomeActivity,RESUME_ACTIVITY,18]
12-18 14:18:48.175  3313  3786 I com.miui.home: CheckGCForNative adj_start_bytes: 41339836 NativeAllocationGcWatermark: 11431283 java_gc_start_bytes: 24192912 kNewNativeDiscountFactor: 2 kOldNativeDiscountFactor: 65536 old_native_bytes: 74065351 new_native_bytes: 21331828 add_bytes_allowed: 34293849 is_gc_concurrent: 1 target_footprint_: 24341407 GetBytesAllocated: 13461377 HeapGrowthMultiplier: 3
12-18 14:18:48.175  3313  3786 I com.miui.home: CheckGCForNative gc_urgency 0.58366 current_native_bytes is 95397179
12-18 14:18:48.187  3313  3786 I com.miui.home: CheckGCForNative adj_start_bytes: 41339836 NativeAllocationGcWatermark: 11431283 java_gc_start_bytes: 24192912 kNewNativeDiscountFactor: 2 kOldNativeDiscountFactor: 65536 old_native_bytes: 74065351 new_native_bytes: 32041076 add_bytes_allowed: 34293849 is_gc_concurrent: 1 target_footprint_: 24341407 GetBytesAllocated: 13470802 HeapGrowthMultiplier: 3
12-18 14:18:48.187  3313  3786 I com.miui.home: CheckGCForNative gc_urgency 0.713415 current_native_bytes is 106106427
12-18 14:18:48.233  9664  9664 I wm_on_top_resumed_gained_called: [127850858,com.xunmeng.pinduoduo.ui.activity.HomeActivity,topStateChangedWhenResumed]
12-18 14:18:48.243  3313  3377 I com.miui.home: CheckGCForNative adj_start_bytes: 41339836 NativeAllocationGcWatermark: 11431283 java_gc_start_bytes: 24192912 kNewNativeDiscountFactor: 2 kOldNativeDiscountFactor: 65536 old_native_bytes: 74065351 new_native_bytes: 32104132 add_bytes_allowed: 34293849 is_gc_concurrent: 1 target_footprint_: 24341407 GetBytesAllocated: 13518832 HeapGrowthMultiplier: 3
12-18 14:18:48.243  3313  3377 I com.miui.home: CheckGCForNative gc_urgency 0.71534 current_native_bytes is 106169483
12-18 14:18:48.416  3313  3313 I com.miui.home: CheckGCForNative adj_start_bytes: 41339836 NativeAllocationGcWatermark: 11431283 java_gc_start_bytes: 24192912 kNewNativeDiscountFactor: 2 kOldNativeDiscountFactor: 65536 old_native_bytes: 74065351 new_native_bytes: 21541444 add_bytes_allowed: 34293849 is_gc_concurrent: 1 target_footprint_: 24341407 GetBytesAllocated: 13582766 HeapGrowthMultiplier: 3
12-18 14:18:48.416  3313  3313 I com.miui.home: CheckGCForNative gc_urgency 0.589132 current_native_bytes is 95606795
12-18 14:18:48.516  3313  3313 I com.miui.home: CheckGCForNative adj_start_bytes: 41339836 NativeAllocationGcWatermark: 11431283 java_gc_start_bytes: 24192912 kNewNativeDiscountFactor: 2 kOldNativeDiscountFactor: 65536 old_native_bytes: 74065351 new_native_bytes: 21599460 add_bytes_allowed: 34293849 is_gc_concurrent: 1 target_footprint_: 24341407 GetBytesAllocated: 13634543 HeapGrowthMultiplier: 3
12-18 14:18:48.516  3313  3313 I com.miui.home: CheckGCForNative gc_urgency 0.591086 current_native_bytes is 95664811
12-18 14:18:48.786  3313  3313 I wm_on_resume_called: [0,254275953,com.miui.home.launcher.Launcher,RESUME_ACTIVITY,24]
12-18 14:18:48.801  3313  3313 I wm_on_idle_called: com.miui.home.launcher.Launcher
12-18 14:18:48.856  3313  3352 I com.miui.home: CheckGCForNative adj_start_bytes: 41339836 NativeAllocationGcWatermark: 11431283 java_gc_start_bytes: 24192912 kNewNativeDiscountFactor: 2 kOldNativeDiscountFactor: 65536 old_native_bytes: 74065351 new_native_bytes: 32552344 add_bytes_allowed: 34293849 is_gc_concurrent: 1 target_footprint_: 24341407 GetBytesAllocated: 14036470 HeapGrowthMultiplier: 3
12-18 14:18:48.856  3313  3352 I com.miui.home: CheckGCForNative gc_urgency 0.733282 current_native_bytes is 106617695
12-18 14:18:48.906  3313  3313 I com.miui.home: CheckGCForNative adj_start_bytes: 41339836 NativeAllocationGcWatermark: 11431283 java_gc_start_bytes: 24192912 kNewNativeDiscountFactor: 2 kOldNativeDiscountFactor: 65536 old_native_bytes: 74065351 new_native_bytes: 43250296 add_bytes_allowed: 34293849 is_gc_concurrent: 1 target_footprint_: 24341407 GetBytesAllocated: 14128590 HeapGrowthMultiplier: 3
12-18 14:18:48.906  3313  3313 I com.miui.home: CheckGCForNative gc_urgency 0.864901 current_native_bytes is 117315647
12-18 14:18:48.911  3313  3313 I wm_on_paused_called: [0,254275953,com.miui.home.launcher.Launcher,performPause,3]
12-18 14:18:50.218 10209 10209 I wm_on_application_create_called: [0,com.xiaomi.mi_connect_service,347]
12-18 14:18:50.312  9793  9793 I wm_on_application_create_called: [0,com.ss.android.ugc.aweme,1634]
12-18 14:18:50.594  3313  3840 I com.miui.home: CheckGCForNative adj_start_bytes: 41339836 NativeAllocationGcWatermark: 11431283 java_gc_start_bytes: 24192912 kNewNativeDiscountFactor: 2 kOldNativeDiscountFactor: 65536 old_native_bytes: 74065351 new_native_bytes: 42969408 add_bytes_allowed: 34293849 is_gc_concurrent: 1 target_footprint_: 24341407 GetBytesAllocated: 15701906 HeapGrowthMultiplier: 3
12-18 14:18:50.594  3313  3840 I com.miui.home: CheckGCForNative gc_urgency 0.899562 current_native_bytes is 117034759
12-18 14:18:50.596  3313  3313 I com.miui.home: CheckGCForNative adj_start_bytes: 41339836 NativeAllocationGcWatermark: 11431283 java_gc_start_bytes: 24192912 kNewNativeDiscountFactor: 2 kOldNativeDiscountFactor: 65536 old_native_bytes: 74065351 new_native_bytes: 53676352 add_bytes_allowed: 34293849 is_gc_concurrent: 1 target_footprint_: 24341407 GetBytesAllocated: 15714824 HeapGrowthMultiplier: 3
12-18 14:18:50.596  3313  3313 I com.miui.home: CheckGCForNative gc_urgency 1.02937 current_native_bytes is 127741703
12-18 14:18:50.596  3313  3313 I com.miui.home: CheckGCForNative requested 1
12-18 14:18:50.619  3313  3352 I com.miui.home: CheckGCForNative adj_start_bytes: 41339836 NativeAllocationGcWatermark: 11431283 java_gc_start_bytes: 24192912 kNewNativeDiscountFactor: 2 kOldNativeDiscountFactor: 65536 old_native_bytes: 74065351 new_native_bytes: 53679904 add_bytes_allowed: 34293849 is_gc_concurrent: 1 target_footprint_: 24341407 GetBytesAllocated: 15717752 HeapGrowthMultiplier: 3
12-18 14:18:50.619  3313  3352 I com.miui.home: CheckGCForNative gc_urgency 1.02949 current_native_bytes is 127745255
12-18 14:18:50.619  3313  3352 I com.miui.home: CheckGCForNative requested 1
12-18 14:18:50.648  3313  3313 I com.miui.home: CheckGCForNative adj_start_bytes: 41339836 NativeAllocationGcWatermark: 11431283 java_gc_start_bytes: 24192912 kNewNativeDiscountFactor: 2 kOldNativeDiscountFactor: 65536 old_native_bytes: 74065351 new_native_bytes: 42972384 add_bytes_allowed: 34293849 is_gc_concurrent: 1 target_footprint_: 24341407 GetBytesAllocated: 15754990 HeapGrowthMultiplier: 3
12-18 14:18:50.648  3313  3313 I com.miui.home: CheckGCForNative gc_urgency 0.900882 current_native_bytes is 117037735
12-18 14:18:50.828  3313  3313 I com.miui.home: CheckGCForNative adj_start_bytes: 41339836 NativeAllocationGcWatermark: 11431283 java_gc_start_bytes: 24192912 kNewNativeDiscountFactor: 2 kOldNativeDiscountFactor: 65536 old_native_bytes: 74065351 new_native_bytes: 43167856 add_bytes_allowed: 34293849 is_gc_concurrent: 1 target_footprint_: 24341407 GetBytesAllocated: 15825731 HeapGrowthMultiplier: 3
12-18 14:18:50.828  3313  3313 I com.miui.home: CheckGCForNative gc_urgency 0.904957 current_native_bytes is 117233207
12-18 14:18:50.994  3313  3313 I com.miui.home: CheckGCForNative adj_start_bytes: 41339836 NativeAllocationGcWatermark: 11431283 java_gc_start_bytes: 24192912 kNewNativeDiscountFactor: 2 kOldNativeDiscountFactor: 65536 old_native_bytes: 74065351 new_native_bytes: 43350936 add_bytes_allowed: 34293849 is_gc_concurrent: 1 target_footprint_: 24341407 GetBytesAllocated: 15893967 HeapGrowthMultiplier: 3
12-18 14:18:50.994  3313  3313 I com.miui.home: CheckGCForNative gc_urgency 0.908822 current_native_bytes is 117416287
12-18 14:18:51.301  3313  3346 I com.miui.home: NativeAlloc concurrent copying GC freed 75179(3344KB) AllocSpace objects, 14(368KB) LOS objects, 49% free, 11MB/23MB, paused 3.324ms,65us total 703.832ms
12-18 14:18:51.610  3313  3377 I com.miui.home: CheckGCForNative gc_urgency 0 current_native_bytes is 85292875
12-18 14:18:51.622  3313  3313 I com.miui.home: CheckGCForNative adj_start_bytes: 41484795 NativeAllocationGcWatermark: 11477388 java_gc_start_bytes: 24268713 kNewNativeDiscountFactor: 2 kOldNativeDiscountFactor: 65536 old_native_bytes: 85292875 new_native_bytes: 10716320 add_bytes_allowed: 34432164 is_gc_concurrent: 1 target_footprint_: 24710241 GetBytesAllocated: 12507671 HeapGrowthMultiplier: 3
12-18 14:18:51.622  3313  3313 I com.miui.home: CheckGCForNative gc_urgency 0.430691 current_native_bytes is 96009195
12-18 14:18:51.796 10416 10416 I wm_on_application_create_called: [0,com.android.providers.downloads.ui,733]
12-18 14:18:52.909 10244 10244 I wm_on_application_create_called: [0,com.smile.gifmaker,2890]
12-18 14:18:53.541  3313  3840 I com.miui.home: CheckGCForNative adj_start_bytes: 41484795 NativeAllocationGcWatermark: 11477388 java_gc_start_bytes: 24268713 kNewNativeDiscountFactor: 2 kOldNativeDiscountFactor: 65536 old_native_bytes: 85292875 new_native_bytes: 10265536 add_bytes_allowed: 34432164 is_gc_concurrent: 1 target_footprint_: 24710241 GetBytesAllocated: 13235655 HeapGrowthMultiplier: 3
12-18 14:18:53.541  3313  3840 I com.miui.home: CheckGCForNative gc_urgency 0.442806 current_native_bytes is 95558411
12-18 14:18:53.543  3313  3840 I com.miui.home: CheckGCForNative adj_start_bytes: 41484795 NativeAllocationGcWatermark: 11477388 java_gc_start_bytes: 24268713 kNewNativeDiscountFactor: 2 kOldNativeDiscountFactor: 65536 old_native_bytes: 85292875 new_native_bytes: 20972480 add_bytes_allowed: 34432164 is_gc_concurrent: 1 target_footprint_: 24710241 GetBytesAllocated: 13235847 HeapGrowthMultiplier: 3
12-18 14:18:53.543  3313  3840 I com.miui.home: CheckGCForNative gc_urgency 0.571857 current_native_bytes is 106265355
12-18 14:18:53.546  3313  3786 I com.miui.home: CheckGCForNative adj_start_bytes: 41484795 NativeAllocationGcWatermark: 11477388 java_gc_start_bytes: 24268713 kNewNativeDiscountFactor: 2 kOldNativeDiscountFactor: 65536 old_native_bytes: 85292875 new_native_bytes: 20973504 add_bytes_allowed: 34432164 is_gc_concurrent: 1 target_footprint_: 24710241 GetBytesAllocated: 13235847 HeapGrowthMultiplier: 3
12-18 14:18:53.546  3313  3786 I com.miui.home: CheckGCForNative gc_urgency 0.57187 current_native_bytes is 106266379
12-18 14:18:53.661  3313  3313 I com.miui.home: CheckGCForNative adj_start_bytes: 41484795 NativeAllocationGcWatermark: 11477388 java_gc_start_bytes: 24268713 kNewNativeDiscountFactor: 2 kOldNativeDiscountFactor: 65536 old_native_bytes: 85292875 new_native_bytes: 10661728 add_bytes_allowed: 34432164 is_gc_concurrent: 1 target_footprint_: 24710241 GetBytesAllocated: 13292937 HeapGrowthMultiplier: 3
12-18 14:18:53.661  3313  3313 I com.miui.home: CheckGCForNative gc_urgency 0.448962 current_native_bytes is 95954603
12-18 14:18:53.716  3313  3313 I com.miui.home: CheckGCForNative adj_start_bytes: 41484795 NativeAllocationGcWatermark: 11477388 java_gc_start_bytes: 24268713 kNewNativeDiscountFactor: 2 kOldNativeDiscountFactor: 65536 old_native_bytes: 85292875 new_native_bytes: 10951096 add_bytes_allowed: 34432164 is_gc_concurrent: 1 target_footprint_: 24710241 GetBytesAllocated: 13313982 HeapGrowthMultiplier: 3
12-18 14:18:53.716  3313  3313 I com.miui.home: CheckGCForNative gc_urgency 0.452957 current_native_bytes is 96243971
12-18 14:18:54.015  3313  3313 I com.miui.home: CheckGCForNative adj_start_bytes: 41484795 NativeAllocationGcWatermark: 11477388 java_gc_start_bytes: 24268713 kNewNativeDiscountFactor: 2 kOldNativeDiscountFactor: 65536 old_native_bytes: 85292875 new_native_bytes: 11095368 add_bytes_allowed: 34432164 is_gc_concurrent: 1 target_footprint_: 24710241 GetBytesAllocated: 13434561 HeapGrowthMultiplier: 3
12-18 14:18:54.015  3313  3313 I com.miui.home: CheckGCForNative gc_urgency 0.457603 current_native_bytes is 96388243
12-18 14:18:54.095  3313  3983 I com.miui.home: CheckGCForNative adj_start_bytes: 41484795 NativeAllocationGcWatermark: 11477388 java_gc_start_bytes: 24268713 kNewNativeDiscountFactor: 2 kOldNativeDiscountFactor: 65536 old_native_bytes: 85292875 new_native_bytes: 21807928 add_bytes_allowed: 34432164 is_gc_concurrent: 1 target_footprint_: 24710241 GetBytesAllocated: 13470419 HeapGrowthMultiplier: 3
12-18 14:18:54.098  3313  3983 I com.miui.home: CheckGCForNative gc_urgency 0.587581 current_native_bytes is 107100803
12-18 14:18:54.102  3313  3313 I com.miui.home: CheckGCForNative adj_start_bytes: 41484795 NativeAllocationGcWatermark: 11477388 java_gc_start_bytes: 24268713 kNewNativeDiscountFactor: 2 kOldNativeDiscountFactor: 65536 old_native_bytes: 85292875 new_native_bytes: 32513880 add_bytes_allowed: 34432164 is_gc_concurrent: 1 target_footprint_: 24710241 GetBytesAllocated: 13470611 HeapGrowthMultiplier: 3
12-18 14:18:54.102  3313  3313 I com.miui.home: CheckGCForNative gc_urgency 0.71662 current_native_bytes is 117806755
12-18 14:18:55.115 10704 10704 I wm_on_application_create_called: [0,com.tencent.qqlive,580]
12-18 14:18:55.718 11197 11197 I wm_on_create_called: [0,246864990,com.tencent.mobileqq.activity.SplashActivity,performCreate,156]
12-18 14:18:55.726 11197 11197 I wm_on_start_called: [0,246864990,com.tencent.mobileqq.activity.SplashActivity,handleStartActivity,5]
12-18 14:18:55.825 11197 11197 I wm_on_resume_called: [0,246864990,com.tencent.mobileqq.activity.SplashActivity,RESUME_ACTIVITY,97]
12-18 14:18:55.903 11197 11197 I wm_on_top_resumed_gained_called: [246864990,com.tencent.mobileqq.activity.SplashActivity,topStateChangedWhenResumed]
12-18 14:18:56.404 11197 11197 I wm_on_idle_called: com.tencent.mobileqq.activity.SplashActivity
12-18 14:18:56.434  3313  3786 I com.miui.home: CheckGCForNative adj_start_bytes: 41484795 NativeAllocationGcWatermark: 11477388 java_gc_start_bytes: 24268713 kNewNativeDiscountFactor: 2 kOldNativeDiscountFactor: 65536 old_native_bytes: 85292875 new_native_bytes: 32070876 add_bytes_allowed: 34432164 is_gc_concurrent: 1 target_footprint_: 24710241 GetBytesAllocated: 14528952 HeapGrowthMultiplier: 3
12-18 14:18:56.434  3313  3786 I com.miui.home: CheckGCForNative gc_urgency 0.736793 current_native_bytes is 117363751
12-18 14:18:56.435  3313  3983 I com.miui.home: CheckGCForNative adj_start_bytes: 41484795 NativeAllocationGcWatermark: 11477388 java_gc_start_bytes: 24268713 kNewNativeDiscountFactor: 2 kOldNativeDiscountFactor: 65536 old_native_bytes: 85292875 new_native_bytes: 42777244 add_bytes_allowed: 34432164 is_gc_concurrent: 1 target_footprint_: 24710241 GetBytesAllocated: 14529144 HeapGrowthMultiplier: 3
12-18 14:18:56.435  3313  3983 I com.miui.home: CheckGCForNative gc_urgency 0.865837 current_native_bytes is 128070119
12-18 14:18:56.435  3313  3313 I com.miui.home: CheckGCForNative adj_start_bytes: 41484795 NativeAllocationGcWatermark: 11477388 java_gc_start_bytes: 24268713 kNewNativeDiscountFactor: 2 kOldNativeDiscountFactor: 65536 old_native_bytes: 85292875 new_native_bytes: 53484348 add_bytes_allowed: 34432164 is_gc_concurrent: 1 target_footprint_: 24710241 GetBytesAllocated: 14529336 HeapGrowthMultiplier: 3
12-18 14:18:56.435  3313  3313 I com.miui.home: CheckGCForNative gc_urgency 0.99489 current_native_bytes is 138777223
12-18 14:18:56.627  3313  3313 I com.miui.home: CheckGCForNative adj_start_bytes: 41484795 NativeAllocationGcWatermark: 11477388 java_gc_start_bytes: 24268713 kNewNativeDiscountFactor: 2 kOldNativeDiscountFactor: 65536 old_native_bytes: 85292875 new_native_bytes: 32249660 add_bytes_allowed: 34432164 is_gc_concurrent: 1 target_footprint_: 24710241 GetBytesAllocated: 14633400 HeapGrowthMultiplier: 3
12-18 14:18:56.627  3313  3313 I com.miui.home: CheckGCForNative gc_urgency 0.741465 current_native_bytes is 117542535
12-18 14:18:56.649  3313  3313 I com.miui.home: CheckGCForNative adj_start_bytes: 41484795 NativeAllocationGcWatermark: 11477388 java_gc_start_bytes: 24268713 kNewNativeDiscountFactor: 2 kOldNativeDiscountFactor: 65536 old_native_bytes: 85292875 new_native_bytes: 32315900 add_bytes_allowed: 34432164 is_gc_concurrent: 1 target_footprint_: 24710241 GetBytesAllocated: 14641746 HeapGrowthMultiplier: 3
12-18 14:18:56.650  3313  3313 I com.miui.home: CheckGCForNative gc_urgency 0.742465 current_native_bytes is 117608775
12-18 14:18:56.783 11401 11401 I wm_on_application_create_called: [0,com.miui.wmsvc,817]
12-18 14:18:56.993 10704 10704 I wm_on_create_called: [0,245989550,com.tencent.qqlive.ona.activity.SplashHomeActivity,performCreate,1176]
12-18 14:18:57.013 11197 11197 I wm_on_top_resumed_lost_called: [246864990,com.tencent.mobileqq.activity.SplashActivity,topStateChangedWhenResumed]
12-18 14:18:57.073 11197 11197 I wm_on_paused_called: [0,246864990,com.tencent.mobileqq.activity.SplashActivity,performPause,9]
12-18 14:18:57.146  3313  3313 I wm_on_resume_called: [0,254275953,com.miui.home.launcher.Launcher,RESUME_ACTIVITY,21]
12-18 14:18:57.150  3313  3313 I wm_on_top_resumed_gained_called: [254275953,com.miui.home.launcher.Launcher,topWhenResuming]
12-18 14:18:57.152  3313  3313 I wm_on_idle_called: com.miui.home.launcher.Launcher
12-18 14:18:57.207 11197 11197 I wm_on_stop_called: [0,246864990,com.tencent.mobileqq.activity.SplashActivity,LIFECYCLER_STOP_ACTIVITY,21]
12-18 14:18:57.240 11197 11197 I wm_on_destroy_called: [0,246864990,com.tencent.mobileqq.activity.SplashActivity,performDestroy,29]
12-18 14:18:57.315  3313  3983 I com.miui.home: CheckGCForNative adj_start_bytes: 41484795 NativeAllocationGcWatermark: 11477388 java_gc_start_bytes: 24268713 kNewNativeDiscountFactor: 2 kOldNativeDiscountFactor: 65536 old_native_bytes: 85292875 new_native_bytes: 43291292 add_bytes_allowed: 34432164 is_gc_concurrent: 1 target_footprint_: 24710241 GetBytesAllocated: 15154642 HeapGrowthMultiplier: 3
12-18 14:18:57.315  3313  3983 I com.miui.home: CheckGCForNative gc_urgency 0.88711 current_native_bytes is 128584167
12-18 14:18:57.316  3313  3983 I com.miui.home: CheckGCForNative adj_start_bytes: 41484795 NativeAllocationGcWatermark: 11477388 java_gc_start_bytes: 24268713 kNewNativeDiscountFactor: 2 kOldNativeDiscountFactor: 65536 old_native_bytes: 85292875 new_native_bytes: 53997884 add_bytes_allowed: 34432164 is_gc_concurrent: 1 target_footprint_: 24710241 GetBytesAllocated: 15154834 HeapGrowthMultiplier: 3
12-18 14:18:57.316  3313  3983 I com.miui.home: CheckGCForNative gc_urgency 1.01616 current_native_bytes is 139290759
12-18 14:18:57.316  3313  3313 I com.miui.home: CheckGCForNative adj_start_bytes: 41484795 NativeAllocationGcWatermark: 11477388 java_gc_start_bytes: 24268713 kNewNativeDiscountFactor: 2 kOldNativeDiscountFactor: 65536 old_native_bytes: 85292875 new_native_bytes: 64705148 add_bytes_allowed: 34432164 is_gc_concurrent: 1 target_footprint_: 24710241 GetBytesAllocated: 15154834 HeapGrowthMultiplier: 3
12-18 14:18:57.316  3313  3983 I com.miui.home: CheckGCForNative requested 1
12-18 14:18:57.316  3313  3313 I com.miui.home: CheckGCForNative gc_urgency 1.14521 current_native_bytes is 149998023
12-18 14:18:57.316  3313  3313 I com.miui.home: CheckGCForNative requested 1
12-18 14:18:57.317  3313 11796 I com.miui.home: CheckGCForNative adj_start_bytes: 41484795 NativeAllocationGcWatermark: 11477388 java_gc_start_bytes: 24268713 kNewNativeDiscountFactor: 2 kOldNativeDiscountFactor: 65536 old_native_bytes: 85292875 new_native_bytes: 53999612 add_bytes_allowed: 34432164 is_gc_concurrent: 1 target_footprint_: 24710241 GetBytesAllocated: 15173361 HeapGrowthMultiplier: 3
12-18 14:18:57.317  3313 11796 I com.miui.home: CheckGCForNative gc_urgency 1.01662 current_native_bytes is 139292487
12-18 14:18:57.317  3313 11796 I com.miui.home: CheckGCForNative requested 1
12-18 14:18:57.317  3313  3313 I com.miui.home: CheckGCForNative adj_start_bytes: 41484795 NativeAllocationGcWatermark: 11477388 java_gc_start_bytes: 24268713 kNewNativeDiscountFactor: 2 kOldNativeDiscountFactor: 65536 old_native_bytes: 85292875 new_native_bytes: 64708028 add_bytes_allowed: 34432164 is_gc_concurrent: 1 target_footprint_: 24710241 GetBytesAllocated: 15173361 HeapGrowthMultiplier: 3
12-18 14:18:57.317  3313  3313 I com.miui.home: CheckGCForNative gc_urgency 1.14569 current_native_bytes is 150000903
12-18 14:18:57.317  3313  3313 I com.miui.home: CheckGCForNative requested 1
12-18 14:18:57.496 10704 10704 I wm_on_start_called: [0,245989550,com.tencent.qqlive.ona.activity.SplashHomeActivity,handleStartActivity,498]
12-18 14:18:57.686  3313  3346 I com.miui.home: NativeAlloc concurrent copying GC freed 68616(3065KB) AllocSpace objects, 18(360KB) LOS objects, 49% free, 11MB/23MB, paused 507us,125us total 369.565ms
12-18 14:18:58.075 10704 10704 I wm_on_resume_called: [0,245989550,com.tencent.qqlive.ona.activity.SplashHomeActivity,RESUME_ACTIVITY,525]
12-18 14:18:58.337  3313  3313 I wm_on_top_resumed_lost_called: [254275953,com.miui.home.launcher.Launcher,topStateChangedWhenResumed]
12-18 14:18:58.345  3313  3313 I wm_on_paused_called: [0,254275953,com.miui.home.launcher.Launcher,performPause,3]
12-18 14:18:58.356  3313  3377 I com.miui.home: CheckGCForNative gc_urgency 0 current_native_bytes is 75100267
12-18 14:18:58.501 10704 10704 I wm_on_top_resumed_gained_called: [245989550,com.tencent.qqlive.ona.activity.SplashHomeActivity,topStateChangedWhenResumed]
12-18 14:18:58.590 10704 10704 I wm_on_top_resumed_lost_called: [245989550,com.tencent.qqlive.ona.activity.SplashHomeActivity,topStateChangedWhenResumed]
12-18 14:18:58.633 10704 10704 I wm_on_paused_called: [0,245989550,com.tencent.qqlive.ona.activity.SplashHomeActivity,performPause,3]
12-18 14:18:59.264 10704 10704 I wm_on_stop_called: [0,245989550,com.tencent.qqlive.ona.activity.SplashHomeActivity,STOP_ACTIVITY_ITEM,573]
12-18 14:18:59.377  3313  3313 I wm_on_stop_called: [0,254275953,com.miui.home.launcher.Launcher,STOP_ACTIVITY_ITEM,8]
12-18 14:18:59.549 12075 12075 I wm_on_application_create_called: [0,com.dragon.read,476]
12-18 14:18:59.780 12075 12075 I wm_on_create_called: [0,230585184,com.dragon.read.pages.splash.SplashActivity,performCreate,214]
12-18 14:18:59.796 12075 12075 I wm_on_start_called: [0,230585184,com.dragon.read.pages.splash.SplashActivity,handleStartActivity,4]
12-18 14:18:59.818 12075 12075 I wm_on_resume_called: [0,230585184,com.dragon.read.pages.splash.SplashActivity,RESUME_ACTIVITY,17]
12-18 14:18:59.825 12075 12075 I wm_on_top_resumed_gained_called: [230585184,com.dragon.read.pages.splash.SplashActivity,topStateChangedWhenResumed]
12-18 14:19:00.084  3313  3313 I wm_on_restart_called: [0,254275953,com.miui.home.launcher.Launcher,,0]
12-18 14:19:00.087  3313  3313 I wm_on_start_called: [0,254275953,com.miui.home.launcher.Launcher,handleStartActivity,3]
12-18 14:19:00.140 12075 12075 I wm_on_idle_called: com.dragon.read.pages.splash.SplashActivity
12-18 14:19:00.349  3313  3377 I com.miui.home: CheckGCForNative adj_start_bytes: 41423558 NativeAllocationGcWatermark: 11479653 java_gc_start_bytes: 24204079 kNewNativeDiscountFactor: 2 kOldNativeDiscountFactor: 65536 old_native_bytes: 75100267 new_native_bytes: 10296892 add_bytes_allowed: 34438959 is_gc_concurrent: 1 target_footprint_: 24728367 GetBytesAllocated: 14062869 HeapGrowthMultiplier: 3
12-18 14:19:00.349  3313  3377 I com.miui.home: CheckGCForNative gc_urgency 0.463805 current_native_bytes is 85397159
12-18 14:19:00.350  3313  3377 I com.miui.home: CheckGCForNative adj_start_bytes: 41423558 NativeAllocationGcWatermark: 11479653 java_gc_start_bytes: 24204079 kNewNativeDiscountFactor: 2 kOldNativeDiscountFactor: 65536 old_native_bytes: 75100267 new_native_bytes: 21003836 add_bytes_allowed: 34438959 is_gc_concurrent: 1 target_footprint_: 24728367 GetBytesAllocated: 14079607 HeapGrowthMultiplier: 3
12-18 14:19:00.350  3313  3377 I com.miui.home: CheckGCForNative gc_urgency 0.593447 current_native_bytes is 96104103
12-18 14:19:00.405  3313  3313 I com.miui.home: CheckGCForNative adj_start_bytes: 41423558 NativeAllocationGcWatermark: 11479653 java_gc_start_bytes: 24204079 kNewNativeDiscountFactor: 2 kOldNativeDiscountFactor: 65536 old_native_bytes: 75100267 new_native_bytes: 10485228 add_bytes_allowed: 34438959 is_gc_concurrent: 1 target_footprint_: 24728367 GetBytesAllocated: 14123845 HeapGrowthMultiplier: 3
12-18 14:19:00.405  3313  3313 I com.miui.home: CheckGCForNative gc_urgency 0.46755 current_native_bytes is 85585495
12-18 14:19:00.410  3313  3786 I com.miui.home: CheckGCForNative adj_start_bytes: 41423558 NativeAllocationGcWatermark: 11479653 java_gc_start_bytes: 24204079 kNewNativeDiscountFactor: 2 kOldNativeDiscountFactor: 65536 old_native_bytes: 75100267 new_native_bytes: 21212268 add_bytes_allowed: 34438959 is_gc_concurrent: 1 target_footprint_: 24728367 GetBytesAllocated: 14140229 HeapGrowthMultiplier: 3
12-18 14:19:00.411  3313  3786 I com.miui.home: CheckGCForNative gc_urgency 0.597426 current_native_bytes is 96312535
12-18 14:19:00.760  3313  3313 I com.miui.home: CheckGCForNative adj_start_bytes: 41423558 NativeAllocationGcWatermark: 11479653 java_gc_start_bytes: 24204079 kNewNativeDiscountFactor: 2 kOldNativeDiscountFactor: 65536 old_native_bytes: 75100267 new_native_bytes: 10786268 add_bytes_allowed: 34438959 is_gc_concurrent: 1 target_footprint_: 24728367 GetBytesAllocated: 14287098 HeapGrowthMultiplier: 3
12-18 14:19:00.760  3313  3313 I com.miui.home: CheckGCForNative gc_urgency 0.475125 current_native_bytes is 85886535
12-18 14:19:00.848  3313  3313 I com.miui.home: CheckGCForNative adj_start_bytes: 41423558 NativeAllocationGcWatermark: 11479653 java_gc_start_bytes: 24204079 kNewNativeDiscountFactor: 2 kOldNativeDiscountFactor: 65536 old_native_bytes: 75100267 new_native_bytes: 10727452 add_bytes_allowed: 34438959 is_gc_concurrent: 1 target_footprint_: 24728367 GetBytesAllocated: 14322230 HeapGrowthMultiplier: 3
12-18 14:19:00.848  3313  3313 I com.miui.home: CheckGCForNative gc_urgency 0.475263 current_native_bytes is 85827719
12-18 14:19:00.855 12075 12075 I wm_on_top_resumed_lost_called: [230585184,com.dragon.read.pages.splash.SplashActivity,topStateChangedWhenResumed]
12-18 14:19:00.901  3313  3313 I wm_on_resume_called: [0,254275953,com.miui.home.launcher.Launcher,RESUME_ACTIVITY,20]
12-18 14:19:00.905  3313  3313 I wm_on_top_resumed_gained_called: [254275953,com.miui.home.launcher.Launcher,topStateChangedWhenResumed]
12-18 14:19:00.906  3313  3313 I wm_on_idle_called: com.miui.home.launcher.Launcher
