12-18 14:05:04.055 12110 12110 I wm_on_stop_called: [0,44189733,com.dragon.read.pages.splash.SplashActivity,STOP_ACTIVITY_ITEM,14]
12-18 14:05:05.574  3318  3318 I wm_on_top_resumed_lost_called: [170670824,com.miui.home.launcher.Launcher,topStateChangedWhenResumed]
12-18 14:05:05.579  3318  3318 I wm_on_paused_called: [0,170670824,com.miui.home.launcher.Launcher,performPause,4]
12-18 14:05:06.552 12386 12386 I wm_on_application_create_called: [0,com.taobao.taobao,352]
12-18 14:05:06.626 12386 12386 I wm_on_create_called: [0,19116586,com.taobao.tao.welcome.Welcome,performCreate,60]
12-18 14:05:06.675 12386 12386 I wm_on_start_called: [0,19116586,com.taobao.tao.welcome.Welcome,handleStartActivity,43]
12-18 14:05:06.692 12386 12386 I wm_on_resume_called: [0,19116586,com.taobao.tao.welcome.Welcome,RESUME_ACTIVITY,14]
12-18 14:05:06.747 12386 12386 I wm_on_top_resumed_gained_called: [19116586,com.taobao.tao.welcome.Welcome,topStateChangedWhenResumed]
12-18 14:05:07.230  3318 10059 I com.miui.home: CheckGCForNative adj_start_bytes: 41807550 NativeAllocationGcWatermark: 11488927 java_gc_start_bytes: 24574160 kNewNativeDiscountFactor: 2 kOldNativeDiscountFactor: 65536 old_native_bytes: 76717439 new_native_bytes: 21034348 add_bytes_allowed: 34466781 is_gc_concurrent: 1 target_footprint_: 24802556 GetBytesAllocated: 14854646 HeapGrowthMultiplier: 3
12-18 14:05:07.231  3318 10059 I com.miui.home: CheckGCForNative gc_urgency 0.6069 current_native_bytes is 97751787
12-18 14:05:07.231  3318 10059 I com.miui.home: CheckGCForNative adj_start_bytes: 41807550 NativeAllocationGcWatermark: 11488927 java_gc_start_bytes: 24574160 kNewNativeDiscountFactor: 2 kOldNativeDiscountFactor: 65536 old_native_bytes: 76717439 new_native_bytes: 31741292 add_bytes_allowed: 34466781 is_gc_concurrent: 1 target_footprint_: 24802556 GetBytesAllocated: 14865166 HeapGrowthMultiplier: 3
12-18 14:05:07.231  3318 10059 I com.miui.home: CheckGCForNative gc_urgency 0.735202 current_native_bytes is 108458731
12-18 14:05:07.233  3318  3387 I com.miui.home: CheckGCForNative adj_start_bytes: 41807550 NativeAllocationGcWatermark: 11488927 java_gc_start_bytes: 24574160 kNewNativeDiscountFactor: 2 kOldNativeDiscountFactor: 65536 old_native_bytes: 76717439 new_native_bytes: 31741292 add_bytes_allowed: 34466781 is_gc_concurrent: 1 target_footprint_: 24802556 GetBytesAllocated: 14865166 HeapGrowthMultiplier: 3
12-18 14:05:07.233  3318  3387 I com.miui.home: CheckGCForNative gc_urgency 0.735202 current_native_bytes is 108458731
12-18 14:05:07.268  3318  3318 I com.miui.home: CheckGCForNative adj_start_bytes: 41807550 NativeAllocationGcWatermark: 11488927 java_gc_start_bytes: 24574160 kNewNativeDiscountFactor: 2 kOldNativeDiscountFactor: 65536 old_native_bytes: 76717439 new_native_bytes: 21046796 add_bytes_allowed: 34466781 is_gc_concurrent: 1 target_footprint_: 24802556 GetBytesAllocated: 14898981 HeapGrowthMultiplier: 3
12-18 14:05:07.268  3318  3318 I com.miui.home: CheckGCForNative gc_urgency 0.608109 current_native_bytes is 97764235
12-18 14:05:07.380  3318  3318 I com.miui.home: CheckGCForNative adj_start_bytes: 41807550 NativeAllocationGcWatermark: 11488927 java_gc_start_bytes: 24574160 kNewNativeDiscountFactor: 2 kOldNativeDiscountFactor: 65536 old_native_bytes: 76717439 new_native_bytes: 21219292 add_bytes_allowed: 34466781 is_gc_concurrent: 1 target_footprint_: 24802556 GetBytesAllocated: 14944325 HeapGrowthMultiplier: 3
12-18 14:05:07.380  3318  3318 I com.miui.home: CheckGCForNative gc_urgency 0.611257 current_native_bytes is 97936731
12-18 14:05:07.624  3318  3318 I com.miui.home: CheckGCForNative adj_start_bytes: 41807550 NativeAllocationGcWatermark: 11488927 java_gc_start_bytes: 24574160 kNewNativeDiscountFactor: 2 kOldNativeDiscountFactor: 65536 old_native_bytes: 76717439 new_native_bytes: 21443756 add_bytes_allowed: 34466781 is_gc_concurrent: 1 target_footprint_: 24802556 GetBytesAllocated: 15050193 HeapGrowthMultiplier: 3
12-18 14:05:07.625  3318  3318 I com.miui.home: CheckGCForNative gc_urgency 0.616473 current_native_bytes is 98161195
12-18 14:05:07.793  3318  3398 I com.miui.home: CheckGCForNative adj_start_bytes: 41807550 NativeAllocationGcWatermark: 11488927 java_gc_start_bytes: 24574160 kNewNativeDiscountFactor: 2 kOldNativeDiscountFactor: 65536 old_native_bytes: 76717439 new_native_bytes: 32191916 add_bytes_allowed: 34466781 is_gc_concurrent: 1 target_footprint_: 24802556 GetBytesAllocated: 15286204 HeapGrowthMultiplier: 3
12-18 14:05:07.793  3318  3398 I com.miui.home: CheckGCForNative gc_urgency 0.750662 current_native_bytes is 108909355
12-18 14:05:07.795  3318  3318 I wm_on_resume_called: [0,170670824,com.miui.home.launcher.Launcher,RESUME_ACTIVITY,20]
12-18 14:05:07.801  3318  3318 I com.miui.home: CheckGCForNative adj_start_bytes: 41807550 NativeAllocationGcWatermark: 11488927 java_gc_start_bytes: 24574160 kNewNativeDiscountFactor: 2 kOldNativeDiscountFactor: 65536 old_native_bytes: 76717439 new_native_bytes: 42901548 add_bytes_allowed: 34466781 is_gc_concurrent: 1 target_footprint_: 24802556 GetBytesAllocated: 15300964 HeapGrowthMultiplier: 3
12-18 14:05:07.801  3318  3318 I com.miui.home: CheckGCForNative gc_urgency 0.879097 current_native_bytes is 119618987
12-18 14:05:07.802  3318  3318 I wm_on_idle_called: com.miui.home.launcher.Launcher
12-18 14:05:07.816 12386 12386 I wm_on_top_resumed_lost_called: [19116586,com.taobao.tao.welcome.Welcome,topStateChangedWhenResumed]
12-18 14:05:07.828  3318  3318 I wm_on_top_resumed_gained_called: [170670824,com.miui.home.launcher.Launcher,topStateChangedWhenResumed]
12-18 14:05:07.892 12386 12386 I wm_on_paused_called: [0,19116586,com.taobao.tao.welcome.Welcome,performPause,71]
12-18 14:05:08.113  3318  3318 I wm_on_top_resumed_lost_called: [170670824,com.miui.home.launcher.Launcher,topStateChangedWhenResumed]
12-18 14:05:08.120  3318  3318 I wm_on_paused_called: [0,170670824,com.miui.home.launcher.Launcher,performPause,3]
12-18 14:05:08.494 12386 12386 I wm_on_stop_called: [0,19116586,com.taobao.tao.welcome.Welcome,STOP_ACTIVITY_ITEM,153]
12-18 14:05:08.612 12386 12386 I wm_on_idle_called: com.taobao.tao.welcome.Welcome
12-18 14:05:09.096 12866 12866 I wm_on_create_called: [0,142087310,com.tencent.mm.ui.LauncherUI,performCreate,48]
12-18 14:05:09.184 12866 12866 I wm_on_create_called: [0,161026101,com.tencent.mm.app.WeChatSplashActivity,performCreate,12]
12-18 14:05:09.323 12866 12866 I wm_on_start_called: [0,161026101,com.tencent.mm.app.WeChatSplashActivity,handleStartActivity,117]
12-18 14:05:09.332 12866 12866 I wm_on_resume_called: [0,161026101,com.tencent.mm.app.WeChatSplashActivity,RESUME_ACTIVITY,7]
12-18 14:05:09.358 12866 12866 I wm_on_top_resumed_gained_called: [161026101,com.tencent.mm.app.WeChatSplashActivity,topStateChangedWhenResumed]
12-18 14:05:09.576 12866 12866 I wm_on_top_resumed_lost_called: [161026101,com.tencent.mm.app.WeChatSplashActivity,topStateChangedWhenResumed]
12-18 14:05:09.578 12866 12866 I wm_on_paused_called: [0,161026101,com.tencent.mm.app.WeChatSplashActivity,performPause,1]
12-18 14:05:09.633  3318  3318 I wm_on_stop_called: [0,170670824,com.miui.home.launcher.Launcher,STOP_ACTIVITY_ITEM,6]
12-18 14:05:09.826 12866 12866 I wm_on_create_called: [0,239312224,com.tencent.mm.ui.LauncherUI,performCreate,177]
12-18 14:05:09.843 12866 12866 I wm_on_start_called: [0,239312224,com.tencent.mm.ui.LauncherUI,handleStartActivity,6]
12-18 14:05:09.892 12866 12866 I wm_on_resume_called: [0,239312224,com.tencent.mm.ui.LauncherUI,RESUME_ACTIVITY,48]
12-18 14:05:09.903 12866 12866 I wm_on_top_resumed_gained_called: [239312224,com.tencent.mm.ui.LauncherUI,topStateChangedWhenResumed]
12-18 14:05:09.905 12866 12866 I wm_on_destroy_called: [0,142087310,com.tencent.mm.ui.LauncherUI,performDestroy,1]
12-18 14:05:09.920 12866 12866 I wm_on_top_resumed_lost_called: [239312224,com.tencent.mm.ui.LauncherUI,topStateChangedWhenResumed]
12-18 14:05:09.932 12866 12866 I wm_on_paused_called: [0,239312224,com.tencent.mm.ui.LauncherUI,performPause,3]
12-18 14:05:10.117  3318  3318 I wm_on_restart_called: [0,170670824,com.miui.home.launcher.Launcher,,0]
12-18 14:05:10.119  3318  3318 I wm_on_start_called: [0,170670824,com.miui.home.launcher.Launcher,handleStartActivity,2]
12-18 14:05:10.145 12866 12866 I wm_on_create_called: [0,210900379,com.tencent.mm.plugin.account.ui.WelcomeActivity,performCreate,101]
12-18 14:05:10.149 12866 12866 I wm_on_start_called: [0,210900379,com.tencent.mm.plugin.account.ui.WelcomeActivity,handleStartActivity,2]
12-18 14:05:10.159 12866 12866 I wm_on_resume_called: [0,210900379,com.tencent.mm.plugin.account.ui.WelcomeActivity,RESUME_ACTIVITY,8]
12-18 14:05:10.190 12866 12866 I wm_on_top_resumed_gained_called: [210900379,com.tencent.mm.plugin.account.ui.WelcomeActivity,topStateChangedWhenResumed]
12-18 14:05:10.275  3318  3398 I com.miui.home: CheckGCForNative adj_start_bytes: 41807550 NativeAllocationGcWatermark: 11488927 java_gc_start_bytes: 24574160 kNewNativeDiscountFactor: 2 kOldNativeDiscountFactor: 65536 old_native_bytes: 76717439 new_native_bytes: 53441904 add_bytes_allowed: 34466781 is_gc_concurrent: 1 target_footprint_: 24802556 GetBytesAllocated: 17626741 HeapGrowthMultiplier: 3
12-18 14:05:10.275  3318  3398 I com.miui.home: CheckGCForNative gc_urgency 1.06079 current_native_bytes is 130159343
12-18 14:05:10.275  3318  3398 I com.miui.home: CheckGCForNative requested 1
12-18 14:05:10.276  3318  4079 I com.miui.home: CheckGCForNative adj_start_bytes: 41807550 NativeAllocationGcWatermark: 11488927 java_gc_start_bytes: 24574160 kNewNativeDiscountFactor: 2 kOldNativeDiscountFactor: 65536 old_native_bytes: 76717439 new_native_bytes: 53441904 add_bytes_allowed: 34466781 is_gc_concurrent: 1 target_footprint_: 24802556 GetBytesAllocated: 17626741 HeapGrowthMultiplier: 3
12-18 14:05:10.276  3318  4079 I com.miui.home: CheckGCForNative gc_urgency 1.06079 current_native_bytes is 130159343
12-18 14:05:10.276  3318  4079 I com.miui.home: CheckGCForNative requested 1
12-18 14:05:10.278  3318  3318 I com.miui.home: CheckGCForNative adj_start_bytes: 41807550 NativeAllocationGcWatermark: 11488927 java_gc_start_bytes: 24574160 kNewNativeDiscountFactor: 2 kOldNativeDiscountFactor: 65536 old_native_bytes: 76717439 new_native_bytes: 64150256 add_bytes_allowed: 34466781 is_gc_concurrent: 1 target_footprint_: 24802556 GetBytesAllocated: 17633089 HeapGrowthMultiplier: 3
12-18 14:05:10.278  3318  3318 I com.miui.home: CheckGCForNative gc_urgency 1.18901 current_native_bytes is 140867695
12-18 14:05:10.278  3318  3318 I com.miui.home: CheckGCForNative requested 1
12-18 14:05:10.376  3318  3318 I com.miui.home: CheckGCForNative adj_start_bytes: 41807550 NativeAllocationGcWatermark: 11488927 java_gc_start_bytes: 24574160 kNewNativeDiscountFactor: 2 kOldNativeDiscountFactor: 65536 old_native_bytes: 76717439 new_native_bytes: 42835372 add_bytes_allowed: 34466781 is_gc_concurrent: 1 target_footprint_: 24802556 GetBytesAllocated: 17713868 HeapGrowthMultiplier: 3
12-18 14:05:10.376  3318  3318 I com.miui.home: CheckGCForNative gc_urgency 0.93602 current_native_bytes is 119552811
12-18 14:05:10.421  3318  3318 I com.miui.home: CheckGCForNative adj_start_bytes: 41807550 NativeAllocationGcWatermark: 11488927 java_gc_start_bytes: 24574160 kNewNativeDiscountFactor: 2 kOldNativeDiscountFactor: 65536 old_native_bytes: 76717439 new_native_bytes: 42873260 add_bytes_allowed: 34466781 is_gc_concurrent: 1 target_footprint_: 24802556 GetBytesAllocated: 17730252 HeapGrowthMultiplier: 3
12-18 14:05:10.421  3318  3318 I com.miui.home: CheckGCForNative gc_urgency 0.936865 current_native_bytes is 119590699
12-18 14:05:10.481  3318  3379 I com.miui.home: NativeAlloc concurrent copying GC freed 107645(4463KB) AllocSpace objects, 28(784KB) LOS objects, 50% free, 11MB/23MB, paused 216us,830us total 204.786ms
12-18 14:05:10.731  3318  3318 I com.miui.home: CheckGCForNative gc_urgency 0 current_native_bytes is 76896635
12-18 14:05:10.785 12866 12866 I wm_on_top_resumed_lost_called: [210900379,com.tencent.mm.plugin.account.ui.WelcomeActivity,topStateChangedWhenResumed]
12-18 14:05:10.827  3318  3318 I wm_on_resume_called: [0,170670824,com.miui.home.launcher.Launcher,RESUME_ACTIVITY,20]
12-18 14:05:10.832  3318  3318 I wm_on_top_resumed_gained_called: [170670824,com.miui.home.launcher.Launcher,topStateChangedWhenResumed]
12-18 14:05:10.834  3318  3318 I wm_on_idle_called: com.miui.home.launcher.Launcher
12-18 14:05:10.861 12866 12866 I wm_on_paused_called: [0,210900379,com.tencent.mm.plugin.account.ui.WelcomeActivity,performPause,9]
12-18 14:05:10.879  3318  4079 I com.miui.home: CheckGCForNative adj_start_bytes: 41870923 NativeAllocationGcWatermark: 11485881 java_gc_start_bytes: 24642102 kNewNativeDiscountFactor: 2 kOldNativeDiscountFactor: 65536 old_native_bytes: 76896635 new_native_bytes: 10719408 add_bytes_allowed: 34457643 is_gc_concurrent: 1 target_footprint_: 24778189 GetBytesAllocated: 12802740 HeapGrowthMultiplier: 3
12-18 14:05:10.879  3318  4079 I com.miui.home: CheckGCForNative gc_urgency 0.4338 current_native_bytes is 87616043
12-18 14:05:10.888  3318  3318 I com.miui.home: CheckGCForNative adj_start_bytes: 41870923 NativeAllocationGcWatermark: 11485881 java_gc_start_bytes: 24642102 kNewNativeDiscountFactor: 2 kOldNativeDiscountFactor: 65536 old_native_bytes: 76896635 new_native_bytes: 21454576 add_bytes_allowed: 34457643 is_gc_concurrent: 1 target_footprint_: 24778189 GetBytesAllocated: 12842835 HeapGrowthMultiplier: 3
12-18 14:05:10.888  3318  3318 I com.miui.home: CheckGCForNative gc_urgency 0.562951 current_native_bytes is 98351211
12-18 14:05:10.938 12866 12866 I wm_on_stop_called: [0,161026101,com.tencent.mm.app.WeChatSplashActivity,LIFECYCLER_STOP_ACTIVITY,17]
12-18 14:05:10.943 12866 12866 I wm_on_destroy_called: [0,161026101,com.tencent.mm.app.WeChatSplashActivity,performDestroy,4]
12-18 14:05:10.979 12866 12866 I wm_on_stop_called: [0,239312224,com.tencent.mm.ui.LauncherUI,STOP_ACTIVITY_ITEM,16]
12-18 14:05:11.004 12866 12866 I wm_on_stop_called: [0,210900379,com.tencent.mm.plugin.account.ui.WelcomeActivity,STOP_ACTIVITY_ITEM,16]
12-18 14:05:11.047 12866 12866 I wm_on_idle_called: com.tencent.mm.ui.LauncherUI
12-18 14:05:11.047 12866 12866 I wm_on_idle_called: com.tencent.mm.plugin.account.ui.WelcomeActivity
12-18 14:05:11.429  3318  3318 I wm_on_top_resumed_lost_called: [170670824,com.miui.home.launcher.Launcher,topStateChangedWhenResumed]
12-18 14:05:11.434  3318  3318 I wm_on_paused_called: [0,170670824,com.miui.home.launcher.Launcher,performPause,2]
12-18 14:05:12.238 13261 13261 I wm_on_create_called: [0,244434749,com.sina.weibo.SplashActivity,performCreate,151]
12-18 14:05:12.244 13261 13261 I wm_on_start_called: [0,244434749,com.sina.weibo.SplashActivity,handleStartActivity,5]
12-18 14:05:12.256 13261 13261 I wm_on_resume_called: [0,244434749,com.sina.weibo.SplashActivity,RESUME_ACTIVITY,11]
12-18 14:05:12.266 13261 13261 I wm_on_top_resumed_gained_called: [244434749,com.sina.weibo.SplashActivity,topStateChangedWhenResumed]
12-18 14:05:12.547 13261 13261 I wm_on_idle_called: com.sina.weibo.SplashActivity
12-18 14:05:12.595  3318  3318 I wm_on_stop_called: [0,170670824,com.miui.home.launcher.Launcher,STOP_ACTIVITY_ITEM,22]
12-18 14:05:13.071  3318  3318 I wm_on_restart_called: [0,170670824,com.miui.home.launcher.Launcher,,0]
12-18 14:05:13.073  3318  3318 I wm_on_start_called: [0,170670824,com.miui.home.launcher.Launcher,handleStartActivity,2]
12-18 14:05:13.185  3318 11195 I com.miui.home: CheckGCForNative adj_start_bytes: 41870923 NativeAllocationGcWatermark: 11485881 java_gc_start_bytes: 24642102 kNewNativeDiscountFactor: 2 kOldNativeDiscountFactor: 65536 old_native_bytes: 76896635 new_native_bytes: 21074232 add_bytes_allowed: 34457643 is_gc_concurrent: 1 target_footprint_: 24778189 GetBytesAllocated: 14858694 HeapGrowthMultiplier: 3
12-18 14:05:13.185  3318 11195 I com.miui.home: CheckGCForNative gc_urgency 0.606554 current_native_bytes is 97970867
12-18 14:05:13.190  3318 11195 I com.miui.home: CheckGCForNative adj_start_bytes: 41870923 NativeAllocationGcWatermark: 11485881 java_gc_start_bytes: 24642102 kNewNativeDiscountFactor: 2 kOldNativeDiscountFactor: 65536 old_native_bytes: 76896635 new_native_bytes: 31781176 add_bytes_allowed: 34457643 is_gc_concurrent: 1 target_footprint_: 24778189 GetBytesAllocated: 14866351 HeapGrowthMultiplier: 3
12-18 14:05:13.190  3318 11195 I com.miui.home: CheckGCForNative gc_urgency 0.734594 current_native_bytes is 108677811
12-18 14:05:13.227  3318 11195 I com.miui.home: CheckGCForNative adj_start_bytes: 41870923 NativeAllocationGcWatermark: 11485881 java_gc_start_bytes: 24642102 kNewNativeDiscountFactor: 2 kOldNativeDiscountFactor: 65536 old_native_bytes: 76896635 new_native_bytes: 31796184 add_bytes_allowed: 34457643 is_gc_concurrent: 1 target_footprint_: 24778189 GetBytesAllocated: 14903059 HeapGrowthMultiplier: 3
12-18 14:05:13.227  3318 11195 I com.miui.home: CheckGCForNative gc_urgency 0.735649 current_native_bytes is 108692819
12-18 14:05:13.283  3318  3318 I com.miui.home: CheckGCForNative adj_start_bytes: 41870923 NativeAllocationGcWatermark: 11485881 java_gc_start_bytes: 24642102 kNewNativeDiscountFactor: 2 kOldNativeDiscountFactor: 65536 old_native_bytes: 76896635 new_native_bytes: 21206344 add_bytes_allowed: 34457643 is_gc_concurrent: 1 target_footprint_: 24778189 GetBytesAllocated: 14934604 HeapGrowthMultiplier: 3
12-18 14:05:13.283  3318  3318 I com.miui.home: CheckGCForNative gc_urgency 0.609945 current_native_bytes is 98102979
12-18 14:05:13.361  3318  3318 I com.miui.home: CheckGCForNative adj_start_bytes: 41870923 NativeAllocationGcWatermark: 11485881 java_gc_start_bytes: 24642102 kNewNativeDiscountFactor: 2 kOldNativeDiscountFactor: 65536 old_native_bytes: 76896635 new_native_bytes: 21237512 add_bytes_allowed: 34457643 is_gc_concurrent: 1 target_footprint_: 24778189 GetBytesAllocated: 14962345 HeapGrowthMultiplier: 3
12-18 14:05:13.361  3318  3318 I com.miui.home: CheckGCForNative gc_urgency 0.610979 current_native_bytes is 98134147
12-18 14:05:13.687 13261 13261 I wm_on_top_resumed_lost_called: [244434749,com.sina.weibo.SplashActivity,topStateChangedWhenResumed]
12-18 14:05:13.739 13261 13261 I wm_on_paused_called: [0,244434749,com.sina.weibo.SplashActivity,performPause,1]
12-18 14:05:13.741  3318  3318 I wm_on_resume_called: [0,170670824,com.miui.home.launcher.Launcher,RESUME_ACTIVITY,29]
12-18 14:05:13.744  3318  3318 I wm_on_top_resumed_gained_called: [170670824,com.miui.home.launcher.Launcher,topStateChangedWhenResumed]
12-18 14:05:13.748  3318  3318 I wm_on_idle_called: com.miui.home.launcher.Launcher
12-18 14:05:13.763  3318  3398 I com.miui.home: CheckGCForNative adj_start_bytes: 41870923 NativeAllocationGcWatermark: 11485881 java_gc_start_bytes: 24642102 kNewNativeDiscountFactor: 2 kOldNativeDiscountFactor: 65536 old_native_bytes: 76896635 new_native_bytes: 32278200 add_bytes_allowed: 34457643 is_gc_concurrent: 1 target_footprint_: 24778189 GetBytesAllocated: 15309084 HeapGrowthMultiplier: 3
12-18 14:05:13.763  3318  3398 I com.miui.home: CheckGCForNative gc_urgency 0.751103 current_native_bytes is 109174835
12-18 14:05:13.764  3318  3318 I com.miui.home: CheckGCForNative adj_start_bytes: 41870923 NativeAllocationGcWatermark: 11485881 java_gc_start_bytes: 24642102 kNewNativeDiscountFactor: 2 kOldNativeDiscountFactor: 65536 old_native_bytes: 76896635 new_native_bytes: 42986328 add_bytes_allowed: 34457643 is_gc_concurrent: 1 target_footprint_: 24778189 GetBytesAllocated: 15320267 HeapGrowthMultiplier: 3
12-18 14:05:13.764  3318  3318 I com.miui.home: CheckGCForNative gc_urgency 0.87924 current_native_bytes is 119882963
12-18 14:05:13.786  3318  3774 I com.miui.home: CheckGCForNative adj_start_bytes: 41870923 NativeAllocationGcWatermark: 11485881 java_gc_start_bytes: 24642102 kNewNativeDiscountFactor: 2 kOldNativeDiscountFactor: 65536 old_native_bytes: 76896635 new_native_bytes: 32304536 add_bytes_allowed: 34457643 is_gc_concurrent: 1 target_footprint_: 24778189 GetBytesAllocated: 15362893 HeapGrowthMultiplier: 3
12-18 14:05:13.786  3318  3774 I com.miui.home: CheckGCForNative gc_urgency 0.752702 current_native_bytes is 109201171
12-18 14:05:14.056 13261 13261 I wm_on_stop_called: [0,244434749,com.sina.weibo.SplashActivity,STOP_ACTIVITY_ITEM,11]
12-18 14:05:14.316  3318  3318 I wm_on_top_resumed_lost_called: [170670824,com.miui.home.launcher.Launcher,topStateChangedWhenResumed]
12-18 14:05:14.323  3318  3318 I wm_on_paused_called: [0,170670824,com.miui.home.launcher.Launcher,performPause,4]
12-18 14:05:14.520 13495 13495 I wm_on_application_create_called: [0,com.taobao.taobao,237]
12-18 14:05:15.132 13514 13514 I wm_on_application_create_called: [0,com.taobao.taobao,829]
12-18 14:05:15.337 13654 13654 I wm_on_application_create_called: [0,com.UCMobile,528]
12-18 14:05:16.291  3318  3387 I com.miui.home: CheckGCForNative adj_start_bytes: 41870923 NativeAllocationGcWatermark: 11485881 java_gc_start_bytes: 24642102 kNewNativeDiscountFactor: 2 kOldNativeDiscountFactor: 65536 old_native_bytes: 76896635 new_native_bytes: 42621820 add_bytes_allowed: 34457643 is_gc_concurrent: 1 target_footprint_: 24778189 GetBytesAllocated: 17073985 HeapGrowthMultiplier: 3
12-18 14:05:16.291  3318  3387 I com.miui.home: CheckGCForNative gc_urgency 0.916771 current_native_bytes is 119518455
12-18 14:05:16.291  3318  3387 I com.miui.home: CheckGCForNative adj_start_bytes: 41870923 NativeAllocationGcWatermark: 11485881 java_gc_start_bytes: 24642102 kNewNativeDiscountFactor: 2 kOldNativeDiscountFactor: 65536 old_native_bytes: 76896635 new_native_bytes: 53328764 add_bytes_allowed: 34457643 is_gc_concurrent: 1 target_footprint_: 24778189 GetBytesAllocated: 17074177 HeapGrowthMultiplier: 3
12-18 14:05:16.291  3318  3387 I com.miui.home: CheckGCForNative gc_urgency 1.04463 current_native_bytes is 130225399
12-18 14:05:16.291  3318  3387 I com.miui.home: CheckGCForNative requested 1
12-18 14:05:16.299  3318 11195 I com.miui.home: CheckGCForNative adj_start_bytes: 41870923 NativeAllocationGcWatermark: 11485881 java_gc_start_bytes: 24642102 kNewNativeDiscountFactor: 2 kOldNativeDiscountFactor: 65536 old_native_bytes: 76896635 new_native_bytes: 53328924 add_bytes_allowed: 34457643 is_gc_concurrent: 1 target_footprint_: 24778189 GetBytesAllocated: 17092372 HeapGrowthMultiplier: 3
12-18 14:05:16.299  3318 11195 I com.miui.home: CheckGCForNative gc_urgency 1.04507 current_native_bytes is 130225559
12-18 14:05:16.299  3318 11195 I com.miui.home: CheckGCForNative requested 1
12-18 14:05:16.415  3318  3318 I com.miui.home: CheckGCForNative adj_start_bytes: 41870923 NativeAllocationGcWatermark: 11485881 java_gc_start_bytes: 24642102 kNewNativeDiscountFactor: 2 kOldNativeDiscountFactor: 65536 old_native_bytes: 76896635 new_native_bytes: 42676796 add_bytes_allowed: 34457643 is_gc_concurrent: 1 target_footprint_: 24778189 GetBytesAllocated: 17152483 HeapGrowthMultiplier: 3
12-18 14:05:16.415  3318  3318 I com.miui.home: CheckGCForNative gc_urgency 0.919303 current_native_bytes is 119573431
12-18 14:05:16.435 13654 13654 I wm_on_create_called: [0,79342506,com.UCMobile.main.UCMobile,performCreate,1079]
12-18 14:05:16.536  3318  3318 I com.miui.home: CheckGCForNative adj_start_bytes: 41870923 NativeAllocationGcWatermark: 11485881 java_gc_start_bytes: 24642102 kNewNativeDiscountFactor: 2 kOldNativeDiscountFactor: 65536 old_native_bytes: 76896635 new_native_bytes: 42861188 add_bytes_allowed: 34457643 is_gc_concurrent: 1 target_footprint_: 24778189 GetBytesAllocated: 17227146 HeapGrowthMultiplier: 3
12-18 14:05:16.536  3318  3318 I com.miui.home: CheckGCForNative gc_urgency 0.923288 current_native_bytes is 119757823
12-18 14:05:16.571  3318  3379 I com.miui.home: NativeAlloc concurrent copying GC freed 101804(4169KB) AllocSpace objects, 26(680KB) LOS objects, 49% free, 11MB/23MB, paused 232us,74us total 263.778ms
12-18 14:05:16.904  3318  3398 I com.miui.home: CheckGCForNative gc_urgency 0 current_native_bytes is 87392475
12-18 14:05:16.905  3318  3398 I com.miui.home: CheckGCForNative adj_start_bytes: 41595486 NativeAllocationGcWatermark: 11456360 java_gc_start_bytes: 24410946 kNewNativeDiscountFactor: 2 kOldNativeDiscountFactor: 65536 old_native_bytes: 87392475 new_native_bytes: 10706176 add_bytes_allowed: 34369080 is_gc_concurrent: 1 target_footprint_: 24542018 GetBytesAllocated: 12510488 HeapGrowthMultiplier: 3
12-18 14:05:16.906  3318  3398 I com.miui.home: CheckGCForNative gc_urgency 0.429491 current_native_bytes is 98098651
12-18 14:05:16.919  3318  3318 I wm_on_resume_called: [0,170670824,com.miui.home.launcher.Launcher,RESUME_ACTIVITY,20]
12-18 14:05:16.921  3318  3318 I wm_on_top_resumed_gained_called: [170670824,com.miui.home.launcher.Launcher,topWhenResuming]
12-18 14:05:16.923  3318  3318 I com.miui.home: CheckGCForNative adj_start_bytes: 41595486 NativeAllocationGcWatermark: 11456360 java_gc_start_bytes: 24410946 kNewNativeDiscountFactor: 2 kOldNativeDiscountFactor: 65536 old_native_bytes: 87392475 new_native_bytes: 21413888 add_bytes_allowed: 34369080 is_gc_concurrent: 1 target_footprint_: 24542018 GetBytesAllocated: 12607232 HeapGrowthMultiplier: 3
12-18 14:05:16.923  3318  3318 I com.miui.home: CheckGCForNative gc_urgency 0.56053 current_native_bytes is 108806363
12-18 14:05:16.924  3318  3318 I com.miui.home: CheckGCForNative adj_start_bytes: 41595486 NativeAllocationGcWatermark: 11456360 java_gc_start_bytes: 24410946 kNewNativeDiscountFactor: 2 kOldNativeDiscountFactor: 65536 old_native_bytes: 87392475 new_native_bytes: 21416704 add_bytes_allowed: 34369080 is_gc_concurrent: 1 target_footprint_: 24542018 GetBytesAllocated: 12615931 HeapGrowthMultiplier: 3
12-18 14:05:16.924  3318  3318 I com.miui.home: CheckGCForNative gc_urgency 0.560773 current_native_bytes is 108809179
12-18 14:05:16.926  3318  3318 I wm_on_idle_called: com.miui.home.launcher.Launcher
12-18 14:05:17.223  3318  3318 I wm_on_top_resumed_lost_called: [170670824,com.miui.home.launcher.Launcher,topStateChangedWhenResumed]
12-18 14:05:17.249  3318  3318 I wm_on_paused_called: [0,170670824,com.miui.home.launcher.Launcher,performPause,2]
12-18 14:05:17.764 13654 13654 I wm_on_destroy_called: [0,79342506,com.UCMobile.main.UCMobile,performDestroy,17]
12-18 14:05:18.305 14141 14141 I wm_on_create_called: [0,181278950,com.tencent.mtt.SplashActivity,performCreate,60]
12-18 14:05:18.434 14141 14141 I wm_on_create_called: [0,171081293,com.tencent.mtt.MainActivity,performCreate,73]
12-18 14:05:18.464 14141 14141 I wm_on_destroy_called: [0,181278950,com.tencent.mtt.SplashActivity,performDestroy,1]
12-18 14:05:18.465  3318  3318 I wm_on_stop_called: [0,170670824,com.miui.home.launcher.Launcher,STOP_ACTIVITY_ITEM,12]
12-18 14:05:18.472  3318  3318 I com.miui.home: CheckGCForNative adj_start_bytes: 41595486 NativeAllocationGcWatermark: 11456360 java_gc_start_bytes: 24410946 kNewNativeDiscountFactor: 2 kOldNativeDiscountFactor: 65536 old_native_bytes: 87392475 new_native_bytes: 10306308 add_bytes_allowed: 34369080 is_gc_concurrent: 1 target_footprint_: 24542018 GetBytesAllocated: 14269767 HeapGrowthMultiplier: 3
12-18 14:05:18.472  3318  3318 I com.miui.home: CheckGCForNative gc_urgency 0.46698 current_native_bytes is 97698783
12-18 14:05:18.734 14306 14306 I wm_on_create_called: [0,17465935,com.tencent.mtt.BlockActivity,performCreate,72]
12-18 14:05:18.739 14306 14306 I wm_on_start_called: [0,17465935,com.tencent.mtt.BlockActivity,handleStartActivity,4]
12-18 14:05:18.751 14306 14306 I wm_on_resume_called: [0,17465935,com.tencent.mtt.BlockActivity,RESUME_ACTIVITY,10]
12-18 14:05:18.784 14306 14306 I wm_on_top_resumed_gained_called: [17465935,com.tencent.mtt.BlockActivity,topStateChangedWhenResumed]
12-18 14:05:18.930 14306 14306 I wm_on_idle_called: com.tencent.mtt.BlockActivity
12-18 14:05:18.938 14141 14141 I wm_on_destroy_called: [0,171081293,com.tencent.mtt.MainActivity,performDestroy,1]
12-18 14:05:19.200  3318  3318 I wm_on_restart_called: [0,170670824,com.miui.home.launcher.Launcher,,0]
12-18 14:05:19.202  3318  3318 I wm_on_start_called: [0,170670824,com.miui.home.launcher.Launcher,handleStartActivity,3]
12-18 14:05:19.343  3318 11195 I com.miui.home: CheckGCForNative adj_start_bytes: 41595486 NativeAllocationGcWatermark: 11456360 java_gc_start_bytes: 24410946 kNewNativeDiscountFactor: 2 kOldNativeDiscountFactor: 65536 old_native_bytes: 87392475 new_native_bytes: 21237896 add_bytes_allowed: 34369080 is_gc_concurrent: 1 target_footprint_: 24542018 GetBytesAllocated: 14887518 HeapGrowthMultiplier: 3
12-18 14:05:19.343  3318 11195 I com.miui.home: CheckGCForNative gc_urgency 0.613235 current_native_bytes is 108630371
12-18 14:05:19.344  3318 11195 I com.miui.home: CheckGCForNative adj_start_bytes: 41595486 NativeAllocationGcWatermark: 11456360 java_gc_start_bytes: 24410946 kNewNativeDiscountFactor: 2 kOldNativeDiscountFactor: 65536 old_native_bytes: 87392475 new_native_bytes: 31944840 add_bytes_allowed: 34369080 is_gc_concurrent: 1 target_footprint_: 24542018 GetBytesAllocated: 14889712 HeapGrowthMultiplier: 3
12-18 14:05:19.344  3318 11195 I com.miui.home: CheckGCForNative gc_urgency 0.741991 current_native_bytes is 119337315
12-18 14:05:19.375  3318  3318 I com.miui.home: CheckGCForNative adj_start_bytes: 41595486 NativeAllocationGcWatermark: 11456360 java_gc_start_bytes: 24410946 kNewNativeDiscountFactor: 2 kOldNativeDiscountFactor: 65536 old_native_bytes: 87392475 new_native_bytes: 21252904 add_bytes_allowed: 34369080 is_gc_concurrent: 1 target_footprint_: 24542018 GetBytesAllocated: 14933927 HeapGrowthMultiplier: 3
12-18 14:05:19.375  3318  3318 I com.miui.home: CheckGCForNative gc_urgency 0.614531 current_native_bytes is 108645379
12-18 14:05:19.376  3318 11195 I com.miui.home: CheckGCForNative adj_start_bytes: 41595486 NativeAllocationGcWatermark: 11456360 java_gc_start_bytes: 24410946 kNewNativeDiscountFactor: 2 kOldNativeDiscountFactor: 65536 old_native_bytes: 87392475 new_native_bytes: 31958824 add_bytes_allowed: 34369080 is_gc_concurrent: 1 target_footprint_: 24542018 GetBytesAllocated: 14933927 HeapGrowthMultiplier: 3
12-18 14:05:19.376  3318 11195 I com.miui.home: CheckGCForNative gc_urgency 0.743222 current_native_bytes is 119351299
12-18 14:05:19.654  3318  3318 I com.miui.home: CheckGCForNative adj_start_bytes: 41595486 NativeAllocationGcWatermark: 11456360 java_gc_start_bytes: 24410946 kNewNativeDiscountFactor: 2 kOldNativeDiscountFactor: 65536 old_native_bytes: 87392475 new_native_bytes: 21606216 add_bytes_allowed: 34369080 is_gc_concurrent: 1 target_footprint_: 24542018 GetBytesAllocated: 15047132 HeapGrowthMultiplier: 3
12-18 14:05:19.654  3318  3318 I com.miui.home: CheckGCForNative gc_urgency 0.621499 current_native_bytes is 108998691
12-18 14:05:19.845 14306 14306 I wm_on_top_resumed_lost_called: [17465935,com.tencent.mtt.BlockActivity,topStateChangedWhenResumed]
12-18 14:05:19.887  3318  3318 I wm_on_resume_called: [0,170670824,com.miui.home.launcher.Launcher,RESUME_ACTIVITY,19]
12-18 14:05:19.893  3318  3318 I wm_on_idle_called: com.miui.home.launcher.Launcher
12-18 14:05:19.896  3318  3318 I wm_on_top_resumed_gained_called: [170670824,com.miui.home.launcher.Launcher,topStateChangedWhenResumed]
12-18 14:05:19.896 14306 14306 I wm_on_paused_called: [0,17465935,com.tencent.mtt.BlockActivity,performPause,0]
12-18 14:05:19.903  3318  3387 I com.miui.home: CheckGCForNative adj_start_bytes: 41595486 NativeAllocationGcWatermark: 11456360 java_gc_start_bytes: 24410946 kNewNativeDiscountFactor: 2 kOldNativeDiscountFactor: 65536 old_native_bytes: 87392475 new_native_bytes: 32398184 add_bytes_allowed: 34369080 is_gc_concurrent: 1 target_footprint_: 24542018 GetBytesAllocated: 15359223 HeapGrowthMultiplier: 3
12-18 14:05:19.903  3318  3387 I com.miui.home: CheckGCForNative gc_urgency 0.758728 current_native_bytes is 119790659
12-18 14:05:19.913  3318  3318 I com.miui.home: CheckGCForNative adj_start_bytes: 41595486 NativeAllocationGcWatermark: 11456360 java_gc_start_bytes: 24410946 kNewNativeDiscountFactor: 2 kOldNativeDiscountFactor: 65536 old_native_bytes: 87392475 new_native_bytes: 43106248 add_bytes_allowed: 34369080 is_gc_concurrent: 1 target_footprint_: 24542018 GetBytesAllocated: 15385706 HeapGrowthMultiplier: 3
12-18 14:05:19.913  3318  3318 I com.miui.home: CheckGCForNative gc_urgency 0.888081 current_native_bytes is 130498723
12-18 14:05:20.035 14306 14306 I wm_on_stop_called: [0,17465935,com.tencent.mtt.BlockActivity,STOP_ACTIVITY_ITEM,55]
12-18 14:05:20.284  3318  3318 I wm_on_top_resumed_lost_called: [170670824,com.miui.home.launcher.Launcher,topStateChangedWhenResumed]
12-18 14:05:20.302  3318  3318 I wm_on_paused_called: [0,170670824,com.miui.home.launcher.Launcher,performPause,3]
12-18 14:05:21.512 14498 14498 I wm_on_application_create_called: [0,com.youku.phone,598]
12-18 14:05:21.781 14498 14498 I wm_on_create_called: [0,207254010,com.youku.phone.ActivityWelcome,performCreate,161]
12-18 14:05:22.292  3318  3398 I com.miui.home: CheckGCForNative adj_start_bytes: 41595486 NativeAllocationGcWatermark: 11456360 java_gc_start_bytes: 24410946 kNewNativeDiscountFactor: 2 kOldNativeDiscountFactor: 65536 old_native_bytes: 87392475 new_native_bytes: 42752644 add_bytes_allowed: 34369080 is_gc_concurrent: 1 target_footprint_: 24542018 GetBytesAllocated: 17201293 HeapGrowthMultiplier: 3
12-18 14:05:22.292  3318  3398 I com.miui.home: CheckGCForNative gc_urgency 0.927479 current_native_bytes is 130145119
12-18 14:05:22.294  3318 11195 I com.miui.home: CheckGCForNative adj_start_bytes: 41595486 NativeAllocationGcWatermark: 11456360 java_gc_start_bytes: 24410946 kNewNativeDiscountFactor: 2 kOldNativeDiscountFactor: 65536 old_native_bytes: 87392475 new_native_bytes: 53459204 add_bytes_allowed: 34369080 is_gc_concurrent: 1 target_footprint_: 24542018 GetBytesAllocated: 17201293 HeapGrowthMultiplier: 3
12-18 14:05:22.294  3318 11195 I com.miui.home: CheckGCForNative gc_urgency 1.05618 current_native_bytes is 140851679
12-18 14:05:22.295  3318 11195 I com.miui.home: CheckGCForNative requested 1
12-18 14:05:22.298  3318 11195 I com.miui.home: CheckGCForNative adj_start_bytes: 41595486 NativeAllocationGcWatermark: 11456360 java_gc_start_bytes: 24410946 kNewNativeDiscountFactor: 2 kOldNativeDiscountFactor: 65536 old_native_bytes: 87392475 new_native_bytes: 64166148 add_bytes_allowed: 34369080 is_gc_concurrent: 1 target_footprint_: 24542018 GetBytesAllocated: 17207972 HeapGrowthMultiplier: 3
12-18 14:05:22.304  3318  3318 I com.miui.home: CheckGCForNative adj_start_bytes: 41595486 NativeAllocationGcWatermark: 11456360 java_gc_start_bytes: 24410946 kNewNativeDiscountFactor: 2 kOldNativeDiscountFactor: 65536 old_native_bytes: 87392475 new_native_bytes: 74874116 add_bytes_allowed: 34369080 is_gc_concurrent: 1 target_footprint_: 24542018 GetBytesAllocated: 17212960 HeapGrowthMultiplier: 3
12-18 14:05:22.304  3318  3318 I com.miui.home: CheckGCForNative gc_urgency 1.31388 current_native_bytes is 162266591
12-18 14:05:22.304  3318  3318 I com.miui.home: CheckGCForNative requested 1
12-18 14:05:22.304  3318 11195 I com.miui.home: CheckGCForNative gc_urgency 1.18516 current_native_bytes is 151558623
12-18 14:05:22.304  3318 11195 I com.miui.home: CheckGCForNative requested 1
12-18 14:05:22.310  3318  3318 I com.miui.home: CheckGCForNative adj_start_bytes: 41595486 NativeAllocationGcWatermark: 11456360 java_gc_start_bytes: 24410946 kNewNativeDiscountFactor: 2 kOldNativeDiscountFactor: 65536 old_native_bytes: 87392475 new_native_bytes: 53464100 add_bytes_allowed: 34369080 is_gc_concurrent: 1 target_footprint_: 24542018 GetBytesAllocated: 17236357 HeapGrowthMultiplier: 3
12-18 14:05:22.310  3318  3318 I com.miui.home: CheckGCForNative gc_urgency 1.05708 current_native_bytes is 140856575
12-18 14:05:22.310  3318  3318 I com.miui.home: CheckGCForNative requested 1
12-18 14:05:22.321  3318  3318 I com.miui.home: CheckGCForNative adj_start_bytes: 41595486 NativeAllocationGcWatermark: 11456360 java_gc_start_bytes: 24410946 kNewNativeDiscountFactor: 2 kOldNativeDiscountFactor: 65536 old_native_bytes: 87392475 new_native_bytes: 53465252 add_bytes_allowed: 34369080 is_gc_concurrent: 1 target_footprint_: 24542018 GetBytesAllocated: 17236357 HeapGrowthMultiplier: 3
12-18 14:05:22.321  3318  3318 I com.miui.home: CheckGCForNative gc_urgency 1.05709 current_native_bytes is 140857727
12-18 14:05:22.321  3318  3318 I com.miui.home: CheckGCForNative requested 1
12-18 14:05:22.368 14498 14498 I wm_on_create_called: [0,131273398,com.youku.v2.HomePageEntry,performCreate,406]
12-18 14:05:22.499  3318  3379 I com.miui.home: NativeAlloc concurrent copying GC freed 98692(4089KB) AllocSpace objects, 28(784KB) LOS objects, 49% free, 11MB/23MB, paused 208us,78us total 199.728ms
12-18 14:05:22.678  3318  3318 I com.miui.home: CheckGCForNative gc_urgency 0 current_native_bytes is 76559999
12-18 14:05:22.877  3318  3318 I wm_on_resume_called: [0,170670824,com.miui.home.launcher.Launcher,RESUME_ACTIVITY,19]
12-18 14:05:22.889  3318  3318 I wm_on_idle_called: com.miui.home.launcher.Launcher
12-18 14:05:22.931  3318 10064 I com.miui.home: CheckGCForNative adj_start_bytes: 41753539 NativeAllocationGcWatermark: 11472997 java_gc_start_bytes: 24544044 kNewNativeDiscountFactor: 2 kOldNativeDiscountFactor: 65536 old_native_bytes: 76559999 new_native_bytes: 10866692 add_bytes_allowed: 34418991 is_gc_concurrent: 1 target_footprint_: 24675116 GetBytesAllocated: 12885545 HeapGrowthMultiplier: 3
12-18 14:05:22.931  3318 10064 I com.miui.home: CheckGCForNative gc_urgency 0.438767 current_native_bytes is 87426691
12-18 14:05:22.979  3318  3318 I com.miui.home: CheckGCForNative adj_start_bytes: 41753539 NativeAllocationGcWatermark: 11472997 java_gc_start_bytes: 24544044 kNewNativeDiscountFactor: 2 kOldNativeDiscountFactor: 65536 old_native_bytes: 76559999 new_native_bytes: 21593876 add_bytes_allowed: 34418991 is_gc_concurrent: 1 target_footprint_: 24675116 GetBytesAllocated: 12914880 HeapGrowthMultiplier: 3
12-18 14:05:22.979  3318  3318 I com.miui.home: CheckGCForNative gc_urgency 0.567928 current_native_bytes is 98153875
12-18 14:05:22.984  3318  3318 I wm_on_paused_called: [0,170670824,com.miui.home.launcher.Launcher,performPause,3]
12-18 14:05:23.330 14498 14498 I wm_on_start_called: [0,131273398,com.youku.v2.HomePageEntry,handleStartActivity,940]
12-18 14:05:24.017 15016 15016 I wm_on_create_called: [0,202201004,com.ucpro.MainActivity,performCreate,70]
12-18 14:05:24.424 15016 15016 I wm_on_create_called: [0,147066337,com.ucpro.BrowserActivity,performCreate,314]
12-18 14:05:24.427 15016 15016 I wm_on_start_called: [0,147066337,com.ucpro.BrowserActivity,handleStartActivity,4]
12-18 14:05:24.448 15016 15016 I wm_on_resume_called: [0,147066337,com.ucpro.BrowserActivity,RESUME_ACTIVITY,12]
12-18 14:05:24.475 15016 15016 I wm_on_top_resumed_gained_called: [147066337,com.ucpro.BrowserActivity,topStateChangedWhenResumed]
12-18 14:05:24.869  3318  3318 I wm_on_stop_called: [0,170670824,com.miui.home.launcher.Launcher,STOP_ACTIVITY_ITEM,9]
12-18 14:05:24.960 15016 15016 I wm_on_destroy_called: [0,202201004,com.ucpro.MainActivity,performDestroy,0]
12-18 14:05:25.449  3318  3318 I wm_on_restart_called: [0,170670824,com.miui.home.launcher.Launcher,,0]
12-18 14:05:25.451  3318  3318 I wm_on_start_called: [0,170670824,com.miui.home.launcher.Launcher,handleStartActivity,2]
12-18 14:05:25.492  3318  3318 I com.miui.home: CheckGCForNative adj_start_bytes: 41753539 NativeAllocationGcWatermark: 11472997 java_gc_start_bytes: 24544044 kNewNativeDiscountFactor: 2 kOldNativeDiscountFactor: 65536 old_native_bytes: 76559999 new_native_bytes: 10518440 add_bytes_allowed: 34418991 is_gc_concurrent: 1 target_footprint_: 24675116 GetBytesAllocated: 14804653 HeapGrowthMultiplier: 3
12-18 14:05:25.492  3318  3318 I com.miui.home: CheckGCForNative gc_urgency 0.480559 current_native_bytes is 87078439
12-18 14:05:25.589  3318 11195 I com.miui.home: CheckGCForNative adj_start_bytes: 41753539 NativeAllocationGcWatermark: 11472997 java_gc_start_bytes: 24544044 kNewNativeDiscountFactor: 2 kOldNativeDiscountFactor: 65536 old_native_bytes: 76559999 new_native_bytes: 21315080 add_bytes_allowed: 34418991 is_gc_concurrent: 1 target_footprint_: 24675116 GetBytesAllocated: 14845996 HeapGrowthMultiplier: 3
12-18 14:05:25.589  3318 11195 I com.miui.home: CheckGCForNative gc_urgency 0.610839 current_native_bytes is 97875079
12-18 14:05:25.599  3318  3398 I com.miui.home: CheckGCForNative adj_start_bytes: 41753539 NativeAllocationGcWatermark: 11472997 java_gc_start_bytes: 24544044 kNewNativeDiscountFactor: 2 kOldNativeDiscountFactor: 65536 old_native_bytes: 76559999 new_native_bytes: 32021256 add_bytes_allowed: 34418991 is_gc_concurrent: 1 target_footprint_: 24675116 GetBytesAllocated: 14846188 HeapGrowthMultiplier: 3
12-18 14:05:25.599  3318  3398 I com.miui.home: CheckGCForNative gc_urgency 0.739051 current_native_bytes is 108581255
12-18 14:05:25.601  3318  3318 I com.miui.home: CheckGCForNative adj_start_bytes: 41753539 NativeAllocationGcWatermark: 11472997 java_gc_start_bytes: 24544044 kNewNativeDiscountFactor: 2 kOldNativeDiscountFactor: 65536 old_native_bytes: 76559999 new_native_bytes: 42728200 add_bytes_allowed: 34418991 is_gc_concurrent: 1 target_footprint_: 24675116 GetBytesAllocated: 14860992 HeapGrowthMultiplier: 3
12-18 14:05:25.601  3318  3318 I com.miui.home: CheckGCForNative gc_urgency 0.867621 current_native_bytes is 119288199
12-18 14:05:25.696  3318  3318 I com.miui.home: CheckGCForNative adj_start_bytes: 41753539 NativeAllocationGcWatermark: 11472997 java_gc_start_bytes: 24544044 kNewNativeDiscountFactor: 2 kOldNativeDiscountFactor: 65536 old_native_bytes: 76559999 new_native_bytes: 21358504 add_bytes_allowed: 34418991 is_gc_concurrent: 1 target_footprint_: 24675116 GetBytesAllocated: 14910716 HeapGrowthMultiplier: 3
12-18 14:05:25.696  3318  3318 I com.miui.home: CheckGCForNative gc_urgency 0.612909 current_native_bytes is 97918503
12-18 14:05:26.051  3318  3318 I com.miui.home: CheckGCForNative adj_start_bytes: 41753539 NativeAllocationGcWatermark: 11472997 java_gc_start_bytes: 24544044 kNewNativeDiscountFactor: 2 kOldNativeDiscountFactor: 65536 old_native_bytes: 76559999 new_native_bytes: 21717976 add_bytes_allowed: 34418991 is_gc_concurrent: 1 target_footprint_: 24675116 GetBytesAllocated: 15050985 HeapGrowthMultiplier: 3
12-18 14:05:26.051  3318  3318 I com.miui.home: CheckGCForNative gc_urgency 0.620573 current_native_bytes is 98277975
12-18 14:05:26.137  3318 10064 I com.miui.home: CheckGCForNative adj_start_bytes: 41753539 NativeAllocationGcWatermark: 11472997 java_gc_start_bytes: 24544044 kNewNativeDiscountFactor: 2 kOldNativeDiscountFactor: 65536 old_native_bytes: 76559999 new_native_bytes: 32429560 add_bytes_allowed: 34418991 is_gc_concurrent: 1 target_footprint_: 24675116 GetBytesAllocated: 15223041 HeapGrowthMultiplier: 3
12-18 14:05:26.137  3318 10064 I com.miui.home: CheckGCForNative gc_urgency 0.752966 current_native_bytes is 108989559
12-18 14:05:26.137  3318  3318 I wm_on_resume_called: [0,170670824,com.miui.home.launcher.Launcher,RESUME_ACTIVITY,18]
12-18 14:05:26.143  3318  3318 I com.miui.home: CheckGCForNative adj_start_bytes: 41753539 NativeAllocationGcWatermark: 11472997 java_gc_start_bytes: 24544044 kNewNativeDiscountFactor: 2 kOldNativeDiscountFactor: 65536 old_native_bytes: 76559999 new_native_bytes: 43138552 add_bytes_allowed: 34418991 is_gc_concurrent: 1 target_footprint_: 24675116 GetBytesAllocated: 15249166 HeapGrowthMultiplier: 3
12-18 14:05:26.143  3318  3318 I com.miui.home: CheckGCForNative gc_urgency 0.881832 current_native_bytes is 119698551
12-18 14:05:26.145  3318  3318 I wm_on_idle_called: com.miui.home.launcher.Launcher
12-18 14:05:26.595  3318  3318 I wm_on_top_resumed_gained_called: [170670824,com.miui.home.launcher.Launcher,topStateChangedWhenResumed]
12-18 14:05:27.171 15016 15016 I wm_on_top_resumed_lost_called: [147066337,com.ucpro.BrowserActivity,topStateChangedWhenResumed]
12-18 14:05:27.246 15016 15016 I wm_on_paused_called: [0,147066337,com.ucpro.BrowserActivity,performPause,72]
12-18 14:05:27.312 15016 15016 I wm_on_stop_called: [0,147066337,com.ucpro.BrowserActivity,STOP_ACTIVITY_ITEM,43]
