12-18 14:04:37.340  3318  3318 I wm_on_top_resumed_lost_called: [170670824,com.miui.home.launcher.Launcher,topStateChangedWhenResumed]
12-18 14:04:37.348  3318  3318 I wm_on_paused_called: [0,170670824,com.miui.home.launcher.Launcher,performPause,5]
12-18 14:04:38.412  8156  8156 I wm_on_application_create_called: [0,com.autonavi.minimap,373]
12-18 14:04:38.616  8060  8060 I wm_on_application_create_called: [0,com.autonavi.minimap,918]
12-18 14:04:38.818  3318  4079 I com.miui.home: CheckGCForNative adj_start_bytes: 41113886 NativeAllocationGcWatermark: 11405665 java_gc_start_bytes: 24005389 kNewNativeDiscountFactor: 2 kOldNativeDiscountFactor: 65536 old_native_bytes: 58986787 new_native_bytes: 20963808 add_bytes_allowed: 34216995 is_gc_concurrent: 1 target_footprint_: 24136461 GetBytesAllocated: 12936469 HeapGrowthMultiplier: 3
12-18 14:04:38.818  3318  4079 I com.miui.home: CheckGCForNative gc_urgency 0.569619 current_native_bytes is 79950595
12-18 14:04:38.840  3318  3387 I com.miui.home: CheckGCForNative adj_start_bytes: 41113886 NativeAllocationGcWatermark: 11405665 java_gc_start_bytes: 24005389 kNewNativeDiscountFactor: 2 kOldNativeDiscountFactor: 65536 old_native_bytes: 58986787 new_native_bytes: 10257440 add_bytes_allowed: 34216995 is_gc_concurrent: 1 target_footprint_: 24136461 GetBytesAllocated: 12936469 HeapGrowthMultiplier: 3
12-18 14:04:38.840  3318  3387 I com.miui.home: CheckGCForNative gc_urgency 0.439819 current_native_bytes is 69244227
12-18 14:04:38.843  3318  3318 I com.miui.home: CheckGCForNative adj_start_bytes: 41113886 NativeAllocationGcWatermark: 11405665 java_gc_start_bytes: 24005389 kNewNativeDiscountFactor: 2 kOldNativeDiscountFactor: 65536 old_native_bytes: 58986787 new_native_bytes: 31673824 add_bytes_allowed: 34216995 is_gc_concurrent: 1 target_footprint_: 24136461 GetBytesAllocated: 12957421 HeapGrowthMultiplier: 3
12-18 14:04:38.843  3318  3318 I com.miui.home: CheckGCForNative gc_urgency 0.700522 current_native_bytes is 90660611
12-18 14:04:38.954  8060  8060 I wm_on_create_called: [0,37949510,com.autonavi.map.activity.SplashActivity,performCreate,207]
12-18 14:04:38.956  3318  3318 I com.miui.home: CheckGCForNative adj_start_bytes: 41113886 NativeAllocationGcWatermark: 11405665 java_gc_start_bytes: 24005389 kNewNativeDiscountFactor: 2 kOldNativeDiscountFactor: 65536 old_native_bytes: 58986787 new_native_bytes: 11393920 add_bytes_allowed: 34216995 is_gc_concurrent: 1 target_footprint_: 24136461 GetBytesAllocated: 13036139 HeapGrowthMultiplier: 3
12-18 14:04:38.956  3318  3318 I com.miui.home: CheckGCForNative gc_urgency 0.455661 current_native_bytes is 70380707
12-18 14:04:39.289  3318  3318 I com.miui.home: CheckGCForNative adj_start_bytes: 41113886 NativeAllocationGcWatermark: 11405665 java_gc_start_bytes: 24005389 kNewNativeDiscountFactor: 2 kOldNativeDiscountFactor: 65536 old_native_bytes: 58986787 new_native_bytes: 13979288 add_bytes_allowed: 34216995 is_gc_concurrent: 1 target_footprint_: 24136461 GetBytesAllocated: 13210451 HeapGrowthMultiplier: 3
12-18 14:04:39.289  3318  3318 I com.miui.home: CheckGCForNative gc_urgency 0.491342 current_native_bytes is 72966075
12-18 14:04:39.289  8060  8060 I wm_on_create_called: [0,160063300,com.autonavi.map.activity.NewMapActivity,performCreate,236]
12-18 14:04:39.302  8060  8060 I wm_on_start_called: [0,160063300,com.autonavi.map.activity.NewMapActivity,handleStartActivity,13]
12-18 14:04:39.311  3318  3318 I com.miui.home: CheckGCForNative adj_start_bytes: 41113886 NativeAllocationGcWatermark: 11405665 java_gc_start_bytes: 24005389 kNewNativeDiscountFactor: 2 kOldNativeDiscountFactor: 65536 old_native_bytes: 58986787 new_native_bytes: 13980056 add_bytes_allowed: 34216995 is_gc_concurrent: 1 target_footprint_: 24136461 GetBytesAllocated: 13217826 HeapGrowthMultiplier: 3
12-18 14:04:39.311  3318  3318 I com.miui.home: CheckGCForNative gc_urgency 0.491531 current_native_bytes is 72966843
12-18 14:04:39.312  8060  8060 I wm_on_resume_called: [0,160063300,com.autonavi.map.activity.NewMapActivity,RESUME_ACTIVITY,7]
12-18 14:04:39.379  8060  8060 I wm_on_top_resumed_gained_called: [160063300,com.autonavi.map.activity.NewMapActivity,topStateChangedWhenResumed]
12-18 14:04:39.380  8060  8060 I wm_on_top_resumed_lost_called: [160063300,com.autonavi.map.activity.NewMapActivity,topStateChangedWhenResumed]
12-18 14:04:39.399  3318  3398 I com.miui.home: CheckGCForNative adj_start_bytes: 41113886 NativeAllocationGcWatermark: 11405665 java_gc_start_bytes: 24005389 kNewNativeDiscountFactor: 2 kOldNativeDiscountFactor: 65536 old_native_bytes: 58986787 new_native_bytes: 24690088 add_bytes_allowed: 34216995 is_gc_concurrent: 1 target_footprint_: 24136461 GetBytesAllocated: 13265273 HeapGrowthMultiplier: 3
12-18 14:04:39.399  3318  3398 I com.miui.home: CheckGCForNative gc_urgency 0.622933 current_native_bytes is 83676875
12-18 14:04:39.401  3318  3318 I com.miui.home: CheckGCForNative adj_start_bytes: 41113886 NativeAllocationGcWatermark: 11405665 java_gc_start_bytes: 24005389 kNewNativeDiscountFactor: 2 kOldNativeDiscountFactor: 65536 old_native_bytes: 58986787 new_native_bytes: 35397192 add_bytes_allowed: 34216995 is_gc_concurrent: 1 target_footprint_: 24136461 GetBytesAllocated: 13269882 HeapGrowthMultiplier: 3
12-18 14:04:39.401  3318  3318 I com.miui.home: CheckGCForNative gc_urgency 0.753258 current_native_bytes is 94383979
12-18 14:04:39.676  8060  8060 I wm_on_paused_called: [0,160063300,com.autonavi.map.activity.NewMapActivity,performPause,2]
12-18 14:04:40.265  8503  8503 I wm_on_create_called: [0,259237330,fm.qingting.qtradio.WelcomeActivity,performCreate,76]
12-18 14:04:40.266  8503  8503 I wm_on_start_called: [0,259237330,fm.qingting.qtradio.WelcomeActivity,handleStartActivity,1]
12-18 14:04:40.271  8503  8503 I wm_on_resume_called: [0,259237330,fm.qingting.qtradio.WelcomeActivity,RESUME_ACTIVITY,4]
12-18 14:04:40.297  8503  8503 I wm_on_top_resumed_gained_called: [259237330,fm.qingting.qtradio.WelcomeActivity,topStateChangedWhenResumed]
12-18 14:04:40.496  3318  3318 I wm_on_stop_called: [0,170670824,com.miui.home.launcher.Launcher,STOP_ACTIVITY_ITEM,8]
12-18 14:04:40.855  8503  8503 I wm_on_idle_called: fm.qingting.qtradio.WelcomeActivity
12-18 14:04:41.095  3318  3318 I wm_on_restart_called: [0,170670824,com.miui.home.launcher.Launcher,,0]
12-18 14:04:41.097  3318  3318 I wm_on_start_called: [0,170670824,com.miui.home.launcher.Launcher,handleStartActivity,2]
12-18 14:04:41.201  3318  3398 I com.miui.home: CheckGCForNative adj_start_bytes: 41113886 NativeAllocationGcWatermark: 11405665 java_gc_start_bytes: 24005389 kNewNativeDiscountFactor: 2 kOldNativeDiscountFactor: 65536 old_native_bytes: 58986787 new_native_bytes: 35472856 add_bytes_allowed: 34216995 is_gc_concurrent: 1 target_footprint_: 24136461 GetBytesAllocated: 14088633 HeapGrowthMultiplier: 3
12-18 14:04:41.201  3318  3398 I com.miui.home: CheckGCForNative gc_urgency 0.774093 current_native_bytes is 94459643
12-18 14:04:41.202  3318  3318 I com.miui.home: CheckGCForNative adj_start_bytes: 41113886 NativeAllocationGcWatermark: 11405665 java_gc_start_bytes: 24005389 kNewNativeDiscountFactor: 2 kOldNativeDiscountFactor: 65536 old_native_bytes: 58986787 new_native_bytes: 46180600 add_bytes_allowed: 34216995 is_gc_concurrent: 1 target_footprint_: 24136461 GetBytesAllocated: 14096869 HeapGrowthMultiplier: 3
12-18 14:04:41.202  3318  3318 I com.miui.home: CheckGCForNative gc_urgency 0.904514 current_native_bytes is 105167387
12-18 14:04:41.202  3318  4079 I com.miui.home: CheckGCForNative adj_start_bytes: 41113886 NativeAllocationGcWatermark: 11405665 java_gc_start_bytes: 24005389 kNewNativeDiscountFactor: 2 kOldNativeDiscountFactor: 65536 old_native_bytes: 58986787 new_native_bytes: 56886520 add_bytes_allowed: 34216995 is_gc_concurrent: 1 target_footprint_: 24136461 GetBytesAllocated: 14096869 HeapGrowthMultiplier: 3
12-18 14:04:41.202  3318  4079 I com.miui.home: CheckGCForNative gc_urgency 1.03471 current_native_bytes is 115873307
12-18 14:04:41.202  3318  4079 I com.miui.home: CheckGCForNative requested 1
12-18 14:04:41.328  3318  3379 I com.miui.home: NativeAlloc concurrent copying GC freed 34998(1682KB) AllocSpace objects, 5(228KB) LOS objects, 49% free, 11MB/23MB, paused 211us,66us total 123.451ms
12-18 14:04:41.343  8680  8680 I wm_on_application_create_called: [0,com.baidu.input_mi,265]
12-18 14:04:41.440  3318  3318 I com.miui.home: CheckGCForNative gc_urgency 0 current_native_bytes is 73526811
12-18 14:04:41.672  3318  3318 I com.miui.home: CheckGCForNative adj_start_bytes: 41478893 NativeAllocationGcWatermark: 11444087 java_gc_start_bytes: 24312763 kNewNativeDiscountFactor: 2 kOldNativeDiscountFactor: 65536 old_native_bytes: 73526811 new_native_bytes: 51592 add_bytes_allowed: 34332261 is_gc_concurrent: 1 target_footprint_: 24443835 GetBytesAllocated: 12369375 HeapGrowthMultiplier: 3
12-18 14:04:41.672  3318  3318 I com.miui.home: CheckGCForNative gc_urgency 0.298858 current_native_bytes is 73578403
12-18 14:04:41.704  8503  8503 I wm_on_top_resumed_lost_called: [259237330,fm.qingting.qtradio.WelcomeActivity,topStateChangedWhenResumed]
12-18 14:04:41.766  3318  3318 I wm_on_resume_called: [0,170670824,com.miui.home.launcher.Launcher,RESUME_ACTIVITY,24]
12-18 14:04:41.769  8503  8503 I wm_on_paused_called: [0,259237330,fm.qingting.qtradio.WelcomeActivity,performPause,5]
12-18 14:04:41.784  3318  3387 I com.miui.home: CheckGCForNative adj_start_bytes: 41478893 NativeAllocationGcWatermark: 11444087 java_gc_start_bytes: 24312763 kNewNativeDiscountFactor: 2 kOldNativeDiscountFactor: 65536 old_native_bytes: 73526811 new_native_bytes: 10759408 add_bytes_allowed: 34332261 is_gc_concurrent: 1 target_footprint_: 24443835 GetBytesAllocated: 12677011 HeapGrowthMultiplier: 3
12-18 14:04:41.784  3318  3387 I com.miui.home: CheckGCForNative gc_urgency 0.43535 current_native_bytes is 84286219
12-18 14:04:41.785  3318  3318 I wm_on_top_resumed_gained_called: [170670824,com.miui.home.launcher.Launcher,topStateChangedWhenResumed]
12-18 14:04:41.793  3318  3318 I com.miui.home: CheckGCForNative adj_start_bytes: 41478893 NativeAllocationGcWatermark: 11444087 java_gc_start_bytes: 24312763 kNewNativeDiscountFactor: 2 kOldNativeDiscountFactor: 65536 old_native_bytes: 73526811 new_native_bytes: 21504392 add_bytes_allowed: 34332261 is_gc_concurrent: 1 target_footprint_: 24443835 GetBytesAllocated: 12693587 HeapGrowthMultiplier: 3
12-18 14:04:41.793  3318  3318 I com.miui.home: CheckGCForNative gc_urgency 0.565273 current_native_bytes is 95031203
12-18 14:04:41.820  8503  8503 I wm_on_stop_called: [0,259237330,fm.qingting.qtradio.WelcomeActivity,STOP_ACTIVITY_ITEM,3]
12-18 14:04:41.824  3318  3318 I wm_on_idle_called: com.miui.home.launcher.Launcher
12-18 14:04:41.963  3318  3318 I wm_on_top_resumed_lost_called: [170670824,com.miui.home.launcher.Launcher,topStateChangedWhenResumed]
12-18 14:04:41.970  3318  3318 I wm_on_paused_called: [0,170670824,com.miui.home.launcher.Launcher,performPause,3]
12-18 14:04:42.215  3318  3774 I com.miui.home: CheckGCForNative adj_start_bytes: 41478893 NativeAllocationGcWatermark: 11444087 java_gc_start_bytes: 24312763 kNewNativeDiscountFactor: 2 kOldNativeDiscountFactor: 65536 old_native_bytes: 73526811 new_native_bytes: 10928148 add_bytes_allowed: 34332261 is_gc_concurrent: 1 target_footprint_: 24443835 GetBytesAllocated: 13783875 HeapGrowthMultiplier: 3
12-18 14:04:42.215  3318  3774 I com.miui.home: CheckGCForNative gc_urgency 0.464069 current_native_bytes is 84454959
12-18 14:04:42.391  8808  8808 I wm_on_application_create_called: [0,com.xiaomi.bluetooth,732]
12-18 14:04:43.495  3318  3387 I com.miui.home: CheckGCForNative adj_start_bytes: 41478893 NativeAllocationGcWatermark: 11444087 java_gc_start_bytes: 24312763 kNewNativeDiscountFactor: 2 kOldNativeDiscountFactor: 65536 old_native_bytes: 73526811 new_native_bytes: 21154948 add_bytes_allowed: 34332261 is_gc_concurrent: 1 target_footprint_: 24443835 GetBytesAllocated: 14131914 HeapGrowthMultiplier: 3
12-18 14:04:43.495  3318  3387 I com.miui.home: CheckGCForNative gc_urgency 0.595737 current_native_bytes is 94681759
12-18 14:04:43.496  3318  3318 I com.miui.home: CheckGCForNative adj_start_bytes: 41478893 NativeAllocationGcWatermark: 11444087 java_gc_start_bytes: 24312763 kNewNativeDiscountFactor: 2 kOldNativeDiscountFactor: 65536 old_native_bytes: 73526811 new_native_bytes: 42569444 add_bytes_allowed: 34332261 is_gc_concurrent: 1 target_footprint_: 24443835 GetBytesAllocated: 14132106 HeapGrowthMultiplier: 3
12-18 14:04:43.496  3318  3318 I com.miui.home: CheckGCForNative gc_urgency 0.853879 current_native_bytes is 116096255
12-18 14:04:43.497  3318  3398 I com.miui.home: CheckGCForNative adj_start_bytes: 41478893 NativeAllocationGcWatermark: 11444087 java_gc_start_bytes: 24312763 kNewNativeDiscountFactor: 2 kOldNativeDiscountFactor: 65536 old_native_bytes: 73526811 new_native_bytes: 31862500 add_bytes_allowed: 34332261 is_gc_concurrent: 1 target_footprint_: 24443835 GetBytesAllocated: 14132106 HeapGrowthMultiplier: 3
12-18 14:04:43.497  3318  3398 I com.miui.home: CheckGCForNative gc_urgency 0.724814 current_native_bytes is 105389311
12-18 14:04:43.801  3318  3318 I com.miui.home: CheckGCForNative adj_start_bytes: 41478893 NativeAllocationGcWatermark: 11444087 java_gc_start_bytes: 24312763 kNewNativeDiscountFactor: 2 kOldNativeDiscountFactor: 65536 old_native_bytes: 73526811 new_native_bytes: 21909068 add_bytes_allowed: 34332261 is_gc_concurrent: 1 target_footprint_: 24443835 GetBytesAllocated: 14263028 HeapGrowthMultiplier: 3
12-18 14:04:43.801  3318  3318 I com.miui.home: CheckGCForNative gc_urgency 0.607988 current_native_bytes is 95435879
12-18 14:04:43.836  8950  8950 I wm_on_application_create_called: [0,com.ss.android.ugc.aweme,572]
12-18 14:04:43.956  3318  3318 I com.miui.home: CheckGCForNative adj_start_bytes: 41478893 NativeAllocationGcWatermark: 11444087 java_gc_start_bytes: 24312763 kNewNativeDiscountFactor: 2 kOldNativeDiscountFactor: 65536 old_native_bytes: 73526811 new_native_bytes: 22003212 add_bytes_allowed: 34332261 is_gc_concurrent: 1 target_footprint_: 24443835 GetBytesAllocated: 14329061 HeapGrowthMultiplier: 3
12-18 14:04:43.956  3318  3318 I com.miui.home: CheckGCForNative gc_urgency 0.610715 current_native_bytes is 95530023
12-18 14:04:44.044  3318  3318 I wm_on_resume_called: [0,170670824,com.miui.home.launcher.Launcher,RESUME_ACTIVITY,20]
12-18 14:04:44.048  3318  3318 I wm_on_idle_called: com.miui.home.launcher.Launcher
12-18 14:04:44.050  3318  3389 I com.miui.home: CheckGCForNative adj_start_bytes: 41478893 NativeAllocationGcWatermark: 11444087 java_gc_start_bytes: 24312763 kNewNativeDiscountFactor: 2 kOldNativeDiscountFactor: 65536 old_native_bytes: 73526811 new_native_bytes: 32720516 add_bytes_allowed: 34332261 is_gc_concurrent: 1 target_footprint_: 24443835 GetBytesAllocated: 14542349 HeapGrowthMultiplier: 3
12-18 14:04:44.050  3318  3389 I com.miui.home: CheckGCForNative gc_urgency 0.745047 current_native_bytes is 106247327
12-18 14:04:44.051  3318  3318 I com.miui.home: CheckGCForNative adj_start_bytes: 41478893 NativeAllocationGcWatermark: 11444087 java_gc_start_bytes: 24312763 kNewNativeDiscountFactor: 2 kOldNativeDiscountFactor: 65536 old_native_bytes: 73526811 new_native_bytes: 43427460 add_bytes_allowed: 34332261 is_gc_concurrent: 1 target_footprint_: 24443835 GetBytesAllocated: 14550931 HeapGrowthMultiplier: 3
12-18 14:04:44.052  3318  3318 I com.miui.home: CheckGCForNative gc_urgency 0.874319 current_native_bytes is 116954271
12-18 14:04:44.238  3318  3318 I wm_on_paused_called: [0,170670824,com.miui.home.launcher.Launcher,performPause,3]
12-18 14:04:45.151  9321  9321 I wm_on_create_called: [0,142990064,com.eg.android.AlipayGphone.AlipayLogin,performCreate,111]
12-18 14:04:45.155  9321  9321 I wm_on_start_called: [0,142990064,com.eg.android.AlipayGphone.AlipayLogin,handleStartActivity,3]
12-18 14:04:45.161  9321  9321 I wm_on_resume_called: [0,142990064,com.eg.android.AlipayGphone.AlipayLogin,RESUME_ACTIVITY,4]
12-18 14:04:45.183  9321  9321 I wm_on_top_resumed_gained_called: [142990064,com.eg.android.AlipayGphone.AlipayLogin,topStateChangedWhenResumed]
12-18 14:04:45.710  3318  3398 I com.miui.home: CheckGCForNative adj_start_bytes: 41478893 NativeAllocationGcWatermark: 11444087 java_gc_start_bytes: 24312763 kNewNativeDiscountFactor: 2 kOldNativeDiscountFactor: 65536 old_native_bytes: 73526811 new_native_bytes: 43380632 add_bytes_allowed: 34332261 is_gc_concurrent: 1 target_footprint_: 24443835 GetBytesAllocated: 16213936 HeapGrowthMultiplier: 3
12-18 14:04:45.710  3318  3398 I com.miui.home: CheckGCForNative gc_urgency 0.913847 current_native_bytes is 116907443
12-18 14:04:45.712  3318  3318 I com.miui.home: CheckGCForNative adj_start_bytes: 41478893 NativeAllocationGcWatermark: 11444087 java_gc_start_bytes: 24312763 kNewNativeDiscountFactor: 2 kOldNativeDiscountFactor: 65536 old_native_bytes: 73526811 new_native_bytes: 54087576 add_bytes_allowed: 34332261 is_gc_concurrent: 1 target_footprint_: 24443835 GetBytesAllocated: 16224842 HeapGrowthMultiplier: 3
12-18 14:04:45.712  3318  3318 I com.miui.home: CheckGCForNative gc_urgency 1.04318 current_native_bytes is 127614387
12-18 14:04:45.712  3318  3318 I com.miui.home: CheckGCForNative requested 1
12-18 14:04:45.712  3318  3387 I com.miui.home: CheckGCForNative adj_start_bytes: 41478893 NativeAllocationGcWatermark: 11444087 java_gc_start_bytes: 24312763 kNewNativeDiscountFactor: 2 kOldNativeDiscountFactor: 65536 old_native_bytes: 73526811 new_native_bytes: 54088024 add_bytes_allowed: 34332261 is_gc_concurrent: 1 target_footprint_: 24443835 GetBytesAllocated: 16224842 HeapGrowthMultiplier: 3
12-18 14:04:45.712  3318  3387 I com.miui.home: CheckGCForNative gc_urgency 1.04318 current_native_bytes is 127614835
12-18 14:04:45.712  3318  3387 I com.miui.home: CheckGCForNative requested 1
12-18 14:04:45.750  3318  3318 I com.miui.home: CheckGCForNative adj_start_bytes: 41478893 NativeAllocationGcWatermark: 11444087 java_gc_start_bytes: 24312763 kNewNativeDiscountFactor: 2 kOldNativeDiscountFactor: 65536 old_native_bytes: 73526811 new_native_bytes: 43408888 add_bytes_allowed: 34332261 is_gc_concurrent: 1 target_footprint_: 24443835 GetBytesAllocated: 16271288 HeapGrowthMultiplier: 3
12-18 14:04:45.750  3318  3318 I com.miui.home: CheckGCForNative gc_urgency 0.915571 current_native_bytes is 116935699
12-18 14:04:45.833  3318  3379 I com.miui.home: NativeAlloc concurrent copying GC freed 86921(3647KB) AllocSpace objects, 8(344KB) LOS objects, 49% free, 11MB/23MB, paused 181us,216us total 121.230ms
12-18 14:04:46.106  3318  3318 I com.miui.home: CheckGCForNative gc_urgency 0 current_native_bytes is 74602559
12-18 14:04:46.147  9492  9492 I wm_on_application_create_called: [0,com.eg.android.AlipayGphone,263]
12-18 14:04:46.206  3318  3318 I com.miui.home: CheckGCForNative adj_start_bytes: 41523544 NativeAllocationGcWatermark: 11448787 java_gc_start_bytes: 24350364 kNewNativeDiscountFactor: 2 kOldNativeDiscountFactor: 65536 old_native_bytes: 74602559 new_native_bytes: 61760 add_bytes_allowed: 34346361 is_gc_concurrent: 1 target_footprint_: 24481436 GetBytesAllocated: 12397160 HeapGrowthMultiplier: 3
12-18 14:04:46.206  3318  3318 I com.miui.home: CheckGCForNative gc_urgency 0.299328 current_native_bytes is 74664319
12-18 14:04:46.254  3318  3389 I com.miui.home: CheckGCForNative adj_start_bytes: 41523544 NativeAllocationGcWatermark: 11448787 java_gc_start_bytes: 24350364 kNewNativeDiscountFactor: 2 kOldNativeDiscountFactor: 65536 old_native_bytes: 74602559 new_native_bytes: 10769344 add_bytes_allowed: 34346361 is_gc_concurrent: 1 target_footprint_: 24481436 GetBytesAllocated: 12446344 HeapGrowthMultiplier: 3
12-18 14:04:46.255  3318  3389 I com.miui.home: CheckGCForNative gc_urgency 0.429447 current_native_bytes is 85371903
12-18 14:04:46.258  3318  3318 I com.miui.home: CheckGCForNative adj_start_bytes: 41523544 NativeAllocationGcWatermark: 11448787 java_gc_start_bytes: 24350364 kNewNativeDiscountFactor: 2 kOldNativeDiscountFactor: 65536 old_native_bytes: 74602559 new_native_bytes: 21476672 add_bytes_allowed: 34346361 is_gc_concurrent: 1 target_footprint_: 24481436 GetBytesAllocated: 12457135 HeapGrowthMultiplier: 3
12-18 14:04:46.258  3318  3318 I com.miui.home: CheckGCForNative gc_urgency 0.558637 current_native_bytes is 96079231
12-18 14:04:46.873  9321  9321 I wm_on_top_resumed_lost_called: [142990064,com.eg.android.AlipayGphone.AlipayLogin,topStateChangedWhenResumed]
12-18 14:04:46.942  9321  9321 I wm_on_paused_called: [0,142990064,com.eg.android.AlipayGphone.AlipayLogin,performPause,59]
12-18 14:04:47.493  9838  9838 I wm_on_create_called: [0,96757425,com.xunmeng.pinduoduo.ui.activity.MainFrameActivity,performCreate,136]
12-18 14:04:47.679  9838  9838 I wm_on_create_called: [0,234332635,com.xunmeng.pinduoduo.ui.activity.HomeActivity,performCreate,124]
12-18 14:04:47.715  9838  9838 I wm_on_start_called: [0,234332635,com.xunmeng.pinduoduo.ui.activity.HomeActivity,handleStartActivity,36]
12-18 14:04:47.728  9838  9838 I wm_on_resume_called: [0,234332635,com.xunmeng.pinduoduo.ui.activity.HomeActivity,RESUME_ACTIVITY,7]
12-18 14:04:47.776  9838  9838 I wm_on_top_resumed_gained_called: [234332635,com.xunmeng.pinduoduo.ui.activity.HomeActivity,topStateChangedWhenResumed]
12-18 14:04:48.249  3318  3387 I com.miui.home: CheckGCForNative adj_start_bytes: 41523544 NativeAllocationGcWatermark: 11448787 java_gc_start_bytes: 24350364 kNewNativeDiscountFactor: 2 kOldNativeDiscountFactor: 65536 old_native_bytes: 74602559 new_native_bytes: 21147964 add_bytes_allowed: 34346361 is_gc_concurrent: 1 target_footprint_: 24481436 GetBytesAllocated: 13524360 HeapGrowthMultiplier: 3
12-18 14:04:48.249  3318  3387 I com.miui.home: CheckGCForNative gc_urgency 0.580381 current_native_bytes is 95750523
12-18 14:04:48.252  3318  3318 I com.miui.home: CheckGCForNative adj_start_bytes: 41523544 NativeAllocationGcWatermark: 11448787 java_gc_start_bytes: 24350364 kNewNativeDiscountFactor: 2 kOldNativeDiscountFactor: 65536 old_native_bytes: 74602559 new_native_bytes: 31855612 add_bytes_allowed: 34346361 is_gc_concurrent: 1 target_footprint_: 24481436 GetBytesAllocated: 13524552 HeapGrowthMultiplier: 3
12-18 14:04:48.252  3318  3318 I com.miui.home: CheckGCForNative gc_urgency 0.70932 current_native_bytes is 106458171
12-18 14:04:48.257  3318  4079 I com.miui.home: CheckGCForNative adj_start_bytes: 41523544 NativeAllocationGcWatermark: 11448787 java_gc_start_bytes: 24350364 kNewNativeDiscountFactor: 2 kOldNativeDiscountFactor: 65536 old_native_bytes: 74602559 new_native_bytes: 31855996 add_bytes_allowed: 34346361 is_gc_concurrent: 1 target_footprint_: 24481436 GetBytesAllocated: 13524552 HeapGrowthMultiplier: 3
12-18 14:04:48.257  3318  4079 I com.miui.home: CheckGCForNative gc_urgency 0.709325 current_native_bytes is 106458555
12-18 14:04:48.412  3318  3318 I com.miui.home: CheckGCForNative adj_start_bytes: 41523544 NativeAllocationGcWatermark: 11448787 java_gc_start_bytes: 24350364 kNewNativeDiscountFactor: 2 kOldNativeDiscountFactor: 65536 old_native_bytes: 74602559 new_native_bytes: 21345772 add_bytes_allowed: 34346361 is_gc_concurrent: 1 target_footprint_: 24481436 GetBytesAllocated: 13590565 HeapGrowthMultiplier: 3
12-18 14:04:48.412  3318  3318 I com.miui.home: CheckGCForNative gc_urgency 0.584357 current_native_bytes is 95948331
12-18 14:04:48.440  9923  9923 I wm_on_application_create_called: [0,com.xiaomi.market,288]
12-18 14:04:48.745  3318  3318 I com.miui.home: CheckGCForNative adj_start_bytes: 41523544 NativeAllocationGcWatermark: 11448787 java_gc_start_bytes: 24350364 kNewNativeDiscountFactor: 2 kOldNativeDiscountFactor: 65536 old_native_bytes: 74602559 new_native_bytes: 21744684 add_bytes_allowed: 34346361 is_gc_concurrent: 1 target_footprint_: 24481436 GetBytesAllocated: 13748180 HeapGrowthMultiplier: 3
12-18 14:04:48.745  3318  3318 I com.miui.home: CheckGCForNative gc_urgency 0.592957 current_native_bytes is 96347243
12-18 14:04:48.882  3318  3318 I wm_on_resume_called: [0,170670824,com.miui.home.launcher.Launcher,RESUME_ACTIVITY,20]
12-18 14:04:48.888  3318  3318 I com.miui.home: CheckGCForNative adj_start_bytes: 41523544 NativeAllocationGcWatermark: 11448787 java_gc_start_bytes: 24350364 kNewNativeDiscountFactor: 2 kOldNativeDiscountFactor: 65536 old_native_bytes: 74602559 new_native_bytes: 21935852 add_bytes_allowed: 34346361 is_gc_concurrent: 1 target_footprint_: 24481436 GetBytesAllocated: 13943105 HeapGrowthMultiplier: 3
12-18 14:04:48.888  3318  3318 I com.miui.home: CheckGCForNative gc_urgency 0.599953 current_native_bytes is 96538411
12-18 14:04:48.895  3318  3318 I wm_on_idle_called: com.miui.home.launcher.Launcher
12-18 14:04:49.040  3318  3318 I wm_on_paused_called: [0,170670824,com.miui.home.launcher.Launcher,performPause,34]
12-18 14:04:49.041  3318  3387 I com.miui.home: CheckGCForNative adj_start_bytes: 41523544 NativeAllocationGcWatermark: 11448787 java_gc_start_bytes: 24350364 kNewNativeDiscountFactor: 2 kOldNativeDiscountFactor: 65536 old_native_bytes: 74602559 new_native_bytes: 32739392 add_bytes_allowed: 34346361 is_gc_concurrent: 1 target_footprint_: 24481436 GetBytesAllocated: 14174597 HeapGrowthMultiplier: 3
12-18 14:04:49.041  3318  3387 I com.miui.home: CheckGCForNative gc_urgency 0.735617 current_native_bytes is 107341951
12-18 14:04:49.065  9838  9838 I wm_on_top_resumed_lost_called: [234332635,com.xunmeng.pinduoduo.ui.activity.HomeActivity,topStateChangedWhenResumed]
12-18 14:04:49.092  9838  9838 I wm_on_paused_called: [0,234332635,com.xunmeng.pinduoduo.ui.activity.HomeActivity,performPause,19]
12-18 14:04:49.099  3318  3318 I com.miui.home: CheckGCForNative adj_start_bytes: 41523544 NativeAllocationGcWatermark: 11448787 java_gc_start_bytes: 24350364 kNewNativeDiscountFactor: 2 kOldNativeDiscountFactor: 65536 old_native_bytes: 74602559 new_native_bytes: 43505792 add_bytes_allowed: 34346361 is_gc_concurrent: 1 target_footprint_: 24481436 GetBytesAllocated: 14420671 HeapGrowthMultiplier: 3
12-18 14:04:49.099  3318  3318 I com.miui.home: CheckGCForNative gc_urgency 0.871185 current_native_bytes is 118108351
12-18 14:04:49.789  9838  9838 I wm_on_destroy_called: [0,96757425,com.xunmeng.pinduoduo.ui.activity.MainFrameActivity,performDestroy,45]
12-18 14:04:49.961  9838  9838 I wm_on_stop_called: [0,234332635,com.xunmeng.pinduoduo.ui.activity.HomeActivity,STOP_ACTIVITY_ITEM,151]
12-18 14:04:50.331  9838  9838 I wm_on_idle_called: com.xunmeng.pinduoduo.ui.activity.HomeActivity
12-18 14:04:50.357  3318  3318 I wm_on_stop_called: [0,170670824,com.miui.home.launcher.Launcher,STOP_ACTIVITY_ITEM,13]
12-18 14:04:50.400 10080 10080 I wm_on_application_create_called: [0,com.xunmeng.pinduoduo,244]
12-18 14:04:50.493  3318  3318 I wm_on_restart_called: [0,170670824,com.miui.home.launcher.Launcher,,0]
12-18 14:04:50.495  3318  3318 I wm_on_start_called: [0,170670824,com.miui.home.launcher.Launcher,handleStartActivity,1]
12-18 14:04:50.682  3318  3398 I com.miui.home: CheckGCForNative adj_start_bytes: 41523544 NativeAllocationGcWatermark: 11448787 java_gc_start_bytes: 24350364 kNewNativeDiscountFactor: 2 kOldNativeDiscountFactor: 65536 old_native_bytes: 74602559 new_native_bytes: 43131852 add_bytes_allowed: 34346361 is_gc_concurrent: 1 target_footprint_: 24481436 GetBytesAllocated: 15799787 HeapGrowthMultiplier: 3
12-18 14:04:50.682  3318  3398 I com.miui.home: CheckGCForNative gc_urgency 0.899896 current_native_bytes is 117734411
12-18 14:04:50.682  3318  4079 I com.miui.home: CheckGCForNative adj_start_bytes: 41523544 NativeAllocationGcWatermark: 11448787 java_gc_start_bytes: 24350364 kNewNativeDiscountFactor: 2 kOldNativeDiscountFactor: 65536 old_native_bytes: 74602559 new_native_bytes: 53837772 add_bytes_allowed: 34346361 is_gc_concurrent: 1 target_footprint_: 24481436 GetBytesAllocated: 15811840 HeapGrowthMultiplier: 3
12-18 14:04:50.682  3318  4079 I com.miui.home: CheckGCForNative gc_urgency 1.0291 current_native_bytes is 128440331
12-18 14:04:50.683  3318  4079 I com.miui.home: CheckGCForNative requested 1
12-18 14:04:50.683  3318  3318 I com.miui.home: CheckGCForNative adj_start_bytes: 41523544 NativeAllocationGcWatermark: 11448787 java_gc_start_bytes: 24350364 kNewNativeDiscountFactor: 2 kOldNativeDiscountFactor: 65536 old_native_bytes: 74602559 new_native_bytes: 64545036 add_bytes_allowed: 34346361 is_gc_concurrent: 1 target_footprint_: 24481436 GetBytesAllocated: 15812048 HeapGrowthMultiplier: 3
12-18 14:04:50.683  3318  3318 I com.miui.home: CheckGCForNative gc_urgency 1.15803 current_native_bytes is 139147595
12-18 14:04:50.683  3318  3318 I com.miui.home: CheckGCForNative requested 1
12-18 14:04:50.890  3318  3379 I com.miui.home: NativeAlloc concurrent copying GC freed 71007(3115KB) AllocSpace objects, 16(472KB) LOS objects, 49% free, 11MB/23MB, paused 277us,66us total 207.031ms
12-18 14:04:50.896  3318  3318 I com.miui.home: CheckGCForNative gc_urgency 0 current_native_bytes is 107223207
12-18 14:04:51.162  3318  3318 I com.miui.home: CheckGCForNative gc_urgency 0 current_native_bytes is 75085763
12-18 14:04:51.447  3318 10064 I com.miui.home: CheckGCForNative adj_start_bytes: 41549222 NativeAllocationGcWatermark: 11451490 java_gc_start_bytes: 24371987 kNewNativeDiscountFactor: 2 kOldNativeDiscountFactor: 65536 old_native_bytes: 75085763 new_native_bytes: 10768180 add_bytes_allowed: 34354470 is_gc_concurrent: 1 target_footprint_: 24503059 GetBytesAllocated: 12780463 HeapGrowthMultiplier: 3
12-18 14:04:51.447  3318 10064 I com.miui.home: CheckGCForNative gc_urgency 0.437209 current_native_bytes is 85853943
12-18 14:04:51.449  3318  3318 I com.miui.home: CheckGCForNative adj_start_bytes: 41549222 NativeAllocationGcWatermark: 11451490 java_gc_start_bytes: 24371987 kNewNativeDiscountFactor: 2 kOldNativeDiscountFactor: 65536 old_native_bytes: 75085763 new_native_bytes: 21476916 add_bytes_allowed: 34354470 is_gc_concurrent: 1 target_footprint_: 24503059 GetBytesAllocated: 12792284 HeapGrowthMultiplier: 3
12-18 14:04:51.449  3318  3318 I com.miui.home: CheckGCForNative gc_urgency 0.566362 current_native_bytes is 96562679
12-18 14:04:51.450 10255 10255 I wm_on_application_create_called: [0,com.xiaomi.mi_connect_service,552]
12-18 14:04:51.805  3318  3774 I com.miui.home: CheckGCForNative adj_start_bytes: 41549222 NativeAllocationGcWatermark: 11451490 java_gc_start_bytes: 24371987 kNewNativeDiscountFactor: 2 kOldNativeDiscountFactor: 65536 old_native_bytes: 75085763 new_native_bytes: 10820772 add_bytes_allowed: 34354470 is_gc_concurrent: 1 target_footprint_: 24503059 GetBytesAllocated: 12945140 HeapGrowthMultiplier: 3
12-18 14:04:51.805  3318  3774 I com.miui.home: CheckGCForNative gc_urgency 0.441805 current_native_bytes is 85906535
12-18 14:04:51.839  3318  3318 I wm_on_resume_called: [0,170670824,com.miui.home.launcher.Launcher,RESUME_ACTIVITY,39]
12-18 14:04:51.841  3318  3318 I wm_on_top_resumed_gained_called: [170670824,com.miui.home.launcher.Launcher,topWhenResuming]
12-18 14:04:51.855  3318  3318 I wm_on_idle_called: com.miui.home.launcher.Launcher
12-18 14:04:52.244 10149 10149 I wm_on_application_create_called: [0,com.smile.gifmaker,1798]
12-18 14:04:52.456 10447 10447 I wm_on_application_create_called: [0,com.xunmeng.pinduoduo,228]
12-18 14:04:52.683  3318  3318 I wm_on_top_resumed_lost_called: [170670824,com.miui.home.launcher.Launcher,topStateChangedWhenResumed]
12-18 14:04:52.688  3318  3318 I wm_on_paused_called: [0,170670824,com.miui.home.launcher.Launcher,performPause,3]
12-18 14:04:53.855 10444 10444 I wm_on_create_called: [0,202990929,com.tencent.qqlive.ona.activity.SplashHomeActivity,performCreate,193]
12-18 14:04:54.256  3318 10059 I com.miui.home: CheckGCForNative adj_start_bytes: 41549222 NativeAllocationGcWatermark: 11451490 java_gc_start_bytes: 24371987 kNewNativeDiscountFactor: 2 kOldNativeDiscountFactor: 65536 old_native_bytes: 75085763 new_native_bytes: 21301248 add_bytes_allowed: 34354470 is_gc_concurrent: 1 target_footprint_: 24503059 GetBytesAllocated: 15006018 HeapGrowthMultiplier: 3
12-18 14:04:54.256  3318 10059 I com.miui.home: CheckGCForNative gc_urgency 0.617527 current_native_bytes is 96387011
12-18 14:04:54.257  3318 10064 I com.miui.home: CheckGCForNative adj_start_bytes: 41549222 NativeAllocationGcWatermark: 11451490 java_gc_start_bytes: 24371987 kNewNativeDiscountFactor: 2 kOldNativeDiscountFactor: 65536 old_native_bytes: 75085763 new_native_bytes: 32010688 add_bytes_allowed: 34354470 is_gc_concurrent: 1 target_footprint_: 24503059 GetBytesAllocated: 15006210 HeapGrowthMultiplier: 3
12-18 14:04:54.257  3318 10064 I com.miui.home: CheckGCForNative gc_urgency 0.746409 current_native_bytes is 107096451
12-18 14:04:54.262  3318 10064 I com.miui.home: CheckGCForNative adj_start_bytes: 41549222 NativeAllocationGcWatermark: 11451490 java_gc_start_bytes: 24371987 kNewNativeDiscountFactor: 2 kOldNativeDiscountFactor: 65536 old_native_bytes: 75085763 new_native_bytes: 42717632 add_bytes_allowed: 34354470 is_gc_concurrent: 1 target_footprint_: 24503059 GetBytesAllocated: 15009483 HeapGrowthMultiplier: 3
12-18 14:04:54.264  3318 10064 I com.miui.home: CheckGCForNative gc_urgency 0.875334 current_native_bytes is 117803395
12-18 14:04:54.300  3318  3318 I com.miui.home: CheckGCForNative adj_start_bytes: 41549222 NativeAllocationGcWatermark: 11451490 java_gc_start_bytes: 24371987 kNewNativeDiscountFactor: 2 kOldNativeDiscountFactor: 65536 old_native_bytes: 75085763 new_native_bytes: 53424896 add_bytes_allowed: 34354470 is_gc_concurrent: 1 target_footprint_: 24503059 GetBytesAllocated: 15016881 HeapGrowthMultiplier: 3
12-18 14:04:54.300  3318  3318 I com.miui.home: CheckGCForNative gc_urgency 1.00436 current_native_bytes is 128510659
12-18 14:04:54.300  3318  3318 I com.miui.home: CheckGCForNative requested 1
12-18 14:04:54.484 10444 10444 I wm_on_start_called: [0,202990929,com.tencent.qqlive.ona.activity.SplashHomeActivity,handleStartActivity,628]
12-18 14:04:54.516  3318  3379 I com.miui.home: NativeAlloc concurrent copying GC freed 60994(2530KB) AllocSpace objects, 10(232KB) LOS objects, 49% free, 11MB/23MB, paused 198us,212us total 214.205ms
12-18 14:04:54.532  3318  3318 I com.miui.home: CheckGCForNative gc_urgency 0 current_native_bytes is 75051599
12-18 14:04:54.699  3318  3318 I com.miui.home: CheckGCForNative adj_start_bytes: 41700680 NativeAllocationGcWatermark: 11467433 java_gc_start_bytes: 24499531 kNewNativeDiscountFactor: 2 kOldNativeDiscountFactor: 65536 old_native_bytes: 75051599 new_native_bytes: 82904 add_bytes_allowed: 34402299 is_gc_concurrent: 1 target_footprint_: 24630603 GetBytesAllocated: 12397223 HeapGrowthMultiplier: 3
12-18 14:04:54.699  3318  3318 I com.miui.home: CheckGCForNative gc_urgency 0.298312 current_native_bytes is 75134503
12-18 14:04:54.755 10444 10444 I wm_on_resume_called: [0,202990929,com.tencent.qqlive.ona.activity.SplashHomeActivity,RESUME_ACTIVITY,215]
12-18 14:04:54.918  3318 10059 I com.miui.home: CheckGCForNative adj_start_bytes: 41700680 NativeAllocationGcWatermark: 11467433 java_gc_start_bytes: 24499531 kNewNativeDiscountFactor: 2 kOldNativeDiscountFactor: 65536 old_native_bytes: 75051599 new_native_bytes: 10871792 add_bytes_allowed: 34402299 is_gc_concurrent: 1 target_footprint_: 24630603 GetBytesAllocated: 12536436 HeapGrowthMultiplier: 3
12-18 14:04:54.918  3318 10059 I com.miui.home: CheckGCForNative gc_urgency 0.431012 current_native_bytes is 85923391
12-18 14:04:54.931  3318  3318 I com.miui.home: CheckGCForNative adj_start_bytes: 41700680 NativeAllocationGcWatermark: 11467433 java_gc_start_bytes: 24499531 kNewNativeDiscountFactor: 2 kOldNativeDiscountFactor: 65536 old_native_bytes: 75051599 new_native_bytes: 21580592 add_bytes_allowed: 34402299 is_gc_concurrent: 1 target_footprint_: 24630603 GetBytesAllocated: 12569396 HeapGrowthMultiplier: 3
12-18 14:04:54.931  3318  3318 I com.miui.home: CheckGCForNative gc_urgency 0.560203 current_native_bytes is 96632191
12-18 14:04:55.115 10444 10444 I wm_on_top_resumed_gained_called: [202990929,com.tencent.qqlive.ona.activity.SplashHomeActivity,topStateChangedWhenResumed]
12-18 14:04:56.326 11341 11341 I wm_on_create_called: [0,217129354,com.tencent.mobileqq.activity.SplashActivity,performCreate,143]
12-18 14:04:56.332 11341 11341 I wm_on_start_called: [0,217129354,com.tencent.mobileqq.activity.SplashActivity,handleStartActivity,3]
12-18 14:04:56.343 11341 11341 I wm_on_resume_called: [0,217129354,com.tencent.mobileqq.activity.SplashActivity,RESUME_ACTIVITY,10]
12-18 14:04:56.397 11341 11341 I wm_on_top_resumed_gained_called: [217129354,com.tencent.mobileqq.activity.SplashActivity,topStateChangedWhenResumed]
12-18 14:04:56.605 11341 11341 I wm_on_idle_called: com.tencent.mobileqq.activity.SplashActivity
12-18 14:04:56.658  3318  3318 I wm_on_stop_called: [0,170670824,com.miui.home.launcher.Launcher,STOP_ACTIVITY_ITEM,16]
12-18 14:04:56.725 11341 11341 I wm_on_top_resumed_lost_called: [217129354,com.tencent.mobileqq.activity.SplashActivity,topStateChangedWhenResumed]
12-18 14:04:56.736 11341 11341 I wm_on_paused_called: [0,217129354,com.tencent.mobileqq.activity.SplashActivity,performPause,1]
12-18 14:04:56.848 11341 11341 I wm_on_create_called: [0,32136985,com.tencent.mobileqq.activity.LoginActivity,performCreate,70]
12-18 14:04:56.895 11341 11341 I wm_on_start_called: [0,32136985,com.tencent.mobileqq.activity.LoginActivity,handleStartActivity,47]
12-18 14:04:56.902 11341 11341 I wm_on_resume_called: [0,32136985,com.tencent.mobileqq.activity.LoginActivity,RESUME_ACTIVITY,6]
12-18 14:04:56.915 11341 11341 I wm_on_top_resumed_gained_called: [32136985,com.tencent.mobileqq.activity.LoginActivity,topStateChangedWhenResumed]
12-18 14:04:56.996  3318  3318 I wm_on_restart_called: [0,170670824,com.miui.home.launcher.Launcher,,0]
12-18 14:04:56.998  3318  3318 I wm_on_start_called: [0,170670824,com.miui.home.launcher.Launcher,handleStartActivity,1]
12-18 14:04:57.103 11341 11341 I wm_on_idle_called: com.tencent.mobileqq.activity.LoginActivity
12-18 14:04:57.129  3318 10064 I com.miui.home: CheckGCForNative adj_start_bytes: 41700680 NativeAllocationGcWatermark: 11467433 java_gc_start_bytes: 24499531 kNewNativeDiscountFactor: 2 kOldNativeDiscountFactor: 65536 old_native_bytes: 75051599 new_native_bytes: 10436556 add_bytes_allowed: 34402299 is_gc_concurrent: 1 target_footprint_: 24630603 GetBytesAllocated: 13794549 HeapGrowthMultiplier: 3
12-18 14:04:57.129  3318 10064 I com.miui.home: CheckGCForNative gc_urgency 0.455963 current_native_bytes is 85488155
12-18 14:04:57.196  3318 10064 I com.miui.home: CheckGCForNative adj_start_bytes: 41700680 NativeAllocationGcWatermark: 11467433 java_gc_start_bytes: 24499531 kNewNativeDiscountFactor: 2 kOldNativeDiscountFactor: 65536 old_native_bytes: 75051599 new_native_bytes: 21142860 add_bytes_allowed: 34402299 is_gc_concurrent: 1 target_footprint_: 24630603 GetBytesAllocated: 13808607 HeapGrowthMultiplier: 3
12-18 14:04:57.196  3318 10064 I com.miui.home: CheckGCForNative gc_urgency 0.584671 current_native_bytes is 96194459
12-18 14:04:57.205  3318 10064 I com.miui.home: CheckGCForNative adj_start_bytes: 41700680 NativeAllocationGcWatermark: 11467433 java_gc_start_bytes: 24499531 kNewNativeDiscountFactor: 2 kOldNativeDiscountFactor: 65536 old_native_bytes: 75051599 new_native_bytes: 31849804 add_bytes_allowed: 34402299 is_gc_concurrent: 1 target_footprint_: 24630603 GetBytesAllocated: 13817741 HeapGrowthMultiplier: 3
12-18 14:04:57.205  3318 10064 I com.miui.home: CheckGCForNative gc_urgency 0.713269 current_native_bytes is 106901403
12-18 14:04:57.210  3318  3398 I com.miui.home: CheckGCForNative adj_start_bytes: 41700680 NativeAllocationGcWatermark: 11467433 java_gc_start_bytes: 24499531 kNewNativeDiscountFactor: 2 kOldNativeDiscountFactor: 65536 old_native_bytes: 75051599 new_native_bytes: 31850252 add_bytes_allowed: 34402299 is_gc_concurrent: 1 target_footprint_: 24630603 GetBytesAllocated: 13845299 HeapGrowthMultiplier: 3
12-18 14:04:57.210  3318  3398 I com.miui.home: CheckGCForNative gc_urgency 0.713935 current_native_bytes is 106901851
12-18 14:04:57.484  3318  3318 I com.miui.home: CheckGCForNative adj_start_bytes: 41700680 NativeAllocationGcWatermark: 11467433 java_gc_start_bytes: 24499531 kNewNativeDiscountFactor: 2 kOldNativeDiscountFactor: 65536 old_native_bytes: 75051599 new_native_bytes: 21635884 add_bytes_allowed: 34402299 is_gc_concurrent: 1 target_footprint_: 24630603 GetBytesAllocated: 13998303 HeapGrowthMultiplier: 3
12-18 14:04:57.484  3318  3318 I com.miui.home: CheckGCForNative gc_urgency 0.595132 current_native_bytes is 96687483
12-18 14:04:57.506 10444 10444 I wm_on_top_resumed_lost_called: [202990929,com.tencent.qqlive.ona.activity.SplashHomeActivity,topStateChangedWhenResumed]
12-18 14:04:57.562  3318  3318 I com.miui.home: CheckGCForNative adj_start_bytes: 41700680 NativeAllocationGcWatermark: 11467433 java_gc_start_bytes: 24499531 kNewNativeDiscountFactor: 2 kOldNativeDiscountFactor: 65536 old_native_bytes: 75051599 new_native_bytes: 21706604 add_bytes_allowed: 34402299 is_gc_concurrent: 1 target_footprint_: 24630603 GetBytesAllocated: 14031071 HeapGrowthMultiplier: 3
12-18 14:04:57.562  3318  3318 I com.miui.home: CheckGCForNative gc_urgency 0.596765 current_native_bytes is 96758203
12-18 14:04:57.663 10444 10444 I wm_on_paused_called: [0,202990929,com.tencent.qqlive.ona.activity.SplashHomeActivity,performPause,155]
12-18 14:04:57.774  3318  3318 I wm_on_resume_called: [0,170670824,com.miui.home.launcher.Launcher,RESUME_ACTIVITY,21]
12-18 14:04:57.782  3318  3318 I wm_on_idle_called: com.miui.home.launcher.Launcher
12-18 14:04:57.800  3318 10059 I com.miui.home: CheckGCForNative adj_start_bytes: 41700680 NativeAllocationGcWatermark: 11467433 java_gc_start_bytes: 24499531 kNewNativeDiscountFactor: 2 kOldNativeDiscountFactor: 65536 old_native_bytes: 75051599 new_native_bytes: 32455436 add_bytes_allowed: 34402299 is_gc_concurrent: 1 target_footprint_: 24630603 GetBytesAllocated: 14264474 HeapGrowthMultiplier: 3
12-18 14:04:57.800  3318 10059 I com.miui.home: CheckGCForNative gc_urgency 0.731243 current_native_bytes is 107507035
12-18 14:04:57.801 11341 11341 I wm_on_stop_called: [0,217129354,com.tencent.mobileqq.activity.SplashActivity,LIFECYCLER_STOP_ACTIVITY,3]
12-18 14:04:57.803  3318  3318 I com.miui.home: CheckGCForNative adj_start_bytes: 41700680 NativeAllocationGcWatermark: 11467433 java_gc_start_bytes: 24499531 kNewNativeDiscountFactor: 2 kOldNativeDiscountFactor: 65536 old_native_bytes: 75051599 new_native_bytes: 43163148 add_bytes_allowed: 34402299 is_gc_concurrent: 1 target_footprint_: 24630603 GetBytesAllocated: 14283229 HeapGrowthMultiplier: 3
12-18 14:04:57.803  3318  3318 I com.miui.home: CheckGCForNative gc_urgency 0.860081 current_native_bytes is 118214747
12-18 14:04:57.866 11341 11341 I wm_on_destroy_called: [0,217129354,com.tencent.mobileqq.activity.SplashActivity,performDestroy,59]
12-18 14:04:57.893 11341 11341 I wm_on_top_resumed_lost_called: [32136985,com.tencent.mobileqq.activity.LoginActivity,topStateChangedWhenResumed]
12-18 14:04:57.899  3318  3318 I wm_on_top_resumed_gained_called: [170670824,com.miui.home.launcher.Launcher,topStateChangedWhenResumed]
12-18 14:04:57.922 11341 11341 I wm_on_paused_called: [0,32136985,com.tencent.mobileqq.activity.LoginActivity,performPause,24]
12-18 14:04:58.014 11341 11341 I wm_on_stop_called: [0,32136985,com.tencent.mobileqq.activity.LoginActivity,STOP_ACTIVITY_ITEM,69]
12-18 14:04:59.166 10444 10444 I wm_on_stop_called: [0,202990929,com.tencent.qqlive.ona.activity.SplashHomeActivity,STOP_ACTIVITY_ITEM,304]
12-18 14:05:00.967  3318  3318 I wm_on_top_resumed_lost_called: [170670824,com.miui.home.launcher.Launcher,topStateChangedWhenResumed]
12-18 14:05:00.977  3318  3318 I wm_on_paused_called: [0,170670824,com.miui.home.launcher.Launcher,performPause,6]
12-18 14:05:01.407 12043 12043 I wm_on_application_create_called: [0,com.android.providers.downloads.ui,535]
12-18 14:05:01.793 12110 12110 I wm_on_application_create_called: [0,com.dragon.read,208]
12-18 14:05:01.971 12110 12110 I wm_on_create_called: [0,44189733,com.dragon.read.pages.splash.SplashActivity,performCreate,133]
12-18 14:05:01.979 12110 12110 I wm_on_start_called: [0,44189733,com.dragon.read.pages.splash.SplashActivity,handleStartActivity,4]
12-18 14:05:01.998 12110 12110 I wm_on_resume_called: [0,44189733,com.dragon.read.pages.splash.SplashActivity,RESUME_ACTIVITY,15]
12-18 14:05:02.004 12110 12110 I wm_on_top_resumed_gained_called: [44189733,com.dragon.read.pages.splash.SplashActivity,topStateChangedWhenResumed]
12-18 14:05:02.134  3318  3318 I wm_on_stop_called: [0,170670824,com.miui.home.launcher.Launcher,STOP_ACTIVITY_ITEM,7]
12-18 14:05:02.197 12110 12110 I wm_on_idle_called: com.dragon.read.pages.splash.SplashActivity
12-18 14:05:02.591  8503  8503 I wm_on_destroy_called: [0,259237330,fm.qingting.qtradio.WelcomeActivity,performDestroy,25]
12-18 14:05:03.338  3318  3318 I wm_on_restart_called: [0,170670824,com.miui.home.launcher.Launcher,,0]
12-18 14:05:03.340  3318  3318 I wm_on_start_called: [0,170670824,com.miui.home.launcher.Launcher,handleStartActivity,2]
12-18 14:05:03.456  3318  3387 I com.miui.home: CheckGCForNative adj_start_bytes: 41700680 NativeAllocationGcWatermark: 11467433 java_gc_start_bytes: 24499531 kNewNativeDiscountFactor: 2 kOldNativeDiscountFactor: 65536 old_native_bytes: 75051599 new_native_bytes: 33975952 add_bytes_allowed: 34402299 is_gc_concurrent: 1 target_footprint_: 24630603 GetBytesAllocated: 17209064 HeapGrowthMultiplier: 3
12-18 14:05:03.456  3318  3387 I com.miui.home: CheckGCForNative gc_urgency 0.820087 current_native_bytes is 109027551
12-18 14:05:03.489  3318 10059 I com.miui.home: CheckGCForNative adj_start_bytes: 41700680 NativeAllocationGcWatermark: 11467433 java_gc_start_bytes: 24499531 kNewNativeDiscountFactor: 2 kOldNativeDiscountFactor: 65536 old_native_bytes: 75051599 new_native_bytes: 44684368 add_bytes_allowed: 34402299 is_gc_concurrent: 1 target_footprint_: 24630603 GetBytesAllocated: 17241484 HeapGrowthMultiplier: 3
12-18 14:05:03.489  3318 10059 I com.miui.home: CheckGCForNative gc_urgency 0.949261 current_native_bytes is 119735967
12-18 14:05:03.491  3318  3387 I com.miui.home: CheckGCForNative adj_start_bytes: 41700680 NativeAllocationGcWatermark: 11467433 java_gc_start_bytes: 24499531 kNewNativeDiscountFactor: 2 kOldNativeDiscountFactor: 65536 old_native_bytes: 75051599 new_native_bytes: 55390672 add_bytes_allowed: 34402299 is_gc_concurrent: 1 target_footprint_: 24630603 GetBytesAllocated: 17253687 HeapGrowthMultiplier: 3
12-18 14:05:03.491  3318  3387 I com.miui.home: CheckGCForNative gc_urgency 1.07792 current_native_bytes is 130442271
12-18 14:05:03.491  3318  3387 I com.miui.home: CheckGCForNative requested 1
12-18 14:05:03.491  3318  3318 I com.miui.home: CheckGCForNative adj_start_bytes: 41700680 NativeAllocationGcWatermark: 11467433 java_gc_start_bytes: 24499531 kNewNativeDiscountFactor: 2 kOldNativeDiscountFactor: 65536 old_native_bytes: 75051599 new_native_bytes: 66097616 add_bytes_allowed: 34402299 is_gc_concurrent: 1 target_footprint_: 24630603 GetBytesAllocated: 17253879 HeapGrowthMultiplier: 3
12-18 14:05:03.491  3318  3318 I com.miui.home: CheckGCForNative gc_urgency 1.20631 current_native_bytes is 141149215
12-18 14:05:03.491  3318  3318 I com.miui.home: CheckGCForNative requested 1
12-18 14:05:03.615  3318  3379 I com.miui.home: NativeAlloc concurrent copying GC freed 93588(4145KB) AllocSpace objects, 34(816KB) LOS objects, 49% free, 11MB/23MB, paused 427us,71us total 124.349ms
12-18 14:05:03.682  3318  3318 I com.miui.home: CheckGCForNative gc_urgency 0 current_native_bytes is 76717439
12-18 14:05:03.837  3318  3318 I com.miui.home: CheckGCForNative adj_start_bytes: 41807550 NativeAllocationGcWatermark: 11488927 java_gc_start_bytes: 24574160 kNewNativeDiscountFactor: 2 kOldNativeDiscountFactor: 65536 old_native_bytes: 76717439 new_native_bytes: 208896 add_bytes_allowed: 34466781 is_gc_concurrent: 1 target_footprint_: 24802556 GetBytesAllocated: 12587487 HeapGrowthMultiplier: 3
12-18 14:05:03.838  3318  3318 I com.miui.home: CheckGCForNative gc_urgency 0.303608 current_native_bytes is 76926335
12-18 14:05:03.988 12110 12110 I wm_on_top_resumed_lost_called: [44189733,com.dragon.read.pages.splash.SplashActivity,topStateChangedWhenResumed]
12-18 14:05:04.028  3318  3318 I wm_on_resume_called: [0,170670824,com.miui.home.launcher.Launcher,RESUME_ACTIVITY,19]
12-18 14:05:04.030  3318 10059 I com.miui.home: CheckGCForNative adj_start_bytes: 41807550 NativeAllocationGcWatermark: 11488927 java_gc_start_bytes: 24574160 kNewNativeDiscountFactor: 2 kOldNativeDiscountFactor: 65536 old_native_bytes: 76717439 new_native_bytes: 10824768 add_bytes_allowed: 34466781 is_gc_concurrent: 1 target_footprint_: 24802556 GetBytesAllocated: 12820190 HeapGrowthMultiplier: 3
12-18 14:05:04.030  3318 10059 I com.miui.home: CheckGCForNative gc_urgency 0.436135 current_native_bytes is 87542207
12-18 14:05:04.033  3318  3318 I wm_on_top_resumed_gained_called: [170670824,com.miui.home.launcher.Launcher,topStateChangedWhenResumed]
12-18 14:05:04.035  3318  3318 I com.miui.home: CheckGCForNative adj_start_bytes: 41807550 NativeAllocationGcWatermark: 11488927 java_gc_start_bytes: 24574160 kNewNativeDiscountFactor: 2 kOldNativeDiscountFactor: 65536 old_native_bytes: 76717439 new_native_bytes: 21520448 add_bytes_allowed: 34466781 is_gc_concurrent: 1 target_footprint_: 24802556 GetBytesAllocated: 12834446 HeapGrowthMultiplier: 3
12-18 14:05:04.035  3318  3318 I com.miui.home: CheckGCForNative gc_urgency 0.564392 current_native_bytes is 98237887
12-18 14:05:04.036  3318  3318 I wm_on_idle_called: com.miui.home.launcher.Launcher
12-18 14:05:04.039 12110 12110 I wm_on_paused_called: [0,44189733,com.dragon.read.pages.splash.SplashActivity,performPause,1]
