12-15 17:31:32.482  3323  3387 I com.miui.home: CheckGCForNative adj_start_bytes: 32244022 NativeAllocationGcWatermark: 10488919 java_gc_start_bytes: 16510644 kNewNativeDiscountFactor: 2 kOldNativeDiscountFactor: 65536 old_native_bytes: 76404307 new_native_bytes: 21538192 add_bytes_allowed: 31466757 is_gc_concurrent: 1 target_footprint_: 16802491 GetBytesAllocated: 9293889 HeapGrowthMultiplier: 3
12-15 17:31:32.482  3323  3387 I com.miui.home: CheckGCForNative gc_urgency 0.62226 current_native_bytes is 97942499
12-15 17:31:32.486  3323  3323 I com.miui.home: CheckGCForNative adj_start_bytes: 32244022 NativeAllocationGcWatermark: 10488919 java_gc_start_bytes: 16510644 kNewNativeDiscountFactor: 2 kOldNativeDiscountFactor: 65536 old_native_bytes: 76404307 new_native_bytes: 32244624 add_bytes_allowed: 31466757 is_gc_concurrent: 1 target_footprint_: 16802491 GetBytesAllocated: 9307485 HeapGrowthMultiplier: 3
12-15 17:31:32.486  3323  3323 I com.miui.home: CheckGCForNative gc_urgency 0.788703 current_native_bytes is 108648931
12-15 17:31:32.500  3323  3323 I com.miui.home: CheckGCForNative adj_start_bytes: 32244022 NativeAllocationGcWatermark: 10488919 java_gc_start_bytes: 16510644 kNewNativeDiscountFactor: 2 kOldNativeDiscountFactor: 65536 old_native_bytes: 76404307 new_native_bytes: 32292264 add_bytes_allowed: 31466757 is_gc_concurrent: 1 target_footprint_: 16802491 GetBytesAllocated: 9365569 HeapGrowthMultiplier: 3
12-15 17:31:32.500  3323  3323 I com.miui.home: CheckGCForNative gc_urgency 0.791243 current_native_bytes is 108696571
12-15 17:31:32.610  3323  3323 I wm_on_paused_called: [0,104235231,com.miui.home.launcher.Launcher,performPause,3]
12-15 17:31:32.694 11216 11216 I wm_on_create_called: [0,194384025,com.tencent.mm.ui.LauncherUI,performCreate,399]
12-15 17:31:32.802 11216 11216 I wm_on_start_called: [0,194384025,com.tencent.mm.ui.LauncherUI,handleStartActivity,27]
12-15 17:31:32.889 11216 11216 I wm_on_resume_called: [0,194384025,com.tencent.mm.ui.LauncherUI,RESUME_ACTIVITY,85]
12-15 17:31:32.904 11216 11216 I wm_on_top_resumed_gained_called: [194384025,com.tencent.mm.ui.LauncherUI,topStateChangedWhenResumed]
12-15 17:31:32.910 11216 11216 I wm_on_destroy_called: [0,50844534,com.tencent.mm.ui.LauncherUI,performDestroy,4]
12-15 17:31:32.914 11216 11216 I wm_on_top_resumed_lost_called: [194384025,com.tencent.mm.ui.LauncherUI,topStateChangedWhenResumed]
12-15 17:31:32.942 11216 11216 I wm_on_paused_called: [0,194384025,com.tencent.mm.ui.LauncherUI,performPause,17]
12-15 17:31:33.004 11216 11216 I wm_on_create_called: [0,127565401,com.tencent.mm.plugin.account.ui.WelcomeActivity,performCreate,46]
12-15 17:31:33.006 11216 11216 I wm_on_start_called: [0,127565401,com.tencent.mm.plugin.account.ui.WelcomeActivity,handleStartActivity,2]
12-15 17:31:33.012 11216 11216 I wm_on_resume_called: [0,127565401,com.tencent.mm.plugin.account.ui.WelcomeActivity,RESUME_ACTIVITY,4]
12-15 17:31:33.031 11216 11216 I wm_on_paused_called: [0,127565401,com.tencent.mm.plugin.account.ui.WelcomeActivity,performPause,6]
12-15 17:31:33.041 11216 11216 I wm_on_resume_called: [0,127565401,com.tencent.mm.plugin.account.ui.WelcomeActivity,LIFECYCLER_RESUME_ACTIVITY,7]
12-15 17:31:33.047 11216 11216 I wm_on_top_resumed_gained_called: [127565401,com.tencent.mm.plugin.account.ui.WelcomeActivity,topStateChangedWhenResumed]
12-15 17:31:33.774 11216 11216 I wm_on_stop_called: [0,39655651,com.tencent.mm.app.WeChatSplashActivity,LIFECYCLER_STOP_ACTIVITY,8]
12-15 17:31:33.778 11216 11216 I wm_on_destroy_called: [0,39655651,com.tencent.mm.app.WeChatSplashActivity,performDestroy,3]
12-15 17:31:33.797  3323  3323 I wm_on_stop_called: [0,104235231,com.miui.home.launcher.Launcher,STOP_ACTIVITY_ITEM,5]
12-15 17:31:33.800 11216 11216 I wm_on_stop_called: [0,194384025,com.tencent.mm.ui.LauncherUI,STOP_ACTIVITY_ITEM,3]
12-15 17:31:34.689  3323  3670 I com.miui.home: CheckGCForNative adj_start_bytes: 32244022 NativeAllocationGcWatermark: 10488919 java_gc_start_bytes: 16510644 kNewNativeDiscountFactor: 2 kOldNativeDiscountFactor: 65536 old_native_bytes: 76404307 new_native_bytes: 20973936 add_bytes_allowed: 31466757 is_gc_concurrent: 1 target_footprint_: 16802491 GetBytesAllocated: 10180289 HeapGrowthMultiplier: 3
12-15 17:31:34.689  3323  3670 I com.miui.home: CheckGCForNative gc_urgency 0.641 current_native_bytes is 97378243
12-15 17:31:34.717  3323  3323 I wm_on_restart_called: [0,104235231,com.miui.home.launcher.Launcher,,0]
12-15 17:31:34.719  3323  3323 I wm_on_start_called: [0,104235231,com.miui.home.launcher.Launcher,handleStartActivity,2]
12-15 17:31:34.805  3323  3387 I com.miui.home: CheckGCForNative adj_start_bytes: 32244022 NativeAllocationGcWatermark: 10488919 java_gc_start_bytes: 16510644 kNewNativeDiscountFactor: 2 kOldNativeDiscountFactor: 65536 old_native_bytes: 76404307 new_native_bytes: 31660516 add_bytes_allowed: 31466757 is_gc_concurrent: 1 target_footprint_: 16802491 GetBytesAllocated: 10664260 HeapGrowthMultiplier: 3
12-15 17:31:34.805  3323  3387 I com.miui.home: CheckGCForNative gc_urgency 0.821724 current_native_bytes is 108064823
12-15 17:31:34.806  3323  7869 I com.miui.home: CheckGCForNative adj_start_bytes: 32244022 NativeAllocationGcWatermark: 10488919 java_gc_start_bytes: 16510644 kNewNativeDiscountFactor: 2 kOldNativeDiscountFactor: 65536 old_native_bytes: 76404307 new_native_bytes: 42366564 add_bytes_allowed: 31466757 is_gc_concurrent: 1 target_footprint_: 16802491 GetBytesAllocated: 10664452 HeapGrowthMultiplier: 3
12-15 17:31:34.806  3323  7869 I com.miui.home: CheckGCForNative gc_urgency 0.987746 current_native_bytes is 118770871
12-15 17:31:34.806  3323  3323 I com.miui.home: CheckGCForNative adj_start_bytes: 32244022 NativeAllocationGcWatermark: 10488919 java_gc_start_bytes: 16510644 kNewNativeDiscountFactor: 2 kOldNativeDiscountFactor: 65536 old_native_bytes: 76404307 new_native_bytes: 53073828 add_bytes_allowed: 31466757 is_gc_concurrent: 1 target_footprint_: 16802491 GetBytesAllocated: 10674796 HeapGrowthMultiplier: 3
12-15 17:31:34.806  3323  3323 I com.miui.home: CheckGCForNative gc_urgency 1.1541 current_native_bytes is 129478135
12-15 17:31:34.807  3323  3323 I com.miui.home: CheckGCForNative requested 1
12-15 17:31:34.878  3323  3323 I com.miui.home: CheckGCForNative adj_start_bytes: 32244022 NativeAllocationGcWatermark: 10488919 java_gc_start_bytes: 16510644 kNewNativeDiscountFactor: 2 kOldNativeDiscountFactor: 65536 old_native_bytes: 76404307 new_native_bytes: 31714836 add_bytes_allowed: 31466757 is_gc_concurrent: 1 target_footprint_: 16802491 GetBytesAllocated: 10752148 HeapGrowthMultiplier: 3
12-15 17:31:34.878  3323  3323 I com.miui.home: CheckGCForNative gc_urgency 0.825292 current_native_bytes is 108119143
12-15 17:31:35.233  3323  3323 I com.miui.home: CheckGCForNative gc_urgency 0 current_native_bytes is 74722471
12-15 17:31:35.315 11216 11216 I wm_on_top_resumed_lost_called: [127565401,com.tencent.mm.plugin.account.ui.WelcomeActivity,topStateChangedWhenResumed]
12-15 17:31:35.341  3323  3323 I wm_on_resume_called: [0,104235231,com.miui.home.launcher.Launcher,RESUME_ACTIVITY,19]
12-15 17:31:35.342 11216 11216 I wm_on_paused_called: [0,127565401,com.tencent.mm.plugin.account.ui.WelcomeActivity,performPause,7]
12-15 17:31:35.345  3323  3323 I wm_on_top_resumed_gained_called: [104235231,com.miui.home.launcher.Launcher,topStateChangedWhenResumed]
12-15 17:31:35.346  3323  7869 I com.miui.home: CheckGCForNative adj_start_bytes: 32009183 NativeAllocationGcWatermark: 10447275 java_gc_start_bytes: 16338271 kNewNativeDiscountFactor: 2 kOldNativeDiscountFactor: 65536 old_native_bytes: 74722471 new_native_bytes: 10659520 add_bytes_allowed: 31341825 is_gc_concurrent: 1 target_footprint_: 16469343 GetBytesAllocated: 8625920 HeapGrowthMultiplier: 3
12-15 17:31:35.346  3323  7869 I com.miui.home: CheckGCForNative gc_urgency 0.436026 current_native_bytes is 85381991
12-15 17:31:35.346  3323  3323 I wm_on_idle_called: com.miui.home.launcher.Launcher
12-15 17:31:35.347  3323  3323 I com.miui.home: CheckGCForNative adj_start_bytes: 32009183 NativeAllocationGcWatermark: 10447275 java_gc_start_bytes: 16338271 kNewNativeDiscountFactor: 2 kOldNativeDiscountFactor: 65536 old_native_bytes: 74722471 new_native_bytes: 21301440 add_bytes_allowed: 31341825 is_gc_concurrent: 1 target_footprint_: 16469343 GetBytesAllocated: 8653608 HeapGrowthMultiplier: 3
12-15 17:31:35.347  3323  3323 I com.miui.home: CheckGCForNative gc_urgency 0.603123 current_native_bytes is 96023911
12-15 17:31:35.398 11216 11216 I wm_on_stop_called: [0,127565401,com.tencent.mm.plugin.account.ui.WelcomeActivity,STOP_ACTIVITY_ITEM,10]
12-15 17:31:35.420 11216 11216 I wm_on_idle_called: com.tencent.mm.ui.LauncherUI
12-15 17:31:35.420 11216 11216 I wm_on_idle_called: com.tencent.mm.plugin.account.ui.WelcomeActivity
12-15 17:31:35.421 11216 11216 I wm_on_idle_called: com.tencent.mm.plugin.account.ui.WelcomeActivity
12-15 17:31:35.462  3323  3725 I com.miui.home: CheckGCForNative adj_start_bytes: 32009183 NativeAllocationGcWatermark: 10447275 java_gc_start_bytes: 16338271 kNewNativeDiscountFactor: 2 kOldNativeDiscountFactor: 65536 old_native_bytes: 74722471 new_native_bytes: 10857776 add_bytes_allowed: 31341825 is_gc_concurrent: 1 target_footprint_: 16469343 GetBytesAllocated: 9061298 HeapGrowthMultiplier: 3
12-15 17:31:35.462  3323  3725 I com.miui.home: CheckGCForNative gc_urgency 0.452724 current_native_bytes is 85580247
12-15 17:31:36.268  3323  3323 I wm_on_top_resumed_lost_called: [104235231,com.miui.home.launcher.Launcher,topStateChangedWhenResumed]
12-15 17:31:36.274  3323  3323 I wm_on_paused_called: [0,104235231,com.miui.home.launcher.Launcher,performPause,2]
12-15 17:31:36.930 11570 11570 I wm_on_application_create_called: [0,com.UCMobile,210]
12-15 17:31:37.131 11570 11570 I wm_on_create_called: [0,228612852,com.UCMobile.main.UCMobile,performCreate,152]
12-15 17:31:37.253 11570 11570 I wm_on_create_called: [0,227383461,com.uc.browser.InnerUCMobile,performCreate,38]
12-15 17:31:37.282 11570 11570 I wm_on_start_called: [0,227383461,com.uc.browser.InnerUCMobile,handleStartActivity,29]
12-15 17:31:37.313 11570 11570 I wm_on_resume_called: [0,227383461,com.uc.browser.InnerUCMobile,RESUME_ACTIVITY,22]
12-15 17:31:37.412 11570 11570 I wm_on_top_resumed_gained_called: [227383461,com.uc.browser.InnerUCMobile,topStateChangedWhenResumed]
12-15 17:31:37.770  3323 11218 I com.miui.home: CheckGCForNative adj_start_bytes: 32009183 NativeAllocationGcWatermark: 10447275 java_gc_start_bytes: 16338271 kNewNativeDiscountFactor: 2 kOldNativeDiscountFactor: 65536 old_native_bytes: 74722471 new_native_bytes: 21005772 add_bytes_allowed: 31341825 is_gc_concurrent: 1 target_footprint_: 16469343 GetBytesAllocated: 10692885 HeapGrowthMultiplier: 3
12-15 17:31:37.771  3323 11218 I com.miui.home: CheckGCForNative gc_urgency 0.662213 current_native_bytes is 95728243
12-15 17:31:37.772  3323  4008 I com.miui.home: CheckGCForNative adj_start_bytes: 32009183 NativeAllocationGcWatermark: 10447275 java_gc_start_bytes: 16338271 kNewNativeDiscountFactor: 2 kOldNativeDiscountFactor: 65536 old_native_bytes: 74722471 new_native_bytes: 31711692 add_bytes_allowed: 31341825 is_gc_concurrent: 1 target_footprint_: 16469343 GetBytesAllocated: 10693093 HeapGrowthMultiplier: 3
12-15 17:31:37.772  3323  4008 I com.miui.home: CheckGCForNative gc_urgency 0.829452 current_native_bytes is 106434163
12-15 17:31:37.773  3323  3323 I com.miui.home: CheckGCForNative adj_start_bytes: 32009183 NativeAllocationGcWatermark: 10447275 java_gc_start_bytes: 16338271 kNewNativeDiscountFactor: 2 kOldNativeDiscountFactor: 65536 old_native_bytes: 74722471 new_native_bytes: 42419340 add_bytes_allowed: 31341825 is_gc_concurrent: 1 target_footprint_: 16469343 GetBytesAllocated: 10701928 HeapGrowthMultiplier: 3
12-15 17:31:37.773  3323  3323 I com.miui.home: CheckGCForNative gc_urgency 0.996987 current_native_bytes is 117141811
12-15 17:31:37.919  3323  3323 I com.miui.home: CheckGCForNative adj_start_bytes: 32009183 NativeAllocationGcWatermark: 10447275 java_gc_start_bytes: 16338271 kNewNativeDiscountFactor: 2 kOldNativeDiscountFactor: 65536 old_native_bytes: 74722471 new_native_bytes: 21053212 add_bytes_allowed: 31341825 is_gc_concurrent: 1 target_footprint_: 16469343 GetBytesAllocated: 10768918 HeapGrowthMultiplier: 3
12-15 17:31:37.919  3323  3323 I com.miui.home: CheckGCForNative gc_urgency 0.66533 current_native_bytes is 95775683
12-15 17:31:38.322  3323  3387 I com.miui.home: CheckGCForNative adj_start_bytes: 32009183 NativeAllocationGcWatermark: 10447275 java_gc_start_bytes: 16338271 kNewNativeDiscountFactor: 2 kOldNativeDiscountFactor: 65536 old_native_bytes: 74722471 new_native_bytes: 21372764 add_bytes_allowed: 31341825 is_gc_concurrent: 1 target_footprint_: 16469343 GetBytesAllocated: 11046863 HeapGrowthMultiplier: 3
12-15 17:31:38.322  3323  3387 I com.miui.home: CheckGCForNative gc_urgency 0.679005 current_native_bytes is 96095235
12-15 17:31:38.330  3323  3323 I wm_on_resume_called: [0,104235231,com.miui.home.launcher.Launcher,RESUME_ACTIVITY,19]
12-15 17:31:38.332  3323  3323 I com.miui.home: CheckGCForNative adj_start_bytes: 32009183 NativeAllocationGcWatermark: 10447275 java_gc_start_bytes: 16338271 kNewNativeDiscountFactor: 2 kOldNativeDiscountFactor: 65536 old_native_bytes: 74722471 new_native_bytes: 21373372 add_bytes_allowed: 31341825 is_gc_concurrent: 1 target_footprint_: 16469343 GetBytesAllocated: 11093840 HeapGrowthMultiplier: 3
12-15 17:31:38.332  3323  3323 I com.miui.home: CheckGCForNative gc_urgency 0.680482 current_native_bytes is 96095843
12-15 17:31:38.346  3323  3770 I com.miui.home: CheckGCForNative adj_start_bytes: 32009183 NativeAllocationGcWatermark: 10447275 java_gc_start_bytes: 16338271 kNewNativeDiscountFactor: 2 kOldNativeDiscountFactor: 65536 old_native_bytes: 74722471 new_native_bytes: 32114092 add_bytes_allowed: 31341825 is_gc_concurrent: 1 target_footprint_: 16469343 GetBytesAllocated: 11123851 HeapGrowthMultiplier: 3
12-15 17:31:38.346  3323  3770 I com.miui.home: CheckGCForNative gc_urgency 0.849195 current_native_bytes is 106836563
12-15 17:31:38.366  3323  3323 I com.miui.home: CheckGCForNative adj_start_bytes: 32009183 NativeAllocationGcWatermark: 10447275 java_gc_start_bytes: 16338271 kNewNativeDiscountFactor: 2 kOldNativeDiscountFactor: 65536 old_native_bytes: 74722471 new_native_bytes: 42837548 add_bytes_allowed: 31341825 is_gc_concurrent: 1 target_footprint_: 16469343 GetBytesAllocated: 11231363 HeapGrowthMultiplier: 3
12-15 17:31:38.366  3323  3323 I com.miui.home: CheckGCForNative gc_urgency 1.02006 current_native_bytes is 117560019
12-15 17:31:38.366  3323  3323 I com.miui.home: CheckGCForNative requested 1
12-15 17:31:38.399  3323  3323 I wm_on_idle_called: com.miui.home.launcher.Launcher
12-15 17:31:38.638  3323  3369 I com.miui.home: NativeAlloc concurrent copying GC freed 63998(2709KB) AllocSpace objects, 14(392KB) LOS objects, 49% free, 8431KB/16MB, paused 306us,150us total 269.067ms
12-15 17:31:38.750 11570 11570 I wm_on_destroy_called: [0,228612852,com.UCMobile.main.UCMobile,performDestroy,1]
12-15 17:31:38.751 11570 11570 I wm_on_top_resumed_lost_called: [227383461,com.uc.browser.InnerUCMobile,topStateChangedWhenResumed]
12-15 17:31:38.767  3323  3323 I wm_on_top_resumed_gained_called: [104235231,com.miui.home.launcher.Launcher,topStateChangedWhenResumed]
12-15 17:31:38.897 11570 11570 I wm_on_paused_called: [0,227383461,com.uc.browser.InnerUCMobile,performPause,121]
12-15 17:31:38.988  3323  3323 I wm_on_top_resumed_lost_called: [104235231,com.miui.home.launcher.Launcher,topStateChangedWhenResumed]
12-15 17:31:38.992  3323  3323 I wm_on_paused_called: [0,104235231,com.miui.home.launcher.Launcher,performPause,3]
12-15 17:31:39.109 11570 11570 I wm_on_stop_called: [0,227383461,com.uc.browser.InnerUCMobile,STOP_ACTIVITY_ITEM,179]
12-15 17:31:40.132  3323  3323 I com.miui.home: CheckGCForNative gc_urgency 0 current_native_bytes is 74619955
12-15 17:31:40.245  3323 11218 I com.miui.home: CheckGCForNative adj_start_bytes: 32563244 NativeAllocationGcWatermark: 10546989 java_gc_start_bytes: 16742761 kNewNativeDiscountFactor: 2 kOldNativeDiscountFactor: 65536 old_native_bytes: 74619955 new_native_bytes: 10687108 add_bytes_allowed: 31640967 is_gc_concurrent: 1 target_footprint_: 17267049 GetBytesAllocated: 10101031 HeapGrowthMultiplier: 3
12-15 17:31:40.246  3323 11218 I com.miui.home: CheckGCForNative gc_urgency 0.47433 current_native_bytes is 85307063
12-15 17:31:40.247  3323  3384 I com.miui.home: CheckGCForNative adj_start_bytes: 32563244 NativeAllocationGcWatermark: 10546989 java_gc_start_bytes: 16742761 kNewNativeDiscountFactor: 2 kOldNativeDiscountFactor: 65536 old_native_bytes: 74619955 new_native_bytes: 21393412 add_bytes_allowed: 31640967 is_gc_concurrent: 1 target_footprint_: 17267049 GetBytesAllocated: 10101223 HeapGrowthMultiplier: 3
12-15 17:31:40.247  3323  3384 I com.miui.home: CheckGCForNative gc_urgency 0.638728 current_native_bytes is 96013367
12-15 17:31:40.249  3323  3323 I com.miui.home: CheckGCForNative adj_start_bytes: 32563244 NativeAllocationGcWatermark: 10546989 java_gc_start_bytes: 16742761 kNewNativeDiscountFactor: 2 kOldNativeDiscountFactor: 65536 old_native_bytes: 74619955 new_native_bytes: 32053668 add_bytes_allowed: 31640967 is_gc_concurrent: 1 target_footprint_: 17267049 GetBytesAllocated: 10117799 HeapGrowthMultiplier: 3
12-15 17:31:40.249  3323  3323 I com.miui.home: CheckGCForNative gc_urgency 0.802923 current_native_bytes is 106673623
12-15 17:31:40.292  3323  3323 I com.miui.home: CheckGCForNative adj_start_bytes: 32563244 NativeAllocationGcWatermark: 10546989 java_gc_start_bytes: 16742761 kNewNativeDiscountFactor: 2 kOldNativeDiscountFactor: 65536 old_native_bytes: 74619955 new_native_bytes: 10532228 add_bytes_allowed: 31640967 is_gc_concurrent: 1 target_footprint_: 17267049 GetBytesAllocated: 10140755 HeapGrowthMultiplier: 3
12-15 17:31:40.292  3323  3323 I com.miui.home: CheckGCForNative gc_urgency 0.473172 current_native_bytes is 85152183
12-15 17:31:40.570  3323  3323 I com.miui.home: CheckGCForNative adj_start_bytes: 32563244 NativeAllocationGcWatermark: 10546989 java_gc_start_bytes: 16742761 kNewNativeDiscountFactor: 2 kOldNativeDiscountFactor: 65536 old_native_bytes: 74619955 new_native_bytes: 10990500 add_bytes_allowed: 31640967 is_gc_concurrent: 1 target_footprint_: 17267049 GetBytesAllocated: 10255517 HeapGrowthMultiplier: 3
12-15 17:31:40.570  3323  3323 I com.miui.home: CheckGCForNative gc_urgency 0.483733 current_native_bytes is 85610455
12-15 17:31:40.792  3323  3384 I com.miui.home: CheckGCForNative adj_start_bytes: 32563244 NativeAllocationGcWatermark: 10546989 java_gc_start_bytes: 16742761 kNewNativeDiscountFactor: 2 kOldNativeDiscountFactor: 65536 old_native_bytes: 74619955 new_native_bytes: 21824940 add_bytes_allowed: 31640967 is_gc_concurrent: 1 target_footprint_: 17267049 GetBytesAllocated: 10421816 HeapGrowthMultiplier: 3
12-15 17:31:40.792  3323  3384 I com.miui.home: CheckGCForNative gc_urgency 0.655233 current_native_bytes is 96444895
12-15 17:31:40.800  3323  3323 I wm_on_resume_called: [0,104235231,com.miui.home.launcher.Launcher,RESUME_ACTIVITY,20]
12-15 17:31:40.803  3323  3323 I com.miui.home: CheckGCForNative adj_start_bytes: 32563244 NativeAllocationGcWatermark: 10546989 java_gc_start_bytes: 16742761 kNewNativeDiscountFactor: 2 kOldNativeDiscountFactor: 65536 old_native_bytes: 74619955 new_native_bytes: 32526700 add_bytes_allowed: 31640967 is_gc_concurrent: 1 target_footprint_: 17267049 GetBytesAllocated: 10489389 HeapGrowthMultiplier: 3
12-15 17:31:40.803  3323  3323 I com.miui.home: CheckGCForNative gc_urgency 0.821597 current_native_bytes is 107146655
12-15 17:31:40.805  3323  3323 I wm_on_idle_called: com.miui.home.launcher.Launcher
12-15 17:31:41.157 11995 11995 I wm_on_application_create_called: [0,com.xs.fm.lite,1139]
12-15 17:31:41.274  3323  3323 I wm_on_paused_called: [0,104235231,com.miui.home.launcher.Launcher,performPause,2]
12-15 17:31:42.355 12396 12396 I wm_on_application_create_called: [0,com.youku.phone,417]
12-15 17:31:42.494 12396 12396 I wm_on_create_called: [0,109997938,com.youku.phone.ActivityWelcome,performCreate,87]
12-15 17:31:42.870  3323  3770 I com.miui.home: CheckGCForNative adj_start_bytes: 32563244 NativeAllocationGcWatermark: 10546989 java_gc_start_bytes: 16742761 kNewNativeDiscountFactor: 2 kOldNativeDiscountFactor: 65536 old_native_bytes: 74619955 new_native_bytes: 32263168 add_bytes_allowed: 31640967 is_gc_concurrent: 1 target_footprint_: 17267049 GetBytesAllocated: 12569332 HeapGrowthMultiplier: 3
12-15 17:31:42.870  3323  3770 I com.miui.home: CheckGCForNative gc_urgency 0.881425 current_native_bytes is 106883123
12-15 17:31:42.871  3323  3323 I com.miui.home: CheckGCForNative adj_start_bytes: 32563244 NativeAllocationGcWatermark: 10546989 java_gc_start_bytes: 16742761 kNewNativeDiscountFactor: 2 kOldNativeDiscountFactor: 65536 old_native_bytes: 74619955 new_native_bytes: 42970432 add_bytes_allowed: 31640967 is_gc_concurrent: 1 target_footprint_: 17267049 GetBytesAllocated: 12583913 HeapGrowthMultiplier: 3
12-15 17:31:42.871  3323  3323 I com.miui.home: CheckGCForNative gc_urgency 1.04628 current_native_bytes is 117590387
12-15 17:31:42.871  3323  3323 I com.miui.home: CheckGCForNative requested 1
12-15 17:31:42.877 12396 12396 I wm_on_create_called: [0,165823757,com.youku.v2.HomePageEntry,performCreate,263]
12-15 17:31:42.882  3323  3384 I com.miui.home: CheckGCForNative adj_start_bytes: 32563244 NativeAllocationGcWatermark: 10546989 java_gc_start_bytes: 16742761 kNewNativeDiscountFactor: 2 kOldNativeDiscountFactor: 65536 old_native_bytes: 74619955 new_native_bytes: 42973184 add_bytes_allowed: 31640967 is_gc_concurrent: 1 target_footprint_: 17267049 GetBytesAllocated: 12583913 HeapGrowthMultiplier: 3
12-15 17:31:42.882  3323  3384 I com.miui.home: CheckGCForNative gc_urgency 1.04632 current_native_bytes is 117593139
12-15 17:31:42.882  3323  3384 I com.miui.home: CheckGCForNative requested 1
12-15 17:31:42.897  3323  3323 I com.miui.home: CheckGCForNative adj_start_bytes: 32563244 NativeAllocationGcWatermark: 10546989 java_gc_start_bytes: 16742761 kNewNativeDiscountFactor: 2 kOldNativeDiscountFactor: 65536 old_native_bytes: 74619955 new_native_bytes: 32265728 add_bytes_allowed: 31640967 is_gc_concurrent: 1 target_footprint_: 17267049 GetBytesAllocated: 12590828 HeapGrowthMultiplier: 3
12-15 17:31:42.897  3323  3323 I com.miui.home: CheckGCForNative gc_urgency 0.882124 current_native_bytes is 106885683
12-15 17:31:42.923  3323  3323 I com.miui.home: CheckGCForNative adj_start_bytes: 32563244 NativeAllocationGcWatermark: 10546989 java_gc_start_bytes: 16742761 kNewNativeDiscountFactor: 2 kOldNativeDiscountFactor: 65536 old_native_bytes: 74619955 new_native_bytes: 32298944 add_bytes_allowed: 31640967 is_gc_concurrent: 1 target_footprint_: 17267049 GetBytesAllocated: 12602094 HeapGrowthMultiplier: 3
12-15 17:31:42.923  3323  3323 I com.miui.home: CheckGCForNative gc_urgency 0.88298 current_native_bytes is 106918899
12-15 17:31:42.933 12396 12396 I wm_on_start_called: [0,165823757,com.youku.v2.HomePageEntry,handleStartActivity,54]
12-15 17:31:43.030 12396 12396 I wm_on_resume_called: [0,165823757,com.youku.v2.HomePageEntry,RESUME_ACTIVITY,87]
12-15 17:31:43.058  3323  3369 I com.miui.home: NativeAlloc concurrent copying GC freed 87593(3655KB) AllocSpace objects, 24(624KB) LOS objects, 49% free, 8102KB/15MB, paused 191us,4.118ms total 186.064ms
12-15 17:31:43.141 12396 12396 I wm_on_top_resumed_gained_called: [165823757,com.youku.v2.HomePageEntry,topStateChangedWhenResumed]
12-15 17:31:43.246  3323  3323 I com.miui.home: CheckGCForNative gc_urgency 0 current_native_bytes is 75248579
12-15 17:31:43.445  3323  3323 I wm_on_resume_called: [0,104235231,com.miui.home.launcher.Launcher,RESUME_ACTIVITY,18]
12-15 17:31:43.449  3323  3323 I wm_on_idle_called: com.miui.home.launcher.Launcher
12-15 17:31:43.467  3323  7869 I com.miui.home: CheckGCForNative adj_start_bytes: 32156357 NativeAllocationGcWatermark: 10462767 java_gc_start_bytes: 16462207 kNewNativeDiscountFactor: 2 kOldNativeDiscountFactor: 65536 old_native_bytes: 75248579 new_native_bytes: 10827840 add_bytes_allowed: 31388301 is_gc_concurrent: 1 target_footprint_: 16593279 GetBytesAllocated: 8774844 HeapGrowthMultiplier: 3
12-15 17:31:43.467  3323  7869 I com.miui.home: CheckGCForNative gc_urgency 0.441279 current_native_bytes is 86076419
12-15 17:31:43.468  3323  3323 I com.miui.home: CheckGCForNative adj_start_bytes: 32156357 NativeAllocationGcWatermark: 10462767 java_gc_start_bytes: 16462207 kNewNativeDiscountFactor: 2 kOldNativeDiscountFactor: 65536 old_native_bytes: 75248579 new_native_bytes: 21534784 add_bytes_allowed: 31388301 is_gc_concurrent: 1 target_footprint_: 16593279 GetBytesAllocated: 8782605 HeapGrowthMultiplier: 3
12-15 17:31:43.468  3323  3323 I com.miui.home: CheckGCForNative gc_urgency 0.608002 current_native_bytes is 96783363
12-15 17:31:43.886  3323  3323 I wm_on_paused_called: [0,104235231,com.miui.home.launcher.Launcher,performPause,3]
12-15 17:31:44.580 12802 12802 I wm_on_create_called: [0,168741442,com.ucpro.MainActivity,performCreate,55]
12-15 17:31:45.339 12802 12802 I wm_on_create_called: [0,14640135,com.ucpro.BrowserActivity,performCreate,625]
12-15 17:31:45.343 12802 12802 I wm_on_start_called: [0,14640135,com.ucpro.BrowserActivity,handleStartActivity,3]
12-15 17:31:45.351 12802 12802 I wm_on_resume_called: [0,14640135,com.ucpro.BrowserActivity,RESUME_ACTIVITY,7]
12-15 17:31:45.378 12802 12802 I wm_on_top_resumed_gained_called: [14640135,com.ucpro.BrowserActivity,topStateChangedWhenResumed]
12-15 17:31:45.686  3323  3770 I com.miui.home: CheckGCForNative adj_start_bytes: 32156357 NativeAllocationGcWatermark: 10462767 java_gc_start_bytes: 16462207 kNewNativeDiscountFactor: 2 kOldNativeDiscountFactor: 65536 old_native_bytes: 75248579 new_native_bytes: 21027644 add_bytes_allowed: 31388301 is_gc_concurrent: 1 target_footprint_: 16593279 GetBytesAllocated: 10808271 HeapGrowthMultiplier: 3
12-15 17:31:45.686  3323  3770 I com.miui.home: CheckGCForNative gc_urgency 0.663111 current_native_bytes is 96276223
12-15 17:31:45.687  3323 11218 I com.miui.home: CheckGCForNative adj_start_bytes: 32156357 NativeAllocationGcWatermark: 10462767 java_gc_start_bytes: 16462207 kNewNativeDiscountFactor: 2 kOldNativeDiscountFactor: 65536 old_native_bytes: 75248579 new_native_bytes: 31734588 add_bytes_allowed: 31388301 is_gc_concurrent: 1 target_footprint_: 16593279 GetBytesAllocated: 10808367 HeapGrowthMultiplier: 3
12-15 17:31:45.687  3323 11218 I com.miui.home: CheckGCForNative gc_urgency 0.829597 current_native_bytes is 106983167
12-15 17:31:45.690  3323  3323 I com.miui.home: CheckGCForNative adj_start_bytes: 32156357 NativeAllocationGcWatermark: 10462767 java_gc_start_bytes: 16462207 kNewNativeDiscountFactor: 2 kOldNativeDiscountFactor: 65536 old_native_bytes: 75248579 new_native_bytes: 42442332 add_bytes_allowed: 31388301 is_gc_concurrent: 1 target_footprint_: 16593279 GetBytesAllocated: 10815126 HeapGrowthMultiplier: 3
12-15 17:31:45.690  3323  3323 I com.miui.home: CheckGCForNative gc_urgency 0.996302 current_native_bytes is 117690911
12-15 17:31:45.771  3323  3323 I com.miui.home: CheckGCForNative adj_start_bytes: 32156357 NativeAllocationGcWatermark: 10462767 java_gc_start_bytes: 16462207 kNewNativeDiscountFactor: 2 kOldNativeDiscountFactor: 65536 old_native_bytes: 75248579 new_native_bytes: 21069196 add_bytes_allowed: 31388301 is_gc_concurrent: 1 target_footprint_: 16593279 GetBytesAllocated: 10864776 HeapGrowthMultiplier: 3
12-15 17:31:45.771  3323  3323 I com.miui.home: CheckGCForNative gc_urgency 0.665515 current_native_bytes is 96317775
12-15 17:31:45.929 13047 13047 I wm_on_application_create_called: [0,com.quark.browser,270]
12-15 17:31:46.126  3323  3323 I com.miui.home: CheckGCForNative adj_start_bytes: 32156357 NativeAllocationGcWatermark: 10462767 java_gc_start_bytes: 16462207 kNewNativeDiscountFactor: 2 kOldNativeDiscountFactor: 65536 old_native_bytes: 75248579 new_native_bytes: 21502700 add_bytes_allowed: 31388301 is_gc_concurrent: 1 target_footprint_: 16593279 GetBytesAllocated: 11019472 HeapGrowthMultiplier: 3
12-15 17:31:46.127  3323  3323 I com.miui.home: CheckGCForNative gc_urgency 0.677066 current_native_bytes is 96751279
12-15 17:31:46.285  3323  3323 I wm_on_resume_called: [0,104235231,com.miui.home.launcher.Launcher,RESUME_ACTIVITY,17]
12-15 17:31:46.290  3323  3323 I wm_on_idle_called: com.miui.home.launcher.Launcher
12-15 17:31:46.324  3323 11218 I com.miui.home: CheckGCForNative adj_start_bytes: 32156357 NativeAllocationGcWatermark: 10462767 java_gc_start_bytes: 16462207 kNewNativeDiscountFactor: 2 kOldNativeDiscountFactor: 65536 old_native_bytes: 75248579 new_native_bytes: 32335404 add_bytes_allowed: 31388301 is_gc_concurrent: 1 target_footprint_: 16593279 GetBytesAllocated: 11325404 HeapGrowthMultiplier: 3
12-15 17:31:46.324  3323 11218 I com.miui.home: CheckGCForNative gc_urgency 0.855018 current_native_bytes is 107583983
12-15 17:31:46.325  3323  3323 I com.miui.home: CheckGCForNative adj_start_bytes: 32156357 NativeAllocationGcWatermark: 10462767 java_gc_start_bytes: 16462207 kNewNativeDiscountFactor: 2 kOldNativeDiscountFactor: 65536 old_native_bytes: 75248579 new_native_bytes: 43044716 add_bytes_allowed: 31388301 is_gc_concurrent: 1 target_footprint_: 16593279 GetBytesAllocated: 11325596 HeapGrowthMultiplier: 3
12-15 17:31:46.325  3323  3323 I com.miui.home: CheckGCForNative gc_urgency 1.02154 current_native_bytes is 118293295
12-15 17:31:46.325  3323  3323 I com.miui.home: CheckGCForNative requested 1
12-15 17:31:46.519  3323  3323 I wm_on_paused_called: [0,104235231,com.miui.home.launcher.Launcher,performPause,2]
12-15 17:31:46.704  3323  3369 I com.miui.home: NativeAlloc concurrent copying GC freed 83165(3353KB) AllocSpace objects, 16(496KB) LOS objects, 49% free, 8406KB/16MB, paused 2.300ms,20us total 373.558ms
12-15 17:31:47.611 13221 13221 I wm_on_create_called: [0,236116031,com.eg.android.AlipayGphone.AlipayLogin,performCreate,217]
12-15 17:31:47.615 13221 13221 I wm_on_start_called: [0,236116031,com.eg.android.AlipayGphone.AlipayLogin,handleStartActivity,4]
12-15 17:31:47.622 13221 13221 I wm_on_resume_called: [0,236116031,com.eg.android.AlipayGphone.AlipayLogin,RESUME_ACTIVITY,5]
12-15 17:31:47.655 13221 13221 I wm_on_top_resumed_gained_called: [236116031,com.eg.android.AlipayGphone.AlipayLogin,topStateChangedWhenResumed]
12-15 17:31:48.126  3323  3323 I wm_on_stop_called: [0,104235231,com.miui.home.launcher.Launcher,STOP_ACTIVITY_ITEM,19]
12-15 17:31:48.349  3323  3323 I wm_on_restart_called: [0,104235231,com.miui.home.launcher.Launcher,,0]
12-15 17:31:48.351  3323  3323 I wm_on_start_called: [0,104235231,com.miui.home.launcher.Launcher,handleStartActivity,1]
12-15 17:31:48.384  3323  3323 I com.miui.home: CheckGCForNative gc_urgency 0 current_native_bytes is 74885495
12-15 17:31:48.516  3323  3770 I com.miui.home: CheckGCForNative adj_start_bytes: 32502089 NativeAllocationGcWatermark: 10540551 java_gc_start_bytes: 16691263 kNewNativeDiscountFactor: 2 kOldNativeDiscountFactor: 65536 old_native_bytes: 74885495 new_native_bytes: 10743844 add_bytes_allowed: 31621653 is_gc_concurrent: 1 target_footprint_: 17215551 GetBytesAllocated: 9467156 HeapGrowthMultiplier: 3
12-15 17:31:48.516  3323  3770 I com.miui.home: CheckGCForNative gc_urgency 0.456593 current_native_bytes is 85629339
12-15 17:31:48.522  3323  3770 I com.miui.home: CheckGCForNative adj_start_bytes: 32502089 NativeAllocationGcWatermark: 10540551 java_gc_start_bytes: 16691263 kNewNativeDiscountFactor: 2 kOldNativeDiscountFactor: 65536 old_native_bytes: 74885495 new_native_bytes: 21450980 add_bytes_allowed: 31621653 is_gc_concurrent: 1 target_footprint_: 17215551 GetBytesAllocated: 9473076 HeapGrowthMultiplier: 3
12-15 17:31:48.523  3323  3770 I com.miui.home: CheckGCForNative gc_urgency 0.62149 current_native_bytes is 96336475
12-15 17:31:48.553  3323 13498 I com.miui.home: CheckGCForNative adj_start_bytes: 32502089 NativeAllocationGcWatermark: 10540551 java_gc_start_bytes: 16691263 kNewNativeDiscountFactor: 2 kOldNativeDiscountFactor: 65536 old_native_bytes: 74885495 new_native_bytes: 21462724 add_bytes_allowed: 31621653 is_gc_concurrent: 1 target_footprint_: 17215551 GetBytesAllocated: 9515869 HeapGrowthMultiplier: 3
12-15 17:31:48.553  3323 13498 I com.miui.home: CheckGCForNative gc_urgency 0.622987 current_native_bytes is 96348219
12-15 17:31:48.667  3323  3323 I com.miui.home: CheckGCForNative adj_start_bytes: 32502089 NativeAllocationGcWatermark: 10540551 java_gc_start_bytes: 16691263 kNewNativeDiscountFactor: 2 kOldNativeDiscountFactor: 65536 old_native_bytes: 74885495 new_native_bytes: 10884708 add_bytes_allowed: 31621653 is_gc_concurrent: 1 target_footprint_: 17215551 GetBytesAllocated: 9561629 HeapGrowthMultiplier: 3
12-15 17:31:48.667  3323  3323 I com.miui.home: CheckGCForNative gc_urgency 0.461666 current_native_bytes is 85770203
12-15 17:31:48.948 13454 13454 I wm_on_application_create_called: [0,com.eg.android.AlipayGphone,228]
12-15 17:31:49.052  3323 13498 I com.miui.home: CheckGCForNative adj_start_bytes: 32502089 NativeAllocationGcWatermark: 10540551 java_gc_start_bytes: 16691263 kNewNativeDiscountFactor: 2 kOldNativeDiscountFactor: 65536 old_native_bytes: 74885495 new_native_bytes: 11224484 add_bytes_allowed: 31621653 is_gc_concurrent: 1 target_footprint_: 17215551 GetBytesAllocated: 9699640 HeapGrowthMultiplier: 3
12-15 17:31:49.052  3323 13498 I com.miui.home: CheckGCForNative gc_urgency 0.47114 current_native_bytes is 86109979
12-15 17:31:49.070  3323  3387 I com.miui.home: CheckGCForNative adj_start_bytes: 32502089 NativeAllocationGcWatermark: 10540551 java_gc_start_bytes: 16691263 kNewNativeDiscountFactor: 2 kOldNativeDiscountFactor: 65536 old_native_bytes: 74885495 new_native_bytes: 21933220 add_bytes_allowed: 31621653 is_gc_concurrent: 1 target_footprint_: 17215551 GetBytesAllocated: 9712386 HeapGrowthMultiplier: 3
12-15 17:31:49.070  3323  3387 I com.miui.home: CheckGCForNative gc_urgency 0.636271 current_native_bytes is 96818715
12-15 17:31:49.073  3323  3323 I com.miui.home: CheckGCForNative adj_start_bytes: 32502089 NativeAllocationGcWatermark: 10540551 java_gc_start_bytes: 16691263 kNewNativeDiscountFactor: 2 kOldNativeDiscountFactor: 65536 old_native_bytes: 74885495 new_native_bytes: 32639780 add_bytes_allowed: 31621653 is_gc_concurrent: 1 target_footprint_: 17215551 GetBytesAllocated: 9728690 HeapGrowthMultiplier: 3
12-15 17:31:49.073  3323  3323 I com.miui.home: CheckGCForNative gc_urgency 0.801478 current_native_bytes is 107525275
12-15 17:31:49.416 13221 13221 I wm_on_top_resumed_lost_called: [236116031,com.eg.android.AlipayGphone.AlipayLogin,topStateChangedWhenResumed]
12-15 17:31:49.469 13221 13221 I wm_on_paused_called: [0,236116031,com.eg.android.AlipayGphone.AlipayLogin,performPause,46]
12-15 17:31:49.494  3323  3323 I wm_on_resume_called: [0,104235231,com.miui.home.launcher.Launcher,RESUME_ACTIVITY,18]
12-15 17:31:49.496  3323  3323 I wm_on_top_resumed_gained_called: [104235231,com.miui.home.launcher.Launcher,topWhenResuming]
12-15 17:31:49.498  3323  3323 I wm_on_idle_called: com.miui.home.launcher.Launcher
12-15 17:31:49.696 13221 13221 I wm_on_stop_called: [0,236116031,com.eg.android.AlipayGphone.AlipayLogin,STOP_ACTIVITY_ITEM,123]
12-15 17:31:49.735  3323  3323 I wm_on_top_resumed_lost_called: [104235231,com.miui.home.launcher.Launcher,topStateChangedWhenResumed]
12-15 17:31:49.739  3323  3323 I wm_on_paused_called: [0,104235231,com.miui.home.launcher.Launcher,performPause,2]
12-15 17:31:51.574 13221 13221 I wm_on_idle_called: com.eg.android.AlipayGphone.AlipayLogin
12-15 17:31:51.586  3323  3323 I wm_on_stop_called: [0,104235231,com.miui.home.launcher.Launcher,STOP_ACTIVITY_ITEM,3]
12-15 17:31:51.663  3323  3323 I wm_on_restart_called: [0,104235231,com.miui.home.launcher.Launcher,,0]
12-15 17:31:51.665  3323  3323 I wm_on_start_called: [0,104235231,com.miui.home.launcher.Launcher,handleStartActivity,1]
12-15 17:31:51.726  3323  3323 I com.miui.home: CheckGCForNative adj_start_bytes: 32502089 NativeAllocationGcWatermark: 10540551 java_gc_start_bytes: 16691263 kNewNativeDiscountFactor: 2 kOldNativeDiscountFactor: 65536 old_native_bytes: 74885495 new_native_bytes: 21541144 add_bytes_allowed: 31621653 is_gc_concurrent: 1 target_footprint_: 17215551 GetBytesAllocated: 11695965 HeapGrowthMultiplier: 3
12-15 17:31:51.726  3323  3323 I com.miui.home: CheckGCForNative gc_urgency 0.691269 current_native_bytes is 96426639
12-15 17:31:51.879  3323  3770 I com.miui.home: CheckGCForNative adj_start_bytes: 32502089 NativeAllocationGcWatermark: 10540551 java_gc_start_bytes: 16691263 kNewNativeDiscountFactor: 2 kOldNativeDiscountFactor: 65536 old_native_bytes: 74885495 new_native_bytes: 32339244 add_bytes_allowed: 31621653 is_gc_concurrent: 1 target_footprint_: 17215551 GetBytesAllocated: 11853864 HeapGrowthMultiplier: 3
12-15 17:31:51.879  3323  3770 I com.miui.home: CheckGCForNative gc_urgency 0.862241 current_native_bytes is 107224739
12-15 17:31:51.880  3323  3770 I com.miui.home: CheckGCForNative adj_start_bytes: 32502089 NativeAllocationGcWatermark: 10540551 java_gc_start_bytes: 16691263 kNewNativeDiscountFactor: 2 kOldNativeDiscountFactor: 65536 old_native_bytes: 74885495 new_native_bytes: 43046188 add_bytes_allowed: 31621653 is_gc_concurrent: 1 target_footprint_: 17215551 GetBytesAllocated: 11859695 HeapGrowthMultiplier: 3
12-15 17:31:51.880  3323  3770 I com.miui.home: CheckGCForNative gc_urgency 1.02713 current_native_bytes is 117931683
12-15 17:31:51.880  3323  3770 I com.miui.home: CheckGCForNative requested 1
12-15 17:31:51.910  3323  3387 I com.miui.home: CheckGCForNative adj_start_bytes: 32502089 NativeAllocationGcWatermark: 10540551 java_gc_start_bytes: 16691263 kNewNativeDiscountFactor: 2 kOldNativeDiscountFactor: 65536 old_native_bytes: 74885495 new_native_bytes: 43031164 add_bytes_allowed: 31621653 is_gc_concurrent: 1 target_footprint_: 17215551 GetBytesAllocated: 11895498 HeapGrowthMultiplier: 3
12-15 17:31:51.912  3323  3387 I com.miui.home: CheckGCForNative gc_urgency 1.028 current_native_bytes is 117916659
12-15 17:31:51.912  3323  3387 I com.miui.home: CheckGCForNative requested 1
12-15 17:31:52.097  3323  3323 I com.miui.home: CheckGCForNative adj_start_bytes: 32502089 NativeAllocationGcWatermark: 10540551 java_gc_start_bytes: 16691263 kNewNativeDiscountFactor: 2 kOldNativeDiscountFactor: 65536 old_native_bytes: 74885495 new_native_bytes: 32503380 add_bytes_allowed: 31621653 is_gc_concurrent: 1 target_footprint_: 17215551 GetBytesAllocated: 11988390 HeapGrowthMultiplier: 3
12-15 17:31:52.098  3323  3323 I com.miui.home: CheckGCForNative gc_urgency 0.868905 current_native_bytes is 107388875
12-15 17:31:52.165  3323  3369 I com.miui.home: NativeAlloc concurrent copying GC freed 65389(2946KB) AllocSpace objects, 24(672KB) LOS objects, 49% free, 8111KB/15MB, paused 246us,125us total 283.922ms
12-15 17:31:52.245 13972 13972 I wm_on_application_create_called: [0,com.tencent.mm,735]
12-15 17:31:52.439  3323  3323 I wm_on_resume_called: [0,104235231,com.miui.home.launcher.Launcher,RESUME_ACTIVITY,18]
12-15 17:31:52.443  3323  3323 I wm_on_idle_called: com.miui.home.launcher.Launcher
12-15 17:31:52.471  3323  3384 I com.miui.home: CheckGCForNative gc_urgency 0 current_native_bytes is 86162479
12-15 17:31:52.473  3323  3323 I com.miui.home: CheckGCForNative adj_start_bytes: 32158539 NativeAllocationGcWatermark: 10465209 java_gc_start_bytes: 16460726 kNewNativeDiscountFactor: 2 kOldNativeDiscountFactor: 65536 old_native_bytes: 86162479 new_native_bytes: 10706944 add_bytes_allowed: 31395627 is_gc_concurrent: 1 target_footprint_: 16612814 GetBytesAllocated: 8719290 HeapGrowthMultiplier: 3
12-15 17:31:52.473  3323  3323 I com.miui.home: CheckGCForNative gc_urgency 0.437647 current_native_bytes is 96869423
12-15 17:31:52.837  3323  3585 I com.miui.home: CheckGCForNative adj_start_bytes: 32158539 NativeAllocationGcWatermark: 10465209 java_gc_start_bytes: 16460726 kNewNativeDiscountFactor: 2 kOldNativeDiscountFactor: 65536 old_native_bytes: 86162479 new_native_bytes: 234872 add_bytes_allowed: 31395627 is_gc_concurrent: 1 target_footprint_: 16612814 GetBytesAllocated: 9481481 HeapGrowthMultiplier: 3
12-15 17:31:52.837  3323  3585 I com.miui.home: CheckGCForNative gc_urgency 0.298528 current_native_bytes is 86397351
12-15 17:31:52.844  3323  3585 I com.miui.home: CheckGCForNative adj_start_bytes: 32158539 NativeAllocationGcWatermark: 10465209 java_gc_start_bytes: 16460726 kNewNativeDiscountFactor: 2 kOldNativeDiscountFactor: 65536 old_native_bytes: 86162479 new_native_bytes: 342808 add_bytes_allowed: 31395627 is_gc_concurrent: 1 target_footprint_: 16612814 GetBytesAllocated: 9481609 HeapGrowthMultiplier: 3
12-15 17:31:52.844  3323  3585 I com.miui.home: CheckGCForNative gc_urgency 0.30021 current_native_bytes is 86505287
12-15 17:31:52.847  3323  3585 I com.miui.home: CheckGCForNative adj_start_bytes: 32158539 NativeAllocationGcWatermark: 10465209 java_gc_start_bytes: 16460726 kNewNativeDiscountFactor: 2 kOldNativeDiscountFactor: 65536 old_native_bytes: 86162479 new_native_bytes: 739160 add_bytes_allowed: 31395627 is_gc_concurrent: 1 target_footprint_: 16612814 GetBytesAllocated: 9481609 HeapGrowthMultiplier: 3
12-15 17:31:52.847  3323  3585 I com.miui.home: CheckGCForNative gc_urgency 0.306373 current_native_bytes is 86901639
12-15 17:31:52.913  3323  3323 I wm_on_top_resumed_gained_called: [104235231,com.miui.home.launcher.Launcher,topStateChangedWhenResumed]
12-15 17:31:53.269 13818 13818 I wm_on_application_create_called: [0,com.ss.android.ugc.aweme,1985]
12-15 17:31:55.134 14591 14591 I wm_on_application_create_called: [0,com.eg.android.AlipayGphone,295]