12-18 14:08:52.028  3324  3324 I wm_on_top_resumed_lost_called: [208384814,com.miui.home.launcher.Launcher,topStateChangedWhenResumed]
12-18 14:08:52.051  3324  3324 I wm_on_paused_called: [0,208384814,com.miui.home.launcher.Launcher,performPause,3]
12-18 14:08:53.126  8178  8178 I wm_on_application_create_called: [0,com.autonavi.minimap,326]
12-18 14:08:53.295  8089  8089 I wm_on_application_create_called: [0,com.autonavi.minimap,900]
12-18 14:08:53.593  8089  8089 I wm_on_create_called: [0,166124498,com.autonavi.map.activity.SplashActivity,performCreate,270]
12-18 14:08:53.636  3324  4102 I com.miui.home: CheckGCForNative adj_start_bytes: 41138339 NativeAllocationGcWatermark: 11408239 java_gc_start_bytes: 24025981 kNewNativeDiscountFactor: 2 kOldNativeDiscountFactor: 65536 old_native_bytes: 58939403 new_native_bytes: 10742144 add_bytes_allowed: 34224717 is_gc_concurrent: 1 target_footprint_: 24157053 GetBytesAllocated: 13006758 HeapGrowthMultiplier: 3
12-18 14:08:53.636  3324  4102 I com.miui.home: CheckGCForNative gc_urgency 0.446754 current_native_bytes is 69681547
12-18 14:08:53.641  3324  3395 I com.miui.home: CheckGCForNative adj_start_bytes: 41138339 NativeAllocationGcWatermark: 11408239 java_gc_start_bytes: 24025981 kNewNativeDiscountFactor: 2 kOldNativeDiscountFactor: 65536 old_native_bytes: 58939403 new_native_bytes: 21448512 add_bytes_allowed: 34224717 is_gc_concurrent: 1 target_footprint_: 24157053 GetBytesAllocated: 13006950 HeapGrowthMultiplier: 3
12-18 14:08:53.641  3324  3395 I com.miui.home: CheckGCForNative gc_urgency 0.576885 current_native_bytes is 80387915
12-18 14:08:53.642  3324  3324 I com.miui.home: CheckGCForNative adj_start_bytes: 41138339 NativeAllocationGcWatermark: 11408239 java_gc_start_bytes: 24025981 kNewNativeDiscountFactor: 2 kOldNativeDiscountFactor: 65536 old_native_bytes: 58939403 new_native_bytes: 32155776 add_bytes_allowed: 34224717 is_gc_concurrent: 1 target_footprint_: 24157053 GetBytesAllocated: 13018200 HeapGrowthMultiplier: 3
12-18 14:08:53.642  3324  3324 I com.miui.home: CheckGCForNative gc_urgency 0.707296 current_native_bytes is 91095179
12-18 14:08:53.643  3324  4102 I com.miui.home: CheckGCForNative adj_start_bytes: 41138339 NativeAllocationGcWatermark: 11408239 java_gc_start_bytes: 24025981 kNewNativeDiscountFactor: 2 kOldNativeDiscountFactor: 65536 old_native_bytes: 58939403 new_native_bytes: 32158720 add_bytes_allowed: 34224717 is_gc_concurrent: 1 target_footprint_: 24157053 GetBytesAllocated: 13018200 HeapGrowthMultiplier: 3
12-18 14:08:53.643  3324  4102 I com.miui.home: CheckGCForNative gc_urgency 0.707332 current_native_bytes is 91098123
12-18 14:08:53.813  3324  3324 I com.miui.home: CheckGCForNative adj_start_bytes: 41138339 NativeAllocationGcWatermark: 11408239 java_gc_start_bytes: 24025981 kNewNativeDiscountFactor: 2 kOldNativeDiscountFactor: 65536 old_native_bytes: 58939403 new_native_bytes: 23699536 add_bytes_allowed: 34224717 is_gc_concurrent: 1 target_footprint_: 24157053 GetBytesAllocated: 13195867 HeapGrowthMultiplier: 3
12-18 14:08:53.813  3324  3324 I com.miui.home: CheckGCForNative gc_urgency 0.608837 current_native_bytes is 82638939
12-18 14:08:53.991  3324  3324 I com.miui.home: CheckGCForNative adj_start_bytes: 41138339 NativeAllocationGcWatermark: 11408239 java_gc_start_bytes: 24025981 kNewNativeDiscountFactor: 2 kOldNativeDiscountFactor: 65536 old_native_bytes: 58939403 new_native_bytes: 25160072 add_bytes_allowed: 34224717 is_gc_concurrent: 1 target_footprint_: 24157053 GetBytesAllocated: 13266327 HeapGrowthMultiplier: 3
12-18 14:08:53.991  3324  3324 I com.miui.home: CheckGCForNative gc_urgency 0.628301 current_native_bytes is 84099475
12-18 14:08:54.005  8089  8089 I wm_on_create_called: [0,46746925,com.autonavi.map.activity.NewMapActivity,performCreate,264]
12-18 14:08:54.019  8089  8089 I wm_on_start_called: [0,46746925,com.autonavi.map.activity.NewMapActivity,handleStartActivity,13]
12-18 14:08:54.033  8089  8089 I wm_on_resume_called: [0,46746925,com.autonavi.map.activity.NewMapActivity,RESUME_ACTIVITY,6]
12-18 14:08:54.109  8089  8089 I wm_on_top_resumed_gained_called: [46746925,com.autonavi.map.activity.NewMapActivity,topStateChangedWhenResumed]
12-18 14:08:54.245  3324  3395 I com.miui.home: CheckGCForNative adj_start_bytes: 41138339 NativeAllocationGcWatermark: 11408239 java_gc_start_bytes: 24025981 kNewNativeDiscountFactor: 2 kOldNativeDiscountFactor: 65536 old_native_bytes: 58939403 new_native_bytes: 25280928 add_bytes_allowed: 34224717 is_gc_concurrent: 1 target_footprint_: 24157053 GetBytesAllocated: 13462363 HeapGrowthMultiplier: 3
12-18 14:08:54.246  3324  3395 I com.miui.home: CheckGCForNative gc_urgency 0.634535 current_native_bytes is 84220331
12-18 14:08:54.316  3324  3395 I com.miui.home: CheckGCForNative adj_start_bytes: 41138339 NativeAllocationGcWatermark: 11408239 java_gc_start_bytes: 24025981 kNewNativeDiscountFactor: 2 kOldNativeDiscountFactor: 65536 old_native_bytes: 58939403 new_native_bytes: 36105504 add_bytes_allowed: 34224717 is_gc_concurrent: 1 target_footprint_: 24157053 GetBytesAllocated: 13614791 HeapGrowthMultiplier: 3
12-18 14:08:54.316  3324  3395 I com.miui.home: CheckGCForNative gc_urgency 0.769804 current_native_bytes is 95044907
12-18 14:08:54.318  3324  3324 I com.miui.home: CheckGCForNative adj_start_bytes: 41138339 NativeAllocationGcWatermark: 11408239 java_gc_start_bytes: 24025981 kNewNativeDiscountFactor: 2 kOldNativeDiscountFactor: 65536 old_native_bytes: 58939403 new_native_bytes: 46809056 add_bytes_allowed: 34224717 is_gc_concurrent: 1 target_footprint_: 24157053 GetBytesAllocated: 13631770 HeapGrowthMultiplier: 3
12-18 14:08:54.318  3324  3324 I com.miui.home: CheckGCForNative gc_urgency 0.900308 current_native_bytes is 105748459
12-18 14:08:54.455  8089  8089 I wm_on_top_resumed_lost_called: [46746925,com.autonavi.map.activity.NewMapActivity,topStateChangedWhenResumed]
12-18 14:08:54.460  8089  8089 I wm_on_paused_called: [0,46746925,com.autonavi.map.activity.NewMapActivity,performPause,1]
12-18 14:08:54.494  3324  3324 I wm_on_resume_called: [0,208384814,com.miui.home.launcher.Launcher,RESUME_ACTIVITY,21]
12-18 14:08:54.496  3324  3324 I wm_on_top_resumed_gained_called: [208384814,com.miui.home.launcher.Launcher,topWhenResuming]
12-18 14:08:54.550  3324  3324 I wm_on_idle_called: com.miui.home.launcher.Launcher
12-18 14:08:54.673  8089  8089 I wm_on_destroy_called: [0,166124498,com.autonavi.map.activity.SplashActivity,performDestroy,1]
12-18 14:08:54.683  3324  3324 I wm_on_top_resumed_lost_called: [208384814,com.miui.home.launcher.Launcher,topStateChangedWhenResumed]
12-18 14:08:54.694  3324  3324 I wm_on_paused_called: [0,208384814,com.miui.home.launcher.Launcher,performPause,4]
12-18 14:08:55.350  8550  8550 I wm_on_create_called: [0,84022694,fm.qingting.qtradio.WelcomeActivity,performCreate,81]
12-18 14:08:55.351  8550  8550 I wm_on_start_called: [0,84022694,fm.qingting.qtradio.WelcomeActivity,handleStartActivity,1]
12-18 14:08:55.357  8550  8550 I wm_on_resume_called: [0,84022694,fm.qingting.qtradio.WelcomeActivity,RESUME_ACTIVITY,5]
12-18 14:08:55.384  8550  8550 I wm_on_top_resumed_gained_called: [84022694,fm.qingting.qtradio.WelcomeActivity,topStateChangedWhenResumed]
12-18 14:08:55.618  3324  3324 I wm_on_stop_called: [0,208384814,com.miui.home.launcher.Launcher,STOP_ACTIVITY_ITEM,6]
12-18 14:08:55.814  8550  8550 I wm_on_idle_called: fm.qingting.qtradio.WelcomeActivity
12-18 14:08:56.209  3324  3324 I wm_on_restart_called: [0,208384814,com.miui.home.launcher.Launcher,,0]
12-18 14:08:56.211  3324  3324 I wm_on_start_called: [0,208384814,com.miui.home.launcher.Launcher,handleStartActivity,2]
12-18 14:08:56.258  3324  3324 I com.miui.home: CheckGCForNative adj_start_bytes: 41138339 NativeAllocationGcWatermark: 11408239 java_gc_start_bytes: 24025981 kNewNativeDiscountFactor: 2 kOldNativeDiscountFactor: 65536 old_native_bytes: 58939403 new_native_bytes: 36100424 add_bytes_allowed: 34224717 is_gc_concurrent: 1 target_footprint_: 24157053 GetBytesAllocated: 15499562 HeapGrowthMultiplier: 3
12-18 14:08:56.259  3324  3324 I com.miui.home: CheckGCForNative gc_urgency 0.815557 current_native_bytes is 95039827
12-18 14:08:56.318  3324  4102 I com.miui.home: CheckGCForNative adj_start_bytes: 41138339 NativeAllocationGcWatermark: 11408239 java_gc_start_bytes: 24025981 kNewNativeDiscountFactor: 2 kOldNativeDiscountFactor: 65536 old_native_bytes: 58939403 new_native_bytes: 36181016 add_bytes_allowed: 34224717 is_gc_concurrent: 1 target_footprint_: 24157053 GetBytesAllocated: 15521503 HeapGrowthMultiplier: 3
12-18 14:08:56.318  3324  4102 I com.miui.home: CheckGCForNative gc_urgency 0.81707 current_native_bytes is 95120419
12-18 14:08:56.335  3324  3924 I com.miui.home: CheckGCForNative adj_start_bytes: 41138339 NativeAllocationGcWatermark: 11408239 java_gc_start_bytes: 24025981 kNewNativeDiscountFactor: 2 kOldNativeDiscountFactor: 65536 old_native_bytes: 58939403 new_native_bytes: 46889112 add_bytes_allowed: 34224717 is_gc_concurrent: 1 target_footprint_: 24157053 GetBytesAllocated: 15529452 HeapGrowthMultiplier: 3
12-18 14:08:56.335  3324  3924 I com.miui.home: CheckGCForNative gc_urgency 0.947411 current_native_bytes is 105828515
12-18 14:08:56.336  3324  4102 I com.miui.home: CheckGCForNative adj_start_bytes: 41138339 NativeAllocationGcWatermark: 11408239 java_gc_start_bytes: 24025981 kNewNativeDiscountFactor: 2 kOldNativeDiscountFactor: 65536 old_native_bytes: 58939403 new_native_bytes: 57595416 add_bytes_allowed: 34224717 is_gc_concurrent: 1 target_footprint_: 24157053 GetBytesAllocated: 15529644 HeapGrowthMultiplier: 3
12-18 14:08:56.336  3324  4102 I com.miui.home: CheckGCForNative gc_urgency 1.07754 current_native_bytes is 116534819
12-18 14:08:56.336  3324  4102 I com.miui.home: CheckGCForNative requested 1
12-18 14:08:56.336  3324  3324 I com.miui.home: CheckGCForNative adj_start_bytes: 41138339 NativeAllocationGcWatermark: 11408239 java_gc_start_bytes: 24025981 kNewNativeDiscountFactor: 2 kOldNativeDiscountFactor: 65536 old_native_bytes: 58939403 new_native_bytes: 68302360 add_bytes_allowed: 34224717 is_gc_concurrent: 1 target_footprint_: 24157053 GetBytesAllocated: 15541145 HeapGrowthMultiplier: 3
12-18 14:08:56.336  3324  3324 I com.miui.home: CheckGCForNative gc_urgency 1.20795 current_native_bytes is 127241763
12-18 14:08:56.336  3324  3324 I com.miui.home: CheckGCForNative requested 1
12-18 14:08:56.454  3324  3361 I com.miui.home: NativeAlloc concurrent copying GC freed 69724(2869KB) AllocSpace objects, 9(436KB) LOS objects, 49% free, 11MB/23MB, paused 338us,65us total 115.850ms
12-18 14:08:56.643  8726  8726 I wm_on_application_create_called: [0,com.baidu.input_mi,259]
12-18 14:08:56.697  3324  3324 I com.miui.home: CheckGCForNative gc_urgency 0 current_native_bytes is 74898379
12-18 14:08:56.849  8550  8550 I wm_on_top_resumed_lost_called: [84022694,fm.qingting.qtradio.WelcomeActivity,topStateChangedWhenResumed]
12-18 14:08:56.899  3324  3324 I wm_on_resume_called: [0,208384814,com.miui.home.launcher.Launcher,RESUME_ACTIVITY,19]
12-18 14:08:56.905  3324  3324 I wm_on_top_resumed_gained_called: [208384814,com.miui.home.launcher.Launcher,topStateChangedWhenResumed]
12-18 14:08:56.906  3324  3324 I wm_on_idle_called: com.miui.home.launcher.Launcher
12-18 14:08:56.916  3324  4102 I com.miui.home: CheckGCForNative adj_start_bytes: 41519029 NativeAllocationGcWatermark: 11448312 java_gc_start_bytes: 24346561 kNewNativeDiscountFactor: 2 kOldNativeDiscountFactor: 65536 old_native_bytes: 74898379 new_native_bytes: 10618056 add_bytes_allowed: 34344936 is_gc_concurrent: 1 target_footprint_: 24477633 GetBytesAllocated: 12663811 HeapGrowthMultiplier: 3
12-18 14:08:56.916  3324  4102 I com.miui.home: CheckGCForNative gc_urgency 0.432909 current_native_bytes is 85516435
12-18 14:08:56.921  8550  8550 I wm_on_paused_called: [0,84022694,fm.qingting.qtradio.WelcomeActivity,performPause,21]
12-18 14:08:56.931  3324  3324 I com.miui.home: CheckGCForNative adj_start_bytes: 41519029 NativeAllocationGcWatermark: 11448312 java_gc_start_bytes: 24346561 kNewNativeDiscountFactor: 2 kOldNativeDiscountFactor: 65536 old_native_bytes: 74898379 new_native_bytes: 21332704 add_bytes_allowed: 34344936 is_gc_concurrent: 1 target_footprint_: 24477633 GetBytesAllocated: 12716800 HeapGrowthMultiplier: 3
12-18 14:08:56.931  3324  3324 I com.miui.home: CheckGCForNative gc_urgency 0.563219 current_native_bytes is 96231083
12-18 14:08:56.985  8550  8550 I wm_on_stop_called: [0,84022694,fm.qingting.qtradio.WelcomeActivity,STOP_ACTIVITY_ITEM,33]
12-18 14:08:57.338  8871  8871 I wm_on_application_create_called: [0,com.xiaomi.bluetooth,299]
12-18 14:08:57.645  3324  3324 I wm_on_top_resumed_lost_called: [208384814,com.miui.home.launcher.Launcher,topStateChangedWhenResumed]
12-18 14:08:57.658  3324  3324 I wm_on_paused_called: [0,208384814,com.miui.home.launcher.Launcher,performPause,2]
12-18 14:08:58.999  9123  9123 I wm_on_application_create_called: [0,com.ss.android.ugc.aweme,208]
12-18 14:08:59.095  3324  3324 I com.miui.home: CheckGCForNative adj_start_bytes: 41519029 NativeAllocationGcWatermark: 11448312 java_gc_start_bytes: 24346561 kNewNativeDiscountFactor: 2 kOldNativeDiscountFactor: 65536 old_native_bytes: 74898379 new_native_bytes: 10377936 add_bytes_allowed: 34344936 is_gc_concurrent: 1 target_footprint_: 24477633 GetBytesAllocated: 14233876 HeapGrowthMultiplier: 3
12-18 14:08:59.095  3324  3324 I com.miui.home: CheckGCForNative gc_urgency 0.467833 current_native_bytes is 85276315
12-18 14:08:59.193  3324  4102 I com.miui.home: CheckGCForNative adj_start_bytes: 41519029 NativeAllocationGcWatermark: 11448312 java_gc_start_bytes: 24346561 kNewNativeDiscountFactor: 2 kOldNativeDiscountFactor: 65536 old_native_bytes: 74898379 new_native_bytes: 21155580 add_bytes_allowed: 34344936 is_gc_concurrent: 1 target_footprint_: 24477633 GetBytesAllocated: 14315918 HeapGrowthMultiplier: 3
12-18 14:08:59.194  3324  4102 I com.miui.home: CheckGCForNative gc_urgency 0.599601 current_native_bytes is 96053959
12-18 14:08:59.196  3324  3324 I com.miui.home: CheckGCForNative adj_start_bytes: 41519029 NativeAllocationGcWatermark: 11448312 java_gc_start_bytes: 24346561 kNewNativeDiscountFactor: 2 kOldNativeDiscountFactor: 65536 old_native_bytes: 74898379 new_native_bytes: 31863812 add_bytes_allowed: 34344936 is_gc_concurrent: 1 target_footprint_: 24477633 GetBytesAllocated: 14331830 HeapGrowthMultiplier: 3
12-18 14:08:59.196  3324  3324 I com.miui.home: CheckGCForNative gc_urgency 0.72894 current_native_bytes is 106762191
12-18 14:08:59.197  3324  3924 I com.miui.home: CheckGCForNative adj_start_bytes: 41519029 NativeAllocationGcWatermark: 11448312 java_gc_start_bytes: 24346561 kNewNativeDiscountFactor: 2 kOldNativeDiscountFactor: 65536 old_native_bytes: 74898379 new_native_bytes: 31865732 add_bytes_allowed: 34344936 is_gc_concurrent: 1 target_footprint_: 24477633 GetBytesAllocated: 14331830 HeapGrowthMultiplier: 3
12-18 14:08:59.197  3324  3924 I com.miui.home: CheckGCForNative gc_urgency 0.728963 current_native_bytes is 106764111
12-18 14:08:59.248  3324  3324 I com.miui.home: CheckGCForNative adj_start_bytes: 41519029 NativeAllocationGcWatermark: 11448312 java_gc_start_bytes: 24346561 kNewNativeDiscountFactor: 2 kOldNativeDiscountFactor: 65536 old_native_bytes: 74898379 new_native_bytes: 21196900 add_bytes_allowed: 34344936 is_gc_concurrent: 1 target_footprint_: 24477633 GetBytesAllocated: 14362850 HeapGrowthMultiplier: 3
12-18 14:08:59.248  3324  3324 I com.miui.home: CheckGCForNative gc_urgency 0.601229 current_native_bytes is 96095279
12-18 14:08:59.471  9123  9123 I wm_on_create_called: [0,187578701,com.ss.android.ugc.aweme.splash.SplashActivity,performCreate,443]
12-18 14:08:59.604  3324  3324 I com.miui.home: CheckGCForNative adj_start_bytes: 41519029 NativeAllocationGcWatermark: 11448312 java_gc_start_bytes: 24346561 kNewNativeDiscountFactor: 2 kOldNativeDiscountFactor: 65536 old_native_bytes: 74898379 new_native_bytes: 21754444 add_bytes_allowed: 34344936 is_gc_concurrent: 1 target_footprint_: 24477633 GetBytesAllocated: 14518853 HeapGrowthMultiplier: 3
12-18 14:08:59.604  3324  3324 I com.miui.home: CheckGCForNative gc_urgency 0.611701 current_native_bytes is 96652823
12-18 14:08:59.755  3324  3324 I wm_on_resume_called: [0,208384814,com.miui.home.launcher.Launcher,RESUME_ACTIVITY,27]
12-18 14:08:59.759  3324  3324 I wm_on_idle_called: com.miui.home.launcher.Launcher
12-18 14:08:59.767  3324  3395 I com.miui.home: CheckGCForNative adj_start_bytes: 41519029 NativeAllocationGcWatermark: 11448312 java_gc_start_bytes: 24346561 kNewNativeDiscountFactor: 2 kOldNativeDiscountFactor: 65536 old_native_bytes: 74898379 new_native_bytes: 32491668 add_bytes_allowed: 34344936 is_gc_concurrent: 1 target_footprint_: 24477633 GetBytesAllocated: 14737495 HeapGrowthMultiplier: 3
12-18 14:08:59.767  3324  3395 I com.miui.home: CheckGCForNative gc_urgency 0.746272 current_native_bytes is 107390047
12-18 14:08:59.768  3324  3324 I com.miui.home: CheckGCForNative adj_start_bytes: 41519029 NativeAllocationGcWatermark: 11448312 java_gc_start_bytes: 24346561 kNewNativeDiscountFactor: 2 kOldNativeDiscountFactor: 65536 old_native_bytes: 74898379 new_native_bytes: 43198772 add_bytes_allowed: 34344936 is_gc_concurrent: 1 target_footprint_: 24477633 GetBytesAllocated: 14737687 HeapGrowthMultiplier: 3
12-18 14:08:59.768  3324  3324 I com.miui.home: CheckGCForNative gc_urgency 0.875218 current_native_bytes is 118097151
12-18 14:09:00.101  9123  9123 I wm_on_start_called: [0,187578701,com.ss.android.ugc.aweme.splash.SplashActivity,handleStartActivity,612]
12-18 14:09:00.185  3324  3324 I wm_on_paused_called: [0,208384814,com.miui.home.launcher.Launcher,performPause,2]
12-18 14:09:00.231  9123  9123 I wm_on_resume_called: [0,187578701,com.ss.android.ugc.aweme.splash.SplashActivity,RESUME_ACTIVITY,100]
12-18 14:09:01.153  9450  9450 I wm_on_create_called: [0,219843354,com.eg.android.AlipayGphone.AlipayLogin,performCreate,127]
12-18 14:09:01.157  9450  9450 I wm_on_start_called: [0,219843354,com.eg.android.AlipayGphone.AlipayLogin,handleStartActivity,3]
12-18 14:09:01.164  9450  9450 I wm_on_resume_called: [0,219843354,com.eg.android.AlipayGphone.AlipayLogin,RESUME_ACTIVITY,5]
12-18 14:09:01.197  9450  9450 I wm_on_top_resumed_gained_called: [219843354,com.eg.android.AlipayGphone.AlipayLogin,topStateChangedWhenResumed]
12-18 14:09:01.917  3324  3324 I wm_on_stop_called: [0,208384814,com.miui.home.launcher.Launcher,STOP_ACTIVITY_ITEM,4]
12-18 14:09:02.031  9123  9123 I wm_on_top_resumed_gained_called: [187578701,com.ss.android.ugc.aweme.splash.SplashActivity,topStateChangedWhenResumed]
12-18 14:09:02.041  3324  3324 I wm_on_restart_called: [0,208384814,com.miui.home.launcher.Launcher,,0]
12-18 14:09:02.043  3324  3324 I wm_on_start_called: [0,208384814,com.miui.home.launcher.Launcher,handleStartActivity,2]
12-18 14:09:02.083  3324  3324 I com.miui.home: CheckGCForNative adj_start_bytes: 41519029 NativeAllocationGcWatermark: 11448312 java_gc_start_bytes: 24346561 kNewNativeDiscountFactor: 2 kOldNativeDiscountFactor: 65536 old_native_bytes: 74898379 new_native_bytes: 32297872 add_bytes_allowed: 34344936 is_gc_concurrent: 1 target_footprint_: 24477633 GetBytesAllocated: 16659321 HeapGrowthMultiplier: 3
12-18 14:09:02.083  3324  3324 I com.miui.home: CheckGCForNative gc_urgency 0.790226 current_native_bytes is 107196251
12-18 14:09:02.085  9123  9123 I wm_on_top_resumed_lost_called: [187578701,com.ss.android.ugc.aweme.splash.SplashActivity,topStateChangedWhenResumed]
12-18 14:09:02.200  9123  9123 I wm_on_paused_called: [0,187578701,com.ss.android.ugc.aweme.splash.SplashActivity,performPause,70]
12-18 14:09:02.227  3324  3395 I com.miui.home: CheckGCForNative adj_start_bytes: 41519029 NativeAllocationGcWatermark: 11448312 java_gc_start_bytes: 24346561 kNewNativeDiscountFactor: 2 kOldNativeDiscountFactor: 65536 old_native_bytes: 74898379 new_native_bytes: 43070852 add_bytes_allowed: 34344936 is_gc_concurrent: 1 target_footprint_: 24477633 GetBytesAllocated: 16714477 HeapGrowthMultiplier: 3
12-18 14:09:02.227  3324  3395 I com.miui.home: CheckGCForNative gc_urgency 0.92129 current_native_bytes is 117969231
12-18 14:09:02.228  3324  3395 I com.miui.home: CheckGCForNative adj_start_bytes: 41519029 NativeAllocationGcWatermark: 11448312 java_gc_start_bytes: 24346561 kNewNativeDiscountFactor: 2 kOldNativeDiscountFactor: 65536 old_native_bytes: 74898379 new_native_bytes: 53777796 add_bytes_allowed: 34344936 is_gc_concurrent: 1 target_footprint_: 24477633 GetBytesAllocated: 16722749 HeapGrowthMultiplier: 3
12-18 14:09:02.228  3324  3395 I com.miui.home: CheckGCForNative gc_urgency 1.05043 current_native_bytes is 128676175
12-18 14:09:02.228  3324  3395 I com.miui.home: CheckGCForNative requested 1
12-18 14:09:02.241  3324  3384 I com.miui.home: CheckGCForNative adj_start_bytes: 41519029 NativeAllocationGcWatermark: 11448312 java_gc_start_bytes: 24346561 kNewNativeDiscountFactor: 2 kOldNativeDiscountFactor: 65536 old_native_bytes: 74898379 new_native_bytes: 53757284 add_bytes_allowed: 34344936 is_gc_concurrent: 1 target_footprint_: 24477633 GetBytesAllocated: 16743107 HeapGrowthMultiplier: 3
12-18 14:09:02.241  3324  3384 I com.miui.home: CheckGCForNative gc_urgency 1.05067 current_native_bytes is 128655663
12-18 14:09:02.241  3324  3384 I com.miui.home: CheckGCForNative requested 1
12-18 14:09:02.305  3324  3324 I com.miui.home: CheckGCForNative adj_start_bytes: 41519029 NativeAllocationGcWatermark: 11448312 java_gc_start_bytes: 24346561 kNewNativeDiscountFactor: 2 kOldNativeDiscountFactor: 65536 old_native_bytes: 74898379 new_native_bytes: 43121204 add_bytes_allowed: 34344936 is_gc_concurrent: 1 target_footprint_: 24477633 GetBytesAllocated: 16775540 HeapGrowthMultiplier: 3
12-18 14:09:02.305  3324  3324 I com.miui.home: CheckGCForNative gc_urgency 0.923367 current_native_bytes is 118019583
12-18 14:09:02.420  3324  3361 I com.miui.home: NativeAlloc concurrent copying GC freed 96309(3952KB) AllocSpace objects, 10(448KB) LOS objects, 50% free, 11MB/23MB, paused 228us,62us total 192.187ms
12-18 14:09:02.586  9123  9123 I wm_on_stop_called: [0,187578701,com.ss.android.ugc.aweme.splash.SplashActivity,STOP_ACTIVITY_ITEM,380]
12-18 14:09:02.660  3324  3324 I com.miui.home: CheckGCForNative gc_urgency 0 current_native_bytes is 75074903
12-18 14:09:02.803  3324  3395 I com.miui.home: CheckGCForNative adj_start_bytes: 41729321 NativeAllocationGcWatermark: 11470448 java_gc_start_bytes: 24523649 kNewNativeDiscountFactor: 2 kOldNativeDiscountFactor: 65536 old_native_bytes: 75074903 new_native_bytes: 10753872 add_bytes_allowed: 34411344 is_gc_concurrent: 1 target_footprint_: 24654721 GetBytesAllocated: 12527479 HeapGrowthMultiplier: 3
12-18 14:09:02.803  3324  3395 I com.miui.home: CheckGCForNative gc_urgency 0.429088 current_native_bytes is 85828775
12-18 14:09:02.805  3324  3324 I com.miui.home: CheckGCForNative adj_start_bytes: 41729321 NativeAllocationGcWatermark: 11470448 java_gc_start_bytes: 24523649 kNewNativeDiscountFactor: 2 kOldNativeDiscountFactor: 65536 old_native_bytes: 75074903 new_native_bytes: 21461136 add_bytes_allowed: 34411344 is_gc_concurrent: 1 target_footprint_: 24654721 GetBytesAllocated: 12534957 HeapGrowthMultiplier: 3
12-18 14:09:02.805  3324  3324 I com.miui.home: CheckGCForNative gc_urgency 0.557562 current_native_bytes is 96536039
12-18 14:09:03.362  3324  3324 I wm_on_resume_called: [0,208384814,com.miui.home.launcher.Launcher,RESUME_ACTIVITY,21]
12-18 14:09:03.364  3324  3324 I wm_on_top_resumed_gained_called: [208384814,com.miui.home.launcher.Launcher,topWhenResuming]
12-18 14:09:03.365  3324  3324 I wm_on_top_resumed_lost_called: [208384814,com.miui.home.launcher.Launcher,topStateChangedWhenResumed]
12-18 14:09:03.369  3324  3324 I wm_on_paused_called: [0,208384814,com.miui.home.launcher.Launcher,performPause,2]
12-18 14:09:03.390  3324  3324 I wm_on_idle_called: com.miui.home.launcher.Launcher
12-18 14:09:04.498 10189 10189 I wm_on_create_called: [0,186323470,com.xunmeng.pinduoduo.ui.activity.MainFrameActivity,performCreate,89]
12-18 14:09:04.657 10189 10189 I wm_on_create_called: [0,144393872,com.xunmeng.pinduoduo.ui.activity.HomeActivity,performCreate,70]
12-18 14:09:04.698 10189 10189 I wm_on_start_called: [0,144393872,com.xunmeng.pinduoduo.ui.activity.HomeActivity,handleStartActivity,40]
12-18 14:09:04.706 10189 10189 I wm_on_resume_called: [0,144393872,com.xunmeng.pinduoduo.ui.activity.HomeActivity,RESUME_ACTIVITY,6]
12-18 14:09:04.733 10189 10189 I wm_on_top_resumed_gained_called: [144393872,com.xunmeng.pinduoduo.ui.activity.HomeActivity,topStateChangedWhenResumed]
12-18 14:09:05.080 10024 10024 I wm_on_application_create_called: [0,com.ss.android.ugc.aweme,798]
12-18 14:09:05.197  3324  3324 I com.miui.home: CheckGCForNative adj_start_bytes: 41729321 NativeAllocationGcWatermark: 11470448 java_gc_start_bytes: 24523649 kNewNativeDiscountFactor: 2 kOldNativeDiscountFactor: 65536 old_native_bytes: 75074903 new_native_bytes: 10279280 add_bytes_allowed: 34411344 is_gc_concurrent: 1 target_footprint_: 24654721 GetBytesAllocated: 13984665 HeapGrowthMultiplier: 3
12-18 14:09:05.197  3324  3324 I com.miui.home: CheckGCForNative gc_urgency 0.458322 current_native_bytes is 85354183
12-18 14:09:05.273 10189 10189 I wm_on_idle_called: com.xunmeng.pinduoduo.ui.activity.HomeActivity
12-18 14:09:05.314  3324  3395 I com.miui.home: CheckGCForNative adj_start_bytes: 41729321 NativeAllocationGcWatermark: 11470448 java_gc_start_bytes: 24523649 kNewNativeDiscountFactor: 2 kOldNativeDiscountFactor: 65536 old_native_bytes: 75074903 new_native_bytes: 21077292 add_bytes_allowed: 34411344 is_gc_concurrent: 1 target_footprint_: 24654721 GetBytesAllocated: 14046513 HeapGrowthMultiplier: 3
12-18 14:09:05.314  3324  3395 I com.miui.home: CheckGCForNative gc_urgency 0.589185 current_native_bytes is 96152195
12-18 14:09:05.319  3324  3395 I com.miui.home: CheckGCForNative adj_start_bytes: 41729321 NativeAllocationGcWatermark: 11470448 java_gc_start_bytes: 24523649 kNewNativeDiscountFactor: 2 kOldNativeDiscountFactor: 65536 old_native_bytes: 75074903 new_native_bytes: 31784428 add_bytes_allowed: 34411344 is_gc_concurrent: 1 target_footprint_: 24654721 GetBytesAllocated: 14054433 HeapGrowthMultiplier: 3
12-18 14:09:05.319  3324  3395 I com.miui.home: CheckGCForNative gc_urgency 0.717668 current_native_bytes is 106859331
12-18 14:09:05.397  3324  3385 I com.miui.home: CheckGCForNative adj_start_bytes: 41729321 NativeAllocationGcWatermark: 11470448 java_gc_start_bytes: 24523649 kNewNativeDiscountFactor: 2 kOldNativeDiscountFactor: 65536 old_native_bytes: 75074903 new_native_bytes: 31871788 add_bytes_allowed: 34411344 is_gc_concurrent: 1 target_footprint_: 24654721 GetBytesAllocated: 14102329 HeapGrowthMultiplier: 3
12-18 14:09:05.397  3324  3385 I com.miui.home: CheckGCForNative gc_urgency 0.719862 current_native_bytes is 106946691
12-18 14:09:05.479  3324  3324 I com.miui.home: CheckGCForNative adj_start_bytes: 41729321 NativeAllocationGcWatermark: 11470448 java_gc_start_bytes: 24523649 kNewNativeDiscountFactor: 2 kOldNativeDiscountFactor: 65536 old_native_bytes: 75074903 new_native_bytes: 21229484 add_bytes_allowed: 34411344 is_gc_concurrent: 1 target_footprint_: 24654721 GetBytesAllocated: 14143178 HeapGrowthMultiplier: 3
12-18 14:09:05.479  3324  3324 I com.miui.home: CheckGCForNative gc_urgency 0.593325 current_native_bytes is 96304387
12-18 14:09:05.846 10189 10189 I wm_on_destroy_called: [0,186323470,com.xunmeng.pinduoduo.ui.activity.MainFrameActivity,performDestroy,8]
12-18 14:09:05.884  3324  4102 I com.miui.home: CheckGCForNative adj_start_bytes: 41729321 NativeAllocationGcWatermark: 11470448 java_gc_start_bytes: 24523649 kNewNativeDiscountFactor: 2 kOldNativeDiscountFactor: 65536 old_native_bytes: 75074903 new_native_bytes: 21513028 add_bytes_allowed: 34411344 is_gc_concurrent: 1 target_footprint_: 24654721 GetBytesAllocated: 14429513 HeapGrowthMultiplier: 3
12-18 14:09:05.884  3324  4102 I com.miui.home: CheckGCForNative gc_urgency 0.603585 current_native_bytes is 96587931
12-18 14:09:05.888  3324  3324 I wm_on_resume_called: [0,208384814,com.miui.home.launcher.Launcher,RESUME_ACTIVITY,21]
12-18 14:09:05.894  3324  3324 I wm_on_idle_called: com.miui.home.launcher.Launcher
12-18 14:09:05.907  3324  4168 I com.miui.home: CheckGCForNative adj_start_bytes: 41729321 NativeAllocationGcWatermark: 11470448 java_gc_start_bytes: 24523649 kNewNativeDiscountFactor: 2 kOldNativeDiscountFactor: 65536 old_native_bytes: 75074903 new_native_bytes: 32219524 add_bytes_allowed: 34411344 is_gc_concurrent: 1 target_footprint_: 24654721 GetBytesAllocated: 14467500 HeapGrowthMultiplier: 3
12-18 14:09:05.907  3324  4168 I com.miui.home: CheckGCForNative gc_urgency 0.73278 current_native_bytes is 107294427
12-18 14:09:05.908  3324  3324 I com.miui.home: CheckGCForNative adj_start_bytes: 41729321 NativeAllocationGcWatermark: 11470448 java_gc_start_bytes: 24523649 kNewNativeDiscountFactor: 2 kOldNativeDiscountFactor: 65536 old_native_bytes: 75074903 new_native_bytes: 42927172 add_bytes_allowed: 34411344 is_gc_concurrent: 1 target_footprint_: 24654721 GetBytesAllocated: 14473200 HeapGrowthMultiplier: 3
12-18 14:09:05.909  3324  3324 I com.miui.home: CheckGCForNative gc_urgency 0.861215 current_native_bytes is 118002075
12-18 14:09:06.128 10189 10189 I wm_on_top_resumed_lost_called: [144393872,com.xunmeng.pinduoduo.ui.activity.HomeActivity,topStateChangedWhenResumed]
12-18 14:09:06.130  3324  3324 I wm_on_top_resumed_gained_called: [208384814,com.miui.home.launcher.Launcher,topStateChangedWhenResumed]
12-18 14:09:06.204 10189 10189 I wm_on_paused_called: [0,144393872,com.xunmeng.pinduoduo.ui.activity.HomeActivity,performPause,58]
12-18 14:09:06.319  3324  3324 I wm_on_top_resumed_lost_called: [208384814,com.miui.home.launcher.Launcher,topStateChangedWhenResumed]
12-18 14:09:06.332  3324  3324 I wm_on_paused_called: [0,208384814,com.miui.home.launcher.Launcher,performPause,3]
12-18 14:09:06.465 10189 10189 I wm_on_stop_called: [0,144393872,com.xunmeng.pinduoduo.ui.activity.HomeActivity,STOP_ACTIVITY_ITEM,205]
12-18 14:09:07.555 10571 10571 I wm_on_application_create_called: [0,com.smile.gifmaker,347]
12-18 14:09:07.902  3324  3324 I wm_on_stop_called: [0,208384814,com.miui.home.launcher.Launcher,STOP_ACTIVITY_ITEM,8]
12-18 14:09:07.970  3324  3324 I wm_on_restart_called: [0,208384814,com.miui.home.launcher.Launcher,,0]
12-18 14:09:07.972  3324  3324 I wm_on_start_called: [0,208384814,com.miui.home.launcher.Launcher,handleStartActivity,2]
12-18 14:09:08.001  3324  3324 I com.miui.home: CheckGCForNative adj_start_bytes: 41729321 NativeAllocationGcWatermark: 11470448 java_gc_start_bytes: 24523649 kNewNativeDiscountFactor: 2 kOldNativeDiscountFactor: 65536 old_native_bytes: 75074903 new_native_bytes: 32140936 add_bytes_allowed: 34411344 is_gc_concurrent: 1 target_footprint_: 24654721 GetBytesAllocated: 16512651 HeapGrowthMultiplier: 3
12-18 14:09:08.001  3324  3324 I com.miui.home: CheckGCForNative gc_urgency 0.780848 current_native_bytes is 107215839
12-18 14:09:08.148 10571 10571 I wm_on_create_called: [0,72196665,com.yxcorp.gifshow.HomeActivity,performCreate,570]
12-18 14:09:08.202  3324  4102 I com.miui.home: CheckGCForNative adj_start_bytes: 41729321 NativeAllocationGcWatermark: 11470448 java_gc_start_bytes: 24523649 kNewNativeDiscountFactor: 2 kOldNativeDiscountFactor: 65536 old_native_bytes: 75074903 new_native_bytes: 42939276 add_bytes_allowed: 34411344 is_gc_concurrent: 1 target_footprint_: 24654721 GetBytesAllocated: 16585884 HeapGrowthMultiplier: 3
12-18 14:09:08.202  3324  4102 I com.miui.home: CheckGCForNative gc_urgency 0.911989 current_native_bytes is 118014179
12-18 14:09:08.204  3324  3324 I com.miui.home: CheckGCForNative adj_start_bytes: 41729321 NativeAllocationGcWatermark: 11470448 java_gc_start_bytes: 24523649 kNewNativeDiscountFactor: 2 kOldNativeDiscountFactor: 65536 old_native_bytes: 75074903 new_native_bytes: 53646284 add_bytes_allowed: 34411344 is_gc_concurrent: 1 target_footprint_: 24654721 GetBytesAllocated: 16589168 HeapGrowthMultiplier: 3
12-18 14:09:08.205  3324  3324 I com.miui.home: CheckGCForNative gc_urgency 1.04036 current_native_bytes is 128721187
12-18 14:09:08.205  3324  3324 I com.miui.home: CheckGCForNative requested 1
12-18 14:09:08.222  3324  4168 I com.miui.home: CheckGCForNative adj_start_bytes: 41729321 NativeAllocationGcWatermark: 11470448 java_gc_start_bytes: 24523649 kNewNativeDiscountFactor: 2 kOldNativeDiscountFactor: 65536 old_native_bytes: 75074903 new_native_bytes: 53645260 add_bytes_allowed: 34411344 is_gc_concurrent: 1 target_footprint_: 24654721 GetBytesAllocated: 16589989 HeapGrowthMultiplier: 3
12-18 14:09:08.222  3324  4168 I com.miui.home: CheckGCForNative gc_urgency 1.04037 current_native_bytes is 128720163
12-18 14:09:08.222  3324  4168 I com.miui.home: CheckGCForNative requested 1
12-18 14:09:08.438 10571 10571 I wm_on_start_called: [0,72196665,com.yxcorp.gifshow.HomeActivity,handleStartActivity,289]
12-18 14:09:08.470  3324  3324 I com.miui.home: CheckGCForNative adj_start_bytes: 41729321 NativeAllocationGcWatermark: 11470448 java_gc_start_bytes: 24523649 kNewNativeDiscountFactor: 2 kOldNativeDiscountFactor: 65536 old_native_bytes: 75074903 new_native_bytes: 43087116 add_bytes_allowed: 34411344 is_gc_concurrent: 1 target_footprint_: 24654721 GetBytesAllocated: 16763684 HeapGrowthMultiplier: 3
12-18 14:09:08.470  3324  3324 I com.miui.home: CheckGCForNative gc_urgency 0.918021 current_native_bytes is 118162019
12-18 14:09:08.804  3324  3361 I com.miui.home: NativeAlloc concurrent copying GC freed 90854(3934KB) AllocSpace objects, 18(576KB) LOS objects, 49% free, 11MB/23MB, paused 223us,661us total 599.592ms
12-18 14:09:09.087  3324  3395 I com.miui.home: CheckGCForNative gc_urgency 0 current_native_bytes is 85933735
12-18 14:09:09.095  3324  3324 I com.miui.home: CheckGCForNative adj_start_bytes: 41444440 NativeAllocationGcWatermark: 11459765 java_gc_start_bytes: 24254793 kNewNativeDiscountFactor: 2 kOldNativeDiscountFactor: 65536 old_native_bytes: 85933735 new_native_bytes: 10707360 add_bytes_allowed: 34379295 is_gc_concurrent: 1 target_footprint_: 24569263 GetBytesAllocated: 12640290 HeapGrowthMultiplier: 3
12-18 14:09:09.095  3324  3324 I com.miui.home: CheckGCForNative gc_urgency 0.434203 current_native_bytes is 96641095
12-18 14:09:09.155  3324  3798 I com.miui.home: CheckGCForNative gc_urgency 0 current_native_bytes is 85933191
12-18 14:09:09.296 10571 10571 I wm_on_resume_called: [0,72196665,com.yxcorp.gifshow.HomeActivity,RESUME_ACTIVITY,74]
12-18 14:09:09.463 10571 10571 I wm_on_top_resumed_gained_called: [72196665,com.yxcorp.gifshow.HomeActivity,topStateChangedWhenResumed]
12-18 14:09:10.555 10922 10922 I wm_on_application_create_called: [0,com.xunmeng.pinduoduo,334]
12-18 14:09:10.861  3324  3829 I com.miui.home: CheckGCForNative gc_urgency 0 current_native_bytes is 85335847
12-18 14:09:11.064  3324 10183 I com.miui.home: CheckGCForNative adj_start_bytes: 41444440 NativeAllocationGcWatermark: 11459765 java_gc_start_bytes: 24254793 kNewNativeDiscountFactor: 2 kOldNativeDiscountFactor: 65536 old_native_bytes: 85335847 new_native_bytes: 10813328 add_bytes_allowed: 34379295 is_gc_concurrent: 1 target_footprint_: 24569263 GetBytesAllocated: 13420639 HeapGrowthMultiplier: 3
12-18 14:09:11.064  3324 10183 I com.miui.home: CheckGCForNative gc_urgency 0.45431 current_native_bytes is 96149175
12-18 14:09:11.065  3324  4168 I com.miui.home: CheckGCForNative adj_start_bytes: 41444440 NativeAllocationGcWatermark: 11459765 java_gc_start_bytes: 24254793 kNewNativeDiscountFactor: 2 kOldNativeDiscountFactor: 65536 old_native_bytes: 85335847 new_native_bytes: 21521360 add_bytes_allowed: 34379295 is_gc_concurrent: 1 target_footprint_: 24569263 GetBytesAllocated: 13432383 HeapGrowthMultiplier: 3
12-18 14:09:11.065  3324  3324 I com.miui.home: CheckGCForNative adj_start_bytes: 41444440 NativeAllocationGcWatermark: 11459765 java_gc_start_bytes: 24254793 kNewNativeDiscountFactor: 2 kOldNativeDiscountFactor: 65536 old_native_bytes: 85335847 new_native_bytes: 32228464 add_bytes_allowed: 34379295 is_gc_concurrent: 1 target_footprint_: 24569263 GetBytesAllocated: 13432383 HeapGrowthMultiplier: 3
12-18 14:09:11.065  3324  3324 I com.miui.home: CheckGCForNative gc_urgency 0.712952 current_native_bytes is 117564311
12-18 14:09:11.067  3324  4168 I com.miui.home: CheckGCForNative gc_urgency 0.583778 current_native_bytes is 106857207
12-18 14:09:11.218 11112 11112 I wm_on_application_create_called: [0,com.xiaomi.account,441]
12-18 14:09:11.377  3324  3324 I com.miui.home: CheckGCForNative adj_start_bytes: 41444440 NativeAllocationGcWatermark: 11459765 java_gc_start_bytes: 24254793 kNewNativeDiscountFactor: 2 kOldNativeDiscountFactor: 65536 old_native_bytes: 85335847 new_native_bytes: 11132488 add_bytes_allowed: 34379295 is_gc_concurrent: 1 target_footprint_: 24569263 GetBytesAllocated: 13567112 HeapGrowthMultiplier: 3
12-18 14:09:11.377  3324  3324 I com.miui.home: CheckGCForNative gc_urgency 0.461694 current_native_bytes is 96468335
12-18 14:09:11.410 11146 11146 I wm_on_application_create_called: [0,com.xiaomi.mi_connect_service,744]
12-18 14:09:11.695  3324  4168 I com.miui.home: CheckGCForNative adj_start_bytes: 41444440 NativeAllocationGcWatermark: 11459765 java_gc_start_bytes: 24254793 kNewNativeDiscountFactor: 2 kOldNativeDiscountFactor: 65536 old_native_bytes: 85335847 new_native_bytes: 21987936 add_bytes_allowed: 34379295 is_gc_concurrent: 1 target_footprint_: 24569263 GetBytesAllocated: 13685850 HeapGrowthMultiplier: 3
12-18 14:09:11.695  3324  4168 I com.miui.home: CheckGCForNative gc_urgency 0.595523 current_native_bytes is 107323783
12-18 14:09:11.697  3324  3324 I com.miui.home: CheckGCForNative adj_start_bytes: 41444440 NativeAllocationGcWatermark: 11459765 java_gc_start_bytes: 24254793 kNewNativeDiscountFactor: 2 kOldNativeDiscountFactor: 65536 old_native_bytes: 85335847 new_native_bytes: 32693152 add_bytes_allowed: 34379295 is_gc_concurrent: 1 target_footprint_: 24569263 GetBytesAllocated: 13695842 HeapGrowthMultiplier: 3
12-18 14:09:11.697  3324  3324 I com.miui.home: CheckGCForNative gc_urgency 0.724916 current_native_bytes is 118028999
12-18 14:09:12.595 11434 11434 I wm_on_application_create_called: [0,com.xunmeng.pinduoduo,376]
12-18 14:09:13.391 11689 11689 I wm_on_create_called: [0,3679554,com.tencent.mobileqq.activity.SplashActivity,performCreate,164]
12-18 14:09:13.415 11689 11689 I wm_on_start_called: [0,3679554,com.tencent.mobileqq.activity.SplashActivity,handleStartActivity,5]
12-18 14:09:13.503 11689 11689 I wm_on_resume_called: [0,3679554,com.tencent.mobileqq.activity.SplashActivity,RESUME_ACTIVITY,86]
12-18 14:09:13.635 11140 11140 I wm_on_application_create_called: [0,com.tencent.qqlive,941]
12-18 14:09:13.649 11689 11689 I wm_on_top_resumed_gained_called: [3679554,com.tencent.mobileqq.activity.SplashActivity,topStateChangedWhenResumed]
12-18 14:09:13.974 11689 11689 I wm_on_idle_called: com.tencent.mobileqq.activity.SplashActivity
12-18 14:09:14.028  3324  3324 I wm_on_stop_called: [0,208384814,com.miui.home.launcher.Launcher,STOP_ACTIVITY_ITEM,27]
12-18 14:09:14.093  9123  9123 I wm_on_idle_called: com.ss.android.ugc.aweme.splash.SplashActivity
12-18 14:09:14.213  3324  3827 I com.miui.home: CheckGCForNative adj_start_bytes: 41444440 NativeAllocationGcWatermark: 11459765 java_gc_start_bytes: 24254793 kNewNativeDiscountFactor: 2 kOldNativeDiscountFactor: 65536 old_native_bytes: 85335847 new_native_bytes: 21462632 add_bytes_allowed: 34379295 is_gc_concurrent: 1 target_footprint_: 24569263 GetBytesAllocated: 14581669 HeapGrowthMultiplier: 3
12-18 14:09:14.214  3324  3827 I com.miui.home: CheckGCForNative gc_urgency 0.610801 current_native_bytes is 106798479
12-18 14:09:14.246 11689 11689 I wm_on_top_resumed_lost_called: [3679554,com.tencent.mobileqq.activity.SplashActivity,topStateChangedWhenResumed]
12-18 14:09:14.259  3324  3324 I wm_on_restart_called: [0,208384814,com.miui.home.launcher.Launcher,,0]
12-18 14:09:14.262  3324  3324 I wm_on_start_called: [0,208384814,com.miui.home.launcher.Launcher,handleStartActivity,2]
12-18 14:09:14.282 11689 11689 I wm_on_paused_called: [0,3679554,com.tencent.mobileqq.activity.SplashActivity,performPause,7]
12-18 14:09:14.557  3324  4168 I com.miui.home: CheckGCForNative adj_start_bytes: 41444440 NativeAllocationGcWatermark: 11459765 java_gc_start_bytes: 24254793 kNewNativeDiscountFactor: 2 kOldNativeDiscountFactor: 65536 old_native_bytes: 85335847 new_native_bytes: 32251784 add_bytes_allowed: 34379295 is_gc_concurrent: 1 target_footprint_: 24569263 GetBytesAllocated: 14958368 HeapGrowthMultiplier: 3
12-18 14:09:14.557  3324  4168 I com.miui.home: CheckGCForNative gc_urgency 0.750054 current_native_bytes is 117587631
12-18 14:09:14.558 11689 11689 I wm_on_create_called: [0,110256805,com.tencent.mobileqq.activity.LoginActivity,performCreate,179]
12-18 14:09:14.565  3324  4168 I com.miui.home: CheckGCForNative adj_start_bytes: 41444440 NativeAllocationGcWatermark: 11459765 java_gc_start_bytes: 24254793 kNewNativeDiscountFactor: 2 kOldNativeDiscountFactor: 65536 old_native_bytes: 85335847 new_native_bytes: 42958728 add_bytes_allowed: 34379295 is_gc_concurrent: 1 target_footprint_: 24569263 GetBytesAllocated: 14961870 HeapGrowthMultiplier: 3
12-18 14:09:14.565  3324  4168 I com.miui.home: CheckGCForNative gc_urgency 0.879311 current_native_bytes is 128294575
12-18 14:09:14.629  3324  3324 I com.miui.home: CheckGCForNative adj_start_bytes: 41444440 NativeAllocationGcWatermark: 11459765 java_gc_start_bytes: 24254793 kNewNativeDiscountFactor: 2 kOldNativeDiscountFactor: 65536 old_native_bytes: 85335847 new_native_bytes: 32279144 add_bytes_allowed: 34379295 is_gc_concurrent: 1 target_footprint_: 24569263 GetBytesAllocated: 14991472 HeapGrowthMultiplier: 3
12-18 14:09:14.629  3324  3324 I com.miui.home: CheckGCForNative gc_urgency 0.751183 current_native_bytes is 117614991
12-18 14:09:14.775  3324  4168 I com.miui.home: CheckGCForNative adj_start_bytes: 41444440 NativeAllocationGcWatermark: 11459765 java_gc_start_bytes: 24254793 kNewNativeDiscountFactor: 2 kOldNativeDiscountFactor: 65536 old_native_bytes: 85335847 new_native_bytes: 43159176 add_bytes_allowed: 34379295 is_gc_concurrent: 1 target_footprint_: 24569263 GetBytesAllocated: 15090869 HeapGrowthMultiplier: 3
12-18 14:09:14.775  3324  4168 I com.miui.home: CheckGCForNative gc_urgency 0.884842 current_native_bytes is 128495023
12-18 14:09:14.908 11689 11689 I wm_on_start_called: [0,110256805,com.tencent.mobileqq.activity.LoginActivity,handleStartActivity,349]
12-18 14:09:14.930  3324  3324 I com.miui.home: CheckGCForNative adj_start_bytes: 41444440 NativeAllocationGcWatermark: 11459765 java_gc_start_bytes: 24254793 kNewNativeDiscountFactor: 2 kOldNativeDiscountFactor: 65536 old_native_bytes: 85335847 new_native_bytes: 32585864 add_bytes_allowed: 34379295 is_gc_concurrent: 1 target_footprint_: 24569263 GetBytesAllocated: 15185507 HeapGrowthMultiplier: 3
12-18 14:09:14.930  3324  3324 I com.miui.home: CheckGCForNative gc_urgency 0.759565 current_native_bytes is 117921711
12-18 14:09:14.974  3324  3324 I com.miui.home: CheckGCForNative adj_start_bytes: 41444440 NativeAllocationGcWatermark: 11459765 java_gc_start_bytes: 24254793 kNewNativeDiscountFactor: 2 kOldNativeDiscountFactor: 65536 old_native_bytes: 85335847 new_native_bytes: 32601768 add_bytes_allowed: 34379295 is_gc_concurrent: 1 target_footprint_: 24569263 GetBytesAllocated: 15200272 HeapGrowthMultiplier: 3
12-18 14:09:14.975  3324  3324 I com.miui.home: CheckGCForNative gc_urgency 0.760113 current_native_bytes is 117937615
12-18 14:09:14.984 11689 11689 I wm_on_resume_called: [0,110256805,com.tencent.mobileqq.activity.LoginActivity,RESUME_ACTIVITY,72]
12-18 14:09:15.036 11689 11689 I wm_on_top_resumed_gained_called: [110256805,com.tencent.mobileqq.activity.LoginActivity,topStateChangedWhenResumed]
12-18 14:09:15.111  3324  3324 I wm_on_resume_called: [0,208384814,com.miui.home.launcher.Launcher,RESUME_ACTIVITY,20]
12-18 14:09:15.121  3324  3324 I wm_on_idle_called: com.miui.home.launcher.Launcher
12-18 14:09:15.586 11689 11689 I wm_on_top_resumed_lost_called: [110256805,com.tencent.mobileqq.activity.LoginActivity,topStateChangedWhenResumed]
12-18 14:09:15.592  3324  3324 I wm_on_top_resumed_gained_called: [208384814,com.miui.home.launcher.Launcher,topStateChangedWhenResumed]
12-18 14:09:15.625 11689 11689 I wm_on_paused_called: [0,110256805,com.tencent.mobileqq.activity.LoginActivity,performPause,34]
12-18 14:09:15.639 11140 11140 I wm_on_create_called: [0,260376184,com.tencent.qqlive.ona.activity.SplashHomeActivity,performCreate,630]
12-18 14:09:16.043 11689 11689 I wm_on_idle_called: com.tencent.mobileqq.activity.LoginActivity
12-18 14:09:16.145  3324  4102 I com.miui.home: CheckGCForNative adj_start_bytes: 41444440 NativeAllocationGcWatermark: 11459765 java_gc_start_bytes: 24254793 kNewNativeDiscountFactor: 2 kOldNativeDiscountFactor: 65536 old_native_bytes: 85335847 new_native_bytes: 43250920 add_bytes_allowed: 34379295 is_gc_concurrent: 1 target_footprint_: 24569263 GetBytesAllocated: 16244636 HeapGrowthMultiplier: 3
12-18 14:09:16.145  3324  4102 I com.miui.home: CheckGCForNative gc_urgency 0.913787 current_native_bytes is 128586767
12-18 14:09:16.156 11689 11689 I wm_on_stop_called: [0,3679554,com.tencent.mobileqq.activity.SplashActivity,LIFECYCLER_STOP_ACTIVITY,8]
12-18 14:09:16.161  3324  3324 I com.miui.home: CheckGCForNative adj_start_bytes: 41444440 NativeAllocationGcWatermark: 11459765 java_gc_start_bytes: 24254793 kNewNativeDiscountFactor: 2 kOldNativeDiscountFactor: 65536 old_native_bytes: 85335847 new_native_bytes: 53959208 add_bytes_allowed: 34379295 is_gc_concurrent: 1 target_footprint_: 24569263 GetBytesAllocated: 16251583 HeapGrowthMultiplier: 3
12-18 14:09:16.161  3324  3324 I com.miui.home: CheckGCForNative gc_urgency 1.04314 current_native_bytes is 139295055
12-18 14:09:16.161  3324  3324 I com.miui.home: CheckGCForNative requested 1
12-18 14:09:16.161  3324  4102 I com.miui.home: CheckGCForNative adj_start_bytes: 41444440 NativeAllocationGcWatermark: 11459765 java_gc_start_bytes: 24254793 kNewNativeDiscountFactor: 2 kOldNativeDiscountFactor: 65536 old_native_bytes: 85335847 new_native_bytes: 64665320 add_bytes_allowed: 34379295 is_gc_concurrent: 1 target_footprint_: 24569263 GetBytesAllocated: 16261815 HeapGrowthMultiplier: 3
12-18 14:09:16.161  3324  4102 I com.miui.home: CheckGCForNative gc_urgency 1.17255 current_native_bytes is 150001167
12-18 14:09:16.171  3324  4102 I com.miui.home: CheckGCForNative requested 1
12-18 14:09:16.172  3324  3324 I com.miui.home: CheckGCForNative adj_start_bytes: 41444440 NativeAllocationGcWatermark: 11459765 java_gc_start_bytes: 24254793 kNewNativeDiscountFactor: 2 kOldNativeDiscountFactor: 65536 old_native_bytes: 85335847 new_native_bytes: 64636072 add_bytes_allowed: 34379295 is_gc_concurrent: 1 target_footprint_: 24569263 GetBytesAllocated: 16262007 HeapGrowthMultiplier: 3
12-18 14:09:16.172  3324  3324 I com.miui.home: CheckGCForNative gc_urgency 1.1722 current_native_bytes is 149971919
12-18 14:09:16.172  3324  3324 I com.miui.home: CheckGCForNative requested 1
12-18 14:09:16.187 11140 11140 I wm_on_start_called: [0,260376184,com.tencent.qqlive.ona.activity.SplashHomeActivity,handleStartActivity,533]
12-18 14:09:16.213  8550  8550 I wm_on_destroy_called: [0,84022694,fm.qingting.qtradio.WelcomeActivity,performDestroy,30]
12-18 14:09:16.409  3324  3324 I wm_on_top_resumed_lost_called: [208384814,com.miui.home.launcher.Launcher,topStateChangedWhenResumed]
12-18 14:09:16.443 11140 11140 I wm_on_resume_called: [0,260376184,com.tencent.qqlive.ona.activity.SplashHomeActivity,RESUME_ACTIVITY,218]
12-18 14:09:16.457  3324  3324 I wm_on_paused_called: [0,208384814,com.miui.home.launcher.Launcher,performPause,45]
12-18 14:09:16.479 11689 11689 I wm_on_destroy_called: [0,3679554,com.tencent.mobileqq.activity.SplashActivity,performDestroy,316]
12-18 14:09:16.556 11689 11689 I wm_on_stop_called: [0,110256805,com.tencent.mobileqq.activity.LoginActivity,STOP_ACTIVITY_ITEM,33]
12-18 14:09:16.602 11140 11140 I wm_on_top_resumed_gained_called: [260376184,com.tencent.qqlive.ona.activity.SplashHomeActivity,topStateChangedWhenResumed]
12-18 14:09:16.611 11140 11140 I wm_on_top_resumed_lost_called: [260376184,com.tencent.qqlive.ona.activity.SplashHomeActivity,topStateChangedWhenResumed]
12-18 14:09:16.694 11140 11140 I wm_on_paused_called: [0,260376184,com.tencent.qqlive.ona.activity.SplashHomeActivity,performPause,1]
12-18 14:09:16.701  3324  3361 I com.miui.home: NativeAlloc concurrent copying GC freed 85849(3690KB) AllocSpace objects, 18(320KB) LOS objects, 49% free, 12MB/24MB, paused 368us,262us total 540.107ms
12-18 14:09:16.846  3324  3798 I com.miui.home: CheckGCForNative gc_urgency 0 current_native_bytes is 74705659
12-18 14:09:16.945 11140 11140 I wm_on_stop_called: [0,260376184,com.tencent.qqlive.ona.activity.SplashHomeActivity,STOP_ACTIVITY_ITEM,200]
12-18 14:09:17.306  3324  3324 I wm_on_stop_called: [0,208384814,com.miui.home.launcher.Launcher,STOP_ACTIVITY_ITEM,8]
12-18 14:09:18.180  3324  3324 I wm_on_restart_called: [0,208384814,com.miui.home.launcher.Launcher,,0]
12-18 14:09:18.182  3324  3324 I wm_on_start_called: [0,208384814,com.miui.home.launcher.Launcher,handleStartActivity,2]
12-18 14:09:18.411 12775 12775 I wm_on_application_create_called: [0,com.dragon.read,349]
