12-18 13:59:36.230  3325  3386 I com.miui.home: CheckGCForNative gc_urgency 1.0582 current_native_bytes is 128596987
12-18 13:59:36.230  3325  3325 I com.miui.home: CheckGCForNative adj_start_bytes: 41397750 NativeAllocationGcWatermark: 11435599 java_gc_start_bytes: 24244352 kNewNativeDiscountFactor: 2 kOldNativeDiscountFactor: 65536 old_native_bytes: 75617623 new_native_bytes: 63686436 add_bytes_allowed: 34306797 is_gc_concurrent: 1 target_footprint_: 24375932 GetBytesAllocated: 17323270 HeapGrowthMultiplier: 3
12-18 13:59:36.230  3325  3325 I com.miui.home: CheckGCForNative gc_urgency 1.18769 current_native_bytes is 139304059
12-18 13:59:36.230  3325  3325 I com.miui.home: CheckGCForNative requested 1
12-18 13:59:36.232  3325  3386 I com.miui.home: CheckGCForNative requested 1
12-18 13:59:36.381  3325  3325 I com.miui.home: CheckGCForNative adj_start_bytes: 41397750 NativeAllocationGcWatermark: 11435599 java_gc_start_bytes: 24244352 kNewNativeDiscountFactor: 2 kOldNativeDiscountFactor: 65536 old_native_bytes: 75617623 new_native_bytes: 42226948 add_bytes_allowed: 34306797 is_gc_concurrent: 1 target_footprint_: 24375932 GetBytesAllocated: 17415969 HeapGrowthMultiplier: 3
12-18 13:59:36.381  3325  3325 I com.miui.home: CheckGCForNative gc_urgency 0.930741 current_native_bytes is 117844571
12-18 13:59:36.437  3325  3325 I com.miui.home: CheckGCForNative adj_start_bytes: 41397750 NativeAllocationGcWatermark: 11435599 java_gc_start_bytes: 24244352 kNewNativeDiscountFactor: 2 kOldNativeDiscountFactor: 65536 old_native_bytes: 75617623 new_native_bytes: 42426644 add_bytes_allowed: 34306797 is_gc_concurrent: 1 target_footprint_: 24375932 GetBytesAllocated: 17437768 HeapGrowthMultiplier: 3
12-18 13:59:36.437  3325  3325 I com.miui.home: CheckGCForNative gc_urgency 0.93368 current_native_bytes is 118044267
12-18 13:59:36.541  3325  3375 I com.miui.home: NativeAlloc concurrent copying GC freed 105154(4319KB) AllocSpace objects, 28(792KB) LOS objects, 49% free, 11MB/23MB, paused 836us,74us total 310.973ms
12-18 13:59:36.738  3325  3325 I com.miui.home: CheckGCForNative gc_urgency 0 current_native_bytes is 75063367
12-18 13:59:36.807  3325  3994 I com.miui.home: CheckGCForNative adj_start_bytes: 41511297 NativeAllocationGcWatermark: 11451536 java_gc_start_bytes: 24333993 kNewNativeDiscountFactor: 2 kOldNativeDiscountFactor: 65536 old_native_bytes: 75063367 new_native_bytes: 10708020 add_bytes_allowed: 34354608 is_gc_concurrent: 1 target_footprint_: 24503431 GetBytesAllocated: 12588829 HeapGrowthMultiplier: 3
12-18 13:59:36.807  3325  3994 I com.miui.home: CheckGCForNative gc_urgency 0.432267 current_native_bytes is 85771387
12-18 13:59:36.920  3325  3325 I wm_on_resume_called: [0,117436503,com.miui.home.launcher.Launcher,RESUME_ACTIVITY,48]
12-18 13:59:36.925  3325  3325 I com.miui.home: CheckGCForNative adj_start_bytes: 41511297 NativeAllocationGcWatermark: 11451536 java_gc_start_bytes: 24333993 kNewNativeDiscountFactor: 2 kOldNativeDiscountFactor: 65536 old_native_bytes: 75063367 new_native_bytes: 21357588 add_bytes_allowed: 34354608 is_gc_concurrent: 1 target_footprint_: 24503431 GetBytesAllocated: 12769387 HeapGrowthMultiplier: 3
12-18 13:59:36.925  3325  3325 I com.miui.home: CheckGCForNative gc_urgency 0.56489 current_native_bytes is 96420955
12-18 13:59:36.929  3325  3325 I wm_on_paused_called: [0,117436503,com.miui.home.launcher.Launcher,performPause,3]
12-18 13:59:36.980  3325  3325 I wm_on_idle_called: com.miui.home.launcher.Launcher
12-18 13:59:37.376 12266 12266 I wm_on_create_called: [0,11825558,com.taobao.tao.welcome.Welcome,performCreate,1185]
12-18 13:59:37.979 12266 12266 I wm_on_start_called: [0,11825558,com.taobao.tao.welcome.Welcome,handleStartActivity,603]
12-18 13:59:38.115 12266 12266 I wm_on_resume_called: [0,11825558,com.taobao.tao.welcome.Welcome,RESUME_ACTIVITY,100]
12-18 13:59:38.179 12785 12785 I wm_on_create_called: [0,214028180,com.tencent.mm.ui.LauncherUI,performCreate,43]
12-18 13:59:38.280 12785 12785 I wm_on_create_called: [0,15978331,com.tencent.mm.app.WeChatSplashActivity,performCreate,3]
12-18 13:59:38.431 12266 12266 I wm_on_top_resumed_gained_called: [11825558,com.taobao.tao.welcome.Welcome,topStateChangedWhenResumed]
12-18 13:59:38.533 12266 12266 I wm_on_top_resumed_lost_called: [11825558,com.taobao.tao.welcome.Welcome,topStateChangedWhenResumed]
12-18 13:59:38.586 12266 12266 I wm_on_paused_called: [0,11825558,com.taobao.tao.welcome.Welcome,performPause,41]
12-18 13:59:38.596  3325  3993 I com.miui.home: CheckGCForNative adj_start_bytes: 41511297 NativeAllocationGcWatermark: 11451536 java_gc_start_bytes: 24333993 kNewNativeDiscountFactor: 2 kOldNativeDiscountFactor: 65536 old_native_bytes: 75063367 new_native_bytes: 21013940 add_bytes_allowed: 34354608 is_gc_concurrent: 1 target_footprint_: 24503431 GetBytesAllocated: 13990153 HeapGrowthMultiplier: 3
12-18 13:59:38.597  3325  3993 I com.miui.home: CheckGCForNative gc_urgency 0.590159 current_native_bytes is 96077307
12-18 13:59:38.598  3325  7793 I com.miui.home: CheckGCForNative adj_start_bytes: 41511297 NativeAllocationGcWatermark: 11451536 java_gc_start_bytes: 24333993 kNewNativeDiscountFactor: 2 kOldNativeDiscountFactor: 65536 old_native_bytes: 75063367 new_native_bytes: 31723188 add_bytes_allowed: 34354608 is_gc_concurrent: 1 target_footprint_: 24503431 GetBytesAllocated: 13990345 HeapGrowthMultiplier: 3
12-18 13:59:38.598  3325  7793 I com.miui.home: CheckGCForNative gc_urgency 0.719156 current_native_bytes is 106786555
12-18 13:59:38.599  3325  3325 I com.miui.home: CheckGCForNative adj_start_bytes: 41511297 NativeAllocationGcWatermark: 11451536 java_gc_start_bytes: 24333993 kNewNativeDiscountFactor: 2 kOldNativeDiscountFactor: 65536 old_native_bytes: 75063367 new_native_bytes: 42425684 add_bytes_allowed: 34354608 is_gc_concurrent: 1 target_footprint_: 24503431 GetBytesAllocated: 14000248 HeapGrowthMultiplier: 3
12-18 13:59:38.599  3325  3325 I com.miui.home: CheckGCForNative gc_urgency 0.848305 current_native_bytes is 117489051
12-18 13:59:38.609 12785 12785 I wm_on_start_called: [0,15978331,com.tencent.mm.app.WeChatSplashActivity,handleStartActivity,295]
12-18 13:59:38.676 12785 12785 I wm_on_resume_called: [0,15978331,com.tencent.mm.app.WeChatSplashActivity,RESUME_ACTIVITY,47]
12-18 13:59:38.765  3325  3325 I com.miui.home: CheckGCForNative adj_start_bytes: 41511297 NativeAllocationGcWatermark: 11451536 java_gc_start_bytes: 24333993 kNewNativeDiscountFactor: 2 kOldNativeDiscountFactor: 65536 old_native_bytes: 75063367 new_native_bytes: 21254972 add_bytes_allowed: 34354608 is_gc_concurrent: 1 target_footprint_: 24503431 GetBytesAllocated: 14078260 HeapGrowthMultiplier: 3
12-18 13:59:38.765  3325  3325 I com.miui.home: CheckGCForNative gc_urgency 0.595185 current_native_bytes is 96318339
12-18 13:59:38.783 12785 12785 I wm_on_top_resumed_gained_called: [15978331,com.tencent.mm.app.WeChatSplashActivity,topStateChangedWhenResumed]
12-18 13:59:38.832  3325  3325 I com.miui.home: CheckGCForNative adj_start_bytes: 41511297 NativeAllocationGcWatermark: 11451536 java_gc_start_bytes: 24333993 kNewNativeDiscountFactor: 2 kOldNativeDiscountFactor: 65536 old_native_bytes: 75063367 new_native_bytes: 21322188 add_bytes_allowed: 34354608 is_gc_concurrent: 1 target_footprint_: 24503431 GetBytesAllocated: 14108830 HeapGrowthMultiplier: 3
12-18 13:59:38.832  3325  3325 I com.miui.home: CheckGCForNative gc_urgency 0.596731 current_native_bytes is 96385555
12-18 13:59:38.873 12266 12266 I wm_on_stop_called: [0,11825558,com.taobao.tao.welcome.Welcome,STOP_ACTIVITY_ITEM,271]
12-18 13:59:39.233 12785 12785 I wm_on_top_resumed_lost_called: [15978331,com.tencent.mm.app.WeChatSplashActivity,topStateChangedWhenResumed]
12-18 13:59:39.268 12785 12785 I wm_on_paused_called: [0,15978331,com.tencent.mm.app.WeChatSplashActivity,performPause,13]
12-18 13:59:39.282 12785 12785 I wm_on_idle_called: com.tencent.mm.app.WeChatSplashActivity
12-18 13:59:39.368  3325  3325 I wm_on_resume_called: [0,117436503,com.miui.home.launcher.Launcher,RESUME_ACTIVITY,20]
12-18 13:59:39.370  3325  3325 I wm_on_top_resumed_gained_called: [117436503,com.miui.home.launcher.Launcher,topWhenResuming]
12-18 13:59:39.393  3325  3325 I wm_on_idle_called: com.miui.home.launcher.Launcher
12-18 13:59:39.878  3325  3993 I com.miui.home: CheckGCForNative adj_start_bytes: 41511297 NativeAllocationGcWatermark: 11451536 java_gc_start_bytes: 24333993 kNewNativeDiscountFactor: 2 kOldNativeDiscountFactor: 65536 old_native_bytes: 75063367 new_native_bytes: 32343616 add_bytes_allowed: 34354608 is_gc_concurrent: 1 target_footprint_: 24503431 GetBytesAllocated: 15549396 HeapGrowthMultiplier: 3
12-18 13:59:39.878  3325  3993 I com.miui.home: CheckGCForNative gc_urgency 0.764186 current_native_bytes is 107406983
12-18 13:59:39.880  3325  3325 I com.miui.home: CheckGCForNative adj_start_bytes: 41511297 NativeAllocationGcWatermark: 11451536 java_gc_start_bytes: 24333993 kNewNativeDiscountFactor: 2 kOldNativeDiscountFactor: 65536 old_native_bytes: 75063367 new_native_bytes: 43051296 add_bytes_allowed: 34354608 is_gc_concurrent: 1 target_footprint_: 24503431 GetBytesAllocated: 15555038 HeapGrowthMultiplier: 3
12-18 13:59:39.880  3325  3325 I com.miui.home: CheckGCForNative gc_urgency 0.893295 current_native_bytes is 118114663
12-18 13:59:39.942  3325  3325 I wm_on_top_resumed_lost_called: [117436503,com.miui.home.launcher.Launcher,topStateChangedWhenResumed]
12-18 13:59:39.970  3325  3325 I wm_on_paused_called: [0,117436503,com.miui.home.launcher.Launcher,performPause,3]
12-18 13:59:39.990  3325  3771 I com.miui.home: CheckGCForNative adj_start_bytes: 41511297 NativeAllocationGcWatermark: 11451536 java_gc_start_bytes: 24333993 kNewNativeDiscountFactor: 2 kOldNativeDiscountFactor: 65536 old_native_bytes: 75063367 new_native_bytes: 32346144 add_bytes_allowed: 34354608 is_gc_concurrent: 1 target_footprint_: 24503431 GetBytesAllocated: 15610739 HeapGrowthMultiplier: 3
12-18 13:59:39.990  3325  3771 I com.miui.home: CheckGCForNative gc_urgency 0.765694 current_native_bytes is 107409511
12-18 13:59:40.062 12785 12785 I wm_on_destroy_called: [0,214028180,com.tencent.mm.ui.LauncherUI,performDestroy,13]
12-18 13:59:40.645 12785 12785 I wm_on_create_called: [0,126378201,com.tencent.mm.ui.LauncherUI,performCreate,513]
12-18 13:59:40.684  3325  8866 I com.miui.home: CheckGCForNative adj_start_bytes: 41511297 NativeAllocationGcWatermark: 11451536 java_gc_start_bytes: 24333993 kNewNativeDiscountFactor: 2 kOldNativeDiscountFactor: 65536 old_native_bytes: 75063367 new_native_bytes: 42935448 add_bytes_allowed: 34354608 is_gc_concurrent: 1 target_footprint_: 24503431 GetBytesAllocated: 16396514 HeapGrowthMultiplier: 3
12-18 13:59:40.685  3325  8866 I com.miui.home: CheckGCForNative gc_urgency 0.912171 current_native_bytes is 117998815
12-18 13:59:40.690 12785 12785 I wm_on_start_called: [0,126378201,com.tencent.mm.ui.LauncherUI,handleStartActivity,34]
12-18 13:59:40.696  3325  8866 I com.miui.home: CheckGCForNative adj_start_bytes: 41511297 NativeAllocationGcWatermark: 11451536 java_gc_start_bytes: 24333993 kNewNativeDiscountFactor: 2 kOldNativeDiscountFactor: 65536 old_native_bytes: 75063367 new_native_bytes: 53642392 add_bytes_allowed: 34354608 is_gc_concurrent: 1 target_footprint_: 24503431 GetBytesAllocated: 16398976 HeapGrowthMultiplier: 3
12-18 13:59:40.697  3325  8866 I com.miui.home: CheckGCForNative gc_urgency 1.04119 current_native_bytes is 128705759
12-18 13:59:40.697  3325  8866 I com.miui.home: CheckGCForNative requested 1
12-18 13:59:40.727  3325  8866 I com.miui.home: CheckGCForNative adj_start_bytes: 41511297 NativeAllocationGcWatermark: 11451536 java_gc_start_bytes: 24333993 kNewNativeDiscountFactor: 2 kOldNativeDiscountFactor: 65536 old_native_bytes: 75063367 new_native_bytes: 53657128 add_bytes_allowed: 34354608 is_gc_concurrent: 1 target_footprint_: 24503431 GetBytesAllocated: 16436261 HeapGrowthMultiplier: 3
12-18 13:59:40.727  3325  8866 I com.miui.home: CheckGCForNative gc_urgency 1.04227 current_native_bytes is 128720495
12-18 13:59:40.727  3325  8866 I com.miui.home: CheckGCForNative requested 1
12-18 13:59:40.744 12903 12903 I wm_on_application_create_called: [0,com.tencent.mm,1765]
12-18 13:59:40.773 13064 13064 I wm_on_application_create_called: [0,com.sina.weibo,576]
12-18 13:59:40.847  3325  3325 I com.miui.home: CheckGCForNative adj_start_bytes: 41511297 NativeAllocationGcWatermark: 11451536 java_gc_start_bytes: 24333993 kNewNativeDiscountFactor: 2 kOldNativeDiscountFactor: 65536 old_native_bytes: 75063367 new_native_bytes: 43040528 add_bytes_allowed: 34354608 is_gc_concurrent: 1 target_footprint_: 24503431 GetBytesAllocated: 16505744 HeapGrowthMultiplier: 3
12-18 13:59:40.848  3325  3325 I com.miui.home: CheckGCForNative gc_urgency 0.916068 current_native_bytes is 118103895
12-18 13:59:40.983  3325  3375 I com.miui.home: NativeAlloc concurrent copying GC freed 81858(3533KB) AllocSpace objects, 26(680KB) LOS objects, 50% free, 11MB/23MB, paused 1.473ms,5.863ms total 285.397ms
12-18 13:59:41.059  3325  3325 I com.miui.home: CheckGCForNative gc_urgency 0 current_native_bytes is 75108247
12-18 13:59:41.122 12785 12785 I wm_on_resume_called: [0,126378201,com.tencent.mm.ui.LauncherUI,RESUME_ACTIVITY,425]
12-18 13:59:41.139 12266 12266 I wm_on_idle_called: com.taobao.tao.welcome.Welcome
12-18 13:59:41.168 12785 12785 I wm_on_top_resumed_gained_called: [126378201,com.tencent.mm.ui.LauncherUI,topStateChangedWhenResumed]
12-18 13:59:41.235 12785 12785 I wm_on_top_resumed_lost_called: [126378201,com.tencent.mm.ui.LauncherUI,topStateChangedWhenResumed]
12-18 13:59:41.283  3325  3325 I wm_on_resume_called: [0,117436503,com.miui.home.launcher.Launcher,RESUME_ACTIVITY,19]
12-18 13:59:41.294  3325  3325 I wm_on_idle_called: com.miui.home.launcher.Launcher
12-18 13:59:41.306  3325  3325 I wm_on_top_resumed_gained_called: [117436503,com.miui.home.launcher.Launcher,topStateChangedWhenResumed]
12-18 13:59:41.327  3325  7793 I com.miui.home: CheckGCForNative adj_start_bytes: 41478337 NativeAllocationGcWatermark: 11445132 java_gc_start_bytes: 24310639 kNewNativeDiscountFactor: 2 kOldNativeDiscountFactor: 65536 old_native_bytes: 75108247 new_native_bytes: 10676560 add_bytes_allowed: 34335396 is_gc_concurrent: 1 target_footprint_: 24452197 GetBytesAllocated: 12899202 HeapGrowthMultiplier: 3
12-18 13:59:41.328  3325  7793 I com.miui.home: CheckGCForNative gc_urgency 0.439715 current_native_bytes is 85784807
12-18 13:59:41.334  3325  3325 I com.miui.home: CheckGCForNative adj_start_bytes: 41478337 NativeAllocationGcWatermark: 11445132 java_gc_start_bytes: 24310639 kNewNativeDiscountFactor: 2 kOldNativeDiscountFactor: 65536 old_native_bytes: 75108247 new_native_bytes: 21383504 add_bytes_allowed: 34335396 is_gc_concurrent: 1 target_footprint_: 24452197 GetBytesAllocated: 12902148 HeapGrowthMultiplier: 3
12-18 13:59:41.334  3325  3325 I com.miui.home: CheckGCForNative gc_urgency 0.568852 current_native_bytes is 96491751
12-18 13:59:41.343 12785 12785 I wm_on_paused_called: [0,126378201,com.tencent.mm.ui.LauncherUI,performPause,42]
12-18 13:59:41.585 12785 12785 I wm_on_create_called: [0,207446976,com.tencent.mm.plugin.account.ui.WelcomeActivity,performCreate,192]
12-18 13:59:41.596 12785 12785 I wm_on_start_called: [0,207446976,com.tencent.mm.plugin.account.ui.WelcomeActivity,handleStartActivity,10]
12-18 13:59:41.610 12785 12785 I wm_on_resume_called: [0,207446976,com.tencent.mm.plugin.account.ui.WelcomeActivity,RESUME_ACTIVITY,12]
12-18 13:59:41.634 12785 12785 I wm_on_top_resumed_gained_called: [207446976,com.tencent.mm.plugin.account.ui.WelcomeActivity,topStateChangedWhenResumed]
12-18 13:59:41.660 12785 12785 I wm_on_stop_called: [0,15978331,com.tencent.mm.app.WeChatSplashActivity,STOP_ACTIVITY_ITEM,15]
12-18 13:59:41.791 13282 13282 I wm_on_application_create_called: [0,com.sina.weibo,534]
12-18 13:59:41.836 12785 12785 I wm_on_destroy_called: [0,15978331,com.tencent.mm.app.WeChatSplashActivity,performDestroy,5]
12-18 13:59:41.855 12785 12785 I wm_on_top_resumed_lost_called: [207446976,com.tencent.mm.plugin.account.ui.WelcomeActivity,topStateChangedWhenResumed]
12-18 13:59:41.888 12785 12785 I wm_on_paused_called: [0,207446976,com.tencent.mm.plugin.account.ui.WelcomeActivity,performPause,12]
12-18 13:59:41.902 12785 12785 I wm_on_stop_called: [0,126378201,com.tencent.mm.ui.LauncherUI,STOP_ACTIVITY_ITEM,9]
12-18 13:59:41.931 12785 12785 I wm_on_stop_called: [0,207446976,com.tencent.mm.plugin.account.ui.WelcomeActivity,STOP_ACTIVITY_ITEM,24]
12-18 13:59:42.013 12785 12785 I wm_on_idle_called: com.tencent.mm.ui.LauncherUI
12-18 13:59:42.014 12785 12785 I wm_on_idle_called: com.tencent.mm.plugin.account.ui.WelcomeActivity
12-18 13:59:42.331  3325  3325 I wm_on_top_resumed_lost_called: [117436503,com.miui.home.launcher.Launcher,topStateChangedWhenResumed]
12-18 13:59:42.337  3325  3325 I wm_on_paused_called: [0,117436503,com.miui.home.launcher.Launcher,performPause,4]
12-18 13:59:43.932  3325  7793 I com.miui.home: CheckGCForNative adj_start_bytes: 41478337 NativeAllocationGcWatermark: 11445132 java_gc_start_bytes: 24310639 kNewNativeDiscountFactor: 2 kOldNativeDiscountFactor: 65536 old_native_bytes: 75108247 new_native_bytes: 20915244 add_bytes_allowed: 34335396 is_gc_concurrent: 1 target_footprint_: 24452197 GetBytesAllocated: 14663744 HeapGrowthMultiplier: 3
12-18 13:59:43.933  3325  7793 I com.miui.home: CheckGCForNative gc_urgency 0.605678 current_native_bytes is 96023491
12-18 13:59:43.934 13433 13433 I wm_on_create_called: [0,104988961,com.UCMobile.main.UCMobile,performCreate,951]
12-18 13:59:43.937  3325  7793 I com.miui.home: CheckGCForNative adj_start_bytes: 41478337 NativeAllocationGcWatermark: 11445132 java_gc_start_bytes: 24310639 kNewNativeDiscountFactor: 2 kOldNativeDiscountFactor: 65536 old_native_bytes: 75108247 new_native_bytes: 31622188 add_bytes_allowed: 34335396 is_gc_concurrent: 1 target_footprint_: 24452197 GetBytesAllocated: 14668073 HeapGrowthMultiplier: 3
12-18 13:59:43.937  3325  7793 I com.miui.home: CheckGCForNative gc_urgency 0.734849 current_native_bytes is 106730435
12-18 13:59:43.937  3325  3994 I com.miui.home: CheckGCForNative adj_start_bytes: 41478337 NativeAllocationGcWatermark: 11445132 java_gc_start_bytes: 24310639 kNewNativeDiscountFactor: 2 kOldNativeDiscountFactor: 65536 old_native_bytes: 75108247 new_native_bytes: 42329580 add_bytes_allowed: 34335396 is_gc_concurrent: 1 target_footprint_: 24452197 GetBytesAllocated: 14668073 HeapGrowthMultiplier: 3
12-18 13:59:43.937  3325  3994 I com.miui.home: CheckGCForNative gc_urgency 0.863921 current_native_bytes is 117437827
12-18 13:59:43.989  3325  3325 I com.miui.home: CheckGCForNative adj_start_bytes: 41478337 NativeAllocationGcWatermark: 11445132 java_gc_start_bytes: 24310639 kNewNativeDiscountFactor: 2 kOldNativeDiscountFactor: 65536 old_native_bytes: 75108247 new_native_bytes: 20997548 add_bytes_allowed: 34335396 is_gc_concurrent: 1 target_footprint_: 24452197 GetBytesAllocated: 14719445 HeapGrowthMultiplier: 3
12-18 13:59:43.989  3325  3325 I com.miui.home: CheckGCForNative gc_urgency 0.608013 current_native_bytes is 96105795
12-18 13:59:44.066  3325  3325 I com.miui.home: CheckGCForNative adj_start_bytes: 41478337 NativeAllocationGcWatermark: 11445132 java_gc_start_bytes: 24310639 kNewNativeDiscountFactor: 2 kOldNativeDiscountFactor: 65536 old_native_bytes: 75108247 new_native_bytes: 21053276 add_bytes_allowed: 34335396 is_gc_concurrent: 1 target_footprint_: 24452197 GetBytesAllocated: 14759274 HeapGrowthMultiplier: 3
12-18 13:59:44.066  3325  3325 I com.miui.home: CheckGCForNative gc_urgency 0.609645 current_native_bytes is 96161523
12-18 13:59:44.332 13433 13433 I wm_on_create_called: [0,208500741,com.uc.browser.InnerUCMobile,performCreate,74]
12-18 13:59:44.341 13433 13433 I wm_on_start_called: [0,208500741,com.uc.browser.InnerUCMobile,handleStartActivity,8]
12-18 13:59:44.345  3325  3325 I com.miui.home: CheckGCForNative adj_start_bytes: 41478337 NativeAllocationGcWatermark: 11445132 java_gc_start_bytes: 24310639 kNewNativeDiscountFactor: 2 kOldNativeDiscountFactor: 65536 old_native_bytes: 75108247 new_native_bytes: 21225748 add_bytes_allowed: 34335396 is_gc_concurrent: 1 target_footprint_: 24452197 GetBytesAllocated: 14922389 HeapGrowthMultiplier: 3
12-18 13:59:44.345  3325  3325 I com.miui.home: CheckGCForNative gc_urgency 0.615656 current_native_bytes is 96333995
12-18 13:59:44.367 13433 13433 I wm_on_resume_called: [0,208500741,com.uc.browser.InnerUCMobile,RESUME_ACTIVITY,12]
12-18 13:59:44.481  3325  3325 I wm_on_resume_called: [0,117436503,com.miui.home.launcher.Launcher,RESUME_ACTIVITY,18]
12-18 13:59:44.486  3325  3325 I wm_on_idle_called: com.miui.home.launcher.Launcher
12-18 13:59:44.494  3325  8866 I com.miui.home: CheckGCForNative adj_start_bytes: 41478337 NativeAllocationGcWatermark: 11445132 java_gc_start_bytes: 24310639 kNewNativeDiscountFactor: 2 kOldNativeDiscountFactor: 65536 old_native_bytes: 75108247 new_native_bytes: 31997300 add_bytes_allowed: 34335396 is_gc_concurrent: 1 target_footprint_: 24452197 GetBytesAllocated: 15206721 HeapGrowthMultiplier: 3
12-18 13:59:44.494  3325  8866 I com.miui.home: CheckGCForNative gc_urgency 0.752357 current_native_bytes is 107105547
12-18 13:59:44.497  3325  3325 I com.miui.home: CheckGCForNative adj_start_bytes: 41478337 NativeAllocationGcWatermark: 11445132 java_gc_start_bytes: 24310639 kNewNativeDiscountFactor: 2 kOldNativeDiscountFactor: 65536 old_native_bytes: 75108247 new_native_bytes: 42703988 add_bytes_allowed: 34335396 is_gc_concurrent: 1 target_footprint_: 24452197 GetBytesAllocated: 15208254 HeapGrowthMultiplier: 3
12-18 13:59:44.497  3325  3325 I com.miui.home: CheckGCForNative gc_urgency 0.881458 current_native_bytes is 117812235
12-18 13:59:44.663 13433 13433 I wm_on_top_resumed_gained_called: [208500741,com.uc.browser.InnerUCMobile,topStateChangedWhenResumed]
12-18 13:59:44.804  3325  3325 I wm_on_paused_called: [0,117436503,com.miui.home.launcher.Launcher,performPause,3]
12-18 13:59:44.953 13433 13433 I wm_on_top_resumed_lost_called: [208500741,com.uc.browser.InnerUCMobile,topStateChangedWhenResumed]
12-18 13:59:45.015 13433 13433 I wm_on_paused_called: [0,208500741,com.uc.browser.InnerUCMobile,performPause,51]
12-18 13:59:45.504 13819 13819 I wm_on_create_called: [0,159446249,com.tencent.mtt.SplashActivity,performCreate,101]
12-18 13:59:45.580 13819 13819 I wm_on_create_called: [0,124214710,com.tencent.mtt.MainActivity,performCreate,45]
12-18 13:59:45.918 13950 13950 I wm_on_create_called: [0,113663218,com.tencent.mtt.BlockActivity,performCreate,73]
12-18 13:59:45.924 13950 13950 I wm_on_start_called: [0,113663218,com.tencent.mtt.BlockActivity,handleStartActivity,6]
12-18 13:59:45.934 13950 13950 I wm_on_resume_called: [0,113663218,com.tencent.mtt.BlockActivity,RESUME_ACTIVITY,9]
12-18 13:59:45.963 13950 13950 I wm_on_top_resumed_gained_called: [113663218,com.tencent.mtt.BlockActivity,topStateChangedWhenResumed]
12-18 13:59:46.058 13950 13950 I wm_on_idle_called: com.tencent.mtt.BlockActivity
12-18 13:59:46.069 13819 13819 I wm_on_destroy_called: [0,159446249,com.tencent.mtt.SplashActivity,performDestroy,0]
12-18 13:59:46.070 13819 13819 I wm_on_destroy_called: [0,124214710,com.tencent.mtt.MainActivity,performDestroy,0]
12-18 13:59:46.074  3325  3325 I wm_on_stop_called: [0,117436503,com.miui.home.launcher.Launcher,STOP_ACTIVITY_ITEM,6]
12-18 13:59:46.796  3325  3325 I wm_on_restart_called: [0,117436503,com.miui.home.launcher.Launcher,,0]
12-18 13:59:46.798  3325  3325 I wm_on_start_called: [0,117436503,com.miui.home.launcher.Launcher,handleStartActivity,2]
12-18 13:59:46.892  3325  3386 I com.miui.home: CheckGCForNative adj_start_bytes: 41478337 NativeAllocationGcWatermark: 11445132 java_gc_start_bytes: 24310639 kNewNativeDiscountFactor: 2 kOldNativeDiscountFactor: 65536 old_native_bytes: 75108247 new_native_bytes: 42454820 add_bytes_allowed: 34335396 is_gc_concurrent: 1 target_footprint_: 24452197 GetBytesAllocated: 17305609 HeapGrowthMultiplier: 3
12-18 13:59:46.892  3325  3386 I com.miui.home: CheckGCForNative gc_urgency 0.929019 current_native_bytes is 117563067
12-18 13:59:46.893  3325  3386 I com.miui.home: CheckGCForNative adj_start_bytes: 41478337 NativeAllocationGcWatermark: 11445132 java_gc_start_bytes: 24310639 kNewNativeDiscountFactor: 2 kOldNativeDiscountFactor: 65536 old_native_bytes: 75108247 new_native_bytes: 53161764 add_bytes_allowed: 34335396 is_gc_concurrent: 1 target_footprint_: 24452197 GetBytesAllocated: 17305801 HeapGrowthMultiplier: 3
12-18 13:59:46.893  3325  3386 I com.miui.home: CheckGCForNative gc_urgency 1.05809 current_native_bytes is 128270011
12-18 13:59:46.893  3325  3386 I com.miui.home: CheckGCForNative requested 1
12-18 13:59:46.894  3325  3994 I com.miui.home: CheckGCForNative adj_start_bytes: 41478337 NativeAllocationGcWatermark: 11445132 java_gc_start_bytes: 24310639 kNewNativeDiscountFactor: 2 kOldNativeDiscountFactor: 65536 old_native_bytes: 75108247 new_native_bytes: 53162340 add_bytes_allowed: 34335396 is_gc_concurrent: 1 target_footprint_: 24452197 GetBytesAllocated: 17306935 HeapGrowthMultiplier: 3
12-18 13:59:46.895  3325  3994 I com.miui.home: CheckGCForNative gc_urgency 1.05812 current_native_bytes is 128270587
12-18 13:59:46.895  3325  3994 I com.miui.home: CheckGCForNative requested 1
12-18 13:59:47.017  3325  3325 I com.miui.home: CheckGCForNative gc_urgency 0 current_native_bytes is 74610743
12-18 13:59:47.040  3325  3325 I com.miui.home: CheckGCForNative adj_start_bytes: 41401031 NativeAllocationGcWatermark: 11435891 java_gc_start_bytes: 24247195 kNewNativeDiscountFactor: 2 kOldNativeDiscountFactor: 65536 old_native_bytes: 74610743 new_native_bytes: 10400 add_bytes_allowed: 34307673 is_gc_concurrent: 1 target_footprint_: 24378267 GetBytesAllocated: 12238287 HeapGrowthMultiplier: 3
12-18 13:59:47.040  3325  3325 I com.miui.home: CheckGCForNative gc_urgency 0.295757 current_native_bytes is 74621143
12-18 13:59:47.373  3325  3325 I com.miui.home: CheckGCForNative adj_start_bytes: 41401031 NativeAllocationGcWatermark: 11435891 java_gc_start_bytes: 24247195 kNewNativeDiscountFactor: 2 kOldNativeDiscountFactor: 65536 old_native_bytes: 74610743 new_native_bytes: 330512 add_bytes_allowed: 34307673 is_gc_concurrent: 1 target_footprint_: 24378267 GetBytesAllocated: 12369359 HeapGrowthMultiplier: 3
12-18 13:59:47.373  3325  3325 I com.miui.home: CheckGCForNative gc_urgency 0.302788 current_native_bytes is 74941255
12-18 13:59:47.388 13950 13950 I wm_on_top_resumed_lost_called: [113663218,com.tencent.mtt.BlockActivity,topStateChangedWhenResumed]
12-18 13:59:47.420 13950 13950 I wm_on_paused_called: [0,113663218,com.tencent.mtt.BlockActivity,performPause,1]
12-18 13:59:47.425  3325  3325 I wm_on_resume_called: [0,117436503,com.miui.home.launcher.Launcher,RESUME_ACTIVITY,17]
12-18 13:59:47.432  3325  3325 I wm_on_idle_called: com.miui.home.launcher.Launcher
12-18 13:59:47.433  3325  3386 I com.miui.home: CheckGCForNative adj_start_bytes: 41401031 NativeAllocationGcWatermark: 11435891 java_gc_start_bytes: 24247195 kNewNativeDiscountFactor: 2 kOldNativeDiscountFactor: 65536 old_native_bytes: 74610743 new_native_bytes: 11040816 add_bytes_allowed: 34307673 is_gc_concurrent: 1 target_footprint_: 24378267 GetBytesAllocated: 12636338 HeapGrowthMultiplier: 3
12-18 13:59:47.433  3325  3386 I com.miui.home: CheckGCForNative gc_urgency 0.438585 current_native_bytes is 85651559
12-18 13:59:47.435  3325  3325 I com.miui.home: CheckGCForNative adj_start_bytes: 41401031 NativeAllocationGcWatermark: 11435891 java_gc_start_bytes: 24247195 kNewNativeDiscountFactor: 2 kOldNativeDiscountFactor: 65536 old_native_bytes: 74610743 new_native_bytes: 21748464 add_bytes_allowed: 34307673 is_gc_concurrent: 1 target_footprint_: 24378267 GetBytesAllocated: 12641619 HeapGrowthMultiplier: 3
12-18 13:59:47.435  3325  3325 I com.miui.home: CheckGCForNative gc_urgency 0.568029 current_native_bytes is 96359207
12-18 13:59:47.452  3325  3325 I wm_on_top_resumed_gained_called: [117436503,com.miui.home.launcher.Launcher,topStateChangedWhenResumed]
12-18 13:59:47.547 13950 13950 I wm_on_stop_called: [0,113663218,com.tencent.mtt.BlockActivity,STOP_ACTIVITY_ITEM,72]
12-18 13:59:47.800  3325  3325 I wm_on_top_resumed_lost_called: [117436503,com.miui.home.launcher.Launcher,topStateChangedWhenResumed]
12-18 13:59:47.807  3325  3325 I wm_on_paused_called: [0,117436503,com.miui.home.launcher.Launcher,performPause,2]
12-18 13:59:48.526 14068 14068 I wm_on_application_create_called: [0,com.youku.phone,282]
12-18 13:59:48.698 14068 14068 I wm_on_create_called: [0,150280140,com.youku.phone.ActivityWelcome,performCreate,87]
12-18 13:59:48.935 14068 14068 I wm_on_create_called: [0,175865821,com.youku.v2.HomePageEntry,performCreate,104]
12-18 13:59:49.083 14068 14068 I wm_on_start_called: [0,175865821,com.youku.v2.HomePageEntry,handleStartActivity,147]
12-18 13:59:49.145 14068 14068 I wm_on_resume_called: [0,175865821,com.youku.v2.HomePageEntry,RESUME_ACTIVITY,34]
12-18 13:59:49.160 14068 14068 I wm_on_top_resumed_gained_called: [175865821,com.youku.v2.HomePageEntry,topStateChangedWhenResumed]
12-18 13:59:49.800  3325  3994 I com.miui.home: CheckGCForNative adj_start_bytes: 41401031 NativeAllocationGcWatermark: 11435891 java_gc_start_bytes: 24247195 kNewNativeDiscountFactor: 2 kOldNativeDiscountFactor: 65536 old_native_bytes: 74610743 new_native_bytes: 21368380 add_bytes_allowed: 34307673 is_gc_concurrent: 1 target_footprint_: 24378267 GetBytesAllocated: 14792341 HeapGrowthMultiplier: 3
12-18 13:59:49.802  3325  3994 I com.miui.home: CheckGCForNative gc_urgency 0.615387 current_native_bytes is 95979123
12-18 13:59:49.803  3325  3994 I com.miui.home: CheckGCForNative adj_start_bytes: 41401031 NativeAllocationGcWatermark: 11435891 java_gc_start_bytes: 24247195 kNewNativeDiscountFactor: 2 kOldNativeDiscountFactor: 65536 old_native_bytes: 74610743 new_native_bytes: 32075324 add_bytes_allowed: 34307673 is_gc_concurrent: 1 target_footprint_: 24378267 GetBytesAllocated: 14800669 HeapGrowthMultiplier: 3
12-18 13:59:49.803  3325  3994 I com.miui.home: CheckGCForNative gc_urgency 0.744896 current_native_bytes is 106686067
12-18 13:59:49.806  3325  3993 I com.miui.home: CheckGCForNative adj_start_bytes: 41401031 NativeAllocationGcWatermark: 11435891 java_gc_start_bytes: 24247195 kNewNativeDiscountFactor: 2 kOldNativeDiscountFactor: 65536 old_native_bytes: 74610743 new_native_bytes: 32075324 add_bytes_allowed: 34307673 is_gc_concurrent: 1 target_footprint_: 24378267 GetBytesAllocated: 14817053 HeapGrowthMultiplier: 3
12-18 13:59:49.806  3325  3993 I com.miui.home: CheckGCForNative gc_urgency 0.745292 current_native_bytes is 106686067
12-18 13:59:49.908  3325  3325 I com.miui.home: CheckGCForNative adj_start_bytes: 41401031 NativeAllocationGcWatermark: 11435891 java_gc_start_bytes: 24247195 kNewNativeDiscountFactor: 2 kOldNativeDiscountFactor: 65536 old_native_bytes: 74610743 new_native_bytes: 21435612 add_bytes_allowed: 34307673 is_gc_concurrent: 1 target_footprint_: 24378267 GetBytesAllocated: 14868794 HeapGrowthMultiplier: 3
12-18 13:59:49.908  3325  3325 I com.miui.home: CheckGCForNative gc_urgency 0.618046 current_native_bytes is 96046355
12-18 13:59:50.008  3325  3325 I com.miui.home: CheckGCForNative adj_start_bytes: 41401031 NativeAllocationGcWatermark: 11435891 java_gc_start_bytes: 24247195 kNewNativeDiscountFactor: 2 kOldNativeDiscountFactor: 65536 old_native_bytes: 74610743 new_native_bytes: 21529948 add_bytes_allowed: 34307673 is_gc_concurrent: 1 target_footprint_: 24378267 GetBytesAllocated: 14905122 HeapGrowthMultiplier: 3
12-18 13:59:50.008  3325  3325 I com.miui.home: CheckGCForNative gc_urgency 0.620063 current_native_bytes is 96140691
12-18 13:59:50.393  3325  3325 I wm_on_resume_called: [0,117436503,com.miui.home.launcher.Launcher,RESUME_ACTIVITY,19]
12-18 13:59:50.428  3325  3325 I wm_on_idle_called: com.miui.home.launcher.Launcher
12-18 13:59:50.467  3325  3674 I com.miui.home: CheckGCForNative adj_start_bytes: 41401031 NativeAllocationGcWatermark: 11435891 java_gc_start_bytes: 24247195 kNewNativeDiscountFactor: 2 kOldNativeDiscountFactor: 65536 old_native_bytes: 74610743 new_native_bytes: 21817984 add_bytes_allowed: 34307673 is_gc_concurrent: 1 target_footprint_: 24378267 GetBytesAllocated: 15374595 HeapGrowthMultiplier: 3
12-18 13:59:50.467  3325  3674 I com.miui.home: CheckGCForNative gc_urgency 0.634881 current_native_bytes is 96428727
12-18 13:59:50.521  3325  3994 I com.miui.home: CheckGCForNative adj_start_bytes: 41401031 NativeAllocationGcWatermark: 11435891 java_gc_start_bytes: 24247195 kNewNativeDiscountFactor: 2 kOldNativeDiscountFactor: 65536 old_native_bytes: 74610743 new_native_bytes: 32522304 add_bytes_allowed: 34307673 is_gc_concurrent: 1 target_footprint_: 24378267 GetBytesAllocated: 15515069 HeapGrowthMultiplier: 3
12-18 13:59:50.522  3325  3994 I com.miui.home: CheckGCForNative gc_urgency 0.76755 current_native_bytes is 107133047
12-18 13:59:50.571  3325  3325 I com.miui.home: CheckGCForNative adj_start_bytes: 41401031 NativeAllocationGcWatermark: 11435891 java_gc_start_bytes: 24247195 kNewNativeDiscountFactor: 2 kOldNativeDiscountFactor: 65536 old_native_bytes: 74610743 new_native_bytes: 43315648 add_bytes_allowed: 34307673 is_gc_concurrent: 1 target_footprint_: 24378267 GetBytesAllocated: 15587464 HeapGrowthMultiplier: 3
12-18 13:59:50.571  3325  3325 I com.miui.home: CheckGCForNative gc_urgency 0.89965 current_native_bytes is 117926391
12-18 13:59:50.576  3325  3325 I wm_on_paused_called: [0,117436503,com.miui.home.launcher.Launcher,performPause,2]
12-18 13:59:51.517 14519 14519 I wm_on_create_called: [0,70220165,com.ucpro.MainActivity,performCreate,50]
12-18 13:59:51.996 14519 14519 I wm_on_create_called: [0,125161034,com.ucpro.BrowserActivity,performCreate,404]
12-18 13:59:52.000 14519 14519 I wm_on_start_called: [0,125161034,com.ucpro.BrowserActivity,handleStartActivity,4]
12-18 13:59:52.012 14519 14519 I wm_on_resume_called: [0,125161034,com.ucpro.BrowserActivity,RESUME_ACTIVITY,10]
12-18 13:59:52.041 14519 14519 I wm_on_top_resumed_gained_called: [125161034,com.ucpro.BrowserActivity,topStateChangedWhenResumed]
12-18 13:59:52.611  3325  3325 I wm_on_stop_called: [0,117436503,com.miui.home.launcher.Launcher,STOP_ACTIVITY_ITEM,12]
12-18 13:59:52.785 14519 14519 I wm_on_destroy_called: [0,70220165,com.ucpro.MainActivity,performDestroy,1]
12-18 13:59:52.856  3325  3325 I wm_on_restart_called: [0,117436503,com.miui.home.launcher.Launcher,,0]
12-18 13:59:52.858  3325  3325 I wm_on_start_called: [0,117436503,com.miui.home.launcher.Launcher,handleStartActivity,2]
12-18 13:59:52.910  3325  3325 I com.miui.home: CheckGCForNative adj_start_bytes: 41401031 NativeAllocationGcWatermark: 11435891 java_gc_start_bytes: 24247195 kNewNativeDiscountFactor: 2 kOldNativeDiscountFactor: 65536 old_native_bytes: 74610743 new_native_bytes: 32210004 add_bytes_allowed: 34307673 is_gc_concurrent: 1 target_footprint_: 24378267 GetBytesAllocated: 17360236 HeapGrowthMultiplier: 3
12-18 13:59:52.910  3325  3325 I com.miui.home: CheckGCForNative gc_urgency 0.808346 current_native_bytes is 106820747
12-18 13:59:53.032  3325  7793 I com.miui.home: CheckGCForNative adj_start_bytes: 41401031 NativeAllocationGcWatermark: 11435891 java_gc_start_bytes: 24247195 kNewNativeDiscountFactor: 2 kOldNativeDiscountFactor: 65536 old_native_bytes: 74610743 new_native_bytes: 42997588 add_bytes_allowed: 34307673 is_gc_concurrent: 1 target_footprint_: 24378267 GetBytesAllocated: 17419364 HeapGrowthMultiplier: 3
12-18 13:59:53.032  3325  7793 I com.miui.home: CheckGCForNative gc_urgency 0.940056 current_native_bytes is 117608331
12-18 13:59:53.033  3325  3993 I com.miui.home: CheckGCForNative adj_start_bytes: 41401031 NativeAllocationGcWatermark: 11435891 java_gc_start_bytes: 24247195 kNewNativeDiscountFactor: 2 kOldNativeDiscountFactor: 65536 old_native_bytes: 74610743 new_native_bytes: 53703508 add_bytes_allowed: 34307673 is_gc_concurrent: 1 target_footprint_: 24378267 GetBytesAllocated: 17419556 HeapGrowthMultiplier: 3
12-18 13:59:53.033  3325  3993 I com.miui.home: CheckGCForNative gc_urgency 1.06936 current_native_bytes is 128314251
12-18 13:59:53.033  3325  3325 I com.miui.home: CheckGCForNative adj_start_bytes: 41401031 NativeAllocationGcWatermark: 11435891 java_gc_start_bytes: 24247195 kNewNativeDiscountFactor: 2 kOldNativeDiscountFactor: 65536 old_native_bytes: 74610743 new_native_bytes: 64410452 add_bytes_allowed: 34307673 is_gc_concurrent: 1 target_footprint_: 24378267 GetBytesAllocated: 17419556 HeapGrowthMultiplier: 3
12-18 13:59:53.033  3325  3325 I com.miui.home: CheckGCForNative gc_urgency 1.19866 current_native_bytes is 139021195
12-18 13:59:53.033  3325  3325 I com.miui.home: CheckGCForNative requested 1
12-18 13:59:53.035  3325  3993 I com.miui.home: CheckGCForNative requested 1
12-18 13:59:53.144  3325  3375 I com.miui.home: NativeAlloc concurrent copying GC freed 105867(4383KB) AllocSpace objects, 28(784KB) LOS objects, 49% free, 11MB/23MB, paused 72us,126us total 110.790ms
12-18 13:59:53.238  3325  3325 I com.miui.home: CheckGCForNative gc_urgency 0 current_native_bytes is 74646687
12-18 13:59:53.587  3325  3325 I wm_on_resume_called: [0,117436503,com.miui.home.launcher.Launcher,RESUME_ACTIVITY,19]
12-18 13:59:53.593  3325  3325 I wm_on_idle_called: com.miui.home.launcher.Launcher
12-18 13:59:53.613  3325  7793 I com.miui.home: CheckGCForNative adj_start_bytes: 41454916 NativeAllocationGcWatermark: 11441563 java_gc_start_bytes: 24292572 kNewNativeDiscountFactor: 2 kOldNativeDiscountFactor: 65536 old_native_bytes: 74646687 new_native_bytes: 10842400 add_bytes_allowed: 34324689 is_gc_concurrent: 1 target_footprint_: 24423644 GetBytesAllocated: 12678973 HeapGrowthMultiplier: 3
12-18 13:59:53.613  3325  7793 I com.miui.home: CheckGCForNative gc_urgency 0.436651 current_native_bytes is 85489087
12-18 13:59:53.625  3325  3325 I com.miui.home: CheckGCForNative adj_start_bytes: 41454916 NativeAllocationGcWatermark: 11441563 java_gc_start_bytes: 24292572 kNewNativeDiscountFactor: 2 kOldNativeDiscountFactor: 65536 old_native_bytes: 74646687 new_native_bytes: 21549920 add_bytes_allowed: 34324689 is_gc_concurrent: 1 target_footprint_: 24423644 GetBytesAllocated: 12726022 HeapGrowthMultiplier: 3
12-18 13:59:53.625  3325  3325 I com.miui.home: CheckGCForNative gc_urgency 0.566932 current_native_bytes is 96196607
12-18 13:59:54.044  3325  3325 I wm_on_top_resumed_gained_called: [117436503,com.miui.home.launcher.Launcher,topStateChangedWhenResumed]
12-18 13:59:54.286 14519 14519 I wm_on_top_resumed_lost_called: [125161034,com.ucpro.BrowserActivity,topStateChangedWhenResumed]
12-18 13:59:54.324 14519 14519 I wm_on_paused_called: [0,125161034,com.ucpro.BrowserActivity,performPause,36]
12-18 13:59:54.645  3325  3771 I com.miui.home: CheckGCForNative adj_start_bytes: 41454916 NativeAllocationGcWatermark: 11441563 java_gc_start_bytes: 24292572 kNewNativeDiscountFactor: 2 kOldNativeDiscountFactor: 65536 old_native_bytes: 74646687 new_native_bytes: 10797400 add_bytes_allowed: 34324689 is_gc_concurrent: 1 target_footprint_: 24423644 GetBytesAllocated: 13428121 HeapGrowthMultiplier: 3
12-18 13:59:54.645  3325  3771 I com.miui.home: CheckGCForNative gc_urgency 0.454179 current_native_bytes is 85444087
12-18 13:59:54.789 14519 14519 I wm_on_stop_called: [0,125161034,com.ucpro.BrowserActivity,STOP_ACTIVITY_ITEM,38]
12-18 13:59:55.451 14519 14519 I wm_on_idle_called: com.ucpro.BrowserActivity